MemTotal:       12113136 kB
MemFree:          438448 kB
MemAvailable:    7914548 kB
Buffers:            6556 kB
Cached:          7830316 kB
SwapCached:            0 kB
Active:          2114272 kB
Inactive:        6987544 kB
Active(anon):    1174460 kB
Inactive(anon):   129688 kB
Active(file):     939812 kB
Inactive(file):  6857856 kB
Unevictable:        5716 kB
Mlocked:            5716 kB
SwapTotal:       3145724 kB
SwapFree:        3145724 kB
Dirty:              1308 kB
Writeback:             0 kB
AnonPages:       1270512 kB
Mapped:           773392 kB
Shmem:             34536 kB
KReclaimable:     547136 kB
Slab:             225964 kB
SReclaimable:      79156 kB
SUnreclaim:       146808 kB
KernelStack:       47492 kB
PageTables:        64540 kB
NFS_Unstable:          0 kB
Bounce:                0 kB
WritebackTmp:          0 kB
CommitLimit:     9202292 kB
Committed_AS:   68819264 kB
VmallocTotal:   263061440 kB
VmallocUsed:      104464 kB
VmallocChunk:          0 kB
Percpu:             7648 kB
CmaTotal:         294912 kB
CmaFree:               0 kB
MemTotal:       12113136 kB
MemFree:          433048 kB
MemAvailable:    7909224 kB
Buffers:            6556 kB
Cached:          7830392 kB
SwapCached:            0 kB
Active:          2119996 kB
Inactive:        6987584 kB
Active(anon):    1180148 kB
Inactive(anon):   129688 kB
Active(file):     939848 kB
Inactive(file):  6857896 kB
Unevictable:        5716 kB
Mlocked:            5716 kB
SwapTotal:       3145724 kB
SwapFree:        3145724 kB
Dirty:              1408 kB
Writeback:             0 kB
AnonPages:       1276136 kB
Mapped:           773392 kB
Shmem:             34536 kB
KReclaimable:     547136 kB
Slab:             225964 kB
SReclaimable:      79156 kB
SUnreclaim:       146808 kB
KernelStack:       47520 kB
PageTables:        64192 kB
NFS_Unstable:          0 kB
Bounce:                0 kB
WritebackTmp:          0 kB
CommitLimit:     9202292 kB
Committed_AS:   68818460 kB
VmallocTotal:   263061440 kB
VmallocUsed:      104448 kB
VmallocChunk:          0 kB
Percpu:             7648 kB
CmaTotal:         294912 kB
CmaFree:               0 kB
MemTotal:       12113136 kB
MemFree:          433204 kB
MemAvailable:    7909388 kB
Buffers:            6556 kB
Cached:          7830400 kB
SwapCached:            0 kB
Active:          2120548 kB
Inactive:        6987592 kB
Active(anon):    1180700 kB
Inactive(anon):   129688 kB
Active(file):     939848 kB
Inactive(file):  6857904 kB
Unevictable:        5716 kB
Mlocked:            5716 kB
SwapTotal:       3145724 kB
SwapFree:        3145724 kB
Dirty:              1444 kB
Writeback:             0 kB
AnonPages:       1276748 kB
Mapped:           773392 kB
Shmem:             34536 kB
KReclaimable:     547136 kB
Slab:             225972 kB
SReclaimable:      79156 kB
SUnreclaim:       146816 kB
KernelStack:       47472 kB
PageTables:        64256 kB
NFS_Unstable:          0 kB
Bounce:                0 kB
WritebackTmp:          0 kB
CommitLimit:     9202292 kB
Committed_AS:   68818056 kB
VmallocTotal:   263061440 kB
VmallocUsed:      104496 kB
VmallocChunk:          0 kB
Percpu:             7648 kB
CmaTotal:         294912 kB
CmaFree:               0 kB
MemTotal:       12113136 kB
MemFree:          433384 kB
MemAvailable:    7909576 kB
Buffers:            6556 kB
Cached:          7830408 kB
SwapCached:            0 kB
Active:          2121200 kB
Inactive:        6987600 kB
Active(anon):    1181352 kB
Inactive(anon):   129688 kB
Active(file):     939848 kB
Inactive(file):  6857912 kB
Unevictable:        5716 kB
Mlocked:            5716 kB
SwapTotal:       3145724 kB
SwapFree:        3145724 kB
Dirty:              1456 kB
Writeback:             0 kB
AnonPages:       1277804 kB
Mapped:           773392 kB
Shmem:             34536 kB
KReclaimable:     547136 kB
Slab:             225972 kB
SReclaimable:      79156 kB
SUnreclaim:       146816 kB
KernelStack:       47484 kB
PageTables:        64304 kB
NFS_Unstable:          0 kB
Bounce:                0 kB
WritebackTmp:          0 kB
CommitLimit:     9202292 kB
Committed_AS:   68826304 kB
VmallocTotal:   263061440 kB
VmallocUsed:      104416 kB
VmallocChunk:          0 kB
Percpu:             7648 kB
CmaTotal:         294912 kB
CmaFree:               0 kB
MemTotal:       12113136 kB
MemFree:          452596 kB
MemAvailable:    7928812 kB
Buffers:            6556 kB
Cached:          7830432 kB
SwapCached:            0 kB
Active:          2096968 kB
Inactive:        6987624 kB
Active(anon):    1157120 kB
Inactive(anon):   129688 kB
Active(file):     939848 kB
Inactive(file):  6857936 kB
Unevictable:        5716 kB
Mlocked:            5716 kB
SwapTotal:       3145724 kB
SwapFree:        3145724 kB
Dirty:              1540 kB
Writeback:             0 kB
AnonPages:       1253316 kB
Mapped:           773392 kB
Shmem:             34536 kB
KReclaimable:     547136 kB
Slab:             225972 kB
SReclaimable:      79156 kB
SUnreclaim:       146816 kB
KernelStack:       47456 kB
PageTables:        63992 kB
NFS_Unstable:          0 kB
Bounce:                0 kB
WritebackTmp:          0 kB
CommitLimit:     9202292 kB
Committed_AS:   68829432 kB
VmallocTotal:   263061440 kB
VmallocUsed:      104464 kB
VmallocChunk:          0 kB
Percpu:             7648 kB
CmaTotal:         294912 kB
CmaFree:               0 kB
MemTotal:       12113136 kB
MemFree:          458572 kB
MemAvailable:    7934796 kB
Buffers:            6556 kB
Cached:          7830440 kB
SwapCached:            0 kB
Active:          2094576 kB
Inactive:        6987632 kB
Active(anon):    1154728 kB
Inactive(anon):   129688 kB
Active(file):     939848 kB
Inactive(file):  6857944 kB
Unevictable:        5716 kB
Mlocked:            5716 kB
SwapTotal:       3145724 kB
SwapFree:        3145724 kB
Dirty:              1652 kB
Writeback:             0 kB
AnonPages:       1250448 kB
Mapped:           773392 kB
Shmem:             34536 kB
KReclaimable:     547136 kB
Slab:             225972 kB
SReclaimable:      79156 kB
SUnreclaim:       146816 kB
KernelStack:       47520 kB
PageTables:        64340 kB
NFS_Unstable:          0 kB
Bounce:                0 kB
WritebackTmp:          0 kB
CommitLimit:     9202292 kB
Committed_AS:   68822328 kB
VmallocTotal:   263061440 kB
VmallocUsed:      104448 kB
VmallocChunk:          0 kB
Percpu:             7648 kB
CmaTotal:         294912 kB
CmaFree:               0 kB
MemTotal:       12113136 kB
MemFree:          429080 kB
MemAvailable:    7905316 kB
Buffers:            6556 kB
Cached:          7830452 kB
SwapCached:            0 kB
Active:          2125104 kB
Inactive:        6987644 kB
Active(anon):    1185256 kB
Inactive(anon):   129688 kB
Active(file):     939848 kB
Inactive(file):  6857956 kB
Unevictable:        5716 kB
Mlocked:            5716 kB
SwapTotal:       3145724 kB
SwapFree:        3145724 kB
Dirty:               988 kB
Writeback:             0 kB
AnonPages:       1281732 kB
Mapped:           773392 kB
Shmem:             34536 kB
KReclaimable:     547136 kB
Slab:             225944 kB
SReclaimable:      79156 kB
SUnreclaim:       146788 kB
KernelStack:       47520 kB
PageTables:        64384 kB
NFS_Unstable:          0 kB
Bounce:                0 kB
WritebackTmp:          0 kB
CommitLimit:     9202292 kB
Committed_AS:   68823920 kB
VmallocTotal:   263061440 kB
VmallocUsed:      104464 kB
VmallocChunk:          0 kB
Percpu:             7648 kB
CmaTotal:         294912 kB
CmaFree:               0 kB
MemTotal:       12113136 kB
MemFree:          447476 kB
MemAvailable:    7923724 kB
Buffers:            6556 kB
Cached:          7830464 kB
SwapCached:            0 kB
Active:          2103928 kB
Inactive:        6987656 kB
Active(anon):    1164080 kB
Inactive(anon):   129688 kB
Active(file):     939848 kB
Inactive(file):  6857968 kB
Unevictable:        5716 kB
Mlocked:            5716 kB
SwapTotal:       3145724 kB
SwapFree:        3145724 kB
Dirty:              1028 kB
Writeback:             0 kB
AnonPages:       1259940 kB
Mapped:           773396 kB
Shmem:             34536 kB
KReclaimable:     547136 kB
Slab:             225944 kB
SReclaimable:      79156 kB
SUnreclaim:       146788 kB
KernelStack:       47488 kB
PageTables:        64176 kB
NFS_Unstable:          0 kB
Bounce:                0 kB
WritebackTmp:          0 kB
CommitLimit:     9202292 kB
Committed_AS:   68810880 kB
VmallocTotal:   263061440 kB
VmallocUsed:      104448 kB
VmallocChunk:          0 kB
Percpu:             7648 kB
CmaTotal:         294912 kB
CmaFree:               0 kB
MemTotal:       12113136 kB
MemFree:          447312 kB
MemAvailable:    7923576 kB
Buffers:            6556 kB
Cached:          7830484 kB
SwapCached:            0 kB
Active:          2103984 kB
Inactive:        6987676 kB
Active(anon):    1164136 kB
Inactive(anon):   129692 kB
Active(file):     939848 kB
Inactive(file):  6857984 kB
Unevictable:        5716 kB
Mlocked:            5716 kB
SwapTotal:       3145724 kB
SwapFree:        3145724 kB
Dirty:              1080 kB
Writeback:             0 kB
AnonPages:       1260300 kB
Mapped:           773396 kB
Shmem:             34540 kB
KReclaimable:     547136 kB
Slab:             225936 kB
SReclaimable:      79156 kB
SUnreclaim:       146780 kB
KernelStack:       47488 kB
PageTables:        64288 kB
NFS_Unstable:          0 kB
Bounce:                0 kB
WritebackTmp:          0 kB
CommitLimit:     9202292 kB
Committed_AS:   68819152 kB
VmallocTotal:   263061440 kB
VmallocUsed:      104480 kB
VmallocChunk:          0 kB
Percpu:             7648 kB
CmaTotal:         294912 kB
CmaFree:               0 kB
MemTotal:       12113136 kB
MemFree:          447084 kB
MemAvailable:    7923360 kB
Buffers:            6556 kB
Cached:          7830688 kB
SwapCached:            0 kB
Active:          2105128 kB
Inactive:        6987880 kB
Active(anon):    1165280 kB
Inactive(anon):   129884 kB
Active(file):     939848 kB
Inactive(file):  6857996 kB
Unevictable:        5716 kB
Mlocked:            5716 kB
SwapTotal:       3145724 kB
SwapFree:        3145724 kB
Dirty:              1096 kB
Writeback:             0 kB
AnonPages:       1261756 kB
Mapped:           773396 kB
Shmem:             34732 kB
KReclaimable:     547136 kB
Slab:             225936 kB
SReclaimable:      79156 kB
SUnreclaim:       146780 kB
KernelStack:       47472 kB
PageTables:        64236 kB
NFS_Unstable:          0 kB
Bounce:                0 kB
WritebackTmp:          0 kB
CommitLimit:     9202292 kB
Committed_AS:   68815452 kB
VmallocTotal:   263061440 kB
VmallocUsed:      104496 kB
VmallocChunk:          0 kB
Percpu:             7648 kB
CmaTotal:         294912 kB
CmaFree:               0 kB
MemTotal:       12113136 kB
MemFree:          427912 kB
MemAvailable:    7904228 kB
Buffers:            6560 kB
Cached:          7830724 kB
SwapCached:            0 kB
Active:          2124184 kB
Inactive:        6987912 kB
Active(anon):    1184328 kB
Inactive(anon):   129884 kB
Active(file):     939856 kB
Inactive(file):  6858028 kB
Unevictable:        5716 kB
Mlocked:            5716 kB
SwapTotal:       3145724 kB
SwapFree:        3145724 kB
Dirty:              1104 kB
Writeback:             0 kB
AnonPages:       1280584 kB
Mapped:           773396 kB
Shmem:             34732 kB
KReclaimable:     547136 kB
Slab:             225936 kB
SReclaimable:      79156 kB
SUnreclaim:       146780 kB
KernelStack:       47504 kB
PageTables:        64308 kB
NFS_Unstable:          0 kB
Bounce:                0 kB
WritebackTmp:          0 kB
CommitLimit:     9202292 kB
Committed_AS:   68811224 kB
VmallocTotal:   263061440 kB
VmallocUsed:      104416 kB
VmallocChunk:          0 kB
Percpu:             7648 kB
CmaTotal:         294912 kB
CmaFree:               0 kB
MemTotal:       12113136 kB
MemFree:          427096 kB
MemAvailable:    7903416 kB
Buffers:            6560 kB
Cached:          7830728 kB
SwapCached:            0 kB
Active:          2124848 kB
Inactive:        6987920 kB
Active(anon):    1184996 kB
Inactive(anon):   129884 kB
Active(file):     939852 kB
Inactive(file):  6858036 kB
Unevictable:        5716 kB
Mlocked:            5716 kB
SwapTotal:       3145724 kB
SwapFree:        3145724 kB
Dirty:               956 kB
Writeback:             0 kB
AnonPages:       1280716 kB
Mapped:           773408 kB
Shmem:             34732 kB
KReclaimable:     547136 kB
Slab:             225944 kB
SReclaimable:      79156 kB
SUnreclaim:       146788 kB
KernelStack:       47456 kB
PageTables:        64276 kB
NFS_Unstable:          0 kB
Bounce:                0 kB
WritebackTmp:          0 kB
CommitLimit:     9202292 kB
Committed_AS:   68809800 kB
VmallocTotal:   263061440 kB
VmallocUsed:      104480 kB
VmallocChunk:          0 kB
Percpu:             7648 kB
CmaTotal:         294912 kB
CmaFree:              20 kB
MemTotal:       12113136 kB
MemFree:          427020 kB
MemAvailable:    7903360 kB
Buffers:            6560 kB
Cached:          7830752 kB
SwapCached:            0 kB
Active:          2125704 kB
Inactive:        6987944 kB
Active(anon):    1185852 kB
Inactive(anon):   129888 kB
Active(file):     939852 kB
Inactive(file):  6858056 kB
Unevictable:        5716 kB
Mlocked:            5716 kB
SwapTotal:       3145724 kB
SwapFree:        3145724 kB
Dirty:               980 kB
Writeback:             0 kB
AnonPages:       1282128 kB
Mapped:           773400 kB
Shmem:             34736 kB
KReclaimable:     547136 kB
Slab:             225944 kB
SReclaimable:      79156 kB
SUnreclaim:       146788 kB
KernelStack:       47456 kB
PageTables:        64144 kB
NFS_Unstable:          0 kB
Bounce:                0 kB
WritebackTmp:          0 kB
CommitLimit:     9202292 kB
Committed_AS:   68810548 kB
VmallocTotal:   263061440 kB
VmallocUsed:      104464 kB
VmallocChunk:          0 kB
Percpu:             7648 kB
CmaTotal:         294912 kB
CmaFree:               0 kB
MemTotal:       12113136 kB
MemFree:          425264 kB
MemAvailable:    7901612 kB
Buffers:            6560 kB
Cached:          7830760 kB
SwapCached:            0 kB
Active:          2126640 kB
Inactive:        6987952 kB
Active(anon):    1186788 kB
Inactive(anon):   129888 kB
Active(file):     939852 kB
Inactive(file):  6858064 kB
Unevictable:        5716 kB
Mlocked:            5716 kB
SwapTotal:       3145724 kB
SwapFree:        3145724 kB
Dirty:              1016 kB
Writeback:             0 kB
AnonPages:       1283076 kB
Mapped:           773488 kB
Shmem:             34736 kB
KReclaimable:     547136 kB
Slab:             225928 kB
SReclaimable:      79156 kB
SUnreclaim:       146772 kB
KernelStack:       47472 kB
PageTables:        64200 kB
NFS_Unstable:          0 kB
Bounce:                0 kB
WritebackTmp:          0 kB
CommitLimit:     9202292 kB
Committed_AS:   68810496 kB
VmallocTotal:   263061440 kB
VmallocUsed:      104480 kB
VmallocChunk:          0 kB
Percpu:             7648 kB
CmaTotal:         294912 kB
CmaFree:               0 kB
MemTotal:       12113136 kB
MemFree:          424480 kB
MemAvailable:    7900948 kB
Buffers:            6560 kB
Cached:          7830884 kB
SwapCached:            0 kB
Active:          2127328 kB
Inactive:        6988076 kB
Active(anon):    1187476 kB
Inactive(anon):   129892 kB
Active(file):     939852 kB
Inactive(file):  6858184 kB
Unevictable:        5716 kB
Mlocked:            5716 kB
SwapTotal:       3145724 kB
SwapFree:        3145724 kB
Dirty:              1236 kB
Writeback:             0 kB
AnonPages:       1283260 kB
Mapped:           773512 kB
Shmem:             34740 kB
KReclaimable:     547136 kB
Slab:             225936 kB
SReclaimable:      79156 kB
SUnreclaim:       146780 kB
KernelStack:       47524 kB
PageTables:        64164 kB
NFS_Unstable:          0 kB
Bounce:                0 kB
WritebackTmp:          0 kB
CommitLimit:     9202292 kB
Committed_AS:   68808808 kB
VmallocTotal:   263061440 kB
VmallocUsed:      104512 kB
VmallocChunk:          0 kB
Percpu:             7648 kB
CmaTotal:         294912 kB
CmaFree:               0 kB
MemTotal:       12113136 kB
MemFree:          423336 kB
MemAvailable:    7899816 kB
Buffers:            6560 kB
Cached:          7830896 kB
SwapCached:            0 kB
Active:          2128112 kB
Inactive:        6988088 kB
Active(anon):    1188260 kB
Inactive(anon):   129892 kB
Active(file):     939852 kB
Inactive(file):  6858196 kB
Unevictable:        5716 kB
Mlocked:            5716 kB
SwapTotal:       3145724 kB
SwapFree:        3145724 kB
Dirty:              1056 kB
Writeback:             0 kB
AnonPages:       1284596 kB
Mapped:           773404 kB
Shmem:             34740 kB
KReclaimable:     547136 kB
Slab:             225944 kB
SReclaimable:      79156 kB
SUnreclaim:       146788 kB
KernelStack:       47488 kB
PageTables:        64220 kB
NFS_Unstable:          0 kB
Bounce:                0 kB
WritebackTmp:          0 kB
CommitLimit:     9202292 kB
Committed_AS:   68814284 kB
VmallocTotal:   263061440 kB
VmallocUsed:      104496 kB
VmallocChunk:          0 kB
Percpu:             7648 kB
CmaTotal:         294912 kB
CmaFree:               0 kB
MemTotal:       12113136 kB
MemFree:          423064 kB
MemAvailable:    7899560 kB
Buffers:            6560 kB
Cached:          7830912 kB
SwapCached:            0 kB
Active:          2128856 kB
Inactive:        6988104 kB
Active(anon):    1189004 kB
Inactive(anon):   129892 kB
Active(file):     939852 kB
Inactive(file):  6858212 kB
Unevictable:        5716 kB
Mlocked:            5716 kB
SwapTotal:       3145724 kB
SwapFree:        3145724 kB
Dirty:              1088 kB
Writeback:             0 kB
AnonPages:       1285232 kB
Mapped:           773404 kB
Shmem:             34740 kB
KReclaimable:     547136 kB
Slab:             225944 kB
SReclaimable:      79156 kB
SUnreclaim:       146788 kB
KernelStack:       47488 kB
PageTables:        64216 kB
NFS_Unstable:          0 kB
Bounce:                0 kB
WritebackTmp:          0 kB
CommitLimit:     9202292 kB
Committed_AS:   68813148 kB
VmallocTotal:   263061440 kB
VmallocUsed:      104480 kB
VmallocChunk:          0 kB
Percpu:             7648 kB
CmaTotal:         294912 kB
CmaFree:               0 kB
MemTotal:       12113136 kB
MemFree:          422764 kB
MemAvailable:    7899268 kB
Buffers:            6560 kB
Cached:          7830920 kB
SwapCached:            0 kB
Active:          2129096 kB
Inactive:        6988112 kB
Active(anon):    1189244 kB
Inactive(anon):   129892 kB
Active(file):     939852 kB
Inactive(file):  6858220 kB
Unevictable:        5716 kB
Mlocked:            5716 kB
SwapTotal:       3145724 kB
SwapFree:        3145724 kB
Dirty:              1104 kB
Writeback:             0 kB
AnonPages:       1285220 kB
Mapped:           773408 kB
Shmem:             34740 kB
KReclaimable:     547136 kB
Slab:             225928 kB
SReclaimable:      79156 kB
SUnreclaim:       146772 kB
KernelStack:       47504 kB
PageTables:        64128 kB
NFS_Unstable:          0 kB
Bounce:                0 kB
WritebackTmp:          0 kB
CommitLimit:     9202292 kB
Committed_AS:   68811288 kB
VmallocTotal:   263061440 kB
VmallocUsed:      104464 kB
VmallocChunk:          0 kB
Percpu:             7648 kB
CmaTotal:         294912 kB
CmaFree:               0 kB
MemTotal:       12113136 kB
MemFree:          420832 kB
MemAvailable:    7897320 kB
Buffers:            6560 kB
Cached:          7830904 kB
SwapCached:            0 kB
Active:          2129940 kB
Inactive:        6988100 kB
Active(anon):    1190092 kB
Inactive(anon):   129892 kB
Active(file):     939848 kB
Inactive(file):  6858208 kB
Unevictable:        5716 kB
Mlocked:            5716 kB
SwapTotal:       3145724 kB
SwapFree:        3145724 kB
Dirty:              1116 kB
Writeback:             0 kB
AnonPages:       1286124 kB
Mapped:           773404 kB
Shmem:             34740 kB
KReclaimable:     547136 kB
Slab:             225928 kB
SReclaimable:      79156 kB
SUnreclaim:       146772 kB
KernelStack:       47440 kB
PageTables:        63852 kB
NFS_Unstable:          0 kB
Bounce:                0 kB
WritebackTmp:          0 kB
CommitLimit:     9202292 kB
Committed_AS:   68814772 kB
VmallocTotal:   263061440 kB
VmallocUsed:      104416 kB
VmallocChunk:          0 kB
Percpu:             7648 kB
CmaTotal:         294912 kB
CmaFree:               0 kB
MemTotal:       12113136 kB
MemFree:          420928 kB
MemAvailable:    7897460 kB
Buffers:            6564 kB
Cached:          7830944 kB
SwapCached:            0 kB
Active:          2130232 kB
Inactive:        6988136 kB
Active(anon):    1190376 kB
Inactive(anon):   129892 kB
Active(file):     939856 kB
Inactive(file):  6858244 kB
Unevictable:        5716 kB
Mlocked:            5716 kB
SwapTotal:       3145724 kB
SwapFree:        3145724 kB
Dirty:               652 kB
Writeback:             0 kB
AnonPages:       1286716 kB
Mapped:           773512 kB
Shmem:             34740 kB
KReclaimable:     547136 kB
Slab:             225936 kB
SReclaimable:      79156 kB
SUnreclaim:       146780 kB
KernelStack:       47456 kB
PageTables:        64340 kB
NFS_Unstable:          0 kB
Bounce:                0 kB
WritebackTmp:          0 kB
CommitLimit:     9202292 kB
Committed_AS:   68810684 kB
VmallocTotal:   263061440 kB
VmallocUsed:      104448 kB
VmallocChunk:          0 kB
Percpu:             7648 kB
CmaTotal:         294912 kB
CmaFree:               0 kB
MemTotal:       12113136 kB
MemFree:          420196 kB
MemAvailable:    7896748 kB
Buffers:            6564 kB
Cached:          7830964 kB
SwapCached:            0 kB
Active:          2131120 kB
Inactive:        6988156 kB
Active(anon):    1191264 kB
Inactive(anon):   129892 kB
Active(file):     939856 kB
Inactive(file):  6858264 kB
Unevictable:        5716 kB
Mlocked:            5716 kB
SwapTotal:       3145724 kB
SwapFree:        3145724 kB
Dirty:               664 kB
Writeback:             0 kB
AnonPages:       1287452 kB
Mapped:           773404 kB
Shmem:             34740 kB
KReclaimable:     547136 kB
Slab:             225944 kB
SReclaimable:      79156 kB
SUnreclaim:       146788 kB
KernelStack:       47440 kB
PageTables:        64064 kB
NFS_Unstable:          0 kB
Bounce:                0 kB
WritebackTmp:          0 kB
CommitLimit:     9202292 kB
Committed_AS:   68808580 kB
VmallocTotal:   263061440 kB
VmallocUsed:      104464 kB
VmallocChunk:          0 kB
Percpu:             7648 kB
CmaTotal:         294912 kB
CmaFree:               0 kB
MemTotal:       12113136 kB
MemFree:          420756 kB
MemAvailable:    7897324 kB
Buffers:            6564 kB
Cached:          7830980 kB
SwapCached:            0 kB
Active:          2131728 kB
Inactive:        6988172 kB
Active(anon):    1191872 kB
Inactive(anon):   129892 kB
Active(file):     939856 kB
Inactive(file):  6858280 kB
Unevictable:        5716 kB
Mlocked:            5716 kB
SwapTotal:       3145724 kB
SwapFree:        3145724 kB
Dirty:               684 kB
Writeback:             0 kB
AnonPages:       1288056 kB
Mapped:           773512 kB
Shmem:             34740 kB
KReclaimable:     547136 kB
Slab:             225912 kB
SReclaimable:      79156 kB
SUnreclaim:       146756 kB
KernelStack:       47440 kB
PageTables:        64280 kB
NFS_Unstable:          0 kB
Bounce:                0 kB
WritebackTmp:          0 kB
CommitLimit:     9202292 kB
Committed_AS:   68815196 kB
VmallocTotal:   263061440 kB
VmallocUsed:      104448 kB
VmallocChunk:          0 kB
Percpu:             7648 kB
CmaTotal:         294912 kB
CmaFree:             104 kB
MemTotal:       12113136 kB
MemFree:          419552 kB
MemAvailable:    7896128 kB
Buffers:            6564 kB
Cached:          7830988 kB
SwapCached:            0 kB
Active:          2131820 kB
Inactive:        6988180 kB
Active(anon):    1191964 kB
Inactive(anon):   129892 kB
Active(file):     939856 kB
Inactive(file):  6858288 kB
Unevictable:        5716 kB
Mlocked:            5716 kB
SwapTotal:       3145724 kB
SwapFree:        3145724 kB
Dirty:               704 kB
Writeback:             0 kB
AnonPages:       1288252 kB
Mapped:           773404 kB
Shmem:             34740 kB
KReclaimable:     547136 kB
Slab:             225936 kB
SReclaimable:      79156 kB
SUnreclaim:       146780 kB
KernelStack:       47472 kB
PageTables:        64344 kB
NFS_Unstable:          0 kB
Bounce:                0 kB
WritebackTmp:          0 kB
CommitLimit:     9202292 kB
Committed_AS:   68810292 kB
VmallocTotal:   263061440 kB
VmallocUsed:      104464 kB
VmallocChunk:          0 kB
Percpu:             7648 kB
CmaTotal:         294912 kB
CmaFree:               0 kB
MemTotal:       12113136 kB
MemFree:          449900 kB
MemAvailable:    7926488 kB
Buffers:            6564 kB
Cached:          7830996 kB
SwapCached:            0 kB
Active:          2099952 kB
Inactive:        6988188 kB
Active(anon):    1160096 kB
Inactive(anon):   129888 kB
Active(file):     939856 kB
Inactive(file):  6858300 kB
Unevictable:        5716 kB
Mlocked:            5716 kB
SwapTotal:       3145724 kB
SwapFree:        3145724 kB
Dirty:               716 kB
Writeback:             0 kB
AnonPages:       1256308 kB
Mapped:           773216 kB
Shmem:             34736 kB
KReclaimable:     547136 kB
Slab:             225884 kB
SReclaimable:      79156 kB
SUnreclaim:       146728 kB
KernelStack:       47284 kB
PageTables:        63948 kB
NFS_Unstable:          0 kB
Bounce:                0 kB
WritebackTmp:          0 kB
CommitLimit:     9202292 kB
Committed_AS:   67490036 kB
VmallocTotal:   263061440 kB
VmallocUsed:      104296 kB
VmallocChunk:          0 kB
Percpu:             7648 kB
CmaTotal:         294912 kB
CmaFree:             100 kB
MemTotal:       12113136 kB
MemFree:          455708 kB
MemAvailable:    7932308 kB
Buffers:            6564 kB
Cached:          7831008 kB
SwapCached:            0 kB
Active:          2095812 kB
Inactive:        6988200 kB
Active(anon):    1155956 kB
Inactive(anon):   129888 kB
Active(file):     939856 kB
Inactive(file):  6858312 kB
Unevictable:        5716 kB
Mlocked:            5716 kB
SwapTotal:       3145724 kB
SwapFree:        3145724 kB
Dirty:               728 kB
Writeback:             0 kB
AnonPages:       1252124 kB
Mapped:           773240 kB
Shmem:             34736 kB
KReclaimable:     547136 kB
Slab:             225892 kB
SReclaimable:      79156 kB
SUnreclaim:       146736 kB
KernelStack:       47264 kB
PageTables:        63616 kB
NFS_Unstable:          0 kB
Bounce:                0 kB
WritebackTmp:          0 kB
CommitLimit:     9202292 kB
Committed_AS:   67491552 kB
VmallocTotal:   263061440 kB
VmallocUsed:      104264 kB
VmallocChunk:          0 kB
Percpu:             7648 kB
CmaTotal:         294912 kB
CmaFree:               0 kB
MemTotal:       12113136 kB
MemFree:          456820 kB
MemAvailable:    7933436 kB
Buffers:            6564 kB
Cached:          7831040 kB
SwapCached:            0 kB
Active:          2095716 kB
Inactive:        6988232 kB
Active(anon):    1155860 kB
Inactive(anon):   129904 kB
Active(file):     939856 kB
Inactive(file):  6858328 kB
Unevictable:        5716 kB
Mlocked:            5716 kB
SwapTotal:       3145724 kB
SwapFree:        3145724 kB
Dirty:               760 kB
Writeback:             0 kB
AnonPages:       1252188 kB
Mapped:           773256 kB
Shmem:             34752 kB
KReclaimable:     547136 kB
Slab:             225884 kB
SReclaimable:      79156 kB
SUnreclaim:       146728 kB
KernelStack:       47264 kB
PageTables:        63604 kB
NFS_Unstable:          0 kB
Bounce:                0 kB
WritebackTmp:          0 kB
CommitLimit:     9202292 kB
Committed_AS:   67485904 kB
VmallocTotal:   263061440 kB
VmallocUsed:      104264 kB
VmallocChunk:          0 kB
Percpu:             7648 kB
CmaTotal:         294912 kB
CmaFree:               0 kB
MemTotal:       12113136 kB
MemFree:          456616 kB
MemAvailable:    7933260 kB
Buffers:            6568 kB
Cached:          7831068 kB
SwapCached:            0 kB
Active:          2095764 kB
Inactive:        6988260 kB
Active(anon):    1155904 kB
Inactive(anon):   129908 kB
Active(file):     939860 kB
Inactive(file):  6858352 kB
Unevictable:        5716 kB
Mlocked:            5716 kB
SwapTotal:       3145724 kB
SwapFree:        3145724 kB
Dirty:               784 kB
Writeback:             0 kB
AnonPages:       1251888 kB
Mapped:           773260 kB
Shmem:             34756 kB
KReclaimable:     547136 kB
Slab:             225908 kB
SReclaimable:      79156 kB
SUnreclaim:       146752 kB
KernelStack:       47216 kB
PageTables:        63556 kB
NFS_Unstable:          0 kB
Bounce:                0 kB
WritebackTmp:          0 kB
CommitLimit:     9202292 kB
Committed_AS:   67482128 kB
VmallocTotal:   263061440 kB
VmallocUsed:      104216 kB
VmallocChunk:          0 kB
Percpu:             7648 kB
CmaTotal:         294912 kB
CmaFree:              28 kB
MemTotal:       12113136 kB
MemFree:          466208 kB
MemAvailable:    7942876 kB
Buffers:            6568 kB
Cached:          7831092 kB
SwapCached:            0 kB
Active:          2085396 kB
Inactive:        6988284 kB
Active(anon):    1145536 kB
Inactive(anon):   129908 kB
Active(file):     939860 kB
Inactive(file):  6858376 kB
Unevictable:        5716 kB
Mlocked:            5716 kB
SwapTotal:       3145724 kB
SwapFree:        3145724 kB
Dirty:               812 kB
Writeback:             0 kB
AnonPages:       1241628 kB
Mapped:           773364 kB
Shmem:             34756 kB
KReclaimable:     547136 kB
Slab:             225876 kB
SReclaimable:      79156 kB
SUnreclaim:       146720 kB
KernelStack:       47252 kB
PageTables:        63448 kB
NFS_Unstable:          0 kB
Bounce:                0 kB
WritebackTmp:          0 kB
CommitLimit:     9202292 kB
Committed_AS:   67485920 kB
VmallocTotal:   263061440 kB
VmallocUsed:      104248 kB
VmallocChunk:          0 kB
Percpu:             7648 kB
CmaTotal:         294912 kB
CmaFree:             128 kB
MemTotal:       12113136 kB
MemFree:          465496 kB
MemAvailable:    7942176 kB
Buffers:            6568 kB
Cached:          7831104 kB
SwapCached:            0 kB
Active:          2085832 kB
Inactive:        6988296 kB
Active(anon):    1145972 kB
Inactive(anon):   129908 kB
Active(file):     939860 kB
Inactive(file):  6858388 kB
Unevictable:        5716 kB
Mlocked:            5716 kB
SwapTotal:       3145724 kB
SwapFree:        3145724 kB
Dirty:               836 kB
Writeback:             0 kB
AnonPages:       1242376 kB
Mapped:           773240 kB
Shmem:             34756 kB
KReclaimable:     547136 kB
Slab:             225900 kB
SReclaimable:      79156 kB
SUnreclaim:       146744 kB
KernelStack:       47248 kB
PageTables:        63644 kB
NFS_Unstable:          0 kB
Bounce:                0 kB
WritebackTmp:          0 kB
CommitLimit:     9202292 kB
Committed_AS:   67487476 kB
VmallocTotal:   263061440 kB
VmallocUsed:      104168 kB
VmallocChunk:          0 kB
Percpu:             7648 kB
CmaTotal:         294912 kB
CmaFree:               0 kB
MemTotal:       12113136 kB
MemFree:          465168 kB
MemAvailable:    7941856 kB
Buffers:            6568 kB
Cached:          7831112 kB
SwapCached:            0 kB
Active:          2086724 kB
Inactive:        6988304 kB
Active(anon):    1146864 kB
Inactive(anon):   129908 kB
Active(file):     939860 kB
Inactive(file):  6858396 kB
Unevictable:        5716 kB
Mlocked:            5716 kB
SwapTotal:       3145724 kB
SwapFree:        3145724 kB
Dirty:               844 kB
Writeback:             0 kB
AnonPages:       1242892 kB
Mapped:           773528 kB
Shmem:             34756 kB
KReclaimable:     547136 kB
Slab:             225884 kB
SReclaimable:      79156 kB
SUnreclaim:       146728 kB
KernelStack:       47200 kB
PageTables:        63596 kB
NFS_Unstable:          0 kB
Bounce:                0 kB
WritebackTmp:          0 kB
CommitLimit:     9202292 kB
Committed_AS:   67486328 kB
VmallocTotal:   263061440 kB
VmallocUsed:      104168 kB
VmallocChunk:          0 kB
Percpu:             7648 kB
CmaTotal:         294912 kB
CmaFree:               0 kB
MemTotal:       12113136 kB
MemFree:          464552 kB
MemAvailable:    7941256 kB
Buffers:            6568 kB
Cached:          7831128 kB
SwapCached:            0 kB
Active:          2087200 kB
Inactive:        6988320 kB
Active(anon):    1147340 kB
Inactive(anon):   129908 kB
Active(file):     939860 kB
Inactive(file):  6858412 kB
Unevictable:        5716 kB
Mlocked:            5716 kB
SwapTotal:       3145724 kB
SwapFree:        3145724 kB
Dirty:               864 kB
Writeback:             0 kB
AnonPages:       1243632 kB
Mapped:           773260 kB
Shmem:             34756 kB
KReclaimable:     547136 kB
Slab:             225900 kB
SReclaimable:      79156 kB
SUnreclaim:       146744 kB
KernelStack:       47184 kB
PageTables:        63552 kB
NFS_Unstable:          0 kB
Bounce:                0 kB
WritebackTmp:          0 kB
CommitLimit:     9202292 kB
Committed_AS:   67485880 kB
VmallocTotal:   263061440 kB
VmallocUsed:      104168 kB
VmallocChunk:          0 kB
Percpu:             7648 kB
CmaTotal:         294912 kB
CmaFree:               0 kB
MemTotal:       12113136 kB
MemFree:          463452 kB
MemAvailable:    7940164 kB
Buffers:            6568 kB
Cached:          7831072 kB
SwapCached:            0 kB
Active:          2087604 kB
Inactive:        6988264 kB
Active(anon):    1147744 kB
Inactive(anon):   129844 kB
Active(file):     939860 kB
Inactive(file):  6858420 kB
Unevictable:        5716 kB
Mlocked:            5716 kB
SwapTotal:       3145724 kB
SwapFree:        3145724 kB
Dirty:               512 kB
Writeback:             0 kB
AnonPages:       1244092 kB
Mapped:           773540 kB
Shmem:             34692 kB
KReclaimable:     547136 kB
Slab:             225884 kB
SReclaimable:      79156 kB
SUnreclaim:       146728 kB
KernelStack:       47136 kB
PageTables:        63516 kB
NFS_Unstable:          0 kB
Bounce:                0 kB
WritebackTmp:          0 kB
CommitLimit:     9202292 kB
Committed_AS:   67485680 kB
VmallocTotal:   263061440 kB
VmallocUsed:      104200 kB
VmallocChunk:          0 kB
Percpu:             7648 kB
CmaTotal:         294912 kB
CmaFree:             124 kB
MemTotal:       12113136 kB
MemFree:          464788 kB
MemAvailable:    7941516 kB
Buffers:            6568 kB
Cached:          7831088 kB
SwapCached:            0 kB
Active:          2087636 kB
Inactive:        6988280 kB
Active(anon):    1147776 kB
Inactive(anon):   129844 kB
Active(file):     939860 kB
Inactive(file):  6858436 kB
Unevictable:        5716 kB
Mlocked:            5716 kB
SwapTotal:       3145724 kB
SwapFree:        3145724 kB
Dirty:               564 kB
Writeback:             0 kB
AnonPages:       1243944 kB
Mapped:           773260 kB
Shmem:             34692 kB
KReclaimable:     547136 kB
Slab:             225916 kB
SReclaimable:      79156 kB
SUnreclaim:       146760 kB
KernelStack:       47168 kB
PageTables:        63612 kB
NFS_Unstable:          0 kB
Bounce:                0 kB
WritebackTmp:          0 kB
CommitLimit:     9202292 kB
Committed_AS:   67484220 kB
VmallocTotal:   263061440 kB
VmallocUsed:      104168 kB
VmallocChunk:          0 kB
Percpu:             7648 kB
CmaTotal:         294912 kB
CmaFree:               0 kB
MemTotal:       12113136 kB
MemFree:          462584 kB
MemAvailable:    7939324 kB
Buffers:            6568 kB
Cached:          7831100 kB
SwapCached:            0 kB
Active:          2088988 kB
Inactive:        6988292 kB
Active(anon):    1149128 kB
Inactive(anon):   129844 kB
Active(file):     939860 kB
Inactive(file):  6858448 kB
Unevictable:        5716 kB
Mlocked:            5716 kB
SwapTotal:       3145724 kB
SwapFree:        3145724 kB
Dirty:               576 kB
Writeback:             0 kB
AnonPages:       1245456 kB
Mapped:           773264 kB
Shmem:             34692 kB
KReclaimable:     547136 kB
Slab:             225884 kB
SReclaimable:      79156 kB
SUnreclaim:       146728 kB
KernelStack:       47200 kB
PageTables:        63724 kB
NFS_Unstable:          0 kB
Bounce:                0 kB
WritebackTmp:          0 kB
CommitLimit:     9202292 kB
Committed_AS:   67486468 kB
VmallocTotal:   263061440 kB
VmallocUsed:      104168 kB
VmallocChunk:          0 kB
Percpu:             7648 kB
CmaTotal:         294912 kB
CmaFree:               0 kB
MemTotal:       12113136 kB
MemFree:          463276 kB
MemAvailable:    7940036 kB
Buffers:            6568 kB
Cached:          7831120 kB
SwapCached:            0 kB
Active:          2089096 kB
Inactive:        6988312 kB
Active(anon):    1149236 kB
Inactive(anon):   129844 kB
Active(file):     939860 kB
Inactive(file):  6858468 kB
Unevictable:        5716 kB
Mlocked:            5716 kB
SwapTotal:       3145724 kB
SwapFree:        3145724 kB
Dirty:               608 kB
Writeback:             0 kB
AnonPages:       1245636 kB
Mapped:           773260 kB
Shmem:             34692 kB
KReclaimable:     547136 kB
Slab:             225908 kB
SReclaimable:      79156 kB
SUnreclaim:       146752 kB
KernelStack:       47168 kB
PageTables:        63536 kB
NFS_Unstable:          0 kB
Bounce:                0 kB
WritebackTmp:          0 kB
CommitLimit:     9202292 kB
Committed_AS:   67481244 kB
VmallocTotal:   263061440 kB
VmallocUsed:      104120 kB
VmallocChunk:          0 kB
Percpu:             7648 kB
CmaTotal:         294912 kB
CmaFree:               0 kB
MemTotal:       12113136 kB
MemFree:          462144 kB
MemAvailable:    7938920 kB
Buffers:            6568 kB
Cached:          7831156 kB
SwapCached:            0 kB
Active:          2089980 kB
Inactive:        6988348 kB
Active(anon):    1150120 kB
Inactive(anon):   129864 kB
Active(file):     939860 kB
Inactive(file):  6858484 kB
Unevictable:        5716 kB
Mlocked:            5716 kB
SwapTotal:       3145724 kB
SwapFree:        3145724 kB
Dirty:               652 kB
Writeback:             0 kB
AnonPages:       1246364 kB
Mapped:           773280 kB
Shmem:             34712 kB
KReclaimable:     547136 kB
Slab:             225892 kB
SReclaimable:      79156 kB
SUnreclaim:       146736 kB
KernelStack:       47184 kB
PageTables:        63692 kB
NFS_Unstable:          0 kB
Bounce:                0 kB
WritebackTmp:          0 kB
CommitLimit:     9202292 kB
Committed_AS:   67491160 kB
VmallocTotal:   263061440 kB
VmallocUsed:      104168 kB
VmallocChunk:          0 kB
Percpu:             7648 kB
CmaTotal:         294912 kB
CmaFree:               0 kB
MemTotal:       12113136 kB
MemFree:          461064 kB
MemAvailable:    7937852 kB
Buffers:            6568 kB
Cached:          7831168 kB
SwapCached:            0 kB
Active:          2090964 kB
Inactive:        6988360 kB
Active(anon):    1151104 kB
Inactive(anon):   129864 kB
Active(file):     939860 kB
Inactive(file):  6858496 kB
Unevictable:        5716 kB
Mlocked:            5716 kB
SwapTotal:       3145724 kB
SwapFree:        3145724 kB
Dirty:               496 kB
Writeback:             0 kB
AnonPages:       1247580 kB
Mapped:           773280 kB
Shmem:             34712 kB
KReclaimable:     547136 kB
Slab:             225900 kB
SReclaimable:      79156 kB
SUnreclaim:       146744 kB
KernelStack:       47200 kB
PageTables:        63640 kB
NFS_Unstable:          0 kB
Bounce:                0 kB
WritebackTmp:          0 kB
CommitLimit:     9202292 kB
Committed_AS:   67485468 kB
VmallocTotal:   263061440 kB
VmallocUsed:      104168 kB
VmallocChunk:          0 kB
Percpu:             7648 kB
CmaTotal:         294912 kB
CmaFree:               0 kB
MemTotal:       12113136 kB
MemFree:          460488 kB
MemAvailable:    7937284 kB
Buffers:            6568 kB
Cached:          7831176 kB
SwapCached:            0 kB
Active:          2092076 kB
Inactive:        6988368 kB
Active(anon):    1152216 kB
Inactive(anon):   129864 kB
Active(file):     939860 kB
Inactive(file):  6858504 kB
Unevictable:        5716 kB
Mlocked:            5716 kB
SwapTotal:       3145724 kB
SwapFree:        3145724 kB
Dirty:               532 kB
Writeback:             0 kB
AnonPages:       1248424 kB
Mapped:           773300 kB
Shmem:             34712 kB
KReclaimable:     547136 kB
Slab:             225908 kB
SReclaimable:      79156 kB
SUnreclaim:       146752 kB
KernelStack:       47168 kB
PageTables:        63604 kB
NFS_Unstable:          0 kB
Bounce:                0 kB
WritebackTmp:          0 kB
CommitLimit:     9202292 kB
Committed_AS:   67490424 kB
VmallocTotal:   263061440 kB
VmallocUsed:      104184 kB
VmallocChunk:          0 kB
Percpu:             7648 kB
CmaTotal:         294912 kB
CmaFree:               0 kB
MemTotal:       12113136 kB
MemFree:          460532 kB
MemAvailable:    7937332 kB
Buffers:            6568 kB
Cached:          7831180 kB
SwapCached:            0 kB
Active:          2092400 kB
Inactive:        6988376 kB
Active(anon):    1152544 kB
Inactive(anon):   129864 kB
Active(file):     939856 kB
Inactive(file):  6858512 kB
Unevictable:        5716 kB
Mlocked:            5716 kB
SwapTotal:       3145724 kB
SwapFree:        3145724 kB
Dirty:               536 kB
Writeback:             0 kB
AnonPages:       1248708 kB
Mapped:           773680 kB
Shmem:             34712 kB
KReclaimable:     547136 kB
Slab:             225900 kB
SReclaimable:      79156 kB
SUnreclaim:       146744 kB
KernelStack:       47152 kB
PageTables:        63948 kB
NFS_Unstable:          0 kB
Bounce:                0 kB
WritebackTmp:          0 kB
CommitLimit:     9202292 kB
Committed_AS:   67483472 kB
VmallocTotal:   263061440 kB
VmallocUsed:      104152 kB
VmallocChunk:          0 kB
Percpu:             7648 kB
CmaTotal:         294912 kB
CmaFree:               0 kB
MemTotal:       12113136 kB
MemFree:          458700 kB
MemAvailable:    7935524 kB
Buffers:            6568 kB
Cached:          7831204 kB
SwapCached:            0 kB
Active:          2092952 kB
Inactive:        6988396 kB
Active(anon):    1153092 kB
Inactive(anon):   129864 kB
Active(file):     939860 kB
Inactive(file):  6858532 kB
Unevictable:        5716 kB
Mlocked:            5716 kB
SwapTotal:       3145724 kB
SwapFree:        3145724 kB
Dirty:               560 kB
Writeback:             0 kB
AnonPages:       1249336 kB
Mapped:           773564 kB
Shmem:             34712 kB
KReclaimable:     547136 kB
Slab:             225892 kB
SReclaimable:      79156 kB
SUnreclaim:       146736 kB
KernelStack:       47200 kB
PageTables:        63600 kB
NFS_Unstable:          0 kB
Bounce:                0 kB
WritebackTmp:          0 kB
CommitLimit:     9202292 kB
Committed_AS:   67488124 kB
VmallocTotal:   263061440 kB
VmallocUsed:      104168 kB
VmallocChunk:          0 kB
Percpu:             7648 kB
CmaTotal:         294912 kB
CmaFree:               0 kB
MemTotal:       12113136 kB
MemFree:          431296 kB
MemAvailable:    7908124 kB
Buffers:            6572 kB
Cached:          7831204 kB
SwapCached:            0 kB
Active:          2121200 kB
Inactive:        6988400 kB
Active(anon):    1181340 kB
Inactive(anon):   129864 kB
Active(file):     939860 kB
Inactive(file):  6858536 kB
Unevictable:        5716 kB
Mlocked:            5716 kB
SwapTotal:       3145724 kB
SwapFree:        3145724 kB
Dirty:               580 kB
Writeback:             0 kB
AnonPages:       1277556 kB
Mapped:           773824 kB
Shmem:             34712 kB
KReclaimable:     547136 kB
Slab:             225892 kB
SReclaimable:      79156 kB
SUnreclaim:       146736 kB
KernelStack:       47136 kB
PageTables:        63472 kB
NFS_Unstable:          0 kB
Bounce:                0 kB
WritebackTmp:          0 kB
CommitLimit:     9202292 kB
Committed_AS:   67491072 kB
VmallocTotal:   263061440 kB
VmallocUsed:      104184 kB
VmallocChunk:          0 kB
Percpu:             7648 kB
CmaTotal:         294912 kB
CmaFree:               0 kB
MemTotal:       12113136 kB
MemFree:          431352 kB
MemAvailable:    7908216 kB
Buffers:            6572 kB
Cached:          7831240 kB
SwapCached:            0 kB
Active:          2121508 kB
Inactive:        6988432 kB
Active(anon):    1181644 kB
Inactive(anon):   129864 kB
Active(file):     939864 kB
Inactive(file):  6858568 kB
Unevictable:        5716 kB
Mlocked:            5716 kB
SwapTotal:       3145724 kB
SwapFree:        3145724 kB
Dirty:               252 kB
Writeback:             0 kB
AnonPages:       1277716 kB
Mapped:           773444 kB
Shmem:             34712 kB
KReclaimable:     547136 kB
Slab:             225900 kB
SReclaimable:      79156 kB
SUnreclaim:       146744 kB
KernelStack:       47152 kB
PageTables:        63560 kB
NFS_Unstable:          0 kB
Bounce:                0 kB
WritebackTmp:          0 kB
CommitLimit:     9202292 kB
Committed_AS:   67491408 kB
VmallocTotal:   263061440 kB
VmallocUsed:      104184 kB
VmallocChunk:          0 kB
Percpu:             7648 kB
CmaTotal:         294912 kB
CmaFree:               0 kB
MemTotal:       12113136 kB
MemFree:          428140 kB
MemAvailable:    7905020 kB
Buffers:            6572 kB
Cached:          7831256 kB
SwapCached:            0 kB
Active:          2123336 kB
Inactive:        6988448 kB
Active(anon):    1183472 kB
Inactive(anon):   129864 kB
Active(file):     939864 kB
Inactive(file):  6858584 kB
Unevictable:        5716 kB
Mlocked:            5716 kB
SwapTotal:       3145724 kB
SwapFree:        3145724 kB
Dirty:               324 kB
Writeback:             0 kB
AnonPages:       1279408 kB
Mapped:           773444 kB
Shmem:             34712 kB
KReclaimable:     547136 kB
Slab:             225892 kB
SReclaimable:      79156 kB
SUnreclaim:       146736 kB
KernelStack:       47152 kB
PageTables:        63728 kB
NFS_Unstable:          0 kB
Bounce:                0 kB
WritebackTmp:          0 kB
CommitLimit:     9202292 kB
Committed_AS:   67486392 kB
VmallocTotal:   263061440 kB
VmallocUsed:      104152 kB
VmallocChunk:          0 kB
Percpu:             7648 kB
CmaTotal:         294912 kB
CmaFree:               0 kB
MemTotal:       12113136 kB
MemFree:          429160 kB
MemAvailable:    7906052 kB
Buffers:            6572 kB
Cached:          7831268 kB
SwapCached:            0 kB
Active:          2123332 kB
Inactive:        6988460 kB
Active(anon):    1183468 kB
Inactive(anon):   129864 kB
Active(file):     939864 kB
Inactive(file):  6858596 kB
Unevictable:        5716 kB
Mlocked:            5716 kB
SwapTotal:       3145724 kB
SwapFree:        3145724 kB
Dirty:               380 kB
Writeback:             0 kB
AnonPages:       1279752 kB
Mapped:           773444 kB
Shmem:             34712 kB
KReclaimable:     547136 kB
Slab:             225900 kB
SReclaimable:      79156 kB
SUnreclaim:       146744 kB
KernelStack:       47136 kB
PageTables:        63544 kB
NFS_Unstable:          0 kB
Bounce:                0 kB
WritebackTmp:          0 kB
CommitLimit:     9202292 kB
Committed_AS:   67484620 kB
VmallocTotal:   263061440 kB
VmallocUsed:      104136 kB
VmallocChunk:          0 kB
Percpu:             7648 kB
CmaTotal:         294912 kB
CmaFree:               0 kB
MemTotal:       12113136 kB
MemFree:          427696 kB
MemAvailable:    7904608 kB
Buffers:            6572 kB
Cached:          7831288 kB
SwapCached:            0 kB
Active:          2124092 kB
Inactive:        6988476 kB
Active(anon):    1184224 kB
Inactive(anon):   129864 kB
Active(file):     939868 kB
Inactive(file):  6858612 kB
Unevictable:        5716 kB
Mlocked:            5716 kB
SwapTotal:       3145724 kB
SwapFree:        3145724 kB
Dirty:               400 kB
Writeback:             0 kB
AnonPages:       1280464 kB
Mapped:           773444 kB
Shmem:             34712 kB
KReclaimable:     547136 kB
Slab:             225900 kB
SReclaimable:      79156 kB
SUnreclaim:       146744 kB
KernelStack:       47136 kB
PageTables:        63568 kB
NFS_Unstable:          0 kB
Bounce:                0 kB
WritebackTmp:          0 kB
CommitLimit:     9202292 kB
Committed_AS:   67484504 kB
VmallocTotal:   263061440 kB
VmallocUsed:      104152 kB
VmallocChunk:          0 kB
Percpu:             7648 kB
CmaTotal:         294912 kB
CmaFree:               0 kB
MemTotal:       12113136 kB
MemFree:          426968 kB
MemAvailable:    7903884 kB
Buffers:            6572 kB
Cached:          7831292 kB
SwapCached:            0 kB
Active:          2125472 kB
Inactive:        6988484 kB
Active(anon):    1185608 kB
Inactive(anon):   129864 kB
Active(file):     939864 kB
Inactive(file):  6858620 kB
Unevictable:        5716 kB
Mlocked:            5716 kB
SwapTotal:       3145724 kB
SwapFree:        3145724 kB
Dirty:               404 kB
Writeback:             0 kB
AnonPages:       1281516 kB
Mapped:           773444 kB
Shmem:             34712 kB
KReclaimable:     547136 kB
Slab:             225900 kB
SReclaimable:      79156 kB
SUnreclaim:       146744 kB
KernelStack:       47136 kB
PageTables:        63568 kB
NFS_Unstable:          0 kB
Bounce:                0 kB
WritebackTmp:          0 kB
CommitLimit:     9202292 kB
Committed_AS:   67485464 kB
VmallocTotal:   263061440 kB
VmallocUsed:      104136 kB
VmallocChunk:          0 kB
Percpu:             7648 kB
CmaTotal:         294912 kB
CmaFree:               0 kB
MemTotal:       12113136 kB
MemFree:          426784 kB
MemAvailable:    7903712 kB
Buffers:            6572 kB
Cached:          7831304 kB
SwapCached:            0 kB
Active:          2125712 kB
Inactive:        6988496 kB
Active(anon):    1185848 kB
Inactive(anon):   129864 kB
Active(file):     939864 kB
Inactive(file):  6858632 kB
Unevictable:        5716 kB
Mlocked:            5716 kB
SwapTotal:       3145724 kB
SwapFree:        3145724 kB
Dirty:               432 kB
Writeback:             0 kB
AnonPages:       1282156 kB
Mapped:           773444 kB
Shmem:             34712 kB
KReclaimable:     547136 kB
Slab:             225900 kB
SReclaimable:      79156 kB
SUnreclaim:       146744 kB
KernelStack:       47136 kB
PageTables:        63564 kB
NFS_Unstable:          0 kB
Bounce:                0 kB
WritebackTmp:          0 kB
CommitLimit:     9202292 kB
Committed_AS:   67480068 kB
VmallocTotal:   263061440 kB
VmallocUsed:      104168 kB
VmallocChunk:          0 kB
Percpu:             7648 kB
CmaTotal:         294912 kB
CmaFree:               0 kB
MemTotal:       12113136 kB
MemFree:          425356 kB
MemAvailable:    7902296 kB
Buffers:            6572 kB
Cached:          7831316 kB
SwapCached:            0 kB
Active:          2126196 kB
Inactive:        6988508 kB
Active(anon):    1186332 kB
Inactive(anon):   129864 kB
Active(file):     939864 kB
Inactive(file):  6858644 kB
Unevictable:        5716 kB
Mlocked:            5716 kB
SwapTotal:       3145724 kB
SwapFree:        3145724 kB
Dirty:               452 kB
Writeback:             0 kB
AnonPages:       1282592 kB
Mapped:           773444 kB
Shmem:             34712 kB
KReclaimable:     547136 kB
Slab:             225900 kB
SReclaimable:      79156 kB
SUnreclaim:       146744 kB
KernelStack:       47136 kB
PageTables:        63640 kB
NFS_Unstable:          0 kB
Bounce:                0 kB
WritebackTmp:          0 kB
CommitLimit:     9202292 kB
Committed_AS:   67482648 kB
VmallocTotal:   263061440 kB
VmallocUsed:      104168 kB
VmallocChunk:          0 kB
Percpu:             7648 kB
CmaTotal:         294912 kB
CmaFree:               0 kB
MemTotal:       12113136 kB
MemFree:          425648 kB
MemAvailable:    7902600 kB
Buffers:            6572 kB
Cached:          7831328 kB
SwapCached:            0 kB
Active:          2126860 kB
Inactive:        6988520 kB
Active(anon):    1186996 kB
Inactive(anon):   129864 kB
Active(file):     939864 kB
Inactive(file):  6858656 kB
Unevictable:        5716 kB
Mlocked:            5716 kB
SwapTotal:       3145724 kB
SwapFree:        3145724 kB
Dirty:               464 kB
Writeback:             0 kB
AnonPages:       1283372 kB
Mapped:           773444 kB
Shmem:             34712 kB
KReclaimable:     547136 kB
Slab:             225892 kB
SReclaimable:      79156 kB
SUnreclaim:       146736 kB
KernelStack:       47136 kB
PageTables:        63564 kB
NFS_Unstable:          0 kB
Bounce:                0 kB
WritebackTmp:          0 kB
CommitLimit:     9202292 kB
Committed_AS:   67488424 kB
VmallocTotal:   263061440 kB
VmallocUsed:      104152 kB
VmallocChunk:          0 kB
Percpu:             7648 kB
CmaTotal:         294912 kB
CmaFree:               0 kB
MemTotal:       12113136 kB
MemFree:          429148 kB
MemAvailable:    7906112 kB
Buffers:            6572 kB
Cached:          7831340 kB
SwapCached:            0 kB
Active:          2121472 kB
Inactive:        6988532 kB
Active(anon):    1181608 kB
Inactive(anon):   129864 kB
Active(file):     939864 kB
Inactive(file):  6858668 kB
Unevictable:        5716 kB
Mlocked:            5716 kB
SwapTotal:       3145724 kB
SwapFree:        3145724 kB
Dirty:               524 kB
Writeback:             0 kB
AnonPages:       1278008 kB
Mapped:           773444 kB
Shmem:             34712 kB
KReclaimable:     547136 kB
Slab:             225892 kB
SReclaimable:      79156 kB
SUnreclaim:       146736 kB
KernelStack:       47152 kB
PageTables:        63308 kB
NFS_Unstable:          0 kB
Bounce:                0 kB
WritebackTmp:          0 kB
CommitLimit:     9202292 kB
Committed_AS:   67477312 kB
VmallocTotal:   263061440 kB
VmallocUsed:      104120 kB
VmallocChunk:          0 kB
Percpu:             7648 kB
CmaTotal:         294912 kB
CmaFree:               0 kB
MemTotal:       12113136 kB
MemFree:          428684 kB
MemAvailable:    7905664 kB
Buffers:            6572 kB
Cached:          7831356 kB
SwapCached:            0 kB
Active:          2121600 kB
Inactive:        6988548 kB
Active(anon):    1181736 kB
Inactive(anon):   129864 kB
Active(file):     939864 kB
Inactive(file):  6858684 kB
Unevictable:        5716 kB
Mlocked:            5716 kB
SwapTotal:       3145724 kB
SwapFree:        3145724 kB
Dirty:               548 kB
Writeback:             0 kB
AnonPages:       1278224 kB
Mapped:           773444 kB
Shmem:             34712 kB
KReclaimable:     547136 kB
Slab:             225892 kB
SReclaimable:      79156 kB
SUnreclaim:       146736 kB
KernelStack:       47136 kB
PageTables:        63564 kB
NFS_Unstable:          0 kB
Bounce:                0 kB
WritebackTmp:          0 kB
CommitLimit:     9202292 kB
Committed_AS:   67478088 kB
VmallocTotal:   263061440 kB
VmallocUsed:      104136 kB
VmallocChunk:          0 kB
Percpu:             7648 kB
CmaTotal:         294912 kB
CmaFree:               0 kB
MemTotal:       12113136 kB
MemFree:          457088 kB
MemAvailable:    7934080 kB
Buffers:            6572 kB
Cached:          7831368 kB
SwapCached:            0 kB
Active:          2093072 kB
Inactive:        6988560 kB
Active(anon):    1153208 kB
Inactive(anon):   129864 kB
Active(file):     939864 kB
Inactive(file):  6858696 kB
Unevictable:        5716 kB
Mlocked:            5716 kB
SwapTotal:       3145724 kB
SwapFree:        3145724 kB
Dirty:               568 kB
Writeback:             0 kB
AnonPages:       1249556 kB
Mapped:           773444 kB
Shmem:             34712 kB
KReclaimable:     547136 kB
Slab:             225892 kB
SReclaimable:      79156 kB
SUnreclaim:       146736 kB
KernelStack:       47136 kB
PageTables:        63560 kB
NFS_Unstable:          0 kB
Bounce:                0 kB
WritebackTmp:          0 kB
CommitLimit:     9202292 kB
Committed_AS:   67482044 kB
VmallocTotal:   263061440 kB
VmallocUsed:      104152 kB
VmallocChunk:          0 kB
Percpu:             7648 kB
CmaTotal:         294912 kB
CmaFree:              76 kB
MemTotal:       12113136 kB
MemFree:          457836 kB
MemAvailable:    7934832 kB
Buffers:            6572 kB
Cached:          7831372 kB
SwapCached:            0 kB
Active:          2094504 kB
Inactive:        6988564 kB
Active(anon):    1154640 kB
Inactive(anon):   129864 kB
Active(file):     939864 kB
Inactive(file):  6858700 kB
Unevictable:        5716 kB
Mlocked:            5716 kB
SwapTotal:       3145724 kB
SwapFree:        3145724 kB
Dirty:               596 kB
Writeback:             0 kB
AnonPages:       1250896 kB
Mapped:           773504 kB
Shmem:             34712 kB
KReclaimable:     547136 kB
Slab:             225892 kB
SReclaimable:      79156 kB
SUnreclaim:       146736 kB
KernelStack:       47120 kB
PageTables:        63556 kB
NFS_Unstable:          0 kB
Bounce:                0 kB
WritebackTmp:          0 kB
CommitLimit:     9202292 kB
Committed_AS:   67484464 kB
VmallocTotal:   263061440 kB
VmallocUsed:      104120 kB
VmallocChunk:          0 kB
Percpu:             7648 kB
CmaTotal:         294912 kB
CmaFree:               0 kB
MemTotal:       12113136 kB
MemFree:          456964 kB
MemAvailable:    7933980 kB
Buffers:            6572 kB
Cached:          7831392 kB
SwapCached:            0 kB
Active:          2094764 kB
Inactive:        6988584 kB
Active(anon):    1154900 kB
Inactive(anon):   129864 kB
Active(file):     939864 kB
Inactive(file):  6858720 kB
Unevictable:        5716 kB
Mlocked:            5716 kB
SwapTotal:       3145724 kB
SwapFree:        3145724 kB
Dirty:               656 kB
Writeback:             0 kB
AnonPages:       1251232 kB
Mapped:           773504 kB
Shmem:             34712 kB
KReclaimable:     547136 kB
Slab:             225884 kB
SReclaimable:      79156 kB
SUnreclaim:       146728 kB
KernelStack:       47088 kB
PageTables:        63560 kB
NFS_Unstable:          0 kB
Bounce:                0 kB
WritebackTmp:          0 kB
CommitLimit:     9202292 kB
Committed_AS:   67479304 kB
VmallocTotal:   263061440 kB
VmallocUsed:      104104 kB
VmallocChunk:          0 kB
Percpu:             7648 kB
CmaTotal:         294912 kB
CmaFree:               0 kB
MemTotal:       12113136 kB
MemFree:          455840 kB
MemAvailable:    7932864 kB
Buffers:            6572 kB
Cached:          7831400 kB
SwapCached:            0 kB
Active:          2095032 kB
Inactive:        6988592 kB
Active(anon):    1155168 kB
Inactive(anon):   129864 kB
Active(file):     939864 kB
Inactive(file):  6858728 kB
Unevictable:        5716 kB
Mlocked:            5716 kB
SwapTotal:       3145724 kB
SwapFree:        3145724 kB
Dirty:               676 kB
Writeback:             0 kB
AnonPages:       1251484 kB
Mapped:           773504 kB
Shmem:             34712 kB
KReclaimable:     547136 kB
Slab:             225900 kB
SReclaimable:      79156 kB
SUnreclaim:       146744 kB
KernelStack:       47088 kB
PageTables:        63552 kB
NFS_Unstable:          0 kB
Bounce:                0 kB
WritebackTmp:          0 kB
CommitLimit:     9202292 kB
Committed_AS:   67484684 kB
VmallocTotal:   263061440 kB
VmallocUsed:      104136 kB
VmallocChunk:          0 kB
Percpu:             7648 kB
CmaTotal:         294912 kB
CmaFree:               0 kB
MemTotal:       12113136 kB
MemFree:          466448 kB
MemAvailable:    7943488 kB
Buffers:            6580 kB
Cached:          7831408 kB
SwapCached:            0 kB
Active:          2084784 kB
Inactive:        6988608 kB
Active(anon):    1144920 kB
Inactive(anon):   129864 kB
Active(file):     939864 kB
Inactive(file):  6858744 kB
Unevictable:        5716 kB
Mlocked:            5716 kB
SwapTotal:       3145724 kB
SwapFree:        3145724 kB
Dirty:               712 kB
Writeback:             0 kB
AnonPages:       1241196 kB
Mapped:           773504 kB
Shmem:             34712 kB
KReclaimable:     547136 kB
Slab:             225892 kB
SReclaimable:      79156 kB
SUnreclaim:       146736 kB
KernelStack:       47088 kB
PageTables:        63564 kB
NFS_Unstable:          0 kB
Bounce:                0 kB
WritebackTmp:          0 kB
CommitLimit:     9202292 kB
Committed_AS:   67484536 kB
VmallocTotal:   263061440 kB
VmallocUsed:      104120 kB
VmallocChunk:          0 kB
Percpu:             7648 kB
CmaTotal:         294912 kB
CmaFree:               0 kB
MemTotal:       12113136 kB
MemFree:          467492 kB
MemAvailable:    7944576 kB
Buffers:            6580 kB
Cached:          7831452 kB
SwapCached:            0 kB
Active:          2083412 kB
Inactive:        6988644 kB
Active(anon):    1143540 kB
Inactive(anon):   129864 kB
Active(file):     939872 kB
Inactive(file):  6858780 kB
Unevictable:        5716 kB
Mlocked:            5716 kB
SwapTotal:       3145724 kB
SwapFree:        3145724 kB
Dirty:               696 kB
Writeback:             0 kB
AnonPages:       1239272 kB
Mapped:           773504 kB
Shmem:             34712 kB
KReclaimable:     547136 kB
Slab:             225892 kB
SReclaimable:      79156 kB
SUnreclaim:       146736 kB
KernelStack:       47088 kB
PageTables:        63556 kB
NFS_Unstable:          0 kB
Bounce:                0 kB
WritebackTmp:          0 kB
CommitLimit:     9202292 kB
Committed_AS:   67484316 kB
VmallocTotal:   263061440 kB
VmallocUsed:      104088 kB
VmallocChunk:          0 kB
Percpu:             7648 kB
CmaTotal:         294912 kB
CmaFree:             224 kB
MemTotal:       12113136 kB
MemFree:          466808 kB
MemAvailable:    7943900 kB
Buffers:            6580 kB
Cached:          7831460 kB
SwapCached:            0 kB
Active:          2084080 kB
Inactive:        6988652 kB
Active(anon):    1144208 kB
Inactive(anon):   129864 kB
Active(file):     939872 kB
Inactive(file):  6858788 kB
Unevictable:        5716 kB
Mlocked:            5716 kB
SwapTotal:       3145724 kB
SwapFree:        3145724 kB
Dirty:               708 kB
Writeback:             0 kB
AnonPages:       1240492 kB
Mapped:           773504 kB
Shmem:             34712 kB
KReclaimable:     547136 kB
Slab:             225892 kB
SReclaimable:      79156 kB
SUnreclaim:       146736 kB
KernelStack:       47088 kB
PageTables:        63528 kB
NFS_Unstable:          0 kB
Bounce:                0 kB
WritebackTmp:          0 kB
CommitLimit:     9202292 kB
Committed_AS:   67471308 kB
VmallocTotal:   263061440 kB
VmallocUsed:      104072 kB
VmallocChunk:          0 kB
Percpu:             7648 kB
CmaTotal:         294912 kB
CmaFree:              64 kB
MemTotal:       12113136 kB
MemFree:          465936 kB
MemAvailable:    7943052 kB
Buffers:            6580 kB
Cached:          7831484 kB
SwapCached:            0 kB
Active:          2084952 kB
Inactive:        6988672 kB
Active(anon):    1145076 kB
Inactive(anon):   129864 kB
Active(file):     939876 kB
Inactive(file):  6858808 kB
Unevictable:        5716 kB
Mlocked:            5716 kB
SwapTotal:       3145724 kB
SwapFree:        3145724 kB
Dirty:               728 kB
Writeback:             0 kB
AnonPages:       1241508 kB
Mapped:           773504 kB
Shmem:             34712 kB
KReclaimable:     547136 kB
Slab:             225900 kB
SReclaimable:      79156 kB
SUnreclaim:       146744 kB
KernelStack:       47072 kB
PageTables:        63564 kB
NFS_Unstable:          0 kB
Bounce:                0 kB
WritebackTmp:          0 kB
CommitLimit:     9202292 kB
Committed_AS:   67479456 kB
VmallocTotal:   263061440 kB
VmallocUsed:      104072 kB
VmallocChunk:          0 kB
Percpu:             7648 kB
CmaTotal:         294912 kB
CmaFree:              60 kB
MemTotal:       12113136 kB
MemFree:          466420 kB
MemAvailable:    7943536 kB
Buffers:            6580 kB
Cached:          7831484 kB
SwapCached:            0 kB
Active:          2085052 kB
Inactive:        6988676 kB
Active(anon):    1145180 kB
Inactive(anon):   129864 kB
Active(file):     939872 kB
Inactive(file):  6858812 kB
Unevictable:        5716 kB
Mlocked:            5716 kB
SwapTotal:       3145724 kB
SwapFree:        3145724 kB
Dirty:               768 kB
Writeback:             0 kB
AnonPages:       1241184 kB
Mapped:           773504 kB
Shmem:             34712 kB
KReclaimable:     547136 kB
Slab:             225900 kB
SReclaimable:      79156 kB
SUnreclaim:       146744 kB
KernelStack:       47088 kB
PageTables:        63620 kB
NFS_Unstable:          0 kB
Bounce:                0 kB
WritebackTmp:          0 kB
CommitLimit:     9202292 kB
Committed_AS:   67475456 kB
VmallocTotal:   263061440 kB
VmallocUsed:      104056 kB
VmallocChunk:          0 kB
Percpu:             7648 kB
CmaTotal:         294912 kB
CmaFree:               0 kB
MemTotal:       12113136 kB
MemFree:          465816 kB
MemAvailable:    7942948 kB
Buffers:            6580 kB
Cached:          7831500 kB
SwapCached:            0 kB
Active:          2085500 kB
Inactive:        6988692 kB
Active(anon):    1145628 kB
Inactive(anon):   129864 kB
Active(file):     939872 kB
Inactive(file):  6858828 kB
Unevictable:        5716 kB
Mlocked:            5716 kB
SwapTotal:       3145724 kB
SwapFree:        3145724 kB
Dirty:               804 kB
Writeback:             0 kB
AnonPages:       1241764 kB
Mapped:           773504 kB
Shmem:             34712 kB
KReclaimable:     547136 kB
Slab:             225900 kB
SReclaimable:      79156 kB
SUnreclaim:       146744 kB
KernelStack:       47088 kB
PageTables:        63564 kB
NFS_Unstable:          0 kB
Bounce:                0 kB
WritebackTmp:          0 kB
CommitLimit:     9202292 kB
Committed_AS:   67475128 kB
VmallocTotal:   263061440 kB
VmallocUsed:      104104 kB
VmallocChunk:          0 kB
Percpu:             7648 kB
CmaTotal:         294912 kB
CmaFree:               0 kB
MemTotal:       12113136 kB
MemFree:          465244 kB
MemAvailable:    7942380 kB
Buffers:            6580 kB
Cached:          7831504 kB
SwapCached:            0 kB
Active:          2087320 kB
Inactive:        6988696 kB
Active(anon):    1147448 kB
Inactive(anon):   129864 kB
Active(file):     939872 kB
Inactive(file):  6858832 kB
Unevictable:        5716 kB
Mlocked:            5716 kB
SwapTotal:       3145724 kB
SwapFree:        3145724 kB
Dirty:               816 kB
Writeback:             0 kB
AnonPages:       1243576 kB
Mapped:           773504 kB
Shmem:             34712 kB
KReclaimable:     547136 kB
Slab:             225900 kB
SReclaimable:      79156 kB
SUnreclaim:       146744 kB
KernelStack:       47072 kB
PageTables:        63568 kB
NFS_Unstable:          0 kB
Bounce:                0 kB
WritebackTmp:          0 kB
CommitLimit:     9202292 kB
Committed_AS:   67474996 kB
VmallocTotal:   263061440 kB
VmallocUsed:      104088 kB
VmallocChunk:          0 kB
Percpu:             7648 kB
CmaTotal:         294912 kB
CmaFree:               0 kB
MemTotal:       12113136 kB
MemFree:          463532 kB
MemAvailable:    7940684 kB
Buffers:            6580 kB
Cached:          7831520 kB
SwapCached:            0 kB
Active:          2087176 kB
Inactive:        6988612 kB
Active(anon):    1147204 kB
Inactive(anon):   129864 kB
Active(file):     939972 kB
Inactive(file):  6858748 kB
Unevictable:        5716 kB
Mlocked:            5716 kB
SwapTotal:       3145724 kB
SwapFree:        3145724 kB
Dirty:               872 kB
Writeback:             0 kB
AnonPages:       1243224 kB
Mapped:           773504 kB
Shmem:             34712 kB
KReclaimable:     547136 kB
Slab:             225900 kB
SReclaimable:      79156 kB
SUnreclaim:       146744 kB
KernelStack:       47040 kB
PageTables:        63548 kB
NFS_Unstable:          0 kB
Bounce:                0 kB
WritebackTmp:          0 kB
CommitLimit:     9202292 kB
Committed_AS:   67484636 kB
VmallocTotal:   263061440 kB
VmallocUsed:      104056 kB
VmallocChunk:          0 kB
Percpu:             7648 kB
CmaTotal:         294912 kB
CmaFree:               0 kB
MemTotal:       12113136 kB
MemFree:          462956 kB
MemAvailable:    7940120 kB
Buffers:            6580 kB
Cached:          7831532 kB
SwapCached:            0 kB
Active:          2088392 kB
Inactive:        6988624 kB
Active(anon):    1148420 kB
Inactive(anon):   129864 kB
Active(file):     939972 kB
Inactive(file):  6858760 kB
Unevictable:        5716 kB
Mlocked:            5716 kB
SwapTotal:       3145724 kB
SwapFree:        3145724 kB
Dirty:               888 kB
Writeback:             0 kB
AnonPages:       1244408 kB
Mapped:           773652 kB
Shmem:             34712 kB
KReclaimable:     547136 kB
Slab:             225900 kB
SReclaimable:      79156 kB
SUnreclaim:       146744 kB
KernelStack:       47056 kB
PageTables:        63548 kB
NFS_Unstable:          0 kB
Bounce:                0 kB
WritebackTmp:          0 kB
CommitLimit:     9202292 kB
Committed_AS:   67475116 kB
VmallocTotal:   263061440 kB
VmallocUsed:      104024 kB
VmallocChunk:          0 kB
Percpu:             7648 kB
CmaTotal:         294912 kB
CmaFree:               0 kB
MemTotal:       12113136 kB
MemFree:          462532 kB
MemAvailable:    7939704 kB
Buffers:            6580 kB
Cached:          7831540 kB
SwapCached:            0 kB
Active:          2088252 kB
Inactive:        6988632 kB
Active(anon):    1148280 kB
Inactive(anon):   129864 kB
Active(file):     939972 kB
Inactive(file):  6858768 kB
Unevictable:        5716 kB
Mlocked:            5716 kB
SwapTotal:       3145724 kB
SwapFree:        3145724 kB
Dirty:               956 kB
Writeback:             0 kB
AnonPages:       1244816 kB
Mapped:           773504 kB
Shmem:             34712 kB
KReclaimable:     547136 kB
Slab:             225908 kB
SReclaimable:      79156 kB
SUnreclaim:       146752 kB
KernelStack:       47056 kB
PageTables:        63552 kB
NFS_Unstable:          0 kB
Bounce:                0 kB
WritebackTmp:          0 kB
CommitLimit:     9202292 kB
Committed_AS:   67479380 kB
VmallocTotal:   263061440 kB
VmallocUsed:      104024 kB
VmallocChunk:          0 kB
Percpu:             7648 kB
CmaTotal:         294912 kB
CmaFree:               0 kB
MemTotal:       12113136 kB
MemFree:          462604 kB
MemAvailable:    7939796 kB
Buffers:            6580 kB
Cached:          7831560 kB
SwapCached:            0 kB
Active:          2089572 kB
Inactive:        6988652 kB
Active(anon):    1149600 kB
Inactive(anon):   129864 kB
Active(file):     939972 kB
Inactive(file):  6858788 kB
Unevictable:        5716 kB
Mlocked:            5716 kB
SwapTotal:       3145724 kB
SwapFree:        3145724 kB
Dirty:              1000 kB
Writeback:             0 kB
AnonPages:       1245544 kB
Mapped:           773504 kB
Shmem:             34712 kB
KReclaimable:     547136 kB
Slab:             225900 kB
SReclaimable:      79156 kB
SUnreclaim:       146744 kB
KernelStack:       47056 kB
PageTables:        63544 kB
NFS_Unstable:          0 kB
Bounce:                0 kB
WritebackTmp:          0 kB
CommitLimit:     9202292 kB
Committed_AS:   67473524 kB
VmallocTotal:   263061440 kB
VmallocUsed:      103976 kB
VmallocChunk:          0 kB
Percpu:             7648 kB
CmaTotal:         294912 kB
CmaFree:               0 kB
MemTotal:       12113136 kB
MemFree:          463672 kB
MemAvailable:    7940872 kB
Buffers:            6580 kB
Cached:          7831568 kB
SwapCached:            0 kB
Active:          2085568 kB
Inactive:        6988660 kB
Active(anon):    1145596 kB
Inactive(anon):   129864 kB
Active(file):     939972 kB
Inactive(file):  6858796 kB
Unevictable:        5716 kB
Mlocked:            5716 kB
SwapTotal:       3145724 kB
SwapFree:        3145724 kB
Dirty:              1008 kB
Writeback:             0 kB
AnonPages:       1241816 kB
Mapped:           773504 kB
Shmem:             34712 kB
KReclaimable:     547136 kB
Slab:             225900 kB
SReclaimable:      79156 kB
SUnreclaim:       146744 kB
KernelStack:       47008 kB
PageTables:        63548 kB
NFS_Unstable:          0 kB
Bounce:                0 kB
WritebackTmp:          0 kB
CommitLimit:     9202292 kB
Committed_AS:   67475808 kB
VmallocTotal:   263061440 kB
VmallocUsed:      104008 kB
VmallocChunk:          0 kB
Percpu:             7648 kB
CmaTotal:         294912 kB
CmaFree:             808 kB
MemTotal:       12113136 kB
MemFree:          464344 kB
MemAvailable:    7941620 kB
Buffers:            6580 kB
Cached:          7831580 kB
SwapCached:            0 kB
Active:          2086292 kB
Inactive:        6988672 kB
Active(anon):    1146320 kB
Inactive(anon):   129864 kB
Active(file):     939972 kB
Inactive(file):  6858808 kB
Unevictable:        5716 kB
Mlocked:            5716 kB
SwapTotal:       3145724 kB
SwapFree:        3145724 kB
Dirty:              1036 kB
Writeback:             0 kB
AnonPages:       1242360 kB
Mapped:           773504 kB
Shmem:             34712 kB
KReclaimable:     547136 kB
Slab:             225900 kB
SReclaimable:      79156 kB
SUnreclaim:       146744 kB
KernelStack:       47024 kB
PageTables:        63568 kB
NFS_Unstable:          0 kB
Bounce:                0 kB
WritebackTmp:          0 kB
CommitLimit:     9202292 kB
Committed_AS:   67486020 kB
VmallocTotal:   263061440 kB
VmallocUsed:      104024 kB
VmallocChunk:          0 kB
Percpu:             7648 kB
CmaTotal:         294912 kB
CmaFree:             260 kB
MemTotal:       12113136 kB
MemFree:          463092 kB
MemAvailable:    7940316 kB
Buffers:            6580 kB
Cached:          7831592 kB
SwapCached:            0 kB
Active:          2086508 kB
Inactive:        6988684 kB
Active(anon):    1146536 kB
Inactive(anon):   129864 kB
Active(file):     939972 kB
Inactive(file):  6858820 kB
Unevictable:        5716 kB
Mlocked:            5716 kB
SwapTotal:       3145724 kB
SwapFree:        3145724 kB
Dirty:              1048 kB
Writeback:             0 kB
AnonPages:       1243152 kB
Mapped:           773504 kB
Shmem:             34712 kB
KReclaimable:     547136 kB
Slab:             225900 kB
SReclaimable:      79156 kB
SUnreclaim:       146744 kB
KernelStack:       47008 kB
PageTables:        63548 kB
NFS_Unstable:          0 kB
Bounce:                0 kB
WritebackTmp:          0 kB
CommitLimit:     9202292 kB
Committed_AS:   67485984 kB
VmallocTotal:   263061440 kB
VmallocUsed:      104056 kB
VmallocChunk:          0 kB
Percpu:             7648 kB
CmaTotal:         294912 kB
CmaFree:             124 kB
MemTotal:       12113136 kB
MemFree:          463512 kB
MemAvailable:    7940748 kB
Buffers:            6580 kB
Cached:          7831604 kB
SwapCached:            0 kB
Active:          2087372 kB
Inactive:        6988696 kB
Active(anon):    1147400 kB
Inactive(anon):   129864 kB
Active(file):     939972 kB
Inactive(file):  6858832 kB
Unevictable:        5716 kB
Mlocked:            5716 kB
SwapTotal:       3145724 kB
SwapFree:        3145724 kB
Dirty:              1060 kB
Writeback:             0 kB
AnonPages:       1243752 kB
Mapped:           773504 kB
Shmem:             34712 kB
KReclaimable:     547136 kB
Slab:             225900 kB
SReclaimable:      79156 kB
SUnreclaim:       146744 kB
KernelStack:       46944 kB
PageTables:        63544 kB
NFS_Unstable:          0 kB
Bounce:                0 kB
WritebackTmp:          0 kB
CommitLimit:     9202292 kB
Committed_AS:   67489928 kB
VmallocTotal:   263061440 kB
VmallocUsed:      104008 kB
VmallocChunk:          0 kB
Percpu:             7648 kB
CmaTotal:         294912 kB
CmaFree:              72 kB
MemTotal:       12113136 kB
MemFree:          462936 kB
MemAvailable:    7940196 kB
Buffers:            6584 kB
Cached:          7831620 kB
SwapCached:            0 kB
Active:          2087852 kB
Inactive:        6988716 kB
Active(anon):    1147880 kB
Inactive(anon):   129864 kB
Active(file):     939972 kB
Inactive(file):  6858852 kB
Unevictable:        5716 kB
Mlocked:            5716 kB
SwapTotal:       3145724 kB
SwapFree:        3145724 kB
Dirty:               968 kB
Writeback:           168 kB
AnonPages:       1244232 kB
Mapped:           773504 kB
Shmem:             34712 kB
KReclaimable:     547140 kB
Slab:             225904 kB
SReclaimable:      79160 kB
SUnreclaim:       146744 kB
KernelStack:       46928 kB
PageTables:        63536 kB
NFS_Unstable:          0 kB
Bounce:                0 kB
WritebackTmp:          0 kB
CommitLimit:     9202292 kB
Committed_AS:   67490184 kB
VmallocTotal:   263061440 kB
VmallocUsed:      103960 kB
VmallocChunk:          0 kB
Percpu:             7648 kB
CmaTotal:         294912 kB
CmaFree:               0 kB
MemTotal:       12113136 kB
MemFree:          463916 kB
MemAvailable:    7941204 kB
Buffers:            6584 kB
Cached:          7831584 kB
SwapCached:            0 kB
Active:          2086880 kB
Inactive:        6988676 kB
Active(anon):    1146904 kB
Inactive(anon):   129800 kB
Active(file):     939976 kB
Inactive(file):  6858876 kB
Unevictable:        5716 kB
Mlocked:            5716 kB
SwapTotal:       3145724 kB
SwapFree:        3145724 kB
Dirty:               924 kB
Writeback:             0 kB
AnonPages:       1243264 kB
Mapped:           773472 kB
Shmem:             34648 kB
KReclaimable:     547140 kB
Slab:             225904 kB
SReclaimable:      79160 kB
SUnreclaim:       146744 kB
KernelStack:       46928 kB
PageTables:        63544 kB
NFS_Unstable:          0 kB
Bounce:                0 kB
WritebackTmp:          0 kB
CommitLimit:     9202292 kB
Committed_AS:   67489244 kB
VmallocTotal:   263061440 kB
VmallocUsed:      103944 kB
VmallocChunk:          0 kB
Percpu:             7648 kB
CmaTotal:         294912 kB
CmaFree:               0 kB
MemTotal:       12113136 kB
MemFree:          439044 kB
MemAvailable:    7916356 kB
Buffers:            6584 kB
Cached:          7831608 kB
SwapCached:            0 kB
Active:          2114836 kB
Inactive:        6988700 kB
Active(anon):    1174860 kB
Inactive(anon):   129800 kB
Active(file):     939976 kB
Inactive(file):  6858900 kB
Unevictable:        5716 kB
Mlocked:            5716 kB
SwapTotal:       3145724 kB
SwapFree:        3145724 kB
Dirty:               948 kB
Writeback:             0 kB
AnonPages:       1271388 kB
Mapped:           773472 kB
Shmem:             34648 kB
KReclaimable:     547140 kB
Slab:             225904 kB
SReclaimable:      79160 kB
SUnreclaim:       146744 kB
KernelStack:       46912 kB
PageTables:        63532 kB
NFS_Unstable:          0 kB
Bounce:                0 kB
WritebackTmp:          0 kB
CommitLimit:     9202292 kB
Committed_AS:   67490116 kB
VmallocTotal:   263061440 kB
VmallocUsed:      103912 kB
VmallocChunk:          0 kB
Percpu:             7648 kB
CmaTotal:         294912 kB
CmaFree:               0 kB
MemTotal:       12113136 kB
MemFree:          435732 kB
MemAvailable:    7913048 kB
Buffers:            6584 kB
Cached:          7831612 kB
SwapCached:            0 kB
Active:          2116432 kB
Inactive:        6988704 kB
Active(anon):    1176456 kB
Inactive(anon):   129800 kB
Active(file):     939976 kB
Inactive(file):  6858904 kB
Unevictable:        5716 kB
Mlocked:            5716 kB
SwapTotal:       3145724 kB
SwapFree:        3145724 kB
Dirty:               952 kB
Writeback:             0 kB
AnonPages:       1272652 kB
Mapped:           773472 kB
Shmem:             34648 kB
KReclaimable:     547140 kB
Slab:             225896 kB
SReclaimable:      79160 kB
SUnreclaim:       146736 kB
KernelStack:       46912 kB
PageTables:        63532 kB
NFS_Unstable:          0 kB
Bounce:                0 kB
WritebackTmp:          0 kB
CommitLimit:     9202292 kB
Committed_AS:   67495176 kB
VmallocTotal:   263061440 kB
VmallocUsed:      103944 kB
VmallocChunk:          0 kB
Percpu:             7648 kB
CmaTotal:         294912 kB
CmaFree:               0 kB
MemTotal:       12113136 kB
MemFree:          447072 kB
MemAvailable:    7924400 kB
Buffers:            6584 kB
Cached:          7831628 kB
SwapCached:            0 kB
Active:          2102756 kB
Inactive:        6988720 kB
Active(anon):    1162780 kB
Inactive(anon):   129804 kB
Active(file):     939976 kB
Inactive(file):  6858916 kB
Unevictable:        5716 kB
Mlocked:            5716 kB
SwapTotal:       3145724 kB
SwapFree:        3145724 kB
Dirty:               992 kB
Writeback:             0 kB
AnonPages:       1259184 kB
Mapped:           773616 kB
Shmem:             34652 kB
KReclaimable:     547140 kB
Slab:             225896 kB
SReclaimable:      79160 kB
SUnreclaim:       146736 kB
KernelStack:       46896 kB
PageTables:        63492 kB
NFS_Unstable:          0 kB
Bounce:                0 kB
WritebackTmp:          0 kB
CommitLimit:     9202292 kB
Committed_AS:   67500016 kB
VmallocTotal:   263061440 kB
VmallocUsed:      103928 kB
VmallocChunk:          0 kB
Percpu:             7648 kB
CmaTotal:         294912 kB
CmaFree:              40 kB
MemTotal:       12113136 kB
MemFree:          447684 kB
MemAvailable:    7925032 kB
Buffers:            6584 kB
Cached:          7831648 kB
SwapCached:            0 kB
Active:          2103844 kB
Inactive:        6988740 kB
Active(anon):    1163868 kB
Inactive(anon):   129804 kB
Active(file):     939976 kB
Inactive(file):  6858936 kB
Unevictable:        5716 kB
Mlocked:            5716 kB
SwapTotal:       3145724 kB
SwapFree:        3145724 kB
Dirty:              1012 kB
Writeback:             0 kB
AnonPages:       1259996 kB
Mapped:           773476 kB
Shmem:             34652 kB
KReclaimable:     547140 kB
Slab:             225896 kB
SReclaimable:      79160 kB
SUnreclaim:       146736 kB
KernelStack:       46928 kB
PageTables:        63512 kB
NFS_Unstable:          0 kB
Bounce:                0 kB
WritebackTmp:          0 kB
CommitLimit:     9202292 kB
Committed_AS:   67490036 kB
VmallocTotal:   263061440 kB
VmallocUsed:      103944 kB
VmallocChunk:          0 kB
Percpu:             7648 kB
CmaTotal:         294912 kB
CmaFree:               0 kB
MemTotal:       12113136 kB
MemFree:          461868 kB
MemAvailable:    7939224 kB
Buffers:            6584 kB
Cached:          7831656 kB
SwapCached:            0 kB
Active:          2089036 kB
Inactive:        6988748 kB
Active(anon):    1149060 kB
Inactive(anon):   129804 kB
Active(file):     939976 kB
Inactive(file):  6858944 kB
Unevictable:        5716 kB
Mlocked:            5716 kB
SwapTotal:       3145724 kB
SwapFree:        3145724 kB
Dirty:               280 kB
Writeback:             0 kB
AnonPages:       1245164 kB
Mapped:           773476 kB
Shmem:             34652 kB
KReclaimable:     547140 kB
Slab:             225908 kB
SReclaimable:      79160 kB
SUnreclaim:       146748 kB
KernelStack:       46912 kB
PageTables:        63528 kB
NFS_Unstable:          0 kB
Bounce:                0 kB
WritebackTmp:          0 kB
CommitLimit:     9202292 kB
Committed_AS:   67485896 kB
VmallocTotal:   263061440 kB
VmallocUsed:      103928 kB
VmallocChunk:          0 kB
Percpu:             7648 kB
CmaTotal:         294912 kB
CmaFree:               0 kB
MemTotal:       12113136 kB
MemFree:          461336 kB
MemAvailable:    7938700 kB
Buffers:            6584 kB
Cached:          7831664 kB
SwapCached:            0 kB
Active:          2089536 kB
Inactive:        6988760 kB
Active(anon):    1149564 kB
Inactive(anon):   129804 kB
Active(file):     939972 kB
Inactive(file):  6858956 kB
Unevictable:        5716 kB
Mlocked:            5716 kB
SwapTotal:       3145724 kB
SwapFree:        3145724 kB
Dirty:               352 kB
Writeback:             0 kB
AnonPages:       1245740 kB
Mapped:           773476 kB
Shmem:             34652 kB
KReclaimable:     547140 kB
Slab:             225908 kB
SReclaimable:      79160 kB
SUnreclaim:       146748 kB
KernelStack:       46912 kB
PageTables:        63540 kB
NFS_Unstable:          0 kB
Bounce:                0 kB
WritebackTmp:          0 kB
CommitLimit:     9202292 kB
Committed_AS:   67485808 kB
VmallocTotal:   263061440 kB
VmallocUsed:      103928 kB
VmallocChunk:          0 kB
Percpu:             7648 kB
CmaTotal:         294912 kB
CmaFree:               0 kB
MemTotal:       12113136 kB
MemFree:          461196 kB
MemAvailable:    7938576 kB
Buffers:            6584 kB
Cached:          7831680 kB
SwapCached:            0 kB
Active:          2090264 kB
Inactive:        6988772 kB
Active(anon):    1150288 kB
Inactive(anon):   129804 kB
Active(file):     939976 kB
Inactive(file):  6858968 kB
Unevictable:        5716 kB
Mlocked:            5716 kB
SwapTotal:       3145724 kB
SwapFree:        3145724 kB
Dirty:               372 kB
Writeback:             0 kB
AnonPages:       1246528 kB
Mapped:           773476 kB
Shmem:             34652 kB
KReclaimable:     547140 kB
Slab:             225908 kB
SReclaimable:      79160 kB
SUnreclaim:       146748 kB
KernelStack:       46912 kB
PageTables:        63532 kB
NFS_Unstable:          0 kB
Bounce:                0 kB
WritebackTmp:          0 kB
CommitLimit:     9202292 kB
Committed_AS:   67485588 kB
VmallocTotal:   263061440 kB
VmallocUsed:      103960 kB
VmallocChunk:          0 kB
Percpu:             7648 kB
CmaTotal:         294912 kB
CmaFree:               0 kB
MemTotal:       12113136 kB
MemFree:          460248 kB
MemAvailable:    7937644 kB
Buffers:            6584 kB
Cached:          7831696 kB
SwapCached:            0 kB
Active:          2090436 kB
Inactive:        6988788 kB
Active(anon):    1150460 kB
Inactive(anon):   129804 kB
Active(file):     939976 kB
Inactive(file):  6858984 kB
Unevictable:        5716 kB
Mlocked:            5716 kB
SwapTotal:       3145724 kB
SwapFree:        3145724 kB
Dirty:               396 kB
Writeback:             0 kB
AnonPages:       1246832 kB
Mapped:           773476 kB
Shmem:             34652 kB
KReclaimable:     547140 kB
Slab:             225908 kB
SReclaimable:      79160 kB
SUnreclaim:       146748 kB
KernelStack:       46912 kB
PageTables:        63532 kB
NFS_Unstable:          0 kB
Bounce:                0 kB
WritebackTmp:          0 kB
CommitLimit:     9202292 kB
Committed_AS:   67485512 kB
VmallocTotal:   263061440 kB
VmallocUsed:      103944 kB
VmallocChunk:          0 kB
Percpu:             7648 kB
CmaTotal:         294912 kB
CmaFree:               0 kB
MemTotal:       12113136 kB
MemFree:          460304 kB
MemAvailable:    7937704 kB
Buffers:            6584 kB
Cached:          7831700 kB
SwapCached:            0 kB
Active:          2090912 kB
Inactive:        6988792 kB
Active(anon):    1150936 kB
Inactive(anon):   129804 kB
Active(file):     939976 kB
Inactive(file):  6858988 kB
Unevictable:        5716 kB
Mlocked:            5716 kB
SwapTotal:       3145724 kB
SwapFree:        3145724 kB
Dirty:               428 kB
Writeback:             0 kB
AnonPages:       1247356 kB
Mapped:           773476 kB
Shmem:             34652 kB
KReclaimable:     547140 kB
Slab:             225908 kB
SReclaimable:      79160 kB
SUnreclaim:       146748 kB
KernelStack:       46912 kB
PageTables:        63540 kB
NFS_Unstable:          0 kB
Bounce:                0 kB
WritebackTmp:          0 kB
CommitLimit:     9202292 kB
Committed_AS:   67485356 kB
VmallocTotal:   263061440 kB
VmallocUsed:      103912 kB
VmallocChunk:          0 kB
Percpu:             7648 kB
CmaTotal:         294912 kB
CmaFree:               0 kB
MemTotal:       12113136 kB
MemFree:          459876 kB
MemAvailable:    7937292 kB
Buffers:            6584 kB
Cached:          7831716 kB
SwapCached:            0 kB
Active:          2091308 kB
Inactive:        6988808 kB
Active(anon):    1151332 kB
Inactive(anon):   129804 kB
Active(file):     939976 kB
Inactive(file):  6859004 kB
Unevictable:        5716 kB
Mlocked:            5716 kB
SwapTotal:       3145724 kB
SwapFree:        3145724 kB
Dirty:               448 kB
Writeback:             0 kB
AnonPages:       1247536 kB
Mapped:           773476 kB
Shmem:             34652 kB
KReclaimable:     547140 kB
Slab:             225916 kB
SReclaimable:      79160 kB
SUnreclaim:       146756 kB
KernelStack:       46912 kB
PageTables:        63544 kB
NFS_Unstable:          0 kB
Bounce:                0 kB
WritebackTmp:          0 kB
CommitLimit:     9202292 kB
Committed_AS:   67489360 kB
VmallocTotal:   263061440 kB
VmallocUsed:      103928 kB
VmallocChunk:          0 kB
Percpu:             7648 kB
CmaTotal:         294912 kB
CmaFree:               0 kB
MemTotal:       12113136 kB
MemFree:          459880 kB
MemAvailable:    7937304 kB
Buffers:            6584 kB
Cached:          7831724 kB
SwapCached:            0 kB
Active:          2092224 kB
Inactive:        6988816 kB
Active(anon):    1152248 kB
Inactive(anon):   129804 kB
Active(file):     939976 kB
Inactive(file):  6859012 kB
Unevictable:        5716 kB
Mlocked:            5716 kB
SwapTotal:       3145724 kB
SwapFree:        3145724 kB
Dirty:               472 kB
Writeback:             0 kB
AnonPages:       1248192 kB
Mapped:           773476 kB
Shmem:             34652 kB
KReclaimable:     547140 kB
Slab:             225908 kB
SReclaimable:      79160 kB
SUnreclaim:       146748 kB
KernelStack:       46912 kB
PageTables:        63544 kB
NFS_Unstable:          0 kB
Bounce:                0 kB
WritebackTmp:          0 kB
CommitLimit:     9202292 kB
Committed_AS:   67490136 kB
VmallocTotal:   263061440 kB
VmallocUsed:      103944 kB
VmallocChunk:          0 kB
Percpu:             7648 kB
CmaTotal:         294912 kB
CmaFree:               0 kB
MemTotal:       12113136 kB
MemFree:          475160 kB
MemAvailable:    7952600 kB
Buffers:            6584 kB
Cached:          7831740 kB
SwapCached:            0 kB
Active:          2075380 kB
Inactive:        6988832 kB
Active(anon):    1135404 kB
Inactive(anon):   129804 kB
Active(file):     939976 kB
Inactive(file):  6859028 kB
Unevictable:        5716 kB
Mlocked:            5716 kB
SwapTotal:       3145724 kB
SwapFree:        3145724 kB
Dirty:               488 kB
Writeback:             0 kB
AnonPages:       1231228 kB
Mapped:           773476 kB
Shmem:             34652 kB
KReclaimable:     547140 kB
Slab:             225916 kB
SReclaimable:      79160 kB
SUnreclaim:       146756 kB
KernelStack:       46912 kB
PageTables:        63548 kB
NFS_Unstable:          0 kB
Bounce:                0 kB
WritebackTmp:          0 kB
CommitLimit:     9202292 kB
Committed_AS:   67485428 kB
VmallocTotal:   263061440 kB
VmallocUsed:      103944 kB
VmallocChunk:          0 kB
Percpu:             7648 kB
CmaTotal:         294912 kB
CmaFree:             388 kB
MemTotal:       12113136 kB
MemFree:          473328 kB
MemAvailable:    7950784 kB
Buffers:            6584 kB
Cached:          7831756 kB
SwapCached:            0 kB
Active:          2076216 kB
Inactive:        6988848 kB
Active(anon):    1136240 kB
Inactive(anon):   129804 kB
Active(file):     939976 kB
Inactive(file):  6859044 kB
Unevictable:        5716 kB
Mlocked:            5716 kB
SwapTotal:       3145724 kB
SwapFree:        3145724 kB
Dirty:               504 kB
Writeback:             0 kB
AnonPages:       1232584 kB
Mapped:           773476 kB
Shmem:             34652 kB
KReclaimable:     547140 kB
Slab:             225908 kB
SReclaimable:      79160 kB
SUnreclaim:       146748 kB
KernelStack:       46896 kB
PageTables:        63532 kB
NFS_Unstable:          0 kB
Bounce:                0 kB
WritebackTmp:          0 kB
CommitLimit:     9202292 kB
Committed_AS:   67489584 kB
VmallocTotal:   263061440 kB
VmallocUsed:      103976 kB
VmallocChunk:          0 kB
Percpu:             7648 kB
CmaTotal:         294912 kB
CmaFree:             128 kB
MemTotal:       12113136 kB
MemFree:          473824 kB
MemAvailable:    7951308 kB
Buffers:            6588 kB
Cached:          7831780 kB
SwapCached:            0 kB
Active:          2076924 kB
Inactive:        6988872 kB
Active(anon):    1136944 kB
Inactive(anon):   129804 kB
Active(file):     939980 kB
Inactive(file):  6859068 kB
Unevictable:        5716 kB
Mlocked:            5716 kB
SwapTotal:       3145724 kB
SwapFree:        3145724 kB
Dirty:               508 kB
Writeback:             0 kB
AnonPages:       1233232 kB
Mapped:           773476 kB
Shmem:             34652 kB
KReclaimable:     547140 kB
Slab:             225916 kB
SReclaimable:      79160 kB
SUnreclaim:       146756 kB
KernelStack:       47056 kB
PageTables:        63652 kB
NFS_Unstable:          0 kB
Bounce:                0 kB
WritebackTmp:          0 kB
CommitLimit:     9202292 kB
Committed_AS:   67489620 kB
VmallocTotal:   263061440 kB
VmallocUsed:      104008 kB
VmallocChunk:          0 kB
Percpu:             7648 kB
CmaTotal:         294912 kB
CmaFree:               0 kB
MemTotal:       12113136 kB
MemFree:          472740 kB
MemAvailable:    7950232 kB
Buffers:            6588 kB
Cached:          7831788 kB
SwapCached:            0 kB
Active:          2077880 kB
Inactive:        6988880 kB
Active(anon):    1137900 kB
Inactive(anon):   129804 kB
Active(file):     939980 kB
Inactive(file):  6859076 kB
Unevictable:        5716 kB
Mlocked:            5716 kB
SwapTotal:       3145724 kB
SwapFree:        3145724 kB
Dirty:               516 kB
Writeback:             0 kB
AnonPages:       1234056 kB
Mapped:           773476 kB
Shmem:             34652 kB
KReclaimable:     547140 kB
Slab:             225908 kB
SReclaimable:      79160 kB
SUnreclaim:       146748 kB
KernelStack:       47008 kB
PageTables:        63540 kB
NFS_Unstable:          0 kB
Bounce:                0 kB
WritebackTmp:          0 kB
CommitLimit:     9202292 kB
Committed_AS:   67489820 kB
VmallocTotal:   263061440 kB
VmallocUsed:      104040 kB
VmallocChunk:          0 kB
Percpu:             7648 kB
CmaTotal:         294912 kB
CmaFree:               0 kB
MemTotal:       12113136 kB
MemFree:          473004 kB
MemAvailable:    7950516 kB
Buffers:            6588 kB
Cached:          7831808 kB
SwapCached:            0 kB
Active:          2078384 kB
Inactive:        6988900 kB
Active(anon):    1138404 kB
Inactive(anon):   129804 kB
Active(file):     939980 kB
Inactive(file):  6859096 kB
Unevictable:        5716 kB
Mlocked:            5716 kB
SwapTotal:       3145724 kB
SwapFree:        3145724 kB
Dirty:               536 kB
Writeback:             0 kB
AnonPages:       1234940 kB
Mapped:           773476 kB
Shmem:             34652 kB
KReclaimable:     547140 kB
Slab:             225908 kB
SReclaimable:      79160 kB
SUnreclaim:       146748 kB
KernelStack:       47008 kB
PageTables:        63552 kB
NFS_Unstable:          0 kB
Bounce:                0 kB
WritebackTmp:          0 kB
CommitLimit:     9202292 kB
Committed_AS:   67489644 kB
VmallocTotal:   263061440 kB
VmallocUsed:      104056 kB
VmallocChunk:          0 kB
Percpu:             7648 kB
CmaTotal:         294912 kB
CmaFree:               0 kB
MemTotal:       12113136 kB
MemFree:          471444 kB
MemAvailable:    7948964 kB
Buffers:            6588 kB
Cached:          7831816 kB
SwapCached:            0 kB
Active:          2079076 kB
Inactive:        6988908 kB
Active(anon):    1139096 kB
Inactive(anon):   129804 kB
Active(file):     939980 kB
Inactive(file):  6859104 kB
Unevictable:        5716 kB
Mlocked:            5716 kB
SwapTotal:       3145724 kB
SwapFree:        3145724 kB
Dirty:               556 kB
Writeback:             0 kB
AnonPages:       1235248 kB
Mapped:           773476 kB
Shmem:             34652 kB
KReclaimable:     547140 kB
Slab:             225908 kB
SReclaimable:      79160 kB
SUnreclaim:       146748 kB
KernelStack:       47008 kB
PageTables:        63540 kB
NFS_Unstable:          0 kB
Bounce:                0 kB
WritebackTmp:          0 kB
CommitLimit:     9202292 kB
Committed_AS:   67489964 kB
VmallocTotal:   263061440 kB
VmallocUsed:      104040 kB
VmallocChunk:          0 kB
Percpu:             7648 kB
CmaTotal:         294912 kB
CmaFree:               0 kB
MemTotal:       12113136 kB
MemFree:          472728 kB
MemAvailable:    7950260 kB
Buffers:            6588 kB
Cached:          7831828 kB
SwapCached:            0 kB
Active:          2079532 kB
Inactive:        6988920 kB
Active(anon):    1139552 kB
Inactive(anon):   129804 kB
Active(file):     939980 kB
Inactive(file):  6859116 kB
Unevictable:        5716 kB
Mlocked:            5716 kB
SwapTotal:       3145724 kB
SwapFree:        3145724 kB
Dirty:               572 kB
Writeback:             0 kB
AnonPages:       1235872 kB
Mapped:           773476 kB
Shmem:             34652 kB
KReclaimable:     547140 kB
Slab:             225900 kB
SReclaimable:      79160 kB
SUnreclaim:       146740 kB
KernelStack:       47008 kB
PageTables:        63556 kB
NFS_Unstable:          0 kB
Bounce:                0 kB
WritebackTmp:          0 kB
CommitLimit:     9202292 kB
Committed_AS:   67490216 kB
VmallocTotal:   263061440 kB
VmallocUsed:      104040 kB
VmallocChunk:          0 kB
Percpu:             7648 kB
CmaTotal:         294912 kB
CmaFree:               0 kB
MemTotal:       12113136 kB
MemFree:          471452 kB
MemAvailable:    7949000 kB
Buffers:            6588 kB
Cached:          7831844 kB
SwapCached:            0 kB
Active:          2079948 kB
Inactive:        6988936 kB
Active(anon):    1139968 kB
Inactive(anon):   129804 kB
Active(file):     939980 kB
Inactive(file):  6859132 kB
Unevictable:        5716 kB
Mlocked:            5716 kB
SwapTotal:       3145724 kB
SwapFree:        3145724 kB
Dirty:               592 kB
Writeback:             0 kB
AnonPages:       1236480 kB
Mapped:           773476 kB
Shmem:             34652 kB
KReclaimable:     547140 kB
Slab:             225916 kB
SReclaimable:      79160 kB
SUnreclaim:       146756 kB
KernelStack:       47008 kB
PageTables:        63540 kB
NFS_Unstable:          0 kB
Bounce:                0 kB
WritebackTmp:          0 kB
CommitLimit:     9202292 kB
Committed_AS:   67483244 kB
VmallocTotal:   263061440 kB
VmallocUsed:      104040 kB
VmallocChunk:          0 kB
Percpu:             7648 kB
CmaTotal:         294912 kB
CmaFree:               0 kB
MemTotal:       12113136 kB
MemFree:          471944 kB
MemAvailable:    7949504 kB
Buffers:            6588 kB
Cached:          7831856 kB
SwapCached:            0 kB
Active:          2080232 kB
Inactive:        6988948 kB
Active(anon):    1140252 kB
Inactive(anon):   129804 kB
Active(file):     939980 kB
Inactive(file):  6859144 kB
Unevictable:        5716 kB
Mlocked:            5716 kB
SwapTotal:       3145724 kB
SwapFree:        3145724 kB
Dirty:               616 kB
Writeback:             0 kB
AnonPages:       1236508 kB
Mapped:           773476 kB
Shmem:             34652 kB
KReclaimable:     547140 kB
Slab:             225916 kB
SReclaimable:      79160 kB
SUnreclaim:       146756 kB
KernelStack:       47040 kB
PageTables:        63532 kB
NFS_Unstable:          0 kB
Bounce:                0 kB
WritebackTmp:          0 kB
CommitLimit:     9202292 kB
Committed_AS:   67480192 kB
VmallocTotal:   263061440 kB
VmallocUsed:      104008 kB
VmallocChunk:          0 kB
Percpu:             7648 kB
CmaTotal:         294912 kB
CmaFree:              32 kB
MemTotal:       12113136 kB
MemFree:          470460 kB
MemAvailable:    7948024 kB
Buffers:            6588 kB
Cached:          7831860 kB
SwapCached:            0 kB
Active:          2080756 kB
Inactive:        6988952 kB
Active(anon):    1140776 kB
Inactive(anon):   129804 kB
Active(file):     939980 kB
Inactive(file):  6859148 kB
Unevictable:        5716 kB
Mlocked:            5716 kB
SwapTotal:       3145724 kB
SwapFree:        3145724 kB
Dirty:               620 kB
Writeback:             0 kB
AnonPages:       1237288 kB
Mapped:           773476 kB
Shmem:             34652 kB
KReclaimable:     547140 kB
Slab:             225900 kB
SReclaimable:      79160 kB
SUnreclaim:       146740 kB
KernelStack:       47008 kB
PageTables:        63540 kB
NFS_Unstable:          0 kB
Bounce:                0 kB
WritebackTmp:          0 kB
CommitLimit:     9202292 kB
Committed_AS:   67490268 kB
VmallocTotal:   263061440 kB
VmallocUsed:      104008 kB
VmallocChunk:          0 kB
Percpu:             7648 kB
CmaTotal:         294912 kB
CmaFree:               0 kB
MemTotal:       12113136 kB
MemFree:          469612 kB
MemAvailable:    7947192 kB
Buffers:            6588 kB
Cached:          7831876 kB
SwapCached:            0 kB
Active:          2081344 kB
Inactive:        6988968 kB
Active(anon):    1141364 kB
Inactive(anon):   129804 kB
Active(file):     939980 kB
Inactive(file):  6859164 kB
Unevictable:        5716 kB
Mlocked:            5716 kB
SwapTotal:       3145724 kB
SwapFree:        3145724 kB
Dirty:               636 kB
Writeback:             0 kB
AnonPages:       1237144 kB
Mapped:           773476 kB
Shmem:             34652 kB
KReclaimable:     547140 kB
Slab:             225908 kB
SReclaimable:      79160 kB
SUnreclaim:       146748 kB
KernelStack:       47008 kB
PageTables:        63676 kB
NFS_Unstable:          0 kB
Bounce:                0 kB
WritebackTmp:          0 kB
CommitLimit:     9202292 kB
Committed_AS:   67484916 kB
VmallocTotal:   263061440 kB
VmallocUsed:      103992 kB
