MemTotal:       12113144 kB
MemFree:         6535036 kB
MemAvailable:    8133288 kB
Buffers:            6040 kB
Cached:          1654592 kB
SwapCached:            0 kB
Active:          1415304 kB
Inactive:        1443876 kB
Active(anon):    1205220 kB
Inactive(anon):    20696 kB
Active(file):     210084 kB
Inactive(file):  1423180 kB
Unevictable:        5560 kB
Mlocked:            5560 kB
SwapTotal:       3145724 kB
SwapFree:        3145724 kB
Dirty:               292 kB
Writeback:             0 kB
AnonPages:       1204140 kB
Mapped:           809832 kB
Shmem:             22848 kB
KReclaimable:     833692 kB
Slab:             204460 kB
SReclaimable:      67664 kB
SUnreclaim:       136796 kB
KernelStack:       41664 kB
PageTables:        55988 kB
NFS_Unstable:          0 kB
Bounce:                0 kB
WritebackTmp:          0 kB
CommitLimit:     9202296 kB
Committed_AS:   56426660 kB
VmallocTotal:   263061440 kB
VmallocUsed:       98536 kB
VmallocChunk:          0 kB
Percpu:             7616 kB
CmaTotal:         294912 kB
CmaFree:               0 kB
MemTotal:       12113144 kB
MemFree:         6534560 kB
MemAvailable:    8132812 kB
Buffers:            6040 kB
Cached:          1654592 kB
SwapCached:            0 kB
Active:          1415084 kB
Inactive:        1443876 kB
Active(anon):    1205000 kB
Inactive(anon):    20696 kB
Active(file):     210084 kB
Inactive(file):  1423180 kB
Unevictable:        5560 kB
Mlocked:            5560 kB
SwapTotal:       3145724 kB
SwapFree:        3145724 kB
Dirty:               140 kB
Writeback:             0 kB
AnonPages:       1204184 kB
Mapped:           809908 kB
Shmem:             22848 kB
KReclaimable:     833692 kB
Slab:             204436 kB
SReclaimable:      67664 kB
SUnreclaim:       136772 kB
KernelStack:       41664 kB
PageTables:        56100 kB
NFS_Unstable:          0 kB
Bounce:                0 kB
WritebackTmp:          0 kB
CommitLimit:     9202296 kB
Committed_AS:   56430232 kB
VmallocTotal:   263061440 kB
VmallocUsed:       98600 kB
VmallocChunk:          0 kB
Percpu:             7616 kB
CmaTotal:         294912 kB
CmaFree:               0 kB
MemTotal:       12113144 kB
MemFree:         6533764 kB
MemAvailable:    8132016 kB
Buffers:            6040 kB
Cached:          1654592 kB
SwapCached:            0 kB
Active:          1415504 kB
Inactive:        1443876 kB
Active(anon):    1205420 kB
Inactive(anon):    20696 kB
Active(file):     210084 kB
Inactive(file):  1423180 kB
Unevictable:        5560 kB
Mlocked:            5560 kB
SwapTotal:       3145724 kB
SwapFree:        3145724 kB
Dirty:               140 kB
Writeback:             0 kB
AnonPages:       1204392 kB
Mapped:           809908 kB
Shmem:             22848 kB
KReclaimable:     833692 kB
Slab:             204444 kB
SReclaimable:      67664 kB
SUnreclaim:       136780 kB
KernelStack:       41664 kB
PageTables:        56100 kB
NFS_Unstable:          0 kB
Bounce:                0 kB
WritebackTmp:          0 kB
CommitLimit:     9202296 kB
Committed_AS:   56429844 kB
VmallocTotal:   263061440 kB
VmallocUsed:       98568 kB
VmallocChunk:          0 kB
Percpu:             7616 kB
CmaTotal:         294912 kB
CmaFree:               0 kB
MemTotal:       12113144 kB
MemFree:         6532412 kB
MemAvailable:    8130664 kB
Buffers:            6040 kB
Cached:          1654592 kB
SwapCached:            0 kB
Active:          1416152 kB
Inactive:        1443876 kB
Active(anon):    1206068 kB
Inactive(anon):    20696 kB
Active(file):     210084 kB
Inactive(file):  1423180 kB
Unevictable:        5560 kB
Mlocked:            5560 kB
SwapTotal:       3145724 kB
SwapFree:        3145724 kB
Dirty:               140 kB
Writeback:             0 kB
AnonPages:       1205024 kB
Mapped:           809840 kB
Shmem:             22848 kB
KReclaimable:     833692 kB
Slab:             204516 kB
SReclaimable:      67664 kB
SUnreclaim:       136852 kB
KernelStack:       41664 kB
PageTables:        56044 kB
NFS_Unstable:          0 kB
Bounce:                0 kB
WritebackTmp:          0 kB
CommitLimit:     9202296 kB
Committed_AS:   56429692 kB
VmallocTotal:   263061440 kB
VmallocUsed:       98568 kB
VmallocChunk:          0 kB
Percpu:             7616 kB
CmaTotal:         294912 kB
CmaFree:               0 kB
MemTotal:       12113144 kB
MemFree:         6531676 kB
MemAvailable:    8129928 kB
Buffers:            6040 kB
Cached:          1654592 kB
SwapCached:            0 kB
Active:          1416428 kB
Inactive:        1443876 kB
Active(anon):    1206344 kB
Inactive(anon):    20696 kB
Active(file):     210084 kB
Inactive(file):  1423180 kB
Unevictable:        5560 kB
Mlocked:            5560 kB
SwapTotal:       3145724 kB
SwapFree:        3145724 kB
Dirty:               168 kB
Writeback:             0 kB
AnonPages:       1205408 kB
Mapped:           809648 kB
Shmem:             22848 kB
KReclaimable:     833692 kB
Slab:             204428 kB
SReclaimable:      67664 kB
SUnreclaim:       136764 kB
KernelStack:       41680 kB
PageTables:        56096 kB
NFS_Unstable:          0 kB
Bounce:                0 kB
WritebackTmp:          0 kB
CommitLimit:     9202296 kB
Committed_AS:   56430892 kB
VmallocTotal:   263061440 kB
VmallocUsed:       98600 kB
VmallocChunk:          0 kB
Percpu:             7616 kB
CmaTotal:         294912 kB
CmaFree:               0 kB
MemTotal:       12113144 kB
MemFree:         6530908 kB
MemAvailable:    8129176 kB
Buffers:            6044 kB
Cached:          1654604 kB
SwapCached:            0 kB
Active:          1417308 kB
Inactive:        1443888 kB
Active(anon):    1207220 kB
Inactive(anon):    20696 kB
Active(file):     210088 kB
Inactive(file):  1423192 kB
Unevictable:        5560 kB
Mlocked:            5560 kB
SwapTotal:       3145724 kB
SwapFree:        3145724 kB
Dirty:               160 kB
Writeback:             0 kB
AnonPages:       1206276 kB
Mapped:           809908 kB
Shmem:             22848 kB
KReclaimable:     833692 kB
Slab:             204436 kB
SReclaimable:      67664 kB
SUnreclaim:       136772 kB
KernelStack:       41696 kB
PageTables:        56096 kB
NFS_Unstable:          0 kB
Bounce:                0 kB
WritebackTmp:          0 kB
CommitLimit:     9202296 kB
Committed_AS:   56434600 kB
VmallocTotal:   263061440 kB
VmallocUsed:       98600 kB
VmallocChunk:          0 kB
Percpu:             7616 kB
CmaTotal:         294912 kB
CmaFree:               0 kB
MemTotal:       12113144 kB
MemFree:         6530956 kB
MemAvailable:    8129224 kB
Buffers:            6044 kB
Cached:          1654604 kB
SwapCached:            0 kB
Active:          1417580 kB
Inactive:        1443888 kB
Active(anon):    1207492 kB
Inactive(anon):    20696 kB
Active(file):     210088 kB
Inactive(file):  1423192 kB
Unevictable:        5560 kB
Mlocked:            5560 kB
SwapTotal:       3145724 kB
SwapFree:        3145724 kB
Dirty:               160 kB
Writeback:             0 kB
AnonPages:       1206640 kB
Mapped:           809688 kB
Shmem:             22848 kB
KReclaimable:     833692 kB
Slab:             204452 kB
SReclaimable:      67664 kB
SUnreclaim:       136788 kB
KernelStack:       41792 kB
PageTables:        56116 kB
NFS_Unstable:          0 kB
Bounce:                0 kB
WritebackTmp:          0 kB
CommitLimit:     9202296 kB
Committed_AS:   56431048 kB
VmallocTotal:   263061440 kB
VmallocUsed:       98616 kB
VmallocChunk:          0 kB
Percpu:             7616 kB
CmaTotal:         294912 kB
CmaFree:               0 kB
MemTotal:       12113144 kB
MemFree:         6530532 kB
MemAvailable:    8128800 kB
Buffers:            6044 kB
Cached:          1654604 kB
SwapCached:            0 kB
Active:          1418048 kB
Inactive:        1443888 kB
Active(anon):    1207960 kB
Inactive(anon):    20696 kB
Active(file):     210088 kB
Inactive(file):  1423192 kB
Unevictable:        5560 kB
Mlocked:            5560 kB
SwapTotal:       3145724 kB
SwapFree:        3145724 kB
Dirty:               160 kB
Writeback:             0 kB
AnonPages:       1207000 kB
Mapped:           809648 kB
Shmem:             22848 kB
KReclaimable:     833692 kB
Slab:             204436 kB
SReclaimable:      67664 kB
SUnreclaim:       136772 kB
KernelStack:       41760 kB
PageTables:        56100 kB
NFS_Unstable:          0 kB
Bounce:                0 kB
WritebackTmp:          0 kB
CommitLimit:     9202296 kB
Committed_AS:   56430784 kB
VmallocTotal:   263061440 kB
VmallocUsed:       98616 kB
VmallocChunk:          0 kB
Percpu:             7616 kB
CmaTotal:         294912 kB
CmaFree:               0 kB
MemTotal:       12113144 kB
MemFree:         6529396 kB
MemAvailable:    8127664 kB
Buffers:            6044 kB
Cached:          1654604 kB
SwapCached:            0 kB
Active:          1418020 kB
Inactive:        1443888 kB
Active(anon):    1207932 kB
Inactive(anon):    20696 kB
Active(file):     210088 kB
Inactive(file):  1423192 kB
Unevictable:        5560 kB
Mlocked:            5560 kB
SwapTotal:       3145724 kB
SwapFree:        3145724 kB
Dirty:               160 kB
Writeback:             0 kB
AnonPages:       1206904 kB
Mapped:           809688 kB
Shmem:             22848 kB
KReclaimable:     833692 kB
Slab:             204460 kB
SReclaimable:      67664 kB
SUnreclaim:       136796 kB
KernelStack:       41792 kB
PageTables:        56116 kB
NFS_Unstable:          0 kB
Bounce:                0 kB
WritebackTmp:          0 kB
CommitLimit:     9202296 kB
Committed_AS:   56430944 kB
VmallocTotal:   263061440 kB
VmallocUsed:       98616 kB
VmallocChunk:          0 kB
Percpu:             7616 kB
CmaTotal:         294912 kB
CmaFree:               0 kB
MemTotal:       12113144 kB
MemFree:         6528808 kB
MemAvailable:    8127068 kB
Buffers:            6044 kB
Cached:          1654596 kB
SwapCached:            0 kB
Active:          1418540 kB
Inactive:        1443884 kB
Active(anon):    1208456 kB
Inactive(anon):    20696 kB
Active(file):     210084 kB
Inactive(file):  1423188 kB
Unevictable:        5560 kB
Mlocked:            5560 kB
SwapTotal:       3145724 kB
SwapFree:        3145724 kB
Dirty:               156 kB
Writeback:             0 kB
AnonPages:       1207924 kB
Mapped:           809748 kB
Shmem:             22848 kB
KReclaimable:     833692 kB
Slab:             204444 kB
SReclaimable:      67664 kB
SUnreclaim:       136780 kB
KernelStack:       41824 kB
PageTables:        56164 kB
NFS_Unstable:          0 kB
Bounce:                0 kB
WritebackTmp:          0 kB
CommitLimit:     9202296 kB
Committed_AS:   56430968 kB
VmallocTotal:   263061440 kB
VmallocUsed:       98632 kB
VmallocChunk:          0 kB
Percpu:             7616 kB
CmaTotal:         294912 kB
CmaFree:               0 kB
MemTotal:       12113144 kB
MemFree:         6529208 kB
MemAvailable:    8127476 kB
Buffers:            6044 kB
Cached:          1654608 kB
SwapCached:            0 kB
Active:          1419288 kB
Inactive:        1443892 kB
Active(anon):    1209200 kB
Inactive(anon):    20700 kB
Active(file):     210088 kB
Inactive(file):  1423192 kB
Unevictable:        5560 kB
Mlocked:            5560 kB
SwapTotal:       3145724 kB
SwapFree:        3145724 kB
Dirty:               196 kB
Writeback:             0 kB
AnonPages:       1208228 kB
Mapped:           809912 kB
Shmem:             22852 kB
KReclaimable:     833692 kB
Slab:             204436 kB
SReclaimable:      67664 kB
SUnreclaim:       136772 kB
KernelStack:       41760 kB
PageTables:        56104 kB
NFS_Unstable:          0 kB
Bounce:                0 kB
WritebackTmp:          0 kB
CommitLimit:     9202296 kB
Committed_AS:   56430720 kB
VmallocTotal:   263061440 kB
VmallocUsed:       98616 kB
VmallocChunk:          0 kB
Percpu:             7616 kB
CmaTotal:         294912 kB
CmaFree:               0 kB
MemTotal:       12113144 kB
MemFree:         6527848 kB
MemAvailable:    8126116 kB
Buffers:            6044 kB
Cached:          1654608 kB
SwapCached:            0 kB
Active:          1419616 kB
Inactive:        1443892 kB
Active(anon):    1209528 kB
Inactive(anon):    20700 kB
Active(file):     210088 kB
Inactive(file):  1423192 kB
Unevictable:        5560 kB
Mlocked:            5560 kB
SwapTotal:       3145724 kB
SwapFree:        3145724 kB
Dirty:               196 kB
Writeback:             0 kB
AnonPages:       1208568 kB
Mapped:           809652 kB
Shmem:             22852 kB
KReclaimable:     833692 kB
Slab:             204444 kB
SReclaimable:      67664 kB
SUnreclaim:       136780 kB
KernelStack:       41760 kB
PageTables:        56096 kB
NFS_Unstable:          0 kB
Bounce:                0 kB
WritebackTmp:          0 kB
CommitLimit:     9202296 kB
Committed_AS:   56430936 kB
VmallocTotal:   263061440 kB
VmallocUsed:       98616 kB
VmallocChunk:          0 kB
Percpu:             7616 kB
CmaTotal:         294912 kB
CmaFree:               0 kB
MemTotal:       12113144 kB
MemFree:         6527904 kB
MemAvailable:    8126172 kB
Buffers:            6044 kB
Cached:          1654608 kB
SwapCached:            0 kB
Active:          1419920 kB
Inactive:        1443892 kB
Active(anon):    1209832 kB
Inactive(anon):    20700 kB
Active(file):     210088 kB
Inactive(file):  1423192 kB
Unevictable:        5560 kB
Mlocked:            5560 kB
SwapTotal:       3145724 kB
SwapFree:        3145724 kB
Dirty:               196 kB
Writeback:             0 kB
AnonPages:       1208764 kB
Mapped:           809716 kB
Shmem:             22852 kB
KReclaimable:     833692 kB
Slab:             204444 kB
SReclaimable:      67664 kB
SUnreclaim:       136780 kB
KernelStack:       41792 kB
PageTables:        56124 kB
NFS_Unstable:          0 kB
Bounce:                0 kB
WritebackTmp:          0 kB
CommitLimit:     9202296 kB
Committed_AS:   56430872 kB
VmallocTotal:   263061440 kB
VmallocUsed:       98600 kB
VmallocChunk:          0 kB
Percpu:             7616 kB
CmaTotal:         294912 kB
CmaFree:               0 kB
MemTotal:       12113144 kB
MemFree:         6527776 kB
MemAvailable:    8126044 kB
Buffers:            6044 kB
Cached:          1654608 kB
SwapCached:            0 kB
Active:          1420628 kB
Inactive:        1443892 kB
Active(anon):    1210540 kB
Inactive(anon):    20700 kB
Active(file):     210088 kB
Inactive(file):  1423192 kB
Unevictable:        5560 kB
Mlocked:            5560 kB
SwapTotal:       3145724 kB
SwapFree:        3145724 kB
Dirty:               196 kB
Writeback:             0 kB
AnonPages:       1209636 kB
Mapped:           809916 kB
Shmem:             22852 kB
KReclaimable:     833692 kB
Slab:             204452 kB
SReclaimable:      67664 kB
SUnreclaim:       136788 kB
KernelStack:       41760 kB
PageTables:        56100 kB
NFS_Unstable:          0 kB
Bounce:                0 kB
WritebackTmp:          0 kB
CommitLimit:     9202296 kB
Committed_AS:   56436308 kB
VmallocTotal:   263061440 kB
VmallocUsed:       98632 kB
VmallocChunk:          0 kB
Percpu:             7616 kB
CmaTotal:         294912 kB
CmaFree:               0 kB
MemTotal:       12113144 kB
MemFree:         6527176 kB
MemAvailable:    8125448 kB
Buffers:            6044 kB
Cached:          1654612 kB
SwapCached:            0 kB
Active:          1420880 kB
Inactive:        1443896 kB
Active(anon):    1210792 kB
Inactive(anon):    20700 kB
Active(file):     210088 kB
Inactive(file):  1423196 kB
Unevictable:        5560 kB
Mlocked:            5560 kB
SwapTotal:       3145724 kB
SwapFree:        3145724 kB
Dirty:               212 kB
Writeback:             0 kB
AnonPages:       1209908 kB
Mapped:           809656 kB
Shmem:             22852 kB
KReclaimable:     833692 kB
Slab:             204452 kB
SReclaimable:      67664 kB
SUnreclaim:       136788 kB
KernelStack:       41760 kB
PageTables:        56100 kB
NFS_Unstable:          0 kB
Bounce:                0 kB
WritebackTmp:          0 kB
CommitLimit:     9202296 kB
Committed_AS:   56436052 kB
VmallocTotal:   263061440 kB
VmallocUsed:       98648 kB
VmallocChunk:          0 kB
Percpu:             7616 kB
CmaTotal:         294912 kB
CmaFree:               0 kB
MemTotal:       12113144 kB
MemFree:         6526588 kB
MemAvailable:    8124860 kB
Buffers:            6044 kB
Cached:          1654616 kB
SwapCached:            0 kB
Active:          1421624 kB
Inactive:        1443900 kB
Active(anon):    1211536 kB
Inactive(anon):    20704 kB
Active(file):     210088 kB
Inactive(file):  1423196 kB
Unevictable:        5560 kB
Mlocked:            5560 kB
SwapTotal:       3145724 kB
SwapFree:        3145724 kB
Dirty:               212 kB
Writeback:             0 kB
AnonPages:       1210612 kB
Mapped:           809920 kB
Shmem:             22856 kB
KReclaimable:     833692 kB
Slab:             204444 kB
SReclaimable:      67664 kB
SUnreclaim:       136780 kB
KernelStack:       41776 kB
PageTables:        56100 kB
NFS_Unstable:          0 kB
Bounce:                0 kB
WritebackTmp:          0 kB
CommitLimit:     9202296 kB
Committed_AS:   56436468 kB
VmallocTotal:   263061440 kB
VmallocUsed:       98632 kB
VmallocChunk:          0 kB
Percpu:             7616 kB
CmaTotal:         294912 kB
CmaFree:               0 kB
MemTotal:       12113144 kB
MemFree:         6526032 kB
MemAvailable:    8124304 kB
Buffers:            6044 kB
Cached:          1654616 kB
SwapCached:            0 kB
Active:          1420988 kB
Inactive:        1443900 kB
Active(anon):    1210900 kB
Inactive(anon):    20704 kB
Active(file):     210088 kB
Inactive(file):  1423196 kB
Unevictable:        5560 kB
Mlocked:            5560 kB
SwapTotal:       3145724 kB
SwapFree:        3145724 kB
Dirty:               212 kB
Writeback:             0 kB
AnonPages:       1210000 kB
Mapped:           809924 kB
Shmem:             22856 kB
KReclaimable:     833692 kB
Slab:             204452 kB
SReclaimable:      67664 kB
SUnreclaim:       136788 kB
KernelStack:       41792 kB
PageTables:        56104 kB
NFS_Unstable:          0 kB
Bounce:                0 kB
WritebackTmp:          0 kB
CommitLimit:     9202296 kB
Committed_AS:   56436240 kB
VmallocTotal:   263061440 kB
VmallocUsed:       98648 kB
VmallocChunk:          0 kB
Percpu:             7616 kB
CmaTotal:         294912 kB
CmaFree:               0 kB
MemTotal:       12113144 kB
MemFree:         6526320 kB
MemAvailable:    8124592 kB
Buffers:            6044 kB
Cached:          1654616 kB
SwapCached:            0 kB
Active:          1421436 kB
Inactive:        1443900 kB
Active(anon):    1211348 kB
Inactive(anon):    20704 kB
Active(file):     210088 kB
Inactive(file):  1423196 kB
Unevictable:        5560 kB
Mlocked:            5560 kB
SwapTotal:       3145724 kB
SwapFree:        3145724 kB
Dirty:               212 kB
Writeback:             0 kB
AnonPages:       1210372 kB
Mapped:           809664 kB
Shmem:             22856 kB
KReclaimable:     833692 kB
Slab:             204444 kB
SReclaimable:      67664 kB
SUnreclaim:       136780 kB
KernelStack:       41808 kB
PageTables:        56236 kB
NFS_Unstable:          0 kB
Bounce:                0 kB
WritebackTmp:          0 kB
CommitLimit:     9202296 kB
Committed_AS:   56431020 kB
VmallocTotal:   263061440 kB
VmallocUsed:       98680 kB
VmallocChunk:          0 kB
Percpu:             7616 kB
CmaTotal:         294912 kB
CmaFree:               0 kB
MemTotal:       12113144 kB
MemFree:         6526508 kB
MemAvailable:    8124780 kB
Buffers:            6044 kB
Cached:          1654620 kB
SwapCached:            0 kB
Active:          1421700 kB
Inactive:        1443904 kB
Active(anon):    1211612 kB
Inactive(anon):    20708 kB
Active(file):     210088 kB
Inactive(file):  1423196 kB
Unevictable:        5560 kB
Mlocked:            5560 kB
SwapTotal:       3145724 kB
SwapFree:        3145724 kB
Dirty:               212 kB
Writeback:             0 kB
AnonPages:       1210676 kB
Mapped:           809668 kB
Shmem:             22860 kB
KReclaimable:     833692 kB
Slab:             204444 kB
SReclaimable:      67664 kB
SUnreclaim:       136780 kB
KernelStack:       41792 kB
PageTables:        56108 kB
NFS_Unstable:          0 kB
Bounce:                0 kB
WritebackTmp:          0 kB
CommitLimit:     9202296 kB
Committed_AS:   56431012 kB
VmallocTotal:   263061440 kB
VmallocUsed:       98696 kB
VmallocChunk:          0 kB
Percpu:             7616 kB
CmaTotal:         294912 kB
CmaFree:               0 kB
MemTotal:       12113144 kB
MemFree:         6538260 kB
MemAvailable:    8136532 kB
Buffers:            6044 kB
Cached:          1654620 kB
SwapCached:            0 kB
Active:          1409388 kB
Inactive:        1443904 kB
Active(anon):    1199300 kB
Inactive(anon):    20708 kB
Active(file):     210088 kB
Inactive(file):  1423196 kB
Unevictable:        5560 kB
Mlocked:            5560 kB
SwapTotal:       3145724 kB
SwapFree:        3145724 kB
Dirty:               212 kB
Writeback:             0 kB
AnonPages:       1198432 kB
Mapped:           809928 kB
Shmem:             22860 kB
KReclaimable:     833692 kB
Slab:             204452 kB
SReclaimable:      67664 kB
SUnreclaim:       136788 kB
KernelStack:       41776 kB
PageTables:        56100 kB
NFS_Unstable:          0 kB
Bounce:                0 kB
WritebackTmp:          0 kB
CommitLimit:     9202296 kB
Committed_AS:   56431152 kB
VmallocTotal:   263061440 kB
VmallocUsed:       98696 kB
VmallocChunk:          0 kB
Percpu:             7616 kB
CmaTotal:         294912 kB
CmaFree:               0 kB
MemTotal:       12113144 kB
MemFree:         6537252 kB
MemAvailable:    8135536 kB
Buffers:            6048 kB
Cached:          1654628 kB
SwapCached:            0 kB
Active:          1410172 kB
Inactive:        1443912 kB
Active(anon):    1200080 kB
Inactive(anon):    20708 kB
Active(file):     210092 kB
Inactive(file):  1423204 kB
Unevictable:        5560 kB
Mlocked:            5560 kB
SwapTotal:       3145724 kB
SwapFree:        3145724 kB
Dirty:               196 kB
Writeback:             0 kB
AnonPages:       1199144 kB
Mapped:           809928 kB
Shmem:             22860 kB
KReclaimable:     833692 kB
Slab:             204468 kB
SReclaimable:      67664 kB
SUnreclaim:       136804 kB
KernelStack:       41776 kB
PageTables:        56100 kB
NFS_Unstable:          0 kB
Bounce:                0 kB
WritebackTmp:          0 kB
CommitLimit:     9202296 kB
Committed_AS:   56425764 kB
VmallocTotal:   263061440 kB
VmallocUsed:       98648 kB
VmallocChunk:          0 kB
Percpu:             7616 kB
CmaTotal:         294912 kB
CmaFree:               0 kB
MemTotal:       12113144 kB
MemFree:         6537092 kB
MemAvailable:    8135376 kB
Buffers:            6048 kB
Cached:          1654628 kB
SwapCached:            0 kB
Active:          1410492 kB
Inactive:        1443912 kB
Active(anon):    1200400 kB
Inactive(anon):    20708 kB
Active(file):     210092 kB
Inactive(file):  1423204 kB
Unevictable:        5560 kB
Mlocked:            5560 kB
SwapTotal:       3145724 kB
SwapFree:        3145724 kB
Dirty:               196 kB
Writeback:             0 kB
AnonPages:       1199488 kB
Mapped:           809928 kB
Shmem:             22860 kB
KReclaimable:     833692 kB
Slab:             204452 kB
SReclaimable:      67664 kB
SUnreclaim:       136788 kB
KernelStack:       41776 kB
PageTables:        56104 kB
NFS_Unstable:          0 kB
Bounce:                0 kB
WritebackTmp:          0 kB
CommitLimit:     9202296 kB
Committed_AS:   56426028 kB
VmallocTotal:   263061440 kB
VmallocUsed:       98664 kB
VmallocChunk:          0 kB
Percpu:             7616 kB
CmaTotal:         294912 kB
CmaFree:               0 kB
MemTotal:       12113144 kB
MemFree:         6536404 kB
MemAvailable:    8134688 kB
Buffers:            6048 kB
Cached:          1654628 kB
SwapCached:            0 kB
Active:          1410756 kB
Inactive:        1443912 kB
Active(anon):    1200664 kB
Inactive(anon):    20708 kB
Active(file):     210092 kB
Inactive(file):  1423204 kB
Unevictable:        5560 kB
Mlocked:            5560 kB
SwapTotal:       3145724 kB
SwapFree:        3145724 kB
Dirty:               196 kB
Writeback:             0 kB
AnonPages:       1199676 kB
Mapped:           809928 kB
Shmem:             22860 kB
KReclaimable:     833692 kB
Slab:             204444 kB
SReclaimable:      67664 kB
SUnreclaim:       136780 kB
KernelStack:       41792 kB
PageTables:        56108 kB
NFS_Unstable:          0 kB
Bounce:                0 kB
WritebackTmp:          0 kB
CommitLimit:     9202296 kB
Committed_AS:   56425992 kB
VmallocTotal:   263061440 kB
VmallocUsed:       98664 kB
VmallocChunk:          0 kB
Percpu:             7616 kB
CmaTotal:         294912 kB
CmaFree:               0 kB
MemTotal:       12113144 kB
MemFree:         6536396 kB
MemAvailable:    8134680 kB
Buffers:            6048 kB
Cached:          1654628 kB
SwapCached:            0 kB
Active:          1411276 kB
Inactive:        1443912 kB
Active(anon):    1201184 kB
Inactive(anon):    20708 kB
Active(file):     210092 kB
Inactive(file):  1423204 kB
Unevictable:        5560 kB
Mlocked:            5560 kB
SwapTotal:       3145724 kB
SwapFree:        3145724 kB
Dirty:               200 kB
Writeback:             0 kB
AnonPages:       1200248 kB
Mapped:           809668 kB
Shmem:             22860 kB
KReclaimable:     833692 kB
Slab:             204452 kB
SReclaimable:      67664 kB
SUnreclaim:       136788 kB
KernelStack:       41824 kB
PageTables:        56104 kB
NFS_Unstable:          0 kB
Bounce:                0 kB
WritebackTmp:          0 kB
CommitLimit:     9202296 kB
Committed_AS:   56426008 kB
VmallocTotal:   263061440 kB
VmallocUsed:       98712 kB
VmallocChunk:          0 kB
Percpu:             7616 kB
CmaTotal:         294912 kB
CmaFree:               0 kB
MemTotal:       12113144 kB
MemFree:         6535608 kB
MemAvailable:    8133892 kB
Buffers:            6048 kB
Cached:          1654628 kB
SwapCached:            0 kB
Active:          1411672 kB
Inactive:        1443912 kB
Active(anon):    1201580 kB
Inactive(anon):    20708 kB
Active(file):     210092 kB
Inactive(file):  1423204 kB
Unevictable:        5560 kB
Mlocked:            5560 kB
SwapTotal:       3145724 kB
SwapFree:        3145724 kB
Dirty:               200 kB
Writeback:             0 kB
AnonPages:       1200624 kB
Mapped:           809928 kB
Shmem:             22860 kB
KReclaimable:     833692 kB
Slab:             204460 kB
SReclaimable:      67664 kB
SUnreclaim:       136796 kB
KernelStack:       41824 kB
PageTables:        56100 kB
NFS_Unstable:          0 kB
Bounce:                0 kB
WritebackTmp:          0 kB
CommitLimit:     9202296 kB
Committed_AS:   56421096 kB
VmallocTotal:   263061440 kB
VmallocUsed:       98728 kB
VmallocChunk:          0 kB
Percpu:             7616 kB
CmaTotal:         294912 kB
CmaFree:               0 kB
MemTotal:       12113144 kB
MemFree:         6535504 kB
MemAvailable:    8133788 kB
Buffers:            6048 kB
Cached:          1654640 kB
SwapCached:            0 kB
Active:          1413176 kB
Inactive:        1443924 kB
Active(anon):    1203084 kB
Inactive(anon):    20720 kB
Active(file):     210092 kB
Inactive(file):  1423204 kB
Unevictable:        5560 kB
Mlocked:            5560 kB
SwapTotal:       3145724 kB
SwapFree:        3145724 kB
Dirty:               220 kB
Writeback:             4 kB
AnonPages:       1202236 kB
Mapped:           809944 kB
Shmem:             22872 kB
KReclaimable:     833692 kB
Slab:             204444 kB
SReclaimable:      67664 kB
SUnreclaim:       136780 kB
KernelStack:       41824 kB
PageTables:        56104 kB
NFS_Unstable:          0 kB
Bounce:                0 kB
WritebackTmp:          0 kB
CommitLimit:     9202296 kB
Committed_AS:   56420988 kB
VmallocTotal:   263061440 kB
VmallocUsed:       98744 kB
VmallocChunk:          0 kB
Percpu:             7616 kB
CmaTotal:         294912 kB
CmaFree:               0 kB
MemTotal:       12113144 kB
MemFree:         6533456 kB
MemAvailable:    8131740 kB
Buffers:            6048 kB
Cached:          1654652 kB
SwapCached:            0 kB
Active:          1414900 kB
Inactive:        1443928 kB
Active(anon):    1204800 kB
Inactive(anon):    20732 kB
Active(file):     210100 kB
Inactive(file):  1423196 kB
Unevictable:        5560 kB
Mlocked:            5560 kB
SwapTotal:       3145724 kB
SwapFree:        3145724 kB
Dirty:               468 kB
Writeback:             0 kB
AnonPages:       1203836 kB
Mapped:           809764 kB
Shmem:             22884 kB
KReclaimable:     833692 kB
Slab:             204436 kB
SReclaimable:      67664 kB
SUnreclaim:       136772 kB
KernelStack:       41824 kB
PageTables:        56104 kB
NFS_Unstable:          0 kB
Bounce:                0 kB
WritebackTmp:          0 kB
CommitLimit:     9202296 kB
Committed_AS:   56426540 kB
VmallocTotal:   263061440 kB
VmallocUsed:       98744 kB
VmallocChunk:          0 kB
Percpu:             7616 kB
CmaTotal:         294912 kB
CmaFree:               0 kB
MemTotal:       12113144 kB
MemFree:         6532736 kB
MemAvailable:    8131012 kB
Buffers:            6048 kB
Cached:          1654644 kB
SwapCached:            0 kB
Active:          1415684 kB
Inactive:        1443924 kB
Active(anon):    1205588 kB
Inactive(anon):    20732 kB
Active(file):     210096 kB
Inactive(file):  1423192 kB
Unevictable:        5560 kB
Mlocked:            5560 kB
SwapTotal:       3145724 kB
SwapFree:        3145724 kB
Dirty:               460 kB
Writeback:             0 kB
AnonPages:       1203956 kB
Mapped:           809828 kB
Shmem:             22884 kB
KReclaimable:     833692 kB
Slab:             204460 kB
SReclaimable:      67664 kB
SUnreclaim:       136796 kB
KernelStack:       41872 kB
PageTables:        56204 kB
NFS_Unstable:          0 kB
Bounce:                0 kB
WritebackTmp:          0 kB
CommitLimit:     9202296 kB
Committed_AS:   56426552 kB
VmallocTotal:   263061440 kB
VmallocUsed:       98744 kB
VmallocChunk:          0 kB
Percpu:             7616 kB
CmaTotal:         294912 kB
CmaFree:               0 kB
MemTotal:       12113144 kB
MemFree:         6531372 kB
MemAvailable:    8129656 kB
Buffers:            6048 kB
Cached:          1654652 kB
SwapCached:            0 kB
Active:          1415840 kB
Inactive:        1443928 kB
Active(anon):    1205740 kB
Inactive(anon):    20732 kB
Active(file):     210100 kB
Inactive(file):  1423196 kB
Unevictable:        5560 kB
Mlocked:            5560 kB
SwapTotal:       3145724 kB
SwapFree:        3145724 kB
Dirty:               472 kB
Writeback:             0 kB
AnonPages:       1204708 kB
Mapped:           810024 kB
Shmem:             22884 kB
KReclaimable:     833692 kB
Slab:             204468 kB
SReclaimable:      67664 kB
SUnreclaim:       136804 kB
KernelStack:       41840 kB
PageTables:        56108 kB
NFS_Unstable:          0 kB
Bounce:                0 kB
WritebackTmp:          0 kB
CommitLimit:     9202296 kB
Committed_AS:   56426464 kB
VmallocTotal:   263061440 kB
VmallocUsed:       98792 kB
VmallocChunk:          0 kB
Percpu:             7616 kB
CmaTotal:         294912 kB
CmaFree:               0 kB
MemTotal:       12113144 kB
MemFree:         6530920 kB
MemAvailable:    8129220 kB
Buffers:            6048 kB
Cached:          1654668 kB
SwapCached:            0 kB
Active:          1416276 kB
Inactive:        1443944 kB
Active(anon):    1206176 kB
Inactive(anon):    20732 kB
Active(file):     210100 kB
Inactive(file):  1423212 kB
Unevictable:        5560 kB
Mlocked:            5560 kB
SwapTotal:       3145724 kB
SwapFree:        3145724 kB
Dirty:               504 kB
Writeback:             0 kB
AnonPages:       1205200 kB
Mapped:           810024 kB
Shmem:             22884 kB
KReclaimable:     833692 kB
Slab:             204452 kB
SReclaimable:      67664 kB
SUnreclaim:       136788 kB
KernelStack:       41840 kB
PageTables:        56104 kB
NFS_Unstable:          0 kB
Bounce:                0 kB
WritebackTmp:          0 kB
CommitLimit:     9202296 kB
Committed_AS:   56426392 kB
VmallocTotal:   263061440 kB
VmallocUsed:       98776 kB
VmallocChunk:          0 kB
Percpu:             7616 kB
CmaTotal:         294912 kB
CmaFree:               0 kB
MemTotal:       12113144 kB
MemFree:         6530912 kB
MemAvailable:    8129212 kB
Buffers:            6048 kB
Cached:          1654668 kB
SwapCached:            0 kB
Active:          1416676 kB
Inactive:        1443944 kB
Active(anon):    1206576 kB
Inactive(anon):    20732 kB
Active(file):     210100 kB
Inactive(file):  1423212 kB
Unevictable:        5560 kB
Mlocked:            5560 kB
SwapTotal:       3145724 kB
SwapFree:        3145724 kB
Dirty:               504 kB
Writeback:             0 kB
AnonPages:       1205356 kB
Mapped:           809804 kB
Shmem:             22884 kB
KReclaimable:     833692 kB
Slab:             204460 kB
SReclaimable:      67664 kB
SUnreclaim:       136796 kB
KernelStack:       41872 kB
PageTables:        56132 kB
NFS_Unstable:          0 kB
Bounce:                0 kB
WritebackTmp:          0 kB
CommitLimit:     9202296 kB
Committed_AS:   56426268 kB
VmallocTotal:   263061440 kB
VmallocUsed:       98792 kB
VmallocChunk:          0 kB
Percpu:             7616 kB
CmaTotal:         294912 kB
CmaFree:               0 kB
MemTotal:       12113144 kB
MemFree:         6530716 kB
MemAvailable:    8129016 kB
Buffers:            6048 kB
Cached:          1654672 kB
SwapCached:            0 kB
Active:          1416976 kB
Inactive:        1443948 kB
Active(anon):    1206876 kB
Inactive(anon):    20736 kB
Active(file):     210100 kB
Inactive(file):  1423212 kB
Unevictable:        5560 kB
Mlocked:            5560 kB
SwapTotal:       3145724 kB
SwapFree:        3145724 kB
Dirty:               504 kB
Writeback:             0 kB
AnonPages:       1205860 kB
Mapped:           810028 kB
Shmem:             22888 kB
KReclaimable:     833692 kB
Slab:             204452 kB
SReclaimable:      67664 kB
SUnreclaim:       136788 kB
KernelStack:       41840 kB
PageTables:        56112 kB
NFS_Unstable:          0 kB
Bounce:                0 kB
WritebackTmp:          0 kB
CommitLimit:     9202296 kB
Committed_AS:   56426568 kB
VmallocTotal:   263061440 kB
VmallocUsed:       98776 kB
VmallocChunk:          0 kB
Percpu:             7616 kB
CmaTotal:         294912 kB
CmaFree:               0 kB
MemTotal:       12113144 kB
MemFree:         6529760 kB
MemAvailable:    8128060 kB
Buffers:            6048 kB
Cached:          1654672 kB
SwapCached:            0 kB
Active:          1417264 kB
Inactive:        1443948 kB
Active(anon):    1207164 kB
Inactive(anon):    20736 kB
Active(file):     210100 kB
Inactive(file):  1423212 kB
Unevictable:        5560 kB
Mlocked:            5560 kB
SwapTotal:       3145724 kB
SwapFree:        3145724 kB
Dirty:               504 kB
Writeback:             0 kB
AnonPages:       1206080 kB
Mapped:           809844 kB
Shmem:             22888 kB
KReclaimable:     833692 kB
Slab:             204436 kB
SReclaimable:      67664 kB
SUnreclaim:       136772 kB
KernelStack:       41872 kB
PageTables:        56164 kB
NFS_Unstable:          0 kB
Bounce:                0 kB
WritebackTmp:          0 kB
CommitLimit:     9202296 kB
Committed_AS:   56426276 kB
VmallocTotal:   263061440 kB
VmallocUsed:       98760 kB
VmallocChunk:          0 kB
Percpu:             7616 kB
CmaTotal:         294912 kB
CmaFree:               0 kB
MemTotal:       12113144 kB
MemFree:         6530236 kB
MemAvailable:    8128536 kB
Buffers:            6048 kB
Cached:          1654672 kB
SwapCached:            0 kB
Active:          1418032 kB
Inactive:        1443948 kB
Active(anon):    1207932 kB
Inactive(anon):    20736 kB
Active(file):     210100 kB
Inactive(file):  1423212 kB
Unevictable:        5560 kB
Mlocked:            5560 kB
SwapTotal:       3145724 kB
SwapFree:        3145724 kB
Dirty:               504 kB
Writeback:             0 kB
AnonPages:       1207004 kB
Mapped:           809768 kB
Shmem:             22888 kB
KReclaimable:     833692 kB
Slab:             204468 kB
SReclaimable:      67664 kB
SUnreclaim:       136804 kB
KernelStack:       41840 kB
PageTables:        56108 kB
NFS_Unstable:          0 kB
Bounce:                0 kB
WritebackTmp:          0 kB
CommitLimit:     9202296 kB
Committed_AS:   56426116 kB
VmallocTotal:   263061440 kB
VmallocUsed:       98712 kB
VmallocChunk:          0 kB
Percpu:             7616 kB
CmaTotal:         294912 kB
CmaFree:               0 kB
MemTotal:       12113144 kB
MemFree:         6529648 kB
MemAvailable:    8127948 kB
Buffers:            6048 kB
Cached:          1654672 kB
SwapCached:            0 kB
Active:          1418320 kB
Inactive:        1443948 kB
Active(anon):    1208220 kB
Inactive(anon):    20736 kB
Active(file):     210100 kB
Inactive(file):  1423212 kB
Unevictable:        5560 kB
Mlocked:            5560 kB
SwapTotal:       3145724 kB
SwapFree:        3145724 kB
Dirty:               532 kB
Writeback:             0 kB
AnonPages:       1207172 kB
Mapped:           809832 kB
Shmem:             22888 kB
KReclaimable:     833692 kB
Slab:             204452 kB
SReclaimable:      67664 kB
SUnreclaim:       136788 kB
KernelStack:       41872 kB
PageTables:        56160 kB
NFS_Unstable:          0 kB
Bounce:                0 kB
WritebackTmp:          0 kB
CommitLimit:     9202296 kB
Committed_AS:   56425828 kB
VmallocTotal:   263061440 kB
VmallocUsed:       98728 kB
VmallocChunk:          0 kB
Percpu:             7616 kB
CmaTotal:         294912 kB
CmaFree:               0 kB
MemTotal:       12113144 kB
MemFree:         6530000 kB
MemAvailable:    8128320 kB
Buffers:            6056 kB
Cached:          1654684 kB
SwapCached:            0 kB
Active:          1419004 kB
Inactive:        1443960 kB
Active(anon):    1208896 kB
Inactive(anon):    20736 kB
Active(file):     210108 kB
Inactive(file):  1423224 kB
Unevictable:        5560 kB
Mlocked:            5560 kB
SwapTotal:       3145724 kB
SwapFree:        3145724 kB
Dirty:               516 kB
Writeback:             0 kB
AnonPages:       1207852 kB
Mapped:           810032 kB
Shmem:             22888 kB
KReclaimable:     833692 kB
Slab:             204436 kB
SReclaimable:      67664 kB
SUnreclaim:       136772 kB
KernelStack:       41840 kB
PageTables:        56108 kB
NFS_Unstable:          0 kB
Bounce:                0 kB
WritebackTmp:          0 kB
CommitLimit:     9202296 kB
Committed_AS:   56421312 kB
VmallocTotal:   263061440 kB
VmallocUsed:       98712 kB
VmallocChunk:          0 kB
Percpu:             7616 kB
CmaTotal:         294912 kB
CmaFree:               0 kB
MemTotal:       12113144 kB
MemFree:         6530256 kB
MemAvailable:    8128576 kB
Buffers:            6056 kB
Cached:          1654684 kB
SwapCached:            0 kB
Active:          1419368 kB
Inactive:        1443960 kB
Active(anon):    1209260 kB
Inactive(anon):    20736 kB
Active(file):     210108 kB
Inactive(file):  1423224 kB
Unevictable:        5560 kB
Mlocked:            5560 kB
SwapTotal:       3145724 kB
SwapFree:        3145724 kB
Dirty:               156 kB
Writeback:             0 kB
AnonPages:       1208380 kB
Mapped:           810032 kB
Shmem:             22888 kB
KReclaimable:     833692 kB
Slab:             204444 kB
SReclaimable:      67664 kB
SUnreclaim:       136780 kB
KernelStack:       41840 kB
PageTables:        56108 kB
NFS_Unstable:          0 kB
Bounce:                0 kB
WritebackTmp:          0 kB
CommitLimit:     9202296 kB
Committed_AS:   56421092 kB
VmallocTotal:   263061440 kB
VmallocUsed:       98696 kB
VmallocChunk:          0 kB
Percpu:             7616 kB
CmaTotal:         294912 kB
CmaFree:               0 kB
MemTotal:       12113144 kB
MemFree:         6529404 kB
MemAvailable:    8127724 kB
Buffers:            6056 kB
Cached:          1654684 kB
SwapCached:            0 kB
Active:          1419788 kB
Inactive:        1443960 kB
Active(anon):    1209680 kB
Inactive(anon):    20736 kB
Active(file):     210108 kB
Inactive(file):  1423224 kB
Unevictable:        5560 kB
Mlocked:            5560 kB
SwapTotal:       3145724 kB
SwapFree:        3145724 kB
Dirty:               156 kB
Writeback:             0 kB
AnonPages:       1208888 kB
Mapped:           810032 kB
Shmem:             22888 kB
KReclaimable:     833692 kB
Slab:             204444 kB
SReclaimable:      67664 kB
SUnreclaim:       136780 kB
KernelStack:       41856 kB
PageTables:        56244 kB
NFS_Unstable:          0 kB
Bounce:                0 kB
WritebackTmp:          0 kB
CommitLimit:     9202296 kB
Committed_AS:   56420624 kB
VmallocTotal:   263061440 kB
VmallocUsed:       98696 kB
VmallocChunk:          0 kB
Percpu:             7616 kB
CmaTotal:         294912 kB
CmaFree:               0 kB
MemTotal:       12113144 kB
MemFree:         6527916 kB
MemAvailable:    8126236 kB
Buffers:            6056 kB
Cached:          1654684 kB
SwapCached:            0 kB
Active:          1420060 kB
Inactive:        1443960 kB
Active(anon):    1209952 kB
Inactive(anon):    20736 kB
Active(file):     210108 kB
Inactive(file):  1423224 kB
Unevictable:        5560 kB
Mlocked:            5560 kB
SwapTotal:       3145724 kB
SwapFree:        3145724 kB
Dirty:               156 kB
Writeback:             0 kB
AnonPages:       1208984 kB
Mapped:           810032 kB
Shmem:             22888 kB
KReclaimable:     833692 kB
Slab:             204452 kB
SReclaimable:      67664 kB
SUnreclaim:       136788 kB
KernelStack:       41856 kB
PageTables:        56104 kB
NFS_Unstable:          0 kB
Bounce:                0 kB
WritebackTmp:          0 kB
CommitLimit:     9202296 kB
Committed_AS:   56431796 kB
VmallocTotal:   263061440 kB
VmallocUsed:       98712 kB
VmallocChunk:          0 kB
Percpu:             7616 kB
CmaTotal:         294912 kB
CmaFree:               0 kB
MemTotal:       12113144 kB
MemFree:         6527332 kB
MemAvailable:    8125652 kB
Buffers:            6056 kB
Cached:          1654684 kB
SwapCached:            0 kB
Active:          1419552 kB
Inactive:        1443960 kB
Active(anon):    1209444 kB
Inactive(anon):    20736 kB
Active(file):     210108 kB
Inactive(file):  1423224 kB
Unevictable:        5560 kB
Mlocked:            5560 kB
SwapTotal:       3145724 kB
SwapFree:        3145724 kB
Dirty:               156 kB
Writeback:             0 kB
AnonPages:       1208536 kB
Mapped:           810032 kB
Shmem:             22888 kB
KReclaimable:     833692 kB
Slab:             204428 kB
SReclaimable:      67664 kB
SUnreclaim:       136764 kB
KernelStack:       41856 kB
PageTables:        56104 kB
NFS_Unstable:          0 kB
Bounce:                0 kB
WritebackTmp:          0 kB
CommitLimit:     9202296 kB
Committed_AS:   56426812 kB
VmallocTotal:   263061440 kB
VmallocUsed:       98728 kB
VmallocChunk:          0 kB
Percpu:             7616 kB
CmaTotal:         294912 kB
CmaFree:               0 kB
MemTotal:       12113144 kB
MemFree:         6527576 kB
MemAvailable:    8125896 kB
Buffers:            6056 kB
Cached:          1654684 kB
SwapCached:            0 kB
Active:          1420392 kB
Inactive:        1443960 kB
Active(anon):    1210284 kB
Inactive(anon):    20736 kB
Active(file):     210108 kB
Inactive(file):  1423224 kB
Unevictable:        5560 kB
Mlocked:            5560 kB
SwapTotal:       3145724 kB
SwapFree:        3145724 kB
Dirty:               156 kB
Writeback:             0 kB
AnonPages:       1209404 kB
Mapped:           810032 kB
Shmem:             22888 kB
KReclaimable:     833692 kB
Slab:             204444 kB
SReclaimable:      67664 kB
SUnreclaim:       136780 kB
KernelStack:       41856 kB
PageTables:        56104 kB
NFS_Unstable:          0 kB
Bounce:                0 kB
WritebackTmp:          0 kB
CommitLimit:     9202296 kB
Committed_AS:   56426660 kB
VmallocTotal:   263061440 kB
VmallocUsed:       98728 kB
VmallocChunk:          0 kB
Percpu:             7616 kB
CmaTotal:         294912 kB
CmaFree:               0 kB
MemTotal:       12113144 kB
MemFree:         6527992 kB
MemAvailable:    8126312 kB
Buffers:            6056 kB
Cached:          1654684 kB
SwapCached:            0 kB
Active:          1419572 kB
Inactive:        1443960 kB
Active(anon):    1209464 kB
Inactive(anon):    20736 kB
Active(file):     210108 kB
Inactive(file):  1423224 kB
Unevictable:        5560 kB
Mlocked:            5560 kB
SwapTotal:       3145724 kB
SwapFree:        3145724 kB
Dirty:               156 kB
Writeback:             0 kB
AnonPages:       1208500 kB
Mapped:           810032 kB
Shmem:             22888 kB
KReclaimable:     833692 kB
Slab:             204444 kB
SReclaimable:      67664 kB
SUnreclaim:       136780 kB
KernelStack:       41856 kB
PageTables:        56104 kB
NFS_Unstable:          0 kB
Bounce:                0 kB
WritebackTmp:          0 kB
CommitLimit:     9202296 kB
Committed_AS:   56431364 kB
VmallocTotal:   263061440 kB
VmallocUsed:       98776 kB
VmallocChunk:          0 kB
Percpu:             7616 kB
CmaTotal:         294912 kB
CmaFree:               0 kB
MemTotal:       12113144 kB
MemFree:         6525992 kB
MemAvailable:    8124312 kB
Buffers:            6056 kB
Cached:          1654684 kB
SwapCached:            0 kB
Active:          1420464 kB
Inactive:        1443960 kB
Active(anon):    1210356 kB
Inactive(anon):    20736 kB
Active(file):     210108 kB
Inactive(file):  1423224 kB
Unevictable:        5560 kB
Mlocked:            5560 kB
SwapTotal:       3145724 kB
SwapFree:        3145724 kB
Dirty:               176 kB
Writeback:             0 kB
AnonPages:       1209704 kB
Mapped:           810032 kB
Shmem:             22888 kB
KReclaimable:     833692 kB
Slab:             204372 kB
SReclaimable:      67664 kB
SUnreclaim:       136708 kB
KernelStack:       41856 kB
PageTables:        56104 kB
NFS_Unstable:          0 kB
Bounce:                0 kB
WritebackTmp:          0 kB
CommitLimit:     9202296 kB
Committed_AS:   56431284 kB
VmallocTotal:   263061440 kB
VmallocUsed:       98808 kB
VmallocChunk:          0 kB
Percpu:             7616 kB
CmaTotal:         294912 kB
CmaFree:               0 kB
MemTotal:       12113144 kB
MemFree:         6526440 kB
MemAvailable:    8124764 kB
Buffers:            6056 kB
Cached:          1654692 kB
SwapCached:            0 kB
Active:          1420860 kB
Inactive:        1443964 kB
Active(anon):    1210752 kB
Inactive(anon):    20736 kB
Active(file):     210108 kB
Inactive(file):  1423228 kB
Unevictable:        5560 kB
Mlocked:            5560 kB
SwapTotal:       3145724 kB
SwapFree:        3145724 kB
Dirty:               228 kB
Writeback:             0 kB
AnonPages:       1209752 kB
Mapped:           809832 kB
Shmem:             22888 kB
KReclaimable:     833692 kB
Slab:             204444 kB
SReclaimable:      67664 kB
SUnreclaim:       136780 kB
KernelStack:       41888 kB
PageTables:        56160 kB
NFS_Unstable:          0 kB
Bounce:                0 kB
WritebackTmp:          0 kB
CommitLimit:     9202296 kB
Committed_AS:   56436908 kB
VmallocTotal:   263061440 kB
VmallocUsed:       98776 kB
VmallocChunk:          0 kB
Percpu:             7616 kB
CmaTotal:         294912 kB
CmaFree:               0 kB
MemTotal:       12113144 kB
MemFree:         6526536 kB
MemAvailable:    8124864 kB
Buffers:            6056 kB
Cached:          1654692 kB
SwapCached:            0 kB
Active:          1421048 kB
Inactive:        1443968 kB
Active(anon):    1210940 kB
Inactive(anon):    20736 kB
Active(file):     210108 kB
Inactive(file):  1423232 kB
Unevictable:        5560 kB
Mlocked:            5560 kB
SwapTotal:       3145724 kB
SwapFree:        3145724 kB
Dirty:               232 kB
Writeback:             0 kB
AnonPages:       1209876 kB
Mapped:           809960 kB
Shmem:             22888 kB
KReclaimable:     833692 kB
Slab:             204444 kB
SReclaimable:      67664 kB
SUnreclaim:       136780 kB
KernelStack:       41888 kB
PageTables:        56148 kB
NFS_Unstable:          0 kB
Bounce:                0 kB
WritebackTmp:          0 kB
CommitLimit:     9202296 kB
Committed_AS:   56436564 kB
VmallocTotal:   263061440 kB
VmallocUsed:       98776 kB
VmallocChunk:          0 kB
Percpu:             7616 kB
CmaTotal:         294912 kB
CmaFree:               0 kB
MemTotal:       12113144 kB
MemFree:         6525648 kB
MemAvailable:    8123976 kB
Buffers:            6056 kB
Cached:          1654692 kB
SwapCached:            0 kB
Active:          1421632 kB
Inactive:        1443968 kB
Active(anon):    1211524 kB
Inactive(anon):    20736 kB
Active(file):     210108 kB
Inactive(file):  1423232 kB
Unevictable:        5560 kB
Mlocked:            5560 kB
SwapTotal:       3145724 kB
SwapFree:        3145724 kB
Dirty:               232 kB
Writeback:             0 kB
AnonPages:       1210344 kB
Mapped:           809772 kB
Shmem:             22888 kB
KReclaimable:     833692 kB
Slab:             204444 kB
SReclaimable:      67664 kB
SUnreclaim:       136780 kB
KernelStack:       41808 kB
PageTables:        56240 kB
NFS_Unstable:          0 kB
Bounce:                0 kB
WritebackTmp:          0 kB
CommitLimit:     9202296 kB
Committed_AS:   56436684 kB
VmallocTotal:   263061440 kB
VmallocUsed:       98728 kB
VmallocChunk:          0 kB
Percpu:             7616 kB
CmaTotal:         294912 kB
CmaFree:               0 kB
MemTotal:       12113144 kB
MemFree:         6525504 kB
MemAvailable:    8123832 kB
Buffers:            6056 kB
Cached:          1654692 kB
SwapCached:            0 kB
Active:          1422004 kB
Inactive:        1443968 kB
Active(anon):    1211896 kB
Inactive(anon):    20736 kB
Active(file):     210108 kB
Inactive(file):  1423232 kB
Unevictable:        5560 kB
Mlocked:            5560 kB
SwapTotal:       3145724 kB
SwapFree:        3145724 kB
Dirty:               232 kB
Writeback:             0 kB
AnonPages:       1210984 kB
Mapped:           809772 kB
Shmem:             22888 kB
KReclaimable:     833692 kB
Slab:             204436 kB
SReclaimable:      67664 kB
SUnreclaim:       136772 kB
KernelStack:       41792 kB
PageTables:        56104 kB
NFS_Unstable:          0 kB
Bounce:                0 kB
WritebackTmp:          0 kB
CommitLimit:     9202296 kB
Committed_AS:   56436464 kB
VmallocTotal:   263061440 kB
VmallocUsed:       98712 kB
VmallocChunk:          0 kB
Percpu:             7616 kB
CmaTotal:         294912 kB
CmaFree:               0 kB
MemTotal:       12113144 kB
MemFree:         6525464 kB
MemAvailable:    8123792 kB
Buffers:            6056 kB
Cached:          1654692 kB
SwapCached:            0 kB
Active:          1422336 kB
Inactive:        1443968 kB
Active(anon):    1212228 kB
Inactive(anon):    20736 kB
Active(file):     210108 kB
Inactive(file):  1423232 kB
Unevictable:        5560 kB
Mlocked:            5560 kB
SwapTotal:       3145724 kB
SwapFree:        3145724 kB
Dirty:               232 kB
Writeback:             0 kB
AnonPages:       1211276 kB
Mapped:           810032 kB
Shmem:             22888 kB
KReclaimable:     833692 kB
Slab:             204444 kB
SReclaimable:      67664 kB
SUnreclaim:       136780 kB
KernelStack:       41792 kB
PageTables:        56104 kB
NFS_Unstable:          0 kB
Bounce:                0 kB
WritebackTmp:          0 kB
CommitLimit:     9202296 kB
Committed_AS:   56436400 kB
VmallocTotal:   263061440 kB
VmallocUsed:       98712 kB
VmallocChunk:          0 kB
Percpu:             7616 kB
CmaTotal:         294912 kB
CmaFree:               0 kB
MemTotal:       12113144 kB
MemFree:         6524176 kB
MemAvailable:    8122504 kB
Buffers:            6056 kB
Cached:          1654692 kB
SwapCached:            0 kB
Active:          1422852 kB
Inactive:        1443968 kB
Active(anon):    1212744 kB
Inactive(anon):    20736 kB
Active(file):     210108 kB
Inactive(file):  1423232 kB
Unevictable:        5560 kB
Mlocked:            5560 kB
SwapTotal:       3145724 kB
SwapFree:        3145724 kB
Dirty:               244 kB
Writeback:             0 kB
AnonPages:       1211800 kB
Mapped:           809772 kB
Shmem:             22888 kB
KReclaimable:     833692 kB
Slab:             204436 kB
SReclaimable:      67664 kB
SUnreclaim:       136772 kB
KernelStack:       41792 kB
PageTables:        56104 kB
NFS_Unstable:          0 kB
Bounce:                0 kB
WritebackTmp:          0 kB
CommitLimit:     9202296 kB
Committed_AS:   56436028 kB
VmallocTotal:   263061440 kB
VmallocUsed:       98712 kB
VmallocChunk:          0 kB
Percpu:             7616 kB
CmaTotal:         294912 kB
CmaFree:               0 kB
MemTotal:       12113144 kB
MemFree:         6524384 kB
MemAvailable:    8122728 kB
Buffers:            6060 kB
Cached:          1654708 kB
SwapCached:            0 kB
Active:          1423532 kB
Inactive:        1443988 kB
Active(anon):    1213424 kB
Inactive(anon):    20740 kB
Active(file):     210108 kB
Inactive(file):  1423248 kB
Unevictable:        5560 kB
Mlocked:            5560 kB
SwapTotal:       3145724 kB
SwapFree:        3145724 kB
Dirty:               224 kB
Writeback:             0 kB
AnonPages:       1212372 kB
Mapped:           810036 kB
Shmem:             22892 kB
KReclaimable:     833692 kB
Slab:             204452 kB
SReclaimable:      67664 kB
SUnreclaim:       136788 kB
KernelStack:       41792 kB
PageTables:        56112 kB
NFS_Unstable:          0 kB
Bounce:                0 kB
WritebackTmp:          0 kB
CommitLimit:     9202296 kB
Committed_AS:   56436120 kB
VmallocTotal:   263061440 kB
VmallocUsed:       98712 kB
VmallocChunk:          0 kB
Percpu:             7616 kB
CmaTotal:         294912 kB
CmaFree:               0 kB
MemTotal:       12113144 kB
MemFree:         6524084 kB
MemAvailable:    8122428 kB
Buffers:            6060 kB
Cached:          1654708 kB
SwapCached:            0 kB
Active:          1424144 kB
Inactive:        1443988 kB
Active(anon):    1214036 kB
Inactive(anon):    20740 kB
Active(file):     210108 kB
Inactive(file):  1423248 kB
Unevictable:        5560 kB
Mlocked:            5560 kB
SwapTotal:       3145724 kB
SwapFree:        3145724 kB
Dirty:               240 kB
Writeback:             0 kB
AnonPages:       1213124 kB
Mapped:           810036 kB
Shmem:             22892 kB
KReclaimable:     833692 kB
Slab:             204444 kB
SReclaimable:      67664 kB
SUnreclaim:       136780 kB
KernelStack:       41792 kB
PageTables:        56108 kB
NFS_Unstable:          0 kB
Bounce:                0 kB
WritebackTmp:          0 kB
CommitLimit:     9202296 kB
Committed_AS:   56435908 kB
VmallocTotal:   263061440 kB
VmallocUsed:       98696 kB
VmallocChunk:          0 kB
Percpu:             7616 kB
CmaTotal:         294912 kB
CmaFree:               0 kB
MemTotal:       12113144 kB
MemFree:         6523640 kB
MemAvailable:    8121976 kB
Buffers:            6060 kB
Cached:          1654700 kB
SwapCached:            0 kB
Active:          1424428 kB
Inactive:        1443984 kB
Active(anon):    1214324 kB
Inactive(anon):    20740 kB
Active(file):     210104 kB
Inactive(file):  1423244 kB
Unevictable:        5560 kB
Mlocked:            5560 kB
SwapTotal:       3145724 kB
SwapFree:        3145724 kB
Dirty:               232 kB
Writeback:             0 kB
AnonPages:       1213296 kB
Mapped:           810036 kB
Shmem:             22892 kB
KReclaimable:     833692 kB
Slab:             204436 kB
SReclaimable:      67664 kB
SUnreclaim:       136772 kB
KernelStack:       41792 kB
PageTables:        56108 kB
NFS_Unstable:          0 kB
Bounce:                0 kB
WritebackTmp:          0 kB
CommitLimit:     9202296 kB
Committed_AS:   56435608 kB
VmallocTotal:   263061440 kB
VmallocUsed:       98696 kB
VmallocChunk:          0 kB
Percpu:             7616 kB
CmaTotal:         294912 kB
CmaFree:               0 kB
MemTotal:       12113144 kB
MemFree:         6523196 kB
MemAvailable:    8121540 kB
Buffers:            6060 kB
Cached:          1654708 kB
SwapCached:            0 kB
Active:          1424744 kB
Inactive:        1443988 kB
Active(anon):    1214636 kB
Inactive(anon):    20740 kB
Active(file):     210108 kB
Inactive(file):  1423248 kB
Unevictable:        5560 kB
Mlocked:            5560 kB
SwapTotal:       3145724 kB
SwapFree:        3145724 kB
Dirty:               240 kB
Writeback:             0 kB
AnonPages:       1213764 kB
Mapped:           809776 kB
Shmem:             22892 kB
KReclaimable:     833692 kB
Slab:             204444 kB
SReclaimable:      67664 kB
SUnreclaim:       136780 kB
KernelStack:       41792 kB
PageTables:        56108 kB
NFS_Unstable:          0 kB
Bounce:                0 kB
WritebackTmp:          0 kB
CommitLimit:     9202296 kB
Committed_AS:   56435616 kB
VmallocTotal:   263061440 kB
VmallocUsed:       98744 kB
VmallocChunk:          0 kB
Percpu:             7616 kB
CmaTotal:         294912 kB
CmaFree:               0 kB
MemTotal:       12113144 kB
MemFree:         6521320 kB
MemAvailable:    8119664 kB
Buffers:            6060 kB
Cached:          1654708 kB
SwapCached:            0 kB
Active:          1426024 kB
Inactive:        1443988 kB
Active(anon):    1215916 kB
Inactive(anon):    20740 kB
Active(file):     210108 kB
Inactive(file):  1423248 kB
Unevictable:        5560 kB
Mlocked:            5560 kB
SwapTotal:       3145724 kB
SwapFree:        3145724 kB
Dirty:               244 kB
Writeback:             0 kB
AnonPages:       1214824 kB
Mapped:           810036 kB
Shmem:             22892 kB
KReclaimable:     833692 kB
Slab:             204460 kB
SReclaimable:      67664 kB
SUnreclaim:       136796 kB
KernelStack:       41792 kB
PageTables:        56112 kB
NFS_Unstable:          0 kB
Bounce:                0 kB
WritebackTmp:          0 kB
CommitLimit:     9202296 kB
Committed_AS:   56432740 kB
VmallocTotal:   263061440 kB
VmallocUsed:       98712 kB
VmallocChunk:          0 kB
Percpu:             7616 kB
CmaTotal:         294912 kB
CmaFree:               0 kB
MemTotal:       12113144 kB
MemFree:         6521764 kB
MemAvailable:    8120108 kB
Buffers:            6060 kB
Cached:          1654708 kB
SwapCached:            0 kB
Active:          1425476 kB
Inactive:        1443988 kB
Active(anon):    1215368 kB
Inactive(anon):    20740 kB
Active(file):     210108 kB
Inactive(file):  1423248 kB
Unevictable:        5560 kB
Mlocked:            5560 kB
SwapTotal:       3145724 kB
SwapFree:        3145724 kB
Dirty:               248 kB
Writeback:             0 kB
AnonPages:       1214452 kB
Mapped:           810036 kB
Shmem:             22892 kB
KReclaimable:     833692 kB
Slab:             204460 kB
SReclaimable:      67664 kB
SUnreclaim:       136796 kB
KernelStack:       41792 kB
PageTables:        56104 kB
NFS_Unstable:          0 kB
Bounce:                0 kB
WritebackTmp:          0 kB
CommitLimit:     9202296 kB
Committed_AS:   56432360 kB
VmallocTotal:   263061440 kB
VmallocUsed:       98696 kB
VmallocChunk:          0 kB
Percpu:             7616 kB
CmaTotal:         294912 kB
CmaFree:               0 kB
MemTotal:       12113144 kB
MemFree:         6521868 kB
MemAvailable:    8120212 kB
Buffers:            6060 kB
Cached:          1654716 kB
SwapCached:            0 kB
Active:          1426044 kB
Inactive:        1443996 kB
Active(anon):    1215936 kB
Inactive(anon):    20748 kB
Active(file):     210108 kB
Inactive(file):  1423248 kB
Unevictable:        5560 kB
Mlocked:            5560 kB
SwapTotal:       3145724 kB
SwapFree:        3145724 kB
Dirty:               252 kB
Writeback:             0 kB
AnonPages:       1214964 kB
Mapped:           809784 kB
Shmem:             22900 kB
KReclaimable:     833692 kB
Slab:             204452 kB
SReclaimable:      67664 kB
SUnreclaim:       136788 kB
KernelStack:       41776 kB
PageTables:        56108 kB
NFS_Unstable:          0 kB
Bounce:                0 kB
WritebackTmp:          0 kB
CommitLimit:     9202296 kB
Committed_AS:   56432324 kB
VmallocTotal:   263061440 kB
VmallocUsed:       98696 kB
VmallocChunk:          0 kB
Percpu:             7616 kB
CmaTotal:         294912 kB
CmaFree:               0 kB
MemTotal:       12113144 kB
MemFree:         6521760 kB
MemAvailable:    8120104 kB
Buffers:            6060 kB
Cached:          1654716 kB
SwapCached:            0 kB
Active:          1426404 kB
Inactive:        1443996 kB
Active(anon):    1216296 kB
Inactive(anon):    20748 kB
Active(file):     210108 kB
Inactive(file):  1423248 kB
Unevictable:        5560 kB
Mlocked:            5560 kB
SwapTotal:       3145724 kB
SwapFree:        3145724 kB
Dirty:               284 kB
Writeback:             0 kB
AnonPages:       1215360 kB
Mapped:           810044 kB
Shmem:             22900 kB
KReclaimable:     833692 kB
Slab:             204460 kB
SReclaimable:      67664 kB
SUnreclaim:       136796 kB
KernelStack:       41776 kB
PageTables:        56108 kB
NFS_Unstable:          0 kB
Bounce:                0 kB
WritebackTmp:          0 kB
CommitLimit:     9202296 kB
Committed_AS:   56431980 kB
VmallocTotal:   263061440 kB
VmallocUsed:       98664 kB
VmallocChunk:          0 kB
Percpu:             7616 kB
CmaTotal:         294912 kB
CmaFree:               0 kB
MemTotal:       12113144 kB
MemFree:         6521096 kB
MemAvailable:    8119440 kB
Buffers:            6060 kB
Cached:          1654720 kB
SwapCached:            0 kB
Active:          1426880 kB
Inactive:        1444000 kB
Active(anon):    1216772 kB
Inactive(anon):    20748 kB
Active(file):     210108 kB
Inactive(file):  1423252 kB
Unevictable:        5560 kB
Mlocked:            5560 kB
SwapTotal:       3145724 kB
SwapFree:        3145724 kB
Dirty:               296 kB
Writeback:             0 kB
AnonPages:       1215740 kB
Mapped:           810044 kB
Shmem:             22900 kB
KReclaimable:     833688 kB
Slab:             204448 kB
SReclaimable:      67660 kB
SUnreclaim:       136788 kB
KernelStack:       41776 kB
PageTables:        56108 kB
NFS_Unstable:          0 kB
Bounce:                0 kB
WritebackTmp:          0 kB
CommitLimit:     9202296 kB
Committed_AS:   56431788 kB
VmallocTotal:   263061440 kB
VmallocUsed:       98680 kB
VmallocChunk:          0 kB
Percpu:             7616 kB
CmaTotal:         294912 kB
CmaFree:               0 kB
MemTotal:       12113144 kB
MemFree:         6521076 kB
MemAvailable:    8119428 kB
Buffers:            6060 kB
Cached:          1654728 kB
SwapCached:            0 kB
Active:          1427256 kB
Inactive:        1444008 kB
Active(anon):    1217148 kB
Inactive(anon):    20748 kB
Active(file):     210108 kB
Inactive(file):  1423260 kB
Unevictable:        5560 kB
Mlocked:            5560 kB
SwapTotal:       3145724 kB
SwapFree:        3145724 kB
Dirty:               296 kB
Writeback:             0 kB
AnonPages:       1216080 kB
Mapped:           810044 kB
Shmem:             22900 kB
KReclaimable:     833688 kB
Slab:             204448 kB
SReclaimable:      67660 kB
SUnreclaim:       136788 kB
KernelStack:       41808 kB
PageTables:        56112 kB
NFS_Unstable:          0 kB
Bounce:                0 kB
WritebackTmp:          0 kB
CommitLimit:     9202296 kB
Committed_AS:   56431656 kB
VmallocTotal:   263061440 kB
VmallocUsed:       98648 kB
VmallocChunk:          0 kB
Percpu:             7616 kB
CmaTotal:         294912 kB
CmaFree:               0 kB
MemTotal:       12113144 kB
MemFree:         6520820 kB
MemAvailable:    8119172 kB
Buffers:            6060 kB
Cached:          1654736 kB
SwapCached:            0 kB
Active:          1427620 kB
Inactive:        1444016 kB
Active(anon):    1217512 kB
Inactive(anon):    20756 kB
Active(file):     210108 kB
Inactive(file):  1423260 kB
Unevictable:        5560 kB
Mlocked:            5560 kB
SwapTotal:       3145724 kB
SwapFree:        3145724 kB
Dirty:               320 kB
Writeback:             0 kB
AnonPages:       1216504 kB
Mapped:           810036 kB
Shmem:             22908 kB
KReclaimable:     833688 kB
Slab:             204448 kB
SReclaimable:      67660 kB
SUnreclaim:       136788 kB
KernelStack:       41808 kB
PageTables:        56156 kB
NFS_Unstable:          0 kB
Bounce:                0 kB
WritebackTmp:          0 kB
CommitLimit:     9202296 kB
Committed_AS:   56431964 kB
VmallocTotal:   263061440 kB
VmallocUsed:       98664 kB
VmallocChunk:          0 kB
Percpu:             7616 kB
CmaTotal:         294912 kB
CmaFree:               0 kB
MemTotal:       12113144 kB
MemFree:         6520824 kB
MemAvailable:    8119180 kB
Buffers:            6060 kB
Cached:          1654740 kB
SwapCached:            0 kB
Active:          1427956 kB
Inactive:        1444020 kB
Active(anon):    1217848 kB
Inactive(anon):    20756 kB
Active(file):     210108 kB
Inactive(file):  1423264 kB
Unevictable:        5560 kB
Mlocked:            5560 kB
SwapTotal:       3145724 kB
SwapFree:        3145724 kB
Dirty:               172 kB
Writeback:             0 kB
AnonPages:       1216908 kB
Mapped:           809792 kB
Shmem:             22908 kB
KReclaimable:     833688 kB
Slab:             204448 kB
SReclaimable:      67660 kB
SUnreclaim:       136788 kB
KernelStack:       41776 kB
PageTables:        56104 kB
NFS_Unstable:          0 kB
Bounce:                0 kB
WritebackTmp:          0 kB
CommitLimit:     9202296 kB
Committed_AS:   56431600 kB
VmallocTotal:   263061440 kB
VmallocUsed:       98632 kB
VmallocChunk:          0 kB
Percpu:             7616 kB
CmaTotal:         294912 kB
CmaFree:               0 kB
MemTotal:       12113144 kB
MemFree:         6520316 kB
MemAvailable:    8118672 kB
Buffers:            6060 kB
Cached:          1654740 kB
SwapCached:            0 kB
Active:          1428160 kB
Inactive:        1444020 kB
Active(anon):    1218052 kB
Inactive(anon):    20756 kB
Active(file):     210108 kB
Inactive(file):  1423264 kB
Unevictable:        5560 kB
Mlocked:            5560 kB
SwapTotal:       3145724 kB
SwapFree:        3145724 kB
Dirty:               172 kB
Writeback:             0 kB
AnonPages:       1217080 kB
Mapped:           809792 kB
Shmem:             22908 kB
KReclaimable:     833688 kB
Slab:             204448 kB
SReclaimable:      67660 kB
SUnreclaim:       136788 kB
KernelStack:       41776 kB
PageTables:        56108 kB
NFS_Unstable:          0 kB
Bounce:                0 kB
WritebackTmp:          0 kB
CommitLimit:     9202296 kB
Committed_AS:   56431564 kB
VmallocTotal:   263061440 kB
VmallocUsed:       98648 kB
VmallocChunk:          0 kB
Percpu:             7616 kB
CmaTotal:         294912 kB
CmaFree:               0 kB
MemTotal:       12113144 kB
MemFree:         6532060 kB
MemAvailable:    8130416 kB
Buffers:            6060 kB
Cached:          1654740 kB
SwapCached:            0 kB
Active:          1417160 kB
Inactive:        1444020 kB
Active(anon):    1207052 kB
Inactive(anon):    20756 kB
Active(file):     210108 kB
Inactive(file):  1423264 kB
Unevictable:        5560 kB
Mlocked:            5560 kB
SwapTotal:       3145724 kB
SwapFree:        3145724 kB
Dirty:               172 kB
Writeback:             0 kB
AnonPages:       1206156 kB
Mapped:           809984 kB
Shmem:             22908 kB
KReclaimable:     833688 kB
Slab:             204440 kB
SReclaimable:      67660 kB
SUnreclaim:       136780 kB
KernelStack:       41776 kB
PageTables:        56108 kB
NFS_Unstable:          0 kB
Bounce:                0 kB
WritebackTmp:          0 kB
CommitLimit:     9202296 kB
Committed_AS:   56431864 kB
VmallocTotal:   263061440 kB
VmallocUsed:       98648 kB
VmallocChunk:          0 kB
Percpu:             7616 kB
CmaTotal:         294912 kB
CmaFree:               0 kB
MemTotal:       12113144 kB
MemFree:         6531416 kB
MemAvailable:    8129772 kB
Buffers:            6060 kB
Cached:          1654740 kB
SwapCached:            0 kB
Active:          1417684 kB
Inactive:        1444020 kB
Active(anon):    1207576 kB
Inactive(anon):    20756 kB
Active(file):     210108 kB
Inactive(file):  1423264 kB
Unevictable:        5560 kB
Mlocked:            5560 kB
SwapTotal:       3145724 kB
SwapFree:        3145724 kB
Dirty:               172 kB
Writeback:             0 kB
AnonPages:       1206656 kB
Mapped:           809724 kB
Shmem:             22908 kB
KReclaimable:     833688 kB
Slab:             204448 kB
SReclaimable:      67660 kB
SUnreclaim:       136788 kB
KernelStack:       41776 kB
PageTables:        56108 kB
NFS_Unstable:          0 kB
Bounce:                0 kB
WritebackTmp:          0 kB
CommitLimit:     9202296 kB
Committed_AS:   56431652 kB
VmallocTotal:   263061440 kB
VmallocUsed:       98616 kB
VmallocChunk:          0 kB
Percpu:             7616 kB
CmaTotal:         294912 kB
CmaFree:               0 kB
MemTotal:       12113144 kB
MemFree:         6530996 kB
MemAvailable:    8129352 kB
Buffers:            6060 kB
Cached:          1654744 kB
SwapCached:            0 kB
Active:          1418120 kB
Inactive:        1444024 kB
Active(anon):    1208012 kB
Inactive(anon):    20760 kB
Active(file):     210108 kB
Inactive(file):  1423264 kB
Unevictable:        5560 kB
Mlocked:            5560 kB
SwapTotal:       3145724 kB
SwapFree:        3145724 kB
Dirty:               156 kB
Writeback:             0 kB
AnonPages:       1207080 kB
Mapped:           809728 kB
Shmem:             22912 kB
KReclaimable:     833688 kB
Slab:             204432 kB
SReclaimable:      67660 kB
SUnreclaim:       136772 kB
KernelStack:       41760 kB
PageTables:        56108 kB
NFS_Unstable:          0 kB
Bounce:                0 kB
WritebackTmp:          0 kB
CommitLimit:     9202296 kB
Committed_AS:   56431060 kB
VmallocTotal:   263061440 kB
VmallocUsed:       98616 kB
VmallocChunk:          0 kB
Percpu:             7616 kB
CmaTotal:         294912 kB
CmaFree:               0 kB
MemTotal:       12113144 kB
MemFree:         6530740 kB
MemAvailable:    8129112 kB
Buffers:            6064 kB
Cached:          1654756 kB
SwapCached:            0 kB
Active:          1417492 kB
Inactive:        1444036 kB
Active(anon):    1207380 kB
Inactive(anon):    20760 kB
Active(file):     210112 kB
Inactive(file):  1423276 kB
Unevictable:        5560 kB
Mlocked:            5560 kB
SwapTotal:       3145724 kB
SwapFree:        3145724 kB
Dirty:               164 kB
Writeback:             0 kB
AnonPages:       1206380 kB
Mapped:           809988 kB
Shmem:             22912 kB
KReclaimable:     833688 kB
Slab:             204440 kB
SReclaimable:      67660 kB
SUnreclaim:       136780 kB
KernelStack:       41760 kB
PageTables:        56112 kB
NFS_Unstable:          0 kB
Bounce:                0 kB
WritebackTmp:          0 kB
CommitLimit:     9202296 kB
Committed_AS:   56430744 kB
VmallocTotal:   263061440 kB
VmallocUsed:       98648 kB
VmallocChunk:          0 kB
Percpu:             7616 kB
CmaTotal:         294912 kB
CmaFree:               0 kB
MemTotal:       12113144 kB
MemFree:         6530208 kB
MemAvailable:    8128580 kB
Buffers:            6064 kB
Cached:          1654756 kB
SwapCached:            0 kB
Active:          1417920 kB
Inactive:        1444036 kB
Active(anon):    1207808 kB
Inactive(anon):    20760 kB
Active(file):     210112 kB
Inactive(file):  1423276 kB
Unevictable:        5560 kB
Mlocked:            5560 kB
SwapTotal:       3145724 kB
SwapFree:        3145724 kB
Dirty:               164 kB
Writeback:             0 kB
AnonPages:       1206872 kB
Mapped:           809988 kB
Shmem:             22912 kB
KReclaimable:     833688 kB
Slab:             204440 kB
SReclaimable:      67660 kB
SUnreclaim:       136780 kB
KernelStack:       41760 kB
PageTables:        56108 kB
NFS_Unstable:          0 kB
Bounce:                0 kB
WritebackTmp:          0 kB
CommitLimit:     9202296 kB
Committed_AS:   56431476 kB
VmallocTotal:   263061440 kB
VmallocUsed:       98664 kB
VmallocChunk:          0 kB
Percpu:             7616 kB
CmaTotal:         294912 kB
CmaFree:               0 kB
MemTotal:       12113144 kB
MemFree:         6530132 kB
MemAvailable:    8128504 kB
Buffers:            6064 kB
Cached:          1654756 kB
SwapCached:            0 kB
Active:          1418248 kB
Inactive:        1444036 kB
Active(anon):    1208136 kB
Inactive(anon):    20760 kB
Active(file):     210112 kB
Inactive(file):  1423276 kB
Unevictable:        5560 kB
Mlocked:            5560 kB
SwapTotal:       3145724 kB
SwapFree:        3145724 kB
Dirty:               164 kB
Writeback:             0 kB
AnonPages:       1207180 kB
Mapped:           809728 kB
Shmem:             22912 kB
KReclaimable:     833688 kB
Slab:             204448 kB
SReclaimable:      67660 kB
SUnreclaim:       136788 kB
KernelStack:       41760 kB
PageTables:        56108 kB
NFS_Unstable:          0 kB
Bounce:                0 kB
WritebackTmp:          0 kB
CommitLimit:     9202296 kB
Committed_AS:   56431344 kB
VmallocTotal:   263061440 kB
VmallocUsed:       98648 kB
VmallocChunk:          0 kB
Percpu:             7616 kB
CmaTotal:         294912 kB
CmaFree:               0 kB
MemTotal:       12113144 kB
MemFree:         6529208 kB
MemAvailable:    8127580 kB
Buffers:            6064 kB
Cached:          1654756 kB
SwapCached:            0 kB
Active:          1418604 kB
Inactive:        1444036 kB
Active(anon):    1208492 kB
Inactive(anon):    20760 kB
Active(file):     210112 kB
Inactive(file):  1423276 kB
Unevictable:        5560 kB
Mlocked:            5560 kB
SwapTotal:       3145724 kB
SwapFree:        3145724 kB
Dirty:               176 kB
Writeback:             0 kB
AnonPages:       1207540 kB
Mapped:           809988 kB
Shmem:             22912 kB
KReclaimable:     833688 kB
Slab:             204432 kB
SReclaimable:      67660 kB
SUnreclaim:       136772 kB
KernelStack:       41760 kB
PageTables:        56108 kB
NFS_Unstable:          0 kB
Bounce:                0 kB
WritebackTmp:          0 kB
CommitLimit:     9202296 kB
Committed_AS:   56431520 kB
VmallocTotal:   263061440 kB
VmallocUsed:       98680 kB
VmallocChunk:          0 kB
Percpu:             7616 kB
CmaTotal:         294912 kB
CmaFree:               0 kB
MemTotal:       12113144 kB
MemFree:         6528712 kB
MemAvailable:    8127084 kB
Buffers:            6064 kB
Cached:          1654760 kB
SwapCached:            0 kB
Active:          1419588 kB
Inactive:        1444040 kB
Active(anon):    1209476 kB
Inactive(anon):    20764 kB
Active(file):     210112 kB
Inactive(file):  1423276 kB
Unevictable:        5560 kB
Mlocked:            5560 kB
SwapTotal:       3145724 kB
SwapFree:        3145724 kB
Dirty:               196 kB
Writeback:             0 kB
AnonPages:       1208560 kB
Mapped:           809992 kB
Shmem:             22916 kB
KReclaimable:     833688 kB
Slab:             204456 kB
SReclaimable:      67660 kB
SUnreclaim:       136796 kB
KernelStack:       41760 kB
PageTables:        56108 kB
NFS_Unstable:          0 kB
Bounce:                0 kB
WritebackTmp:          0 kB
CommitLimit:     9202296 kB
Committed_AS:   56426272 kB
VmallocTotal:   263061440 kB
VmallocUsed:       98696 kB
VmallocChunk:          0 kB
Percpu:             7616 kB
CmaTotal:         294912 kB
CmaFree:               0 kB
MemTotal:       12113144 kB
MemFree:         6527532 kB
MemAvailable:    8125904 kB
Buffers:            6064 kB
Cached:          1654760 kB
SwapCached:            0 kB
Active:          1419936 kB
Inactive:        1444040 kB
Active(anon):    1209824 kB
Inactive(anon):    20764 kB
Active(file):     210112 kB
Inactive(file):  1423276 kB
Unevictable:        5560 kB
Mlocked:            5560 kB
SwapTotal:       3145724 kB
SwapFree:        3145724 kB
Dirty:               196 kB
Writeback:             0 kB
AnonPages:       1208872 kB
Mapped:           809992 kB
Shmem:             22916 kB
KReclaimable:     833688 kB
Slab:             204436 kB
SReclaimable:      67660 kB
SUnreclaim:       136776 kB
KernelStack:       41760 kB
PageTables:        56104 kB
NFS_Unstable:          0 kB
Bounce:                0 kB
WritebackTmp:          0 kB
CommitLimit:     9202296 kB
Committed_AS:   56426060 kB
VmallocTotal:   263061440 kB
VmallocUsed:       98664 kB
VmallocChunk:          0 kB
Percpu:             7616 kB
CmaTotal:         294912 kB
CmaFree:               0 kB
MemTotal:       12113144 kB
MemFree:         6527876 kB
MemAvailable:    8126248 kB
Buffers:            6064 kB
Cached:          1654760 kB
SwapCached:            0 kB
Active:          1420276 kB
Inactive:        1444040 kB
Active(anon):    1210164 kB
Inactive(anon):    20764 kB
Active(file):     210112 kB
Inactive(file):  1423276 kB
Unevictable:        5560 kB
Mlocked:            5560 kB
SwapTotal:       3145724 kB
SwapFree:        3145724 kB
Dirty:               164 kB
Writeback:             0 kB
AnonPages:       1209144 kB
Mapped:           809996 kB
Shmem:             22916 kB
KReclaimable:     833688 kB
Slab:             204448 kB
SReclaimable:      67660 kB
SUnreclaim:       136788 kB
KernelStack:       41760 kB
PageTables:        56112 kB
NFS_Unstable:          0 kB
Bounce:                0 kB
WritebackTmp:          0 kB
CommitLimit:     9202296 kB
Committed_AS:   56425876 kB
VmallocTotal:   263061440 kB
VmallocUsed:       98648 kB
VmallocChunk:          0 kB
Percpu:             7616 kB
CmaTotal:         294912 kB
CmaFree:               0 kB
MemTotal:       12113144 kB
MemFree:         6527708 kB
MemAvailable:    8126080 kB
Buffers:            6064 kB
Cached:          1654760 kB
SwapCached:            0 kB
Active:          1420648 kB
Inactive:        1444040 kB
Active(anon):    1210536 kB
Inactive(anon):    20764 kB
Active(file):     210112 kB
Inactive(file):  1423276 kB
Unevictable:        5560 kB
Mlocked:            5560 kB
SwapTotal:       3145724 kB
SwapFree:        3145724 kB
Dirty:               164 kB
Writeback:             0 kB
AnonPages:       1209444 kB
Mapped:           809740 kB
Shmem:             22916 kB
KReclaimable:     833688 kB
Slab:             204456 kB
SReclaimable:      67660 kB
SUnreclaim:       136796 kB
KernelStack:       41792 kB
PageTables:        56128 kB
NFS_Unstable:          0 kB
Bounce:                0 kB
WritebackTmp:          0 kB
CommitLimit:     9202296 kB
Committed_AS:   56425524 kB
VmallocTotal:   263061440 kB
VmallocUsed:       98648 kB
VmallocChunk:          0 kB
Percpu:             7616 kB
CmaTotal:         294912 kB
CmaFree:               0 kB
MemTotal:       12113144 kB
MemFree:         6527248 kB
MemAvailable:    8125620 kB
Buffers:            6064 kB
Cached:          1654760 kB
SwapCached:            0 kB
Active:          1420908 kB
Inactive:        1444040 kB
Active(anon):    1210796 kB
Inactive(anon):    20764 kB
Active(file):     210112 kB
Inactive(file):  1423276 kB
Unevictable:        5560 kB
Mlocked:            5560 kB
SwapTotal:       3145724 kB
SwapFree:        3145724 kB
Dirty:               164 kB
Writeback:             0 kB
AnonPages:       1209904 kB
Mapped:           809736 kB
Shmem:             22916 kB
KReclaimable:     833688 kB
Slab:             204448 kB
SReclaimable:      67660 kB
SUnreclaim:       136788 kB
KernelStack:       41760 kB
PageTables:        56108 kB
NFS_Unstable:          0 kB
Bounce:                0 kB
WritebackTmp:          0 kB
CommitLimit:     9202296 kB
Committed_AS:   56431400 kB
VmallocTotal:   263061440 kB
VmallocUsed:       98696 kB
VmallocChunk:          0 kB
Percpu:             7616 kB
CmaTotal:         294912 kB
CmaFree:               0 kB
MemTotal:       12113144 kB
MemFree:         6525448 kB
MemAvailable:    8123824 kB
Buffers:            6064 kB
Cached:          1654764 kB
SwapCached:            0 kB
Active:          1421468 kB
Inactive:        1444044 kB
Active(anon):    1211356 kB
Inactive(anon):    20764 kB
Active(file):     210112 kB
Inactive(file):  1423280 kB
Unevictable:        5560 kB
Mlocked:            5560 kB
SwapTotal:       3145724 kB
SwapFree:        3145724 kB
Dirty:               188 kB
Writeback:             0 kB
AnonPages:       1210456 kB
Mapped:           809736 kB
Shmem:             22916 kB
KReclaimable:     833688 kB
Slab:             204456 kB
SReclaimable:      67660 kB
SUnreclaim:       136796 kB
KernelStack:       41760 kB
PageTables:        56108 kB
NFS_Unstable:          0 kB
Bounce:                0 kB
WritebackTmp:          0 kB
CommitLimit:     9202296 kB
Committed_AS:   56426272 kB
VmallocTotal:   263061440 kB
VmallocUsed:       98712 kB
VmallocChunk:          0 kB
Percpu:             7616 kB
CmaTotal:         294912 kB
CmaFree:               0 kB
MemTotal:       12113144 kB
MemFree:         6525472 kB
MemAvailable:    8123848 kB
Buffers:            6064 kB
Cached:          1654764 kB
SwapCached:            0 kB
Active:          1421716 kB
Inactive:        1444044 kB
Active(anon):    1211604 kB
Inactive(anon):    20764 kB
Active(file):     210112 kB
Inactive(file):  1423280 kB
Unevictable:        5560 kB
Mlocked:            5560 kB
SwapTotal:       3145724 kB
SwapFree:        3145724 kB
Dirty:               188 kB
Writeback:             0 kB
AnonPages:       1210620 kB
Mapped:           809736 kB
Shmem:             22916 kB
KReclaimable:     833688 kB
Slab:             204464 kB
SReclaimable:      67660 kB
SUnreclaim:       136804 kB
KernelStack:       41760 kB
PageTables:        56112 kB
NFS_Unstable:          0 kB
Bounce:                0 kB
WritebackTmp:          0 kB
CommitLimit:     9202296 kB
Committed_AS:   56431308 kB
VmallocTotal:   263061440 kB
VmallocUsed:       98696 kB
VmallocChunk:          0 kB
Percpu:             7616 kB
CmaTotal:         294912 kB
CmaFree:               0 kB
MemTotal:       12113144 kB
MemFree:         6524604 kB
MemAvailable:    8122980 kB
Buffers:            6064 kB
Cached:          1654764 kB
SwapCached:            0 kB
Active:          1422100 kB
Inactive:        1444044 kB
Active(anon):    1211988 kB
Inactive(anon):    20764 kB
Active(file):     210112 kB
Inactive(file):  1423280 kB
Unevictable:        5560 kB
Mlocked:            5560 kB
SwapTotal:       3145724 kB
SwapFree:        3145724 kB
Dirty:               168 kB
Writeback:             0 kB
AnonPages:       1211008 kB
Mapped:           809800 kB
Shmem:             22916 kB
KReclaimable:     833688 kB
Slab:             204448 kB
SReclaimable:      67660 kB
SUnreclaim:       136788 kB
KernelStack:       41792 kB
PageTables:        56132 kB
NFS_Unstable:          0 kB
Bounce:                0 kB
WritebackTmp:          0 kB
CommitLimit:     9202296 kB
Committed_AS:   56431080 kB
VmallocTotal:   263061440 kB
VmallocUsed:       98696 kB
VmallocChunk:          0 kB
Percpu:             7616 kB
CmaTotal:         294912 kB
CmaFree:               0 kB
MemTotal:       12113144 kB
MemFree:         6524348 kB
MemAvailable:    8122724 kB
Buffers:            6064 kB
Cached:          1654764 kB
SwapCached:            0 kB
Active:          1422456 kB
Inactive:        1444044 kB
Active(anon):    1212344 kB
Inactive(anon):    20764 kB
Active(file):     210112 kB
Inactive(file):  1423280 kB
Unevictable:        5560 kB
Mlocked:            5560 kB
SwapTotal:       3145724 kB
SwapFree:        3145724 kB
Dirty:               168 kB
Writeback:             0 kB
AnonPages:       1211292 kB
Mapped:           809996 kB
Shmem:             22916 kB
KReclaimable:     833688 kB
Slab:             204456 kB
SReclaimable:      67660 kB
SUnreclaim:       136796 kB
KernelStack:       41760 kB
PageTables:        56112 kB
NFS_Unstable:          0 kB
Bounce:                0 kB
WritebackTmp:          0 kB
CommitLimit:     9202296 kB
Committed_AS:   56431000 kB
VmallocTotal:   263061440 kB
VmallocUsed:       98696 kB
VmallocChunk:          0 kB
Percpu:             7616 kB
CmaTotal:         294912 kB
CmaFree:               0 kB
MemTotal:       12113144 kB
MemFree:         6523872 kB
MemAvailable:    8122248 kB
Buffers:            6064 kB
Cached:          1654764 kB
SwapCached:            0 kB
Active:          1422740 kB
Inactive:        1444044 kB
Active(anon):    1212628 kB
Inactive(anon):    20764 kB
Active(file):     210112 kB
Inactive(file):  1423280 kB
Unevictable:        5560 kB
Mlocked:            5560 kB
SwapTotal:       3145724 kB
SwapFree:        3145724 kB
Dirty:               168 kB
Writeback:             0 kB
AnonPages:       1211724 kB
Mapped:           809996 kB
Shmem:             22916 kB
KReclaimable:     833688 kB
Slab:             204456 kB
SReclaimable:      67660 kB
SUnreclaim:       136796 kB
KernelStack:       41760 kB
PageTables:        56104 kB
NFS_Unstable:          0 kB
Bounce:                0 kB
WritebackTmp:          0 kB
CommitLimit:     9202296 kB
Committed_AS:   56430868 kB
VmallocTotal:   263061440 kB
VmallocUsed:       98696 kB
VmallocChunk:          0 kB
Percpu:             7616 kB
CmaTotal:         294912 kB
CmaFree:               0 kB
MemTotal:       12113144 kB
MemFree:         6524440 kB
MemAvailable:    8122816 kB
Buffers:            6064 kB
Cached:          1654764 kB
SwapCached:            0 kB
Active:          1422704 kB
Inactive:        1444044 kB
Active(anon):    1212592 kB
Inactive(anon):    20764 kB
Active(file):     210112 kB
Inactive(file):  1423280 kB
Unevictable:        5560 kB
Mlocked:            5560 kB
SwapTotal:       3145724 kB
SwapFree:        3145724 kB
Dirty:               168 kB
Writeback:             0 kB
AnonPages:       1211648 kB
Mapped:           809736 kB
Shmem:             22916 kB
KReclaimable:     833688 kB
Slab:             204456 kB
SReclaimable:      67660 kB
SUnreclaim:       136796 kB
KernelStack:       41824 kB
PageTables:        56104 kB
NFS_Unstable:          0 kB
Bounce:                0 kB
WritebackTmp:          0 kB
CommitLimit:     9202296 kB
Committed_AS:   56430744 kB
VmallocTotal:   263061440 kB
VmallocUsed:       98696 kB
VmallocChunk:          0 kB
Percpu:             7616 kB
CmaTotal:         294912 kB
CmaFree:              12 kB
MemTotal:       12113144 kB
MemFree:         6524036 kB
MemAvailable:    8122416 kB
Buffers:            6068 kB
Cached:          1654764 kB
SwapCached:            0 kB
Active:          1423104 kB
Inactive:        1444048 kB
Active(anon):    1212992 kB
Inactive(anon):    20764 kB
Active(file):     210112 kB
Inactive(file):  1423284 kB
Unevictable:        5560 kB
Mlocked:            5560 kB
SwapTotal:       3145724 kB
SwapFree:        3145724 kB
Dirty:               156 kB
Writeback:             0 kB
AnonPages:       1211920 kB
Mapped:           809996 kB
Shmem:             22916 kB
KReclaimable:     833688 kB
Slab:             204472 kB
SReclaimable:      67660 kB
SUnreclaim:       136812 kB
KernelStack:       41872 kB
PageTables:        56104 kB
NFS_Unstable:          0 kB
Bounce:                0 kB
WritebackTmp:          0 kB
CommitLimit:     9202296 kB
Committed_AS:   56430568 kB
VmallocTotal:   263061440 kB
VmallocUsed:       98728 kB
VmallocChunk:          0 kB
Percpu:             7616 kB
CmaTotal:         294912 kB
CmaFree:               0 kB
MemTotal:       12113144 kB
MemFree:         6523828 kB
MemAvailable:    8122224 kB
Buffers:            6068 kB
Cached:          1654780 kB
SwapCached:            0 kB
Active:          1423552 kB
Inactive:        1444056 kB
Active(anon):    1213432 kB
Inactive(anon):    20764 kB
Active(file):     210120 kB
Inactive(file):  1423292 kB
Unevictable:        5560 kB
Mlocked:            5560 kB
SwapTotal:       3145724 kB
SwapFree:        3145724 kB
Dirty:               224 kB
Writeback:             4 kB
AnonPages:       1212460 kB
Mapped:           809996 kB
Shmem:             22916 kB
KReclaimable:     833688 kB
Slab:             204464 kB
SReclaimable:      67660 kB
SUnreclaim:       136804 kB
KernelStack:       41872 kB
PageTables:        56104 kB
NFS_Unstable:          0 kB
Bounce:                0 kB
WritebackTmp:          0 kB
CommitLimit:     9202296 kB
Committed_AS:   56430284 kB
VmallocTotal:   263061440 kB
VmallocUsed:       98712 kB
VmallocChunk:          0 kB
Percpu:             7616 kB
CmaTotal:         294912 kB
CmaFree:               0 kB
MemTotal:       12113144 kB
MemFree:         6523724 kB
MemAvailable:    8122112 kB
Buffers:            6068 kB
Cached:          1654772 kB
SwapCached:            0 kB
Active:          1423888 kB
Inactive:        1444052 kB
Active(anon):    1213772 kB
Inactive(anon):    20764 kB
Active(file):     210116 kB
Inactive(file):  1423288 kB
Unevictable:        5560 kB
Mlocked:            5560 kB
SwapTotal:       3145724 kB
SwapFree:        3145724 kB
Dirty:               220 kB
Writeback:             0 kB
AnonPages:       1212796 kB
Mapped:           809992 kB
Shmem:             22916 kB
KReclaimable:     833688 kB
Slab:             204472 kB
SReclaimable:      67660 kB
SUnreclaim:       136812 kB
KernelStack:       41872 kB
PageTables:        56104 kB
NFS_Unstable:          0 kB
Bounce:                0 kB
WritebackTmp:          0 kB
CommitLimit:     9202296 kB
Committed_AS:   56430564 kB
VmallocTotal:   263061440 kB
VmallocUsed:       98744 kB
VmallocChunk:          0 kB
Percpu:             7616 kB
CmaTotal:         294912 kB
CmaFree:               0 kB
MemTotal:       12113144 kB
MemFree:         6523384 kB
MemAvailable:    8121772 kB
Buffers:            6068 kB
Cached:          1654772 kB
SwapCached:            0 kB
Active:          1424352 kB
Inactive:        1444052 kB
Active(anon):    1214236 kB
Inactive(anon):    20764 kB
Active(file):     210116 kB
Inactive(file):  1423288 kB
Unevictable:        5560 kB
Mlocked:            5560 kB
SwapTotal:       3145724 kB
SwapFree:        3145724 kB
Dirty:               224 kB
Writeback:             0 kB
AnonPages:       1213228 kB
Mapped:           809996 kB
Shmem:             22916 kB
KReclaimable:     833688 kB
Slab:             204472 kB
SReclaimable:      67660 kB
SUnreclaim:       136812 kB
KernelStack:       41936 kB
PageTables:        56104 kB
NFS_Unstable:          0 kB
Bounce:                0 kB
WritebackTmp:          0 kB
CommitLimit:     9202296 kB
Committed_AS:   56430308 kB
VmallocTotal:   263061440 kB
VmallocUsed:       98760 kB
VmallocChunk:          0 kB
Percpu:             7616 kB
CmaTotal:         294912 kB
CmaFree:               0 kB
MemTotal:       12113144 kB
MemFree:         6522552 kB
MemAvailable:    8120940 kB
Buffers:            6068 kB
Cached:          1654772 kB
SwapCached:            0 kB
Active:          1424224 kB
Inactive:        1444052 kB
Active(anon):    1214108 kB
Inactive(anon):    20764 kB
Active(file):     210116 kB
Inactive(file):  1423288 kB
Unevictable:        5560 kB
Mlocked:            5560 kB
SwapTotal:       3145724 kB
SwapFree:        3145724 kB
Dirty:               224 kB
Writeback:             0 kB
AnonPages:       1213032 kB
Mapped:           809996 kB
Shmem:             22916 kB
KReclaimable:     833688 kB
Slab:             204472 kB
SReclaimable:      67660 kB
SUnreclaim:       136812 kB
KernelStack:       41936 kB
PageTables:        56104 kB
NFS_Unstable:          0 kB
Bounce:                0 kB
WritebackTmp:          0 kB
CommitLimit:     9202296 kB
Committed_AS:   56429964 kB
VmallocTotal:   263061440 kB
VmallocUsed:       98776 kB
VmallocChunk:          0 kB
Percpu:             7616 kB
CmaTotal:         294912 kB
CmaFree:               0 kB
MemTotal:       12113144 kB
MemFree:         6522316 kB
MemAvailable:    8120704 kB
Buffers:            6068 kB
Cached:          1654772 kB
SwapCached:            0 kB
Active:          1424544 kB
Inactive:        1444052 kB
Active(anon):    1214428 kB
Inactive(anon):    20764 kB
Active(file):     210116 kB
Inactive(file):  1423288 kB
Unevictable:        5560 kB
Mlocked:            5560 kB
SwapTotal:       3145724 kB
SwapFree:        3145724 kB
Dirty:               224 kB
Writeback:             0 kB
AnonPages:       1213376 kB
Mapped:           809996 kB
Shmem:             22916 kB
KReclaimable:     833688 kB
Slab:             204468 kB
SReclaimable:      67660 kB
SUnreclaim:       136808 kB
KernelStack:       41936 kB
PageTables:        56112 kB
NFS_Unstable:          0 kB
Bounce:                0 kB
WritebackTmp:          0 kB
CommitLimit:     9202296 kB
Committed_AS:   56429848 kB
VmallocTotal:   263061440 kB
VmallocUsed:       98792 kB
VmallocChunk:          0 kB
Percpu:             7616 kB
CmaTotal:         294912 kB
CmaFree:               0 kB
MemTotal:       12113144 kB
MemFree:         6522296 kB
MemAvailable:    8120684 kB
Buffers:            6068 kB
Cached:          1654772 kB
SwapCached:            0 kB
Active:          1424088 kB
Inactive:        1444052 kB
Active(anon):    1213972 kB
Inactive(anon):    20764 kB
Active(file):     210116 kB
Inactive(file):  1423288 kB
Unevictable:        5560 kB
Mlocked:            5560 kB
SwapTotal:       3145724 kB
SwapFree:        3145724 kB
Dirty:               164 kB
Writeback:             0 kB
AnonPages:       1213040 kB
Mapped:           809736 kB
Shmem:             22916 kB
KReclaimable:     833688 kB
Slab:             204484 kB
SReclaimable:      67660 kB
SUnreclaim:       136824 kB
KernelStack:       41920 kB
PageTables:        56104 kB
NFS_Unstable:          0 kB
Bounce:                0 kB
WritebackTmp:          0 kB
CommitLimit:     9202296 kB
Committed_AS:   56429856 kB
VmallocTotal:   263061440 kB
VmallocUsed:       98776 kB
VmallocChunk:          0 kB
Percpu:             7616 kB
CmaTotal:         294912 kB
CmaFree:               0 kB
MemTotal:       12113144 kB
MemFree:         6522440 kB
MemAvailable:    8120828 kB
Buffers:            6068 kB
Cached:          1654772 kB
SwapCached:            0 kB
Active:          1424512 kB
Inactive:        1444052 kB
Active(anon):    1214396 kB
Inactive(anon):    20764 kB
Active(file):     210116 kB
Inactive(file):  1423288 kB
Unevictable:        5560 kB
Mlocked:            5560 kB
SwapTotal:       3145724 kB
SwapFree:        3145724 kB
Dirty:               164 kB
Writeback:             0 kB
AnonPages:       1213340 kB
Mapped:           809996 kB
Shmem:             22916 kB
KReclaimable:     833688 kB
Slab:             204472 kB
SReclaimable:      67660 kB
SUnreclaim:       136812 kB
KernelStack:       41920 kB
PageTables:        56108 kB
NFS_Unstable:          0 kB
Bounce:                0 kB
WritebackTmp:          0 kB
CommitLimit:     9202296 kB
Committed_AS:   56429504 kB
VmallocTotal:   263061440 kB
VmallocUsed:       98776 kB
VmallocChunk:          0 kB
Percpu:             7616 kB
CmaTotal:         294912 kB
CmaFree:               0 kB
MemTotal:       12113144 kB
MemFree:         6522004 kB
MemAvailable:    8120392 kB
Buffers:            6068 kB
Cached:          1654772 kB
SwapCached:            0 kB
Active:          1424780 kB
Inactive:        1444052 kB
Active(anon):    1214664 kB
Inactive(anon):    20764 kB
Active(file):     210116 kB
Inactive(file):  1423288 kB
Unevictable:        5560 kB
Mlocked:            5560 kB
SwapTotal:       3145724 kB
SwapFree:        3145724 kB
Dirty:               164 kB
Writeback:             0 kB
AnonPages:       1213740 kB
Mapped:           809996 kB
Shmem:             22916 kB
KReclaimable:     833688 kB
Slab:             204472 kB
SReclaimable:      67660 kB
SUnreclaim:       136812 kB
KernelStack:       41920 kB
PageTables:        56108 kB
NFS_Unstable:          0 kB
Bounce:                0 kB
WritebackTmp:          0 kB
CommitLimit:     9202296 kB
Committed_AS:   56429380 kB
VmallocTotal:   263061440 kB
VmallocUsed:       98776 kB
VmallocChunk:          0 kB
Percpu:             7616 kB
CmaTotal:         294912 kB
CmaFree:               0 kB
MemTotal:       12113144 kB
MemFree:         6521520 kB
MemAvailable:    8119920 kB
Buffers:            6068 kB
Cached:          1654784 kB
SwapCached:            0 kB
Active:          1425580 kB
Inactive:        1444064 kB
Active(anon):    1215464 kB
Inactive(anon):    20764 kB
Active(file):     210116 kB
Inactive(file):  1423300 kB
Unevictable:        5560 kB
Mlocked:            5560 kB
SwapTotal:       3145724 kB
SwapFree:        3145724 kB
Dirty:               228 kB
Writeback:             0 kB
AnonPages:       1214252 kB
Mapped:           809800 kB
Shmem:             22916 kB
KReclaimable:     833688 kB
Slab:             204480 kB
SReclaimable:      67660 kB
SUnreclaim:       136820 kB
KernelStack:       41952 kB
PageTables:        56164 kB
NFS_Unstable:          0 kB
Bounce:                0 kB
WritebackTmp:          0 kB
CommitLimit:     9202296 kB
Committed_AS:   56429116 kB
VmallocTotal:   263061440 kB
VmallocUsed:       98792 kB
VmallocChunk:          0 kB
Percpu:             7616 kB
CmaTotal:         294912 kB
CmaFree:               0 kB
MemTotal:       12113144 kB
MemFree:         6525384 kB
MemAvailable:    8123784 kB
Buffers:            6068 kB
Cached:          1654784 kB
SwapCached:            0 kB
Active:          1422132 kB
Inactive:        1444064 kB
Active(anon):    1212016 kB
Inactive(anon):    20764 kB
Active(file):     210116 kB
Inactive(file):  1423300 kB
Unevictable:        5560 kB
Mlocked:            5560 kB
SwapTotal:       3145724 kB
SwapFree:        3145724 kB
Dirty:               228 kB
Writeback:             0 kB
AnonPages:       1211080 kB
Mapped:           809996 kB
Shmem:             22916 kB
KReclaimable:     833688 kB
Slab:             204472 kB
SReclaimable:      67660 kB
SUnreclaim:       136812 kB
KernelStack:       41920 kB
PageTables:        56108 kB
NFS_Unstable:          0 kB
Bounce:                0 kB
WritebackTmp:          0 kB
CommitLimit:     9202296 kB
Committed_AS:   56428948 kB
VmallocTotal:   263061440 kB
VmallocUsed:       98776 kB
VmallocChunk:          0 kB
Percpu:             7616 kB
CmaTotal:         294912 kB
CmaFree:               0 kB
MemTotal:       12113144 kB
MemFree:         6525156 kB
MemAvailable:    8123556 kB
Buffers:            6068 kB
Cached:          1654784 kB
SwapCached:            0 kB
Active:          1422540 kB
Inactive:        1444064 kB
Active(anon):    1212424 kB
Inactive(anon):    20764 kB
Active(file):     210116 kB
Inactive(file):  1423300 kB
Unevictable:        5560 kB
Mlocked:            5560 kB
SwapTotal:       3145724 kB
SwapFree:        3145724 kB
Dirty:               168 kB
Writeback:             0 kB
AnonPages:       1211464 kB
Mapped:           809736 kB
Shmem:             22916 kB
KReclaimable:     833688 kB
Slab:             204476 kB
SReclaimable:      67660 kB
SUnreclaim:       136816 kB
KernelStack:       41920 kB
PageTables:        56108 kB
NFS_Unstable:          0 kB
Bounce:                0 kB
WritebackTmp:          0 kB
CommitLimit:     9202296 kB
Committed_AS:   56428800 kB
VmallocTotal:   263061440 kB
VmallocUsed:       98792 kB
VmallocChunk:          0 kB
Percpu:             7616 kB
CmaTotal:         294912 kB
CmaFree:               0 kB
MemTotal:       12113144 kB
MemFree:         6524780 kB
MemAvailable:    8123180 kB
Buffers:            6068 kB
Cached:          1654788 kB
SwapCached:            0 kB
Active:          1423384 kB
Inactive:        1444068 kB
Active(anon):    1213268 kB
Inactive(anon):    20768 kB
Active(file):     210116 kB
Inactive(file):  1423300 kB
Unevictable:        5560 kB
Mlocked:            5560 kB
SwapTotal:       3145724 kB
SwapFree:        3145724 kB
Dirty:               168 kB
Writeback:             0 kB
AnonPages:       1212256 kB
Mapped:           810000 kB
Shmem:             22920 kB
KReclaimable:     833688 kB
Slab:             204492 kB
SReclaimable:      67660 kB
SUnreclaim:       136832 kB
KernelStack:       41920 kB
PageTables:        56112 kB
NFS_Unstable:          0 kB
Bounce:                0 kB
WritebackTmp:          0 kB
CommitLimit:     9202296 kB
Committed_AS:   56418920 kB
VmallocTotal:   263061440 kB
VmallocUsed:       98760 kB
VmallocChunk:          0 kB
Percpu:             7616 kB
CmaTotal:         294912 kB
CmaFree:               0 kB
MemTotal:       12113144 kB
MemFree:         6523552 kB
MemAvailable:    8121952 kB
Buffers:            6068 kB
Cached:          1654788 kB
SwapCached:            0 kB
Active:          1423320 kB
Inactive:        1444068 kB
Active(anon):    1213204 kB
Inactive(anon):    20768 kB
Active(file):     210116 kB
Inactive(file):  1423300 kB
Unevictable:        5560 kB
Mlocked:            5560 kB
SwapTotal:       3145724 kB
SwapFree:        3145724 kB
Dirty:               236 kB
Writeback:             0 kB
AnonPages:       1212252 kB
Mapped:           810000 kB
Shmem:             22920 kB
KReclaimable:     833688 kB
Slab:             204476 kB
SReclaimable:      67660 kB
SUnreclaim:       136816 kB
KernelStack:       41920 kB
PageTables:        56104 kB
NFS_Unstable:          0 kB
Bounce:                0 kB
WritebackTmp:          0 kB
CommitLimit:     9202296 kB
Committed_AS:   56426240 kB
VmallocTotal:   263061440 kB
VmallocUsed:       98792 kB
