MemTotal:        7922396 kB
MemFree:         1618464 kB
MemAvailable:    3353772 kB
Buffers:           15488 kB
Cached:          1024020 kB
SwapCached:         2192 kB
Active:          1220460 kB
Inactive:        1230456 kB
Active(anon):     422844 kB
Inactive(anon):  1024628 kB
Active(file):     797616 kB
Inactive(file):   205828 kB
Unevictable:        6044 kB
Mlocked:            5604 kB
SwapTotal:       4718584 kB
SwapFree:        4326648 kB
Dirty:             45976 kB
Writeback:             0 kB
AnonPages:       1415192 kB
Mapped:           365508 kB
Shmem:             31516 kB
KReclaimable:    1171288 kB
Slab:             305260 kB
SReclaimable:      75284 kB
SUnreclaim:       229976 kB
KernelStack:       46784 kB
ShadowCallStack:   11712 kB
PageTables:        65096 kB
NFS_Unstable:          0 kB
Bounce:                0 kB
WritebackTmp:          0 kB
CommitLimit:     8679780 kB
Committed_AS:   62718744 kB
VmallocTotal:   263061440 kB
VmallocUsed:      127976 kB
VmallocChunk:          0 kB
Percpu:             6288 kB
CmaTotal:         405504 kB
CmaFree:           96888 kB
MemTotal:        7922396 kB
MemFree:         1582436 kB
MemAvailable:    3316836 kB
Buffers:           15568 kB
Cached:          1024380 kB
SwapCached:         2192 kB
Active:          1220672 kB
Inactive:        1264652 kB
Active(anon):     422840 kB
Inactive(anon):  1058696 kB
Active(file):     797832 kB
Inactive(file):   205956 kB
Unevictable:        6044 kB
Mlocked:            5604 kB
SwapTotal:       4718584 kB
SwapFree:        4326648 kB
Dirty:             46148 kB
Writeback:            32 kB
AnonPages:       1449052 kB
Mapped:           418340 kB
Shmem:             31612 kB
KReclaimable:    1170036 kB
Slab:             305112 kB
SReclaimable:      75352 kB
SUnreclaim:       229760 kB
KernelStack:       47552 kB
ShadowCallStack:   11892 kB
PageTables:        66300 kB
NFS_Unstable:          0 kB
Bounce:                0 kB
WritebackTmp:          0 kB
CommitLimit:     8679780 kB
Committed_AS:   64215840 kB
VmallocTotal:   263061440 kB
VmallocUsed:      128896 kB
VmallocChunk:          0 kB
Percpu:             6288 kB
CmaTotal:         405504 kB
CmaFree:           96880 kB
MemTotal:        7922396 kB
MemFree:         1794744 kB
MemAvailable:    3602748 kB
Buffers:           15680 kB
Cached:          1023672 kB
SwapCached:         2192 kB
Active:          1221156 kB
Inactive:        1050764 kB
Active(anon):     422928 kB
Inactive(anon):   844912 kB
Active(file):     798228 kB
Inactive(file):   205852 kB
Unevictable:        6044 kB
Mlocked:            5604 kB
SwapTotal:       4718584 kB
SwapFree:        4326648 kB
Dirty:             46260 kB
Writeback:             0 kB
AnonPages:       1236444 kB
Mapped:           440552 kB
Shmem:             30724 kB
KReclaimable:    1243348 kB
Slab:             304944 kB
SReclaimable:      75360 kB
SUnreclaim:       229584 kB
KernelStack:       47952 kB
ShadowCallStack:   12012 kB
PageTables:        67348 kB
NFS_Unstable:          0 kB
Bounce:                0 kB
WritebackTmp:          0 kB
CommitLimit:     8679780 kB
Committed_AS:   64329004 kB
VmallocTotal:   263061440 kB
VmallocUsed:      129444 kB
VmallocChunk:          0 kB
Percpu:             6288 kB
CmaTotal:         405504 kB
CmaFree:           96888 kB
MemTotal:        7922396 kB
MemFree:         1403812 kB
MemAvailable:    3420760 kB
Buffers:           15696 kB
Cached:          1023852 kB
SwapCached:         2192 kB
Active:          1221180 kB
Inactive:        1440148 kB
Active(anon):     422928 kB
Inactive(anon):  1234288 kB
Active(file):     798252 kB
Inactive(file):   205860 kB
Unevictable:        6044 kB
Mlocked:            5604 kB
SwapTotal:       4718584 kB
SwapFree:        4326648 kB
Dirty:             46436 kB
Writeback:             0 kB
AnonPages:       1625820 kB
Mapped:           447260 kB
Shmem:             30888 kB
KReclaimable:    1452260 kB
Slab:             304712 kB
SReclaimable:      75360 kB
SUnreclaim:       229352 kB
KernelStack:       47936 kB
ShadowCallStack:   12016 kB
PageTables:        67748 kB
NFS_Unstable:          0 kB
Bounce:                0 kB
WritebackTmp:          0 kB
CommitLimit:     8679780 kB
Committed_AS:   64711868 kB
VmallocTotal:   263061440 kB
VmallocUsed:      129516 kB
VmallocChunk:          0 kB
Percpu:             6288 kB
CmaTotal:         405504 kB
CmaFree:           96888 kB
MemTotal:        7922396 kB
MemFree:         1378712 kB
MemAvailable:    2952076 kB
Buffers:           15696 kB
Cached:          1023852 kB
SwapCached:         2192 kB
Active:          1221184 kB
Inactive:        1464436 kB
Active(anon):     422932 kB
Inactive(anon):  1258576 kB
Active(file):     798252 kB
Inactive(file):   205860 kB
Unevictable:        6044 kB
Mlocked:            5604 kB
SwapTotal:       4718584 kB
SwapFree:        4326648 kB
Dirty:             46436 kB
Writeback:             0 kB
AnonPages:       1649844 kB
Mapped:           554144 kB
Shmem:             30888 kB
KReclaimable:    1008676 kB
Slab:             305604 kB
SReclaimable:      75360 kB
SUnreclaim:       230244 kB
KernelStack:       47952 kB
ShadowCallStack:   12008 kB
PageTables:        68276 kB
NFS_Unstable:          0 kB
Bounce:                0 kB
WritebackTmp:          0 kB
CommitLimit:     8679780 kB
Committed_AS:   64890624 kB
VmallocTotal:   263061440 kB
VmallocUsed:      129520 kB
VmallocChunk:          0 kB
Percpu:             6288 kB
CmaTotal:         405504 kB
CmaFree:           96792 kB
MemTotal:        7922396 kB
MemFree:         1186892 kB
MemAvailable:    2760260 kB
Buffers:           15696 kB
Cached:          1023864 kB
SwapCached:         2192 kB
Active:          1221180 kB
Inactive:        1655896 kB
Active(anon):     422928 kB
Inactive(anon):  1450024 kB
Active(file):     798252 kB
Inactive(file):   205872 kB
Unevictable:        6044 kB
Mlocked:            5604 kB
SwapTotal:       4718584 kB
SwapFree:        4326648 kB
Dirty:             46496 kB
Writeback:             0 kB
AnonPages:       1841344 kB
Mapped:           555384 kB
Shmem:             30888 kB
KReclaimable:    1008668 kB
Slab:             305676 kB
SReclaimable:      75360 kB
SUnreclaim:       230316 kB
KernelStack:       47984 kB
ShadowCallStack:   12020 kB
PageTables:        68932 kB
NFS_Unstable:          0 kB
Bounce:                0 kB
WritebackTmp:          0 kB
CommitLimit:     8679780 kB
Committed_AS:   65112472 kB
VmallocTotal:   263061440 kB
VmallocUsed:      129536 kB
VmallocChunk:          0 kB
Percpu:             6288 kB
CmaTotal:         405504 kB
CmaFree:           96888 kB
MemTotal:        7922396 kB
MemFree:         1193024 kB
MemAvailable:    2561800 kB
Buffers:           15756 kB
Cached:          1023880 kB
SwapCached:         2192 kB
Active:          1221324 kB
Inactive:        1647592 kB
Active(anon):     422964 kB
Inactive(anon):  1441752 kB
Active(file):     798360 kB
Inactive(file):   205840 kB
Unevictable:        6044 kB
Mlocked:            5604 kB
SwapTotal:       4718584 kB
SwapFree:        4326648 kB
Dirty:             46504 kB
Writeback:             8 kB
AnonPages:       1833028 kB
Mapped:           634368 kB
Shmem:             30888 kB
KReclaimable:     804252 kB
Slab:             306480 kB
SReclaimable:      75360 kB
SUnreclaim:       231120 kB
KernelStack:       47664 kB
ShadowCallStack:   11952 kB
PageTables:        69308 kB
NFS_Unstable:          0 kB
Bounce:                0 kB
WritebackTmp:          0 kB
CommitLimit:     8679780 kB
Committed_AS:   65290840 kB
VmallocTotal:   263061440 kB
VmallocUsed:      128636 kB
VmallocChunk:          0 kB
Percpu:             6288 kB
CmaTotal:         405504 kB
CmaFree:           96860 kB
MemTotal:        7922396 kB
MemFree:         1081456 kB
MemAvailable:    2452108 kB
Buffers:           15772 kB
Cached:          1024072 kB
SwapCached:         2192 kB
Active:          1221496 kB
Inactive:        1758256 kB
Active(anon):     422952 kB
Inactive(anon):  1552396 kB
Active(file):     798544 kB
Inactive(file):   205860 kB
Unevictable:        6044 kB
Mlocked:            5604 kB
SwapTotal:       4718584 kB
SwapFree:        4326648 kB
Dirty:             46620 kB
Writeback:             0 kB
AnonPages:       1943824 kB
Mapped:           640184 kB
Shmem:             30892 kB
KReclaimable:     805672 kB
Slab:             306512 kB
SReclaimable:      75364 kB
SUnreclaim:       231148 kB
KernelStack:       48208 kB
ShadowCallStack:   12080 kB
PageTables:        69640 kB
NFS_Unstable:          0 kB
Bounce:                0 kB
WritebackTmp:          0 kB
CommitLimit:     8679780 kB
Committed_AS:   65450664 kB
VmallocTotal:   263061440 kB
VmallocUsed:      129224 kB
VmallocChunk:          0 kB
Percpu:             6288 kB
CmaTotal:         405504 kB
CmaFree:           96856 kB
MemTotal:        7922396 kB
MemFree:          822292 kB
MemAvailable:    2193004 kB
Buffers:           15780 kB
Cached:          1024168 kB
SwapCached:         2192 kB
Active:          1221556 kB
Inactive:        2020752 kB
Active(anon):     422952 kB
Inactive(anon):  1814892 kB
Active(file):     798604 kB
Inactive(file):   205860 kB
Unevictable:        6044 kB
Mlocked:            5604 kB
SwapTotal:       4718584 kB
SwapFree:        4326648 kB
Dirty:             46716 kB
Writeback:             0 kB
AnonPages:       2206312 kB
Mapped:           641484 kB
Shmem:             30936 kB
KReclaimable:     805672 kB
Slab:             306544 kB
SReclaimable:      75364 kB
SUnreclaim:       231180 kB
KernelStack:       48128 kB
ShadowCallStack:   12044 kB
PageTables:        70012 kB
NFS_Unstable:          0 kB
Bounce:                0 kB
WritebackTmp:          0 kB
CommitLimit:     8679780 kB
Committed_AS:   65645104 kB
VmallocTotal:   263061440 kB
VmallocUsed:      129200 kB
VmallocChunk:          0 kB
Percpu:             6288 kB
CmaTotal:         405504 kB
CmaFree:           75428 kB
MemTotal:        7922396 kB
MemFree:          741248 kB
MemAvailable:    2099416 kB
Buffers:           15780 kB
Cached:          1024204 kB
SwapCached:         2192 kB
Active:          1221552 kB
Inactive:        2103388 kB
Active(anon):     422948 kB
Inactive(anon):  1897528 kB
Active(file):     798604 kB
Inactive(file):   205860 kB
Unevictable:        6044 kB
Mlocked:            5604 kB
SwapTotal:       4718584 kB
SwapFree:        4326648 kB
Dirty:             46716 kB
Writeback:             0 kB
AnonPages:       2288840 kB
Mapped:           646188 kB
Shmem:             30972 kB
KReclaimable:     793128 kB
Slab:             306648 kB
SReclaimable:      75412 kB
SUnreclaim:       231236 kB
KernelStack:       48160 kB
ShadowCallStack:   12064 kB
PageTables:        70364 kB
NFS_Unstable:          0 kB
Bounce:                0 kB
WritebackTmp:          0 kB
CommitLimit:     8679780 kB
Committed_AS:   65722724 kB
VmallocTotal:   263061440 kB
VmallocUsed:      129204 kB
VmallocChunk:          0 kB
Percpu:             6288 kB
CmaTotal:         405504 kB
CmaFree:               0 kB
MemTotal:        7922396 kB
MemFree:          734928 kB
MemAvailable:    2093176 kB
Buffers:           15780 kB
Cached:          1024280 kB
SwapCached:         2192 kB
Active:          1221556 kB
Inactive:        2106848 kB
Active(anon):     422952 kB
Inactive(anon):  1900944 kB
Active(file):     798604 kB
Inactive(file):   205904 kB
Unevictable:        6044 kB
Mlocked:            5604 kB
SwapTotal:       4718584 kB
SwapFree:        4326648 kB
Dirty:             47604 kB
Writeback:             0 kB
AnonPages:       2292272 kB
Mapped:           646464 kB
Shmem:             31004 kB
KReclaimable:     793164 kB
Slab:             306672 kB
SReclaimable:      75448 kB
SUnreclaim:       231224 kB
KernelStack:       48096 kB
ShadowCallStack:   12068 kB
PageTables:        70092 kB
NFS_Unstable:          0 kB
Bounce:                0 kB
WritebackTmp:          0 kB
CommitLimit:     8679780 kB
Committed_AS:   65722712 kB
VmallocTotal:   263061440 kB
VmallocUsed:      129184 kB
VmallocChunk:          0 kB
Percpu:             6288 kB
CmaTotal:         405504 kB
CmaFree:               0 kB
MemTotal:        7922396 kB
MemFree:          734972 kB
MemAvailable:    2093260 kB
Buffers:           15796 kB
Cached:          1024328 kB
SwapCached:         2192 kB
Active:          1221612 kB
Inactive:        2108432 kB
Active(anon):     422948 kB
Inactive(anon):  1902524 kB
Active(file):     798664 kB
Inactive(file):   205908 kB
Unevictable:        6044 kB
Mlocked:            5604 kB
SwapTotal:       4718584 kB
SwapFree:        4326648 kB
Dirty:             47612 kB
Writeback:            68 kB
AnonPages:       2293648 kB
Mapped:           646684 kB
Shmem:             31004 kB
KReclaimable:     793140 kB
Slab:             306676 kB
SReclaimable:      75448 kB
SUnreclaim:       231228 kB
KernelStack:       48144 kB
ShadowCallStack:   12064 kB
PageTables:        70344 kB
NFS_Unstable:          0 kB
Bounce:                0 kB
WritebackTmp:          0 kB
CommitLimit:     8679780 kB
Committed_AS:   65722712 kB
VmallocTotal:   263061440 kB
VmallocUsed:      129216 kB
VmallocChunk:          0 kB
Percpu:             6288 kB
CmaTotal:         405504 kB
CmaFree:               0 kB
MemTotal:        7922396 kB
MemFree:          727360 kB
MemAvailable:    2085392 kB
Buffers:           15812 kB
Cached:          1024340 kB
SwapCached:         2192 kB
Active:          1221640 kB
Inactive:        2117120 kB
Active(anon):     422952 kB
Inactive(anon):  1911208 kB
Active(file):     798688 kB
Inactive(file):   205912 kB
Unevictable:        6044 kB
Mlocked:            5604 kB
SwapTotal:       4718584 kB
SwapFree:        4326648 kB
Dirty:             47692 kB
Writeback:             0 kB
AnonPages:       2302424 kB
Mapped:           647636 kB
Shmem:             31004 kB
KReclaimable:     792856 kB
Slab:             306680 kB
SReclaimable:      75452 kB
SUnreclaim:       231228 kB
KernelStack:       48112 kB
ShadowCallStack:   12048 kB
PageTables:        70172 kB
NFS_Unstable:          0 kB
Bounce:                0 kB
WritebackTmp:          0 kB
CommitLimit:     8679780 kB
Committed_AS:   65722660 kB
VmallocTotal:   263061440 kB
VmallocUsed:      129176 kB
VmallocChunk:          0 kB
Percpu:             6288 kB
CmaTotal:         405504 kB
CmaFree:               0 kB
MemTotal:        7922396 kB
MemFree:          720328 kB
MemAvailable:    2078360 kB
Buffers:           15812 kB
Cached:          1024344 kB
SwapCached:         2192 kB
Active:          1221632 kB
Inactive:        2122664 kB
Active(anon):     422944 kB
Inactive(anon):  1916752 kB
Active(file):     798688 kB
Inactive(file):   205912 kB
Unevictable:        6044 kB
Mlocked:            5604 kB
SwapTotal:       4718584 kB
SwapFree:        4326648 kB
Dirty:             47640 kB
Writeback:             0 kB
AnonPages:       2308080 kB
Mapped:           647984 kB
Shmem:             31008 kB
KReclaimable:     792856 kB
Slab:             306676 kB
SReclaimable:      75452 kB
SUnreclaim:       231224 kB
KernelStack:       48112 kB
ShadowCallStack:   12048 kB
PageTables:        70252 kB
NFS_Unstable:          0 kB
Bounce:                0 kB
WritebackTmp:          0 kB
CommitLimit:     8679780 kB
Committed_AS:   65722876 kB
VmallocTotal:   263061440 kB
VmallocUsed:      129156 kB
VmallocChunk:          0 kB
Percpu:             6288 kB
CmaTotal:         405504 kB
CmaFree:               0 kB
MemTotal:        7922396 kB
MemFree:          725492 kB
MemAvailable:    2083524 kB
Buffers:           15812 kB
Cached:          1024344 kB
SwapCached:         2192 kB
Active:          1221644 kB
Inactive:        2115732 kB
Active(anon):     422956 kB
Inactive(anon):  1909820 kB
Active(file):     798688 kB
Inactive(file):   205912 kB
Unevictable:        6044 kB
Mlocked:            5604 kB
SwapTotal:       4718584 kB
SwapFree:        4326648 kB
Dirty:             47640 kB
Writeback:             0 kB
AnonPages:       2301304 kB
Mapped:           647968 kB
Shmem:             31008 kB
KReclaimable:     792856 kB
Slab:             306672 kB
SReclaimable:      75452 kB
SUnreclaim:       231220 kB
KernelStack:       48160 kB
ShadowCallStack:   12056 kB
PageTables:        70396 kB
NFS_Unstable:          0 kB
Bounce:                0 kB
WritebackTmp:          0 kB
CommitLimit:     8679780 kB
Committed_AS:   65722920 kB
VmallocTotal:   263061440 kB
VmallocUsed:      129164 kB
VmallocChunk:          0 kB
Percpu:             6288 kB
CmaTotal:         405504 kB
CmaFree:               0 kB
MemTotal:        7922396 kB
MemFree:          723244 kB
MemAvailable:    2081272 kB
Buffers:           15812 kB
Cached:          1024356 kB
SwapCached:         2192 kB
Active:          1221636 kB
Inactive:        2117132 kB
Active(anon):     422948 kB
Inactive(anon):  1911220 kB
Active(file):     798688 kB
Inactive(file):   205912 kB
Unevictable:        6044 kB
Mlocked:            5604 kB
SwapTotal:       4718584 kB
SwapFree:        4326648 kB
Dirty:             47640 kB
Writeback:             0 kB
AnonPages:       2302328 kB
Mapped:           648016 kB
Shmem:             31020 kB
KReclaimable:     792852 kB
Slab:             306716 kB
SReclaimable:      75452 kB
SUnreclaim:       231264 kB
KernelStack:       48224 kB
ShadowCallStack:   12092 kB
PageTables:        70420 kB
NFS_Unstable:          0 kB
Bounce:                0 kB
WritebackTmp:          0 kB
CommitLimit:     8679780 kB
Committed_AS:   65723244 kB
VmallocTotal:   263061440 kB
VmallocUsed:      129228 kB
VmallocChunk:          0 kB
Percpu:             6288 kB
CmaTotal:         405504 kB
CmaFree:               0 kB
MemTotal:        7922396 kB
MemFree:          636360 kB
MemAvailable:    1860740 kB
Buffers:           15812 kB
Cached:          1024500 kB
SwapCached:         2192 kB
Active:          1221628 kB
Inactive:        2206132 kB
Active(anon):     422940 kB
Inactive(anon):  2000220 kB
Active(file):     798688 kB
Inactive(file):   205912 kB
Unevictable:        6044 kB
Mlocked:            5604 kB
SwapTotal:       4718584 kB
SwapFree:        4326648 kB
Dirty:             47644 kB
Writeback:             0 kB
AnonPages:       2391304 kB
Mapped:           648380 kB
Shmem:             31164 kB
KReclaimable:     659204 kB
Slab:             306680 kB
SReclaimable:      75452 kB
SUnreclaim:       231228 kB
KernelStack:       48320 kB
ShadowCallStack:   12092 kB
PageTables:        70408 kB
NFS_Unstable:          0 kB
Bounce:                0 kB
WritebackTmp:          0 kB
CommitLimit:     8679780 kB
Committed_AS:   65723624 kB
VmallocTotal:   263061440 kB
VmallocUsed:      129348 kB
VmallocChunk:          0 kB
Percpu:             6288 kB
CmaTotal:         405504 kB
CmaFree:               0 kB
MemTotal:        7922396 kB
MemFree:          720064 kB
MemAvailable:    2078348 kB
Buffers:           15824 kB
Cached:          1024832 kB
SwapCached:         2192 kB
Active:          1221632 kB
Inactive:        2118816 kB
Active(anon):     422944 kB
Inactive(anon):  1912560 kB
Active(file):     798688 kB
Inactive(file):   206256 kB
Unevictable:        6044 kB
Mlocked:            5604 kB
SwapTotal:       4718584 kB
SwapFree:        4326648 kB
Dirty:             47644 kB
Writeback:             0 kB
AnonPages:       2303852 kB
Mapped:           648724 kB
Shmem:             31164 kB
KReclaimable:     792764 kB
Slab:             306680 kB
SReclaimable:      75452 kB
SUnreclaim:       231228 kB
KernelStack:       48160 kB
ShadowCallStack:   12112 kB
PageTables:        70268 kB
NFS_Unstable:          0 kB
Bounce:                0 kB
WritebackTmp:          0 kB
CommitLimit:     8679780 kB
Committed_AS:   65723248 kB
VmallocTotal:   263061440 kB
VmallocUsed:      129308 kB
VmallocChunk:          0 kB
Percpu:             6288 kB
CmaTotal:         405504 kB
CmaFree:             992 kB
MemTotal:        7922396 kB
MemFree:          719296 kB
MemAvailable:    2077388 kB
Buffers:           15836 kB
Cached:          1025068 kB
SwapCached:         2192 kB
Active:          1221956 kB
Inactive:        2119316 kB
Active(anon):     422952 kB
Inactive(anon):  1912984 kB
Active(file):     799004 kB
Inactive(file):   206332 kB
Unevictable:        6044 kB
Mlocked:            5604 kB
SwapTotal:       4718584 kB
SwapFree:        4326648 kB
Dirty:               928 kB
Writeback:             0 kB
AnonPages:       2304244 kB
Mapped:           648932 kB
Shmem:             31020 kB
KReclaimable:     792180 kB
Slab:             306704 kB
SReclaimable:      75452 kB
SUnreclaim:       231252 kB
KernelStack:       48240 kB
ShadowCallStack:   12084 kB
PageTables:        70288 kB
NFS_Unstable:          0 kB
Bounce:                0 kB
WritebackTmp:          0 kB
CommitLimit:     8679780 kB
Committed_AS:   65723244 kB
VmallocTotal:   263061440 kB
VmallocUsed:      129320 kB
VmallocChunk:          0 kB
Percpu:             6288 kB
CmaTotal:         405504 kB
CmaFree:            1128 kB
MemTotal:        7922396 kB
MemFree:          718420 kB
MemAvailable:    2076512 kB
Buffers:           15836 kB
Cached:          1025068 kB
SwapCached:         2192 kB
Active:          1221960 kB
Inactive:        2119472 kB
Active(anon):     422956 kB
Inactive(anon):  1913140 kB
Active(file):     799004 kB
Inactive(file):   206332 kB
Unevictable:        6044 kB
Mlocked:            5604 kB
SwapTotal:       4718584 kB
SwapFree:        4326648 kB
Dirty:               928 kB
Writeback:             0 kB
AnonPages:       2304548 kB
Mapped:           649152 kB
Shmem:             31020 kB
KReclaimable:     792180 kB
Slab:             306704 kB
SReclaimable:      75452 kB
SUnreclaim:       231252 kB
KernelStack:       48224 kB
ShadowCallStack:   12076 kB
PageTables:        70320 kB
NFS_Unstable:          0 kB
Bounce:                0 kB
WritebackTmp:          0 kB
CommitLimit:     8679780 kB
Committed_AS:   65723248 kB
VmallocTotal:   263061440 kB
VmallocUsed:      129316 kB
VmallocChunk:          0 kB
Percpu:             6288 kB
CmaTotal:         405504 kB
CmaFree:            1128 kB
MemTotal:        7922396 kB
MemFree:          718820 kB
MemAvailable:    2076624 kB
Buffers:           15836 kB
Cached:          1025068 kB
SwapCached:         2192 kB
Active:          1221960 kB
Inactive:        2120252 kB
Active(anon):     422952 kB
Inactive(anon):  1913924 kB
Active(file):     799008 kB
Inactive(file):   206328 kB
Unevictable:        6044 kB
Mlocked:            5604 kB
SwapTotal:       4718584 kB
SwapFree:        4326648 kB
Dirty:               928 kB
Writeback:             0 kB
AnonPages:       2305204 kB
Mapped:           649108 kB
Shmem:             31020 kB
KReclaimable:     791892 kB
Slab:             306708 kB
SReclaimable:      75452 kB
SUnreclaim:       231256 kB
KernelStack:       48224 kB
ShadowCallStack:   12080 kB
PageTables:        70140 kB
NFS_Unstable:          0 kB
Bounce:                0 kB
WritebackTmp:          0 kB
CommitLimit:     8679780 kB
Committed_AS:   65723244 kB
VmallocTotal:   263061440 kB
VmallocUsed:      129320 kB
VmallocChunk:          0 kB
Percpu:             6288 kB
CmaTotal:         405504 kB
CmaFree:            1128 kB
MemTotal:        7922396 kB
MemFree:          717464 kB
MemAvailable:    2074740 kB
Buffers:           15836 kB
Cached:          1025068 kB
SwapCached:         2192 kB
Active:          1221964 kB
Inactive:        2120528 kB
Active(anon):     422956 kB
Inactive(anon):  1914200 kB
Active(file):     799008 kB
Inactive(file):   206328 kB
Unevictable:        6044 kB
Mlocked:            5604 kB
SwapTotal:       4718584 kB
SwapFree:        4326648 kB
Dirty:               928 kB
Writeback:             0 kB
AnonPages:       2305440 kB
Mapped:           649748 kB
Shmem:             31020 kB
KReclaimable:     791364 kB
Slab:             306712 kB
SReclaimable:      75452 kB
SUnreclaim:       231260 kB
KernelStack:       48224 kB
ShadowCallStack:   12080 kB
PageTables:        70172 kB
NFS_Unstable:          0 kB
Bounce:                0 kB
WritebackTmp:          0 kB
CommitLimit:     8679780 kB
Committed_AS:   65723244 kB
VmallocTotal:   263061440 kB
VmallocUsed:      129320 kB
VmallocChunk:          0 kB
Percpu:             6288 kB
CmaTotal:         405504 kB
CmaFree:            1128 kB
MemTotal:        7922396 kB
MemFree:          715668 kB
MemAvailable:    2072964 kB
Buffers:           15856 kB
Cached:          1025068 kB
SwapCached:         2192 kB
Active:          1221984 kB
Inactive:        2122284 kB
Active(anon):     422956 kB
Inactive(anon):  1915956 kB
Active(file):     799028 kB
Inactive(file):   206328 kB
Unevictable:        6044 kB
Mlocked:            5604 kB
SwapTotal:       4718584 kB
SwapFree:        4326648 kB
Dirty:              1028 kB
Writeback:             0 kB
AnonPages:       2307232 kB
Mapped:           649668 kB
Shmem:             31020 kB
KReclaimable:     791364 kB
Slab:             306724 kB
SReclaimable:      75452 kB
SUnreclaim:       231272 kB
KernelStack:       48240 kB
ShadowCallStack:   12080 kB
PageTables:        70372 kB
NFS_Unstable:          0 kB
Bounce:                0 kB
WritebackTmp:          0 kB
CommitLimit:     8679780 kB
Committed_AS:   65723244 kB
VmallocTotal:   263061440 kB
VmallocUsed:      129316 kB
VmallocChunk:          0 kB
Percpu:             6288 kB
CmaTotal:         405504 kB
CmaFree:            1140 kB
MemTotal:        7922396 kB
MemFree:          716352 kB
MemAvailable:    2073648 kB
Buffers:           15856 kB
Cached:          1025068 kB
SwapCached:         2192 kB
Active:          1221980 kB
Inactive:        2122544 kB
Active(anon):     422952 kB
Inactive(anon):  1916216 kB
Active(file):     799028 kB
Inactive(file):   206328 kB
Unevictable:        6044 kB
Mlocked:            5604 kB
SwapTotal:       4718584 kB
SwapFree:        4326648 kB
Dirty:               120 kB
Writeback:             0 kB
AnonPages:       2307472 kB
Mapped:           649536 kB
Shmem:             31020 kB
KReclaimable:     791364 kB
Slab:             306708 kB
SReclaimable:      75452 kB
SUnreclaim:       231256 kB
KernelStack:       48224 kB
ShadowCallStack:   12080 kB
PageTables:        70276 kB
NFS_Unstable:          0 kB
Bounce:                0 kB
WritebackTmp:          0 kB
CommitLimit:     8679780 kB
Committed_AS:   65723244 kB
VmallocTotal:   263061440 kB
VmallocUsed:      129320 kB
VmallocChunk:          0 kB
Percpu:             6288 kB
CmaTotal:         405504 kB
CmaFree:            1128 kB
MemTotal:        7922396 kB
MemFree:          715932 kB
MemAvailable:    2073240 kB
Buffers:           15864 kB
Cached:          1025068 kB
SwapCached:         2192 kB
Active:          1221996 kB
Inactive:        2122052 kB
Active(anon):     422960 kB
Inactive(anon):  1915724 kB
Active(file):     799036 kB
Inactive(file):   206328 kB
Unevictable:        6044 kB
Mlocked:            5604 kB
SwapTotal:       4718584 kB
SwapFree:        4326648 kB
Dirty:               176 kB
Writeback:             0 kB
AnonPages:       2307164 kB
Mapped:           649880 kB
Shmem:             31020 kB
KReclaimable:     791368 kB
Slab:             306712 kB
SReclaimable:      75456 kB
SUnreclaim:       231256 kB
KernelStack:       48240 kB
ShadowCallStack:   12084 kB
PageTables:        70304 kB
NFS_Unstable:          0 kB
Bounce:                0 kB
WritebackTmp:          0 kB
CommitLimit:     8679780 kB
Committed_AS:   65723248 kB
VmallocTotal:   263061440 kB
VmallocUsed:      129280 kB
VmallocChunk:          0 kB
Percpu:             6288 kB
CmaTotal:         405504 kB
CmaFree:            1128 kB
MemTotal:        7922396 kB
MemFree:          713120 kB
MemAvailable:    2070428 kB
Buffers:           15864 kB
Cached:          1025068 kB
SwapCached:         2192 kB
Active:          1221988 kB
Inactive:        2122780 kB
Active(anon):     422952 kB
Inactive(anon):  1916452 kB
Active(file):     799036 kB
Inactive(file):   206328 kB
Unevictable:        6044 kB
Mlocked:            5604 kB
SwapTotal:       4718584 kB
SwapFree:        4326648 kB
Dirty:               176 kB
Writeback:             0 kB
AnonPages:       2307728 kB
Mapped:           649812 kB
Shmem:             31020 kB
KReclaimable:     791368 kB
Slab:             306728 kB
SReclaimable:      75456 kB
SUnreclaim:       231272 kB
KernelStack:       48272 kB
ShadowCallStack:   12072 kB
PageTables:        70116 kB
NFS_Unstable:          0 kB
Bounce:                0 kB
WritebackTmp:          0 kB
CommitLimit:     8679780 kB
Committed_AS:   65723248 kB
VmallocTotal:   263061440 kB
VmallocUsed:      129316 kB
VmallocChunk:          0 kB
Percpu:             6288 kB
CmaTotal:         405504 kB
CmaFree:            1128 kB
MemTotal:        7922396 kB
MemFree:          713256 kB
MemAvailable:    2070580 kB
Buffers:           15864 kB
Cached:          1025068 kB
SwapCached:         2192 kB
Active:          1221988 kB
Inactive:        2122868 kB
Active(anon):     422952 kB
Inactive(anon):  1916540 kB
Active(file):     799036 kB
Inactive(file):   206328 kB
Unevictable:        6044 kB
Mlocked:            5604 kB
SwapTotal:       4718584 kB
SwapFree:        4326648 kB
Dirty:               184 kB
Writeback:             0 kB
AnonPages:       2307784 kB
Mapped:           649652 kB
Shmem:             31020 kB
KReclaimable:     791384 kB
Slab:             306744 kB
SReclaimable:      75472 kB
SUnreclaim:       231272 kB
KernelStack:       48256 kB
ShadowCallStack:   12088 kB
PageTables:        70260 kB
NFS_Unstable:          0 kB
Bounce:                0 kB
WritebackTmp:          0 kB
CommitLimit:     8679780 kB
Committed_AS:   65723244 kB
VmallocTotal:   263061440 kB
VmallocUsed:      129332 kB
VmallocChunk:          0 kB
Percpu:             6288 kB
CmaTotal:         405504 kB
CmaFree:            1128 kB
MemTotal:        7922396 kB
MemFree:          713184 kB
MemAvailable:    2070516 kB
Buffers:           15872 kB
Cached:          1025068 kB
SwapCached:         2192 kB
Active:          1221988 kB
Inactive:        2123500 kB
Active(anon):     422944 kB
Inactive(anon):  1917172 kB
Active(file):     799044 kB
Inactive(file):   206328 kB
Unevictable:        6044 kB
Mlocked:            5604 kB
SwapTotal:       4718584 kB
SwapFree:        4326648 kB
Dirty:               220 kB
Writeback:             0 kB
AnonPages:       2308356 kB
Mapped:           649776 kB
Shmem:             31020 kB
KReclaimable:     791384 kB
Slab:             306752 kB
SReclaimable:      75472 kB
SUnreclaim:       231280 kB
KernelStack:       48256 kB
ShadowCallStack:   12080 kB
PageTables:        70460 kB
NFS_Unstable:          0 kB
Bounce:                0 kB
WritebackTmp:          0 kB
CommitLimit:     8679780 kB
Committed_AS:   65723244 kB
VmallocTotal:   263061440 kB
VmallocUsed:      129340 kB
VmallocChunk:          0 kB
Percpu:             6288 kB
CmaTotal:         405504 kB
CmaFree:            1128 kB
MemTotal:        7922396 kB
MemFree:          712312 kB
MemAvailable:    2069644 kB
Buffers:           15872 kB
Cached:          1025068 kB
SwapCached:         2192 kB
Active:          1221992 kB
Inactive:        2123748 kB
Active(anon):     422948 kB
Inactive(anon):  1917420 kB
Active(file):     799044 kB
Inactive(file):   206328 kB
Unevictable:        6044 kB
Mlocked:            5604 kB
SwapTotal:       4718584 kB
SwapFree:        4326648 kB
Dirty:               220 kB
Writeback:             0 kB
AnonPages:       2308692 kB
Mapped:           649780 kB
Shmem:             31020 kB
KReclaimable:     791384 kB
Slab:             306752 kB
SReclaimable:      75472 kB
SUnreclaim:       231280 kB
KernelStack:       48304 kB
ShadowCallStack:   12084 kB
PageTables:        70192 kB
NFS_Unstable:          0 kB
Bounce:                0 kB
WritebackTmp:          0 kB
CommitLimit:     8679780 kB
Committed_AS:   65723244 kB
VmallocTotal:   263061440 kB
VmallocUsed:      129340 kB
VmallocChunk:          0 kB
Percpu:             6288 kB
CmaTotal:         405504 kB
CmaFree:            1128 kB
MemTotal:        7922396 kB
MemFree:          712016 kB
MemAvailable:    2069352 kB
Buffers:           15872 kB
Cached:          1025072 kB
SwapCached:         2192 kB
Active:          1221996 kB
Inactive:        2124052 kB
Active(anon):     422952 kB
Inactive(anon):  1917720 kB
Active(file):     799044 kB
Inactive(file):   206332 kB
Unevictable:        6044 kB
Mlocked:            5604 kB
SwapTotal:       4718584 kB
SwapFree:        4326648 kB
Dirty:               172 kB
Writeback:             0 kB
AnonPages:       2309024 kB
Mapped:           649828 kB
Shmem:             31020 kB
KReclaimable:     791384 kB
Slab:             306752 kB
SReclaimable:      75472 kB
SUnreclaim:       231280 kB
KernelStack:       48256 kB
ShadowCallStack:   12088 kB
PageTables:        70256 kB
NFS_Unstable:          0 kB
Bounce:                0 kB
WritebackTmp:          0 kB
CommitLimit:     8679780 kB
Committed_AS:   65723244 kB
VmallocTotal:   263061440 kB
VmallocUsed:      129340 kB
VmallocChunk:          0 kB
Percpu:             6288 kB
CmaTotal:         405504 kB
CmaFree:            1128 kB
MemTotal:        7922396 kB
MemFree:          710940 kB
MemAvailable:    2068316 kB
Buffers:           15880 kB
Cached:          1025072 kB
SwapCached:         2192 kB
Active:          1222000 kB
Inactive:        2124560 kB
Active(anon):     422948 kB
Inactive(anon):  1918228 kB
Active(file):     799052 kB
Inactive(file):   206332 kB
Unevictable:        6044 kB
Mlocked:            5604 kB
SwapTotal:       4718584 kB
SwapFree:        4326648 kB
Dirty:               200 kB
Writeback:             0 kB
AnonPages:       2309496 kB
Mapped:           649660 kB
Shmem:             31020 kB
KReclaimable:     791416 kB
Slab:             306824 kB
SReclaimable:      75504 kB
SUnreclaim:       231320 kB
KernelStack:       48256 kB
ShadowCallStack:   12076 kB
PageTables:        70320 kB
NFS_Unstable:          0 kB
Bounce:                0 kB
WritebackTmp:          0 kB
CommitLimit:     8679780 kB
Committed_AS:   65723244 kB
VmallocTotal:   263061440 kB
VmallocUsed:      129356 kB
VmallocChunk:          0 kB
Percpu:             6288 kB
CmaTotal:         405504 kB
CmaFree:            1128 kB
MemTotal:        7922396 kB
MemFree:          710260 kB
MemAvailable:    2067664 kB
Buffers:           15880 kB
Cached:          1025076 kB
SwapCached:         2192 kB
Active:          1222004 kB
Inactive:        2125076 kB
Active(anon):     422952 kB
Inactive(anon):  1918744 kB
Active(file):     799052 kB
Inactive(file):   206332 kB
Unevictable:        6044 kB
Mlocked:            5604 kB
SwapTotal:       4718584 kB
SwapFree:        4326648 kB
Dirty:               200 kB
Writeback:             0 kB
AnonPages:       2310112 kB
Mapped:           649748 kB
Shmem:             31024 kB
KReclaimable:     791444 kB
Slab:             306824 kB
SReclaimable:      75504 kB
SUnreclaim:       231320 kB
KernelStack:       48256 kB
ShadowCallStack:   12076 kB
PageTables:        70144 kB
NFS_Unstable:          0 kB
Bounce:                0 kB
WritebackTmp:          0 kB
CommitLimit:     8679780 kB
Committed_AS:   65723248 kB
VmallocTotal:   263061440 kB
VmallocUsed:      129340 kB
VmallocChunk:          0 kB
Percpu:             6288 kB
CmaTotal:         405504 kB
CmaFree:            1128 kB
MemTotal:        7922396 kB
MemFree:          709472 kB
MemAvailable:    2066876 kB
Buffers:           15896 kB
Cached:          1025064 kB
SwapCached:         2192 kB
Active:          1222008 kB
Inactive:        2125776 kB
Active(anon):     422940 kB
Inactive(anon):  1919460 kB
Active(file):     799068 kB
Inactive(file):   206316 kB
Unevictable:        6044 kB
Mlocked:            5604 kB
SwapTotal:       4718584 kB
SwapFree:        4326648 kB
Dirty:               200 kB
Writeback:             0 kB
AnonPages:       2310708 kB
Mapped:           649904 kB
Shmem:             31028 kB
KReclaimable:     791444 kB
Slab:             306820 kB
SReclaimable:      75504 kB
SUnreclaim:       231316 kB
KernelStack:       48240 kB
ShadowCallStack:   12092 kB
PageTables:        70288 kB
NFS_Unstable:          0 kB
Bounce:                0 kB
WritebackTmp:          0 kB
CommitLimit:     8679780 kB
Committed_AS:   65723252 kB
VmallocTotal:   263061440 kB
VmallocUsed:      129340 kB
VmallocChunk:          0 kB
Percpu:             6288 kB
CmaTotal:         405504 kB
CmaFree:            1256 kB
MemTotal:        7922396 kB
MemFree:          708136 kB
MemAvailable:    2065556 kB
Buffers:           15896 kB
Cached:          1025084 kB
SwapCached:         2192 kB
Active:          1222012 kB
Inactive:        2126520 kB
Active(anon):     422944 kB
Inactive(anon):  1920188 kB
Active(file):     799068 kB
Inactive(file):   206332 kB
Unevictable:        6044 kB
Mlocked:            5604 kB
SwapTotal:       4718584 kB
SwapFree:        4326648 kB
Dirty:               200 kB
Writeback:             0 kB
AnonPages:       2311316 kB
Mapped:           650020 kB
Shmem:             31032 kB
KReclaimable:     791444 kB
Slab:             306788 kB
SReclaimable:      75504 kB
SUnreclaim:       231284 kB
KernelStack:       48176 kB
ShadowCallStack:   12092 kB
PageTables:        70124 kB
NFS_Unstable:          0 kB
Bounce:                0 kB
WritebackTmp:          0 kB
CommitLimit:     8679780 kB
Committed_AS:   65723152 kB
VmallocTotal:   263061440 kB
VmallocUsed:      129300 kB
VmallocChunk:          0 kB
Percpu:             6288 kB
CmaTotal:         405504 kB
CmaFree:            1264 kB
MemTotal:        7922396 kB
MemFree:          708628 kB
MemAvailable:    2066048 kB
Buffers:           15896 kB
Cached:          1025084 kB
SwapCached:         2192 kB
Active:          1222012 kB
Inactive:        2126692 kB
Active(anon):     422944 kB
Inactive(anon):  1920360 kB
Active(file):     799068 kB
Inactive(file):   206332 kB
Unevictable:        6044 kB
Mlocked:            5604 kB
SwapTotal:       4718584 kB
SwapFree:        4326648 kB
Dirty:               212 kB
Writeback:             0 kB
AnonPages:       2311516 kB
Mapped:           649732 kB
Shmem:             31032 kB
KReclaimable:     791444 kB
Slab:             306812 kB
SReclaimable:      75504 kB
SUnreclaim:       231308 kB
KernelStack:       48208 kB
ShadowCallStack:   12080 kB
PageTables:        70344 kB
NFS_Unstable:          0 kB
Bounce:                0 kB
WritebackTmp:          0 kB
CommitLimit:     8679780 kB
Committed_AS:   65723152 kB
VmallocTotal:   263061440 kB
VmallocUsed:      129264 kB
VmallocChunk:          0 kB
Percpu:             6288 kB
CmaTotal:         405504 kB
CmaFree:            1256 kB
MemTotal:        7922396 kB
MemFree:          708524 kB
MemAvailable:    2065972 kB
Buffers:           15896 kB
Cached:          1025084 kB
SwapCached:         2192 kB
Active:          1222012 kB
Inactive:        2127252 kB
Active(anon):     422944 kB
Inactive(anon):  1920920 kB
Active(file):     799068 kB
Inactive(file):   206332 kB
Unevictable:        6044 kB
Mlocked:            5604 kB
SwapTotal:       4718584 kB
SwapFree:        4326648 kB
Dirty:               228 kB
Writeback:             0 kB
AnonPages:       2311976 kB
Mapped:           649868 kB
Shmem:             31032 kB
KReclaimable:     791472 kB
Slab:             306824 kB
SReclaimable:      75504 kB
SUnreclaim:       231320 kB
KernelStack:       48192 kB
ShadowCallStack:   12064 kB
PageTables:        70420 kB
NFS_Unstable:          0 kB
Bounce:                0 kB
WritebackTmp:          0 kB
CommitLimit:     8679780 kB
Committed_AS:   65723152 kB
VmallocTotal:   263061440 kB
VmallocUsed:      129236 kB
VmallocChunk:          0 kB
Percpu:             6288 kB
CmaTotal:         405504 kB
CmaFree:            1256 kB
MemTotal:        7922396 kB
MemFree:          708548 kB
MemAvailable:    2065996 kB
Buffers:           15896 kB
Cached:          1025088 kB
SwapCached:         2192 kB
Active:          1222012 kB
Inactive:        2127044 kB
Active(anon):     422944 kB
Inactive(anon):  1920712 kB
Active(file):     799068 kB
Inactive(file):   206332 kB
Unevictable:        6044 kB
Mlocked:            5604 kB
SwapTotal:       4718584 kB
SwapFree:        4326648 kB
Dirty:               232 kB
Writeback:             0 kB
AnonPages:       2311948 kB
Mapped:           649856 kB
Shmem:             31036 kB
KReclaimable:     791472 kB
Slab:             306824 kB
SReclaimable:      75504 kB
SUnreclaim:       231320 kB
KernelStack:       48208 kB
ShadowCallStack:   12072 kB
PageTables:        70212 kB
NFS_Unstable:          0 kB
Bounce:                0 kB
WritebackTmp:          0 kB
CommitLimit:     8679780 kB
Committed_AS:   65723156 kB
VmallocTotal:   263061440 kB
VmallocUsed:      129236 kB
VmallocChunk:          0 kB
Percpu:             6288 kB
CmaTotal:         405504 kB
CmaFree:            1248 kB
MemTotal:        7922396 kB
MemFree:          624680 kB
MemAvailable:    1849864 kB
Buffers:           15896 kB
Cached:          1025128 kB
SwapCached:         2192 kB
Active:          1222020 kB
Inactive:        2213844 kB
Active(anon):     422952 kB
Inactive(anon):  2007512 kB
Active(file):     799068 kB
Inactive(file):   206332 kB
Unevictable:        6044 kB
Mlocked:            5604 kB
SwapTotal:       4718584 kB
SwapFree:        4326648 kB
Dirty:               236 kB
Writeback:             0 kB
AnonPages:       2398664 kB
Mapped:           650064 kB
Shmem:             31076 kB
KReclaimable:     659208 kB
Slab:             306832 kB
SReclaimable:      75504 kB
SUnreclaim:       231328 kB
KernelStack:       48240 kB
ShadowCallStack:   12080 kB
PageTables:        70508 kB
NFS_Unstable:          0 kB
Bounce:                0 kB
WritebackTmp:          0 kB
CommitLimit:     8679780 kB
Committed_AS:   65723536 kB
VmallocTotal:   263061440 kB
VmallocUsed:      129300 kB
VmallocChunk:          0 kB
Percpu:             6288 kB
CmaTotal:         405504 kB
CmaFree:               0 kB
MemTotal:        7922396 kB
MemFree:          652420 kB
MemAvailable:    1877792 kB
Buffers:           15904 kB
Cached:          1025088 kB
SwapCached:         2192 kB
Active:          1221996 kB
Inactive:        2182496 kB
Active(anon):     422920 kB
Inactive(anon):  1976164 kB
Active(file):     799076 kB
Inactive(file):   206332 kB
Unevictable:        6044 kB
Mlocked:            5604 kB
SwapTotal:       4718584 kB
SwapFree:        4326648 kB
Dirty:               260 kB
Writeback:             0 kB
AnonPages:       2367448 kB
Mapped:           650196 kB
Shmem:             31036 kB
KReclaimable:     659388 kB
Slab:             306808 kB
SReclaimable:      75504 kB
SUnreclaim:       231304 kB
KernelStack:       48112 kB
ShadowCallStack:   12060 kB
PageTables:        70276 kB
NFS_Unstable:          0 kB
Bounce:                0 kB
WritebackTmp:          0 kB
CommitLimit:     8679780 kB
Committed_AS:   65722964 kB
VmallocTotal:   263061440 kB
VmallocUsed:      129180 kB
VmallocChunk:          0 kB
Percpu:             6288 kB
CmaTotal:         405504 kB
CmaFree:             884 kB
MemTotal:        7922396 kB
MemFree:          707500 kB
MemAvailable:    2064956 kB
Buffers:           15912 kB
Cached:          1025080 kB
SwapCached:         2192 kB
Active:          1222008 kB
Inactive:        2127372 kB
Active(anon):     422932 kB
Inactive(anon):  1921040 kB
Active(file):     799076 kB
Inactive(file):   206332 kB
Unevictable:        6044 kB
Mlocked:            5604 kB
SwapTotal:       4718584 kB
SwapFree:        4326648 kB
Dirty:               272 kB
Writeback:             0 kB
AnonPages:       2312180 kB
Mapped:           649780 kB
Shmem:             31036 kB
KReclaimable:     791472 kB
Slab:             306816 kB
SReclaimable:      75504 kB
SUnreclaim:       231312 kB
KernelStack:       48064 kB
ShadowCallStack:   12052 kB
PageTables:        70148 kB
NFS_Unstable:          0 kB
Bounce:                0 kB
WritebackTmp:          0 kB
CommitLimit:     8679780 kB
Committed_AS:   65722948 kB
VmallocTotal:   263061440 kB
VmallocUsed:      129148 kB
VmallocChunk:          0 kB
Percpu:             6288 kB
CmaTotal:         405504 kB
CmaFree:            1560 kB
MemTotal:        7922396 kB
MemFree:          708852 kB
MemAvailable:    2066316 kB
Buffers:           15912 kB
Cached:          1025112 kB
SwapCached:         2192 kB
Active:          1222008 kB
Inactive:        2127232 kB
Active(anon):     422924 kB
Inactive(anon):  1920900 kB
Active(file):     799084 kB
Inactive(file):   206332 kB
Unevictable:        6044 kB
Mlocked:            5604 kB
SwapTotal:       4718584 kB
SwapFree:        4326648 kB
Dirty:               324 kB
Writeback:             0 kB
AnonPages:       2312092 kB
Mapped:           649744 kB
Shmem:             31060 kB
KReclaimable:     791472 kB
Slab:             306808 kB
SReclaimable:      75504 kB
SUnreclaim:       231304 kB
KernelStack:       48064 kB
ShadowCallStack:   12040 kB
PageTables:        70208 kB
NFS_Unstable:          0 kB
Bounce:                0 kB
WritebackTmp:          0 kB
CommitLimit:     8679780 kB
Committed_AS:   65722976 kB
VmallocTotal:   263061440 kB
VmallocUsed:      129136 kB
VmallocChunk:          0 kB
Percpu:             6288 kB
CmaTotal:         405504 kB
CmaFree:            1620 kB
MemTotal:        7922396 kB
MemFree:          707620 kB
MemAvailable:    2065084 kB
Buffers:           15912 kB
Cached:          1025112 kB
SwapCached:         2192 kB
Active:          1222008 kB
Inactive:        2127304 kB
Active(anon):     422924 kB
Inactive(anon):  1920972 kB
Active(file):     799084 kB
Inactive(file):   206332 kB
Unevictable:        6044 kB
Mlocked:            5604 kB
SwapTotal:       4718584 kB
SwapFree:        4326648 kB
Dirty:               324 kB
Writeback:             0 kB
AnonPages:       2312164 kB
Mapped:           649900 kB
Shmem:             31060 kB
KReclaimable:     791472 kB
Slab:             306808 kB
SReclaimable:      75504 kB
SUnreclaim:       231304 kB
KernelStack:       48080 kB
ShadowCallStack:   12028 kB
PageTables:        70344 kB
NFS_Unstable:          0 kB
Bounce:                0 kB
WritebackTmp:          0 kB
CommitLimit:     8679780 kB
Committed_AS:   65722972 kB
VmallocTotal:   263061440 kB
VmallocUsed:      129128 kB
VmallocChunk:          0 kB
Percpu:             6288 kB
CmaTotal:         405504 kB
CmaFree:            1620 kB
MemTotal:        7922396 kB
MemFree:          705008 kB
MemAvailable:    2062472 kB
Buffers:           15912 kB
Cached:          1025112 kB
SwapCached:         2192 kB
Active:          1222020 kB
Inactive:        2127524 kB
Active(anon):     422936 kB
Inactive(anon):  1921192 kB
Active(file):     799084 kB
Inactive(file):   206332 kB
Unevictable:        6044 kB
Mlocked:            5604 kB
SwapTotal:       4718584 kB
SwapFree:        4326648 kB
Dirty:               324 kB
Writeback:             0 kB
AnonPages:       2312404 kB
Mapped:           649904 kB
Shmem:             31060 kB
KReclaimable:     791472 kB
Slab:             306816 kB
SReclaimable:      75504 kB
SUnreclaim:       231312 kB
KernelStack:       48080 kB
ShadowCallStack:   12056 kB
PageTables:        70348 kB
NFS_Unstable:          0 kB
Bounce:                0 kB
WritebackTmp:          0 kB
CommitLimit:     8679780 kB
Committed_AS:   65722972 kB
VmallocTotal:   263061440 kB
VmallocUsed:      129132 kB
VmallocChunk:          0 kB
Percpu:             6288 kB
CmaTotal:         405504 kB
CmaFree:             484 kB
MemTotal:        7922396 kB
MemFree:          706788 kB
MemAvailable:    2064164 kB
Buffers:           15928 kB
Cached:          1025112 kB
SwapCached:         2192 kB
Active:          1222028 kB
Inactive:        2125712 kB
Active(anon):     422928 kB
Inactive(anon):  1919380 kB
Active(file):     799100 kB
Inactive(file):   206332 kB
Unevictable:        6044 kB
Mlocked:            5604 kB
SwapTotal:       4718584 kB
SwapFree:        4326648 kB
Dirty:               328 kB
Writeback:             0 kB
AnonPages:       2310592 kB
Mapped:           649896 kB
Shmem:             31060 kB
KReclaimable:     791368 kB
Slab:             306820 kB
SReclaimable:      75504 kB
SUnreclaim:       231316 kB
KernelStack:       48048 kB
ShadowCallStack:   12052 kB
PageTables:        70272 kB
NFS_Unstable:          0 kB
Bounce:                0 kB
WritebackTmp:          0 kB
CommitLimit:     8679780 kB
Committed_AS:   65722976 kB
VmallocTotal:   263061440 kB
VmallocUsed:      129136 kB
VmallocChunk:          0 kB
Percpu:             6288 kB
CmaTotal:         405504 kB
CmaFree:             272 kB
MemTotal:        7922396 kB
MemFree:          706208 kB
MemAvailable:    2063584 kB
Buffers:           15928 kB
Cached:          1025112 kB
SwapCached:         2192 kB
Active:          1222028 kB
Inactive:        2126212 kB
Active(anon):     422928 kB
Inactive(anon):  1919880 kB
Active(file):     799100 kB
Inactive(file):   206332 kB
Unevictable:        6044 kB
Mlocked:            5604 kB
SwapTotal:       4718584 kB
SwapFree:        4326648 kB
Dirty:               276 kB
Writeback:             0 kB
AnonPages:       2310948 kB
Mapped:           649960 kB
Shmem:             31060 kB
KReclaimable:     791368 kB
Slab:             306820 kB
SReclaimable:      75504 kB
SUnreclaim:       231316 kB
KernelStack:       48096 kB
ShadowCallStack:   12048 kB
PageTables:        70404 kB
NFS_Unstable:          0 kB
Bounce:                0 kB
WritebackTmp:          0 kB
CommitLimit:     8679780 kB
Committed_AS:   65722972 kB
VmallocTotal:   263061440 kB
VmallocUsed:      129132 kB
VmallocChunk:          0 kB
Percpu:             6288 kB
CmaTotal:         405504 kB
CmaFree:             272 kB
MemTotal:        7922396 kB
MemFree:          705612 kB
MemAvailable:    2062980 kB
Buffers:           15928 kB
Cached:          1025112 kB
SwapCached:         2192 kB
Active:          1222040 kB
Inactive:        2126312 kB
Active(anon):     422940 kB
Inactive(anon):  1919980 kB
Active(file):     799100 kB
Inactive(file):   206332 kB
Unevictable:        6044 kB
Mlocked:            5604 kB
SwapTotal:       4718584 kB
SwapFree:        4326648 kB
Dirty:               276 kB
Writeback:             0 kB
AnonPages:       2311208 kB
Mapped:           649968 kB
Shmem:             31060 kB
KReclaimable:     791360 kB
Slab:             306816 kB
SReclaimable:      75504 kB
SUnreclaim:       231312 kB
KernelStack:       48096 kB
ShadowCallStack:   12044 kB
PageTables:        70264 kB
NFS_Unstable:          0 kB
Bounce:                0 kB
WritebackTmp:          0 kB
CommitLimit:     8679780 kB
Committed_AS:   65722972 kB
VmallocTotal:   263061440 kB
VmallocUsed:      129108 kB
VmallocChunk:          0 kB
Percpu:             6288 kB
CmaTotal:         405504 kB
CmaFree:             268 kB
MemTotal:        7922396 kB
MemFree:          705104 kB
MemAvailable:    2062476 kB
Buffers:           15928 kB
Cached:          1025116 kB
SwapCached:         2192 kB
Active:          1222032 kB
Inactive:        2126632 kB
Active(anon):     422928 kB
Inactive(anon):  1920300 kB
Active(file):     799104 kB
Inactive(file):   206332 kB
Unevictable:        6044 kB
Mlocked:            5604 kB
SwapTotal:       4718584 kB
SwapFree:        4326648 kB
Dirty:               280 kB
Writeback:             0 kB
AnonPages:       2311468 kB
Mapped:           650076 kB
Shmem:             31060 kB
KReclaimable:     791360 kB
Slab:             306840 kB
SReclaimable:      75504 kB
SUnreclaim:       231336 kB
KernelStack:       48096 kB
ShadowCallStack:   12044 kB
PageTables:        70448 kB
NFS_Unstable:          0 kB
Bounce:                0 kB
WritebackTmp:          0 kB
CommitLimit:     8679780 kB
Committed_AS:   65722972 kB
VmallocTotal:   263061440 kB
VmallocUsed:      129140 kB
VmallocChunk:          0 kB
Percpu:             6288 kB
CmaTotal:         405504 kB
CmaFree:             272 kB
MemTotal:        7922396 kB
MemFree:          704664 kB
MemAvailable:    2062036 kB
Buffers:           15928 kB
Cached:          1025116 kB
SwapCached:         2192 kB
Active:          1222024 kB
Inactive:        2126524 kB
Active(anon):     422920 kB
Inactive(anon):  1920192 kB
Active(file):     799104 kB
Inactive(file):   206332 kB
Unevictable:        6044 kB
Mlocked:            5604 kB
SwapTotal:       4718584 kB
SwapFree:        4326648 kB
Dirty:               280 kB
Writeback:             0 kB
AnonPages:       2311676 kB
Mapped:           650032 kB
Shmem:             31060 kB
KReclaimable:     791360 kB
Slab:             306844 kB
SReclaimable:      75504 kB
SUnreclaim:       231340 kB
KernelStack:       48080 kB
ShadowCallStack:   12032 kB
PageTables:        70348 kB
NFS_Unstable:          0 kB
Bounce:                0 kB
WritebackTmp:          0 kB
CommitLimit:     8679780 kB
Committed_AS:   65722928 kB
VmallocTotal:   263061440 kB
VmallocUsed:      129116 kB
VmallocChunk:          0 kB
Percpu:             6288 kB
CmaTotal:         405504 kB
CmaFree:             272 kB
MemTotal:        7922396 kB
MemFree:          705176 kB
MemAvailable:    2062548 kB
Buffers:           15936 kB
Cached:          1025108 kB
SwapCached:         2192 kB
Active:          1222032 kB
Inactive:        2126940 kB
Active(anon):     422928 kB
Inactive(anon):  1920608 kB
Active(file):     799104 kB
Inactive(file):   206332 kB
Unevictable:        6044 kB
Mlocked:            5604 kB
SwapTotal:       4718584 kB
SwapFree:        4326648 kB
Dirty:               108 kB
Writeback:           152 kB
AnonPages:       2311744 kB
Mapped:           650136 kB
Shmem:             31060 kB
KReclaimable:     791360 kB
Slab:             306844 kB
SReclaimable:      75504 kB
SUnreclaim:       231340 kB
KernelStack:       48048 kB
ShadowCallStack:   12048 kB
PageTables:        70100 kB
NFS_Unstable:          0 kB
Bounce:                0 kB
WritebackTmp:          0 kB
CommitLimit:     8679780 kB
Committed_AS:   65722928 kB
VmallocTotal:   263061440 kB
VmallocUsed:      129116 kB
VmallocChunk:          0 kB
Percpu:             6288 kB
CmaTotal:         405504 kB
CmaFree:             272 kB
MemTotal:        7922396 kB
MemFree:          704600 kB
MemAvailable:    2061980 kB
Buffers:           15936 kB
Cached:          1025120 kB
SwapCached:         2192 kB
Active:          1222044 kB
Inactive:        2126232 kB
Active(anon):     422932 kB
Inactive(anon):  1919900 kB
Active(file):     799112 kB
Inactive(file):   206332 kB
Unevictable:        6044 kB
Mlocked:            5604 kB
SwapTotal:       4718584 kB
SwapFree:        4326648 kB
Dirty:                 4 kB
Writeback:             0 kB
AnonPages:       2311076 kB
Mapped:           650132 kB
Shmem:             31064 kB
KReclaimable:     791360 kB
Slab:             306844 kB
SReclaimable:      75504 kB
SUnreclaim:       231340 kB
KernelStack:       48064 kB
ShadowCallStack:   12036 kB
PageTables:        70268 kB
NFS_Unstable:          0 kB
Bounce:                0 kB
WritebackTmp:          0 kB
CommitLimit:     8679780 kB
Committed_AS:   65722932 kB
VmallocTotal:   263061440 kB
VmallocUsed:      129100 kB
VmallocChunk:          0 kB
Percpu:             6288 kB
CmaTotal:         405504 kB
CmaFree:             272 kB
MemTotal:        7922396 kB
MemFree:          704868 kB
MemAvailable:    2062320 kB
Buffers:           15936 kB
Cached:          1025192 kB
SwapCached:         2192 kB
Active:          1222108 kB
Inactive:        2126696 kB
Active(anon):     422924 kB
Inactive(anon):  1920364 kB
Active(file):     799184 kB
Inactive(file):   206332 kB
Unevictable:        6044 kB
Mlocked:            5604 kB
SwapTotal:       4718584 kB
SwapFree:        4326648 kB
Dirty:                 4 kB
Writeback:             0 kB
AnonPages:       2311588 kB
Mapped:           650304 kB
Shmem:             31064 kB
KReclaimable:     791360 kB
Slab:             306844 kB
SReclaimable:      75504 kB
SUnreclaim:       231340 kB
KernelStack:       48064 kB
ShadowCallStack:   12036 kB
PageTables:        70020 kB
NFS_Unstable:          0 kB
Bounce:                0 kB
WritebackTmp:          0 kB
CommitLimit:     8679780 kB
Committed_AS:   65722932 kB
VmallocTotal:   263061440 kB
VmallocUsed:      129116 kB
VmallocChunk:          0 kB
Percpu:             6288 kB
CmaTotal:         405504 kB
CmaFree:             272 kB
MemTotal:        7922396 kB
MemFree:          700024 kB
MemAvailable:    2057076 kB
Buffers:           15944 kB
Cached:          1026856 kB
SwapCached:         2192 kB
Active:          1223764 kB
Inactive:        2131616 kB
Active(anon):     422928 kB
Inactive(anon):  1925264 kB
Active(file):     800836 kB
Inactive(file):   206352 kB
Unevictable:        6044 kB
Mlocked:            5604 kB
SwapTotal:       4718584 kB
SwapFree:        4326648 kB
Dirty:                52 kB
Writeback:             0 kB
AnonPages:       2316488 kB
Mapped:           651516 kB
Shmem:             31064 kB
KReclaimable:     789288 kB
Slab:             306872 kB
SReclaimable:      75504 kB
SUnreclaim:       231368 kB
KernelStack:       48080 kB
ShadowCallStack:   12044 kB
PageTables:        70300 kB
NFS_Unstable:          0 kB
Bounce:                0 kB
WritebackTmp:          0 kB
CommitLimit:     8679780 kB
Committed_AS:   65739616 kB
VmallocTotal:   263061440 kB
VmallocUsed:      129088 kB
VmallocChunk:          0 kB
Percpu:             6288 kB
CmaTotal:         405504 kB
CmaFree:             272 kB
MemTotal:        7922396 kB
MemFree:          690372 kB
MemAvailable:    2049744 kB
Buffers:           15952 kB
Cached:          1030352 kB
SwapCached:         2192 kB
Active:          1225920 kB
Inactive:        2136756 kB
Active(anon):     422928 kB
Inactive(anon):  1929056 kB
Active(file):     802992 kB
Inactive(file):   207700 kB
Unevictable:        6044 kB
Mlocked:            5604 kB
SwapTotal:       4718584 kB
SwapFree:        4326648 kB
Dirty:               100 kB
Writeback:             0 kB
AnonPages:       2320296 kB
Mapped:           653092 kB
Shmem:             31064 kB
KReclaimable:     788104 kB
Slab:             306908 kB
SReclaimable:      75504 kB
SUnreclaim:       231404 kB
KernelStack:       48304 kB
ShadowCallStack:   12092 kB
PageTables:        70184 kB
NFS_Unstable:          0 kB
Bounce:                0 kB
WritebackTmp:          0 kB
CommitLimit:     8679780 kB
Committed_AS:   65757064 kB
VmallocTotal:   263061440 kB
VmallocUsed:      129352 kB
VmallocChunk:          0 kB
Percpu:             6288 kB
CmaTotal:         405504 kB
CmaFree:             128 kB
MemTotal:        7922396 kB
MemFree:          687560 kB
MemAvailable:    2050888 kB
Buffers:           15968 kB
Cached:          1034360 kB
SwapCached:         2192 kB
Active:          1227460 kB
Inactive:        2144452 kB
Active(anon):     422924 kB
Inactive(anon):  1934304 kB
Active(file):     804536 kB
Inactive(file):   210148 kB
Unevictable:        6044 kB
Mlocked:            5604 kB
SwapTotal:       4718584 kB
SwapFree:        4326648 kB
Dirty:               180 kB
Writeback:             0 kB
AnonPages:       2325436 kB
Mapped:           654404 kB
Shmem:             31096 kB
KReclaimable:     788068 kB
Slab:             306912 kB
SReclaimable:      75504 kB
SUnreclaim:       231408 kB
KernelStack:       48448 kB
ShadowCallStack:   12136 kB
PageTables:        70484 kB
NFS_Unstable:          0 kB
Bounce:                0 kB
WritebackTmp:          0 kB
CommitLimit:     8679780 kB
Committed_AS:   65757608 kB
VmallocTotal:   263061440 kB
VmallocUsed:      129544 kB
VmallocChunk:          0 kB
Percpu:             6288 kB
CmaTotal:         405504 kB
CmaFree:               0 kB
MemTotal:        7922396 kB
MemFree:          685396 kB
MemAvailable:    2048716 kB
Buffers:           15976 kB
Cached:          1034360 kB
SwapCached:         2192 kB
Active:          1227468 kB
Inactive:        2144992 kB
Active(anon):     422924 kB
Inactive(anon):  1934844 kB
Active(file):     804544 kB
Inactive(file):   210148 kB
Unevictable:        6044 kB
Mlocked:            5604 kB
SwapTotal:       4718584 kB
SwapFree:        4326648 kB
Dirty:                56 kB
Writeback:             4 kB
AnonPages:       2325892 kB
Mapped:           654424 kB
Shmem:             31096 kB
KReclaimable:     788052 kB
Slab:             306928 kB
SReclaimable:      75504 kB
SUnreclaim:       231424 kB
KernelStack:       48480 kB
ShadowCallStack:   12136 kB
PageTables:        70608 kB
NFS_Unstable:          0 kB
Bounce:                0 kB
WritebackTmp:          0 kB
CommitLimit:     8679780 kB
Committed_AS:   65757612 kB
VmallocTotal:   263061440 kB
VmallocUsed:      129596 kB
VmallocChunk:          0 kB
Percpu:             6288 kB
CmaTotal:         405504 kB
CmaFree:               0 kB
MemTotal:        7922396 kB
MemFree:          685736 kB
MemAvailable:    2049100 kB
Buffers:           15976 kB
Cached:          1034436 kB
SwapCached:         2192 kB
Active:          1227484 kB
Inactive:        2145508 kB
Active(anon):     422916 kB
Inactive(anon):  1935308 kB
Active(file):     804568 kB
Inactive(file):   210200 kB
Unevictable:        6044 kB
Mlocked:            5604 kB
SwapTotal:       4718584 kB
SwapFree:        4326648 kB
Dirty:                56 kB
Writeback:             0 kB
AnonPages:       2326484 kB
Mapped:           654532 kB
Shmem:             31096 kB
KReclaimable:     788020 kB
Slab:             306864 kB
SReclaimable:      75504 kB
SUnreclaim:       231360 kB
KernelStack:       48448 kB
ShadowCallStack:   12136 kB
PageTables:        70488 kB
NFS_Unstable:          0 kB
Bounce:                0 kB
WritebackTmp:          0 kB
CommitLimit:     8679780 kB
Committed_AS:   65757608 kB
VmallocTotal:   263061440 kB
VmallocUsed:      129560 kB
VmallocChunk:          0 kB
Percpu:             6288 kB
CmaTotal:         405504 kB
CmaFree:               0 kB
MemTotal:        7922396 kB
MemFree:          683308 kB
MemAvailable:    2046748 kB
Buffers:           15976 kB
Cached:          1034500 kB
SwapCached:         2192 kB
Active:          1227012 kB
Inactive:        2146456 kB
Active(anon):     422928 kB
Inactive(anon):  1935708 kB
Active(file):     804084 kB
Inactive(file):   210748 kB
Unevictable:        6044 kB
Mlocked:            5604 kB
SwapTotal:       4718584 kB
SwapFree:        4326648 kB
Dirty:               652 kB
Writeback:             0 kB
AnonPages:       2326884 kB
Mapped:           654376 kB
Shmem:             31096 kB
KReclaimable:     788032 kB
Slab:             306932 kB
SReclaimable:      75516 kB
SUnreclaim:       231416 kB
KernelStack:       48416 kB
ShadowCallStack:   12132 kB
PageTables:        70352 kB
NFS_Unstable:          0 kB
Bounce:                0 kB
WritebackTmp:          0 kB
CommitLimit:     8679780 kB
Committed_AS:   65757568 kB
VmallocTotal:   263061440 kB
VmallocUsed:      129560 kB
VmallocChunk:          0 kB
Percpu:             6288 kB
CmaTotal:         405504 kB
CmaFree:               0 kB
MemTotal:        7922396 kB
MemFree:          683444 kB
MemAvailable:    2046884 kB
Buffers:           15976 kB
Cached:          1034500 kB
SwapCached:         2192 kB
Active:          1227012 kB
Inactive:        2146484 kB
Active(anon):     422928 kB
Inactive(anon):  1935736 kB
Active(file):     804084 kB
Inactive(file):   210748 kB
Unevictable:        6044 kB
Mlocked:            5604 kB
SwapTotal:       4718584 kB
SwapFree:        4326648 kB
Dirty:               660 kB
Writeback:             0 kB
AnonPages:       2326888 kB
Mapped:           654388 kB
Shmem:             31096 kB
KReclaimable:     788032 kB
Slab:             306936 kB
SReclaimable:      75516 kB
SUnreclaim:       231420 kB
KernelStack:       48448 kB
ShadowCallStack:   12132 kB
PageTables:        70496 kB
NFS_Unstable:          0 kB
Bounce:                0 kB
WritebackTmp:          0 kB
CommitLimit:     8679780 kB
Committed_AS:   65757564 kB
VmallocTotal:   263061440 kB
VmallocUsed:      129560 kB
VmallocChunk:          0 kB
Percpu:             6288 kB
CmaTotal:         405504 kB
CmaFree:               0 kB
MemTotal:        7922396 kB
MemFree:          682940 kB
MemAvailable:    2046380 kB
Buffers:           15984 kB
Cached:          1034508 kB
SwapCached:         2192 kB
Active:          1227024 kB
Inactive:        2146924 kB
Active(anon):     422924 kB
Inactive(anon):  1936176 kB
Active(file):     804100 kB
Inactive(file):   210748 kB
Unevictable:        6044 kB
Mlocked:            5604 kB
SwapTotal:       4718584 kB
SwapFree:        4326648 kB
Dirty:               748 kB
Writeback:             0 kB
AnonPages:       2327164 kB
Mapped:           654484 kB
Shmem:             31096 kB
KReclaimable:     788016 kB
Slab:             306932 kB
SReclaimable:      75516 kB
SUnreclaim:       231416 kB
KernelStack:       48464 kB
ShadowCallStack:   12136 kB
PageTables:        70372 kB
NFS_Unstable:          0 kB
Bounce:                0 kB
WritebackTmp:          0 kB
CommitLimit:     8679780 kB
Committed_AS:   65757564 kB
VmallocTotal:   263061440 kB
VmallocUsed:      129556 kB
VmallocChunk:          0 kB
Percpu:             6288 kB
CmaTotal:         405504 kB
CmaFree:               0 kB
MemTotal:        7922396 kB
MemFree:          594960 kB
MemAvailable:    1816104 kB
Buffers:           15984 kB
Cached:          1034724 kB
SwapCached:         2192 kB
Active:          1227100 kB
Inactive:        2235260 kB
Active(anon):     422928 kB
Inactive(anon):  2024512 kB
Active(file):     804172 kB
Inactive(file):   210748 kB
Unevictable:        6044 kB
Mlocked:            5604 kB
SwapTotal:       4718584 kB
SwapFree:        4326648 kB
Dirty:               696 kB
Writeback:             0 kB
AnonPages:       2415592 kB
Mapped:           654960 kB
Shmem:             31240 kB
KReclaimable:     645648 kB
Slab:             306872 kB
SReclaimable:      75516 kB
SUnreclaim:       231356 kB
KernelStack:       48512 kB
ShadowCallStack:   12152 kB
PageTables:        70496 kB
NFS_Unstable:          0 kB
Bounce:                0 kB
WritebackTmp:          0 kB
CommitLimit:     8679780 kB
Committed_AS:   65757944 kB
VmallocTotal:   263061440 kB
VmallocUsed:      129656 kB
VmallocChunk:          0 kB
Percpu:             6288 kB
CmaTotal:         405504 kB
CmaFree:               0 kB
MemTotal:        7922396 kB
MemFree:          681224 kB
MemAvailable:    2044732 kB
Buffers:           16008 kB
Cached:          1034700 kB
SwapCached:         2192 kB
Active:          1227096 kB
Inactive:        2147768 kB
Active(anon):     422924 kB
Inactive(anon):  1937020 kB
Active(file):     804172 kB
Inactive(file):   210748 kB
Unevictable:        6044 kB
Mlocked:            5604 kB
SwapTotal:       4718584 kB
SwapFree:        4326648 kB
Dirty:                40 kB
Writeback:           120 kB
AnonPages:       2328172 kB
Mapped:           654432 kB
Shmem:             31240 kB
KReclaimable:     788012 kB
Slab:             306836 kB
SReclaimable:      75516 kB
SUnreclaim:       231320 kB
KernelStack:       48400 kB
ShadowCallStack:   12136 kB
PageTables:        70480 kB
NFS_Unstable:          0 kB
Bounce:                0 kB
WritebackTmp:          0 kB
CommitLimit:     8679780 kB
Committed_AS:   65757564 kB
VmallocTotal:   263061440 kB
VmallocUsed:      129576 kB
VmallocChunk:          0 kB
Percpu:             6288 kB
CmaTotal:         405504 kB
CmaFree:               0 kB
MemTotal:        7922396 kB
MemFree:          682600 kB
MemAvailable:    2046140 kB
Buffers:           16008 kB
Cached:          1034592 kB
SwapCached:         2192 kB
Active:          1227120 kB
Inactive:        2148808 kB
Active(anon):     422924 kB
Inactive(anon):  1938056 kB
Active(file):     804196 kB
Inactive(file):   210752 kB
Unevictable:        6044 kB
Mlocked:            5604 kB
SwapTotal:       4718584 kB
SwapFree:        4326648 kB
Dirty:                88 kB
Writeback:             0 kB
AnonPages:       2329284 kB
Mapped:           654456 kB
Shmem:             31104 kB
KReclaimable:     788016 kB
Slab:             306836 kB
SReclaimable:      75516 kB
SUnreclaim:       231320 kB
KernelStack:       48416 kB
ShadowCallStack:   12124 kB
PageTables:        70404 kB
NFS_Unstable:          0 kB
Bounce:                0 kB
WritebackTmp:          0 kB
CommitLimit:     8679780 kB
Committed_AS:   65757572 kB
VmallocTotal:   263061440 kB
VmallocUsed:      129556 kB
VmallocChunk:          0 kB
Percpu:             6288 kB
CmaTotal:         405504 kB
CmaFree:               0 kB
MemTotal:        7922396 kB
MemFree:          682612 kB
MemAvailable:    2046028 kB
Buffers:           16008 kB
Cached:          1034596 kB
SwapCached:         2192 kB
Active:          1227124 kB
Inactive:        2149076 kB
Active(anon):     422928 kB
Inactive(anon):  1938320 kB
Active(file):     804196 kB
Inactive(file):   210756 kB
Unevictable:        6044 kB
Mlocked:            5604 kB
SwapTotal:       4718584 kB
SwapFree:        4326648 kB
Dirty:                96 kB
Writeback:             0 kB
AnonPages:       2329548 kB
Mapped:           654712 kB
Shmem:             31104 kB
KReclaimable:     787888 kB
Slab:             306852 kB
SReclaimable:      75516 kB
SUnreclaim:       231336 kB
KernelStack:       48384 kB
ShadowCallStack:   12120 kB
PageTables:        70432 kB
NFS_Unstable:          0 kB
Bounce:                0 kB
WritebackTmp:          0 kB
CommitLimit:     8679780 kB
Committed_AS:   65757416 kB
VmallocTotal:   263061440 kB
VmallocUsed:      129500 kB
VmallocChunk:          0 kB
Percpu:             6288 kB
CmaTotal:         405504 kB
CmaFree:               0 kB
MemTotal:        7922396 kB
MemFree:          682304 kB
MemAvailable:    2045720 kB
Buffers:           16024 kB
Cached:          1034580 kB
SwapCached:         2192 kB
Active:          1227100 kB
Inactive:        2149956 kB
Active(anon):     422904 kB
Inactive(anon):  1939200 kB
Active(file):     804196 kB
Inactive(file):   210756 kB
Unevictable:        6044 kB
Mlocked:            5604 kB
SwapTotal:       4718584 kB
SwapFree:        4326648 kB
Dirty:                96 kB
Writeback:            20 kB
AnonPages:       2330228 kB
Mapped:           654628 kB
Shmem:             31104 kB
KReclaimable:     787888 kB
Slab:             306848 kB
SReclaimable:      75516 kB
SUnreclaim:       231332 kB
KernelStack:       48304 kB
ShadowCallStack:   12112 kB
PageTables:        70548 kB
NFS_Unstable:          0 kB
Bounce:                0 kB
WritebackTmp:          0 kB
CommitLimit:     8679780 kB
Committed_AS:   65757160 kB
VmallocTotal:   263061440 kB
VmallocUsed:      129416 kB
VmallocChunk:          0 kB
Percpu:             6288 kB
CmaTotal:         405504 kB
CmaFree:               0 kB
MemTotal:        7922396 kB
MemFree:          682796 kB
MemAvailable:    2046228 kB
Buffers:           16024 kB
Cached:          1034596 kB
SwapCached:         2192 kB
Active:          1227116 kB
Inactive:        2150528 kB
Active(anon):     422904 kB
Inactive(anon):  1939772 kB
Active(file):     804212 kB
Inactive(file):   210756 kB
Unevictable:        6044 kB
Mlocked:            5604 kB
SwapTotal:       4718584 kB
SwapFree:        4326648 kB
Dirty:               148 kB
Writeback:             0 kB
AnonPages:       2331084 kB
Mapped:           654520 kB
Shmem:             31104 kB
KReclaimable:     787888 kB
Slab:             306848 kB
SReclaimable:      75516 kB
SUnreclaim:       231332 kB
KernelStack:       48272 kB
ShadowCallStack:   12096 kB
PageTables:        70524 kB
NFS_Unstable:          0 kB
Bounce:                0 kB
WritebackTmp:          0 kB
CommitLimit:     8679780 kB
Committed_AS:   65757160 kB
VmallocTotal:   263061440 kB
VmallocUsed:      129396 kB
VmallocChunk:          0 kB
Percpu:             6288 kB
CmaTotal:         405504 kB
CmaFree:               0 kB
MemTotal:        7922396 kB
MemFree:          681864 kB
MemAvailable:    2045296 kB
Buffers:           16024 kB
Cached:          1034596 kB
SwapCached:         2192 kB
Active:          1227116 kB
Inactive:        2150796 kB
Active(anon):     422904 kB
Inactive(anon):  1940040 kB
Active(file):     804212 kB
Inactive(file):   210756 kB
Unevictable:        6044 kB
Mlocked:            5604 kB
SwapTotal:       4718584 kB
SwapFree:        4326648 kB
Dirty:                 0 kB
Writeback:             0 kB
AnonPages:       2331160 kB
Mapped:           654488 kB
Shmem:             31104 kB
KReclaimable:     787888 kB
Slab:             306848 kB
SReclaimable:      75516 kB
SUnreclaim:       231332 kB
KernelStack:       48288 kB
ShadowCallStack:   12096 kB
PageTables:        70456 kB
NFS_Unstable:          0 kB
Bounce:                0 kB
WritebackTmp:          0 kB
CommitLimit:     8679780 kB
Committed_AS:   65757156 kB
VmallocTotal:   263061440 kB
VmallocUsed:      129396 kB
VmallocChunk:          0 kB
Percpu:             6288 kB
CmaTotal:         405504 kB
CmaFree:               0 kB
MemTotal:        7922396 kB
MemFree:          680836 kB
MemAvailable:    2044268 kB
Buffers:           16024 kB
Cached:          1034596 kB
SwapCached:         2192 kB
Active:          1227120 kB
Inactive:        2150800 kB
Active(anon):     422908 kB
Inactive(anon):  1940044 kB
Active(file):     804212 kB
Inactive(file):   210756 kB
Unevictable:        6044 kB
Mlocked:            5604 kB
SwapTotal:       4718584 kB
SwapFree:        4326648 kB
Dirty:                32 kB
Writeback:             0 kB
AnonPages:       2331252 kB
Mapped:           654488 kB
Shmem:             31104 kB
KReclaimable:     787888 kB
Slab:             306848 kB
SReclaimable:      75516 kB
SUnreclaim:       231332 kB
KernelStack:       48304 kB
ShadowCallStack:   12100 kB
PageTables:        70364 kB
NFS_Unstable:          0 kB
Bounce:                0 kB
WritebackTmp:          0 kB
CommitLimit:     8679780 kB
Committed_AS:   65757156 kB
VmallocTotal:   263061440 kB
VmallocUsed:      129380 kB
VmallocChunk:          0 kB
Percpu:             6288 kB
CmaTotal:         405504 kB
CmaFree:               0 kB
MemTotal:        7922396 kB
MemFree:          682836 kB
MemAvailable:    2046268 kB
Buffers:           16024 kB
Cached:          1034596 kB
SwapCached:         2192 kB
Active:          1227112 kB
Inactive:        2150588 kB
Active(anon):     422900 kB
Inactive(anon):  1939832 kB
Active(file):     804212 kB
Inactive(file):   210756 kB
Unevictable:        6044 kB
Mlocked:            5604 kB
SwapTotal:       4718584 kB
SwapFree:        4326648 kB
Dirty:               100 kB
Writeback:             0 kB
AnonPages:       2330988 kB
Mapped:           654600 kB
Shmem:             31104 kB
KReclaimable:     787888 kB
Slab:             306852 kB
SReclaimable:      75516 kB
SUnreclaim:       231336 kB
KernelStack:       48192 kB
ShadowCallStack:   12088 kB
PageTables:        70200 kB
NFS_Unstable:          0 kB
Bounce:                0 kB
WritebackTmp:          0 kB
CommitLimit:     8679780 kB
Committed_AS:   65756900 kB
VmallocTotal:   263061440 kB
VmallocUsed:      129308 kB
VmallocChunk:          0 kB
Percpu:             6288 kB
CmaTotal:         405504 kB
CmaFree:               0 kB
MemTotal:        7922396 kB
MemFree:          679036 kB
MemAvailable:    2046596 kB
Buffers:           16024 kB
Cached:          1038856 kB
SwapCached:         2204 kB
Active:          1230916 kB
Inactive:        2151336 kB
Active(anon):     422892 kB
Inactive(anon):  1940132 kB
Active(file):     808024 kB
Inactive(file):   211204 kB
Unevictable:        6044 kB
Mlocked:            5604 kB
SwapTotal:       4718584 kB
SwapFree:        4326648 kB
Dirty:               104 kB
Writeback:             0 kB
AnonPages:       2331216 kB
Mapped:           655812 kB
Shmem:             31104 kB
KReclaimable:     787756 kB
Slab:             306864 kB
SReclaimable:      75516 kB
SUnreclaim:       231348 kB
KernelStack:       48192 kB
ShadowCallStack:   12084 kB
PageTables:        70516 kB
NFS_Unstable:          0 kB
Bounce:                0 kB
WritebackTmp:          0 kB
CommitLimit:     8679780 kB
Committed_AS:   65756848 kB
VmallocTotal:   263061440 kB
VmallocUsed:      129296 kB
VmallocChunk:          0 kB
Percpu:             6288 kB
CmaTotal:         405504 kB
CmaFree:               0 kB
MemTotal:        7922396 kB
MemFree:          678852 kB
MemAvailable:    2046432 kB
Buffers:           16040 kB
Cached:          1038860 kB
SwapCached:         2204 kB
Active:          1230940 kB
Inactive:        2151656 kB
Active(anon):     422900 kB
Inactive(anon):  1940448 kB
Active(file):     808040 kB
Inactive(file):   211208 kB
Unevictable:        6044 kB
Mlocked:            5604 kB
SwapTotal:       4718584 kB
SwapFree:        4326648 kB
Dirty:               252 kB
Writeback:             0 kB
AnonPages:       2331632 kB
Mapped:           655724 kB
Shmem:             31104 kB
KReclaimable:     787756 kB
Slab:             306864 kB
SReclaimable:      75516 kB
SUnreclaim:       231348 kB
KernelStack:       48256 kB
ShadowCallStack:   12076 kB
PageTables:        70432 kB
NFS_Unstable:          0 kB
Bounce:                0 kB
WritebackTmp:          0 kB
CommitLimit:     8679780 kB
Committed_AS:   65756844 kB
VmallocTotal:   263061440 kB
VmallocUsed:      129300 kB
VmallocChunk:          0 kB
Percpu:             6288 kB
CmaTotal:         405504 kB
CmaFree:               0 kB
MemTotal:        7922396 kB
MemFree:          678912 kB
MemAvailable:    2046496 kB
Buffers:           16048 kB
Cached:          1038856 kB
SwapCached:         2204 kB
Active:          1230940 kB
Inactive:        2152184 kB
Active(anon):     422896 kB
Inactive(anon):  1940976 kB
Active(file):     808044 kB
Inactive(file):   211208 kB
Unevictable:        6044 kB
Mlocked:            5604 kB
SwapTotal:       4718584 kB
SwapFree:        4326648 kB
Dirty:               268 kB
Writeback:             0 kB
AnonPages:       2332080 kB
Mapped:           655712 kB
Shmem:             31104 kB
KReclaimable:     787756 kB
Slab:             306860 kB
SReclaimable:      75516 kB
SUnreclaim:       231344 kB
KernelStack:       48208 kB
ShadowCallStack:   12076 kB
PageTables:        70400 kB
NFS_Unstable:          0 kB
Bounce:                0 kB
WritebackTmp:          0 kB
CommitLimit:     8679780 kB
Committed_AS:   65756792 kB
VmallocTotal:   263061440 kB
VmallocUsed:      129276 kB
VmallocChunk:          0 kB
Percpu:             6288 kB
CmaTotal:         405504 kB
CmaFree:               0 kB
MemTotal:        7922396 kB
MemFree:          679304 kB
MemAvailable:    2046896 kB
Buffers:           16048 kB
Cached:          1038864 kB
SwapCached:         2204 kB
Active:          1230948 kB
Inactive:        2151552 kB
Active(anon):     422896 kB
Inactive(anon):  1940344 kB
Active(file):     808052 kB
Inactive(file):   211208 kB
Unevictable:        6044 kB
Mlocked:            5604 kB
SwapTotal:       4718584 kB
SwapFree:        4326648 kB
Dirty:               268 kB
Writeback:             0 kB
AnonPages:       2331420 kB
Mapped:           655720 kB
Shmem:             31104 kB
KReclaimable:     787756 kB
Slab:             306864 kB
SReclaimable:      75516 kB
SUnreclaim:       231348 kB
KernelStack:       48160 kB
ShadowCallStack:   12080 kB
PageTables:        70256 kB
NFS_Unstable:          0 kB
Bounce:                0 kB
WritebackTmp:          0 kB
CommitLimit:     8679780 kB
Committed_AS:   65756796 kB
VmallocTotal:   263061440 kB
VmallocUsed:      129280 kB
VmallocChunk:          0 kB
Percpu:             6288 kB
CmaTotal:         405504 kB
CmaFree:               0 kB
MemTotal:        7922396 kB
MemFree:          678672 kB
MemAvailable:    2046264 kB
Buffers:           16048 kB
Cached:          1038864 kB
SwapCached:         2204 kB
Active:          1230940 kB
Inactive:        2151768 kB
Active(anon):     422888 kB
Inactive(anon):  1940560 kB
Active(file):     808052 kB
Inactive(file):   211208 kB
Unevictable:        6044 kB
Mlocked:            5604 kB
SwapTotal:       4718584 kB
SwapFree:        4326648 kB
Dirty:               268 kB
Writeback:             0 kB
AnonPages:       2331660 kB
Mapped:           655880 kB
Shmem:             31104 kB
KReclaimable:     787756 kB
Slab:             306864 kB
SReclaimable:      75516 kB
SUnreclaim:       231348 kB
KernelStack:       48192 kB
ShadowCallStack:   12060 kB
PageTables:        70228 kB
NFS_Unstable:          0 kB
Bounce:                0 kB
WritebackTmp:          0 kB
CommitLimit:     8679780 kB
Committed_AS:   65756688 kB
VmallocTotal:   263061440 kB
VmallocUsed:      129232 kB
VmallocChunk:          0 kB
Percpu:             6288 kB
CmaTotal:         405504 kB
CmaFree:               0 kB
MemTotal:        7922396 kB
MemFree:          679032 kB
MemAvailable:    2046624 kB
Buffers:           16048 kB
Cached:          1038864 kB
SwapCached:         2204 kB
Active:          1230952 kB
Inactive:        2150864 kB
Active(anon):     422900 kB
Inactive(anon):  1939656 kB
Active(file):     808052 kB
Inactive(file):   211208 kB
Unevictable:        6044 kB
Mlocked:            5604 kB
SwapTotal:       4718584 kB
SwapFree:        4326648 kB
Dirty:               268 kB
Writeback:             0 kB
AnonPages:       2330804 kB
Mapped:           655848 kB
Shmem:             31104 kB
KReclaimable:     787756 kB
Slab:             306864 kB
SReclaimable:      75516 kB
SUnreclaim:       231348 kB
KernelStack:       48176 kB
ShadowCallStack:   12076 kB
PageTables:        70240 kB
NFS_Unstable:          0 kB
Bounce:                0 kB
WritebackTmp:          0 kB
CommitLimit:     8679780 kB
Committed_AS:   65756688 kB
VmallocTotal:   263061440 kB
VmallocUsed:      129256 kB
VmallocChunk:          0 kB
Percpu:             6288 kB
CmaTotal:         405504 kB
CmaFree:              64 kB
MemTotal:        7922396 kB
MemFree:          678036 kB
MemAvailable:    2045648 kB
Buffers:           16064 kB
Cached:          1038868 kB
SwapCached:         2204 kB
Active:          1230960 kB
Inactive:        2152156 kB
Active(anon):     422892 kB
Inactive(anon):  1940948 kB
Active(file):     808068 kB
Inactive(file):   211208 kB
Unevictable:        6044 kB
Mlocked:            5604 kB
SwapTotal:       4718584 kB
SwapFree:        4326648 kB
Dirty:               228 kB
Writeback:             0 kB
AnonPages:       2332216 kB
Mapped:           655716 kB
Shmem:             31108 kB
KReclaimable:     787760 kB
Slab:             306880 kB
SReclaimable:      75520 kB
SUnreclaim:       231360 kB
KernelStack:       48176 kB
ShadowCallStack:   12076 kB
PageTables:        70488 kB
NFS_Unstable:          0 kB
Bounce:                0 kB
WritebackTmp:          0 kB
CommitLimit:     8679780 kB
Committed_AS:   65756692 kB
VmallocTotal:   263061440 kB
VmallocUsed:      129224 kB
VmallocChunk:          0 kB
Percpu:             6288 kB
CmaTotal:         405504 kB
CmaFree:               0 kB
MemTotal:        7922396 kB
MemFree:          676992 kB
MemAvailable:    2044604 kB
Buffers:           16064 kB
Cached:          1038868 kB
SwapCached:         2204 kB
Active:          1230968 kB
Inactive:        2152724 kB
Active(anon):     422900 kB
Inactive(anon):  1941516 kB
Active(file):     808068 kB
Inactive(file):   211208 kB
Unevictable:        6044 kB
Mlocked:            5604 kB
SwapTotal:       4718584 kB
SwapFree:        4326648 kB
Dirty:               228 kB
Writeback:             0 kB
AnonPages:       2332664 kB
Mapped:           655888 kB
Shmem:             31108 kB
KReclaimable:     787760 kB
Slab:             306952 kB
SReclaimable:      75520 kB
SUnreclaim:       231432 kB
KernelStack:       48128 kB
ShadowCallStack:   12060 kB
PageTables:        70312 kB
NFS_Unstable:          0 kB
Bounce:                0 kB
WritebackTmp:          0 kB
CommitLimit:     8679780 kB
Committed_AS:   65756540 kB
VmallocTotal:   263061440 kB
VmallocUsed:      129172 kB
VmallocChunk:          0 kB
Percpu:             6288 kB
CmaTotal:         405504 kB
CmaFree:               0 kB
MemTotal:        7922396 kB
MemFree:          674768 kB
MemAvailable:    2042496 kB
Buffers:           16064 kB
Cached:          1038868 kB
SwapCached:         2204 kB
Active:          1231024 kB
Inactive:        2152900 kB
Active(anon):     422896 kB
Inactive(anon):  1941636 kB
Active(file):     808128 kB
Inactive(file):   211264 kB
Unevictable:        6044 kB
Mlocked:            5604 kB
SwapTotal:       4718584 kB
SwapFree:        4326648 kB
Dirty:                 4 kB
Writeback:             0 kB
AnonPages:       2332832 kB
Mapped:           655900 kB
Shmem:             31108 kB
KReclaimable:     787760 kB
Slab:             306892 kB
SReclaimable:      75520 kB
SUnreclaim:       231372 kB
KernelStack:       48128 kB
ShadowCallStack:   12048 kB
PageTables:        70396 kB
NFS_Unstable:          0 kB
Bounce:                0 kB
WritebackTmp:          0 kB
CommitLimit:     8679780 kB
Committed_AS:   65756536 kB
VmallocTotal:   263061440 kB
VmallocUsed:      129176 kB
VmallocChunk:          0 kB
Percpu:             6288 kB
CmaTotal:         405504 kB
CmaFree:               0 kB
MemTotal:        7922396 kB
MemFree:          676108 kB
MemAvailable:    2043724 kB
Buffers:           16064 kB
Cached:          1038872 kB
SwapCached:         2204 kB
Active:          1230960 kB
Inactive:        2153168 kB
Active(anon):     422892 kB
Inactive(anon):  1941956 kB
Active(file):     808068 kB
Inactive(file):   211212 kB
Unevictable:        6044 kB
Mlocked:            5604 kB
SwapTotal:       4718584 kB
SwapFree:        4326648 kB
Dirty:                36 kB
Writeback:             0 kB
AnonPages:       2333188 kB
Mapped:           655784 kB
Shmem:             31108 kB
KReclaimable:     787760 kB
Slab:             306888 kB
SReclaimable:      75520 kB
SUnreclaim:       231368 kB
KernelStack:       48112 kB
ShadowCallStack:   12060 kB
PageTables:        70196 kB
NFS_Unstable:          0 kB
Bounce:                0 kB
WritebackTmp:          0 kB
CommitLimit:     8679780 kB
Committed_AS:   65756536 kB
VmallocTotal:   263061440 kB
VmallocUsed:      129180 kB
VmallocChunk:          0 kB
Percpu:             6288 kB
CmaTotal:         405504 kB
CmaFree:               0 kB
MemTotal:        7922396 kB
MemFree:          677456 kB
MemAvailable:    2045072 kB
Buffers:           16064 kB
Cached:          1038872 kB
SwapCached:         2204 kB
Active:          1230968 kB
Inactive:        2153476 kB
Active(anon):     422900 kB
Inactive(anon):  1942264 kB
Active(file):     808068 kB
Inactive(file):   211212 kB
Unevictable:        6044 kB
Mlocked:            5604 kB
SwapTotal:       4718584 kB
SwapFree:        4326648 kB
Dirty:                40 kB
Writeback:             0 kB
AnonPages:       2333408 kB
Mapped:           655972 kB
Shmem:             31108 kB
KReclaimable:     787760 kB
Slab:             306896 kB
SReclaimable:      75520 kB
SUnreclaim:       231376 kB
KernelStack:       48160 kB
ShadowCallStack:   12056 kB
PageTables:        70400 kB
NFS_Unstable:          0 kB
Bounce:                0 kB
WritebackTmp:          0 kB
CommitLimit:     8679780 kB
Committed_AS:   65756536 kB
VmallocTotal:   263061440 kB
VmallocUsed:      129172 kB
VmallocChunk:          0 kB
Percpu:             6288 kB
CmaTotal:         405504 kB
CmaFree:               0 kB
MemTotal:        7922396 kB
MemFree:          676384 kB
MemAvailable:    2044000 kB
Buffers:           16072 kB
Cached:          1038864 kB
SwapCached:         2204 kB
Active:          1230952 kB
Inactive:        2153872 kB
Active(anon):     422884 kB
Inactive(anon):  1942660 kB
Active(file):     808068 kB
Inactive(file):   211212 kB
Unevictable:        6044 kB
Mlocked:            5604 kB
SwapTotal:       4718584 kB
SwapFree:        4326648 kB
Dirty:                40 kB
Writeback:             0 kB
AnonPages:       2333920 kB
Mapped:           655888 kB
Shmem:             31108 kB
KReclaimable:     787760 kB
Slab:             306896 kB
SReclaimable:      75520 kB
SUnreclaim:       231376 kB
KernelStack:       48128 kB
ShadowCallStack:   12056 kB
PageTables:        70416 kB
NFS_Unstable:          0 kB
Bounce:                0 kB
WritebackTmp:          0 kB
CommitLimit:     8679780 kB
Committed_AS:   65756536 kB
VmallocTotal:   263061440 kB
VmallocUsed:      129160 kB
VmallocChunk:          0 kB
Percpu:             6288 kB
CmaTotal:         405504 kB
CmaFree:               0 kB
MemTotal:        7922396 kB
MemFree:          591164 kB
MemAvailable:    1824540 kB
Buffers:           16072 kB
Cached:          1038976 kB
SwapCached:         2204 kB
Active:          1230976 kB
Inactive:        2239176 kB
Active(anon):     422900 kB
Inactive(anon):  2027964 kB
Active(file):     808076 kB
Inactive(file):   211212 kB
Unevictable:        6044 kB
Mlocked:            5604 kB
SwapTotal:       4718584 kB
SwapFree:        4326648 kB
Dirty:                48 kB
Writeback:             0 kB
AnonPages:       2418964 kB
Mapped:           656160 kB
Shmem:             31212 kB
KReclaimable:     653512 kB
Slab:             306896 kB
SReclaimable:      75520 kB
SUnreclaim:       231376 kB
KernelStack:       48160 kB
ShadowCallStack:   12064 kB
PageTables:        70488 kB
NFS_Unstable:          0 kB
Bounce:                0 kB
WritebackTmp:          0 kB
CommitLimit:     8679780 kB
Committed_AS:   65756812 kB
VmallocTotal:   263061440 kB
VmallocUsed:      129216 kB
VmallocChunk:          0 kB
Percpu:             6288 kB
CmaTotal:         405504 kB
CmaFree:               0 kB
MemTotal:        7922396 kB
MemFree:          587652 kB
MemAvailable:    1820892 kB
Buffers:           16072 kB
Cached:          1039016 kB
SwapCached:         2204 kB
Active:          1230968 kB
Inactive:        2241928 kB
Active(anon):     422892 kB
Inactive(anon):  2030716 kB
Active(file):     808076 kB
Inactive(file):   211212 kB
Unevictable:        6044 kB
Mlocked:            5604 kB
SwapTotal:       4718584 kB
SwapFree:        4326648 kB
Dirty:                48 kB
Writeback:             0 kB
AnonPages:       2421624 kB
Mapped:           656300 kB
Shmem:             31252 kB
KReclaimable:     653376 kB
Slab:             306888 kB
SReclaimable:      75520 kB
SUnreclaim:       231368 kB
KernelStack:       48176 kB
ShadowCallStack:   12076 kB
PageTables:        70480 kB
NFS_Unstable:          0 kB
Bounce:                0 kB
WritebackTmp:          0 kB
CommitLimit:     8679780 kB
Committed_AS:   65756536 kB
VmallocTotal:   263061440 kB
VmallocUsed:      129224 kB
VmallocChunk:          0 kB
Percpu:             6288 kB
CmaTotal:         405504 kB
CmaFree:               0 kB
MemTotal:        7922396 kB
MemFree:          673580 kB
MemAvailable:    2041204 kB
Buffers:           16072 kB
Cached:          1038872 kB
SwapCached:         2204 kB
Active:          1230972 kB
Inactive:        2154228 kB
Active(anon):     422896 kB
Inactive(anon):  1943016 kB
Active(file):     808076 kB
Inactive(file):   211212 kB
Unevictable:        6044 kB
Mlocked:            5604 kB
SwapTotal:       4718584 kB
SwapFree:        4326648 kB
Dirty:                48 kB
Writeback:             0 kB
AnonPages:       2334156 kB
Mapped:           655716 kB
Shmem:             31108 kB
KReclaimable:     787760 kB
Slab:             306892 kB
SReclaimable:      75520 kB
SUnreclaim:       231372 kB
KernelStack:       48112 kB
ShadowCallStack:   12052 kB
PageTables:        70352 kB
NFS_Unstable:          0 kB
Bounce:                0 kB
WritebackTmp:          0 kB
CommitLimit:     8679780 kB
Committed_AS:   65756432 kB
VmallocTotal:   263061440 kB
VmallocUsed:      129140 kB
VmallocChunk:          0 kB
Percpu:             6288 kB
CmaTotal:         405504 kB
CmaFree:               0 kB
MemTotal:        7922396 kB
MemFree:          674248 kB
MemAvailable:    2041872 kB
Buffers:           16072 kB
Cached:          1038872 kB
SwapCached:         2204 kB
Active:          1230968 kB
Inactive:        2154620 kB
Active(anon):     422892 kB
Inactive(anon):  1943408 kB
Active(file):     808076 kB
Inactive(file):   211212 kB
Unevictable:        6044 kB
Mlocked:            5604 kB
SwapTotal:       4718584 kB
SwapFree:        4326648 kB
Dirty:                48 kB
Writeback:             0 kB
AnonPages:       2334456 kB
Mapped:           655748 kB
Shmem:             31108 kB
KReclaimable:     787760 kB
Slab:             306900 kB
SReclaimable:      75520 kB
SUnreclaim:       231380 kB
KernelStack:       48080 kB
ShadowCallStack:   12060 kB
PageTables:        70252 kB
NFS_Unstable:          0 kB
Bounce:                0 kB
WritebackTmp:          0 kB
CommitLimit:     8679780 kB
Committed_AS:   65756436 kB
VmallocTotal:   263061440 kB
VmallocUsed:      129160 kB
VmallocChunk:          0 kB
Percpu:             6288 kB
CmaTotal:         405504 kB
CmaFree:               0 kB
MemTotal:        7922396 kB
MemFree:          674564 kB
MemAvailable:    2042208 kB
Buffers:           16104 kB
Cached:          1038860 kB
SwapCached:         2204 kB
Active:          1230992 kB
Inactive:        2156172 kB
Active(anon):     422896 kB
Inactive(anon):  1944960 kB
Active(file):     808096 kB
Inactive(file):   211212 kB
Unevictable:        6044 kB
Mlocked:            5604 kB
SwapTotal:       4718584 kB
SwapFree:        4326648 kB
Dirty:                76 kB
Writeback:             0 kB
AnonPages:       2335960 kB
Mapped:           655912 kB
Shmem:             31108 kB
KReclaimable:     787760 kB
Slab:             306892 kB
SReclaimable:      75520 kB
SUnreclaim:       231372 kB
KernelStack:       48064 kB
ShadowCallStack:   12052 kB
PageTables:        70428 kB
NFS_Unstable:          0 kB
Bounce:                0 kB
WritebackTmp:          0 kB
CommitLimit:     8679780 kB
Committed_AS:   65756432 kB
VmallocTotal:   263061440 kB
VmallocUsed:      129136 kB
VmallocChunk:          0 kB
Percpu:             6288 kB
CmaTotal:         405504 kB
CmaFree:               0 kB
MemTotal:        7922396 kB
MemFree:          673984 kB
MemAvailable:    2041640 kB
Buffers:           16104 kB
Cached:          1038872 kB
SwapCached:         2204 kB
Active:          1231004 kB
Inactive:        2155888 kB
Active(anon):     422896 kB
Inactive(anon):  1944676 kB
Active(file):     808108 kB
Inactive(file):   211212 kB
Unevictable:        6044 kB
Mlocked:            5604 kB
SwapTotal:       4718584 kB
SwapFree:        4326648 kB
Dirty:               136 kB
Writeback:             0 kB
AnonPages:       2335752 kB
Mapped:           655744 kB
Shmem:             31108 kB
KReclaimable:     787760 kB
Slab:             306896 kB
SReclaimable:      75520 kB
SUnreclaim:       231376 kB
KernelStack:       48096 kB
ShadowCallStack:   12048 kB
PageTables:        70400 kB
NFS_Unstable:          0 kB
Bounce:                0 kB
WritebackTmp:          0 kB
CommitLimit:     8679780 kB
Committed_AS:   65756432 kB
VmallocTotal:   263061440 kB
VmallocUsed:      129140 kB
VmallocChunk:          0 kB
Percpu:             6288 kB
CmaTotal:         405504 kB
CmaFree:               0 kB
MemTotal:        7922396 kB
MemFree:          674052 kB
MemAvailable:    2041728 kB
Buffers:           16104 kB
Cached:          1038892 kB
SwapCached:         2204 kB
Active:          1231020 kB
Inactive:        2156584 kB
Active(anon):     422892 kB
Inactive(anon):  1945372 kB
Active(file):     808128 kB
Inactive(file):   211212 kB
Unevictable:        6044 kB
Mlocked:            5604 kB
SwapTotal:       4718584 kB
SwapFree:        4326648 kB
Dirty:               144 kB
Writeback:             0 kB
AnonPages:       2336424 kB
Mapped:           655716 kB
Shmem:             31108 kB
KReclaimable:     787760 kB
Slab:             306900 kB
SReclaimable:      75520 kB
SUnreclaim:       231380 kB
KernelStack:       48096 kB
ShadowCallStack:   12048 kB
PageTables:        70492 kB
NFS_Unstable:          0 kB
Bounce:                0 kB
WritebackTmp:          0 kB
CommitLimit:     8679780 kB
Committed_AS:   65756436 kB
VmallocTotal:   263061440 kB
VmallocUsed:      129136 kB
VmallocChunk:          0 kB
Percpu:             6288 kB
CmaTotal:         405504 kB
CmaFree:               0 kB
MemTotal:        7922396 kB
MemFree:          672612 kB
MemAvailable:    2040288 kB
Buffers:           16104 kB
Cached:          1038892 kB
SwapCached:         2204 kB
Active:          1231020 kB
Inactive:        2156784 kB
Active(anon):     422892 kB
Inactive(anon):  1945572 kB
Active(file):     808128 kB
Inactive(file):   211212 kB
Unevictable:        6044 kB
Mlocked:            5604 kB
SwapTotal:       4718584 kB
SwapFree:        4326648 kB
Dirty:               144 kB
Writeback:             0 kB
AnonPages:       2336520 kB
Mapped:           655860 kB
Shmem:             31108 kB
KReclaimable:     787760 kB
Slab:             306908 kB
SReclaimable:      75520 kB
SUnreclaim:       231388 kB
KernelStack:       48096 kB
ShadowCallStack:   12036 kB
PageTables:        70300 kB
NFS_Unstable:          0 kB
Bounce:                0 kB
WritebackTmp:          0 kB
CommitLimit:     8679780 kB
Committed_AS:   65756432 kB
VmallocTotal:   263061440 kB
VmallocUsed:      129124 kB
VmallocChunk:          0 kB
Percpu:             6288 kB
CmaTotal:         405504 kB
CmaFree:               0 kB
MemTotal:        7922396 kB
MemFree:          673756 kB
MemAvailable:    2041432 kB
Buffers:           16104 kB
Cached:          1038892 kB
SwapCached:         2204 kB
Active:          1231020 kB
Inactive:        2156864 kB
Active(anon):     422892 kB
Inactive(anon):  1945652 kB
Active(file):     808128 kB
Inactive(file):   211212 kB
Unevictable:        6044 kB
Mlocked:            5604 kB
SwapTotal:       4718584 kB
SwapFree:        4326648 kB
Dirty:               144 kB
Writeback:             0 kB
AnonPages:       2336820 kB
Mapped:           655756 kB
Shmem:             31108 kB
KReclaimable:     787760 kB
Slab:             306908 kB
SReclaimable:      75520 kB
SUnreclaim:       231388 kB
KernelStack:       48096 kB
ShadowCallStack:   12048 kB
PageTables:        70368 kB
NFS_Unstable:          0 kB
Bounce:                0 kB
WritebackTmp:          0 kB
CommitLimit:     8679780 kB
Committed_AS:   65756432 kB
VmallocTotal:   263061440 kB
VmallocUsed:      129140 kB
VmallocChunk:          0 kB
Percpu:             6288 kB
CmaTotal:         405504 kB
CmaFree:               0 kB
MemTotal:        7922396 kB
MemFree:          673156 kB
MemAvailable:    2040832 kB
Buffers:           16104 kB
Cached:          1038892 kB
SwapCached:         2204 kB
Active:          1231020 kB
Inactive:        2157064 kB
Active(anon):     422892 kB
Inactive(anon):  1945852 kB
Active(file):     808128 kB
Inactive(file):   211212 kB
Unevictable:        6044 kB
Mlocked:            5604 kB
SwapTotal:       4718584 kB
SwapFree:        4326648 kB
Dirty:                92 kB
Writeback:             0 kB
AnonPages:       2337264 kB
Mapped:           655724 kB
Shmem:             31108 kB
KReclaimable:     787760 kB
Slab:             306916 kB
SReclaimable:      75520 kB
SUnreclaim:       231396 kB
KernelStack:       48080 kB
ShadowCallStack:   12036 kB
PageTables:        70476 kB
NFS_Unstable:          0 kB
Bounce:                0 kB
WritebackTmp:          0 kB
CommitLimit:     8679780 kB
Committed_AS:   65756432 kB
VmallocTotal:   263061440 kB
VmallocUsed:      129140 kB
VmallocChunk:          0 kB
Percpu:             6288 kB
CmaTotal:         405504 kB
CmaFree:               0 kB
MemTotal:        7922396 kB
MemFree:          672552 kB
MemAvailable:    2040236 kB
Buffers:           16112 kB
Cached:          1038892 kB
SwapCached:         2204 kB
Active:          1231024 kB
Inactive:        2157476 kB
Active(anon):     422888 kB
Inactive(anon):  1946264 kB
Active(file):     808136 kB
Inactive(file):   211212 kB
Unevictable:        6044 kB
Mlocked:            5604 kB
SwapTotal:       4718584 kB
SwapFree:        4326648 kB
Dirty:                92 kB
Writeback:             0 kB
AnonPages:       2337432 kB
Mapped:           655696 kB
Shmem:             31108 kB
KReclaimable:     787760 kB
Slab:             306916 kB
SReclaimable:      75520 kB
SUnreclaim:       231396 kB
KernelStack:       48112 kB
ShadowCallStack:   12048 kB
PageTables:        70376 kB
NFS_Unstable:          0 kB
Bounce:                0 kB
WritebackTmp:          0 kB
CommitLimit:     8679780 kB
Committed_AS:   65756436 kB
VmallocTotal:   263061440 kB
VmallocUsed:      129136 kB
VmallocChunk:          0 kB
Percpu:             6288 kB
CmaTotal:         405504 kB
CmaFree:               0 kB
MemTotal:        7922396 kB
MemFree:          672604 kB
MemAvailable:    2040288 kB
Buffers:           16112 kB
Cached:          1038892 kB
SwapCached:         2204 kB
Active:          1231032 kB
Inactive:        2157692 kB
Active(anon):     422896 kB
Inactive(anon):  1946480 kB
Active(file):     808136 kB
Inactive(file):   211212 kB
Unevictable:        6044 kB
Mlocked:            5604 kB
SwapTotal:       4718584 kB
SwapFree:        4326648 kB
Dirty:                92 kB
Writeback:             0 kB
AnonPages:       2337680 kB
