MemTotal:       12113144 kB
MemFree:         6391560 kB
MemAvailable:    8063292 kB
Buffers:            6676 kB
Cached:          1687472 kB
SwapCached:            0 kB
Active:          1505996 kB
Inactive:        1476400 kB
Active(anon):    1294680 kB
Inactive(anon):    22188 kB
Active(file):     211316 kB
Inactive(file):  1454212 kB
Unevictable:        5528 kB
Mlocked:            5528 kB
SwapTotal:       3145724 kB
SwapFree:        3145724 kB
Dirty:               308 kB
Writeback:             0 kB
AnonPages:       1294128 kB
Mapped:           815448 kB
Shmem:             24128 kB
KReclaimable:     874908 kB
Slab:             206508 kB
SReclaimable:      68176 kB
SUnreclaim:       138332 kB
KernelStack:       43012 kB
PageTables:        57332 kB
NFS_Unstable:          0 kB
Bounce:                0 kB
WritebackTmp:          0 kB
CommitLimit:     9202296 kB
Committed_AS:   58096272 kB
VmallocTotal:   263061440 kB
VmallocUsed:       99840 kB
VmallocChunk:          0 kB
Percpu:             7616 kB
CmaTotal:         294912 kB
CmaFree:               0 kB
MemTotal:       12113144 kB
MemFree:         6388932 kB
MemAvailable:    8060664 kB
Buffers:            6676 kB
Cached:          1687472 kB
SwapCached:            0 kB
Active:          1508340 kB
Inactive:        1476400 kB
Active(anon):    1297024 kB
Inactive(anon):    22188 kB
Active(file):     211316 kB
Inactive(file):  1454212 kB
Unevictable:        5528 kB
Mlocked:            5528 kB
SwapTotal:       3145724 kB
SwapFree:        3145724 kB
Dirty:               308 kB
Writeback:             0 kB
AnonPages:       1296184 kB
Mapped:           813140 kB
Shmem:             24128 kB
KReclaimable:     874908 kB
Slab:             206492 kB
SReclaimable:      68176 kB
SUnreclaim:       138316 kB
KernelStack:       43008 kB
PageTables:        57280 kB
NFS_Unstable:          0 kB
Bounce:                0 kB
WritebackTmp:          0 kB
CommitLimit:     9202296 kB
Committed_AS:   58096392 kB
VmallocTotal:   263061440 kB
VmallocUsed:       99904 kB
VmallocChunk:          0 kB
Percpu:             7616 kB
CmaTotal:         294912 kB
CmaFree:               0 kB
MemTotal:       12113144 kB
MemFree:         6388896 kB
MemAvailable:    8060628 kB
Buffers:            6676 kB
Cached:          1687472 kB
SwapCached:            0 kB
Active:          1508564 kB
Inactive:        1476400 kB
Active(anon):    1297248 kB
Inactive(anon):    22188 kB
Active(file):     211316 kB
Inactive(file):  1454212 kB
Unevictable:        5528 kB
Mlocked:            5528 kB
SwapTotal:       3145724 kB
SwapFree:        3145724 kB
Dirty:               312 kB
Writeback:             0 kB
AnonPages:       1296372 kB
Mapped:           813140 kB
Shmem:             24128 kB
KReclaimable:     874908 kB
Slab:             206492 kB
SReclaimable:      68176 kB
SUnreclaim:       138316 kB
KernelStack:       43008 kB
PageTables:        57272 kB
NFS_Unstable:          0 kB
Bounce:                0 kB
WritebackTmp:          0 kB
CommitLimit:     9202296 kB
Committed_AS:   58095996 kB
VmallocTotal:   263061440 kB
VmallocUsed:       99904 kB
VmallocChunk:          0 kB
Percpu:             7616 kB
CmaTotal:         294912 kB
CmaFree:               0 kB
MemTotal:       12113144 kB
MemFree:         6389844 kB
MemAvailable:    8061576 kB
Buffers:            6676 kB
Cached:          1687472 kB
SwapCached:            0 kB
Active:          1508884 kB
Inactive:        1476400 kB
Active(anon):    1297568 kB
Inactive(anon):    22188 kB
Active(file):     211316 kB
Inactive(file):  1454212 kB
Unevictable:        5528 kB
Mlocked:            5528 kB
SwapTotal:       3145724 kB
SwapFree:        3145724 kB
Dirty:               312 kB
Writeback:             0 kB
AnonPages:       1296704 kB
Mapped:           813140 kB
Shmem:             24128 kB
KReclaimable:     874908 kB
Slab:             206492 kB
SReclaimable:      68176 kB
SUnreclaim:       138316 kB
KernelStack:       43024 kB
PageTables:        57404 kB
NFS_Unstable:          0 kB
Bounce:                0 kB
WritebackTmp:          0 kB
CommitLimit:     9202296 kB
Committed_AS:   58101564 kB
VmallocTotal:   263061440 kB
VmallocUsed:       99904 kB
VmallocChunk:          0 kB
Percpu:             7616 kB
CmaTotal:         294912 kB
CmaFree:               0 kB
MemTotal:       12113144 kB
MemFree:         6388828 kB
MemAvailable:    8060560 kB
Buffers:            6676 kB
Cached:          1687472 kB
SwapCached:            0 kB
Active:          1509708 kB
Inactive:        1476400 kB
Active(anon):    1298392 kB
Inactive(anon):    22188 kB
Active(file):     211316 kB
Inactive(file):  1454212 kB
Unevictable:        5528 kB
Mlocked:            5528 kB
SwapTotal:       3145724 kB
SwapFree:        3145724 kB
Dirty:               324 kB
Writeback:             0 kB
AnonPages:       1297480 kB
Mapped:           813140 kB
Shmem:             24128 kB
KReclaimable:     874908 kB
Slab:             206492 kB
SReclaimable:      68176 kB
SUnreclaim:       138316 kB
KernelStack:       43008 kB
PageTables:        57272 kB
NFS_Unstable:          0 kB
Bounce:                0 kB
WritebackTmp:          0 kB
CommitLimit:     9202296 kB
Committed_AS:   58101256 kB
VmallocTotal:   263061440 kB
VmallocUsed:       99904 kB
VmallocChunk:          0 kB
Percpu:             7616 kB
CmaTotal:         294912 kB
CmaFree:               0 kB
MemTotal:       12113144 kB
MemFree:         6388096 kB
MemAvailable:    8059844 kB
Buffers:            6680 kB
Cached:          1687484 kB
SwapCached:            0 kB
Active:          1510316 kB
Inactive:        1476412 kB
Active(anon):    1298996 kB
Inactive(anon):    22188 kB
Active(file):     211320 kB
Inactive(file):  1454224 kB
Unevictable:        5528 kB
Mlocked:            5528 kB
SwapTotal:       3145724 kB
SwapFree:        3145724 kB
Dirty:               312 kB
Writeback:             0 kB
AnonPages:       1298200 kB
Mapped:           813140 kB
Shmem:             24128 kB
KReclaimable:     874908 kB
Slab:             206500 kB
SReclaimable:      68176 kB
SUnreclaim:       138324 kB
KernelStack:       43024 kB
PageTables:        57272 kB
NFS_Unstable:          0 kB
Bounce:                0 kB
WritebackTmp:          0 kB
CommitLimit:     9202296 kB
Committed_AS:   58106600 kB
VmallocTotal:   263061440 kB
VmallocUsed:       99904 kB
VmallocChunk:          0 kB
Percpu:             7616 kB
CmaTotal:         294912 kB
CmaFree:               0 kB
MemTotal:       12113144 kB
MemFree:         6394680 kB
MemAvailable:    8066428 kB
Buffers:            6680 kB
Cached:          1687484 kB
SwapCached:            0 kB
Active:          1503024 kB
Inactive:        1476412 kB
Active(anon):    1291704 kB
Inactive(anon):    22188 kB
Active(file):     211320 kB
Inactive(file):  1454224 kB
Unevictable:        5528 kB
Mlocked:            5528 kB
SwapTotal:       3145724 kB
SwapFree:        3145724 kB
Dirty:               312 kB
Writeback:             0 kB
AnonPages:       1290736 kB
Mapped:           813140 kB
Shmem:             24128 kB
KReclaimable:     874908 kB
Slab:             206500 kB
SReclaimable:      68176 kB
SUnreclaim:       138324 kB
KernelStack:       42992 kB
PageTables:        57264 kB
NFS_Unstable:          0 kB
Bounce:                0 kB
WritebackTmp:          0 kB
CommitLimit:     9202296 kB
Committed_AS:   58106528 kB
VmallocTotal:   263061440 kB
VmallocUsed:       99904 kB
VmallocChunk:          0 kB
Percpu:             7616 kB
CmaTotal:         294912 kB
CmaFree:               0 kB
MemTotal:       12113144 kB
MemFree:         6394276 kB
MemAvailable:    8066024 kB
Buffers:            6680 kB
Cached:          1687484 kB
SwapCached:            0 kB
Active:          1503304 kB
Inactive:        1476412 kB
Active(anon):    1291984 kB
Inactive(anon):    22188 kB
Active(file):     211320 kB
Inactive(file):  1454224 kB
Unevictable:        5528 kB
Mlocked:            5528 kB
SwapTotal:       3145724 kB
SwapFree:        3145724 kB
Dirty:               312 kB
Writeback:             0 kB
AnonPages:       1291152 kB
Mapped:           812880 kB
Shmem:             24128 kB
KReclaimable:     874908 kB
Slab:             206492 kB
SReclaimable:      68176 kB
SUnreclaim:       138316 kB
KernelStack:       42992 kB
PageTables:        57276 kB
NFS_Unstable:          0 kB
Bounce:                0 kB
WritebackTmp:          0 kB
CommitLimit:     9202296 kB
Committed_AS:   58106132 kB
VmallocTotal:   263061440 kB
VmallocUsed:       99904 kB
VmallocChunk:          0 kB
Percpu:             7616 kB
CmaTotal:         294912 kB
CmaFree:               0 kB
MemTotal:       12113144 kB
MemFree:         6394336 kB
MemAvailable:    8066084 kB
Buffers:            6680 kB
Cached:          1687484 kB
SwapCached:            0 kB
Active:          1503484 kB
Inactive:        1476412 kB
Active(anon):    1292164 kB
Inactive(anon):    22188 kB
Active(file):     211320 kB
Inactive(file):  1454224 kB
Unevictable:        5528 kB
Mlocked:            5528 kB
SwapTotal:       3145724 kB
SwapFree:        3145724 kB
Dirty:               316 kB
Writeback:             0 kB
AnonPages:       1291300 kB
Mapped:           813140 kB
Shmem:             24128 kB
KReclaimable:     874908 kB
Slab:             206500 kB
SReclaimable:      68176 kB
SUnreclaim:       138324 kB
KernelStack:       42992 kB
PageTables:        57268 kB
NFS_Unstable:          0 kB
Bounce:                0 kB
WritebackTmp:          0 kB
CommitLimit:     9202296 kB
Committed_AS:   58106352 kB
VmallocTotal:   263061440 kB
VmallocUsed:       99904 kB
VmallocChunk:          0 kB
Percpu:             7616 kB
CmaTotal:         294912 kB
CmaFree:               0 kB
MemTotal:       12113144 kB
MemFree:         6407640 kB
MemAvailable:    8079388 kB
Buffers:            6680 kB
Cached:          1687484 kB
SwapCached:            0 kB
Active:          1488980 kB
Inactive:        1476412 kB
Active(anon):    1277660 kB
Inactive(anon):    22188 kB
Active(file):     211320 kB
Inactive(file):  1454224 kB
Unevictable:        5528 kB
Mlocked:            5528 kB
SwapTotal:       3145724 kB
SwapFree:        3145724 kB
Dirty:               324 kB
Writeback:             0 kB
AnonPages:       1276880 kB
Mapped:           813140 kB
Shmem:             24128 kB
KReclaimable:     874908 kB
Slab:             206492 kB
SReclaimable:      68176 kB
SUnreclaim:       138316 kB
KernelStack:       42992 kB
PageTables:        57268 kB
NFS_Unstable:          0 kB
Bounce:                0 kB
WritebackTmp:          0 kB
CommitLimit:     9202296 kB
Committed_AS:   58106088 kB
VmallocTotal:   263061440 kB
VmallocUsed:       99888 kB
VmallocChunk:          0 kB
Percpu:             7616 kB
CmaTotal:         294912 kB
CmaFree:               0 kB
MemTotal:       12113144 kB
MemFree:         6401124 kB
MemAvailable:    8072872 kB
Buffers:            6680 kB
Cached:          1687484 kB
SwapCached:            0 kB
Active:          1497640 kB
Inactive:        1476412 kB
Active(anon):    1286320 kB
Inactive(anon):    22188 kB
Active(file):     211320 kB
Inactive(file):  1454224 kB
Unevictable:        5528 kB
Mlocked:            5528 kB
SwapTotal:       3145724 kB
SwapFree:        3145724 kB
Dirty:               324 kB
Writeback:             0 kB
AnonPages:       1285320 kB
Mapped:           813140 kB
Shmem:             24128 kB
KReclaimable:     874908 kB
Slab:             206500 kB
SReclaimable:      68176 kB
SUnreclaim:       138324 kB
KernelStack:       42992 kB
PageTables:        57268 kB
NFS_Unstable:          0 kB
Bounce:                0 kB
WritebackTmp:          0 kB
CommitLimit:     9202296 kB
Committed_AS:   58106104 kB
VmallocTotal:   263061440 kB
VmallocUsed:       99888 kB
VmallocChunk:          0 kB
Percpu:             7616 kB
CmaTotal:         294912 kB
CmaFree:               0 kB
MemTotal:       12113144 kB
MemFree:         6400212 kB
MemAvailable:    8071960 kB
Buffers:            6680 kB
Cached:          1687484 kB
SwapCached:            0 kB
Active:          1498016 kB
Inactive:        1476412 kB
Active(anon):    1286696 kB
Inactive(anon):    22188 kB
Active(file):     211320 kB
Inactive(file):  1454224 kB
Unevictable:        5528 kB
Mlocked:            5528 kB
SwapTotal:       3145724 kB
SwapFree:        3145724 kB
Dirty:               332 kB
Writeback:             0 kB
AnonPages:       1285792 kB
Mapped:           813140 kB
Shmem:             24128 kB
KReclaimable:     874908 kB
Slab:             206500 kB
SReclaimable:      68176 kB
SUnreclaim:       138324 kB
KernelStack:       42992 kB
PageTables:        57280 kB
NFS_Unstable:          0 kB
Bounce:                0 kB
WritebackTmp:          0 kB
CommitLimit:     9202296 kB
Committed_AS:   58105840 kB
VmallocTotal:   263061440 kB
VmallocUsed:       99904 kB
VmallocChunk:          0 kB
Percpu:             7616 kB
CmaTotal:         294912 kB
CmaFree:               0 kB
MemTotal:       12113144 kB
MemFree:         6399332 kB
MemAvailable:    8071080 kB
Buffers:            6680 kB
Cached:          1687484 kB
SwapCached:            0 kB
Active:          1498364 kB
Inactive:        1476412 kB
Active(anon):    1287044 kB
Inactive(anon):    22188 kB
Active(file):     211320 kB
Inactive(file):  1454224 kB
Unevictable:        5528 kB
Mlocked:            5528 kB
SwapTotal:       3145724 kB
SwapFree:        3145724 kB
Dirty:               332 kB
Writeback:             0 kB
AnonPages:       1286104 kB
Mapped:           813140 kB
Shmem:             24128 kB
KReclaimable:     874908 kB
Slab:             206500 kB
SReclaimable:      68176 kB
SUnreclaim:       138324 kB
KernelStack:       42992 kB
PageTables:        57272 kB
NFS_Unstable:          0 kB
Bounce:                0 kB
WritebackTmp:          0 kB
CommitLimit:     9202296 kB
Committed_AS:   58105892 kB
VmallocTotal:   263061440 kB
VmallocUsed:       99904 kB
VmallocChunk:          0 kB
Percpu:             7616 kB
CmaTotal:         294912 kB
CmaFree:               0 kB
MemTotal:       12113144 kB
MemFree:         6399164 kB
MemAvailable:    8070912 kB
Buffers:            6680 kB
Cached:          1687484 kB
SwapCached:            0 kB
Active:          1498808 kB
Inactive:        1476412 kB
Active(anon):    1287488 kB
Inactive(anon):    22188 kB
Active(file):     211320 kB
Inactive(file):  1454224 kB
Unevictable:        5528 kB
Mlocked:            5528 kB
SwapTotal:       3145724 kB
SwapFree:        3145724 kB
Dirty:               368 kB
Writeback:             0 kB
AnonPages:       1286780 kB
Mapped:           813140 kB
Shmem:             24128 kB
KReclaimable:     874908 kB
Slab:             206508 kB
SReclaimable:      68176 kB
SUnreclaim:       138332 kB
KernelStack:       42992 kB
PageTables:        57272 kB
NFS_Unstable:          0 kB
Bounce:                0 kB
WritebackTmp:          0 kB
CommitLimit:     9202296 kB
Committed_AS:   58106332 kB
VmallocTotal:   263061440 kB
VmallocUsed:       99920 kB
VmallocChunk:          0 kB
Percpu:             7616 kB
CmaTotal:         294912 kB
CmaFree:               0 kB
MemTotal:       12113144 kB
MemFree:         6398872 kB
MemAvailable:    8070628 kB
Buffers:            6680 kB
Cached:          1687492 kB
SwapCached:            0 kB
Active:          1499288 kB
Inactive:        1476420 kB
Active(anon):    1287968 kB
Inactive(anon):    22188 kB
Active(file):     211320 kB
Inactive(file):  1454232 kB
Unevictable:        5528 kB
Mlocked:            5528 kB
SwapTotal:       3145724 kB
SwapFree:        3145724 kB
Dirty:               388 kB
Writeback:             0 kB
AnonPages:       1287112 kB
Mapped:           813140 kB
Shmem:             24128 kB
KReclaimable:     874908 kB
Slab:             206508 kB
SReclaimable:      68176 kB
SUnreclaim:       138332 kB
KernelStack:       42992 kB
PageTables:        57272 kB
NFS_Unstable:          0 kB
Bounce:                0 kB
WritebackTmp:          0 kB
CommitLimit:     9202296 kB
Committed_AS:   58105980 kB
VmallocTotal:   263061440 kB
VmallocUsed:       99904 kB
VmallocChunk:          0 kB
Percpu:             7616 kB
CmaTotal:         294912 kB
CmaFree:               0 kB
MemTotal:       12113144 kB
MemFree:         6399348 kB
MemAvailable:    8071104 kB
Buffers:            6680 kB
Cached:          1687492 kB
SwapCached:            0 kB
Active:          1499128 kB
Inactive:        1476420 kB
Active(anon):    1287808 kB
Inactive(anon):    22188 kB
Active(file):     211320 kB
Inactive(file):  1454232 kB
Unevictable:        5528 kB
Mlocked:            5528 kB
SwapTotal:       3145724 kB
SwapFree:        3145724 kB
Dirty:               388 kB
Writeback:             0 kB
AnonPages:       1287172 kB
Mapped:           812880 kB
Shmem:             24128 kB
KReclaimable:     874908 kB
Slab:             206508 kB
SReclaimable:      68176 kB
SUnreclaim:       138332 kB
KernelStack:       42992 kB
PageTables:        57284 kB
NFS_Unstable:          0 kB
Bounce:                0 kB
WritebackTmp:          0 kB
CommitLimit:     9202296 kB
Committed_AS:   58100640 kB
VmallocTotal:   263061440 kB
VmallocUsed:       99904 kB
VmallocChunk:          0 kB
Percpu:             7616 kB
CmaTotal:         294912 kB
CmaFree:               0 kB
MemTotal:       12113144 kB
MemFree:         6399104 kB
MemAvailable:    8070860 kB
Buffers:            6680 kB
Cached:          1687492 kB
SwapCached:            0 kB
Active:          1499588 kB
Inactive:        1476420 kB
Active(anon):    1288268 kB
Inactive(anon):    22188 kB
Active(file):     211320 kB
Inactive(file):  1454232 kB
Unevictable:        5528 kB
Mlocked:            5528 kB
SwapTotal:       3145724 kB
SwapFree:        3145724 kB
Dirty:               388 kB
Writeback:             0 kB
AnonPages:       1287512 kB
Mapped:           813140 kB
Shmem:             24128 kB
KReclaimable:     874908 kB
Slab:             206500 kB
SReclaimable:      68176 kB
SUnreclaim:       138324 kB
KernelStack:       42976 kB
PageTables:        57284 kB
NFS_Unstable:          0 kB
Bounce:                0 kB
WritebackTmp:          0 kB
CommitLimit:     9202296 kB
Committed_AS:   58100420 kB
VmallocTotal:   263061440 kB
VmallocUsed:       99904 kB
VmallocChunk:          0 kB
Percpu:             7616 kB
CmaTotal:         294912 kB
CmaFree:               0 kB
MemTotal:       12113144 kB
MemFree:         6396804 kB
MemAvailable:    8068560 kB
Buffers:            6680 kB
Cached:          1687492 kB
SwapCached:            0 kB
Active:          1499660 kB
Inactive:        1476420 kB
Active(anon):    1288340 kB
Inactive(anon):    22188 kB
Active(file):     211320 kB
Inactive(file):  1454232 kB
Unevictable:        5528 kB
Mlocked:            5528 kB
SwapTotal:       3145724 kB
SwapFree:        3145724 kB
Dirty:               400 kB
Writeback:             0 kB
AnonPages:       1287744 kB
Mapped:           813140 kB
Shmem:             24128 kB
KReclaimable:     874908 kB
Slab:             206500 kB
SReclaimable:      68176 kB
SUnreclaim:       138324 kB
KernelStack:       42976 kB
PageTables:        57280 kB
NFS_Unstable:          0 kB
Bounce:                0 kB
WritebackTmp:          0 kB
CommitLimit:     9202296 kB
Committed_AS:   58106900 kB
VmallocTotal:   263061440 kB
VmallocUsed:       99920 kB
VmallocChunk:          0 kB
Percpu:             7616 kB
CmaTotal:         294912 kB
CmaFree:               0 kB
MemTotal:       12113144 kB
MemFree:         6396540 kB
MemAvailable:    8068296 kB
Buffers:            6680 kB
Cached:          1687492 kB
SwapCached:            0 kB
Active:          1500552 kB
Inactive:        1476420 kB
Active(anon):    1289232 kB
Inactive(anon):    22188 kB
Active(file):     211320 kB
Inactive(file):  1454232 kB
Unevictable:        5528 kB
Mlocked:            5528 kB
SwapTotal:       3145724 kB
SwapFree:        3145724 kB
Dirty:               400 kB
Writeback:             0 kB
AnonPages:       1288336 kB
Mapped:           812880 kB
Shmem:             24128 kB
KReclaimable:     874908 kB
Slab:             206508 kB
SReclaimable:      68176 kB
SUnreclaim:       138332 kB
KernelStack:       42976 kB
PageTables:        57272 kB
NFS_Unstable:          0 kB
Bounce:                0 kB
WritebackTmp:          0 kB
CommitLimit:     9202296 kB
Committed_AS:   58101460 kB
VmallocTotal:   263061440 kB
VmallocUsed:       99920 kB
VmallocChunk:          0 kB
Percpu:             7616 kB
CmaTotal:         294912 kB
CmaFree:               0 kB
MemTotal:       12113144 kB
MemFree:         6397200 kB
MemAvailable:    8068964 kB
Buffers:            6684 kB
Cached:          1687504 kB
SwapCached:            0 kB
Active:          1500612 kB
Inactive:        1476432 kB
Active(anon):    1289292 kB
Inactive(anon):    22192 kB
Active(file):     211320 kB
Inactive(file):  1454240 kB
Unevictable:        5528 kB
Mlocked:            5528 kB
SwapTotal:       3145724 kB
SwapFree:        3145724 kB
Dirty:               376 kB
Writeback:             0 kB
AnonPages:       1288384 kB
Mapped:           813156 kB
Shmem:             24132 kB
KReclaimable:     874908 kB
Slab:             206508 kB
SReclaimable:      68176 kB
SUnreclaim:       138332 kB
KernelStack:       42976 kB
PageTables:        57276 kB
NFS_Unstable:          0 kB
Bounce:                0 kB
WritebackTmp:          0 kB
CommitLimit:     9202296 kB
Committed_AS:   58096152 kB
VmallocTotal:   263061440 kB
VmallocUsed:       99920 kB
VmallocChunk:          0 kB
Percpu:             7616 kB
CmaTotal:         294912 kB
CmaFree:               0 kB
MemTotal:       12113144 kB
MemFree:         6396000 kB
MemAvailable:    8067768 kB
Buffers:            6684 kB
Cached:          1687504 kB
SwapCached:            0 kB
Active:          1501268 kB
Inactive:        1476432 kB
Active(anon):    1289944 kB
Inactive(anon):    22192 kB
Active(file):     211324 kB
Inactive(file):  1454240 kB
Unevictable:        5528 kB
Mlocked:            5528 kB
SwapTotal:       3145724 kB
SwapFree:        3145724 kB
Dirty:               380 kB
Writeback:             0 kB
AnonPages:       1289228 kB
Mapped:           813156 kB
Shmem:             24132 kB
KReclaimable:     874908 kB
Slab:             206508 kB
SReclaimable:      68176 kB
SUnreclaim:       138332 kB
KernelStack:       42992 kB
PageTables:        57276 kB
NFS_Unstable:          0 kB
Bounce:                0 kB
WritebackTmp:          0 kB
CommitLimit:     9202296 kB
Committed_AS:   58101284 kB
VmallocTotal:   263061440 kB
VmallocUsed:       99936 kB
VmallocChunk:          0 kB
Percpu:             7616 kB
CmaTotal:         294912 kB
CmaFree:               0 kB
MemTotal:       12113144 kB
MemFree:         6395784 kB
MemAvailable:    8067552 kB
Buffers:            6684 kB
Cached:          1687504 kB
SwapCached:            0 kB
Active:          1501456 kB
Inactive:        1476432 kB
Active(anon):    1290132 kB
Inactive(anon):    22192 kB
Active(file):     211324 kB
Inactive(file):  1454240 kB
Unevictable:        5528 kB
Mlocked:            5528 kB
SwapTotal:       3145724 kB
SwapFree:        3145724 kB
Dirty:               384 kB
Writeback:             0 kB
AnonPages:       1289456 kB
Mapped:           813156 kB
Shmem:             24132 kB
KReclaimable:     874908 kB
Slab:             206508 kB
SReclaimable:      68176 kB
SUnreclaim:       138332 kB
KernelStack:       43008 kB
PageTables:        57404 kB
NFS_Unstable:          0 kB
Bounce:                0 kB
WritebackTmp:          0 kB
CommitLimit:     9202296 kB
Committed_AS:   58101148 kB
VmallocTotal:   263061440 kB
VmallocUsed:       99888 kB
VmallocChunk:          0 kB
Percpu:             7616 kB
CmaTotal:         294912 kB
CmaFree:               0 kB
MemTotal:       12113144 kB
MemFree:         6395936 kB
MemAvailable:    8067704 kB
Buffers:            6684 kB
Cached:          1687504 kB
SwapCached:            0 kB
Active:          1501932 kB
Inactive:        1476432 kB
Active(anon):    1290608 kB
Inactive(anon):    22192 kB
Active(file):     211324 kB
Inactive(file):  1454240 kB
Unevictable:        5528 kB
Mlocked:            5528 kB
SwapTotal:       3145724 kB
SwapFree:        3145724 kB
Dirty:               384 kB
Writeback:             0 kB
AnonPages:       1289732 kB
Mapped:           813156 kB
Shmem:             24132 kB
KReclaimable:     874908 kB
Slab:             206508 kB
SReclaimable:      68176 kB
SUnreclaim:       138332 kB
KernelStack:       43024 kB
PageTables:        57276 kB
NFS_Unstable:          0 kB
Bounce:                0 kB
WritebackTmp:          0 kB
CommitLimit:     9202296 kB
Committed_AS:   58100848 kB
VmallocTotal:   263061440 kB
VmallocUsed:       99888 kB
VmallocChunk:          0 kB
Percpu:             7616 kB
CmaTotal:         294912 kB
CmaFree:               0 kB
MemTotal:       12113144 kB
MemFree:         6395628 kB
MemAvailable:    8067396 kB
Buffers:            6684 kB
Cached:          1687504 kB
SwapCached:            0 kB
Active:          1501988 kB
Inactive:        1476432 kB
Active(anon):    1290664 kB
Inactive(anon):    22192 kB
Active(file):     211324 kB
Inactive(file):  1454240 kB
Unevictable:        5528 kB
Mlocked:            5528 kB
SwapTotal:       3145724 kB
SwapFree:        3145724 kB
Dirty:               384 kB
Writeback:             0 kB
AnonPages:       1289708 kB
Mapped:           813156 kB
Shmem:             24132 kB
KReclaimable:     874908 kB
Slab:             206508 kB
SReclaimable:      68176 kB
SUnreclaim:       138332 kB
KernelStack:       43024 kB
PageTables:        57280 kB
NFS_Unstable:          0 kB
Bounce:                0 kB
WritebackTmp:          0 kB
CommitLimit:     9202296 kB
Committed_AS:   58100540 kB
VmallocTotal:   263061440 kB
VmallocUsed:       99920 kB
VmallocChunk:          0 kB
Percpu:             7616 kB
CmaTotal:         294912 kB
CmaFree:               0 kB
MemTotal:       12113144 kB
MemFree:         6394540 kB
MemAvailable:    8066308 kB
Buffers:            6684 kB
Cached:          1687504 kB
SwapCached:            0 kB
Active:          1502608 kB
Inactive:        1476432 kB
Active(anon):    1291284 kB
Inactive(anon):    22192 kB
Active(file):     211324 kB
Inactive(file):  1454240 kB
Unevictable:        5528 kB
Mlocked:            5528 kB
SwapTotal:       3145724 kB
SwapFree:        3145724 kB
Dirty:               152 kB
Writeback:             0 kB
AnonPages:       1290596 kB
Mapped:           813156 kB
Shmem:             24132 kB
KReclaimable:     874908 kB
Slab:             206540 kB
SReclaimable:      68176 kB
SUnreclaim:       138364 kB
KernelStack:       43024 kB
PageTables:        57280 kB
NFS_Unstable:          0 kB
Bounce:                0 kB
WritebackTmp:          0 kB
CommitLimit:     9202296 kB
Committed_AS:   58101352 kB
VmallocTotal:   263061440 kB
VmallocUsed:       99952 kB
VmallocChunk:          0 kB
Percpu:             7616 kB
CmaTotal:         294912 kB
CmaFree:               0 kB
MemTotal:       12113144 kB
MemFree:         6394044 kB
MemAvailable:    8065808 kB
Buffers:            6684 kB
Cached:          1687504 kB
SwapCached:            0 kB
Active:          1503732 kB
Inactive:        1476432 kB
Active(anon):    1292408 kB
Inactive(anon):    22192 kB
Active(file):     211324 kB
Inactive(file):  1454240 kB
Unevictable:        5528 kB
Mlocked:            5528 kB
SwapTotal:       3145724 kB
SwapFree:        3145724 kB
Dirty:               196 kB
Writeback:             0 kB
AnonPages:       1291412 kB
Mapped:           813240 kB
Shmem:             24132 kB
KReclaimable:     874904 kB
Slab:             206536 kB
SReclaimable:      68172 kB
SUnreclaim:       138364 kB
KernelStack:       43024 kB
PageTables:        57272 kB
NFS_Unstable:          0 kB
Bounce:                0 kB
WritebackTmp:          0 kB
CommitLimit:     9202296 kB
Committed_AS:   58104644 kB
VmallocTotal:   263061440 kB
VmallocUsed:       99952 kB
VmallocChunk:          0 kB
Percpu:             7616 kB
CmaTotal:         294912 kB
CmaFree:               0 kB
MemTotal:       12113144 kB
MemFree:         6393604 kB
MemAvailable:    8065368 kB
Buffers:            6684 kB
Cached:          1687504 kB
SwapCached:            0 kB
Active:          1504300 kB
Inactive:        1476432 kB
Active(anon):    1292976 kB
Inactive(anon):    22192 kB
Active(file):     211324 kB
Inactive(file):  1454240 kB
Unevictable:        5528 kB
Mlocked:            5528 kB
SwapTotal:       3145724 kB
SwapFree:        3145724 kB
Dirty:               228 kB
Writeback:             0 kB
AnonPages:       1292016 kB
Mapped:           813176 kB
Shmem:             24132 kB
KReclaimable:     874904 kB
Slab:             206536 kB
SReclaimable:      68172 kB
SUnreclaim:       138364 kB
KernelStack:       43072 kB
PageTables:        57248 kB
NFS_Unstable:          0 kB
Bounce:                0 kB
WritebackTmp:          0 kB
CommitLimit:     9202296 kB
Committed_AS:   58104968 kB
VmallocTotal:   263061440 kB
VmallocUsed:       99936 kB
VmallocChunk:          0 kB
Percpu:             7616 kB
CmaTotal:         294912 kB
CmaFree:               0 kB
MemTotal:       12113144 kB
MemFree:         6392872 kB
MemAvailable:    8064628 kB
Buffers:            6684 kB
Cached:          1687496 kB
SwapCached:            0 kB
Active:          1504276 kB
Inactive:        1476428 kB
Active(anon):    1292956 kB
Inactive(anon):    22192 kB
Active(file):     211320 kB
Inactive(file):  1454236 kB
Unevictable:        5528 kB
Mlocked:            5528 kB
SwapTotal:       3145724 kB
SwapFree:        3145724 kB
Dirty:               232 kB
Writeback:             0 kB
AnonPages:       1292220 kB
Mapped:           813240 kB
Shmem:             24132 kB
KReclaimable:     874904 kB
Slab:             206536 kB
SReclaimable:      68172 kB
SUnreclaim:       138364 kB
KernelStack:       43072 kB
PageTables:        57272 kB
NFS_Unstable:          0 kB
Bounce:                0 kB
WritebackTmp:          0 kB
CommitLimit:     9202296 kB
Committed_AS:   58104880 kB
VmallocTotal:   263061440 kB
VmallocUsed:       99952 kB
VmallocChunk:          0 kB
Percpu:             7616 kB
CmaTotal:         294912 kB
CmaFree:               0 kB
MemTotal:       12113144 kB
MemFree:         6392532 kB
MemAvailable:    8064308 kB
Buffers:            6684 kB
Cached:          1687516 kB
SwapCached:            0 kB
Active:          1504792 kB
Inactive:        1476440 kB
Active(anon):    1293464 kB
Inactive(anon):    22192 kB
Active(file):     211328 kB
Inactive(file):  1454248 kB
Unevictable:        5528 kB
Mlocked:            5528 kB
SwapTotal:       3145724 kB
SwapFree:        3145724 kB
Dirty:               240 kB
Writeback:             4 kB
AnonPages:       1292632 kB
Mapped:           813240 kB
Shmem:             24132 kB
KReclaimable:     874904 kB
Slab:             206536 kB
SReclaimable:      68172 kB
SUnreclaim:       138364 kB
KernelStack:       43072 kB
PageTables:        57272 kB
NFS_Unstable:          0 kB
Bounce:                0 kB
WritebackTmp:          0 kB
CommitLimit:     9202296 kB
Committed_AS:   58104844 kB
VmallocTotal:   263061440 kB
VmallocUsed:       99968 kB
VmallocChunk:          0 kB
Percpu:             7616 kB
CmaTotal:         294912 kB
CmaFree:               0 kB
MemTotal:       12113144 kB
MemFree:         6392656 kB
MemAvailable:    8064424 kB
Buffers:            6684 kB
Cached:          1687508 kB
SwapCached:            0 kB
Active:          1504764 kB
Inactive:        1476436 kB
Active(anon):    1293440 kB
Inactive(anon):    22192 kB
Active(file):     211324 kB
Inactive(file):  1454244 kB
Unevictable:        5528 kB
Mlocked:            5528 kB
SwapTotal:       3145724 kB
SwapFree:        3145724 kB
Dirty:               260 kB
Writeback:             0 kB
AnonPages:       1292692 kB
Mapped:           813240 kB
Shmem:             24132 kB
KReclaimable:     874904 kB
Slab:             206536 kB
SReclaimable:      68172 kB
SUnreclaim:       138364 kB
KernelStack:       43072 kB
PageTables:        57272 kB
NFS_Unstable:          0 kB
Bounce:                0 kB
WritebackTmp:          0 kB
CommitLimit:     9202296 kB
Committed_AS:   58104588 kB
VmallocTotal:   263061440 kB
VmallocUsed:       99952 kB
VmallocChunk:          0 kB
Percpu:             7616 kB
CmaTotal:         294912 kB
CmaFree:               0 kB
MemTotal:       12113144 kB
MemFree:         6391988 kB
MemAvailable:    8063756 kB
Buffers:            6684 kB
Cached:          1687508 kB
SwapCached:            0 kB
Active:          1505316 kB
Inactive:        1476436 kB
Active(anon):    1293992 kB
Inactive(anon):    22192 kB
Active(file):     211324 kB
Inactive(file):  1454244 kB
Unevictable:        5528 kB
Mlocked:            5528 kB
SwapTotal:       3145724 kB
SwapFree:        3145724 kB
Dirty:               260 kB
Writeback:             0 kB
AnonPages:       1292936 kB
Mapped:           813424 kB
Shmem:             24132 kB
KReclaimable:     874904 kB
Slab:             206536 kB
SReclaimable:      68172 kB
SUnreclaim:       138364 kB
KernelStack:       43120 kB
PageTables:        57440 kB
NFS_Unstable:          0 kB
Bounce:                0 kB
WritebackTmp:          0 kB
CommitLimit:     9202296 kB
Committed_AS:   58105276 kB
VmallocTotal:   263061440 kB
VmallocUsed:       99936 kB
VmallocChunk:          0 kB
Percpu:             7616 kB
CmaTotal:         294912 kB
CmaFree:               0 kB
MemTotal:       12113144 kB
MemFree:         6392540 kB
MemAvailable:    8064308 kB
Buffers:            6684 kB
Cached:          1687508 kB
SwapCached:            0 kB
Active:          1504764 kB
Inactive:        1476436 kB
Active(anon):    1293440 kB
Inactive(anon):    22192 kB
Active(file):     211324 kB
Inactive(file):  1454244 kB
Unevictable:        5528 kB
Mlocked:            5528 kB
SwapTotal:       3145724 kB
SwapFree:        3145724 kB
Dirty:               268 kB
Writeback:             0 kB
AnonPages:       1292764 kB
Mapped:           813176 kB
Shmem:             24132 kB
KReclaimable:     874904 kB
Slab:             206536 kB
SReclaimable:      68172 kB
SUnreclaim:       138364 kB
KernelStack:       43040 kB
PageTables:        57260 kB
NFS_Unstable:          0 kB
Bounce:                0 kB
WritebackTmp:          0 kB
CommitLimit:     9202296 kB
Committed_AS:   58107184 kB
VmallocTotal:   263061440 kB
VmallocUsed:       99968 kB
VmallocChunk:          0 kB
Percpu:             7616 kB
CmaTotal:         294912 kB
CmaFree:               0 kB
MemTotal:       12113144 kB
MemFree:         6392224 kB
MemAvailable:    8063992 kB
Buffers:            6684 kB
Cached:          1687508 kB
SwapCached:            0 kB
Active:          1505128 kB
Inactive:        1476436 kB
Active(anon):    1293804 kB
Inactive(anon):    22192 kB
Active(file):     211324 kB
Inactive(file):  1454244 kB
Unevictable:        5528 kB
Mlocked:            5528 kB
SwapTotal:       3145724 kB
SwapFree:        3145724 kB
Dirty:               268 kB
Writeback:             0 kB
AnonPages:       1292712 kB
Mapped:           812980 kB
Shmem:             24132 kB
KReclaimable:     874904 kB
Slab:             206536 kB
SReclaimable:      68172 kB
SUnreclaim:       138364 kB
KernelStack:       43072 kB
PageTables:        57276 kB
NFS_Unstable:          0 kB
Bounce:                0 kB
WritebackTmp:          0 kB
CommitLimit:     9202296 kB
Committed_AS:   58105808 kB
VmallocTotal:   263061440 kB
VmallocUsed:       99968 kB
VmallocChunk:          0 kB
Percpu:             7616 kB
CmaTotal:         294912 kB
CmaFree:               0 kB
MemTotal:       12113144 kB
MemFree:         6392624 kB
MemAvailable:    8064412 kB
Buffers:            6692 kB
Cached:          1687520 kB
SwapCached:            0 kB
Active:          1505680 kB
Inactive:        1476448 kB
Active(anon):    1294348 kB
Inactive(anon):    22192 kB
Active(file):     211332 kB
Inactive(file):  1454256 kB
Unevictable:        5528 kB
Mlocked:            5528 kB
SwapTotal:       3145724 kB
SwapFree:        3145724 kB
Dirty:               236 kB
Writeback:             0 kB
AnonPages:       1293628 kB
Mapped:           812980 kB
Shmem:             24132 kB
KReclaimable:     874904 kB
Slab:             206536 kB
SReclaimable:      68172 kB
SUnreclaim:       138364 kB
KernelStack:       43072 kB
PageTables:        57276 kB
NFS_Unstable:          0 kB
Bounce:                0 kB
WritebackTmp:          0 kB
CommitLimit:     9202296 kB
Committed_AS:   58105588 kB
VmallocTotal:   263061440 kB
VmallocUsed:       99984 kB
VmallocChunk:          0 kB
Percpu:             7616 kB
CmaTotal:         294912 kB
CmaFree:               0 kB
MemTotal:       12113144 kB
MemFree:         6391812 kB
MemAvailable:    8063600 kB
Buffers:            6692 kB
Cached:          1687520 kB
SwapCached:            0 kB
Active:          1506696 kB
Inactive:        1476448 kB
Active(anon):    1295364 kB
Inactive(anon):    22192 kB
Active(file):     211332 kB
Inactive(file):  1454256 kB
Unevictable:        5528 kB
Mlocked:            5528 kB
SwapTotal:       3145724 kB
SwapFree:        3145724 kB
Dirty:               236 kB
Writeback:             0 kB
AnonPages:       1294524 kB
Mapped:           813280 kB
Shmem:             24132 kB
KReclaimable:     874904 kB
Slab:             206528 kB
SReclaimable:      68172 kB
SUnreclaim:       138356 kB
KernelStack:       43072 kB
PageTables:        57288 kB
NFS_Unstable:          0 kB
Bounce:                0 kB
WritebackTmp:          0 kB
CommitLimit:     9202296 kB
Committed_AS:   58105368 kB
VmallocTotal:   263061440 kB
VmallocUsed:       99968 kB
VmallocChunk:          0 kB
Percpu:             7616 kB
CmaTotal:         294912 kB
CmaFree:               0 kB
MemTotal:       12113144 kB
MemFree:         6391112 kB
MemAvailable:    8062900 kB
Buffers:            6692 kB
Cached:          1687520 kB
SwapCached:            0 kB
Active:          1506460 kB
Inactive:        1476448 kB
Active(anon):    1295128 kB
Inactive(anon):    22192 kB
Active(file):     211332 kB
Inactive(file):  1454256 kB
Unevictable:        5528 kB
Mlocked:            5528 kB
SwapTotal:       3145724 kB
SwapFree:        3145724 kB
Dirty:               236 kB
Writeback:             0 kB
AnonPages:       1294028 kB
Mapped:           813280 kB
Shmem:             24132 kB
KReclaimable:     874904 kB
Slab:             206528 kB
SReclaimable:      68172 kB
SUnreclaim:       138356 kB
KernelStack:       43072 kB
PageTables:        57284 kB
NFS_Unstable:          0 kB
Bounce:                0 kB
WritebackTmp:          0 kB
CommitLimit:     9202296 kB
Committed_AS:   58106736 kB
VmallocTotal:   263061440 kB
VmallocUsed:       99952 kB
VmallocChunk:          0 kB
Percpu:             7616 kB
CmaTotal:         294912 kB
CmaFree:               0 kB
MemTotal:       12113144 kB
MemFree:         6390264 kB
MemAvailable:    8062052 kB
Buffers:            6692 kB
Cached:          1687520 kB
SwapCached:            0 kB
Active:          1506736 kB
Inactive:        1476448 kB
Active(anon):    1295404 kB
Inactive(anon):    22192 kB
Active(file):     211332 kB
Inactive(file):  1454256 kB
Unevictable:        5528 kB
Mlocked:            5528 kB
SwapTotal:       3145724 kB
SwapFree:        3145724 kB
Dirty:               240 kB
Writeback:             0 kB
AnonPages:       1294712 kB
Mapped:           813280 kB
Shmem:             24132 kB
KReclaimable:     874904 kB
Slab:             206528 kB
SReclaimable:      68172 kB
SUnreclaim:       138356 kB
KernelStack:       43072 kB
PageTables:        57288 kB
NFS_Unstable:          0 kB
Bounce:                0 kB
WritebackTmp:          0 kB
CommitLimit:     9202296 kB
Committed_AS:   58106460 kB
VmallocTotal:   263061440 kB
VmallocUsed:       99952 kB
VmallocChunk:          0 kB
Percpu:             7616 kB
CmaTotal:         294912 kB
CmaFree:               0 kB
MemTotal:       12113144 kB
MemFree:         6390156 kB
MemAvailable:    8061944 kB
Buffers:            6692 kB
Cached:          1687520 kB
SwapCached:            0 kB
Active:          1506216 kB
Inactive:        1476448 kB
Active(anon):    1294884 kB
Inactive(anon):    22192 kB
Active(file):     211332 kB
Inactive(file):  1454256 kB
Unevictable:        5528 kB
Mlocked:            5528 kB
SwapTotal:       3145724 kB
SwapFree:        3145724 kB
Dirty:               240 kB
Writeback:             0 kB
AnonPages:       1293996 kB
Mapped:           813036 kB
Shmem:             24132 kB
KReclaimable:     874904 kB
Slab:             206536 kB
SReclaimable:      68172 kB
SUnreclaim:       138364 kB
KernelStack:       43072 kB
PageTables:        57284 kB
NFS_Unstable:          0 kB
Bounce:                0 kB
WritebackTmp:          0 kB
CommitLimit:     9202296 kB
Committed_AS:   58106416 kB
VmallocTotal:   263061440 kB
VmallocUsed:       99936 kB
VmallocChunk:          0 kB
Percpu:             7616 kB
CmaTotal:         294912 kB
CmaFree:               0 kB
MemTotal:       12113144 kB
MemFree:         6390544 kB
MemAvailable:    8062332 kB
Buffers:            6692 kB
Cached:          1687520 kB
SwapCached:            0 kB
Active:          1506492 kB
Inactive:        1476448 kB
Active(anon):    1295160 kB
Inactive(anon):    22192 kB
Active(file):     211332 kB
Inactive(file):  1454256 kB
Unevictable:        5528 kB
Mlocked:            5528 kB
SwapTotal:       3145724 kB
SwapFree:        3145724 kB
Dirty:               240 kB
Writeback:             0 kB
AnonPages:       1294432 kB
Mapped:           813092 kB
Shmem:             24132 kB
KReclaimable:     874904 kB
Slab:             206528 kB
SReclaimable:      68172 kB
SUnreclaim:       138356 kB
KernelStack:       43072 kB
PageTables:        57244 kB
NFS_Unstable:          0 kB
Bounce:                0 kB
WritebackTmp:          0 kB
CommitLimit:     9202296 kB
Committed_AS:   58101132 kB
VmallocTotal:   263061440 kB
VmallocUsed:       99936 kB
VmallocChunk:          0 kB
Percpu:             7616 kB
CmaTotal:         294912 kB
CmaFree:               0 kB
MemTotal:       12113144 kB
MemFree:         6389772 kB
MemAvailable:    8061560 kB
Buffers:            6692 kB
Cached:          1687524 kB
SwapCached:            0 kB
Active:          1507564 kB
Inactive:        1476452 kB
Active(anon):    1296232 kB
Inactive(anon):    22196 kB
Active(file):     211332 kB
Inactive(file):  1454256 kB
Unevictable:        5528 kB
Mlocked:            5528 kB
SwapTotal:       3145724 kB
SwapFree:        3145724 kB
Dirty:               244 kB
Writeback:             0 kB
AnonPages:       1295416 kB
Mapped:           813040 kB
Shmem:             24136 kB
KReclaimable:     874904 kB
Slab:             206512 kB
SReclaimable:      68172 kB
SUnreclaim:       138340 kB
KernelStack:       43072 kB
PageTables:        57288 kB
NFS_Unstable:          0 kB
Bounce:                0 kB
WritebackTmp:          0 kB
CommitLimit:     9202296 kB
Committed_AS:   58102168 kB
VmallocTotal:   263061440 kB
VmallocUsed:       99936 kB
VmallocChunk:          0 kB
Percpu:             7616 kB
CmaTotal:         294912 kB
CmaFree:               0 kB
MemTotal:       12113144 kB
MemFree:         6388004 kB
MemAvailable:    8059792 kB
Buffers:            6692 kB
Cached:          1687524 kB
SwapCached:            0 kB
Active:          1507900 kB
Inactive:        1476452 kB
Active(anon):    1296568 kB
Inactive(anon):    22196 kB
Active(file):     211332 kB
Inactive(file):  1454256 kB
Unevictable:        5528 kB
Mlocked:            5528 kB
SwapTotal:       3145724 kB
SwapFree:        3145724 kB
Dirty:               244 kB
Writeback:             0 kB
AnonPages:       1295544 kB
Mapped:           813300 kB
Shmem:             24136 kB
KReclaimable:     874904 kB
Slab:             206512 kB
SReclaimable:      68172 kB
SUnreclaim:       138340 kB
KernelStack:       43072 kB
PageTables:        57272 kB
NFS_Unstable:          0 kB
Bounce:                0 kB
WritebackTmp:          0 kB
CommitLimit:     9202296 kB
Committed_AS:   58098356 kB
VmallocTotal:   263061440 kB
VmallocUsed:       99936 kB
VmallocChunk:          0 kB
Percpu:             7616 kB
CmaTotal:         294912 kB
CmaFree:               0 kB
MemTotal:       12113144 kB
MemFree:         6388532 kB
MemAvailable:    8060320 kB
Buffers:            6692 kB
Cached:          1687532 kB
SwapCached:            0 kB
Active:          1508348 kB
Inactive:        1476460 kB
Active(anon):    1297016 kB
Inactive(anon):    22204 kB
Active(file):     211332 kB
Inactive(file):  1454256 kB
Unevictable:        5528 kB
Mlocked:            5528 kB
SwapTotal:       3145724 kB
SwapFree:        3145724 kB
Dirty:               244 kB
Writeback:             0 kB
AnonPages:       1296240 kB
Mapped:           813308 kB
Shmem:             24144 kB
KReclaimable:     874904 kB
Slab:             206528 kB
SReclaimable:      68172 kB
SUnreclaim:       138356 kB
KernelStack:       43072 kB
PageTables:        57280 kB
NFS_Unstable:          0 kB
Bounce:                0 kB
WritebackTmp:          0 kB
CommitLimit:     9202296 kB
Committed_AS:   58098180 kB
VmallocTotal:   263061440 kB
VmallocUsed:       99936 kB
VmallocChunk:          0 kB
Percpu:             7616 kB
CmaTotal:         294912 kB
CmaFree:               0 kB
MemTotal:       12113144 kB
MemFree:         6388128 kB
MemAvailable:    8059916 kB
Buffers:            6692 kB
Cached:          1687532 kB
SwapCached:            0 kB
Active:          1508516 kB
Inactive:        1476460 kB
Active(anon):    1297184 kB
Inactive(anon):    22204 kB
Active(file):     211332 kB
Inactive(file):  1454256 kB
Unevictable:        5528 kB
Mlocked:            5528 kB
SwapTotal:       3145724 kB
SwapFree:        3145724 kB
Dirty:               244 kB
Writeback:             0 kB
AnonPages:       1296448 kB
Mapped:           813048 kB
Shmem:             24144 kB
KReclaimable:     874904 kB
Slab:             206520 kB
SReclaimable:      68172 kB
SUnreclaim:       138348 kB
KernelStack:       43072 kB
PageTables:        57280 kB
NFS_Unstable:          0 kB
Bounce:                0 kB
WritebackTmp:          0 kB
CommitLimit:     9202296 kB
Committed_AS:   58101908 kB
VmallocTotal:   263061440 kB
VmallocUsed:       99936 kB
VmallocChunk:          0 kB
Percpu:             7616 kB
CmaTotal:         294912 kB
CmaFree:               0 kB
MemTotal:       12113144 kB
MemFree:         6387492 kB
MemAvailable:    8059280 kB
Buffers:            6692 kB
Cached:          1687532 kB
SwapCached:            0 kB
Active:          1509960 kB
Inactive:        1476460 kB
Active(anon):    1298628 kB
Inactive(anon):    22204 kB
Active(file):     211332 kB
Inactive(file):  1454256 kB
Unevictable:        5528 kB
Mlocked:            5528 kB
SwapTotal:       3145724 kB
SwapFree:        3145724 kB
Dirty:               244 kB
Writeback:             0 kB
AnonPages:       1297804 kB
Mapped:           813308 kB
Shmem:             24144 kB
KReclaimable:     874904 kB
Slab:             206528 kB
SReclaimable:      68172 kB
SUnreclaim:       138356 kB
KernelStack:       43072 kB
PageTables:        57280 kB
NFS_Unstable:          0 kB
Bounce:                0 kB
WritebackTmp:          0 kB
CommitLimit:     9202296 kB
Committed_AS:   58101952 kB
VmallocTotal:   263061440 kB
VmallocUsed:       99936 kB
VmallocChunk:          0 kB
Percpu:             7616 kB
CmaTotal:         294912 kB
CmaFree:               0 kB
MemTotal:       12113144 kB
MemFree:         6387580 kB
MemAvailable:    8059372 kB
Buffers:            6692 kB
Cached:          1687536 kB
SwapCached:            0 kB
Active:          1509500 kB
Inactive:        1476464 kB
Active(anon):    1298168 kB
Inactive(anon):    22204 kB
Active(file):     211332 kB
Inactive(file):  1454260 kB
Unevictable:        5528 kB
Mlocked:            5528 kB
SwapTotal:       3145724 kB
SwapFree:        3145724 kB
Dirty:               264 kB
Writeback:             0 kB
AnonPages:       1297308 kB
Mapped:           813308 kB
Shmem:             24144 kB
KReclaimable:     874904 kB
Slab:             206536 kB
SReclaimable:      68172 kB
SUnreclaim:       138364 kB
KernelStack:       43072 kB
PageTables:        57284 kB
NFS_Unstable:          0 kB
Bounce:                0 kB
WritebackTmp:          0 kB
CommitLimit:     9202296 kB
Committed_AS:   58096388 kB
VmallocTotal:   263061440 kB
VmallocUsed:       99920 kB
VmallocChunk:          0 kB
Percpu:             7616 kB
CmaTotal:         294912 kB
CmaFree:               0 kB
MemTotal:       12113144 kB
MemFree:         6387240 kB
MemAvailable:    8059032 kB
Buffers:            6692 kB
Cached:          1687536 kB
SwapCached:            0 kB
Active:          1509836 kB
Inactive:        1476464 kB
Active(anon):    1298504 kB
Inactive(anon):    22204 kB
Active(file):     211332 kB
Inactive(file):  1454260 kB
Unevictable:        5528 kB
Mlocked:            5528 kB
SwapTotal:       3145724 kB
SwapFree:        3145724 kB
Dirty:               264 kB
Writeback:             0 kB
AnonPages:       1297628 kB
Mapped:           813308 kB
Shmem:             24144 kB
KReclaimable:     874904 kB
Slab:             206528 kB
SReclaimable:      68172 kB
SUnreclaim:       138356 kB
KernelStack:       43072 kB
PageTables:        57276 kB
NFS_Unstable:          0 kB
Bounce:                0 kB
WritebackTmp:          0 kB
CommitLimit:     9202296 kB
Committed_AS:   58096300 kB
VmallocTotal:   263061440 kB
VmallocUsed:       99936 kB
VmallocChunk:          0 kB
Percpu:             7616 kB
CmaTotal:         294912 kB
CmaFree:               0 kB
MemTotal:       12113144 kB
MemFree:         6387588 kB
MemAvailable:    8059380 kB
Buffers:            6692 kB
Cached:          1687536 kB
SwapCached:            0 kB
Active:          1510244 kB
Inactive:        1476464 kB
Active(anon):    1298912 kB
Inactive(anon):    22204 kB
Active(file):     211332 kB
Inactive(file):  1454260 kB
Unevictable:        5528 kB
Mlocked:            5528 kB
SwapTotal:       3145724 kB
SwapFree:        3145724 kB
Dirty:               264 kB
Writeback:             0 kB
AnonPages:       1297980 kB
Mapped:           813308 kB
Shmem:             24144 kB
KReclaimable:     874904 kB
Slab:             206528 kB
SReclaimable:      68172 kB
SUnreclaim:       138356 kB
KernelStack:       43072 kB
PageTables:        57284 kB
NFS_Unstable:          0 kB
Bounce:                0 kB
WritebackTmp:          0 kB
CommitLimit:     9202296 kB
Committed_AS:   58096124 kB
VmallocTotal:   263061440 kB
VmallocUsed:       99952 kB
VmallocChunk:          0 kB
Percpu:             7616 kB
CmaTotal:         294912 kB
CmaFree:               0 kB
MemTotal:       12113144 kB
MemFree:         6388240 kB
MemAvailable:    8060032 kB
Buffers:            6692 kB
Cached:          1687536 kB
SwapCached:            0 kB
Active:          1510752 kB
Inactive:        1476464 kB
Active(anon):    1299420 kB
Inactive(anon):    22204 kB
Active(file):     211332 kB
Inactive(file):  1454260 kB
Unevictable:        5528 kB
Mlocked:            5528 kB
SwapTotal:       3145724 kB
SwapFree:        3145724 kB
Dirty:               264 kB
Writeback:             0 kB
AnonPages:       1298564 kB
Mapped:           813308 kB
Shmem:             24144 kB
KReclaimable:     874904 kB
Slab:             206536 kB
SReclaimable:      68172 kB
SUnreclaim:       138364 kB
KernelStack:       43088 kB
PageTables:        57284 kB
NFS_Unstable:          0 kB
Bounce:                0 kB
WritebackTmp:          0 kB
CommitLimit:     9202296 kB
Committed_AS:   58106728 kB
VmallocTotal:   263061440 kB
VmallocUsed:       99952 kB
VmallocChunk:          0 kB
Percpu:             7616 kB
CmaTotal:         294912 kB
CmaFree:               0 kB
MemTotal:       12113144 kB
MemFree:         6387392 kB
MemAvailable:    8059184 kB
Buffers:            6692 kB
Cached:          1687536 kB
SwapCached:            0 kB
Active:          1511108 kB
Inactive:        1476464 kB
Active(anon):    1299776 kB
Inactive(anon):    22204 kB
Active(file):     211332 kB
Inactive(file):  1454260 kB
Unevictable:        5528 kB
Mlocked:            5528 kB
SwapTotal:       3145724 kB
SwapFree:        3145724 kB
Dirty:               264 kB
Writeback:             0 kB
AnonPages:       1298976 kB
Mapped:           813048 kB
Shmem:             24144 kB
KReclaimable:     874904 kB
Slab:             206536 kB
SReclaimable:      68172 kB
SUnreclaim:       138364 kB
KernelStack:       43072 kB
PageTables:        57276 kB
NFS_Unstable:          0 kB
Bounce:                0 kB
WritebackTmp:          0 kB
CommitLimit:     9202296 kB
Committed_AS:   58106728 kB
VmallocTotal:   263061440 kB
VmallocUsed:       99952 kB
VmallocChunk:          0 kB
Percpu:             7616 kB
CmaTotal:         294912 kB
CmaFree:               0 kB
MemTotal:       12113144 kB
MemFree:         6396804 kB
MemAvailable:    8068596 kB
Buffers:            6700 kB
Cached:          1687528 kB
SwapCached:            0 kB
Active:          1499020 kB
Inactive:        1476464 kB
Active(anon):    1287688 kB
Inactive(anon):    22204 kB
Active(file):     211332 kB
Inactive(file):  1454260 kB
Unevictable:        5528 kB
Mlocked:            5528 kB
SwapTotal:       3145724 kB
SwapFree:        3145724 kB
Dirty:               264 kB
Writeback:             0 kB
AnonPages:       1286852 kB
Mapped:           813308 kB
Shmem:             24144 kB
KReclaimable:     874904 kB
Slab:             206536 kB
SReclaimable:      68172 kB
SUnreclaim:       138364 kB
KernelStack:       43088 kB
PageTables:        57404 kB
NFS_Unstable:          0 kB
Bounce:                0 kB
WritebackTmp:          0 kB
CommitLimit:     9202296 kB
Committed_AS:   58101808 kB
VmallocTotal:   263061440 kB
VmallocUsed:       99920 kB
VmallocChunk:          0 kB
Percpu:             7616 kB
CmaTotal:         294912 kB
CmaFree:               0 kB
MemTotal:       12113144 kB
MemFree:         6397464 kB
MemAvailable:    8069276 kB
Buffers:            6700 kB
Cached:          1687548 kB
SwapCached:            0 kB
Active:          1499504 kB
Inactive:        1476476 kB
Active(anon):    1288164 kB
Inactive(anon):    22204 kB
Active(file):     211340 kB
Inactive(file):  1454272 kB
Unevictable:        5528 kB
Mlocked:            5528 kB
SwapTotal:       3145724 kB
SwapFree:        3145724 kB
Dirty:               248 kB
Writeback:             0 kB
AnonPages:       1287272 kB
Mapped:           813308 kB
Shmem:             24144 kB
KReclaimable:     874904 kB
Slab:             206536 kB
SReclaimable:      68172 kB
SUnreclaim:       138364 kB
KernelStack:       43072 kB
PageTables:        57276 kB
NFS_Unstable:          0 kB
Bounce:                0 kB
WritebackTmp:          0 kB
CommitLimit:     9202296 kB
Committed_AS:   58101860 kB
VmallocTotal:   263061440 kB
VmallocUsed:       99936 kB
VmallocChunk:          0 kB
Percpu:             7616 kB
CmaTotal:         294912 kB
CmaFree:               0 kB
MemTotal:       12113144 kB
MemFree:         6397408 kB
MemAvailable:    8069220 kB
Buffers:            6700 kB
Cached:          1687548 kB
SwapCached:            0 kB
Active:          1499900 kB
Inactive:        1476476 kB
Active(anon):    1288560 kB
Inactive(anon):    22204 kB
Active(file):     211340 kB
Inactive(file):  1454272 kB
Unevictable:        5528 kB
Mlocked:            5528 kB
SwapTotal:       3145724 kB
SwapFree:        3145724 kB
Dirty:               252 kB
Writeback:             0 kB
AnonPages:       1287744 kB
Mapped:           813308 kB
Shmem:             24144 kB
KReclaimable:     874904 kB
Slab:             206536 kB
SReclaimable:      68172 kB
SUnreclaim:       138364 kB
KernelStack:       43072 kB
PageTables:        57284 kB
NFS_Unstable:          0 kB
Bounce:                0 kB
WritebackTmp:          0 kB
CommitLimit:     9202296 kB
Committed_AS:   58107204 kB
VmallocTotal:   263061440 kB
VmallocUsed:       99968 kB
VmallocChunk:          0 kB
Percpu:             7616 kB
CmaTotal:         294912 kB
CmaFree:               0 kB
MemTotal:       12113144 kB
MemFree:         6407076 kB
MemAvailable:    8078888 kB
Buffers:            6700 kB
Cached:          1687548 kB
SwapCached:            0 kB
Active:          1491004 kB
Inactive:        1476476 kB
Active(anon):    1279664 kB
Inactive(anon):    22204 kB
Active(file):     211340 kB
Inactive(file):  1454272 kB
Unevictable:        5528 kB
Mlocked:            5528 kB
SwapTotal:       3145724 kB
SwapFree:        3145724 kB
Dirty:               252 kB
Writeback:             0 kB
AnonPages:       1278804 kB
Mapped:           813308 kB
Shmem:             24144 kB
KReclaimable:     874904 kB
Slab:             206544 kB
SReclaimable:      68172 kB
SUnreclaim:       138372 kB
KernelStack:       43072 kB
PageTables:        57284 kB
NFS_Unstable:          0 kB
Bounce:                0 kB
WritebackTmp:          0 kB
CommitLimit:     9202296 kB
Committed_AS:   58106852 kB
VmallocTotal:   263061440 kB
VmallocUsed:       99968 kB
VmallocChunk:          0 kB
Percpu:             7616 kB
CmaTotal:         294912 kB
CmaFree:               0 kB
MemTotal:       12113144 kB
MemFree:         6407516 kB
MemAvailable:    8079328 kB
Buffers:            6700 kB
Cached:          1687548 kB
SwapCached:            0 kB
Active:          1491488 kB
Inactive:        1476476 kB
Active(anon):    1280148 kB
Inactive(anon):    22204 kB
Active(file):     211340 kB
Inactive(file):  1454272 kB
Unevictable:        5528 kB
Mlocked:            5528 kB
SwapTotal:       3145724 kB
SwapFree:        3145724 kB
Dirty:               252 kB
Writeback:             0 kB
AnonPages:       1278772 kB
Mapped:           813048 kB
Shmem:             24144 kB
KReclaimable:     874904 kB
Slab:             206544 kB
SReclaimable:      68172 kB
SUnreclaim:       138372 kB
KernelStack:       43072 kB
PageTables:        57268 kB
NFS_Unstable:          0 kB
Bounce:                0 kB
WritebackTmp:          0 kB
CommitLimit:     9202296 kB
Committed_AS:   58106956 kB
VmallocTotal:   263061440 kB
VmallocUsed:       99968 kB
VmallocChunk:          0 kB
Percpu:             7616 kB
CmaTotal:         294912 kB
CmaFree:               0 kB
MemTotal:       12113144 kB
MemFree:         6407008 kB
MemAvailable:    8078820 kB
Buffers:            6700 kB
Cached:          1687548 kB
SwapCached:            0 kB
Active:          1491168 kB
Inactive:        1476476 kB
Active(anon):    1279828 kB
Inactive(anon):    22204 kB
Active(file):     211340 kB
Inactive(file):  1454272 kB
Unevictable:        5528 kB
Mlocked:            5528 kB
SwapTotal:       3145724 kB
SwapFree:        3145724 kB
Dirty:               252 kB
Writeback:             0 kB
AnonPages:       1279008 kB
Mapped:           813048 kB
Shmem:             24144 kB
KReclaimable:     874904 kB
Slab:             206544 kB
SReclaimable:      68172 kB
SUnreclaim:       138372 kB
KernelStack:       43072 kB
PageTables:        57284 kB
NFS_Unstable:          0 kB
Bounce:                0 kB
WritebackTmp:          0 kB
CommitLimit:     9202296 kB
Committed_AS:   58106332 kB
VmallocTotal:   263061440 kB
VmallocUsed:       99968 kB
VmallocChunk:          0 kB
Percpu:             7616 kB
CmaTotal:         294912 kB
CmaFree:               0 kB
MemTotal:       12113144 kB
MemFree:         6406032 kB
MemAvailable:    8077844 kB
Buffers:            6700 kB
Cached:          1687548 kB
SwapCached:            0 kB
Active:          1491664 kB
Inactive:        1476476 kB
Active(anon):    1280324 kB
Inactive(anon):    22204 kB
Active(file):     211340 kB
Inactive(file):  1454272 kB
Unevictable:        5528 kB
Mlocked:            5528 kB
SwapTotal:       3145724 kB
SwapFree:        3145724 kB
Dirty:               252 kB
Writeback:             0 kB
AnonPages:       1279496 kB
Mapped:           813048 kB
Shmem:             24144 kB
KReclaimable:     874904 kB
Slab:             206544 kB
SReclaimable:      68172 kB
SUnreclaim:       138372 kB
KernelStack:       43072 kB
PageTables:        57284 kB
NFS_Unstable:          0 kB
Bounce:                0 kB
WritebackTmp:          0 kB
CommitLimit:     9202296 kB
Committed_AS:   58106336 kB
VmallocTotal:   263061440 kB
VmallocUsed:       99968 kB
VmallocChunk:          0 kB
Percpu:             7616 kB
CmaTotal:         294912 kB
CmaFree:               0 kB
MemTotal:       12113144 kB
MemFree:         6412336 kB
MemAvailable:    8084148 kB
Buffers:            6700 kB
Cached:          1687548 kB
SwapCached:            0 kB
Active:          1485600 kB
Inactive:        1476476 kB
Active(anon):    1274260 kB
Inactive(anon):    22204 kB
Active(file):     211340 kB
Inactive(file):  1454272 kB
Unevictable:        5528 kB
Mlocked:            5528 kB
SwapTotal:       3145724 kB
SwapFree:        3145724 kB
Dirty:               252 kB
Writeback:             0 kB
AnonPages:       1273460 kB
Mapped:           813048 kB
Shmem:             24144 kB
KReclaimable:     874904 kB
Slab:             206544 kB
SReclaimable:      68172 kB
SUnreclaim:       138372 kB
KernelStack:       43072 kB
PageTables:        57288 kB
NFS_Unstable:          0 kB
Bounce:                0 kB
WritebackTmp:          0 kB
CommitLimit:     9202296 kB
Committed_AS:   58106028 kB
VmallocTotal:   263061440 kB
VmallocUsed:       99984 kB
VmallocChunk:          0 kB
Percpu:             7616 kB
CmaTotal:         294912 kB
CmaFree:               0 kB
MemTotal:       12113144 kB
MemFree:         6410952 kB
MemAvailable:    8082764 kB
Buffers:            6700 kB
Cached:          1687548 kB
SwapCached:            0 kB
Active:          1485920 kB
Inactive:        1476476 kB
Active(anon):    1274580 kB
Inactive(anon):    22204 kB
Active(file):     211340 kB
Inactive(file):  1454272 kB
Unevictable:        5528 kB
Mlocked:            5528 kB
SwapTotal:       3145724 kB
SwapFree:        3145724 kB
Dirty:               252 kB
Writeback:             0 kB
AnonPages:       1273812 kB
Mapped:           813308 kB
Shmem:             24144 kB
KReclaimable:     874904 kB
Slab:             206544 kB
SReclaimable:      68172 kB
SUnreclaim:       138372 kB
KernelStack:       43072 kB
PageTables:        57280 kB
NFS_Unstable:          0 kB
Bounce:                0 kB
WritebackTmp:          0 kB
CommitLimit:     9202296 kB
Committed_AS:   58105676 kB
VmallocTotal:   263061440 kB
VmallocUsed:       99968 kB
VmallocChunk:          0 kB
Percpu:             7616 kB
CmaTotal:         294912 kB
CmaFree:               0 kB
MemTotal:       12113144 kB
MemFree:         6410692 kB
MemAvailable:    8082504 kB
Buffers:            6700 kB
Cached:          1687548 kB
SwapCached:            0 kB
Active:          1486292 kB
Inactive:        1476476 kB
Active(anon):    1274952 kB
Inactive(anon):    22204 kB
Active(file):     211340 kB
Inactive(file):  1454272 kB
Unevictable:        5528 kB
Mlocked:            5528 kB
SwapTotal:       3145724 kB
SwapFree:        3145724 kB
Dirty:               252 kB
Writeback:             0 kB
AnonPages:       1274144 kB
Mapped:           813308 kB
Shmem:             24144 kB
KReclaimable:     874904 kB
Slab:             206544 kB
SReclaimable:      68172 kB
SUnreclaim:       138372 kB
KernelStack:       43072 kB
PageTables:        57276 kB
NFS_Unstable:          0 kB
Bounce:                0 kB
WritebackTmp:          0 kB
CommitLimit:     9202296 kB
Committed_AS:   58105280 kB
VmallocTotal:   263061440 kB
VmallocUsed:       99920 kB
VmallocChunk:          0 kB
Percpu:             7616 kB
CmaTotal:         294912 kB
CmaFree:               0 kB
MemTotal:       12113144 kB
MemFree:         6410612 kB
MemAvailable:    8082424 kB
Buffers:            6700 kB
Cached:          1687548 kB
SwapCached:            0 kB
Active:          1486984 kB
Inactive:        1476476 kB
Active(anon):    1275644 kB
Inactive(anon):    22204 kB
Active(file):     211340 kB
Inactive(file):  1454272 kB
Unevictable:        5528 kB
Mlocked:            5528 kB
SwapTotal:       3145724 kB
SwapFree:        3145724 kB
Dirty:               192 kB
Writeback:             0 kB
AnonPages:       1274932 kB
Mapped:           813292 kB
Shmem:             24144 kB
KReclaimable:     874904 kB
Slab:             206544 kB
SReclaimable:      68172 kB
SUnreclaim:       138372 kB
KernelStack:       43072 kB
PageTables:        57204 kB
NFS_Unstable:          0 kB
Bounce:                0 kB
WritebackTmp:          0 kB
CommitLimit:     9202296 kB
Committed_AS:   58105836 kB
VmallocTotal:   263061440 kB
VmallocUsed:       99936 kB
VmallocChunk:          0 kB
Percpu:             7616 kB
CmaTotal:         294912 kB
CmaFree:               0 kB
MemTotal:       12113144 kB
MemFree:         6409092 kB
MemAvailable:    8080904 kB
Buffers:            6700 kB
Cached:          1687548 kB
SwapCached:            0 kB
Active:          1487408 kB
Inactive:        1476476 kB
Active(anon):    1276068 kB
Inactive(anon):    22204 kB
Active(file):     211340 kB
Inactive(file):  1454272 kB
Unevictable:        5528 kB
Mlocked:            5528 kB
SwapTotal:       3145724 kB
SwapFree:        3145724 kB
Dirty:               196 kB
Writeback:             0 kB
AnonPages:       1275292 kB
Mapped:           813048 kB
Shmem:             24144 kB
KReclaimable:     874904 kB
Slab:             206544 kB
SReclaimable:      68172 kB
SUnreclaim:       138372 kB
KernelStack:       43072 kB
PageTables:        57280 kB
NFS_Unstable:          0 kB
Bounce:                0 kB
WritebackTmp:          0 kB
CommitLimit:     9202296 kB
Committed_AS:   58106736 kB
VmallocTotal:   263061440 kB
VmallocUsed:       99952 kB
VmallocChunk:          0 kB
Percpu:             7616 kB
CmaTotal:         294912 kB
CmaFree:               0 kB
MemTotal:       12113144 kB
MemFree:         6408724 kB
MemAvailable:    8080536 kB
Buffers:            6700 kB
Cached:          1687548 kB
SwapCached:            0 kB
Active:          1487816 kB
Inactive:        1476476 kB
Active(anon):    1276476 kB
Inactive(anon):    22204 kB
Active(file):     211340 kB
Inactive(file):  1454272 kB
Unevictable:        5528 kB
Mlocked:            5528 kB
SwapTotal:       3145724 kB
SwapFree:        3145724 kB
Dirty:               240 kB
Writeback:             0 kB
AnonPages:       1275708 kB
Mapped:           813308 kB
Shmem:             24144 kB
KReclaimable:     874904 kB
Slab:             206536 kB
SReclaimable:      68172 kB
SUnreclaim:       138364 kB
KernelStack:       43104 kB
PageTables:        57284 kB
NFS_Unstable:          0 kB
Bounce:                0 kB
WritebackTmp:          0 kB
CommitLimit:     9202296 kB
Committed_AS:   58106252 kB
VmallocTotal:   263061440 kB
VmallocUsed:       99920 kB
VmallocChunk:          0 kB
Percpu:             7616 kB
CmaTotal:         294912 kB
CmaFree:               0 kB
MemTotal:       12113144 kB
MemFree:         6408664 kB
MemAvailable:    8080476 kB
Buffers:            6700 kB
Cached:          1687548 kB
SwapCached:            0 kB
Active:          1488156 kB
Inactive:        1476476 kB
Active(anon):    1276816 kB
Inactive(anon):    22204 kB
Active(file):     211340 kB
Inactive(file):  1454272 kB
Unevictable:        5528 kB
Mlocked:            5528 kB
SwapTotal:       3145724 kB
SwapFree:        3145724 kB
Dirty:               244 kB
Writeback:             0 kB
AnonPages:       1276132 kB
Mapped:           813308 kB
Shmem:             24144 kB
KReclaimable:     874904 kB
Slab:             206536 kB
SReclaimable:      68172 kB
SUnreclaim:       138364 kB
KernelStack:       43072 kB
PageTables:        57280 kB
NFS_Unstable:          0 kB
Bounce:                0 kB
WritebackTmp:          0 kB
CommitLimit:     9202296 kB
Committed_AS:   58106208 kB
VmallocTotal:   263061440 kB
VmallocUsed:       99952 kB
VmallocChunk:          0 kB
Percpu:             7616 kB
CmaTotal:         294912 kB
CmaFree:               0 kB
MemTotal:       12113144 kB
MemFree:         6408440 kB
MemAvailable:    8080252 kB
Buffers:            6700 kB
Cached:          1687548 kB
SwapCached:            0 kB
Active:          1488524 kB
Inactive:        1476476 kB
Active(anon):    1277184 kB
Inactive(anon):    22204 kB
Active(file):     211340 kB
Inactive(file):  1454272 kB
Unevictable:        5528 kB
Mlocked:            5528 kB
SwapTotal:       3145724 kB
SwapFree:        3145724 kB
Dirty:               244 kB
Writeback:             0 kB
AnonPages:       1276312 kB
Mapped:           813308 kB
Shmem:             24144 kB
KReclaimable:     874904 kB
Slab:             206536 kB
SReclaimable:      68172 kB
SUnreclaim:       138364 kB
KernelStack:       43072 kB
PageTables:        57288 kB
NFS_Unstable:          0 kB
Bounce:                0 kB
WritebackTmp:          0 kB
CommitLimit:     9202296 kB
Committed_AS:   58106484 kB
VmallocTotal:   263061440 kB
VmallocUsed:       99984 kB
VmallocChunk:          0 kB
Percpu:             7616 kB
CmaTotal:         294912 kB
CmaFree:               0 kB
MemTotal:       12113144 kB
MemFree:         6407240 kB
MemAvailable:    8079052 kB
Buffers:            6700 kB
Cached:          1687548 kB
SwapCached:            0 kB
Active:          1489160 kB
Inactive:        1476476 kB
Active(anon):    1277820 kB
Inactive(anon):    22204 kB
Active(file):     211340 kB
Inactive(file):  1454272 kB
Unevictable:        5528 kB
Mlocked:            5528 kB
SwapTotal:       3145724 kB
SwapFree:        3145724 kB
Dirty:               244 kB
Writeback:             0 kB
AnonPages:       1276884 kB
Mapped:           813048 kB
Shmem:             24144 kB
KReclaimable:     874904 kB
Slab:             206536 kB
SReclaimable:      68172 kB
SUnreclaim:       138364 kB
KernelStack:       43072 kB
PageTables:        57276 kB
NFS_Unstable:          0 kB
Bounce:                0 kB
WritebackTmp:          0 kB
CommitLimit:     9202296 kB
Committed_AS:   58106828 kB
VmallocTotal:   263061440 kB
VmallocUsed:       99968 kB
VmallocChunk:          0 kB
Percpu:             7616 kB
CmaTotal:         294912 kB
CmaFree:               0 kB
MemTotal:       12113144 kB
MemFree:         6407240 kB
MemAvailable:    8079064 kB
Buffers:            6704 kB
Cached:          1687556 kB
SwapCached:            0 kB
Active:          1490172 kB
Inactive:        1476484 kB
Active(anon):    1278828 kB
Inactive(anon):    22204 kB
Active(file):     211344 kB
Inactive(file):  1454280 kB
Unevictable:        5528 kB
Mlocked:            5528 kB
SwapTotal:       3145724 kB
SwapFree:        3145724 kB
Dirty:               228 kB
Writeback:             0 kB
AnonPages:       1277840 kB
Mapped:           813308 kB
Shmem:             24144 kB
KReclaimable:     874904 kB
Slab:             206536 kB
SReclaimable:      68172 kB
SUnreclaim:       138364 kB
KernelStack:       43056 kB
PageTables:        57280 kB
NFS_Unstable:          0 kB
Bounce:                0 kB
WritebackTmp:          0 kB
CommitLimit:     9202296 kB
Committed_AS:   58106148 kB
VmallocTotal:   263061440 kB
VmallocUsed:       99904 kB
VmallocChunk:          0 kB
Percpu:             7616 kB
CmaTotal:         294912 kB
CmaFree:               0 kB
MemTotal:       12113144 kB
MemFree:         6406108 kB
MemAvailable:    8077932 kB
Buffers:            6704 kB
Cached:          1687556 kB
SwapCached:            0 kB
Active:          1490408 kB
Inactive:        1476484 kB
Active(anon):    1279064 kB
Inactive(anon):    22204 kB
Active(file):     211344 kB
Inactive(file):  1454280 kB
Unevictable:        5528 kB
Mlocked:            5528 kB
SwapTotal:       3145724 kB
SwapFree:        3145724 kB
Dirty:               232 kB
Writeback:             0 kB
AnonPages:       1278288 kB
Mapped:           813308 kB
Shmem:             24144 kB
KReclaimable:     874904 kB
Slab:             206536 kB
SReclaimable:      68172 kB
SUnreclaim:       138364 kB
KernelStack:       43056 kB
PageTables:        57276 kB
NFS_Unstable:          0 kB
Bounce:                0 kB
WritebackTmp:          0 kB
CommitLimit:     9202296 kB
Committed_AS:   58105744 kB
VmallocTotal:   263061440 kB
VmallocUsed:       99936 kB
VmallocChunk:          0 kB
Percpu:             7616 kB
CmaTotal:         294912 kB
CmaFree:               0 kB
MemTotal:       12113144 kB
MemFree:         6407052 kB
MemAvailable:    8078876 kB
Buffers:            6704 kB
Cached:          1687556 kB
SwapCached:            0 kB
Active:          1490048 kB
Inactive:        1476484 kB
Active(anon):    1278704 kB
Inactive(anon):    22204 kB
Active(file):     211344 kB
Inactive(file):  1454280 kB
Unevictable:        5528 kB
Mlocked:            5528 kB
SwapTotal:       3145724 kB
SwapFree:        3145724 kB
Dirty:               232 kB
Writeback:             0 kB
AnonPages:       1277848 kB
Mapped:           813048 kB
Shmem:             24144 kB
KReclaimable:     874904 kB
Slab:             206536 kB
SReclaimable:      68172 kB
SUnreclaim:       138364 kB
KernelStack:       43056 kB
PageTables:        57276 kB
NFS_Unstable:          0 kB
Bounce:                0 kB
WritebackTmp:          0 kB
CommitLimit:     9202296 kB
Committed_AS:   58106044 kB
VmallocTotal:   263061440 kB
VmallocUsed:       99920 kB
VmallocChunk:          0 kB
Percpu:             7616 kB
CmaTotal:         294912 kB
CmaFree:               0 kB
MemTotal:       12113144 kB
MemFree:         6407108 kB
MemAvailable:    8078932 kB
Buffers:            6704 kB
Cached:          1687556 kB
SwapCached:            0 kB
Active:          1490424 kB
Inactive:        1476484 kB
Active(anon):    1279080 kB
Inactive(anon):    22204 kB
Active(file):     211344 kB
Inactive(file):  1454280 kB
Unevictable:        5528 kB
Mlocked:            5528 kB
SwapTotal:       3145724 kB
SwapFree:        3145724 kB
Dirty:               232 kB
Writeback:             0 kB
AnonPages:       1278264 kB
Mapped:           813308 kB
Shmem:             24144 kB
KReclaimable:     874904 kB
Slab:             206536 kB
SReclaimable:      68172 kB
SUnreclaim:       138364 kB
KernelStack:       43056 kB
PageTables:        57276 kB
NFS_Unstable:          0 kB
Bounce:                0 kB
WritebackTmp:          0 kB
CommitLimit:     9202296 kB
Committed_AS:   58106288 kB
VmallocTotal:   263061440 kB
VmallocUsed:       99936 kB
VmallocChunk:          0 kB
Percpu:             7616 kB
CmaTotal:         294912 kB
CmaFree:               0 kB
MemTotal:       12113144 kB
MemFree:         6406516 kB
MemAvailable:    8078340 kB
Buffers:            6704 kB
Cached:          1687556 kB
SwapCached:            0 kB
Active:          1491108 kB
Inactive:        1476484 kB
Active(anon):    1279764 kB
Inactive(anon):    22204 kB
Active(file):     211344 kB
Inactive(file):  1454280 kB
Unevictable:        5528 kB
Mlocked:            5528 kB
SwapTotal:       3145724 kB
SwapFree:        3145724 kB
Dirty:               244 kB
Writeback:             0 kB
AnonPages:       1278896 kB
Mapped:           813048 kB
Shmem:             24144 kB
KReclaimable:     874904 kB
Slab:             206536 kB
SReclaimable:      68172 kB
SUnreclaim:       138364 kB
KernelStack:       43056 kB
PageTables:        57276 kB
NFS_Unstable:          0 kB
Bounce:                0 kB
WritebackTmp:          0 kB
CommitLimit:     9202296 kB
Committed_AS:   58106000 kB
VmallocTotal:   263061440 kB
VmallocUsed:       99952 kB
VmallocChunk:          0 kB
Percpu:             7616 kB
CmaTotal:         294912 kB
CmaFree:               0 kB
MemTotal:       12113144 kB
MemFree:         6385184 kB
MemAvailable:    8057008 kB
Buffers:            6704 kB
Cached:          1687556 kB
SwapCached:            0 kB
Active:          1510928 kB
Inactive:        1476484 kB
Active(anon):    1299584 kB
Inactive(anon):    22204 kB
Active(file):     211344 kB
Inactive(file):  1454280 kB
Unevictable:        5528 kB
Mlocked:            5528 kB
SwapTotal:       3145724 kB
SwapFree:        3145724 kB
Dirty:               244 kB
Writeback:             0 kB
AnonPages:       1298684 kB
Mapped:           813308 kB
Shmem:             24144 kB
KReclaimable:     874904 kB
Slab:             206536 kB
SReclaimable:      68172 kB
SUnreclaim:       138364 kB
KernelStack:       43072 kB
PageTables:        57404 kB
NFS_Unstable:          0 kB
Bounce:                0 kB
WritebackTmp:          0 kB
CommitLimit:     9202296 kB
Committed_AS:   58106940 kB
VmallocTotal:   263061440 kB
VmallocUsed:       99952 kB
VmallocChunk:          0 kB
Percpu:             7616 kB
CmaTotal:         294912 kB
CmaFree:               0 kB
MemTotal:       12113144 kB
MemFree:         6385680 kB
MemAvailable:    8057504 kB
Buffers:            6704 kB
Cached:          1687556 kB
SwapCached:            0 kB
Active:          1511556 kB
Inactive:        1476484 kB
Active(anon):    1300212 kB
Inactive(anon):    22204 kB
Active(file):     211344 kB
Inactive(file):  1454280 kB
Unevictable:        5528 kB
Mlocked:            5528 kB
SwapTotal:       3145724 kB
SwapFree:        3145724 kB
Dirty:               256 kB
Writeback:             0 kB
AnonPages:       1299476 kB
Mapped:           813308 kB
Shmem:             24144 kB
KReclaimable:     874904 kB
Slab:             206528 kB
SReclaimable:      68172 kB
SUnreclaim:       138356 kB
KernelStack:       43056 kB
PageTables:        57280 kB
NFS_Unstable:          0 kB
Bounce:                0 kB
WritebackTmp:          0 kB
CommitLimit:     9202296 kB
Committed_AS:   58106772 kB
VmallocTotal:   263061440 kB
VmallocUsed:       99936 kB
VmallocChunk:          0 kB
Percpu:             7616 kB
CmaTotal:         294912 kB
CmaFree:               0 kB
MemTotal:       12113144 kB
MemFree:         6386272 kB
MemAvailable:    8058096 kB
Buffers:            6704 kB
Cached:          1687556 kB
SwapCached:            0 kB
Active:          1511708 kB
Inactive:        1476484 kB
Active(anon):    1300364 kB
Inactive(anon):    22204 kB
Active(file):     211344 kB
Inactive(file):  1454280 kB
Unevictable:        5528 kB
Mlocked:            5528 kB
SwapTotal:       3145724 kB
SwapFree:        3145724 kB
Dirty:               256 kB
Writeback:             0 kB
AnonPages:       1299552 kB
Mapped:           813308 kB
Shmem:             24144 kB
KReclaimable:     874904 kB
Slab:             206528 kB
SReclaimable:      68172 kB
SUnreclaim:       138356 kB
KernelStack:       43056 kB
PageTables:        57280 kB
NFS_Unstable:          0 kB
Bounce:                0 kB
WritebackTmp:          0 kB
CommitLimit:     9202296 kB
Committed_AS:   58107300 kB
VmallocTotal:   263061440 kB
VmallocUsed:       99968 kB
VmallocChunk:          0 kB
Percpu:             7616 kB
CmaTotal:         294912 kB
CmaFree:               0 kB
MemTotal:       12113144 kB
MemFree:         6385384 kB
MemAvailable:    8057208 kB
Buffers:            6704 kB
Cached:          1687556 kB
SwapCached:            0 kB
Active:          1512140 kB
Inactive:        1476484 kB
Active(anon):    1300796 kB
Inactive(anon):    22204 kB
Active(file):     211344 kB
Inactive(file):  1454280 kB
Unevictable:        5528 kB
Mlocked:            5528 kB
SwapTotal:       3145724 kB
SwapFree:        3145724 kB
Dirty:               256 kB
Writeback:             0 kB
AnonPages:       1299964 kB
Mapped:           813048 kB
Shmem:             24144 kB
KReclaimable:     874904 kB
Slab:             206528 kB
SReclaimable:      68172 kB
SUnreclaim:       138356 kB
KernelStack:       43056 kB
PageTables:        57276 kB
NFS_Unstable:          0 kB
Bounce:                0 kB
WritebackTmp:          0 kB
CommitLimit:     9202296 kB
Committed_AS:   58106948 kB
VmallocTotal:   263061440 kB
VmallocUsed:       99952 kB
VmallocChunk:          0 kB
Percpu:             7616 kB
CmaTotal:         294912 kB
CmaFree:               0 kB
MemTotal:       12113144 kB
MemFree:         6385740 kB
MemAvailable:    8057564 kB
Buffers:            6704 kB
Cached:          1687556 kB
SwapCached:            0 kB
Active:          1512348 kB
Inactive:        1476484 kB
Active(anon):    1301004 kB
Inactive(anon):    22204 kB
Active(file):     211344 kB
Inactive(file):  1454280 kB
Unevictable:        5528 kB
Mlocked:            5528 kB
SwapTotal:       3145724 kB
SwapFree:        3145724 kB
Dirty:               256 kB
Writeback:             0 kB
AnonPages:       1300336 kB
Mapped:           813048 kB
Shmem:             24144 kB
KReclaimable:     874904 kB
Slab:             206520 kB
SReclaimable:      68172 kB
SUnreclaim:       138348 kB
KernelStack:       43056 kB
PageTables:        57284 kB
NFS_Unstable:          0 kB
Bounce:                0 kB
WritebackTmp:          0 kB
CommitLimit:     9202296 kB
Committed_AS:   58112048 kB
VmallocTotal:   263061440 kB
VmallocUsed:       99952 kB
VmallocChunk:          0 kB
Percpu:             7616 kB
CmaTotal:         294912 kB
CmaFree:               0 kB
MemTotal:       12113144 kB
MemFree:         6385356 kB
MemAvailable:    8057184 kB
Buffers:            6704 kB
Cached:          1687560 kB
SwapCached:            0 kB
Active:          1511748 kB
Inactive:        1476488 kB
Active(anon):    1300404 kB
Inactive(anon):    22204 kB
Active(file):     211344 kB
Inactive(file):  1454284 kB
Unevictable:        5528 kB
Mlocked:            5528 kB
SwapTotal:       3145724 kB
SwapFree:        3145724 kB
Dirty:               268 kB
Writeback:             0 kB
AnonPages:       1299488 kB
Mapped:           813048 kB
Shmem:             24144 kB
KReclaimable:     874904 kB
Slab:             206536 kB
SReclaimable:      68172 kB
SUnreclaim:       138364 kB
KernelStack:       43056 kB
PageTables:        57288 kB
NFS_Unstable:          0 kB
Bounce:                0 kB
WritebackTmp:          0 kB
CommitLimit:     9202296 kB
Committed_AS:   58112628 kB
VmallocTotal:   263061440 kB
VmallocUsed:       99968 kB
VmallocChunk:          0 kB
Percpu:             7616 kB
CmaTotal:         294912 kB
CmaFree:               0 kB
MemTotal:       12113144 kB
MemFree:         6385332 kB
MemAvailable:    8057160 kB
Buffers:            6704 kB
Cached:          1687560 kB
SwapCached:            0 kB
Active:          1512216 kB
Inactive:        1476488 kB
Active(anon):    1300872 kB
Inactive(anon):    22204 kB
Active(file):     211344 kB
Inactive(file):  1454284 kB
Unevictable:        5528 kB
Mlocked:            5528 kB
SwapTotal:       3145724 kB
SwapFree:        3145724 kB
Dirty:               268 kB
Writeback:             0 kB
AnonPages:       1300044 kB
Mapped:           813308 kB
Shmem:             24144 kB
KReclaimable:     874904 kB
Slab:             206520 kB
SReclaimable:      68172 kB
SUnreclaim:       138348 kB
KernelStack:       43056 kB
PageTables:        57284 kB
NFS_Unstable:          0 kB
Bounce:                0 kB
WritebackTmp:          0 kB
CommitLimit:     9202296 kB
Committed_AS:   58112488 kB
VmallocTotal:   263061440 kB
VmallocUsed:       99984 kB
VmallocChunk:          0 kB
Percpu:             7616 kB
CmaTotal:         294912 kB
CmaFree:               0 kB
MemTotal:       12113144 kB
MemFree:         6384056 kB
MemAvailable:    8055884 kB
Buffers:            6704 kB
Cached:          1687560 kB
SwapCached:            0 kB
Active:          1512596 kB
Inactive:        1476488 kB
Active(anon):    1301252 kB
Inactive(anon):    22204 kB
Active(file):     211344 kB
Inactive(file):  1454284 kB
Unevictable:        5528 kB
Mlocked:            5528 kB
SwapTotal:       3145724 kB
SwapFree:        3145724 kB
Dirty:               268 kB
Writeback:             0 kB
AnonPages:       1300348 kB
Mapped:           813048 kB
Shmem:             24144 kB
KReclaimable:     874904 kB
Slab:             206528 kB
SReclaimable:      68172 kB
SUnreclaim:       138356 kB
KernelStack:       43056 kB
PageTables:        57284 kB
NFS_Unstable:          0 kB
Bounce:                0 kB
WritebackTmp:          0 kB
CommitLimit:     9202296 kB
Committed_AS:   58112644 kB
VmallocTotal:   263061440 kB
VmallocUsed:       99984 kB
VmallocChunk:          0 kB
Percpu:             7616 kB
CmaTotal:         294912 kB
CmaFree:               0 kB
MemTotal:       12113144 kB
MemFree:         6384780 kB
MemAvailable:    8056608 kB
Buffers:            6704 kB
Cached:          1687560 kB
SwapCached:            0 kB
Active:          1512956 kB
Inactive:        1476488 kB
Active(anon):    1301612 kB
Inactive(anon):    22204 kB
Active(file):     211344 kB
Inactive(file):  1454284 kB
Unevictable:        5528 kB
Mlocked:            5528 kB
SwapTotal:       3145724 kB
SwapFree:        3145724 kB
Dirty:               268 kB
Writeback:             0 kB
AnonPages:       1300680 kB
Mapped:           813308 kB
Shmem:             24144 kB
KReclaimable:     874904 kB
Slab:             206536 kB
SReclaimable:      68172 kB
SUnreclaim:       138364 kB
KernelStack:       43056 kB
PageTables:        57276 kB
NFS_Unstable:          0 kB
Bounce:                0 kB
WritebackTmp:          0 kB
CommitLimit:     9202296 kB
Committed_AS:   58112476 kB
VmallocTotal:   263061440 kB
VmallocUsed:       99984 kB
VmallocChunk:          0 kB
Percpu:             7616 kB
CmaTotal:         294912 kB
CmaFree:               0 kB
MemTotal:       12113144 kB
MemFree:         6383632 kB
MemAvailable:    8055460 kB
Buffers:            6704 kB
Cached:          1687560 kB
SwapCached:            0 kB
Active:          1513092 kB
Inactive:        1476488 kB
Active(anon):    1301748 kB
Inactive(anon):    22204 kB
Active(file):     211344 kB
Inactive(file):  1454284 kB
Unevictable:        5528 kB
Mlocked:            5528 kB
SwapTotal:       3145724 kB
SwapFree:        3145724 kB
Dirty:               268 kB
Writeback:             0 kB
AnonPages:       1300828 kB
Mapped:           813308 kB
Shmem:             24144 kB
KReclaimable:     874904 kB
Slab:             206536 kB
SReclaimable:      68172 kB
SUnreclaim:       138364 kB
KernelStack:       43056 kB
PageTables:        57276 kB
NFS_Unstable:          0 kB
Bounce:                0 kB
WritebackTmp:          0 kB
CommitLimit:     9202296 kB
Committed_AS:   58112564 kB
VmallocTotal:   263061440 kB
VmallocUsed:       99984 kB
VmallocChunk:          0 kB
Percpu:             7616 kB
CmaTotal:         294912 kB
CmaFree:               0 kB
MemTotal:       12113144 kB
MemFree:         6384400 kB
MemAvailable:    8056228 kB
Buffers:            6704 kB
Cached:          1687560 kB
SwapCached:            0 kB
Active:          1513624 kB
Inactive:        1476488 kB
Active(anon):    1302280 kB
Inactive(anon):    22204 kB
Active(file):     211344 kB
Inactive(file):  1454284 kB
Unevictable:        5528 kB
Mlocked:            5528 kB
SwapTotal:       3145724 kB
SwapFree:        3145724 kB
Dirty:               268 kB
Writeback:             0 kB
AnonPages:       1301508 kB
Mapped:           813048 kB
Shmem:             24144 kB
KReclaimable:     874904 kB
Slab:             206536 kB
SReclaimable:      68172 kB
SUnreclaim:       138364 kB
KernelStack:       43056 kB
PageTables:        57276 kB
NFS_Unstable:          0 kB
Bounce:                0 kB
WritebackTmp:          0 kB
CommitLimit:     9202296 kB
Committed_AS:   58112256 kB
VmallocTotal:   263061440 kB
VmallocUsed:       99984 kB
VmallocChunk:          0 kB
Percpu:             7616 kB
CmaTotal:         294912 kB
CmaFree:               0 kB
MemTotal:       12113144 kB
MemFree:         6383796 kB
MemAvailable:    8055644 kB
Buffers:            6712 kB
Cached:          1687572 kB
SwapCached:            0 kB
Active:          1513792 kB
Inactive:        1476500 kB
Active(anon):    1302440 kB
Inactive(anon):    22204 kB
Active(file):     211352 kB
Inactive(file):  1454296 kB
Unevictable:        5528 kB
Mlocked:            5528 kB
SwapTotal:       3145724 kB
SwapFree:        3145724 kB
Dirty:               256 kB
Writeback:             0 kB
AnonPages:       1301640 kB
Mapped:           813308 kB
Shmem:             24144 kB
KReclaimable:     874904 kB
Slab:             206536 kB
SReclaimable:      68172 kB
SUnreclaim:       138364 kB
KernelStack:       43056 kB
PageTables:        57276 kB
NFS_Unstable:          0 kB
Bounce:                0 kB
WritebackTmp:          0 kB
CommitLimit:     9202296 kB
Committed_AS:   58112324 kB
VmallocTotal:   263061440 kB
VmallocUsed:       99984 kB
VmallocChunk:          0 kB
Percpu:             7616 kB
CmaTotal:         294912 kB
CmaFree:               0 kB
MemTotal:       12113144 kB
MemFree:         6382600 kB
MemAvailable:    8054448 kB
Buffers:            6712 kB
Cached:          1687572 kB
SwapCached:            0 kB
Active:          1514080 kB
Inactive:        1476500 kB
Active(anon):    1302728 kB
Inactive(anon):    22204 kB
Active(file):     211352 kB
Inactive(file):  1454296 kB
Unevictable:        5528 kB
Mlocked:            5528 kB
SwapTotal:       3145724 kB
SwapFree:        3145724 kB
Dirty:               256 kB
Writeback:             0 kB
AnonPages:       1301856 kB
Mapped:           813048 kB
Shmem:             24144 kB
KReclaimable:     874904 kB
Slab:             206536 kB
SReclaimable:      68172 kB
SUnreclaim:       138364 kB
KernelStack:       43056 kB
PageTables:        57276 kB
NFS_Unstable:          0 kB
Bounce:                0 kB
WritebackTmp:          0 kB
CommitLimit:     9202296 kB
Committed_AS:   58112308 kB
VmallocTotal:   263061440 kB
VmallocUsed:       99968 kB
VmallocChunk:          0 kB
Percpu:             7616 kB
CmaTotal:         294912 kB
CmaFree:               0 kB
MemTotal:       12113144 kB
MemFree:         6382348 kB
MemAvailable:    8054196 kB
Buffers:            6712 kB
Cached:          1687572 kB
SwapCached:            0 kB
Active:          1514600 kB
Inactive:        1476500 kB
Active(anon):    1303248 kB
Inactive(anon):    22204 kB
Active(file):     211352 kB
Inactive(file):  1454296 kB
Unevictable:        5528 kB
Mlocked:            5528 kB
SwapTotal:       3145724 kB
SwapFree:        3145724 kB
Dirty:               256 kB
Writeback:             0 kB
AnonPages:       1302568 kB
Mapped:           813048 kB
Shmem:             24144 kB
KReclaimable:     874904 kB
Slab:             206536 kB
SReclaimable:      68172 kB
SUnreclaim:       138364 kB
KernelStack:       43056 kB
PageTables:        57276 kB
NFS_Unstable:          0 kB
Bounce:                0 kB
WritebackTmp:          0 kB
CommitLimit:     9202296 kB
Committed_AS:   58112088 kB
VmallocTotal:   263061440 kB
VmallocUsed:       99952 kB
VmallocChunk:          0 kB
Percpu:             7616 kB
CmaTotal:         294912 kB
CmaFree:               0 kB
MemTotal:       12113144 kB
MemFree:         6382064 kB
MemAvailable:    8053912 kB
Buffers:            6712 kB
Cached:          1687572 kB
SwapCached:            0 kB
Active:          1514900 kB
Inactive:        1476500 kB
Active(anon):    1303548 kB
Inactive(anon):    22204 kB
Active(file):     211352 kB
Inactive(file):  1454296 kB
Unevictable:        5528 kB
Mlocked:            5528 kB
SwapTotal:       3145724 kB
SwapFree:        3145724 kB
Dirty:               256 kB
Writeback:             0 kB
AnonPages:       1302716 kB
Mapped:           813308 kB
Shmem:             24144 kB
KReclaimable:     874904 kB
Slab:             206536 kB
SReclaimable:      68172 kB
SUnreclaim:       138364 kB
KernelStack:       43056 kB
PageTables:        57280 kB
NFS_Unstable:          0 kB
Bounce:                0 kB
WritebackTmp:          0 kB
CommitLimit:     9202296 kB
Committed_AS:   58106868 kB
VmallocTotal:   263061440 kB
VmallocUsed:       99952 kB
VmallocChunk:          0 kB
Percpu:             7616 kB
CmaTotal:         294912 kB
CmaFree:               0 kB
MemTotal:       12113144 kB
MemFree:         6382408 kB
MemAvailable:    8054256 kB
Buffers:            6712 kB
Cached:          1687572 kB
SwapCached:            0 kB
Active:          1515900 kB
Inactive:        1476500 kB
Active(anon):    1304548 kB
Inactive(anon):    22204 kB
Active(file):     211352 kB
Inactive(file):  1454296 kB
Unevictable:        5528 kB
Mlocked:            5528 kB
SwapTotal:       3145724 kB
SwapFree:        3145724 kB
Dirty:               296 kB
Writeback:             0 kB
AnonPages:       1303704 kB
Mapped:           813344 kB
Shmem:             24144 kB
KReclaimable:     874904 kB
Slab:             206536 kB
SReclaimable:      68172 kB
SUnreclaim:       138364 kB
KernelStack:       43056 kB
PageTables:        57276 kB
NFS_Unstable:          0 kB
Bounce:                0 kB
WritebackTmp:          0 kB
CommitLimit:     9202296 kB
Committed_AS:   58107332 kB
VmallocTotal:   263061440 kB
VmallocUsed:       99968 kB
VmallocChunk:          0 kB
Percpu:             7616 kB
CmaTotal:         294912 kB
CmaFree:               0 kB
MemTotal:       12113144 kB
MemFree:         6384980 kB
MemAvailable:    8056828 kB
Buffers:            6712 kB
Cached:          1687572 kB
SwapCached:            0 kB
Active:          1512128 kB
Inactive:        1476500 kB
Active(anon):    1300776 kB
Inactive(anon):    22204 kB
Active(file):     211352 kB
Inactive(file):  1454296 kB
Unevictable:        5528 kB
Mlocked:            5528 kB
SwapTotal:       3145724 kB
SwapFree:        3145724 kB
Dirty:               304 kB
Writeback:             0 kB
AnonPages:       1299964 kB
Mapped:           813344 kB
Shmem:             24144 kB
KReclaimable:     874904 kB
Slab:             206536 kB
SReclaimable:      68172 kB
SUnreclaim:       138364 kB
KernelStack:       43056 kB
PageTables:        57280 kB
NFS_Unstable:          0 kB
Bounce:                0 kB
WritebackTmp:          0 kB
CommitLimit:     9202296 kB
Committed_AS:   58108640 kB
VmallocTotal:   263061440 kB
VmallocUsed:       99952 kB
VmallocChunk:          0 kB
Percpu:             7616 kB
CmaTotal:         294912 kB
CmaFree:               0 kB
MemTotal:       12113144 kB
MemFree:         6384728 kB
MemAvailable:    8056580 kB
Buffers:            6712 kB
Cached:          1687576 kB
SwapCached:            0 kB
Active:          1512376 kB
Inactive:        1476464 kB
Active(anon):    1300984 kB
Inactive(anon):    22204 kB
Active(file):     211392 kB
Inactive(file):  1454260 kB
Unevictable:        5528 kB
Mlocked:            5528 kB
SwapTotal:       3145724 kB
SwapFree:        3145724 kB
Dirty:               336 kB
Writeback:             0 kB
AnonPages:       1300100 kB
Mapped:           813344 kB
Shmem:             24144 kB
KReclaimable:     874904 kB
Slab:             206536 kB
SReclaimable:      68172 kB
SUnreclaim:       138364 kB
KernelStack:       43056 kB
PageTables:        57284 kB
NFS_Unstable:          0 kB
Bounce:                0 kB
WritebackTmp:          0 kB
CommitLimit:     9202296 kB
Committed_AS:   58112368 kB
VmallocTotal:   263061440 kB
VmallocUsed:       99952 kB
VmallocChunk:          0 kB
Percpu:             7616 kB
CmaTotal:         294912 kB
CmaFree:               0 kB
MemTotal:       12113144 kB
MemFree:         6384348 kB
MemAvailable:    8056200 kB
Buffers:            6712 kB
Cached:          1687576 kB
SwapCached:            0 kB
Active:          1512756 kB
Inactive:        1476464 kB
Active(anon):    1301364 kB
Inactive(anon):    22204 kB
Active(file):     211392 kB
Inactive(file):  1454260 kB
Unevictable:        5528 kB
Mlocked:            5528 kB
SwapTotal:       3145724 kB
SwapFree:        3145724 kB
Dirty:               336 kB
Writeback:             0 kB
AnonPages:       1300624 kB
Mapped:           813344 kB
Shmem:             24144 kB
KReclaimable:     874904 kB
Slab:             206536 kB
SReclaimable:      68172 kB
SUnreclaim:       138364 kB
KernelStack:       43072 kB
PageTables:        57408 kB
NFS_Unstable:          0 kB
Bounce:                0 kB
WritebackTmp:          0 kB
CommitLimit:     9202296 kB
Committed_AS:   58101884 kB
VmallocTotal:   263061440 kB
VmallocUsed:       99952 kB
VmallocChunk:          0 kB
Percpu:             7616 kB
CmaTotal:         294912 kB
CmaFree:               0 kB
MemTotal:       12113144 kB
MemFree:         6383904 kB
MemAvailable:    8055756 kB
Buffers:            6712 kB
Cached:          1687576 kB
SwapCached:            0 kB
Active:          1513500 kB
Inactive:        1476464 kB
Active(anon):    1302108 kB
Inactive(anon):    22204 kB
Active(file):     211392 kB
Inactive(file):  1454260 kB
Unevictable:        5528 kB
Mlocked:            5528 kB
SwapTotal:       3145724 kB
SwapFree:        3145724 kB
Dirty:               336 kB
Writeback:             0 kB
AnonPages:       1301200 kB
Mapped:           813344 kB
Shmem:             24144 kB
KReclaimable:     874904 kB
Slab:             206536 kB
SReclaimable:      68172 kB
SUnreclaim:       138364 kB
KernelStack:       43056 kB
PageTables:        57280 kB
NFS_Unstable:          0 kB
Bounce:                0 kB
WritebackTmp:          0 kB
CommitLimit:     9202296 kB
Committed_AS:   58112324 kB
VmallocTotal:   263061440 kB
VmallocUsed:       99952 kB
VmallocChunk:          0 kB
Percpu:             7616 kB
CmaTotal:         294912 kB
CmaFree:               0 kB
MemTotal:       12113144 kB
MemFree:         6383556 kB
MemAvailable:    8055412 kB
Buffers:            6712 kB
Cached:          1687580 kB
SwapCached:            0 kB
Active:          1514176 kB
Inactive:        1476468 kB
Active(anon):    1302784 kB
Inactive(anon):    22204 kB
Active(file):     211392 kB
Inactive(file):  1454264 kB
Unevictable:        5528 kB
Mlocked:            5528 kB
SwapTotal:       3145724 kB
SwapFree:        3145724 kB
Dirty:               356 kB
Writeback:             0 kB
AnonPages:       1301736 kB
Mapped:           813084 kB
Shmem:             24144 kB
KReclaimable:     874904 kB
Slab:             206536 kB
SReclaimable:      68172 kB
SUnreclaim:       138364 kB
KernelStack:       43056 kB
PageTables:        57280 kB
NFS_Unstable:          0 kB
Bounce:                0 kB
WritebackTmp:          0 kB
CommitLimit:     9202296 kB
Committed_AS:   58112344 kB
VmallocTotal:   263061440 kB
VmallocUsed:       99952 kB
VmallocChunk:          0 kB
Percpu:             7616 kB
CmaTotal:         294912 kB
CmaFree:               0 kB
MemTotal:       12113144 kB
MemFree:         6383436 kB
MemAvailable:    8055288 kB
Buffers:            6712 kB
Cached:          1687580 kB
SwapCached:            0 kB
Active:          1514332 kB
Inactive:        1476468 kB
Active(anon):    1302940 kB
Inactive(anon):    22204 kB
Active(file):     211392 kB
Inactive(file):  1454264 kB
Unevictable:        5528 kB
Mlocked:            5528 kB
SwapTotal:       3145724 kB
SwapFree:        3145724 kB
Dirty:               356 kB
Writeback:             0 kB
AnonPages:       1301924 kB
Mapped:           813344 kB
Shmem:             24144 kB
KReclaimable:     874900 kB
Slab:             206532 kB
SReclaimable:      68168 kB
SUnreclaim:       138364 kB
KernelStack:       43056 kB
PageTables:        57280 kB
NFS_Unstable:          0 kB
Bounce:                0 kB
WritebackTmp:          0 kB
CommitLimit:     9202296 kB
Committed_AS:   58112476 kB
VmallocTotal:   263061440 kB
VmallocUsed:       99936 kB
VmallocChunk:          0 kB
Percpu:             7616 kB
CmaTotal:         294912 kB
CmaFree:               0 kB
MemTotal:       12113144 kB
MemFree:         6392188 kB
MemAvailable:    8064040 kB
Buffers:            6712 kB
Cached:          1687580 kB
SwapCached:            0 kB
Active:          1505736 kB
Inactive:        1476468 kB
Active(anon):    1294344 kB
Inactive(anon):    22204 kB
Active(file):     211392 kB
Inactive(file):  1454264 kB
Unevictable:        5528 kB
Mlocked:            5528 kB
SwapTotal:       3145724 kB
SwapFree:        3145724 kB
Dirty:               356 kB
Writeback:             0 kB
AnonPages:       1293632 kB
Mapped:           813084 kB
Shmem:             24144 kB
KReclaimable:     874900 kB
Slab:             206532 kB
SReclaimable:      68168 kB
SUnreclaim:       138364 kB
KernelStack:       43056 kB
PageTables:        57276 kB
NFS_Unstable:          0 kB
Bounce:                0 kB
WritebackTmp:          0 kB
CommitLimit:     9202296 kB
Committed_AS:   58112168 kB
VmallocTotal:   263061440 kB
VmallocUsed:       99936 kB
VmallocChunk:          0 kB
Percpu:             7616 kB
CmaTotal:         294912 kB
CmaFree:               0 kB
MemTotal:       12113144 kB
MemFree:         6391716 kB
MemAvailable:    8063568 kB
Buffers:            6712 kB
Cached:          1687580 kB
SwapCached:            0 kB
Active:          1506016 kB
Inactive:        1476468 kB
Active(anon):    1294624 kB
Inactive(anon):    22204 kB
Active(file):     211392 kB
Inactive(file):  1454264 kB
Unevictable:        5528 kB
Mlocked:            5528 kB
SwapTotal:       3145724 kB
SwapFree:        3145724 kB
Dirty:               356 kB
Writeback:             0 kB
AnonPages:       1293904 kB
Mapped:           813344 kB
Shmem:             24144 kB
KReclaimable:     874900 kB
Slab:             206532 kB
SReclaimable:      68168 kB
SUnreclaim:       138364 kB
KernelStack:       43056 kB
PageTables:        57288 kB
NFS_Unstable:          0 kB
Bounce:                0 kB
WritebackTmp:          0 kB
CommitLimit:     9202296 kB
Committed_AS:   58112072 kB
VmallocTotal:   263061440 kB
VmallocUsed:       99952 kB
