MemTotal:       12113132 kB
MemFree:         6641492 kB
MemAvailable:    8060472 kB
Buffers:            4892 kB
Cached:          1666012 kB
SwapCached:            0 kB
Active:          1494712 kB
Inactive:        1480700 kB
Active(anon):    1310944 kB
Inactive(anon):    21772 kB
Active(file):     183768 kB
Inactive(file):  1458928 kB
Unevictable:        5552 kB
Mlocked:            5552 kB
SwapTotal:       3145724 kB
SwapFree:        3145724 kB
Dirty:               308 kB
Writeback:             0 kB
AnonPages:       1310264 kB
Mapped:           854288 kB
Shmem:             23708 kB
KReclaimable:     644988 kB
Slab:             222236 kB
SReclaimable:      74600 kB
SUnreclaim:       147636 kB
KernelStack:       47648 kB
PageTables:        67380 kB
NFS_Unstable:          0 kB
Bounce:                0 kB
WritebackTmp:          0 kB
CommitLimit:     9202288 kB
Committed_AS:   75247072 kB
VmallocTotal:   263061440 kB
VmallocUsed:      104676 kB
VmallocChunk:          0 kB
Percpu:             7648 kB
CmaTotal:         294912 kB
CmaFree:               0 kB
MemTotal:       12113132 kB
MemFree:         6641116 kB
MemAvailable:    8060192 kB
Buffers:            4900 kB
Cached:          1666100 kB
SwapCached:            0 kB
Active:          1495140 kB
Inactive:        1480756 kB
Active(anon):    1311332 kB
Inactive(anon):    21772 kB
Active(file):     183808 kB
Inactive(file):  1458984 kB
Unevictable:        5552 kB
Mlocked:            5552 kB
SwapTotal:       3145724 kB
SwapFree:        3145724 kB
Dirty:               364 kB
Writeback:             0 kB
AnonPages:       1310584 kB
Mapped:           854288 kB
Shmem:             23708 kB
KReclaimable:     644988 kB
Slab:             222236 kB
SReclaimable:      74600 kB
SUnreclaim:       147636 kB
KernelStack:       47632 kB
PageTables:        67260 kB
NFS_Unstable:          0 kB
Bounce:                0 kB
WritebackTmp:          0 kB
CommitLimit:     9202288 kB
Committed_AS:   75251940 kB
VmallocTotal:   263061440 kB
VmallocUsed:      104692 kB
VmallocChunk:          0 kB
Percpu:             7648 kB
CmaTotal:         294912 kB
CmaFree:               0 kB
MemTotal:       12113132 kB
MemFree:         6639060 kB
MemAvailable:    8058140 kB
Buffers:            4900 kB
Cached:          1666108 kB
SwapCached:            0 kB
Active:          1496408 kB
Inactive:        1480764 kB
Active(anon):    1312600 kB
Inactive(anon):    21776 kB
Active(file):     183808 kB
Inactive(file):  1458988 kB
Unevictable:        5552 kB
Mlocked:            5552 kB
SwapTotal:       3145724 kB
SwapFree:        3145724 kB
Dirty:               380 kB
Writeback:             0 kB
AnonPages:       1312092 kB
Mapped:           854292 kB
Shmem:             23712 kB
KReclaimable:     644988 kB
Slab:             222248 kB
SReclaimable:      74600 kB
SUnreclaim:       147648 kB
KernelStack:       47632 kB
PageTables:        67248 kB
NFS_Unstable:          0 kB
Bounce:                0 kB
WritebackTmp:          0 kB
CommitLimit:     9202288 kB
Committed_AS:   75248868 kB
VmallocTotal:   263061440 kB
VmallocUsed:      104692 kB
VmallocChunk:          0 kB
Percpu:             7648 kB
CmaTotal:         294912 kB
CmaFree:               0 kB
MemTotal:       12113132 kB
MemFree:         6639100 kB
MemAvailable:    8058192 kB
Buffers:            4900 kB
Cached:          1666120 kB
SwapCached:            0 kB
Active:          1497212 kB
Inactive:        1480776 kB
Active(anon):    1313404 kB
Inactive(anon):    21776 kB
Active(file):     183808 kB
Inactive(file):  1459000 kB
Unevictable:        5552 kB
Mlocked:            5552 kB
SwapTotal:       3145724 kB
SwapFree:        3145724 kB
Dirty:               392 kB
Writeback:             0 kB
AnonPages:       1312584 kB
Mapped:           854292 kB
Shmem:             23712 kB
KReclaimable:     644988 kB
Slab:             222256 kB
SReclaimable:      74600 kB
SUnreclaim:       147656 kB
KernelStack:       47632 kB
PageTables:        67260 kB
NFS_Unstable:          0 kB
Bounce:                0 kB
WritebackTmp:          0 kB
CommitLimit:     9202288 kB
Committed_AS:   75248624 kB
VmallocTotal:   263061440 kB
VmallocUsed:      104692 kB
VmallocChunk:          0 kB
Percpu:             7648 kB
CmaTotal:         294912 kB
CmaFree:               0 kB
MemTotal:       12113132 kB
MemFree:         6638016 kB
MemAvailable:    8057124 kB
Buffers:            4900 kB
Cached:          1666136 kB
SwapCached:            0 kB
Active:          1497384 kB
Inactive:        1480792 kB
Active(anon):    1313576 kB
Inactive(anon):    21776 kB
Active(file):     183808 kB
Inactive(file):  1459016 kB
Unevictable:        5552 kB
Mlocked:            5552 kB
SwapTotal:       3145724 kB
SwapFree:        3145724 kB
Dirty:               428 kB
Writeback:             0 kB
AnonPages:       1312756 kB
Mapped:           854292 kB
Shmem:             23712 kB
KReclaimable:     644988 kB
Slab:             222244 kB
SReclaimable:      74600 kB
SUnreclaim:       147644 kB
KernelStack:       47632 kB
PageTables:        67256 kB
NFS_Unstable:          0 kB
Bounce:                0 kB
WritebackTmp:          0 kB
CommitLimit:     9202288 kB
Committed_AS:   75243864 kB
VmallocTotal:   263061440 kB
VmallocUsed:      104692 kB
VmallocChunk:          0 kB
Percpu:             7648 kB
CmaTotal:         294912 kB
CmaFree:               0 kB
MemTotal:       12113132 kB
MemFree:         6638216 kB
MemAvailable:    8057332 kB
Buffers:            4900 kB
Cached:          1666148 kB
SwapCached:            0 kB
Active:          1498164 kB
Inactive:        1480804 kB
Active(anon):    1314356 kB
Inactive(anon):    21780 kB
Active(file):     183808 kB
Inactive(file):  1459024 kB
Unevictable:        5552 kB
Mlocked:            5552 kB
SwapTotal:       3145724 kB
SwapFree:        3145724 kB
Dirty:               448 kB
Writeback:             0 kB
AnonPages:       1313564 kB
Mapped:           854296 kB
Shmem:             23716 kB
KReclaimable:     644988 kB
Slab:             222248 kB
SReclaimable:      74600 kB
SUnreclaim:       147648 kB
KernelStack:       47616 kB
PageTables:        67208 kB
NFS_Unstable:          0 kB
Bounce:                0 kB
WritebackTmp:          0 kB
CommitLimit:     9202288 kB
Committed_AS:   75243188 kB
VmallocTotal:   263061440 kB
VmallocUsed:      104708 kB
VmallocChunk:          0 kB
Percpu:             7648 kB
CmaTotal:         294912 kB
CmaFree:               0 kB
MemTotal:       12113132 kB
MemFree:         6638020 kB
MemAvailable:    8057148 kB
Buffers:            4900 kB
Cached:          1666156 kB
SwapCached:            0 kB
Active:          1498384 kB
Inactive:        1480812 kB
Active(anon):    1314576 kB
Inactive(anon):    21780 kB
Active(file):     183808 kB
Inactive(file):  1459032 kB
Unevictable:        5552 kB
Mlocked:            5552 kB
SwapTotal:       3145724 kB
SwapFree:        3145724 kB
Dirty:               172 kB
Writeback:             0 kB
AnonPages:       1313740 kB
Mapped:           854296 kB
Shmem:             23716 kB
KReclaimable:     644992 kB
Slab:             222260 kB
SReclaimable:      74604 kB
SUnreclaim:       147656 kB
KernelStack:       47632 kB
PageTables:        67260 kB
NFS_Unstable:          0 kB
Bounce:                0 kB
WritebackTmp:          0 kB
CommitLimit:     9202288 kB
Committed_AS:   75242924 kB
VmallocTotal:   263061440 kB
VmallocUsed:      104692 kB
VmallocChunk:          0 kB
Percpu:             7648 kB
CmaTotal:         294912 kB
CmaFree:               0 kB
MemTotal:       12113132 kB
MemFree:         6635624 kB
MemAvailable:    8054764 kB
Buffers:            4900 kB
Cached:          1666172 kB
SwapCached:            0 kB
Active:          1499476 kB
Inactive:        1480828 kB
Active(anon):    1315668 kB
Inactive(anon):    21784 kB
Active(file):     183808 kB
Inactive(file):  1459044 kB
Unevictable:        5552 kB
Mlocked:            5552 kB
SwapTotal:       3145724 kB
SwapFree:        3145724 kB
Dirty:               244 kB
Writeback:             0 kB
AnonPages:       1314884 kB
Mapped:           854300 kB
Shmem:             23720 kB
KReclaimable:     644992 kB
Slab:             222260 kB
SReclaimable:      74604 kB
SUnreclaim:       147656 kB
KernelStack:       47632 kB
PageTables:        67260 kB
NFS_Unstable:          0 kB
Bounce:                0 kB
WritebackTmp:          0 kB
CommitLimit:     9202288 kB
Committed_AS:   75247948 kB
VmallocTotal:   263061440 kB
VmallocUsed:      104692 kB
VmallocChunk:          0 kB
Percpu:             7648 kB
CmaTotal:         294912 kB
CmaFree:               0 kB
MemTotal:       12113132 kB
MemFree:         6635052 kB
MemAvailable:    8054208 kB
Buffers:            4900 kB
Cached:          1666188 kB
SwapCached:            0 kB
Active:          1499944 kB
Inactive:        1480844 kB
Active(anon):    1316136 kB
Inactive(anon):    21784 kB
Active(file):     183808 kB
Inactive(file):  1459060 kB
Unevictable:        5552 kB
Mlocked:            5552 kB
SwapTotal:       3145724 kB
SwapFree:        3145724 kB
Dirty:               288 kB
Writeback:             0 kB
AnonPages:       1315024 kB
Mapped:           854300 kB
Shmem:             23720 kB
KReclaimable:     644992 kB
Slab:             222264 kB
SReclaimable:      74604 kB
SUnreclaim:       147660 kB
KernelStack:       47632 kB
PageTables:        67252 kB
NFS_Unstable:          0 kB
Bounce:                0 kB
WritebackTmp:          0 kB
CommitLimit:     9202288 kB
Committed_AS:   75247912 kB
VmallocTotal:   263061440 kB
VmallocUsed:      104740 kB
VmallocChunk:          0 kB
Percpu:             7648 kB
CmaTotal:         294912 kB
CmaFree:               0 kB
MemTotal:       12113132 kB
MemFree:         6633568 kB
MemAvailable:    8052728 kB
Buffers:            4900 kB
Cached:          1666196 kB
SwapCached:            0 kB
Active:          1501196 kB
Inactive:        1480852 kB
Active(anon):    1317388 kB
Inactive(anon):    21788 kB
Active(file):     183808 kB
Inactive(file):  1459064 kB
Unevictable:        5552 kB
Mlocked:            5552 kB
SwapTotal:       3145724 kB
SwapFree:        3145724 kB
Dirty:               292 kB
Writeback:             0 kB
AnonPages:       1316364 kB
Mapped:           854332 kB
Shmem:             23724 kB
KReclaimable:     644992 kB
Slab:             222272 kB
SReclaimable:      74604 kB
SUnreclaim:       147668 kB
KernelStack:       47632 kB
PageTables:        67228 kB
NFS_Unstable:          0 kB
Bounce:                0 kB
WritebackTmp:          0 kB
CommitLimit:     9202288 kB
Committed_AS:   75246160 kB
VmallocTotal:   263061440 kB
VmallocUsed:      104740 kB
VmallocChunk:          0 kB
Percpu:             7648 kB
CmaTotal:         294912 kB
CmaFree:               0 kB
MemTotal:       12113132 kB
MemFree:         6632880 kB
MemAvailable:    8052068 kB
Buffers:            4900 kB
Cached:          1666232 kB
SwapCached:            0 kB
Active:          1501732 kB
Inactive:        1480888 kB
Active(anon):    1317924 kB
Inactive(anon):    21796 kB
Active(file):     183808 kB
Inactive(file):  1459092 kB
Unevictable:        5552 kB
Mlocked:            5552 kB
SwapTotal:       3145724 kB
SwapFree:        3145724 kB
Dirty:               332 kB
Writeback:             0 kB
AnonPages:       1317096 kB
Mapped:           854312 kB
Shmem:             23732 kB
KReclaimable:     644992 kB
Slab:             222268 kB
SReclaimable:      74604 kB
SUnreclaim:       147664 kB
KernelStack:       47632 kB
PageTables:        67256 kB
NFS_Unstable:          0 kB
Bounce:                0 kB
WritebackTmp:          0 kB
CommitLimit:     9202288 kB
Committed_AS:   75248916 kB
VmallocTotal:   263061440 kB
VmallocUsed:      104708 kB
VmallocChunk:          0 kB
Percpu:             7648 kB
CmaTotal:         294912 kB
CmaFree:               0 kB
MemTotal:       12113132 kB
MemFree:         6632420 kB
MemAvailable:    8051652 kB
Buffers:            4900 kB
Cached:          1666276 kB
SwapCached:            0 kB
Active:          1502788 kB
Inactive:        1480924 kB
Active(anon):    1318972 kB
Inactive(anon):    21796 kB
Active(file):     183816 kB
Inactive(file):  1459128 kB
Unevictable:        5552 kB
Mlocked:            5552 kB
SwapTotal:       3145724 kB
SwapFree:        3145724 kB
Dirty:               400 kB
Writeback:             0 kB
AnonPages:       1318152 kB
Mapped:           854312 kB
Shmem:             23732 kB
KReclaimable:     644992 kB
Slab:             222268 kB
SReclaimable:      74604 kB
SUnreclaim:       147664 kB
KernelStack:       47632 kB
PageTables:        67260 kB
NFS_Unstable:          0 kB
Bounce:                0 kB
WritebackTmp:          0 kB
CommitLimit:     9202288 kB
Committed_AS:   75248764 kB
VmallocTotal:   263061440 kB
VmallocUsed:      104676 kB
VmallocChunk:          0 kB
Percpu:             7648 kB
CmaTotal:         294912 kB
CmaFree:               0 kB
MemTotal:       12113132 kB
MemFree:         6644488 kB
MemAvailable:    8063700 kB
Buffers:            4900 kB
Cached:          1666260 kB
SwapCached:            0 kB
Active:          1490704 kB
Inactive:        1480916 kB
Active(anon):    1306896 kB
Inactive(anon):    21800 kB
Active(file):     183808 kB
Inactive(file):  1459116 kB
Unevictable:        5552 kB
Mlocked:            5552 kB
SwapTotal:       3145724 kB
SwapFree:        3145724 kB
Dirty:               404 kB
Writeback:             0 kB
AnonPages:       1305868 kB
Mapped:           854316 kB
Shmem:             23736 kB
KReclaimable:     644992 kB
Slab:             222264 kB
SReclaimable:      74604 kB
SUnreclaim:       147660 kB
KernelStack:       47632 kB
PageTables:        67268 kB
NFS_Unstable:          0 kB
Bounce:                0 kB
WritebackTmp:          0 kB
CommitLimit:     9202288 kB
Committed_AS:   75241432 kB
VmallocTotal:   263061440 kB
VmallocUsed:      104676 kB
VmallocChunk:          0 kB
Percpu:             7648 kB
CmaTotal:         294912 kB
CmaFree:               0 kB
MemTotal:       12113132 kB
MemFree:         6643556 kB
MemAvailable:    8062780 kB
Buffers:            4900 kB
Cached:          1666272 kB
SwapCached:            0 kB
Active:          1491248 kB
Inactive:        1480928 kB
Active(anon):    1307440 kB
Inactive(anon):    21800 kB
Active(file):     183808 kB
Inactive(file):  1459128 kB
Unevictable:        5552 kB
Mlocked:            5552 kB
SwapTotal:       3145724 kB
SwapFree:        3145724 kB
Dirty:               416 kB
Writeback:             0 kB
AnonPages:       1306640 kB
Mapped:           854316 kB
Shmem:             23736 kB
KReclaimable:     644992 kB
Slab:             222284 kB
SReclaimable:      74604 kB
SUnreclaim:       147680 kB
KernelStack:       47632 kB
PageTables:        67272 kB
NFS_Unstable:          0 kB
Bounce:                0 kB
WritebackTmp:          0 kB
CommitLimit:     9202288 kB
Committed_AS:   75251180 kB
VmallocTotal:   263061440 kB
VmallocUsed:      104660 kB
VmallocChunk:          0 kB
Percpu:             7648 kB
CmaTotal:         294912 kB
CmaFree:               0 kB
MemTotal:       12113132 kB
MemFree:         6642700 kB
MemAvailable:    8061936 kB
Buffers:            4900 kB
Cached:          1666288 kB
SwapCached:            0 kB
Active:          1491988 kB
Inactive:        1480944 kB
Active(anon):    1308180 kB
Inactive(anon):    21804 kB
Active(file):     183808 kB
Inactive(file):  1459140 kB
Unevictable:        5552 kB
Mlocked:            5552 kB
SwapTotal:       3145724 kB
SwapFree:        3145724 kB
Dirty:               444 kB
Writeback:             0 kB
AnonPages:       1307524 kB
Mapped:           854440 kB
Shmem:             23740 kB
KReclaimable:     644992 kB
Slab:             222276 kB
SReclaimable:      74604 kB
SUnreclaim:       147672 kB
KernelStack:       47632 kB
PageTables:        67244 kB
NFS_Unstable:          0 kB
Bounce:                0 kB
WritebackTmp:          0 kB
CommitLimit:     9202288 kB
Committed_AS:   75248552 kB
VmallocTotal:   263061440 kB
VmallocUsed:      104660 kB
VmallocChunk:          0 kB
Percpu:             7648 kB
CmaTotal:         294912 kB
CmaFree:               0 kB
MemTotal:       12113132 kB
MemFree:         6642928 kB
MemAvailable:    8062172 kB
Buffers:            4900 kB
Cached:          1666296 kB
SwapCached:            0 kB
Active:          1492600 kB
Inactive:        1480952 kB
Active(anon):    1308792 kB
Inactive(anon):    21804 kB
Active(file):     183808 kB
Inactive(file):  1459148 kB
Unevictable:        5552 kB
Mlocked:            5552 kB
SwapTotal:       3145724 kB
SwapFree:        3145724 kB
Dirty:               452 kB
Writeback:             0 kB
AnonPages:       1308104 kB
Mapped:           854320 kB
Shmem:             23740 kB
KReclaimable:     644992 kB
Slab:             222272 kB
SReclaimable:      74604 kB
SUnreclaim:       147668 kB
KernelStack:       47632 kB
PageTables:        67276 kB
NFS_Unstable:          0 kB
Bounce:                0 kB
WritebackTmp:          0 kB
CommitLimit:     9202288 kB
Committed_AS:   75248200 kB
VmallocTotal:   263061440 kB
VmallocUsed:      104660 kB
VmallocChunk:          0 kB
Percpu:             7648 kB
CmaTotal:         294912 kB
CmaFree:               0 kB
MemTotal:       12113132 kB
MemFree:         6642496 kB
MemAvailable:    8061780 kB
Buffers:            4904 kB
Cached:          1666332 kB
SwapCached:            0 kB
Active:          1493276 kB
Inactive:        1480988 kB
Active(anon):    1309464 kB
Inactive(anon):    21804 kB
Active(file):     183812 kB
Inactive(file):  1459184 kB
Unevictable:        5552 kB
Mlocked:            5552 kB
SwapTotal:       3145724 kB
SwapFree:        3145724 kB
Dirty:               448 kB
Writeback:             0 kB
AnonPages:       1308656 kB
Mapped:           854320 kB
Shmem:             23740 kB
KReclaimable:     644992 kB
Slab:             222272 kB
SReclaimable:      74604 kB
SUnreclaim:       147668 kB
KernelStack:       47632 kB
PageTables:        67272 kB
NFS_Unstable:          0 kB
Bounce:                0 kB
WritebackTmp:          0 kB
CommitLimit:     9202288 kB
Committed_AS:   75248028 kB
VmallocTotal:   263061440 kB
VmallocUsed:      104692 kB
VmallocChunk:          0 kB
Percpu:             7648 kB
CmaTotal:         294912 kB
CmaFree:               0 kB
MemTotal:       12113132 kB
MemFree:         6640756 kB
MemAvailable:    8060044 kB
Buffers:            4904 kB
Cached:          1666336 kB
SwapCached:            0 kB
Active:          1494212 kB
Inactive:        1480992 kB
Active(anon):    1310400 kB
Inactive(anon):    21804 kB
Active(file):     183812 kB
Inactive(file):  1459188 kB
Unevictable:        5552 kB
Mlocked:            5552 kB
SwapTotal:       3145724 kB
SwapFree:        3145724 kB
Dirty:               464 kB
Writeback:             0 kB
AnonPages:       1309376 kB
Mapped:           854320 kB
Shmem:             23740 kB
KReclaimable:     644992 kB
Slab:             222272 kB
SReclaimable:      74604 kB
SUnreclaim:       147668 kB
KernelStack:       47632 kB
PageTables:        67264 kB
NFS_Unstable:          0 kB
Bounce:                0 kB
WritebackTmp:          0 kB
CommitLimit:     9202288 kB
Committed_AS:   75251068 kB
VmallocTotal:   263061440 kB
VmallocUsed:      104692 kB
VmallocChunk:          0 kB
Percpu:             7648 kB
CmaTotal:         294912 kB
CmaFree:               0 kB
MemTotal:       12113132 kB
MemFree:         6640144 kB
MemAvailable:    8059440 kB
Buffers:            4904 kB
Cached:          1666348 kB
SwapCached:            0 kB
Active:          1494464 kB
Inactive:        1481004 kB
Active(anon):    1310652 kB
Inactive(anon):    21808 kB
Active(file):     183812 kB
Inactive(file):  1459196 kB
Unevictable:        5552 kB
Mlocked:            5552 kB
SwapTotal:       3145724 kB
SwapFree:        3145724 kB
Dirty:               476 kB
Writeback:             0 kB
AnonPages:       1309848 kB
Mapped:           854324 kB
Shmem:             23744 kB
KReclaimable:     644992 kB
Slab:             222292 kB
SReclaimable:      74604 kB
SUnreclaim:       147688 kB
KernelStack:       47632 kB
PageTables:        67264 kB
NFS_Unstable:          0 kB
Bounce:                0 kB
WritebackTmp:          0 kB
CommitLimit:     9202288 kB
Committed_AS:   75250768 kB
VmallocTotal:   263061440 kB
VmallocUsed:      104692 kB
VmallocChunk:          0 kB
Percpu:             7648 kB
CmaTotal:         294912 kB
CmaFree:               0 kB
MemTotal:       12113132 kB
MemFree:         6639708 kB
MemAvailable:    8059020 kB
Buffers:            4904 kB
Cached:          1666364 kB
SwapCached:            0 kB
Active:          1494836 kB
Inactive:        1481020 kB
Active(anon):    1311024 kB
Inactive(anon):    21808 kB
Active(file):     183812 kB
Inactive(file):  1459212 kB
Unevictable:        5552 kB
Mlocked:            5552 kB
SwapTotal:       3145724 kB
SwapFree:        3145724 kB
Dirty:               492 kB
Writeback:             0 kB
AnonPages:       1310228 kB
Mapped:           854324 kB
Shmem:             23744 kB
KReclaimable:     644992 kB
Slab:             222276 kB
SReclaimable:      74604 kB
SUnreclaim:       147672 kB
KernelStack:       47632 kB
PageTables:        67264 kB
NFS_Unstable:          0 kB
Bounce:                0 kB
WritebackTmp:          0 kB
CommitLimit:     9202288 kB
Committed_AS:   75250592 kB
VmallocTotal:   263061440 kB
VmallocUsed:      104676 kB
VmallocChunk:          0 kB
Percpu:             7648 kB
CmaTotal:         294912 kB
CmaFree:               0 kB
MemTotal:       12113132 kB
MemFree:         6650460 kB
MemAvailable:    8069780 kB
Buffers:            4904 kB
Cached:          1666372 kB
SwapCached:            0 kB
Active:          1483788 kB
Inactive:        1481028 kB
Active(anon):    1299976 kB
Inactive(anon):    21808 kB
Active(file):     183812 kB
Inactive(file):  1459220 kB
Unevictable:        5552 kB
Mlocked:            5552 kB
SwapTotal:       3145724 kB
SwapFree:        3145724 kB
Dirty:               512 kB
Writeback:             0 kB
AnonPages:       1299152 kB
Mapped:           854324 kB
Shmem:             23744 kB
KReclaimable:     644992 kB
Slab:             222288 kB
SReclaimable:      74604 kB
SUnreclaim:       147684 kB
KernelStack:       47632 kB
PageTables:        67264 kB
NFS_Unstable:          0 kB
Bounce:                0 kB
WritebackTmp:          0 kB
CommitLimit:     9202288 kB
Committed_AS:   75250820 kB
VmallocTotal:   263061440 kB
VmallocUsed:      104708 kB
VmallocChunk:          0 kB
Percpu:             7648 kB
CmaTotal:         294912 kB
CmaFree:               0 kB
MemTotal:       12113132 kB
MemFree:         6649020 kB
MemAvailable:    8068360 kB
Buffers:            4904 kB
Cached:          1666396 kB
SwapCached:            0 kB
Active:          1486128 kB
Inactive:        1481052 kB
Active(anon):    1302316 kB
Inactive(anon):    21812 kB
Active(file):     183812 kB
Inactive(file):  1459240 kB
Unevictable:        5552 kB
Mlocked:            5552 kB
SwapTotal:       3145724 kB
SwapFree:        3145724 kB
Dirty:               532 kB
Writeback:             0 kB
AnonPages:       1301484 kB
Mapped:           854328 kB
Shmem:             23748 kB
KReclaimable:     644992 kB
Slab:             222292 kB
SReclaimable:      74604 kB
SUnreclaim:       147688 kB
KernelStack:       47632 kB
PageTables:        67264 kB
NFS_Unstable:          0 kB
Bounce:                0 kB
WritebackTmp:          0 kB
CommitLimit:     9202288 kB
Committed_AS:   75250732 kB
VmallocTotal:   263061440 kB
VmallocUsed:      104724 kB
VmallocChunk:          0 kB
Percpu:             7648 kB
CmaTotal:         294912 kB
CmaFree:               4 kB
MemTotal:       12113132 kB
MemFree:         6648512 kB
MemAvailable:    8067860 kB
Buffers:            4904 kB
Cached:          1666408 kB
SwapCached:            0 kB
Active:          1485324 kB
Inactive:        1481064 kB
Active(anon):    1301512 kB
Inactive(anon):    21816 kB
Active(file):     183812 kB
Inactive(file):  1459248 kB
Unevictable:        5552 kB
Mlocked:            5552 kB
SwapTotal:       3145724 kB
SwapFree:        3145724 kB
Dirty:               596 kB
Writeback:             0 kB
AnonPages:       1300644 kB
Mapped:           854332 kB
Shmem:             23752 kB
KReclaimable:     644992 kB
Slab:             222308 kB
SReclaimable:      74604 kB
SUnreclaim:       147704 kB
KernelStack:       47632 kB
PageTables:        67268 kB
NFS_Unstable:          0 kB
Bounce:                0 kB
WritebackTmp:          0 kB
CommitLimit:     9202288 kB
Committed_AS:   75250656 kB
VmallocTotal:   263061440 kB
VmallocUsed:      104740 kB
VmallocChunk:          0 kB
Percpu:             7648 kB
CmaTotal:         294912 kB
CmaFree:               0 kB
MemTotal:       12113132 kB
MemFree:         6636516 kB
MemAvailable:    8055876 kB
Buffers:            4904 kB
Cached:          1669800 kB
SwapCached:            0 kB
Active:          1495412 kB
Inactive:        1484456 kB
Active(anon):    1311600 kB
Inactive(anon):    25196 kB
Active(file):     183812 kB
Inactive(file):  1459260 kB
Unevictable:        5552 kB
Mlocked:            5552 kB
SwapTotal:       3145724 kB
SwapFree:        3145724 kB
Dirty:               620 kB
Writeback:             0 kB
AnonPages:       1311012 kB
Mapped:           857712 kB
Shmem:             27132 kB
KReclaimable:     644992 kB
Slab:             222280 kB
SReclaimable:      74604 kB
SUnreclaim:       147676 kB
KernelStack:       47700 kB
PageTables:        67276 kB
NFS_Unstable:          0 kB
Bounce:                0 kB
WritebackTmp:          0 kB
CommitLimit:     9202288 kB
Committed_AS:   75259820 kB
VmallocTotal:   263061440 kB
VmallocUsed:      104756 kB
VmallocChunk:          0 kB
Percpu:             7648 kB
CmaTotal:         294912 kB
CmaFree:               0 kB
MemTotal:       12113132 kB
MemFree:         6639680 kB
MemAvailable:    8059160 kB
Buffers:            4904 kB
Cached:          1666532 kB
SwapCached:            0 kB
Active:          1495876 kB
Inactive:        1481188 kB
Active(anon):    1312064 kB
Inactive(anon):    21816 kB
Active(file):     183812 kB
Inactive(file):  1459372 kB
Unevictable:        5552 kB
Mlocked:            5552 kB
SwapTotal:       3145724 kB
SwapFree:        3145724 kB
Dirty:               732 kB
Writeback:             0 kB
AnonPages:       1311116 kB
Mapped:           854332 kB
Shmem:             23752 kB
KReclaimable:     645000 kB
Slab:             222304 kB
SReclaimable:      74612 kB
SUnreclaim:       147692 kB
KernelStack:       47680 kB
PageTables:        67272 kB
NFS_Unstable:          0 kB
Bounce:                0 kB
WritebackTmp:          0 kB
CommitLimit:     9202288 kB
Committed_AS:   75250864 kB
VmallocTotal:   263061440 kB
VmallocUsed:      104740 kB
VmallocChunk:          0 kB
Percpu:             7648 kB
CmaTotal:         294912 kB
CmaFree:               0 kB
MemTotal:       12113132 kB
MemFree:         6639844 kB
MemAvailable:    8059456 kB
Buffers:            4904 kB
Cached:          1666664 kB
SwapCached:            0 kB
Active:          1495144 kB
Inactive:        1481320 kB
Active(anon):    1311332 kB
Inactive(anon):    21816 kB
Active(file):     183812 kB
Inactive(file):  1459504 kB
Unevictable:        5552 kB
Mlocked:            5552 kB
SwapTotal:       3145724 kB
SwapFree:        3145724 kB
Dirty:               772 kB
Writeback:             0 kB
AnonPages:       1310644 kB
Mapped:           854332 kB
Shmem:             23752 kB
KReclaimable:     645000 kB
Slab:             222316 kB
SReclaimable:      74612 kB
SUnreclaim:       147704 kB
KernelStack:       47680 kB
PageTables:        67284 kB
NFS_Unstable:          0 kB
Bounce:                0 kB
WritebackTmp:          0 kB
CommitLimit:     9202288 kB
Committed_AS:   75251004 kB
VmallocTotal:   263061440 kB
VmallocUsed:      104724 kB
VmallocChunk:          0 kB
Percpu:             7648 kB
CmaTotal:         294912 kB
CmaFree:               0 kB
MemTotal:       12113132 kB
MemFree:         6631544 kB
MemAvailable:    8051168 kB
Buffers:            4904 kB
Cached:          1666892 kB
SwapCached:            0 kB
Active:          1502408 kB
Inactive:        1481548 kB
Active(anon):    1318596 kB
Inactive(anon):    22032 kB
Active(file):     183812 kB
Inactive(file):  1459516 kB
Unevictable:        5552 kB
Mlocked:            5552 kB
SwapTotal:       3145724 kB
SwapFree:        3145724 kB
Dirty:               800 kB
Writeback:             0 kB
AnonPages:       1317596 kB
Mapped:           854548 kB
Shmem:             23968 kB
KReclaimable:     645000 kB
Slab:             222316 kB
SReclaimable:      74612 kB
SUnreclaim:       147704 kB
KernelStack:       47680 kB
PageTables:        67312 kB
NFS_Unstable:          0 kB
Bounce:                0 kB
WritebackTmp:          0 kB
CommitLimit:     9202288 kB
Committed_AS:   75250652 kB
VmallocTotal:   263061440 kB
VmallocUsed:      104740 kB
VmallocChunk:          0 kB
Percpu:             7648 kB
CmaTotal:         294912 kB
CmaFree:               0 kB
MemTotal:       12113132 kB
MemFree:         6640456 kB
MemAvailable:    8060108 kB
Buffers:            4904 kB
Cached:          1666688 kB
SwapCached:            0 kB
Active:          1494944 kB
Inactive:        1481344 kB
Active(anon):    1311132 kB
Inactive(anon):    21816 kB
Active(file):     183812 kB
Inactive(file):  1459528 kB
Unevictable:        5552 kB
Mlocked:            5552 kB
SwapTotal:       3145724 kB
SwapFree:        3145724 kB
Dirty:               812 kB
Writeback:             0 kB
AnonPages:       1310224 kB
Mapped:           854332 kB
Shmem:             23752 kB
KReclaimable:     645016 kB
Slab:             222384 kB
SReclaimable:      74628 kB
SUnreclaim:       147756 kB
KernelStack:       47680 kB
PageTables:        67284 kB
NFS_Unstable:          0 kB
Bounce:                0 kB
WritebackTmp:          0 kB
CommitLimit:     9202288 kB
Committed_AS:   75250300 kB
VmallocTotal:   263061440 kB
VmallocUsed:      104756 kB
VmallocChunk:          0 kB
Percpu:             7648 kB
CmaTotal:         294912 kB
CmaFree:               0 kB
MemTotal:       12113132 kB
MemFree:         6639064 kB
MemAvailable:    8058764 kB
Buffers:            4904 kB
Cached:          1666708 kB
SwapCached:            0 kB
Active:          1496244 kB
Inactive:        1481364 kB
Active(anon):    1312432 kB
Inactive(anon):    21820 kB
Active(file):     183812 kB
Inactive(file):  1459544 kB
Unevictable:        5552 kB
Mlocked:            5552 kB
SwapTotal:       3145724 kB
SwapFree:        3145724 kB
Dirty:               828 kB
Writeback:             0 kB
AnonPages:       1311608 kB
Mapped:           854336 kB
Shmem:             23756 kB
KReclaimable:     645048 kB
Slab:             222368 kB
SReclaimable:      74660 kB
SUnreclaim:       147708 kB
KernelStack:       47664 kB
PageTables:        67272 kB
NFS_Unstable:          0 kB
Bounce:                0 kB
WritebackTmp:          0 kB
CommitLimit:     9202288 kB
Committed_AS:   75250048 kB
VmallocTotal:   263061440 kB
VmallocUsed:      104788 kB
VmallocChunk:          0 kB
Percpu:             7648 kB
CmaTotal:         294912 kB
CmaFree:               0 kB
MemTotal:       12113132 kB
MemFree:         6638244 kB
MemAvailable:    8057952 kB
Buffers:            4904 kB
Cached:          1666716 kB
SwapCached:            0 kB
Active:          1497284 kB
Inactive:        1481372 kB
Active(anon):    1313472 kB
Inactive(anon):    21820 kB
Active(file):     183812 kB
Inactive(file):  1459552 kB
Unevictable:        5552 kB
Mlocked:            5552 kB
SwapTotal:       3145724 kB
SwapFree:        3145724 kB
Dirty:               848 kB
Writeback:             0 kB
AnonPages:       1312712 kB
Mapped:           854336 kB
Shmem:             23756 kB
KReclaimable:     645048 kB
Slab:             222360 kB
SReclaimable:      74660 kB
SUnreclaim:       147700 kB
KernelStack:       47760 kB
PageTables:        67288 kB
NFS_Unstable:          0 kB
Bounce:                0 kB
WritebackTmp:          0 kB
CommitLimit:     9202288 kB
Committed_AS:   75250164 kB
VmallocTotal:   263061440 kB
VmallocUsed:      104804 kB
VmallocChunk:          0 kB
Percpu:             7648 kB
CmaTotal:         294912 kB
CmaFree:               0 kB
MemTotal:       12113132 kB
MemFree:         6636324 kB
MemAvailable:    8056044 kB
Buffers:            4904 kB
Cached:          1666728 kB
SwapCached:            0 kB
Active:          1497888 kB
Inactive:        1481384 kB
Active(anon):    1314076 kB
Inactive(anon):    21820 kB
Active(file):     183812 kB
Inactive(file):  1459564 kB
Unevictable:        5552 kB
Mlocked:            5552 kB
SwapTotal:       3145724 kB
SwapFree:        3145724 kB
Dirty:               860 kB
Writeback:             0 kB
AnonPages:       1313192 kB
Mapped:           854336 kB
Shmem:             23756 kB
KReclaimable:     645048 kB
Slab:             222364 kB
SReclaimable:      74660 kB
SUnreclaim:       147704 kB
KernelStack:       47760 kB
PageTables:        67272 kB
NFS_Unstable:          0 kB
Bounce:                0 kB
WritebackTmp:          0 kB
CommitLimit:     9202288 kB
Committed_AS:   75250968 kB
VmallocTotal:   263061440 kB
VmallocUsed:      104804 kB
VmallocChunk:          0 kB
Percpu:             7648 kB
CmaTotal:         294912 kB
CmaFree:               0 kB
MemTotal:       12113132 kB
MemFree:         6635524 kB
MemAvailable:    8055292 kB
Buffers:            4912 kB
Cached:          1666764 kB
SwapCached:            0 kB
Active:          1498752 kB
Inactive:        1481420 kB
Active(anon):    1314932 kB
Inactive(anon):    21820 kB
Active(file):     183820 kB
Inactive(file):  1459600 kB
Unevictable:        5552 kB
Mlocked:            5552 kB
SwapTotal:       3145724 kB
SwapFree:        3145724 kB
Dirty:               772 kB
Writeback:             0 kB
AnonPages:       1314192 kB
Mapped:           854336 kB
Shmem:             23756 kB
KReclaimable:     645052 kB
Slab:             222368 kB
SReclaimable:      74664 kB
SUnreclaim:       147704 kB
KernelStack:       47760 kB
PageTables:        67288 kB
NFS_Unstable:          0 kB
Bounce:                0 kB
WritebackTmp:          0 kB
CommitLimit:     9202288 kB
Committed_AS:   75250968 kB
VmallocTotal:   263061440 kB
VmallocUsed:      104820 kB
VmallocChunk:          0 kB
Percpu:             7648 kB
CmaTotal:         294912 kB
CmaFree:               0 kB
MemTotal:       12113132 kB
MemFree:         6634388 kB
MemAvailable:    8054172 kB
Buffers:            4912 kB
Cached:          1666780 kB
SwapCached:            0 kB
Active:          1499596 kB
Inactive:        1481436 kB
Active(anon):    1315776 kB
Inactive(anon):    21820 kB
Active(file):     183820 kB
Inactive(file):  1459616 kB
Unevictable:        5552 kB
Mlocked:            5552 kB
SwapTotal:       3145724 kB
SwapFree:        3145724 kB
Dirty:               800 kB
Writeback:             0 kB
AnonPages:       1315172 kB
Mapped:           854336 kB
Shmem:             23756 kB
KReclaimable:     645052 kB
Slab:             222372 kB
SReclaimable:      74664 kB
SUnreclaim:       147708 kB
KernelStack:       47760 kB
PageTables:        67272 kB
NFS_Unstable:          0 kB
Bounce:                0 kB
WritebackTmp:          0 kB
CommitLimit:     9202288 kB
Committed_AS:   75250880 kB
VmallocTotal:   263061440 kB
VmallocUsed:      104836 kB
VmallocChunk:          0 kB
Percpu:             7648 kB
CmaTotal:         294912 kB
CmaFree:               0 kB
MemTotal:       12113132 kB
MemFree:         6634584 kB
MemAvailable:    8054376 kB
Buffers:            4912 kB
Cached:          1666788 kB
SwapCached:            0 kB
Active:          1500132 kB
Inactive:        1481444 kB
Active(anon):    1316312 kB
Inactive(anon):    21820 kB
Active(file):     183820 kB
Inactive(file):  1459624 kB
Unevictable:        5552 kB
Mlocked:            5552 kB
SwapTotal:       3145724 kB
SwapFree:        3145724 kB
Dirty:               808 kB
Writeback:             0 kB
AnonPages:       1315512 kB
Mapped:           854336 kB
Shmem:             23756 kB
KReclaimable:     645052 kB
Slab:             222372 kB
SReclaimable:      74664 kB
SUnreclaim:       147708 kB
KernelStack:       47760 kB
PageTables:        67288 kB
NFS_Unstable:          0 kB
Bounce:                0 kB
WritebackTmp:          0 kB
CommitLimit:     9202288 kB
Committed_AS:   75250488 kB
VmallocTotal:   263061440 kB
VmallocUsed:      104852 kB
VmallocChunk:          0 kB
Percpu:             7648 kB
CmaTotal:         294912 kB
CmaFree:               0 kB
MemTotal:       12113132 kB
MemFree:         6633964 kB
MemAvailable:    8053768 kB
Buffers:            4912 kB
Cached:          1666800 kB
SwapCached:            0 kB
Active:          1500524 kB
Inactive:        1481456 kB
Active(anon):    1316704 kB
Inactive(anon):    21820 kB
Active(file):     183820 kB
Inactive(file):  1459636 kB
Unevictable:        5552 kB
Mlocked:            5552 kB
SwapTotal:       3145724 kB
SwapFree:        3145724 kB
Dirty:               820 kB
Writeback:             0 kB
AnonPages:       1315884 kB
Mapped:           854336 kB
Shmem:             23756 kB
KReclaimable:     645052 kB
Slab:             222380 kB
SReclaimable:      74664 kB
SUnreclaim:       147716 kB
KernelStack:       47760 kB
PageTables:        67272 kB
NFS_Unstable:          0 kB
Bounce:                0 kB
WritebackTmp:          0 kB
CommitLimit:     9202288 kB
Committed_AS:   75250540 kB
VmallocTotal:   263061440 kB
VmallocUsed:      104836 kB
VmallocChunk:          0 kB
Percpu:             7648 kB
CmaTotal:         294912 kB
CmaFree:               0 kB
MemTotal:       12113132 kB
MemFree:         6632932 kB
MemAvailable:    8052752 kB
Buffers:            4912 kB
Cached:          1666820 kB
SwapCached:            0 kB
Active:          1501380 kB
Inactive:        1481476 kB
Active(anon):    1317560 kB
Inactive(anon):    21824 kB
Active(file):     183820 kB
Inactive(file):  1459652 kB
Unevictable:        5552 kB
Mlocked:            5552 kB
SwapTotal:       3145724 kB
SwapFree:        3145724 kB
Dirty:               864 kB
Writeback:             0 kB
AnonPages:       1316772 kB
Mapped:           854340 kB
Shmem:             23760 kB
KReclaimable:     645052 kB
Slab:             222384 kB
SReclaimable:      74664 kB
SUnreclaim:       147720 kB
KernelStack:       47744 kB
PageTables:        67240 kB
NFS_Unstable:          0 kB
Bounce:                0 kB
WritebackTmp:          0 kB
CommitLimit:     9202288 kB
Committed_AS:   75249704 kB
VmallocTotal:   263061440 kB
VmallocUsed:      104852 kB
VmallocChunk:          0 kB
Percpu:             7648 kB
CmaTotal:         294912 kB
CmaFree:               0 kB
MemTotal:       12113132 kB
MemFree:         6632188 kB
MemAvailable:    8052016 kB
Buffers:            4912 kB
Cached:          1666828 kB
SwapCached:            0 kB
Active:          1502052 kB
Inactive:        1481484 kB
Active(anon):    1318232 kB
Inactive(anon):    21824 kB
Active(file):     183820 kB
Inactive(file):  1459660 kB
Unevictable:        5552 kB
Mlocked:            5552 kB
SwapTotal:       3145724 kB
SwapFree:        3145724 kB
Dirty:               872 kB
Writeback:             0 kB
AnonPages:       1317308 kB
Mapped:           854340 kB
Shmem:             23760 kB
KReclaimable:     645052 kB
Slab:             222376 kB
SReclaimable:      74664 kB
SUnreclaim:       147712 kB
KernelStack:       47760 kB
PageTables:        67272 kB
NFS_Unstable:          0 kB
Bounce:                0 kB
WritebackTmp:          0 kB
CommitLimit:     9202288 kB
Committed_AS:   75250892 kB
VmallocTotal:   263061440 kB
VmallocUsed:      104820 kB
VmallocChunk:          0 kB
Percpu:             7648 kB
CmaTotal:         294912 kB
CmaFree:               0 kB
MemTotal:       12113132 kB
MemFree:         6632228 kB
MemAvailable:    8052064 kB
Buffers:            4912 kB
Cached:          1666844 kB
SwapCached:            0 kB
Active:          1503024 kB
Inactive:        1481500 kB
Active(anon):    1319204 kB
Inactive(anon):    21832 kB
Active(file):     183820 kB
Inactive(file):  1459668 kB
Unevictable:        5552 kB
Mlocked:            5552 kB
SwapTotal:       3145724 kB
SwapFree:        3145724 kB
Dirty:               716 kB
Writeback:             0 kB
AnonPages:       1318304 kB
Mapped:           854348 kB
Shmem:             23768 kB
KReclaimable:     645052 kB
Slab:             222376 kB
SReclaimable:      74664 kB
SUnreclaim:       147712 kB
KernelStack:       47760 kB
PageTables:        67288 kB
NFS_Unstable:          0 kB
Bounce:                0 kB
WritebackTmp:          0 kB
CommitLimit:     9202288 kB
Committed_AS:   75250876 kB
VmallocTotal:   263061440 kB
VmallocUsed:      104836 kB
VmallocChunk:          0 kB
Percpu:             7648 kB
CmaTotal:         294912 kB
CmaFree:               0 kB
MemTotal:       12113132 kB
MemFree:         6632260 kB
MemAvailable:    8052108 kB
Buffers:            4912 kB
Cached:          1666856 kB
SwapCached:            0 kB
Active:          1503132 kB
Inactive:        1481508 kB
Active(anon):    1319308 kB
Inactive(anon):    21832 kB
Active(file):     183824 kB
Inactive(file):  1459676 kB
Unevictable:        5552 kB
Mlocked:            5552 kB
SwapTotal:       3145724 kB
SwapFree:        3145724 kB
Dirty:               744 kB
Writeback:             0 kB
AnonPages:       1318468 kB
Mapped:           854348 kB
Shmem:             23768 kB
KReclaimable:     645052 kB
Slab:             222380 kB
SReclaimable:      74664 kB
SUnreclaim:       147716 kB
KernelStack:       47760 kB
PageTables:        67276 kB
NFS_Unstable:          0 kB
Bounce:                0 kB
WritebackTmp:          0 kB
CommitLimit:     9202288 kB
Committed_AS:   75244296 kB
VmallocTotal:   263061440 kB
VmallocUsed:      104804 kB
VmallocChunk:          0 kB
Percpu:             7648 kB
CmaTotal:         294912 kB
CmaFree:               0 kB
MemTotal:       12113132 kB
MemFree:         6630516 kB
MemAvailable:    8050408 kB
Buffers:            4912 kB
Cached:          1666900 kB
SwapCached:            0 kB
Active:          1504348 kB
Inactive:        1481548 kB
Active(anon):    1320520 kB
Inactive(anon):    21832 kB
Active(file):     183828 kB
Inactive(file):  1459716 kB
Unevictable:        5552 kB
Mlocked:            5552 kB
SwapTotal:       3145724 kB
SwapFree:        3145724 kB
Dirty:               768 kB
Writeback:            24 kB
AnonPages:       1319744 kB
Mapped:           854348 kB
Shmem:             23768 kB
KReclaimable:     645052 kB
Slab:             222392 kB
SReclaimable:      74664 kB
SUnreclaim:       147728 kB
KernelStack:       47760 kB
PageTables:        67292 kB
NFS_Unstable:          0 kB
Bounce:                0 kB
WritebackTmp:          0 kB
CommitLimit:     9202288 kB
Committed_AS:   75246460 kB
VmallocTotal:   263061440 kB
VmallocUsed:      104820 kB
VmallocChunk:          0 kB
Percpu:             7648 kB
CmaTotal:         294912 kB
CmaFree:               0 kB
MemTotal:       12113132 kB
MemFree:         6630492 kB
MemAvailable:    8050372 kB
Buffers:            4912 kB
Cached:          1666888 kB
SwapCached:            0 kB
Active:          1504380 kB
Inactive:        1481540 kB
Active(anon):    1320556 kB
Inactive(anon):    21832 kB
Active(file):     183824 kB
Inactive(file):  1459708 kB
Unevictable:        5552 kB
Mlocked:            5552 kB
SwapTotal:       3145724 kB
SwapFree:        3145724 kB
Dirty:               804 kB
Writeback:             0 kB
AnonPages:       1319696 kB
Mapped:           854348 kB
Shmem:             23768 kB
KReclaimable:     645052 kB
Slab:             222388 kB
SReclaimable:      74664 kB
SUnreclaim:       147724 kB
KernelStack:       47760 kB
PageTables:        67276 kB
NFS_Unstable:          0 kB
Bounce:                0 kB
WritebackTmp:          0 kB
CommitLimit:     9202288 kB
Committed_AS:   75251508 kB
VmallocTotal:   263061440 kB
VmallocUsed:      104820 kB
VmallocChunk:          0 kB
Percpu:             7648 kB
CmaTotal:         294912 kB
CmaFree:               0 kB
MemTotal:       12113132 kB
MemFree:         6629328 kB
MemAvailable:    8049216 kB
Buffers:            4912 kB
Cached:          1666896 kB
SwapCached:            0 kB
Active:          1505236 kB
Inactive:        1481552 kB
Active(anon):    1321416 kB
Inactive(anon):    21832 kB
Active(file):     183820 kB
Inactive(file):  1459720 kB
Unevictable:        5552 kB
Mlocked:            5552 kB
SwapTotal:       3145724 kB
SwapFree:        3145724 kB
Dirty:               304 kB
Writeback:             0 kB
AnonPages:       1320676 kB
Mapped:           854348 kB
Shmem:             23768 kB
KReclaimable:     645052 kB
Slab:             222388 kB
SReclaimable:      74664 kB
SUnreclaim:       147724 kB
KernelStack:       47744 kB
PageTables:        67288 kB
NFS_Unstable:          0 kB
Bounce:                0 kB
WritebackTmp:          0 kB
CommitLimit:     9202288 kB
Committed_AS:   75250720 kB
VmallocTotal:   263061440 kB
VmallocUsed:      104836 kB
VmallocChunk:          0 kB
Percpu:             7648 kB
CmaTotal:         294912 kB
CmaFree:               0 kB
MemTotal:       12113132 kB
MemFree:         6628844 kB
MemAvailable:    8048752 kB
Buffers:            4912 kB
Cached:          1666916 kB
SwapCached:            0 kB
Active:          1505432 kB
Inactive:        1481568 kB
Active(anon):    1321608 kB
Inactive(anon):    21832 kB
Active(file):     183824 kB
Inactive(file):  1459736 kB
Unevictable:        5552 kB
Mlocked:            5552 kB
SwapTotal:       3145724 kB
SwapFree:        3145724 kB
Dirty:               276 kB
Writeback:             0 kB
AnonPages:       1320752 kB
Mapped:           854348 kB
Shmem:             23768 kB
KReclaimable:     645052 kB
Slab:             222388 kB
SReclaimable:      74664 kB
SUnreclaim:       147724 kB
KernelStack:       47744 kB
PageTables:        67276 kB
NFS_Unstable:          0 kB
Bounce:                0 kB
WritebackTmp:          0 kB
CommitLimit:     9202288 kB
Committed_AS:   75247756 kB
VmallocTotal:   263061440 kB
VmallocUsed:      104804 kB
VmallocChunk:          0 kB
Percpu:             7648 kB
CmaTotal:         294912 kB
CmaFree:               0 kB
MemTotal:       12113132 kB
MemFree:         6637272 kB
MemAvailable:    8057192 kB
Buffers:            4912 kB
Cached:          1666928 kB
SwapCached:            0 kB
Active:          1497744 kB
Inactive:        1481580 kB
Active(anon):    1313920 kB
Inactive(anon):    21832 kB
Active(file):     183824 kB
Inactive(file):  1459748 kB
Unevictable:        5552 kB
Mlocked:            5552 kB
SwapTotal:       3145724 kB
SwapFree:        3145724 kB
Dirty:               288 kB
Writeback:             0 kB
AnonPages:       1313196 kB
Mapped:           854348 kB
Shmem:             23768 kB
KReclaimable:     645052 kB
Slab:             222392 kB
SReclaimable:      74664 kB
SUnreclaim:       147728 kB
KernelStack:       47744 kB
PageTables:        67296 kB
NFS_Unstable:          0 kB
Bounce:                0 kB
WritebackTmp:          0 kB
CommitLimit:     9202288 kB
Committed_AS:   75247536 kB
VmallocTotal:   263061440 kB
VmallocUsed:      104852 kB
VmallocChunk:          0 kB
Percpu:             7648 kB
CmaTotal:         294912 kB
CmaFree:               0 kB
MemTotal:       12113132 kB
MemFree:         6635500 kB
MemAvailable:    8055436 kB
Buffers:            4912 kB
Cached:          1666944 kB
SwapCached:            0 kB
Active:          1498308 kB
Inactive:        1481596 kB
Active(anon):    1314484 kB
Inactive(anon):    21832 kB
Active(file):     183824 kB
Inactive(file):  1459764 kB
Unevictable:        5552 kB
Mlocked:            5552 kB
SwapTotal:       3145724 kB
SwapFree:        3145724 kB
Dirty:               332 kB
Writeback:             0 kB
AnonPages:       1313904 kB
Mapped:           854348 kB
Shmem:             23768 kB
KReclaimable:     645052 kB
Slab:             222384 kB
SReclaimable:      74664 kB
SUnreclaim:       147720 kB
KernelStack:       47744 kB
PageTables:        67284 kB
NFS_Unstable:          0 kB
Bounce:                0 kB
WritebackTmp:          0 kB
CommitLimit:     9202288 kB
Committed_AS:   75247844 kB
VmallocTotal:   263061440 kB
VmallocUsed:      104836 kB
VmallocChunk:          0 kB
Percpu:             7648 kB
CmaTotal:         294912 kB
CmaFree:               0 kB
MemTotal:       12113132 kB
MemFree:         6635640 kB
MemAvailable:    8055584 kB
Buffers:            4912 kB
Cached:          1666952 kB
SwapCached:            0 kB
Active:          1499356 kB
Inactive:        1481604 kB
Active(anon):    1315532 kB
Inactive(anon):    21832 kB
Active(file):     183824 kB
Inactive(file):  1459772 kB
Unevictable:        5552 kB
Mlocked:            5552 kB
SwapTotal:       3145724 kB
SwapFree:        3145724 kB
Dirty:               340 kB
Writeback:             0 kB
AnonPages:       1314728 kB
Mapped:           854348 kB
Shmem:             23768 kB
KReclaimable:     645052 kB
Slab:             222388 kB
SReclaimable:      74664 kB
SUnreclaim:       147724 kB
KernelStack:       47744 kB
PageTables:        67300 kB
NFS_Unstable:          0 kB
Bounce:                0 kB
WritebackTmp:          0 kB
CommitLimit:     9202288 kB
Committed_AS:   75250192 kB
VmallocTotal:   263061440 kB
VmallocUsed:      104852 kB
VmallocChunk:          0 kB
Percpu:             7648 kB
CmaTotal:         294912 kB
CmaFree:               0 kB
MemTotal:       12113132 kB
MemFree:         6634996 kB
MemAvailable:    8054972 kB
Buffers:            4916 kB
Cached:          1666980 kB
SwapCached:            0 kB
Active:          1499500 kB
Inactive:        1481632 kB
Active(anon):    1315672 kB
Inactive(anon):    21832 kB
Active(file):     183828 kB
Inactive(file):  1459800 kB
Unevictable:        5552 kB
Mlocked:            5552 kB
SwapTotal:       3145724 kB
SwapFree:        3145724 kB
Dirty:               332 kB
Writeback:             0 kB
AnonPages:       1314932 kB
Mapped:           854348 kB
Shmem:             23768 kB
KReclaimable:     645052 kB
Slab:             222388 kB
SReclaimable:      74664 kB
SUnreclaim:       147724 kB
KernelStack:       47760 kB
PageTables:        67412 kB
NFS_Unstable:          0 kB
Bounce:                0 kB
WritebackTmp:          0 kB
CommitLimit:     9202288 kB
Committed_AS:   75244708 kB
VmallocTotal:   263061440 kB
VmallocUsed:      104836 kB
VmallocChunk:          0 kB
Percpu:             7648 kB
CmaTotal:         294912 kB
CmaFree:               0 kB
MemTotal:       12113132 kB
MemFree:         6634516 kB
MemAvailable:    8054508 kB
Buffers:            4916 kB
Cached:          1666996 kB
SwapCached:            0 kB
Active:          1500360 kB
Inactive:        1481648 kB
Active(anon):    1316532 kB
Inactive(anon):    21832 kB
Active(file):     183828 kB
Inactive(file):  1459816 kB
Unevictable:        5552 kB
Mlocked:            5552 kB
SwapTotal:       3145724 kB
SwapFree:        3145724 kB
Dirty:               360 kB
Writeback:             0 kB
AnonPages:       1315764 kB
Mapped:           854348 kB
Shmem:             23768 kB
KReclaimable:     645052 kB
Slab:             222396 kB
SReclaimable:      74664 kB
SUnreclaim:       147732 kB
KernelStack:       47744 kB
PageTables:        67300 kB
NFS_Unstable:          0 kB
Bounce:                0 kB
WritebackTmp:          0 kB
CommitLimit:     9202288 kB
Committed_AS:   75243852 kB
VmallocTotal:   263061440 kB
VmallocUsed:      104852 kB
VmallocChunk:          0 kB
Percpu:             7648 kB
CmaTotal:         294912 kB
CmaFree:               0 kB
MemTotal:       12113132 kB
MemFree:         6632400 kB
MemAvailable:    8052400 kB
Buffers:            4916 kB
Cached:          1667004 kB
SwapCached:            0 kB
Active:          1501000 kB
Inactive:        1481656 kB
Active(anon):    1317172 kB
Inactive(anon):    21832 kB
Active(file):     183828 kB
Inactive(file):  1459824 kB
Unevictable:        5552 kB
Mlocked:            5552 kB
SwapTotal:       3145724 kB
SwapFree:        3145724 kB
Dirty:               384 kB
Writeback:             0 kB
AnonPages:       1316044 kB
Mapped:           854348 kB
Shmem:             23768 kB
KReclaimable:     645052 kB
Slab:             222392 kB
SReclaimable:      74664 kB
SUnreclaim:       147728 kB
KernelStack:       47744 kB
PageTables:        67288 kB
NFS_Unstable:          0 kB
Bounce:                0 kB
WritebackTmp:          0 kB
CommitLimit:     9202288 kB
Committed_AS:   75248208 kB
VmallocTotal:   263061440 kB
VmallocUsed:      104836 kB
VmallocChunk:          0 kB
Percpu:             7648 kB
CmaTotal:         294912 kB
CmaFree:               0 kB
MemTotal:       12113132 kB
MemFree:         6643484 kB
MemAvailable:    8063496 kB
Buffers:            4916 kB
Cached:          1667016 kB
SwapCached:            0 kB
Active:          1489896 kB
Inactive:        1481668 kB
Active(anon):    1306068 kB
Inactive(anon):    21832 kB
Active(file):     183828 kB
Inactive(file):  1459836 kB
Unevictable:        5552 kB
Mlocked:            5552 kB
SwapTotal:       3145724 kB
SwapFree:        3145724 kB
Dirty:               396 kB
Writeback:             0 kB
AnonPages:       1305292 kB
Mapped:           854348 kB
Shmem:             23768 kB
KReclaimable:     645052 kB
Slab:             222392 kB
SReclaimable:      74664 kB
SUnreclaim:       147728 kB
KernelStack:       47744 kB
PageTables:        67300 kB
NFS_Unstable:          0 kB
Bounce:                0 kB
WritebackTmp:          0 kB
CommitLimit:     9202288 kB
Committed_AS:   75252964 kB
VmallocTotal:   263061440 kB
VmallocUsed:      104820 kB
VmallocChunk:          0 kB
Percpu:             7648 kB
CmaTotal:         294912 kB
CmaFree:               0 kB
MemTotal:       12113132 kB
MemFree:         6643056 kB
MemAvailable:    8063080 kB
Buffers:            4916 kB
Cached:          1667028 kB
SwapCached:            0 kB
Active:          1490940 kB
Inactive:        1481680 kB
Active(anon):    1307112 kB
Inactive(anon):    21832 kB
Active(file):     183828 kB
Inactive(file):  1459848 kB
Unevictable:        5552 kB
Mlocked:            5552 kB
SwapTotal:       3145724 kB
SwapFree:        3145724 kB
Dirty:               420 kB
Writeback:             0 kB
AnonPages:       1306340 kB
Mapped:           854348 kB
Shmem:             23768 kB
KReclaimable:     645052 kB
Slab:             222400 kB
SReclaimable:      74664 kB
SUnreclaim:       147736 kB
KernelStack:       47744 kB
PageTables:        67292 kB
NFS_Unstable:          0 kB
Bounce:                0 kB
WritebackTmp:          0 kB
CommitLimit:     9202288 kB
Committed_AS:   75252976 kB
VmallocTotal:   263061440 kB
VmallocUsed:      104804 kB
VmallocChunk:          0 kB
Percpu:             7648 kB
CmaTotal:         294912 kB
CmaFree:               0 kB
MemTotal:       12113132 kB
MemFree:         6643332 kB
MemAvailable:    8063364 kB
Buffers:            4916 kB
Cached:          1667036 kB
SwapCached:            0 kB
Active:          1491740 kB
Inactive:        1481688 kB
Active(anon):    1307912 kB
Inactive(anon):    21832 kB
Active(file):     183828 kB
Inactive(file):  1459856 kB
Unevictable:        5552 kB
Mlocked:            5552 kB
SwapTotal:       3145724 kB
SwapFree:        3145724 kB
Dirty:               428 kB
Writeback:             0 kB
AnonPages:       1307268 kB
Mapped:           854348 kB
Shmem:             23768 kB
KReclaimable:     645052 kB
Slab:             222396 kB
SReclaimable:      74664 kB
SUnreclaim:       147732 kB
KernelStack:       47760 kB
PageTables:        67432 kB
NFS_Unstable:          0 kB
Bounce:                0 kB
WritebackTmp:          0 kB
CommitLimit:     9202288 kB
Committed_AS:   75247136 kB
VmallocTotal:   263061440 kB
VmallocUsed:      104804 kB
VmallocChunk:          0 kB
Percpu:             7648 kB
CmaTotal:         294912 kB
CmaFree:               0 kB
MemTotal:       12113132 kB
MemFree:         6641664 kB
MemAvailable:    8061704 kB
Buffers:            4916 kB
Cached:          1667044 kB
SwapCached:            0 kB
Active:          1492460 kB
Inactive:        1481696 kB
Active(anon):    1308632 kB
Inactive(anon):    21832 kB
Active(file):     183828 kB
Inactive(file):  1459864 kB
Unevictable:        5552 kB
Mlocked:            5552 kB
SwapTotal:       3145724 kB
SwapFree:        3145724 kB
Dirty:               436 kB
Writeback:             0 kB
AnonPages:       1307848 kB
Mapped:           854348 kB
Shmem:             23768 kB
KReclaimable:     645052 kB
Slab:             222396 kB
SReclaimable:      74664 kB
SUnreclaim:       147732 kB
KernelStack:       47744 kB
PageTables:        67308 kB
NFS_Unstable:          0 kB
Bounce:                0 kB
WritebackTmp:          0 kB
CommitLimit:     9202288 kB
Committed_AS:   75246864 kB
VmallocTotal:   263061440 kB
VmallocUsed:      104836 kB
VmallocChunk:          0 kB
Percpu:             7648 kB
CmaTotal:         294912 kB
CmaFree:               0 kB
MemTotal:       12113132 kB
MemFree:         6641388 kB
MemAvailable:    8061444 kB
Buffers:            4916 kB
Cached:          1667060 kB
SwapCached:            0 kB
Active:          1492756 kB
Inactive:        1481712 kB
Active(anon):    1308928 kB
Inactive(anon):    21832 kB
Active(file):     183828 kB
Inactive(file):  1459880 kB
Unevictable:        5552 kB
Mlocked:            5552 kB
SwapTotal:       3145724 kB
SwapFree:        3145724 kB
Dirty:               396 kB
Writeback:             0 kB
AnonPages:       1308120 kB
Mapped:           854348 kB
Shmem:             23768 kB
KReclaimable:     645052 kB
Slab:             222404 kB
SReclaimable:      74664 kB
SUnreclaim:       147740 kB
KernelStack:       47744 kB
PageTables:        67292 kB
NFS_Unstable:          0 kB
Bounce:                0 kB
WritebackTmp:          0 kB
CommitLimit:     9202288 kB
Committed_AS:   75246660 kB
VmallocTotal:   263061440 kB
VmallocUsed:      104820 kB
VmallocChunk:          0 kB
Percpu:             7648 kB
CmaTotal:         294912 kB
CmaFree:               0 kB
MemTotal:       12113132 kB
MemFree:         6640028 kB
MemAvailable:    8060100 kB
Buffers:            4916 kB
Cached:          1667076 kB
SwapCached:            0 kB
Active:          1493784 kB
Inactive:        1481728 kB
Active(anon):    1309956 kB
Inactive(anon):    21832 kB
Active(file):     183828 kB
Inactive(file):  1459896 kB
Unevictable:        5552 kB
Mlocked:            5552 kB
SwapTotal:       3145724 kB
SwapFree:        3145724 kB
Dirty:               424 kB
Writeback:             0 kB
AnonPages:       1309192 kB
Mapped:           854348 kB
Shmem:             23768 kB
KReclaimable:     645052 kB
Slab:             222408 kB
SReclaimable:      74664 kB
SUnreclaim:       147744 kB
KernelStack:       47744 kB
PageTables:        67304 kB
NFS_Unstable:          0 kB
Bounce:                0 kB
WritebackTmp:          0 kB
CommitLimit:     9202288 kB
Committed_AS:   75247092 kB
VmallocTotal:   263061440 kB
VmallocUsed:      104804 kB
VmallocChunk:          0 kB
Percpu:             7648 kB
CmaTotal:         294912 kB
CmaFree:               0 kB
MemTotal:       12113132 kB
MemFree:         6640908 kB
MemAvailable:    8061004 kB
Buffers:            4916 kB
Cached:          1667100 kB
SwapCached:            0 kB
Active:          1495100 kB
Inactive:        1481752 kB
Active(anon):    1311272 kB
Inactive(anon):    21832 kB
Active(file):     183828 kB
Inactive(file):  1459920 kB
Unevictable:        5552 kB
Mlocked:            5552 kB
SwapTotal:       3145724 kB
SwapFree:        3145724 kB
Dirty:               452 kB
Writeback:             0 kB
AnonPages:       1310048 kB
Mapped:           854348 kB
Shmem:             23768 kB
KReclaimable:     645052 kB
Slab:             222408 kB
SReclaimable:      74664 kB
SUnreclaim:       147744 kB
KernelStack:       47760 kB
PageTables:        67324 kB
NFS_Unstable:          0 kB
Bounce:                0 kB
WritebackTmp:          0 kB
CommitLimit:     9202288 kB
Committed_AS:   75241564 kB
VmallocTotal:   263061440 kB
VmallocUsed:      104772 kB
VmallocChunk:          0 kB
Percpu:             7648 kB
CmaTotal:         294912 kB
CmaFree:               0 kB
MemTotal:       12113132 kB
MemFree:         6638628 kB
MemAvailable:    8058736 kB
Buffers:            4916 kB
Cached:          1676168 kB
SwapCached:            0 kB
Active:          1489020 kB
Inactive:        1490816 kB
Active(anon):    1305188 kB
Inactive(anon):    30888 kB
Active(file):     183832 kB
Inactive(file):  1459928 kB
Unevictable:        5552 kB
Mlocked:            5552 kB
SwapTotal:       3145724 kB
SwapFree:        3145724 kB
Dirty:               500 kB
Writeback:             0 kB
AnonPages:       1304652 kB
Mapped:           863404 kB
Shmem:             32824 kB
KReclaimable:     645052 kB
Slab:             222420 kB
SReclaimable:      74664 kB
SUnreclaim:       147756 kB
KernelStack:       47744 kB
PageTables:        67340 kB
NFS_Unstable:          0 kB
Bounce:                0 kB
WritebackTmp:          0 kB
CommitLimit:     9202288 kB
Committed_AS:   75256016 kB
VmallocTotal:   263061440 kB
VmallocUsed:      104756 kB
VmallocChunk:          0 kB
Percpu:             7648 kB
CmaTotal:         294912 kB
CmaFree:               0 kB
MemTotal:       12113132 kB
MemFree:         6620628 kB
MemAvailable:    8040748 kB
Buffers:            4916 kB
Cached:          1667124 kB
SwapCached:            0 kB
Active:          1514288 kB
Inactive:        1481772 kB
Active(anon):    1330456 kB
Inactive(anon):    21832 kB
Active(file):     183832 kB
Inactive(file):  1459940 kB
Unevictable:        5552 kB
Mlocked:            5552 kB
SwapTotal:       3145724 kB
SwapFree:        3145724 kB
Dirty:               240 kB
Writeback:             0 kB
AnonPages:       1329624 kB
Mapped:           854348 kB
Shmem:             23768 kB
KReclaimable:     645052 kB
Slab:             222436 kB
SReclaimable:      74664 kB
SUnreclaim:       147772 kB
KernelStack:       47744 kB
PageTables:        67316 kB
NFS_Unstable:          0 kB
Bounce:                0 kB
WritebackTmp:          0 kB
CommitLimit:     9202288 kB
Committed_AS:   75251288 kB
VmallocTotal:   263061440 kB
VmallocUsed:      104820 kB
VmallocChunk:          0 kB
Percpu:             7648 kB
CmaTotal:         294912 kB
CmaFree:               0 kB
MemTotal:       12113132 kB
MemFree:         6624832 kB
MemAvailable:    8044964 kB
Buffers:            4916 kB
Cached:          1667136 kB
SwapCached:            0 kB
Active:          1509520 kB
Inactive:        1481784 kB
Active(anon):    1325688 kB
Inactive(anon):    21832 kB
Active(file):     183832 kB
Inactive(file):  1459952 kB
Unevictable:        5552 kB
Mlocked:            5552 kB
SwapTotal:       3145724 kB
SwapFree:        3145724 kB
Dirty:               320 kB
Writeback:             0 kB
AnonPages:       1324844 kB
Mapped:           854408 kB
Shmem:             23768 kB
KReclaimable:     645052 kB
Slab:             222476 kB
SReclaimable:      74664 kB
SUnreclaim:       147812 kB
KernelStack:       47744 kB
PageTables:        67300 kB
NFS_Unstable:          0 kB
Bounce:                0 kB
WritebackTmp:          0 kB
CommitLimit:     9202288 kB
Committed_AS:   75251112 kB
VmallocTotal:   263061440 kB
VmallocUsed:      104836 kB
VmallocChunk:          0 kB
Percpu:             7648 kB
CmaTotal:         294912 kB
CmaFree:               0 kB
MemTotal:       12113132 kB
MemFree:         6624232 kB
MemAvailable:    8044372 kB
Buffers:            4916 kB
Cached:          1667144 kB
SwapCached:            0 kB
Active:          1510112 kB
Inactive:        1481792 kB
Active(anon):    1326280 kB
Inactive(anon):    21832 kB
Active(file):     183832 kB
Inactive(file):  1459960 kB
Unevictable:        5552 kB
Mlocked:            5552 kB
SwapTotal:       3145724 kB
SwapFree:        3145724 kB
Dirty:               340 kB
Writeback:             0 kB
AnonPages:       1325472 kB
Mapped:           854408 kB
Shmem:             23768 kB
KReclaimable:     645052 kB
Slab:             222472 kB
SReclaimable:      74664 kB
SUnreclaim:       147808 kB
KernelStack:       47744 kB
PageTables:        67312 kB
NFS_Unstable:          0 kB
Bounce:                0 kB
WritebackTmp:          0 kB
CommitLimit:     9202288 kB
Committed_AS:   75250768 kB
VmallocTotal:   263061440 kB
VmallocUsed:      104820 kB
VmallocChunk:          0 kB
Percpu:             7648 kB
CmaTotal:         294912 kB
CmaFree:               0 kB
MemTotal:       12113132 kB
MemFree:         6623280 kB
MemAvailable:    8043436 kB
Buffers:            4916 kB
Cached:          1667180 kB
SwapCached:            0 kB
Active:          1510736 kB
Inactive:        1481828 kB
Active(anon):    1326904 kB
Inactive(anon):    21852 kB
Active(file):     183832 kB
Inactive(file):  1459976 kB
Unevictable:        5552 kB
Mlocked:            5552 kB
SwapTotal:       3145724 kB
SwapFree:        3145724 kB
Dirty:               388 kB
Writeback:             0 kB
AnonPages:       1325760 kB
Mapped:           854428 kB
Shmem:             23788 kB
KReclaimable:     645052 kB
Slab:             222420 kB
SReclaimable:      74664 kB
SUnreclaim:       147756 kB
KernelStack:       47744 kB
PageTables:        67312 kB
NFS_Unstable:          0 kB
Bounce:                0 kB
WritebackTmp:          0 kB
CommitLimit:     9202288 kB
Committed_AS:   75250760 kB
VmallocTotal:   263061440 kB
VmallocUsed:      104820 kB
VmallocChunk:          0 kB
Percpu:             7648 kB
CmaTotal:         294912 kB
CmaFree:               0 kB
MemTotal:       12113132 kB
MemFree:         6623376 kB
MemAvailable:    8043556 kB
Buffers:            4920 kB
Cached:          1667200 kB
SwapCached:            0 kB
Active:          1511388 kB
Inactive:        1481848 kB
Active(anon):    1327552 kB
Inactive(anon):    21852 kB
Active(file):     183836 kB
Inactive(file):  1459996 kB
Unevictable:        5552 kB
Mlocked:            5552 kB
SwapTotal:       3145724 kB
SwapFree:        3145724 kB
Dirty:               376 kB
Writeback:             0 kB
AnonPages:       1326940 kB
Mapped:           854428 kB
Shmem:             23788 kB
KReclaimable:     645052 kB
Slab:             222424 kB
SReclaimable:      74664 kB
SUnreclaim:       147760 kB
KernelStack:       47744 kB
PageTables:        67328 kB
NFS_Unstable:          0 kB
Bounce:                0 kB
WritebackTmp:          0 kB
CommitLimit:     9202288 kB
Committed_AS:   75251508 kB
VmallocTotal:   263061440 kB
VmallocUsed:      104820 kB
VmallocChunk:          0 kB
Percpu:             7648 kB
CmaTotal:         294912 kB
CmaFree:               0 kB
MemTotal:       12113132 kB
MemFree:         6621280 kB
MemAvailable:    8041476 kB
Buffers:            4920 kB
Cached:          1667220 kB
SwapCached:            0 kB
Active:          1512892 kB
Inactive:        1481868 kB
Active(anon):    1329056 kB
Inactive(anon):    21856 kB
Active(file):     183836 kB
Inactive(file):  1460012 kB
Unevictable:        5552 kB
Mlocked:            5552 kB
SwapTotal:       3145724 kB
SwapFree:        3145724 kB
Dirty:               240 kB
Writeback:             0 kB
AnonPages:       1328084 kB
Mapped:           854432 kB
Shmem:             23792 kB
KReclaimable:     645052 kB
Slab:             222432 kB
SReclaimable:      74664 kB
SUnreclaim:       147768 kB
KernelStack:       47744 kB
PageTables:        67312 kB
NFS_Unstable:          0 kB
Bounce:                0 kB
WritebackTmp:          0 kB
CommitLimit:     9202288 kB
Committed_AS:   75242476 kB
VmallocTotal:   263061440 kB
VmallocUsed:      104788 kB
VmallocChunk:          0 kB
Percpu:             7648 kB
CmaTotal:         294912 kB
CmaFree:               0 kB
MemTotal:       12113132 kB
MemFree:         6621596 kB
MemAvailable:    8041800 kB
Buffers:            4920 kB
Cached:          1667228 kB
SwapCached:            0 kB
Active:          1513716 kB
Inactive:        1481876 kB
Active(anon):    1329880 kB
Inactive(anon):    21856 kB
Active(file):     183836 kB
Inactive(file):  1460020 kB
Unevictable:        5552 kB
Mlocked:            5552 kB
SwapTotal:       3145724 kB
SwapFree:        3145724 kB
Dirty:               296 kB
Writeback:             0 kB
AnonPages:       1329044 kB
Mapped:           854432 kB
Shmem:             23792 kB
KReclaimable:     645052 kB
Slab:             222432 kB
SReclaimable:      74664 kB
SUnreclaim:       147768 kB
KernelStack:       47744 kB
PageTables:        67328 kB
NFS_Unstable:          0 kB
Bounce:                0 kB
WritebackTmp:          0 kB
CommitLimit:     9202288 kB
Committed_AS:   75257468 kB
VmallocTotal:   263061440 kB
VmallocUsed:      104820 kB
VmallocChunk:          0 kB
Percpu:             7648 kB
CmaTotal:         294912 kB
CmaFree:               0 kB
MemTotal:       12113132 kB
MemFree:         6619260 kB
MemAvailable:    8039480 kB
Buffers:            4920 kB
Cached:          1667244 kB
SwapCached:            0 kB
Active:          1514412 kB
Inactive:        1481892 kB
Active(anon):    1330576 kB
Inactive(anon):    21856 kB
Active(file):     183836 kB
Inactive(file):  1460036 kB
Unevictable:        5552 kB
Mlocked:            5552 kB
SwapTotal:       3145724 kB
SwapFree:        3145724 kB
Dirty:               328 kB
Writeback:             0 kB
AnonPages:       1329608 kB
Mapped:           854432 kB
Shmem:             23792 kB
KReclaimable:     645052 kB
Slab:             222428 kB
SReclaimable:      74664 kB
SUnreclaim:       147764 kB
KernelStack:       47744 kB
PageTables:        67312 kB
NFS_Unstable:          0 kB
Bounce:                0 kB
WritebackTmp:          0 kB
CommitLimit:     9202288 kB
Committed_AS:   75256956 kB
VmallocTotal:   263061440 kB
VmallocUsed:      104836 kB
VmallocChunk:          0 kB
Percpu:             7648 kB
CmaTotal:         294912 kB
CmaFree:               0 kB
MemTotal:       12113132 kB
MemFree:         6618696 kB
MemAvailable:    8038924 kB
Buffers:            4920 kB
Cached:          1667252 kB
SwapCached:            0 kB
Active:          1514844 kB
Inactive:        1481896 kB
Active(anon):    1331004 kB
Inactive(anon):    21856 kB
Active(file):     183840 kB
Inactive(file):  1460040 kB
Unevictable:        5552 kB
Mlocked:            5552 kB
SwapTotal:       3145724 kB
SwapFree:        3145724 kB
Dirty:               336 kB
Writeback:             0 kB
AnonPages:       1330548 kB
Mapped:           854432 kB
Shmem:             23792 kB
KReclaimable:     645052 kB
Slab:             222428 kB
SReclaimable:      74664 kB
SUnreclaim:       147764 kB
KernelStack:       47744 kB
PageTables:        67328 kB
NFS_Unstable:          0 kB
Bounce:                0 kB
WritebackTmp:          0 kB
CommitLimit:     9202288 kB
Committed_AS:   75258692 kB
VmallocTotal:   263061440 kB
VmallocUsed:      104852 kB
VmallocChunk:          0 kB
Percpu:             7648 kB
CmaTotal:         294912 kB
CmaFree:               0 kB
MemTotal:       12113132 kB
MemFree:         6618624 kB
MemAvailable:    8038864 kB
Buffers:            4920 kB
Cached:          1667272 kB
SwapCached:            0 kB
Active:          1515060 kB
Inactive:        1481916 kB
Active(anon):    1331220 kB
Inactive(anon):    21864 kB
Active(file):     183840 kB
Inactive(file):  1460052 kB
Unevictable:        5552 kB
Mlocked:            5552 kB
SwapTotal:       3145724 kB
SwapFree:        3145724 kB
Dirty:               360 kB
Writeback:             0 kB
AnonPages:       1330492 kB
Mapped:           854440 kB
Shmem:             23800 kB
KReclaimable:     645052 kB
Slab:             222412 kB
SReclaimable:      74664 kB
SUnreclaim:       147748 kB
KernelStack:       47744 kB
PageTables:        67316 kB
NFS_Unstable:          0 kB
Bounce:                0 kB
WritebackTmp:          0 kB
CommitLimit:     9202288 kB
Committed_AS:   75259000 kB
VmallocTotal:   263061440 kB
VmallocUsed:      104852 kB
VmallocChunk:          0 kB
Percpu:             7648 kB
CmaTotal:         294912 kB
CmaFree:               0 kB
MemTotal:       12113132 kB
MemFree:         6620424 kB
MemAvailable:    8040676 kB
Buffers:            4920 kB
Cached:          1667284 kB
SwapCached:            0 kB
Active:          1512676 kB
Inactive:        1481924 kB
Active(anon):    1328832 kB
Inactive(anon):    21864 kB
Active(file):     183844 kB
Inactive(file):  1460060 kB
Unevictable:        5552 kB
Mlocked:            5552 kB
SwapTotal:       3145724 kB
SwapFree:        3145724 kB
Dirty:               212 kB
Writeback:             0 kB
AnonPages:       1328104 kB
Mapped:           854440 kB
Shmem:             23800 kB
KReclaimable:     645052 kB
Slab:             222440 kB
SReclaimable:      74664 kB
SUnreclaim:       147776 kB
KernelStack:       47744 kB
PageTables:        67324 kB
NFS_Unstable:          0 kB
Bounce:                0 kB
WritebackTmp:          0 kB
CommitLimit:     9202288 kB
Committed_AS:   75254364 kB
VmallocTotal:   263061440 kB
VmallocUsed:      104804 kB
VmallocChunk:          0 kB
Percpu:             7648 kB
CmaTotal:         294912 kB
CmaFree:             328 kB
MemTotal:       12113132 kB
MemFree:         6619584 kB
MemAvailable:    8039844 kB
Buffers:            4920 kB
Cached:          1667292 kB
SwapCached:            0 kB
Active:          1513276 kB
Inactive:        1481932 kB
Active(anon):    1329432 kB
Inactive(anon):    21864 kB
Active(file):     183844 kB
Inactive(file):  1460068 kB
Unevictable:        5552 kB
Mlocked:            5552 kB
SwapTotal:       3145724 kB
SwapFree:        3145724 kB
Dirty:               240 kB
Writeback:             0 kB
AnonPages:       1328560 kB
Mapped:           854440 kB
Shmem:             23800 kB
KReclaimable:     645052 kB
Slab:             222432 kB
SReclaimable:      74664 kB
SUnreclaim:       147768 kB
KernelStack:       47744 kB
PageTables:        67312 kB
NFS_Unstable:          0 kB
Bounce:                0 kB
WritebackTmp:          0 kB
CommitLimit:     9202288 kB
Committed_AS:   75258784 kB
VmallocTotal:   263061440 kB
VmallocUsed:      104820 kB
VmallocChunk:          0 kB
Percpu:             7648 kB
CmaTotal:         294912 kB
CmaFree:               0 kB
MemTotal:       12113132 kB
MemFree:         6619504 kB
MemAvailable:    8039780 kB
Buffers:            4920 kB
Cached:          1667308 kB
SwapCached:            0 kB
Active:          1513964 kB
Inactive:        1481948 kB
Active(anon):    1330120 kB
Inactive(anon):    21864 kB
Active(file):     183844 kB
Inactive(file):  1460084 kB
Unevictable:        5552 kB
Mlocked:            5552 kB
SwapTotal:       3145724 kB
SwapFree:        3145724 kB
Dirty:               284 kB
Writeback:             0 kB
AnonPages:       1329444 kB
Mapped:           854440 kB
Shmem:             23800 kB
KReclaimable:     645052 kB
Slab:             222444 kB
SReclaimable:      74664 kB
SUnreclaim:       147780 kB
KernelStack:       47744 kB
PageTables:        67328 kB
NFS_Unstable:          0 kB
Bounce:                0 kB
WritebackTmp:          0 kB
CommitLimit:     9202288 kB
Committed_AS:   75258480 kB
VmallocTotal:   263061440 kB
VmallocUsed:      104836 kB
VmallocChunk:          0 kB
Percpu:             7648 kB
CmaTotal:         294912 kB
CmaFree:               0 kB
MemTotal:       12113132 kB
MemFree:         6619964 kB
MemAvailable:    8040252 kB
Buffers:            4920 kB
Cached:          1667328 kB
SwapCached:            0 kB
Active:          1513176 kB
Inactive:        1481968 kB
Active(anon):    1329332 kB
Inactive(anon):    21872 kB
Active(file):     183844 kB
Inactive(file):  1460096 kB
Unevictable:        5552 kB
Mlocked:            5552 kB
SwapTotal:       3145724 kB
SwapFree:        3145724 kB
Dirty:               296 kB
Writeback:             0 kB
AnonPages:       1328404 kB
Mapped:           854448 kB
Shmem:             23808 kB
KReclaimable:     645052 kB
Slab:             222428 kB
SReclaimable:      74664 kB
SUnreclaim:       147764 kB
KernelStack:       47728 kB
PageTables:        67324 kB
NFS_Unstable:          0 kB
Bounce:                0 kB
WritebackTmp:          0 kB
CommitLimit:     9202288 kB
Committed_AS:   75258868 kB
VmallocTotal:   263061440 kB
VmallocUsed:      104788 kB
VmallocChunk:          0 kB
Percpu:             7648 kB
CmaTotal:         294912 kB
CmaFree:               0 kB
MemTotal:       12113132 kB
MemFree:         6619196 kB
MemAvailable:    8039512 kB
Buffers:            4920 kB
Cached:          1667356 kB
SwapCached:            0 kB
Active:          1513928 kB
Inactive:        1481996 kB
Active(anon):    1330084 kB
Inactive(anon):    21872 kB
Active(file):     183844 kB
Inactive(file):  1460124 kB
Unevictable:        5552 kB
Mlocked:            5552 kB
SwapTotal:       3145724 kB
SwapFree:        3145724 kB
Dirty:               332 kB
Writeback:             0 kB
AnonPages:       1329208 kB
Mapped:           854448 kB
Shmem:             23808 kB
KReclaimable:     645052 kB
Slab:             222436 kB
SReclaimable:      74664 kB
SUnreclaim:       147772 kB
KernelStack:       47728 kB
PageTables:        67324 kB
NFS_Unstable:          0 kB
Bounce:                0 kB
WritebackTmp:          0 kB
CommitLimit:     9202288 kB
Committed_AS:   75254328 kB
VmallocTotal:   263061440 kB
VmallocUsed:      104804 kB
VmallocChunk:          0 kB
Percpu:             7648 kB
CmaTotal:         294912 kB
CmaFree:               0 kB
MemTotal:       12113132 kB
MemFree:         6620172 kB
MemAvailable:    8040512 kB
Buffers:            4920 kB
Cached:          1667384 kB
SwapCached:            0 kB
Active:          1514104 kB
Inactive:        1482024 kB
Active(anon):    1330260 kB
Inactive(anon):    21876 kB
Active(file):     183844 kB
Inactive(file):  1460148 kB
Unevictable:        5552 kB
Mlocked:            5552 kB
SwapTotal:       3145724 kB
SwapFree:        3145724 kB
Dirty:               196 kB
Writeback:             0 kB
AnonPages:       1329172 kB
Mapped:           854452 kB
Shmem:             23812 kB
KReclaimable:     645052 kB
Slab:             222432 kB
SReclaimable:      74664 kB
SUnreclaim:       147768 kB
KernelStack:       47728 kB
PageTables:        67312 kB
NFS_Unstable:          0 kB
Bounce:                0 kB
WritebackTmp:          0 kB
CommitLimit:     9202288 kB
Committed_AS:   75248360 kB
VmallocTotal:   263061440 kB
VmallocUsed:      104804 kB
VmallocChunk:          0 kB
Percpu:             7648 kB
CmaTotal:         294912 kB
CmaFree:               0 kB
MemTotal:       12113132 kB
MemFree:         6618968 kB
MemAvailable:    8039312 kB
Buffers:            4920 kB
Cached:          1667388 kB
SwapCached:            0 kB
Active:          1514840 kB
Inactive:        1482024 kB
Active(anon):    1330992 kB
Inactive(anon):    21876 kB
Active(file):     183848 kB
Inactive(file):  1460148 kB
Unevictable:        5552 kB
Mlocked:            5552 kB
SwapTotal:       3145724 kB
SwapFree:        3145724 kB
Dirty:               224 kB
Writeback:             0 kB
AnonPages:       1330280 kB
Mapped:           854452 kB
Shmem:             23812 kB
KReclaimable:     645052 kB
Slab:             222432 kB
SReclaimable:      74664 kB
SUnreclaim:       147768 kB
KernelStack:       47728 kB
PageTables:        67328 kB
NFS_Unstable:          0 kB
Bounce:                0 kB
WritebackTmp:          0 kB
CommitLimit:     9202288 kB
Committed_AS:   75248672 kB
VmallocTotal:   263061440 kB
VmallocUsed:      104804 kB
VmallocChunk:          0 kB
Percpu:             7648 kB
CmaTotal:         294912 kB
CmaFree:               0 kB
MemTotal:       12113132 kB
MemFree:         6617828 kB
MemAvailable:    8038184 kB
Buffers:            4920 kB
Cached:          1667404 kB
SwapCached:            0 kB
Active:          1515456 kB
Inactive:        1482040 kB
Active(anon):    1331608 kB
Inactive(anon):    21880 kB
Active(file):     183848 kB
Inactive(file):  1460160 kB
Unevictable:        5552 kB
Mlocked:            5552 kB
SwapTotal:       3145724 kB
SwapFree:        3145724 kB
Dirty:               264 kB
Writeback:             0 kB
AnonPages:       1330820 kB
Mapped:           854456 kB
Shmem:             23816 kB
KReclaimable:     645052 kB
Slab:             222444 kB
SReclaimable:      74664 kB
SUnreclaim:       147780 kB
KernelStack:       47728 kB
PageTables:        67328 kB
NFS_Unstable:          0 kB
Bounce:                0 kB
WritebackTmp:          0 kB
CommitLimit:     9202288 kB
Committed_AS:   75253488 kB
VmallocTotal:   263061440 kB
VmallocUsed:      104804 kB
VmallocChunk:          0 kB
Percpu:             7648 kB
CmaTotal:         294912 kB
CmaFree:               0 kB
MemTotal:       12113132 kB
MemFree:         6616976 kB
MemAvailable:    8037356 kB
Buffers:            4920 kB
Cached:          1667428 kB
SwapCached:            0 kB
Active:          1516328 kB
Inactive:        1482064 kB
Active(anon):    1332480 kB
Inactive(anon):    21880 kB
Active(file):     183848 kB
Inactive(file):  1460184 kB
Unevictable:        5552 kB
Mlocked:            5552 kB
SwapTotal:       3145724 kB
SwapFree:        3145724 kB
Dirty:               312 kB
Writeback:             0 kB
AnonPages:       1331412 kB
Mapped:           854456 kB
Shmem:             23816 kB
KReclaimable:     645052 kB
Slab:             222448 kB
SReclaimable:      74664 kB
SUnreclaim:       147784 kB
KernelStack:       47728 kB
PageTables:        67328 kB
NFS_Unstable:          0 kB
Bounce:                0 kB
WritebackTmp:          0 kB
CommitLimit:     9202288 kB
Committed_AS:   75253092 kB
VmallocTotal:   263061440 kB
VmallocUsed:      104820 kB
VmallocChunk:          0 kB
Percpu:             7648 kB
CmaTotal:         294912 kB
CmaFree:               0 kB
MemTotal:       12113132 kB
MemFree:         6616792 kB
MemAvailable:    8037204 kB
Buffers:            4924 kB
Cached:          1667456 kB
SwapCached:            0 kB
Active:          1516872 kB
Inactive:        1482092 kB
Active(anon):    1333020 kB
Inactive(anon):    21880 kB
Active(file):     183852 kB
Inactive(file):  1460212 kB
Unevictable:        5552 kB
Mlocked:            5552 kB
SwapTotal:       3145724 kB
SwapFree:        3145724 kB
Dirty:               332 kB
Writeback:             0 kB
AnonPages:       1332200 kB
Mapped:           854456 kB
Shmem:             23816 kB
KReclaimable:     645052 kB
Slab:             222448 kB
SReclaimable:      74664 kB
SUnreclaim:       147784 kB
KernelStack:       47728 kB
PageTables:        67316 kB
NFS_Unstable:          0 kB
Bounce:                0 kB
WritebackTmp:          0 kB
CommitLimit:     9202288 kB
Committed_AS:   75253128 kB
VmallocTotal:   263061440 kB
VmallocUsed:      104820 kB
VmallocChunk:          0 kB
Percpu:             7648 kB
CmaTotal:         294912 kB
CmaFree:               0 kB
MemTotal:       12113132 kB
MemFree:         6616016 kB
MemAvailable:    8036436 kB
Buffers:            4924 kB
Cached:          1667464 kB
SwapCached:            0 kB
Active:          1517308 kB
Inactive:        1482100 kB
Active(anon):    1333456 kB
Inactive(anon):    21880 kB
Active(file):     183852 kB
Inactive(file):  1460220 kB
Unevictable:        5552 kB
Mlocked:            5552 kB
SwapTotal:       3145724 kB
SwapFree:        3145724 kB
Dirty:               196 kB
Writeback:             0 kB
AnonPages:       1332696 kB
Mapped:           854456 kB
Shmem:             23816 kB
KReclaimable:     645052 kB
Slab:             222452 kB
SReclaimable:      74664 kB
SUnreclaim:       147788 kB
KernelStack:       47728 kB
PageTables:        67320 kB
NFS_Unstable:          0 kB
Bounce:                0 kB
WritebackTmp:          0 kB
CommitLimit:     9202288 kB
Committed_AS:   75253560 kB
VmallocTotal:   263061440 kB
VmallocUsed:      104804 kB
VmallocChunk:          0 kB
Percpu:             7648 kB
CmaTotal:         294912 kB
CmaFree:               0 kB
MemTotal:       12113132 kB
MemFree:         6626144 kB
MemAvailable:    8046580 kB
Buffers:            4924 kB
Cached:          1667480 kB
SwapCached:            0 kB
Active:          1506508 kB
Inactive:        1482116 kB
Active(anon):    1322656 kB
Inactive(anon):    21880 kB
Active(file):     183852 kB
Inactive(file):  1460236 kB
Unevictable:        5552 kB
Mlocked:            5552 kB
SwapTotal:       3145724 kB
SwapFree:        3145724 kB
Dirty:               268 kB
Writeback:             0 kB
AnonPages:       1321560 kB
Mapped:           854456 kB
Shmem:             23816 kB
KReclaimable:     645052 kB
Slab:             222452 kB
SReclaimable:      74664 kB
SUnreclaim:       147788 kB
KernelStack:       47728 kB
PageTables:        67332 kB
NFS_Unstable:          0 kB
Bounce:                0 kB
WritebackTmp:          0 kB
CommitLimit:     9202288 kB
Committed_AS:   75253252 kB
VmallocTotal:   263061440 kB
VmallocUsed:      104804 kB
VmallocChunk:          0 kB
Percpu:             7648 kB
CmaTotal:         294912 kB
CmaFree:             152 kB
MemTotal:       12113132 kB
MemFree:         6625804 kB
MemAvailable:    8046248 kB
Buffers:            4924 kB
Cached:          1667488 kB
SwapCached:            0 kB
Active:          1506624 kB
Inactive:        1482124 kB
Active(anon):    1322772 kB
Inactive(anon):    21880 kB
Active(file):     183852 kB
Inactive(file):  1460244 kB
Unevictable:        5552 kB
Mlocked:            5552 kB
SwapTotal:       3145724 kB
SwapFree:        3145724 kB
Dirty:               276 kB
Writeback:             0 kB
AnonPages:       1322180 kB
Mapped:           854456 kB
Shmem:             23816 kB
KReclaimable:     645052 kB
Slab:             222456 kB
SReclaimable:      74664 kB
SUnreclaim:       147792 kB
KernelStack:       47728 kB
PageTables:        67316 kB
NFS_Unstable:          0 kB
Bounce:                0 kB
WritebackTmp:          0 kB
CommitLimit:     9202288 kB
Committed_AS:   75253824 kB
VmallocTotal:   263061440 kB
VmallocUsed:      104820 kB
VmallocChunk:          0 kB
Percpu:             7648 kB
CmaTotal:         294912 kB
CmaFree:               0 kB
MemTotal:       12113132 kB
MemFree:         6625156 kB
MemAvailable:    8045612 kB
Buffers:            4924 kB
Cached:          1667500 kB
SwapCached:            0 kB
Active:          1507276 kB
Inactive:        1482136 kB
Active(anon):    1323424 kB
Inactive(anon):    21880 kB
Active(file):     183852 kB
Inactive(file):  1460256 kB
Unevictable:        5552 kB
Mlocked:            5552 kB
SwapTotal:       3145724 kB
SwapFree:        3145724 kB
Dirty:               288 kB
Writeback:             0 kB
AnonPages:       1322740 kB
Mapped:           854456 kB
Shmem:             23816 kB
KReclaimable:     645052 kB
Slab:             222464 kB
SReclaimable:      74664 kB
SUnreclaim:       147800 kB
KernelStack:       47712 kB
PageTables:        67276 kB
NFS_Unstable:          0 kB
Bounce:                0 kB
WritebackTmp:          0 kB
CommitLimit:     9202288 kB
Committed_AS:   75252808 kB
VmallocTotal:   263061440 kB
VmallocUsed:      104836 kB
VmallocChunk:          0 kB
Percpu:             7648 kB
CmaTotal:         294912 kB
CmaFree:               0 kB
MemTotal:       12113132 kB
MemFree:         6625136 kB
MemAvailable:    8045604 kB
Buffers:            4924 kB
Cached:          1667516 kB
SwapCached:            0 kB
Active:          1508100 kB
Inactive:        1482152 kB
Active(anon):    1324248 kB
Inactive(anon):    21884 kB
Active(file):     183852 kB
Inactive(file):  1460268 kB
Unevictable:        5552 kB
Mlocked:            5552 kB
SwapTotal:       3145724 kB
SwapFree:        3145724 kB
Dirty:               312 kB
Writeback:             0 kB
AnonPages:       1323672 kB
Mapped:           854460 kB
Shmem:             23820 kB
KReclaimable:     645052 kB
Slab:             222456 kB
SReclaimable:      74664 kB
SUnreclaim:       147792 kB
KernelStack:       47728 kB
PageTables:        67316 kB
NFS_Unstable:          0 kB
Bounce:                0 kB
WritebackTmp:          0 kB
CommitLimit:     9202288 kB
Committed_AS:   75252216 kB
VmallocTotal:   263061440 kB
VmallocUsed:      104820 kB
VmallocChunk:          0 kB
Percpu:             7648 kB
CmaTotal:         294912 kB
CmaFree:               0 kB
MemTotal:       12113132 kB
MemFree:         6625808 kB
MemAvailable:    8046280 kB
Buffers:            4924 kB
Cached:          1667520 kB
SwapCached:            0 kB
Active:          1509256 kB
Inactive:        1482156 kB
Active(anon):    1325404 kB
Inactive(anon):    21884 kB
Active(file):     183852 kB
Inactive(file):  1460272 kB
Unevictable:        5552 kB
Mlocked:            5552 kB
SwapTotal:       3145724 kB
SwapFree:        3145724 kB
Dirty:               400 kB
Writeback:             0 kB
AnonPages:       1324580 kB
Mapped:           854460 kB
Shmem:             23820 kB
KReclaimable:     645052 kB
Slab:             222452 kB
SReclaimable:      74664 kB
SUnreclaim:       147788 kB
KernelStack:       47728 kB
PageTables:        67332 kB
NFS_Unstable:          0 kB
Bounce:                0 kB
WritebackTmp:          0 kB
CommitLimit:     9202288 kB
Committed_AS:   75251364 kB
VmallocTotal:   263061440 kB
VmallocUsed:      104756 kB
VmallocChunk:          0 kB
Percpu:             7648 kB
CmaTotal:         294912 kB
CmaFree:               0 kB
MemTotal:       12113132 kB
MemFree:         6624020 kB
MemAvailable:    8044512 kB
Buffers:            4924 kB
Cached:          1667540 kB
SwapCached:            0 kB
Active:          1510304 kB
Inactive:        1482176 kB
Active(anon):    1326452 kB
Inactive(anon):    21884 kB
Active(file):     183852 kB
Inactive(file):  1460292 kB
Unevictable:        5552 kB
Mlocked:            5552 kB
SwapTotal:       3145724 kB
SwapFree:        3145724 kB
Dirty:               420 kB
Writeback:             0 kB
AnonPages:       1325472 kB
Mapped:           854460 kB
Shmem:             23820 kB
KReclaimable:     645052 kB
Slab:             222460 kB
SReclaimable:      74664 kB
SUnreclaim:       147796 kB
KernelStack:       47760 kB
PageTables:        67432 kB
NFS_Unstable:          0 kB
Bounce:                0 kB
WritebackTmp:          0 kB
CommitLimit:     9202288 kB
Committed_AS:   75257752 kB
VmallocTotal:   263061440 kB
VmallocUsed:      104788 kB
VmallocChunk:          0 kB
Percpu:             7648 kB
CmaTotal:         294912 kB
CmaFree:               0 kB
MemTotal:       12113132 kB
MemFree:         6623024 kB
MemAvailable:    8043524 kB
Buffers:            4924 kB
Cached:          1667548 kB
SwapCached:            0 kB
Active:          1511500 kB
Inactive:        1482184 kB
Active(anon):    1327648 kB
Inactive(anon):    21884 kB
Active(file):     183852 kB
Inactive(file):  1460300 kB
Unevictable:        5552 kB
Mlocked:            5552 kB
SwapTotal:       3145724 kB
SwapFree:        3145724 kB
Dirty:               440 kB
Writeback:             0 kB
AnonPages:       1326636 kB
Mapped:           854460 kB
Shmem:             23820 kB
KReclaimable:     645052 kB
Slab:             222464 kB
SReclaimable:      74664 kB
SUnreclaim:       147800 kB
KernelStack:       47728 kB
PageTables:        67320 kB
NFS_Unstable:          0 kB
Bounce:                0 kB
WritebackTmp:          0 kB
CommitLimit:     9202288 kB
Committed_AS:   75249088 kB
VmallocTotal:   263061440 kB
VmallocUsed:      104788 kB
VmallocChunk:          0 kB
Percpu:             7648 kB
CmaTotal:         294912 kB
CmaFree:               0 kB
MemTotal:       12113132 kB
MemFree:         6621780 kB
MemAvailable:    8042292 kB
Buffers:            4924 kB
Cached:          1667560 kB
SwapCached:            0 kB
Active:          1511620 kB
Inactive:        1482196 kB
Active(anon):    1327768 kB
Inactive(anon):    21884 kB
Active(file):     183852 kB
Inactive(file):  1460312 kB
Unevictable:        5552 kB
Mlocked:            5552 kB
SwapTotal:       3145724 kB
SwapFree:        3145724 kB
Dirty:               460 kB
Writeback:             4 kB
AnonPages:       1327020 kB
Mapped:           854460 kB
Shmem:             23820 kB
KReclaimable:     645052 kB
Slab:             222456 kB
SReclaimable:      74664 kB
SUnreclaim:       147792 kB
KernelStack:       47728 kB
PageTables:        67316 kB
NFS_Unstable:          0 kB
Bounce:                0 kB
WritebackTmp:          0 kB
CommitLimit:     9202288 kB
Committed_AS:   75258196 kB
VmallocTotal:   263061440 kB
VmallocUsed:      104820 kB
VmallocChunk:          0 kB
Percpu:             7648 kB
CmaTotal:         294912 kB
CmaFree:               0 kB
MemTotal:       12113132 kB
MemFree:         6618828 kB
MemAvailable:    8039368 kB
Buffers:            4924 kB
Cached:          1667588 kB
SwapCached:            0 kB
Active:          1516476 kB
Inactive:        1482224 kB
Active(anon):    1332624 kB
Inactive(anon):    21884 kB
Active(file):     183852 kB
Inactive(file):  1460340 kB
Unevictable:        5552 kB
Mlocked:            5552 kB
SwapTotal:       3145724 kB
SwapFree:        3145724 kB
Dirty:               512 kB
Writeback:             0 kB
AnonPages:       1330464 kB
Mapped:           854460 kB
Shmem:             23820 kB
KReclaimable:     645052 kB
Slab:             222464 kB
SReclaimable:      74664 kB
SUnreclaim:       147800 kB
KernelStack:       47728 kB
PageTables:        67316 kB
NFS_Unstable:          0 kB
Bounce:                0 kB
WritebackTmp:          0 kB
CommitLimit:     9202288 kB
Committed_AS:   75258452 kB
VmallocTotal:   263061440 kB
VmallocUsed:      104836 kB
VmallocChunk:          0 kB
Percpu:             7648 kB
CmaTotal:         294912 kB
CmaFree:               0 kB
MemTotal:       12113132 kB
MemFree:         6620620 kB
MemAvailable:    8041176 kB
Buffers:            4924 kB
Cached:          1667604 kB
SwapCached:            0 kB
Active:          1513884 kB
Inactive:        1482240 kB
Active(anon):    1330032 kB
Inactive(anon):    21884 kB
Active(file):     183852 kB
Inactive(file):  1460356 kB
Unevictable:        5552 kB
Mlocked:            5552 kB
SwapTotal:       3145724 kB
SwapFree:        3145724 kB
Dirty:               560 kB
Writeback:             0 kB
AnonPages:       1329332 kB
Mapped:           854516 kB
Shmem:             23820 kB
KReclaimable:     645052 kB
Slab:             222468 kB
SReclaimable:      74664 kB
SUnreclaim:       147804 kB
KernelStack:       47728 kB
PageTables:        67328 kB
NFS_Unstable:          0 kB
Bounce:                0 kB
WritebackTmp:          0 kB
CommitLimit:     9202288 kB
Committed_AS:   75253548 kB
VmallocTotal:   263061440 kB
VmallocUsed:      104788 kB
VmallocChunk:          0 kB
Percpu:             7648 kB
CmaTotal:         294912 kB
CmaFree:               0 kB
MemTotal:       12113132 kB
MemFree:         6619916 kB
MemAvailable:    8040480 kB
Buffers:            4924 kB
Cached:          1667612 kB
SwapCached:            0 kB
Active:          1515096 kB
Inactive:        1482248 kB
Active(anon):    1331244 kB
Inactive(anon):    21884 kB
Active(file):     183852 kB
Inactive(file):  1460364 kB
Unevictable:        5552 kB
Mlocked:            5552 kB
SwapTotal:       3145724 kB
SwapFree:        3145724 kB
Dirty:               568 kB
Writeback:             0 kB
AnonPages:       1330336 kB
Mapped:           853860 kB
Shmem:             23820 kB
KReclaimable:     645052 kB
Slab:             222476 kB
SReclaimable:      74664 kB
SUnreclaim:       147812 kB
KernelStack:       47728 kB
PageTables:        67324 kB
NFS_Unstable:          0 kB
Bounce:                0 kB
WritebackTmp:          0 kB
CommitLimit:     9202288 kB
Committed_AS:   75253236 kB
VmallocTotal:   263061440 kB
VmallocUsed:      104740 kB
VmallocChunk:          0 kB
Percpu:             7648 kB
CmaTotal:         294912 kB
CmaFree:               0 kB
MemTotal:       12113132 kB
MemFree:         6612388 kB
MemAvailable:    8032960 kB
Buffers:            4924 kB
Cached:          1676640 kB
SwapCached:            0 kB
Active:          1515216 kB
Inactive:        1491276 kB
Active(anon):    1331364 kB
Inactive(anon):    30904 kB
Active(file):     183852 kB
Inactive(file):  1460372 kB
Unevictable:        5552 kB
Mlocked:            5552 kB
SwapTotal:       3145724 kB
SwapFree:        3145724 kB
Dirty:               576 kB
Writeback:             0 kB
AnonPages:       1330316 kB
Mapped:           862880 kB
Shmem:             32840 kB
KReclaimable:     645052 kB
Slab:             222472 kB
SReclaimable:      74664 kB
SUnreclaim:       147808 kB
KernelStack:       47680 kB
PageTables:        67480 kB
NFS_Unstable:          0 kB
Bounce:                0 kB
WritebackTmp:          0 kB
CommitLimit:     9202288 kB
Committed_AS:   75261916 kB
VmallocTotal:   263061440 kB
VmallocUsed:      104724 kB
VmallocChunk:          0 kB
Percpu:             7648 kB
CmaTotal:         294912 kB
CmaFree:               0 kB
MemTotal:       12113132 kB
MemFree:         6619812 kB
MemAvailable:    8040404 kB
Buffers:            4924 kB
Cached:          1667640 kB
SwapCached:            0 kB
Active:          1514728 kB
Inactive:        1482276 kB
Active(anon):    1330876 kB
Inactive(anon):    21884 kB
Active(file):     183852 kB
Inactive(file):  1460392 kB
Unevictable:        5552 kB
Mlocked:            5552 kB
SwapTotal:       3145724 kB
SwapFree:        3145724 kB
Dirty:               612 kB
Writeback:             0 kB
AnonPages:       1329816 kB
Mapped:           853860 kB
Shmem:             23820 kB
KReclaimable:     645052 kB
Slab:             222576 kB
SReclaimable:      74664 kB
SUnreclaim:       147912 kB
KernelStack:       47664 kB
PageTables:        67316 kB
NFS_Unstable:          0 kB
Bounce:                0 kB
WritebackTmp:          0 kB
CommitLimit:     9202288 kB
Committed_AS:   75259636 kB
VmallocTotal:   263061440 kB
VmallocUsed:      104708 kB
VmallocChunk:          0 kB
Percpu:             7648 kB
CmaTotal:         294912 kB
CmaFree:               0 kB
MemTotal:       12113132 kB
MemFree:         6619564 kB
MemAvailable:    8040132 kB
Buffers:            4924 kB
Cached:          1667620 kB
SwapCached:            0 kB
Active:          1515900 kB
Inactive:        1482260 kB
Active(anon):    1332052 kB
Inactive(anon):    21888 kB
Active(file):     183848 kB
Inactive(file):  1460372 kB
Unevictable:        5552 kB
Mlocked:            5552 kB
SwapTotal:       3145724 kB
SwapFree:        3145724 kB
Dirty:               628 kB
Writeback:             0 kB
AnonPages:       1331324 kB
Mapped:           853928 kB
Shmem:             23824 kB
KReclaimable:     645052 kB
Slab:             222480 kB
SReclaimable:      74664 kB
SUnreclaim:       147816 kB
KernelStack:       47664 kB
PageTables:        67328 kB
NFS_Unstable:          0 kB
Bounce:                0 kB
WritebackTmp:          0 kB
CommitLimit:     9202288 kB
Committed_AS:   75260680 kB
VmallocTotal:   263061440 kB
VmallocUsed:      104740 kB
VmallocChunk:          0 kB
Percpu:             7648 kB
CmaTotal:         294912 kB
CmaFree:               0 kB
MemTotal:       12113132 kB
MemFree:         6618176 kB
MemAvailable:    8038800 kB
Buffers:            4928 kB
Cached:          1667672 kB
SwapCached:            0 kB
Active:          1516720 kB
Inactive:        1482308 kB
Active(anon):    1332864 kB
Inactive(anon):    21888 kB
Active(file):     183856 kB
Inactive(file):  1460420 kB
Unevictable:        5552 kB
Mlocked:            5552 kB
SwapTotal:       3145724 kB
SwapFree:        3145724 kB
Dirty:               184 kB
Writeback:             0 kB
AnonPages:       1332168 kB
Mapped:           853928 kB
Shmem:             23824 kB
KReclaimable:     645052 kB
Slab:             222484 kB
SReclaimable:      74664 kB
SUnreclaim:       147820 kB
KernelStack:       47664 kB
PageTables:        67324 kB
NFS_Unstable:          0 kB
Bounce:                0 kB
WritebackTmp:          0 kB
CommitLimit:     9202288 kB
Committed_AS:   75260328 kB
VmallocTotal:   263061440 kB
VmallocUsed:      104724 kB
VmallocChunk:          0 kB
Percpu:             7648 kB
CmaTotal:         294912 kB
CmaFree:               0 kB
MemTotal:       12113132 kB
MemFree:         6651272 kB
MemAvailable:    8071908 kB
Buffers:            4928 kB
Cached:          1667684 kB
SwapCached:            0 kB
Active:          1481324 kB
Inactive:        1482320 kB
Active(anon):    1297468 kB
Inactive(anon):    21888 kB
Active(file):     183856 kB
Inactive(file):  1460432 kB
Unevictable:        5552 kB
Mlocked:            5552 kB
SwapTotal:       3145724 kB
SwapFree:        3145724 kB
Dirty:               260 kB
Writeback:             0 kB
AnonPages:       1296636 kB
Mapped:           853928 kB
Shmem:             23824 kB
KReclaimable:     645052 kB
Slab:             222488 kB
SReclaimable:      74664 kB
SUnreclaim:       147824 kB
KernelStack:       47648 kB
PageTables:        67320 kB
NFS_Unstable:          0 kB
Bounce:                0 kB
WritebackTmp:          0 kB
CommitLimit:     9202288 kB
Committed_AS:   75260108 kB
VmallocTotal:   263061440 kB
VmallocUsed:      104660 kB
