MemTotal:       12113132 kB
MemFree:         6282328 kB
MemAvailable:    7767120 kB
Buffers:            5520 kB
Cached:          1825304 kB
SwapCached:            0 kB
Active:          1580760 kB
Inactive:        1585624 kB
Active(anon):    1341976 kB
Inactive(anon):    25588 kB
Active(file):     238784 kB
Inactive(file):  1560036 kB
Unevictable:        5532 kB
Mlocked:            5532 kB
SwapTotal:       3145724 kB
SwapFree:        3145724 kB
Dirty:               104 kB
Writeback:             0 kB
AnonPages:       1341160 kB
Mapped:           875312 kB
Shmem:             27524 kB
KReclaimable:     554676 kB
Slab:             224812 kB
SReclaimable:      76120 kB
SUnreclaim:       148692 kB
KernelStack:       48656 kB
PageTables:        67812 kB
NFS_Unstable:          0 kB
Bounce:                0 kB
WritebackTmp:          0 kB
CommitLimit:     9202288 kB
Committed_AS:   75059436 kB
VmallocTotal:   263061440 kB
VmallocUsed:      105784 kB
VmallocChunk:          0 kB
Percpu:             7648 kB
CmaTotal:         294912 kB
CmaFree:               0 kB
MemTotal:       12113132 kB
MemFree:         6281976 kB
MemAvailable:    7766816 kB
Buffers:            5520 kB
Cached:          1825352 kB
SwapCached:            0 kB
Active:          1581492 kB
Inactive:        1585652 kB
Active(anon):    1342688 kB
Inactive(anon):    25588 kB
Active(file):     238804 kB
Inactive(file):  1560064 kB
Unevictable:        5532 kB
Mlocked:            5532 kB
SwapTotal:       3145724 kB
SwapFree:        3145724 kB
Dirty:               152 kB
Writeback:             0 kB
AnonPages:       1341816 kB
Mapped:           875308 kB
Shmem:             27524 kB
KReclaimable:     554676 kB
Slab:             224812 kB
SReclaimable:      76120 kB
SUnreclaim:       148692 kB
KernelStack:       48608 kB
PageTables:        67708 kB
NFS_Unstable:          0 kB
Bounce:                0 kB
WritebackTmp:          0 kB
CommitLimit:     9202288 kB
Committed_AS:   75058748 kB
VmallocTotal:   263061440 kB
VmallocUsed:      105784 kB
VmallocChunk:          0 kB
Percpu:             7648 kB
CmaTotal:         294912 kB
CmaFree:               0 kB
MemTotal:       12113132 kB
MemFree:         6280028 kB
MemAvailable:    7764892 kB
Buffers:            5524 kB
Cached:          1825376 kB
SwapCached:            0 kB
Active:          1581952 kB
Inactive:        1585676 kB
Active(anon):    1343144 kB
Inactive(anon):    25592 kB
Active(file):     238808 kB
Inactive(file):  1560084 kB
Unevictable:        5532 kB
Mlocked:            5532 kB
SwapTotal:       3145724 kB
SwapFree:        3145724 kB
Dirty:               168 kB
Writeback:             0 kB
AnonPages:       1342184 kB
Mapped:           875308 kB
Shmem:             27528 kB
KReclaimable:     554676 kB
Slab:             224812 kB
SReclaimable:      76120 kB
SUnreclaim:       148692 kB
KernelStack:       48624 kB
PageTables:        67836 kB
NFS_Unstable:          0 kB
Bounce:                0 kB
WritebackTmp:          0 kB
CommitLimit:     9202288 kB
Committed_AS:   75053224 kB
VmallocTotal:   263061440 kB
VmallocUsed:      105784 kB
VmallocChunk:          0 kB
Percpu:             7648 kB
CmaTotal:         294912 kB
CmaFree:               0 kB
MemTotal:       12113132 kB
MemFree:         6279984 kB
MemAvailable:    7764864 kB
Buffers:            5524 kB
Cached:          1825392 kB
SwapCached:            0 kB
Active:          1582416 kB
Inactive:        1585692 kB
Active(anon):    1343608 kB
Inactive(anon):    25592 kB
Active(file):     238808 kB
Inactive(file):  1560100 kB
Unevictable:        5532 kB
Mlocked:            5532 kB
SwapTotal:       3145724 kB
SwapFree:        3145724 kB
Dirty:               216 kB
Writeback:             0 kB
AnonPages:       1342452 kB
Mapped:           875312 kB
Shmem:             27528 kB
KReclaimable:     554676 kB
Slab:             224820 kB
SReclaimable:      76120 kB
SUnreclaim:       148700 kB
KernelStack:       48624 kB
PageTables:        67832 kB
NFS_Unstable:          0 kB
Bounce:                0 kB
WritebackTmp:          0 kB
CommitLimit:     9202288 kB
Committed_AS:   75048048 kB
VmallocTotal:   263061440 kB
VmallocUsed:      105768 kB
VmallocChunk:          0 kB
Percpu:             7648 kB
CmaTotal:         294912 kB
CmaFree:               0 kB
MemTotal:       12113132 kB
MemFree:         6279200 kB
MemAvailable:    7764092 kB
Buffers:            5524 kB
Cached:          1825404 kB
SwapCached:            0 kB
Active:          1583252 kB
Inactive:        1585704 kB
Active(anon):    1344444 kB
Inactive(anon):    25592 kB
Active(file):     238808 kB
Inactive(file):  1560112 kB
Unevictable:        5532 kB
Mlocked:            5532 kB
SwapTotal:       3145724 kB
SwapFree:        3145724 kB
Dirty:               232 kB
Writeback:             0 kB
AnonPages:       1343540 kB
Mapped:           875308 kB
Shmem:             27528 kB
KReclaimable:     554676 kB
Slab:             224812 kB
SReclaimable:      76120 kB
SUnreclaim:       148692 kB
KernelStack:       48576 kB
PageTables:        67712 kB
NFS_Unstable:          0 kB
Bounce:                0 kB
WritebackTmp:          0 kB
CommitLimit:     9202288 kB
Committed_AS:   75049920 kB
VmallocTotal:   263061440 kB
VmallocUsed:      105784 kB
VmallocChunk:          0 kB
Percpu:             7648 kB
CmaTotal:         294912 kB
CmaFree:               0 kB
MemTotal:       12113132 kB
MemFree:         6278180 kB
MemAvailable:    7763084 kB
Buffers:            5524 kB
Cached:          1825416 kB
SwapCached:            0 kB
Active:          1584036 kB
Inactive:        1585716 kB
Active(anon):    1345228 kB
Inactive(anon):    25592 kB
Active(file):     238808 kB
Inactive(file):  1560124 kB
Unevictable:        5532 kB
Mlocked:            5532 kB
SwapTotal:       3145724 kB
SwapFree:        3145724 kB
Dirty:               256 kB
Writeback:             0 kB
AnonPages:       1344372 kB
Mapped:           875308 kB
Shmem:             27528 kB
KReclaimable:     554676 kB
Slab:             224820 kB
SReclaimable:      76120 kB
SUnreclaim:       148700 kB
KernelStack:       48576 kB
PageTables:        67708 kB
NFS_Unstable:          0 kB
Bounce:                0 kB
WritebackTmp:          0 kB
CommitLimit:     9202288 kB
Committed_AS:   75055500 kB
VmallocTotal:   263061440 kB
VmallocUsed:      105816 kB
VmallocChunk:          0 kB
Percpu:             7648 kB
CmaTotal:         294912 kB
CmaFree:               0 kB
MemTotal:       12113132 kB
MemFree:         6277284 kB
MemAvailable:    7762192 kB
Buffers:            5524 kB
Cached:          1825420 kB
SwapCached:            0 kB
Active:          1584872 kB
Inactive:        1585720 kB
Active(anon):    1346064 kB
Inactive(anon):    25592 kB
Active(file):     238808 kB
Inactive(file):  1560128 kB
Unevictable:        5532 kB
Mlocked:            5532 kB
SwapTotal:       3145724 kB
SwapFree:        3145724 kB
Dirty:               260 kB
Writeback:             0 kB
AnonPages:       1345084 kB
Mapped:           875308 kB
Shmem:             27528 kB
KReclaimable:     554676 kB
Slab:             224812 kB
SReclaimable:      76120 kB
SUnreclaim:       148692 kB
KernelStack:       48576 kB
PageTables:        67708 kB
NFS_Unstable:          0 kB
Bounce:                0 kB
WritebackTmp:          0 kB
CommitLimit:     9202288 kB
Committed_AS:   75065188 kB
VmallocTotal:   263061440 kB
VmallocUsed:      105816 kB
VmallocChunk:          0 kB
Percpu:             7648 kB
CmaTotal:         294912 kB
CmaFree:              20 kB
MemTotal:       12113132 kB
MemFree:         6277712 kB
MemAvailable:    7762632 kB
Buffers:            5524 kB
Cached:          1825432 kB
SwapCached:            0 kB
Active:          1585608 kB
Inactive:        1585732 kB
Active(anon):    1346800 kB
Inactive(anon):    25592 kB
Active(file):     238808 kB
Inactive(file):  1560140 kB
Unevictable:        5532 kB
Mlocked:            5532 kB
SwapTotal:       3145724 kB
SwapFree:        3145724 kB
Dirty:               272 kB
Writeback:             0 kB
AnonPages:       1345936 kB
Mapped:           875304 kB
Shmem:             27528 kB
KReclaimable:     554676 kB
Slab:             224820 kB
SReclaimable:      76120 kB
SUnreclaim:       148700 kB
KernelStack:       48576 kB
PageTables:        67704 kB
NFS_Unstable:          0 kB
Bounce:                0 kB
WritebackTmp:          0 kB
CommitLimit:     9202288 kB
Committed_AS:   75064760 kB
VmallocTotal:   263061440 kB
VmallocUsed:      105816 kB
VmallocChunk:          0 kB
Percpu:             7648 kB
CmaTotal:         294912 kB
CmaFree:               0 kB
MemTotal:       12113132 kB
MemFree:         6276680 kB
MemAvailable:    7761620 kB
Buffers:            5524 kB
Cached:          1825452 kB
SwapCached:            0 kB
Active:          1586344 kB
Inactive:        1585752 kB
Active(anon):    1347536 kB
Inactive(anon):    25592 kB
Active(file):     238808 kB
Inactive(file):  1560160 kB
Unevictable:        5532 kB
Mlocked:            5532 kB
SwapTotal:       3145724 kB
SwapFree:        3145724 kB
Dirty:               144 kB
Writeback:             0 kB
AnonPages:       1346560 kB
Mapped:           875308 kB
Shmem:             27528 kB
KReclaimable:     554676 kB
Slab:             224820 kB
SReclaimable:      76120 kB
SUnreclaim:       148700 kB
KernelStack:       48576 kB
PageTables:        67716 kB
NFS_Unstable:          0 kB
Bounce:                0 kB
WritebackTmp:          0 kB
CommitLimit:     9202288 kB
Committed_AS:   75055448 kB
VmallocTotal:   263061440 kB
VmallocUsed:      105800 kB
VmallocChunk:          0 kB
Percpu:             7648 kB
CmaTotal:         294912 kB
CmaFree:               0 kB
MemTotal:       12113132 kB
MemFree:         6276412 kB
MemAvailable:    7761392 kB
Buffers:            5524 kB
Cached:          1825496 kB
SwapCached:            0 kB
Active:          1586668 kB
Inactive:        1585792 kB
Active(anon):    1347856 kB
Inactive(anon):    25596 kB
Active(file):     238812 kB
Inactive(file):  1560196 kB
Unevictable:        5532 kB
Mlocked:            5532 kB
SwapTotal:       3145724 kB
SwapFree:        3145724 kB
Dirty:               196 kB
Writeback:             4 kB
AnonPages:       1347012 kB
Mapped:           875312 kB
Shmem:             27532 kB
KReclaimable:     554676 kB
Slab:             224812 kB
SReclaimable:      76120 kB
SUnreclaim:       148692 kB
KernelStack:       48576 kB
PageTables:        67708 kB
NFS_Unstable:          0 kB
Bounce:                0 kB
WritebackTmp:          0 kB
CommitLimit:     9202288 kB
Committed_AS:   75060344 kB
VmallocTotal:   263061440 kB
VmallocUsed:      105832 kB
VmallocChunk:          0 kB
Percpu:             7648 kB
CmaTotal:         294912 kB
CmaFree:              48 kB
MemTotal:       12113132 kB
MemFree:         6291440 kB
MemAvailable:    7776404 kB
Buffers:            5524 kB
Cached:          1825480 kB
SwapCached:            0 kB
Active:          1569992 kB
Inactive:        1585780 kB
Active(anon):    1331184 kB
Inactive(anon):    25596 kB
Active(file):     238808 kB
Inactive(file):  1560184 kB
Unevictable:        5532 kB
Mlocked:            5532 kB
SwapTotal:       3145724 kB
SwapFree:        3145724 kB
Dirty:               204 kB
Writeback:             0 kB
AnonPages:       1330404 kB
Mapped:           875316 kB
Shmem:             27532 kB
KReclaimable:     554676 kB
Slab:             224812 kB
SReclaimable:      76120 kB
SUnreclaim:       148692 kB
KernelStack:       48592 kB
PageTables:        67836 kB
NFS_Unstable:          0 kB
Bounce:                0 kB
WritebackTmp:          0 kB
CommitLimit:     9202288 kB
Committed_AS:   75054884 kB
VmallocTotal:   263061440 kB
VmallocUsed:      105800 kB
VmallocChunk:          0 kB
Percpu:             7648 kB
CmaTotal:         294912 kB
CmaFree:               0 kB
MemTotal:       12113132 kB
MemFree:         6291296 kB
MemAvailable:    7776268 kB
Buffers:            5524 kB
Cached:          1825488 kB
SwapCached:            0 kB
Active:          1570552 kB
Inactive:        1585788 kB
Active(anon):    1331744 kB
Inactive(anon):    25596 kB
Active(file):     238808 kB
Inactive(file):  1560192 kB
Unevictable:        5532 kB
Mlocked:            5532 kB
SwapTotal:       3145724 kB
SwapFree:        3145724 kB
Dirty:               260 kB
Writeback:             0 kB
AnonPages:       1330920 kB
Mapped:           875312 kB
Shmem:             27532 kB
KReclaimable:     554676 kB
Slab:             224820 kB
SReclaimable:      76120 kB
SUnreclaim:       148700 kB
KernelStack:       48592 kB
PageTables:        67828 kB
NFS_Unstable:          0 kB
Bounce:                0 kB
WritebackTmp:          0 kB
CommitLimit:     9202288 kB
Committed_AS:   75059472 kB
VmallocTotal:   263061440 kB
VmallocUsed:      105800 kB
VmallocChunk:          0 kB
Percpu:             7648 kB
CmaTotal:         294912 kB
CmaFree:               0 kB
MemTotal:       12113132 kB
MemFree:         6290644 kB
MemAvailable:    7775632 kB
Buffers:            5524 kB
Cached:          1825504 kB
SwapCached:            0 kB
Active:          1571524 kB
Inactive:        1585804 kB
Active(anon):    1332716 kB
Inactive(anon):    25596 kB
Active(file):     238808 kB
Inactive(file):  1560208 kB
Unevictable:        5532 kB
Mlocked:            5532 kB
SwapTotal:       3145724 kB
SwapFree:        3145724 kB
Dirty:               276 kB
Writeback:             0 kB
AnonPages:       1331736 kB
Mapped:           875316 kB
Shmem:             27532 kB
KReclaimable:     554676 kB
Slab:             224812 kB
SReclaimable:      76120 kB
SUnreclaim:       148692 kB
KernelStack:       48592 kB
PageTables:        67696 kB
NFS_Unstable:          0 kB
Bounce:                0 kB
WritebackTmp:          0 kB
CommitLimit:     9202288 kB
Committed_AS:   75055228 kB
VmallocTotal:   263061440 kB
VmallocUsed:      105800 kB
VmallocChunk:          0 kB
Percpu:             7648 kB
CmaTotal:         294912 kB
CmaFree:               0 kB
MemTotal:       12113132 kB
MemFree:         6290148 kB
MemAvailable:    7775148 kB
Buffers:            5524 kB
Cached:          1825516 kB
SwapCached:            0 kB
Active:          1571980 kB
Inactive:        1585816 kB
Active(anon):    1333172 kB
Inactive(anon):    25596 kB
Active(file):     238808 kB
Inactive(file):  1560220 kB
Unevictable:        5532 kB
Mlocked:            5532 kB
SwapTotal:       3145724 kB
SwapFree:        3145724 kB
Dirty:               144 kB
Writeback:             0 kB
AnonPages:       1332448 kB
Mapped:           875312 kB
Shmem:             27532 kB
KReclaimable:     554676 kB
Slab:             224820 kB
SReclaimable:      76120 kB
SUnreclaim:       148700 kB
KernelStack:       48624 kB
PageTables:        67828 kB
NFS_Unstable:          0 kB
Bounce:                0 kB
WritebackTmp:          0 kB
CommitLimit:     9202288 kB
Committed_AS:   75065024 kB
VmallocTotal:   263061440 kB
VmallocUsed:      105816 kB
VmallocChunk:          0 kB
Percpu:             7648 kB
CmaTotal:         294912 kB
CmaFree:               0 kB
MemTotal:       12113132 kB
MemFree:         6290420 kB
MemAvailable:    7775432 kB
Buffers:            5524 kB
Cached:          1825528 kB
SwapCached:            0 kB
Active:          1572560 kB
Inactive:        1585828 kB
Active(anon):    1333752 kB
Inactive(anon):    25596 kB
Active(file):     238808 kB
Inactive(file):  1560232 kB
Unevictable:        5532 kB
Mlocked:            5532 kB
SwapTotal:       3145724 kB
SwapFree:        3145724 kB
Dirty:               252 kB
Writeback:             0 kB
AnonPages:       1332788 kB
Mapped:           875316 kB
Shmem:             27532 kB
KReclaimable:     554676 kB
Slab:             224820 kB
SReclaimable:      76120 kB
SUnreclaim:       148700 kB
KernelStack:       48576 kB
PageTables:        67708 kB
NFS_Unstable:          0 kB
Bounce:                0 kB
WritebackTmp:          0 kB
CommitLimit:     9202288 kB
Committed_AS:   75049740 kB
VmallocTotal:   263061440 kB
VmallocUsed:      105784 kB
VmallocChunk:          0 kB
Percpu:             7648 kB
CmaTotal:         294912 kB
CmaFree:               0 kB
MemTotal:       12113132 kB
MemFree:         6289612 kB
MemAvailable:    7774640 kB
Buffers:            5524 kB
Cached:          1825544 kB
SwapCached:            0 kB
Active:          1573088 kB
Inactive:        1585844 kB
Active(anon):    1334280 kB
Inactive(anon):    25596 kB
Active(file):     238808 kB
Inactive(file):  1560248 kB
Unevictable:        5532 kB
Mlocked:            5532 kB
SwapTotal:       3145724 kB
SwapFree:        3145724 kB
Dirty:               280 kB
Writeback:             0 kB
AnonPages:       1333420 kB
Mapped:           875304 kB
Shmem:             27532 kB
KReclaimable:     554676 kB
Slab:             224820 kB
SReclaimable:      76120 kB
SUnreclaim:       148700 kB
KernelStack:       48608 kB
PageTables:        67764 kB
NFS_Unstable:          0 kB
Bounce:                0 kB
WritebackTmp:          0 kB
CommitLimit:     9202288 kB
Committed_AS:   75047860 kB
VmallocTotal:   263061440 kB
VmallocUsed:      105784 kB
VmallocChunk:          0 kB
Percpu:             7648 kB
CmaTotal:         294912 kB
CmaFree:               0 kB
MemTotal:       12113132 kB
MemFree:         6289696 kB
MemAvailable:    7774736 kB
Buffers:            5524 kB
Cached:          1825556 kB
SwapCached:            0 kB
Active:          1572912 kB
Inactive:        1585856 kB
Active(anon):    1334104 kB
Inactive(anon):    25596 kB
Active(file):     238808 kB
Inactive(file):  1560260 kB
Unevictable:        5532 kB
Mlocked:            5532 kB
SwapTotal:       3145724 kB
SwapFree:        3145724 kB
Dirty:               304 kB
Writeback:             0 kB
AnonPages:       1333168 kB
Mapped:           875308 kB
Shmem:             27532 kB
KReclaimable:     554676 kB
Slab:             224820 kB
SReclaimable:      76120 kB
SUnreclaim:       148700 kB
KernelStack:       48576 kB
PageTables:        67712 kB
NFS_Unstable:          0 kB
Bounce:                0 kB
WritebackTmp:          0 kB
CommitLimit:     9202288 kB
Committed_AS:   75053620 kB
VmallocTotal:   263061440 kB
VmallocUsed:      105800 kB
VmallocChunk:          0 kB
Percpu:             7648 kB
CmaTotal:         294912 kB
CmaFree:               0 kB
MemTotal:       12113132 kB
MemFree:         6330400 kB
MemAvailable:    7815464 kB
Buffers:            5528 kB
Cached:          1825576 kB
SwapCached:            0 kB
Active:          1531204 kB
Inactive:        1585876 kB
Active(anon):    1292392 kB
Inactive(anon):    25596 kB
Active(file):     238812 kB
Inactive(file):  1560280 kB
Unevictable:        5532 kB
Mlocked:            5532 kB
SwapTotal:       3145724 kB
SwapFree:        3145724 kB
Dirty:               336 kB
Writeback:             0 kB
AnonPages:       1291460 kB
Mapped:           875312 kB
Shmem:             27532 kB
KReclaimable:     554676 kB
Slab:             224812 kB
SReclaimable:      76120 kB
SUnreclaim:       148692 kB
KernelStack:       48576 kB
PageTables:        67708 kB
NFS_Unstable:          0 kB
Bounce:                0 kB
WritebackTmp:          0 kB
CommitLimit:     9202288 kB
Committed_AS:   75051484 kB
VmallocTotal:   263061440 kB
VmallocUsed:      105800 kB
VmallocChunk:          0 kB
Percpu:             7648 kB
CmaTotal:         294912 kB
CmaFree:               0 kB
MemTotal:       12113132 kB
MemFree:         6330820 kB
MemAvailable:    7815896 kB
Buffers:            5528 kB
Cached:          1825588 kB
SwapCached:            0 kB
Active:          1532108 kB
Inactive:        1585888 kB
Active(anon):    1293296 kB
Inactive(anon):    25596 kB
Active(file):     238812 kB
Inactive(file):  1560292 kB
Unevictable:        5532 kB
Mlocked:            5532 kB
SwapTotal:       3145724 kB
SwapFree:        3145724 kB
Dirty:               152 kB
Writeback:             0 kB
AnonPages:       1292304 kB
Mapped:           875316 kB
Shmem:             27532 kB
KReclaimable:     554676 kB
Slab:             224820 kB
SReclaimable:      76120 kB
SUnreclaim:       148700 kB
KernelStack:       48576 kB
PageTables:        67712 kB
NFS_Unstable:          0 kB
Bounce:                0 kB
WritebackTmp:          0 kB
CommitLimit:     9202288 kB
Committed_AS:   75055040 kB
VmallocTotal:   263061440 kB
VmallocUsed:      105800 kB
VmallocChunk:          0 kB
Percpu:             7648 kB
CmaTotal:         294912 kB
CmaFree:              48 kB
MemTotal:       12113132 kB
MemFree:         6329616 kB
MemAvailable:    7814704 kB
Buffers:            5528 kB
Cached:          1825600 kB
SwapCached:            0 kB
Active:          1533264 kB
Inactive:        1585900 kB
Active(anon):    1294452 kB
Inactive(anon):    25596 kB
Active(file):     238812 kB
Inactive(file):  1560304 kB
Unevictable:        5532 kB
Mlocked:            5532 kB
SwapTotal:       3145724 kB
SwapFree:        3145724 kB
Dirty:               232 kB
Writeback:             0 kB
AnonPages:       1293740 kB
Mapped:           875312 kB
Shmem:             27532 kB
KReclaimable:     554676 kB
Slab:             224812 kB
SReclaimable:      76120 kB
SUnreclaim:       148692 kB
KernelStack:       48624 kB
PageTables:        67764 kB
NFS_Unstable:          0 kB
Bounce:                0 kB
WritebackTmp:          0 kB
CommitLimit:     9202288 kB
Committed_AS:   75049704 kB
VmallocTotal:   263061440 kB
VmallocUsed:      105800 kB
VmallocChunk:          0 kB
Percpu:             7648 kB
CmaTotal:         294912 kB
CmaFree:               0 kB
MemTotal:       12113132 kB
MemFree:         6329892 kB
MemAvailable:    7814992 kB
Buffers:            5528 kB
Cached:          1825612 kB
SwapCached:            0 kB
Active:          1534104 kB
Inactive:        1585912 kB
Active(anon):    1295292 kB
Inactive(anon):    25596 kB
Active(file):     238812 kB
Inactive(file):  1560316 kB
Unevictable:        5532 kB
Mlocked:            5532 kB
SwapTotal:       3145724 kB
SwapFree:        3145724 kB
Dirty:               268 kB
Writeback:             0 kB
AnonPages:       1294400 kB
Mapped:           875312 kB
Shmem:             27532 kB
KReclaimable:     554676 kB
Slab:             224812 kB
SReclaimable:      76120 kB
SUnreclaim:       148692 kB
KernelStack:       48608 kB
PageTables:        67836 kB
NFS_Unstable:          0 kB
Bounce:                0 kB
WritebackTmp:          0 kB
CommitLimit:     9202288 kB
Committed_AS:   75050548 kB
VmallocTotal:   263061440 kB
VmallocUsed:      105800 kB
VmallocChunk:          0 kB
Percpu:             7648 kB
CmaTotal:         294912 kB
CmaFree:               8 kB
MemTotal:       12113132 kB
MemFree:         6328140 kB
MemAvailable:    7813256 kB
Buffers:            5528 kB
Cached:          1825628 kB
SwapCached:            0 kB
Active:          1534912 kB
Inactive:        1585928 kB
Active(anon):    1296100 kB
Inactive(anon):    25596 kB
Active(file):     238812 kB
Inactive(file):  1560332 kB
Unevictable:        5532 kB
Mlocked:            5532 kB
SwapTotal:       3145724 kB
SwapFree:        3145724 kB
Dirty:               288 kB
Writeback:             0 kB
AnonPages:       1295244 kB
Mapped:           875312 kB
Shmem:             27532 kB
KReclaimable:     554676 kB
Slab:             224820 kB
SReclaimable:      76120 kB
SUnreclaim:       148700 kB
KernelStack:       48640 kB
PageTables:        67812 kB
NFS_Unstable:          0 kB
Bounce:                0 kB
WritebackTmp:          0 kB
CommitLimit:     9202288 kB
Committed_AS:   75051148 kB
VmallocTotal:   263061440 kB
VmallocUsed:      105768 kB
VmallocChunk:          0 kB
Percpu:             7648 kB
CmaTotal:         294912 kB
CmaFree:               0 kB
MemTotal:       12113132 kB
MemFree:         6326972 kB
MemAvailable:    7812092 kB
Buffers:            5528 kB
Cached:          1825632 kB
SwapCached:            0 kB
Active:          1535228 kB
Inactive:        1585932 kB
Active(anon):    1296416 kB
Inactive(anon):    25596 kB
Active(file):     238812 kB
Inactive(file):  1560336 kB
Unevictable:        5532 kB
Mlocked:            5532 kB
SwapTotal:       3145724 kB
SwapFree:        3145724 kB
Dirty:               328 kB
Writeback:             0 kB
AnonPages:       1295692 kB
Mapped:           874600 kB
Shmem:             27532 kB
KReclaimable:     554676 kB
Slab:             224820 kB
SReclaimable:      76120 kB
SUnreclaim:       148700 kB
KernelStack:       48592 kB
PageTables:        67660 kB
NFS_Unstable:          0 kB
Bounce:                0 kB
WritebackTmp:          0 kB
CommitLimit:     9202288 kB
Committed_AS:   75054172 kB
VmallocTotal:   263061440 kB
VmallocUsed:      105816 kB
VmallocChunk:          0 kB
Percpu:             7648 kB
CmaTotal:         294912 kB
CmaFree:               0 kB
MemTotal:       12113132 kB
MemFree:         6322156 kB
MemAvailable:    7807292 kB
Buffers:            5528 kB
Cached:          1825648 kB
SwapCached:            0 kB
Active:          1539084 kB
Inactive:        1585948 kB
Active(anon):    1300272 kB
Inactive(anon):    25596 kB
Active(file):     238812 kB
Inactive(file):  1560352 kB
Unevictable:        5532 kB
Mlocked:            5532 kB
SwapTotal:       3145724 kB
SwapFree:        3145724 kB
Dirty:               196 kB
Writeback:             0 kB
AnonPages:       1299220 kB
Mapped:           874600 kB
Shmem:             27532 kB
KReclaimable:     554676 kB
Slab:             224812 kB
SReclaimable:      76120 kB
SUnreclaim:       148692 kB
KernelStack:       48592 kB
PageTables:        67708 kB
NFS_Unstable:          0 kB
Bounce:                0 kB
WritebackTmp:          0 kB
CommitLimit:     9202288 kB
Committed_AS:   75056232 kB
VmallocTotal:   263061440 kB
VmallocUsed:      105800 kB
VmallocChunk:          0 kB
Percpu:             7648 kB
CmaTotal:         294912 kB
CmaFree:               0 kB
MemTotal:       12113132 kB
MemFree:         6287724 kB
MemAvailable:    7772884 kB
Buffers:            5528 kB
Cached:          1825656 kB
SwapCached:            0 kB
Active:          1573180 kB
Inactive:        1585956 kB
Active(anon):    1334368 kB
Inactive(anon):    25596 kB
Active(file):     238812 kB
Inactive(file):  1560360 kB
Unevictable:        5532 kB
Mlocked:            5532 kB
SwapTotal:       3145724 kB
SwapFree:        3145724 kB
Dirty:               244 kB
Writeback:             0 kB
AnonPages:       1333408 kB
Mapped:           874600 kB
Shmem:             27532 kB
KReclaimable:     554692 kB
Slab:             224828 kB
SReclaimable:      76136 kB
SUnreclaim:       148692 kB
KernelStack:       48592 kB
PageTables:        67712 kB
NFS_Unstable:          0 kB
Bounce:                0 kB
WritebackTmp:          0 kB
CommitLimit:     9202288 kB
Committed_AS:   75067512 kB
VmallocTotal:   263061440 kB
VmallocUsed:      105832 kB
VmallocChunk:          0 kB
Percpu:             7648 kB
CmaTotal:         294912 kB
CmaFree:               0 kB
MemTotal:       12113132 kB
MemFree:         6289076 kB
MemAvailable:    7774252 kB
Buffers:            5528 kB
Cached:          1825672 kB
SwapCached:            0 kB
Active:          1573848 kB
Inactive:        1585972 kB
Active(anon):    1335036 kB
Inactive(anon):    25596 kB
Active(file):     238812 kB
Inactive(file):  1560376 kB
Unevictable:        5532 kB
Mlocked:            5532 kB
SwapTotal:       3145724 kB
SwapFree:        3145724 kB
Dirty:               264 kB
Writeback:             0 kB
AnonPages:       1334132 kB
Mapped:           874600 kB
Shmem:             27532 kB
KReclaimable:     554692 kB
Slab:             224836 kB
SReclaimable:      76136 kB
SUnreclaim:       148700 kB
KernelStack:       48640 kB
PageTables:        67800 kB
NFS_Unstable:          0 kB
Bounce:                0 kB
WritebackTmp:          0 kB
CommitLimit:     9202288 kB
Committed_AS:   75067936 kB
VmallocTotal:   263061440 kB
VmallocUsed:      105784 kB
VmallocChunk:          0 kB
Percpu:             7648 kB
CmaTotal:         294912 kB
CmaFree:               0 kB
MemTotal:       12113132 kB
MemFree:         6285660 kB
MemAvailable:    7770852 kB
Buffers:            5528 kB
Cached:          1825688 kB
SwapCached:            0 kB
Active:          1578324 kB
Inactive:        1585988 kB
Active(anon):    1339512 kB
Inactive(anon):    25596 kB
Active(file):     238812 kB
Inactive(file):  1560392 kB
Unevictable:        5532 kB
Mlocked:            5532 kB
SwapTotal:       3145724 kB
SwapFree:        3145724 kB
Dirty:               320 kB
Writeback:             0 kB
AnonPages:       1338584 kB
Mapped:           874508 kB
Shmem:             27532 kB
KReclaimable:     554692 kB
Slab:             224836 kB
SReclaimable:      76136 kB
SUnreclaim:       148700 kB
KernelStack:       48624 kB
PageTables:        67796 kB
NFS_Unstable:          0 kB
Bounce:                0 kB
WritebackTmp:          0 kB
CommitLimit:     9202288 kB
Committed_AS:   75065420 kB
VmallocTotal:   263061440 kB
VmallocUsed:      105816 kB
VmallocChunk:          0 kB
Percpu:             7648 kB
CmaTotal:         294912 kB
CmaFree:               0 kB
MemTotal:       12113132 kB
MemFree:         6276460 kB
MemAvailable:    7761676 kB
Buffers:            5528 kB
Cached:          1825712 kB
SwapCached:            0 kB
Active:          1585784 kB
Inactive:        1586012 kB
Active(anon):    1346972 kB
Inactive(anon):    25596 kB
Active(file):     238812 kB
Inactive(file):  1560416 kB
Unevictable:        5532 kB
Mlocked:            5532 kB
SwapTotal:       3145724 kB
SwapFree:        3145724 kB
Dirty:               352 kB
Writeback:             0 kB
AnonPages:       1346028 kB
Mapped:           874720 kB
Shmem:             27532 kB
KReclaimable:     554692 kB
Slab:             224860 kB
SReclaimable:      76136 kB
SUnreclaim:       148724 kB
KernelStack:       48624 kB
PageTables:        67748 kB
NFS_Unstable:          0 kB
Bounce:                0 kB
WritebackTmp:          0 kB
CommitLimit:     9202288 kB
Committed_AS:   75062924 kB
VmallocTotal:   263061440 kB
VmallocUsed:      105816 kB
VmallocChunk:          0 kB
Percpu:             7648 kB
CmaTotal:         294912 kB
CmaFree:               0 kB
MemTotal:       12113132 kB
MemFree:         6276048 kB
MemAvailable:    7761272 kB
Buffers:            5528 kB
Cached:          1825720 kB
SwapCached:            0 kB
Active:          1586328 kB
Inactive:        1586020 kB
Active(anon):    1347516 kB
Inactive(anon):    25596 kB
Active(file):     238812 kB
Inactive(file):  1560424 kB
Unevictable:        5532 kB
Mlocked:            5532 kB
SwapTotal:       3145724 kB
SwapFree:        3145724 kB
Dirty:               176 kB
Writeback:           196 kB
AnonPages:       1346828 kB
Mapped:           874600 kB
Shmem:             27532 kB
KReclaimable:     554692 kB
Slab:             224868 kB
SReclaimable:      76136 kB
SUnreclaim:       148732 kB
KernelStack:       48608 kB
PageTables:        67768 kB
NFS_Unstable:          0 kB
Bounce:                0 kB
WritebackTmp:          0 kB
CommitLimit:     9202288 kB
Committed_AS:   75068236 kB
VmallocTotal:   263061440 kB
VmallocUsed:      105800 kB
VmallocChunk:          0 kB
Percpu:             7648 kB
CmaTotal:         294912 kB
CmaFree:               0 kB
MemTotal:       12113132 kB
MemFree:         6275200 kB
MemAvailable:    7760432 kB
Buffers:            5528 kB
Cached:          1825728 kB
SwapCached:            0 kB
Active:          1587628 kB
Inactive:        1586028 kB
Active(anon):    1348816 kB
Inactive(anon):    25596 kB
Active(file):     238812 kB
Inactive(file):  1560432 kB
Unevictable:        5532 kB
Mlocked:            5532 kB
SwapTotal:       3145724 kB
SwapFree:        3145724 kB
Dirty:               276 kB
Writeback:             0 kB
AnonPages:       1348088 kB
Mapped:           874724 kB
Shmem:             27532 kB
KReclaimable:     554692 kB
Slab:             224828 kB
SReclaimable:      76136 kB
SUnreclaim:       148692 kB
KernelStack:       48640 kB
PageTables:        67804 kB
NFS_Unstable:          0 kB
Bounce:                0 kB
WritebackTmp:          0 kB
CommitLimit:     9202288 kB
Committed_AS:   75057768 kB
VmallocTotal:   263061440 kB
VmallocUsed:      105816 kB
VmallocChunk:          0 kB
Percpu:             7648 kB
CmaTotal:         294912 kB
CmaFree:               0 kB
MemTotal:       12113132 kB
MemFree:         6274548 kB
MemAvailable:    7759796 kB
Buffers:            5528 kB
Cached:          1825744 kB
SwapCached:            0 kB
Active:          1588168 kB
Inactive:        1586044 kB
Active(anon):    1349356 kB
Inactive(anon):    25596 kB
Active(file):     238812 kB
Inactive(file):  1560448 kB
Unevictable:        5532 kB
Mlocked:            5532 kB
SwapTotal:       3145724 kB
SwapFree:        3145724 kB
Dirty:               340 kB
Writeback:             0 kB
AnonPages:       1348500 kB
Mapped:           874600 kB
Shmem:             27532 kB
KReclaimable:     554692 kB
Slab:             224828 kB
SReclaimable:      76136 kB
SUnreclaim:       148692 kB
KernelStack:       48640 kB
PageTables:        67804 kB
NFS_Unstable:          0 kB
Bounce:                0 kB
WritebackTmp:          0 kB
CommitLimit:     9202288 kB
Committed_AS:   75071396 kB
VmallocTotal:   263061440 kB
VmallocUsed:      105848 kB
VmallocChunk:          0 kB
Percpu:             7648 kB
CmaTotal:         294912 kB
CmaFree:               0 kB
MemTotal:       12113132 kB
MemFree:         6274760 kB
MemAvailable:    7760016 kB
Buffers:            5528 kB
Cached:          1825752 kB
SwapCached:            0 kB
Active:          1588620 kB
Inactive:        1586052 kB
Active(anon):    1349808 kB
Inactive(anon):    25596 kB
Active(file):     238812 kB
Inactive(file):  1560456 kB
Unevictable:        5532 kB
Mlocked:            5532 kB
SwapTotal:       3145724 kB
SwapFree:        3145724 kB
Dirty:               348 kB
Writeback:             0 kB
AnonPages:       1349052 kB
Mapped:           874604 kB
Shmem:             27532 kB
KReclaimable:     554692 kB
Slab:             224828 kB
SReclaimable:      76136 kB
SUnreclaim:       148692 kB
KernelStack:       48624 kB
PageTables:        67712 kB
NFS_Unstable:          0 kB
Bounce:                0 kB
WritebackTmp:          0 kB
CommitLimit:     9202288 kB
Committed_AS:   75070920 kB
VmallocTotal:   263061440 kB
VmallocUsed:      105784 kB
VmallocChunk:          0 kB
Percpu:             7648 kB
CmaTotal:         294912 kB
CmaFree:               0 kB
MemTotal:       12113132 kB
MemFree:         6271796 kB
MemAvailable:    7757096 kB
Buffers:            5536 kB
Cached:          1825788 kB
SwapCached:            0 kB
Active:          1589916 kB
Inactive:        1586088 kB
Active(anon):    1351096 kB
Inactive(anon):    25596 kB
Active(file):     238820 kB
Inactive(file):  1560492 kB
Unevictable:        5532 kB
Mlocked:            5532 kB
SwapTotal:       3145724 kB
SwapFree:        3145724 kB
Dirty:               364 kB
Writeback:             0 kB
AnonPages:       1350164 kB
Mapped:           874600 kB
Shmem:             27532 kB
KReclaimable:     554692 kB
Slab:             224796 kB
SReclaimable:      76136 kB
SUnreclaim:       148660 kB
KernelStack:       48624 kB
PageTables:        67728 kB
NFS_Unstable:          0 kB
Bounce:                0 kB
WritebackTmp:          0 kB
CommitLimit:     9202288 kB
Committed_AS:   75070528 kB
VmallocTotal:   263061440 kB
VmallocUsed:      105848 kB
VmallocChunk:          0 kB
Percpu:             7648 kB
CmaTotal:         294912 kB
CmaFree:               0 kB
MemTotal:       12113132 kB
MemFree:         6271532 kB
MemAvailable:    7756848 kB
Buffers:            5536 kB
Cached:          1825804 kB
SwapCached:            0 kB
Active:          1590152 kB
Inactive:        1586104 kB
Active(anon):    1351332 kB
Inactive(anon):    25596 kB
Active(file):     238820 kB
Inactive(file):  1560508 kB
Unevictable:        5532 kB
Mlocked:            5532 kB
SwapTotal:       3145724 kB
SwapFree:        3145724 kB
Dirty:               296 kB
Writeback:           188 kB
AnonPages:       1350352 kB
Mapped:           874600 kB
Shmem:             27532 kB
KReclaimable:     554692 kB
Slab:             224804 kB
SReclaimable:      76136 kB
SUnreclaim:       148668 kB
KernelStack:       48624 kB
PageTables:        67760 kB
NFS_Unstable:          0 kB
Bounce:                0 kB
WritebackTmp:          0 kB
CommitLimit:     9202288 kB
Committed_AS:   75062144 kB
VmallocTotal:   263061440 kB
VmallocUsed:      105800 kB
VmallocChunk:          0 kB
Percpu:             7648 kB
CmaTotal:         294912 kB
CmaFree:               0 kB
MemTotal:       12113132 kB
MemFree:         6270888 kB
MemAvailable:    7756216 kB
Buffers:            5536 kB
Cached:          1825816 kB
SwapCached:            0 kB
Active:          1590896 kB
Inactive:        1586116 kB
Active(anon):    1352076 kB
Inactive(anon):    25596 kB
Active(file):     238820 kB
Inactive(file):  1560520 kB
Unevictable:        5532 kB
Mlocked:            5532 kB
SwapTotal:       3145724 kB
SwapFree:        3145724 kB
Dirty:               264 kB
Writeback:             0 kB
AnonPages:       1351264 kB
Mapped:           874600 kB
Shmem:             27532 kB
KReclaimable:     554692 kB
Slab:             224804 kB
SReclaimable:      76136 kB
SUnreclaim:       148668 kB
KernelStack:       48640 kB
PageTables:        67808 kB
NFS_Unstable:          0 kB
Bounce:                0 kB
WritebackTmp:          0 kB
CommitLimit:     9202288 kB
Committed_AS:   75057264 kB
VmallocTotal:   263061440 kB
VmallocUsed:      105816 kB
VmallocChunk:          0 kB
Percpu:             7648 kB
CmaTotal:         294912 kB
CmaFree:               0 kB
MemTotal:       12113132 kB
MemFree:         6269544 kB
MemAvailable:    7754884 kB
Buffers:            5536 kB
Cached:          1825828 kB
SwapCached:            0 kB
Active:          1591944 kB
Inactive:        1586128 kB
Active(anon):    1353124 kB
Inactive(anon):    25596 kB
Active(file):     238820 kB
Inactive(file):  1560532 kB
Unevictable:        5532 kB
Mlocked:            5532 kB
SwapTotal:       3145724 kB
SwapFree:        3145724 kB
Dirty:               316 kB
Writeback:             0 kB
AnonPages:       1352436 kB
Mapped:           874596 kB
Shmem:             27532 kB
KReclaimable:     554692 kB
Slab:             224796 kB
SReclaimable:      76136 kB
SUnreclaim:       148660 kB
KernelStack:       48640 kB
PageTables:        67820 kB
NFS_Unstable:          0 kB
Bounce:                0 kB
WritebackTmp:          0 kB
CommitLimit:     9202288 kB
Committed_AS:   75070796 kB
VmallocTotal:   263061440 kB
VmallocUsed:      105832 kB
VmallocChunk:          0 kB
Percpu:             7648 kB
CmaTotal:         294912 kB
CmaFree:               0 kB
MemTotal:       12113132 kB
MemFree:         6270328 kB
MemAvailable:    7755676 kB
Buffers:            5536 kB
Cached:          1825836 kB
SwapCached:            0 kB
Active:          1592500 kB
Inactive:        1586136 kB
Active(anon):    1353680 kB
Inactive(anon):    25596 kB
Active(file):     238820 kB
Inactive(file):  1560540 kB
Unevictable:        5532 kB
Mlocked:            5532 kB
SwapTotal:       3145724 kB
SwapFree:        3145724 kB
Dirty:               324 kB
Writeback:             0 kB
AnonPages:       1352828 kB
Mapped:           874600 kB
Shmem:             27532 kB
KReclaimable:     554692 kB
Slab:             224804 kB
SReclaimable:      76136 kB
SUnreclaim:       148668 kB
KernelStack:       48592 kB
PageTables:        67712 kB
NFS_Unstable:          0 kB
Bounce:                0 kB
WritebackTmp:          0 kB
CommitLimit:     9202288 kB
Committed_AS:   75065612 kB
VmallocTotal:   263061440 kB
VmallocUsed:      105832 kB
VmallocChunk:          0 kB
Percpu:             7648 kB
CmaTotal:         294912 kB
CmaFree:               0 kB
MemTotal:       12113132 kB
MemFree:         6269288 kB
MemAvailable:    7754648 kB
Buffers:            5536 kB
Cached:          1825848 kB
SwapCached:            0 kB
Active:          1592824 kB
Inactive:        1586148 kB
Active(anon):    1354004 kB
Inactive(anon):    25596 kB
Active(file):     238820 kB
Inactive(file):  1560552 kB
Unevictable:        5532 kB
Mlocked:            5532 kB
SwapTotal:       3145724 kB
SwapFree:        3145724 kB
Dirty:               336 kB
Writeback:             0 kB
AnonPages:       1353144 kB
Mapped:           874604 kB
Shmem:             27532 kB
KReclaimable:     554692 kB
Slab:             224796 kB
SReclaimable:      76136 kB
SUnreclaim:       148660 kB
KernelStack:       48640 kB
PageTables:        67776 kB
NFS_Unstable:          0 kB
Bounce:                0 kB
WritebackTmp:          0 kB
CommitLimit:     9202288 kB
Committed_AS:   75069904 kB
VmallocTotal:   263061440 kB
VmallocUsed:      105832 kB
VmallocChunk:          0 kB
Percpu:             7648 kB
CmaTotal:         294912 kB
CmaFree:               0 kB
MemTotal:       12113132 kB
MemFree:         6269728 kB
MemAvailable:    7755100 kB
Buffers:            5536 kB
Cached:          1825860 kB
SwapCached:            0 kB
Active:          1593632 kB
Inactive:        1586160 kB
Active(anon):    1354812 kB
Inactive(anon):    25596 kB
Active(file):     238820 kB
Inactive(file):  1560564 kB
Unevictable:        5532 kB
Mlocked:            5532 kB
SwapTotal:       3145724 kB
SwapFree:        3145724 kB
Dirty:               380 kB
Writeback:             0 kB
AnonPages:       1353892 kB
Mapped:           874600 kB
Shmem:             27532 kB
KReclaimable:     554692 kB
Slab:             224796 kB
SReclaimable:      76136 kB
SUnreclaim:       148660 kB
KernelStack:       48640 kB
PageTables:        67884 kB
NFS_Unstable:          0 kB
Bounce:                0 kB
WritebackTmp:          0 kB
CommitLimit:     9202288 kB
Committed_AS:   75052436 kB
VmallocTotal:   263061440 kB
VmallocUsed:      105832 kB
VmallocChunk:          0 kB
Percpu:             7648 kB
CmaTotal:         294912 kB
CmaFree:               0 kB
MemTotal:       12113132 kB
MemFree:         6268520 kB
MemAvailable:    7753900 kB
Buffers:            5536 kB
Cached:          1825868 kB
SwapCached:            0 kB
Active:          1593548 kB
Inactive:        1586168 kB
Active(anon):    1354728 kB
Inactive(anon):    25596 kB
Active(file):     238820 kB
Inactive(file):  1560572 kB
Unevictable:        5532 kB
Mlocked:            5532 kB
SwapTotal:       3145724 kB
SwapFree:        3145724 kB
Dirty:               388 kB
Writeback:             0 kB
AnonPages:       1353888 kB
Mapped:           874600 kB
Shmem:             27532 kB
KReclaimable:     554692 kB
Slab:             224804 kB
SReclaimable:      76136 kB
SUnreclaim:       148668 kB
KernelStack:       48576 kB
PageTables:        67704 kB
NFS_Unstable:          0 kB
Bounce:                0 kB
WritebackTmp:          0 kB
CommitLimit:     9202288 kB
Committed_AS:   75059868 kB
VmallocTotal:   263061440 kB
VmallocUsed:      105864 kB
VmallocChunk:          0 kB
Percpu:             7648 kB
CmaTotal:         294912 kB
CmaFree:              16 kB
MemTotal:       12113132 kB
MemFree:         6279412 kB
MemAvailable:    7764800 kB
Buffers:            5536 kB
Cached:          1825884 kB
SwapCached:            0 kB
Active:          1581704 kB
Inactive:        1586184 kB
Active(anon):    1342884 kB
Inactive(anon):    25604 kB
Active(file):     238820 kB
Inactive(file):  1560580 kB
Unevictable:        5532 kB
Mlocked:            5532 kB
SwapTotal:       3145724 kB
SwapFree:        3145724 kB
Dirty:               400 kB
Writeback:             0 kB
AnonPages:       1342120 kB
Mapped:           874608 kB
Shmem:             27540 kB
KReclaimable:     554692 kB
Slab:             224804 kB
SReclaimable:      76136 kB
SUnreclaim:       148668 kB
KernelStack:       48608 kB
PageTables:        67712 kB
NFS_Unstable:          0 kB
Bounce:                0 kB
WritebackTmp:          0 kB
CommitLimit:     9202288 kB
Committed_AS:   75057456 kB
VmallocTotal:   263061440 kB
VmallocUsed:      105784 kB
VmallocChunk:          0 kB
Percpu:             7648 kB
CmaTotal:         294912 kB
CmaFree:               0 kB
MemTotal:       12113132 kB
MemFree:         6279020 kB
MemAvailable:    7764424 kB
Buffers:            5536 kB
Cached:          1825900 kB
SwapCached:            0 kB
Active:          1582636 kB
Inactive:        1586200 kB
Active(anon):    1343816 kB
Inactive(anon):    25604 kB
Active(file):     238820 kB
Inactive(file):  1560596 kB
Unevictable:        5532 kB
Mlocked:            5532 kB
SwapTotal:       3145724 kB
SwapFree:        3145724 kB
Dirty:               444 kB
Writeback:             0 kB
AnonPages:       1343084 kB
Mapped:           874608 kB
Shmem:             27540 kB
KReclaimable:     554692 kB
Slab:             224804 kB
SReclaimable:      76136 kB
SUnreclaim:       148668 kB
KernelStack:       48640 kB
PageTables:        67728 kB
NFS_Unstable:          0 kB
Bounce:                0 kB
WritebackTmp:          0 kB
CommitLimit:     9202288 kB
Committed_AS:   75047044 kB
VmallocTotal:   263061440 kB
VmallocUsed:      105768 kB
VmallocChunk:          0 kB
Percpu:             7648 kB
CmaTotal:         294912 kB
CmaFree:               0 kB
MemTotal:       12113132 kB
MemFree:         6279732 kB
MemAvailable:    7765160 kB
Buffers:            5536 kB
Cached:          1825924 kB
SwapCached:            0 kB
Active:          1581952 kB
Inactive:        1586224 kB
Active(anon):    1343132 kB
Inactive(anon):    25604 kB
Active(file):     238820 kB
Inactive(file):  1560620 kB
Unevictable:        5532 kB
Mlocked:            5532 kB
SwapTotal:       3145724 kB
SwapFree:        3145724 kB
Dirty:               488 kB
Writeback:             0 kB
AnonPages:       1342256 kB
Mapped:           874608 kB
Shmem:             27540 kB
KReclaimable:     554692 kB
Slab:             224756 kB
SReclaimable:      76136 kB
SUnreclaim:       148620 kB
KernelStack:       48592 kB
PageTables:        67708 kB
NFS_Unstable:          0 kB
Bounce:                0 kB
WritebackTmp:          0 kB
CommitLimit:     9202288 kB
Committed_AS:   75061988 kB
VmallocTotal:   263061440 kB
VmallocUsed:      105816 kB
VmallocChunk:          0 kB
Percpu:             7648 kB
CmaTotal:         294912 kB
CmaFree:               0 kB
MemTotal:       12113132 kB
MemFree:         6280656 kB
MemAvailable:    7766104 kB
Buffers:            5536 kB
Cached:          1825944 kB
SwapCached:            0 kB
Active:          1581980 kB
Inactive:        1586244 kB
Active(anon):    1343160 kB
Inactive(anon):    25604 kB
Active(file):     238820 kB
Inactive(file):  1560640 kB
Unevictable:        5532 kB
Mlocked:            5532 kB
SwapTotal:       3145724 kB
SwapFree:        3145724 kB
Dirty:               508 kB
Writeback:             0 kB
AnonPages:       1342344 kB
Mapped:           874608 kB
Shmem:             27540 kB
KReclaimable:     554692 kB
Slab:             224772 kB
SReclaimable:      76136 kB
SUnreclaim:       148636 kB
KernelStack:       48592 kB
PageTables:        67720 kB
NFS_Unstable:          0 kB
Bounce:                0 kB
WritebackTmp:          0 kB
CommitLimit:     9202288 kB
Committed_AS:   75047440 kB
VmallocTotal:   263061440 kB
VmallocUsed:      105832 kB
VmallocChunk:          0 kB
Percpu:             7648 kB
CmaTotal:         294912 kB
CmaFree:               0 kB
MemTotal:       12113132 kB
MemFree:         6279472 kB
MemAvailable:    7764924 kB
Buffers:            5536 kB
Cached:          1825952 kB
SwapCached:            0 kB
Active:          1582736 kB
Inactive:        1586252 kB
Active(anon):    1343916 kB
Inactive(anon):    25608 kB
Active(file):     238820 kB
Inactive(file):  1560644 kB
Unevictable:        5532 kB
Mlocked:            5532 kB
SwapTotal:       3145724 kB
SwapFree:        3145724 kB
Dirty:               284 kB
Writeback:             0 kB
AnonPages:       1342964 kB
Mapped:           874616 kB
Shmem:             27544 kB
KReclaimable:     554692 kB
Slab:             224764 kB
SReclaimable:      76136 kB
SUnreclaim:       148628 kB
KernelStack:       48592 kB
PageTables:        67712 kB
NFS_Unstable:          0 kB
Bounce:                0 kB
WritebackTmp:          0 kB
CommitLimit:     9202288 kB
Committed_AS:   75052152 kB
VmallocTotal:   263061440 kB
VmallocUsed:      105800 kB
VmallocChunk:          0 kB
Percpu:             7648 kB
CmaTotal:         294912 kB
CmaFree:               0 kB
MemTotal:       12113132 kB
MemFree:         6278744 kB
MemAvailable:    7764212 kB
Buffers:            5536 kB
Cached:          1825968 kB
SwapCached:            0 kB
Active:          1583372 kB
Inactive:        1586268 kB
Active(anon):    1344552 kB
Inactive(anon):    25608 kB
Active(file):     238820 kB
Inactive(file):  1560660 kB
Unevictable:        5532 kB
Mlocked:            5532 kB
SwapTotal:       3145724 kB
SwapFree:        3145724 kB
Dirty:               312 kB
Writeback:             0 kB
AnonPages:       1343652 kB
Mapped:           874720 kB
Shmem:             27544 kB
KReclaimable:     554692 kB
Slab:             224772 kB
SReclaimable:      76136 kB
SUnreclaim:       148636 kB
KernelStack:       48640 kB
PageTables:        67800 kB
NFS_Unstable:          0 kB
Bounce:                0 kB
WritebackTmp:          0 kB
CommitLimit:     9202288 kB
Committed_AS:   75054788 kB
VmallocTotal:   263061440 kB
VmallocUsed:      105800 kB
VmallocChunk:          0 kB
Percpu:             7648 kB
CmaTotal:         294912 kB
CmaFree:               0 kB
MemTotal:       12113132 kB
MemFree:         6324372 kB
MemAvailable:    7809848 kB
Buffers:            5536 kB
Cached:          1825976 kB
SwapCached:            0 kB
Active:          1537016 kB
Inactive:        1586276 kB
Active(anon):    1298196 kB
Inactive(anon):    25608 kB
Active(file):     238820 kB
Inactive(file):  1560668 kB
Unevictable:        5532 kB
Mlocked:            5532 kB
SwapTotal:       3145724 kB
SwapFree:        3145724 kB
Dirty:               328 kB
Writeback:             0 kB
AnonPages:       1297304 kB
Mapped:           874612 kB
Shmem:             27544 kB
KReclaimable:     554692 kB
Slab:             224772 kB
SReclaimable:      76136 kB
SUnreclaim:       148636 kB
KernelStack:       48640 kB
PageTables:        67776 kB
NFS_Unstable:          0 kB
Bounce:                0 kB
WritebackTmp:          0 kB
CommitLimit:     9202288 kB
Committed_AS:   75050776 kB
VmallocTotal:   263061440 kB
VmallocUsed:      105768 kB
VmallocChunk:          0 kB
Percpu:             7648 kB
CmaTotal:         294912 kB
CmaFree:              32 kB
MemTotal:       12113132 kB
MemFree:         6324488 kB
MemAvailable:    7810000 kB
Buffers:            5540 kB
Cached:          1826008 kB
SwapCached:            0 kB
Active:          1537896 kB
Inactive:        1586308 kB
Active(anon):    1299072 kB
Inactive(anon):    25608 kB
Active(file):     238824 kB
Inactive(file):  1560700 kB
Unevictable:        5532 kB
Mlocked:            5532 kB
SwapTotal:       3145724 kB
SwapFree:        3145724 kB
Dirty:               356 kB
Writeback:             0 kB
AnonPages:       1297892 kB
Mapped:           874612 kB
Shmem:             27544 kB
KReclaimable:     554692 kB
Slab:             224772 kB
SReclaimable:      76136 kB
SUnreclaim:       148636 kB
KernelStack:       48592 kB
PageTables:        67704 kB
NFS_Unstable:          0 kB
Bounce:                0 kB
WritebackTmp:          0 kB
CommitLimit:     9202288 kB
Committed_AS:   75064784 kB
VmallocTotal:   263061440 kB
VmallocUsed:      105816 kB
VmallocChunk:          0 kB
Percpu:             7648 kB
CmaTotal:         294912 kB
CmaFree:               8 kB
MemTotal:       12113132 kB
MemFree:         6323932 kB
MemAvailable:    7809448 kB
Buffers:            5540 kB
Cached:          1826012 kB
SwapCached:            0 kB
Active:          1538324 kB
Inactive:        1586312 kB
Active(anon):    1299500 kB
Inactive(anon):    25608 kB
Active(file):     238824 kB
Inactive(file):  1560704 kB
Unevictable:        5532 kB
Mlocked:            5532 kB
SwapTotal:       3145724 kB
SwapFree:        3145724 kB
Dirty:               360 kB
Writeback:             0 kB
AnonPages:       1298636 kB
Mapped:           874612 kB
Shmem:             27544 kB
KReclaimable:     554692 kB
Slab:             224772 kB
SReclaimable:      76136 kB
SUnreclaim:       148636 kB
KernelStack:       48640 kB
PageTables:        67692 kB
NFS_Unstable:          0 kB
Bounce:                0 kB
WritebackTmp:          0 kB
CommitLimit:     9202288 kB
Committed_AS:   75055212 kB
VmallocTotal:   263061440 kB
VmallocUsed:      105800 kB
VmallocChunk:          0 kB
Percpu:             7648 kB
CmaTotal:         294912 kB
CmaFree:               8 kB
MemTotal:       12113132 kB
MemFree:         6322552 kB
MemAvailable:    7808080 kB
Buffers:            5540 kB
Cached:          1826024 kB
SwapCached:            0 kB
Active:          1539452 kB
Inactive:        1586324 kB
Active(anon):    1300628 kB
Inactive(anon):    25608 kB
Active(file):     238824 kB
Inactive(file):  1560716 kB
Unevictable:        5532 kB
Mlocked:            5532 kB
SwapTotal:       3145724 kB
SwapFree:        3145724 kB
Dirty:               376 kB
Writeback:             0 kB
AnonPages:       1299776 kB
Mapped:           874612 kB
Shmem:             27544 kB
KReclaimable:     554692 kB
Slab:             224772 kB
SReclaimable:      76136 kB
SUnreclaim:       148636 kB
KernelStack:       48592 kB
PageTables:        67708 kB
NFS_Unstable:          0 kB
Bounce:                0 kB
WritebackTmp:          0 kB
CommitLimit:     9202288 kB
Committed_AS:   75059852 kB
VmallocTotal:   263061440 kB
VmallocUsed:      105800 kB
VmallocChunk:          0 kB
Percpu:             7648 kB
CmaTotal:         294912 kB
CmaFree:               0 kB
MemTotal:       12113132 kB
MemFree:         6322420 kB
MemAvailable:    7807964 kB
Buffers:            5540 kB
Cached:          1826040 kB
SwapCached:            0 kB
Active:          1539856 kB
Inactive:        1586340 kB
Active(anon):    1301032 kB
Inactive(anon):    25608 kB
Active(file):     238824 kB
Inactive(file):  1560732 kB
Unevictable:        5532 kB
Mlocked:            5532 kB
SwapTotal:       3145724 kB
SwapFree:        3145724 kB
Dirty:               404 kB
Writeback:             0 kB
AnonPages:       1300048 kB
Mapped:           874616 kB
Shmem:             27544 kB
KReclaimable:     554692 kB
Slab:             224772 kB
SReclaimable:      76136 kB
SUnreclaim:       148636 kB
KernelStack:       48608 kB
PageTables:        67836 kB
NFS_Unstable:          0 kB
Bounce:                0 kB
WritebackTmp:          0 kB
CommitLimit:     9202288 kB
Committed_AS:   75053492 kB
VmallocTotal:   263061440 kB
VmallocUsed:      105816 kB
VmallocChunk:          0 kB
Percpu:             7648 kB
CmaTotal:         294912 kB
CmaFree:               0 kB
MemTotal:       12113132 kB
MemFree:         6322348 kB
MemAvailable:    7807896 kB
Buffers:            5540 kB
Cached:          1826044 kB
SwapCached:            0 kB
Active:          1540344 kB
Inactive:        1586344 kB
Active(anon):    1301520 kB
Inactive(anon):    25608 kB
Active(file):     238824 kB
Inactive(file):  1560736 kB
Unevictable:        5532 kB
Mlocked:            5532 kB
SwapTotal:       3145724 kB
SwapFree:        3145724 kB
Dirty:               408 kB
Writeback:             0 kB
AnonPages:       1300748 kB
Mapped:           874612 kB
Shmem:             27544 kB
KReclaimable:     554692 kB
Slab:             224772 kB
SReclaimable:      76136 kB
SUnreclaim:       148636 kB
KernelStack:       48608 kB
PageTables:        67708 kB
NFS_Unstable:          0 kB
Bounce:                0 kB
WritebackTmp:          0 kB
CommitLimit:     9202288 kB
Committed_AS:   75054008 kB
VmallocTotal:   263061440 kB
VmallocUsed:      105800 kB
VmallocChunk:          0 kB
Percpu:             7648 kB
CmaTotal:         294912 kB
CmaFree:               0 kB
MemTotal:       12113132 kB
MemFree:         6322924 kB
MemAvailable:    7808484 kB
Buffers:            5540 kB
Cached:          1826056 kB
SwapCached:            0 kB
Active:          1537160 kB
Inactive:        1586356 kB
Active(anon):    1298336 kB
Inactive(anon):    25608 kB
Active(file):     238824 kB
Inactive(file):  1560748 kB
Unevictable:        5532 kB
Mlocked:            5532 kB
SwapTotal:       3145724 kB
SwapFree:        3145724 kB
Dirty:               424 kB
Writeback:             0 kB
AnonPages:       1297720 kB
Mapped:           874612 kB
Shmem:             27544 kB
KReclaimable:     554692 kB
Slab:             224772 kB
SReclaimable:      76136 kB
SUnreclaim:       148636 kB
KernelStack:       48592 kB
PageTables:        67708 kB
NFS_Unstable:          0 kB
Bounce:                0 kB
WritebackTmp:          0 kB
CommitLimit:     9202288 kB
Committed_AS:   75056584 kB
VmallocTotal:   263061440 kB
VmallocUsed:      105832 kB
VmallocChunk:          0 kB
Percpu:             7648 kB
CmaTotal:         294912 kB
CmaFree:               0 kB
MemTotal:       12113132 kB
MemFree:         6323864 kB
MemAvailable:    7809436 kB
Buffers:            5540 kB
Cached:          1826068 kB
SwapCached:            0 kB
Active:          1537920 kB
Inactive:        1586368 kB
Active(anon):    1299096 kB
Inactive(anon):    25608 kB
Active(file):     238824 kB
Inactive(file):  1560760 kB
Unevictable:        5532 kB
Mlocked:            5532 kB
SwapTotal:       3145724 kB
SwapFree:        3145724 kB
Dirty:               448 kB
Writeback:             0 kB
AnonPages:       1298280 kB
Mapped:           874616 kB
Shmem:             27544 kB
KReclaimable:     554692 kB
Slab:             224772 kB
SReclaimable:      76136 kB
SUnreclaim:       148636 kB
KernelStack:       48592 kB
PageTables:        67708 kB
NFS_Unstable:          0 kB
Bounce:                0 kB
WritebackTmp:          0 kB
CommitLimit:     9202288 kB
Committed_AS:   75057944 kB
VmallocTotal:   263061440 kB
VmallocUsed:      105832 kB
VmallocChunk:          0 kB
Percpu:             7648 kB
CmaTotal:         294912 kB
CmaFree:               0 kB
MemTotal:       12113132 kB
MemFree:         6323520 kB
MemAvailable:    7809112 kB
Buffers:            5540 kB
Cached:          1826088 kB
SwapCached:            0 kB
Active:          1538240 kB
Inactive:        1586388 kB
Active(anon):    1299416 kB
Inactive(anon):    25608 kB
Active(file):     238824 kB
Inactive(file):  1560780 kB
Unevictable:        5532 kB
Mlocked:            5532 kB
SwapTotal:       3145724 kB
SwapFree:        3145724 kB
Dirty:               472 kB
Writeback:             0 kB
AnonPages:       1298432 kB
Mapped:           874612 kB
Shmem:             27544 kB
KReclaimable:     554692 kB
Slab:             224772 kB
SReclaimable:      76136 kB
SUnreclaim:       148636 kB
KernelStack:       48592 kB
PageTables:        67712 kB
NFS_Unstable:          0 kB
Bounce:                0 kB
WritebackTmp:          0 kB
CommitLimit:     9202288 kB
Committed_AS:   75057412 kB
VmallocTotal:   263061440 kB
VmallocUsed:      105832 kB
VmallocChunk:          0 kB
Percpu:             7648 kB
CmaTotal:         294912 kB
CmaFree:               0 kB
MemTotal:       12113132 kB
MemFree:         6322884 kB
MemAvailable:    7808480 kB
Buffers:            5540 kB
Cached:          1826092 kB
SwapCached:            0 kB
Active:          1538868 kB
Inactive:        1586392 kB
Active(anon):    1300044 kB
Inactive(anon):    25608 kB
Active(file):     238824 kB
Inactive(file):  1560784 kB
Unevictable:        5532 kB
Mlocked:            5532 kB
SwapTotal:       3145724 kB
SwapFree:        3145724 kB
Dirty:               480 kB
Writeback:             0 kB
AnonPages:       1299396 kB
Mapped:           874616 kB
Shmem:             27544 kB
KReclaimable:     554692 kB
Slab:             224768 kB
SReclaimable:      76136 kB
SUnreclaim:       148632 kB
KernelStack:       48640 kB
PageTables:        67784 kB
NFS_Unstable:          0 kB
Bounce:                0 kB
WritebackTmp:          0 kB
CommitLimit:     9202288 kB
Committed_AS:   75057320 kB
VmallocTotal:   263061440 kB
VmallocUsed:      105880 kB
VmallocChunk:          0 kB
Percpu:             7648 kB
CmaTotal:         294912 kB
CmaFree:              68 kB
MemTotal:       12113132 kB
MemFree:         6320068 kB
MemAvailable:    7805680 kB
Buffers:            5540 kB
Cached:          1826108 kB
SwapCached:            0 kB
Active:          1541184 kB
Inactive:        1586408 kB
Active(anon):    1302360 kB
Inactive(anon):    25608 kB
Active(file):     238824 kB
Inactive(file):  1560800 kB
Unevictable:        5532 kB
Mlocked:            5532 kB
SwapTotal:       3145724 kB
SwapFree:        3145724 kB
Dirty:               516 kB
Writeback:             0 kB
AnonPages:       1301464 kB
Mapped:           874612 kB
Shmem:             27544 kB
KReclaimable:     554692 kB
Slab:             224768 kB
SReclaimable:      76136 kB
SUnreclaim:       148632 kB
KernelStack:       48592 kB
PageTables:        67704 kB
NFS_Unstable:          0 kB
Bounce:                0 kB
WritebackTmp:          0 kB
CommitLimit:     9202288 kB
Committed_AS:   75057276 kB
VmallocTotal:   263061440 kB
VmallocUsed:      105864 kB
VmallocChunk:          0 kB
Percpu:             7648 kB
CmaTotal:         294912 kB
CmaFree:              36 kB
MemTotal:       12113132 kB
MemFree:         6285396 kB
MemAvailable:    7771048 kB
Buffers:            5540 kB
Cached:          1826132 kB
SwapCached:            0 kB
Active:          1575176 kB
Inactive:        1586432 kB
Active(anon):    1336352 kB
Inactive(anon):    25608 kB
Active(file):     238824 kB
Inactive(file):  1560824 kB
Unevictable:        5532 kB
Mlocked:            5532 kB
SwapTotal:       3145724 kB
SwapFree:        3145724 kB
Dirty:               560 kB
Writeback:             0 kB
AnonPages:       1335696 kB
Mapped:           874612 kB
Shmem:             27544 kB
KReclaimable:     554708 kB
Slab:             224792 kB
SReclaimable:      76152 kB
SUnreclaim:       148640 kB
KernelStack:       48640 kB
PageTables:        67776 kB
NFS_Unstable:          0 kB
Bounce:                0 kB
WritebackTmp:          0 kB
CommitLimit:     9202288 kB
Committed_AS:   75066216 kB
VmallocTotal:   263061440 kB
VmallocUsed:      105864 kB
VmallocChunk:          0 kB
Percpu:             7648 kB
CmaTotal:         294912 kB
CmaFree:               0 kB
MemTotal:       12113132 kB
MemFree:         6285788 kB
MemAvailable:    7771452 kB
Buffers:            5540 kB
Cached:          1826144 kB
SwapCached:            0 kB
Active:          1574796 kB
Inactive:        1586444 kB
Active(anon):    1335972 kB
Inactive(anon):    25608 kB
Active(file):     238824 kB
Inactive(file):  1560836 kB
Unevictable:        5532 kB
Mlocked:            5532 kB
SwapTotal:       3145724 kB
SwapFree:        3145724 kB
Dirty:               576 kB
Writeback:             0 kB
AnonPages:       1334996 kB
Mapped:           874612 kB
Shmem:             27544 kB
KReclaimable:     554708 kB
Slab:             224840 kB
SReclaimable:      76152 kB
SUnreclaim:       148688 kB
KernelStack:       48592 kB
PageTables:        67712 kB
NFS_Unstable:          0 kB
Bounce:                0 kB
WritebackTmp:          0 kB
CommitLimit:     9202288 kB
Committed_AS:   75071596 kB
VmallocTotal:   263061440 kB
VmallocUsed:      105848 kB
VmallocChunk:          0 kB
Percpu:             7648 kB
CmaTotal:         294912 kB
CmaFree:               0 kB
MemTotal:       12113132 kB
MemFree:         6286380 kB
MemAvailable:    7772056 kB
Buffers:            5540 kB
Cached:          1826156 kB
SwapCached:            0 kB
Active:          1576308 kB
Inactive:        1586456 kB
Active(anon):    1337484 kB
Inactive(anon):    25608 kB
Active(file):     238824 kB
Inactive(file):  1560848 kB
Unevictable:        5532 kB
Mlocked:            5532 kB
SwapTotal:       3145724 kB
SwapFree:        3145724 kB
Dirty:               600 kB
Writeback:             0 kB
AnonPages:       1336648 kB
Mapped:           874612 kB
Shmem:             27544 kB
KReclaimable:     554708 kB
Slab:             224776 kB
SReclaimable:      76152 kB
SUnreclaim:       148624 kB
KernelStack:       48592 kB
PageTables:        67708 kB
NFS_Unstable:          0 kB
Bounce:                0 kB
WritebackTmp:          0 kB
CommitLimit:     9202288 kB
Committed_AS:   75067588 kB
VmallocTotal:   263061440 kB
VmallocUsed:      105848 kB
VmallocChunk:          0 kB
Percpu:             7648 kB
CmaTotal:         294912 kB
CmaFree:               0 kB
MemTotal:       12113132 kB
MemFree:         6275004 kB
MemAvailable:    7760656 kB
Buffers:            5540 kB
Cached:          1826164 kB
SwapCached:            0 kB
Active:          1586600 kB
Inactive:        1586464 kB
Active(anon):    1347776 kB
Inactive(anon):    25608 kB
Active(file):     238824 kB
Inactive(file):  1560856 kB
Unevictable:        5532 kB
Mlocked:            5532 kB
SwapTotal:       3145724 kB
SwapFree:        3145724 kB
Dirty:               612 kB
Writeback:             0 kB
AnonPages:       1346884 kB
Mapped:           874612 kB
Shmem:             27544 kB
KReclaimable:     554708 kB
Slab:             224752 kB
SReclaimable:      76152 kB
SUnreclaim:       148600 kB
KernelStack:       48640 kB
PageTables:        67804 kB
NFS_Unstable:          0 kB
Bounce:                0 kB
WritebackTmp:          0 kB
CommitLimit:     9202288 kB
Committed_AS:   75057940 kB
VmallocTotal:   263061440 kB
VmallocUsed:      105832 kB
VmallocChunk:          0 kB
Percpu:             7648 kB
CmaTotal:         294912 kB
CmaFree:               0 kB
MemTotal:       12113132 kB
MemFree:         6275080 kB
MemAvailable:    7760772 kB
Buffers:            5540 kB
Cached:          1826172 kB
SwapCached:            0 kB
Active:          1587336 kB
Inactive:        1586472 kB
Active(anon):    1348512 kB
Inactive(anon):    25608 kB
Active(file):     238824 kB
Inactive(file):  1560864 kB
Unevictable:        5532 kB
Mlocked:            5532 kB
SwapTotal:       3145724 kB
SwapFree:        3145724 kB
Dirty:               624 kB
Writeback:             0 kB
AnonPages:       1347564 kB
Mapped:           874612 kB
Shmem:             27544 kB
KReclaimable:     554708 kB
Slab:             224744 kB
SReclaimable:      76152 kB
SUnreclaim:       148592 kB
KernelStack:       48640 kB
PageTables:        67784 kB
NFS_Unstable:          0 kB
Bounce:                0 kB
WritebackTmp:          0 kB
CommitLimit:     9202288 kB
Committed_AS:   75053140 kB
VmallocTotal:   263061440 kB
VmallocUsed:      105800 kB
VmallocChunk:          0 kB
Percpu:             7648 kB
CmaTotal:         294912 kB
CmaFree:               0 kB
MemTotal:       12113132 kB
MemFree:         6273912 kB
MemAvailable:    7759620 kB
Buffers:            5540 kB
Cached:          1826188 kB
SwapCached:            0 kB
Active:          1588148 kB
Inactive:        1586488 kB
Active(anon):    1349324 kB
Inactive(anon):    25608 kB
Active(file):     238824 kB
Inactive(file):  1560880 kB
Unevictable:        5532 kB
Mlocked:            5532 kB
SwapTotal:       3145724 kB
SwapFree:        3145724 kB
Dirty:               664 kB
Writeback:             0 kB
AnonPages:       1348688 kB
Mapped:           874620 kB
Shmem:             27544 kB
KReclaimable:     554708 kB
Slab:             224752 kB
SReclaimable:      76152 kB
SUnreclaim:       148600 kB
KernelStack:       48592 kB
PageTables:        67712 kB
NFS_Unstable:          0 kB
Bounce:                0 kB
WritebackTmp:          0 kB
CommitLimit:     9202288 kB
Committed_AS:   75052468 kB
VmallocTotal:   263061440 kB
VmallocUsed:      105784 kB
VmallocChunk:          0 kB
Percpu:             7648 kB
CmaTotal:         294912 kB
CmaFree:               0 kB
MemTotal:       12113132 kB
MemFree:         6274084 kB
MemAvailable:    7759820 kB
Buffers:            5544 kB
Cached:          1826212 kB
SwapCached:            0 kB
Active:          1588420 kB
Inactive:        1586512 kB
Active(anon):    1349592 kB
Inactive(anon):    25608 kB
Active(file):     238828 kB
Inactive(file):  1560904 kB
Unevictable:        5532 kB
Mlocked:            5532 kB
SwapTotal:       3145724 kB
SwapFree:        3145724 kB
Dirty:               652 kB
Writeback:             0 kB
AnonPages:       1348928 kB
Mapped:           874616 kB
Shmem:             27544 kB
KReclaimable:     554708 kB
Slab:             224752 kB
SReclaimable:      76152 kB
SUnreclaim:       148600 kB
KernelStack:       48640 kB
PageTables:        67816 kB
NFS_Unstable:          0 kB
Bounce:                0 kB
WritebackTmp:          0 kB
CommitLimit:     9202288 kB
Committed_AS:   75062220 kB
VmallocTotal:   263061440 kB
VmallocUsed:      105832 kB
VmallocChunk:          0 kB
Percpu:             7648 kB
CmaTotal:         294912 kB
CmaFree:               0 kB
MemTotal:       12113132 kB
MemFree:         6273644 kB
MemAvailable:    7759396 kB
Buffers:            5544 kB
Cached:          1826228 kB
SwapCached:            0 kB
Active:          1589076 kB
Inactive:        1586528 kB
Active(anon):    1350248 kB
Inactive(anon):    25608 kB
Active(file):     238828 kB
Inactive(file):  1560920 kB
Unevictable:        5532 kB
Mlocked:            5532 kB
SwapTotal:       3145724 kB
SwapFree:        3145724 kB
Dirty:               244 kB
Writeback:             0 kB
AnonPages:       1349632 kB
Mapped:           874612 kB
Shmem:             27544 kB
KReclaimable:     554708 kB
Slab:             224760 kB
SReclaimable:      76152 kB
SUnreclaim:       148608 kB
KernelStack:       48592 kB
PageTables:        67780 kB
NFS_Unstable:          0 kB
Bounce:                0 kB
WritebackTmp:          0 kB
CommitLimit:     9202288 kB
Committed_AS:   75053272 kB
VmallocTotal:   263061440 kB
VmallocUsed:      105768 kB
VmallocChunk:          0 kB
Percpu:             7648 kB
CmaTotal:         294912 kB
CmaFree:               0 kB
MemTotal:       12113132 kB
MemFree:         6272012 kB
MemAvailable:    7757776 kB
Buffers:            5544 kB
Cached:          1826240 kB
SwapCached:            0 kB
Active:          1590056 kB
Inactive:        1586540 kB
Active(anon):    1351228 kB
Inactive(anon):    25608 kB
Active(file):     238828 kB
Inactive(file):  1560932 kB
Unevictable:        5532 kB
Mlocked:            5532 kB
SwapTotal:       3145724 kB
SwapFree:        3145724 kB
Dirty:               308 kB
Writeback:             0 kB
AnonPages:       1350432 kB
Mapped:           874612 kB
Shmem:             27544 kB
KReclaimable:     554708 kB
Slab:             224752 kB
SReclaimable:      76152 kB
SUnreclaim:       148600 kB
KernelStack:       48592 kB
PageTables:        67708 kB
NFS_Unstable:          0 kB
Bounce:                0 kB
WritebackTmp:          0 kB
CommitLimit:     9202288 kB
Committed_AS:   75056712 kB
VmallocTotal:   263061440 kB
VmallocUsed:      105816 kB
VmallocChunk:          0 kB
Percpu:             7648 kB
CmaTotal:         294912 kB
CmaFree:               0 kB
MemTotal:       12113132 kB
MemFree:         6271436 kB
MemAvailable:    7757208 kB
Buffers:            5544 kB
Cached:          1826248 kB
SwapCached:            0 kB
Active:          1590472 kB
Inactive:        1586548 kB
Active(anon):    1351644 kB
Inactive(anon):    25608 kB
Active(file):     238828 kB
Inactive(file):  1560940 kB
Unevictable:        5532 kB
Mlocked:            5532 kB
SwapTotal:       3145724 kB
SwapFree:        3145724 kB
Dirty:               316 kB
Writeback:             0 kB
AnonPages:       1350768 kB
Mapped:           874616 kB
Shmem:             27544 kB
KReclaimable:     554708 kB
Slab:             224752 kB
SReclaimable:      76152 kB
SUnreclaim:       148600 kB
KernelStack:       48592 kB
PageTables:        67708 kB
NFS_Unstable:          0 kB
Bounce:                0 kB
WritebackTmp:          0 kB
CommitLimit:     9202288 kB
Committed_AS:   75055104 kB
VmallocTotal:   263061440 kB
VmallocUsed:      105784 kB
VmallocChunk:          0 kB
Percpu:             7648 kB
CmaTotal:         294912 kB
CmaFree:               0 kB
MemTotal:       12113132 kB
MemFree:         6271224 kB
MemAvailable:    7757012 kB
Buffers:            5544 kB
Cached:          1826264 kB
SwapCached:            0 kB
Active:          1591172 kB
Inactive:        1586564 kB
Active(anon):    1352344 kB
Inactive(anon):    25608 kB
Active(file):     238828 kB
Inactive(file):  1560956 kB
Unevictable:        5532 kB
Mlocked:            5532 kB
SwapTotal:       3145724 kB
SwapFree:        3145724 kB
Dirty:               336 kB
Writeback:             0 kB
AnonPages:       1351672 kB
Mapped:           874600 kB
Shmem:             27544 kB
KReclaimable:     554708 kB
Slab:             224752 kB
SReclaimable:      76152 kB
SUnreclaim:       148600 kB
KernelStack:       48576 kB
PageTables:        67684 kB
NFS_Unstable:          0 kB
Bounce:                0 kB
WritebackTmp:          0 kB
CommitLimit:     9202288 kB
Committed_AS:   75055444 kB
VmallocTotal:   263061440 kB
VmallocUsed:      105768 kB
VmallocChunk:          0 kB
Percpu:             7648 kB
CmaTotal:         294912 kB
CmaFree:               0 kB
MemTotal:       12113132 kB
MemFree:         6317500 kB
MemAvailable:    7803296 kB
Buffers:            5544 kB
Cached:          1826272 kB
SwapCached:            0 kB
Active:          1545204 kB
Inactive:        1586572 kB
Active(anon):    1306376 kB
Inactive(anon):    25608 kB
Active(file):     238828 kB
Inactive(file):  1560964 kB
Unevictable:        5532 kB
Mlocked:            5532 kB
SwapTotal:       3145724 kB
SwapFree:        3145724 kB
Dirty:               356 kB
Writeback:             0 kB
AnonPages:       1305456 kB
Mapped:           874612 kB
Shmem:             27544 kB
KReclaimable:     554708 kB
Slab:             224752 kB
SReclaimable:      76152 kB
SUnreclaim:       148600 kB
KernelStack:       48592 kB
PageTables:        67712 kB
NFS_Unstable:          0 kB
Bounce:                0 kB
WritebackTmp:          0 kB
CommitLimit:     9202288 kB
Committed_AS:   75050696 kB
VmallocTotal:   263061440 kB
VmallocUsed:      105800 kB
VmallocChunk:          0 kB
Percpu:             7648 kB
CmaTotal:         294912 kB
CmaFree:               0 kB
MemTotal:       12113132 kB
MemFree:         6316088 kB
MemAvailable:    7801896 kB
Buffers:            5544 kB
Cached:          1826284 kB
SwapCached:            0 kB
Active:          1546612 kB
Inactive:        1586584 kB
Active(anon):    1307784 kB
Inactive(anon):    25608 kB
Active(file):     238828 kB
Inactive(file):  1560976 kB
Unevictable:        5532 kB
Mlocked:            5532 kB
SwapTotal:       3145724 kB
SwapFree:        3145724 kB
Dirty:               256 kB
Writeback:             0 kB
AnonPages:       1306684 kB
Mapped:           874612 kB
Shmem:             27544 kB
KReclaimable:     554708 kB
Slab:             224752 kB
SReclaimable:      76152 kB
SUnreclaim:       148600 kB
KernelStack:       48592 kB
PageTables:        67708 kB
NFS_Unstable:          0 kB
Bounce:                0 kB
WritebackTmp:          0 kB
CommitLimit:     9202288 kB
Committed_AS:   75050616 kB
VmallocTotal:   263061440 kB
VmallocUsed:      105800 kB
VmallocChunk:          0 kB
Percpu:             7648 kB
CmaTotal:         294912 kB
CmaFree:               0 kB
MemTotal:       12113132 kB
MemFree:         6315592 kB
MemAvailable:    7801412 kB
Buffers:            5544 kB
Cached:          1826296 kB
SwapCached:            0 kB
Active:          1546472 kB
Inactive:        1586596 kB
Active(anon):    1307644 kB
Inactive(anon):    25608 kB
Active(file):     238828 kB
Inactive(file):  1560988 kB
Unevictable:        5532 kB
Mlocked:            5532 kB
SwapTotal:       3145724 kB
SwapFree:        3145724 kB
Dirty:               280 kB
Writeback:             0 kB
AnonPages:       1306712 kB
Mapped:           874612 kB
Shmem:             27544 kB
KReclaimable:     554708 kB
Slab:             224752 kB
SReclaimable:      76152 kB
SUnreclaim:       148600 kB
KernelStack:       48560 kB
PageTables:        67712 kB
NFS_Unstable:          0 kB
Bounce:                0 kB
WritebackTmp:          0 kB
CommitLimit:     9202288 kB
Committed_AS:   75050280 kB
VmallocTotal:   263061440 kB
VmallocUsed:      105768 kB
VmallocChunk:          0 kB
Percpu:             7648 kB
CmaTotal:         294912 kB
CmaFree:               0 kB
MemTotal:       12113132 kB
MemFree:         6326924 kB
MemAvailable:    7812752 kB
Buffers:            5544 kB
Cached:          1826308 kB
SwapCached:            0 kB
Active:          1534756 kB
Inactive:        1586608 kB
Active(anon):    1295928 kB
Inactive(anon):    25612 kB
Active(file):     238828 kB
Inactive(file):  1560996 kB
Unevictable:        5532 kB
Mlocked:            5532 kB
SwapTotal:       3145724 kB
SwapFree:        3145724 kB
Dirty:               312 kB
Writeback:             0 kB
AnonPages:       1295108 kB
Mapped:           874616 kB
Shmem:             27548 kB
KReclaimable:     554708 kB
Slab:             224752 kB
SReclaimable:      76152 kB
SUnreclaim:       148600 kB
KernelStack:       48608 kB
PageTables:        67816 kB
NFS_Unstable:          0 kB
Bounce:                0 kB
WritebackTmp:          0 kB
CommitLimit:     9202288 kB
Committed_AS:   75045216 kB
VmallocTotal:   263061440 kB
VmallocUsed:      105752 kB
VmallocChunk:          0 kB
Percpu:             7648 kB
CmaTotal:         294912 kB
CmaFree:             164 kB
MemTotal:       12113132 kB
MemFree:         6326372 kB
MemAvailable:    7812232 kB
Buffers:            5544 kB
Cached:          1826340 kB
SwapCached:            0 kB
Active:          1535692 kB
Inactive:        1586640 kB
Active(anon):    1296864 kB
Inactive(anon):    25612 kB
Active(file):     238828 kB
Inactive(file):  1561028 kB
Unevictable:        5532 kB
Mlocked:            5532 kB
SwapTotal:       3145724 kB
SwapFree:        3145724 kB
Dirty:               368 kB
Writeback:             0 kB
AnonPages:       1296004 kB
Mapped:           874616 kB
Shmem:             27548 kB
KReclaimable:     554708 kB
Slab:             224748 kB
SReclaimable:      76152 kB
SUnreclaim:       148596 kB
KernelStack:       48608 kB
PageTables:        67816 kB
NFS_Unstable:          0 kB
Bounce:                0 kB
WritebackTmp:          0 kB
CommitLimit:     9202288 kB
Committed_AS:   75041912 kB
VmallocTotal:   263061440 kB
VmallocUsed:      105784 kB
VmallocChunk:          0 kB
Percpu:             7648 kB
CmaTotal:         294912 kB
CmaFree:               0 kB
MemTotal:       12113132 kB
MemFree:         6324796 kB
MemAvailable:    7810660 kB
Buffers:            5544 kB
Cached:          1826344 kB
SwapCached:            0 kB
Active:          1536256 kB
Inactive:        1586644 kB
Active(anon):    1297428 kB
Inactive(anon):    25612 kB
Active(file):     238828 kB
Inactive(file):  1561032 kB
Unevictable:        5532 kB
Mlocked:            5532 kB
SwapTotal:       3145724 kB
SwapFree:        3145724 kB
Dirty:               372 kB
Writeback:             0 kB
AnonPages:       1296668 kB
Mapped:           874616 kB
Shmem:             27548 kB
KReclaimable:     554708 kB
Slab:             224748 kB
SReclaimable:      76152 kB
SUnreclaim:       148596 kB
KernelStack:       48608 kB
PageTables:        67820 kB
NFS_Unstable:          0 kB
Bounce:                0 kB
WritebackTmp:          0 kB
CommitLimit:     9202288 kB
Committed_AS:   75049056 kB
VmallocTotal:   263061440 kB
VmallocUsed:      105832 kB
VmallocChunk:          0 kB
Percpu:             7648 kB
CmaTotal:         294912 kB
CmaFree:               0 kB
MemTotal:       12113132 kB
MemFree:         6324712 kB
MemAvailable:    7810604 kB
Buffers:            5544 kB
Cached:          1826376 kB
SwapCached:            0 kB
Active:          1538032 kB
Inactive:        1586676 kB
Active(anon):    1299204 kB
Inactive(anon):    25616 kB
Active(file):     238828 kB
Inactive(file):  1561060 kB
Unevictable:        5532 kB
Mlocked:            5532 kB
SwapTotal:       3145724 kB
SwapFree:        3145724 kB
Dirty:               340 kB
Writeback:             0 kB
AnonPages:       1298360 kB
Mapped:           874784 kB
Shmem:             27552 kB
KReclaimable:     554708 kB
Slab:             224764 kB
SReclaimable:      76152 kB
SUnreclaim:       148612 kB
KernelStack:       48608 kB
PageTables:        67820 kB
NFS_Unstable:          0 kB
Bounce:                0 kB
WritebackTmp:          0 kB
CommitLimit:     9202288 kB
Committed_AS:   75053196 kB
VmallocTotal:   263061440 kB
VmallocUsed:      105832 kB
VmallocChunk:          0 kB
Percpu:             7648 kB
CmaTotal:         294912 kB
CmaFree:               0 kB
MemTotal:       12113132 kB
MemFree:         6322656 kB
MemAvailable:    7808560 kB
Buffers:            5544 kB
Cached:          1826388 kB
SwapCached:            0 kB
Active:          1538196 kB
Inactive:        1586688 kB
Active(anon):    1299368 kB
Inactive(anon):    25616 kB
Active(file):     238828 kB
Inactive(file):  1561072 kB
Unevictable:        5532 kB
Mlocked:            5532 kB
SwapTotal:       3145724 kB
SwapFree:        3145724 kB
Dirty:               376 kB
Writeback:             0 kB
AnonPages:       1298704 kB
Mapped:           874984 kB
Shmem:             27552 kB
KReclaimable:     554708 kB
Slab:             224760 kB
SReclaimable:      76152 kB
SUnreclaim:       148608 kB
KernelStack:       48608 kB
PageTables:        67708 kB
NFS_Unstable:          0 kB
Bounce:                0 kB
WritebackTmp:          0 kB
CommitLimit:     9202288 kB
Committed_AS:   75046292 kB
VmallocTotal:   263061440 kB
VmallocUsed:      105784 kB
VmallocChunk:          0 kB
Percpu:             7648 kB
CmaTotal:         294912 kB
CmaFree:               0 kB
MemTotal:       12113132 kB
MemFree:         6323392 kB
MemAvailable:    7809304 kB
Buffers:            5544 kB
Cached:          1826396 kB
SwapCached:            0 kB
Active:          1538684 kB
Inactive:        1586696 kB
Active(anon):    1299856 kB
Inactive(anon):    25616 kB
Active(file):     238828 kB
Inactive(file):  1561080 kB
Unevictable:        5532 kB
Mlocked:            5532 kB
SwapTotal:       3145724 kB
SwapFree:        3145724 kB
Dirty:               388 kB
Writeback:             0 kB
AnonPages:       1298940 kB
Mapped:           874784 kB
Shmem:             27552 kB
KReclaimable:     554708 kB
Slab:             224760 kB
SReclaimable:      76152 kB
SUnreclaim:       148608 kB
KernelStack:       48560 kB
PageTables:        67708 kB
NFS_Unstable:          0 kB
Bounce:                0 kB
WritebackTmp:          0 kB
CommitLimit:     9202288 kB
Committed_AS:   75048016 kB
VmallocTotal:   263061440 kB
VmallocUsed:      105784 kB
VmallocChunk:          0 kB
Percpu:             7648 kB
CmaTotal:         294912 kB
CmaFree:               0 kB
MemTotal:       12113132 kB
MemFree:         6322292 kB
MemAvailable:    7808220 kB
Buffers:            5544 kB
Cached:          1826412 kB
SwapCached:            0 kB
Active:          1539808 kB
Inactive:        1586712 kB
Active(anon):    1300980 kB
Inactive(anon):    25616 kB
Active(file):     238828 kB
Inactive(file):  1561096 kB
Unevictable:        5532 kB
Mlocked:            5532 kB
SwapTotal:       3145724 kB
SwapFree:        3145724 kB
Dirty:               432 kB
Writeback:             0 kB
AnonPages:       1300152 kB
Mapped:           874796 kB
Shmem:             27552 kB
KReclaimable:     554708 kB
Slab:             224760 kB
SReclaimable:      76152 kB
SUnreclaim:       148608 kB
KernelStack:       48608 kB
PageTables:        67796 kB
NFS_Unstable:          0 kB
Bounce:                0 kB
WritebackTmp:          0 kB
CommitLimit:     9202288 kB
Committed_AS:   75041712 kB
VmallocTotal:   263061440 kB
VmallocUsed:      105784 kB
VmallocChunk:          0 kB
Percpu:             7648 kB
CmaTotal:         294912 kB
CmaFree:               0 kB
MemTotal:       12113132 kB
MemFree:         6322304 kB
MemAvailable:    7808260 kB
Buffers:            5548 kB
Cached:          1826436 kB
SwapCached:            0 kB
Active:          1540292 kB
Inactive:        1586736 kB
Active(anon):    1301460 kB
Inactive(anon):    25616 kB
Active(file):     238832 kB
Inactive(file):  1561120 kB
Unevictable:        5532 kB
Mlocked:            5532 kB
SwapTotal:       3145724 kB
SwapFree:        3145724 kB
Dirty:               428 kB
Writeback:             0 kB
AnonPages:       1300792 kB
Mapped:           874788 kB
Shmem:             27552 kB
KReclaimable:     554708 kB
Slab:             224760 kB
SReclaimable:      76152 kB
SUnreclaim:       148608 kB
KernelStack:       48608 kB
PageTables:        67704 kB
NFS_Unstable:          0 kB
Bounce:                0 kB
WritebackTmp:          0 kB
CommitLimit:     9202288 kB
Committed_AS:   75052204 kB
VmallocTotal:   263061440 kB
VmallocUsed:      105752 kB
VmallocChunk:          0 kB
Percpu:             7648 kB
CmaTotal:         294912 kB
CmaFree:               0 kB
MemTotal:       12113132 kB
MemFree:         6322056 kB
MemAvailable:    7808024 kB
Buffers:            5548 kB
Cached:          1826448 kB
SwapCached:            0 kB
Active:          1539916 kB
Inactive:        1586748 kB
Active(anon):    1301084 kB
Inactive(anon):    25616 kB
Active(file):     238832 kB
Inactive(file):  1561132 kB
Unevictable:        5532 kB
Mlocked:            5532 kB
SwapTotal:       3145724 kB
SwapFree:        3145724 kB
Dirty:               444 kB
Writeback:             0 kB
AnonPages:       1299836 kB
Mapped:           874940 kB
Shmem:             27552 kB
KReclaimable:     554708 kB
Slab:             224760 kB
SReclaimable:      76152 kB
SUnreclaim:       148608 kB
KernelStack:       48608 kB
PageTables:        67792 kB
NFS_Unstable:          0 kB
Bounce:                0 kB
WritebackTmp:          0 kB
CommitLimit:     9202288 kB
Committed_AS:   75046380 kB
VmallocTotal:   263061440 kB
VmallocUsed:      105800 kB
VmallocChunk:          0 kB
Percpu:             7648 kB
CmaTotal:         294912 kB
CmaFree:             144 kB
MemTotal:       12113132 kB
MemFree:         6321400 kB
MemAvailable:    7807376 kB
Buffers:            5548 kB
Cached:          1826460 kB
SwapCached:            0 kB
Active:          1540704 kB
Inactive:        1586760 kB
Active(anon):    1301872 kB
Inactive(anon):    25620 kB
Active(file):     238832 kB
Inactive(file):  1561140 kB
Unevictable:        5532 kB
Mlocked:            5532 kB
SwapTotal:       3145724 kB
SwapFree:        3145724 kB
Dirty:               468 kB
Writeback:             0 kB
AnonPages:       1301028 kB
Mapped:           874788 kB
Shmem:             27556 kB
KReclaimable:     554708 kB
Slab:             224760 kB
SReclaimable:      76152 kB
SUnreclaim:       148608 kB
KernelStack:       48560 kB
PageTables:        67708 kB
NFS_Unstable:          0 kB
Bounce:                0 kB
WritebackTmp:          0 kB
CommitLimit:     9202288 kB
Committed_AS:   75049160 kB
VmallocTotal:   263061440 kB
VmallocUsed:      105784 kB
VmallocChunk:          0 kB
Percpu:             7648 kB
CmaTotal:         294912 kB
CmaFree:               0 kB
MemTotal:       12113132 kB
MemFree:         6320408 kB
MemAvailable:    7806400 kB
Buffers:            5548 kB
Cached:          1826476 kB
SwapCached:            0 kB
Active:          1541512 kB
Inactive:        1586776 kB
Active(anon):    1302680 kB
Inactive(anon):    25620 kB
Active(file):     238832 kB
Inactive(file):  1561156 kB
Unevictable:        5532 kB
Mlocked:            5532 kB
SwapTotal:       3145724 kB
SwapFree:        3145724 kB
Dirty:               492 kB
Writeback:             0 kB
AnonPages:       1301856 kB
Mapped:           874788 kB
Shmem:             27556 kB
KReclaimable:     554708 kB
Slab:             224760 kB
SReclaimable:      76152 kB
SUnreclaim:       148608 kB
KernelStack:       48560 kB
PageTables:        67708 kB
NFS_Unstable:          0 kB
Bounce:                0 kB
WritebackTmp:          0 kB
CommitLimit:     9202288 kB
Committed_AS:   75053932 kB
VmallocTotal:   263061440 kB
VmallocUsed:      105784 kB
VmallocChunk:          0 kB
Percpu:             7648 kB
CmaTotal:         294912 kB
CmaFree:               0 kB
MemTotal:       12113132 kB
MemFree:         6318368 kB
MemAvailable:    7804364 kB
Buffers:            5548 kB
Cached:          1826480 kB
SwapCached:            0 kB
Active:          1542476 kB
Inactive:        1586780 kB
Active(anon):    1303644 kB
Inactive(anon):    25620 kB
Active(file):     238832 kB
Inactive(file):  1561160 kB
Unevictable:        5532 kB
Mlocked:            5532 kB
SwapTotal:       3145724 kB
SwapFree:        3145724 kB
Dirty:               528 kB
Writeback:             0 kB
AnonPages:       1302656 kB
Mapped:           874588 kB
Shmem:             27556 kB
KReclaimable:     554708 kB
Slab:             224760 kB
SReclaimable:      76152 kB
SUnreclaim:       148608 kB
KernelStack:       48560 kB
PageTables:        67680 kB
NFS_Unstable:          0 kB
Bounce:                0 kB
WritebackTmp:          0 kB
CommitLimit:     9202288 kB
Committed_AS:   75048856 kB
VmallocTotal:   263061440 kB
VmallocUsed:      105768 kB
VmallocChunk:          0 kB
Percpu:             7648 kB
CmaTotal:         294912 kB
CmaFree:               0 kB
MemTotal:       12113132 kB
MemFree:         6317516 kB
MemAvailable:    7803532 kB
Buffers:            5548 kB
Cached:          1826504 kB
SwapCached:            0 kB
Active:          1544088 kB
Inactive:        1586792 kB
Active(anon):    1305244 kB
Inactive(anon):    25624 kB
Active(file):     238844 kB
Inactive(file):  1561168 kB
Unevictable:        5532 kB
Mlocked:            5532 kB
SwapTotal:       3145724 kB
SwapFree:        3145724 kB
Dirty:               784 kB
Writeback:             0 kB
AnonPages:       1304456 kB
Mapped:           874596 kB
Shmem:             27560 kB
KReclaimable:     554708 kB
Slab:             224756 kB
SReclaimable:      76152 kB
SUnreclaim:       148604 kB
KernelStack:       48640 kB
PageTables:        67748 kB
NFS_Unstable:          0 kB
Bounce:                0 kB
WritebackTmp:          0 kB
CommitLimit:     9202288 kB
Committed_AS:   75057608 kB
VmallocTotal:   263061440 kB
VmallocUsed:      105896 kB
VmallocChunk:          0 kB
Percpu:             7648 kB
CmaTotal:         294912 kB
CmaFree:               0 kB
MemTotal:       12113132 kB
MemFree:         6318152 kB
MemAvailable:    7804180 kB
Buffers:            5548 kB
Cached:          1826516 kB
SwapCached:            0 kB
Active:          1544212 kB
Inactive:        1586804 kB
Active(anon):    1305368 kB
Inactive(anon):    25624 kB
Active(file):     238844 kB
Inactive(file):  1561180 kB
Unevictable:        5532 kB
Mlocked:            5532 kB
SwapTotal:       3145724 kB
SwapFree:        3145724 kB
Dirty:               236 kB
Writeback:             0 kB
AnonPages:       1304408 kB
Mapped:           887972 kB
Shmem:             27560 kB
KReclaimable:     554708 kB
Slab:             224788 kB
SReclaimable:      76152 kB
SUnreclaim:       148636 kB
KernelStack:       48640 kB
PageTables:        67764 kB
NFS_Unstable:          0 kB
Bounce:                0 kB
WritebackTmp:          0 kB
CommitLimit:     9202288 kB
Committed_AS:   75058640 kB
VmallocTotal:   263061440 kB
VmallocUsed:      105912 kB
VmallocChunk:          0 kB
Percpu:             7648 kB
CmaTotal:         294912 kB
CmaFree:               0 kB
MemTotal:       12113132 kB
MemFree:         6317128 kB
MemAvailable:    7803168 kB
Buffers:            5548 kB
Cached:          1826528 kB
SwapCached:            0 kB
Active:          1545140 kB
Inactive:        1586816 kB
Active(anon):    1306296 kB
Inactive(anon):    25624 kB
Active(file):     238844 kB
Inactive(file):  1561192 kB
Unevictable:        5532 kB
Mlocked:            5532 kB
SwapTotal:       3145724 kB
SwapFree:        3145724 kB
Dirty:               308 kB
Writeback:             0 kB
AnonPages:       1305480 kB
Mapped:           887972 kB
Shmem:             27560 kB
KReclaimable:     554708 kB
Slab:             224788 kB
SReclaimable:      76152 kB
SUnreclaim:       148636 kB
KernelStack:       48640 kB
PageTables:        67764 kB
NFS_Unstable:          0 kB
Bounce:                0 kB
WritebackTmp:          0 kB
CommitLimit:     9202288 kB
Committed_AS:   75053460 kB
VmallocTotal:   263061440 kB
VmallocUsed:      105896 kB
VmallocChunk:          0 kB
Percpu:             7648 kB
CmaTotal:         294912 kB
CmaFree:               0 kB
MemTotal:       12113132 kB
MemFree:         6316140 kB
MemAvailable:    7802196 kB
Buffers:            5548 kB
Cached:          1826544 kB
SwapCached:            0 kB
Active:          1545820 kB
Inactive:        1586832 kB
Active(anon):    1306976 kB
Inactive(anon):    25624 kB
Active(file):     238844 kB
Inactive(file):  1561208 kB
Unevictable:        5532 kB
Mlocked:            5532 kB
SwapTotal:       3145724 kB
SwapFree:        3145724 kB
Dirty:               356 kB
Writeback:             0 kB
AnonPages:       1306120 kB
Mapped:           887972 kB
Shmem:             27560 kB
KReclaimable:     554708 kB
Slab:             224788 kB
SReclaimable:      76152 kB
SUnreclaim:       148636 kB
KernelStack:       48672 kB
PageTables:        67860 kB
NFS_Unstable:          0 kB
Bounce:                0 kB
WritebackTmp:          0 kB
CommitLimit:     9202288 kB
Committed_AS:   75047784 kB
VmallocTotal:   263061440 kB
VmallocUsed:      105848 kB
VmallocChunk:          0 kB
Percpu:             7648 kB
CmaTotal:         294912 kB
CmaFree:               0 kB
MemTotal:       12113132 kB
MemFree:         6315468 kB
MemAvailable:    7801544 kB
Buffers:            5548 kB
Cached:          1826564 kB
SwapCached:            0 kB
Active:          1546572 kB
Inactive:        1586852 kB
Active(anon):    1307728 kB
Inactive(anon):    25624 kB
Active(file):     238844 kB
Inactive(file):  1561228 kB
Unevictable:        5532 kB
Mlocked:            5532 kB
SwapTotal:       3145724 kB
SwapFree:        3145724 kB
Dirty:               396 kB
Writeback:             0 kB
AnonPages:       1306896 kB
Mapped:           887972 kB
Shmem:             27560 kB
KReclaimable:     554708 kB
Slab:             224788 kB
SReclaimable:      76152 kB
SUnreclaim:       148636 kB
KernelStack:       48672 kB
PageTables:        67880 kB
NFS_Unstable:          0 kB
Bounce:                0 kB
WritebackTmp:          0 kB
CommitLimit:     9202288 kB
Committed_AS:   75063936 kB
VmallocTotal:   263061440 kB
VmallocUsed:      105848 kB
VmallocChunk:          0 kB
Percpu:             7648 kB
CmaTotal:         294912 kB
CmaFree:               0 kB
MemTotal:       12113132 kB
MemFree:         6315292 kB
MemAvailable:    7801372 kB
Buffers:            5548 kB
Cached:          1826568 kB
SwapCached:            0 kB
Active:          1547048 kB
Inactive:        1586856 kB
Active(anon):    1308204 kB
Inactive(anon):    25624 kB
Active(file):     238844 kB
Inactive(file):  1561232 kB
Unevictable:        5532 kB
Mlocked:            5532 kB
SwapTotal:       3145724 kB
SwapFree:        3145724 kB
Dirty:               404 kB
Writeback:             0 kB
AnonPages:       1307488 kB
Mapped:           887976 kB
Shmem:             27560 kB
KReclaimable:     554708 kB
Slab:             224788 kB
SReclaimable:      76152 kB
SUnreclaim:       148636 kB
KernelStack:       48672 kB
PageTables:        67868 kB
NFS_Unstable:          0 kB
Bounce:                0 kB
WritebackTmp:          0 kB
CommitLimit:     9202288 kB
Committed_AS:   75063264 kB
VmallocTotal:   263061440 kB
VmallocUsed:      105864 kB
VmallocChunk:          0 kB
Percpu:             7648 kB
CmaTotal:         294912 kB
CmaFree:               0 kB
MemTotal:       12113132 kB
MemFree:         6314100 kB
MemAvailable:    7800196 kB
Buffers:            5548 kB
Cached:          1826584 kB
SwapCached:            0 kB
Active:          1546476 kB
Inactive:        1586872 kB
Active(anon):    1307632 kB
Inactive(anon):    25624 kB
Active(file):     238844 kB
Inactive(file):  1561248 kB
Unevictable:        5532 kB
Mlocked:            5532 kB
SwapTotal:       3145724 kB
SwapFree:        3145724 kB
Dirty:               280 kB
Writeback:             0 kB
AnonPages:       1306600 kB
Mapped:           887972 kB
Shmem:             27560 kB
KReclaimable:     554708 kB
Slab:             224788 kB
SReclaimable:      76152 kB
SUnreclaim:       148636 kB
KernelStack:       48624 kB
PageTables:        67764 kB
NFS_Unstable:          0 kB
Bounce:                0 kB
WritebackTmp:          0 kB
CommitLimit:     9202288 kB
Committed_AS:   75059884 kB
VmallocTotal:   263061440 kB
VmallocUsed:      105864 kB
VmallocChunk:          0 kB
Percpu:             7648 kB
CmaTotal:         294912 kB
CmaFree:               0 kB
MemTotal:       12113132 kB
MemFree:         6279904 kB
MemAvailable:    7766012 kB
Buffers:            5548 kB
Cached:          1826596 kB
SwapCached:            0 kB
Active:          1580992 kB
Inactive:        1586884 kB
Active(anon):    1342148 kB
Inactive(anon):    25624 kB
Active(file):     238844 kB
Inactive(file):  1561260 kB
Unevictable:        5532 kB
Mlocked:            5532 kB
SwapTotal:       3145724 kB
SwapFree:        3145724 kB
Dirty:               316 kB
Writeback:             0 kB
AnonPages:       1341256 kB
Mapped:           887972 kB
Shmem:             27560 kB
KReclaimable:     554708 kB
Slab:             224780 kB
SReclaimable:      76152 kB
SUnreclaim:       148628 kB
KernelStack:       48640 kB
PageTables:        67896 kB
NFS_Unstable:          0 kB
Bounce:                0 kB
WritebackTmp:          0 kB
CommitLimit:     9202288 kB
Committed_AS:   75063236 kB
VmallocTotal:   263061440 kB
VmallocUsed:      105848 kB
VmallocChunk:          0 kB
Percpu:             7648 kB
CmaTotal:         294912 kB
CmaFree:               0 kB
MemTotal:       12113132 kB
MemFree:         6279188 kB
MemAvailable:    7765304 kB
Buffers:            5548 kB
Cached:          1826604 kB
SwapCached:            0 kB
Active:          1581760 kB
Inactive:        1586892 kB
Active(anon):    1342916 kB
Inactive(anon):    25624 kB
Active(file):     238844 kB
Inactive(file):  1561268 kB
Unevictable:        5532 kB
Mlocked:            5532 kB
SwapTotal:       3145724 kB
SwapFree:        3145724 kB
Dirty:               356 kB
Writeback:             0 kB
AnonPages:       1342276 kB
Mapped:           888080 kB
Shmem:             27560 kB
KReclaimable:     554708 kB
Slab:             224812 kB
SReclaimable:      76152 kB
SUnreclaim:       148660 kB
KernelStack:       48672 kB
PageTables:        67860 kB
NFS_Unstable:          0 kB
Bounce:                0 kB
WritebackTmp:          0 kB
CommitLimit:     9202288 kB
Committed_AS:   75067908 kB
VmallocTotal:   263061440 kB
VmallocUsed:      105848 kB
VmallocChunk:          0 kB
Percpu:             7648 kB
CmaTotal:         294912 kB
CmaFree:               0 kB
MemTotal:       12113132 kB
MemFree:         6280380 kB
MemAvailable:    7766504 kB
Buffers:            5548 kB
Cached:          1826612 kB
SwapCached:            0 kB
Active:          1583244 kB
Inactive:        1586900 kB
Active(anon):    1344400 kB
Inactive(anon):    25624 kB
Active(file):     238844 kB
Inactive(file):  1561276 kB
Unevictable:        5532 kB
Mlocked:            5532 kB
SwapTotal:       3145724 kB
SwapFree:        3145724 kB
Dirty:               404 kB
Writeback:             0 kB
AnonPages:       1343452 kB
Mapped:           887972 kB
Shmem:             27560 kB
KReclaimable:     554708 kB
Slab:             224812 kB
SReclaimable:      76152 kB
SUnreclaim:       148660 kB
KernelStack:       48624 kB
PageTables:        67768 kB
NFS_Unstable:          0 kB
Bounce:                0 kB
WritebackTmp:          0 kB
CommitLimit:     9202288 kB
Committed_AS:   75052584 kB
VmallocTotal:   263061440 kB
VmallocUsed:      105784 kB
VmallocChunk:          0 kB
Percpu:             7648 kB
CmaTotal:         294912 kB
CmaFree:               0 kB
MemTotal:       12113132 kB
MemFree:         6266564 kB
MemAvailable:    7752744 kB
Buffers:            5556 kB
Cached:          1826644 kB
SwapCached:            0 kB
Active:          1594288 kB
Inactive:        1586932 kB
Active(anon):    1355436 kB
Inactive(anon):    25624 kB
Active(file):     238852 kB
Inactive(file):  1561308 kB
Unevictable:        5532 kB
Mlocked:            5532 kB
SwapTotal:       3145724 kB
SwapFree:        3145724 kB
Dirty:               460 kB
Writeback:             0 kB
AnonPages:       1354476 kB
Mapped:           888080 kB
Shmem:             27560 kB
KReclaimable:     554724 kB
Slab:             224828 kB
SReclaimable:      76168 kB
SUnreclaim:       148660 kB
KernelStack:       48704 kB
PageTables:        67984 kB
NFS_Unstable:          0 kB
Bounce:                0 kB
WritebackTmp:          0 kB
CommitLimit:     9202288 kB
Committed_AS:   75041384 kB
VmallocTotal:   263061440 kB
VmallocUsed:      105784 kB
