MemTotal:       12113136 kB
MemFree:         6062888 kB
MemAvailable:    7871068 kB
Buffers:            6168 kB
Cached:          1876572 kB
SwapCached:            0 kB
Active:          1619200 kB
Inactive:        1551880 kB
Active(anon):    1295408 kB
Inactive(anon):    26712 kB
Active(file):     323792 kB
Inactive(file):  1525168 kB
Unevictable:        5508 kB
Mlocked:            5508 kB
SwapTotal:       3145724 kB
SwapFree:        3145724 kB
Dirty:               412 kB
Writeback:             0 kB
AnonPages:       1293860 kB
Mapped:           882748 kB
Shmem:             29328 kB
KReclaimable:     827924 kB
Slab:             224984 kB
SReclaimable:      78340 kB
SUnreclaim:       146644 kB
KernelStack:       48288 kB
PageTables:        65572 kB
NFS_Unstable:          0 kB
Bounce:                0 kB
WritebackTmp:          0 kB
CommitLimit:     9202292 kB
Committed_AS:   69073872 kB
VmallocTotal:   263061440 kB
VmallocUsed:      105184 kB
VmallocChunk:          0 kB
Percpu:             7616 kB
CmaTotal:         294912 kB
CmaFree:               0 kB
MemTotal:       12113136 kB
MemFree:         6062452 kB
MemAvailable:    7870692 kB
Buffers:            6168 kB
Cached:          1876632 kB
SwapCached:            0 kB
Active:          1618560 kB
Inactive:        1551916 kB
Active(anon):    1294744 kB
Inactive(anon):    26712 kB
Active(file):     323816 kB
Inactive(file):  1525204 kB
Unevictable:        5508 kB
Mlocked:            5508 kB
SwapTotal:       3145724 kB
SwapFree:        3145724 kB
Dirty:               476 kB
Writeback:             0 kB
AnonPages:       1293104 kB
Mapped:           882748 kB
Shmem:             29328 kB
KReclaimable:     827924 kB
Slab:             224976 kB
SReclaimable:      78340 kB
SUnreclaim:       146636 kB
KernelStack:       48256 kB
PageTables:        65672 kB
NFS_Unstable:          0 kB
Bounce:                0 kB
WritebackTmp:          0 kB
CommitLimit:     9202292 kB
Committed_AS:   69075696 kB
VmallocTotal:   263061440 kB
VmallocUsed:      105264 kB
VmallocChunk:          0 kB
Percpu:             7616 kB
CmaTotal:         294912 kB
CmaFree:               0 kB
MemTotal:       12113136 kB
MemFree:         6088736 kB
MemAvailable:    7896984 kB
Buffers:            6168 kB
Cached:          1876640 kB
SwapCached:            0 kB
Active:          1592048 kB
Inactive:        1551920 kB
Active(anon):    1268228 kB
Inactive(anon):    26712 kB
Active(file):     323820 kB
Inactive(file):  1525208 kB
Unevictable:        5508 kB
Mlocked:            5508 kB
SwapTotal:       3145724 kB
SwapFree:        3145724 kB
Dirty:               484 kB
Writeback:             0 kB
AnonPages:       1266692 kB
Mapped:           882804 kB
Shmem:             29328 kB
KReclaimable:     827924 kB
Slab:             224976 kB
SReclaimable:      78340 kB
SUnreclaim:       146636 kB
KernelStack:       48336 kB
PageTables:        65476 kB
NFS_Unstable:          0 kB
Bounce:                0 kB
WritebackTmp:          0 kB
CommitLimit:     9202292 kB
Committed_AS:   69066460 kB
VmallocTotal:   263061440 kB
VmallocUsed:      105296 kB
VmallocChunk:          0 kB
Percpu:             7616 kB
CmaTotal:         294912 kB
CmaFree:               0 kB
MemTotal:       12113136 kB
MemFree:         6090680 kB
MemAvailable:    7898944 kB
Buffers:            6168 kB
Cached:          1876656 kB
SwapCached:            0 kB
Active:          1591980 kB
Inactive:        1551936 kB
Active(anon):    1268160 kB
Inactive(anon):    26712 kB
Active(file):     323820 kB
Inactive(file):  1525224 kB
Unevictable:        5508 kB
Mlocked:            5508 kB
SwapTotal:       3145724 kB
SwapFree:        3145724 kB
Dirty:               516 kB
Writeback:             0 kB
AnonPages:       1266428 kB
Mapped:           882748 kB
Shmem:             29328 kB
KReclaimable:     827924 kB
Slab:             224976 kB
SReclaimable:      78340 kB
SUnreclaim:       146636 kB
KernelStack:       48304 kB
PageTables:        65396 kB
NFS_Unstable:          0 kB
Bounce:                0 kB
WritebackTmp:          0 kB
CommitLimit:     9202292 kB
Committed_AS:   69073856 kB
VmallocTotal:   263061440 kB
VmallocUsed:      105296 kB
VmallocChunk:          0 kB
Percpu:             7616 kB
CmaTotal:         294912 kB
CmaFree:               0 kB
MemTotal:       12113136 kB
MemFree:         6089012 kB
MemAvailable:    7897296 kB
Buffers:            6168 kB
Cached:          1876676 kB
SwapCached:            0 kB
Active:          1592876 kB
Inactive:        1551956 kB
Active(anon):    1269056 kB
Inactive(anon):    26712 kB
Active(file):     323820 kB
Inactive(file):  1525244 kB
Unevictable:        5508 kB
Mlocked:            5508 kB
SwapTotal:       3145724 kB
SwapFree:        3145724 kB
Dirty:               536 kB
Writeback:             0 kB
AnonPages:       1267476 kB
Mapped:           882748 kB
Shmem:             29328 kB
KReclaimable:     827924 kB
Slab:             224976 kB
SReclaimable:      78340 kB
SUnreclaim:       146636 kB
KernelStack:       48352 kB
PageTables:        65776 kB
NFS_Unstable:          0 kB
Bounce:                0 kB
WritebackTmp:          0 kB
CommitLimit:     9202292 kB
Committed_AS:   69075164 kB
VmallocTotal:   263061440 kB
VmallocUsed:      105312 kB
VmallocChunk:          0 kB
Percpu:             7616 kB
CmaTotal:         294912 kB
CmaFree:               0 kB
MemTotal:       12113136 kB
MemFree:         6088228 kB
MemAvailable:    7896528 kB
Buffers:            6168 kB
Cached:          1876692 kB
SwapCached:            0 kB
Active:          1593544 kB
Inactive:        1551972 kB
Active(anon):    1269724 kB
Inactive(anon):    26712 kB
Active(file):     323820 kB
Inactive(file):  1525260 kB
Unevictable:        5508 kB
Mlocked:            5508 kB
SwapTotal:       3145724 kB
SwapFree:        3145724 kB
Dirty:               548 kB
Writeback:             0 kB
AnonPages:       1268228 kB
Mapped:           882764 kB
Shmem:             29328 kB
KReclaimable:     827924 kB
Slab:             224976 kB
SReclaimable:      78340 kB
SUnreclaim:       146636 kB
KernelStack:       48288 kB
PageTables:        65344 kB
NFS_Unstable:          0 kB
Bounce:                0 kB
WritebackTmp:          0 kB
CommitLimit:     9202292 kB
Committed_AS:   69070984 kB
VmallocTotal:   263061440 kB
VmallocUsed:      105328 kB
VmallocChunk:          0 kB
Percpu:             7616 kB
CmaTotal:         294912 kB
CmaFree:               0 kB
MemTotal:       12113136 kB
MemFree:         6087584 kB
MemAvailable:    7895892 kB
Buffers:            6168 kB
Cached:          1876688 kB
SwapCached:            0 kB
Active:          1593500 kB
Inactive:        1551980 kB
Active(anon):    1269680 kB
Inactive(anon):    26712 kB
Active(file):     323820 kB
Inactive(file):  1525268 kB
Unevictable:        5508 kB
Mlocked:            5508 kB
SwapTotal:       3145724 kB
SwapFree:        3145724 kB
Dirty:               572 kB
Writeback:             0 kB
AnonPages:       1268312 kB
Mapped:           882812 kB
Shmem:             29316 kB
KReclaimable:     827924 kB
Slab:             224984 kB
SReclaimable:      78340 kB
SUnreclaim:       146644 kB
KernelStack:       48208 kB
PageTables:        65472 kB
NFS_Unstable:          0 kB
Bounce:                0 kB
WritebackTmp:          0 kB
CommitLimit:     9202292 kB
Committed_AS:   69069468 kB
VmallocTotal:   263061440 kB
VmallocUsed:      105216 kB
VmallocChunk:          0 kB
Percpu:             7616 kB
CmaTotal:         294912 kB
CmaFree:               0 kB
MemTotal:       12113136 kB
MemFree:         6087224 kB
MemAvailable:    7895648 kB
Buffers:            6168 kB
Cached:          1876804 kB
SwapCached:            0 kB
Active:          1594576 kB
Inactive:        1552096 kB
Active(anon):    1270756 kB
Inactive(anon):    26712 kB
Active(file):     323820 kB
Inactive(file):  1525384 kB
Unevictable:        5508 kB
Mlocked:            5508 kB
SwapTotal:       3145724 kB
SwapFree:        3145724 kB
Dirty:               584 kB
Writeback:             0 kB
AnonPages:       1269328 kB
Mapped:           882736 kB
Shmem:             29316 kB
KReclaimable:     827924 kB
Slab:             224976 kB
SReclaimable:      78340 kB
SUnreclaim:       146636 kB
KernelStack:       48176 kB
PageTables:        65348 kB
NFS_Unstable:          0 kB
Bounce:                0 kB
WritebackTmp:          0 kB
CommitLimit:     9202292 kB
Committed_AS:   69066728 kB
VmallocTotal:   263061440 kB
VmallocUsed:      105168 kB
VmallocChunk:          0 kB
Percpu:             7616 kB
CmaTotal:         294912 kB
CmaFree:               0 kB
MemTotal:       12113136 kB
MemFree:         6074036 kB
MemAvailable:    7882492 kB
Buffers:            6168 kB
Cached:          1886136 kB
SwapCached:            0 kB
Active:          1598732 kB
Inactive:        1561428 kB
Active(anon):    1274912 kB
Inactive(anon):    36012 kB
Active(file):     323820 kB
Inactive(file):  1525416 kB
Unevictable:        5508 kB
Mlocked:            5508 kB
SwapTotal:       3145724 kB
SwapFree:        3145724 kB
Dirty:               644 kB
Writeback:             0 kB
AnonPages:       1273504 kB
Mapped:           892036 kB
Shmem:             38616 kB
KReclaimable:     827924 kB
Slab:             224980 kB
SReclaimable:      78340 kB
SUnreclaim:       146640 kB
KernelStack:       48160 kB
PageTables:        65500 kB
NFS_Unstable:          0 kB
Bounce:                0 kB
WritebackTmp:          0 kB
CommitLimit:     9202292 kB
Committed_AS:   69080284 kB
VmallocTotal:   263061440 kB
VmallocUsed:      105200 kB
VmallocChunk:          0 kB
Percpu:             7616 kB
CmaTotal:         294912 kB
CmaFree:               0 kB
MemTotal:       12113136 kB
MemFree:         6056228 kB
MemAvailable:    7860632 kB
Buffers:            6168 kB
Cached:          1876996 kB
SwapCached:            0 kB
Active:          1627984 kB
Inactive:        1552264 kB
Active(anon):    1304164 kB
Inactive(anon):    26836 kB
Active(file):     323820 kB
Inactive(file):  1525428 kB
Unevictable:        5508 kB
Mlocked:            5508 kB
SwapTotal:       3145724 kB
SwapFree:        3145724 kB
Dirty:               672 kB
Writeback:             0 kB
AnonPages:       1302428 kB
Mapped:           882988 kB
Shmem:             29464 kB
KReclaimable:     823860 kB
Slab:             224968 kB
SReclaimable:      78340 kB
SUnreclaim:       146628 kB
KernelStack:       48192 kB
PageTables:        65592 kB
NFS_Unstable:          0 kB
Bounce:                0 kB
WritebackTmp:          0 kB
CommitLimit:     9202292 kB
Committed_AS:   69065980 kB
VmallocTotal:   263061440 kB
VmallocUsed:      105184 kB
VmallocChunk:          0 kB
Percpu:             7616 kB
CmaTotal:         294912 kB
CmaFree:               0 kB
MemTotal:       12113136 kB
MemFree:         6054172 kB
MemAvailable:    7858596 kB
Buffers:            6168 kB
Cached:          1877004 kB
SwapCached:            0 kB
Active:          1628824 kB
Inactive:        1552272 kB
Active(anon):    1305004 kB
Inactive(anon):    26824 kB
Active(file):     323820 kB
Inactive(file):  1525448 kB
Unevictable:        5508 kB
Mlocked:            5508 kB
SwapTotal:       3145724 kB
SwapFree:        3145724 kB
Dirty:               704 kB
Writeback:             0 kB
AnonPages:       1303532 kB
Mapped:           883140 kB
Shmem:             29452 kB
KReclaimable:     823860 kB
Slab:             224968 kB
SReclaimable:      78340 kB
SUnreclaim:       146628 kB
KernelStack:       48176 kB
PageTables:        65496 kB
NFS_Unstable:          0 kB
Bounce:                0 kB
WritebackTmp:          0 kB
CommitLimit:     9202292 kB
Committed_AS:   69070944 kB
VmallocTotal:   263061440 kB
VmallocUsed:      105152 kB
VmallocChunk:          0 kB
Percpu:             7616 kB
CmaTotal:         294912 kB
CmaFree:               0 kB
MemTotal:       12113136 kB
MemFree:         6050144 kB
MemAvailable:    7854576 kB
Buffers:            6168 kB
Cached:          1879352 kB
SwapCached:            0 kB
Active:          1630012 kB
Inactive:        1554360 kB
Active(anon):    1306192 kB
Inactive(anon):    28904 kB
Active(file):     323820 kB
Inactive(file):  1525456 kB
Unevictable:        5508 kB
Mlocked:            5508 kB
SwapTotal:       3145724 kB
SwapFree:        3145724 kB
Dirty:               732 kB
Writeback:             0 kB
AnonPages:       1304412 kB
Mapped:           885252 kB
Shmem:             31792 kB
KReclaimable:     823860 kB
Slab:             224968 kB
SReclaimable:      78340 kB
SUnreclaim:       146628 kB
KernelStack:       48144 kB
PageTables:        65496 kB
NFS_Unstable:          0 kB
Bounce:                0 kB
WritebackTmp:          0 kB
CommitLimit:     9202292 kB
Committed_AS:   69090372 kB
VmallocTotal:   263061440 kB
VmallocUsed:      105184 kB
VmallocChunk:          0 kB
Percpu:             7616 kB
CmaTotal:         294912 kB
CmaFree:               0 kB
MemTotal:       12113136 kB
MemFree:         6060728 kB
MemAvailable:    7865196 kB
Buffers:            6168 kB
Cached:          1877032 kB
SwapCached:            0 kB
Active:          1621404 kB
Inactive:        1552300 kB
Active(anon):    1297584 kB
Inactive(anon):    26824 kB
Active(file):     323820 kB
Inactive(file):  1525476 kB
Unevictable:        5508 kB
Mlocked:            5508 kB
SwapTotal:       3145724 kB
SwapFree:        3145724 kB
Dirty:               764 kB
Writeback:             0 kB
AnonPages:       1296288 kB
Mapped:           883172 kB
Shmem:             29452 kB
KReclaimable:     823876 kB
Slab:             224992 kB
SReclaimable:      78356 kB
SUnreclaim:       146636 kB
KernelStack:       48192 kB
PageTables:        65500 kB
NFS_Unstable:          0 kB
Bounce:                0 kB
WritebackTmp:          0 kB
CommitLimit:     9202292 kB
Committed_AS:   69076392 kB
VmallocTotal:   263061440 kB
VmallocUsed:      105232 kB
VmallocChunk:          0 kB
Percpu:             7616 kB
CmaTotal:         294912 kB
CmaFree:               0 kB
MemTotal:       12113136 kB
MemFree:         6060020 kB
MemAvailable:    7864532 kB
Buffers:            6172 kB
Cached:          1877072 kB
SwapCached:            0 kB
Active:          1622224 kB
Inactive:        1552340 kB
Active(anon):    1298400 kB
Inactive(anon):    26824 kB
Active(file):     323824 kB
Inactive(file):  1525516 kB
Unevictable:        5508 kB
Mlocked:            5508 kB
SwapTotal:       3145724 kB
SwapFree:        3145724 kB
Dirty:               660 kB
Writeback:             0 kB
AnonPages:       1296940 kB
Mapped:           883172 kB
Shmem:             29452 kB
KReclaimable:     823876 kB
Slab:             224976 kB
SReclaimable:      78356 kB
SUnreclaim:       146620 kB
KernelStack:       48160 kB
PageTables:        65448 kB
NFS_Unstable:          0 kB
Bounce:                0 kB
WritebackTmp:          0 kB
CommitLimit:     9202292 kB
Committed_AS:   69080352 kB
VmallocTotal:   263061440 kB
VmallocUsed:      105184 kB
VmallocChunk:          0 kB
Percpu:             7616 kB
CmaTotal:         294912 kB
CmaFree:               0 kB
MemTotal:       12113136 kB
MemFree:         6040312 kB
MemAvailable:    7844836 kB
Buffers:            6172 kB
Cached:          1877088 kB
SwapCached:            0 kB
Active:          1644796 kB
Inactive:        1552356 kB
Active(anon):    1320972 kB
Inactive(anon):    26828 kB
Active(file):     323824 kB
Inactive(file):  1525528 kB
Unevictable:        5508 kB
Mlocked:            5508 kB
SwapTotal:       3145724 kB
SwapFree:        3145724 kB
Dirty:               692 kB
Writeback:             0 kB
AnonPages:       1318720 kB
Mapped:           883208 kB
Shmem:             29456 kB
KReclaimable:     823876 kB
Slab:             224976 kB
SReclaimable:      78356 kB
SUnreclaim:       146620 kB
KernelStack:       48192 kB
PageTables:        65500 kB
NFS_Unstable:          0 kB
Bounce:                0 kB
WritebackTmp:          0 kB
CommitLimit:     9202292 kB
Committed_AS:   69080868 kB
VmallocTotal:   263061440 kB
VmallocUsed:      105168 kB
VmallocChunk:          0 kB
Percpu:             7616 kB
CmaTotal:         294912 kB
CmaFree:               0 kB
MemTotal:       12113136 kB
MemFree:         6058172 kB
MemAvailable:    7862732 kB
Buffers:            6172 kB
Cached:          1877108 kB
SwapCached:            0 kB
Active:          1624240 kB
Inactive:        1552376 kB
Active(anon):    1300416 kB
Inactive(anon):    26828 kB
Active(file):     323824 kB
Inactive(file):  1525548 kB
Unevictable:        5508 kB
Mlocked:            5508 kB
SwapTotal:       3145724 kB
SwapFree:        3145724 kB
Dirty:               744 kB
Writeback:             0 kB
AnonPages:       1299064 kB
Mapped:           883244 kB
Shmem:             29456 kB
KReclaimable:     823892 kB
Slab:             225008 kB
SReclaimable:      78372 kB
SUnreclaim:       146636 kB
KernelStack:       48160 kB
PageTables:        65488 kB
NFS_Unstable:          0 kB
Bounce:                0 kB
WritebackTmp:          0 kB
CommitLimit:     9202292 kB
Committed_AS:   69080268 kB
VmallocTotal:   263061440 kB
VmallocUsed:      105136 kB
VmallocChunk:          0 kB
Percpu:             7616 kB
CmaTotal:         294912 kB
CmaFree:               0 kB
MemTotal:       12113136 kB
MemFree:         6057364 kB
MemAvailable:    7861940 kB
Buffers:            6172 kB
Cached:          1877124 kB
SwapCached:            0 kB
Active:          1625676 kB
Inactive:        1552392 kB
Active(anon):    1301852 kB
Inactive(anon):    26828 kB
Active(file):     323824 kB
Inactive(file):  1525564 kB
Unevictable:        5508 kB
Mlocked:            5508 kB
SwapTotal:       3145724 kB
SwapFree:        3145724 kB
Dirty:               792 kB
Writeback:             0 kB
AnonPages:       1300324 kB
Mapped:           883276 kB
Shmem:             29456 kB
KReclaimable:     823892 kB
Slab:             225000 kB
SReclaimable:      78372 kB
SUnreclaim:       146628 kB
KernelStack:       48208 kB
PageTables:        65588 kB
NFS_Unstable:          0 kB
Bounce:                0 kB
WritebackTmp:          0 kB
CommitLimit:     9202292 kB
Committed_AS:   69079712 kB
VmallocTotal:   263061440 kB
VmallocUsed:      105168 kB
VmallocChunk:          0 kB
Percpu:             7616 kB
CmaTotal:         294912 kB
CmaFree:               0 kB
MemTotal:       12113136 kB
MemFree:         6041124 kB
MemAvailable:    7845716 kB
Buffers:            6172 kB
Cached:          1877140 kB
SwapCached:            0 kB
Active:          1644812 kB
Inactive:        1552408 kB
Active(anon):    1320988 kB
Inactive(anon):    26828 kB
Active(file):     323824 kB
Inactive(file):  1525580 kB
Unevictable:        5508 kB
Mlocked:            5508 kB
SwapTotal:       3145724 kB
SwapFree:        3145724 kB
Dirty:               828 kB
Writeback:             0 kB
AnonPages:       1319316 kB
Mapped:           883304 kB
Shmem:             29456 kB
KReclaimable:     823892 kB
Slab:             225008 kB
SReclaimable:      78372 kB
SUnreclaim:       146636 kB
KernelStack:       48176 kB
PageTables:        65484 kB
NFS_Unstable:          0 kB
Bounce:                0 kB
WritebackTmp:          0 kB
CommitLimit:     9202292 kB
Committed_AS:   69074812 kB
VmallocTotal:   263061440 kB
VmallocUsed:      105152 kB
VmallocChunk:          0 kB
Percpu:             7616 kB
CmaTotal:         294912 kB
CmaFree:               0 kB
MemTotal:       12113136 kB
MemFree:         6054164 kB
MemAvailable:    7858748 kB
Buffers:            6172 kB
Cached:          1877148 kB
SwapCached:            0 kB
Active:          1628444 kB
Inactive:        1552416 kB
Active(anon):    1304620 kB
Inactive(anon):    26828 kB
Active(file):     323824 kB
Inactive(file):  1525588 kB
Unevictable:        5508 kB
Mlocked:            5508 kB
SwapTotal:       3145724 kB
SwapFree:        3145724 kB
Dirty:               736 kB
Writeback:             0 kB
AnonPages:       1303084 kB
Mapped:           883340 kB
Shmem:             29456 kB
KReclaimable:     823876 kB
Slab:             224992 kB
SReclaimable:      78356 kB
SUnreclaim:       146636 kB
KernelStack:       48176 kB
PageTables:        65500 kB
NFS_Unstable:          0 kB
Bounce:                0 kB
WritebackTmp:          0 kB
CommitLimit:     9202292 kB
Committed_AS:   69079168 kB
VmallocTotal:   263061440 kB
VmallocUsed:      105200 kB
VmallocChunk:          0 kB
Percpu:             7616 kB
CmaTotal:         294912 kB
CmaFree:               0 kB
MemTotal:       12113136 kB
MemFree:         6054408 kB
MemAvailable:    7859008 kB
Buffers:            6172 kB
Cached:          1877164 kB
SwapCached:            0 kB
Active:          1629024 kB
Inactive:        1552432 kB
Active(anon):    1305200 kB
Inactive(anon):    26828 kB
Active(file):     323824 kB
Inactive(file):  1525604 kB
Unevictable:        5508 kB
Mlocked:            5508 kB
SwapTotal:       3145724 kB
SwapFree:        3145724 kB
Dirty:               564 kB
Writeback:             0 kB
AnonPages:       1303448 kB
Mapped:           883372 kB
Shmem:             29456 kB
KReclaimable:     823876 kB
Slab:             224972 kB
SReclaimable:      78356 kB
SUnreclaim:       146616 kB
KernelStack:       48144 kB
PageTables:        65496 kB
NFS_Unstable:          0 kB
Bounce:                0 kB
WritebackTmp:          0 kB
CommitLimit:     9202292 kB
Committed_AS:   69073552 kB
VmallocTotal:   263061440 kB
VmallocUsed:      105200 kB
VmallocChunk:          0 kB
Percpu:             7616 kB
CmaTotal:         294912 kB
CmaFree:               0 kB
MemTotal:       12113136 kB
MemFree:         6034948 kB
MemAvailable:    7839572 kB
Buffers:            6172 kB
Cached:          1877188 kB
SwapCached:            0 kB
Active:          1649792 kB
Inactive:        1552456 kB
Active(anon):    1325968 kB
Inactive(anon):    26828 kB
Active(file):     323824 kB
Inactive(file):  1525628 kB
Unevictable:        5508 kB
Mlocked:            5508 kB
SwapTotal:       3145724 kB
SwapFree:        3145724 kB
Dirty:               608 kB
Writeback:             0 kB
AnonPages:       1324316 kB
Mapped:           883404 kB
Shmem:             29456 kB
KReclaimable:     823876 kB
Slab:             224988 kB
SReclaimable:      78356 kB
SUnreclaim:       146632 kB
KernelStack:       48144 kB
PageTables:        65500 kB
NFS_Unstable:          0 kB
Bounce:                0 kB
WritebackTmp:          0 kB
CommitLimit:     9202292 kB
Committed_AS:   69073648 kB
VmallocTotal:   263061440 kB
VmallocUsed:      105216 kB
VmallocChunk:          0 kB
Percpu:             7616 kB
CmaTotal:         294912 kB
CmaFree:               0 kB
MemTotal:       12113136 kB
MemFree:         6052280 kB
MemAvailable:    7856912 kB
Buffers:            6172 kB
Cached:          1877200 kB
SwapCached:            0 kB
Active:          1631296 kB
Inactive:        1552464 kB
Active(anon):    1307468 kB
Inactive(anon):    26832 kB
Active(file):     323828 kB
Inactive(file):  1525632 kB
Unevictable:        5508 kB
Mlocked:            5508 kB
SwapTotal:       3145724 kB
SwapFree:        3145724 kB
Dirty:               668 kB
Writeback:             0 kB
AnonPages:       1305876 kB
Mapped:           883440 kB
Shmem:             29460 kB
KReclaimable:     823876 kB
Slab:             224972 kB
SReclaimable:      78356 kB
SUnreclaim:       146616 kB
KernelStack:       48096 kB
PageTables:        65452 kB
NFS_Unstable:          0 kB
Bounce:                0 kB
WritebackTmp:          0 kB
CommitLimit:     9202292 kB
Committed_AS:   69071372 kB
VmallocTotal:   263061440 kB
VmallocUsed:      105152 kB
VmallocChunk:          0 kB
Percpu:             7616 kB
CmaTotal:         294912 kB
CmaFree:               0 kB
MemTotal:       12113136 kB
MemFree:         6065528 kB
MemAvailable:    7870180 kB
Buffers:            6172 kB
Cached:          1877224 kB
SwapCached:            0 kB
Active:          1618436 kB
Inactive:        1552488 kB
Active(anon):    1294608 kB
Inactive(anon):    26836 kB
Active(file):     323828 kB
Inactive(file):  1525652 kB
Unevictable:        5508 kB
Mlocked:            5508 kB
SwapTotal:       3145724 kB
SwapFree:        3145724 kB
Dirty:               716 kB
Writeback:             0 kB
AnonPages:       1292988 kB
Mapped:           883476 kB
Shmem:             29464 kB
KReclaimable:     823876 kB
Slab:             224980 kB
SReclaimable:      78356 kB
SUnreclaim:       146624 kB
KernelStack:       48160 kB
PageTables:        65508 kB
NFS_Unstable:          0 kB
Bounce:                0 kB
WritebackTmp:          0 kB
CommitLimit:     9202292 kB
Committed_AS:   69065960 kB
VmallocTotal:   263061440 kB
VmallocUsed:      105136 kB
VmallocChunk:          0 kB
Percpu:             7616 kB
CmaTotal:         294912 kB
CmaFree:               0 kB
MemTotal:       12113136 kB
MemFree:         6045628 kB
MemAvailable:    7850300 kB
Buffers:            6172 kB
Cached:          1877244 kB
SwapCached:            0 kB
Active:          1638888 kB
Inactive:        1552508 kB
Active(anon):    1315060 kB
Inactive(anon):    26836 kB
Active(file):     323828 kB
Inactive(file):  1525672 kB
Unevictable:        5508 kB
Mlocked:            5508 kB
SwapTotal:       3145724 kB
SwapFree:        3145724 kB
Dirty:               784 kB
Writeback:             0 kB
AnonPages:       1313872 kB
Mapped:           883508 kB
Shmem:             29464 kB
KReclaimable:     823876 kB
Slab:             224964 kB
SReclaimable:      78356 kB
SUnreclaim:       146608 kB
KernelStack:       48144 kB
PageTables:        65500 kB
NFS_Unstable:          0 kB
Bounce:                0 kB
WritebackTmp:          0 kB
CommitLimit:     9202292 kB
Committed_AS:   69065432 kB
VmallocTotal:   263061440 kB
VmallocUsed:      105152 kB
VmallocChunk:          0 kB
Percpu:             7616 kB
CmaTotal:         294912 kB
CmaFree:               8 kB
MemTotal:       12113136 kB
MemFree:         6059676 kB
MemAvailable:    7864380 kB
Buffers:            6172 kB
Cached:          1877260 kB
SwapCached:            0 kB
Active:          1621816 kB
Inactive:        1552524 kB
Active(anon):    1297988 kB
Inactive(anon):    26836 kB
Active(file):     323828 kB
Inactive(file):  1525688 kB
Unevictable:        5508 kB
Mlocked:            5508 kB
SwapTotal:       3145724 kB
SwapFree:        3145724 kB
Dirty:               844 kB
Writeback:             0 kB
AnonPages:       1296620 kB
Mapped:           883540 kB
Shmem:             29464 kB
KReclaimable:     823892 kB
Slab:             224988 kB
SReclaimable:      78372 kB
SUnreclaim:       146616 kB
KernelStack:       48144 kB
PageTables:        65496 kB
NFS_Unstable:          0 kB
Bounce:                0 kB
WritebackTmp:          0 kB
CommitLimit:     9202292 kB
Committed_AS:   69070752 kB
VmallocTotal:   263061440 kB
VmallocUsed:      105152 kB
VmallocChunk:          0 kB
Percpu:             7616 kB
CmaTotal:         294912 kB
CmaFree:               0 kB
MemTotal:       12113136 kB
MemFree:         6058732 kB
MemAvailable:    7863452 kB
Buffers:            6172 kB
Cached:          1877276 kB
SwapCached:            0 kB
Active:          1622480 kB
Inactive:        1552540 kB
Active(anon):    1298652 kB
Inactive(anon):    26836 kB
Active(file):     323828 kB
Inactive(file):  1525704 kB
Unevictable:        5508 kB
Mlocked:            5508 kB
SwapTotal:       3145724 kB
SwapFree:        3145724 kB
Dirty:               864 kB
Writeback:             0 kB
AnonPages:       1297184 kB
Mapped:           883540 kB
Shmem:             29464 kB
KReclaimable:     823892 kB
Slab:             224996 kB
SReclaimable:      78372 kB
SUnreclaim:       146624 kB
KernelStack:       48144 kB
PageTables:        65500 kB
NFS_Unstable:          0 kB
Bounce:                0 kB
WritebackTmp:          0 kB
CommitLimit:     9202292 kB
Committed_AS:   69076500 kB
VmallocTotal:   263061440 kB
VmallocUsed:      105168 kB
VmallocChunk:          0 kB
Percpu:             7616 kB
CmaTotal:         294912 kB
CmaFree:               0 kB
MemTotal:       12113136 kB
MemFree:         6049944 kB
MemAvailable:    7854672 kB
Buffers:            6172 kB
Cached:          1877284 kB
SwapCached:            0 kB
Active:          1632960 kB
Inactive:        1552548 kB
Active(anon):    1309132 kB
Inactive(anon):    26836 kB
Active(file):     323828 kB
Inactive(file):  1525712 kB
Unevictable:        5508 kB
Mlocked:            5508 kB
SwapTotal:       3145724 kB
SwapFree:        3145724 kB
Dirty:               872 kB
Writeback:             0 kB
AnonPages:       1307452 kB
Mapped:           883540 kB
Shmem:             29464 kB
KReclaimable:     823892 kB
Slab:             224988 kB
SReclaimable:      78372 kB
SUnreclaim:       146616 kB
KernelStack:       48144 kB
PageTables:        65500 kB
NFS_Unstable:          0 kB
Bounce:                0 kB
WritebackTmp:          0 kB
CommitLimit:     9202292 kB
Committed_AS:   69076236 kB
VmallocTotal:   263061440 kB
VmallocUsed:      105168 kB
VmallocChunk:          0 kB
Percpu:             7616 kB
CmaTotal:         294912 kB
CmaFree:               0 kB
MemTotal:       12113136 kB
MemFree:         6057084 kB
MemAvailable:    7861836 kB
Buffers:            6172 kB
Cached:          1877308 kB
SwapCached:            0 kB
Active:          1624580 kB
Inactive:        1552572 kB
Active(anon):    1300752 kB
Inactive(anon):    26836 kB
Active(file):     323828 kB
Inactive(file):  1525736 kB
Unevictable:        5508 kB
Mlocked:            5508 kB
SwapTotal:       3145724 kB
SwapFree:        3145724 kB
Dirty:               912 kB
Writeback:             0 kB
AnonPages:       1299292 kB
Mapped:           883540 kB
Shmem:             29464 kB
KReclaimable:     823892 kB
Slab:             224996 kB
SReclaimable:      78372 kB
SUnreclaim:       146624 kB
KernelStack:       48144 kB
PageTables:        65500 kB
NFS_Unstable:          0 kB
Bounce:                0 kB
WritebackTmp:          0 kB
CommitLimit:     9202292 kB
Committed_AS:   69076184 kB
VmallocTotal:   263061440 kB
VmallocUsed:      105168 kB
VmallocChunk:          0 kB
Percpu:             7616 kB
CmaTotal:         294912 kB
CmaFree:               0 kB
MemTotal:       12113136 kB
MemFree:         6056304 kB
MemAvailable:    7861072 kB
Buffers:            6172 kB
Cached:          1877324 kB
SwapCached:            0 kB
Active:          1625312 kB
Inactive:        1552588 kB
Active(anon):    1301484 kB
Inactive(anon):    26836 kB
Active(file):     323828 kB
Inactive(file):  1525752 kB
Unevictable:        5508 kB
Mlocked:            5508 kB
SwapTotal:       3145724 kB
SwapFree:        3145724 kB
Dirty:               408 kB
Writeback:             0 kB
AnonPages:       1300052 kB
Mapped:           883540 kB
Shmem:             29464 kB
KReclaimable:     823892 kB
Slab:             224988 kB
SReclaimable:      78372 kB
SUnreclaim:       146616 kB
KernelStack:       48144 kB
PageTables:        65492 kB
NFS_Unstable:          0 kB
Bounce:                0 kB
WritebackTmp:          0 kB
CommitLimit:     9202292 kB
Committed_AS:   69076228 kB
VmallocTotal:   263061440 kB
VmallocUsed:      105184 kB
VmallocChunk:          0 kB
Percpu:             7616 kB
CmaTotal:         294912 kB
CmaFree:               0 kB
MemTotal:       12113136 kB
MemFree:         6071108 kB
MemAvailable:    7878416 kB
Buffers:            6176 kB
Cached:          1877260 kB
SwapCached:            0 kB
Active:          1612844 kB
Inactive:        1552548 kB
Active(anon):    1289012 kB
Inactive(anon):    26760 kB
Active(file):     323832 kB
Inactive(file):  1525788 kB
Unevictable:        5508 kB
Mlocked:            5508 kB
SwapTotal:       3145724 kB
SwapFree:        3145724 kB
Dirty:               336 kB
Writeback:             0 kB
AnonPages:       1287600 kB
Mapped:           882792 kB
Shmem:             29364 kB
KReclaimable:     826392 kB
Slab:             225000 kB
SReclaimable:      78372 kB
SUnreclaim:       146628 kB
KernelStack:       48160 kB
PageTables:        65496 kB
NFS_Unstable:          0 kB
Bounce:                0 kB
WritebackTmp:          0 kB
CommitLimit:     9202292 kB
Committed_AS:   69081132 kB
VmallocTotal:   263061440 kB
VmallocUsed:      105152 kB
VmallocChunk:          0 kB
Percpu:             7616 kB
CmaTotal:         294912 kB
CmaFree:               0 kB
MemTotal:       12113136 kB
MemFree:         6071152 kB
MemAvailable:    7876056 kB
Buffers:            6176 kB
Cached:          1877292 kB
SwapCached:            0 kB
Active:          1611264 kB
Inactive:        1552592 kB
Active(anon):    1287436 kB
Inactive(anon):    26788 kB
Active(file):     323828 kB
Inactive(file):  1525804 kB
Unevictable:        5508 kB
Mlocked:            5508 kB
SwapTotal:       3145724 kB
SwapFree:        3145724 kB
Dirty:               404 kB
Writeback:             0 kB
AnonPages:       1285960 kB
Mapped:           882944 kB
Shmem:             29384 kB
KReclaimable:     823976 kB
Slab:             225000 kB
SReclaimable:      78372 kB
SUnreclaim:       146628 kB
KernelStack:       48160 kB
PageTables:        65488 kB
NFS_Unstable:          0 kB
Bounce:                0 kB
WritebackTmp:          0 kB
CommitLimit:     9202292 kB
Committed_AS:   69081492 kB
VmallocTotal:   263061440 kB
VmallocUsed:      105184 kB
VmallocChunk:          0 kB
Percpu:             7616 kB
CmaTotal:         294912 kB
CmaFree:               0 kB
MemTotal:       12113136 kB
MemFree:         6069100 kB
MemAvailable:    7873940 kB
Buffers:            6176 kB
Cached:          1877412 kB
SwapCached:            0 kB
Active:          1612688 kB
Inactive:        1552676 kB
Active(anon):    1288856 kB
Inactive(anon):    26856 kB
Active(file):     323832 kB
Inactive(file):  1525820 kB
Unevictable:        5508 kB
Mlocked:            5508 kB
SwapTotal:       3145724 kB
SwapFree:        3145724 kB
Dirty:               444 kB
Writeback:             0 kB
AnonPages:       1287388 kB
Mapped:           883180 kB
Shmem:             29484 kB
KReclaimable:     823892 kB
Slab:             225000 kB
SReclaimable:      78372 kB
SUnreclaim:       146628 kB
KernelStack:       48176 kB
PageTables:        65480 kB
NFS_Unstable:          0 kB
Bounce:                0 kB
WritebackTmp:          0 kB
CommitLimit:     9202292 kB
Committed_AS:   69077096 kB
VmallocTotal:   263061440 kB
VmallocUsed:      105184 kB
VmallocChunk:          0 kB
Percpu:             7616 kB
CmaTotal:         294912 kB
CmaFree:               0 kB
MemTotal:       12113136 kB
MemFree:         6054504 kB
MemAvailable:    7859360 kB
Buffers:            6176 kB
Cached:          1877428 kB
SwapCached:            0 kB
Active:          1630804 kB
Inactive:        1552692 kB
Active(anon):    1306972 kB
Inactive(anon):    26856 kB
Active(file):     323832 kB
Inactive(file):  1525836 kB
Unevictable:        5508 kB
Mlocked:            5508 kB
SwapTotal:       3145724 kB
SwapFree:        3145724 kB
Dirty:               464 kB
Writeback:             0 kB
AnonPages:       1305680 kB
Mapped:           883180 kB
Shmem:             29484 kB
KReclaimable:     823892 kB
Slab:             225000 kB
SReclaimable:      78372 kB
SUnreclaim:       146628 kB
KernelStack:       48160 kB
PageTables:        65496 kB
NFS_Unstable:          0 kB
Bounce:                0 kB
WritebackTmp:          0 kB
CommitLimit:     9202292 kB
Committed_AS:   69075572 kB
VmallocTotal:   263061440 kB
VmallocUsed:      105200 kB
VmallocChunk:          0 kB
Percpu:             7616 kB
CmaTotal:         294912 kB
CmaFree:               4 kB
MemTotal:       12113136 kB
MemFree:         6042080 kB
MemAvailable:    7846948 kB
Buffers:            6176 kB
Cached:          1877444 kB
SwapCached:            0 kB
Active:          1640884 kB
Inactive:        1552708 kB
Active(anon):    1317052 kB
Inactive(anon):    26860 kB
Active(file):     323832 kB
Inactive(file):  1525848 kB
Unevictable:        5508 kB
Mlocked:            5508 kB
SwapTotal:       3145724 kB
SwapFree:        3145724 kB
Dirty:               508 kB
Writeback:             0 kB
AnonPages:       1315568 kB
Mapped:           883184 kB
Shmem:             29488 kB
KReclaimable:     823892 kB
Slab:             225000 kB
SReclaimable:      78372 kB
SUnreclaim:       146628 kB
KernelStack:       48160 kB
PageTables:        65508 kB
NFS_Unstable:          0 kB
Bounce:                0 kB
WritebackTmp:          0 kB
CommitLimit:     9202292 kB
Committed_AS:   69077896 kB
VmallocTotal:   263061440 kB
VmallocUsed:      105216 kB
VmallocChunk:          0 kB
Percpu:             7616 kB
CmaTotal:         294912 kB
CmaFree:               0 kB
MemTotal:       12113136 kB
MemFree:         6052140 kB
MemAvailable:    7857032 kB
Buffers:            6176 kB
Cached:          1877436 kB
SwapCached:            0 kB
Active:          1628308 kB
Inactive:        1552700 kB
Active(anon):    1304476 kB
Inactive(anon):    26828 kB
Active(file):     323832 kB
Inactive(file):  1525872 kB
Unevictable:        5508 kB
Mlocked:            5508 kB
SwapTotal:       3145724 kB
SwapFree:        3145724 kB
Dirty:               552 kB
Writeback:             0 kB
AnonPages:       1302952 kB
Mapped:           883216 kB
Shmem:             29456 kB
KReclaimable:     823892 kB
Slab:             225000 kB
SReclaimable:      78372 kB
SUnreclaim:       146628 kB
KernelStack:       48160 kB
PageTables:        65496 kB
NFS_Unstable:          0 kB
Bounce:                0 kB
WritebackTmp:          0 kB
CommitLimit:     9202292 kB
Committed_AS:   69073472 kB
VmallocTotal:   263061440 kB
VmallocUsed:      105200 kB
VmallocChunk:          0 kB
Percpu:             7616 kB
CmaTotal:         294912 kB
CmaFree:               0 kB
MemTotal:       12113136 kB
MemFree:         6035328 kB
MemAvailable:    7840232 kB
Buffers:            6176 kB
Cached:          1877448 kB
SwapCached:            0 kB
Active:          1649040 kB
Inactive:        1552712 kB
Active(anon):    1325208 kB
Inactive(anon):    26828 kB
Active(file):     323832 kB
Inactive(file):  1525884 kB
Unevictable:        5508 kB
Mlocked:            5508 kB
SwapTotal:       3145724 kB
SwapFree:        3145724 kB
Dirty:               576 kB
Writeback:             0 kB
AnonPages:       1323776 kB
Mapped:           883248 kB
Shmem:             29456 kB
KReclaimable:     823892 kB
Slab:             225000 kB
SReclaimable:      78372 kB
SUnreclaim:       146628 kB
KernelStack:       48208 kB
PageTables:        65580 kB
NFS_Unstable:          0 kB
Bounce:                0 kB
WritebackTmp:          0 kB
CommitLimit:     9202292 kB
Committed_AS:   69073124 kB
VmallocTotal:   263061440 kB
VmallocUsed:      105184 kB
VmallocChunk:          0 kB
Percpu:             7616 kB
CmaTotal:         294912 kB
CmaFree:               0 kB
MemTotal:       12113136 kB
MemFree:         6051500 kB
MemAvailable:    7858240 kB
Buffers:            6176 kB
Cached:          1877340 kB
SwapCached:            0 kB
Active:          1629488 kB
Inactive:        1552628 kB
Active(anon):    1305656 kB
Inactive(anon):    26732 kB
Active(file):     323832 kB
Inactive(file):  1525896 kB
Unevictable:        5508 kB
Mlocked:            5508 kB
SwapTotal:       3145724 kB
SwapFree:        3145724 kB
Dirty:               616 kB
Writeback:             0 kB
AnonPages:       1304132 kB
Mapped:           882496 kB
Shmem:             29336 kB
KReclaimable:     825716 kB
Slab:             225008 kB
SReclaimable:      78372 kB
SUnreclaim:       146636 kB
KernelStack:       48228 kB
PageTables:        65416 kB
NFS_Unstable:          0 kB
Bounce:                0 kB
WritebackTmp:          0 kB
CommitLimit:     9202292 kB
Committed_AS:   69073564 kB
VmallocTotal:   263061440 kB
VmallocUsed:      105184 kB
VmallocChunk:          0 kB
Percpu:             7616 kB
CmaTotal:         294912 kB
CmaFree:               0 kB
MemTotal:       12113136 kB
MemFree:         6051804 kB
MemAvailable:    7858784 kB
Buffers:            6176 kB
Cached:          1877352 kB
SwapCached:            0 kB
Active:          1630060 kB
Inactive:        1552640 kB
Active(anon):    1306228 kB
Inactive(anon):    26732 kB
Active(file):     323832 kB
Inactive(file):  1525908 kB
Unevictable:        5508 kB
Mlocked:            5508 kB
SwapTotal:       3145724 kB
SwapFree:        3145724 kB
Dirty:               624 kB
Writeback:             0 kB
AnonPages:       1304508 kB
Mapped:           882548 kB
Shmem:             29336 kB
KReclaimable:     825944 kB
Slab:             225000 kB
SReclaimable:      78372 kB
SUnreclaim:       146628 kB
KernelStack:       48192 kB
PageTables:        65520 kB
NFS_Unstable:          0 kB
Bounce:                0 kB
WritebackTmp:          0 kB
CommitLimit:     9202292 kB
Committed_AS:   69074784 kB
VmallocTotal:   263061440 kB
VmallocUsed:      105120 kB
VmallocChunk:          0 kB
Percpu:             7616 kB
CmaTotal:         294912 kB
CmaFree:               0 kB
MemTotal:       12113136 kB
MemFree:         6036404 kB
MemAvailable:    7843412 kB
Buffers:            6176 kB
Cached:          1877380 kB
SwapCached:            0 kB
Active:          1646324 kB
Inactive:        1552668 kB
Active(anon):    1322492 kB
Inactive(anon):    26732 kB
Active(file):     323832 kB
Inactive(file):  1525936 kB
Unevictable:        5508 kB
Mlocked:            5508 kB
SwapTotal:       3145724 kB
SwapFree:        3145724 kB
Dirty:               684 kB
Writeback:             0 kB
AnonPages:       1316736 kB
Mapped:           882496 kB
Shmem:             29336 kB
KReclaimable:     825944 kB
Slab:             225000 kB
SReclaimable:      78372 kB
SUnreclaim:       146628 kB
KernelStack:       48176 kB
PageTables:        65484 kB
NFS_Unstable:          0 kB
Bounce:                0 kB
WritebackTmp:          0 kB
CommitLimit:     9202292 kB
Committed_AS:   69072660 kB
VmallocTotal:   263061440 kB
VmallocUsed:      105152 kB
VmallocChunk:          0 kB
Percpu:             7616 kB
CmaTotal:         294912 kB
CmaFree:               0 kB
MemTotal:       12113136 kB
MemFree:         6053528 kB
MemAvailable:    7860556 kB
Buffers:            6176 kB
Cached:          1886488 kB
SwapCached:            0 kB
Active:          1620580 kB
Inactive:        1561696 kB
Active(anon):    1296748 kB
Inactive(anon):    35740 kB
Active(file):     323832 kB
Inactive(file):  1525956 kB
Unevictable:        5508 kB
Mlocked:            5508 kB
SwapTotal:       3145724 kB
SwapFree:        3145724 kB
Dirty:               740 kB
Writeback:             0 kB
AnonPages:       1295208 kB
Mapped:           891584 kB
Shmem:             38424 kB
KReclaimable:     825944 kB
Slab:             225000 kB
SReclaimable:      78372 kB
SUnreclaim:       146628 kB
KernelStack:       48160 kB
PageTables:        65532 kB
NFS_Unstable:          0 kB
Bounce:                0 kB
WritebackTmp:          0 kB
CommitLimit:     9202292 kB
Committed_AS:   69080992 kB
VmallocTotal:   263061440 kB
VmallocUsed:      105168 kB
VmallocChunk:          0 kB
Percpu:             7616 kB
CmaTotal:         294912 kB
CmaFree:               0 kB
MemTotal:       12113136 kB
MemFree:         6042548 kB
MemAvailable:    7849584 kB
Buffers:            6176 kB
Cached:          1877408 kB
SwapCached:            0 kB
Active:          1640132 kB
Inactive:        1552696 kB
Active(anon):    1316300 kB
Inactive(anon):    26732 kB
Active(file):     323832 kB
Inactive(file):  1525964 kB
Unevictable:        5508 kB
Mlocked:            5508 kB
SwapTotal:       3145724 kB
SwapFree:        3145724 kB
Dirty:               748 kB
Writeback:             0 kB
AnonPages:       1314764 kB
Mapped:           882496 kB
Shmem:             29336 kB
KReclaimable:     825944 kB
Slab:             225000 kB
SReclaimable:      78372 kB
SUnreclaim:       146628 kB
KernelStack:       48160 kB
PageTables:        65444 kB
NFS_Unstable:          0 kB
Bounce:                0 kB
WritebackTmp:          0 kB
CommitLimit:     9202292 kB
Committed_AS:   69072668 kB
VmallocTotal:   263061440 kB
VmallocUsed:      105136 kB
VmallocChunk:          0 kB
Percpu:             7616 kB
CmaTotal:         294912 kB
CmaFree:               0 kB
MemTotal:       12113136 kB
MemFree:         6023168 kB
MemAvailable:    7830220 kB
Buffers:            6176 kB
Cached:          1877424 kB
SwapCached:            0 kB
Active:          1660740 kB
Inactive:        1552712 kB
Active(anon):    1336908 kB
Inactive(anon):    26732 kB
Active(file):     323832 kB
Inactive(file):  1525980 kB
Unevictable:        5508 kB
Mlocked:            5508 kB
SwapTotal:       3145724 kB
SwapFree:        3145724 kB
Dirty:               764 kB
Writeback:             0 kB
AnonPages:       1335288 kB
Mapped:           882496 kB
Shmem:             29336 kB
KReclaimable:     825944 kB
Slab:             225000 kB
SReclaimable:      78372 kB
SUnreclaim:       146628 kB
KernelStack:       48224 kB
PageTables:        65528 kB
NFS_Unstable:          0 kB
Bounce:                0 kB
WritebackTmp:          0 kB
CommitLimit:     9202292 kB
Committed_AS:   69071936 kB
VmallocTotal:   263061440 kB
VmallocUsed:      105152 kB
VmallocChunk:          0 kB
Percpu:             7616 kB
CmaTotal:         294912 kB
CmaFree:               4 kB
MemTotal:       12113136 kB
MemFree:         6039644 kB
MemAvailable:    7846720 kB
Buffers:            6176 kB
Cached:          1877448 kB
SwapCached:            0 kB
Active:          1640768 kB
Inactive:        1552736 kB
Active(anon):    1316936 kB
Inactive(anon):    26732 kB
Active(file):     323832 kB
Inactive(file):  1526004 kB
Unevictable:        5508 kB
Mlocked:            5508 kB
SwapTotal:       3145724 kB
SwapFree:        3145724 kB
Dirty:               804 kB
Writeback:             0 kB
AnonPages:       1315372 kB
Mapped:           882496 kB
Shmem:             29336 kB
KReclaimable:     825944 kB
Slab:             224996 kB
SReclaimable:      78372 kB
SUnreclaim:       146624 kB
KernelStack:       48208 kB
PageTables:        65448 kB
NFS_Unstable:          0 kB
Bounce:                0 kB
WritebackTmp:          0 kB
CommitLimit:     9202292 kB
Committed_AS:   69084280 kB
VmallocTotal:   263061440 kB
VmallocUsed:      105136 kB
VmallocChunk:          0 kB
Percpu:             7616 kB
CmaTotal:         294912 kB
CmaFree:               8 kB
MemTotal:       12113136 kB
MemFree:         6038348 kB
MemAvailable:    7845464 kB
Buffers:            6176 kB
Cached:          1877488 kB
SwapCached:            0 kB
Active:          1642616 kB
Inactive:        1552772 kB
Active(anon):    1318780 kB
Inactive(anon):    26732 kB
Active(file):     323836 kB
Inactive(file):  1526040 kB
Unevictable:        5508 kB
Mlocked:            5508 kB
SwapTotal:       3145724 kB
SwapFree:        3145724 kB
Dirty:               824 kB
Writeback:             0 kB
AnonPages:       1317312 kB
Mapped:           882496 kB
Shmem:             29336 kB
KReclaimable:     825944 kB
Slab:             225060 kB
SReclaimable:      78372 kB
SUnreclaim:       146688 kB
KernelStack:       48192 kB
PageTables:        65468 kB
NFS_Unstable:          0 kB
Bounce:                0 kB
WritebackTmp:          0 kB
CommitLimit:     9202292 kB
Committed_AS:   69088472 kB
VmallocTotal:   263061440 kB
VmallocUsed:      105168 kB
VmallocChunk:          0 kB
Percpu:             7616 kB
CmaTotal:         294912 kB
CmaFree:               0 kB
MemTotal:       12113136 kB
MemFree:         6020628 kB
MemAvailable:    7827760 kB
Buffers:            6180 kB
Cached:          1877500 kB
SwapCached:            0 kB
Active:          1663088 kB
Inactive:        1552788 kB
Active(anon):    1339252 kB
Inactive(anon):    26732 kB
Active(file):     323836 kB
Inactive(file):  1526056 kB
Unevictable:        5508 kB
Mlocked:            5508 kB
SwapTotal:       3145724 kB
SwapFree:        3145724 kB
Dirty:               816 kB
Writeback:             0 kB
AnonPages:       1337948 kB
Mapped:           882496 kB
Shmem:             29336 kB
KReclaimable:     825944 kB
Slab:             225004 kB
SReclaimable:      78372 kB
SUnreclaim:       146632 kB
KernelStack:       48176 kB
PageTables:        65492 kB
NFS_Unstable:          0 kB
Bounce:                0 kB
WritebackTmp:          0 kB
CommitLimit:     9202292 kB
Committed_AS:   69082944 kB
VmallocTotal:   263061440 kB
VmallocUsed:      105184 kB
VmallocChunk:          0 kB
Percpu:             7616 kB
CmaTotal:         294912 kB
CmaFree:               0 kB
MemTotal:       12113136 kB
MemFree:         6062812 kB
MemAvailable:    7869956 kB
Buffers:            6180 kB
Cached:          1877512 kB
SwapCached:            0 kB
Active:          1620612 kB
Inactive:        1552800 kB
Active(anon):    1296776 kB
Inactive(anon):    26732 kB
Active(file):     323836 kB
Inactive(file):  1526068 kB
Unevictable:        5508 kB
Mlocked:            5508 kB
SwapTotal:       3145724 kB
SwapFree:        3145724 kB
Dirty:               856 kB
Writeback:             0 kB
AnonPages:       1295416 kB
Mapped:           882496 kB
Shmem:             29336 kB
KReclaimable:     825944 kB
Slab:             224996 kB
SReclaimable:      78372 kB
SUnreclaim:       146624 kB
KernelStack:       48160 kB
PageTables:        65408 kB
NFS_Unstable:          0 kB
Bounce:                0 kB
WritebackTmp:          0 kB
CommitLimit:     9202292 kB
Committed_AS:   69087044 kB
VmallocTotal:   263061440 kB
VmallocUsed:      105184 kB
VmallocChunk:          0 kB
Percpu:             7616 kB
CmaTotal:         294912 kB
CmaFree:               0 kB
MemTotal:       12113136 kB
MemFree:         6060484 kB
MemAvailable:    7867644 kB
Buffers:            6180 kB
Cached:          1877528 kB
SwapCached:            0 kB
Active:          1621312 kB
Inactive:        1552724 kB
Active(anon):    1297384 kB
Inactive(anon):    26732 kB
Active(file):     323928 kB
Inactive(file):  1525992 kB
Unevictable:        5508 kB
Mlocked:            5508 kB
SwapTotal:       3145724 kB
SwapFree:        3145724 kB
Dirty:               912 kB
Writeback:             0 kB
AnonPages:       1296032 kB
Mapped:           882496 kB
Shmem:             29336 kB
KReclaimable:     825944 kB
Slab:             224996 kB
SReclaimable:      78372 kB
SUnreclaim:       146624 kB
KernelStack:       48176 kB
PageTables:        65444 kB
NFS_Unstable:          0 kB
Bounce:                0 kB
WritebackTmp:          0 kB
CommitLimit:     9202292 kB
Committed_AS:   69079416 kB
VmallocTotal:   263061440 kB
VmallocUsed:      105200 kB
VmallocChunk:          0 kB
Percpu:             7616 kB
CmaTotal:         294912 kB
CmaFree:               0 kB
MemTotal:       12113136 kB
MemFree:         6044124 kB
MemAvailable:    7851300 kB
Buffers:            6180 kB
Cached:          1877544 kB
SwapCached:            0 kB
Active:          1640492 kB
Inactive:        1552740 kB
Active(anon):    1316564 kB
Inactive(anon):    26732 kB
Active(file):     323928 kB
Inactive(file):  1526008 kB
Unevictable:        5508 kB
Mlocked:            5508 kB
SwapTotal:       3145724 kB
SwapFree:        3145724 kB
Dirty:               932 kB
Writeback:             0 kB
AnonPages:       1315116 kB
Mapped:           882496 kB
Shmem:             29336 kB
KReclaimable:     825944 kB
Slab:             224996 kB
SReclaimable:      78372 kB
SUnreclaim:       146624 kB
KernelStack:       48160 kB
PageTables:        65476 kB
NFS_Unstable:          0 kB
Bounce:                0 kB
WritebackTmp:          0 kB
CommitLimit:     9202292 kB
Committed_AS:   69074396 kB
VmallocTotal:   263061440 kB
VmallocUsed:      105184 kB
VmallocChunk:          0 kB
Percpu:             7616 kB
CmaTotal:         294912 kB
CmaFree:               0 kB
MemTotal:       12113136 kB
MemFree:         6051068 kB
MemAvailable:    7858256 kB
Buffers:            6180 kB
Cached:          1877556 kB
SwapCached:            0 kB
Active:          1631828 kB
Inactive:        1552752 kB
Active(anon):    1307900 kB
Inactive(anon):    26732 kB
Active(file):     323928 kB
Inactive(file):  1526020 kB
Unevictable:        5508 kB
Mlocked:            5508 kB
SwapTotal:       3145724 kB
SwapFree:        3145724 kB
Dirty:               956 kB
Writeback:             0 kB
AnonPages:       1306596 kB
Mapped:           882496 kB
Shmem:             29336 kB
KReclaimable:     825944 kB
Slab:             225004 kB
SReclaimable:      78372 kB
SUnreclaim:       146632 kB
KernelStack:       48176 kB
PageTables:        65444 kB
NFS_Unstable:          0 kB
Bounce:                0 kB
WritebackTmp:          0 kB
CommitLimit:     9202292 kB
Committed_AS:   69087664 kB
VmallocTotal:   263061440 kB
VmallocUsed:      105136 kB
VmallocChunk:          0 kB
Percpu:             7616 kB
CmaTotal:         294912 kB
CmaFree:               0 kB
MemTotal:       12113136 kB
MemFree:         6048876 kB
MemAvailable:    7856080 kB
Buffers:            6180 kB
Cached:          1877572 kB
SwapCached:            0 kB
Active:          1633512 kB
Inactive:        1552768 kB
Active(anon):    1309584 kB
Inactive(anon):    26732 kB
Active(file):     323928 kB
Inactive(file):  1526036 kB
Unevictable:        5508 kB
Mlocked:            5508 kB
SwapTotal:       3145724 kB
SwapFree:        3145724 kB
Dirty:               980 kB
Writeback:             0 kB
AnonPages:       1308036 kB
Mapped:           882648 kB
Shmem:             29336 kB
KReclaimable:     825944 kB
Slab:             225004 kB
SReclaimable:      78372 kB
SUnreclaim:       146632 kB
KernelStack:       48192 kB
PageTables:        65400 kB
NFS_Unstable:          0 kB
Bounce:                0 kB
WritebackTmp:          0 kB
CommitLimit:     9202292 kB
Committed_AS:   69083100 kB
VmallocTotal:   263061440 kB
VmallocUsed:      105136 kB
VmallocChunk:          0 kB
Percpu:             7616 kB
CmaTotal:         294912 kB
CmaFree:               0 kB
MemTotal:       12113136 kB
MemFree:         6033700 kB
MemAvailable:    7840920 kB
Buffers:            6180 kB
Cached:          1877588 kB
SwapCached:            0 kB
Active:          1650424 kB
Inactive:        1552784 kB
Active(anon):    1326496 kB
Inactive(anon):    26732 kB
Active(file):     323928 kB
Inactive(file):  1526052 kB
Unevictable:        5508 kB
Mlocked:            5508 kB
SwapTotal:       3145724 kB
SwapFree:        3145724 kB
Dirty:              1024 kB
Writeback:             0 kB
AnonPages:       1325060 kB
Mapped:           882552 kB
Shmem:             29336 kB
KReclaimable:     825944 kB
Slab:             225004 kB
SReclaimable:      78372 kB
SUnreclaim:       146632 kB
KernelStack:       48160 kB
PageTables:        65400 kB
NFS_Unstable:          0 kB
Bounce:                0 kB
WritebackTmp:          0 kB
CommitLimit:     9202292 kB
Committed_AS:   69091360 kB
VmallocTotal:   263061440 kB
VmallocUsed:      105152 kB
VmallocChunk:          0 kB
Percpu:             7616 kB
CmaTotal:         294912 kB
CmaFree:               0 kB
MemTotal:       12113136 kB
MemFree:         6047040 kB
MemAvailable:    7854276 kB
Buffers:            6180 kB
Cached:          1877604 kB
SwapCached:            0 kB
Active:          1635388 kB
Inactive:        1552800 kB
Active(anon):    1311460 kB
Inactive(anon):    26732 kB
Active(file):     323928 kB
Inactive(file):  1526068 kB
Unevictable:        5508 kB
Mlocked:            5508 kB
SwapTotal:       3145724 kB
SwapFree:        3145724 kB
Dirty:              1060 kB
Writeback:             0 kB
AnonPages:       1309980 kB
Mapped:           882568 kB
Shmem:             29336 kB
KReclaimable:     825944 kB
Slab:             225020 kB
SReclaimable:      78372 kB
SUnreclaim:       146648 kB
KernelStack:       48144 kB
PageTables:        65436 kB
NFS_Unstable:          0 kB
Bounce:                0 kB
WritebackTmp:          0 kB
CommitLimit:     9202292 kB
Committed_AS:   69084260 kB
VmallocTotal:   263061440 kB
VmallocUsed:      105120 kB
VmallocChunk:          0 kB
Percpu:             7616 kB
CmaTotal:         294912 kB
CmaFree:               0 kB
MemTotal:       12113136 kB
MemFree:         6045564 kB
MemAvailable:    7852808 kB
Buffers:            6180 kB
Cached:          1877612 kB
SwapCached:            0 kB
Active:          1636096 kB
Inactive:        1552808 kB
Active(anon):    1312168 kB
Inactive(anon):    26732 kB
Active(file):     323928 kB
Inactive(file):  1526076 kB
Unevictable:        5508 kB
Mlocked:            5508 kB
SwapTotal:       3145724 kB
SwapFree:        3145724 kB
Dirty:              1076 kB
Writeback:             0 kB
AnonPages:       1310660 kB
Mapped:           882552 kB
Shmem:             29336 kB
KReclaimable:     825944 kB
Slab:             224996 kB
SReclaimable:      78372 kB
SUnreclaim:       146624 kB
KernelStack:       48160 kB
PageTables:        65412 kB
NFS_Unstable:          0 kB
Bounce:                0 kB
WritebackTmp:          0 kB
CommitLimit:     9202292 kB
Committed_AS:   69088728 kB
VmallocTotal:   263061440 kB
VmallocUsed:      105136 kB
VmallocChunk:          0 kB
Percpu:             7616 kB
CmaTotal:         294912 kB
CmaFree:               0 kB
MemTotal:       12113136 kB
MemFree:         6045088 kB
MemAvailable:    7852364 kB
Buffers:            6180 kB
Cached:          1877644 kB
SwapCached:            0 kB
Active:          1636928 kB
Inactive:        1552840 kB
Active(anon):    1313000 kB
Inactive(anon):    26732 kB
Active(file):     323928 kB
Inactive(file):  1526108 kB
Unevictable:        5508 kB
Mlocked:            5508 kB
SwapTotal:       3145724 kB
SwapFree:        3145724 kB
Dirty:              1132 kB
Writeback:             0 kB
AnonPages:       1311692 kB
Mapped:           882552 kB
Shmem:             29336 kB
KReclaimable:     825944 kB
Slab:             224996 kB
SReclaimable:      78372 kB
SUnreclaim:       146624 kB
KernelStack:       48128 kB
PageTables:        65472 kB
NFS_Unstable:          0 kB
Bounce:                0 kB
WritebackTmp:          0 kB
CommitLimit:     9202292 kB
Committed_AS:   69093100 kB
VmallocTotal:   263061440 kB
VmallocUsed:      105168 kB
VmallocChunk:          0 kB
Percpu:             7616 kB
CmaTotal:         294912 kB
CmaFree:               4 kB
MemTotal:       12113136 kB
MemFree:         6056836 kB
MemAvailable:    7864128 kB
Buffers:            6180 kB
Cached:          1877660 kB
SwapCached:            0 kB
Active:          1623024 kB
Inactive:        1552856 kB
Active(anon):    1299096 kB
Inactive(anon):    26732 kB
Active(file):     323928 kB
Inactive(file):  1526124 kB
Unevictable:        5508 kB
Mlocked:            5508 kB
SwapTotal:       3145724 kB
SwapFree:        3145724 kB
Dirty:              1164 kB
Writeback:             0 kB
AnonPages:       1297432 kB
Mapped:           882552 kB
Shmem:             29336 kB
KReclaimable:     825944 kB
Slab:             224996 kB
SReclaimable:      78372 kB
SUnreclaim:       146624 kB
KernelStack:       48144 kB
PageTables:        65372 kB
NFS_Unstable:          0 kB
Bounce:                0 kB
WritebackTmp:          0 kB
CommitLimit:     9202292 kB
Committed_AS:   69076732 kB
VmallocTotal:   263061440 kB
VmallocUsed:      105168 kB
VmallocChunk:          0 kB
Percpu:             7616 kB
CmaTotal:         294912 kB
CmaFree:               0 kB
MemTotal:       12113136 kB
MemFree:         6055400 kB
MemAvailable:    7862700 kB
Buffers:            6180 kB
Cached:          1877692 kB
SwapCached:            0 kB
Active:          1623904 kB
Inactive:        1552888 kB
Active(anon):    1299976 kB
Inactive(anon):    26756 kB
Active(file):     323928 kB
Inactive(file):  1526132 kB
Unevictable:        5508 kB
Mlocked:            5508 kB
SwapTotal:       3145724 kB
SwapFree:        3145724 kB
Dirty:              1188 kB
Writeback:             0 kB
AnonPages:       1298516 kB
Mapped:           882568 kB
Shmem:             29360 kB
KReclaimable:     825944 kB
Slab:             225004 kB
SReclaimable:      78372 kB
SUnreclaim:       146632 kB
KernelStack:       48144 kB
PageTables:        65488 kB
NFS_Unstable:          0 kB
Bounce:                0 kB
WritebackTmp:          0 kB
CommitLimit:     9202292 kB
Committed_AS:   69082584 kB
VmallocTotal:   263061440 kB
VmallocUsed:      105184 kB
VmallocChunk:          0 kB
Percpu:             7616 kB
CmaTotal:         294912 kB
CmaFree:              48 kB
MemTotal:       12113136 kB
MemFree:         6040264 kB
MemAvailable:    7847588 kB
Buffers:            6180 kB
Cached:          1877716 kB
SwapCached:            0 kB
Active:          1643860 kB
Inactive:        1552912 kB
Active(anon):    1319932 kB
Inactive(anon):    26756 kB
Active(file):     323928 kB
Inactive(file):  1526156 kB
Unevictable:        5508 kB
Mlocked:            5508 kB
SwapTotal:       3145724 kB
SwapFree:        3145724 kB
Dirty:              1252 kB
Writeback:             0 kB
AnonPages:       1316076 kB
Mapped:           882576 kB
Shmem:             29360 kB
KReclaimable:     825944 kB
Slab:             224996 kB
SReclaimable:      78372 kB
SUnreclaim:       146624 kB
KernelStack:       48128 kB
PageTables:        65656 kB
NFS_Unstable:          0 kB
Bounce:                0 kB
WritebackTmp:          0 kB
CommitLimit:     9202292 kB
Committed_AS:   69082372 kB
VmallocTotal:   263061440 kB
VmallocUsed:      105120 kB
VmallocChunk:          0 kB
Percpu:             7616 kB
CmaTotal:         294912 kB
CmaFree:               0 kB
MemTotal:       12113136 kB
MemFree:         6057812 kB
MemAvailable:    7865148 kB
Buffers:            6180 kB
Cached:          1877728 kB
SwapCached:            0 kB
Active:          1623572 kB
Inactive:        1552924 kB
Active(anon):    1299644 kB
Inactive(anon):    26756 kB
Active(file):     323928 kB
Inactive(file):  1526168 kB
Unevictable:        5508 kB
Mlocked:            5508 kB
SwapTotal:       3145724 kB
SwapFree:        3145724 kB
Dirty:              1276 kB
Writeback:             0 kB
AnonPages:       1298312 kB
Mapped:           882576 kB
Shmem:             29360 kB
KReclaimable:     825944 kB
Slab:             225004 kB
SReclaimable:      78372 kB
SUnreclaim:       146632 kB
KernelStack:       48096 kB
PageTables:        65412 kB
NFS_Unstable:          0 kB
Bounce:                0 kB
WritebackTmp:          0 kB
CommitLimit:     9202292 kB
Committed_AS:   69077780 kB
VmallocTotal:   263061440 kB
VmallocUsed:      105120 kB
VmallocChunk:          0 kB
Percpu:             7616 kB
CmaTotal:         294912 kB
CmaFree:               0 kB
MemTotal:       12113136 kB
MemFree:         6057512 kB
MemAvailable:    7864868 kB
Buffers:            6180 kB
Cached:          1877748 kB
SwapCached:            0 kB
Active:          1623248 kB
Inactive:        1552944 kB
Active(anon):    1299320 kB
Inactive(anon):    26756 kB
Active(file):     323928 kB
Inactive(file):  1526188 kB
Unevictable:        5508 kB
Mlocked:            5508 kB
SwapTotal:       3145724 kB
SwapFree:        3145724 kB
Dirty:              1296 kB
Writeback:             0 kB
AnonPages:       1297996 kB
Mapped:           882680 kB
Shmem:             29360 kB
KReclaimable:     825944 kB
Slab:             225004 kB
SReclaimable:      78372 kB
SUnreclaim:       146632 kB
KernelStack:       48144 kB
PageTables:        65456 kB
NFS_Unstable:          0 kB
Bounce:                0 kB
WritebackTmp:          0 kB
CommitLimit:     9202292 kB
Committed_AS:   69077440 kB
VmallocTotal:   263061440 kB
VmallocUsed:      105104 kB
VmallocChunk:          0 kB
Percpu:             7616 kB
CmaTotal:         294912 kB
CmaFree:               0 kB
MemTotal:       12113136 kB
MemFree:         6044956 kB
MemAvailable:    7852348 kB
Buffers:            6184 kB
Cached:          1877780 kB
SwapCached:            0 kB
Active:          1637496 kB
Inactive:        1552976 kB
Active(anon):    1313564 kB
Inactive(anon):    26756 kB
Active(file):     323932 kB
Inactive(file):  1526220 kB
Unevictable:        5508 kB
Mlocked:            5508 kB
SwapTotal:       3145724 kB
SwapFree:        3145724 kB
Dirty:               268 kB
Writeback:             0 kB
AnonPages:       1311964 kB
Mapped:           882600 kB
Shmem:             29360 kB
KReclaimable:     825944 kB
Slab:             225072 kB
SReclaimable:      78372 kB
SUnreclaim:       146700 kB
KernelStack:       48112 kB
PageTables:        65372 kB
NFS_Unstable:          0 kB
Bounce:                0 kB
WritebackTmp:          0 kB
CommitLimit:     9202292 kB
Committed_AS:   69077760 kB
VmallocTotal:   263061440 kB
VmallocUsed:      105104 kB
VmallocChunk:          0 kB
Percpu:             7616 kB
CmaTotal:         294912 kB
CmaFree:               0 kB
MemTotal:       12113136 kB
MemFree:         6064980 kB
MemAvailable:    7872380 kB
Buffers:            6184 kB
Cached:          1877752 kB
SwapCached:            0 kB
Active:          1618764 kB
Inactive:        1552148 kB
Active(anon):    1294032 kB
Inactive(anon):    26720 kB
Active(file):     324732 kB
Inactive(file):  1525428 kB
Unevictable:        5508 kB
Mlocked:            5508 kB
SwapTotal:       3145724 kB
SwapFree:        3145724 kB
Dirty:               332 kB
Writeback:             0 kB
AnonPages:       1292292 kB
Mapped:           881752 kB
Shmem:             29324 kB
KReclaimable:     825944 kB
Slab:             224604 kB
SReclaimable:      78372 kB
SUnreclaim:       146232 kB
KernelStack:       47696 kB
PageTables:        64696 kB
NFS_Unstable:          0 kB
Bounce:                0 kB
WritebackTmp:          0 kB
CommitLimit:     9202292 kB
Committed_AS:   67760252 kB
VmallocTotal:   263061440 kB
VmallocUsed:      104696 kB
VmallocChunk:          0 kB
Percpu:             7616 kB
CmaTotal:         294912 kB
CmaFree:               0 kB
MemTotal:       12113136 kB
MemFree:         6062928 kB
MemAvailable:    7870352 kB
Buffers:            6184 kB
Cached:          1877776 kB
SwapCached:            0 kB
Active:          1619424 kB
Inactive:        1552168 kB
Active(anon):    1294688 kB
Inactive(anon):    26720 kB
Active(file):     324736 kB
Inactive(file):  1525448 kB
Unevictable:        5508 kB
Mlocked:            5508 kB
SwapTotal:       3145724 kB
SwapFree:        3145724 kB
Dirty:               372 kB
Writeback:             0 kB
AnonPages:       1293180 kB
Mapped:           881876 kB
Shmem:             29324 kB
KReclaimable:     825944 kB
Slab:             224604 kB
SReclaimable:      78372 kB
SUnreclaim:       146232 kB
KernelStack:       47648 kB
PageTables:        64588 kB
NFS_Unstable:          0 kB
Bounce:                0 kB
WritebackTmp:          0 kB
CommitLimit:     9202292 kB
Committed_AS:   67762296 kB
VmallocTotal:   263061440 kB
VmallocUsed:      104744 kB
VmallocChunk:          0 kB
Percpu:             7616 kB
CmaTotal:         294912 kB
CmaFree:              12 kB
MemTotal:       12113136 kB
MemFree:         6051048 kB
MemAvailable:    7858484 kB
Buffers:            6184 kB
Cached:          1877788 kB
SwapCached:            0 kB
Active:          1632900 kB
Inactive:        1552180 kB
Active(anon):    1308164 kB
Inactive(anon):    26720 kB
Active(file):     324736 kB
Inactive(file):  1525460 kB
Unevictable:        5508 kB
Mlocked:            5508 kB
SwapTotal:       3145724 kB
SwapFree:        3145724 kB
Dirty:               404 kB
Writeback:             0 kB
AnonPages:       1306640 kB
Mapped:           881724 kB
Shmem:             29324 kB
KReclaimable:     825944 kB
Slab:             224612 kB
SReclaimable:      78372 kB
SUnreclaim:       146240 kB
KernelStack:       47680 kB
PageTables:        64684 kB
NFS_Unstable:          0 kB
Bounce:                0 kB
WritebackTmp:          0 kB
CommitLimit:     9202292 kB
Committed_AS:   67761668 kB
VmallocTotal:   263061440 kB
VmallocUsed:      104712 kB
VmallocChunk:          0 kB
Percpu:             7616 kB
CmaTotal:         294912 kB
CmaFree:              16 kB
MemTotal:       12113136 kB
MemFree:         6060940 kB
MemAvailable:    7868396 kB
Buffers:            6184 kB
Cached:          1877808 kB
SwapCached:            0 kB
Active:          1621576 kB
Inactive:        1552200 kB
Active(anon):    1296840 kB
Inactive(anon):    26720 kB
Active(file):     324736 kB
Inactive(file):  1525480 kB
Unevictable:        5508 kB
Mlocked:            5508 kB
SwapTotal:       3145724 kB
SwapFree:        3145724 kB
Dirty:               436 kB
Writeback:             0 kB
AnonPages:       1294948 kB
Mapped:           881724 kB
Shmem:             29324 kB
KReclaimable:     825944 kB
Slab:             224604 kB
SReclaimable:      78372 kB
SUnreclaim:       146232 kB
KernelStack:       47680 kB
PageTables:        64672 kB
NFS_Unstable:          0 kB
Bounce:                0 kB
WritebackTmp:          0 kB
CommitLimit:     9202292 kB
Committed_AS:   67756032 kB
VmallocTotal:   263061440 kB
VmallocUsed:      104696 kB
VmallocChunk:          0 kB
Percpu:             7616 kB
CmaTotal:         294912 kB
CmaFree:               0 kB
MemTotal:       12113136 kB
MemFree:         6081060 kB
MemAvailable:    7888532 kB
Buffers:            6184 kB
Cached:          1877824 kB
SwapCached:            0 kB
Active:          1600804 kB
Inactive:        1552216 kB
Active(anon):    1276068 kB
Inactive(anon):    26720 kB
Active(file):     324736 kB
Inactive(file):  1525496 kB
Unevictable:        5508 kB
Mlocked:            5508 kB
SwapTotal:       3145724 kB
SwapFree:        3145724 kB
Dirty:               456 kB
Writeback:             0 kB
AnonPages:       1274616 kB
Mapped:           881724 kB
Shmem:             29324 kB
KReclaimable:     825944 kB
Slab:             224604 kB
SReclaimable:      78372 kB
SUnreclaim:       146232 kB
KernelStack:       47680 kB
PageTables:        64852 kB
NFS_Unstable:          0 kB
Bounce:                0 kB
WritebackTmp:          0 kB
CommitLimit:     9202292 kB
Committed_AS:   67750624 kB
VmallocTotal:   263061440 kB
VmallocUsed:      104680 kB
VmallocChunk:          0 kB
Percpu:             7616 kB
CmaTotal:         294912 kB
CmaFree:               0 kB
MemTotal:       12113136 kB
MemFree:         6070256 kB
MemAvailable:    7877740 kB
Buffers:            6184 kB
Cached:          1877836 kB
SwapCached:            0 kB
Active:          1614908 kB
Inactive:        1552228 kB
Active(anon):    1290172 kB
Inactive(anon):    26720 kB
Active(file):     324736 kB
Inactive(file):  1525508 kB
Unevictable:        5508 kB
Mlocked:            5508 kB
SwapTotal:       3145724 kB
SwapFree:        3145724 kB
Dirty:               472 kB
Writeback:             0 kB
AnonPages:       1288692 kB
Mapped:           881704 kB
Shmem:             29324 kB
KReclaimable:     825944 kB
Slab:             224604 kB
SReclaimable:      78372 kB
SUnreclaim:       146232 kB
KernelStack:       47696 kB
PageTables:        64748 kB
NFS_Unstable:          0 kB
Bounce:                0 kB
WritebackTmp:          0 kB
CommitLimit:     9202292 kB
Committed_AS:   67752648 kB
VmallocTotal:   263061440 kB
VmallocUsed:      104664 kB
VmallocChunk:          0 kB
Percpu:             7616 kB
CmaTotal:         294912 kB
CmaFree:               8 kB
MemTotal:       12113136 kB
MemFree:         6066964 kB
MemAvailable:    7874464 kB
Buffers:            6184 kB
Cached:          1877852 kB
SwapCached:            0 kB
Active:          1615940 kB
Inactive:        1552244 kB
Active(anon):    1291204 kB
Inactive(anon):    26720 kB
Active(file):     324736 kB
Inactive(file):  1525524 kB
Unevictable:        5508 kB
Mlocked:            5508 kB
SwapTotal:       3145724 kB
SwapFree:        3145724 kB
Dirty:               504 kB
Writeback:             0 kB
AnonPages:       1289624 kB
Mapped:           881724 kB
Shmem:             29324 kB
KReclaimable:     825944 kB
Slab:             224604 kB
SReclaimable:      78372 kB
SUnreclaim:       146232 kB
KernelStack:       47680 kB
PageTables:        64624 kB
NFS_Unstable:          0 kB
Bounce:                0 kB
WritebackTmp:          0 kB
CommitLimit:     9202292 kB
Committed_AS:   67760216 kB
VmallocTotal:   263061440 kB
VmallocUsed:      104712 kB
VmallocChunk:          0 kB
Percpu:             7616 kB
CmaTotal:         294912 kB
CmaFree:               4 kB
MemTotal:       12113136 kB
MemFree:         6066644 kB
MemAvailable:    7874156 kB
Buffers:            6184 kB
Cached:          1877864 kB
SwapCached:            0 kB
Active:          1617044 kB
Inactive:        1552256 kB
Active(anon):    1292308 kB
Inactive(anon):    26720 kB
Active(file):     324736 kB
Inactive(file):  1525536 kB
Unevictable:        5508 kB
Mlocked:            5508 kB
SwapTotal:       3145724 kB
SwapFree:        3145724 kB
Dirty:               520 kB
Writeback:             0 kB
AnonPages:       1290964 kB
Mapped:           881724 kB
Shmem:             29324 kB
KReclaimable:     825944 kB
Slab:             224636 kB
SReclaimable:      78372 kB
SUnreclaim:       146264 kB
KernelStack:       47696 kB
PageTables:        64928 kB
NFS_Unstable:          0 kB
Bounce:                0 kB
WritebackTmp:          0 kB
CommitLimit:     9202292 kB
Committed_AS:   67757488 kB
VmallocTotal:   263061440 kB
VmallocUsed:      104680 kB
VmallocChunk:          0 kB
Percpu:             7616 kB
CmaTotal:         294912 kB
CmaFree:               0 kB
MemTotal:       12113136 kB
MemFree:         6047612 kB
MemAvailable:    7855144 kB
Buffers:            6184 kB
Cached:          1877884 kB
SwapCached:            0 kB
Active:          1638804 kB
Inactive:        1552276 kB
Active(anon):    1314068 kB
Inactive(anon):    26720 kB
Active(file):     324736 kB
Inactive(file):  1525556 kB
Unevictable:        5508 kB
Mlocked:            5508 kB
SwapTotal:       3145724 kB
SwapFree:        3145724 kB
Dirty:               540 kB
Writeback:             0 kB
AnonPages:       1312632 kB
Mapped:           881724 kB
Shmem:             29324 kB
KReclaimable:     825944 kB
Slab:             224612 kB
SReclaimable:      78372 kB
SUnreclaim:       146240 kB
KernelStack:       47664 kB
PageTables:        64620 kB
NFS_Unstable:          0 kB
Bounce:                0 kB
WritebackTmp:          0 kB
CommitLimit:     9202292 kB
Committed_AS:   67755948 kB
VmallocTotal:   263061440 kB
VmallocUsed:      104696 kB
VmallocChunk:          0 kB
Percpu:             7616 kB
CmaTotal:         294912 kB
CmaFree:               0 kB
MemTotal:       12113136 kB
MemFree:         6056696 kB
MemAvailable:    7864252 kB
Buffers:            6184 kB
Cached:          1877908 kB
SwapCached:            0 kB
Active:          1627524 kB
Inactive:        1552300 kB
Active(anon):    1302788 kB
Inactive(anon):    26720 kB
Active(file):     324736 kB
Inactive(file):  1525580 kB
Unevictable:        5508 kB
Mlocked:            5508 kB
SwapTotal:       3145724 kB
SwapFree:        3145724 kB
Dirty:               592 kB
Writeback:             0 kB
AnonPages:       1301316 kB
Mapped:           881724 kB
Shmem:             29324 kB
KReclaimable:     825944 kB
Slab:             224612 kB
SReclaimable:      78372 kB
SUnreclaim:       146240 kB
KernelStack:       47664 kB
PageTables:        64656 kB
NFS_Unstable:          0 kB
Bounce:                0 kB
WritebackTmp:          0 kB
CommitLimit:     9202292 kB
Committed_AS:   67762380 kB
VmallocTotal:   263061440 kB
VmallocUsed:      104680 kB
VmallocChunk:          0 kB
Percpu:             7616 kB
CmaTotal:         294912 kB
CmaFree:              36 kB
MemTotal:       12113136 kB
MemFree:         6054984 kB
MemAvailable:    7862556 kB
Buffers:            6184 kB
Cached:          1877924 kB
SwapCached:            0 kB
Active:          1627984 kB
Inactive:        1552316 kB
Active(anon):    1303248 kB
Inactive(anon):    26720 kB
Active(file):     324736 kB
Inactive(file):  1525596 kB
Unevictable:        5508 kB
Mlocked:            5508 kB
SwapTotal:       3145724 kB
SwapFree:        3145724 kB
Dirty:               608 kB
Writeback:             0 kB
AnonPages:       1301740 kB
Mapped:           881740 kB
Shmem:             29324 kB
KReclaimable:     825944 kB
Slab:             224612 kB
SReclaimable:      78372 kB
SUnreclaim:       146240 kB
KernelStack:       47648 kB
PageTables:        64572 kB
NFS_Unstable:          0 kB
Bounce:                0 kB
WritebackTmp:          0 kB
CommitLimit:     9202292 kB
Committed_AS:   67765220 kB
VmallocTotal:   263061440 kB
VmallocUsed:      104728 kB
VmallocChunk:          0 kB
Percpu:             7616 kB
CmaTotal:         294912 kB
CmaFree:               0 kB
MemTotal:       12113136 kB
MemFree:         6042724 kB
MemAvailable:    7850312 kB
Buffers:            6184 kB
Cached:          1877940 kB
SwapCached:            0 kB
Active:          1644796 kB
Inactive:        1552332 kB
Active(anon):    1320060 kB
Inactive(anon):    26720 kB
Active(file):     324736 kB
Inactive(file):  1525612 kB
Unevictable:        5508 kB
Mlocked:            5508 kB
SwapTotal:       3145724 kB
SwapFree:        3145724 kB
Dirty:               628 kB
Writeback:             0 kB
AnonPages:       1318736 kB
Mapped:           881708 kB
Shmem:             29324 kB
KReclaimable:     825944 kB
Slab:             224644 kB
SReclaimable:      78372 kB
SUnreclaim:       146272 kB
KernelStack:       47680 kB
PageTables:        64576 kB
NFS_Unstable:          0 kB
Bounce:                0 kB
WritebackTmp:          0 kB
CommitLimit:     9202292 kB
Committed_AS:   67766080 kB
VmallocTotal:   263061440 kB
VmallocUsed:      104680 kB
VmallocChunk:          0 kB
Percpu:             7616 kB
CmaTotal:         294912 kB
CmaFree:              40 kB
MemTotal:       12113136 kB
MemFree:         6052504 kB
MemAvailable:    7860112 kB
Buffers:            6184 kB
Cached:          1877960 kB
SwapCached:            0 kB
Active:          1630132 kB
Inactive:        1552352 kB
Active(anon):    1305396 kB
Inactive(anon):    26720 kB
Active(file):     324736 kB
Inactive(file):  1525632 kB
Unevictable:        5508 kB
Mlocked:            5508 kB
SwapTotal:       3145724 kB
SwapFree:        3145724 kB
Dirty:               664 kB
Writeback:             0 kB
AnonPages:       1303688 kB
Mapped:           881724 kB
Shmem:             29324 kB
KReclaimable:     825944 kB
Slab:             224644 kB
SReclaimable:      78372 kB
SUnreclaim:       146272 kB
KernelStack:       47696 kB
PageTables:        64676 kB
NFS_Unstable:          0 kB
Bounce:                0 kB
WritebackTmp:          0 kB
CommitLimit:     9202292 kB
Committed_AS:   67763492 kB
VmallocTotal:   263061440 kB
VmallocUsed:      104664 kB
VmallocChunk:          0 kB
Percpu:             7616 kB
CmaTotal:         294912 kB
CmaFree:               0 kB
MemTotal:       12113136 kB
MemFree:         6051884 kB
MemAvailable:    7859504 kB
Buffers:            6184 kB
Cached:          1877972 kB
SwapCached:            0 kB
Active:          1630676 kB
Inactive:        1552364 kB
Active(anon):    1305940 kB
Inactive(anon):    26720 kB
Active(file):     324736 kB
Inactive(file):  1525644 kB
Unevictable:        5508 kB
Mlocked:            5508 kB
SwapTotal:       3145724 kB
SwapFree:        3145724 kB
Dirty:               688 kB
Writeback:             0 kB
AnonPages:       1304332 kB
Mapped:           881724 kB
Shmem:             29324 kB
KReclaimable:     825944 kB
Slab:             224636 kB
SReclaimable:      78372 kB
SUnreclaim:       146264 kB
KernelStack:       47664 kB
PageTables:        64724 kB
NFS_Unstable:          0 kB
Bounce:                0 kB
WritebackTmp:          0 kB
CommitLimit:     9202292 kB
Committed_AS:   67773532 kB
VmallocTotal:   263061440 kB
VmallocUsed:      104712 kB
VmallocChunk:          0 kB
Percpu:             7616 kB
CmaTotal:         294912 kB
CmaFree:               0 kB
MemTotal:       12113136 kB
MemFree:         6037664 kB
MemAvailable:    7845300 kB
Buffers:            6184 kB
Cached:          1877988 kB
SwapCached:            0 kB
Active:          1648396 kB
Inactive:        1552380 kB
Active(anon):    1323660 kB
Inactive(anon):    26720 kB
Active(file):     324736 kB
Inactive(file):  1525660 kB
Unevictable:        5508 kB
Mlocked:            5508 kB
SwapTotal:       3145724 kB
SwapFree:        3145724 kB
Dirty:               276 kB
Writeback:             0 kB
AnonPages:       1322216 kB
Mapped:           881724 kB
Shmem:             29324 kB
KReclaimable:     825944 kB
Slab:             224624 kB
SReclaimable:      78372 kB
SUnreclaim:       146252 kB
KernelStack:       47680 kB
PageTables:        64584 kB
NFS_Unstable:          0 kB
Bounce:                0 kB
WritebackTmp:          0 kB
CommitLimit:     9202292 kB
Committed_AS:   67765136 kB
VmallocTotal:   263061440 kB
VmallocUsed:      104680 kB
VmallocChunk:          0 kB
Percpu:             7616 kB
CmaTotal:         294912 kB
CmaFree:               0 kB
MemTotal:       12113136 kB
MemFree:         6050500 kB
MemAvailable:    7858188 kB
Buffers:            6192 kB
Cached:          1878032 kB
SwapCached:            0 kB
Active:          1632260 kB
Inactive:        1552424 kB
Active(anon):    1307516 kB
Inactive(anon):    26720 kB
Active(file):     324744 kB
Inactive(file):  1525704 kB
Unevictable:        5508 kB
Mlocked:            5508 kB
SwapTotal:       3145724 kB
SwapFree:        3145724 kB
Dirty:               364 kB
Writeback:             0 kB
AnonPages:       1305956 kB
Mapped:           881724 kB
Shmem:             29324 kB
KReclaimable:     825944 kB
Slab:             224616 kB
SReclaimable:      78372 kB
SUnreclaim:       146244 kB
KernelStack:       47712 kB
PageTables:        64832 kB
NFS_Unstable:          0 kB
Bounce:                0 kB
WritebackTmp:          0 kB
CommitLimit:     9202292 kB
Committed_AS:   67756064 kB
VmallocTotal:   263061440 kB
VmallocUsed:      104696 kB
VmallocChunk:          0 kB
Percpu:             7616 kB
CmaTotal:         294912 kB
CmaFree:               0 kB
MemTotal:       12113136 kB
MemFree:         6051032 kB
MemAvailable:    7858728 kB
Buffers:            6192 kB
Cached:          1878040 kB
SwapCached:            0 kB
Active:          1633416 kB
Inactive:        1552432 kB
Active(anon):    1308672 kB
Inactive(anon):    26720 kB
Active(file):     324744 kB
Inactive(file):  1525712 kB
Unevictable:        5508 kB
Mlocked:            5508 kB
SwapTotal:       3145724 kB
SwapFree:        3145724 kB
Dirty:               372 kB
Writeback:             0 kB
AnonPages:       1307284 kB
Mapped:           881724 kB
Shmem:             29324 kB
KReclaimable:     825944 kB
Slab:             224624 kB
SReclaimable:      78372 kB
SUnreclaim:       146252 kB
KernelStack:       47716 kB
PageTables:        64680 kB
NFS_Unstable:          0 kB
Bounce:                0 kB
WritebackTmp:          0 kB
CommitLimit:     9202292 kB
Committed_AS:   67757676 kB
VmallocTotal:   263061440 kB
VmallocUsed:      104680 kB
VmallocChunk:          0 kB
Percpu:             7616 kB
CmaTotal:         294912 kB
CmaFree:               0 kB
MemTotal:       12113136 kB
MemFree:         6033924 kB
MemAvailable:    7841636 kB
Buffers:            6192 kB
Cached:          1878056 kB
SwapCached:            0 kB
Active:          1651060 kB
Inactive:        1552448 kB
Active(anon):    1326316 kB
Inactive(anon):    26720 kB
Active(file):     324744 kB
Inactive(file):  1525728 kB
Unevictable:        5508 kB
Mlocked:            5508 kB
SwapTotal:       3145724 kB
SwapFree:        3145724 kB
Dirty:               392 kB
Writeback:             0 kB
AnonPages:       1319476 kB
Mapped:           881724 kB
Shmem:             29324 kB
KReclaimable:     825944 kB
Slab:             224632 kB
SReclaimable:      78372 kB
SUnreclaim:       146260 kB
KernelStack:       47696 kB
PageTables:        64772 kB
NFS_Unstable:          0 kB
Bounce:                0 kB
WritebackTmp:          0 kB
CommitLimit:     9202292 kB
Committed_AS:   67759436 kB
VmallocTotal:   263061440 kB
VmallocUsed:      104680 kB
VmallocChunk:          0 kB
Percpu:             7616 kB
CmaTotal:         294912 kB
CmaFree:               0 kB
MemTotal:       12113136 kB
MemFree:         6048748 kB
MemAvailable:    7856476 kB
Buffers:            6192 kB
Cached:          1878072 kB
SwapCached:            0 kB
Active:          1634448 kB
Inactive:        1552464 kB
Active(anon):    1309704 kB
Inactive(anon):    26720 kB
Active(file):     324744 kB
Inactive(file):  1525744 kB
Unevictable:        5508 kB
Mlocked:            5508 kB
SwapTotal:       3145724 kB
SwapFree:        3145724 kB
Dirty:               420 kB
Writeback:             0 kB
AnonPages:       1308344 kB
Mapped:           881724 kB
Shmem:             29324 kB
KReclaimable:     825944 kB
Slab:             224624 kB
SReclaimable:      78372 kB
SUnreclaim:       146252 kB
KernelStack:       47684 kB
PageTables:        64952 kB
NFS_Unstable:          0 kB
Bounce:                0 kB
WritebackTmp:          0 kB
CommitLimit:     9202292 kB
Committed_AS:   67763988 kB
VmallocTotal:   263061440 kB
VmallocUsed:      104728 kB
VmallocChunk:          0 kB
Percpu:             7616 kB
CmaTotal:         294912 kB
CmaFree:              20 kB
MemTotal:       12113136 kB
MemFree:         6046372 kB
MemAvailable:    7854112 kB
Buffers:            6192 kB
Cached:          1878084 kB
SwapCached:            0 kB
Active:          1634692 kB
Inactive:        1552476 kB
Active(anon):    1309948 kB
Inactive(anon):    26720 kB
Active(file):     324744 kB
Inactive(file):  1525756 kB
Unevictable:        5508 kB
Mlocked:            5508 kB
SwapTotal:       3145724 kB
SwapFree:        3145724 kB
Dirty:               432 kB
Writeback:             0 kB
AnonPages:       1308928 kB
Mapped:           881868 kB
Shmem:             29324 kB
KReclaimable:     825944 kB
Slab:             224624 kB
SReclaimable:      78372 kB
SUnreclaim:       146252 kB
KernelStack:       47680 kB
PageTables:        64868 kB
NFS_Unstable:          0 kB
Bounce:                0 kB
WritebackTmp:          0 kB
CommitLimit:     9202292 kB
Committed_AS:   67762452 kB
VmallocTotal:   263061440 kB
VmallocUsed:      104728 kB
VmallocChunk:          0 kB
Percpu:             7616 kB
CmaTotal:         294912 kB
CmaFree:               0 kB
MemTotal:       12113136 kB
MemFree:         6060080 kB
MemAvailable:    7867840 kB
Buffers:            6192 kB
Cached:          1878104 kB
SwapCached:            0 kB
Active:          1625340 kB
Inactive:        1552496 kB
Active(anon):    1300596 kB
Inactive(anon):    26720 kB
Active(file):     324744 kB
Inactive(file):  1525776 kB
Unevictable:        5508 kB
Mlocked:            5508 kB
SwapTotal:       3145724 kB
SwapFree:        3145724 kB
Dirty:               456 kB
Writeback:             0 kB
AnonPages:       1299160 kB
Mapped:           881724 kB
Shmem:             29324 kB
KReclaimable:     825944 kB
Slab:             224632 kB
SReclaimable:      78372 kB
SUnreclaim:       146260 kB
KernelStack:       47700 kB
PageTables:        64632 kB
NFS_Unstable:          0 kB
Bounce:                0 kB
WritebackTmp:          0 kB
CommitLimit:     9202292 kB
Committed_AS:   67765472 kB
VmallocTotal:   263061440 kB
VmallocUsed:      104744 kB
VmallocChunk:          0 kB
Percpu:             7616 kB
CmaTotal:         294912 kB
CmaFree:               0 kB
MemTotal:       12113136 kB
MemFree:         6055812 kB
MemAvailable:    7863584 kB
Buffers:            6192 kB
Cached:          1878116 kB
SwapCached:            0 kB
Active:          1627200 kB
Inactive:        1552508 kB
Active(anon):    1302456 kB
Inactive(anon):    26720 kB
Active(file):     324744 kB
Inactive(file):  1525788 kB
Unevictable:        5508 kB
Mlocked:            5508 kB
SwapTotal:       3145724 kB
SwapFree:        3145724 kB
Dirty:               484 kB
Writeback:             0 kB
AnonPages:       1300908 kB
Mapped:           881708 kB
Shmem:             29324 kB
KReclaimable:     825944 kB
Slab:             224632 kB
SReclaimable:      78372 kB
SUnreclaim:       146260 kB
KernelStack:       47664 kB
PageTables:        64804 kB
NFS_Unstable:          0 kB
Bounce:                0 kB
WritebackTmp:          0 kB
CommitLimit:     9202292 kB
Committed_AS:   67749380 kB
VmallocTotal:   263061440 kB
VmallocUsed:      104712 kB
VmallocChunk:          0 kB
Percpu:             7616 kB
CmaTotal:         294912 kB
CmaFree:               0 kB
MemTotal:       12113136 kB
MemFree:         6054552 kB
MemAvailable:    7862336 kB
Buffers:            6192 kB
Cached:          1878128 kB
SwapCached:            0 kB
Active:          1628568 kB
Inactive:        1552520 kB
Active(anon):    1303824 kB
Inactive(anon):    26720 kB
Active(file):     324744 kB
Inactive(file):  1525800 kB
Unevictable:        5508 kB
Mlocked:            5508 kB
SwapTotal:       3145724 kB
SwapFree:        3145724 kB
Dirty:               496 kB
Writeback:             0 kB
AnonPages:       1302384 kB
Mapped:           881724 kB
Shmem:             29324 kB
KReclaimable:     825944 kB
Slab:             224632 kB
SReclaimable:      78372 kB
SUnreclaim:       146260 kB
KernelStack:       47648 kB
PageTables:        64732 kB
NFS_Unstable:          0 kB
Bounce:                0 kB
WritebackTmp:          0 kB
CommitLimit:     9202292 kB
Committed_AS:   67752788 kB
VmallocTotal:   263061440 kB
VmallocUsed:      104696 kB
VmallocChunk:          0 kB
Percpu:             7616 kB
CmaTotal:         294912 kB
CmaFree:               0 kB
MemTotal:       12113136 kB
MemFree:         6041056 kB
MemAvailable:    7848860 kB
Buffers:            6192 kB
Cached:          1878148 kB
SwapCached:            0 kB
Active:          1644052 kB
Inactive:        1552544 kB
Active(anon):    1319312 kB
Inactive(anon):    26720 kB
Active(file):     324740 kB
Inactive(file):  1525824 kB
Unevictable:        5508 kB
Mlocked:            5508 kB
SwapTotal:       3145724 kB
SwapFree:        3145724 kB
Dirty:               516 kB
Writeback:             0 kB
AnonPages:       1317948 kB
Mapped:           881724 kB
Shmem:             29324 kB
KReclaimable:     825944 kB
Slab:             224624 kB
SReclaimable:      78372 kB
SUnreclaim:       146252 kB
KernelStack:       47648 kB
PageTables:        64732 kB
NFS_Unstable:          0 kB
Bounce:                0 kB
WritebackTmp:          0 kB
CommitLimit:     9202292 kB
Committed_AS:   67753232 kB
VmallocTotal:   263061440 kB
VmallocUsed:      104712 kB
VmallocChunk:          0 kB
Percpu:             7616 kB
CmaTotal:         294912 kB
CmaFree:               0 kB
MemTotal:       12113136 kB
MemFree:         6057836 kB
MemAvailable:    7865664 kB
Buffers:            6192 kB
Cached:          1878172 kB
SwapCached:            0 kB
Active:          1625508 kB
Inactive:        1552564 kB
Active(anon):    1300764 kB
Inactive(anon):    26720 kB
Active(file):     324744 kB
Inactive(file):  1525844 kB
Unevictable:        5508 kB
Mlocked:            5508 kB
SwapTotal:       3145724 kB
SwapFree:        3145724 kB
Dirty:               604 kB
Writeback:             0 kB
AnonPages:       1299216 kB
Mapped:           881724 kB
Shmem:             29324 kB
KReclaimable:     825944 kB
Slab:             224624 kB
SReclaimable:      78372 kB
SUnreclaim:       146252 kB
KernelStack:       47648 kB
PageTables:        64732 kB
NFS_Unstable:          0 kB
Bounce:                0 kB
WritebackTmp:          0 kB
CommitLimit:     9202292 kB
Committed_AS:   67764736 kB
VmallocTotal:   263061440 kB
VmallocUsed:      104712 kB
VmallocChunk:          0 kB
Percpu:             7616 kB
CmaTotal:         294912 kB
CmaFree:               0 kB
MemTotal:       12113136 kB
MemFree:         6056788 kB
MemAvailable:    7864636 kB
Buffers:            6192 kB
Cached:          1878192 kB
SwapCached:            0 kB
Active:          1626252 kB
Inactive:        1552584 kB
Active(anon):    1301508 kB
Inactive(anon):    26720 kB
Active(file):     324744 kB
Inactive(file):  1525864 kB
Unevictable:        5508 kB
Mlocked:            5508 kB
SwapTotal:       3145724 kB
SwapFree:        3145724 kB
Dirty:               628 kB
Writeback:             0 kB
AnonPages:       1300012 kB
Mapped:           881724 kB
Shmem:             29324 kB
KReclaimable:     825944 kB
Slab:             224632 kB
SReclaimable:      78372 kB
SUnreclaim:       146260 kB
KernelStack:       47648 kB
PageTables:        64736 kB
NFS_Unstable:          0 kB
Bounce:                0 kB
WritebackTmp:          0 kB
CommitLimit:     9202292 kB
Committed_AS:   67760432 kB
VmallocTotal:   263061440 kB
VmallocUsed:      104712 kB
VmallocChunk:          0 kB
Percpu:             7616 kB
CmaTotal:         294912 kB
CmaFree:               0 kB
MemTotal:       12113136 kB
MemFree:         6043252 kB
MemAvailable:    7851108 kB
Buffers:            6192 kB
Cached:          1878204 kB
SwapCached:            0 kB
Active:          1640924 kB
Inactive:        1552596 kB
Active(anon):    1316180 kB
Inactive(anon):    26724 kB
Active(file):     324744 kB
Inactive(file):  1525872 kB
Unevictable:        5508 kB
Mlocked:            5508 kB
SwapTotal:       3145724 kB
SwapFree:        3145724 kB
Dirty:               636 kB
Writeback:             0 kB
AnonPages:       1314904 kB
Mapped:           881728 kB
Shmem:             29328 kB
KReclaimable:     825944 kB
Slab:             224624 kB
SReclaimable:      78372 kB
SUnreclaim:       146252 kB
KernelStack:       47664 kB
PageTables:        64864 kB
NFS_Unstable:          0 kB
Bounce:                0 kB
WritebackTmp:          0 kB
CommitLimit:     9202292 kB
Committed_AS:   67754100 kB
VmallocTotal:   263061440 kB
VmallocUsed:      104664 kB
VmallocChunk:          0 kB
Percpu:             7616 kB
CmaTotal:         294912 kB
CmaFree:             208 kB
MemTotal:       12113136 kB
MemFree:         6060356 kB
MemAvailable:    7868236 kB
Buffers:            6192 kB
Cached:          1878228 kB
SwapCached:            0 kB
Active:          1623736 kB
Inactive:        1552620 kB
Active(anon):    1298992 kB
Inactive(anon):    26724 kB
Active(file):     324744 kB
Inactive(file):  1525896 kB
Unevictable:        5508 kB
Mlocked:            5508 kB
SwapTotal:       3145724 kB
SwapFree:        3145724 kB
Dirty:               676 kB
Writeback:             0 kB
AnonPages:       1297560 kB
Mapped:           881728 kB
Shmem:             29328 kB
KReclaimable:     825944 kB
Slab:             224664 kB
SReclaimable:      78372 kB
SUnreclaim:       146292 kB
KernelStack:       47632 kB
PageTables:        64736 kB
NFS_Unstable:          0 kB
Bounce:                0 kB
WritebackTmp:          0 kB
CommitLimit:     9202292 kB
Committed_AS:   67749068 kB
VmallocTotal:   263061440 kB
VmallocUsed:      104632 kB
VmallocChunk:          0 kB
Percpu:             7616 kB
CmaTotal:         294912 kB
CmaFree:               0 kB
MemTotal:       12113136 kB
MemFree:         6058916 kB
MemAvailable:    7866804 kB
Buffers:            6192 kB
Cached:          1878236 kB
SwapCached:            0 kB
Active:          1623792 kB
Inactive:        1552628 kB
Active(anon):    1299048 kB
Inactive(anon):    26724 kB
Active(file):     324744 kB
Inactive(file):  1525904 kB
Unevictable:        5508 kB
Mlocked:            5508 kB
SwapTotal:       3145724 kB
SwapFree:        3145724 kB
Dirty:               684 kB
Writeback:             0 kB
AnonPages:       1297372 kB
Mapped:           881888 kB
Shmem:             29328 kB
KReclaimable:     825944 kB
Slab:             224628 kB
SReclaimable:      78372 kB
SUnreclaim:       146256 kB
KernelStack:       47648 kB
PageTables:        64728 kB
NFS_Unstable:          0 kB
Bounce:                0 kB
WritebackTmp:          0 kB
CommitLimit:     9202292 kB
Committed_AS:   67754420 kB
VmallocTotal:   263061440 kB
VmallocUsed:      104664 kB
VmallocChunk:          0 kB
Percpu:             7616 kB
CmaTotal:         294912 kB
CmaFree:               0 kB
MemTotal:       12113136 kB
MemFree:         6047848 kB
MemAvailable:    7855752 kB
Buffers:            6192 kB
Cached:          1878252 kB
SwapCached:            0 kB
Active:          1638008 kB
Inactive:        1552644 kB
Active(anon):    1313264 kB
Inactive(anon):    26724 kB
Active(file):     324744 kB
Inactive(file):  1525920 kB
Unevictable:        5508 kB
Mlocked:            5508 kB
SwapTotal:       3145724 kB
SwapFree:        3145724 kB
Dirty:               244 kB
Writeback:             0 kB
AnonPages:       1311972 kB
Mapped:           881888 kB
Shmem:             29328 kB
KReclaimable:     825944 kB
Slab:             224592 kB
SReclaimable:      78372 kB
SUnreclaim:       146220 kB
KernelStack:       47648 kB
PageTables:        64736 kB
NFS_Unstable:          0 kB
Bounce:                0 kB
WritebackTmp:          0 kB
CommitLimit:     9202292 kB
Committed_AS:   67754552 kB
VmallocTotal:   263061440 kB
VmallocUsed:      104664 kB
VmallocChunk:          0 kB
Percpu:             7616 kB
CmaTotal:         294912 kB
CmaFree:               0 kB
MemTotal:       12113136 kB
MemFree:         6058064 kB
MemAvailable:    7866016 kB
Buffers:            6200 kB
Cached:          1878292 kB
SwapCached:            0 kB
Active:          1625164 kB
Inactive:        1552684 kB
Active(anon):    1300412 kB
Inactive(anon):    26724 kB
Active(file):     324752 kB
Inactive(file):  1525960 kB
Unevictable:        5508 kB
Mlocked:            5508 kB
SwapTotal:       3145724 kB
SwapFree:        3145724 kB
Dirty:               352 kB
Writeback:             0 kB
AnonPages:       1298900 kB
Mapped:           881888 kB
Shmem:             29328 kB
KReclaimable:     825944 kB
Slab:             224584 kB
SReclaimable:      78372 kB
SUnreclaim:       146212 kB
KernelStack:       47632 kB
PageTables:        64680 kB
NFS_Unstable:          0 kB
Bounce:                0 kB
WritebackTmp:          0 kB
CommitLimit:     9202292 kB
Committed_AS:   67754520 kB
VmallocTotal:   263061440 kB
VmallocUsed:      104664 kB
VmallocChunk:          0 kB
Percpu:             7616 kB
CmaTotal:         294912 kB
CmaFree:               0 kB
MemTotal:       12113136 kB
MemFree:         6057116 kB
MemAvailable:    7865076 kB
Buffers:            6200 kB
Cached:          1878300 kB
SwapCached:            0 kB
Active:          1625920 kB
Inactive:        1552692 kB
Active(anon):    1301168 kB
Inactive(anon):    26724 kB
Active(file):     324752 kB
Inactive(file):  1525968 kB
Unevictable:        5508 kB
Mlocked:            5508 kB
SwapTotal:       3145724 kB
SwapFree:        3145724 kB
Dirty:               360 kB
Writeback:             0 kB
AnonPages:       1299644 kB
Mapped:           881888 kB
Shmem:             29328 kB
KReclaimable:     825944 kB
Slab:             224592 kB
SReclaimable:      78372 kB
SUnreclaim:       146220 kB
KernelStack:       47648 kB
PageTables:        64728 kB
NFS_Unstable:          0 kB
Bounce:                0 kB
WritebackTmp:          0 kB
CommitLimit:     9202292 kB
Committed_AS:   67748196 kB
VmallocTotal:   263061440 kB
VmallocUsed:      104712 kB
VmallocChunk:          0 kB
Percpu:             7616 kB
CmaTotal:         294912 kB
CmaFree:               0 kB
MemTotal:       12113136 kB
MemFree:         6039496 kB
MemAvailable:    7847472 kB
Buffers:            6200 kB
Cached:          1878316 kB
SwapCached:            0 kB
Active:          1646532 kB
Inactive:        1552708 kB
Active(anon):    1321780 kB
Inactive(anon):    26724 kB
Active(file):     324752 kB
Inactive(file):  1525984 kB
Unevictable:        5508 kB
Mlocked:            5508 kB
SwapTotal:       3145724 kB
SwapFree:        3145724 kB
Dirty:               380 kB
Writeback:             0 kB
AnonPages:       1320368 kB
Mapped:           881888 kB
Shmem:             29328 kB
KReclaimable:     825944 kB
Slab:             224600 kB
SReclaimable:      78372 kB
SUnreclaim:       146228 kB
KernelStack:       47648 kB
PageTables:        64732 kB
NFS_Unstable:          0 kB
Bounce:                0 kB
WritebackTmp:          0 kB
CommitLimit:     9202292 kB
Committed_AS:   67754152 kB
VmallocTotal:   263061440 kB
VmallocUsed:      104728 kB
VmallocChunk:          0 kB
Percpu:             7616 kB
CmaTotal:         294912 kB
CmaFree:               0 kB
MemTotal:       12113136 kB
MemFree:         6056296 kB
MemAvailable:    7864288 kB
Buffers:            6200 kB
Cached:          1878332 kB
SwapCached:            0 kB
Active:          1627832 kB
Inactive:        1552724 kB
Active(anon):    1303080 kB
Inactive(anon):    26724 kB
Active(file):     324752 kB
Inactive(file):  1526000 kB
Unevictable:        5508 kB
Mlocked:            5508 kB
SwapTotal:       3145724 kB
SwapFree:        3145724 kB
Dirty:               428 kB
Writeback:             0 kB
AnonPages:       1301392 kB
Mapped:           881888 kB
Shmem:             29328 kB
KReclaimable:     825944 kB
Slab:             224600 kB
SReclaimable:      78372 kB
SUnreclaim:       146228 kB
KernelStack:       47632 kB
PageTables:        64740 kB
NFS_Unstable:          0 kB
Bounce:                0 kB
WritebackTmp:          0 kB
CommitLimit:     9202292 kB
Committed_AS:   67753800 kB
VmallocTotal:   263061440 kB
VmallocUsed:      104680 kB
