MemTotal:       12113144 kB
MemFree:         6374312 kB
MemAvailable:    8070616 kB
Buffers:            6932 kB
Cached:          1712084 kB
SwapCached:            0 kB
Active:          1502196 kB
Inactive:        1500492 kB
Active(anon):    1290092 kB
Inactive(anon):    22528 kB
Active(file):     212104 kB
Inactive(file):  1477964 kB
Unevictable:        5528 kB
Mlocked:            5528 kB
SwapTotal:       3145724 kB
SwapFree:        3145724 kB
Dirty:               372 kB
Writeback:             0 kB
AnonPages:       1289160 kB
Mapped:           813092 kB
Shmem:             24456 kB
KReclaimable:     874940 kB
Slab:             206000 kB
SReclaimable:      68216 kB
SUnreclaim:       137784 kB
KernelStack:       42592 kB
PageTables:        56576 kB
NFS_Unstable:          0 kB
Bounce:                0 kB
WritebackTmp:          0 kB
CommitLimit:     9202296 kB
Committed_AS:   56811760 kB
VmallocTotal:   263061440 kB
VmallocUsed:       99480 kB
VmallocChunk:          0 kB
Percpu:             7616 kB
CmaTotal:         294912 kB
CmaFree:               0 kB
MemTotal:       12113144 kB
MemFree:         6372864 kB
MemAvailable:    8069168 kB
Buffers:            6932 kB
Cached:          1712084 kB
SwapCached:            0 kB
Active:          1502932 kB
Inactive:        1500492 kB
Active(anon):    1290828 kB
Inactive(anon):    22528 kB
Active(file):     212104 kB
Inactive(file):  1477964 kB
Unevictable:        5528 kB
Mlocked:            5528 kB
SwapTotal:       3145724 kB
SwapFree:        3145724 kB
Dirty:               372 kB
Writeback:             0 kB
AnonPages:       1290228 kB
Mapped:           811088 kB
Shmem:             24456 kB
KReclaimable:     874940 kB
Slab:             206040 kB
SReclaimable:      68216 kB
SUnreclaim:       137824 kB
KernelStack:       42592 kB
PageTables:        56592 kB
NFS_Unstable:          0 kB
Bounce:                0 kB
WritebackTmp:          0 kB
CommitLimit:     9202296 kB
Committed_AS:   56814652 kB
VmallocTotal:   263061440 kB
VmallocUsed:       99496 kB
VmallocChunk:          0 kB
Percpu:             7616 kB
CmaTotal:         294912 kB
CmaFree:               0 kB
MemTotal:       12113144 kB
MemFree:         6371400 kB
MemAvailable:    8067708 kB
Buffers:            6932 kB
Cached:          1712088 kB
SwapCached:            0 kB
Active:          1503604 kB
Inactive:        1500492 kB
Active(anon):    1291496 kB
Inactive(anon):    22528 kB
Active(file):     212108 kB
Inactive(file):  1477964 kB
Unevictable:        5528 kB
Mlocked:            5528 kB
SwapTotal:       3145724 kB
SwapFree:        3145724 kB
Dirty:               376 kB
Writeback:             0 kB
AnonPages:       1290248 kB
Mapped:           811088 kB
Shmem:             24456 kB
KReclaimable:     874940 kB
Slab:             206016 kB
SReclaimable:      68216 kB
SUnreclaim:       137800 kB
KernelStack:       42592 kB
PageTables:        56592 kB
NFS_Unstable:          0 kB
Bounce:                0 kB
WritebackTmp:          0 kB
CommitLimit:     9202296 kB
Committed_AS:   56814068 kB
VmallocTotal:   263061440 kB
VmallocUsed:       99480 kB
VmallocChunk:          0 kB
Percpu:             7616 kB
CmaTotal:         294912 kB
CmaFree:               0 kB
MemTotal:       12113144 kB
MemFree:         6371584 kB
MemAvailable:    8067888 kB
Buffers:            6932 kB
Cached:          1712084 kB
SwapCached:            0 kB
Active:          1503656 kB
Inactive:        1500492 kB
Active(anon):    1291552 kB
Inactive(anon):    22528 kB
Active(file):     212104 kB
Inactive(file):  1477964 kB
Unevictable:        5528 kB
Mlocked:            5528 kB
SwapTotal:       3145724 kB
SwapFree:        3145724 kB
Dirty:               372 kB
Writeback:             0 kB
AnonPages:       1291100 kB
Mapped:           811088 kB
Shmem:             24456 kB
KReclaimable:     874940 kB
Slab:             206048 kB
SReclaimable:      68216 kB
SUnreclaim:       137832 kB
KernelStack:       42592 kB
PageTables:        56592 kB
NFS_Unstable:          0 kB
Bounce:                0 kB
WritebackTmp:          0 kB
CommitLimit:     9202296 kB
Committed_AS:   56813672 kB
VmallocTotal:   263061440 kB
VmallocUsed:       99464 kB
VmallocChunk:          0 kB
Percpu:             7616 kB
CmaTotal:         294912 kB
CmaFree:               0 kB
MemTotal:       12113144 kB
MemFree:         6370700 kB
MemAvailable:    8067004 kB
Buffers:            6932 kB
Cached:          1712084 kB
SwapCached:            0 kB
Active:          1504232 kB
Inactive:        1500492 kB
Active(anon):    1292128 kB
Inactive(anon):    22528 kB
Active(file):     212104 kB
Inactive(file):  1477964 kB
Unevictable:        5528 kB
Mlocked:            5528 kB
SwapTotal:       3145724 kB
SwapFree:        3145724 kB
Dirty:               372 kB
Writeback:             0 kB
AnonPages:       1291268 kB
Mapped:           811088 kB
Shmem:             24456 kB
KReclaimable:     874940 kB
Slab:             206064 kB
SReclaimable:      68216 kB
SUnreclaim:       137848 kB
KernelStack:       42592 kB
PageTables:        56596 kB
NFS_Unstable:          0 kB
Bounce:                0 kB
WritebackTmp:          0 kB
CommitLimit:     9202296 kB
Committed_AS:   56813276 kB
VmallocTotal:   263061440 kB
VmallocUsed:       99480 kB
VmallocChunk:          0 kB
Percpu:             7616 kB
CmaTotal:         294912 kB
CmaFree:               0 kB
MemTotal:       12113144 kB
MemFree:         6370440 kB
MemAvailable:    8066740 kB
Buffers:            6932 kB
Cached:          1712084 kB
SwapCached:            0 kB
Active:          1505048 kB
Inactive:        1500492 kB
Active(anon):    1292944 kB
Inactive(anon):    22528 kB
Active(file):     212104 kB
Inactive(file):  1477964 kB
Unevictable:        5528 kB
Mlocked:            5528 kB
SwapTotal:       3145724 kB
SwapFree:        3145724 kB
Dirty:               356 kB
Writeback:             0 kB
AnonPages:       1291984 kB
Mapped:           811088 kB
Shmem:             24456 kB
KReclaimable:     874936 kB
Slab:             205980 kB
SReclaimable:      68212 kB
SUnreclaim:       137768 kB
KernelStack:       42592 kB
PageTables:        56592 kB
NFS_Unstable:          0 kB
Bounce:                0 kB
WritebackTmp:          0 kB
CommitLimit:     9202296 kB
Committed_AS:   56813196 kB
VmallocTotal:   263061440 kB
VmallocUsed:       99464 kB
VmallocChunk:          0 kB
Percpu:             7616 kB
CmaTotal:         294912 kB
CmaFree:               0 kB
MemTotal:       12113144 kB
MemFree:         6369472 kB
MemAvailable:    8065772 kB
Buffers:            6932 kB
Cached:          1712084 kB
SwapCached:            0 kB
Active:          1505764 kB
Inactive:        1500492 kB
Active(anon):    1293660 kB
Inactive(anon):    22528 kB
Active(file):     212104 kB
Inactive(file):  1477964 kB
Unevictable:        5528 kB
Mlocked:            5528 kB
SwapTotal:       3145724 kB
SwapFree:        3145724 kB
Dirty:               356 kB
Writeback:             0 kB
AnonPages:       1292596 kB
Mapped:           810828 kB
Shmem:             24456 kB
KReclaimable:     874936 kB
Slab:             206044 kB
SReclaimable:      68212 kB
SUnreclaim:       137832 kB
KernelStack:       42592 kB
PageTables:        56592 kB
NFS_Unstable:          0 kB
Bounce:                0 kB
WritebackTmp:          0 kB
CommitLimit:     9202296 kB
Committed_AS:   56813460 kB
VmallocTotal:   263061440 kB
VmallocUsed:       99464 kB
VmallocChunk:          0 kB
Percpu:             7616 kB
CmaTotal:         294912 kB
CmaFree:               0 kB
MemTotal:       12113144 kB
MemFree:         6369200 kB
MemAvailable:    8065512 kB
Buffers:            6936 kB
Cached:          1712092 kB
SwapCached:            0 kB
Active:          1505484 kB
Inactive:        1500500 kB
Active(anon):    1293376 kB
Inactive(anon):    22528 kB
Active(file):     212108 kB
Inactive(file):  1477972 kB
Unevictable:        5528 kB
Mlocked:            5528 kB
SwapTotal:       3145724 kB
SwapFree:        3145724 kB
Dirty:               360 kB
Writeback:             0 kB
AnonPages:       1292868 kB
Mapped:           810828 kB
Shmem:             24456 kB
KReclaimable:     874936 kB
Slab:             205988 kB
SReclaimable:      68212 kB
SUnreclaim:       137776 kB
KernelStack:       42592 kB
PageTables:        56592 kB
NFS_Unstable:          0 kB
Bounce:                0 kB
WritebackTmp:          0 kB
CommitLimit:     9202296 kB
Committed_AS:   56815624 kB
VmallocTotal:   263061440 kB
VmallocUsed:       99496 kB
VmallocChunk:          0 kB
Percpu:             7616 kB
CmaTotal:         294912 kB
CmaFree:               0 kB
MemTotal:       12113144 kB
MemFree:         6368108 kB
MemAvailable:    8064420 kB
Buffers:            6936 kB
Cached:          1712092 kB
SwapCached:            0 kB
Active:          1506256 kB
Inactive:        1500500 kB
Active(anon):    1294148 kB
Inactive(anon):    22528 kB
Active(file):     212108 kB
Inactive(file):  1477972 kB
Unevictable:        5528 kB
Mlocked:            5528 kB
SwapTotal:       3145724 kB
SwapFree:        3145724 kB
Dirty:               360 kB
Writeback:             0 kB
AnonPages:       1293004 kB
Mapped:           810828 kB
Shmem:             24456 kB
KReclaimable:     874936 kB
Slab:             206060 kB
SReclaimable:      68212 kB
SUnreclaim:       137848 kB
KernelStack:       42592 kB
PageTables:        56604 kB
NFS_Unstable:          0 kB
Bounce:                0 kB
WritebackTmp:          0 kB
CommitLimit:     9202296 kB
Committed_AS:   56815492 kB
VmallocTotal:   263061440 kB
VmallocUsed:       99464 kB
VmallocChunk:          0 kB
Percpu:             7616 kB
CmaTotal:         294912 kB
CmaFree:               0 kB
MemTotal:       12113144 kB
MemFree:         6367964 kB
MemAvailable:    8064276 kB
Buffers:            6936 kB
Cached:          1712092 kB
SwapCached:            0 kB
Active:          1506460 kB
Inactive:        1500496 kB
Active(anon):    1294348 kB
Inactive(anon):    22528 kB
Active(file):     212112 kB
Inactive(file):  1477968 kB
Unevictable:        5528 kB
Mlocked:            5528 kB
SwapTotal:       3145724 kB
SwapFree:        3145724 kB
Dirty:               360 kB
Writeback:             0 kB
AnonPages:       1293528 kB
Mapped:           810828 kB
Shmem:             24456 kB
KReclaimable:     874936 kB
Slab:             205988 kB
SReclaimable:      68212 kB
SUnreclaim:       137776 kB
KernelStack:       42592 kB
PageTables:        56596 kB
NFS_Unstable:          0 kB
Bounce:                0 kB
WritebackTmp:          0 kB
CommitLimit:     9202296 kB
Committed_AS:   56817812 kB
VmallocTotal:   263061440 kB
VmallocUsed:       99480 kB
VmallocChunk:          0 kB
Percpu:             7616 kB
CmaTotal:         294912 kB
CmaFree:               0 kB
MemTotal:       12113144 kB
MemFree:         6368056 kB
MemAvailable:    8064368 kB
Buffers:            6936 kB
Cached:          1712092 kB
SwapCached:            0 kB
Active:          1507288 kB
Inactive:        1500496 kB
Active(anon):    1295176 kB
Inactive(anon):    22528 kB
Active(file):     212112 kB
Inactive(file):  1477968 kB
Unevictable:        5528 kB
Mlocked:            5528 kB
SwapTotal:       3145724 kB
SwapFree:        3145724 kB
Dirty:               336 kB
Writeback:             0 kB
AnonPages:       1294328 kB
Mapped:           811088 kB
Shmem:             24456 kB
KReclaimable:     874936 kB
Slab:             206004 kB
SReclaimable:      68212 kB
SUnreclaim:       137792 kB
KernelStack:       42592 kB
PageTables:        56604 kB
NFS_Unstable:          0 kB
Bounce:                0 kB
WritebackTmp:          0 kB
CommitLimit:     9202296 kB
Committed_AS:   56817312 kB
VmallocTotal:   263061440 kB
VmallocUsed:       99480 kB
VmallocChunk:          0 kB
Percpu:             7616 kB
CmaTotal:         294912 kB
CmaFree:               0 kB
MemTotal:       12113144 kB
MemFree:         6367772 kB
MemAvailable:    8064072 kB
Buffers:            6936 kB
Cached:          1712080 kB
SwapCached:            0 kB
Active:          1507448 kB
Inactive:        1500488 kB
Active(anon):    1295340 kB
Inactive(anon):    22528 kB
Active(file):     212108 kB
Inactive(file):  1477960 kB
Unevictable:        5528 kB
Mlocked:            5528 kB
SwapTotal:       3145724 kB
SwapFree:        3145724 kB
Dirty:               328 kB
Writeback:             0 kB
AnonPages:       1294732 kB
Mapped:           810828 kB
Shmem:             24456 kB
KReclaimable:     874936 kB
Slab:             206012 kB
SReclaimable:      68212 kB
SUnreclaim:       137800 kB
KernelStack:       42592 kB
PageTables:        56596 kB
NFS_Unstable:          0 kB
Bounce:                0 kB
WritebackTmp:          0 kB
CommitLimit:     9202296 kB
Committed_AS:   56817664 kB
VmallocTotal:   263061440 kB
VmallocUsed:       99480 kB
VmallocChunk:          0 kB
Percpu:             7616 kB
CmaTotal:         294912 kB
CmaFree:               0 kB
MemTotal:       12113144 kB
MemFree:         6367156 kB
MemAvailable:    8063468 kB
Buffers:            6936 kB
Cached:          1712092 kB
SwapCached:            0 kB
Active:          1507684 kB
Inactive:        1500496 kB
Active(anon):    1295572 kB
Inactive(anon):    22528 kB
Active(file):     212112 kB
Inactive(file):  1477968 kB
Unevictable:        5528 kB
Mlocked:            5528 kB
SwapTotal:       3145724 kB
SwapFree:        3145724 kB
Dirty:               336 kB
Writeback:             0 kB
AnonPages:       1294872 kB
Mapped:           811088 kB
Shmem:             24456 kB
KReclaimable:     874936 kB
Slab:             206020 kB
SReclaimable:      68212 kB
SUnreclaim:       137808 kB
KernelStack:       42592 kB
PageTables:        56600 kB
NFS_Unstable:          0 kB
Bounce:                0 kB
WritebackTmp:          0 kB
CommitLimit:     9202296 kB
Committed_AS:   56816960 kB
VmallocTotal:   263061440 kB
VmallocUsed:       99464 kB
VmallocChunk:          0 kB
Percpu:             7616 kB
CmaTotal:         294912 kB
CmaFree:               0 kB
MemTotal:       12113144 kB
MemFree:         6367132 kB
MemAvailable:    8063444 kB
Buffers:            6936 kB
Cached:          1712092 kB
SwapCached:            0 kB
Active:          1508048 kB
Inactive:        1500496 kB
Active(anon):    1295936 kB
Inactive(anon):    22528 kB
Active(file):     212112 kB
Inactive(file):  1477968 kB
Unevictable:        5528 kB
Mlocked:            5528 kB
SwapTotal:       3145724 kB
SwapFree:        3145724 kB
Dirty:               336 kB
Writeback:             0 kB
AnonPages:       1295456 kB
Mapped:           810828 kB
Shmem:             24456 kB
KReclaimable:     874936 kB
Slab:             206020 kB
SReclaimable:      68212 kB
SUnreclaim:       137808 kB
KernelStack:       42592 kB
PageTables:        56592 kB
NFS_Unstable:          0 kB
Bounce:                0 kB
WritebackTmp:          0 kB
CommitLimit:     9202296 kB
Committed_AS:   56816696 kB
VmallocTotal:   263061440 kB
VmallocUsed:       99464 kB
VmallocChunk:          0 kB
Percpu:             7616 kB
CmaTotal:         294912 kB
CmaFree:               0 kB
MemTotal:       12113144 kB
MemFree:         6366488 kB
MemAvailable:    8062800 kB
Buffers:            6936 kB
Cached:          1712092 kB
SwapCached:            0 kB
Active:          1508100 kB
Inactive:        1500496 kB
Active(anon):    1295988 kB
Inactive(anon):    22528 kB
Active(file):     212112 kB
Inactive(file):  1477968 kB
Unevictable:        5528 kB
Mlocked:            5528 kB
SwapTotal:       3145724 kB
SwapFree:        3145724 kB
Dirty:               336 kB
Writeback:             0 kB
AnonPages:       1294988 kB
Mapped:           811088 kB
Shmem:             24456 kB
KReclaimable:     874936 kB
Slab:             206028 kB
SReclaimable:      68212 kB
SUnreclaim:       137816 kB
KernelStack:       42592 kB
PageTables:        56592 kB
NFS_Unstable:          0 kB
Bounce:                0 kB
WritebackTmp:          0 kB
CommitLimit:     9202296 kB
Committed_AS:   56816652 kB
VmallocTotal:   263061440 kB
VmallocUsed:       99464 kB
VmallocChunk:          0 kB
Percpu:             7616 kB
CmaTotal:         294912 kB
CmaFree:               0 kB
MemTotal:       12113144 kB
MemFree:         6365596 kB
MemAvailable:    8061908 kB
Buffers:            6936 kB
Cached:          1712092 kB
SwapCached:            0 kB
Active:          1509332 kB
Inactive:        1500496 kB
Active(anon):    1297220 kB
Inactive(anon):    22528 kB
Active(file):     212112 kB
Inactive(file):  1477968 kB
Unevictable:        5528 kB
Mlocked:            5528 kB
SwapTotal:       3145724 kB
SwapFree:        3145724 kB
Dirty:               336 kB
Writeback:             0 kB
AnonPages:       1296240 kB
Mapped:           811088 kB
Shmem:             24456 kB
KReclaimable:     874936 kB
Slab:             206012 kB
SReclaimable:      68212 kB
SUnreclaim:       137800 kB
KernelStack:       42592 kB
PageTables:        56604 kB
NFS_Unstable:          0 kB
Bounce:                0 kB
WritebackTmp:          0 kB
CommitLimit:     9202296 kB
Committed_AS:   56816876 kB
VmallocTotal:   263061440 kB
VmallocUsed:       99480 kB
VmallocChunk:          0 kB
Percpu:             7616 kB
CmaTotal:         294912 kB
CmaFree:               0 kB
MemTotal:       12113144 kB
MemFree:         6364660 kB
MemAvailable:    8060972 kB
Buffers:            6936 kB
Cached:          1712092 kB
SwapCached:            0 kB
Active:          1509604 kB
Inactive:        1500496 kB
Active(anon):    1297492 kB
Inactive(anon):    22528 kB
Active(file):     212112 kB
Inactive(file):  1477968 kB
Unevictable:        5528 kB
Mlocked:            5528 kB
SwapTotal:       3145724 kB
SwapFree:        3145724 kB
Dirty:               348 kB
Writeback:             0 kB
AnonPages:       1296760 kB
Mapped:           811088 kB
Shmem:             24456 kB
KReclaimable:     874936 kB
Slab:             206028 kB
SReclaimable:      68212 kB
SUnreclaim:       137816 kB
KernelStack:       42592 kB
PageTables:        56596 kB
NFS_Unstable:          0 kB
Bounce:                0 kB
WritebackTmp:          0 kB
CommitLimit:     9202296 kB
Committed_AS:   56811556 kB
VmallocTotal:   263061440 kB
VmallocUsed:       99480 kB
VmallocChunk:          0 kB
Percpu:             7616 kB
CmaTotal:         294912 kB
CmaFree:               0 kB
MemTotal:       12113144 kB
MemFree:         6364620 kB
MemAvailable:    8060932 kB
Buffers:            6936 kB
Cached:          1712092 kB
SwapCached:            0 kB
Active:          1509860 kB
Inactive:        1500496 kB
Active(anon):    1297748 kB
Inactive(anon):    22528 kB
Active(file):     212112 kB
Inactive(file):  1477968 kB
Unevictable:        5528 kB
Mlocked:            5528 kB
SwapTotal:       3145724 kB
SwapFree:        3145724 kB
Dirty:               348 kB
Writeback:             0 kB
AnonPages:       1297144 kB
Mapped:           810828 kB
Shmem:             24456 kB
KReclaimable:     874936 kB
Slab:             206020 kB
SReclaimable:      68212 kB
SUnreclaim:       137808 kB
KernelStack:       42592 kB
PageTables:        56592 kB
NFS_Unstable:          0 kB
Bounce:                0 kB
WritebackTmp:          0 kB
CommitLimit:     9202296 kB
Committed_AS:   56806244 kB
VmallocTotal:   263061440 kB
VmallocUsed:       99480 kB
VmallocChunk:          0 kB
Percpu:             7616 kB
CmaTotal:         294912 kB
CmaFree:               0 kB
MemTotal:       12113144 kB
MemFree:         6364504 kB
MemAvailable:    8060816 kB
Buffers:            6936 kB
Cached:          1712092 kB
SwapCached:            0 kB
Active:          1510228 kB
Inactive:        1500496 kB
Active(anon):    1298116 kB
Inactive(anon):    22528 kB
Active(file):     212112 kB
Inactive(file):  1477968 kB
Unevictable:        5528 kB
Mlocked:            5528 kB
SwapTotal:       3145724 kB
SwapFree:        3145724 kB
Dirty:               348 kB
Writeback:             0 kB
AnonPages:       1297428 kB
Mapped:           811088 kB
Shmem:             24456 kB
KReclaimable:     874936 kB
Slab:             206028 kB
SReclaimable:      68212 kB
SUnreclaim:       137816 kB
KernelStack:       42592 kB
PageTables:        56592 kB
NFS_Unstable:          0 kB
Bounce:                0 kB
WritebackTmp:          0 kB
CommitLimit:     9202296 kB
Committed_AS:   56806288 kB
VmallocTotal:   263061440 kB
VmallocUsed:       99480 kB
VmallocChunk:          0 kB
Percpu:             7616 kB
CmaTotal:         294912 kB
CmaFree:               0 kB
MemTotal:       12113144 kB
MemFree:         6364556 kB
MemAvailable:    8060884 kB
Buffers:            6936 kB
Cached:          1712108 kB
SwapCached:            0 kB
Active:          1510724 kB
Inactive:        1500504 kB
Active(anon):    1298604 kB
Inactive(anon):    22528 kB
Active(file):     212120 kB
Inactive(file):  1477976 kB
Unevictable:        5528 kB
Mlocked:            5528 kB
SwapTotal:       3145724 kB
SwapFree:        3145724 kB
Dirty:               364 kB
Writeback:             0 kB
AnonPages:       1297640 kB
Mapped:           811088 kB
Shmem:             24456 kB
KReclaimable:     874936 kB
Slab:             206012 kB
SReclaimable:      68212 kB
SUnreclaim:       137800 kB
KernelStack:       42592 kB
PageTables:        56596 kB
NFS_Unstable:          0 kB
Bounce:                0 kB
WritebackTmp:          0 kB
CommitLimit:     9202296 kB
Committed_AS:   56805848 kB
VmallocTotal:   263061440 kB
VmallocUsed:       99480 kB
VmallocChunk:          0 kB
Percpu:             7616 kB
CmaTotal:         294912 kB
CmaFree:               0 kB
MemTotal:       12113144 kB
MemFree:         6364512 kB
MemAvailable:    8060824 kB
Buffers:            6936 kB
Cached:          1712092 kB
SwapCached:            0 kB
Active:          1509768 kB
Inactive:        1500496 kB
Active(anon):    1297656 kB
Inactive(anon):    22528 kB
Active(file):     212112 kB
Inactive(file):  1477968 kB
Unevictable:        5528 kB
Mlocked:            5528 kB
SwapTotal:       3145724 kB
SwapFree:        3145724 kB
Dirty:               376 kB
Writeback:             0 kB
AnonPages:       1296784 kB
Mapped:           810828 kB
Shmem:             24456 kB
KReclaimable:     874936 kB
Slab:             206020 kB
SReclaimable:      68212 kB
SUnreclaim:       137808 kB
KernelStack:       42592 kB
PageTables:        56596 kB
NFS_Unstable:          0 kB
Bounce:                0 kB
WritebackTmp:          0 kB
CommitLimit:     9202296 kB
Committed_AS:   56805716 kB
VmallocTotal:   263061440 kB
VmallocUsed:       99480 kB
VmallocChunk:          0 kB
Percpu:             7616 kB
CmaTotal:         294912 kB
CmaFree:               0 kB
MemTotal:       12113144 kB
MemFree:         6364072 kB
MemAvailable:    8060392 kB
Buffers:            6940 kB
Cached:          1712096 kB
SwapCached:            0 kB
Active:          1509848 kB
Inactive:        1500504 kB
Active(anon):    1297736 kB
Inactive(anon):    22528 kB
Active(file):     212112 kB
Inactive(file):  1477976 kB
Unevictable:        5528 kB
Mlocked:            5528 kB
SwapTotal:       3145724 kB
SwapFree:        3145724 kB
Dirty:               364 kB
Writeback:             0 kB
AnonPages:       1296960 kB
Mapped:           811088 kB
Shmem:             24456 kB
KReclaimable:     874936 kB
Slab:             206020 kB
SReclaimable:      68212 kB
SUnreclaim:       137808 kB
KernelStack:       42592 kB
PageTables:        56596 kB
NFS_Unstable:          0 kB
Bounce:                0 kB
WritebackTmp:          0 kB
CommitLimit:     9202296 kB
Committed_AS:   56806156 kB
VmallocTotal:   263061440 kB
VmallocUsed:       99480 kB
VmallocChunk:          0 kB
Percpu:             7616 kB
CmaTotal:         294912 kB
CmaFree:               0 kB
MemTotal:       12113144 kB
MemFree:         6344856 kB
MemAvailable:    8041180 kB
Buffers:            6940 kB
Cached:          1711984 kB
SwapCached:            0 kB
Active:          1530776 kB
Inactive:        1500400 kB
Active(anon):    1318660 kB
Inactive(anon):    22424 kB
Active(file):     212116 kB
Inactive(file):  1477976 kB
Unevictable:        5528 kB
Mlocked:            5528 kB
SwapTotal:       3145724 kB
SwapFree:        3145724 kB
Dirty:               368 kB
Writeback:             0 kB
AnonPages:       1317728 kB
Mapped:           810968 kB
Shmem:             24340 kB
KReclaimable:     874936 kB
Slab:             206012 kB
SReclaimable:      68212 kB
SUnreclaim:       137800 kB
KernelStack:       42624 kB
PageTables:        56596 kB
NFS_Unstable:          0 kB
Bounce:                0 kB
WritebackTmp:          0 kB
CommitLimit:     9202296 kB
Committed_AS:   56811372 kB
VmallocTotal:   263061440 kB
VmallocUsed:       99496 kB
VmallocChunk:          0 kB
Percpu:             7616 kB
CmaTotal:         294912 kB
CmaFree:               0 kB
MemTotal:       12113144 kB
MemFree:         6350200 kB
MemAvailable:    8046524 kB
Buffers:            6940 kB
Cached:          1712100 kB
SwapCached:            0 kB
Active:          1524672 kB
Inactive:        1500504 kB
Active(anon):    1312556 kB
Inactive(anon):    22528 kB
Active(file):     212116 kB
Inactive(file):  1477976 kB
Unevictable:        5528 kB
Mlocked:            5528 kB
SwapTotal:       3145724 kB
SwapFree:        3145724 kB
Dirty:               372 kB
Writeback:             0 kB
AnonPages:       1311880 kB
Mapped:           810828 kB
Shmem:             24456 kB
KReclaimable:     874936 kB
Slab:             206004 kB
SReclaimable:      68212 kB
SUnreclaim:       137792 kB
KernelStack:       42672 kB
PageTables:        56608 kB
NFS_Unstable:          0 kB
Bounce:                0 kB
WritebackTmp:          0 kB
CommitLimit:     9202296 kB
Committed_AS:   56811748 kB
VmallocTotal:   263061440 kB
VmallocUsed:       99576 kB
VmallocChunk:          0 kB
Percpu:             7616 kB
CmaTotal:         294912 kB
CmaFree:               0 kB
MemTotal:       12113144 kB
MemFree:         6350112 kB
MemAvailable:    8046436 kB
Buffers:            6940 kB
Cached:          1712100 kB
SwapCached:            0 kB
Active:          1524764 kB
Inactive:        1500504 kB
Active(anon):    1312648 kB
Inactive(anon):    22528 kB
Active(file):     212116 kB
Inactive(file):  1477976 kB
Unevictable:        5528 kB
Mlocked:            5528 kB
SwapTotal:       3145724 kB
SwapFree:        3145724 kB
Dirty:               372 kB
Writeback:             0 kB
AnonPages:       1312044 kB
Mapped:           811088 kB
Shmem:             24456 kB
KReclaimable:     874936 kB
Slab:             206020 kB
SReclaimable:      68212 kB
SUnreclaim:       137808 kB
KernelStack:       42672 kB
PageTables:        56596 kB
NFS_Unstable:          0 kB
Bounce:                0 kB
WritebackTmp:          0 kB
CommitLimit:     9202296 kB
Committed_AS:   56811904 kB
VmallocTotal:   263061440 kB
VmallocUsed:       99608 kB
VmallocChunk:          0 kB
Percpu:             7616 kB
CmaTotal:         294912 kB
CmaFree:               0 kB
MemTotal:       12113144 kB
MemFree:         6341524 kB
MemAvailable:    8037848 kB
Buffers:            6940 kB
Cached:          1712744 kB
SwapCached:            0 kB
Active:          1532804 kB
Inactive:        1500368 kB
Active(anon):    1320688 kB
Inactive(anon):    22392 kB
Active(file):     212116 kB
Inactive(file):  1477976 kB
Unevictable:        5528 kB
Mlocked:            5528 kB
SwapTotal:       3145724 kB
SwapFree:        3145724 kB
Dirty:               336 kB
Writeback:             0 kB
AnonPages:       1319524 kB
Mapped:           810692 kB
Shmem:             25100 kB
KReclaimable:     874936 kB
Slab:             206028 kB
SReclaimable:      68212 kB
SUnreclaim:       137816 kB
KernelStack:       42672 kB
PageTables:        56600 kB
NFS_Unstable:          0 kB
Bounce:                0 kB
WritebackTmp:          0 kB
CommitLimit:     9202296 kB
Committed_AS:   56816836 kB
VmallocTotal:   263061440 kB
VmallocUsed:       99576 kB
VmallocChunk:          0 kB
Percpu:             7616 kB
CmaTotal:         294912 kB
CmaFree:               0 kB
MemTotal:       12113144 kB
MemFree:         6340800 kB
MemAvailable:    8037124 kB
Buffers:            6940 kB
Cached:          1712100 kB
SwapCached:            0 kB
Active:          1532836 kB
Inactive:        1500504 kB
Active(anon):    1320720 kB
Inactive(anon):    22528 kB
Active(file):     212116 kB
Inactive(file):  1477976 kB
Unevictable:        5528 kB
Mlocked:            5528 kB
SwapTotal:       3145724 kB
SwapFree:        3145724 kB
Dirty:               348 kB
Writeback:             0 kB
AnonPages:       1319908 kB
Mapped:           811088 kB
Shmem:             24456 kB
KReclaimable:     874936 kB
Slab:             206036 kB
SReclaimable:      68212 kB
SUnreclaim:       137824 kB
KernelStack:       42672 kB
PageTables:        56592 kB
NFS_Unstable:          0 kB
Bounce:                0 kB
WritebackTmp:          0 kB
CommitLimit:     9202296 kB
Committed_AS:   56803568 kB
VmallocTotal:   263061440 kB
VmallocUsed:       99560 kB
VmallocChunk:          0 kB
Percpu:             7616 kB
CmaTotal:         294912 kB
CmaFree:               0 kB
MemTotal:       12113144 kB
MemFree:         6341224 kB
MemAvailable:    8037548 kB
Buffers:            6940 kB
Cached:          1712100 kB
SwapCached:            0 kB
Active:          1533196 kB
Inactive:        1500504 kB
Active(anon):    1321080 kB
Inactive(anon):    22528 kB
Active(file):     212116 kB
Inactive(file):  1477976 kB
Unevictable:        5528 kB
Mlocked:            5528 kB
SwapTotal:       3145724 kB
SwapFree:        3145724 kB
Dirty:               348 kB
Writeback:             0 kB
AnonPages:       1320120 kB
Mapped:           811088 kB
Shmem:             24456 kB
KReclaimable:     874936 kB
Slab:             206036 kB
SReclaimable:      68212 kB
SUnreclaim:       137824 kB
KernelStack:       42672 kB
PageTables:        56596 kB
NFS_Unstable:          0 kB
Bounce:                0 kB
WritebackTmp:          0 kB
CommitLimit:     9202296 kB
Committed_AS:   56809416 kB
VmallocTotal:   263061440 kB
VmallocUsed:       99576 kB
VmallocChunk:          0 kB
Percpu:             7616 kB
CmaTotal:         294912 kB
CmaFree:               0 kB
MemTotal:       12113144 kB
MemFree:         6340528 kB
MemAvailable:    8036852 kB
Buffers:            6940 kB
Cached:          1712256 kB
SwapCached:            0 kB
Active:          1533736 kB
Inactive:        1500544 kB
Active(anon):    1321620 kB
Inactive(anon):    22568 kB
Active(file):     212116 kB
Inactive(file):  1477976 kB
Unevictable:        5528 kB
Mlocked:            5528 kB
SwapTotal:       3145724 kB
SwapFree:        3145724 kB
Dirty:               364 kB
Writeback:             0 kB
AnonPages:       1320600 kB
Mapped:           811104 kB
Shmem:             24612 kB
KReclaimable:     874936 kB
Slab:             206044 kB
SReclaimable:      68212 kB
SUnreclaim:       137832 kB
KernelStack:       42672 kB
PageTables:        56544 kB
NFS_Unstable:          0 kB
Bounce:                0 kB
WritebackTmp:          0 kB
CommitLimit:     9202296 kB
Committed_AS:   56809108 kB
VmallocTotal:   263061440 kB
VmallocUsed:       99560 kB
VmallocChunk:          0 kB
Percpu:             7616 kB
CmaTotal:         294912 kB
CmaFree:               0 kB
MemTotal:       12113144 kB
MemFree:         6339876 kB
MemAvailable:    8036200 kB
Buffers:            6940 kB
Cached:          1712100 kB
SwapCached:            0 kB
Active:          1534300 kB
Inactive:        1500504 kB
Active(anon):    1322184 kB
Inactive(anon):    22528 kB
Active(file):     212116 kB
Inactive(file):  1477976 kB
Unevictable:        5528 kB
Mlocked:            5528 kB
SwapTotal:       3145724 kB
SwapFree:        3145724 kB
Dirty:               364 kB
Writeback:             0 kB
AnonPages:       1321148 kB
Mapped:           811088 kB
Shmem:             24456 kB
KReclaimable:     874936 kB
Slab:             206052 kB
SReclaimable:      68212 kB
SUnreclaim:       137840 kB
KernelStack:       42672 kB
PageTables:        56596 kB
NFS_Unstable:          0 kB
Bounce:                0 kB
WritebackTmp:          0 kB
CommitLimit:     9202296 kB
Committed_AS:   56809000 kB
VmallocTotal:   263061440 kB
VmallocUsed:       99560 kB
VmallocChunk:          0 kB
Percpu:             7616 kB
CmaTotal:         294912 kB
CmaFree:               0 kB
MemTotal:       12113144 kB
MemFree:         6340216 kB
MemAvailable:    8036540 kB
Buffers:            6940 kB
Cached:          1712100 kB
SwapCached:            0 kB
Active:          1534700 kB
Inactive:        1500504 kB
Active(anon):    1322584 kB
Inactive(anon):    22528 kB
Active(file):     212116 kB
Inactive(file):  1477976 kB
Unevictable:        5528 kB
Mlocked:            5528 kB
SwapTotal:       3145724 kB
SwapFree:        3145724 kB
Dirty:               400 kB
Writeback:             0 kB
AnonPages:       1321580 kB
Mapped:           811088 kB
Shmem:             24456 kB
KReclaimable:     874936 kB
Slab:             206028 kB
SReclaimable:      68212 kB
SUnreclaim:       137816 kB
KernelStack:       42672 kB
PageTables:        56600 kB
NFS_Unstable:          0 kB
Bounce:                0 kB
WritebackTmp:          0 kB
CommitLimit:     9202296 kB
Committed_AS:   56809152 kB
VmallocTotal:   263061440 kB
VmallocUsed:       99576 kB
VmallocChunk:          0 kB
Percpu:             7616 kB
CmaTotal:         294912 kB
CmaFree:               0 kB
MemTotal:       12113144 kB
MemFree:         6338296 kB
MemAvailable:    8034620 kB
Buffers:            6940 kB
Cached:          1712348 kB
SwapCached:            0 kB
Active:          1535868 kB
Inactive:        1500452 kB
Active(anon):    1323752 kB
Inactive(anon):    22476 kB
Active(file):     212116 kB
Inactive(file):  1477976 kB
Unevictable:        5528 kB
Mlocked:            5528 kB
SwapTotal:       3145724 kB
SwapFree:        3145724 kB
Dirty:               420 kB
Writeback:             0 kB
AnonPages:       1322820 kB
Mapped:           811040 kB
Shmem:             24704 kB
KReclaimable:     874936 kB
Slab:             206028 kB
SReclaimable:      68212 kB
SUnreclaim:       137816 kB
KernelStack:       42672 kB
PageTables:        56592 kB
NFS_Unstable:          0 kB
Bounce:                0 kB
WritebackTmp:          0 kB
CommitLimit:     9202296 kB
Committed_AS:   56812192 kB
VmallocTotal:   263061440 kB
VmallocUsed:       99576 kB
VmallocChunk:          0 kB
Percpu:             7616 kB
CmaTotal:         294912 kB
CmaFree:               0 kB
MemTotal:       12113144 kB
MemFree:         6338120 kB
MemAvailable:    8034444 kB
Buffers:            6940 kB
Cached:          1712100 kB
SwapCached:            0 kB
Active:          1536248 kB
Inactive:        1500504 kB
Active(anon):    1324132 kB
Inactive(anon):    22528 kB
Active(file):     212116 kB
Inactive(file):  1477976 kB
Unevictable:        5528 kB
Mlocked:            5528 kB
SwapTotal:       3145724 kB
SwapFree:        3145724 kB
Dirty:               428 kB
Writeback:             0 kB
AnonPages:       1323384 kB
Mapped:           811088 kB
Shmem:             24456 kB
KReclaimable:     874936 kB
Slab:             206044 kB
SReclaimable:      68212 kB
SUnreclaim:       137832 kB
KernelStack:       42672 kB
PageTables:        56604 kB
NFS_Unstable:          0 kB
Bounce:                0 kB
WritebackTmp:          0 kB
CommitLimit:     9202296 kB
Committed_AS:   56812676 kB
VmallocTotal:   263061440 kB
VmallocUsed:       99576 kB
VmallocChunk:          0 kB
Percpu:             7616 kB
CmaTotal:         294912 kB
CmaFree:               0 kB
MemTotal:       12113144 kB
MemFree:         6338352 kB
MemAvailable:    8034684 kB
Buffers:            6940 kB
Cached:          1712108 kB
SwapCached:            0 kB
Active:          1536412 kB
Inactive:        1500508 kB
Active(anon):    1324292 kB
Inactive(anon):    22528 kB
Active(file):     212120 kB
Inactive(file):  1477980 kB
Unevictable:        5528 kB
Mlocked:            5528 kB
SwapTotal:       3145724 kB
SwapFree:        3145724 kB
Dirty:               436 kB
Writeback:             0 kB
AnonPages:       1323148 kB
Mapped:           811088 kB
Shmem:             24456 kB
KReclaimable:     874936 kB
Slab:             206036 kB
SReclaimable:      68212 kB
SUnreclaim:       137824 kB
KernelStack:       42672 kB
PageTables:        56596 kB
NFS_Unstable:          0 kB
Bounce:                0 kB
WritebackTmp:          0 kB
CommitLimit:     9202296 kB
Committed_AS:   56812728 kB
VmallocTotal:   263061440 kB
VmallocUsed:       99592 kB
VmallocChunk:          0 kB
Percpu:             7616 kB
CmaTotal:         294912 kB
CmaFree:               0 kB
MemTotal:       12113144 kB
MemFree:         6346696 kB
MemAvailable:    8043020 kB
Buffers:            6940 kB
Cached:          1712100 kB
SwapCached:            0 kB
Active:          1527560 kB
Inactive:        1500504 kB
Active(anon):    1315444 kB
Inactive(anon):    22528 kB
Active(file):     212116 kB
Inactive(file):  1477976 kB
Unevictable:        5528 kB
Mlocked:            5528 kB
SwapTotal:       3145724 kB
SwapFree:        3145724 kB
Dirty:               436 kB
Writeback:             0 kB
AnonPages:       1314732 kB
Mapped:           810828 kB
Shmem:             24456 kB
KReclaimable:     874936 kB
Slab:             206036 kB
SReclaimable:      68212 kB
SUnreclaim:       137824 kB
KernelStack:       42672 kB
PageTables:        56596 kB
NFS_Unstable:          0 kB
Bounce:                0 kB
WritebackTmp:          0 kB
CommitLimit:     9202296 kB
Committed_AS:   56818288 kB
VmallocTotal:   263061440 kB
VmallocUsed:       99560 kB
VmallocChunk:          0 kB
Percpu:             7616 kB
CmaTotal:         294912 kB
CmaFree:               4 kB
MemTotal:       12113144 kB
MemFree:         6347508 kB
MemAvailable:    8043832 kB
Buffers:            6940 kB
Cached:          1712100 kB
SwapCached:            0 kB
Active:          1526756 kB
Inactive:        1500504 kB
Active(anon):    1314640 kB
Inactive(anon):    22528 kB
Active(file):     212116 kB
Inactive(file):  1477976 kB
Unevictable:        5528 kB
Mlocked:            5528 kB
SwapTotal:       3145724 kB
SwapFree:        3145724 kB
Dirty:               368 kB
Writeback:             0 kB
AnonPages:       1313660 kB
Mapped:           810828 kB
Shmem:             24456 kB
KReclaimable:     874936 kB
Slab:             206036 kB
SReclaimable:      68212 kB
SUnreclaim:       137824 kB
KernelStack:       42672 kB
PageTables:        56596 kB
NFS_Unstable:          0 kB
Bounce:                0 kB
WritebackTmp:          0 kB
CommitLimit:     9202296 kB
Committed_AS:   56818464 kB
VmallocTotal:   263061440 kB
VmallocUsed:       99592 kB
VmallocChunk:          0 kB
Percpu:             7616 kB
CmaTotal:         294912 kB
CmaFree:               0 kB
MemTotal:       12113144 kB
MemFree:         6346356 kB
MemAvailable:    8042680 kB
Buffers:            6940 kB
Cached:          1712100 kB
SwapCached:            0 kB
Active:          1527152 kB
Inactive:        1500504 kB
Active(anon):    1315036 kB
Inactive(anon):    22528 kB
Active(file):     212116 kB
Inactive(file):  1477976 kB
Unevictable:        5528 kB
Mlocked:            5528 kB
SwapTotal:       3145724 kB
SwapFree:        3145724 kB
Dirty:               368 kB
Writeback:             0 kB
AnonPages:       1314228 kB
Mapped:           810828 kB
Shmem:             24456 kB
KReclaimable:     874936 kB
Slab:             206028 kB
SReclaimable:      68212 kB
SUnreclaim:       137816 kB
KernelStack:       42672 kB
PageTables:        56604 kB
NFS_Unstable:          0 kB
Bounce:                0 kB
WritebackTmp:          0 kB
CommitLimit:     9202296 kB
Committed_AS:   56818288 kB
VmallocTotal:   263061440 kB
VmallocUsed:       99576 kB
VmallocChunk:          0 kB
Percpu:             7616 kB
CmaTotal:         294912 kB
CmaFree:               0 kB
MemTotal:       12113144 kB
MemFree:         6347616 kB
MemAvailable:    8043952 kB
Buffers:            6944 kB
Cached:          1712108 kB
SwapCached:            0 kB
Active:          1526636 kB
Inactive:        1500512 kB
Active(anon):    1314516 kB
Inactive(anon):    22528 kB
Active(file):     212120 kB
Inactive(file):  1477984 kB
Unevictable:        5528 kB
Mlocked:            5528 kB
SwapTotal:       3145724 kB
SwapFree:        3145724 kB
Dirty:               376 kB
Writeback:             0 kB
AnonPages:       1313700 kB
Mapped:           811088 kB
Shmem:             24456 kB
KReclaimable:     874936 kB
Slab:             206028 kB
SReclaimable:      68212 kB
SUnreclaim:       137816 kB
KernelStack:       42688 kB
PageTables:        56724 kB
NFS_Unstable:          0 kB
Bounce:                0 kB
WritebackTmp:          0 kB
CommitLimit:     9202296 kB
Committed_AS:   56818288 kB
VmallocTotal:   263061440 kB
VmallocUsed:       99576 kB
VmallocChunk:          0 kB
Percpu:             7616 kB
CmaTotal:         294912 kB
CmaFree:               0 kB
MemTotal:       12113144 kB
MemFree:         6346924 kB
MemAvailable:    8043260 kB
Buffers:            6944 kB
Cached:          1712108 kB
SwapCached:            0 kB
Active:          1526724 kB
Inactive:        1500512 kB
Active(anon):    1314604 kB
Inactive(anon):    22528 kB
Active(file):     212120 kB
Inactive(file):  1477984 kB
Unevictable:        5528 kB
Mlocked:            5528 kB
SwapTotal:       3145724 kB
SwapFree:        3145724 kB
Dirty:               388 kB
Writeback:             0 kB
AnonPages:       1313868 kB
Mapped:           810828 kB
Shmem:             24456 kB
KReclaimable:     874936 kB
Slab:             206028 kB
SReclaimable:      68212 kB
SUnreclaim:       137816 kB
KernelStack:       42672 kB
PageTables:        56600 kB
NFS_Unstable:          0 kB
Bounce:                0 kB
WritebackTmp:          0 kB
CommitLimit:     9202296 kB
Committed_AS:   56818024 kB
VmallocTotal:   263061440 kB
VmallocUsed:       99560 kB
VmallocChunk:          0 kB
Percpu:             7616 kB
CmaTotal:         294912 kB
CmaFree:               0 kB
MemTotal:       12113144 kB
MemFree:         6346596 kB
MemAvailable:    8042932 kB
Buffers:            6944 kB
Cached:          1712108 kB
SwapCached:            0 kB
Active:          1527132 kB
Inactive:        1500512 kB
Active(anon):    1315012 kB
Inactive(anon):    22528 kB
Active(file):     212120 kB
Inactive(file):  1477984 kB
Unevictable:        5528 kB
Mlocked:            5528 kB
SwapTotal:       3145724 kB
SwapFree:        3145724 kB
Dirty:               404 kB
Writeback:             0 kB
AnonPages:       1314336 kB
Mapped:           811088 kB
Shmem:             24456 kB
KReclaimable:     874936 kB
Slab:             206036 kB
SReclaimable:      68212 kB
SUnreclaim:       137824 kB
KernelStack:       42672 kB
PageTables:        56596 kB
NFS_Unstable:          0 kB
Bounce:                0 kB
WritebackTmp:          0 kB
CommitLimit:     9202296 kB
Committed_AS:   56814776 kB
VmallocTotal:   263061440 kB
VmallocUsed:       99544 kB
VmallocChunk:          0 kB
Percpu:             7616 kB
CmaTotal:         294912 kB
CmaFree:               0 kB
MemTotal:       12113144 kB
MemFree:         6346848 kB
MemAvailable:    8043184 kB
Buffers:            6944 kB
Cached:          1712108 kB
SwapCached:            0 kB
Active:          1527932 kB
Inactive:        1500512 kB
Active(anon):    1315812 kB
Inactive(anon):    22528 kB
Active(file):     212120 kB
Inactive(file):  1477984 kB
Unevictable:        5528 kB
Mlocked:            5528 kB
SwapTotal:       3145724 kB
SwapFree:        3145724 kB
Dirty:               360 kB
Writeback:             0 kB
AnonPages:       1314904 kB
Mapped:           811088 kB
Shmem:             24456 kB
KReclaimable:     874936 kB
Slab:             206028 kB
SReclaimable:      68212 kB
SUnreclaim:       137816 kB
KernelStack:       42672 kB
PageTables:        56596 kB
NFS_Unstable:          0 kB
Bounce:                0 kB
WritebackTmp:          0 kB
CommitLimit:     9202296 kB
Committed_AS:   56814644 kB
VmallocTotal:   263061440 kB
VmallocUsed:       99560 kB
VmallocChunk:          0 kB
Percpu:             7616 kB
CmaTotal:         294912 kB
CmaFree:               0 kB
MemTotal:       12113144 kB
MemFree:         6346452 kB
MemAvailable:    8042788 kB
Buffers:            6944 kB
Cached:          1712108 kB
SwapCached:            0 kB
Active:          1528348 kB
Inactive:        1500512 kB
Active(anon):    1316228 kB
Inactive(anon):    22528 kB
Active(file):     212120 kB
Inactive(file):  1477984 kB
Unevictable:        5528 kB
Mlocked:            5528 kB
SwapTotal:       3145724 kB
SwapFree:        3145724 kB
Dirty:               360 kB
Writeback:             0 kB
AnonPages:       1315736 kB
Mapped:           810828 kB
Shmem:             24456 kB
KReclaimable:     874936 kB
Slab:             206036 kB
SReclaimable:      68212 kB
SUnreclaim:       137824 kB
KernelStack:       42672 kB
PageTables:        56608 kB
NFS_Unstable:          0 kB
Bounce:                0 kB
WritebackTmp:          0 kB
CommitLimit:     9202296 kB
Committed_AS:   56814432 kB
VmallocTotal:   263061440 kB
VmallocUsed:       99576 kB
VmallocChunk:          0 kB
Percpu:             7616 kB
CmaTotal:         294912 kB
CmaFree:               0 kB
MemTotal:       12113144 kB
MemFree:         6346020 kB
MemAvailable:    8042356 kB
Buffers:            6944 kB
Cached:          1712108 kB
SwapCached:            0 kB
Active:          1529004 kB
Inactive:        1500512 kB
Active(anon):    1316884 kB
Inactive(anon):    22528 kB
Active(file):     212120 kB
Inactive(file):  1477984 kB
Unevictable:        5528 kB
Mlocked:            5528 kB
SwapTotal:       3145724 kB
SwapFree:        3145724 kB
Dirty:               360 kB
Writeback:             0 kB
AnonPages:       1316356 kB
Mapped:           810828 kB
Shmem:             24456 kB
KReclaimable:     874936 kB
Slab:             206012 kB
SReclaimable:      68212 kB
SUnreclaim:       137800 kB
KernelStack:       42672 kB
PageTables:        56604 kB
NFS_Unstable:          0 kB
Bounce:                0 kB
WritebackTmp:          0 kB
CommitLimit:     9202296 kB
Committed_AS:   56814308 kB
VmallocTotal:   263061440 kB
VmallocUsed:       99544 kB
VmallocChunk:          0 kB
Percpu:             7616 kB
CmaTotal:         294912 kB
CmaFree:               0 kB
MemTotal:       12113144 kB
MemFree:         6345440 kB
MemAvailable:    8041776 kB
Buffers:            6944 kB
Cached:          1712108 kB
SwapCached:            0 kB
Active:          1529472 kB
Inactive:        1500512 kB
Active(anon):    1317352 kB
Inactive(anon):    22528 kB
Active(file):     212120 kB
Inactive(file):  1477984 kB
Unevictable:        5528 kB
Mlocked:            5528 kB
SwapTotal:       3145724 kB
SwapFree:        3145724 kB
Dirty:               360 kB
Writeback:             0 kB
AnonPages:       1316684 kB
Mapped:           811088 kB
Shmem:             24456 kB
KReclaimable:     874936 kB
Slab:             206036 kB
SReclaimable:      68212 kB
SUnreclaim:       137824 kB
KernelStack:       42672 kB
PageTables:        56596 kB
NFS_Unstable:          0 kB
Bounce:                0 kB
WritebackTmp:          0 kB
CommitLimit:     9202296 kB
Committed_AS:   56814456 kB
VmallocTotal:   263061440 kB
VmallocUsed:       99544 kB
VmallocChunk:          0 kB
Percpu:             7616 kB
CmaTotal:         294912 kB
CmaFree:               0 kB
MemTotal:       12113144 kB
MemFree:         6344664 kB
MemAvailable:    8041000 kB
Buffers:            6944 kB
Cached:          1712108 kB
SwapCached:            0 kB
Active:          1529888 kB
Inactive:        1500512 kB
Active(anon):    1317768 kB
Inactive(anon):    22528 kB
Active(file):     212120 kB
Inactive(file):  1477984 kB
Unevictable:        5528 kB
Mlocked:            5528 kB
SwapTotal:       3145724 kB
SwapFree:        3145724 kB
Dirty:               360 kB
Writeback:             0 kB
AnonPages:       1316884 kB
Mapped:           811088 kB
Shmem:             24456 kB
KReclaimable:     874936 kB
Slab:             206044 kB
SReclaimable:      68212 kB
SUnreclaim:       137832 kB
KernelStack:       42672 kB
PageTables:        56596 kB
NFS_Unstable:          0 kB
Bounce:                0 kB
WritebackTmp:          0 kB
CommitLimit:     9202296 kB
Committed_AS:   56814368 kB
VmallocTotal:   263061440 kB
VmallocUsed:       99544 kB
VmallocChunk:          0 kB
Percpu:             7616 kB
CmaTotal:         294912 kB
CmaFree:               0 kB
MemTotal:       12113144 kB
MemFree:         6344784 kB
MemAvailable:    8041120 kB
Buffers:            6944 kB
Cached:          1712108 kB
SwapCached:            0 kB
Active:          1529480 kB
Inactive:        1500512 kB
Active(anon):    1317360 kB
Inactive(anon):    22528 kB
Active(file):     212120 kB
Inactive(file):  1477984 kB
Unevictable:        5528 kB
Mlocked:            5528 kB
SwapTotal:       3145724 kB
SwapFree:        3145724 kB
Dirty:               328 kB
Writeback:             0 kB
AnonPages:       1316632 kB
Mapped:           811088 kB
Shmem:             24456 kB
KReclaimable:     874936 kB
Slab:             206028 kB
SReclaimable:      68212 kB
SUnreclaim:       137816 kB
KernelStack:       42672 kB
PageTables:        56596 kB
NFS_Unstable:          0 kB
Bounce:                0 kB
WritebackTmp:          0 kB
CommitLimit:     9202296 kB
Committed_AS:   56814016 kB
VmallocTotal:   263061440 kB
VmallocUsed:       99528 kB
VmallocChunk:          0 kB
Percpu:             7616 kB
CmaTotal:         294912 kB
CmaFree:               0 kB
MemTotal:       12113144 kB
MemFree:         6344076 kB
MemAvailable:    8040416 kB
Buffers:            6944 kB
Cached:          1712112 kB
SwapCached:            0 kB
Active:          1530204 kB
Inactive:        1500516 kB
Active(anon):    1318084 kB
Inactive(anon):    22528 kB
Active(file):     212120 kB
Inactive(file):  1477988 kB
Unevictable:        5528 kB
Mlocked:            5528 kB
SwapTotal:       3145724 kB
SwapFree:        3145724 kB
Dirty:               344 kB
Writeback:             0 kB
AnonPages:       1317244 kB
Mapped:           810828 kB
Shmem:             24456 kB
KReclaimable:     874936 kB
Slab:             206044 kB
SReclaimable:      68212 kB
SUnreclaim:       137832 kB
KernelStack:       42672 kB
PageTables:        56596 kB
NFS_Unstable:          0 kB
Bounce:                0 kB
WritebackTmp:          0 kB
CommitLimit:     9202296 kB
Committed_AS:   56814368 kB
VmallocTotal:   263061440 kB
VmallocUsed:       99528 kB
VmallocChunk:          0 kB
Percpu:             7616 kB
CmaTotal:         294912 kB
CmaFree:               0 kB
MemTotal:       12113144 kB
MemFree:         6343248 kB
MemAvailable:    8039588 kB
Buffers:            6944 kB
Cached:          1712112 kB
SwapCached:            0 kB
Active:          1530612 kB
Inactive:        1500516 kB
Active(anon):    1318492 kB
Inactive(anon):    22528 kB
Active(file):     212120 kB
Inactive(file):  1477988 kB
Unevictable:        5528 kB
Mlocked:            5528 kB
SwapTotal:       3145724 kB
SwapFree:        3145724 kB
Dirty:               356 kB
Writeback:             0 kB
AnonPages:       1317624 kB
Mapped:           811088 kB
Shmem:             24456 kB
KReclaimable:     874936 kB
Slab:             206044 kB
SReclaimable:      68212 kB
SUnreclaim:       137832 kB
KernelStack:       42672 kB
PageTables:        56600 kB
NFS_Unstable:          0 kB
Bounce:                0 kB
WritebackTmp:          0 kB
CommitLimit:     9202296 kB
Committed_AS:   56814112 kB
VmallocTotal:   263061440 kB
VmallocUsed:       99528 kB
VmallocChunk:          0 kB
Percpu:             7616 kB
CmaTotal:         294912 kB
CmaFree:               0 kB
MemTotal:       12113144 kB
MemFree:         6343348 kB
MemAvailable:    8039688 kB
Buffers:            6944 kB
Cached:          1712112 kB
SwapCached:            0 kB
Active:          1530728 kB
Inactive:        1500516 kB
Active(anon):    1318608 kB
Inactive(anon):    22528 kB
Active(file):     212120 kB
Inactive(file):  1477988 kB
Unevictable:        5528 kB
Mlocked:            5528 kB
SwapTotal:       3145724 kB
SwapFree:        3145724 kB
Dirty:               356 kB
Writeback:             0 kB
AnonPages:       1317704 kB
Mapped:           810828 kB
Shmem:             24456 kB
KReclaimable:     874936 kB
Slab:             206060 kB
SReclaimable:      68212 kB
SUnreclaim:       137848 kB
KernelStack:       42672 kB
PageTables:        56600 kB
NFS_Unstable:          0 kB
Bounce:                0 kB
WritebackTmp:          0 kB
CommitLimit:     9202296 kB
Committed_AS:   56813980 kB
VmallocTotal:   263061440 kB
VmallocUsed:       99528 kB
VmallocChunk:          0 kB
Percpu:             7616 kB
CmaTotal:         294912 kB
CmaFree:               0 kB
MemTotal:       12113144 kB
MemFree:         6342632 kB
MemAvailable:    8038972 kB
Buffers:            6944 kB
Cached:          1712112 kB
SwapCached:            0 kB
Active:          1531584 kB
Inactive:        1500516 kB
Active(anon):    1319464 kB
Inactive(anon):    22528 kB
Active(file):     212120 kB
Inactive(file):  1477988 kB
Unevictable:        5528 kB
Mlocked:            5528 kB
SwapTotal:       3145724 kB
SwapFree:        3145724 kB
Dirty:               356 kB
Writeback:             0 kB
AnonPages:       1318184 kB
Mapped:           811088 kB
Shmem:             24456 kB
KReclaimable:     874936 kB
Slab:             205980 kB
SReclaimable:      68212 kB
SUnreclaim:       137768 kB
KernelStack:       42688 kB
PageTables:        56596 kB
NFS_Unstable:          0 kB
Bounce:                0 kB
WritebackTmp:          0 kB
CommitLimit:     9202296 kB
Committed_AS:   56813576 kB
VmallocTotal:   263061440 kB
VmallocUsed:       99544 kB
VmallocChunk:          0 kB
Percpu:             7616 kB
CmaTotal:         294912 kB
CmaFree:               0 kB
MemTotal:       12113144 kB
MemFree:         6342184 kB
MemAvailable:    8038524 kB
Buffers:            6944 kB
Cached:          1712112 kB
SwapCached:            0 kB
Active:          1532032 kB
Inactive:        1500516 kB
Active(anon):    1319912 kB
Inactive(anon):    22528 kB
Active(file):     212120 kB
Inactive(file):  1477988 kB
Unevictable:        5528 kB
Mlocked:            5528 kB
SwapTotal:       3145724 kB
SwapFree:        3145724 kB
Dirty:               364 kB
Writeback:             0 kB
AnonPages:       1319204 kB
Mapped:           811084 kB
Shmem:             24456 kB
KReclaimable:     874936 kB
Slab:             206012 kB
SReclaimable:      68212 kB
SUnreclaim:       137800 kB
KernelStack:       42688 kB
PageTables:        56596 kB
NFS_Unstable:          0 kB
Bounce:                0 kB
WritebackTmp:          0 kB
CommitLimit:     9202296 kB
Committed_AS:   56813064 kB
VmallocTotal:   263061440 kB
VmallocUsed:       99544 kB
VmallocChunk:          0 kB
Percpu:             7616 kB
CmaTotal:         294912 kB
CmaFree:               0 kB
MemTotal:       12113144 kB
MemFree:         6342120 kB
MemAvailable:    8038460 kB
Buffers:            6944 kB
Cached:          1712112 kB
SwapCached:            0 kB
Active:          1532424 kB
Inactive:        1500516 kB
Active(anon):    1320304 kB
Inactive(anon):    22528 kB
Active(file):     212120 kB
Inactive(file):  1477988 kB
Unevictable:        5528 kB
Mlocked:            5528 kB
SwapTotal:       3145724 kB
SwapFree:        3145724 kB
Dirty:               376 kB
Writeback:             0 kB
AnonPages:       1319864 kB
Mapped:           810824 kB
Shmem:             24456 kB
KReclaimable:     874936 kB
Slab:             205996 kB
SReclaimable:      68212 kB
SUnreclaim:       137784 kB
KernelStack:       42688 kB
PageTables:        56596 kB
NFS_Unstable:          0 kB
Bounce:                0 kB
WritebackTmp:          0 kB
CommitLimit:     9202296 kB
Committed_AS:   56813532 kB
VmallocTotal:   263061440 kB
VmallocUsed:       99528 kB
VmallocChunk:          0 kB
Percpu:             7616 kB
CmaTotal:         294912 kB
CmaFree:               0 kB
MemTotal:       12113144 kB
MemFree:         6341072 kB
MemAvailable:    8037432 kB
Buffers:            6952 kB
Cached:          1712124 kB
SwapCached:            0 kB
Active:          1532816 kB
Inactive:        1500528 kB
Active(anon):    1320688 kB
Inactive(anon):    22528 kB
Active(file):     212128 kB
Inactive(file):  1478000 kB
Unevictable:        5528 kB
Mlocked:            5528 kB
SwapTotal:       3145724 kB
SwapFree:        3145724 kB
Dirty:               392 kB
Writeback:             0 kB
AnonPages:       1320088 kB
Mapped:           811084 kB
Shmem:             24456 kB
KReclaimable:     874936 kB
Slab:             206020 kB
SReclaimable:      68212 kB
SUnreclaim:       137808 kB
KernelStack:       42688 kB
PageTables:        56596 kB
NFS_Unstable:          0 kB
Bounce:                0 kB
WritebackTmp:          0 kB
CommitLimit:     9202296 kB
Committed_AS:   56813268 kB
VmallocTotal:   263061440 kB
VmallocUsed:       99544 kB
VmallocChunk:          0 kB
Percpu:             7616 kB
CmaTotal:         294912 kB
CmaFree:               0 kB
MemTotal:       12113144 kB
MemFree:         6341600 kB
MemAvailable:    8037960 kB
Buffers:            6952 kB
Cached:          1712124 kB
SwapCached:            0 kB
Active:          1533204 kB
Inactive:        1500528 kB
Active(anon):    1321076 kB
Inactive(anon):    22528 kB
Active(file):     212128 kB
Inactive(file):  1478000 kB
Unevictable:        5528 kB
Mlocked:            5528 kB
SwapTotal:       3145724 kB
SwapFree:        3145724 kB
Dirty:               392 kB
Writeback:             0 kB
AnonPages:       1320384 kB
Mapped:           811084 kB
Shmem:             24456 kB
KReclaimable:     874936 kB
Slab:             205996 kB
SReclaimable:      68212 kB
SUnreclaim:       137784 kB
KernelStack:       42688 kB
PageTables:        56596 kB
NFS_Unstable:          0 kB
Bounce:                0 kB
WritebackTmp:          0 kB
CommitLimit:     9202296 kB
Committed_AS:   56812828 kB
VmallocTotal:   263061440 kB
VmallocUsed:       99544 kB
VmallocChunk:          0 kB
Percpu:             7616 kB
CmaTotal:         294912 kB
CmaFree:               0 kB
MemTotal:       12113144 kB
MemFree:         6340892 kB
MemAvailable:    8037252 kB
Buffers:            6952 kB
Cached:          1712124 kB
SwapCached:            0 kB
Active:          1533240 kB
Inactive:        1500528 kB
Active(anon):    1321112 kB
Inactive(anon):    22528 kB
Active(file):     212128 kB
Inactive(file):  1478000 kB
Unevictable:        5528 kB
Mlocked:            5528 kB
SwapTotal:       3145724 kB
SwapFree:        3145724 kB
Dirty:               420 kB
Writeback:             0 kB
AnonPages:       1320384 kB
Mapped:           810824 kB
Shmem:             24456 kB
KReclaimable:     874936 kB
Slab:             206060 kB
SReclaimable:      68212 kB
SUnreclaim:       137848 kB
KernelStack:       42672 kB
PageTables:        56720 kB
NFS_Unstable:          0 kB
Bounce:                0 kB
WritebackTmp:          0 kB
CommitLimit:     9202296 kB
Committed_AS:   56813364 kB
VmallocTotal:   263061440 kB
VmallocUsed:       99528 kB
VmallocChunk:          0 kB
Percpu:             7616 kB
CmaTotal:         294912 kB
CmaFree:               0 kB
MemTotal:       12113144 kB
MemFree:         6340188 kB
MemAvailable:    8036548 kB
Buffers:            6952 kB
Cached:          1712124 kB
SwapCached:            0 kB
Active:          1533696 kB
Inactive:        1500528 kB
Active(anon):    1321568 kB
Inactive(anon):    22528 kB
Active(file):     212128 kB
Inactive(file):  1478000 kB
Unevictable:        5528 kB
Mlocked:            5528 kB
SwapTotal:       3145724 kB
SwapFree:        3145724 kB
Dirty:               420 kB
Writeback:             0 kB
AnonPages:       1320776 kB
Mapped:           811084 kB
Shmem:             24456 kB
KReclaimable:     874936 kB
Slab:             206036 kB
SReclaimable:      68212 kB
SUnreclaim:       137824 kB
KernelStack:       42656 kB
PageTables:        56608 kB
NFS_Unstable:          0 kB
Bounce:                0 kB
WritebackTmp:          0 kB
CommitLimit:     9202296 kB
Committed_AS:   56813408 kB
VmallocTotal:   263061440 kB
VmallocUsed:       99528 kB
VmallocChunk:          0 kB
Percpu:             7616 kB
CmaTotal:         294912 kB
CmaFree:               0 kB
MemTotal:       12113144 kB
MemFree:         6340008 kB
MemAvailable:    8036368 kB
Buffers:            6952 kB
Cached:          1712124 kB
SwapCached:            0 kB
Active:          1534252 kB
Inactive:        1500528 kB
Active(anon):    1322124 kB
Inactive(anon):    22528 kB
Active(file):     212128 kB
Inactive(file):  1478000 kB
Unevictable:        5528 kB
Mlocked:            5528 kB
SwapTotal:       3145724 kB
SwapFree:        3145724 kB
Dirty:               420 kB
Writeback:             0 kB
AnonPages:       1320992 kB
Mapped:           811068 kB
Shmem:             24456 kB
KReclaimable:     874936 kB
Slab:             206092 kB
SReclaimable:      68212 kB
SUnreclaim:       137880 kB
KernelStack:       42656 kB
PageTables:        56524 kB
NFS_Unstable:          0 kB
Bounce:                0 kB
WritebackTmp:          0 kB
CommitLimit:     9202296 kB
Committed_AS:   56814352 kB
VmallocTotal:   263061440 kB
VmallocUsed:       99512 kB
VmallocChunk:          0 kB
Percpu:             7616 kB
CmaTotal:         294912 kB
CmaFree:               0 kB
MemTotal:       12113144 kB
MemFree:         6340500 kB
MemAvailable:    8036860 kB
Buffers:            6952 kB
Cached:          1712124 kB
SwapCached:            0 kB
Active:          1534452 kB
Inactive:        1500528 kB
Active(anon):    1322324 kB
Inactive(anon):    22528 kB
Active(file):     212128 kB
Inactive(file):  1478000 kB
Unevictable:        5528 kB
Mlocked:            5528 kB
SwapTotal:       3145724 kB
SwapFree:        3145724 kB
Dirty:               420 kB
Writeback:             0 kB
AnonPages:       1321428 kB
Mapped:           811084 kB
Shmem:             24456 kB
KReclaimable:     874936 kB
Slab:             205916 kB
SReclaimable:      68212 kB
SUnreclaim:       137704 kB
KernelStack:       42656 kB
PageTables:        56604 kB
NFS_Unstable:          0 kB
Bounce:                0 kB
WritebackTmp:          0 kB
CommitLimit:     9202296 kB
Committed_AS:   56814168 kB
VmallocTotal:   263061440 kB
VmallocUsed:       99512 kB
VmallocChunk:          0 kB
Percpu:             7616 kB
CmaTotal:         294912 kB
CmaFree:               0 kB
MemTotal:       12113144 kB
MemFree:         6338776 kB
MemAvailable:    8035136 kB
Buffers:            6952 kB
Cached:          1712124 kB
SwapCached:            0 kB
Active:          1534880 kB
Inactive:        1500528 kB
Active(anon):    1322752 kB
Inactive(anon):    22528 kB
Active(file):     212128 kB
Inactive(file):  1478000 kB
Unevictable:        5528 kB
Mlocked:            5528 kB
SwapTotal:       3145724 kB
SwapFree:        3145724 kB
Dirty:               420 kB
Writeback:             0 kB
AnonPages:       1321872 kB
Mapped:           810824 kB
Shmem:             24456 kB
KReclaimable:     874936 kB
Slab:             206068 kB
SReclaimable:      68212 kB
SUnreclaim:       137856 kB
KernelStack:       42656 kB
PageTables:        56596 kB
NFS_Unstable:          0 kB
Bounce:                0 kB
WritebackTmp:          0 kB
CommitLimit:     9202296 kB
Committed_AS:   56813496 kB
VmallocTotal:   263061440 kB
VmallocUsed:       99512 kB
VmallocChunk:          0 kB
Percpu:             7616 kB
CmaTotal:         294912 kB
CmaFree:               0 kB
MemTotal:       12113144 kB
MemFree:         6338444 kB
MemAvailable:    8034804 kB
Buffers:            6952 kB
Cached:          1712124 kB
SwapCached:            0 kB
Active:          1535348 kB
Inactive:        1500528 kB
Active(anon):    1323220 kB
Inactive(anon):    22528 kB
Active(file):     212128 kB
Inactive(file):  1478000 kB
Unevictable:        5528 kB
Mlocked:            5528 kB
SwapTotal:       3145724 kB
SwapFree:        3145724 kB
Dirty:               420 kB
Writeback:             0 kB
AnonPages:       1322048 kB
Mapped:           811084 kB
Shmem:             24456 kB
KReclaimable:     874936 kB
Slab:             205972 kB
SReclaimable:      68212 kB
SUnreclaim:       137760 kB
KernelStack:       42656 kB
PageTables:        56628 kB
NFS_Unstable:          0 kB
Bounce:                0 kB
WritebackTmp:          0 kB
CommitLimit:     9202296 kB
Committed_AS:   56804956 kB
VmallocTotal:   263061440 kB
VmallocUsed:       99512 kB
VmallocChunk:          0 kB
Percpu:             7616 kB
CmaTotal:         294912 kB
CmaFree:               0 kB
MemTotal:       12113144 kB
MemFree:         6338296 kB
MemAvailable:    8034656 kB
Buffers:            6952 kB
Cached:          1712124 kB
SwapCached:            0 kB
Active:          1535828 kB
Inactive:        1500528 kB
Active(anon):    1323700 kB
Inactive(anon):    22528 kB
Active(file):     212128 kB
Inactive(file):  1478000 kB
Unevictable:        5528 kB
Mlocked:            5528 kB
SwapTotal:       3145724 kB
SwapFree:        3145724 kB
Dirty:               352 kB
Writeback:             0 kB
AnonPages:       1322880 kB
Mapped:           811084 kB
Shmem:             24456 kB
KReclaimable:     874936 kB
Slab:             206052 kB
SReclaimable:      68212 kB
SUnreclaim:       137840 kB
KernelStack:       42656 kB
PageTables:        56596 kB
NFS_Unstable:          0 kB
Bounce:                0 kB
WritebackTmp:          0 kB
CommitLimit:     9202296 kB
Committed_AS:   56812664 kB
VmallocTotal:   263061440 kB
VmallocUsed:       99528 kB
VmallocChunk:          0 kB
Percpu:             7616 kB
CmaTotal:         294912 kB
CmaFree:               0 kB
MemTotal:       12113144 kB
MemFree:         6337804 kB
MemAvailable:    8034164 kB
Buffers:            6952 kB
Cached:          1712124 kB
SwapCached:            0 kB
Active:          1536164 kB
Inactive:        1500528 kB
Active(anon):    1324036 kB
Inactive(anon):    22528 kB
Active(file):     212128 kB
Inactive(file):  1478000 kB
Unevictable:        5528 kB
Mlocked:            5528 kB
SwapTotal:       3145724 kB
SwapFree:        3145724 kB
Dirty:               384 kB
Writeback:             0 kB
AnonPages:       1323268 kB
Mapped:           811084 kB
Shmem:             24456 kB
KReclaimable:     874936 kB
Slab:             205972 kB
SReclaimable:      68212 kB
SUnreclaim:       137760 kB
KernelStack:       42656 kB
PageTables:        56608 kB
NFS_Unstable:          0 kB
Bounce:                0 kB
WritebackTmp:          0 kB
CommitLimit:     9202296 kB
Committed_AS:   56808976 kB
VmallocTotal:   263061440 kB
VmallocUsed:       99544 kB
VmallocChunk:          0 kB
Percpu:             7616 kB
CmaTotal:         294912 kB
CmaFree:               0 kB
MemTotal:       12113144 kB
MemFree:         6337532 kB
MemAvailable:    8033892 kB
Buffers:            6952 kB
Cached:          1712124 kB
SwapCached:            0 kB
Active:          1536268 kB
Inactive:        1500528 kB
Active(anon):    1324140 kB
Inactive(anon):    22528 kB
Active(file):     212128 kB
Inactive(file):  1478000 kB
Unevictable:        5528 kB
Mlocked:            5528 kB
SwapTotal:       3145724 kB
SwapFree:        3145724 kB
Dirty:               384 kB
Writeback:             0 kB
AnonPages:       1323464 kB
Mapped:           810824 kB
Shmem:             24456 kB
KReclaimable:     874936 kB
Slab:             206060 kB
SReclaimable:      68212 kB
SUnreclaim:       137848 kB
KernelStack:       42656 kB
PageTables:        56592 kB
NFS_Unstable:          0 kB
Bounce:                0 kB
WritebackTmp:          0 kB
CommitLimit:     9202296 kB
Committed_AS:   56809108 kB
VmallocTotal:   263061440 kB
VmallocUsed:       99544 kB
VmallocChunk:          0 kB
Percpu:             7616 kB
CmaTotal:         294912 kB
CmaFree:               0 kB
MemTotal:       12113144 kB
MemFree:         6337596 kB
MemAvailable:    8033956 kB
Buffers:            6952 kB
Cached:          1712124 kB
SwapCached:            0 kB
Active:          1536984 kB
Inactive:        1500528 kB
Active(anon):    1324856 kB
Inactive(anon):    22528 kB
Active(file):     212128 kB
Inactive(file):  1478000 kB
Unevictable:        5528 kB
Mlocked:            5528 kB
SwapTotal:       3145724 kB
SwapFree:        3145724 kB
Dirty:               384 kB
Writeback:             0 kB
AnonPages:       1323832 kB
Mapped:           810824 kB
Shmem:             24456 kB
KReclaimable:     874936 kB
Slab:             205988 kB
SReclaimable:      68212 kB
SUnreclaim:       137776 kB
KernelStack:       42656 kB
PageTables:        56596 kB
NFS_Unstable:          0 kB
Bounce:                0 kB
WritebackTmp:          0 kB
CommitLimit:     9202296 kB
Committed_AS:   56808976 kB
VmallocTotal:   263061440 kB
VmallocUsed:       99544 kB
VmallocChunk:          0 kB
Percpu:             7616 kB
CmaTotal:         294912 kB
CmaFree:               0 kB
MemTotal:       12113144 kB
MemFree:         6356260 kB
MemAvailable:    8052620 kB
Buffers:            6952 kB
Cached:          1712124 kB
SwapCached:            0 kB
Active:          1516044 kB
Inactive:        1500528 kB
Active(anon):    1303916 kB
Inactive(anon):    22528 kB
Active(file):     212128 kB
Inactive(file):  1478000 kB
Unevictable:        5528 kB
Mlocked:            5528 kB
SwapTotal:       3145724 kB
SwapFree:        3145724 kB
Dirty:               384 kB
Writeback:             0 kB
AnonPages:       1303268 kB
Mapped:           811084 kB
Shmem:             24456 kB
KReclaimable:     874936 kB
Slab:             206068 kB
SReclaimable:      68212 kB
SUnreclaim:       137856 kB
KernelStack:       42656 kB
PageTables:        56596 kB
NFS_Unstable:          0 kB
Bounce:                0 kB
WritebackTmp:          0 kB
CommitLimit:     9202296 kB
Committed_AS:   56808912 kB
VmallocTotal:   263061440 kB
VmallocUsed:       99544 kB
VmallocChunk:          0 kB
Percpu:             7616 kB
CmaTotal:         294912 kB
CmaFree:               0 kB
MemTotal:       12113144 kB
MemFree:         6358240 kB
MemAvailable:    8054600 kB
Buffers:            6952 kB
Cached:          1712124 kB
SwapCached:            0 kB
Active:          1516024 kB
Inactive:        1500532 kB
Active(anon):    1303900 kB
Inactive(anon):    22528 kB
Active(file):     212124 kB
Inactive(file):  1478004 kB
Unevictable:        5528 kB
Mlocked:            5528 kB
SwapTotal:       3145724 kB
SwapFree:        3145724 kB
Dirty:               344 kB
Writeback:             0 kB
AnonPages:       1303184 kB
Mapped:           811084 kB
Shmem:             24456 kB
KReclaimable:     874936 kB
Slab:             206004 kB
SReclaimable:      68212 kB
SUnreclaim:       137792 kB
KernelStack:       42640 kB
PageTables:        56596 kB
NFS_Unstable:          0 kB
Bounce:                0 kB
WritebackTmp:          0 kB
CommitLimit:     9202296 kB
Committed_AS:   56808624 kB
VmallocTotal:   263061440 kB
VmallocUsed:       99544 kB
VmallocChunk:          0 kB
Percpu:             7616 kB
CmaTotal:         294912 kB
CmaFree:               0 kB
MemTotal:       12113144 kB
MemFree:         6358400 kB
MemAvailable:    8054760 kB
Buffers:            6956 kB
Cached:          1712120 kB
SwapCached:            0 kB
Active:          1516352 kB
Inactive:        1500528 kB
Active(anon):    1304224 kB
Inactive(anon):    22528 kB
Active(file):     212128 kB
Inactive(file):  1478000 kB
Unevictable:        5528 kB
Mlocked:            5528 kB
SwapTotal:       3145724 kB
SwapFree:        3145724 kB
Dirty:               328 kB
Writeback:             0 kB
AnonPages:       1303468 kB
Mapped:           811084 kB
Shmem:             24456 kB
KReclaimable:     874936 kB
Slab:             206068 kB
SReclaimable:      68212 kB
SUnreclaim:       137856 kB
KernelStack:       42640 kB
PageTables:        56596 kB
NFS_Unstable:          0 kB
Bounce:                0 kB
WritebackTmp:          0 kB
CommitLimit:     9202296 kB
Committed_AS:   56808536 kB
VmallocTotal:   263061440 kB
VmallocUsed:       99560 kB
VmallocChunk:          0 kB
Percpu:             7616 kB
CmaTotal:         294912 kB
CmaFree:               0 kB
MemTotal:       12113144 kB
MemFree:         6356588 kB
MemAvailable:    8052960 kB
Buffers:            6956 kB
Cached:          1712132 kB
SwapCached:            0 kB
Active:          1516504 kB
Inactive:        1500536 kB
Active(anon):    1304372 kB
Inactive(anon):    22528 kB
Active(file):     212132 kB
Inactive(file):  1478008 kB
Unevictable:        5528 kB
Mlocked:            5528 kB
SwapTotal:       3145724 kB
SwapFree:        3145724 kB
Dirty:               336 kB
Writeback:             0 kB
AnonPages:       1303624 kB
Mapped:           811084 kB
Shmem:             24456 kB
KReclaimable:     874936 kB
Slab:             206124 kB
SReclaimable:      68212 kB
SUnreclaim:       137912 kB
KernelStack:       42640 kB
PageTables:        56596 kB
NFS_Unstable:          0 kB
Bounce:                0 kB
WritebackTmp:          0 kB
CommitLimit:     9202296 kB
Committed_AS:   56808704 kB
VmallocTotal:   263061440 kB
VmallocUsed:       99592 kB
VmallocChunk:          0 kB
Percpu:             7616 kB
CmaTotal:         294912 kB
CmaFree:               0 kB
MemTotal:       12113144 kB
MemFree:         6356788 kB
MemAvailable:    8053160 kB
Buffers:            6956 kB
Cached:          1712132 kB
SwapCached:            0 kB
Active:          1517072 kB
Inactive:        1500536 kB
Active(anon):    1304940 kB
Inactive(anon):    22528 kB
Active(file):     212132 kB
Inactive(file):  1478008 kB
Unevictable:        5528 kB
Mlocked:            5528 kB
SwapTotal:       3145724 kB
SwapFree:        3145724 kB
Dirty:               336 kB
Writeback:             0 kB
AnonPages:       1304140 kB
Mapped:           811084 kB
Shmem:             24456 kB
KReclaimable:     874936 kB
Slab:             206044 kB
SReclaimable:      68212 kB
SUnreclaim:       137832 kB
KernelStack:       42640 kB
PageTables:        56596 kB
NFS_Unstable:          0 kB
Bounce:                0 kB
WritebackTmp:          0 kB
CommitLimit:     9202296 kB
Committed_AS:   56808836 kB
VmallocTotal:   263061440 kB
VmallocUsed:       99592 kB
VmallocChunk:          0 kB
Percpu:             7616 kB
CmaTotal:         294912 kB
CmaFree:               0 kB
MemTotal:       12113144 kB
MemFree:         6356472 kB
MemAvailable:    8052844 kB
Buffers:            6956 kB
Cached:          1712132 kB
SwapCached:            0 kB
Active:          1517748 kB
Inactive:        1500536 kB
Active(anon):    1305616 kB
Inactive(anon):    22528 kB
Active(file):     212132 kB
Inactive(file):  1478008 kB
Unevictable:        5528 kB
Mlocked:            5528 kB
SwapTotal:       3145724 kB
SwapFree:        3145724 kB
Dirty:               336 kB
Writeback:             0 kB
AnonPages:       1304512 kB
Mapped:           811084 kB
Shmem:             24456 kB
KReclaimable:     874936 kB
Slab:             205956 kB
SReclaimable:      68212 kB
SUnreclaim:       137744 kB
KernelStack:       42640 kB
PageTables:        56596 kB
NFS_Unstable:          0 kB
Bounce:                0 kB
WritebackTmp:          0 kB
CommitLimit:     9202296 kB
Committed_AS:   56808572 kB
VmallocTotal:   263061440 kB
VmallocUsed:       99576 kB
VmallocChunk:          0 kB
Percpu:             7616 kB
CmaTotal:         294912 kB
CmaFree:               0 kB
MemTotal:       12113144 kB
MemFree:         6356432 kB
MemAvailable:    8052804 kB
Buffers:            6956 kB
Cached:          1712132 kB
SwapCached:            0 kB
Active:          1517312 kB
Inactive:        1500536 kB
Active(anon):    1305180 kB
Inactive(anon):    22528 kB
Active(file):     212132 kB
Inactive(file):  1478008 kB
Unevictable:        5528 kB
Mlocked:            5528 kB
SwapTotal:       3145724 kB
SwapFree:        3145724 kB
Dirty:               336 kB
Writeback:             0 kB
AnonPages:       1304376 kB
Mapped:           811084 kB
Shmem:             24456 kB
KReclaimable:     874936 kB
Slab:             206036 kB
SReclaimable:      68212 kB
SUnreclaim:       137824 kB
KernelStack:       42640 kB
PageTables:        56600 kB
NFS_Unstable:          0 kB
Bounce:                0 kB
WritebackTmp:          0 kB
CommitLimit:     9202296 kB
Committed_AS:   56808388 kB
VmallocTotal:   263061440 kB
VmallocUsed:       99576 kB
VmallocChunk:          0 kB
Percpu:             7616 kB
CmaTotal:         294912 kB
CmaFree:               0 kB
MemTotal:       12113144 kB
MemFree:         6355132 kB
MemAvailable:    8051504 kB
Buffers:            6956 kB
Cached:          1712132 kB
SwapCached:            0 kB
Active:          1517944 kB
Inactive:        1500536 kB
Active(anon):    1305812 kB
Inactive(anon):    22528 kB
Active(file):     212132 kB
Inactive(file):  1478008 kB
Unevictable:        5528 kB
Mlocked:            5528 kB
SwapTotal:       3145724 kB
SwapFree:        3145724 kB
Dirty:               336 kB
Writeback:             0 kB
AnonPages:       1304688 kB
Mapped:           811084 kB
Shmem:             24456 kB
KReclaimable:     874936 kB
Slab:             206116 kB
SReclaimable:      68212 kB
SUnreclaim:       137904 kB
KernelStack:       42640 kB
PageTables:        56596 kB
NFS_Unstable:          0 kB
Bounce:                0 kB
WritebackTmp:          0 kB
CommitLimit:     9202296 kB
Committed_AS:   56808080 kB
VmallocTotal:   263061440 kB
VmallocUsed:       99560 kB
VmallocChunk:          0 kB
Percpu:             7616 kB
CmaTotal:         294912 kB
CmaFree:               0 kB
MemTotal:       12113144 kB
MemFree:         6356020 kB
MemAvailable:    8052396 kB
Buffers:            6956 kB
Cached:          1712136 kB
SwapCached:            0 kB
Active:          1518176 kB
Inactive:        1500540 kB
Active(anon):    1306044 kB
Inactive(anon):    22528 kB
Active(file):     212132 kB
Inactive(file):  1478012 kB
Unevictable:        5528 kB
Mlocked:            5528 kB
SwapTotal:       3145724 kB
SwapFree:        3145724 kB
Dirty:               356 kB
Writeback:             0 kB
AnonPages:       1305384 kB
Mapped:           811084 kB
Shmem:             24456 kB
KReclaimable:     874936 kB
Slab:             206068 kB
SReclaimable:      68212 kB
SUnreclaim:       137856 kB
KernelStack:       42640 kB
PageTables:        56600 kB
NFS_Unstable:          0 kB
Bounce:                0 kB
WritebackTmp:          0 kB
CommitLimit:     9202296 kB
Committed_AS:   56808892 kB
VmallocTotal:   263061440 kB
VmallocUsed:       99528 kB
VmallocChunk:          0 kB
Percpu:             7616 kB
CmaTotal:         294912 kB
CmaFree:               0 kB
MemTotal:       12113144 kB
MemFree:         6355980 kB
MemAvailable:    8052352 kB
Buffers:            6956 kB
Cached:          1712132 kB
SwapCached:            0 kB
Active:          1518680 kB
Inactive:        1500536 kB
Active(anon):    1306548 kB
Inactive(anon):    22528 kB
Active(file):     212132 kB
Inactive(file):  1478008 kB
Unevictable:        5528 kB
Mlocked:            5528 kB
SwapTotal:       3145724 kB
SwapFree:        3145724 kB
Dirty:               348 kB
Writeback:             0 kB
AnonPages:       1305796 kB
Mapped:           811084 kB
Shmem:             24456 kB
KReclaimable:     874936 kB
Slab:             205924 kB
SReclaimable:      68212 kB
SUnreclaim:       137712 kB
KernelStack:       42640 kB
PageTables:        56608 kB
NFS_Unstable:          0 kB
Bounce:                0 kB
WritebackTmp:          0 kB
CommitLimit:     9202296 kB
Committed_AS:   56808672 kB
VmallocTotal:   263061440 kB
VmallocUsed:       99496 kB
VmallocChunk:          0 kB
Percpu:             7616 kB
CmaTotal:         294912 kB
CmaFree:               0 kB
MemTotal:       12113144 kB
MemFree:         6355596 kB
MemAvailable:    8051968 kB
Buffers:            6956 kB
Cached:          1712132 kB
SwapCached:            0 kB
Active:          1518776 kB
Inactive:        1500536 kB
Active(anon):    1306644 kB
Inactive(anon):    22528 kB
Active(file):     212132 kB
Inactive(file):  1478008 kB
Unevictable:        5528 kB
Mlocked:            5528 kB
SwapTotal:       3145724 kB
SwapFree:        3145724 kB
Dirty:               348 kB
Writeback:             0 kB
AnonPages:       1305804 kB
Mapped:           811084 kB
Shmem:             24456 kB
KReclaimable:     874936 kB
Slab:             206124 kB
SReclaimable:      68212 kB
SUnreclaim:       137912 kB
KernelStack:       42640 kB
PageTables:        56600 kB
NFS_Unstable:          0 kB
Bounce:                0 kB
WritebackTmp:          0 kB
CommitLimit:     9202296 kB
Committed_AS:   56808284 kB
VmallocTotal:   263061440 kB
VmallocUsed:       99512 kB
VmallocChunk:          0 kB
Percpu:             7616 kB
CmaTotal:         294912 kB
CmaFree:               0 kB
MemTotal:       12113144 kB
MemFree:         6354896 kB
MemAvailable:    8051268 kB
Buffers:            6956 kB
Cached:          1712132 kB
SwapCached:            0 kB
Active:          1519112 kB
Inactive:        1500536 kB
Active(anon):    1306980 kB
Inactive(anon):    22528 kB
Active(file):     212132 kB
Inactive(file):  1478008 kB
Unevictable:        5528 kB
Mlocked:            5528 kB
SwapTotal:       3145724 kB
SwapFree:        3145724 kB
Dirty:               336 kB
Writeback:             0 kB
AnonPages:       1306320 kB
Mapped:           810824 kB
Shmem:             24456 kB
KReclaimable:     874936 kB
Slab:             206044 kB
SReclaimable:      68212 kB
SUnreclaim:       137832 kB
KernelStack:       42640 kB
PageTables:        56608 kB
NFS_Unstable:          0 kB
Bounce:                0 kB
WritebackTmp:          0 kB
CommitLimit:     9202296 kB
Committed_AS:   56808204 kB
VmallocTotal:   263061440 kB
VmallocUsed:       99544 kB
VmallocChunk:          0 kB
Percpu:             7616 kB
CmaTotal:         294912 kB
CmaFree:               0 kB
MemTotal:       12113144 kB
MemFree:         6363824 kB
MemAvailable:    8060200 kB
Buffers:            6956 kB
Cached:          1712136 kB
SwapCached:            0 kB
Active:          1510372 kB
Inactive:        1500540 kB
Active(anon):    1298240 kB
Inactive(anon):    22528 kB
Active(file):     212132 kB
Inactive(file):  1478012 kB
Unevictable:        5528 kB
Mlocked:            5528 kB
SwapTotal:       3145724 kB
SwapFree:        3145724 kB
Dirty:               352 kB
Writeback:             0 kB
AnonPages:       1297384 kB
Mapped:           810824 kB
Shmem:             24456 kB
KReclaimable:     874936 kB
Slab:             205940 kB
SReclaimable:      68212 kB
SUnreclaim:       137728 kB
KernelStack:       42640 kB
PageTables:        56596 kB
NFS_Unstable:          0 kB
Bounce:                0 kB
WritebackTmp:          0 kB
CommitLimit:     9202296 kB
Committed_AS:   56808116 kB
VmallocTotal:   263061440 kB
VmallocUsed:       99544 kB
VmallocChunk:          0 kB
Percpu:             7616 kB
CmaTotal:         294912 kB
CmaFree:               0 kB
MemTotal:       12113144 kB
MemFree:         6362968 kB
MemAvailable:    8059344 kB
Buffers:            6956 kB
Cached:          1712136 kB
SwapCached:            0 kB
Active:          1510704 kB
Inactive:        1500540 kB
Active(anon):    1298572 kB
Inactive(anon):    22528 kB
Active(file):     212132 kB
Inactive(file):  1478012 kB
Unevictable:        5528 kB
Mlocked:            5528 kB
SwapTotal:       3145724 kB
SwapFree:        3145724 kB
Dirty:               352 kB
Writeback:             0 kB
AnonPages:       1297936 kB
Mapped:           811084 kB
Shmem:             24456 kB
KReclaimable:     874936 kB
Slab:             206052 kB
SReclaimable:      68212 kB
SUnreclaim:       137840 kB
KernelStack:       42640 kB
PageTables:        56600 kB
NFS_Unstable:          0 kB
Bounce:                0 kB
WritebackTmp:          0 kB
CommitLimit:     9202296 kB
Committed_AS:   56808000 kB
VmallocTotal:   263061440 kB
VmallocUsed:       99528 kB
VmallocChunk:          0 kB
Percpu:             7616 kB
CmaTotal:         294912 kB
CmaFree:               0 kB
MemTotal:       12113144 kB
MemFree:         6362744 kB
MemAvailable:    8059120 kB
Buffers:            6956 kB
Cached:          1712136 kB
SwapCached:            0 kB
Active:          1511288 kB
Inactive:        1500540 kB
Active(anon):    1299156 kB
Inactive(anon):    22528 kB
Active(file):     212132 kB
Inactive(file):  1478012 kB
Unevictable:        5528 kB
Mlocked:            5528 kB
SwapTotal:       3145724 kB
SwapFree:        3145724 kB
Dirty:               352 kB
Writeback:             0 kB
AnonPages:       1298272 kB
Mapped:           811084 kB
Shmem:             24456 kB
KReclaimable:     874936 kB
Slab:             205948 kB
SReclaimable:      68212 kB
SUnreclaim:       137736 kB
KernelStack:       42640 kB
PageTables:        56600 kB
NFS_Unstable:          0 kB
Bounce:                0 kB
WritebackTmp:          0 kB
CommitLimit:     9202296 kB
Committed_AS:   56808176 kB
VmallocTotal:   263061440 kB
VmallocUsed:       99528 kB
VmallocChunk:          0 kB
Percpu:             7616 kB
CmaTotal:         294912 kB
CmaFree:               0 kB
MemTotal:       12113144 kB
MemFree:         6362700 kB
MemAvailable:    8059076 kB
Buffers:            6956 kB
Cached:          1712136 kB
SwapCached:            0 kB
Active:          1511632 kB
Inactive:        1500540 kB
Active(anon):    1299500 kB
Inactive(anon):    22528 kB
Active(file):     212132 kB
Inactive(file):  1478012 kB
Unevictable:        5528 kB
Mlocked:            5528 kB
SwapTotal:       3145724 kB
SwapFree:        3145724 kB
Dirty:               352 kB
Writeback:             0 kB
AnonPages:       1298964 kB
Mapped:           810824 kB
Shmem:             24456 kB
KReclaimable:     874936 kB
Slab:             206084 kB
SReclaimable:      68212 kB
SUnreclaim:       137872 kB
KernelStack:       42640 kB
PageTables:        56600 kB
NFS_Unstable:          0 kB
Bounce:                0 kB
WritebackTmp:          0 kB
CommitLimit:     9202296 kB
Committed_AS:   56803028 kB
VmallocTotal:   263061440 kB
VmallocUsed:       99528 kB
VmallocChunk:          0 kB
Percpu:             7616 kB
CmaTotal:         294912 kB
CmaFree:               0 kB
MemTotal:       12113144 kB
MemFree:         6362896 kB
MemAvailable:    8059292 kB
Buffers:            6956 kB
Cached:          1712204 kB
SwapCached:            0 kB
Active:          1513132 kB
Inactive:        1500612 kB
Active(anon):    1301004 kB
Inactive(anon):    22576 kB
Active(file):     212128 kB
Inactive(file):  1478036 kB
Unevictable:        5528 kB
Mlocked:            5528 kB
SwapTotal:       3145724 kB
SwapFree:        3145724 kB
Dirty:               380 kB
Writeback:             0 kB
AnonPages:       1299928 kB
Mapped:           811132 kB
Shmem:             24504 kB
KReclaimable:     874936 kB
Slab:             205988 kB
SReclaimable:      68212 kB
SUnreclaim:       137776 kB
KernelStack:       42640 kB
PageTables:        56604 kB
NFS_Unstable:          0 kB
Bounce:                0 kB
WritebackTmp:          0 kB
CommitLimit:     9202296 kB
Committed_AS:   56802676 kB
VmallocTotal:   263061440 kB
VmallocUsed:       99528 kB
VmallocChunk:          0 kB
Percpu:             7616 kB
CmaTotal:         294912 kB
CmaFree:               0 kB
MemTotal:       12113144 kB
MemFree:         6361592 kB
MemAvailable:    8057996 kB
Buffers:            6956 kB
Cached:          1712212 kB
SwapCached:            0 kB
Active:          1513096 kB
Inactive:        1500616 kB
Active(anon):    1300964 kB
Inactive(anon):    22576 kB
Active(file):     212132 kB
Inactive(file):  1478040 kB
Unevictable:        5528 kB
Mlocked:            5528 kB
SwapTotal:       3145724 kB
SwapFree:        3145724 kB
Dirty:               376 kB
Writeback:             0 kB
AnonPages:       1300128 kB
Mapped:           811132 kB
Shmem:             24504 kB
KReclaimable:     874936 kB
Slab:             206084 kB
SReclaimable:      68212 kB
SUnreclaim:       137872 kB
KernelStack:       42640 kB
PageTables:        56592 kB
NFS_Unstable:          0 kB
Bounce:                0 kB
WritebackTmp:          0 kB
CommitLimit:     9202296 kB
Committed_AS:   56802980 kB
VmallocTotal:   263061440 kB
VmallocUsed:       99528 kB
VmallocChunk:          0 kB
Percpu:             7616 kB
CmaTotal:         294912 kB
CmaFree:               0 kB
MemTotal:       12113144 kB
MemFree:         6362120 kB
MemAvailable:    8058548 kB
Buffers:            6960 kB
Cached:          1712232 kB
SwapCached:            0 kB
Active:          1512088 kB
Inactive:        1500632 kB
Active(anon):    1299948 kB
Inactive(anon):    22576 kB
Active(file):     212140 kB
Inactive(file):  1478056 kB
Unevictable:        5528 kB
Mlocked:            5528 kB
SwapTotal:       3145724 kB
SwapFree:        3145724 kB
Dirty:               372 kB
Writeback:             0 kB
AnonPages:       1299220 kB
Mapped:           811132 kB
Shmem:             24504 kB
KReclaimable:     874936 kB
Slab:             206036 kB
SReclaimable:      68212 kB
SUnreclaim:       137824 kB
KernelStack:       42640 kB
PageTables:        56604 kB
NFS_Unstable:          0 kB
Bounce:                0 kB
WritebackTmp:          0 kB
CommitLimit:     9202296 kB
Committed_AS:   56802628 kB
VmallocTotal:   263061440 kB
VmallocUsed:       99560 kB
VmallocChunk:          0 kB
Percpu:             7616 kB
CmaTotal:         294912 kB
CmaFree:               0 kB
MemTotal:       12113144 kB
MemFree:         6361572 kB
MemAvailable:    8057988 kB
Buffers:            6960 kB
Cached:          1712220 kB
SwapCached:            0 kB
Active:          1512160 kB
Inactive:        1500624 kB
Active(anon):    1300024 kB
Inactive(anon):    22576 kB
Active(file):     212136 kB
Inactive(file):  1478048 kB
Unevictable:        5528 kB
Mlocked:            5528 kB
SwapTotal:       3145724 kB
SwapFree:        3145724 kB
Dirty:               372 kB
Writeback:             0 kB
AnonPages:       1299324 kB
Mapped:           811132 kB
Shmem:             24504 kB
KReclaimable:     874936 kB
Slab:             206028 kB
SReclaimable:      68212 kB
SUnreclaim:       137816 kB
KernelStack:       42640 kB
PageTables:        56604 kB
NFS_Unstable:          0 kB
Bounce:                0 kB
WritebackTmp:          0 kB
CommitLimit:     9202296 kB
Committed_AS:   56802868 kB
VmallocTotal:   263061440 kB
VmallocUsed:       99528 kB
VmallocChunk:          0 kB
Percpu:             7616 kB
CmaTotal:         294912 kB
CmaFree:               0 kB
MemTotal:       12113144 kB
MemFree:         6360956 kB
MemAvailable:    8057372 kB
Buffers:            6960 kB
Cached:          1712220 kB
SwapCached:            0 kB
Active:          1512832 kB
Inactive:        1500624 kB
Active(anon):    1300696 kB
Inactive(anon):    22576 kB
Active(file):     212136 kB
Inactive(file):  1478048 kB
Unevictable:        5528 kB
Mlocked:            5528 kB
SwapTotal:       3145724 kB
SwapFree:        3145724 kB
Dirty:               372 kB
Writeback:             0 kB
AnonPages:       1300292 kB
Mapped:           811328 kB
Shmem:             24504 kB
KReclaimable:     874936 kB
Slab:             206004 kB
SReclaimable:      68212 kB
SUnreclaim:       137792 kB
KernelStack:       42672 kB
PageTables:        56600 kB
NFS_Unstable:          0 kB
Bounce:                0 kB
WritebackTmp:          0 kB
CommitLimit:     9202296 kB
Committed_AS:   56802896 kB
VmallocTotal:   263061440 kB
VmallocUsed:       99544 kB
VmallocChunk:          0 kB
Percpu:             7616 kB
CmaTotal:         294912 kB
CmaFree:               0 kB
MemTotal:       12113144 kB
MemFree:         6360884 kB
MemAvailable:    8057300 kB
Buffers:            6960 kB
Cached:          1712220 kB
SwapCached:            0 kB
Active:          1513772 kB
Inactive:        1500588 kB
Active(anon):    1301600 kB
Inactive(anon):    22576 kB
Active(file):     212172 kB
Inactive(file):  1478012 kB
Unevictable:        5528 kB
Mlocked:            5528 kB
SwapTotal:       3145724 kB
SwapFree:        3145724 kB
Dirty:               372 kB
Writeback:             0 kB
AnonPages:       1300876 kB
Mapped:           811132 kB
Shmem:             24504 kB
KReclaimable:     874936 kB
Slab:             206036 kB
SReclaimable:      68212 kB
SUnreclaim:       137824 kB
KernelStack:       42656 kB
PageTables:        56608 kB
NFS_Unstable:          0 kB
Bounce:                0 kB
WritebackTmp:          0 kB
CommitLimit:     9202296 kB
Committed_AS:   56802780 kB
VmallocTotal:   263061440 kB
VmallocUsed:       99544 kB
VmallocChunk:          0 kB
Percpu:             7616 kB
CmaTotal:         294912 kB
CmaFree:               0 kB
MemTotal:       12113144 kB
MemFree:         6360220 kB
MemAvailable:    8056636 kB
Buffers:            6960 kB
Cached:          1712220 kB
SwapCached:            0 kB
Active:          1513952 kB
Inactive:        1500588 kB
Active(anon):    1301780 kB
Inactive(anon):    22576 kB
Active(file):     212172 kB
Inactive(file):  1478012 kB
Unevictable:        5528 kB
Mlocked:            5528 kB
SwapTotal:       3145724 kB
SwapFree:        3145724 kB
Dirty:               376 kB
Writeback:             0 kB
AnonPages:       1300532 kB
Mapped:           810872 kB
Shmem:             24504 kB
KReclaimable:     874936 kB
Slab:             206012 kB
SReclaimable:      68212 kB
SUnreclaim:       137800 kB
KernelStack:       42640 kB
PageTables:        56608 kB
NFS_Unstable:          0 kB
Bounce:                0 kB
WritebackTmp:          0 kB
CommitLimit:     9202296 kB
Committed_AS:   56802920 kB
VmallocTotal:   263061440 kB
VmallocUsed:       99496 kB
VmallocChunk:          0 kB
Percpu:             7616 kB
CmaTotal:         294912 kB
CmaFree:               0 kB
MemTotal:       12113144 kB
MemFree:         6360128 kB
MemAvailable:    8056544 kB
Buffers:            6960 kB
Cached:          1712220 kB
SwapCached:            0 kB
Active:          1514376 kB
Inactive:        1500588 kB
Active(anon):    1302204 kB
Inactive(anon):    22576 kB
Active(file):     212172 kB
Inactive(file):  1478012 kB
Unevictable:        5528 kB
Mlocked:            5528 kB
SwapTotal:       3145724 kB
SwapFree:        3145724 kB
Dirty:               376 kB
Writeback:             0 kB
AnonPages:       1301404 kB
Mapped:           810872 kB
Shmem:             24504 kB
KReclaimable:     874936 kB
Slab:             206052 kB
SReclaimable:      68212 kB
SUnreclaim:       137840 kB
KernelStack:       42640 kB
PageTables:        56612 kB
NFS_Unstable:          0 kB
Bounce:                0 kB
WritebackTmp:          0 kB
CommitLimit:     9202296 kB
Committed_AS:   56802832 kB
VmallocTotal:   263061440 kB
VmallocUsed:       99496 kB
VmallocChunk:          0 kB
Percpu:             7616 kB
CmaTotal:         294912 kB
CmaFree:               0 kB
MemTotal:       12113144 kB
MemFree:         6358860 kB
MemAvailable:    8055276 kB
Buffers:            6960 kB
Cached:          1712220 kB
SwapCached:            0 kB
Active:          1514604 kB
Inactive:        1500588 kB
Active(anon):    1302432 kB
Inactive(anon):    22576 kB
Active(file):     212172 kB
Inactive(file):  1478012 kB
Unevictable:        5528 kB
Mlocked:            5528 kB
SwapTotal:       3145724 kB
SwapFree:        3145724 kB
Dirty:               384 kB
Writeback:             0 kB
AnonPages:       1301560 kB
Mapped:           810872 kB
Shmem:             24504 kB
KReclaimable:     874936 kB
Slab:             206036 kB
SReclaimable:      68212 kB
SUnreclaim:       137824 kB
KernelStack:       42640 kB
PageTables:        56604 kB
NFS_Unstable:          0 kB
Bounce:                0 kB
WritebackTmp:          0 kB
CommitLimit:     9202296 kB
Committed_AS:   56808164 kB
VmallocTotal:   263061440 kB
VmallocUsed:       99512 kB
VmallocChunk:          0 kB
Percpu:             7616 kB
CmaTotal:         294912 kB
CmaFree:               0 kB
MemTotal:       12113144 kB
MemFree:         6357784 kB
MemAvailable:    8054200 kB
Buffers:            6960 kB
Cached:          1712220 kB
SwapCached:            0 kB
Active:          1515844 kB
Inactive:        1500588 kB
Active(anon):    1303672 kB
Inactive(anon):    22576 kB
Active(file):     212172 kB
Inactive(file):  1478012 kB
Unevictable:        5528 kB
Mlocked:            5528 kB
SwapTotal:       3145724 kB
SwapFree:        3145724 kB
Dirty:               384 kB
Writeback:             0 kB
AnonPages:       1302500 kB
Mapped:           811132 kB
Shmem:             24504 kB
KReclaimable:     874936 kB
Slab:             205996 kB
SReclaimable:      68212 kB
SUnreclaim:       137784 kB
KernelStack:       42640 kB
PageTables:        56604 kB
NFS_Unstable:          0 kB
Bounce:                0 kB
WritebackTmp:          0 kB
CommitLimit:     9202296 kB
Committed_AS:   56808076 kB
VmallocTotal:   263061440 kB
VmallocUsed:       99512 kB
VmallocChunk:          0 kB
Percpu:             7616 kB
CmaTotal:         294912 kB
CmaFree:               0 kB
MemTotal:       12113144 kB
MemFree:         6359512 kB
MemAvailable:    8055928 kB
Buffers:            6960 kB
Cached:          1712220 kB
SwapCached:            0 kB
Active:          1515028 kB
Inactive:        1500588 kB
Active(anon):    1302856 kB
Inactive(anon):    22576 kB
Active(file):     212172 kB
Inactive(file):  1478012 kB
Unevictable:        5528 kB
Mlocked:            5528 kB
SwapTotal:       3145724 kB
SwapFree:        3145724 kB
Dirty:               440 kB
Writeback:             0 kB
AnonPages:       1302304 kB
Mapped:           810872 kB
Shmem:             24504 kB
KReclaimable:     874936 kB
Slab:             206052 kB
SReclaimable:      68212 kB
SUnreclaim:       137840 kB
KernelStack:       42640 kB
PageTables:        56600 kB
NFS_Unstable:          0 kB
Bounce:                0 kB
WritebackTmp:          0 kB
CommitLimit:     9202296 kB
Committed_AS:   56807688 kB
VmallocTotal:   263061440 kB
VmallocUsed:       99512 kB
VmallocChunk:          0 kB
Percpu:             7616 kB
CmaTotal:         294912 kB
CmaFree:               0 kB
MemTotal:       12113144 kB
MemFree:         6341164 kB
MemAvailable:    8037700 kB
Buffers:            6960 kB
Cached:          1712248 kB
SwapCached:            0 kB
Active:          1533424 kB
Inactive:        1500580 kB
Active(anon):    1321216 kB
Inactive(anon):    22576 kB
Active(file):     212208 kB
Inactive(file):  1478004 kB
Unevictable:        5528 kB
Mlocked:            5528 kB
SwapTotal:       3145724 kB
SwapFree:        3145724 kB
Dirty:               128 kB
Writeback:             0 kB
AnonPages:       1320564 kB
Mapped:           810872 kB
Shmem:             24504 kB
KReclaimable:     875028 kB
Slab:             206096 kB
SReclaimable:      68304 kB
SUnreclaim:       137792 kB
KernelStack:       42640 kB
PageTables:        56600 kB
NFS_Unstable:          0 kB
Bounce:                0 kB
WritebackTmp:          0 kB
CommitLimit:     9202296 kB
Committed_AS:   56814332 kB
VmallocTotal:   263061440 kB
VmallocUsed:       99528 kB
VmallocChunk:          0 kB
Percpu:             7616 kB
CmaTotal:         294912 kB
CmaFree:               0 kB
MemTotal:       12113144 kB
MemFree:         6340176 kB
MemAvailable:    8036716 kB
Buffers:            6960 kB
Cached:          1712252 kB
SwapCached:            0 kB
Active:          1534244 kB
Inactive:        1500584 kB
Active(anon):    1322036 kB
Inactive(anon):    22576 kB
Active(file):     212208 kB
Inactive(file):  1478008 kB
Unevictable:        5528 kB
Mlocked:            5528 kB
SwapTotal:       3145724 kB
SwapFree:        3145724 kB
Dirty:               144 kB
Writeback:             0 kB
AnonPages:       1321360 kB
Mapped:           810936 kB
Shmem:             24504 kB
KReclaimable:     875028 kB
Slab:             206120 kB
SReclaimable:      68304 kB
SUnreclaim:       137816 kB
KernelStack:       42672 kB
PageTables:        56616 kB
NFS_Unstable:          0 kB
Bounce:                0 kB
WritebackTmp:          0 kB
CommitLimit:     9202296 kB
Committed_AS:   56814472 kB
VmallocTotal:   263061440 kB
VmallocUsed:       99544 kB
VmallocChunk:          0 kB
Percpu:             7616 kB
CmaTotal:         294912 kB
CmaFree:               0 kB
MemTotal:       12113144 kB
MemFree:         6340868 kB
MemAvailable:    8037412 kB
Buffers:            6960 kB
Cached:          1712256 kB
SwapCached:            0 kB
Active:          1534728 kB
Inactive:        1500588 kB
Active(anon):    1322520 kB
Inactive(anon):    22576 kB
Active(file):     212208 kB
Inactive(file):  1478012 kB
Unevictable:        5528 kB
Mlocked:            5528 kB
SwapTotal:       3145724 kB
SwapFree:        3145724 kB
Dirty:               152 kB
Writeback:             0 kB
AnonPages:       1321840 kB
Mapped:           811132 kB
Shmem:             24504 kB
KReclaimable:     875028 kB
Slab:             206120 kB
SReclaimable:      68304 kB
SUnreclaim:       137816 kB
KernelStack:       42656 kB
PageTables:        56612 kB
NFS_Unstable:          0 kB
Bounce:                0 kB
WritebackTmp:          0 kB
CommitLimit:     9202296 kB
Committed_AS:   56814120 kB
VmallocTotal:   263061440 kB
VmallocUsed:       99528 kB
