MemTotal:       12113144 kB
MemFree:         6522964 kB
MemAvailable:    8114200 kB
Buffers:            5600 kB
Cached:          1652164 kB
SwapCached:            0 kB
Active:          1412772 kB
Inactive:        1449768 kB
Active(anon):    1211432 kB
Inactive(anon):    20088 kB
Active(file):     201340 kB
Inactive(file):  1429680 kB
Unevictable:        5560 kB
Mlocked:            5560 kB
SwapTotal:       3145724 kB
SwapFree:        3145724 kB
Dirty:               200 kB
Writeback:             0 kB
AnonPages:       1210604 kB
Mapped:           819500 kB
Shmem:             22224 kB
KReclaimable:     828920 kB
Slab:             206000 kB
SReclaimable:      67628 kB
SUnreclaim:       138372 kB
KernelStack:       43424 kB
PageTables:        59932 kB
NFS_Unstable:          0 kB
Bounce:                0 kB
WritebackTmp:          0 kB
CommitLimit:     9202296 kB
Committed_AS:   63053292 kB
VmallocTotal:   263061440 kB
VmallocUsed:      100320 kB
VmallocChunk:          0 kB
Percpu:             7616 kB
CmaTotal:         294912 kB
CmaFree:               0 kB
MemTotal:       12113144 kB
MemFree:         6521300 kB
MemAvailable:    8112548 kB
Buffers:            5604 kB
Cached:          1652172 kB
SwapCached:            0 kB
Active:          1413892 kB
Inactive:        1449776 kB
Active(anon):    1212548 kB
Inactive(anon):    20088 kB
Active(file):     201344 kB
Inactive(file):  1429688 kB
Unevictable:        5560 kB
Mlocked:            5560 kB
SwapTotal:       3145724 kB
SwapFree:        3145724 kB
Dirty:               220 kB
Writeback:             0 kB
AnonPages:       1211280 kB
Mapped:           817760 kB
Shmem:             22224 kB
KReclaimable:     828920 kB
Slab:             206032 kB
SReclaimable:      67628 kB
SUnreclaim:       138404 kB
KernelStack:       43440 kB
PageTables:        59872 kB
NFS_Unstable:          0 kB
Bounce:                0 kB
WritebackTmp:          0 kB
CommitLimit:     9202296 kB
Committed_AS:   63058896 kB
VmallocTotal:   263061440 kB
VmallocUsed:      100320 kB
VmallocChunk:          0 kB
Percpu:             7616 kB
CmaTotal:         294912 kB
CmaFree:               0 kB
MemTotal:       12113144 kB
MemFree:         6521000 kB
MemAvailable:    8112252 kB
Buffers:            5604 kB
Cached:          1652180 kB
SwapCached:            0 kB
Active:          1414020 kB
Inactive:        1449784 kB
Active(anon):    1212676 kB
Inactive(anon):    20092 kB
Active(file):     201344 kB
Inactive(file):  1429692 kB
Unevictable:        5560 kB
Mlocked:            5560 kB
SwapTotal:       3145724 kB
SwapFree:        3145724 kB
Dirty:               220 kB
Writeback:             0 kB
AnonPages:       1211528 kB
Mapped:           817468 kB
Shmem:             22228 kB
KReclaimable:     828920 kB
Slab:             206012 kB
SReclaimable:      67628 kB
SUnreclaim:       138384 kB
KernelStack:       43424 kB
PageTables:        59828 kB
NFS_Unstable:          0 kB
Bounce:                0 kB
WritebackTmp:          0 kB
CommitLimit:     9202296 kB
Committed_AS:   63058552 kB
VmallocTotal:   263061440 kB
VmallocUsed:      100304 kB
VmallocChunk:          0 kB
Percpu:             7616 kB
CmaTotal:         294912 kB
CmaFree:               0 kB
MemTotal:       12113144 kB
MemFree:         6520360 kB
MemAvailable:    8111612 kB
Buffers:            5604 kB
Cached:          1652180 kB
SwapCached:            0 kB
Active:          1414708 kB
Inactive:        1449784 kB
Active(anon):    1213364 kB
Inactive(anon):    20092 kB
Active(file):     201344 kB
Inactive(file):  1429692 kB
Unevictable:        5560 kB
Mlocked:            5560 kB
SwapTotal:       3145724 kB
SwapFree:        3145724 kB
Dirty:               232 kB
Writeback:             0 kB
AnonPages:       1212276 kB
Mapped:           817740 kB
Shmem:             22228 kB
KReclaimable:     828920 kB
Slab:             206004 kB
SReclaimable:      67628 kB
SUnreclaim:       138376 kB
KernelStack:       43424 kB
PageTables:        59844 kB
NFS_Unstable:          0 kB
Bounce:                0 kB
WritebackTmp:          0 kB
CommitLimit:     9202296 kB
Committed_AS:   63058288 kB
VmallocTotal:   263061440 kB
VmallocUsed:      100288 kB
VmallocChunk:          0 kB
Percpu:             7616 kB
CmaTotal:         294912 kB
CmaFree:               0 kB
MemTotal:       12113144 kB
MemFree:         6520056 kB
MemAvailable:    8111308 kB
Buffers:            5604 kB
Cached:          1652180 kB
SwapCached:            0 kB
Active:          1415084 kB
Inactive:        1449784 kB
Active(anon):    1213740 kB
Inactive(anon):    20092 kB
Active(file):     201344 kB
Inactive(file):  1429692 kB
Unevictable:        5560 kB
Mlocked:            5560 kB
SwapTotal:       3145724 kB
SwapFree:        3145724 kB
Dirty:               236 kB
Writeback:             0 kB
AnonPages:       1212212 kB
Mapped:           817656 kB
Shmem:             22228 kB
KReclaimable:     828920 kB
Slab:             206020 kB
SReclaimable:      67628 kB
SUnreclaim:       138392 kB
KernelStack:       43412 kB
PageTables:        59772 kB
NFS_Unstable:          0 kB
Bounce:                0 kB
WritebackTmp:          0 kB
CommitLimit:     9202296 kB
Committed_AS:   63058316 kB
VmallocTotal:   263061440 kB
VmallocUsed:      100304 kB
VmallocChunk:          0 kB
Percpu:             7616 kB
CmaTotal:         294912 kB
CmaFree:               0 kB
MemTotal:       12113144 kB
MemFree:         6519868 kB
MemAvailable:    8111120 kB
Buffers:            5604 kB
Cached:          1652184 kB
SwapCached:            0 kB
Active:          1415480 kB
Inactive:        1449788 kB
Active(anon):    1214136 kB
Inactive(anon):    20096 kB
Active(file):     201344 kB
Inactive(file):  1429692 kB
Unevictable:        5560 kB
Mlocked:            5560 kB
SwapTotal:       3145724 kB
SwapFree:        3145724 kB
Dirty:               240 kB
Writeback:             0 kB
AnonPages:       1212932 kB
Mapped:           817628 kB
Shmem:             22232 kB
KReclaimable:     828920 kB
Slab:             205972 kB
SReclaimable:      67628 kB
SUnreclaim:       138344 kB
KernelStack:       43380 kB
PageTables:        59768 kB
NFS_Unstable:          0 kB
Bounce:                0 kB
WritebackTmp:          0 kB
CommitLimit:     9202296 kB
Committed_AS:   63058096 kB
VmallocTotal:   263061440 kB
VmallocUsed:      100304 kB
VmallocChunk:          0 kB
Percpu:             7616 kB
CmaTotal:         294912 kB
CmaFree:               0 kB
MemTotal:       12113144 kB
MemFree:         6519276 kB
MemAvailable:    8110528 kB
Buffers:            5604 kB
Cached:          1652184 kB
SwapCached:            0 kB
Active:          1416128 kB
Inactive:        1449788 kB
Active(anon):    1214784 kB
Inactive(anon):    20096 kB
Active(file):     201344 kB
Inactive(file):  1429692 kB
Unevictable:        5560 kB
Mlocked:            5560 kB
SwapTotal:       3145724 kB
SwapFree:        3145724 kB
Dirty:               240 kB
Writeback:             0 kB
AnonPages:       1213196 kB
Mapped:           817704 kB
Shmem:             22232 kB
KReclaimable:     828920 kB
Slab:             206036 kB
SReclaimable:      67628 kB
SUnreclaim:       138408 kB
KernelStack:       43408 kB
PageTables:        59824 kB
NFS_Unstable:          0 kB
Bounce:                0 kB
WritebackTmp:          0 kB
CommitLimit:     9202296 kB
Committed_AS:   63057884 kB
VmallocTotal:   263061440 kB
VmallocUsed:      100304 kB
VmallocChunk:          0 kB
Percpu:             7616 kB
CmaTotal:         294912 kB
CmaFree:               0 kB
MemTotal:       12113144 kB
MemFree:         6518804 kB
MemAvailable:    8110056 kB
Buffers:            5604 kB
Cached:          1652184 kB
SwapCached:            0 kB
Active:          1415896 kB
Inactive:        1449788 kB
Active(anon):    1214552 kB
Inactive(anon):    20096 kB
Active(file):     201344 kB
Inactive(file):  1429692 kB
Unevictable:        5560 kB
Mlocked:            5560 kB
SwapTotal:       3145724 kB
SwapFree:        3145724 kB
Dirty:               240 kB
Writeback:             0 kB
AnonPages:       1213588 kB
Mapped:           817700 kB
Shmem:             22232 kB
KReclaimable:     828920 kB
Slab:             205972 kB
SReclaimable:      67628 kB
SUnreclaim:       138344 kB
KernelStack:       43392 kB
PageTables:        59956 kB
NFS_Unstable:          0 kB
Bounce:                0 kB
WritebackTmp:          0 kB
CommitLimit:     9202296 kB
Committed_AS:   63058484 kB
VmallocTotal:   263061440 kB
VmallocUsed:      100272 kB
VmallocChunk:          0 kB
Percpu:             7616 kB
CmaTotal:         294912 kB
CmaFree:               0 kB
MemTotal:       12113144 kB
MemFree:         6518596 kB
MemAvailable:    8109848 kB
Buffers:            5604 kB
Cached:          1652184 kB
SwapCached:            0 kB
Active:          1416320 kB
Inactive:        1449788 kB
Active(anon):    1214976 kB
Inactive(anon):    20096 kB
Active(file):     201344 kB
Inactive(file):  1429692 kB
Unevictable:        5560 kB
Mlocked:            5560 kB
SwapTotal:       3145724 kB
SwapFree:        3145724 kB
Dirty:               240 kB
Writeback:             0 kB
AnonPages:       1214136 kB
Mapped:           817472 kB
Shmem:             22232 kB
KReclaimable:     828920 kB
Slab:             206016 kB
SReclaimable:      67628 kB
SUnreclaim:       138388 kB
KernelStack:       43408 kB
PageTables:        59824 kB
NFS_Unstable:          0 kB
Bounce:                0 kB
WritebackTmp:          0 kB
CommitLimit:     9202296 kB
Committed_AS:   63058256 kB
VmallocTotal:   263061440 kB
VmallocUsed:      100272 kB
VmallocChunk:          0 kB
Percpu:             7616 kB
CmaTotal:         294912 kB
CmaFree:               0 kB
MemTotal:       12113144 kB
MemFree:         6518320 kB
MemAvailable:    8109572 kB
Buffers:            5604 kB
Cached:          1652188 kB
SwapCached:            0 kB
Active:          1417060 kB
Inactive:        1449792 kB
Active(anon):    1215716 kB
Inactive(anon):    20100 kB
Active(file):     201344 kB
Inactive(file):  1429692 kB
Unevictable:        5560 kB
Mlocked:            5560 kB
SwapTotal:       3145724 kB
SwapFree:        3145724 kB
Dirty:               240 kB
Writeback:             0 kB
AnonPages:       1214388 kB
Mapped:           817740 kB
Shmem:             22236 kB
KReclaimable:     828920 kB
Slab:             205976 kB
SReclaimable:      67628 kB
SUnreclaim:       138348 kB
KernelStack:       43392 kB
PageTables:        59848 kB
NFS_Unstable:          0 kB
Bounce:                0 kB
WritebackTmp:          0 kB
CommitLimit:     9202296 kB
Committed_AS:   63058148 kB
VmallocTotal:   263061440 kB
VmallocUsed:      100288 kB
VmallocChunk:          0 kB
Percpu:             7616 kB
CmaTotal:         294912 kB
CmaFree:               0 kB
MemTotal:       12113144 kB
MemFree:         6518064 kB
MemAvailable:    8109320 kB
Buffers:            5604 kB
Cached:          1652192 kB
SwapCached:            0 kB
Active:          1417064 kB
Inactive:        1449796 kB
Active(anon):    1215720 kB
Inactive(anon):    20100 kB
Active(file):     201344 kB
Inactive(file):  1429696 kB
Unevictable:        5560 kB
Mlocked:            5560 kB
SwapTotal:       3145724 kB
SwapFree:        3145724 kB
Dirty:               248 kB
Writeback:             4 kB
AnonPages:       1214420 kB
Mapped:           817632 kB
Shmem:             22236 kB
KReclaimable:     828920 kB
Slab:             206088 kB
SReclaimable:      67628 kB
SUnreclaim:       138460 kB
KernelStack:       43360 kB
PageTables:        59828 kB
NFS_Unstable:          0 kB
Bounce:                0 kB
WritebackTmp:          0 kB
CommitLimit:     9202296 kB
Committed_AS:   63058148 kB
VmallocTotal:   263061440 kB
VmallocUsed:      100272 kB
VmallocChunk:          0 kB
Percpu:             7616 kB
CmaTotal:         294912 kB
CmaFree:               0 kB
MemTotal:       12113144 kB
MemFree:         6516820 kB
MemAvailable:    8108080 kB
Buffers:            5604 kB
Cached:          1652196 kB
SwapCached:            0 kB
Active:          1417712 kB
Inactive:        1449800 kB
Active(anon):    1216368 kB
Inactive(anon):    20100 kB
Active(file):     201344 kB
Inactive(file):  1429700 kB
Unevictable:        5560 kB
Mlocked:            5560 kB
SwapTotal:       3145724 kB
SwapFree:        3145724 kB
Dirty:               256 kB
Writeback:             0 kB
AnonPages:       1214976 kB
Mapped:           817708 kB
Shmem:             22236 kB
KReclaimable:     828920 kB
Slab:             205992 kB
SReclaimable:      67628 kB
SUnreclaim:       138364 kB
KernelStack:       43444 kB
PageTables:        59768 kB
NFS_Unstable:          0 kB
Bounce:                0 kB
WritebackTmp:          0 kB
CommitLimit:     9202296 kB
Committed_AS:   63063184 kB
VmallocTotal:   263061440 kB
VmallocUsed:      100304 kB
VmallocChunk:          0 kB
Percpu:             7616 kB
CmaTotal:         294912 kB
CmaFree:               0 kB
MemTotal:       12113144 kB
MemFree:         6517256 kB
MemAvailable:    8108516 kB
Buffers:            5604 kB
Cached:          1652196 kB
SwapCached:            0 kB
Active:          1417708 kB
Inactive:        1449800 kB
Active(anon):    1216364 kB
Inactive(anon):    20100 kB
Active(file):     201344 kB
Inactive(file):  1429700 kB
Unevictable:        5560 kB
Mlocked:            5560 kB
SwapTotal:       3145724 kB
SwapFree:        3145724 kB
Dirty:               256 kB
Writeback:             0 kB
AnonPages:       1215488 kB
Mapped:           817480 kB
Shmem:             22236 kB
KReclaimable:     828920 kB
Slab:             206008 kB
SReclaimable:      67628 kB
SUnreclaim:       138380 kB
KernelStack:       43408 kB
PageTables:        59824 kB
NFS_Unstable:          0 kB
Bounce:                0 kB
WritebackTmp:          0 kB
CommitLimit:     9202296 kB
Committed_AS:   63058448 kB
VmallocTotal:   263061440 kB
VmallocUsed:      100320 kB
VmallocChunk:          0 kB
Percpu:             7616 kB
CmaTotal:         294912 kB
CmaFree:               0 kB
MemTotal:       12113144 kB
MemFree:         6516784 kB
MemAvailable:    8108044 kB
Buffers:            5604 kB
Cached:          1652196 kB
SwapCached:            0 kB
Active:          1418048 kB
Inactive:        1449800 kB
Active(anon):    1216704 kB
Inactive(anon):    20100 kB
Active(file):     201344 kB
Inactive(file):  1429700 kB
Unevictable:        5560 kB
Mlocked:            5560 kB
SwapTotal:       3145724 kB
SwapFree:        3145724 kB
Dirty:               256 kB
Writeback:             0 kB
AnonPages:       1215708 kB
Mapped:           817608 kB
Shmem:             22236 kB
KReclaimable:     828920 kB
Slab:             206008 kB
SReclaimable:      67628 kB
SUnreclaim:       138380 kB
KernelStack:       43344 kB
PageTables:        59752 kB
NFS_Unstable:          0 kB
Bounce:                0 kB
WritebackTmp:          0 kB
CommitLimit:     9202296 kB
Committed_AS:   63063528 kB
VmallocTotal:   263061440 kB
VmallocUsed:      100304 kB
VmallocChunk:          0 kB
Percpu:             7616 kB
CmaTotal:         294912 kB
CmaFree:               0 kB
MemTotal:       12113144 kB
MemFree:         6516208 kB
MemAvailable:    8107468 kB
Buffers:            5604 kB
Cached:          1652196 kB
SwapCached:            0 kB
Active:          1418616 kB
Inactive:        1449800 kB
Active(anon):    1217272 kB
Inactive(anon):    20100 kB
Active(file):     201344 kB
Inactive(file):  1429700 kB
Unevictable:        5560 kB
Mlocked:            5560 kB
SwapTotal:       3145724 kB
SwapFree:        3145724 kB
Dirty:               256 kB
Writeback:             0 kB
AnonPages:       1216148 kB
Mapped:           817696 kB
Shmem:             22236 kB
KReclaimable:     828920 kB
Slab:             206016 kB
SReclaimable:      67628 kB
SUnreclaim:       138388 kB
KernelStack:       43360 kB
PageTables:        59820 kB
NFS_Unstable:          0 kB
Bounce:                0 kB
WritebackTmp:          0 kB
CommitLimit:     9202296 kB
Committed_AS:   63063952 kB
VmallocTotal:   263061440 kB
VmallocUsed:      100272 kB
VmallocChunk:          0 kB
Percpu:             7616 kB
CmaTotal:         294912 kB
CmaFree:               0 kB
MemTotal:       12113144 kB
MemFree:         6516192 kB
MemAvailable:    8107452 kB
Buffers:            5604 kB
Cached:          1652196 kB
SwapCached:            0 kB
Active:          1418604 kB
Inactive:        1449800 kB
Active(anon):    1217260 kB
Inactive(anon):    20100 kB
Active(file):     201344 kB
Inactive(file):  1429700 kB
Unevictable:        5560 kB
Mlocked:            5560 kB
SwapTotal:       3145724 kB
SwapFree:        3145724 kB
Dirty:               256 kB
Writeback:             0 kB
AnonPages:       1216116 kB
Mapped:           817564 kB
Shmem:             22236 kB
KReclaimable:     828920 kB
Slab:             206016 kB
SReclaimable:      67628 kB
SUnreclaim:       138388 kB
KernelStack:       43344 kB
PageTables:        59712 kB
NFS_Unstable:          0 kB
Bounce:                0 kB
WritebackTmp:          0 kB
CommitLimit:     9202296 kB
Committed_AS:   63063776 kB
VmallocTotal:   263061440 kB
VmallocUsed:      100240 kB
VmallocChunk:          0 kB
Percpu:             7616 kB
CmaTotal:         294912 kB
CmaFree:               0 kB
MemTotal:       12113144 kB
MemFree:         6516116 kB
MemAvailable:    8107388 kB
Buffers:            5608 kB
Cached:          1652204 kB
SwapCached:            0 kB
Active:          1418924 kB
Inactive:        1449808 kB
Active(anon):    1217576 kB
Inactive(anon):    20100 kB
Active(file):     201348 kB
Inactive(file):  1429708 kB
Unevictable:        5560 kB
Mlocked:            5560 kB
SwapTotal:       3145724 kB
SwapFree:        3145724 kB
Dirty:               240 kB
Writeback:             0 kB
AnonPages:       1216628 kB
Mapped:           817476 kB
Shmem:             22236 kB
KReclaimable:     828920 kB
Slab:             206016 kB
SReclaimable:      67628 kB
SUnreclaim:       138388 kB
KernelStack:       43392 kB
PageTables:        59820 kB
NFS_Unstable:          0 kB
Bounce:                0 kB
WritebackTmp:          0 kB
CommitLimit:     9202296 kB
Committed_AS:   63063484 kB
VmallocTotal:   263061440 kB
VmallocUsed:      100240 kB
VmallocChunk:          0 kB
Percpu:             7616 kB
CmaTotal:         294912 kB
CmaFree:               0 kB
MemTotal:       12113144 kB
MemFree:         6515076 kB
MemAvailable:    8106348 kB
Buffers:            5608 kB
Cached:          1652208 kB
SwapCached:            0 kB
Active:          1419316 kB
Inactive:        1449812 kB
Active(anon):    1217968 kB
Inactive(anon):    20104 kB
Active(file):     201348 kB
Inactive(file):  1429708 kB
Unevictable:        5560 kB
Mlocked:            5560 kB
SwapTotal:       3145724 kB
SwapFree:        3145724 kB
Dirty:               240 kB
Writeback:             0 kB
AnonPages:       1217084 kB
Mapped:           817500 kB
Shmem:             22240 kB
KReclaimable:     828920 kB
Slab:             206016 kB
SReclaimable:      67628 kB
SUnreclaim:       138388 kB
KernelStack:       43392 kB
PageTables:        59852 kB
NFS_Unstable:          0 kB
Bounce:                0 kB
WritebackTmp:          0 kB
CommitLimit:     9202296 kB
Committed_AS:   63063328 kB
VmallocTotal:   263061440 kB
VmallocUsed:      100272 kB
VmallocChunk:          0 kB
Percpu:             7616 kB
CmaTotal:         294912 kB
CmaFree:               0 kB
MemTotal:       12113144 kB
MemFree:         6515108 kB
MemAvailable:    8106380 kB
Buffers:            5608 kB
Cached:          1652208 kB
SwapCached:            0 kB
Active:          1419832 kB
Inactive:        1449812 kB
Active(anon):    1218484 kB
Inactive(anon):    20104 kB
Active(file):     201348 kB
Inactive(file):  1429708 kB
Unevictable:        5560 kB
Mlocked:            5560 kB
SwapTotal:       3145724 kB
SwapFree:        3145724 kB
Dirty:               240 kB
Writeback:             0 kB
AnonPages:       1217632 kB
Mapped:           817496 kB
Shmem:             22240 kB
KReclaimable:     828920 kB
Slab:             206016 kB
SReclaimable:      67628 kB
SUnreclaim:       138388 kB
KernelStack:       43392 kB
PageTables:        59828 kB
NFS_Unstable:          0 kB
Bounce:                0 kB
WritebackTmp:          0 kB
CommitLimit:     9202296 kB
Committed_AS:   63063000 kB
VmallocTotal:   263061440 kB
VmallocUsed:      100304 kB
VmallocChunk:          0 kB
Percpu:             7616 kB
CmaTotal:         294912 kB
CmaFree:               0 kB
MemTotal:       12113144 kB
MemFree:         6514600 kB
MemAvailable:    8105872 kB
Buffers:            5608 kB
Cached:          1652208 kB
SwapCached:            0 kB
Active:          1420096 kB
Inactive:        1449812 kB
Active(anon):    1218748 kB
Inactive(anon):    20104 kB
Active(file):     201348 kB
Inactive(file):  1429708 kB
Unevictable:        5560 kB
Mlocked:            5560 kB
SwapTotal:       3145724 kB
SwapFree:        3145724 kB
Dirty:               240 kB
Writeback:             0 kB
AnonPages:       1217736 kB
Mapped:           817440 kB
Shmem:             22240 kB
KReclaimable:     828920 kB
Slab:             206040 kB
SReclaimable:      67628 kB
SUnreclaim:       138412 kB
KernelStack:       43376 kB
PageTables:        59804 kB
NFS_Unstable:          0 kB
Bounce:                0 kB
WritebackTmp:          0 kB
CommitLimit:     9202296 kB
Committed_AS:   63068344 kB
VmallocTotal:   263061440 kB
VmallocUsed:      100336 kB
VmallocChunk:          0 kB
Percpu:             7616 kB
CmaTotal:         294912 kB
CmaFree:               0 kB
MemTotal:       12113144 kB
MemFree:         6515784 kB
MemAvailable:    8107056 kB
Buffers:            5608 kB
Cached:          1652208 kB
SwapCached:            0 kB
Active:          1419540 kB
Inactive:        1449812 kB
Active(anon):    1218192 kB
Inactive(anon):    20104 kB
Active(file):     201348 kB
Inactive(file):  1429708 kB
Unevictable:        5560 kB
Mlocked:            5560 kB
SwapTotal:       3145724 kB
SwapFree:        3145724 kB
Dirty:               240 kB
Writeback:             0 kB
AnonPages:       1217248 kB
Mapped:           817480 kB
Shmem:             22240 kB
KReclaimable:     828920 kB
Slab:             206032 kB
SReclaimable:      67628 kB
SUnreclaim:       138404 kB
KernelStack:       43392 kB
PageTables:        59824 kB
NFS_Unstable:          0 kB
Bounce:                0 kB
WritebackTmp:          0 kB
CommitLimit:     9202296 kB
Committed_AS:   63067948 kB
VmallocTotal:   263061440 kB
VmallocUsed:      100320 kB
VmallocChunk:          0 kB
Percpu:             7616 kB
CmaTotal:         294912 kB
CmaFree:               0 kB
MemTotal:       12113144 kB
MemFree:         6515456 kB
MemAvailable:    8106728 kB
Buffers:            5608 kB
Cached:          1652208 kB
SwapCached:            0 kB
Active:          1420032 kB
Inactive:        1449812 kB
Active(anon):    1218684 kB
Inactive(anon):    20104 kB
Active(file):     201348 kB
Inactive(file):  1429708 kB
Unevictable:        5560 kB
Mlocked:            5560 kB
SwapTotal:       3145724 kB
SwapFree:        3145724 kB
Dirty:               256 kB
Writeback:             0 kB
AnonPages:       1217836 kB
Mapped:           817700 kB
Shmem:             22240 kB
KReclaimable:     828920 kB
Slab:             206012 kB
SReclaimable:      67628 kB
SUnreclaim:       138384 kB
KernelStack:       43360 kB
PageTables:        59800 kB
NFS_Unstable:          0 kB
Bounce:                0 kB
WritebackTmp:          0 kB
CommitLimit:     9202296 kB
Committed_AS:   63067604 kB
VmallocTotal:   263061440 kB
VmallocUsed:      100368 kB
VmallocChunk:          0 kB
Percpu:             7616 kB
CmaTotal:         294912 kB
CmaFree:               0 kB
MemTotal:       12113144 kB
MemFree:         6514428 kB
MemAvailable:    8105700 kB
Buffers:            5608 kB
Cached:          1652208 kB
SwapCached:            0 kB
Active:          1420264 kB
Inactive:        1449812 kB
Active(anon):    1218916 kB
Inactive(anon):    20104 kB
Active(file):     201348 kB
Inactive(file):  1429708 kB
Unevictable:        5560 kB
Mlocked:            5560 kB
SwapTotal:       3145724 kB
SwapFree:        3145724 kB
Dirty:               256 kB
Writeback:             0 kB
AnonPages:       1217684 kB
Mapped:           817632 kB
Shmem:             22240 kB
KReclaimable:     828920 kB
Slab:             206004 kB
SReclaimable:      67628 kB
SUnreclaim:       138376 kB
KernelStack:       43460 kB
PageTables:        59808 kB
NFS_Unstable:          0 kB
Bounce:                0 kB
WritebackTmp:          0 kB
CommitLimit:     9202296 kB
Committed_AS:   63067768 kB
VmallocTotal:   263061440 kB
VmallocUsed:      100336 kB
VmallocChunk:          0 kB
Percpu:             7616 kB
CmaTotal:         294912 kB
CmaFree:               0 kB
MemTotal:       12113144 kB
MemFree:         6513240 kB
MemAvailable:    8104512 kB
Buffers:            5608 kB
Cached:          1652208 kB
SwapCached:            0 kB
Active:          1420788 kB
Inactive:        1449812 kB
Active(anon):    1219440 kB
Inactive(anon):    20104 kB
Active(file):     201348 kB
Inactive(file):  1429708 kB
Unevictable:        5560 kB
Mlocked:            5560 kB
SwapTotal:       3145724 kB
SwapFree:        3145724 kB
Dirty:               104 kB
Writeback:             0 kB
AnonPages:       1218512 kB
Mapped:           817700 kB
Shmem:             22240 kB
KReclaimable:     828920 kB
Slab:             206020 kB
SReclaimable:      67628 kB
SUnreclaim:       138392 kB
KernelStack:       43392 kB
PageTables:        59804 kB
NFS_Unstable:          0 kB
Bounce:                0 kB
WritebackTmp:          0 kB
CommitLimit:     9202296 kB
Committed_AS:   63067888 kB
VmallocTotal:   263061440 kB
VmallocUsed:      100400 kB
VmallocChunk:          0 kB
Percpu:             7616 kB
CmaTotal:         294912 kB
CmaFree:               0 kB
MemTotal:       12113144 kB
MemFree:         6512484 kB
MemAvailable:    8103756 kB
Buffers:            5608 kB
Cached:          1652208 kB
SwapCached:            0 kB
Active:          1421100 kB
Inactive:        1449812 kB
Active(anon):    1219752 kB
Inactive(anon):    20104 kB
Active(file):     201348 kB
Inactive(file):  1429708 kB
Unevictable:        5560 kB
Mlocked:            5560 kB
SwapTotal:       3145724 kB
SwapFree:        3145724 kB
Dirty:               104 kB
Writeback:             0 kB
AnonPages:       1218888 kB
Mapped:           817480 kB
Shmem:             22240 kB
KReclaimable:     828920 kB
Slab:             206020 kB
SReclaimable:      67628 kB
SUnreclaim:       138392 kB
KernelStack:       43456 kB
PageTables:        59824 kB
NFS_Unstable:          0 kB
Bounce:                0 kB
WritebackTmp:          0 kB
CommitLimit:     9202296 kB
Committed_AS:   63067560 kB
VmallocTotal:   263061440 kB
VmallocUsed:      100368 kB
VmallocChunk:          0 kB
Percpu:             7616 kB
CmaTotal:         294912 kB
CmaFree:               0 kB
MemTotal:       12113144 kB
MemFree:         6512032 kB
MemAvailable:    8103312 kB
Buffers:            5608 kB
Cached:          1652220 kB
SwapCached:            0 kB
Active:          1422276 kB
Inactive:        1449820 kB
Active(anon):    1220928 kB
Inactive(anon):    20104 kB
Active(file):     201348 kB
Inactive(file):  1429716 kB
Unevictable:        5560 kB
Mlocked:            5560 kB
SwapTotal:       3145724 kB
SwapFree:        3145724 kB
Dirty:               120 kB
Writeback:             0 kB
AnonPages:       1219576 kB
Mapped:           817772 kB
Shmem:             22240 kB
KReclaimable:     828920 kB
Slab:             206040 kB
SReclaimable:      67628 kB
SUnreclaim:       138412 kB
KernelStack:       43472 kB
PageTables:        59800 kB
NFS_Unstable:          0 kB
Bounce:                0 kB
WritebackTmp:          0 kB
CommitLimit:     9202296 kB
Committed_AS:   63067656 kB
VmallocTotal:   263061440 kB
VmallocUsed:      100416 kB
VmallocChunk:          0 kB
Percpu:             7616 kB
CmaTotal:         294912 kB
CmaFree:               0 kB
MemTotal:       12113144 kB
MemFree:         6511760 kB
MemAvailable:    8103040 kB
Buffers:            5608 kB
Cached:          1652216 kB
SwapCached:            0 kB
Active:          1422532 kB
Inactive:        1449820 kB
Active(anon):    1221184 kB
Inactive(anon):    20104 kB
Active(file):     201348 kB
Inactive(file):  1429716 kB
Unevictable:        5560 kB
Mlocked:            5560 kB
SwapTotal:       3145724 kB
SwapFree:        3145724 kB
Dirty:               148 kB
Writeback:             0 kB
AnonPages:       1220236 kB
Mapped:           817480 kB
Shmem:             22240 kB
KReclaimable:     828920 kB
Slab:             206028 kB
SReclaimable:      67628 kB
SUnreclaim:       138400 kB
KernelStack:       43472 kB
PageTables:        59824 kB
NFS_Unstable:          0 kB
Bounce:                0 kB
WritebackTmp:          0 kB
CommitLimit:     9202296 kB
Committed_AS:   63067672 kB
VmallocTotal:   263061440 kB
VmallocUsed:      100400 kB
VmallocChunk:          0 kB
Percpu:             7616 kB
CmaTotal:         294912 kB
CmaFree:               0 kB
MemTotal:       12113144 kB
MemFree:         6522740 kB
MemAvailable:    8114016 kB
Buffers:            5608 kB
Cached:          1652212 kB
SwapCached:            0 kB
Active:          1411564 kB
Inactive:        1449820 kB
Active(anon):    1210220 kB
Inactive(anon):    20104 kB
Active(file):     201344 kB
Inactive(file):  1429716 kB
Unevictable:        5560 kB
Mlocked:            5560 kB
SwapTotal:       3145724 kB
SwapFree:        3145724 kB
Dirty:               140 kB
Writeback:             0 kB
AnonPages:       1209412 kB
Mapped:           817748 kB
Shmem:             22240 kB
KReclaimable:     828920 kB
Slab:             206028 kB
SReclaimable:      67628 kB
SUnreclaim:       138400 kB
KernelStack:       43440 kB
PageTables:        59824 kB
NFS_Unstable:          0 kB
Bounce:                0 kB
WritebackTmp:          0 kB
CommitLimit:     9202296 kB
Committed_AS:   63067440 kB
VmallocTotal:   263061440 kB
VmallocUsed:      100400 kB
VmallocChunk:          0 kB
Percpu:             7616 kB
CmaTotal:         294912 kB
CmaFree:               0 kB
MemTotal:       12113144 kB
MemFree:         6522880 kB
MemAvailable:    8114160 kB
Buffers:            5608 kB
Cached:          1652220 kB
SwapCached:            0 kB
Active:          1412480 kB
Inactive:        1449824 kB
Active(anon):    1211132 kB
Inactive(anon):    20108 kB
Active(file):     201348 kB
Inactive(file):  1429716 kB
Unevictable:        5560 kB
Mlocked:            5560 kB
SwapTotal:       3145724 kB
SwapFree:        3145724 kB
Dirty:               148 kB
Writeback:             0 kB
AnonPages:       1209892 kB
Mapped:           817772 kB
Shmem:             22244 kB
KReclaimable:     828920 kB
Slab:             205988 kB
SReclaimable:      67628 kB
SUnreclaim:       138360 kB
KernelStack:       43488 kB
PageTables:        59868 kB
NFS_Unstable:          0 kB
Bounce:                0 kB
WritebackTmp:          0 kB
CommitLimit:     9202296 kB
Committed_AS:   63067232 kB
VmallocTotal:   263061440 kB
VmallocUsed:      100432 kB
VmallocChunk:          0 kB
Percpu:             7616 kB
CmaTotal:         294912 kB
CmaFree:               0 kB
MemTotal:       12113144 kB
MemFree:         6521292 kB
MemAvailable:    8112572 kB
Buffers:            5608 kB
Cached:          1652220 kB
SwapCached:            0 kB
Active:          1412780 kB
Inactive:        1449824 kB
Active(anon):    1211432 kB
Inactive(anon):    20108 kB
Active(file):     201348 kB
Inactive(file):  1429716 kB
Unevictable:        5560 kB
Mlocked:            5560 kB
SwapTotal:       3145724 kB
SwapFree:        3145724 kB
Dirty:               156 kB
Writeback:             0 kB
AnonPages:       1210476 kB
Mapped:           817716 kB
Shmem:             22244 kB
KReclaimable:     828920 kB
Slab:             206044 kB
SReclaimable:      67628 kB
SUnreclaim:       138416 kB
KernelStack:       43540 kB
PageTables:        59916 kB
NFS_Unstable:          0 kB
Bounce:                0 kB
WritebackTmp:          0 kB
CommitLimit:     9202296 kB
Committed_AS:   63067108 kB
VmallocTotal:   263061440 kB
VmallocUsed:      100432 kB
VmallocChunk:          0 kB
Percpu:             7616 kB
CmaTotal:         294912 kB
CmaFree:               0 kB
MemTotal:       12113144 kB
MemFree:         6521248 kB
MemAvailable:    8112528 kB
Buffers:            5608 kB
Cached:          1652228 kB
SwapCached:            0 kB
Active:          1412952 kB
Inactive:        1449832 kB
Active(anon):    1211604 kB
Inactive(anon):    20116 kB
Active(file):     201348 kB
Inactive(file):  1429716 kB
Unevictable:        5560 kB
Mlocked:            5560 kB
SwapTotal:       3145724 kB
SwapFree:        3145724 kB
Dirty:               160 kB
Writeback:             0 kB
AnonPages:       1210672 kB
Mapped:           817452 kB
Shmem:             22252 kB
KReclaimable:     828920 kB
Slab:             206040 kB
SReclaimable:      67628 kB
SUnreclaim:       138412 kB
KernelStack:       43456 kB
PageTables:        59800 kB
NFS_Unstable:          0 kB
Bounce:                0 kB
WritebackTmp:          0 kB
CommitLimit:     9202296 kB
Committed_AS:   63066808 kB
VmallocTotal:   263061440 kB
VmallocUsed:      100416 kB
VmallocChunk:          0 kB
Percpu:             7616 kB
CmaTotal:         294912 kB
CmaFree:               0 kB
MemTotal:       12113144 kB
MemFree:         6520352 kB
MemAvailable:    8111632 kB
Buffers:            5616 kB
Cached:          1652220 kB
SwapCached:            0 kB
Active:          1413552 kB
Inactive:        1449832 kB
Active(anon):    1212204 kB
Inactive(anon):    20116 kB
Active(file):     201348 kB
Inactive(file):  1429716 kB
Unevictable:        5560 kB
Mlocked:            5560 kB
SwapTotal:       3145724 kB
SwapFree:        3145724 kB
Dirty:               160 kB
Writeback:             0 kB
AnonPages:       1210912 kB
Mapped:           817712 kB
Shmem:             22252 kB
KReclaimable:     828920 kB
Slab:             206080 kB
SReclaimable:      67628 kB
SUnreclaim:       138452 kB
KernelStack:       43440 kB
PageTables:        59808 kB
NFS_Unstable:          0 kB
Bounce:                0 kB
WritebackTmp:          0 kB
CommitLimit:     9202296 kB
Committed_AS:   63066560 kB
VmallocTotal:   263061440 kB
VmallocUsed:      100400 kB
VmallocChunk:          0 kB
Percpu:             7616 kB
CmaTotal:         294912 kB
CmaFree:               0 kB
MemTotal:       12113144 kB
MemFree:         6520544 kB
MemAvailable:    8111844 kB
Buffers:            5616 kB
Cached:          1652240 kB
SwapCached:            0 kB
Active:          1413000 kB
Inactive:        1449844 kB
Active(anon):    1211644 kB
Inactive(anon):    20116 kB
Active(file):     201356 kB
Inactive(file):  1429728 kB
Unevictable:        5560 kB
Mlocked:            5560 kB
SwapTotal:       3145724 kB
SwapFree:        3145724 kB
Dirty:               144 kB
Writeback:             0 kB
AnonPages:       1210720 kB
Mapped:           817492 kB
Shmem:             22252 kB
KReclaimable:     828920 kB
Slab:             206032 kB
SReclaimable:      67628 kB
SUnreclaim:       138404 kB
KernelStack:       43488 kB
PageTables:        59820 kB
NFS_Unstable:          0 kB
Bounce:                0 kB
WritebackTmp:          0 kB
CommitLimit:     9202296 kB
Committed_AS:   63071312 kB
VmallocTotal:   263061440 kB
VmallocUsed:      100400 kB
VmallocChunk:          0 kB
Percpu:             7616 kB
CmaTotal:         294912 kB
CmaFree:               0 kB
MemTotal:       12113144 kB
MemFree:         6519908 kB
MemAvailable:    8111208 kB
Buffers:            5616 kB
Cached:          1652240 kB
SwapCached:            0 kB
Active:          1413548 kB
Inactive:        1449844 kB
Active(anon):    1212192 kB
Inactive(anon):    20116 kB
Active(file):     201356 kB
Inactive(file):  1429728 kB
Unevictable:        5560 kB
Mlocked:            5560 kB
SwapTotal:       3145724 kB
SwapFree:        3145724 kB
Dirty:               144 kB
Writeback:             0 kB
AnonPages:       1211100 kB
Mapped:           817788 kB
Shmem:             22252 kB
KReclaimable:     828920 kB
Slab:             206080 kB
SReclaimable:      67628 kB
SUnreclaim:       138452 kB
KernelStack:       43452 kB
PageTables:        59868 kB
NFS_Unstable:          0 kB
Bounce:                0 kB
WritebackTmp:          0 kB
CommitLimit:     9202296 kB
Committed_AS:   63071004 kB
VmallocTotal:   263061440 kB
VmallocUsed:      100384 kB
VmallocChunk:          0 kB
Percpu:             7616 kB
CmaTotal:         294912 kB
CmaFree:               0 kB
MemTotal:       12113144 kB
MemFree:         6519860 kB
MemAvailable:    8111160 kB
Buffers:            5616 kB
Cached:          1652240 kB
SwapCached:            0 kB
Active:          1413780 kB
Inactive:        1449844 kB
Active(anon):    1212424 kB
Inactive(anon):    20116 kB
Active(file):     201356 kB
Inactive(file):  1429728 kB
Unevictable:        5560 kB
Mlocked:            5560 kB
SwapTotal:       3145724 kB
SwapFree:        3145724 kB
Dirty:               144 kB
Writeback:             0 kB
AnonPages:       1211532 kB
Mapped:           817712 kB
Shmem:             22252 kB
KReclaimable:     828920 kB
Slab:             206028 kB
SReclaimable:      67628 kB
SUnreclaim:       138400 kB
KernelStack:       43456 kB
PageTables:        59804 kB
NFS_Unstable:          0 kB
Bounce:                0 kB
WritebackTmp:          0 kB
CommitLimit:     9202296 kB
Committed_AS:   63071708 kB
VmallocTotal:   263061440 kB
VmallocUsed:      100400 kB
VmallocChunk:          0 kB
Percpu:             7616 kB
CmaTotal:         294912 kB
CmaFree:               0 kB
MemTotal:       12113144 kB
MemFree:         6519784 kB
MemAvailable:    8111084 kB
Buffers:            5616 kB
Cached:          1652240 kB
SwapCached:            0 kB
Active:          1414308 kB
Inactive:        1449844 kB
Active(anon):    1212952 kB
Inactive(anon):    20116 kB
Active(file):     201356 kB
Inactive(file):  1429728 kB
Unevictable:        5560 kB
Mlocked:            5560 kB
SwapTotal:       3145724 kB
SwapFree:        3145724 kB
Dirty:               144 kB
Writeback:             0 kB
AnonPages:       1211976 kB
Mapped:           817784 kB
Shmem:             22252 kB
KReclaimable:     828920 kB
Slab:             206060 kB
SReclaimable:      67628 kB
SUnreclaim:       138432 kB
KernelStack:       43504 kB
PageTables:        59860 kB
NFS_Unstable:          0 kB
Bounce:                0 kB
WritebackTmp:          0 kB
CommitLimit:     9202296 kB
Committed_AS:   63071532 kB
VmallocTotal:   263061440 kB
VmallocUsed:      100400 kB
VmallocChunk:          0 kB
Percpu:             7616 kB
CmaTotal:         294912 kB
CmaFree:              28 kB
MemTotal:       12113144 kB
MemFree:         6519180 kB
MemAvailable:    8110468 kB
Buffers:            5616 kB
Cached:          1652228 kB
SwapCached:            0 kB
Active:          1414468 kB
Inactive:        1449836 kB
Active(anon):    1213116 kB
Inactive(anon):    20116 kB
Active(file):     201352 kB
Inactive(file):  1429720 kB
Unevictable:        5560 kB
Mlocked:            5560 kB
SwapTotal:       3145724 kB
SwapFree:        3145724 kB
Dirty:               140 kB
Writeback:             0 kB
AnonPages:       1212188 kB
Mapped:           817748 kB
Shmem:             22252 kB
KReclaimable:     828920 kB
Slab:             206108 kB
SReclaimable:      67628 kB
SUnreclaim:       138480 kB
KernelStack:       43456 kB
PageTables:        59824 kB
NFS_Unstable:          0 kB
Bounce:                0 kB
WritebackTmp:          0 kB
CommitLimit:     9202296 kB
Committed_AS:   63071652 kB
VmallocTotal:   263061440 kB
VmallocUsed:      100432 kB
VmallocChunk:          0 kB
Percpu:             7616 kB
CmaTotal:         294912 kB
CmaFree:               0 kB
MemTotal:       12113144 kB
MemFree:         6519828 kB
MemAvailable:    8111128 kB
Buffers:            5616 kB
Cached:          1652240 kB
SwapCached:            0 kB
Active:          1415232 kB
Inactive:        1449844 kB
Active(anon):    1213876 kB
Inactive(anon):    20116 kB
Active(file):     201356 kB
Inactive(file):  1429728 kB
Unevictable:        5560 kB
Mlocked:            5560 kB
SwapTotal:       3145724 kB
SwapFree:        3145724 kB
Dirty:               144 kB
Writeback:             0 kB
AnonPages:       1212388 kB
Mapped:           817648 kB
Shmem:             22252 kB
KReclaimable:     828920 kB
Slab:             205956 kB
SReclaimable:      67628 kB
SUnreclaim:       138328 kB
KernelStack:       43456 kB
PageTables:        59884 kB
NFS_Unstable:          0 kB
Bounce:                0 kB
WritebackTmp:          0 kB
CommitLimit:     9202296 kB
Committed_AS:   63071388 kB
VmallocTotal:   263061440 kB
VmallocUsed:      100432 kB
VmallocChunk:          0 kB
Percpu:             7616 kB
CmaTotal:         294912 kB
CmaFree:               0 kB
MemTotal:       12113144 kB
MemFree:         6519588 kB
MemAvailable:    8110888 kB
Buffers:            5616 kB
Cached:          1652240 kB
SwapCached:            0 kB
Active:          1415316 kB
Inactive:        1449844 kB
Active(anon):    1213960 kB
Inactive(anon):    20116 kB
Active(file):     201356 kB
Inactive(file):  1429728 kB
Unevictable:        5560 kB
Mlocked:            5560 kB
SwapTotal:       3145724 kB
SwapFree:        3145724 kB
Dirty:               144 kB
Writeback:             0 kB
AnonPages:       1213092 kB
Mapped:           817712 kB
Shmem:             22252 kB
KReclaimable:     828920 kB
Slab:             206020 kB
SReclaimable:      67628 kB
SUnreclaim:       138392 kB
KernelStack:       43456 kB
PageTables:        59800 kB
NFS_Unstable:          0 kB
Bounce:                0 kB
WritebackTmp:          0 kB
CommitLimit:     9202296 kB
Committed_AS:   63067956 kB
VmallocTotal:   263061440 kB
VmallocUsed:      100416 kB
VmallocChunk:          0 kB
Percpu:             7616 kB
CmaTotal:         294912 kB
CmaFree:               0 kB
MemTotal:       12113144 kB
MemFree:         6517744 kB
MemAvailable:    8109044 kB
Buffers:            5616 kB
Cached:          1652240 kB
SwapCached:            0 kB
Active:          1416512 kB
Inactive:        1449844 kB
Active(anon):    1215156 kB
Inactive(anon):    20116 kB
Active(file):     201356 kB
Inactive(file):  1429728 kB
Unevictable:        5560 kB
Mlocked:            5560 kB
SwapTotal:       3145724 kB
SwapFree:        3145724 kB
Dirty:               144 kB
Writeback:             0 kB
AnonPages:       1213696 kB
Mapped:           817640 kB
Shmem:             22252 kB
KReclaimable:     828920 kB
Slab:             206124 kB
SReclaimable:      67628 kB
SUnreclaim:       138496 kB
KernelStack:       43444 kB
PageTables:        59772 kB
NFS_Unstable:          0 kB
Bounce:                0 kB
WritebackTmp:          0 kB
CommitLimit:     9202296 kB
Committed_AS:   63067272 kB
VmallocTotal:   263061440 kB
VmallocUsed:      100400 kB
VmallocChunk:          0 kB
Percpu:             7616 kB
CmaTotal:         294912 kB
CmaFree:               0 kB
MemTotal:       12113144 kB
MemFree:         6517732 kB
MemAvailable:    8109044 kB
Buffers:            5616 kB
Cached:          1652252 kB
SwapCached:            0 kB
Active:          1416360 kB
Inactive:        1449856 kB
Active(anon):    1215004 kB
Inactive(anon):    20116 kB
Active(file):     201356 kB
Inactive(file):  1429740 kB
Unevictable:        5560 kB
Mlocked:            5560 kB
SwapTotal:       3145724 kB
SwapFree:        3145724 kB
Dirty:               192 kB
Writeback:             0 kB
AnonPages:       1214228 kB
Mapped:           817584 kB
Shmem:             22252 kB
KReclaimable:     828920 kB
Slab:             205992 kB
SReclaimable:      67628 kB
SUnreclaim:       138364 kB
KernelStack:       43536 kB
PageTables:        59916 kB
NFS_Unstable:          0 kB
Bounce:                0 kB
WritebackTmp:          0 kB
CommitLimit:     9202296 kB
Committed_AS:   63067140 kB
VmallocTotal:   263061440 kB
VmallocUsed:      100416 kB
VmallocChunk:          0 kB
Percpu:             7616 kB
CmaTotal:         294912 kB
CmaFree:               0 kB
MemTotal:       12113144 kB
MemFree:         6517632 kB
MemAvailable:    8108660 kB
Buffers:            5616 kB
Cached:          1652252 kB
SwapCached:            0 kB
Active:          1416848 kB
Inactive:        1449856 kB
Active(anon):    1215492 kB
Inactive(anon):    20116 kB
Active(file):     201356 kB
Inactive(file):  1429740 kB
Unevictable:        5560 kB
Mlocked:            5560 kB
SwapTotal:       3145724 kB
SwapFree:        3145724 kB
Dirty:               200 kB
Writeback:             0 kB
AnonPages:       1214308 kB
Mapped:           817784 kB
Shmem:             22252 kB
KReclaimable:     828924 kB
Slab:             206116 kB
SReclaimable:      67632 kB
SUnreclaim:       138484 kB
KernelStack:       43440 kB
PageTables:        59860 kB
NFS_Unstable:          0 kB
Bounce:                0 kB
WritebackTmp:          0 kB
CommitLimit:     9202296 kB
Committed_AS:   63071344 kB
VmallocTotal:   263061440 kB
VmallocUsed:      100416 kB
VmallocChunk:          0 kB
Percpu:             7616 kB
CmaTotal:         294912 kB
CmaFree:               0 kB
MemTotal:       12113144 kB
MemFree:         6517160 kB
MemAvailable:    8108476 kB
Buffers:            5616 kB
Cached:          1652252 kB
SwapCached:            0 kB
Active:          1417228 kB
Inactive:        1449856 kB
Active(anon):    1215872 kB
Inactive(anon):    20116 kB
Active(file):     201356 kB
Inactive(file):  1429740 kB
Unevictable:        5560 kB
Mlocked:            5560 kB
SwapTotal:       3145724 kB
SwapFree:        3145724 kB
Dirty:               200 kB
Writeback:             0 kB
AnonPages:       1214536 kB
Mapped:           817716 kB
Shmem:             22252 kB
KReclaimable:     828924 kB
Slab:             205988 kB
SReclaimable:      67632 kB
SUnreclaim:       138356 kB
KernelStack:       43504 kB
PageTables:        59868 kB
NFS_Unstable:          0 kB
Bounce:                0 kB
WritebackTmp:          0 kB
CommitLimit:     9202296 kB
Committed_AS:   63071640 kB
VmallocTotal:   263061440 kB
VmallocUsed:      100416 kB
VmallocChunk:          0 kB
Percpu:             7616 kB
CmaTotal:         294912 kB
CmaFree:               0 kB
MemTotal:       12113144 kB
MemFree:         6516948 kB
MemAvailable:    8108264 kB
Buffers:            5616 kB
Cached:          1652252 kB
SwapCached:            0 kB
Active:          1417572 kB
Inactive:        1449856 kB
Active(anon):    1216216 kB
Inactive(anon):    20116 kB
Active(file):     201356 kB
Inactive(file):  1429740 kB
Unevictable:        5560 kB
Mlocked:            5560 kB
SwapTotal:       3145724 kB
SwapFree:        3145724 kB
Dirty:               200 kB
Writeback:             0 kB
AnonPages:       1215188 kB
Mapped:           817496 kB
Shmem:             22252 kB
KReclaimable:     828924 kB
Slab:             206040 kB
SReclaimable:      67632 kB
SUnreclaim:       138408 kB
KernelStack:       43488 kB
PageTables:        59840 kB
NFS_Unstable:          0 kB
Bounce:                0 kB
WritebackTmp:          0 kB
CommitLimit:     9202296 kB
Committed_AS:   63071268 kB
VmallocTotal:   263061440 kB
VmallocUsed:      100400 kB
VmallocChunk:          0 kB
Percpu:             7616 kB
CmaTotal:         294912 kB
CmaFree:               0 kB
MemTotal:       12113144 kB
MemFree:         6515824 kB
MemAvailable:    8107140 kB
Buffers:            5616 kB
Cached:          1652252 kB
SwapCached:            0 kB
Active:          1417852 kB
Inactive:        1449856 kB
Active(anon):    1216496 kB
Inactive(anon):    20116 kB
Active(file):     201356 kB
Inactive(file):  1429740 kB
Unevictable:        5560 kB
Mlocked:            5560 kB
SwapTotal:       3145724 kB
SwapFree:        3145724 kB
Dirty:               200 kB
Writeback:             0 kB
AnonPages:       1215100 kB
Mapped:           817856 kB
Shmem:             22252 kB
KReclaimable:     828924 kB
Slab:             206032 kB
SReclaimable:      67632 kB
SUnreclaim:       138400 kB
KernelStack:       43504 kB
PageTables:        59924 kB
NFS_Unstable:          0 kB
Bounce:                0 kB
WritebackTmp:          0 kB
CommitLimit:     9202296 kB
Committed_AS:   63071036 kB
VmallocTotal:   263061440 kB
VmallocUsed:      100416 kB
VmallocChunk:          0 kB
Percpu:             7616 kB
CmaTotal:         294912 kB
CmaFree:               0 kB
MemTotal:       12113144 kB
MemFree:         6516460 kB
MemAvailable:    8107776 kB
Buffers:            5616 kB
Cached:          1652252 kB
SwapCached:            0 kB
Active:          1418596 kB
Inactive:        1449856 kB
Active(anon):    1217240 kB
Inactive(anon):    20116 kB
Active(file):     201356 kB
Inactive(file):  1429740 kB
Unevictable:        5560 kB
Mlocked:            5560 kB
SwapTotal:       3145724 kB
SwapFree:        3145724 kB
Dirty:               200 kB
Writeback:             0 kB
AnonPages:       1216096 kB
Mapped:           817452 kB
Shmem:             22252 kB
KReclaimable:     828924 kB
Slab:             206056 kB
SReclaimable:      67632 kB
SUnreclaim:       138424 kB
KernelStack:       43504 kB
PageTables:        59820 kB
NFS_Unstable:          0 kB
Bounce:                0 kB
WritebackTmp:          0 kB
CommitLimit:     9202296 kB
Committed_AS:   63071216 kB
VmallocTotal:   263061440 kB
VmallocUsed:      100416 kB
VmallocChunk:          0 kB
Percpu:             7616 kB
CmaTotal:         294912 kB
CmaFree:               0 kB
MemTotal:       12113144 kB
MemFree:         6516272 kB
MemAvailable:    8107608 kB
Buffers:            5620 kB
Cached:          1652264 kB
SwapCached:            0 kB
Active:          1418896 kB
Inactive:        1449868 kB
Active(anon):    1217536 kB
Inactive(anon):    20116 kB
Active(file):     201360 kB
Inactive(file):  1429752 kB
Unevictable:        5560 kB
Mlocked:            5560 kB
SwapTotal:       3145724 kB
SwapFree:        3145724 kB
Dirty:               184 kB
Writeback:             0 kB
AnonPages:       1216600 kB
Mapped:           817712 kB
Shmem:             22252 kB
KReclaimable:     828928 kB
Slab:             206060 kB
SReclaimable:      67636 kB
SUnreclaim:       138424 kB
KernelStack:       43472 kB
PageTables:        59804 kB
NFS_Unstable:          0 kB
Bounce:                0 kB
WritebackTmp:          0 kB
CommitLimit:     9202296 kB
Committed_AS:   63066640 kB
VmallocTotal:   263061440 kB
VmallocUsed:      100400 kB
VmallocChunk:          0 kB
Percpu:             7616 kB
CmaTotal:         294912 kB
CmaFree:               0 kB
MemTotal:       12113144 kB
MemFree:         6515680 kB
MemAvailable:    8107016 kB
Buffers:            5620 kB
Cached:          1652264 kB
SwapCached:            0 kB
Active:          1419248 kB
Inactive:        1449868 kB
Active(anon):    1217888 kB
Inactive(anon):    20116 kB
Active(file):     201360 kB
Inactive(file):  1429752 kB
Unevictable:        5560 kB
Mlocked:            5560 kB
SwapTotal:       3145724 kB
SwapFree:        3145724 kB
Dirty:               184 kB
Writeback:             0 kB
AnonPages:       1217012 kB
Mapped:           817696 kB
Shmem:             22252 kB
KReclaimable:     828928 kB
Slab:             206052 kB
SReclaimable:      67636 kB
SUnreclaim:       138416 kB
KernelStack:       43504 kB
PageTables:        59852 kB
NFS_Unstable:          0 kB
Bounce:                0 kB
WritebackTmp:          0 kB
CommitLimit:     9202296 kB
Committed_AS:   63066136 kB
VmallocTotal:   263061440 kB
VmallocUsed:      100368 kB
VmallocChunk:          0 kB
Percpu:             7616 kB
CmaTotal:         294912 kB
CmaFree:               0 kB
MemTotal:       12113144 kB
MemFree:         6515216 kB
MemAvailable:    8106540 kB
Buffers:            5620 kB
Cached:          1652252 kB
SwapCached:            0 kB
Active:          1419996 kB
Inactive:        1449860 kB
Active(anon):    1218640 kB
Inactive(anon):    20116 kB
Active(file):     201356 kB
Inactive(file):  1429744 kB
Unevictable:        5560 kB
Mlocked:            5560 kB
SwapTotal:       3145724 kB
SwapFree:        3145724 kB
Dirty:               176 kB
Writeback:             0 kB
AnonPages:       1217160 kB
Mapped:           817300 kB
Shmem:             22252 kB
KReclaimable:     828928 kB
Slab:             206120 kB
SReclaimable:      67636 kB
SUnreclaim:       138484 kB
KernelStack:       43472 kB
PageTables:        59964 kB
NFS_Unstable:          0 kB
Bounce:                0 kB
WritebackTmp:          0 kB
CommitLimit:     9202296 kB
Committed_AS:   63069984 kB
VmallocTotal:   263061440 kB
VmallocUsed:      100384 kB
VmallocChunk:          0 kB
Percpu:             7616 kB
CmaTotal:         294912 kB
CmaFree:               0 kB
MemTotal:       12113144 kB
MemFree:         6514428 kB
MemAvailable:    8105764 kB
Buffers:            5620 kB
Cached:          1652264 kB
SwapCached:            0 kB
Active:          1420576 kB
Inactive:        1449868 kB
Active(anon):    1219216 kB
Inactive(anon):    20116 kB
Active(file):     201360 kB
Inactive(file):  1429752 kB
Unevictable:        5560 kB
Mlocked:            5560 kB
SwapTotal:       3145724 kB
SwapFree:        3145724 kB
Dirty:               188 kB
Writeback:             0 kB
AnonPages:       1218264 kB
Mapped:           817752 kB
Shmem:             22252 kB
KReclaimable:     828928 kB
Slab:             205896 kB
SReclaimable:      67636 kB
SUnreclaim:       138260 kB
KernelStack:       43424 kB
PageTables:        59788 kB
NFS_Unstable:          0 kB
Bounce:                0 kB
WritebackTmp:          0 kB
CommitLimit:     9202296 kB
Committed_AS:   63069956 kB
VmallocTotal:   263061440 kB
VmallocUsed:      100336 kB
VmallocChunk:          0 kB
Percpu:             7616 kB
CmaTotal:         294912 kB
CmaFree:               0 kB
MemTotal:       12113144 kB
MemFree:         6513484 kB
MemAvailable:    8104820 kB
Buffers:            5620 kB
Cached:          1652264 kB
SwapCached:            0 kB
Active:          1420848 kB
Inactive:        1449868 kB
Active(anon):    1219488 kB
Inactive(anon):    20116 kB
Active(file):     201360 kB
Inactive(file):  1429752 kB
Unevictable:        5560 kB
Mlocked:            5560 kB
SwapTotal:       3145724 kB
SwapFree:        3145724 kB
Dirty:               204 kB
Writeback:             0 kB
AnonPages:       1218672 kB
Mapped:           817540 kB
Shmem:             22252 kB
KReclaimable:     828928 kB
Slab:             206048 kB
SReclaimable:      67636 kB
SUnreclaim:       138412 kB
KernelStack:       43504 kB
PageTables:        59824 kB
NFS_Unstable:          0 kB
Bounce:                0 kB
WritebackTmp:          0 kB
CommitLimit:     9202296 kB
Committed_AS:   63069604 kB
VmallocTotal:   263061440 kB
VmallocUsed:      100352 kB
VmallocChunk:          0 kB
Percpu:             7616 kB
CmaTotal:         294912 kB
CmaFree:               0 kB
MemTotal:       12113144 kB
MemFree:         6512336 kB
MemAvailable:    8103672 kB
Buffers:            5620 kB
Cached:          1652264 kB
SwapCached:            0 kB
Active:          1421364 kB
Inactive:        1449868 kB
Active(anon):    1220004 kB
Inactive(anon):    20116 kB
Active(file):     201360 kB
Inactive(file):  1429752 kB
Unevictable:        5560 kB
Mlocked:            5560 kB
SwapTotal:       3145724 kB
SwapFree:        3145724 kB
Dirty:               204 kB
Writeback:             0 kB
AnonPages:       1219032 kB
Mapped:           817736 kB
Shmem:             22252 kB
KReclaimable:     828928 kB
Slab:             206088 kB
SReclaimable:      67636 kB
SUnreclaim:       138452 kB
KernelStack:       43524 kB
PageTables:        59784 kB
NFS_Unstable:          0 kB
Bounce:                0 kB
WritebackTmp:          0 kB
CommitLimit:     9202296 kB
Committed_AS:   63069620 kB
VmallocTotal:   263061440 kB
VmallocUsed:      100368 kB
VmallocChunk:          0 kB
Percpu:             7616 kB
CmaTotal:         294912 kB
CmaFree:               0 kB
MemTotal:       12113144 kB
MemFree:         6512760 kB
MemAvailable:    8104096 kB
Buffers:            5620 kB
Cached:          1652264 kB
SwapCached:            0 kB
Active:          1421480 kB
Inactive:        1449868 kB
Active(anon):    1220120 kB
Inactive(anon):    20116 kB
Active(file):     201360 kB
Inactive(file):  1429752 kB
Unevictable:        5560 kB
Mlocked:            5560 kB
SwapTotal:       3145724 kB
SwapFree:        3145724 kB
Dirty:               204 kB
Writeback:             0 kB
AnonPages:       1219076 kB
Mapped:           817564 kB
Shmem:             22252 kB
KReclaimable:     828928 kB
Slab:             206052 kB
SReclaimable:      67636 kB
SUnreclaim:       138416 kB
KernelStack:       43504 kB
PageTables:        59820 kB
NFS_Unstable:          0 kB
Bounce:                0 kB
WritebackTmp:          0 kB
CommitLimit:     9202296 kB
Committed_AS:   63069364 kB
VmallocTotal:   263061440 kB
VmallocUsed:      100384 kB
VmallocChunk:          0 kB
Percpu:             7616 kB
CmaTotal:         294912 kB
CmaFree:               0 kB
MemTotal:       12113144 kB
MemFree:         6512668 kB
MemAvailable:    8104004 kB
Buffers:            5620 kB
Cached:          1652264 kB
SwapCached:            0 kB
Active:          1422276 kB
Inactive:        1449868 kB
Active(anon):    1220916 kB
Inactive(anon):    20116 kB
Active(file):     201360 kB
Inactive(file):  1429752 kB
Unevictable:        5560 kB
Mlocked:            5560 kB
SwapTotal:       3145724 kB
SwapFree:        3145724 kB
Dirty:               204 kB
Writeback:             0 kB
AnonPages:       1219596 kB
Mapped:           817828 kB
Shmem:             22252 kB
KReclaimable:     828928 kB
Slab:             206028 kB
SReclaimable:      67636 kB
SUnreclaim:       138392 kB
KernelStack:       43488 kB
PageTables:        59848 kB
NFS_Unstable:          0 kB
Bounce:                0 kB
WritebackTmp:          0 kB
CommitLimit:     9202296 kB
Committed_AS:   63069732 kB
VmallocTotal:   263061440 kB
VmallocUsed:      100416 kB
VmallocChunk:          0 kB
Percpu:             7616 kB
CmaTotal:         294912 kB
CmaFree:               0 kB
MemTotal:       12113144 kB
MemFree:         6512424 kB
MemAvailable:    8103760 kB
Buffers:            5620 kB
Cached:          1652268 kB
SwapCached:            0 kB
Active:          1422200 kB
Inactive:        1449872 kB
Active(anon):    1220840 kB
Inactive(anon):    20120 kB
Active(file):     201360 kB
Inactive(file):  1429752 kB
Unevictable:        5560 kB
Mlocked:            5560 kB
SwapTotal:       3145724 kB
SwapFree:        3145724 kB
Dirty:               208 kB
Writeback:             0 kB
AnonPages:       1219720 kB
Mapped:           817832 kB
Shmem:             22256 kB
KReclaimable:     828928 kB
Slab:             206080 kB
SReclaimable:      67636 kB
SUnreclaim:       138444 kB
KernelStack:       43504 kB
PageTables:        59852 kB
NFS_Unstable:          0 kB
Bounce:                0 kB
WritebackTmp:          0 kB
CommitLimit:     9202296 kB
Committed_AS:   63069608 kB
VmallocTotal:   263061440 kB
VmallocUsed:      100416 kB
VmallocChunk:          0 kB
Percpu:             7616 kB
CmaTotal:         294912 kB
CmaFree:               0 kB
MemTotal:       12113144 kB
MemFree:         6512776 kB
MemAvailable:    8104112 kB
Buffers:            5620 kB
Cached:          1652268 kB
SwapCached:            0 kB
Active:          1422992 kB
Inactive:        1449872 kB
Active(anon):    1221632 kB
Inactive(anon):    20120 kB
Active(file):     201360 kB
Inactive(file):  1429752 kB
Unevictable:        5560 kB
Mlocked:            5560 kB
SwapTotal:       3145724 kB
SwapFree:        3145724 kB
Dirty:               220 kB
Writeback:             0 kB
AnonPages:       1220568 kB
Mapped:           817696 kB
Shmem:             22256 kB
KReclaimable:     828928 kB
Slab:             206136 kB
SReclaimable:      67636 kB
SUnreclaim:       138500 kB
KernelStack:       43572 kB
PageTables:        59988 kB
NFS_Unstable:          0 kB
Bounce:                0 kB
WritebackTmp:          0 kB
CommitLimit:     9202296 kB
Committed_AS:   63069480 kB
VmallocTotal:   263061440 kB
VmallocUsed:      100448 kB
VmallocChunk:          0 kB
Percpu:             7616 kB
CmaTotal:         294912 kB
CmaFree:               0 kB
MemTotal:       12113144 kB
MemFree:         6511500 kB
MemAvailable:    8102848 kB
Buffers:            5620 kB
Cached:          1652284 kB
SwapCached:            0 kB
Active:          1423460 kB
Inactive:        1449888 kB
Active(anon):    1222100 kB
Inactive(anon):    20124 kB
Active(file):     201360 kB
Inactive(file):  1429764 kB
Unevictable:        5560 kB
Mlocked:            5560 kB
SwapTotal:       3145724 kB
SwapFree:        3145724 kB
Dirty:               248 kB
Writeback:             0 kB
AnonPages:       1221148 kB
Mapped:           817508 kB
Shmem:             22260 kB
KReclaimable:     828928 kB
Slab:             206056 kB
SReclaimable:      67636 kB
SUnreclaim:       138420 kB
KernelStack:       43488 kB
PageTables:        59804 kB
NFS_Unstable:          0 kB
Bounce:                0 kB
WritebackTmp:          0 kB
CommitLimit:     9202296 kB
Committed_AS:   63069296 kB
VmallocTotal:   263061440 kB
VmallocUsed:      100448 kB
VmallocChunk:          0 kB
Percpu:             7616 kB
CmaTotal:         294912 kB
CmaFree:               0 kB
MemTotal:       12113144 kB
MemFree:         6512516 kB
MemAvailable:    8103868 kB
Buffers:            5620 kB
Cached:          1652284 kB
SwapCached:            0 kB
Active:          1423104 kB
Inactive:        1449888 kB
Active(anon):    1221744 kB
Inactive(anon):    20124 kB
Active(file):     201360 kB
Inactive(file):  1429764 kB
Unevictable:        5560 kB
Mlocked:            5560 kB
SwapTotal:       3145724 kB
SwapFree:        3145724 kB
Dirty:               132 kB
Writeback:             0 kB
AnonPages:       1220692 kB
Mapped:           817696 kB
Shmem:             22260 kB
KReclaimable:     828932 kB
Slab:             206052 kB
SReclaimable:      67640 kB
SUnreclaim:       138412 kB
KernelStack:       43520 kB
PageTables:        59840 kB
NFS_Unstable:          0 kB
Bounce:                0 kB
WritebackTmp:          0 kB
CommitLimit:     9202296 kB
Committed_AS:   63069004 kB
VmallocTotal:   263061440 kB
VmallocUsed:      100432 kB
VmallocChunk:          0 kB
Percpu:             7616 kB
CmaTotal:         294912 kB
CmaFree:               0 kB
MemTotal:       12113144 kB
MemFree:         6511028 kB
MemAvailable:    8102380 kB
Buffers:            5620 kB
Cached:          1652284 kB
SwapCached:            0 kB
Active:          1423628 kB
Inactive:        1449888 kB
Active(anon):    1222268 kB
Inactive(anon):    20124 kB
Active(file):     201360 kB
Inactive(file):  1429764 kB
Unevictable:        5560 kB
Mlocked:            5560 kB
SwapTotal:       3145724 kB
SwapFree:        3145724 kB
Dirty:               132 kB
Writeback:             0 kB
AnonPages:       1221240 kB
Mapped:           817572 kB
Shmem:             22260 kB
KReclaimable:     828932 kB
Slab:             206064 kB
SReclaimable:      67640 kB
SUnreclaim:       138424 kB
KernelStack:       43520 kB
PageTables:        59828 kB
NFS_Unstable:          0 kB
Bounce:                0 kB
WritebackTmp:          0 kB
CommitLimit:     9202296 kB
Committed_AS:   63068960 kB
VmallocTotal:   263061440 kB
VmallocUsed:      100464 kB
VmallocChunk:          0 kB
Percpu:             7616 kB
CmaTotal:         294912 kB
CmaFree:               0 kB
MemTotal:       12113144 kB
MemFree:         6510464 kB
MemAvailable:    8101816 kB
Buffers:            5620 kB
Cached:          1652284 kB
SwapCached:            0 kB
Active:          1423672 kB
Inactive:        1449888 kB
Active(anon):    1222312 kB
Inactive(anon):    20124 kB
Active(file):     201360 kB
Inactive(file):  1429764 kB
Unevictable:        5560 kB
Mlocked:            5560 kB
SwapTotal:       3145724 kB
SwapFree:        3145724 kB
Dirty:               132 kB
Writeback:             0 kB
AnonPages:       1221360 kB
Mapped:           817700 kB
Shmem:             22260 kB
KReclaimable:     828932 kB
Slab:             206088 kB
SReclaimable:      67640 kB
SUnreclaim:       138448 kB
KernelStack:       43524 kB
PageTables:        59708 kB
NFS_Unstable:          0 kB
Bounce:                0 kB
WritebackTmp:          0 kB
CommitLimit:     9202296 kB
Committed_AS:   63068844 kB
VmallocTotal:   263061440 kB
VmallocUsed:      100464 kB
VmallocChunk:          0 kB
Percpu:             7616 kB
CmaTotal:         294912 kB
CmaFree:               0 kB
MemTotal:       12113144 kB
MemFree:         6510556 kB
MemAvailable:    8101908 kB
Buffers:            5620 kB
Cached:          1652292 kB
SwapCached:            0 kB
Active:          1423136 kB
Inactive:        1449896 kB
Active(anon):    1221776 kB
Inactive(anon):    20132 kB
Active(file):     201360 kB
Inactive(file):  1429764 kB
Unevictable:        5560 kB
Mlocked:            5560 kB
SwapTotal:       3145724 kB
SwapFree:        3145724 kB
Dirty:               160 kB
Writeback:             0 kB
AnonPages:       1220440 kB
Mapped:           817776 kB
Shmem:             22268 kB
KReclaimable:     828932 kB
Slab:             206032 kB
SReclaimable:      67640 kB
SUnreclaim:       138392 kB
KernelStack:       43472 kB
PageTables:        59816 kB
NFS_Unstable:          0 kB
Bounce:                0 kB
WritebackTmp:          0 kB
CommitLimit:     9202296 kB
Committed_AS:   63069524 kB
VmallocTotal:   263061440 kB
VmallocUsed:      100448 kB
VmallocChunk:          0 kB
Percpu:             7616 kB
CmaTotal:         294912 kB
CmaFree:               0 kB
MemTotal:       12113144 kB
MemFree:         6509732 kB
MemAvailable:    8101084 kB
Buffers:            5624 kB
Cached:          1652288 kB
SwapCached:            0 kB
Active:          1423664 kB
Inactive:        1449896 kB
Active(anon):    1222304 kB
Inactive(anon):    20132 kB
Active(file):     201360 kB
Inactive(file):  1429764 kB
Unevictable:        5560 kB
Mlocked:            5560 kB
SwapTotal:       3145724 kB
SwapFree:        3145724 kB
Dirty:               168 kB
Writeback:             0 kB
AnonPages:       1221108 kB
Mapped:           817992 kB
Shmem:             22268 kB
KReclaimable:     828932 kB
Slab:             206128 kB
SReclaimable:      67640 kB
SUnreclaim:       138488 kB
KernelStack:       43584 kB
PageTables:        59968 kB
NFS_Unstable:          0 kB
Bounce:                0 kB
WritebackTmp:          0 kB
CommitLimit:     9202296 kB
Committed_AS:   63070076 kB
VmallocTotal:   263061440 kB
VmallocUsed:      100400 kB
VmallocChunk:          0 kB
Percpu:             7616 kB
CmaTotal:         294912 kB
CmaFree:               0 kB
MemTotal:       12113144 kB
MemFree:         6509636 kB
MemAvailable:    8101004 kB
Buffers:            5624 kB
Cached:          1652304 kB
SwapCached:            0 kB
Active:          1423796 kB
Inactive:        1449908 kB
Active(anon):    1222432 kB
Inactive(anon):    20132 kB
Active(file):     201364 kB
Inactive(file):  1429776 kB
Unevictable:        5560 kB
Mlocked:            5560 kB
SwapTotal:       3145724 kB
SwapFree:        3145724 kB
Dirty:               160 kB
Writeback:             0 kB
AnonPages:       1221540 kB
Mapped:           817776 kB
Shmem:             22268 kB
KReclaimable:     828932 kB
Slab:             206080 kB
SReclaimable:      67640 kB
SUnreclaim:       138440 kB
KernelStack:       43472 kB
PageTables:        59804 kB
NFS_Unstable:          0 kB
Bounce:                0 kB
WritebackTmp:          0 kB
CommitLimit:     9202296 kB
Committed_AS:   63070316 kB
VmallocTotal:   263061440 kB
VmallocUsed:      100400 kB
VmallocChunk:          0 kB
Percpu:             7616 kB
CmaTotal:         294912 kB
CmaFree:               0 kB
MemTotal:       12113144 kB
MemFree:         6509784 kB
MemAvailable:    8101152 kB
Buffers:            5624 kB
Cached:          1652304 kB
SwapCached:            0 kB
Active:          1424292 kB
Inactive:        1449908 kB
Active(anon):    1222928 kB
Inactive(anon):    20132 kB
Active(file):     201364 kB
Inactive(file):  1429776 kB
Unevictable:        5560 kB
Mlocked:            5560 kB
SwapTotal:       3145724 kB
SwapFree:        3145724 kB
Dirty:               176 kB
Writeback:             0 kB
AnonPages:       1221884 kB
Mapped:           817776 kB
Shmem:             22268 kB
KReclaimable:     828932 kB
Slab:             206060 kB
SReclaimable:      67640 kB
SUnreclaim:       138420 kB
KernelStack:       43472 kB
PageTables:        59808 kB
NFS_Unstable:          0 kB
Bounce:                0 kB
WritebackTmp:          0 kB
CommitLimit:     9202296 kB
Committed_AS:   63070936 kB
VmallocTotal:   263061440 kB
VmallocUsed:      100368 kB
VmallocChunk:          0 kB
Percpu:             7616 kB
CmaTotal:         294912 kB
CmaFree:               0 kB
MemTotal:       12113144 kB
MemFree:         6508716 kB
MemAvailable:    8100084 kB
Buffers:            5624 kB
Cached:          1652304 kB
SwapCached:            0 kB
Active:          1424420 kB
Inactive:        1449908 kB
Active(anon):    1223056 kB
Inactive(anon):    20132 kB
Active(file):     201364 kB
Inactive(file):  1429776 kB
Unevictable:        5560 kB
Mlocked:            5560 kB
SwapTotal:       3145724 kB
SwapFree:        3145724 kB
Dirty:               176 kB
Writeback:             0 kB
AnonPages:       1222228 kB
Mapped:           817784 kB
Shmem:             22268 kB
KReclaimable:     828932 kB
Slab:             206124 kB
SReclaimable:      67640 kB
SUnreclaim:       138484 kB
KernelStack:       43488 kB
PageTables:        59832 kB
NFS_Unstable:          0 kB
Bounce:                0 kB
WritebackTmp:          0 kB
CommitLimit:     9202296 kB
Committed_AS:   63070672 kB
VmallocTotal:   263061440 kB
VmallocUsed:      100384 kB
VmallocChunk:          0 kB
Percpu:             7616 kB
CmaTotal:         294912 kB
CmaFree:               0 kB
MemTotal:       12113144 kB
MemFree:         6509368 kB
MemAvailable:    8100748 kB
Buffers:            5624 kB
Cached:          1652320 kB
SwapCached:            0 kB
Active:          1424616 kB
Inactive:        1449920 kB
Active(anon):    1223248 kB
Inactive(anon):    20136 kB
Active(file):     201368 kB
Inactive(file):  1429784 kB
Unevictable:        5560 kB
Mlocked:            5560 kB
SwapTotal:       3145724 kB
SwapFree:        3145724 kB
Dirty:               180 kB
Writeback:             0 kB
AnonPages:       1222272 kB
Mapped:           817776 kB
Shmem:             22272 kB
KReclaimable:     828932 kB
Slab:             206108 kB
SReclaimable:      67640 kB
SUnreclaim:       138468 kB
KernelStack:       43424 kB
PageTables:        59800 kB
NFS_Unstable:          0 kB
Bounce:                0 kB
WritebackTmp:          0 kB
CommitLimit:     9202296 kB
Committed_AS:   63070568 kB
VmallocTotal:   263061440 kB
VmallocUsed:      100352 kB
VmallocChunk:          0 kB
Percpu:             7616 kB
CmaTotal:         294912 kB
CmaFree:               0 kB
MemTotal:       12113144 kB
MemFree:         6508896 kB
MemAvailable:    8100264 kB
Buffers:            5624 kB
Cached:          1652308 kB
SwapCached:            0 kB
Active:          1424684 kB
Inactive:        1449912 kB
Active(anon):    1223320 kB
Inactive(anon):    20136 kB
Active(file):     201364 kB
Inactive(file):  1429776 kB
Unevictable:        5560 kB
Mlocked:            5560 kB
SwapTotal:       3145724 kB
SwapFree:        3145724 kB
Dirty:               176 kB
Writeback:             0 kB
AnonPages:       1222492 kB
Mapped:           817612 kB
Shmem:             22272 kB
KReclaimable:     828932 kB
Slab:             205980 kB
SReclaimable:      67640 kB
SUnreclaim:       138340 kB
KernelStack:       43520 kB
PageTables:        59856 kB
NFS_Unstable:          0 kB
Bounce:                0 kB
WritebackTmp:          0 kB
CommitLimit:     9202296 kB
Committed_AS:   63060140 kB
VmallocTotal:   263061440 kB
VmallocUsed:      100352 kB
VmallocChunk:          0 kB
Percpu:             7616 kB
CmaTotal:         294912 kB
CmaFree:               0 kB
MemTotal:       12113144 kB
MemFree:         6510104 kB
MemAvailable:    8101472 kB
Buffers:            5624 kB
Cached:          1652308 kB
SwapCached:            0 kB
Active:          1424448 kB
Inactive:        1449912 kB
Active(anon):    1223084 kB
Inactive(anon):    20136 kB
Active(file):     201364 kB
Inactive(file):  1429776 kB
Unevictable:        5560 kB
Mlocked:            5560 kB
SwapTotal:       3145724 kB
SwapFree:        3145724 kB
Dirty:               176 kB
Writeback:             0 kB
AnonPages:       1222112 kB
Mapped:           817520 kB
Shmem:             22272 kB
KReclaimable:     828932 kB
Slab:             206180 kB
SReclaimable:      67640 kB
SUnreclaim:       138540 kB
KernelStack:       43504 kB
PageTables:        59884 kB
NFS_Unstable:          0 kB
Bounce:                0 kB
WritebackTmp:          0 kB
CommitLimit:     9202296 kB
Committed_AS:   63063940 kB
VmallocTotal:   263061440 kB
VmallocUsed:      100352 kB
VmallocChunk:          0 kB
Percpu:             7616 kB
CmaTotal:         294912 kB
CmaFree:              36 kB
MemTotal:       12113144 kB
MemFree:         6510352 kB
MemAvailable:    8101712 kB
Buffers:            5624 kB
Cached:          1652300 kB
SwapCached:            0 kB
Active:          1425388 kB
Inactive:        1449908 kB
Active(anon):    1224028 kB
Inactive(anon):    20136 kB
Active(file):     201360 kB
Inactive(file):  1429772 kB
Unevictable:        5560 kB
Mlocked:            5560 kB
SwapTotal:       3145724 kB
SwapFree:        3145724 kB
Dirty:               168 kB
Writeback:             0 kB
AnonPages:       1222624 kB
Mapped:           817776 kB
Shmem:             22272 kB
KReclaimable:     828932 kB
Slab:             205972 kB
SReclaimable:      67640 kB
SUnreclaim:       138332 kB
KernelStack:       43524 kB
PageTables:        60100 kB
NFS_Unstable:          0 kB
Bounce:                0 kB
WritebackTmp:          0 kB
CommitLimit:     9202296 kB
Committed_AS:   63065672 kB
VmallocTotal:   263061440 kB
VmallocUsed:      100352 kB
VmallocChunk:          0 kB
Percpu:             7616 kB
CmaTotal:         294912 kB
CmaFree:               0 kB
MemTotal:       12113144 kB
MemFree:         6510092 kB
MemAvailable:    8101460 kB
Buffers:            5624 kB
Cached:          1652312 kB
SwapCached:            0 kB
Active:          1425536 kB
Inactive:        1449916 kB
Active(anon):    1224172 kB
Inactive(anon):    20140 kB
Active(file):     201364 kB
Inactive(file):  1429776 kB
Unevictable:        5560 kB
Mlocked:            5560 kB
SwapTotal:       3145724 kB
SwapFree:        3145724 kB
Dirty:               180 kB
Writeback:             0 kB
AnonPages:       1223128 kB
Mapped:           817588 kB
Shmem:             22276 kB
KReclaimable:     828932 kB
Slab:             206068 kB
SReclaimable:      67640 kB
SUnreclaim:       138428 kB
KernelStack:       43488 kB
PageTables:        59824 kB
NFS_Unstable:          0 kB
Bounce:                0 kB
WritebackTmp:          0 kB
CommitLimit:     9202296 kB
Committed_AS:   63065384 kB
VmallocTotal:   263061440 kB
VmallocUsed:      100352 kB
VmallocChunk:          0 kB
Percpu:             7616 kB
CmaTotal:         294912 kB
CmaFree:               0 kB
MemTotal:       12113144 kB
MemFree:         6510120 kB
MemAvailable:    8101496 kB
Buffers:            5624 kB
Cached:          1652320 kB
SwapCached:            0 kB
Active:          1425540 kB
Inactive:        1449924 kB
Active(anon):    1224176 kB
Inactive(anon):    20140 kB
Active(file):     201364 kB
Inactive(file):  1429784 kB
Unevictable:        5560 kB
Mlocked:            5560 kB
SwapTotal:       3145724 kB
SwapFree:        3145724 kB
Dirty:               196 kB
Writeback:             0 kB
AnonPages:       1223272 kB
Mapped:           817784 kB
Shmem:             22276 kB
KReclaimable:     828932 kB
Slab:             206084 kB
SReclaimable:      67640 kB
SUnreclaim:       138444 kB
KernelStack:       43456 kB
PageTables:        59800 kB
NFS_Unstable:          0 kB
Bounce:                0 kB
WritebackTmp:          0 kB
CommitLimit:     9202296 kB
Committed_AS:   63065156 kB
VmallocTotal:   263061440 kB
VmallocUsed:      100336 kB
VmallocChunk:          0 kB
Percpu:             7616 kB
CmaTotal:         294912 kB
CmaFree:               0 kB
MemTotal:       12113144 kB
MemFree:         6509228 kB
MemAvailable:    8100604 kB
Buffers:            5624 kB
Cached:          1652320 kB
SwapCached:            0 kB
Active:          1425872 kB
Inactive:        1449924 kB
Active(anon):    1224508 kB
Inactive(anon):    20140 kB
Active(file):     201364 kB
Inactive(file):  1429784 kB
Unevictable:        5560 kB
Mlocked:            5560 kB
SwapTotal:       3145724 kB
SwapFree:        3145724 kB
Dirty:               196 kB
Writeback:             0 kB
AnonPages:       1223312 kB
Mapped:           817792 kB
Shmem:             22276 kB
KReclaimable:     828932 kB
Slab:             206068 kB
SReclaimable:      67640 kB
SUnreclaim:       138428 kB
KernelStack:       43440 kB
PageTables:        59828 kB
NFS_Unstable:          0 kB
Bounce:                0 kB
WritebackTmp:          0 kB
CommitLimit:     9202296 kB
Committed_AS:   63065024 kB
VmallocTotal:   263061440 kB
VmallocUsed:      100352 kB
VmallocChunk:          0 kB
Percpu:             7616 kB
CmaTotal:         294912 kB
CmaFree:               0 kB
MemTotal:       12113144 kB
MemFree:         6509328 kB
MemAvailable:    8100704 kB
Buffers:            5624 kB
Cached:          1652320 kB
SwapCached:            0 kB
Active:          1426360 kB
Inactive:        1449924 kB
Active(anon):    1224996 kB
Inactive(anon):    20140 kB
Active(file):     201364 kB
Inactive(file):  1429784 kB
Unevictable:        5560 kB
Mlocked:            5560 kB
SwapTotal:       3145724 kB
SwapFree:        3145724 kB
Dirty:               188 kB
Writeback:             0 kB
AnonPages:       1224092 kB
Mapped:           817784 kB
Shmem:             22276 kB
KReclaimable:     828932 kB
Slab:             206084 kB
SReclaimable:      67640 kB
SUnreclaim:       138444 kB
KernelStack:       43456 kB
PageTables:        59804 kB
NFS_Unstable:          0 kB
Bounce:                0 kB
WritebackTmp:          0 kB
CommitLimit:     9202296 kB
Committed_AS:   63064716 kB
VmallocTotal:   263061440 kB
VmallocUsed:      100352 kB
VmallocChunk:          0 kB
Percpu:             7616 kB
CmaTotal:         294912 kB
CmaFree:               0 kB
MemTotal:       12113144 kB
MemFree:         6507796 kB
MemAvailable:    8099172 kB
Buffers:            5624 kB
Cached:          1652320 kB
SwapCached:            0 kB
Active:          1426492 kB
Inactive:        1449924 kB
Active(anon):    1225128 kB
Inactive(anon):    20140 kB
Active(file):     201364 kB
Inactive(file):  1429784 kB
Unevictable:        5560 kB
Mlocked:            5560 kB
SwapTotal:       3145724 kB
SwapFree:        3145724 kB
Dirty:               188 kB
Writeback:             0 kB
AnonPages:       1224508 kB
Mapped:           817780 kB
Shmem:             22276 kB
KReclaimable:     828932 kB
Slab:             206036 kB
SReclaimable:      67640 kB
SUnreclaim:       138396 kB
KernelStack:       43472 kB
PageTables:        59800 kB
NFS_Unstable:          0 kB
Bounce:                0 kB
WritebackTmp:          0 kB
CommitLimit:     9202296 kB
Committed_AS:   63060736 kB
VmallocTotal:   263061440 kB
VmallocUsed:      100352 kB
VmallocChunk:          0 kB
Percpu:             7616 kB
CmaTotal:         294912 kB
CmaFree:               0 kB
MemTotal:       12113144 kB
MemFree:         6507324 kB
MemAvailable:    8098700 kB
Buffers:            5624 kB
Cached:          1652320 kB
SwapCached:            0 kB
Active:          1426632 kB
Inactive:        1449924 kB
Active(anon):    1225268 kB
Inactive(anon):    20140 kB
Active(file):     201364 kB
Inactive(file):  1429784 kB
Unevictable:        5560 kB
Mlocked:            5560 kB
SwapTotal:       3145724 kB
SwapFree:        3145724 kB
Dirty:               188 kB
Writeback:             0 kB
AnonPages:       1224404 kB
Mapped:           817848 kB
Shmem:             22276 kB
KReclaimable:     828932 kB
Slab:             206124 kB
SReclaimable:      67640 kB
SUnreclaim:       138484 kB
KernelStack:       43488 kB
PageTables:        59860 kB
NFS_Unstable:          0 kB
Bounce:                0 kB
WritebackTmp:          0 kB
CommitLimit:     9202296 kB
Committed_AS:   63060516 kB
VmallocTotal:   263061440 kB
VmallocUsed:      100368 kB
VmallocChunk:          0 kB
Percpu:             7616 kB
CmaTotal:         294912 kB
CmaFree:               0 kB
MemTotal:       12113144 kB
MemFree:         6506688 kB
MemAvailable:    8098064 kB
Buffers:            5624 kB
Cached:          1652320 kB
SwapCached:            0 kB
Active:          1427860 kB
Inactive:        1449924 kB
Active(anon):    1226496 kB
Inactive(anon):    20140 kB
Active(file):     201364 kB
Inactive(file):  1429784 kB
Unevictable:        5560 kB
Mlocked:            5560 kB
SwapTotal:       3145724 kB
SwapFree:        3145724 kB
Dirty:               188 kB
Writeback:             0 kB
AnonPages:       1225620 kB
Mapped:           817648 kB
Shmem:             22276 kB
KReclaimable:     828932 kB
Slab:             206108 kB
SReclaimable:      67640 kB
SUnreclaim:       138468 kB
KernelStack:       43492 kB
PageTables:        59720 kB
NFS_Unstable:          0 kB
Bounce:                0 kB
WritebackTmp:          0 kB
CommitLimit:     9202296 kB
Committed_AS:   63060744 kB
VmallocTotal:   263061440 kB
VmallocUsed:      100368 kB
VmallocChunk:          0 kB
Percpu:             7616 kB
CmaTotal:         294912 kB
CmaFree:               0 kB
MemTotal:       12113144 kB
MemFree:         6517256 kB
MemAvailable:    8108644 kB
Buffers:            5628 kB
Cached:          1652328 kB
SwapCached:            0 kB
Active:          1417420 kB
Inactive:        1449932 kB
Active(anon):    1216052 kB
Inactive(anon):    20140 kB
Active(file):     201368 kB
Inactive(file):  1429792 kB
Unevictable:        5560 kB
Mlocked:            5560 kB
SwapTotal:       3145724 kB
SwapFree:        3145724 kB
Dirty:               180 kB
Writeback:             0 kB
AnonPages:       1215176 kB
Mapped:           817524 kB
Shmem:             22276 kB
KReclaimable:     828932 kB
Slab:             206072 kB
SReclaimable:      67640 kB
SUnreclaim:       138432 kB
KernelStack:       43456 kB
PageTables:        59808 kB
NFS_Unstable:          0 kB
Bounce:                0 kB
WritebackTmp:          0 kB
CommitLimit:     9202296 kB
Committed_AS:   63060560 kB
VmallocTotal:   263061440 kB
VmallocUsed:      100352 kB
VmallocChunk:          0 kB
Percpu:             7616 kB
CmaTotal:         294912 kB
CmaFree:               0 kB
MemTotal:       12113144 kB
MemFree:         6516876 kB
MemAvailable:    8108264 kB
Buffers:            5628 kB
Cached:          1652328 kB
SwapCached:            0 kB
Active:          1417920 kB
Inactive:        1449932 kB
Active(anon):    1216552 kB
Inactive(anon):    20140 kB
Active(file):     201368 kB
Inactive(file):  1429792 kB
Unevictable:        5560 kB
Mlocked:            5560 kB
SwapTotal:       3145724 kB
SwapFree:        3145724 kB
Dirty:               180 kB
Writeback:             0 kB
AnonPages:       1215512 kB
Mapped:           817724 kB
Shmem:             22276 kB
KReclaimable:     828932 kB
Slab:             206096 kB
SReclaimable:      67640 kB
SUnreclaim:       138456 kB
KernelStack:       43440 kB
PageTables:        59788 kB
NFS_Unstable:          0 kB
Bounce:                0 kB
WritebackTmp:          0 kB
CommitLimit:     9202296 kB
Committed_AS:   63060252 kB
VmallocTotal:   263061440 kB
VmallocUsed:      100336 kB
VmallocChunk:          0 kB
Percpu:             7616 kB
CmaTotal:         294912 kB
CmaFree:               0 kB
MemTotal:       12113144 kB
MemFree:         6516188 kB
MemAvailable:    8107576 kB
Buffers:            5628 kB
Cached:          1652328 kB
SwapCached:            0 kB
Active:          1418128 kB
Inactive:        1449932 kB
Active(anon):    1216760 kB
Inactive(anon):    20140 kB
Active(file):     201368 kB
Inactive(file):  1429792 kB
Unevictable:        5560 kB
Mlocked:            5560 kB
SwapTotal:       3145724 kB
SwapFree:        3145724 kB
Dirty:               180 kB
Writeback:             0 kB
AnonPages:       1215728 kB
Mapped:           817772 kB
Shmem:             22276 kB
KReclaimable:     828932 kB
Slab:             206064 kB
SReclaimable:      67640 kB
SUnreclaim:       138424 kB
KernelStack:       43472 kB
PageTables:        59796 kB
NFS_Unstable:          0 kB
Bounce:                0 kB
WritebackTmp:          0 kB
CommitLimit:     9202296 kB
Committed_AS:   63060116 kB
VmallocTotal:   263061440 kB
VmallocUsed:      100336 kB
VmallocChunk:          0 kB
Percpu:             7616 kB
CmaTotal:         294912 kB
CmaFree:               0 kB
MemTotal:       12113144 kB
MemFree:         6515628 kB
MemAvailable:    8107016 kB
Buffers:            5628 kB
Cached:          1652332 kB
SwapCached:            0 kB
Active:          1418680 kB
Inactive:        1449936 kB
Active(anon):    1217312 kB
Inactive(anon):    20144 kB
Active(file):     201368 kB
Inactive(file):  1429792 kB
Unevictable:        5560 kB
Mlocked:            5560 kB
SwapTotal:       3145724 kB
SwapFree:        3145724 kB
Dirty:               180 kB
Writeback:             0 kB
AnonPages:       1216176 kB
Mapped:           817728 kB
Shmem:             22280 kB
KReclaimable:     828932 kB
Slab:             206088 kB
SReclaimable:      67640 kB
SUnreclaim:       138448 kB
KernelStack:       43472 kB
PageTables:        59920 kB
NFS_Unstable:          0 kB
Bounce:                0 kB
WritebackTmp:          0 kB
CommitLimit:     9202296 kB
Committed_AS:   63060196 kB
VmallocTotal:   263061440 kB
VmallocUsed:      100336 kB
VmallocChunk:          0 kB
Percpu:             7616 kB
CmaTotal:         294912 kB
CmaFree:               0 kB
MemTotal:       12113144 kB
MemFree:         6516252 kB
MemAvailable:    8107640 kB
Buffers:            5628 kB
Cached:          1652332 kB
SwapCached:            0 kB
Active:          1418124 kB
Inactive:        1449936 kB
Active(anon):    1216756 kB
Inactive(anon):    20144 kB
Active(file):     201368 kB
Inactive(file):  1429792 kB
Unevictable:        5560 kB
Mlocked:            5560 kB
SwapTotal:       3145724 kB
SwapFree:        3145724 kB
Dirty:               184 kB
Writeback:             0 kB
AnonPages:       1215148 kB
Mapped:           817788 kB
Shmem:             22280 kB
KReclaimable:     828932 kB
Slab:             206056 kB
SReclaimable:      67640 kB
SUnreclaim:       138416 kB
KernelStack:       43492 kB
PageTables:        59820 kB
NFS_Unstable:          0 kB
Bounce:                0 kB
WritebackTmp:          0 kB
CommitLimit:     9202296 kB
Committed_AS:   63060368 kB
VmallocTotal:   263061440 kB
VmallocUsed:      100352 kB
VmallocChunk:          0 kB
Percpu:             7616 kB
CmaTotal:         294912 kB
CmaFree:               0 kB
MemTotal:       12113144 kB
MemFree:         6516204 kB
MemAvailable:    8107592 kB
Buffers:            5628 kB
Cached:          1652332 kB
SwapCached:            0 kB
Active:          1418244 kB
Inactive:        1449936 kB
Active(anon):    1216876 kB
Inactive(anon):    20144 kB
Active(file):     201368 kB
Inactive(file):  1429792 kB
Unevictable:        5560 kB
Mlocked:            5560 kB
SwapTotal:       3145724 kB
SwapFree:        3145724 kB
Dirty:               180 kB
Writeback:             0 kB
AnonPages:       1216056 kB
Mapped:           817728 kB
Shmem:             22280 kB
KReclaimable:     828932 kB
Slab:             206104 kB
SReclaimable:      67640 kB
SUnreclaim:       138464 kB
KernelStack:       43472 kB
PageTables:        60036 kB
NFS_Unstable:          0 kB
Bounce:                0 kB
WritebackTmp:          0 kB
CommitLimit:     9202296 kB
Committed_AS:   63059800 kB
VmallocTotal:   263061440 kB
VmallocUsed:      100352 kB
VmallocChunk:          0 kB
Percpu:             7616 kB
CmaTotal:         294912 kB
CmaFree:               0 kB
MemTotal:       12113144 kB
MemFree:         6516764 kB
MemAvailable:    8108152 kB
Buffers:            5628 kB
Cached:          1652332 kB
SwapCached:            0 kB
Active:          1418400 kB
Inactive:        1449936 kB
Active(anon):    1217032 kB
Inactive(anon):    20144 kB
Active(file):     201368 kB
Inactive(file):  1429792 kB
Unevictable:        5560 kB
Mlocked:            5560 kB
SwapTotal:       3145724 kB
SwapFree:        3145724 kB
Dirty:               180 kB
Writeback:             0 kB
AnonPages:       1216060 kB
Mapped:           817752 kB
Shmem:             22280 kB
KReclaimable:     828932 kB
Slab:             206180 kB
SReclaimable:      67640 kB
SUnreclaim:       138540 kB
KernelStack:       43456 kB
PageTables:        59644 kB
NFS_Unstable:          0 kB
Bounce:                0 kB
WritebackTmp:          0 kB
CommitLimit:     9202296 kB
Committed_AS:   63059492 kB
VmallocTotal:   263061440 kB
VmallocUsed:      100336 kB
VmallocChunk:          0 kB
Percpu:             7616 kB
CmaTotal:         294912 kB
CmaFree:               0 kB
MemTotal:       12113144 kB
MemFree:         6515200 kB
MemAvailable:    8106588 kB
Buffers:            5628 kB
Cached:          1652332 kB
SwapCached:            0 kB
Active:          1419052 kB
Inactive:        1449936 kB
Active(anon):    1217684 kB
Inactive(anon):    20144 kB
Active(file):     201368 kB
Inactive(file):  1429792 kB
Unevictable:        5560 kB
Mlocked:            5560 kB
SwapTotal:       3145724 kB
SwapFree:        3145724 kB
Dirty:               180 kB
Writeback:             0 kB
AnonPages:       1216612 kB
Mapped:           817788 kB
Shmem:             22280 kB
KReclaimable:     828932 kB
Slab:             206044 kB
SReclaimable:      67640 kB
SUnreclaim:       138404 kB
KernelStack:       43456 kB
PageTables:        59808 kB
NFS_Unstable:          0 kB
Bounce:                0 kB
WritebackTmp:          0 kB
CommitLimit:     9202296 kB
Committed_AS:   63058856 kB
VmallocTotal:   263061440 kB
VmallocUsed:      100320 kB
VmallocChunk:          0 kB
Percpu:             7616 kB
CmaTotal:         294912 kB
CmaFree:               0 kB
MemTotal:       12113144 kB
MemFree:         6515656 kB
MemAvailable:    8107044 kB
Buffers:            5628 kB
Cached:          1652332 kB
SwapCached:            0 kB
Active:          1419348 kB
Inactive:        1449936 kB
Active(anon):    1217980 kB
Inactive(anon):    20144 kB
Active(file):     201368 kB
Inactive(file):  1429792 kB
Unevictable:        5560 kB
Mlocked:            5560 kB
SwapTotal:       3145724 kB
SwapFree:        3145724 kB
Dirty:               180 kB
Writeback:             0 kB
AnonPages:       1217040 kB
Mapped:           817788 kB
Shmem:             22280 kB
KReclaimable:     828932 kB
Slab:             206080 kB
SReclaimable:      67640 kB
SUnreclaim:       138440 kB
KernelStack:       43456 kB
PageTables:        59808 kB
NFS_Unstable:          0 kB
Bounce:                0 kB
WritebackTmp:          0 kB
CommitLimit:     9202296 kB
Committed_AS:   63059124 kB
VmallocTotal:   263061440 kB
VmallocUsed:      100352 kB
VmallocChunk:          0 kB
Percpu:             7616 kB
CmaTotal:         294912 kB
CmaFree:               0 kB
MemTotal:       12113144 kB
MemFree:         6514852 kB
MemAvailable:    8106252 kB
Buffers:            5628 kB
Cached:          1652344 kB
SwapCached:            0 kB
Active:          1419944 kB
Inactive:        1449948 kB
Active(anon):    1218576 kB
Inactive(anon):    20144 kB
Active(file):     201368 kB
Inactive(file):  1429804 kB
Unevictable:        5560 kB
Mlocked:            5560 kB
SwapTotal:       3145724 kB
SwapFree:        3145724 kB
Dirty:               212 kB
Writeback:             0 kB
AnonPages:       1217492 kB
Mapped:           817568 kB
Shmem:             22280 kB
KReclaimable:     828932 kB
Slab:             206096 kB
SReclaimable:      67640 kB
SUnreclaim:       138456 kB
KernelStack:       43472 kB
PageTables:        59824 kB
NFS_Unstable:          0 kB
Bounce:                0 kB
WritebackTmp:          0 kB
CommitLimit:     9202296 kB
Committed_AS:   63059128 kB
VmallocTotal:   263061440 kB
VmallocUsed:      100352 kB
VmallocChunk:          0 kB
Percpu:             7616 kB
CmaTotal:         294912 kB
CmaFree:               0 kB
MemTotal:       12113144 kB
MemFree:         6514284 kB
MemAvailable:    8105688 kB
Buffers:            5628 kB
Cached:          1652344 kB
SwapCached:            0 kB
Active:          1420168 kB
Inactive:        1449948 kB
Active(anon):    1218800 kB
Inactive(anon):    20144 kB
Active(file):     201368 kB
Inactive(file):  1429804 kB
Unevictable:        5560 kB
Mlocked:            5560 kB
SwapTotal:       3145724 kB
SwapFree:        3145724 kB
Dirty:               212 kB
Writeback:             0 kB
AnonPages:       1217856 kB
Mapped:           817820 kB
Shmem:             22280 kB
KReclaimable:     828936 kB
Slab:             206100 kB
SReclaimable:      67644 kB
SUnreclaim:       138456 kB
KernelStack:       43472 kB
PageTables:        59920 kB
NFS_Unstable:          0 kB
Bounce:                0 kB
WritebackTmp:          0 kB
CommitLimit:     9202296 kB
Committed_AS:   63058932 kB
VmallocTotal:   263061440 kB
VmallocUsed:      100352 kB
VmallocChunk:          0 kB
Percpu:             7616 kB
CmaTotal:         294912 kB
CmaFree:               0 kB
MemTotal:       12113144 kB
MemFree:         6513736 kB
MemAvailable:    8105152 kB
Buffers:            5628 kB
Cached:          1652360 kB
SwapCached:            0 kB
Active:          1420528 kB
Inactive:        1449960 kB
Active(anon):    1219156 kB
Inactive(anon):    20148 kB
Active(file):     201372 kB
Inactive(file):  1429812 kB
Unevictable:        5560 kB
Mlocked:            5560 kB
SwapTotal:       3145724 kB
SwapFree:        3145724 kB
Dirty:               220 kB
Writeback:             8 kB
AnonPages:       1218324 kB
Mapped:           817560 kB
Shmem:             22284 kB
KReclaimable:     828936 kB
Slab:             206164 kB
SReclaimable:      67644 kB
SUnreclaim:       138520 kB
KernelStack:       43472 kB
PageTables:        59800 kB
NFS_Unstable:          0 kB
Bounce:                0 kB
WritebackTmp:          0 kB
CommitLimit:     9202296 kB
Committed_AS:   63058580 kB
VmallocTotal:   263061440 kB
VmallocUsed:      100368 kB
VmallocChunk:          0 kB
Percpu:             7616 kB
CmaTotal:         294912 kB
CmaFree:               0 kB
MemTotal:       12113144 kB
MemFree:         6513736 kB
MemAvailable:    8105140 kB
Buffers:            5628 kB
Cached:          1652348 kB
SwapCached:            0 kB
Active:          1421196 kB
Inactive:        1449952 kB
Active(anon):    1219828 kB
Inactive(anon):    20148 kB
Active(file):     201368 kB
Inactive(file):  1429804 kB
Unevictable:        5560 kB
Mlocked:            5560 kB
SwapTotal:       3145724 kB
SwapFree:        3145724 kB
Dirty:               212 kB
Writeback:             0 kB
AnonPages:       1218852 kB
Mapped:           817756 kB
Shmem:             22284 kB
KReclaimable:     828936 kB
Slab:             206156 kB
SReclaimable:      67644 kB
SUnreclaim:       138512 kB
KernelStack:       43508 kB
PageTables:        59804 kB
NFS_Unstable:          0 kB
Bounce:                0 kB
WritebackTmp:          0 kB
CommitLimit:     9202296 kB
Committed_AS:   63058280 kB
VmallocTotal:   263061440 kB
VmallocUsed:      100368 kB
VmallocChunk:          0 kB
Percpu:             7616 kB
CmaTotal:         294912 kB
CmaFree:               0 kB
MemTotal:       12113144 kB
MemFree:         6513536 kB
MemAvailable:    8104940 kB
Buffers:            5628 kB
Cached:          1652356 kB
SwapCached:            0 kB
Active:          1421376 kB
Inactive:        1449960 kB
Active(anon):    1220008 kB
Inactive(anon):    20156 kB
Active(file):     201368 kB
Inactive(file):  1429804 kB
Unevictable:        5560 kB
Mlocked:            5560 kB
SwapTotal:       3145724 kB
SwapFree:        3145724 kB
Dirty:               220 kB
Writeback:             0 kB
AnonPages:       1218952 kB
Mapped:           817780 kB
Shmem:             22292 kB
KReclaimable:     828936 kB
Slab:             206100 kB
SReclaimable:      67644 kB
SUnreclaim:       138456 kB
KernelStack:       43488 kB
PageTables:        59840 kB
NFS_Unstable:          0 kB
Bounce:                0 kB
WritebackTmp:          0 kB
CommitLimit:     9202296 kB
Committed_AS:   63058564 kB
VmallocTotal:   263061440 kB
VmallocUsed:      100368 kB
VmallocChunk:          0 kB
Percpu:             7616 kB
CmaTotal:         294912 kB
CmaFree:               0 kB
MemTotal:       12113144 kB
MemFree:         6513628 kB
MemAvailable:    8105032 kB
Buffers:            5628 kB
Cached:          1652356 kB
SwapCached:            0 kB
Active:          1421448 kB
Inactive:        1449960 kB
Active(anon):    1220080 kB
Inactive(anon):    20156 kB
Active(file):     201368 kB
Inactive(file):  1429804 kB
Unevictable:        5560 kB
Mlocked:            5560 kB
SwapTotal:       3145724 kB
SwapFree:        3145724 kB
Dirty:               220 kB
Writeback:             0 kB
AnonPages:       1219104 kB
Mapped:           817460 kB
Shmem:             22292 kB
KReclaimable:     828936 kB
Slab:             206100 kB
SReclaimable:      67644 kB
SUnreclaim:       138456 kB
KernelStack:       43504 kB
PageTables:        59820 kB
NFS_Unstable:          0 kB
Bounce:                0 kB
WritebackTmp:          0 kB
CommitLimit:     9202296 kB
Committed_AS:   63058668 kB
VmallocTotal:   263061440 kB
VmallocUsed:      100352 kB
VmallocChunk:          0 kB
Percpu:             7616 kB
CmaTotal:         294912 kB
CmaFree:               0 kB
MemTotal:       12113144 kB
MemFree:         6513056 kB
MemAvailable:    8104480 kB
Buffers:            5636 kB
Cached:          1652368 kB
SwapCached:            0 kB
Active:          1421960 kB
Inactive:        1449972 kB
Active(anon):    1220584 kB
Inactive(anon):    20156 kB
Active(file):     201376 kB
Inactive(file):  1429816 kB
Unevictable:        5560 kB
Mlocked:            5560 kB
SwapTotal:       3145724 kB
SwapFree:        3145724 kB
Dirty:               200 kB
Writeback:             0 kB
AnonPages:       1219708 kB
Mapped:           817832 kB
Shmem:             22292 kB
KReclaimable:     828936 kB
Slab:             206108 kB
SReclaimable:      67644 kB
SUnreclaim:       138464 kB
KernelStack:       43456 kB
PageTables:        59808 kB
NFS_Unstable:          0 kB
Bounce:                0 kB
WritebackTmp:          0 kB
CommitLimit:     9202296 kB
Committed_AS:   63058624 kB
VmallocTotal:   263061440 kB
VmallocUsed:      100352 kB
VmallocChunk:          0 kB
Percpu:             7616 kB
CmaTotal:         294912 kB
CmaFree:               0 kB
MemTotal:       12113144 kB
MemFree:         6515944 kB
MemAvailable:    8107368 kB
Buffers:            5636 kB
Cached:          1652368 kB
SwapCached:            0 kB
Active:          1418568 kB
Inactive:        1449972 kB
Active(anon):    1217192 kB
Inactive(anon):    20156 kB
Active(file):     201376 kB
Inactive(file):  1429816 kB
Unevictable:        5560 kB
Mlocked:            5560 kB
SwapTotal:       3145724 kB
SwapFree:        3145724 kB
Dirty:               108 kB
Writeback:             0 kB
AnonPages:       1216336 kB
Mapped:           817612 kB
Shmem:             22292 kB
KReclaimable:     828936 kB
Slab:             206100 kB
SReclaimable:      67644 kB
SUnreclaim:       138456 kB
KernelStack:       43488 kB
PageTables:        59828 kB
NFS_Unstable:          0 kB
Bounce:                0 kB
WritebackTmp:          0 kB
CommitLimit:     9202296 kB
Committed_AS:   63058628 kB
VmallocTotal:   263061440 kB
VmallocUsed:      100352 kB
VmallocChunk:          0 kB
Percpu:             7616 kB
CmaTotal:         294912 kB
CmaFree:               0 kB
MemTotal:       12113144 kB
MemFree:         6515788 kB
MemAvailable:    8107208 kB
Buffers:            5636 kB
Cached:          1652364 kB
SwapCached:            0 kB
Active:          1419496 kB
Inactive:        1449972 kB
Active(anon):    1218124 kB
Inactive(anon):    20156 kB
Active(file):     201372 kB
Inactive(file):  1429816 kB
Unevictable:        5560 kB
Mlocked:            5560 kB
SwapTotal:       3145724 kB
SwapFree:        3145724 kB
Dirty:               100 kB
Writeback:             0 kB
AnonPages:       1216892 kB
Mapped:           817812 kB
Shmem:             22292 kB
KReclaimable:     828936 kB
Slab:             206116 kB
SReclaimable:      67644 kB
SUnreclaim:       138472 kB
KernelStack:       43472 kB
PageTables:        59796 kB
NFS_Unstable:          0 kB
Bounce:                0 kB
WritebackTmp:          0 kB
CommitLimit:     9202296 kB
Committed_AS:   63058408 kB
VmallocTotal:   263061440 kB
VmallocUsed:      100352 kB
