MemTotal:        5980404 kB
MemFree:         1245792 kB
MemAvailable:    2812492 kB
Buffers:            5016 kB
Cached:          1592840 kB
SwapCached:            0 kB
Active:          1295340 kB
Inactive:        1412968 kB
Active(anon):    1117052 kB
Inactive(anon):    18100 kB
Active(file):     178288 kB
Inactive(file):  1394868 kB
Unevictable:        5636 kB
Mlocked:            5636 kB
SwapTotal:       3670008 kB
SwapFree:        3670008 kB
Dirty:               480 kB
Writeback:             0 kB
AnonPages:       1115924 kB
Mapped:           812972 kB
Shmem:             20100 kB
KReclaimable:     555976 kB
Slab:             223892 kB
SReclaimable:      68104 kB
SUnreclaim:       155788 kB
KernelStack:       45744 kB
PageTables:        60820 kB
NFS_Unstable:          0 kB
Bounce:                0 kB
WritebackTmp:          0 kB
CommitLimit:     6660208 kB
Committed_AS:   71274164 kB
VmallocTotal:   263061440 kB
VmallocUsed:       86172 kB
VmallocChunk:          0 kB
Percpu:             7552 kB
CmaTotal:         315392 kB
CmaFree:               0 kB
MemTotal:        5980404 kB
MemFree:         1244656 kB
MemAvailable:    2811372 kB
Buffers:            5016 kB
Cached:          1592860 kB
SwapCached:            0 kB
Active:          1296448 kB
Inactive:        1412984 kB
Active(anon):    1118156 kB
Inactive(anon):    18100 kB
Active(file):     178292 kB
Inactive(file):  1394884 kB
Unevictable:        5636 kB
Mlocked:            5636 kB
SwapTotal:       3670008 kB
SwapFree:        3670008 kB
Dirty:               588 kB
Writeback:             0 kB
AnonPages:       1117072 kB
Mapped:           813100 kB
Shmem:             20100 kB
KReclaimable:     555972 kB
Slab:             223956 kB
SReclaimable:      68100 kB
SUnreclaim:       155856 kB
KernelStack:       45696 kB
PageTables:        60736 kB
NFS_Unstable:          0 kB
Bounce:                0 kB
WritebackTmp:          0 kB
CommitLimit:     6660208 kB
Committed_AS:   71275960 kB
VmallocTotal:   263061440 kB
VmallocUsed:       86220 kB
VmallocChunk:          0 kB
Percpu:             7552 kB
CmaTotal:         315392 kB
CmaFree:               0 kB
MemTotal:        5980404 kB
MemFree:         1241488 kB
MemAvailable:    2808232 kB
Buffers:            5020 kB
Cached:          1592908 kB
SwapCached:            0 kB
Active:          1298728 kB
Inactive:        1413032 kB
Active(anon):    1120432 kB
Inactive(anon):    18124 kB
Active(file):     178296 kB
Inactive(file):  1394908 kB
Unevictable:        5636 kB
Mlocked:            5636 kB
SwapTotal:       3670008 kB
SwapFree:        3670008 kB
Dirty:               548 kB
Writeback:             0 kB
AnonPages:       1119576 kB
Mapped:           813124 kB
Shmem:             20124 kB
KReclaimable:     555972 kB
Slab:             223976 kB
SReclaimable:      68100 kB
SUnreclaim:       155876 kB
KernelStack:       45792 kB
PageTables:        61028 kB
NFS_Unstable:          0 kB
Bounce:                0 kB
WritebackTmp:          0 kB
CommitLimit:     6660208 kB
Committed_AS:   71281352 kB
VmallocTotal:   263061440 kB
VmallocUsed:       86268 kB
VmallocChunk:          0 kB
Percpu:             7552 kB
CmaTotal:         315392 kB
CmaFree:               0 kB
MemTotal:        5980404 kB
MemFree:         1239616 kB
MemAvailable:    2806360 kB
Buffers:            5020 kB
Cached:          1592912 kB
SwapCached:            0 kB
Active:          1300204 kB
Inactive:        1413036 kB
Active(anon):    1121908 kB
Inactive(anon):    18128 kB
Active(file):     178296 kB
Inactive(file):  1394908 kB
Unevictable:        5636 kB
Mlocked:            5636 kB
SwapTotal:       3670008 kB
SwapFree:        3670008 kB
Dirty:               392 kB
Writeback:             0 kB
AnonPages:       1121032 kB
Mapped:           813128 kB
Shmem:             20128 kB
KReclaimable:     555972 kB
Slab:             223976 kB
SReclaimable:      68100 kB
SUnreclaim:       155876 kB
KernelStack:       45888 kB
PageTables:        60824 kB
NFS_Unstable:          0 kB
Bounce:                0 kB
WritebackTmp:          0 kB
CommitLimit:     6660208 kB
Committed_AS:   71280596 kB
VmallocTotal:   263061440 kB
VmallocUsed:       86380 kB
VmallocChunk:          0 kB
Percpu:             7552 kB
CmaTotal:         315392 kB
CmaFree:               0 kB
MemTotal:        5980404 kB
MemFree:         1238364 kB
MemAvailable:    2805108 kB
Buffers:            5020 kB
Cached:          1592912 kB
SwapCached:            0 kB
Active:          1301872 kB
Inactive:        1413036 kB
Active(anon):    1123576 kB
Inactive(anon):    18128 kB
Active(file):     178296 kB
Inactive(file):  1394908 kB
Unevictable:        5636 kB
Mlocked:            5636 kB
SwapTotal:       3670008 kB
SwapFree:        3670008 kB
Dirty:               564 kB
Writeback:             0 kB
AnonPages:       1122276 kB
Mapped:           812940 kB
Shmem:             20128 kB
KReclaimable:     555972 kB
Slab:             223968 kB
SReclaimable:      68100 kB
SUnreclaim:       155868 kB
KernelStack:       45904 kB
PageTables:        60720 kB
NFS_Unstable:          0 kB
Bounce:                0 kB
WritebackTmp:          0 kB
CommitLimit:     6660208 kB
Committed_AS:   71279820 kB
VmallocTotal:   263061440 kB
VmallocUsed:       86300 kB
VmallocChunk:          0 kB
Percpu:             7552 kB
CmaTotal:         315392 kB
CmaFree:               0 kB
MemTotal:        5980404 kB
MemFree:         1236568 kB
MemAvailable:    2803324 kB
Buffers:            5020 kB
Cached:          1592936 kB
SwapCached:            0 kB
Active:          1303456 kB
Inactive:        1413060 kB
Active(anon):    1125160 kB
Inactive(anon):    18140 kB
Active(file):     178296 kB
Inactive(file):  1394920 kB
Unevictable:        5636 kB
Mlocked:            5636 kB
SwapTotal:       3670008 kB
SwapFree:        3670008 kB
Dirty:              1632 kB
Writeback:             0 kB
AnonPages:       1123964 kB
Mapped:           813140 kB
Shmem:             20140 kB
KReclaimable:     555972 kB
Slab:             223968 kB
SReclaimable:      68100 kB
SUnreclaim:       155868 kB
KernelStack:       45936 kB
PageTables:        60972 kB
NFS_Unstable:          0 kB
Bounce:                0 kB
WritebackTmp:          0 kB
CommitLimit:     6660208 kB
Committed_AS:   71276784 kB
VmallocTotal:   263061440 kB
VmallocUsed:       86348 kB
VmallocChunk:          0 kB
Percpu:             7552 kB
CmaTotal:         315392 kB
CmaFree:               0 kB
MemTotal:        5980404 kB
MemFree:         1235748 kB
MemAvailable:    2802520 kB
Buffers:            5024 kB
Cached:          1592968 kB
SwapCached:            0 kB
Active:          1303860 kB
Inactive:        1413092 kB
Active(anon):    1125560 kB
Inactive(anon):    18160 kB
Active(file):     178300 kB
Inactive(file):  1394932 kB
Unevictable:        5636 kB
Mlocked:            5636 kB
SwapTotal:       3670008 kB
SwapFree:        3670008 kB
Dirty:              1736 kB
Writeback:             0 kB
AnonPages:       1124676 kB
Mapped:           813120 kB
Shmem:             20160 kB
KReclaimable:     555972 kB
Slab:             223960 kB
SReclaimable:      68100 kB
SUnreclaim:       155860 kB
KernelStack:       45904 kB
PageTables:        60788 kB
NFS_Unstable:          0 kB
Bounce:                0 kB
WritebackTmp:          0 kB
CommitLimit:     6660208 kB
Committed_AS:   71286416 kB
VmallocTotal:   263061440 kB
VmallocUsed:       86380 kB
VmallocChunk:          0 kB
Percpu:             7552 kB
CmaTotal:         315392 kB
CmaFree:               0 kB
MemTotal:        5980404 kB
MemFree:         1234104 kB
MemAvailable:    2800864 kB
Buffers:            5024 kB
Cached:          1592992 kB
SwapCached:            0 kB
Active:          1306140 kB
Inactive:        1413108 kB
Active(anon):    1127832 kB
Inactive(anon):    18184 kB
Active(file):     178308 kB
Inactive(file):  1394924 kB
Unevictable:        5636 kB
Mlocked:            5636 kB
SwapTotal:       3670008 kB
SwapFree:        3670008 kB
Dirty:              1840 kB
Writeback:             0 kB
AnonPages:       1126168 kB
Mapped:           813248 kB
Shmem:             20184 kB
KReclaimable:     555960 kB
Slab:             223948 kB
SReclaimable:      68088 kB
SUnreclaim:       155860 kB
KernelStack:       45904 kB
PageTables:        60860 kB
NFS_Unstable:          0 kB
Bounce:                0 kB
WritebackTmp:          0 kB
CommitLimit:     6660208 kB
Committed_AS:   71283836 kB
VmallocTotal:   263061440 kB
VmallocUsed:       86348 kB
VmallocChunk:          0 kB
Percpu:             7552 kB
CmaTotal:         315392 kB
CmaFree:               0 kB
MemTotal:        5980404 kB
MemFree:         1127892 kB
MemAvailable:    2784736 kB
Buffers:            5388 kB
Cached:          1681200 kB
SwapCached:            0 kB
Active:          1345560 kB
Inactive:        1462472 kB
Active(anon):    1128044 kB
Inactive(anon):    18316 kB
Active(file):     217516 kB
Inactive(file):  1444156 kB
Unevictable:        5636 kB
Mlocked:            5636 kB
SwapTotal:       3670008 kB
SwapFree:        3670008 kB
Dirty:              2624 kB
Writeback:             0 kB
AnonPages:       1127088 kB
Mapped:           826496 kB
Shmem:             20316 kB
KReclaimable:     557604 kB
Slab:             225616 kB
SReclaimable:      69732 kB
SUnreclaim:       155884 kB
KernelStack:       46512 kB
PageTables:        60916 kB
NFS_Unstable:          0 kB
Bounce:                0 kB
WritebackTmp:          0 kB
CommitLimit:     6660208 kB
Committed_AS:   71294404 kB
VmallocTotal:   263061440 kB
VmallocUsed:       86956 kB
VmallocChunk:          0 kB
Percpu:             7552 kB
CmaTotal:         315392 kB
CmaFree:               0 kB
MemTotal:        5980404 kB
MemFree:         1125772 kB
MemAvailable:    2782656 kB
Buffers:            5388 kB
Cached:          1681204 kB
SwapCached:            0 kB
Active:          1346992 kB
Inactive:        1462472 kB
Active(anon):    1129472 kB
Inactive(anon):    18320 kB
Active(file):     217520 kB
Inactive(file):  1444152 kB
Unevictable:        5636 kB
Mlocked:            5636 kB
SwapTotal:       3670008 kB
SwapFree:        3670008 kB
Dirty:              2732 kB
Writeback:             0 kB
AnonPages:       1128540 kB
Mapped:           826564 kB
Shmem:             20320 kB
KReclaimable:     557644 kB
Slab:             225660 kB
SReclaimable:      69772 kB
SUnreclaim:       155888 kB
KernelStack:       46544 kB
PageTables:        61076 kB
NFS_Unstable:          0 kB
Bounce:                0 kB
WritebackTmp:          0 kB
CommitLimit:     6660208 kB
Committed_AS:   71290316 kB
VmallocTotal:   263061440 kB
VmallocUsed:       86940 kB
VmallocChunk:          0 kB
Percpu:             7552 kB
CmaTotal:         315392 kB
CmaFree:               0 kB
MemTotal:        5980404 kB
MemFree:         1138508 kB
MemAvailable:    2795404 kB
Buffers:            5388 kB
Cached:          1681216 kB
SwapCached:            0 kB
Active:          1334104 kB
Inactive:        1462472 kB
Active(anon):    1116572 kB
Inactive(anon):    18332 kB
Active(file):     217532 kB
Inactive(file):  1444140 kB
Unevictable:        5636 kB
Mlocked:            5636 kB
SwapTotal:       3670008 kB
SwapFree:        3670008 kB
Dirty:               988 kB
Writeback:             0 kB
AnonPages:       1115560 kB
Mapped:           813416 kB
Shmem:             20332 kB
KReclaimable:     557656 kB
Slab:             225792 kB
SReclaimable:      69784 kB
SUnreclaim:       156008 kB
KernelStack:       46576 kB
PageTables:        61036 kB
NFS_Unstable:          0 kB
Bounce:                0 kB
WritebackTmp:          0 kB
CommitLimit:     6660208 kB
Committed_AS:   71293008 kB
VmallocTotal:   263061440 kB
VmallocUsed:       86940 kB
VmallocChunk:          0 kB
Percpu:             7552 kB
CmaTotal:         315392 kB
CmaFree:               0 kB
MemTotal:        5980404 kB
MemFree:         1138824 kB
MemAvailable:    2795752 kB
Buffers:            5392 kB
Cached:          1681244 kB
SwapCached:            0 kB
Active:          1335072 kB
Inactive:        1462492 kB
Active(anon):    1117528 kB
Inactive(anon):    18332 kB
Active(file):     217544 kB
Inactive(file):  1444160 kB
Unevictable:        5636 kB
Mlocked:            5636 kB
SwapTotal:       3670008 kB
SwapFree:        3670008 kB
Dirty:              1152 kB
Writeback:             0 kB
AnonPages:       1116732 kB
Mapped:           813416 kB
Shmem:             20332 kB
KReclaimable:     557656 kB
Slab:             225776 kB
SReclaimable:      69784 kB
SUnreclaim:       155992 kB
KernelStack:       46480 kB
PageTables:        60972 kB
NFS_Unstable:          0 kB
Bounce:                0 kB
WritebackTmp:          0 kB
CommitLimit:     6660208 kB
Committed_AS:   71290336 kB
VmallocTotal:   263061440 kB
VmallocUsed:       86940 kB
VmallocChunk:          0 kB
Percpu:             7552 kB
CmaTotal:         315392 kB
CmaFree:               0 kB
MemTotal:        5980404 kB
MemFree:         1136896 kB
MemAvailable:    2793820 kB
Buffers:            5392 kB
Cached:          1681244 kB
SwapCached:            0 kB
Active:          1337000 kB
Inactive:        1462492 kB
Active(anon):    1119456 kB
Inactive(anon):    18332 kB
Active(file):     217544 kB
Inactive(file):  1444160 kB
Unevictable:        5636 kB
Mlocked:            5636 kB
SwapTotal:       3670008 kB
SwapFree:        3670008 kB
Dirty:              1456 kB
Writeback:             0 kB
AnonPages:       1118604 kB
Mapped:           813460 kB
Shmem:             20332 kB
KReclaimable:     557652 kB
Slab:             225772 kB
SReclaimable:      69780 kB
SUnreclaim:       155992 kB
KernelStack:       46416 kB
PageTables:        61180 kB
NFS_Unstable:          0 kB
Bounce:                0 kB
WritebackTmp:          0 kB
CommitLimit:     6660208 kB
Committed_AS:   71296980 kB
VmallocTotal:   263061440 kB
VmallocUsed:       86940 kB
VmallocChunk:          0 kB
Percpu:             7552 kB
CmaTotal:         315392 kB
CmaFree:              20 kB
MemTotal:        5980404 kB
MemFree:         1134908 kB
MemAvailable:    2791824 kB
Buffers:            5392 kB
Cached:          1681272 kB
SwapCached:            0 kB
Active:          1339192 kB
Inactive:        1462520 kB
Active(anon):    1121648 kB
Inactive(anon):    18352 kB
Active(file):     217544 kB
Inactive(file):  1444168 kB
Unevictable:        5636 kB
Mlocked:            5636 kB
SwapTotal:       3670008 kB
SwapFree:        3670008 kB
Dirty:              1364 kB
Writeback:             0 kB
AnonPages:       1120880 kB
Mapped:           813480 kB
Shmem:             20352 kB
KReclaimable:     557636 kB
Slab:             225776 kB
SReclaimable:      69764 kB
SUnreclaim:       156012 kB
KernelStack:       46448 kB
PageTables:        61104 kB
NFS_Unstable:          0 kB
Bounce:                0 kB
WritebackTmp:          0 kB
CommitLimit:     6660208 kB
Committed_AS:   71292608 kB
VmallocTotal:   263061440 kB
VmallocUsed:       86892 kB
VmallocChunk:          0 kB
Percpu:             7552 kB
CmaTotal:         315392 kB
CmaFree:               0 kB
MemTotal:        5980404 kB
MemFree:         1134092 kB
MemAvailable:    2791016 kB
Buffers:            5396 kB
Cached:          1681292 kB
SwapCached:            0 kB
Active:          1341120 kB
Inactive:        1462540 kB
Active(anon):    1123572 kB
Inactive(anon):    18360 kB
Active(file):     217548 kB
Inactive(file):  1444180 kB
Unevictable:        5636 kB
Mlocked:            5636 kB
SwapTotal:       3670008 kB
SwapFree:        3670008 kB
Dirty:              1456 kB
Writeback:             0 kB
AnonPages:       1122520 kB
Mapped:           813324 kB
Shmem:             20360 kB
KReclaimable:     557628 kB
Slab:             225768 kB
SReclaimable:      69756 kB
SUnreclaim:       156012 kB
KernelStack:       46288 kB
PageTables:        61012 kB
NFS_Unstable:          0 kB
Bounce:                0 kB
WritebackTmp:          0 kB
CommitLimit:     6660208 kB
Committed_AS:   71294708 kB
VmallocTotal:   263061440 kB
VmallocUsed:       86748 kB
VmallocChunk:          0 kB
Percpu:             7552 kB
CmaTotal:         315392 kB
CmaFree:               0 kB
MemTotal:        5980404 kB
MemFree:         1132280 kB
MemAvailable:    2789188 kB
Buffers:            5396 kB
Cached:          1681296 kB
SwapCached:            0 kB
Active:          1342440 kB
Inactive:        1462544 kB
Active(anon):    1124892 kB
Inactive(anon):    18364 kB
Active(file):     217548 kB
Inactive(file):  1444180 kB
Unevictable:        5636 kB
Mlocked:            5636 kB
SwapTotal:       3670008 kB
SwapFree:        3670008 kB
Dirty:              1644 kB
Writeback:             0 kB
AnonPages:       1123804 kB
Mapped:           813612 kB
Shmem:             20364 kB
KReclaimable:     557612 kB
Slab:             225780 kB
SReclaimable:      69740 kB
SUnreclaim:       156040 kB
KernelStack:       46256 kB
PageTables:        60968 kB
NFS_Unstable:          0 kB
Bounce:                0 kB
WritebackTmp:          0 kB
CommitLimit:     6660208 kB
Committed_AS:   71289236 kB
VmallocTotal:   263061440 kB
VmallocUsed:       86700 kB
VmallocChunk:          0 kB
Percpu:             7552 kB
CmaTotal:         315392 kB
CmaFree:               0 kB
MemTotal:        5980404 kB
MemFree:         1129640 kB
MemAvailable:    2786572 kB
Buffers:            5396 kB
Cached:          1681320 kB
SwapCached:            0 kB
Active:          1343736 kB
Inactive:        1462564 kB
Active(anon):    1126184 kB
Inactive(anon):    18364 kB
Active(file):     217552 kB
Inactive(file):  1444200 kB
Unevictable:        5636 kB
Mlocked:            5636 kB
SwapTotal:       3670008 kB
SwapFree:        3670008 kB
Dirty:               564 kB
Writeback:             0 kB
AnonPages:       1125180 kB
Mapped:           813612 kB
Shmem:             20364 kB
KReclaimable:     557612 kB
Slab:             225664 kB
SReclaimable:      69740 kB
SUnreclaim:       155924 kB
KernelStack:       46288 kB
PageTables:        61104 kB
NFS_Unstable:          0 kB
Bounce:                0 kB
WritebackTmp:          0 kB
CommitLimit:     6660208 kB
Committed_AS:   71292592 kB
VmallocTotal:   263061440 kB
VmallocUsed:       86716 kB
VmallocChunk:          0 kB
Percpu:             7552 kB
CmaTotal:         315392 kB
CmaFree:               0 kB
MemTotal:        5980404 kB
MemFree:         1130540 kB
MemAvailable:    2787448 kB
Buffers:            5396 kB
Cached:          1681316 kB
SwapCached:            0 kB
Active:          1344684 kB
Inactive:        1462564 kB
Active(anon):    1127136 kB
Inactive(anon):    18368 kB
Active(file):     217548 kB
Inactive(file):  1444196 kB
Unevictable:        5636 kB
Mlocked:            5636 kB
SwapTotal:       3670008 kB
SwapFree:        3670008 kB
Dirty:              1612 kB
Writeback:             0 kB
AnonPages:       1126024 kB
Mapped:           813616 kB
Shmem:             20368 kB
KReclaimable:     557596 kB
Slab:             225652 kB
SReclaimable:      69724 kB
SUnreclaim:       155928 kB
KernelStack:       46288 kB
PageTables:        61104 kB
NFS_Unstable:          0 kB
Bounce:                0 kB
WritebackTmp:          0 kB
CommitLimit:     6660208 kB
Committed_AS:   71292324 kB
VmallocTotal:   263061440 kB
VmallocUsed:       86684 kB
VmallocChunk:          0 kB
Percpu:             7552 kB
CmaTotal:         315392 kB
CmaFree:               0 kB
MemTotal:        5980404 kB
MemFree:         1129796 kB
MemAvailable:    2786704 kB
Buffers:            5396 kB
Cached:          1681316 kB
SwapCached:            0 kB
Active:          1344592 kB
Inactive:        1462564 kB
Active(anon):    1127044 kB
Inactive(anon):    18368 kB
Active(file):     217548 kB
Inactive(file):  1444196 kB
Unevictable:        5636 kB
Mlocked:            5636 kB
SwapTotal:       3670008 kB
SwapFree:        3670008 kB
Dirty:              1904 kB
Writeback:             0 kB
AnonPages:       1126136 kB
Mapped:           813616 kB
Shmem:             20368 kB
KReclaimable:     557596 kB
Slab:             225652 kB
SReclaimable:      69724 kB
SUnreclaim:       155928 kB
KernelStack:       46256 kB
PageTables:        60972 kB
NFS_Unstable:          0 kB
Bounce:                0 kB
WritebackTmp:          0 kB
CommitLimit:     6660208 kB
Committed_AS:   71297044 kB
VmallocTotal:   263061440 kB
VmallocUsed:       86700 kB
VmallocChunk:          0 kB
Percpu:             7552 kB
CmaTotal:         315392 kB
CmaFree:              36 kB
MemTotal:        5980404 kB
MemFree:         1128704 kB
MemAvailable:    2785652 kB
Buffers:            5404 kB
Cached:          1681332 kB
SwapCached:            0 kB
Active:          1345572 kB
Inactive:        1462580 kB
Active(anon):    1128016 kB
Inactive(anon):    18368 kB
Active(file):     217556 kB
Inactive(file):  1444212 kB
Unevictable:        5636 kB
Mlocked:            5636 kB
SwapTotal:       3670008 kB
SwapFree:        3670008 kB
Dirty:              1892 kB
Writeback:             0 kB
AnonPages:       1127184 kB
Mapped:           813552 kB
Shmem:             20368 kB
KReclaimable:     557612 kB
Slab:             225636 kB
SReclaimable:      69740 kB
SUnreclaim:       155896 kB
KernelStack:       46208 kB
PageTables:        60976 kB
NFS_Unstable:          0 kB
Bounce:                0 kB
WritebackTmp:          0 kB
CommitLimit:     6660208 kB
Committed_AS:   71293388 kB
VmallocTotal:   263061440 kB
VmallocUsed:       86700 kB
VmallocChunk:          0 kB
Percpu:             7552 kB
CmaTotal:         315392 kB
CmaFree:               0 kB
MemTotal:        5980404 kB
MemFree:         1127804 kB
MemAvailable:    2784740 kB
Buffers:            5404 kB
Cached:          1681336 kB
SwapCached:            0 kB
Active:          1347312 kB
Inactive:        1462584 kB
Active(anon):    1129756 kB
Inactive(anon):    18368 kB
Active(file):     217556 kB
Inactive(file):  1444216 kB
Unevictable:        5636 kB
Mlocked:            5636 kB
SwapTotal:       3670008 kB
SwapFree:        3670008 kB
Dirty:               592 kB
Writeback:             0 kB
AnonPages:       1129024 kB
Mapped:           813616 kB
Shmem:             20368 kB
KReclaimable:     557596 kB
Slab:             225784 kB
SReclaimable:      69724 kB
SUnreclaim:       156060 kB
KernelStack:       46208 kB
PageTables:        60964 kB
NFS_Unstable:          0 kB
Bounce:                0 kB
WritebackTmp:          0 kB
CommitLimit:     6660208 kB
Committed_AS:   71292368 kB
VmallocTotal:   263061440 kB
VmallocUsed:       86652 kB
VmallocChunk:          0 kB
Percpu:             7552 kB
CmaTotal:         315392 kB
CmaFree:               0 kB
MemTotal:        5980404 kB
MemFree:         1126784 kB
MemAvailable:    2783736 kB
Buffers:            5404 kB
Cached:          1681364 kB
SwapCached:            0 kB
Active:          1348936 kB
Inactive:        1462604 kB
Active(anon):    1131372 kB
Inactive(anon):    18380 kB
Active(file):     217564 kB
Inactive(file):  1444224 kB
Unevictable:        5636 kB
Mlocked:            5636 kB
SwapTotal:       3670008 kB
SwapFree:        3670008 kB
Dirty:               772 kB
Writeback:             0 kB
AnonPages:       1130436 kB
Mapped:           813628 kB
Shmem:             20380 kB
KReclaimable:     557596 kB
Slab:             225784 kB
SReclaimable:      69724 kB
SUnreclaim:       156060 kB
KernelStack:       46064 kB
PageTables:        61024 kB
NFS_Unstable:          0 kB
Bounce:                0 kB
WritebackTmp:          0 kB
CommitLimit:     6660208 kB
Committed_AS:   71287960 kB
VmallocTotal:   263061440 kB
VmallocUsed:       86508 kB
VmallocChunk:          0 kB
Percpu:             7552 kB
CmaTotal:         315392 kB
CmaFree:               0 kB
MemTotal:        5980404 kB
MemFree:         1132296 kB
MemAvailable:    2789260 kB
Buffers:            5408 kB
Cached:          1681392 kB
SwapCached:            0 kB
Active:          1342836 kB
Inactive:        1462636 kB
Active(anon):    1125272 kB
Inactive(anon):    18400 kB
Active(file):     217564 kB
Inactive(file):  1444236 kB
Unevictable:        5636 kB
Mlocked:            5636 kB
SwapTotal:       3670008 kB
SwapFree:        3670008 kB
Dirty:               884 kB
Writeback:             0 kB
AnonPages:       1124396 kB
Mapped:           813648 kB
Shmem:             20400 kB
KReclaimable:     557596 kB
Slab:             225752 kB
SReclaimable:      69724 kB
SUnreclaim:       156028 kB
KernelStack:       45888 kB
PageTables:        61060 kB
NFS_Unstable:          0 kB
Bounce:                0 kB
WritebackTmp:          0 kB
CommitLimit:     6660208 kB
Committed_AS:   71290828 kB
VmallocTotal:   263061440 kB
VmallocUsed:       86316 kB
VmallocChunk:          0 kB
Percpu:             7552 kB
CmaTotal:         315392 kB
CmaFree:               0 kB
MemTotal:        5980404 kB
MemFree:         1131784 kB
MemAvailable:    2788732 kB
Buffers:            5408 kB
Cached:          1681396 kB
SwapCached:            0 kB
Active:          1344228 kB
Inactive:        1462640 kB
Active(anon):    1126664 kB
Inactive(anon):    18404 kB
Active(file):     217564 kB
Inactive(file):  1444236 kB
Unevictable:        5636 kB
Mlocked:            5636 kB
SwapTotal:       3670008 kB
SwapFree:        3670008 kB
Dirty:               684 kB
Writeback:             0 kB
AnonPages:       1125888 kB
Mapped:           813484 kB
Shmem:             20404 kB
KReclaimable:     557580 kB
Slab:             225748 kB
SReclaimable:      69708 kB
SUnreclaim:       156040 kB
KernelStack:       45872 kB
PageTables:        60984 kB
NFS_Unstable:          0 kB
Bounce:                0 kB
WritebackTmp:          0 kB
CommitLimit:     6660208 kB
Committed_AS:   71291708 kB
VmallocTotal:   263061440 kB
VmallocUsed:       86252 kB
VmallocChunk:          0 kB
Percpu:             7552 kB
CmaTotal:         315392 kB
CmaFree:               0 kB
MemTotal:        5980404 kB
MemFree:         1130184 kB
MemAvailable:    2787140 kB
Buffers:            5408 kB
Cached:          1681408 kB
SwapCached:            0 kB
Active:          1345700 kB
Inactive:        1462652 kB
Active(anon):    1128136 kB
Inactive(anon):    18408 kB
Active(file):     217564 kB
Inactive(file):  1444244 kB
Unevictable:        5636 kB
Mlocked:            5636 kB
SwapTotal:       3670008 kB
SwapFree:        3670008 kB
Dirty:               560 kB
Writeback:             0 kB
AnonPages:       1127320 kB
Mapped:           813656 kB
Shmem:             20408 kB
KReclaimable:     557580 kB
Slab:             225716 kB
SReclaimable:      69708 kB
SUnreclaim:       156008 kB
KernelStack:       45840 kB
PageTables:        61064 kB
NFS_Unstable:          0 kB
Bounce:                0 kB
WritebackTmp:          0 kB
CommitLimit:     6660208 kB
Committed_AS:   71294848 kB
VmallocTotal:   263061440 kB
VmallocUsed:       86268 kB
VmallocChunk:          0 kB
Percpu:             7552 kB
CmaTotal:         315392 kB
CmaFree:               0 kB
MemTotal:        5980404 kB
MemFree:         1127844 kB
MemAvailable:    2784812 kB
Buffers:            5412 kB
Cached:          1681424 kB
SwapCached:            0 kB
Active:          1347600 kB
Inactive:        1462668 kB
Active(anon):    1130032 kB
Inactive(anon):    18412 kB
Active(file):     217568 kB
Inactive(file):  1444256 kB
Unevictable:        5636 kB
Mlocked:            5636 kB
SwapTotal:       3670008 kB
SwapFree:        3670008 kB
Dirty:               608 kB
Writeback:             0 kB
AnonPages:       1129100 kB
Mapped:           813660 kB
Shmem:             20412 kB
KReclaimable:     557576 kB
Slab:             225680 kB
SReclaimable:      69704 kB
SUnreclaim:       155976 kB
KernelStack:       45856 kB
PageTables:        60928 kB
NFS_Unstable:          0 kB
Bounce:                0 kB
WritebackTmp:          0 kB
CommitLimit:     6660208 kB
Committed_AS:   71290612 kB
VmallocTotal:   263061440 kB
VmallocUsed:       86252 kB
VmallocChunk:          0 kB
Percpu:             7552 kB
CmaTotal:         315392 kB
CmaFree:               0 kB
MemTotal:        5980404 kB
MemFree:         1126116 kB
MemAvailable:    2783084 kB
Buffers:            5412 kB
Cached:          1681432 kB
SwapCached:            0 kB
Active:          1349316 kB
Inactive:        1462676 kB
Active(anon):    1131748 kB
Inactive(anon):    18420 kB
Active(file):     217568 kB
Inactive(file):  1444256 kB
Unevictable:        5636 kB
Mlocked:            5636 kB
SwapTotal:       3670008 kB
SwapFree:        3670008 kB
Dirty:               728 kB
Writeback:             0 kB
AnonPages:       1130792 kB
Mapped:           813484 kB
Shmem:             20420 kB
KReclaimable:     557576 kB
Slab:             225688 kB
SReclaimable:      69704 kB
SUnreclaim:       155984 kB
KernelStack:       45872 kB
PageTables:        61068 kB
NFS_Unstable:          0 kB
Bounce:                0 kB
WritebackTmp:          0 kB
CommitLimit:     6660208 kB
Committed_AS:   71293824 kB
VmallocTotal:   263061440 kB
VmallocUsed:       86236 kB
VmallocChunk:          0 kB
Percpu:             7552 kB
CmaTotal:         315392 kB
CmaFree:               0 kB
MemTotal:        5980404 kB
MemFree:         1125808 kB
MemAvailable:    2782776 kB
Buffers:            5412 kB
Cached:          1681432 kB
SwapCached:            0 kB
Active:          1349576 kB
Inactive:        1462676 kB
Active(anon):    1132008 kB
Inactive(anon):    18420 kB
Active(file):     217568 kB
Inactive(file):  1444256 kB
Unevictable:        5636 kB
Mlocked:            5636 kB
SwapTotal:       3670008 kB
SwapFree:        3670008 kB
Dirty:               748 kB
Writeback:             0 kB
AnonPages:       1130724 kB
Mapped:           813840 kB
Shmem:             20420 kB
KReclaimable:     557576 kB
Slab:             225680 kB
SReclaimable:      69704 kB
SUnreclaim:       155976 kB
KernelStack:       45840 kB
PageTables:        60736 kB
NFS_Unstable:          0 kB
Bounce:                0 kB
WritebackTmp:          0 kB
CommitLimit:     6660208 kB
Committed_AS:   71293460 kB
VmallocTotal:   263061440 kB
VmallocUsed:       86252 kB
VmallocChunk:          0 kB
Percpu:             7552 kB
CmaTotal:         315392 kB
CmaFree:               0 kB
MemTotal:        5980404 kB
MemFree:         1135584 kB
MemAvailable:    2792560 kB
Buffers:            5412 kB
Cached:          1681448 kB
SwapCached:            0 kB
Active:          1338096 kB
Inactive:        1462692 kB
Active(anon):    1120528 kB
Inactive(anon):    18428 kB
Active(file):     217568 kB
Inactive(file):  1444264 kB
Unevictable:        5636 kB
Mlocked:            5636 kB
SwapTotal:       3670008 kB
SwapFree:        3670008 kB
Dirty:               584 kB
Writeback:             0 kB
AnonPages:       1119256 kB
Mapped:           813492 kB
Shmem:             20428 kB
KReclaimable:     557576 kB
Slab:             225688 kB
SReclaimable:      69704 kB
SUnreclaim:       155984 kB
KernelStack:       45856 kB
PageTables:        60940 kB
NFS_Unstable:          0 kB
Bounce:                0 kB
WritebackTmp:          0 kB
CommitLimit:     6660208 kB
Committed_AS:   71288232 kB
VmallocTotal:   263061440 kB
VmallocUsed:       86252 kB
VmallocChunk:          0 kB
Percpu:             7552 kB
CmaTotal:         315392 kB
CmaFree:               0 kB
MemTotal:        5980404 kB
MemFree:         1146864 kB
MemAvailable:    2803864 kB
Buffers:            5420 kB
Cached:          1681472 kB
SwapCached:            0 kB
Active:          1329508 kB
Inactive:        1462716 kB
Active(anon):    1111932 kB
Inactive(anon):    18436 kB
Active(file):     217576 kB
Inactive(file):  1444280 kB
Unevictable:        5636 kB
Mlocked:            5636 kB
SwapTotal:       3670008 kB
SwapFree:        3670008 kB
Dirty:               936 kB
Writeback:             0 kB
AnonPages:       1110464 kB
Mapped:           813728 kB
Shmem:             20436 kB
KReclaimable:     557576 kB
Slab:             225696 kB
SReclaimable:      69704 kB
SUnreclaim:       155992 kB
KernelStack:       45952 kB
PageTables:        60952 kB
NFS_Unstable:          0 kB
Bounce:                0 kB
WritebackTmp:          0 kB
CommitLimit:     6660208 kB
Committed_AS:   71296160 kB
VmallocTotal:   263061440 kB
VmallocUsed:       86380 kB
VmallocChunk:          0 kB
Percpu:             7552 kB
CmaTotal:         315392 kB
CmaFree:               0 kB
MemTotal:        5980404 kB
MemFree:         1145156 kB
MemAvailable:    2802156 kB
Buffers:            5420 kB
Cached:          1681480 kB
SwapCached:            0 kB
Active:          1330356 kB
Inactive:        1462720 kB
Active(anon):    1112776 kB
Inactive(anon):    18444 kB
Active(file):     217580 kB
Inactive(file):  1444276 kB
Unevictable:        5636 kB
Mlocked:            5636 kB
SwapTotal:       3670008 kB
SwapFree:        3670008 kB
Dirty:              1024 kB
Writeback:             0 kB
AnonPages:       1111664 kB
Mapped:           813508 kB
Shmem:             20444 kB
KReclaimable:     557576 kB
Slab:             225700 kB
SReclaimable:      69704 kB
SUnreclaim:       155996 kB
KernelStack:       45968 kB
PageTables:        61088 kB
NFS_Unstable:          0 kB
Bounce:                0 kB
WritebackTmp:          0 kB
CommitLimit:     6660208 kB
Committed_AS:   71289132 kB
VmallocTotal:   263061440 kB
VmallocUsed:       86412 kB
VmallocChunk:          0 kB
Percpu:             7552 kB
CmaTotal:         315392 kB
CmaFree:               0 kB
MemTotal:        5980404 kB
MemFree:         1142216 kB
MemAvailable:    2799224 kB
Buffers:            5420 kB
Cached:          1681488 kB
SwapCached:            0 kB
Active:          1332296 kB
Inactive:        1462732 kB
Active(anon):    1114720 kB
Inactive(anon):    18444 kB
Active(file):     217576 kB
Inactive(file):  1444288 kB
Unevictable:        5636 kB
Mlocked:            5636 kB
SwapTotal:       3670008 kB
SwapFree:        3670008 kB
Dirty:              1440 kB
Writeback:             0 kB
AnonPages:       1113808 kB
Mapped:           813736 kB
Shmem:             20444 kB
KReclaimable:     557576 kB
Slab:             225728 kB
SReclaimable:      69704 kB
SUnreclaim:       156024 kB
KernelStack:       45912 kB
PageTables:        60944 kB
NFS_Unstable:          0 kB
Bounce:                0 kB
WritebackTmp:          0 kB
CommitLimit:     6660208 kB
Committed_AS:   71289712 kB
VmallocTotal:   263061440 kB
VmallocUsed:       86348 kB
VmallocChunk:          0 kB
Percpu:             7552 kB
CmaTotal:         315392 kB
CmaFree:               0 kB
MemTotal:        5980404 kB
MemFree:         1141692 kB
MemAvailable:    2798728 kB
Buffers:            5424 kB
Cached:          1681512 kB
SwapCached:            0 kB
Active:          1333600 kB
Inactive:        1462752 kB
Active(anon):    1116016 kB
Inactive(anon):    18448 kB
Active(file):     217584 kB
Inactive(file):  1444304 kB
Unevictable:        5636 kB
Mlocked:            5636 kB
SwapTotal:       3670008 kB
SwapFree:        3670008 kB
Dirty:              1820 kB
Writeback:             0 kB
AnonPages:       1114824 kB
Mapped:           813552 kB
Shmem:             20448 kB
KReclaimable:     557580 kB
Slab:             225736 kB
SReclaimable:      69708 kB
SUnreclaim:       156028 kB
KernelStack:       45952 kB
PageTables:        61000 kB
NFS_Unstable:          0 kB
Bounce:                0 kB
WritebackTmp:          0 kB
CommitLimit:     6660208 kB
Committed_AS:   71291296 kB
VmallocTotal:   263061440 kB
VmallocUsed:       86396 kB
VmallocChunk:          0 kB
Percpu:             7552 kB
CmaTotal:         315392 kB
CmaFree:               0 kB
MemTotal:        5980404 kB
MemFree:         1140756 kB
MemAvailable:    2797792 kB
Buffers:            5424 kB
Cached:          1681516 kB
SwapCached:            0 kB
Active:          1334384 kB
Inactive:        1462756 kB
Active(anon):    1116800 kB
Inactive(anon):    18452 kB
Active(file):     217584 kB
Inactive(file):  1444304 kB
Unevictable:        5636 kB
Mlocked:            5636 kB
SwapTotal:       3670008 kB
SwapFree:        3670008 kB
Dirty:              1888 kB
Writeback:             0 kB
AnonPages:       1115976 kB
Mapped:           813744 kB
Shmem:             20452 kB
KReclaimable:     557580 kB
Slab:             225736 kB
SReclaimable:      69708 kB
SUnreclaim:       156028 kB
KernelStack:       46000 kB
PageTables:        61104 kB
NFS_Unstable:          0 kB
Bounce:                0 kB
WritebackTmp:          0 kB
CommitLimit:     6660208 kB
Committed_AS:   71291120 kB
VmallocTotal:   263061440 kB
VmallocUsed:       86460 kB
VmallocChunk:          0 kB
Percpu:             7552 kB
CmaTotal:         315392 kB
CmaFree:               0 kB
MemTotal:        5980404 kB
MemFree:         1139476 kB
MemAvailable:    2796512 kB
Buffers:            5424 kB
Cached:          1681516 kB
SwapCached:            0 kB
Active:          1335328 kB
Inactive:        1462756 kB
Active(anon):    1117744 kB
Inactive(anon):    18452 kB
Active(file):     217584 kB
Inactive(file):  1444304 kB
Unevictable:        5636 kB
Mlocked:            5636 kB
SwapTotal:       3670008 kB
SwapFree:        3670008 kB
Dirty:              1900 kB
Writeback:             0 kB
AnonPages:       1116548 kB
Mapped:           813928 kB
Shmem:             20452 kB
KReclaimable:     557580 kB
Slab:             225736 kB
SReclaimable:      69708 kB
SUnreclaim:       156028 kB
KernelStack:       45952 kB
PageTables:        61072 kB
NFS_Unstable:          0 kB
Bounce:                0 kB
WritebackTmp:          0 kB
CommitLimit:     6660208 kB
Committed_AS:   71295544 kB
VmallocTotal:   263061440 kB
VmallocUsed:       86460 kB
VmallocChunk:          0 kB
Percpu:             7552 kB
CmaTotal:         315392 kB
CmaFree:               4 kB
MemTotal:        5980404 kB
MemFree:         1139088 kB
MemAvailable:    2796132 kB
Buffers:            5424 kB
Cached:          1681528 kB
SwapCached:            0 kB
Active:          1337536 kB
Inactive:        1462768 kB
Active(anon):    1119952 kB
Inactive(anon):    18456 kB
Active(file):     217584 kB
Inactive(file):  1444312 kB
Unevictable:        5636 kB
Mlocked:            5636 kB
SwapTotal:       3670008 kB
SwapFree:        3670008 kB
Dirty:               540 kB
Writeback:             0 kB
AnonPages:       1118832 kB
Mapped:           813584 kB
Shmem:             20456 kB
KReclaimable:     557580 kB
Slab:             225728 kB
SReclaimable:      69708 kB
SUnreclaim:       156020 kB
KernelStack:       45968 kB
PageTables:        60864 kB
NFS_Unstable:          0 kB
Bounce:                0 kB
WritebackTmp:          0 kB
CommitLimit:     6660208 kB
Committed_AS:   71293680 kB
VmallocTotal:   263061440 kB
VmallocUsed:       86428 kB
VmallocChunk:          0 kB
Percpu:             7552 kB
CmaTotal:         315392 kB
CmaFree:               0 kB
MemTotal:        5980404 kB
MemFree:         1136760 kB
MemAvailable:    2793828 kB
Buffers:            5432 kB
Cached:          1681556 kB
SwapCached:            0 kB
Active:          1339076 kB
Inactive:        1462796 kB
Active(anon):    1121484 kB
Inactive(anon):    18468 kB
Active(file):     217592 kB
Inactive(file):  1444328 kB
Unevictable:        5636 kB
Mlocked:            5636 kB
SwapTotal:       3670008 kB
SwapFree:        3670008 kB
Dirty:               708 kB
Writeback:             0 kB
AnonPages:       1120148 kB
Mapped:           813532 kB
Shmem:             20468 kB
KReclaimable:     557580 kB
Slab:             225732 kB
SReclaimable:      69708 kB
SUnreclaim:       156024 kB
KernelStack:       45968 kB
PageTables:        60976 kB
NFS_Unstable:          0 kB
Bounce:                0 kB
WritebackTmp:          0 kB
CommitLimit:     6660208 kB
Committed_AS:   71293420 kB
VmallocTotal:   263061440 kB
VmallocUsed:       86460 kB
VmallocChunk:          0 kB
Percpu:             7552 kB
CmaTotal:         315392 kB
CmaFree:               0 kB
MemTotal:        5980404 kB
MemFree:         1136632 kB
MemAvailable:    2793700 kB
Buffers:            5432 kB
Cached:          1681556 kB
SwapCached:            0 kB
Active:          1339932 kB
Inactive:        1462796 kB
Active(anon):    1122340 kB
Inactive(anon):    18468 kB
Active(file):     217592 kB
Inactive(file):  1444328 kB
Unevictable:        5636 kB
Mlocked:            5636 kB
SwapTotal:       3670008 kB
SwapFree:        3670008 kB
Dirty:               824 kB
Writeback:             0 kB
AnonPages:       1121264 kB
Mapped:           813760 kB
Shmem:             20468 kB
KReclaimable:     557580 kB
Slab:             225732 kB
SReclaimable:      69708 kB
SUnreclaim:       156024 kB
KernelStack:       45984 kB
PageTables:        60968 kB
NFS_Unstable:          0 kB
Bounce:                0 kB
WritebackTmp:          0 kB
CommitLimit:     6660208 kB
Committed_AS:   71292060 kB
VmallocTotal:   263061440 kB
VmallocUsed:       86396 kB
VmallocChunk:          0 kB
Percpu:             7552 kB
CmaTotal:         315392 kB
CmaFree:               0 kB
MemTotal:        5980404 kB
MemFree:         1134136 kB
MemAvailable:    2791216 kB
Buffers:            5432 kB
Cached:          1681568 kB
SwapCached:            0 kB
Active:          1341332 kB
Inactive:        1462808 kB
Active(anon):    1123740 kB
Inactive(anon):    18468 kB
Active(file):     217592 kB
Inactive(file):  1444340 kB
Unevictable:        5636 kB
Mlocked:            5636 kB
SwapTotal:       3670008 kB
SwapFree:        3670008 kB
Dirty:               492 kB
Writeback:             0 kB
AnonPages:       1122740 kB
Mapped:           813760 kB
Shmem:             20468 kB
KReclaimable:     557580 kB
Slab:             225764 kB
SReclaimable:      69708 kB
SUnreclaim:       156056 kB
KernelStack:       45984 kB
PageTables:        61108 kB
NFS_Unstable:          0 kB
Bounce:                0 kB
WritebackTmp:          0 kB
CommitLimit:     6660208 kB
Committed_AS:   71291988 kB
VmallocTotal:   263061440 kB
VmallocUsed:       86444 kB
VmallocChunk:          0 kB
Percpu:             7552 kB
CmaTotal:         315392 kB
CmaFree:               0 kB
MemTotal:        5980404 kB
MemFree:         1134244 kB
MemAvailable:    2791328 kB
Buffers:            5432 kB
Cached:          1681576 kB
SwapCached:            0 kB
Active:          1341292 kB
Inactive:        1462816 kB
Active(anon):    1123700 kB
Inactive(anon):    18472 kB
Active(file):     217592 kB
Inactive(file):  1444344 kB
Unevictable:        5636 kB
Mlocked:            5636 kB
SwapTotal:       3670008 kB
SwapFree:        3670008 kB
Dirty:               660 kB
Writeback:             0 kB
AnonPages:       1122700 kB
Mapped:           813536 kB
Shmem:             20472 kB
KReclaimable:     557580 kB
Slab:             225764 kB
SReclaimable:      69708 kB
SUnreclaim:       156056 kB
KernelStack:       45968 kB
PageTables:        61028 kB
NFS_Unstable:          0 kB
Bounce:                0 kB
WritebackTmp:          0 kB
CommitLimit:     6660208 kB
Committed_AS:   71287152 kB
VmallocTotal:   263061440 kB
VmallocUsed:       86380 kB
VmallocChunk:          0 kB
Percpu:             7552 kB
CmaTotal:         315392 kB
CmaFree:               0 kB
MemTotal:        5980404 kB
MemFree:         1130836 kB
MemAvailable:    2787944 kB
Buffers:            5436 kB
Cached:          1681596 kB
SwapCached:            0 kB
Active:          1343988 kB
Inactive:        1462836 kB
Active(anon):    1126392 kB
Inactive(anon):    18476 kB
Active(file):     217596 kB
Inactive(file):  1444360 kB
Unevictable:        5636 kB
Mlocked:            5636 kB
SwapTotal:       3670008 kB
SwapFree:        3670008 kB
Dirty:               500 kB
Writeback:             0 kB
AnonPages:       1124792 kB
Mapped:           813816 kB
Shmem:             20476 kB
KReclaimable:     557584 kB
Slab:             225712 kB
SReclaimable:      69712 kB
SUnreclaim:       156000 kB
KernelStack:       45952 kB
PageTables:        60988 kB
NFS_Unstable:          0 kB
Bounce:                0 kB
WritebackTmp:          0 kB
CommitLimit:     6660208 kB
Committed_AS:   71294872 kB
VmallocTotal:   263061440 kB
VmallocUsed:       86332 kB
VmallocChunk:          0 kB
Percpu:             7552 kB
CmaTotal:         315392 kB
CmaFree:               4 kB
MemTotal:        5980404 kB
MemFree:         1130272 kB
MemAvailable:    2787380 kB
Buffers:            5436 kB
Cached:          1681600 kB
SwapCached:            0 kB
Active:          1344892 kB
Inactive:        1462840 kB
Active(anon):    1127296 kB
Inactive(anon):    18480 kB
Active(file):     217596 kB
Inactive(file):  1444360 kB
Unevictable:        5636 kB
Mlocked:            5636 kB
SwapTotal:       3670008 kB
SwapFree:        3670008 kB
Dirty:               448 kB
Writeback:             0 kB
AnonPages:       1126360 kB
Mapped:           813180 kB
Shmem:             20480 kB
KReclaimable:     557584 kB
Slab:             225760 kB
SReclaimable:      69712 kB
SUnreclaim:       156048 kB
KernelStack:       45936 kB
PageTables:        61000 kB
NFS_Unstable:          0 kB
Bounce:                0 kB
WritebackTmp:          0 kB
CommitLimit:     6660208 kB
Committed_AS:   71294916 kB
VmallocTotal:   263061440 kB
VmallocUsed:       86396 kB
VmallocChunk:          0 kB
Percpu:             7552 kB
CmaTotal:         315392 kB
CmaFree:               0 kB
MemTotal:        5980404 kB
MemFree:         1128588 kB
MemAvailable:    2785704 kB
Buffers:            5436 kB
Cached:          1681608 kB
SwapCached:            0 kB
Active:          1345684 kB
Inactive:        1462848 kB
Active(anon):    1128088 kB
Inactive(anon):    18480 kB
Active(file):     217596 kB
Inactive(file):  1444368 kB
Unevictable:        5636 kB
Mlocked:            5636 kB
SwapTotal:       3670008 kB
SwapFree:        3670008 kB
Dirty:               532 kB
Writeback:             0 kB
AnonPages:       1126896 kB
Mapped:           813016 kB
Shmem:             20480 kB
KReclaimable:     557584 kB
Slab:             225752 kB
SReclaimable:      69712 kB
SUnreclaim:       156040 kB
KernelStack:       45968 kB
PageTables:        61016 kB
NFS_Unstable:          0 kB
Bounce:                0 kB
WritebackTmp:          0 kB
CommitLimit:     6660208 kB
Committed_AS:   71298328 kB
VmallocTotal:   263061440 kB
VmallocUsed:       86380 kB
VmallocChunk:          0 kB
Percpu:             7552 kB
CmaTotal:         315392 kB
CmaFree:               0 kB
MemTotal:        5980404 kB
MemFree:         1128856 kB
MemAvailable:    2785992 kB
Buffers:            5440 kB
Cached:          1681632 kB
SwapCached:            0 kB
Active:          1346708 kB
Inactive:        1462872 kB
Active(anon):    1129108 kB
Inactive(anon):    18492 kB
Active(file):     217600 kB
Inactive(file):  1444380 kB
Unevictable:        5636 kB
Mlocked:            5636 kB
SwapTotal:       3670008 kB
SwapFree:        3670008 kB
Dirty:               656 kB
Writeback:             0 kB
AnonPages:       1128388 kB
Mapped:           813152 kB
Shmem:             20492 kB
KReclaimable:     557588 kB
Slab:             225680 kB
SReclaimable:      69716 kB
SUnreclaim:       155964 kB
KernelStack:       45904 kB
PageTables:        61232 kB
NFS_Unstable:          0 kB
Bounce:                0 kB
WritebackTmp:          0 kB
CommitLimit:     6660208 kB
Committed_AS:   71295084 kB
VmallocTotal:   263061440 kB
VmallocUsed:       86300 kB
VmallocChunk:          0 kB
Percpu:             7552 kB
CmaTotal:         315392 kB
CmaFree:               0 kB
MemTotal:        5980404 kB
MemFree:         1125952 kB
MemAvailable:    2783088 kB
Buffers:            5440 kB
Cached:          1681640 kB
SwapCached:            0 kB
Active:          1348828 kB
Inactive:        1462880 kB
Active(anon):    1131228 kB
Inactive(anon):    18500 kB
Active(file):     217600 kB
Inactive(file):  1444380 kB
Unevictable:        5636 kB
Mlocked:            5636 kB
SwapTotal:       3670008 kB
SwapFree:        3670008 kB
Dirty:               576 kB
Writeback:             0 kB
AnonPages:       1130120 kB
Mapped:           813200 kB
Shmem:             20500 kB
KReclaimable:     557588 kB
Slab:             225680 kB
SReclaimable:      69716 kB
SUnreclaim:       155964 kB
KernelStack:       45872 kB
PageTables:        60996 kB
NFS_Unstable:          0 kB
Bounce:                0 kB
WritebackTmp:          0 kB
CommitLimit:     6660208 kB
Committed_AS:   71296304 kB
VmallocTotal:   263061440 kB
VmallocUsed:       86300 kB
VmallocChunk:          0 kB
Percpu:             7552 kB
CmaTotal:         315392 kB
CmaFree:               0 kB
MemTotal:        5980404 kB
MemFree:         1125236 kB
MemAvailable:    2782384 kB
Buffers:            5440 kB
Cached:          1681656 kB
SwapCached:            0 kB
Active:          1349752 kB
Inactive:        1462896 kB
Active(anon):    1132152 kB
Inactive(anon):    18504 kB
Active(file):     217600 kB
Inactive(file):  1444392 kB
Unevictable:        5636 kB
Mlocked:            5636 kB
SwapTotal:       3670008 kB
SwapFree:        3670008 kB
Dirty:              1468 kB
Writeback:             0 kB
AnonPages:       1131180 kB
Mapped:           813204 kB
Shmem:             20504 kB
KReclaimable:     557588 kB
Slab:             225680 kB
SReclaimable:      69716 kB
SUnreclaim:       155964 kB
KernelStack:       45840 kB
PageTables:        61000 kB
NFS_Unstable:          0 kB
Bounce:                0 kB
WritebackTmp:          0 kB
CommitLimit:     6660208 kB
Committed_AS:   71295644 kB
VmallocTotal:   263061440 kB
VmallocUsed:       86316 kB
VmallocChunk:          0 kB
Percpu:             7552 kB
CmaTotal:         315392 kB
CmaFree:               0 kB
MemTotal:        5980404 kB
MemFree:         1134696 kB
MemAvailable:    2791860 kB
Buffers:            5444 kB
Cached:          1681680 kB
SwapCached:            0 kB
Active:          1340288 kB
Inactive:        1462920 kB
Active(anon):    1122684 kB
Inactive(anon):    18516 kB
Active(file):     217604 kB
Inactive(file):  1444404 kB
Unevictable:        5636 kB
Mlocked:            5636 kB
SwapTotal:       3670008 kB
SwapFree:        3670008 kB
Dirty:              1892 kB
Writeback:             0 kB
AnonPages:       1121872 kB
Mapped:           813216 kB
Shmem:             20516 kB
KReclaimable:     557588 kB
Slab:             225672 kB
SReclaimable:      69716 kB
SUnreclaim:       155956 kB
KernelStack:       45840 kB
PageTables:        60996 kB
NFS_Unstable:          0 kB
Bounce:                0 kB
WritebackTmp:          0 kB
CommitLimit:     6660208 kB
Committed_AS:   71297144 kB
VmallocTotal:   263061440 kB
VmallocUsed:       86300 kB
VmallocChunk:          0 kB
Percpu:             7552 kB
CmaTotal:         315392 kB
CmaFree:              28 kB
MemTotal:        5980404 kB
MemFree:         1134380 kB
MemAvailable:    2791548 kB
Buffers:            5444 kB
Cached:          1681684 kB
SwapCached:            0 kB
Active:          1341252 kB
Inactive:        1462924 kB
Active(anon):    1123648 kB
Inactive(anon):    18516 kB
Active(file):     217604 kB
Inactive(file):  1444408 kB
Unevictable:        5636 kB
Mlocked:            5636 kB
SwapTotal:       3670008 kB
SwapFree:        3670008 kB
Dirty:              1916 kB
Writeback:             0 kB
AnonPages:       1122320 kB
Mapped:           813216 kB
Shmem:             20516 kB
KReclaimable:     557588 kB
Slab:             225676 kB
SReclaimable:      69716 kB
SUnreclaim:       155960 kB
KernelStack:       45856 kB
PageTables:        60996 kB
NFS_Unstable:          0 kB
Bounce:                0 kB
WritebackTmp:          0 kB
CommitLimit:     6660208 kB
Committed_AS:   71297040 kB
VmallocTotal:   263061440 kB
VmallocUsed:       86300 kB
VmallocChunk:          0 kB
Percpu:             7552 kB
CmaTotal:         315392 kB
CmaFree:             124 kB
MemTotal:        5980404 kB
MemFree:         1133416 kB
MemAvailable:    2790584 kB
Buffers:            5444 kB
Cached:          1681684 kB
SwapCached:            0 kB
Active:          1341996 kB
Inactive:        1462924 kB
Active(anon):    1124392 kB
Inactive(anon):    18516 kB
Active(file):     217604 kB
Inactive(file):  1444408 kB
Unevictable:        5636 kB
Mlocked:            5636 kB
SwapTotal:       3670008 kB
SwapFree:        3670008 kB
Dirty:              1924 kB
Writeback:             0 kB
AnonPages:       1123320 kB
Mapped:           813028 kB
Shmem:             20516 kB
KReclaimable:     557588 kB
Slab:             225676 kB
SReclaimable:      69716 kB
SUnreclaim:       155960 kB
KernelStack:       45840 kB
PageTables:        60912 kB
NFS_Unstable:          0 kB
Bounce:                0 kB
WritebackTmp:          0 kB
CommitLimit:     6660208 kB
Committed_AS:   71300468 kB
VmallocTotal:   263061440 kB
VmallocUsed:       86332 kB
VmallocChunk:          0 kB
Percpu:             7552 kB
CmaTotal:         315392 kB
CmaFree:             108 kB
MemTotal:        5980404 kB
MemFree:         1131792 kB
MemAvailable:    2788976 kB
Buffers:            5444 kB
Cached:          1681712 kB
SwapCached:            0 kB
Active:          1343188 kB
Inactive:        1462952 kB
Active(anon):    1125584 kB
Inactive(anon):    18528 kB
Active(file):     217604 kB
Inactive(file):  1444424 kB
Unevictable:        5636 kB
Mlocked:            5636 kB
SwapTotal:       3670008 kB
SwapFree:        3670008 kB
Dirty:               432 kB
Writeback:             0 kB
AnonPages:       1124576 kB
Mapped:           812968 kB
Shmem:             20528 kB
KReclaimable:     557588 kB
Slab:             225760 kB
SReclaimable:      69716 kB
SUnreclaim:       156044 kB
KernelStack:       45888 kB
PageTables:        61112 kB
NFS_Unstable:          0 kB
Bounce:                0 kB
WritebackTmp:          0 kB
CommitLimit:     6660208 kB
Committed_AS:   71300740 kB
VmallocTotal:   263061440 kB
VmallocUsed:       86316 kB
VmallocChunk:          0 kB
Percpu:             7552 kB
CmaTotal:         315392 kB
CmaFree:               0 kB
MemTotal:        5980404 kB
MemFree:         1131116 kB
MemAvailable:    2788316 kB
Buffers:            5448 kB
Cached:          1681724 kB
SwapCached:            0 kB
Active:          1344544 kB
Inactive:        1462964 kB
Active(anon):    1126936 kB
Inactive(anon):    18528 kB
Active(file):     217608 kB
Inactive(file):  1444436 kB
Unevictable:        5636 kB
Mlocked:            5636 kB
SwapTotal:       3670008 kB
SwapFree:        3670008 kB
Dirty:               588 kB
Writeback:             0 kB
AnonPages:       1126104 kB
Mapped:           813228 kB
Shmem:             20528 kB
KReclaimable:     557588 kB
Slab:             225760 kB
SReclaimable:      69716 kB
SUnreclaim:       156044 kB
KernelStack:       45888 kB
PageTables:        61136 kB
NFS_Unstable:          0 kB
Bounce:                0 kB
WritebackTmp:          0 kB
CommitLimit:     6660208 kB
Committed_AS:   71301152 kB
VmallocTotal:   263061440 kB
VmallocUsed:       86268 kB
VmallocChunk:          0 kB
Percpu:             7552 kB
CmaTotal:         315392 kB
CmaFree:               0 kB
MemTotal:        5980404 kB
MemFree:         1129280 kB
MemAvailable:    2786480 kB
Buffers:            5448 kB
Cached:          1681732 kB
SwapCached:            0 kB
Active:          1345404 kB
Inactive:        1462972 kB
Active(anon):    1127796 kB
Inactive(anon):    18536 kB
Active(file):     217608 kB
Inactive(file):  1444436 kB
Unevictable:        5636 kB
Mlocked:            5636 kB
SwapTotal:       3670008 kB
SwapFree:        3670008 kB
Dirty:               732 kB
Writeback:             0 kB
AnonPages:       1126860 kB
Mapped:           813236 kB
Shmem:             20536 kB
KReclaimable:     557588 kB
Slab:             225760 kB
SReclaimable:      69716 kB
SUnreclaim:       156044 kB
KernelStack:       45888 kB
PageTables:        61136 kB
NFS_Unstable:          0 kB
Bounce:                0 kB
WritebackTmp:          0 kB
CommitLimit:     6660208 kB
Committed_AS:   71302172 kB
VmallocTotal:   263061440 kB
VmallocUsed:       86316 kB
VmallocChunk:          0 kB
Percpu:             7552 kB
CmaTotal:         315392 kB
CmaFree:             104 kB
MemTotal:        5980404 kB
MemFree:         1129120 kB
MemAvailable:    2786320 kB
Buffers:            5448 kB
Cached:          1681744 kB
SwapCached:            0 kB
Active:          1346320 kB
Inactive:        1462984 kB
Active(anon):    1128712 kB
Inactive(anon):    18548 kB
Active(file):     217608 kB
Inactive(file):  1444436 kB
Unevictable:        5636 kB
Mlocked:            5636 kB
SwapTotal:       3670008 kB
SwapFree:        3670008 kB
Dirty:               820 kB
Writeback:             0 kB
AnonPages:       1127672 kB
Mapped:           813392 kB
Shmem:             20548 kB
KReclaimable:     557588 kB
Slab:             225764 kB
SReclaimable:      69716 kB
SUnreclaim:       156048 kB
KernelStack:       45936 kB
PageTables:        61324 kB
NFS_Unstable:          0 kB
Bounce:                0 kB
WritebackTmp:          0 kB
CommitLimit:     6660208 kB
Committed_AS:   71302692 kB
VmallocTotal:   263061440 kB
VmallocUsed:       86364 kB
VmallocChunk:          0 kB
Percpu:             7552 kB
CmaTotal:         315392 kB
CmaFree:               0 kB
MemTotal:        5980404 kB
MemFree:         1130464 kB
MemAvailable:    2787664 kB
Buffers:            5448 kB
Cached:          1681768 kB
SwapCached:            0 kB
Active:          1344572 kB
Inactive:        1463008 kB
Active(anon):    1126964 kB
Inactive(anon):    18568 kB
Active(file):     217608 kB
Inactive(file):  1444440 kB
Unevictable:        5636 kB
Mlocked:            5636 kB
SwapTotal:       3670008 kB
SwapFree:        3670008 kB
Dirty:              1136 kB
Writeback:             0 kB
AnonPages:       1125764 kB
Mapped:           813268 kB
Shmem:             20568 kB
KReclaimable:     557584 kB
Slab:             225760 kB
SReclaimable:      69712 kB
SUnreclaim:       156048 kB
KernelStack:       45856 kB
PageTables:        61016 kB
NFS_Unstable:          0 kB
Bounce:                0 kB
WritebackTmp:          0 kB
CommitLimit:     6660208 kB
Committed_AS:   71296660 kB
VmallocTotal:   263061440 kB
VmallocUsed:       86300 kB
VmallocChunk:          0 kB
Percpu:             7552 kB
CmaTotal:         315392 kB
CmaFree:              52 kB
MemTotal:        5980404 kB
MemFree:         1129420 kB
MemAvailable:    2786628 kB
Buffers:            5448 kB
Cached:          1681780 kB
SwapCached:            0 kB
Active:          1346136 kB
Inactive:        1463020 kB
Active(anon):    1128528 kB
Inactive(anon):    18572 kB
Active(file):     217608 kB
Inactive(file):  1444448 kB
Unevictable:        5636 kB
Mlocked:            5636 kB
SwapTotal:       3670008 kB
SwapFree:        3670008 kB
Dirty:              1312 kB
Writeback:             0 kB
AnonPages:       1127220 kB
Mapped:           813272 kB
Shmem:             20572 kB
KReclaimable:     557584 kB
Slab:             225768 kB
SReclaimable:      69712 kB
SUnreclaim:       156056 kB
KernelStack:       45872 kB
PageTables:        61008 kB
NFS_Unstable:          0 kB
Bounce:                0 kB
WritebackTmp:          0 kB
CommitLimit:     6660208 kB
Committed_AS:   71299420 kB
VmallocTotal:   263061440 kB
VmallocUsed:       86284 kB
VmallocChunk:          0 kB
Percpu:             7552 kB
CmaTotal:         315392 kB
CmaFree:               0 kB
MemTotal:        5980404 kB
MemFree:         1128856 kB
MemAvailable:    2786092 kB
Buffers:            5456 kB
Cached:          1681800 kB
SwapCached:            0 kB
Active:          1346600 kB
Inactive:        1463040 kB
Active(anon):    1128984 kB
Inactive(anon):    18572 kB
Active(file):     217616 kB
Inactive(file):  1444468 kB
Unevictable:        5636 kB
Mlocked:            5636 kB
SwapTotal:       3670008 kB
SwapFree:        3670008 kB
Dirty:               532 kB
Writeback:             0 kB
AnonPages:       1127656 kB
Mapped:           813272 kB
Shmem:             20572 kB
KReclaimable:     557584 kB
Slab:             225696 kB
SReclaimable:      69712 kB
SUnreclaim:       155984 kB
KernelStack:       45920 kB
PageTables:        61008 kB
NFS_Unstable:          0 kB
Bounce:                0 kB
WritebackTmp:          0 kB
CommitLimit:     6660208 kB
Committed_AS:   71297900 kB
VmallocTotal:   263061440 kB
VmallocUsed:       86300 kB
VmallocChunk:          0 kB
Percpu:             7552 kB
CmaTotal:         315392 kB
CmaFree:             168 kB
MemTotal:        5980404 kB
MemFree:         1127156 kB
MemAvailable:    2784392 kB
Buffers:            5456 kB
Cached:          1681804 kB
SwapCached:            0 kB
Active:          1347716 kB
Inactive:        1463044 kB
Active(anon):    1130100 kB
Inactive(anon):    18576 kB
Active(file):     217616 kB
Inactive(file):  1444468 kB
Unevictable:        5636 kB
Mlocked:            5636 kB
SwapTotal:       3670008 kB
SwapFree:        3670008 kB
Dirty:               784 kB
Writeback:             0 kB
AnonPages:       1129252 kB
Mapped:           813148 kB
Shmem:             20576 kB
KReclaimable:     557584 kB
Slab:             225704 kB
SReclaimable:      69712 kB
SUnreclaim:       155992 kB
KernelStack:       45872 kB
PageTables:        60912 kB
NFS_Unstable:          0 kB
Bounce:                0 kB
WritebackTmp:          0 kB
CommitLimit:     6660208 kB
Committed_AS:   71302184 kB
VmallocTotal:   263061440 kB
VmallocUsed:       86348 kB
VmallocChunk:          0 kB
Percpu:             7552 kB
CmaTotal:         315392 kB
CmaFree:               0 kB
MemTotal:        5980404 kB
MemFree:         1127356 kB
MemAvailable:    2784604 kB
Buffers:            5456 kB
Cached:          1681820 kB
SwapCached:            0 kB
Active:          1348020 kB
Inactive:        1463060 kB
Active(anon):    1130404 kB
Inactive(anon):    18580 kB
Active(file):     217616 kB
Inactive(file):  1444480 kB
Unevictable:        5636 kB
Mlocked:            5636 kB
SwapTotal:       3670008 kB
SwapFree:        3670008 kB
Dirty:               952 kB
Writeback:             0 kB
AnonPages:       1129020 kB
Mapped:           813092 kB
Shmem:             20580 kB
KReclaimable:     557584 kB
Slab:             225700 kB
SReclaimable:      69712 kB
SUnreclaim:       155988 kB
KernelStack:       45936 kB
PageTables:        61352 kB
NFS_Unstable:          0 kB
Bounce:                0 kB
WritebackTmp:          0 kB
CommitLimit:     6660208 kB
Committed_AS:   71297532 kB
VmallocTotal:   263061440 kB
VmallocUsed:       86284 kB
VmallocChunk:          0 kB
Percpu:             7552 kB
CmaTotal:         315392 kB
CmaFree:              48 kB
