MemTotal:       12113132 kB
MemFree:         6405440 kB
MemAvailable:    8137728 kB
Buffers:            6728 kB
Cached:          1923564 kB
SwapCached:            0 kB
Active:          1468444 kB
Inactive:        1677508 kB
Active(anon):    1222108 kB
Inactive(anon):    26124 kB
Active(file):     246336 kB
Inactive(file):  1651384 kB
Unevictable:        5552 kB
Mlocked:            5552 kB
SwapTotal:       3145724 kB
SwapFree:        3145724 kB
Dirty:               248 kB
Writeback:             0 kB
AnonPages:       1221392 kB
Mapped:           857424 kB
Shmem:             28072 kB
KReclaimable:     703272 kB
Slab:             224404 kB
SReclaimable:      80140 kB
SUnreclaim:       144264 kB
KernelStack:       45956 kB
PageTables:        62668 kB
NFS_Unstable:          0 kB
Bounce:                0 kB
WritebackTmp:          0 kB
CommitLimit:     9202288 kB
Committed_AS:   66044744 kB
VmallocTotal:   263061440 kB
VmallocUsed:      102908 kB
VmallocChunk:          0 kB
Percpu:             7648 kB
CmaTotal:         294912 kB
CmaFree:               0 kB
MemTotal:       12113132 kB
MemFree:         6404492 kB
MemAvailable:    8136852 kB
Buffers:            6728 kB
Cached:          1923636 kB
SwapCached:            0 kB
Active:          1468856 kB
Inactive:        1677548 kB
Active(anon):    1222488 kB
Inactive(anon):    26124 kB
Active(file):     246368 kB
Inactive(file):  1651424 kB
Unevictable:        5552 kB
Mlocked:            5552 kB
SwapTotal:       3145724 kB
SwapFree:        3145724 kB
Dirty:               328 kB
Writeback:             0 kB
AnonPages:       1221504 kB
Mapped:           857376 kB
Shmem:             28072 kB
KReclaimable:     703272 kB
Slab:             224420 kB
SReclaimable:      80140 kB
SUnreclaim:       144280 kB
KernelStack:       45952 kB
PageTables:        62776 kB
NFS_Unstable:          0 kB
Bounce:                0 kB
WritebackTmp:          0 kB
CommitLimit:     9202288 kB
Committed_AS:   66045652 kB
VmallocTotal:   263061440 kB
VmallocUsed:      102860 kB
VmallocChunk:          0 kB
Percpu:             7648 kB
CmaTotal:         294912 kB
CmaFree:               0 kB
MemTotal:       12113132 kB
MemFree:         6404364 kB
MemAvailable:    8136732 kB
Buffers:            6728 kB
Cached:          1923644 kB
SwapCached:            0 kB
Active:          1469368 kB
Inactive:        1677552 kB
Active(anon):    1222996 kB
Inactive(anon):    26124 kB
Active(file):     246372 kB
Inactive(file):  1651428 kB
Unevictable:        5552 kB
Mlocked:            5552 kB
SwapTotal:       3145724 kB
SwapFree:        3145724 kB
Dirty:               336 kB
Writeback:             0 kB
AnonPages:       1222080 kB
Mapped:           857424 kB
Shmem:             28072 kB
KReclaimable:     703272 kB
Slab:             224388 kB
SReclaimable:      80140 kB
SUnreclaim:       144248 kB
KernelStack:       45888 kB
PageTables:        62772 kB
NFS_Unstable:          0 kB
Bounce:                0 kB
WritebackTmp:          0 kB
CommitLimit:     9202288 kB
Committed_AS:   66045352 kB
VmallocTotal:   263061440 kB
VmallocUsed:      102860 kB
VmallocChunk:          0 kB
Percpu:             7648 kB
CmaTotal:         294912 kB
CmaFree:               0 kB
MemTotal:       12113132 kB
MemFree:         6404544 kB
MemAvailable:    8136924 kB
Buffers:            6728 kB
Cached:          1923656 kB
SwapCached:            0 kB
Active:          1470488 kB
Inactive:        1677564 kB
Active(anon):    1224116 kB
Inactive(anon):    26124 kB
Active(file):     246372 kB
Inactive(file):  1651440 kB
Unevictable:        5552 kB
Mlocked:            5552 kB
SwapTotal:       3145724 kB
SwapFree:        3145724 kB
Dirty:               352 kB
Writeback:             0 kB
AnonPages:       1223296 kB
Mapped:           857424 kB
Shmem:             28072 kB
KReclaimable:     703272 kB
Slab:             224396 kB
SReclaimable:      80140 kB
SUnreclaim:       144256 kB
KernelStack:       45888 kB
PageTables:        62776 kB
NFS_Unstable:          0 kB
Bounce:                0 kB
WritebackTmp:          0 kB
CommitLimit:     9202288 kB
Committed_AS:   66045096 kB
VmallocTotal:   263061440 kB
VmallocUsed:      102844 kB
VmallocChunk:          0 kB
Percpu:             7648 kB
CmaTotal:         294912 kB
CmaFree:               0 kB
MemTotal:       12113132 kB
MemFree:         6402232 kB
MemAvailable:    8134628 kB
Buffers:            6728 kB
Cached:          1923672 kB
SwapCached:            0 kB
Active:          1470700 kB
Inactive:        1677580 kB
Active(anon):    1224328 kB
Inactive(anon):    26124 kB
Active(file):     246372 kB
Inactive(file):  1651456 kB
Unevictable:        5552 kB
Mlocked:            5552 kB
SwapTotal:       3145724 kB
SwapFree:        3145724 kB
Dirty:               368 kB
Writeback:             0 kB
AnonPages:       1223504 kB
Mapped:           857424 kB
Shmem:             28072 kB
KReclaimable:     703272 kB
Slab:             224412 kB
SReclaimable:      80140 kB
SUnreclaim:       144272 kB
KernelStack:       45888 kB
PageTables:        62764 kB
NFS_Unstable:          0 kB
Bounce:                0 kB
WritebackTmp:          0 kB
CommitLimit:     9202288 kB
Committed_AS:   66044920 kB
VmallocTotal:   263061440 kB
VmallocUsed:      102828 kB
VmallocChunk:          0 kB
Percpu:             7648 kB
CmaTotal:         294912 kB
CmaFree:               0 kB
MemTotal:       12113132 kB
MemFree:         6401628 kB
MemAvailable:    8134036 kB
Buffers:            6728 kB
Cached:          1923684 kB
SwapCached:            0 kB
Active:          1471304 kB
Inactive:        1677592 kB
Active(anon):    1224932 kB
Inactive(anon):    26124 kB
Active(file):     246372 kB
Inactive(file):  1651468 kB
Unevictable:        5552 kB
Mlocked:            5552 kB
SwapTotal:       3145724 kB
SwapFree:        3145724 kB
Dirty:               392 kB
Writeback:             0 kB
AnonPages:       1224148 kB
Mapped:           857424 kB
Shmem:             28072 kB
KReclaimable:     703272 kB
Slab:             224380 kB
SReclaimable:      80140 kB
SUnreclaim:       144240 kB
KernelStack:       45856 kB
PageTables:        62768 kB
NFS_Unstable:          0 kB
Bounce:                0 kB
WritebackTmp:          0 kB
CommitLimit:     9202288 kB
Committed_AS:   66045396 kB
VmallocTotal:   263061440 kB
VmallocUsed:      102812 kB
VmallocChunk:          0 kB
Percpu:             7648 kB
CmaTotal:         294912 kB
CmaFree:               0 kB
MemTotal:       12113132 kB
MemFree:         6385092 kB
MemAvailable:    8117520 kB
Buffers:            6728 kB
Cached:          1932520 kB
SwapCached:            0 kB
Active:          1481548 kB
Inactive:        1686420 kB
Active(anon):    1235176 kB
Inactive(anon):    34948 kB
Active(file):     246372 kB
Inactive(file):  1651472 kB
Unevictable:        5552 kB
Mlocked:            5552 kB
SwapTotal:       3145724 kB
SwapFree:        3145724 kB
Dirty:               396 kB
Writeback:             0 kB
AnonPages:       1234232 kB
Mapped:           866248 kB
Shmem:             36904 kB
KReclaimable:     703288 kB
Slab:             224428 kB
SReclaimable:      80156 kB
SUnreclaim:       144272 kB
KernelStack:       45904 kB
PageTables:        62796 kB
NFS_Unstable:          0 kB
Bounce:                0 kB
WritebackTmp:          0 kB
CommitLimit:     9202288 kB
Committed_AS:   66059300 kB
VmallocTotal:   263061440 kB
VmallocUsed:      102844 kB
VmallocChunk:          0 kB
Percpu:             7648 kB
CmaTotal:         294912 kB
CmaFree:               0 kB
MemTotal:       12113132 kB
MemFree:         6374216 kB
MemAvailable:    8106656 kB
Buffers:            6728 kB
Cached:          1923700 kB
SwapCached:            0 kB
Active:          1499844 kB
Inactive:        1677608 kB
Active(anon):    1253472 kB
Inactive(anon):    26124 kB
Active(file):     246372 kB
Inactive(file):  1651484 kB
Unevictable:        5552 kB
Mlocked:            5552 kB
SwapTotal:       3145724 kB
SwapFree:        3145724 kB
Dirty:               460 kB
Writeback:             0 kB
AnonPages:       1252752 kB
Mapped:           857424 kB
Shmem:             28072 kB
KReclaimable:     703288 kB
Slab:             224420 kB
SReclaimable:      80156 kB
SUnreclaim:       144264 kB
KernelStack:       45904 kB
PageTables:        62772 kB
NFS_Unstable:          0 kB
Bounce:                0 kB
WritebackTmp:          0 kB
CommitLimit:     9202288 kB
Committed_AS:   66049632 kB
VmallocTotal:   263061440 kB
VmallocUsed:      102892 kB
VmallocChunk:          0 kB
Percpu:             7648 kB
CmaTotal:         294912 kB
CmaFree:               0 kB
MemTotal:       12113132 kB
MemFree:         6374252 kB
MemAvailable:    8106708 kB
Buffers:            6728 kB
Cached:          1923716 kB
SwapCached:            0 kB
Active:          1500820 kB
Inactive:        1677624 kB
Active(anon):    1254448 kB
Inactive(anon):    26124 kB
Active(file):     246372 kB
Inactive(file):  1651500 kB
Unevictable:        5552 kB
Mlocked:            5552 kB
SwapTotal:       3145724 kB
SwapFree:        3145724 kB
Dirty:               480 kB
Writeback:            12 kB
AnonPages:       1253888 kB
Mapped:           857424 kB
Shmem:             28072 kB
KReclaimable:     703288 kB
Slab:             224428 kB
SReclaimable:      80156 kB
SUnreclaim:       144272 kB
KernelStack:       45888 kB
PageTables:        62776 kB
NFS_Unstable:          0 kB
Bounce:                0 kB
WritebackTmp:          0 kB
CommitLimit:     9202288 kB
Committed_AS:   66049324 kB
VmallocTotal:   263061440 kB
VmallocUsed:      102892 kB
VmallocChunk:          0 kB
Percpu:             7648 kB
CmaTotal:         294912 kB
CmaFree:               0 kB
MemTotal:       12113132 kB
MemFree:         6362916 kB
MemAvailable:    8095408 kB
Buffers:            6728 kB
Cached:          1932676 kB
SwapCached:            0 kB
Active:          1501568 kB
Inactive:        1686584 kB
Active(anon):    1255192 kB
Inactive(anon):    35052 kB
Active(file):     246376 kB
Inactive(file):  1651532 kB
Unevictable:        5552 kB
Mlocked:            5552 kB
SwapTotal:       3145724 kB
SwapFree:        3145724 kB
Dirty:               496 kB
Writeback:             0 kB
AnonPages:       1254504 kB
Mapped:           866444 kB
Shmem:             36996 kB
KReclaimable:     703288 kB
Slab:             224436 kB
SReclaimable:      80156 kB
SUnreclaim:       144280 kB
KernelStack:       45952 kB
PageTables:        62896 kB
NFS_Unstable:          0 kB
Bounce:                0 kB
WritebackTmp:          0 kB
CommitLimit:     9202288 kB
Committed_AS:   66053760 kB
VmallocTotal:   263061440 kB
VmallocUsed:      102924 kB
VmallocChunk:          0 kB
Percpu:             7648 kB
CmaTotal:         294912 kB
CmaFree:               0 kB
MemTotal:       12113132 kB
MemFree:         6373016 kB
MemAvailable:    8105496 kB
Buffers:            6728 kB
Cached:          1923740 kB
SwapCached:            0 kB
Active:          1501580 kB
Inactive:        1677648 kB
Active(anon):    1255208 kB
Inactive(anon):    26124 kB
Active(file):     246372 kB
Inactive(file):  1651524 kB
Unevictable:        5552 kB
Mlocked:            5552 kB
SwapTotal:       3145724 kB
SwapFree:        3145724 kB
Dirty:               504 kB
Writeback:             0 kB
AnonPages:       1254856 kB
Mapped:           857520 kB
Shmem:             28072 kB
KReclaimable:     703288 kB
Slab:             224436 kB
SReclaimable:      80156 kB
SUnreclaim:       144280 kB
KernelStack:       45936 kB
PageTables:        62768 kB
NFS_Unstable:          0 kB
Bounce:                0 kB
WritebackTmp:          0 kB
CommitLimit:     9202288 kB
Committed_AS:   66045236 kB
VmallocTotal:   263061440 kB
VmallocUsed:      102940 kB
VmallocChunk:          0 kB
Percpu:             7648 kB
CmaTotal:         294912 kB
CmaFree:               0 kB
MemTotal:       12113132 kB
MemFree:         6371164 kB
MemAvailable:    8103676 kB
Buffers:            6728 kB
Cached:          1923772 kB
SwapCached:            0 kB
Active:          1502440 kB
Inactive:        1677676 kB
Active(anon):    1256064 kB
Inactive(anon):    26124 kB
Active(file):     246376 kB
Inactive(file):  1651552 kB
Unevictable:        5552 kB
Mlocked:            5552 kB
SwapTotal:       3145724 kB
SwapFree:        3145724 kB
Dirty:               528 kB
Writeback:             4 kB
AnonPages:       1255236 kB
Mapped:           857520 kB
Shmem:             28072 kB
KReclaimable:     703288 kB
Slab:             224428 kB
SReclaimable:      80156 kB
SUnreclaim:       144272 kB
KernelStack:       45952 kB
PageTables:        62764 kB
NFS_Unstable:          0 kB
Bounce:                0 kB
WritebackTmp:          0 kB
CommitLimit:     9202288 kB
Committed_AS:   66054392 kB
VmallocTotal:   263061440 kB
VmallocUsed:      102956 kB
VmallocChunk:          0 kB
Percpu:             7648 kB
CmaTotal:         294912 kB
CmaFree:               0 kB
MemTotal:       12113132 kB
MemFree:         6355760 kB
MemAvailable:    8088260 kB
Buffers:            6728 kB
Cached:          1930260 kB
SwapCached:            0 kB
Active:          1511948 kB
Inactive:        1683908 kB
Active(anon):    1265576 kB
Inactive(anon):    32364 kB
Active(file):     246372 kB
Inactive(file):  1651544 kB
Unevictable:        5552 kB
Mlocked:            5552 kB
SwapTotal:       3145724 kB
SwapFree:        3145724 kB
Dirty:               552 kB
Writeback:             0 kB
AnonPages:       1264308 kB
Mapped:           864020 kB
Shmem:             34572 kB
KReclaimable:     703288 kB
Slab:             224428 kB
SReclaimable:      80156 kB
SUnreclaim:       144272 kB
KernelStack:       45936 kB
PageTables:        62768 kB
NFS_Unstable:          0 kB
Bounce:                0 kB
WritebackTmp:          0 kB
CommitLimit:     9202288 kB
Committed_AS:   66057752 kB
VmallocTotal:   263061440 kB
VmallocUsed:      102908 kB
VmallocChunk:          0 kB
Percpu:             7648 kB
CmaTotal:         294912 kB
CmaFree:               0 kB
MemTotal:       12113132 kB
MemFree:         6370712 kB
MemAvailable:    8103248 kB
Buffers:            6732 kB
Cached:          1923792 kB
SwapCached:            0 kB
Active:          1502768 kB
Inactive:        1677700 kB
Active(anon):    1256392 kB
Inactive(anon):    26124 kB
Active(file):     246376 kB
Inactive(file):  1651576 kB
Unevictable:        5552 kB
Mlocked:            5552 kB
SwapTotal:       3145724 kB
SwapFree:        3145724 kB
Dirty:               540 kB
Writeback:             0 kB
AnonPages:       1255736 kB
Mapped:           857656 kB
Shmem:             28072 kB
KReclaimable:     703288 kB
Slab:             224420 kB
SReclaimable:      80156 kB
SUnreclaim:       144264 kB
KernelStack:       46000 kB
PageTables:        62844 kB
NFS_Unstable:          0 kB
Bounce:                0 kB
WritebackTmp:          0 kB
CommitLimit:     9202288 kB
Committed_AS:   66050684 kB
VmallocTotal:   263061440 kB
VmallocUsed:      102924 kB
VmallocChunk:          0 kB
Percpu:             7648 kB
CmaTotal:         294912 kB
CmaFree:               0 kB
MemTotal:       12113132 kB
MemFree:         6383896 kB
MemAvailable:    8116444 kB
Buffers:            6732 kB
Cached:          1923804 kB
SwapCached:            0 kB
Active:          1488728 kB
Inactive:        1677712 kB
Active(anon):    1242352 kB
Inactive(anon):    26124 kB
Active(file):     246376 kB
Inactive(file):  1651588 kB
Unevictable:        5552 kB
Mlocked:            5552 kB
SwapTotal:       3145724 kB
SwapFree:        3145724 kB
Dirty:               452 kB
Writeback:             0 kB
AnonPages:       1241580 kB
Mapped:           857520 kB
Shmem:             28072 kB
KReclaimable:     703288 kB
Slab:             224412 kB
SReclaimable:      80156 kB
SUnreclaim:       144256 kB
KernelStack:       45936 kB
PageTables:        62776 kB
NFS_Unstable:          0 kB
Bounce:                0 kB
WritebackTmp:          0 kB
CommitLimit:     9202288 kB
Committed_AS:   66055904 kB
VmallocTotal:   263061440 kB
VmallocUsed:      102956 kB
VmallocChunk:          0 kB
Percpu:             7648 kB
CmaTotal:         294912 kB
CmaFree:               0 kB
MemTotal:       12113132 kB
MemFree:         6372780 kB
MemAvailable:    8105340 kB
Buffers:            6732 kB
Cached:          1923816 kB
SwapCached:            0 kB
Active:          1501712 kB
Inactive:        1677724 kB
Active(anon):    1255336 kB
Inactive(anon):    26124 kB
Active(file):     246376 kB
Inactive(file):  1651600 kB
Unevictable:        5552 kB
Mlocked:            5552 kB
SwapTotal:       3145724 kB
SwapFree:        3145724 kB
Dirty:               464 kB
Writeback:             0 kB
AnonPages:       1254404 kB
Mapped:           857520 kB
Shmem:             28072 kB
KReclaimable:     703288 kB
Slab:             224428 kB
SReclaimable:      80156 kB
SUnreclaim:       144272 kB
KernelStack:       45936 kB
PageTables:        62760 kB
NFS_Unstable:          0 kB
Bounce:                0 kB
WritebackTmp:          0 kB
CommitLimit:     9202288 kB
Committed_AS:   66051940 kB
VmallocTotal:   263061440 kB
VmallocUsed:      102956 kB
VmallocChunk:          0 kB
Percpu:             7648 kB
CmaTotal:         294912 kB
CmaFree:              40 kB
MemTotal:       12113132 kB
MemFree:         6373968 kB
MemAvailable:    8106544 kB
Buffers:            6732 kB
Cached:          1923832 kB
SwapCached:            0 kB
Active:          1498948 kB
Inactive:        1677740 kB
Active(anon):    1252572 kB
Inactive(anon):    26124 kB
Active(file):     246376 kB
Inactive(file):  1651616 kB
Unevictable:        5552 kB
Mlocked:            5552 kB
SwapTotal:       3145724 kB
SwapFree:        3145724 kB
Dirty:               480 kB
Writeback:             0 kB
AnonPages:       1251760 kB
Mapped:           857520 kB
Shmem:             28072 kB
KReclaimable:     703288 kB
Slab:             224420 kB
SReclaimable:      80156 kB
SUnreclaim:       144264 kB
KernelStack:       45936 kB
PageTables:        62764 kB
NFS_Unstable:          0 kB
Bounce:                0 kB
WritebackTmp:          0 kB
CommitLimit:     9202288 kB
Committed_AS:   66046276 kB
VmallocTotal:   263061440 kB
VmallocUsed:      102908 kB
VmallocChunk:          0 kB
Percpu:             7648 kB
CmaTotal:         294912 kB
CmaFree:               4 kB
MemTotal:       12113132 kB
MemFree:         6390656 kB
MemAvailable:    8123240 kB
Buffers:            6732 kB
Cached:          1923840 kB
SwapCached:            0 kB
Active:          1481720 kB
Inactive:        1677744 kB
Active(anon):    1235340 kB
Inactive(anon):    26124 kB
Active(file):     246380 kB
Inactive(file):  1651620 kB
Unevictable:        5552 kB
Mlocked:            5552 kB
SwapTotal:       3145724 kB
SwapFree:        3145724 kB
Dirty:               544 kB
Writeback:             0 kB
AnonPages:       1234296 kB
Mapped:           857544 kB
Shmem:             28072 kB
KReclaimable:     703288 kB
Slab:             224412 kB
SReclaimable:      80156 kB
SUnreclaim:       144256 kB
KernelStack:       46000 kB
PageTables:        62852 kB
NFS_Unstable:          0 kB
Bounce:                0 kB
WritebackTmp:          0 kB
CommitLimit:     9202288 kB
Committed_AS:   66050088 kB
VmallocTotal:   263061440 kB
VmallocUsed:      102908 kB
VmallocChunk:          0 kB
Percpu:             7648 kB
CmaTotal:         294912 kB
CmaFree:              20 kB
MemTotal:       12113132 kB
MemFree:         6374388 kB
MemAvailable:    8106988 kB
Buffers:            6732 kB
Cached:          1923856 kB
SwapCached:            0 kB
Active:          1497704 kB
Inactive:        1677756 kB
Active(anon):    1251320 kB
Inactive(anon):    26124 kB
Active(file):     246384 kB
Inactive(file):  1651632 kB
Unevictable:        5552 kB
Mlocked:            5552 kB
SwapTotal:       3145724 kB
SwapFree:        3145724 kB
Dirty:               564 kB
Writeback:             0 kB
AnonPages:       1250604 kB
Mapped:           857520 kB
Shmem:             28072 kB
KReclaimable:     703288 kB
Slab:             224412 kB
SReclaimable:      80156 kB
SUnreclaim:       144256 kB
KernelStack:       45936 kB
PageTables:        62768 kB
NFS_Unstable:          0 kB
Bounce:                0 kB
WritebackTmp:          0 kB
CommitLimit:     9202288 kB
Committed_AS:   66049864 kB
VmallocTotal:   263061440 kB
VmallocUsed:      102924 kB
VmallocChunk:          0 kB
Percpu:             7648 kB
CmaTotal:         294912 kB
CmaFree:               0 kB
MemTotal:       12113132 kB
MemFree:         6365964 kB
MemAvailable:    8098560 kB
Buffers:            6732 kB
Cached:          1923852 kB
SwapCached:            0 kB
Active:          1507328 kB
Inactive:        1677760 kB
Active(anon):    1260952 kB
Inactive(anon):    26124 kB
Active(file):     246376 kB
Inactive(file):  1651636 kB
Unevictable:        5552 kB
Mlocked:            5552 kB
SwapTotal:       3145724 kB
SwapFree:        3145724 kB
Dirty:               560 kB
Writeback:             0 kB
AnonPages:       1259672 kB
Mapped:           857520 kB
Shmem:             28072 kB
KReclaimable:     703288 kB
Slab:             224428 kB
SReclaimable:      80156 kB
SUnreclaim:       144272 kB
KernelStack:       45936 kB
PageTables:        62776 kB
NFS_Unstable:          0 kB
Bounce:                0 kB
WritebackTmp:          0 kB
CommitLimit:     9202288 kB
Committed_AS:   66055128 kB
VmallocTotal:   263061440 kB
VmallocUsed:      102924 kB
VmallocChunk:          0 kB
Percpu:             7648 kB
CmaTotal:         294912 kB
CmaFree:               0 kB
MemTotal:       12113132 kB
MemFree:         6399828 kB
MemAvailable:    8132480 kB
Buffers:            6732 kB
Cached:          1923876 kB
SwapCached:            0 kB
Active:          1471204 kB
Inactive:        1677780 kB
Active(anon):    1224824 kB
Inactive(anon):    26124 kB
Active(file):     246380 kB
Inactive(file):  1651656 kB
Unevictable:        5552 kB
Mlocked:            5552 kB
SwapTotal:       3145724 kB
SwapFree:        3145724 kB
Dirty:               600 kB
Writeback:             0 kB
AnonPages:       1223652 kB
Mapped:           857564 kB
Shmem:             28072 kB
KReclaimable:     703288 kB
Slab:             224428 kB
SReclaimable:      80156 kB
SUnreclaim:       144272 kB
KernelStack:       45968 kB
PageTables:        62644 kB
NFS_Unstable:          0 kB
Bounce:                0 kB
WritebackTmp:          0 kB
CommitLimit:     9202288 kB
Committed_AS:   66044696 kB
VmallocTotal:   263061440 kB
VmallocUsed:      102908 kB
VmallocChunk:          0 kB
Percpu:             7648 kB
CmaTotal:         294912 kB
CmaFree:             188 kB
MemTotal:       12113132 kB
MemFree:         6383276 kB
MemAvailable:    8115904 kB
Buffers:            6732 kB
Cached:          1923884 kB
SwapCached:            0 kB
Active:          1490944 kB
Inactive:        1677788 kB
Active(anon):    1244564 kB
Inactive(anon):    26124 kB
Active(file):     246380 kB
Inactive(file):  1651664 kB
Unevictable:        5552 kB
Mlocked:            5552 kB
SwapTotal:       3145724 kB
SwapFree:        3145724 kB
Dirty:               636 kB
Writeback:             0 kB
AnonPages:       1243944 kB
Mapped:           857576 kB
Shmem:             28072 kB
KReclaimable:     703288 kB
Slab:             224428 kB
SReclaimable:      80156 kB
SUnreclaim:       144272 kB
KernelStack:       45936 kB
PageTables:        62776 kB
NFS_Unstable:          0 kB
Bounce:                0 kB
WritebackTmp:          0 kB
CommitLimit:     9202288 kB
Committed_AS:   66053012 kB
VmallocTotal:   263061440 kB
VmallocUsed:      102956 kB
VmallocChunk:          0 kB
Percpu:             7648 kB
CmaTotal:         294912 kB
CmaFree:               0 kB
MemTotal:       12113132 kB
MemFree:         6382220 kB
MemAvailable:    8114864 kB
Buffers:            6732 kB
Cached:          1923900 kB
SwapCached:            0 kB
Active:          1490860 kB
Inactive:        1677792 kB
Active(anon):    1244468 kB
Inactive(anon):    26124 kB
Active(file):     246392 kB
Inactive(file):  1651668 kB
Unevictable:        5552 kB
Mlocked:            5552 kB
SwapTotal:       3145724 kB
SwapFree:        3145724 kB
Dirty:               712 kB
Writeback:           108 kB
AnonPages:       1243176 kB
Mapped:           857576 kB
Shmem:             28072 kB
KReclaimable:     703288 kB
Slab:             224428 kB
SReclaimable:      80156 kB
SUnreclaim:       144272 kB
KernelStack:       45936 kB
PageTables:        62764 kB
NFS_Unstable:          0 kB
Bounce:                0 kB
WritebackTmp:          0 kB
CommitLimit:     9202288 kB
Committed_AS:   66053476 kB
VmallocTotal:   263061440 kB
VmallocUsed:      102956 kB
VmallocChunk:          0 kB
Percpu:             7648 kB
CmaTotal:         294912 kB
CmaFree:               0 kB
MemTotal:       12113132 kB
MemFree:         6382332 kB
MemAvailable:    8114988 kB
Buffers:            6732 kB
Cached:          1923912 kB
SwapCached:            0 kB
Active:          1490456 kB
Inactive:        1677804 kB
Active(anon):    1244064 kB
Inactive(anon):    26124 kB
Active(file):     246392 kB
Inactive(file):  1651680 kB
Unevictable:        5552 kB
Mlocked:            5552 kB
SwapTotal:       3145724 kB
SwapFree:        3145724 kB
Dirty:               812 kB
Writeback:             0 kB
AnonPages:       1242780 kB
Mapped:           857576 kB
Shmem:             28072 kB
KReclaimable:     703288 kB
Slab:             224428 kB
SReclaimable:      80156 kB
SUnreclaim:       144272 kB
KernelStack:       46064 kB
PageTables:        62828 kB
NFS_Unstable:          0 kB
Bounce:                0 kB
WritebackTmp:          0 kB
CommitLimit:     9202288 kB
Committed_AS:   66048536 kB
VmallocTotal:   263061440 kB
VmallocUsed:      103036 kB
VmallocChunk:          0 kB
Percpu:             7648 kB
CmaTotal:         294912 kB
CmaFree:               4 kB
MemTotal:       12113132 kB
MemFree:         6371592 kB
MemAvailable:    8104256 kB
Buffers:            6732 kB
Cached:          1932940 kB
SwapCached:            0 kB
Active:          1492496 kB
Inactive:        1686780 kB
Active(anon):    1246104 kB
Inactive(anon):    35092 kB
Active(file):     246392 kB
Inactive(file):  1651688 kB
Unevictable:        5552 kB
Mlocked:            5552 kB
SwapTotal:       3145724 kB
SwapFree:        3145724 kB
Dirty:               820 kB
Writeback:             0 kB
AnonPages:       1245524 kB
Mapped:           880212 kB
Shmem:             37092 kB
KReclaimable:     703288 kB
Slab:             224416 kB
SReclaimable:      80156 kB
SUnreclaim:       144260 kB
KernelStack:       46016 kB
PageTables:        62860 kB
NFS_Unstable:          0 kB
Bounce:                0 kB
WritebackTmp:          0 kB
CommitLimit:     9202288 kB
Committed_AS:   66062060 kB
VmallocTotal:   263061440 kB
VmallocUsed:      103052 kB
VmallocChunk:          0 kB
Percpu:             7648 kB
CmaTotal:         294912 kB
CmaFree:               4 kB
MemTotal:       12113132 kB
MemFree:         6380064 kB
MemAvailable:    8112744 kB
Buffers:            6732 kB
Cached:          1923936 kB
SwapCached:            0 kB
Active:          1493248 kB
Inactive:        1677828 kB
Active(anon):    1246856 kB
Inactive(anon):    26124 kB
Active(file):     246392 kB
Inactive(file):  1651704 kB
Unevictable:        5552 kB
Mlocked:            5552 kB
SwapTotal:       3145724 kB
SwapFree:        3145724 kB
Dirty:               836 kB
Writeback:             0 kB
AnonPages:       1246080 kB
Mapped:           871392 kB
Shmem:             28072 kB
KReclaimable:     703288 kB
Slab:             224416 kB
SReclaimable:      80156 kB
SUnreclaim:       144260 kB
KernelStack:       46064 kB
PageTables:        62928 kB
NFS_Unstable:          0 kB
Bounce:                0 kB
WritebackTmp:          0 kB
CommitLimit:     9202288 kB
Committed_AS:   66053088 kB
VmallocTotal:   263061440 kB
VmallocUsed:      103020 kB
VmallocChunk:          0 kB
Percpu:             7648 kB
CmaTotal:         294912 kB
CmaFree:               0 kB
MemTotal:       12113132 kB
MemFree:         6379480 kB
MemAvailable:    8112164 kB
Buffers:            6732 kB
Cached:          1923940 kB
SwapCached:            0 kB
Active:          1493896 kB
Inactive:        1677832 kB
Active(anon):    1247504 kB
Inactive(anon):    26124 kB
Active(file):     246392 kB
Inactive(file):  1651708 kB
Unevictable:        5552 kB
Mlocked:            5552 kB
SwapTotal:       3145724 kB
SwapFree:        3145724 kB
Dirty:               332 kB
Writeback:             0 kB
AnonPages:       1246880 kB
Mapped:           871192 kB
Shmem:             28072 kB
KReclaimable:     703288 kB
Slab:             224416 kB
SReclaimable:      80156 kB
SUnreclaim:       144260 kB
KernelStack:       46016 kB
PageTables:        62820 kB
NFS_Unstable:          0 kB
Bounce:                0 kB
WritebackTmp:          0 kB
CommitLimit:     9202288 kB
Committed_AS:   66053216 kB
VmallocTotal:   263061440 kB
VmallocUsed:      103036 kB
VmallocChunk:          0 kB
Percpu:             7648 kB
CmaTotal:         294912 kB
CmaFree:               0 kB
MemTotal:       12113132 kB
MemFree:         6363904 kB
MemAvailable:    8096620 kB
Buffers:            6736 kB
Cached:          1928912 kB
SwapCached:            0 kB
Active:          1503876 kB
Inactive:        1682804 kB
Active(anon):    1257480 kB
Inactive(anon):    31068 kB
Active(file):     246396 kB
Inactive(file):  1651736 kB
Unevictable:        5552 kB
Mlocked:            5552 kB
SwapTotal:       3145724 kB
SwapFree:        3145724 kB
Dirty:               316 kB
Writeback:             0 kB
AnonPages:       1256496 kB
Mapped:           876140 kB
Shmem:             33016 kB
KReclaimable:     703288 kB
Slab:             224420 kB
SReclaimable:      80156 kB
SUnreclaim:       144264 kB
KernelStack:       46064 kB
PageTables:        62908 kB
NFS_Unstable:          0 kB
Bounce:                0 kB
WritebackTmp:          0 kB
CommitLimit:     9202288 kB
Committed_AS:   66062148 kB
VmallocTotal:   263061440 kB
VmallocUsed:      103004 kB
VmallocChunk:          0 kB
Percpu:             7648 kB
CmaTotal:         294912 kB
CmaFree:               0 kB
MemTotal:       12113132 kB
MemFree:         6376676 kB
MemAvailable:    8109416 kB
Buffers:            6736 kB
Cached:          1923996 kB
SwapCached:            0 kB
Active:          1495244 kB
Inactive:        1677888 kB
Active(anon):    1248848 kB
Inactive(anon):    26128 kB
Active(file):     246396 kB
Inactive(file):  1651760 kB
Unevictable:        5552 kB
Mlocked:            5552 kB
SwapTotal:       3145724 kB
SwapFree:        3145724 kB
Dirty:               312 kB
Writeback:             0 kB
AnonPages:       1247496 kB
Mapped:           871196 kB
Shmem:             28076 kB
KReclaimable:     703288 kB
Slab:             224412 kB
SReclaimable:      80156 kB
SUnreclaim:       144256 kB
KernelStack:       46016 kB
PageTables:        62820 kB
NFS_Unstable:          0 kB
Bounce:                0 kB
WritebackTmp:          0 kB
CommitLimit:     9202288 kB
Committed_AS:   66053396 kB
VmallocTotal:   263061440 kB
VmallocUsed:      102988 kB
VmallocChunk:          0 kB
Percpu:             7648 kB
CmaTotal:         294912 kB
CmaFree:               0 kB
MemTotal:       12113132 kB
MemFree:         6376516 kB
MemAvailable:    8109268 kB
Buffers:            6736 kB
Cached:          1924008 kB
SwapCached:            0 kB
Active:          1495288 kB
Inactive:        1677900 kB
Active(anon):    1248892 kB
Inactive(anon):    26128 kB
Active(file):     246396 kB
Inactive(file):  1651772 kB
Unevictable:        5552 kB
Mlocked:            5552 kB
SwapTotal:       3145724 kB
SwapFree:        3145724 kB
Dirty:               348 kB
Writeback:             0 kB
AnonPages:       1247760 kB
Mapped:           871196 kB
Shmem:             28076 kB
KReclaimable:     703288 kB
Slab:             224428 kB
SReclaimable:      80156 kB
SUnreclaim:       144272 kB
KernelStack:       46016 kB
PageTables:        62832 kB
NFS_Unstable:          0 kB
Bounce:                0 kB
WritebackTmp:          0 kB
CommitLimit:     9202288 kB
Committed_AS:   66055708 kB
VmallocTotal:   263061440 kB
VmallocUsed:      103004 kB
VmallocChunk:          0 kB
Percpu:             7648 kB
CmaTotal:         294912 kB
CmaFree:               0 kB
MemTotal:       12113132 kB
MemFree:         6365340 kB
MemAvailable:    8098100 kB
Buffers:            6736 kB
Cached:          1924036 kB
SwapCached:            0 kB
Active:          1508764 kB
Inactive:        1678104 kB
Active(anon):    1262368 kB
Inactive(anon):    26324 kB
Active(file):     246396 kB
Inactive(file):  1651780 kB
Unevictable:        5552 kB
Mlocked:            5552 kB
SwapTotal:       3145724 kB
SwapFree:        3145724 kB
Dirty:               356 kB
Writeback:             0 kB
AnonPages:       1261804 kB
Mapped:           871396 kB
Shmem:             28096 kB
KReclaimable:     703288 kB
Slab:             224428 kB
SReclaimable:      80156 kB
SUnreclaim:       144272 kB
KernelStack:       46016 kB
PageTables:        62844 kB
NFS_Unstable:          0 kB
Bounce:                0 kB
WritebackTmp:          0 kB
CommitLimit:     9202288 kB
Committed_AS:   66063128 kB
VmallocTotal:   263061440 kB
VmallocUsed:      103004 kB
VmallocChunk:          0 kB
Percpu:             7648 kB
CmaTotal:         294912 kB
CmaFree:              28 kB
MemTotal:       12113132 kB
MemFree:         6368396 kB
MemAvailable:    8101176 kB
Buffers:            6736 kB
Cached:          1924036 kB
SwapCached:            0 kB
Active:          1505088 kB
Inactive:        1677924 kB
Active(anon):    1258688 kB
Inactive(anon):    26128 kB
Active(file):     246400 kB
Inactive(file):  1651796 kB
Unevictable:        5552 kB
Mlocked:            5552 kB
SwapTotal:       3145724 kB
SwapFree:        3145724 kB
Dirty:               372 kB
Writeback:             0 kB
AnonPages:       1257832 kB
Mapped:           871196 kB
Shmem:             28076 kB
KReclaimable:     703288 kB
Slab:             224428 kB
SReclaimable:      80156 kB
SUnreclaim:       144272 kB
KernelStack:       46016 kB
PageTables:        62832 kB
NFS_Unstable:          0 kB
Bounce:                0 kB
WritebackTmp:          0 kB
CommitLimit:     9202288 kB
Committed_AS:   66055268 kB
VmallocTotal:   263061440 kB
VmallocUsed:      103020 kB
VmallocChunk:          0 kB
Percpu:             7648 kB
CmaTotal:         294912 kB
CmaFree:               0 kB
MemTotal:       12113132 kB
MemFree:         6366772 kB
MemAvailable:    8099560 kB
Buffers:            6736 kB
Cached:          1924044 kB
SwapCached:            0 kB
Active:          1505740 kB
Inactive:        1677936 kB
Active(anon):    1259344 kB
Inactive(anon):    26128 kB
Active(file):     246396 kB
Inactive(file):  1651808 kB
Unevictable:        5552 kB
Mlocked:            5552 kB
SwapTotal:       3145724 kB
SwapFree:        3145724 kB
Dirty:               400 kB
Writeback:             0 kB
AnonPages:       1258468 kB
Mapped:           871196 kB
Shmem:             28076 kB
KReclaimable:     703288 kB
Slab:             224404 kB
SReclaimable:      80156 kB
SUnreclaim:       144248 kB
KernelStack:       46016 kB
PageTables:        62824 kB
NFS_Unstable:          0 kB
Bounce:                0 kB
WritebackTmp:          0 kB
CommitLimit:     9202288 kB
Committed_AS:   66055968 kB
VmallocTotal:   263061440 kB
VmallocUsed:      103036 kB
VmallocChunk:          0 kB
Percpu:             7648 kB
CmaTotal:         294912 kB
CmaFree:               0 kB
MemTotal:       12113132 kB
MemFree:         6356832 kB
MemAvailable:    8089636 kB
Buffers:            6736 kB
Cached:          1924060 kB
SwapCached:            0 kB
Active:          1517232 kB
Inactive:        1677948 kB
Active(anon):    1270832 kB
Inactive(anon):    26128 kB
Active(file):     246400 kB
Inactive(file):  1651820 kB
Unevictable:        5552 kB
Mlocked:            5552 kB
SwapTotal:       3145724 kB
SwapFree:        3145724 kB
Dirty:               448 kB
Writeback:             0 kB
AnonPages:       1269900 kB
Mapped:           871492 kB
Shmem:             28076 kB
KReclaimable:     703288 kB
Slab:             224444 kB
SReclaimable:      80156 kB
SUnreclaim:       144288 kB
KernelStack:       46032 kB
PageTables:        62800 kB
NFS_Unstable:          0 kB
Bounce:                0 kB
WritebackTmp:          0 kB
CommitLimit:     9202288 kB
Committed_AS:   66058768 kB
VmallocTotal:   263061440 kB
VmallocUsed:      103036 kB
VmallocChunk:          0 kB
Percpu:             7648 kB
CmaTotal:         294912 kB
CmaFree:               4 kB
MemTotal:       12113132 kB
MemFree:         6362320 kB
MemAvailable:    8092600 kB
Buffers:            6736 kB
Cached:          1924092 kB
SwapCached:            0 kB
Active:          1512028 kB
Inactive:        1678028 kB
Active(anon):    1265632 kB
Inactive(anon):    26192 kB
Active(file):     246396 kB
Inactive(file):  1651836 kB
Unevictable:        5552 kB
Mlocked:            5552 kB
SwapTotal:       3145724 kB
SwapFree:        3145724 kB
Dirty:               508 kB
Writeback:             0 kB
AnonPages:       1264784 kB
Mapped:           871632 kB
Shmem:             28096 kB
KReclaimable:     700752 kB
Slab:             224452 kB
SReclaimable:      80172 kB
SUnreclaim:       144280 kB
KernelStack:       46128 kB
PageTables:        62856 kB
NFS_Unstable:          0 kB
Bounce:                0 kB
WritebackTmp:          0 kB
CommitLimit:     9202288 kB
Committed_AS:   66059928 kB
VmallocTotal:   263061440 kB
VmallocUsed:      103052 kB
VmallocChunk:          0 kB
Percpu:             7648 kB
CmaTotal:         294912 kB
CmaFree:               0 kB
MemTotal:       12113132 kB
MemFree:         6386460 kB
MemAvailable:    8116700 kB
Buffers:            6736 kB
Cached:          1924252 kB
SwapCached:            0 kB
Active:          1485704 kB
Inactive:        1678116 kB
Active(anon):    1239304 kB
Inactive(anon):    26268 kB
Active(file):     246400 kB
Inactive(file):  1651848 kB
Unevictable:        5552 kB
Mlocked:            5552 kB
SwapTotal:       3145724 kB
SwapFree:        3145724 kB
Dirty:               560 kB
Writeback:             0 kB
AnonPages:       1237956 kB
Mapped:           871792 kB
Shmem:             28240 kB
KReclaimable:     700696 kB
Slab:             224460 kB
SReclaimable:      80172 kB
SUnreclaim:       144288 kB
KernelStack:       46176 kB
PageTables:        62816 kB
NFS_Unstable:          0 kB
Bounce:                0 kB
WritebackTmp:          0 kB
CommitLimit:     9202288 kB
Committed_AS:   66054636 kB
VmallocTotal:   263061440 kB
VmallocUsed:      103084 kB
VmallocChunk:          0 kB
Percpu:             7648 kB
CmaTotal:         294912 kB
CmaFree:               0 kB
MemTotal:       12113132 kB
MemFree:         6368652 kB
MemAvailable:    8098892 kB
Buffers:            6736 kB
Cached:          1924252 kB
SwapCached:            0 kB
Active:          1507056 kB
Inactive:        1678304 kB
Active(anon):    1260660 kB
Inactive(anon):    26452 kB
Active(file):     246396 kB
Inactive(file):  1651852 kB
Unevictable:        5552 kB
Mlocked:            5552 kB
SwapTotal:       3145724 kB
SwapFree:        3145724 kB
Dirty:               328 kB
Writeback:             0 kB
AnonPages:       1259824 kB
Mapped:           872000 kB
Shmem:             28240 kB
KReclaimable:     700696 kB
Slab:             224452 kB
SReclaimable:      80172 kB
SUnreclaim:       144280 kB
KernelStack:       46128 kB
PageTables:        62848 kB
NFS_Unstable:          0 kB
Bounce:                0 kB
WritebackTmp:          0 kB
CommitLimit:     9202288 kB
Committed_AS:   66055160 kB
VmallocTotal:   263061440 kB
VmallocUsed:      103116 kB
VmallocChunk:          0 kB
Percpu:             7648 kB
CmaTotal:         294912 kB
CmaFree:               0 kB
MemTotal:       12113132 kB
MemFree:         6356368 kB
MemAvailable:    8086616 kB
Buffers:            6736 kB
Cached:          1924260 kB
SwapCached:            0 kB
Active:          1517364 kB
Inactive:        1678128 kB
Active(anon):    1270968 kB
Inactive(anon):    26268 kB
Active(file):     246396 kB
Inactive(file):  1651860 kB
Unevictable:        5552 kB
Mlocked:            5552 kB
SwapTotal:       3145724 kB
SwapFree:        3145724 kB
Dirty:               368 kB
Writeback:             0 kB
AnonPages:       1270072 kB
Mapped:           871964 kB
Shmem:             28240 kB
KReclaimable:     700696 kB
Slab:             224480 kB
SReclaimable:      80172 kB
SUnreclaim:       144308 kB
KernelStack:       46176 kB
PageTables:        62952 kB
NFS_Unstable:          0 kB
Bounce:                0 kB
WritebackTmp:          0 kB
CommitLimit:     9202288 kB
Committed_AS:   66055236 kB
VmallocTotal:   263061440 kB
VmallocUsed:      103132 kB
VmallocChunk:          0 kB
Percpu:             7648 kB
CmaTotal:         294912 kB
CmaFree:               0 kB
MemTotal:       12113132 kB
MemFree:         6355228 kB
MemAvailable:    8085492 kB
Buffers:            6736 kB
Cached:          1924276 kB
SwapCached:            0 kB
Active:          1518516 kB
Inactive:        1678144 kB
Active(anon):    1272120 kB
Inactive(anon):    26268 kB
Active(file):     246396 kB
Inactive(file):  1651876 kB
Unevictable:        5552 kB
Mlocked:            5552 kB
SwapTotal:       3145724 kB
SwapFree:        3145724 kB
Dirty:               436 kB
Writeback:             0 kB
AnonPages:       1271360 kB
Mapped:           871884 kB
Shmem:             28240 kB
KReclaimable:     700696 kB
Slab:             224472 kB
SReclaimable:      80172 kB
SUnreclaim:       144300 kB
KernelStack:       46128 kB
PageTables:        62852 kB
NFS_Unstable:          0 kB
Bounce:                0 kB
WritebackTmp:          0 kB
CommitLimit:     9202288 kB
Committed_AS:   66055192 kB
VmallocTotal:   263061440 kB
VmallocUsed:      103100 kB
VmallocChunk:          0 kB
Percpu:             7648 kB
CmaTotal:         294912 kB
CmaFree:               0 kB
MemTotal:       12113132 kB
MemFree:         6342972 kB
MemAvailable:    8073248 kB
Buffers:            6736 kB
Cached:          1924248 kB
SwapCached:            0 kB
Active:          1531292 kB
Inactive:        1678116 kB
Active(anon):    1284896 kB
Inactive(anon):    26228 kB
Active(file):     246396 kB
Inactive(file):  1651888 kB
Unevictable:        5552 kB
Mlocked:            5552 kB
SwapTotal:       3145724 kB
SwapFree:        3145724 kB
Dirty:               472 kB
Writeback:             0 kB
AnonPages:       1284100 kB
Mapped:           871876 kB
Shmem:             28200 kB
KReclaimable:     700696 kB
Slab:             224488 kB
SReclaimable:      80172 kB
SUnreclaim:       144316 kB
KernelStack:       46144 kB
PageTables:        62728 kB
NFS_Unstable:          0 kB
Bounce:                0 kB
WritebackTmp:          0 kB
CommitLimit:     9202288 kB
Committed_AS:   66044268 kB
VmallocTotal:   263061440 kB
VmallocUsed:      103116 kB
VmallocChunk:          0 kB
Percpu:             7648 kB
CmaTotal:         294912 kB
CmaFree:               0 kB
MemTotal:       12113132 kB
MemFree:         6349736 kB
MemAvailable:    8080028 kB
Buffers:            6736 kB
Cached:          1924308 kB
SwapCached:            0 kB
Active:          1523212 kB
Inactive:        1678172 kB
Active(anon):    1276812 kB
Inactive(anon):    26272 kB
Active(file):     246400 kB
Inactive(file):  1651900 kB
Unevictable:        5552 kB
Mlocked:            5552 kB
SwapTotal:       3145724 kB
SwapFree:        3145724 kB
Dirty:               516 kB
Writeback:             0 kB
AnonPages:       1275816 kB
Mapped:           871924 kB
Shmem:             28244 kB
KReclaimable:     700696 kB
Slab:             224480 kB
SReclaimable:      80172 kB
SUnreclaim:       144308 kB
KernelStack:       46096 kB
PageTables:        62840 kB
NFS_Unstable:          0 kB
Bounce:                0 kB
WritebackTmp:          0 kB
CommitLimit:     9202288 kB
Committed_AS:   66050296 kB
VmallocTotal:   263061440 kB
VmallocUsed:      103116 kB
VmallocChunk:          0 kB
Percpu:             7648 kB
CmaTotal:         294912 kB
CmaFree:               0 kB
MemTotal:       12113132 kB
MemFree:         6347628 kB
MemAvailable:    8077924 kB
Buffers:            6736 kB
Cached:          1924312 kB
SwapCached:            0 kB
Active:          1524112 kB
Inactive:        1678180 kB
Active(anon):    1277716 kB
Inactive(anon):    26272 kB
Active(file):     246396 kB
Inactive(file):  1651908 kB
Unevictable:        5552 kB
Mlocked:            5552 kB
SwapTotal:       3145724 kB
SwapFree:        3145724 kB
Dirty:               552 kB
Writeback:             0 kB
AnonPages:       1276516 kB
Mapped:           871980 kB
Shmem:             28244 kB
KReclaimable:     700696 kB
Slab:             224488 kB
SReclaimable:      80172 kB
SUnreclaim:       144316 kB
KernelStack:       46096 kB
PageTables:        62852 kB
NFS_Unstable:          0 kB
Bounce:                0 kB
WritebackTmp:          0 kB
CommitLimit:     9202288 kB
Committed_AS:   66046480 kB
VmallocTotal:   263061440 kB
VmallocUsed:      103100 kB
VmallocChunk:          0 kB
Percpu:             7648 kB
CmaTotal:         294912 kB
CmaFree:               0 kB
MemTotal:       12113132 kB
MemFree:         6333944 kB
MemAvailable:    8064296 kB
Buffers:            6744 kB
Cached:          1924356 kB
SwapCached:            0 kB
Active:          1538576 kB
Inactive:        1678124 kB
Active(anon):    1292072 kB
Inactive(anon):    26272 kB
Active(file):     246504 kB
Inactive(file):  1651852 kB
Unevictable:        5552 kB
Mlocked:            5552 kB
SwapTotal:       3145724 kB
SwapFree:        3145724 kB
Dirty:               656 kB
Writeback:             0 kB
AnonPages:       1290952 kB
Mapped:           872012 kB
Shmem:             28244 kB
KReclaimable:     700700 kB
Slab:             224492 kB
SReclaimable:      80176 kB
SUnreclaim:       144316 kB
KernelStack:       46096 kB
PageTables:        62848 kB
NFS_Unstable:          0 kB
Bounce:                0 kB
WritebackTmp:          0 kB
CommitLimit:     9202288 kB
Committed_AS:   66057404 kB
VmallocTotal:   263061440 kB
VmallocUsed:      103084 kB
VmallocChunk:          0 kB
Percpu:             7648 kB
CmaTotal:         294912 kB
CmaFree:               0 kB
MemTotal:       12113132 kB
MemFree:         6367452 kB
MemAvailable:    8097808 kB
Buffers:            6744 kB
Cached:          1924360 kB
SwapCached:            0 kB
Active:          1507116 kB
Inactive:        1678132 kB
Active(anon):    1260616 kB
Inactive(anon):    26272 kB
Active(file):     246500 kB
Inactive(file):  1651860 kB
Unevictable:        5552 kB
Mlocked:            5552 kB
SwapTotal:       3145724 kB
SwapFree:        3145724 kB
Dirty:               668 kB
Writeback:             0 kB
AnonPages:       1259040 kB
Mapped:           858452 kB
Shmem:             28244 kB
KReclaimable:     700700 kB
Slab:             224484 kB
SReclaimable:      80176 kB
SUnreclaim:       144308 kB
KernelStack:       46124 kB
PageTables:        62796 kB
NFS_Unstable:          0 kB
Bounce:                0 kB
WritebackTmp:          0 kB
CommitLimit:     9202288 kB
Committed_AS:   66046708 kB
VmallocTotal:   263061440 kB
VmallocUsed:      103036 kB
VmallocChunk:          0 kB
Percpu:             7648 kB
CmaTotal:         294912 kB
CmaFree:               8 kB
MemTotal:       12113132 kB
MemFree:         6365268 kB
MemAvailable:    8095636 kB
Buffers:            6744 kB
Cached:          1924372 kB
SwapCached:            0 kB
Active:          1507700 kB
Inactive:        1678144 kB
Active(anon):    1261200 kB
Inactive(anon):    26272 kB
Active(file):     246500 kB
Inactive(file):  1651872 kB
Unevictable:        5552 kB
Mlocked:            5552 kB
SwapTotal:       3145724 kB
SwapFree:        3145724 kB
Dirty:               752 kB
Writeback:             0 kB
AnonPages:       1260184 kB
Mapped:           858464 kB
Shmem:             28244 kB
KReclaimable:     700700 kB
Slab:             224484 kB
SReclaimable:      80176 kB
SUnreclaim:       144308 kB
KernelStack:       46080 kB
PageTables:        62788 kB
NFS_Unstable:          0 kB
Bounce:                0 kB
WritebackTmp:          0 kB
CommitLimit:     9202288 kB
Committed_AS:   66046340 kB
VmallocTotal:   263061440 kB
VmallocUsed:      103052 kB
VmallocChunk:          0 kB
Percpu:             7648 kB
CmaTotal:         294912 kB
CmaFree:               0 kB
MemTotal:       12113132 kB
MemFree:         6356684 kB
MemAvailable:    8087064 kB
Buffers:            6744 kB
Cached:          1924444 kB
SwapCached:            0 kB
Active:          1518464 kB
Inactive:        1678216 kB
Active(anon):    1271964 kB
Inactive(anon):    26332 kB
Active(file):     246500 kB
Inactive(file):  1651884 kB
Unevictable:        5552 kB
Mlocked:            5552 kB
SwapTotal:       3145724 kB
SwapFree:        3145724 kB
Dirty:               792 kB
Writeback:             0 kB
AnonPages:       1271172 kB
Mapped:           858556 kB
Shmem:             28304 kB
KReclaimable:     700700 kB
Slab:             224484 kB
SReclaimable:      80176 kB
SUnreclaim:       144308 kB
KernelStack:       46080 kB
PageTables:        62760 kB
NFS_Unstable:          0 kB
Bounce:                0 kB
WritebackTmp:          0 kB
CommitLimit:     9202288 kB
Committed_AS:   66059384 kB
VmallocTotal:   263061440 kB
VmallocUsed:      103100 kB
VmallocChunk:          0 kB
Percpu:             7648 kB
CmaTotal:         294912 kB
CmaFree:              12 kB
MemTotal:       12113132 kB
MemFree:         6365380 kB
MemAvailable:    8095768 kB
Buffers:            6744 kB
Cached:          1924392 kB
SwapCached:            0 kB
Active:          1508284 kB
Inactive:        1678164 kB
Active(anon):    1261784 kB
Inactive(anon):    26272 kB
Active(file):     246500 kB
Inactive(file):  1651892 kB
Unevictable:        5552 kB
Mlocked:            5552 kB
SwapTotal:       3145724 kB
SwapFree:        3145724 kB
Dirty:               824 kB
Writeback:             0 kB
AnonPages:       1261156 kB
Mapped:           858532 kB
Shmem:             28244 kB
KReclaimable:     700700 kB
Slab:             224476 kB
SReclaimable:      80176 kB
SUnreclaim:       144300 kB
KernelStack:       46080 kB
PageTables:        62788 kB
NFS_Unstable:          0 kB
Bounce:                0 kB
WritebackTmp:          0 kB
CommitLimit:     9202288 kB
Committed_AS:   66055664 kB
VmallocTotal:   263061440 kB
VmallocUsed:      103116 kB
VmallocChunk:          0 kB
Percpu:             7648 kB
CmaTotal:         294912 kB
CmaFree:              16 kB
MemTotal:       12113132 kB
MemFree:         6363312 kB
MemAvailable:    8093716 kB
Buffers:            6744 kB
Cached:          1924408 kB
SwapCached:            0 kB
Active:          1509776 kB
Inactive:        1678180 kB
Active(anon):    1263276 kB
Inactive(anon):    26272 kB
Active(file):     246500 kB
Inactive(file):  1651908 kB
Unevictable:        5552 kB
Mlocked:            5552 kB
SwapTotal:       3145724 kB
SwapFree:        3145724 kB
Dirty:               872 kB
Writeback:             0 kB
AnonPages:       1262548 kB
Mapped:           858560 kB
Shmem:             28244 kB
KReclaimable:     700700 kB
Slab:             224484 kB
SReclaimable:      80176 kB
SUnreclaim:       144308 kB
KernelStack:       46080 kB
PageTables:        62800 kB
NFS_Unstable:          0 kB
Bounce:                0 kB
WritebackTmp:          0 kB
CommitLimit:     9202288 kB
Committed_AS:   66050936 kB
VmallocTotal:   263061440 kB
VmallocUsed:      103132 kB
VmallocChunk:          0 kB
Percpu:             7648 kB
CmaTotal:         294912 kB
CmaFree:               0 kB
MemTotal:       12113132 kB
MemFree:         6353420 kB
MemAvailable:    8083836 kB
Buffers:            6744 kB
Cached:          1924624 kB
SwapCached:            0 kB
Active:          1520408 kB
Inactive:        1678076 kB
Active(anon):    1273904 kB
Inactive(anon):    26160 kB
Active(file):     246504 kB
Inactive(file):  1651916 kB
Unevictable:        5552 kB
Mlocked:            5552 kB
SwapTotal:       3145724 kB
SwapFree:        3145724 kB
Dirty:               904 kB
Writeback:             0 kB
AnonPages:       1272920 kB
Mapped:           858480 kB
Shmem:             28448 kB
KReclaimable:     700700 kB
Slab:             224492 kB
SReclaimable:      80176 kB
SUnreclaim:       144316 kB
KernelStack:       46096 kB
PageTables:        62916 kB
NFS_Unstable:          0 kB
Bounce:                0 kB
WritebackTmp:          0 kB
CommitLimit:     9202288 kB
Committed_AS:   66045708 kB
VmallocTotal:   263061440 kB
VmallocUsed:      103084 kB
VmallocChunk:          0 kB
Percpu:             7648 kB
CmaTotal:         294912 kB
CmaFree:             208 kB
MemTotal:       12113132 kB
MemFree:         6358056 kB
MemAvailable:    8088480 kB
Buffers:            6744 kB
Cached:          1924436 kB
SwapCached:            0 kB
Active:          1514224 kB
Inactive:        1678208 kB
Active(anon):    1267724 kB
Inactive(anon):    26280 kB
Active(file):     246500 kB
Inactive(file):  1651928 kB
Unevictable:        5552 kB
Mlocked:            5552 kB
SwapTotal:       3145724 kB
SwapFree:        3145724 kB
Dirty:               936 kB
Writeback:             0 kB
AnonPages:       1266620 kB
Mapped:           858712 kB
Shmem:             28252 kB
KReclaimable:     700700 kB
Slab:             224484 kB
SReclaimable:      80176 kB
SUnreclaim:       144308 kB
KernelStack:       46108 kB
PageTables:        62652 kB
NFS_Unstable:          0 kB
Bounce:                0 kB
WritebackTmp:          0 kB
CommitLimit:     9202288 kB
Committed_AS:   66040312 kB
VmallocTotal:   263061440 kB
VmallocUsed:      103068 kB
VmallocChunk:          0 kB
Percpu:             7648 kB
CmaTotal:         294912 kB
CmaFree:               0 kB
MemTotal:       12113132 kB
MemFree:         6356444 kB
MemAvailable:    8086880 kB
Buffers:            6744 kB
Cached:          1924448 kB
SwapCached:            0 kB
Active:          1515668 kB
Inactive:        1678220 kB
Active(anon):    1269168 kB
Inactive(anon):    26280 kB
Active(file):     246500 kB
Inactive(file):  1651940 kB
Unevictable:        5552 kB
Mlocked:            5552 kB
SwapTotal:       3145724 kB
SwapFree:        3145724 kB
Dirty:              1000 kB
Writeback:             0 kB
AnonPages:       1268260 kB
Mapped:           858672 kB
Shmem:             28252 kB
KReclaimable:     700700 kB
Slab:             224468 kB
SReclaimable:      80176 kB
SUnreclaim:       144292 kB
KernelStack:       46080 kB
PageTables:        62788 kB
NFS_Unstable:          0 kB
Bounce:                0 kB
WritebackTmp:          0 kB
CommitLimit:     9202288 kB
Committed_AS:   66045464 kB
VmallocTotal:   263061440 kB
VmallocUsed:      103068 kB
VmallocChunk:          0 kB
Percpu:             7648 kB
CmaTotal:         294912 kB
CmaFree:               0 kB
MemTotal:       12113132 kB
MemFree:         6347924 kB
MemAvailable:    8078368 kB
Buffers:            6744 kB
Cached:          1924468 kB
SwapCached:            0 kB
Active:          1526896 kB
Inactive:        1678240 kB
Active(anon):    1280396 kB
Inactive(anon):    26292 kB
Active(file):     246500 kB
Inactive(file):  1651948 kB
Unevictable:        5552 kB
Mlocked:            5552 kB
SwapTotal:       3145724 kB
SwapFree:        3145724 kB
Dirty:               252 kB
Writeback:             0 kB
AnonPages:       1279260 kB
Mapped:           858724 kB
Shmem:             28264 kB
KReclaimable:     700700 kB
Slab:             224504 kB
SReclaimable:      80176 kB
SUnreclaim:       144328 kB
KernelStack:       46128 kB
PageTables:        62912 kB
NFS_Unstable:          0 kB
Bounce:                0 kB
WritebackTmp:          0 kB
CommitLimit:     9202288 kB
Committed_AS:   66058044 kB
VmallocTotal:   263061440 kB
VmallocUsed:      103100 kB
VmallocChunk:          0 kB
Percpu:             7648 kB
CmaTotal:         294912 kB
CmaFree:               0 kB
MemTotal:       12113132 kB
MemFree:         6345696 kB
MemAvailable:    8076148 kB
Buffers:            6744 kB
Cached:          1924464 kB
SwapCached:            0 kB
Active:          1529320 kB
Inactive:        1678236 kB
Active(anon):    1282820 kB
Inactive(anon):    26280 kB
Active(file):     246500 kB
Inactive(file):  1651956 kB
Unevictable:        5552 kB
Mlocked:            5552 kB
SwapTotal:       3145724 kB
SwapFree:        3145724 kB
Dirty:               416 kB
Writeback:             0 kB
AnonPages:       1281868 kB
Mapped:           858704 kB
Shmem:             28252 kB
KReclaimable:     700700 kB
Slab:             224484 kB
SReclaimable:      80176 kB
SUnreclaim:       144308 kB
KernelStack:       46096 kB
PageTables:        62788 kB
NFS_Unstable:          0 kB
Bounce:                0 kB
WritebackTmp:          0 kB
CommitLimit:     9202288 kB
Committed_AS:   66054596 kB
VmallocTotal:   263061440 kB
VmallocUsed:      103004 kB
VmallocChunk:          0 kB
Percpu:             7648 kB
CmaTotal:         294912 kB
CmaFree:               0 kB
MemTotal:       12113132 kB
MemFree:         6345776 kB
MemAvailable:    8076240 kB
Buffers:            6744 kB
Cached:          1924480 kB
SwapCached:            0 kB
Active:          1527948 kB
Inactive:        1678252 kB
Active(anon):    1281448 kB
Inactive(anon):    26284 kB
Active(file):     246500 kB
Inactive(file):  1651968 kB
Unevictable:        5552 kB
Mlocked:            5552 kB
SwapTotal:       3145724 kB
SwapFree:        3145724 kB
Dirty:               480 kB
Writeback:             0 kB
AnonPages:       1280272 kB
Mapped:           858772 kB
Shmem:             28256 kB
KReclaimable:     700700 kB
Slab:             224468 kB
SReclaimable:      80176 kB
SUnreclaim:       144292 kB
KernelStack:       46128 kB
PageTables:        62788 kB
NFS_Unstable:          0 kB
Bounce:                0 kB
WritebackTmp:          0 kB
CommitLimit:     9202288 kB
Committed_AS:   66054552 kB
VmallocTotal:   263061440 kB
VmallocUsed:      103068 kB
VmallocChunk:          0 kB
Percpu:             7648 kB
CmaTotal:         294912 kB
CmaFree:               0 kB
MemTotal:       12113132 kB
MemFree:         6363196 kB
MemAvailable:    8093680 kB
Buffers:            6744 kB
Cached:          1924384 kB
SwapCached:            0 kB
Active:          1509928 kB
Inactive:        1678156 kB
Active(anon):    1263428 kB
Inactive(anon):    26168 kB
Active(file):     246500 kB
Inactive(file):  1651988 kB
Unevictable:        5552 kB
Mlocked:            5552 kB
SwapTotal:       3145724 kB
SwapFree:        3145724 kB
Dirty:               544 kB
Writeback:             0 kB
AnonPages:       1262976 kB
Mapped:           858688 kB
Shmem:             28140 kB
KReclaimable:     700700 kB
Slab:             224468 kB
SReclaimable:      80176 kB
SUnreclaim:       144292 kB
KernelStack:       46048 kB
PageTables:        62796 kB
NFS_Unstable:          0 kB
Bounce:                0 kB
WritebackTmp:          0 kB
CommitLimit:     9202288 kB
Committed_AS:   66049968 kB
VmallocTotal:   263061440 kB
VmallocUsed:      103020 kB
VmallocChunk:          0 kB
Percpu:             7648 kB
CmaTotal:         294912 kB
CmaFree:               0 kB
MemTotal:       12113132 kB
MemFree:         6368148 kB
MemAvailable:    8098636 kB
Buffers:            6744 kB
Cached:          1924504 kB
SwapCached:            0 kB
Active:          1503052 kB
Inactive:        1678276 kB
Active(anon):    1256552 kB
Inactive(anon):    26284 kB
Active(file):     246500 kB
Inactive(file):  1651992 kB
Unevictable:        5552 kB
Mlocked:            5552 kB
SwapTotal:       3145724 kB
SwapFree:        3145724 kB
Dirty:               552 kB
Writeback:             0 kB
AnonPages:       1255708 kB
Mapped:           858820 kB
Shmem:             28256 kB
KReclaimable:     700700 kB
Slab:             224460 kB
SReclaimable:      80176 kB
SUnreclaim:       144284 kB
KernelStack:       46096 kB
PageTables:        62824 kB
NFS_Unstable:          0 kB
Bounce:                0 kB
WritebackTmp:          0 kB
CommitLimit:     9202288 kB
Committed_AS:   66051064 kB
VmallocTotal:   263061440 kB
VmallocUsed:      103052 kB
VmallocChunk:          0 kB
Percpu:             7648 kB
CmaTotal:         294912 kB
CmaFree:               0 kB
MemTotal:       12113132 kB
MemFree:         6368080 kB
MemAvailable:    8098588 kB
Buffers:            6744 kB
Cached:          1924528 kB
SwapCached:            0 kB
Active:          1504820 kB
Inactive:        1678300 kB
Active(anon):    1258320 kB
Inactive(anon):    26288 kB
Active(file):     246500 kB
Inactive(file):  1652012 kB
Unevictable:        5552 kB
Mlocked:            5552 kB
SwapTotal:       3145724 kB
SwapFree:        3145724 kB
Dirty:               672 kB
Writeback:             0 kB
AnonPages:       1257292 kB
Mapped:           858824 kB
Shmem:             28260 kB
KReclaimable:     700700 kB
Slab:             224472 kB
SReclaimable:      80176 kB
SUnreclaim:       144296 kB
KernelStack:       46176 kB
PageTables:        62908 kB
NFS_Unstable:          0 kB
Bounce:                0 kB
WritebackTmp:          0 kB
CommitLimit:     9202288 kB
Committed_AS:   66045900 kB
VmallocTotal:   263061440 kB
VmallocUsed:      103084 kB
VmallocChunk:          0 kB
Percpu:             7648 kB
CmaTotal:         294912 kB
CmaFree:               0 kB
MemTotal:       12113132 kB
MemFree:         6353072 kB
MemAvailable:    8083592 kB
Buffers:            6748 kB
Cached:          1924540 kB
SwapCached:            0 kB
Active:          1519360 kB
Inactive:        1678312 kB
Active(anon):    1272856 kB
Inactive(anon):    26292 kB
Active(file):     246504 kB
Inactive(file):  1652020 kB
Unevictable:        5552 kB
Mlocked:            5552 kB
SwapTotal:       3145724 kB
SwapFree:        3145724 kB
Dirty:               704 kB
Writeback:             0 kB
AnonPages:       1271956 kB
Mapped:           858832 kB
Shmem:             28264 kB
KReclaimable:     700700 kB
Slab:             224464 kB
SReclaimable:      80176 kB
SUnreclaim:       144288 kB
KernelStack:       46144 kB
PageTables:        62784 kB
NFS_Unstable:          0 kB
Bounce:                0 kB
WritebackTmp:          0 kB
CommitLimit:     9202288 kB
Committed_AS:   66064468 kB
VmallocTotal:   263061440 kB
VmallocUsed:      103148 kB
VmallocChunk:          0 kB
Percpu:             7648 kB
CmaTotal:         294912 kB
CmaFree:               0 kB
MemTotal:       12113132 kB
MemFree:         6351684 kB
MemAvailable:    8082240 kB
Buffers:            6748 kB
Cached:          1924556 kB
SwapCached:            0 kB
Active:          1519596 kB
Inactive:        1678328 kB
Active(anon):    1273092 kB
Inactive(anon):    26272 kB
Active(file):     246504 kB
Inactive(file):  1652056 kB
Unevictable:        5552 kB
Mlocked:            5552 kB
SwapTotal:       3145724 kB
SwapFree:        3145724 kB
Dirty:               728 kB
Writeback:             0 kB
AnonPages:       1272216 kB
Mapped:           858812 kB
Shmem:             28244 kB
KReclaimable:     700700 kB
Slab:             224456 kB
SReclaimable:      80176 kB
SUnreclaim:       144280 kB
KernelStack:       46144 kB
PageTables:        62800 kB
NFS_Unstable:          0 kB
Bounce:                0 kB
WritebackTmp:          0 kB
CommitLimit:     9202288 kB
Committed_AS:   66063984 kB
VmallocTotal:   263061440 kB
VmallocUsed:      103116 kB
VmallocChunk:          0 kB
Percpu:             7648 kB
CmaTotal:         294912 kB
CmaFree:             136 kB
MemTotal:       12113132 kB
MemFree:         6351540 kB
MemAvailable:    8082144 kB
Buffers:            6748 kB
Cached:          1924576 kB
SwapCached:            0 kB
Active:          1521204 kB
Inactive:        1678344 kB
Active(anon):    1274696 kB
Inactive(anon):    26276 kB
Active(file):     246508 kB
Inactive(file):  1652068 kB
Unevictable:        5552 kB
Mlocked:            5552 kB
SwapTotal:       3145724 kB
SwapFree:        3145724 kB
Dirty:               776 kB
Writeback:             0 kB
AnonPages:       1273728 kB
Mapped:           858816 kB
Shmem:             28248 kB
KReclaimable:     700700 kB
Slab:             224464 kB
SReclaimable:      80176 kB
SUnreclaim:       144288 kB
KernelStack:       46128 kB
PageTables:        62744 kB
NFS_Unstable:          0 kB
Bounce:                0 kB
WritebackTmp:          0 kB
CommitLimit:     9202288 kB
Committed_AS:   66057796 kB
VmallocTotal:   263061440 kB
VmallocUsed:      103132 kB
VmallocChunk:          0 kB
Percpu:             7648 kB
CmaTotal:         294912 kB
CmaFree:               0 kB
MemTotal:       12113132 kB
MemFree:         6342188 kB
MemAvailable:    8072764 kB
Buffers:            6748 kB
Cached:          1924580 kB
SwapCached:            0 kB
Active:          1530844 kB
Inactive:        1678352 kB
Active(anon):    1284340 kB
Inactive(anon):    26276 kB
Active(file):     246504 kB
Inactive(file):  1652076 kB
Unevictable:        5552 kB
Mlocked:            5552 kB
SwapTotal:       3145724 kB
SwapFree:        3145724 kB
Dirty:               816 kB
Writeback:             0 kB
AnonPages:       1283776 kB
Mapped:           858820 kB
Shmem:             28248 kB
KReclaimable:     700700 kB
Slab:             224456 kB
SReclaimable:      80176 kB
SUnreclaim:       144280 kB
KernelStack:       46128 kB
PageTables:        62784 kB
NFS_Unstable:          0 kB
Bounce:                0 kB
WritebackTmp:          0 kB
CommitLimit:     9202288 kB
Committed_AS:   66065428 kB
VmallocTotal:   263061440 kB
VmallocUsed:      103164 kB
VmallocChunk:          0 kB
Percpu:             7648 kB
CmaTotal:         294912 kB
CmaFree:               0 kB
MemTotal:       12113132 kB
MemFree:         6339688 kB
MemAvailable:    8070272 kB
Buffers:            6748 kB
Cached:          1924588 kB
SwapCached:            0 kB
Active:          1532488 kB
Inactive:        1678360 kB
Active(anon):    1285984 kB
Inactive(anon):    26276 kB
Active(file):     246504 kB
Inactive(file):  1652084 kB
Unevictable:        5552 kB
Mlocked:            5552 kB
SwapTotal:       3145724 kB
SwapFree:        3145724 kB
Dirty:               340 kB
Writeback:             0 kB
AnonPages:       1284920 kB
Mapped:           859016 kB
Shmem:             28248 kB
KReclaimable:     700700 kB
Slab:             224464 kB
SReclaimable:      80176 kB
SUnreclaim:       144288 kB
KernelStack:       46208 kB
PageTables:        62896 kB
NFS_Unstable:          0 kB
Bounce:                0 kB
WritebackTmp:          0 kB
CommitLimit:     9202288 kB
Committed_AS:   66061952 kB
VmallocTotal:   263061440 kB
VmallocUsed:      103148 kB
VmallocChunk:          0 kB
Percpu:             7648 kB
CmaTotal:         294912 kB
CmaFree:               0 kB
MemTotal:       12113132 kB
MemFree:         6339092 kB
MemAvailable:    8069688 kB
Buffers:            6748 kB
Cached:          1924600 kB
SwapCached:            0 kB
Active:          1533424 kB
Inactive:        1678372 kB
Active(anon):    1286920 kB
Inactive(anon):    26276 kB
Active(file):     246504 kB
Inactive(file):  1652096 kB
Unevictable:        5552 kB
Mlocked:            5552 kB
SwapTotal:       3145724 kB
SwapFree:        3145724 kB
Dirty:               404 kB
Writeback:             0 kB
AnonPages:       1286040 kB
Mapped:           858884 kB
Shmem:             28248 kB
KReclaimable:     700700 kB
Slab:             224436 kB
SReclaimable:      80176 kB
SUnreclaim:       144260 kB
KernelStack:       46128 kB
PageTables:        62740 kB
NFS_Unstable:          0 kB
Bounce:                0 kB
WritebackTmp:          0 kB
CommitLimit:     9202288 kB
Committed_AS:   66057664 kB
VmallocTotal:   263061440 kB
VmallocUsed:      103132 kB
VmallocChunk:          0 kB
Percpu:             7648 kB
CmaTotal:         294912 kB
CmaFree:               0 kB
MemTotal:       12113132 kB
MemFree:         6327464 kB
MemAvailable:    8058072 kB
Buffers:            6748 kB
Cached:          1924620 kB
SwapCached:            0 kB
Active:          1545616 kB
Inactive:        1678392 kB
Active(anon):    1299112 kB
Inactive(anon):    26284 kB
Active(file):     246504 kB
Inactive(file):  1652108 kB
Unevictable:        5552 kB
Mlocked:            5552 kB
SwapTotal:       3145724 kB
SwapFree:        3145724 kB
Dirty:               448 kB
Writeback:             0 kB
AnonPages:       1298344 kB
Mapped:           858836 kB
Shmem:             28256 kB
KReclaimable:     700700 kB
Slab:             224436 kB
SReclaimable:      80176 kB
SUnreclaim:       144260 kB
KernelStack:       46176 kB
PageTables:        62852 kB
NFS_Unstable:          0 kB
Bounce:                0 kB
WritebackTmp:          0 kB
CommitLimit:     9202288 kB
Committed_AS:   66067820 kB
VmallocTotal:   263061440 kB
VmallocUsed:      103148 kB
VmallocChunk:          0 kB
Percpu:             7648 kB
CmaTotal:         294912 kB
CmaFree:               0 kB
MemTotal:       12113132 kB
MemFree:         6341136 kB
MemAvailable:    8073808 kB
Buffers:            6748 kB
Cached:          1924620 kB
SwapCached:            0 kB
Active:          1530804 kB
Inactive:        1678380 kB
Active(anon):    1284300 kB
Inactive(anon):    26260 kB
Active(file):     246504 kB
Inactive(file):  1652120 kB
Unevictable:        5552 kB
Mlocked:            5552 kB
SwapTotal:       3145724 kB
SwapFree:        3145724 kB
Dirty:               464 kB
Writeback:             0 kB
AnonPages:       1283416 kB
Mapped:           858108 kB
Shmem:             28244 kB
KReclaimable:     702752 kB
Slab:             224440 kB
SReclaimable:      80176 kB
SUnreclaim:       144264 kB
KernelStack:       46224 kB
PageTables:        62848 kB
NFS_Unstable:          0 kB
Bounce:                0 kB
WritebackTmp:          0 kB
CommitLimit:     9202288 kB
Committed_AS:   66055940 kB
VmallocTotal:   263061440 kB
VmallocUsed:      103244 kB
VmallocChunk:          0 kB
Percpu:             7648 kB
CmaTotal:         294912 kB
CmaFree:               0 kB
MemTotal:       12113132 kB
MemFree:         6343276 kB
MemAvailable:    8075968 kB
Buffers:            6748 kB
Cached:          1924544 kB
SwapCached:            0 kB
Active:          1527720 kB
Inactive:        1678336 kB
Active(anon):    1281212 kB
Inactive(anon):    26200 kB
Active(file):     246508 kB
Inactive(file):  1652136 kB
Unevictable:        5552 kB
Mlocked:            5552 kB
SwapTotal:       3145724 kB
SwapFree:        3145724 kB
Dirty:               528 kB
Writeback:             0 kB
AnonPages:       1280536 kB
Mapped:           857948 kB
Shmem:             28148 kB
KReclaimable:     702752 kB
Slab:             224440 kB
SReclaimable:      80176 kB
SUnreclaim:       144264 kB
KernelStack:       46308 kB
PageTables:        62724 kB
NFS_Unstable:          0 kB
Bounce:                0 kB
WritebackTmp:          0 kB
CommitLimit:     9202288 kB
Committed_AS:   66056404 kB
VmallocTotal:   263061440 kB
VmallocUsed:      103292 kB
VmallocChunk:          0 kB
Percpu:             7648 kB
CmaTotal:         294912 kB
CmaFree:               0 kB
MemTotal:       12113132 kB
MemFree:         6333384 kB
MemAvailable:    8066088 kB
Buffers:            6748 kB
Cached:          1924696 kB
SwapCached:            0 kB
Active:          1537656 kB
Inactive:        1678484 kB
Active(anon):    1291148 kB
Inactive(anon):    26336 kB
Active(file):     246508 kB
Inactive(file):  1652148 kB
Unevictable:        5552 kB
Mlocked:            5552 kB
SwapTotal:       3145724 kB
SwapFree:        3145724 kB
Dirty:               536 kB
Writeback:             0 kB
AnonPages:       1290548 kB
Mapped:           858144 kB
Shmem:             28288 kB
KReclaimable:     702752 kB
Slab:             224440 kB
SReclaimable:      80176 kB
SUnreclaim:       144264 kB
KernelStack:       46272 kB
PageTables:        62912 kB
NFS_Unstable:          0 kB
Bounce:                0 kB
WritebackTmp:          0 kB
CommitLimit:     9202288 kB
Committed_AS:   66053040 kB
VmallocTotal:   263061440 kB
VmallocUsed:      103276 kB
VmallocChunk:          0 kB
Percpu:             7648 kB
CmaTotal:         294912 kB
CmaFree:              92 kB
MemTotal:       12113132 kB
MemFree:         6342552 kB
MemAvailable:    8075260 kB
Buffers:            6748 kB
Cached:          1924560 kB
SwapCached:            0 kB
Active:          1528748 kB
Inactive:        1678356 kB
Active(anon):    1282244 kB
Inactive(anon):    26200 kB
Active(file):     246504 kB
Inactive(file):  1652156 kB
Unevictable:        5552 kB
Mlocked:            5552 kB
SwapTotal:       3145724 kB
SwapFree:        3145724 kB
Dirty:               576 kB
Writeback:             0 kB
AnonPages:       1281648 kB
Mapped:           858032 kB
Shmem:             28148 kB
KReclaimable:     702752 kB
Slab:             224440 kB
SReclaimable:      80176 kB
SUnreclaim:       144264 kB
KernelStack:       46288 kB
PageTables:        62992 kB
NFS_Unstable:          0 kB
Bounce:                0 kB
WritebackTmp:          0 kB
CommitLimit:     9202288 kB
Committed_AS:   66049656 kB
VmallocTotal:   263061440 kB
VmallocUsed:      103276 kB
VmallocChunk:          0 kB
Percpu:             7648 kB
CmaTotal:         294912 kB
CmaFree:               0 kB
MemTotal:       12113132 kB
MemFree:         6341692 kB
MemAvailable:    8074416 kB
Buffers:            6748 kB
Cached:          1924576 kB
SwapCached:            0 kB
Active:          1529496 kB
Inactive:        1678372 kB
Active(anon):    1282992 kB
Inactive(anon):    26200 kB
Active(file):     246504 kB
Inactive(file):  1652172 kB
Unevictable:        5552 kB
Mlocked:            5552 kB
SwapTotal:       3145724 kB
SwapFree:        3145724 kB
Dirty:               608 kB
Writeback:             0 kB
AnonPages:       1281616 kB
Mapped:           858100 kB
Shmem:             28148 kB
KReclaimable:     702752 kB
Slab:             224432 kB
SReclaimable:      80176 kB
SUnreclaim:       144256 kB
KernelStack:       46304 kB
PageTables:        62816 kB
NFS_Unstable:          0 kB
Bounce:                0 kB
WritebackTmp:          0 kB
CommitLimit:     9202288 kB
Committed_AS:   66053752 kB
VmallocTotal:   263061440 kB
VmallocUsed:      103276 kB
VmallocChunk:          0 kB
Percpu:             7648 kB
CmaTotal:         294912 kB
CmaFree:               0 kB
MemTotal:       12113132 kB
MemFree:         6328968 kB
MemAvailable:    8061704 kB
Buffers:            6748 kB
Cached:          1924588 kB
SwapCached:            0 kB
Active:          1544040 kB
Inactive:        1678384 kB
Active(anon):    1297536 kB
Inactive(anon):    26200 kB
Active(file):     246504 kB
Inactive(file):  1652184 kB
Unevictable:        5552 kB
Mlocked:            5552 kB
SwapTotal:       3145724 kB
SwapFree:        3145724 kB
Dirty:               624 kB
Writeback:             0 kB
AnonPages:       1296924 kB
Mapped:           857992 kB
Shmem:             28148 kB
KReclaimable:     702752 kB
Slab:             224440 kB
SReclaimable:      80176 kB
SUnreclaim:       144264 kB
KernelStack:       46320 kB
PageTables:        62888 kB
NFS_Unstable:          0 kB
Bounce:                0 kB
WritebackTmp:          0 kB
CommitLimit:     9202288 kB
Committed_AS:   66058164 kB
VmallocTotal:   263061440 kB
VmallocUsed:      103276 kB
VmallocChunk:          0 kB
Percpu:             7648 kB
CmaTotal:         294912 kB
CmaFree:               0 kB
MemTotal:       12113132 kB
MemFree:         6339908 kB
MemAvailable:    8072656 kB
Buffers:            6748 kB
Cached:          1924600 kB
SwapCached:            0 kB
Active:          1530780 kB
Inactive:        1678396 kB
Active(anon):    1284276 kB
Inactive(anon):    26200 kB
Active(file):     246504 kB
Inactive(file):  1652196 kB
Unevictable:        5552 kB
Mlocked:            5552 kB
SwapTotal:       3145724 kB
SwapFree:        3145724 kB
Dirty:               640 kB
Writeback:             0 kB
AnonPages:       1283568 kB
Mapped:           857952 kB
Shmem:             28148 kB
KReclaimable:     702752 kB
Slab:             224440 kB
SReclaimable:      80176 kB
SUnreclaim:       144264 kB
KernelStack:       46272 kB
PageTables:        62724 kB
NFS_Unstable:          0 kB
Bounce:                0 kB
WritebackTmp:          0 kB
CommitLimit:     9202288 kB
Committed_AS:   66058516 kB
VmallocTotal:   263061440 kB
VmallocUsed:      103276 kB
VmallocChunk:          0 kB
Percpu:             7648 kB
CmaTotal:         294912 kB
CmaFree:               0 kB
MemTotal:       12113132 kB
MemFree:         6340532 kB
MemAvailable:    8073288 kB
Buffers:            6748 kB
Cached:          1924608 kB
SwapCached:            0 kB
Active:          1531392 kB
Inactive:        1678404 kB
Active(anon):    1284888 kB
Inactive(anon):    26200 kB
Active(file):     246504 kB
Inactive(file):  1652204 kB
Unevictable:        5552 kB
Mlocked:            5552 kB
SwapTotal:       3145724 kB
SwapFree:        3145724 kB
Dirty:               660 kB
Writeback:             0 kB
AnonPages:       1284148 kB
Mapped:           857992 kB
Shmem:             28148 kB
KReclaimable:     702752 kB
Slab:             224440 kB
SReclaimable:      80176 kB
SUnreclaim:       144264 kB
KernelStack:       46288 kB
PageTables:        62816 kB
NFS_Unstable:          0 kB
Bounce:                0 kB
WritebackTmp:          0 kB
CommitLimit:     9202288 kB
Committed_AS:   66056660 kB
VmallocTotal:   263061440 kB
VmallocUsed:      103276 kB
VmallocChunk:          0 kB
Percpu:             7648 kB
CmaTotal:         294912 kB
CmaFree:               0 kB
MemTotal:       12113132 kB
MemFree:         6329352 kB
MemAvailable:    8062148 kB
Buffers:            6752 kB
Cached:          1924584 kB
SwapCached:            0 kB
Active:          1544084 kB
Inactive:        1678380 kB
Active(anon):    1297576 kB
Inactive(anon):    26140 kB
Active(file):     246508 kB
Inactive(file):  1652240 kB
Unevictable:        5552 kB
Mlocked:            5552 kB
SwapTotal:       3145724 kB
SwapFree:        3145724 kB
Dirty:               652 kB
Writeback:             0 kB
AnonPages:       1296340 kB
Mapped:           857896 kB
Shmem:             28088 kB
KReclaimable:     702752 kB
Slab:             224440 kB
SReclaimable:      80176 kB
SUnreclaim:       144264 kB
KernelStack:       46336 kB
PageTables:        62932 kB
NFS_Unstable:          0 kB
Bounce:                0 kB
WritebackTmp:          0 kB
CommitLimit:     9202288 kB
Committed_AS:   66063140 kB
VmallocTotal:   263061440 kB
VmallocUsed:      103276 kB
VmallocChunk:          0 kB
Percpu:             7648 kB
CmaTotal:         294912 kB
CmaFree:               0 kB
MemTotal:       12113132 kB
MemFree:         6353800 kB
MemAvailable:    8086592 kB
Buffers:            6752 kB
Cached:          1924640 kB
SwapCached:            0 kB
Active:          1516668 kB
Inactive:        1678440 kB
Active(anon):    1270164 kB
Inactive(anon):    26200 kB
Active(file):     246504 kB
Inactive(file):  1652240 kB
Unevictable:        5552 kB
Mlocked:            5552 kB
SwapTotal:       3145724 kB
SwapFree:        3145724 kB
Dirty:               644 kB
Writeback:             0 kB
AnonPages:       1269356 kB
Mapped:           857992 kB
Shmem:             28148 kB
KReclaimable:     702752 kB
Slab:             224440 kB
SReclaimable:      80176 kB
SUnreclaim:       144264 kB
KernelStack:       46320 kB
PageTables:        63060 kB
NFS_Unstable:          0 kB
Bounce:                0 kB
WritebackTmp:          0 kB
CommitLimit:     9202288 kB
Committed_AS:   66062700 kB
VmallocTotal:   263061440 kB
VmallocUsed:      103244 kB
VmallocChunk:          0 kB
Percpu:             7648 kB
CmaTotal:         294912 kB
CmaFree:              96 kB
MemTotal:       12113132 kB
MemFree:         6354264 kB
MemAvailable:    8087084 kB
Buffers:            6752 kB
Cached:          1924668 kB
SwapCached:            0 kB
Active:          1518080 kB
Inactive:        1678464 kB
Active(anon):    1271572 kB
Inactive(anon):    26200 kB
Active(file):     246508 kB
Inactive(file):  1652264 kB
Unevictable:        5552 kB
Mlocked:            5552 kB
SwapTotal:       3145724 kB
SwapFree:        3145724 kB
Dirty:               692 kB
Writeback:             0 kB
AnonPages:       1270000 kB
Mapped:           858120 kB
Shmem:             28148 kB
KReclaimable:     702752 kB
Slab:             224424 kB
SReclaimable:      80176 kB
SUnreclaim:       144248 kB
KernelStack:       46256 kB
PageTables:        63000 kB
NFS_Unstable:          0 kB
Bounce:                0 kB
WritebackTmp:          0 kB
CommitLimit:     9202288 kB
Committed_AS:   66062408 kB
VmallocTotal:   263061440 kB
VmallocUsed:      103260 kB
VmallocChunk:          0 kB
Percpu:             7648 kB
CmaTotal:         294912 kB
CmaFree:               0 kB
MemTotal:       12113132 kB
MemFree:         6344084 kB
MemAvailable:    8077180 kB
Buffers:            6752 kB
Cached:          1924624 kB
SwapCached:            0 kB
Active:          1526712 kB
Inactive:        1678420 kB
Active(anon):    1280204 kB
Inactive(anon):    26140 kB
Active(file):     246508 kB
Inactive(file):  1652280 kB
Unevictable:        5552 kB
Mlocked:            5552 kB
SwapTotal:       3145724 kB
SwapFree:        3145724 kB
Dirty:               712 kB
Writeback:             0 kB
AnonPages:       1279316 kB
Mapped:           857932 kB
Shmem:             28088 kB
KReclaimable:     702752 kB
Slab:             224432 kB
SReclaimable:      80176 kB
SUnreclaim:       144256 kB
KernelStack:       46244 kB
PageTables:        62716 kB
NFS_Unstable:          0 kB
Bounce:                0 kB
WritebackTmp:          0 kB
CommitLimit:     9202288 kB
Committed_AS:   66055648 kB
VmallocTotal:   263061440 kB
VmallocUsed:      103260 kB
VmallocChunk:          0 kB
Percpu:             7648 kB
CmaTotal:         294912 kB
CmaFree:               0 kB
MemTotal:       12113132 kB
MemFree:         6352608 kB
MemAvailable:    8085452 kB
Buffers:            6752 kB
Cached:          1924692 kB
SwapCached:            0 kB
Active:          1517996 kB
Inactive:        1678488 kB
Active(anon):    1271488 kB
Inactive(anon):    26200 kB
Active(file):     246508 kB
Inactive(file):  1652288 kB
Unevictable:        5552 kB
Mlocked:            5552 kB
SwapTotal:       3145724 kB
SwapFree:        3145724 kB
Dirty:               724 kB
Writeback:             0 kB
AnonPages:       1270488 kB
Mapped:           857992 kB
Shmem:             28148 kB
KReclaimable:     702752 kB
Slab:             224440 kB
SReclaimable:      80176 kB
SUnreclaim:       144264 kB
KernelStack:       46304 kB
PageTables:        62632 kB
NFS_Unstable:          0 kB
Bounce:                0 kB
WritebackTmp:          0 kB
CommitLimit:     9202288 kB
Committed_AS:   66051776 kB
VmallocTotal:   263061440 kB
VmallocUsed:      103244 kB
VmallocChunk:          0 kB
Percpu:             7648 kB
CmaTotal:         294912 kB
CmaFree:               0 kB
MemTotal:       12113132 kB
MemFree:         6353272 kB
MemAvailable:    8086124 kB
Buffers:            6752 kB
Cached:          1924700 kB
SwapCached:            0 kB
Active:          1518584 kB
Inactive:        1678496 kB
Active(anon):    1272076 kB
Inactive(anon):    26200 kB
Active(file):     246508 kB
Inactive(file):  1652296 kB
Unevictable:        5552 kB
Mlocked:            5552 kB
SwapTotal:       3145724 kB
SwapFree:        3145724 kB
Dirty:               340 kB
Writeback:             0 kB
AnonPages:       1271232 kB
Mapped:           858120 kB
Shmem:             28148 kB
KReclaimable:     702752 kB
Slab:             224428 kB
SReclaimable:      80176 kB
SUnreclaim:       144252 kB
KernelStack:       46336 kB
PageTables:        62888 kB
NFS_Unstable:          0 kB
Bounce:                0 kB
WritebackTmp:          0 kB
CommitLimit:     9202288 kB
Committed_AS:   66055004 kB
VmallocTotal:   263061440 kB
VmallocUsed:      103260 kB
VmallocChunk:          0 kB
Percpu:             7648 kB
CmaTotal:         294912 kB
CmaFree:               0 kB
MemTotal:       12113132 kB
MemFree:         6342996 kB
MemAvailable:    8075864 kB
Buffers:            6752 kB
Cached:          1924740 kB
SwapCached:            0 kB
Active:          1528496 kB
Inactive:        1678528 kB
Active(anon):    1281988 kB
Inactive(anon):    26216 kB
Active(file):     246508 kB
Inactive(file):  1652312 kB
Unevictable:        5552 kB
Mlocked:            5552 kB
SwapTotal:       3145724 kB
SwapFree:        3145724 kB
Dirty:               372 kB
Writeback:             0 kB
AnonPages:       1281600 kB
Mapped:           858012 kB
Shmem:             28172 kB
KReclaimable:     702752 kB
Slab:             224428 kB
SReclaimable:      80176 kB
SUnreclaim:       144252 kB
KernelStack:       46288 kB
PageTables:        62776 kB
NFS_Unstable:          0 kB
Bounce:                0 kB
WritebackTmp:          0 kB
CommitLimit:     9202288 kB
Committed_AS:   66055728 kB
VmallocTotal:   263061440 kB
VmallocUsed:      103292 kB
VmallocChunk:          0 kB
Percpu:             7648 kB
CmaTotal:         294912 kB
CmaFree:              12 kB
MemTotal:       12113132 kB
MemFree:         6377680 kB
MemAvailable:    8110556 kB
Buffers:            6752 kB
Cached:          1924724 kB
SwapCached:            0 kB
Active:          1492348 kB
Inactive:        1678520 kB
Active(anon):    1245840 kB
Inactive(anon):    26200 kB
Active(file):     246508 kB
Inactive(file):  1652320 kB
Unevictable:        5552 kB
Mlocked:            5552 kB
SwapTotal:       3145724 kB
SwapFree:        3145724 kB
Dirty:               384 kB
Writeback:             0 kB
AnonPages:       1244868 kB
Mapped:           857992 kB
Shmem:             28148 kB
KReclaimable:     702752 kB
Slab:             224412 kB
SReclaimable:      80176 kB
SUnreclaim:       144236 kB
KernelStack:       46272 kB
PageTables:        62876 kB
NFS_Unstable:          0 kB
Bounce:                0 kB
WritebackTmp:          0 kB
CommitLimit:     9202288 kB
Committed_AS:   66046936 kB
VmallocTotal:   263061440 kB
VmallocUsed:      103276 kB
VmallocChunk:          0 kB
Percpu:             7648 kB
CmaTotal:         294912 kB
CmaFree:               0 kB
MemTotal:       12113132 kB
MemFree:         6377372 kB
MemAvailable:    8110260 kB
Buffers:            6752 kB
Cached:          1924736 kB
SwapCached:            0 kB
Active:          1493664 kB
Inactive:        1678532 kB
Active(anon):    1247156 kB
Inactive(anon):    26200 kB
Active(file):     246508 kB
Inactive(file):  1652332 kB
Unevictable:        5552 kB
Mlocked:            5552 kB
SwapTotal:       3145724 kB
SwapFree:        3145724 kB
Dirty:               408 kB
Writeback:             0 kB
AnonPages:       1246308 kB
Mapped:           858172 kB
Shmem:             28148 kB
KReclaimable:     702752 kB
Slab:             224420 kB
SReclaimable:      80176 kB
SUnreclaim:       144244 kB
KernelStack:       46272 kB
PageTables:        62636 kB
NFS_Unstable:          0 kB
Bounce:                0 kB
WritebackTmp:          0 kB
CommitLimit:     9202288 kB
Committed_AS:   66050948 kB
VmallocTotal:   263061440 kB
VmallocUsed:      103276 kB
VmallocChunk:          0 kB
Percpu:             7648 kB
CmaTotal:         294912 kB
CmaFree:               0 kB
MemTotal:       12113132 kB
MemFree:         6369228 kB
MemAvailable:    8102128 kB
Buffers:            6752 kB
Cached:          1924748 kB
SwapCached:            0 kB
Active:          1506804 kB
Inactive:        1678544 kB
Active(anon):    1260296 kB
Inactive(anon):    26200 kB
Active(file):     246508 kB
Inactive(file):  1652344 kB
Unevictable:        5552 kB
Mlocked:            5552 kB
SwapTotal:       3145724 kB
SwapFree:        3145724 kB
Dirty:               448 kB
Writeback:             0 kB
AnonPages:       1259196 kB
Mapped:           857996 kB
Shmem:             28148 kB
KReclaimable:     702752 kB
Slab:             224436 kB
SReclaimable:      80176 kB
SUnreclaim:       144260 kB
KernelStack:       46304 kB
PageTables:        62768 kB
NFS_Unstable:          0 kB
Bounce:                0 kB
WritebackTmp:          0 kB
CommitLimit:     9202288 kB
Committed_AS:   66058632 kB
VmallocTotal:   263061440 kB
VmallocUsed:      103260 kB
VmallocChunk:          0 kB
Percpu:             7648 kB
CmaTotal:         294912 kB
CmaFree:               0 kB
MemTotal:       12113132 kB
MemFree:         6349460 kB
MemAvailable:    8082372 kB
Buffers:            6752 kB
Cached:          1924760 kB
SwapCached:            0 kB
Active:          1521984 kB
Inactive:        1678556 kB
Active(anon):    1275476 kB
Inactive(anon):    26200 kB
Active(file):     246508 kB
Inactive(file):  1652356 kB
Unevictable:        5552 kB
Mlocked:            5552 kB
SwapTotal:       3145724 kB
SwapFree:        3145724 kB
Dirty:               480 kB
Writeback:             0 kB
AnonPages:       1274048 kB
Mapped:           858104 kB
Shmem:             28148 kB
KReclaimable:     702752 kB
Slab:             224428 kB
SReclaimable:      80176 kB
SUnreclaim:       144252 kB
KernelStack:       46320 kB
PageTables:        62880 kB
NFS_Unstable:          0 kB
Bounce:                0 kB
WritebackTmp:          0 kB
CommitLimit:     9202288 kB
Committed_AS:   66045940 kB
VmallocTotal:   263061440 kB
VmallocUsed:      103244 kB
VmallocChunk:          0 kB
Percpu:             7648 kB
CmaTotal:         294912 kB
CmaFree:               0 kB
MemTotal:       12113132 kB
MemFree:         6349464 kB
MemAvailable:    8082400 kB
Buffers:            6752 kB
Cached:          1924784 kB
SwapCached:            0 kB
Active:          1522016 kB
Inactive:        1678580 kB
Active(anon):    1275508 kB
Inactive(anon):    26200 kB
Active(file):     246508 kB
Inactive(file):  1652380 kB
Unevictable:        5552 kB
Mlocked:            5552 kB
SwapTotal:       3145724 kB
SwapFree:        3145724 kB
Dirty:               564 kB
Writeback:             0 kB
AnonPages:       1274644 kB
Mapped:           857988 kB
Shmem:             28148 kB
KReclaimable:     702752 kB
Slab:             224420 kB
SReclaimable:      80176 kB
SUnreclaim:       144244 kB
KernelStack:       46272 kB
PageTables:        62816 kB
NFS_Unstable:          0 kB
Bounce:                0 kB
WritebackTmp:          0 kB
CommitLimit:     9202288 kB
Committed_AS:   66059040 kB
VmallocTotal:   263061440 kB
VmallocUsed:      103308 kB
VmallocChunk:          0 kB
Percpu:             7648 kB
CmaTotal:         294912 kB
CmaFree:               0 kB
MemTotal:       12113132 kB
MemFree:         6340716 kB
MemAvailable:    8073676 kB
Buffers:            6752 kB
Cached:          1924824 kB
SwapCached:            0 kB
Active:          1531388 kB
Inactive:        1678620 kB
Active(anon):    1284880 kB
Inactive(anon):    26216 kB
Active(file):     246508 kB
Inactive(file):  1652404 kB
Unevictable:        5552 kB
Mlocked:            5552 kB
SwapTotal:       3145724 kB
SwapFree:        3145724 kB
Dirty:               568 kB
Writeback:             0 kB
AnonPages:       1284040 kB
Mapped:           858004 kB
Shmem:             28164 kB
KReclaimable:     702752 kB
Slab:             224428 kB
SReclaimable:      80176 kB
SUnreclaim:       144252 kB
KernelStack:       46288 kB
PageTables:        62748 kB
NFS_Unstable:          0 kB
Bounce:                0 kB
WritebackTmp:          0 kB
CommitLimit:     9202288 kB
Committed_AS:   66058928 kB
VmallocTotal:   263061440 kB
VmallocUsed:      103308 kB
VmallocChunk:          0 kB
Percpu:             7648 kB
CmaTotal:         294912 kB
CmaFree:               8 kB
MemTotal:       12113132 kB
MemFree:         6346624 kB
MemAvailable:    8079580 kB
Buffers:            6752 kB
Cached:          1924808 kB
SwapCached:            0 kB
Active:          1523312 kB
Inactive:        1678604 kB
Active(anon):    1276804 kB
Inactive(anon):    26204 kB
Active(file):     246508 kB
Inactive(file):  1652400 kB
Unevictable:        5552 kB
Mlocked:            5552 kB
SwapTotal:       3145724 kB
SwapFree:        3145724 kB
Dirty:               588 kB
Writeback:             0 kB
AnonPages:       1276012 kB
Mapped:           858116 kB
Shmem:             28152 kB
KReclaimable:     702752 kB
Slab:             224428 kB
SReclaimable:      80176 kB
SUnreclaim:       144252 kB
KernelStack:       46336 kB
PageTables:        62984 kB
NFS_Unstable:          0 kB
Bounce:                0 kB
WritebackTmp:          0 kB
CommitLimit:     9202288 kB
Committed_AS:   66058928 kB
VmallocTotal:   263061440 kB
VmallocUsed:      103340 kB
VmallocChunk:          0 kB
Percpu:             7648 kB
CmaTotal:         294912 kB
CmaFree:               0 kB
MemTotal:       12113132 kB
MemFree:         6345808 kB
MemAvailable:    8078772 kB
Buffers:            6752 kB
Cached:          1924816 kB
SwapCached:            0 kB
Active:          1524476 kB
Inactive:        1678612 kB
Active(anon):    1277968 kB
Inactive(anon):    26204 kB
Active(file):     246508 kB
Inactive(file):  1652408 kB
Unevictable:        5552 kB
Mlocked:            5552 kB
SwapTotal:       3145724 kB
SwapFree:        3145724 kB
Dirty:               608 kB
Writeback:             0 kB
AnonPages:       1277084 kB
Mapped:           857992 kB
Shmem:             28152 kB
KReclaimable:     702752 kB
Slab:             224428 kB
SReclaimable:      80176 kB
SUnreclaim:       144252 kB
KernelStack:       46356 kB
PageTables:        62716 kB
NFS_Unstable:          0 kB
Bounce:                0 kB
WritebackTmp:          0 kB
CommitLimit:     9202288 kB
Committed_AS:   66058052 kB
VmallocTotal:   263061440 kB
VmallocUsed:      103340 kB
VmallocChunk:          0 kB
Percpu:             7648 kB
CmaTotal:         294912 kB
CmaFree:               0 kB
MemTotal:       12113132 kB
MemFree:         6354356 kB
MemAvailable:    8087340 kB
Buffers:            6752 kB
Cached:          1924836 kB
SwapCached:            0 kB
Active:          1518660 kB
Inactive:        1678632 kB
Active(anon):    1272152 kB
Inactive(anon):    26204 kB
Active(file):     246508 kB
Inactive(file):  1652428 kB
Unevictable:        5552 kB
Mlocked:            5552 kB
SwapTotal:       3145724 kB
SwapFree:        3145724 kB
Dirty:               628 kB
Writeback:             0 kB
AnonPages:       1271792 kB
Mapped:           857988 kB
Shmem:             28152 kB
KReclaimable:     702752 kB
Slab:             224428 kB
SReclaimable:      80176 kB
SUnreclaim:       144252 kB
KernelStack:       46256 kB
PageTables:        62744 kB
NFS_Unstable:          0 kB
Bounce:                0 kB
WritebackTmp:          0 kB
CommitLimit:     9202288 kB
Committed_AS:   66059232 kB
VmallocTotal:   263061440 kB
VmallocUsed:      103308 kB
VmallocChunk:          0 kB
Percpu:             7648 kB
CmaTotal:         294912 kB
CmaFree:               0 kB
MemTotal:       12113132 kB
MemFree:         6338748 kB
MemAvailable:    8071736 kB
Buffers:            6756 kB
Cached:          1924836 kB
SwapCached:            0 kB
Active:          1533096 kB
Inactive:        1678636 kB
Active(anon):    1286588 kB
Inactive(anon):    26204 kB
Active(file):     246508 kB
Inactive(file):  1652432 kB
Unevictable:        5552 kB
Mlocked:            5552 kB
SwapTotal:       3145724 kB
SwapFree:        3145724 kB
Dirty:               648 kB
Writeback:             0 kB
AnonPages:       1285652 kB
Mapped:           858032 kB
Shmem:             28152 kB
KReclaimable:     702752 kB
Slab:             224428 kB
SReclaimable:      80176 kB
SUnreclaim:       144252 kB
KernelStack:       46240 kB
PageTables:        62908 kB
NFS_Unstable:          0 kB
Bounce:                0 kB
WritebackTmp:          0 kB
CommitLimit:     9202288 kB
Committed_AS:   66054388 kB
VmallocTotal:   263061440 kB
VmallocUsed:      103292 kB
VmallocChunk:          0 kB
Percpu:             7648 kB
CmaTotal:         294912 kB
CmaFree:               0 kB
MemTotal:       12113132 kB
MemFree:         6337212 kB
MemAvailable:    8070236 kB
Buffers:            6756 kB
Cached:          1924872 kB
SwapCached:            0 kB
Active:          1535164 kB
Inactive:        1678668 kB
Active(anon):    1288652 kB
Inactive(anon):    26204 kB
Active(file):     246512 kB
Inactive(file):  1652464 kB
Unevictable:        5552 kB
Mlocked:            5552 kB
SwapTotal:       3145724 kB
SwapFree:        3145724 kB
Dirty:               644 kB
Writeback:             0 kB
AnonPages:       1287568 kB
Mapped:           858156 kB
Shmem:             28152 kB
KReclaimable:     702752 kB
Slab:             224428 kB
SReclaimable:      80176 kB
SUnreclaim:       144252 kB
KernelStack:       46352 kB
PageTables:        63068 kB
NFS_Unstable:          0 kB
Bounce:                0 kB
WritebackTmp:          0 kB
CommitLimit:     9202288 kB
Committed_AS:   66059008 kB
VmallocTotal:   263061440 kB
VmallocUsed:      103324 kB
VmallocChunk:          0 kB
Percpu:             7648 kB
CmaTotal:         294912 kB
CmaFree:               0 kB
MemTotal:       12113132 kB
MemFree:         6329784 kB
MemAvailable:    8062824 kB
Buffers:            6756 kB
Cached:          1925016 kB
SwapCached:            0 kB
Active:          1544468 kB
Inactive:        1678812 kB
Active(anon):    1297956 kB
Inactive(anon):    26332 kB
Active(file):     246512 kB
Inactive(file):  1652480 kB
Unevictable:        5552 kB
Mlocked:            5552 kB
SwapTotal:       3145724 kB
SwapFree:        3145724 kB
Dirty:               664 kB
Writeback:             0 kB
AnonPages:       1297228 kB
Mapped:           858124 kB
Shmem:             28280 kB
KReclaimable:     702752 kB
Slab:             224416 kB
SReclaimable:      80176 kB
SUnreclaim:       144240 kB
KernelStack:       46288 kB
PageTables:        62664 kB
NFS_Unstable:          0 kB
Bounce:                0 kB
WritebackTmp:          0 kB
CommitLimit:     9202288 kB
Committed_AS:   66058720 kB
VmallocTotal:   263061440 kB
VmallocUsed:      103276 kB
VmallocChunk:          0 kB
Percpu:             7648 kB
CmaTotal:         294912 kB
CmaFree:               0 kB
MemTotal:       12113132 kB
MemFree:         6335804 kB
MemAvailable:    8068844 kB
Buffers:            6756 kB
Cached:          1924888 kB
SwapCached:            0 kB
Active:          1535984 kB
Inactive:        1678684 kB
Active(anon):    1289472 kB
Inactive(anon):    26204 kB
Active(file):     246512 kB
Inactive(file):  1652480 kB
Unevictable:        5552 kB
Mlocked:            5552 kB
SwapTotal:       3145724 kB
SwapFree:        3145724 kB
Dirty:               664 kB
Writeback:             0 kB
AnonPages:       1288536 kB
Mapped:           858200 kB
Shmem:             28152 kB
KReclaimable:     702752 kB
Slab:             224416 kB
SReclaimable:      80176 kB
SUnreclaim:       144240 kB
KernelStack:       46320 kB
PageTables:        62888 kB
NFS_Unstable:          0 kB
Bounce:                0 kB
WritebackTmp:          0 kB
CommitLimit:     9202288 kB
Committed_AS:   66052400 kB
VmallocTotal:   263061440 kB
VmallocUsed:      103324 kB
VmallocChunk:          0 kB
Percpu:             7648 kB
CmaTotal:         294912 kB
CmaFree:               0 kB
MemTotal:       12113132 kB
MemFree:         6336016 kB
MemAvailable:    8069076 kB
Buffers:            6756 kB
Cached:          1924908 kB
SwapCached:            0 kB
Active:          1536404 kB
Inactive:        1678700 kB
Active(anon):    1289888 kB
Inactive(anon):    26204 kB
Active(file):     246516 kB
Inactive(file):  1652496 kB
Unevictable:        5552 kB
Mlocked:            5552 kB
SwapTotal:       3145724 kB
SwapFree:        3145724 kB
Dirty:               696 kB
Writeback:             0 kB
AnonPages:       1288812 kB
Mapped:           857908 kB
Shmem:             28152 kB
KReclaimable:     702752 kB
Slab:             224416 kB
SReclaimable:      80176 kB
SUnreclaim:       144240 kB
KernelStack:       46288 kB
PageTables:        62768 kB
NFS_Unstable:          0 kB
Bounce:                0 kB
WritebackTmp:          0 kB
CommitLimit:     9202288 kB
Committed_AS:   66049868 kB
VmallocTotal:   263061440 kB
VmallocUsed:      103292 kB
VmallocChunk:          0 kB
Percpu:             7648 kB
CmaTotal:         294912 kB
CmaFree:               0 kB
MemTotal:       12113132 kB
MemFree:         6324208 kB
MemAvailable:    8057276 kB
Buffers:            6756 kB
Cached:          1924908 kB
SwapCached:            0 kB
Active:          1549236 kB
Inactive:        1678700 kB
Active(anon):    1302720 kB
Inactive(anon):    26196 kB
Active(file):     246516 kB
Inactive(file):  1652504 kB
Unevictable:        5552 kB
Mlocked:            5552 kB
SwapTotal:       3145724 kB
SwapFree:        3145724 kB
Dirty:               724 kB
Writeback:             0 kB
AnonPages:       1301592 kB
Mapped:           857984 kB
Shmem:             28144 kB
KReclaimable:     702752 kB
Slab:             224424 kB
SReclaimable:      80176 kB
SUnreclaim:       144248 kB
KernelStack:       46272 kB
PageTables:        62772 kB
NFS_Unstable:          0 kB
Bounce:                0 kB
WritebackTmp:          0 kB
CommitLimit:     9202288 kB
Committed_AS:   66059232 kB
VmallocTotal:   263061440 kB
VmallocUsed:      103324 kB
