MemTotal:       12113144 kB
MemFree:         6791368 kB
MemAvailable:    8292528 kB
Buffers:            5812 kB
Cached:          1620020 kB
SwapCached:            0 kB
Active:          1385724 kB
Inactive:        1407336 kB
Active(anon):    1173728 kB
Inactive(anon):    22120 kB
Active(file):     211996 kB
Inactive(file):  1385216 kB
Unevictable:        5624 kB
Mlocked:            5624 kB
SwapTotal:       3145724 kB
SwapFree:        3145724 kB
Dirty:               452 kB
Writeback:             0 kB
AnonPages:       1173092 kB
Mapped:           807344 kB
Shmem:             24036 kB
KReclaimable:     772652 kB
Slab:             203220 kB
SReclaimable:      67496 kB
SUnreclaim:       135724 kB
KernelStack:       42064 kB
PageTables:        56488 kB
NFS_Unstable:          0 kB
Bounce:                0 kB
WritebackTmp:          0 kB
CommitLimit:     9202296 kB
Committed_AS:   56395088 kB
VmallocTotal:   263061440 kB
VmallocUsed:       98920 kB
VmallocChunk:          0 kB
Percpu:             7584 kB
CmaTotal:         294912 kB
CmaFree:               0 kB
MemTotal:       12113144 kB
MemFree:         6789664 kB
MemAvailable:    8290824 kB
Buffers:            5812 kB
Cached:          1620020 kB
SwapCached:            0 kB
Active:          1386524 kB
Inactive:        1407336 kB
Active(anon):    1174528 kB
Inactive(anon):    22120 kB
Active(file):     211996 kB
Inactive(file):  1385216 kB
Unevictable:        5624 kB
Mlocked:            5624 kB
SwapTotal:       3145724 kB
SwapFree:        3145724 kB
Dirty:               456 kB
Writeback:             0 kB
AnonPages:       1173908 kB
Mapped:           805364 kB
Shmem:             24036 kB
KReclaimable:     772652 kB
Slab:             203200 kB
SReclaimable:      67496 kB
SUnreclaim:       135704 kB
KernelStack:       42064 kB
PageTables:        56576 kB
NFS_Unstable:          0 kB
Bounce:                0 kB
WritebackTmp:          0 kB
CommitLimit:     9202296 kB
Committed_AS:   56409732 kB
VmallocTotal:   263061440 kB
VmallocUsed:       98952 kB
VmallocChunk:          0 kB
Percpu:             7584 kB
CmaTotal:         294912 kB
CmaFree:               0 kB
MemTotal:       12113144 kB
MemFree:         6789808 kB
MemAvailable:    8290968 kB
Buffers:            5812 kB
Cached:          1620020 kB
SwapCached:            0 kB
Active:          1385900 kB
Inactive:        1407336 kB
Active(anon):    1173904 kB
Inactive(anon):    22120 kB
Active(file):     211996 kB
Inactive(file):  1385216 kB
Unevictable:        5624 kB
Mlocked:            5624 kB
SwapTotal:       3145724 kB
SwapFree:        3145724 kB
Dirty:               460 kB
Writeback:             0 kB
AnonPages:       1172940 kB
Mapped:           805172 kB
Shmem:             24036 kB
KReclaimable:     772652 kB
Slab:             203204 kB
SReclaimable:      67496 kB
SUnreclaim:       135708 kB
KernelStack:       42096 kB
PageTables:        56620 kB
NFS_Unstable:          0 kB
Bounce:                0 kB
WritebackTmp:          0 kB
CommitLimit:     9202296 kB
Committed_AS:   56409708 kB
VmallocTotal:   263061440 kB
VmallocUsed:       98952 kB
VmallocChunk:          0 kB
Percpu:             7584 kB
CmaTotal:         294912 kB
CmaFree:               0 kB
MemTotal:       12113144 kB
MemFree:         6789716 kB
MemAvailable:    8290876 kB
Buffers:            5812 kB
Cached:          1620020 kB
SwapCached:            0 kB
Active:          1386740 kB
Inactive:        1407336 kB
Active(anon):    1174744 kB
Inactive(anon):    22120 kB
Active(file):     211996 kB
Inactive(file):  1385216 kB
Unevictable:        5624 kB
Mlocked:            5624 kB
SwapTotal:       3145724 kB
SwapFree:        3145724 kB
Dirty:               460 kB
Writeback:             0 kB
AnonPages:       1173884 kB
Mapped:           805444 kB
Shmem:             24036 kB
KReclaimable:     772652 kB
Slab:             203208 kB
SReclaimable:      67496 kB
SUnreclaim:       135712 kB
KernelStack:       42132 kB
PageTables:        56648 kB
NFS_Unstable:          0 kB
Bounce:                0 kB
WritebackTmp:          0 kB
CommitLimit:     9202296 kB
Committed_AS:   56409444 kB
VmallocTotal:   263061440 kB
VmallocUsed:       98952 kB
VmallocChunk:          0 kB
Percpu:             7584 kB
CmaTotal:         294912 kB
CmaFree:               0 kB
MemTotal:       12113144 kB
MemFree:         6788196 kB
MemAvailable:    8289360 kB
Buffers:            5812 kB
Cached:          1620024 kB
SwapCached:            0 kB
Active:          1386960 kB
Inactive:        1407340 kB
Active(anon):    1174964 kB
Inactive(anon):    22120 kB
Active(file):     211996 kB
Inactive(file):  1385220 kB
Unevictable:        5624 kB
Mlocked:            5624 kB
SwapTotal:       3145724 kB
SwapFree:        3145724 kB
Dirty:               464 kB
Writeback:             0 kB
AnonPages:       1174024 kB
Mapped:           805408 kB
Shmem:             24036 kB
KReclaimable:     772652 kB
Slab:             203208 kB
SReclaimable:      67496 kB
SUnreclaim:       135712 kB
KernelStack:       42112 kB
PageTables:        56676 kB
NFS_Unstable:          0 kB
Bounce:                0 kB
WritebackTmp:          0 kB
CommitLimit:     9202296 kB
Committed_AS:   56409656 kB
VmallocTotal:   263061440 kB
VmallocUsed:       98968 kB
VmallocChunk:          0 kB
Percpu:             7584 kB
CmaTotal:         294912 kB
CmaFree:               0 kB
MemTotal:       12113144 kB
MemFree:         6788356 kB
MemAvailable:    8289520 kB
Buffers:            5812 kB
Cached:          1620024 kB
SwapCached:            0 kB
Active:          1387328 kB
Inactive:        1407340 kB
Active(anon):    1175332 kB
Inactive(anon):    22120 kB
Active(file):     211996 kB
Inactive(file):  1385220 kB
Unevictable:        5624 kB
Mlocked:            5624 kB
SwapTotal:       3145724 kB
SwapFree:        3145724 kB
Dirty:               464 kB
Writeback:             0 kB
AnonPages:       1174556 kB
Mapped:           805196 kB
Shmem:             24036 kB
KReclaimable:     772652 kB
Slab:             203208 kB
SReclaimable:      67496 kB
SUnreclaim:       135712 kB
KernelStack:       42144 kB
PageTables:        56660 kB
NFS_Unstable:          0 kB
Bounce:                0 kB
WritebackTmp:          0 kB
CommitLimit:     9202296 kB
Committed_AS:   56409348 kB
VmallocTotal:   263061440 kB
VmallocUsed:       98920 kB
VmallocChunk:          0 kB
Percpu:             7584 kB
CmaTotal:         294912 kB
CmaFree:               0 kB
MemTotal:       12113144 kB
MemFree:         6787632 kB
MemAvailable:    8288796 kB
Buffers:            5812 kB
Cached:          1620024 kB
SwapCached:            0 kB
Active:          1387632 kB
Inactive:        1407340 kB
Active(anon):    1175636 kB
Inactive(anon):    22120 kB
Active(file):     211996 kB
Inactive(file):  1385220 kB
Unevictable:        5624 kB
Mlocked:            5624 kB
SwapTotal:       3145724 kB
SwapFree:        3145724 kB
Dirty:               464 kB
Writeback:             0 kB
AnonPages:       1174900 kB
Mapped:           805432 kB
Shmem:             24036 kB
KReclaimable:     772652 kB
Slab:             203208 kB
SReclaimable:      67496 kB
SUnreclaim:       135712 kB
KernelStack:       42096 kB
PageTables:        56632 kB
NFS_Unstable:          0 kB
Bounce:                0 kB
WritebackTmp:          0 kB
CommitLimit:     9202296 kB
Committed_AS:   56409028 kB
VmallocTotal:   263061440 kB
VmallocUsed:       98952 kB
VmallocChunk:          0 kB
Percpu:             7584 kB
CmaTotal:         294912 kB
CmaFree:               0 kB
MemTotal:       12113144 kB
MemFree:         6786424 kB
MemAvailable:    8287600 kB
Buffers:            5812 kB
Cached:          1620040 kB
SwapCached:            0 kB
Active:          1388620 kB
Inactive:        1407356 kB
Active(anon):    1176624 kB
Inactive(anon):    22124 kB
Active(file):     211996 kB
Inactive(file):  1385232 kB
Unevictable:        5624 kB
Mlocked:            5624 kB
SwapTotal:       3145724 kB
SwapFree:        3145724 kB
Dirty:               480 kB
Writeback:             0 kB
AnonPages:       1175432 kB
Mapped:           805440 kB
Shmem:             24040 kB
KReclaimable:     772652 kB
Slab:             203208 kB
SReclaimable:      67496 kB
SUnreclaim:       135712 kB
KernelStack:       42096 kB
PageTables:        56632 kB
NFS_Unstable:          0 kB
Bounce:                0 kB
WritebackTmp:          0 kB
CommitLimit:     9202296 kB
Committed_AS:   56409196 kB
VmallocTotal:   263061440 kB
VmallocUsed:       98952 kB
VmallocChunk:          0 kB
Percpu:             7584 kB
CmaTotal:         294912 kB
CmaFree:               0 kB
MemTotal:       12113144 kB
MemFree:         6785572 kB
MemAvailable:    8286756 kB
Buffers:            5812 kB
Cached:          1620048 kB
SwapCached:            0 kB
Active:          1389024 kB
Inactive:        1407360 kB
Active(anon):    1177024 kB
Inactive(anon):    22124 kB
Active(file):     212000 kB
Inactive(file):  1385236 kB
Unevictable:        5624 kB
Mlocked:            5624 kB
SwapTotal:       3145724 kB
SwapFree:        3145724 kB
Dirty:               484 kB
Writeback:             0 kB
AnonPages:       1175816 kB
Mapped:           805436 kB
Shmem:             24040 kB
KReclaimable:     772652 kB
Slab:             203212 kB
SReclaimable:      67496 kB
SUnreclaim:       135716 kB
KernelStack:       42096 kB
PageTables:        56628 kB
NFS_Unstable:          0 kB
Bounce:                0 kB
WritebackTmp:          0 kB
CommitLimit:     9202296 kB
Committed_AS:   56408984 kB
VmallocTotal:   263061440 kB
VmallocUsed:       98952 kB
VmallocChunk:          0 kB
Percpu:             7584 kB
CmaTotal:         294912 kB
CmaFree:               0 kB
MemTotal:       12113144 kB
MemFree:         6785344 kB
MemAvailable:    8286520 kB
Buffers:            5812 kB
Cached:          1620040 kB
SwapCached:            0 kB
Active:          1389612 kB
Inactive:        1407356 kB
Active(anon):    1177616 kB
Inactive(anon):    22124 kB
Active(file):     211996 kB
Inactive(file):  1385232 kB
Unevictable:        5624 kB
Mlocked:            5624 kB
SwapTotal:       3145724 kB
SwapFree:        3145724 kB
Dirty:               508 kB
Writeback:             0 kB
AnonPages:       1176356 kB
Mapped:           805176 kB
Shmem:             24040 kB
KReclaimable:     772652 kB
Slab:             203212 kB
SReclaimable:      67496 kB
SUnreclaim:       135716 kB
KernelStack:       42112 kB
PageTables:        56752 kB
NFS_Unstable:          0 kB
Bounce:                0 kB
WritebackTmp:          0 kB
CommitLimit:     9202296 kB
Committed_AS:   56408500 kB
VmallocTotal:   263061440 kB
VmallocUsed:       98952 kB
VmallocChunk:          0 kB
Percpu:             7584 kB
CmaTotal:         294912 kB
CmaFree:               0 kB
MemTotal:       12113144 kB
MemFree:         6786084 kB
MemAvailable:    8287276 kB
Buffers:            5812 kB
Cached:          1620056 kB
SwapCached:            0 kB
Active:          1389472 kB
Inactive:        1407368 kB
Active(anon):    1177472 kB
Inactive(anon):    22124 kB
Active(file):     212000 kB
Inactive(file):  1385244 kB
Unevictable:        5624 kB
Mlocked:            5624 kB
SwapTotal:       3145724 kB
SwapFree:        3145724 kB
Dirty:               528 kB
Writeback:             0 kB
AnonPages:       1176876 kB
Mapped:           805176 kB
Shmem:             24040 kB
KReclaimable:     772652 kB
Slab:             203212 kB
SReclaimable:      67496 kB
SUnreclaim:       135716 kB
KernelStack:       42112 kB
PageTables:        56624 kB
NFS_Unstable:          0 kB
Bounce:                0 kB
WritebackTmp:          0 kB
CommitLimit:     9202296 kB
Committed_AS:   56408332 kB
VmallocTotal:   263061440 kB
VmallocUsed:       99000 kB
VmallocChunk:          0 kB
Percpu:             7584 kB
CmaTotal:         294912 kB
CmaFree:               0 kB
MemTotal:       12113144 kB
MemFree:         6784636 kB
MemAvailable:    8285816 kB
Buffers:            5812 kB
Cached:          1620044 kB
SwapCached:            0 kB
Active:          1389880 kB
Inactive:        1407360 kB
Active(anon):    1177884 kB
Inactive(anon):    22124 kB
Active(file):     211996 kB
Inactive(file):  1385236 kB
Unevictable:        5624 kB
Mlocked:            5624 kB
SwapTotal:       3145724 kB
SwapFree:        3145724 kB
Dirty:               528 kB
Writeback:             0 kB
AnonPages:       1176964 kB
Mapped:           805440 kB
Shmem:             24040 kB
KReclaimable:     772652 kB
Slab:             203204 kB
SReclaimable:      67496 kB
SUnreclaim:       135708 kB
KernelStack:       42112 kB
PageTables:        56628 kB
NFS_Unstable:          0 kB
Bounce:                0 kB
WritebackTmp:          0 kB
CommitLimit:     9202296 kB
Committed_AS:   56408692 kB
VmallocTotal:   263061440 kB
VmallocUsed:       99016 kB
VmallocChunk:          0 kB
Percpu:             7584 kB
CmaTotal:         294912 kB
CmaFree:               0 kB
MemTotal:       12113144 kB
MemFree:         6785576 kB
MemAvailable:    8286764 kB
Buffers:            5816 kB
Cached:          1620048 kB
SwapCached:            0 kB
Active:          1389664 kB
Inactive:        1407364 kB
Active(anon):    1177664 kB
Inactive(anon):    22124 kB
Active(file):     212000 kB
Inactive(file):  1385240 kB
Unevictable:        5624 kB
Mlocked:            5624 kB
SwapTotal:       3145724 kB
SwapFree:        3145724 kB
Dirty:               548 kB
Writeback:             0 kB
AnonPages:       1176928 kB
Mapped:           805176 kB
Shmem:             24040 kB
KReclaimable:     772652 kB
Slab:             203212 kB
SReclaimable:      67496 kB
SUnreclaim:       135716 kB
KernelStack:       42112 kB
PageTables:        56636 kB
NFS_Unstable:          0 kB
Bounce:                0 kB
WritebackTmp:          0 kB
CommitLimit:     9202296 kB
Committed_AS:   56408472 kB
VmallocTotal:   263061440 kB
VmallocUsed:       98984 kB
VmallocChunk:          0 kB
Percpu:             7584 kB
CmaTotal:         294912 kB
CmaFree:               0 kB
MemTotal:       12113144 kB
MemFree:         6785484 kB
MemAvailable:    8286676 kB
Buffers:            5816 kB
Cached:          1620052 kB
SwapCached:            0 kB
Active:          1388736 kB
Inactive:        1407368 kB
Active(anon):    1176736 kB
Inactive(anon):    22124 kB
Active(file):     212000 kB
Inactive(file):  1385244 kB
Unevictable:        5624 kB
Mlocked:            5624 kB
SwapTotal:       3145724 kB
SwapFree:        3145724 kB
Dirty:               500 kB
Writeback:             0 kB
AnonPages:       1175908 kB
Mapped:           805220 kB
Shmem:             24040 kB
KReclaimable:     772652 kB
Slab:             203212 kB
SReclaimable:      67496 kB
SUnreclaim:       135716 kB
KernelStack:       42112 kB
PageTables:        56656 kB
NFS_Unstable:          0 kB
Bounce:                0 kB
WritebackTmp:          0 kB
CommitLimit:     9202296 kB
Committed_AS:   56408296 kB
VmallocTotal:   263061440 kB
VmallocUsed:       98952 kB
VmallocChunk:          0 kB
Percpu:             7584 kB
CmaTotal:         294912 kB
CmaFree:              24 kB
MemTotal:       12113144 kB
MemFree:         6786044 kB
MemAvailable:    8287236 kB
Buffers:            5816 kB
Cached:          1620052 kB
SwapCached:            0 kB
Active:          1388948 kB
Inactive:        1407368 kB
Active(anon):    1176948 kB
Inactive(anon):    22124 kB
Active(file):     212000 kB
Inactive(file):  1385244 kB
Unevictable:        5624 kB
Mlocked:            5624 kB
SwapTotal:       3145724 kB
SwapFree:        3145724 kB
Dirty:               500 kB
Writeback:             0 kB
AnonPages:       1175940 kB
Mapped:           805436 kB
Shmem:             24040 kB
KReclaimable:     772652 kB
Slab:             203208 kB
SReclaimable:      67496 kB
SUnreclaim:       135712 kB
KernelStack:       42080 kB
PageTables:        56624 kB
NFS_Unstable:          0 kB
Bounce:                0 kB
WritebackTmp:          0 kB
CommitLimit:     9202296 kB
Committed_AS:   56407996 kB
VmallocTotal:   263061440 kB
VmallocUsed:       98936 kB
VmallocChunk:          0 kB
Percpu:             7584 kB
CmaTotal:         294912 kB
CmaFree:               0 kB
MemTotal:       12113144 kB
MemFree:         6786068 kB
MemAvailable:    8287260 kB
Buffers:            5816 kB
Cached:          1620052 kB
SwapCached:            0 kB
Active:          1390056 kB
Inactive:        1407368 kB
Active(anon):    1178056 kB
Inactive(anon):    22124 kB
Active(file):     212000 kB
Inactive(file):  1385244 kB
Unevictable:        5624 kB
Mlocked:            5624 kB
SwapTotal:       3145724 kB
SwapFree:        3145724 kB
Dirty:               500 kB
Writeback:             0 kB
AnonPages:       1176608 kB
Mapped:           805200 kB
Shmem:             24040 kB
KReclaimable:     772652 kB
Slab:             203208 kB
SReclaimable:      67496 kB
SUnreclaim:       135712 kB
KernelStack:       42112 kB
PageTables:        56656 kB
NFS_Unstable:          0 kB
Bounce:                0 kB
WritebackTmp:          0 kB
CommitLimit:     9202296 kB
Committed_AS:   56408300 kB
VmallocTotal:   263061440 kB
VmallocUsed:       98936 kB
VmallocChunk:          0 kB
Percpu:             7584 kB
CmaTotal:         294912 kB
CmaFree:               0 kB
MemTotal:       12113144 kB
MemFree:         6785400 kB
MemAvailable:    8286592 kB
Buffers:            5816 kB
Cached:          1620052 kB
SwapCached:            0 kB
Active:          1389976 kB
Inactive:        1407368 kB
Active(anon):    1177976 kB
Inactive(anon):    22124 kB
Active(file):     212000 kB
Inactive(file):  1385244 kB
Unevictable:        5624 kB
Mlocked:            5624 kB
SwapTotal:       3145724 kB
SwapFree:        3145724 kB
Dirty:               500 kB
Writeback:             0 kB
AnonPages:       1176908 kB
Mapped:           805348 kB
Shmem:             24040 kB
KReclaimable:     772652 kB
Slab:             203200 kB
SReclaimable:      67496 kB
SUnreclaim:       135704 kB
KernelStack:       42096 kB
PageTables:        56676 kB
NFS_Unstable:          0 kB
Bounce:                0 kB
WritebackTmp:          0 kB
CommitLimit:     9202296 kB
Committed_AS:   56402992 kB
VmallocTotal:   263061440 kB
VmallocUsed:       98920 kB
VmallocChunk:          0 kB
Percpu:             7584 kB
CmaTotal:         294912 kB
CmaFree:               0 kB
MemTotal:       12113144 kB
MemFree:         6784464 kB
MemAvailable:    8285656 kB
Buffers:            5816 kB
Cached:          1620052 kB
SwapCached:            0 kB
Active:          1390152 kB
Inactive:        1407368 kB
Active(anon):    1178152 kB
Inactive(anon):    22124 kB
Active(file):     212000 kB
Inactive(file):  1385244 kB
Unevictable:        5624 kB
Mlocked:            5624 kB
SwapTotal:       3145724 kB
SwapFree:        3145724 kB
Dirty:               500 kB
Writeback:             0 kB
AnonPages:       1177796 kB
Mapped:           805304 kB
Shmem:             24040 kB
KReclaimable:     772652 kB
Slab:             203216 kB
SReclaimable:      67496 kB
SUnreclaim:       135720 kB
KernelStack:       42080 kB
PageTables:        56620 kB
NFS_Unstable:          0 kB
Bounce:                0 kB
WritebackTmp:          0 kB
CommitLimit:     9202296 kB
Committed_AS:   56402988 kB
VmallocTotal:   263061440 kB
VmallocUsed:       98936 kB
VmallocChunk:          0 kB
Percpu:             7584 kB
CmaTotal:         294912 kB
CmaFree:               4 kB
MemTotal:       12113144 kB
MemFree:         6794116 kB
MemAvailable:    8295316 kB
Buffers:            5816 kB
Cached:          1620060 kB
SwapCached:            0 kB
Active:          1380448 kB
Inactive:        1407376 kB
Active(anon):    1168448 kB
Inactive(anon):    22124 kB
Active(file):     212000 kB
Inactive(file):  1385252 kB
Unevictable:        5624 kB
Mlocked:            5624 kB
SwapTotal:       3145724 kB
SwapFree:        3145724 kB
Dirty:               504 kB
Writeback:             0 kB
AnonPages:       1167888 kB
Mapped:           805436 kB
Shmem:             24040 kB
KReclaimable:     772652 kB
Slab:             203220 kB
SReclaimable:      67496 kB
SUnreclaim:       135724 kB
KernelStack:       42080 kB
PageTables:        56676 kB
NFS_Unstable:          0 kB
Bounce:                0 kB
WritebackTmp:          0 kB
CommitLimit:     9202296 kB
Committed_AS:   56407452 kB
VmallocTotal:   263061440 kB
VmallocUsed:       98936 kB
VmallocChunk:          0 kB
Percpu:             7584 kB
CmaTotal:         294912 kB
CmaFree:               0 kB
MemTotal:       12113144 kB
MemFree:         6793976 kB
MemAvailable:    8295168 kB
Buffers:            5816 kB
Cached:          1620052 kB
SwapCached:            0 kB
Active:          1380960 kB
Inactive:        1407368 kB
Active(anon):    1168960 kB
Inactive(anon):    22124 kB
Active(file):     212000 kB
Inactive(file):  1385244 kB
Unevictable:        5624 kB
Mlocked:            5624 kB
SwapTotal:       3145724 kB
SwapFree:        3145724 kB
Dirty:               500 kB
Writeback:             0 kB
AnonPages:       1168148 kB
Mapped:           805180 kB
Shmem:             24040 kB
KReclaimable:     772652 kB
Slab:             203216 kB
SReclaimable:      67496 kB
SUnreclaim:       135720 kB
KernelStack:       42080 kB
PageTables:        56632 kB
NFS_Unstable:          0 kB
Bounce:                0 kB
WritebackTmp:          0 kB
CommitLimit:     9202296 kB
Committed_AS:   56407100 kB
VmallocTotal:   263061440 kB
VmallocUsed:       98936 kB
VmallocChunk:          0 kB
Percpu:             7584 kB
CmaTotal:         294912 kB
CmaFree:               0 kB
MemTotal:       12113144 kB
MemFree:         6793612 kB
MemAvailable:    8294804 kB
Buffers:            5816 kB
Cached:          1620052 kB
SwapCached:            0 kB
Active:          1381344 kB
Inactive:        1407368 kB
Active(anon):    1169344 kB
Inactive(anon):    22124 kB
Active(file):     212000 kB
Inactive(file):  1385244 kB
Unevictable:        5624 kB
Mlocked:            5624 kB
SwapTotal:       3145724 kB
SwapFree:        3145724 kB
Dirty:               500 kB
Writeback:             0 kB
AnonPages:       1168636 kB
Mapped:           805368 kB
Shmem:             24040 kB
KReclaimable:     772652 kB
Slab:             203212 kB
SReclaimable:      67496 kB
SUnreclaim:       135716 kB
KernelStack:       42000 kB
PageTables:        56580 kB
NFS_Unstable:          0 kB
Bounce:                0 kB
WritebackTmp:          0 kB
CommitLimit:     9202296 kB
Committed_AS:   56407188 kB
VmallocTotal:   263061440 kB
VmallocUsed:       98888 kB
VmallocChunk:          0 kB
Percpu:             7584 kB
CmaTotal:         294912 kB
CmaFree:              40 kB
MemTotal:       12113144 kB
MemFree:         6793500 kB
MemAvailable:    8294696 kB
Buffers:            5816 kB
Cached:          1620056 kB
SwapCached:            0 kB
Active:          1381620 kB
Inactive:        1407372 kB
Active(anon):    1169620 kB
Inactive(anon):    22124 kB
Active(file):     212000 kB
Inactive(file):  1385248 kB
Unevictable:        5624 kB
Mlocked:            5624 kB
SwapTotal:       3145724 kB
SwapFree:        3145724 kB
Dirty:               516 kB
Writeback:             0 kB
AnonPages:       1168760 kB
Mapped:           805436 kB
Shmem:             24040 kB
KReclaimable:     772652 kB
Slab:             203212 kB
SReclaimable:      67496 kB
SUnreclaim:       135716 kB
KernelStack:       42032 kB
PageTables:        56640 kB
NFS_Unstable:          0 kB
Bounce:                0 kB
WritebackTmp:          0 kB
CommitLimit:     9202296 kB
Committed_AS:   56406968 kB
VmallocTotal:   263061440 kB
VmallocUsed:       98872 kB
VmallocChunk:          0 kB
Percpu:             7584 kB
CmaTotal:         294912 kB
CmaFree:               0 kB
MemTotal:       12113144 kB
MemFree:         6793712 kB
MemAvailable:    8294908 kB
Buffers:            5816 kB
Cached:          1620056 kB
SwapCached:            0 kB
Active:          1381884 kB
Inactive:        1407372 kB
Active(anon):    1169884 kB
Inactive(anon):    22124 kB
Active(file):     212000 kB
Inactive(file):  1385248 kB
Unevictable:        5624 kB
Mlocked:            5624 kB
SwapTotal:       3145724 kB
SwapFree:        3145724 kB
Dirty:               516 kB
Writeback:             0 kB
AnonPages:       1168864 kB
Mapped:           805176 kB
Shmem:             24040 kB
KReclaimable:     772652 kB
Slab:             203220 kB
SReclaimable:      67496 kB
SUnreclaim:       135724 kB
KernelStack:       42032 kB
PageTables:        56628 kB
NFS_Unstable:          0 kB
Bounce:                0 kB
WritebackTmp:          0 kB
CommitLimit:     9202296 kB
Committed_AS:   56406580 kB
VmallocTotal:   263061440 kB
VmallocUsed:       98872 kB
VmallocChunk:          0 kB
Percpu:             7584 kB
CmaTotal:         294912 kB
CmaFree:               0 kB
MemTotal:       12113144 kB
MemFree:         6792936 kB
MemAvailable:    8294132 kB
Buffers:            5816 kB
Cached:          1620056 kB
SwapCached:            0 kB
Active:          1382320 kB
Inactive:        1407372 kB
Active(anon):    1170320 kB
Inactive(anon):    22124 kB
Active(file):     212000 kB
Inactive(file):  1385248 kB
Unevictable:        5624 kB
Mlocked:            5624 kB
SwapTotal:       3145724 kB
SwapFree:        3145724 kB
Dirty:               516 kB
Writeback:             0 kB
AnonPages:       1169472 kB
Mapped:           805252 kB
Shmem:             24040 kB
KReclaimable:     772652 kB
Slab:             203212 kB
SReclaimable:      67496 kB
SUnreclaim:       135716 kB
KernelStack:       42048 kB
PageTables:        56684 kB
NFS_Unstable:          0 kB
Bounce:                0 kB
WritebackTmp:          0 kB
CommitLimit:     9202296 kB
Committed_AS:   56406184 kB
VmallocTotal:   263061440 kB
VmallocUsed:       98904 kB
VmallocChunk:          0 kB
Percpu:             7584 kB
CmaTotal:         294912 kB
CmaFree:               0 kB
MemTotal:       12113144 kB
MemFree:         6793556 kB
MemAvailable:    8294752 kB
Buffers:            5816 kB
Cached:          1620056 kB
SwapCached:            0 kB
Active:          1381960 kB
Inactive:        1407372 kB
Active(anon):    1169960 kB
Inactive(anon):    22124 kB
Active(file):     212000 kB
Inactive(file):  1385248 kB
Unevictable:        5624 kB
Mlocked:            5624 kB
SwapTotal:       3145724 kB
SwapFree:        3145724 kB
Dirty:               516 kB
Writeback:             0 kB
AnonPages:       1169088 kB
Mapped:           805176 kB
Shmem:             24040 kB
KReclaimable:     772652 kB
Slab:             203216 kB
SReclaimable:      67496 kB
SUnreclaim:       135720 kB
KernelStack:       42048 kB
PageTables:        56628 kB
NFS_Unstable:          0 kB
Bounce:                0 kB
WritebackTmp:          0 kB
CommitLimit:     9202296 kB
Committed_AS:   56411448 kB
VmallocTotal:   263061440 kB
VmallocUsed:       98888 kB
VmallocChunk:          0 kB
Percpu:             7584 kB
CmaTotal:         294912 kB
CmaFree:               0 kB
MemTotal:       12113144 kB
MemFree:         6792388 kB
MemAvailable:    8293584 kB
Buffers:            5816 kB
Cached:          1620056 kB
SwapCached:            0 kB
Active:          1382256 kB
Inactive:        1407372 kB
Active(anon):    1170256 kB
Inactive(anon):    22124 kB
Active(file):     212000 kB
Inactive(file):  1385248 kB
Unevictable:        5624 kB
Mlocked:            5624 kB
SwapTotal:       3145724 kB
SwapFree:        3145724 kB
Dirty:               516 kB
Writeback:             0 kB
AnonPages:       1169476 kB
Mapped:           805436 kB
Shmem:             24040 kB
KReclaimable:     772652 kB
Slab:             203224 kB
SReclaimable:      67496 kB
SUnreclaim:       135728 kB
KernelStack:       42112 kB
PageTables:        56876 kB
NFS_Unstable:          0 kB
Bounce:                0 kB
WritebackTmp:          0 kB
CommitLimit:     9202296 kB
Committed_AS:   56401304 kB
VmallocTotal:   263061440 kB
VmallocUsed:       98888 kB
VmallocChunk:          0 kB
Percpu:             7584 kB
CmaTotal:         294912 kB
CmaFree:               0 kB
MemTotal:       12113144 kB
MemFree:         6791872 kB
MemAvailable:    8293084 kB
Buffers:            5820 kB
Cached:          1620068 kB
SwapCached:            0 kB
Active:          1383152 kB
Inactive:        1407384 kB
Active(anon):    1171148 kB
Inactive(anon):    22124 kB
Active(file):     212004 kB
Inactive(file):  1385260 kB
Unevictable:        5624 kB
Mlocked:            5624 kB
SwapTotal:       3145724 kB
SwapFree:        3145724 kB
Dirty:               364 kB
Writeback:             0 kB
AnonPages:       1170352 kB
Mapped:           805252 kB
Shmem:             24040 kB
KReclaimable:     772652 kB
Slab:             203224 kB
SReclaimable:      67496 kB
SUnreclaim:       135728 kB
KernelStack:       42112 kB
PageTables:        56656 kB
NFS_Unstable:          0 kB
Bounce:                0 kB
WritebackTmp:          0 kB
CommitLimit:     9202296 kB
Committed_AS:   56403196 kB
VmallocTotal:   263061440 kB
VmallocUsed:       98904 kB
VmallocChunk:          0 kB
Percpu:             7584 kB
CmaTotal:         294912 kB
CmaFree:               0 kB
MemTotal:       12113144 kB
MemFree:         6791456 kB
MemAvailable:    8292664 kB
Buffers:            5820 kB
Cached:          1620064 kB
SwapCached:            0 kB
Active:          1383668 kB
Inactive:        1407380 kB
Active(anon):    1171664 kB
Inactive(anon):    22124 kB
Active(file):     212004 kB
Inactive(file):  1385256 kB
Unevictable:        5624 kB
Mlocked:            5624 kB
SwapTotal:       3145724 kB
SwapFree:        3145724 kB
Dirty:               396 kB
Writeback:             0 kB
AnonPages:       1170928 kB
Mapped:           805192 kB
Shmem:             24040 kB
KReclaimable:     772652 kB
Slab:             203224 kB
SReclaimable:      67496 kB
SUnreclaim:       135728 kB
KernelStack:       42080 kB
PageTables:        56620 kB
NFS_Unstable:          0 kB
Bounce:                0 kB
WritebackTmp:          0 kB
CommitLimit:     9202296 kB
Committed_AS:   56403576 kB
VmallocTotal:   263061440 kB
VmallocUsed:       98936 kB
VmallocChunk:          0 kB
Percpu:             7584 kB
CmaTotal:         294912 kB
CmaFree:               0 kB
MemTotal:       12113144 kB
MemFree:         6791296 kB
MemAvailable:    8292508 kB
Buffers:            5820 kB
Cached:          1620068 kB
SwapCached:            0 kB
Active:          1383796 kB
Inactive:        1407384 kB
Active(anon):    1171792 kB
Inactive(anon):    22124 kB
Active(file):     212004 kB
Inactive(file):  1385260 kB
Unevictable:        5624 kB
Mlocked:            5624 kB
SwapTotal:       3145724 kB
SwapFree:        3145724 kB
Dirty:               404 kB
Writeback:             0 kB
AnonPages:       1171148 kB
Mapped:           805180 kB
Shmem:             24040 kB
KReclaimable:     772652 kB
Slab:             203224 kB
SReclaimable:      67496 kB
SUnreclaim:       135728 kB
KernelStack:       42128 kB
PageTables:        56644 kB
NFS_Unstable:          0 kB
Bounce:                0 kB
WritebackTmp:          0 kB
CommitLimit:     9202296 kB
Committed_AS:   56403440 kB
VmallocTotal:   263061440 kB
VmallocUsed:       98936 kB
VmallocChunk:          0 kB
Percpu:             7584 kB
CmaTotal:         294912 kB
CmaFree:               0 kB
MemTotal:       12113144 kB
MemFree:         6791332 kB
MemAvailable:    8292520 kB
Buffers:            5820 kB
Cached:          1620044 kB
SwapCached:            0 kB
Active:          1384232 kB
Inactive:        1407368 kB
Active(anon):    1172236 kB
Inactive(anon):    22124 kB
Active(file):     211996 kB
Inactive(file):  1385244 kB
Unevictable:        5624 kB
Mlocked:            5624 kB
SwapTotal:       3145724 kB
SwapFree:        3145724 kB
Dirty:               392 kB
Writeback:             0 kB
AnonPages:       1171256 kB
Mapped:           805436 kB
Shmem:             24040 kB
KReclaimable:     772652 kB
Slab:             203224 kB
SReclaimable:      67496 kB
SUnreclaim:       135728 kB
KernelStack:       42112 kB
PageTables:        56636 kB
NFS_Unstable:          0 kB
Bounce:                0 kB
WritebackTmp:          0 kB
CommitLimit:     9202296 kB
Committed_AS:   56402956 kB
VmallocTotal:   263061440 kB
VmallocUsed:       98936 kB
VmallocChunk:          0 kB
Percpu:             7584 kB
CmaTotal:         294912 kB
CmaFree:               0 kB
MemTotal:       12113144 kB
MemFree:         6789572 kB
MemAvailable:    8290808 kB
Buffers:            5820 kB
Cached:          1620092 kB
SwapCached:            0 kB
Active:          1384896 kB
Inactive:        1407400 kB
Active(anon):    1172884 kB
Inactive(anon):    22124 kB
Active(file):     212012 kB
Inactive(file):  1385276 kB
Unevictable:        5624 kB
Mlocked:            5624 kB
SwapTotal:       3145724 kB
SwapFree:        3145724 kB
Dirty:               416 kB
Writeback:             0 kB
AnonPages:       1171892 kB
Mapped:           805176 kB
Shmem:             24040 kB
KReclaimable:     772652 kB
Slab:             203216 kB
SReclaimable:      67496 kB
SUnreclaim:       135720 kB
KernelStack:       42112 kB
PageTables:        56632 kB
NFS_Unstable:          0 kB
Bounce:                0 kB
WritebackTmp:          0 kB
CommitLimit:     9202296 kB
Committed_AS:   56402912 kB
VmallocTotal:   263061440 kB
VmallocUsed:       98968 kB
VmallocChunk:          0 kB
Percpu:             7584 kB
CmaTotal:         294912 kB
CmaFree:               0 kB
MemTotal:       12113144 kB
MemFree:         6787920 kB
MemAvailable:    8289132 kB
Buffers:            5820 kB
Cached:          1620068 kB
SwapCached:            0 kB
Active:          1386652 kB
Inactive:        1407384 kB
Active(anon):    1174648 kB
Inactive(anon):    22124 kB
Active(file):     212004 kB
Inactive(file):  1385260 kB
Unevictable:        5624 kB
Mlocked:            5624 kB
SwapTotal:       3145724 kB
SwapFree:        3145724 kB
Dirty:               404 kB
Writeback:             0 kB
AnonPages:       1173816 kB
Mapped:           805436 kB
Shmem:             24040 kB
KReclaimable:     772652 kB
Slab:             203224 kB
SReclaimable:      67496 kB
SUnreclaim:       135728 kB
KernelStack:       42112 kB
PageTables:        56636 kB
NFS_Unstable:          0 kB
Bounce:                0 kB
WritebackTmp:          0 kB
CommitLimit:     9202296 kB
Committed_AS:   56402604 kB
VmallocTotal:   263061440 kB
VmallocUsed:       98984 kB
VmallocChunk:          0 kB
Percpu:             7584 kB
CmaTotal:         294912 kB
CmaFree:               0 kB
MemTotal:       12113144 kB
MemFree:         6788884 kB
MemAvailable:    8290096 kB
Buffers:            5820 kB
Cached:          1620072 kB
SwapCached:            0 kB
Active:          1385780 kB
Inactive:        1407388 kB
Active(anon):    1173776 kB
Inactive(anon):    22128 kB
Active(file):     212004 kB
Inactive(file):  1385260 kB
Unevictable:        5624 kB
Mlocked:            5624 kB
SwapTotal:       3145724 kB
SwapFree:        3145724 kB
Dirty:               404 kB
Writeback:             0 kB
AnonPages:       1172668 kB
Mapped:           805184 kB
Shmem:             24044 kB
KReclaimable:     772652 kB
Slab:             203216 kB
SReclaimable:      67496 kB
SUnreclaim:       135720 kB
KernelStack:       42096 kB
PageTables:        56648 kB
NFS_Unstable:          0 kB
Bounce:                0 kB
WritebackTmp:          0 kB
CommitLimit:     9202296 kB
Committed_AS:   56397920 kB
VmallocTotal:   263061440 kB
VmallocUsed:       98984 kB
VmallocChunk:          0 kB
Percpu:             7584 kB
CmaTotal:         294912 kB
CmaFree:               0 kB
MemTotal:       12113144 kB
MemFree:         6788636 kB
MemAvailable:    8289864 kB
Buffers:            5820 kB
Cached:          1620088 kB
SwapCached:            0 kB
Active:          1386108 kB
Inactive:        1407400 kB
Active(anon):    1174100 kB
Inactive(anon):    22128 kB
Active(file):     212008 kB
Inactive(file):  1385272 kB
Unevictable:        5624 kB
Mlocked:            5624 kB
SwapTotal:       3145724 kB
SwapFree:        3145724 kB
Dirty:               364 kB
Writeback:             0 kB
AnonPages:       1173360 kB
Mapped:           805252 kB
Shmem:             24044 kB
KReclaimable:     772652 kB
Slab:             203216 kB
SReclaimable:      67496 kB
SUnreclaim:       135720 kB
KernelStack:       42160 kB
PageTables:        56700 kB
NFS_Unstable:          0 kB
Bounce:                0 kB
WritebackTmp:          0 kB
CommitLimit:     9202296 kB
Committed_AS:   56402876 kB
VmallocTotal:   263061440 kB
VmallocUsed:       98984 kB
VmallocChunk:          0 kB
Percpu:             7584 kB
CmaTotal:         294912 kB
CmaFree:               0 kB
MemTotal:       12113144 kB
MemFree:         6788340 kB
MemAvailable:    8289568 kB
Buffers:            5820 kB
Cached:          1620088 kB
SwapCached:            0 kB
Active:          1385788 kB
Inactive:        1407400 kB
Active(anon):    1173780 kB
Inactive(anon):    22128 kB
Active(file):     212008 kB
Inactive(file):  1385272 kB
Unevictable:        5624 kB
Mlocked:            5624 kB
SwapTotal:       3145724 kB
SwapFree:        3145724 kB
Dirty:               388 kB
Writeback:             0 kB
AnonPages:       1173244 kB
Mapped:           805440 kB
Shmem:             24044 kB
KReclaimable:     772652 kB
Slab:             203216 kB
SReclaimable:      67496 kB
SUnreclaim:       135720 kB
KernelStack:       42112 kB
PageTables:        56628 kB
NFS_Unstable:          0 kB
Bounce:                0 kB
WritebackTmp:          0 kB
CommitLimit:     9202296 kB
Committed_AS:   56402560 kB
VmallocTotal:   263061440 kB
VmallocUsed:       98984 kB
VmallocChunk:          0 kB
Percpu:             7584 kB
CmaTotal:         294912 kB
CmaFree:               0 kB
MemTotal:       12113144 kB
MemFree:         6788036 kB
MemAvailable:    8289248 kB
Buffers:            5820 kB
Cached:          1620072 kB
SwapCached:            0 kB
Active:          1386096 kB
Inactive:        1407388 kB
Active(anon):    1174092 kB
Inactive(anon):    22128 kB
Active(file):     212004 kB
Inactive(file):  1385260 kB
Unevictable:        5624 kB
Mlocked:            5624 kB
SwapTotal:       3145724 kB
SwapFree:        3145724 kB
Dirty:               380 kB
Writeback:             0 kB
AnonPages:       1173488 kB
Mapped:           805440 kB
Shmem:             24044 kB
KReclaimable:     772652 kB
Slab:             203216 kB
SReclaimable:      67496 kB
SUnreclaim:       135720 kB
KernelStack:       42112 kB
PageTables:        56640 kB
NFS_Unstable:          0 kB
Bounce:                0 kB
WritebackTmp:          0 kB
CommitLimit:     9202296 kB
Committed_AS:   56402516 kB
VmallocTotal:   263061440 kB
VmallocUsed:       98984 kB
VmallocChunk:          0 kB
Percpu:             7584 kB
CmaTotal:         294912 kB
CmaFree:               4 kB
MemTotal:       12113144 kB
MemFree:         6785852 kB
MemAvailable:    8287072 kB
Buffers:            5820 kB
Cached:          1620080 kB
SwapCached:            0 kB
Active:          1390692 kB
Inactive:        1407392 kB
Active(anon):    1178684 kB
Inactive(anon):    22128 kB
Active(file):     212008 kB
Inactive(file):  1385264 kB
Unevictable:        5624 kB
Mlocked:            5624 kB
SwapTotal:       3145724 kB
SwapFree:        3145724 kB
Dirty:               400 kB
Writeback:             0 kB
AnonPages:       1177960 kB
Mapped:           805180 kB
Shmem:             24044 kB
KReclaimable:     772652 kB
Slab:             203220 kB
SReclaimable:      67496 kB
SUnreclaim:       135724 kB
KernelStack:       42112 kB
PageTables:        56636 kB
NFS_Unstable:          0 kB
Bounce:                0 kB
WritebackTmp:          0 kB
CommitLimit:     9202296 kB
Committed_AS:   56402296 kB
VmallocTotal:   263061440 kB
VmallocUsed:       98984 kB
VmallocChunk:          0 kB
Percpu:             7584 kB
CmaTotal:         294912 kB
CmaFree:               0 kB
MemTotal:       12113144 kB
MemFree:         6773980 kB
MemAvailable:    8275196 kB
Buffers:            5820 kB
Cached:          1620148 kB
SwapCached:            0 kB
Active:          1401236 kB
Inactive:        1407284 kB
Active(anon):    1189232 kB
Inactive(anon):    22020 kB
Active(file):     212004 kB
Inactive(file):  1385264 kB
Unevictable:        5624 kB
Mlocked:            5624 kB
SwapTotal:       3145724 kB
SwapFree:        3145724 kB
Dirty:               404 kB
Writeback:             0 kB
AnonPages:       1188176 kB
Mapped:           805072 kB
Shmem:             24116 kB
KReclaimable:     772652 kB
Slab:             203220 kB
SReclaimable:      67496 kB
SUnreclaim:       135724 kB
KernelStack:       42112 kB
PageTables:        56632 kB
NFS_Unstable:          0 kB
Bounce:                0 kB
WritebackTmp:          0 kB
CommitLimit:     9202296 kB
Committed_AS:   56422592 kB
VmallocTotal:   263061440 kB
VmallocUsed:       99000 kB
VmallocChunk:          0 kB
Percpu:             7584 kB
CmaTotal:         294912 kB
CmaFree:               0 kB
MemTotal:       12113144 kB
MemFree:         6774748 kB
MemAvailable:    8275964 kB
Buffers:            5820 kB
Cached:          1620076 kB
SwapCached:            0 kB
Active:          1401328 kB
Inactive:        1407392 kB
Active(anon):    1189324 kB
Inactive(anon):    22128 kB
Active(file):     212004 kB
Inactive(file):  1385264 kB
Unevictable:        5624 kB
Mlocked:            5624 kB
SwapTotal:       3145724 kB
SwapFree:        3145724 kB
Dirty:               372 kB
Writeback:             0 kB
AnonPages:       1188696 kB
Mapped:           805224 kB
Shmem:             24044 kB
KReclaimable:     772652 kB
Slab:             203220 kB
SReclaimable:      67496 kB
SUnreclaim:       135724 kB
KernelStack:       42160 kB
PageTables:        56796 kB
NFS_Unstable:          0 kB
Bounce:                0 kB
WritebackTmp:          0 kB
CommitLimit:     9202296 kB
Committed_AS:   56417108 kB
VmallocTotal:   263061440 kB
VmallocUsed:       99016 kB
VmallocChunk:          0 kB
Percpu:             7584 kB
CmaTotal:         294912 kB
CmaFree:               0 kB
MemTotal:       12113144 kB
MemFree:         6774044 kB
MemAvailable:    8275260 kB
Buffers:            5820 kB
Cached:          1620076 kB
SwapCached:            0 kB
Active:          1401956 kB
Inactive:        1407392 kB
Active(anon):    1189952 kB
Inactive(anon):    22128 kB
Active(file):     212004 kB
Inactive(file):  1385264 kB
Unevictable:        5624 kB
Mlocked:            5624 kB
SwapTotal:       3145724 kB
SwapFree:        3145724 kB
Dirty:               372 kB
Writeback:             0 kB
AnonPages:       1188872 kB
Mapped:           805192 kB
Shmem:             24044 kB
KReclaimable:     772652 kB
Slab:             203220 kB
SReclaimable:      67496 kB
SUnreclaim:       135724 kB
KernelStack:       42096 kB
PageTables:        56648 kB
NFS_Unstable:          0 kB
Bounce:                0 kB
WritebackTmp:          0 kB
CommitLimit:     9202296 kB
Committed_AS:   56416756 kB
VmallocTotal:   263061440 kB
VmallocUsed:       99016 kB
VmallocChunk:          0 kB
Percpu:             7584 kB
CmaTotal:         294912 kB
CmaFree:               0 kB
MemTotal:       12113144 kB
MemFree:         6775344 kB
MemAvailable:    8276560 kB
Buffers:            5820 kB
Cached:          1620076 kB
SwapCached:            0 kB
Active:          1401864 kB
Inactive:        1407392 kB
Active(anon):    1189860 kB
Inactive(anon):    22128 kB
Active(file):     212004 kB
Inactive(file):  1385264 kB
Unevictable:        5624 kB
Mlocked:            5624 kB
SwapTotal:       3145724 kB
SwapFree:        3145724 kB
Dirty:               372 kB
Writeback:             0 kB
AnonPages:       1189236 kB
Mapped:           805440 kB
Shmem:             24044 kB
KReclaimable:     772652 kB
Slab:             203224 kB
SReclaimable:      67496 kB
SUnreclaim:       135728 kB
KernelStack:       42112 kB
PageTables:        56628 kB
NFS_Unstable:          0 kB
Bounce:                0 kB
WritebackTmp:          0 kB
CommitLimit:     9202296 kB
Committed_AS:   56422276 kB
VmallocTotal:   263061440 kB
VmallocUsed:       99000 kB
VmallocChunk:          0 kB
Percpu:             7584 kB
CmaTotal:         294912 kB
CmaFree:               0 kB
MemTotal:       12113144 kB
MemFree:         6772908 kB
MemAvailable:    8274128 kB
Buffers:            5824 kB
Cached:          1620076 kB
SwapCached:            0 kB
Active:          1402060 kB
Inactive:        1407396 kB
Active(anon):    1190056 kB
Inactive(anon):    22128 kB
Active(file):     212004 kB
Inactive(file):  1385268 kB
Unevictable:        5624 kB
Mlocked:            5624 kB
SwapTotal:       3145724 kB
SwapFree:        3145724 kB
Dirty:               384 kB
Writeback:             0 kB
AnonPages:       1189240 kB
Mapped:           805440 kB
Shmem:             24044 kB
KReclaimable:     772652 kB
Slab:             203224 kB
SReclaimable:      67496 kB
SUnreclaim:       135728 kB
KernelStack:       42112 kB
PageTables:        56624 kB
NFS_Unstable:          0 kB
Bounce:                0 kB
WritebackTmp:          0 kB
CommitLimit:     9202296 kB
Committed_AS:   56423008 kB
VmallocTotal:   263061440 kB
VmallocUsed:       99000 kB
VmallocChunk:          0 kB
Percpu:             7584 kB
CmaTotal:         294912 kB
CmaFree:               0 kB
MemTotal:       12113144 kB
MemFree:         6773220 kB
MemAvailable:    8274448 kB
Buffers:            5824 kB
Cached:          1620084 kB
SwapCached:            0 kB
Active:          1402824 kB
Inactive:        1407400 kB
Active(anon):    1190816 kB
Inactive(anon):    22128 kB
Active(file):     212008 kB
Inactive(file):  1385272 kB
Unevictable:        5624 kB
Mlocked:            5624 kB
SwapTotal:       3145724 kB
SwapFree:        3145724 kB
Dirty:               352 kB
Writeback:             0 kB
AnonPages:       1190120 kB
Mapped:           805440 kB
Shmem:             24044 kB
KReclaimable:     772652 kB
Slab:             203232 kB
SReclaimable:      67496 kB
SUnreclaim:       135736 kB
KernelStack:       42112 kB
PageTables:        56628 kB
NFS_Unstable:          0 kB
Bounce:                0 kB
WritebackTmp:          0 kB
CommitLimit:     9202296 kB
Committed_AS:   56422284 kB
VmallocTotal:   263061440 kB
VmallocUsed:       98984 kB
VmallocChunk:          0 kB
Percpu:             7584 kB
CmaTotal:         294912 kB
CmaFree:               0 kB
MemTotal:       12113144 kB
MemFree:         6773016 kB
MemAvailable:    8274244 kB
Buffers:            5824 kB
Cached:          1620084 kB
SwapCached:            0 kB
Active:          1402784 kB
Inactive:        1407400 kB
Active(anon):    1190776 kB
Inactive(anon):    22128 kB
Active(file):     212008 kB
Inactive(file):  1385272 kB
Unevictable:        5624 kB
Mlocked:            5624 kB
SwapTotal:       3145724 kB
SwapFree:        3145724 kB
Dirty:               352 kB
Writeback:             0 kB
AnonPages:       1190168 kB
Mapped:           805200 kB
Shmem:             24044 kB
KReclaimable:     772652 kB
Slab:             203232 kB
SReclaimable:      67496 kB
SUnreclaim:       135736 kB
KernelStack:       42144 kB
PageTables:        56668 kB
NFS_Unstable:          0 kB
Bounce:                0 kB
WritebackTmp:          0 kB
CommitLimit:     9202296 kB
Committed_AS:   56421976 kB
VmallocTotal:   263061440 kB
VmallocUsed:       99000 kB
VmallocChunk:          0 kB
Percpu:             7584 kB
CmaTotal:         294912 kB
CmaFree:               0 kB
MemTotal:       12113144 kB
MemFree:         6772524 kB
MemAvailable:    8273752 kB
Buffers:            5824 kB
Cached:          1620084 kB
SwapCached:            0 kB
Active:          1403496 kB
Inactive:        1407400 kB
Active(anon):    1191488 kB
Inactive(anon):    22128 kB
Active(file):     212008 kB
Inactive(file):  1385272 kB
Unevictable:        5624 kB
Mlocked:            5624 kB
SwapTotal:       3145724 kB
SwapFree:        3145724 kB
Dirty:               352 kB
Writeback:             0 kB
AnonPages:       1190312 kB
Mapped:           805204 kB
Shmem:             24044 kB
KReclaimable:     772652 kB
Slab:             203232 kB
SReclaimable:      67496 kB
SUnreclaim:       135736 kB
KernelStack:       42160 kB
PageTables:        56664 kB
NFS_Unstable:          0 kB
Bounce:                0 kB
WritebackTmp:          0 kB
CommitLimit:     9202296 kB
Committed_AS:   56421624 kB
VmallocTotal:   263061440 kB
VmallocUsed:       98968 kB
VmallocChunk:          0 kB
Percpu:             7584 kB
CmaTotal:         294912 kB
CmaFree:               0 kB
MemTotal:       12113144 kB
MemFree:         6771780 kB
MemAvailable:    8273008 kB
Buffers:            5824 kB
Cached:          1620084 kB
SwapCached:            0 kB
Active:          1404584 kB
Inactive:        1407400 kB
Active(anon):    1192576 kB
Inactive(anon):    22128 kB
Active(file):     212008 kB
Inactive(file):  1385272 kB
Unevictable:        5624 kB
Mlocked:            5624 kB
SwapTotal:       3145724 kB
SwapFree:        3145724 kB
Dirty:               352 kB
Writeback:             0 kB
AnonPages:       1191808 kB
Mapped:           805448 kB
Shmem:             24044 kB
KReclaimable:     772652 kB
Slab:             203224 kB
SReclaimable:      67496 kB
SUnreclaim:       135728 kB
KernelStack:       42096 kB
PageTables:        56644 kB
NFS_Unstable:          0 kB
Bounce:                0 kB
WritebackTmp:          0 kB
CommitLimit:     9202296 kB
Committed_AS:   56421228 kB
VmallocTotal:   263061440 kB
VmallocUsed:       98984 kB
VmallocChunk:          0 kB
Percpu:             7584 kB
CmaTotal:         294912 kB
CmaFree:               0 kB
MemTotal:       12113144 kB
MemFree:         6771144 kB
MemAvailable:    8272372 kB
Buffers:            5824 kB
Cached:          1620084 kB
SwapCached:            0 kB
Active:          1404592 kB
Inactive:        1407400 kB
Active(anon):    1192584 kB
Inactive(anon):    22128 kB
Active(file):     212008 kB
Inactive(file):  1385272 kB
Unevictable:        5624 kB
Mlocked:            5624 kB
SwapTotal:       3145724 kB
SwapFree:        3145724 kB
Dirty:               352 kB
Writeback:             0 kB
AnonPages:       1191404 kB
Mapped:           805440 kB
Shmem:             24044 kB
KReclaimable:     772652 kB
Slab:             203228 kB
SReclaimable:      67496 kB
SUnreclaim:       135732 kB
KernelStack:       42112 kB
PageTables:        56628 kB
NFS_Unstable:          0 kB
Bounce:                0 kB
WritebackTmp:          0 kB
CommitLimit:     9202296 kB
Committed_AS:   56421380 kB
VmallocTotal:   263061440 kB
VmallocUsed:       98984 kB
VmallocChunk:          0 kB
Percpu:             7584 kB
CmaTotal:         294912 kB
CmaFree:               0 kB
MemTotal:       12113144 kB
MemFree:         6770208 kB
MemAvailable:    8271448 kB
Buffers:            5824 kB
Cached:          1620100 kB
SwapCached:            0 kB
Active:          1405160 kB
Inactive:        1407412 kB
Active(anon):    1193148 kB
Inactive(anon):    22132 kB
Active(file):     212012 kB
Inactive(file):  1385280 kB
Unevictable:        5624 kB
Mlocked:            5624 kB
SwapTotal:       3145724 kB
SwapFree:        3145724 kB
Dirty:               372 kB
Writeback:             0 kB
AnonPages:       1192364 kB
Mapped:           805380 kB
Shmem:             24048 kB
KReclaimable:     772652 kB
Slab:             203228 kB
SReclaimable:      67496 kB
SUnreclaim:       135732 kB
KernelStack:       42144 kB
PageTables:        56620 kB
NFS_Unstable:          0 kB
Bounce:                0 kB
WritebackTmp:          0 kB
CommitLimit:     9202296 kB
Committed_AS:   56420820 kB
VmallocTotal:   263061440 kB
VmallocUsed:       98984 kB
VmallocChunk:          0 kB
Percpu:             7584 kB
CmaTotal:         294912 kB
CmaFree:               0 kB
MemTotal:       12113144 kB
MemFree:         6770524 kB
MemAvailable:    8271752 kB
Buffers:            5824 kB
Cached:          1620088 kB
SwapCached:            0 kB
Active:          1405196 kB
Inactive:        1407404 kB
Active(anon):    1193188 kB
Inactive(anon):    22132 kB
Active(file):     212008 kB
Inactive(file):  1385272 kB
Unevictable:        5624 kB
Mlocked:            5624 kB
SwapTotal:       3145724 kB
SwapFree:        3145724 kB
Dirty:               404 kB
Writeback:             0 kB
AnonPages:       1192164 kB
Mapped:           805444 kB
Shmem:             24048 kB
KReclaimable:     772652 kB
Slab:             203228 kB
SReclaimable:      67496 kB
SUnreclaim:       135732 kB
KernelStack:       42112 kB
PageTables:        56628 kB
NFS_Unstable:          0 kB
Bounce:                0 kB
WritebackTmp:          0 kB
CommitLimit:     9202296 kB
Committed_AS:   56422220 kB
VmallocTotal:   263061440 kB
VmallocUsed:       98984 kB
VmallocChunk:          0 kB
Percpu:             7584 kB
CmaTotal:         294912 kB
CmaFree:               0 kB
MemTotal:       12113144 kB
MemFree:         6769760 kB
MemAvailable:    8270988 kB
Buffers:            5824 kB
Cached:          1620088 kB
SwapCached:            0 kB
Active:          1405240 kB
Inactive:        1407404 kB
Active(anon):    1193232 kB
Inactive(anon):    22132 kB
Active(file):     212008 kB
Inactive(file):  1385272 kB
Unevictable:        5624 kB
Mlocked:            5624 kB
SwapTotal:       3145724 kB
SwapFree:        3145724 kB
Dirty:               412 kB
Writeback:             0 kB
AnonPages:       1192724 kB
Mapped:           805208 kB
Shmem:             24048 kB
KReclaimable:     772652 kB
Slab:             203236 kB
SReclaimable:      67496 kB
SUnreclaim:       135740 kB
KernelStack:       42144 kB
PageTables:        56660 kB
NFS_Unstable:          0 kB
Bounce:                0 kB
WritebackTmp:          0 kB
CommitLimit:     9202296 kB
Committed_AS:   56421540 kB
VmallocTotal:   263061440 kB
VmallocUsed:       98984 kB
VmallocChunk:          0 kB
Percpu:             7584 kB
CmaTotal:         294912 kB
CmaFree:               0 kB
MemTotal:       12113144 kB
MemFree:         6769228 kB
MemAvailable:    8270464 kB
Buffers:            5824 kB
Cached:          1620096 kB
SwapCached:            0 kB
Active:          1405456 kB
Inactive:        1407412 kB
Active(anon):    1193448 kB
Inactive(anon):    22132 kB
Active(file):     212008 kB
Inactive(file):  1385280 kB
Unevictable:        5624 kB
Mlocked:            5624 kB
SwapTotal:       3145724 kB
SwapFree:        3145724 kB
Dirty:               440 kB
Writeback:             0 kB
AnonPages:       1192528 kB
Mapped:           805444 kB
Shmem:             24048 kB
KReclaimable:     772652 kB
Slab:             203228 kB
SReclaimable:      67496 kB
SUnreclaim:       135732 kB
KernelStack:       42128 kB
PageTables:        56628 kB
NFS_Unstable:          0 kB
Bounce:                0 kB
WritebackTmp:          0 kB
CommitLimit:     9202296 kB
Committed_AS:   56416144 kB
VmallocTotal:   263061440 kB
VmallocUsed:       98968 kB
VmallocChunk:          0 kB
Percpu:             7584 kB
CmaTotal:         294912 kB
CmaFree:               0 kB
MemTotal:       12113144 kB
MemFree:         6769100 kB
MemAvailable:    8270336 kB
Buffers:            5824 kB
Cached:          1620096 kB
SwapCached:            0 kB
Active:          1405312 kB
Inactive:        1407412 kB
Active(anon):    1193304 kB
Inactive(anon):    22132 kB
Active(file):     212008 kB
Inactive(file):  1385280 kB
Unevictable:        5624 kB
Mlocked:            5624 kB
SwapTotal:       3145724 kB
SwapFree:        3145724 kB
Dirty:               444 kB
Writeback:             0 kB
AnonPages:       1192848 kB
Mapped:           805192 kB
Shmem:             24048 kB
KReclaimable:     772652 kB
Slab:             203232 kB
SReclaimable:      67496 kB
SUnreclaim:       135736 kB
KernelStack:       42160 kB
PageTables:        56644 kB
NFS_Unstable:          0 kB
Bounce:                0 kB
WritebackTmp:          0 kB
CommitLimit:     9202296 kB
Committed_AS:   56421432 kB
VmallocTotal:   263061440 kB
VmallocUsed:       98984 kB
VmallocChunk:          0 kB
Percpu:             7584 kB
CmaTotal:         294912 kB
CmaFree:               0 kB
MemTotal:       12113144 kB
MemFree:         6768656 kB
MemAvailable:    8269896 kB
Buffers:            5824 kB
Cached:          1620100 kB
SwapCached:            0 kB
Active:          1406084 kB
Inactive:        1407416 kB
Active(anon):    1194076 kB
Inactive(anon):    22132 kB
Active(file):     212008 kB
Inactive(file):  1385284 kB
Unevictable:        5624 kB
Mlocked:            5624 kB
SwapTotal:       3145724 kB
SwapFree:        3145724 kB
Dirty:               360 kB
Writeback:             0 kB
AnonPages:       1193532 kB
Mapped:           805184 kB
Shmem:             24048 kB
KReclaimable:     772652 kB
Slab:             203236 kB
SReclaimable:      67496 kB
SUnreclaim:       135740 kB
KernelStack:       42128 kB
PageTables:        56628 kB
NFS_Unstable:          0 kB
Bounce:                0 kB
WritebackTmp:          0 kB
CommitLimit:     9202296 kB
Committed_AS:   56420816 kB
VmallocTotal:   263061440 kB
VmallocUsed:       98984 kB
VmallocChunk:          0 kB
Percpu:             7584 kB
CmaTotal:         294912 kB
CmaFree:               0 kB
MemTotal:       12113144 kB
MemFree:         6768868 kB
MemAvailable:    8270116 kB
Buffers:            5824 kB
Cached:          1620108 kB
SwapCached:            0 kB
Active:          1406336 kB
Inactive:        1407420 kB
Active(anon):    1194324 kB
Inactive(anon):    22132 kB
Active(file):     212012 kB
Inactive(file):  1385288 kB
Unevictable:        5624 kB
Mlocked:            5624 kB
SwapTotal:       3145724 kB
SwapFree:        3145724 kB
Dirty:               368 kB
Writeback:             0 kB
AnonPages:       1193260 kB
Mapped:           805228 kB
Shmem:             24048 kB
KReclaimable:     772652 kB
Slab:             203244 kB
SReclaimable:      67496 kB
SUnreclaim:       135748 kB
KernelStack:       42176 kB
PageTables:        56656 kB
NFS_Unstable:          0 kB
Bounce:                0 kB
WritebackTmp:          0 kB
CommitLimit:     9202296 kB
Committed_AS:   56420728 kB
VmallocTotal:   263061440 kB
VmallocUsed:       98984 kB
VmallocChunk:          0 kB
Percpu:             7584 kB
CmaTotal:         294912 kB
CmaFree:               0 kB
MemTotal:       12113144 kB
MemFree:         6768504 kB
MemAvailable:    8269744 kB
Buffers:            5824 kB
Cached:          1620100 kB
SwapCached:            0 kB
Active:          1406820 kB
Inactive:        1407416 kB
Active(anon):    1194812 kB
Inactive(anon):    22132 kB
Active(file):     212008 kB
Inactive(file):  1385284 kB
Unevictable:        5624 kB
Mlocked:            5624 kB
SwapTotal:       3145724 kB
SwapFree:        3145724 kB
Dirty:               360 kB
Writeback:             0 kB
AnonPages:       1193404 kB
Mapped:           805396 kB
Shmem:             24048 kB
KReclaimable:     772652 kB
Slab:             203236 kB
SReclaimable:      67496 kB
SUnreclaim:       135740 kB
KernelStack:       42160 kB
PageTables:        56716 kB
NFS_Unstable:          0 kB
Bounce:                0 kB
WritebackTmp:          0 kB
CommitLimit:     9202296 kB
Committed_AS:   56412620 kB
VmallocTotal:   263061440 kB
VmallocUsed:       98984 kB
VmallocChunk:          0 kB
Percpu:             7584 kB
CmaTotal:         294912 kB
CmaFree:               0 kB
MemTotal:       12113144 kB
MemFree:         6767996 kB
MemAvailable:    8269236 kB
Buffers:            5824 kB
Cached:          1620100 kB
SwapCached:            0 kB
Active:          1407348 kB
Inactive:        1407416 kB
Active(anon):    1195340 kB
Inactive(anon):    22132 kB
Active(file):     212008 kB
Inactive(file):  1385284 kB
Unevictable:        5624 kB
Mlocked:            5624 kB
SwapTotal:       3145724 kB
SwapFree:        3145724 kB
Dirty:               384 kB
Writeback:             0 kB
AnonPages:       1194724 kB
Mapped:           805448 kB
Shmem:             24048 kB
KReclaimable:     772652 kB
Slab:             203244 kB
SReclaimable:      67496 kB
SUnreclaim:       135748 kB
KernelStack:       42128 kB
PageTables:        56752 kB
NFS_Unstable:          0 kB
Bounce:                0 kB
WritebackTmp:          0 kB
CommitLimit:     9202296 kB
Committed_AS:   56403232 kB
VmallocTotal:   263061440 kB
VmallocUsed:       98984 kB
VmallocChunk:          0 kB
Percpu:             7584 kB
CmaTotal:         294912 kB
CmaFree:               4 kB
MemTotal:       12113144 kB
MemFree:         6771404 kB
MemAvailable:    8272644 kB
Buffers:            5828 kB
Cached:          1620096 kB
SwapCached:            0 kB
Active:          1403928 kB
Inactive:        1407416 kB
Active(anon):    1191920 kB
Inactive(anon):    22132 kB
Active(file):     212008 kB
Inactive(file):  1385284 kB
Unevictable:        5624 kB
Mlocked:            5624 kB
SwapTotal:       3145724 kB
SwapFree:        3145724 kB
Dirty:               408 kB
Writeback:             0 kB
AnonPages:       1191280 kB
Mapped:           805492 kB
Shmem:             24048 kB
KReclaimable:     772652 kB
Slab:             203236 kB
SReclaimable:      67496 kB
SUnreclaim:       135740 kB
KernelStack:       42128 kB
PageTables:        56628 kB
NFS_Unstable:          0 kB
Bounce:                0 kB
WritebackTmp:          0 kB
CommitLimit:     9202296 kB
Committed_AS:   56403100 kB
VmallocTotal:   263061440 kB
VmallocUsed:       98984 kB
VmallocChunk:          0 kB
Percpu:             7584 kB
CmaTotal:         294912 kB
CmaFree:               0 kB
MemTotal:       12113144 kB
MemFree:         6771680 kB
MemAvailable:    8272932 kB
Buffers:            5828 kB
Cached:          1620108 kB
SwapCached:            0 kB
Active:          1404600 kB
Inactive:        1407424 kB
Active(anon):    1192588 kB
Inactive(anon):    22132 kB
Active(file):     212012 kB
Inactive(file):  1385292 kB
Unevictable:        5624 kB
Mlocked:            5624 kB
SwapTotal:       3145724 kB
SwapFree:        3145724 kB
Dirty:               436 kB
Writeback:             0 kB
AnonPages:       1191408 kB
Mapped:           805500 kB
Shmem:             24048 kB
KReclaimable:     772652 kB
Slab:             203236 kB
SReclaimable:      67496 kB
SUnreclaim:       135740 kB
KernelStack:       42196 kB
PageTables:        56628 kB
NFS_Unstable:          0 kB
Bounce:                0 kB
WritebackTmp:          0 kB
CommitLimit:     9202296 kB
Committed_AS:   56402836 kB
VmallocTotal:   263061440 kB
VmallocUsed:       99000 kB
VmallocChunk:          0 kB
Percpu:             7584 kB
CmaTotal:         294912 kB
CmaFree:               0 kB
MemTotal:       12113144 kB
MemFree:         6771084 kB
MemAvailable:    8272336 kB
Buffers:            5828 kB
Cached:          1620108 kB
SwapCached:            0 kB
Active:          1404656 kB
Inactive:        1407424 kB
Active(anon):    1192644 kB
Inactive(anon):    22132 kB
Active(file):     212012 kB
Inactive(file):  1385292 kB
Unevictable:        5624 kB
Mlocked:            5624 kB
SwapTotal:       3145724 kB
SwapFree:        3145724 kB
Dirty:               452 kB
Writeback:             0 kB
AnonPages:       1191948 kB
Mapped:           805232 kB
Shmem:             24048 kB
KReclaimable:     772652 kB
Slab:             203240 kB
SReclaimable:      67496 kB
SUnreclaim:       135744 kB
KernelStack:       42128 kB
PageTables:        56628 kB
NFS_Unstable:          0 kB
Bounce:                0 kB
WritebackTmp:          0 kB
CommitLimit:     9202296 kB
Committed_AS:   56403056 kB
VmallocTotal:   263061440 kB
VmallocUsed:       99000 kB
VmallocChunk:          0 kB
Percpu:             7584 kB
CmaTotal:         294912 kB
CmaFree:               0 kB
MemTotal:       12113144 kB
MemFree:         6770544 kB
MemAvailable:    8271796 kB
Buffers:            5828 kB
Cached:          1620108 kB
SwapCached:            0 kB
Active:          1405024 kB
Inactive:        1407424 kB
Active(anon):    1193012 kB
Inactive(anon):    22132 kB
Active(file):     212012 kB
Inactive(file):  1385292 kB
Unevictable:        5624 kB
Mlocked:            5624 kB
SwapTotal:       3145724 kB
SwapFree:        3145724 kB
Dirty:               452 kB
Writeback:             0 kB
AnonPages:       1192036 kB
Mapped:           805232 kB
Shmem:             24048 kB
KReclaimable:     772652 kB
Slab:             203248 kB
SReclaimable:      67496 kB
SUnreclaim:       135752 kB
KernelStack:       42112 kB
PageTables:        56628 kB
NFS_Unstable:          0 kB
Bounce:                0 kB
WritebackTmp:          0 kB
CommitLimit:     9202296 kB
Committed_AS:   56402748 kB
VmallocTotal:   263061440 kB
VmallocUsed:       98984 kB
VmallocChunk:          0 kB
Percpu:             7584 kB
CmaTotal:         294912 kB
CmaFree:               0 kB
MemTotal:       12113144 kB
MemFree:         6770200 kB
MemAvailable:    8271452 kB
Buffers:            5828 kB
Cached:          1620108 kB
SwapCached:            0 kB
Active:          1404940 kB
Inactive:        1407424 kB
Active(anon):    1192928 kB
Inactive(anon):    22132 kB
Active(file):     212012 kB
Inactive(file):  1385292 kB
Unevictable:        5624 kB
Mlocked:            5624 kB
SwapTotal:       3145724 kB
SwapFree:        3145724 kB
Dirty:               460 kB
Writeback:             0 kB
AnonPages:       1192164 kB
Mapped:           805492 kB
Shmem:             24048 kB
KReclaimable:     772652 kB
Slab:             203240 kB
SReclaimable:      67496 kB
SUnreclaim:       135744 kB
KernelStack:       42144 kB
PageTables:        56632 kB
NFS_Unstable:          0 kB
Bounce:                0 kB
WritebackTmp:          0 kB
CommitLimit:     9202296 kB
Committed_AS:   56403180 kB
VmallocTotal:   263061440 kB
VmallocUsed:       99000 kB
VmallocChunk:          0 kB
Percpu:             7584 kB
CmaTotal:         294912 kB
CmaFree:               0 kB
MemTotal:       12113144 kB
MemFree:         6770308 kB
MemAvailable:    8271560 kB
Buffers:            5828 kB
Cached:          1620108 kB
SwapCached:            0 kB
Active:          1404004 kB
Inactive:        1407424 kB
Active(anon):    1191992 kB
Inactive(anon):    22132 kB
Active(file):     212012 kB
Inactive(file):  1385292 kB
Unevictable:        5624 kB
Mlocked:            5624 kB
SwapTotal:       3145724 kB
SwapFree:        3145724 kB
Dirty:               360 kB
Writeback:             0 kB
AnonPages:       1191104 kB
Mapped:           805492 kB
Shmem:             24048 kB
KReclaimable:     772652 kB
Slab:             203232 kB
SReclaimable:      67496 kB
SUnreclaim:       135736 kB
KernelStack:       42144 kB
PageTables:        56632 kB
NFS_Unstable:          0 kB
Bounce:                0 kB
WritebackTmp:          0 kB
CommitLimit:     9202296 kB
Committed_AS:   56403048 kB
VmallocTotal:   263061440 kB
VmallocUsed:       99000 kB
VmallocChunk:          0 kB
Percpu:             7584 kB
CmaTotal:         294912 kB
CmaFree:               0 kB
MemTotal:       12113144 kB
MemFree:         6770272 kB
MemAvailable:    8271540 kB
Buffers:            5828 kB
Cached:          1620124 kB
SwapCached:            0 kB
Active:          1404680 kB
Inactive:        1407436 kB
Active(anon):    1192664 kB
Inactive(anon):    22132 kB
Active(file):     212016 kB
Inactive(file):  1385304 kB
Unevictable:        5624 kB
Mlocked:            5624 kB
SwapTotal:       3145724 kB
SwapFree:        3145724 kB
Dirty:               368 kB
Writeback:             0 kB
AnonPages:       1191812 kB
Mapped:           805492 kB
Shmem:             24048 kB
KReclaimable:     772652 kB
Slab:             203236 kB
SReclaimable:      67496 kB
SUnreclaim:       135740 kB
KernelStack:       42128 kB
PageTables:        56508 kB
NFS_Unstable:          0 kB
Bounce:                0 kB
WritebackTmp:          0 kB
CommitLimit:     9202296 kB
Committed_AS:   56397652 kB
VmallocTotal:   263061440 kB
VmallocUsed:       99000 kB
VmallocChunk:          0 kB
Percpu:             7584 kB
CmaTotal:         294912 kB
CmaFree:               0 kB
MemTotal:       12113144 kB
MemFree:         6770808 kB
MemAvailable:    8272060 kB
Buffers:            5828 kB
Cached:          1620108 kB
SwapCached:            0 kB
Active:          1405168 kB
Inactive:        1407424 kB
Active(anon):    1193156 kB
Inactive(anon):    22132 kB
Active(file):     212012 kB
Inactive(file):  1385292 kB
Unevictable:        5624 kB
Mlocked:            5624 kB
SwapTotal:       3145724 kB
SwapFree:        3145724 kB
Dirty:               360 kB
Writeback:             0 kB
AnonPages:       1191964 kB
Mapped:           805492 kB
Shmem:             24048 kB
KReclaimable:     772652 kB
Slab:             203240 kB
SReclaimable:      67496 kB
SUnreclaim:       135744 kB
KernelStack:       42128 kB
PageTables:        56632 kB
NFS_Unstable:          0 kB
Bounce:                0 kB
WritebackTmp:          0 kB
CommitLimit:     9202296 kB
Committed_AS:   56403484 kB
VmallocTotal:   263061440 kB
VmallocUsed:       99000 kB
VmallocChunk:          0 kB
Percpu:             7584 kB
CmaTotal:         294912 kB
CmaFree:               0 kB
MemTotal:       12113144 kB
MemFree:         6770688 kB
MemAvailable:    8271940 kB
Buffers:            5828 kB
Cached:          1620108 kB
SwapCached:            0 kB
Active:          1406020 kB
Inactive:        1407424 kB
Active(anon):    1194008 kB
Inactive(anon):    22132 kB
Active(file):     212012 kB
Inactive(file):  1385292 kB
Unevictable:        5624 kB
Mlocked:            5624 kB
SwapTotal:       3145724 kB
SwapFree:        3145724 kB
Dirty:               360 kB
Writeback:             0 kB
AnonPages:       1192804 kB
Mapped:           805492 kB
Shmem:             24048 kB
KReclaimable:     772652 kB
Slab:             203240 kB
SReclaimable:      67496 kB
SUnreclaim:       135744 kB
KernelStack:       42128 kB
PageTables:        56644 kB
NFS_Unstable:          0 kB
Bounce:                0 kB
WritebackTmp:          0 kB
CommitLimit:     9202296 kB
Committed_AS:   56403088 kB
VmallocTotal:   263061440 kB
VmallocUsed:       99000 kB
VmallocChunk:          0 kB
Percpu:             7584 kB
CmaTotal:         294912 kB
CmaFree:               0 kB
MemTotal:       12113144 kB
MemFree:         6779248 kB
MemAvailable:    8280508 kB
Buffers:            5828 kB
Cached:          1620116 kB
SwapCached:            0 kB
Active:          1396280 kB
Inactive:        1407432 kB
Active(anon):    1184268 kB
Inactive(anon):    22132 kB
Active(file):     212012 kB
Inactive(file):  1385300 kB
Unevictable:        5624 kB
Mlocked:            5624 kB
SwapTotal:       3145724 kB
SwapFree:        3145724 kB
Dirty:               376 kB
Writeback:             0 kB
AnonPages:       1183464 kB
Mapped:           805256 kB
Shmem:             24048 kB
KReclaimable:     772652 kB
Slab:             203240 kB
SReclaimable:      67496 kB
SUnreclaim:       135744 kB
KernelStack:       42160 kB
PageTables:        56664 kB
NFS_Unstable:          0 kB
Bounce:                0 kB
WritebackTmp:          0 kB
CommitLimit:     9202296 kB
Committed_AS:   56403184 kB
VmallocTotal:   263061440 kB
VmallocUsed:       98968 kB
VmallocChunk:          0 kB
Percpu:             7584 kB
CmaTotal:         294912 kB
CmaFree:             260 kB
MemTotal:       12113144 kB
MemFree:         6778660 kB
MemAvailable:    8279920 kB
Buffers:            5828 kB
Cached:          1620116 kB
SwapCached:            0 kB
Active:          1396640 kB
Inactive:        1407432 kB
Active(anon):    1184628 kB
Inactive(anon):    22132 kB
Active(file):     212012 kB
Inactive(file):  1385300 kB
Unevictable:        5624 kB
Mlocked:            5624 kB
SwapTotal:       3145724 kB
SwapFree:        3145724 kB
Dirty:               436 kB
Writeback:             0 kB
AnonPages:       1183988 kB
Mapped:           805492 kB
Shmem:             24048 kB
KReclaimable:     772652 kB
Slab:             203240 kB
SReclaimable:      67496 kB
SUnreclaim:       135744 kB
KernelStack:       42128 kB
PageTables:        56644 kB
NFS_Unstable:          0 kB
Bounce:                0 kB
WritebackTmp:          0 kB
CommitLimit:     9202296 kB
Committed_AS:   56408232 kB
VmallocTotal:   263061440 kB
VmallocUsed:       99000 kB
VmallocChunk:          0 kB
Percpu:             7584 kB
CmaTotal:         294912 kB
CmaFree:             112 kB
MemTotal:       12113144 kB
MemFree:         6777416 kB
MemAvailable:    8278676 kB
Buffers:            5828 kB
Cached:          1620116 kB
SwapCached:            0 kB
Active:          1397004 kB
Inactive:        1407432 kB
Active(anon):    1184992 kB
Inactive(anon):    22132 kB
Active(file):     212012 kB
Inactive(file):  1385300 kB
Unevictable:        5624 kB
Mlocked:            5624 kB
SwapTotal:       3145724 kB
SwapFree:        3145724 kB
Dirty:               436 kB
Writeback:             0 kB
AnonPages:       1184344 kB
Mapped:           805232 kB
Shmem:             24048 kB
KReclaimable:     772652 kB
Slab:             203240 kB
SReclaimable:      67496 kB
SUnreclaim:       135744 kB
KernelStack:       42144 kB
PageTables:        56744 kB
NFS_Unstable:          0 kB
Bounce:                0 kB
WritebackTmp:          0 kB
CommitLimit:     9202296 kB
Committed_AS:   56409916 kB
VmallocTotal:   263061440 kB
VmallocUsed:       99000 kB
VmallocChunk:          0 kB
Percpu:             7584 kB
CmaTotal:         294912 kB
CmaFree:               0 kB
MemTotal:       12113144 kB
MemFree:         6777576 kB
MemAvailable:    8278836 kB
Buffers:            5828 kB
Cached:          1620116 kB
SwapCached:            0 kB
Active:          1397568 kB
Inactive:        1407432 kB
Active(anon):    1185556 kB
Inactive(anon):    22132 kB
Active(file):     212012 kB
Inactive(file):  1385300 kB
Unevictable:        5624 kB
Mlocked:            5624 kB
SwapTotal:       3145724 kB
SwapFree:        3145724 kB
Dirty:               436 kB
Writeback:             0 kB
AnonPages:       1184404 kB
Mapped:           805476 kB
Shmem:             24048 kB
KReclaimable:     772652 kB
Slab:             203240 kB
SReclaimable:      67496 kB
SUnreclaim:       135744 kB
KernelStack:       42128 kB
PageTables:        56572 kB
NFS_Unstable:          0 kB
Bounce:                0 kB
WritebackTmp:          0 kB
CommitLimit:     9202296 kB
Committed_AS:   56404632 kB
VmallocTotal:   263061440 kB
VmallocUsed:       99000 kB
VmallocChunk:          0 kB
Percpu:             7584 kB
CmaTotal:         294912 kB
CmaFree:              20 kB
MemTotal:       12113144 kB
MemFree:         6777996 kB
MemAvailable:    8279256 kB
Buffers:            5828 kB
Cached:          1620116 kB
SwapCached:            0 kB
Active:          1397872 kB
Inactive:        1407432 kB
Active(anon):    1185860 kB
Inactive(anon):    22132 kB
Active(file):     212012 kB
Inactive(file):  1385300 kB
Unevictable:        5624 kB
Mlocked:            5624 kB
SwapTotal:       3145724 kB
SwapFree:        3145724 kB
Dirty:               444 kB
Writeback:             0 kB
AnonPages:       1185136 kB
Mapped:           805468 kB
Shmem:             24048 kB
KReclaimable:     772652 kB
Slab:             203240 kB
SReclaimable:      67496 kB
SUnreclaim:       135744 kB
KernelStack:       42160 kB
PageTables:        56688 kB
NFS_Unstable:          0 kB
Bounce:                0 kB
WritebackTmp:          0 kB
CommitLimit:     9202296 kB
Committed_AS:   56400404 kB
VmallocTotal:   263061440 kB
VmallocUsed:       98984 kB
VmallocChunk:          0 kB
Percpu:             7584 kB
CmaTotal:         294912 kB
CmaFree:               0 kB
MemTotal:       12113144 kB
MemFree:         6777400 kB
MemAvailable:    8278660 kB
Buffers:            5828 kB
Cached:          1620116 kB
SwapCached:            0 kB
Active:          1398336 kB
Inactive:        1407432 kB
Active(anon):    1186324 kB
Inactive(anon):    22132 kB
Active(file):     212012 kB
Inactive(file):  1385300 kB
Unevictable:        5624 kB
Mlocked:            5624 kB
SwapTotal:       3145724 kB
SwapFree:        3145724 kB
Dirty:               444 kB
Writeback:             0 kB
AnonPages:       1185460 kB
Mapped:           805308 kB
Shmem:             24048 kB
KReclaimable:     772652 kB
Slab:             203244 kB
SReclaimable:      67496 kB
SUnreclaim:       135748 kB
KernelStack:       42160 kB
PageTables:        56716 kB
NFS_Unstable:          0 kB
Bounce:                0 kB
WritebackTmp:          0 kB
CommitLimit:     9202296 kB
Committed_AS:   56399820 kB
VmallocTotal:   263061440 kB
VmallocUsed:       99000 kB
VmallocChunk:          0 kB
Percpu:             7584 kB
CmaTotal:         294912 kB
CmaFree:               0 kB
MemTotal:       12113144 kB
MemFree:         6777836 kB
MemAvailable:    8279108 kB
Buffers:            5832 kB
Cached:          1620124 kB
SwapCached:            0 kB
Active:          1398020 kB
Inactive:        1407440 kB
Active(anon):    1186004 kB
Inactive(anon):    22132 kB
Active(file):     212016 kB
Inactive(file):  1385308 kB
Unevictable:        5624 kB
Mlocked:            5624 kB
SwapTotal:       3145724 kB
SwapFree:        3145724 kB
Dirty:               428 kB
Writeback:             0 kB
AnonPages:       1184996 kB
Mapped:           805492 kB
Shmem:             24048 kB
KReclaimable:     772652 kB
Slab:             203252 kB
SReclaimable:      67496 kB
SUnreclaim:       135756 kB
KernelStack:       42128 kB
PageTables:        56644 kB
NFS_Unstable:          0 kB
Bounce:                0 kB
WritebackTmp:          0 kB
CommitLimit:     9202296 kB
Committed_AS:   56405216 kB
VmallocTotal:   263061440 kB
VmallocUsed:       99032 kB
VmallocChunk:          0 kB
Percpu:             7584 kB
CmaTotal:         294912 kB
CmaFree:               0 kB
MemTotal:       12113144 kB
MemFree:         6776944 kB
MemAvailable:    8278216 kB
Buffers:            5832 kB
Cached:          1620124 kB
SwapCached:            0 kB
Active:          1398928 kB
Inactive:        1407440 kB
Active(anon):    1186912 kB
Inactive(anon):    22132 kB
Active(file):     212016 kB
Inactive(file):  1385308 kB
Unevictable:        5624 kB
Mlocked:            5624 kB
SwapTotal:       3145724 kB
SwapFree:        3145724 kB
Dirty:               428 kB
Writeback:             0 kB
AnonPages:       1185640 kB
Mapped:           805492 kB
Shmem:             24048 kB
KReclaimable:     772652 kB
Slab:             203228 kB
SReclaimable:      67496 kB
SUnreclaim:       135732 kB
KernelStack:       42128 kB
PageTables:        56636 kB
NFS_Unstable:          0 kB
Bounce:                0 kB
WritebackTmp:          0 kB
CommitLimit:     9202296 kB
Committed_AS:   56405040 kB
VmallocTotal:   263061440 kB
VmallocUsed:       99032 kB
VmallocChunk:          0 kB
Percpu:             7584 kB
CmaTotal:         294912 kB
CmaFree:               0 kB
MemTotal:       12113144 kB
MemFree:         6776888 kB
MemAvailable:    8278160 kB
Buffers:            5832 kB
Cached:          1620124 kB
SwapCached:            0 kB
Active:          1398920 kB
Inactive:        1407440 kB
Active(anon):    1186904 kB
Inactive(anon):    22132 kB
Active(file):     212016 kB
Inactive(file):  1385308 kB
Unevictable:        5624 kB
Mlocked:            5624 kB
SwapTotal:       3145724 kB
SwapFree:        3145724 kB
Dirty:               428 kB
Writeback:             0 kB
AnonPages:       1186164 kB
Mapped:           805492 kB
Shmem:             24048 kB
KReclaimable:     772652 kB
Slab:             203252 kB
SReclaimable:      67496 kB
SUnreclaim:       135756 kB
KernelStack:       42112 kB
PageTables:        56772 kB
NFS_Unstable:          0 kB
Bounce:                0 kB
WritebackTmp:          0 kB
CommitLimit:     9202296 kB
Committed_AS:   56399512 kB
VmallocTotal:   263061440 kB
VmallocUsed:       99016 kB
VmallocChunk:          0 kB
Percpu:             7584 kB
CmaTotal:         294912 kB
CmaFree:               0 kB
MemTotal:       12113144 kB
MemFree:         6778080 kB
MemAvailable:    8279352 kB
Buffers:            5832 kB
Cached:          1620124 kB
SwapCached:            0 kB
Active:          1398016 kB
Inactive:        1407440 kB
Active(anon):    1186000 kB
Inactive(anon):    22132 kB
Active(file):     212016 kB
Inactive(file):  1385308 kB
Unevictable:        5624 kB
Mlocked:            5624 kB
SwapTotal:       3145724 kB
SwapFree:        3145724 kB
Dirty:               428 kB
Writeback:             0 kB
AnonPages:       1184820 kB
Mapped:           805420 kB
Shmem:             24048 kB
KReclaimable:     772652 kB
Slab:             203236 kB
SReclaimable:      67496 kB
SUnreclaim:       135740 kB
KernelStack:       42128 kB
PageTables:        56680 kB
NFS_Unstable:          0 kB
Bounce:                0 kB
WritebackTmp:          0 kB
CommitLimit:     9202296 kB
Committed_AS:   56394704 kB
VmallocTotal:   263061440 kB
VmallocUsed:       99032 kB
VmallocChunk:          0 kB
Percpu:             7584 kB
CmaTotal:         294912 kB
CmaFree:               0 kB
MemTotal:       12113144 kB
MemFree:         6777784 kB
MemAvailable:    8279056 kB
Buffers:            5832 kB
Cached:          1620124 kB
SwapCached:            0 kB
Active:          1398696 kB
Inactive:        1407440 kB
Active(anon):    1186680 kB
Inactive(anon):    22132 kB
Active(file):     212016 kB
Inactive(file):  1385308 kB
Unevictable:        5624 kB
Mlocked:            5624 kB
SwapTotal:       3145724 kB
SwapFree:        3145724 kB
Dirty:               428 kB
Writeback:             0 kB
AnonPages:       1186108 kB
Mapped:           805236 kB
Shmem:             24048 kB
KReclaimable:     772652 kB
Slab:             203264 kB
SReclaimable:      67496 kB
SUnreclaim:       135768 kB
KernelStack:       42112 kB
PageTables:        56648 kB
NFS_Unstable:          0 kB
Bounce:                0 kB
WritebackTmp:          0 kB
CommitLimit:     9202296 kB
Committed_AS:   56399688 kB
VmallocTotal:   263061440 kB
VmallocUsed:       99000 kB
VmallocChunk:          0 kB
Percpu:             7584 kB
CmaTotal:         294912 kB
CmaFree:               0 kB
MemTotal:       12113144 kB
MemFree:         6777424 kB
MemAvailable:    8278696 kB
Buffers:            5832 kB
Cached:          1620124 kB
SwapCached:            0 kB
Active:          1398920 kB
Inactive:        1407440 kB
Active(anon):    1186904 kB
Inactive(anon):    22132 kB
Active(file):     212016 kB
Inactive(file):  1385308 kB
Unevictable:        5624 kB
Mlocked:            5624 kB
SwapTotal:       3145724 kB
SwapFree:        3145724 kB
Dirty:               428 kB
Writeback:             0 kB
AnonPages:       1186240 kB
Mapped:           805492 kB
Shmem:             24048 kB
KReclaimable:     772652 kB
Slab:             203236 kB
SReclaimable:      67496 kB
SUnreclaim:       135740 kB
KernelStack:       42096 kB
PageTables:        56640 kB
NFS_Unstable:          0 kB
Bounce:                0 kB
WritebackTmp:          0 kB
CommitLimit:     9202296 kB
Committed_AS:   56399256 kB
VmallocTotal:   263061440 kB
VmallocUsed:       98984 kB
VmallocChunk:          0 kB
Percpu:             7584 kB
CmaTotal:         294912 kB
CmaFree:               0 kB
MemTotal:       12113144 kB
MemFree:         6776584 kB
MemAvailable:    8277856 kB
Buffers:            5832 kB
Cached:          1620124 kB
SwapCached:            0 kB
Active:          1397348 kB
Inactive:        1407440 kB
Active(anon):    1185332 kB
Inactive(anon):    22132 kB
Active(file):     212016 kB
Inactive(file):  1385308 kB
Unevictable:        5624 kB
Mlocked:            5624 kB
SwapTotal:       3145724 kB
SwapFree:        3145724 kB
Dirty:               428 kB
Writeback:             0 kB
AnonPages:       1179212 kB
Mapped:           805296 kB
Shmem:             24048 kB
KReclaimable:     772652 kB
Slab:             203268 kB
SReclaimable:      67496 kB
SUnreclaim:       135772 kB
KernelStack:       42144 kB
PageTables:        56700 kB
NFS_Unstable:          0 kB
Bounce:                0 kB
WritebackTmp:          0 kB
CommitLimit:     9202296 kB
Committed_AS:   56398912 kB
VmallocTotal:   263061440 kB
VmallocUsed:       98968 kB
VmallocChunk:          0 kB
Percpu:             7584 kB
CmaTotal:         294912 kB
CmaFree:               0 kB
MemTotal:       12113144 kB
MemFree:         6786240 kB
MemAvailable:    8287512 kB
Buffers:            5832 kB
Cached:          1620124 kB
SwapCached:            0 kB
Active:          1388444 kB
Inactive:        1407440 kB
Active(anon):    1176428 kB
Inactive(anon):    22132 kB
Active(file):     212016 kB
Inactive(file):  1385308 kB
Unevictable:        5624 kB
Mlocked:            5624 kB
SwapTotal:       3145724 kB
SwapFree:        3145724 kB
Dirty:               428 kB
Writeback:             0 kB
AnonPages:       1175592 kB
Mapped:           805424 kB
Shmem:             24048 kB
KReclaimable:     772652 kB
Slab:             203252 kB
SReclaimable:      67496 kB
SUnreclaim:       135756 kB
KernelStack:       42080 kB
PageTables:        56592 kB
NFS_Unstable:          0 kB
Bounce:                0 kB
WritebackTmp:          0 kB
CommitLimit:     9202296 kB
Committed_AS:   56404352 kB
VmallocTotal:   263061440 kB
VmallocUsed:       98984 kB
VmallocChunk:          0 kB
Percpu:             7584 kB
CmaTotal:         294912 kB
CmaFree:               0 kB
MemTotal:       12113144 kB
MemFree:         6785860 kB
MemAvailable:    8287136 kB
Buffers:            5832 kB
Cached:          1620128 kB
SwapCached:            0 kB
Active:          1389616 kB
Inactive:        1407444 kB
Active(anon):    1177600 kB
Inactive(anon):    22132 kB
Active(file):     212016 kB
Inactive(file):  1385312 kB
Unevictable:        5624 kB
Mlocked:            5624 kB
SwapTotal:       3145724 kB
SwapFree:        3145724 kB
Dirty:               424 kB
Writeback:             0 kB
AnonPages:       1176620 kB
Mapped:           805492 kB
Shmem:             24048 kB
KReclaimable:     772652 kB
Slab:             203252 kB
SReclaimable:      67496 kB
SUnreclaim:       135756 kB
KernelStack:       42096 kB
PageTables:        56648 kB
NFS_Unstable:          0 kB
Bounce:                0 kB
WritebackTmp:          0 kB
CommitLimit:     9202296 kB
Committed_AS:   56404000 kB
VmallocTotal:   263061440 kB
VmallocUsed:       98984 kB
VmallocChunk:          0 kB
Percpu:             7584 kB
CmaTotal:         294912 kB
CmaFree:               0 kB
MemTotal:       12113144 kB
MemFree:         6785924 kB
MemAvailable:    8287208 kB
Buffers:            5832 kB
Cached:          1620136 kB
SwapCached:            0 kB
Active:          1389408 kB
Inactive:        1407456 kB
Active(anon):    1177396 kB
Inactive(anon):    22132 kB
Active(file):     212012 kB
Inactive(file):  1385324 kB
Unevictable:        5624 kB
Mlocked:            5624 kB
SwapTotal:       3145724 kB
SwapFree:        3145724 kB
Dirty:               448 kB
Writeback:             0 kB
AnonPages:       1176944 kB
Mapped:           805492 kB
Shmem:             24048 kB
KReclaimable:     772652 kB
Slab:             203256 kB
SReclaimable:      67496 kB
SUnreclaim:       135760 kB
KernelStack:       42096 kB
PageTables:        56636 kB
NFS_Unstable:          0 kB
Bounce:                0 kB
WritebackTmp:          0 kB
CommitLimit:     9202296 kB
Committed_AS:   56404048 kB
VmallocTotal:   263061440 kB
VmallocUsed:       98984 kB
VmallocChunk:          0 kB
Percpu:             7584 kB
CmaTotal:         294912 kB
CmaFree:               0 kB
MemTotal:       12113144 kB
MemFree:         6784792 kB
MemAvailable:    8286076 kB
Buffers:            5832 kB
Cached:          1620136 kB
SwapCached:            0 kB
Active:          1389940 kB
Inactive:        1407452 kB
Active(anon):    1177924 kB
Inactive(anon):    22132 kB
Active(file):     212016 kB
Inactive(file):  1385320 kB
Unevictable:        5624 kB
Mlocked:            5624 kB
SwapTotal:       3145724 kB
SwapFree:        3145724 kB
Dirty:               448 kB
Writeback:             0 kB
AnonPages:       1177192 kB
Mapped:           805492 kB
Shmem:             24048 kB
KReclaimable:     772652 kB
Slab:             203256 kB
SReclaimable:      67496 kB
SUnreclaim:       135760 kB
KernelStack:       42096 kB
PageTables:        56636 kB
NFS_Unstable:          0 kB
Bounce:                0 kB
WritebackTmp:          0 kB
CommitLimit:     9202296 kB
Committed_AS:   56403788 kB
VmallocTotal:   263061440 kB
VmallocUsed:       98984 kB
VmallocChunk:          0 kB
Percpu:             7584 kB
CmaTotal:         294912 kB
CmaFree:               0 kB
MemTotal:       12113144 kB
MemFree:         6784600 kB
MemAvailable:    8285860 kB
Buffers:            5832 kB
Cached:          1620112 kB
SwapCached:            0 kB
Active:          1390424 kB
Inactive:        1407436 kB
Active(anon):    1178416 kB
Inactive(anon):    22132 kB
Active(file):     212008 kB
Inactive(file):  1385304 kB
Unevictable:        5624 kB
Mlocked:            5624 kB
SwapTotal:       3145724 kB
SwapFree:        3145724 kB
Dirty:               436 kB
Writeback:             0 kB
AnonPages:       1177352 kB
Mapped:           805300 kB
Shmem:             24048 kB
KReclaimable:     772652 kB
Slab:             203248 kB
SReclaimable:      67496 kB
SUnreclaim:       135752 kB
KernelStack:       42112 kB
PageTables:        56692 kB
NFS_Unstable:          0 kB
Bounce:                0 kB
WritebackTmp:          0 kB
CommitLimit:     9202296 kB
Committed_AS:   56403568 kB
VmallocTotal:   263061440 kB
VmallocUsed:       98984 kB
VmallocChunk:          0 kB
Percpu:             7584 kB
CmaTotal:         294912 kB
CmaFree:               0 kB
MemTotal:       12113144 kB
MemFree:         6784248 kB
MemAvailable:    8285528 kB
Buffers:            5832 kB
Cached:          1620136 kB
SwapCached:            0 kB
Active:          1390496 kB
Inactive:        1407452 kB
Active(anon):    1178480 kB
Inactive(anon):    22132 kB
Active(file):     212016 kB
Inactive(file):  1385320 kB
Unevictable:        5624 kB
Mlocked:            5624 kB
SwapTotal:       3145724 kB
SwapFree:        3145724 kB
Dirty:               448 kB
Writeback:             0 kB
AnonPages:       1177504 kB
Mapped:           805492 kB
Shmem:             24048 kB
KReclaimable:     772648 kB
Slab:             203252 kB
SReclaimable:      67492 kB
SUnreclaim:       135760 kB
KernelStack:       42096 kB
PageTables:        56640 kB
NFS_Unstable:          0 kB
Bounce:                0 kB
WritebackTmp:          0 kB
CommitLimit:     9202296 kB
Committed_AS:   56403312 kB
VmallocTotal:   263061440 kB
VmallocUsed:       98968 kB
VmallocChunk:          0 kB
Percpu:             7584 kB
CmaTotal:         294912 kB
CmaFree:               0 kB
MemTotal:       12113144 kB
MemFree:         6783668 kB
MemAvailable:    8284948 kB
Buffers:            5832 kB
Cached:          1620136 kB
SwapCached:            0 kB
Active:          1391436 kB
Inactive:        1407452 kB
Active(anon):    1179420 kB
Inactive(anon):    22132 kB
Active(file):     212016 kB
Inactive(file):  1385320 kB
Unevictable:        5624 kB
Mlocked:            5624 kB
SwapTotal:       3145724 kB
SwapFree:        3145724 kB
Dirty:               448 kB
Writeback:             0 kB
AnonPages:       1178484 kB
Mapped:           805228 kB
Shmem:             24048 kB
KReclaimable:     772648 kB
Slab:             203252 kB
SReclaimable:      67492 kB
SUnreclaim:       135760 kB
KernelStack:       42096 kB
PageTables:        56632 kB
NFS_Unstable:          0 kB
Bounce:                0 kB
WritebackTmp:          0 kB
CommitLimit:     9202296 kB
Committed_AS:   56403400 kB
VmallocTotal:   263061440 kB
VmallocUsed:       98952 kB
VmallocChunk:          0 kB
Percpu:             7584 kB
CmaTotal:         294912 kB
CmaFree:               0 kB
MemTotal:       12113144 kB
MemFree:         6783308 kB
MemAvailable:    8284588 kB
Buffers:            5836 kB
Cached:          1620136 kB
SwapCached:            0 kB
Active:          1391428 kB
Inactive:        1407456 kB
Active(anon):    1179412 kB
Inactive(anon):    22136 kB
Active(file):     212016 kB
Inactive(file):  1385320 kB
Unevictable:        5624 kB
Mlocked:            5624 kB
SwapTotal:       3145724 kB
SwapFree:        3145724 kB
Dirty:               448 kB
Writeback:             0 kB
AnonPages:       1178600 kB
Mapped:           805428 kB
Shmem:             24052 kB
KReclaimable:     772648 kB
Slab:             203256 kB
SReclaimable:      67492 kB
SUnreclaim:       135764 kB
KernelStack:       42064 kB
PageTables:        56588 kB
NFS_Unstable:          0 kB
Bounce:                0 kB
WritebackTmp:          0 kB
CommitLimit:     9202296 kB
Committed_AS:   56403224 kB
VmallocTotal:   263061440 kB
VmallocUsed:       98952 kB
VmallocChunk:          0 kB
Percpu:             7584 kB
CmaTotal:         294912 kB
CmaFree:               0 kB
MemTotal:       12113144 kB
MemFree:         6783784 kB
MemAvailable:    8285076 kB
Buffers:            5836 kB
Cached:          1620148 kB
SwapCached:            0 kB
Active:          1391596 kB
Inactive:        1407464 kB
Active(anon):    1179576 kB
Inactive(anon):    22136 kB
Active(file):     212020 kB
Inactive(file):  1385328 kB
Unevictable:        5624 kB
Mlocked:            5624 kB
SwapTotal:       3145724 kB
SwapFree:        3145724 kB
Dirty:               428 kB
Writeback:             0 kB
AnonPages:       1178536 kB
Mapped:           805304 kB
Shmem:             24052 kB
KReclaimable:     772648 kB
Slab:             203268 kB
SReclaimable:      67492 kB
SUnreclaim:       135776 kB
KernelStack:       42128 kB
PageTables:        56700 kB
NFS_Unstable:          0 kB
Bounce:                0 kB
WritebackTmp:          0 kB
CommitLimit:     9202296 kB
Committed_AS:   56402960 kB
VmallocTotal:   263061440 kB
VmallocUsed:       98952 kB
VmallocChunk:          0 kB
Percpu:             7584 kB
CmaTotal:         294912 kB
CmaFree:               0 kB
MemTotal:       12113144 kB
MemFree:         6783552 kB
MemAvailable:    8284844 kB
Buffers:            5836 kB
Cached:          1620148 kB
SwapCached:            0 kB
Active:          1391288 kB
Inactive:        1407464 kB
Active(anon):    1179268 kB
Inactive(anon):    22136 kB
Active(file):     212020 kB
Inactive(file):  1385328 kB
Unevictable:        5624 kB
Mlocked:            5624 kB
SwapTotal:       3145724 kB
SwapFree:        3145724 kB
Dirty:               428 kB
Writeback:             0 kB
AnonPages:       1178344 kB
Mapped:           805508 kB
Shmem:             24052 kB
KReclaimable:     772648 kB
Slab:             203268 kB
SReclaimable:      67492 kB
SUnreclaim:       135776 kB
KernelStack:       42148 kB
PageTables:        56652 kB
NFS_Unstable:          0 kB
Bounce:                0 kB
WritebackTmp:          0 kB
CommitLimit:     9202296 kB
Committed_AS:   56402704 kB
VmallocTotal:   263061440 kB
VmallocUsed:       98952 kB
VmallocChunk:          0 kB
Percpu:             7584 kB
CmaTotal:         294912 kB
CmaFree:               0 kB
MemTotal:       12113144 kB
MemFree:         6785916 kB
MemAvailable:    8287208 kB
Buffers:            5836 kB
Cached:          1620148 kB
SwapCached:            0 kB
Active:          1388020 kB
Inactive:        1407464 kB
Active(anon):    1176000 kB
Inactive(anon):    22136 kB
Active(file):     212020 kB
Inactive(file):  1385328 kB
Unevictable:        5624 kB
Mlocked:            5624 kB
SwapTotal:       3145724 kB
SwapFree:        3145724 kB
Dirty:               432 kB
Writeback:             0 kB
AnonPages:       1175220 kB
Mapped:           805496 kB
Shmem:             24052 kB
KReclaimable:     772648 kB
Slab:             203268 kB
SReclaimable:      67492 kB
SUnreclaim:       135776 kB
KernelStack:       42096 kB
PageTables:        56636 kB
NFS_Unstable:          0 kB
Bounce:                0 kB
WritebackTmp:          0 kB
CommitLimit:     9202296 kB
Committed_AS:   56402660 kB
VmallocTotal:   263061440 kB
VmallocUsed:       98952 kB
VmallocChunk:          0 kB
Percpu:             7584 kB
CmaTotal:         294912 kB
CmaFree:               0 kB
MemTotal:       12113144 kB
MemFree:         6786404 kB
MemAvailable:    8287696 kB
Buffers:            5836 kB
Cached:          1620148 kB
SwapCached:            0 kB
Active:          1388432 kB
Inactive:        1407464 kB
Active(anon):    1176412 kB
Inactive(anon):    22136 kB
Active(file):     212020 kB
Inactive(file):  1385328 kB
Unevictable:        5624 kB
Mlocked:            5624 kB
SwapTotal:       3145724 kB
SwapFree:        3145724 kB
Dirty:               432 kB
Writeback:             0 kB
AnonPages:       1175984 kB
Mapped:           805408 kB
Shmem:             24052 kB
KReclaimable:     772648 kB
Slab:             203268 kB
SReclaimable:      67492 kB
SUnreclaim:       135776 kB
KernelStack:       42128 kB
PageTables:        56688 kB
NFS_Unstable:          0 kB
Bounce:                0 kB
WritebackTmp:          0 kB
CommitLimit:     9202296 kB
Committed_AS:   56402580 kB
VmallocTotal:   263061440 kB
VmallocUsed:       98952 kB
VmallocChunk:          0 kB
Percpu:             7584 kB
CmaTotal:         294912 kB
CmaFree:              80 kB
MemTotal:       12113144 kB
MemFree:         6785368 kB
MemAvailable:    8286660 kB
Buffers:            5836 kB
Cached:          1620152 kB
SwapCached:            0 kB
Active:          1389284 kB
Inactive:        1407468 kB
Active(anon):    1177264 kB
Inactive(anon):    22140 kB
Active(file):     212020 kB
Inactive(file):  1385328 kB
Unevictable:        5624 kB
Mlocked:            5624 kB
SwapTotal:       3145724 kB
SwapFree:        3145724 kB
Dirty:               432 kB
Writeback:             0 kB
AnonPages:       1176056 kB
Mapped:           805240 kB
Shmem:             24056 kB
KReclaimable:     772648 kB
Slab:             203268 kB
SReclaimable:      67492 kB
SUnreclaim:       135776 kB
KernelStack:       42096 kB
PageTables:        56636 kB
NFS_Unstable:          0 kB
Bounce:                0 kB
WritebackTmp:          0 kB
CommitLimit:     9202296 kB
Committed_AS:   56408508 kB
VmallocTotal:   263061440 kB
VmallocUsed:       98952 kB
VmallocChunk:          0 kB
Percpu:             7584 kB
CmaTotal:         294912 kB
CmaFree:               0 kB
MemTotal:       12113144 kB
MemFree:         6786120 kB
MemAvailable:    8287412 kB
Buffers:            5836 kB
Cached:          1620156 kB
SwapCached:            0 kB
Active:          1389764 kB
Inactive:        1407472 kB
Active(anon):    1177744 kB
Inactive(anon):    22144 kB
Active(file):     212020 kB
Inactive(file):  1385328 kB
Unevictable:        5624 kB
Mlocked:            5624 kB
SwapTotal:       3145724 kB
SwapFree:        3145724 kB
Dirty:               432 kB
Writeback:             0 kB
AnonPages:       1176608 kB
Mapped:           805244 kB
Shmem:             24060 kB
KReclaimable:     772648 kB
Slab:             203264 kB
SReclaimable:      67492 kB
SUnreclaim:       135772 kB
KernelStack:       42096 kB
PageTables:        56636 kB
NFS_Unstable:          0 kB
Bounce:                0 kB
WritebackTmp:          0 kB
CommitLimit:     9202296 kB
Committed_AS:   56408348 kB
VmallocTotal:   263061440 kB
VmallocUsed:       98952 kB
VmallocChunk:          0 kB
Percpu:             7584 kB
CmaTotal:         294912 kB
CmaFree:               0 kB
MemTotal:       12113144 kB
MemFree:         6785360 kB
MemAvailable:    8286652 kB
Buffers:            5836 kB
Cached:          1620156 kB
SwapCached:            0 kB
Active:          1390224 kB
Inactive:        1407472 kB
Active(anon):    1178204 kB
Inactive(anon):    22144 kB
Active(file):     212020 kB
Inactive(file):  1385328 kB
Unevictable:        5624 kB
Mlocked:            5624 kB
SwapTotal:       3145724 kB
SwapFree:        3145724 kB
Dirty:               432 kB
Writeback:             0 kB
AnonPages:       1177388 kB
Mapped:           805244 kB
Shmem:             24060 kB
KReclaimable:     772648 kB
Slab:             203276 kB
SReclaimable:      67492 kB
SUnreclaim:       135784 kB
KernelStack:       42096 kB
PageTables:        56648 kB
NFS_Unstable:          0 kB
Bounce:                0 kB
WritebackTmp:          0 kB
CommitLimit:     9202296 kB
Committed_AS:   56408084 kB
VmallocTotal:   263061440 kB
VmallocUsed:       98952 kB
VmallocChunk:          0 kB
Percpu:             7584 kB
CmaTotal:         294912 kB
CmaFree:               0 kB
MemTotal:       12113144 kB
MemFree:         6781980 kB
MemAvailable:    8283272 kB
Buffers:            5836 kB
Cached:          1620160 kB
SwapCached:            0 kB
Active:          1393632 kB
Inactive:        1407476 kB
Active(anon):    1181612 kB
Inactive(anon):    22148 kB
Active(file):     212020 kB
Inactive(file):  1385328 kB
Unevictable:        5624 kB
Mlocked:            5624 kB
SwapTotal:       3145724 kB
SwapFree:        3145724 kB
Dirty:               436 kB
Writeback:             0 kB
AnonPages:       1181284 kB
Mapped:           805508 kB
Shmem:             24064 kB
KReclaimable:     772648 kB
Slab:             203268 kB
SReclaimable:      67492 kB
SUnreclaim:       135776 kB
KernelStack:       42096 kB
PageTables:        56648 kB
NFS_Unstable:          0 kB
Bounce:                0 kB
WritebackTmp:          0 kB
CommitLimit:     9202296 kB
Committed_AS:   56407864 kB
VmallocTotal:   263061440 kB
VmallocUsed:       98952 kB
