MemTotal:       12113140 kB
MemFree:          751568 kB
MemAvailable:    7804304 kB
Buffers:            5560 kB
Cached:          6811256 kB
SwapCached:         1648 kB
Active:          3752484 kB
Inactive:        4700508 kB
Active(anon):    1058024 kB
Inactive(anon):   625044 kB
Active(file):    2694460 kB
Inactive(file):  4075464 kB
Unevictable:        5576 kB
Mlocked:            5576 kB
SwapTotal:       3145724 kB
SwapFree:        3118564 kB
Dirty:               756 kB
Writeback:            12 kB
AnonPages:       1640348 kB
Mapped:           540408 kB
Shmem:             42396 kB
KReclaimable:    1307164 kB
Slab:             236968 kB
SReclaimable:      84848 kB
SUnreclaim:       152120 kB
KernelStack:       52504 kB
PageTables:        65864 kB
NFS_Unstable:          0 kB
Bounce:                0 kB
WritebackTmp:          0 kB
CommitLimit:     9202292 kB
Committed_AS:   70537248 kB
VmallocTotal:   263061440 kB
VmallocUsed:      109660 kB
VmallocChunk:          0 kB
Percpu:             7616 kB
CmaTotal:         294912 kB
CmaFree:               0 kB
MemTotal:       12113140 kB
MemFree:          740288 kB
MemAvailable:    7787208 kB
Buffers:            5560 kB
Cached:          6809872 kB
SwapCached:         1676 kB
Active:          3762324 kB
Inactive:        4700204 kB
Active(anon):    1068928 kB
Inactive(anon):   624680 kB
Active(file):    2693396 kB
Inactive(file):  4075524 kB
Unevictable:        5576 kB
Mlocked:            5576 kB
SwapTotal:       3145724 kB
SwapFree:        3118564 kB
Dirty:               824 kB
Writeback:             0 kB
AnonPages:       1651132 kB
Mapped:           557376 kB
Shmem:             41976 kB
KReclaimable:    1302352 kB
Slab:             237044 kB
SReclaimable:      84992 kB
SUnreclaim:       152052 kB
KernelStack:       52884 kB
PageTables:        66284 kB
NFS_Unstable:          0 kB
Bounce:                0 kB
WritebackTmp:          0 kB
CommitLimit:     9202292 kB
Committed_AS:   70611348 kB
VmallocTotal:   263061440 kB
VmallocUsed:      109996 kB
VmallocChunk:          0 kB
Percpu:             7616 kB
CmaTotal:         294912 kB
CmaFree:               0 kB
MemTotal:       12113140 kB
MemFree:          699772 kB
MemAvailable:    7598516 kB
Buffers:            5560 kB
Cached:          6810192 kB
SwapCached:         1680 kB
Active:          3800776 kB
Inactive:        4700604 kB
Active(anon):    1107372 kB
Inactive(anon):   625072 kB
Active(file):    2693404 kB
Inactive(file):  4075532 kB
Unevictable:        5576 kB
Mlocked:            5576 kB
SwapTotal:       3145724 kB
SwapFree:        3118564 kB
Dirty:               872 kB
Writeback:            12 kB
AnonPages:       1689428 kB
Mapped:           567380 kB
Shmem:             42280 kB
KReclaimable:    1154160 kB
Slab:             237220 kB
SReclaimable:      85184 kB
SUnreclaim:       152036 kB
KernelStack:       53332 kB
PageTables:        66876 kB
NFS_Unstable:          0 kB
Bounce:                0 kB
WritebackTmp:          0 kB
CommitLimit:     9202292 kB
Committed_AS:   70665320 kB
VmallocTotal:   263061440 kB
VmallocUsed:      110476 kB
VmallocChunk:          0 kB
Percpu:             7616 kB
CmaTotal:         294912 kB
CmaFree:             208 kB
MemTotal:       12113140 kB
MemFree:          672776 kB
MemAvailable:    7561512 kB
Buffers:            5560 kB
Cached:          6810948 kB
SwapCached:         1680 kB
Active:          3829356 kB
Inactive:        4701104 kB
Active(anon):    1135800 kB
Inactive(anon):   625692 kB
Active(file):    2693556 kB
Inactive(file):  4075412 kB
Unevictable:        5576 kB
Mlocked:            5576 kB
SwapTotal:       3145724 kB
SwapFree:        3118564 kB
Dirty:              1032 kB
Writeback:             0 kB
AnonPages:       1717728 kB
Mapped:           570000 kB
Shmem:             43004 kB
KReclaimable:    1144120 kB
Slab:             237272 kB
SReclaimable:      85264 kB
SUnreclaim:       152008 kB
KernelStack:       53668 kB
PageTables:        67152 kB
NFS_Unstable:          0 kB
Bounce:                0 kB
WritebackTmp:          0 kB
CommitLimit:     9202292 kB
Committed_AS:   70692188 kB
VmallocTotal:   263061440 kB
VmallocUsed:      110796 kB
VmallocChunk:          0 kB
Percpu:             7616 kB
CmaTotal:         294912 kB
CmaFree:               0 kB
MemTotal:       12113140 kB
MemFree:          495140 kB
MemAvailable:    7456788 kB
Buffers:            5560 kB
Cached:          6812260 kB
SwapCached:         1680 kB
Active:          4004620 kB
Inactive:        4702416 kB
Active(anon):    1311064 kB
Inactive(anon):   627004 kB
Active(file):    2693556 kB
Inactive(file):  4075412 kB
Unevictable:        5576 kB
Mlocked:            5576 kB
SwapTotal:       3145724 kB
SwapFree:        3118564 kB
Dirty:              1052 kB
Writeback:             0 kB
AnonPages:       1892900 kB
Mapped:           570204 kB
Shmem:             44316 kB
KReclaimable:    1217032 kB
Slab:             237288 kB
SReclaimable:      85280 kB
SUnreclaim:       152008 kB
KernelStack:       53616 kB
PageTables:        67348 kB
NFS_Unstable:          0 kB
Bounce:                0 kB
WritebackTmp:          0 kB
CommitLimit:     9202292 kB
Committed_AS:   70881324 kB
VmallocTotal:   263061440 kB
VmallocUsed:      110764 kB
VmallocChunk:          0 kB
Percpu:             7616 kB
CmaTotal:         294912 kB
CmaFree:               0 kB
MemTotal:       12113140 kB
MemFree:          555500 kB
MemAvailable:    7427952 kB
Buffers:            5560 kB
Cached:          6812304 kB
SwapCached:         1680 kB
Active:          3941992 kB
Inactive:        4702460 kB
Active(anon):    1248436 kB
Inactive(anon):   627004 kB
Active(file):    2693556 kB
Inactive(file):  4075456 kB
Unevictable:        5576 kB
Mlocked:            5576 kB
SwapTotal:       3145724 kB
SwapFree:        3118564 kB
Dirty:              3028 kB
Writeback:             0 kB
AnonPages:       1830720 kB
Mapped:           582456 kB
Shmem:             44316 kB
KReclaimable:    1127792 kB
Slab:             237288 kB
SReclaimable:      85280 kB
SUnreclaim:       152008 kB
KernelStack:       53600 kB
PageTables:        67512 kB
NFS_Unstable:          0 kB
Bounce:                0 kB
WritebackTmp:          0 kB
CommitLimit:     9202292 kB
Committed_AS:   70831060 kB
VmallocTotal:   263061440 kB
VmallocUsed:      110668 kB
VmallocChunk:          0 kB
Percpu:             7616 kB
CmaTotal:         294912 kB
CmaFree:               0 kB
MemTotal:       12113140 kB
MemFree:          552092 kB
MemAvailable:    7402148 kB
Buffers:            5560 kB
Cached:          6812492 kB
SwapCached:         1680 kB
Active:          3943528 kB
Inactive:        4702648 kB
Active(anon):    1249972 kB
Inactive(anon):   627004 kB
Active(file):    2693556 kB
Inactive(file):  4075644 kB
Unevictable:        5576 kB
Mlocked:            5576 kB
SwapTotal:       3145724 kB
SwapFree:        3118564 kB
Dirty:              4256 kB
Writeback:             0 kB
AnonPages:       1831460 kB
Mapped:           582684 kB
Shmem:             44316 kB
KReclaimable:    1105208 kB
Slab:             237300 kB
SReclaimable:      85280 kB
SUnreclaim:       152020 kB
KernelStack:       53488 kB
PageTables:        67400 kB
NFS_Unstable:          0 kB
Bounce:                0 kB
WritebackTmp:          0 kB
CommitLimit:     9202292 kB
Committed_AS:   70831076 kB
VmallocTotal:   263061440 kB
VmallocUsed:      110652 kB
VmallocChunk:          0 kB
Percpu:             7616 kB
CmaTotal:         294912 kB
CmaFree:               8 kB
MemTotal:       12113140 kB
MemFree:          548264 kB
MemAvailable:    7432184 kB
Buffers:            5560 kB
Cached:          6812420 kB
SwapCached:         1680 kB
Active:          3949028 kB
Inactive:        4702576 kB
Active(anon):    1255472 kB
Inactive(anon):   626984 kB
Active(file):    2693556 kB
Inactive(file):  4075592 kB
Unevictable:        5576 kB
Mlocked:            5576 kB
SwapTotal:       3145724 kB
SwapFree:        3118564 kB
Dirty:              4284 kB
Writeback:            16 kB
AnonPages:       1837156 kB
Mapped:           576100 kB
Shmem:             44296 kB
KReclaimable:    1139124 kB
Slab:             237332 kB
SReclaimable:      85296 kB
SUnreclaim:       152036 kB
KernelStack:       53504 kB
PageTables:        67512 kB
NFS_Unstable:          0 kB
Bounce:                0 kB
WritebackTmp:          0 kB
CommitLimit:     9202292 kB
Committed_AS:   70827424 kB
VmallocTotal:   263061440 kB
VmallocUsed:      110604 kB
VmallocChunk:          0 kB
Percpu:             7616 kB
CmaTotal:         294912 kB
CmaFree:               0 kB
MemTotal:       12113140 kB
MemFree:          494992 kB
MemAvailable:    7358352 kB
Buffers:            5560 kB
Cached:          6680320 kB
SwapCached:         1680 kB
Active:          4230684 kB
Inactive:        4581440 kB
Active(anon):    1549016 kB
Inactive(anon):   626056 kB
Active(file):    2681668 kB
Inactive(file):  3955384 kB
Unevictable:        5576 kB
Mlocked:            5576 kB
SwapTotal:       3145724 kB
SwapFree:        3117540 kB
Dirty:              4372 kB
Writeback:             0 kB
AnonPages:       2130408 kB
Mapped:           575972 kB
Shmem:             44296 kB
KReclaimable:    1095012 kB
Slab:             235232 kB
SReclaimable:      83180 kB
SUnreclaim:       152052 kB
KernelStack:       53456 kB
PageTables:        68172 kB
NFS_Unstable:          0 kB
Bounce:                0 kB
WritebackTmp:          0 kB
CommitLimit:     9202292 kB
Committed_AS:   71102780 kB
VmallocTotal:   263061440 kB
VmallocUsed:      110668 kB
VmallocChunk:          0 kB
Percpu:             7616 kB
CmaTotal:         294912 kB
CmaFree:              64 kB
MemTotal:       12113140 kB
MemFree:          386000 kB
MemAvailable:    7249264 kB
Buffers:            5560 kB
Cached:          6680324 kB
SwapCached:         1680 kB
Active:          4338176 kB
Inactive:        4581440 kB
Active(anon):    1656508 kB
Inactive(anon):   626056 kB
Active(file):    2681668 kB
Inactive(file):  3955384 kB
Unevictable:        5576 kB
Mlocked:            5576 kB
SwapTotal:       3145724 kB
SwapFree:        3117540 kB
Dirty:              3940 kB
Writeback:             0 kB
AnonPages:       2237760 kB
Mapped:           576012 kB
Shmem:             44296 kB
KReclaimable:    1094916 kB
Slab:             235180 kB
SReclaimable:      83084 kB
SUnreclaim:       152096 kB
KernelStack:       53520 kB
PageTables:        68520 kB
NFS_Unstable:          0 kB
Bounce:                0 kB
WritebackTmp:          0 kB
CommitLimit:     9202292 kB
Committed_AS:   71214348 kB
VmallocTotal:   263061440 kB
VmallocUsed:      110620 kB
VmallocChunk:          0 kB
Percpu:             7616 kB
CmaTotal:         294912 kB
CmaFree:               0 kB
MemTotal:       12113140 kB
MemFree:          673396 kB
MemAvailable:    7204284 kB
Buffers:            5560 kB
Cached:          6680992 kB
SwapCached:         1680 kB
Active:          4048932 kB
Inactive:        4582104 kB
Active(anon):    1367260 kB
Inactive(anon):   626344 kB
Active(file):    2681672 kB
Inactive(file):  3955760 kB
Unevictable:        5576 kB
Mlocked:            5576 kB
SwapTotal:       3145724 kB
SwapFree:        3117540 kB
Dirty:              4292 kB
Writeback:             0 kB
AnonPages:       1948420 kB
Mapped:           593100 kB
Shmem:             44584 kB
KReclaimable:     762160 kB
Slab:             235400 kB
SReclaimable:      83084 kB
SUnreclaim:       152316 kB
KernelStack:       53456 kB
PageTables:        67816 kB
NFS_Unstable:          0 kB
Bounce:                0 kB
WritebackTmp:          0 kB
CommitLimit:     9202292 kB
Committed_AS:   70929040 kB
VmallocTotal:   263061440 kB
VmallocUsed:      110668 kB
VmallocChunk:          0 kB
Percpu:             7616 kB
CmaTotal:         294912 kB
CmaFree:              16 kB
MemTotal:       12113140 kB
MemFree:          684776 kB
MemAvailable:    7213728 kB
Buffers:            5560 kB
Cached:          6680992 kB
SwapCached:         1680 kB
Active:          4037360 kB
Inactive:        4582104 kB
Active(anon):    1355688 kB
Inactive(anon):   626344 kB
Active(file):    2681672 kB
Inactive(file):  3955760 kB
Unevictable:        5576 kB
Mlocked:            5576 kB
SwapTotal:       3145724 kB
SwapFree:        3117540 kB
Dirty:              4320 kB
Writeback:             0 kB
AnonPages:       1937116 kB
Mapped:           593132 kB
Shmem:             44584 kB
KReclaimable:     760224 kB
Slab:             235412 kB
SReclaimable:      83084 kB
SUnreclaim:       152328 kB
KernelStack:       53504 kB
PageTables:        68000 kB
NFS_Unstable:          0 kB
Bounce:                0 kB
WritebackTmp:          0 kB
CommitLimit:     9202292 kB
Committed_AS:   70913764 kB
VmallocTotal:   263061440 kB
VmallocUsed:      110684 kB
VmallocChunk:          0 kB
Percpu:             7616 kB
CmaTotal:         294912 kB
CmaFree:               0 kB
MemTotal:       12113140 kB
MemFree:          702268 kB
MemAvailable:    7173124 kB
Buffers:            5560 kB
Cached:          6681008 kB
SwapCached:         1680 kB
Active:          4019352 kB
Inactive:        4582120 kB
Active(anon):    1337680 kB
Inactive(anon):   626360 kB
Active(file):    2681672 kB
Inactive(file):  3955760 kB
Unevictable:        5576 kB
Mlocked:            5576 kB
SwapTotal:       3145724 kB
SwapFree:        3117540 kB
Dirty:              4324 kB
Writeback:             0 kB
AnonPages:       1918888 kB
Mapped:           597264 kB
Shmem:             44600 kB
KReclaimable:     702128 kB
Slab:             235496 kB
SReclaimable:      83084 kB
SUnreclaim:       152412 kB
KernelStack:       53492 kB
PageTables:        68176 kB
NFS_Unstable:          0 kB
Bounce:                0 kB
WritebackTmp:          0 kB
CommitLimit:     9202292 kB
Committed_AS:   70900792 kB
VmallocTotal:   263061440 kB
VmallocUsed:      110684 kB
VmallocChunk:          0 kB
Percpu:             7616 kB
CmaTotal:         294912 kB
CmaFree:               0 kB
MemTotal:       12113140 kB
MemFree:          691712 kB
MemAvailable:    6990972 kB
Buffers:            5560 kB
Cached:          6681008 kB
SwapCached:         1680 kB
Active:          4030036 kB
Inactive:        4582120 kB
Active(anon):    1348364 kB
Inactive(anon):   626360 kB
Active(file):    2681672 kB
Inactive(file):  3955760 kB
Unevictable:        5576 kB
Mlocked:            5576 kB
SwapTotal:       3145724 kB
SwapFree:        3117540 kB
Dirty:              4360 kB
Writeback:             0 kB
AnonPages:       1929520 kB
Mapped:           599872 kB
Shmem:             44600 kB
KReclaimable:     530532 kB
Slab:             235544 kB
SReclaimable:      83084 kB
SUnreclaim:       152460 kB
KernelStack:       53520 kB
PageTables:        68016 kB
NFS_Unstable:          0 kB
Bounce:                0 kB
WritebackTmp:          0 kB
CommitLimit:     9202292 kB
Committed_AS:   70915548 kB
VmallocTotal:   263061440 kB
VmallocUsed:      110668 kB
VmallocChunk:          0 kB
Percpu:             7616 kB
CmaTotal:         294912 kB
CmaFree:               0 kB
MemTotal:       12113140 kB
MemFree:          687308 kB
MemAvailable:    6986056 kB
Buffers:            5560 kB
Cached:          6680616 kB
SwapCached:         1680 kB
Active:          4031588 kB
Inactive:        4581728 kB
Active(anon):    1349916 kB
Inactive(anon):   626360 kB
Active(file):    2681672 kB
Inactive(file):  3955368 kB
Unevictable:        5576 kB
Mlocked:            5576 kB
SwapTotal:       3145724 kB
SwapFree:        3117540 kB
Dirty:              4096 kB
Writeback:             0 kB
AnonPages:       1931004 kB
Mapped:           599792 kB
Shmem:             44600 kB
KReclaimable:     530412 kB
Slab:             235560 kB
SReclaimable:      83084 kB
SUnreclaim:       152476 kB
KernelStack:       53424 kB
PageTables:        68268 kB
NFS_Unstable:          0 kB
Bounce:                0 kB
WritebackTmp:          0 kB
CommitLimit:     9202292 kB
Committed_AS:   70926136 kB
VmallocTotal:   263061440 kB
VmallocUsed:      110668 kB
VmallocChunk:          0 kB
Percpu:             7616 kB
CmaTotal:         294912 kB
CmaFree:               0 kB
MemTotal:       12113140 kB
MemFree:          677432 kB
MemAvailable:    6969388 kB
Buffers:            5560 kB
Cached:          6680616 kB
SwapCached:         1680 kB
Active:          4042200 kB
Inactive:        4581728 kB
Active(anon):    1360528 kB
Inactive(anon):   626360 kB
Active(file):    2681672 kB
Inactive(file):  3955368 kB
Unevictable:        5576 kB
Mlocked:            5576 kB
SwapTotal:       3145724 kB
SwapFree:        3117540 kB
Dirty:              4096 kB
Writeback:             0 kB
AnonPages:       1941804 kB
Mapped:           600188 kB
Shmem:             44600 kB
KReclaimable:     523620 kB
Slab:             235572 kB
SReclaimable:      83084 kB
SUnreclaim:       152488 kB
KernelStack:       53536 kB
PageTables:        68260 kB
NFS_Unstable:          0 kB
Bounce:                0 kB
WritebackTmp:          0 kB
CommitLimit:     9202292 kB
Committed_AS:   70921496 kB
VmallocTotal:   263061440 kB
VmallocUsed:      110684 kB
VmallocChunk:          0 kB
Percpu:             7616 kB
CmaTotal:         294912 kB
CmaFree:               0 kB
MemTotal:       12113140 kB
MemFree:          674132 kB
MemAvailable:    6964000 kB
Buffers:            5560 kB
Cached:          6680616 kB
SwapCached:         1680 kB
Active:          4045096 kB
Inactive:        4581728 kB
Active(anon):    1363424 kB
Inactive(anon):   626360 kB
Active(file):    2681672 kB
Inactive(file):  3955368 kB
Unevictable:        5576 kB
Mlocked:            5576 kB
SwapTotal:       3145724 kB
SwapFree:        3117540 kB
Dirty:              4096 kB
Writeback:             0 kB
AnonPages:       1944492 kB
Mapped:           600548 kB
Shmem:             44600 kB
KReclaimable:     521532 kB
Slab:             235580 kB
SReclaimable:      83084 kB
SUnreclaim:       152496 kB
KernelStack:       53472 kB
PageTables:        68384 kB
NFS_Unstable:          0 kB
Bounce:                0 kB
WritebackTmp:          0 kB
CommitLimit:     9202292 kB
Committed_AS:   70936328 kB
VmallocTotal:   263061440 kB
VmallocUsed:      110684 kB
VmallocChunk:          0 kB
Percpu:             7616 kB
CmaTotal:         294912 kB
CmaFree:               0 kB
MemTotal:       12113140 kB
MemFree:          680496 kB
MemAvailable:    6970252 kB
Buffers:            5560 kB
Cached:          6680616 kB
SwapCached:         1680 kB
Active:          4038828 kB
Inactive:        4581600 kB
Active(anon):    1357028 kB
Inactive(anon):   626360 kB
Active(file):    2681800 kB
Inactive(file):  3955240 kB
Unevictable:        5576 kB
Mlocked:            5576 kB
SwapTotal:       3145724 kB
SwapFree:        3117540 kB
Dirty:              4108 kB
Writeback:             0 kB
AnonPages:       1938096 kB
Mapped:           600816 kB
Shmem:             44600 kB
KReclaimable:     521420 kB
Slab:             235596 kB
SReclaimable:      83084 kB
SUnreclaim:       152512 kB
KernelStack:       53504 kB
PageTables:        68112 kB
NFS_Unstable:          0 kB
Bounce:                0 kB
WritebackTmp:          0 kB
CommitLimit:     9202292 kB
Committed_AS:   70924040 kB
VmallocTotal:   263061440 kB
VmallocUsed:      110700 kB
VmallocChunk:          0 kB
Percpu:             7616 kB
CmaTotal:         294912 kB
CmaFree:               0 kB
MemTotal:       12113140 kB
MemFree:          679220 kB
MemAvailable:    6969576 kB
Buffers:            5560 kB
Cached:          6681468 kB
SwapCached:         1680 kB
Active:          4040868 kB
Inactive:        4582200 kB
Active(anon):    1359068 kB
Inactive(anon):   626360 kB
Active(file):    2681800 kB
Inactive(file):  3955840 kB
Unevictable:        5576 kB
Mlocked:            5576 kB
SwapTotal:       3145724 kB
SwapFree:        3117540 kB
Dirty:              4712 kB
Writeback:             0 kB
AnonPages:       1940376 kB
Mapped:           600820 kB
Shmem:             44600 kB
KReclaimable:     521420 kB
Slab:             235596 kB
SReclaimable:      83084 kB
SUnreclaim:       152512 kB
KernelStack:       53472 kB
PageTables:        68200 kB
NFS_Unstable:          0 kB
Bounce:                0 kB
WritebackTmp:          0 kB
CommitLimit:     9202292 kB
Committed_AS:   70922640 kB
VmallocTotal:   263061440 kB
VmallocUsed:      110636 kB
VmallocChunk:          0 kB
Percpu:             7616 kB
CmaTotal:         294912 kB
CmaFree:               0 kB
MemTotal:       12113140 kB
MemFree:          679076 kB
MemAvailable:    6969448 kB
Buffers:            5560 kB
Cached:          6681240 kB
SwapCached:         1680 kB
Active:          4039876 kB
Inactive:        4582104 kB
Active(anon):    1357956 kB
Inactive(anon):   626360 kB
Active(file):    2681920 kB
Inactive(file):  3955744 kB
Unevictable:        5576 kB
Mlocked:            5576 kB
SwapTotal:       3145724 kB
SwapFree:        3117540 kB
Dirty:              4740 kB
Writeback:             0 kB
AnonPages:       1939112 kB
Mapped:           600832 kB
Shmem:             44600 kB
KReclaimable:     521412 kB
Slab:             235612 kB
SReclaimable:      83100 kB
SUnreclaim:       152512 kB
KernelStack:       53456 kB
PageTables:        68064 kB
NFS_Unstable:          0 kB
Bounce:                0 kB
WritebackTmp:          0 kB
CommitLimit:     9202292 kB
Committed_AS:   70924624 kB
VmallocTotal:   263061440 kB
VmallocUsed:      110636 kB
VmallocChunk:          0 kB
Percpu:             7616 kB
CmaTotal:         294912 kB
CmaFree:               0 kB
MemTotal:       12113140 kB
MemFree:          678400 kB
MemAvailable:    6968868 kB
Buffers:            5560 kB
Cached:          6681240 kB
SwapCached:         1680 kB
Active:          4040204 kB
Inactive:        4582096 kB
Active(anon):    1358276 kB
Inactive(anon):   626360 kB
Active(file):    2681928 kB
Inactive(file):  3955736 kB
Unevictable:        5576 kB
Mlocked:            5576 kB
SwapTotal:       3145724 kB
SwapFree:        3117540 kB
Dirty:              4752 kB
Writeback:             0 kB
AnonPages:       1939692 kB
Mapped:           600832 kB
Shmem:             44600 kB
KReclaimable:     521508 kB
Slab:             235708 kB
SReclaimable:      83196 kB
SUnreclaim:       152512 kB
KernelStack:       53440 kB
PageTables:        68316 kB
NFS_Unstable:          0 kB
Bounce:                0 kB
WritebackTmp:          0 kB
CommitLimit:     9202292 kB
Committed_AS:   70924004 kB
VmallocTotal:   263061440 kB
VmallocUsed:      110604 kB
VmallocChunk:          0 kB
Percpu:             7616 kB
CmaTotal:         294912 kB
CmaFree:               0 kB
MemTotal:       12113140 kB
MemFree:          682148 kB
MemAvailable:    6972600 kB
Buffers:            5560 kB
Cached:          6681240 kB
SwapCached:         1680 kB
Active:          4035836 kB
Inactive:        4582096 kB
Active(anon):    1353908 kB
Inactive(anon):   626360 kB
Active(file):    2681928 kB
Inactive(file):  3955736 kB
Unevictable:        5576 kB
Mlocked:            5576 kB
SwapTotal:       3145724 kB
SwapFree:        3117540 kB
Dirty:              4752 kB
Writeback:             0 kB
AnonPages:       1935200 kB
Mapped:           600844 kB
Shmem:             44600 kB
KReclaimable:     521492 kB
Slab:             235692 kB
SReclaimable:      83180 kB
SUnreclaim:       152512 kB
KernelStack:       53440 kB
PageTables:        67980 kB
NFS_Unstable:          0 kB
Bounce:                0 kB
WritebackTmp:          0 kB
CommitLimit:     9202292 kB
Committed_AS:   70922964 kB
VmallocTotal:   263061440 kB
VmallocUsed:      110636 kB
VmallocChunk:          0 kB
Percpu:             7616 kB
CmaTotal:         294912 kB
CmaFree:               0 kB
MemTotal:       12113140 kB
MemFree:          681596 kB
MemAvailable:    6972048 kB
Buffers:            5560 kB
Cached:          6681240 kB
SwapCached:         1680 kB
Active:          4036636 kB
Inactive:        4581968 kB
Active(anon):    1354580 kB
Inactive(anon):   626360 kB
Active(file):    2682056 kB
Inactive(file):  3955608 kB
Unevictable:        5576 kB
Mlocked:            5576 kB
SwapTotal:       3145724 kB
SwapFree:        3117540 kB
Dirty:              4752 kB
Writeback:             0 kB
AnonPages:       1935428 kB
Mapped:           600844 kB
Shmem:             44600 kB
KReclaimable:     521492 kB
Slab:             235692 kB
SReclaimable:      83180 kB
SUnreclaim:       152512 kB
KernelStack:       53440 kB
PageTables:        68064 kB
NFS_Unstable:          0 kB
Bounce:                0 kB
WritebackTmp:          0 kB
CommitLimit:     9202292 kB
Committed_AS:   70916568 kB
VmallocTotal:   263061440 kB
VmallocUsed:      110636 kB
VmallocChunk:          0 kB
Percpu:             7616 kB
CmaTotal:         294912 kB
CmaFree:               0 kB
MemTotal:       12113140 kB
MemFree:          682080 kB
MemAvailable:    6972548 kB
Buffers:            5560 kB
Cached:          6681240 kB
SwapCached:         1680 kB
Active:          4037020 kB
Inactive:        4581968 kB
Active(anon):    1354964 kB
Inactive(anon):   626360 kB
Active(file):    2682056 kB
Inactive(file):  3955608 kB
Unevictable:        5576 kB
Mlocked:            5576 kB
SwapTotal:       3145724 kB
SwapFree:        3117540 kB
Dirty:              4720 kB
Writeback:             0 kB
AnonPages:       1935872 kB
Mapped:           600844 kB
Shmem:             44600 kB
KReclaimable:     521508 kB
Slab:             235676 kB
SReclaimable:      83196 kB
SUnreclaim:       152480 kB
KernelStack:       53440 kB
PageTables:        67992 kB
NFS_Unstable:          0 kB
Bounce:                0 kB
WritebackTmp:          0 kB
CommitLimit:     9202292 kB
Committed_AS:   70921896 kB
VmallocTotal:   263061440 kB
VmallocUsed:      110588 kB
VmallocChunk:          0 kB
Percpu:             7616 kB
CmaTotal:         294912 kB
CmaFree:               0 kB
MemTotal:       12113140 kB
MemFree:          681372 kB
MemAvailable:    6971640 kB
Buffers:            5560 kB
Cached:          6681248 kB
SwapCached:         1680 kB
Active:          4037268 kB
Inactive:        4581976 kB
Active(anon):    1355212 kB
Inactive(anon):   626364 kB
Active(file):    2682056 kB
Inactive(file):  3955612 kB
Unevictable:        5576 kB
Mlocked:            5576 kB
SwapTotal:       3145724 kB
SwapFree:        3117540 kB
Dirty:              4684 kB
Writeback:             0 kB
AnonPages:       1936404 kB
Mapped:           600848 kB
Shmem:             44604 kB
KReclaimable:     521304 kB
Slab:             235676 kB
SReclaimable:      83196 kB
SUnreclaim:       152480 kB
KernelStack:       53440 kB
PageTables:        68072 kB
NFS_Unstable:          0 kB
Bounce:                0 kB
WritebackTmp:          0 kB
CommitLimit:     9202292 kB
Committed_AS:   70925844 kB
VmallocTotal:   263061440 kB
VmallocUsed:      110652 kB
VmallocChunk:          0 kB
Percpu:             7616 kB
CmaTotal:         294912 kB
CmaFree:               0 kB
MemTotal:       12113140 kB
MemFree:          681588 kB
MemAvailable:    6971856 kB
Buffers:            5560 kB
Cached:          6681248 kB
SwapCached:         1680 kB
Active:          4036932 kB
Inactive:        4581848 kB
Active(anon):    1354748 kB
Inactive(anon):   626364 kB
Active(file):    2682184 kB
Inactive(file):  3955484 kB
Unevictable:        5576 kB
Mlocked:            5576 kB
SwapTotal:       3145724 kB
SwapFree:        3117540 kB
Dirty:              4684 kB
Writeback:             0 kB
AnonPages:       1935952 kB
Mapped:           600848 kB
Shmem:             44604 kB
KReclaimable:     521304 kB
Slab:             235676 kB
SReclaimable:      83196 kB
SUnreclaim:       152480 kB
KernelStack:       53472 kB
PageTables:        68348 kB
NFS_Unstable:          0 kB
Bounce:                0 kB
WritebackTmp:          0 kB
CommitLimit:     9202292 kB
Committed_AS:   70921360 kB
VmallocTotal:   263061440 kB
VmallocUsed:      110668 kB
VmallocChunk:          0 kB
Percpu:             7616 kB
CmaTotal:         294912 kB
CmaFree:               0 kB
MemTotal:       12113140 kB
MemFree:          681044 kB
MemAvailable:    6971312 kB
Buffers:            5560 kB
Cached:          6681248 kB
SwapCached:         1680 kB
Active:          4037124 kB
Inactive:        4581848 kB
Active(anon):    1354940 kB
Inactive(anon):   626364 kB
Active(file):    2682184 kB
Inactive(file):  3955484 kB
Unevictable:        5576 kB
Mlocked:            5576 kB
SwapTotal:       3145724 kB
SwapFree:        3117540 kB
Dirty:              4748 kB
Writeback:             0 kB
AnonPages:       1936076 kB
Mapped:           600848 kB
Shmem:             44604 kB
KReclaimable:     521304 kB
Slab:             235676 kB
SReclaimable:      83196 kB
SUnreclaim:       152480 kB
KernelStack:       53392 kB
PageTables:        68044 kB
NFS_Unstable:          0 kB
Bounce:                0 kB
WritebackTmp:          0 kB
CommitLimit:     9202292 kB
Committed_AS:   70919764 kB
VmallocTotal:   263061440 kB
VmallocUsed:      110636 kB
VmallocChunk:          0 kB
Percpu:             7616 kB
CmaTotal:         294912 kB
CmaFree:               0 kB
MemTotal:       12113140 kB
MemFree:          689284 kB
MemAvailable:    6979552 kB
Buffers:            5560 kB
Cached:          6680992 kB
SwapCached:         1680 kB
Active:          4029336 kB
Inactive:        4581564 kB
Active(anon):    1347124 kB
Inactive(anon):   626108 kB
Active(file):    2682212 kB
Inactive(file):  3955456 kB
Unevictable:        5576 kB
Mlocked:            5576 kB
SwapTotal:       3145724 kB
SwapFree:        3117540 kB
Dirty:              4748 kB
Writeback:             0 kB
AnonPages:       1928456 kB
Mapped:           599628 kB
Shmem:             44348 kB
KReclaimable:     521304 kB
Slab:             235668 kB
SReclaimable:      83196 kB
SUnreclaim:       152472 kB
KernelStack:       53088 kB
PageTables:        67320 kB
NFS_Unstable:          0 kB
Bounce:                0 kB
WritebackTmp:          0 kB
CommitLimit:     9202292 kB
Committed_AS:   69595112 kB
VmallocTotal:   263061440 kB
VmallocUsed:      110324 kB
VmallocChunk:          0 kB
Percpu:             7616 kB
CmaTotal:         294912 kB
CmaFree:              16 kB
MemTotal:       12113140 kB
MemFree:          690760 kB
MemAvailable:    6981044 kB
Buffers:            5560 kB
Cached:          6680992 kB
SwapCached:         1680 kB
Active:          4029492 kB
Inactive:        4581436 kB
Active(anon):    1347152 kB
Inactive(anon):   626108 kB
Active(file):    2682340 kB
Inactive(file):  3955328 kB
Unevictable:        5576 kB
Mlocked:            5576 kB
SwapTotal:       3145724 kB
SwapFree:        3117540 kB
Dirty:              4748 kB
Writeback:             0 kB
AnonPages:       1928352 kB
Mapped:           599628 kB
Shmem:             44348 kB
KReclaimable:     521320 kB
Slab:             235684 kB
SReclaimable:      83212 kB
SUnreclaim:       152472 kB
KernelStack:       53024 kB
PageTables:        67316 kB
NFS_Unstable:          0 kB
Bounce:                0 kB
WritebackTmp:          0 kB
CommitLimit:     9202292 kB
Committed_AS:   69593016 kB
VmallocTotal:   263061440 kB
VmallocUsed:      110276 kB
VmallocChunk:          0 kB
Percpu:             7616 kB
CmaTotal:         294912 kB
CmaFree:               0 kB
MemTotal:       12113140 kB
MemFree:          690300 kB
MemAvailable:    6980568 kB
Buffers:            5560 kB
Cached:          6680992 kB
SwapCached:         1680 kB
Active:          4030256 kB
Inactive:        4581436 kB
Active(anon):    1347916 kB
Inactive(anon):   626108 kB
Active(file):    2682340 kB
Inactive(file):  3955328 kB
Unevictable:        5576 kB
Mlocked:            5576 kB
SwapTotal:       3145724 kB
SwapFree:        3117540 kB
Dirty:              4440 kB
Writeback:             0 kB
AnonPages:       1929120 kB
Mapped:           599628 kB
Shmem:             44348 kB
KReclaimable:     521304 kB
Slab:             235668 kB
SReclaimable:      83196 kB
SUnreclaim:       152472 kB
KernelStack:       53040 kB
PageTables:        67312 kB
NFS_Unstable:          0 kB
Bounce:                0 kB
WritebackTmp:          0 kB
CommitLimit:     9202292 kB
Committed_AS:   69592660 kB
VmallocTotal:   263061440 kB
VmallocUsed:      110276 kB
VmallocChunk:          0 kB
Percpu:             7616 kB
CmaTotal:         294912 kB
CmaFree:               0 kB
MemTotal:       12113140 kB
MemFree:          689676 kB
MemAvailable:    6979944 kB
Buffers:            5560 kB
Cached:          6680992 kB
SwapCached:         1680 kB
Active:          4030368 kB
Inactive:        4581436 kB
Active(anon):    1348028 kB
Inactive(anon):   626108 kB
Active(file):    2682340 kB
Inactive(file):  3955328 kB
Unevictable:        5576 kB
Mlocked:            5576 kB
SwapTotal:       3145724 kB
SwapFree:        3117540 kB
Dirty:              4448 kB
Writeback:             0 kB
AnonPages:       1929340 kB
Mapped:           599628 kB
Shmem:             44348 kB
KReclaimable:     521304 kB
Slab:             235668 kB
SReclaimable:      83196 kB
SUnreclaim:       152472 kB
KernelStack:       53040 kB
PageTables:        67332 kB
NFS_Unstable:          0 kB
Bounce:                0 kB
WritebackTmp:          0 kB
CommitLimit:     9202292 kB
Committed_AS:   69594100 kB
VmallocTotal:   263061440 kB
VmallocUsed:      110260 kB
VmallocChunk:          0 kB
Percpu:             7616 kB
CmaTotal:         294912 kB
CmaFree:               0 kB
MemTotal:       12113140 kB
MemFree:          690152 kB
MemAvailable:    6980420 kB
Buffers:            5560 kB
Cached:          6680992 kB
SwapCached:         1680 kB
Active:          4030056 kB
Inactive:        4581436 kB
Active(anon):    1347716 kB
Inactive(anon):   626108 kB
Active(file):    2682340 kB
Inactive(file):  3955328 kB
Unevictable:        5576 kB
Mlocked:            5576 kB
SwapTotal:       3145724 kB
SwapFree:        3117540 kB
Dirty:              4456 kB
Writeback:             0 kB
AnonPages:       1928856 kB
Mapped:           599644 kB
Shmem:             44348 kB
KReclaimable:     521304 kB
Slab:             235660 kB
SReclaimable:      83196 kB
SUnreclaim:       152464 kB
KernelStack:       52976 kB
PageTables:        67192 kB
NFS_Unstable:          0 kB
Bounce:                0 kB
WritebackTmp:          0 kB
CommitLimit:     9202292 kB
Committed_AS:   69585324 kB
VmallocTotal:   263061440 kB
VmallocUsed:      110212 kB
VmallocChunk:          0 kB
Percpu:             7616 kB
CmaTotal:         294912 kB
CmaFree:               0 kB
MemTotal:       12113140 kB
MemFree:          690792 kB
MemAvailable:    6981036 kB
Buffers:            5560 kB
Cached:          6680992 kB
SwapCached:         1680 kB
Active:          4030400 kB
Inactive:        4581308 kB
Active(anon):    1347932 kB
Inactive(anon):   626108 kB
Active(file):    2682468 kB
Inactive(file):  3955200 kB
Unevictable:        5576 kB
Mlocked:            5576 kB
SwapTotal:       3145724 kB
SwapFree:        3117540 kB
Dirty:              4476 kB
Writeback:             0 kB
AnonPages:       1929168 kB
Mapped:           599612 kB
Shmem:             44348 kB
KReclaimable:     521280 kB
Slab:             235660 kB
SReclaimable:      83196 kB
SUnreclaim:       152464 kB
KernelStack:       52916 kB
PageTables:        67620 kB
NFS_Unstable:          0 kB
Bounce:                0 kB
WritebackTmp:          0 kB
CommitLimit:     9202292 kB
Committed_AS:   69597272 kB
VmallocTotal:   263061440 kB
VmallocUsed:      110052 kB
VmallocChunk:          0 kB
Percpu:             7616 kB
CmaTotal:         294912 kB
CmaFree:               0 kB
MemTotal:       12113140 kB
MemFree:          690484 kB
MemAvailable:    6980728 kB
Buffers:            5560 kB
Cached:          6680992 kB
SwapCached:         1680 kB
Active:          4030148 kB
Inactive:        4581308 kB
Active(anon):    1347680 kB
Inactive(anon):   626108 kB
Active(file):    2682468 kB
Inactive(file):  3955200 kB
Unevictable:        5576 kB
Mlocked:            5576 kB
SwapTotal:       3145724 kB
SwapFree:        3117540 kB
Dirty:              4488 kB
Writeback:             0 kB
AnonPages:       1928900 kB
Mapped:           599472 kB
Shmem:             44348 kB
KReclaimable:     521280 kB
Slab:             235660 kB
SReclaimable:      83196 kB
SUnreclaim:       152464 kB
KernelStack:       52832 kB
PageTables:        67280 kB
NFS_Unstable:          0 kB
Bounce:                0 kB
WritebackTmp:          0 kB
CommitLimit:     9202292 kB
Committed_AS:   69590888 kB
VmallocTotal:   263061440 kB
VmallocUsed:      110036 kB
VmallocChunk:          0 kB
Percpu:             7616 kB
CmaTotal:         294912 kB
CmaFree:               0 kB
MemTotal:       12113140 kB
MemFree:          690408 kB
MemAvailable:    6980660 kB
Buffers:            5560 kB
Cached:          6680992 kB
SwapCached:         1680 kB
Active:          4030756 kB
Inactive:        4581180 kB
Active(anon):    1348160 kB
Inactive(anon):   626108 kB
Active(file):    2682596 kB
Inactive(file):  3955072 kB
Unevictable:        5576 kB
Mlocked:            5576 kB
SwapTotal:       3145724 kB
SwapFree:        3117540 kB
Dirty:              4348 kB
Writeback:             0 kB
AnonPages:       1929036 kB
Mapped:           599656 kB
Shmem:             44348 kB
KReclaimable:     521288 kB
Slab:             235676 kB
SReclaimable:      83212 kB
SUnreclaim:       152464 kB
KernelStack:       52848 kB
PageTables:        67360 kB
NFS_Unstable:          0 kB
Bounce:                0 kB
WritebackTmp:          0 kB
CommitLimit:     9202292 kB
Committed_AS:   69594984 kB
VmallocTotal:   263061440 kB
VmallocUsed:      110052 kB
VmallocChunk:          0 kB
Percpu:             7616 kB
CmaTotal:         294912 kB
CmaFree:               0 kB
MemTotal:       12113140 kB
MemFree:          690028 kB
MemAvailable:    6980284 kB
Buffers:            5560 kB
Cached:          6680996 kB
SwapCached:         1680 kB
Active:          4030660 kB
Inactive:        4581184 kB
Active(anon):    1348064 kB
Inactive(anon):   626108 kB
Active(file):    2682596 kB
Inactive(file):  3955076 kB
Unevictable:        5576 kB
Mlocked:            5576 kB
SwapTotal:       3145724 kB
SwapFree:        3117540 kB
Dirty:              4368 kB
Writeback:             0 kB
AnonPages:       1929444 kB
Mapped:           599656 kB
Shmem:             44348 kB
KReclaimable:     521288 kB
Slab:             235676 kB
SReclaimable:      83212 kB
SUnreclaim:       152464 kB
KernelStack:       52832 kB
PageTables:        67320 kB
NFS_Unstable:          0 kB
Bounce:                0 kB
WritebackTmp:          0 kB
CommitLimit:     9202292 kB
Committed_AS:   69594776 kB
VmallocTotal:   263061440 kB
VmallocUsed:      110004 kB
VmallocChunk:          0 kB
Percpu:             7616 kB
CmaTotal:         294912 kB
CmaFree:               0 kB
MemTotal:       12113140 kB
MemFree:          705200 kB
MemAvailable:    6995440 kB
Buffers:            5560 kB
Cached:          6680996 kB
SwapCached:         1680 kB
Active:          4014320 kB
Inactive:        4581184 kB
Active(anon):    1331724 kB
Inactive(anon):   626108 kB
Active(file):    2682596 kB
Inactive(file):  3955076 kB
Unevictable:        5576 kB
Mlocked:            5576 kB
SwapTotal:       3145724 kB
SwapFree:        3117540 kB
Dirty:              4372 kB
Writeback:             0 kB
AnonPages:       1912920 kB
Mapped:           596920 kB
Shmem:             44348 kB
KReclaimable:     521272 kB
Slab:             235660 kB
SReclaimable:      83196 kB
SUnreclaim:       152464 kB
KernelStack:       52816 kB
PageTables:        67252 kB
NFS_Unstable:          0 kB
Bounce:                0 kB
WritebackTmp:          0 kB
CommitLimit:     9202292 kB
Committed_AS:   69591116 kB
VmallocTotal:   263061440 kB
VmallocUsed:      110004 kB
VmallocChunk:          0 kB
Percpu:             7616 kB
CmaTotal:         294912 kB
CmaFree:               0 kB
MemTotal:       12113140 kB
MemFree:          707532 kB
MemAvailable:    6997788 kB
Buffers:            5560 kB
Cached:          6680996 kB
SwapCached:         1680 kB
Active:          4014280 kB
Inactive:        4581184 kB
Active(anon):    1331684 kB
Inactive(anon):   626108 kB
Active(file):    2682596 kB
Inactive(file):  3955076 kB
Unevictable:        5576 kB
Mlocked:            5576 kB
SwapTotal:       3145724 kB
SwapFree:        3117540 kB
Dirty:              4372 kB
Writeback:             0 kB
AnonPages:       1912680 kB
Mapped:           596920 kB
Shmem:             44348 kB
KReclaimable:     521288 kB
Slab:             235684 kB
SReclaimable:      83212 kB
SUnreclaim:       152472 kB
KernelStack:       52768 kB
PageTables:        67312 kB
NFS_Unstable:          0 kB
Bounce:                0 kB
WritebackTmp:          0 kB
CommitLimit:     9202292 kB
Committed_AS:   69584656 kB
VmallocTotal:   263061440 kB
VmallocUsed:      110036 kB
VmallocChunk:          0 kB
Percpu:             7616 kB
CmaTotal:         294912 kB
CmaFree:              40 kB
MemTotal:       12113140 kB
MemFree:          706748 kB
MemAvailable:    6997004 kB
Buffers:            5560 kB
Cached:          6680996 kB
SwapCached:         1680 kB
Active:          4014864 kB
Inactive:        4581056 kB
Active(anon):    1332140 kB
Inactive(anon):   626108 kB
Active(file):    2682724 kB
Inactive(file):  3954948 kB
Unevictable:        5576 kB
Mlocked:            5576 kB
SwapTotal:       3145724 kB
SwapFree:        3117540 kB
Dirty:              4372 kB
Writeback:             0 kB
AnonPages:       1913412 kB
Mapped:           596936 kB
Shmem:             44348 kB
KReclaimable:     521288 kB
Slab:             235684 kB
SReclaimable:      83212 kB
SUnreclaim:       152472 kB
KernelStack:       52800 kB
PageTables:        67156 kB
NFS_Unstable:          0 kB
Bounce:                0 kB
WritebackTmp:          0 kB
CommitLimit:     9202292 kB
Committed_AS:   69586460 kB
VmallocTotal:   263061440 kB
VmallocUsed:      110004 kB
VmallocChunk:          0 kB
Percpu:             7616 kB
CmaTotal:         294912 kB
CmaFree:               0 kB
MemTotal:       12113140 kB
MemFree:          707104 kB
MemAvailable:    6997364 kB
Buffers:            5560 kB
Cached:          6681000 kB
SwapCached:         1680 kB
Active:          4014260 kB
Inactive:        4581060 kB
Active(anon):    1331536 kB
Inactive(anon):   626108 kB
Active(file):    2682724 kB
Inactive(file):  3954952 kB
Unevictable:        5576 kB
Mlocked:            5576 kB
SwapTotal:       3145724 kB
SwapFree:        3117540 kB
Dirty:              2444 kB
Writeback:             0 kB
AnonPages:       1912448 kB
Mapped:           596996 kB
Shmem:             44348 kB
KReclaimable:     521288 kB
Slab:             235684 kB
SReclaimable:      83212 kB
SUnreclaim:       152472 kB
KernelStack:       52836 kB
PageTables:        67332 kB
NFS_Unstable:          0 kB
Bounce:                0 kB
WritebackTmp:          0 kB
CommitLimit:     9202292 kB
Committed_AS:   69583976 kB
VmallocTotal:   263061440 kB
VmallocUsed:      110052 kB
VmallocChunk:          0 kB
Percpu:             7616 kB
CmaTotal:         294912 kB
CmaFree:               0 kB
MemTotal:       12113140 kB
MemFree:          704668 kB
MemAvailable:    6992336 kB
Buffers:            5560 kB
Cached:          6681000 kB
SwapCached:         1680 kB
Active:          4017420 kB
Inactive:        4580932 kB
Active(anon):    1334568 kB
Inactive(anon):   626108 kB
Active(file):    2682852 kB
Inactive(file):  3954824 kB
Unevictable:        5576 kB
Mlocked:            5576 kB
SwapTotal:       3145724 kB
SwapFree:        3117540 kB
Dirty:              2444 kB
Writeback:             0 kB
AnonPages:       1916212 kB
Mapped:           596932 kB
Shmem:             44348 kB
KReclaimable:     518696 kB
Slab:             235684 kB
SReclaimable:      83212 kB
SUnreclaim:       152472 kB
KernelStack:       52816 kB
PageTables:        67264 kB
NFS_Unstable:          0 kB
Bounce:                0 kB
WritebackTmp:          0 kB
CommitLimit:     9202292 kB
Committed_AS:   69590688 kB
VmallocTotal:   263061440 kB
VmallocUsed:      110052 kB
VmallocChunk:          0 kB
Percpu:             7616 kB
CmaTotal:         294912 kB
CmaFree:               4 kB
MemTotal:       12113140 kB
MemFree:          668196 kB
MemAvailable:    6955216 kB
Buffers:            5560 kB
Cached:          6681144 kB
SwapCached:         1680 kB
Active:          4056196 kB
Inactive:        4581100 kB
Active(anon):    1373344 kB
Inactive(anon):   626276 kB
Active(file):    2682852 kB
Inactive(file):  3954824 kB
Unevictable:        5576 kB
Mlocked:            5576 kB
SwapTotal:       3145724 kB
SwapFree:        3117540 kB
Dirty:              2468 kB
Writeback:             0 kB
AnonPages:       1954520 kB
Mapped:           597228 kB
Shmem:             44492 kB
KReclaimable:     518048 kB
Slab:             235684 kB
SReclaimable:      83212 kB
SUnreclaim:       152472 kB
KernelStack:       52868 kB
PageTables:        67468 kB
NFS_Unstable:          0 kB
Bounce:                0 kB
WritebackTmp:          0 kB
CommitLimit:     9202292 kB
Committed_AS:   69603932 kB
VmallocTotal:   263061440 kB
VmallocUsed:      110052 kB
VmallocChunk:          0 kB
Percpu:             7616 kB
CmaTotal:         294912 kB
CmaFree:               4 kB
MemTotal:       12113140 kB
MemFree:          662964 kB
MemAvailable:    6949984 kB
Buffers:            5560 kB
Cached:          6681188 kB
SwapCached:         1680 kB
Active:          4058824 kB
Inactive:        4580932 kB
Active(anon):    1375972 kB
Inactive(anon):   626108 kB
Active(file):    2682852 kB
Inactive(file):  3954824 kB
Unevictable:        5576 kB
Mlocked:            5576 kB
SwapTotal:       3145724 kB
SwapFree:        3117540 kB
Dirty:              2468 kB
Writeback:             0 kB
AnonPages:       1957224 kB
Mapped:           596932 kB
Shmem:             44536 kB
KReclaimable:     518048 kB
Slab:             235684 kB
SReclaimable:      83212 kB
SUnreclaim:       152472 kB
KernelStack:       52816 kB
PageTables:        67184 kB
NFS_Unstable:          0 kB
Bounce:                0 kB
WritebackTmp:          0 kB
CommitLimit:     9202292 kB
Committed_AS:   69602700 kB
VmallocTotal:   263061440 kB
VmallocUsed:      110020 kB
VmallocChunk:          0 kB
Percpu:             7616 kB
CmaTotal:         294912 kB
CmaFree:               0 kB
MemTotal:       12113140 kB
MemFree:          662952 kB
MemAvailable:    6949972 kB
Buffers:            5560 kB
Cached:          6681000 kB
SwapCached:         1680 kB
Active:          4058980 kB
Inactive:        4580804 kB
Active(anon):    1376000 kB
Inactive(anon):   626108 kB
Active(file):    2682980 kB
Inactive(file):  3954696 kB
Unevictable:        5576 kB
Mlocked:            5576 kB
SwapTotal:       3145724 kB
SwapFree:        3117540 kB
Dirty:              2472 kB
Writeback:             0 kB
AnonPages:       1957396 kB
Mapped:           596932 kB
Shmem:             44348 kB
KReclaimable:     518048 kB
Slab:             235684 kB
SReclaimable:      83212 kB
SUnreclaim:       152472 kB
KernelStack:       52816 kB
PageTables:        67272 kB
NFS_Unstable:          0 kB
Bounce:                0 kB
WritebackTmp:          0 kB
CommitLimit:     9202292 kB
Committed_AS:   69599088 kB
VmallocTotal:   263061440 kB
VmallocUsed:      110036 kB
VmallocChunk:          0 kB
Percpu:             7616 kB
CmaTotal:         294912 kB
CmaFree:              16 kB
MemTotal:       12113140 kB
MemFree:          661628 kB
MemAvailable:    6948608 kB
Buffers:            5560 kB
Cached:          6681000 kB
SwapCached:         1680 kB
Active:          4058816 kB
Inactive:        4580804 kB
Active(anon):    1375836 kB
Inactive(anon):   626108 kB
Active(file):    2682980 kB
Inactive(file):  3954696 kB
Unevictable:        5576 kB
Mlocked:            5576 kB
SwapTotal:       3145724 kB
SwapFree:        3117540 kB
Dirty:              2160 kB
Writeback:             0 kB
AnonPages:       1956940 kB
Mapped:           597128 kB
Shmem:             44348 kB
KReclaimable:     518008 kB
Slab:             235672 kB
SReclaimable:      83196 kB
SUnreclaim:       152476 kB
KernelStack:       52800 kB
PageTables:        67084 kB
NFS_Unstable:          0 kB
Bounce:                0 kB
WritebackTmp:          0 kB
CommitLimit:     9202292 kB
Committed_AS:   69598360 kB
VmallocTotal:   263061440 kB
VmallocUsed:      110020 kB
VmallocChunk:          0 kB
Percpu:             7616 kB
CmaTotal:         294912 kB
CmaFree:               0 kB
MemTotal:       12113140 kB
MemFree:          687076 kB
MemAvailable:    6975348 kB
Buffers:            5560 kB
Cached:          6681000 kB
SwapCached:         1680 kB
Active:          4033120 kB
Inactive:        4580684 kB
Active(anon):    1350020 kB
Inactive(anon):   626108 kB
Active(file):    2683100 kB
Inactive(file):  3954576 kB
Unevictable:        5576 kB
Mlocked:            5576 kB
SwapTotal:       3145724 kB
SwapFree:        3117540 kB
Dirty:              2172 kB
Writeback:             0 kB
AnonPages:       1931388 kB
Mapped:           597152 kB
Shmem:             44348 kB
KReclaimable:     519300 kB
Slab:             235672 kB
SReclaimable:      83196 kB
SUnreclaim:       152476 kB
KernelStack:       52768 kB
PageTables:        67252 kB
NFS_Unstable:          0 kB
Bounce:                0 kB
WritebackTmp:          0 kB
CommitLimit:     9202292 kB
Committed_AS:   69612640 kB
VmallocTotal:   263061440 kB
VmallocUsed:      110036 kB
VmallocChunk:          0 kB
Percpu:             7616 kB
CmaTotal:         294912 kB
CmaFree:               0 kB
MemTotal:       12113140 kB
MemFree:          687016 kB
MemAvailable:    6975292 kB
Buffers:            5560 kB
Cached:          6681000 kB
SwapCached:         1680 kB
Active:          4033584 kB
Inactive:        4580676 kB
Active(anon):    1350476 kB
Inactive(anon):   626108 kB
Active(file):    2683108 kB
Inactive(file):  3954568 kB
Unevictable:        5576 kB
Mlocked:            5576 kB
SwapTotal:       3145724 kB
SwapFree:        3117540 kB
Dirty:              2172 kB
Writeback:             0 kB
AnonPages:       1931556 kB
Mapped:           597192 kB
Shmem:             44348 kB
KReclaimable:     519304 kB
Slab:             235672 kB
SReclaimable:      83196 kB
SUnreclaim:       152476 kB
KernelStack:       52832 kB
PageTables:        67096 kB
NFS_Unstable:          0 kB
Bounce:                0 kB
WritebackTmp:          0 kB
CommitLimit:     9202292 kB
Committed_AS:   69607296 kB
VmallocTotal:   263061440 kB
VmallocUsed:      110036 kB
VmallocChunk:          0 kB
Percpu:             7616 kB
CmaTotal:         294912 kB
CmaFree:               0 kB
MemTotal:       12113140 kB
MemFree:          687676 kB
MemAvailable:    6975952 kB
Buffers:            5560 kB
Cached:          6681000 kB
SwapCached:         1680 kB
Active:          4033424 kB
Inactive:        4580676 kB
Active(anon):    1350316 kB
Inactive(anon):   626108 kB
Active(file):    2683108 kB
Inactive(file):  3954568 kB
Unevictable:        5576 kB
Mlocked:            5576 kB
SwapTotal:       3145724 kB
SwapFree:        3117540 kB
Dirty:              2184 kB
Writeback:             0 kB
AnonPages:       1931768 kB
Mapped:           597204 kB
Shmem:             44348 kB
KReclaimable:     519304 kB
Slab:             235672 kB
SReclaimable:      83196 kB
SUnreclaim:       152476 kB
KernelStack:       52736 kB
PageTables:        67124 kB
NFS_Unstable:          0 kB
Bounce:                0 kB
WritebackTmp:          0 kB
CommitLimit:     9202292 kB
Committed_AS:   69608364 kB
VmallocTotal:   263061440 kB
VmallocUsed:      109988 kB
VmallocChunk:          0 kB
Percpu:             7616 kB
CmaTotal:         294912 kB
CmaFree:               0 kB
MemTotal:       12113140 kB
MemFree:          688716 kB
MemAvailable:    6976992 kB
Buffers:            5560 kB
Cached:          6681000 kB
SwapCached:         1680 kB
Active:          4033792 kB
Inactive:        4580544 kB
Active(anon):    1350552 kB
Inactive(anon):   626108 kB
Active(file):    2683240 kB
Inactive(file):  3954436 kB
Unevictable:        5576 kB
Mlocked:            5576 kB
SwapTotal:       3145724 kB
SwapFree:        3117540 kB
Dirty:              2184 kB
Writeback:             0 kB
AnonPages:       1931800 kB
Mapped:           597216 kB
Shmem:             44348 kB
KReclaimable:     519304 kB
Slab:             235672 kB
SReclaimable:      83196 kB
SUnreclaim:       152476 kB
KernelStack:       52752 kB
PageTables:        67268 kB
NFS_Unstable:          0 kB
Bounce:                0 kB
WritebackTmp:          0 kB
CommitLimit:     9202292 kB
Committed_AS:   69597464 kB
VmallocTotal:   263061440 kB
VmallocUsed:      109924 kB
VmallocChunk:          0 kB
Percpu:             7616 kB
CmaTotal:         294912 kB
CmaFree:               0 kB
MemTotal:       12113140 kB
MemFree:          687568 kB
MemAvailable:    6975864 kB
Buffers:            5560 kB
Cached:          6681004 kB
SwapCached:         1680 kB
Active:          4034264 kB
Inactive:        4580548 kB
Active(anon):    1351024 kB
Inactive(anon):   626108 kB
Active(file):    2683240 kB
Inactive(file):  3954440 kB
Unevictable:        5576 kB
Mlocked:            5576 kB
SwapTotal:       3145724 kB
SwapFree:        3117540 kB
Dirty:               392 kB
Writeback:             0 kB
AnonPages:       1932280 kB
Mapped:           597232 kB
Shmem:             44348 kB
KReclaimable:     519320 kB
Slab:             235688 kB
SReclaimable:      83212 kB
SUnreclaim:       152476 kB
KernelStack:       52784 kB
PageTables:        67628 kB
NFS_Unstable:          0 kB
Bounce:                0 kB
WritebackTmp:          0 kB
CommitLimit:     9202292 kB
Committed_AS:   69602256 kB
VmallocTotal:   263061440 kB
VmallocUsed:      109972 kB
VmallocChunk:          0 kB
Percpu:             7616 kB
CmaTotal:         294912 kB
CmaFree:               0 kB
MemTotal:       12113140 kB
MemFree:          688572 kB
MemAvailable:    6976872 kB
Buffers:            5560 kB
Cached:          6681008 kB
SwapCached:         1680 kB
Active:          4033556 kB
Inactive:        4580552 kB
Active(anon):    1350316 kB
Inactive(anon):   626108 kB
Active(file):    2683240 kB
Inactive(file):  3954444 kB
Unevictable:        5576 kB
Mlocked:            5576 kB
SwapTotal:       3145724 kB
SwapFree:        3117540 kB
Dirty:               396 kB
Writeback:             0 kB
AnonPages:       1931740 kB
Mapped:           597424 kB
Shmem:             44348 kB
KReclaimable:     519320 kB
Slab:             235688 kB
SReclaimable:      83212 kB
SUnreclaim:       152476 kB
KernelStack:       52800 kB
PageTables:        67240 kB
NFS_Unstable:          0 kB
Bounce:                0 kB
WritebackTmp:          0 kB
CommitLimit:     9202292 kB
Committed_AS:   69591248 kB
VmallocTotal:   263061440 kB
VmallocUsed:      109940 kB
VmallocChunk:          0 kB
Percpu:             7616 kB
CmaTotal:         294912 kB
CmaFree:             128 kB
MemTotal:       12113140 kB
MemFree:          688972 kB
MemAvailable:    6977272 kB
Buffers:            5560 kB
Cached:          6681008 kB
SwapCached:         1680 kB
Active:          4034056 kB
Inactive:        4580316 kB
Active(anon):    1350580 kB
Inactive(anon):   626108 kB
Active(file):    2683476 kB
Inactive(file):  3954208 kB
Unevictable:        5576 kB
Mlocked:            5576 kB
SwapTotal:       3145724 kB
SwapFree:        3117540 kB
Dirty:               440 kB
Writeback:             0 kB
AnonPages:       1931648 kB
Mapped:           597244 kB
Shmem:             44348 kB
KReclaimable:     519320 kB
Slab:             235688 kB
SReclaimable:      83212 kB
SUnreclaim:       152476 kB
KernelStack:       52752 kB
PageTables:        67308 kB
NFS_Unstable:          0 kB
Bounce:                0 kB
WritebackTmp:          0 kB
CommitLimit:     9202292 kB
Committed_AS:   69595628 kB
VmallocTotal:   263061440 kB
VmallocUsed:      109876 kB
VmallocChunk:          0 kB
Percpu:             7616 kB
CmaTotal:         294912 kB
CmaFree:               0 kB
MemTotal:       12113140 kB
MemFree:          689112 kB
MemAvailable:    6977412 kB
Buffers:            5560 kB
Cached:          6681008 kB
SwapCached:         1680 kB
Active:          4033972 kB
Inactive:        4580316 kB
Active(anon):    1350496 kB
Inactive(anon):   626108 kB
Active(file):    2683476 kB
Inactive(file):  3954208 kB
Unevictable:        5576 kB
Mlocked:            5576 kB
SwapTotal:       3145724 kB
SwapFree:        3117540 kB
Dirty:               440 kB
Writeback:             0 kB
AnonPages:       1931532 kB
Mapped:           597440 kB
Shmem:             44348 kB
KReclaimable:     519320 kB
Slab:             235688 kB
SReclaimable:      83212 kB
SUnreclaim:       152476 kB
KernelStack:       52816 kB
PageTables:        67240 kB
NFS_Unstable:          0 kB
Bounce:                0 kB
WritebackTmp:          0 kB
CommitLimit:     9202292 kB
Committed_AS:   69598468 kB
VmallocTotal:   263061440 kB
VmallocUsed:      109876 kB
VmallocChunk:          0 kB
Percpu:             7616 kB
CmaTotal:         294912 kB
CmaFree:               0 kB
MemTotal:       12113140 kB
MemFree:          687152 kB
MemAvailable:    6973400 kB
Buffers:            5560 kB
Cached:          6681008 kB
SwapCached:         1680 kB
Active:          4035264 kB
Inactive:        4580316 kB
Active(anon):    1351788 kB
Inactive(anon):   626108 kB
Active(file):    2683476 kB
Inactive(file):  3954208 kB
Unevictable:        5576 kB
Mlocked:            5576 kB
SwapTotal:       3145724 kB
SwapFree:        3117540 kB
Dirty:               440 kB
Writeback:             0 kB
AnonPages:       1932960 kB
Mapped:           597248 kB
Shmem:             44348 kB
KReclaimable:     517268 kB
Slab:             235688 kB
SReclaimable:      83212 kB
SUnreclaim:       152476 kB
KernelStack:       52768 kB
PageTables:        67196 kB
NFS_Unstable:          0 kB
Bounce:                0 kB
WritebackTmp:          0 kB
CommitLimit:     9202292 kB
Committed_AS:   69598020 kB
VmallocTotal:   263061440 kB
VmallocUsed:      109876 kB
VmallocChunk:          0 kB
Percpu:             7616 kB
CmaTotal:         294912 kB
CmaFree:               0 kB
MemTotal:       12113140 kB
MemFree:          687100 kB
MemAvailable:    6973348 kB
Buffers:            5560 kB
Cached:          6681008 kB
SwapCached:         1680 kB
Active:          4034848 kB
Inactive:        4580196 kB
Active(anon):    1351252 kB
Inactive(anon):   626108 kB
Active(file):    2683596 kB
Inactive(file):  3954088 kB
Unevictable:        5576 kB
Mlocked:            5576 kB
SwapTotal:       3145724 kB
SwapFree:        3117540 kB
Dirty:               456 kB
Writeback:             0 kB
AnonPages:       1932756 kB
Mapped:           597248 kB
Shmem:             44348 kB
KReclaimable:     517268 kB
Slab:             235688 kB
SReclaimable:      83212 kB
SUnreclaim:       152476 kB
KernelStack:       52768 kB
PageTables:        67268 kB
NFS_Unstable:          0 kB
Bounce:                0 kB
WritebackTmp:          0 kB
CommitLimit:     9202292 kB
Committed_AS:   69597624 kB
VmallocTotal:   263061440 kB
VmallocUsed:      109876 kB
VmallocChunk:          0 kB
Percpu:             7616 kB
CmaTotal:         294912 kB
CmaFree:               0 kB
MemTotal:       12113140 kB
MemFree:          687644 kB
MemAvailable:    6973892 kB
Buffers:            5560 kB
Cached:          6681008 kB
SwapCached:         1680 kB
Active:          4034544 kB
Inactive:        4580188 kB
Active(anon):    1350940 kB
Inactive(anon):   626108 kB
Active(file):    2683604 kB
Inactive(file):  3954080 kB
Unevictable:        5576 kB
Mlocked:            5576 kB
SwapTotal:       3145724 kB
SwapFree:        3117540 kB
Dirty:               460 kB
Writeback:             0 kB
AnonPages:       1932012 kB
Mapped:           597312 kB
Shmem:             44348 kB
KReclaimable:     517268 kB
Slab:             235688 kB
SReclaimable:      83212 kB
SUnreclaim:       152476 kB
KernelStack:       52752 kB
PageTables:        67132 kB
NFS_Unstable:          0 kB
Bounce:                0 kB
WritebackTmp:          0 kB
CommitLimit:     9202292 kB
Committed_AS:   69592468 kB
VmallocTotal:   263061440 kB
VmallocUsed:      109860 kB
VmallocChunk:          0 kB
Percpu:             7616 kB
CmaTotal:         294912 kB
CmaFree:               0 kB
MemTotal:       12113140 kB
MemFree:          687676 kB
MemAvailable:    6973924 kB
Buffers:            5560 kB
Cached:          6681008 kB
SwapCached:         1680 kB
Active:          4034564 kB
Inactive:        4580188 kB
Active(anon):    1350960 kB
Inactive(anon):   626108 kB
Active(file):    2683604 kB
Inactive(file):  3954080 kB
Unevictable:        5576 kB
Mlocked:            5576 kB
SwapTotal:       3145724 kB
SwapFree:        3117540 kB
Dirty:               476 kB
Writeback:             0 kB
AnonPages:       1932228 kB
Mapped:           597312 kB
Shmem:             44348 kB
KReclaimable:     517268 kB
Slab:             235688 kB
SReclaimable:      83212 kB
SUnreclaim:       152476 kB
KernelStack:       52768 kB
PageTables:        67404 kB
NFS_Unstable:          0 kB
Bounce:                0 kB
WritebackTmp:          0 kB
CommitLimit:     9202292 kB
Committed_AS:   69590636 kB
VmallocTotal:   263061440 kB
VmallocUsed:      109844 kB
VmallocChunk:          0 kB
Percpu:             7616 kB
CmaTotal:         294912 kB
CmaFree:               0 kB
MemTotal:       12113140 kB
MemFree:          687448 kB
MemAvailable:    6973696 kB
Buffers:            5560 kB
Cached:          6681008 kB
SwapCached:         1680 kB
Active:          4034756 kB
Inactive:        4580060 kB
Active(anon):    1351024 kB
Inactive(anon):   626108 kB
Active(file):    2683732 kB
Inactive(file):  3953952 kB
Unevictable:        5576 kB
Mlocked:            5576 kB
SwapTotal:       3145724 kB
SwapFree:        3117540 kB
Dirty:               476 kB
Writeback:             0 kB
AnonPages:       1932528 kB
Mapped:           597312 kB
Shmem:             44348 kB
KReclaimable:     517268 kB
Slab:             235688 kB
SReclaimable:      83212 kB
SUnreclaim:       152476 kB
KernelStack:       52752 kB
PageTables:        67260 kB
NFS_Unstable:          0 kB
Bounce:                0 kB
WritebackTmp:          0 kB
CommitLimit:     9202292 kB
Committed_AS:   69590600 kB
VmallocTotal:   263061440 kB
VmallocUsed:      109892 kB
VmallocChunk:          0 kB
Percpu:             7616 kB
CmaTotal:         294912 kB
CmaFree:               0 kB
MemTotal:       12113140 kB
MemFree:          619240 kB
MemAvailable:    6967724 kB
Buffers:            5560 kB
Cached:          6681280 kB
SwapCached:         1680 kB
Active:          4039292 kB
Inactive:        4580300 kB
Active(anon):    1355560 kB
Inactive(anon):   626348 kB
Active(file):    2683732 kB
Inactive(file):  3953952 kB
Unevictable:        5576 kB
Mlocked:            5576 kB
SwapTotal:       3145724 kB
SwapFree:        3117540 kB
Dirty:               504 kB
Writeback:             0 kB
AnonPages:       1936868 kB
Mapped:           596920 kB
Shmem:             44620 kB
KReclaimable:     579504 kB
Slab:             235708 kB
SReclaimable:      83228 kB
SUnreclaim:       152480 kB
KernelStack:       52784 kB
PageTables:        67288 kB
NFS_Unstable:          0 kB
Bounce:                0 kB
WritebackTmp:          0 kB
CommitLimit:     9202292 kB
Committed_AS:   69612072 kB
VmallocTotal:   263061440 kB
VmallocUsed:      109988 kB
VmallocChunk:          0 kB
Percpu:             7616 kB
CmaTotal:         294912 kB
CmaFree:               0 kB
MemTotal:       12113140 kB
MemFree:          616564 kB
MemAvailable:    6965432 kB
Buffers:            5560 kB
Cached:          6681760 kB
SwapCached:         1680 kB
Active:          4040132 kB
Inactive:        4580652 kB
Active(anon):    1356288 kB
Inactive(anon):   626804 kB
Active(file):    2683844 kB
Inactive(file):  3953848 kB
Unevictable:        5576 kB
Mlocked:            5576 kB
SwapTotal:       3145724 kB
SwapFree:        3117540 kB
Dirty:               544 kB
Writeback:             0 kB
AnonPages:       1937524 kB
Mapped:           597036 kB
Shmem:             45092 kB
KReclaimable:     579880 kB
Slab:             235840 kB
SReclaimable:      83356 kB
SUnreclaim:       152484 kB
KernelStack:       52864 kB
PageTables:        67280 kB
NFS_Unstable:          0 kB
Bounce:                0 kB
WritebackTmp:          0 kB
CommitLimit:     9202292 kB
Committed_AS:   69610488 kB
VmallocTotal:   263061440 kB
VmallocUsed:      109940 kB
VmallocChunk:          0 kB
Percpu:             7616 kB
CmaTotal:         294912 kB
CmaFree:               0 kB
MemTotal:       12113140 kB
MemFree:          614600 kB
MemAvailable:    6963468 kB
Buffers:            5560 kB
Cached:          6682036 kB
SwapCached:         1680 kB
Active:          4041460 kB
Inactive:        4580920 kB
Active(anon):    1357608 kB
Inactive(anon):   627080 kB
Active(file):    2683852 kB
Inactive(file):  3953840 kB
Unevictable:        5576 kB
Mlocked:            5576 kB
SwapTotal:       3145724 kB
SwapFree:        3117540 kB
Dirty:               604 kB
Writeback:             0 kB
AnonPages:       1938776 kB
Mapped:           597028 kB
Shmem:             45368 kB
KReclaimable:     579880 kB
Slab:             235840 kB
SReclaimable:      83356 kB
SUnreclaim:       152484 kB
KernelStack:       52912 kB
PageTables:        67260 kB
NFS_Unstable:          0 kB
Bounce:                0 kB
WritebackTmp:          0 kB
CommitLimit:     9202292 kB
Committed_AS:   69607928 kB
VmallocTotal:   263061440 kB
VmallocUsed:      109956 kB
VmallocChunk:          0 kB
Percpu:             7616 kB
CmaTotal:         294912 kB
CmaFree:               0 kB
MemTotal:       12113140 kB
MemFree:          612428 kB
MemAvailable:    6961296 kB
Buffers:            5560 kB
Cached:          6682048 kB
SwapCached:         1680 kB
Active:          4041536 kB
Inactive:        4580932 kB
Active(anon):    1357684 kB
Inactive(anon):   627092 kB
Active(file):    2683852 kB
Inactive(file):  3953840 kB
Unevictable:        5576 kB
Mlocked:            5576 kB
SwapTotal:       3145724 kB
SwapFree:        3117540 kB
Dirty:               668 kB
Writeback:             0 kB
AnonPages:       1938956 kB
Mapped:           596984 kB
Shmem:             45380 kB
KReclaimable:     579880 kB
Slab:             235840 kB
SReclaimable:      83356 kB
SUnreclaim:       152484 kB
KernelStack:       52848 kB
PageTables:        67316 kB
NFS_Unstable:          0 kB
Bounce:                0 kB
WritebackTmp:          0 kB
CommitLimit:     9202292 kB
Committed_AS:   69611512 kB
VmallocTotal:   263061440 kB
VmallocUsed:      110036 kB
VmallocChunk:          0 kB
Percpu:             7616 kB
CmaTotal:         294912 kB
CmaFree:               0 kB
MemTotal:       12113140 kB
MemFree:          612080 kB
MemAvailable:    6960948 kB
Buffers:            5560 kB
Cached:          6682432 kB
SwapCached:         1680 kB
Active:          4042624 kB
Inactive:        4581188 kB
Active(anon):    1358644 kB
Inactive(anon):   627476 kB
Active(file):    2683980 kB
Inactive(file):  3953712 kB
Unevictable:        5576 kB
Mlocked:            5576 kB
SwapTotal:       3145724 kB
SwapFree:        3117540 kB
Dirty:               684 kB
Writeback:             0 kB
AnonPages:       1939916 kB
Mapped:           597128 kB
Shmem:             45764 kB
KReclaimable:     579880 kB
Slab:             235840 kB
SReclaimable:      83356 kB
SUnreclaim:       152484 kB
KernelStack:       52832 kB
PageTables:        67272 kB
NFS_Unstable:          0 kB
Bounce:                0 kB
WritebackTmp:          0 kB
CommitLimit:     9202292 kB
Committed_AS:   69603084 kB
VmallocTotal:   263061440 kB
VmallocUsed:      109940 kB
VmallocChunk:          0 kB
Percpu:             7616 kB
CmaTotal:         294912 kB
CmaFree:               0 kB
MemTotal:       12113140 kB
MemFree:          633476 kB
MemAvailable:    6988516 kB
Buffers:            5560 kB
Cached:          6682916 kB
SwapCached:         1680 kB
Active:          4020300 kB
Inactive:        4581672 kB
Active(anon):    1336320 kB
Inactive(anon):   627960 kB
Active(file):    2683980 kB
Inactive(file):  3953712 kB
Unevictable:        5576 kB
Mlocked:            5576 kB
SwapTotal:       3145724 kB
SwapFree:        3117540 kB
Dirty:               684 kB
Writeback:             0 kB
AnonPages:       1917340 kB
Mapped:           597160 kB
Shmem:             46248 kB
KReclaimable:     586052 kB
Slab:             235832 kB
SReclaimable:      83356 kB
SUnreclaim:       152476 kB
KernelStack:       52752 kB
PageTables:        67300 kB
NFS_Unstable:          0 kB
Bounce:                0 kB
WritebackTmp:          0 kB
CommitLimit:     9202292 kB
Committed_AS:   69597044 kB
VmallocTotal:   263061440 kB
VmallocUsed:      109892 kB
VmallocChunk:          0 kB
Percpu:             7616 kB
CmaTotal:         294912 kB
CmaFree:               0 kB
MemTotal:       12113140 kB
MemFree:          632276 kB
MemAvailable:    6987316 kB
Buffers:            5560 kB
Cached:          6683140 kB
SwapCached:         1680 kB
Active:          4021476 kB
Inactive:        4581896 kB
Active(anon):    1337496 kB
Inactive(anon):   628184 kB
Active(file):    2683980 kB
Inactive(file):  3953712 kB
Unevictable:        5576 kB
Mlocked:            5576 kB
SwapTotal:       3145724 kB
SwapFree:        3117540 kB
Dirty:               412 kB
Writeback:             0 kB
AnonPages:       1918668 kB
Mapped:           597148 kB
Shmem:             46472 kB
KReclaimable:     586052 kB
Slab:             235832 kB
SReclaimable:      83356 kB
SUnreclaim:       152476 kB
KernelStack:       52720 kB
PageTables:        67236 kB
NFS_Unstable:          0 kB
Bounce:                0 kB
WritebackTmp:          0 kB
CommitLimit:     9202292 kB
Committed_AS:   69579916 kB
VmallocTotal:   263061440 kB
VmallocUsed:      109908 kB
VmallocChunk:          0 kB
Percpu:             7616 kB
CmaTotal:         294912 kB
CmaFree:               0 kB
MemTotal:       12113140 kB
MemFree:          631828 kB
MemAvailable:    6986868 kB
Buffers:            5560 kB
Cached:          6683492 kB
SwapCached:         1680 kB
Active:          4022500 kB
Inactive:        4582120 kB
Active(anon):    1338392 kB
Inactive(anon):   628536 kB
Active(file):    2684108 kB
Inactive(file):  3953584 kB
Unevictable:        5576 kB
Mlocked:            5576 kB
SwapTotal:       3145724 kB
SwapFree:        3117540 kB
Dirty:               360 kB
Writeback:             0 kB
AnonPages:       1919836 kB
Mapped:           597408 kB
Shmem:             46824 kB
KReclaimable:     586052 kB
Slab:             235832 kB
SReclaimable:      83356 kB
SUnreclaim:       152476 kB
KernelStack:       52704 kB
PageTables:        67188 kB
NFS_Unstable:          0 kB
Bounce:                0 kB
WritebackTmp:          0 kB
CommitLimit:     9202292 kB
Committed_AS:   69586876 kB
VmallocTotal:   263061440 kB
VmallocUsed:      109924 kB
VmallocChunk:          0 kB
Percpu:             7616 kB
CmaTotal:         294912 kB
CmaFree:               0 kB
MemTotal:       12113140 kB
MemFree:          630080 kB
MemAvailable:    6985168 kB
Buffers:            5560 kB
Cached:          6683824 kB
SwapCached:         1680 kB
Active:          4023836 kB
Inactive:        4582452 kB
Active(anon):    1339728 kB
Inactive(anon):   628836 kB
Active(file):    2684108 kB
Inactive(file):  3953616 kB
Unevictable:        5576 kB
Mlocked:            5576 kB
SwapTotal:       3145724 kB
SwapFree:        3117540 kB
Dirty:               424 kB
Writeback:             0 kB
AnonPages:       1920716 kB
Mapped:           597272 kB
Shmem:             47124 kB
KReclaimable:     586068 kB
Slab:             235860 kB
SReclaimable:      83372 kB
SUnreclaim:       152488 kB
KernelStack:       52768 kB
PageTables:        67296 kB
NFS_Unstable:          0 kB
Bounce:                0 kB
WritebackTmp:          0 kB
CommitLimit:     9202292 kB
Committed_AS:   69585180 kB
VmallocTotal:   263061440 kB
VmallocUsed:      109924 kB
VmallocChunk:          0 kB
Percpu:             7616 kB
CmaTotal:         294912 kB
CmaFree:               0 kB
MemTotal:       12113140 kB
MemFree:          628508 kB
MemAvailable:    6983596 kB
Buffers:            5560 kB
Cached:          6683872 kB
SwapCached:         1680 kB
Active:          4023948 kB
Inactive:        4582500 kB
Active(anon):    1339840 kB
Inactive(anon):   628884 kB
Active(file):    2684108 kB
Inactive(file):  3953616 kB
Unevictable:        5576 kB
Mlocked:            5576 kB
SwapTotal:       3145724 kB
SwapFree:        3117540 kB
Dirty:               444 kB
Writeback:             0 kB
AnonPages:       1921000 kB
Mapped:           597452 kB
Shmem:             47172 kB
KReclaimable:     586068 kB
Slab:             235860 kB
SReclaimable:      83372 kB
SUnreclaim:       152488 kB
KernelStack:       52804 kB
PageTables:        67380 kB
NFS_Unstable:          0 kB
Bounce:                0 kB
WritebackTmp:          0 kB
CommitLimit:     9202292 kB
Committed_AS:   69585040 kB
VmallocTotal:   263061440 kB
VmallocUsed:      109892 kB
VmallocChunk:          0 kB
Percpu:             7616 kB
CmaTotal:         294912 kB
CmaFree:               0 kB
MemTotal:       12113140 kB
MemFree:          627596 kB
MemAvailable:    6982684 kB
Buffers:            5560 kB
Cached:          6684408 kB
SwapCached:         1680 kB
Active:          4025004 kB
Inactive:        4582908 kB
Active(anon):    1340768 kB
Inactive(anon):   629420 kB
Active(file):    2684236 kB
Inactive(file):  3953488 kB
Unevictable:        5576 kB
Mlocked:            5576 kB
SwapTotal:       3145724 kB
SwapFree:        3117540 kB
Dirty:               492 kB
Writeback:             0 kB
AnonPages:       1921976 kB
Mapped:           597332 kB
Shmem:             47708 kB
KReclaimable:     586068 kB
Slab:             235864 kB
SReclaimable:      83372 kB
SUnreclaim:       152492 kB
KernelStack:       52624 kB
PageTables:        67012 kB
NFS_Unstable:          0 kB
Bounce:                0 kB
WritebackTmp:          0 kB
CommitLimit:     9202292 kB
Committed_AS:   69588448 kB
VmallocTotal:   263061440 kB
VmallocUsed:      109796 kB
VmallocChunk:          0 kB
Percpu:             7616 kB
CmaTotal:         294912 kB
CmaFree:               0 kB
MemTotal:       12113140 kB
MemFree:          645192 kB
MemAvailable:    7001448 kB
Buffers:            5560 kB
Cached:          6678528 kB
SwapCached:         1680 kB
Active:          4011796 kB
Inactive:        4577028 kB
Active(anon):    1327560 kB
Inactive(anon):   623540 kB
Active(file):    2684236 kB
Inactive(file):  3953488 kB
Unevictable:        5576 kB
Mlocked:            5576 kB
SwapTotal:       3145724 kB
SwapFree:        3117540 kB
Dirty:               516 kB
Writeback:             0 kB
AnonPages:       1908836 kB
Mapped:           597332 kB
Shmem:             41828 kB
KReclaimable:     587236 kB
Slab:             237028 kB
SReclaimable:      84540 kB
SUnreclaim:       152488 kB
KernelStack:       52592 kB
PageTables:        67232 kB
NFS_Unstable:          0 kB
Bounce:                0 kB
WritebackTmp:          0 kB
CommitLimit:     9202292 kB
Committed_AS:   69587012 kB
VmallocTotal:   263061440 kB
VmallocUsed:      109764 kB
VmallocChunk:          0 kB
Percpu:             7616 kB
CmaTotal:         294912 kB
CmaFree:             148 kB
MemTotal:       12113140 kB
MemFree:          646784 kB
MemAvailable:    7003840 kB
Buffers:            5560 kB
Cached:          6678840 kB
SwapCached:         1680 kB
Active:          4010888 kB
Inactive:        4577220 kB
Active(anon):    1326532 kB
Inactive(anon):   623852 kB
Active(file):    2684356 kB
Inactive(file):  3953368 kB
Unevictable:        5576 kB
Mlocked:            5576 kB
SwapTotal:       3145724 kB
SwapFree:        3117540 kB
Dirty:               536 kB
Writeback:             0 kB
AnonPages:       1907776 kB
Mapped:           596560 kB
Shmem:             42140 kB
KReclaimable:     588036 kB
Slab:             237028 kB
SReclaimable:      84540 kB
SUnreclaim:       152488 kB
KernelStack:       52608 kB
PageTables:        67232 kB
NFS_Unstable:          0 kB
Bounce:                0 kB
WritebackTmp:          0 kB
CommitLimit:     9202292 kB
Committed_AS:   69586892 kB
VmallocTotal:   263061440 kB
VmallocUsed:      109780 kB
VmallocChunk:          0 kB
Percpu:             7616 kB
CmaTotal:         294912 kB
CmaFree:               0 kB
MemTotal:       12113140 kB
MemFree:          645348 kB
MemAvailable:    7002420 kB
Buffers:            5560 kB
Cached:          6678984 kB
SwapCached:         1680 kB
Active:          4010704 kB
Inactive:        4577404 kB
Active(anon):    1326340 kB
Inactive(anon):   624044 kB
Active(file):    2684364 kB
Inactive(file):  3953360 kB
Unevictable:        5576 kB
Mlocked:            5576 kB
SwapTotal:       3145724 kB
SwapFree:        3117540 kB
Dirty:               568 kB
Writeback:             0 kB
AnonPages:       1907552 kB
Mapped:           596596 kB
Shmem:             42284 kB
KReclaimable:     588052 kB
Slab:             237044 kB
SReclaimable:      84556 kB
SUnreclaim:       152488 kB
KernelStack:       52624 kB
PageTables:        67360 kB
NFS_Unstable:          0 kB
Bounce:                0 kB
WritebackTmp:          0 kB
CommitLimit:     9202292 kB
Committed_AS:   69581520 kB
VmallocTotal:   263061440 kB
VmallocUsed:      109764 kB
VmallocChunk:          0 kB
Percpu:             7616 kB
CmaTotal:         294912 kB
CmaFree:               0 kB
MemTotal:       12113140 kB
MemFree:          645452 kB
MemAvailable:    7002524 kB
Buffers:            5560 kB
Cached:          6679268 kB
SwapCached:         1680 kB
Active:          4011776 kB
Inactive:        4577688 kB
Active(anon):    1327412 kB
Inactive(anon):   624328 kB
Active(file):    2684364 kB
Inactive(file):  3953360 kB
Unevictable:        5576 kB
Mlocked:            5576 kB
SwapTotal:       3145724 kB
SwapFree:        3117540 kB
Dirty:               592 kB
Writeback:             0 kB
AnonPages:       1908680 kB
Mapped:           596636 kB
Shmem:             42568 kB
KReclaimable:     588052 kB
Slab:             237044 kB
SReclaimable:      84556 kB
SUnreclaim:       152488 kB
KernelStack:       52608 kB
PageTables:        67224 kB
NFS_Unstable:          0 kB
Bounce:                0 kB
WritebackTmp:          0 kB
CommitLimit:     9202292 kB
Committed_AS:   69582404 kB
VmallocTotal:   263061440 kB
VmallocUsed:      109716 kB
VmallocChunk:          0 kB
Percpu:             7616 kB
CmaTotal:         294912 kB
CmaFree:               0 kB
MemTotal:       12113140 kB
MemFree:          646144 kB
MemAvailable:    7003232 kB
Buffers:            5560 kB
Cached:          6679508 kB
SwapCached:         1680 kB
Active:          4011764 kB
Inactive:        4577928 kB
Active(anon):    1327400 kB
Inactive(anon):   624568 kB
Active(file):    2684364 kB
Inactive(file):  3953360 kB
Unevictable:        5576 kB
Mlocked:            5576 kB
SwapTotal:       3145724 kB
SwapFree:        3117540 kB
Dirty:               600 kB
Writeback:             0 kB
AnonPages:       1908092 kB
Mapped:           596664 kB
Shmem:             42808 kB
KReclaimable:     588068 kB
Slab:             237060 kB
SReclaimable:      84572 kB
SUnreclaim:       152488 kB
KernelStack:       52640 kB
PageTables:        67096 kB
NFS_Unstable:          0 kB
Bounce:                0 kB
WritebackTmp:          0 kB
CommitLimit:     9202292 kB
Committed_AS:   69583284 kB
VmallocTotal:   263061440 kB
VmallocUsed:      109748 kB
VmallocChunk:          0 kB
Percpu:             7616 kB
CmaTotal:         294912 kB
CmaFree:               0 kB
MemTotal:       12113140 kB
MemFree:          643372 kB
MemAvailable:    7000464 kB
Buffers:            5560 kB
Cached:          6679992 kB
SwapCached:         1680 kB
Active:          4013220 kB
Inactive:        4578284 kB
Active(anon):    1328728 kB
Inactive(anon):   625048 kB
Active(file):    2684492 kB
Inactive(file):  3953236 kB
Unevictable:        5576 kB
Mlocked:            5576 kB
SwapTotal:       3145724 kB
SwapFree:        3117540 kB
Dirty:               420 kB
Writeback:             0 kB
AnonPages:       1910036 kB
Mapped:           596724 kB
Shmem:             43288 kB
KReclaimable:     588068 kB
Slab:             237048 kB
SReclaimable:      84572 kB
SUnreclaim:       152476 kB
KernelStack:       52592 kB
PageTables:        67356 kB
NFS_Unstable:          0 kB
Bounce:                0 kB
WritebackTmp:          0 kB
CommitLimit:     9202292 kB
Committed_AS:   69589144 kB
VmallocTotal:   263061440 kB
VmallocUsed:      109732 kB
VmallocChunk:          0 kB
Percpu:             7616 kB
CmaTotal:         294912 kB
CmaFree:               0 kB
MemTotal:       12113140 kB
MemFree:          643088 kB
MemAvailable:    7000180 kB
Buffers:            5560 kB
Cached:          6680056 kB
SwapCached:         1680 kB
Active:          4014176 kB
Inactive:        4578348 kB
Active(anon):    1329684 kB
Inactive(anon):   625112 kB
Active(file):    2684492 kB
Inactive(file):  3953236 kB
Unevictable:        5576 kB
Mlocked:            5576 kB
SwapTotal:       3145724 kB
SwapFree:        3117540 kB
Dirty:               420 kB
Writeback:             0 kB
AnonPages:       1911000 kB
Mapped:           596724 kB
Shmem:             43352 kB
KReclaimable:     588068 kB
Slab:             237048 kB
SReclaimable:      84572 kB
SUnreclaim:       152476 kB
KernelStack:       52576 kB
PageTables:        67300 kB
NFS_Unstable:          0 kB
Bounce:                0 kB
WritebackTmp:          0 kB
CommitLimit:     9202292 kB
Committed_AS:   69594408 kB
VmallocTotal:   263061440 kB
VmallocUsed:      109700 kB
VmallocChunk:          0 kB
Percpu:             7616 kB
CmaTotal:         294912 kB
CmaFree:               0 kB
MemTotal:       12113140 kB
MemFree:          641452 kB
MemAvailable:    6998544 kB
Buffers:            5560 kB
Cached:          6680604 kB
SwapCached:         1680 kB
Active:          4015220 kB
Inactive:        4578768 kB
Active(anon):    1330600 kB
Inactive(anon):   625660 kB
Active(file):    2684620 kB
Inactive(file):  3953108 kB
Unevictable:        5576 kB
Mlocked:            5576 kB
SwapTotal:       3145724 kB
SwapFree:        3117540 kB
Dirty:               460 kB
Writeback:             0 kB
AnonPages:       1911672 kB
Mapped:           596792 kB
Shmem:             43900 kB
KReclaimable:     588068 kB
Slab:             237048 kB
SReclaimable:      84572 kB
SUnreclaim:       152476 kB
KernelStack:       52608 kB
PageTables:        67252 kB
NFS_Unstable:          0 kB
Bounce:                0 kB
WritebackTmp:          0 kB
CommitLimit:     9202292 kB
Committed_AS:   69589312 kB
VmallocTotal:   263061440 kB
VmallocUsed:      109716 kB
VmallocChunk:          0 kB
Percpu:             7616 kB
CmaTotal:         294912 kB
CmaFree:               0 kB
MemTotal:       12113140 kB
MemFree:          639716 kB
MemAvailable:    6996808 kB
Buffers:            5560 kB
Cached:          6680880 kB
SwapCached:         1680 kB
Active:          4018760 kB
Inactive:        4579044 kB
Active(anon):    1334140 kB
Inactive(anon):   625936 kB
Active(file):    2684620 kB
Inactive(file):  3953108 kB
Unevictable:        5576 kB
Mlocked:            5576 kB
SwapTotal:       3145724 kB
SwapFree:        3117540 kB
Dirty:               492 kB
Writeback:             0 kB
AnonPages:       1915528 kB
Mapped:           596832 kB
Shmem:             44176 kB
KReclaimable:     588068 kB
Slab:             237048 kB
SReclaimable:      84572 kB
SUnreclaim:       152476 kB
KernelStack:       52624 kB
PageTables:        67264 kB
NFS_Unstable:          0 kB
Bounce:                0 kB
WritebackTmp:          0 kB
CommitLimit:     9202292 kB
Committed_AS:   69584608 kB
VmallocTotal:   263061440 kB
VmallocUsed:      109748 kB
VmallocChunk:          0 kB
Percpu:             7616 kB
CmaTotal:         294912 kB
CmaFree:               0 kB
MemTotal:       12113140 kB
MemFree:          637324 kB
MemAvailable:    6994416 kB
Buffers:            5560 kB
Cached:          6681184 kB
SwapCached:         1680 kB
Active:          4019240 kB
Inactive:        4579348 kB
Active(anon):    1334620 kB
Inactive(anon):   626240 kB
Active(file):    2684620 kB
Inactive(file):  3953108 kB
Unevictable:        5576 kB
Mlocked:            5576 kB
SwapTotal:       3145724 kB
SwapFree:        3117540 kB
Dirty:               492 kB
Writeback:             0 kB
AnonPages:       1915816 kB
Mapped:           596860 kB
Shmem:             44480 kB
KReclaimable:     588068 kB
Slab:             237048 kB
SReclaimable:      84572 kB
SUnreclaim:       152476 kB
KernelStack:       52544 kB
PageTables:        67092 kB
NFS_Unstable:          0 kB
Bounce:                0 kB
WritebackTmp:          0 kB
CommitLimit:     9202292 kB
Committed_AS:   69590700 kB
VmallocTotal:   263061440 kB
VmallocUsed:      109700 kB
VmallocChunk:          0 kB
Percpu:             7616 kB
CmaTotal:         294912 kB
CmaFree:               0 kB
MemTotal:       12113140 kB
MemFree:          747264 kB
MemAvailable:    7478200 kB
Buffers:            5560 kB
Cached:          6681440 kB
SwapCached:         1680 kB
Active:          3909144 kB
Inactive:        4579484 kB
Active(anon):    1224404 kB
Inactive(anon):   626496 kB
Active(file):    2684740 kB
Inactive(file):  3952988 kB
Unevictable:        5576 kB
Mlocked:            5576 kB
SwapTotal:       3145724 kB
SwapFree:        3117540 kB
Dirty:               524 kB
Writeback:             0 kB
AnonPages:       1805564 kB
Mapped:           589836 kB
Shmem:             44736 kB
KReclaimable:     961912 kB
Slab:             237052 kB
SReclaimable:      84572 kB
SUnreclaim:       152480 kB
KernelStack:       52848 kB
PageTables:        67048 kB
NFS_Unstable:          0 kB
Bounce:                0 kB
WritebackTmp:          0 kB
CommitLimit:     9202292 kB
Committed_AS:   69473776 kB
VmallocTotal:   263061440 kB
VmallocUsed:      109908 kB
VmallocChunk:          0 kB
Percpu:             7616 kB
CmaTotal:         294912 kB
CmaFree:               0 kB
MemTotal:       12113140 kB
MemFree:          599676 kB
MemAvailable:    7344944 kB
Buffers:            5560 kB
Cached:          6681472 kB
SwapCached:         1680 kB
Active:          4056804 kB
Inactive:        4579508 kB
Active(anon):    1372056 kB
Inactive(anon):   626528 kB
Active(file):    2684748 kB
Inactive(file):  3952980 kB
Unevictable:        5576 kB
Mlocked:            5576 kB
SwapTotal:       3145724 kB
SwapFree:        3117540 kB
Dirty:               532 kB
Writeback:             0 kB
AnonPages:       1953844 kB
Mapped:           594928 kB
Shmem:             44768 kB
KReclaimable:     976244 kB
Slab:             237040 kB
SReclaimable:      84572 kB
SUnreclaim:       152468 kB
KernelStack:       52880 kB
PageTables:        67208 kB
NFS_Unstable:          0 kB
Bounce:                0 kB
WritebackTmp:          0 kB
CommitLimit:     9202292 kB
Committed_AS:   69631628 kB
VmallocTotal:   263061440 kB
VmallocUsed:      109972 kB
VmallocChunk:          0 kB
Percpu:             7616 kB
CmaTotal:         294912 kB
CmaFree:               0 kB
MemTotal:       12113140 kB
MemFree:          446416 kB
MemAvailable:    6743772 kB
Buffers:            5560 kB
Cached:          6565068 kB
SwapCached:         1680 kB
Active:          4406404 kB
Inactive:        4462944 kB
Active(anon):    1722344 kB
Inactive(anon):   625968 kB
Active(file):    2684060 kB
Inactive(file):  3836976 kB
Unevictable:        5576 kB
Mlocked:            5576 kB
SwapTotal:       3145724 kB
SwapFree:        3116516 kB
Dirty:               580 kB
Writeback:             0 kB
AnonPages:       2302900 kB
Mapped:           613384 kB
Shmem:             45056 kB
KReclaimable:     645024 kB
Slab:             235536 kB
SReclaimable:      83028 kB
SUnreclaim:       152508 kB
KernelStack:       52864 kB
PageTables:        68704 kB
NFS_Unstable:          0 kB
Bounce:                0 kB
WritebackTmp:          0 kB
CommitLimit:     9202292 kB
Committed_AS:   69980588 kB
VmallocTotal:   263061440 kB
VmallocUsed:      109988 kB
VmallocChunk:          0 kB
Percpu:             7616 kB
CmaTotal:         294912 kB
CmaFree:             316 kB
MemTotal:       12113140 kB
MemFree:          701712 kB
MemAvailable:    6765288 kB
Buffers:            5560 kB
Cached:          6565648 kB
SwapCached:         1680 kB
Active:          4149128 kB
Inactive:        4463524 kB
Active(anon):    1465068 kB
Inactive(anon):   626544 kB
Active(file):    2684060 kB
Inactive(file):  3836980 kB
Unevictable:        5576 kB
Mlocked:            5576 kB
SwapTotal:       3145724 kB
SwapFree:        3116516 kB
Dirty:               600 kB
Writeback:             0 kB
AnonPages:       2045776 kB
Mapped:           629340 kB
Shmem:             45632 kB
KReclaimable:     340244 kB
Slab:             235664 kB
SReclaimable:      83028 kB
SUnreclaim:       152636 kB
KernelStack:       52880 kB
PageTables:        68152 kB
NFS_Unstable:          0 kB
Bounce:                0 kB
WritebackTmp:          0 kB
CommitLimit:     9202292 kB
Committed_AS:   69707356 kB
VmallocTotal:   263061440 kB
VmallocUsed:      109972 kB
VmallocChunk:          0 kB
Percpu:             7616 kB
CmaTotal:         294912 kB
CmaFree:              80 kB
MemTotal:       12113140 kB
MemFree:          682760 kB
MemAvailable:    6708300 kB
Buffers:            5560 kB
Cached:          6565824 kB
SwapCached:         1680 kB
Active:          4144936 kB
Inactive:        4463588 kB
Active(anon):    1460764 kB
Inactive(anon):   626720 kB
Active(file):    2684172 kB
Inactive(file):  3836868 kB
Unevictable:        5576 kB
Mlocked:            5576 kB
SwapTotal:       3145724 kB
SwapFree:        3116516 kB
Dirty:               636 kB
Writeback:             0 kB
AnonPages:       2041180 kB
Mapped:           631648 kB
Shmem:             45808 kB
KReclaimable:     264176 kB
Slab:             235688 kB
SReclaimable:      83028 kB
SUnreclaim:       152660 kB
KernelStack:       52880 kB
PageTables:        67992 kB
NFS_Unstable:          0 kB
Bounce:                0 kB
WritebackTmp:          0 kB
CommitLimit:     9202292 kB
Committed_AS:   69710928 kB
VmallocTotal:   263061440 kB
VmallocUsed:      109972 kB
VmallocChunk:          0 kB
Percpu:             7616 kB
CmaTotal:         294912 kB
CmaFree:              68 kB
MemTotal:       12113140 kB
MemFree:          679448 kB
MemAvailable:    6704268 kB
Buffers:            5560 kB
Cached:          6565532 kB
SwapCached:         1680 kB
Active:          4148436 kB
Inactive:        4463296 kB
Active(anon):    1464264 kB
Inactive(anon):   627136 kB
Active(file):    2684172 kB
Inactive(file):  3836160 kB
Unevictable:        5576 kB
Mlocked:            5576 kB
SwapTotal:       3145724 kB
SwapFree:        3116516 kB
Dirty:              1748 kB
Writeback:             0 kB
AnonPages:       2044796 kB
Mapped:           631488 kB
Shmem:             46224 kB
KReclaimable:     264148 kB
Slab:             235692 kB
SReclaimable:      83028 kB
SUnreclaim:       152664 kB
KernelStack:       52848 kB
PageTables:        68240 kB
NFS_Unstable:          0 kB
Bounce:                0 kB
WritebackTmp:          0 kB
CommitLimit:     9202292 kB
Committed_AS:   69710968 kB
VmallocTotal:   263061440 kB
VmallocUsed:      109956 kB
VmallocChunk:          0 kB
Percpu:             7616 kB
CmaTotal:         294912 kB
CmaFree:               0 kB
MemTotal:       12113140 kB
MemFree:          678424 kB
MemAvailable:    6703244 kB
Buffers:            5560 kB
Cached:          6565820 kB
SwapCached:         1680 kB
Active:          4148380 kB
Inactive:        4463456 kB
Active(anon):    1464080 kB
Inactive(anon):   627424 kB
Active(file):    2684300 kB
Inactive(file):  3836032 kB
Unevictable:        5576 kB
Mlocked:            5576 kB
SwapTotal:       3145724 kB
SwapFree:        3116516 kB
Dirty:              1760 kB
Writeback:             0 kB
AnonPages:       2044452 kB
Mapped:           631508 kB
Shmem:             46512 kB
KReclaimable:     264148 kB
Slab:             235692 kB
SReclaimable:      83028 kB
SUnreclaim:       152664 kB
KernelStack:       52848 kB
PageTables:        68020 kB
NFS_Unstable:          0 kB
Bounce:                0 kB
WritebackTmp:          0 kB
CommitLimit:     9202292 kB
Committed_AS:   69708576 kB
VmallocTotal:   263061440 kB
VmallocUsed:      109940 kB
VmallocChunk:          0 kB
Percpu:             7616 kB
CmaTotal:         294912 kB
CmaFree:               0 kB
MemTotal:       12113140 kB
MemFree:          677620 kB
MemAvailable:    6702440 kB
Buffers:            5560 kB
Cached:          6565852 kB
SwapCached:         1680 kB
Active:          4148752 kB
Inactive:        4463488 kB
Active(anon):    1464452 kB
Inactive(anon):   627456 kB
Active(file):    2684300 kB
Inactive(file):  3836032 kB
Unevictable:        5576 kB
Mlocked:            5576 kB
SwapTotal:       3145724 kB
SwapFree:        3116516 kB
Dirty:              1808 kB
Writeback:             0 kB
AnonPages:       2044696 kB
Mapped:           631588 kB
Shmem:             46544 kB
KReclaimable:     264148 kB
Slab:             235692 kB
SReclaimable:      83028 kB
SUnreclaim:       152664 kB
KernelStack:       52848 kB
PageTables:        68188 kB
NFS_Unstable:          0 kB
Bounce:                0 kB
WritebackTmp:          0 kB
CommitLimit:     9202292 kB
Committed_AS:   69713676 kB
VmallocTotal:   263061440 kB
VmallocUsed:      109908 kB
VmallocChunk:          0 kB
Percpu:             7616 kB
CmaTotal:         294912 kB
CmaFree:               0 kB
MemTotal:       12113140 kB
MemFree:          673984 kB
MemAvailable:    6698804 kB
Buffers:            5560 kB
Cached:          6566976 kB
SwapCached:         1680 kB
Active:          4151380 kB
Inactive:        4464484 kB
Active(anon):    1466952 kB
Inactive(anon):   628580 kB
Active(file):    2684428 kB
Inactive(file):  3835904 kB
Unevictable:        5576 kB
Mlocked:            5576 kB
SwapTotal:       3145724 kB
SwapFree:        3116516 kB
Dirty:              1816 kB
Writeback:             0 kB
AnonPages:       2047340 kB
Mapped:           631576 kB
Shmem:             47668 kB
KReclaimable:     264148 kB
Slab:             235692 kB
SReclaimable:      83028 kB
SUnreclaim:       152664 kB
KernelStack:       52864 kB
PageTables:        68108 kB
NFS_Unstable:          0 kB
Bounce:                0 kB
WritebackTmp:          0 kB
CommitLimit:     9202292 kB
Committed_AS:   69708224 kB
VmallocTotal:   263061440 kB
VmallocUsed:      109956 kB
VmallocChunk:          0 kB
Percpu:             7616 kB
CmaTotal:         294912 kB
CmaFree:               0 kB
MemTotal:       12113140 kB
MemFree:          669984 kB
MemAvailable:    6694804 kB
Buffers:            5560 kB
Cached:          6568372 kB
SwapCached:         1680 kB
Active:          4153712 kB
Inactive:        4465880 kB
Active(anon):    1469284 kB
Inactive(anon):   629976 kB
Active(file):    2684428 kB
Inactive(file):  3835904 kB
Unevictable:        5576 kB
Mlocked:            5576 kB
SwapTotal:       3145724 kB
SwapFree:        3116516 kB
Dirty:              1856 kB
Writeback:             0 kB
AnonPages:       2049608 kB
Mapped:           631620 kB
Shmem:             49064 kB
KReclaimable:     264148 kB
Slab:             235692 kB
SReclaimable:      83028 kB
SUnreclaim:       152664 kB
KernelStack:       52860 kB
PageTables:        68160 kB
NFS_Unstable:          0 kB
Bounce:                0 kB
WritebackTmp:          0 kB
CommitLimit:     9202292 kB
Committed_AS:   69710568 kB
VmallocTotal:   263061440 kB
VmallocUsed:      109956 kB
VmallocChunk:          0 kB
Percpu:             7616 kB
CmaTotal:         294912 kB
CmaFree:               0 kB
MemTotal:       12113140 kB
MemFree:          667192 kB
MemAvailable:    6692012 kB
Buffers:            5560 kB
Cached:          6568580 kB
SwapCached:         1680 kB
Active:          4157524 kB
Inactive:        4466088 kB
Active(anon):    1473096 kB
Inactive(anon):   630184 kB
Active(file):    2684428 kB
Inactive(file):  3835904 kB
Unevictable:        5576 kB
Mlocked:            5576 kB
SwapTotal:       3145724 kB
SwapFree:        3116516 kB
Dirty:              1900 kB
Writeback:             0 kB
AnonPages:       2053520 kB
Mapped:           631644 kB
Shmem:             49272 kB
KReclaimable:     264148 kB
Slab:             235704 kB
SReclaimable:      83028 kB
SUnreclaim:       152676 kB
KernelStack:       52848 kB
PageTables:        68108 kB
NFS_Unstable:          0 kB
Bounce:                0 kB
WritebackTmp:          0 kB
CommitLimit:     9202292 kB
Committed_AS:   69724400 kB
VmallocTotal:   263061440 kB
VmallocUsed:      109924 kB
VmallocChunk:          0 kB
Percpu:             7616 kB
CmaTotal:         294912 kB
CmaFree:               0 kB
MemTotal:       12113140 kB
MemFree:          665400 kB
MemAvailable:    6690220 kB
Buffers:            5560 kB
Cached:          6568996 kB
SwapCached:         1680 kB
Active:          4158840 kB
Inactive:        4466376 kB
Active(anon):    1474284 kB
Inactive(anon):   630600 kB
Active(file):    2684556 kB
Inactive(file):  3835776 kB
Unevictable:        5576 kB
Mlocked:            5576 kB
SwapTotal:       3145724 kB
SwapFree:        3116516 kB
Dirty:              1916 kB
Writeback:             0 kB
AnonPages:       2054552 kB
Mapped:           631872 kB
Shmem:             49688 kB
KReclaimable:     264148 kB
Slab:             235716 kB
SReclaimable:      83028 kB
SUnreclaim:       152688 kB
KernelStack:       52912 kB
PageTables:        67868 kB
NFS_Unstable:          0 kB
Bounce:                0 kB
WritebackTmp:          0 kB
CommitLimit:     9202292 kB
Committed_AS:   69720032 kB
VmallocTotal:   263061440 kB
VmallocUsed:      109988 kB
VmallocChunk:          0 kB
Percpu:             7616 kB
CmaTotal:         294912 kB
CmaFree:               0 kB
MemTotal:       12113140 kB
MemFree:          663100 kB
MemAvailable:    6687920 kB
Buffers:            5560 kB
Cached:          6569076 kB
SwapCached:         1680 kB
Active:          4160124 kB
Inactive:        4466456 kB
Active(anon):    1475568 kB
Inactive(anon):   630680 kB
Active(file):    2684556 kB
Inactive(file):  3835776 kB
Unevictable:        5576 kB
Mlocked:            5576 kB
SwapTotal:       3145724 kB
SwapFree:        3116516 kB
Dirty:              1972 kB
Writeback:             0 kB
AnonPages:       2055932 kB
Mapped:           631676 kB
Shmem:             49768 kB
KReclaimable:     264148 kB
Slab:             235716 kB
SReclaimable:      83028 kB
SUnreclaim:       152688 kB
KernelStack:       52848 kB
PageTables:        68092 kB
NFS_Unstable:          0 kB
Bounce:                0 kB
WritebackTmp:          0 kB
CommitLimit:     9202292 kB
Committed_AS:   69708064 kB
VmallocTotal:   263061440 kB
VmallocUsed:      109956 kB
VmallocChunk:          0 kB
Percpu:             7616 kB
CmaTotal:         294912 kB
CmaFree:               0 kB
MemTotal:       12113140 kB
MemFree:          660932 kB
MemAvailable:    6685752 kB
Buffers:            5560 kB
Cached:          6569412 kB
SwapCached:         1680 kB
Active:          4160680 kB
Inactive:        4466792 kB
Active(anon):    1476124 kB
Inactive(anon):   631016 kB
Active(file):    2684556 kB
Inactive(file):  3835776 kB
Unevictable:        5576 kB
Mlocked:            5576 kB
SwapTotal:       3145724 kB
SwapFree:        3116516 kB
Dirty:              2012 kB
Writeback:             0 kB
AnonPages:       2056048 kB
Mapped:           631904 kB
Shmem:             50104 kB
KReclaimable:     264148 kB
Slab:             235724 kB
SReclaimable:      83028 kB
SUnreclaim:       152696 kB
KernelStack:       52928 kB
PageTables:        68028 kB
NFS_Unstable:          0 kB
Bounce:                0 kB
WritebackTmp:          0 kB
CommitLimit:     9202292 kB
Committed_AS:   69709512 kB
VmallocTotal:   263061440 kB
VmallocUsed:      109956 kB
VmallocChunk:          0 kB
Percpu:             7616 kB
CmaTotal:         294912 kB
CmaFree:              36 kB
MemTotal:       12113140 kB
MemFree:          660400 kB
MemAvailable:    6685220 kB
Buffers:            5560 kB
Cached:          6569828 kB
SwapCached:         1680 kB
Active:          4160848 kB
Inactive:        4467080 kB
Active(anon):    1476164 kB
Inactive(anon):   631432 kB
Active(file):    2684684 kB
Inactive(file):  3835648 kB
Unevictable:        5576 kB
Mlocked:            5576 kB
SwapTotal:       3145724 kB
SwapFree:        3116516 kB
Dirty:              2044 kB
Writeback:             0 kB
AnonPages:       2056776 kB
Mapped:           631740 kB
Shmem:             50520 kB
KReclaimable:     264148 kB
Slab:             235732 kB
SReclaimable:      83028 kB
SUnreclaim:       152704 kB
KernelStack:       52928 kB
PageTables:        68160 kB
NFS_Unstable:          0 kB
Bounce:                0 kB
WritebackTmp:          0 kB
CommitLimit:     9202292 kB
Committed_AS:   69710636 kB
VmallocTotal:   263061440 kB
VmallocUsed:      109956 kB
