MemTotal:       12113140 kB
MemFree:         3114604 kB
MemAvailable:    8421516 kB
Buffers:            6088 kB
Cached:          5048156 kB
SwapCached:            0 kB
Active:          2717604 kB
Inactive:        3735244 kB
Active(anon):    1405480 kB
Inactive(anon):    28448 kB
Active(file):    1312124 kB
Inactive(file):  3706796 kB
Unevictable:        5576 kB
Mlocked:            5576 kB
SwapTotal:       3145724 kB
SwapFree:        3145724 kB
Dirty:               680 kB
Writeback:             0 kB
AnonPages:       1404264 kB
Mapped:           890968 kB
Shmem:             30788 kB
KReclaimable:    1156696 kB
Slab:             230880 kB
SReclaimable:      87612 kB
SUnreclaim:       143268 kB
KernelStack:       47792 kB
PageTables:        63920 kB
NFS_Unstable:          0 kB
Bounce:                0 kB
WritebackTmp:          0 kB
CommitLimit:     9202292 kB
Committed_AS:   71207048 kB
VmallocTotal:   263061440 kB
VmallocUsed:      104752 kB
VmallocChunk:          0 kB
Percpu:             7552 kB
CmaTotal:         294912 kB
CmaFree:               0 kB
MemTotal:       12113140 kB
MemFree:         3109232 kB
MemAvailable:    8412328 kB
Buffers:            6088 kB
Cached:          5046272 kB
SwapCached:            0 kB
Active:          2719336 kB
Inactive:        3734428 kB
Active(anon):    1408280 kB
Inactive(anon):    27612 kB
Active(file):    1311056 kB
Inactive(file):  3706816 kB
Unevictable:        5576 kB
Mlocked:            5576 kB
SwapTotal:       3145724 kB
SwapFree:        3145724 kB
Dirty:               236 kB
Writeback:             0 kB
AnonPages:       1407152 kB
Mapped:           902560 kB
Shmem:             29952 kB
KReclaimable:    1153928 kB
Slab:             230912 kB
SReclaimable:      87624 kB
SUnreclaim:       143288 kB
KernelStack:       48144 kB
PageTables:        64188 kB
NFS_Unstable:          0 kB
Bounce:                0 kB
WritebackTmp:          0 kB
CommitLimit:     9202292 kB
Committed_AS:   71281456 kB
VmallocTotal:   263061440 kB
VmallocUsed:      105088 kB
VmallocChunk:          0 kB
Percpu:             7552 kB
CmaTotal:         294912 kB
CmaFree:               0 kB
MemTotal:       12113140 kB
MemFree:         3007308 kB
MemAvailable:    8356712 kB
Buffers:            6088 kB
Cached:          5046256 kB
SwapCached:            0 kB
Active:          2822640 kB
Inactive:        3734404 kB
Active(anon):    1511576 kB
Inactive(anon):    27596 kB
Active(file):    1311064 kB
Inactive(file):  3706808 kB
Unevictable:        5576 kB
Mlocked:            5576 kB
SwapTotal:       3145724 kB
SwapFree:        3145724 kB
Dirty:               248 kB
Writeback:             0 kB
AnonPages:       1510528 kB
Mapped:           910968 kB
Shmem:             29936 kB
KReclaimable:    1200236 kB
Slab:             230912 kB
SReclaimable:      87624 kB
SUnreclaim:       143288 kB
KernelStack:       48368 kB
PageTables:        64604 kB
NFS_Unstable:          0 kB
Bounce:                0 kB
WritebackTmp:          0 kB
CommitLimit:     9202292 kB
Committed_AS:   71456776 kB
VmallocTotal:   263061440 kB
VmallocUsed:      105312 kB
VmallocChunk:          0 kB
Percpu:             7552 kB
CmaTotal:         294912 kB
CmaFree:               0 kB
MemTotal:       12113140 kB
MemFree:         2848040 kB
MemAvailable:    8165364 kB
Buffers:            6088 kB
Cached:          5046268 kB
SwapCached:            0 kB
Active:          2980804 kB
Inactive:        3734416 kB
Active(anon):    1669740 kB
Inactive(anon):    27608 kB
Active(file):    1311064 kB
Inactive(file):  3706808 kB
Unevictable:        5576 kB
Mlocked:            5576 kB
SwapTotal:       3145724 kB
SwapFree:        3145724 kB
Dirty:               256 kB
Writeback:             0 kB
AnonPages:       1668500 kB
Mapped:           911328 kB
Shmem:             29948 kB
KReclaimable:    1168156 kB
Slab:             230912 kB
SReclaimable:      87624 kB
SUnreclaim:       143288 kB
KernelStack:       48352 kB
PageTables:        65128 kB
NFS_Unstable:          0 kB
Bounce:                0 kB
WritebackTmp:          0 kB
CommitLimit:     9202292 kB
Committed_AS:   71627528 kB
VmallocTotal:   263061440 kB
VmallocUsed:      105296 kB
VmallocChunk:          0 kB
Percpu:             7552 kB
CmaTotal:         294912 kB
CmaFree:               0 kB
MemTotal:       12113140 kB
MemFree:         2906848 kB
MemAvailable:    8061048 kB
Buffers:            6088 kB
Cached:          5046464 kB
SwapCached:            0 kB
Active:          2918300 kB
Inactive:        3734612 kB
Active(anon):    1607236 kB
Inactive(anon):    27804 kB
Active(file):    1311064 kB
Inactive(file):  3706808 kB
Unevictable:        5576 kB
Mlocked:            5576 kB
SwapTotal:       3145724 kB
SwapFree:        3145724 kB
Dirty:               284 kB
Writeback:             0 kB
AnonPages:       1606104 kB
Mapped:           916788 kB
Shmem:             30144 kB
KReclaimable:    1005032 kB
Slab:             231056 kB
SReclaimable:      87624 kB
SUnreclaim:       143432 kB
KernelStack:       48464 kB
PageTables:        65064 kB
NFS_Unstable:          0 kB
Bounce:                0 kB
WritebackTmp:          0 kB
CommitLimit:     9202292 kB
Committed_AS:   71569804 kB
VmallocTotal:   263061440 kB
VmallocUsed:      105408 kB
VmallocChunk:          0 kB
Percpu:             7552 kB
CmaTotal:         294912 kB
CmaFree:               0 kB
MemTotal:       12113140 kB
MemFree:         2900976 kB
MemAvailable:    7934548 kB
Buffers:            6088 kB
Cached:          5035212 kB
SwapCached:            0 kB
Active:          2936880 kB
Inactive:        3723328 kB
Active(anon):    1625812 kB
Inactive(anon):    26844 kB
Active(file):    1311068 kB
Inactive(file):  3696484 kB
Unevictable:        5576 kB
Mlocked:            5576 kB
SwapTotal:       3145724 kB
SwapFree:        3145724 kB
Dirty:               564 kB
Writeback:             0 kB
AnonPages:       1624620 kB
Mapped:           918988 kB
Shmem:             29212 kB
KReclaimable:     894724 kB
Slab:             231296 kB
SReclaimable:      87640 kB
SUnreclaim:       143656 kB
KernelStack:       48720 kB
PageTables:        65496 kB
NFS_Unstable:          0 kB
Bounce:                0 kB
WritebackTmp:          0 kB
CommitLimit:     9202292 kB
Committed_AS:   71604512 kB
VmallocTotal:   263061440 kB
VmallocUsed:      105664 kB
VmallocChunk:          0 kB
Percpu:             7552 kB
CmaTotal:         294912 kB
CmaFree:               0 kB
MemTotal:       12113140 kB
MemFree:         2869252 kB
MemAvailable:    7754240 kB
Buffers:            6088 kB
Cached:          5035440 kB
SwapCached:            0 kB
Active:          2962884 kB
Inactive:        3723552 kB
Active(anon):    1651812 kB
Inactive(anon):    27048 kB
Active(file):    1311072 kB
Inactive(file):  3696504 kB
Unevictable:        5576 kB
Mlocked:            5576 kB
SwapTotal:       3145724 kB
SwapFree:        3145724 kB
Dirty:               600 kB
Writeback:             0 kB
AnonPages:       1650460 kB
Mapped:           919448 kB
Shmem:             29416 kB
KReclaimable:     746116 kB
Slab:             231452 kB
SReclaimable:      87640 kB
SUnreclaim:       143812 kB
KernelStack:       48736 kB
PageTables:        66080 kB
NFS_Unstable:          0 kB
Bounce:                0 kB
WritebackTmp:          0 kB
CommitLimit:     9202292 kB
Committed_AS:   71658656 kB
VmallocTotal:   263061440 kB
VmallocUsed:      105696 kB
VmallocChunk:          0 kB
Percpu:             7552 kB
CmaTotal:         294912 kB
CmaFree:               0 kB
MemTotal:       12113140 kB
MemFree:         2734620 kB
MemAvailable:    7738108 kB
Buffers:            6088 kB
Cached:          5035440 kB
SwapCached:            0 kB
Active:          3096784 kB
Inactive:        3723552 kB
Active(anon):    1785712 kB
Inactive(anon):    27048 kB
Active(file):    1311072 kB
Inactive(file):  3696504 kB
Unevictable:        5576 kB
Mlocked:            5576 kB
SwapTotal:       3145724 kB
SwapFree:        3145724 kB
Dirty:               648 kB
Writeback:             0 kB
AnonPages:       1784500 kB
Mapped:           919584 kB
Shmem:             29416 kB
KReclaimable:     864616 kB
Slab:             231536 kB
SReclaimable:      87640 kB
SUnreclaim:       143896 kB
KernelStack:       48752 kB
PageTables:        65984 kB
NFS_Unstable:          0 kB
Bounce:                0 kB
WritebackTmp:          0 kB
CommitLimit:     9202292 kB
Committed_AS:   71789228 kB
VmallocTotal:   263061440 kB
VmallocUsed:      105696 kB
VmallocChunk:          0 kB
Percpu:             7552 kB
CmaTotal:         294912 kB
CmaFree:               0 kB
MemTotal:       12113140 kB
MemFree:         2670196 kB
MemAvailable:    7584760 kB
Buffers:            6088 kB
Cached:          5035452 kB
SwapCached:            0 kB
Active:          3159412 kB
Inactive:        3723564 kB
Active(anon):    1848340 kB
Inactive(anon):    27048 kB
Active(file):    1311072 kB
Inactive(file):  3696516 kB
Unevictable:        5576 kB
Mlocked:            5576 kB
SwapTotal:       3145724 kB
SwapFree:        3145724 kB
Dirty:               712 kB
Writeback:             0 kB
AnonPages:       1847008 kB
Mapped:           922880 kB
Shmem:             29416 kB
KReclaimable:     775680 kB
Slab:             231676 kB
SReclaimable:      87640 kB
SUnreclaim:       144036 kB
KernelStack:       48752 kB
PageTables:        66156 kB
NFS_Unstable:          0 kB
Bounce:                0 kB
WritebackTmp:          0 kB
CommitLimit:     9202292 kB
Committed_AS:   71832888 kB
VmallocTotal:   263061440 kB
VmallocUsed:      105712 kB
VmallocChunk:          0 kB
Percpu:             7552 kB
CmaTotal:         294912 kB
CmaFree:               0 kB
MemTotal:       12113140 kB
MemFree:         2680040 kB
MemAvailable:    7545780 kB
Buffers:            6088 kB
Cached:          5035564 kB
SwapCached:            0 kB
Active:          3148344 kB
Inactive:        3722580 kB
Active(anon):    1836176 kB
Inactive(anon):    27084 kB
Active(file):    1312168 kB
Inactive(file):  3695496 kB
Unevictable:        5576 kB
Mlocked:            5576 kB
SwapTotal:       3145724 kB
SwapFree:        3145724 kB
Dirty:              2540 kB
Writeback:             0 kB
AnonPages:       1834944 kB
Mapped:           931844 kB
Shmem:             29452 kB
KReclaimable:     726780 kB
Slab:             231856 kB
SReclaimable:      87640 kB
SUnreclaim:       144216 kB
KernelStack:       48736 kB
PageTables:        66156 kB
NFS_Unstable:          0 kB
Bounce:                0 kB
WritebackTmp:          0 kB
CommitLimit:     9202292 kB
Committed_AS:   71812432 kB
VmallocTotal:   263061440 kB
VmallocUsed:      105712 kB
VmallocChunk:          0 kB
Percpu:             7552 kB
CmaTotal:         294912 kB
CmaFree:               0 kB
MemTotal:       12113140 kB
MemFree:         2692824 kB
MemAvailable:    7558704 kB
Buffers:            6088 kB
Cached:          5035736 kB
SwapCached:            0 kB
Active:          3133648 kB
Inactive:        3722748 kB
Active(anon):    1821476 kB
Inactive(anon):    27108 kB
Active(file):    1312172 kB
Inactive(file):  3695640 kB
Unevictable:        5576 kB
Mlocked:            5576 kB
SwapTotal:       3145724 kB
SwapFree:        3145724 kB
Dirty:              2748 kB
Writeback:             0 kB
AnonPages:       1820216 kB
Mapped:           931888 kB
Shmem:             29476 kB
KReclaimable:     726772 kB
Slab:             231872 kB
SReclaimable:      87640 kB
SUnreclaim:       144232 kB
KernelStack:       48736 kB
PageTables:        66160 kB
NFS_Unstable:          0 kB
Bounce:                0 kB
WritebackTmp:          0 kB
CommitLimit:     9202292 kB
Committed_AS:   71803832 kB
VmallocTotal:   263061440 kB
VmallocUsed:      105744 kB
VmallocChunk:          0 kB
Percpu:             7552 kB
CmaTotal:         294912 kB
CmaFree:               0 kB
MemTotal:       12113140 kB
MemFree:         2690908 kB
MemAvailable:    7556788 kB
Buffers:            6088 kB
Cached:          5035744 kB
SwapCached:            0 kB
Active:          3136252 kB
Inactive:        3722740 kB
Active(anon):    1824064 kB
Inactive(anon):    27116 kB
Active(file):    1312188 kB
Inactive(file):  3695624 kB
Unevictable:        5576 kB
Mlocked:            5576 kB
SwapTotal:       3145724 kB
SwapFree:        3145724 kB
Dirty:              2812 kB
Writeback:             0 kB
AnonPages:       1822916 kB
Mapped:           931928 kB
Shmem:             29484 kB
KReclaimable:     726772 kB
Slab:             231872 kB
SReclaimable:      87640 kB
SUnreclaim:       144232 kB
KernelStack:       48736 kB
PageTables:        66164 kB
NFS_Unstable:          0 kB
Bounce:                0 kB
WritebackTmp:          0 kB
CommitLimit:     9202292 kB
Committed_AS:   71803108 kB
VmallocTotal:   263061440 kB
VmallocUsed:      105744 kB
VmallocChunk:          0 kB
Percpu:             7552 kB
CmaTotal:         294912 kB
CmaFree:               0 kB
MemTotal:       12113140 kB
MemFree:         2689592 kB
MemAvailable:    7555460 kB
Buffers:            6088 kB
Cached:          5035748 kB
SwapCached:            0 kB
Active:          3137408 kB
Inactive:        3722384 kB
Active(anon):    1824860 kB
Inactive(anon):    27116 kB
Active(file):    1312548 kB
Inactive(file):  3695268 kB
Unevictable:        5576 kB
Mlocked:            5576 kB
SwapTotal:       3145724 kB
SwapFree:        3145724 kB
Dirty:              2840 kB
Writeback:             0 kB
AnonPages:       1823632 kB
Mapped:           931964 kB
Shmem:             29484 kB
KReclaimable:     726756 kB
Slab:             231872 kB
SReclaimable:      87640 kB
SUnreclaim:       144232 kB
KernelStack:       48736 kB
PageTables:        66164 kB
NFS_Unstable:          0 kB
Bounce:                0 kB
WritebackTmp:          0 kB
CommitLimit:     9202292 kB
Committed_AS:   71802492 kB
VmallocTotal:   263061440 kB
VmallocUsed:      105744 kB
VmallocChunk:          0 kB
Percpu:             7552 kB
CmaTotal:         294912 kB
CmaFree:               0 kB
MemTotal:       12113140 kB
MemFree:         2689068 kB
MemAvailable:    7555276 kB
Buffers:            6092 kB
Cached:          5036068 kB
SwapCached:            0 kB
Active:          3138320 kB
Inactive:        3722584 kB
Active(anon):    1825648 kB
Inactive(anon):    27116 kB
Active(file):    1312672 kB
Inactive(file):  3695468 kB
Unevictable:        5576 kB
Mlocked:            5576 kB
SwapTotal:       3145724 kB
SwapFree:        3145724 kB
Dirty:              2996 kB
Writeback:             0 kB
AnonPages:       1824564 kB
Mapped:           932108 kB
Shmem:             29484 kB
KReclaimable:     726772 kB
Slab:             231832 kB
SReclaimable:      87656 kB
SUnreclaim:       144176 kB
KernelStack:       48736 kB
PageTables:        65976 kB
NFS_Unstable:          0 kB
Bounce:                0 kB
WritebackTmp:          0 kB
CommitLimit:     9202292 kB
Committed_AS:   71790128 kB
VmallocTotal:   263061440 kB
VmallocUsed:      105744 kB
VmallocChunk:          0 kB
Percpu:             7552 kB
CmaTotal:         294912 kB
CmaFree:               0 kB
MemTotal:       12113140 kB
MemFree:         2688988 kB
MemAvailable:    7555212 kB
Buffers:            6092 kB
Cached:          5036084 kB
SwapCached:            0 kB
Active:          3138708 kB
Inactive:        3722532 kB
Active(anon):    1825968 kB
Inactive(anon):    27116 kB
Active(file):    1312740 kB
Inactive(file):  3695416 kB
Unevictable:        5576 kB
Mlocked:            5576 kB
SwapTotal:       3145724 kB
SwapFree:        3145724 kB
Dirty:              2984 kB
Writeback:             0 kB
AnonPages:       1824736 kB
Mapped:           932016 kB
Shmem:             29484 kB
KReclaimable:     726772 kB
Slab:             231896 kB
SReclaimable:      87656 kB
SUnreclaim:       144240 kB
KernelStack:       48736 kB
PageTables:        66168 kB
NFS_Unstable:          0 kB
Bounce:                0 kB
WritebackTmp:          0 kB
CommitLimit:     9202292 kB
Committed_AS:   71799280 kB
VmallocTotal:   263061440 kB
VmallocUsed:      105744 kB
VmallocChunk:          0 kB
Percpu:             7552 kB
CmaTotal:         294912 kB
CmaFree:               0 kB
MemTotal:       12113140 kB
MemFree:         2689392 kB
MemAvailable:    7555616 kB
Buffers:            6092 kB
Cached:          5036088 kB
SwapCached:            0 kB
Active:          3139612 kB
Inactive:        3722476 kB
Active(anon):    1826812 kB
Inactive(anon):    27120 kB
Active(file):    1312800 kB
Inactive(file):  3695356 kB
Unevictable:        5576 kB
Mlocked:            5576 kB
SwapTotal:       3145724 kB
SwapFree:        3145724 kB
Dirty:              2992 kB
Writeback:             0 kB
AnonPages:       1825556 kB
Mapped:           932044 kB
Shmem:             29488 kB
KReclaimable:     726772 kB
Slab:             231888 kB
SReclaimable:      87656 kB
SUnreclaim:       144232 kB
KernelStack:       48736 kB
PageTables:        66168 kB
NFS_Unstable:          0 kB
Bounce:                0 kB
WritebackTmp:          0 kB
CommitLimit:     9202292 kB
Committed_AS:   71799204 kB
VmallocTotal:   263061440 kB
VmallocUsed:      105744 kB
VmallocChunk:          0 kB
Percpu:             7552 kB
CmaTotal:         294912 kB
CmaFree:               0 kB
MemTotal:       12113140 kB
MemFree:         2688688 kB
MemAvailable:    7555056 kB
Buffers:            6092 kB
Cached:          5036216 kB
SwapCached:            0 kB
Active:          3140572 kB
Inactive:        3722540 kB
Active(anon):    1827708 kB
Inactive(anon):    27120 kB
Active(file):    1312864 kB
Inactive(file):  3695420 kB
Unevictable:        5576 kB
Mlocked:            5576 kB
SwapTotal:       3145724 kB
SwapFree:        3145724 kB
Dirty:               532 kB
Writeback:             0 kB
AnonPages:       1826408 kB
Mapped:           932068 kB
Shmem:             29488 kB
KReclaimable:     726788 kB
Slab:             232144 kB
SReclaimable:      87672 kB
SUnreclaim:       144472 kB
KernelStack:       48736 kB
PageTables:        66080 kB
NFS_Unstable:          0 kB
Bounce:                0 kB
WritebackTmp:          0 kB
CommitLimit:     9202292 kB
Committed_AS:   71798992 kB
VmallocTotal:   263061440 kB
VmallocUsed:      105744 kB
VmallocChunk:          0 kB
Percpu:             7552 kB
CmaTotal:         294912 kB
CmaFree:               0 kB
MemTotal:       12113140 kB
MemFree:         2692872 kB
MemAvailable:    7559244 kB
Buffers:            6092 kB
Cached:          5036220 kB
SwapCached:            0 kB
Active:          3135388 kB
Inactive:        3722244 kB
Active(anon):    1822224 kB
Inactive(anon):    27120 kB
Active(file):    1313164 kB
Inactive(file):  3695124 kB
Unevictable:        5576 kB
Mlocked:            5576 kB
SwapTotal:       3145724 kB
SwapFree:        3145724 kB
Dirty:               380 kB
Writeback:             0 kB
AnonPages:       1821016 kB
Mapped:           932088 kB
Shmem:             29488 kB
KReclaimable:     726788 kB
Slab:             231932 kB
SReclaimable:      87672 kB
SUnreclaim:       144260 kB
KernelStack:       48736 kB
PageTables:        66164 kB
NFS_Unstable:          0 kB
Bounce:                0 kB
WritebackTmp:          0 kB
CommitLimit:     9202292 kB
Committed_AS:   71798404 kB
VmallocTotal:   263061440 kB
VmallocUsed:      105744 kB
VmallocChunk:          0 kB
Percpu:             7552 kB
CmaTotal:         294912 kB
CmaFree:              20 kB
MemTotal:       12113140 kB
MemFree:         2692824 kB
MemAvailable:    7558936 kB
Buffers:            6092 kB
Cached:          5036220 kB
SwapCached:            0 kB
Active:          3136300 kB
Inactive:        3722232 kB
Active(anon):    1823124 kB
Inactive(anon):    27120 kB
Active(file):    1313176 kB
Inactive(file):  3695112 kB
Unevictable:        5576 kB
Mlocked:            5576 kB
SwapTotal:       3145724 kB
SwapFree:        3145724 kB
Dirty:               416 kB
Writeback:             0 kB
AnonPages:       1821936 kB
Mapped:           932796 kB
Shmem:             29488 kB
KReclaimable:     726528 kB
Slab:             231936 kB
SReclaimable:      87656 kB
SUnreclaim:       144280 kB
KernelStack:       48736 kB
PageTables:        66168 kB
NFS_Unstable:          0 kB
Bounce:                0 kB
WritebackTmp:          0 kB
CommitLimit:     9202292 kB
Committed_AS:   71798072 kB
VmallocTotal:   263061440 kB
VmallocUsed:      105760 kB
VmallocChunk:          0 kB
Percpu:             7552 kB
CmaTotal:         294912 kB
CmaFree:               0 kB
MemTotal:       12113140 kB
MemFree:         2693356 kB
MemAvailable:    7559484 kB
Buffers:            6092 kB
Cached:          5036220 kB
SwapCached:            0 kB
Active:          3136168 kB
Inactive:        3722040 kB
Active(anon):    1822800 kB
Inactive(anon):    27120 kB
Active(file):    1313368 kB
Inactive(file):  3694920 kB
Unevictable:        5576 kB
Mlocked:            5576 kB
SwapTotal:       3145724 kB
SwapFree:        3145724 kB
Dirty:               464 kB
Writeback:             0 kB
AnonPages:       1821556 kB
Mapped:           932816 kB
Shmem:             29488 kB
KReclaimable:     726544 kB
Slab:             231952 kB
SReclaimable:      87672 kB
SUnreclaim:       144280 kB
KernelStack:       48736 kB
PageTables:        66168 kB
NFS_Unstable:          0 kB
Bounce:                0 kB
WritebackTmp:          0 kB
CommitLimit:     9202292 kB
Committed_AS:   71800320 kB
VmallocTotal:   263061440 kB
VmallocUsed:      105760 kB
VmallocChunk:          0 kB
Percpu:             7552 kB
CmaTotal:         294912 kB
CmaFree:               0 kB
MemTotal:       12113140 kB
MemFree:         2692456 kB
MemAvailable:    7558696 kB
Buffers:            6092 kB
Cached:          5036352 kB
SwapCached:            0 kB
Active:          3136748 kB
Inactive:        3722108 kB
Active(anon):    1823316 kB
Inactive(anon):    27124 kB
Active(file):    1313432 kB
Inactive(file):  3694984 kB
Unevictable:        5576 kB
Mlocked:            5576 kB
SwapTotal:       3145724 kB
SwapFree:        3145724 kB
Dirty:               592 kB
Writeback:             0 kB
AnonPages:       1822084 kB
Mapped:           932844 kB
Shmem:             29492 kB
KReclaimable:     726528 kB
Slab:             231936 kB
SReclaimable:      87656 kB
SUnreclaim:       144280 kB
KernelStack:       48736 kB
PageTables:        66164 kB
NFS_Unstable:          0 kB
Bounce:                0 kB
WritebackTmp:          0 kB
CommitLimit:     9202292 kB
Committed_AS:   71800004 kB
VmallocTotal:   263061440 kB
VmallocUsed:      105760 kB
VmallocChunk:          0 kB
Percpu:             7552 kB
CmaTotal:         294912 kB
CmaFree:               0 kB
MemTotal:       12113140 kB
MemFree:         2692012 kB
MemAvailable:    7558252 kB
Buffers:            6092 kB
Cached:          5036356 kB
SwapCached:            0 kB
Active:          3138580 kB
Inactive:        3722044 kB
Active(anon):    1825080 kB
Inactive(anon):    27128 kB
Active(file):    1313500 kB
Inactive(file):  3694916 kB
Unevictable:        5576 kB
Mlocked:            5576 kB
SwapTotal:       3145724 kB
SwapFree:        3145724 kB
Dirty:               588 kB
Writeback:             0 kB
AnonPages:       1823808 kB
Mapped:           932868 kB
Shmem:             29496 kB
KReclaimable:     726528 kB
Slab:             231936 kB
SReclaimable:      87656 kB
SUnreclaim:       144280 kB
KernelStack:       48736 kB
PageTables:        66164 kB
NFS_Unstable:          0 kB
Bounce:                0 kB
WritebackTmp:          0 kB
CommitLimit:     9202292 kB
Committed_AS:   71799788 kB
VmallocTotal:   263061440 kB
VmallocUsed:      105760 kB
VmallocChunk:          0 kB
Percpu:             7552 kB
CmaTotal:         294912 kB
CmaFree:               0 kB
MemTotal:       12113140 kB
MemFree:         2691028 kB
MemAvailable:    7557396 kB
Buffers:            6092 kB
Cached:          5036484 kB
SwapCached:            0 kB
Active:          3139284 kB
Inactive:        3721976 kB
Active(anon):    1825588 kB
Inactive(anon):    27128 kB
Active(file):    1313696 kB
Inactive(file):  3694848 kB
Unevictable:        5576 kB
Mlocked:            5576 kB
SwapTotal:       3145724 kB
SwapFree:        3145724 kB
Dirty:               732 kB
Writeback:             0 kB
AnonPages:       1824328 kB
Mapped:           932896 kB
Shmem:             29496 kB
KReclaimable:     726528 kB
Slab:             231904 kB
SReclaimable:      87656 kB
SUnreclaim:       144248 kB
KernelStack:       48736 kB
PageTables:        66084 kB
NFS_Unstable:          0 kB
Bounce:                0 kB
WritebackTmp:          0 kB
CommitLimit:     9202292 kB
Committed_AS:   71800028 kB
VmallocTotal:   263061440 kB
VmallocUsed:      105760 kB
VmallocChunk:          0 kB
Percpu:             7552 kB
CmaTotal:         294912 kB
CmaFree:               0 kB
MemTotal:       12113140 kB
MemFree:         2691304 kB
MemAvailable:    7557696 kB
Buffers:            6092 kB
Cached:          5036492 kB
SwapCached:            0 kB
Active:          3139504 kB
Inactive:        3721864 kB
Active(anon):    1825688 kB
Inactive(anon):    27128 kB
Active(file):    1313816 kB
Inactive(file):  3694736 kB
Unevictable:        5576 kB
Mlocked:            5576 kB
SwapTotal:       3145724 kB
SwapFree:        3145724 kB
Dirty:               752 kB
Writeback:             0 kB
AnonPages:       1824552 kB
Mapped:           932916 kB
Shmem:             29496 kB
KReclaimable:     726544 kB
Slab:             231952 kB
SReclaimable:      87672 kB
SUnreclaim:       144280 kB
KernelStack:       48736 kB
PageTables:        66156 kB
NFS_Unstable:          0 kB
Bounce:                0 kB
WritebackTmp:          0 kB
CommitLimit:     9202292 kB
Committed_AS:   71799684 kB
VmallocTotal:   263061440 kB
VmallocUsed:      105760 kB
VmallocChunk:          0 kB
Percpu:             7552 kB
CmaTotal:         294912 kB
CmaFree:               0 kB
MemTotal:       12113140 kB
MemFree:         2690988 kB
MemAvailable:    7557512 kB
Buffers:            6092 kB
Cached:          5036620 kB
SwapCached:            0 kB
Active:          3139160 kB
Inactive:        3721972 kB
Active(anon):    1825336 kB
Inactive(anon):    27128 kB
Active(file):    1313824 kB
Inactive(file):  3694844 kB
Unevictable:        5576 kB
Mlocked:            5576 kB
SwapTotal:       3145724 kB
SwapFree:        3145724 kB
Dirty:               904 kB
Writeback:             0 kB
AnonPages:       1824108 kB
Mapped:           932936 kB
Shmem:             29496 kB
KReclaimable:     726560 kB
Slab:             231976 kB
SReclaimable:      87688 kB
SUnreclaim:       144288 kB
KernelStack:       48736 kB
PageTables:        66164 kB
NFS_Unstable:          0 kB
Bounce:                0 kB
WritebackTmp:          0 kB
CommitLimit:     9202292 kB
Committed_AS:   71799648 kB
VmallocTotal:   263061440 kB
VmallocUsed:      105760 kB
VmallocChunk:          0 kB
Percpu:             7552 kB
CmaTotal:         294912 kB
CmaFree:               0 kB
MemTotal:       12113140 kB
MemFree:         2690548 kB
MemAvailable:    7557084 kB
Buffers:            6092 kB
Cached:          5036628 kB
SwapCached:            0 kB
Active:          3139708 kB
Inactive:        3721808 kB
Active(anon):    1825700 kB
Inactive(anon):    27136 kB
Active(file):    1314008 kB
Inactive(file):  3694672 kB
Unevictable:        5576 kB
Mlocked:            5576 kB
SwapTotal:       3145724 kB
SwapFree:        3145724 kB
Dirty:               916 kB
Writeback:             0 kB
AnonPages:       1824520 kB
Mapped:           932968 kB
Shmem:             29504 kB
KReclaimable:     726560 kB
Slab:             231976 kB
SReclaimable:      87688 kB
SUnreclaim:       144288 kB
KernelStack:       48736 kB
PageTables:        66168 kB
NFS_Unstable:          0 kB
Bounce:                0 kB
WritebackTmp:          0 kB
CommitLimit:     9202292 kB
Committed_AS:   71799252 kB
VmallocTotal:   263061440 kB
VmallocUsed:      105776 kB
VmallocChunk:          0 kB
Percpu:             7552 kB
CmaTotal:         294912 kB
CmaFree:               0 kB
MemTotal:       12113140 kB
MemFree:         2691740 kB
MemAvailable:    7558276 kB
Buffers:            6092 kB
Cached:          5036636 kB
SwapCached:            0 kB
Active:          3138596 kB
Inactive:        3721816 kB
Active(anon):    1824588 kB
Inactive(anon):    27144 kB
Active(file):    1314008 kB
Inactive(file):  3694672 kB
Unevictable:        5576 kB
Mlocked:            5576 kB
SwapTotal:       3145724 kB
SwapFree:        3145724 kB
Dirty:               916 kB
Writeback:             0 kB
AnonPages:       1823336 kB
Mapped:           933000 kB
Shmem:             29512 kB
KReclaimable:     726560 kB
Slab:             231968 kB
SReclaimable:      87688 kB
SUnreclaim:       144280 kB
KernelStack:       48736 kB
PageTables:        66168 kB
NFS_Unstable:          0 kB
Bounce:                0 kB
WritebackTmp:          0 kB
CommitLimit:     9202292 kB
Committed_AS:   71799040 kB
VmallocTotal:   263061440 kB
VmallocUsed:      105776 kB
VmallocChunk:          0 kB
Percpu:             7552 kB
CmaTotal:         294912 kB
CmaFree:               0 kB
MemTotal:       12113140 kB
MemFree:         2691160 kB
MemAvailable:    7558892 kB
Buffers:            6092 kB
Cached:          5036676 kB
SwapCached:            0 kB
Active:          3138140 kB
Inactive:        3721916 kB
Active(anon):    1824072 kB
Inactive(anon):    27304 kB
Active(file):    1314068 kB
Inactive(file):  3694612 kB
Unevictable:        5576 kB
Mlocked:            5576 kB
SwapTotal:       3145724 kB
SwapFree:        3145724 kB
Dirty:               920 kB
Writeback:             0 kB
AnonPages:       1822956 kB
Mapped:           932868 kB
Shmem:             29552 kB
KReclaimable:     727756 kB
Slab:             231952 kB
SReclaimable:      87672 kB
SUnreclaim:       144280 kB
KernelStack:       48752 kB
PageTables:        66168 kB
NFS_Unstable:          0 kB
Bounce:                0 kB
WritebackTmp:          0 kB
CommitLimit:     9202292 kB
Committed_AS:   71798856 kB
VmallocTotal:   263061440 kB
VmallocUsed:      105776 kB
VmallocChunk:          0 kB
Percpu:             7552 kB
CmaTotal:         294912 kB
CmaFree:               0 kB
MemTotal:       12113140 kB
MemFree:         2691148 kB
MemAvailable:    7559028 kB
Buffers:            6092 kB
Cached:          5036816 kB
SwapCached:            0 kB
Active:          3139176 kB
Inactive:        3721936 kB
Active(anon):    1824988 kB
Inactive(anon):    27312 kB
Active(file):    1314188 kB
Inactive(file):  3694624 kB
Unevictable:        5576 kB
Mlocked:            5576 kB
SwapTotal:       3145724 kB
SwapFree:        3145724 kB
Dirty:              1064 kB
Writeback:             0 kB
AnonPages:       1823896 kB
Mapped:           932964 kB
Shmem:             29560 kB
KReclaimable:     727772 kB
Slab:             231976 kB
SReclaimable:      87688 kB
SUnreclaim:       144288 kB
KernelStack:       48752 kB
PageTables:        66160 kB
NFS_Unstable:          0 kB
Bounce:                0 kB
WritebackTmp:          0 kB
CommitLimit:     9202292 kB
Committed_AS:   71798700 kB
VmallocTotal:   263061440 kB
VmallocUsed:      105792 kB
VmallocChunk:          0 kB
Percpu:             7552 kB
CmaTotal:         294912 kB
CmaFree:               0 kB
MemTotal:       12113140 kB
MemFree:         2689540 kB
MemAvailable:    7557428 kB
Buffers:            6100 kB
Cached:          5036832 kB
SwapCached:            0 kB
Active:          3140868 kB
Inactive:        3721756 kB
Active(anon):    1826476 kB
Inactive(anon):    27312 kB
Active(file):    1314392 kB
Inactive(file):  3694444 kB
Unevictable:        5576 kB
Mlocked:            5576 kB
SwapTotal:       3145724 kB
SwapFree:        3145724 kB
Dirty:              1044 kB
Writeback:             0 kB
AnonPages:       1825396 kB
Mapped:           932988 kB
Shmem:             29560 kB
KReclaimable:     727756 kB
Slab:             231952 kB
SReclaimable:      87672 kB
SUnreclaim:       144280 kB
KernelStack:       48784 kB
PageTables:        66176 kB
NFS_Unstable:          0 kB
Bounce:                0 kB
WritebackTmp:          0 kB
CommitLimit:     9202292 kB
Committed_AS:   71798200 kB
VmallocTotal:   263061440 kB
VmallocUsed:      105792 kB
VmallocChunk:          0 kB
Percpu:             7552 kB
CmaTotal:         294912 kB
CmaFree:               0 kB
MemTotal:       12113140 kB
MemFree:         2688760 kB
MemAvailable:    7556796 kB
Buffers:            6100 kB
Cached:          5036968 kB
SwapCached:            0 kB
Active:          3141316 kB
Inactive:        3721764 kB
Active(anon):    1826796 kB
Inactive(anon):    27316 kB
Active(file):    1314520 kB
Inactive(file):  3694448 kB
Unevictable:        5576 kB
Mlocked:            5576 kB
SwapTotal:       3145724 kB
SwapFree:        3145724 kB
Dirty:              1176 kB
Writeback:             0 kB
AnonPages:       1825632 kB
Mapped:           933012 kB
Shmem:             29564 kB
KReclaimable:     727772 kB
Slab:             231968 kB
SReclaimable:      87688 kB
SUnreclaim:       144280 kB
KernelStack:       48752 kB
PageTables:        66156 kB
NFS_Unstable:          0 kB
Bounce:                0 kB
WritebackTmp:          0 kB
CommitLimit:     9202292 kB
Committed_AS:   71798016 kB
VmallocTotal:   263061440 kB
VmallocUsed:      105792 kB
VmallocChunk:          0 kB
Percpu:             7552 kB
CmaTotal:         294912 kB
CmaFree:               0 kB
MemTotal:       12113140 kB
MemFree:         2688780 kB
MemAvailable:    7556800 kB
Buffers:            6100 kB
Cached:          5036976 kB
SwapCached:            0 kB
Active:          3141980 kB
Inactive:        3721632 kB
Active(anon):    1827320 kB
Inactive(anon):    27324 kB
Active(file):    1314660 kB
Inactive(file):  3694308 kB
Unevictable:        5576 kB
Mlocked:            5576 kB
SwapTotal:       3145724 kB
SwapFree:        3145724 kB
Dirty:              1196 kB
Writeback:             0 kB
AnonPages:       1826104 kB
Mapped:           933044 kB
Shmem:             29572 kB
KReclaimable:     727756 kB
Slab:             231960 kB
SReclaimable:      87672 kB
SUnreclaim:       144288 kB
KernelStack:       48752 kB
PageTables:        66160 kB
NFS_Unstable:          0 kB
Bounce:                0 kB
WritebackTmp:          0 kB
CommitLimit:     9202292 kB
Committed_AS:   71797672 kB
VmallocTotal:   263061440 kB
VmallocUsed:      105792 kB
VmallocChunk:          0 kB
Percpu:             7552 kB
CmaTotal:         294912 kB
CmaFree:               0 kB
MemTotal:       12113140 kB
MemFree:         2687544 kB
MemAvailable:    7555564 kB
Buffers:            6100 kB
Cached:          5036976 kB
SwapCached:            0 kB
Active:          3143632 kB
Inactive:        3721632 kB
Active(anon):    1828972 kB
Inactive(anon):    27324 kB
Active(file):    1314660 kB
Inactive(file):  3694308 kB
Unevictable:        5576 kB
Mlocked:            5576 kB
SwapTotal:       3145724 kB
SwapFree:        3145724 kB
Dirty:              1216 kB
Writeback:             0 kB
AnonPages:       1827880 kB
Mapped:           933048 kB
Shmem:             29572 kB
KReclaimable:     727756 kB
Slab:             231952 kB
SReclaimable:      87672 kB
SUnreclaim:       144280 kB
KernelStack:       48752 kB
PageTables:        66160 kB
NFS_Unstable:          0 kB
Bounce:                0 kB
WritebackTmp:          0 kB
CommitLimit:     9202292 kB
Committed_AS:   71797232 kB
VmallocTotal:   263061440 kB
VmallocUsed:      105792 kB
VmallocChunk:          0 kB
Percpu:             7552 kB
CmaTotal:         294912 kB
CmaFree:               0 kB
MemTotal:       12113140 kB
MemFree:         2686564 kB
MemAvailable:    7554676 kB
Buffers:            6100 kB
Cached:          5037104 kB
SwapCached:            0 kB
Active:          3144324 kB
Inactive:        3721556 kB
Active(anon):    1829496 kB
Inactive(anon):    27324 kB
Active(file):    1314828 kB
Inactive(file):  3694232 kB
Unevictable:        5576 kB
Mlocked:            5576 kB
SwapTotal:       3145724 kB
SwapFree:        3145724 kB
Dirty:              1344 kB
Writeback:             0 kB
AnonPages:       1828528 kB
Mapped:           933048 kB
Shmem:             29572 kB
KReclaimable:     727756 kB
Slab:             231960 kB
SReclaimable:      87672 kB
SUnreclaim:       144288 kB
KernelStack:       48752 kB
PageTables:        66156 kB
NFS_Unstable:          0 kB
Bounce:                0 kB
WritebackTmp:          0 kB
CommitLimit:     9202292 kB
Committed_AS:   71796792 kB
VmallocTotal:   263061440 kB
VmallocUsed:      105792 kB
VmallocChunk:          0 kB
Percpu:             7552 kB
CmaTotal:         294912 kB
CmaFree:               0 kB
MemTotal:       12113140 kB
MemFree:         2685564 kB
MemAvailable:    7553728 kB
Buffers:            6100 kB
Cached:          5037104 kB
SwapCached:            0 kB
Active:          3144368 kB
Inactive:        3721468 kB
Active(anon):    1829416 kB
Inactive(anon):    27324 kB
Active(file):    1314952 kB
Inactive(file):  3694144 kB
Unevictable:        5576 kB
Mlocked:            5576 kB
SwapTotal:       3145724 kB
SwapFree:        3145724 kB
Dirty:              1364 kB
Writeback:             0 kB
AnonPages:       1828232 kB
Mapped:           933048 kB
Shmem:             29572 kB
KReclaimable:     727772 kB
Slab:             231976 kB
SReclaimable:      87688 kB
SUnreclaim:       144288 kB
KernelStack:       48768 kB
PageTables:        66164 kB
NFS_Unstable:          0 kB
Bounce:                0 kB
WritebackTmp:          0 kB
CommitLimit:     9202292 kB
Committed_AS:   71796836 kB
VmallocTotal:   263061440 kB
VmallocUsed:      105776 kB
VmallocChunk:          0 kB
Percpu:             7552 kB
CmaTotal:         294912 kB
CmaFree:               0 kB
MemTotal:       12113140 kB
MemFree:         2685216 kB
MemAvailable:    7553364 kB
Buffers:            6100 kB
Cached:          5037104 kB
SwapCached:            0 kB
Active:          3144512 kB
Inactive:        3721468 kB
Active(anon):    1829560 kB
Inactive(anon):    27324 kB
Active(file):    1314952 kB
Inactive(file):  3694144 kB
Unevictable:        5576 kB
Mlocked:            5576 kB
SwapTotal:       3145724 kB
SwapFree:        3145724 kB
Dirty:              1368 kB
Writeback:             0 kB
AnonPages:       1828456 kB
Mapped:           933048 kB
Shmem:             29572 kB
KReclaimable:     727756 kB
Slab:             231960 kB
SReclaimable:      87672 kB
SUnreclaim:       144288 kB
KernelStack:       48752 kB
PageTables:        66168 kB
NFS_Unstable:          0 kB
Bounce:                0 kB
WritebackTmp:          0 kB
CommitLimit:     9202292 kB
Committed_AS:   71796580 kB
VmallocTotal:   263061440 kB
VmallocUsed:      105776 kB
VmallocChunk:          0 kB
Percpu:             7552 kB
CmaTotal:         294912 kB
CmaFree:               0 kB
MemTotal:       12113140 kB
MemFree:         2684436 kB
MemAvailable:    7553624 kB
Buffers:            6100 kB
Cached:          5038184 kB
SwapCached:            0 kB
Active:          3145788 kB
Inactive:        3722416 kB
Active(anon):    1830704 kB
Inactive(anon):    27364 kB
Active(file):    1315084 kB
Inactive(file):  3695052 kB
Unevictable:        5576 kB
Mlocked:            5576 kB
SwapTotal:       3145724 kB
SwapFree:        3145724 kB
Dirty:              1520 kB
Writeback:             0 kB
AnonPages:       1829528 kB
Mapped:           933088 kB
Shmem:             29612 kB
KReclaimable:     727756 kB
Slab:             231960 kB
SReclaimable:      87672 kB
SUnreclaim:       144288 kB
KernelStack:       48832 kB
PageTables:        66168 kB
NFS_Unstable:          0 kB
Bounce:                0 kB
WritebackTmp:          0 kB
CommitLimit:     9202292 kB
Committed_AS:   71804624 kB
VmallocTotal:   263061440 kB
VmallocUsed:      105824 kB
VmallocChunk:          0 kB
Percpu:             7552 kB
CmaTotal:         294912 kB
CmaFree:               0 kB
MemTotal:       12113140 kB
MemFree:         2681680 kB
MemAvailable:    7550892 kB
Buffers:            6100 kB
Cached:          5038192 kB
SwapCached:            0 kB
Active:          3146808 kB
Inactive:        3722308 kB
Active(anon):    1831608 kB
Inactive(anon):    27364 kB
Active(file):    1315200 kB
Inactive(file):  3694944 kB
Unevictable:        5576 kB
Mlocked:            5576 kB
SwapTotal:       3145724 kB
SwapFree:        3145724 kB
Dirty:              1552 kB
Writeback:             0 kB
AnonPages:       1830460 kB
Mapped:           933088 kB
Shmem:             29612 kB
KReclaimable:     727772 kB
Slab:             231976 kB
SReclaimable:      87688 kB
SUnreclaim:       144288 kB
KernelStack:       48832 kB
PageTables:        66176 kB
NFS_Unstable:          0 kB
Bounce:                0 kB
WritebackTmp:          0 kB
CommitLimit:     9202292 kB
Committed_AS:   71804420 kB
VmallocTotal:   263061440 kB
VmallocUsed:      105792 kB
VmallocChunk:          0 kB
Percpu:             7552 kB
CmaTotal:         294912 kB
CmaFree:               0 kB
MemTotal:       12113140 kB
MemFree:         2654684 kB
MemAvailable:    7523980 kB
Buffers:            6100 kB
Cached:          5038276 kB
SwapCached:            0 kB
Active:          3175784 kB
Inactive:        3722392 kB
Active(anon):    1860584 kB
Inactive(anon):    27364 kB
Active(file):    1315200 kB
Inactive(file):  3695028 kB
Unevictable:        5576 kB
Mlocked:            5576 kB
SwapTotal:       3145724 kB
SwapFree:        3145724 kB
Dirty:              1584 kB
Writeback:             0 kB
AnonPages:       1859652 kB
Mapped:           933088 kB
Shmem:             29612 kB
KReclaimable:     727772 kB
Slab:             231976 kB
SReclaimable:      87688 kB
SUnreclaim:       144288 kB
KernelStack:       48832 kB
PageTables:        66168 kB
NFS_Unstable:          0 kB
Bounce:                0 kB
WritebackTmp:          0 kB
CommitLimit:     9202292 kB
Committed_AS:   71803576 kB
VmallocTotal:   263061440 kB
VmallocUsed:      105808 kB
VmallocChunk:          0 kB
Percpu:             7552 kB
CmaTotal:         294912 kB
CmaFree:               0 kB
MemTotal:       12113140 kB
MemFree:         2661360 kB
MemAvailable:    7530784 kB
Buffers:            6100 kB
Cached:          5038412 kB
SwapCached:            0 kB
Active:          3166956 kB
Inactive:        3722336 kB
Active(anon):    1851564 kB
Inactive(anon):    27372 kB
Active(file):    1315392 kB
Inactive(file):  3694964 kB
Unevictable:        5576 kB
Mlocked:            5576 kB
SwapTotal:       3145724 kB
SwapFree:        3145724 kB
Dirty:              1712 kB
Writeback:             0 kB
AnonPages:       1850480 kB
Mapped:           933096 kB
Shmem:             29620 kB
KReclaimable:     727772 kB
Slab:             231968 kB
SReclaimable:      87688 kB
SUnreclaim:       144280 kB
KernelStack:       48832 kB
PageTables:        66176 kB
NFS_Unstable:          0 kB
Bounce:                0 kB
WritebackTmp:          0 kB
CommitLimit:     9202292 kB
Committed_AS:   71803364 kB
VmallocTotal:   263061440 kB
VmallocUsed:      105824 kB
VmallocChunk:          0 kB
Percpu:             7552 kB
CmaTotal:         294912 kB
CmaFree:               0 kB
MemTotal:       12113140 kB
MemFree:         2682120 kB
MemAvailable:    7551544 kB
Buffers:            6100 kB
Cached:          5038412 kB
SwapCached:            0 kB
Active:          3143896 kB
Inactive:        3722152 kB
Active(anon):    1828320 kB
Inactive(anon):    27372 kB
Active(file):    1315576 kB
Inactive(file):  3694780 kB
Unevictable:        5576 kB
Mlocked:            5576 kB
SwapTotal:       3145724 kB
SwapFree:        3145724 kB
Dirty:              1728 kB
Writeback:             0 kB
AnonPages:       1827268 kB
Mapped:           933096 kB
Shmem:             29620 kB
KReclaimable:     727772 kB
Slab:             232000 kB
SReclaimable:      87688 kB
SUnreclaim:       144312 kB
KernelStack:       48864 kB
PageTables:        66224 kB
NFS_Unstable:          0 kB
Bounce:                0 kB
WritebackTmp:          0 kB
CommitLimit:     9202292 kB
Committed_AS:   71803644 kB
VmallocTotal:   263061440 kB
VmallocUsed:      105824 kB
VmallocChunk:          0 kB
Percpu:             7552 kB
CmaTotal:         294912 kB
CmaFree:               0 kB
MemTotal:       12113140 kB
MemFree:         2671268 kB
MemAvailable:    7540684 kB
Buffers:            6100 kB
Cached:          5038400 kB
SwapCached:            0 kB
Active:          3153932 kB
Inactive:        3722136 kB
Active(anon):    1838352 kB
Inactive(anon):    27352 kB
Active(file):    1315580 kB
Inactive(file):  3694784 kB
Unevictable:        5576 kB
Mlocked:            5576 kB
SwapTotal:       3145724 kB
SwapFree:        3145724 kB
Dirty:              1728 kB
Writeback:             0 kB
AnonPages:       1837248 kB
Mapped:           933076 kB
Shmem:             29600 kB
KReclaimable:     727756 kB
Slab:             231992 kB
SReclaimable:      87672 kB
SUnreclaim:       144320 kB
KernelStack:       48752 kB
PageTables:        66172 kB
NFS_Unstable:          0 kB
Bounce:                0 kB
WritebackTmp:          0 kB
CommitLimit:     9202292 kB
Committed_AS:   71801560 kB
VmallocTotal:   263061440 kB
VmallocUsed:      105824 kB
VmallocChunk:          0 kB
Percpu:             7552 kB
CmaTotal:         294912 kB
CmaFree:               0 kB
MemTotal:       12113140 kB
MemFree:         2669952 kB
MemAvailable:    7539512 kB
Buffers:            6100 kB
Cached:          5038532 kB
SwapCached:            0 kB
Active:          3155572 kB
Inactive:        3722268 kB
Active(anon):    1839992 kB
Inactive(anon):    27356 kB
Active(file):    1315580 kB
Inactive(file):  3694912 kB
Unevictable:        5576 kB
Mlocked:            5576 kB
SwapTotal:       3145724 kB
SwapFree:        3145724 kB
Dirty:              1856 kB
Writeback:             0 kB
AnonPages:       1838860 kB
Mapped:           933132 kB
Shmem:             29604 kB
KReclaimable:     727772 kB
Slab:             231976 kB
SReclaimable:      87688 kB
SUnreclaim:       144288 kB
KernelStack:       48752 kB
PageTables:        66168 kB
NFS_Unstable:          0 kB
Bounce:                0 kB
WritebackTmp:          0 kB
CommitLimit:     9202292 kB
Committed_AS:   71801164 kB
VmallocTotal:   263061440 kB
VmallocUsed:      105808 kB
VmallocChunk:          0 kB
Percpu:             7552 kB
CmaTotal:         294912 kB
CmaFree:               0 kB
MemTotal:       12113140 kB
MemFree:         2669980 kB
MemAvailable:    7539540 kB
Buffers:            6100 kB
Cached:          5038592 kB
SwapCached:            0 kB
Active:          3156384 kB
Inactive:        3722264 kB
Active(anon):    1840740 kB
Inactive(anon):    27416 kB
Active(file):    1315644 kB
Inactive(file):  3694848 kB
Unevictable:        5576 kB
Mlocked:            5576 kB
SwapTotal:       3145724 kB
SwapFree:        3145724 kB
Dirty:              2072 kB
Writeback:             0 kB
AnonPages:       1839780 kB
Mapped:           933192 kB
Shmem:             29664 kB
KReclaimable:     727772 kB
Slab:             231992 kB
SReclaimable:      87688 kB
SUnreclaim:       144304 kB
KernelStack:       48784 kB
PageTables:        66216 kB
NFS_Unstable:          0 kB
Bounce:                0 kB
WritebackTmp:          0 kB
CommitLimit:     9202292 kB
Committed_AS:   71800856 kB
VmallocTotal:   263061440 kB
VmallocUsed:      105776 kB
VmallocChunk:          0 kB
Percpu:             7552 kB
CmaTotal:         294912 kB
CmaFree:               0 kB
MemTotal:       12113140 kB
MemFree:         2669088 kB
MemAvailable:    7538668 kB
Buffers:            6104 kB
Cached:          5038608 kB
SwapCached:            0 kB
Active:          3157168 kB
Inactive:        3722084 kB
Active(anon):    1841324 kB
Inactive(anon):    27416 kB
Active(file):    1315844 kB
Inactive(file):  3694668 kB
Unevictable:        5576 kB
Mlocked:            5576 kB
SwapTotal:       3145724 kB
SwapFree:        3145724 kB
Dirty:              2056 kB
Writeback:             0 kB
AnonPages:       1840248 kB
Mapped:           933256 kB
Shmem:             29664 kB
KReclaimable:     727772 kB
Slab:             231972 kB
SReclaimable:      87688 kB
SUnreclaim:       144284 kB
KernelStack:       48752 kB
PageTables:        66164 kB
NFS_Unstable:          0 kB
Bounce:                0 kB
WritebackTmp:          0 kB
CommitLimit:     9202292 kB
Committed_AS:   71800764 kB
VmallocTotal:   263061440 kB
VmallocUsed:      105776 kB
VmallocChunk:          0 kB
Percpu:             7552 kB
CmaTotal:         294912 kB
CmaFree:               0 kB
MemTotal:       12113140 kB
MemFree:         2669620 kB
MemAvailable:    7539304 kB
Buffers:            6104 kB
Cached:          5038736 kB
SwapCached:            0 kB
Active:          3157292 kB
Inactive:        3722200 kB
Active(anon):    1841444 kB
Inactive(anon):    27416 kB
Active(file):    1315848 kB
Inactive(file):  3694784 kB
Unevictable:        5576 kB
Mlocked:            5576 kB
SwapTotal:       3145724 kB
SwapFree:        3145724 kB
Dirty:              2184 kB
Writeback:             0 kB
AnonPages:       1840456 kB
Mapped:           933260 kB
Shmem:             29664 kB
KReclaimable:     727756 kB
Slab:             231956 kB
SReclaimable:      87672 kB
SUnreclaim:       144284 kB
KernelStack:       48784 kB
PageTables:        66160 kB
NFS_Unstable:          0 kB
Bounce:                0 kB
WritebackTmp:          0 kB
CommitLimit:     9202292 kB
Committed_AS:   71800836 kB
VmallocTotal:   263061440 kB
VmallocUsed:      105808 kB
VmallocChunk:          0 kB
Percpu:             7552 kB
CmaTotal:         294912 kB
CmaFree:               0 kB
MemTotal:       12113140 kB
MemFree:         2670336 kB
MemAvailable:    7540028 kB
Buffers:            6104 kB
Cached:          5038736 kB
SwapCached:            0 kB
Active:          3157768 kB
Inactive:        3722148 kB
Active(anon):    1841860 kB
Inactive(anon):    27416 kB
Active(file):    1315908 kB
Inactive(file):  3694732 kB
Unevictable:        5576 kB
Mlocked:            5576 kB
SwapTotal:       3145724 kB
SwapFree:        3145724 kB
Dirty:              2212 kB
Writeback:             0 kB
AnonPages:       1840680 kB
Mapped:           933260 kB
Shmem:             29664 kB
KReclaimable:     727756 kB
Slab:             231948 kB
SReclaimable:      87672 kB
SUnreclaim:       144276 kB
KernelStack:       48784 kB
PageTables:        66164 kB
NFS_Unstable:          0 kB
Bounce:                0 kB
WritebackTmp:          0 kB
CommitLimit:     9202292 kB
Committed_AS:   71800984 kB
VmallocTotal:   263061440 kB
VmallocUsed:      105808 kB
VmallocChunk:          0 kB
Percpu:             7552 kB
CmaTotal:         294912 kB
CmaFree:               0 kB
MemTotal:       12113140 kB
MemFree:         2671624 kB
MemAvailable:    7541332 kB
Buffers:            6104 kB
Cached:          5038740 kB
SwapCached:            0 kB
Active:          3156976 kB
Inactive:        3721948 kB
Active(anon):    1840864 kB
Inactive(anon):    27420 kB
Active(file):    1316112 kB
Inactive(file):  3694528 kB
Unevictable:        5576 kB
Mlocked:            5576 kB
SwapTotal:       3145724 kB
SwapFree:        3145724 kB
Dirty:              2212 kB
Writeback:             0 kB
AnonPages:       1839676 kB
Mapped:           933264 kB
Shmem:             29668 kB
KReclaimable:     727772 kB
Slab:             231964 kB
SReclaimable:      87688 kB
SUnreclaim:       144276 kB
KernelStack:       48784 kB
PageTables:        66156 kB
NFS_Unstable:          0 kB
Bounce:                0 kB
WritebackTmp:          0 kB
CommitLimit:     9202292 kB
Committed_AS:   71800852 kB
VmallocTotal:   263061440 kB
VmallocUsed:      105808 kB
VmallocChunk:          0 kB
Percpu:             7552 kB
CmaTotal:         294912 kB
CmaFree:               0 kB
MemTotal:       12113140 kB
MemFree:         2672708 kB
MemAvailable:    7542528 kB
Buffers:            6104 kB
Cached:          5038868 kB
SwapCached:            0 kB
Active:          3156716 kB
Inactive:        3721832 kB
Active(anon):    1840360 kB
Inactive(anon):    27420 kB
Active(file):    1316356 kB
Inactive(file):  3694412 kB
Unevictable:        5576 kB
Mlocked:            5576 kB
SwapTotal:       3145724 kB
SwapFree:        3145724 kB
Dirty:              2340 kB
Writeback:             0 kB
AnonPages:       1839228 kB
Mapped:           933264 kB
Shmem:             29668 kB
KReclaimable:     727756 kB
Slab:             231948 kB
SReclaimable:      87672 kB
SUnreclaim:       144276 kB
KernelStack:       48784 kB
PageTables:        66168 kB
NFS_Unstable:          0 kB
Bounce:                0 kB
WritebackTmp:          0 kB
CommitLimit:     9202292 kB
Committed_AS:   71800368 kB
VmallocTotal:   263061440 kB
VmallocUsed:      105808 kB
VmallocChunk:          0 kB
Percpu:             7552 kB
CmaTotal:         294912 kB
CmaFree:              44 kB
MemTotal:       12113140 kB
MemFree:         2672344 kB
MemAvailable:    7542164 kB
Buffers:            6104 kB
Cached:          5038868 kB
SwapCached:            0 kB
Active:          3157084 kB
Inactive:        3721760 kB
Active(anon):    1840656 kB
Inactive(anon):    27420 kB
Active(file):    1316428 kB
Inactive(file):  3694340 kB
Unevictable:        5576 kB
Mlocked:            5576 kB
SwapTotal:       3145724 kB
SwapFree:        3145724 kB
Dirty:              2352 kB
Writeback:             0 kB
AnonPages:       1839512 kB
Mapped:           933264 kB
Shmem:             29668 kB
KReclaimable:     727756 kB
Slab:             231948 kB
SReclaimable:      87672 kB
SUnreclaim:       144276 kB
KernelStack:       48784 kB
PageTables:        66168 kB
NFS_Unstable:          0 kB
Bounce:                0 kB
WritebackTmp:          0 kB
CommitLimit:     9202292 kB
Committed_AS:   71800448 kB
VmallocTotal:   263061440 kB
VmallocUsed:      105808 kB
VmallocChunk:          0 kB
Percpu:             7552 kB
CmaTotal:         294912 kB
CmaFree:               0 kB
MemTotal:       12113140 kB
MemFree:         2671816 kB
MemAvailable:    7541764 kB
Buffers:            6104 kB
Cached:          5038996 kB
SwapCached:            0 kB
Active:          3157544 kB
Inactive:        3721768 kB
Active(anon):    1840996 kB
Inactive(anon):    27420 kB
Active(file):    1316548 kB
Inactive(file):  3694348 kB
Unevictable:        5576 kB
Mlocked:            5576 kB
SwapTotal:       3145724 kB
SwapFree:        3145724 kB
Dirty:              2480 kB
Writeback:             0 kB
AnonPages:       1839872 kB
Mapped:           933264 kB
Shmem:             29668 kB
KReclaimable:     727756 kB
Slab:             231956 kB
SReclaimable:      87672 kB
SUnreclaim:       144284 kB
KernelStack:       48768 kB
PageTables:        66164 kB
NFS_Unstable:          0 kB
Bounce:                0 kB
WritebackTmp:          0 kB
CommitLimit:     9202292 kB
Committed_AS:   71803688 kB
VmallocTotal:   263061440 kB
VmallocUsed:      105856 kB
VmallocChunk:          0 kB
Percpu:             7552 kB
CmaTotal:         294912 kB
CmaFree:               0 kB
MemTotal:       12113140 kB
MemFree:         2671336 kB
MemAvailable:    7541300 kB
Buffers:            6104 kB
Cached:          5038996 kB
SwapCached:            0 kB
Active:          3157692 kB
Inactive:        3721764 kB
Active(anon):    1841140 kB
Inactive(anon):    27420 kB
Active(file):    1316552 kB
Inactive(file):  3694344 kB
Unevictable:        5576 kB
Mlocked:            5576 kB
SwapTotal:       3145724 kB
SwapFree:        3145724 kB
Dirty:              2480 kB
Writeback:             0 kB
AnonPages:       1840096 kB
Mapped:           933264 kB
Shmem:             29668 kB
KReclaimable:     727772 kB
Slab:             231980 kB
SReclaimable:      87688 kB
SUnreclaim:       144292 kB
KernelStack:       48768 kB
PageTables:        66156 kB
NFS_Unstable:          0 kB
Bounce:                0 kB
WritebackTmp:          0 kB
CommitLimit:     9202292 kB
Committed_AS:   71798120 kB
VmallocTotal:   263061440 kB
VmallocUsed:      105824 kB
VmallocChunk:          0 kB
Percpu:             7552 kB
CmaTotal:         294912 kB
CmaFree:               0 kB
MemTotal:       12113140 kB
MemFree:         2670392 kB
MemAvailable:    7540356 kB
Buffers:            6104 kB
Cached:          5039000 kB
SwapCached:            0 kB
Active:          3157972 kB
Inactive:        3721764 kB
Active(anon):    1841416 kB
Inactive(anon):    27424 kB
Active(file):    1316556 kB
Inactive(file):  3694340 kB
Unevictable:        5576 kB
Mlocked:            5576 kB
SwapTotal:       3145724 kB
SwapFree:        3145724 kB
Dirty:               572 kB
Writeback:             0 kB
AnonPages:       1840244 kB
Mapped:           933268 kB
Shmem:             29672 kB
KReclaimable:     727772 kB
Slab:             232000 kB
SReclaimable:      87688 kB
SUnreclaim:       144312 kB
KernelStack:       48768 kB
PageTables:        66164 kB
NFS_Unstable:          0 kB
Bounce:                0 kB
WritebackTmp:          0 kB
CommitLimit:     9202292 kB
Committed_AS:   71793880 kB
VmallocTotal:   263061440 kB
VmallocUsed:      105824 kB
VmallocChunk:          0 kB
Percpu:             7552 kB
CmaTotal:         294912 kB
CmaFree:               0 kB
MemTotal:       12113140 kB
MemFree:         2672728 kB
MemAvailable:    7542832 kB
Buffers:            6104 kB
Cached:          5039148 kB
SwapCached:            0 kB
Active:          3156024 kB
Inactive:        3721912 kB
Active(anon):    1839468 kB
Inactive(anon):    27432 kB
Active(file):    1316556 kB
Inactive(file):  3694480 kB
Unevictable:        5576 kB
Mlocked:            5576 kB
SwapTotal:       3145724 kB
SwapFree:        3145724 kB
Dirty:               748 kB
Writeback:             0 kB
AnonPages:       1838176 kB
Mapped:           933268 kB
Shmem:             29680 kB
KReclaimable:     727772 kB
Slab:             231992 kB
SReclaimable:      87688 kB
SUnreclaim:       144304 kB
KernelStack:       48736 kB
PageTables:        66136 kB
NFS_Unstable:          0 kB
Bounce:                0 kB
WritebackTmp:          0 kB
CommitLimit:     9202292 kB
Committed_AS:   71787520 kB
VmallocTotal:   263061440 kB
VmallocUsed:      105792 kB
VmallocChunk:          0 kB
Percpu:             7552 kB
CmaTotal:         294912 kB
CmaFree:               0 kB
MemTotal:       12113140 kB
MemFree:         2671972 kB
MemAvailable:    7542076 kB
Buffers:            6104 kB
Cached:          5039156 kB
SwapCached:            0 kB
Active:          3156620 kB
Inactive:        3721796 kB
Active(anon):    1839940 kB
Inactive(anon):    27440 kB
Active(file):    1316680 kB
Inactive(file):  3694356 kB
Unevictable:        5576 kB
Mlocked:            5576 kB
SwapTotal:       3145724 kB
SwapFree:        3145724 kB
Dirty:               748 kB
Writeback:             0 kB
AnonPages:       1839004 kB
Mapped:           933276 kB
Shmem:             29688 kB
KReclaimable:     727772 kB
Slab:             231992 kB
SReclaimable:      87688 kB
SUnreclaim:       144304 kB
KernelStack:       48736 kB
PageTables:        66144 kB
NFS_Unstable:          0 kB
Bounce:                0 kB
WritebackTmp:          0 kB
CommitLimit:     9202292 kB
Committed_AS:   71790904 kB
VmallocTotal:   263061440 kB
VmallocUsed:      105792 kB
VmallocChunk:          0 kB
Percpu:             7552 kB
CmaTotal:         294912 kB
CmaFree:               0 kB
MemTotal:       12113140 kB
MemFree:         2671516 kB
MemAvailable:    7541620 kB
Buffers:            6104 kB
Cached:          5039156 kB
SwapCached:            0 kB
Active:          3157140 kB
Inactive:        3721676 kB
Active(anon):    1840340 kB
Inactive(anon):    27440 kB
Active(file):    1316800 kB
Inactive(file):  3694236 kB
Unevictable:        5576 kB
Mlocked:            5576 kB
SwapTotal:       3145724 kB
SwapFree:        3145724 kB
Dirty:               760 kB
Writeback:             0 kB
AnonPages:       1839096 kB
Mapped:           933276 kB
Shmem:             29688 kB
KReclaimable:     727772 kB
Slab:             231992 kB
SReclaimable:      87688 kB
SUnreclaim:       144304 kB
KernelStack:       48736 kB
PageTables:        66148 kB
NFS_Unstable:          0 kB
Bounce:                0 kB
WritebackTmp:          0 kB
CommitLimit:     9202292 kB
Committed_AS:   71793192 kB
VmallocTotal:   263061440 kB
VmallocUsed:      105792 kB
VmallocChunk:          0 kB
Percpu:             7552 kB
CmaTotal:         294912 kB
CmaFree:               0 kB
MemTotal:       12113140 kB
MemFree:         2671272 kB
MemAvailable:    7541504 kB
Buffers:            6104 kB
Cached:          5039284 kB
SwapCached:            0 kB
Active:          3157416 kB
Inactive:        3721744 kB
Active(anon):    1840556 kB
Inactive(anon):    27440 kB
Active(file):    1316860 kB
Inactive(file):  3694304 kB
Unevictable:        5576 kB
Mlocked:            5576 kB
SwapTotal:       3145724 kB
SwapFree:        3145724 kB
Dirty:               888 kB
Writeback:             0 kB
AnonPages:       1839400 kB
Mapped:           933276 kB
Shmem:             29688 kB
KReclaimable:     727772 kB
Slab:             231992 kB
SReclaimable:      87688 kB
SUnreclaim:       144304 kB
KernelStack:       48736 kB
PageTables:        66144 kB
NFS_Unstable:          0 kB
Bounce:                0 kB
WritebackTmp:          0 kB
CommitLimit:     9202292 kB
Committed_AS:   71793208 kB
VmallocTotal:   263061440 kB
VmallocUsed:      105760 kB
VmallocChunk:          0 kB
Percpu:             7552 kB
CmaTotal:         294912 kB
CmaFree:               0 kB
MemTotal:       12113140 kB
MemFree:         2707780 kB
MemAvailable:    7578012 kB
Buffers:            6104 kB
Cached:          5039284 kB
SwapCached:            0 kB
Active:          3119584 kB
Inactive:        3721612 kB
Active(anon):    1802592 kB
Inactive(anon):    27440 kB
Active(file):    1316992 kB
Inactive(file):  3694172 kB
Unevictable:        5576 kB
Mlocked:            5576 kB
SwapTotal:       3145724 kB
SwapFree:        3145724 kB
Dirty:               884 kB
Writeback:             0 kB
AnonPages:       1801484 kB
Mapped:           933384 kB
Shmem:             29688 kB
KReclaimable:     727772 kB
Slab:             232008 kB
SReclaimable:      87688 kB
SUnreclaim:       144320 kB
KernelStack:       48768 kB
PageTables:        66180 kB
NFS_Unstable:          0 kB
Bounce:                0 kB
WritebackTmp:          0 kB
CommitLimit:     9202292 kB
Committed_AS:   71794184 kB
VmallocTotal:   263061440 kB
VmallocUsed:      105760 kB
VmallocChunk:          0 kB
Percpu:             7552 kB
CmaTotal:         294912 kB
CmaFree:               0 kB
MemTotal:       12113140 kB
MemFree:         2708560 kB
MemAvailable:    7578776 kB
Buffers:            6104 kB
Cached:          5039284 kB
SwapCached:            0 kB
Active:          3120048 kB
Inactive:        3721544 kB
Active(anon):    1802988 kB
Inactive(anon):    27440 kB
Active(file):    1317060 kB
Inactive(file):  3694104 kB
Unevictable:        5576 kB
Mlocked:            5576 kB
SwapTotal:       3145724 kB
SwapFree:        3145724 kB
Dirty:               916 kB
Writeback:             0 kB
AnonPages:       1801824 kB
Mapped:           933276 kB
Shmem:             29688 kB
KReclaimable:     727756 kB
Slab:             231984 kB
SReclaimable:      87672 kB
SUnreclaim:       144312 kB
KernelStack:       48736 kB
PageTables:        66140 kB
NFS_Unstable:          0 kB
Bounce:                0 kB
WritebackTmp:          0 kB
CommitLimit:     9202292 kB
Committed_AS:   71799664 kB
VmallocTotal:   263061440 kB
VmallocUsed:      105808 kB
VmallocChunk:          0 kB
Percpu:             7552 kB
CmaTotal:         294912 kB
CmaFree:               0 kB
MemTotal:       12113140 kB
MemFree:         2708380 kB
MemAvailable:    7578764 kB
Buffers:            6112 kB
Cached:          5039428 kB
SwapCached:            0 kB
Active:          3120716 kB
Inactive:        3721688 kB
Active(anon):    1803648 kB
Inactive(anon):    27440 kB
Active(file):    1317068 kB
Inactive(file):  3694248 kB
Unevictable:        5576 kB
Mlocked:            5576 kB
SwapTotal:       3145724 kB
SwapFree:        3145724 kB
Dirty:              1032 kB
Writeback:             0 kB
AnonPages:       1802580 kB
Mapped:           933276 kB
Shmem:             29688 kB
KReclaimable:     727772 kB
Slab:             232000 kB
SReclaimable:      87688 kB
SUnreclaim:       144312 kB
KernelStack:       48736 kB
PageTables:        66136 kB
NFS_Unstable:          0 kB
Bounce:                0 kB
WritebackTmp:          0 kB
CommitLimit:     9202292 kB
Committed_AS:   71794552 kB
VmallocTotal:   263061440 kB
VmallocUsed:      105808 kB
VmallocChunk:          0 kB
Percpu:             7552 kB
CmaTotal:         294912 kB
CmaFree:               0 kB
MemTotal:       12113140 kB
MemFree:         2708164 kB
MemAvailable:    7578532 kB
Buffers:            6112 kB
Cached:          5039428 kB
SwapCached:            0 kB
Active:          3120940 kB
Inactive:        3721568 kB
Active(anon):    1803752 kB
Inactive(anon):    27440 kB
Active(file):    1317188 kB
Inactive(file):  3694128 kB
Unevictable:        5576 kB
Mlocked:            5576 kB
SwapTotal:       3145724 kB
SwapFree:        3145724 kB
Dirty:              1032 kB
Writeback:             0 kB
AnonPages:       1802572 kB
Mapped:           933276 kB
Shmem:             29688 kB
KReclaimable:     727756 kB
Slab:             231992 kB
SReclaimable:      87672 kB
SUnreclaim:       144320 kB
KernelStack:       48736 kB
PageTables:        66144 kB
NFS_Unstable:          0 kB
Bounce:                0 kB
WritebackTmp:          0 kB
CommitLimit:     9202292 kB
Committed_AS:   71798996 kB
VmallocTotal:   263061440 kB
VmallocUsed:      105824 kB
VmallocChunk:          0 kB
Percpu:             7552 kB
CmaTotal:         294912 kB
CmaFree:               0 kB
MemTotal:       12113140 kB
MemFree:         2709368 kB
MemAvailable:    7579756 kB
Buffers:            6112 kB
Cached:          5039432 kB
SwapCached:            0 kB
Active:          3120648 kB
Inactive:        3721564 kB
Active(anon):    1803452 kB
Inactive(anon):    27440 kB
Active(file):    1317196 kB
Inactive(file):  3694124 kB
Unevictable:        5576 kB
Mlocked:            5576 kB
SwapTotal:       3145724 kB
SwapFree:        3145724 kB
Dirty:              1064 kB
Writeback:             0 kB
AnonPages:       1802260 kB
Mapped:           933276 kB
Shmem:             29688 kB
KReclaimable:     727772 kB
Slab:             232008 kB
SReclaimable:      87688 kB
SUnreclaim:       144320 kB
KernelStack:       48768 kB
PageTables:        66196 kB
NFS_Unstable:          0 kB
Bounce:                0 kB
WritebackTmp:          0 kB
CommitLimit:     9202292 kB
Committed_AS:   71794696 kB
VmallocTotal:   263061440 kB
VmallocUsed:      105808 kB
VmallocChunk:          0 kB
Percpu:             7552 kB
CmaTotal:         294912 kB
CmaFree:               0 kB
MemTotal:       12113140 kB
MemFree:         2708644 kB
MemAvailable:    7579160 kB
Buffers:            6112 kB
Cached:          5039560 kB
SwapCached:            0 kB
Active:          3120880 kB
Inactive:        3721632 kB
Active(anon):    1803624 kB
Inactive(anon):    27440 kB
Active(file):    1317256 kB
Inactive(file):  3694192 kB
Unevictable:        5576 kB
Mlocked:            5576 kB
SwapTotal:       3145724 kB
SwapFree:        3145724 kB
Dirty:              1180 kB
Writeback:             0 kB
AnonPages:       1802472 kB
Mapped:           933276 kB
Shmem:             29688 kB
KReclaimable:     727772 kB
Slab:             232000 kB
SReclaimable:      87688 kB
SUnreclaim:       144312 kB
KernelStack:       48752 kB
PageTables:        66136 kB
NFS_Unstable:          0 kB
Bounce:                0 kB
WritebackTmp:          0 kB
CommitLimit:     9202292 kB
Committed_AS:   71794720 kB
VmallocTotal:   263061440 kB
VmallocUsed:      105824 kB
VmallocChunk:          0 kB
Percpu:             7552 kB
CmaTotal:         294912 kB
CmaFree:               0 kB
MemTotal:       12113140 kB
MemFree:         2707908 kB
MemAvailable:    7578424 kB
Buffers:            6112 kB
Cached:          5039564 kB
SwapCached:            0 kB
Active:          3122448 kB
Inactive:        3721572 kB
Active(anon):    1805128 kB
Inactive(anon):    27444 kB
Active(file):    1317320 kB
Inactive(file):  3694128 kB
Unevictable:        5576 kB
Mlocked:            5576 kB
SwapTotal:       3145724 kB
SwapFree:        3145724 kB
Dirty:              1180 kB
Writeback:             0 kB
AnonPages:       1804088 kB
Mapped:           933288 kB
Shmem:             29692 kB
KReclaimable:     727772 kB
Slab:             232000 kB
SReclaimable:      87688 kB
SUnreclaim:       144312 kB
KernelStack:       48752 kB
PageTables:        66156 kB
NFS_Unstable:          0 kB
Bounce:                0 kB
WritebackTmp:          0 kB
CommitLimit:     9202292 kB
Committed_AS:   71794408 kB
VmallocTotal:   263061440 kB
VmallocUsed:      105776 kB
VmallocChunk:          0 kB
Percpu:             7552 kB
CmaTotal:         294912 kB
CmaFree:               0 kB
MemTotal:       12113140 kB
MemFree:         2706264 kB
MemAvailable:    7576780 kB
Buffers:            6112 kB
Cached:          5039564 kB
SwapCached:            0 kB
Active:          3123372 kB
Inactive:        3721512 kB
Active(anon):    1805992 kB
Inactive(anon):    27444 kB
Active(file):    1317380 kB
Inactive(file):  3694068 kB
Unevictable:        5576 kB
Mlocked:            5576 kB
SwapTotal:       3145724 kB
SwapFree:        3145724 kB
Dirty:              1204 kB
Writeback:             0 kB
AnonPages:       1804852 kB
Mapped:           933288 kB
Shmem:             29692 kB
KReclaimable:     727772 kB
Slab:             232000 kB
SReclaimable:      87688 kB
SUnreclaim:       144312 kB
KernelStack:       48752 kB
PageTables:        66152 kB
NFS_Unstable:          0 kB
Bounce:                0 kB
WritebackTmp:          0 kB
CommitLimit:     9202292 kB
Committed_AS:   71796212 kB
VmallocTotal:   263061440 kB
VmallocUsed:      105824 kB
VmallocChunk:          0 kB
Percpu:             7552 kB
CmaTotal:         294912 kB
CmaFree:               0 kB
MemTotal:       12113140 kB
MemFree:         2705364 kB
MemAvailable:    7575992 kB
Buffers:            6112 kB
Cached:          5039692 kB
SwapCached:            0 kB
Active:          3123540 kB
Inactive:        3721508 kB
Active(anon):    1806028 kB
Inactive(anon):    27444 kB
Active(file):    1317512 kB
Inactive(file):  3694064 kB
Unevictable:        5576 kB
Mlocked:            5576 kB
SwapTotal:       3145724 kB
SwapFree:        3145724 kB
Dirty:              1332 kB
Writeback:             0 kB
AnonPages:       1804864 kB
Mapped:           933352 kB
Shmem:             29692 kB
KReclaimable:     727756 kB
Slab:             231984 kB
SReclaimable:      87672 kB
SUnreclaim:       144312 kB
KernelStack:       48688 kB
PageTables:        66152 kB
NFS_Unstable:          0 kB
Bounce:                0 kB
WritebackTmp:          0 kB
CommitLimit:     9202292 kB
Committed_AS:   71795968 kB
VmallocTotal:   263061440 kB
VmallocUsed:      105744 kB
VmallocChunk:          0 kB
Percpu:             7552 kB
CmaTotal:         294912 kB
CmaFree:               0 kB
MemTotal:       12113140 kB
MemFree:         2705612 kB
MemAvailable:    7576240 kB
Buffers:            6112 kB
Cached:          5039692 kB
SwapCached:            0 kB
Active:          3123024 kB
Inactive:        3721440 kB
Active(anon):    1805444 kB
Inactive(anon):    27444 kB
Active(file):    1317580 kB
Inactive(file):  3693996 kB
Unevictable:        5576 kB
Mlocked:            5576 kB
SwapTotal:       3145724 kB
SwapFree:        3145724 kB
Dirty:              1332 kB
Writeback:             0 kB
AnonPages:       1804260 kB
Mapped:           933352 kB
Shmem:             29692 kB
KReclaimable:     727756 kB
Slab:             231984 kB
SReclaimable:      87672 kB
SUnreclaim:       144312 kB
KernelStack:       48672 kB
PageTables:        66040 kB
NFS_Unstable:          0 kB
Bounce:                0 kB
WritebackTmp:          0 kB
CommitLimit:     9202292 kB
Committed_AS:   71797252 kB
VmallocTotal:   263061440 kB
VmallocUsed:      105712 kB
VmallocChunk:          0 kB
Percpu:             7552 kB
CmaTotal:         294912 kB
CmaFree:               0 kB
MemTotal:       12113140 kB
MemFree:         2722716 kB
MemAvailable:    7593344 kB
Buffers:            6112 kB
Cached:          5039692 kB
SwapCached:            0 kB
Active:          3105892 kB
Inactive:        3721380 kB
Active(anon):    1788252 kB
Inactive(anon):    27444 kB
Active(file):    1317640 kB
Inactive(file):  3693936 kB
Unevictable:        5576 kB
Mlocked:            5576 kB
SwapTotal:       3145724 kB
SwapFree:        3145724 kB
Dirty:              1348 kB
Writeback:             0 kB
AnonPages:       1787068 kB
Mapped:           933352 kB
Shmem:             29692 kB
KReclaimable:     727756 kB
Slab:             231984 kB
SReclaimable:      87672 kB
SUnreclaim:       144312 kB
KernelStack:       48656 kB
PageTables:        66120 kB
NFS_Unstable:          0 kB
Bounce:                0 kB
WritebackTmp:          0 kB
CommitLimit:     9202292 kB
Committed_AS:   71783296 kB
VmallocTotal:   263061440 kB
VmallocUsed:      105712 kB
VmallocChunk:          0 kB
Percpu:             7552 kB
CmaTotal:         294912 kB
CmaFree:               0 kB
MemTotal:       12113140 kB
MemFree:         2687760 kB
MemAvailable:    7523952 kB
Buffers:            6112 kB
Cached:          5039832 kB
SwapCached:            0 kB
Active:          3145604 kB
Inactive:        3721468 kB
Active(anon):    1827912 kB
Inactive(anon):    27448 kB
Active(file):    1317692 kB
Inactive(file):  3694020 kB
Unevictable:        5576 kB
Mlocked:            5576 kB
SwapTotal:       3145724 kB
SwapFree:        3145724 kB
Dirty:              1496 kB
Writeback:             0 kB
AnonPages:       1827364 kB
Mapped:           934040 kB
Shmem:             29696 kB
KReclaimable:     693184 kB
Slab:             232012 kB
SReclaimable:      87688 kB
SUnreclaim:       144324 kB
KernelStack:       48656 kB
PageTables:        66280 kB
NFS_Unstable:          0 kB
Bounce:                0 kB
WritebackTmp:          0 kB
CommitLimit:     9202292 kB
Committed_AS:   71784356 kB
VmallocTotal:   263061440 kB
VmallocUsed:      105696 kB
VmallocChunk:          0 kB
Percpu:             7552 kB
CmaTotal:         294912 kB
CmaFree:              16 kB
MemTotal:       12113140 kB
MemFree:         2674312 kB
MemAvailable:    7510496 kB
Buffers:            6112 kB
Cached:          5039832 kB
SwapCached:            0 kB
Active:          3155820 kB
Inactive:        3721468 kB
Active(anon):    1838128 kB
Inactive(anon):    27448 kB
Active(file):    1317692 kB
Inactive(file):  3694020 kB
Unevictable:        5576 kB
Mlocked:            5576 kB
SwapTotal:       3145724 kB
SwapFree:        3145724 kB
Dirty:              1496 kB
Writeback:             0 kB
AnonPages:       1836972 kB
Mapped:           934048 kB
Shmem:             29696 kB
KReclaimable:     693176 kB
Slab:             232004 kB
SReclaimable:      87688 kB
SUnreclaim:       144316 kB
KernelStack:       48656 kB
PageTables:        66280 kB
NFS_Unstable:          0 kB
Bounce:                0 kB
WritebackTmp:          0 kB
CommitLimit:     9202292 kB
Committed_AS:   71785444 kB
VmallocTotal:   263061440 kB
VmallocUsed:      105680 kB
VmallocChunk:          0 kB
Percpu:             7552 kB
CmaTotal:         294912 kB
CmaFree:               0 kB
MemTotal:       12113140 kB
MemFree:         2673084 kB
MemAvailable:    7509268 kB
Buffers:            6112 kB
Cached:          5039832 kB
SwapCached:            0 kB
Active:          3155524 kB
Inactive:        3721468 kB
Active(anon):    1837832 kB
Inactive(anon):    27448 kB
Active(file):    1317692 kB
Inactive(file):  3694020 kB
Unevictable:        5576 kB
Mlocked:            5576 kB
SwapTotal:       3145724 kB
SwapFree:        3145724 kB
Dirty:              1520 kB
Writeback:             0 kB
AnonPages:       1836680 kB
Mapped:           934136 kB
Shmem:             29696 kB
KReclaimable:     693176 kB
Slab:             232004 kB
SReclaimable:      87688 kB
SUnreclaim:       144316 kB
KernelStack:       48592 kB
PageTables:        66304 kB
NFS_Unstable:          0 kB
Bounce:                0 kB
WritebackTmp:          0 kB
CommitLimit:     9202292 kB
Committed_AS:   71783308 kB
VmallocTotal:   263061440 kB
VmallocUsed:      105600 kB
VmallocChunk:          0 kB
Percpu:             7552 kB
CmaTotal:         294912 kB
CmaFree:               0 kB
MemTotal:       12113140 kB
MemFree:         2672092 kB
MemAvailable:    7508388 kB
Buffers:            6112 kB
Cached:          5039960 kB
SwapCached:            0 kB
Active:          3156008 kB
Inactive:        3721596 kB
Active(anon):    1838316 kB
Inactive(anon):    27448 kB
Active(file):    1317692 kB
Inactive(file):  3694148 kB
Unevictable:        5576 kB
Mlocked:            5576 kB
SwapTotal:       3145724 kB
SwapFree:        3145724 kB
Dirty:              1648 kB
Writeback:             0 kB
AnonPages:       1837240 kB
Mapped:           934048 kB
Shmem:             29696 kB
KReclaimable:     693160 kB
Slab:             232028 kB
SReclaimable:      87672 kB
SUnreclaim:       144356 kB
KernelStack:       48528 kB
PageTables:        66268 kB
NFS_Unstable:          0 kB
Bounce:                0 kB
WritebackTmp:          0 kB
CommitLimit:     9202292 kB
Committed_AS:   71782680 kB
VmallocTotal:   263061440 kB
VmallocUsed:      105520 kB
VmallocChunk:          0 kB
Percpu:             7552 kB
CmaTotal:         294912 kB
CmaFree:               0 kB
MemTotal:       12113140 kB
MemFree:         2671052 kB
MemAvailable:    7507356 kB
Buffers:            6112 kB
Cached:          5039968 kB
SwapCached:            0 kB
Active:          3156004 kB
Inactive:        3721600 kB
Active(anon):    1838308 kB
Inactive(anon):    27448 kB
Active(file):    1317696 kB
Inactive(file):  3694152 kB
Unevictable:        5576 kB
Mlocked:            5576 kB
SwapTotal:       3145724 kB
SwapFree:        3145724 kB
Dirty:               316 kB
Writeback:             0 kB
AnonPages:       1837248 kB
Mapped:           934048 kB
Shmem:             29696 kB
KReclaimable:     693160 kB
Slab:             231988 kB
SReclaimable:      87672 kB
SUnreclaim:       144316 kB
KernelStack:       48528 kB
PageTables:        66268 kB
NFS_Unstable:          0 kB
Bounce:                0 kB
WritebackTmp:          0 kB
CommitLimit:     9202292 kB
Committed_AS:   71782364 kB
VmallocTotal:   263061440 kB
VmallocUsed:      105536 kB
VmallocChunk:          0 kB
Percpu:             7552 kB
CmaTotal:         294912 kB
CmaFree:               0 kB
MemTotal:       12113140 kB
MemFree:         2670740 kB
MemAvailable:    7507172 kB
Buffers:            6112 kB
Cached:          5040100 kB
SwapCached:            0 kB
Active:          3157104 kB
Inactive:        3721732 kB
Active(anon):    1839408 kB
Inactive(anon):    27452 kB
Active(file):    1317696 kB
Inactive(file):  3694280 kB
Unevictable:        5576 kB
Mlocked:            5576 kB
SwapTotal:       3145724 kB
SwapFree:        3145724 kB
Dirty:               476 kB
Writeback:             0 kB
AnonPages:       1838420 kB
Mapped:           934052 kB
Shmem:             29700 kB
KReclaimable:     693160 kB
Slab:             231988 kB
SReclaimable:      87672 kB
SUnreclaim:       144316 kB
KernelStack:       48512 kB
PageTables:        66272 kB
NFS_Unstable:          0 kB
Bounce:                0 kB
WritebackTmp:          0 kB
CommitLimit:     9202292 kB
Committed_AS:   71783032 kB
VmallocTotal:   263061440 kB
VmallocUsed:      105520 kB
VmallocChunk:          0 kB
Percpu:             7552 kB
CmaTotal:         294912 kB
CmaFree:               0 kB
MemTotal:       12113140 kB
MemFree:         2671028 kB
MemAvailable:    7507412 kB
Buffers:            6116 kB
Cached:          5040116 kB
SwapCached:            0 kB
Active:          3157428 kB
Inactive:        3721748 kB
Active(anon):    1839728 kB
Inactive(anon):    27456 kB
Active(file):    1317700 kB
Inactive(file):  3694292 kB
Unevictable:        5576 kB
Mlocked:            5576 kB
SwapTotal:       3145724 kB
SwapFree:        3145724 kB
Dirty:               480 kB
Writeback:            24 kB
AnonPages:       1838624 kB
Mapped:           934112 kB
Shmem:             29704 kB
KReclaimable:     693096 kB
Slab:             231988 kB
SReclaimable:      87672 kB
SUnreclaim:       144316 kB
KernelStack:       48528 kB
PageTables:        66272 kB
NFS_Unstable:          0 kB
Bounce:                0 kB
WritebackTmp:          0 kB
CommitLimit:     9202292 kB
Committed_AS:   71782768 kB
VmallocTotal:   263061440 kB
VmallocUsed:      105552 kB
VmallocChunk:          0 kB
Percpu:             7552 kB
CmaTotal:         294912 kB
CmaFree:               0 kB
MemTotal:       12113140 kB
MemFree:         2604728 kB
MemAvailable:    7511180 kB
Buffers:            6116 kB
Cached:          5040116 kB
SwapCached:            0 kB
Active:          3223044 kB
Inactive:        3721748 kB
Active(anon):    1905344 kB
Inactive(anon):    27456 kB
Active(file):    1317700 kB
Inactive(file):  3694292 kB
Unevictable:        5576 kB
Mlocked:            5576 kB
SwapTotal:       3145724 kB
SwapFree:        3145724 kB
Dirty:               504 kB
Writeback:             0 kB
AnonPages:       1904272 kB
Mapped:           932984 kB
Shmem:             29704 kB
KReclaimable:     763164 kB
Slab:             231996 kB
SReclaimable:      87672 kB
SUnreclaim:       144324 kB
KernelStack:       48544 kB
PageTables:        66584 kB
NFS_Unstable:          0 kB
Bounce:                0 kB
WritebackTmp:          0 kB
CommitLimit:     9202292 kB
Committed_AS:   71858044 kB
VmallocTotal:   263061440 kB
VmallocUsed:      105552 kB
VmallocChunk:          0 kB
Percpu:             7552 kB
CmaTotal:         294912 kB
CmaFree:               0 kB
MemTotal:       12113140 kB
MemFree:         2644728 kB
MemAvailable:    7245004 kB
Buffers:            6116 kB
Cached:          5040252 kB
SwapCached:            0 kB
Active:          3183672 kB
Inactive:        3721884 kB
Active(anon):    1865972 kB
Inactive(anon):    27456 kB
Active(file):    1317700 kB
Inactive(file):  3694428 kB
Unevictable:        5576 kB
Mlocked:            5576 kB
SwapTotal:       3145724 kB
SwapFree:        3145724 kB
Dirty:               620 kB
Writeback:             0 kB
AnonPages:       1864864 kB
Mapped:           935496 kB
Shmem:             29704 kB
KReclaimable:     431472 kB
Slab:             232132 kB
SReclaimable:      87672 kB
SUnreclaim:       144460 kB
KernelStack:       48528 kB
PageTables:        66380 kB
NFS_Unstable:          0 kB
Bounce:                0 kB
WritebackTmp:          0 kB
CommitLimit:     9202292 kB
Committed_AS:   71797568 kB
VmallocTotal:   263061440 kB
VmallocUsed:      105552 kB
VmallocChunk:          0 kB
Percpu:             7552 kB
CmaTotal:         294912 kB
CmaFree:               0 kB
MemTotal:       12113140 kB
MemFree:         2644628 kB
MemAvailable:    7244972 kB
Buffers:            6116 kB
Cached:          5040320 kB
SwapCached:            0 kB
Active:          3183452 kB
Inactive:        3721952 kB
Active(anon):    1865752 kB
Inactive(anon):    27456 kB
Active(file):    1317700 kB
Inactive(file):  3694496 kB
Unevictable:        5576 kB
Mlocked:            5576 kB
SwapTotal:       3145724 kB
SwapFree:        3145724 kB
Dirty:               624 kB
Writeback:             0 kB
AnonPages:       1864620 kB
Mapped:           935504 kB
Shmem:             29704 kB
KReclaimable:     431472 kB
Slab:             232128 kB
SReclaimable:      87672 kB
SUnreclaim:       144456 kB
KernelStack:       48528 kB
PageTables:        66384 kB
NFS_Unstable:          0 kB
Bounce:                0 kB
WritebackTmp:          0 kB
CommitLimit:     9202292 kB
Committed_AS:   71797328 kB
VmallocTotal:   263061440 kB
VmallocUsed:      105536 kB
VmallocChunk:          0 kB
Percpu:             7552 kB
CmaTotal:         294912 kB
CmaFree:               0 kB
MemTotal:       12113140 kB
MemFree:         2644856 kB
MemAvailable:    7245200 kB
Buffers:            6116 kB
Cached:          5040320 kB
SwapCached:            0 kB
Active:          3183988 kB
Inactive:        3721948 kB
Active(anon):    1866284 kB
Inactive(anon):    27456 kB
Active(file):    1317704 kB
Inactive(file):  3694492 kB
Unevictable:        5576 kB
Mlocked:            5576 kB
SwapTotal:       3145724 kB
SwapFree:        3145724 kB
Dirty:               624 kB
Writeback:             0 kB
AnonPages:       1865148 kB
Mapped:           935516 kB
Shmem:             29704 kB
KReclaimable:     431472 kB
Slab:             232128 kB
SReclaimable:      87672 kB
SUnreclaim:       144456 kB
KernelStack:       48528 kB
PageTables:        66388 kB
NFS_Unstable:          0 kB
Bounce:                0 kB
WritebackTmp:          0 kB
CommitLimit:     9202292 kB
Committed_AS:   71807072 kB
VmallocTotal:   263061440 kB
VmallocUsed:      105552 kB
VmallocChunk:          0 kB
Percpu:             7552 kB
CmaTotal:         294912 kB
CmaFree:               0 kB
MemTotal:       12113140 kB
MemFree:         2644368 kB
MemAvailable:    7244840 kB
Buffers:            6116 kB
Cached:          5040448 kB
SwapCached:            0 kB
Active:          3184360 kB
Inactive:        3722076 kB
Active(anon):    1866656 kB
Inactive(anon):    27456 kB
Active(file):    1317704 kB
Inactive(file):  3694620 kB
Unevictable:        5576 kB
Mlocked:            5576 kB
SwapTotal:       3145724 kB
SwapFree:        3145724 kB
Dirty:               788 kB
Writeback:             0 kB
AnonPages:       1865432 kB
Mapped:           935524 kB
Shmem:             29704 kB
KReclaimable:     431472 kB
Slab:             232128 kB
SReclaimable:      87672 kB
SUnreclaim:       144456 kB
KernelStack:       48432 kB
PageTables:        66384 kB
NFS_Unstable:          0 kB
Bounce:                0 kB
WritebackTmp:          0 kB
CommitLimit:     9202292 kB
Committed_AS:   71804948 kB
VmallocTotal:   263061440 kB
VmallocUsed:      105424 kB
VmallocChunk:          0 kB
Percpu:             7552 kB
CmaTotal:         294912 kB
CmaFree:               0 kB
MemTotal:       12113140 kB
MemFree:         2643628 kB
MemAvailable:    7244104 kB
Buffers:            6116 kB
Cached:          5040452 kB
SwapCached:            0 kB
Active:          3184652 kB
Inactive:        3722076 kB
Active(anon):    1866944 kB
Inactive(anon):    27456 kB
Active(file):    1317708 kB
Inactive(file):  3694620 kB
Unevictable:        5576 kB
Mlocked:            5576 kB
SwapTotal:       3145724 kB
SwapFree:        3145724 kB
Dirty:               816 kB
Writeback:             0 kB
AnonPages:       1865936 kB
Mapped:           935532 kB
Shmem:             29704 kB
KReclaimable:     431472 kB
Slab:             232128 kB
SReclaimable:      87672 kB
SUnreclaim:       144456 kB
KernelStack:       48432 kB
PageTables:        66384 kB
NFS_Unstable:          0 kB
Bounce:                0 kB
WritebackTmp:          0 kB
CommitLimit:     9202292 kB
Committed_AS:   71804684 kB
VmallocTotal:   263061440 kB
VmallocUsed:      105488 kB
VmallocChunk:          0 kB
Percpu:             7552 kB
CmaTotal:         294912 kB
CmaFree:               0 kB
MemTotal:       12113140 kB
MemFree:         2643368 kB
MemAvailable:    7243844 kB
Buffers:            6116 kB
Cached:          5040452 kB
SwapCached:            0 kB
Active:          3184864 kB
Inactive:        3721956 kB
Active(anon):    1867036 kB
Inactive(anon):    27456 kB
Active(file):    1317828 kB
Inactive(file):  3694500 kB
Unevictable:        5576 kB
Mlocked:            5576 kB
SwapTotal:       3145724 kB
SwapFree:        3145724 kB
Dirty:               816 kB
Writeback:             0 kB
AnonPages:       1865924 kB
Mapped:           935540 kB
Shmem:             29704 kB
KReclaimable:     431472 kB
Slab:             232128 kB
SReclaimable:      87672 kB
SUnreclaim:       144456 kB
KernelStack:       48432 kB
PageTables:        66388 kB
NFS_Unstable:          0 kB
Bounce:                0 kB
WritebackTmp:          0 kB
CommitLimit:     9202292 kB
Committed_AS:   71810464 kB
VmallocTotal:   263061440 kB
VmallocUsed:      105504 kB
VmallocChunk:          0 kB
Percpu:             7552 kB
CmaTotal:         294912 kB
CmaFree:               0 kB
MemTotal:       12113140 kB
MemFree:         2643012 kB
MemAvailable:    7243616 kB
Buffers:            6116 kB
Cached:          5040580 kB
SwapCached:            0 kB
Active:          3185000 kB
Inactive:        3722072 kB
Active(anon):    1867160 kB
Inactive(anon):    27456 kB
Active(file):    1317840 kB
Inactive(file):  3694616 kB
Unevictable:        5576 kB
Mlocked:            5576 kB
SwapTotal:       3145724 kB
SwapFree:        3145724 kB
Dirty:               956 kB
Writeback:             0 kB
AnonPages:       1866164 kB
Mapped:           935552 kB
Shmem:             29704 kB
KReclaimable:     431472 kB
Slab:             232128 kB
SReclaimable:      87672 kB
SUnreclaim:       144456 kB
KernelStack:       48432 kB
PageTables:        66388 kB
NFS_Unstable:          0 kB
Bounce:                0 kB
WritebackTmp:          0 kB
CommitLimit:     9202292 kB
Committed_AS:   71810216 kB
VmallocTotal:   263061440 kB
VmallocUsed:      105488 kB
VmallocChunk:          0 kB
Percpu:             7552 kB
CmaTotal:         294912 kB
CmaFree:               0 kB
MemTotal:       12113140 kB
MemFree:         2643524 kB
MemAvailable:    7244128 kB
Buffers:            6116 kB
Cached:          5040580 kB
SwapCached:            0 kB
Active:          3185132 kB
Inactive:        3722072 kB
Active(anon):    1867292 kB
Inactive(anon):    27456 kB
Active(file):    1317840 kB
Inactive(file):  3694616 kB
Unevictable:        5576 kB
Mlocked:            5576 kB
SwapTotal:       3145724 kB
SwapFree:        3145724 kB
Dirty:               956 kB
Writeback:             0 kB
AnonPages:       1866124 kB
Mapped:           935560 kB
Shmem:             29704 kB
KReclaimable:     431472 kB
Slab:             232128 kB
SReclaimable:      87672 kB
SUnreclaim:       144456 kB
KernelStack:       48432 kB
PageTables:        66384 kB
NFS_Unstable:          0 kB
Bounce:                0 kB
WritebackTmp:          0 kB
CommitLimit:     9202292 kB
Committed_AS:   71805956 kB
VmallocTotal:   263061440 kB
VmallocUsed:      105504 kB
VmallocChunk:          0 kB
Percpu:             7552 kB
CmaTotal:         294912 kB
CmaFree:               0 kB
MemTotal:       12113140 kB
MemFree:         2642556 kB
MemAvailable:    7243172 kB
Buffers:            6116 kB
Cached:          5040592 kB
SwapCached:            0 kB
Active:          3186756 kB
Inactive:        3722084 kB
Active(anon):    1868916 kB
Inactive(anon):    27456 kB
Active(file):    1317840 kB
Inactive(file):  3694628 kB
Unevictable:        5576 kB
Mlocked:            5576 kB
SwapTotal:       3145724 kB
SwapFree:        3145724 kB
Dirty:              1000 kB
Writeback:             0 kB
AnonPages:       1867764 kB
Mapped:           935568 kB
Shmem:             29704 kB
KReclaimable:     431472 kB
Slab:             232128 kB
SReclaimable:      87672 kB
SUnreclaim:       144456 kB
KernelStack:       48432 kB
PageTables:        66384 kB
NFS_Unstable:          0 kB
Bounce:                0 kB
WritebackTmp:          0 kB
CommitLimit:     9202292 kB
Committed_AS:   71806332 kB
VmallocTotal:   263061440 kB
VmallocUsed:      105504 kB
VmallocChunk:          0 kB
Percpu:             7552 kB
CmaTotal:         294912 kB
CmaFree:               0 kB
MemTotal:       12113140 kB
MemFree:         2641020 kB
MemAvailable:    7241756 kB
Buffers:            6116 kB
Cached:          5040720 kB
SwapCached:            0 kB
Active:          3187100 kB
Inactive:        3722204 kB
Active(anon):    1869260 kB
Inactive(anon):    27456 kB
Active(file):    1317840 kB
Inactive(file):  3694748 kB
Unevictable:        5576 kB
Mlocked:            5576 kB
SwapTotal:       3145724 kB
SwapFree:        3145724 kB
Dirty:              1140 kB
Writeback:             0 kB
AnonPages:       1868128 kB
Mapped:           935576 kB
Shmem:             29704 kB
KReclaimable:     431472 kB
Slab:             232168 kB
SReclaimable:      87672 kB
SUnreclaim:       144496 kB
KernelStack:       48448 kB
PageTables:        66520 kB
NFS_Unstable:          0 kB
Bounce:                0 kB
WritebackTmp:          0 kB
CommitLimit:     9202292 kB
Committed_AS:   71805076 kB
VmallocTotal:   263061440 kB
VmallocUsed:      105472 kB
VmallocChunk:          0 kB
Percpu:             7552 kB
CmaTotal:         294912 kB
CmaFree:               0 kB
MemTotal:       12113140 kB
MemFree:         2641052 kB
MemAvailable:    7241796 kB
Buffers:            6116 kB
Cached:          5040720 kB
SwapCached:            0 kB
Active:          3187120 kB
Inactive:        3722212 kB
Active(anon):    1869280 kB
Inactive(anon):    27456 kB
Active(file):    1317840 kB
Inactive(file):  3694756 kB
Unevictable:        5576 kB
Mlocked:            5576 kB
SwapTotal:       3145724 kB
SwapFree:        3145724 kB
Dirty:              1144 kB
Writeback:             0 kB
AnonPages:       1868152 kB
Mapped:           935588 kB
Shmem:             29704 kB
KReclaimable:     431472 kB
Slab:             232128 kB
SReclaimable:      87672 kB
SUnreclaim:       144456 kB
KernelStack:       48432 kB
PageTables:        66380 kB
NFS_Unstable:          0 kB
Bounce:                0 kB
WritebackTmp:          0 kB
CommitLimit:     9202292 kB
Committed_AS:   71809428 kB
VmallocTotal:   263061440 kB
VmallocUsed:      105440 kB
VmallocChunk:          0 kB
Percpu:             7552 kB
CmaTotal:         294912 kB
CmaFree:               0 kB
MemTotal:       12113140 kB
MemFree:         2641144 kB
MemAvailable:    7241888 kB
Buffers:            6116 kB
Cached:          5040720 kB
SwapCached:            0 kB
Active:          3185868 kB
Inactive:        3722212 kB
Active(anon):    1868028 kB
Inactive(anon):    27456 kB
Active(file):    1317840 kB
Inactive(file):  3694756 kB
Unevictable:        5576 kB
Mlocked:            5576 kB
SwapTotal:       3145724 kB
SwapFree:        3145724 kB
Dirty:              1144 kB
Writeback:             0 kB
AnonPages:       1866860 kB
Mapped:           935596 kB
Shmem:             29704 kB
KReclaimable:     431472 kB
Slab:             232128 kB
SReclaimable:      87672 kB
SUnreclaim:       144456 kB
KernelStack:       48384 kB
PageTables:        66384 kB
NFS_Unstable:          0 kB
Bounce:                0 kB
WritebackTmp:          0 kB
CommitLimit:     9202292 kB
Committed_AS:   71810328 kB
VmallocTotal:   263061440 kB
VmallocUsed:      105424 kB
VmallocChunk:          0 kB
Percpu:             7552 kB
CmaTotal:         294912 kB
CmaFree:               0 kB
MemTotal:       12113140 kB
MemFree:         2641376 kB
MemAvailable:    7242252 kB
Buffers:            6116 kB
Cached:          5040852 kB
SwapCached:            0 kB
Active:          3185964 kB
Inactive:        3722340 kB
Active(anon):    1868120 kB
Inactive(anon):    27456 kB
Active(file):    1317844 kB
Inactive(file):  3694884 kB
Unevictable:        5576 kB
Mlocked:            5576 kB
SwapTotal:       3145724 kB
SwapFree:        3145724 kB
Dirty:              1288 kB
Writeback:             0 kB
AnonPages:       1867060 kB
Mapped:           935604 kB
Shmem:             29704 kB
KReclaimable:     431472 kB
Slab:             232120 kB
SReclaimable:      87672 kB
SUnreclaim:       144448 kB
KernelStack:       48384 kB
PageTables:        66388 kB
NFS_Unstable:          0 kB
Bounce:                0 kB
WritebackTmp:          0 kB
CommitLimit:     9202292 kB
Committed_AS:   71809940 kB
VmallocTotal:   263061440 kB
VmallocUsed:      105408 kB
VmallocChunk:          0 kB
Percpu:             7552 kB
CmaTotal:         294912 kB
CmaFree:               0 kB
MemTotal:       12113140 kB
MemFree:         2640216 kB
MemAvailable:    7241116 kB
Buffers:            6124 kB
Cached:          5040872 kB
SwapCached:            0 kB
Active:          3187040 kB
Inactive:        3722236 kB
Active(anon):    1869064 kB
Inactive(anon):    27460 kB
Active(file):    1317976 kB
Inactive(file):  3694776 kB
Unevictable:        5576 kB
Mlocked:            5576 kB
SwapTotal:       3145724 kB
SwapFree:        3145724 kB
Dirty:              1280 kB
Writeback:             0 kB
AnonPages:       1867888 kB
Mapped:           935616 kB
Shmem:             29708 kB
KReclaimable:     431472 kB
Slab:             232120 kB
SReclaimable:      87672 kB
SUnreclaim:       144448 kB
KernelStack:       48352 kB
PageTables:        66388 kB
NFS_Unstable:          0 kB
Bounce:                0 kB
WritebackTmp:          0 kB
CommitLimit:     9202292 kB
Committed_AS:   71809764 kB
VmallocTotal:   263061440 kB
VmallocUsed:      105392 kB
VmallocChunk:          0 kB
Percpu:             7552 kB
CmaTotal:         294912 kB
CmaFree:               0 kB
MemTotal:       12113140 kB
MemFree:         2640524 kB
MemAvailable:    7241424 kB
Buffers:            6124 kB
Cached:          5040872 kB
SwapCached:            0 kB
Active:          3187208 kB
Inactive:        3722236 kB
Active(anon):    1869232 kB
Inactive(anon):    27460 kB
Active(file):    1317976 kB
Inactive(file):  3694776 kB
Unevictable:        5576 kB
Mlocked:            5576 kB
SwapTotal:       3145724 kB
SwapFree:        3145724 kB
Dirty:              1280 kB
Writeback:             0 kB
AnonPages:       1868136 kB
Mapped:           935624 kB
Shmem:             29708 kB
KReclaimable:     431472 kB
Slab:             232120 kB
SReclaimable:      87672 kB
SUnreclaim:       144448 kB
KernelStack:       48352 kB
PageTables:        66384 kB
NFS_Unstable:          0 kB
Bounce:                0 kB
WritebackTmp:          0 kB
CommitLimit:     9202292 kB
Committed_AS:   71809900 kB
VmallocTotal:   263061440 kB
VmallocUsed:      105376 kB
VmallocChunk:          0 kB
Percpu:             7552 kB
CmaTotal:         294912 kB
CmaFree:               0 kB
MemTotal:       12113140 kB
MemFree:         2640216 kB
MemAvailable:    7241236 kB
Buffers:            6124 kB
Cached:          5041000 kB
SwapCached:            0 kB
Active:          3187536 kB
Inactive:        3722356 kB
Active(anon):    1869560 kB
Inactive(anon):    27460 kB
Active(file):    1317976 kB
Inactive(file):  3694896 kB
Unevictable:        5576 kB
Mlocked:            5576 kB
SwapTotal:       3145724 kB
SwapFree:        3145724 kB
Dirty:              1428 kB
Writeback:             0 kB
AnonPages:       1868424 kB
Mapped:           935632 kB
Shmem:             29708 kB
KReclaimable:     431472 kB
Slab:             232128 kB
SReclaimable:      87672 kB
SUnreclaim:       144456 kB
KernelStack:       48352 kB
PageTables:        66384 kB
NFS_Unstable:          0 kB
Bounce:                0 kB
WritebackTmp:          0 kB
CommitLimit:     9202292 kB
Committed_AS:   71810216 kB
VmallocTotal:   263061440 kB
VmallocUsed:      105376 kB
VmallocChunk:          0 kB
Percpu:             7552 kB
CmaTotal:         294912 kB
CmaFree:               0 kB
MemTotal:       12113140 kB
MemFree:         2640020 kB
MemAvailable:    7241048 kB
Buffers:            6124 kB
Cached:          5041000 kB
SwapCached:            0 kB
Active:          3187564 kB
Inactive:        3722364 kB
Active(anon):    1869588 kB
Inactive(anon):    27460 kB
Active(file):    1317976 kB
Inactive(file):  3694904 kB
Unevictable:        5576 kB
Mlocked:            5576 kB
SwapTotal:       3145724 kB
SwapFree:        3145724 kB
Dirty:              1428 kB
Writeback:             0 kB
AnonPages:       1868428 kB
Mapped:           935644 kB
Shmem:             29708 kB
KReclaimable:     431472 kB
Slab:             232120 kB
SReclaimable:      87672 kB
SUnreclaim:       144448 kB
KernelStack:       48352 kB
PageTables:        66384 kB
NFS_Unstable:          0 kB
Bounce:                0 kB
WritebackTmp:          0 kB
CommitLimit:     9202292 kB
Committed_AS:   71809952 kB
VmallocTotal:   263061440 kB
VmallocUsed:      105360 kB
VmallocChunk:          0 kB
Percpu:             7552 kB
CmaTotal:         294912 kB
CmaFree:               0 kB
MemTotal:       12113140 kB
MemFree:         2639508 kB
MemAvailable:    7240540 kB
Buffers:            6124 kB
Cached:          5041008 kB
SwapCached:            0 kB
Active:          3188120 kB
Inactive:        3722372 kB
Active(anon):    1870144 kB
Inactive(anon):    27464 kB
Active(file):    1317976 kB
Inactive(file):  3694908 kB
Unevictable:        5576 kB
Mlocked:            5576 kB
SwapTotal:       3145724 kB
SwapFree:        3145724 kB
Dirty:              1432 kB
Writeback:             0 kB
AnonPages:       1869032 kB
Mapped:           935656 kB
Shmem:             29712 kB
KReclaimable:     431472 kB
Slab:             232160 kB
SReclaimable:      87672 kB
SUnreclaim:       144488 kB
KernelStack:       48368 kB
PageTables:        66520 kB
NFS_Unstable:          0 kB
Bounce:                0 kB
WritebackTmp:          0 kB
CommitLimit:     9202292 kB
Committed_AS:   71804952 kB
VmallocTotal:   263061440 kB
VmallocUsed:      105360 kB
