MemTotal:        7922396 kB
MemFree:         1584532 kB
MemAvailable:    4511976 kB
Buffers:           70632 kB
Cached:          2373232 kB
SwapCached:          100 kB
Active:           822448 kB
Inactive:        2693412 kB
Active(anon):      60260 kB
Inactive(anon):  1037132 kB
Active(file):     762188 kB
Inactive(file):  1656280 kB
Unevictable:        6048 kB
Mlocked:            5608 kB
SwapTotal:       4718584 kB
SwapFree:        4610808 kB
Dirty:             30836 kB
Writeback:             0 kB
AnonPages:       1078072 kB
Mapped:           606852 kB
Shmem:             20832 kB
KReclaimable:     899248 kB
Slab:             303864 kB
SReclaimable:      89968 kB
SUnreclaim:       213896 kB
KernelStack:       43152 kB
ShadowCallStack:   10808 kB
PageTables:        60656 kB
NFS_Unstable:          0 kB
Bounce:                0 kB
WritebackTmp:          0 kB
CommitLimit:     8679780 kB
Committed_AS:   60401116 kB
VmallocTotal:   263061440 kB
VmallocUsed:      123596 kB
VmallocChunk:          0 kB
Percpu:             6216 kB
CmaTotal:         405504 kB
CmaFree:          240164 kB
MemTotal:        7922396 kB
MemFree:         1458020 kB
MemAvailable:    4498644 kB
Buffers:           70716 kB
Cached:          2485588 kB
SwapCached:          800 kB
Active:           823256 kB
Inactive:        2818012 kB
Active(anon):      60856 kB
Inactive(anon):  1049780 kB
Active(file):     762400 kB
Inactive(file):  1768232 kB
Unevictable:        6048 kB
Mlocked:            5608 kB
SwapTotal:       4718584 kB
SwapFree:        4610808 kB
Dirty:             35016 kB
Writeback:             0 kB
AnonPages:       1090568 kB
Mapped:           677992 kB
Shmem:             20884 kB
KReclaimable:     900264 kB
Slab:             304012 kB
SReclaimable:      90116 kB
SUnreclaim:       213896 kB
KernelStack:       43504 kB
ShadowCallStack:   10916 kB
PageTables:        61584 kB
NFS_Unstable:          0 kB
Bounce:                0 kB
WritebackTmp:          0 kB
CommitLimit:     8679780 kB
Committed_AS:   61754412 kB
VmallocTotal:   263061440 kB
VmallocUsed:      124044 kB
VmallocChunk:          0 kB
Percpu:             6216 kB
CmaTotal:         405504 kB
CmaFree:          240164 kB
MemTotal:        7922396 kB
MemFree:         1122900 kB
MemAvailable:    4183228 kB
Buffers:           70836 kB
Cached:          2512344 kB
SwapCached:          860 kB
Active:           826320 kB
Inactive:        3148512 kB
Active(anon):      61180 kB
Inactive(anon):  1356084 kB
Active(file):     765140 kB
Inactive(file):  1792428 kB
Unevictable:        6048 kB
Mlocked:            5608 kB
SwapTotal:       4718584 kB
SwapFree:        4610808 kB
Dirty:             35100 kB
Writeback:             0 kB
AnonPages:       1396880 kB
Mapped:           829984 kB
Shmem:             21060 kB
KReclaimable:     893032 kB
Slab:             304404 kB
SReclaimable:      90156 kB
SUnreclaim:       214248 kB
KernelStack:       44576 kB
ShadowCallStack:   11168 kB
PageTables:        62412 kB
NFS_Unstable:          0 kB
Bounce:                0 kB
WritebackTmp:          0 kB
CommitLimit:     8679780 kB
Committed_AS:   61859744 kB
VmallocTotal:   263061440 kB
VmallocUsed:      125388 kB
VmallocChunk:          0 kB
Percpu:             6216 kB
CmaTotal:         405504 kB
CmaFree:          240164 kB
MemTotal:        7922396 kB
MemFree:          718496 kB
MemAvailable:    3852660 kB
Buffers:           70844 kB
Cached:          2592028 kB
SwapCached:          868 kB
Active:           977332 kB
Inactive:        3191132 kB
Active(anon):      61184 kB
Inactive(anon):  1469880 kB
Active(file):     916148 kB
Inactive(file):  1721252 kB
Unevictable:        6048 kB
Mlocked:            5608 kB
SwapTotal:       4718584 kB
SwapFree:        4610808 kB
Dirty:             35124 kB
Writeback:             0 kB
AnonPages:       1510844 kB
Mapped:           852192 kB
Shmem:             20920 kB
KReclaimable:     887036 kB
Slab:             304780 kB
SReclaimable:      90156 kB
SUnreclaim:       214624 kB
KernelStack:       44656 kB
ShadowCallStack:   11188 kB
PageTables:        63076 kB
NFS_Unstable:          0 kB
Bounce:                0 kB
WritebackTmp:          0 kB
CommitLimit:     8679780 kB
Committed_AS:   62423492 kB
VmallocTotal:   263061440 kB
VmallocUsed:      125416 kB
VmallocChunk:          0 kB
Percpu:             6216 kB
CmaTotal:         405504 kB
CmaFree:          223040 kB
MemTotal:        7922396 kB
MemFree:          453884 kB
MemAvailable:    3665472 kB
Buffers:           70844 kB
Cached:          2670360 kB
SwapCached:          868 kB
Active:          1010092 kB
Inactive:        3424940 kB
Active(anon):      61184 kB
Inactive(anon):  1658116 kB
Active(file):     948908 kB
Inactive(file):  1766824 kB
Unevictable:        6048 kB
Mlocked:            5608 kB
SwapTotal:       4718584 kB
SwapFree:        4610808 kB
Dirty:             35140 kB
Writeback:             0 kB
AnonPages:       1699100 kB
Mapped:           852652 kB
Shmem:             20920 kB
KReclaimable:     886128 kB
Slab:             304868 kB
SReclaimable:      90188 kB
SUnreclaim:       214680 kB
KernelStack:       44656 kB
ShadowCallStack:   11188 kB
PageTables:        63628 kB
NFS_Unstable:          0 kB
Bounce:                0 kB
WritebackTmp:          0 kB
CommitLimit:     8679780 kB
Committed_AS:   62622328 kB
VmallocTotal:   263061440 kB
VmallocUsed:      125504 kB
VmallocChunk:          0 kB
Percpu:             6216 kB
CmaTotal:         405504 kB
CmaFree:               0 kB
MemTotal:        7922396 kB
MemFree:          257604 kB
MemAvailable:    3361012 kB
Buffers:           70844 kB
Cached:          2756300 kB
SwapCached:          868 kB
Active:          1017320 kB
Inactive:        3490268 kB
Active(anon):      61184 kB
Inactive(anon):  1644732 kB
Active(file):     956136 kB
Inactive(file):  1845536 kB
Unevictable:        6048 kB
Mlocked:            5608 kB
SwapTotal:       4718584 kB
SwapFree:        4610808 kB
Dirty:             35184 kB
Writeback:             0 kB
AnonPages:       1685920 kB
Mapped:           882152 kB
Shmem:             20920 kB
KReclaimable:     773928 kB
Slab:             305736 kB
SReclaimable:      90172 kB
SUnreclaim:       215564 kB
KernelStack:       44752 kB
ShadowCallStack:   11212 kB
PageTables:        63680 kB
NFS_Unstable:          0 kB
Bounce:                0 kB
WritebackTmp:          0 kB
CommitLimit:     8679780 kB
Committed_AS:   62613244 kB
VmallocTotal:   263061440 kB
VmallocUsed:      125584 kB
VmallocChunk:          0 kB
Percpu:             6216 kB
CmaTotal:         405504 kB
CmaFree:               4 kB
MemTotal:        7922396 kB
MemFree:          277112 kB
MemAvailable:    3364668 kB
Buffers:           70936 kB
Cached:          2781956 kB
SwapCached:          876 kB
Active:          1020620 kB
Inactive:        3464244 kB
Active(anon):      61212 kB
Inactive(anon):  1596564 kB
Active(file):     959408 kB
Inactive(file):  1867680 kB
Unevictable:        6048 kB
Mlocked:            5608 kB
SwapTotal:       4718584 kB
SwapFree:        4610552 kB
Dirty:             35268 kB
Writeback:            52 kB
AnonPages:       1637124 kB
Mapped:           898460 kB
Shmem:             21116 kB
KReclaimable:     699892 kB
Slab:             305972 kB
SReclaimable:      90164 kB
SUnreclaim:       215808 kB
KernelStack:       44704 kB
ShadowCallStack:   11196 kB
PageTables:        64276 kB
NFS_Unstable:          0 kB
Bounce:                0 kB
WritebackTmp:          0 kB
CommitLimit:     8679780 kB
Committed_AS:   62567912 kB
VmallocTotal:   263061440 kB
VmallocUsed:      125052 kB
VmallocChunk:          0 kB
Percpu:             6216 kB
CmaTotal:         405504 kB
CmaFree:              96 kB
MemTotal:        7922396 kB
MemFree:          266776 kB
MemAvailable:    3135304 kB
Buffers:           70960 kB
Cached:          2732216 kB
SwapCached:          880 kB
Active:          1012344 kB
Inactive:        3449164 kB
Active(anon):      61880 kB
Inactive(anon):  1621580 kB
Active(file):     950464 kB
Inactive(file):  1827584 kB
Unevictable:        6048 kB
Mlocked:            5608 kB
SwapTotal:       4718584 kB
SwapFree:        4609528 kB
Dirty:             35552 kB
Writeback:             0 kB
AnonPages:       1663524 kB
Mapped:           865720 kB
Shmem:             20572 kB
KReclaimable:     570864 kB
Slab:             302692 kB
SReclaimable:      86144 kB
SUnreclaim:       216548 kB
KernelStack:       44960 kB
ShadowCallStack:   11264 kB
PageTables:        64236 kB
NFS_Unstable:          0 kB
Bounce:                0 kB
WritebackTmp:          0 kB
CommitLimit:     8679780 kB
Committed_AS:   62633384 kB
VmallocTotal:   263061440 kB
VmallocUsed:      125280 kB
VmallocChunk:          0 kB
Percpu:             6216 kB
CmaTotal:         405504 kB
CmaFree:            1372 kB
MemTotal:        7922396 kB
MemFree:          228088 kB
MemAvailable:    3096748 kB
Buffers:           71188 kB
Cached:          2712412 kB
SwapCached:          880 kB
Active:          1021428 kB
Inactive:        3521232 kB
Active(anon):      65216 kB
Inactive(anon):  1719028 kB
Active(file):     956212 kB
Inactive(file):  1802204 kB
Unevictable:        6048 kB
Mlocked:            5608 kB
SwapTotal:       4718584 kB
SwapFree:        4598520 kB
Dirty:             36144 kB
Writeback:             0 kB
AnonPages:       1764108 kB
Mapped:           864804 kB
Shmem:             20632 kB
KReclaimable:     500516 kB
Slab:             302960 kB
SReclaimable:      86148 kB
SUnreclaim:       216812 kB
KernelStack:       45344 kB
ShadowCallStack:   11360 kB
PageTables:        64648 kB
NFS_Unstable:          0 kB
Bounce:                0 kB
WritebackTmp:          0 kB
CommitLimit:     8679780 kB
Committed_AS:   62733452 kB
VmallocTotal:   263061440 kB
VmallocUsed:      125724 kB
VmallocChunk:          0 kB
Percpu:             6216 kB
CmaTotal:         405504 kB
CmaFree:               0 kB
MemTotal:        7922396 kB
MemFree:          227000 kB
MemAvailable:    3069908 kB
Buffers:           71188 kB
Cached:          2706076 kB
SwapCached:          884 kB
Active:          1021496 kB
Inactive:        3523896 kB
Active(anon):      65424 kB
Inactive(anon):  1727976 kB
Active(file):     956072 kB
Inactive(file):  1795920 kB
Unevictable:        6048 kB
Mlocked:            5608 kB
SwapTotal:       4718584 kB
SwapFree:        4597496 kB
Dirty:             36156 kB
Writeback:             4 kB
AnonPages:       1773588 kB
Mapped:           864948 kB
Shmem:             20640 kB
KReclaimable:     497572 kB
Slab:             302976 kB
SReclaimable:      86148 kB
SUnreclaim:       216828 kB
KernelStack:       45328 kB
ShadowCallStack:   11348 kB
PageTables:        64324 kB
NFS_Unstable:          0 kB
Bounce:                0 kB
WritebackTmp:          0 kB
CommitLimit:     8679780 kB
Committed_AS:   62758040 kB
VmallocTotal:   263061440 kB
VmallocUsed:      125828 kB
VmallocChunk:          0 kB
Percpu:             6216 kB
CmaTotal:         405504 kB
CmaFree:              16 kB
MemTotal:        7922396 kB
MemFree:          295492 kB
MemAvailable:    3041300 kB
Buffers:           71200 kB
Cached:          2621144 kB
SwapCached:          880 kB
Active:          1026408 kB
Inactive:        3467480 kB
Active(anon):      67360 kB
Inactive(anon):  1759412 kB
Active(file):     959048 kB
Inactive(file):  1708068 kB
Unevictable:        6048 kB
Mlocked:            5608 kB
SwapTotal:       4718584 kB
SwapFree:        4597496 kB
Dirty:             37752 kB
Writeback:             0 kB
AnonPages:       1807220 kB
Mapped:           864896 kB
Shmem:             20664 kB
KReclaimable:     477156 kB
Slab:             302948 kB
SReclaimable:      86052 kB
SUnreclaim:       216896 kB
KernelStack:       45344 kB
ShadowCallStack:   11360 kB
PageTables:        64744 kB
NFS_Unstable:          0 kB
Bounce:                0 kB
WritebackTmp:          0 kB
CommitLimit:     8679780 kB
Committed_AS:   62788680 kB
VmallocTotal:   263061440 kB
VmallocUsed:      125808 kB
VmallocChunk:          0 kB
Percpu:             6216 kB
CmaTotal:         405504 kB
CmaFree:            1116 kB
MemTotal:        7922396 kB
MemFree:          543028 kB
MemAvailable:    2822136 kB
Buffers:           71228 kB
Cached:          2323256 kB
SwapCached:          880 kB
Active:           988236 kB
Inactive:        3208992 kB
Active(anon):      67488 kB
Inactive(anon):  1760464 kB
Active(file):     920748 kB
Inactive(file):  1448528 kB
Unevictable:        6048 kB
Mlocked:            5608 kB
SwapTotal:       4718584 kB
SwapFree:        4597496 kB
Dirty:             37812 kB
Writeback:            60 kB
AnonPages:       1807852 kB
Mapped:           873992 kB
Shmem:             20656 kB
KReclaimable:     428568 kB
Slab:             294284 kB
SReclaimable:      77152 kB
SUnreclaim:       217132 kB
KernelStack:       45232 kB
ShadowCallStack:   11360 kB
PageTables:        64780 kB
NFS_Unstable:          0 kB
Bounce:                0 kB
WritebackTmp:          0 kB
CommitLimit:     8679780 kB
Committed_AS:   62781780 kB
VmallocTotal:   263061440 kB
VmallocUsed:      125704 kB
VmallocChunk:          0 kB
Percpu:             6216 kB
CmaTotal:         405504 kB
CmaFree:            7192 kB
MemTotal:        7922396 kB
MemFree:          531740 kB
MemAvailable:    2918320 kB
Buffers:           71244 kB
Cached:          2325904 kB
SwapCached:          880 kB
Active:           988616 kB
Inactive:        3216184 kB
Active(anon):      67852 kB
Inactive(anon):  1765016 kB
Active(file):     920764 kB
Inactive(file):  1451168 kB
Unevictable:        6048 kB
Mlocked:            5608 kB
SwapTotal:       4718584 kB
SwapFree:        4597496 kB
Dirty:             37900 kB
Writeback:             0 kB
AnonPages:       1812784 kB
Mapped:           876888 kB
Shmem:             20664 kB
KReclaimable:     533384 kB
Slab:             294440 kB
SReclaimable:      77152 kB
SUnreclaim:       217288 kB
KernelStack:       45424 kB
ShadowCallStack:   11376 kB
PageTables:        64920 kB
NFS_Unstable:          0 kB
Bounce:                0 kB
WritebackTmp:          0 kB
CommitLimit:     8679780 kB
Committed_AS:   62781832 kB
VmallocTotal:   263061440 kB
VmallocUsed:      125908 kB
VmallocChunk:          0 kB
Percpu:             6216 kB
CmaTotal:         405504 kB
CmaFree:            7104 kB
MemTotal:        7922396 kB
MemFree:          528724 kB
MemAvailable:    2915696 kB
Buffers:           71300 kB
Cached:          2325952 kB
SwapCached:          996 kB
Active:           988784 kB
Inactive:        3219216 kB
Active(anon):      67964 kB
Inactive(anon):  1768056 kB
Active(file):     920820 kB
Inactive(file):  1451160 kB
Unevictable:        6048 kB
Mlocked:            5608 kB
SwapTotal:       4718584 kB
SwapFree:        4597496 kB
Dirty:             37948 kB
Writeback:             0 kB
AnonPages:       1815744 kB
Mapped:           877136 kB
Shmem:             20720 kB
KReclaimable:     533728 kB
Slab:             294652 kB
SReclaimable:      77504 kB
SUnreclaim:       217148 kB
KernelStack:       45392 kB
ShadowCallStack:   11380 kB
PageTables:        64736 kB
NFS_Unstable:          0 kB
Bounce:                0 kB
WritebackTmp:          0 kB
CommitLimit:     8679780 kB
Committed_AS:   62782120 kB
VmallocTotal:   263061440 kB
VmallocUsed:      125892 kB
VmallocChunk:          0 kB
Percpu:             6216 kB
CmaTotal:         405504 kB
CmaFree:            7100 kB
MemTotal:        7922396 kB
MemFree:          526952 kB
MemAvailable:    2914700 kB
Buffers:           71300 kB
Cached:          2326684 kB
SwapCached:          996 kB
Active:           988812 kB
Inactive:        3220668 kB
Active(anon):      67972 kB
Inactive(anon):  1768800 kB
Active(file):     920840 kB
Inactive(file):  1451868 kB
Unevictable:        6048 kB
Mlocked:            5608 kB
SwapTotal:       4718584 kB
SwapFree:        4597496 kB
Dirty:             37952 kB
Writeback:             0 kB
AnonPages:       1816568 kB
Mapped:           877320 kB
Shmem:             20724 kB
KReclaimable:     533776 kB
Slab:             294900 kB
SReclaimable:      77552 kB
SUnreclaim:       217348 kB
KernelStack:       45440 kB
ShadowCallStack:   11380 kB
PageTables:        64668 kB
NFS_Unstable:          0 kB
Bounce:                0 kB
WritebackTmp:          0 kB
CommitLimit:     8679780 kB
Committed_AS:   62782124 kB
VmallocTotal:   263061440 kB
VmallocUsed:      125928 kB
VmallocChunk:          0 kB
Percpu:             6216 kB
CmaTotal:         405504 kB
CmaFree:            7168 kB
MemTotal:        7922396 kB
MemFree:          525076 kB
MemAvailable:    2913648 kB
Buffers:           71300 kB
Cached:          2327460 kB
SwapCached:          996 kB
Active:           988824 kB
Inactive:        3221788 kB
Active(anon):      67972 kB
Inactive(anon):  1769156 kB
Active(file):     920852 kB
Inactive(file):  1452632 kB
Unevictable:        6048 kB
Mlocked:            5608 kB
SwapTotal:       4718584 kB
SwapFree:        4597496 kB
Dirty:             37972 kB
Writeback:             0 kB
AnonPages:       1816948 kB
Mapped:           877152 kB
Shmem:             20724 kB
KReclaimable:     533824 kB
Slab:             294868 kB
SReclaimable:      77616 kB
SUnreclaim:       217252 kB
KernelStack:       45472 kB
ShadowCallStack:   11380 kB
PageTables:        64868 kB
NFS_Unstable:          0 kB
Bounce:                0 kB
WritebackTmp:          0 kB
CommitLimit:     8679780 kB
Committed_AS:   62782124 kB
VmallocTotal:   263061440 kB
VmallocUsed:      125928 kB
VmallocChunk:          0 kB
Percpu:             6216 kB
CmaTotal:         405504 kB
CmaFree:            7268 kB
MemTotal:        7922396 kB
MemFree:          525296 kB
MemAvailable:    2914152 kB
Buffers:           71332 kB
Cached:          2327712 kB
SwapCached:          996 kB
Active:           988860 kB
Inactive:        3221808 kB
Active(anon):      67972 kB
Inactive(anon):  1768928 kB
Active(file):     920888 kB
Inactive(file):  1452880 kB
Unevictable:        6048 kB
Mlocked:            5608 kB
SwapTotal:       4718584 kB
SwapFree:        4597496 kB
Dirty:             38004 kB
Writeback:             0 kB
AnonPages:       1816648 kB
Mapped:           877368 kB
Shmem:             20724 kB
KReclaimable:     533824 kB
Slab:             294720 kB
SReclaimable:      77616 kB
SUnreclaim:       217104 kB
KernelStack:       45440 kB
ShadowCallStack:   11376 kB
PageTables:        64840 kB
NFS_Unstable:          0 kB
Bounce:                0 kB
WritebackTmp:          0 kB
CommitLimit:     8679780 kB
Committed_AS:   62782084 kB
VmallocTotal:   263061440 kB
VmallocUsed:      125924 kB
VmallocChunk:          0 kB
Percpu:             6216 kB
CmaTotal:         405504 kB
CmaFree:            7396 kB
MemTotal:        7922396 kB
MemFree:          524252 kB
MemAvailable:    2913280 kB
Buffers:           71332 kB
Cached:          2327916 kB
SwapCached:          996 kB
Active:           988872 kB
Inactive:        3222880 kB
Active(anon):      67968 kB
Inactive(anon):  1769812 kB
Active(file):     920904 kB
Inactive(file):  1453068 kB
Unevictable:        6048 kB
Mlocked:            5608 kB
SwapTotal:       4718584 kB
SwapFree:        4597496 kB
Dirty:             38012 kB
Writeback:             0 kB
AnonPages:       1817508 kB
Mapped:           877480 kB
Shmem:             20724 kB
KReclaimable:     533792 kB
Slab:             294828 kB
SReclaimable:      77584 kB
SUnreclaim:       217244 kB
KernelStack:       45424 kB
ShadowCallStack:   11376 kB
PageTables:        64880 kB
NFS_Unstable:          0 kB
Bounce:                0 kB
WritebackTmp:          0 kB
CommitLimit:     8679780 kB
Committed_AS:   62782080 kB
VmallocTotal:   263061440 kB
VmallocUsed:      125920 kB
VmallocChunk:          0 kB
Percpu:             6216 kB
CmaTotal:         405504 kB
CmaFree:            7532 kB
MemTotal:        7922396 kB
MemFree:          526524 kB
MemAvailable:    2915592 kB
Buffers:           71332 kB
Cached:          2327924 kB
SwapCached:          996 kB
Active:           988876 kB
Inactive:        3221032 kB
Active(anon):      67972 kB
Inactive(anon):  1767956 kB
Active(file):     920904 kB
Inactive(file):  1453076 kB
Unevictable:        6048 kB
Mlocked:            5608 kB
SwapTotal:       4718584 kB
SwapFree:        4597496 kB
Dirty:             38020 kB
Writeback:             0 kB
AnonPages:       1815780 kB
Mapped:           877476 kB
Shmem:             20724 kB
KReclaimable:     533824 kB
Slab:             294916 kB
SReclaimable:      77616 kB
SUnreclaim:       217300 kB
KernelStack:       45424 kB
ShadowCallStack:   11380 kB
PageTables:        64812 kB
NFS_Unstable:          0 kB
Bounce:                0 kB
WritebackTmp:          0 kB
CommitLimit:     8679780 kB
Committed_AS:   62782084 kB
VmallocTotal:   263061440 kB
VmallocUsed:      125904 kB
VmallocChunk:          0 kB
Percpu:             6216 kB
CmaTotal:         405504 kB
CmaFree:            9352 kB
MemTotal:        7922396 kB
MemFree:          409016 kB
MemAvailable:    2695076 kB
Buffers:           71332 kB
Cached:          2327972 kB
SwapCached:          996 kB
Active:           988888 kB
Inactive:        3311036 kB
Active(anon):      67972 kB
Inactive(anon):  1857956 kB
Active(file):     920916 kB
Inactive(file):  1453080 kB
Unevictable:        6048 kB
Mlocked:            5608 kB
SwapTotal:       4718584 kB
SwapFree:        4597496 kB
Dirty:             38028 kB
Writeback:             0 kB
AnonPages:       1905512 kB
Mapped:           878720 kB
Shmem:             20756 kB
KReclaimable:     430800 kB
Slab:             295188 kB
SReclaimable:      77696 kB
SUnreclaim:       217492 kB
KernelStack:       45488 kB
ShadowCallStack:   11388 kB
PageTables:        64788 kB
NFS_Unstable:          0 kB
Bounce:                0 kB
WritebackTmp:          0 kB
CommitLimit:     8679780 kB
Committed_AS:   62782464 kB
VmallocTotal:   263061440 kB
VmallocUsed:      126004 kB
VmallocChunk:          0 kB
Percpu:             6216 kB
CmaTotal:         405504 kB
CmaFree:               0 kB
MemTotal:        7922396 kB
MemFree:          493872 kB
MemAvailable:    2912224 kB
Buffers:           71428 kB
Cached:          2327952 kB
SwapCached:          996 kB
Active:           988996 kB
Inactive:        3224040 kB
Active(anon):      67972 kB
Inactive(anon):  1770960 kB
Active(file):     921024 kB
Inactive(file):  1453080 kB
Unevictable:        6048 kB
Mlocked:            5608 kB
SwapTotal:       4718584 kB
SwapFree:        4597496 kB
Dirty:             38040 kB
Writeback:             0 kB
AnonPages:       1818740 kB
Mapped:           878204 kB
Shmem:             20724 kB
KReclaimable:     562984 kB
Slab:             295240 kB
SReclaimable:      77696 kB
SUnreclaim:       217544 kB
KernelStack:       45424 kB
ShadowCallStack:   11380 kB
PageTables:        64796 kB
NFS_Unstable:          0 kB
Bounce:                0 kB
WritebackTmp:          0 kB
CommitLimit:     8679780 kB
Committed_AS:   62782080 kB
VmallocTotal:   263061440 kB
VmallocUsed:      125924 kB
VmallocChunk:          0 kB
Percpu:             6216 kB
CmaTotal:         405504 kB
CmaFree:            7380 kB
MemTotal:        7922396 kB
MemFree:          492972 kB
MemAvailable:    2912160 kB
Buffers:           71428 kB
Cached:          2328708 kB
SwapCached:          996 kB
Active:           988996 kB
Inactive:        3225148 kB
Active(anon):      67968 kB
Inactive(anon):  1771316 kB
Active(file):     921028 kB
Inactive(file):  1453832 kB
Unevictable:        6048 kB
Mlocked:            5608 kB
SwapTotal:       4718584 kB
SwapFree:        4597496 kB
Dirty:             38040 kB
Writeback:             0 kB
AnonPages:       1819112 kB
Mapped:           878236 kB
Shmem:             20724 kB
KReclaimable:     563064 kB
Slab:             295176 kB
SReclaimable:      77744 kB
SUnreclaim:       217432 kB
KernelStack:       45440 kB
ShadowCallStack:   11372 kB
PageTables:        64984 kB
NFS_Unstable:          0 kB
Bounce:                0 kB
WritebackTmp:          0 kB
CommitLimit:     8679780 kB
Committed_AS:   62782104 kB
VmallocTotal:   263061440 kB
VmallocUsed:      125924 kB
VmallocChunk:          0 kB
Percpu:             6216 kB
CmaTotal:         405504 kB
CmaFree:            7380 kB
MemTotal:        7922396 kB
MemFree:          493612 kB
MemAvailable:    2912988 kB
Buffers:           71428 kB
Cached:          2328848 kB
SwapCached:          996 kB
Active:           989008 kB
Inactive:        3225256 kB
Active(anon):      67972 kB
Inactive(anon):  1771292 kB
Active(file):     921036 kB
Inactive(file):  1453964 kB
Unevictable:        6048 kB
Mlocked:            5608 kB
SwapTotal:       4718584 kB
SwapFree:        4597496 kB
Dirty:             38052 kB
Writeback:             0 kB
AnonPages:       1819136 kB
Mapped:           878392 kB
Shmem:             20724 kB
KReclaimable:     563112 kB
Slab:             295240 kB
SReclaimable:      77792 kB
SUnreclaim:       217448 kB
KernelStack:       45408 kB
ShadowCallStack:   11372 kB
PageTables:        64984 kB
NFS_Unstable:          0 kB
Bounce:                0 kB
WritebackTmp:          0 kB
CommitLimit:     8679780 kB
Committed_AS:   62782080 kB
VmallocTotal:   263061440 kB
VmallocUsed:      125888 kB
VmallocChunk:          0 kB
Percpu:             6216 kB
CmaTotal:         405504 kB
CmaFree:            7456 kB
MemTotal:        7922396 kB
MemFree:          505324 kB
MemAvailable:    2924852 kB
Buffers:           71444 kB
Cached:          2328984 kB
SwapCached:          996 kB
Active:           989024 kB
Inactive:        3212320 kB
Active(anon):      67968 kB
Inactive(anon):  1758224 kB
Active(file):     921056 kB
Inactive(file):  1454096 kB
Unevictable:        6048 kB
Mlocked:            5608 kB
SwapTotal:       4718584 kB
SwapFree:        4597496 kB
Dirty:             38056 kB
Writeback:             0 kB
AnonPages:       1806048 kB
Mapped:           875332 kB
Shmem:             20724 kB
KReclaimable:     563112 kB
Slab:             295324 kB
SReclaimable:      77792 kB
SUnreclaim:       217532 kB
KernelStack:       45472 kB
ShadowCallStack:   11380 kB
PageTables:        64960 kB
NFS_Unstable:          0 kB
Bounce:                0 kB
WritebackTmp:          0 kB
CommitLimit:     8679780 kB
Committed_AS:   62782188 kB
VmallocTotal:   263061440 kB
VmallocUsed:      125960 kB
VmallocChunk:          0 kB
Percpu:             6216 kB
CmaTotal:         405504 kB
CmaFree:            8764 kB
MemTotal:        7922396 kB
MemFree:          505188 kB
MemAvailable:    2924860 kB
Buffers:           71444 kB
Cached:          2329192 kB
SwapCached:          996 kB
Active:           989048 kB
Inactive:        3211096 kB
Active(anon):      67976 kB
Inactive(anon):  1756808 kB
Active(file):     921072 kB
Inactive(file):  1454288 kB
Unevictable:        6048 kB
Mlocked:            5608 kB
SwapTotal:       4718584 kB
SwapFree:        4597496 kB
Dirty:             38064 kB
Writeback:             0 kB
AnonPages:       1804728 kB
Mapped:           875380 kB
Shmem:             20724 kB
KReclaimable:     563048 kB
Slab:             295116 kB
SReclaimable:      77728 kB
SUnreclaim:       217388 kB
KernelStack:       45456 kB
ShadowCallStack:   11388 kB
PageTables:        64832 kB
NFS_Unstable:          0 kB
Bounce:                0 kB
WritebackTmp:          0 kB
CommitLimit:     8679780 kB
Committed_AS:   62782184 kB
VmallocTotal:   263061440 kB
VmallocUsed:      125964 kB
VmallocChunk:          0 kB
Percpu:             6216 kB
CmaTotal:         405504 kB
CmaFree:            8764 kB
MemTotal:        7922396 kB
MemFree:          506776 kB
MemAvailable:    2926452 kB
Buffers:           71444 kB
Cached:          2329196 kB
SwapCached:          996 kB
Active:           989048 kB
Inactive:        3210940 kB
Active(anon):      67976 kB
Inactive(anon):  1756648 kB
Active(file):     921072 kB
Inactive(file):  1454292 kB
Unevictable:        6048 kB
Mlocked:            5608 kB
SwapTotal:       4718584 kB
SwapFree:        4597496 kB
Dirty:             38068 kB
Writeback:             0 kB
AnonPages:       1804428 kB
Mapped:           875460 kB
Shmem:             20724 kB
KReclaimable:     563048 kB
Slab:             295168 kB
SReclaimable:      77728 kB
SUnreclaim:       217440 kB
KernelStack:       45408 kB
ShadowCallStack:   11388 kB
PageTables:        64612 kB
NFS_Unstable:          0 kB
Bounce:                0 kB
WritebackTmp:          0 kB
CommitLimit:     8679780 kB
Committed_AS:   62782184 kB
VmallocTotal:   263061440 kB
VmallocUsed:      125948 kB
VmallocChunk:          0 kB
Percpu:             6216 kB
CmaTotal:         405504 kB
CmaFree:            8840 kB
MemTotal:        7922396 kB
MemFree:          505800 kB
MemAvailable:    2925480 kB
Buffers:           71444 kB
Cached:          2329200 kB
SwapCached:          996 kB
Active:           989052 kB
Inactive:        3210588 kB
Active(anon):      67972 kB
Inactive(anon):  1756300 kB
Active(file):     921080 kB
Inactive(file):  1454288 kB
Unevictable:        6048 kB
Mlocked:            5608 kB
SwapTotal:       4718584 kB
SwapFree:        4597496 kB
Dirty:             38072 kB
Writeback:             0 kB
AnonPages:       1804224 kB
Mapped:           875564 kB
Shmem:             20724 kB
KReclaimable:     563048 kB
Slab:             295168 kB
SReclaimable:      77728 kB
SUnreclaim:       217440 kB
KernelStack:       45488 kB
ShadowCallStack:   11376 kB
PageTables:        64588 kB
NFS_Unstable:          0 kB
Bounce:                0 kB
WritebackTmp:          0 kB
CommitLimit:     8679780 kB
Committed_AS:   62782184 kB
VmallocTotal:   263061440 kB
VmallocUsed:      125948 kB
VmallocChunk:          0 kB
Percpu:             6216 kB
CmaTotal:         405504 kB
CmaFree:            8824 kB
MemTotal:        7922396 kB
MemFree:          505184 kB
MemAvailable:    2926160 kB
Buffers:           71444 kB
Cached:          2330496 kB
SwapCached:          996 kB
Active:           989076 kB
Inactive:        3212680 kB
Active(anon):      67980 kB
Inactive(anon):  1757112 kB
Active(file):     921096 kB
Inactive(file):  1455568 kB
Unevictable:        6048 kB
Mlocked:            5608 kB
SwapTotal:       4718584 kB
SwapFree:        4597496 kB
Dirty:             38088 kB
Writeback:             0 kB
AnonPages:       1804932 kB
Mapped:           875544 kB
Shmem:             20724 kB
KReclaimable:     563048 kB
Slab:             295072 kB
SReclaimable:      77728 kB
SUnreclaim:       217344 kB
KernelStack:       45440 kB
ShadowCallStack:   11396 kB
PageTables:        64696 kB
NFS_Unstable:          0 kB
Bounce:                0 kB
WritebackTmp:          0 kB
CommitLimit:     8679780 kB
Committed_AS:   62782184 kB
VmallocTotal:   263061440 kB
VmallocUsed:      125944 kB
VmallocChunk:          0 kB
Percpu:             6216 kB
CmaTotal:         405504 kB
CmaFree:            8840 kB
MemTotal:        7922396 kB
MemFree:          503320 kB
MemAvailable:    2925960 kB
Buffers:           71452 kB
Cached:          2332204 kB
SwapCached:          996 kB
Active:           989080 kB
Inactive:        3214980 kB
Active(anon):      67964 kB
Inactive(anon):  1757768 kB
Active(file):     921116 kB
Inactive(file):  1457212 kB
Unevictable:        6048 kB
Mlocked:            5608 kB
SwapTotal:       4718584 kB
SwapFree:        4597496 kB
Dirty:             38096 kB
Writeback:             0 kB
AnonPages:       1805624 kB
Mapped:           875248 kB
Shmem:             20724 kB
KReclaimable:     563048 kB
Slab:             295124 kB
SReclaimable:      77728 kB
SUnreclaim:       217396 kB
KernelStack:       45472 kB
ShadowCallStack:   11392 kB
PageTables:        64756 kB
NFS_Unstable:          0 kB
Bounce:                0 kB
WritebackTmp:          0 kB
CommitLimit:     8679780 kB
Committed_AS:   62782184 kB
VmallocTotal:   263061440 kB
VmallocUsed:      125948 kB
VmallocChunk:          0 kB
Percpu:             6216 kB
CmaTotal:         405504 kB
CmaFree:            8844 kB
MemTotal:        7922396 kB
MemFree:          502348 kB
MemAvailable:    2925132 kB
Buffers:           71452 kB
Cached:          2332280 kB
SwapCached:          996 kB
Active:           989100 kB
Inactive:        3215316 kB
Active(anon):      67980 kB
Inactive(anon):  1757980 kB
Active(file):     921120 kB
Inactive(file):  1457336 kB
Unevictable:        6048 kB
Mlocked:            5608 kB
SwapTotal:       4718584 kB
SwapFree:        4597496 kB
Dirty:             38104 kB
Writeback:             0 kB
AnonPages:       1805768 kB
Mapped:           875524 kB
Shmem:             20724 kB
KReclaimable:     563064 kB
Slab:             295128 kB
SReclaimable:      77744 kB
SUnreclaim:       217384 kB
KernelStack:       45456 kB
ShadowCallStack:   11388 kB
PageTables:        64768 kB
NFS_Unstable:          0 kB
Bounce:                0 kB
WritebackTmp:          0 kB
CommitLimit:     8679780 kB
Committed_AS:   62782184 kB
VmallocTotal:   263061440 kB
VmallocUsed:      125948 kB
VmallocChunk:          0 kB
Percpu:             6216 kB
CmaTotal:         405504 kB
CmaFree:            8840 kB
MemTotal:        7922396 kB
MemFree:          501924 kB
MemAvailable:    2924716 kB
Buffers:           71456 kB
Cached:          2332284 kB
SwapCached:          996 kB
Active:           989092 kB
Inactive:        3215920 kB
Active(anon):      67972 kB
Inactive(anon):  1758576 kB
Active(file):     921120 kB
Inactive(file):  1457344 kB
Unevictable:        6048 kB
Mlocked:            5608 kB
SwapTotal:       4718584 kB
SwapFree:        4597496 kB
Dirty:             13752 kB
Writeback:         24360 kB
AnonPages:       1806296 kB
Mapped:           875584 kB
Shmem:             20724 kB
KReclaimable:     563064 kB
Slab:             295056 kB
SReclaimable:      77744 kB
SUnreclaim:       217312 kB
KernelStack:       45440 kB
ShadowCallStack:   11376 kB
PageTables:        64792 kB
NFS_Unstable:          0 kB
Bounce:                0 kB
WritebackTmp:          0 kB
CommitLimit:     8679780 kB
Committed_AS:   62782184 kB
VmallocTotal:   263061440 kB
VmallocUsed:      125948 kB
VmallocChunk:          0 kB
Percpu:             6216 kB
CmaTotal:         405504 kB
CmaFree:            8840 kB
MemTotal:        7922396 kB
MemFree:          500876 kB
MemAvailable:    2924096 kB
Buffers:           71460 kB
Cached:          2332676 kB
SwapCached:          996 kB
Active:           989136 kB
Inactive:        3216244 kB
Active(anon):      67980 kB
Inactive(anon):  1758540 kB
Active(file):     921156 kB
Inactive(file):  1457704 kB
Unevictable:        6048 kB
Mlocked:            5608 kB
SwapTotal:       4718584 kB
SwapFree:        4597496 kB
Dirty:              2916 kB
Writeback:             0 kB
AnonPages:       1806332 kB
Mapped:           875388 kB
Shmem:             20724 kB
KReclaimable:     563096 kB
Slab:             295288 kB
SReclaimable:      77776 kB
SUnreclaim:       217512 kB
KernelStack:       45472 kB
ShadowCallStack:   11376 kB
PageTables:        64604 kB
NFS_Unstable:          0 kB
Bounce:                0 kB
WritebackTmp:          0 kB
CommitLimit:     8679780 kB
Committed_AS:   62782184 kB
VmallocTotal:   263061440 kB
VmallocUsed:      125924 kB
VmallocChunk:          0 kB
Percpu:             6216 kB
CmaTotal:         405504 kB
CmaFree:            8840 kB
MemTotal:        7922396 kB
MemFree:          500324 kB
MemAvailable:    2923636 kB
Buffers:           71460 kB
Cached:          2332752 kB
SwapCached:          996 kB
Active:           989160 kB
Inactive:        3216752 kB
Active(anon):      67988 kB
Inactive(anon):  1758988 kB
Active(file):     921172 kB
Inactive(file):  1457764 kB
Unevictable:        6048 kB
Mlocked:            5608 kB
SwapTotal:       4718584 kB
SwapFree:        4597496 kB
Dirty:              2936 kB
Writeback:             0 kB
AnonPages:       1806948 kB
Mapped:           875520 kB
Shmem:             20724 kB
KReclaimable:     563112 kB
Slab:             295300 kB
SReclaimable:      77792 kB
SUnreclaim:       217508 kB
KernelStack:       45440 kB
ShadowCallStack:   11376 kB
PageTables:        64808 kB
NFS_Unstable:          0 kB
Bounce:                0 kB
WritebackTmp:          0 kB
CommitLimit:     8679780 kB
Committed_AS:   62782184 kB
VmallocTotal:   263061440 kB
VmallocUsed:      125924 kB
VmallocChunk:          0 kB
Percpu:             6216 kB
CmaTotal:         405504 kB
CmaFree:            8884 kB
MemTotal:        7922396 kB
MemFree:          498340 kB
MemAvailable:    2921740 kB
Buffers:           71488 kB
Cached:          2332768 kB
SwapCached:          996 kB
Active:           989180 kB
Inactive:        3218440 kB
Active(anon):      67980 kB
Inactive(anon):  1760660 kB
Active(file):     921200 kB
Inactive(file):  1457780 kB
Unevictable:        6048 kB
Mlocked:            5608 kB
SwapTotal:       4718584 kB
SwapFree:        4597496 kB
Dirty:              3060 kB
Writeback:             0 kB
AnonPages:       1808424 kB
Mapped:           875380 kB
Shmem:             20724 kB
KReclaimable:     563156 kB
Slab:             295280 kB
SReclaimable:      77808 kB
SUnreclaim:       217472 kB
KernelStack:       45424 kB
ShadowCallStack:   11380 kB
PageTables:        64780 kB
NFS_Unstable:          0 kB
Bounce:                0 kB
WritebackTmp:          0 kB
CommitLimit:     8679780 kB
Committed_AS:   62782184 kB
VmallocTotal:   263061440 kB
VmallocUsed:      125904 kB
VmallocChunk:          0 kB
Percpu:             6216 kB
CmaTotal:         405504 kB
CmaFree:            8888 kB
MemTotal:        7922396 kB
MemFree:          497640 kB
MemAvailable:    2921396 kB
Buffers:           71488 kB
Cached:          2333108 kB
SwapCached:          996 kB
Active:           989188 kB
Inactive:        3219272 kB
Active(anon):      67980 kB
Inactive(anon):  1761160 kB
Active(file):     921208 kB
Inactive(file):  1458112 kB
Unevictable:        6048 kB
Mlocked:            5608 kB
SwapTotal:       4718584 kB
SwapFree:        4597496 kB
Dirty:              3068 kB
Writeback:             0 kB
AnonPages:       1808900 kB
Mapped:           875364 kB
Shmem:             20724 kB
KReclaimable:     563172 kB
Slab:             295336 kB
SReclaimable:      77824 kB
SUnreclaim:       217512 kB
KernelStack:       45424 kB
ShadowCallStack:   11392 kB
PageTables:        64836 kB
NFS_Unstable:          0 kB
Bounce:                0 kB
WritebackTmp:          0 kB
CommitLimit:     8679780 kB
Committed_AS:   62782180 kB
VmallocTotal:   263061440 kB
VmallocUsed:      125908 kB
VmallocChunk:          0 kB
Percpu:             6216 kB
CmaTotal:         405504 kB
CmaFree:            8888 kB
MemTotal:        7922396 kB
MemFree:          497716 kB
MemAvailable:    2922332 kB
Buffers:           71488 kB
Cached:          2333952 kB
SwapCached:          996 kB
Active:           989204 kB
Inactive:        3220124 kB
Active(anon):      67988 kB
Inactive(anon):  1761176 kB
Active(file):     921216 kB
Inactive(file):  1458948 kB
Unevictable:        6048 kB
Mlocked:            5608 kB
SwapTotal:       4718584 kB
SwapFree:        4597496 kB
Dirty:              3068 kB
Writeback:             0 kB
AnonPages:       1809080 kB
Mapped:           875384 kB
Shmem:             20724 kB
KReclaimable:     563188 kB
Slab:             295360 kB
SReclaimable:      77840 kB
SUnreclaim:       217520 kB
KernelStack:       45440 kB
ShadowCallStack:   11376 kB
PageTables:        64936 kB
NFS_Unstable:          0 kB
Bounce:                0 kB
WritebackTmp:          0 kB
CommitLimit:     8679780 kB
Committed_AS:   62782180 kB
VmallocTotal:   263061440 kB
VmallocUsed:      125908 kB
VmallocChunk:          0 kB
Percpu:             6216 kB
CmaTotal:         405504 kB
CmaFree:            8888 kB
MemTotal:        7922396 kB
MemFree:          495676 kB
MemAvailable:    2920584 kB
Buffers:           71492 kB
Cached:          2334224 kB
SwapCached:          996 kB
Active:           989216 kB
Inactive:        3220664 kB
Active(anon):      67984 kB
Inactive(anon):  1761456 kB
Active(file):     921232 kB
Inactive(file):  1459208 kB
Unevictable:        6048 kB
Mlocked:            5608 kB
SwapTotal:       4718584 kB
SwapFree:        4597496 kB
Dirty:              2488 kB
Writeback:             0 kB
AnonPages:       1809248 kB
Mapped:           875420 kB
Shmem:             20724 kB
KReclaimable:     563204 kB
Slab:             295376 kB
SReclaimable:      77856 kB
SUnreclaim:       217520 kB
KernelStack:       45424 kB
ShadowCallStack:   11384 kB
PageTables:        64944 kB
NFS_Unstable:          0 kB
Bounce:                0 kB
WritebackTmp:          0 kB
CommitLimit:     8679780 kB
Committed_AS:   62782180 kB
VmallocTotal:   263061440 kB
VmallocUsed:      125908 kB
VmallocChunk:          0 kB
Percpu:             6216 kB
CmaTotal:         405504 kB
CmaFree:            8888 kB
MemTotal:        7922396 kB
MemFree:          496468 kB
MemAvailable:    2922068 kB
Buffers:           71492 kB
Cached:          2334884 kB
SwapCached:          996 kB
Active:           989224 kB
Inactive:        3221172 kB
Active(anon):      67984 kB
Inactive(anon):  1761312 kB
Active(file):     921240 kB
Inactive(file):  1459860 kB
Unevictable:        6048 kB
Mlocked:            5608 kB
SwapTotal:       4718584 kB
SwapFree:        4597496 kB
Dirty:              2524 kB
Writeback:             0 kB
AnonPages:       1809100 kB
Mapped:           875380 kB
Shmem:             20724 kB
KReclaimable:     563236 kB
Slab:             295404 kB
SReclaimable:      77888 kB
SUnreclaim:       217516 kB
KernelStack:       45392 kB
ShadowCallStack:   11380 kB
PageTables:        64640 kB
NFS_Unstable:          0 kB
Bounce:                0 kB
WritebackTmp:          0 kB
CommitLimit:     8679780 kB
Committed_AS:   62782180 kB
VmallocTotal:   263061440 kB
VmallocUsed:      125904 kB
VmallocChunk:          0 kB
Percpu:             6216 kB
CmaTotal:         405504 kB
CmaFree:            8900 kB
MemTotal:        7922396 kB
MemFree:          496412 kB
MemAvailable:    2922024 kB
Buffers:           71500 kB
Cached:          2334888 kB
SwapCached:          996 kB
Active:           989232 kB
Inactive:        3221296 kB
Active(anon):      67984 kB
Inactive(anon):  1761432 kB
Active(file):     921248 kB
Inactive(file):  1459864 kB
Unevictable:        6048 kB
Mlocked:            5608 kB
SwapTotal:       4718584 kB
SwapFree:        4597496 kB
Dirty:              2564 kB
Writeback:             0 kB
AnonPages:       1809232 kB
Mapped:           875408 kB
Shmem:             20724 kB
KReclaimable:     563236 kB
Slab:             295312 kB
SReclaimable:      77888 kB
SUnreclaim:       217424 kB
KernelStack:       45424 kB
ShadowCallStack:   11388 kB
PageTables:        64756 kB
NFS_Unstable:          0 kB
Bounce:                0 kB
WritebackTmp:          0 kB
CommitLimit:     8679780 kB
Committed_AS:   62782180 kB
VmallocTotal:   263061440 kB
VmallocUsed:      125892 kB
VmallocChunk:          0 kB
Percpu:             6216 kB
CmaTotal:         405504 kB
CmaFree:            8888 kB
MemTotal:        7922396 kB
MemFree:          495196 kB
MemAvailable:    2921096 kB
Buffers:           71500 kB
Cached:          2335164 kB
SwapCached:          996 kB
Active:           989232 kB
Inactive:        3221680 kB
Active(anon):      67972 kB
Inactive(anon):  1761556 kB
Active(file):     921260 kB
Inactive(file):  1460124 kB
Unevictable:        6048 kB
Mlocked:            5608 kB
SwapTotal:       4718584 kB
SwapFree:        4597496 kB
Dirty:              2572 kB
Writeback:             0 kB
AnonPages:       1809472 kB
Mapped:           875492 kB
Shmem:             20728 kB
KReclaimable:     563252 kB
Slab:             295348 kB
SReclaimable:      77904 kB
SUnreclaim:       217444 kB
KernelStack:       45424 kB
ShadowCallStack:   11360 kB
PageTables:        64812 kB
NFS_Unstable:          0 kB
Bounce:                0 kB
WritebackTmp:          0 kB
CommitLimit:     8679780 kB
Committed_AS:   62782188 kB
VmallocTotal:   263061440 kB
VmallocUsed:      125908 kB
VmallocChunk:          0 kB
Percpu:             6216 kB
CmaTotal:         405504 kB
CmaFree:            8888 kB
MemTotal:        7922396 kB
MemFree:          458320 kB
MemAvailable:    2755184 kB
Buffers:           71500 kB
Cached:          2335320 kB
SwapCached:          996 kB
Active:           989252 kB
Inactive:        3259008 kB
Active(anon):      67980 kB
Inactive(anon):  1798752 kB
Active(file):     921272 kB
Inactive(file):  1460256 kB
Unevictable:        6048 kB
Mlocked:            5608 kB
SwapTotal:       4718584 kB
SwapFree:        4597496 kB
Dirty:              2584 kB
Writeback:             0 kB
AnonPages:       1846488 kB
Mapped:           875732 kB
Shmem:             20740 kB
KReclaimable:     434072 kB
Slab:             295384 kB
SReclaimable:      77936 kB
SUnreclaim:       217448 kB
KernelStack:       45456 kB
ShadowCallStack:   11404 kB
PageTables:        64828 kB
NFS_Unstable:          0 kB
Bounce:                0 kB
WritebackTmp:          0 kB
CommitLimit:     8679780 kB
Committed_AS:   62782520 kB
VmallocTotal:   263061440 kB
VmallocUsed:      125972 kB
VmallocChunk:          0 kB
Percpu:             6216 kB
CmaTotal:         405504 kB
CmaFree:               8 kB
MemTotal:        7922396 kB
MemFree:          408680 kB
MemAvailable:    2702472 kB
Buffers:           71500 kB
Cached:          2335464 kB
SwapCached:          996 kB
Active:           989264 kB
Inactive:        3308740 kB
Active(anon):      67984 kB
Inactive(anon):  1848480 kB
Active(file):     921280 kB
Inactive(file):  1460260 kB
Unevictable:        6048 kB
Mlocked:            5608 kB
SwapTotal:       4718584 kB
SwapFree:        4597496 kB
Dirty:              1920 kB
Writeback:             0 kB
AnonPages:       1896168 kB
Mapped:           876120 kB
Shmem:             20872 kB
KReclaimable:     430988 kB
Slab:             295516 kB
SReclaimable:      77936 kB
SUnreclaim:       217580 kB
KernelStack:       45504 kB
ShadowCallStack:   11400 kB
PageTables:        64884 kB
NFS_Unstable:          0 kB
Bounce:                0 kB
WritebackTmp:          0 kB
CommitLimit:     8679780 kB
Committed_AS:   62782564 kB
VmallocTotal:   263061440 kB
VmallocUsed:      125992 kB
VmallocChunk:          0 kB
Percpu:             6216 kB
CmaTotal:         405504 kB
CmaFree:               0 kB
MemTotal:        7922396 kB
MemFree:          494916 kB
MemAvailable:    2922736 kB
Buffers:           71500 kB
Cached:          2337104 kB
SwapCached:          996 kB
Active:           989272 kB
Inactive:        3222956 kB
Active(anon):      67980 kB
Inactive(anon):  1760928 kB
Active(file):     921292 kB
Inactive(file):  1462028 kB
Unevictable:        6048 kB
Mlocked:            5608 kB
SwapTotal:       4718584 kB
SwapFree:        4597496 kB
Dirty:              1924 kB
Writeback:             0 kB
AnonPages:       1808720 kB
Mapped:           875656 kB
Shmem:             20732 kB
KReclaimable:     563236 kB
Slab:             295416 kB
SReclaimable:      77888 kB
SUnreclaim:       217528 kB
KernelStack:       45440 kB
ShadowCallStack:   11380 kB
PageTables:        64684 kB
NFS_Unstable:          0 kB
Bounce:                0 kB
WritebackTmp:          0 kB
CommitLimit:     8679780 kB
Committed_AS:   62782192 kB
VmallocTotal:   263061440 kB
VmallocUsed:      125924 kB
VmallocChunk:          0 kB
Percpu:             6216 kB
CmaTotal:         405504 kB
CmaFree:            8928 kB
MemTotal:        7922396 kB
MemFree:          493232 kB
MemAvailable:    2921848 kB
Buffers:           71508 kB
Cached:          2337892 kB
SwapCached:          996 kB
Active:           989292 kB
Inactive:        3224144 kB
Active(anon):      67984 kB
Inactive(anon):  1761336 kB
Active(file):     921308 kB
Inactive(file):  1462808 kB
Unevictable:        6048 kB
Mlocked:            5608 kB
SwapTotal:       4718584 kB
SwapFree:        4597496 kB
Dirty:              1940 kB
Writeback:             0 kB
AnonPages:       1809120 kB
Mapped:           875388 kB
Shmem:             20732 kB
KReclaimable:     563236 kB
Slab:             295252 kB
SReclaimable:      77888 kB
SUnreclaim:       217364 kB
KernelStack:       45376 kB
ShadowCallStack:   11380 kB
PageTables:        64800 kB
NFS_Unstable:          0 kB
Bounce:                0 kB
WritebackTmp:          0 kB
CommitLimit:     8679780 kB
Committed_AS:   62782192 kB
VmallocTotal:   263061440 kB
VmallocUsed:      125908 kB
VmallocChunk:          0 kB
Percpu:             6216 kB
CmaTotal:         405504 kB
CmaFree:            8932 kB
MemTotal:        7922396 kB
MemFree:          496456 kB
MemAvailable:    2925096 kB
Buffers:           71524 kB
Cached:          2337904 kB
SwapCached:          996 kB
Active:           989324 kB
Inactive:        3219980 kB
Active(anon):      67984 kB
Inactive(anon):  1757180 kB
Active(file):     921340 kB
Inactive(file):  1462800 kB
Unevictable:        6048 kB
Mlocked:            5608 kB
SwapTotal:       4718584 kB
SwapFree:        4597496 kB
Dirty:              1956 kB
Writeback:             0 kB
AnonPages:       1804936 kB
Mapped:           875656 kB
Shmem:             20736 kB
KReclaimable:     563236 kB
Slab:             295300 kB
SReclaimable:      77888 kB
SUnreclaim:       217412 kB
KernelStack:       45456 kB
ShadowCallStack:   11384 kB
PageTables:        64872 kB
NFS_Unstable:          0 kB
Bounce:                0 kB
WritebackTmp:          0 kB
CommitLimit:     8679780 kB
Committed_AS:   62782248 kB
VmallocTotal:   263061440 kB
VmallocUsed:      125912 kB
VmallocChunk:          0 kB
Percpu:             6216 kB
CmaTotal:         405504 kB
CmaFree:             400 kB
MemTotal:        7922396 kB
MemFree:          496108 kB
MemAvailable:    2924952 kB
Buffers:           71524 kB
Cached:          2338112 kB
SwapCached:          996 kB
Active:           989452 kB
Inactive:        3220324 kB
Active(anon):      67980 kB
Inactive(anon):  1757448 kB
Active(file):     921472 kB
Inactive(file):  1462876 kB
Unevictable:        6048 kB
Mlocked:            5608 kB
SwapTotal:       4718584 kB
SwapFree:        4597496 kB
Dirty:              1964 kB
Writeback:             0 kB
AnonPages:       1805220 kB
Mapped:           875368 kB
Shmem:             20736 kB
KReclaimable:     563232 kB
Slab:             295428 kB
SReclaimable:      77888 kB
SUnreclaim:       217540 kB
KernelStack:       45440 kB
ShadowCallStack:   11388 kB
PageTables:        64740 kB
NFS_Unstable:          0 kB
Bounce:                0 kB
WritebackTmp:          0 kB
CommitLimit:     8679780 kB
Committed_AS:   62782244 kB
VmallocTotal:   263061440 kB
VmallocUsed:      125920 kB
VmallocChunk:          0 kB
Percpu:             6216 kB
CmaTotal:         405504 kB
CmaFree:             500 kB
MemTotal:        7922396 kB
MemFree:          495124 kB
MemAvailable:    2924448 kB
Buffers:           71524 kB
Cached:          2338592 kB
SwapCached:          996 kB
Active:           989472 kB
Inactive:        3221412 kB
Active(anon):      67988 kB
Inactive(anon):  1758068 kB
Active(file):     921484 kB
Inactive(file):  1463344 kB
Unevictable:        6048 kB
Mlocked:            5608 kB
SwapTotal:       4718584 kB
SwapFree:        4597496 kB
Dirty:               400 kB
Writeback:             0 kB
AnonPages:       1805868 kB
Mapped:           875384 kB
Shmem:             20736 kB
KReclaimable:     563232 kB
Slab:             295304 kB
SReclaimable:      77888 kB
SUnreclaim:       217416 kB
KernelStack:       45472 kB
ShadowCallStack:   11384 kB
PageTables:        64664 kB
NFS_Unstable:          0 kB
Bounce:                0 kB
WritebackTmp:          0 kB
CommitLimit:     8679780 kB
Committed_AS:   62782248 kB
VmallocTotal:   263061440 kB
VmallocUsed:      125896 kB
VmallocChunk:          0 kB
Percpu:             6216 kB
CmaTotal:         405504 kB
CmaFree:             500 kB
MemTotal:        7922396 kB
MemFree:          494928 kB
MemAvailable:    2924300 kB
Buffers:           71532 kB
Cached:          2338616 kB
SwapCached:          996 kB
Active:           989476 kB
Inactive:        3221552 kB
Active(anon):      67980 kB
Inactive(anon):  1758204 kB
Active(file):     921496 kB
Inactive(file):  1463348 kB
Unevictable:        6048 kB
Mlocked:            5608 kB
SwapTotal:       4718584 kB
SwapFree:        4597496 kB
Dirty:               408 kB
Writeback:             0 kB
AnonPages:       1806112 kB
Mapped:           875584 kB
Shmem:             20752 kB
KReclaimable:     563264 kB
Slab:             295304 kB
SReclaimable:      77920 kB
SUnreclaim:       217384 kB
KernelStack:       45408 kB
ShadowCallStack:   11372 kB
PageTables:        64740 kB
NFS_Unstable:          0 kB
Bounce:                0 kB
WritebackTmp:          0 kB
CommitLimit:     8679780 kB
Committed_AS:   62782260 kB
VmallocTotal:   263061440 kB
VmallocUsed:      125912 kB
VmallocChunk:          0 kB
Percpu:             6216 kB
CmaTotal:         405504 kB
CmaFree:             500 kB
MemTotal:        7922396 kB
MemFree:          492444 kB
MemAvailable:    2923092 kB
Buffers:           71532 kB
Cached:          2339444 kB
SwapCached:          996 kB
Active:           989488 kB
Inactive:        3222580 kB
Active(anon):      67980 kB
Inactive(anon):  1758416 kB
Active(file):     921508 kB
Inactive(file):  1464164 kB
Unevictable:        6048 kB
Mlocked:            5608 kB
SwapTotal:       4718584 kB
SwapFree:        4597496 kB
Dirty:               456 kB
Writeback:             0 kB
AnonPages:       1806300 kB
Mapped:           875552 kB
Shmem:             20752 kB
KReclaimable:     563712 kB
Slab:             295904 kB
SReclaimable:      78368 kB
SUnreclaim:       217536 kB
KernelStack:       45440 kB
ShadowCallStack:   11380 kB
PageTables:        64852 kB
NFS_Unstable:          0 kB
Bounce:                0 kB
WritebackTmp:          0 kB
CommitLimit:     8679780 kB
Committed_AS:   62782260 kB
VmallocTotal:   263061440 kB
VmallocUsed:      125912 kB
VmallocChunk:          0 kB
Percpu:             6216 kB
CmaTotal:         405504 kB
CmaFree:             500 kB
MemTotal:        7922396 kB
MemFree:          491924 kB
MemAvailable:    2923100 kB
Buffers:           71532 kB
Cached:          2339928 kB
SwapCached:          996 kB
Active:           989500 kB
Inactive:        3223800 kB
Active(anon):      67984 kB
Inactive(anon):  1759160 kB
Active(file):     921516 kB
Inactive(file):  1464640 kB
Unevictable:        6048 kB
Mlocked:            5608 kB
SwapTotal:       4718584 kB
SwapFree:        4597496 kB
Dirty:               464 kB
Writeback:             0 kB
AnonPages:       1807016 kB
Mapped:           875500 kB
Shmem:             20752 kB
KReclaimable:     563756 kB
Slab:             295852 kB
SReclaimable:      78384 kB
SUnreclaim:       217468 kB
KernelStack:       45440 kB
ShadowCallStack:   11384 kB
PageTables:        64764 kB
NFS_Unstable:          0 kB
Bounce:                0 kB
WritebackTmp:          0 kB
CommitLimit:     8679780 kB
Committed_AS:   62782264 kB
VmallocTotal:   263061440 kB
VmallocUsed:      125904 kB
VmallocChunk:          0 kB
Percpu:             6216 kB
CmaTotal:         405504 kB
CmaFree:             500 kB
MemTotal:        7922396 kB
MemFree:          490952 kB
MemAvailable:    2922140 kB
Buffers:           71532 kB
Cached:          2339940 kB
SwapCached:          996 kB
Active:           989508 kB
Inactive:        3223676 kB
Active(anon):      67984 kB
Inactive(anon):  1759032 kB
Active(file):     921524 kB
Inactive(file):  1464644 kB
Unevictable:        6048 kB
Mlocked:            5608 kB
SwapTotal:       4718584 kB
SwapFree:        4597496 kB
Dirty:               476 kB
Writeback:             0 kB
AnonPages:       1807108 kB
Mapped:           875416 kB
Shmem:             20752 kB
KReclaimable:     563756 kB
Slab:             295956 kB
SReclaimable:      78384 kB
SUnreclaim:       217572 kB
KernelStack:       45408 kB
ShadowCallStack:   11384 kB
PageTables:        64680 kB
NFS_Unstable:          0 kB
Bounce:                0 kB
WritebackTmp:          0 kB
CommitLimit:     8679780 kB
Committed_AS:   62782268 kB
VmallocTotal:   263061440 kB
VmallocUsed:      125924 kB
VmallocChunk:          0 kB
Percpu:             6216 kB
CmaTotal:         405504 kB
CmaFree:             500 kB
MemTotal:        7922396 kB
MemFree:          489224 kB
MemAvailable:    2921496 kB
Buffers:           71532 kB
Cached:          2340976 kB
SwapCached:          996 kB
Active:           989516 kB
Inactive:        3225332 kB
Active(anon):      67988 kB
Inactive(anon):  1759656 kB
Active(file):     921528 kB
Inactive(file):  1465676 kB
Unevictable:        6048 kB
Mlocked:            5608 kB
SwapTotal:       4718584 kB
SwapFree:        4597496 kB
Dirty:               488 kB
Writeback:             0 kB
AnonPages:       1807444 kB
Mapped:           875400 kB
Shmem:             20752 kB
KReclaimable:     563804 kB
Slab:             295940 kB
SReclaimable:      78432 kB
SUnreclaim:       217508 kB
KernelStack:       45408 kB
ShadowCallStack:   11376 kB
PageTables:        64820 kB
NFS_Unstable:          0 kB
Bounce:                0 kB
WritebackTmp:          0 kB
CommitLimit:     8679780 kB
Committed_AS:   62782220 kB
VmallocTotal:   263061440 kB
VmallocUsed:      125908 kB
VmallocChunk:          0 kB
Percpu:             6216 kB
CmaTotal:         405504 kB
CmaFree:             500 kB
MemTotal:        7922396 kB
MemFree:          493496 kB
MemAvailable:    2925788 kB
Buffers:           71532 kB
Cached:          2340980 kB
SwapCached:          996 kB
Active:           989596 kB
Inactive:        3222308 kB
Active(anon):      67984 kB
Inactive(anon):  1756712 kB
Active(file):     921612 kB
Inactive(file):  1465596 kB
Unevictable:        6048 kB
Mlocked:            5608 kB
SwapTotal:       4718584 kB
SwapFree:        4597496 kB
Dirty:               492 kB
Writeback:             0 kB
AnonPages:       1804516 kB
Mapped:           875384 kB
Shmem:             20752 kB
KReclaimable:     563820 kB
Slab:             295860 kB
SReclaimable:      78448 kB
SUnreclaim:       217412 kB
KernelStack:       45392 kB
ShadowCallStack:   11376 kB
PageTables:        64628 kB
NFS_Unstable:          0 kB
Bounce:                0 kB
WritebackTmp:          0 kB
CommitLimit:     8679780 kB
Committed_AS:   62782220 kB
VmallocTotal:   263061440 kB
VmallocUsed:      125888 kB
VmallocChunk:          0 kB
Percpu:             6216 kB
CmaTotal:         405504 kB
CmaFree:            1312 kB
MemTotal:        7922396 kB
MemFree:          492572 kB
MemAvailable:    2924880 kB
Buffers:           71540 kB
Cached:          2340988 kB
SwapCached:          996 kB
Active:           989604 kB
Inactive:        3222296 kB
Active(anon):      67984 kB
Inactive(anon):  1756692 kB
Active(file):     921620 kB
Inactive(file):  1465604 kB
Unevictable:        6048 kB
Mlocked:            5608 kB
SwapTotal:       4718584 kB
SwapFree:        4597496 kB
Dirty:               524 kB
Writeback:             0 kB
AnonPages:       1804460 kB
Mapped:           875352 kB
Shmem:             20752 kB
KReclaimable:     563820 kB
Slab:             295920 kB
SReclaimable:      78448 kB
SUnreclaim:       217472 kB
KernelStack:       45408 kB
ShadowCallStack:   11376 kB
PageTables:        64568 kB
NFS_Unstable:          0 kB
Bounce:                0 kB
WritebackTmp:          0 kB
CommitLimit:     8679780 kB
Committed_AS:   62782220 kB
VmallocTotal:   263061440 kB
VmallocUsed:      125876 kB
VmallocChunk:          0 kB
Percpu:             6216 kB
CmaTotal:         405504 kB
CmaFree:            1328 kB
MemTotal:        7922396 kB
MemFree:          492116 kB
MemAvailable:    2924636 kB
Buffers:           71540 kB
Cached:          2341196 kB
SwapCached:          996 kB
Active:           989596 kB
Inactive:        3223020 kB
Active(anon):      67972 kB
Inactive(anon):  1757224 kB
Active(file):     921624 kB
Inactive(file):  1465796 kB
Unevictable:        6048 kB
Mlocked:            5608 kB
SwapTotal:       4718584 kB
SwapFree:        4597496 kB
Dirty:               556 kB
Writeback:             0 kB
AnonPages:       1805104 kB
Mapped:           875440 kB
Shmem:             20752 kB
KReclaimable:     563836 kB
Slab:             295892 kB
SReclaimable:      78464 kB
SUnreclaim:       217428 kB
KernelStack:       45376 kB
ShadowCallStack:   11372 kB
PageTables:        64652 kB
NFS_Unstable:          0 kB
Bounce:                0 kB
WritebackTmp:          0 kB
CommitLimit:     8679780 kB
Committed_AS:   62782124 kB
VmallocTotal:   263061440 kB
VmallocUsed:      125868 kB
VmallocChunk:          0 kB
Percpu:             6216 kB
CmaTotal:         405504 kB
CmaFree:            1328 kB
MemTotal:        7922396 kB
MemFree:          491452 kB
MemAvailable:    2924432 kB
Buffers:           71556 kB
Cached:          2341596 kB
SwapCached:          996 kB
Active:           989616 kB
Inactive:        3224320 kB
Active(anon):      67964 kB
Inactive(anon):  1758124 kB
Active(file):     921652 kB
Inactive(file):  1466196 kB
Unevictable:        6048 kB
Mlocked:            5608 kB
SwapTotal:       4718584 kB
SwapFree:        4597496 kB
Dirty:               568 kB
Writeback:             0 kB
AnonPages:       1805868 kB
Mapped:           875368 kB
Shmem:             20752 kB
KReclaimable:     563868 kB
Slab:             295960 kB
SReclaimable:      78496 kB
SUnreclaim:       217464 kB
KernelStack:       45360 kB
ShadowCallStack:   11380 kB
PageTables:        64656 kB
NFS_Unstable:          0 kB
Bounce:                0 kB
WritebackTmp:          0 kB
CommitLimit:     8679780 kB
Committed_AS:   62782120 kB
VmallocTotal:   263061440 kB
VmallocUsed:      125836 kB
VmallocChunk:          0 kB
Percpu:             6216 kB
CmaTotal:         405504 kB
CmaFree:            1328 kB
MemTotal:        7922396 kB
MemFree:          490272 kB
MemAvailable:    2923524 kB
Buffers:           71556 kB
Cached:          2341868 kB
SwapCached:          996 kB
Active:           989636 kB
Inactive:        3224944 kB
Active(anon):      67980 kB
Inactive(anon):  1758480 kB
Active(file):     921656 kB
Inactive(file):  1466464 kB
Unevictable:        6048 kB
Mlocked:            5608 kB
SwapTotal:       4718584 kB
SwapFree:        4597496 kB
Dirty:               576 kB
Writeback:             0 kB
AnonPages:       1806240 kB
Mapped:           875364 kB
Shmem:             20752 kB
KReclaimable:     563868 kB
Slab:             295944 kB
SReclaimable:      78496 kB
SUnreclaim:       217448 kB
KernelStack:       45392 kB
ShadowCallStack:   11376 kB
PageTables:        64748 kB
NFS_Unstable:          0 kB
Bounce:                0 kB
WritebackTmp:          0 kB
CommitLimit:     8679780 kB
Committed_AS:   62782120 kB
VmallocTotal:   263061440 kB
VmallocUsed:      125848 kB
VmallocChunk:          0 kB
Percpu:             6216 kB
CmaTotal:         405504 kB
CmaFree:            1328 kB
MemTotal:        7922396 kB
MemFree:          489304 kB
MemAvailable:    2922592 kB
Buffers:           71556 kB
Cached:          2341872 kB
SwapCached:          996 kB
Active:           989696 kB
Inactive:        3225020 kB
Active(anon):      67972 kB
Inactive(anon):  1758620 kB
Active(file):     921724 kB
Inactive(file):  1466400 kB
Unevictable:        6048 kB
Mlocked:            5608 kB
SwapTotal:       4718584 kB
SwapFree:        4597496 kB
Dirty:               584 kB
Writeback:             0 kB
AnonPages:       1806560 kB
Mapped:           875360 kB
Shmem:             20752 kB
KReclaimable:     563900 kB
Slab:             296056 kB
SReclaimable:      78528 kB
SUnreclaim:       217528 kB
KernelStack:       45360 kB
ShadowCallStack:   11368 kB
PageTables:        64628 kB
NFS_Unstable:          0 kB
Bounce:                0 kB
WritebackTmp:          0 kB
CommitLimit:     8679780 kB
Committed_AS:   62782116 kB
VmallocTotal:   263061440 kB
VmallocUsed:      125884 kB
VmallocChunk:          0 kB
Percpu:             6216 kB
CmaTotal:         405504 kB
CmaFree:            1328 kB
MemTotal:        7922396 kB
MemFree:          489368 kB
MemAvailable:    2922860 kB
Buffers:           71556 kB
Cached:          2342076 kB
SwapCached:          996 kB
Active:           989708 kB
Inactive:        3225268 kB
Active(anon):      67972 kB
Inactive(anon):  1758676 kB
Active(file):     921736 kB
Inactive(file):  1466592 kB
Unevictable:        6048 kB
Mlocked:            5608 kB
SwapTotal:       4718584 kB
SwapFree:        4597496 kB
Dirty:               592 kB
Writeback:             0 kB
AnonPages:       1806540 kB
Mapped:           875456 kB
Shmem:             20752 kB
KReclaimable:     563900 kB
Slab:             295968 kB
SReclaimable:      78528 kB
SUnreclaim:       217440 kB
KernelStack:       45360 kB
ShadowCallStack:   11348 kB
PageTables:        64796 kB
NFS_Unstable:          0 kB
Bounce:                0 kB
WritebackTmp:          0 kB
CommitLimit:     8679780 kB
Committed_AS:   62781908 kB
VmallocTotal:   263061440 kB
VmallocUsed:      125768 kB
VmallocChunk:          0 kB
Percpu:             6216 kB
CmaTotal:         405504 kB
CmaFree:            1328 kB
MemTotal:        7922396 kB
MemFree:          490644 kB
MemAvailable:    2924160 kB
Buffers:           71556 kB
Cached:          2342088 kB
SwapCached:          996 kB
Active:           989704 kB
Inactive:        3225188 kB
Active(anon):      67964 kB
Inactive(anon):  1758592 kB
Active(file):     921740 kB
Inactive(file):  1466596 kB
Unevictable:        6048 kB
Mlocked:            5608 kB
SwapTotal:       4718584 kB
SwapFree:        4597496 kB
Dirty:               600 kB
Writeback:             0 kB
AnonPages:       1806380 kB
Mapped:           875532 kB
Shmem:             20756 kB
KReclaimable:     563916 kB
Slab:             295992 kB
SReclaimable:      78544 kB
SUnreclaim:       217448 kB
KernelStack:       45328 kB
ShadowCallStack:   11344 kB
PageTables:        64748 kB
NFS_Unstable:          0 kB
Bounce:                0 kB
WritebackTmp:          0 kB
CommitLimit:     8679780 kB
Committed_AS:   62781916 kB
VmallocTotal:   263061440 kB
VmallocUsed:      125764 kB
VmallocChunk:          0 kB
Percpu:             6216 kB
CmaTotal:         405504 kB
CmaFree:            1328 kB
MemTotal:        7922396 kB
MemFree:          489540 kB
MemAvailable:    2923236 kB
Buffers:           71564 kB
Cached:          2342228 kB
SwapCached:          996 kB
Active:           989692 kB
Inactive:        3225576 kB
Active(anon):      67944 kB
Inactive(anon):  1758840 kB
Active(file):     921748 kB
Inactive(file):  1466736 kB
Unevictable:        6048 kB
Mlocked:            5608 kB
SwapTotal:       4718584 kB
SwapFree:        4597496 kB
Dirty:               608 kB
Writeback:             0 kB
AnonPages:       1806520 kB
Mapped:           875552 kB
Shmem:             20756 kB
KReclaimable:     563948 kB
Slab:             296040 kB
SReclaimable:      78576 kB
SUnreclaim:       217464 kB
KernelStack:       45280 kB
ShadowCallStack:   11332 kB
PageTables:        64668 kB
NFS_Unstable:          0 kB
Bounce:                0 kB
WritebackTmp:          0 kB
CommitLimit:     8679780 kB
Committed_AS:   62781912 kB
VmallocTotal:   263061440 kB
VmallocUsed:      125768 kB
VmallocChunk:          0 kB
Percpu:             6216 kB
CmaTotal:         405504 kB
CmaFree:            1328 kB
MemTotal:        7922396 kB
MemFree:          489336 kB
MemAvailable:    2923076 kB
Buffers:           71564 kB
Cached:          2342240 kB
SwapCached:          996 kB
Active:           989716 kB
Inactive:        3225852 kB
Active(anon):      67956 kB
Inactive(anon):  1759116 kB
Active(file):     921760 kB
Inactive(file):  1466736 kB
Unevictable:        6048 kB
Mlocked:            5608 kB
SwapTotal:       4718584 kB
SwapFree:        4597496 kB
Dirty:               100 kB
Writeback:           120 kB
AnonPages:       1806776 kB
Mapped:           875364 kB
Shmem:             20756 kB
KReclaimable:     563980 kB
Slab:             296008 kB
SReclaimable:      78608 kB
SUnreclaim:       217400 kB
KernelStack:       45248 kB
ShadowCallStack:   11340 kB
PageTables:        64624 kB
NFS_Unstable:          0 kB
Bounce:                0 kB
WritebackTmp:          0 kB
CommitLimit:     8679780 kB
Committed_AS:   62781912 kB
VmallocTotal:   263061440 kB
VmallocUsed:      125736 kB
VmallocChunk:          0 kB
Percpu:             6216 kB
CmaTotal:         405504 kB
CmaFree:            1328 kB
MemTotal:        7922396 kB
MemFree:          402788 kB
MemAvailable:    2702584 kB
Buffers:           71564 kB
Cached:          2342864 kB
SwapCached:          996 kB
Active:           989716 kB
Inactive:        3314140 kB
Active(anon):      67952 kB
Inactive(anon):  1846928 kB
Active(file):     921764 kB
Inactive(file):  1467212 kB
Unevictable:        6048 kB
Mlocked:            5608 kB
SwapTotal:       4718584 kB
SwapFree:        4597496 kB
Dirty:                92 kB
Writeback:             0 kB
AnonPages:       1894476 kB
Mapped:           876080 kB
Shmem:             20900 kB
KReclaimable:     429556 kB
Slab:             296256 kB
SReclaimable:      78528 kB
SUnreclaim:       217728 kB
KernelStack:       45376 kB
ShadowCallStack:   11360 kB
PageTables:        65028 kB
NFS_Unstable:          0 kB
Bounce:                0 kB
WritebackTmp:          0 kB
CommitLimit:     8679780 kB
Committed_AS:   62782292 kB
VmallocTotal:   263061440 kB
VmallocUsed:      125864 kB
VmallocChunk:          0 kB
Percpu:             6216 kB
CmaTotal:         405504 kB
CmaFree:               0 kB
MemTotal:        7922396 kB
MemFree:          489832 kB
MemAvailable:    2923984 kB
Buffers:           71564 kB
Cached:          2342952 kB
SwapCached:          996 kB
Active:           989736 kB
Inactive:        3226772 kB
Active(anon):      67964 kB
Inactive(anon):  1759488 kB
Active(file):     921772 kB
Inactive(file):  1467284 kB
Unevictable:        6048 kB
Mlocked:            5608 kB
SwapTotal:       4718584 kB
SwapFree:        4597496 kB
Dirty:               144 kB
Writeback:             0 kB
AnonPages:       1807360 kB
Mapped:           875580 kB
Shmem:             20908 kB
KReclaimable:     563832 kB
Slab:             296248 kB
SReclaimable:      78544 kB
SUnreclaim:       217704 kB
KernelStack:       45440 kB
ShadowCallStack:   11384 kB
PageTables:        64728 kB
NFS_Unstable:          0 kB
Bounce:                0 kB
WritebackTmp:          0 kB
CommitLimit:     8679780 kB
Committed_AS:   62782288 kB
VmallocTotal:   263061440 kB
VmallocUsed:      125912 kB
VmallocChunk:          0 kB
Percpu:             6216 kB
CmaTotal:         405504 kB
CmaFree:            2308 kB
MemTotal:        7922396 kB
MemFree:          489464 kB
MemAvailable:    2923844 kB
Buffers:           71564 kB
Cached:          2342880 kB
SwapCached:          996 kB
Active:           989736 kB
Inactive:        3226656 kB
Active(anon):      67960 kB
Inactive(anon):  1759304 kB
Active(file):     921776 kB
Inactive(file):  1467352 kB
Unevictable:        6048 kB
Mlocked:            5608 kB
SwapTotal:       4718584 kB
SwapFree:        4597496 kB
Dirty:               152 kB
Writeback:             0 kB
AnonPages:       1806988 kB
Mapped:           875500 kB
Shmem:             20764 kB
KReclaimable:     563988 kB
Slab:             296224 kB
SReclaimable:      78576 kB
SUnreclaim:       217648 kB
KernelStack:       45424 kB
ShadowCallStack:   11380 kB
PageTables:        64800 kB
NFS_Unstable:          0 kB
Bounce:                0 kB
WritebackTmp:          0 kB
CommitLimit:     8679780 kB
Committed_AS:   62782284 kB
VmallocTotal:   263061440 kB
VmallocUsed:      125904 kB
VmallocChunk:          0 kB
Percpu:             6216 kB
CmaTotal:         405504 kB
CmaFree:            2416 kB
MemTotal:        7922396 kB
MemFree:          487740 kB
MemAvailable:    2922496 kB
Buffers:           71588 kB
Cached:          2343296 kB
SwapCached:          996 kB
Active:           989768 kB
Inactive:        3227980 kB
Active(anon):      67960 kB
Inactive(anon):  1760220 kB
Active(file):     921808 kB
Inactive(file):  1467760 kB
Unevictable:        6048 kB
Mlocked:            5608 kB
SwapTotal:       4718584 kB
SwapFree:        4597496 kB
Dirty:               244 kB
Writeback:             0 kB
AnonPages:       1808008 kB
Mapped:           875500 kB
Shmem:             20764 kB
KReclaimable:     563924 kB
Slab:             296124 kB
SReclaimable:      78512 kB
SUnreclaim:       217612 kB
KernelStack:       45360 kB
ShadowCallStack:   11348 kB
PageTables:        64628 kB
NFS_Unstable:          0 kB
Bounce:                0 kB
WritebackTmp:          0 kB
CommitLimit:     8679780 kB
Committed_AS:   62782128 kB
VmallocTotal:   263061440 kB
VmallocUsed:      125844 kB
VmallocChunk:          0 kB
Percpu:             6216 kB
CmaTotal:         405504 kB
CmaFree:            2412 kB
MemTotal:        7922396 kB
MemFree:          486488 kB
MemAvailable:    2921184 kB
Buffers:           71588 kB
Cached:          2343304 kB
SwapCached:          996 kB
Active:           989776 kB
Inactive:        3228300 kB
Active(anon):      67960 kB
Inactive(anon):  1760544 kB
Active(file):     921816 kB
Inactive(file):  1467756 kB
Unevictable:        6048 kB
Mlocked:            5608 kB
SwapTotal:       4718584 kB
SwapFree:        4597496 kB
Dirty:               256 kB
Writeback:             0 kB
AnonPages:       1808432 kB
Mapped:           875596 kB
Shmem:             20764 kB
KReclaimable:     563860 kB
Slab:             296076 kB
SReclaimable:      78448 kB
SUnreclaim:       217628 kB
KernelStack:       45344 kB
ShadowCallStack:   11364 kB
PageTables:        64764 kB
NFS_Unstable:          0 kB
Bounce:                0 kB
WritebackTmp:          0 kB
CommitLimit:     8679780 kB
Committed_AS:   62782132 kB
VmallocTotal:   263061440 kB
VmallocUsed:      125844 kB
VmallocChunk:          0 kB
Percpu:             6216 kB
CmaTotal:         405504 kB
CmaFree:            2412 kB
MemTotal:        7922396 kB
MemFree:          487312 kB
MemAvailable:    2922020 kB
Buffers:           71588 kB
Cached:          2343316 kB
SwapCached:          996 kB
Active:           989756 kB
Inactive:        3229324 kB
Active(anon):      67940 kB
Inactive(anon):  1761556 kB
Active(file):     921816 kB
Inactive(file):  1467768 kB
Unevictable:        6048 kB
Mlocked:            5608 kB
SwapTotal:       4718584 kB
SwapFree:        4597496 kB
Dirty:               264 kB
Writeback:             0 kB
AnonPages:       1809192 kB
Mapped:           875680 kB
Shmem:             20768 kB
KReclaimable:     563860 kB
Slab:             296112 kB
SReclaimable:      78448 kB
SUnreclaim:       217664 kB
KernelStack:       45184 kB
ShadowCallStack:   11312 kB
PageTables:        64828 kB
NFS_Unstable:          0 kB
Bounce:                0 kB
WritebackTmp:          0 kB
CommitLimit:     8679780 kB
Committed_AS:   62781512 kB
VmallocTotal:   263061440 kB
VmallocUsed:      125584 kB
VmallocChunk:          0 kB
Percpu:             6216 kB
CmaTotal:         405504 kB
CmaFree:            2444 kB
MemTotal:        7922396 kB
MemFree:          487352 kB
MemAvailable:    2922088 kB
Buffers:           71588 kB
Cached:          2343328 kB
SwapCached:          996 kB
Active:           989812 kB
Inactive:        3228996 kB
Active(anon):      67932 kB
Inactive(anon):  1761280 kB
Active(file):     921880 kB
Inactive(file):  1467716 kB
Unevictable:        6048 kB
Mlocked:            5608 kB
SwapTotal:       4718584 kB
SwapFree:        4597496 kB
Dirty:               280 kB
Writeback:             0 kB
AnonPages:       1808972 kB
Mapped:           875512 kB
Shmem:             20768 kB
KReclaimable:     563876 kB
Slab:             296108 kB
SReclaimable:      78464 kB
SUnreclaim:       217644 kB
KernelStack:       45024 kB
ShadowCallStack:   11280 kB
PageTables:        64736 kB
NFS_Unstable:          0 kB
Bounce:                0 kB
WritebackTmp:          0 kB
CommitLimit:     8679780 kB
Committed_AS:   62781092 kB
VmallocTotal:   263061440 kB
VmallocUsed:      125428 kB
VmallocChunk:          0 kB
Percpu:             6216 kB
CmaTotal:         405504 kB
CmaFree:            2464 kB
MemTotal:        7922396 kB
MemFree:          504952 kB
MemAvailable:    2925548 kB
Buffers:           71588 kB
Cached:          2344492 kB
SwapCached:          996 kB
Active:           989880 kB
Inactive:        3210948 kB
Active(anon):      67924 kB
Inactive(anon):  1742316 kB
Active(file):     921956 kB
Inactive(file):  1468632 kB
Unevictable:        6048 kB
Mlocked:            5608 kB
SwapTotal:       4718584 kB
SwapFree:        4597496 kB
Dirty:               280 kB
Writeback:             0 kB
AnonPages:       1790444 kB
Mapped:           874516 kB
Shmem:             20768 kB
KReclaimable:     548744 kB
Slab:             296024 kB
SReclaimable:      78448 kB
SUnreclaim:       217576 kB
KernelStack:       45040 kB
ShadowCallStack:   11284 kB
PageTables:        64788 kB
NFS_Unstable:          0 kB
Bounce:                0 kB
WritebackTmp:          0 kB
CommitLimit:     8679780 kB
Committed_AS:   62764388 kB
VmallocTotal:   263061440 kB
VmallocUsed:      125428 kB
VmallocChunk:          0 kB
Percpu:             6216 kB
CmaTotal:         405504 kB
CmaFree:            2840 kB
MemTotal:        7922396 kB
MemFree:          504144 kB
MemAvailable:    2924928 kB
Buffers:           71596 kB
Cached:          2344640 kB
SwapCached:          996 kB
Active:           989976 kB
Inactive:        3211416 kB
Active(anon):      67928 kB
Inactive(anon):  1742548 kB
Active(file):     922048 kB
Inactive(file):  1468868 kB
Unevictable:        6048 kB
Mlocked:            5608 kB
SwapTotal:       4718584 kB
SwapFree:        4597496 kB
Dirty:               304 kB
Writeback:             0 kB
AnonPages:       1790128 kB
Mapped:           874684 kB
Shmem:             20768 kB
KReclaimable:     548604 kB
Slab:             296052 kB
SReclaimable:      78448 kB
SUnreclaim:       217604 kB
KernelStack:       44976 kB
ShadowCallStack:   11272 kB
PageTables:        64820 kB
NFS_Unstable:          0 kB
Bounce:                0 kB
WritebackTmp:          0 kB
CommitLimit:     8679780 kB
Committed_AS:   62764232 kB
VmallocTotal:   263061440 kB
VmallocUsed:      125384 kB
VmallocChunk:          0 kB
Percpu:             6216 kB
CmaTotal:         405504 kB
CmaFree:            2904 kB
MemTotal:        7922396 kB
MemFree:          503784 kB
MemAvailable:    2924576 kB
Buffers:           71596 kB
Cached:          2344648 kB
SwapCached:          996 kB
Active:           989976 kB
Inactive:        3211176 kB
Active(anon):      67928 kB
Inactive(anon):  1742300 kB
Active(file):     922048 kB
Inactive(file):  1468876 kB
Unevictable:        6048 kB
Mlocked:            5608 kB
SwapTotal:       4718584 kB
SwapFree:        4597496 kB
Dirty:               312 kB
Writeback:             0 kB
AnonPages:       1790008 kB
Mapped:           874680 kB
Shmem:             20768 kB
KReclaimable:     548604 kB
Slab:             296052 kB
SReclaimable:      78448 kB
SUnreclaim:       217604 kB
KernelStack:       44976 kB
ShadowCallStack:   11264 kB
PageTables:        64700 kB
NFS_Unstable:          0 kB
Bounce:                0 kB
WritebackTmp:          0 kB
CommitLimit:     8679780 kB
Committed_AS:   62764180 kB
VmallocTotal:   263061440 kB
VmallocUsed:      125364 kB
VmallocChunk:          0 kB
Percpu:             6216 kB
CmaTotal:         405504 kB
CmaFree:            2900 kB
MemTotal:        7922396 kB
MemFree:          506096 kB
MemAvailable:    2926900 kB
Buffers:           71596 kB
Cached:          2344660 kB
SwapCached:          996 kB
Active:           989968 kB
Inactive:        3210896 kB
Active(anon):      67920 kB
Inactive(anon):  1742008 kB
Active(file):     922048 kB
Inactive(file):  1468888 kB
Unevictable:        6048 kB
Mlocked:            5608 kB
SwapTotal:       4718584 kB
SwapFree:        4597496 kB
Dirty:               324 kB
Writeback:             0 kB
AnonPages:       1789540 kB
Mapped:           874804 kB
Shmem:             20768 kB
KReclaimable:     548604 kB
Slab:             296052 kB
SReclaimable:      78448 kB
SUnreclaim:       217604 kB
KernelStack:       44832 kB
ShadowCallStack:   11244 kB
PageTables:        64724 kB
NFS_Unstable:          0 kB
Bounce:                0 kB
WritebackTmp:          0 kB
CommitLimit:     8679780 kB
Committed_AS:   62763768 kB
VmallocTotal:   263061440 kB
VmallocUsed:      125224 kB
VmallocChunk:          0 kB
Percpu:             6216 kB
CmaTotal:         405504 kB
CmaFree:            3048 kB
MemTotal:        7922396 kB
MemFree:          506164 kB
MemAvailable:    2926956 kB
Buffers:           71596 kB
Cached:          2344664 kB
SwapCached:          996 kB
Active:           989972 kB
Inactive:        3210096 kB
Active(anon):      67924 kB
Inactive(anon):  1741204 kB
Active(file):     922048 kB
Inactive(file):  1468892 kB
Unevictable:        6048 kB
Mlocked:            5608 kB
SwapTotal:       4718584 kB
SwapFree:        4597496 kB
Dirty:               276 kB
Writeback:             0 kB
AnonPages:       1789048 kB
Mapped:           874824 kB
Shmem:             20768 kB
KReclaimable:     548588 kB
Slab:             296036 kB
SReclaimable:      78432 kB
SUnreclaim:       217604 kB
KernelStack:       44704 kB
ShadowCallStack:   11188 kB
PageTables:        64756 kB
NFS_Unstable:          0 kB
Bounce:                0 kB
WritebackTmp:          0 kB
CommitLimit:     8679780 kB
Committed_AS:   62763140 kB
VmallocTotal:   263061440 kB
VmallocUsed:      124984 kB
VmallocChunk:          0 kB
Percpu:             6216 kB
CmaTotal:         405504 kB
CmaFree:            3068 kB
MemTotal:        7922396 kB
MemFree:          506076 kB
MemAvailable:    2926844 kB
Buffers:           71596 kB
Cached:          2344672 kB
SwapCached:          996 kB
Active:           989968 kB
Inactive:        3210296 kB
Active(anon):      67920 kB
Inactive(anon):  1741396 kB
Active(file):     922048 kB
Inactive(file):  1468900 kB
Unevictable:        6048 kB
Mlocked:            5608 kB
SwapTotal:       4718584 kB
SwapFree:        4597496 kB
Dirty:               336 kB
Writeback:             0 kB
AnonPages:       1789060 kB
Mapped:           874680 kB
Shmem:             20768 kB
KReclaimable:     548556 kB
Slab:             295972 kB
SReclaimable:      78400 kB
SUnreclaim:       217572 kB
KernelStack:       44672 kB
ShadowCallStack:   11192 kB
PageTables:        64848 kB
NFS_Unstable:          0 kB
Bounce:                0 kB
WritebackTmp:          0 kB
CommitLimit:     8679780 kB
Committed_AS:   62763144 kB
VmallocTotal:   263061440 kB
VmallocUsed:      124948 kB
VmallocChunk:          0 kB
Percpu:             6216 kB
CmaTotal:         405504 kB
CmaFree:            3164 kB
MemTotal:        7922396 kB
MemFree:          506840 kB
MemAvailable:    2927632 kB
Buffers:           71620 kB
Cached:          2344672 kB
SwapCached:          996 kB
Active:           989972 kB
Inactive:        3211252 kB
Active(anon):      67916 kB
Inactive(anon):  1742336 kB
Active(file):     922056 kB
Inactive(file):  1468916 kB
Unevictable:        6048 kB
Mlocked:            5608 kB
SwapTotal:       4718584 kB
SwapFree:        4597496 kB
Dirty:               356 kB
Writeback:             4 kB
AnonPages:       1790024 kB
Mapped:           874680 kB
Shmem:             20768 kB
KReclaimable:     548556 kB
Slab:             295976 kB
SReclaimable:      78400 kB
SUnreclaim:       217576 kB
KernelStack:       44624 kB
ShadowCallStack:   11192 kB
PageTables:        64708 kB
NFS_Unstable:          0 kB
Bounce:                0 kB
WritebackTmp:          0 kB
CommitLimit:     8679780 kB
Committed_AS:   62763140 kB
VmallocTotal:   263061440 kB
VmallocUsed:      124968 kB
VmallocChunk:          0 kB
Percpu:             6216 kB
CmaTotal:         405504 kB
CmaFree:            3164 kB
MemTotal:        7922396 kB
MemFree:          504384 kB
MemAvailable:    2925132 kB
Buffers:           71620 kB
Cached:          2344692 kB
SwapCached:          996 kB
Active:           989988 kB
Inactive:        3212592 kB
Active(anon):      67916 kB
Inactive(anon):  1743672 kB
Active(file):     922072 kB
Inactive(file):  1468920 kB
Unevictable:        6048 kB
Mlocked:            5608 kB
SwapTotal:       4718584 kB
SwapFree:        4597496 kB
Dirty:               360 kB
Writeback:             0 kB
AnonPages:       1791388 kB
Mapped:           874828 kB
Shmem:             20768 kB
KReclaimable:     548492 kB
Slab:             295984 kB
SReclaimable:      78400 kB
SUnreclaim:       217584 kB
KernelStack:       44704 kB
ShadowCallStack:   11200 kB
PageTables:        64652 kB
NFS_Unstable:          0 kB
Bounce:                0 kB
WritebackTmp:          0 kB
CommitLimit:     8679780 kB
Committed_AS:   62763184 kB
VmallocTotal:   263061440 kB
VmallocUsed:      125004 kB
VmallocChunk:          0 kB
Percpu:             6216 kB
CmaTotal:         405504 kB
CmaFree:            3164 kB
MemTotal:        7922396 kB
MemFree:          267996 kB
MemAvailable:    2894460 kB
Buffers:           71656 kB
Cached:          2450688 kB
SwapCached:          996 kB
Active:          1007592 kB
Inactive:        3344532 kB
Active(anon):      68252 kB
Inactive(anon):  1786848 kB
Active(file):     939340 kB
Inactive(file):  1557684 kB
Unevictable:        6048 kB
Mlocked:            5608 kB
SwapTotal:       4718584 kB
SwapFree:        4597496 kB
Dirty:                20 kB
Writeback:             0 kB
AnonPages:       1834880 kB
Mapped:           875596 kB
Shmem:             20768 kB
KReclaimable:     577056 kB
Slab:             295452 kB
SReclaimable:      77568 kB
SUnreclaim:       217884 kB
KernelStack:       44704 kB
ShadowCallStack:   11200 kB
PageTables:        65092 kB
NFS_Unstable:          0 kB
Bounce:                0 kB
WritebackTmp:          0 kB
CommitLimit:     8679780 kB
Committed_AS:   62805916 kB
VmallocTotal:   263061440 kB
VmallocUsed:      125004 kB
VmallocChunk:          0 kB
Percpu:             6216 kB
CmaTotal:         405504 kB
CmaFree:               0 kB
MemTotal:        7922396 kB
MemFree:          281364 kB
MemAvailable:    2730156 kB
Buffers:           71672 kB
Cached:          2417252 kB
SwapCached:          996 kB
Active:          1022196 kB
Inactive:        3287088 kB
Active(anon):      73900 kB
Inactive(anon):  1772288 kB
Active(file):     948296 kB
Inactive(file):  1514800 kB
Unevictable:        6048 kB
Mlocked:            5608 kB
SwapTotal:       4718584 kB
SwapFree:        4593400 kB
Dirty:               136 kB
Writeback:             0 kB
AnonPages:       1826176 kB
Mapped:           876632 kB
Shmem:             20760 kB
KReclaimable:     375968 kB
Slab:             296312 kB
SReclaimable:      77344 kB
SUnreclaim:       218968 kB
KernelStack:       44720 kB
ShadowCallStack:   11192 kB
PageTables:        64996 kB
NFS_Unstable:          0 kB
Bounce:                0 kB
WritebackTmp:          0 kB
CommitLimit:     8679780 kB
Committed_AS:   62793372 kB
VmallocTotal:   263061440 kB
VmallocUsed:      125008 kB
VmallocChunk:          0 kB
Percpu:             6216 kB
CmaTotal:         405504 kB
CmaFree:              16 kB
MemTotal:        7922396 kB
MemFree:          281356 kB
MemAvailable:    2730584 kB
Buffers:           71672 kB
Cached:          2417396 kB
SwapCached:          996 kB
Active:          1022376 kB
Inactive:        3287544 kB
Active(anon):      73908 kB
Inactive(anon):  1772256 kB
Active(file):     948468 kB
Inactive(file):  1515288 kB
Unevictable:        6048 kB
Mlocked:            5608 kB
SwapTotal:       4718584 kB
SwapFree:        4593400 kB
Dirty:               148 kB
Writeback:             0 kB
AnonPages:       1825956 kB
Mapped:           876596 kB
Shmem:             20760 kB
KReclaimable:     375744 kB
Slab:             295988 kB
SReclaimable:      77120 kB
SUnreclaim:       218868 kB
KernelStack:       44672 kB
ShadowCallStack:   11196 kB
PageTables:        65020 kB
NFS_Unstable:          0 kB
Bounce:                0 kB
WritebackTmp:          0 kB
CommitLimit:     8679780 kB
Committed_AS:   62793372 kB
VmallocTotal:   263061440 kB
VmallocUsed:      124972 kB
VmallocChunk:          0 kB
Percpu:             6216 kB
CmaTotal:         405504 kB
CmaFree:              92 kB
MemTotal:        7922396 kB
MemFree:          280460 kB
MemAvailable:    2729684 kB
Buffers:           71672 kB
Cached:          2417420 kB
SwapCached:          996 kB
Active:          1022368 kB
Inactive:        3287572 kB
Active(anon):      73900 kB
Inactive(anon):  1772260 kB
Active(file):     948468 kB
Inactive(file):  1515312 kB
Unevictable:        6048 kB
Mlocked:            5608 kB
SwapTotal:       4718584 kB
SwapFree:        4593400 kB
Dirty:              1740 kB
Writeback:             0 kB
AnonPages:       1826064 kB
Mapped:           876480 kB
Shmem:             20760 kB
KReclaimable:     375716 kB
Slab:             295972 kB
SReclaimable:      77092 kB
SUnreclaim:       218880 kB
KernelStack:       44752 kB
ShadowCallStack:   11212 kB
PageTables:        65012 kB
NFS_Unstable:          0 kB
Bounce:                0 kB
WritebackTmp:          0 kB
CommitLimit:     8679780 kB
Committed_AS:   62793332 kB
VmallocTotal:   263061440 kB
VmallocUsed:      124988 kB
VmallocChunk:          0 kB
Percpu:             6216 kB
CmaTotal:         405504 kB
CmaFree:              92 kB
MemTotal:        7922396 kB
MemFree:          280192 kB
MemAvailable:    2730176 kB
Buffers:           71672 kB
Cached:          2418164 kB
SwapCached:          996 kB
Active:          1022388 kB
Inactive:        3288920 kB
Active(anon):      73908 kB
Inactive(anon):  1772876 kB
Active(file):     948480 kB
Inactive(file):  1516044 kB
Unevictable:        6048 kB
Mlocked:            5608 kB
SwapTotal:       4718584 kB
SwapFree:        4593400 kB
Dirty:              2084 kB
Writeback:             0 kB
AnonPages:       1826556 kB
Mapped:           876480 kB
Shmem:             20760 kB
KReclaimable:     375732 kB
Slab:             296028 kB
SReclaimable:      77108 kB
SUnreclaim:       218920 kB
KernelStack:       44672 kB
ShadowCallStack:   11188 kB
PageTables:        65052 kB
NFS_Unstable:          0 kB
Bounce:                0 kB
WritebackTmp:          0 kB
CommitLimit:     8679780 kB
Committed_AS:   62793232 kB
VmallocTotal:   263061440 kB
VmallocUsed:      124948 kB
VmallocChunk:          0 kB
Percpu:             6216 kB
CmaTotal:         405504 kB
CmaFree:              92 kB
MemTotal:        7922396 kB
MemFree:          281440 kB
MemAvailable:    2731628 kB
Buffers:           71704 kB
Cached:          2418180 kB
SwapCached:          996 kB
Active:          1022412 kB
Inactive:        3288504 kB
Active(anon):      73900 kB
Inactive(anon):  1772448 kB
Active(file):     948512 kB
Inactive(file):  1516056 kB
Unevictable:        6048 kB
Mlocked:            5608 kB
SwapTotal:       4718584 kB
SwapFree:        4593400 kB
Dirty:                20 kB
Writeback:             0 kB
AnonPages:       1826168 kB
Mapped:           876800 kB
Shmem:             20764 kB
KReclaimable:     375892 kB
Slab:             296184 kB
SReclaimable:      77268 kB
SUnreclaim:       218916 kB
KernelStack:       44704 kB
ShadowCallStack:   11180 kB
PageTables:        65104 kB
NFS_Unstable:          0 kB
Bounce:                0 kB
WritebackTmp:          0 kB
CommitLimit:     8679780 kB
Committed_AS:   62793236 kB
VmallocTotal:   263061440 kB
VmallocUsed:      124960 kB
VmallocChunk:          0 kB
Percpu:             6216 kB
CmaTotal:         405504 kB
CmaFree:              96 kB
MemTotal:        7922396 kB
MemFree:          235076 kB
MemAvailable:    2559212 kB
Buffers:           71704 kB
Cached:          2418212 kB
SwapCached:          996 kB
Active:          1022416 kB
Inactive:        3333604 kB
Active(anon):      73904 kB
Inactive(anon):  1817536 kB
Active(file):     948512 kB
Inactive(file):  1516068 kB
Unevictable:        6048 kB
Mlocked:            5608 kB
SwapTotal:       4718584 kB
SwapFree:        4593400 kB
Dirty:                64 kB
Writeback:             0 kB
AnonPages:       1871056 kB
Mapped:           877260 kB
Shmem:             20784 kB
KReclaimable:     249828 kB
Slab:             296272 kB
SReclaimable:      77284 kB
SUnreclaim:       218988 kB
KernelStack:       44704 kB
ShadowCallStack:   11208 kB
PageTables:        65152 kB
NFS_Unstable:          0 kB
Bounce:                0 kB
WritebackTmp:          0 kB
CommitLimit:     8679780 kB
Committed_AS:   62793624 kB
VmallocTotal:   263061440 kB
VmallocUsed:      125064 kB
VmallocChunk:          0 kB
Percpu:             6216 kB
CmaTotal:         405504 kB
CmaFree:               0 kB
MemTotal:        7922396 kB
MemFree:          221952 kB
MemAvailable:    2515584 kB
Buffers:           71704 kB
Cached:          2396752 kB
SwapCached:          996 kB
Active:          1039208 kB
Inactive:        3333656 kB
Active(anon):      77644 kB
Inactive(anon):  1852228 kB
Active(file):     961564 kB
Inactive(file):  1481428 kB
Unevictable:        6048 kB
Mlocked:            5608 kB
SwapTotal:       4718584 kB
SwapFree:        4589304 kB
Dirty:                68 kB
Writeback:             0 kB
AnonPages:       1909396 kB
Mapped:           872248 kB
Shmem:             20912 kB
KReclaimable:     239268 kB
Slab:             296420 kB
SReclaimable:      77284 kB
SUnreclaim:       219136 kB
KernelStack:       44784 kB
ShadowCallStack:   11216 kB
PageTables:        65256 kB
NFS_Unstable:          0 kB
Bounce:                0 kB
WritebackTmp:          0 kB
CommitLimit:     8679780 kB
Committed_AS:   62793620 kB
VmallocTotal:   263061440 kB
VmallocUsed:      125068 kB
VmallocChunk:          0 kB
Percpu:             6216 kB
CmaTotal:         405504 kB
CmaFree:               0 kB
MemTotal:        7922396 kB
MemFree:          315264 kB
MemAvailable:    2737180 kB
Buffers:           71704 kB
Cached:          2394720 kB
SwapCached:          996 kB
Active:          1039516 kB
Inactive:        3242584 kB
Active(anon):      77908 kB
Inactive(anon):  1763088 kB
Active(file):     961608 kB
Inactive(file):  1479496 kB
Unevictable:        6048 kB
Mlocked:            5608 kB
SwapTotal:       4718584 kB
SwapFree:        4589304 kB
Dirty:                76 kB
Writeback:             0 kB
AnonPages:       1820836 kB
Mapped:           871320 kB
Shmem:             20768 kB
KReclaimable:     371084 kB
Slab:             296188 kB
SReclaimable:      77316 kB
SUnreclaim:       218872 kB
KernelStack:       44688 kB
ShadowCallStack:   11204 kB
PageTables:        64900 kB
NFS_Unstable:          0 kB
Bounce:                0 kB
WritebackTmp:          0 kB
CommitLimit:     8679780 kB
Committed_AS:   62793240 kB
VmallocTotal:   263061440 kB
VmallocUsed:      124984 kB
VmallocChunk:          0 kB
Percpu:             6216 kB
CmaTotal:         405504 kB
CmaFree:             136 kB
MemTotal:        7922396 kB
MemFree:          313748 kB
MemAvailable:    2735684 kB
Buffers:           71720 kB
Cached:          2394724 kB
SwapCached:          996 kB
Active:          1039540 kB
Inactive:        3243824 kB
Active(anon):      77916 kB
Inactive(anon):  1764324 kB
Active(file):     961624 kB
Inactive(file):  1479500 kB
Unevictable:        6048 kB
Mlocked:            5608 kB
SwapTotal:       4718584 kB
SwapFree:        4589304 kB
Dirty:               212 kB
Writeback:             0 kB
AnonPages:       1822000 kB
Mapped:           871332 kB
Shmem:             20768 kB
KReclaimable:     371084 kB
Slab:             296220 kB
SReclaimable:      77316 kB
SUnreclaim:       218904 kB
KernelStack:       44688 kB
ShadowCallStack:   11192 kB
PageTables:        65204 kB
NFS_Unstable:          0 kB
Bounce:                0 kB
WritebackTmp:          0 kB
CommitLimit:     8679780 kB
Committed_AS:   62793244 kB
VmallocTotal:   263061440 kB
VmallocUsed:      124980 kB
VmallocChunk:          0 kB
Percpu:             6216 kB
CmaTotal:         405504 kB
CmaFree:             136 kB
MemTotal:        7922396 kB
MemFree:          314504 kB
MemAvailable:    2736452 kB
Buffers:           71720 kB
Cached:          2394736 kB
SwapCached:          996 kB
Active:          1039532 kB
Inactive:        3242572 kB
Active(anon):      77908 kB
Inactive(anon):  1763060 kB
Active(file):     961624 kB
Inactive(file):  1479512 kB
Unevictable:        6048 kB
Mlocked:            5608 kB
SwapTotal:       4718584 kB
SwapFree:        4589304 kB
Dirty:               224 kB
Writeback:             0 kB
AnonPages:       1820832 kB
Mapped:           871484 kB
Shmem:             20768 kB
KReclaimable:     371084 kB
Slab:             296180 kB
SReclaimable:      77316 kB
SUnreclaim:       218864 kB
KernelStack:       44640 kB
ShadowCallStack:   11184 kB
PageTables:        65008 kB
NFS_Unstable:          0 kB
Bounce:                0 kB
WritebackTmp:          0 kB
CommitLimit:     8679780 kB
Committed_AS:   62793240 kB
VmallocTotal:   263061440 kB
VmallocUsed:      124924 kB
VmallocChunk:          0 kB
Percpu:             6216 kB
CmaTotal:         405504 kB
CmaFree:             240 kB
MemTotal:        7922396 kB
MemFree:          314176 kB
MemAvailable:    2736128 kB
Buffers:           71720 kB
Cached:          2394740 kB
SwapCached:          996 kB
Active:          1039532 kB
Inactive:        3242920 kB
Active(anon):      77904 kB
Inactive(anon):  1763408 kB
Active(file):     961628 kB
Inactive(file):  1479512 kB
Unevictable:        6048 kB
Mlocked:            5608 kB
SwapTotal:       4718584 kB
SwapFree:        4589304 kB
Dirty:               280 kB
Writeback:             0 kB
AnonPages:       1821084 kB
Mapped:           871396 kB
Shmem:             20768 kB
KReclaimable:     371084 kB
Slab:             296212 kB
SReclaimable:      77316 kB
SUnreclaim:       218896 kB
KernelStack:       44656 kB
ShadowCallStack:   11188 kB
PageTables:        64936 kB
NFS_Unstable:          0 kB
Bounce:                0 kB
WritebackTmp:          0 kB
CommitLimit:     8679780 kB
Committed_AS:   62793240 kB
VmallocTotal:   263061440 kB
VmallocUsed:      124984 kB
VmallocChunk:          0 kB
Percpu:             6216 kB
CmaTotal:         405504 kB
CmaFree:             240 kB
MemTotal:        7922396 kB
MemFree:          315468 kB
MemAvailable:    2737428 kB
Buffers:           71720 kB
Cached:          2394748 kB
SwapCached:          996 kB
Active:          1039540 kB
Inactive:        3241632 kB
Active(anon):      77908 kB
Inactive(anon):  1762116 kB
Active(file):     961632 kB
Inactive(file):  1479516 kB
Unevictable:        6048 kB
Mlocked:            5608 kB
SwapTotal:       4718584 kB
SwapFree:        4589304 kB
Dirty:               288 kB
Writeback:             0 kB
AnonPages:       1819860 kB
Mapped:           871356 kB
Shmem:             20768 kB
KReclaimable:     371084 kB
Slab:             296184 kB
SReclaimable:      77316 kB
SUnreclaim:       218868 kB
KernelStack:       44640 kB
ShadowCallStack:   11196 kB
PageTables:        64900 kB
NFS_Unstable:          0 kB
Bounce:                0 kB
WritebackTmp:          0 kB
CommitLimit:     8679780 kB
Committed_AS:   62793240 kB
VmallocTotal:   263061440 kB
VmallocUsed:      124964 kB
VmallocChunk:          0 kB
Percpu:             6216 kB
CmaTotal:         405504 kB
CmaFree:             248 kB
MemTotal:        7922396 kB
MemFree:          314864 kB
MemAvailable:    2736832 kB
Buffers:           71720 kB
Cached:          2394756 kB
SwapCached:          996 kB
Active:          1039552 kB
Inactive:        3241816 kB
Active(anon):      77920 kB
Inactive(anon):  1762292 kB
Active(file):     961632 kB
Inactive(file):  1479524 kB
Unevictable:        6048 kB
Mlocked:            5608 kB
SwapTotal:       4718584 kB
SwapFree:        4589304 kB
Dirty:               296 kB
Writeback:             0 kB
AnonPages:       1820028 kB
Mapped:           871496 kB
Shmem:             20768 kB
KReclaimable:     371084 kB
Slab:             296092 kB
SReclaimable:      77316 kB
SUnreclaim:       218776 kB
KernelStack:       44704 kB
ShadowCallStack:   11188 kB
PageTables:        65352 kB
NFS_Unstable:          0 kB
Bounce:                0 kB
WritebackTmp:          0 kB
CommitLimit:     8679780 kB
Committed_AS:   62793240 kB
VmallocTotal:   263061440 kB
VmallocUsed:      124968 kB
VmallocChunk:          0 kB
Percpu:             6216 kB
CmaTotal:         405504 kB
CmaFree:             232 kB
MemTotal:        7922396 kB
MemFree:          314752 kB
MemAvailable:    2736832 kB
Buffers:           71728 kB
Cached:          2394892 kB
SwapCached:          996 kB
Active:          1039548 kB
Inactive:        3242244 kB
Active(anon):      77908 kB
Inactive(anon):  1762584 kB
Active(file):     961640 kB
Inactive(file):  1479660 kB
Unevictable:        6048 kB
Mlocked:            5608 kB
SwapTotal:       4718584 kB
SwapFree:        4589304 kB
Dirty:               300 kB
Writeback:             0 kB
AnonPages:       1820244 kB
