MemTotal:       12113136 kB
MemFree:         4293288 kB
MemAvailable:    7649532 kB
Buffers:            6888 kB
Cached:          2517652 kB
SwapCached:            0 kB
Active:          1808988 kB
Inactive:        2140924 kB
Active(anon):    1434556 kB
Inactive(anon):    33840 kB
Active(file):     374432 kB
Inactive(file):  2107084 kB
Unevictable:        5564 kB
Mlocked:            5564 kB
SwapTotal:       3145724 kB
SwapFree:        3145724 kB
Dirty:               188 kB
Writeback:             0 kB
AnonPages:       1431072 kB
Mapped:           975656 kB
Shmem:             38548 kB
KReclaimable:    1743432 kB
Slab:             271340 kB
SReclaimable:     117200 kB
SUnreclaim:       154140 kB
KernelStack:       48960 kB
PageTables:        68608 kB
NFS_Unstable:          0 kB
Bounce:                0 kB
WritebackTmp:          0 kB
CommitLimit:     9202292 kB
Committed_AS:   73538672 kB
VmallocTotal:   263061440 kB
VmallocUsed:      106104 kB
VmallocChunk:          0 kB
Percpu:             7648 kB
CmaTotal:         294912 kB
CmaFree:               0 kB
MemTotal:       12113136 kB
MemFree:         4288064 kB
MemAvailable:    7644360 kB
Buffers:            6888 kB
Cached:          2517704 kB
SwapCached:            0 kB
Active:          1813292 kB
Inactive:        2140952 kB
Active(anon):    1438836 kB
Inactive(anon):    33840 kB
Active(file):     374456 kB
Inactive(file):  2107112 kB
Unevictable:        5564 kB
Mlocked:            5564 kB
SwapTotal:       3145724 kB
SwapFree:        3145724 kB
Dirty:               268 kB
Writeback:             0 kB
AnonPages:       1435364 kB
Mapped:           975684 kB
Shmem:             38548 kB
KReclaimable:    1743432 kB
Slab:             271348 kB
SReclaimable:     117200 kB
SUnreclaim:       154148 kB
KernelStack:       48960 kB
PageTables:        68476 kB
NFS_Unstable:          0 kB
Bounce:                0 kB
WritebackTmp:          0 kB
CommitLimit:     9202292 kB
Committed_AS:   73552212 kB
VmallocTotal:   263061440 kB
VmallocUsed:      106168 kB
VmallocChunk:          0 kB
Percpu:             7648 kB
CmaTotal:         294912 kB
CmaFree:               0 kB
MemTotal:       12113136 kB
MemFree:         4290664 kB
MemAvailable:    7646968 kB
Buffers:            6888 kB
Cached:          2517712 kB
SwapCached:            0 kB
Active:          1810052 kB
Inactive:        2140960 kB
Active(anon):    1435596 kB
Inactive(anon):    33840 kB
Active(file):     374456 kB
Inactive(file):  2107120 kB
Unevictable:        5564 kB
Mlocked:            5564 kB
SwapTotal:       3145724 kB
SwapFree:        3145724 kB
Dirty:               320 kB
Writeback:             0 kB
AnonPages:       1431980 kB
Mapped:           975720 kB
Shmem:             38548 kB
KReclaimable:    1743432 kB
Slab:             271340 kB
SReclaimable:     117200 kB
SUnreclaim:       154140 kB
KernelStack:       49008 kB
PageTables:        68536 kB
NFS_Unstable:          0 kB
Bounce:                0 kB
WritebackTmp:          0 kB
CommitLimit:     9202292 kB
Committed_AS:   73550992 kB
VmallocTotal:   263061440 kB
VmallocUsed:      106168 kB
VmallocChunk:          0 kB
Percpu:             7648 kB
CmaTotal:         294912 kB
CmaFree:               0 kB
MemTotal:       12113136 kB
MemFree:         4301452 kB
MemAvailable:    7657772 kB
Buffers:            6888 kB
Cached:          2517728 kB
SwapCached:            0 kB
Active:          1796732 kB
Inactive:        2140976 kB
Active(anon):    1422276 kB
Inactive(anon):    33840 kB
Active(file):     374456 kB
Inactive(file):  2107136 kB
Unevictable:        5564 kB
Mlocked:            5564 kB
SwapTotal:       3145724 kB
SwapFree:        3145724 kB
Dirty:               376 kB
Writeback:             0 kB
AnonPages:       1418676 kB
Mapped:           975748 kB
Shmem:             38548 kB
KReclaimable:    1743432 kB
Slab:             271348 kB
SReclaimable:     117200 kB
SUnreclaim:       154148 kB
KernelStack:       48960 kB
PageTables:        68468 kB
NFS_Unstable:          0 kB
Bounce:                0 kB
WritebackTmp:          0 kB
CommitLimit:     9202292 kB
Committed_AS:   73556668 kB
VmallocTotal:   263061440 kB
VmallocUsed:      106152 kB
VmallocChunk:          0 kB
Percpu:             7648 kB
CmaTotal:         294912 kB
CmaFree:               0 kB
MemTotal:       12113136 kB
MemFree:         4302288 kB
MemAvailable:    7658628 kB
Buffers:            6888 kB
Cached:          2517748 kB
SwapCached:            0 kB
Active:          1797084 kB
Inactive:        2140996 kB
Active(anon):    1422628 kB
Inactive(anon):    33840 kB
Active(file):     374456 kB
Inactive(file):  2107156 kB
Unevictable:        5564 kB
Mlocked:            5564 kB
SwapTotal:       3145724 kB
SwapFree:        3145724 kB
Dirty:               464 kB
Writeback:             0 kB
AnonPages:       1419088 kB
Mapped:           975780 kB
Shmem:             38548 kB
KReclaimable:    1743432 kB
Slab:             271344 kB
SReclaimable:     117200 kB
SUnreclaim:       154144 kB
KernelStack:       48992 kB
PageTables:        68516 kB
NFS_Unstable:          0 kB
Bounce:                0 kB
WritebackTmp:          0 kB
CommitLimit:     9202292 kB
Committed_AS:   73552160 kB
VmallocTotal:   263061440 kB
VmallocUsed:      106168 kB
VmallocChunk:          0 kB
Percpu:             7648 kB
CmaTotal:         294912 kB
CmaFree:               0 kB
MemTotal:       12113136 kB
MemFree:         4301304 kB
MemAvailable:    7657656 kB
Buffers:            6888 kB
Cached:          2517760 kB
SwapCached:            0 kB
Active:          1798164 kB
Inactive:        2141008 kB
Active(anon):    1423708 kB
Inactive(anon):    33840 kB
Active(file):     374456 kB
Inactive(file):  2107168 kB
Unevictable:        5564 kB
Mlocked:            5564 kB
SwapTotal:       3145724 kB
SwapFree:        3145724 kB
Dirty:               504 kB
Writeback:             0 kB
AnonPages:       1420196 kB
Mapped:           975872 kB
Shmem:             38548 kB
KReclaimable:    1743432 kB
Slab:             271392 kB
SReclaimable:     117200 kB
SUnreclaim:       154192 kB
KernelStack:       48992 kB
PageTables:        68508 kB
NFS_Unstable:          0 kB
Bounce:                0 kB
WritebackTmp:          0 kB
CommitLimit:     9202292 kB
Committed_AS:   73551176 kB
VmallocTotal:   263061440 kB
VmallocUsed:      106168 kB
VmallocChunk:          0 kB
Percpu:             7648 kB
CmaTotal:         294912 kB
CmaFree:              16 kB
MemTotal:       12113136 kB
MemFree:         4302304 kB
MemAvailable:    7658664 kB
Buffers:            6888 kB
Cached:          2517768 kB
SwapCached:            0 kB
Active:          1798120 kB
Inactive:        2141016 kB
Active(anon):    1423664 kB
Inactive(anon):    33840 kB
Active(file):     374456 kB
Inactive(file):  2107176 kB
Unevictable:        5564 kB
Mlocked:            5564 kB
SwapTotal:       3145724 kB
SwapFree:        3145724 kB
Dirty:               572 kB
Writeback:             0 kB
AnonPages:       1420112 kB
Mapped:           975852 kB
Shmem:             38548 kB
KReclaimable:    1743432 kB
Slab:             271336 kB
SReclaimable:     117200 kB
SUnreclaim:       154136 kB
KernelStack:       48976 kB
PageTables:        68500 kB
NFS_Unstable:          0 kB
Bounce:                0 kB
WritebackTmp:          0 kB
CommitLimit:     9202292 kB
Committed_AS:   73545600 kB
VmallocTotal:   263061440 kB
VmallocUsed:      106152 kB
VmallocChunk:          0 kB
Percpu:             7648 kB
CmaTotal:         294912 kB
CmaFree:               0 kB
MemTotal:       12113136 kB
MemFree:         4301408 kB
MemAvailable:    7657776 kB
Buffers:            6888 kB
Cached:          2517776 kB
SwapCached:            0 kB
Active:          1799180 kB
Inactive:        2141024 kB
Active(anon):    1424724 kB
Inactive(anon):    33840 kB
Active(file):     374456 kB
Inactive(file):  2107184 kB
Unevictable:        5564 kB
Mlocked:            5564 kB
SwapTotal:       3145724 kB
SwapFree:        3145724 kB
Dirty:               600 kB
Writeback:             0 kB
AnonPages:       1421148 kB
Mapped:           975876 kB
Shmem:             38548 kB
KReclaimable:    1743432 kB
Slab:             271344 kB
SReclaimable:     117200 kB
SUnreclaim:       154144 kB
KernelStack:       49008 kB
PageTables:        68584 kB
NFS_Unstable:          0 kB
Bounce:                0 kB
WritebackTmp:          0 kB
CommitLimit:     9202292 kB
Committed_AS:   73551948 kB
VmallocTotal:   263061440 kB
VmallocUsed:      106168 kB
VmallocChunk:          0 kB
Percpu:             7648 kB
CmaTotal:         294912 kB
CmaFree:               0 kB
MemTotal:       12113136 kB
MemFree:         4299148 kB
MemAvailable:    7655536 kB
Buffers:            6888 kB
Cached:          2517796 kB
SwapCached:            0 kB
Active:          1800932 kB
Inactive:        2141044 kB
Active(anon):    1426476 kB
Inactive(anon):    33840 kB
Active(file):     374456 kB
Inactive(file):  2107204 kB
Unevictable:        5564 kB
Mlocked:            5564 kB
SwapTotal:       3145724 kB
SwapFree:        3145724 kB
Dirty:               656 kB
Writeback:             0 kB
AnonPages:       1422920 kB
Mapped:           975928 kB
Shmem:             38548 kB
KReclaimable:    1743432 kB
Slab:             271336 kB
SReclaimable:     117200 kB
SUnreclaim:       154136 kB
KernelStack:       49008 kB
PageTables:        68524 kB
NFS_Unstable:          0 kB
Bounce:                0 kB
WritebackTmp:          0 kB
CommitLimit:     9202292 kB
Committed_AS:   73549048 kB
VmallocTotal:   263061440 kB
VmallocUsed:      106136 kB
VmallocChunk:          0 kB
Percpu:             7648 kB
CmaTotal:         294912 kB
CmaFree:               0 kB
MemTotal:       12113136 kB
MemFree:         4297332 kB
MemAvailable:    7653756 kB
Buffers:            6892 kB
Cached:          2517828 kB
SwapCached:            0 kB
Active:          1802732 kB
Inactive:        2141076 kB
Active(anon):    1428272 kB
Inactive(anon):    33840 kB
Active(file):     374460 kB
Inactive(file):  2107236 kB
Unevictable:        5564 kB
Mlocked:            5564 kB
SwapTotal:       3145724 kB
SwapFree:        3145724 kB
Dirty:               684 kB
Writeback:             0 kB
AnonPages:       1424700 kB
Mapped:           975940 kB
Shmem:             38548 kB
KReclaimable:    1743432 kB
Slab:             271344 kB
SReclaimable:     117200 kB
SUnreclaim:       154144 kB
KernelStack:       48976 kB
PageTables:        68476 kB
NFS_Unstable:          0 kB
Bounce:                0 kB
WritebackTmp:          0 kB
CommitLimit:     9202292 kB
Committed_AS:   73557828 kB
VmallocTotal:   263061440 kB
VmallocUsed:      106184 kB
VmallocChunk:          0 kB
Percpu:             7648 kB
CmaTotal:         294912 kB
CmaFree:               0 kB
MemTotal:       12113136 kB
MemFree:         4313464 kB
MemAvailable:    7669912 kB
Buffers:            6892 kB
Cached:          2517852 kB
SwapCached:            0 kB
Active:          1786424 kB
Inactive:        2141100 kB
Active(anon):    1411964 kB
Inactive(anon):    33840 kB
Active(file):     374460 kB
Inactive(file):  2107260 kB
Unevictable:        5564 kB
Mlocked:            5564 kB
SwapTotal:       3145724 kB
SwapFree:        3145724 kB
Dirty:               276 kB
Writeback:             0 kB
AnonPages:       1408376 kB
Mapped:           975968 kB
Shmem:             38548 kB
KReclaimable:    1743432 kB
Slab:             271364 kB
SReclaimable:     117200 kB
SUnreclaim:       154164 kB
KernelStack:       49008 kB
PageTables:        68568 kB
NFS_Unstable:          0 kB
Bounce:                0 kB
WritebackTmp:          0 kB
CommitLimit:     9202292 kB
Committed_AS:   73541220 kB
VmallocTotal:   263061440 kB
VmallocUsed:      106168 kB
VmallocChunk:          0 kB
Percpu:             7648 kB
CmaTotal:         294912 kB
CmaFree:               0 kB
MemTotal:       12113136 kB
MemFree:         4311264 kB
MemAvailable:    7667712 kB
Buffers:            6892 kB
Cached:          2517852 kB
SwapCached:            0 kB
Active:          1790320 kB
Inactive:        2141100 kB
Active(anon):    1415860 kB
Inactive(anon):    33840 kB
Active(file):     374460 kB
Inactive(file):  2107260 kB
Unevictable:        5564 kB
Mlocked:            5564 kB
SwapTotal:       3145724 kB
SwapFree:        3145724 kB
Dirty:               364 kB
Writeback:             0 kB
AnonPages:       1412432 kB
Mapped:           976076 kB
Shmem:             38548 kB
KReclaimable:    1743432 kB
Slab:             271356 kB
SReclaimable:     117200 kB
SUnreclaim:       154156 kB
KernelStack:       48964 kB
PageTables:        68704 kB
NFS_Unstable:          0 kB
Bounce:                0 kB
WritebackTmp:          0 kB
CommitLimit:     9202292 kB
Committed_AS:   73552112 kB
VmallocTotal:   263061440 kB
VmallocUsed:      106200 kB
VmallocChunk:          0 kB
Percpu:             7648 kB
CmaTotal:         294912 kB
CmaFree:               0 kB
MemTotal:       12113136 kB
MemFree:         4309392 kB
MemAvailable:    7665868 kB
Buffers:            6892 kB
Cached:          2517880 kB
SwapCached:            0 kB
Active:          1791572 kB
Inactive:        2141128 kB
Active(anon):    1417112 kB
Inactive(anon):    33840 kB
Active(file):     374460 kB
Inactive(file):  2107288 kB
Unevictable:        5564 kB
Mlocked:            5564 kB
SwapTotal:       3145724 kB
SwapFree:        3145724 kB
Dirty:               416 kB
Writeback:             0 kB
AnonPages:       1413548 kB
Mapped:           976140 kB
Shmem:             38548 kB
KReclaimable:    1743432 kB
Slab:             271356 kB
SReclaimable:     117200 kB
SUnreclaim:       154156 kB
KernelStack:       49008 kB
PageTables:        68552 kB
NFS_Unstable:          0 kB
Bounce:                0 kB
WritebackTmp:          0 kB
CommitLimit:     9202292 kB
Committed_AS:   73552084 kB
VmallocTotal:   263061440 kB
VmallocUsed:      106168 kB
VmallocChunk:          0 kB
Percpu:             7648 kB
CmaTotal:         294912 kB
CmaFree:               0 kB
MemTotal:       12113136 kB
MemFree:         4307576 kB
MemAvailable:    7664060 kB
Buffers:            6892 kB
Cached:          2517888 kB
SwapCached:            0 kB
Active:          1792688 kB
Inactive:        2141136 kB
Active(anon):    1418228 kB
Inactive(anon):    33840 kB
Active(file):     374460 kB
Inactive(file):  2107296 kB
Unevictable:        5564 kB
Mlocked:            5564 kB
SwapTotal:       3145724 kB
SwapFree:        3145724 kB
Dirty:               444 kB
Writeback:             0 kB
AnonPages:       1414552 kB
Mapped:           976060 kB
Shmem:             38548 kB
KReclaimable:    1743432 kB
Slab:             271356 kB
SReclaimable:     117200 kB
SUnreclaim:       154156 kB
KernelStack:       49008 kB
PageTables:        68584 kB
NFS_Unstable:          0 kB
Bounce:                0 kB
WritebackTmp:          0 kB
CommitLimit:     9202292 kB
Committed_AS:   73552236 kB
VmallocTotal:   263061440 kB
VmallocUsed:      106168 kB
VmallocChunk:          0 kB
Percpu:             7648 kB
CmaTotal:         294912 kB
CmaFree:               0 kB
MemTotal:       12113136 kB
MemFree:         4305160 kB
MemAvailable:    7661656 kB
Buffers:            6892 kB
Cached:          2517900 kB
SwapCached:            0 kB
Active:          1793980 kB
Inactive:        2141148 kB
Active(anon):    1419520 kB
Inactive(anon):    33840 kB
Active(file):     374460 kB
Inactive(file):  2107308 kB
Unevictable:        5564 kB
Mlocked:            5564 kB
SwapTotal:       3145724 kB
SwapFree:        3145724 kB
Dirty:               520 kB
Writeback:             0 kB
AnonPages:       1415724 kB
Mapped:           976132 kB
Shmem:             38548 kB
KReclaimable:    1743432 kB
Slab:             271428 kB
SReclaimable:     117200 kB
SUnreclaim:       154228 kB
KernelStack:       48976 kB
PageTables:        68620 kB
NFS_Unstable:          0 kB
Bounce:                0 kB
WritebackTmp:          0 kB
CommitLimit:     9202292 kB
Committed_AS:   73552148 kB
VmallocTotal:   263061440 kB
VmallocUsed:      106152 kB
VmallocChunk:          0 kB
Percpu:             7648 kB
CmaTotal:         294912 kB
CmaFree:               0 kB
MemTotal:       12113136 kB
MemFree:         4304208 kB
MemAvailable:    7660724 kB
Buffers:            6892 kB
Cached:          2517920 kB
SwapCached:            0 kB
Active:          1795696 kB
Inactive:        2141168 kB
Active(anon):    1421236 kB
Inactive(anon):    33840 kB
Active(file):     374460 kB
Inactive(file):  2107328 kB
Unevictable:        5564 kB
Mlocked:            5564 kB
SwapTotal:       3145724 kB
SwapFree:        3145724 kB
Dirty:               308 kB
Writeback:             0 kB
AnonPages:       1417700 kB
Mapped:           975424 kB
Shmem:             38548 kB
KReclaimable:    1743432 kB
Slab:             271344 kB
SReclaimable:     117200 kB
SUnreclaim:       154144 kB
KernelStack:       48960 kB
PageTables:        68472 kB
NFS_Unstable:          0 kB
Bounce:                0 kB
WritebackTmp:          0 kB
CommitLimit:     9202292 kB
Committed_AS:   73549956 kB
VmallocTotal:   263061440 kB
VmallocUsed:      106184 kB
VmallocChunk:          0 kB
Percpu:             7648 kB
CmaTotal:         294912 kB
CmaFree:               0 kB
MemTotal:       12113136 kB
MemFree:         4303800 kB
MemAvailable:    7660124 kB
Buffers:            6892 kB
Cached:          2517932 kB
SwapCached:            0 kB
Active:          1795752 kB
Inactive:        2141180 kB
Active(anon):    1421292 kB
Inactive(anon):    33840 kB
Active(file):     374460 kB
Inactive(file):  2107340 kB
Unevictable:        5564 kB
Mlocked:            5564 kB
SwapTotal:       3145724 kB
SwapFree:        3145724 kB
Dirty:               360 kB
Writeback:             0 kB
AnonPages:       1417364 kB
Mapped:           975452 kB
Shmem:             38548 kB
KReclaimable:    1743228 kB
Slab:             271280 kB
SReclaimable:     117200 kB
SUnreclaim:       154080 kB
KernelStack:       49008 kB
PageTables:        68560 kB
NFS_Unstable:          0 kB
Bounce:                0 kB
WritebackTmp:          0 kB
CommitLimit:     9202292 kB
Committed_AS:   73546020 kB
VmallocTotal:   263061440 kB
VmallocUsed:      106200 kB
VmallocChunk:          0 kB
Percpu:             7648 kB
CmaTotal:         294912 kB
CmaFree:               0 kB
MemTotal:       12113136 kB
MemFree:         4302164 kB
MemAvailable:    7658496 kB
Buffers:            6892 kB
Cached:          2517940 kB
SwapCached:            0 kB
Active:          1796532 kB
Inactive:        2141188 kB
Active(anon):    1422072 kB
Inactive(anon):    33840 kB
Active(file):     374460 kB
Inactive(file):  2107348 kB
Unevictable:        5564 kB
Mlocked:            5564 kB
SwapTotal:       3145724 kB
SwapFree:        3145724 kB
Dirty:               428 kB
Writeback:             0 kB
AnonPages:       1418548 kB
Mapped:           975488 kB
Shmem:             38548 kB
KReclaimable:    1743228 kB
Slab:             271336 kB
SReclaimable:     117200 kB
SUnreclaim:       154136 kB
KernelStack:       48960 kB
PageTables:        68476 kB
NFS_Unstable:          0 kB
Bounce:                0 kB
WritebackTmp:          0 kB
CommitLimit:     9202292 kB
Committed_AS:   73549048 kB
VmallocTotal:   263061440 kB
VmallocUsed:      106184 kB
VmallocChunk:          0 kB
Percpu:             7648 kB
CmaTotal:         294912 kB
CmaFree:               0 kB
MemTotal:       12113136 kB
MemFree:         4304088 kB
MemAvailable:    7660432 kB
Buffers:            6892 kB
Cached:          2517952 kB
SwapCached:            0 kB
Active:          1794760 kB
Inactive:        2141200 kB
Active(anon):    1420300 kB
Inactive(anon):    33840 kB
Active(file):     374460 kB
Inactive(file):  2107360 kB
Unevictable:        5564 kB
Mlocked:            5564 kB
SwapTotal:       3145724 kB
SwapFree:        3145724 kB
Dirty:               464 kB
Writeback:             0 kB
AnonPages:       1416764 kB
Mapped:           975516 kB
Shmem:             38548 kB
KReclaimable:    1743228 kB
Slab:             271344 kB
SReclaimable:     117200 kB
SUnreclaim:       154144 kB
KernelStack:       49008 kB
PageTables:        68576 kB
NFS_Unstable:          0 kB
Bounce:                0 kB
WritebackTmp:          0 kB
CommitLimit:     9202292 kB
Committed_AS:   73538928 kB
VmallocTotal:   263061440 kB
VmallocUsed:      106184 kB
VmallocChunk:          0 kB
Percpu:             7648 kB
CmaTotal:         294912 kB
CmaFree:               0 kB
MemTotal:       12113136 kB
MemFree:         4305644 kB
MemAvailable:    7662012 kB
Buffers:            6892 kB
Cached:          2517972 kB
SwapCached:            0 kB
Active:          1796280 kB
Inactive:        2141220 kB
Active(anon):    1421820 kB
Inactive(anon):    33840 kB
Active(file):     374460 kB
Inactive(file):  2107380 kB
Unevictable:        5564 kB
Mlocked:            5564 kB
SwapTotal:       3145724 kB
SwapFree:        3145724 kB
Dirty:               536 kB
Writeback:             0 kB
AnonPages:       1418212 kB
Mapped:           975548 kB
Shmem:             38548 kB
KReclaimable:    1743232 kB
Slab:             271348 kB
SReclaimable:     117204 kB
SUnreclaim:       154144 kB
KernelStack:       48960 kB
PageTables:        68476 kB
NFS_Unstable:          0 kB
Bounce:                0 kB
WritebackTmp:          0 kB
CommitLimit:     9202292 kB
Committed_AS:   73543504 kB
VmallocTotal:   263061440 kB
VmallocUsed:      106136 kB
VmallocChunk:          0 kB
Percpu:             7648 kB
CmaTotal:         294912 kB
CmaFree:               0 kB
MemTotal:       12113136 kB
MemFree:         4303104 kB
MemAvailable:    7659492 kB
Buffers:            6892 kB
Cached:          2517992 kB
SwapCached:            0 kB
Active:          1797900 kB
Inactive:        2141240 kB
Active(anon):    1423440 kB
Inactive(anon):    33840 kB
Active(file):     374460 kB
Inactive(file):  2107400 kB
Unevictable:        5564 kB
Mlocked:            5564 kB
SwapTotal:       3145724 kB
SwapFree:        3145724 kB
Dirty:               296 kB
Writeback:             0 kB
AnonPages:       1419852 kB
Mapped:           975580 kB
Shmem:             38548 kB
KReclaimable:    1743232 kB
Slab:             271356 kB
SReclaimable:     117204 kB
SUnreclaim:       154152 kB
KernelStack:       49008 kB
PageTables:        68576 kB
NFS_Unstable:          0 kB
Bounce:                0 kB
WritebackTmp:          0 kB
CommitLimit:     9202292 kB
Committed_AS:   73547720 kB
VmallocTotal:   263061440 kB
VmallocUsed:      106136 kB
VmallocChunk:          0 kB
Percpu:             7648 kB
CmaTotal:         294912 kB
CmaFree:               0 kB
MemTotal:       12113136 kB
MemFree:         4301644 kB
MemAvailable:    7658044 kB
Buffers:            6892 kB
Cached:          2518004 kB
SwapCached:            0 kB
Active:          1799052 kB
Inactive:        2141252 kB
Active(anon):    1424592 kB
Inactive(anon):    33840 kB
Active(file):     374460 kB
Inactive(file):  2107412 kB
Unevictable:        5564 kB
Mlocked:            5564 kB
SwapTotal:       3145724 kB
SwapFree:        3145724 kB
Dirty:               360 kB
Writeback:             0 kB
AnonPages:       1421016 kB
Mapped:           975608 kB
Shmem:             38548 kB
KReclaimable:    1743232 kB
Slab:             271356 kB
SReclaimable:     117204 kB
SUnreclaim:       154152 kB
KernelStack:       48960 kB
PageTables:        68476 kB
NFS_Unstable:          0 kB
Bounce:                0 kB
WritebackTmp:          0 kB
CommitLimit:     9202292 kB
Committed_AS:   73549220 kB
VmallocTotal:   263061440 kB
VmallocUsed:      106152 kB
VmallocChunk:          0 kB
Percpu:             7648 kB
CmaTotal:         294912 kB
CmaFree:               0 kB
MemTotal:       12113136 kB
MemFree:         4300744 kB
MemAvailable:    7657152 kB
Buffers:            6892 kB
Cached:          2518012 kB
SwapCached:            0 kB
Active:          1799752 kB
Inactive:        2141260 kB
Active(anon):    1425292 kB
Inactive(anon):    33840 kB
Active(file):     374460 kB
Inactive(file):  2107420 kB
Unevictable:        5564 kB
Mlocked:            5564 kB
SwapTotal:       3145724 kB
SwapFree:        3145724 kB
Dirty:               392 kB
Writeback:             0 kB
AnonPages:       1421708 kB
Mapped:           975648 kB
Shmem:             38548 kB
KReclaimable:    1743232 kB
Slab:             271356 kB
SReclaimable:     117204 kB
SUnreclaim:       154152 kB
KernelStack:       48960 kB
PageTables:        68476 kB
NFS_Unstable:          0 kB
Bounce:                0 kB
WritebackTmp:          0 kB
CommitLimit:     9202292 kB
Committed_AS:   73543108 kB
VmallocTotal:   263061440 kB
VmallocUsed:      106136 kB
VmallocChunk:          0 kB
Percpu:             7648 kB
CmaTotal:         294912 kB
CmaFree:               0 kB
MemTotal:       12113136 kB
MemFree:         4299604 kB
MemAvailable:    7656024 kB
Buffers:            6892 kB
Cached:          2518024 kB
SwapCached:            0 kB
Active:          1800764 kB
Inactive:        2141272 kB
Active(anon):    1426304 kB
Inactive(anon):    33840 kB
Active(file):     374460 kB
Inactive(file):  2107432 kB
Unevictable:        5564 kB
Mlocked:            5564 kB
SwapTotal:       3145724 kB
SwapFree:        3145724 kB
Dirty:               448 kB
Writeback:             0 kB
AnonPages:       1422732 kB
Mapped:           975808 kB
Shmem:             38548 kB
KReclaimable:    1743232 kB
Slab:             271356 kB
SReclaimable:     117204 kB
SUnreclaim:       154152 kB
KernelStack:       48916 kB
PageTables:        68528 kB
NFS_Unstable:          0 kB
Bounce:                0 kB
WritebackTmp:          0 kB
CommitLimit:     9202292 kB
Committed_AS:   73548504 kB
VmallocTotal:   263061440 kB
VmallocUsed:      106216 kB
VmallocChunk:          0 kB
Percpu:             7648 kB
CmaTotal:         294912 kB
CmaFree:               8 kB
MemTotal:       12113136 kB
MemFree:         4297784 kB
MemAvailable:    7654224 kB
Buffers:            6892 kB
Cached:          2518044 kB
SwapCached:            0 kB
Active:          1802080 kB
Inactive:        2141292 kB
Active(anon):    1427620 kB
Inactive(anon):    33840 kB
Active(file):     374460 kB
Inactive(file):  2107452 kB
Unevictable:        5564 kB
Mlocked:            5564 kB
SwapTotal:       3145724 kB
SwapFree:        3145724 kB
Dirty:               496 kB
Writeback:             0 kB
AnonPages:       1423896 kB
Mapped:           975724 kB
Shmem:             38548 kB
KReclaimable:    1743232 kB
Slab:             271356 kB
SReclaimable:     117204 kB
SUnreclaim:       154152 kB
KernelStack:       49024 kB
PageTables:        68612 kB
NFS_Unstable:          0 kB
Bounce:                0 kB
WritebackTmp:          0 kB
CommitLimit:     9202292 kB
Committed_AS:   73543092 kB
VmallocTotal:   263061440 kB
VmallocUsed:      106184 kB
VmallocChunk:          0 kB
Percpu:             7648 kB
CmaTotal:         294912 kB
CmaFree:               0 kB
MemTotal:       12113136 kB
MemFree:         4295108 kB
MemAvailable:    7651584 kB
Buffers:            6896 kB
Cached:          2518076 kB
SwapCached:            0 kB
Active:          1803776 kB
Inactive:        2141324 kB
Active(anon):    1429312 kB
Inactive(anon):    33840 kB
Active(file):     374464 kB
Inactive(file):  2107484 kB
Unevictable:        5564 kB
Mlocked:            5564 kB
SwapTotal:       3145724 kB
SwapFree:        3145724 kB
Dirty:               272 kB
Writeback:             0 kB
AnonPages:       1425744 kB
Mapped:           975764 kB
Shmem:             38548 kB
KReclaimable:    1743232 kB
Slab:             271356 kB
SReclaimable:     117204 kB
SUnreclaim:       154152 kB
KernelStack:       48944 kB
PageTables:        68476 kB
NFS_Unstable:          0 kB
Bounce:                0 kB
WritebackTmp:          0 kB
CommitLimit:     9202292 kB
Committed_AS:   73548808 kB
VmallocTotal:   263061440 kB
VmallocUsed:      106216 kB
VmallocChunk:          0 kB
Percpu:             7648 kB
CmaTotal:         294912 kB
CmaFree:               0 kB
MemTotal:       12113136 kB
MemFree:         4295496 kB
MemAvailable:    7651980 kB
Buffers:            6896 kB
Cached:          2518084 kB
SwapCached:            0 kB
Active:          1805040 kB
Inactive:        2141332 kB
Active(anon):    1430576 kB
Inactive(anon):    33840 kB
Active(file):     374464 kB
Inactive(file):  2107492 kB
Unevictable:        5564 kB
Mlocked:            5564 kB
SwapTotal:       3145724 kB
SwapFree:        3145724 kB
Dirty:               396 kB
Writeback:             0 kB
AnonPages:       1427000 kB
Mapped:           975816 kB
Shmem:             38548 kB
KReclaimable:    1743232 kB
Slab:             271356 kB
SReclaimable:     117204 kB
SUnreclaim:       154152 kB
KernelStack:       48992 kB
PageTables:        68524 kB
NFS_Unstable:          0 kB
Bounce:                0 kB
WritebackTmp:          0 kB
CommitLimit:     9202292 kB
Committed_AS:   73541844 kB
VmallocTotal:   263061440 kB
VmallocUsed:      106152 kB
VmallocChunk:          0 kB
Percpu:             7648 kB
CmaTotal:         294912 kB
CmaFree:               0 kB
MemTotal:       12113136 kB
MemFree:         4294464 kB
MemAvailable:    7650972 kB
Buffers:            6896 kB
Cached:          2518108 kB
SwapCached:            0 kB
Active:          1805556 kB
Inactive:        2141352 kB
Active(anon):    1431088 kB
Inactive(anon):    33840 kB
Active(file):     374468 kB
Inactive(file):  2107512 kB
Unevictable:        5564 kB
Mlocked:            5564 kB
SwapTotal:       3145724 kB
SwapFree:        3145724 kB
Dirty:               468 kB
Writeback:             0 kB
AnonPages:       1427476 kB
Mapped:           975824 kB
Shmem:             38548 kB
KReclaimable:    1743232 kB
Slab:             271356 kB
SReclaimable:     117204 kB
SUnreclaim:       154152 kB
KernelStack:       48960 kB
PageTables:        68468 kB
NFS_Unstable:          0 kB
Bounce:                0 kB
WritebackTmp:          0 kB
CommitLimit:     9202292 kB
Committed_AS:   73547944 kB
VmallocTotal:   263061440 kB
VmallocUsed:      106200 kB
VmallocChunk:          0 kB
Percpu:             7648 kB
CmaTotal:         294912 kB
CmaFree:               0 kB
MemTotal:       12113136 kB
MemFree:         4291660 kB
MemAvailable:    7648176 kB
Buffers:            6896 kB
Cached:          2518116 kB
SwapCached:            0 kB
Active:          1807064 kB
Inactive:        2141360 kB
Active(anon):    1432596 kB
Inactive(anon):    33840 kB
Active(file):     374468 kB
Inactive(file):  2107520 kB
Unevictable:        5564 kB
Mlocked:            5564 kB
SwapTotal:       3145724 kB
SwapFree:        3145724 kB
Dirty:               492 kB
Writeback:             0 kB
AnonPages:       1429024 kB
Mapped:           975856 kB
Shmem:             38548 kB
KReclaimable:    1743232 kB
Slab:             271356 kB
SReclaimable:     117204 kB
SUnreclaim:       154152 kB
KernelStack:       48992 kB
PageTables:        68524 kB
NFS_Unstable:          0 kB
Bounce:                0 kB
WritebackTmp:          0 kB
CommitLimit:     9202292 kB
Committed_AS:   73550988 kB
VmallocTotal:   263061440 kB
VmallocUsed:      106200 kB
VmallocChunk:          0 kB
Percpu:             7648 kB
CmaTotal:         294912 kB
CmaFree:               0 kB
MemTotal:       12113136 kB
MemFree:         4291008 kB
MemAvailable:    7647536 kB
Buffers:            6896 kB
Cached:          2518128 kB
SwapCached:            0 kB
Active:          1808700 kB
Inactive:        2141372 kB
Active(anon):    1434232 kB
Inactive(anon):    33840 kB
Active(file):     374468 kB
Inactive(file):  2107532 kB
Unevictable:        5564 kB
Mlocked:            5564 kB
SwapTotal:       3145724 kB
SwapFree:        3145724 kB
Dirty:               536 kB
Writeback:             0 kB
AnonPages:       1430664 kB
Mapped:           975884 kB
Shmem:             38548 kB
KReclaimable:    1743232 kB
Slab:             271356 kB
SReclaimable:     117204 kB
SUnreclaim:       154152 kB
KernelStack:       48944 kB
PageTables:        68524 kB
NFS_Unstable:          0 kB
Bounce:                0 kB
WritebackTmp:          0 kB
CommitLimit:     9202292 kB
Committed_AS:   73554504 kB
VmallocTotal:   263061440 kB
VmallocUsed:      106216 kB
VmallocChunk:          0 kB
Percpu:             7648 kB
CmaTotal:         294912 kB
CmaFree:               0 kB
MemTotal:       12113136 kB
MemFree:         4289796 kB
MemAvailable:    7646340 kB
Buffers:            6896 kB
Cached:          2518144 kB
SwapCached:            0 kB
Active:          1809576 kB
Inactive:        2141388 kB
Active(anon):    1435108 kB
Inactive(anon):    33840 kB
Active(file):     374468 kB
Inactive(file):  2107548 kB
Unevictable:        5564 kB
Mlocked:            5564 kB
SwapTotal:       3145724 kB
SwapFree:        3145724 kB
Dirty:               288 kB
Writeback:             0 kB
AnonPages:       1431492 kB
Mapped:           975920 kB
Shmem:             38548 kB
KReclaimable:    1743232 kB
Slab:             271308 kB
SReclaimable:     117204 kB
SUnreclaim:       154104 kB
KernelStack:       48928 kB
PageTables:        68472 kB
NFS_Unstable:          0 kB
Bounce:                0 kB
WritebackTmp:          0 kB
CommitLimit:     9202292 kB
Committed_AS:   73558940 kB
VmallocTotal:   263061440 kB
VmallocUsed:      106216 kB
VmallocChunk:          0 kB
Percpu:             7648 kB
CmaTotal:         294912 kB
CmaFree:               0 kB
MemTotal:       12113136 kB
MemFree:         4289480 kB
MemAvailable:    7646036 kB
Buffers:            6896 kB
Cached:          2518156 kB
SwapCached:            0 kB
Active:          1810456 kB
Inactive:        2141400 kB
Active(anon):    1435988 kB
Inactive(anon):    33840 kB
Active(file):     374468 kB
Inactive(file):  2107560 kB
Unevictable:        5564 kB
Mlocked:            5564 kB
SwapTotal:       3145724 kB
SwapFree:        3145724 kB
Dirty:               372 kB
Writeback:             0 kB
AnonPages:       1432464 kB
Mapped:           975948 kB
Shmem:             38548 kB
KReclaimable:    1743232 kB
Slab:             271308 kB
SReclaimable:     117204 kB
SUnreclaim:       154104 kB
KernelStack:       48928 kB
PageTables:        68472 kB
NFS_Unstable:          0 kB
Bounce:                0 kB
WritebackTmp:          0 kB
CommitLimit:     9202292 kB
Committed_AS:   73551628 kB
VmallocTotal:   263061440 kB
VmallocUsed:      106200 kB
VmallocChunk:          0 kB
Percpu:             7648 kB
CmaTotal:         294912 kB
CmaFree:               0 kB
MemTotal:       12113136 kB
MemFree:         4286572 kB
MemAvailable:    7643144 kB
Buffers:            6896 kB
Cached:          2518172 kB
SwapCached:            0 kB
Active:          1812520 kB
Inactive:        2141416 kB
Active(anon):    1438052 kB
Inactive(anon):    33840 kB
Active(file):     374468 kB
Inactive(file):  2107576 kB
Unevictable:        5564 kB
Mlocked:            5564 kB
SwapTotal:       3145724 kB
SwapFree:        3145724 kB
Dirty:               456 kB
Writeback:             0 kB
AnonPages:       1434516 kB
Mapped:           975976 kB
Shmem:             38548 kB
KReclaimable:    1743232 kB
Slab:             271316 kB
SReclaimable:     117204 kB
SUnreclaim:       154112 kB
KernelStack:       49072 kB
PageTables:        68576 kB
NFS_Unstable:          0 kB
Bounce:                0 kB
WritebackTmp:          0 kB
CommitLimit:     9202292 kB
Committed_AS:   73555040 kB
VmallocTotal:   263061440 kB
VmallocUsed:      106248 kB
VmallocChunk:          0 kB
Percpu:             7648 kB
CmaTotal:         294912 kB
CmaFree:               0 kB
MemTotal:       12113136 kB
MemFree:         4284124 kB
MemAvailable:    7640700 kB
Buffers:            6896 kB
Cached:          2518176 kB
SwapCached:            0 kB
Active:          1816728 kB
Inactive:        2141420 kB
Active(anon):    1442260 kB
Inactive(anon):    33840 kB
Active(file):     374468 kB
Inactive(file):  2107580 kB
Unevictable:        5564 kB
Mlocked:            5564 kB
SwapTotal:       3145724 kB
SwapFree:        3145724 kB
Dirty:               524 kB
Writeback:             0 kB
AnonPages:       1438804 kB
Mapped:           976012 kB
Shmem:             38548 kB
KReclaimable:    1743232 kB
Slab:             271316 kB
SReclaimable:     117204 kB
SUnreclaim:       154112 kB
KernelStack:       49072 kB
PageTables:        68548 kB
NFS_Unstable:          0 kB
Bounce:                0 kB
WritebackTmp:          0 kB
CommitLimit:     9202292 kB
Committed_AS:   73551732 kB
VmallocTotal:   263061440 kB
VmallocUsed:      106248 kB
VmallocChunk:          0 kB
Percpu:             7648 kB
CmaTotal:         294912 kB
CmaFree:               0 kB
MemTotal:       12113136 kB
MemFree:         4283004 kB
MemAvailable:    7639608 kB
Buffers:            6896 kB
Cached:          2518204 kB
SwapCached:            0 kB
Active:          1817632 kB
Inactive:        2141448 kB
Active(anon):    1443164 kB
Inactive(anon):    33840 kB
Active(file):     374468 kB
Inactive(file):  2107608 kB
Unevictable:        5564 kB
Mlocked:            5564 kB
SwapTotal:       3145724 kB
SwapFree:        3145724 kB
Dirty:               592 kB
Writeback:             0 kB
AnonPages:       1439612 kB
Mapped:           976040 kB
Shmem:             38548 kB
KReclaimable:    1743232 kB
Slab:             271316 kB
SReclaimable:     117204 kB
SUnreclaim:       154112 kB
KernelStack:       49040 kB
PageTables:        68536 kB
NFS_Unstable:          0 kB
Bounce:                0 kB
WritebackTmp:          0 kB
CommitLimit:     9202292 kB
Committed_AS:   73550084 kB
VmallocTotal:   263061440 kB
VmallocUsed:      106248 kB
VmallocChunk:          0 kB
Percpu:             7648 kB
CmaTotal:         294912 kB
CmaFree:              40 kB
MemTotal:       12113136 kB
MemFree:         4281548 kB
MemAvailable:    7638164 kB
Buffers:            6896 kB
Cached:          2518216 kB
SwapCached:            0 kB
Active:          1818852 kB
Inactive:        2141460 kB
Active(anon):    1444384 kB
Inactive(anon):    33840 kB
Active(file):     374468 kB
Inactive(file):  2107620 kB
Unevictable:        5564 kB
Mlocked:            5564 kB
SwapTotal:       3145724 kB
SwapFree:        3145724 kB
Dirty:               232 kB
Writeback:             0 kB
AnonPages:       1440516 kB
Mapped:           976124 kB
Shmem:             38548 kB
KReclaimable:    1743232 kB
Slab:             271340 kB
SReclaimable:     117204 kB
SUnreclaim:       154136 kB
KernelStack:       49024 kB
PageTables:        68536 kB
NFS_Unstable:          0 kB
Bounce:                0 kB
WritebackTmp:          0 kB
CommitLimit:     9202292 kB
Committed_AS:   73549712 kB
VmallocTotal:   263061440 kB
VmallocUsed:      106264 kB
VmallocChunk:          0 kB
Percpu:             7648 kB
CmaTotal:         294912 kB
CmaFree:              20 kB
MemTotal:       12113136 kB
MemFree:         4280204 kB
MemAvailable:    7636836 kB
Buffers:            6896 kB
Cached:          2518232 kB
SwapCached:            0 kB
Active:          1820100 kB
Inactive:        2141476 kB
Active(anon):    1445632 kB
Inactive(anon):    33840 kB
Active(file):     374468 kB
Inactive(file):  2107636 kB
Unevictable:        5564 kB
Mlocked:            5564 kB
SwapTotal:       3145724 kB
SwapFree:        3145724 kB
Dirty:               376 kB
Writeback:             0 kB
AnonPages:       1442040 kB
Mapped:           976108 kB
Shmem:             38548 kB
KReclaimable:    1743232 kB
Slab:             271316 kB
SReclaimable:     117204 kB
SUnreclaim:       154112 kB
KernelStack:       49024 kB
PageTables:        68472 kB
NFS_Unstable:          0 kB
Bounce:                0 kB
WritebackTmp:          0 kB
CommitLimit:     9202292 kB
Committed_AS:   73546856 kB
VmallocTotal:   263061440 kB
VmallocUsed:      106232 kB
VmallocChunk:          0 kB
Percpu:             7648 kB
CmaTotal:         294912 kB
CmaFree:               0 kB
MemTotal:       12113136 kB
MemFree:         4278424 kB
MemAvailable:    7635056 kB
Buffers:            6896 kB
Cached:          2518232 kB
SwapCached:            0 kB
Active:          1821784 kB
Inactive:        2141476 kB
Active(anon):    1447316 kB
Inactive(anon):    33840 kB
Active(file):     374468 kB
Inactive(file):  2107636 kB
Unevictable:        5564 kB
Mlocked:            5564 kB
SwapTotal:       3145724 kB
SwapFree:        3145724 kB
Dirty:               384 kB
Writeback:             0 kB
AnonPages:       1443844 kB
Mapped:           976140 kB
Shmem:             38548 kB
KReclaimable:    1743232 kB
Slab:             271364 kB
SReclaimable:     117204 kB
SUnreclaim:       154160 kB
KernelStack:       49056 kB
PageTables:        68596 kB
NFS_Unstable:          0 kB
Bounce:                0 kB
WritebackTmp:          0 kB
CommitLimit:     9202292 kB
Committed_AS:   73544496 kB
VmallocTotal:   263061440 kB
VmallocUsed:      106232 kB
VmallocChunk:          0 kB
Percpu:             7648 kB
CmaTotal:         294912 kB
CmaFree:               0 kB
MemTotal:       12113136 kB
MemFree:         4275196 kB
MemAvailable:    7631852 kB
Buffers:            6896 kB
Cached:          2518264 kB
SwapCached:            0 kB
Active:          1825468 kB
Inactive:        2141508 kB
Active(anon):    1451000 kB
Inactive(anon):    33848 kB
Active(file):     374468 kB
Inactive(file):  2107660 kB
Unevictable:        5564 kB
Mlocked:            5564 kB
SwapTotal:       3145724 kB
SwapFree:        3145724 kB
Dirty:               932 kB
Writeback:             0 kB
AnonPages:       1447016 kB
Mapped:           976176 kB
Shmem:             38556 kB
KReclaimable:    1743232 kB
Slab:             271284 kB
SReclaimable:     117204 kB
SUnreclaim:       154080 kB
KernelStack:       49056 kB
PageTables:        68476 kB
NFS_Unstable:          0 kB
Bounce:                0 kB
WritebackTmp:          0 kB
CommitLimit:     9202292 kB
Committed_AS:   73545116 kB
VmallocTotal:   263061440 kB
VmallocUsed:      106280 kB
VmallocChunk:          0 kB
Percpu:             7648 kB
CmaTotal:         294912 kB
CmaFree:               0 kB
MemTotal:       12113136 kB
MemFree:         4279372 kB
MemAvailable:    7636040 kB
Buffers:            6896 kB
Cached:          2518276 kB
SwapCached:            0 kB
Active:          1820076 kB
Inactive:        2141520 kB
Active(anon):    1445608 kB
Inactive(anon):    33848 kB
Active(file):     374468 kB
Inactive(file):  2107672 kB
Unevictable:        5564 kB
Mlocked:            5564 kB
SwapTotal:       3145724 kB
SwapFree:        3145724 kB
Dirty:              1256 kB
Writeback:             0 kB
AnonPages:       1442032 kB
Mapped:           976208 kB
Shmem:             38556 kB
KReclaimable:    1743232 kB
Slab:             271272 kB
SReclaimable:     117204 kB
SUnreclaim:       154068 kB
KernelStack:       49104 kB
PageTables:        68560 kB
NFS_Unstable:          0 kB
Bounce:                0 kB
WritebackTmp:          0 kB
CommitLimit:     9202292 kB
Committed_AS:   73542580 kB
VmallocTotal:   263061440 kB
VmallocUsed:      106248 kB
VmallocChunk:          0 kB
Percpu:             7648 kB
CmaTotal:         294912 kB
CmaFree:               0 kB
MemTotal:       12113136 kB
MemFree:         4279856 kB
MemAvailable:    7636560 kB
Buffers:            6900 kB
Cached:          2518308 kB
SwapCached:            0 kB
Active:          1820900 kB
Inactive:        2141552 kB
Active(anon):    1446428 kB
Inactive(anon):    33848 kB
Active(file):     374472 kB
Inactive(file):  2107704 kB
Unevictable:        5564 kB
Mlocked:            5564 kB
SwapTotal:       3145724 kB
SwapFree:        3145724 kB
Dirty:               292 kB
Writeback:             0 kB
AnonPages:       1442828 kB
Mapped:           976240 kB
Shmem:             38556 kB
KReclaimable:    1743232 kB
Slab:             271316 kB
SReclaimable:     117204 kB
SUnreclaim:       154112 kB
KernelStack:       49072 kB
PageTables:        68480 kB
NFS_Unstable:          0 kB
Bounce:                0 kB
WritebackTmp:          0 kB
CommitLimit:     9202292 kB
Committed_AS:   73551680 kB
VmallocTotal:   263061440 kB
VmallocUsed:      106248 kB
VmallocChunk:          0 kB
Percpu:             7648 kB
CmaTotal:         294912 kB
CmaFree:               0 kB
MemTotal:       12113136 kB
MemFree:         4278968 kB
MemAvailable:    7635688 kB
Buffers:            6900 kB
Cached:          2518324 kB
SwapCached:            0 kB
Active:          1821920 kB
Inactive:        2141568 kB
Active(anon):    1447448 kB
Inactive(anon):    33848 kB
Active(file):     374472 kB
Inactive(file):  2107720 kB
Unevictable:        5564 kB
Mlocked:            5564 kB
SwapTotal:       3145724 kB
SwapFree:        3145724 kB
Dirty:               388 kB
Writeback:             0 kB
AnonPages:       1443824 kB
Mapped:           976272 kB
Shmem:             38556 kB
KReclaimable:    1743232 kB
Slab:             271324 kB
SReclaimable:     117204 kB
SUnreclaim:       154120 kB
KernelStack:       49056 kB
PageTables:        68468 kB
NFS_Unstable:          0 kB
Bounce:                0 kB
WritebackTmp:          0 kB
CommitLimit:     9202292 kB
Committed_AS:   73550320 kB
VmallocTotal:   263061440 kB
VmallocUsed:      106264 kB
VmallocChunk:          0 kB
Percpu:             7648 kB
CmaTotal:         294912 kB
CmaFree:               0 kB
MemTotal:       12113136 kB
MemFree:         4288740 kB
MemAvailable:    7645476 kB
Buffers:            6900 kB
Cached:          2518340 kB
SwapCached:            0 kB
Active:          1809432 kB
Inactive:        2141584 kB
Active(anon):    1434960 kB
Inactive(anon):    33848 kB
Active(file):     374472 kB
Inactive(file):  2107736 kB
Unevictable:        5564 kB
Mlocked:            5564 kB
SwapTotal:       3145724 kB
SwapFree:        3145724 kB
Dirty:               420 kB
Writeback:             0 kB
AnonPages:       1431400 kB
Mapped:           976300 kB
Shmem:             38556 kB
KReclaimable:    1743232 kB
Slab:             271340 kB
SReclaimable:     117204 kB
SUnreclaim:       154136 kB
KernelStack:       49056 kB
PageTables:        68472 kB
NFS_Unstable:          0 kB
Bounce:                0 kB
WritebackTmp:          0 kB
CommitLimit:     9202292 kB
Committed_AS:   73554236 kB
VmallocTotal:   263061440 kB
VmallocUsed:      106344 kB
VmallocChunk:          0 kB
Percpu:             7648 kB
CmaTotal:         294912 kB
CmaFree:               0 kB
MemTotal:       12113136 kB
MemFree:         4302972 kB
MemAvailable:    7659728 kB
Buffers:            6900 kB
Cached:          2518360 kB
SwapCached:            0 kB
Active:          1796372 kB
Inactive:        2141604 kB
Active(anon):    1421900 kB
Inactive(anon):    33848 kB
Active(file):     374472 kB
Inactive(file):  2107756 kB
Unevictable:        5564 kB
Mlocked:            5564 kB
SwapTotal:       3145724 kB
SwapFree:        3145724 kB
Dirty:               480 kB
Writeback:             0 kB
AnonPages:       1418284 kB
Mapped:           976332 kB
Shmem:             38556 kB
KReclaimable:    1743232 kB
Slab:             271332 kB
SReclaimable:     117204 kB
SUnreclaim:       154128 kB
KernelStack:       49088 kB
PageTables:        68444 kB
NFS_Unstable:          0 kB
Bounce:                0 kB
WritebackTmp:          0 kB
CommitLimit:     9202292 kB
Committed_AS:   73551532 kB
VmallocTotal:   263061440 kB
VmallocUsed:      106312 kB
VmallocChunk:          0 kB
Percpu:             7648 kB
CmaTotal:         294912 kB
CmaFree:               0 kB
MemTotal:       12113136 kB
MemFree:         4302516 kB
MemAvailable:    7659276 kB
Buffers:            6900 kB
Cached:          2518364 kB
SwapCached:            0 kB
Active:          1797876 kB
Inactive:        2141608 kB
Active(anon):    1423404 kB
Inactive(anon):    33848 kB
Active(file):     374472 kB
Inactive(file):  2107760 kB
Unevictable:        5564 kB
Mlocked:            5564 kB
SwapTotal:       3145724 kB
SwapFree:        3145724 kB
Dirty:               512 kB
Writeback:             0 kB
AnonPages:       1419864 kB
Mapped:           976444 kB
Shmem:             38556 kB
KReclaimable:    1743232 kB
Slab:             271340 kB
SReclaimable:     117204 kB
SUnreclaim:       154136 kB
KernelStack:       49104 kB
PageTables:        68560 kB
NFS_Unstable:          0 kB
Bounce:                0 kB
WritebackTmp:          0 kB
CommitLimit:     9202292 kB
Committed_AS:   73554620 kB
VmallocTotal:   263061440 kB
VmallocUsed:      106280 kB
VmallocChunk:          0 kB
Percpu:             7648 kB
CmaTotal:         294912 kB
CmaFree:               0 kB
MemTotal:       12113136 kB
MemFree:         4300040 kB
MemAvailable:    7656812 kB
Buffers:            6900 kB
Cached:          2518376 kB
SwapCached:            0 kB
Active:          1798660 kB
Inactive:        2141620 kB
Active(anon):    1424188 kB
Inactive(anon):    33848 kB
Active(file):     374472 kB
Inactive(file):  2107772 kB
Unevictable:        5564 kB
Mlocked:            5564 kB
SwapTotal:       3145724 kB
SwapFree:        3145724 kB
Dirty:               544 kB
Writeback:             0 kB
AnonPages:       1420592 kB
Mapped:           976392 kB
Shmem:             38556 kB
KReclaimable:    1743232 kB
Slab:             271340 kB
SReclaimable:     117204 kB
SUnreclaim:       154136 kB
KernelStack:       49056 kB
PageTables:        68484 kB
NFS_Unstable:          0 kB
Bounce:                0 kB
WritebackTmp:          0 kB
CommitLimit:     9202292 kB
Committed_AS:   73553424 kB
VmallocTotal:   263061440 kB
VmallocUsed:      106296 kB
VmallocChunk:          0 kB
Percpu:             7648 kB
CmaTotal:         294912 kB
CmaFree:               0 kB
MemTotal:       12113136 kB
MemFree:         4301480 kB
MemAvailable:    7658268 kB
Buffers:            6900 kB
Cached:          2518392 kB
SwapCached:            0 kB
Active:          1796864 kB
Inactive:        2141636 kB
Active(anon):    1422392 kB
Inactive(anon):    33848 kB
Active(file):     374472 kB
Inactive(file):  2107788 kB
Unevictable:        5564 kB
Mlocked:            5564 kB
SwapTotal:       3145724 kB
SwapFree:        3145724 kB
Dirty:               584 kB
Writeback:             0 kB
AnonPages:       1418968 kB
Mapped:           976420 kB
Shmem:             38556 kB
KReclaimable:    1743232 kB
Slab:             271348 kB
SReclaimable:     117204 kB
SUnreclaim:       154144 kB
KernelStack:       49088 kB
PageTables:        68532 kB
NFS_Unstable:          0 kB
Bounce:                0 kB
WritebackTmp:          0 kB
CommitLimit:     9202292 kB
Committed_AS:   73554032 kB
VmallocTotal:   263061440 kB
VmallocUsed:      106296 kB
VmallocChunk:          0 kB
Percpu:             7648 kB
CmaTotal:         294912 kB
CmaFree:             108 kB
MemTotal:       12113136 kB
MemFree:         4301420 kB
MemAvailable:    7658220 kB
Buffers:            6900 kB
Cached:          2518404 kB
SwapCached:            0 kB
Active:          1798104 kB
Inactive:        2141648 kB
Active(anon):    1423632 kB
Inactive(anon):    33848 kB
Active(file):     374472 kB
Inactive(file):  2107800 kB
Unevictable:        5564 kB
Mlocked:            5564 kB
SwapTotal:       3145724 kB
SwapFree:        3145724 kB
Dirty:               632 kB
Writeback:             0 kB
AnonPages:       1420068 kB
Mapped:           976456 kB
Shmem:             38556 kB
KReclaimable:    1743232 kB
Slab:             271332 kB
SReclaimable:     117204 kB
SUnreclaim:       154128 kB
KernelStack:       49072 kB
PageTables:        68460 kB
NFS_Unstable:          0 kB
Bounce:                0 kB
WritebackTmp:          0 kB
CommitLimit:     9202292 kB
Committed_AS:   73557188 kB
VmallocTotal:   263061440 kB
VmallocUsed:      106264 kB
VmallocChunk:          0 kB
Percpu:             7648 kB
CmaTotal:         294912 kB
CmaFree:               0 kB
MemTotal:       12113136 kB
MemFree:         4300876 kB
MemAvailable:    7657680 kB
Buffers:            6900 kB
Cached:          2518408 kB
SwapCached:            0 kB
Active:          1799180 kB
Inactive:        2141652 kB
Active(anon):    1424708 kB
Inactive(anon):    33848 kB
Active(file):     374472 kB
Inactive(file):  2107804 kB
Unevictable:        5564 kB
Mlocked:            5564 kB
SwapTotal:       3145724 kB
SwapFree:        3145724 kB
Dirty:               644 kB
Writeback:             0 kB
AnonPages:       1421044 kB
Mapped:           976500 kB
Shmem:             38556 kB
KReclaimable:    1743232 kB
Slab:             271348 kB
SReclaimable:     117204 kB
SUnreclaim:       154144 kB
KernelStack:       49088 kB
PageTables:        68500 kB
NFS_Unstable:          0 kB
Bounce:                0 kB
WritebackTmp:          0 kB
CommitLimit:     9202292 kB
Committed_AS:   73556788 kB
VmallocTotal:   263061440 kB
VmallocUsed:      106280 kB
VmallocChunk:          0 kB
Percpu:             7648 kB
CmaTotal:         294912 kB
CmaFree:               4 kB
MemTotal:       12113136 kB
MemFree:         4299044 kB
MemAvailable:    7655884 kB
Buffers:            6900 kB
Cached:          2518444 kB
SwapCached:            0 kB
Active:          1799476 kB
Inactive:        2141688 kB
Active(anon):    1425004 kB
Inactive(anon):    33848 kB
Active(file):     374472 kB
Inactive(file):  2107840 kB
Unevictable:        5564 kB
Mlocked:            5564 kB
SwapTotal:       3145724 kB
SwapFree:        3145724 kB
Dirty:               736 kB
Writeback:             0 kB
AnonPages:       1421432 kB
Mapped:           976492 kB
Shmem:             38556 kB
KReclaimable:    1743232 kB
Slab:             271340 kB
SReclaimable:     117204 kB
SUnreclaim:       154136 kB
KernelStack:       49104 kB
PageTables:        68596 kB
NFS_Unstable:          0 kB
Bounce:                0 kB
WritebackTmp:          0 kB
CommitLimit:     9202292 kB
Committed_AS:   73557040 kB
VmallocTotal:   263061440 kB
VmallocUsed:      106296 kB
VmallocChunk:          0 kB
Percpu:             7648 kB
CmaTotal:         294912 kB
CmaFree:               0 kB
MemTotal:       12113136 kB
MemFree:         4299524 kB
MemAvailable:    7656380 kB
Buffers:            6900 kB
Cached:          2518460 kB
SwapCached:            0 kB
Active:          1800152 kB
Inactive:        2141704 kB
Active(anon):    1425680 kB
Inactive(anon):    33848 kB
Active(file):     374472 kB
Inactive(file):  2107856 kB
Unevictable:        5564 kB
Mlocked:            5564 kB
SwapTotal:       3145724 kB
SwapFree:        3145724 kB
Dirty:               280 kB
Writeback:             0 kB
AnonPages:       1422112 kB
Mapped:           976496 kB
Shmem:             38556 kB
KReclaimable:    1743232 kB
Slab:             271300 kB
SReclaimable:     117204 kB
SUnreclaim:       154096 kB
KernelStack:       49056 kB
PageTables:        68480 kB
NFS_Unstable:          0 kB
Bounce:                0 kB
WritebackTmp:          0 kB
CommitLimit:     9202292 kB
Committed_AS:   73548872 kB
VmallocTotal:   263061440 kB
VmallocUsed:      106264 kB
VmallocChunk:          0 kB
Percpu:             7648 kB
CmaTotal:         294912 kB
CmaFree:               0 kB
MemTotal:       12113136 kB
MemFree:         4298964 kB
MemAvailable:    7655832 kB
Buffers:            6900 kB
Cached:          2518472 kB
SwapCached:            0 kB
Active:          1801424 kB
Inactive:        2141716 kB
Active(anon):    1426952 kB
Inactive(anon):    33848 kB
Active(file):     374472 kB
Inactive(file):  2107868 kB
Unevictable:        5564 kB
Mlocked:            5564 kB
SwapTotal:       3145724 kB
SwapFree:        3145724 kB
Dirty:               396 kB
Writeback:             0 kB
AnonPages:       1423372 kB
Mapped:           976500 kB
Shmem:             38556 kB
KReclaimable:    1743232 kB
Slab:             271284 kB
SReclaimable:     117204 kB
SUnreclaim:       154080 kB
KernelStack:       49056 kB
PageTables:        68480 kB
NFS_Unstable:          0 kB
Bounce:                0 kB
WritebackTmp:          0 kB
CommitLimit:     9202292 kB
Committed_AS:   73546116 kB
VmallocTotal:   263061440 kB
VmallocUsed:      106264 kB
VmallocChunk:          0 kB
Percpu:             7648 kB
CmaTotal:         294912 kB
CmaFree:               0 kB
MemTotal:       12113136 kB
MemFree:         4300612 kB
MemAvailable:    7657492 kB
Buffers:            6900 kB
Cached:          2518484 kB
SwapCached:            0 kB
Active:          1798388 kB
Inactive:        2141728 kB
Active(anon):    1423916 kB
Inactive(anon):    33848 kB
Active(file):     374472 kB
Inactive(file):  2107880 kB
Unevictable:        5564 kB
Mlocked:            5564 kB
SwapTotal:       3145724 kB
SwapFree:        3145724 kB
Dirty:               428 kB
Writeback:             0 kB
AnonPages:       1420340 kB
Mapped:           976500 kB
Shmem:             38556 kB
KReclaimable:    1743232 kB
Slab:             271292 kB
SReclaimable:     117204 kB
SUnreclaim:       154088 kB
KernelStack:       49088 kB
PageTables:        68496 kB
NFS_Unstable:          0 kB
Bounce:                0 kB
WritebackTmp:          0 kB
CommitLimit:     9202292 kB
Committed_AS:   73557500 kB
VmallocTotal:   263061440 kB
VmallocUsed:      106312 kB
VmallocChunk:          0 kB
Percpu:             7648 kB
CmaTotal:         294912 kB
CmaFree:              24 kB
MemTotal:       12113136 kB
MemFree:         4301160 kB
MemAvailable:    7658056 kB
Buffers:            6900 kB
Cached:          2518500 kB
SwapCached:            0 kB
Active:          1799768 kB
Inactive:        2141744 kB
Active(anon):    1425296 kB
Inactive(anon):    33848 kB
Active(file):     374472 kB
Inactive(file):  2107896 kB
Unevictable:        5564 kB
Mlocked:            5564 kB
SwapTotal:       3145724 kB
SwapFree:        3145724 kB
Dirty:               488 kB
Writeback:             0 kB
AnonPages:       1421708 kB
Mapped:           976504 kB
Shmem:             38556 kB
KReclaimable:    1743232 kB
Slab:             271292 kB
SReclaimable:     117204 kB
SUnreclaim:       154088 kB
KernelStack:       49072 kB
PageTables:        68612 kB
NFS_Unstable:          0 kB
Bounce:                0 kB
WritebackTmp:          0 kB
CommitLimit:     9202292 kB
Committed_AS:   73549328 kB
VmallocTotal:   263061440 kB
VmallocUsed:      106248 kB
VmallocChunk:          0 kB
Percpu:             7648 kB
CmaTotal:         294912 kB
CmaFree:               0 kB
MemTotal:       12113136 kB
MemFree:         4298436 kB
MemAvailable:    7655348 kB
Buffers:            6900 kB
Cached:          2518516 kB
SwapCached:            0 kB
Active:          1801520 kB
Inactive:        2141760 kB
Active(anon):    1427048 kB
Inactive(anon):    33848 kB
Active(file):     374472 kB
Inactive(file):  2107912 kB
Unevictable:        5564 kB
Mlocked:            5564 kB
SwapTotal:       3145724 kB
SwapFree:        3145724 kB
Dirty:               520 kB
Writeback:             0 kB
AnonPages:       1423132 kB
Mapped:           976504 kB
Shmem:             38556 kB
KReclaimable:    1743232 kB
Slab:             271292 kB
SReclaimable:     117204 kB
SUnreclaim:       154088 kB
KernelStack:       49104 kB
PageTables:        68548 kB
NFS_Unstable:          0 kB
Bounce:                0 kB
WritebackTmp:          0 kB
CommitLimit:     9202292 kB
Committed_AS:   73553312 kB
VmallocTotal:   263061440 kB
VmallocUsed:      106264 kB
VmallocChunk:          0 kB
Percpu:             7648 kB
CmaTotal:         294912 kB
CmaFree:               0 kB
MemTotal:       12113136 kB
MemFree:         4297272 kB
MemAvailable:    7654220 kB
Buffers:            6904 kB
Cached:          2518548 kB
SwapCached:            0 kB
Active:          1802320 kB
Inactive:        2141792 kB
Active(anon):    1427844 kB
Inactive(anon):    33848 kB
Active(file):     374476 kB
Inactive(file):  2107944 kB
Unevictable:        5564 kB
Mlocked:            5564 kB
SwapTotal:       3145724 kB
SwapFree:        3145724 kB
Dirty:               312 kB
Writeback:             0 kB
AnonPages:       1424416 kB
Mapped:           976504 kB
Shmem:             38556 kB
KReclaimable:    1743232 kB
Slab:             271320 kB
SReclaimable:     117204 kB
SUnreclaim:       154116 kB
KernelStack:       49104 kB
PageTables:        68580 kB
NFS_Unstable:          0 kB
Bounce:                0 kB
WritebackTmp:          0 kB
CommitLimit:     9202292 kB
Committed_AS:   73557920 kB
VmallocTotal:   263061440 kB
VmallocUsed:      106248 kB
VmallocChunk:          0 kB
Percpu:             7648 kB
CmaTotal:         294912 kB
CmaFree:               0 kB
MemTotal:       12113136 kB
MemFree:         4294744 kB
MemAvailable:    7651708 kB
Buffers:            6904 kB
Cached:          2518564 kB
SwapCached:            0 kB
Active:          1803736 kB
Inactive:        2141808 kB
Active(anon):    1429260 kB
Inactive(anon):    33848 kB
Active(file):     374476 kB
Inactive(file):  2107960 kB
Unevictable:        5564 kB
Mlocked:            5564 kB
SwapTotal:       3145724 kB
SwapFree:        3145724 kB
Dirty:               396 kB
Writeback:             0 kB
AnonPages:       1425708 kB
Mapped:           976508 kB
Shmem:             38556 kB
KReclaimable:    1743232 kB
Slab:             271320 kB
SReclaimable:     117204 kB
SUnreclaim:       154116 kB
KernelStack:       49104 kB
PageTables:        68576 kB
NFS_Unstable:          0 kB
Bounce:                0 kB
WritebackTmp:          0 kB
CommitLimit:     9202292 kB
Committed_AS:   73565568 kB
VmallocTotal:   263061440 kB
VmallocUsed:      106280 kB
VmallocChunk:          0 kB
Percpu:             7648 kB
CmaTotal:         294912 kB
CmaFree:               0 kB
MemTotal:       12113136 kB
MemFree:         4294300 kB
MemAvailable:    7651272 kB
Buffers:            6904 kB
Cached:          2518572 kB
SwapCached:            0 kB
Active:          1804476 kB
Inactive:        2141816 kB
Active(anon):    1430000 kB
Inactive(anon):    33848 kB
Active(file):     374476 kB
Inactive(file):  2107968 kB
Unevictable:        5564 kB
Mlocked:            5564 kB
SwapTotal:       3145724 kB
SwapFree:        3145724 kB
Dirty:               424 kB
Writeback:             0 kB
AnonPages:       1426536 kB
Mapped:           976636 kB
Shmem:             38556 kB
KReclaimable:    1743232 kB
Slab:             271312 kB
SReclaimable:     117204 kB
SUnreclaim:       154108 kB
KernelStack:       49104 kB
PageTables:        68572 kB
NFS_Unstable:          0 kB
Bounce:                0 kB
WritebackTmp:          0 kB
CommitLimit:     9202292 kB
Committed_AS:   73548936 kB
VmallocTotal:   263061440 kB
VmallocUsed:      106296 kB
VmallocChunk:          0 kB
Percpu:             7648 kB
CmaTotal:         294912 kB
CmaFree:               0 kB
MemTotal:       12113136 kB
MemFree:         4297448 kB
MemAvailable:    7654440 kB
Buffers:            6904 kB
Cached:          2518592 kB
SwapCached:            0 kB
Active:          1801924 kB
Inactive:        2141836 kB
Active(anon):    1427448 kB
Inactive(anon):    33848 kB
Active(file):     374476 kB
Inactive(file):  2107988 kB
Unevictable:        5564 kB
Mlocked:            5564 kB
SwapTotal:       3145724 kB
SwapFree:        3145724 kB
Dirty:               464 kB
Writeback:             0 kB
AnonPages:       1423948 kB
Mapped:           976524 kB
Shmem:             38556 kB
KReclaimable:    1743232 kB
Slab:             271312 kB
SReclaimable:     117204 kB
SUnreclaim:       154108 kB
KernelStack:       49104 kB
PageTables:        68552 kB
NFS_Unstable:          0 kB
Bounce:                0 kB
WritebackTmp:          0 kB
CommitLimit:     9202292 kB
Committed_AS:   73545288 kB
VmallocTotal:   263061440 kB
VmallocUsed:      106280 kB
VmallocChunk:          0 kB
Percpu:             7648 kB
CmaTotal:         294912 kB
CmaFree:               0 kB
MemTotal:       12113136 kB
MemFree:         4296612 kB
MemAvailable:    7653612 kB
Buffers:            6904 kB
Cached:          2518600 kB
SwapCached:            0 kB
Active:          1804332 kB
Inactive:        2141844 kB
Active(anon):    1429856 kB
Inactive(anon):    33848 kB
Active(file):     374476 kB
Inactive(file):  2107996 kB
Unevictable:        5564 kB
Mlocked:            5564 kB
SwapTotal:       3145724 kB
SwapFree:        3145724 kB
Dirty:               512 kB
Writeback:             0 kB
AnonPages:       1425904 kB
Mapped:           976520 kB
Shmem:             38556 kB
KReclaimable:    1743232 kB
Slab:             271320 kB
SReclaimable:     117204 kB
SUnreclaim:       154116 kB
KernelStack:       49104 kB
PageTables:        68588 kB
NFS_Unstable:          0 kB
Bounce:                0 kB
WritebackTmp:          0 kB
CommitLimit:     9202292 kB
Committed_AS:   73556844 kB
VmallocTotal:   263061440 kB
VmallocUsed:      106328 kB
VmallocChunk:          0 kB
Percpu:             7648 kB
CmaTotal:         294912 kB
CmaFree:               0 kB
MemTotal:       12113136 kB
MemFree:         4294008 kB
MemAvailable:    7651016 kB
Buffers:            6904 kB
Cached:          2518608 kB
SwapCached:            0 kB
Active:          1805192 kB
Inactive:        2141852 kB
Active(anon):    1430716 kB
Inactive(anon):    33848 kB
Active(file):     374476 kB
Inactive(file):  2108004 kB
Unevictable:        5564 kB
Mlocked:            5564 kB
SwapTotal:       3145724 kB
SwapFree:        3145724 kB
Dirty:               244 kB
Writeback:             0 kB
AnonPages:       1427268 kB
Mapped:           976552 kB
Shmem:             38556 kB
KReclaimable:    1743232 kB
Slab:             271272 kB
SReclaimable:     117204 kB
SUnreclaim:       154068 kB
KernelStack:       49088 kB
PageTables:        68496 kB
NFS_Unstable:          0 kB
Bounce:                0 kB
WritebackTmp:          0 kB
CommitLimit:     9202292 kB
Committed_AS:   73553944 kB
VmallocTotal:   263061440 kB
VmallocUsed:      106328 kB
VmallocChunk:          0 kB
Percpu:             7648 kB
CmaTotal:         294912 kB
CmaFree:               0 kB
MemTotal:       12113136 kB
MemFree:         4293048 kB
MemAvailable:    7650072 kB
Buffers:            6904 kB
Cached:          2518624 kB
SwapCached:            0 kB
Active:          1805904 kB
Inactive:        2141868 kB
Active(anon):    1431428 kB
Inactive(anon):    33848 kB
Active(file):     374476 kB
Inactive(file):  2108020 kB
Unevictable:        5564 kB
Mlocked:            5564 kB
SwapTotal:       3145724 kB
SwapFree:        3145724 kB
Dirty:               344 kB
Writeback:             0 kB
AnonPages:       1427732 kB
Mapped:           976548 kB
Shmem:             38556 kB
KReclaimable:    1743232 kB
Slab:             271288 kB
SReclaimable:     117204 kB
SUnreclaim:       154084 kB
KernelStack:       49072 kB
PageTables:        68452 kB
NFS_Unstable:          0 kB
Bounce:                0 kB
WritebackTmp:          0 kB
CommitLimit:     9202292 kB
Committed_AS:   73551388 kB
VmallocTotal:   263061440 kB
VmallocUsed:      106312 kB
VmallocChunk:          0 kB
Percpu:             7648 kB
CmaTotal:         294912 kB
CmaFree:               0 kB
MemTotal:       12113136 kB
MemFree:         4292096 kB
MemAvailable:    7649132 kB
Buffers:            6904 kB
Cached:          2518636 kB
SwapCached:            0 kB
Active:          1807336 kB
Inactive:        2141880 kB
Active(anon):    1432860 kB
Inactive(anon):    33848 kB
Active(file):     374476 kB
Inactive(file):  2108032 kB
Unevictable:        5564 kB
Mlocked:            5564 kB
SwapTotal:       3145724 kB
SwapFree:        3145724 kB
Dirty:               404 kB
Writeback:             0 kB
AnonPages:       1429048 kB
Mapped:           976656 kB
Shmem:             38556 kB
KReclaimable:    1743232 kB
Slab:             271288 kB
SReclaimable:     117204 kB
SUnreclaim:       154084 kB
KernelStack:       49104 kB
PageTables:        68576 kB
NFS_Unstable:          0 kB
Bounce:                0 kB
WritebackTmp:          0 kB
CommitLimit:     9202292 kB
Committed_AS:   73560576 kB
VmallocTotal:   263061440 kB
VmallocUsed:      106312 kB
VmallocChunk:          0 kB
Percpu:             7648 kB
CmaTotal:         294912 kB
CmaFree:               0 kB
MemTotal:       12113136 kB
MemFree:         4291876 kB
MemAvailable:    7648928 kB
Buffers:            6904 kB
Cached:          2518652 kB
SwapCached:            0 kB
Active:          1808012 kB
Inactive:        2141896 kB
Active(anon):    1433536 kB
Inactive(anon):    33848 kB
Active(file):     374476 kB
Inactive(file):  2108048 kB
Unevictable:        5564 kB
Mlocked:            5564 kB
SwapTotal:       3145724 kB
SwapFree:        3145724 kB
Dirty:               460 kB
Writeback:             0 kB
AnonPages:       1430220 kB
Mapped:           976536 kB
Shmem:             38556 kB
KReclaimable:    1743232 kB
Slab:             271288 kB
SReclaimable:     117204 kB
SUnreclaim:       154084 kB
KernelStack:       49056 kB
PageTables:        68484 kB
NFS_Unstable:          0 kB
Bounce:                0 kB
WritebackTmp:          0 kB
CommitLimit:     9202292 kB
Committed_AS:   73556372 kB
VmallocTotal:   263061440 kB
VmallocUsed:      106312 kB
VmallocChunk:          0 kB
Percpu:             7648 kB
CmaTotal:         294912 kB
CmaFree:               0 kB
MemTotal:       12113136 kB
MemFree:         4289640 kB
MemAvailable:    7646720 kB
Buffers:            6904 kB
Cached:          2518680 kB
SwapCached:            0 kB
Active:          1810364 kB
Inactive:        2141924 kB
Active(anon):    1435888 kB
Inactive(anon):    33848 kB
Active(file):     374476 kB
Inactive(file):  2108076 kB
Unevictable:        5564 kB
Mlocked:            5564 kB
SwapTotal:       3145724 kB
SwapFree:        3145724 kB
Dirty:               540 kB
Writeback:             0 kB
AnonPages:       1432408 kB
Mapped:           976540 kB
Shmem:             38556 kB
KReclaimable:    1743232 kB
Slab:             271300 kB
SReclaimable:     117204 kB
SUnreclaim:       154096 kB
KernelStack:       49088 kB
PageTables:        68584 kB
NFS_Unstable:          0 kB
Bounce:                0 kB
WritebackTmp:          0 kB
CommitLimit:     9202292 kB
Committed_AS:   73549828 kB
VmallocTotal:   263061440 kB
VmallocUsed:      106296 kB
VmallocChunk:          0 kB
Percpu:             7648 kB
CmaTotal:         294912 kB
CmaFree:               0 kB
MemTotal:       12113136 kB
MemFree:         4285040 kB
MemAvailable:    7642132 kB
Buffers:            6904 kB
Cached:          2518692 kB
SwapCached:            0 kB
Active:          1814724 kB
Inactive:        2141936 kB
Active(anon):    1440248 kB
Inactive(anon):    33848 kB
Active(file):     374476 kB
Inactive(file):  2108088 kB
Unevictable:        5564 kB
Mlocked:            5564 kB
SwapTotal:       3145724 kB
SwapFree:        3145724 kB
Dirty:               280 kB
Writeback:             0 kB
AnonPages:       1436808 kB
Mapped:           975524 kB
Shmem:             38556 kB
KReclaimable:    1743232 kB
Slab:             271300 kB
SReclaimable:     117204 kB
SUnreclaim:       154096 kB
KernelStack:       49072 kB
PageTables:        68612 kB
NFS_Unstable:          0 kB
Bounce:                0 kB
WritebackTmp:          0 kB
CommitLimit:     9202292 kB
Committed_AS:   73557268 kB
VmallocTotal:   263061440 kB
VmallocUsed:      106312 kB
VmallocChunk:          0 kB
Percpu:             7648 kB
CmaTotal:         294912 kB
CmaFree:               0 kB
MemTotal:       12113136 kB
MemFree:         4283588 kB
MemAvailable:    7640688 kB
Buffers:            6904 kB
Cached:          2518700 kB
SwapCached:            0 kB
Active:          1815800 kB
Inactive:        2141944 kB
Active(anon):    1441324 kB
Inactive(anon):    33848 kB
Active(file):     374476 kB
Inactive(file):  2108096 kB
Unevictable:        5564 kB
Mlocked:            5564 kB
SwapTotal:       3145724 kB
SwapFree:        3145724 kB
Dirty:               368 kB
Writeback:             0 kB
AnonPages:       1437772 kB
Mapped:           975544 kB
Shmem:             38556 kB
KReclaimable:    1743232 kB
Slab:             271300 kB
SReclaimable:     117204 kB
SUnreclaim:       154096 kB
KernelStack:       49088 kB
PageTables:        68512 kB
NFS_Unstable:          0 kB
Bounce:                0 kB
WritebackTmp:          0 kB
CommitLimit:     9202292 kB
Committed_AS:   73556568 kB
VmallocTotal:   263061440 kB
VmallocUsed:      106280 kB
VmallocChunk:          0 kB
Percpu:             7648 kB
CmaTotal:         294912 kB
CmaFree:               0 kB
MemTotal:       12113136 kB
MemFree:         4281944 kB
MemAvailable:    7639060 kB
Buffers:            6904 kB
Cached:          2518716 kB
SwapCached:            0 kB
Active:          1816624 kB
Inactive:        2141960 kB
Active(anon):    1442148 kB
Inactive(anon):    33848 kB
Active(file):     374476 kB
Inactive(file):  2108112 kB
Unevictable:        5564 kB
Mlocked:            5564 kB
SwapTotal:       3145724 kB
SwapFree:        3145724 kB
Dirty:               416 kB
Writeback:             0 kB
AnonPages:       1438592 kB
Mapped:           975540 kB
Shmem:             38556 kB
KReclaimable:    1743232 kB
Slab:             271300 kB
SReclaimable:     117204 kB
SUnreclaim:       154096 kB
KernelStack:       49056 kB
PageTables:        68480 kB
NFS_Unstable:          0 kB
Bounce:                0 kB
WritebackTmp:          0 kB
CommitLimit:     9202292 kB
Committed_AS:   73557560 kB
VmallocTotal:   263061440 kB
VmallocUsed:      106280 kB
VmallocChunk:          0 kB
Percpu:             7648 kB
CmaTotal:         294912 kB
CmaFree:               0 kB
MemTotal:       12113136 kB
MemFree:         4281596 kB
MemAvailable:    7638724 kB
Buffers:            6904 kB
Cached:          2518728 kB
SwapCached:            0 kB
Active:          1817756 kB
Inactive:        2141972 kB
Active(anon):    1443280 kB
Inactive(anon):    33848 kB
Active(file):     374476 kB
Inactive(file):  2108124 kB
Unevictable:        5564 kB
Mlocked:            5564 kB
SwapTotal:       3145724 kB
SwapFree:        3145724 kB
Dirty:               484 kB
Writeback:             0 kB
AnonPages:       1439716 kB
Mapped:           975536 kB
Shmem:             38556 kB
KReclaimable:    1743232 kB
Slab:             271300 kB
SReclaimable:     117204 kB
SUnreclaim:       154096 kB
KernelStack:       49072 kB
PageTables:        68580 kB
NFS_Unstable:          0 kB
Bounce:                0 kB
WritebackTmp:          0 kB
CommitLimit:     9202292 kB
Committed_AS:   73562732 kB
VmallocTotal:   263061440 kB
VmallocUsed:      106296 kB
VmallocChunk:          0 kB
Percpu:             7648 kB
CmaTotal:         294912 kB
CmaFree:               0 kB
MemTotal:       12113136 kB
MemFree:         4279296 kB
MemAvailable:    7636436 kB
Buffers:            6904 kB
Cached:          2518744 kB
SwapCached:            0 kB
Active:          1819636 kB
Inactive:        2141992 kB
Active(anon):    1445164 kB
Inactive(anon):    33852 kB
Active(file):     374472 kB
Inactive(file):  2108140 kB
Unevictable:        5564 kB
Mlocked:            5564 kB
SwapTotal:       3145724 kB
SwapFree:        3145724 kB
Dirty:               516 kB
Writeback:             0 kB
AnonPages:       1441600 kB
Mapped:           975544 kB
Shmem:             38560 kB
KReclaimable:    1743232 kB
Slab:             271300 kB
SReclaimable:     117204 kB
SUnreclaim:       154096 kB
KernelStack:       49056 kB
PageTables:        68480 kB
NFS_Unstable:          0 kB
Bounce:                0 kB
WritebackTmp:          0 kB
CommitLimit:     9202292 kB
Committed_AS:   73554772 kB
VmallocTotal:   263061440 kB
VmallocUsed:      106296 kB
VmallocChunk:          0 kB
Percpu:             7648 kB
CmaTotal:         294912 kB
CmaFree:               0 kB
MemTotal:       12113136 kB
MemFree:         4277908 kB
MemAvailable:    7635080 kB
Buffers:            6908 kB
Cached:          2518772 kB
SwapCached:            0 kB
Active:          1819956 kB
Inactive:        2142024 kB
Active(anon):    1445484 kB
Inactive(anon):    33852 kB
Active(file):     374472 kB
Inactive(file):  2108172 kB
Unevictable:        5564 kB
Mlocked:            5564 kB
SwapTotal:       3145724 kB
SwapFree:        3145724 kB
Dirty:               252 kB
Writeback:             0 kB
AnonPages:       1441788 kB
Mapped:           975512 kB
Shmem:             38560 kB
KReclaimable:    1743232 kB
Slab:             271292 kB
SReclaimable:     117204 kB
SUnreclaim:       154088 kB
KernelStack:       49136 kB
PageTables:        68584 kB
NFS_Unstable:          0 kB
Bounce:                0 kB
WritebackTmp:          0 kB
CommitLimit:     9202292 kB
Committed_AS:   73557748 kB
VmallocTotal:   263061440 kB
VmallocUsed:      106296 kB
VmallocChunk:          0 kB
Percpu:             7648 kB
CmaTotal:         294912 kB
CmaFree:               0 kB
MemTotal:       12113136 kB
MemFree:         4277988 kB
MemAvailable:    7635184 kB
Buffers:            6908 kB
Cached:          2518796 kB
SwapCached:            0 kB
Active:          1821200 kB
Inactive:        2142040 kB
Active(anon):    1446720 kB
Inactive(anon):    33852 kB
Active(file):     374480 kB
Inactive(file):  2108188 kB
Unevictable:        5564 kB
Mlocked:            5564 kB
SwapTotal:       3145724 kB
SwapFree:        3145724 kB
Dirty:               388 kB
Writeback:             0 kB
AnonPages:       1443144 kB
Mapped:           975572 kB
Shmem:             38560 kB
KReclaimable:    1743232 kB
Slab:             271300 kB
SReclaimable:     117204 kB
SUnreclaim:       154096 kB
KernelStack:       49056 kB
PageTables:        68480 kB
NFS_Unstable:          0 kB
Bounce:                0 kB
WritebackTmp:          0 kB
CommitLimit:     9202292 kB
Committed_AS:   73557752 kB
VmallocTotal:   263061440 kB
VmallocUsed:      106296 kB
VmallocChunk:          0 kB
Percpu:             7648 kB
CmaTotal:         294912 kB
CmaFree:               0 kB
MemTotal:       12113136 kB
MemFree:         4277364 kB
MemAvailable:    7634572 kB
Buffers:            6908 kB
Cached:          2518808 kB
SwapCached:            0 kB
Active:          1822420 kB
Inactive:        2142052 kB
Active(anon):    1447940 kB
Inactive(anon):    33852 kB
Active(file):     374480 kB
Inactive(file):  2108200 kB
Unevictable:        5564 kB
Mlocked:            5564 kB
SwapTotal:       3145724 kB
SwapFree:        3145724 kB
Dirty:               416 kB
Writeback:             0 kB
AnonPages:       1444404 kB
Mapped:           975604 kB
Shmem:             38560 kB
KReclaimable:    1743232 kB
Slab:             271292 kB
SReclaimable:     117204 kB
SUnreclaim:       154088 kB
KernelStack:       49072 kB
PageTables:        68456 kB
NFS_Unstable:          0 kB
Bounce:                0 kB
WritebackTmp:          0 kB
CommitLimit:     9202292 kB
Committed_AS:   73553168 kB
VmallocTotal:   263061440 kB
VmallocUsed:      106312 kB
VmallocChunk:          0 kB
Percpu:             7648 kB
CmaTotal:         294912 kB
CmaFree:               0 kB
MemTotal:       12113136 kB
MemFree:         4275304 kB
MemAvailable:    7632520 kB
Buffers:            6908 kB
Cached:          2518816 kB
SwapCached:            0 kB
Active:          1823332 kB
Inactive:        2142060 kB
Active(anon):    1448852 kB
Inactive(anon):    33852 kB
Active(file):     374480 kB
Inactive(file):  2108208 kB
Unevictable:        5564 kB
Mlocked:            5564 kB
SwapTotal:       3145724 kB
SwapFree:        3145724 kB
Dirty:               444 kB
Writeback:             0 kB
AnonPages:       1445184 kB
Mapped:           975628 kB
Shmem:             38560 kB
KReclaimable:    1743232 kB
Slab:             271292 kB
SReclaimable:     117204 kB
SUnreclaim:       154088 kB
KernelStack:       49056 kB
PageTables:        68480 kB
NFS_Unstable:          0 kB
Bounce:                0 kB
WritebackTmp:          0 kB
CommitLimit:     9202292 kB
Committed_AS:   73558168 kB
VmallocTotal:   263061440 kB
VmallocUsed:      106280 kB
VmallocChunk:          0 kB
Percpu:             7648 kB
CmaTotal:         294912 kB
CmaFree:               0 kB
MemTotal:       12113136 kB
MemFree:         4273380 kB
MemAvailable:    7630608 kB
Buffers:            6908 kB
Cached:          2518828 kB
SwapCached:            0 kB
Active:          1825720 kB
Inactive:        2142072 kB
Active(anon):    1451240 kB
Inactive(anon):    33852 kB
Active(file):     374480 kB
Inactive(file):  2108220 kB
Unevictable:        5564 kB
Mlocked:            5564 kB
SwapTotal:       3145724 kB
SwapFree:        3145724 kB
Dirty:               468 kB
Writeback:             0 kB
AnonPages:       1447492 kB
Mapped:           975844 kB
Shmem:             38560 kB
KReclaimable:    1743232 kB
Slab:             271292 kB
SReclaimable:     117204 kB
SUnreclaim:       154088 kB
KernelStack:       49140 kB
PageTables:        68756 kB
NFS_Unstable:          0 kB
Bounce:                0 kB
WritebackTmp:          0 kB
CommitLimit:     9202292 kB
Committed_AS:   73558312 kB
VmallocTotal:   263061440 kB
VmallocUsed:      106280 kB
VmallocChunk:          0 kB
Percpu:             7648 kB
CmaTotal:         294912 kB
CmaFree:               0 kB
MemTotal:       12113136 kB
MemFree:         4286048 kB
MemAvailable:    7643300 kB
Buffers:            6908 kB
Cached:          2518852 kB
SwapCached:            0 kB
Active:          1813636 kB
Inactive:        2142096 kB
Active(anon):    1439156 kB
Inactive(anon):    33852 kB
Active(file):     374480 kB
Inactive(file):  2108244 kB
Unevictable:        5564 kB
Mlocked:            5564 kB
SwapTotal:       3145724 kB
SwapFree:        3145724 kB
Dirty:               300 kB
Writeback:             0 kB
AnonPages:       1435624 kB
Mapped:           974992 kB
Shmem:             38560 kB
KReclaimable:    1743232 kB
Slab:             271300 kB
SReclaimable:     117204 kB
SUnreclaim:       154096 kB
KernelStack:       49104 kB
PageTables:        68588 kB
NFS_Unstable:          0 kB
Bounce:                0 kB
WritebackTmp:          0 kB
CommitLimit:     9202292 kB
Committed_AS:   73555320 kB
VmallocTotal:   263061440 kB
VmallocUsed:      106312 kB
VmallocChunk:          0 kB
Percpu:             7648 kB
CmaTotal:         294912 kB
CmaFree:               0 kB
MemTotal:       12113136 kB
MemFree:         4287724 kB
MemAvailable:    7644988 kB
Buffers:            6908 kB
Cached:          2518864 kB
SwapCached:            0 kB
Active:          1811128 kB
Inactive:        2142108 kB
Active(anon):    1436648 kB
Inactive(anon):    33852 kB
Active(file):     374480 kB
Inactive(file):  2108256 kB
Unevictable:        5564 kB
Mlocked:            5564 kB
SwapTotal:       3145724 kB
SwapFree:        3145724 kB
Dirty:               384 kB
Writeback:             0 kB
AnonPages:       1433092 kB
Mapped:           975024 kB
Shmem:             38560 kB
KReclaimable:    1743232 kB
Slab:             271292 kB
SReclaimable:     117204 kB
SUnreclaim:       154088 kB
KernelStack:       49088 kB
PageTables:        68456 kB
NFS_Unstable:          0 kB
Bounce:                0 kB
WritebackTmp:          0 kB
CommitLimit:     9202292 kB
Committed_AS:   73555180 kB
VmallocTotal:   263061440 kB
VmallocUsed:      106264 kB
VmallocChunk:          0 kB
Percpu:             7648 kB
CmaTotal:         294912 kB
CmaFree:               0 kB
MemTotal:       12113136 kB
MemFree:         4286180 kB
MemAvailable:    7643448 kB
Buffers:            6908 kB
Cached:          2518868 kB
SwapCached:            0 kB
Active:          1812152 kB
Inactive:        2142112 kB
Active(anon):    1437672 kB
Inactive(anon):    33852 kB
Active(file):     374480 kB
Inactive(file):  2108260 kB
Unevictable:        5564 kB
Mlocked:            5564 kB
SwapTotal:       3145724 kB
SwapFree:        3145724 kB
Dirty:               440 kB
Writeback:             0 kB
AnonPages:       1433988 kB
Mapped:           975168 kB
Shmem:             38560 kB
KReclaimable:    1743232 kB
Slab:             271308 kB
SReclaimable:     117204 kB
SUnreclaim:       154104 kB
KernelStack:       49072 kB
PageTables:        68364 kB
NFS_Unstable:          0 kB
Bounce:                0 kB
WritebackTmp:          0 kB
CommitLimit:     9202292 kB
Committed_AS:   73559200 kB
VmallocTotal:   263061440 kB
VmallocUsed:      106296 kB
VmallocChunk:          0 kB
Percpu:             7648 kB
CmaTotal:         294912 kB
CmaFree:               0 kB
MemTotal:       12113136 kB
MemFree:         4298552 kB
MemAvailable:    7655840 kB
Buffers:            6908 kB
Cached:          2518888 kB
SwapCached:            0 kB
Active:          1799756 kB
Inactive:        2142132 kB
Active(anon):    1425276 kB
Inactive(anon):    33852 kB
Active(file):     374480 kB
Inactive(file):  2108280 kB
Unevictable:        5564 kB
Mlocked:            5564 kB
SwapTotal:       3145724 kB
SwapFree:        3145724 kB
Dirty:               480 kB
Writeback:             0 kB
AnonPages:       1421936 kB
Mapped:           975064 kB
Shmem:             38560 kB
KReclaimable:    1743232 kB
Slab:             271300 kB
SReclaimable:     117204 kB
SUnreclaim:       154096 kB
KernelStack:       49168 kB
PageTables:        68580 kB
NFS_Unstable:          0 kB
Bounce:                0 kB
WritebackTmp:          0 kB
CommitLimit:     9202292 kB
Committed_AS:   73555292 kB
VmallocTotal:   263061440 kB
VmallocUsed:      106312 kB
VmallocChunk:          0 kB
Percpu:             7648 kB
CmaTotal:         294912 kB
CmaFree:              52 kB
MemTotal:       12113136 kB
MemFree:         4301556 kB
MemAvailable:    7658864 kB
Buffers:            6908 kB
Cached:          2518908 kB
SwapCached:            0 kB
Active:          1796480 kB
Inactive:        2142152 kB
Active(anon):    1422000 kB
Inactive(anon):    33852 kB
Active(file):     374480 kB
Inactive(file):  2108300 kB
Unevictable:        5564 kB
Mlocked:            5564 kB
SwapTotal:       3145724 kB
SwapFree:        3145724 kB
Dirty:               556 kB
Writeback:             0 kB
AnonPages:       1418440 kB
Mapped:           975140 kB
Shmem:             38560 kB
KReclaimable:    1743232 kB
Slab:             271300 kB
SReclaimable:     117204 kB
SUnreclaim:       154096 kB
KernelStack:       49104 kB
PageTables:        68444 kB
NFS_Unstable:          0 kB
Bounce:                0 kB
WritebackTmp:          0 kB
CommitLimit:     9202292 kB
Committed_AS:   73544816 kB
VmallocTotal:   263061440 kB
VmallocUsed:      106280 kB
VmallocChunk:          0 kB
Percpu:             7648 kB
CmaTotal:         294912 kB
CmaFree:               0 kB
MemTotal:       12113136 kB
MemFree:         4301972 kB
MemAvailable:    7659292 kB
Buffers:            6908 kB
Cached:          2518924 kB
SwapCached:            0 kB
Active:          1797608 kB
Inactive:        2142168 kB
Active(anon):    1423128 kB
Inactive(anon):    33856 kB
Active(file):     374480 kB
Inactive(file):  2108312 kB
Unevictable:        5564 kB
Mlocked:            5564 kB
SwapTotal:       3145724 kB
SwapFree:        3145724 kB
Dirty:               272 kB
Writeback:             0 kB
AnonPages:       1419524 kB
Mapped:           975276 kB
Shmem:             38564 kB
KReclaimable:    1743232 kB
Slab:             271300 kB
SReclaimable:     117204 kB
SUnreclaim:       154096 kB
KernelStack:       49136 kB
PageTables:        68552 kB
NFS_Unstable:          0 kB
Bounce:                0 kB
WritebackTmp:          0 kB
CommitLimit:     9202292 kB
Committed_AS:   73544560 kB
VmallocTotal:   263061440 kB
VmallocUsed:      106296 kB
VmallocChunk:          0 kB
Percpu:             7648 kB
CmaTotal:         294912 kB
CmaFree:               0 kB
MemTotal:       12113136 kB
MemFree:         4300020 kB
MemAvailable:    7657352 kB
Buffers:            6908 kB
Cached:          2518936 kB
SwapCached:            0 kB
Active:          1798264 kB
Inactive:        2142180 kB
Active(anon):    1423784 kB
Inactive(anon):    33856 kB
Active(file):     374480 kB
Inactive(file):  2108324 kB
Unevictable:        5564 kB
Mlocked:            5564 kB
SwapTotal:       3145724 kB
SwapFree:        3145724 kB
Dirty:               372 kB
Writeback:             0 kB
AnonPages:       1420188 kB
Mapped:           975188 kB
Shmem:             38564 kB
KReclaimable:    1743232 kB
Slab:             271300 kB
SReclaimable:     117204 kB
SUnreclaim:       154096 kB
KernelStack:       49088 kB
PageTables:        68480 kB
NFS_Unstable:          0 kB
Bounce:                0 kB
WritebackTmp:          0 kB
CommitLimit:     9202292 kB
Committed_AS:   73550348 kB
VmallocTotal:   263061440 kB
VmallocUsed:      106344 kB
VmallocChunk:          0 kB
Percpu:             7648 kB
CmaTotal:         294912 kB
CmaFree:               0 kB
MemTotal:       12113136 kB
MemFree:         4299704 kB
MemAvailable:    7657048 kB
Buffers:            6908 kB
Cached:          2518948 kB
SwapCached:            0 kB
Active:          1799720 kB
Inactive:        2142192 kB
Active(anon):    1425240 kB
Inactive(anon):    33856 kB
Active(file):     374480 kB
Inactive(file):  2108336 kB
Unevictable:        5564 kB
Mlocked:            5564 kB
SwapTotal:       3145724 kB
SwapFree:        3145724 kB
Dirty:               420 kB
Writeback:             0 kB
AnonPages:       1421724 kB
Mapped:           974960 kB
Shmem:             38564 kB
KReclaimable:    1743232 kB
Slab:             271300 kB
SReclaimable:     117204 kB
SUnreclaim:       154096 kB
KernelStack:       49136 kB
PageTables:        68496 kB
NFS_Unstable:          0 kB
Bounce:                0 kB
WritebackTmp:          0 kB
CommitLimit:     9202292 kB
Committed_AS:   73539912 kB
VmallocTotal:   263061440 kB
VmallocUsed:      106296 kB
VmallocChunk:          0 kB
Percpu:             7648 kB
CmaTotal:         294912 kB
CmaFree:               0 kB
MemTotal:       12113136 kB
MemFree:         4297432 kB
MemAvailable:    7654796 kB
Buffers:            6908 kB
Cached:          2518968 kB
SwapCached:            0 kB
Active:          1801056 kB
Inactive:        2142212 kB
Active(anon):    1426576 kB
Inactive(anon):    33856 kB
Active(file):     374480 kB
Inactive(file):  2108356 kB
Unevictable:        5564 kB
Mlocked:            5564 kB
SwapTotal:       3145724 kB
SwapFree:        3145724 kB
Dirty:               472 kB
Writeback:             0 kB
AnonPages:       1423016 kB
Mapped:           974992 kB
Shmem:             38564 kB
KReclaimable:    1743232 kB
Slab:             271300 kB
SReclaimable:     117204 kB
SUnreclaim:       154096 kB
KernelStack:       49104 kB
PageTables:        68476 kB
NFS_Unstable:          0 kB
Bounce:                0 kB
WritebackTmp:          0 kB
CommitLimit:     9202292 kB
Committed_AS:   73550452 kB
VmallocTotal:   263061440 kB
VmallocUsed:      106344 kB
VmallocChunk:          0 kB
Percpu:             7648 kB
CmaTotal:         294912 kB
CmaFree:               0 kB
MemTotal:       12113136 kB
MemFree:         4295932 kB
MemAvailable:    7653308 kB
Buffers:            6908 kB
Cached:          2518980 kB
SwapCached:            0 kB
Active:          1802676 kB
Inactive:        2142224 kB
Active(anon):    1428196 kB
Inactive(anon):    33856 kB
Active(file):     374480 kB
Inactive(file):  2108368 kB
Unevictable:        5564 kB
Mlocked:            5564 kB
SwapTotal:       3145724 kB
SwapFree:        3145724 kB
Dirty:               508 kB
Writeback:             0 kB
AnonPages:       1424636 kB
Mapped:           975024 kB
Shmem:             38564 kB
KReclaimable:    1743232 kB
Slab:             271292 kB
SReclaimable:     117204 kB
SUnreclaim:       154088 kB
KernelStack:       49152 kB
PageTables:        68556 kB
NFS_Unstable:          0 kB
Bounce:                0 kB
WritebackTmp:          0 kB
CommitLimit:     9202292 kB
Committed_AS:   73547880 kB
VmallocTotal:   263061440 kB
VmallocUsed:      106328 kB
VmallocChunk:          0 kB
Percpu:             7648 kB
CmaTotal:         294912 kB
CmaFree:               0 kB
MemTotal:       12113136 kB
MemFree:         4292744 kB
MemAvailable:    7650156 kB
Buffers:            6912 kB
Cached:          2519012 kB
SwapCached:            0 kB
Active:          1803908 kB
Inactive:        2142244 kB
Active(anon):    1429412 kB
Inactive(anon):    33856 kB
Active(file):     374496 kB
Inactive(file):  2108388 kB
Unevictable:        5564 kB
Mlocked:            5564 kB
SwapTotal:       3145724 kB
SwapFree:        3145724 kB
Dirty:               308 kB
Writeback:             0 kB
AnonPages:       1425940 kB
Mapped:           975052 kB
Shmem:             38564 kB
KReclaimable:    1743232 kB
Slab:             271308 kB
SReclaimable:     117204 kB
SUnreclaim:       154104 kB
KernelStack:       49184 kB
PageTables:        68616 kB
NFS_Unstable:          0 kB
Bounce:                0 kB
WritebackTmp:          0 kB
CommitLimit:     9202292 kB
Committed_AS:   73547240 kB
VmallocTotal:   263061440 kB
VmallocUsed:      106344 kB
VmallocChunk:          0 kB
Percpu:             7648 kB
CmaTotal:         294912 kB
CmaFree:               0 kB
MemTotal:       12113136 kB
MemFree:         4290428 kB
MemAvailable:    7647864 kB
Buffers:            6912 kB
Cached:          2519036 kB
SwapCached:            0 kB
Active:          1809044 kB
Inactive:        2142268 kB
Active(anon):    1434548 kB
Inactive(anon):    33856 kB
Active(file):     374496 kB
Inactive(file):  2108412 kB
Unevictable:        5564 kB
Mlocked:            5564 kB
SwapTotal:       3145724 kB
SwapFree:        3145724 kB
Dirty:               512 kB
Writeback:             0 kB
AnonPages:       1431024 kB
Mapped:           975084 kB
Shmem:             38564 kB
KReclaimable:    1743232 kB
Slab:             271340 kB
SReclaimable:     117204 kB
SUnreclaim:       154136 kB
KernelStack:       49136 kB
PageTables:        68528 kB
NFS_Unstable:          0 kB
Bounce:                0 kB
WritebackTmp:          0 kB
CommitLimit:     9202292 kB
Committed_AS:   73554392 kB
VmallocTotal:   263061440 kB
VmallocUsed:      106312 kB
VmallocChunk:          0 kB
Percpu:             7648 kB
CmaTotal:         294912 kB
CmaFree:               0 kB
MemTotal:       12113136 kB
MemFree:         4288628 kB
MemAvailable:    7646072 kB
Buffers:            6912 kB
Cached:          2519044 kB
SwapCached:            0 kB
Active:          1808856 kB
Inactive:        2142272 kB
Active(anon):    1434356 kB
Inactive(anon):    33856 kB
Active(file):     374500 kB
Inactive(file):  2108416 kB
Unevictable:        5564 kB
Mlocked:            5564 kB
SwapTotal:       3145724 kB
SwapFree:        3145724 kB
Dirty:               568 kB
Writeback:             0 kB
AnonPages:       1430940 kB
Mapped:           975116 kB
Shmem:             38564 kB
KReclaimable:    1743232 kB
Slab:             271340 kB
SReclaimable:     117204 kB
SUnreclaim:       154136 kB
KernelStack:       49104 kB
PageTables:        68476 kB
NFS_Unstable:          0 kB
Bounce:                0 kB
WritebackTmp:          0 kB
CommitLimit:     9202292 kB
Committed_AS:   73557164 kB
VmallocTotal:   263061440 kB
VmallocUsed:      106328 kB
VmallocChunk:          0 kB
Percpu:             7648 kB
CmaTotal:         294912 kB
CmaFree:               0 kB
MemTotal:       12113136 kB
MemFree:         4288120 kB
MemAvailable:    7645568 kB
Buffers:            6912 kB
Cached:          2519048 kB
SwapCached:            0 kB
Active:          1810968 kB
Inactive:        2142276 kB
Active(anon):    1436468 kB
Inactive(anon):    33856 kB
Active(file):     374500 kB
Inactive(file):  2108420 kB
Unevictable:        5564 kB
Mlocked:            5564 kB
SwapTotal:       3145724 kB
SwapFree:        3145724 kB
Dirty:               592 kB
Writeback:             0 kB
AnonPages:       1433040 kB
Mapped:           975144 kB
Shmem:             38564 kB
KReclaimable:    1743232 kB
Slab:             271340 kB
SReclaimable:     117204 kB
SUnreclaim:       154136 kB
KernelStack:       49104 kB
PageTables:        68476 kB
NFS_Unstable:          0 kB
Bounce:                0 kB
WritebackTmp:          0 kB
CommitLimit:     9202292 kB
Committed_AS:   73552564 kB
VmallocTotal:   263061440 kB
VmallocUsed:      106312 kB
VmallocChunk:          0 kB
Percpu:             7648 kB
CmaTotal:         294912 kB
CmaFree:               0 kB
MemTotal:       12113136 kB
MemFree:         4296484 kB
MemAvailable:    7653956 kB
Buffers:            6912 kB
Cached:          2519072 kB
SwapCached:            0 kB
Active:          1802920 kB
Inactive:        2142300 kB
Active(anon):    1428420 kB
Inactive(anon):    33856 kB
Active(file):     374500 kB
Inactive(file):  2108444 kB
Unevictable:        5564 kB
Mlocked:            5564 kB
SwapTotal:       3145724 kB
SwapFree:        3145724 kB
Dirty:               644 kB
Writeback:             0 kB
AnonPages:       1424848 kB
Mapped:           975180 kB
Shmem:             38564 kB
KReclaimable:    1743232 kB
Slab:             271340 kB
SReclaimable:     117204 kB
SUnreclaim:       154136 kB
KernelStack:       49152 kB
PageTables:        68480 kB
NFS_Unstable:          0 kB
Bounce:                0 kB
WritebackTmp:          0 kB
CommitLimit:     9202292 kB
Committed_AS:   73547300 kB
VmallocTotal:   263061440 kB
VmallocUsed:      106312 kB
VmallocChunk:          0 kB
Percpu:             7648 kB
CmaTotal:         294912 kB
CmaFree:              28 kB
MemTotal:       12113136 kB
MemFree:         4295408 kB
MemAvailable:    7652892 kB
Buffers:            6912 kB
Cached:          2519084 kB
SwapCached:            0 kB
Active:          1803840 kB
Inactive:        2142312 kB
Active(anon):    1429340 kB
Inactive(anon):    33856 kB
Active(file):     374500 kB
Inactive(file):  2108456 kB
Unevictable:        5564 kB
Mlocked:            5564 kB
SwapTotal:       3145724 kB
SwapFree:        3145724 kB
Dirty:               224 kB
Writeback:           224 kB
AnonPages:       1425748 kB
Mapped:           975232 kB
Shmem:             38564 kB
KReclaimable:    1743232 kB
Slab:             271412 kB
SReclaimable:     117204 kB
SUnreclaim:       154208 kB
KernelStack:       49136 kB
PageTables:        68500 kB
NFS_Unstable:          0 kB
Bounce:                0 kB
WritebackTmp:          0 kB
CommitLimit:     9202292 kB
Committed_AS:   73543620 kB
VmallocTotal:   263061440 kB
VmallocUsed:      106248 kB
VmallocChunk:          0 kB
Percpu:             7648 kB
CmaTotal:         294912 kB
CmaFree:               0 kB
MemTotal:       12113136 kB
MemFree:         4293960 kB
MemAvailable:    7651460 kB
Buffers:            6912 kB
Cached:          2519104 kB
SwapCached:            0 kB
Active:          1805200 kB
Inactive:        2142328 kB
Active(anon):    1430696 kB
Inactive(anon):    33860 kB
Active(file):     374504 kB
Inactive(file):  2108468 kB
Unevictable:        5564 kB
Mlocked:            5564 kB
SwapTotal:       3145724 kB
SwapFree:        3145724 kB
Dirty:               284 kB
Writeback:             0 kB
AnonPages:       1426848 kB
Mapped:           975292 kB
Shmem:             38568 kB
KReclaimable:    1743232 kB
Slab:             271276 kB
SReclaimable:     117204 kB
SUnreclaim:       154072 kB
KernelStack:       49136 kB
PageTables:        68520 kB
NFS_Unstable:          0 kB
Bounce:                0 kB
WritebackTmp:          0 kB
CommitLimit:     9202292 kB
Committed_AS:   73541708 kB
VmallocTotal:   263061440 kB
VmallocUsed:      106280 kB
VmallocChunk:          0 kB
Percpu:             7648 kB
CmaTotal:         294912 kB
CmaFree:               0 kB
MemTotal:       12113136 kB
MemFree:         4292616 kB
MemAvailable:    7650124 kB
Buffers:            6912 kB
Cached:          2519112 kB
SwapCached:            0 kB
Active:          1805468 kB
Inactive:        2142340 kB
Active(anon):    1430968 kB
Inactive(anon):    33860 kB
Active(file):     374500 kB
Inactive(file):  2108480 kB
Unevictable:        5564 kB
Mlocked:            5564 kB
SwapTotal:       3145724 kB
SwapFree:        3145724 kB
Dirty:               400 kB
Writeback:             0 kB
AnonPages:       1427484 kB
Mapped:           974508 kB
Shmem:             38568 kB
KReclaimable:    1743232 kB
Slab:             271300 kB
SReclaimable:     117204 kB
SUnreclaim:       154096 kB
KernelStack:       49104 kB
PageTables:        68584 kB
NFS_Unstable:          0 kB
Bounce:                0 kB
WritebackTmp:          0 kB
CommitLimit:     9202292 kB
Committed_AS:   73561092 kB
VmallocTotal:   263061440 kB
VmallocUsed:      106216 kB
VmallocChunk:          0 kB
Percpu:             7648 kB
CmaTotal:         294912 kB
CmaFree:               0 kB
MemTotal:       12113136 kB
MemFree:         4290932 kB
MemAvailable:    7648448 kB
Buffers:            6912 kB
Cached:          2519120 kB
SwapCached:            0 kB
Active:          1807188 kB
Inactive:        2142348 kB
Active(anon):    1432688 kB
Inactive(anon):    33860 kB
Active(file):     374500 kB
Inactive(file):  2108488 kB
Unevictable:        5564 kB
Mlocked:            5564 kB
SwapTotal:       3145724 kB
SwapFree:        3145724 kB
Dirty:               452 kB
Writeback:             0 kB
AnonPages:       1429056 kB
Mapped:           974544 kB
Shmem:             38568 kB
KReclaimable:    1743232 kB
Slab:             271308 kB
SReclaimable:     117204 kB
SUnreclaim:       154104 kB
KernelStack:       49056 kB
PageTables:        68484 kB
NFS_Unstable:          0 kB
Bounce:                0 kB
WritebackTmp:          0 kB
CommitLimit:     9202292 kB
Committed_AS:   73566640 kB
VmallocTotal:   263061440 kB
VmallocUsed:      106296 kB
