MemTotal:       12113136 kB
MemFree:         6330624 kB
MemAvailable:    8041796 kB
Buffers:            5344 kB
Cached:          1916808 kB
SwapCached:            0 kB
Active:          1617876 kB
Inactive:        1613904 kB
Active(anon):    1316212 kB
Inactive(anon):    23796 kB
Active(file):     301664 kB
Inactive(file):  1590108 kB
Unevictable:        5616 kB
Mlocked:            5616 kB
SwapTotal:       3145724 kB
SwapFree:        3145724 kB
Dirty:                64 kB
Writeback:             0 kB
AnonPages:       1315252 kB
Mapped:           892200 kB
Shmem:             25816 kB
KReclaimable:     688104 kB
Slab:             229596 kB
SReclaimable:      79940 kB
SUnreclaim:       149656 kB
KernelStack:       48744 kB
PageTables:        69016 kB
NFS_Unstable:          0 kB
Bounce:                0 kB
WritebackTmp:          0 kB
CommitLimit:     9202292 kB
Committed_AS:   76628200 kB
VmallocTotal:   263061440 kB
VmallocUsed:      105804 kB
VmallocChunk:          0 kB
Percpu:             7648 kB
CmaTotal:         294912 kB
CmaFree:             112 kB
MemTotal:       12113136 kB
MemFree:         6330812 kB
MemAvailable:    8042056 kB
Buffers:            5344 kB
Cached:          1916880 kB
SwapCached:            0 kB
Active:          1618560 kB
Inactive:        1613940 kB
Active(anon):    1316860 kB
Inactive(anon):    23796 kB
Active(file):     301700 kB
Inactive(file):  1590144 kB
Unevictable:        5616 kB
Mlocked:            5616 kB
SwapTotal:       3145724 kB
SwapFree:        3145724 kB
Dirty:               136 kB
Writeback:             0 kB
AnonPages:       1315984 kB
Mapped:           892048 kB
Shmem:             25816 kB
KReclaimable:     688104 kB
Slab:             229588 kB
SReclaimable:      79940 kB
SUnreclaim:       149648 kB
KernelStack:       48764 kB
PageTables:        68960 kB
NFS_Unstable:          0 kB
Bounce:                0 kB
WritebackTmp:          0 kB
CommitLimit:     9202292 kB
Committed_AS:   76627716 kB
VmallocTotal:   263061440 kB
VmallocUsed:      105788 kB
VmallocChunk:          0 kB
Percpu:             7648 kB
CmaTotal:         294912 kB
CmaFree:             116 kB
MemTotal:       12113136 kB
MemFree:         6329240 kB
MemAvailable:    8040500 kB
Buffers:            5344 kB
Cached:          1916896 kB
SwapCached:            0 kB
Active:          1619924 kB
Inactive:        1613948 kB
Active(anon):    1318216 kB
Inactive(anon):    23796 kB
Active(file):     301708 kB
Inactive(file):  1590152 kB
Unevictable:        5616 kB
Mlocked:            5616 kB
SwapTotal:       3145724 kB
SwapFree:        3145724 kB
Dirty:               192 kB
Writeback:             0 kB
AnonPages:       1317636 kB
Mapped:           892204 kB
Shmem:             25816 kB
KReclaimable:     688104 kB
Slab:             229596 kB
SReclaimable:      79940 kB
SUnreclaim:       149656 kB
KernelStack:       48768 kB
PageTables:        68856 kB
NFS_Unstable:          0 kB
Bounce:                0 kB
WritebackTmp:          0 kB
CommitLimit:     9202292 kB
Committed_AS:   76624416 kB
VmallocTotal:   263061440 kB
VmallocUsed:      105804 kB
VmallocChunk:          0 kB
Percpu:             7648 kB
CmaTotal:         294912 kB
CmaFree:               0 kB
MemTotal:       12113136 kB
MemFree:         6329008 kB
MemAvailable:    8040268 kB
Buffers:            5344 kB
Cached:          1916896 kB
SwapCached:            0 kB
Active:          1620320 kB
Inactive:        1613952 kB
Active(anon):    1318616 kB
Inactive(anon):    23796 kB
Active(file):     301704 kB
Inactive(file):  1590156 kB
Unevictable:        5616 kB
Mlocked:            5616 kB
SwapTotal:       3145724 kB
SwapFree:        3145724 kB
Dirty:               192 kB
Writeback:             0 kB
AnonPages:       1318112 kB
Mapped:           892228 kB
Shmem:             25816 kB
KReclaimable:     688104 kB
Slab:             229604 kB
SReclaimable:      79940 kB
SUnreclaim:       149664 kB
KernelStack:       48788 kB
PageTables:        68708 kB
NFS_Unstable:          0 kB
Bounce:                0 kB
WritebackTmp:          0 kB
CommitLimit:     9202292 kB
Committed_AS:   76623004 kB
VmallocTotal:   263061440 kB
VmallocUsed:      105804 kB
VmallocChunk:          0 kB
Percpu:             7648 kB
CmaTotal:         294912 kB
CmaFree:               0 kB
MemTotal:       12113136 kB
MemFree:         6328340 kB
MemAvailable:    8039628 kB
Buffers:            5344 kB
Cached:          1916928 kB
SwapCached:            0 kB
Active:          1621428 kB
Inactive:        1613980 kB
Active(anon):    1319720 kB
Inactive(anon):    23800 kB
Active(file):     301708 kB
Inactive(file):  1590180 kB
Unevictable:        5616 kB
Mlocked:            5616 kB
SwapTotal:       3145724 kB
SwapFree:        3145724 kB
Dirty:               248 kB
Writeback:             0 kB
AnonPages:       1318468 kB
Mapped:           892096 kB
Shmem:             25820 kB
KReclaimable:     688104 kB
Slab:             229620 kB
SReclaimable:      79940 kB
SUnreclaim:       149680 kB
KernelStack:       48720 kB
PageTables:        69116 kB
NFS_Unstable:          0 kB
Bounce:                0 kB
WritebackTmp:          0 kB
CommitLimit:     9202292 kB
Committed_AS:   76619900 kB
VmallocTotal:   263061440 kB
VmallocUsed:      105820 kB
VmallocChunk:          0 kB
Percpu:             7648 kB
CmaTotal:         294912 kB
CmaFree:               0 kB
MemTotal:       12113136 kB
MemFree:         6326528 kB
MemAvailable:    8037852 kB
Buffers:            5348 kB
Cached:          1916976 kB
SwapCached:            0 kB
Active:          1622240 kB
Inactive:        1614016 kB
Active(anon):    1320524 kB
Inactive(anon):    23808 kB
Active(file):     301716 kB
Inactive(file):  1590208 kB
Unevictable:        5616 kB
Mlocked:            5616 kB
SwapTotal:       3145724 kB
SwapFree:        3145724 kB
Dirty:               368 kB
Writeback:             0 kB
AnonPages:       1319492 kB
Mapped:           892104 kB
Shmem:             25828 kB
KReclaimable:     688104 kB
Slab:             229588 kB
SReclaimable:      79940 kB
SUnreclaim:       149648 kB
KernelStack:       48772 kB
PageTables:        69108 kB
NFS_Unstable:          0 kB
Bounce:                0 kB
WritebackTmp:          0 kB
CommitLimit:     9202292 kB
Committed_AS:   76623908 kB
VmallocTotal:   263061440 kB
VmallocUsed:      105836 kB
VmallocChunk:          0 kB
Percpu:             7648 kB
CmaTotal:         294912 kB
CmaFree:               0 kB
MemTotal:       12113136 kB
MemFree:         6324632 kB
MemAvailable:    8035968 kB
Buffers:            5348 kB
Cached:          1917000 kB
SwapCached:            0 kB
Active:          1622968 kB
Inactive:        1614048 kB
Active(anon):    1321252 kB
Inactive(anon):    23828 kB
Active(file):     301716 kB
Inactive(file):  1590220 kB
Unevictable:        5616 kB
Mlocked:            5616 kB
SwapTotal:       3145724 kB
SwapFree:        3145724 kB
Dirty:               328 kB
Writeback:             0 kB
AnonPages:       1320120 kB
Mapped:           892260 kB
Shmem:             25848 kB
KReclaimable:     688104 kB
Slab:             229572 kB
SReclaimable:      79940 kB
SUnreclaim:       149632 kB
KernelStack:       48820 kB
PageTables:        68764 kB
NFS_Unstable:          0 kB
Bounce:                0 kB
WritebackTmp:          0 kB
CommitLimit:     9202292 kB
Committed_AS:   76629184 kB
VmallocTotal:   263061440 kB
VmallocUsed:      105804 kB
VmallocChunk:          0 kB
Percpu:             7648 kB
CmaTotal:         294912 kB
CmaFree:               0 kB
MemTotal:       12113136 kB
MemFree:         6325624 kB
MemAvailable:    8036972 kB
Buffers:            5348 kB
Cached:          1917048 kB
SwapCached:            0 kB
Active:          1623540 kB
Inactive:        1614096 kB
Active(anon):    1321824 kB
Inactive(anon):    23864 kB
Active(file):     301716 kB
Inactive(file):  1590232 kB
Unevictable:        5616 kB
Mlocked:            5616 kB
SwapTotal:       3145724 kB
SwapFree:        3145724 kB
Dirty:               344 kB
Writeback:             0 kB
AnonPages:       1320628 kB
Mapped:           892232 kB
Shmem:             25884 kB
KReclaimable:     688104 kB
Slab:             229572 kB
SReclaimable:      79940 kB
SUnreclaim:       149632 kB
KernelStack:       48772 kB
PageTables:        69164 kB
NFS_Unstable:          0 kB
Bounce:                0 kB
WritebackTmp:          0 kB
CommitLimit:     9202292 kB
Committed_AS:   76629340 kB
VmallocTotal:   263061440 kB
VmallocUsed:      105820 kB
VmallocChunk:          0 kB
Percpu:             7648 kB
CmaTotal:         294912 kB
CmaFree:              16 kB
MemTotal:       12113136 kB
MemFree:         6324228 kB
MemAvailable:    8035596 kB
Buffers:            5348 kB
Cached:          1917068 kB
SwapCached:            0 kB
Active:          1624008 kB
Inactive:        1614112 kB
Active(anon):    1322288 kB
Inactive(anon):    23864 kB
Active(file):     301720 kB
Inactive(file):  1590248 kB
Unevictable:        5616 kB
Mlocked:            5616 kB
SwapTotal:       3145724 kB
SwapFree:        3145724 kB
Dirty:               376 kB
Writeback:             4 kB
AnonPages:       1321276 kB
Mapped:           892232 kB
Shmem:             25884 kB
KReclaimable:     688104 kB
Slab:             229548 kB
SReclaimable:      79940 kB
SUnreclaim:       149608 kB
KernelStack:       48772 kB
PageTables:        68764 kB
NFS_Unstable:          0 kB
Bounce:                0 kB
WritebackTmp:          0 kB
CommitLimit:     9202292 kB
Committed_AS:   76629232 kB
VmallocTotal:   263061440 kB
VmallocUsed:      105836 kB
VmallocChunk:          0 kB
Percpu:             7648 kB
CmaTotal:         294912 kB
CmaFree:              20 kB
MemTotal:       12113136 kB
MemFree:         6323112 kB
MemAvailable:    8034476 kB
Buffers:            5348 kB
Cached:          1917076 kB
SwapCached:            0 kB
Active:          1625368 kB
Inactive:        1614124 kB
Active(anon):    1323652 kB
Inactive(anon):    23876 kB
Active(file):     301716 kB
Inactive(file):  1590248 kB
Unevictable:        5616 kB
Mlocked:            5616 kB
SwapTotal:       3145724 kB
SwapFree:        3145724 kB
Dirty:               380 kB
Writeback:             0 kB
AnonPages:       1322848 kB
Mapped:           892240 kB
Shmem:             25896 kB
KReclaimable:     688104 kB
Slab:             229652 kB
SReclaimable:      79940 kB
SUnreclaim:       149712 kB
KernelStack:       48804 kB
PageTables:        68756 kB
NFS_Unstable:          0 kB
Bounce:                0 kB
WritebackTmp:          0 kB
CommitLimit:     9202292 kB
Committed_AS:   76624064 kB
VmallocTotal:   263061440 kB
VmallocUsed:      105804 kB
VmallocChunk:          0 kB
Percpu:             7648 kB
CmaTotal:         294912 kB
CmaFree:               0 kB
MemTotal:       12113136 kB
MemFree:         6322224 kB
MemAvailable:    8033612 kB
Buffers:            5348 kB
Cached:          1917164 kB
SwapCached:            0 kB
Active:          1626120 kB
Inactive:        1614212 kB
Active(anon):    1324404 kB
Inactive(anon):    23940 kB
Active(file):     301716 kB
Inactive(file):  1590272 kB
Unevictable:        5616 kB
Mlocked:            5616 kB
SwapTotal:       3145724 kB
SwapFree:        3145724 kB
Dirty:               404 kB
Writeback:             0 kB
AnonPages:       1323460 kB
Mapped:           892168 kB
Shmem:             25960 kB
KReclaimable:     688104 kB
Slab:             229588 kB
SReclaimable:      79940 kB
SUnreclaim:       149648 kB
KernelStack:       48756 kB
PageTables:        68784 kB
NFS_Unstable:          0 kB
Bounce:                0 kB
WritebackTmp:          0 kB
CommitLimit:     9202292 kB
Committed_AS:   76624672 kB
VmallocTotal:   263061440 kB
VmallocUsed:      105852 kB
VmallocChunk:          0 kB
Percpu:             7648 kB
CmaTotal:         294912 kB
CmaFree:               0 kB
MemTotal:       12113136 kB
MemFree:         6321764 kB
MemAvailable:    8033156 kB
Buffers:            5348 kB
Cached:          1917168 kB
SwapCached:            0 kB
Active:          1625820 kB
Inactive:        1614216 kB
Active(anon):    1324104 kB
Inactive(anon):    23940 kB
Active(file):     301716 kB
Inactive(file):  1590276 kB
Unevictable:        5616 kB
Mlocked:            5616 kB
SwapTotal:       3145724 kB
SwapFree:        3145724 kB
Dirty:               432 kB
Writeback:             0 kB
AnonPages:       1323408 kB
Mapped:           892316 kB
Shmem:             25960 kB
KReclaimable:     688104 kB
Slab:             229628 kB
SReclaimable:      79940 kB
SUnreclaim:       149688 kB
KernelStack:       48736 kB
PageTables:        68820 kB
NFS_Unstable:          0 kB
Bounce:                0 kB
WritebackTmp:          0 kB
CommitLimit:     9202292 kB
Committed_AS:   76619080 kB
VmallocTotal:   263061440 kB
VmallocUsed:      105852 kB
VmallocChunk:          0 kB
Percpu:             7648 kB
CmaTotal:         294912 kB
CmaFree:               0 kB
MemTotal:       12113136 kB
MemFree:         6321356 kB
MemAvailable:    8032764 kB
Buffers:            5348 kB
Cached:          1917184 kB
SwapCached:            0 kB
Active:          1626072 kB
Inactive:        1614228 kB
Active(anon):    1324352 kB
Inactive(anon):    23940 kB
Active(file):     301720 kB
Inactive(file):  1590288 kB
Unevictable:        5616 kB
Mlocked:            5616 kB
SwapTotal:       3145724 kB
SwapFree:        3145724 kB
Dirty:               244 kB
Writeback:             0 kB
AnonPages:       1323288 kB
Mapped:           892240 kB
Shmem:             25960 kB
KReclaimable:     688104 kB
Slab:             229540 kB
SReclaimable:      79940 kB
SUnreclaim:       149600 kB
KernelStack:       48772 kB
PageTables:        68764 kB
NFS_Unstable:          0 kB
Bounce:                0 kB
WritebackTmp:          0 kB
CommitLimit:     9202292 kB
Committed_AS:   76629228 kB
VmallocTotal:   263061440 kB
VmallocUsed:      105836 kB
VmallocChunk:          0 kB
Percpu:             7648 kB
CmaTotal:         294912 kB
CmaFree:             136 kB
MemTotal:       12113136 kB
MemFree:         6351264 kB
MemAvailable:    8062688 kB
Buffers:            5348 kB
Cached:          1917204 kB
SwapCached:            0 kB
Active:          1596272 kB
Inactive:        1614248 kB
Active(anon):    1294552 kB
Inactive(anon):    23944 kB
Active(file):     301720 kB
Inactive(file):  1590304 kB
Unevictable:        5616 kB
Mlocked:            5616 kB
SwapTotal:       3145724 kB
SwapFree:        3145724 kB
Dirty:               336 kB
Writeback:             0 kB
AnonPages:       1293476 kB
Mapped:           878624 kB
Shmem:             25964 kB
KReclaimable:     688104 kB
Slab:             229524 kB
SReclaimable:      79940 kB
SUnreclaim:       149584 kB
KernelStack:       48756 kB
PageTables:        69040 kB
NFS_Unstable:          0 kB
Bounce:                0 kB
WritebackTmp:          0 kB
CommitLimit:     9202292 kB
Committed_AS:   76624172 kB
VmallocTotal:   263061440 kB
VmallocUsed:      105836 kB
VmallocChunk:          0 kB
Percpu:             7648 kB
CmaTotal:         294912 kB
CmaFree:             764 kB
MemTotal:       12113136 kB
MemFree:         6315320 kB
MemAvailable:    8026756 kB
Buffers:            5348 kB
Cached:          1917196 kB
SwapCached:            0 kB
Active:          1635540 kB
Inactive:        1614232 kB
Active(anon):    1333820 kB
Inactive(anon):    23920 kB
Active(file):     301720 kB
Inactive(file):  1590312 kB
Unevictable:        5616 kB
Mlocked:            5616 kB
SwapTotal:       3145724 kB
SwapFree:        3145724 kB
Dirty:               356 kB
Writeback:            16 kB
AnonPages:       1332824 kB
Mapped:           878744 kB
Shmem:             25940 kB
KReclaimable:     688108 kB
Slab:             229552 kB
SReclaimable:      79944 kB
SUnreclaim:       149608 kB
KernelStack:       48736 kB
PageTables:        68788 kB
NFS_Unstable:          0 kB
Bounce:                0 kB
WritebackTmp:          0 kB
CommitLimit:     9202292 kB
Committed_AS:   76623876 kB
VmallocTotal:   263061440 kB
VmallocUsed:      105836 kB
VmallocChunk:          0 kB
Percpu:             7648 kB
CmaTotal:         294912 kB
CmaFree:               0 kB
MemTotal:       12113136 kB
MemFree:         6312408 kB
MemAvailable:    8023848 kB
Buffers:            5348 kB
Cached:          1917216 kB
SwapCached:            0 kB
Active:          1635600 kB
Inactive:        1614264 kB
Active(anon):    1333884 kB
Inactive(anon):    23944 kB
Active(file):     301716 kB
Inactive(file):  1590320 kB
Unevictable:        5616 kB
Mlocked:            5616 kB
SwapTotal:       3145724 kB
SwapFree:        3145724 kB
Dirty:               408 kB
Writeback:             0 kB
AnonPages:       1332760 kB
Mapped:           878692 kB
Shmem:             25964 kB
KReclaimable:     688108 kB
Slab:             229416 kB
SReclaimable:      79944 kB
SUnreclaim:       149472 kB
KernelStack:       48772 kB
PageTables:        69060 kB
NFS_Unstable:          0 kB
Bounce:                0 kB
WritebackTmp:          0 kB
CommitLimit:     9202292 kB
Committed_AS:   76629408 kB
VmallocTotal:   263061440 kB
VmallocUsed:      105884 kB
VmallocChunk:          0 kB
Percpu:             7648 kB
CmaTotal:         294912 kB
CmaFree:              24 kB
MemTotal:       12113136 kB
MemFree:         6327824 kB
MemAvailable:    8039608 kB
Buffers:            5348 kB
Cached:          1917276 kB
SwapCached:            0 kB
Active:          1618420 kB
Inactive:        1614316 kB
Active(anon):    1316696 kB
Inactive(anon):    23948 kB
Active(file):     301724 kB
Inactive(file):  1590368 kB
Unevictable:        5616 kB
Mlocked:            5616 kB
SwapTotal:       3145724 kB
SwapFree:        3145724 kB
Dirty:               488 kB
Writeback:             0 kB
AnonPages:       1315820 kB
Mapped:           878692 kB
Shmem:             25968 kB
KReclaimable:     688108 kB
Slab:             229328 kB
SReclaimable:      79944 kB
SUnreclaim:       149384 kB
KernelStack:       48848 kB
PageTables:        68776 kB
NFS_Unstable:          0 kB
Bounce:                0 kB
WritebackTmp:          0 kB
CommitLimit:     9202292 kB
Committed_AS:   76629100 kB
VmallocTotal:   263061440 kB
VmallocUsed:      105900 kB
VmallocChunk:          0 kB
Percpu:             7648 kB
CmaTotal:         294912 kB
CmaFree:               0 kB
MemTotal:       12113136 kB
MemFree:         6318256 kB
MemAvailable:    8029748 kB
Buffers:            5348 kB
Cached:          1917080 kB
SwapCached:            0 kB
Active:          1629380 kB
Inactive:        1614124 kB
Active(anon):    1327660 kB
Inactive(anon):    23756 kB
Active(file):     301720 kB
Inactive(file):  1590368 kB
Unevictable:        5616 kB
Mlocked:            5616 kB
SwapTotal:       3145724 kB
SwapFree:        3145724 kB
Dirty:               324 kB
Writeback:             0 kB
AnonPages:       1327012 kB
Mapped:           878508 kB
Shmem:             25776 kB
KReclaimable:     688108 kB
Slab:             229456 kB
SReclaimable:      79944 kB
SUnreclaim:       149512 kB
KernelStack:       48832 kB
PageTables:        68788 kB
NFS_Unstable:          0 kB
Bounce:                0 kB
WritebackTmp:          0 kB
CommitLimit:     9202292 kB
Committed_AS:   76636456 kB
VmallocTotal:   263061440 kB
VmallocUsed:      105916 kB
VmallocChunk:          0 kB
Percpu:             7648 kB
CmaTotal:         294912 kB
CmaFree:               0 kB
MemTotal:       12113136 kB
MemFree:         6318104 kB
MemAvailable:    8029600 kB
Buffers:            5348 kB
Cached:          1917276 kB
SwapCached:            0 kB
Active:          1631032 kB
Inactive:        1614320 kB
Active(anon):    1329312 kB
Inactive(anon):    23948 kB
Active(file):     301720 kB
Inactive(file):  1590372 kB
Unevictable:        5616 kB
Mlocked:            5616 kB
SwapTotal:       3145724 kB
SwapFree:        3145724 kB
Dirty:               336 kB
Writeback:             0 kB
AnonPages:       1328332 kB
Mapped:           878736 kB
Shmem:             25968 kB
KReclaimable:     688108 kB
Slab:             229416 kB
SReclaimable:      79944 kB
SUnreclaim:       149472 kB
KernelStack:       48864 kB
PageTables:        69132 kB
NFS_Unstable:          0 kB
Bounce:                0 kB
WritebackTmp:          0 kB
CommitLimit:     9202292 kB
Committed_AS:   76636188 kB
VmallocTotal:   263061440 kB
VmallocUsed:      105900 kB
VmallocChunk:          0 kB
Percpu:             7648 kB
CmaTotal:         294912 kB
CmaFree:               0 kB
MemTotal:       12113136 kB
MemFree:         6317676 kB
MemAvailable:    8029192 kB
Buffers:            5348 kB
Cached:          1917316 kB
SwapCached:            0 kB
Active:          1631508 kB
Inactive:        1614360 kB
Active(anon):    1329788 kB
Inactive(anon):    23968 kB
Active(file):     301720 kB
Inactive(file):  1590392 kB
Unevictable:        5616 kB
Mlocked:            5616 kB
SwapTotal:       3145724 kB
SwapFree:        3145724 kB
Dirty:               356 kB
Writeback:             0 kB
AnonPages:       1329024 kB
Mapped:           878720 kB
Shmem:             25988 kB
KReclaimable:     688108 kB
Slab:             229448 kB
SReclaimable:      79944 kB
SUnreclaim:       149504 kB
KernelStack:       48880 kB
PageTables:        68904 kB
NFS_Unstable:          0 kB
Bounce:                0 kB
WritebackTmp:          0 kB
CommitLimit:     9202292 kB
Committed_AS:   76626720 kB
VmallocTotal:   263061440 kB
VmallocUsed:      105884 kB
VmallocChunk:          0 kB
Percpu:             7648 kB
CmaTotal:         294912 kB
CmaFree:               0 kB
MemTotal:       12113136 kB
MemFree:         6318448 kB
MemAvailable:    8029988 kB
Buffers:            5356 kB
Cached:          1917332 kB
SwapCached:            0 kB
Active:          1629972 kB
Inactive:        1614380 kB
Active(anon):    1328248 kB
Inactive(anon):    23968 kB
Active(file):     301724 kB
Inactive(file):  1590412 kB
Unevictable:        5616 kB
Mlocked:            5616 kB
SwapTotal:       3145724 kB
SwapFree:        3145724 kB
Dirty:               384 kB
Writeback:             0 kB
AnonPages:       1327328 kB
Mapped:           878640 kB
Shmem:             25988 kB
KReclaimable:     688108 kB
Slab:             229456 kB
SReclaimable:      79944 kB
SUnreclaim:       149512 kB
KernelStack:       48868 kB
PageTables:        68800 kB
NFS_Unstable:          0 kB
Bounce:                0 kB
WritebackTmp:          0 kB
CommitLimit:     9202292 kB
Committed_AS:   76623408 kB
VmallocTotal:   263061440 kB
VmallocUsed:      105900 kB
VmallocChunk:          0 kB
Percpu:             7648 kB
CmaTotal:         294912 kB
CmaFree:             292 kB
MemTotal:       12113136 kB
MemFree:         6317572 kB
MemAvailable:    8029136 kB
Buffers:            5356 kB
Cached:          1917356 kB
SwapCached:            0 kB
Active:          1630504 kB
Inactive:        1614400 kB
Active(anon):    1328776 kB
Inactive(anon):    23968 kB
Active(file):     301728 kB
Inactive(file):  1590432 kB
Unevictable:        5616 kB
Mlocked:            5616 kB
SwapTotal:       3145724 kB
SwapFree:        3145724 kB
Dirty:               376 kB
Writeback:             0 kB
AnonPages:       1327848 kB
Mapped:           878648 kB
Shmem:             25988 kB
KReclaimable:     688108 kB
Slab:             229464 kB
SReclaimable:      79944 kB
SUnreclaim:       149520 kB
KernelStack:       48852 kB
PageTables:        69060 kB
NFS_Unstable:          0 kB
Bounce:                0 kB
WritebackTmp:          0 kB
CommitLimit:     9202292 kB
Committed_AS:   76633200 kB
VmallocTotal:   263061440 kB
VmallocUsed:      105932 kB
VmallocChunk:          0 kB
Percpu:             7648 kB
CmaTotal:         294912 kB
CmaFree:             160 kB
MemTotal:       12113136 kB
MemFree:         6317936 kB
MemAvailable:    8029508 kB
Buffers:            5356 kB
Cached:          1917364 kB
SwapCached:            0 kB
Active:          1630332 kB
Inactive:        1614408 kB
Active(anon):    1328604 kB
Inactive(anon):    23968 kB
Active(file):     301728 kB
Inactive(file):  1590440 kB
Unevictable:        5616 kB
Mlocked:            5616 kB
SwapTotal:       3145724 kB
SwapFree:        3145724 kB
Dirty:               388 kB
Writeback:             0 kB
AnonPages:       1328004 kB
Mapped:           878864 kB
Shmem:             25988 kB
KReclaimable:     688108 kB
Slab:             229440 kB
SReclaimable:      79944 kB
SUnreclaim:       149496 kB
KernelStack:       48868 kB
PageTables:        68808 kB
NFS_Unstable:          0 kB
Bounce:                0 kB
WritebackTmp:          0 kB
CommitLimit:     9202292 kB
Committed_AS:   76633024 kB
VmallocTotal:   263061440 kB
VmallocUsed:      105932 kB
VmallocChunk:          0 kB
Percpu:             7648 kB
CmaTotal:         294912 kB
CmaFree:               0 kB
MemTotal:       12113136 kB
MemFree:         6345640 kB
MemAvailable:    8057216 kB
Buffers:            5356 kB
Cached:          1917372 kB
SwapCached:            0 kB
Active:          1600716 kB
Inactive:        1614420 kB
Active(anon):    1298992 kB
Inactive(anon):    23972 kB
Active(file):     301724 kB
Inactive(file):  1590448 kB
Unevictable:        5616 kB
Mlocked:            5616 kB
SwapTotal:       3145724 kB
SwapFree:        3145724 kB
Dirty:               424 kB
Writeback:             0 kB
AnonPages:       1298212 kB
Mapped:           878724 kB
Shmem:             25992 kB
KReclaimable:     688108 kB
Slab:             229488 kB
SReclaimable:      79944 kB
SUnreclaim:       149544 kB
KernelStack:       48880 kB
PageTables:        68924 kB
NFS_Unstable:          0 kB
Bounce:                0 kB
WritebackTmp:          0 kB
CommitLimit:     9202292 kB
Committed_AS:   76628280 kB
VmallocTotal:   263061440 kB
VmallocUsed:      105868 kB
VmallocChunk:          0 kB
Percpu:             7648 kB
CmaTotal:         294912 kB
CmaFree:               0 kB
MemTotal:       12113136 kB
MemFree:         6346848 kB
MemAvailable:    8058448 kB
Buffers:            5356 kB
Cached:          1917400 kB
SwapCached:            0 kB
Active:          1600464 kB
Inactive:        1614444 kB
Active(anon):    1298736 kB
Inactive(anon):    23976 kB
Active(file):     301728 kB
Inactive(file):  1590468 kB
Unevictable:        5616 kB
Mlocked:            5616 kB
SwapTotal:       3145724 kB
SwapFree:        3145724 kB
Dirty:               492 kB
Writeback:             0 kB
AnonPages:       1297508 kB
Mapped:           878652 kB
Shmem:             25996 kB
KReclaimable:     688108 kB
Slab:             229456 kB
SReclaimable:      79944 kB
SUnreclaim:       149512 kB
KernelStack:       48884 kB
PageTables:        68840 kB
NFS_Unstable:          0 kB
Bounce:                0 kB
WritebackTmp:          0 kB
CommitLimit:     9202292 kB
Committed_AS:   76638132 kB
VmallocTotal:   263061440 kB
VmallocUsed:      105916 kB
VmallocChunk:          0 kB
Percpu:             7648 kB
CmaTotal:         294912 kB
CmaFree:              80 kB
MemTotal:       12113136 kB
MemFree:         6345196 kB
MemAvailable:    8056812 kB
Buffers:            5356 kB
Cached:          1917416 kB
SwapCached:            0 kB
Active:          1601124 kB
Inactive:        1614460 kB
Active(anon):    1299396 kB
Inactive(anon):    23976 kB
Active(file):     301728 kB
Inactive(file):  1590484 kB
Unevictable:        5616 kB
Mlocked:            5616 kB
SwapTotal:       3145724 kB
SwapFree:        3145724 kB
Dirty:               512 kB
Writeback:             0 kB
AnonPages:       1298776 kB
Mapped:           878656 kB
Shmem:             25996 kB
KReclaimable:     688108 kB
Slab:             229520 kB
SReclaimable:      79944 kB
SUnreclaim:       149576 kB
KernelStack:       48852 kB
PageTables:        69052 kB
NFS_Unstable:          0 kB
Bounce:                0 kB
WritebackTmp:          0 kB
CommitLimit:     9202292 kB
Committed_AS:   76630312 kB
VmallocTotal:   263061440 kB
VmallocUsed:      105948 kB
VmallocChunk:          0 kB
Percpu:             7648 kB
CmaTotal:         294912 kB
CmaFree:              88 kB
MemTotal:       12113136 kB
MemFree:         6345300 kB
MemAvailable:    8057012 kB
Buffers:            5356 kB
Cached:          1917416 kB
SwapCached:            0 kB
Active:          1601004 kB
Inactive:        1614460 kB
Active(anon):    1299276 kB
Inactive(anon):    23976 kB
Active(file):     301728 kB
Inactive(file):  1590484 kB
Unevictable:        5616 kB
Mlocked:            5616 kB
SwapTotal:       3145724 kB
SwapFree:        3145724 kB
Dirty:               272 kB
Writeback:             0 kB
AnonPages:       1298284 kB
Mapped:           878656 kB
Shmem:             25996 kB
KReclaimable:     688108 kB
Slab:             229488 kB
SReclaimable:      79944 kB
SUnreclaim:       149544 kB
KernelStack:       48816 kB
PageTables:        69072 kB
NFS_Unstable:          0 kB
Bounce:                0 kB
WritebackTmp:          0 kB
CommitLimit:     9202292 kB
Committed_AS:   76634216 kB
VmallocTotal:   263061440 kB
VmallocUsed:      105948 kB
VmallocChunk:          0 kB
Percpu:             7648 kB
CmaTotal:         294912 kB
CmaFree:               0 kB
MemTotal:       12113136 kB
MemFree:         6344312 kB
MemAvailable:    8055948 kB
Buffers:            5356 kB
Cached:          1917436 kB
SwapCached:            0 kB
Active:          1602008 kB
Inactive:        1614480 kB
Active(anon):    1300280 kB
Inactive(anon):    23976 kB
Active(file):     301728 kB
Inactive(file):  1590504 kB
Unevictable:        5616 kB
Mlocked:            5616 kB
SwapTotal:       3145724 kB
SwapFree:        3145724 kB
Dirty:               280 kB
Writeback:             0 kB
AnonPages:       1299300 kB
Mapped:           878656 kB
Shmem:             25996 kB
KReclaimable:     688108 kB
Slab:             229464 kB
SReclaimable:      79944 kB
SUnreclaim:       149520 kB
KernelStack:       48852 kB
PageTables:        68724 kB
NFS_Unstable:          0 kB
Bounce:                0 kB
WritebackTmp:          0 kB
CommitLimit:     9202292 kB
Committed_AS:   76634092 kB
VmallocTotal:   263061440 kB
VmallocUsed:      105932 kB
VmallocChunk:          0 kB
Percpu:             7648 kB
CmaTotal:         294912 kB
CmaFree:               0 kB
MemTotal:       12113136 kB
MemFree:         6343624 kB
MemAvailable:    8055292 kB
Buffers:            5356 kB
Cached:          1917468 kB
SwapCached:            0 kB
Active:          1603020 kB
Inactive:        1614512 kB
Active(anon):    1301292 kB
Inactive(anon):    23976 kB
Active(file):     301728 kB
Inactive(file):  1590536 kB
Unevictable:        5616 kB
Mlocked:            5616 kB
SwapTotal:       3145724 kB
SwapFree:        3145724 kB
Dirty:               336 kB
Writeback:             0 kB
AnonPages:       1300372 kB
Mapped:           878764 kB
Shmem:             25996 kB
KReclaimable:     688108 kB
Slab:             229512 kB
SReclaimable:      79944 kB
SUnreclaim:       149568 kB
KernelStack:       48884 kB
PageTables:        69124 kB
NFS_Unstable:          0 kB
Bounce:                0 kB
WritebackTmp:          0 kB
CommitLimit:     9202292 kB
Committed_AS:   76629512 kB
VmallocTotal:   263061440 kB
VmallocUsed:      105948 kB
VmallocChunk:          0 kB
Percpu:             7648 kB
CmaTotal:         294912 kB
CmaFree:              32 kB
MemTotal:       12113136 kB
MemFree:         6343544 kB
MemAvailable:    8055196 kB
Buffers:            5356 kB
Cached:          1917456 kB
SwapCached:            0 kB
Active:          1603756 kB
Inactive:        1614500 kB
Active(anon):    1302028 kB
Inactive(anon):    23980 kB
Active(file):     301728 kB
Inactive(file):  1590520 kB
Unevictable:        5616 kB
Mlocked:            5616 kB
SwapTotal:       3145724 kB
SwapFree:        3145724 kB
Dirty:               364 kB
Writeback:             0 kB
AnonPages:       1300876 kB
Mapped:           878728 kB
Shmem:             26000 kB
KReclaimable:     688108 kB
Slab:             229480 kB
SReclaimable:      79944 kB
SUnreclaim:       149536 kB
KernelStack:       48852 kB
PageTables:        68736 kB
NFS_Unstable:          0 kB
Bounce:                0 kB
WritebackTmp:          0 kB
CommitLimit:     9202292 kB
Committed_AS:   76630104 kB
VmallocTotal:   263061440 kB
VmallocUsed:      105916 kB
VmallocChunk:          0 kB
Percpu:             7648 kB
CmaTotal:         294912 kB
CmaFree:               0 kB
MemTotal:       12113136 kB
MemFree:         6342560 kB
MemAvailable:    8054244 kB
Buffers:            5356 kB
Cached:          1917492 kB
SwapCached:            0 kB
Active:          1604312 kB
Inactive:        1614536 kB
Active(anon):    1302584 kB
Inactive(anon):    23984 kB
Active(file):     301728 kB
Inactive(file):  1590552 kB
Unevictable:        5616 kB
Mlocked:            5616 kB
SwapTotal:       3145724 kB
SwapFree:        3145724 kB
Dirty:               432 kB
Writeback:             0 kB
AnonPages:       1301528 kB
Mapped:           878664 kB
Shmem:             26004 kB
KReclaimable:     688108 kB
Slab:             229472 kB
SReclaimable:      79944 kB
SUnreclaim:       149528 kB
KernelStack:       48868 kB
PageTables:        68792 kB
NFS_Unstable:          0 kB
Bounce:                0 kB
WritebackTmp:          0 kB
CommitLimit:     9202292 kB
Committed_AS:   76634796 kB
VmallocTotal:   263061440 kB
VmallocUsed:      105916 kB
VmallocChunk:          0 kB
Percpu:             7648 kB
CmaTotal:         294912 kB
CmaFree:               0 kB
MemTotal:       12113136 kB
MemFree:         6342604 kB
MemAvailable:    8054300 kB
Buffers:            5356 kB
Cached:          1917508 kB
SwapCached:            0 kB
Active:          1605012 kB
Inactive:        1614552 kB
Active(anon):    1303284 kB
Inactive(anon):    23988 kB
Active(file):     301728 kB
Inactive(file):  1590564 kB
Unevictable:        5616 kB
Mlocked:            5616 kB
SwapTotal:       3145724 kB
SwapFree:        3145724 kB
Dirty:               444 kB
Writeback:             0 kB
AnonPages:       1302536 kB
Mapped:           878612 kB
Shmem:             26008 kB
KReclaimable:     688108 kB
Slab:             229456 kB
SReclaimable:      79944 kB
SUnreclaim:       149512 kB
KernelStack:       48816 kB
PageTables:        68820 kB
NFS_Unstable:          0 kB
Bounce:                0 kB
WritebackTmp:          0 kB
CommitLimit:     9202292 kB
Committed_AS:   76634536 kB
VmallocTotal:   263061440 kB
VmallocUsed:      105884 kB
VmallocChunk:          0 kB
Percpu:             7648 kB
CmaTotal:         294912 kB
CmaFree:               0 kB
MemTotal:       12113136 kB
MemFree:         6342432 kB
MemAvailable:    8054136 kB
Buffers:            5356 kB
Cached:          1917520 kB
SwapCached:            0 kB
Active:          1605456 kB
Inactive:        1614564 kB
Active(anon):    1303728 kB
Inactive(anon):    23992 kB
Active(file):     301728 kB
Inactive(file):  1590572 kB
Unevictable:        5616 kB
Mlocked:            5616 kB
SwapTotal:       3145724 kB
SwapFree:        3145724 kB
Dirty:               280 kB
Writeback:             0 kB
AnonPages:       1303060 kB
Mapped:           878708 kB
Shmem:             26012 kB
KReclaimable:     688108 kB
Slab:             229480 kB
SReclaimable:      79944 kB
SUnreclaim:       149536 kB
KernelStack:       48884 kB
PageTables:        69048 kB
NFS_Unstable:          0 kB
Bounce:                0 kB
WritebackTmp:          0 kB
CommitLimit:     9202292 kB
Committed_AS:   76634556 kB
VmallocTotal:   263061440 kB
VmallocUsed:      105884 kB
VmallocChunk:          0 kB
Percpu:             7648 kB
CmaTotal:         294912 kB
CmaFree:              12 kB
MemTotal:       12113136 kB
MemFree:         6340900 kB
MemAvailable:    8052620 kB
Buffers:            5356 kB
Cached:          1917536 kB
SwapCached:            0 kB
Active:          1606000 kB
Inactive:        1614580 kB
Active(anon):    1304272 kB
Inactive(anon):    23992 kB
Active(file):     301728 kB
Inactive(file):  1590588 kB
Unevictable:        5616 kB
Mlocked:            5616 kB
SwapTotal:       3145724 kB
SwapFree:        3145724 kB
Dirty:               336 kB
Writeback:             0 kB
AnonPages:       1303584 kB
Mapped:           878664 kB
Shmem:             26012 kB
KReclaimable:     688108 kB
Slab:             229464 kB
SReclaimable:      79944 kB
SUnreclaim:       149520 kB
KernelStack:       48868 kB
PageTables:        69052 kB
NFS_Unstable:          0 kB
Bounce:                0 kB
WritebackTmp:          0 kB
CommitLimit:     9202292 kB
Committed_AS:   76634528 kB
VmallocTotal:   263061440 kB
VmallocUsed:      105916 kB
VmallocChunk:          0 kB
Percpu:             7648 kB
CmaTotal:         294912 kB
CmaFree:               0 kB
MemTotal:       12113136 kB
MemFree:         6340836 kB
MemAvailable:    8052560 kB
Buffers:            5356 kB
Cached:          1917540 kB
SwapCached:            0 kB
Active:          1606700 kB
Inactive:        1614584 kB
Active(anon):    1304972 kB
Inactive(anon):    23992 kB
Active(file):     301728 kB
Inactive(file):  1590592 kB
Unevictable:        5616 kB
Mlocked:            5616 kB
SwapTotal:       3145724 kB
SwapFree:        3145724 kB
Dirty:               340 kB
Writeback:             0 kB
AnonPages:       1304092 kB
Mapped:           878744 kB
Shmem:             26012 kB
KReclaimable:     688108 kB
Slab:             229528 kB
SReclaimable:      79944 kB
SUnreclaim:       149584 kB
KernelStack:       48848 kB
PageTables:        68880 kB
NFS_Unstable:          0 kB
Bounce:                0 kB
WritebackTmp:          0 kB
CommitLimit:     9202292 kB
Committed_AS:   76634848 kB
VmallocTotal:   263061440 kB
VmallocUsed:      105900 kB
VmallocChunk:          0 kB
Percpu:             7648 kB
CmaTotal:         294912 kB
CmaFree:               0 kB
MemTotal:       12113136 kB
MemFree:         6340252 kB
MemAvailable:    8052004 kB
Buffers:            5360 kB
Cached:          1917564 kB
SwapCached:            0 kB
Active:          1607332 kB
Inactive:        1614608 kB
Active(anon):    1305600 kB
Inactive(anon):    23992 kB
Active(file):     301732 kB
Inactive(file):  1590616 kB
Unevictable:        5616 kB
Mlocked:            5616 kB
SwapTotal:       3145724 kB
SwapFree:        3145724 kB
Dirty:               388 kB
Writeback:             0 kB
AnonPages:       1304584 kB
Mapped:           878744 kB
Shmem:             26012 kB
KReclaimable:     688108 kB
Slab:             229496 kB
SReclaimable:      79944 kB
SUnreclaim:       149552 kB
KernelStack:       48868 kB
PageTables:        68712 kB
NFS_Unstable:          0 kB
Bounce:                0 kB
WritebackTmp:          0 kB
CommitLimit:     9202292 kB
Committed_AS:   76634804 kB
VmallocTotal:   263061440 kB
VmallocUsed:      105916 kB
VmallocChunk:          0 kB
Percpu:             7648 kB
CmaTotal:         294912 kB
CmaFree:               0 kB
MemTotal:       12113136 kB
MemFree:         6339796 kB
MemAvailable:    8051576 kB
Buffers:            5360 kB
Cached:          1917596 kB
SwapCached:            0 kB
Active:          1608028 kB
Inactive:        1614640 kB
Active(anon):    1306296 kB
Inactive(anon):    23996 kB
Active(file):     301732 kB
Inactive(file):  1590644 kB
Unevictable:        5616 kB
Mlocked:            5616 kB
SwapTotal:       3145724 kB
SwapFree:        3145724 kB
Dirty:               408 kB
Writeback:             0 kB
AnonPages:       1305472 kB
Mapped:           878620 kB
Shmem:             26016 kB
KReclaimable:     688108 kB
Slab:             229464 kB
SReclaimable:      79944 kB
SUnreclaim:       149520 kB
KernelStack:       48832 kB
PageTables:        68820 kB
NFS_Unstable:          0 kB
Bounce:                0 kB
WritebackTmp:          0 kB
CommitLimit:     9202292 kB
Committed_AS:   76629940 kB
VmallocTotal:   263061440 kB
VmallocUsed:      105884 kB
VmallocChunk:          0 kB
Percpu:             7648 kB
CmaTotal:         294912 kB
CmaFree:               0 kB
MemTotal:       12113136 kB
MemFree:         6338164 kB
MemAvailable:    8049948 kB
Buffers:            5360 kB
Cached:          1917600 kB
SwapCached:            0 kB
Active:          1608572 kB
Inactive:        1614644 kB
Active(anon):    1306840 kB
Inactive(anon):    23996 kB
Active(file):     301732 kB
Inactive(file):  1590648 kB
Unevictable:        5616 kB
Mlocked:            5616 kB
SwapTotal:       3145724 kB
SwapFree:        3145724 kB
Dirty:               412 kB
Writeback:             0 kB
AnonPages:       1305868 kB
Mapped:           878748 kB
Shmem:             26016 kB
KReclaimable:     688108 kB
Slab:             229512 kB
SReclaimable:      79944 kB
SUnreclaim:       149568 kB
KernelStack:       48868 kB
PageTables:        69108 kB
NFS_Unstable:          0 kB
Bounce:                0 kB
WritebackTmp:          0 kB
CommitLimit:     9202292 kB
Committed_AS:   76635152 kB
VmallocTotal:   263061440 kB
VmallocUsed:      105900 kB
VmallocChunk:          0 kB
Percpu:             7648 kB
CmaTotal:         294912 kB
CmaFree:               4 kB
MemTotal:       12113136 kB
MemFree:         6336960 kB
MemAvailable:    8048760 kB
Buffers:            5360 kB
Cached:          1917624 kB
SwapCached:            0 kB
Active:          1609528 kB
Inactive:        1614668 kB
Active(anon):    1307796 kB
Inactive(anon):    24004 kB
Active(file):     301732 kB
Inactive(file):  1590664 kB
Unevictable:        5616 kB
Mlocked:            5616 kB
SwapTotal:       3145724 kB
SwapFree:        3145724 kB
Dirty:               432 kB
Writeback:             0 kB
AnonPages:       1306588 kB
Mapped:           878776 kB
Shmem:             26024 kB
KReclaimable:     688108 kB
Slab:             229528 kB
SReclaimable:      79944 kB
SUnreclaim:       149584 kB
KernelStack:       48852 kB
PageTables:        69084 kB
NFS_Unstable:          0 kB
Bounce:                0 kB
WritebackTmp:          0 kB
CommitLimit:     9202292 kB
Committed_AS:   76635256 kB
VmallocTotal:   263061440 kB
VmallocUsed:      105916 kB
VmallocChunk:          0 kB
Percpu:             7648 kB
CmaTotal:         294912 kB
CmaFree:               0 kB
MemTotal:       12113136 kB
MemFree:         6337380 kB
MemAvailable:    8049188 kB
Buffers:            5360 kB
Cached:          1917636 kB
SwapCached:            0 kB
Active:          1610004 kB
Inactive:        1614676 kB
Active(anon):    1308272 kB
Inactive(anon):    24004 kB
Active(file):     301732 kB
Inactive(file):  1590672 kB
Unevictable:        5616 kB
Mlocked:            5616 kB
SwapTotal:       3145724 kB
SwapFree:        3145724 kB
Dirty:               460 kB
Writeback:             0 kB
AnonPages:       1307208 kB
Mapped:           878828 kB
Shmem:             26024 kB
KReclaimable:     688108 kB
Slab:             229456 kB
SReclaimable:      79944 kB
SUnreclaim:       149512 kB
KernelStack:       48884 kB
PageTables:        69180 kB
NFS_Unstable:          0 kB
Bounce:                0 kB
WritebackTmp:          0 kB
CommitLimit:     9202292 kB
Committed_AS:   76635256 kB
VmallocTotal:   263061440 kB
VmallocUsed:      105884 kB
VmallocChunk:          0 kB
Percpu:             7648 kB
CmaTotal:         294912 kB
CmaFree:               0 kB
MemTotal:       12113136 kB
MemFree:         6336208 kB
MemAvailable:    8048028 kB
Buffers:            5360 kB
Cached:          1917644 kB
SwapCached:            0 kB
Active:          1610300 kB
Inactive:        1614688 kB
Active(anon):    1308568 kB
Inactive(anon):    24004 kB
Active(file):     301732 kB
Inactive(file):  1590684 kB
Unevictable:        5616 kB
Mlocked:            5616 kB
SwapTotal:       3145724 kB
SwapFree:        3145724 kB
Dirty:               472 kB
Writeback:             0 kB
AnonPages:       1307828 kB
Mapped:           878824 kB
Shmem:             26024 kB
KReclaimable:     688108 kB
Slab:             229488 kB
SReclaimable:      79944 kB
SUnreclaim:       149544 kB
KernelStack:       48884 kB
PageTables:        68740 kB
NFS_Unstable:          0 kB
Bounce:                0 kB
WritebackTmp:          0 kB
CommitLimit:     9202292 kB
Committed_AS:   76630040 kB
VmallocTotal:   263061440 kB
VmallocUsed:      105868 kB
VmallocChunk:          0 kB
Percpu:             7648 kB
CmaTotal:         294912 kB
CmaFree:               0 kB
MemTotal:       12113136 kB
MemFree:         6336624 kB
MemAvailable:    8048456 kB
Buffers:            5360 kB
Cached:          1917656 kB
SwapCached:            0 kB
Active:          1611996 kB
Inactive:        1614700 kB
Active(anon):    1310264 kB
Inactive(anon):    24004 kB
Active(file):     301732 kB
Inactive(file):  1590696 kB
Unevictable:        5616 kB
Mlocked:            5616 kB
SwapTotal:       3145724 kB
SwapFree:        3145724 kB
Dirty:               496 kB
Writeback:             0 kB
AnonPages:       1309096 kB
Mapped:           878752 kB
Shmem:             26024 kB
KReclaimable:     688108 kB
Slab:             229448 kB
SReclaimable:      79944 kB
SUnreclaim:       149504 kB
KernelStack:       48896 kB
PageTables:        68916 kB
NFS_Unstable:          0 kB
Bounce:                0 kB
WritebackTmp:          0 kB
CommitLimit:     9202292 kB
Committed_AS:   76629948 kB
VmallocTotal:   263061440 kB
VmallocUsed:      105868 kB
VmallocChunk:          0 kB
Percpu:             7648 kB
CmaTotal:         294912 kB
CmaFree:               0 kB
MemTotal:       12113136 kB
MemFree:         6346368 kB
MemAvailable:    8058204 kB
Buffers:            5360 kB
Cached:          1917664 kB
SwapCached:            0 kB
Active:          1599608 kB
Inactive:        1614708 kB
Active(anon):    1297876 kB
Inactive(anon):    24008 kB
Active(file):     301732 kB
Inactive(file):  1590700 kB
Unevictable:        5616 kB
Mlocked:            5616 kB
SwapTotal:       3145724 kB
SwapFree:        3145724 kB
Dirty:               260 kB
Writeback:             0 kB
AnonPages:       1296860 kB
Mapped:           878784 kB
Shmem:             26028 kB
KReclaimable:     688108 kB
Slab:             229504 kB
SReclaimable:      79944 kB
SUnreclaim:       149560 kB
KernelStack:       49012 kB
PageTables:        69216 kB
NFS_Unstable:          0 kB
Bounce:                0 kB
WritebackTmp:          0 kB
CommitLimit:     9202292 kB
Committed_AS:   76635472 kB
VmallocTotal:   263061440 kB
VmallocUsed:      105932 kB
VmallocChunk:          0 kB
Percpu:             7648 kB
CmaTotal:         294912 kB
CmaFree:             484 kB
MemTotal:       12113136 kB
MemFree:         6345828 kB
MemAvailable:    8057688 kB
Buffers:            5360 kB
Cached:          1917688 kB
SwapCached:            0 kB
Active:          1600096 kB
Inactive:        1614732 kB
Active(anon):    1298364 kB
Inactive(anon):    24008 kB
Active(file):     301732 kB
Inactive(file):  1590724 kB
Unevictable:        5616 kB
Mlocked:            5616 kB
SwapTotal:       3145724 kB
SwapFree:        3145724 kB
Dirty:               336 kB
Writeback:             0 kB
AnonPages:       1297316 kB
Mapped:           878680 kB
Shmem:             26028 kB
KReclaimable:     688108 kB
Slab:             229456 kB
SReclaimable:      79944 kB
SUnreclaim:       149512 kB
KernelStack:       48964 kB
PageTables:        69068 kB
NFS_Unstable:          0 kB
Bounce:                0 kB
WritebackTmp:          0 kB
CommitLimit:     9202292 kB
Committed_AS:   76635212 kB
VmallocTotal:   263061440 kB
VmallocUsed:      105996 kB
VmallocChunk:          0 kB
Percpu:             7648 kB
CmaTotal:         294912 kB
CmaFree:             216 kB
MemTotal:       12113136 kB
MemFree:         6337988 kB
MemAvailable:    8049860 kB
Buffers:            5360 kB
Cached:          1917700 kB
SwapCached:            0 kB
Active:          1609776 kB
Inactive:        1614744 kB
Active(anon):    1308044 kB
Inactive(anon):    24008 kB
Active(file):     301732 kB
Inactive(file):  1590736 kB
Unevictable:        5616 kB
Mlocked:            5616 kB
SwapTotal:       3145724 kB
SwapFree:        3145724 kB
Dirty:               376 kB
Writeback:             0 kB
AnonPages:       1305236 kB
Mapped:           878832 kB
Shmem:             26028 kB
KReclaimable:     688108 kB
Slab:             229496 kB
SReclaimable:      79944 kB
SUnreclaim:       149552 kB
KernelStack:       48980 kB
PageTables:        68784 kB
NFS_Unstable:          0 kB
Bounce:                0 kB
WritebackTmp:          0 kB
CommitLimit:     9202292 kB
Committed_AS:   76634908 kB
VmallocTotal:   263061440 kB
VmallocUsed:      105996 kB
VmallocChunk:          0 kB
Percpu:             7648 kB
CmaTotal:         294912 kB
CmaFree:               0 kB
MemTotal:       12113136 kB
MemFree:         6317668 kB
MemAvailable:    8029548 kB
Buffers:            5360 kB
Cached:          1917984 kB
SwapCached:            0 kB
Active:          1629724 kB
Inactive:        1614916 kB
Active(anon):    1327992 kB
Inactive(anon):    24172 kB
Active(file):     301732 kB
Inactive(file):  1590744 kB
Unevictable:        5616 kB
Mlocked:            5616 kB
SwapTotal:       3145724 kB
SwapFree:        3145724 kB
Dirty:               388 kB
Writeback:             0 kB
AnonPages:       1327172 kB
Mapped:           878800 kB
Shmem:             26304 kB
KReclaimable:     688108 kB
Slab:             229464 kB
SReclaimable:      79944 kB
SUnreclaim:       149520 kB
KernelStack:       48912 kB
PageTables:        68816 kB
NFS_Unstable:          0 kB
Bounce:                0 kB
WritebackTmp:          0 kB
CommitLimit:     9202292 kB
Committed_AS:   76635036 kB
VmallocTotal:   263061440 kB
VmallocUsed:      105980 kB
VmallocChunk:          0 kB
Percpu:             7648 kB
CmaTotal:         294912 kB
CmaFree:               0 kB
MemTotal:       12113136 kB
MemFree:         6317468 kB
MemAvailable:    8029380 kB
Buffers:            5360 kB
Cached:          1917756 kB
SwapCached:            0 kB
Active:          1629888 kB
Inactive:        1614800 kB
Active(anon):    1328156 kB
Inactive(anon):    24024 kB
Active(file):     301732 kB
Inactive(file):  1590776 kB
Unevictable:        5616 kB
Mlocked:            5616 kB
SwapTotal:       3145724 kB
SwapFree:        3145724 kB
Dirty:               428 kB
Writeback:             0 kB
AnonPages:       1327268 kB
Mapped:           878920 kB
Shmem:             26044 kB
KReclaimable:     688108 kB
Slab:             229488 kB
SReclaimable:      79944 kB
SUnreclaim:       149544 kB
KernelStack:       48928 kB
PageTables:        68836 kB
NFS_Unstable:          0 kB
Bounce:                0 kB
WritebackTmp:          0 kB
CommitLimit:     9202292 kB
Committed_AS:   76634728 kB
VmallocTotal:   263061440 kB
VmallocUsed:      105980 kB
VmallocChunk:          0 kB
Percpu:             7648 kB
CmaTotal:         294912 kB
CmaFree:               4 kB
MemTotal:       12113136 kB
MemFree:         6311688 kB
MemAvailable:    8023620 kB
Buffers:            5360 kB
Cached:          1919848 kB
SwapCached:            0 kB
Active:          1634516 kB
Inactive:        1616584 kB
Active(anon):    1332784 kB
Inactive(anon):    25788 kB
Active(file):     301732 kB
Inactive(file):  1590796 kB
Unevictable:        5616 kB
Mlocked:            5616 kB
SwapTotal:       3145724 kB
SwapFree:        3145724 kB
Dirty:               268 kB
Writeback:             0 kB
AnonPages:       1331852 kB
Mapped:           880656 kB
Shmem:             27856 kB
KReclaimable:     688108 kB
Slab:             229504 kB
SReclaimable:      79944 kB
SUnreclaim:       149560 kB
KernelStack:       48964 kB
PageTables:        69040 kB
NFS_Unstable:          0 kB
Bounce:                0 kB
WritebackTmp:          0 kB
CommitLimit:     9202292 kB
Committed_AS:   76637888 kB
VmallocTotal:   263061440 kB
VmallocUsed:      105980 kB
VmallocChunk:          0 kB
Percpu:             7648 kB
CmaTotal:         294912 kB
CmaFree:              20 kB
MemTotal:       12113136 kB
MemFree:         6320600 kB
MemAvailable:    8032540 kB
Buffers:            5360 kB
Cached:          1917788 kB
SwapCached:            0 kB
Active:          1625548 kB
Inactive:        1614832 kB
Active(anon):    1323816 kB
Inactive(anon):    24028 kB
Active(file):     301732 kB
Inactive(file):  1590804 kB
Unevictable:        5616 kB
Mlocked:            5616 kB
SwapTotal:       3145724 kB
SwapFree:        3145724 kB
Dirty:               324 kB
Writeback:             0 kB
AnonPages:       1322944 kB
Mapped:           878852 kB
Shmem:             26048 kB
KReclaimable:     688108 kB
Slab:             229584 kB
SReclaimable:      79944 kB
SUnreclaim:       149640 kB
KernelStack:       48976 kB
PageTables:        68968 kB
NFS_Unstable:          0 kB
Bounce:                0 kB
WritebackTmp:          0 kB
CommitLimit:     9202292 kB
Committed_AS:   76637080 kB
VmallocTotal:   263061440 kB
VmallocUsed:      105980 kB
VmallocChunk:          0 kB
Percpu:             7648 kB
CmaTotal:         294912 kB
CmaFree:               0 kB
MemTotal:       12113136 kB
MemFree:         6321120 kB
MemAvailable:    8033064 kB
Buffers:            5360 kB
Cached:          1917792 kB
SwapCached:            0 kB
Active:          1626616 kB
Inactive:        1614836 kB
Active(anon):    1324884 kB
Inactive(anon):    24028 kB
Active(file):     301732 kB
Inactive(file):  1590808 kB
Unevictable:        5616 kB
Mlocked:            5616 kB
SwapTotal:       3145724 kB
SwapFree:        3145724 kB
Dirty:               332 kB
Writeback:             0 kB
AnonPages:       1323888 kB
Mapped:           878780 kB
Shmem:             26048 kB
KReclaimable:     688108 kB
Slab:             229320 kB
SReclaimable:      79944 kB
SUnreclaim:       149376 kB
KernelStack:       48880 kB
PageTables:        68868 kB
NFS_Unstable:          0 kB
Bounce:                0 kB
WritebackTmp:          0 kB
CommitLimit:     9202292 kB
Committed_AS:   76632016 kB
VmallocTotal:   263061440 kB
VmallocUsed:      105964 kB
VmallocChunk:          0 kB
Percpu:             7648 kB
CmaTotal:         294912 kB
CmaFree:               0 kB
MemTotal:       12113136 kB
MemFree:         6318904 kB
MemAvailable:    8030864 kB
Buffers:            5360 kB
Cached:          1917808 kB
SwapCached:            0 kB
Active:          1627008 kB
Inactive:        1614856 kB
Active(anon):    1325280 kB
Inactive(anon):    24028 kB
Active(file):     301728 kB
Inactive(file):  1590828 kB
Unevictable:        5616 kB
Mlocked:            5616 kB
SwapTotal:       3145724 kB
SwapFree:        3145724 kB
Dirty:               380 kB
Writeback:             0 kB
AnonPages:       1324496 kB
Mapped:           878804 kB
Shmem:             26048 kB
KReclaimable:     688108 kB
Slab:             229492 kB
SReclaimable:      79944 kB
SUnreclaim:       149548 kB
KernelStack:       48964 kB
PageTables:        68776 kB
NFS_Unstable:          0 kB
Bounce:                0 kB
WritebackTmp:          0 kB
CommitLimit:     9202292 kB
Committed_AS:   76638576 kB
VmallocTotal:   263061440 kB
VmallocUsed:      105996 kB
VmallocChunk:          0 kB
Percpu:             7648 kB
CmaTotal:         294912 kB
CmaFree:               0 kB
MemTotal:       12113136 kB
MemFree:         6318668 kB
MemAvailable:    8030644 kB
Buffers:            5364 kB
Cached:          1917820 kB
SwapCached:            0 kB
Active:          1628056 kB
Inactive:        1614864 kB
Active(anon):    1326320 kB
Inactive(anon):    24028 kB
Active(file):     301736 kB
Inactive(file):  1590836 kB
Unevictable:        5616 kB
Mlocked:            5616 kB
SwapTotal:       3145724 kB
SwapFree:        3145724 kB
Dirty:               424 kB
Writeback:             0 kB
AnonPages:       1325376 kB
Mapped:           878708 kB
Shmem:             26048 kB
KReclaimable:     688108 kB
Slab:             229468 kB
SReclaimable:      79944 kB
SUnreclaim:       149524 kB
KernelStack:       48916 kB
PageTables:        69064 kB
NFS_Unstable:          0 kB
Bounce:                0 kB
WritebackTmp:          0 kB
CommitLimit:     9202292 kB
Committed_AS:   76642560 kB
VmallocTotal:   263061440 kB
VmallocUsed:      105996 kB
VmallocChunk:          0 kB
Percpu:             7648 kB
CmaTotal:         294912 kB
CmaFree:               0 kB
MemTotal:       12113136 kB
MemFree:         6318464 kB
MemAvailable:    8030468 kB
Buffers:            5364 kB
Cached:          1917848 kB
SwapCached:            0 kB
Active:          1628336 kB
Inactive:        1614892 kB
Active(anon):    1326600 kB
Inactive(anon):    24028 kB
Active(file):     301736 kB
Inactive(file):  1590864 kB
Unevictable:        5616 kB
Mlocked:            5616 kB
SwapTotal:       3145724 kB
SwapFree:        3145724 kB
Dirty:               416 kB
Writeback:             0 kB
AnonPages:       1325608 kB
Mapped:           878888 kB
Shmem:             26048 kB
KReclaimable:     688108 kB
Slab:             229492 kB
SReclaimable:      79944 kB
SUnreclaim:       149548 kB
KernelStack:       48980 kB
PageTables:        68796 kB
NFS_Unstable:          0 kB
Bounce:                0 kB
WritebackTmp:          0 kB
CommitLimit:     9202292 kB
Committed_AS:   76642604 kB
VmallocTotal:   263061440 kB
VmallocUsed:      105948 kB
VmallocChunk:          0 kB
Percpu:             7648 kB
CmaTotal:         294912 kB
CmaFree:               0 kB
MemTotal:       12113136 kB
MemFree:         6318152 kB
MemAvailable:    8030172 kB
Buffers:            5364 kB
Cached:          1917864 kB
SwapCached:            0 kB
Active:          1628792 kB
Inactive:        1614908 kB
Active(anon):    1327056 kB
Inactive(anon):    24028 kB
Active(file):     301736 kB
Inactive(file):  1590880 kB
Unevictable:        5616 kB
Mlocked:            5616 kB
SwapTotal:       3145724 kB
SwapFree:        3145724 kB
Dirty:               344 kB
Writeback:             0 kB
AnonPages:       1326316 kB
Mapped:           878708 kB
Shmem:             26048 kB
KReclaimable:     688108 kB
Slab:             229436 kB
SReclaimable:      79944 kB
SUnreclaim:       149492 kB
KernelStack:       48932 kB
PageTables:        69048 kB
NFS_Unstable:          0 kB
Bounce:                0 kB
WritebackTmp:          0 kB
CommitLimit:     9202292 kB
Committed_AS:   76642428 kB
VmallocTotal:   263061440 kB
VmallocUsed:      105996 kB
VmallocChunk:          0 kB
Percpu:             7648 kB
CmaTotal:         294912 kB
CmaFree:               0 kB
MemTotal:       12113136 kB
MemFree:         6315928 kB
MemAvailable:    8027952 kB
Buffers:            5364 kB
Cached:          1917868 kB
SwapCached:            0 kB
Active:          1630020 kB
Inactive:        1614912 kB
Active(anon):    1328284 kB
Inactive(anon):    24028 kB
Active(file):     301736 kB
Inactive(file):  1590884 kB
Unevictable:        5616 kB
Mlocked:            5616 kB
SwapTotal:       3145724 kB
SwapFree:        3145724 kB
Dirty:               380 kB
Writeback:             0 kB
AnonPages:       1327436 kB
Mapped:           878836 kB
Shmem:             26048 kB
KReclaimable:     688108 kB
Slab:             229516 kB
SReclaimable:      79944 kB
SUnreclaim:       149572 kB
KernelStack:       48932 kB
PageTables:        69108 kB
NFS_Unstable:          0 kB
Bounce:                0 kB
WritebackTmp:          0 kB
CommitLimit:     9202292 kB
Committed_AS:   76638940 kB
VmallocTotal:   263061440 kB
VmallocUsed:      105996 kB
VmallocChunk:          0 kB
Percpu:             7648 kB
CmaTotal:         294912 kB
CmaFree:               0 kB
MemTotal:       12113136 kB
MemFree:         6316136 kB
MemAvailable:    8028180 kB
Buffers:            5364 kB
Cached:          1917888 kB
SwapCached:            0 kB
Active:          1630340 kB
Inactive:        1614932 kB
Active(anon):    1328604 kB
Inactive(anon):    24028 kB
Active(file):     301736 kB
Inactive(file):  1590904 kB
Unevictable:        5616 kB
Mlocked:            5616 kB
SwapTotal:       3145724 kB
SwapFree:        3145724 kB
Dirty:               444 kB
Writeback:             0 kB
AnonPages:       1327680 kB
Mapped:           878716 kB
Shmem:             26048 kB
KReclaimable:     688108 kB
Slab:             229436 kB
SReclaimable:      79944 kB
SUnreclaim:       149492 kB
KernelStack:       48912 kB
PageTables:        68832 kB
NFS_Unstable:          0 kB
Bounce:                0 kB
WritebackTmp:          0 kB
CommitLimit:     9202292 kB
Committed_AS:   76636856 kB
VmallocTotal:   263061440 kB
VmallocUsed:      105996 kB
VmallocChunk:          0 kB
Percpu:             7648 kB
CmaTotal:         294912 kB
CmaFree:               0 kB
MemTotal:       12113136 kB
MemFree:         6315232 kB
MemAvailable:    8027288 kB
Buffers:            5364 kB
Cached:          1917900 kB
SwapCached:            0 kB
Active:          1630908 kB
Inactive:        1614944 kB
Active(anon):    1329172 kB
Inactive(anon):    24028 kB
Active(file):     301736 kB
Inactive(file):  1590916 kB
Unevictable:        5616 kB
Mlocked:            5616 kB
SwapTotal:       3145724 kB
SwapFree:        3145724 kB
Dirty:               456 kB
Writeback:             0 kB
AnonPages:       1328100 kB
Mapped:           878932 kB
Shmem:             26048 kB
KReclaimable:     688108 kB
Slab:             229524 kB
SReclaimable:      79944 kB
SUnreclaim:       149580 kB
KernelStack:       48928 kB
PageTables:        68828 kB
NFS_Unstable:          0 kB
Bounce:                0 kB
WritebackTmp:          0 kB
CommitLimit:     9202292 kB
Committed_AS:   76634436 kB
VmallocTotal:   263061440 kB
VmallocUsed:      105964 kB
VmallocChunk:          0 kB
Percpu:             7648 kB
CmaTotal:         294912 kB
CmaFree:               0 kB
MemTotal:       12113136 kB
MemFree:         6315376 kB
MemAvailable:    8027452 kB
Buffers:            5364 kB
Cached:          1917920 kB
SwapCached:            0 kB
Active:          1632300 kB
Inactive:        1614960 kB
Active(anon):    1330560 kB
Inactive(anon):    24028 kB
Active(file):     301740 kB
Inactive(file):  1590932 kB
Unevictable:        5616 kB
Mlocked:            5616 kB
SwapTotal:       3145724 kB
SwapFree:        3145724 kB
Dirty:               488 kB
Writeback:             0 kB
AnonPages:       1329664 kB
Mapped:           878904 kB
Shmem:             26048 kB
KReclaimable:     688108 kB
Slab:             229428 kB
SReclaimable:      79944 kB
SUnreclaim:       149484 kB
KernelStack:       48880 kB
PageTables:        68824 kB
NFS_Unstable:          0 kB
Bounce:                0 kB
WritebackTmp:          0 kB
CommitLimit:     9202292 kB
Committed_AS:   76630456 kB
VmallocTotal:   263061440 kB
VmallocUsed:      105980 kB
VmallocChunk:          0 kB
Percpu:             7648 kB
CmaTotal:         294912 kB
CmaFree:               0 kB
MemTotal:       12113136 kB
MemFree:         6314456 kB
MemAvailable:    8026532 kB
Buffers:            5364 kB
Cached:          1917920 kB
SwapCached:            0 kB
Active:          1632520 kB
Inactive:        1614964 kB
Active(anon):    1330784 kB
Inactive(anon):    24028 kB
Active(file):     301736 kB
Inactive(file):  1590936 kB
Unevictable:        5616 kB
Mlocked:            5616 kB
SwapTotal:       3145724 kB
SwapFree:        3145724 kB
Dirty:               492 kB
Writeback:             0 kB
AnonPages:       1330232 kB
Mapped:           878768 kB
Shmem:             26048 kB
KReclaimable:     688108 kB
Slab:             229532 kB
SReclaimable:      79944 kB
SUnreclaim:       149588 kB
KernelStack:       48932 kB
PageTables:        69060 kB
NFS_Unstable:          0 kB
Bounce:                0 kB
WritebackTmp:          0 kB
CommitLimit:     9202292 kB
Committed_AS:   76634920 kB
VmallocTotal:   263061440 kB
VmallocUsed:      105980 kB
VmallocChunk:          0 kB
Percpu:             7648 kB
CmaTotal:         294912 kB
CmaFree:               0 kB
MemTotal:       12113136 kB
MemFree:         6314440 kB
MemAvailable:    8026552 kB
Buffers:            5364 kB
Cached:          1917956 kB
SwapCached:            0 kB
Active:          1633696 kB
Inactive:        1614996 kB
Active(anon):    1331956 kB
Inactive(anon):    24028 kB
Active(file):     301740 kB
Inactive(file):  1590968 kB
Unevictable:        5616 kB
Mlocked:            5616 kB
SwapTotal:       3145724 kB
SwapFree:        3145724 kB
Dirty:               520 kB
Writeback:             0 kB
AnonPages:       1331304 kB
Mapped:           878916 kB
Shmem:             26048 kB
KReclaimable:     688108 kB
Slab:             229484 kB
SReclaimable:      79944 kB
SUnreclaim:       149540 kB
KernelStack:       48896 kB
PageTables:        68796 kB
NFS_Unstable:          0 kB
Bounce:                0 kB
WritebackTmp:          0 kB
CommitLimit:     9202292 kB
Committed_AS:   76634528 kB
VmallocTotal:   263061440 kB
VmallocUsed:      105948 kB
VmallocChunk:          0 kB
Percpu:             7648 kB
CmaTotal:         294912 kB
CmaFree:               0 kB
MemTotal:       12113136 kB
MemFree:         6313460 kB
MemAvailable:    8025568 kB
Buffers:            5364 kB
Cached:          1917956 kB
SwapCached:            0 kB
Active:          1633876 kB
Inactive:        1614996 kB
Active(anon):    1332140 kB
Inactive(anon):    24028 kB
Active(file):     301736 kB
Inactive(file):  1590968 kB
Unevictable:        5616 kB
Mlocked:            5616 kB
SwapTotal:       3145724 kB
SwapFree:        3145724 kB
Dirty:               564 kB
Writeback:             0 kB
AnonPages:       1330864 kB
Mapped:           878916 kB
Shmem:             26048 kB
KReclaimable:     688108 kB
Slab:             229444 kB
SReclaimable:      79944 kB
SUnreclaim:       149500 kB
KernelStack:       48928 kB
PageTables:        68796 kB
NFS_Unstable:          0 kB
Bounce:                0 kB
WritebackTmp:          0 kB
CommitLimit:     9202292 kB
Committed_AS:   76635120 kB
VmallocTotal:   263061440 kB
VmallocUsed:      105916 kB
VmallocChunk:          0 kB
Percpu:             7648 kB
CmaTotal:         294912 kB
CmaFree:               0 kB
MemTotal:       12113136 kB
MemFree:         6312112 kB
MemAvailable:    8024232 kB
Buffers:            5364 kB
Cached:          1917968 kB
SwapCached:            0 kB
Active:          1634736 kB
Inactive:        1615008 kB
Active(anon):    1332996 kB
Inactive(anon):    24032 kB
Active(file):     301740 kB
Inactive(file):  1590976 kB
Unevictable:        5616 kB
Mlocked:            5616 kB
SwapTotal:       3145724 kB
SwapFree:        3145724 kB
Dirty:               572 kB
Writeback:             0 kB
AnonPages:       1332132 kB
Mapped:           878772 kB
Shmem:             26052 kB
KReclaimable:     688108 kB
Slab:             229524 kB
SReclaimable:      79944 kB
SUnreclaim:       149580 kB
KernelStack:       48900 kB
PageTables:        68800 kB
NFS_Unstable:          0 kB
Bounce:                0 kB
WritebackTmp:          0 kB
CommitLimit:     9202292 kB
Committed_AS:   76629248 kB
VmallocTotal:   263061440 kB
VmallocUsed:      105932 kB
VmallocChunk:          0 kB
Percpu:             7648 kB
CmaTotal:         294912 kB
CmaFree:               0 kB
MemTotal:       12113136 kB
MemFree:         6311848 kB
MemAvailable:    8023988 kB
Buffers:            5364 kB
Cached:          1917992 kB
SwapCached:            0 kB
Active:          1634464 kB
Inactive:        1615032 kB
Active(anon):    1332724 kB
Inactive(anon):    24036 kB
Active(file):     301740 kB
Inactive(file):  1590996 kB
Unevictable:        5616 kB
Mlocked:            5616 kB
SwapTotal:       3145724 kB
SwapFree:        3145724 kB
Dirty:               364 kB
Writeback:             0 kB
AnonPages:       1331696 kB
Mapped:           878852 kB
Shmem:             26056 kB
KReclaimable:     688108 kB
Slab:             229436 kB
SReclaimable:      79944 kB
SUnreclaim:       149492 kB
KernelStack:       48884 kB
PageTables:        69120 kB
NFS_Unstable:          0 kB
Bounce:                0 kB
WritebackTmp:          0 kB
CommitLimit:     9202292 kB
Committed_AS:   76629588 kB
VmallocTotal:   263061440 kB
VmallocUsed:      105948 kB
VmallocChunk:          0 kB
Percpu:             7648 kB
CmaTotal:         294912 kB
CmaFree:               0 kB
MemTotal:       12113136 kB
MemFree:         6311724 kB
MemAvailable:    8023876 kB
Buffers:            5364 kB
Cached:          1918008 kB
SwapCached:            0 kB
Active:          1635500 kB
Inactive:        1615044 kB
Active(anon):    1333756 kB
Inactive(anon):    24040 kB
Active(file):     301744 kB
Inactive(file):  1591004 kB
Unevictable:        5616 kB
Mlocked:            5616 kB
SwapTotal:       3145724 kB
SwapFree:        3145724 kB
Dirty:               372 kB
Writeback:             0 kB
AnonPages:       1332572 kB
Mapped:           878784 kB
Shmem:             26060 kB
KReclaimable:     688108 kB
Slab:             229524 kB
SReclaimable:      79944 kB
SUnreclaim:       149580 kB
KernelStack:       48880 kB
PageTables:        69100 kB
NFS_Unstable:          0 kB
Bounce:                0 kB
WritebackTmp:          0 kB
CommitLimit:     9202292 kB
Committed_AS:   76624152 kB
VmallocTotal:   263061440 kB
VmallocUsed:      105900 kB
VmallocChunk:          0 kB
Percpu:             7648 kB
CmaTotal:         294912 kB
CmaFree:               0 kB
MemTotal:       12113136 kB
MemFree:         6311320 kB
MemAvailable:    8023476 kB
Buffers:            5364 kB
Cached:          1918012 kB
SwapCached:            0 kB
Active:          1635952 kB
Inactive:        1615048 kB
Active(anon):    1334208 kB
Inactive(anon):    24040 kB
Active(file):     301744 kB
Inactive(file):  1591008 kB
Unevictable:        5616 kB
Mlocked:            5616 kB
SwapTotal:       3145724 kB
SwapFree:        3145724 kB
Dirty:               384 kB
Writeback:             0 kB
AnonPages:       1333376 kB
Mapped:           879000 kB
Shmem:             26060 kB
KReclaimable:     688108 kB
Slab:             229468 kB
SReclaimable:      79944 kB
SUnreclaim:       149524 kB
KernelStack:       48932 kB
PageTables:        68840 kB
NFS_Unstable:          0 kB
Bounce:                0 kB
WritebackTmp:          0 kB
CommitLimit:     9202292 kB
Committed_AS:   76629320 kB
VmallocTotal:   263061440 kB
VmallocUsed:      105916 kB
VmallocChunk:          0 kB
Percpu:             7648 kB
CmaTotal:         294912 kB
CmaFree:               0 kB
MemTotal:       12113136 kB
MemFree:         6311792 kB
MemAvailable:    8023988 kB
Buffers:            5368 kB
Cached:          1918052 kB
SwapCached:            0 kB
Active:          1636072 kB
Inactive:        1615088 kB
Active(anon):    1334324 kB
Inactive(anon):    24044 kB
Active(file):     301748 kB
Inactive(file):  1591044 kB
Unevictable:        5616 kB
Mlocked:            5616 kB
SwapTotal:       3145724 kB
SwapFree:        3145724 kB
Dirty:               412 kB
Writeback:             0 kB
AnonPages:       1333628 kB
Mapped:           878860 kB
Shmem:             26064 kB
KReclaimable:     688108 kB
Slab:             229492 kB
SReclaimable:      79944 kB
SUnreclaim:       149548 kB
KernelStack:       48868 kB
PageTables:        69104 kB
NFS_Unstable:          0 kB
Bounce:                0 kB
WritebackTmp:          0 kB
CommitLimit:     9202292 kB
Committed_AS:   76629240 kB
VmallocTotal:   263061440 kB
VmallocUsed:      105948 kB
VmallocChunk:          0 kB
Percpu:             7648 kB
CmaTotal:         294912 kB
CmaFree:               0 kB
MemTotal:       12113136 kB
MemFree:         6310536 kB
MemAvailable:    8022744 kB
Buffers:            5368 kB
Cached:          1918064 kB
SwapCached:            0 kB
Active:          1635920 kB
Inactive:        1615100 kB
Active(anon):    1334172 kB
Inactive(anon):    24044 kB
Active(file):     301748 kB
Inactive(file):  1591056 kB
Unevictable:        5616 kB
Mlocked:            5616 kB
SwapTotal:       3145724 kB
SwapFree:        3145724 kB
Dirty:               432 kB
Writeback:             0 kB
AnonPages:       1333192 kB
Mapped:           878880 kB
Shmem:             26064 kB
KReclaimable:     688108 kB
Slab:             229476 kB
SReclaimable:      79944 kB
SUnreclaim:       149532 kB
KernelStack:       48932 kB
PageTables:        68768 kB
NFS_Unstable:          0 kB
Bounce:                0 kB
WritebackTmp:          0 kB
CommitLimit:     9202292 kB
Committed_AS:   76629680 kB
VmallocTotal:   263061440 kB
VmallocUsed:      105932 kB
VmallocChunk:          0 kB
Percpu:             7648 kB
CmaTotal:         294912 kB
CmaFree:               8 kB
MemTotal:       12113136 kB
MemFree:         6313940 kB
MemAvailable:    8026152 kB
Buffers:            5368 kB
Cached:          1918068 kB
SwapCached:            0 kB
Active:          1632884 kB
Inactive:        1615104 kB
Active(anon):    1331136 kB
Inactive(anon):    24044 kB
Active(file):     301748 kB
Inactive(file):  1591060 kB
Unevictable:        5616 kB
Mlocked:            5616 kB
SwapTotal:       3145724 kB
SwapFree:        3145724 kB
Dirty:               440 kB
Writeback:             0 kB
AnonPages:       1330400 kB
Mapped:           878888 kB
Shmem:             26064 kB
KReclaimable:     688108 kB
Slab:             229492 kB
SReclaimable:      79944 kB
SUnreclaim:       149548 kB
KernelStack:       48900 kB
PageTables:        68776 kB
NFS_Unstable:          0 kB
Bounce:                0 kB
WritebackTmp:          0 kB
CommitLimit:     9202292 kB
Committed_AS:   76629376 kB
VmallocTotal:   263061440 kB
VmallocUsed:      105932 kB
VmallocChunk:          0 kB
Percpu:             7648 kB
CmaTotal:         294912 kB
CmaFree:               0 kB
MemTotal:       12113136 kB
MemFree:         6312832 kB
MemAvailable:    8025064 kB
Buffers:            5368 kB
Cached:          1918092 kB
SwapCached:            0 kB
Active:          1633936 kB
Inactive:        1615124 kB
Active(anon):    1332184 kB
Inactive(anon):    24048 kB
Active(file):     301752 kB
Inactive(file):  1591076 kB
Unevictable:        5616 kB
Mlocked:            5616 kB
SwapTotal:       3145724 kB
SwapFree:        3145724 kB
Dirty:               372 kB
Writeback:             0 kB
AnonPages:       1331296 kB
Mapped:           878736 kB
Shmem:             26068 kB
KReclaimable:     688108 kB
Slab:             229428 kB
SReclaimable:      79944 kB
SUnreclaim:       149484 kB
KernelStack:       48832 kB
PageTables:        68812 kB
NFS_Unstable:          0 kB
Bounce:                0 kB
WritebackTmp:          0 kB
CommitLimit:     9202292 kB
Committed_AS:   76629376 kB
VmallocTotal:   263061440 kB
VmallocUsed:      105900 kB
VmallocChunk:          0 kB
Percpu:             7648 kB
CmaTotal:         294912 kB
CmaFree:              96 kB
MemTotal:       12113136 kB
MemFree:         6334440 kB
MemAvailable:    8046680 kB
Buffers:            5368 kB
Cached:          1918100 kB
SwapCached:            0 kB
Active:          1612492 kB
Inactive:        1615136 kB
Active(anon):    1310744 kB
Inactive(anon):    24048 kB
Active(file):     301748 kB
Inactive(file):  1591088 kB
Unevictable:        5616 kB
Mlocked:            5616 kB
SwapTotal:       3145724 kB
SwapFree:        3145724 kB
Dirty:               380 kB
Writeback:             0 kB
AnonPages:       1309744 kB
Mapped:           878736 kB
Shmem:             26068 kB
KReclaimable:     688108 kB
Slab:             229460 kB
SReclaimable:      79944 kB
SUnreclaim:       149516 kB
KernelStack:       48864 kB
PageTables:        68812 kB
NFS_Unstable:          0 kB
Bounce:                0 kB
WritebackTmp:          0 kB
CommitLimit:     9202292 kB
Committed_AS:   76629068 kB
VmallocTotal:   263061440 kB
VmallocUsed:      105932 kB
VmallocChunk:          0 kB
Percpu:             7648 kB
CmaTotal:         294912 kB
CmaFree:             304 kB
MemTotal:       12113136 kB
MemFree:         6346220 kB
MemAvailable:    8058476 kB
Buffers:            5368 kB
Cached:          1918116 kB
SwapCached:            0 kB
Active:          1600276 kB
Inactive:        1615152 kB
Active(anon):    1298528 kB
Inactive(anon):    24048 kB
Active(file):     301748 kB
Inactive(file):  1591104 kB
Unevictable:        5616 kB
Mlocked:            5616 kB
SwapTotal:       3145724 kB
SwapFree:        3145724 kB
Dirty:               400 kB
Writeback:             0 kB
AnonPages:       1297956 kB
Mapped:           878792 kB
Shmem:             26068 kB
KReclaimable:     688108 kB
Slab:             229420 kB
SReclaimable:      79944 kB
SUnreclaim:       149476 kB
KernelStack:       48884 kB
PageTables:        69060 kB
NFS_Unstable:          0 kB
Bounce:                0 kB
WritebackTmp:          0 kB
CommitLimit:     9202292 kB
Committed_AS:   76629200 kB
VmallocTotal:   263061440 kB
VmallocUsed:      105964 kB
VmallocChunk:          0 kB
Percpu:             7648 kB
CmaTotal:         294912 kB
CmaFree:             564 kB
MemTotal:       12113136 kB
MemFree:         6344904 kB
MemAvailable:    8057160 kB
Buffers:            5368 kB
Cached:          1918116 kB
SwapCached:            0 kB
Active:          1600728 kB
Inactive:        1615152 kB
Active(anon):    1298980 kB
Inactive(anon):    24048 kB
Active(file):     301748 kB
Inactive(file):  1591104 kB
Unevictable:        5616 kB
Mlocked:            5616 kB
SwapTotal:       3145724 kB
SwapFree:        3145724 kB
Dirty:               428 kB
Writeback:             0 kB
AnonPages:       1298596 kB
Mapped:           878948 kB
Shmem:             26068 kB
KReclaimable:     688108 kB
Slab:             229452 kB
SReclaimable:      79944 kB
SUnreclaim:       149508 kB
KernelStack:       48964 kB
PageTables:        69184 kB
NFS_Unstable:          0 kB
Bounce:                0 kB
WritebackTmp:          0 kB
CommitLimit:     9202292 kB
Committed_AS:   76630436 kB
VmallocTotal:   263061440 kB
VmallocUsed:      105916 kB
VmallocChunk:          0 kB
Percpu:             7648 kB
CmaTotal:         294912 kB
CmaFree:               0 kB
MemTotal:       12113136 kB
MemFree:         6344916 kB
MemAvailable:    8057192 kB
Buffers:            5368 kB
Cached:          1918136 kB
SwapCached:            0 kB
Active:          1602068 kB
Inactive:        1615172 kB
Active(anon):    1300320 kB
Inactive(anon):    24048 kB
Active(file):     301748 kB
Inactive(file):  1591124 kB
Unevictable:        5616 kB
Mlocked:            5616 kB
SwapTotal:       3145724 kB
SwapFree:        3145724 kB
Dirty:               452 kB
Writeback:             0 kB
AnonPages:       1299304 kB
Mapped:           878788 kB
Shmem:             26068 kB
KReclaimable:     688108 kB
Slab:             229468 kB
SReclaimable:      79944 kB
SUnreclaim:       149524 kB
KernelStack:       48868 kB
PageTables:        68804 kB
NFS_Unstable:          0 kB
Bounce:                0 kB
WritebackTmp:          0 kB
CommitLimit:     9202292 kB
Committed_AS:   76629628 kB
VmallocTotal:   263061440 kB
VmallocUsed:      105932 kB
VmallocChunk:          0 kB
Percpu:             7648 kB
CmaTotal:         294912 kB
CmaFree:               0 kB
MemTotal:       12113136 kB
MemFree:         6344528 kB
MemAvailable:    8056816 kB
Buffers:            5368 kB
Cached:          1918148 kB
SwapCached:            0 kB
Active:          1602048 kB
Inactive:        1615184 kB
Active(anon):    1300300 kB
Inactive(anon):    24048 kB
Active(file):     301748 kB
Inactive(file):  1591136 kB
Unevictable:        5616 kB
Mlocked:            5616 kB
SwapTotal:       3145724 kB
SwapFree:        3145724 kB
Dirty:               500 kB
Writeback:             0 kB
AnonPages:       1299360 kB
Mapped:           878856 kB
Shmem:             26068 kB
KReclaimable:     688108 kB
Slab:             229452 kB
SReclaimable:      79944 kB
SUnreclaim:       149508 kB
KernelStack:       48900 kB
PageTables:        69084 kB
NFS_Unstable:          0 kB
Bounce:                0 kB
WritebackTmp:          0 kB
CommitLimit:     9202292 kB
Committed_AS:   76630760 kB
VmallocTotal:   263061440 kB
VmallocUsed:      105916 kB
VmallocChunk:          0 kB
Percpu:             7648 kB
CmaTotal:         294912 kB
CmaFree:              52 kB
MemTotal:       12113136 kB
MemFree:         6343400 kB
MemAvailable:    8055700 kB
Buffers:            5368 kB
Cached:          1918160 kB
SwapCached:            0 kB
Active:          1603348 kB
Inactive:        1615196 kB
Active(anon):    1301600 kB
Inactive(anon):    24048 kB
Active(file):     301748 kB
Inactive(file):  1591148 kB
Unevictable:        5616 kB
Mlocked:            5616 kB
SwapTotal:       3145724 kB
SwapFree:        3145724 kB
Dirty:               528 kB
Writeback:             0 kB
AnonPages:       1300476 kB
Mapped:           878864 kB
Shmem:             26068 kB
KReclaimable:     688108 kB
Slab:             229468 kB
SReclaimable:      79944 kB
SUnreclaim:       149524 kB
KernelStack:       48900 kB
PageTables:        69128 kB
NFS_Unstable:          0 kB
Bounce:                0 kB
WritebackTmp:          0 kB
CommitLimit:     9202292 kB
Committed_AS:   76630224 kB
VmallocTotal:   263061440 kB
VmallocUsed:      105900 kB
VmallocChunk:          0 kB
Percpu:             7648 kB
CmaTotal:         294912 kB
CmaFree:               0 kB
MemTotal:       12113136 kB
MemFree:         6344888 kB
MemAvailable:    8057176 kB
Buffers:            5368 kB
Cached:          1918176 kB
SwapCached:            0 kB
Active:          1602112 kB
Inactive:        1615204 kB
Active(anon):    1300368 kB
Inactive(anon):    24060 kB
Active(file):     301744 kB
Inactive(file):  1591144 kB
Unevictable:        5616 kB
Mlocked:            5616 kB
SwapTotal:       3145724 kB
SwapFree:        3145724 kB
Dirty:               568 kB
Writeback:             0 kB
AnonPages:       1299596 kB
Mapped:           878800 kB
Shmem:             26080 kB
KReclaimable:     688104 kB
Slab:             229416 kB
SReclaimable:      79940 kB
SUnreclaim:       149476 kB
KernelStack:       48852 kB
PageTables:        69172 kB
NFS_Unstable:          0 kB
Bounce:                0 kB
WritebackTmp:          0 kB
CommitLimit:     9202292 kB
Committed_AS:   76624204 kB
VmallocTotal:   263061440 kB
VmallocUsed:      105884 kB
VmallocChunk:          0 kB
Percpu:             7648 kB
CmaTotal:         294912 kB
CmaFree:               0 kB
MemTotal:       12113136 kB
MemFree:         6343380 kB
MemAvailable:    8055720 kB
Buffers:            5368 kB
Cached:          1918216 kB
SwapCached:            0 kB
Active:          1602688 kB
Inactive:        1615252 kB
Active(anon):    1300940 kB
Inactive(anon):    24060 kB
Active(file):     301748 kB
Inactive(file):  1591192 kB
Unevictable:        5616 kB
Mlocked:            5616 kB
SwapTotal:       3145724 kB
SwapFree:        3145724 kB
Dirty:               580 kB
Writeback:             0 kB
AnonPages:       1300176 kB
Mapped:           878876 kB
Shmem:             26080 kB
KReclaimable:     688104 kB
Slab:             229464 kB
SReclaimable:      79940 kB
SUnreclaim:       149524 kB
KernelStack:       48868 kB
PageTables:        69108 kB
NFS_Unstable:          0 kB
Bounce:                0 kB
WritebackTmp:          0 kB
CommitLimit:     9202292 kB
Committed_AS:   76628568 kB
VmallocTotal:   263061440 kB
VmallocUsed:      105916 kB
VmallocChunk:          0 kB
Percpu:             7648 kB
CmaTotal:         294912 kB
CmaFree:               0 kB
MemTotal:       12113136 kB
MemFree:         6309560 kB
MemAvailable:    8021912 kB
Buffers:            5368 kB
Cached:          1918184 kB
SwapCached:            0 kB
Active:          1639400 kB
Inactive:        1615220 kB
Active(anon):    1337652 kB
Inactive(anon):    24016 kB
Active(file):     301748 kB
Inactive(file):  1591204 kB
Unevictable:        5616 kB
Mlocked:            5616 kB
SwapTotal:       3145724 kB
SwapFree:        3145724 kB
Dirty:               360 kB
Writeback:             0 kB
AnonPages:       1336328 kB
Mapped:           878828 kB
Shmem:             26036 kB
KReclaimable:     688104 kB
Slab:             229464 kB
SReclaimable:      79940 kB
SUnreclaim:       149524 kB
KernelStack:       48836 kB
PageTables:        69092 kB
NFS_Unstable:          0 kB
Bounce:                0 kB
WritebackTmp:          0 kB
CommitLimit:     9202292 kB
Committed_AS:   76630808 kB
VmallocTotal:   263061440 kB
VmallocUsed:      105900 kB
VmallocChunk:          0 kB
Percpu:             7648 kB
CmaTotal:         294912 kB
CmaFree:               8 kB
MemTotal:       12113136 kB
MemFree:         6296200 kB
MemAvailable:    8008564 kB
Buffers:            5368 kB
Cached:          1918240 kB
SwapCached:            0 kB
Active:          1651336 kB
Inactive:        1615272 kB
Active(anon):    1349584 kB
Inactive(anon):    24060 kB
Active(file):     301752 kB
Inactive(file):  1591212 kB
Unevictable:        5616 kB
Mlocked:            5616 kB
SwapTotal:       3145724 kB
SwapFree:        3145724 kB
Dirty:               368 kB
Writeback:             0 kB
AnonPages:       1348240 kB
Mapped:           878804 kB
Shmem:             26080 kB
KReclaimable:     688104 kB
Slab:             229248 kB
SReclaimable:      79940 kB
SUnreclaim:       149308 kB
KernelStack:       48852 kB
PageTables:        69028 kB
NFS_Unstable:          0 kB
Bounce:                0 kB
WritebackTmp:          0 kB
CommitLimit:     9202292 kB
Committed_AS:   76630588 kB
VmallocTotal:   263061440 kB
VmallocUsed:      105868 kB
VmallocChunk:          0 kB
Percpu:             7648 kB
CmaTotal:         294912 kB
CmaFree:              40 kB
MemTotal:       12113136 kB
MemFree:         6295004 kB
MemAvailable:    8007368 kB
Buffers:            5368 kB
Cached:          1918240 kB
SwapCached:            0 kB
Active:          1652576 kB
Inactive:        1615276 kB
Active(anon):    1350828 kB
Inactive(anon):    24060 kB
Active(file):     301748 kB
Inactive(file):  1591216 kB
Unevictable:        5616 kB
Mlocked:            5616 kB
SwapTotal:       3145724 kB
SwapFree:        3145724 kB
Dirty:               384 kB
Writeback:             0 kB
AnonPages:       1349464 kB
Mapped:           878872 kB
Shmem:             26080 kB
KReclaimable:     688104 kB
Slab:             229472 kB
SReclaimable:      79940 kB
SUnreclaim:       149532 kB
KernelStack:       48836 kB
PageTables:        69096 kB
NFS_Unstable:          0 kB
Bounce:                0 kB
WritebackTmp:          0 kB
CommitLimit:     9202292 kB
Committed_AS:   76634228 kB
VmallocTotal:   263061440 kB
VmallocUsed:      105900 kB
VmallocChunk:          0 kB
Percpu:             7648 kB
CmaTotal:         294912 kB
CmaFree:               0 kB
MemTotal:       12113136 kB
MemFree:         6296392 kB
MemAvailable:    8008780 kB
Buffers:            5376 kB
Cached:          1918232 kB
SwapCached:            0 kB
Active:          1652036 kB
Inactive:        1615264 kB
Active(anon):    1350276 kB
Inactive(anon):    24036 kB
Active(file):     301760 kB
Inactive(file):  1591228 kB
Unevictable:        5616 kB
Mlocked:            5616 kB
SwapTotal:       3145724 kB
SwapFree:        3145724 kB
Dirty:               396 kB
Writeback:             0 kB
AnonPages:       1349236 kB
Mapped:           878780 kB
Shmem:             26056 kB
KReclaimable:     688104 kB
Slab:             229464 kB
SReclaimable:      79940 kB
SUnreclaim:       149524 kB
KernelStack:       48836 kB
PageTables:        69112 kB
NFS_Unstable:          0 kB
Bounce:                0 kB
WritebackTmp:          0 kB
CommitLimit:     9202292 kB
Committed_AS:   76636832 kB
VmallocTotal:   263061440 kB
VmallocUsed:      105884 kB
VmallocChunk:          0 kB
Percpu:             7648 kB
CmaTotal:         294912 kB
CmaFree:               0 kB
MemTotal:       12113136 kB
MemFree:         6294500 kB
MemAvailable:    8006928 kB
Buffers:            5376 kB
Cached:          1918296 kB
SwapCached:            0 kB
Active:          1653140 kB
Inactive:        1615328 kB
Active(anon):    1351380 kB
Inactive(anon):    24060 kB
Active(file):     301760 kB
Inactive(file):  1591268 kB
Unevictable:        5616 kB
Mlocked:            5616 kB
SwapTotal:       3145724 kB
SwapFree:        3145724 kB
Dirty:               416 kB
Writeback:             0 kB
AnonPages:       1350140 kB
Mapped:           878864 kB
Shmem:             26080 kB
KReclaimable:     688104 kB
Slab:             229496 kB
SReclaimable:      79940 kB
SUnreclaim:       149556 kB
KernelStack:       48788 kB
PageTables:        68840 kB
NFS_Unstable:          0 kB
Bounce:                0 kB
WritebackTmp:          0 kB
CommitLimit:     9202292 kB
Committed_AS:   76636468 kB
VmallocTotal:   263061440 kB
VmallocUsed:      105884 kB
VmallocChunk:          0 kB
Percpu:             7648 kB
CmaTotal:         294912 kB
CmaFree:               0 kB
MemTotal:       12113136 kB
MemFree:         6293596 kB
MemAvailable:    8006028 kB
Buffers:            5376 kB
Cached:          1918300 kB
SwapCached:            0 kB
Active:          1653456 kB
Inactive:        1615332 kB
Active(anon):    1351696 kB
Inactive(anon):    24060 kB
Active(file):     301760 kB
Inactive(file):  1591272 kB
Unevictable:        5616 kB
Mlocked:            5616 kB
SwapTotal:       3145724 kB
SwapFree:        3145724 kB
Dirty:               424 kB
Writeback:             0 kB
AnonPages:       1350748 kB
Mapped:           878948 kB
Shmem:             26080 kB
KReclaimable:     688104 kB
Slab:             229472 kB
SReclaimable:      79940 kB
SUnreclaim:       149532 kB
KernelStack:       48836 kB
PageTables:        68776 kB
NFS_Unstable:          0 kB
Bounce:                0 kB
WritebackTmp:          0 kB
CommitLimit:     9202292 kB
Committed_AS:   76632604 kB
VmallocTotal:   263061440 kB
VmallocUsed:      105884 kB
VmallocChunk:          0 kB
Percpu:             7648 kB
CmaTotal:         294912 kB
CmaFree:               0 kB
MemTotal:       12113136 kB
MemFree:         6292536 kB
MemAvailable:    8004976 kB
Buffers:            5376 kB
Cached:          1918308 kB
SwapCached:            0 kB
Active:          1654060 kB
Inactive:        1615340 kB
Active(anon):    1352300 kB
Inactive(anon):    24060 kB
Active(file):     301760 kB
Inactive(file):  1591280 kB
Unevictable:        5616 kB
Mlocked:            5616 kB
SwapTotal:       3145724 kB
SwapFree:        3145724 kB
Dirty:               448 kB
Writeback:             0 kB
AnonPages:       1350976 kB
Mapped:           878956 kB
Shmem:             26080 kB
KReclaimable:     688104 kB
Slab:             229472 kB
SReclaimable:      79940 kB
SUnreclaim:       149532 kB
KernelStack:       48796 kB
PageTables:        68960 kB
NFS_Unstable:          0 kB
Bounce:                0 kB
WritebackTmp:          0 kB
CommitLimit:     9202292 kB
Committed_AS:   76632128 kB
VmallocTotal:   263061440 kB
VmallocUsed:      105804 kB
VmallocChunk:          0 kB
Percpu:             7648 kB
CmaTotal:         294912 kB
CmaFree:               0 kB
MemTotal:       12113136 kB
MemFree:         6292004 kB
MemAvailable:    8004464 kB
Buffers:            5376 kB
Cached:          1918328 kB
SwapCached:            0 kB
Active:          1654416 kB
Inactive:        1615360 kB
Active(anon):    1352656 kB
Inactive(anon):    24060 kB
Active(file):     301760 kB
Inactive(file):  1591300 kB
Unevictable:        5616 kB
Mlocked:            5616 kB
SwapTotal:       3145724 kB
SwapFree:        3145724 kB
Dirty:               548 kB
Writeback:             0 kB
AnonPages:       1352176 kB
Mapped:           879012 kB
Shmem:             26080 kB
KReclaimable:     688104 kB
Slab:             229472 kB
SReclaimable:      79940 kB
SUnreclaim:       149532 kB
KernelStack:       48804 kB
PageTables:        68944 kB
NFS_Unstable:          0 kB
Bounce:                0 kB
WritebackTmp:          0 kB
CommitLimit:     9202292 kB
Committed_AS:   76614736 kB
VmallocTotal:   263061440 kB
VmallocUsed:      105804 kB
VmallocChunk:          0 kB
Percpu:             7648 kB
CmaTotal:         294912 kB
CmaFree:               4 kB
MemTotal:       12113136 kB
MemFree:         6291608 kB
MemAvailable:    8004076 kB
Buffers:            5376 kB
Cached:          1918336 kB
SwapCached:            0 kB
Active:          1655236 kB
Inactive:        1615368 kB
Active(anon):    1353476 kB
Inactive(anon):    24060 kB
Active(file):     301760 kB
Inactive(file):  1591308 kB
Unevictable:        5616 kB
Mlocked:            5616 kB
SwapTotal:       3145724 kB
SwapFree:        3145724 kB
Dirty:               556 kB
Writeback:             0 kB
AnonPages:       1352740 kB
Mapped:           878968 kB
Shmem:             26080 kB
KReclaimable:     688104 kB
Slab:             229472 kB
SReclaimable:      79940 kB
SUnreclaim:       149532 kB
KernelStack:       48784 kB
PageTables:        68880 kB
NFS_Unstable:          0 kB
Bounce:                0 kB
WritebackTmp:          0 kB
CommitLimit:     9202292 kB
Committed_AS:   76618972 kB
VmallocTotal:   263061440 kB
VmallocUsed:      105820 kB
VmallocChunk:          0 kB
Percpu:             7648 kB
CmaTotal:         294912 kB
CmaFree:               0 kB
MemTotal:       12113136 kB
MemFree:         6291540 kB
MemAvailable:    8004024 kB
Buffers:            5376 kB
Cached:          1918352 kB
SwapCached:            0 kB
Active:          1655392 kB
Inactive:        1615384 kB
Active(anon):    1353632 kB
Inactive(anon):    24060 kB
Active(file):     301760 kB
Inactive(file):  1591324 kB
Unevictable:        5616 kB
Mlocked:            5616 kB
SwapTotal:       3145724 kB
SwapFree:        3145724 kB
Dirty:               572 kB
Writeback:             0 kB
AnonPages:       1352624 kB
Mapped:           879064 kB
Shmem:             26080 kB
KReclaimable:     688104 kB
Slab:             229472 kB
SReclaimable:      79940 kB
SUnreclaim:       149532 kB
KernelStack:       48772 kB
PageTables:        68784 kB
NFS_Unstable:          0 kB
Bounce:                0 kB
WritebackTmp:          0 kB
CommitLimit:     9202292 kB
Committed_AS:   76618780 kB
VmallocTotal:   263061440 kB
VmallocUsed:      105820 kB
VmallocChunk:          0 kB
Percpu:             7648 kB
CmaTotal:         294912 kB
CmaFree:               0 kB
MemTotal:       12113136 kB
MemFree:         6290000 kB
MemAvailable:    8002496 kB
Buffers:            5376 kB
Cached:          1918368 kB
SwapCached:            0 kB
Active:          1656192 kB
Inactive:        1615400 kB
Active(anon):    1354432 kB
Inactive(anon):    24064 kB
Active(file):     301760 kB
Inactive(file):  1591336 kB
Unevictable:        5616 kB
Mlocked:            5616 kB
SwapTotal:       3145724 kB
SwapFree:        3145724 kB
Dirty:               600 kB
Writeback:             0 kB
AnonPages:       1353432 kB
Mapped:           878924 kB
Shmem:             26084 kB
KReclaimable:     688104 kB
Slab:             229464 kB
SReclaimable:      79940 kB
SUnreclaim:       149524 kB
KernelStack:       48752 kB
PageTables:        68900 kB
NFS_Unstable:          0 kB
Bounce:                0 kB
WritebackTmp:          0 kB
CommitLimit:     9202292 kB
Committed_AS:   76619256 kB
VmallocTotal:   263061440 kB
VmallocUsed:      105820 kB
VmallocChunk:          0 kB
Percpu:             7648 kB
CmaTotal:         294912 kB
CmaFree:               0 kB
MemTotal:       12113136 kB
MemFree:         6289308 kB
MemAvailable:    8001820 kB
Buffers:            5376 kB
Cached:          1918384 kB
SwapCached:            0 kB
Active:          1657236 kB
Inactive:        1615416 kB
Active(anon):    1355476 kB
Inactive(anon):    24064 kB
Active(file):     301760 kB
Inactive(file):  1591352 kB
Unevictable:        5616 kB
Mlocked:            5616 kB
SwapTotal:       3145724 kB
SwapFree:        3145724 kB
Dirty:               648 kB
Writeback:             0 kB
AnonPages:       1354556 kB
Mapped:           879032 kB
Shmem:             26084 kB
KReclaimable:     688104 kB
Slab:             229472 kB
SReclaimable:      79940 kB
SUnreclaim:       149532 kB
KernelStack:       48804 kB
PageTables:        69096 kB
NFS_Unstable:          0 kB
Bounce:                0 kB
WritebackTmp:          0 kB
CommitLimit:     9202292 kB
Committed_AS:   76624300 kB
VmallocTotal:   263061440 kB
VmallocUsed:      105804 kB
VmallocChunk:          0 kB
Percpu:             7648 kB
CmaTotal:         294912 kB
CmaFree:               0 kB
MemTotal:       12113136 kB
MemFree:         6288648 kB
MemAvailable:    8001164 kB
Buffers:            5376 kB
Cached:          1918388 kB
SwapCached:            0 kB
Active:          1658396 kB
Inactive:        1615420 kB
Active(anon):    1356636 kB
Inactive(anon):    24064 kB
Active(file):     301760 kB
Inactive(file):  1591356 kB
Unevictable:        5616 kB
Mlocked:            5616 kB
SwapTotal:       3145724 kB
SwapFree:        3145724 kB
Dirty:               664 kB
Writeback:             0 kB
AnonPages:       1355644 kB
Mapped:           878996 kB
Shmem:             26084 kB
KReclaimable:     688104 kB
Slab:             229464 kB
SReclaimable:      79940 kB
SUnreclaim:       149524 kB
KernelStack:       48772 kB
PageTables:        69044 kB
NFS_Unstable:          0 kB
Bounce:                0 kB
WritebackTmp:          0 kB
CommitLimit:     9202292 kB
Committed_AS:   76623992 kB
VmallocTotal:   263061440 kB
VmallocUsed:      105820 kB
VmallocChunk:          0 kB
Percpu:             7648 kB
CmaTotal:         294912 kB
CmaFree:               4 kB
MemTotal:       12113136 kB
MemFree:         6288316 kB
MemAvailable:    8000860 kB
Buffers:            5376 kB
Cached:          1918424 kB
SwapCached:            0 kB
Active:          1658848 kB
Inactive:        1615452 kB
Active(anon):    1357088 kB
Inactive(anon):    24068 kB
Active(file):     301760 kB
Inactive(file):  1591384 kB
Unevictable:        5616 kB
Mlocked:            5616 kB
SwapTotal:       3145724 kB
SwapFree:        3145724 kB
Dirty:               708 kB
Writeback:             0 kB
AnonPages:       1356056 kB
Mapped:           879112 kB
Shmem:             26088 kB
KReclaimable:     688104 kB
Slab:             229456 kB
SReclaimable:      79940 kB
SUnreclaim:       149516 kB
KernelStack:       48816 kB
PageTables:        68856 kB
NFS_Unstable:          0 kB
Bounce:                0 kB
WritebackTmp:          0 kB
CommitLimit:     9202292 kB
Committed_AS:   76628956 kB
VmallocTotal:   263061440 kB
VmallocUsed:      105852 kB
VmallocChunk:          0 kB
Percpu:             7648 kB
CmaTotal:         294912 kB
CmaFree:               0 kB
MemTotal:       12113136 kB
MemFree:         6287756 kB
MemAvailable:    8000316 kB
Buffers:            5376 kB
Cached:          1918436 kB
SwapCached:            0 kB
Active:          1658612 kB
Inactive:        1615468 kB
Active(anon):    1356852 kB
Inactive(anon):    24068 kB
Active(file):     301760 kB
Inactive(file):  1591400 kB
Unevictable:        5616 kB
Mlocked:            5616 kB
SwapTotal:       3145724 kB
SwapFree:        3145724 kB
Dirty:               728 kB
Writeback:             0 kB
AnonPages:       1356280 kB
Mapped:           879108 kB
Shmem:             26088 kB
KReclaimable:     688104 kB
Slab:             229480 kB
SReclaimable:      79940 kB
SUnreclaim:       149540 kB
KernelStack:       48752 kB
PageTables:        68772 kB
NFS_Unstable:          0 kB
Bounce:                0 kB
WritebackTmp:          0 kB
CommitLimit:     9202292 kB
Committed_AS:   76634244 kB
VmallocTotal:   263061440 kB
VmallocUsed:      105836 kB
VmallocChunk:          0 kB
Percpu:             7648 kB
CmaTotal:         294912 kB
CmaFree:               0 kB
MemTotal:       12113136 kB
MemFree:         6286952 kB
MemAvailable:    7999552 kB
Buffers:            5376 kB
Cached:          1918444 kB
SwapCached:            0 kB
Active:          1660260 kB
Inactive:        1615476 kB
Active(anon):    1358500 kB
Inactive(anon):    24068 kB
Active(file):     301760 kB
Inactive(file):  1591408 kB
Unevictable:        5616 kB
Mlocked:            5616 kB
SwapTotal:       3145724 kB
SwapFree:        3145724 kB
Dirty:               556 kB
Writeback:             0 kB
AnonPages:       1357192 kB
Mapped:           879040 kB
Shmem:             26088 kB
KReclaimable:     688104 kB
Slab:             229464 kB
SReclaimable:      79940 kB
SUnreclaim:       149524 kB
KernelStack:       48736 kB
PageTables:        68844 kB
NFS_Unstable:          0 kB
Bounce:                0 kB
WritebackTmp:          0 kB
CommitLimit:     9202292 kB
Committed_AS:   76629120 kB
VmallocTotal:   263061440 kB
VmallocUsed:      105820 kB
VmallocChunk:          0 kB
Percpu:             7648 kB
CmaTotal:         294912 kB
CmaFree:               0 kB
MemTotal:       12113136 kB
MemFree:         6286712 kB
MemAvailable:    7999296 kB
Buffers:            5376 kB
Cached:          1918460 kB
SwapCached:            0 kB
Active:          1660400 kB
Inactive:        1615496 kB
Active(anon):    1358644 kB
Inactive(anon):    24068 kB
Active(file):     301756 kB
Inactive(file):  1591428 kB
Unevictable:        5616 kB
Mlocked:            5616 kB
SwapTotal:       3145724 kB
SwapFree:        3145724 kB
Dirty:               388 kB
Writeback:             0 kB
AnonPages:       1357976 kB
Mapped:           878968 kB
Shmem:             26088 kB
KReclaimable:     688104 kB
Slab:             229464 kB
SReclaimable:      79940 kB
SUnreclaim:       149524 kB
KernelStack:       48720 kB
PageTables:        68716 kB
NFS_Unstable:          0 kB
Bounce:                0 kB
WritebackTmp:          0 kB
CommitLimit:     9202292 kB
Committed_AS:   76629860 kB
VmallocTotal:   263061440 kB
VmallocUsed:      105820 kB
