MemTotal:       12113136 kB
MemFree:         6464320 kB
MemAvailable:    8042316 kB
Buffers:            5532 kB
Cached:          1810744 kB
SwapCached:            0 kB
Active:          1587144 kB
Inactive:        1496984 kB
Active(anon):    1274708 kB
Inactive(anon):    27076 kB
Active(file):     312436 kB
Inactive(file):  1469908 kB
Unevictable:        5564 kB
Mlocked:            5564 kB
SwapTotal:       3145724 kB
SwapFree:        3145724 kB
Dirty:               544 kB
Writeback:             0 kB
AnonPages:       1273600 kB
Mapped:           860440 kB
Shmem:             29420 kB
KReclaimable:     664356 kB
Slab:             224460 kB
SReclaimable:      76372 kB
SUnreclaim:       148088 kB
KernelStack:       47604 kB
PageTables:        67752 kB
NFS_Unstable:          0 kB
Bounce:                0 kB
WritebackTmp:          0 kB
CommitLimit:     9202292 kB
Committed_AS:   76635600 kB
VmallocTotal:   263061440 kB
VmallocUsed:      104656 kB
VmallocChunk:          0 kB
Percpu:             7648 kB
CmaTotal:         294912 kB
CmaFree:               0 kB
MemTotal:       12113136 kB
MemFree:         6462548 kB
MemAvailable:    8040628 kB
Buffers:            5532 kB
Cached:          1810824 kB
SwapCached:            0 kB
Active:          1587584 kB
Inactive:        1497016 kB
Active(anon):    1275100 kB
Inactive(anon):    27076 kB
Active(file):     312484 kB
Inactive(file):  1469940 kB
Unevictable:        5564 kB
Mlocked:            5564 kB
SwapTotal:       3145724 kB
SwapFree:        3145724 kB
Dirty:               344 kB
Writeback:             0 kB
AnonPages:       1274096 kB
Mapped:           860424 kB
Shmem:             29420 kB
KReclaimable:     664360 kB
Slab:             224464 kB
SReclaimable:      76376 kB
SUnreclaim:       148088 kB
KernelStack:       47568 kB
PageTables:        67816 kB
NFS_Unstable:          0 kB
Bounce:                0 kB
WritebackTmp:          0 kB
CommitLimit:     9202292 kB
Committed_AS:   76633172 kB
VmallocTotal:   263061440 kB
VmallocUsed:      104656 kB
VmallocChunk:          0 kB
Percpu:             7648 kB
CmaTotal:         294912 kB
CmaFree:               8 kB
MemTotal:       12113136 kB
MemFree:         6461536 kB
MemAvailable:    8039620 kB
Buffers:            5536 kB
Cached:          1810828 kB
SwapCached:            0 kB
Active:          1589192 kB
Inactive:        1497024 kB
Active(anon):    1276708 kB
Inactive(anon):    27080 kB
Active(file):     312484 kB
Inactive(file):  1469944 kB
Unevictable:        5564 kB
Mlocked:            5564 kB
SwapTotal:       3145724 kB
SwapFree:        3145724 kB
Dirty:               372 kB
Writeback:             0 kB
AnonPages:       1275552 kB
Mapped:           860460 kB
Shmem:             29424 kB
KReclaimable:     664360 kB
Slab:             224456 kB
SReclaimable:      76376 kB
SUnreclaim:       148080 kB
KernelStack:       47584 kB
PageTables:        67848 kB
NFS_Unstable:          0 kB
Bounce:                0 kB
WritebackTmp:          0 kB
CommitLimit:     9202292 kB
Committed_AS:   76635376 kB
VmallocTotal:   263061440 kB
VmallocUsed:      104656 kB
VmallocChunk:          0 kB
Percpu:             7648 kB
CmaTotal:         294912 kB
CmaFree:               0 kB
MemTotal:       12113136 kB
MemFree:         6460544 kB
MemAvailable:    8038664 kB
Buffers:            5536 kB
Cached:          1810864 kB
SwapCached:            0 kB
Active:          1590096 kB
Inactive:        1497012 kB
Active(anon):    1277564 kB
Inactive(anon):    27080 kB
Active(file):     312532 kB
Inactive(file):  1469932 kB
Unevictable:        5564 kB
Mlocked:            5564 kB
SwapTotal:       3145724 kB
SwapFree:        3145724 kB
Dirty:               408 kB
Writeback:             0 kB
AnonPages:       1276220 kB
Mapped:           860464 kB
Shmem:             29424 kB
KReclaimable:     664360 kB
Slab:             224460 kB
SReclaimable:      76376 kB
SUnreclaim:       148084 kB
KernelStack:       47580 kB
PageTables:        67848 kB
NFS_Unstable:          0 kB
Bounce:                0 kB
WritebackTmp:          0 kB
CommitLimit:     9202292 kB
Committed_AS:   76635284 kB
VmallocTotal:   263061440 kB
VmallocUsed:      104624 kB
VmallocChunk:          0 kB
Percpu:             7648 kB
CmaTotal:         294912 kB
CmaFree:               0 kB
MemTotal:       12113136 kB
MemFree:         6468248 kB
MemAvailable:    8046384 kB
Buffers:            5536 kB
Cached:          1810880 kB
SwapCached:            0 kB
Active:          1580616 kB
Inactive:        1496812 kB
Active(anon):    1267868 kB
Inactive(anon):    27080 kB
Active(file):     312748 kB
Inactive(file):  1469732 kB
Unevictable:        5564 kB
Mlocked:            5564 kB
SwapTotal:       3145724 kB
SwapFree:        3145724 kB
Dirty:               300 kB
Writeback:             0 kB
AnonPages:       1266620 kB
Mapped:           860464 kB
Shmem:             29424 kB
KReclaimable:     664360 kB
Slab:             224436 kB
SReclaimable:      76376 kB
SUnreclaim:       148060 kB
KernelStack:       47664 kB
PageTables:        67856 kB
NFS_Unstable:          0 kB
Bounce:                0 kB
WritebackTmp:          0 kB
CommitLimit:     9202292 kB
Committed_AS:   76635504 kB
VmallocTotal:   263061440 kB
VmallocUsed:      104640 kB
VmallocChunk:          0 kB
Percpu:             7648 kB
CmaTotal:         294912 kB
CmaFree:             432 kB
MemTotal:       12113136 kB
MemFree:         6469312 kB
MemAvailable:    8047460 kB
Buffers:            5536 kB
Cached:          1810892 kB
SwapCached:            0 kB
Active:          1581628 kB
Inactive:        1496824 kB
Active(anon):    1268880 kB
Inactive(anon):    27080 kB
Active(file):     312748 kB
Inactive(file):  1469744 kB
Unevictable:        5564 kB
Mlocked:            5564 kB
SwapTotal:       3145724 kB
SwapFree:        3145724 kB
Dirty:               396 kB
Writeback:             0 kB
AnonPages:       1267220 kB
Mapped:           860468 kB
Shmem:             29424 kB
KReclaimable:     664360 kB
Slab:             224456 kB
SReclaimable:      76376 kB
SUnreclaim:       148080 kB
KernelStack:       47600 kB
PageTables:        67816 kB
NFS_Unstable:          0 kB
Bounce:                0 kB
WritebackTmp:          0 kB
CommitLimit:     9202292 kB
Committed_AS:   76631352 kB
VmallocTotal:   263061440 kB
VmallocUsed:      104576 kB
VmallocChunk:          0 kB
Percpu:             7648 kB
CmaTotal:         294912 kB
CmaFree:               0 kB
MemTotal:       12113136 kB
MemFree:         6468440 kB
MemAvailable:    8046592 kB
Buffers:            5536 kB
Cached:          1810900 kB
SwapCached:            0 kB
Active:          1583056 kB
Inactive:        1496832 kB
Active(anon):    1270308 kB
Inactive(anon):    27084 kB
Active(file):     312748 kB
Inactive(file):  1469748 kB
Unevictable:        5564 kB
Mlocked:            5564 kB
SwapTotal:       3145724 kB
SwapFree:        3145724 kB
Dirty:               416 kB
Writeback:             0 kB
AnonPages:       1268916 kB
Mapped:           860472 kB
Shmem:             29428 kB
KReclaimable:     664360 kB
Slab:             224440 kB
SReclaimable:      76376 kB
SUnreclaim:       148064 kB
KernelStack:       47584 kB
PageTables:        67840 kB
NFS_Unstable:          0 kB
Bounce:                0 kB
WritebackTmp:          0 kB
CommitLimit:     9202292 kB
Committed_AS:   76635940 kB
VmallocTotal:   263061440 kB
VmallocUsed:      104640 kB
VmallocChunk:          0 kB
Percpu:             7648 kB
CmaTotal:         294912 kB
CmaFree:               0 kB
MemTotal:       12113136 kB
MemFree:         6466780 kB
MemAvailable:    8044940 kB
Buffers:            5536 kB
Cached:          1810912 kB
SwapCached:            0 kB
Active:          1584308 kB
Inactive:        1496844 kB
Active(anon):    1271560 kB
Inactive(anon):    27088 kB
Active(file):     312748 kB
Inactive(file):  1469756 kB
Unevictable:        5564 kB
Mlocked:            5564 kB
SwapTotal:       3145724 kB
SwapFree:        3145724 kB
Dirty:               452 kB
Writeback:             0 kB
AnonPages:       1270116 kB
Mapped:           860476 kB
Shmem:             29432 kB
KReclaimable:     664360 kB
Slab:             224492 kB
SReclaimable:      76376 kB
SUnreclaim:       148116 kB
KernelStack:       47584 kB
PageTables:        67848 kB
NFS_Unstable:          0 kB
Bounce:                0 kB
WritebackTmp:          0 kB
CommitLimit:     9202292 kB
Committed_AS:   76640768 kB
VmallocTotal:   263061440 kB
VmallocUsed:      104640 kB
VmallocChunk:          0 kB
Percpu:             7648 kB
CmaTotal:         294912 kB
CmaFree:               0 kB
MemTotal:       12113136 kB
MemFree:         6466344 kB
MemAvailable:    8044524 kB
Buffers:            5536 kB
Cached:          1810932 kB
SwapCached:            0 kB
Active:          1585780 kB
Inactive:        1496864 kB
Active(anon):    1273032 kB
Inactive(anon):    27088 kB
Active(file):     312748 kB
Inactive(file):  1469776 kB
Unevictable:        5564 kB
Mlocked:            5564 kB
SwapTotal:       3145724 kB
SwapFree:        3145724 kB
Dirty:               228 kB
Writeback:             0 kB
AnonPages:       1271984 kB
Mapped:           859720 kB
Shmem:             29432 kB
KReclaimable:     664360 kB
Slab:             224468 kB
SReclaimable:      76376 kB
SUnreclaim:       148092 kB
KernelStack:       47584 kB
PageTables:        67840 kB
NFS_Unstable:          0 kB
Bounce:                0 kB
WritebackTmp:          0 kB
CommitLimit:     9202292 kB
Committed_AS:   76640504 kB
VmallocTotal:   263061440 kB
VmallocUsed:      104624 kB
VmallocChunk:          0 kB
Percpu:             7648 kB
CmaTotal:         294912 kB
CmaFree:               0 kB
MemTotal:       12113136 kB
MemFree:         6480056 kB
MemAvailable:    8058240 kB
Buffers:            5536 kB
Cached:          1810936 kB
SwapCached:            0 kB
Active:          1570420 kB
Inactive:        1496868 kB
Active(anon):    1257672 kB
Inactive(anon):    27088 kB
Active(file):     312748 kB
Inactive(file):  1469780 kB
Unevictable:        5564 kB
Mlocked:            5564 kB
SwapTotal:       3145724 kB
SwapFree:        3145724 kB
Dirty:               232 kB
Writeback:             0 kB
AnonPages:       1256652 kB
Mapped:           859728 kB
Shmem:             29432 kB
KReclaimable:     664360 kB
Slab:             224476 kB
SReclaimable:      76376 kB
SUnreclaim:       148100 kB
KernelStack:       47584 kB
PageTables:        67848 kB
NFS_Unstable:          0 kB
Bounce:                0 kB
WritebackTmp:          0 kB
CommitLimit:     9202292 kB
Committed_AS:   76640308 kB
VmallocTotal:   263061440 kB
VmallocUsed:      104592 kB
VmallocChunk:          0 kB
Percpu:             7648 kB
CmaTotal:         294912 kB
CmaFree:               0 kB
MemTotal:       12113136 kB
MemFree:         6478960 kB
MemAvailable:    8057164 kB
Buffers:            5536 kB
Cached:          1810956 kB
SwapCached:            0 kB
Active:          1570212 kB
Inactive:        1496888 kB
Active(anon):    1257464 kB
Inactive(anon):    27088 kB
Active(file):     312748 kB
Inactive(file):  1469800 kB
Unevictable:        5564 kB
Mlocked:            5564 kB
SwapTotal:       3145724 kB
SwapFree:        3145724 kB
Dirty:               312 kB
Writeback:             0 kB
AnonPages:       1256364 kB
Mapped:           859728 kB
Shmem:             29432 kB
KReclaimable:     664360 kB
Slab:             224468 kB
SReclaimable:      76376 kB
SUnreclaim:       148092 kB
KernelStack:       47584 kB
PageTables:        67840 kB
NFS_Unstable:          0 kB
Bounce:                0 kB
WritebackTmp:          0 kB
CommitLimit:     9202292 kB
Committed_AS:   76640924 kB
VmallocTotal:   263061440 kB
VmallocUsed:      104640 kB
VmallocChunk:          0 kB
Percpu:             7648 kB
CmaTotal:         294912 kB
CmaFree:               0 kB
MemTotal:       12113136 kB
MemFree:         6478288 kB
MemAvailable:    8056496 kB
Buffers:            5536 kB
Cached:          1810960 kB
SwapCached:            0 kB
Active:          1572472 kB
Inactive:        1496892 kB
Active(anon):    1259724 kB
Inactive(anon):    27088 kB
Active(file):     312748 kB
Inactive(file):  1469804 kB
Unevictable:        5564 kB
Mlocked:            5564 kB
SwapTotal:       3145724 kB
SwapFree:        3145724 kB
Dirty:               356 kB
Writeback:             0 kB
AnonPages:       1258376 kB
Mapped:           859728 kB
Shmem:             29432 kB
KReclaimable:     664360 kB
Slab:             224508 kB
SReclaimable:      76376 kB
SUnreclaim:       148132 kB
KernelStack:       47584 kB
PageTables:        67848 kB
NFS_Unstable:          0 kB
Bounce:                0 kB
WritebackTmp:          0 kB
CommitLimit:     9202292 kB
Committed_AS:   76640008 kB
VmallocTotal:   263061440 kB
VmallocUsed:      104672 kB
VmallocChunk:          0 kB
Percpu:             7648 kB
CmaTotal:         294912 kB
CmaFree:               0 kB
MemTotal:       12113136 kB
MemFree:         6476748 kB
MemAvailable:    8054988 kB
Buffers:            5536 kB
Cached:          1810992 kB
SwapCached:            0 kB
Active:          1573132 kB
Inactive:        1496924 kB
Active(anon):    1260384 kB
Inactive(anon):    27088 kB
Active(file):     312748 kB
Inactive(file):  1469836 kB
Unevictable:        5564 kB
Mlocked:            5564 kB
SwapTotal:       3145724 kB
SwapFree:        3145724 kB
Dirty:               412 kB
Writeback:             0 kB
AnonPages:       1259120 kB
Mapped:           859732 kB
Shmem:             29432 kB
KReclaimable:     664360 kB
Slab:             224476 kB
SReclaimable:      76376 kB
SUnreclaim:       148100 kB
KernelStack:       47600 kB
PageTables:        67836 kB
NFS_Unstable:          0 kB
Bounce:                0 kB
WritebackTmp:          0 kB
CommitLimit:     9202292 kB
Committed_AS:   76641056 kB
VmallocTotal:   263061440 kB
VmallocUsed:      104656 kB
VmallocChunk:          0 kB
Percpu:             7648 kB
CmaTotal:         294912 kB
CmaFree:               0 kB
MemTotal:       12113136 kB
MemFree:         6475764 kB
MemAvailable:    8054020 kB
Buffers:            5536 kB
Cached:          1811012 kB
SwapCached:            0 kB
Active:          1574400 kB
Inactive:        1496944 kB
Active(anon):    1261652 kB
Inactive(anon):    27092 kB
Active(file):     312748 kB
Inactive(file):  1469852 kB
Unevictable:        5564 kB
Mlocked:            5564 kB
SwapTotal:       3145724 kB
SwapFree:        3145724 kB
Dirty:               448 kB
Writeback:             0 kB
AnonPages:       1260400 kB
Mapped:           859740 kB
Shmem:             29436 kB
KReclaimable:     664360 kB
Slab:             224468 kB
SReclaimable:      76376 kB
SUnreclaim:       148092 kB
KernelStack:       47600 kB
PageTables:        67856 kB
NFS_Unstable:          0 kB
Bounce:                0 kB
WritebackTmp:          0 kB
CommitLimit:     9202292 kB
Committed_AS:   76648620 kB
VmallocTotal:   263061440 kB
VmallocUsed:      104688 kB
VmallocChunk:          0 kB
Percpu:             7648 kB
CmaTotal:         294912 kB
CmaFree:               0 kB
MemTotal:       12113136 kB
MemFree:         6478324 kB
MemAvailable:    8056588 kB
Buffers:            5536 kB
Cached:          1811024 kB
SwapCached:            0 kB
Active:          1571348 kB
Inactive:        1496956 kB
Active(anon):    1258600 kB
Inactive(anon):    27096 kB
Active(file):     312748 kB
Inactive(file):  1469860 kB
Unevictable:        5564 kB
Mlocked:            5564 kB
SwapTotal:       3145724 kB
SwapFree:        3145724 kB
Dirty:               488 kB
Writeback:             0 kB
AnonPages:       1256956 kB
Mapped:           859852 kB
Shmem:             29440 kB
KReclaimable:     664360 kB
Slab:             224484 kB
SReclaimable:      76376 kB
SUnreclaim:       148108 kB
KernelStack:       47600 kB
PageTables:        67820 kB
NFS_Unstable:          0 kB
Bounce:                0 kB
WritebackTmp:          0 kB
CommitLimit:     9202292 kB
Committed_AS:   76639164 kB
VmallocTotal:   263061440 kB
VmallocUsed:      104704 kB
VmallocChunk:          0 kB
Percpu:             7648 kB
CmaTotal:         294912 kB
CmaFree:              12 kB
MemTotal:       12113136 kB
MemFree:         6477856 kB
MemAvailable:    8056136 kB
Buffers:            5536 kB
Cached:          1811068 kB
SwapCached:            0 kB
Active:          1572196 kB
Inactive:        1497000 kB
Active(anon):    1259448 kB
Inactive(anon):    27124 kB
Active(file):     312748 kB
Inactive(file):  1469876 kB
Unevictable:        5564 kB
Mlocked:            5564 kB
SwapTotal:       3145724 kB
SwapFree:        3145724 kB
Dirty:               528 kB
Writeback:             0 kB
AnonPages:       1258152 kB
Mapped:           859780 kB
Shmem:             29468 kB
KReclaimable:     664360 kB
Slab:             224488 kB
SReclaimable:      76376 kB
SUnreclaim:       148112 kB
KernelStack:       47600 kB
PageTables:        67832 kB
NFS_Unstable:          0 kB
Bounce:                0 kB
WritebackTmp:          0 kB
CommitLimit:     9202292 kB
Committed_AS:   76643372 kB
VmallocTotal:   263061440 kB
VmallocUsed:      104672 kB
VmallocChunk:          0 kB
Percpu:             7648 kB
CmaTotal:         294912 kB
CmaFree:               0 kB
MemTotal:       12113136 kB
MemFree:         6475576 kB
MemAvailable:    8053868 kB
Buffers:            5536 kB
Cached:          1811080 kB
SwapCached:            0 kB
Active:          1573740 kB
Inactive:        1497012 kB
Active(anon):    1260992 kB
Inactive(anon):    27124 kB
Active(file):     312748 kB
Inactive(file):  1469888 kB
Unevictable:        5564 kB
Mlocked:            5564 kB
SwapTotal:       3145724 kB
SwapFree:        3145724 kB
Dirty:               584 kB
Writeback:             0 kB
AnonPages:       1260040 kB
Mapped:           859780 kB
Shmem:             29468 kB
KReclaimable:     664360 kB
Slab:             224492 kB
SReclaimable:      76376 kB
SUnreclaim:       148116 kB
KernelStack:       47600 kB
PageTables:        67840 kB
NFS_Unstable:          0 kB
Bounce:                0 kB
WritebackTmp:          0 kB
CommitLimit:     9202292 kB
Committed_AS:   76648644 kB
VmallocTotal:   263061440 kB
VmallocUsed:      104672 kB
VmallocChunk:          0 kB
Percpu:             7648 kB
CmaTotal:         294912 kB
CmaFree:               0 kB
MemTotal:       12113136 kB
MemFree:         6475684 kB
MemAvailable:    8053984 kB
Buffers:            5536 kB
Cached:          1811088 kB
SwapCached:            0 kB
Active:          1574996 kB
Inactive:        1497020 kB
Active(anon):    1262248 kB
Inactive(anon):    27124 kB
Active(file):     312748 kB
Inactive(file):  1469896 kB
Unevictable:        5564 kB
Mlocked:            5564 kB
SwapTotal:       3145724 kB
SwapFree:        3145724 kB
Dirty:               612 kB
Writeback:             0 kB
AnonPages:       1261036 kB
Mapped:           859784 kB
Shmem:             29468 kB
KReclaimable:     664360 kB
Slab:             224476 kB
SReclaimable:      76376 kB
SUnreclaim:       148100 kB
KernelStack:       47600 kB
PageTables:        67852 kB
NFS_Unstable:          0 kB
Bounce:                0 kB
WritebackTmp:          0 kB
CommitLimit:     9202292 kB
Committed_AS:   76648416 kB
VmallocTotal:   263061440 kB
VmallocUsed:      104672 kB
VmallocChunk:          0 kB
Percpu:             7648 kB
CmaTotal:         294912 kB
CmaFree:               0 kB
MemTotal:       12113136 kB
MemFree:         6473684 kB
MemAvailable:    8052020 kB
Buffers:            5544 kB
Cached:          1811116 kB
SwapCached:            0 kB
Active:          1575824 kB
Inactive:        1497048 kB
Active(anon):    1263068 kB
Inactive(anon):    27124 kB
Active(file):     312756 kB
Inactive(file):  1469924 kB
Unevictable:        5564 kB
Mlocked:            5564 kB
SwapTotal:       3145724 kB
SwapFree:        3145724 kB
Dirty:               616 kB
Writeback:             0 kB
AnonPages:       1261504 kB
Mapped:           859784 kB
Shmem:             29468 kB
KReclaimable:     664360 kB
Slab:             224484 kB
SReclaimable:      76376 kB
SUnreclaim:       148108 kB
KernelStack:       47600 kB
PageTables:        67840 kB
NFS_Unstable:          0 kB
Bounce:                0 kB
WritebackTmp:          0 kB
CommitLimit:     9202292 kB
Committed_AS:   76648548 kB
VmallocTotal:   263061440 kB
VmallocUsed:      104672 kB
VmallocChunk:          0 kB
Percpu:             7648 kB
CmaTotal:         294912 kB
CmaFree:               0 kB
MemTotal:       12113136 kB
MemFree:         6473376 kB
MemAvailable:    8051756 kB
Buffers:            5544 kB
Cached:          1811128 kB
SwapCached:            0 kB
Active:          1576396 kB
Inactive:        1497060 kB
Active(anon):    1263640 kB
Inactive(anon):    27124 kB
Active(file):     312756 kB
Inactive(file):  1469936 kB
Unevictable:        5564 kB
Mlocked:            5564 kB
SwapTotal:       3145724 kB
SwapFree:        3145724 kB
Dirty:               284 kB
Writeback:             0 kB
AnonPages:       1262512 kB
Mapped:           859900 kB
Shmem:             29468 kB
KReclaimable:     664360 kB
Slab:             224492 kB
SReclaimable:      76376 kB
SUnreclaim:       148116 kB
KernelStack:       47616 kB
PageTables:        67972 kB
NFS_Unstable:          0 kB
Bounce:                0 kB
WritebackTmp:          0 kB
CommitLimit:     9202292 kB
Committed_AS:   76639404 kB
VmallocTotal:   263061440 kB
VmallocUsed:      104624 kB
VmallocChunk:          0 kB
Percpu:             7648 kB
CmaTotal:         294912 kB
CmaFree:               0 kB
MemTotal:       12113136 kB
MemFree:         6472032 kB
MemAvailable:    8050396 kB
Buffers:            5544 kB
Cached:          1811144 kB
SwapCached:            0 kB
Active:          1577716 kB
Inactive:        1497076 kB
Active(anon):    1264960 kB
Inactive(anon):    27124 kB
Active(file):     312756 kB
Inactive(file):  1469952 kB
Unevictable:        5564 kB
Mlocked:            5564 kB
SwapTotal:       3145724 kB
SwapFree:        3145724 kB
Dirty:               352 kB
Writeback:             0 kB
AnonPages:       1264048 kB
Mapped:           859792 kB
Shmem:             29468 kB
KReclaimable:     664360 kB
Slab:             224488 kB
SReclaimable:      76376 kB
SUnreclaim:       148112 kB
KernelStack:       47600 kB
PageTables:        67840 kB
NFS_Unstable:          0 kB
Bounce:                0 kB
WritebackTmp:          0 kB
CommitLimit:     9202292 kB
Committed_AS:   76642220 kB
VmallocTotal:   263061440 kB
VmallocUsed:      104656 kB
VmallocChunk:          0 kB
Percpu:             7648 kB
CmaTotal:         294912 kB
CmaFree:               0 kB
MemTotal:       12113136 kB
MemFree:         6471528 kB
MemAvailable:    8049900 kB
Buffers:            5544 kB
Cached:          1811152 kB
SwapCached:            0 kB
Active:          1579544 kB
Inactive:        1497084 kB
Active(anon):    1266788 kB
Inactive(anon):    27124 kB
Active(file):     312756 kB
Inactive(file):  1469960 kB
Unevictable:        5564 kB
Mlocked:            5564 kB
SwapTotal:       3145724 kB
SwapFree:        3145724 kB
Dirty:               384 kB
Writeback:             0 kB
AnonPages:       1265572 kB
Mapped:           859800 kB
Shmem:             29468 kB
KReclaimable:     664360 kB
Slab:             224480 kB
SReclaimable:      76376 kB
SUnreclaim:       148104 kB
KernelStack:       47584 kB
PageTables:        67804 kB
NFS_Unstable:          0 kB
Bounce:                0 kB
WritebackTmp:          0 kB
CommitLimit:     9202292 kB
Committed_AS:   76648724 kB
VmallocTotal:   263061440 kB
VmallocUsed:      104672 kB
VmallocChunk:          0 kB
Percpu:             7648 kB
CmaTotal:         294912 kB
CmaFree:               8 kB
MemTotal:       12113136 kB
MemFree:         6469276 kB
MemAvailable:    8047660 kB
Buffers:            5544 kB
Cached:          1811164 kB
SwapCached:            0 kB
Active:          1579956 kB
Inactive:        1497096 kB
Active(anon):    1267200 kB
Inactive(anon):    27124 kB
Active(file):     312756 kB
Inactive(file):  1469972 kB
Unevictable:        5564 kB
Mlocked:            5564 kB
SwapTotal:       3145724 kB
SwapFree:        3145724 kB
Dirty:               404 kB
Writeback:             0 kB
AnonPages:       1266040 kB
Mapped:           859800 kB
Shmem:             29468 kB
KReclaimable:     664360 kB
Slab:             224504 kB
SReclaimable:      76376 kB
SUnreclaim:       148128 kB
KernelStack:       47600 kB
PageTables:        67840 kB
NFS_Unstable:          0 kB
Bounce:                0 kB
WritebackTmp:          0 kB
CommitLimit:     9202292 kB
Committed_AS:   76648508 kB
VmallocTotal:   263061440 kB
VmallocUsed:      104704 kB
VmallocChunk:          0 kB
Percpu:             7648 kB
CmaTotal:         294912 kB
CmaFree:               0 kB
MemTotal:       12113136 kB
MemFree:         6468904 kB
MemAvailable:    8047300 kB
Buffers:            5544 kB
Cached:          1811180 kB
SwapCached:            0 kB
Active:          1581304 kB
Inactive:        1497112 kB
Active(anon):    1268548 kB
Inactive(anon):    27128 kB
Active(file):     312756 kB
Inactive(file):  1469984 kB
Unevictable:        5564 kB
Mlocked:            5564 kB
SwapTotal:       3145724 kB
SwapFree:        3145724 kB
Dirty:               440 kB
Writeback:             0 kB
AnonPages:       1267472 kB
Mapped:           859832 kB
Shmem:             29472 kB
KReclaimable:     664360 kB
Slab:             224472 kB
SReclaimable:      76376 kB
SUnreclaim:       148096 kB
KernelStack:       47616 kB
PageTables:        67988 kB
NFS_Unstable:          0 kB
Bounce:                0 kB
WritebackTmp:          0 kB
CommitLimit:     9202292 kB
Committed_AS:   76639608 kB
VmallocTotal:   263061440 kB
VmallocUsed:      104688 kB
VmallocChunk:          0 kB
Percpu:             7648 kB
CmaTotal:         294912 kB
CmaFree:               0 kB
MemTotal:       12113136 kB
MemFree:         6468968 kB
MemAvailable:    8047372 kB
Buffers:            5544 kB
Cached:          1811188 kB
SwapCached:            0 kB
Active:          1581844 kB
Inactive:        1497120 kB
Active(anon):    1269088 kB
Inactive(anon):    27128 kB
Active(file):     312756 kB
Inactive(file):  1469992 kB
Unevictable:        5564 kB
Mlocked:            5564 kB
SwapTotal:       3145724 kB
SwapFree:        3145724 kB
Dirty:               256 kB
Writeback:             0 kB
AnonPages:       1268264 kB
Mapped:           859836 kB
Shmem:             29472 kB
KReclaimable:     664360 kB
Slab:             224480 kB
SReclaimable:      76376 kB
SUnreclaim:       148104 kB
KernelStack:       47600 kB
PageTables:        67840 kB
NFS_Unstable:          0 kB
Bounce:                0 kB
WritebackTmp:          0 kB
CommitLimit:     9202292 kB
Committed_AS:   76637176 kB
VmallocTotal:   263061440 kB
VmallocUsed:      104704 kB
VmallocChunk:          0 kB
Percpu:             7648 kB
CmaTotal:         294912 kB
CmaFree:               0 kB
MemTotal:       12113136 kB
MemFree:         6467796 kB
MemAvailable:    8046208 kB
Buffers:            5544 kB
Cached:          1811200 kB
SwapCached:            0 kB
Active:          1582800 kB
Inactive:        1497136 kB
Active(anon):    1270052 kB
Inactive(anon):    27128 kB
Active(file):     312748 kB
Inactive(file):  1470008 kB
Unevictable:        5564 kB
Mlocked:            5564 kB
SwapTotal:       3145724 kB
SwapFree:        3145724 kB
Dirty:               320 kB
Writeback:             0 kB
AnonPages:       1268744 kB
Mapped:           859896 kB
Shmem:             29472 kB
KReclaimable:     664360 kB
Slab:             224472 kB
SReclaimable:      76376 kB
SUnreclaim:       148096 kB
KernelStack:       47600 kB
PageTables:        67852 kB
NFS_Unstable:          0 kB
Bounce:                0 kB
WritebackTmp:          0 kB
CommitLimit:     9202292 kB
Committed_AS:   76643228 kB
VmallocTotal:   263061440 kB
VmallocUsed:      104656 kB
VmallocChunk:          0 kB
Percpu:             7648 kB
CmaTotal:         294912 kB
CmaFree:             100 kB
MemTotal:       12113136 kB
MemFree:         6466688 kB
MemAvailable:    8045108 kB
Buffers:            5544 kB
Cached:          1811208 kB
SwapCached:            0 kB
Active:          1583660 kB
Inactive:        1497144 kB
Active(anon):    1270908 kB
Inactive(anon):    27132 kB
Active(file):     312752 kB
Inactive(file):  1470012 kB
Unevictable:        5564 kB
Mlocked:            5564 kB
SwapTotal:       3145724 kB
SwapFree:        3145724 kB
Dirty:               372 kB
Writeback:             0 kB
AnonPages:       1269752 kB
Mapped:           859904 kB
Shmem:             29476 kB
KReclaimable:     664360 kB
Slab:             224488 kB
SReclaimable:      76376 kB
SUnreclaim:       148112 kB
KernelStack:       47600 kB
PageTables:        67856 kB
NFS_Unstable:          0 kB
Bounce:                0 kB
WritebackTmp:          0 kB
CommitLimit:     9202292 kB
Committed_AS:   76649100 kB
VmallocTotal:   263061440 kB
VmallocUsed:      104720 kB
VmallocChunk:          0 kB
Percpu:             7648 kB
CmaTotal:         294912 kB
CmaFree:               4 kB
MemTotal:       12113136 kB
MemFree:         6465236 kB
MemAvailable:    8043684 kB
Buffers:            5544 kB
Cached:          1811232 kB
SwapCached:            0 kB
Active:          1585084 kB
Inactive:        1497168 kB
Active(anon):    1272332 kB
Inactive(anon):    27132 kB
Active(file):     312752 kB
Inactive(file):  1470036 kB
Unevictable:        5564 kB
Mlocked:            5564 kB
SwapTotal:       3145724 kB
SwapFree:        3145724 kB
Dirty:               436 kB
Writeback:             0 kB
AnonPages:       1270684 kB
Mapped:           859936 kB
Shmem:             29476 kB
KReclaimable:     664364 kB
Slab:             224484 kB
SReclaimable:      76380 kB
SUnreclaim:       148104 kB
KernelStack:       47600 kB
PageTables:        67844 kB
NFS_Unstable:          0 kB
Bounce:                0 kB
WritebackTmp:          0 kB
CommitLimit:     9202292 kB
Committed_AS:   76654084 kB
VmallocTotal:   263061440 kB
VmallocUsed:      104720 kB
VmallocChunk:          0 kB
Percpu:             7648 kB
CmaTotal:         294912 kB
CmaFree:               0 kB
MemTotal:       12113136 kB
MemFree:         6464524 kB
MemAvailable:    8043080 kB
Buffers:            5544 kB
Cached:          1811244 kB
SwapCached:            0 kB
Active:          1584176 kB
Inactive:        1497180 kB
Active(anon):    1271424 kB
Inactive(anon):    27132 kB
Active(file):     312752 kB
Inactive(file):  1470048 kB
Unevictable:        5564 kB
Mlocked:            5564 kB
SwapTotal:       3145724 kB
SwapFree:        3145724 kB
Dirty:               464 kB
Writeback:             0 kB
AnonPages:       1270344 kB
Mapped:           859996 kB
Shmem:             29476 kB
KReclaimable:     664364 kB
Slab:             224500 kB
SReclaimable:      76380 kB
SUnreclaim:       148120 kB
KernelStack:       47600 kB
PageTables:        67852 kB
NFS_Unstable:          0 kB
Bounce:                0 kB
WritebackTmp:          0 kB
CommitLimit:     9202292 kB
Committed_AS:   76644488 kB
VmallocTotal:   263061440 kB
VmallocUsed:      104736 kB
VmallocChunk:          0 kB
Percpu:             7648 kB
CmaTotal:         294912 kB
CmaFree:             168 kB
MemTotal:       12113136 kB
MemFree:         6472792 kB
MemAvailable:    8051264 kB
Buffers:            5544 kB
Cached:          1811256 kB
SwapCached:            0 kB
Active:          1575732 kB
Inactive:        1497192 kB
Active(anon):    1262980 kB
Inactive(anon):    27132 kB
Active(file):     312752 kB
Inactive(file):  1470060 kB
Unevictable:        5564 kB
Mlocked:            5564 kB
SwapTotal:       3145724 kB
SwapFree:        3145724 kB
Dirty:               272 kB
Writeback:             0 kB
AnonPages:       1261644 kB
Mapped:           860024 kB
Shmem:             29476 kB
KReclaimable:     664364 kB
Slab:             224484 kB
SReclaimable:      76380 kB
SUnreclaim:       148104 kB
KernelStack:       47600 kB
PageTables:        67840 kB
NFS_Unstable:          0 kB
Bounce:                0 kB
WritebackTmp:          0 kB
CommitLimit:     9202292 kB
Committed_AS:   76648760 kB
VmallocTotal:   263061440 kB
VmallocUsed:      104688 kB
VmallocChunk:          0 kB
Percpu:             7648 kB
CmaTotal:         294912 kB
CmaFree:              44 kB
MemTotal:       12113136 kB
MemFree:         6472964 kB
MemAvailable:    8051444 kB
Buffers:            5544 kB
Cached:          1811264 kB
SwapCached:            0 kB
Active:          1576816 kB
Inactive:        1497200 kB
Active(anon):    1264064 kB
Inactive(anon):    27132 kB
Active(file):     312752 kB
Inactive(file):  1470068 kB
Unevictable:        5564 kB
Mlocked:            5564 kB
SwapTotal:       3145724 kB
SwapFree:        3145724 kB
Dirty:               352 kB
Writeback:             0 kB
AnonPages:       1262720 kB
Mapped:           859344 kB
Shmem:             29476 kB
KReclaimable:     664364 kB
Slab:             224484 kB
SReclaimable:      76380 kB
SUnreclaim:       148104 kB
KernelStack:       47616 kB
PageTables:        67840 kB
NFS_Unstable:          0 kB
Bounce:                0 kB
WritebackTmp:          0 kB
CommitLimit:     9202292 kB
Committed_AS:   76653836 kB
VmallocTotal:   263061440 kB
VmallocUsed:      104672 kB
VmallocChunk:          0 kB
Percpu:             7648 kB
CmaTotal:         294912 kB
CmaFree:              68 kB
MemTotal:       12113136 kB
MemFree:         6474484 kB
MemAvailable:    8052980 kB
Buffers:            5544 kB
Cached:          1811284 kB
SwapCached:            0 kB
Active:          1575092 kB
Inactive:        1497220 kB
Active(anon):    1262340 kB
Inactive(anon):    27136 kB
Active(file):     312752 kB
Inactive(file):  1470084 kB
Unevictable:        5564 kB
Mlocked:            5564 kB
SwapTotal:       3145724 kB
SwapFree:        3145724 kB
Dirty:               400 kB
Writeback:             0 kB
AnonPages:       1260872 kB
Mapped:           859384 kB
Shmem:             29480 kB
KReclaimable:     664364 kB
Slab:             224484 kB
SReclaimable:      76380 kB
SUnreclaim:       148104 kB
KernelStack:       47600 kB
PageTables:        67840 kB
NFS_Unstable:          0 kB
Bounce:                0 kB
WritebackTmp:          0 kB
CommitLimit:     9202292 kB
Committed_AS:   76653388 kB
VmallocTotal:   263061440 kB
VmallocUsed:      104656 kB
VmallocChunk:          0 kB
Percpu:             7648 kB
CmaTotal:         294912 kB
CmaFree:             140 kB
MemTotal:       12113136 kB
MemFree:         6472840 kB
MemAvailable:    8051360 kB
Buffers:            5548 kB
Cached:          1811328 kB
SwapCached:            0 kB
Active:          1576264 kB
Inactive:        1497264 kB
Active(anon):    1263508 kB
Inactive(anon):    27160 kB
Active(file):     312756 kB
Inactive(file):  1470104 kB
Unevictable:        5564 kB
Mlocked:            5564 kB
SwapTotal:       3145724 kB
SwapFree:        3145724 kB
Dirty:               468 kB
Writeback:             0 kB
AnonPages:       1262252 kB
Mapped:           859436 kB
Shmem:             29504 kB
KReclaimable:     664364 kB
Slab:             224484 kB
SReclaimable:      76380 kB
SUnreclaim:       148104 kB
KernelStack:       47600 kB
PageTables:        67840 kB
NFS_Unstable:          0 kB
Bounce:                0 kB
WritebackTmp:          0 kB
CommitLimit:     9202292 kB
Committed_AS:   76653092 kB
VmallocTotal:   263061440 kB
VmallocUsed:      104672 kB
VmallocChunk:          0 kB
Percpu:             7648 kB
CmaTotal:         294912 kB
CmaFree:               0 kB
MemTotal:       12113136 kB
MemFree:         6472844 kB
MemAvailable:    8051380 kB
Buffers:            5548 kB
Cached:          1811344 kB
SwapCached:            0 kB
Active:          1578508 kB
Inactive:        1497148 kB
Active(anon):    1265620 kB
Inactive(anon):    27160 kB
Active(file):     312888 kB
Inactive(file):  1469988 kB
Unevictable:        5564 kB
Mlocked:            5564 kB
SwapTotal:       3145724 kB
SwapFree:        3145724 kB
Dirty:               464 kB
Writeback:             0 kB
AnonPages:       1263996 kB
Mapped:           859436 kB
Shmem:             29504 kB
KReclaimable:     664364 kB
Slab:             224484 kB
SReclaimable:      76380 kB
SUnreclaim:       148104 kB
KernelStack:       47648 kB
PageTables:        67856 kB
NFS_Unstable:          0 kB
Bounce:                0 kB
WritebackTmp:          0 kB
CommitLimit:     9202292 kB
Committed_AS:   76653344 kB
VmallocTotal:   263061440 kB
VmallocUsed:      104640 kB
VmallocChunk:          0 kB
Percpu:             7648 kB
CmaTotal:         294912 kB
CmaFree:               0 kB
MemTotal:       12113136 kB
MemFree:         6470332 kB
MemAvailable:    8048884 kB
Buffers:            5548 kB
Cached:          1811372 kB
SwapCached:            0 kB
Active:          1578792 kB
Inactive:        1497176 kB
Active(anon):    1265904 kB
Inactive(anon):    27172 kB
Active(file):     312888 kB
Inactive(file):  1470004 kB
Unevictable:        5564 kB
Mlocked:            5564 kB
SwapTotal:       3145724 kB
SwapFree:        3145724 kB
Dirty:               320 kB
Writeback:             0 kB
AnonPages:       1264660 kB
Mapped:           859488 kB
Shmem:             29516 kB
KReclaimable:     664364 kB
Slab:             224484 kB
SReclaimable:      76380 kB
SUnreclaim:       148104 kB
KernelStack:       47584 kB
PageTables:        67824 kB
NFS_Unstable:          0 kB
Bounce:                0 kB
WritebackTmp:          0 kB
CommitLimit:     9202292 kB
Committed_AS:   76654260 kB
VmallocTotal:   263061440 kB
VmallocUsed:      104656 kB
VmallocChunk:          0 kB
Percpu:             7648 kB
CmaTotal:         294912 kB
CmaFree:               0 kB
MemTotal:       12113136 kB
MemFree:         6470804 kB
MemAvailable:    8049376 kB
Buffers:            5548 kB
Cached:          1811408 kB
SwapCached:            0 kB
Active:          1580464 kB
Inactive:        1497212 kB
Active(anon):    1267576 kB
Inactive(anon):    27188 kB
Active(file):     312888 kB
Inactive(file):  1470024 kB
Unevictable:        5564 kB
Mlocked:            5564 kB
SwapTotal:       3145724 kB
SwapFree:        3145724 kB
Dirty:               392 kB
Writeback:             0 kB
AnonPages:       1266332 kB
Mapped:           859532 kB
Shmem:             29532 kB
KReclaimable:     664364 kB
Slab:             224460 kB
SReclaimable:      76380 kB
SUnreclaim:       148080 kB
KernelStack:       47616 kB
PageTables:        67860 kB
NFS_Unstable:          0 kB
Bounce:                0 kB
WritebackTmp:          0 kB
CommitLimit:     9202292 kB
Committed_AS:   76649352 kB
VmallocTotal:   263061440 kB
VmallocUsed:      104640 kB
VmallocChunk:          0 kB
Percpu:             7648 kB
CmaTotal:         294912 kB
CmaFree:               0 kB
MemTotal:       12113136 kB
MemFree:         6468452 kB
MemAvailable:    8047028 kB
Buffers:            5548 kB
Cached:          1811412 kB
SwapCached:            0 kB
Active:          1581320 kB
Inactive:        1497216 kB
Active(anon):    1268432 kB
Inactive(anon):    27188 kB
Active(file):     312888 kB
Inactive(file):  1470028 kB
Unevictable:        5564 kB
Mlocked:            5564 kB
SwapTotal:       3145724 kB
SwapFree:        3145724 kB
Dirty:               420 kB
Writeback:             0 kB
AnonPages:       1267288 kB
Mapped:           859592 kB
Shmem:             29532 kB
KReclaimable:     664364 kB
Slab:             224484 kB
SReclaimable:      76380 kB
SUnreclaim:       148104 kB
KernelStack:       47600 kB
PageTables:        67860 kB
NFS_Unstable:          0 kB
Bounce:                0 kB
WritebackTmp:          0 kB
CommitLimit:     9202292 kB
Committed_AS:   76654196 kB
VmallocTotal:   263061440 kB
VmallocUsed:      104640 kB
VmallocChunk:          0 kB
Percpu:             7648 kB
CmaTotal:         294912 kB
CmaFree:               0 kB
MemTotal:       12113136 kB
MemFree:         6467796 kB
MemAvailable:    8046380 kB
Buffers:            5548 kB
Cached:          1811420 kB
SwapCached:            0 kB
Active:          1582480 kB
Inactive:        1497224 kB
Active(anon):    1269592 kB
Inactive(anon):    27188 kB
Active(file):     312888 kB
Inactive(file):  1470036 kB
Unevictable:        5564 kB
Mlocked:            5564 kB
SwapTotal:       3145724 kB
SwapFree:        3145724 kB
Dirty:               436 kB
Writeback:             0 kB
AnonPages:       1268180 kB
Mapped:           859596 kB
Shmem:             29532 kB
KReclaimable:     664364 kB
Slab:             224484 kB
SReclaimable:      76380 kB
SUnreclaim:       148104 kB
KernelStack:       47568 kB
PageTables:        67576 kB
NFS_Unstable:          0 kB
Bounce:                0 kB
WritebackTmp:          0 kB
CommitLimit:     9202292 kB
Committed_AS:   76651316 kB
VmallocTotal:   263061440 kB
VmallocUsed:      104640 kB
VmallocChunk:          0 kB
Percpu:             7648 kB
CmaTotal:         294912 kB
CmaFree:               8 kB
MemTotal:       12113136 kB
MemFree:         6467372 kB
MemAvailable:    8045972 kB
Buffers:            5548 kB
Cached:          1811440 kB
SwapCached:            0 kB
Active:          1583624 kB
Inactive:        1497232 kB
Active(anon):    1270724 kB
Inactive(anon):    27192 kB
Active(file):     312900 kB
Inactive(file):  1470040 kB
Unevictable:        5564 kB
Mlocked:            5564 kB
SwapTotal:       3145724 kB
SwapFree:        3145724 kB
Dirty:               492 kB
Writeback:             0 kB
AnonPages:       1269564 kB
Mapped:           859656 kB
Shmem:             29536 kB
KReclaimable:     664364 kB
Slab:             224488 kB
SReclaimable:      76380 kB
SUnreclaim:       148108 kB
KernelStack:       47600 kB
PageTables:        67860 kB
NFS_Unstable:          0 kB
Bounce:                0 kB
WritebackTmp:          0 kB
CommitLimit:     9202292 kB
Committed_AS:   76656364 kB
VmallocTotal:   263061440 kB
VmallocUsed:      104640 kB
VmallocChunk:          0 kB
Percpu:             7648 kB
CmaTotal:         294912 kB
CmaFree:               0 kB
MemTotal:       12113136 kB
MemFree:         6466460 kB
MemAvailable:    8045064 kB
Buffers:            5548 kB
Cached:          1811448 kB
SwapCached:            0 kB
Active:          1584948 kB
Inactive:        1497240 kB
Active(anon):    1272048 kB
Inactive(anon):    27196 kB
Active(file):     312900 kB
Inactive(file):  1470044 kB
Unevictable:        5564 kB
Mlocked:            5564 kB
SwapTotal:       3145724 kB
SwapFree:        3145724 kB
Dirty:               224 kB
Writeback:             0 kB
AnonPages:       1270588 kB
Mapped:           859692 kB
Shmem:             29540 kB
KReclaimable:     664364 kB
Slab:             224520 kB
SReclaimable:      76380 kB
SUnreclaim:       148140 kB
KernelStack:       47648 kB
PageTables:        67856 kB
NFS_Unstable:          0 kB
Bounce:                0 kB
WritebackTmp:          0 kB
CommitLimit:     9202292 kB
Committed_AS:   76648864 kB
VmallocTotal:   263061440 kB
VmallocUsed:      104688 kB
VmallocChunk:          0 kB
Percpu:             7648 kB
CmaTotal:         294912 kB
CmaFree:               0 kB
MemTotal:       12113136 kB
MemFree:         6478312 kB
MemAvailable:    8056916 kB
Buffers:            5548 kB
Cached:          1811448 kB
SwapCached:            0 kB
Active:          1572924 kB
Inactive:        1497240 kB
Active(anon):    1260024 kB
Inactive(anon):    27196 kB
Active(file):     312900 kB
Inactive(file):  1470044 kB
Unevictable:        5564 kB
Mlocked:            5564 kB
SwapTotal:       3145724 kB
SwapFree:        3145724 kB
Dirty:               316 kB
Writeback:             0 kB
AnonPages:       1258748 kB
Mapped:           859696 kB
Shmem:             29540 kB
KReclaimable:     664364 kB
Slab:             224504 kB
SReclaimable:      76380 kB
SUnreclaim:       148124 kB
KernelStack:       47680 kB
PageTables:        67860 kB
NFS_Unstable:          0 kB
Bounce:                0 kB
WritebackTmp:          0 kB
CommitLimit:     9202292 kB
Committed_AS:   76654192 kB
VmallocTotal:   263061440 kB
VmallocUsed:      104736 kB
VmallocChunk:          0 kB
Percpu:             7648 kB
CmaTotal:         294912 kB
CmaFree:             744 kB
MemTotal:       12113136 kB
MemFree:         6477868 kB
MemAvailable:    8056484 kB
Buffers:            5548 kB
Cached:          1811460 kB
SwapCached:            0 kB
Active:          1572956 kB
Inactive:        1497252 kB
Active(anon):    1260056 kB
Inactive(anon):    27196 kB
Active(file):     312900 kB
Inactive(file):  1470056 kB
Unevictable:        5564 kB
Mlocked:            5564 kB
SwapTotal:       3145724 kB
SwapFree:        3145724 kB
Dirty:               372 kB
Writeback:             0 kB
AnonPages:       1258708 kB
Mapped:           859724 kB
Shmem:             29540 kB
KReclaimable:     664364 kB
Slab:             224520 kB
SReclaimable:      76380 kB
SUnreclaim:       148140 kB
KernelStack:       47680 kB
PageTables:        67864 kB
NFS_Unstable:          0 kB
Bounce:                0 kB
WritebackTmp:          0 kB
CommitLimit:     9202292 kB
Committed_AS:   76653664 kB
VmallocTotal:   263061440 kB
VmallocUsed:      104720 kB
VmallocChunk:          0 kB
Percpu:             7648 kB
CmaTotal:         294912 kB
CmaFree:               0 kB
MemTotal:       12113136 kB
MemFree:         6477040 kB
MemAvailable:    8055688 kB
Buffers:            5548 kB
Cached:          1811492 kB
SwapCached:            0 kB
Active:          1573920 kB
Inactive:        1497284 kB
Active(anon):    1261020 kB
Inactive(anon):    27196 kB
Active(file):     312900 kB
Inactive(file):  1470088 kB
Unevictable:        5564 kB
Mlocked:            5564 kB
SwapTotal:       3145724 kB
SwapFree:        3145724 kB
Dirty:               444 kB
Writeback:             0 kB
AnonPages:       1259124 kB
Mapped:           859752 kB
Shmem:             29540 kB
KReclaimable:     664364 kB
Slab:             224528 kB
SReclaimable:      76380 kB
SUnreclaim:       148148 kB
KernelStack:       47680 kB
PageTables:        67860 kB
NFS_Unstable:          0 kB
Bounce:                0 kB
WritebackTmp:          0 kB
CommitLimit:     9202292 kB
Committed_AS:   76654528 kB
VmallocTotal:   263061440 kB
VmallocUsed:      104736 kB
VmallocChunk:          0 kB
Percpu:             7648 kB
CmaTotal:         294912 kB
CmaFree:               0 kB
MemTotal:       12113136 kB
MemFree:         6476880 kB
MemAvailable:    8055540 kB
Buffers:            5548 kB
Cached:          1811504 kB
SwapCached:            0 kB
Active:          1574212 kB
Inactive:        1497296 kB
Active(anon):    1261312 kB
Inactive(anon):    27196 kB
Active(file):     312900 kB
Inactive(file):  1470100 kB
Unevictable:        5564 kB
Mlocked:            5564 kB
SwapTotal:       3145724 kB
SwapFree:        3145724 kB
Dirty:               488 kB
Writeback:             0 kB
AnonPages:       1260172 kB
Mapped:           859816 kB
Shmem:             29540 kB
KReclaimable:     664364 kB
Slab:             224512 kB
SReclaimable:      76380 kB
SUnreclaim:       148132 kB
KernelStack:       47696 kB
PageTables:        67612 kB
NFS_Unstable:          0 kB
Bounce:                0 kB
WritebackTmp:          0 kB
CommitLimit:     9202292 kB
Committed_AS:   76649708 kB
VmallocTotal:   263061440 kB
VmallocUsed:      104752 kB
VmallocChunk:          0 kB
Percpu:             7648 kB
CmaTotal:         294912 kB
CmaFree:             124 kB
MemTotal:       12113136 kB
MemFree:         6474516 kB
MemAvailable:    8053188 kB
Buffers:            5548 kB
Cached:          1811516 kB
SwapCached:            0 kB
Active:          1576000 kB
Inactive:        1497308 kB
Active(anon):    1263100 kB
Inactive(anon):    27196 kB
Active(file):     312900 kB
Inactive(file):  1470112 kB
Unevictable:        5564 kB
Mlocked:            5564 kB
SwapTotal:       3145724 kB
SwapFree:        3145724 kB
Dirty:               256 kB
Writeback:             0 kB
AnonPages:       1262120 kB
Mapped:           859820 kB
Shmem:             29540 kB
KReclaimable:     664364 kB
Slab:             224496 kB
SReclaimable:      76380 kB
SUnreclaim:       148116 kB
KernelStack:       47760 kB
PageTables:        67916 kB
NFS_Unstable:          0 kB
Bounce:                0 kB
WritebackTmp:          0 kB
CommitLimit:     9202292 kB
Committed_AS:   76649620 kB
VmallocTotal:   263061440 kB
VmallocUsed:      104784 kB
VmallocChunk:          0 kB
Percpu:             7648 kB
CmaTotal:         294912 kB
CmaFree:               0 kB
MemTotal:       12113136 kB
MemFree:         6473640 kB
MemAvailable:    8052320 kB
Buffers:            5548 kB
Cached:          1811524 kB
SwapCached:            0 kB
Active:          1577804 kB
Inactive:        1497316 kB
Active(anon):    1264904 kB
Inactive(anon):    27196 kB
Active(file):     312900 kB
Inactive(file):  1470120 kB
Unevictable:        5564 kB
Mlocked:            5564 kB
SwapTotal:       3145724 kB
SwapFree:        3145724 kB
Dirty:               332 kB
Writeback:             0 kB
AnonPages:       1263688 kB
Mapped:           859876 kB
Shmem:             29540 kB
KReclaimable:     664364 kB
Slab:             224472 kB
SReclaimable:      76380 kB
SUnreclaim:       148092 kB
KernelStack:       47824 kB
PageTables:        67868 kB
NFS_Unstable:          0 kB
Bounce:                0 kB
WritebackTmp:          0 kB
CommitLimit:     9202292 kB
Committed_AS:   76660420 kB
VmallocTotal:   263061440 kB
VmallocUsed:      104896 kB
VmallocChunk:          0 kB
Percpu:             7648 kB
CmaTotal:         294912 kB
CmaFree:               0 kB
MemTotal:       12113136 kB
MemFree:         6472584 kB
MemAvailable:    8051276 kB
Buffers:            5548 kB
Cached:          1811536 kB
SwapCached:            0 kB
Active:          1578640 kB
Inactive:        1497328 kB
Active(anon):    1265740 kB
Inactive(anon):    27196 kB
Active(file):     312900 kB
Inactive(file):  1470132 kB
Unevictable:        5564 kB
Mlocked:            5564 kB
SwapTotal:       3145724 kB
SwapFree:        3145724 kB
Dirty:               368 kB
Writeback:             0 kB
AnonPages:       1264500 kB
Mapped:           859912 kB
Shmem:             29540 kB
KReclaimable:     664364 kB
Slab:             224488 kB
SReclaimable:      76380 kB
SUnreclaim:       148108 kB
KernelStack:       47824 kB
PageTables:        67864 kB
NFS_Unstable:          0 kB
Bounce:                0 kB
WritebackTmp:          0 kB
CommitLimit:     9202292 kB
Committed_AS:   76656452 kB
VmallocTotal:   263061440 kB
VmallocUsed:      104928 kB
VmallocChunk:          0 kB
Percpu:             7648 kB
CmaTotal:         294912 kB
CmaFree:               0 kB
MemTotal:       12113136 kB
MemFree:         6472068 kB
MemAvailable:    8050776 kB
Buffers:            5548 kB
Cached:          1811552 kB
SwapCached:            0 kB
Active:          1578856 kB
Inactive:        1497344 kB
Active(anon):    1265956 kB
Inactive(anon):    27196 kB
Active(file):     312900 kB
Inactive(file):  1470148 kB
Unevictable:        5564 kB
Mlocked:            5564 kB
SwapTotal:       3145724 kB
SwapFree:        3145724 kB
Dirty:               400 kB
Writeback:             0 kB
AnonPages:       1264808 kB
Mapped:           859904 kB
Shmem:             29540 kB
KReclaimable:     664364 kB
Slab:             224480 kB
SReclaimable:      76380 kB
SUnreclaim:       148100 kB
KernelStack:       47840 kB
PageTables:        67992 kB
NFS_Unstable:          0 kB
Bounce:                0 kB
WritebackTmp:          0 kB
CommitLimit:     9202292 kB
Committed_AS:   76654732 kB
VmallocTotal:   263061440 kB
VmallocUsed:      104928 kB
VmallocChunk:          0 kB
Percpu:             7648 kB
CmaTotal:         294912 kB
CmaFree:               0 kB
MemTotal:       12113136 kB
MemFree:         6470332 kB
MemAvailable:    8049072 kB
Buffers:            5556 kB
Cached:          1811576 kB
SwapCached:            0 kB
Active:          1580280 kB
Inactive:        1497368 kB
Active(anon):    1267372 kB
Inactive(anon):    27196 kB
Active(file):     312908 kB
Inactive(file):  1470172 kB
Unevictable:        5564 kB
Mlocked:            5564 kB
SwapTotal:       3145724 kB
SwapFree:        3145724 kB
Dirty:               440 kB
Writeback:             0 kB
AnonPages:       1266156 kB
Mapped:           859972 kB
Shmem:             29540 kB
KReclaimable:     664364 kB
Slab:             224512 kB
SReclaimable:      76380 kB
SUnreclaim:       148132 kB
KernelStack:       47824 kB
PageTables:        67864 kB
NFS_Unstable:          0 kB
Bounce:                0 kB
WritebackTmp:          0 kB
CommitLimit:     9202292 kB
Committed_AS:   76654556 kB
VmallocTotal:   263061440 kB
VmallocUsed:      104896 kB
VmallocChunk:          0 kB
Percpu:             7648 kB
CmaTotal:         294912 kB
CmaFree:               0 kB
MemTotal:       12113136 kB
MemFree:         6468652 kB
MemAvailable:    8047404 kB
Buffers:            5556 kB
Cached:          1811588 kB
SwapCached:            0 kB
Active:          1580944 kB
Inactive:        1497380 kB
Active(anon):    1268036 kB
Inactive(anon):    27196 kB
Active(file):     312908 kB
Inactive(file):  1470184 kB
Unevictable:        5564 kB
Mlocked:            5564 kB
SwapTotal:       3145724 kB
SwapFree:        3145724 kB
Dirty:               276 kB
Writeback:             0 kB
AnonPages:       1267012 kB
Mapped:           859976 kB
Shmem:             29540 kB
KReclaimable:     664364 kB
Slab:             224480 kB
SReclaimable:      76380 kB
SUnreclaim:       148100 kB
KernelStack:       47824 kB
PageTables:        67864 kB
NFS_Unstable:          0 kB
Bounce:                0 kB
WritebackTmp:          0 kB
CommitLimit:     9202292 kB
Committed_AS:   76652056 kB
VmallocTotal:   263061440 kB
VmallocUsed:      104864 kB
VmallocChunk:          0 kB
Percpu:             7648 kB
CmaTotal:         294912 kB
CmaFree:               0 kB
MemTotal:       12113136 kB
MemFree:         6471300 kB
MemAvailable:    8050068 kB
Buffers:            5556 kB
Cached:          1811604 kB
SwapCached:            0 kB
Active:          1579396 kB
Inactive:        1497396 kB
Active(anon):    1266488 kB
Inactive(anon):    27196 kB
Active(file):     312908 kB
Inactive(file):  1470200 kB
Unevictable:        5564 kB
Mlocked:            5564 kB
SwapTotal:       3145724 kB
SwapFree:        3145724 kB
Dirty:               360 kB
Writeback:             0 kB
AnonPages:       1265228 kB
Mapped:           860036 kB
Shmem:             29540 kB
KReclaimable:     664364 kB
Slab:             224472 kB
SReclaimable:      76380 kB
SUnreclaim:       148092 kB
KernelStack:       47824 kB
PageTables:        67876 kB
NFS_Unstable:          0 kB
Bounce:                0 kB
WritebackTmp:          0 kB
CommitLimit:     9202292 kB
Committed_AS:   76654824 kB
VmallocTotal:   263061440 kB
VmallocUsed:      104880 kB
VmallocChunk:          0 kB
Percpu:             7648 kB
CmaTotal:         294912 kB
CmaFree:               0 kB
MemTotal:       12113136 kB
MemFree:         6470868 kB
MemAvailable:    8049644 kB
Buffers:            5556 kB
Cached:          1811612 kB
SwapCached:            0 kB
Active:          1580184 kB
Inactive:        1497404 kB
Active(anon):    1267276 kB
Inactive(anon):    27196 kB
Active(file):     312908 kB
Inactive(file):  1470208 kB
Unevictable:        5564 kB
Mlocked:            5564 kB
SwapTotal:       3145724 kB
SwapFree:        3145724 kB
Dirty:               376 kB
Writeback:             0 kB
AnonPages:       1266016 kB
Mapped:           860044 kB
Shmem:             29540 kB
KReclaimable:     664364 kB
Slab:             224488 kB
SReclaimable:      76380 kB
SUnreclaim:       148108 kB
KernelStack:       47824 kB
PageTables:        67864 kB
NFS_Unstable:          0 kB
Bounce:                0 kB
WritebackTmp:          0 kB
CommitLimit:     9202292 kB
Committed_AS:   76655252 kB
VmallocTotal:   263061440 kB
VmallocUsed:      104880 kB
VmallocChunk:          0 kB
Percpu:             7648 kB
CmaTotal:         294912 kB
CmaFree:               0 kB
MemTotal:       12113136 kB
MemFree:         6478920 kB
MemAvailable:    8057704 kB
Buffers:            5556 kB
Cached:          1811620 kB
SwapCached:            0 kB
Active:          1572252 kB
Inactive:        1497412 kB
Active(anon):    1259344 kB
Inactive(anon):    27196 kB
Active(file):     312908 kB
Inactive(file):  1470216 kB
Unevictable:        5564 kB
Mlocked:            5564 kB
SwapTotal:       3145724 kB
SwapFree:        3145724 kB
Dirty:               400 kB
Writeback:             0 kB
AnonPages:       1258104 kB
Mapped:           860104 kB
Shmem:             29540 kB
KReclaimable:     664364 kB
Slab:             224496 kB
SReclaimable:      76380 kB
SUnreclaim:       148116 kB
KernelStack:       47824 kB
PageTables:        67876 kB
NFS_Unstable:          0 kB
Bounce:                0 kB
WritebackTmp:          0 kB
CommitLimit:     9202292 kB
Committed_AS:   76654820 kB
VmallocTotal:   263061440 kB
VmallocUsed:      104896 kB
VmallocChunk:          0 kB
Percpu:             7648 kB
CmaTotal:         294912 kB
CmaFree:             136 kB
MemTotal:       12113136 kB
MemFree:         6476748 kB
MemAvailable:    8055548 kB
Buffers:            5556 kB
Cached:          1811636 kB
SwapCached:            0 kB
Active:          1572928 kB
Inactive:        1497420 kB
Active(anon):    1260012 kB
Inactive(anon):    27196 kB
Active(file):     312916 kB
Inactive(file):  1470224 kB
Unevictable:        5564 kB
Mlocked:            5564 kB
SwapTotal:       3145724 kB
SwapFree:        3145724 kB
Dirty:               496 kB
Writeback:             0 kB
AnonPages:       1258868 kB
Mapped:           860136 kB
Shmem:             29540 kB
KReclaimable:     664364 kB
Slab:             224480 kB
SReclaimable:      76380 kB
SUnreclaim:       148100 kB
KernelStack:       47840 kB
PageTables:        67868 kB
NFS_Unstable:          0 kB
Bounce:                0 kB
WritebackTmp:          0 kB
CommitLimit:     9202292 kB
Committed_AS:   76654820 kB
VmallocTotal:   263061440 kB
VmallocUsed:      104928 kB
VmallocChunk:          0 kB
Percpu:             7648 kB
CmaTotal:         294912 kB
CmaFree:               0 kB
MemTotal:       12113136 kB
MemFree:         6475800 kB
MemAvailable:    8054604 kB
Buffers:            5556 kB
Cached:          1811644 kB
SwapCached:            0 kB
Active:          1574092 kB
Inactive:        1497432 kB
Active(anon):    1261180 kB
Inactive(anon):    27200 kB
Active(file):     312912 kB
Inactive(file):  1470232 kB
Unevictable:        5564 kB
Mlocked:            5564 kB
SwapTotal:       3145724 kB
SwapFree:        3145724 kB
Dirty:               212 kB
Writeback:             0 kB
AnonPages:       1259960 kB
Mapped:           860168 kB
Shmem:             29544 kB
KReclaimable:     664364 kB
Slab:             224508 kB
SReclaimable:      76380 kB
SUnreclaim:       148128 kB
KernelStack:       47840 kB
PageTables:        67864 kB
NFS_Unstable:          0 kB
Bounce:                0 kB
WritebackTmp:          0 kB
CommitLimit:     9202292 kB
Committed_AS:   76651096 kB
VmallocTotal:   263061440 kB
VmallocUsed:      104912 kB
VmallocChunk:          0 kB
Percpu:             7648 kB
CmaTotal:         294912 kB
CmaFree:               0 kB
MemTotal:       12113136 kB
MemFree:         6476240 kB
MemAvailable:    8055056 kB
Buffers:            5556 kB
Cached:          1811656 kB
SwapCached:            0 kB
Active:          1575196 kB
Inactive:        1497444 kB
Active(anon):    1262284 kB
Inactive(anon):    27200 kB
Active(file):     312912 kB
Inactive(file):  1470244 kB
Unevictable:        5564 kB
Mlocked:            5564 kB
SwapTotal:       3145724 kB
SwapFree:        3145724 kB
Dirty:               324 kB
Writeback:             0 kB
AnonPages:       1260940 kB
Mapped:           860200 kB
Shmem:             29544 kB
KReclaimable:     664364 kB
Slab:             224572 kB
SReclaimable:      76380 kB
SUnreclaim:       148192 kB
KernelStack:       47840 kB
PageTables:        67868 kB
NFS_Unstable:          0 kB
Bounce:                0 kB
WritebackTmp:          0 kB
CommitLimit:     9202292 kB
Committed_AS:   76654540 kB
VmallocTotal:   263061440 kB
VmallocUsed:      104928 kB
VmallocChunk:          0 kB
Percpu:             7648 kB
CmaTotal:         294912 kB
CmaFree:               0 kB
MemTotal:       12113136 kB
MemFree:         6476672 kB
MemAvailable:    8055504 kB
Buffers:            5556 kB
Cached:          1811672 kB
SwapCached:            0 kB
Active:          1573816 kB
Inactive:        1497460 kB
Active(anon):    1260904 kB
Inactive(anon):    27200 kB
Active(file):     312912 kB
Inactive(file):  1470260 kB
Unevictable:        5564 kB
Mlocked:            5564 kB
SwapTotal:       3145724 kB
SwapFree:        3145724 kB
Dirty:               388 kB
Writeback:             0 kB
AnonPages:       1259712 kB
Mapped:           860200 kB
Shmem:             29544 kB
KReclaimable:     664364 kB
Slab:             224540 kB
SReclaimable:      76380 kB
SUnreclaim:       148160 kB
KernelStack:       47840 kB
PageTables:        67860 kB
NFS_Unstable:          0 kB
Bounce:                0 kB
WritebackTmp:          0 kB
CommitLimit:     9202292 kB
Committed_AS:   76649108 kB
VmallocTotal:   263061440 kB
VmallocUsed:      104880 kB
VmallocChunk:          0 kB
Percpu:             7648 kB
CmaTotal:         294912 kB
CmaFree:             168 kB
MemTotal:       12113136 kB
MemFree:         6487972 kB
MemAvailable:    8066836 kB
Buffers:            5556 kB
Cached:          1811704 kB
SwapCached:            0 kB
Active:          1560804 kB
Inactive:        1497492 kB
Active(anon):    1247892 kB
Inactive(anon):    27200 kB
Active(file):     312912 kB
Inactive(file):  1470292 kB
Unevictable:        5564 kB
Mlocked:            5564 kB
SwapTotal:       3145724 kB
SwapFree:        3145724 kB
Dirty:               440 kB
Writeback:             0 kB
AnonPages:       1246780 kB
Mapped:           860232 kB
Shmem:             29544 kB
KReclaimable:     664364 kB
Slab:             224548 kB
SReclaimable:      76380 kB
SUnreclaim:       148168 kB
KernelStack:       47856 kB
PageTables:        67988 kB
NFS_Unstable:          0 kB
Bounce:                0 kB
WritebackTmp:          0 kB
CommitLimit:     9202292 kB
Committed_AS:   76648712 kB
VmallocTotal:   263061440 kB
VmallocUsed:      104880 kB
VmallocChunk:          0 kB
Percpu:             7648 kB
CmaTotal:         294912 kB
CmaFree:             372 kB
MemTotal:       12113136 kB
MemFree:         6487908 kB
MemAvailable:    8066784 kB
Buffers:            5556 kB
Cached:          1811720 kB
SwapCached:            0 kB
Active:          1562068 kB
Inactive:        1497508 kB
Active(anon):    1249156 kB
Inactive(anon):    27204 kB
Active(file):     312912 kB
Inactive(file):  1470304 kB
Unevictable:        5564 kB
Mlocked:            5564 kB
SwapTotal:       3145724 kB
SwapFree:        3145724 kB
Dirty:               472 kB
Writeback:             0 kB
AnonPages:       1247972 kB
Mapped:           860296 kB
Shmem:             29548 kB
KReclaimable:     664364 kB
Slab:             224516 kB
SReclaimable:      76380 kB
SUnreclaim:       148136 kB
KernelStack:       47840 kB
PageTables:        67876 kB
NFS_Unstable:          0 kB
Bounce:                0 kB
WritebackTmp:          0 kB
CommitLimit:     9202292 kB
Committed_AS:   76653340 kB
VmallocTotal:   263061440 kB
VmallocUsed:      104880 kB
VmallocChunk:          0 kB
Percpu:             7648 kB
CmaTotal:         294912 kB
CmaFree:               0 kB
MemTotal:       12113136 kB
MemFree:         6487368 kB
MemAvailable:    8066252 kB
Buffers:            5556 kB
Cached:          1811728 kB
SwapCached:            0 kB
Active:          1562788 kB
Inactive:        1497516 kB
Active(anon):    1249876 kB
Inactive(anon):    27204 kB
Active(file):     312912 kB
Inactive(file):  1470312 kB
Unevictable:        5564 kB
Mlocked:            5564 kB
SwapTotal:       3145724 kB
SwapFree:        3145724 kB
Dirty:               248 kB
Writeback:             0 kB
AnonPages:       1248660 kB
Mapped:           860324 kB
Shmem:             29548 kB
KReclaimable:     664364 kB
Slab:             224500 kB
SReclaimable:      76380 kB
SUnreclaim:       148120 kB
KernelStack:       47840 kB
PageTables:        67808 kB
NFS_Unstable:          0 kB
Bounce:                0 kB
WritebackTmp:          0 kB
CommitLimit:     9202292 kB
Committed_AS:   76648716 kB
VmallocTotal:   263061440 kB
VmallocUsed:      104864 kB
VmallocChunk:          0 kB
Percpu:             7648 kB
CmaTotal:         294912 kB
CmaFree:               0 kB
MemTotal:       12113136 kB
MemFree:         6486060 kB
MemAvailable:    8064952 kB
Buffers:            5556 kB
Cached:          1811736 kB
SwapCached:            0 kB
Active:          1564408 kB
Inactive:        1497524 kB
Active(anon):    1251496 kB
Inactive(anon):    27204 kB
Active(file):     312912 kB
Inactive(file):  1470320 kB
Unevictable:        5564 kB
Mlocked:            5564 kB
SwapTotal:       3145724 kB
SwapFree:        3145724 kB
Dirty:               336 kB
Writeback:             0 kB
AnonPages:       1250264 kB
Mapped:           860356 kB
Shmem:             29548 kB
KReclaimable:     664364 kB
Slab:             224484 kB
SReclaimable:      76380 kB
SUnreclaim:       148104 kB
KernelStack:       47840 kB
PageTables:        67876 kB
NFS_Unstable:          0 kB
Bounce:                0 kB
WritebackTmp:          0 kB
CommitLimit:     9202292 kB
Committed_AS:   76651892 kB
VmallocTotal:   263061440 kB
VmallocUsed:      104912 kB
VmallocChunk:          0 kB
Percpu:             7648 kB
CmaTotal:         294912 kB
CmaFree:               0 kB
MemTotal:       12113136 kB
MemFree:         6484404 kB
MemAvailable:    8063308 kB
Buffers:            5556 kB
Cached:          1811748 kB
SwapCached:            0 kB
Active:          1565440 kB
Inactive:        1497536 kB
Active(anon):    1252528 kB
Inactive(anon):    27204 kB
Active(file):     312912 kB
Inactive(file):  1470332 kB
Unevictable:        5564 kB
Mlocked:            5564 kB
SwapTotal:       3145724 kB
SwapFree:        3145724 kB
Dirty:               356 kB
Writeback:             0 kB
AnonPages:       1251376 kB
Mapped:           860388 kB
Shmem:             29548 kB
KReclaimable:     664364 kB
Slab:             224524 kB
SReclaimable:      76380 kB
SUnreclaim:       148144 kB
KernelStack:       47840 kB
PageTables:        67876 kB
NFS_Unstable:          0 kB
Bounce:                0 kB
WritebackTmp:          0 kB
CommitLimit:     9202292 kB
Committed_AS:   76651636 kB
VmallocTotal:   263061440 kB
VmallocUsed:      104928 kB
VmallocChunk:          0 kB
Percpu:             7648 kB
CmaTotal:         294912 kB
CmaFree:               8 kB
MemTotal:       12113136 kB
MemFree:         6482200 kB
MemAvailable:    8061136 kB
Buffers:            5560 kB
Cached:          1811776 kB
SwapCached:            0 kB
Active:          1567172 kB
Inactive:        1497560 kB
Active(anon):    1254252 kB
Inactive(anon):    27204 kB
Active(file):     312920 kB
Inactive(file):  1470356 kB
Unevictable:        5564 kB
Mlocked:            5564 kB
SwapTotal:       3145724 kB
SwapFree:        3145724 kB
Dirty:               424 kB
Writeback:             0 kB
AnonPages:       1253064 kB
Mapped:           860388 kB
Shmem:             29548 kB
KReclaimable:     664364 kB
Slab:             224508 kB
SReclaimable:      76380 kB
SUnreclaim:       148128 kB
KernelStack:       47840 kB
PageTables:        67864 kB
NFS_Unstable:          0 kB
Bounce:                0 kB
WritebackTmp:          0 kB
CommitLimit:     9202292 kB
Committed_AS:   76658056 kB
VmallocTotal:   263061440 kB
VmallocUsed:      104960 kB
VmallocChunk:          0 kB
Percpu:             7648 kB
CmaTotal:         294912 kB
CmaFree:               0 kB
MemTotal:       12113136 kB
MemFree:         6481772 kB
MemAvailable:    8060720 kB
Buffers:            5560 kB
Cached:          1811788 kB
SwapCached:            0 kB
Active:          1568040 kB
Inactive:        1497576 kB
Active(anon):    1255124 kB
Inactive(anon):    27204 kB
Active(file):     312916 kB
Inactive(file):  1470372 kB
Unevictable:        5564 kB
Mlocked:            5564 kB
SwapTotal:       3145724 kB
SwapFree:        3145724 kB
Dirty:               436 kB
Writeback:             0 kB
AnonPages:       1253804 kB
Mapped:           860456 kB
Shmem:             29548 kB
KReclaimable:     664364 kB
Slab:             224500 kB
SReclaimable:      76380 kB
SUnreclaim:       148120 kB
KernelStack:       47840 kB
PageTables:        67876 kB
NFS_Unstable:          0 kB
Bounce:                0 kB
WritebackTmp:          0 kB
CommitLimit:     9202292 kB
Committed_AS:   76654056 kB
VmallocTotal:   263061440 kB
VmallocUsed:      104928 kB
VmallocChunk:          0 kB
Percpu:             7648 kB
CmaTotal:         294912 kB
CmaFree:               0 kB
MemTotal:       12113136 kB
MemFree:         6480212 kB
MemAvailable:    8059168 kB
Buffers:            5560 kB
Cached:          1811796 kB
SwapCached:            0 kB
Active:          1569000 kB
Inactive:        1497584 kB
Active(anon):    1256084 kB
Inactive(anon):    27204 kB
Active(file):     312916 kB
Inactive(file):  1470380 kB
Unevictable:        5564 kB
Mlocked:            5564 kB
SwapTotal:       3145724 kB
SwapFree:        3145724 kB
Dirty:               252 kB
Writeback:             0 kB
AnonPages:       1254996 kB
Mapped:           860484 kB
Shmem:             29548 kB
KReclaimable:     664364 kB
Slab:             224500 kB
SReclaimable:      76380 kB
SUnreclaim:       148120 kB
KernelStack:       47856 kB
PageTables:        67880 kB
NFS_Unstable:          0 kB
Bounce:                0 kB
WritebackTmp:          0 kB
CommitLimit:     9202292 kB
Committed_AS:   76661600 kB
VmallocTotal:   263061440 kB
VmallocUsed:      104912 kB
VmallocChunk:          0 kB
Percpu:             7648 kB
CmaTotal:         294912 kB
CmaFree:               0 kB
MemTotal:       12113136 kB
MemFree:         6479520 kB
MemAvailable:    8058496 kB
Buffers:            5560 kB
Cached:          1811816 kB
SwapCached:            0 kB
Active:          1570768 kB
Inactive:        1497604 kB
Active(anon):    1257852 kB
Inactive(anon):    27204 kB
Active(file):     312916 kB
Inactive(file):  1470400 kB
Unevictable:        5564 kB
Mlocked:            5564 kB
SwapTotal:       3145724 kB
SwapFree:        3145724 kB
Dirty:               356 kB
Writeback:             0 kB
AnonPages:       1256484 kB
Mapped:           860512 kB
Shmem:             29548 kB
KReclaimable:     664364 kB
Slab:             224528 kB
SReclaimable:      76380 kB
SUnreclaim:       148148 kB
KernelStack:       47856 kB
PageTables:        67876 kB
NFS_Unstable:          0 kB
Bounce:                0 kB
WritebackTmp:          0 kB
CommitLimit:     9202292 kB
Committed_AS:   76660340 kB
VmallocTotal:   263061440 kB
VmallocUsed:      104960 kB
VmallocChunk:          0 kB
Percpu:             7648 kB
CmaTotal:         294912 kB
CmaFree:               0 kB
MemTotal:       12113136 kB
MemFree:         6479140 kB
MemAvailable:    8058124 kB
Buffers:            5560 kB
Cached:          1811840 kB
SwapCached:            0 kB
Active:          1572008 kB
Inactive:        1497628 kB
Active(anon):    1259092 kB
Inactive(anon):    27220 kB
Active(file):     312916 kB
Inactive(file):  1470408 kB
Unevictable:        5564 kB
Mlocked:            5564 kB
SwapTotal:       3145724 kB
SwapFree:        3145724 kB
Dirty:               388 kB
Writeback:             0 kB
AnonPages:       1257808 kB
Mapped:           860560 kB
Shmem:             29564 kB
KReclaimable:     664364 kB
Slab:             224488 kB
SReclaimable:      76380 kB
SUnreclaim:       148108 kB
KernelStack:       47840 kB
PageTables:        67880 kB
NFS_Unstable:          0 kB
Bounce:                0 kB
WritebackTmp:          0 kB
CommitLimit:     9202292 kB
Committed_AS:   76654832 kB
VmallocTotal:   263061440 kB
VmallocUsed:      104928 kB
VmallocChunk:          0 kB
Percpu:             7648 kB
CmaTotal:         294912 kB
CmaFree:               0 kB
MemTotal:       12113136 kB
MemFree:         6479732 kB
MemAvailable:    8058724 kB
Buffers:            5560 kB
Cached:          1811848 kB
SwapCached:            0 kB
Active:          1569168 kB
Inactive:        1497636 kB
Active(anon):    1256252 kB
Inactive(anon):    27220 kB
Active(file):     312916 kB
Inactive(file):  1470416 kB
Unevictable:        5564 kB
Mlocked:            5564 kB
SwapTotal:       3145724 kB
SwapFree:        3145724 kB
Dirty:               416 kB
Writeback:             0 kB
AnonPages:       1255000 kB
Mapped:           860476 kB
Shmem:             29564 kB
KReclaimable:     664364 kB
Slab:             224532 kB
SReclaimable:      76380 kB
SUnreclaim:       148152 kB
KernelStack:       47856 kB
PageTables:        67908 kB
NFS_Unstable:          0 kB
Bounce:                0 kB
WritebackTmp:          0 kB
CommitLimit:     9202292 kB
Committed_AS:   76650780 kB
VmallocTotal:   263061440 kB
VmallocUsed:      104912 kB
VmallocChunk:          0 kB
Percpu:             7648 kB
CmaTotal:         294912 kB
CmaFree:             496 kB
MemTotal:       12113136 kB
MemFree:         6481652 kB
MemAvailable:    8060656 kB
Buffers:            5560 kB
Cached:          1811864 kB
SwapCached:            0 kB
Active:          1567568 kB
Inactive:        1497652 kB
Active(anon):    1254652 kB
Inactive(anon):    27224 kB
Active(file):     312916 kB
Inactive(file):  1470428 kB
Unevictable:        5564 kB
Mlocked:            5564 kB
SwapTotal:       3145724 kB
SwapFree:        3145724 kB
Dirty:               476 kB
Writeback:             0 kB
AnonPages:       1253152 kB
Mapped:           860624 kB
Shmem:             29568 kB
KReclaimable:     664364 kB
Slab:             224528 kB
SReclaimable:      76380 kB
SUnreclaim:       148148 kB
KernelStack:       47840 kB
PageTables:        67708 kB
NFS_Unstable:          0 kB
Bounce:                0 kB
WritebackTmp:          0 kB
CommitLimit:     9202292 kB
Committed_AS:   76648516 kB
VmallocTotal:   263061440 kB
VmallocUsed:      104896 kB
VmallocChunk:          0 kB
Percpu:             7648 kB
CmaTotal:         294912 kB
CmaFree:              72 kB
MemTotal:       12113136 kB
MemFree:         6480576 kB
MemAvailable:    8059592 kB
Buffers:            5560 kB
Cached:          1811876 kB
SwapCached:            0 kB
Active:          1568852 kB
Inactive:        1497664 kB
Active(anon):    1255936 kB
Inactive(anon):    27224 kB
Active(file):     312916 kB
Inactive(file):  1470440 kB
Unevictable:        5564 kB
Mlocked:            5564 kB
SwapTotal:       3145724 kB
SwapFree:        3145724 kB
Dirty:               260 kB
Writeback:             0 kB
AnonPages:       1254516 kB
Mapped:           860616 kB
Shmem:             29568 kB
KReclaimable:     664364 kB
Slab:             224532 kB
SReclaimable:      76380 kB
SUnreclaim:       148152 kB
KernelStack:       47856 kB
PageTables:        68008 kB
NFS_Unstable:          0 kB
Bounce:                0 kB
WritebackTmp:          0 kB
CommitLimit:     9202292 kB
Committed_AS:   76649360 kB
VmallocTotal:   263061440 kB
VmallocUsed:      104880 kB
VmallocChunk:          0 kB
Percpu:             7648 kB
CmaTotal:         294912 kB
CmaFree:             128 kB
MemTotal:       12113136 kB
MemFree:         6479700 kB
MemAvailable:    8058732 kB
Buffers:            5560 kB
Cached:          1811892 kB
SwapCached:            0 kB
Active:          1570532 kB
Inactive:        1497680 kB
Active(anon):    1257616 kB
Inactive(anon):    27224 kB
Active(file):     312916 kB
Inactive(file):  1470456 kB
Unevictable:        5564 kB
Mlocked:            5564 kB
SwapTotal:       3145724 kB
SwapFree:        3145724 kB
Dirty:               324 kB
Writeback:             0 kB
AnonPages:       1256188 kB
Mapped:           860688 kB
Shmem:             29568 kB
KReclaimable:     664364 kB
Slab:             224572 kB
SReclaimable:      76380 kB
SUnreclaim:       148192 kB
KernelStack:       47904 kB
PageTables:        67824 kB
NFS_Unstable:          0 kB
Bounce:                0 kB
WritebackTmp:          0 kB
CommitLimit:     9202292 kB
Committed_AS:   76644936 kB
VmallocTotal:   263061440 kB
VmallocUsed:      104880 kB
VmallocChunk:          0 kB
Percpu:             7648 kB
CmaTotal:         294912 kB
CmaFree:               0 kB
MemTotal:       12113136 kB
MemFree:         6478740 kB
MemAvailable:    8057776 kB
Buffers:            5560 kB
Cached:          1811896 kB
SwapCached:            0 kB
Active:          1571176 kB
Inactive:        1497684 kB
Active(anon):    1258260 kB
Inactive(anon):    27224 kB
Active(file):     312916 kB
Inactive(file):  1470460 kB
Unevictable:        5564 kB
Mlocked:            5564 kB
SwapTotal:       3145724 kB
SwapFree:        3145724 kB
Dirty:               360 kB
Writeback:             0 kB
AnonPages:       1257272 kB
Mapped:           860688 kB
Shmem:             29568 kB
KReclaimable:     664364 kB
Slab:             224560 kB
SReclaimable:      76380 kB
SUnreclaim:       148180 kB
KernelStack:       47872 kB
PageTables:        67864 kB
NFS_Unstable:          0 kB
Bounce:                0 kB
WritebackTmp:          0 kB
CommitLimit:     9202292 kB
Committed_AS:   76649416 kB
VmallocTotal:   263061440 kB
VmallocUsed:      104928 kB
VmallocChunk:          0 kB
Percpu:             7648 kB
CmaTotal:         294912 kB
CmaFree:               0 kB
MemTotal:       12113136 kB
MemFree:         6477108 kB
MemAvailable:    8056168 kB
Buffers:            5560 kB
Cached:          1811924 kB
SwapCached:            0 kB
Active:          1572316 kB
Inactive:        1497712 kB
Active(anon):    1259400 kB
Inactive(anon):    27228 kB
Active(file):     312916 kB
Inactive(file):  1470484 kB
Unevictable:        5564 kB
Mlocked:            5564 kB
SwapTotal:       3145724 kB
SwapFree:        3145724 kB
Dirty:               416 kB
Writeback:             0 kB
AnonPages:       1258108 kB
Mapped:           860752 kB
Shmem:             29572 kB
KReclaimable:     664364 kB
Slab:             224568 kB
SReclaimable:      76380 kB
SUnreclaim:       148188 kB
KernelStack:       47888 kB
PageTables:        67960 kB
NFS_Unstable:          0 kB
Bounce:                0 kB
WritebackTmp:          0 kB
CommitLimit:     9202292 kB
Committed_AS:   76654608 kB
VmallocTotal:   263061440 kB
VmallocUsed:      104896 kB
VmallocChunk:          0 kB
Percpu:             7648 kB
CmaTotal:         294912 kB
CmaFree:               0 kB
MemTotal:       12113136 kB
MemFree:         6476756 kB
MemAvailable:    8055828 kB
Buffers:            5560 kB
Cached:          1811936 kB
SwapCached:            0 kB
Active:          1572556 kB
Inactive:        1497724 kB
Active(anon):    1259640 kB
Inactive(anon):    27228 kB
Active(file):     312916 kB
Inactive(file):  1470496 kB
Unevictable:        5564 kB
Mlocked:            5564 kB
SwapTotal:       3145724 kB
SwapFree:        3145724 kB
Dirty:               440 kB
Writeback:             0 kB
AnonPages:       1258500 kB
Mapped:           860752 kB
Shmem:             29572 kB
KReclaimable:     664364 kB
Slab:             224544 kB
SReclaimable:      76380 kB
SUnreclaim:       148164 kB
KernelStack:       47840 kB
PageTables:        67864 kB
NFS_Unstable:          0 kB
Bounce:                0 kB
WritebackTmp:          0 kB
CommitLimit:     9202292 kB
Committed_AS:   76654212 kB
VmallocTotal:   263061440 kB
VmallocUsed:      104880 kB
VmallocChunk:          0 kB
Percpu:             7648 kB
CmaTotal:         294912 kB
CmaFree:               0 kB
MemTotal:       12113136 kB
MemFree:         6475384 kB
MemAvailable:    8054464 kB
Buffers:            5560 kB
Cached:          1811944 kB
SwapCached:            0 kB
Active:          1574780 kB
Inactive:        1497732 kB
Active(anon):    1261864 kB
Inactive(anon):    27228 kB
Active(file):     312916 kB
Inactive(file):  1470504 kB
Unevictable:        5564 kB
Mlocked:            5564 kB
SwapTotal:       3145724 kB
SwapFree:        3145724 kB
Dirty:               488 kB
Writeback:             0 kB
AnonPages:       1260560 kB
Mapped:           860816 kB
Shmem:             29572 kB
KReclaimable:     664364 kB
Slab:             224608 kB
SReclaimable:      76380 kB
SUnreclaim:       148228 kB
KernelStack:       47840 kB
PageTables:        67848 kB
NFS_Unstable:          0 kB
Bounce:                0 kB
WritebackTmp:          0 kB
CommitLimit:     9202292 kB
Committed_AS:   76659140 kB
VmallocTotal:   263061440 kB
VmallocUsed:      104928 kB
VmallocChunk:          0 kB
Percpu:             7648 kB
CmaTotal:         294912 kB
CmaFree:               0 kB
MemTotal:       12113136 kB
MemFree:         6482680 kB
MemAvailable:    8061780 kB
Buffers:            5560 kB
Cached:          1811964 kB
SwapCached:            0 kB
Active:          1566884 kB
Inactive:        1497752 kB
Active(anon):    1253968 kB
Inactive(anon):    27228 kB
Active(file):     312916 kB
Inactive(file):  1470524 kB
Unevictable:        5564 kB
Mlocked:            5564 kB
SwapTotal:       3145724 kB
SwapFree:        3145724 kB
Dirty:               524 kB
Writeback:             0 kB
AnonPages:       1252648 kB
Mapped:           860824 kB
Shmem:             29572 kB
KReclaimable:     664364 kB
Slab:             224544 kB
SReclaimable:      76380 kB
SUnreclaim:       148164 kB
KernelStack:       47856 kB
PageTables:        67864 kB
NFS_Unstable:          0 kB
Bounce:                0 kB
WritebackTmp:          0 kB
CommitLimit:     9202292 kB
Committed_AS:   76659016 kB
VmallocTotal:   263061440 kB
VmallocUsed:      104960 kB
VmallocChunk:          0 kB
Percpu:             7648 kB
CmaTotal:         294912 kB
CmaFree:             688 kB
MemTotal:       12113136 kB
MemFree:         6480512 kB
MemAvailable:    8059620 kB
Buffers:            5560 kB
Cached:          1811972 kB
SwapCached:            0 kB
Active:          1568140 kB
Inactive:        1497760 kB
Active(anon):    1255224 kB
Inactive(anon):    27228 kB
Active(file):     312916 kB
Inactive(file):  1470532 kB
Unevictable:        5564 kB
Mlocked:            5564 kB
SwapTotal:       3145724 kB
SwapFree:        3145724 kB
Dirty:               584 kB
Writeback:             0 kB
AnonPages:       1254040 kB
Mapped:           860832 kB
Shmem:             29572 kB
KReclaimable:     664364 kB
Slab:             224580 kB
SReclaimable:      76380 kB
SUnreclaim:       148200 kB
KernelStack:       47856 kB
PageTables:        67864 kB
NFS_Unstable:          0 kB
Bounce:                0 kB
WritebackTmp:          0 kB
CommitLimit:     9202292 kB
Committed_AS:   76655316 kB
VmallocTotal:   263061440 kB
VmallocUsed:      104912 kB
VmallocChunk:          0 kB
Percpu:             7648 kB
CmaTotal:         294912 kB
CmaFree:               0 kB
MemTotal:       12113136 kB
MemFree:         6479856 kB
MemAvailable:    8058980 kB
Buffers:            5568 kB
Cached:          1811980 kB
SwapCached:            0 kB
Active:          1568372 kB
Inactive:        1497776 kB
Active(anon):    1255456 kB
Inactive(anon):    27228 kB
Active(file):     312916 kB
Inactive(file):  1470548 kB
Unevictable:        5564 kB
Mlocked:            5564 kB
SwapTotal:       3145724 kB
SwapFree:        3145724 kB
Dirty:               616 kB
Writeback:             0 kB
AnonPages:       1254204 kB
Mapped:           860832 kB
Shmem:             29572 kB
KReclaimable:     664364 kB
Slab:             224556 kB
SReclaimable:      76380 kB
SUnreclaim:       148176 kB
KernelStack:       47856 kB
PageTables:        67868 kB
NFS_Unstable:          0 kB
Bounce:                0 kB
WritebackTmp:          0 kB
CommitLimit:     9202292 kB
Committed_AS:   76650156 kB
VmallocTotal:   263061440 kB
VmallocUsed:      104960 kB
VmallocChunk:          0 kB
Percpu:             7648 kB
CmaTotal:         294912 kB
CmaFree:               0 kB
MemTotal:       12113136 kB
MemFree:         6479088 kB
MemAvailable:    8058248 kB
Buffers:            5568 kB
Cached:          1812016 kB
SwapCached:            0 kB
Active:          1569256 kB
Inactive:        1497804 kB
Active(anon):    1256332 kB
Inactive(anon):    27228 kB
Active(file):     312924 kB
Inactive(file):  1470576 kB
Unevictable:        5564 kB
Mlocked:            5564 kB
SwapTotal:       3145724 kB
SwapFree:        3145724 kB
Dirty:               616 kB
Writeback:             0 kB
AnonPages:       1255132 kB
Mapped:           860832 kB
Shmem:             29572 kB
KReclaimable:     664364 kB
Slab:             224560 kB
SReclaimable:      76380 kB
SUnreclaim:       148180 kB
KernelStack:       47856 kB
PageTables:        67872 kB
NFS_Unstable:          0 kB
Bounce:                0 kB
WritebackTmp:          0 kB
CommitLimit:     9202292 kB
Committed_AS:   76655016 kB
VmallocTotal:   263061440 kB
VmallocUsed:      104960 kB
VmallocChunk:          0 kB
Percpu:             7648 kB
CmaTotal:         294912 kB
CmaFree:               0 kB
MemTotal:       12113136 kB
MemFree:         6479556 kB
MemAvailable:    8058732 kB
Buffers:            5568 kB
Cached:          1812032 kB
SwapCached:            0 kB
Active:          1570024 kB
Inactive:        1497816 kB
Active(anon):    1257096 kB
Inactive(anon):    27228 kB
Active(file):     312928 kB
Inactive(file):  1470588 kB
Unevictable:        5564 kB
Mlocked:            5564 kB
SwapTotal:       3145724 kB
SwapFree:        3145724 kB
Dirty:               448 kB
Writeback:             0 kB
AnonPages:       1255908 kB
Mapped:           860840 kB
Shmem:             29572 kB
KReclaimable:     664364 kB
Slab:             224556 kB
SReclaimable:      76380 kB
SUnreclaim:       148176 kB
KernelStack:       47856 kB
PageTables:        67868 kB
NFS_Unstable:          0 kB
Bounce:                0 kB
WritebackTmp:          0 kB
CommitLimit:     9202292 kB
Committed_AS:   76654272 kB
VmallocTotal:   263061440 kB
VmallocUsed:      104944 kB
VmallocChunk:          0 kB
Percpu:             7648 kB
CmaTotal:         294912 kB
CmaFree:              16 kB
MemTotal:       12113136 kB
MemFree:         6479056 kB
MemAvailable:    8058240 kB
Buffers:            5568 kB
Cached:          1812040 kB
SwapCached:            0 kB
Active:          1570164 kB
Inactive:        1497828 kB
Active(anon):    1257240 kB
Inactive(anon):    27228 kB
Active(file):     312924 kB
Inactive(file):  1470600 kB
Unevictable:        5564 kB
Mlocked:            5564 kB
SwapTotal:       3145724 kB
SwapFree:        3145724 kB
Dirty:               332 kB
Writeback:             0 kB
AnonPages:       1255824 kB
Mapped:           860844 kB
Shmem:             29572 kB
KReclaimable:     664364 kB
Slab:             224544 kB
SReclaimable:      76380 kB
SUnreclaim:       148164 kB
KernelStack:       47856 kB
PageTables:        67860 kB
NFS_Unstable:          0 kB
Bounce:                0 kB
WritebackTmp:          0 kB
CommitLimit:     9202292 kB
Committed_AS:   76654184 kB
VmallocTotal:   263061440 kB
VmallocUsed:      104912 kB
VmallocChunk:          0 kB
Percpu:             7648 kB
CmaTotal:         294912 kB
CmaFree:             252 kB
MemTotal:       12113136 kB
MemFree:         6477872 kB
MemAvailable:    8057064 kB
Buffers:            5568 kB
Cached:          1812048 kB
SwapCached:            0 kB
Active:          1570840 kB
Inactive:        1497836 kB
Active(anon):    1257916 kB
Inactive(anon):    27228 kB
Active(file):     312924 kB
Inactive(file):  1470608 kB
Unevictable:        5564 kB
Mlocked:            5564 kB
SwapTotal:       3145724 kB
SwapFree:        3145724 kB
Dirty:               384 kB
Writeback:             0 kB
AnonPages:       1256780 kB
Mapped:           860848 kB
Shmem:             29572 kB
KReclaimable:     664364 kB
Slab:             224552 kB
SReclaimable:      76380 kB
SUnreclaim:       148172 kB
KernelStack:       47856 kB
PageTables:        67864 kB
NFS_Unstable:          0 kB
Bounce:                0 kB
WritebackTmp:          0 kB
CommitLimit:     9202292 kB
Committed_AS:   76650252 kB
VmallocTotal:   263061440 kB
VmallocUsed:      104912 kB
VmallocChunk:          0 kB
Percpu:             7648 kB
CmaTotal:         294912 kB
CmaFree:               0 kB
MemTotal:       12113136 kB
MemFree:         6477032 kB
MemAvailable:    8056236 kB
Buffers:            5568 kB
Cached:          1812060 kB
SwapCached:            0 kB
Active:          1572036 kB
Inactive:        1497848 kB
Active(anon):    1259112 kB
Inactive(anon):    27228 kB
Active(file):     312924 kB
Inactive(file):  1470620 kB
Unevictable:        5564 kB
Mlocked:            5564 kB
SwapTotal:       3145724 kB
SwapFree:        3145724 kB
Dirty:               400 kB
Writeback:             0 kB
AnonPages:       1258140 kB
Mapped:           860848 kB
Shmem:             29572 kB
KReclaimable:     664364 kB
Slab:             224572 kB
SReclaimable:      76380 kB
SUnreclaim:       148192 kB
KernelStack:       47856 kB
PageTables:        67872 kB
NFS_Unstable:          0 kB
Bounce:                0 kB
WritebackTmp:          0 kB
CommitLimit:     9202292 kB
Committed_AS:   76650956 kB
VmallocTotal:   263061440 kB
VmallocUsed:      104928 kB
VmallocChunk:          0 kB
Percpu:             7648 kB
CmaTotal:         294912 kB
CmaFree:               0 kB
MemTotal:       12113136 kB
MemFree:         6475468 kB
MemAvailable:    8054688 kB
Buffers:            5568 kB
Cached:          1812076 kB
SwapCached:            0 kB
Active:          1572632 kB
Inactive:        1497868 kB
Active(anon):    1259712 kB
Inactive(anon):    27228 kB
Active(file):     312920 kB
Inactive(file):  1470640 kB
Unevictable:        5564 kB
Mlocked:            5564 kB
SwapTotal:       3145724 kB
SwapFree:        3145724 kB
Dirty:               436 kB
Writeback:             0 kB
AnonPages:       1258580 kB
Mapped:           860808 kB
Shmem:             29572 kB
KReclaimable:     664364 kB
Slab:             224548 kB
SReclaimable:      76380 kB
SUnreclaim:       148168 kB
KernelStack:       47840 kB
PageTables:        67840 kB
NFS_Unstable:          0 kB
Bounce:                0 kB
WritebackTmp:          0 kB
CommitLimit:     9202292 kB
Committed_AS:   76647844 kB
VmallocTotal:   263061440 kB
VmallocUsed:      104960 kB
VmallocChunk:          0 kB
Percpu:             7648 kB
CmaTotal:         294912 kB
CmaFree:              12 kB
MemTotal:       12113136 kB
MemFree:         6477744 kB
MemAvailable:    8056968 kB
Buffers:            5568 kB
Cached:          1812080 kB
SwapCached:            0 kB
Active:          1569772 kB
Inactive:        1497872 kB
Active(anon):    1256852 kB
Inactive(anon):    27228 kB
Active(file):     312920 kB
Inactive(file):  1470644 kB
Unevictable:        5564 kB
Mlocked:            5564 kB
SwapTotal:       3145724 kB
SwapFree:        3145724 kB
Dirty:               508 kB
Writeback:             0 kB
AnonPages:       1255676 kB
Mapped:           860860 kB
Shmem:             29572 kB
KReclaimable:     664364 kB
Slab:             224564 kB
SReclaimable:      76380 kB
SUnreclaim:       148184 kB
KernelStack:       47872 kB
PageTables:        67988 kB
NFS_Unstable:          0 kB
Bounce:                0 kB
WritebackTmp:          0 kB
CommitLimit:     9202292 kB
Committed_AS:   76654764 kB
VmallocTotal:   263061440 kB
VmallocUsed:      104944 kB
VmallocChunk:          0 kB
Percpu:             7648 kB
CmaTotal:         294912 kB
CmaFree:               0 kB
MemTotal:       12113136 kB
MemFree:         6477900 kB
MemAvailable:    8057140 kB
Buffers:            5568 kB
Cached:          1812096 kB
SwapCached:            0 kB
Active:          1570780 kB
Inactive:        1497884 kB
Active(anon):    1257856 kB
Inactive(anon):    27228 kB
Active(file):     312924 kB
Inactive(file):  1470656 kB
Unevictable:        5564 kB
Mlocked:            5564 kB
SwapTotal:       3145724 kB
SwapFree:        3145724 kB
Dirty:               520 kB
Writeback:             0 kB
AnonPages:       1256740 kB
Mapped:           860860 kB
Shmem:             29572 kB
KReclaimable:     664364 kB
Slab:             224548 kB
SReclaimable:      76380 kB
SUnreclaim:       148168 kB
KernelStack:       47888 kB
PageTables:        67984 kB
NFS_Unstable:          0 kB
Bounce:                0 kB
WritebackTmp:          0 kB
CommitLimit:     9202292 kB
Committed_AS:   76654420 kB
VmallocTotal:   263061440 kB
VmallocUsed:      104928 kB
VmallocChunk:          0 kB
Percpu:             7648 kB
CmaTotal:         294912 kB
CmaFree:             112 kB
MemTotal:       12113136 kB
MemFree:         6479032 kB
MemAvailable:    8058280 kB
Buffers:            5568 kB
Cached:          1812104 kB
SwapCached:            0 kB
Active:          1570792 kB
Inactive:        1497888 kB
Active(anon):    1257864 kB
Inactive(anon):    27228 kB
Active(file):     312928 kB
Inactive(file):  1470660 kB
Unevictable:        5564 kB
Mlocked:            5564 kB
SwapTotal:       3145724 kB
SwapFree:        3145724 kB
Dirty:               552 kB
Writeback:             0 kB
AnonPages:       1256400 kB
Mapped:           860096 kB
Shmem:             29572 kB
KReclaimable:     664364 kB
Slab:             224572 kB
SReclaimable:      76380 kB
SUnreclaim:       148192 kB
KernelStack:       47872 kB
PageTables:        67876 kB
NFS_Unstable:          0 kB
Bounce:                0 kB
WritebackTmp:          0 kB
CommitLimit:     9202292 kB
Committed_AS:   76648940 kB
VmallocTotal:   263061440 kB
VmallocUsed:      104912 kB
VmallocChunk:          0 kB
Percpu:             7648 kB
CmaTotal:         294912 kB
CmaFree:               0 kB
MemTotal:       12113136 kB
MemFree:         6477796 kB
MemAvailable:    8057064 kB
Buffers:            5568 kB
Cached:          1812124 kB
SwapCached:            0 kB
Active:          1571940 kB
Inactive:        1497908 kB
Active(anon):    1259012 kB
Inactive(anon):    27228 kB
Active(file):     312928 kB
Inactive(file):  1470680 kB
Unevictable:        5564 kB
Mlocked:            5564 kB
SwapTotal:       3145724 kB
SwapFree:        3145724 kB
Dirty:               648 kB
Writeback:             0 kB
AnonPages:       1257648 kB
Mapped:           860108 kB
Shmem:             29572 kB
KReclaimable:     664364 kB
Slab:             224564 kB
SReclaimable:      76380 kB
SUnreclaim:       148184 kB
KernelStack:       47856 kB
PageTables:        67876 kB
NFS_Unstable:          0 kB
Bounce:                0 kB
WritebackTmp:          0 kB
CommitLimit:     9202292 kB
Committed_AS:   76654948 kB
VmallocTotal:   263061440 kB
VmallocUsed:      104912 kB
VmallocChunk:          0 kB
Percpu:             7648 kB
CmaTotal:         294912 kB
CmaFree:               0 kB
MemTotal:       12113136 kB
MemFree:         6476164 kB
MemAvailable:    8055448 kB
Buffers:            5568 kB
Cached:          1812144 kB
SwapCached:            0 kB
Active:          1572612 kB
Inactive:        1497928 kB
Active(anon):    1259684 kB
Inactive(anon):    27232 kB
Active(file):     312928 kB
Inactive(file):  1470696 kB
Unevictable:        5564 kB
Mlocked:            5564 kB
SwapTotal:       3145724 kB
SwapFree:        3145724 kB
Dirty:               684 kB
Writeback:             0 kB
AnonPages:       1258388 kB
Mapped:           860112 kB
Shmem:             29576 kB
KReclaimable:     664364 kB
Slab:             224580 kB
SReclaimable:      76380 kB
SUnreclaim:       148200 kB
KernelStack:       47856 kB
PageTables:        67864 kB
NFS_Unstable:          0 kB
Bounce:                0 kB
WritebackTmp:          0 kB
CommitLimit:     9202292 kB
Committed_AS:   76654464 kB
VmallocTotal:   263061440 kB
VmallocUsed:      104912 kB
VmallocChunk:          0 kB
Percpu:             7648 kB
CmaTotal:         294912 kB
CmaFree:               0 kB
MemTotal:       12113136 kB
MemFree:         6475892 kB
MemAvailable:    8055192 kB
Buffers:            5568 kB
Cached:          1812160 kB
SwapCached:            0 kB
Active:          1574100 kB
Inactive:        1497944 kB
Active(anon):    1261172 kB
Inactive(anon):    27232 kB
Active(file):     312928 kB
Inactive(file):  1470712 kB
Unevictable:        5564 kB
Mlocked:            5564 kB
SwapTotal:       3145724 kB
SwapFree:        3145724 kB
Dirty:               268 kB
Writeback:             0 kB
AnonPages:       1260092 kB
Mapped:           860124 kB
Shmem:             29576 kB
KReclaimable:     664364 kB
Slab:             224560 kB
SReclaimable:      76380 kB
SUnreclaim:       148180 kB
KernelStack:       47856 kB
PageTables:        67868 kB
NFS_Unstable:          0 kB
Bounce:                0 kB
WritebackTmp:          0 kB
CommitLimit:     9202292 kB
Committed_AS:   76655340 kB
VmallocTotal:   263061440 kB
VmallocUsed:      104928 kB
VmallocChunk:          0 kB
Percpu:             7648 kB
CmaTotal:         294912 kB
CmaFree:               0 kB
MemTotal:       12113136 kB
MemFree:         6475036 kB
MemAvailable:    8054348 kB
Buffers:            5568 kB
Cached:          1812176 kB
SwapCached:            0 kB
Active:          1574840 kB
Inactive:        1497960 kB
Active(anon):    1261912 kB
Inactive(anon):    27236 kB
Active(file):     312928 kB
Inactive(file):  1470724 kB
Unevictable:        5564 kB
Mlocked:            5564 kB
SwapTotal:       3145724 kB
SwapFree:        3145724 kB
Dirty:               340 kB
Writeback:             0 kB
AnonPages:       1260940 kB
Mapped:           860128 kB
Shmem:             29580 kB
KReclaimable:     664364 kB
Slab:             224640 kB
SReclaimable:      76380 kB
SUnreclaim:       148260 kB
KernelStack:       47872 kB
PageTables:        68116 kB
NFS_Unstable:          0 kB
Bounce:                0 kB
WritebackTmp:          0 kB
CommitLimit:     9202292 kB
Committed_AS:   76649032 kB
VmallocTotal:   263061440 kB
VmallocUsed:      104880 kB
VmallocChunk:          0 kB
Percpu:             7648 kB
CmaTotal:         294912 kB
CmaFree:               0 kB
MemTotal:       12113136 kB
MemFree:         6474344 kB
MemAvailable:    8053664 kB
Buffers:            5568 kB
Cached:          1812188 kB
SwapCached:            0 kB
Active:          1575440 kB
Inactive:        1497972 kB
Active(anon):    1262512 kB
Inactive(anon):    27240 kB
Active(file):     312928 kB
Inactive(file):  1470732 kB
Unevictable:        5564 kB
Mlocked:            5564 kB
SwapTotal:       3145724 kB
SwapFree:        3145724 kB
Dirty:               380 kB
Writeback:             0 kB
AnonPages:       1261392 kB
Mapped:           860132 kB
Shmem:             29584 kB
KReclaimable:     664364 kB
Slab:             224632 kB
SReclaimable:      76380 kB
SUnreclaim:       148252 kB
KernelStack:       47856 kB
PageTables:        67864 kB
NFS_Unstable:          0 kB
Bounce:                0 kB
WritebackTmp:          0 kB
CommitLimit:     9202292 kB
Committed_AS:   76653404 kB
VmallocTotal:   263061440 kB
VmallocUsed:      104944 kB
VmallocChunk:          0 kB
Percpu:             7648 kB
CmaTotal:         294912 kB
CmaFree:               0 kB
MemTotal:       12113136 kB
MemFree:         6472188 kB
MemAvailable:    8051512 kB
Buffers:            5568 kB
Cached:          1812196 kB
SwapCached:            0 kB
Active:          1578936 kB
Inactive:        1497980 kB
Active(anon):    1266008 kB
Inactive(anon):    27244 kB
Active(file):     312928 kB
Inactive(file):  1470736 kB
Unevictable:        5564 kB
Mlocked:            5564 kB
SwapTotal:       3145724 kB
SwapFree:        3145724 kB
Dirty:               624 kB
Writeback:             0 kB
AnonPages:       1264612 kB
Mapped:           860144 kB
Shmem:             29588 kB
KReclaimable:     664364 kB
Slab:             224644 kB
SReclaimable:      76380 kB
SUnreclaim:       148264 kB
KernelStack:       48000 kB
PageTables:        67940 kB
NFS_Unstable:          0 kB
Bounce:                0 kB
WritebackTmp:          0 kB
CommitLimit:     9202292 kB
Committed_AS:   76660868 kB
VmallocTotal:   263061440 kB
VmallocUsed:      105040 kB
VmallocChunk:          0 kB
Percpu:             7648 kB
CmaTotal:         294912 kB
CmaFree:               0 kB
MemTotal:       12113136 kB
MemFree:         6468160 kB
MemAvailable:    8047520 kB
Buffers:            5572 kB
Cached:          1812228 kB
SwapCached:            0 kB
Active:          1580928 kB
Inactive:        1498012 kB
Active(anon):    1267996 kB
Inactive(anon):    27244 kB
Active(file):     312932 kB
Inactive(file):  1470768 kB
Unevictable:        5564 kB
Mlocked:            5564 kB
SwapTotal:       3145724 kB
SwapFree:        3145724 kB
Dirty:               668 kB
Writeback:             0 kB
AnonPages:       1266412 kB
Mapped:           873624 kB
Shmem:             29588 kB
KReclaimable:     664364 kB
Slab:             224636 kB
SReclaimable:      76380 kB
SUnreclaim:       148256 kB
KernelStack:       47984 kB
PageTables:        67936 kB
NFS_Unstable:          0 kB
Bounce:                0 kB
WritebackTmp:          0 kB
CommitLimit:     9202292 kB
Committed_AS:   76652608 kB
VmallocTotal:   263061440 kB
VmallocUsed:      104992 kB
