MemTotal:       12113136 kB
MemFree:         6492568 kB
MemAvailable:    7916000 kB
Buffers:            4848 kB
Cached:          1657240 kB
SwapCached:            0 kB
Active:          1504892 kB
Inactive:        1477088 kB
Active(anon):    1326376 kB
Inactive(anon):    23244 kB
Active(file):     178516 kB
Inactive(file):  1453844 kB
Unevictable:        5620 kB
Mlocked:            5620 kB
SwapTotal:       3145724 kB
SwapFree:        3145724 kB
Dirty:               264 kB
Writeback:             0 kB
AnonPages:       1325600 kB
Mapped:           862960 kB
Shmem:             25160 kB
KReclaimable:     659776 kB
Slab:             221044 kB
SReclaimable:      72712 kB
SUnreclaim:       148332 kB
KernelStack:       47744 kB
PageTables:        66896 kB
NFS_Unstable:          0 kB
Bounce:                0 kB
WritebackTmp:          0 kB
CommitLimit:     9202292 kB
Committed_AS:   75026520 kB
VmallocTotal:   263061440 kB
VmallocUsed:      104744 kB
VmallocChunk:          0 kB
Percpu:             7552 kB
CmaTotal:         294912 kB
CmaFree:               0 kB
MemTotal:       12113136 kB
MemFree:         6492600 kB
MemAvailable:    7916100 kB
Buffers:            4848 kB
Cached:          1657308 kB
SwapCached:            0 kB
Active:          1505004 kB
Inactive:        1477124 kB
Active(anon):    1326456 kB
Inactive(anon):    23244 kB
Active(file):     178548 kB
Inactive(file):  1453880 kB
Unevictable:        5620 kB
Mlocked:            5620 kB
SwapTotal:       3145724 kB
SwapFree:        3145724 kB
Dirty:               392 kB
Writeback:             0 kB
AnonPages:       1325732 kB
Mapped:           862960 kB
Shmem:             25160 kB
KReclaimable:     659776 kB
Slab:             221044 kB
SReclaimable:      72712 kB
SUnreclaim:       148332 kB
KernelStack:       47728 kB
PageTables:        66880 kB
NFS_Unstable:          0 kB
Bounce:                0 kB
WritebackTmp:          0 kB
CommitLimit:     9202292 kB
Committed_AS:   75026044 kB
VmallocTotal:   263061440 kB
VmallocUsed:      104728 kB
VmallocChunk:          0 kB
Percpu:             7552 kB
CmaTotal:         294912 kB
CmaFree:               0 kB
MemTotal:       12113136 kB
MemFree:         6491336 kB
MemAvailable:    7914840 kB
Buffers:            4848 kB
Cached:          1657312 kB
SwapCached:            0 kB
Active:          1505836 kB
Inactive:        1477128 kB
Active(anon):    1327288 kB
Inactive(anon):    23244 kB
Active(file):     178548 kB
Inactive(file):  1453884 kB
Unevictable:        5620 kB
Mlocked:            5620 kB
SwapTotal:       3145724 kB
SwapFree:        3145724 kB
Dirty:               396 kB
Writeback:             0 kB
AnonPages:       1326292 kB
Mapped:           862960 kB
Shmem:             25160 kB
KReclaimable:     659776 kB
Slab:             221052 kB
SReclaimable:      72712 kB
SUnreclaim:       148340 kB
KernelStack:       47760 kB
PageTables:        66932 kB
NFS_Unstable:          0 kB
Bounce:                0 kB
WritebackTmp:          0 kB
CommitLimit:     9202292 kB
Committed_AS:   75031684 kB
VmallocTotal:   263061440 kB
VmallocUsed:      104776 kB
VmallocChunk:          0 kB
Percpu:             7552 kB
CmaTotal:         294912 kB
CmaFree:               0 kB
MemTotal:       12113136 kB
MemFree:         6490584 kB
MemAvailable:    7914108 kB
Buffers:            4848 kB
Cached:          1657332 kB
SwapCached:            0 kB
Active:          1506452 kB
Inactive:        1477148 kB
Active(anon):    1327904 kB
Inactive(anon):    23244 kB
Active(file):     178548 kB
Inactive(file):  1453904 kB
Unevictable:        5620 kB
Mlocked:            5620 kB
SwapTotal:       3145724 kB
SwapFree:        3145724 kB
Dirty:               416 kB
Writeback:             0 kB
AnonPages:       1327164 kB
Mapped:           862960 kB
Shmem:             25160 kB
KReclaimable:     659776 kB
Slab:             221052 kB
SReclaimable:      72712 kB
SUnreclaim:       148340 kB
KernelStack:       47728 kB
PageTables:        66880 kB
NFS_Unstable:          0 kB
Bounce:                0 kB
WritebackTmp:          0 kB
CommitLimit:     9202292 kB
Committed_AS:   75036832 kB
VmallocTotal:   263061440 kB
VmallocUsed:      104808 kB
VmallocChunk:          0 kB
Percpu:             7552 kB
CmaTotal:         294912 kB
CmaFree:               0 kB
MemTotal:       12113136 kB
MemFree:         6489492 kB
MemAvailable:    7913044 kB
Buffers:            4848 kB
Cached:          1657364 kB
SwapCached:            0 kB
Active:          1507444 kB
Inactive:        1477180 kB
Active(anon):    1328896 kB
Inactive(anon):    23248 kB
Active(file):     178548 kB
Inactive(file):  1453932 kB
Unevictable:        5620 kB
Mlocked:            5620 kB
SwapTotal:       3145724 kB
SwapFree:        3145724 kB
Dirty:               464 kB
Writeback:             0 kB
AnonPages:       1328100 kB
Mapped:           862964 kB
Shmem:             25164 kB
KReclaimable:     659776 kB
Slab:             221036 kB
SReclaimable:      72712 kB
SUnreclaim:       148324 kB
KernelStack:       47744 kB
PageTables:        66900 kB
NFS_Unstable:          0 kB
Bounce:                0 kB
WritebackTmp:          0 kB
CommitLimit:     9202292 kB
Committed_AS:   75047516 kB
VmallocTotal:   263061440 kB
VmallocUsed:      104824 kB
VmallocChunk:          0 kB
Percpu:             7552 kB
CmaTotal:         294912 kB
CmaFree:               0 kB
MemTotal:       12113136 kB
MemFree:         6488128 kB
MemAvailable:    7911688 kB
Buffers:            4848 kB
Cached:          1657376 kB
SwapCached:            0 kB
Active:          1508712 kB
Inactive:        1477192 kB
Active(anon):    1330164 kB
Inactive(anon):    23252 kB
Active(file):     178548 kB
Inactive(file):  1453940 kB
Unevictable:        5620 kB
Mlocked:            5620 kB
SwapTotal:       3145724 kB
SwapFree:        3145724 kB
Dirty:               220 kB
Writeback:             0 kB
AnonPages:       1329404 kB
Mapped:           862968 kB
Shmem:             25168 kB
KReclaimable:     659776 kB
Slab:             221044 kB
SReclaimable:      72712 kB
SUnreclaim:       148332 kB
KernelStack:       47808 kB
PageTables:        66880 kB
NFS_Unstable:          0 kB
Bounce:                0 kB
WritebackTmp:          0 kB
CommitLimit:     9202292 kB
Committed_AS:   75047612 kB
VmallocTotal:   263061440 kB
VmallocUsed:      104856 kB
VmallocChunk:          0 kB
Percpu:             7552 kB
CmaTotal:         294912 kB
CmaFree:               0 kB
MemTotal:       12113136 kB
MemFree:         6487836 kB
MemAvailable:    7911404 kB
Buffers:            4848 kB
Cached:          1657384 kB
SwapCached:            0 kB
Active:          1509468 kB
Inactive:        1477200 kB
Active(anon):    1330920 kB
Inactive(anon):    23252 kB
Active(file):     178548 kB
Inactive(file):  1453948 kB
Unevictable:        5620 kB
Mlocked:            5620 kB
SwapTotal:       3145724 kB
SwapFree:        3145724 kB
Dirty:               252 kB
Writeback:             0 kB
AnonPages:       1330152 kB
Mapped:           862968 kB
Shmem:             25168 kB
KReclaimable:     659776 kB
Slab:             221044 kB
SReclaimable:      72712 kB
SUnreclaim:       148332 kB
KernelStack:       47840 kB
PageTables:        66916 kB
NFS_Unstable:          0 kB
Bounce:                0 kB
WritebackTmp:          0 kB
CommitLimit:     9202292 kB
Committed_AS:   75047520 kB
VmallocTotal:   263061440 kB
VmallocUsed:      104856 kB
VmallocChunk:          0 kB
Percpu:             7552 kB
CmaTotal:         294912 kB
CmaFree:               0 kB
MemTotal:       12113136 kB
MemFree:         6486132 kB
MemAvailable:    7909712 kB
Buffers:            4848 kB
Cached:          1657396 kB
SwapCached:            0 kB
Active:          1509660 kB
Inactive:        1477212 kB
Active(anon):    1331112 kB
Inactive(anon):    23252 kB
Active(file):     178548 kB
Inactive(file):  1453960 kB
Unevictable:        5620 kB
Mlocked:            5620 kB
SwapTotal:       3145724 kB
SwapFree:        3145724 kB
Dirty:               292 kB
Writeback:             0 kB
AnonPages:       1330324 kB
Mapped:           862968 kB
Shmem:             25168 kB
KReclaimable:     659776 kB
Slab:             221044 kB
SReclaimable:      72712 kB
SUnreclaim:       148332 kB
KernelStack:       47808 kB
PageTables:        66888 kB
NFS_Unstable:          0 kB
Bounce:                0 kB
WritebackTmp:          0 kB
CommitLimit:     9202292 kB
Committed_AS:   75047572 kB
VmallocTotal:   263061440 kB
VmallocUsed:      104888 kB
VmallocChunk:          0 kB
Percpu:             7552 kB
CmaTotal:         294912 kB
CmaFree:               0 kB
MemTotal:       12113136 kB
MemFree:         6497032 kB
MemAvailable:    7920628 kB
Buffers:            4848 kB
Cached:          1657412 kB
SwapCached:            0 kB
Active:          1497712 kB
Inactive:        1477228 kB
Active(anon):    1319164 kB
Inactive(anon):    23252 kB
Active(file):     178548 kB
Inactive(file):  1453976 kB
Unevictable:        5620 kB
Mlocked:            5620 kB
SwapTotal:       3145724 kB
SwapFree:        3145724 kB
Dirty:               312 kB
Writeback:             0 kB
AnonPages:       1318424 kB
Mapped:           862968 kB
Shmem:             25168 kB
KReclaimable:     659776 kB
Slab:             221044 kB
SReclaimable:      72712 kB
SUnreclaim:       148332 kB
KernelStack:       47808 kB
PageTables:        66892 kB
NFS_Unstable:          0 kB
Bounce:                0 kB
WritebackTmp:          0 kB
CommitLimit:     9202292 kB
Committed_AS:   75047176 kB
VmallocTotal:   263061440 kB
VmallocUsed:      104888 kB
VmallocChunk:          0 kB
Percpu:             7552 kB
CmaTotal:         294912 kB
CmaFree:               0 kB
MemTotal:       12113136 kB
MemFree:         6495744 kB
MemAvailable:    7919368 kB
Buffers:            4852 kB
Cached:          1657440 kB
SwapCached:            0 kB
Active:          1499308 kB
Inactive:        1477256 kB
Active(anon):    1320756 kB
Inactive(anon):    23256 kB
Active(file):     178552 kB
Inactive(file):  1454000 kB
Unevictable:        5620 kB
Mlocked:            5620 kB
SwapTotal:       3145724 kB
SwapFree:        3145724 kB
Dirty:               304 kB
Writeback:             0 kB
AnonPages:       1319936 kB
Mapped:           862972 kB
Shmem:             25172 kB
KReclaimable:     659776 kB
Slab:             221044 kB
SReclaimable:      72712 kB
SUnreclaim:       148332 kB
KernelStack:       47808 kB
PageTables:        66880 kB
NFS_Unstable:          0 kB
Bounce:                0 kB
WritebackTmp:          0 kB
CommitLimit:     9202292 kB
Committed_AS:   75047080 kB
VmallocTotal:   263061440 kB
VmallocUsed:      104872 kB
VmallocChunk:          0 kB
Percpu:             7552 kB
CmaTotal:         294912 kB
CmaFree:               0 kB
MemTotal:       12113136 kB
MemFree:         6494888 kB
MemAvailable:    7918528 kB
Buffers:            4852 kB
Cached:          1657464 kB
SwapCached:            0 kB
Active:          1500020 kB
Inactive:        1477280 kB
Active(anon):    1321468 kB
Inactive(anon):    23264 kB
Active(file):     178552 kB
Inactive(file):  1454016 kB
Unevictable:        5620 kB
Mlocked:            5620 kB
SwapTotal:       3145724 kB
SwapFree:        3145724 kB
Dirty:               352 kB
Writeback:             0 kB
AnonPages:       1320756 kB
Mapped:           862980 kB
Shmem:             25180 kB
KReclaimable:     659776 kB
Slab:             221036 kB
SReclaimable:      72712 kB
SUnreclaim:       148324 kB
KernelStack:       47824 kB
PageTables:        66912 kB
NFS_Unstable:          0 kB
Bounce:                0 kB
WritebackTmp:          0 kB
CommitLimit:     9202292 kB
Committed_AS:   75046688 kB
VmallocTotal:   263061440 kB
VmallocUsed:      104888 kB
VmallocChunk:          0 kB
Percpu:             7552 kB
CmaTotal:         294912 kB
CmaFree:               0 kB
MemTotal:       12113136 kB
MemFree:         6493892 kB
MemAvailable:    7917540 kB
Buffers:            4852 kB
Cached:          1657472 kB
SwapCached:            0 kB
Active:          1500780 kB
Inactive:        1477288 kB
Active(anon):    1322228 kB
Inactive(anon):    23264 kB
Active(file):     178552 kB
Inactive(file):  1454024 kB
Unevictable:        5620 kB
Mlocked:            5620 kB
SwapTotal:       3145724 kB
SwapFree:        3145724 kB
Dirty:               364 kB
Writeback:             0 kB
AnonPages:       1321468 kB
Mapped:           862980 kB
Shmem:             25180 kB
KReclaimable:     659776 kB
Slab:             221036 kB
SReclaimable:      72712 kB
SUnreclaim:       148324 kB
KernelStack:       47792 kB
PageTables:        66832 kB
NFS_Unstable:          0 kB
Bounce:                0 kB
WritebackTmp:          0 kB
CommitLimit:     9202292 kB
Committed_AS:   75048276 kB
VmallocTotal:   263061440 kB
VmallocUsed:      104904 kB
VmallocChunk:          0 kB
Percpu:             7552 kB
CmaTotal:         294912 kB
CmaFree:               0 kB
MemTotal:       12113136 kB
MemFree:         6492968 kB
MemAvailable:    7916632 kB
Buffers:            4852 kB
Cached:          1657488 kB
SwapCached:            0 kB
Active:          1501408 kB
Inactive:        1477304 kB
Active(anon):    1322856 kB
Inactive(anon):    23264 kB
Active(file):     178552 kB
Inactive(file):  1454040 kB
Unevictable:        5620 kB
Mlocked:            5620 kB
SwapTotal:       3145724 kB
SwapFree:        3145724 kB
Dirty:               384 kB
Writeback:             0 kB
AnonPages:       1322212 kB
Mapped:           862980 kB
Shmem:             25180 kB
KReclaimable:     659776 kB
Slab:             221056 kB
SReclaimable:      72712 kB
SUnreclaim:       148344 kB
KernelStack:       47824 kB
PageTables:        66940 kB
NFS_Unstable:          0 kB
Bounce:                0 kB
WritebackTmp:          0 kB
CommitLimit:     9202292 kB
Committed_AS:   75048024 kB
VmallocTotal:   263061440 kB
VmallocUsed:      104888 kB
VmallocChunk:          0 kB
Percpu:             7552 kB
CmaTotal:         294912 kB
CmaFree:              32 kB
MemTotal:       12113136 kB
MemFree:         6494068 kB
MemAvailable:    7917744 kB
Buffers:            4852 kB
Cached:          1657500 kB
SwapCached:            0 kB
Active:          1501792 kB
Inactive:        1477316 kB
Active(anon):    1323240 kB
Inactive(anon):    23264 kB
Active(file):     178552 kB
Inactive(file):  1454052 kB
Unevictable:        5620 kB
Mlocked:            5620 kB
SwapTotal:       3145724 kB
SwapFree:        3145724 kB
Dirty:               408 kB
Writeback:             0 kB
AnonPages:       1322440 kB
Mapped:           862980 kB
Shmem:             25180 kB
KReclaimable:     659776 kB
Slab:             221048 kB
SReclaimable:      72712 kB
SUnreclaim:       148336 kB
KernelStack:       47808 kB
PageTables:        66888 kB
NFS_Unstable:          0 kB
Bounce:                0 kB
WritebackTmp:          0 kB
CommitLimit:     9202292 kB
Committed_AS:   75047580 kB
VmallocTotal:   263061440 kB
VmallocUsed:      104904 kB
VmallocChunk:          0 kB
Percpu:             7552 kB
CmaTotal:         294912 kB
CmaFree:               0 kB
MemTotal:       12113136 kB
MemFree:         6494912 kB
MemAvailable:    7918600 kB
Buffers:            4852 kB
Cached:          1657724 kB
SwapCached:            0 kB
Active:          1501836 kB
Inactive:        1477512 kB
Active(anon):    1323284 kB
Inactive(anon):    23448 kB
Active(file):     178552 kB
Inactive(file):  1454064 kB
Unevictable:        5620 kB
Mlocked:            5620 kB
SwapTotal:       3145724 kB
SwapFree:        3145724 kB
Dirty:               420 kB
Writeback:             0 kB
AnonPages:       1322132 kB
Mapped:           863212 kB
Shmem:             25392 kB
KReclaimable:     659776 kB
Slab:             221048 kB
SReclaimable:      72712 kB
SUnreclaim:       148336 kB
KernelStack:       47840 kB
PageTables:        66944 kB
NFS_Unstable:          0 kB
Bounce:                0 kB
WritebackTmp:          0 kB
CommitLimit:     9202292 kB
Committed_AS:   75047448 kB
VmallocTotal:   263061440 kB
VmallocUsed:      104904 kB
VmallocChunk:          0 kB
Percpu:             7552 kB
CmaTotal:         294912 kB
CmaFree:               0 kB
MemTotal:       12113136 kB
MemFree:         6494232 kB
MemAvailable:    7917928 kB
Buffers:            4852 kB
Cached:          1657524 kB
SwapCached:            0 kB
Active:          1502652 kB
Inactive:        1477340 kB
Active(anon):    1324100 kB
Inactive(anon):    23268 kB
Active(file):     178552 kB
Inactive(file):  1454072 kB
Unevictable:        5620 kB
Mlocked:            5620 kB
SwapTotal:       3145724 kB
SwapFree:        3145724 kB
Dirty:               172 kB
Writeback:             0 kB
AnonPages:       1323340 kB
Mapped:           862984 kB
Shmem:             25184 kB
KReclaimable:     659776 kB
Slab:             220972 kB
SReclaimable:      72712 kB
SUnreclaim:       148260 kB
KernelStack:       47808 kB
PageTables:        66900 kB
NFS_Unstable:          0 kB
Bounce:                0 kB
WritebackTmp:          0 kB
CommitLimit:     9202292 kB
Committed_AS:   75047412 kB
VmallocTotal:   263061440 kB
VmallocUsed:      104936 kB
VmallocChunk:          0 kB
Percpu:             7552 kB
CmaTotal:         294912 kB
CmaFree:               0 kB
MemTotal:       12113136 kB
MemFree:         6493648 kB
MemAvailable:    7917360 kB
Buffers:            4852 kB
Cached:          1657548 kB
SwapCached:            0 kB
Active:          1503408 kB
Inactive:        1477364 kB
Active(anon):    1324856 kB
Inactive(anon):    23276 kB
Active(file):     178552 kB
Inactive(file):  1454088 kB
Unevictable:        5620 kB
Mlocked:            5620 kB
SwapTotal:       3145724 kB
SwapFree:        3145724 kB
Dirty:               244 kB
Writeback:             0 kB
AnonPages:       1324092 kB
Mapped:           863028 kB
Shmem:             25192 kB
KReclaimable:     659776 kB
Slab:             220996 kB
SReclaimable:      72712 kB
SUnreclaim:       148284 kB
KernelStack:       47824 kB
PageTables:        66936 kB
NFS_Unstable:          0 kB
Bounce:                0 kB
WritebackTmp:          0 kB
CommitLimit:     9202292 kB
Committed_AS:   75042552 kB
VmallocTotal:   263061440 kB
VmallocUsed:      104904 kB
VmallocChunk:          0 kB
Percpu:             7552 kB
CmaTotal:         294912 kB
CmaFree:               0 kB
MemTotal:       12113136 kB
MemFree:         6492632 kB
MemAvailable:    7916352 kB
Buffers:            4852 kB
Cached:          1657556 kB
SwapCached:            0 kB
Active:          1504048 kB
Inactive:        1477372 kB
Active(anon):    1325496 kB
Inactive(anon):    23276 kB
Active(file):     178552 kB
Inactive(file):  1454096 kB
Unevictable:        5620 kB
Mlocked:            5620 kB
SwapTotal:       3145724 kB
SwapFree:        3145724 kB
Dirty:               272 kB
Writeback:             0 kB
AnonPages:       1324748 kB
Mapped:           862992 kB
Shmem:             25192 kB
KReclaimable:     659776 kB
Slab:             221000 kB
SReclaimable:      72712 kB
SUnreclaim:       148288 kB
KernelStack:       47808 kB
PageTables:        66896 kB
NFS_Unstable:          0 kB
Bounce:                0 kB
WritebackTmp:          0 kB
CommitLimit:     9202292 kB
Committed_AS:   75050712 kB
VmallocTotal:   263061440 kB
VmallocUsed:      104920 kB
VmallocChunk:          0 kB
Percpu:             7552 kB
CmaTotal:         294912 kB
CmaFree:               0 kB
MemTotal:       12113136 kB
MemFree:         6491716 kB
MemAvailable:    7915444 kB
Buffers:            4852 kB
Cached:          1657564 kB
SwapCached:            0 kB
Active:          1504640 kB
Inactive:        1477384 kB
Active(anon):    1326092 kB
Inactive(anon):    23276 kB
Active(file):     178548 kB
Inactive(file):  1454108 kB
Unevictable:        5620 kB
Mlocked:            5620 kB
SwapTotal:       3145724 kB
SwapFree:        3145724 kB
Dirty:               296 kB
Writeback:             0 kB
AnonPages:       1325280 kB
Mapped:           862992 kB
Shmem:             25192 kB
KReclaimable:     659776 kB
Slab:             221000 kB
SReclaimable:      72712 kB
SUnreclaim:       148288 kB
KernelStack:       47840 kB
PageTables:        66936 kB
NFS_Unstable:          0 kB
Bounce:                0 kB
WritebackTmp:          0 kB
CommitLimit:     9202292 kB
Committed_AS:   75051112 kB
VmallocTotal:   263061440 kB
VmallocUsed:      104904 kB
VmallocChunk:          0 kB
Percpu:             7552 kB
CmaTotal:         294912 kB
CmaFree:               0 kB
MemTotal:       12113136 kB
MemFree:         6490772 kB
MemAvailable:    7914532 kB
Buffers:            4852 kB
Cached:          1657612 kB
SwapCached:            0 kB
Active:          1505664 kB
Inactive:        1477428 kB
Active(anon):    1327112 kB
Inactive(anon):    23292 kB
Active(file):     178552 kB
Inactive(file):  1454136 kB
Unevictable:        5620 kB
Mlocked:            5620 kB
SwapTotal:       3145724 kB
SwapFree:        3145724 kB
Dirty:               352 kB
Writeback:             0 kB
AnonPages:       1326168 kB
Mapped:           863008 kB
Shmem:             25208 kB
KReclaimable:     659776 kB
Slab:             221000 kB
SReclaimable:      72712 kB
SUnreclaim:       148288 kB
KernelStack:       47808 kB
PageTables:        66896 kB
NFS_Unstable:          0 kB
Bounce:                0 kB
WritebackTmp:          0 kB
CommitLimit:     9202292 kB
Committed_AS:   75051636 kB
VmallocTotal:   263061440 kB
VmallocUsed:      104872 kB
VmallocChunk:          0 kB
Percpu:             7552 kB
CmaTotal:         294912 kB
CmaFree:              24 kB
MemTotal:       12113136 kB
MemFree:         6490072 kB
MemAvailable:    7913840 kB
Buffers:            4852 kB
Cached:          1657620 kB
SwapCached:            0 kB
Active:          1506040 kB
Inactive:        1477436 kB
Active(anon):    1327488 kB
Inactive(anon):    23292 kB
Active(file):     178552 kB
Inactive(file):  1454144 kB
Unevictable:        5620 kB
Mlocked:            5620 kB
SwapTotal:       3145724 kB
SwapFree:        3145724 kB
Dirty:               364 kB
Writeback:             0 kB
AnonPages:       1326728 kB
Mapped:           863028 kB
Shmem:             25208 kB
KReclaimable:     659776 kB
Slab:             221004 kB
SReclaimable:      72712 kB
SUnreclaim:       148292 kB
KernelStack:       47856 kB
PageTables:        67068 kB
NFS_Unstable:          0 kB
Bounce:                0 kB
WritebackTmp:          0 kB
CommitLimit:     9202292 kB
Committed_AS:   75046056 kB
VmallocTotal:   263061440 kB
VmallocUsed:      104888 kB
VmallocChunk:          0 kB
Percpu:             7552 kB
CmaTotal:         294912 kB
CmaFree:               0 kB
MemTotal:       12113136 kB
MemFree:         6499980 kB
MemAvailable:    7923768 kB
Buffers:            4852 kB
Cached:          1657640 kB
SwapCached:            0 kB
Active:          1494612 kB
Inactive:        1477456 kB
Active(anon):    1316060 kB
Inactive(anon):    23292 kB
Active(file):     178552 kB
Inactive(file):  1454164 kB
Unevictable:        5620 kB
Mlocked:            5620 kB
SwapTotal:       3145724 kB
SwapFree:        3145724 kB
Dirty:               232 kB
Writeback:             0 kB
AnonPages:       1315212 kB
Mapped:           863008 kB
Shmem:             25208 kB
KReclaimable:     659776 kB
Slab:             221004 kB
SReclaimable:      72712 kB
SUnreclaim:       148292 kB
KernelStack:       47856 kB
PageTables:        66992 kB
NFS_Unstable:          0 kB
Bounce:                0 kB
WritebackTmp:          0 kB
CommitLimit:     9202292 kB
Committed_AS:   75032664 kB
VmallocTotal:   263061440 kB
VmallocUsed:      104888 kB
VmallocChunk:          0 kB
Percpu:             7552 kB
CmaTotal:         294912 kB
CmaFree:               0 kB
MemTotal:       12113136 kB
MemFree:         6500112 kB
MemAvailable:    7923904 kB
Buffers:            4852 kB
Cached:          1657644 kB
SwapCached:            0 kB
Active:          1495504 kB
Inactive:        1477460 kB
Active(anon):    1316952 kB
Inactive(anon):    23292 kB
Active(file):     178552 kB
Inactive(file):  1454168 kB
Unevictable:        5620 kB
Mlocked:            5620 kB
SwapTotal:       3145724 kB
SwapFree:        3145724 kB
Dirty:               264 kB
Writeback:             0 kB
AnonPages:       1316144 kB
Mapped:           863008 kB
Shmem:             25208 kB
KReclaimable:     659776 kB
Slab:             221004 kB
SReclaimable:      72712 kB
SUnreclaim:       148292 kB
KernelStack:       47808 kB
PageTables:        66892 kB
NFS_Unstable:          0 kB
Bounce:                0 kB
WritebackTmp:          0 kB
CommitLimit:     9202292 kB
Committed_AS:   75042676 kB
VmallocTotal:   263061440 kB
VmallocUsed:      104888 kB
VmallocChunk:          0 kB
Percpu:             7552 kB
CmaTotal:         294912 kB
CmaFree:               0 kB
MemTotal:       12113136 kB
MemFree:         6498972 kB
MemAvailable:    7922776 kB
Buffers:            4852 kB
Cached:          1657656 kB
SwapCached:            0 kB
Active:          1496232 kB
Inactive:        1477472 kB
Active(anon):    1317680 kB
Inactive(anon):    23292 kB
Active(file):     178552 kB
Inactive(file):  1454180 kB
Unevictable:        5620 kB
Mlocked:            5620 kB
SwapTotal:       3145724 kB
SwapFree:        3145724 kB
Dirty:               292 kB
Writeback:             0 kB
AnonPages:       1316612 kB
Mapped:           863008 kB
Shmem:             25208 kB
KReclaimable:     659776 kB
Slab:             221008 kB
SReclaimable:      72712 kB
SUnreclaim:       148296 kB
KernelStack:       47824 kB
PageTables:        66892 kB
NFS_Unstable:          0 kB
Bounce:                0 kB
WritebackTmp:          0 kB
CommitLimit:     9202292 kB
Committed_AS:   75042252 kB
VmallocTotal:   263061440 kB
VmallocUsed:      104888 kB
VmallocChunk:          0 kB
Percpu:             7552 kB
CmaTotal:         294912 kB
CmaFree:               0 kB
MemTotal:       12113136 kB
MemFree:         6497996 kB
MemAvailable:    7921832 kB
Buffers:            4856 kB
Cached:          1657684 kB
SwapCached:            0 kB
Active:          1497356 kB
Inactive:        1477500 kB
Active(anon):    1318800 kB
Inactive(anon):    23292 kB
Active(file):     178556 kB
Inactive(file):  1454208 kB
Unevictable:        5620 kB
Mlocked:            5620 kB
SwapTotal:       3145724 kB
SwapFree:        3145724 kB
Dirty:               308 kB
Writeback:             0 kB
AnonPages:       1318120 kB
Mapped:           863008 kB
Shmem:             25208 kB
KReclaimable:     659776 kB
Slab:             221012 kB
SReclaimable:      72712 kB
SUnreclaim:       148300 kB
KernelStack:       47824 kB
PageTables:        66908 kB
NFS_Unstable:          0 kB
Bounce:                0 kB
WritebackTmp:          0 kB
CommitLimit:     9202292 kB
Committed_AS:   75048008 kB
VmallocTotal:   263061440 kB
VmallocUsed:      104872 kB
VmallocChunk:          0 kB
Percpu:             7552 kB
CmaTotal:         294912 kB
CmaFree:               0 kB
MemTotal:       12113136 kB
MemFree:         6531044 kB
MemAvailable:    7954888 kB
Buffers:            4856 kB
Cached:          1657696 kB
SwapCached:            0 kB
Active:          1462920 kB
Inactive:        1477512 kB
Active(anon):    1284364 kB
Inactive(anon):    23296 kB
Active(file):     178556 kB
Inactive(file):  1454216 kB
Unevictable:        5620 kB
Mlocked:            5620 kB
SwapTotal:       3145724 kB
SwapFree:        3145724 kB
Dirty:               332 kB
Writeback:             0 kB
AnonPages:       1283320 kB
Mapped:           863012 kB
Shmem:             25212 kB
KReclaimable:     659776 kB
Slab:             221020 kB
SReclaimable:      72712 kB
SUnreclaim:       148308 kB
KernelStack:       47840 kB
PageTables:        67028 kB
NFS_Unstable:          0 kB
Bounce:                0 kB
WritebackTmp:          0 kB
CommitLimit:     9202292 kB
Committed_AS:   75050720 kB
VmallocTotal:   263061440 kB
VmallocUsed:      104888 kB
VmallocChunk:          0 kB
Percpu:             7552 kB
CmaTotal:         294912 kB
CmaFree:               0 kB
MemTotal:       12113136 kB
MemFree:         6532704 kB
MemAvailable:    7956564 kB
Buffers:            4856 kB
Cached:          1657712 kB
SwapCached:            0 kB
Active:          1462800 kB
Inactive:        1477528 kB
Active(anon):    1284244 kB
Inactive(anon):    23296 kB
Active(file):     178556 kB
Inactive(file):  1454232 kB
Unevictable:        5620 kB
Mlocked:            5620 kB
SwapTotal:       3145724 kB
SwapFree:        3145724 kB
Dirty:               212 kB
Writeback:             0 kB
AnonPages:       1283436 kB
Mapped:           863012 kB
Shmem:             25212 kB
KReclaimable:     659776 kB
Slab:             221020 kB
SReclaimable:      72712 kB
SUnreclaim:       148308 kB
KernelStack:       47872 kB
PageTables:        67004 kB
NFS_Unstable:          0 kB
Bounce:                0 kB
WritebackTmp:          0 kB
CommitLimit:     9202292 kB
Committed_AS:   75055764 kB
VmallocTotal:   263061440 kB
VmallocUsed:      104888 kB
VmallocChunk:          0 kB
Percpu:             7552 kB
CmaTotal:         294912 kB
CmaFree:               0 kB
MemTotal:       12113136 kB
MemFree:         6531936 kB
MemAvailable:    7955808 kB
Buffers:            4856 kB
Cached:          1657724 kB
SwapCached:            0 kB
Active:          1463344 kB
Inactive:        1477540 kB
Active(anon):    1284788 kB
Inactive(anon):    23296 kB
Active(file):     178556 kB
Inactive(file):  1454244 kB
Unevictable:        5620 kB
Mlocked:            5620 kB
SwapTotal:       3145724 kB
SwapFree:        3145724 kB
Dirty:               236 kB
Writeback:             0 kB
AnonPages:       1283868 kB
Mapped:           863012 kB
Shmem:             25212 kB
KReclaimable:     659776 kB
Slab:             221020 kB
SReclaimable:      72712 kB
SUnreclaim:       148308 kB
KernelStack:       47824 kB
PageTables:        66900 kB
NFS_Unstable:          0 kB
Bounce:                0 kB
WritebackTmp:          0 kB
CommitLimit:     9202292 kB
Committed_AS:   75055852 kB
VmallocTotal:   263061440 kB
VmallocUsed:      104888 kB
VmallocChunk:          0 kB
Percpu:             7552 kB
CmaTotal:         294912 kB
CmaFree:               0 kB
MemTotal:       12113136 kB
MemFree:         6532252 kB
MemAvailable:    7956140 kB
Buffers:            4856 kB
Cached:          1657740 kB
SwapCached:            0 kB
Active:          1464236 kB
Inactive:        1477556 kB
Active(anon):    1285680 kB
Inactive(anon):    23296 kB
Active(file):     178556 kB
Inactive(file):  1454260 kB
Unevictable:        5620 kB
Mlocked:            5620 kB
SwapTotal:       3145724 kB
SwapFree:        3145724 kB
Dirty:               296 kB
Writeback:             0 kB
AnonPages:       1284604 kB
Mapped:           863012 kB
Shmem:             25212 kB
KReclaimable:     659776 kB
Slab:             221016 kB
SReclaimable:      72712 kB
SUnreclaim:       148304 kB
KernelStack:       47872 kB
PageTables:        66972 kB
NFS_Unstable:          0 kB
Bounce:                0 kB
WritebackTmp:          0 kB
CommitLimit:     9202292 kB
Committed_AS:   75056452 kB
VmallocTotal:   263061440 kB
VmallocUsed:      104856 kB
VmallocChunk:          0 kB
Percpu:             7552 kB
CmaTotal:         294912 kB
CmaFree:               0 kB
MemTotal:       12113136 kB
MemFree:         6530664 kB
MemAvailable:    7954560 kB
Buffers:            4856 kB
Cached:          1657748 kB
SwapCached:            0 kB
Active:          1465020 kB
Inactive:        1477564 kB
Active(anon):    1286464 kB
Inactive(anon):    23296 kB
Active(file):     178556 kB
Inactive(file):  1454268 kB
Unevictable:        5620 kB
Mlocked:            5620 kB
SwapTotal:       3145724 kB
SwapFree:        3145724 kB
Dirty:               304 kB
Writeback:             0 kB
AnonPages:       1285708 kB
Mapped:           863012 kB
Shmem:             25212 kB
KReclaimable:     659776 kB
Slab:             221016 kB
SReclaimable:      72712 kB
SUnreclaim:       148304 kB
KernelStack:       47824 kB
PageTables:        66896 kB
NFS_Unstable:          0 kB
Bounce:                0 kB
WritebackTmp:          0 kB
CommitLimit:     9202292 kB
Committed_AS:   75055772 kB
VmallocTotal:   263061440 kB
VmallocUsed:      104888 kB
VmallocChunk:          0 kB
Percpu:             7552 kB
CmaTotal:         294912 kB
CmaFree:               0 kB
MemTotal:       12113136 kB
MemFree:         6514640 kB
MemAvailable:    7938548 kB
Buffers:            4856 kB
Cached:          1666808 kB
SwapCached:            0 kB
Active:          1475592 kB
Inactive:        1486624 kB
Active(anon):    1297036 kB
Inactive(anon):    32344 kB
Active(file):     178556 kB
Inactive(file):  1454280 kB
Unevictable:        5620 kB
Mlocked:            5620 kB
SwapTotal:       3145724 kB
SwapFree:        3145724 kB
Dirty:               320 kB
Writeback:             0 kB
AnonPages:       1296092 kB
Mapped:           872060 kB
Shmem:             34260 kB
KReclaimable:     659776 kB
Slab:             221020 kB
SReclaimable:      72712 kB
SUnreclaim:       148308 kB
KernelStack:       47856 kB
PageTables:        66960 kB
NFS_Unstable:          0 kB
Bounce:                0 kB
WritebackTmp:          0 kB
CommitLimit:     9202292 kB
Committed_AS:   75064516 kB
VmallocTotal:   263061440 kB
VmallocUsed:      104920 kB
VmallocChunk:          0 kB
Percpu:             7552 kB
CmaTotal:         294912 kB
CmaFree:               0 kB
MemTotal:       12113136 kB
MemFree:         6501908 kB
MemAvailable:    7926116 kB
Buffers:            4856 kB
Cached:          1657772 kB
SwapCached:            0 kB
Active:          1493560 kB
Inactive:        1477588 kB
Active(anon):    1315004 kB
Inactive(anon):    23296 kB
Active(file):     178556 kB
Inactive(file):  1454292 kB
Unevictable:        5620 kB
Mlocked:            5620 kB
SwapTotal:       3145724 kB
SwapFree:        3145724 kB
Dirty:               220 kB
Writeback:             0 kB
AnonPages:       1314164 kB
Mapped:           863012 kB
Shmem:             25212 kB
KReclaimable:     659776 kB
Slab:             221020 kB
SReclaimable:      72712 kB
SUnreclaim:       148308 kB
KernelStack:       47824 kB
PageTables:        66900 kB
NFS_Unstable:          0 kB
Bounce:                0 kB
WritebackTmp:          0 kB
CommitLimit:     9202292 kB
Committed_AS:   75051540 kB
VmallocTotal:   263061440 kB
VmallocUsed:      104904 kB
VmallocChunk:          0 kB
Percpu:             7552 kB
CmaTotal:         294912 kB
CmaFree:               0 kB
MemTotal:       12113136 kB
MemFree:         6501052 kB
MemAvailable:    7924984 kB
Buffers:            4856 kB
Cached:          1657784 kB
SwapCached:            0 kB
Active:          1494744 kB
Inactive:        1477600 kB
Active(anon):    1316188 kB
Inactive(anon):    23296 kB
Active(file):     178556 kB
Inactive(file):  1454304 kB
Unevictable:        5620 kB
Mlocked:            5620 kB
SwapTotal:       3145724 kB
SwapFree:        3145724 kB
Dirty:               272 kB
Writeback:             0 kB
AnonPages:       1315272 kB
Mapped:           863012 kB
Shmem:             25212 kB
KReclaimable:     659776 kB
Slab:             221084 kB
SReclaimable:      72712 kB
SUnreclaim:       148372 kB
KernelStack:       47840 kB
PageTables:        66888 kB
NFS_Unstable:          0 kB
Bounce:                0 kB
WritebackTmp:          0 kB
CommitLimit:     9202292 kB
Committed_AS:   75047136 kB
VmallocTotal:   263061440 kB
VmallocUsed:      104888 kB
VmallocChunk:          0 kB
Percpu:             7552 kB
CmaTotal:         294912 kB
CmaFree:               0 kB
MemTotal:       12113136 kB
MemFree:         6501808 kB
MemAvailable:    7925752 kB
Buffers:            4856 kB
Cached:          1657796 kB
SwapCached:            0 kB
Active:          1494860 kB
Inactive:        1477612 kB
Active(anon):    1316304 kB
Inactive(anon):    23296 kB
Active(file):     178556 kB
Inactive(file):  1454316 kB
Unevictable:        5620 kB
Mlocked:            5620 kB
SwapTotal:       3145724 kB
SwapFree:        3145724 kB
Dirty:               300 kB
Writeback:             0 kB
AnonPages:       1315224 kB
Mapped:           863012 kB
Shmem:             25212 kB
KReclaimable:     659776 kB
Slab:             221032 kB
SReclaimable:      72712 kB
SUnreclaim:       148320 kB
KernelStack:       47824 kB
PageTables:        66900 kB
NFS_Unstable:          0 kB
Bounce:                0 kB
WritebackTmp:          0 kB
CommitLimit:     9202292 kB
Committed_AS:   75051684 kB
VmallocTotal:   263061440 kB
VmallocUsed:      104888 kB
VmallocChunk:          0 kB
Percpu:             7552 kB
CmaTotal:         294912 kB
CmaFree:               0 kB
MemTotal:       12113136 kB
MemFree:         6499824 kB
MemAvailable:    7923800 kB
Buffers:            4856 kB
Cached:          1657832 kB
SwapCached:            0 kB
Active:          1496136 kB
Inactive:        1477648 kB
Active(anon):    1317580 kB
Inactive(anon):    23300 kB
Active(file):     178556 kB
Inactive(file):  1454348 kB
Unevictable:        5620 kB
Mlocked:            5620 kB
SwapTotal:       3145724 kB
SwapFree:        3145724 kB
Dirty:               356 kB
Writeback:             0 kB
AnonPages:       1316636 kB
Mapped:           863036 kB
Shmem:             25216 kB
KReclaimable:     659776 kB
Slab:             221028 kB
SReclaimable:      72712 kB
SUnreclaim:       148316 kB
KernelStack:       47856 kB
PageTables:        66960 kB
NFS_Unstable:          0 kB
Bounce:                0 kB
WritebackTmp:          0 kB
CommitLimit:     9202292 kB
Committed_AS:   75056136 kB
VmallocTotal:   263061440 kB
VmallocUsed:      104920 kB
VmallocChunk:          0 kB
Percpu:             7552 kB
CmaTotal:         294912 kB
CmaFree:               0 kB
MemTotal:       12113136 kB
MemFree:         6499476 kB
MemAvailable:    7923468 kB
Buffers:            4856 kB
Cached:          1657848 kB
SwapCached:            0 kB
Active:          1495928 kB
Inactive:        1477664 kB
Active(anon):    1317372 kB
Inactive(anon):    23300 kB
Active(file):     178556 kB
Inactive(file):  1454364 kB
Unevictable:        5620 kB
Mlocked:            5620 kB
SwapTotal:       3145724 kB
SwapFree:        3145724 kB
Dirty:               376 kB
Writeback:             0 kB
AnonPages:       1316584 kB
Mapped:           863016 kB
Shmem:             25216 kB
KReclaimable:     659776 kB
Slab:             221028 kB
SReclaimable:      72712 kB
SUnreclaim:       148316 kB
KernelStack:       47824 kB
PageTables:        66904 kB
NFS_Unstable:          0 kB
Bounce:                0 kB
WritebackTmp:          0 kB
CommitLimit:     9202292 kB
Committed_AS:   75056048 kB
VmallocTotal:   263061440 kB
VmallocUsed:      104904 kB
VmallocChunk:          0 kB
Percpu:             7552 kB
CmaTotal:         294912 kB
CmaFree:               0 kB
MemTotal:       12113136 kB
MemFree:         6499396 kB
MemAvailable:    7923396 kB
Buffers:            4856 kB
Cached:          1657860 kB
SwapCached:            0 kB
Active:          1496596 kB
Inactive:        1477676 kB
Active(anon):    1318040 kB
Inactive(anon):    23304 kB
Active(file):     178556 kB
Inactive(file):  1454372 kB
Unevictable:        5620 kB
Mlocked:            5620 kB
SwapTotal:       3145724 kB
SwapFree:        3145724 kB
Dirty:               392 kB
Writeback:             0 kB
AnonPages:       1317272 kB
Mapped:           863020 kB
Shmem:             25220 kB
KReclaimable:     659776 kB
Slab:             221032 kB
SReclaimable:      72712 kB
SUnreclaim:       148320 kB
KernelStack:       47872 kB
PageTables:        67016 kB
NFS_Unstable:          0 kB
Bounce:                0 kB
WritebackTmp:          0 kB
CommitLimit:     9202292 kB
Committed_AS:   75052028 kB
VmallocTotal:   263061440 kB
VmallocUsed:      104872 kB
VmallocChunk:          0 kB
Percpu:             7552 kB
CmaTotal:         294912 kB
CmaFree:               0 kB
MemTotal:       12113136 kB
MemFree:         6498296 kB
MemAvailable:    7922304 kB
Buffers:            4856 kB
Cached:          1657868 kB
SwapCached:            0 kB
Active:          1497488 kB
Inactive:        1477684 kB
Active(anon):    1318932 kB
Inactive(anon):    23304 kB
Active(file):     178556 kB
Inactive(file):  1454380 kB
Unevictable:        5620 kB
Mlocked:            5620 kB
SwapTotal:       3145724 kB
SwapFree:        3145724 kB
Dirty:               416 kB
Writeback:             0 kB
AnonPages:       1318128 kB
Mapped:           863020 kB
Shmem:             25220 kB
KReclaimable:     659776 kB
Slab:             221032 kB
SReclaimable:      72712 kB
SUnreclaim:       148320 kB
KernelStack:       47824 kB
PageTables:        66904 kB
NFS_Unstable:          0 kB
Bounce:                0 kB
WritebackTmp:          0 kB
CommitLimit:     9202292 kB
Committed_AS:   75051252 kB
VmallocTotal:   263061440 kB
VmallocUsed:      104872 kB
VmallocChunk:          0 kB
Percpu:             7552 kB
CmaTotal:         294912 kB
CmaFree:               0 kB
MemTotal:       12113136 kB
MemFree:         6497760 kB
MemAvailable:    7921780 kB
Buffers:            4856 kB
Cached:          1657880 kB
SwapCached:            0 kB
Active:          1498428 kB
Inactive:        1477696 kB
Active(anon):    1319872 kB
Inactive(anon):    23304 kB
Active(file):     178556 kB
Inactive(file):  1454392 kB
Unevictable:        5620 kB
Mlocked:            5620 kB
SwapTotal:       3145724 kB
SwapFree:        3145724 kB
Dirty:               432 kB
Writeback:             0 kB
AnonPages:       1319120 kB
Mapped:           863020 kB
Shmem:             25220 kB
KReclaimable:     659776 kB
Slab:             221036 kB
SReclaimable:      72712 kB
SUnreclaim:       148324 kB
KernelStack:       47840 kB
PageTables:        67016 kB
NFS_Unstable:          0 kB
Bounce:                0 kB
WritebackTmp:          0 kB
CommitLimit:     9202292 kB
Committed_AS:   75050808 kB
VmallocTotal:   263061440 kB
VmallocUsed:      104888 kB
VmallocChunk:          0 kB
Percpu:             7552 kB
CmaTotal:         294912 kB
CmaFree:               0 kB
MemTotal:       12113136 kB
MemFree:         6495960 kB
MemAvailable:    7919996 kB
Buffers:            4856 kB
Cached:          1657896 kB
SwapCached:            0 kB
Active:          1499344 kB
Inactive:        1477712 kB
Active(anon):    1320788 kB
Inactive(anon):    23304 kB
Active(file):     178556 kB
Inactive(file):  1454408 kB
Unevictable:        5620 kB
Mlocked:            5620 kB
SwapTotal:       3145724 kB
SwapFree:        3145724 kB
Dirty:               452 kB
Writeback:             0 kB
AnonPages:       1320008 kB
Mapped:           863020 kB
Shmem:             25220 kB
KReclaimable:     659776 kB
Slab:             221036 kB
SReclaimable:      72712 kB
SUnreclaim:       148324 kB
KernelStack:       47824 kB
PageTables:        66904 kB
NFS_Unstable:          0 kB
Bounce:                0 kB
WritebackTmp:          0 kB
CommitLimit:     9202292 kB
Committed_AS:   75048740 kB
VmallocTotal:   263061440 kB
VmallocUsed:      104872 kB
VmallocChunk:          0 kB
Percpu:             7552 kB
CmaTotal:         294912 kB
CmaFree:               0 kB
MemTotal:       12113136 kB
MemFree:         6495136 kB
MemAvailable:    7919204 kB
Buffers:            4864 kB
Cached:          1657928 kB
SwapCached:            0 kB
Active:          1499940 kB
Inactive:        1477744 kB
Active(anon):    1321376 kB
Inactive(anon):    23312 kB
Active(file):     178564 kB
Inactive(file):  1454432 kB
Unevictable:        5620 kB
Mlocked:            5620 kB
SwapTotal:       3145724 kB
SwapFree:        3145724 kB
Dirty:               468 kB
Writeback:             0 kB
AnonPages:       1320668 kB
Mapped:           863028 kB
Shmem:             25228 kB
KReclaimable:     659776 kB
Slab:             221044 kB
SReclaimable:      72712 kB
SUnreclaim:       148332 kB
KernelStack:       47856 kB
PageTables:        66932 kB
NFS_Unstable:          0 kB
Bounce:                0 kB
WritebackTmp:          0 kB
CommitLimit:     9202292 kB
Committed_AS:   75053640 kB
VmallocTotal:   263061440 kB
VmallocUsed:      104888 kB
VmallocChunk:          0 kB
Percpu:             7552 kB
CmaTotal:         294912 kB
CmaFree:               0 kB
MemTotal:       12113136 kB
MemFree:         6494544 kB
MemAvailable:    7918624 kB
Buffers:            4864 kB
Cached:          1657940 kB
SwapCached:            0 kB
Active:          1500612 kB
Inactive:        1477756 kB
Active(anon):    1322048 kB
Inactive(anon):    23312 kB
Active(file):     178564 kB
Inactive(file):  1454444 kB
Unevictable:        5620 kB
Mlocked:            5620 kB
SwapTotal:       3145724 kB
SwapFree:        3145724 kB
Dirty:               232 kB
Writeback:             0 kB
AnonPages:       1321144 kB
Mapped:           863028 kB
Shmem:             25228 kB
KReclaimable:     659776 kB
Slab:             221040 kB
SReclaimable:      72712 kB
SUnreclaim:       148328 kB
KernelStack:       47824 kB
PageTables:        66900 kB
NFS_Unstable:          0 kB
Bounce:                0 kB
WritebackTmp:          0 kB
CommitLimit:     9202292 kB
Committed_AS:   75053404 kB
VmallocTotal:   263061440 kB
VmallocUsed:      104888 kB
VmallocChunk:          0 kB
Percpu:             7552 kB
CmaTotal:         294912 kB
CmaFree:               0 kB
MemTotal:       12113136 kB
MemFree:         6493404 kB
MemAvailable:    7917500 kB
Buffers:            4864 kB
Cached:          1657956 kB
SwapCached:            0 kB
Active:          1501392 kB
Inactive:        1477772 kB
Active(anon):    1322828 kB
Inactive(anon):    23312 kB
Active(file):     178564 kB
Inactive(file):  1454460 kB
Unevictable:        5620 kB
Mlocked:            5620 kB
SwapTotal:       3145724 kB
SwapFree:        3145724 kB
Dirty:               264 kB
Writeback:             0 kB
AnonPages:       1321792 kB
Mapped:           863040 kB
Shmem:             25228 kB
KReclaimable:     659776 kB
Slab:             221040 kB
SReclaimable:      72712 kB
SUnreclaim:       148328 kB
KernelStack:       47856 kB
PageTables:        66928 kB
NFS_Unstable:          0 kB
Bounce:                0 kB
WritebackTmp:          0 kB
CommitLimit:     9202292 kB
Committed_AS:   75055984 kB
VmallocTotal:   263061440 kB
VmallocUsed:      104888 kB
VmallocChunk:          0 kB
Percpu:             7552 kB
CmaTotal:         294912 kB
CmaFree:               0 kB
MemTotal:       12113136 kB
MemFree:         6492652 kB
MemAvailable:    7916760 kB
Buffers:            4864 kB
Cached:          1657968 kB
SwapCached:            0 kB
Active:          1502204 kB
Inactive:        1477780 kB
Active(anon):    1323636 kB
Inactive(anon):    23312 kB
Active(file):     178568 kB
Inactive(file):  1454468 kB
Unevictable:        5620 kB
Mlocked:            5620 kB
SwapTotal:       3145724 kB
SwapFree:        3145724 kB
Dirty:               324 kB
Writeback:             0 kB
AnonPages:       1322844 kB
Mapped:           863028 kB
Shmem:             25228 kB
KReclaimable:     659776 kB
Slab:             221040 kB
SReclaimable:      72712 kB
SUnreclaim:       148328 kB
KernelStack:       47824 kB
PageTables:        66908 kB
NFS_Unstable:          0 kB
Bounce:                0 kB
WritebackTmp:          0 kB
CommitLimit:     9202292 kB
Committed_AS:   75056120 kB
VmallocTotal:   263061440 kB
VmallocUsed:      104888 kB
VmallocChunk:          0 kB
Percpu:             7552 kB
CmaTotal:         294912 kB
CmaFree:               0 kB
MemTotal:       12113136 kB
MemFree:         6492952 kB
MemAvailable:    7917076 kB
Buffers:            4864 kB
Cached:          1657984 kB
SwapCached:            0 kB
Active:          1503712 kB
Inactive:        1477796 kB
Active(anon):    1325144 kB
Inactive(anon):    23312 kB
Active(file):     178568 kB
Inactive(file):  1454484 kB
Unevictable:        5620 kB
Mlocked:            5620 kB
SwapTotal:       3145724 kB
SwapFree:        3145724 kB
Dirty:               364 kB
Writeback:             0 kB
AnonPages:       1324008 kB
Mapped:           863040 kB
Shmem:             25228 kB
KReclaimable:     659776 kB
Slab:             221044 kB
SReclaimable:      72712 kB
SUnreclaim:       148332 kB
KernelStack:       47856 kB
PageTables:        66932 kB
NFS_Unstable:          0 kB
Bounce:                0 kB
WritebackTmp:          0 kB
CommitLimit:     9202292 kB
Committed_AS:   75051112 kB
VmallocTotal:   263061440 kB
VmallocUsed:      104872 kB
VmallocChunk:          0 kB
Percpu:             7552 kB
CmaTotal:         294912 kB
CmaFree:               0 kB
MemTotal:       12113136 kB
MemFree:         6518296 kB
MemAvailable:    7942428 kB
Buffers:            4864 kB
Cached:          1657992 kB
SwapCached:            0 kB
Active:          1477432 kB
Inactive:        1477804 kB
Active(anon):    1298864 kB
Inactive(anon):    23312 kB
Active(file):     178568 kB
Inactive(file):  1454492 kB
Unevictable:        5620 kB
Mlocked:            5620 kB
SwapTotal:       3145724 kB
SwapFree:        3145724 kB
Dirty:               372 kB
Writeback:             0 kB
AnonPages:       1297856 kB
Mapped:           863028 kB
Shmem:             25228 kB
KReclaimable:     659776 kB
Slab:             221044 kB
SReclaimable:      72712 kB
SUnreclaim:       148332 kB
KernelStack:       47824 kB
PageTables:        66912 kB
NFS_Unstable:          0 kB
Bounce:                0 kB
WritebackTmp:          0 kB
CommitLimit:     9202292 kB
Committed_AS:   75050892 kB
VmallocTotal:   263061440 kB
VmallocUsed:      104888 kB
VmallocChunk:          0 kB
Percpu:             7552 kB
CmaTotal:         294912 kB
CmaFree:               0 kB
MemTotal:       12113136 kB
MemFree:         6517004 kB
MemAvailable:    7941148 kB
Buffers:            4864 kB
Cached:          1658004 kB
SwapCached:            0 kB
Active:          1477564 kB
Inactive:        1477816 kB
Active(anon):    1298996 kB
Inactive(anon):    23312 kB
Active(file):     178568 kB
Inactive(file):  1454504 kB
Unevictable:        5620 kB
Mlocked:            5620 kB
SwapTotal:       3145724 kB
SwapFree:        3145724 kB
Dirty:               268 kB
Writeback:             0 kB
AnonPages:       1298256 kB
Mapped:           863028 kB
Shmem:             25228 kB
KReclaimable:     659776 kB
Slab:             221048 kB
SReclaimable:      72712 kB
SUnreclaim:       148336 kB
KernelStack:       47840 kB
PageTables:        67032 kB
NFS_Unstable:          0 kB
Bounce:                0 kB
WritebackTmp:          0 kB
CommitLimit:     9202292 kB
Committed_AS:   75050976 kB
VmallocTotal:   263061440 kB
VmallocUsed:      104920 kB
VmallocChunk:          0 kB
Percpu:             7552 kB
CmaTotal:         294912 kB
CmaFree:               0 kB
MemTotal:       12113136 kB
MemFree:         6516916 kB
MemAvailable:    7941072 kB
Buffers:            4864 kB
Cached:          1658016 kB
SwapCached:            0 kB
Active:          1478412 kB
Inactive:        1477828 kB
Active(anon):    1299844 kB
Inactive(anon):    23312 kB
Active(file):     178568 kB
Inactive(file):  1454516 kB
Unevictable:        5620 kB
Mlocked:            5620 kB
SwapTotal:       3145724 kB
SwapFree:        3145724 kB
Dirty:               308 kB
Writeback:             0 kB
AnonPages:       1298928 kB
Mapped:           863028 kB
Shmem:             25228 kB
KReclaimable:     659776 kB
Slab:             221040 kB
SReclaimable:      72712 kB
SUnreclaim:       148328 kB
KernelStack:       47824 kB
PageTables:        66904 kB
NFS_Unstable:          0 kB
Bounce:                0 kB
WritebackTmp:          0 kB
CommitLimit:     9202292 kB
Committed_AS:   75050976 kB
VmallocTotal:   263061440 kB
VmallocUsed:      104904 kB
VmallocChunk:          0 kB
Percpu:             7552 kB
CmaTotal:         294912 kB
CmaFree:               0 kB
MemTotal:       12113136 kB
MemFree:         6528320 kB
MemAvailable:    7952480 kB
Buffers:            4864 kB
Cached:          1658020 kB
SwapCached:            0 kB
Active:          1467388 kB
Inactive:        1477832 kB
Active(anon):    1288820 kB
Inactive(anon):    23312 kB
Active(file):     178568 kB
Inactive(file):  1454520 kB
Unevictable:        5620 kB
Mlocked:            5620 kB
SwapTotal:       3145724 kB
SwapFree:        3145724 kB
Dirty:               316 kB
Writeback:             0 kB
AnonPages:       1288064 kB
Mapped:           863028 kB
Shmem:             25228 kB
KReclaimable:     659776 kB
Slab:             221048 kB
SReclaimable:      72712 kB
SUnreclaim:       148336 kB
KernelStack:       47824 kB
PageTables:        66912 kB
NFS_Unstable:          0 kB
Bounce:                0 kB
WritebackTmp:          0 kB
CommitLimit:     9202292 kB
Committed_AS:   75050936 kB
VmallocTotal:   263061440 kB
VmallocUsed:      104904 kB
VmallocChunk:          0 kB
Percpu:             7552 kB
CmaTotal:         294912 kB
CmaFree:               0 kB
MemTotal:       12113136 kB
MemFree:         6527524 kB
MemAvailable:    7951712 kB
Buffers:            4864 kB
Cached:          1658048 kB
SwapCached:            0 kB
Active:          1468528 kB
Inactive:        1477860 kB
Active(anon):    1289960 kB
Inactive(anon):    23312 kB
Active(file):     178568 kB
Inactive(file):  1454548 kB
Unevictable:        5620 kB
Mlocked:            5620 kB
SwapTotal:       3145724 kB
SwapFree:        3145724 kB
Dirty:               372 kB
Writeback:             0 kB
AnonPages:       1289008 kB
Mapped:           863028 kB
Shmem:             25228 kB
KReclaimable:     659776 kB
Slab:             221052 kB
SReclaimable:      72712 kB
SUnreclaim:       148340 kB
KernelStack:       47824 kB
PageTables:        66900 kB
NFS_Unstable:          0 kB
Bounce:                0 kB
WritebackTmp:          0 kB
CommitLimit:     9202292 kB
Committed_AS:   75051012 kB
VmallocTotal:   263061440 kB
VmallocUsed:      104888 kB
VmallocChunk:          0 kB
Percpu:             7552 kB
CmaTotal:         294912 kB
CmaFree:               0 kB
MemTotal:       12113136 kB
MemFree:         6526996 kB
MemAvailable:    7951196 kB
Buffers:            4864 kB
Cached:          1658060 kB
SwapCached:            0 kB
Active:          1469380 kB
Inactive:        1477872 kB
Active(anon):    1290812 kB
Inactive(anon):    23312 kB
Active(file):     178568 kB
Inactive(file):  1454560 kB
Unevictable:        5620 kB
Mlocked:            5620 kB
SwapTotal:       3145724 kB
SwapFree:        3145724 kB
Dirty:               428 kB
Writeback:             0 kB
AnonPages:       1290056 kB
Mapped:           863028 kB
Shmem:             25228 kB
KReclaimable:     659776 kB
Slab:             221044 kB
SReclaimable:      72712 kB
SUnreclaim:       148332 kB
KernelStack:       47840 kB
PageTables:        67044 kB
NFS_Unstable:          0 kB
Bounce:                0 kB
WritebackTmp:          0 kB
CommitLimit:     9202292 kB
Committed_AS:   75046536 kB
VmallocTotal:   263061440 kB
VmallocUsed:      104936 kB
VmallocChunk:          0 kB
Percpu:             7552 kB
CmaTotal:         294912 kB
CmaFree:               0 kB
MemTotal:       12113136 kB
MemFree:         6526000 kB
MemAvailable:    7950208 kB
Buffers:            4864 kB
Cached:          1658072 kB
SwapCached:            0 kB
Active:          1470004 kB
Inactive:        1477884 kB
Active(anon):    1291436 kB
Inactive(anon):    23316 kB
Active(file):     178568 kB
Inactive(file):  1454568 kB
Unevictable:        5620 kB
Mlocked:            5620 kB
SwapTotal:       3145724 kB
SwapFree:        3145724 kB
Dirty:               256 kB
Writeback:             0 kB
AnonPages:       1290600 kB
Mapped:           863032 kB
Shmem:             25232 kB
KReclaimable:     659776 kB
Slab:             221064 kB
SReclaimable:      72712 kB
SUnreclaim:       148352 kB
KernelStack:       47824 kB
PageTables:        66908 kB
NFS_Unstable:          0 kB
Bounce:                0 kB
WritebackTmp:          0 kB
CommitLimit:     9202292 kB
Committed_AS:   75051180 kB
VmallocTotal:   263061440 kB
VmallocUsed:      104920 kB
VmallocChunk:          0 kB
Percpu:             7552 kB
CmaTotal:         294912 kB
CmaFree:               0 kB
MemTotal:       12113136 kB
MemFree:         6525600 kB
MemAvailable:    7949816 kB
Buffers:            4864 kB
Cached:          1658080 kB
SwapCached:            0 kB
Active:          1470580 kB
Inactive:        1477892 kB
Active(anon):    1292012 kB
Inactive(anon):    23316 kB
Active(file):     178568 kB
Inactive(file):  1454576 kB
Unevictable:        5620 kB
Mlocked:            5620 kB
SwapTotal:       3145724 kB
SwapFree:        3145724 kB
Dirty:               324 kB
Writeback:             0 kB
AnonPages:       1291436 kB
Mapped:           863032 kB
Shmem:             25232 kB
KReclaimable:     659776 kB
Slab:             221056 kB
SReclaimable:      72712 kB
SUnreclaim:       148344 kB
KernelStack:       47840 kB
PageTables:        67044 kB
NFS_Unstable:          0 kB
Bounce:                0 kB
WritebackTmp:          0 kB
CommitLimit:     9202292 kB
Committed_AS:   75051128 kB
VmallocTotal:   263061440 kB
VmallocUsed:      104936 kB
VmallocChunk:          0 kB
Percpu:             7552 kB
CmaTotal:         294912 kB
CmaFree:               0 kB
MemTotal:       12113136 kB
MemFree:         6524832 kB
MemAvailable:    7949064 kB
Buffers:            4864 kB
Cached:          1658096 kB
SwapCached:            0 kB
Active:          1470884 kB
Inactive:        1477908 kB
Active(anon):    1292316 kB
Inactive(anon):    23316 kB
Active(file):     178568 kB
Inactive(file):  1454592 kB
Unevictable:        5620 kB
Mlocked:            5620 kB
SwapTotal:       3145724 kB
SwapFree:        3145724 kB
Dirty:               344 kB
Writeback:             0 kB
AnonPages:       1291508 kB
Mapped:           863032 kB
Shmem:             25232 kB
KReclaimable:     659776 kB
Slab:             221056 kB
SReclaimable:      72712 kB
SUnreclaim:       148344 kB
KernelStack:       47808 kB
PageTables:        66908 kB
NFS_Unstable:          0 kB
Bounce:                0 kB
WritebackTmp:          0 kB
CommitLimit:     9202292 kB
Committed_AS:   75050868 kB
VmallocTotal:   263061440 kB
VmallocUsed:      104904 kB
VmallocChunk:          0 kB
Percpu:             7552 kB
CmaTotal:         294912 kB
CmaFree:               0 kB
MemTotal:       12113136 kB
MemFree:         6524492 kB
MemAvailable:    7948740 kB
Buffers:            4864 kB
Cached:          1658116 kB
SwapCached:            0 kB
Active:          1472048 kB
Inactive:        1477928 kB
Active(anon):    1293480 kB
Inactive(anon):    23320 kB
Active(file):     178568 kB
Inactive(file):  1454608 kB
Unevictable:        5620 kB
Mlocked:            5620 kB
SwapTotal:       3145724 kB
SwapFree:        3145724 kB
Dirty:               360 kB
Writeback:             0 kB
AnonPages:       1292488 kB
Mapped:           863036 kB
Shmem:             25236 kB
KReclaimable:     659776 kB
Slab:             221052 kB
SReclaimable:      72712 kB
SUnreclaim:       148340 kB
KernelStack:       47856 kB
PageTables:        66888 kB
NFS_Unstable:          0 kB
Bounce:                0 kB
WritebackTmp:          0 kB
CommitLimit:     9202292 kB
Committed_AS:   75040116 kB
VmallocTotal:   263061440 kB
VmallocUsed:      104920 kB
VmallocChunk:          0 kB
Percpu:             7552 kB
CmaTotal:         294912 kB
CmaFree:               0 kB
MemTotal:       12113136 kB
MemFree:         6522724 kB
MemAvailable:    7947004 kB
Buffers:            4868 kB
Cached:          1658144 kB
SwapCached:            0 kB
Active:          1473052 kB
Inactive:        1477956 kB
Active(anon):    1294480 kB
Inactive(anon):    23320 kB
Active(file):     178572 kB
Inactive(file):  1454636 kB
Unevictable:        5620 kB
Mlocked:            5620 kB
SwapTotal:       3145724 kB
SwapFree:        3145724 kB
Dirty:               372 kB
Writeback:             0 kB
AnonPages:       1293684 kB
Mapped:           863036 kB
Shmem:             25236 kB
KReclaimable:     659776 kB
Slab:             221060 kB
SReclaimable:      72712 kB
SUnreclaim:       148348 kB
KernelStack:       47824 kB
PageTables:        66908 kB
NFS_Unstable:          0 kB
Bounce:                0 kB
WritebackTmp:          0 kB
CommitLimit:     9202292 kB
Committed_AS:   75051088 kB
VmallocTotal:   263061440 kB
VmallocUsed:      104904 kB
VmallocChunk:          0 kB
Percpu:             7552 kB
CmaTotal:         294912 kB
CmaFree:               0 kB
MemTotal:       12113136 kB
MemFree:         6521980 kB
MemAvailable:    7946272 kB
Buffers:            4868 kB
Cached:          1658160 kB
SwapCached:            0 kB
Active:          1474428 kB
Inactive:        1477972 kB
Active(anon):    1295856 kB
Inactive(anon):    23324 kB
Active(file):     178572 kB
Inactive(file):  1454648 kB
Unevictable:        5620 kB
Mlocked:            5620 kB
SwapTotal:       3145724 kB
SwapFree:        3145724 kB
Dirty:               260 kB
Writeback:             0 kB
AnonPages:       1295060 kB
Mapped:           863096 kB
Shmem:             25240 kB
KReclaimable:     659776 kB
Slab:             221068 kB
SReclaimable:      72712 kB
SUnreclaim:       148356 kB
KernelStack:       47840 kB
PageTables:        66896 kB
NFS_Unstable:          0 kB
Bounce:                0 kB
WritebackTmp:          0 kB
CommitLimit:     9202292 kB
Committed_AS:   75046384 kB
VmallocTotal:   263061440 kB
VmallocUsed:      104872 kB
VmallocChunk:          0 kB
Percpu:             7552 kB
CmaTotal:         294912 kB
CmaFree:               0 kB
MemTotal:       12113136 kB
MemFree:         6521172 kB
MemAvailable:    7945476 kB
Buffers:            4868 kB
Cached:          1658172 kB
SwapCached:            0 kB
Active:          1474824 kB
Inactive:        1477980 kB
Active(anon):    1296248 kB
Inactive(anon):    23324 kB
Active(file):     178576 kB
Inactive(file):  1454656 kB
Unevictable:        5620 kB
Mlocked:            5620 kB
SwapTotal:       3145724 kB
SwapFree:        3145724 kB
Dirty:               320 kB
Writeback:             0 kB
AnonPages:       1295404 kB
Mapped:           863096 kB
Shmem:             25240 kB
KReclaimable:     659776 kB
Slab:             221084 kB
SReclaimable:      72712 kB
SUnreclaim:       148372 kB
KernelStack:       47824 kB
PageTables:        66916 kB
NFS_Unstable:          0 kB
Bounce:                0 kB
WritebackTmp:          0 kB
CommitLimit:     9202292 kB
Committed_AS:   75051532 kB
VmallocTotal:   263061440 kB
VmallocUsed:      104888 kB
VmallocChunk:          0 kB
Percpu:             7552 kB
CmaTotal:         294912 kB
CmaFree:               0 kB
MemTotal:       12113136 kB
MemFree:         6520844 kB
MemAvailable:    7945160 kB
Buffers:            4868 kB
Cached:          1658184 kB
SwapCached:            0 kB
Active:          1475512 kB
Inactive:        1477992 kB
Active(anon):    1296936 kB
Inactive(anon):    23324 kB
Active(file):     178576 kB
Inactive(file):  1454668 kB
Unevictable:        5620 kB
Mlocked:            5620 kB
SwapTotal:       3145724 kB
SwapFree:        3145724 kB
Dirty:               368 kB
Writeback:             0 kB
AnonPages:       1296184 kB
Mapped:           863096 kB
Shmem:             25240 kB
KReclaimable:     659776 kB
Slab:             221044 kB
SReclaimable:      72712 kB
SUnreclaim:       148332 kB
KernelStack:       47824 kB
PageTables:        66912 kB
NFS_Unstable:          0 kB
Bounce:                0 kB
WritebackTmp:          0 kB
CommitLimit:     9202292 kB
Committed_AS:   75052480 kB
VmallocTotal:   263061440 kB
VmallocUsed:      104888 kB
VmallocChunk:          0 kB
Percpu:             7552 kB
CmaTotal:         294912 kB
CmaFree:               0 kB
MemTotal:       12113136 kB
MemFree:         6519480 kB
MemAvailable:    7943808 kB
Buffers:            4868 kB
Cached:          1658200 kB
SwapCached:            0 kB
Active:          1475632 kB
Inactive:        1478008 kB
Active(anon):    1297056 kB
Inactive(anon):    23328 kB
Active(file):     178576 kB
Inactive(file):  1454680 kB
Unevictable:        5620 kB
Mlocked:            5620 kB
SwapTotal:       3145724 kB
SwapFree:        3145724 kB
Dirty:               384 kB
Writeback:             0 kB
AnonPages:       1296284 kB
Mapped:           863100 kB
Shmem:             25244 kB
KReclaimable:     659776 kB
Slab:             221064 kB
SReclaimable:      72712 kB
SUnreclaim:       148352 kB
KernelStack:       47824 kB
PageTables:        66904 kB
NFS_Unstable:          0 kB
Bounce:                0 kB
WritebackTmp:          0 kB
CommitLimit:     9202292 kB
Committed_AS:   75052260 kB
VmallocTotal:   263061440 kB
VmallocUsed:      104920 kB
VmallocChunk:          0 kB
Percpu:             7552 kB
CmaTotal:         294912 kB
CmaFree:               0 kB
MemTotal:       12113136 kB
MemFree:         6508128 kB
MemAvailable:    7932468 kB
Buffers:            4868 kB
Cached:          1666972 kB
SwapCached:            0 kB
Active:          1478756 kB
Inactive:        1486780 kB
Active(anon):    1300180 kB
Inactive(anon):    32088 kB
Active(file):     178576 kB
Inactive(file):  1454692 kB
Unevictable:        5620 kB
Mlocked:            5620 kB
SwapTotal:       3145724 kB
SwapFree:        3145724 kB
Dirty:               400 kB
Writeback:             0 kB
AnonPages:       1299492 kB
Mapped:           871864 kB
Shmem:             34004 kB
KReclaimable:     659776 kB
Slab:             221064 kB
SReclaimable:      72712 kB
SUnreclaim:       148352 kB
KernelStack:       47856 kB
PageTables:        66932 kB
NFS_Unstable:          0 kB
Bounce:                0 kB
WritebackTmp:          0 kB
CommitLimit:     9202292 kB
Committed_AS:   75061096 kB
VmallocTotal:   263061440 kB
VmallocUsed:      104888 kB
VmallocChunk:          0 kB
Percpu:             7552 kB
CmaTotal:         294912 kB
CmaFree:               0 kB
MemTotal:       12113136 kB
MemFree:         6491844 kB
MemAvailable:    7916192 kB
Buffers:            4868 kB
Cached:          1658220 kB
SwapCached:            0 kB
Active:          1504476 kB
Inactive:        1478028 kB
Active(anon):    1325900 kB
Inactive(anon):    23328 kB
Active(file):     178576 kB
Inactive(file):  1454700 kB
Unevictable:        5620 kB
Mlocked:            5620 kB
SwapTotal:       3145724 kB
SwapFree:        3145724 kB
Dirty:               340 kB
Writeback:             0 kB
AnonPages:       1325100 kB
Mapped:           863100 kB
Shmem:             25244 kB
KReclaimable:     659776 kB
Slab:             221064 kB
SReclaimable:      72712 kB
SUnreclaim:       148352 kB
KernelStack:       47824 kB
PageTables:        66908 kB
NFS_Unstable:          0 kB
Bounce:                0 kB
WritebackTmp:          0 kB
CommitLimit:     9202292 kB
Committed_AS:   75052772 kB
VmallocTotal:   263061440 kB
VmallocUsed:      104888 kB
VmallocChunk:          0 kB
Percpu:             7552 kB
CmaTotal:         294912 kB
CmaFree:               0 kB
MemTotal:       12113136 kB
MemFree:         6483572 kB
MemAvailable:    7907936 kB
Buffers:            4868 kB
Cached:          1658236 kB
SwapCached:            0 kB
Active:          1513076 kB
Inactive:        1478044 kB
Active(anon):    1334500 kB
Inactive(anon):    23328 kB
Active(file):     178576 kB
Inactive(file):  1454716 kB
Unevictable:        5620 kB
Mlocked:            5620 kB
SwapTotal:       3145724 kB
SwapFree:        3145724 kB
Dirty:               388 kB
Writeback:             0 kB
AnonPages:       1333436 kB
Mapped:           863100 kB
Shmem:             25244 kB
KReclaimable:     659776 kB
Slab:             221112 kB
SReclaimable:      72712 kB
SUnreclaim:       148400 kB
KernelStack:       47872 kB
PageTables:        66932 kB
NFS_Unstable:          0 kB
Bounce:                0 kB
WritebackTmp:          0 kB
CommitLimit:     9202292 kB
Committed_AS:   75051220 kB
VmallocTotal:   263061440 kB
VmallocUsed:      104872 kB
VmallocChunk:          0 kB
Percpu:             7552 kB
CmaTotal:         294912 kB
CmaFree:               0 kB
MemTotal:       12113136 kB
MemFree:         6483068 kB
MemAvailable:    7907444 kB
Buffers:            4868 kB
Cached:          1658252 kB
SwapCached:            0 kB
Active:          1513668 kB
Inactive:        1478056 kB
Active(anon):    1335088 kB
Inactive(anon):    23332 kB
Active(file):     178580 kB
Inactive(file):  1454724 kB
Unevictable:        5620 kB
Mlocked:            5620 kB
SwapTotal:       3145724 kB
SwapFree:        3145724 kB
Dirty:               396 kB
Writeback:             0 kB
AnonPages:       1334332 kB
Mapped:           863104 kB
Shmem:             25248 kB
KReclaimable:     659776 kB
Slab:             221144 kB
SReclaimable:      72712 kB
SUnreclaim:       148432 kB
KernelStack:       47824 kB
PageTables:        66908 kB
NFS_Unstable:          0 kB
Bounce:                0 kB
WritebackTmp:          0 kB
CommitLimit:     9202292 kB
Committed_AS:   75053904 kB
VmallocTotal:   263061440 kB
VmallocUsed:      104904 kB
VmallocChunk:          0 kB
Percpu:             7552 kB
CmaTotal:         294912 kB
CmaFree:               0 kB
MemTotal:       12113136 kB
MemFree:         6481860 kB
MemAvailable:    7906276 kB
Buffers:            4868 kB
Cached:          1658292 kB
SwapCached:            0 kB
Active:          1514680 kB
Inactive:        1478096 kB
Active(anon):    1336100 kB
Inactive(anon):    23332 kB
Active(file):     178580 kB
Inactive(file):  1454764 kB
Unevictable:        5620 kB
Mlocked:            5620 kB
SwapTotal:       3145724 kB
SwapFree:        3145724 kB
Dirty:               468 kB
Writeback:             0 kB
AnonPages:       1335332 kB
Mapped:           863140 kB
Shmem:             25248 kB
KReclaimable:     659776 kB
Slab:             221084 kB
SReclaimable:      72712 kB
SUnreclaim:       148372 kB
KernelStack:       47856 kB
PageTables:        66968 kB
NFS_Unstable:          0 kB
Bounce:                0 kB
WritebackTmp:          0 kB
CommitLimit:     9202292 kB
Committed_AS:   75056340 kB
VmallocTotal:   263061440 kB
VmallocUsed:      104920 kB
VmallocChunk:          0 kB
Percpu:             7552 kB
CmaTotal:         294912 kB
CmaFree:               0 kB
MemTotal:       12113136 kB
MemFree:         6479900 kB
MemAvailable:    7904328 kB
Buffers:            4868 kB
Cached:          1658300 kB
SwapCached:            0 kB
Active:          1515424 kB
Inactive:        1478104 kB
Active(anon):    1336844 kB
Inactive(anon):    23332 kB
Active(file):     178580 kB
Inactive(file):  1454772 kB
Unevictable:        5620 kB
Mlocked:            5620 kB
SwapTotal:       3145724 kB
SwapFree:        3145724 kB
Dirty:               480 kB
Writeback:             0 kB
AnonPages:       1335808 kB
Mapped:           863104 kB
Shmem:             25248 kB
KReclaimable:     659780 kB
Slab:             221080 kB
SReclaimable:      72716 kB
SUnreclaim:       148364 kB
KernelStack:       47792 kB
PageTables:        66908 kB
NFS_Unstable:          0 kB
Bounce:                0 kB
WritebackTmp:          0 kB
CommitLimit:     9202292 kB
Committed_AS:   75056076 kB
VmallocTotal:   263061440 kB
VmallocUsed:      104904 kB
VmallocChunk:          0 kB
Percpu:             7552 kB
CmaTotal:         294912 kB
CmaFree:               0 kB
MemTotal:       12113136 kB
MemFree:         6478192 kB
MemAvailable:    7902632 kB
Buffers:            4868 kB
Cached:          1658312 kB
SwapCached:            0 kB
Active:          1516108 kB
Inactive:        1478116 kB
Active(anon):    1337528 kB
Inactive(anon):    23332 kB
Active(file):     178580 kB
Inactive(file):  1454784 kB
Unevictable:        5620 kB
Mlocked:            5620 kB
SwapTotal:       3145724 kB
SwapFree:        3145724 kB
Dirty:               248 kB
Writeback:             0 kB
AnonPages:       1336528 kB
Mapped:           863104 kB
Shmem:             25248 kB
KReclaimable:     659780 kB
Slab:             221088 kB
SReclaimable:      72716 kB
SUnreclaim:       148372 kB
KernelStack:       47792 kB
PageTables:        67048 kB
NFS_Unstable:          0 kB
Bounce:                0 kB
WritebackTmp:          0 kB
CommitLimit:     9202292 kB
Committed_AS:   75051040 kB
VmallocTotal:   263061440 kB
VmallocUsed:      104872 kB
VmallocChunk:          0 kB
Percpu:             7552 kB
CmaTotal:         294912 kB
CmaFree:               0 kB
MemTotal:       12113136 kB
MemFree:         6481432 kB
MemAvailable:    7905884 kB
Buffers:            4868 kB
Cached:          1658324 kB
SwapCached:            0 kB
Active:          1512680 kB
Inactive:        1478128 kB
Active(anon):    1334100 kB
Inactive(anon):    23332 kB
Active(file):     178580 kB
Inactive(file):  1454796 kB
Unevictable:        5620 kB
Mlocked:            5620 kB
SwapTotal:       3145724 kB
SwapFree:        3145724 kB
Dirty:               300 kB
Writeback:             0 kB
AnonPages:       1333120 kB
Mapped:           863104 kB
Shmem:             25248 kB
KReclaimable:     659780 kB
Slab:             221092 kB
SReclaimable:      72716 kB
SUnreclaim:       148376 kB
KernelStack:       47776 kB
PageTables:        66908 kB
NFS_Unstable:          0 kB
Bounce:                0 kB
WritebackTmp:          0 kB
CommitLimit:     9202292 kB
Committed_AS:   75052912 kB
VmallocTotal:   263061440 kB
VmallocUsed:      104856 kB
VmallocChunk:          0 kB
Percpu:             7552 kB
CmaTotal:         294912 kB
CmaFree:              68 kB
MemTotal:       12113136 kB
MemFree:         6481636 kB
MemAvailable:    7906096 kB
Buffers:            4868 kB
Cached:          1658332 kB
SwapCached:            0 kB
Active:          1513268 kB
Inactive:        1478128 kB
Active(anon):    1334680 kB
Inactive(anon):    23332 kB
Active(file):     178588 kB
Inactive(file):  1454796 kB
Unevictable:        5620 kB
Mlocked:            5620 kB
SwapTotal:       3145724 kB
SwapFree:        3145724 kB
Dirty:               320 kB
Writeback:             0 kB
AnonPages:       1333612 kB
Mapped:           863104 kB
Shmem:             25248 kB
KReclaimable:     659780 kB
Slab:             221092 kB
SReclaimable:      72716 kB
SUnreclaim:       148376 kB
KernelStack:       47824 kB
PageTables:        67020 kB
NFS_Unstable:          0 kB
Bounce:                0 kB
WritebackTmp:          0 kB
CommitLimit:     9202292 kB
Committed_AS:   75043336 kB
VmallocTotal:   263061440 kB
VmallocUsed:      104792 kB
VmallocChunk:          0 kB
Percpu:             7552 kB
CmaTotal:         294912 kB
CmaFree:               0 kB
MemTotal:       12113136 kB
MemFree:         6481084 kB
MemAvailable:    7905564 kB
Buffers:            4868 kB
Cached:          1658356 kB
SwapCached:            0 kB
Active:          1514892 kB
Inactive:        1478152 kB
Active(anon):    1336304 kB
Inactive(anon):    23336 kB
Active(file):     178588 kB
Inactive(file):  1454816 kB
Unevictable:        5620 kB
Mlocked:            5620 kB
SwapTotal:       3145724 kB
SwapFree:        3145724 kB
Dirty:               340 kB
Writeback:             0 kB
AnonPages:       1335468 kB
Mapped:           863108 kB
Shmem:             25252 kB
KReclaimable:     659780 kB
Slab:             221092 kB
SReclaimable:      72716 kB
SUnreclaim:       148376 kB
KernelStack:       47728 kB
PageTables:        66856 kB
NFS_Unstable:          0 kB
Bounce:                0 kB
WritebackTmp:          0 kB
CommitLimit:     9202292 kB
Committed_AS:   75041236 kB
VmallocTotal:   263061440 kB
VmallocUsed:      104824 kB
VmallocChunk:          0 kB
Percpu:             7552 kB
CmaTotal:         294912 kB
CmaFree:               0 kB
MemTotal:       12113136 kB
MemFree:         6479508 kB
MemAvailable:    7904020 kB
Buffers:            4872 kB
Cached:          1658384 kB
SwapCached:            0 kB
Active:          1515428 kB
Inactive:        1478180 kB
Active(anon):    1336836 kB
Inactive(anon):    23336 kB
Active(file):     178592 kB
Inactive(file):  1454844 kB
Unevictable:        5620 kB
Mlocked:            5620 kB
SwapTotal:       3145724 kB
SwapFree:        3145724 kB
Dirty:               340 kB
Writeback:            24 kB
AnonPages:       1336024 kB
Mapped:           863108 kB
Shmem:             25252 kB
KReclaimable:     659780 kB
Slab:             221096 kB
SReclaimable:      72716 kB
SUnreclaim:       148380 kB
KernelStack:       47728 kB
PageTables:        66928 kB
NFS_Unstable:          0 kB
Bounce:                0 kB
WritebackTmp:          0 kB
CommitLimit:     9202292 kB
Committed_AS:   75045528 kB
VmallocTotal:   263061440 kB
VmallocUsed:      104808 kB
VmallocChunk:          0 kB
Percpu:             7552 kB
CmaTotal:         294912 kB
CmaFree:               0 kB
MemTotal:       12113136 kB
MemFree:         6505736 kB
MemAvailable:    7930252 kB
Buffers:            4872 kB
Cached:          1658388 kB
SwapCached:            0 kB
Active:          1489268 kB
Inactive:        1478184 kB
Active(anon):    1310676 kB
Inactive(anon):    23336 kB
Active(file):     178592 kB
Inactive(file):  1454848 kB
Unevictable:        5620 kB
Mlocked:            5620 kB
SwapTotal:       3145724 kB
SwapFree:        3145724 kB
Dirty:               204 kB
Writeback:             0 kB
AnonPages:       1309832 kB
Mapped:           863172 kB
Shmem:             25252 kB
KReclaimable:     659780 kB
Slab:             221104 kB
SReclaimable:      72716 kB
SUnreclaim:       148388 kB
KernelStack:       47728 kB
PageTables:        67000 kB
NFS_Unstable:          0 kB
Bounce:                0 kB
WritebackTmp:          0 kB
CommitLimit:     9202292 kB
Committed_AS:   75042908 kB
VmallocTotal:   263061440 kB
VmallocUsed:      104776 kB
VmallocChunk:          0 kB
Percpu:             7552 kB
CmaTotal:         294912 kB
CmaFree:               0 kB
MemTotal:       12113136 kB
MemFree:         6516220 kB
MemAvailable:    7940760 kB
Buffers:            4872 kB
Cached:          1658412 kB
SwapCached:            0 kB
Active:          1477956 kB
Inactive:        1478208 kB
Active(anon):    1299364 kB
Inactive(anon):    23336 kB
Active(file):     178592 kB
Inactive(file):  1454872 kB
Unevictable:        5620 kB
Mlocked:            5620 kB
SwapTotal:       3145724 kB
SwapFree:        3145724 kB
Dirty:               280 kB
Writeback:             0 kB
AnonPages:       1298616 kB
Mapped:           863108 kB
Shmem:             25252 kB
KReclaimable:     659780 kB
Slab:             221092 kB
SReclaimable:      72716 kB
SUnreclaim:       148376 kB
KernelStack:       47728 kB
PageTables:        66916 kB
NFS_Unstable:          0 kB
Bounce:                0 kB
WritebackTmp:          0 kB
CommitLimit:     9202292 kB
Committed_AS:   75045108 kB
VmallocTotal:   263061440 kB
VmallocUsed:      104792 kB
VmallocChunk:          0 kB
Percpu:             7552 kB
CmaTotal:         294912 kB
CmaFree:               0 kB
MemTotal:       12113136 kB
MemFree:         6515916 kB
MemAvailable:    7940460 kB
Buffers:            4872 kB
Cached:          1658416 kB
SwapCached:            0 kB
Active:          1478204 kB
Inactive:        1478212 kB
Active(anon):    1299612 kB
Inactive(anon):    23336 kB
Active(file):     178592 kB
Inactive(file):  1454876 kB
Unevictable:        5620 kB
Mlocked:            5620 kB
SwapTotal:       3145724 kB
SwapFree:        3145724 kB
Dirty:               332 kB
Writeback:             0 kB
AnonPages:       1298848 kB
Mapped:           863108 kB
Shmem:             25252 kB
KReclaimable:     659780 kB
Slab:             221092 kB
SReclaimable:      72716 kB
SUnreclaim:       148376 kB
KernelStack:       47728 kB
PageTables:        66900 kB
NFS_Unstable:          0 kB
Bounce:                0 kB
WritebackTmp:          0 kB
CommitLimit:     9202292 kB
Committed_AS:   75044780 kB
VmallocTotal:   263061440 kB
VmallocUsed:      104776 kB
VmallocChunk:          0 kB
Percpu:             7552 kB
CmaTotal:         294912 kB
CmaFree:               0 kB
MemTotal:       12113136 kB
MemFree:         6514724 kB
MemAvailable:    7939284 kB
Buffers:            4872 kB
Cached:          1658440 kB
SwapCached:            0 kB
Active:          1481224 kB
Inactive:        1478236 kB
Active(anon):    1302632 kB
Inactive(anon):    23344 kB
Active(file):     178592 kB
Inactive(file):  1454892 kB
Unevictable:        5620 kB
Mlocked:            5620 kB
SwapTotal:       3145724 kB
SwapFree:        3145724 kB
Dirty:               384 kB
Writeback:             0 kB
AnonPages:       1301944 kB
Mapped:           863116 kB
Shmem:             25260 kB
KReclaimable:     659780 kB
Slab:             221116 kB
SReclaimable:      72716 kB
SUnreclaim:       148400 kB
KernelStack:       47728 kB
PageTables:        66908 kB
NFS_Unstable:          0 kB
Bounce:                0 kB
WritebackTmp:          0 kB
CommitLimit:     9202292 kB
Committed_AS:   75045136 kB
VmallocTotal:   263061440 kB
VmallocUsed:      104792 kB
VmallocChunk:          0 kB
Percpu:             7552 kB
CmaTotal:         294912 kB
CmaFree:               0 kB
MemTotal:       12113136 kB
MemFree:         6514940 kB
MemAvailable:    7939516 kB
Buffers:            4872 kB
Cached:          1658456 kB
SwapCached:            0 kB
Active:          1480632 kB
Inactive:        1478252 kB
Active(anon):    1302040 kB
Inactive(anon):    23344 kB
Active(file):     178592 kB
Inactive(file):  1454908 kB
Unevictable:        5620 kB
Mlocked:            5620 kB
SwapTotal:       3145724 kB
SwapFree:        3145724 kB
Dirty:               400 kB
Writeback:             0 kB
AnonPages:       1301252 kB
Mapped:           863276 kB
Shmem:             25260 kB
KReclaimable:     659780 kB
Slab:             221128 kB
SReclaimable:      72716 kB
SUnreclaim:       148412 kB
KernelStack:       47728 kB
PageTables:        66900 kB
NFS_Unstable:          0 kB
Bounce:                0 kB
WritebackTmp:          0 kB
CommitLimit:     9202292 kB
Committed_AS:   75044848 kB
VmallocTotal:   263061440 kB
VmallocUsed:      104792 kB
VmallocChunk:          0 kB
Percpu:             7552 kB
CmaTotal:         294912 kB
CmaFree:               0 kB
MemTotal:       12113136 kB
MemFree:         6522468 kB
MemAvailable:    7947052 kB
Buffers:            4872 kB
Cached:          1658464 kB
SwapCached:            0 kB
Active:          1472212 kB
Inactive:        1478260 kB
Active(anon):    1293620 kB
Inactive(anon):    23344 kB
Active(file):     178592 kB
Inactive(file):  1454916 kB
Unevictable:        5620 kB
Mlocked:            5620 kB
SwapTotal:       3145724 kB
SwapFree:        3145724 kB
Dirty:               412 kB
Writeback:             0 kB
AnonPages:       1292924 kB
Mapped:           863276 kB
Shmem:             25260 kB
KReclaimable:     659780 kB
Slab:             221120 kB
SReclaimable:      72716 kB
SUnreclaim:       148404 kB
KernelStack:       47744 kB
PageTables:        66924 kB
NFS_Unstable:          0 kB
Bounce:                0 kB
WritebackTmp:          0 kB
CommitLimit:     9202292 kB
Committed_AS:   75045032 kB
VmallocTotal:   263061440 kB
VmallocUsed:      104776 kB
VmallocChunk:          0 kB
Percpu:             7552 kB
CmaTotal:         294912 kB
CmaFree:               0 kB
MemTotal:       12113136 kB
MemFree:         6522280 kB
MemAvailable:    7946876 kB
Buffers:            4872 kB
Cached:          1658480 kB
SwapCached:            0 kB
Active:          1473216 kB
Inactive:        1478276 kB
Active(anon):    1294624 kB
Inactive(anon):    23348 kB
Active(file):     178592 kB
Inactive(file):  1454928 kB
Unevictable:        5620 kB
Mlocked:            5620 kB
SwapTotal:       3145724 kB
SwapFree:        3145724 kB
Dirty:               440 kB
Writeback:             0 kB
AnonPages:       1293684 kB
Mapped:           863280 kB
Shmem:             25264 kB
KReclaimable:     659780 kB
Slab:             221116 kB
SReclaimable:      72716 kB
SUnreclaim:       148400 kB
KernelStack:       47744 kB
PageTables:        67032 kB
NFS_Unstable:          0 kB
Bounce:                0 kB
WritebackTmp:          0 kB
CommitLimit:     9202292 kB
Committed_AS:   75035540 kB
VmallocTotal:   263061440 kB
VmallocUsed:      104744 kB
VmallocChunk:          0 kB
Percpu:             7552 kB
CmaTotal:         294912 kB
CmaFree:               0 kB
MemTotal:       12113136 kB
MemFree:         6521508 kB
MemAvailable:    7946116 kB
Buffers:            4872 kB
Cached:          1658492 kB
SwapCached:            0 kB
Active:          1473788 kB
Inactive:        1478288 kB
Active(anon):    1295196 kB
Inactive(anon):    23348 kB
Active(file):     178592 kB
Inactive(file):  1454940 kB
Unevictable:        5620 kB
Mlocked:            5620 kB
SwapTotal:       3145724 kB
SwapFree:        3145724 kB
Dirty:               452 kB
Writeback:             0 kB
AnonPages:       1294448 kB
Mapped:           863280 kB
Shmem:             25264 kB
KReclaimable:     659780 kB
Slab:             221136 kB
SReclaimable:      72716 kB
SUnreclaim:       148420 kB
KernelStack:       47728 kB
PageTables:        66900 kB
NFS_Unstable:          0 kB
Bounce:                0 kB
WritebackTmp:          0 kB
CommitLimit:     9202292 kB
Committed_AS:   75046064 kB
VmallocTotal:   263061440 kB
VmallocUsed:      104776 kB
VmallocChunk:          0 kB
Percpu:             7552 kB
CmaTotal:         294912 kB
CmaFree:               0 kB
MemTotal:       12113136 kB
MemFree:         6521028 kB
MemAvailable:    7945648 kB
Buffers:            4872 kB
Cached:          1658504 kB
SwapCached:            0 kB
Active:          1474972 kB
Inactive:        1478304 kB
Active(anon):    1296384 kB
Inactive(anon):    23348 kB
Active(file):     178588 kB
Inactive(file):  1454956 kB
Unevictable:        5620 kB
Mlocked:            5620 kB
SwapTotal:       3145724 kB
SwapFree:        3145724 kB
Dirty:               488 kB
Writeback:             0 kB
AnonPages:       1295588 kB
Mapped:           863280 kB
Shmem:             25264 kB
KReclaimable:     659780 kB
Slab:             221128 kB
SReclaimable:      72716 kB
SUnreclaim:       148412 kB
KernelStack:       47728 kB
PageTables:        66900 kB
NFS_Unstable:          0 kB
Bounce:                0 kB
WritebackTmp:          0 kB
CommitLimit:     9202292 kB
Committed_AS:   75051896 kB
VmallocTotal:   263061440 kB
VmallocUsed:      104760 kB
VmallocChunk:          0 kB
Percpu:             7552 kB
CmaTotal:         294912 kB
CmaFree:               0 kB
MemTotal:       12113136 kB
MemFree:         6528008 kB
MemAvailable:    7952644 kB
Buffers:            4872 kB
Cached:          1658524 kB
SwapCached:            0 kB
Active:          1466844 kB
Inactive:        1478320 kB
Active(anon):    1288252 kB
Inactive(anon):    23352 kB
Active(file):     178592 kB
Inactive(file):  1454968 kB
Unevictable:        5620 kB
Mlocked:            5620 kB
SwapTotal:       3145724 kB
SwapFree:        3145724 kB
Dirty:               536 kB
Writeback:             0 kB
AnonPages:       1287268 kB
Mapped:           863284 kB
Shmem:             25268 kB
KReclaimable:     659780 kB
Slab:             221128 kB
SReclaimable:      72716 kB
SUnreclaim:       148412 kB
KernelStack:       47728 kB
PageTables:        66900 kB
NFS_Unstable:          0 kB
Bounce:                0 kB
WritebackTmp:          0 kB
CommitLimit:     9202292 kB
Committed_AS:   75046304 kB
VmallocTotal:   263061440 kB
VmallocUsed:      104808 kB
VmallocChunk:          0 kB
Percpu:             7552 kB
CmaTotal:         294912 kB
CmaFree:               0 kB
MemTotal:       12113136 kB
MemFree:         6526388 kB
MemAvailable:    7951040 kB
Buffers:            4872 kB
Cached:          1658544 kB
SwapCached:            0 kB
Active:          1467748 kB
Inactive:        1478340 kB
Active(anon):    1289156 kB
Inactive(anon):    23356 kB
Active(file):     178592 kB
Inactive(file):  1454984 kB
Unevictable:        5620 kB
Mlocked:            5620 kB
SwapTotal:       3145724 kB
SwapFree:        3145724 kB
Dirty:               556 kB
Writeback:             0 kB
AnonPages:       1288332 kB
Mapped:           863288 kB
Shmem:             25272 kB
KReclaimable:     659780 kB
Slab:             221132 kB
SReclaimable:      72716 kB
SUnreclaim:       148416 kB
KernelStack:       47728 kB
PageTables:        66900 kB
NFS_Unstable:          0 kB
Bounce:                0 kB
WritebackTmp:          0 kB
CommitLimit:     9202292 kB
Committed_AS:   75054528 kB
VmallocTotal:   263061440 kB
VmallocUsed:      104824 kB
VmallocChunk:          0 kB
Percpu:             7552 kB
CmaTotal:         294912 kB
CmaFree:               0 kB
MemTotal:       12113136 kB
MemFree:         6525908 kB
MemAvailable:    7950568 kB
Buffers:            4872 kB
Cached:          1658552 kB
SwapCached:            0 kB
Active:          1468392 kB
Inactive:        1478348 kB
Active(anon):    1289800 kB
Inactive(anon):    23356 kB
Active(file):     178592 kB
Inactive(file):  1454992 kB
Unevictable:        5620 kB
Mlocked:            5620 kB
SwapTotal:       3145724 kB
SwapFree:        3145724 kB
Dirty:               568 kB
Writeback:             0 kB
AnonPages:       1288988 kB
Mapped:           863288 kB
Shmem:             25272 kB
KReclaimable:     659780 kB
Slab:             221132 kB
SReclaimable:      72716 kB
SUnreclaim:       148416 kB
KernelStack:       47728 kB
PageTables:        66900 kB
NFS_Unstable:          0 kB
Bounce:                0 kB
WritebackTmp:          0 kB
CommitLimit:     9202292 kB
Committed_AS:   75055584 kB
VmallocTotal:   263061440 kB
VmallocUsed:      104808 kB
VmallocChunk:          0 kB
Percpu:             7552 kB
CmaTotal:         294912 kB
CmaFree:               0 kB
MemTotal:       12113136 kB
MemFree:         6525040 kB
MemAvailable:    7949716 kB
Buffers:            4872 kB
Cached:          1658568 kB
SwapCached:            0 kB
Active:          1469244 kB
Inactive:        1478364 kB
Active(anon):    1290652 kB
Inactive(anon):    23356 kB
Active(file):     178592 kB
Inactive(file):  1455008 kB
Unevictable:        5620 kB
Mlocked:            5620 kB
SwapTotal:       3145724 kB
SwapFree:        3145724 kB
Dirty:               596 kB
Writeback:             0 kB
AnonPages:       1289896 kB
Mapped:           863288 kB
Shmem:             25272 kB
KReclaimable:     659780 kB
Slab:             221144 kB
SReclaimable:      72716 kB
SUnreclaim:       148428 kB
KernelStack:       47728 kB
PageTables:        66900 kB
NFS_Unstable:          0 kB
Bounce:                0 kB
WritebackTmp:          0 kB
CommitLimit:     9202292 kB
Committed_AS:   75055516 kB
VmallocTotal:   263061440 kB
VmallocUsed:      104792 kB
VmallocChunk:          0 kB
Percpu:             7552 kB
CmaTotal:         294912 kB
CmaFree:               0 kB
MemTotal:       12113136 kB
MemFree:         6525684 kB
MemAvailable:    7950368 kB
Buffers:            4872 kB
Cached:          1658576 kB
SwapCached:            0 kB
Active:          1469168 kB
Inactive:        1478368 kB
Active(anon):    1290572 kB
Inactive(anon):    23356 kB
Active(file):     178596 kB
Inactive(file):  1455012 kB
Unevictable:        5620 kB
Mlocked:            5620 kB
SwapTotal:       3145724 kB
SwapFree:        3145724 kB
Dirty:               608 kB
Writeback:             0 kB
AnonPages:       1289772 kB
Mapped:           863288 kB
Shmem:             25272 kB
KReclaimable:     659780 kB
Slab:             221136 kB
SReclaimable:      72716 kB
SUnreclaim:       148420 kB
KernelStack:       47728 kB
PageTables:        66904 kB
NFS_Unstable:          0 kB
Bounce:                0 kB
WritebackTmp:          0 kB
CommitLimit:     9202292 kB
Committed_AS:   75055440 kB
VmallocTotal:   263061440 kB
VmallocUsed:      104808 kB
VmallocChunk:          0 kB
Percpu:             7552 kB
CmaTotal:         294912 kB
CmaFree:               0 kB
MemTotal:       12113136 kB
MemFree:         6525064 kB
MemAvailable:    7949788 kB
Buffers:            4876 kB
Cached:          1658608 kB
SwapCached:            0 kB
Active:          1470120 kB
Inactive:        1478400 kB
Active(anon):    1291520 kB
Inactive(anon):    23356 kB
Active(file):     178600 kB
Inactive(file):  1455044 kB
Unevictable:        5620 kB
Mlocked:            5620 kB
SwapTotal:       3145724 kB
SwapFree:        3145724 kB
Dirty:               612 kB
Writeback:             0 kB
AnonPages:       1290780 kB
Mapped:           863288 kB
Shmem:             25272 kB
KReclaimable:     659784 kB
Slab:             221140 kB
SReclaimable:      72720 kB
SUnreclaim:       148420 kB
KernelStack:       47728 kB
PageTables:        66900 kB
NFS_Unstable:          0 kB
Bounce:                0 kB
WritebackTmp:          0 kB
CommitLimit:     9202292 kB
Committed_AS:   75055344 kB
VmallocTotal:   263061440 kB
VmallocUsed:      104792 kB
VmallocChunk:          0 kB
Percpu:             7552 kB
CmaTotal:         294912 kB
CmaFree:               0 kB
MemTotal:       12113136 kB
MemFree:         6523436 kB
MemAvailable:    7948168 kB
Buffers:            4876 kB
Cached:          1658616 kB
SwapCached:            0 kB
Active:          1470236 kB
Inactive:        1478408 kB
Active(anon):    1291636 kB
Inactive(anon):    23356 kB
Active(file):     178600 kB
Inactive(file):  1455052 kB
Unevictable:        5620 kB
Mlocked:            5620 kB
SwapTotal:       3145724 kB
SwapFree:        3145724 kB
Dirty:               644 kB
Writeback:             0 kB
AnonPages:       1290988 kB
Mapped:           863288 kB
Shmem:             25272 kB
KReclaimable:     659784 kB
Slab:             221136 kB
SReclaimable:      72720 kB
SUnreclaim:       148416 kB
KernelStack:       47744 kB
PageTables:        67028 kB
NFS_Unstable:          0 kB
Bounce:                0 kB
WritebackTmp:          0 kB
CommitLimit:     9202292 kB
Committed_AS:   75055008 kB
VmallocTotal:   263061440 kB
VmallocUsed:      104808 kB
VmallocChunk:          0 kB
Percpu:             7552 kB
CmaTotal:         294912 kB
CmaFree:               0 kB
MemTotal:       12113136 kB
MemFree:         6522488 kB
MemAvailable:    7947236 kB
Buffers:            4876 kB
Cached:          1658632 kB
SwapCached:            0 kB
Active:          1470928 kB
Inactive:        1478424 kB
Active(anon):    1292328 kB
Inactive(anon):    23356 kB
Active(file):     178600 kB
Inactive(file):  1455068 kB
Unevictable:        5620 kB
Mlocked:            5620 kB
SwapTotal:       3145724 kB
SwapFree:        3145724 kB
Dirty:               668 kB
Writeback:             0 kB
AnonPages:       1291612 kB
Mapped:           863288 kB
Shmem:             25272 kB
KReclaimable:     659784 kB
Slab:             221136 kB
SReclaimable:      72720 kB
SUnreclaim:       148416 kB
KernelStack:       47728 kB
PageTables:        66900 kB
NFS_Unstable:          0 kB
Bounce:                0 kB
WritebackTmp:          0 kB
CommitLimit:     9202292 kB
Committed_AS:   75056184 kB
VmallocTotal:   263061440 kB
VmallocUsed:      104824 kB
VmallocChunk:          0 kB
Percpu:             7552 kB
CmaTotal:         294912 kB
CmaFree:               0 kB
MemTotal:       12113136 kB
MemFree:         6522156 kB
MemAvailable:    7946912 kB
Buffers:            4876 kB
Cached:          1658640 kB
SwapCached:            0 kB
Active:          1471500 kB
Inactive:        1478432 kB
Active(anon):    1292900 kB
Inactive(anon):    23356 kB
Active(file):     178600 kB
Inactive(file):  1455076 kB
Unevictable:        5620 kB
Mlocked:            5620 kB
SwapTotal:       3145724 kB
SwapFree:        3145724 kB
Dirty:               676 kB
Writeback:             0 kB
AnonPages:       1292172 kB
Mapped:           863292 kB
Shmem:             25272 kB
KReclaimable:     659784 kB
Slab:             221148 kB
SReclaimable:      72720 kB
SUnreclaim:       148428 kB
KernelStack:       47760 kB
PageTables:        66944 kB
NFS_Unstable:          0 kB
Bounce:                0 kB
WritebackTmp:          0 kB
CommitLimit:     9202292 kB
Committed_AS:   75056096 kB
VmallocTotal:   263061440 kB
VmallocUsed:      104776 kB
VmallocChunk:          0 kB
Percpu:             7552 kB
CmaTotal:         294912 kB
CmaFree:               0 kB
MemTotal:       12113136 kB
MemFree:         6521608 kB
MemAvailable:    7946372 kB
Buffers:            4876 kB
Cached:          1658648 kB
SwapCached:            0 kB
Active:          1472932 kB
Inactive:        1478440 kB
Active(anon):    1294332 kB
Inactive(anon):    23356 kB
Active(file):     178600 kB
Inactive(file):  1455084 kB
Unevictable:        5620 kB
Mlocked:            5620 kB
SwapTotal:       3145724 kB
SwapFree:        3145724 kB
Dirty:               724 kB
Writeback:             0 kB
AnonPages:       1293504 kB
Mapped:           863288 kB
Shmem:             25272 kB
KReclaimable:     659784 kB
Slab:             221160 kB
SReclaimable:      72720 kB
SUnreclaim:       148440 kB
KernelStack:       47728 kB
PageTables:        66900 kB
NFS_Unstable:          0 kB
Bounce:                0 kB
WritebackTmp:          0 kB
CommitLimit:     9202292 kB
Committed_AS:   75056316 kB
VmallocTotal:   263061440 kB
VmallocUsed:      104760 kB
VmallocChunk:          0 kB
Percpu:             7552 kB
CmaTotal:         294912 kB
CmaFree:               0 kB
MemTotal:       12113136 kB
MemFree:         6521432 kB
MemAvailable:    7946216 kB
Buffers:            4876 kB
Cached:          1658668 kB
SwapCached:            0 kB
Active:          1473656 kB
Inactive:        1478460 kB
Active(anon):    1295056 kB
Inactive(anon):    23356 kB
Active(file):     178600 kB
Inactive(file):  1455104 kB
Unevictable:        5620 kB
Mlocked:            5620 kB
SwapTotal:       3145724 kB
SwapFree:        3145724 kB
Dirty:               744 kB
Writeback:             0 kB
AnonPages:       1294248 kB
Mapped:           863288 kB
Shmem:             25272 kB
KReclaimable:     659784 kB
Slab:             221160 kB
SReclaimable:      72720 kB
SUnreclaim:       148440 kB
KernelStack:       47760 kB
PageTables:        66952 kB
NFS_Unstable:          0 kB
Bounce:                0 kB
WritebackTmp:          0 kB
CommitLimit:     9202292 kB
Committed_AS:   75055744 kB
VmallocTotal:   263061440 kB
VmallocUsed:      104808 kB
VmallocChunk:          0 kB
Percpu:             7552 kB
CmaTotal:         294912 kB
CmaFree:              16 kB
MemTotal:       12113136 kB
MemFree:         6520296 kB
MemAvailable:    7945084 kB
Buffers:            4876 kB
Cached:          1658672 kB
SwapCached:            0 kB
Active:          1474360 kB
Inactive:        1478464 kB
Active(anon):    1295760 kB
Inactive(anon):    23356 kB
Active(file):     178600 kB
Inactive(file):  1455108 kB
Unevictable:        5620 kB
Mlocked:            5620 kB
SwapTotal:       3145724 kB
SwapFree:        3145724 kB
Dirty:               748 kB
Writeback:             0 kB
AnonPages:       1295008 kB
Mapped:           863288 kB
Shmem:             25272 kB
KReclaimable:     659784 kB
Slab:             221156 kB
SReclaimable:      72720 kB
SUnreclaim:       148436 kB
KernelStack:       47712 kB
PageTables:        66904 kB
NFS_Unstable:          0 kB
Bounce:                0 kB
WritebackTmp:          0 kB
CommitLimit:     9202292 kB
Committed_AS:   75055840 kB
VmallocTotal:   263061440 kB
VmallocUsed:      104792 kB
VmallocChunk:          0 kB
Percpu:             7552 kB
CmaTotal:         294912 kB
CmaFree:               0 kB
MemTotal:       12113136 kB
MemFree:         6495028 kB
MemAvailable:    7919828 kB
Buffers:            4876 kB
Cached:          1658684 kB
SwapCached:            0 kB
Active:          1502476 kB
Inactive:        1478472 kB
Active(anon):    1323872 kB
Inactive(anon):    23356 kB
Active(file):     178604 kB
Inactive(file):  1455116 kB
Unevictable:        5620 kB
Mlocked:            5620 kB
SwapTotal:       3145724 kB
SwapFree:        3145724 kB
Dirty:               776 kB
Writeback:             0 kB
AnonPages:       1323060 kB
Mapped:           863288 kB
Shmem:             25272 kB
KReclaimable:     659784 kB
Slab:             221156 kB
SReclaimable:      72720 kB
SUnreclaim:       148436 kB
KernelStack:       47728 kB
PageTables:        67040 kB
NFS_Unstable:          0 kB
Bounce:                0 kB
WritebackTmp:          0 kB
CommitLimit:     9202292 kB
Committed_AS:   75050144 kB
VmallocTotal:   263061440 kB
VmallocUsed:      104808 kB
VmallocChunk:          0 kB
Percpu:             7552 kB
CmaTotal:         294912 kB
CmaFree:               0 kB
MemTotal:       12113136 kB
MemFree:         6477340 kB
MemAvailable:    7902148 kB
Buffers:            4876 kB
Cached:          1658692 kB
SwapCached:            0 kB
Active:          1520484 kB
Inactive:        1478480 kB
Active(anon):    1341880 kB
Inactive(anon):    23356 kB
Active(file):     178604 kB
Inactive(file):  1455124 kB
Unevictable:        5620 kB
Mlocked:            5620 kB
SwapTotal:       3145724 kB
SwapFree:        3145724 kB
Dirty:               792 kB
Writeback:             0 kB
AnonPages:       1341052 kB
Mapped:           863288 kB
Shmem:             25272 kB
KReclaimable:     659784 kB
Slab:             221168 kB
SReclaimable:      72720 kB
SUnreclaim:       148448 kB
KernelStack:       47712 kB
PageTables:        66908 kB
NFS_Unstable:          0 kB
Bounce:                0 kB
WritebackTmp:          0 kB
CommitLimit:     9202292 kB
Committed_AS:   75050276 kB
VmallocTotal:   263061440 kB
VmallocUsed:      104792 kB
