MemTotal:        5980404 kB
MemFree:         1115732 kB
MemAvailable:    2785684 kB
Buffers:            5372 kB
Cached:          1675536 kB
SwapCached:            0 kB
Active:          1342216 kB
Inactive:        1460164 kB
Active(anon):    1127852 kB
Inactive(anon):    18152 kB
Active(file):     214364 kB
Inactive(file):  1442012 kB
Unevictable:        5428 kB
Mlocked:            5428 kB
SwapTotal:       3670008 kB
SwapFree:        3670008 kB
Dirty:               428 kB
Writeback:             0 kB
AnonPages:       1126832 kB
Mapped:           812280 kB
Shmem:             20144 kB
KReclaimable:     576008 kB
Slab:             224832 kB
SReclaimable:      68540 kB
SUnreclaim:       156292 kB
KernelStack:       46236 kB
PageTables:        60076 kB
NFS_Unstable:          0 kB
Bounce:                0 kB
WritebackTmp:          0 kB
CommitLimit:     6660208 kB
Committed_AS:   71079636 kB
VmallocTotal:   263061440 kB
VmallocUsed:       86620 kB
VmallocChunk:          0 kB
Percpu:             7616 kB
CmaTotal:         315392 kB
CmaFree:              24 kB
MemTotal:        5980404 kB
MemFree:         1110408 kB
MemAvailable:    2780352 kB
Buffers:            5372 kB
Cached:          1675528 kB
SwapCached:            0 kB
Active:          1346772 kB
Inactive:        1460160 kB
Active(anon):    1132412 kB
Inactive(anon):    18152 kB
Active(file):     214360 kB
Inactive(file):  1442008 kB
Unevictable:        5428 kB
Mlocked:            5428 kB
SwapTotal:       3670008 kB
SwapFree:        3670008 kB
Dirty:               400 kB
Writeback:             0 kB
AnonPages:       1131364 kB
Mapped:           811892 kB
Shmem:             20144 kB
KReclaimable:     576008 kB
Slab:             224944 kB
SReclaimable:      68540 kB
SUnreclaim:       156404 kB
KernelStack:       46172 kB
PageTables:        60304 kB
NFS_Unstable:          0 kB
Bounce:                0 kB
WritebackTmp:          0 kB
CommitLimit:     6660208 kB
Committed_AS:   71086084 kB
VmallocTotal:   263061440 kB
VmallocUsed:       86636 kB
VmallocChunk:          0 kB
Percpu:             7616 kB
CmaTotal:         315392 kB
CmaFree:               0 kB
MemTotal:        5980404 kB
MemFree:         1110024 kB
MemAvailable:    2779972 kB
Buffers:            5376 kB
Cached:          1675528 kB
SwapCached:            0 kB
Active:          1347112 kB
Inactive:        1460160 kB
Active(anon):    1132748 kB
Inactive(anon):    18152 kB
Active(file):     214364 kB
Inactive(file):  1442008 kB
Unevictable:        5428 kB
Mlocked:            5428 kB
SwapTotal:       3670008 kB
SwapFree:        3670008 kB
Dirty:               400 kB
Writeback:             0 kB
AnonPages:       1131212 kB
Mapped:           811892 kB
Shmem:             20144 kB
KReclaimable:     576008 kB
Slab:             224968 kB
SReclaimable:      68540 kB
SUnreclaim:       156428 kB
KernelStack:       46160 kB
PageTables:        60208 kB
NFS_Unstable:          0 kB
Bounce:                0 kB
WritebackTmp:          0 kB
CommitLimit:     6660208 kB
Committed_AS:   71083144 kB
VmallocTotal:   263061440 kB
VmallocUsed:       86588 kB
VmallocChunk:          0 kB
Percpu:             7616 kB
CmaTotal:         315392 kB
CmaFree:               0 kB
MemTotal:        5980404 kB
MemFree:         1110072 kB
MemAvailable:    2780036 kB
Buffers:            5376 kB
Cached:          1675544 kB
SwapCached:            0 kB
Active:          1346168 kB
Inactive:        1460176 kB
Active(anon):    1131804 kB
Inactive(anon):    18152 kB
Active(file):     214364 kB
Inactive(file):  1442024 kB
Unevictable:        5428 kB
Mlocked:            5428 kB
SwapTotal:       3670008 kB
SwapFree:        3670008 kB
Dirty:               388 kB
Writeback:             0 kB
AnonPages:       1130984 kB
Mapped:           811876 kB
Shmem:             20144 kB
KReclaimable:     576008 kB
Slab:             224960 kB
SReclaimable:      68540 kB
SUnreclaim:       156420 kB
KernelStack:       45952 kB
PageTables:        60136 kB
NFS_Unstable:          0 kB
Bounce:                0 kB
WritebackTmp:          0 kB
CommitLimit:     6660208 kB
Committed_AS:   71082704 kB
VmallocTotal:   263061440 kB
VmallocUsed:       86476 kB
VmallocChunk:          0 kB
Percpu:             7616 kB
CmaTotal:         315392 kB
CmaFree:               0 kB
MemTotal:        5980404 kB
MemFree:         1110896 kB
MemAvailable:    2780868 kB
Buffers:            5376 kB
Cached:          1675552 kB
SwapCached:            0 kB
Active:          1346748 kB
Inactive:        1460180 kB
Active(anon):    1132380 kB
Inactive(anon):    18152 kB
Active(file):     214368 kB
Inactive(file):  1442028 kB
Unevictable:        5428 kB
Mlocked:            5428 kB
SwapTotal:       3670008 kB
SwapFree:        3670008 kB
Dirty:               396 kB
Writeback:             0 kB
AnonPages:       1131504 kB
Mapped:           811732 kB
Shmem:             20144 kB
KReclaimable:     576008 kB
Slab:             224904 kB
SReclaimable:      68540 kB
SUnreclaim:       156364 kB
KernelStack:       45936 kB
PageTables:        60200 kB
NFS_Unstable:          0 kB
Bounce:                0 kB
WritebackTmp:          0 kB
CommitLimit:     6660208 kB
Committed_AS:   71083196 kB
VmallocTotal:   263061440 kB
VmallocUsed:       86444 kB
VmallocChunk:          0 kB
Percpu:             7616 kB
CmaTotal:         315392 kB
CmaFree:               8 kB
MemTotal:        5980404 kB
MemFree:         1110036 kB
MemAvailable:    2780000 kB
Buffers:            5376 kB
Cached:          1675544 kB
SwapCached:            0 kB
Active:          1347452 kB
Inactive:        1460176 kB
Active(anon):    1133088 kB
Inactive(anon):    18152 kB
Active(file):     214364 kB
Inactive(file):  1442024 kB
Unevictable:        5428 kB
Mlocked:            5428 kB
SwapTotal:       3670008 kB
SwapFree:        3670008 kB
Dirty:               404 kB
Writeback:             0 kB
AnonPages:       1132236 kB
Mapped:           811876 kB
Shmem:             20144 kB
KReclaimable:     576008 kB
Slab:             224928 kB
SReclaimable:      68540 kB
SUnreclaim:       156388 kB
KernelStack:       45952 kB
PageTables:        60376 kB
NFS_Unstable:          0 kB
Bounce:                0 kB
WritebackTmp:          0 kB
CommitLimit:     6660208 kB
Committed_AS:   71089376 kB
VmallocTotal:   263061440 kB
VmallocUsed:       86428 kB
VmallocChunk:          0 kB
Percpu:             7616 kB
CmaTotal:         315392 kB
CmaFree:               0 kB
MemTotal:        5980404 kB
MemFree:         1109200 kB
MemAvailable:    2779172 kB
Buffers:            5376 kB
Cached:          1675560 kB
SwapCached:            0 kB
Active:          1347636 kB
Inactive:        1460188 kB
Active(anon):    1133268 kB
Inactive(anon):    18160 kB
Active(file):     214368 kB
Inactive(file):  1442028 kB
Unevictable:        5428 kB
Mlocked:            5428 kB
SwapTotal:       3670008 kB
SwapFree:        3670008 kB
Dirty:               396 kB
Writeback:             0 kB
AnonPages:       1132484 kB
Mapped:           811696 kB
Shmem:             20152 kB
KReclaimable:     576008 kB
Slab:             224928 kB
SReclaimable:      68540 kB
SUnreclaim:       156388 kB
KernelStack:       45936 kB
PageTables:        60152 kB
NFS_Unstable:          0 kB
Bounce:                0 kB
WritebackTmp:          0 kB
CommitLimit:     6660208 kB
Committed_AS:   71089540 kB
VmallocTotal:   263061440 kB
VmallocUsed:       86476 kB
VmallocChunk:          0 kB
Percpu:             7616 kB
CmaTotal:         315392 kB
CmaFree:               0 kB
MemTotal:        5980404 kB
MemFree:         1109284 kB
MemAvailable:    2779248 kB
Buffers:            5376 kB
Cached:          1675552 kB
SwapCached:            0 kB
Active:          1348044 kB
Inactive:        1460184 kB
Active(anon):    1133680 kB
Inactive(anon):    18160 kB
Active(file):     214364 kB
Inactive(file):  1442024 kB
Unevictable:        5428 kB
Mlocked:            5428 kB
SwapTotal:       3670008 kB
SwapFree:        3670008 kB
Dirty:               416 kB
Writeback:             0 kB
AnonPages:       1132656 kB
Mapped:           811656 kB
Shmem:             20152 kB
KReclaimable:     576008 kB
Slab:             224976 kB
SReclaimable:      68540 kB
SUnreclaim:       156436 kB
KernelStack:       45920 kB
PageTables:        60148 kB
NFS_Unstable:          0 kB
Bounce:                0 kB
WritebackTmp:          0 kB
CommitLimit:     6660208 kB
Committed_AS:   71090852 kB
VmallocTotal:   263061440 kB
VmallocUsed:       86428 kB
VmallocChunk:          0 kB
Percpu:             7616 kB
CmaTotal:         315392 kB
CmaFree:               0 kB
MemTotal:        5980404 kB
MemFree:         1109120 kB
MemAvailable:    2779084 kB
Buffers:            5376 kB
Cached:          1675552 kB
SwapCached:            0 kB
Active:          1348184 kB
Inactive:        1460184 kB
Active(anon):    1133820 kB
Inactive(anon):    18160 kB
Active(file):     214364 kB
Inactive(file):  1442024 kB
Unevictable:        5428 kB
Mlocked:            5428 kB
SwapTotal:       3670008 kB
SwapFree:        3670008 kB
Dirty:               416 kB
Writeback:             0 kB
AnonPages:       1132844 kB
Mapped:           811884 kB
Shmem:             20152 kB
KReclaimable:     576008 kB
Slab:             224888 kB
SReclaimable:      68540 kB
SUnreclaim:       156348 kB
KernelStack:       45936 kB
PageTables:        60464 kB
NFS_Unstable:          0 kB
Bounce:                0 kB
WritebackTmp:          0 kB
CommitLimit:     6660208 kB
Committed_AS:   71090588 kB
VmallocTotal:   263061440 kB
VmallocUsed:       86428 kB
VmallocChunk:          0 kB
Percpu:             7616 kB
CmaTotal:         315392 kB
CmaFree:               0 kB
MemTotal:        5980404 kB
MemFree:         1108476 kB
MemAvailable:    2778440 kB
Buffers:            5376 kB
Cached:          1675556 kB
SwapCached:            0 kB
Active:          1348408 kB
Inactive:        1460188 kB
Active(anon):    1134044 kB
Inactive(anon):    18164 kB
Active(file):     214364 kB
Inactive(file):  1442024 kB
Unevictable:        5428 kB
Mlocked:            5428 kB
SwapTotal:       3670008 kB
SwapFree:        3670008 kB
Dirty:               416 kB
Writeback:             0 kB
AnonPages:       1133132 kB
Mapped:           811904 kB
Shmem:             20156 kB
KReclaimable:     576008 kB
Slab:             224968 kB
SReclaimable:      68540 kB
SUnreclaim:       156428 kB
KernelStack:       45968 kB
PageTables:        60284 kB
NFS_Unstable:          0 kB
Bounce:                0 kB
WritebackTmp:          0 kB
CommitLimit:     6660208 kB
Committed_AS:   71088020 kB
VmallocTotal:   263061440 kB
VmallocUsed:       86396 kB
VmallocChunk:          0 kB
Percpu:             7616 kB
CmaTotal:         315392 kB
CmaFree:               0 kB
MemTotal:        5980404 kB
MemFree:         1108364 kB
MemAvailable:    2778328 kB
Buffers:            5376 kB
Cached:          1675556 kB
SwapCached:            0 kB
Active:          1348668 kB
Inactive:        1460188 kB
Active(anon):    1134304 kB
Inactive(anon):    18164 kB
Active(file):     214364 kB
Inactive(file):  1442024 kB
Unevictable:        5428 kB
Mlocked:            5428 kB
SwapTotal:       3670008 kB
SwapFree:        3670008 kB
Dirty:               416 kB
Writeback:             0 kB
AnonPages:       1133596 kB
Mapped:           811904 kB
Shmem:             20156 kB
KReclaimable:     576008 kB
Slab:             224952 kB
SReclaimable:      68540 kB
SUnreclaim:       156412 kB
KernelStack:       45952 kB
PageTables:        60428 kB
NFS_Unstable:          0 kB
Bounce:                0 kB
WritebackTmp:          0 kB
CommitLimit:     6660208 kB
Committed_AS:   71089808 kB
VmallocTotal:   263061440 kB
VmallocUsed:       86412 kB
VmallocChunk:          0 kB
Percpu:             7616 kB
CmaTotal:         315392 kB
CmaFree:               0 kB
MemTotal:        5980404 kB
MemFree:         1107860 kB
MemAvailable:    2777824 kB
Buffers:            5376 kB
Cached:          1675556 kB
SwapCached:            0 kB
Active:          1349704 kB
Inactive:        1460188 kB
Active(anon):    1135340 kB
Inactive(anon):    18164 kB
Active(file):     214364 kB
Inactive(file):  1442024 kB
Unevictable:        5428 kB
Mlocked:            5428 kB
SwapTotal:       3670008 kB
SwapFree:        3670008 kB
Dirty:               428 kB
Writeback:             0 kB
AnonPages:       1134164 kB
Mapped:           811660 kB
Shmem:             20156 kB
KReclaimable:     576008 kB
Slab:             224936 kB
SReclaimable:      68540 kB
SUnreclaim:       156396 kB
KernelStack:       46016 kB
PageTables:        60588 kB
NFS_Unstable:          0 kB
Bounce:                0 kB
WritebackTmp:          0 kB
CommitLimit:     6660208 kB
Committed_AS:   71081808 kB
VmallocTotal:   263061440 kB
VmallocUsed:       86380 kB
VmallocChunk:          0 kB
Percpu:             7616 kB
CmaTotal:         315392 kB
CmaFree:              28 kB
MemTotal:        5980404 kB
MemFree:         1108408 kB
MemAvailable:    2778376 kB
Buffers:            5376 kB
Cached:          1675560 kB
SwapCached:            0 kB
Active:          1349500 kB
Inactive:        1460192 kB
Active(anon):    1135136 kB
Inactive(anon):    18164 kB
Active(file):     214364 kB
Inactive(file):  1442028 kB
Unevictable:        5428 kB
Mlocked:            5428 kB
SwapTotal:       3670008 kB
SwapFree:        3670008 kB
Dirty:               408 kB
Writeback:             0 kB
AnonPages:       1134760 kB
Mapped:           811888 kB
Shmem:             20156 kB
KReclaimable:     576008 kB
Slab:             224936 kB
SReclaimable:      68540 kB
SUnreclaim:       156396 kB
KernelStack:       45936 kB
PageTables:        60312 kB
NFS_Unstable:          0 kB
Bounce:                0 kB
WritebackTmp:          0 kB
CommitLimit:     6660208 kB
Committed_AS:   71080896 kB
VmallocTotal:   263061440 kB
VmallocUsed:       86332 kB
VmallocChunk:          0 kB
Percpu:             7616 kB
CmaTotal:         315392 kB
CmaFree:               0 kB
MemTotal:        5980404 kB
MemFree:         1108752 kB
MemAvailable:    2778728 kB
Buffers:            5376 kB
Cached:          1675568 kB
SwapCached:            0 kB
Active:          1350236 kB
Inactive:        1460196 kB
Active(anon):    1135868 kB
Inactive(anon):    18164 kB
Active(file):     214368 kB
Inactive(file):  1442032 kB
Unevictable:        5428 kB
Mlocked:            5428 kB
SwapTotal:       3670008 kB
SwapFree:        3670008 kB
Dirty:               416 kB
Writeback:             0 kB
AnonPages:       1135164 kB
Mapped:           812132 kB
Shmem:             20156 kB
KReclaimable:     576008 kB
Slab:             225008 kB
SReclaimable:      68540 kB
SUnreclaim:       156468 kB
KernelStack:       45952 kB
PageTables:        60296 kB
NFS_Unstable:          0 kB
Bounce:                0 kB
WritebackTmp:          0 kB
CommitLimit:     6660208 kB
Committed_AS:   71084256 kB
VmallocTotal:   263061440 kB
VmallocUsed:       86348 kB
VmallocChunk:          0 kB
Percpu:             7616 kB
CmaTotal:         315392 kB
CmaFree:               0 kB
MemTotal:        5980404 kB
MemFree:         1108424 kB
MemAvailable:    2778392 kB
Buffers:            5376 kB
Cached:          1675568 kB
SwapCached:            0 kB
Active:          1350476 kB
Inactive:        1460200 kB
Active(anon):    1136112 kB
Inactive(anon):    18172 kB
Active(file):     214364 kB
Inactive(file):  1442028 kB
Unevictable:        5428 kB
Mlocked:            5428 kB
SwapTotal:       3670008 kB
SwapFree:        3670008 kB
Dirty:               424 kB
Writeback:             0 kB
AnonPages:       1135260 kB
Mapped:           812024 kB
Shmem:             20164 kB
KReclaimable:     576008 kB
Slab:             224984 kB
SReclaimable:      68540 kB
SUnreclaim:       156444 kB
KernelStack:       45952 kB
PageTables:        60252 kB
NFS_Unstable:          0 kB
Bounce:                0 kB
WritebackTmp:          0 kB
CommitLimit:     6660208 kB
Committed_AS:   71083952 kB
VmallocTotal:   263061440 kB
VmallocUsed:       86364 kB
VmallocChunk:          0 kB
Percpu:             7616 kB
CmaTotal:         315392 kB
CmaFree:              12 kB
MemTotal:        5980404 kB
MemFree:         1107392 kB
MemAvailable:    2777616 kB
Buffers:            5376 kB
Cached:          1675568 kB
SwapCached:            0 kB
Active:          1350860 kB
Inactive:        1460200 kB
Active(anon):    1136496 kB
Inactive(anon):    18172 kB
Active(file):     214364 kB
Inactive(file):  1442028 kB
Unevictable:        5428 kB
Mlocked:            5428 kB
SwapTotal:       3670008 kB
SwapFree:        3670008 kB
Dirty:               424 kB
Writeback:             0 kB
AnonPages:       1135580 kB
Mapped:           811960 kB
Shmem:             20164 kB
KReclaimable:     576008 kB
Slab:             224944 kB
SReclaimable:      68540 kB
SUnreclaim:       156404 kB
KernelStack:       45936 kB
PageTables:        60356 kB
NFS_Unstable:          0 kB
Bounce:                0 kB
WritebackTmp:          0 kB
CommitLimit:     6660208 kB
Committed_AS:   71084148 kB
VmallocTotal:   263061440 kB
VmallocUsed:       86332 kB
VmallocChunk:          0 kB
Percpu:             7616 kB
CmaTotal:         315392 kB
CmaFree:               0 kB
MemTotal:        5980404 kB
MemFree:         1107232 kB
MemAvailable:    2777200 kB
Buffers:            5376 kB
Cached:          1675568 kB
SwapCached:            0 kB
Active:          1351408 kB
Inactive:        1460200 kB
Active(anon):    1137044 kB
Inactive(anon):    18172 kB
Active(file):     214364 kB
Inactive(file):  1442028 kB
Unevictable:        5428 kB
Mlocked:            5428 kB
SwapTotal:       3670008 kB
SwapFree:        3670008 kB
Dirty:               400 kB
Writeback:             0 kB
AnonPages:       1136024 kB
Mapped:           811964 kB
Shmem:             20164 kB
KReclaimable:     576008 kB
Slab:             224912 kB
SReclaimable:      68540 kB
SUnreclaim:       156372 kB
KernelStack:       45936 kB
PageTables:        60340 kB
NFS_Unstable:          0 kB
Bounce:                0 kB
WritebackTmp:          0 kB
CommitLimit:     6660208 kB
Committed_AS:   71085284 kB
VmallocTotal:   263061440 kB
VmallocUsed:       86332 kB
VmallocChunk:          0 kB
Percpu:             7616 kB
CmaTotal:         315392 kB
CmaFree:               0 kB
MemTotal:        5980404 kB
MemFree:         1107204 kB
MemAvailable:    2777192 kB
Buffers:            5380 kB
Cached:          1675584 kB
SwapCached:            0 kB
Active:          1351844 kB
Inactive:        1460216 kB
Active(anon):    1137476 kB
Inactive(anon):    18176 kB
Active(file):     214368 kB
Inactive(file):  1442040 kB
Unevictable:        5428 kB
Mlocked:            5428 kB
SwapTotal:       3670008 kB
SwapFree:        3670008 kB
Dirty:               388 kB
Writeback:             0 kB
AnonPages:       1136672 kB
Mapped:           812028 kB
Shmem:             20168 kB
KReclaimable:     576012 kB
Slab:             224916 kB
SReclaimable:      68544 kB
SUnreclaim:       156372 kB
KernelStack:       45920 kB
PageTables:        60500 kB
NFS_Unstable:          0 kB
Bounce:                0 kB
WritebackTmp:          0 kB
CommitLimit:     6660208 kB
Committed_AS:   71085660 kB
VmallocTotal:   263061440 kB
VmallocUsed:       86300 kB
VmallocChunk:          0 kB
Percpu:             7616 kB
CmaTotal:         315392 kB
CmaFree:               0 kB
MemTotal:        5980404 kB
MemFree:         1106496 kB
MemAvailable:    2776484 kB
Buffers:            5380 kB
Cached:          1675584 kB
SwapCached:            0 kB
Active:          1352096 kB
Inactive:        1460216 kB
Active(anon):    1137728 kB
Inactive(anon):    18176 kB
Active(file):     214368 kB
Inactive(file):  1442040 kB
Unevictable:        5428 kB
Mlocked:            5428 kB
SwapTotal:       3670008 kB
SwapFree:        3670008 kB
Dirty:               404 kB
Writeback:             0 kB
AnonPages:       1136724 kB
Mapped:           811964 kB
Shmem:             20168 kB
KReclaimable:     576012 kB
Slab:             224940 kB
SReclaimable:      68544 kB
SUnreclaim:       156396 kB
KernelStack:       45920 kB
PageTables:        60252 kB
NFS_Unstable:          0 kB
Bounce:                0 kB
WritebackTmp:          0 kB
CommitLimit:     6660208 kB
Committed_AS:   71083568 kB
VmallocTotal:   263061440 kB
VmallocUsed:       86364 kB
VmallocChunk:          0 kB
Percpu:             7616 kB
CmaTotal:         315392 kB
CmaFree:               8 kB
MemTotal:        5980404 kB
MemFree:         1107860 kB
MemAvailable:    2777848 kB
Buffers:            5380 kB
Cached:          1675584 kB
SwapCached:            0 kB
Active:          1351420 kB
Inactive:        1460216 kB
Active(anon):    1137052 kB
Inactive(anon):    18176 kB
Active(file):     214368 kB
Inactive(file):  1442040 kB
Unevictable:        5428 kB
Mlocked:            5428 kB
SwapTotal:       3670008 kB
SwapFree:        3670008 kB
Dirty:               404 kB
Writeback:             0 kB
AnonPages:       1136228 kB
Mapped:           812028 kB
Shmem:             20168 kB
KReclaimable:     576012 kB
Slab:             224988 kB
SReclaimable:      68544 kB
SUnreclaim:       156444 kB
KernelStack:       45904 kB
PageTables:        60480 kB
NFS_Unstable:          0 kB
Bounce:                0 kB
WritebackTmp:          0 kB
CommitLimit:     6660208 kB
Committed_AS:   71083220 kB
VmallocTotal:   263061440 kB
VmallocUsed:       86412 kB
VmallocChunk:          0 kB
Percpu:             7616 kB
CmaTotal:         315392 kB
CmaFree:              88 kB
MemTotal:        5980404 kB
MemFree:         1106668 kB
MemAvailable:    2776656 kB
Buffers:            5380 kB
Cached:          1675600 kB
SwapCached:            0 kB
Active:          1351860 kB
Inactive:        1460232 kB
Active(anon):    1137492 kB
Inactive(anon):    18192 kB
Active(file):     214368 kB
Inactive(file):  1442040 kB
Unevictable:        5428 kB
Mlocked:            5428 kB
SwapTotal:       3670008 kB
SwapFree:        3670008 kB
Dirty:               404 kB
Writeback:             0 kB
AnonPages:       1136596 kB
Mapped:           811816 kB
Shmem:             20184 kB
KReclaimable:     576012 kB
Slab:             224948 kB
SReclaimable:      68544 kB
SUnreclaim:       156404 kB
KernelStack:       45936 kB
PageTables:        60328 kB
NFS_Unstable:          0 kB
Bounce:                0 kB
WritebackTmp:          0 kB
CommitLimit:     6660208 kB
Committed_AS:   71085468 kB
VmallocTotal:   263061440 kB
VmallocUsed:       86396 kB
VmallocChunk:          0 kB
Percpu:             7616 kB
CmaTotal:         315392 kB
CmaFree:               0 kB
MemTotal:        5980404 kB
MemFree:         1106536 kB
MemAvailable:    2776524 kB
Buffers:            5380 kB
Cached:          1675600 kB
SwapCached:            0 kB
Active:          1352380 kB
Inactive:        1460232 kB
Active(anon):    1138012 kB
Inactive(anon):    18192 kB
Active(file):     214368 kB
Inactive(file):  1442040 kB
Unevictable:        5428 kB
Mlocked:            5428 kB
SwapTotal:       3670008 kB
SwapFree:        3670008 kB
Dirty:               388 kB
Writeback:             0 kB
AnonPages:       1137236 kB
Mapped:           811988 kB
Shmem:             20184 kB
KReclaimable:     576012 kB
Slab:             224948 kB
SReclaimable:      68544 kB
SUnreclaim:       156404 kB
KernelStack:       45920 kB
PageTables:        60180 kB
NFS_Unstable:          0 kB
Bounce:                0 kB
WritebackTmp:          0 kB
CommitLimit:     6660208 kB
Committed_AS:   71083244 kB
VmallocTotal:   263061440 kB
VmallocUsed:       86364 kB
VmallocChunk:          0 kB
Percpu:             7616 kB
CmaTotal:         315392 kB
CmaFree:               0 kB
MemTotal:        5980404 kB
MemFree:         1104804 kB
MemAvailable:    2774792 kB
Buffers:            5380 kB
Cached:          1675600 kB
SwapCached:            0 kB
Active:          1352348 kB
Inactive:        1460232 kB
Active(anon):    1137980 kB
Inactive(anon):    18192 kB
Active(file):     214368 kB
Inactive(file):  1442040 kB
Unevictable:        5428 kB
Mlocked:            5428 kB
SwapTotal:       3670008 kB
SwapFree:        3670008 kB
Dirty:               416 kB
Writeback:             0 kB
AnonPages:       1137208 kB
Mapped:           812044 kB
Shmem:             20184 kB
KReclaimable:     576012 kB
Slab:             224900 kB
SReclaimable:      68544 kB
SUnreclaim:       156356 kB
KernelStack:       45920 kB
PageTables:        60252 kB
NFS_Unstable:          0 kB
Bounce:                0 kB
WritebackTmp:          0 kB
CommitLimit:     6660208 kB
Committed_AS:   71086444 kB
VmallocTotal:   263061440 kB
VmallocUsed:       86348 kB
VmallocChunk:          0 kB
Percpu:             7616 kB
CmaTotal:         315392 kB
CmaFree:               0 kB
MemTotal:        5980404 kB
MemFree:         1112244 kB
MemAvailable:    2782232 kB
Buffers:            5380 kB
Cached:          1675600 kB
SwapCached:            0 kB
Active:          1344564 kB
Inactive:        1460232 kB
Active(anon):    1130196 kB
Inactive(anon):    18192 kB
Active(file):     214368 kB
Inactive(file):  1442040 kB
Unevictable:        5428 kB
Mlocked:            5428 kB
SwapTotal:       3670008 kB
SwapFree:        3670008 kB
Dirty:               420 kB
Writeback:             0 kB
AnonPages:       1129224 kB
Mapped:           811856 kB
Shmem:             20184 kB
KReclaimable:     576012 kB
Slab:             224980 kB
SReclaimable:      68544 kB
SUnreclaim:       156436 kB
KernelStack:       45904 kB
PageTables:        60164 kB
NFS_Unstable:          0 kB
Bounce:                0 kB
WritebackTmp:          0 kB
CommitLimit:     6660208 kB
Committed_AS:   71086408 kB
VmallocTotal:   263061440 kB
VmallocUsed:       86348 kB
VmallocChunk:          0 kB
Percpu:             7616 kB
CmaTotal:         315392 kB
CmaFree:              56 kB
MemTotal:        5980404 kB
MemFree:         1111980 kB
MemAvailable:    2781968 kB
Buffers:            5380 kB
Cached:          1675600 kB
SwapCached:            0 kB
Active:          1345140 kB
Inactive:        1460232 kB
Active(anon):    1130772 kB
Inactive(anon):    18192 kB
Active(file):     214368 kB
Inactive(file):  1442040 kB
Unevictable:        5428 kB
Mlocked:            5428 kB
SwapTotal:       3670008 kB
SwapFree:        3670008 kB
Dirty:               428 kB
Writeback:             0 kB
AnonPages:       1130032 kB
Mapped:           812044 kB
Shmem:             20184 kB
KReclaimable:     576012 kB
Slab:             224940 kB
SReclaimable:      68544 kB
SUnreclaim:       156396 kB
KernelStack:       45936 kB
PageTables:        60400 kB
NFS_Unstable:          0 kB
Bounce:                0 kB
WritebackTmp:          0 kB
CommitLimit:     6660208 kB
Committed_AS:   71087576 kB
VmallocTotal:   263061440 kB
VmallocUsed:       86348 kB
VmallocChunk:          0 kB
Percpu:             7616 kB
CmaTotal:         315392 kB
CmaFree:             124 kB
MemTotal:        5980404 kB
MemFree:         1111712 kB
MemAvailable:    2781700 kB
Buffers:            5380 kB
Cached:          1675600 kB
SwapCached:            0 kB
Active:          1345104 kB
Inactive:        1460232 kB
Active(anon):    1130736 kB
Inactive(anon):    18192 kB
Active(file):     214368 kB
Inactive(file):  1442040 kB
Unevictable:        5428 kB
Mlocked:            5428 kB
SwapTotal:       3670008 kB
SwapFree:        3670008 kB
Dirty:               444 kB
Writeback:             0 kB
AnonPages:       1130068 kB
Mapped:           812200 kB
Shmem:             20184 kB
KReclaimable:     576012 kB
Slab:             224900 kB
SReclaimable:      68544 kB
SUnreclaim:       156356 kB
KernelStack:       45888 kB
PageTables:        60260 kB
NFS_Unstable:          0 kB
Bounce:                0 kB
WritebackTmp:          0 kB
CommitLimit:     6660208 kB
Committed_AS:   71084704 kB
VmallocTotal:   263061440 kB
VmallocUsed:       86316 kB
VmallocChunk:          0 kB
Percpu:             7616 kB
CmaTotal:         315392 kB
CmaFree:               0 kB
MemTotal:        5980404 kB
MemFree:         1111416 kB
MemAvailable:    2781404 kB
Buffers:            5380 kB
Cached:          1675608 kB
SwapCached:            0 kB
Active:          1345968 kB
Inactive:        1460232 kB
Active(anon):    1131600 kB
Inactive(anon):    18192 kB
Active(file):     214368 kB
Inactive(file):  1442040 kB
Unevictable:        5428 kB
Mlocked:            5428 kB
SwapTotal:       3670008 kB
SwapFree:        3670008 kB
Dirty:               384 kB
Writeback:             0 kB
AnonPages:       1130264 kB
Mapped:           812004 kB
Shmem:             20184 kB
KReclaimable:     576012 kB
Slab:             224932 kB
SReclaimable:      68544 kB
SUnreclaim:       156388 kB
KernelStack:       45920 kB
PageTables:        60376 kB
NFS_Unstable:          0 kB
Bounce:                0 kB
WritebackTmp:          0 kB
CommitLimit:     6660208 kB
Committed_AS:   71086144 kB
VmallocTotal:   263061440 kB
VmallocUsed:       86300 kB
VmallocChunk:          0 kB
Percpu:             7616 kB
CmaTotal:         315392 kB
CmaFree:               0 kB
MemTotal:        5980404 kB
MemFree:         1111544 kB
MemAvailable:    2781540 kB
Buffers:            5380 kB
Cached:          1675608 kB
SwapCached:            0 kB
Active:          1346232 kB
Inactive:        1460240 kB
Active(anon):    1131864 kB
Inactive(anon):    18192 kB
Active(file):     214368 kB
Inactive(file):  1442048 kB
Unevictable:        5428 kB
Mlocked:            5428 kB
SwapTotal:       3670008 kB
SwapFree:        3670008 kB
Dirty:               384 kB
Writeback:             0 kB
AnonPages:       1130852 kB
Mapped:           811980 kB
Shmem:             20184 kB
KReclaimable:     576012 kB
Slab:             224956 kB
SReclaimable:      68544 kB
SUnreclaim:       156412 kB
KernelStack:       45888 kB
PageTables:        60208 kB
NFS_Unstable:          0 kB
Bounce:                0 kB
WritebackTmp:          0 kB
CommitLimit:     6660208 kB
Committed_AS:   71087840 kB
VmallocTotal:   263061440 kB
VmallocUsed:       86300 kB
VmallocChunk:          0 kB
Percpu:             7616 kB
CmaTotal:         315392 kB
CmaFree:               0 kB
MemTotal:        5980404 kB
MemFree:         1110892 kB
MemAvailable:    2780888 kB
Buffers:            5380 kB
Cached:          1675612 kB
SwapCached:            0 kB
Active:          1346664 kB
Inactive:        1460244 kB
Active(anon):    1132296 kB
Inactive(anon):    18196 kB
Active(file):     214368 kB
Inactive(file):  1442048 kB
Unevictable:        5428 kB
Mlocked:            5428 kB
SwapTotal:       3670008 kB
SwapFree:        3670008 kB
Dirty:               384 kB
Writeback:             0 kB
AnonPages:       1131436 kB
Mapped:           812048 kB
Shmem:             20188 kB
KReclaimable:     576012 kB
Slab:             224940 kB
SReclaimable:      68544 kB
SUnreclaim:       156396 kB
KernelStack:       45904 kB
PageTables:        60156 kB
NFS_Unstable:          0 kB
Bounce:                0 kB
WritebackTmp:          0 kB
CommitLimit:     6660208 kB
Committed_AS:   71084196 kB
VmallocTotal:   263061440 kB
VmallocUsed:       86332 kB
VmallocChunk:          0 kB
Percpu:             7616 kB
CmaTotal:         315392 kB
CmaFree:               0 kB
MemTotal:        5980404 kB
MemFree:         1110260 kB
MemAvailable:    2780256 kB
Buffers:            5380 kB
Cached:          1675612 kB
SwapCached:            0 kB
Active:          1347640 kB
Inactive:        1460244 kB
Active(anon):    1133272 kB
Inactive(anon):    18196 kB
Active(file):     214368 kB
Inactive(file):  1442048 kB
Unevictable:        5428 kB
Mlocked:            5428 kB
SwapTotal:       3670008 kB
SwapFree:        3670008 kB
Dirty:               408 kB
Writeback:             0 kB
AnonPages:       1132240 kB
Mapped:           812228 kB
Shmem:             20188 kB
KReclaimable:     576012 kB
Slab:             224916 kB
SReclaimable:      68544 kB
SUnreclaim:       156372 kB
KernelStack:       45964 kB
PageTables:        60168 kB
NFS_Unstable:          0 kB
Bounce:                0 kB
WritebackTmp:          0 kB
CommitLimit:     6660208 kB
Committed_AS:   71087148 kB
VmallocTotal:   263061440 kB
VmallocUsed:       86348 kB
VmallocChunk:          0 kB
Percpu:             7616 kB
CmaTotal:         315392 kB
CmaFree:               0 kB
MemTotal:        5980404 kB
MemFree:         1108568 kB
MemAvailable:    2778564 kB
Buffers:            5380 kB
Cached:          1675616 kB
SwapCached:            0 kB
Active:          1347848 kB
Inactive:        1460248 kB
Active(anon):    1133480 kB
Inactive(anon):    18200 kB
Active(file):     214368 kB
Inactive(file):  1442048 kB
Unevictable:        5428 kB
Mlocked:            5428 kB
SwapTotal:       3670008 kB
SwapFree:        3670008 kB
Dirty:               408 kB
Writeback:             0 kB
AnonPages:       1132556 kB
Mapped:           811920 kB
Shmem:             20192 kB
KReclaimable:     576012 kB
Slab:             224948 kB
SReclaimable:      68544 kB
SUnreclaim:       156404 kB
KernelStack:       45984 kB
PageTables:        60372 kB
NFS_Unstable:          0 kB
Bounce:                0 kB
WritebackTmp:          0 kB
CommitLimit:     6660208 kB
Committed_AS:   71086792 kB
VmallocTotal:   263061440 kB
VmallocUsed:       86364 kB
VmallocChunk:          0 kB
Percpu:             7616 kB
CmaTotal:         315392 kB
CmaFree:               0 kB
MemTotal:        5980404 kB
MemFree:         1109324 kB
MemAvailable:    2779320 kB
Buffers:            5380 kB
Cached:          1675616 kB
SwapCached:            0 kB
Active:          1348152 kB
Inactive:        1460248 kB
Active(anon):    1133784 kB
Inactive(anon):    18200 kB
Active(file):     214368 kB
Inactive(file):  1442048 kB
Unevictable:        5428 kB
Mlocked:            5428 kB
SwapTotal:       3670008 kB
SwapFree:        3670008 kB
Dirty:               416 kB
Writeback:             0 kB
AnonPages:       1133020 kB
Mapped:           812012 kB
Shmem:             20192 kB
KReclaimable:     576012 kB
Slab:             224948 kB
SReclaimable:      68544 kB
SUnreclaim:       156404 kB
KernelStack:       45984 kB
PageTables:        60336 kB
NFS_Unstable:          0 kB
Bounce:                0 kB
WritebackTmp:          0 kB
CommitLimit:     6660208 kB
Committed_AS:   71086504 kB
VmallocTotal:   263061440 kB
VmallocUsed:       86380 kB
VmallocChunk:          0 kB
Percpu:             7616 kB
CmaTotal:         315392 kB
CmaFree:               0 kB
MemTotal:        5980404 kB
MemFree:         1108672 kB
MemAvailable:    2778692 kB
Buffers:            5388 kB
Cached:          1675632 kB
SwapCached:            0 kB
Active:          1348552 kB
Inactive:        1460264 kB
Active(anon):    1134176 kB
Inactive(anon):    18200 kB
Active(file):     214376 kB
Inactive(file):  1442064 kB
Unevictable:        5428 kB
Mlocked:            5428 kB
SwapTotal:       3670008 kB
SwapFree:        3670008 kB
Dirty:               428 kB
Writeback:             4 kB
AnonPages:       1133376 kB
Mapped:           812068 kB
Shmem:             20192 kB
KReclaimable:     576012 kB
Slab:             224940 kB
SReclaimable:      68544 kB
SUnreclaim:       156396 kB
KernelStack:       45968 kB
PageTables:        60196 kB
NFS_Unstable:          0 kB
Bounce:                0 kB
WritebackTmp:          0 kB
CommitLimit:     6660208 kB
Committed_AS:   71089700 kB
VmallocTotal:   263061440 kB
VmallocUsed:       86412 kB
VmallocChunk:          0 kB
Percpu:             7616 kB
CmaTotal:         315392 kB
CmaFree:               0 kB
MemTotal:        5980404 kB
MemFree:         1107948 kB
MemAvailable:    2777972 kB
Buffers:            5388 kB
Cached:          1675636 kB
SwapCached:            0 kB
Active:          1348780 kB
Inactive:        1460268 kB
Active(anon):    1134404 kB
Inactive(anon):    18200 kB
Active(file):     214376 kB
Inactive(file):  1442068 kB
Unevictable:        5428 kB
Mlocked:            5428 kB
SwapTotal:       3670008 kB
SwapFree:        3670008 kB
Dirty:               432 kB
Writeback:             0 kB
AnonPages:       1133436 kB
Mapped:           812016 kB
Shmem:             20192 kB
KReclaimable:     576012 kB
Slab:             224948 kB
SReclaimable:      68544 kB
SUnreclaim:       156404 kB
KernelStack:       45968 kB
PageTables:        60176 kB
NFS_Unstable:          0 kB
Bounce:                0 kB
WritebackTmp:          0 kB
CommitLimit:     6660208 kB
Committed_AS:   71088096 kB
VmallocTotal:   263061440 kB
VmallocUsed:       86428 kB
VmallocChunk:          0 kB
Percpu:             7616 kB
CmaTotal:         315392 kB
CmaFree:               0 kB
MemTotal:        5980404 kB
MemFree:         1108084 kB
MemAvailable:    2778108 kB
Buffers:            5388 kB
Cached:          1675636 kB
SwapCached:            0 kB
Active:          1349348 kB
Inactive:        1460268 kB
Active(anon):    1134972 kB
Inactive(anon):    18200 kB
Active(file):     214376 kB
Inactive(file):  1442068 kB
Unevictable:        5428 kB
Mlocked:            5428 kB
SwapTotal:       3670008 kB
SwapFree:        3670008 kB
Dirty:               432 kB
Writeback:             0 kB
AnonPages:       1133832 kB
Mapped:           812044 kB
Shmem:             20192 kB
KReclaimable:     576012 kB
Slab:             224932 kB
SReclaimable:      68544 kB
SUnreclaim:       156388 kB
KernelStack:       46016 kB
PageTables:        60460 kB
NFS_Unstable:          0 kB
Bounce:                0 kB
WritebackTmp:          0 kB
CommitLimit:     6660208 kB
Committed_AS:   71088492 kB
VmallocTotal:   263061440 kB
VmallocUsed:       86460 kB
VmallocChunk:          0 kB
Percpu:             7616 kB
CmaTotal:         315392 kB
CmaFree:               0 kB
MemTotal:        5980404 kB
MemFree:         1107732 kB
MemAvailable:    2777756 kB
Buffers:            5388 kB
Cached:          1675640 kB
SwapCached:            0 kB
Active:          1349664 kB
Inactive:        1460272 kB
Active(anon):    1135288 kB
Inactive(anon):    18204 kB
Active(file):     214376 kB
Inactive(file):  1442068 kB
Unevictable:        5428 kB
Mlocked:            5428 kB
SwapTotal:       3670008 kB
SwapFree:        3670008 kB
Dirty:               436 kB
Writeback:             0 kB
AnonPages:       1134324 kB
Mapped:           812056 kB
Shmem:             20196 kB
KReclaimable:     576012 kB
Slab:             224972 kB
SReclaimable:      68544 kB
SUnreclaim:       156428 kB
KernelStack:       46000 kB
PageTables:        60260 kB
NFS_Unstable:          0 kB
Bounce:                0 kB
WritebackTmp:          0 kB
CommitLimit:     6660208 kB
Committed_AS:   71087708 kB
VmallocTotal:   263061440 kB
VmallocUsed:       86444 kB
VmallocChunk:          0 kB
Percpu:             7616 kB
CmaTotal:         315392 kB
CmaFree:               0 kB
MemTotal:        5980404 kB
MemFree:         1107080 kB
MemAvailable:    2777104 kB
Buffers:            5388 kB
Cached:          1675640 kB
SwapCached:            0 kB
Active:          1350024 kB
Inactive:        1460272 kB
Active(anon):    1135648 kB
Inactive(anon):    18204 kB
Active(file):     214376 kB
Inactive(file):  1442068 kB
Unevictable:        5428 kB
Mlocked:            5428 kB
SwapTotal:       3670008 kB
SwapFree:        3670008 kB
Dirty:               428 kB
Writeback:             0 kB
AnonPages:       1134672 kB
Mapped:           811892 kB
Shmem:             20196 kB
KReclaimable:     576012 kB
Slab:             224956 kB
SReclaimable:      68544 kB
SUnreclaim:       156412 kB
KernelStack:       45936 kB
PageTables:        60392 kB
NFS_Unstable:          0 kB
Bounce:                0 kB
WritebackTmp:          0 kB
CommitLimit:     6660208 kB
Committed_AS:   71087796 kB
VmallocTotal:   263061440 kB
VmallocUsed:       86412 kB
VmallocChunk:          0 kB
Percpu:             7616 kB
CmaTotal:         315392 kB
CmaFree:               0 kB
MemTotal:        5980404 kB
MemFree:         1106504 kB
MemAvailable:    2776528 kB
Buffers:            5388 kB
Cached:          1675640 kB
SwapCached:            0 kB
Active:          1350176 kB
Inactive:        1460272 kB
Active(anon):    1135800 kB
Inactive(anon):    18204 kB
Active(file):     214376 kB
Inactive(file):  1442068 kB
Unevictable:        5428 kB
Mlocked:            5428 kB
SwapTotal:       3670008 kB
SwapFree:        3670008 kB
Dirty:               392 kB
Writeback:             0 kB
AnonPages:       1135060 kB
Mapped:           812056 kB
Shmem:             20196 kB
KReclaimable:     576012 kB
Slab:             224940 kB
SReclaimable:      68544 kB
SUnreclaim:       156396 kB
KernelStack:       45984 kB
PageTables:        60272 kB
NFS_Unstable:          0 kB
Bounce:                0 kB
WritebackTmp:          0 kB
CommitLimit:     6660208 kB
Committed_AS:   71086708 kB
VmallocTotal:   263061440 kB
VmallocUsed:       86460 kB
VmallocChunk:          0 kB
Percpu:             7616 kB
CmaTotal:         315392 kB
CmaFree:               0 kB
MemTotal:        5980404 kB
MemFree:         1106732 kB
MemAvailable:    2776756 kB
Buffers:            5388 kB
Cached:          1675640 kB
SwapCached:            0 kB
Active:          1350960 kB
Inactive:        1460272 kB
Active(anon):    1136584 kB
Inactive(anon):    18204 kB
Active(file):     214376 kB
Inactive(file):  1442068 kB
Unevictable:        5428 kB
Mlocked:            5428 kB
SwapTotal:       3670008 kB
SwapFree:        3670008 kB
Dirty:               420 kB
Writeback:             0 kB
AnonPages:       1135668 kB
Mapped:           812100 kB
Shmem:             20196 kB
KReclaimable:     576012 kB
Slab:             224980 kB
SReclaimable:      68544 kB
SUnreclaim:       156436 kB
KernelStack:       45968 kB
PageTables:        60268 kB
NFS_Unstable:          0 kB
Bounce:                0 kB
WritebackTmp:          0 kB
CommitLimit:     6660208 kB
Committed_AS:   71088768 kB
VmallocTotal:   263061440 kB
VmallocUsed:       86428 kB
VmallocChunk:          0 kB
Percpu:             7616 kB
CmaTotal:         315392 kB
CmaFree:               0 kB
MemTotal:        5980404 kB
MemFree:         1106736 kB
MemAvailable:    2776760 kB
Buffers:            5388 kB
Cached:          1675644 kB
SwapCached:            0 kB
Active:          1351652 kB
Inactive:        1460276 kB
Active(anon):    1137276 kB
Inactive(anon):    18208 kB
Active(file):     214376 kB
Inactive(file):  1442068 kB
Unevictable:        5428 kB
Mlocked:            5428 kB
SwapTotal:       3670008 kB
SwapFree:        3670008 kB
Dirty:               448 kB
Writeback:             0 kB
AnonPages:       1136316 kB
Mapped:           811904 kB
Shmem:             20200 kB
KReclaimable:     576012 kB
Slab:             224980 kB
SReclaimable:      68544 kB
SUnreclaim:       156436 kB
KernelStack:       46000 kB
PageTables:        60368 kB
NFS_Unstable:          0 kB
Bounce:                0 kB
WritebackTmp:          0 kB
CommitLimit:     6660208 kB
Committed_AS:   71086748 kB
VmallocTotal:   263061440 kB
VmallocUsed:       86428 kB
VmallocChunk:          0 kB
Percpu:             7616 kB
CmaTotal:         315392 kB
CmaFree:               0 kB
MemTotal:        5980404 kB
MemFree:         1106352 kB
MemAvailable:    2776376 kB
Buffers:            5388 kB
Cached:          1675648 kB
SwapCached:            0 kB
Active:          1351836 kB
Inactive:        1460280 kB
Active(anon):    1137460 kB
Inactive(anon):    18212 kB
Active(file):     214376 kB
Inactive(file):  1442068 kB
Unevictable:        5428 kB
Mlocked:            5428 kB
SwapTotal:       3670008 kB
SwapFree:        3670008 kB
Dirty:               452 kB
Writeback:             0 kB
AnonPages:       1136640 kB
Mapped:           812156 kB
Shmem:             20204 kB
KReclaimable:     576012 kB
Slab:             224980 kB
SReclaimable:      68544 kB
SUnreclaim:       156436 kB
KernelStack:       45980 kB
PageTables:        60428 kB
NFS_Unstable:          0 kB
Bounce:                0 kB
WritebackTmp:          0 kB
CommitLimit:     6660208 kB
Committed_AS:   71088560 kB
VmallocTotal:   263061440 kB
VmallocUsed:       86476 kB
VmallocChunk:          0 kB
Percpu:             7616 kB
CmaTotal:         315392 kB
CmaFree:               0 kB
MemTotal:        5980404 kB
MemFree:         1105960 kB
MemAvailable:    2775984 kB
Buffers:            5388 kB
Cached:          1675648 kB
SwapCached:            0 kB
Active:          1351940 kB
Inactive:        1460280 kB
Active(anon):    1137564 kB
Inactive(anon):    18212 kB
Active(file):     214376 kB
Inactive(file):  1442068 kB
Unevictable:        5428 kB
Mlocked:            5428 kB
SwapTotal:       3670008 kB
SwapFree:        3670008 kB
Dirty:               472 kB
Writeback:             0 kB
AnonPages:       1136628 kB
Mapped:           812124 kB
Shmem:             20204 kB
KReclaimable:     576012 kB
Slab:             224956 kB
SReclaimable:      68544 kB
SUnreclaim:       156412 kB
KernelStack:       46000 kB
PageTables:        60216 kB
NFS_Unstable:          0 kB
Bounce:                0 kB
WritebackTmp:          0 kB
CommitLimit:     6660208 kB
Committed_AS:   71089964 kB
VmallocTotal:   263061440 kB
VmallocUsed:       86396 kB
VmallocChunk:          0 kB
Percpu:             7616 kB
CmaTotal:         315392 kB
CmaFree:               0 kB
MemTotal:        5980404 kB
MemFree:         1105724 kB
MemAvailable:    2775748 kB
Buffers:            5388 kB
Cached:          1675648 kB
SwapCached:            0 kB
Active:          1352216 kB
Inactive:        1460284 kB
Active(anon):    1137844 kB
Inactive(anon):    18212 kB
Active(file):     214372 kB
Inactive(file):  1442072 kB
Unevictable:        5428 kB
Mlocked:            5428 kB
SwapTotal:       3670008 kB
SwapFree:        3670008 kB
Dirty:               444 kB
Writeback:             0 kB
AnonPages:       1137020 kB
Mapped:           812084 kB
Shmem:             20204 kB
KReclaimable:     576012 kB
Slab:             224964 kB
SReclaimable:      68544 kB
SUnreclaim:       156420 kB
KernelStack:       46016 kB
PageTables:        60524 kB
NFS_Unstable:          0 kB
Bounce:                0 kB
WritebackTmp:          0 kB
CommitLimit:     6660208 kB
Committed_AS:   71086984 kB
VmallocTotal:   263061440 kB
VmallocUsed:       86396 kB
VmallocChunk:          0 kB
Percpu:             7616 kB
CmaTotal:         315392 kB
CmaFree:               0 kB
MemTotal:        5980404 kB
MemFree:         1105408 kB
MemAvailable:    2775432 kB
Buffers:            5388 kB
Cached:          1675648 kB
SwapCached:            0 kB
Active:          1352456 kB
Inactive:        1460284 kB
Active(anon):    1138084 kB
Inactive(anon):    18212 kB
Active(file):     214372 kB
Inactive(file):  1442072 kB
Unevictable:        5428 kB
Mlocked:            5428 kB
SwapTotal:       3670008 kB
SwapFree:        3670008 kB
Dirty:               440 kB
Writeback:             0 kB
AnonPages:       1137040 kB
Mapped:           811880 kB
Shmem:             20204 kB
KReclaimable:     576012 kB
Slab:             224908 kB
SReclaimable:      68544 kB
SUnreclaim:       156364 kB
KernelStack:       46000 kB
PageTables:        60392 kB
NFS_Unstable:          0 kB
Bounce:                0 kB
WritebackTmp:          0 kB
CommitLimit:     6660208 kB
Committed_AS:   71088256 kB
VmallocTotal:   263061440 kB
VmallocUsed:       86412 kB
VmallocChunk:          0 kB
Percpu:             7616 kB
CmaTotal:         315392 kB
CmaFree:               0 kB
MemTotal:        5980404 kB
MemFree:         1104912 kB
MemAvailable:    2774948 kB
Buffers:            5388 kB
Cached:          1675656 kB
SwapCached:            0 kB
Active:          1353268 kB
Inactive:        1460288 kB
Active(anon):    1138892 kB
Inactive(anon):    18212 kB
Active(file):     214376 kB
Inactive(file):  1442076 kB
Unevictable:        5428 kB
Mlocked:            5428 kB
SwapTotal:       3670008 kB
SwapFree:        3670008 kB
Dirty:               448 kB
Writeback:             0 kB
AnonPages:       1137760 kB
Mapped:           812108 kB
Shmem:             20204 kB
KReclaimable:     576016 kB
Slab:             224952 kB
SReclaimable:      68548 kB
SUnreclaim:       156404 kB
KernelStack:       45984 kB
PageTables:        60412 kB
NFS_Unstable:          0 kB
Bounce:                0 kB
WritebackTmp:          0 kB
CommitLimit:     6660208 kB
Committed_AS:   71089012 kB
VmallocTotal:   263061440 kB
VmallocUsed:       86428 kB
VmallocChunk:          0 kB
Percpu:             7616 kB
CmaTotal:         315392 kB
CmaFree:               0 kB
MemTotal:        5980404 kB
MemFree:         1105560 kB
MemAvailable:    2775596 kB
Buffers:            5388 kB
Cached:          1675660 kB
SwapCached:            0 kB
Active:          1353408 kB
Inactive:        1460292 kB
Active(anon):    1139032 kB
Inactive(anon):    18216 kB
Active(file):     214376 kB
Inactive(file):  1442076 kB
Unevictable:        5428 kB
Mlocked:            5428 kB
SwapTotal:       3670008 kB
SwapFree:        3670008 kB
Dirty:               448 kB
Writeback:             0 kB
AnonPages:       1137900 kB
Mapped:           812112 kB
Shmem:             20208 kB
KReclaimable:     576016 kB
Slab:             224896 kB
SReclaimable:      68548 kB
SUnreclaim:       156348 kB
KernelStack:       45952 kB
PageTables:        60204 kB
NFS_Unstable:          0 kB
Bounce:                0 kB
WritebackTmp:          0 kB
CommitLimit:     6660208 kB
Committed_AS:   71084776 kB
VmallocTotal:   263061440 kB
VmallocUsed:       86460 kB
VmallocChunk:          0 kB
Percpu:             7616 kB
CmaTotal:         315392 kB
CmaFree:               0 kB
MemTotal:        5980404 kB
MemFree:         1104272 kB
MemAvailable:    2774308 kB
Buffers:            5388 kB
Cached:          1675660 kB
SwapCached:            0 kB
Active:          1353436 kB
Inactive:        1460292 kB
Active(anon):    1139060 kB
Inactive(anon):    18216 kB
Active(file):     214376 kB
Inactive(file):  1442076 kB
Unevictable:        5428 kB
Mlocked:            5428 kB
SwapTotal:       3670008 kB
SwapFree:        3670008 kB
Dirty:               448 kB
Writeback:             0 kB
AnonPages:       1138612 kB
Mapped:           812112 kB
Shmem:             20208 kB
KReclaimable:     576016 kB
Slab:             224944 kB
SReclaimable:      68548 kB
SUnreclaim:       156396 kB
KernelStack:       45984 kB
PageTables:        60276 kB
NFS_Unstable:          0 kB
Bounce:                0 kB
WritebackTmp:          0 kB
CommitLimit:     6660208 kB
Committed_AS:   71084036 kB
VmallocTotal:   263061440 kB
VmallocUsed:       86396 kB
VmallocChunk:          0 kB
Percpu:             7616 kB
CmaTotal:         315392 kB
CmaFree:               0 kB
MemTotal:        5980404 kB
MemFree:         1104548 kB
MemAvailable:    2774608 kB
Buffers:            5392 kB
Cached:          1675680 kB
SwapCached:            0 kB
Active:          1353972 kB
Inactive:        1460312 kB
Active(anon):    1139592 kB
Inactive(anon):    18216 kB
Active(file):     214380 kB
Inactive(file):  1442096 kB
Unevictable:        5428 kB
Mlocked:            5428 kB
SwapTotal:       3670008 kB
SwapFree:        3670008 kB
Dirty:               396 kB
Writeback:             0 kB
AnonPages:       1138776 kB
Mapped:           812152 kB
Shmem:             20208 kB
KReclaimable:     576016 kB
Slab:             224952 kB
SReclaimable:      68548 kB
SUnreclaim:       156404 kB
KernelStack:       45968 kB
PageTables:        60168 kB
NFS_Unstable:          0 kB
Bounce:                0 kB
WritebackTmp:          0 kB
CommitLimit:     6660208 kB
Committed_AS:   71084384 kB
VmallocTotal:   263061440 kB
VmallocUsed:       86380 kB
VmallocChunk:          0 kB
Percpu:             7616 kB
CmaTotal:         315392 kB
CmaFree:               0 kB
MemTotal:        5980404 kB
MemFree:         1103424 kB
MemAvailable:    2773484 kB
Buffers:            5392 kB
Cached:          1675680 kB
SwapCached:            0 kB
Active:          1354316 kB
Inactive:        1460312 kB
Active(anon):    1139936 kB
Inactive(anon):    18216 kB
Active(file):     214380 kB
Inactive(file):  1442096 kB
Unevictable:        5428 kB
Mlocked:            5428 kB
SwapTotal:       3670008 kB
SwapFree:        3670008 kB
Dirty:               396 kB
Writeback:             0 kB
AnonPages:       1138932 kB
Mapped:           812176 kB
Shmem:             20208 kB
KReclaimable:     576016 kB
Slab:             224976 kB
SReclaimable:      68548 kB
SUnreclaim:       156428 kB
KernelStack:       46000 kB
PageTables:        60296 kB
NFS_Unstable:          0 kB
Bounce:                0 kB
WritebackTmp:          0 kB
CommitLimit:     6660208 kB
Committed_AS:   71083056 kB
VmallocTotal:   263061440 kB
VmallocUsed:       86380 kB
VmallocChunk:          0 kB
Percpu:             7616 kB
CmaTotal:         315392 kB
CmaFree:               0 kB
MemTotal:        5980404 kB
MemFree:         1102612 kB
MemAvailable:    2772672 kB
Buffers:            5392 kB
Cached:          1675680 kB
SwapCached:            0 kB
Active:          1355092 kB
Inactive:        1460312 kB
Active(anon):    1140712 kB
Inactive(anon):    18216 kB
Active(file):     214380 kB
Inactive(file):  1442096 kB
Unevictable:        5428 kB
Mlocked:            5428 kB
SwapTotal:       3670008 kB
SwapFree:        3670008 kB
Dirty:               396 kB
Writeback:             0 kB
AnonPages:       1139892 kB
Mapped:           812240 kB
Shmem:             20208 kB
KReclaimable:     576016 kB
Slab:             224944 kB
SReclaimable:      68548 kB
SUnreclaim:       156396 kB
KernelStack:       46032 kB
PageTables:        60444 kB
NFS_Unstable:          0 kB
Bounce:                0 kB
WritebackTmp:          0 kB
CommitLimit:     6660208 kB
Committed_AS:   71081812 kB
VmallocTotal:   263061440 kB
VmallocUsed:       86364 kB
VmallocChunk:          0 kB
Percpu:             7616 kB
CmaTotal:         315392 kB
CmaFree:               0 kB
MemTotal:        5980404 kB
MemFree:         1102012 kB
MemAvailable:    2772064 kB
Buffers:            5392 kB
Cached:          1675680 kB
SwapCached:            0 kB
Active:          1355908 kB
Inactive:        1460316 kB
Active(anon):    1141532 kB
Inactive(anon):    18224 kB
Active(file):     214376 kB
Inactive(file):  1442092 kB
Unevictable:        5428 kB
Mlocked:            5428 kB
SwapTotal:       3670008 kB
SwapFree:        3670008 kB
Dirty:               416 kB
Writeback:             0 kB
AnonPages:       1140176 kB
Mapped:           812120 kB
Shmem:             20216 kB
KReclaimable:     576016 kB
Slab:             224912 kB
SReclaimable:      68548 kB
SUnreclaim:       156364 kB
KernelStack:       45968 kB
PageTables:        60208 kB
NFS_Unstable:          0 kB
Bounce:                0 kB
WritebackTmp:          0 kB
CommitLimit:     6660208 kB
Committed_AS:   71083492 kB
VmallocTotal:   263061440 kB
VmallocUsed:       86348 kB
VmallocChunk:          0 kB
Percpu:             7616 kB
CmaTotal:         315392 kB
CmaFree:               0 kB
MemTotal:        5980404 kB
MemFree:         1102432 kB
MemAvailable:    2772492 kB
Buffers:            5392 kB
Cached:          1675688 kB
SwapCached:            0 kB
Active:          1355620 kB
Inactive:        1460320 kB
Active(anon):    1141240 kB
Inactive(anon):    18224 kB
Active(file):     214380 kB
Inactive(file):  1442096 kB
Unevictable:        5428 kB
Mlocked:            5428 kB
SwapTotal:       3670008 kB
SwapFree:        3670008 kB
Dirty:               424 kB
Writeback:             0 kB
AnonPages:       1140232 kB
Mapped:           812120 kB
Shmem:             20216 kB
KReclaimable:     576016 kB
Slab:             224984 kB
SReclaimable:      68548 kB
SUnreclaim:       156436 kB
KernelStack:       45968 kB
PageTables:        60372 kB
NFS_Unstable:          0 kB
Bounce:                0 kB
WritebackTmp:          0 kB
CommitLimit:     6660208 kB
Committed_AS:   71083940 kB
VmallocTotal:   263061440 kB
VmallocUsed:       86332 kB
VmallocChunk:          0 kB
Percpu:             7616 kB
CmaTotal:         315392 kB
CmaFree:               0 kB
MemTotal:        5980404 kB
MemFree:         1101996 kB
MemAvailable:    2772056 kB
Buffers:            5392 kB
Cached:          1675688 kB
SwapCached:            0 kB
Active:          1355808 kB
Inactive:        1460320 kB
Active(anon):    1141428 kB
Inactive(anon):    18224 kB
Active(file):     214380 kB
Inactive(file):  1442096 kB
Unevictable:        5428 kB
Mlocked:            5428 kB
SwapTotal:       3670008 kB
SwapFree:        3670008 kB
Dirty:               396 kB
Writeback:             0 kB
AnonPages:       1140736 kB
Mapped:           812080 kB
Shmem:             20216 kB
KReclaimable:     576016 kB
Slab:             224912 kB
SReclaimable:      68548 kB
SUnreclaim:       156364 kB
KernelStack:       46000 kB
PageTables:        60412 kB
NFS_Unstable:          0 kB
Bounce:                0 kB
WritebackTmp:          0 kB
CommitLimit:     6660208 kB
Committed_AS:   71085804 kB
VmallocTotal:   263061440 kB
VmallocUsed:       86380 kB
VmallocChunk:          0 kB
Percpu:             7616 kB
CmaTotal:         315392 kB
CmaFree:               0 kB
MemTotal:        5980404 kB
MemFree:         1101812 kB
MemAvailable:    2771872 kB
Buffers:            5392 kB
Cached:          1675688 kB
SwapCached:            0 kB
Active:          1356320 kB
Inactive:        1460320 kB
Active(anon):    1141940 kB
Inactive(anon):    18224 kB
Active(file):     214380 kB
Inactive(file):  1442096 kB
Unevictable:        5428 kB
Mlocked:            5428 kB
SwapTotal:       3670008 kB
SwapFree:        3670008 kB
Dirty:               396 kB
Writeback:             0 kB
AnonPages:       1141088 kB
Mapped:           811980 kB
Shmem:             20216 kB
KReclaimable:     576016 kB
Slab:             224960 kB
SReclaimable:      68548 kB
SUnreclaim:       156412 kB
KernelStack:       46016 kB
PageTables:        60500 kB
NFS_Unstable:          0 kB
Bounce:                0 kB
WritebackTmp:          0 kB
CommitLimit:     6660208 kB
Committed_AS:   71086856 kB
VmallocTotal:   263061440 kB
VmallocUsed:       86396 kB
VmallocChunk:          0 kB
Percpu:             7616 kB
CmaTotal:         315392 kB
CmaFree:               0 kB
MemTotal:        5980404 kB
MemFree:         1101336 kB
MemAvailable:    2771396 kB
Buffers:            5392 kB
Cached:          1675688 kB
SwapCached:            0 kB
Active:          1356808 kB
Inactive:        1460324 kB
Active(anon):    1142432 kB
Inactive(anon):    18224 kB
Active(file):     214376 kB
Inactive(file):  1442100 kB
Unevictable:        5428 kB
Mlocked:            5428 kB
SwapTotal:       3670008 kB
SwapFree:        3670008 kB
Dirty:               396 kB
Writeback:             0 kB
AnonPages:       1141332 kB
Mapped:           811968 kB
Shmem:             20216 kB
KReclaimable:     576016 kB
Slab:             224984 kB
SReclaimable:      68548 kB
SUnreclaim:       156436 kB
KernelStack:       45968 kB
PageTables:        60176 kB
NFS_Unstable:          0 kB
Bounce:                0 kB
WritebackTmp:          0 kB
CommitLimit:     6660208 kB
Committed_AS:   71092052 kB
VmallocTotal:   263061440 kB
VmallocUsed:       86396 kB
VmallocChunk:          0 kB
Percpu:             7616 kB
CmaTotal:         315392 kB
CmaFree:               0 kB
MemTotal:        5980404 kB
MemFree:         1101816 kB
MemAvailable:    2771860 kB
Buffers:            5392 kB
Cached:          1675672 kB
SwapCached:            0 kB
Active:          1357128 kB
Inactive:        1460312 kB
Active(anon):    1142756 kB
Inactive(anon):    18224 kB
Active(file):     214372 kB
Inactive(file):  1442088 kB
Unevictable:        5428 kB
Mlocked:            5428 kB
SwapTotal:       3670008 kB
SwapFree:        3670008 kB
Dirty:               384 kB
Writeback:             0 kB
AnonPages:       1142024 kB
Mapped:           812184 kB
Shmem:             20216 kB
KReclaimable:     576016 kB
Slab:             224888 kB
SReclaimable:      68548 kB
SUnreclaim:       156340 kB
KernelStack:       46032 kB
PageTables:        60504 kB
NFS_Unstable:          0 kB
Bounce:                0 kB
WritebackTmp:          0 kB
CommitLimit:     6660208 kB
Committed_AS:   71090360 kB
VmallocTotal:   263061440 kB
VmallocUsed:       86428 kB
VmallocChunk:          0 kB
Percpu:             7616 kB
CmaTotal:         315392 kB
CmaFree:               0 kB
MemTotal:        5980404 kB
MemFree:         1101948 kB
MemAvailable:    2772016 kB
Buffers:            5392 kB
Cached:          1675700 kB
SwapCached:            0 kB
Active:          1357612 kB
Inactive:        1460328 kB
Active(anon):    1143228 kB
Inactive(anon):    18228 kB
Active(file):     214384 kB
Inactive(file):  1442100 kB
Unevictable:        5428 kB
Mlocked:            5428 kB
SwapTotal:       3670008 kB
SwapFree:        3670008 kB
Dirty:               400 kB
Writeback:             0 kB
AnonPages:       1142104 kB
Mapped:           811960 kB
Shmem:             20220 kB
KReclaimable:     576016 kB
Slab:             224896 kB
SReclaimable:      68548 kB
SUnreclaim:       156348 kB
KernelStack:       45984 kB
PageTables:        60352 kB
NFS_Unstable:          0 kB
Bounce:                0 kB
WritebackTmp:          0 kB
CommitLimit:     6660208 kB
Committed_AS:   71094136 kB
VmallocTotal:   263061440 kB
VmallocUsed:       86412 kB
VmallocChunk:          0 kB
Percpu:             7616 kB
CmaTotal:         315392 kB
CmaFree:               0 kB
MemTotal:        5980404 kB
MemFree:         1100448 kB
MemAvailable:    2770516 kB
Buffers:            5392 kB
Cached:          1675700 kB
SwapCached:            0 kB
Active:          1358228 kB
Inactive:        1460332 kB
Active(anon):    1143848 kB
Inactive(anon):    18228 kB
Active(file):     214380 kB
Inactive(file):  1442104 kB
Unevictable:        5428 kB
Mlocked:            5428 kB
SwapTotal:       3670008 kB
SwapFree:        3670008 kB
Dirty:               412 kB
Writeback:             0 kB
AnonPages:       1142924 kB
Mapped:           812048 kB
Shmem:             20220 kB
KReclaimable:     576016 kB
Slab:             224976 kB
SReclaimable:      68548 kB
SUnreclaim:       156428 kB
KernelStack:       45952 kB
PageTables:        60052 kB
NFS_Unstable:          0 kB
Bounce:                0 kB
WritebackTmp:          0 kB
CommitLimit:     6660208 kB
Committed_AS:   71087972 kB
VmallocTotal:   263061440 kB
VmallocUsed:       86412 kB
VmallocChunk:          0 kB
Percpu:             7616 kB
CmaTotal:         315392 kB
CmaFree:               0 kB
MemTotal:        5980404 kB
MemFree:         1100184 kB
MemAvailable:    2770248 kB
Buffers:            5392 kB
Cached:          1675700 kB
SwapCached:            0 kB
Active:          1358076 kB
Inactive:        1460332 kB
Active(anon):    1143696 kB
Inactive(anon):    18228 kB
Active(file):     214380 kB
Inactive(file):  1442104 kB
Unevictable:        5428 kB
Mlocked:            5428 kB
SwapTotal:       3670008 kB
SwapFree:        3670008 kB
Dirty:               412 kB
Writeback:             0 kB
AnonPages:       1142368 kB
Mapped:           812076 kB
Shmem:             20220 kB
KReclaimable:     576012 kB
Slab:             224964 kB
SReclaimable:      68544 kB
SUnreclaim:       156420 kB
KernelStack:       46000 kB
PageTables:        60036 kB
NFS_Unstable:          0 kB
Bounce:                0 kB
WritebackTmp:          0 kB
CommitLimit:     6660208 kB
Committed_AS:   71089160 kB
VmallocTotal:   263061440 kB
VmallocUsed:       86412 kB
VmallocChunk:          0 kB
Percpu:             7616 kB
CmaTotal:         315392 kB
CmaFree:               0 kB
MemTotal:        5980404 kB
MemFree:         1099324 kB
MemAvailable:    2769388 kB
Buffers:            5392 kB
Cached:          1675700 kB
SwapCached:            0 kB
Active:          1358920 kB
Inactive:        1460332 kB
Active(anon):    1144540 kB
Inactive(anon):    18228 kB
Active(file):     214380 kB
Inactive(file):  1442104 kB
Unevictable:        5428 kB
Mlocked:            5428 kB
SwapTotal:       3670008 kB
SwapFree:        3670008 kB
Dirty:               412 kB
Writeback:             0 kB
AnonPages:       1143544 kB
Mapped:           811960 kB
Shmem:             20220 kB
KReclaimable:     576012 kB
Slab:             224972 kB
SReclaimable:      68544 kB
SUnreclaim:       156428 kB
KernelStack:       46000 kB
PageTables:        60480 kB
NFS_Unstable:          0 kB
Bounce:                0 kB
WritebackTmp:          0 kB
CommitLimit:     6660208 kB
Committed_AS:   71090140 kB
VmallocTotal:   263061440 kB
VmallocUsed:       86348 kB
VmallocChunk:          0 kB
Percpu:             7616 kB
CmaTotal:         315392 kB
CmaFree:               0 kB
MemTotal:        5980404 kB
MemFree:         1098888 kB
MemAvailable:    2768952 kB
Buffers:            5392 kB
Cached:          1675700 kB
SwapCached:            0 kB
Active:          1359300 kB
Inactive:        1460332 kB
Active(anon):    1144920 kB
Inactive(anon):    18228 kB
Active(file):     214380 kB
Inactive(file):  1442104 kB
Unevictable:        5428 kB
Mlocked:            5428 kB
SwapTotal:       3670008 kB
SwapFree:        3670008 kB
Dirty:               412 kB
Writeback:             0 kB
AnonPages:       1144180 kB
Mapped:           811960 kB
Shmem:             20220 kB
KReclaimable:     576012 kB
Slab:             224956 kB
SReclaimable:      68544 kB
SUnreclaim:       156412 kB
KernelStack:       45952 kB
PageTables:        60268 kB
NFS_Unstable:          0 kB
Bounce:                0 kB
WritebackTmp:          0 kB
CommitLimit:     6660208 kB
Committed_AS:   71090884 kB
VmallocTotal:   263061440 kB
VmallocUsed:       86348 kB
VmallocChunk:          0 kB
Percpu:             7616 kB
CmaTotal:         315392 kB
CmaFree:               0 kB
MemTotal:        5980404 kB
MemFree:         1099556 kB
MemAvailable:    2769612 kB
Buffers:            5392 kB
Cached:          1675692 kB
SwapCached:            0 kB
Active:          1359564 kB
Inactive:        1460328 kB
Active(anon):    1145188 kB
Inactive(anon):    18228 kB
Active(file):     214376 kB
Inactive(file):  1442100 kB
Unevictable:        5428 kB
Mlocked:            5428 kB
SwapTotal:       3670008 kB
SwapFree:        3670008 kB
Dirty:               420 kB
Writeback:             0 kB
AnonPages:       1144672 kB
Mapped:           812096 kB
Shmem:             20220 kB
KReclaimable:     576012 kB
Slab:             224924 kB
SReclaimable:      68544 kB
SUnreclaim:       156380 kB
KernelStack:       45968 kB
PageTables:        60292 kB
NFS_Unstable:          0 kB
Bounce:                0 kB
WritebackTmp:          0 kB
CommitLimit:     6660208 kB
Committed_AS:   71090612 kB
VmallocTotal:   263061440 kB
VmallocUsed:       86348 kB
VmallocChunk:          0 kB
Percpu:             7616 kB
CmaTotal:         315392 kB
CmaFree:               4 kB
MemTotal:        5980404 kB
MemFree:         1098096 kB
MemAvailable:    2768160 kB
Buffers:            5396 kB
Cached:          1675692 kB
SwapCached:            0 kB
Active:          1360072 kB
Inactive:        1460328 kB
Active(anon):    1145692 kB
Inactive(anon):    18228 kB
Active(file):     214380 kB
Inactive(file):  1442100 kB
Unevictable:        5428 kB
Mlocked:            5428 kB
SwapTotal:       3670008 kB
SwapFree:        3670008 kB
Dirty:               400 kB
Writeback:             0 kB
AnonPages:       1144528 kB
Mapped:           811952 kB
Shmem:             20220 kB
KReclaimable:     576016 kB
Slab:             224960 kB
SReclaimable:      68548 kB
SUnreclaim:       156412 kB
KernelStack:       45936 kB
PageTables:        60296 kB
NFS_Unstable:          0 kB
Bounce:                0 kB
WritebackTmp:          0 kB
CommitLimit:     6660208 kB
Committed_AS:   71092636 kB
VmallocTotal:   263061440 kB
VmallocUsed:       86348 kB
VmallocChunk:          0 kB
Percpu:             7616 kB
CmaTotal:         315392 kB
CmaFree:               0 kB
MemTotal:        5980404 kB
MemFree:         1098264 kB
MemAvailable:    2768348 kB
Buffers:            5396 kB
Cached:          1675712 kB
SwapCached:            0 kB
Active:          1359512 kB
Inactive:        1460344 kB
Active(anon):    1145128 kB
Inactive(anon):    18228 kB
Active(file):     214384 kB
Inactive(file):  1442116 kB
Unevictable:        5428 kB
Mlocked:            5428 kB
SwapTotal:       3670008 kB
SwapFree:        3670008 kB
Dirty:               396 kB
Writeback:             0 kB
AnonPages:       1144208 kB
Mapped:           812124 kB
Shmem:             20220 kB
KReclaimable:     576016 kB
Slab:             224936 kB
SReclaimable:      68548 kB
SUnreclaim:       156388 kB
KernelStack:       45920 kB
PageTables:        60276 kB
NFS_Unstable:          0 kB
Bounce:                0 kB
WritebackTmp:          0 kB
CommitLimit:     6660208 kB
Committed_AS:   71091760 kB
VmallocTotal:   263061440 kB
VmallocUsed:       86332 kB
VmallocChunk:          0 kB
Percpu:             7616 kB
CmaTotal:         315392 kB
CmaFree:               0 kB
MemTotal:        5980404 kB
MemFree:         1099132 kB
MemAvailable:    2769216 kB
Buffers:            5396 kB
Cached:          1675716 kB
SwapCached:            0 kB
Active:          1359944 kB
Inactive:        1460348 kB
Active(anon):    1145560 kB
Inactive(anon):    18232 kB
Active(file):     214384 kB
Inactive(file):  1442116 kB
Unevictable:        5428 kB
Mlocked:            5428 kB
SwapTotal:       3670008 kB
SwapFree:        3670008 kB
Dirty:               396 kB
Writeback:             0 kB
AnonPages:       1144956 kB
Mapped:           812192 kB
Shmem:             20224 kB
KReclaimable:     576016 kB
Slab:             224928 kB
SReclaimable:      68548 kB
SUnreclaim:       156380 kB
KernelStack:       45904 kB
PageTables:        60112 kB
NFS_Unstable:          0 kB
Bounce:                0 kB
WritebackTmp:          0 kB
CommitLimit:     6660208 kB
Committed_AS:   71089744 kB
VmallocTotal:   263061440 kB
VmallocUsed:       86316 kB
VmallocChunk:          0 kB
Percpu:             7616 kB
CmaTotal:         315392 kB
CmaFree:               0 kB
MemTotal:        5980404 kB
MemFree:         1098896 kB
MemAvailable:    2768980 kB
Buffers:            5396 kB
Cached:          1675732 kB
SwapCached:            0 kB
Active:          1360216 kB
Inactive:        1460364 kB
Active(anon):    1145832 kB
Inactive(anon):    18248 kB
Active(file):     214384 kB
Inactive(file):  1442116 kB
Unevictable:        5428 kB
Mlocked:            5428 kB
SwapTotal:       3670008 kB
SwapFree:        3670008 kB
Dirty:               396 kB
Writeback:             0 kB
AnonPages:       1145000 kB
Mapped:           812144 kB
Shmem:             20240 kB
KReclaimable:     576016 kB
Slab:             224960 kB
SReclaimable:      68548 kB
SUnreclaim:       156412 kB
KernelStack:       45840 kB
PageTables:        60144 kB
NFS_Unstable:          0 kB
Bounce:                0 kB
WritebackTmp:          0 kB
CommitLimit:     6660208 kB
Committed_AS:   71086984 kB
VmallocTotal:   263061440 kB
VmallocUsed:       86268 kB
VmallocChunk:          0 kB
Percpu:             7616 kB
CmaTotal:         315392 kB
CmaFree:               0 kB
MemTotal:        5980404 kB
MemFree:         1106132 kB
MemAvailable:    2776216 kB
Buffers:            5396 kB
Cached:          1675732 kB
SwapCached:            0 kB
Active:          1352372 kB
Inactive:        1460364 kB
Active(anon):    1137988 kB
Inactive(anon):    18248 kB
Active(file):     214384 kB
Inactive(file):  1442116 kB
Unevictable:        5428 kB
Mlocked:            5428 kB
SwapTotal:       3670008 kB
SwapFree:        3670008 kB
Dirty:               396 kB
Writeback:             0 kB
AnonPages:       1136908 kB
Mapped:           811876 kB
Shmem:             20240 kB
KReclaimable:     576016 kB
Slab:             224920 kB
SReclaimable:      68548 kB
SUnreclaim:       156372 kB
KernelStack:       45888 kB
PageTables:        60432 kB
NFS_Unstable:          0 kB
Bounce:                0 kB
WritebackTmp:          0 kB
CommitLimit:     6660208 kB
Committed_AS:   71088356 kB
VmallocTotal:   263061440 kB
VmallocUsed:       86268 kB
VmallocChunk:          0 kB
Percpu:             7616 kB
CmaTotal:         315392 kB
CmaFree:               0 kB
MemTotal:        5980404 kB
MemFree:         1105920 kB
MemAvailable:    2776004 kB
Buffers:            5396 kB
Cached:          1675732 kB
SwapCached:            0 kB
Active:          1352660 kB
Inactive:        1460364 kB
Active(anon):    1138276 kB
Inactive(anon):    18248 kB
Active(file):     214384 kB
Inactive(file):  1442116 kB
Unevictable:        5428 kB
Mlocked:            5428 kB
SwapTotal:       3670008 kB
SwapFree:        3670008 kB
Dirty:               396 kB
Writeback:             0 kB
AnonPages:       1137708 kB
Mapped:           811956 kB
Shmem:             20240 kB
KReclaimable:     576016 kB
Slab:             224976 kB
SReclaimable:      68548 kB
SUnreclaim:       156428 kB
KernelStack:       45888 kB
PageTables:        60216 kB
NFS_Unstable:          0 kB
Bounce:                0 kB
WritebackTmp:          0 kB
CommitLimit:     6660208 kB
Committed_AS:   71090192 kB
VmallocTotal:   263061440 kB
VmallocUsed:       86348 kB
VmallocChunk:          0 kB
Percpu:             7616 kB
CmaTotal:         315392 kB
CmaFree:               0 kB
MemTotal:        5980404 kB
MemFree:         1105564 kB
MemAvailable:    2775648 kB
Buffers:            5396 kB
Cached:          1675732 kB
SwapCached:            0 kB
Active:          1352912 kB
Inactive:        1460364 kB
Active(anon):    1138528 kB
Inactive(anon):    18248 kB
Active(file):     214384 kB
Inactive(file):  1442116 kB
Unevictable:        5428 kB
Mlocked:            5428 kB
SwapTotal:       3670008 kB
SwapFree:        3670008 kB
Dirty:               396 kB
Writeback:             0 kB
AnonPages:       1137768 kB
Mapped:           811980 kB
Shmem:             20240 kB
KReclaimable:     576016 kB
Slab:             224896 kB
SReclaimable:      68548 kB
SUnreclaim:       156348 kB
KernelStack:       45916 kB
PageTables:        60188 kB
NFS_Unstable:          0 kB
Bounce:                0 kB
WritebackTmp:          0 kB
CommitLimit:     6660208 kB
Committed_AS:   71093920 kB
VmallocTotal:   263061440 kB
VmallocUsed:       86364 kB
VmallocChunk:          0 kB
Percpu:             7616 kB
CmaTotal:         315392 kB
CmaFree:               0 kB
MemTotal:        5980404 kB
MemFree:         1105016 kB
MemAvailable:    2775100 kB
Buffers:            5396 kB
Cached:          1675732 kB
SwapCached:            0 kB
Active:          1353204 kB
Inactive:        1460364 kB
Active(anon):    1138820 kB
Inactive(anon):    18248 kB
Active(file):     214384 kB
Inactive(file):  1442116 kB
Unevictable:        5428 kB
Mlocked:            5428 kB
SwapTotal:       3670008 kB
SwapFree:        3670008 kB
Dirty:               396 kB
Writeback:             0 kB
AnonPages:       1137924 kB
Mapped:           812144 kB
Shmem:             20240 kB
KReclaimable:     576016 kB
Slab:             224944 kB
SReclaimable:      68548 kB
SUnreclaim:       156396 kB
KernelStack:       45904 kB
PageTables:        60292 kB
NFS_Unstable:          0 kB
Bounce:                0 kB
WritebackTmp:          0 kB
CommitLimit:     6660208 kB
Committed_AS:   71092776 kB
VmallocTotal:   263061440 kB
VmallocUsed:       86364 kB
VmallocChunk:          0 kB
Percpu:             7616 kB
CmaTotal:         315392 kB
CmaFree:               0 kB
MemTotal:        5980404 kB
MemFree:         1104848 kB
MemAvailable:    2774940 kB
Buffers:            5396 kB
Cached:          1675740 kB
SwapCached:            0 kB
Active:          1353584 kB
Inactive:        1460368 kB
Active(anon):    1139196 kB
Inactive(anon):    18248 kB
Active(file):     214388 kB
Inactive(file):  1442120 kB
Unevictable:        5428 kB
Mlocked:            5428 kB
SwapTotal:       3670008 kB
SwapFree:        3670008 kB
Dirty:               404 kB
Writeback:             0 kB
AnonPages:       1138224 kB
Mapped:           812128 kB
Shmem:             20240 kB
KReclaimable:     576016 kB
Slab:             224856 kB
SReclaimable:      68548 kB
SUnreclaim:       156308 kB
KernelStack:       45856 kB
PageTables:        60408 kB
NFS_Unstable:          0 kB
Bounce:                0 kB
WritebackTmp:          0 kB
CommitLimit:     6660208 kB
Committed_AS:   71090644 kB
VmallocTotal:   263061440 kB
VmallocUsed:       86316 kB
VmallocChunk:          0 kB
Percpu:             7616 kB
CmaTotal:         315392 kB
CmaFree:               0 kB
MemTotal:        5980404 kB
MemFree:         1103804 kB
MemAvailable:    2773888 kB
Buffers:            5396 kB
Cached:          1675732 kB
SwapCached:            0 kB
Active:          1354012 kB
Inactive:        1460364 kB
Active(anon):    1139628 kB
Inactive(anon):    18248 kB
Active(file):     214384 kB
Inactive(file):  1442116 kB
Unevictable:        5428 kB
Mlocked:            5428 kB
SwapTotal:       3670008 kB
SwapFree:        3670008 kB
Dirty:               396 kB
Writeback:             0 kB
AnonPages:       1138716 kB
Mapped:           812144 kB
Shmem:             20240 kB
KReclaimable:     576016 kB
Slab:             224952 kB
SReclaimable:      68548 kB
SUnreclaim:       156404 kB
KernelStack:       45840 kB
PageTables:        60212 kB
NFS_Unstable:          0 kB
Bounce:                0 kB
WritebackTmp:          0 kB
CommitLimit:     6660208 kB
Committed_AS:   71090400 kB
VmallocTotal:   263061440 kB
VmallocUsed:       86284 kB
VmallocChunk:          0 kB
Percpu:             7616 kB
CmaTotal:         315392 kB
CmaFree:               0 kB
MemTotal:        5980404 kB
MemFree:         1103480 kB
MemAvailable:    2773576 kB
Buffers:            5396 kB
Cached:          1675748 kB
SwapCached:            0 kB
Active:          1354548 kB
Inactive:        1460380 kB
Active(anon):    1140164 kB
Inactive(anon):    18252 kB
Active(file):     214384 kB
Inactive(file):  1442128 kB
Unevictable:        5428 kB
Mlocked:            5428 kB
SwapTotal:       3670008 kB
SwapFree:        3670008 kB
Dirty:               384 kB
Writeback:             0 kB
AnonPages:       1138852 kB
Mapped:           812364 kB
Shmem:             20244 kB
KReclaimable:     576016 kB
Slab:             224952 kB
SReclaimable:      68548 kB
SUnreclaim:       156404 kB
KernelStack:       45856 kB
PageTables:        60216 kB
NFS_Unstable:          0 kB
Bounce:                0 kB
WritebackTmp:          0 kB
CommitLimit:     6660208 kB
Committed_AS:   71089784 kB
VmallocTotal:   263061440 kB
VmallocUsed:       86268 kB
VmallocChunk:          0 kB
Percpu:             7616 kB
CmaTotal:         315392 kB
CmaFree:               0 kB
MemTotal:        5980404 kB
MemFree:         1104288 kB
MemAvailable:    2774384 kB
Buffers:            5396 kB
Cached:          1675748 kB
SwapCached:            0 kB
Active:          1354512 kB
Inactive:        1460380 kB
Active(anon):    1140128 kB
Inactive(anon):    18252 kB
Active(file):     214384 kB
Inactive(file):  1442128 kB
Unevictable:        5428 kB
Mlocked:            5428 kB
SwapTotal:       3670008 kB
SwapFree:        3670008 kB
Dirty:               392 kB
Writeback:             0 kB
AnonPages:       1139484 kB
Mapped:           812164 kB
Shmem:             20244 kB
KReclaimable:     576016 kB
Slab:             224912 kB
SReclaimable:      68548 kB
SUnreclaim:       156364 kB
KernelStack:       45840 kB
PageTables:        60260 kB
NFS_Unstable:          0 kB
Bounce:                0 kB
WritebackTmp:          0 kB
CommitLimit:     6660208 kB
Committed_AS:   71090024 kB
VmallocTotal:   263061440 kB
VmallocUsed:       86284 kB
VmallocChunk:          0 kB
Percpu:             7616 kB
CmaTotal:         315392 kB
CmaFree:               0 kB
MemTotal:        5980404 kB
MemFree:         1103188 kB
MemAvailable:    2773292 kB
Buffers:            5396 kB
Cached:          1675756 kB
SwapCached:            0 kB
Active:          1354848 kB
Inactive:        1460384 kB
Active(anon):    1140460 kB
Inactive(anon):    18252 kB
Active(file):     214388 kB
Inactive(file):  1442132 kB
Unevictable:        5428 kB
Mlocked:            5428 kB
SwapTotal:       3670008 kB
SwapFree:        3670008 kB
Dirty:               396 kB
Writeback:             0 kB
AnonPages:       1139604 kB
Mapped:           812084 kB
Shmem:             20244 kB
KReclaimable:     576016 kB
Slab:             224928 kB
SReclaimable:      68548 kB
SUnreclaim:       156380 kB
KernelStack:       45872 kB
PageTables:        60388 kB
NFS_Unstable:          0 kB
Bounce:                0 kB
WritebackTmp:          0 kB
CommitLimit:     6660208 kB
Committed_AS:   71089080 kB
VmallocTotal:   263061440 kB
VmallocUsed:       86300 kB
VmallocChunk:          0 kB
Percpu:             7616 kB
CmaTotal:         315392 kB
CmaFree:               0 kB
MemTotal:        5980404 kB
MemFree:         1103032 kB
MemAvailable:    2773128 kB
Buffers:            5396 kB
Cached:          1675748 kB
SwapCached:            0 kB
Active:          1355292 kB
Inactive:        1460380 kB
Active(anon):    1140908 kB
Inactive(anon):    18252 kB
Active(file):     214384 kB
Inactive(file):  1442128 kB
Unevictable:        5428 kB
Mlocked:            5428 kB
SwapTotal:       3670008 kB
SwapFree:        3670008 kB
Dirty:               392 kB
Writeback:             0 kB
AnonPages:       1140000 kB
Mapped:           812148 kB
Shmem:             20244 kB
KReclaimable:     576016 kB
Slab:             224920 kB
SReclaimable:      68548 kB
SUnreclaim:       156372 kB
KernelStack:       45824 kB
PageTables:        60204 kB
NFS_Unstable:          0 kB
Bounce:                0 kB
WritebackTmp:          0 kB
CommitLimit:     6660208 kB
Committed_AS:   71086892 kB
VmallocTotal:   263061440 kB
VmallocUsed:       86268 kB
VmallocChunk:          0 kB
Percpu:             7616 kB
CmaTotal:         315392 kB
CmaFree:               0 kB
MemTotal:        5980404 kB
MemFree:         1101956 kB
MemAvailable:    2772052 kB
Buffers:            5396 kB
Cached:          1675748 kB
SwapCached:            0 kB
Active:          1355432 kB
Inactive:        1460380 kB
Active(anon):    1141048 kB
Inactive(anon):    18252 kB
Active(file):     214384 kB
Inactive(file):  1442128 kB
Unevictable:        5428 kB
Mlocked:            5428 kB
SwapTotal:       3670008 kB
SwapFree:        3670008 kB
Dirty:               392 kB
Writeback:             0 kB
AnonPages:       1140220 kB
Mapped:           812148 kB
Shmem:             20244 kB
KReclaimable:     576016 kB
Slab:             224960 kB
SReclaimable:      68548 kB
SUnreclaim:       156412 kB
KernelStack:       45888 kB
PageTables:        60292 kB
NFS_Unstable:          0 kB
Bounce:                0 kB
WritebackTmp:          0 kB
CommitLimit:     6660208 kB
Committed_AS:   71089616 kB
VmallocTotal:   263061440 kB
VmallocUsed:       86220 kB
VmallocChunk:          0 kB
Percpu:             7616 kB
CmaTotal:         315392 kB
CmaFree:               0 kB
MemTotal:        5980404 kB
MemFree:         1102420 kB
MemAvailable:    2772524 kB
Buffers:            5400 kB
Cached:          1675752 kB
SwapCached:            0 kB
Active:          1355772 kB
Inactive:        1460384 kB
Active(anon):    1141384 kB
Inactive(anon):    18252 kB
Active(file):     214388 kB
Inactive(file):  1442132 kB
Unevictable:        5428 kB
Mlocked:            5428 kB
SwapTotal:       3670008 kB
SwapFree:        3670008 kB
Dirty:               384 kB
Writeback:             0 kB
AnonPages:       1140520 kB
Mapped:           812148 kB
Shmem:             20244 kB
KReclaimable:     576016 kB
Slab:             224992 kB
SReclaimable:      68548 kB
SUnreclaim:       156444 kB
KernelStack:       45840 kB
PageTables:        60048 kB
NFS_Unstable:          0 kB
Bounce:                0 kB
WritebackTmp:          0 kB
CommitLimit:     6660208 kB
Committed_AS:   71084768 kB
VmallocTotal:   263061440 kB
VmallocUsed:       86188 kB
VmallocChunk:          0 kB
Percpu:             7616 kB
CmaTotal:         315392 kB
CmaFree:               0 kB
MemTotal:        5980404 kB
MemFree:         1101984 kB
MemAvailable:    2772096 kB
Buffers:            5400 kB
Cached:          1675760 kB
SwapCached:            0 kB
Active:          1356368 kB
Inactive:        1460392 kB
Active(anon):    1141980 kB
Inactive(anon):    18252 kB
Active(file):     214388 kB
Inactive(file):  1442140 kB
Unevictable:        5428 kB
Mlocked:            5428 kB
SwapTotal:       3670008 kB
SwapFree:        3670008 kB
Dirty:               392 kB
Writeback:             0 kB
AnonPages:       1140912 kB
Mapped:           812224 kB
Shmem:             20244 kB
KReclaimable:     576016 kB
Slab:             224960 kB
SReclaimable:      68548 kB
SUnreclaim:       156412 kB
KernelStack:       45888 kB
PageTables:        60364 kB
NFS_Unstable:          0 kB
Bounce:                0 kB
WritebackTmp:          0 kB
CommitLimit:     6660208 kB
Committed_AS:   71088716 kB
VmallocTotal:   263061440 kB
VmallocUsed:       86172 kB
VmallocChunk:          0 kB
Percpu:             7616 kB
CmaTotal:         315392 kB
CmaFree:               0 kB
MemTotal:        5980404 kB
MemFree:         1101948 kB
MemAvailable:    2772060 kB
Buffers:            5400 kB
Cached:          1675760 kB
SwapCached:            0 kB
Active:          1356264 kB
Inactive:        1460392 kB
Active(anon):    1141876 kB
Inactive(anon):    18252 kB
Active(file):     214388 kB
Inactive(file):  1442140 kB
Unevictable:        5428 kB
Mlocked:            5428 kB
SwapTotal:       3670008 kB
SwapFree:        3670008 kB
Dirty:               392 kB
Writeback:             0 kB
AnonPages:       1141236 kB
Mapped:           812148 kB
Shmem:             20244 kB
KReclaimable:     576016 kB
Slab:             224960 kB
SReclaimable:      68548 kB
SUnreclaim:       156412 kB
KernelStack:       45840 kB
PageTables:        60268 kB
NFS_Unstable:          0 kB
Bounce:                0 kB
WritebackTmp:          0 kB
CommitLimit:     6660208 kB
Committed_AS:   71090248 kB
VmallocTotal:   263061440 kB
VmallocUsed:       86188 kB
VmallocChunk:          0 kB
Percpu:             7616 kB
CmaTotal:         315392 kB
CmaFree:               0 kB
MemTotal:        5980404 kB
MemFree:         1101912 kB
MemAvailable:    2772024 kB
Buffers:            5400 kB
Cached:          1675764 kB
SwapCached:            0 kB
Active:          1356660 kB
Inactive:        1460396 kB
Active(anon):    1142272 kB
Inactive(anon):    18256 kB
Active(file):     214388 kB
Inactive(file):  1442140 kB
Unevictable:        5428 kB
Mlocked:            5428 kB
SwapTotal:       3670008 kB
SwapFree:        3670008 kB
Dirty:               392 kB
Writeback:             0 kB
AnonPages:       1141236 kB
Mapped:           811964 kB
Shmem:             20248 kB
KReclaimable:     576016 kB
Slab:             224904 kB
SReclaimable:      68548 kB
SUnreclaim:       156356 kB
KernelStack:       45884 kB
PageTables:        60376 kB
NFS_Unstable:          0 kB
Bounce:                0 kB
WritebackTmp:          0 kB
CommitLimit:     6660208 kB
Committed_AS:   71087288 kB
VmallocTotal:   263061440 kB
VmallocUsed:       86156 kB
VmallocChunk:          0 kB
Percpu:             7616 kB
CmaTotal:         315392 kB
CmaFree:               0 kB
MemTotal:        5980404 kB
MemFree:         1101440 kB
MemAvailable:    2771584 kB
Buffers:            5400 kB
Cached:          1675764 kB
SwapCached:            0 kB
Active:          1356952 kB
Inactive:        1460396 kB
Active(anon):    1142564 kB
Inactive(anon):    18256 kB
Active(file):     214388 kB
Inactive(file):  1442140 kB
Unevictable:        5428 kB
Mlocked:            5428 kB
SwapTotal:       3670008 kB
SwapFree:        3670008 kB
Dirty:               424 kB
Writeback:             0 kB
AnonPages:       1141924 kB
Mapped:           812064 kB
Shmem:             20248 kB
KReclaimable:     576048 kB
Slab:             224952 kB
SReclaimable:      68580 kB
SUnreclaim:       156372 kB
KernelStack:       45840 kB
PageTables:        60172 kB
NFS_Unstable:          0 kB
Bounce:                0 kB
WritebackTmp:          0 kB
CommitLimit:     6660208 kB
Committed_AS:   71086968 kB
VmallocTotal:   263061440 kB
VmallocUsed:       86220 kB
VmallocChunk:          0 kB
Percpu:             7616 kB
CmaTotal:         315392 kB
CmaFree:               0 kB
MemTotal:        5980404 kB
MemFree:         1100404 kB
MemAvailable:    2770548 kB
Buffers:            5400 kB
Cached:          1675764 kB
SwapCached:            0 kB
Active:          1357772 kB
Inactive:        1460396 kB
Active(anon):    1143384 kB
Inactive(anon):    18256 kB
Active(file):     214388 kB
Inactive(file):  1442140 kB
Unevictable:        5428 kB
Mlocked:            5428 kB
SwapTotal:       3670008 kB
SwapFree:        3670008 kB
Dirty:               440 kB
Writeback:             0 kB
AnonPages:       1142516 kB
Mapped:           812324 kB
Shmem:             20248 kB
KReclaimable:     576048 kB
Slab:             224984 kB
SReclaimable:      68580 kB
SUnreclaim:       156404 kB
KernelStack:       45840 kB
PageTables:        60448 kB
NFS_Unstable:          0 kB
Bounce:                0 kB
WritebackTmp:          0 kB
CommitLimit:     6660208 kB
Committed_AS:   71084412 kB
VmallocTotal:   263061440 kB
VmallocUsed:       86204 kB
VmallocChunk:          0 kB
Percpu:             7616 kB
CmaTotal:         315392 kB
CmaFree:               0 kB
MemTotal:        5980404 kB
MemFree:         1100052 kB
MemAvailable:    2770196 kB
Buffers:            5400 kB
Cached:          1675764 kB
SwapCached:            0 kB
Active:          1358060 kB
Inactive:        1460396 kB
Active(anon):    1143672 kB
Inactive(anon):    18256 kB
Active(file):     214388 kB
Inactive(file):  1442140 kB
Unevictable:        5428 kB
Mlocked:            5428 kB
SwapTotal:       3670008 kB
SwapFree:        3670008 kB
Dirty:               432 kB
Writeback:             0 kB
AnonPages:       1142404 kB
Mapped:           812164 kB
Shmem:             20248 kB
KReclaimable:     576048 kB
Slab:             224984 kB
SReclaimable:      68580 kB
SUnreclaim:       156404 kB
KernelStack:       45840 kB
PageTables:        60300 kB
NFS_Unstable:          0 kB
Bounce:                0 kB
WritebackTmp:          0 kB
CommitLimit:     6660208 kB
Committed_AS:   71086932 kB
VmallocTotal:   263061440 kB
VmallocUsed:       86172 kB
VmallocChunk:          0 kB
Percpu:             7616 kB
CmaTotal:         315392 kB
CmaFree:               0 kB
MemTotal:        5980404 kB
MemFree:         1099488 kB
MemAvailable:    2769632 kB
Buffers:            5400 kB
Cached:          1675764 kB
SwapCached:            0 kB
Active:          1358316 kB
Inactive:        1460396 kB
Active(anon):    1143928 kB
Inactive(anon):    18256 kB
Active(file):     214388 kB
Inactive(file):  1442140 kB
Unevictable:        5428 kB
Mlocked:            5428 kB
SwapTotal:       3670008 kB
SwapFree:        3670008 kB
Dirty:               432 kB
Writeback:             0 kB
AnonPages:       1142748 kB
Mapped:           811924 kB
Shmem:             20248 kB
KReclaimable:     576048 kB
Slab:             224968 kB
SReclaimable:      68580 kB
SUnreclaim:       156388 kB
KernelStack:       45852 kB
PageTables:        60360 kB
NFS_Unstable:          0 kB
Bounce:                0 kB
WritebackTmp:          0 kB
CommitLimit:     6660208 kB
Committed_AS:   71087288 kB
VmallocTotal:   263061440 kB
VmallocUsed:       86220 kB
VmallocChunk:          0 kB
Percpu:             7616 kB
CmaTotal:         315392 kB
CmaFree:               0 kB
MemTotal:        5980404 kB
MemFree:         1099616 kB
MemAvailable:    2769768 kB
Buffers:            5400 kB
Cached:          1675776 kB
SwapCached:            0 kB
Active:          1358288 kB
Inactive:        1460404 kB
Active(anon):    1143896 kB
Inactive(anon):    18260 kB
Active(file):     214392 kB
Inactive(file):  1442144 kB
Unevictable:        5428 kB
Mlocked:            5428 kB
SwapTotal:       3670008 kB
SwapFree:        3670008 kB
Dirty:               440 kB
Writeback:             0 kB
AnonPages:       1143064 kB
Mapped:           811992 kB
Shmem:             20252 kB
KReclaimable:     576048 kB
Slab:             225016 kB
SReclaimable:      68580 kB
SUnreclaim:       156436 kB
KernelStack:       45856 kB
PageTables:        60296 kB
NFS_Unstable:          0 kB
Bounce:                0 kB
WritebackTmp:          0 kB
CommitLimit:     6660208 kB
Committed_AS:   71089976 kB
VmallocTotal:   263061440 kB
VmallocUsed:       86204 kB
VmallocChunk:          0 kB
Percpu:             7616 kB
CmaTotal:         315392 kB
CmaFree:               0 kB
MemTotal:        5980404 kB
MemFree:         1099064 kB
MemAvailable:    2769200 kB
Buffers:            5400 kB
Cached:          1675760 kB
SwapCached:            0 kB
Active:          1358424 kB
Inactive:        1460396 kB
Active(anon):    1144040 kB
Inactive(anon):    18260 kB
Active(file):     214384 kB
Inactive(file):  1442136 kB
Unevictable:        5428 kB
Mlocked:            5428 kB
SwapTotal:       3670008 kB
SwapFree:        3670008 kB
Dirty:               448 kB
Writeback:             0 kB
AnonPages:       1143300 kB
Mapped:           812156 kB
Shmem:             20252 kB
KReclaimable:     576048 kB
Slab:             225000 kB
SReclaimable:      68580 kB
SUnreclaim:       156420 kB
KernelStack:       45824 kB
PageTables:        60280 kB
NFS_Unstable:          0 kB
Bounce:                0 kB
WritebackTmp:          0 kB
CommitLimit:     6660208 kB
Committed_AS:   71089412 kB
VmallocTotal:   263061440 kB
VmallocUsed:       86236 kB
VmallocChunk:          0 kB
Percpu:             7616 kB
CmaTotal:         315392 kB
CmaFree:               0 kB
MemTotal:        5980404 kB
MemFree:         1099216 kB
MemAvailable:    2769360 kB
Buffers:            5400 kB
Cached:          1675772 kB
SwapCached:            0 kB
Active:          1358900 kB
Inactive:        1460404 kB
Active(anon):    1144512 kB
Inactive(anon):    18264 kB
Active(file):     214388 kB
Inactive(file):  1442140 kB
Unevictable:        5428 kB
Mlocked:            5428 kB
SwapTotal:       3670008 kB
SwapFree:        3670008 kB
Dirty:               480 kB
Writeback:             0 kB
AnonPages:       1143548 kB
Mapped:           812160 kB
Shmem:             20256 kB
KReclaimable:     576048 kB
Slab:             225008 kB
SReclaimable:      68580 kB
SUnreclaim:       156428 kB
KernelStack:       45824 kB
PageTables:        60280 kB
NFS_Unstable:          0 kB
Bounce:                0 kB
WritebackTmp:          0 kB
CommitLimit:     6660208 kB
Committed_AS:   71088644 kB
VmallocTotal:   263061440 kB
VmallocUsed:       86236 kB
VmallocChunk:          0 kB
Percpu:             7616 kB
CmaTotal:         315392 kB
CmaFree:               0 kB
MemTotal:        5980404 kB
MemFree:         1098544 kB
MemAvailable:    2768696 kB
Buffers:            5400 kB
Cached:          1675780 kB
SwapCached:            0 kB
Active:          1359316 kB
Inactive:        1460412 kB
Active(anon):    1144928 kB
Inactive(anon):    18264 kB
Active(file):     214388 kB
Inactive(file):  1442148 kB
Unevictable:        5428 kB
Mlocked:            5428 kB
SwapTotal:       3670008 kB
SwapFree:        3670008 kB
Dirty:               412 kB
Writeback:             0 kB
AnonPages:       1143896 kB
Mapped:           811932 kB
Shmem:             20256 kB
KReclaimable:     576048 kB
Slab:             224992 kB
SReclaimable:      68580 kB
SUnreclaim:       156412 kB
KernelStack:       45808 kB
PageTables:        60200 kB
NFS_Unstable:          0 kB
Bounce:                0 kB
WritebackTmp:          0 kB
CommitLimit:     6660208 kB
Committed_AS:   71091568 kB
VmallocTotal:   263061440 kB
VmallocUsed:       86236 kB
VmallocChunk:          0 kB
Percpu:             7616 kB
CmaTotal:         315392 kB
CmaFree:               0 kB
MemTotal:        5980404 kB
MemFree:         1098008 kB
MemAvailable:    2768096 kB
Buffers:            5400 kB
Cached:          1675780 kB
SwapCached:            0 kB
Active:          1360060 kB
Inactive:        1460412 kB
Active(anon):    1145672 kB
Inactive(anon):    18264 kB
Active(file):     214388 kB
Inactive(file):  1442148 kB
Unevictable:        5428 kB
Mlocked:            5428 kB
SwapTotal:       3670008 kB
SwapFree:        3670008 kB
Dirty:               412 kB
Writeback:             0 kB
AnonPages:       1144188 kB
Mapped:           811932 kB
Shmem:             20256 kB
KReclaimable:     576048 kB
Slab:             224984 kB
SReclaimable:      68580 kB
SUnreclaim:       156404 kB
KernelStack:       45808 kB
PageTables:        59980 kB
NFS_Unstable:          0 kB
Bounce:                0 kB
WritebackTmp:          0 kB
CommitLimit:     6660208 kB
Committed_AS:   71084604 kB
VmallocTotal:   263061440 kB
VmallocUsed:       86284 kB
VmallocChunk:          0 kB
Percpu:             7616 kB
CmaTotal:         315392 kB
CmaFree:               0 kB
MemTotal:        5980404 kB
MemFree:         1098148 kB
MemAvailable:    2768300 kB
Buffers:            5400 kB
Cached:          1675784 kB
SwapCached:            0 kB
Active:          1360388 kB
Inactive:        1460416 kB
Active(anon):    1146000 kB
Inactive(anon):    18268 kB
Active(file):     214388 kB
Inactive(file):  1442148 kB
Unevictable:        5428 kB
Mlocked:            5428 kB
SwapTotal:       3670008 kB
SwapFree:        3670008 kB
Dirty:               440 kB
Writeback:             0 kB
AnonPages:       1144996 kB
Mapped:           811936 kB
Shmem:             20260 kB
KReclaimable:     576048 kB
Slab:             224968 kB
SReclaimable:      68580 kB
SUnreclaim:       156388 kB
KernelStack:       45828 kB
PageTables:        60432 kB
NFS_Unstable:          0 kB
Bounce:                0 kB
WritebackTmp:          0 kB
CommitLimit:     6660208 kB
Committed_AS:   71086376 kB
VmallocTotal:   263061440 kB
VmallocUsed:       86204 kB
VmallocChunk:          0 kB
Percpu:             7616 kB
CmaTotal:         315392 kB
CmaFree:               0 kB
MemTotal:        5980404 kB
MemFree:         1099568 kB
MemAvailable:    2769720 kB
Buffers:            5400 kB
Cached:          1675784 kB
SwapCached:            0 kB
Active:          1356944 kB
Inactive:        1460416 kB
Active(anon):    1142556 kB
Inactive(anon):    18268 kB
Active(file):     214388 kB
Inactive(file):  1442148 kB
Unevictable:        5428 kB
Mlocked:            5428 kB
SwapTotal:       3670008 kB
SwapFree:        3670008 kB
Dirty:               456 kB
Writeback:             0 kB
AnonPages:       1141748 kB
Mapped:           812000 kB
Shmem:             20260 kB
KReclaimable:     576048 kB
Slab:             224928 kB
SReclaimable:      68580 kB
SUnreclaim:       156348 kB
KernelStack:       45840 kB
PageTables:        60180 kB
NFS_Unstable:          0 kB
Bounce:                0 kB
WritebackTmp:          0 kB
CommitLimit:     6660208 kB
Committed_AS:   71091284 kB
VmallocTotal:   263061440 kB
VmallocUsed:       86268 kB
VmallocChunk:          0 kB
Percpu:             7616 kB
CmaTotal:         315392 kB
CmaFree:               0 kB
MemTotal:        5980404 kB
MemFree:         1099556 kB
MemAvailable:    2769708 kB
Buffers:            5400 kB
Cached:          1675788 kB
SwapCached:            0 kB
Active:          1357336 kB
Inactive:        1460420 kB
Active(anon):    1142948 kB
Inactive(anon):    18272 kB
Active(file):     214388 kB
Inactive(file):  1442148 kB
Unevictable:        5428 kB
Mlocked:            5428 kB
SwapTotal:       3670008 kB
SwapFree:        3670008 kB
Dirty:               488 kB
Writeback:             0 kB
AnonPages:       1141904 kB
Mapped:           812004 kB
Shmem:             20264 kB
KReclaimable:     576048 kB
Slab:             225008 kB
SReclaimable:      68580 kB
SUnreclaim:       156428 kB
KernelStack:       45808 kB
PageTables:        60080 kB
NFS_Unstable:          0 kB
Bounce:                0 kB
WritebackTmp:          0 kB
CommitLimit:     6660208 kB
Committed_AS:   71090736 kB
VmallocTotal:   263061440 kB
VmallocUsed:       86252 kB
VmallocChunk:          0 kB
Percpu:             7616 kB
CmaTotal:         315392 kB
CmaFree:               0 kB
MemTotal:        5980404 kB
MemFree:         1099080 kB
MemAvailable:    2769240 kB
Buffers:            5408 kB
Cached:          1675788 kB
SwapCached:            0 kB
Active:          1357832 kB
Inactive:        1460420 kB
Active(anon):    1143436 kB
Inactive(anon):    18272 kB
Active(file):     214396 kB
Inactive(file):  1442148 kB
Unevictable:        5428 kB
Mlocked:            5428 kB
SwapTotal:       3670008 kB
SwapFree:        3670008 kB
Dirty:               452 kB
Writeback:             0 kB
AnonPages:       1142436 kB
Mapped:           812168 kB
Shmem:             20264 kB
KReclaimable:     576048 kB
Slab:             224992 kB
SReclaimable:      68580 kB
SUnreclaim:       156412 kB
KernelStack:       45804 kB
PageTables:        60368 kB
NFS_Unstable:          0 kB
Bounce:                0 kB
WritebackTmp:          0 kB
CommitLimit:     6660208 kB
Committed_AS:   71090652 kB
VmallocTotal:   263061440 kB
VmallocUsed:       86220 kB
