MemTotal:        7922296 kB
MemFree:         1011264 kB
MemAvailable:    3750020 kB
Buffers:           15908 kB
Cached:          2944072 kB
SwapCached:          132 kB
Active:          1852820 kB
Inactive:        2701716 kB
Active(anon):      65032 kB
Inactive(anon):  1568364 kB
Active(file):    1787788 kB
Inactive(file):  1133352 kB
Unevictable:        6024 kB
Mlocked:            5584 kB
SwapTotal:       4718584 kB
SwapFree:        4643320 kB
Dirty:              4156 kB
Writeback:             0 kB
AnonPages:       1600564 kB
Mapped:           584696 kB
Shmem:             34276 kB
KReclaimable:     173152 kB
Slab:             326512 kB
SReclaimable:      97180 kB
SUnreclaim:       229332 kB
KernelStack:       48432 kB
ShadowCallStack:   12132 kB
PageTables:        72040 kB
NFS_Unstable:          0 kB
Bounce:                0 kB
WritebackTmp:          0 kB
CommitLimit:     8679732 kB
Committed_AS:   77624620 kB
VmallocTotal:   263061440 kB
VmallocUsed:      128096 kB
VmallocChunk:          0 kB
Percpu:             6312 kB
CmaTotal:         405504 kB
CmaFree:           58216 kB
MemTotal:        7922296 kB
MemFree:         1018248 kB
MemAvailable:    3765868 kB
Buffers:           15932 kB
Cached:          2953260 kB
SwapCached:          132 kB
Active:          1852916 kB
Inactive:        2694468 kB
Active(anon):      65032 kB
Inactive(anon):  1551948 kB
Active(file):    1787884 kB
Inactive(file):  1142520 kB
Unevictable:        6024 kB
Mlocked:            5584 kB
SwapTotal:       4718584 kB
SwapFree:        4643320 kB
Dirty:             13444 kB
Writeback:             0 kB
AnonPages:       1583996 kB
Mapped:           585416 kB
Shmem:             34276 kB
KReclaimable:     172348 kB
Slab:             326464 kB
SReclaimable:      97208 kB
SUnreclaim:       229256 kB
KernelStack:       48496 kB
ShadowCallStack:   12132 kB
PageTables:        72124 kB
NFS_Unstable:          0 kB
Bounce:                0 kB
WritebackTmp:          0 kB
CommitLimit:     8679732 kB
Committed_AS:   77624660 kB
VmallocTotal:   263061440 kB
VmallocUsed:      128148 kB
VmallocChunk:          0 kB
Percpu:             6312 kB
CmaTotal:         405504 kB
CmaFree:           58364 kB
MemTotal:        7922296 kB
MemFree:         1008608 kB
MemAvailable:    3766692 kB
Buffers:           15988 kB
Cached:          2963632 kB
SwapCached:          132 kB
Active:          1852968 kB
Inactive:        2702640 kB
Active(anon):      65028 kB
Inactive(anon):  1549736 kB
Active(file):    1787940 kB
Inactive(file):  1152904 kB
Unevictable:        6024 kB
Mlocked:            5584 kB
SwapTotal:       4718584 kB
SwapFree:        4643320 kB
Dirty:             23932 kB
Writeback:             0 kB
AnonPages:       1581952 kB
Mapped:           585328 kB
Shmem:             34264 kB
KReclaimable:     172396 kB
Slab:             326508 kB
SReclaimable:      97256 kB
SUnreclaim:       229252 kB
KernelStack:       48432 kB
ShadowCallStack:   12132 kB
PageTables:        72232 kB
NFS_Unstable:          0 kB
Bounce:                0 kB
WritebackTmp:          0 kB
CommitLimit:     8679732 kB
Committed_AS:   77624600 kB
VmallocTotal:   263061440 kB
VmallocUsed:      128092 kB
VmallocChunk:          0 kB
Percpu:             6312 kB
CmaTotal:         405504 kB
CmaFree:           58344 kB
MemTotal:        7922296 kB
MemFree:         1002760 kB
MemAvailable:    3769804 kB
Buffers:           16012 kB
Cached:          2972528 kB
SwapCached:          132 kB
Active:          1853008 kB
Inactive:        2710760 kB
Active(anon):      65044 kB
Inactive(anon):  1548796 kB
Active(file):    1787964 kB
Inactive(file):  1161964 kB
Unevictable:        6024 kB
Mlocked:            5584 kB
SwapTotal:       4718584 kB
SwapFree:        4643320 kB
Dirty:             33180 kB
Writeback:             0 kB
AnonPages:       1580928 kB
Mapped:           585064 kB
Shmem:             34264 kB
KReclaimable:     172148 kB
Slab:             326500 kB
SReclaimable:      97272 kB
SUnreclaim:       229228 kB
KernelStack:       48480 kB
ShadowCallStack:   12136 kB
PageTables:        71876 kB
NFS_Unstable:          0 kB
Bounce:                0 kB
WritebackTmp:          0 kB
CommitLimit:     8679732 kB
Committed_AS:   77624600 kB
VmallocTotal:   263061440 kB
VmallocUsed:      128108 kB
VmallocChunk:          0 kB
Percpu:             6312 kB
CmaTotal:         405504 kB
CmaFree:           58344 kB
MemTotal:        7922296 kB
MemFree:          978320 kB
MemAvailable:    3754168 kB
Buffers:           16076 kB
Cached:          2981072 kB
SwapCached:          136 kB
Active:          1853040 kB
Inactive:        2733180 kB
Active(anon):      65028 kB
Inactive(anon):  1562964 kB
Active(file):    1788012 kB
Inactive(file):  1170216 kB
Unevictable:        6024 kB
Mlocked:            5584 kB
SwapTotal:       4718584 kB
SwapFree:        4643320 kB
Dirty:             41328 kB
Writeback:             0 kB
AnonPages:       1594868 kB
Mapped:           586852 kB
Shmem:             34412 kB
KReclaimable:     173156 kB
Slab:             327016 kB
SReclaimable:      97512 kB
SUnreclaim:       229504 kB
KernelStack:       48736 kB
ShadowCallStack:   12152 kB
PageTables:        72604 kB
NFS_Unstable:          0 kB
Bounce:                0 kB
WritebackTmp:          0 kB
CommitLimit:     8679732 kB
Committed_AS:   78954292 kB
VmallocTotal:   263061440 kB
VmallocUsed:      128480 kB
VmallocChunk:          0 kB
Percpu:             6312 kB
CmaTotal:         405504 kB
CmaFree:           58336 kB
MemTotal:        7922296 kB
MemFree:          928304 kB
MemAvailable:    3823416 kB
Buffers:           16128 kB
Cached:          2972584 kB
SwapCached:          144 kB
Active:          1840180 kB
Inactive:        2559708 kB
Active(anon):      65160 kB
Inactive(anon):  1385228 kB
Active(file):    1775020 kB
Inactive(file):  1174480 kB
Unevictable:        6024 kB
Mlocked:            5584 kB
SwapTotal:       4718584 kB
SwapFree:        4643320 kB
Dirty:             41500 kB
Writeback:             0 kB
AnonPages:       1417096 kB
Mapped:           639176 kB
Shmem:             34700 kB
KReclaimable:     401368 kB
Slab:             326260 kB
SReclaimable:      96024 kB
SUnreclaim:       230236 kB
KernelStack:       49440 kB
ShadowCallStack:   12396 kB
PageTables:        73720 kB
NFS_Unstable:          0 kB
Bounce:                0 kB
WritebackTmp:          0 kB
CommitLimit:     8679732 kB
Committed_AS:   79134488 kB
VmallocTotal:   263061440 kB
VmallocUsed:      129368 kB
VmallocChunk:          0 kB
Percpu:             6312 kB
CmaTotal:         405504 kB
CmaFree:            5624 kB
MemTotal:        7922296 kB
MemFree:          748844 kB
MemAvailable:    3901552 kB
Buffers:           16184 kB
Cached:          2972636 kB
SwapCached:          144 kB
Active:          1854564 kB
Inactive:        2633496 kB
Active(anon):      65172 kB
Inactive(anon):  1473284 kB
Active(file):    1789392 kB
Inactive(file):  1160212 kB
Unevictable:        6024 kB
Mlocked:            5584 kB
SwapTotal:       4718584 kB
SwapFree:        4643320 kB
Dirty:             41608 kB
Writeback:             0 kB
AnonPages:       1505300 kB
Mapped:           641660 kB
Shmem:             34704 kB
KReclaimable:     658860 kB
Slab:             326560 kB
SReclaimable:      96024 kB
SUnreclaim:       230536 kB
KernelStack:       49536 kB
ShadowCallStack:   12440 kB
PageTables:        73996 kB
NFS_Unstable:          0 kB
Bounce:                0 kB
WritebackTmp:          0 kB
CommitLimit:     8679732 kB
Committed_AS:   79295684 kB
VmallocTotal:   263061440 kB
VmallocUsed:      129460 kB
VmallocChunk:          0 kB
Percpu:             6312 kB
CmaTotal:         405504 kB
CmaFree:            6696 kB
MemTotal:        7922296 kB
MemFree:          471324 kB
MemAvailable:    3829120 kB
Buffers:           16184 kB
Cached:          2972640 kB
SwapCached:          144 kB
Active:          1900332 kB
Inactive:        2869736 kB
Active(anon):      65180 kB
Inactive(anon):  1755280 kB
Active(file):    1835152 kB
Inactive(file):  1114456 kB
Unevictable:        6024 kB
Mlocked:            5584 kB
SwapTotal:       4718584 kB
SwapFree:        4643320 kB
Dirty:             41676 kB
Writeback:             0 kB
AnonPages:       1787172 kB
Mapped:           641880 kB
Shmem:             34704 kB
KReclaimable:     863944 kB
Slab:             325916 kB
SReclaimable:      96040 kB
SUnreclaim:       229876 kB
KernelStack:       49536 kB
ShadowCallStack:   12408 kB
PageTables:        74176 kB
NFS_Unstable:          0 kB
Bounce:                0 kB
WritebackTmp:          0 kB
CommitLimit:     8679732 kB
Committed_AS:   79554488 kB
VmallocTotal:   263061440 kB
VmallocUsed:      129512 kB
VmallocChunk:          0 kB
Percpu:             6312 kB
CmaTotal:         405504 kB
CmaFree:               0 kB
MemTotal:        7922296 kB
MemFree:          356992 kB
MemAvailable:    3560620 kB
Buffers:           16200 kB
Cached:          2969092 kB
SwapCached:          144 kB
Active:          1910468 kB
Inactive:        2885528 kB
Active(anon):      66228 kB
Inactive(anon):  1783816 kB
Active(file):    1844240 kB
Inactive(file):  1101712 kB
Unevictable:        6024 kB
Mlocked:            5584 kB
SwapTotal:       4718584 kB
SwapFree:        4640760 kB
Dirty:             41692 kB
Writeback:             0 kB
AnonPages:       1816672 kB
Mapped:           702056 kB
Shmem:             34704 kB
KReclaimable:     672472 kB
Slab:             327844 kB
SReclaimable:      96072 kB
SUnreclaim:       231772 kB
KernelStack:       49520 kB
ShadowCallStack:   12432 kB
PageTables:        74716 kB
NFS_Unstable:          0 kB
Bounce:                0 kB
WritebackTmp:          0 kB
CommitLimit:     8679732 kB
Committed_AS:   79763840 kB
VmallocTotal:   263061440 kB
VmallocUsed:      129508 kB
VmallocChunk:          0 kB
Percpu:             6312 kB
CmaTotal:         405504 kB
CmaFree:            6784 kB
MemTotal:        7922296 kB
MemFree:          200732 kB
MemAvailable:    3376344 kB
Buffers:           16208 kB
Cached:          2939924 kB
SwapCached:          144 kB
Active:          1912332 kB
Inactive:        3066900 kB
Active(anon):      69068 kB
Inactive(anon):  1993096 kB
Active(file):    1843264 kB
Inactive(file):  1073804 kB
Unevictable:        6024 kB
Mlocked:            5584 kB
SwapTotal:       4718584 kB
SwapFree:        4626936 kB
Dirty:             41756 kB
Writeback:             0 kB
AnonPages:       2028880 kB
Mapped:           714700 kB
Shmem:             34704 kB
KReclaimable:     648764 kB
Slab:             327740 kB
SReclaimable:      95368 kB
SUnreclaim:       232372 kB
KernelStack:       49248 kB
ShadowCallStack:   12356 kB
PageTables:        75048 kB
NFS_Unstable:          0 kB
Bounce:                0 kB
WritebackTmp:          0 kB
CommitLimit:     8679732 kB
Committed_AS:   80148608 kB
VmallocTotal:   263061440 kB
VmallocUsed:      128576 kB
VmallocChunk:          0 kB
Percpu:             6312 kB
CmaTotal:         405504 kB
CmaFree:             504 kB
MemTotal:        7922296 kB
MemFree:          205112 kB
MemAvailable:    3175564 kB
Buffers:           16268 kB
Cached:          2880780 kB
SwapCached:          152 kB
Active:          1908088 kB
Inactive:        3048848 kB
Active(anon):      82088 kB
Inactive(anon):  2017100 kB
Active(file):    1826000 kB
Inactive(file):  1031748 kB
Unevictable:        6024 kB
Mlocked:            5584 kB
SwapTotal:       4718584 kB
SwapFree:        4597496 kB
Dirty:             41824 kB
Writeback:             0 kB
AnonPages:       2066012 kB
Mapped:           755884 kB
Shmem:             34720 kB
KReclaimable:     502924 kB
Slab:             326640 kB
SReclaimable:      93516 kB
SUnreclaim:       233124 kB
KernelStack:       49648 kB
ShadowCallStack:   12436 kB
PageTables:        75832 kB
NFS_Unstable:          0 kB
Bounce:                0 kB
WritebackTmp:          0 kB
CommitLimit:     8679732 kB
Committed_AS:   80300580 kB
VmallocTotal:   263061440 kB
VmallocUsed:      129044 kB
VmallocChunk:          0 kB
Percpu:             6312 kB
CmaTotal:         405504 kB
CmaFree:               0 kB
MemTotal:        7922296 kB
MemFree:          217952 kB
MemAvailable:    3061508 kB
Buffers:           16280 kB
Cached:          2817560 kB
SwapCached:          184 kB
Active:          1898428 kB
Inactive:        3111544 kB
Active(anon):      86304 kB
Inactive(anon):  2129088 kB
Active(file):    1812124 kB
Inactive(file):   982456 kB
Unevictable:        6024 kB
Mlocked:            5584 kB
SwapTotal:       4718584 kB
SwapFree:        4588536 kB
Dirty:             41920 kB
Writeback:             0 kB
AnonPages:       2181992 kB
Mapped:           756544 kB
Shmem:             34748 kB
KReclaimable:     439196 kB
Slab:             325696 kB
SReclaimable:      92252 kB
SUnreclaim:       233444 kB
KernelStack:       49792 kB
ShadowCallStack:   12472 kB
PageTables:        76164 kB
NFS_Unstable:          0 kB
Bounce:                0 kB
WritebackTmp:          0 kB
CommitLimit:     8679732 kB
Committed_AS:   80491528 kB
VmallocTotal:   263061440 kB
VmallocUsed:      129328 kB
VmallocChunk:          0 kB
Percpu:             6312 kB
CmaTotal:         405504 kB
CmaFree:               0 kB
MemTotal:        7922296 kB
MemFree:          256764 kB
MemAvailable:    2915036 kB
Buffers:           16280 kB
Cached:          2750400 kB
SwapCached:          184 kB
Active:          1910652 kB
Inactive:        3167580 kB
Active(anon):      98524 kB
Inactive(anon):  2252296 kB
Active(file):    1812128 kB
Inactive(file):   915284 kB
Unevictable:        6024 kB
Mlocked:            5584 kB
SwapTotal:       4718584 kB
SwapFree:        4557048 kB
Dirty:             41960 kB
Writeback:             0 kB
AnonPages:       2317316 kB
Mapped:           756148 kB
Shmem:             34740 kB
KReclaimable:     321080 kB
Slab:             324140 kB
SReclaimable:      90616 kB
SUnreclaim:       233524 kB
KernelStack:       49792 kB
ShadowCallStack:   12476 kB
PageTables:        76268 kB
NFS_Unstable:          0 kB
Bounce:                0 kB
WritebackTmp:          0 kB
CommitLimit:     8679732 kB
Committed_AS:   80675808 kB
VmallocTotal:   263061440 kB
VmallocUsed:      129312 kB
VmallocChunk:          0 kB
Percpu:             6312 kB
CmaTotal:         405504 kB
CmaFree:               0 kB
MemTotal:        7922296 kB
MemFree:          215020 kB
MemAvailable:    2863100 kB
Buffers:           16300 kB
Cached:          2749572 kB
SwapCached:          204 kB
Active:          1910392 kB
Inactive:        3185924 kB
Active(anon):      99016 kB
Inactive(anon):  2270684 kB
Active(file):    1811376 kB
Inactive(file):   915240 kB
Unevictable:        6024 kB
Mlocked:            5584 kB
SwapTotal:       4718584 kB
SwapFree:        4555256 kB
Dirty:             41980 kB
Writeback:             0 kB
AnonPages:       2336264 kB
Mapped:           760544 kB
Shmem:             34744 kB
KReclaimable:     311684 kB
Slab:             324300 kB
SReclaimable:      90500 kB
SUnreclaim:       233800 kB
KernelStack:       49808 kB
ShadowCallStack:   12492 kB
PageTables:        76664 kB
NFS_Unstable:          0 kB
Bounce:                0 kB
WritebackTmp:          0 kB
CommitLimit:     8679732 kB
Committed_AS:   80692692 kB
VmallocTotal:   263061440 kB
VmallocUsed:      129336 kB
VmallocChunk:          0 kB
Percpu:             6312 kB
CmaTotal:         405504 kB
CmaFree:              16 kB
MemTotal:        7922296 kB
MemFree:          213916 kB
MemAvailable:    2853748 kB
Buffers:           16340 kB
Cached:          2747604 kB
SwapCached:          204 kB
Active:          1911132 kB
Inactive:        3192640 kB
Active(anon):      99704 kB
Inactive(anon):  2279340 kB
Active(file):    1811428 kB
Inactive(file):   913300 kB
Unevictable:        6024 kB
Mlocked:            5584 kB
SwapTotal:       4718584 kB
SwapFree:        4554488 kB
Dirty:             44072 kB
Writeback:             0 kB
AnonPages:       2345660 kB
Mapped:           761496 kB
Shmem:             34704 kB
KReclaimable:     305324 kB
Slab:             324152 kB
SReclaimable:      90284 kB
SUnreclaim:       233868 kB
KernelStack:       49824 kB
ShadowCallStack:   12480 kB
PageTables:        76628 kB
NFS_Unstable:          0 kB
Bounce:                0 kB
WritebackTmp:          0 kB
CommitLimit:     8679732 kB
Committed_AS:   80692652 kB
VmallocTotal:   263061440 kB
VmallocUsed:      129300 kB
VmallocChunk:          0 kB
Percpu:             6312 kB
CmaTotal:         405504 kB
CmaFree:             128 kB
MemTotal:        7922296 kB
MemFree:          211768 kB
MemAvailable:    2852424 kB
Buffers:           16340 kB
Cached:          2754580 kB
SwapCached:          204 kB
Active:          1911264 kB
Inactive:        3199216 kB
Active(anon):      99836 kB
Inactive(anon):  2278940 kB
Active(file):    1811428 kB
Inactive(file):   920276 kB
Unevictable:        6024 kB
Mlocked:            5584 kB
SwapTotal:       4718584 kB
SwapFree:        4552696 kB
Dirty:             44096 kB
Writeback:             0 kB
AnonPages:       2345580 kB
Mapped:           762740 kB
Shmem:             34708 kB
KReclaimable:     299172 kB
Slab:             323976 kB
SReclaimable:      90276 kB
SUnreclaim:       233700 kB
KernelStack:       49808 kB
ShadowCallStack:   12500 kB
PageTables:        76380 kB
NFS_Unstable:          0 kB
Bounce:                0 kB
WritebackTmp:          0 kB
CommitLimit:     8679732 kB
Committed_AS:   80692656 kB
VmallocTotal:   263061440 kB
VmallocUsed:      129328 kB
VmallocChunk:          0 kB
Percpu:             6312 kB
CmaTotal:         405504 kB
CmaFree:              48 kB
MemTotal:        7922296 kB
MemFree:          211032 kB
MemAvailable:    2845232 kB
Buffers:           15308 kB
Cached:          2759520 kB
SwapCached:          204 kB
Active:          1912400 kB
Inactive:        3209108 kB
Active(anon):     100960 kB
Inactive(anon):  2284940 kB
Active(file):    1811440 kB
Inactive(file):   924168 kB
Unevictable:        6024 kB
Mlocked:            5584 kB
SwapTotal:       4718584 kB
SwapFree:        4551160 kB
Dirty:             44108 kB
Writeback:             0 kB
AnonPages:       2352740 kB
Mapped:           763480 kB
Shmem:             34708 kB
KReclaimable:     288812 kB
Slab:             323852 kB
SReclaimable:      90156 kB
SUnreclaim:       233696 kB
KernelStack:       49792 kB
ShadowCallStack:   12464 kB
PageTables:        76836 kB
NFS_Unstable:          0 kB
Bounce:                0 kB
WritebackTmp:          0 kB
CommitLimit:     8679732 kB
Committed_AS:   80692860 kB
VmallocTotal:   263061440 kB
VmallocUsed:      129288 kB
VmallocChunk:          0 kB
Percpu:             6312 kB
CmaTotal:         405504 kB
CmaFree:               0 kB
MemTotal:        7922296 kB
MemFree:          208844 kB
MemAvailable:    2716788 kB
Buffers:           12744 kB
Cached:          2726724 kB
SwapCached:          204 kB
Active:          1922364 kB
Inactive:        3202036 kB
Active(anon):     113224 kB
Inactive(anon):  2311052 kB
Active(file):    1809140 kB
Inactive(file):   890984 kB
Unevictable:        6024 kB
Mlocked:            5584 kB
SwapTotal:       4718584 kB
SwapFree:        4535800 kB
Dirty:             44532 kB
Writeback:             8 kB
AnonPages:       2391068 kB
Mapped:           762576 kB
Shmem:             34792 kB
KReclaimable:     153560 kB
Slab:             324312 kB
SReclaimable:      90072 kB
SUnreclaim:       234240 kB
KernelStack:       49952 kB
ShadowCallStack:   12504 kB
PageTables:        76992 kB
NFS_Unstable:          0 kB
Bounce:                0 kB
WritebackTmp:          0 kB
CommitLimit:     8679732 kB
Committed_AS:   80693480 kB
VmallocTotal:   263061440 kB
VmallocUsed:      129460 kB
VmallocChunk:          0 kB
Percpu:             6312 kB
CmaTotal:         405504 kB
CmaFree:             508 kB
MemTotal:        7922296 kB
MemFree:          267244 kB
MemAvailable:    2871396 kB
Buffers:           12732 kB
Cached:          2721344 kB
SwapCached:          204 kB
Active:          1924760 kB
Inactive:        3124672 kB
Active(anon):     115500 kB
Inactive(anon):  2239068 kB
Active(file):    1809260 kB
Inactive(file):   885604 kB
Unevictable:        6024 kB
Mlocked:            5584 kB
SwapTotal:       4718584 kB
SwapFree:        4534008 kB
Dirty:             44540 kB
Writeback:             0 kB
AnonPages:       2321212 kB
Mapped:           760320 kB
Shmem:             34700 kB
KReclaimable:     299508 kB
Slab:             324000 kB
SReclaimable:      90056 kB
SUnreclaim:       233944 kB
KernelStack:       49840 kB
ShadowCallStack:   12524 kB
PageTables:        76736 kB
NFS_Unstable:          0 kB
Bounce:                0 kB
WritebackTmp:          0 kB
CommitLimit:     8679732 kB
Committed_AS:   80693080 kB
VmallocTotal:   263061440 kB
VmallocUsed:      129376 kB
VmallocChunk:          0 kB
Percpu:             6312 kB
CmaTotal:         405504 kB
CmaFree:            2632 kB
MemTotal:        7922296 kB
MemFree:          268204 kB
MemAvailable:    2872376 kB
Buffers:           12740 kB
Cached:          2721352 kB
SwapCached:          204 kB
Active:          1924764 kB
Inactive:        3125348 kB
Active(anon):     115496 kB
Inactive(anon):  2239736 kB
Active(file):    1809268 kB
Inactive(file):   885612 kB
Unevictable:        6024 kB
Mlocked:            5584 kB
SwapTotal:       4718584 kB
SwapFree:        4534008 kB
Dirty:             44568 kB
Writeback:             0 kB
AnonPages:       2321952 kB
Mapped:           760260 kB
Shmem:             34700 kB
KReclaimable:     299512 kB
Slab:             323928 kB
SReclaimable:      90056 kB
SUnreclaim:       233872 kB
KernelStack:       49840 kB
ShadowCallStack:   12504 kB
PageTables:        76704 kB
NFS_Unstable:          0 kB
Bounce:                0 kB
WritebackTmp:          0 kB
CommitLimit:     8679732 kB
Committed_AS:   80693032 kB
VmallocTotal:   263061440 kB
VmallocUsed:      129356 kB
VmallocChunk:          0 kB
Percpu:             6312 kB
CmaTotal:         405504 kB
CmaFree:            2744 kB
MemTotal:        7922296 kB
MemFree:          261528 kB
MemAvailable:    2865708 kB
Buffers:           12740 kB
Cached:          2721360 kB
SwapCached:          204 kB
Active:          1924764 kB
Inactive:        3130252 kB
Active(anon):     115492 kB
Inactive(anon):  2244636 kB
Active(file):    1809272 kB
Inactive(file):   885616 kB
Unevictable:        6024 kB
Mlocked:            5584 kB
SwapTotal:       4718584 kB
SwapFree:        4534008 kB
Dirty:             44572 kB
Writeback:             0 kB
AnonPages:       2326904 kB
Mapped:           760768 kB
Shmem:             34700 kB
KReclaimable:     299512 kB
Slab:             324036 kB
SReclaimable:      90056 kB
SUnreclaim:       233980 kB
KernelStack:       49920 kB
ShadowCallStack:   12496 kB
PageTables:        76688 kB
NFS_Unstable:          0 kB
Bounce:                0 kB
WritebackTmp:          0 kB
CommitLimit:     8679732 kB
Committed_AS:   80693232 kB
VmallocTotal:   263061440 kB
VmallocUsed:      129420 kB
VmallocChunk:          0 kB
Percpu:             6312 kB
CmaTotal:         405504 kB
CmaFree:            2744 kB
MemTotal:        7922296 kB
MemFree:          261136 kB
MemAvailable:    2865328 kB
Buffers:           12740 kB
Cached:          2721372 kB
SwapCached:          204 kB
Active:          1924764 kB
Inactive:        3131740 kB
Active(anon):     115492 kB
Inactive(anon):  2246112 kB
Active(file):    1809272 kB
Inactive(file):   885628 kB
Unevictable:        6024 kB
Mlocked:            5584 kB
SwapTotal:       4718584 kB
SwapFree:        4534008 kB
Dirty:             44584 kB
Writeback:             0 kB
AnonPages:       2328216 kB
Mapped:           760704 kB
Shmem:             34700 kB
KReclaimable:     299512 kB
Slab:             323988 kB
SReclaimable:      90056 kB
SUnreclaim:       233932 kB
KernelStack:       49904 kB
ShadowCallStack:   12492 kB
PageTables:        76564 kB
NFS_Unstable:          0 kB
Bounce:                0 kB
WritebackTmp:          0 kB
CommitLimit:     8679732 kB
Committed_AS:   80693184 kB
VmallocTotal:   263061440 kB
VmallocUsed:      129416 kB
VmallocChunk:          0 kB
Percpu:             6312 kB
CmaTotal:         405504 kB
CmaFree:            2824 kB
MemTotal:        7922296 kB
MemFree:          247964 kB
MemAvailable:    2852184 kB
Buffers:           12740 kB
Cached:          2721404 kB
SwapCached:          204 kB
Active:          1924772 kB
Inactive:        3135224 kB
Active(anon):     115500 kB
Inactive(anon):  2249568 kB
Active(file):    1809272 kB
Inactive(file):   885656 kB
Unevictable:        6024 kB
Mlocked:            5584 kB
SwapTotal:       4718584 kB
SwapFree:        4534008 kB
Dirty:             44600 kB
Writeback:             0 kB
AnonPages:       2331696 kB
Mapped:           760888 kB
Shmem:             34704 kB
KReclaimable:     299512 kB
Slab:             323920 kB
SReclaimable:      90056 kB
SUnreclaim:       233864 kB
KernelStack:       49872 kB
ShadowCallStack:   12512 kB
PageTables:        76676 kB
NFS_Unstable:          0 kB
Bounce:                0 kB
WritebackTmp:          0 kB
CommitLimit:     8679732 kB
Committed_AS:   80693228 kB
VmallocTotal:   263061440 kB
VmallocUsed:      129436 kB
VmallocChunk:          0 kB
Percpu:             6312 kB
CmaTotal:         405504 kB
CmaFree:            2824 kB
MemTotal:        7922296 kB
MemFree:          245092 kB
MemAvailable:    2849464 kB
Buffers:           12768 kB
Cached:          2721424 kB
SwapCached:          204 kB
Active:          1924804 kB
Inactive:        3139384 kB
Active(anon):     115496 kB
Inactive(anon):  2253724 kB
Active(file):    1809308 kB
Inactive(file):   885660 kB
Unevictable:        6024 kB
Mlocked:            5584 kB
SwapTotal:       4718584 kB
SwapFree:        4534008 kB
Dirty:              3160 kB
Writeback:            32 kB
AnonPages:       2335764 kB
Mapped:           761004 kB
Shmem:             34712 kB
KReclaimable:     299624 kB
Slab:             324076 kB
SReclaimable:      90168 kB
SUnreclaim:       233908 kB
KernelStack:       49904 kB
ShadowCallStack:   12496 kB
PageTables:        76624 kB
NFS_Unstable:          0 kB
Bounce:                0 kB
WritebackTmp:          0 kB
CommitLimit:     8679732 kB
Committed_AS:   80709620 kB
VmallocTotal:   263061440 kB
VmallocUsed:      129444 kB
VmallocChunk:          0 kB
Percpu:             6312 kB
CmaTotal:         405504 kB
CmaFree:            2824 kB
MemTotal:        7922296 kB
MemFree:          242484 kB
MemAvailable:    2846912 kB
Buffers:           12768 kB
Cached:          2721432 kB
SwapCached:          204 kB
Active:          1924796 kB
Inactive:        3140424 kB
Active(anon):     115484 kB
Inactive(anon):  2254760 kB
Active(file):    1809312 kB
Inactive(file):   885664 kB
Unevictable:        6024 kB
Mlocked:            5584 kB
SwapTotal:       4718584 kB
SwapFree:        4534008 kB
Dirty:              3184 kB
Writeback:             0 kB
AnonPages:       2337068 kB
Mapped:           760968 kB
Shmem:             34712 kB
KReclaimable:     299672 kB
Slab:             324168 kB
SReclaimable:      90216 kB
SUnreclaim:       233952 kB
KernelStack:       49904 kB
ShadowCallStack:   12488 kB
PageTables:        76684 kB
NFS_Unstable:          0 kB
Bounce:                0 kB
WritebackTmp:          0 kB
CommitLimit:     8679732 kB
Committed_AS:   80709620 kB
VmallocTotal:   263061440 kB
VmallocUsed:      129436 kB
VmallocChunk:          0 kB
Percpu:             6312 kB
CmaTotal:         405504 kB
CmaFree:            2824 kB
MemTotal:        7922296 kB
MemFree:          241416 kB
MemAvailable:    2845936 kB
Buffers:           12768 kB
Cached:          2721460 kB
SwapCached:          204 kB
Active:          1924812 kB
Inactive:        3141200 kB
Active(anon):     115496 kB
Inactive(anon):  2255512 kB
Active(file):    1809316 kB
Inactive(file):   885688 kB
Unevictable:        6024 kB
Mlocked:            5584 kB
SwapTotal:       4718584 kB
SwapFree:        4534008 kB
Dirty:              3212 kB
Writeback:             0 kB
AnonPages:       2337620 kB
Mapped:           761008 kB
Shmem:             34712 kB
KReclaimable:     299736 kB
Slab:             324300 kB
SReclaimable:      90280 kB
SUnreclaim:       234020 kB
KernelStack:       49904 kB
ShadowCallStack:   12500 kB
PageTables:        76708 kB
NFS_Unstable:          0 kB
Bounce:                0 kB
WritebackTmp:          0 kB
CommitLimit:     8679732 kB
Committed_AS:   80709580 kB
VmallocTotal:   263061440 kB
VmallocUsed:      129408 kB
VmallocChunk:          0 kB
Percpu:             6312 kB
CmaTotal:         405504 kB
CmaFree:            2844 kB
MemTotal:        7922296 kB
MemFree:          240844 kB
MemAvailable:    2845392 kB
Buffers:           12776 kB
Cached:          2721464 kB
SwapCached:          204 kB
Active:          1924820 kB
Inactive:        3142296 kB
Active(anon):     115496 kB
Inactive(anon):  2256604 kB
Active(file):    1809324 kB
Inactive(file):   885692 kB
Unevictable:        6024 kB
Mlocked:            5584 kB
SwapTotal:       4718584 kB
SwapFree:        4534008 kB
Dirty:              3164 kB
Writeback:             0 kB
AnonPages:       2338660 kB
Mapped:           761116 kB
Shmem:             34712 kB
KReclaimable:     299752 kB
Slab:             324276 kB
SReclaimable:      90296 kB
SUnreclaim:       233980 kB
KernelStack:       49888 kB
ShadowCallStack:   12504 kB
PageTables:        76380 kB
NFS_Unstable:          0 kB
Bounce:                0 kB
WritebackTmp:          0 kB
CommitLimit:     8679732 kB
Committed_AS:   80709576 kB
VmallocTotal:   263061440 kB
VmallocUsed:      129412 kB
VmallocChunk:          0 kB
Percpu:             6312 kB
CmaTotal:         405504 kB
CmaFree:            2844 kB
MemTotal:        7922296 kB
MemFree:          237960 kB
MemAvailable:    2842536 kB
Buffers:           12788 kB
Cached:          2721480 kB
SwapCached:          204 kB
Active:          1924820 kB
Inactive:        3143992 kB
Active(anon):     115484 kB
Inactive(anon):  2258284 kB
Active(file):    1809336 kB
Inactive(file):   885708 kB
Unevictable:        6024 kB
Mlocked:            5584 kB
SwapTotal:       4718584 kB
SwapFree:        4534008 kB
Dirty:              2752 kB
Writeback:            88 kB
AnonPages:       2340420 kB
Mapped:           761156 kB
Shmem:             34712 kB
KReclaimable:     299752 kB
Slab:             324324 kB
SReclaimable:      90296 kB
SUnreclaim:       234028 kB
KernelStack:       49856 kB
ShadowCallStack:   12476 kB
PageTables:        76548 kB
NFS_Unstable:          0 kB
Bounce:                0 kB
WritebackTmp:          0 kB
CommitLimit:     8679732 kB
Committed_AS:   80709600 kB
VmallocTotal:   263061440 kB
VmallocUsed:      129412 kB
VmallocChunk:          0 kB
Percpu:             6312 kB
CmaTotal:         405504 kB
CmaFree:            2844 kB
MemTotal:        7922296 kB
MemFree:          231536 kB
MemAvailable:    2836140 kB
Buffers:           12788 kB
Cached:          2721508 kB
SwapCached:          204 kB
Active:          1924844 kB
Inactive:        3150040 kB
Active(anon):     115504 kB
Inactive(anon):  2264308 kB
Active(file):    1809340 kB
Inactive(file):   885732 kB
Unevictable:        6024 kB
Mlocked:            5584 kB
SwapTotal:       4718584 kB
SwapFree:        4534008 kB
Dirty:              2724 kB
Writeback:             0 kB
AnonPages:       2346544 kB
Mapped:           761292 kB
Shmem:             34712 kB
KReclaimable:     299752 kB
Slab:             324272 kB
SReclaimable:      90296 kB
SUnreclaim:       233976 kB
KernelStack:       49856 kB
ShadowCallStack:   12496 kB
PageTables:        76776 kB
NFS_Unstable:          0 kB
Bounce:                0 kB
WritebackTmp:          0 kB
CommitLimit:     8679732 kB
Committed_AS:   80709628 kB
VmallocTotal:   263061440 kB
VmallocUsed:      129420 kB
VmallocChunk:          0 kB
Percpu:             6312 kB
CmaTotal:         405504 kB
CmaFree:            2844 kB
MemTotal:        7922296 kB
MemFree:          230580 kB
MemAvailable:    2835200 kB
Buffers:           12788 kB
Cached:          2721524 kB
SwapCached:          204 kB
Active:          1924856 kB
Inactive:        3152380 kB
Active(anon):     115516 kB
Inactive(anon):  2266632 kB
Active(file):    1809340 kB
Inactive(file):   885748 kB
Unevictable:        6024 kB
Mlocked:            5584 kB
SwapTotal:       4718584 kB
SwapFree:        4534008 kB
Dirty:              2756 kB
Writeback:             0 kB
AnonPages:       2348688 kB
Mapped:           761404 kB
Shmem:             34712 kB
KReclaimable:     299752 kB
Slab:             324248 kB
SReclaimable:      90296 kB
SUnreclaim:       233952 kB
KernelStack:       49936 kB
ShadowCallStack:   12492 kB
PageTables:        76884 kB
NFS_Unstable:          0 kB
Bounce:                0 kB
WritebackTmp:          0 kB
CommitLimit:     8679732 kB
Committed_AS:   80709628 kB
VmallocTotal:   263061440 kB
VmallocUsed:      129432 kB
VmallocChunk:          0 kB
Percpu:             6312 kB
CmaTotal:         405504 kB
CmaFree:            2472 kB
MemTotal:        7922296 kB
MemFree:          229408 kB
MemAvailable:    2834096 kB
Buffers:           12816 kB
Cached:          2721552 kB
SwapCached:          204 kB
Active:          1924952 kB
Inactive:        3155256 kB
Active(anon):     115572 kB
Inactive(anon):  2269496 kB
Active(file):    1809380 kB
Inactive(file):   885760 kB
Unevictable:        6024 kB
Mlocked:            5584 kB
SwapTotal:       4718584 kB
SwapFree:        4534008 kB
Dirty:              2836 kB
Writeback:             0 kB
AnonPages:       2351736 kB
Mapped:           761432 kB
Shmem:             34716 kB
KReclaimable:     299768 kB
Slab:             324204 kB
SReclaimable:      90312 kB
SUnreclaim:       233892 kB
KernelStack:       49920 kB
ShadowCallStack:   12504 kB
PageTables:        76716 kB
NFS_Unstable:          0 kB
Bounce:                0 kB
WritebackTmp:          0 kB
CommitLimit:     8679732 kB
Committed_AS:   80709636 kB
VmallocTotal:   263061440 kB
VmallocUsed:      129416 kB
VmallocChunk:          0 kB
Percpu:             6312 kB
CmaTotal:         405504 kB
CmaFree:               0 kB
MemTotal:        7922296 kB
MemFree:          213248 kB
MemAvailable:    2699224 kB
Buffers:           12808 kB
Cached:          2698812 kB
SwapCached:          204 kB
Active:          1933292 kB
Inactive:        3164880 kB
Active(anon):     122792 kB
Inactive(anon):  2302940 kB
Active(file):    1810500 kB
Inactive(file):   861940 kB
Unevictable:        6024 kB
Mlocked:            5584 kB
SwapTotal:       4718584 kB
SwapFree:        4524536 kB
Dirty:              2848 kB
Writeback:             4 kB
AnonPages:       2392700 kB
Mapped:           747168 kB
Shmem:             34724 kB
KReclaimable:     164992 kB
Slab:             324324 kB
SReclaimable:      90328 kB
SUnreclaim:       233996 kB
KernelStack:       49984 kB
ShadowCallStack:   12500 kB
PageTables:        76768 kB
NFS_Unstable:          0 kB
Bounce:                0 kB
WritebackTmp:          0 kB
CommitLimit:     8679732 kB
Committed_AS:   80710028 kB
VmallocTotal:   263061440 kB
VmallocUsed:      129520 kB
VmallocChunk:          0 kB
Percpu:             6312 kB
CmaTotal:         405504 kB
CmaFree:             508 kB
MemTotal:        7922296 kB
MemFree:          261840 kB
MemAvailable:    2836128 kB
Buffers:           12808 kB
Cached:          2696244 kB
SwapCached:          204 kB
Active:          1933960 kB
Inactive:        3115168 kB
Active(anon):     123440 kB
Inactive(anon):  2255828 kB
Active(file):    1810520 kB
Inactive(file):   859340 kB
Unevictable:        6024 kB
Mlocked:            5584 kB
SwapTotal:       4718584 kB
SwapFree:        4523512 kB
Dirty:              2904 kB
Writeback:             0 kB
AnonPages:       2345896 kB
Mapped:           746688 kB
Shmem:             34680 kB
KReclaimable:     294648 kB
Slab:             324344 kB
SReclaimable:      90312 kB
SUnreclaim:       234032 kB
KernelStack:       49872 kB
ShadowCallStack:   12504 kB
PageTables:        76468 kB
NFS_Unstable:          0 kB
Bounce:                0 kB
WritebackTmp:          0 kB
CommitLimit:     8679732 kB
Committed_AS:   80709636 kB
VmallocTotal:   263061440 kB
VmallocUsed:      129440 kB
VmallocChunk:          0 kB
Percpu:             6312 kB
CmaTotal:         405504 kB
CmaFree:            3092 kB
MemTotal:        7922296 kB
MemFree:          263948 kB
MemAvailable:    2838436 kB
Buffers:           12808 kB
Cached:          2696260 kB
SwapCached:          204 kB
Active:          1933956 kB
Inactive:        3112312 kB
Active(anon):     123428 kB
Inactive(anon):  2252972 kB
Active(file):    1810528 kB
Inactive(file):   859340 kB
Unevictable:        6024 kB
Mlocked:            5584 kB
SwapTotal:       4718584 kB
SwapFree:        4523512 kB
Dirty:              2964 kB
Writeback:             0 kB
AnonPages:       2343296 kB
Mapped:           746988 kB
Shmem:             34688 kB
KReclaimable:     294840 kB
Slab:             324428 kB
SReclaimable:      90312 kB
SUnreclaim:       234116 kB
KernelStack:       49952 kB
ShadowCallStack:   12508 kB
PageTables:        76788 kB
NFS_Unstable:          0 kB
Bounce:                0 kB
WritebackTmp:          0 kB
CommitLimit:     8679732 kB
Committed_AS:   80709652 kB
VmallocTotal:   263061440 kB
VmallocUsed:      129448 kB
VmallocChunk:          0 kB
Percpu:             6312 kB
CmaTotal:         405504 kB
CmaFree:            3548 kB
MemTotal:        7922296 kB
MemFree:          256860 kB
MemAvailable:    2831408 kB
Buffers:           12844 kB
Cached:          2696468 kB
SwapCached:          204 kB
Active:          1934004 kB
Inactive:        3119600 kB
Active(anon):     123444 kB
Inactive(anon):  2260232 kB
Active(file):    1810560 kB
Inactive(file):   859368 kB
Unevictable:        6024 kB
Mlocked:            5584 kB
SwapTotal:       4718584 kB
SwapFree:        4523512 kB
Dirty:              1056 kB
Writeback:             0 kB
AnonPages:       2350388 kB
Mapped:           746964 kB
Shmem:             34700 kB
KReclaimable:     294840 kB
Slab:             324324 kB
SReclaimable:      90312 kB
SUnreclaim:       234012 kB
KernelStack:       49904 kB
ShadowCallStack:   12500 kB
PageTables:        76696 kB
NFS_Unstable:          0 kB
Bounce:                0 kB
WritebackTmp:          0 kB
CommitLimit:     8679732 kB
Committed_AS:   80709656 kB
VmallocTotal:   263061440 kB
VmallocUsed:      129436 kB
VmallocChunk:          0 kB
Percpu:             6312 kB
CmaTotal:         405504 kB
CmaFree:            3604 kB
MemTotal:        7922296 kB
MemFree:          252900 kB
MemAvailable:    2827608 kB
Buffers:           12924 kB
Cached:          2696380 kB
SwapCached:          204 kB
Active:          1934168 kB
Inactive:        3124020 kB
Active(anon):     123428 kB
Inactive(anon):  2264672 kB
Active(file):    1810740 kB
Inactive(file):   859348 kB
Unevictable:        6024 kB
Mlocked:            5584 kB
SwapTotal:       4718584 kB
SwapFree:        4523512 kB
Dirty:              1152 kB
Writeback:             0 kB
AnonPages:       2354844 kB
Mapped:           747016 kB
Shmem:             34704 kB
KReclaimable:     294840 kB
Slab:             324324 kB
SReclaimable:      90312 kB
SUnreclaim:       234012 kB
KernelStack:       49888 kB
ShadowCallStack:   12496 kB
PageTables:        76808 kB
NFS_Unstable:          0 kB
Bounce:                0 kB
WritebackTmp:          0 kB
CommitLimit:     8679732 kB
Committed_AS:   80709668 kB
VmallocTotal:   263061440 kB
VmallocUsed:      129432 kB
VmallocChunk:          0 kB
Percpu:             6312 kB
CmaTotal:         405504 kB
CmaFree:            3728 kB
MemTotal:        7922296 kB
MemFree:          259508 kB
MemAvailable:    2837164 kB
Buffers:           12984 kB
Cached:          2698884 kB
SwapCached:          204 kB
Active:          1934240 kB
Inactive:        3117428 kB
Active(anon):     123432 kB
Inactive(anon):  2255392 kB
Active(file):    1810808 kB
Inactive(file):   862036 kB
Unevictable:        6024 kB
Mlocked:            5584 kB
SwapTotal:       4718584 kB
SwapFree:        4523512 kB
Dirty:              1216 kB
Writeback:             0 kB
AnonPages:       2345712 kB
Mapped:           748116 kB
Shmem:             34512 kB
KReclaimable:     295032 kB
Slab:             324404 kB
SReclaimable:      90312 kB
SUnreclaim:       234092 kB
KernelStack:       49936 kB
ShadowCallStack:   12508 kB
PageTables:        76784 kB
NFS_Unstable:          0 kB
Bounce:                0 kB
WritebackTmp:          0 kB
CommitLimit:     8679732 kB
Committed_AS:   80709520 kB
VmallocTotal:   263061440 kB
VmallocUsed:      129444 kB
VmallocChunk:          0 kB
Percpu:             6312 kB
CmaTotal:         405504 kB
CmaFree:            4544 kB
MemTotal:        7922296 kB
MemFree:          280204 kB
MemAvailable:    2866416 kB
Buffers:           13116 kB
Cached:          2707472 kB
SwapCached:          204 kB
Active:          1935840 kB
Inactive:        3093572 kB
Active(anon):     123760 kB
Inactive(anon):  2224220 kB
Active(file):    1812080 kB
Inactive(file):   869352 kB
Unevictable:        6024 kB
Mlocked:            5584 kB
SwapTotal:       4718584 kB
SwapFree:        4524024 kB
Dirty:              1288 kB
Writeback:             0 kB
AnonPages:       2314912 kB
Mapped:           751380 kB
Shmem:             34524 kB
KReclaimable:     295000 kB
Slab:             324356 kB
SReclaimable:      90280 kB
SUnreclaim:       234076 kB
KernelStack:       49968 kB
ShadowCallStack:   12520 kB
PageTables:        76704 kB
NFS_Unstable:          0 kB
Bounce:                0 kB
WritebackTmp:          0 kB
CommitLimit:     8679732 kB
Committed_AS:   80726292 kB
VmallocTotal:   263061440 kB
VmallocUsed:      129464 kB
VmallocChunk:          0 kB
Percpu:             6312 kB
CmaTotal:         405504 kB
CmaFree:            6008 kB
MemTotal:        7922296 kB
MemFree:          273176 kB
MemAvailable:    2857940 kB
Buffers:           13240 kB
Cached:          2705752 kB
SwapCached:          204 kB
Active:          1932652 kB
Inactive:        3105404 kB
Active(anon):     124208 kB
Inactive(anon):  2233864 kB
Active(file):    1808444 kB
Inactive(file):   871540 kB
Unevictable:        6024 kB
Mlocked:            5584 kB
SwapTotal:       4718584 kB
SwapFree:        4524536 kB
Dirty:               948 kB
Writeback:            32 kB
AnonPages:       2324984 kB
Mapped:           752072 kB
Shmem:             34496 kB
KReclaimable:     295000 kB
Slab:             324368 kB
SReclaimable:      90280 kB
SUnreclaim:       234088 kB
KernelStack:       50112 kB
ShadowCallStack:   12544 kB
PageTables:        76712 kB
NFS_Unstable:          0 kB
Bounce:                0 kB
WritebackTmp:          0 kB
CommitLimit:     8679732 kB
Committed_AS:   80726756 kB
VmallocTotal:   263061440 kB
VmallocUsed:      129692 kB
VmallocChunk:          0 kB
Percpu:             6312 kB
CmaTotal:         405504 kB
CmaFree:            6680 kB
MemTotal:        7922296 kB
MemFree:          273044 kB
MemAvailable:    2857796 kB
Buffers:           13240 kB
Cached:          2705852 kB
SwapCached:          204 kB
Active:          1932664 kB
Inactive:        3104268 kB
Active(anon):     124212 kB
Inactive(anon):  2232684 kB
Active(file):    1808452 kB
Inactive(file):   871584 kB
Unevictable:        6024 kB
Mlocked:            5584 kB
SwapTotal:       4718584 kB
SwapFree:        4524536 kB
Dirty:              1016 kB
Writeback:             0 kB
AnonPages:       2323664 kB
Mapped:           752048 kB
Shmem:             34544 kB
KReclaimable:     294936 kB
Slab:             324408 kB
SReclaimable:      90216 kB
SUnreclaim:       234192 kB
KernelStack:       50128 kB
ShadowCallStack:   12556 kB
PageTables:        76820 kB
NFS_Unstable:          0 kB
Bounce:                0 kB
WritebackTmp:          0 kB
CommitLimit:     8679732 kB
Committed_AS:   80726712 kB
VmallocTotal:   263061440 kB
VmallocUsed:      129692 kB
VmallocChunk:          0 kB
Percpu:             6312 kB
CmaTotal:         405504 kB
CmaFree:            6680 kB
MemTotal:        7922296 kB
MemFree:          215564 kB
MemAvailable:    2709416 kB
Buffers:           13248 kB
Cached:          2706792 kB
SwapCached:          208 kB
Active:          1932680 kB
Inactive:        3157676 kB
Active(anon):     124220 kB
Inactive(anon):  2285320 kB
Active(file):    1808460 kB
Inactive(file):   872356 kB
Unevictable:        6024 kB
Mlocked:            5584 kB
SwapTotal:       4718584 kB
SwapFree:        4524536 kB
Dirty:              1020 kB
Writeback:             0 kB
AnonPages:       2376188 kB
Mapped:           753672 kB
Shmem:             34712 kB
KReclaimable:     163992 kB
Slab:             324544 kB
SReclaimable:      90216 kB
SUnreclaim:       234328 kB
KernelStack:       50208 kB
ShadowCallStack:   12576 kB
PageTables:        76916 kB
NFS_Unstable:          0 kB
Bounce:                0 kB
WritebackTmp:          0 kB
CommitLimit:     8679732 kB
Committed_AS:   80727116 kB
VmallocTotal:   263061440 kB
VmallocUsed:      129764 kB
VmallocChunk:          0 kB
Percpu:             6312 kB
CmaTotal:         405504 kB
CmaFree:               0 kB
MemTotal:        7922296 kB
MemFree:          263316 kB
MemAvailable:    2848932 kB
Buffers:           13256 kB
Cached:          2706644 kB
SwapCached:          208 kB
Active:          1932692 kB
Inactive:        3108244 kB
Active(anon):     124220 kB
Inactive(anon):  2235880 kB
Active(file):    1808472 kB
Inactive(file):   872364 kB
Unevictable:        6024 kB
Mlocked:            5584 kB
SwapTotal:       4718584 kB
SwapFree:        4524536 kB
Dirty:               860 kB
Writeback:             0 kB
AnonPages:       2326932 kB
Mapped:           753060 kB
Shmem:             34552 kB
KReclaimable:     295000 kB
Slab:             324352 kB
SReclaimable:      90216 kB
SUnreclaim:       234136 kB
KernelStack:       50128 kB
ShadowCallStack:   12556 kB
PageTables:        76804 kB
NFS_Unstable:          0 kB
Bounce:                0 kB
WritebackTmp:          0 kB
CommitLimit:     8679732 kB
Committed_AS:   80726720 kB
VmallocTotal:   263061440 kB
VmallocUsed:      129696 kB
VmallocChunk:          0 kB
Percpu:             6312 kB
CmaTotal:         405504 kB
CmaFree:            6088 kB
MemTotal:        7922296 kB
MemFree:          257648 kB
MemAvailable:    2843352 kB
Buffers:           13256 kB
Cached:          2706716 kB
SwapCached:          208 kB
Active:          1932688 kB
Inactive:        3113436 kB
Active(anon):     124216 kB
Inactive(anon):  2241000 kB
Active(file):    1808472 kB
Inactive(file):   872436 kB
Unevictable:        6024 kB
Mlocked:            5584 kB
SwapTotal:       4718584 kB
SwapFree:        4524536 kB
Dirty:               896 kB
Writeback:             0 kB
AnonPages:       2332084 kB
Mapped:           753028 kB
Shmem:             34552 kB
KReclaimable:     295016 kB
Slab:             324356 kB
SReclaimable:      90232 kB
SUnreclaim:       234124 kB
KernelStack:       50080 kB
ShadowCallStack:   12572 kB
PageTables:        76644 kB
NFS_Unstable:          0 kB
Bounce:                0 kB
WritebackTmp:          0 kB
CommitLimit:     8679732 kB
Committed_AS:   80726744 kB
VmallocTotal:   263061440 kB
VmallocUsed:      129684 kB
VmallocChunk:          0 kB
Percpu:             6312 kB
CmaTotal:         405504 kB
CmaFree:            6212 kB
MemTotal:        7922296 kB
MemFree:          256904 kB
MemAvailable:    2842624 kB
Buffers:           13256 kB
Cached:          2706732 kB
SwapCached:          208 kB
Active:          1932676 kB
Inactive:        3114960 kB
Active(anon):     124204 kB
Inactive(anon):  2242508 kB
Active(file):    1808472 kB
Inactive(file):   872452 kB
Unevictable:        6024 kB
Mlocked:            5584 kB
SwapTotal:       4718584 kB
SwapFree:        4524536 kB
Dirty:               904 kB
Writeback:             0 kB
AnonPages:       2333484 kB
Mapped:           753056 kB
Shmem:             34552 kB
KReclaimable:     295016 kB
Slab:             324368 kB
SReclaimable:      90232 kB
SUnreclaim:       234136 kB
KernelStack:       49984 kB
ShadowCallStack:   12532 kB
PageTables:        76668 kB
NFS_Unstable:          0 kB
Bounce:                0 kB
WritebackTmp:          0 kB
CommitLimit:     8679732 kB
Committed_AS:   80726512 kB
VmallocTotal:   263061440 kB
VmallocUsed:      129560 kB
VmallocChunk:          0 kB
Percpu:             6312 kB
CmaTotal:         405504 kB
CmaFree:            6220 kB
MemTotal:        7922296 kB
MemFree:          255520 kB
MemAvailable:    2841340 kB
Buffers:           13260 kB
Cached:          2706828 kB
SwapCached:          208 kB
Active:          1932696 kB
Inactive:        3115820 kB
Active(anon):     124204 kB
Inactive(anon):  2243288 kB
Active(file):    1808492 kB
Inactive(file):   872532 kB
Unevictable:        6024 kB
Mlocked:            5584 kB
SwapTotal:       4718584 kB
SwapFree:        4524536 kB
Dirty:               784 kB
Writeback:             0 kB
AnonPages:       2334176 kB
Mapped:           753060 kB
Shmem:             34552 kB
KReclaimable:     295016 kB
Slab:             324376 kB
SReclaimable:      90232 kB
SUnreclaim:       234144 kB
KernelStack:       49968 kB
ShadowCallStack:   12500 kB
PageTables:        76876 kB
NFS_Unstable:          0 kB
Bounce:                0 kB
WritebackTmp:          0 kB
CommitLimit:     8679732 kB
Committed_AS:   80726512 kB
VmallocTotal:   263061440 kB
VmallocUsed:      129536 kB
VmallocChunk:          0 kB
Percpu:             6312 kB
CmaTotal:         405504 kB
CmaFree:            6220 kB
MemTotal:        7922296 kB
MemFree:          253960 kB
MemAvailable:    2839820 kB
Buffers:           13268 kB
Cached:          2706844 kB
SwapCached:          208 kB
Active:          1932716 kB
Inactive:        3117020 kB
Active(anon):     124216 kB
Inactive(anon):  2244472 kB
Active(file):    1808500 kB
Inactive(file):   872548 kB
Unevictable:        6024 kB
Mlocked:            5584 kB
SwapTotal:       4718584 kB
SwapFree:        4524536 kB
Dirty:               824 kB
Writeback:             0 kB
AnonPages:       2335532 kB
Mapped:           753032 kB
Shmem:             34552 kB
KReclaimable:     295032 kB
Slab:             324420 kB
SReclaimable:      90248 kB
SUnreclaim:       234172 kB
KernelStack:       50000 kB
ShadowCallStack:   12524 kB
PageTables:        76816 kB
NFS_Unstable:          0 kB
Bounce:                0 kB
WritebackTmp:          0 kB
CommitLimit:     8679732 kB
Committed_AS:   80726512 kB
VmallocTotal:   263061440 kB
VmallocUsed:      129552 kB
VmallocChunk:          0 kB
Percpu:             6312 kB
CmaTotal:         405504 kB
CmaFree:            6220 kB
MemTotal:        7922296 kB
MemFree:          275288 kB
MemAvailable:    2861188 kB
Buffers:           13284 kB
Cached:          2706852 kB
SwapCached:          208 kB
Active:          1932728 kB
Inactive:        3095620 kB
Active(anon):     124212 kB
Inactive(anon):  2223064 kB
Active(file):    1808516 kB
Inactive(file):   872556 kB
Unevictable:        6024 kB
Mlocked:            5584 kB
SwapTotal:       4718584 kB
SwapFree:        4524536 kB
Dirty:               916 kB
Writeback:             0 kB
AnonPages:       2314108 kB
Mapped:           753144 kB
Shmem:             34552 kB
KReclaimable:     295048 kB
Slab:             324380 kB
SReclaimable:      90264 kB
SUnreclaim:       234116 kB
KernelStack:       49968 kB
ShadowCallStack:   12512 kB
PageTables:        76756 kB
NFS_Unstable:          0 kB
Bounce:                0 kB
WritebackTmp:          0 kB
CommitLimit:     8679732 kB
Committed_AS:   80726512 kB
VmallocTotal:   263061440 kB
VmallocUsed:      129548 kB
VmallocChunk:          0 kB
Percpu:             6312 kB
CmaTotal:         405504 kB
CmaFree:            7056 kB
MemTotal:        7922296 kB
MemFree:          273476 kB
MemAvailable:    2859892 kB
Buffers:           13292 kB
Cached:          2706848 kB
SwapCached:          208 kB
Active:          1932740 kB
Inactive:        3097500 kB
Active(anon):     124216 kB
Inactive(anon):  2224948 kB
Active(file):    1808524 kB
Inactive(file):   872552 kB
Unevictable:        6024 kB
Mlocked:            5584 kB
SwapTotal:       4718584 kB
SwapFree:        4524536 kB
Dirty:               972 kB
Writeback:             0 kB
AnonPages:       2315752 kB
Mapped:           753152 kB
Shmem:             34552 kB
KReclaimable:     295560 kB
Slab:             324812 kB
SReclaimable:      90776 kB
SUnreclaim:       234036 kB
KernelStack:       50000 kB
ShadowCallStack:   12512 kB
PageTables:        76836 kB
NFS_Unstable:          0 kB
Bounce:                0 kB
WritebackTmp:          0 kB
CommitLimit:     8679732 kB
Committed_AS:   80726460 kB
VmallocTotal:   263061440 kB
VmallocUsed:      129532 kB
VmallocChunk:          0 kB
Percpu:             6312 kB
CmaTotal:         405504 kB
CmaFree:            6848 kB
MemTotal:        7922296 kB
MemFree:          268876 kB
MemAvailable:    2855924 kB
Buffers:           13292 kB
Cached:          2707348 kB
SwapCached:          208 kB
Active:          1933204 kB
Inactive:        3101648 kB
Active(anon):     124220 kB
Inactive(anon):  2229056 kB
Active(file):    1808984 kB
Inactive(file):   872592 kB
Unevictable:        6024 kB
Mlocked:            5584 kB
SwapTotal:       4718584 kB
SwapFree:        4524536 kB
Dirty:              1048 kB
Writeback:             0 kB
AnonPages:       2320008 kB
Mapped:           753004 kB
Shmem:             34552 kB
KReclaimable:     295692 kB
Slab:             324920 kB
SReclaimable:      90908 kB
SUnreclaim:       234012 kB
KernelStack:       50000 kB
ShadowCallStack:   12500 kB
PageTables:        76992 kB
NFS_Unstable:          0 kB
Bounce:                0 kB
WritebackTmp:          0 kB
CommitLimit:     8679732 kB
Committed_AS:   80726460 kB
VmallocTotal:   263061440 kB
VmallocUsed:      129496 kB
VmallocChunk:          0 kB
Percpu:             6312 kB
CmaTotal:         405504 kB
CmaFree:            6848 kB
MemTotal:        7922296 kB
MemFree:          268548 kB
MemAvailable:    2855712 kB
Buffers:           13300 kB
Cached:          2707360 kB
SwapCached:          208 kB
Active:          1933212 kB
Inactive:        3101928 kB
Active(anon):     124216 kB
Inactive(anon):  2229328 kB
Active(file):    1808996 kB
Inactive(file):   872600 kB
Unevictable:        6024 kB
Mlocked:            5584 kB
SwapTotal:       4718584 kB
SwapFree:        4524536 kB
Dirty:              1072 kB
Writeback:             0 kB
AnonPages:       2320376 kB
Mapped:           752908 kB
Shmem:             34552 kB
KReclaimable:     295788 kB
Slab:             325152 kB
SReclaimable:      91004 kB
SUnreclaim:       234148 kB
KernelStack:       49936 kB
ShadowCallStack:   12508 kB
PageTables:        76820 kB
NFS_Unstable:          0 kB
Bounce:                0 kB
WritebackTmp:          0 kB
CommitLimit:     8679732 kB
Committed_AS:   80726356 kB
VmallocTotal:   263061440 kB
VmallocUsed:      129468 kB
VmallocChunk:          0 kB
Percpu:             6312 kB
CmaTotal:         405504 kB
CmaFree:            6848 kB
MemTotal:        7922296 kB
MemFree:          266692 kB
MemAvailable:    2854156 kB
Buffers:           13308 kB
Cached:          2707636 kB
SwapCached:          208 kB
Active:          1933504 kB
Inactive:        3102860 kB
Active(anon):     124228 kB
Inactive(anon):  2230256 kB
Active(file):    1809276 kB
Inactive(file):   872604 kB
Unevictable:        6024 kB
Mlocked:            5584 kB
SwapTotal:       4718584 kB
SwapFree:        4524536 kB
Dirty:              1120 kB
Writeback:             0 kB
AnonPages:       2321368 kB
Mapped:           753012 kB
Shmem:             34552 kB
KReclaimable:     295804 kB
Slab:             325188 kB
SReclaimable:      91020 kB
SUnreclaim:       234168 kB
KernelStack:       49872 kB
ShadowCallStack:   12492 kB
PageTables:        76680 kB
NFS_Unstable:          0 kB
Bounce:                0 kB
WritebackTmp:          0 kB
CommitLimit:     8679732 kB
Committed_AS:   80726360 kB
VmallocTotal:   263061440 kB
VmallocUsed:      129456 kB
VmallocChunk:          0 kB
Percpu:             6312 kB
CmaTotal:         405504 kB
CmaFree:            6848 kB
MemTotal:        7922296 kB
MemFree:          265272 kB
MemAvailable:    2852804 kB
Buffers:           13332 kB
Cached:          2707648 kB
SwapCached:          208 kB
Active:          1933516 kB
Inactive:        3104232 kB
Active(anon):     124212 kB
Inactive(anon):  2231620 kB
Active(file):    1809304 kB
Inactive(file):   872612 kB
Unevictable:        6024 kB
Mlocked:            5584 kB
SwapTotal:       4718584 kB
SwapFree:        4524536 kB
Dirty:                68 kB
Writeback:             0 kB
AnonPages:       2322628 kB
Mapped:           753004 kB
Shmem:             34552 kB
KReclaimable:     295836 kB
Slab:             325268 kB
SReclaimable:      91052 kB
SUnreclaim:       234216 kB
KernelStack:       49936 kB
ShadowCallStack:   12508 kB
PageTables:        76840 kB
NFS_Unstable:          0 kB
Bounce:                0 kB
WritebackTmp:          0 kB
CommitLimit:     8679732 kB
Committed_AS:   80726356 kB
VmallocTotal:   263061440 kB
VmallocUsed:      129456 kB
VmallocChunk:          0 kB
Percpu:             6312 kB
CmaTotal:         405504 kB
CmaFree:            6848 kB
MemTotal:        7922296 kB
MemFree:          262704 kB
MemAvailable:    2850308 kB
Buffers:           13348 kB
Cached:          2707656 kB
SwapCached:          208 kB
Active:          1933532 kB
Inactive:        3107800 kB
Active(anon):     124216 kB
Inactive(anon):  2235176 kB
Active(file):    1809316 kB
Inactive(file):   872624 kB
Unevictable:        6024 kB
Mlocked:            5584 kB
SwapTotal:       4718584 kB
SwapFree:        4524536 kB
Dirty:               224 kB
Writeback:             0 kB
AnonPages:       2326240 kB
Mapped:           753036 kB
Shmem:             34552 kB
KReclaimable:     295884 kB
Slab:             325168 kB
SReclaimable:      91100 kB
SUnreclaim:       234068 kB
KernelStack:       49920 kB
ShadowCallStack:   12504 kB
PageTables:        76796 kB
NFS_Unstable:          0 kB
Bounce:                0 kB
WritebackTmp:          0 kB
CommitLimit:     8679732 kB
Committed_AS:   80726304 kB
VmallocTotal:   263061440 kB
VmallocUsed:      129436 kB
VmallocChunk:          0 kB
Percpu:             6312 kB
CmaTotal:         405504 kB
CmaFree:            6848 kB
MemTotal:        7922296 kB
MemFree:          262312 kB
MemAvailable:    2849904 kB
Buffers:           13348 kB
Cached:          2707676 kB
SwapCached:          208 kB
Active:          1933520 kB
Inactive:        3108012 kB
Active(anon):     124204 kB
Inactive(anon):  2235368 kB
Active(file):    1809316 kB
Inactive(file):   872644 kB
Unevictable:        6024 kB
Mlocked:            5584 kB
SwapTotal:       4718584 kB
SwapFree:        4524536 kB
Dirty:               228 kB
Writeback:             0 kB
AnonPages:       2326484 kB
Mapped:           753008 kB
Shmem:             34552 kB
KReclaimable:     295852 kB
Slab:             325076 kB
SReclaimable:      91068 kB
SUnreclaim:       234008 kB
KernelStack:       49872 kB
ShadowCallStack:   12492 kB
PageTables:        76704 kB
NFS_Unstable:          0 kB
Bounce:                0 kB
WritebackTmp:          0 kB
CommitLimit:     8679732 kB
Committed_AS:   80726304 kB
VmallocTotal:   263061440 kB
VmallocUsed:      129432 kB
VmallocChunk:          0 kB
Percpu:             6312 kB
CmaTotal:         405504 kB
CmaFree:            6848 kB
MemTotal:        7922296 kB
MemFree:          260704 kB
MemAvailable:    2844384 kB
Buffers:           13340 kB
Cached:          2705472 kB
SwapCached:          208 kB
Active:          1929404 kB
Inactive:        3114324 kB
Active(anon):     125168 kB
Inactive(anon):  2238972 kB
Active(file):    1804236 kB
Inactive(file):   875352 kB
Unevictable:        6024 kB
Mlocked:            5584 kB
SwapTotal:       4718584 kB
SwapFree:        4523768 kB
Dirty:               268 kB
Writeback:             0 kB
AnonPages:       2331000 kB
Mapped:           752568 kB
Shmem:             34712 kB
KReclaimable:     294312 kB
Slab:             324436 kB
SReclaimable:      90300 kB
SUnreclaim:       234136 kB
KernelStack:       49888 kB
ShadowCallStack:   12492 kB
PageTables:        76796 kB
NFS_Unstable:          0 kB
Bounce:                0 kB
WritebackTmp:          0 kB
CommitLimit:     8679732 kB
Committed_AS:   80726200 kB
VmallocTotal:   263061440 kB
VmallocUsed:      129424 kB
VmallocChunk:          0 kB
Percpu:             6312 kB
CmaTotal:         405504 kB
CmaFree:            7104 kB
MemTotal:        7922296 kB
MemFree:          266248 kB
MemAvailable:    2850152 kB
Buffers:           13348 kB
Cached:          2705316 kB
SwapCached:          208 kB
Active:          1929432 kB
Inactive:        3110204 kB
Active(anon):     125184 kB
Inactive(anon):  2234852 kB
Active(file):    1804248 kB
Inactive(file):   875352 kB
Unevictable:        6024 kB
Mlocked:            5584 kB
SwapTotal:       4718584 kB
SwapFree:        4523768 kB
Dirty:               292 kB
Writeback:             0 kB
AnonPages:       2326820 kB
Mapped:           752608 kB
Shmem:             34552 kB
KReclaimable:     294524 kB
Slab:             324348 kB
SReclaimable:      90300 kB
SUnreclaim:       234048 kB
KernelStack:       49680 kB
ShadowCallStack:   12432 kB
PageTables:        77004 kB
NFS_Unstable:          0 kB
Bounce:                0 kB
WritebackTmp:          0 kB
CommitLimit:     8679732 kB
Committed_AS:   80726200 kB
VmallocTotal:   263061440 kB
VmallocUsed:      129112 kB
VmallocChunk:          0 kB
Percpu:             6312 kB
CmaTotal:         405504 kB
CmaFree:            7188 kB
MemTotal:        7922296 kB
MemFree:          265672 kB
MemAvailable:    2849592 kB
Buffers:           13348 kB
Cached:          2705332 kB
SwapCached:          208 kB
Active:          1929432 kB
Inactive:        3110032 kB
Active(anon):     125184 kB
Inactive(anon):  2234664 kB
Active(file):    1804248 kB
Inactive(file):   875368 kB
Unevictable:        6024 kB
Mlocked:            5584 kB
SwapTotal:       4718584 kB
SwapFree:        4523768 kB
Dirty:               308 kB
Writeback:             0 kB
AnonPages:       2326576 kB
Mapped:           752632 kB
Shmem:             34552 kB
KReclaimable:     294524 kB
Slab:             324356 kB
SReclaimable:      90300 kB
SUnreclaim:       234056 kB
KernelStack:       49616 kB
ShadowCallStack:   12428 kB
PageTables:        76652 kB
NFS_Unstable:          0 kB
Bounce:                0 kB
WritebackTmp:          0 kB
CommitLimit:     8679732 kB
Committed_AS:   80726200 kB
VmallocTotal:   263061440 kB
VmallocUsed:      129112 kB
VmallocChunk:          0 kB
Percpu:             6312 kB
CmaTotal:         405504 kB
CmaFree:            7188 kB
MemTotal:        7922296 kB
MemFree:          264916 kB
MemAvailable:    2848856 kB
Buffers:           13356 kB
Cached:          2705344 kB
SwapCached:          208 kB
Active:          1929440 kB
Inactive:        3111404 kB
Active(anon):     125180 kB
Inactive(anon):  2236028 kB
Active(file):    1804260 kB
Inactive(file):   875376 kB
Unevictable:        6024 kB
Mlocked:            5584 kB
SwapTotal:       4718584 kB
SwapFree:        4523768 kB
Dirty:               320 kB
Writeback:             0 kB
AnonPages:       2327980 kB
Mapped:           752516 kB
Shmem:             34552 kB
KReclaimable:     294524 kB
Slab:             324328 kB
SReclaimable:      90300 kB
SUnreclaim:       234028 kB
KernelStack:       49664 kB
ShadowCallStack:   12440 kB
PageTables:        76836 kB
NFS_Unstable:          0 kB
Bounce:                0 kB
WritebackTmp:          0 kB
CommitLimit:     8679732 kB
Committed_AS:   80726200 kB
VmallocTotal:   263061440 kB
VmallocUsed:      129116 kB
VmallocChunk:          0 kB
Percpu:             6312 kB
CmaTotal:         405504 kB
CmaFree:            7188 kB
MemTotal:        7922296 kB
MemFree:          260400 kB
MemAvailable:    2844280 kB
Buffers:           13380 kB
Cached:          2705356 kB
SwapCached:          208 kB
Active:          1929476 kB
Inactive:        3115492 kB
Active(anon):     125188 kB
Inactive(anon):  2240108 kB
Active(file):    1804288 kB
Inactive(file):   875384 kB
Unevictable:        6024 kB
Mlocked:            5584 kB
SwapTotal:       4718584 kB
SwapFree:        4523768 kB
Dirty:               384 kB
Writeback:             0 kB
AnonPages:       2332096 kB
Mapped:           752532 kB
Shmem:             34552 kB
KReclaimable:     294428 kB
Slab:             324264 kB
SReclaimable:      90204 kB
SUnreclaim:       234060 kB
KernelStack:       49680 kB
ShadowCallStack:   12440 kB
PageTables:        76852 kB
NFS_Unstable:          0 kB
Bounce:                0 kB
WritebackTmp:          0 kB
CommitLimit:     8679732 kB
Committed_AS:   80726204 kB
VmallocTotal:   263061440 kB
VmallocUsed:      129128 kB
VmallocChunk:          0 kB
Percpu:             6312 kB
CmaTotal:         405504 kB
CmaFree:            7188 kB
MemTotal:        7922296 kB
MemFree:          255744 kB
MemAvailable:    2841172 kB
Buffers:           13380 kB
Cached:          2706908 kB
SwapCached:          208 kB
Active:          1929472 kB
Inactive:        3119128 kB
Active(anon):     125184 kB
Inactive(anon):  2242196 kB
Active(file):    1804288 kB
Inactive(file):   876932 kB
Unevictable:        6024 kB
Mlocked:            5584 kB
SwapTotal:       4718584 kB
SwapFree:        4523768 kB
Dirty:               132 kB
Writeback:             0 kB
AnonPages:       2334176 kB
Mapped:           753280 kB
Shmem:             34556 kB
KReclaimable:     294428 kB
Slab:             324256 kB
SReclaimable:      90204 kB
SUnreclaim:       234052 kB
KernelStack:       49648 kB
ShadowCallStack:   12436 kB
PageTables:        76820 kB
NFS_Unstable:          0 kB
Bounce:                0 kB
WritebackTmp:          0 kB
CommitLimit:     8679732 kB
Committed_AS:   80726156 kB
VmallocTotal:   263061440 kB
VmallocUsed:      129108 kB
VmallocChunk:          0 kB
Percpu:             6312 kB
CmaTotal:         405504 kB
CmaFree:            7188 kB
MemTotal:        7922296 kB
MemFree:          257100 kB
MemAvailable:    2842552 kB
Buffers:           13388 kB
Cached:          2706924 kB
SwapCached:          208 kB
Active:          1929480 kB
Inactive:        3118404 kB
Active(anon):     125184 kB
Inactive(anon):  2241456 kB
Active(file):    1804296 kB
Inactive(file):   876948 kB
Unevictable:        6024 kB
Mlocked:            5584 kB
SwapTotal:       4718584 kB
SwapFree:        4523768 kB
Dirty:               212 kB
Writeback:             0 kB
AnonPages:       2333532 kB
Mapped:           753324 kB
Shmem:             34556 kB
KReclaimable:     294428 kB
Slab:             324336 kB
SReclaimable:      90204 kB
SUnreclaim:       234132 kB
KernelStack:       49696 kB
ShadowCallStack:   12428 kB
PageTables:        76908 kB
NFS_Unstable:          0 kB
Bounce:                0 kB
WritebackTmp:          0 kB
CommitLimit:     8679732 kB
Committed_AS:   80726156 kB
VmallocTotal:   263061440 kB
VmallocUsed:      129112 kB
VmallocChunk:          0 kB
Percpu:             6312 kB
CmaTotal:         405504 kB
CmaFree:            7168 kB
MemTotal:        7922296 kB
MemFree:          249568 kB
MemAvailable:    2835132 kB
Buffers:           13388 kB
Cached:          2707484 kB
SwapCached:          208 kB
Active:          1929492 kB
Inactive:        3122616 kB
Active(anon):     125188 kB
Inactive(anon):  2245116 kB
Active(file):    1804304 kB
Inactive(file):   877500 kB
Unevictable:        6024 kB
Mlocked:            5584 kB
SwapTotal:       4718584 kB
SwapFree:        4523768 kB
Dirty:               296 kB
Writeback:             0 kB
AnonPages:       2337076 kB
Mapped:           755392 kB
Shmem:             34556 kB
KReclaimable:     293980 kB
Slab:             324456 kB
SReclaimable:      90204 kB
SUnreclaim:       234252 kB
KernelStack:       49648 kB
ShadowCallStack:   12436 kB
PageTables:        76836 kB
NFS_Unstable:          0 kB
Bounce:                0 kB
WritebackTmp:          0 kB
CommitLimit:     8679732 kB
Committed_AS:   80726196 kB
VmallocTotal:   263061440 kB
VmallocUsed:      129100 kB
VmallocChunk:          0 kB
Percpu:             6312 kB
CmaTotal:         405504 kB
CmaFree:            5512 kB
MemTotal:        7922296 kB
MemFree:          249216 kB
MemAvailable:    2834796 kB
Buffers:           13388 kB
Cached:          2707500 kB
SwapCached:          208 kB
Active:          1929492 kB
Inactive:        3122128 kB
Active(anon):     125188 kB
Inactive(anon):  2244612 kB
Active(file):    1804304 kB
Inactive(file):   877516 kB
Unevictable:        6024 kB
Mlocked:            5584 kB
SwapTotal:       4718584 kB
SwapFree:        4523768 kB
Dirty:               316 kB
Writeback:             0 kB
AnonPages:       2336556 kB
Mapped:           756012 kB
Shmem:             34556 kB
KReclaimable:     293980 kB
Slab:             324384 kB
SReclaimable:      90204 kB
SUnreclaim:       234180 kB
KernelStack:       49664 kB
ShadowCallStack:   12440 kB
PageTables:        76840 kB
NFS_Unstable:          0 kB
Bounce:                0 kB
WritebackTmp:          0 kB
CommitLimit:     8679732 kB
Committed_AS:   80728252 kB
VmallocTotal:   263061440 kB
VmallocUsed:      129112 kB
VmallocChunk:          0 kB
Percpu:             6312 kB
CmaTotal:         405504 kB
CmaFree:            5132 kB
MemTotal:        7922296 kB
MemFree:          244708 kB
MemAvailable:    2830484 kB
Buffers:           13412 kB
Cached:          2707680 kB
SwapCached:          208 kB
Active:          1929516 kB
Inactive:        3128252 kB
Active(anon):     125188 kB
Inactive(anon):  2250564 kB
Active(file):    1804328 kB
Inactive(file):   877688 kB
Unevictable:        6024 kB
Mlocked:            5584 kB
SwapTotal:       4718584 kB
SwapFree:        4523768 kB
Dirty:              1012 kB
Writeback:             0 kB
AnonPages:       2342352 kB
Mapped:           756252 kB
Shmem:             34564 kB
KReclaimable:     293980 kB
Slab:             324376 kB
SReclaimable:      90204 kB
SUnreclaim:       234172 kB
KernelStack:       49632 kB
ShadowCallStack:   12428 kB
PageTables:        76736 kB
NFS_Unstable:          0 kB
Bounce:                0 kB
WritebackTmp:          0 kB
CommitLimit:     8679732 kB
Committed_AS:   80728208 kB
VmallocTotal:   263061440 kB
VmallocUsed:      129112 kB
VmallocChunk:          0 kB
Percpu:             6312 kB
CmaTotal:         405504 kB
CmaFree:             964 kB
MemTotal:        7922296 kB
MemFree:          213464 kB
MemAvailable:    2692828 kB
Buffers:           13436 kB
Cached:          2694260 kB
SwapCached:          208 kB
Active:          1936872 kB
Inactive:        3154204 kB
Active(anon):     130308 kB
Inactive(anon):  2292244 kB
Active(file):    1806564 kB
Inactive(file):   861960 kB
Unevictable:        6024 kB
Mlocked:            5584 kB
SwapTotal:       4718584 kB
SwapFree:        4517880 kB
Dirty:                96 kB
Writeback:             0 kB
AnonPages:       2389264 kB
Mapped:           743732 kB
Shmem:             34660 kB
KReclaimable:     159596 kB
Slab:             324516 kB
SReclaimable:      90156 kB
SUnreclaim:       234360 kB
KernelStack:       49712 kB
ShadowCallStack:   12452 kB
PageTables:        76916 kB
NFS_Unstable:          0 kB
Bounce:                0 kB
WritebackTmp:          0 kB
CommitLimit:     8679732 kB
Committed_AS:   80728556 kB
VmallocTotal:   263061440 kB
VmallocUsed:      129156 kB
VmallocChunk:          0 kB
Percpu:             6312 kB
CmaTotal:         405504 kB
CmaFree:               0 kB
MemTotal:        7922296 kB
MemFree:          260192 kB
MemAvailable:    2829100 kB
Buffers:           13444 kB
Cached:          2694184 kB
SwapCached:          208 kB
Active:          1936880 kB
Inactive:        3106116 kB
Active(anon):     130308 kB
Inactive(anon):  2244148 kB
Active(file):    1806572 kB
Inactive(file):   861968 kB
Unevictable:        6024 kB
Mlocked:            5584 kB
SwapTotal:       4718584 kB
SwapFree:        4517880 kB
Dirty:               220 kB
Writeback:             0 kB
AnonPages:       2341244 kB
Mapped:           743124 kB
Shmem:             34576 kB
KReclaimable:     290588 kB
Slab:             324380 kB
SReclaimable:      90156 kB
SUnreclaim:       234224 kB
KernelStack:       49632 kB
ShadowCallStack:   12432 kB
PageTables:        76856 kB
NFS_Unstable:          0 kB
Bounce:                0 kB
WritebackTmp:          0 kB
CommitLimit:     8679732 kB
Committed_AS:   80728168 kB
VmallocTotal:   263061440 kB
VmallocUsed:      129072 kB
VmallocChunk:          0 kB
Percpu:             6312 kB
CmaTotal:         405504 kB
CmaFree:             352 kB
MemTotal:        7922296 kB
MemFree:          259472 kB
MemAvailable:    2828508 kB
Buffers:           13452 kB
Cached:          2694192 kB
SwapCached:          208 kB
Active:          1936888 kB
Inactive:        3106500 kB
Active(anon):     130308 kB
Inactive(anon):  2244524 kB
Active(file):    1806580 kB
Inactive(file):   861976 kB
Unevictable:        6024 kB
Mlocked:            5584 kB
SwapTotal:       4718584 kB
SwapFree:        4517880 kB
Dirty:               356 kB
Writeback:             0 kB
AnonPages:       2341612 kB
Mapped:           743132 kB
Shmem:             34576 kB
KReclaimable:     290700 kB
Slab:             324388 kB
SReclaimable:      90268 kB
SUnreclaim:       234120 kB
KernelStack:       49616 kB
ShadowCallStack:   12428 kB
PageTables:        76804 kB
NFS_Unstable:          0 kB
Bounce:                0 kB
WritebackTmp:          0 kB
CommitLimit:     8679732 kB
Committed_AS:   80728168 kB
VmallocTotal:   263061440 kB
VmallocUsed:      129072 kB
VmallocChunk:          0 kB
Percpu:             6312 kB
CmaTotal:         405504 kB
CmaFree:             352 kB
MemTotal:        7922296 kB
MemFree:          259688 kB
MemAvailable:    2828780 kB
Buffers:           13452 kB
Cached:          2694200 kB
SwapCached:          208 kB
Active:          1936884 kB
Inactive:        3106748 kB
Active(anon):     130304 kB
Inactive(anon):  2244764 kB
Active(file):    1806580 kB
Inactive(file):   861984 kB
Unevictable:        6024 kB
Mlocked:            5584 kB
SwapTotal:       4718584 kB
SwapFree:        4517880 kB
Dirty:               364 kB
Writeback:             0 kB
AnonPages:       2342000 kB
Mapped:           743240 kB
Shmem:             34576 kB
KReclaimable:     290748 kB
Slab:             324456 kB
SReclaimable:      90316 kB
SUnreclaim:       234140 kB
KernelStack:       49552 kB
ShadowCallStack:   12412 kB
PageTables:        76772 kB
NFS_Unstable:          0 kB
Bounce:                0 kB
WritebackTmp:          0 kB
CommitLimit:     8679732 kB
Committed_AS:   80727908 kB
VmallocTotal:   263061440 kB
VmallocUsed:      129008 kB
VmallocChunk:          0 kB
Percpu:             6312 kB
CmaTotal:         405504 kB
CmaFree:             352 kB
MemTotal:        7922296 kB
MemFree:          260380 kB
MemAvailable:    2829488 kB
Buffers:           13452 kB
Cached:          2694216 kB
SwapCached:          208 kB
Active:          1936888 kB
Inactive:        3106484 kB
Active(anon):     130308 kB
Inactive(anon):  2244484 kB
Active(file):    1806580 kB
Inactive(file):   862000 kB
Unevictable:        6024 kB
Mlocked:            5584 kB
SwapTotal:       4718584 kB
SwapFree:        4517880 kB
Dirty:               392 kB
Writeback:             0 kB
AnonPages:       2341600 kB
Mapped:           743140 kB
Shmem:             34576 kB
KReclaimable:     290748 kB
Slab:             324536 kB
SReclaimable:      90316 kB
SUnreclaim:       234220 kB
KernelStack:       49536 kB
ShadowCallStack:   12408 kB
PageTables:        76808 kB
NFS_Unstable:          0 kB
Bounce:                0 kB
WritebackTmp:          0 kB
CommitLimit:     8679732 kB
Committed_AS:   80727880 kB
VmallocTotal:   263061440 kB
VmallocUsed:      128968 kB
VmallocChunk:          0 kB
Percpu:             6312 kB
CmaTotal:         405504 kB
CmaFree:             352 kB
MemTotal:        7922296 kB
MemFree:          271540 kB
MemAvailable:    2840748 kB
Buffers:           13476 kB
Cached:          2694324 kB
SwapCached:          208 kB
Active:          1937004 kB
Inactive:        3094892 kB
Active(anon):     130304 kB
Inactive(anon):  2232880 kB
Active(file):    1806700 kB
Inactive(file):   862012 kB
Unevictable:        6024 kB
Mlocked:            5584 kB
SwapTotal:       4718584 kB
SwapFree:        4517880 kB
Dirty:               456 kB
Writeback:             0 kB
AnonPages:       2329936 kB
Mapped:           743332 kB
Shmem:             34576 kB
KReclaimable:     290716 kB
Slab:             324452 kB
SReclaimable:      90284 kB
SUnreclaim:       234168 kB
KernelStack:       49552 kB
ShadowCallStack:   12412 kB
PageTables:        76824 kB
NFS_Unstable:          0 kB
Bounce:                0 kB
WritebackTmp:          0 kB
CommitLimit:     8679732 kB
Committed_AS:   80727964 kB
VmallocTotal:   263061440 kB
VmallocUsed:      128992 kB
VmallocChunk:          0 kB
Percpu:             6312 kB
CmaTotal:         405504 kB
CmaFree:            2516 kB
MemTotal:        7922296 kB
MemFree:          269980 kB
MemAvailable:    2839588 kB
Buffers:           13476 kB
Cached:          2694724 kB
SwapCached:          208 kB
Active:          1937008 kB
Inactive:        3095736 kB
Active(anon):     130308 kB
Inactive(anon):  2233324 kB
Active(file):    1806700 kB
Inactive(file):   862412 kB
Unevictable:        6024 kB
Mlocked:            5584 kB
SwapTotal:       4718584 kB
SwapFree:        4517880 kB
Dirty:               160 kB
Writeback:            20 kB
AnonPages:       2330316 kB
Mapped:           743476 kB
Shmem:             34576 kB
KReclaimable:     290716 kB
Slab:             324448 kB
SReclaimable:      90284 kB
SUnreclaim:       234164 kB
KernelStack:       49536 kB
ShadowCallStack:   12420 kB
PageTables:        76736 kB
NFS_Unstable:          0 kB
Bounce:                0 kB
WritebackTmp:          0 kB
CommitLimit:     8679732 kB
Committed_AS:   80727960 kB
VmallocTotal:   263061440 kB
VmallocUsed:      128976 kB
VmallocChunk:          0 kB
Percpu:             6312 kB
CmaTotal:         405504 kB
CmaFree:            2516 kB
MemTotal:        7922296 kB
MemFree:          268824 kB
MemAvailable:    2838452 kB
Buffers:           13484 kB
Cached:          2694736 kB
SwapCached:          208 kB
Active:          1937024 kB
Inactive:        3095748 kB
Active(anon):     130316 kB
Inactive(anon):  2233324 kB
Active(file):    1806708 kB
Inactive(file):   862424 kB
Unevictable:        6024 kB
Mlocked:            5584 kB
SwapTotal:       4718584 kB
SwapFree:        4517880 kB
Dirty:               304 kB
Writeback:             0 kB
AnonPages:       2330244 kB
Mapped:           743548 kB
Shmem:             34576 kB
KReclaimable:     290716 kB
Slab:             324412 kB
SReclaimable:      90284 kB
SUnreclaim:       234128 kB
KernelStack:       49568 kB
ShadowCallStack:   12412 kB
PageTables:        76764 kB
NFS_Unstable:          0 kB
Bounce:                0 kB
WritebackTmp:          0 kB
CommitLimit:     8679732 kB
Committed_AS:   80727960 kB
VmallocTotal:   263061440 kB
VmallocUsed:      129016 kB
VmallocChunk:          0 kB
Percpu:             6312 kB
CmaTotal:         405504 kB
CmaFree:            2516 kB
MemTotal:        7922296 kB
MemFree:          287844 kB
MemAvailable:    2857484 kB
Buffers:           13484 kB
Cached:          2694748 kB
SwapCached:          208 kB
Active:          1937016 kB
Inactive:        3077256 kB
Active(anon):     130308 kB
Inactive(anon):  2214820 kB
Active(file):    1806708 kB
Inactive(file):   862436 kB
Unevictable:        6024 kB
Mlocked:            5584 kB
SwapTotal:       4718584 kB
SwapFree:        4517880 kB
Dirty:               320 kB
Writeback:             0 kB
AnonPages:       2311900 kB
Mapped:           743548 kB
Shmem:             34576 kB
KReclaimable:     290716 kB
Slab:             324472 kB
SReclaimable:      90284 kB
SUnreclaim:       234188 kB
KernelStack:       49472 kB
ShadowCallStack:   12380 kB
PageTables:        76704 kB
NFS_Unstable:          0 kB
Bounce:                0 kB
WritebackTmp:          0 kB
CommitLimit:     8679732 kB
Committed_AS:   80727960 kB
VmallocTotal:   263061440 kB
VmallocUsed:      128876 kB
VmallocChunk:          0 kB
Percpu:             6312 kB
CmaTotal:         405504 kB
CmaFree:            3820 kB
MemTotal:        7922296 kB
MemFree:          287908 kB
MemAvailable:    2857568 kB
Buffers:           13492 kB
Cached:          2694760 kB
SwapCached:          208 kB
Active:          1937036 kB
Inactive:        3077292 kB
Active(anon):     130320 kB
Inactive(anon):  2214844 kB
Active(file):    1806716 kB
Inactive(file):   862448 kB
Unevictable:        6024 kB
Mlocked:            5584 kB
SwapTotal:       4718584 kB
SwapFree:        4517880 kB
Dirty:               332 kB
Writeback:             0 kB
AnonPages:       2311964 kB
Mapped:           743412 kB
Shmem:             34576 kB
KReclaimable:     290716 kB
Slab:             324476 kB
SReclaimable:      90284 kB
SUnreclaim:       234192 kB
KernelStack:       49456 kB
ShadowCallStack:   12388 kB
PageTables:        76768 kB
NFS_Unstable:          0 kB
Bounce:                0 kB
WritebackTmp:          0 kB
CommitLimit:     8679732 kB
Committed_AS:   80727916 kB
VmallocTotal:   263061440 kB
VmallocUsed:      128868 kB
VmallocChunk:          0 kB
Percpu:             6312 kB
CmaTotal:         405504 kB
CmaFree:            3844 kB
MemTotal:        7922296 kB
MemFree:          284696 kB
MemAvailable:    2854356 kB
Buffers:           13516 kB
Cached:          2694908 kB
SwapCached:          208 kB
Active:          1937056 kB
Inactive:        3082268 kB
Active(anon):     130328 kB
Inactive(anon):  2219832 kB
Active(file):    1806728 kB
Inactive(file):   862436 kB
Unevictable:        6024 kB
Mlocked:            5584 kB
SwapTotal:       4718584 kB
SwapFree:        4517880 kB
Dirty:               356 kB
Writeback:             0 kB
AnonPages:       2317048 kB
Mapped:           743612 kB
Shmem:             34576 kB
KReclaimable:     290716 kB
Slab:             324332 kB
SReclaimable:      90284 kB
SUnreclaim:       234048 kB
KernelStack:       49504 kB
ShadowCallStack:   12384 kB
PageTables:        76924 kB
NFS_Unstable:          0 kB
Bounce:                0 kB
WritebackTmp:          0 kB
CommitLimit:     8679732 kB
Committed_AS:   80727964 kB
VmallocTotal:   263061440 kB
VmallocUsed:      128876 kB
VmallocChunk:          0 kB
Percpu:             6312 kB
CmaTotal:         405504 kB
CmaFree:            3804 kB
MemTotal:        7922296 kB
MemFree:          280700 kB
MemAvailable:    2850404 kB
Buffers:           13516 kB
Cached:          2694780 kB
SwapCached:          208 kB
Active:          1937064 kB
Inactive:        3084884 kB
Active(anon):     130324 kB
Inactive(anon):  2222416 kB
Active(file):    1806740 kB
Inactive(file):   862468 kB
Unevictable:        6024 kB
Mlocked:            5584 kB
SwapTotal:       4718584 kB
SwapFree:        4517880 kB
Dirty:               404 kB
Writeback:             0 kB
AnonPages:       2319532 kB
Mapped:           743424 kB
Shmem:             34576 kB
KReclaimable:     290716 kB
Slab:             324376 kB
SReclaimable:      90284 kB
SUnreclaim:       234092 kB
KernelStack:       49472 kB
ShadowCallStack:   12404 kB
PageTables:        76660 kB
NFS_Unstable:          0 kB
Bounce:                0 kB
WritebackTmp:          0 kB
CommitLimit:     8679732 kB
Committed_AS:   80727960 kB
VmallocTotal:   263061440 kB
VmallocUsed:      128892 kB
VmallocChunk:          0 kB
Percpu:             6312 kB
CmaTotal:         405504 kB
CmaFree:            3844 kB
MemTotal:        7922296 kB
MemFree:          275228 kB
MemAvailable:    2844940 kB
Buffers:           13516 kB
Cached:          2694788 kB
SwapCached:          208 kB
Active:          1937060 kB
Inactive:        3091664 kB
Active(anon):     130304 kB
Inactive(anon):  2229204 kB
Active(file):    1806756 kB
Inactive(file):   862460 kB
Unevictable:        6024 kB
Mlocked:            5584 kB
SwapTotal:       4718584 kB
SwapFree:        4517880 kB
Dirty:               428 kB
Writeback:             0 kB
AnonPages:       2326076 kB
Mapped:           743352 kB
Shmem:             34576 kB
KReclaimable:     290716 kB
Slab:             324420 kB
SReclaimable:      90284 kB
SUnreclaim:       234136 kB
KernelStack:       49456 kB
ShadowCallStack:   12400 kB
PageTables:        76688 kB
NFS_Unstable:          0 kB
Bounce:                0 kB
WritebackTmp:          0 kB
CommitLimit:     8679732 kB
Committed_AS:   80727960 kB
VmallocTotal:   263061440 kB
VmallocUsed:      128908 kB
VmallocChunk:          0 kB
Percpu:             6312 kB
CmaTotal:         405504 kB
CmaFree:            3972 kB
MemTotal:        7922296 kB
MemFree:          226260 kB
MemAvailable:    2702596 kB
Buffers:           13516 kB
Cached:          2694904 kB
SwapCached:          208 kB
Active:          1937084 kB
Inactive:        3142432 kB
Active(anon):     130320 kB
Inactive(anon):  2279972 kB
Active(file):    1806764 kB
Inactive(file):   862460 kB
Unevictable:        6024 kB
Mlocked:            5584 kB
SwapTotal:       4718584 kB
SwapFree:        4517880 kB
Dirty:               436 kB
Writeback:             0 kB
AnonPages:       2376752 kB
Mapped:           744328 kB
Shmem:             34684 kB
KReclaimable:     152140 kB
Slab:             324584 kB
SReclaimable:      90284 kB
SUnreclaim:       234300 kB
KernelStack:       49536 kB
ShadowCallStack:   12404 kB
PageTables:        76716 kB
NFS_Unstable:          0 kB
Bounce:                0 kB
WritebackTmp:          0 kB
CommitLimit:     8679732 kB
Committed_AS:   80728360 kB
VmallocTotal:   263061440 kB
VmallocUsed:      128944 kB
VmallocChunk:          0 kB
Percpu:             6312 kB
CmaTotal:         405504 kB
CmaFree:               4 kB
MemTotal:        7922296 kB
MemFree:          274272 kB
MemAvailable:    2844956 kB
Buffers:           13516 kB
Cached:          2694800 kB
SwapCached:          208 kB
Active:          1937084 kB
Inactive:        3092048 kB
Active(anon):     130320 kB
Inactive(anon):  2229584 kB
Active(file):    1806764 kB
Inactive(file):   862464 kB
Unevictable:        6024 kB
Mlocked:            5584 kB
SwapTotal:       4718584 kB
SwapFree:        4517880 kB
Dirty:               440 kB
Writeback:             0 kB
AnonPages:       2326636 kB
Mapped:           743584 kB
Shmem:             34576 kB
KReclaimable:     291676 kB
Slab:             324516 kB
SReclaimable:      90284 kB
SUnreclaim:       234232 kB
KernelStack:       49456 kB
ShadowCallStack:   12388 kB
PageTables:        76740 kB
NFS_Unstable:          0 kB
Bounce:                0 kB
WritebackTmp:          0 kB
CommitLimit:     8679732 kB
Committed_AS:   80727916 kB
VmallocTotal:   263061440 kB
VmallocUsed:      128856 kB
VmallocChunk:          0 kB
Percpu:             6312 kB
CmaTotal:         405504 kB
CmaFree:            5204 kB
MemTotal:        7922296 kB
MemFree:          273012 kB
MemAvailable:    2843708 kB
Buffers:           13516 kB
Cached:          2694812 kB
SwapCached:          208 kB
Active:          1937088 kB
Inactive:        3093132 kB
Active(anon):     130320 kB
Inactive(anon):  2230660 kB
Active(file):    1806768 kB
Inactive(file):   862472 kB
Unevictable:        6024 kB
Mlocked:            5584 kB
SwapTotal:       4718584 kB
SwapFree:        4517880 kB
Dirty:               452 kB
Writeback:             0 kB
AnonPages:       2327752 kB
Mapped:           743592 kB
Shmem:             34576 kB
KReclaimable:     291676 kB
Slab:             324536 kB
SReclaimable:      90284 kB
SUnreclaim:       234252 kB
KernelStack:       49456 kB
ShadowCallStack:   12388 kB
PageTables:        76800 kB
NFS_Unstable:          0 kB
Bounce:                0 kB
WritebackTmp:          0 kB
CommitLimit:     8679732 kB
Committed_AS:   80727924 kB
VmallocTotal:   263061440 kB
VmallocUsed:      128856 kB
VmallocChunk:          0 kB
Percpu:             6312 kB
CmaTotal:         405504 kB
CmaFree:            5204 kB
MemTotal:        7922296 kB
MemFree:          273588 kB
MemAvailable:    2844304 kB
Buffers:           13524 kB
Cached:          2694824 kB
SwapCached:          208 kB
Active:          1937100 kB
Inactive:        3092624 kB
Active(anon):     130324 kB
Inactive(anon):  2230140 kB
Active(file):    1806776 kB
Inactive(file):   862484 kB
Unevictable:        6024 kB
Mlocked:            5584 kB
SwapTotal:       4718584 kB
SwapFree:        4517880 kB
Dirty:               464 kB
Writeback:             0 kB
AnonPages:       2327252 kB
Mapped:           743756 kB
Shmem:             34576 kB
KReclaimable:     291676 kB
Slab:             324568 kB
SReclaimable:      90284 kB
SUnreclaim:       234284 kB
KernelStack:       49456 kB
ShadowCallStack:   12404 kB
PageTables:        76816 kB
NFS_Unstable:          0 kB
Bounce:                0 kB
WritebackTmp:          0 kB
CommitLimit:     8679732 kB
Committed_AS:   80727920 kB
VmallocTotal:   263061440 kB
VmallocUsed:      128852 kB
VmallocChunk:          0 kB
Percpu:             6312 kB
CmaTotal:         405504 kB
CmaFree:            5460 kB
MemTotal:        7922296 kB
MemFree:          272400 kB
MemAvailable:    2843404 kB
Buffers:           13556 kB
Cached:          2695032 kB
SwapCached:          208 kB
Active:          1937128 kB
Inactive:        3093820 kB
Active(anon):     130312 kB
Inactive(anon):  2231136 kB
Active(file):    1806816 kB
Inactive(file):   862684 kB
Unevictable:        6024 kB
Mlocked:            5584 kB
SwapTotal:       4718584 kB
SwapFree:        4517880 kB
Dirty:               232 kB
Writeback:             0 kB
AnonPages:       2328180 kB
Mapped:           743664 kB
Shmem:             34576 kB
KReclaimable:     291724 kB
Slab:             324716 kB
SReclaimable:      90332 kB
SUnreclaim:       234384 kB
KernelStack:       49440 kB
ShadowCallStack:   12384 kB
PageTables:        76820 kB
NFS_Unstable:          0 kB
Bounce:                0 kB
WritebackTmp:          0 kB
CommitLimit:     8679732 kB
Committed_AS:   80727916 kB
VmallocTotal:   263061440 kB
VmallocUsed:      128868 kB
VmallocChunk:          0 kB
Percpu:             6312 kB
CmaTotal:         405504 kB
CmaFree:            5460 kB
MemTotal:        7922296 kB
MemFree:          271012 kB
MemAvailable:    2842044 kB
Buffers:           13556 kB
Cached:          2695048 kB
SwapCached:          208 kB
Active:          1937132 kB
Inactive:        3095484 kB
Active(anon):     130316 kB
Inactive(anon):  2232788 kB
Active(file):    1806816 kB
Inactive(file):   862696 kB
Unevictable:        6024 kB
Mlocked:            5584 kB
SwapTotal:       4718584 kB
SwapFree:        4517880 kB
Dirty:               280 kB
Writeback:             0 kB
AnonPages:       2329728 kB
Mapped:           743696 kB
Shmem:             34580 kB
KReclaimable:     291740 kB
Slab:             324700 kB
SReclaimable:      90348 kB
SUnreclaim:       234352 kB
KernelStack:       49472 kB
ShadowCallStack:   12388 kB
PageTables:        76736 kB
NFS_Unstable:          0 kB
Bounce:                0 kB
WritebackTmp:          0 kB
CommitLimit:     8679732 kB
Committed_AS:   80727924 kB
VmallocTotal:   263061440 kB
VmallocUsed:      128856 kB
VmallocChunk:          0 kB
Percpu:             6312 kB
CmaTotal:         405504 kB
CmaFree:            5460 kB
MemTotal:        7922296 kB
MemFree:          268168 kB
MemAvailable:    2839992 kB
Buffers:           13556 kB
Cached:          2695072 kB
SwapCached:          208 kB
Active:          1937132 kB
Inactive:        3099184 kB
Active(anon):     130316 kB
Inactive(anon):  2236464 kB
Active(file):    1806816 kB
Inactive(file):   862720 kB
Unevictable:        6024 kB
Mlocked:            5584 kB
SwapTotal:       4718584 kB
SwapFree:        4517880 kB
Dirty:               448 kB
Writeback:             0 kB
AnonPages:       2333592 kB
Mapped:           743084 kB
Shmem:             34580 kB
KReclaimable:     292508 kB
Slab:             324560 kB
SReclaimable:      90348 kB
SUnreclaim:       234212 kB
KernelStack:       49440 kB
ShadowCallStack:   12384 kB
PageTables:        76780 kB
NFS_Unstable:          0 kB
Bounce:                0 kB
WritebackTmp:          0 kB
CommitLimit:     8679732 kB
Committed_AS:   80727868 kB
VmallocTotal:   263061440 kB
VmallocUsed:      128816 kB
VmallocChunk:          0 kB
Percpu:             6312 kB
CmaTotal:         405504 kB
CmaFree:            5468 kB
MemTotal:        7922296 kB
MemFree:          265088 kB
MemAvailable:    2836944 kB
Buffers:           13576 kB
Cached:          2695088 kB
SwapCached:          208 kB
Active:          1937136 kB
Inactive:        3101508 kB
Active(anon):     130300 kB
Inactive(anon):  2238776 kB
Active(file):    1806836 kB
Inactive(file):   862732 kB
Unevictable:        6024 kB
Mlocked:            5584 kB
SwapTotal:       4718584 kB
SwapFree:        4517880 kB
Dirty:                72 kB
Writeback:             0 kB
AnonPages:       2335664 kB
Mapped:           743068 kB
Shmem:             34584 kB
KReclaimable:     292508 kB
Slab:             324460 kB
SReclaimable:      90348 kB
SUnreclaim:       234112 kB
KernelStack:       49408 kB
ShadowCallStack:   12376 kB
PageTables:        76860 kB
NFS_Unstable:          0 kB
Bounce:                0 kB
WritebackTmp:          0 kB
CommitLimit:     8679732 kB
Committed_AS:   80727864 kB
VmallocTotal:   263061440 kB
VmallocUsed:      128852 kB
VmallocChunk:          0 kB
Percpu:             6312 kB
CmaTotal:         405504 kB
CmaFree:            5432 kB
MemTotal:        7922296 kB
MemFree:          263908 kB
MemAvailable:    2835772 kB
Buffers:           13584 kB
Cached:          2695104 kB
SwapCached:          208 kB
Active:          1937168 kB
Inactive:        3102204 kB
Active(anon):     130312 kB
Inactive(anon):  2239468 kB
Active(file):    1806856 kB
Inactive(file):   862736 kB
Unevictable:        6024 kB
Mlocked:            5584 kB
SwapTotal:       4718584 kB
SwapFree:        4517880 kB
Dirty:               108 kB
Writeback:             0 kB
AnonPages:       2336576 kB
Mapped:           743040 kB
Shmem:             34584 kB
KReclaimable:     292492 kB
Slab:             324448 kB
SReclaimable:      90332 kB
SUnreclaim:       234116 kB
KernelStack:       49440 kB
ShadowCallStack:   12384 kB
PageTables:        76804 kB
NFS_Unstable:          0 kB
Bounce:                0 kB
WritebackTmp:          0 kB
CommitLimit:     8679732 kB
Committed_AS:   80727864 kB
VmallocTotal:   263061440 kB
VmallocUsed:      128812 kB
VmallocChunk:          0 kB
Percpu:             6312 kB
CmaTotal:         405504 kB
CmaFree:            5468 kB
MemTotal:        7922296 kB
MemFree:          262928 kB
MemAvailable:    2834800 kB
Buffers:           13584 kB
Cached:          2695112 kB
SwapCached:          208 kB
Active:          1937172 kB
Inactive:        3103468 kB
Active(anon):     130316 kB
Inactive(anon):  2240724 kB
Active(file):    1806856 kB
Inactive(file):   862744 kB
Unevictable:        6024 kB
Mlocked:            5584 kB
SwapTotal:       4718584 kB
SwapFree:        4517880 kB
Dirty:               116 kB
Writeback:             0 kB
AnonPages:       2337732 kB
Mapped:           743060 kB
Shmem:             34584 kB
KReclaimable:     292492 kB
Slab:             324440 kB
SReclaimable:      90332 kB
SUnreclaim:       234108 kB
KernelStack:       49424 kB
ShadowCallStack:   12392 kB
PageTables:        76640 kB
NFS_Unstable:          0 kB
Bounce:                0 kB
WritebackTmp:          0 kB
CommitLimit:     8679732 kB
Committed_AS:   80727864 kB
VmallocTotal:   263061440 kB
VmallocUsed:      128820 kB
VmallocChunk:          0 kB
Percpu:             6312 kB
CmaTotal:         405504 kB
CmaFree:            5468 kB
MemTotal:        7922296 kB
MemFree:          263596 kB
MemAvailable:    2835484 kB
Buffers:           13584 kB
Cached:          2695128 kB
SwapCached:          208 kB
Active:          1937168 kB
Inactive:        3101864 kB
Active(anon):     130312 kB
Inactive(anon):  2239104 kB
Active(file):    1806856 kB
Inactive(file):   862760 kB
Unevictable:        6024 kB
Mlocked:            5584 kB
SwapTotal:       4718584 kB
SwapFree:        4517880 kB
Dirty:               140 kB
Writeback:             0 kB
AnonPages:       2336152 kB
Mapped:           743044 kB
Shmem:             34584 kB
KReclaimable:     292492 kB
Slab:             324504 kB
SReclaimable:      90332 kB
SUnreclaim:       234172 kB
KernelStack:       49440 kB
ShadowCallStack:   12384 kB
PageTables:        76808 kB
NFS_Unstable:          0 kB
Bounce:                0 kB
WritebackTmp:          0 kB
CommitLimit:     8679732 kB
Committed_AS:   80727868 kB
VmallocTotal:   263061440 kB
VmallocUsed:      128836 kB
VmallocChunk:          0 kB
Percpu:             6312 kB
CmaTotal:         405504 kB
CmaFree:            5468 kB
MemTotal:        7922296 kB
MemFree:          264052 kB
MemAvailable:    2835948 kB
Buffers:           13592 kB
Cached:          2695128 kB
SwapCached:          208 kB
Active:          1937168 kB
Inactive:        3102528 kB
Active(anon):     130304 kB
Inactive(anon):  2239768 kB
Active(file):    1806864 kB
Inactive(file):   862760 kB
Unevictable:        6024 kB
Mlocked:            5584 kB
SwapTotal:       4718584 kB
SwapFree:        4517880 kB
Dirty:               228 kB
Writeback:             0 kB
AnonPages:       2336936 kB
Mapped:           743284 kB
Shmem:             34584 kB
KReclaimable:     292492 kB
Slab:             324508 kB
SReclaimable:      90332 kB
SUnreclaim:       234176 kB
KernelStack:       49440 kB
ShadowCallStack:   12372 kB
PageTables:        76804 kB
NFS_Unstable:          0 kB
Bounce:                0 kB
WritebackTmp:          0 kB
CommitLimit:     8679732 kB
Committed_AS:   80727864 kB
VmallocTotal:   263061440 kB
VmallocUsed:      128832 kB
VmallocChunk:          0 kB
Percpu:             6312 kB
CmaTotal:         405504 kB
CmaFree:            5468 kB
MemTotal:        7922296 kB
MemFree:          263276 kB
MemAvailable:    2835184 kB
Buffers:           13592 kB
Cached:          2695140 kB
SwapCached:          208 kB
Active:          1937180 kB
Inactive:        3102868 kB
Active(anon):     130316 kB
Inactive(anon):  2240096 kB
Active(file):    1806864 kB
Inactive(file):   862772 kB
Unevictable:        6024 kB
Mlocked:            5584 kB
SwapTotal:       4718584 kB
SwapFree:        4517880 kB
Dirty:               240 kB
Writeback:             0 kB
AnonPages:       2337252 kB
Mapped:           743048 kB
Shmem:             34584 kB
KReclaimable:     292492 kB
Slab:             324540 kB
SReclaimable:      90332 kB
SUnreclaim:       234208 kB
KernelStack:       49424 kB
ShadowCallStack:   12380 kB
PageTables:        76764 kB
NFS_Unstable:          0 kB
Bounce:                0 kB
WritebackTmp:          0 kB
CommitLimit:     8679732 kB
Committed_AS:   80727864 kB
VmallocTotal:   263061440 kB
VmallocUsed:      128836 kB
VmallocChunk:          0 kB
Percpu:             6312 kB
CmaTotal:         405504 kB
CmaFree:            5468 kB
MemTotal:        7922296 kB
MemFree:          264420 kB
MemAvailable:    2836344 kB
Buffers:           13592 kB
Cached:          2695156 kB
SwapCached:          208 kB
Active:          1937180 kB
Inactive:        3102080 kB
Active(anon):     130316 kB
Inactive(anon):  2239292 kB
Active(file):    1806864 kB
Inactive(file):   862788 kB
Unevictable:        6024 kB
Mlocked:            5584 kB
SwapTotal:       4718584 kB
SwapFree:        4517880 kB
Dirty:               256 kB
Writeback:             0 kB
AnonPages:       2336504 kB
Mapped:           743044 kB
Shmem:             34584 kB
KReclaimable:     292492 kB
Slab:             324544 kB
SReclaimable:      90332 kB
SUnreclaim:       234212 kB
KernelStack:       49440 kB
ShadowCallStack:   12384 kB
PageTables:        76784 kB
NFS_Unstable:          0 kB
Bounce:                0 kB
WritebackTmp:          0 kB
CommitLimit:     8679732 kB
Committed_AS:   80727868 kB
VmallocTotal:   263061440 kB
VmallocUsed:      128832 kB
VmallocChunk:          0 kB
Percpu:             6312 kB
CmaTotal:         405504 kB
CmaFree:            5468 kB
MemTotal:        7922296 kB
MemFree:          261728 kB
MemAvailable:    2833656 kB
Buffers:           13592 kB
Cached:          2695164 kB
SwapCached:          208 kB
Active:          1937180 kB
Inactive:        3105728 kB
Active(anon):     130316 kB
Inactive(anon):  2242936 kB
Active(file):    1806864 kB
Inactive(file):   862792 kB
Unevictable:        6024 kB
Mlocked:            5584 kB
SwapTotal:       4718584 kB
SwapFree:        4517880 kB
Dirty:               260 kB
Writeback:             0 kB
AnonPages:       2340036 kB
