MemTotal:        5980404 kB
MemFree:         1085756 kB
MemAvailable:    2796952 kB
Buffers:            5384 kB
Cached:          1680776 kB
SwapCached:            0 kB
Active:          1344204 kB
Inactive:        1453324 kB
Active(anon):    1118084 kB
Inactive(anon):    18360 kB
Active(file):     226120 kB
Inactive(file):  1434964 kB
Unevictable:        5724 kB
Mlocked:            5724 kB
SwapTotal:       3670008 kB
SwapFree:        3670008 kB
Dirty:               484 kB
Writeback:             0 kB
AnonPages:       1116860 kB
Mapped:           814236 kB
Shmem:             20392 kB
KReclaimable:     612544 kB
Slab:             225732 kB
SReclaimable:      69560 kB
SUnreclaim:       156172 kB
KernelStack:       45980 kB
PageTables:        59868 kB
NFS_Unstable:          0 kB
Bounce:                0 kB
WritebackTmp:          0 kB
CommitLimit:     6660208 kB
Committed_AS:   70996180 kB
VmallocTotal:   263061440 kB
VmallocUsed:       86416 kB
VmallocChunk:          0 kB
Percpu:             7584 kB
CmaTotal:         315392 kB
CmaFree:               0 kB
MemTotal:        5980404 kB
MemFree:         1086148 kB
MemAvailable:    2797344 kB
Buffers:            5384 kB
Cached:          1680776 kB
SwapCached:            0 kB
Active:          1345184 kB
Inactive:        1453324 kB
Active(anon):    1119064 kB
Inactive(anon):    18360 kB
Active(file):     226120 kB
Inactive(file):  1434964 kB
Unevictable:        5724 kB
Mlocked:            5724 kB
SwapTotal:       3670008 kB
SwapFree:        3670008 kB
Dirty:               516 kB
Writeback:             0 kB
AnonPages:       1118188 kB
Mapped:           815200 kB
Shmem:             20392 kB
KReclaimable:     612544 kB
Slab:             225732 kB
SReclaimable:      69560 kB
SUnreclaim:       156172 kB
KernelStack:       46048 kB
PageTables:        60048 kB
NFS_Unstable:          0 kB
Bounce:                0 kB
WritebackTmp:          0 kB
CommitLimit:     6660208 kB
Committed_AS:   71009152 kB
VmallocTotal:   263061440 kB
VmallocUsed:       86496 kB
VmallocChunk:          0 kB
Percpu:             7584 kB
CmaTotal:         315392 kB
CmaFree:               0 kB
MemTotal:        5980404 kB
MemFree:         1081144 kB
MemAvailable:    2792340 kB
Buffers:            5384 kB
Cached:          1680776 kB
SwapCached:            0 kB
Active:          1349916 kB
Inactive:        1453324 kB
Active(anon):    1123796 kB
Inactive(anon):    18360 kB
Active(file):     226120 kB
Inactive(file):  1434964 kB
Unevictable:        5724 kB
Mlocked:            5724 kB
SwapTotal:       3670008 kB
SwapFree:        3670008 kB
Dirty:               584 kB
Writeback:             0 kB
AnonPages:       1123140 kB
Mapped:           814080 kB
Shmem:             20392 kB
KReclaimable:     612544 kB
Slab:             225808 kB
SReclaimable:      69560 kB
SUnreclaim:       156248 kB
KernelStack:       45952 kB
PageTables:        60360 kB
NFS_Unstable:          0 kB
Bounce:                0 kB
WritebackTmp:          0 kB
CommitLimit:     6660208 kB
Committed_AS:   71013940 kB
VmallocTotal:   263061440 kB
VmallocUsed:       86400 kB
VmallocChunk:          0 kB
Percpu:             7584 kB
CmaTotal:         315392 kB
CmaFree:               0 kB
MemTotal:        5980404 kB
MemFree:         1079488 kB
MemAvailable:    2790684 kB
Buffers:            5384 kB
Cached:          1680796 kB
SwapCached:            0 kB
Active:          1350288 kB
Inactive:        1453344 kB
Active(anon):    1124168 kB
Inactive(anon):    18380 kB
Active(file):     226120 kB
Inactive(file):  1434964 kB
Unevictable:        5724 kB
Mlocked:            5724 kB
SwapTotal:       3670008 kB
SwapFree:        3670008 kB
Dirty:               596 kB
Writeback:             0 kB
AnonPages:       1123080 kB
Mapped:           814288 kB
Shmem:             20412 kB
KReclaimable:     612544 kB
Slab:             225796 kB
SReclaimable:      69560 kB
SUnreclaim:       156236 kB
KernelStack:       45916 kB
PageTables:        60248 kB
NFS_Unstable:          0 kB
Bounce:                0 kB
WritebackTmp:          0 kB
CommitLimit:     6660208 kB
Committed_AS:   71012368 kB
VmallocTotal:   263061440 kB
VmallocUsed:       86416 kB
VmallocChunk:          0 kB
Percpu:             7584 kB
CmaTotal:         315392 kB
CmaFree:               0 kB
MemTotal:        5980404 kB
MemFree:         1080672 kB
MemAvailable:    2791868 kB
Buffers:            5384 kB
Cached:          1680796 kB
SwapCached:            0 kB
Active:          1350700 kB
Inactive:        1453344 kB
Active(anon):    1124580 kB
Inactive(anon):    18380 kB
Active(file):     226120 kB
Inactive(file):  1434964 kB
Unevictable:        5724 kB
Mlocked:            5724 kB
SwapTotal:       3670008 kB
SwapFree:        3670008 kB
Dirty:               596 kB
Writeback:             0 kB
AnonPages:       1123628 kB
Mapped:           814124 kB
Shmem:             20412 kB
KReclaimable:     612544 kB
Slab:             225816 kB
SReclaimable:      69560 kB
SUnreclaim:       156256 kB
KernelStack:       45936 kB
PageTables:        60192 kB
NFS_Unstable:          0 kB
Bounce:                0 kB
WritebackTmp:          0 kB
CommitLimit:     6660208 kB
Committed_AS:   71011780 kB
VmallocTotal:   263061440 kB
VmallocUsed:       86384 kB
VmallocChunk:          0 kB
Percpu:             7584 kB
CmaTotal:         315392 kB
CmaFree:               0 kB
MemTotal:        5980404 kB
MemFree:         1080936 kB
MemAvailable:    2792128 kB
Buffers:            5388 kB
Cached:          1680788 kB
SwapCached:            0 kB
Active:          1350844 kB
Inactive:        1453340 kB
Active(anon):    1124724 kB
Inactive(anon):    18380 kB
Active(file):     226120 kB
Inactive(file):  1434960 kB
Unevictable:        5724 kB
Mlocked:            5724 kB
SwapTotal:       3670008 kB
SwapFree:        3670008 kB
Dirty:               588 kB
Writeback:             0 kB
AnonPages:       1123684 kB
Mapped:           814288 kB
Shmem:             20412 kB
KReclaimable:     612544 kB
Slab:             225812 kB
SReclaimable:      69560 kB
SUnreclaim:       156252 kB
KernelStack:       45936 kB
PageTables:        60312 kB
NFS_Unstable:          0 kB
Bounce:                0 kB
WritebackTmp:          0 kB
CommitLimit:     6660208 kB
Committed_AS:   71011272 kB
VmallocTotal:   263061440 kB
VmallocUsed:       86352 kB
VmallocChunk:          0 kB
Percpu:             7584 kB
CmaTotal:         315392 kB
CmaFree:               0 kB
MemTotal:        5980404 kB
MemFree:         1081232 kB
MemAvailable:    2792444 kB
Buffers:            5388 kB
Cached:          1680816 kB
SwapCached:            0 kB
Active:          1351640 kB
Inactive:        1453364 kB
Active(anon):    1125516 kB
Inactive(anon):    18388 kB
Active(file):     226124 kB
Inactive(file):  1434976 kB
Unevictable:        5724 kB
Mlocked:            5724 kB
SwapTotal:       3670008 kB
SwapFree:        3670008 kB
Dirty:               592 kB
Writeback:             0 kB
AnonPages:       1124688 kB
Mapped:           814296 kB
Shmem:             20420 kB
KReclaimable:     612544 kB
Slab:             225820 kB
SReclaimable:      69560 kB
SUnreclaim:       156260 kB
KernelStack:       45904 kB
PageTables:        60176 kB
NFS_Unstable:          0 kB
Bounce:                0 kB
WritebackTmp:          0 kB
CommitLimit:     6660208 kB
Committed_AS:   71011612 kB
VmallocTotal:   263061440 kB
VmallocUsed:       86352 kB
VmallocChunk:          0 kB
Percpu:             7584 kB
CmaTotal:         315392 kB
CmaFree:              12 kB
MemTotal:        5980404 kB
MemFree:         1079800 kB
MemAvailable:    2791012 kB
Buffers:            5388 kB
Cached:          1680816 kB
SwapCached:            0 kB
Active:          1351888 kB
Inactive:        1453364 kB
Active(anon):    1125764 kB
Inactive(anon):    18388 kB
Active(file):     226124 kB
Inactive(file):  1434976 kB
Unevictable:        5724 kB
Mlocked:            5724 kB
SwapTotal:       3670008 kB
SwapFree:        3670008 kB
Dirty:               620 kB
Writeback:             0 kB
AnonPages:       1125004 kB
Mapped:           814296 kB
Shmem:             20420 kB
KReclaimable:     612544 kB
Slab:             225804 kB
SReclaimable:      69560 kB
SUnreclaim:       156244 kB
KernelStack:       45920 kB
PageTables:        60176 kB
NFS_Unstable:          0 kB
Bounce:                0 kB
WritebackTmp:          0 kB
CommitLimit:     6660208 kB
Committed_AS:   71008916 kB
VmallocTotal:   263061440 kB
VmallocUsed:       86320 kB
VmallocChunk:          0 kB
Percpu:             7584 kB
CmaTotal:         315392 kB
CmaFree:               4 kB
MemTotal:        5980404 kB
MemFree:         1080344 kB
MemAvailable:    2791556 kB
Buffers:            5388 kB
Cached:          1680816 kB
SwapCached:            0 kB
Active:          1352348 kB
Inactive:        1453364 kB
Active(anon):    1126224 kB
Inactive(anon):    18388 kB
Active(file):     226124 kB
Inactive(file):  1434976 kB
Unevictable:        5724 kB
Mlocked:            5724 kB
SwapTotal:       3670008 kB
SwapFree:        3670008 kB
Dirty:               656 kB
Writeback:             0 kB
AnonPages:       1125232 kB
Mapped:           814296 kB
Shmem:             20420 kB
KReclaimable:     612544 kB
Slab:             225800 kB
SReclaimable:      69560 kB
SUnreclaim:       156240 kB
KernelStack:       45888 kB
PageTables:        60176 kB
NFS_Unstable:          0 kB
Bounce:                0 kB
WritebackTmp:          0 kB
CommitLimit:     6660208 kB
Committed_AS:   71006080 kB
VmallocTotal:   263061440 kB
VmallocUsed:       86272 kB
VmallocChunk:          0 kB
Percpu:             7584 kB
CmaTotal:         315392 kB
CmaFree:               0 kB
MemTotal:        5980404 kB
MemFree:         1080340 kB
MemAvailable:    2791552 kB
Buffers:            5388 kB
Cached:          1680816 kB
SwapCached:            0 kB
Active:          1352660 kB
Inactive:        1453364 kB
Active(anon):    1126536 kB
Inactive(anon):    18388 kB
Active(file):     226124 kB
Inactive(file):  1434976 kB
Unevictable:        5724 kB
Mlocked:            5724 kB
SwapTotal:       3670008 kB
SwapFree:        3670008 kB
Dirty:               728 kB
Writeback:             0 kB
AnonPages:       1125696 kB
Mapped:           814340 kB
Shmem:             20420 kB
KReclaimable:     612544 kB
Slab:             225800 kB
SReclaimable:      69560 kB
SUnreclaim:       156240 kB
KernelStack:       45856 kB
PageTables:        60332 kB
NFS_Unstable:          0 kB
Bounce:                0 kB
WritebackTmp:          0 kB
CommitLimit:     6660208 kB
Committed_AS:   71004328 kB
VmallocTotal:   263061440 kB
VmallocUsed:       86256 kB
VmallocChunk:          0 kB
Percpu:             7584 kB
CmaTotal:         315392 kB
CmaFree:               0 kB
MemTotal:        5980404 kB
MemFree:         1079296 kB
MemAvailable:    2790496 kB
Buffers:            5388 kB
Cached:          1680816 kB
SwapCached:            0 kB
Active:          1353508 kB
Inactive:        1453368 kB
Active(anon):    1127388 kB
Inactive(anon):    18400 kB
Active(file):     226120 kB
Inactive(file):  1434968 kB
Unevictable:        5724 kB
Mlocked:            5724 kB
SwapTotal:       3670008 kB
SwapFree:        3670008 kB
Dirty:               420 kB
Writeback:             0 kB
AnonPages:       1126352 kB
Mapped:           814260 kB
Shmem:             20432 kB
KReclaimable:     612544 kB
Slab:             225816 kB
SReclaimable:      69560 kB
SUnreclaim:       156256 kB
KernelStack:       45952 kB
PageTables:        60228 kB
NFS_Unstable:          0 kB
Bounce:                0 kB
WritebackTmp:          0 kB
CommitLimit:     6660208 kB
Committed_AS:   71004752 kB
VmallocTotal:   263061440 kB
VmallocUsed:       86256 kB
VmallocChunk:          0 kB
Percpu:             7584 kB
CmaTotal:         315392 kB
CmaFree:               0 kB
MemTotal:        5980404 kB
MemFree:         1078608 kB
MemAvailable:    2789820 kB
Buffers:            5388 kB
Cached:          1680828 kB
SwapCached:            0 kB
Active:          1353128 kB
Inactive:        1453376 kB
Active(anon):    1127004 kB
Inactive(anon):    18400 kB
Active(file):     226124 kB
Inactive(file):  1434976 kB
Unevictable:        5724 kB
Mlocked:            5724 kB
SwapTotal:       3670008 kB
SwapFree:        3670008 kB
Dirty:               520 kB
Writeback:             0 kB
AnonPages:       1126004 kB
Mapped:           814252 kB
Shmem:             20432 kB
KReclaimable:     612544 kB
Slab:             225808 kB
SReclaimable:      69560 kB
SUnreclaim:       156248 kB
KernelStack:       45920 kB
PageTables:        60304 kB
NFS_Unstable:          0 kB
Bounce:                0 kB
WritebackTmp:          0 kB
CommitLimit:     6660208 kB
Committed_AS:   71004668 kB
VmallocTotal:   263061440 kB
VmallocUsed:       86256 kB
VmallocChunk:          0 kB
Percpu:             7584 kB
CmaTotal:         315392 kB
CmaFree:               0 kB
MemTotal:        5980404 kB
MemFree:         1079324 kB
MemAvailable:    2790536 kB
Buffers:            5388 kB
Cached:          1680828 kB
SwapCached:            0 kB
Active:          1353816 kB
Inactive:        1453376 kB
Active(anon):    1127692 kB
Inactive(anon):    18400 kB
Active(file):     226124 kB
Inactive(file):  1434976 kB
Unevictable:        5724 kB
Mlocked:            5724 kB
SwapTotal:       3670008 kB
SwapFree:        3670008 kB
Dirty:               608 kB
Writeback:             0 kB
AnonPages:       1126720 kB
Mapped:           814352 kB
Shmem:             20432 kB
KReclaimable:     612544 kB
Slab:             225832 kB
SReclaimable:      69560 kB
SUnreclaim:       156272 kB
KernelStack:       45952 kB
PageTables:        60072 kB
NFS_Unstable:          0 kB
Bounce:                0 kB
WritebackTmp:          0 kB
CommitLimit:     6660208 kB
Committed_AS:   71006984 kB
VmallocTotal:   263061440 kB
VmallocUsed:       86224 kB
VmallocChunk:          0 kB
Percpu:             7584 kB
CmaTotal:         315392 kB
CmaFree:               0 kB
MemTotal:        5980404 kB
MemFree:         1077764 kB
MemAvailable:    2788976 kB
Buffers:            5388 kB
Cached:          1680828 kB
SwapCached:            0 kB
Active:          1353868 kB
Inactive:        1453376 kB
Active(anon):    1127744 kB
Inactive(anon):    18400 kB
Active(file):     226124 kB
Inactive(file):  1434976 kB
Unevictable:        5724 kB
Mlocked:            5724 kB
SwapTotal:       3670008 kB
SwapFree:        3670008 kB
Dirty:               640 kB
Writeback:             0 kB
AnonPages:       1126900 kB
Mapped:           814440 kB
Shmem:             20432 kB
KReclaimable:     612544 kB
Slab:             225824 kB
SReclaimable:      69560 kB
SUnreclaim:       156264 kB
KernelStack:       45872 kB
PageTables:        60144 kB
NFS_Unstable:          0 kB
Bounce:                0 kB
WritebackTmp:          0 kB
CommitLimit:     6660208 kB
Committed_AS:   71007412 kB
VmallocTotal:   263061440 kB
VmallocUsed:       86288 kB
VmallocChunk:          0 kB
Percpu:             7584 kB
CmaTotal:         315392 kB
CmaFree:               4 kB
MemTotal:        5980404 kB
MemFree:         1076936 kB
MemAvailable:    2788148 kB
Buffers:            5388 kB
Cached:          1680828 kB
SwapCached:            0 kB
Active:          1354512 kB
Inactive:        1453376 kB
Active(anon):    1128388 kB
Inactive(anon):    18400 kB
Active(file):     226124 kB
Inactive(file):  1434976 kB
Unevictable:        5724 kB
Mlocked:            5724 kB
SwapTotal:       3670008 kB
SwapFree:        3670008 kB
Dirty:               712 kB
Writeback:             0 kB
AnonPages:       1127224 kB
Mapped:           814252 kB
Shmem:             20432 kB
KReclaimable:     612544 kB
Slab:             225796 kB
SReclaimable:      69560 kB
SUnreclaim:       156236 kB
KernelStack:       45952 kB
PageTables:        60436 kB
NFS_Unstable:          0 kB
Bounce:                0 kB
WritebackTmp:          0 kB
CommitLimit:     6660208 kB
Committed_AS:   71007264 kB
VmallocTotal:   263061440 kB
VmallocUsed:       86320 kB
VmallocChunk:          0 kB
Percpu:             7584 kB
CmaTotal:         315392 kB
CmaFree:               0 kB
MemTotal:        5980404 kB
MemFree:         1076636 kB
MemAvailable:    2787868 kB
Buffers:            5388 kB
Cached:          1680852 kB
SwapCached:            0 kB
Active:          1354724 kB
Inactive:        1453396 kB
Active(anon):    1128596 kB
Inactive(anon):    18404 kB
Active(file):     226128 kB
Inactive(file):  1434992 kB
Unevictable:        5724 kB
Mlocked:            5724 kB
SwapTotal:       3670008 kB
SwapFree:        3670008 kB
Dirty:               448 kB
Writeback:             0 kB
AnonPages:       1127668 kB
Mapped:           814444 kB
Shmem:             20436 kB
KReclaimable:     612544 kB
Slab:             225768 kB
SReclaimable:      69560 kB
SUnreclaim:       156208 kB
KernelStack:       45952 kB
PageTables:        60208 kB
NFS_Unstable:          0 kB
Bounce:                0 kB
WritebackTmp:          0 kB
CommitLimit:     6660208 kB
Committed_AS:   71009592 kB
VmallocTotal:   263061440 kB
VmallocUsed:       86368 kB
VmallocChunk:          0 kB
Percpu:             7584 kB
CmaTotal:         315392 kB
CmaFree:               0 kB
MemTotal:        5980404 kB
MemFree:         1076804 kB
MemAvailable:    2788028 kB
Buffers:            5388 kB
Cached:          1680844 kB
SwapCached:            0 kB
Active:          1355036 kB
Inactive:        1453392 kB
Active(anon):    1128912 kB
Inactive(anon):    18404 kB
Active(file):     226124 kB
Inactive(file):  1434988 kB
Unevictable:        5724 kB
Mlocked:            5724 kB
SwapTotal:       3670008 kB
SwapFree:        3670008 kB
Dirty:               548 kB
Writeback:             0 kB
AnonPages:       1128108 kB
Mapped:           814484 kB
Shmem:             20436 kB
KReclaimable:     612544 kB
Slab:             225796 kB
SReclaimable:      69560 kB
SUnreclaim:       156236 kB
KernelStack:       45936 kB
PageTables:        60300 kB
NFS_Unstable:          0 kB
Bounce:                0 kB
WritebackTmp:          0 kB
CommitLimit:     6660208 kB
Committed_AS:   71010932 kB
VmallocTotal:   263061440 kB
VmallocUsed:       86368 kB
VmallocChunk:          0 kB
Percpu:             7584 kB
CmaTotal:         315392 kB
CmaFree:               0 kB
MemTotal:        5980404 kB
MemFree:         1075844 kB
MemAvailable:    2787068 kB
Buffers:            5388 kB
Cached:          1680848 kB
SwapCached:            0 kB
Active:          1355692 kB
Inactive:        1453396 kB
Active(anon):    1129568 kB
Inactive(anon):    18408 kB
Active(file):     226124 kB
Inactive(file):  1434988 kB
Unevictable:        5724 kB
Mlocked:            5724 kB
SwapTotal:       3670008 kB
SwapFree:        3670008 kB
Dirty:               612 kB
Writeback:             0 kB
AnonPages:       1128660 kB
Mapped:           814300 kB
Shmem:             20440 kB
KReclaimable:     612544 kB
Slab:             225804 kB
SReclaimable:      69560 kB
SUnreclaim:       156244 kB
KernelStack:       45968 kB
PageTables:        60320 kB
NFS_Unstable:          0 kB
Bounce:                0 kB
WritebackTmp:          0 kB
CommitLimit:     6660208 kB
Committed_AS:   71013248 kB
VmallocTotal:   263061440 kB
VmallocUsed:       86400 kB
VmallocChunk:          0 kB
Percpu:             7584 kB
CmaTotal:         315392 kB
CmaFree:               0 kB
MemTotal:        5980404 kB
MemFree:         1075652 kB
MemAvailable:    2786876 kB
Buffers:            5388 kB
Cached:          1680848 kB
SwapCached:            0 kB
Active:          1356272 kB
Inactive:        1453396 kB
Active(anon):    1130148 kB
Inactive(anon):    18408 kB
Active(file):     226124 kB
Inactive(file):  1434988 kB
Unevictable:        5724 kB
Mlocked:            5724 kB
SwapTotal:       3670008 kB
SwapFree:        3670008 kB
Dirty:               612 kB
Writeback:             0 kB
AnonPages:       1129140 kB
Mapped:           814552 kB
Shmem:             20440 kB
KReclaimable:     612544 kB
Slab:             225804 kB
SReclaimable:      69560 kB
SUnreclaim:       156244 kB
KernelStack:       45968 kB
PageTables:        60452 kB
NFS_Unstable:          0 kB
Bounce:                0 kB
WritebackTmp:          0 kB
CommitLimit:     6660208 kB
Committed_AS:   71012100 kB
VmallocTotal:   263061440 kB
VmallocUsed:       86384 kB
VmallocChunk:          0 kB
Percpu:             7584 kB
CmaTotal:         315392 kB
CmaFree:               0 kB
MemTotal:        5980404 kB
MemFree:         1075700 kB
MemAvailable:    2786924 kB
Buffers:            5388 kB
Cached:          1680848 kB
SwapCached:            0 kB
Active:          1356256 kB
Inactive:        1453396 kB
Active(anon):    1130132 kB
Inactive(anon):    18408 kB
Active(file):     226124 kB
Inactive(file):  1434988 kB
Unevictable:        5724 kB
Mlocked:            5724 kB
SwapTotal:       3670008 kB
SwapFree:        3670008 kB
Dirty:               612 kB
Writeback:             0 kB
AnonPages:       1129300 kB
Mapped:           814532 kB
Shmem:             20440 kB
KReclaimable:     612544 kB
Slab:             225808 kB
SReclaimable:      69560 kB
SUnreclaim:       156248 kB
KernelStack:       45888 kB
PageTables:        59944 kB
NFS_Unstable:          0 kB
Bounce:                0 kB
WritebackTmp:          0 kB
CommitLimit:     6660208 kB
Committed_AS:   71005812 kB
VmallocTotal:   263061440 kB
VmallocUsed:       86288 kB
VmallocChunk:          0 kB
Percpu:             7584 kB
CmaTotal:         315392 kB
CmaFree:               0 kB
MemTotal:        5980404 kB
MemFree:         1075052 kB
MemAvailable:    2786276 kB
Buffers:            5388 kB
Cached:          1680848 kB
SwapCached:            0 kB
Active:          1356948 kB
Inactive:        1453396 kB
Active(anon):    1130824 kB
Inactive(anon):    18408 kB
Active(file):     226124 kB
Inactive(file):  1434988 kB
Unevictable:        5724 kB
Mlocked:            5724 kB
SwapTotal:       3670008 kB
SwapFree:        3670008 kB
Dirty:               612 kB
Writeback:             0 kB
AnonPages:       1129892 kB
Mapped:           814260 kB
Shmem:             20440 kB
KReclaimable:     612544 kB
Slab:             225800 kB
SReclaimable:      69560 kB
SUnreclaim:       156240 kB
KernelStack:       45968 kB
PageTables:        60048 kB
NFS_Unstable:          0 kB
Bounce:                0 kB
WritebackTmp:          0 kB
CommitLimit:     6660208 kB
Committed_AS:   71005848 kB
VmallocTotal:   263061440 kB
VmallocUsed:       86288 kB
VmallocChunk:          0 kB
Percpu:             7584 kB
CmaTotal:         315392 kB
CmaFree:               0 kB
MemTotal:        5980404 kB
MemFree:         1075708 kB
MemAvailable:    2786952 kB
Buffers:            5392 kB
Cached:          1680864 kB
SwapCached:            0 kB
Active:          1357544 kB
Inactive:        1453412 kB
Active(anon):    1131416 kB
Inactive(anon):    18408 kB
Active(file):     226128 kB
Inactive(file):  1435004 kB
Unevictable:        5724 kB
Mlocked:            5724 kB
SwapTotal:       3670008 kB
SwapFree:        3670008 kB
Dirty:               604 kB
Writeback:             0 kB
AnonPages:       1130412 kB
Mapped:           814272 kB
Shmem:             20440 kB
KReclaimable:     612544 kB
Slab:             225804 kB
SReclaimable:      69560 kB
SUnreclaim:       156244 kB
KernelStack:       45920 kB
PageTables:        60112 kB
NFS_Unstable:          0 kB
Bounce:                0 kB
WritebackTmp:          0 kB
CommitLimit:     6660208 kB
Committed_AS:   71006168 kB
VmallocTotal:   263061440 kB
VmallocUsed:       86288 kB
VmallocChunk:          0 kB
Percpu:             7584 kB
CmaTotal:         315392 kB
CmaFree:               0 kB
MemTotal:        5980404 kB
MemFree:         1074392 kB
MemAvailable:    2785636 kB
Buffers:            5392 kB
Cached:          1680872 kB
SwapCached:            0 kB
Active:          1358532 kB
Inactive:        1453420 kB
Active(anon):    1132404 kB
Inactive(anon):    18416 kB
Active(file):     226128 kB
Inactive(file):  1435004 kB
Unevictable:        5724 kB
Mlocked:            5724 kB
SwapTotal:       3670008 kB
SwapFree:        3670008 kB
Dirty:               664 kB
Writeback:             0 kB
AnonPages:       1131192 kB
Mapped:           814268 kB
Shmem:             20448 kB
KReclaimable:     612544 kB
Slab:             225816 kB
SReclaimable:      69560 kB
SUnreclaim:       156256 kB
KernelStack:       46032 kB
PageTables:        60304 kB
NFS_Unstable:          0 kB
Bounce:                0 kB
WritebackTmp:          0 kB
CommitLimit:     6660208 kB
Committed_AS:   71007164 kB
VmallocTotal:   263061440 kB
VmallocUsed:       86320 kB
VmallocChunk:          0 kB
Percpu:             7584 kB
CmaTotal:         315392 kB
CmaFree:               0 kB
MemTotal:        5980404 kB
MemFree:         1073676 kB
MemAvailable:    2784920 kB
Buffers:            5392 kB
Cached:          1680888 kB
SwapCached:            0 kB
Active:          1358920 kB
Inactive:        1453436 kB
Active(anon):    1132792 kB
Inactive(anon):    18432 kB
Active(file):     226128 kB
Inactive(file):  1435004 kB
Unevictable:        5724 kB
Mlocked:            5724 kB
SwapTotal:       3670008 kB
SwapFree:        3670008 kB
Dirty:               764 kB
Writeback:             0 kB
AnonPages:       1131916 kB
Mapped:           814380 kB
Shmem:             20464 kB
KReclaimable:     612544 kB
Slab:             225824 kB
SReclaimable:      69560 kB
SUnreclaim:       156264 kB
KernelStack:       46032 kB
PageTables:        60132 kB
NFS_Unstable:          0 kB
Bounce:                0 kB
WritebackTmp:          0 kB
CommitLimit:     6660208 kB
Committed_AS:   71008184 kB
VmallocTotal:   263061440 kB
VmallocUsed:       86336 kB
VmallocChunk:          0 kB
Percpu:             7584 kB
CmaTotal:         315392 kB
CmaFree:               4 kB
MemTotal:        5980404 kB
MemFree:         1073324 kB
MemAvailable:    2784572 kB
Buffers:            5392 kB
Cached:          1680892 kB
SwapCached:            0 kB
Active:          1359316 kB
Inactive:        1453440 kB
Active(anon):    1133188 kB
Inactive(anon):    18432 kB
Active(file):     226128 kB
Inactive(file):  1435008 kB
Unevictable:        5724 kB
Mlocked:            5724 kB
SwapTotal:       3670008 kB
SwapFree:        3670008 kB
Dirty:               416 kB
Writeback:             0 kB
AnonPages:       1132480 kB
Mapped:           814636 kB
Shmem:             20464 kB
KReclaimable:     612544 kB
Slab:             225820 kB
SReclaimable:      69560 kB
SUnreclaim:       156260 kB
KernelStack:       46000 kB
PageTables:        60236 kB
NFS_Unstable:          0 kB
Bounce:                0 kB
WritebackTmp:          0 kB
CommitLimit:     6660208 kB
Committed_AS:   71009428 kB
VmallocTotal:   263061440 kB
VmallocUsed:       86320 kB
VmallocChunk:          0 kB
Percpu:             7584 kB
CmaTotal:         315392 kB
CmaFree:               0 kB
MemTotal:        5980404 kB
MemFree:         1083376 kB
MemAvailable:    2794632 kB
Buffers:            5392 kB
Cached:          1680900 kB
SwapCached:            0 kB
Active:          1348444 kB
Inactive:        1453444 kB
Active(anon):    1122312 kB
Inactive(anon):    18432 kB
Active(file):     226132 kB
Inactive(file):  1435012 kB
Unevictable:        5724 kB
Mlocked:            5724 kB
SwapTotal:       3670008 kB
SwapFree:        3670008 kB
Dirty:               424 kB
Writeback:             0 kB
AnonPages:       1121424 kB
Mapped:           814636 kB
Shmem:             20464 kB
KReclaimable:     612544 kB
Slab:             225820 kB
SReclaimable:      69560 kB
SUnreclaim:       156260 kB
KernelStack:       45984 kB
PageTables:        60172 kB
NFS_Unstable:          0 kB
Bounce:                0 kB
WritebackTmp:          0 kB
CommitLimit:     6660208 kB
Committed_AS:   71008980 kB
VmallocTotal:   263061440 kB
VmallocUsed:       86368 kB
VmallocChunk:          0 kB
Percpu:             7584 kB
CmaTotal:         315392 kB
CmaFree:               0 kB
MemTotal:        5980404 kB
MemFree:         1083056 kB
MemAvailable:    2794304 kB
Buffers:            5392 kB
Cached:          1680904 kB
SwapCached:            0 kB
Active:          1349072 kB
Inactive:        1453452 kB
Active(anon):    1122944 kB
Inactive(anon):    18444 kB
Active(file):     226128 kB
Inactive(file):  1435008 kB
Unevictable:        5724 kB
Mlocked:            5724 kB
SwapTotal:       3670008 kB
SwapFree:        3670008 kB
Dirty:               416 kB
Writeback:             0 kB
AnonPages:       1122148 kB
Mapped:           814488 kB
Shmem:             20476 kB
KReclaimable:     612544 kB
Slab:             225788 kB
SReclaimable:      69560 kB
SUnreclaim:       156228 kB
KernelStack:       46000 kB
PageTables:        60232 kB
NFS_Unstable:          0 kB
Bounce:                0 kB
WritebackTmp:          0 kB
CommitLimit:     6660208 kB
Committed_AS:   71008692 kB
VmallocTotal:   263061440 kB
VmallocUsed:       86416 kB
VmallocChunk:          0 kB
Percpu:             7584 kB
CmaTotal:         315392 kB
CmaFree:               0 kB
MemTotal:        5980404 kB
MemFree:         1083060 kB
MemAvailable:    2794308 kB
Buffers:            5392 kB
Cached:          1680904 kB
SwapCached:            0 kB
Active:          1349624 kB
Inactive:        1453452 kB
Active(anon):    1123496 kB
Inactive(anon):    18444 kB
Active(file):     226128 kB
Inactive(file):  1435008 kB
Unevictable:        5724 kB
Mlocked:            5724 kB
SwapTotal:       3670008 kB
SwapFree:        3670008 kB
Dirty:               496 kB
Writeback:             0 kB
AnonPages:       1122648 kB
Mapped:           814672 kB
Shmem:             20476 kB
KReclaimable:     612544 kB
Slab:             225820 kB
SReclaimable:      69560 kB
SUnreclaim:       156260 kB
KernelStack:       46016 kB
PageTables:        60132 kB
NFS_Unstable:          0 kB
Bounce:                0 kB
WritebackTmp:          0 kB
CommitLimit:     6660208 kB
Committed_AS:   71011336 kB
VmallocTotal:   263061440 kB
VmallocUsed:       86400 kB
VmallocChunk:          0 kB
Percpu:             7584 kB
CmaTotal:         315392 kB
CmaFree:               0 kB
MemTotal:        5980404 kB
MemFree:         1081968 kB
MemAvailable:    2793216 kB
Buffers:            5392 kB
Cached:          1680904 kB
SwapCached:            0 kB
Active:          1349896 kB
Inactive:        1453452 kB
Active(anon):    1123768 kB
Inactive(anon):    18444 kB
Active(file):     226128 kB
Inactive(file):  1435008 kB
Unevictable:        5724 kB
Mlocked:            5724 kB
SwapTotal:       3670008 kB
SwapFree:        3670008 kB
Dirty:               560 kB
Writeback:             0 kB
AnonPages:       1122656 kB
Mapped:           814524 kB
Shmem:             20476 kB
KReclaimable:     612544 kB
Slab:             225812 kB
SReclaimable:      69560 kB
SUnreclaim:       156252 kB
KernelStack:       45968 kB
PageTables:        59960 kB
NFS_Unstable:          0 kB
Bounce:                0 kB
WritebackTmp:          0 kB
CommitLimit:     6660208 kB
Committed_AS:   71008976 kB
VmallocTotal:   263061440 kB
VmallocUsed:       86400 kB
VmallocChunk:          0 kB
Percpu:             7584 kB
CmaTotal:         315392 kB
CmaFree:               0 kB
MemTotal:        5980404 kB
MemFree:         1081844 kB
MemAvailable:    2793104 kB
Buffers:            5392 kB
Cached:          1680916 kB
SwapCached:            0 kB
Active:          1350184 kB
Inactive:        1453464 kB
Active(anon):    1124056 kB
Inactive(anon):    18444 kB
Active(file):     226128 kB
Inactive(file):  1435020 kB
Unevictable:        5724 kB
Mlocked:            5724 kB
SwapTotal:       3670008 kB
SwapFree:        3670008 kB
Dirty:               596 kB
Writeback:             0 kB
AnonPages:       1123224 kB
Mapped:           814460 kB
Shmem:             20476 kB
KReclaimable:     612544 kB
Slab:             225812 kB
SReclaimable:      69560 kB
SUnreclaim:       156252 kB
KernelStack:       46000 kB
PageTables:        60096 kB
NFS_Unstable:          0 kB
Bounce:                0 kB
WritebackTmp:          0 kB
CommitLimit:     6660208 kB
Committed_AS:   71010140 kB
VmallocTotal:   263061440 kB
VmallocUsed:       86384 kB
VmallocChunk:          0 kB
Percpu:             7584 kB
CmaTotal:         315392 kB
CmaFree:               0 kB
MemTotal:        5980404 kB
MemFree:         1080940 kB
MemAvailable:    2792188 kB
Buffers:            5392 kB
Cached:          1680904 kB
SwapCached:            0 kB
Active:          1350400 kB
Inactive:        1453456 kB
Active(anon):    1124276 kB
Inactive(anon):    18444 kB
Active(file):     226124 kB
Inactive(file):  1435012 kB
Unevictable:        5724 kB
Mlocked:            5724 kB
SwapTotal:       3670008 kB
SwapFree:        3670008 kB
Dirty:               536 kB
Writeback:             0 kB
AnonPages:       1123456 kB
Mapped:           814648 kB
Shmem:             20476 kB
KReclaimable:     612544 kB
Slab:             225812 kB
SReclaimable:      69560 kB
SUnreclaim:       156252 kB
KernelStack:       46048 kB
PageTables:        60304 kB
NFS_Unstable:          0 kB
Bounce:                0 kB
WritebackTmp:          0 kB
CommitLimit:     6660208 kB
Committed_AS:   71006300 kB
VmallocTotal:   263061440 kB
VmallocUsed:       86400 kB
VmallocChunk:          0 kB
Percpu:             7584 kB
CmaTotal:         315392 kB
CmaFree:               0 kB
MemTotal:        5980404 kB
MemFree:         1081008 kB
MemAvailable:    2792268 kB
Buffers:            5392 kB
Cached:          1680928 kB
SwapCached:            0 kB
Active:          1351260 kB
Inactive:        1453472 kB
Active(anon):    1125128 kB
Inactive(anon):    18456 kB
Active(file):     226132 kB
Inactive(file):  1435016 kB
Unevictable:        5724 kB
Mlocked:            5724 kB
SwapTotal:       3670008 kB
SwapFree:        3670008 kB
Dirty:               544 kB
Writeback:             0 kB
AnonPages:       1123956 kB
Mapped:           814596 kB
Shmem:             20488 kB
KReclaimable:     612544 kB
Slab:             225824 kB
SReclaimable:      69560 kB
SUnreclaim:       156264 kB
KernelStack:       46016 kB
PageTables:        60288 kB
NFS_Unstable:          0 kB
Bounce:                0 kB
WritebackTmp:          0 kB
CommitLimit:     6660208 kB
Committed_AS:   71007516 kB
VmallocTotal:   263061440 kB
VmallocUsed:       86352 kB
VmallocChunk:          0 kB
Percpu:             7584 kB
CmaTotal:         315392 kB
CmaFree:               0 kB
MemTotal:        5980404 kB
MemFree:         1080984 kB
MemAvailable:    2792244 kB
Buffers:            5392 kB
Cached:          1680928 kB
SwapCached:            0 kB
Active:          1351348 kB
Inactive:        1453472 kB
Active(anon):    1125216 kB
Inactive(anon):    18456 kB
Active(file):     226132 kB
Inactive(file):  1435016 kB
Unevictable:        5724 kB
Mlocked:            5724 kB
SwapTotal:       3670008 kB
SwapFree:        3670008 kB
Dirty:               588 kB
Writeback:             0 kB
AnonPages:       1124448 kB
Mapped:           814432 kB
Shmem:             20488 kB
KReclaimable:     612544 kB
Slab:             225848 kB
SReclaimable:      69560 kB
SUnreclaim:       156288 kB
KernelStack:       45984 kB
PageTables:        60092 kB
NFS_Unstable:          0 kB
Bounce:                0 kB
WritebackTmp:          0 kB
CommitLimit:     6660208 kB
Committed_AS:   71005632 kB
VmallocTotal:   263061440 kB
VmallocUsed:       86352 kB
VmallocChunk:          0 kB
Percpu:             7584 kB
CmaTotal:         315392 kB
CmaFree:               0 kB
MemTotal:        5980404 kB
MemFree:         1078608 kB
MemAvailable:    2789868 kB
Buffers:            5392 kB
Cached:          1680928 kB
SwapCached:            0 kB
Active:          1352452 kB
Inactive:        1453468 kB
Active(anon):    1126316 kB
Inactive(anon):    18456 kB
Active(file):     226136 kB
Inactive(file):  1435012 kB
Unevictable:        5724 kB
Mlocked:            5724 kB
SwapTotal:       3670008 kB
SwapFree:        3670008 kB
Dirty:               720 kB
Writeback:             0 kB
AnonPages:       1125064 kB
Mapped:           814660 kB
Shmem:             20488 kB
KReclaimable:     612544 kB
Slab:             225860 kB
SReclaimable:      69560 kB
SUnreclaim:       156300 kB
KernelStack:       46016 kB
PageTables:        60196 kB
NFS_Unstable:          0 kB
Bounce:                0 kB
WritebackTmp:          0 kB
CommitLimit:     6660208 kB
Committed_AS:   71010788 kB
VmallocTotal:   263061440 kB
VmallocUsed:       86400 kB
VmallocChunk:          0 kB
Percpu:             7584 kB
CmaTotal:         315392 kB
CmaFree:               0 kB
MemTotal:        5980404 kB
MemFree:         1080128 kB
MemAvailable:    2791412 kB
Buffers:            5400 kB
Cached:          1680940 kB
SwapCached:            0 kB
Active:          1352888 kB
Inactive:        1453484 kB
Active(anon):    1126748 kB
Inactive(anon):    18456 kB
Active(file):     226140 kB
Inactive(file):  1435028 kB
Unevictable:        5724 kB
Mlocked:            5724 kB
SwapTotal:       3670008 kB
SwapFree:        3670008 kB
Dirty:               968 kB
Writeback:             0 kB
AnonPages:       1125588 kB
Mapped:           814496 kB
Shmem:             20488 kB
KReclaimable:     612548 kB
Slab:             225860 kB
SReclaimable:      69564 kB
SUnreclaim:       156296 kB
KernelStack:       46000 kB
PageTables:        60088 kB
NFS_Unstable:          0 kB
Bounce:                0 kB
WritebackTmp:          0 kB
CommitLimit:     6660208 kB
Committed_AS:   71009804 kB
VmallocTotal:   263061440 kB
VmallocUsed:       86384 kB
VmallocChunk:          0 kB
Percpu:             7584 kB
CmaTotal:         315392 kB
CmaFree:               0 kB
MemTotal:        5980404 kB
MemFree:         1077408 kB
MemAvailable:    2788696 kB
Buffers:            5400 kB
Cached:          1680948 kB
SwapCached:            0 kB
Active:          1354468 kB
Inactive:        1453488 kB
Active(anon):    1128324 kB
Inactive(anon):    18460 kB
Active(file):     226144 kB
Inactive(file):  1435028 kB
Unevictable:        5724 kB
Mlocked:            5724 kB
SwapTotal:       3670008 kB
SwapFree:        3670008 kB
Dirty:              1276 kB
Writeback:             0 kB
AnonPages:       1127240 kB
Mapped:           814500 kB
Shmem:             20492 kB
KReclaimable:     612548 kB
Slab:             225876 kB
SReclaimable:      69564 kB
SUnreclaim:       156312 kB
KernelStack:       46000 kB
PageTables:        60196 kB
NFS_Unstable:          0 kB
Bounce:                0 kB
WritebackTmp:          0 kB
CommitLimit:     6660208 kB
Committed_AS:   71008484 kB
VmallocTotal:   263061440 kB
VmallocUsed:       86384 kB
VmallocChunk:          0 kB
Percpu:             7584 kB
CmaTotal:         315392 kB
CmaFree:               0 kB
MemTotal:        5980404 kB
MemFree:         1079540 kB
MemAvailable:    2790828 kB
Buffers:            5400 kB
Cached:          1680948 kB
SwapCached:            0 kB
Active:          1353516 kB
Inactive:        1453488 kB
Active(anon):    1127372 kB
Inactive(anon):    18460 kB
Active(file):     226144 kB
Inactive(file):  1435028 kB
Unevictable:        5724 kB
Mlocked:            5724 kB
SwapTotal:       3670008 kB
SwapFree:        3670008 kB
Dirty:              1460 kB
Writeback:             0 kB
AnonPages:       1126120 kB
Mapped:           814680 kB
Shmem:             20492 kB
KReclaimable:     612548 kB
Slab:             225872 kB
SReclaimable:      69564 kB
SUnreclaim:       156308 kB
KernelStack:       45984 kB
PageTables:        60208 kB
NFS_Unstable:          0 kB
Bounce:                0 kB
WritebackTmp:          0 kB
CommitLimit:     6660208 kB
Committed_AS:   71009580 kB
VmallocTotal:   263061440 kB
VmallocUsed:       86368 kB
VmallocChunk:          0 kB
Percpu:             7584 kB
CmaTotal:         315392 kB
CmaFree:               0 kB
MemTotal:        5980404 kB
MemFree:         1078604 kB
MemAvailable:    2789892 kB
Buffers:            5400 kB
Cached:          1680948 kB
SwapCached:            0 kB
Active:          1354060 kB
Inactive:        1453488 kB
Active(anon):    1127916 kB
Inactive(anon):    18460 kB
Active(file):     226144 kB
Inactive(file):  1435028 kB
Unevictable:        5724 kB
Mlocked:            5724 kB
SwapTotal:       3670008 kB
SwapFree:        3670008 kB
Dirty:              1496 kB
Writeback:             0 kB
AnonPages:       1127104 kB
Mapped:           814552 kB
Shmem:             20492 kB
KReclaimable:     612548 kB
Slab:             225880 kB
SReclaimable:      69564 kB
SUnreclaim:       156316 kB
KernelStack:       46000 kB
PageTables:        60132 kB
NFS_Unstable:          0 kB
Bounce:                0 kB
WritebackTmp:          0 kB
CommitLimit:     6660208 kB
Committed_AS:   71007572 kB
VmallocTotal:   263061440 kB
VmallocUsed:       86368 kB
VmallocChunk:          0 kB
Percpu:             7584 kB
CmaTotal:         315392 kB
CmaFree:               0 kB
MemTotal:        5980404 kB
MemFree:         1078820 kB
MemAvailable:    2790108 kB
Buffers:            5400 kB
Cached:          1680952 kB
SwapCached:            0 kB
Active:          1354400 kB
Inactive:        1453492 kB
Active(anon):    1128256 kB
Inactive(anon):    18464 kB
Active(file):     226144 kB
Inactive(file):  1435028 kB
Unevictable:        5724 kB
Mlocked:            5724 kB
SwapTotal:       3670008 kB
SwapFree:        3670008 kB
Dirty:              1496 kB
Writeback:             0 kB
AnonPages:       1127344 kB
Mapped:           814440 kB
Shmem:             20496 kB
KReclaimable:     612548 kB
Slab:             225888 kB
SReclaimable:      69564 kB
SUnreclaim:       156324 kB
KernelStack:       45968 kB
PageTables:        60180 kB
NFS_Unstable:          0 kB
Bounce:                0 kB
WritebackTmp:          0 kB
CommitLimit:     6660208 kB
Committed_AS:   71006344 kB
VmallocTotal:   263061440 kB
VmallocUsed:       86400 kB
VmallocChunk:          0 kB
Percpu:             7584 kB
CmaTotal:         315392 kB
CmaFree:               0 kB
MemTotal:        5980404 kB
MemFree:         1078336 kB
MemAvailable:    2789624 kB
Buffers:            5400 kB
Cached:          1680952 kB
SwapCached:            0 kB
Active:          1353904 kB
Inactive:        1453492 kB
Active(anon):    1127760 kB
Inactive(anon):    18464 kB
Active(file):     226144 kB
Inactive(file):  1435028 kB
Unevictable:        5724 kB
Mlocked:            5724 kB
SwapTotal:       3670008 kB
SwapFree:        3670008 kB
Dirty:              1496 kB
Writeback:             0 kB
AnonPages:       1126792 kB
Mapped:           814440 kB
Shmem:             20496 kB
KReclaimable:     612548 kB
Slab:             225872 kB
SReclaimable:      69564 kB
SUnreclaim:       156308 kB
KernelStack:       45952 kB
PageTables:        60020 kB
NFS_Unstable:          0 kB
Bounce:                0 kB
WritebackTmp:          0 kB
CommitLimit:     6660208 kB
Committed_AS:   71006824 kB
VmallocTotal:   263061440 kB
VmallocUsed:       86352 kB
VmallocChunk:          0 kB
Percpu:             7584 kB
CmaTotal:         315392 kB
CmaFree:               0 kB
MemTotal:        5980404 kB
MemFree:         1077728 kB
MemAvailable:    2789016 kB
Buffers:            5400 kB
Cached:          1680952 kB
SwapCached:            0 kB
Active:          1353612 kB
Inactive:        1453492 kB
Active(anon):    1127468 kB
Inactive(anon):    18464 kB
Active(file):     226144 kB
Inactive(file):  1435028 kB
Unevictable:        5724 kB
Mlocked:            5724 kB
SwapTotal:       3670008 kB
SwapFree:        3670008 kB
Dirty:               436 kB
Writeback:             0 kB
AnonPages:       1126504 kB
Mapped:           814440 kB
Shmem:             20496 kB
KReclaimable:     612548 kB
Slab:             225928 kB
SReclaimable:      69564 kB
SUnreclaim:       156364 kB
KernelStack:       46000 kB
PageTables:        60176 kB
NFS_Unstable:          0 kB
Bounce:                0 kB
WritebackTmp:          0 kB
CommitLimit:     6660208 kB
Committed_AS:   71005944 kB
VmallocTotal:   263061440 kB
VmallocUsed:       86384 kB
VmallocChunk:          0 kB
Percpu:             7584 kB
CmaTotal:         315392 kB
CmaFree:               0 kB
MemTotal:        5980404 kB
MemFree:         1078244 kB
MemAvailable:    2789532 kB
Buffers:            5400 kB
Cached:          1680956 kB
SwapCached:            0 kB
Active:          1353960 kB
Inactive:        1453496 kB
Active(anon):    1127816 kB
Inactive(anon):    18468 kB
Active(file):     226144 kB
Inactive(file):  1435028 kB
Unevictable:        5724 kB
Mlocked:            5724 kB
SwapTotal:       3670008 kB
SwapFree:        3670008 kB
Dirty:               436 kB
Writeback:             0 kB
AnonPages:       1126740 kB
Mapped:           814444 kB
Shmem:             20500 kB
KReclaimable:     612548 kB
Slab:             225932 kB
SReclaimable:      69564 kB
SUnreclaim:       156368 kB
KernelStack:       46048 kB
PageTables:        60292 kB
NFS_Unstable:          0 kB
Bounce:                0 kB
WritebackTmp:          0 kB
CommitLimit:     6660208 kB
Committed_AS:   71007480 kB
VmallocTotal:   263061440 kB
VmallocUsed:       86352 kB
VmallocChunk:          0 kB
Percpu:             7584 kB
CmaTotal:         315392 kB
CmaFree:               0 kB
MemTotal:        5980404 kB
MemFree:         1077068 kB
MemAvailable:    2788352 kB
Buffers:            5400 kB
Cached:          1680956 kB
SwapCached:            0 kB
Active:          1354592 kB
Inactive:        1453496 kB
Active(anon):    1128448 kB
Inactive(anon):    18468 kB
Active(file):     226144 kB
Inactive(file):  1435028 kB
Unevictable:        5724 kB
Mlocked:            5724 kB
SwapTotal:       3670008 kB
SwapFree:        3670008 kB
Dirty:               500 kB
Writeback:             0 kB
AnonPages:       1127580 kB
Mapped:           814668 kB
Shmem:             20500 kB
KReclaimable:     612544 kB
Slab:             225936 kB
SReclaimable:      69560 kB
SUnreclaim:       156376 kB
KernelStack:       46016 kB
PageTables:        60304 kB
NFS_Unstable:          0 kB
Bounce:                0 kB
WritebackTmp:          0 kB
CommitLimit:     6660208 kB
Committed_AS:   71012536 kB
VmallocTotal:   263061440 kB
VmallocUsed:       86368 kB
VmallocChunk:          0 kB
Percpu:             7584 kB
CmaTotal:         315392 kB
CmaFree:               0 kB
MemTotal:        5980404 kB
MemFree:         1076248 kB
MemAvailable:    2787532 kB
Buffers:            5400 kB
Cached:          1680956 kB
SwapCached:            0 kB
Active:          1354952 kB
Inactive:        1453496 kB
Active(anon):    1128808 kB
Inactive(anon):    18468 kB
Active(file):     226144 kB
Inactive(file):  1435028 kB
Unevictable:        5724 kB
Mlocked:            5724 kB
SwapTotal:       3670008 kB
SwapFree:        3670008 kB
Dirty:               544 kB
Writeback:             0 kB
AnonPages:       1127644 kB
Mapped:           814672 kB
Shmem:             20500 kB
KReclaimable:     612544 kB
Slab:             225920 kB
SReclaimable:      69560 kB
SUnreclaim:       156360 kB
KernelStack:       46000 kB
PageTables:        60176 kB
NFS_Unstable:          0 kB
Bounce:                0 kB
WritebackTmp:          0 kB
CommitLimit:     6660208 kB
Committed_AS:   71012184 kB
VmallocTotal:   263061440 kB
VmallocUsed:       86368 kB
VmallocChunk:          0 kB
Percpu:             7584 kB
CmaTotal:         315392 kB
CmaFree:               0 kB
MemTotal:        5980404 kB
MemFree:         1076728 kB
MemAvailable:    2788020 kB
Buffers:            5400 kB
Cached:          1680964 kB
SwapCached:            0 kB
Active:          1355048 kB
Inactive:        1453504 kB
Active(anon):    1128904 kB
Inactive(anon):    18468 kB
Active(file):     226144 kB
Inactive(file):  1435036 kB
Unevictable:        5724 kB
Mlocked:            5724 kB
SwapTotal:       3670008 kB
SwapFree:        3670008 kB
Dirty:               564 kB
Writeback:             0 kB
AnonPages:       1127964 kB
Mapped:           814804 kB
Shmem:             20500 kB
KReclaimable:     612544 kB
Slab:             225928 kB
SReclaimable:      69560 kB
SUnreclaim:       156368 kB
KernelStack:       45984 kB
PageTables:        60180 kB
NFS_Unstable:          0 kB
Bounce:                0 kB
WritebackTmp:          0 kB
CommitLimit:     6660208 kB
Committed_AS:   71009496 kB
VmallocTotal:   263061440 kB
VmallocUsed:       86384 kB
VmallocChunk:          0 kB
Percpu:             7584 kB
CmaTotal:         315392 kB
CmaFree:               0 kB
MemTotal:        5980404 kB
MemFree:         1076516 kB
MemAvailable:    2787808 kB
Buffers:            5400 kB
Cached:          1680964 kB
SwapCached:            0 kB
Active:          1355320 kB
Inactive:        1453504 kB
Active(anon):    1129176 kB
Inactive(anon):    18468 kB
Active(file):     226144 kB
Inactive(file):  1435036 kB
Unevictable:        5724 kB
Mlocked:            5724 kB
SwapTotal:       3670008 kB
SwapFree:        3670008 kB
Dirty:               600 kB
Writeback:             0 kB
AnonPages:       1128632 kB
Mapped:           814704 kB
Shmem:             20500 kB
KReclaimable:     612544 kB
Slab:             225920 kB
SReclaimable:      69560 kB
SUnreclaim:       156360 kB
KernelStack:       46048 kB
PageTables:        60220 kB
NFS_Unstable:          0 kB
Bounce:                0 kB
WritebackTmp:          0 kB
CommitLimit:     6660208 kB
Committed_AS:   71011036 kB
VmallocTotal:   263061440 kB
VmallocUsed:       86368 kB
VmallocChunk:          0 kB
Percpu:             7584 kB
CmaTotal:         315392 kB
CmaFree:               0 kB
MemTotal:        5980404 kB
MemFree:         1076500 kB
MemAvailable:    2787792 kB
Buffers:            5400 kB
Cached:          1680972 kB
SwapCached:            0 kB
Active:          1355552 kB
Inactive:        1453512 kB
Active(anon):    1129408 kB
Inactive(anon):    18476 kB
Active(file):     226144 kB
Inactive(file):  1435036 kB
Unevictable:        5724 kB
Mlocked:            5724 kB
SwapTotal:       3670008 kB
SwapFree:        3670008 kB
Dirty:               600 kB
Writeback:             0 kB
AnonPages:       1128332 kB
Mapped:           814680 kB
Shmem:             20508 kB
KReclaimable:     612544 kB
Slab:             225928 kB
SReclaimable:      69560 kB
SUnreclaim:       156368 kB
KernelStack:       46016 kB
PageTables:        60308 kB
NFS_Unstable:          0 kB
Bounce:                0 kB
WritebackTmp:          0 kB
CommitLimit:     6660208 kB
Committed_AS:   71008192 kB
VmallocTotal:   263061440 kB
VmallocUsed:       86352 kB
VmallocChunk:          0 kB
Percpu:             7584 kB
CmaTotal:         315392 kB
CmaFree:               0 kB
MemTotal:        5980404 kB
MemFree:         1076592 kB
MemAvailable:    2787884 kB
Buffers:            5400 kB
Cached:          1680972 kB
SwapCached:            0 kB
Active:          1355684 kB
Inactive:        1453512 kB
Active(anon):    1129540 kB
Inactive(anon):    18476 kB
Active(file):     226144 kB
Inactive(file):  1435036 kB
Unevictable:        5724 kB
Mlocked:            5724 kB
SwapTotal:       3670008 kB
SwapFree:        3670008 kB
Dirty:               600 kB
Writeback:             0 kB
AnonPages:       1128472 kB
Mapped:           814680 kB
Shmem:             20508 kB
KReclaimable:     612544 kB
Slab:             225928 kB
SReclaimable:      69560 kB
SUnreclaim:       156368 kB
KernelStack:       46032 kB
PageTables:        59964 kB
NFS_Unstable:          0 kB
Bounce:                0 kB
WritebackTmp:          0 kB
CommitLimit:     6660208 kB
Committed_AS:   71005972 kB
VmallocTotal:   263061440 kB
VmallocUsed:       86368 kB
VmallocChunk:          0 kB
Percpu:             7584 kB
CmaTotal:         315392 kB
CmaFree:               0 kB
MemTotal:        5980404 kB
MemFree:         1074972 kB
MemAvailable:    2786264 kB
Buffers:            5400 kB
Cached:          1680972 kB
SwapCached:            0 kB
Active:          1356192 kB
Inactive:        1453512 kB
Active(anon):    1130048 kB
Inactive(anon):    18476 kB
Active(file):     226144 kB
Inactive(file):  1435036 kB
Unevictable:        5724 kB
Mlocked:            5724 kB
SwapTotal:       3670008 kB
SwapFree:        3670008 kB
Dirty:               604 kB
Writeback:             0 kB
AnonPages:       1129124 kB
Mapped:           814516 kB
Shmem:             20508 kB
KReclaimable:     612544 kB
Slab:             225932 kB
SReclaimable:      69560 kB
SUnreclaim:       156372 kB
KernelStack:       46032 kB
PageTables:        60256 kB
NFS_Unstable:          0 kB
Bounce:                0 kB
WritebackTmp:          0 kB
CommitLimit:     6660208 kB
Committed_AS:   71011568 kB
VmallocTotal:   263061440 kB
VmallocUsed:       86384 kB
VmallocChunk:          0 kB
Percpu:             7584 kB
CmaTotal:         315392 kB
CmaFree:               0 kB
MemTotal:        5980404 kB
MemFree:         1076704 kB
MemAvailable:    2787996 kB
Buffers:            5400 kB
Cached:          1680972 kB
SwapCached:            0 kB
Active:          1356612 kB
Inactive:        1453512 kB
Active(anon):    1130468 kB
Inactive(anon):    18476 kB
Active(file):     226144 kB
Inactive(file):  1435036 kB
Unevictable:        5724 kB
Mlocked:            5724 kB
SwapTotal:       3670008 kB
SwapFree:        3670008 kB
Dirty:               648 kB
Writeback:             0 kB
AnonPages:       1129456 kB
Mapped:           814680 kB
Shmem:             20508 kB
KReclaimable:     612544 kB
Slab:             225936 kB
SReclaimable:      69560 kB
SUnreclaim:       156376 kB
KernelStack:       46016 kB
PageTables:        60184 kB
NFS_Unstable:          0 kB
Bounce:                0 kB
WritebackTmp:          0 kB
CommitLimit:     6660208 kB
Committed_AS:   71011316 kB
VmallocTotal:   263061440 kB
VmallocUsed:       86368 kB
VmallocChunk:          0 kB
Percpu:             7584 kB
CmaTotal:         315392 kB
CmaFree:               0 kB
MemTotal:        5980404 kB
MemFree:         1077028 kB
MemAvailable:    2788324 kB
Buffers:            5404 kB
Cached:          1680972 kB
SwapCached:            0 kB
Active:          1356916 kB
Inactive:        1453516 kB
Active(anon):    1130772 kB
Inactive(anon):    18476 kB
Active(file):     226144 kB
Inactive(file):  1435040 kB
Unevictable:        5724 kB
Mlocked:            5724 kB
SwapTotal:       3670008 kB
SwapFree:        3670008 kB
Dirty:               496 kB
Writeback:             0 kB
AnonPages:       1129860 kB
Mapped:           814452 kB
Shmem:             20508 kB
KReclaimable:     612544 kB
Slab:             225872 kB
SReclaimable:      69560 kB
SUnreclaim:       156312 kB
KernelStack:       45984 kB
PageTables:        60112 kB
NFS_Unstable:          0 kB
Bounce:                0 kB
WritebackTmp:          0 kB
CommitLimit:     6660208 kB
Committed_AS:   71009544 kB
VmallocTotal:   263061440 kB
VmallocUsed:       86368 kB
VmallocChunk:          0 kB
Percpu:             7584 kB
CmaTotal:         315392 kB
CmaFree:               0 kB
MemTotal:        5980404 kB
MemFree:         1075480 kB
MemAvailable:    2786788 kB
Buffers:            5404 kB
Cached:          1680984 kB
SwapCached:            0 kB
Active:          1356944 kB
Inactive:        1453524 kB
Active(anon):    1130796 kB
Inactive(anon):    18476 kB
Active(file):     226148 kB
Inactive(file):  1435048 kB
Unevictable:        5724 kB
Mlocked:            5724 kB
SwapTotal:       3670008 kB
SwapFree:        3670008 kB
Dirty:               488 kB
Writeback:             0 kB
AnonPages:       1129724 kB
Mapped:           814680 kB
Shmem:             20508 kB
KReclaimable:     612544 kB
Slab:             225892 kB
SReclaimable:      69560 kB
SUnreclaim:       156332 kB
KernelStack:       45984 kB
PageTables:        60052 kB
NFS_Unstable:          0 kB
Bounce:                0 kB
WritebackTmp:          0 kB
CommitLimit:     6660208 kB
Committed_AS:   71009172 kB
VmallocTotal:   263061440 kB
VmallocUsed:       86368 kB
VmallocChunk:          0 kB
Percpu:             7584 kB
CmaTotal:         315392 kB
CmaFree:               0 kB
MemTotal:        5980404 kB
MemFree:         1079068 kB
MemAvailable:    2790376 kB
Buffers:            5404 kB
Cached:          1680984 kB
SwapCached:            0 kB
Active:          1352624 kB
Inactive:        1453524 kB
Active(anon):    1126476 kB
Inactive(anon):    18476 kB
Active(file):     226148 kB
Inactive(file):  1435048 kB
Unevictable:        5724 kB
Mlocked:            5724 kB
SwapTotal:       3670008 kB
SwapFree:        3670008 kB
Dirty:               552 kB
Writeback:             0 kB
AnonPages:       1125556 kB
Mapped:           814516 kB
Shmem:             20508 kB
KReclaimable:     612544 kB
Slab:             225892 kB
SReclaimable:      69560 kB
SUnreclaim:       156332 kB
KernelStack:       46016 kB
PageTables:        60208 kB
NFS_Unstable:          0 kB
Bounce:                0 kB
WritebackTmp:          0 kB
CommitLimit:     6660208 kB
Committed_AS:   71009520 kB
VmallocTotal:   263061440 kB
VmallocUsed:       86400 kB
VmallocChunk:          0 kB
Percpu:             7584 kB
CmaTotal:         315392 kB
CmaFree:             268 kB
MemTotal:        5980404 kB
MemFree:         1078104 kB
MemAvailable:    2789404 kB
Buffers:            5404 kB
Cached:          1680976 kB
SwapCached:            0 kB
Active:          1353588 kB
Inactive:        1453520 kB
Active(anon):    1127444 kB
Inactive(anon):    18476 kB
Active(file):     226144 kB
Inactive(file):  1435044 kB
Unevictable:        5724 kB
Mlocked:            5724 kB
SwapTotal:       3670008 kB
SwapFree:        3670008 kB
Dirty:               580 kB
Writeback:             0 kB
AnonPages:       1126620 kB
Mapped:           814640 kB
Shmem:             20508 kB
KReclaimable:     612544 kB
Slab:             225892 kB
SReclaimable:      69560 kB
SUnreclaim:       156332 kB
KernelStack:       46064 kB
PageTables:        60292 kB
NFS_Unstable:          0 kB
Bounce:                0 kB
WritebackTmp:          0 kB
CommitLimit:     6660208 kB
Committed_AS:   71011304 kB
VmallocTotal:   263061440 kB
VmallocUsed:       86464 kB
VmallocChunk:          0 kB
Percpu:             7584 kB
CmaTotal:         315392 kB
CmaFree:               4 kB
MemTotal:        5980404 kB
MemFree:         1076332 kB
MemAvailable:    2787640 kB
Buffers:            5404 kB
Cached:          1680984 kB
SwapCached:            0 kB
Active:          1354012 kB
Inactive:        1453524 kB
Active(anon):    1127864 kB
Inactive(anon):    18476 kB
Active(file):     226148 kB
Inactive(file):  1435048 kB
Unevictable:        5724 kB
Mlocked:            5724 kB
SwapTotal:       3670008 kB
SwapFree:        3670008 kB
Dirty:               640 kB
Writeback:             0 kB
AnonPages:       1126740 kB
Mapped:           814720 kB
Shmem:             20508 kB
KReclaimable:     612544 kB
Slab:             225896 kB
SReclaimable:      69560 kB
SUnreclaim:       156336 kB
KernelStack:       46092 kB
PageTables:        60072 kB
NFS_Unstable:          0 kB
Bounce:                0 kB
WritebackTmp:          0 kB
CommitLimit:     6660208 kB
Committed_AS:   71009692 kB
VmallocTotal:   263061440 kB
VmallocUsed:       86464 kB
VmallocChunk:          0 kB
Percpu:             7584 kB
CmaTotal:         315392 kB
CmaFree:               4 kB
MemTotal:        5980404 kB
MemFree:         1077732 kB
MemAvailable:    2789040 kB
Buffers:            5404 kB
Cached:          1680984 kB
SwapCached:            0 kB
Active:          1354392 kB
Inactive:        1453524 kB
Active(anon):    1128244 kB
Inactive(anon):    18476 kB
Active(file):     226148 kB
Inactive(file):  1435048 kB
Unevictable:        5724 kB
Mlocked:            5724 kB
SwapTotal:       3670008 kB
SwapFree:        3670008 kB
Dirty:               504 kB
Writeback:             0 kB
AnonPages:       1127388 kB
Mapped:           814744 kB
Shmem:             20508 kB
KReclaimable:     612544 kB
Slab:             225892 kB
SReclaimable:      69560 kB
SUnreclaim:       156332 kB
KernelStack:       46112 kB
PageTables:        60456 kB
NFS_Unstable:          0 kB
Bounce:                0 kB
WritebackTmp:          0 kB
CommitLimit:     6660208 kB
Committed_AS:   71010028 kB
VmallocTotal:   263061440 kB
VmallocUsed:       86448 kB
VmallocChunk:          0 kB
Percpu:             7584 kB
CmaTotal:         315392 kB
CmaFree:               0 kB
MemTotal:        5980404 kB
MemFree:         1076728 kB
MemAvailable:    2788036 kB
Buffers:            5404 kB
Cached:          1680984 kB
SwapCached:            0 kB
Active:          1355248 kB
Inactive:        1453524 kB
Active(anon):    1129100 kB
Inactive(anon):    18476 kB
Active(file):     226148 kB
Inactive(file):  1435048 kB
Unevictable:        5724 kB
Mlocked:            5724 kB
SwapTotal:       3670008 kB
SwapFree:        3670008 kB
Dirty:               548 kB
Writeback:             0 kB
AnonPages:       1128224 kB
Mapped:           814680 kB
Shmem:             20508 kB
KReclaimable:     612544 kB
Slab:             225900 kB
SReclaimable:      69560 kB
SUnreclaim:       156340 kB
KernelStack:       46080 kB
PageTables:        59972 kB
NFS_Unstable:          0 kB
Bounce:                0 kB
WritebackTmp:          0 kB
CommitLimit:     6660208 kB
Committed_AS:   71005504 kB
VmallocTotal:   263061440 kB
VmallocUsed:       86448 kB
VmallocChunk:          0 kB
Percpu:             7584 kB
CmaTotal:         315392 kB
CmaFree:               0 kB
MemTotal:        5980404 kB
MemFree:         1076488 kB
MemAvailable:    2787796 kB
Buffers:            5404 kB
Cached:          1680984 kB
SwapCached:            0 kB
Active:          1355476 kB
Inactive:        1453524 kB
Active(anon):    1129328 kB
Inactive(anon):    18476 kB
Active(file):     226148 kB
Inactive(file):  1435048 kB
Unevictable:        5724 kB
Mlocked:            5724 kB
SwapTotal:       3670008 kB
SwapFree:        3670008 kB
Dirty:               568 kB
Writeback:             0 kB
AnonPages:       1128304 kB
Mapped:           814680 kB
Shmem:             20508 kB
KReclaimable:     612544 kB
Slab:             225900 kB
SReclaimable:      69560 kB
SUnreclaim:       156340 kB
KernelStack:       46064 kB
PageTables:        60520 kB
NFS_Unstable:          0 kB
Bounce:                0 kB
WritebackTmp:          0 kB
CommitLimit:     6660208 kB
Committed_AS:   71009792 kB
VmallocTotal:   263061440 kB
VmallocUsed:       86448 kB
VmallocChunk:          0 kB
Percpu:             7584 kB
CmaTotal:         315392 kB
CmaFree:               0 kB
MemTotal:        5980404 kB
MemFree:         1076572 kB
MemAvailable:    2787892 kB
Buffers:            5404 kB
Cached:          1680996 kB
SwapCached:            0 kB
Active:          1355968 kB
Inactive:        1453532 kB
Active(anon):    1129816 kB
Inactive(anon):    18476 kB
Active(file):     226152 kB
Inactive(file):  1435056 kB
Unevictable:        5724 kB
Mlocked:            5724 kB
SwapTotal:       3670008 kB
SwapFree:        3670008 kB
Dirty:               620 kB
Writeback:             0 kB
AnonPages:       1128836 kB
Mapped:           814680 kB
Shmem:             20508 kB
KReclaimable:     612544 kB
Slab:             225892 kB
SReclaimable:      69560 kB
SUnreclaim:       156332 kB
KernelStack:       46064 kB
PageTables:        60136 kB
NFS_Unstable:          0 kB
Bounce:                0 kB
WritebackTmp:          0 kB
CommitLimit:     6660208 kB
Committed_AS:   71009244 kB
VmallocTotal:   263061440 kB
VmallocUsed:       86448 kB
VmallocChunk:          0 kB
Percpu:             7584 kB
CmaTotal:         315392 kB
CmaFree:               0 kB
MemTotal:        5980404 kB
MemFree:         1076500 kB
MemAvailable:    2787816 kB
Buffers:            5404 kB
Cached:          1680996 kB
SwapCached:            0 kB
Active:          1356188 kB
Inactive:        1453536 kB
Active(anon):    1130040 kB
Inactive(anon):    18480 kB
Active(file):     226148 kB
Inactive(file):  1435056 kB
Unevictable:        5724 kB
Mlocked:            5724 kB
SwapTotal:       3670008 kB
SwapFree:        3670008 kB
Dirty:               628 kB
Writeback:             0 kB
AnonPages:       1129084 kB
Mapped:           814692 kB
Shmem:             20512 kB
KReclaimable:     612544 kB
Slab:             225900 kB
SReclaimable:      69560 kB
SUnreclaim:       156340 kB
KernelStack:       46064 kB
PageTables:        60104 kB
NFS_Unstable:          0 kB
Bounce:                0 kB
WritebackTmp:          0 kB
CommitLimit:     6660208 kB
Committed_AS:   71008456 kB
VmallocTotal:   263061440 kB
VmallocUsed:       86448 kB
VmallocChunk:          0 kB
Percpu:             7584 kB
CmaTotal:         315392 kB
CmaFree:               0 kB
MemTotal:        5980404 kB
MemFree:         1076296 kB
MemAvailable:    2787616 kB
Buffers:            5404 kB
Cached:          1681000 kB
SwapCached:            0 kB
Active:          1356516 kB
Inactive:        1453540 kB
Active(anon):    1130368 kB
Inactive(anon):    18480 kB
Active(file):     226148 kB
Inactive(file):  1435060 kB
Unevictable:        5724 kB
Mlocked:            5724 kB
SwapTotal:       3670008 kB
SwapFree:        3670008 kB
Dirty:               456 kB
Writeback:             0 kB
AnonPages:       1129624 kB
Mapped:           814684 kB
Shmem:             20512 kB
KReclaimable:     612544 kB
Slab:             225884 kB
SReclaimable:      69560 kB
SUnreclaim:       156324 kB
KernelStack:       46064 kB
PageTables:        60312 kB
NFS_Unstable:          0 kB
Bounce:                0 kB
WritebackTmp:          0 kB
CommitLimit:     6660208 kB
Committed_AS:   71009148 kB
VmallocTotal:   263061440 kB
VmallocUsed:       86480 kB
VmallocChunk:          0 kB
Percpu:             7584 kB
CmaTotal:         315392 kB
CmaFree:               0 kB
MemTotal:        5980404 kB
MemFree:         1075480 kB
MemAvailable:    2786800 kB
Buffers:            5404 kB
Cached:          1681004 kB
SwapCached:            0 kB
Active:          1357408 kB
Inactive:        1453544 kB
Active(anon):    1131260 kB
Inactive(anon):    18484 kB
Active(file):     226148 kB
Inactive(file):  1435060 kB
Unevictable:        5724 kB
Mlocked:            5724 kB
SwapTotal:       3670008 kB
SwapFree:        3670008 kB
Dirty:               536 kB
Writeback:             0 kB
AnonPages:       1130464 kB
Mapped:           814688 kB
Shmem:             20516 kB
KReclaimable:     612544 kB
Slab:             225888 kB
SReclaimable:      69560 kB
SUnreclaim:       156328 kB
KernelStack:       46112 kB
PageTables:        60312 kB
NFS_Unstable:          0 kB
Bounce:                0 kB
WritebackTmp:          0 kB
CommitLimit:     6660208 kB
Committed_AS:   71009808 kB
VmallocTotal:   263061440 kB
VmallocUsed:       86448 kB
VmallocChunk:          0 kB
Percpu:             7584 kB
CmaTotal:         315392 kB
CmaFree:               0 kB
MemTotal:        5980404 kB
MemFree:         1075384 kB
MemAvailable:    2786704 kB
Buffers:            5404 kB
Cached:          1681004 kB
SwapCached:            0 kB
Active:          1357916 kB
Inactive:        1453544 kB
Active(anon):    1131768 kB
Inactive(anon):    18484 kB
Active(file):     226148 kB
Inactive(file):  1435060 kB
Unevictable:        5724 kB
Mlocked:            5724 kB
SwapTotal:       3670008 kB
SwapFree:        3670008 kB
Dirty:               552 kB
Writeback:             0 kB
AnonPages:       1130784 kB
Mapped:           814648 kB
Shmem:             20516 kB
KReclaimable:     612544 kB
Slab:             225888 kB
SReclaimable:      69560 kB
SUnreclaim:       156328 kB
KernelStack:       46080 kB
PageTables:        60336 kB
NFS_Unstable:          0 kB
Bounce:                0 kB
WritebackTmp:          0 kB
CommitLimit:     6660208 kB
Committed_AS:   71012136 kB
VmallocTotal:   263061440 kB
VmallocUsed:       86448 kB
VmallocChunk:          0 kB
Percpu:             7584 kB
CmaTotal:         315392 kB
CmaFree:               0 kB
MemTotal:        5980404 kB
MemFree:         1074372 kB
MemAvailable:    2785692 kB
Buffers:            5404 kB
Cached:          1681004 kB
SwapCached:            0 kB
Active:          1358172 kB
Inactive:        1453544 kB
Active(anon):    1132024 kB
Inactive(anon):    18484 kB
Active(file):     226148 kB
Inactive(file):  1435060 kB
Unevictable:        5724 kB
Mlocked:            5724 kB
SwapTotal:       3670008 kB
SwapFree:        3670008 kB
Dirty:               592 kB
Writeback:             0 kB
AnonPages:       1131040 kB
Mapped:           814672 kB
Shmem:             20516 kB
KReclaimable:     612544 kB
Slab:             225892 kB
SReclaimable:      69560 kB
SUnreclaim:       156332 kB
KernelStack:       46080 kB
PageTables:        60260 kB
NFS_Unstable:          0 kB
Bounce:                0 kB
WritebackTmp:          0 kB
CommitLimit:     6660208 kB
Committed_AS:   71010236 kB
VmallocTotal:   263061440 kB
VmallocUsed:       86432 kB
VmallocChunk:          0 kB
Percpu:             7584 kB
CmaTotal:         315392 kB
CmaFree:               0 kB
MemTotal:        5980404 kB
MemFree:         1075252 kB
MemAvailable:    2786572 kB
Buffers:            5404 kB
Cached:          1681004 kB
SwapCached:            0 kB
Active:          1358044 kB
Inactive:        1453544 kB
Active(anon):    1131896 kB
Inactive(anon):    18484 kB
Active(file):     226148 kB
Inactive(file):  1435060 kB
Unevictable:        5724 kB
Mlocked:            5724 kB
SwapTotal:       3670008 kB
SwapFree:        3670008 kB
Dirty:               600 kB
Writeback:             0 kB
AnonPages:       1131400 kB
Mapped:           814688 kB
Shmem:             20516 kB
KReclaimable:     612544 kB
Slab:             225876 kB
SReclaimable:      69560 kB
SUnreclaim:       156316 kB
KernelStack:       46064 kB
PageTables:        60296 kB
NFS_Unstable:          0 kB
Bounce:                0 kB
WritebackTmp:          0 kB
CommitLimit:     6660208 kB
Committed_AS:   71012440 kB
VmallocTotal:   263061440 kB
VmallocUsed:       86432 kB
VmallocChunk:          0 kB
Percpu:             7584 kB
CmaTotal:         315392 kB
CmaFree:               0 kB
MemTotal:        5980404 kB
MemFree:         1073648 kB
MemAvailable:    2784968 kB
Buffers:            5404 kB
Cached:          1681012 kB
SwapCached:            0 kB
Active:          1358996 kB
Inactive:        1453552 kB
Active(anon):    1132848 kB
Inactive(anon):    18492 kB
Active(file):     226148 kB
Inactive(file):  1435060 kB
Unevictable:        5724 kB
Mlocked:            5724 kB
SwapTotal:       3670008 kB
SwapFree:        3670008 kB
Dirty:               628 kB
Writeback:             0 kB
AnonPages:       1131760 kB
Mapped:           814632 kB
Shmem:             20524 kB
KReclaimable:     612544 kB
Slab:             225872 kB
SReclaimable:      69560 kB
SUnreclaim:       156312 kB
KernelStack:       46032 kB
PageTables:        60280 kB
NFS_Unstable:          0 kB
Bounce:                0 kB
WritebackTmp:          0 kB
CommitLimit:     6660208 kB
Committed_AS:   71011676 kB
VmallocTotal:   263061440 kB
VmallocUsed:       86432 kB
VmallocChunk:          0 kB
Percpu:             7584 kB
CmaTotal:         315392 kB
CmaFree:               0 kB
MemTotal:        5980404 kB
MemFree:         1073536 kB
MemAvailable:    2784880 kB
Buffers:            5412 kB
Cached:          1681040 kB
SwapCached:            0 kB
Active:          1359276 kB
Inactive:        1453580 kB
Active(anon):    1133120 kB
Inactive(anon):    18504 kB
Active(file):     226156 kB
Inactive(file):  1435076 kB
Unevictable:        5724 kB
Mlocked:            5724 kB
SwapTotal:       3670008 kB
SwapFree:        3670008 kB
Dirty:               724 kB
Writeback:             0 kB
AnonPages:       1132232 kB
Mapped:           814708 kB
Shmem:             20536 kB
KReclaimable:     612544 kB
Slab:             225892 kB
SReclaimable:      69560 kB
SUnreclaim:       156332 kB
KernelStack:       46064 kB
PageTables:        60192 kB
NFS_Unstable:          0 kB
Bounce:                0 kB
WritebackTmp:          0 kB
CommitLimit:     6660208 kB
Committed_AS:   71008752 kB
VmallocTotal:   263061440 kB
VmallocUsed:       86464 kB
VmallocChunk:          0 kB
Percpu:             7584 kB
CmaTotal:         315392 kB
CmaFree:               0 kB
MemTotal:        5980404 kB
MemFree:         1073544 kB
MemAvailable:    2784888 kB
Buffers:            5412 kB
Cached:          1681044 kB
SwapCached:            0 kB
Active:          1359300 kB
Inactive:        1453584 kB
Active(anon):    1133144 kB
Inactive(anon):    18508 kB
Active(file):     226156 kB
Inactive(file):  1435076 kB
Unevictable:        5724 kB
Mlocked:            5724 kB
SwapTotal:       3670008 kB
SwapFree:        3670008 kB
Dirty:               776 kB
Writeback:             0 kB
AnonPages:       1132332 kB
Mapped:           813824 kB
Shmem:             20540 kB
KReclaimable:     612544 kB
Slab:             225884 kB
SReclaimable:      69560 kB
SUnreclaim:       156324 kB
KernelStack:       46096 kB
PageTables:        60268 kB
NFS_Unstable:          0 kB
Bounce:                0 kB
WritebackTmp:          0 kB
CommitLimit:     6660208 kB
Committed_AS:   71007052 kB
VmallocTotal:   263061440 kB
VmallocUsed:       86448 kB
VmallocChunk:          0 kB
Percpu:             7584 kB
CmaTotal:         315392 kB
CmaFree:               0 kB
MemTotal:        5980404 kB
MemFree:         1072388 kB
MemAvailable:    2783732 kB
Buffers:            5412 kB
Cached:          1681048 kB
SwapCached:            0 kB
Active:          1359724 kB
Inactive:        1453588 kB
Active(anon):    1133568 kB
Inactive(anon):    18512 kB
Active(file):     226156 kB
Inactive(file):  1435076 kB
Unevictable:        5724 kB
Mlocked:            5724 kB
SwapTotal:       3670008 kB
SwapFree:        3670008 kB
Dirty:               784 kB
Writeback:             0 kB
AnonPages:       1132556 kB
Mapped:           813992 kB
Shmem:             20544 kB
KReclaimable:     612544 kB
Slab:             225892 kB
SReclaimable:      69560 kB
SUnreclaim:       156332 kB
KernelStack:       46032 kB
PageTables:        60064 kB
NFS_Unstable:          0 kB
Bounce:                0 kB
WritebackTmp:          0 kB
CommitLimit:     6660208 kB
Committed_AS:   71008372 kB
VmallocTotal:   263061440 kB
VmallocUsed:       86432 kB
VmallocChunk:          0 kB
Percpu:             7584 kB
CmaTotal:         315392 kB
CmaFree:               0 kB
MemTotal:        5980404 kB
MemFree:         1073160 kB
MemAvailable:    2784504 kB
Buffers:            5412 kB
Cached:          1681048 kB
SwapCached:            0 kB
Active:          1360116 kB
Inactive:        1453588 kB
Active(anon):    1133960 kB
Inactive(anon):    18512 kB
Active(file):     226156 kB
Inactive(file):  1435076 kB
Unevictable:        5724 kB
Mlocked:            5724 kB
SwapTotal:       3670008 kB
SwapFree:        3670008 kB
Dirty:               788 kB
Writeback:             0 kB
AnonPages:       1132964 kB
Mapped:           813928 kB
Shmem:             20544 kB
KReclaimable:     612544 kB
Slab:             225880 kB
SReclaimable:      69560 kB
SUnreclaim:       156320 kB
KernelStack:       46076 kB
PageTables:        60064 kB
NFS_Unstable:          0 kB
Bounce:                0 kB
WritebackTmp:          0 kB
CommitLimit:     6660208 kB
Committed_AS:   71012216 kB
VmallocTotal:   263061440 kB
VmallocUsed:       86448 kB
VmallocChunk:          0 kB
Percpu:             7584 kB
CmaTotal:         315392 kB
CmaFree:               0 kB
MemTotal:        5980404 kB
MemFree:         1071056 kB
MemAvailable:    2782400 kB
Buffers:            5412 kB
Cached:          1681048 kB
SwapCached:            0 kB
Active:          1361240 kB
Inactive:        1453588 kB
Active(anon):    1135084 kB
Inactive(anon):    18512 kB
Active(file):     226156 kB
Inactive(file):  1435076 kB
Unevictable:        5724 kB
Mlocked:            5724 kB
SwapTotal:       3670008 kB
SwapFree:        3670008 kB
Dirty:               804 kB
Writeback:             0 kB
AnonPages:       1133912 kB
Mapped:           814036 kB
Shmem:             20544 kB
KReclaimable:     612544 kB
Slab:             225892 kB
SReclaimable:      69560 kB
SUnreclaim:       156332 kB
KernelStack:       46048 kB
PageTables:        60156 kB
NFS_Unstable:          0 kB
Bounce:                0 kB
WritebackTmp:          0 kB
CommitLimit:     6660208 kB
Committed_AS:   71012220 kB
VmallocTotal:   263061440 kB
VmallocUsed:       86432 kB
VmallocChunk:          0 kB
Percpu:             7584 kB
CmaTotal:         315392 kB
CmaFree:               0 kB
MemTotal:        5980404 kB
MemFree:         1071644 kB
MemAvailable:    2782988 kB
Buffers:            5412 kB
Cached:          1681048 kB
SwapCached:            0 kB
Active:          1361252 kB
Inactive:        1453588 kB
Active(anon):    1135096 kB
Inactive(anon):    18512 kB
Active(file):     226156 kB
Inactive(file):  1435076 kB
Unevictable:        5724 kB
Mlocked:            5724 kB
SwapTotal:       3670008 kB
SwapFree:        3670008 kB
Dirty:               852 kB
Writeback:             0 kB
AnonPages:       1134296 kB
Mapped:           813832 kB
Shmem:             20544 kB
KReclaimable:     612544 kB
Slab:             225896 kB
SReclaimable:      69560 kB
SUnreclaim:       156336 kB
KernelStack:       46080 kB
PageTables:        60236 kB
NFS_Unstable:          0 kB
Bounce:                0 kB
WritebackTmp:          0 kB
CommitLimit:     6660208 kB
Committed_AS:   71011712 kB
VmallocTotal:   263061440 kB
VmallocUsed:       86432 kB
VmallocChunk:          0 kB
Percpu:             7584 kB
CmaTotal:         315392 kB
CmaFree:               0 kB
MemTotal:        5980404 kB
MemFree:         1071044 kB
MemAvailable:    2782388 kB
Buffers:            5412 kB
Cached:          1681048 kB
SwapCached:            0 kB
Active:          1361460 kB
Inactive:        1453588 kB
Active(anon):    1135304 kB
Inactive(anon):    18512 kB
Active(file):     226156 kB
Inactive(file):  1435076 kB
Unevictable:        5724 kB
Mlocked:            5724 kB
SwapTotal:       3670008 kB
SwapFree:        3670008 kB
Dirty:               852 kB
Writeback:             0 kB
AnonPages:       1134348 kB
Mapped:           813992 kB
Shmem:             20544 kB
KReclaimable:     612544 kB
Slab:             225900 kB
SReclaimable:      69560 kB
SUnreclaim:       156340 kB
KernelStack:       46048 kB
PageTables:        60192 kB
NFS_Unstable:          0 kB
Bounce:                0 kB
WritebackTmp:          0 kB
CommitLimit:     6660208 kB
Committed_AS:   71014296 kB
VmallocTotal:   263061440 kB
VmallocUsed:       86464 kB
VmallocChunk:          0 kB
Percpu:             7584 kB
CmaTotal:         315392 kB
CmaFree:               0 kB
MemTotal:        5980404 kB
MemFree:         1070528 kB
MemAvailable:    2781872 kB
Buffers:            5412 kB
Cached:          1681048 kB
SwapCached:            0 kB
Active:          1362048 kB
Inactive:        1453588 kB
Active(anon):    1135892 kB
Inactive(anon):    18512 kB
Active(file):     226156 kB
Inactive(file):  1435076 kB
Unevictable:        5724 kB
Mlocked:            5724 kB
SwapTotal:       3670008 kB
SwapFree:        3670008 kB
Dirty:               888 kB
Writeback:             0 kB
AnonPages:       1135112 kB
Mapped:           813708 kB
Shmem:             20544 kB
KReclaimable:     612544 kB
Slab:             225888 kB
SReclaimable:      69560 kB
SUnreclaim:       156328 kB
KernelStack:       46048 kB
PageTables:        60168 kB
NFS_Unstable:          0 kB
Bounce:                0 kB
WritebackTmp:          0 kB
CommitLimit:     6660208 kB
Committed_AS:   71013804 kB
VmallocTotal:   263061440 kB
VmallocUsed:       86464 kB
VmallocChunk:          0 kB
Percpu:             7584 kB
CmaTotal:         315392 kB
CmaFree:               0 kB
MemTotal:        5980404 kB
MemFree:         1069400 kB
MemAvailable:    2780752 kB
Buffers:            5412 kB
Cached:          1681056 kB
SwapCached:            0 kB
Active:          1362472 kB
Inactive:        1453596 kB
Active(anon):    1136316 kB
Inactive(anon):    18512 kB
Active(file):     226156 kB
Inactive(file):  1435084 kB
Unevictable:        5724 kB
Mlocked:            5724 kB
SwapTotal:       3670008 kB
SwapFree:        3670008 kB
Dirty:               912 kB
Writeback:             0 kB
AnonPages:       1135272 kB
Mapped:           813992 kB
Shmem:             20544 kB
KReclaimable:     612544 kB
Slab:             225892 kB
SReclaimable:      69560 kB
SUnreclaim:       156332 kB
KernelStack:       46080 kB
PageTables:        60252 kB
NFS_Unstable:          0 kB
Bounce:                0 kB
WritebackTmp:          0 kB
CommitLimit:     6660208 kB
Committed_AS:   71010532 kB
VmallocTotal:   263061440 kB
VmallocUsed:       86496 kB
VmallocChunk:          0 kB
Percpu:             7584 kB
CmaTotal:         315392 kB
CmaFree:               0 kB
MemTotal:        5980404 kB
MemFree:         1069388 kB
MemAvailable:    2780748 kB
Buffers:            5412 kB
Cached:          1681068 kB
SwapCached:            0 kB
Active:          1363180 kB
Inactive:        1453604 kB
Active(anon):    1137020 kB
Inactive(anon):    18516 kB
Active(file):     226160 kB
Inactive(file):  1435088 kB
Unevictable:        5724 kB
Mlocked:            5724 kB
SwapTotal:       3670008 kB
SwapFree:        3670008 kB
Dirty:               920 kB
Writeback:             0 kB
AnonPages:       1135944 kB
Mapped:           813996 kB
Shmem:             20548 kB
KReclaimable:     612544 kB
Slab:             225880 kB
SReclaimable:      69560 kB
SUnreclaim:       156320 kB
KernelStack:       46048 kB
PageTables:        60060 kB
NFS_Unstable:          0 kB
Bounce:                0 kB
WritebackTmp:          0 kB
CommitLimit:     6660208 kB
Committed_AS:   71013328 kB
VmallocTotal:   263061440 kB
VmallocUsed:       86496 kB
VmallocChunk:          0 kB
Percpu:             7584 kB
CmaTotal:         315392 kB
CmaFree:               0 kB
MemTotal:        5980404 kB
MemFree:         1068616 kB
MemAvailable:    2779968 kB
Buffers:            5412 kB
Cached:          1681060 kB
SwapCached:            0 kB
Active:          1363480 kB
Inactive:        1453600 kB
Active(anon):    1137324 kB
Inactive(anon):    18516 kB
Active(file):     226156 kB
Inactive(file):  1435084 kB
Unevictable:        5724 kB
Mlocked:            5724 kB
SwapTotal:       3670008 kB
SwapFree:        3670008 kB
Dirty:               924 kB
Writeback:             0 kB
AnonPages:       1136576 kB
Mapped:           813996 kB
Shmem:             20548 kB
KReclaimable:     612544 kB
Slab:             225896 kB
SReclaimable:      69560 kB
SUnreclaim:       156336 kB
KernelStack:       46096 kB
PageTables:        60320 kB
NFS_Unstable:          0 kB
Bounce:                0 kB
WritebackTmp:          0 kB
CommitLimit:     6660208 kB
Committed_AS:   71015652 kB
VmallocTotal:   263061440 kB
VmallocUsed:       86496 kB
VmallocChunk:          0 kB
Percpu:             7584 kB
CmaTotal:         315392 kB
CmaFree:               0 kB
MemTotal:        5980404 kB
MemFree:         1067436 kB
MemAvailable:    2778788 kB
Buffers:            5412 kB
Cached:          1681060 kB
SwapCached:            0 kB
Active:          1363960 kB
Inactive:        1453600 kB
Active(anon):    1137804 kB
Inactive(anon):    18516 kB
Active(file):     226156 kB
Inactive(file):  1435084 kB
Unevictable:        5724 kB
Mlocked:            5724 kB
SwapTotal:       3670008 kB
SwapFree:        3670008 kB
Dirty:              1012 kB
Writeback:             0 kB
AnonPages:       1136804 kB
Mapped:           813996 kB
Shmem:             20548 kB
KReclaimable:     612544 kB
Slab:             225884 kB
SReclaimable:      69560 kB
SUnreclaim:       156324 kB
KernelStack:       46048 kB
PageTables:        60176 kB
NFS_Unstable:          0 kB
Bounce:                0 kB
WritebackTmp:          0 kB
CommitLimit:     6660208 kB
Committed_AS:   71014788 kB
VmallocTotal:   263061440 kB
VmallocUsed:       86496 kB
VmallocChunk:          0 kB
Percpu:             7584 kB
CmaTotal:         315392 kB
CmaFree:               0 kB
MemTotal:        5980404 kB
MemFree:         1066500 kB
MemAvailable:    2777852 kB
Buffers:            5412 kB
Cached:          1681060 kB
SwapCached:            0 kB
Active:          1364364 kB
Inactive:        1453600 kB
Active(anon):    1138208 kB
Inactive(anon):    18516 kB
Active(file):     226156 kB
Inactive(file):  1435084 kB
Unevictable:        5724 kB
Mlocked:            5724 kB
SwapTotal:       3670008 kB
SwapFree:        3670008 kB
Dirty:              1040 kB
Writeback:             0 kB
AnonPages:       1137276 kB
Mapped:           813976 kB
Shmem:             20548 kB
KReclaimable:     612544 kB
Slab:             225900 kB
SReclaimable:      69560 kB
SUnreclaim:       156340 kB
KernelStack:       46048 kB
PageTables:        60220 kB
NFS_Unstable:          0 kB
Bounce:                0 kB
WritebackTmp:          0 kB
CommitLimit:     6660208 kB
Committed_AS:   71015128 kB
VmallocTotal:   263061440 kB
VmallocUsed:       86464 kB
VmallocChunk:          0 kB
Percpu:             7584 kB
CmaTotal:         315392 kB
CmaFree:               0 kB
MemTotal:        5980404 kB
MemFree:         1066036 kB
MemAvailable:    2777400 kB
Buffers:            5416 kB
Cached:          1681076 kB
SwapCached:            0 kB
Active:          1364420 kB
Inactive:        1453620 kB
Active(anon):    1138264 kB
Inactive(anon):    18524 kB
Active(file):     226156 kB
Inactive(file):  1435096 kB
Unevictable:        5724 kB
Mlocked:            5724 kB
SwapTotal:       3670008 kB
SwapFree:        3670008 kB
Dirty:              1016 kB
Writeback:             0 kB
AnonPages:       1137604 kB
Mapped:           814068 kB
Shmem:             20556 kB
KReclaimable:     612544 kB
Slab:             225880 kB
SReclaimable:      69560 kB
SUnreclaim:       156320 kB
KernelStack:       46064 kB
PageTables:        60236 kB
NFS_Unstable:          0 kB
Bounce:                0 kB
WritebackTmp:          0 kB
CommitLimit:     6660208 kB
Committed_AS:   71013956 kB
VmallocTotal:   263061440 kB
VmallocUsed:       86496 kB
VmallocChunk:          0 kB
Percpu:             7584 kB
CmaTotal:         315392 kB
CmaFree:             160 kB
MemTotal:        5980404 kB
MemFree:         1067476 kB
MemAvailable:    2778844 kB
Buffers:            5416 kB
Cached:          1681080 kB
SwapCached:            0 kB
Active:          1365220 kB
Inactive:        1453620 kB
Active(anon):    1139060 kB
Inactive(anon):    18524 kB
Active(file):     226160 kB
Inactive(file):  1435096 kB
Unevictable:        5724 kB
Mlocked:            5724 kB
SwapTotal:       3670008 kB
SwapFree:        3670008 kB
Dirty:              1068 kB
Writeback:             0 kB
AnonPages:       1138008 kB
Mapped:           814020 kB
Shmem:             20556 kB
KReclaimable:     612544 kB
Slab:             225868 kB
SReclaimable:      69560 kB
SUnreclaim:       156308 kB
KernelStack:       46064 kB
PageTables:        60232 kB
NFS_Unstable:          0 kB
Bounce:                0 kB
WritebackTmp:          0 kB
CommitLimit:     6660208 kB
Committed_AS:   71013708 kB
VmallocTotal:   263061440 kB
VmallocUsed:       86480 kB
VmallocChunk:          0 kB
Percpu:             7584 kB
CmaTotal:         315392 kB
CmaFree:               0 kB
MemTotal:        5980404 kB
MemFree:         1065076 kB
MemAvailable:    2776444 kB
Buffers:            5416 kB
Cached:          1681080 kB
SwapCached:            0 kB
Active:          1365720 kB
Inactive:        1453620 kB
Active(anon):    1139560 kB
Inactive(anon):    18524 kB
Active(file):     226160 kB
Inactive(file):  1435096 kB
Unevictable:        5724 kB
Mlocked:            5724 kB
SwapTotal:       3670008 kB
SwapFree:        3670008 kB
Dirty:              1080 kB
Writeback:             0 kB
AnonPages:       1138700 kB
Mapped:           814004 kB
Shmem:             20556 kB
KReclaimable:     612544 kB
Slab:             225904 kB
SReclaimable:      69560 kB
SUnreclaim:       156344 kB
KernelStack:       46048 kB
PageTables:        60192 kB
NFS_Unstable:          0 kB
Bounce:                0 kB
WritebackTmp:          0 kB
CommitLimit:     6660208 kB
Committed_AS:   71015500 kB
VmallocTotal:   263061440 kB
VmallocUsed:       86464 kB
VmallocChunk:          0 kB
Percpu:             7584 kB
CmaTotal:         315392 kB
CmaFree:               0 kB
MemTotal:        5980404 kB
MemFree:         1075256 kB
MemAvailable:    2786628 kB
Buffers:            5416 kB
Cached:          1681084 kB
SwapCached:            0 kB
Active:          1355576 kB
Inactive:        1453620 kB
Active(anon):    1129412 kB
Inactive(anon):    18524 kB
Active(file):     226164 kB
Inactive(file):  1435096 kB
Unevictable:        5724 kB
Mlocked:            5724 kB
SwapTotal:       3670008 kB
SwapFree:        3670008 kB
Dirty:              1136 kB
Writeback:             0 kB
AnonPages:       1128500 kB
Mapped:           814188 kB
Shmem:             20556 kB
KReclaimable:     612544 kB
Slab:             225888 kB
SReclaimable:      69560 kB
SUnreclaim:       156328 kB
KernelStack:       46032 kB
PageTables:        60040 kB
NFS_Unstable:          0 kB
Bounce:                0 kB
WritebackTmp:          0 kB
CommitLimit:     6660208 kB
Committed_AS:   71018132 kB
VmallocTotal:   263061440 kB
VmallocUsed:       86496 kB
VmallocChunk:          0 kB
Percpu:             7584 kB
CmaTotal:         315392 kB
CmaFree:             200 kB
MemTotal:        5980404 kB
MemFree:         1077868 kB
MemAvailable:    2789236 kB
Buffers:            5416 kB
Cached:          1681080 kB
SwapCached:            0 kB
Active:          1352188 kB
Inactive:        1453620 kB
Active(anon):    1126028 kB
Inactive(anon):    18524 kB
Active(file):     226160 kB
Inactive(file):  1435096 kB
Unevictable:        5724 kB
Mlocked:            5724 kB
SwapTotal:       3670008 kB
SwapFree:        3670008 kB
Dirty:              1196 kB
Writeback:             0 kB
AnonPages:       1125080 kB
Mapped:           813776 kB
Shmem:             20556 kB
KReclaimable:     612544 kB
Slab:             225876 kB
SReclaimable:      69560 kB
SUnreclaim:       156316 kB
KernelStack:       46016 kB
PageTables:        59932 kB
NFS_Unstable:          0 kB
Bounce:                0 kB
WritebackTmp:          0 kB
CommitLimit:     6660208 kB
Committed_AS:   71012412 kB
VmallocTotal:   263061440 kB
VmallocUsed:       86448 kB
VmallocChunk:          0 kB
Percpu:             7584 kB
CmaTotal:         315392 kB
CmaFree:               0 kB
MemTotal:        5980404 kB
MemFree:         1077372 kB
MemAvailable:    2788744 kB
Buffers:            5416 kB
Cached:          1681084 kB
SwapCached:            0 kB
Active:          1352296 kB
Inactive:        1453624 kB
Active(anon):    1126136 kB
Inactive(anon):    18524 kB
Active(file):     226160 kB
Inactive(file):  1435100 kB
Unevictable:        5724 kB
Mlocked:            5724 kB
SwapTotal:       3670008 kB
SwapFree:        3670008 kB
Dirty:               440 kB
Writeback:             0 kB
AnonPages:       1125300 kB
Mapped:           814004 kB
Shmem:             20556 kB
KReclaimable:     612544 kB
Slab:             225916 kB
SReclaimable:      69560 kB
SUnreclaim:       156356 kB
KernelStack:       46048 kB
PageTables:        60180 kB
NFS_Unstable:          0 kB
Bounce:                0 kB
WritebackTmp:          0 kB
CommitLimit:     6660208 kB
Committed_AS:   71014228 kB
VmallocTotal:   263061440 kB
VmallocUsed:       86416 kB
VmallocChunk:          0 kB
Percpu:             7584 kB
CmaTotal:         315392 kB
CmaFree:             124 kB
MemTotal:        5980404 kB
MemFree:         1088964 kB
MemAvailable:    2800336 kB
Buffers:            5416 kB
Cached:          1680956 kB
SwapCached:            0 kB
Active:          1340388 kB
Inactive:        1453496 kB
Active(anon):    1114228 kB
Inactive(anon):    18396 kB
Active(file):     226160 kB
Inactive(file):  1435100 kB
Unevictable:        5724 kB
Mlocked:            5724 kB
SwapTotal:       3670008 kB
SwapFree:        3670008 kB
Dirty:               520 kB
Writeback:             0 kB
AnonPages:       1113244 kB
Mapped:           813772 kB
Shmem:             20428 kB
KReclaimable:     612544 kB
Slab:             225912 kB
SReclaimable:      69560 kB
SUnreclaim:       156352 kB
KernelStack:       46064 kB
PageTables:        60476 kB
NFS_Unstable:          0 kB
Bounce:                0 kB
WritebackTmp:          0 kB
CommitLimit:     6660208 kB
Committed_AS:   71014264 kB
VmallocTotal:   263061440 kB
VmallocUsed:       86432 kB
VmallocChunk:          0 kB
Percpu:             7584 kB
CmaTotal:         315392 kB
CmaFree:            1180 kB
MemTotal:        5980404 kB
MemFree:         1088304 kB
MemAvailable:    2799676 kB
Buffers:            5416 kB
Cached:          1680956 kB
SwapCached:            0 kB
Active:          1340860 kB
Inactive:        1453496 kB
Active(anon):    1114700 kB
Inactive(anon):    18396 kB
Active(file):     226160 kB
Inactive(file):  1435100 kB
Unevictable:        5724 kB
Mlocked:            5724 kB
SwapTotal:       3670008 kB
SwapFree:        3670008 kB
Dirty:               568 kB
Writeback:             0 kB
AnonPages:       1113824 kB
Mapped:           814004 kB
Shmem:             20428 kB
KReclaimable:     612544 kB
Slab:             225932 kB
SReclaimable:      69560 kB
SUnreclaim:       156372 kB
KernelStack:       46064 kB
PageTables:        60204 kB
NFS_Unstable:          0 kB
Bounce:                0 kB
WritebackTmp:          0 kB
CommitLimit:     6660208 kB
Committed_AS:   71013692 kB
VmallocTotal:   263061440 kB
VmallocUsed:       86432 kB
VmallocChunk:          0 kB
Percpu:             7584 kB
CmaTotal:         315392 kB
CmaFree:             484 kB
MemTotal:        5980404 kB
MemFree:         1088520 kB
MemAvailable:    2799900 kB
Buffers:            5416 kB
Cached:          1680964 kB
SwapCached:            0 kB
Active:          1340980 kB
Inactive:        1453500 kB
Active(anon):    1114816 kB
Inactive(anon):    18396 kB
Active(file):     226164 kB
Inactive(file):  1435104 kB
Unevictable:        5724 kB
Mlocked:            5724 kB
SwapTotal:       3670008 kB
SwapFree:        3670008 kB
Dirty:               572 kB
Writeback:             0 kB
AnonPages:       1114168 kB
Mapped:           813960 kB
Shmem:             20428 kB
KReclaimable:     612544 kB
Slab:             225916 kB
SReclaimable:      69560 kB
SUnreclaim:       156356 kB
KernelStack:       46076 kB
PageTables:        60336 kB
NFS_Unstable:          0 kB
Bounce:                0 kB
WritebackTmp:          0 kB
CommitLimit:     6660208 kB
Committed_AS:   71013636 kB
VmallocTotal:   263061440 kB
VmallocUsed:       86464 kB
VmallocChunk:          0 kB
Percpu:             7584 kB
CmaTotal:         315392 kB
CmaFree:             228 kB
MemTotal:        5980404 kB
MemFree:         1089748 kB
MemAvailable:    2801120 kB
Buffers:            5416 kB
Cached:          1680960 kB
SwapCached:            0 kB
Active:          1339668 kB
Inactive:        1453500 kB
Active(anon):    1113508 kB
Inactive(anon):    18400 kB
Active(file):     226160 kB
Inactive(file):  1435100 kB
Unevictable:        5724 kB
Mlocked:            5724 kB
SwapTotal:       3670008 kB
SwapFree:        3670008 kB
Dirty:               604 kB
Writeback:             0 kB
AnonPages:       1112372 kB
Mapped:           814068 kB
Shmem:             20432 kB
KReclaimable:     612544 kB
Slab:             225944 kB
SReclaimable:      69560 kB
SUnreclaim:       156384 kB
KernelStack:       46048 kB
PageTables:        60252 kB
NFS_Unstable:          0 kB
Bounce:                0 kB
WritebackTmp:          0 kB
CommitLimit:     6660208 kB
Committed_AS:   71017000 kB
VmallocTotal:   263061440 kB
VmallocUsed:       86448 kB
VmallocChunk:          0 kB
Percpu:             7584 kB
CmaTotal:         315392 kB
CmaFree:               0 kB
MemTotal:        5980404 kB
MemFree:         1089716 kB
MemAvailable:    2801096 kB
Buffers:            5416 kB
Cached:          1680968 kB
SwapCached:            0 kB
Active:          1339720 kB
Inactive:        1453508 kB
Active(anon):    1113560 kB
Inactive(anon):    18400 kB
Active(file):     226160 kB
Inactive(file):  1435108 kB
Unevictable:        5724 kB
Mlocked:            5724 kB
SwapTotal:       3670008 kB
SwapFree:        3670008 kB
Dirty:               444 kB
Writeback:             0 kB
AnonPages:       1112416 kB
Mapped:           814008 kB
Shmem:             20432 kB
KReclaimable:     612544 kB
Slab:             225912 kB
SReclaimable:      69560 kB
SUnreclaim:       156352 kB
KernelStack:       46016 kB
PageTables:        59956 kB
NFS_Unstable:          0 kB
Bounce:                0 kB
WritebackTmp:          0 kB
CommitLimit:     6660208 kB
Committed_AS:   71014720 kB
VmallocTotal:   263061440 kB
VmallocUsed:       86416 kB
VmallocChunk:          0 kB
Percpu:             7584 kB
CmaTotal:         315392 kB
CmaFree:               0 kB
MemTotal:        5980404 kB
MemFree:         1089216 kB
MemAvailable:    2800596 kB
Buffers:            5416 kB
Cached:          1680968 kB
SwapCached:            0 kB
Active:          1340380 kB
Inactive:        1453508 kB
Active(anon):    1114220 kB
Inactive(anon):    18400 kB
Active(file):     226160 kB
Inactive(file):  1435108 kB
Unevictable:        5724 kB
Mlocked:            5724 kB
SwapTotal:       3670008 kB
SwapFree:        3670008 kB
Dirty:               444 kB
Writeback:             0 kB
AnonPages:       1113100 kB
Mapped:           813968 kB
Shmem:             20432 kB
KReclaimable:     612544 kB
Slab:             225908 kB
SReclaimable:      69560 kB
SUnreclaim:       156348 kB
KernelStack:       46048 kB
PageTables:        60204 kB
NFS_Unstable:          0 kB
Bounce:                0 kB
WritebackTmp:          0 kB
CommitLimit:     6660208 kB
Committed_AS:   71015972 kB
VmallocTotal:   263061440 kB
VmallocUsed:       86432 kB
VmallocChunk:          0 kB
Percpu:             7584 kB
CmaTotal:         315392 kB
CmaFree:               0 kB
MemTotal:        5980404 kB
MemFree:         1089192 kB
MemAvailable:    2800572 kB
Buffers:            5416 kB
Cached:          1680968 kB
SwapCached:            0 kB
Active:          1340680 kB
Inactive:        1453508 kB
Active(anon):    1114520 kB
Inactive(anon):    18400 kB
Active(file):     226160 kB
Inactive(file):  1435108 kB
Unevictable:        5724 kB
Mlocked:            5724 kB
SwapTotal:       3670008 kB
SwapFree:        3670008 kB
Dirty:               496 kB
Writeback:             0 kB
AnonPages:       1113520 kB
Mapped:           814216 kB
Shmem:             20432 kB
KReclaimable:     612544 kB
Slab:             225908 kB
SReclaimable:      69560 kB
SUnreclaim:       156348 kB
KernelStack:       46064 kB
PageTables:        60036 kB
NFS_Unstable:          0 kB
Bounce:                0 kB
WritebackTmp:          0 kB
CommitLimit:     6660208 kB
Committed_AS:   71013216 kB
VmallocTotal:   263061440 kB
VmallocUsed:       86448 kB
VmallocChunk:          0 kB
Percpu:             7584 kB
CmaTotal:         315392 kB
CmaFree:               0 kB
MemTotal:        5980404 kB
MemFree:         1088568 kB
MemAvailable:    2799948 kB
Buffers:            5416 kB
Cached:          1680972 kB
SwapCached:            0 kB
Active:          1341772 kB
Inactive:        1453512 kB
Active(anon):    1115612 kB
Inactive(anon):    18404 kB
Active(file):     226160 kB
Inactive(file):  1435108 kB
Unevictable:        5724 kB
Mlocked:            5724 kB
SwapTotal:       3670008 kB
SwapFree:        3670008 kB
Dirty:               928 kB
Writeback:             0 kB
AnonPages:       1114912 kB
Mapped:           814068 kB
Shmem:             20436 kB
KReclaimable:     612544 kB
Slab:             225884 kB
SReclaimable:      69560 kB
SUnreclaim:       156324 kB
KernelStack:       46080 kB
PageTables:        60348 kB
NFS_Unstable:          0 kB
Bounce:                0 kB
WritebackTmp:          0 kB
CommitLimit:     6660208 kB
Committed_AS:   71016852 kB
VmallocTotal:   263061440 kB
VmallocUsed:       86496 kB
VmallocChunk:          0 kB
Percpu:             7584 kB
CmaTotal:         315392 kB
CmaFree:               0 kB
MemTotal:        5980404 kB
MemFree:         1088780 kB
MemAvailable:    2800160 kB
Buffers:            5416 kB
Cached:          1680984 kB
SwapCached:            0 kB
Active:          1342212 kB
Inactive:        1453524 kB
Active(anon):    1116052 kB
Inactive(anon):    18416 kB
Active(file):     226160 kB
Inactive(file):  1435108 kB
Unevictable:        5724 kB
Mlocked:            5724 kB
SwapTotal:       3670008 kB
SwapFree:        3670008 kB
Dirty:               576 kB
Writeback:             0 kB
AnonPages:       1114960 kB
Mapped:           813808 kB
Shmem:             20448 kB
KReclaimable:     612544 kB
Slab:             225956 kB
SReclaimable:      69560 kB
SUnreclaim:       156396 kB
KernelStack:       46032 kB
PageTables:        60152 kB
NFS_Unstable:          0 kB
Bounce:                0 kB
WritebackTmp:          0 kB
CommitLimit:     6660208 kB
Committed_AS:   71014508 kB
VmallocTotal:   263061440 kB
VmallocUsed:       86464 kB
