MemTotal:       12113144 kB
MemFree:         7129124 kB
MemAvailable:    8331552 kB
Buffers:            4704 kB
Cached:          1619916 kB
SwapCached:            0 kB
Active:          1555692 kB
Inactive:        1394004 kB
Active(anon):    1331640 kB
Inactive(anon):    21248 kB
Active(file):     224052 kB
Inactive(file):  1372756 kB
Unevictable:        5464 kB
Mlocked:            5464 kB
SwapTotal:       3145724 kB
SwapFree:        3145724 kB
Dirty:             37060 kB
Writeback:             0 kB
AnonPages:       1330356 kB
Mapped:           819540 kB
Shmem:             23232 kB
KReclaimable:     466412 kB
Slab:             217380 kB
SReclaimable:      72708 kB
SUnreclaim:       144672 kB
KernelStack:       48640 kB
PageTables:        65028 kB
NFS_Unstable:          0 kB
Bounce:                0 kB
WritebackTmp:          0 kB
CommitLimit:     9202296 kB
Committed_AS:   72975540 kB
VmallocTotal:   263061440 kB
VmallocUsed:      105872 kB
VmallocChunk:          0 kB
Percpu:             7616 kB
CmaTotal:         294912 kB
CmaFree:               0 kB
MemTotal:       12113144 kB
MemFree:         7020460 kB
MemAvailable:    8324528 kB
Buffers:            4704 kB
Cached:          1720528 kB
SwapCached:            0 kB
Active:          1561112 kB
Inactive:        1494180 kB
Active(anon):    1336664 kB
Inactive(anon):    21516 kB
Active(file):     224448 kB
Inactive(file):  1472664 kB
Unevictable:        5464 kB
Mlocked:            5464 kB
SwapTotal:       3145724 kB
SwapFree:        3145724 kB
Dirty:             37532 kB
Writeback:           184 kB
AnonPages:       1335788 kB
Mapped:           856556 kB
Shmem:             23428 kB
KReclaimable:     469084 kB
Slab:             218016 kB
SReclaimable:      73092 kB
SUnreclaim:       144924 kB
KernelStack:       49040 kB
PageTables:        66044 kB
NFS_Unstable:          0 kB
Bounce:                0 kB
WritebackTmp:          0 kB
CommitLimit:     9202296 kB
Committed_AS:   73812916 kB
VmallocTotal:   263061440 kB
VmallocUsed:      106248 kB
VmallocChunk:          0 kB
Percpu:             7616 kB
CmaTotal:         294912 kB
CmaFree:               0 kB
MemTotal:       12113144 kB
MemFree:         6841420 kB
MemAvailable:    8274372 kB
Buffers:            4704 kB
Cached:          1849532 kB
SwapCached:            0 kB
Active:          1606960 kB
Inactive:        1620944 kB
Active(anon):    1380036 kB
Inactive(anon):    21624 kB
Active(file):     226924 kB
Inactive(file):  1599320 kB
Unevictable:        5464 kB
Mlocked:            5464 kB
SwapTotal:       3145724 kB
SwapFree:        3145724 kB
Dirty:             64788 kB
Writeback:             0 kB
AnonPages:       1379412 kB
Mapped:           914688 kB
Shmem:             23564 kB
KReclaimable:     468592 kB
Slab:             220400 kB
SReclaimable:      73624 kB
SUnreclaim:       146776 kB
KernelStack:       49616 kB
PageTables:        67876 kB
NFS_Unstable:          0 kB
Bounce:                0 kB
WritebackTmp:          0 kB
CommitLimit:     9202296 kB
Committed_AS:   76631436 kB
VmallocTotal:   263061440 kB
VmallocUsed:      106792 kB
VmallocChunk:          0 kB
Percpu:             7616 kB
CmaTotal:         294912 kB
CmaFree:               0 kB
MemTotal:       12113144 kB
MemFree:         6781012 kB
MemAvailable:    8238396 kB
Buffers:            4704 kB
Cached:          1886368 kB
SwapCached:            0 kB
Active:          1627464 kB
Inactive:        1658072 kB
Active(anon):    1400884 kB
Inactive(anon):    21020 kB
Active(file):     226580 kB
Inactive(file):  1637052 kB
Unevictable:        5464 kB
Mlocked:            5464 kB
SwapTotal:       3145724 kB
SwapFree:        3145724 kB
Dirty:             64868 kB
Writeback:             0 kB
AnonPages:       1400008 kB
Mapped:           953024 kB
Shmem:             22960 kB
KReclaimable:     442680 kB
Slab:             220772 kB
SReclaimable:      73940 kB
SUnreclaim:       146832 kB
KernelStack:       50048 kB
PageTables:        68168 kB
NFS_Unstable:          0 kB
Bounce:                0 kB
WritebackTmp:          0 kB
CommitLimit:     9202296 kB
Committed_AS:   76733832 kB
VmallocTotal:   263061440 kB
VmallocUsed:      107160 kB
VmallocChunk:          0 kB
Percpu:             7616 kB
CmaTotal:         294912 kB
CmaFree:               0 kB
MemTotal:       12113144 kB
MemFree:         6754792 kB
MemAvailable:    8274824 kB
Buffers:            4708 kB
Cached:          1916444 kB
SwapCached:            0 kB
Active:          1623404 kB
Inactive:        1687644 kB
Active(anon):    1396252 kB
Inactive(anon):    21160 kB
Active(file):     227152 kB
Inactive(file):  1666484 kB
Unevictable:        5464 kB
Mlocked:            5464 kB
SwapTotal:       3145724 kB
SwapFree:        3145724 kB
Dirty:             64936 kB
Writeback:             0 kB
AnonPages:       1395432 kB
Mapped:           968148 kB
Shmem:             23096 kB
KReclaimable:     495100 kB
Slab:             220860 kB
SReclaimable:      74220 kB
SUnreclaim:       146640 kB
KernelStack:       50208 kB
PageTables:        67808 kB
NFS_Unstable:          0 kB
Bounce:                0 kB
WritebackTmp:          0 kB
CommitLimit:     9202296 kB
Committed_AS:   75430584 kB
VmallocTotal:   263061440 kB
VmallocUsed:      107368 kB
VmallocChunk:          0 kB
Percpu:             7616 kB
CmaTotal:         294912 kB
CmaFree:               0 kB
MemTotal:       12113144 kB
MemFree:         6708344 kB
MemAvailable:    8232916 kB
Buffers:            4708 kB
Cached:          1923020 kB
SwapCached:            0 kB
Active:          1667648 kB
Inactive:        1694176 kB
Active(anon):    1440492 kB
Inactive(anon):    21740 kB
Active(file):     227156 kB
Inactive(file):  1672436 kB
Unevictable:        5464 kB
Mlocked:            5464 kB
SwapTotal:       3145724 kB
SwapFree:        3145724 kB
Dirty:             65088 kB
Writeback:             0 kB
AnonPages:       1439404 kB
Mapped:           972728 kB
Shmem:             23708 kB
KReclaimable:     493684 kB
Slab:             220808 kB
SReclaimable:      74236 kB
SUnreclaim:       146572 kB
KernelStack:       50448 kB
PageTables:        68104 kB
NFS_Unstable:          0 kB
Bounce:                0 kB
WritebackTmp:          0 kB
CommitLimit:     9202296 kB
Committed_AS:   75484916 kB
VmallocTotal:   263061440 kB
VmallocUsed:      107600 kB
VmallocChunk:          0 kB
Percpu:             7616 kB
CmaTotal:         294912 kB
CmaFree:               0 kB
MemTotal:       12113144 kB
MemFree:         6682604 kB
MemAvailable:    8207224 kB
Buffers:            4708 kB
Cached:          1923152 kB
SwapCached:            0 kB
Active:          1691512 kB
Inactive:        1694204 kB
Active(anon):    1464252 kB
Inactive(anon):    21808 kB
Active(file):     227260 kB
Inactive(file):  1672396 kB
Unevictable:        5464 kB
Mlocked:            5464 kB
SwapTotal:       3145724 kB
SwapFree:        3145724 kB
Dirty:             65268 kB
Writeback:             0 kB
AnonPages:       1463468 kB
Mapped:           989704 kB
Shmem:             23776 kB
KReclaimable:     493668 kB
Slab:             220820 kB
SReclaimable:      74236 kB
SUnreclaim:       146584 kB
KernelStack:       50464 kB
PageTables:        68160 kB
NFS_Unstable:          0 kB
Bounce:                0 kB
WritebackTmp:          0 kB
CommitLimit:     9202296 kB
Committed_AS:   75525828 kB
VmallocTotal:   263061440 kB
VmallocUsed:      107568 kB
VmallocChunk:          0 kB
Percpu:             7616 kB
CmaTotal:         294912 kB
CmaFree:               0 kB
MemTotal:       12113144 kB
MemFree:         6263648 kB
MemAvailable:    7723424 kB
Buffers:            4708 kB
Cached:          1963788 kB
SwapCached:            0 kB
Active:          2012384 kB
Inactive:        1732332 kB
Active(anon):    1782484 kB
Inactive(anon):    30908 kB
Active(file):     229900 kB
Inactive(file):  1701424 kB
Unevictable:        5464 kB
Mlocked:            5464 kB
SwapTotal:       3145724 kB
SwapFree:        3145724 kB
Dirty:             65360 kB
Writeback:             0 kB
AnonPages:       1782084 kB
Mapped:          1009224 kB
Shmem:             32876 kB
KReclaimable:     313084 kB
Slab:             220960 kB
SReclaimable:      74316 kB
SUnreclaim:       146644 kB
KernelStack:       50544 kB
PageTables:        69156 kB
NFS_Unstable:          0 kB
Bounce:                0 kB
WritebackTmp:          0 kB
CommitLimit:     9202296 kB
Committed_AS:   75827636 kB
VmallocTotal:   263061440 kB
VmallocUsed:      107712 kB
VmallocChunk:          0 kB
Percpu:             7616 kB
CmaTotal:         294912 kB
CmaFree:               4 kB
MemTotal:       12113144 kB
MemFree:         5925100 kB
MemAvailable:    7391688 kB
Buffers:            4708 kB
Cached:          1961816 kB
SwapCached:            0 kB
Active:          2225004 kB
Inactive:        1727996 kB
Active(anon):    1992872 kB
Inactive(anon):    21812 kB
Active(file):     232132 kB
Inactive(file):  1706184 kB
Unevictable:        5464 kB
Mlocked:            5464 kB
SwapTotal:       3145724 kB
SwapFree:        3145724 kB
Dirty:             65400 kB
Writeback:             0 kB
AnonPages:       1992064 kB
Mapped:          1010008 kB
Shmem:             23780 kB
KReclaimable:     311716 kB
Slab:             221172 kB
SReclaimable:      74352 kB
SUnreclaim:       146820 kB
KernelStack:       50640 kB
PageTables:        69524 kB
NFS_Unstable:          0 kB
Bounce:                0 kB
WritebackTmp:          0 kB
CommitLimit:     9202296 kB
Committed_AS:   76015968 kB
VmallocTotal:   263061440 kB
VmallocUsed:      107760 kB
VmallocChunk:          0 kB
Percpu:             7616 kB
CmaTotal:         294912 kB
CmaFree:               0 kB
MemTotal:       12113144 kB
MemFree:         5839264 kB
MemAvailable:    7311784 kB
Buffers:            4708 kB
Cached:          1967836 kB
SwapCached:            0 kB
Active:          2282748 kB
Inactive:        1733824 kB
Active(anon):    2050412 kB
Inactive(anon):    21812 kB
Active(file):     232336 kB
Inactive(file):  1712012 kB
Unevictable:        5464 kB
Mlocked:            5464 kB
SwapTotal:       3145724 kB
SwapFree:        3145724 kB
Dirty:             65468 kB
Writeback:             0 kB
AnonPages:       2049696 kB
Mapped:          1019356 kB
Shmem:             23780 kB
KReclaimable:     311516 kB
Slab:             221296 kB
SReclaimable:      74352 kB
SUnreclaim:       146944 kB
KernelStack:       50640 kB
PageTables:        69920 kB
NFS_Unstable:          0 kB
Bounce:                0 kB
WritebackTmp:          0 kB
CommitLimit:     9202296 kB
Committed_AS:   76156952 kB
VmallocTotal:   263061440 kB
VmallocUsed:      107840 kB
VmallocChunk:          0 kB
Percpu:             7616 kB
CmaTotal:         294912 kB
CmaFree:               0 kB
MemTotal:       12113144 kB
MemFree:         5814504 kB
MemAvailable:    7309100 kB
Buffers:            4708 kB
Cached:          1989888 kB
SwapCached:            0 kB
Active:          2248240 kB
Inactive:        1752976 kB
Active(anon):    2013016 kB
Inactive(anon):    21792 kB
Active(file):     235224 kB
Inactive(file):  1731184 kB
Unevictable:        5464 kB
Mlocked:            5464 kB
SwapTotal:       3145724 kB
SwapFree:        3145724 kB
Dirty:             65516 kB
Writeback:             0 kB
AnonPages:       2012056 kB
Mapped:          1042576 kB
Shmem:             23760 kB
KReclaimable:     311552 kB
Slab:             221108 kB
SReclaimable:      74416 kB
SUnreclaim:       146692 kB
KernelStack:       50624 kB
PageTables:        70084 kB
NFS_Unstable:          0 kB
Bounce:                0 kB
WritebackTmp:          0 kB
CommitLimit:     9202296 kB
Committed_AS:   76248396 kB
VmallocTotal:   263061440 kB
VmallocUsed:      107808 kB
VmallocChunk:          0 kB
Percpu:             7616 kB
CmaTotal:         294912 kB
CmaFree:               0 kB
MemTotal:       12113144 kB
MemFree:         5758100 kB
MemAvailable:    7274964 kB
Buffers:            4708 kB
Cached:          1992452 kB
SwapCached:            0 kB
Active:          2287536 kB
Inactive:        1755620 kB
Active(anon):    2052260 kB
Inactive(anon):    21816 kB
Active(file):     235276 kB
Inactive(file):  1733804 kB
Unevictable:        5464 kB
Mlocked:            5464 kB
SwapTotal:       3145724 kB
SwapFree:        3145724 kB
Dirty:             66004 kB
Writeback:             0 kB
AnonPages:       2050940 kB
Mapped:          1046600 kB
Shmem:             23784 kB
KReclaimable:     350740 kB
Slab:             221448 kB
SReclaimable:      74420 kB
SUnreclaim:       147028 kB
KernelStack:       50580 kB
PageTables:        70008 kB
NFS_Unstable:          0 kB
Bounce:                0 kB
WritebackTmp:          0 kB
CommitLimit:     9202296 kB
Committed_AS:   76307776 kB
VmallocTotal:   263061440 kB
VmallocUsed:      107872 kB
VmallocChunk:          0 kB
Percpu:             7616 kB
CmaTotal:         294912 kB
CmaFree:               0 kB
MemTotal:       12113144 kB
MemFree:         5682480 kB
MemAvailable:    7208924 kB
Buffers:            4708 kB
Cached:          2006376 kB
SwapCached:            0 kB
Active:          2349472 kB
Inactive:        1767080 kB
Active(anon):    2111864 kB
Inactive(anon):    21832 kB
Active(file):     237608 kB
Inactive(file):  1745248 kB
Unevictable:        5464 kB
Mlocked:            5464 kB
SwapTotal:       3145724 kB
SwapFree:        3145724 kB
Dirty:             66088 kB
Writeback:             0 kB
AnonPages:       2110872 kB
Mapped:          1018512 kB
Shmem:             23800 kB
KReclaimable:     342352 kB
Slab:             222128 kB
SReclaimable:      74932 kB
SUnreclaim:       147196 kB
KernelStack:       50784 kB
PageTables:        69884 kB
NFS_Unstable:          0 kB
Bounce:                0 kB
WritebackTmp:          0 kB
CommitLimit:     9202296 kB
Committed_AS:   76361128 kB
VmallocTotal:   263061440 kB
VmallocUsed:      107984 kB
VmallocChunk:          0 kB
Percpu:             7616 kB
CmaTotal:         294912 kB
CmaFree:               0 kB
MemTotal:       12113144 kB
MemFree:         5671400 kB
MemAvailable:    7199232 kB
Buffers:            4708 kB
Cached:          2008052 kB
SwapCached:            0 kB
Active:          2358724 kB
Inactive:        1768620 kB
Active(anon):    2121108 kB
Inactive(anon):    21836 kB
Active(file):     237616 kB
Inactive(file):  1746784 kB
Unevictable:        5464 kB
Mlocked:            5464 kB
SwapTotal:       3145724 kB
SwapFree:        3145724 kB
Dirty:             66244 kB
Writeback:             0 kB
AnonPages:       2120184 kB
Mapped:          1019912 kB
Shmem:             23804 kB
KReclaimable:     342040 kB
Slab:             222236 kB
SReclaimable:      74956 kB
SUnreclaim:       147280 kB
KernelStack:       50768 kB
PageTables:        69976 kB
NFS_Unstable:          0 kB
Bounce:                0 kB
WritebackTmp:          0 kB
CommitLimit:     9202296 kB
Committed_AS:   76369008 kB
VmallocTotal:   263061440 kB
VmallocUsed:      108000 kB
VmallocChunk:          0 kB
Percpu:             7616 kB
CmaTotal:         294912 kB
CmaFree:               0 kB
MemTotal:       12113144 kB
MemFree:         5660132 kB
MemAvailable:    7191840 kB
Buffers:            4708 kB
Cached:          2012520 kB
SwapCached:            0 kB
Active:          2366352 kB
Inactive:        1773140 kB
Active(anon):    2128660 kB
Inactive(anon):    21848 kB
Active(file):     237692 kB
Inactive(file):  1751292 kB
Unevictable:        5464 kB
Mlocked:            5464 kB
SwapTotal:       3145724 kB
SwapFree:        3145724 kB
Dirty:             66448 kB
Writeback:             0 kB
AnonPages:       2127812 kB
Mapped:          1025572 kB
Shmem:             23816 kB
KReclaimable:     340624 kB
Slab:             222452 kB
SReclaimable:      75056 kB
SUnreclaim:       147396 kB
KernelStack:       51236 kB
PageTables:        70084 kB
NFS_Unstable:          0 kB
Bounce:                0 kB
WritebackTmp:          0 kB
CommitLimit:     9202296 kB
Committed_AS:   76395176 kB
VmallocTotal:   263061440 kB
VmallocUsed:      108448 kB
VmallocChunk:          0 kB
Percpu:             7616 kB
CmaTotal:         294912 kB
CmaFree:               0 kB
MemTotal:       12113144 kB
MemFree:         5659372 kB
MemAvailable:    7190884 kB
Buffers:            4708 kB
Cached:          2012540 kB
SwapCached:            0 kB
Active:          2367916 kB
Inactive:        1773156 kB
Active(anon):    2130220 kB
Inactive(anon):    21848 kB
Active(file):     237696 kB
Inactive(file):  1751308 kB
Unevictable:        5464 kB
Mlocked:            5464 kB
SwapTotal:       3145724 kB
SwapFree:        3145724 kB
Dirty:             66500 kB
Writeback:             0 kB
AnonPages:       2129428 kB
Mapped:          1027792 kB
Shmem:             23816 kB
KReclaimable:     340192 kB
Slab:             222524 kB
SReclaimable:      75080 kB
SUnreclaim:       147444 kB
KernelStack:       51296 kB
PageTables:        70132 kB
NFS_Unstable:          0 kB
Bounce:                0 kB
WritebackTmp:          0 kB
CommitLimit:     9202296 kB
Committed_AS:   76399108 kB
VmallocTotal:   263061440 kB
VmallocUsed:      108512 kB
VmallocChunk:          0 kB
Percpu:             7616 kB
CmaTotal:         294912 kB
CmaFree:               0 kB
MemTotal:       12113144 kB
MemFree:         5651820 kB
MemAvailable:    7185568 kB
Buffers:            4708 kB
Cached:          2014904 kB
SwapCached:            0 kB
Active:          2372308 kB
Inactive:        1774544 kB
Active(anon):    2133888 kB
Inactive(anon):    21860 kB
Active(file):     238420 kB
Inactive(file):  1752684 kB
Unevictable:        5464 kB
Mlocked:            5464 kB
SwapTotal:       3145724 kB
SwapFree:        3145724 kB
Dirty:             65860 kB
Writeback:             0 kB
AnonPages:       2132812 kB
Mapped:          1029472 kB
Shmem:             23828 kB
KReclaimable:     340464 kB
Slab:             222908 kB
SReclaimable:      75352 kB
SUnreclaim:       147556 kB
KernelStack:       51312 kB
PageTables:        70140 kB
NFS_Unstable:          0 kB
Bounce:                0 kB
WritebackTmp:          0 kB
CommitLimit:     9202296 kB
Committed_AS:   76395036 kB
VmallocTotal:   263061440 kB
VmallocUsed:      108544 kB
VmallocChunk:          0 kB
Percpu:             7616 kB
CmaTotal:         294912 kB
CmaFree:               4 kB
MemTotal:       12113144 kB
MemFree:         5654692 kB
MemAvailable:    7189348 kB
Buffers:            4708 kB
Cached:          2015552 kB
SwapCached:            0 kB
Active:          2370296 kB
Inactive:        1775272 kB
Active(anon):    2131704 kB
Inactive(anon):    21860 kB
Active(file):     238592 kB
Inactive(file):  1753412 kB
Unevictable:        5464 kB
Mlocked:            5464 kB
SwapTotal:       3145724 kB
SwapFree:        3145724 kB
Dirty:             66048 kB
Writeback:             0 kB
AnonPages:       2130824 kB
Mapped:          1030584 kB
Shmem:             23828 kB
KReclaimable:     340480 kB
Slab:             223004 kB
SReclaimable:      75400 kB
SUnreclaim:       147604 kB
KernelStack:       51292 kB
PageTables:        70004 kB
NFS_Unstable:          0 kB
Bounce:                0 kB
WritebackTmp:          0 kB
CommitLimit:     9202296 kB
Committed_AS:   76404976 kB
VmallocTotal:   263061440 kB
VmallocUsed:      108480 kB
VmallocChunk:          0 kB
Percpu:             7616 kB
CmaTotal:         294912 kB
CmaFree:               0 kB
MemTotal:       12113144 kB
MemFree:         5655240 kB
MemAvailable:    7189896 kB
Buffers:            4708 kB
Cached:          2015568 kB
SwapCached:            0 kB
Active:          2370256 kB
Inactive:        1775264 kB
Active(anon):    2131656 kB
Inactive(anon):    21860 kB
Active(file):     238600 kB
Inactive(file):  1753404 kB
Unevictable:        5464 kB
Mlocked:            5464 kB
SwapTotal:       3145724 kB
SwapFree:        3145724 kB
Dirty:             66072 kB
Writeback:             0 kB
AnonPages:       2130752 kB
Mapped:          1030736 kB
Shmem:             23828 kB
KReclaimable:     340480 kB
Slab:             223024 kB
SReclaimable:      75400 kB
SUnreclaim:       147624 kB
KernelStack:       51264 kB
PageTables:        70164 kB
NFS_Unstable:          0 kB
Bounce:                0 kB
WritebackTmp:          0 kB
CommitLimit:     9202296 kB
Committed_AS:   76399792 kB
VmallocTotal:   263061440 kB
VmallocUsed:      108464 kB
VmallocChunk:          0 kB
Percpu:             7616 kB
CmaTotal:         294912 kB
CmaFree:               0 kB
MemTotal:       12113144 kB
MemFree:         5653584 kB
MemAvailable:    7188296 kB
Buffers:            4712 kB
Cached:          2015612 kB
SwapCached:            0 kB
Active:          2370864 kB
Inactive:        1775324 kB
Active(anon):    2132260 kB
Inactive(anon):    21876 kB
Active(file):     238604 kB
Inactive(file):  1753448 kB
Unevictable:        5464 kB
Mlocked:            5464 kB
SwapTotal:       3145724 kB
SwapFree:        3145724 kB
Dirty:             66092 kB
Writeback:             0 kB
AnonPages:       2131388 kB
Mapped:          1030608 kB
Shmem:             23844 kB
KReclaimable:     340492 kB
Slab:             223040 kB
SReclaimable:      75412 kB
SUnreclaim:       147628 kB
KernelStack:       51280 kB
PageTables:        70176 kB
NFS_Unstable:          0 kB
Bounce:                0 kB
WritebackTmp:          0 kB
CommitLimit:     9202296 kB
Committed_AS:   76398092 kB
VmallocTotal:   263061440 kB
VmallocUsed:      108480 kB
VmallocChunk:          0 kB
Percpu:             7616 kB
CmaTotal:         294912 kB
CmaFree:              20 kB
MemTotal:       12113144 kB
MemFree:         5650368 kB
MemAvailable:    7185112 kB
Buffers:            4712 kB
Cached:          2015652 kB
SwapCached:            0 kB
Active:          2374916 kB
Inactive:        1775332 kB
Active(anon):    2136280 kB
Inactive(anon):    21880 kB
Active(file):     238636 kB
Inactive(file):  1753452 kB
Unevictable:        5464 kB
Mlocked:            5464 kB
SwapTotal:       3145724 kB
SwapFree:        3145724 kB
Dirty:             66132 kB
Writeback:             0 kB
AnonPages:       2135340 kB
Mapped:          1031540 kB
Shmem:             23848 kB
KReclaimable:     340484 kB
Slab:             223036 kB
SReclaimable:      75404 kB
SUnreclaim:       147632 kB
KernelStack:       51248 kB
PageTables:        70176 kB
NFS_Unstable:          0 kB
Bounce:                0 kB
WritebackTmp:          0 kB
CommitLimit:     9202296 kB
Committed_AS:   76417788 kB
VmallocTotal:   263061440 kB
VmallocUsed:      108416 kB
VmallocChunk:          0 kB
Percpu:             7616 kB
CmaTotal:         294912 kB
CmaFree:               0 kB
MemTotal:       12113144 kB
MemFree:         5616364 kB
MemAvailable:    7169072 kB
Buffers:            4712 kB
Cached:          2033692 kB
SwapCached:            0 kB
Active:          2394764 kB
Inactive:        1791224 kB
Active(anon):    2154072 kB
Inactive(anon):    21884 kB
Active(file):     240692 kB
Inactive(file):  1769340 kB
Unevictable:        5464 kB
Mlocked:            5464 kB
SwapTotal:       3145724 kB
SwapFree:        3145724 kB
Dirty:             66140 kB
Writeback:             0 kB
AnonPages:       2153172 kB
Mapped:          1039284 kB
Shmem:             23852 kB
KReclaimable:     340524 kB
Slab:             223088 kB
SReclaimable:      75444 kB
SUnreclaim:       147644 kB
KernelStack:       51200 kB
PageTables:        70388 kB
NFS_Unstable:          0 kB
Bounce:                0 kB
WritebackTmp:          0 kB
CommitLimit:     9202296 kB
Committed_AS:   76423248 kB
VmallocTotal:   263061440 kB
VmallocUsed:      108384 kB
VmallocChunk:          0 kB
Percpu:             7616 kB
CmaTotal:         294912 kB
CmaFree:               0 kB
MemTotal:       12113144 kB
MemFree:         5545756 kB
MemAvailable:    7100140 kB
Buffers:            4712 kB
Cached:          2035260 kB
SwapCached:            0 kB
Active:          2463688 kB
Inactive:        1791856 kB
Active(anon):    2221968 kB
Inactive(anon):    21884 kB
Active(file):     241720 kB
Inactive(file):  1769972 kB
Unevictable:        5464 kB
Mlocked:            5464 kB
SwapTotal:       3145724 kB
SwapFree:        3145724 kB
Dirty:             66156 kB
Writeback:             0 kB
AnonPages:       2220904 kB
Mapped:          1027356 kB
Shmem:             23852 kB
KReclaimable:     340556 kB
Slab:             223136 kB
SReclaimable:      75476 kB
SUnreclaim:       147660 kB
KernelStack:       51376 kB
PageTables:        70332 kB
NFS_Unstable:          0 kB
Bounce:                0 kB
WritebackTmp:          0 kB
CommitLimit:     9202296 kB
Committed_AS:   76513372 kB
VmallocTotal:   263061440 kB
VmallocUsed:      108592 kB
VmallocChunk:          0 kB
Percpu:             7616 kB
CmaTotal:         294912 kB
CmaFree:               0 kB
MemTotal:       12113144 kB
MemFree:         5519804 kB
MemAvailable:    7075704 kB
Buffers:            4712 kB
Cached:          2036612 kB
SwapCached:            0 kB
Active:          2487540 kB
Inactive:        1793208 kB
Active(anon):    2245820 kB
Inactive(anon):    21884 kB
Active(file):     241720 kB
Inactive(file):  1771324 kB
Unevictable:        5464 kB
Mlocked:            5464 kB
SwapTotal:       3145724 kB
SwapFree:        3145724 kB
Dirty:             66156 kB
Writeback:             0 kB
AnonPages:       2244716 kB
Mapped:          1028168 kB
Shmem:             23852 kB
KReclaimable:     340884 kB
Slab:             223472 kB
SReclaimable:      75804 kB
SUnreclaim:       147668 kB
KernelStack:       51328 kB
PageTables:        70448 kB
NFS_Unstable:          0 kB
Bounce:                0 kB
WritebackTmp:          0 kB
CommitLimit:     9202296 kB
Committed_AS:   76561972 kB
VmallocTotal:   263061440 kB
VmallocUsed:      108560 kB
VmallocChunk:          0 kB
Percpu:             7616 kB
CmaTotal:         294912 kB
CmaFree:               0 kB
MemTotal:       12113144 kB
MemFree:         5469248 kB
MemAvailable:    7025316 kB
Buffers:            4712 kB
Cached:          2037316 kB
SwapCached:            0 kB
Active:          2537480 kB
Inactive:        1793904 kB
Active(anon):    2295752 kB
Inactive(anon):    21884 kB
Active(file):     241728 kB
Inactive(file):  1772020 kB
Unevictable:        5464 kB
Mlocked:            5464 kB
SwapTotal:       3145724 kB
SwapFree:        3145724 kB
Dirty:             66192 kB
Writeback:             0 kB
AnonPages:       2294632 kB
Mapped:          1029288 kB
Shmem:             23852 kB
KReclaimable:     339812 kB
Slab:             223480 kB
SReclaimable:      75804 kB
SUnreclaim:       147676 kB
KernelStack:       51456 kB
PageTables:        70644 kB
NFS_Unstable:          0 kB
Bounce:                0 kB
WritebackTmp:          0 kB
CommitLimit:     9202296 kB
Committed_AS:   76617120 kB
VmallocTotal:   263061440 kB
VmallocUsed:      108656 kB
VmallocChunk:          0 kB
Percpu:             7616 kB
CmaTotal:         294912 kB
CmaFree:               0 kB
MemTotal:       12113144 kB
MemFree:         5467360 kB
MemAvailable:    7023440 kB
Buffers:            4712 kB
Cached:          2037320 kB
SwapCached:            0 kB
Active:          2538052 kB
Inactive:        1793908 kB
Active(anon):    2296324 kB
Inactive(anon):    21884 kB
Active(file):     241728 kB
Inactive(file):  1772024 kB
Unevictable:        5464 kB
Mlocked:            5464 kB
SwapTotal:       3145724 kB
SwapFree:        3145724 kB
Dirty:             66196 kB
Writeback:             0 kB
AnonPages:       2295360 kB
Mapped:          1029352 kB
Shmem:             23852 kB
KReclaimable:     339828 kB
Slab:             223564 kB
SReclaimable:      75820 kB
SUnreclaim:       147744 kB
KernelStack:       51328 kB
PageTables:        70576 kB
NFS_Unstable:          0 kB
Bounce:                0 kB
WritebackTmp:          0 kB
CommitLimit:     9202296 kB
Committed_AS:   76637300 kB
VmallocTotal:   263061440 kB
VmallocUsed:      108592 kB
VmallocChunk:          0 kB
Percpu:             7616 kB
CmaTotal:         294912 kB
CmaFree:               0 kB
MemTotal:       12113144 kB
MemFree:         5455872 kB
MemAvailable:    7010980 kB
Buffers:            4712 kB
Cached:          2039252 kB
SwapCached:            0 kB
Active:          2548348 kB
Inactive:        1794800 kB
Active(anon):    2305764 kB
Inactive(anon):    21896 kB
Active(file):     242584 kB
Inactive(file):  1772904 kB
Unevictable:        5464 kB
Mlocked:            5464 kB
SwapTotal:       3145724 kB
SwapFree:        3145724 kB
Dirty:              1864 kB
Writeback:           152 kB
AnonPages:       2304868 kB
Mapped:          1030272 kB
Shmem:             23864 kB
KReclaimable:     334412 kB
Slab:             223780 kB
SReclaimable:      75820 kB
SUnreclaim:       147960 kB
KernelStack:       51404 kB
PageTables:        70904 kB
NFS_Unstable:          0 kB
Bounce:                0 kB
WritebackTmp:          0 kB
CommitLimit:     9202296 kB
Committed_AS:   76637068 kB
VmallocTotal:   263061440 kB
VmallocUsed:      108592 kB
VmallocChunk:          0 kB
Percpu:             7616 kB
CmaTotal:         294912 kB
CmaFree:               0 kB
MemTotal:       12113144 kB
MemFree:         5452048 kB
MemAvailable:    7006792 kB
Buffers:            4712 kB
Cached:          2040612 kB
SwapCached:            0 kB
Active:          2551116 kB
Inactive:        1796292 kB
Active(anon):    2308500 kB
Inactive(anon):    21896 kB
Active(file):     242616 kB
Inactive(file):  1774396 kB
Unevictable:        5464 kB
Mlocked:            5464 kB
SwapTotal:       3145724 kB
SwapFree:        3145724 kB
Dirty:              2268 kB
Writeback:             0 kB
AnonPages:       2307740 kB
Mapped:          1031328 kB
Shmem:             23864 kB
KReclaimable:     330640 kB
Slab:             223620 kB
SReclaimable:      75836 kB
SUnreclaim:       147784 kB
KernelStack:       51328 kB
PageTables:        70676 kB
NFS_Unstable:          0 kB
Bounce:                0 kB
WritebackTmp:          0 kB
CommitLimit:     9202296 kB
Committed_AS:   76652288 kB
VmallocTotal:   263061440 kB
VmallocUsed:      108528 kB
VmallocChunk:          0 kB
Percpu:             7616 kB
CmaTotal:         294912 kB
CmaFree:               0 kB
MemTotal:       12113144 kB
MemFree:         5436188 kB
MemAvailable:    6989752 kB
Buffers:            4712 kB
Cached:          2040684 kB
SwapCached:            0 kB
Active:          2568156 kB
Inactive:        1796320 kB
Active(anon):    2325476 kB
Inactive(anon):    21920 kB
Active(file):     242680 kB
Inactive(file):  1774400 kB
Unevictable:        5464 kB
Mlocked:            5464 kB
SwapTotal:       3145724 kB
SwapFree:        3145724 kB
Dirty:              2308 kB
Writeback:             0 kB
AnonPages:       2324740 kB
Mapped:          1031476 kB
Shmem:             23888 kB
KReclaimable:     328144 kB
Slab:             223616 kB
SReclaimable:      75820 kB
SUnreclaim:       147796 kB
KernelStack:       51360 kB
PageTables:        70772 kB
NFS_Unstable:          0 kB
Bounce:                0 kB
WritebackTmp:          0 kB
CommitLimit:     9202296 kB
Committed_AS:   76673840 kB
VmallocTotal:   263061440 kB
VmallocUsed:      108560 kB
VmallocChunk:          0 kB
Percpu:             7616 kB
CmaTotal:         294912 kB
CmaFree:               0 kB
MemTotal:       12113144 kB
MemFree:         5433408 kB
MemAvailable:    6989308 kB
Buffers:            4712 kB
Cached:          2043428 kB
SwapCached:            0 kB
Active:          2565972 kB
Inactive:        1797268 kB
Active(anon):    2321652 kB
Inactive(anon):    21920 kB
Active(file):     244320 kB
Inactive(file):  1775348 kB
Unevictable:        5464 kB
Mlocked:            5464 kB
SwapTotal:       3145724 kB
SwapFree:        3145724 kB
Dirty:              4688 kB
Writeback:             0 kB
AnonPages:       2320664 kB
Mapped:          1032036 kB
Shmem:             23888 kB
KReclaimable:     327640 kB
Slab:             223920 kB
SReclaimable:      75820 kB
SUnreclaim:       148100 kB
KernelStack:       51392 kB
PageTables:        70760 kB
NFS_Unstable:          0 kB
Bounce:                0 kB
WritebackTmp:          0 kB
CommitLimit:     9202296 kB
Committed_AS:   76680460 kB
VmallocTotal:   263061440 kB
VmallocUsed:      108608 kB
VmallocChunk:          0 kB
Percpu:             7616 kB
CmaTotal:         294912 kB
CmaFree:               0 kB
MemTotal:       12113144 kB
MemFree:         5409588 kB
MemAvailable:    6986928 kB
Buffers:            4712 kB
Cached:          2064672 kB
SwapCached:            0 kB
Active:          2569656 kB
Inactive:        1818616 kB
Active(anon):    2325280 kB
Inactive(anon):    21924 kB
Active(file):     244376 kB
Inactive(file):  1796692 kB
Unevictable:        5464 kB
Mlocked:            5464 kB
SwapTotal:       3145724 kB
SwapFree:        3145724 kB
Dirty:             25216 kB
Writeback:             4 kB
AnonPages:       2324288 kB
Mapped:          1031924 kB
Shmem:             23892 kB
KReclaimable:     327716 kB
Slab:             223812 kB
SReclaimable:      75896 kB
SUnreclaim:       147916 kB
KernelStack:       51376 kB
PageTables:        70648 kB
NFS_Unstable:          0 kB
Bounce:                0 kB
WritebackTmp:          0 kB
CommitLimit:     9202296 kB
Committed_AS:   76674668 kB
VmallocTotal:   263061440 kB
VmallocUsed:      108608 kB
VmallocChunk:          0 kB
Percpu:             7616 kB
CmaTotal:         294912 kB
CmaFree:               0 kB
MemTotal:       12113144 kB
MemFree:         5379356 kB
MemAvailable:    6981400 kB
Buffers:            4712 kB
Cached:          2089344 kB
SwapCached:            0 kB
Active:          2577172 kB
Inactive:        1843228 kB
Active(anon):    2332744 kB
Inactive(anon):    21940 kB
Active(file):     244428 kB
Inactive(file):  1821288 kB
Unevictable:        5464 kB
Mlocked:            5464 kB
SwapTotal:       3145724 kB
SwapFree:        3145724 kB
Dirty:             49048 kB
Writeback:             0 kB
AnonPages:       2331580 kB
Mapped:          1031980 kB
Shmem:             23912 kB
KReclaimable:     327832 kB
Slab:             223888 kB
SReclaimable:      76012 kB
SUnreclaim:       147876 kB
KernelStack:       51360 kB
PageTables:        70740 kB
NFS_Unstable:          0 kB
Bounce:                0 kB
WritebackTmp:          0 kB
CommitLimit:     9202296 kB
Committed_AS:   76681708 kB
VmallocTotal:   263061440 kB
VmallocUsed:      108560 kB
VmallocChunk:          0 kB
Percpu:             7616 kB
CmaTotal:         294912 kB
CmaFree:               0 kB
MemTotal:       12113144 kB
MemFree:         5374320 kB
MemAvailable:    6976956 kB
Buffers:            4712 kB
Cached:          2089388 kB
SwapCached:            0 kB
Active:          2582568 kB
Inactive:        1841984 kB
Active(anon):    2336848 kB
Inactive(anon):    21944 kB
Active(file):     245720 kB
Inactive(file):  1820040 kB
Unevictable:        5464 kB
Mlocked:            5464 kB
SwapTotal:       3145724 kB
SwapFree:        3145724 kB
Dirty:             48980 kB
Writeback:             0 kB
AnonPages:       2335936 kB
Mapped:          1030968 kB
Shmem:             23912 kB
KReclaimable:     328928 kB
Slab:             223932 kB
SReclaimable:      76044 kB
SUnreclaim:       147888 kB
KernelStack:       51328 kB
PageTables:        70724 kB
NFS_Unstable:          0 kB
Bounce:                0 kB
WritebackTmp:          0 kB
CommitLimit:     9202296 kB
Committed_AS:   76698088 kB
VmallocTotal:   263061440 kB
VmallocUsed:      108576 kB
VmallocChunk:          0 kB
Percpu:             7616 kB
CmaTotal:         294912 kB
CmaFree:               0 kB
MemTotal:       12113144 kB
MemFree:         5354916 kB
MemAvailable:    6949820 kB
Buffers:            4712 kB
Cached:          2089440 kB
SwapCached:            0 kB
Active:          2606164 kB
Inactive:        1838156 kB
Active(anon):    2356564 kB
Inactive(anon):    21944 kB
Active(file):     249600 kB
Inactive(file):  1816212 kB
Unevictable:        5464 kB
Mlocked:            5464 kB
SwapTotal:       3145724 kB
SwapFree:        3145724 kB
Dirty:             49064 kB
Writeback:             0 kB
AnonPages:       2355916 kB
Mapped:          1029440 kB
Shmem:             23912 kB
KReclaimable:     313356 kB
Slab:             223936 kB
SReclaimable:      76044 kB
SUnreclaim:       147892 kB
KernelStack:       51280 kB
PageTables:        70608 kB
NFS_Unstable:          0 kB
Bounce:                0 kB
WritebackTmp:          0 kB
CommitLimit:     9202296 kB
Committed_AS:   76694116 kB
VmallocTotal:   263061440 kB
VmallocUsed:      108608 kB
VmallocChunk:          0 kB
Percpu:             7616 kB
CmaTotal:         294912 kB
CmaFree:               0 kB
MemTotal:       12113144 kB
MemFree:         5260552 kB
MemAvailable:    6850976 kB
Buffers:            4716 kB
Cached:          2089468 kB
SwapCached:            0 kB
Active:          2644056 kB
Inactive:        1816144 kB
Active(anon):    2372412 kB
Inactive(anon):    21944 kB
Active(file):     271644 kB
Inactive(file):  1794200 kB
Unevictable:        5464 kB
Mlocked:            5464 kB
SwapTotal:       3145724 kB
SwapFree:        3145724 kB
Dirty:             49112 kB
Writeback:            16 kB
AnonPages:       2371452 kB
Mapped:          1031848 kB
Shmem:             23912 kB
KReclaimable:     304336 kB
Slab:             223976 kB
SReclaimable:      76028 kB
SUnreclaim:       147948 kB
KernelStack:       51344 kB
PageTables:        70724 kB
NFS_Unstable:          0 kB
Bounce:                0 kB
WritebackTmp:          0 kB
CommitLimit:     9202296 kB
Committed_AS:   76704696 kB
VmallocTotal:   263061440 kB
VmallocUsed:      108576 kB
VmallocChunk:          0 kB
Percpu:             7616 kB
CmaTotal:         294912 kB
CmaFree:               0 kB
MemTotal:       12113144 kB
MemFree:         5205456 kB
MemAvailable:    6798304 kB
Buffers:            4716 kB
Cached:          2092028 kB
SwapCached:            0 kB
Active:          2681428 kB
Inactive:        1813740 kB
Active(anon):    2404944 kB
Inactive(anon):    21952 kB
Active(file):     276484 kB
Inactive(file):  1791788 kB
Unevictable:        5464 kB
Mlocked:            5464 kB
SwapTotal:       3145724 kB
SwapFree:        3145724 kB
Dirty:             49152 kB
Writeback:             0 kB
AnonPages:       2404004 kB
Mapped:          1033892 kB
Shmem:             23920 kB
KReclaimable:     304328 kB
Slab:             223988 kB
SReclaimable:      76028 kB
SUnreclaim:       147960 kB
KernelStack:       51396 kB
PageTables:        70808 kB
NFS_Unstable:          0 kB
Bounce:                0 kB
WritebackTmp:          0 kB
CommitLimit:     9202296 kB
Committed_AS:   76741656 kB
VmallocTotal:   263061440 kB
VmallocUsed:      108624 kB
VmallocChunk:          0 kB
Percpu:             7616 kB
CmaTotal:         294912 kB
CmaFree:               0 kB
MemTotal:       12113144 kB
MemFree:         5187888 kB
MemAvailable:    6782580 kB
Buffers:            4740 kB
Cached:          2093736 kB
SwapCached:            0 kB
Active:          2692716 kB
Inactive:        1814744 kB
Active(anon):    2415380 kB
Inactive(anon):    21956 kB
Active(file):     277336 kB
Inactive(file):  1792788 kB
Unevictable:        5464 kB
Mlocked:            5464 kB
SwapTotal:       3145724 kB
SwapFree:        3145724 kB
Dirty:             49196 kB
Writeback:             0 kB
AnonPages:       2414348 kB
Mapped:          1037932 kB
Shmem:             23924 kB
KReclaimable:     304312 kB
Slab:             224048 kB
SReclaimable:      76028 kB
SUnreclaim:       148020 kB
KernelStack:       51376 kB
PageTables:        71096 kB
NFS_Unstable:          0 kB
Bounce:                0 kB
WritebackTmp:          0 kB
CommitLimit:     9202296 kB
Committed_AS:   76741924 kB
VmallocTotal:   263061440 kB
VmallocUsed:      108608 kB
VmallocChunk:          0 kB
Percpu:             7616 kB
CmaTotal:         294912 kB
CmaFree:               0 kB
MemTotal:       12113144 kB
MemFree:         5184912 kB
MemAvailable:    6780148 kB
Buffers:            4740 kB
Cached:          2094320 kB
SwapCached:            0 kB
Active:          2693540 kB
Inactive:        1815204 kB
Active(anon):    2416080 kB
Inactive(anon):    21956 kB
Active(file):     277460 kB
Inactive(file):  1793248 kB
Unevictable:        5464 kB
Mlocked:            5464 kB
SwapTotal:       3145724 kB
SwapFree:        3145724 kB
Dirty:             49552 kB
Writeback:             0 kB
AnonPages:       2415124 kB
Mapped:          1038256 kB
Shmem:             23924 kB
KReclaimable:     304232 kB
Slab:             224112 kB
SReclaimable:      76088 kB
SUnreclaim:       148024 kB
KernelStack:       51344 kB
PageTables:        70900 kB
NFS_Unstable:          0 kB
Bounce:                0 kB
WritebackTmp:          0 kB
CommitLimit:     9202296 kB
Committed_AS:   76741236 kB
VmallocTotal:   263061440 kB
VmallocUsed:      108592 kB
VmallocChunk:          0 kB
Percpu:             7616 kB
CmaTotal:         294912 kB
CmaFree:               0 kB
MemTotal:       12113144 kB
MemFree:         5071860 kB
MemAvailable:    6685568 kB
Buffers:            4740 kB
Cached:          2095516 kB
SwapCached:            0 kB
Active:          2719824 kB
Inactive:        1816380 kB
Active(anon):    2442344 kB
Inactive(anon):    21956 kB
Active(file):     277480 kB
Inactive(file):  1794424 kB
Unevictable:        5464 kB
Mlocked:            5464 kB
SwapTotal:       3145724 kB
SwapFree:        3145724 kB
Dirty:             49608 kB
Writeback:             0 kB
AnonPages:       2441292 kB
Mapped:          1040464 kB
Shmem:             23924 kB
KReclaimable:     338780 kB
Slab:             224200 kB
SReclaimable:      76124 kB
SUnreclaim:       148076 kB
KernelStack:       51424 kB
PageTables:        71080 kB
NFS_Unstable:          0 kB
Bounce:                0 kB
WritebackTmp:          0 kB
CommitLimit:     9202296 kB
Committed_AS:   76765252 kB
VmallocTotal:   263061440 kB
VmallocUsed:      108608 kB
VmallocChunk:          0 kB
Percpu:             7616 kB
CmaTotal:         294912 kB
CmaFree:               0 kB
MemTotal:       12113144 kB
MemFree:         5022012 kB
MemAvailable:    6636796 kB
Buffers:            4740 kB
Cached:          2099196 kB
SwapCached:            0 kB
Active:          2766376 kB
Inactive:        1820012 kB
Active(anon):    2488856 kB
Inactive(anon):    21976 kB
Active(file):     277520 kB
Inactive(file):  1798036 kB
Unevictable:        5464 kB
Mlocked:            5464 kB
SwapTotal:       3145724 kB
SwapFree:        3145724 kB
Dirty:             49696 kB
Writeback:             0 kB
AnonPages:       2488148 kB
Mapped:          1044596 kB
Shmem:             23944 kB
KReclaimable:     333628 kB
Slab:             224212 kB
SReclaimable:      76128 kB
SUnreclaim:       148084 kB
KernelStack:       51488 kB
PageTables:        71072 kB
NFS_Unstable:          0 kB
Bounce:                0 kB
WritebackTmp:          0 kB
CommitLimit:     9202296 kB
Committed_AS:   76793780 kB
VmallocTotal:   263061440 kB
VmallocUsed:      108624 kB
VmallocChunk:          0 kB
Percpu:             7616 kB
CmaTotal:         294912 kB
CmaFree:               0 kB
MemTotal:       12113144 kB
MemFree:         5006388 kB
MemAvailable:    6617964 kB
Buffers:            4740 kB
Cached:          2099448 kB
SwapCached:            0 kB
Active:          2777292 kB
Inactive:        1820124 kB
Active(anon):    2499624 kB
Inactive(anon):    21988 kB
Active(file):     277668 kB
Inactive(file):  1798136 kB
Unevictable:        5464 kB
Mlocked:            5464 kB
SwapTotal:       3145724 kB
SwapFree:        3145724 kB
Dirty:             49860 kB
Writeback:             8 kB
AnonPages:       2498896 kB
Mapped:          1047952 kB
Shmem:             23956 kB
KReclaimable:     326720 kB
Slab:             224544 kB
SReclaimable:      76184 kB
SUnreclaim:       148360 kB
KernelStack:       51520 kB
PageTables:        71212 kB
NFS_Unstable:          0 kB
Bounce:                0 kB
WritebackTmp:          0 kB
CommitLimit:     9202296 kB
Committed_AS:   76840840 kB
VmallocTotal:   263061440 kB
VmallocUsed:      108656 kB
VmallocChunk:          0 kB
Percpu:             7616 kB
CmaTotal:         294912 kB
CmaFree:               0 kB
MemTotal:       12113144 kB
MemFree:         4960032 kB
MemAvailable:    6566276 kB
Buffers:            4740 kB
Cached:          2099940 kB
SwapCached:            0 kB
Active:          2780200 kB
Inactive:        1820608 kB
Active(anon):    2502524 kB
Inactive(anon):    21992 kB
Active(file):     277676 kB
Inactive(file):  1798616 kB
Unevictable:        5464 kB
Mlocked:            5464 kB
SwapTotal:       3145724 kB
SwapFree:        3145724 kB
Dirty:             50408 kB
Writeback:             0 kB
AnonPages:       2501516 kB
Mapped:          1048800 kB
Shmem:             23960 kB
KReclaimable:     315080 kB
Slab:             224392 kB
SReclaimable:      76184 kB
SUnreclaim:       148208 kB
KernelStack:       51488 kB
PageTables:        71404 kB
NFS_Unstable:          0 kB
Bounce:                0 kB
WritebackTmp:          0 kB
CommitLimit:     9202296 kB
Committed_AS:   76834272 kB
VmallocTotal:   263061440 kB
VmallocUsed:      108656 kB
VmallocChunk:          0 kB
Percpu:             7616 kB
CmaTotal:         294912 kB
CmaFree:               0 kB
MemTotal:       12113144 kB
MemFree:         4959876 kB
MemAvailable:    6566096 kB
Buffers:            4740 kB
Cached:          2100024 kB
SwapCached:            0 kB
Active:          2780740 kB
Inactive:        1820660 kB
Active(anon):    2503032 kB
Inactive(anon):    21992 kB
Active(file):     277708 kB
Inactive(file):  1798668 kB
Unevictable:        5464 kB
Mlocked:            5464 kB
SwapTotal:       3145724 kB
SwapFree:        3145724 kB
Dirty:             50408 kB
Writeback:             0 kB
AnonPages:       2501876 kB
Mapped:          1048844 kB
Shmem:             23960 kB
KReclaimable:     314864 kB
Slab:             224408 kB
SReclaimable:      76208 kB
SUnreclaim:       148200 kB
KernelStack:       51440 kB
PageTables:        71164 kB
NFS_Unstable:          0 kB
Bounce:                0 kB
WritebackTmp:          0 kB
CommitLimit:     9202296 kB
Committed_AS:   76833036 kB
VmallocTotal:   263061440 kB
VmallocUsed:      108656 kB
VmallocChunk:          0 kB
Percpu:             7616 kB
CmaTotal:         294912 kB
CmaFree:               0 kB
MemTotal:       12113144 kB
MemFree:         4958812 kB
MemAvailable:    6565044 kB
Buffers:            4740 kB
Cached:          2100040 kB
SwapCached:            0 kB
Active:          2781224 kB
Inactive:        1820668 kB
Active(anon):    2503508 kB
Inactive(anon):    21992 kB
Active(file):     277716 kB
Inactive(file):  1798676 kB
Unevictable:        5464 kB
Mlocked:            5464 kB
SwapTotal:       3145724 kB
SwapFree:        3145724 kB
Dirty:             50424 kB
Writeback:             0 kB
AnonPages:       2502480 kB
Mapped:          1048868 kB
Shmem:             23960 kB
KReclaimable:     314856 kB
Slab:             224408 kB
SReclaimable:      76200 kB
SUnreclaim:       148208 kB
KernelStack:       51488 kB
PageTables:        71292 kB
NFS_Unstable:          0 kB
Bounce:                0 kB
WritebackTmp:          0 kB
CommitLimit:     9202296 kB
Committed_AS:   76829372 kB
VmallocTotal:   263061440 kB
VmallocUsed:      108656 kB
VmallocChunk:          0 kB
Percpu:             7616 kB
CmaTotal:         294912 kB
CmaFree:               0 kB
MemTotal:       12113144 kB
MemFree:         4959284 kB
MemAvailable:    6565488 kB
Buffers:            4740 kB
Cached:          2100060 kB
SwapCached:            0 kB
Active:          2781492 kB
Inactive:        1820688 kB
Active(anon):    2503776 kB
Inactive(anon):    21992 kB
Active(file):     277716 kB
Inactive(file):  1798696 kB
Unevictable:        5464 kB
Mlocked:            5464 kB
SwapTotal:       3145724 kB
SwapFree:        3145724 kB
Dirty:             50468 kB
Writeback:             0 kB
AnonPages:       2502924 kB
Mapped:          1049040 kB
Shmem:             23960 kB
KReclaimable:     314760 kB
Slab:             224440 kB
SReclaimable:      76232 kB
SUnreclaim:       148208 kB
KernelStack:       51456 kB
PageTables:        71064 kB
NFS_Unstable:          0 kB
Bounce:                0 kB
WritebackTmp:          0 kB
CommitLimit:     9202296 kB
Committed_AS:   76829688 kB
VmallocTotal:   263061440 kB
VmallocUsed:      108672 kB
VmallocChunk:          0 kB
Percpu:             7616 kB
CmaTotal:         294912 kB
CmaFree:               0 kB
MemTotal:       12113144 kB
MemFree:         4966320 kB
MemAvailable:    6572540 kB
Buffers:            4740 kB
Cached:          2100076 kB
SwapCached:            0 kB
Active:          2773040 kB
Inactive:        1820696 kB
Active(anon):    2495316 kB
Inactive(anon):    21992 kB
Active(file):     277724 kB
Inactive(file):  1798704 kB
Unevictable:        5464 kB
Mlocked:            5464 kB
SwapTotal:       3145724 kB
SwapFree:        3145724 kB
Dirty:             50520 kB
Writeback:             0 kB
AnonPages:       2494292 kB
Mapped:          1049108 kB
Shmem:             23960 kB
KReclaimable:     314760 kB
Slab:             224444 kB
SReclaimable:      76232 kB
SUnreclaim:       148212 kB
KernelStack:       51488 kB
PageTables:        71244 kB
NFS_Unstable:          0 kB
Bounce:                0 kB
WritebackTmp:          0 kB
CommitLimit:     9202296 kB
Committed_AS:   76833956 kB
VmallocTotal:   263061440 kB
VmallocUsed:      108656 kB
VmallocChunk:          0 kB
Percpu:             7616 kB
CmaTotal:         294912 kB
CmaFree:               0 kB
MemTotal:       12113144 kB
MemFree:         4966520 kB
MemAvailable:    6572748 kB
Buffers:            4740 kB
Cached:          2100100 kB
SwapCached:            0 kB
Active:          2772772 kB
Inactive:        1820720 kB
Active(anon):    2495048 kB
Inactive(anon):    22000 kB
Active(file):     277724 kB
Inactive(file):  1798720 kB
Unevictable:        5464 kB
Mlocked:            5464 kB
SwapTotal:       3145724 kB
SwapFree:        3145724 kB
Dirty:             50560 kB
Writeback:             0 kB
AnonPages:       2494132 kB
Mapped:          1049128 kB
Shmem:             23968 kB
KReclaimable:     314744 kB
Slab:             224424 kB
SReclaimable:      76216 kB
SUnreclaim:       148208 kB
KernelStack:       51440 kB
PageTables:        71056 kB
NFS_Unstable:          0 kB
Bounce:                0 kB
WritebackTmp:          0 kB
CommitLimit:     9202296 kB
Committed_AS:   76840160 kB
VmallocTotal:   263061440 kB
VmallocUsed:      108656 kB
VmallocChunk:          0 kB
Percpu:             7616 kB
CmaTotal:         294912 kB
CmaFree:               0 kB
MemTotal:       12113144 kB
MemFree:         4966564 kB
MemAvailable:    6572820 kB
Buffers:            4740 kB
Cached:          2100112 kB
SwapCached:            0 kB
Active:          2773100 kB
Inactive:        1820732 kB
Active(anon):    2495376 kB
Inactive(anon):    22000 kB
Active(file):     277724 kB
Inactive(file):  1798732 kB
Unevictable:        5464 kB
Mlocked:            5464 kB
SwapTotal:       3145724 kB
SwapFree:        3145724 kB
Dirty:             50572 kB
Writeback:             0 kB
AnonPages:       2494264 kB
Mapped:          1049372 kB
Shmem:             23968 kB
KReclaimable:     314776 kB
Slab:             224464 kB
SReclaimable:      76248 kB
SUnreclaim:       148216 kB
KernelStack:       51408 kB
PageTables:        71044 kB
NFS_Unstable:          0 kB
Bounce:                0 kB
WritebackTmp:          0 kB
CommitLimit:     9202296 kB
Committed_AS:   76839588 kB
VmallocTotal:   263061440 kB
VmallocUsed:      108656 kB
VmallocChunk:          0 kB
Percpu:             7616 kB
CmaTotal:         294912 kB
CmaFree:               0 kB
MemTotal:       12113144 kB
MemFree:         4966816 kB
MemAvailable:    6573072 kB
Buffers:            4740 kB
Cached:          2100124 kB
SwapCached:            0 kB
Active:          2773360 kB
Inactive:        1820712 kB
Active(anon):    2495604 kB
Inactive(anon):    22000 kB
Active(file):     277756 kB
Inactive(file):  1798712 kB
Unevictable:        5464 kB
Mlocked:            5464 kB
SwapTotal:       3145724 kB
SwapFree:        3145724 kB
Dirty:             50596 kB
Writeback:             0 kB
AnonPages:       2494560 kB
Mapped:          1049012 kB
Shmem:             23968 kB
KReclaimable:     314752 kB
Slab:             224440 kB
SReclaimable:      76224 kB
SUnreclaim:       148216 kB
KernelStack:       51408 kB
PageTables:        70936 kB
NFS_Unstable:          0 kB
Bounce:                0 kB
WritebackTmp:          0 kB
CommitLimit:     9202296 kB
Committed_AS:   76829820 kB
VmallocTotal:   263061440 kB
VmallocUsed:      108608 kB
VmallocChunk:          0 kB
Percpu:             7616 kB
CmaTotal:         294912 kB
CmaFree:               0 kB
MemTotal:       12113144 kB
MemFree:         4966044 kB
MemAvailable:    6572312 kB
Buffers:            4740 kB
Cached:          2100132 kB
SwapCached:            0 kB
Active:          2773696 kB
Inactive:        1820720 kB
Active(anon):    2495940 kB
Inactive(anon):    22000 kB
Active(file):     277756 kB
Inactive(file):  1798720 kB
Unevictable:        5464 kB
Mlocked:            5464 kB
SwapTotal:       3145724 kB
SwapFree:        3145724 kB
Dirty:             50604 kB
Writeback:             0 kB
AnonPages:       2494968 kB
Mapped:          1049228 kB
Shmem:             23968 kB
KReclaimable:     314760 kB
Slab:             224452 kB
SReclaimable:      76232 kB
SUnreclaim:       148220 kB
KernelStack:       51520 kB
PageTables:        71324 kB
NFS_Unstable:          0 kB
Bounce:                0 kB
WritebackTmp:          0 kB
CommitLimit:     9202296 kB
Committed_AS:   76839936 kB
VmallocTotal:   263061440 kB
VmallocUsed:      108656 kB
VmallocChunk:          0 kB
Percpu:             7616 kB
CmaTotal:         294912 kB
CmaFree:               0 kB
MemTotal:       12113144 kB
MemFree:         4964248 kB
MemAvailable:    6570540 kB
Buffers:            4744 kB
Cached:          2100164 kB
SwapCached:            0 kB
Active:          2774252 kB
Inactive:        1820752 kB
Active(anon):    2496492 kB
Inactive(anon):    22004 kB
Active(file):     277760 kB
Inactive(file):  1798748 kB
Unevictable:        5464 kB
Mlocked:            5464 kB
SwapTotal:       3145724 kB
SwapFree:        3145724 kB
Dirty:             50592 kB
Writeback:             0 kB
AnonPages:       2495300 kB
Mapped:          1049236 kB
Shmem:             23972 kB
KReclaimable:     314744 kB
Slab:             224452 kB
SReclaimable:      76216 kB
SUnreclaim:       148236 kB
KernelStack:       51424 kB
PageTables:        71052 kB
NFS_Unstable:          0 kB
Bounce:                0 kB
WritebackTmp:          0 kB
CommitLimit:     9202296 kB
Committed_AS:   76831824 kB
VmallocTotal:   263061440 kB
VmallocUsed:      108592 kB
VmallocChunk:          0 kB
Percpu:             7616 kB
CmaTotal:         294912 kB
CmaFree:               0 kB
MemTotal:       12113144 kB
MemFree:         4964384 kB
MemAvailable:    6570692 kB
Buffers:            4744 kB
Cached:          2100172 kB
SwapCached:            0 kB
Active:          2775928 kB
Inactive:        1820756 kB
Active(anon):    2498164 kB
Inactive(anon):    22004 kB
Active(file):     277764 kB
Inactive(file):  1798752 kB
Unevictable:        5464 kB
Mlocked:            5464 kB
SwapTotal:       3145724 kB
SwapFree:        3145724 kB
Dirty:             50608 kB
Writeback:             0 kB
AnonPages:       2497256 kB
Mapped:          1049372 kB
Shmem:             23972 kB
KReclaimable:     314760 kB
Slab:             224468 kB
SReclaimable:      76232 kB
SUnreclaim:       148236 kB
KernelStack:       51456 kB
PageTables:        71084 kB
NFS_Unstable:          0 kB
Bounce:                0 kB
WritebackTmp:          0 kB
CommitLimit:     9202296 kB
Committed_AS:   76825544 kB
VmallocTotal:   263061440 kB
VmallocUsed:      108576 kB
VmallocChunk:          0 kB
Percpu:             7616 kB
CmaTotal:         294912 kB
CmaFree:               0 kB
MemTotal:       12113144 kB
MemFree:         4963572 kB
MemAvailable:    6569896 kB
Buffers:            4744 kB
Cached:          2100184 kB
SwapCached:            0 kB
Active:          2775856 kB
Inactive:        1820752 kB
Active(anon):    2498076 kB
Inactive(anon):    22008 kB
Active(file):     277780 kB
Inactive(file):  1798744 kB
Unevictable:        5464 kB
Mlocked:            5464 kB
SwapTotal:       3145724 kB
SwapFree:        3145724 kB
Dirty:             50616 kB
Writeback:             0 kB
AnonPages:       2496944 kB
Mapped:          1049424 kB
Shmem:             23976 kB
KReclaimable:     314776 kB
Slab:             224488 kB
SReclaimable:      76248 kB
SUnreclaim:       148240 kB
KernelStack:       51456 kB
PageTables:        71192 kB
NFS_Unstable:          0 kB
Bounce:                0 kB
WritebackTmp:          0 kB
CommitLimit:     9202296 kB
Committed_AS:   76832056 kB
VmallocTotal:   263061440 kB
VmallocUsed:      108608 kB
VmallocChunk:          0 kB
Percpu:             7616 kB
CmaTotal:         294912 kB
CmaFree:               0 kB
MemTotal:       12113144 kB
MemFree:         4989332 kB
MemAvailable:    6595668 kB
Buffers:            4744 kB
Cached:          2100196 kB
SwapCached:            0 kB
Active:          2748408 kB
Inactive:        1820760 kB
Active(anon):    2470624 kB
Inactive(anon):    22008 kB
Active(file):     277784 kB
Inactive(file):  1798752 kB
Unevictable:        5464 kB
Mlocked:            5464 kB
SwapTotal:       3145724 kB
SwapFree:        3145724 kB
Dirty:             50636 kB
Writeback:             0 kB
AnonPages:       2469368 kB
Mapped:          1049260 kB
Shmem:             23976 kB
KReclaimable:     314776 kB
Slab:             224492 kB
SReclaimable:      76248 kB
SUnreclaim:       148244 kB
KernelStack:       51424 kB
PageTables:        71056 kB
NFS_Unstable:          0 kB
Bounce:                0 kB
WritebackTmp:          0 kB
CommitLimit:     9202296 kB
Committed_AS:   76833420 kB
VmallocTotal:   263061440 kB
VmallocUsed:      108576 kB
VmallocChunk:          0 kB
Percpu:             7616 kB
CmaTotal:         294912 kB
CmaFree:               0 kB
MemTotal:       12113144 kB
MemFree:         4990652 kB
MemAvailable:    6597000 kB
Buffers:            4744 kB
Cached:          2100212 kB
SwapCached:            0 kB
Active:          2748260 kB
Inactive:        1820772 kB
Active(anon):    2470472 kB
Inactive(anon):    22012 kB
Active(file):     277788 kB
Inactive(file):  1798760 kB
Unevictable:        5464 kB
Mlocked:            5464 kB
SwapTotal:       3145724 kB
SwapFree:        3145724 kB
Dirty:             50660 kB
Writeback:             0 kB
AnonPages:       2469636 kB
Mapped:          1049264 kB
Shmem:             23980 kB
KReclaimable:     314776 kB
Slab:             224492 kB
SReclaimable:      76248 kB
SUnreclaim:       148244 kB
KernelStack:       51456 kB
PageTables:        71276 kB
NFS_Unstable:          0 kB
Bounce:                0 kB
WritebackTmp:          0 kB
CommitLimit:     9202296 kB
Committed_AS:   76829696 kB
VmallocTotal:   263061440 kB
VmallocUsed:      108592 kB
VmallocChunk:          0 kB
Percpu:             7616 kB
CmaTotal:         294912 kB
CmaFree:               0 kB
MemTotal:       12113144 kB
MemFree:         4990256 kB
MemAvailable:    6596616 kB
Buffers:            4744 kB
Cached:          2100224 kB
SwapCached:            0 kB
Active:          2747988 kB
Inactive:        1820784 kB
Active(anon):    2470200 kB
Inactive(anon):    22012 kB
Active(file):     277788 kB
Inactive(file):  1798772 kB
Unevictable:        5464 kB
Mlocked:            5464 kB
SwapTotal:       3145724 kB
SwapFree:        3145724 kB
Dirty:             50672 kB
Writeback:             0 kB
AnonPages:       2469288 kB
Mapped:          1049432 kB
Shmem:             23980 kB
KReclaimable:     314776 kB
Slab:             224496 kB
SReclaimable:      76248 kB
SUnreclaim:       148248 kB
KernelStack:       51392 kB
PageTables:        70996 kB
NFS_Unstable:          0 kB
Bounce:                0 kB
WritebackTmp:          0 kB
CommitLimit:     9202296 kB
Committed_AS:   76826828 kB
VmallocTotal:   263061440 kB
VmallocUsed:      108576 kB
VmallocChunk:          0 kB
Percpu:             7616 kB
CmaTotal:         294912 kB
CmaFree:               0 kB
MemTotal:       12113144 kB
MemFree:         4989584 kB
MemAvailable:    6595960 kB
Buffers:            4744 kB
Cached:          2100256 kB
SwapCached:            0 kB
Active:          2749132 kB
Inactive:        1820812 kB
Active(anon):    2471340 kB
Inactive(anon):    22028 kB
Active(file):     277792 kB
Inactive(file):  1798784 kB
Unevictable:        5464 kB
Mlocked:            5464 kB
SwapTotal:       3145724 kB
SwapFree:        3145724 kB
Dirty:             29632 kB
Writeback:         20540 kB
AnonPages:       2470320 kB
Mapped:          1049316 kB
Shmem:             23996 kB
KReclaimable:     314776 kB
Slab:             224496 kB
SReclaimable:      76248 kB
SUnreclaim:       148248 kB
KernelStack:       51344 kB
PageTables:        70932 kB
NFS_Unstable:          0 kB
Bounce:                0 kB
WritebackTmp:          0 kB
CommitLimit:     9202296 kB
Committed_AS:   76828872 kB
VmallocTotal:   263061440 kB
VmallocUsed:      108528 kB
VmallocChunk:          0 kB
Percpu:             7616 kB
CmaTotal:         294912 kB
CmaFree:               0 kB
MemTotal:       12113144 kB
MemFree:         4989124 kB
MemAvailable:    6595608 kB
Buffers:            4744 kB
Cached:          2100376 kB
SwapCached:            0 kB
Active:          2749248 kB
Inactive:        1820900 kB
Active(anon):    2471424 kB
Inactive(anon):    22040 kB
Active(file):     277824 kB
Inactive(file):  1798860 kB
Unevictable:        5464 kB
Mlocked:            5464 kB
SwapTotal:       3145724 kB
SwapFree:        3145724 kB
Dirty:              1592 kB
Writeback:             0 kB
AnonPages:       2470436 kB
Mapped:          1049336 kB
Shmem:             24008 kB
KReclaimable:     314772 kB
Slab:             224528 kB
SReclaimable:      76244 kB
SUnreclaim:       148284 kB
KernelStack:       51312 kB
PageTables:        70884 kB
NFS_Unstable:          0 kB
Bounce:                0 kB
WritebackTmp:          0 kB
CommitLimit:     9202296 kB
Committed_AS:   76818544 kB
VmallocTotal:   263061440 kB
VmallocUsed:      108496 kB
VmallocChunk:          0 kB
Percpu:             7616 kB
CmaTotal:         294912 kB
CmaFree:               0 kB
MemTotal:       12113144 kB
MemFree:         4989932 kB
MemAvailable:    6596436 kB
Buffers:            4744 kB
Cached:          2100392 kB
SwapCached:            0 kB
Active:          2749508 kB
Inactive:        1820912 kB
Active(anon):    2471680 kB
Inactive(anon):    22040 kB
Active(file):     277828 kB
Inactive(file):  1798872 kB
Unevictable:        5464 kB
Mlocked:            5464 kB
SwapTotal:       3145724 kB
SwapFree:        3145724 kB
Dirty:              1636 kB
Writeback:             0 kB
AnonPages:       2470488 kB
Mapped:          1049268 kB
Shmem:             24008 kB
KReclaimable:     314780 kB
Slab:             224536 kB
SReclaimable:      76252 kB
SUnreclaim:       148284 kB
KernelStack:       51312 kB
PageTables:        71040 kB
NFS_Unstable:          0 kB
Bounce:                0 kB
WritebackTmp:          0 kB
CommitLimit:     9202296 kB
Committed_AS:   76830736 kB
VmallocTotal:   263061440 kB
VmallocUsed:      108480 kB
VmallocChunk:          0 kB
Percpu:             7616 kB
CmaTotal:         294912 kB
CmaFree:               4 kB
MemTotal:       12113144 kB
MemFree:         4990172 kB
MemAvailable:    6596708 kB
Buffers:            4744 kB
Cached:          2100428 kB
SwapCached:            0 kB
Active:          2749864 kB
Inactive:        1820948 kB
Active(anon):    2472036 kB
Inactive(anon):    22044 kB
Active(file):     277828 kB
Inactive(file):  1798904 kB
Unevictable:        5464 kB
Mlocked:            5464 kB
SwapTotal:       3145724 kB
SwapFree:        3145724 kB
Dirty:              1676 kB
Writeback:             0 kB
AnonPages:       2471036 kB
Mapped:          1049408 kB
Shmem:             24012 kB
KReclaimable:     314780 kB
Slab:             224544 kB
SReclaimable:      76252 kB
SUnreclaim:       148292 kB
KernelStack:       51360 kB
PageTables:        71036 kB
NFS_Unstable:          0 kB
Bounce:                0 kB
WritebackTmp:          0 kB
CommitLimit:     9202296 kB
Committed_AS:   76832416 kB
VmallocTotal:   263061440 kB
VmallocUsed:      108480 kB
VmallocChunk:          0 kB
Percpu:             7616 kB
CmaTotal:         294912 kB
CmaFree:               0 kB
MemTotal:       12113144 kB
MemFree:         4990152 kB
MemAvailable:    6596692 kB
Buffers:            4744 kB
Cached:          2100448 kB
SwapCached:            0 kB
Active:          2749068 kB
Inactive:        1820968 kB
Active(anon):    2471240 kB
Inactive(anon):    22060 kB
Active(file):     277828 kB
Inactive(file):  1798908 kB
Unevictable:        5464 kB
Mlocked:            5464 kB
SwapTotal:       3145724 kB
SwapFree:        3145724 kB
Dirty:              1844 kB
Writeback:             0 kB
AnonPages:       2470688 kB
Mapped:          1049428 kB
Shmem:             24028 kB
KReclaimable:     314780 kB
Slab:             224552 kB
SReclaimable:      76252 kB
SUnreclaim:       148300 kB
KernelStack:       51344 kB
PageTables:        71032 kB
NFS_Unstable:          0 kB
Bounce:                0 kB
WritebackTmp:          0 kB
CommitLimit:     9202296 kB
Committed_AS:   76835328 kB
VmallocTotal:   263061440 kB
VmallocUsed:      108464 kB
VmallocChunk:          0 kB
Percpu:             7616 kB
CmaTotal:         294912 kB
CmaFree:               0 kB
MemTotal:       12113144 kB
MemFree:         4987340 kB
MemAvailable:    6593892 kB
Buffers:            4744 kB
Cached:          2100476 kB
SwapCached:            0 kB
Active:          2751616 kB
Inactive:        1820980 kB
Active(anon):    2473772 kB
Inactive(anon):    22076 kB
Active(file):     277844 kB
Inactive(file):  1798904 kB
Unevictable:        5464 kB
Mlocked:            5464 kB
SwapTotal:       3145724 kB
SwapFree:        3145724 kB
Dirty:              1876 kB
Writeback:             0 kB
AnonPages:       2472724 kB
Mapped:          1062628 kB
Shmem:             24044 kB
KReclaimable:     314780 kB
Slab:             224560 kB
SReclaimable:      76252 kB
SUnreclaim:       148308 kB
KernelStack:       51248 kB
PageTables:        71076 kB
NFS_Unstable:          0 kB
Bounce:                0 kB
WritebackTmp:          0 kB
CommitLimit:     9202296 kB
Committed_AS:   76833036 kB
VmallocTotal:   263061440 kB
VmallocUsed:      108432 kB
VmallocChunk:          0 kB
Percpu:             7616 kB
CmaTotal:         294912 kB
CmaFree:               0 kB
MemTotal:       12113144 kB
MemFree:         4985544 kB
MemAvailable:    6592112 kB
Buffers:            4744 kB
Cached:          2100500 kB
SwapCached:            0 kB
Active:          2752196 kB
Inactive:        1820968 kB
Active(anon):    2474316 kB
Inactive(anon):    22080 kB
Active(file):     277880 kB
Inactive(file):  1798888 kB
Unevictable:        5464 kB
Mlocked:            5464 kB
SwapTotal:       3145724 kB
SwapFree:        3145724 kB
Dirty:               932 kB
Writeback:             0 kB
AnonPages:       2473640 kB
Mapped:          1062760 kB
Shmem:             24048 kB
KReclaimable:     314776 kB
Slab:             224560 kB
SReclaimable:      76248 kB
SUnreclaim:       148312 kB
KernelStack:       51264 kB
PageTables:        71316 kB
NFS_Unstable:          0 kB
Bounce:                0 kB
WritebackTmp:          0 kB
CommitLimit:     9202296 kB
Committed_AS:   76834584 kB
VmallocTotal:   263061440 kB
VmallocUsed:      108448 kB
VmallocChunk:          0 kB
Percpu:             7616 kB
CmaTotal:         294912 kB
CmaFree:               0 kB
MemTotal:       12113144 kB
MemFree:         4985636 kB
MemAvailable:    6592220 kB
Buffers:            4744 kB
Cached:          2100520 kB
SwapCached:            0 kB
Active:          2753124 kB
Inactive:        1820988 kB
Active(anon):    2475244 kB
Inactive(anon):    22084 kB
Active(file):     277880 kB
Inactive(file):  1798904 kB
Unevictable:        5464 kB
Mlocked:            5464 kB
SwapTotal:       3145724 kB
SwapFree:        3145724 kB
Dirty:               996 kB
Writeback:             0 kB
AnonPages:       2474204 kB
Mapped:          1062896 kB
Shmem:             24052 kB
KReclaimable:     314776 kB
Slab:             224560 kB
SReclaimable:      76248 kB
SUnreclaim:       148312 kB
KernelStack:       51344 kB
PageTables:        71280 kB
NFS_Unstable:          0 kB
Bounce:                0 kB
WritebackTmp:          0 kB
CommitLimit:     9202296 kB
Committed_AS:   76827268 kB
VmallocTotal:   263061440 kB
VmallocUsed:      108432 kB
VmallocChunk:          0 kB
Percpu:             7616 kB
CmaTotal:         294912 kB
CmaFree:               0 kB
MemTotal:       12113144 kB
MemFree:         4984580 kB
MemAvailable:    6591180 kB
Buffers:            4744 kB
Cached:          2100532 kB
SwapCached:            0 kB
Active:          2753364 kB
Inactive:        1821000 kB
Active(anon):    2475484 kB
Inactive(anon):    22084 kB
Active(file):     277880 kB
Inactive(file):  1798916 kB
Unevictable:        5464 kB
Mlocked:            5464 kB
SwapTotal:       3145724 kB
SwapFree:        3145724 kB
Dirty:              1008 kB
Writeback:             0 kB
AnonPages:       2474636 kB
Mapped:          1062552 kB
Shmem:             24052 kB
KReclaimable:     314784 kB
Slab:             224568 kB
SReclaimable:      76256 kB
SUnreclaim:       148312 kB
KernelStack:       51216 kB
PageTables:        71088 kB
NFS_Unstable:          0 kB
Bounce:                0 kB
WritebackTmp:          0 kB
CommitLimit:     9202296 kB
Committed_AS:   76840192 kB
VmallocTotal:   263061440 kB
VmallocUsed:      108448 kB
VmallocChunk:          0 kB
Percpu:             7616 kB
CmaTotal:         294912 kB
CmaFree:               0 kB
MemTotal:       12113144 kB
MemFree:         4984304 kB
MemAvailable:    6590936 kB
Buffers:            4748 kB
Cached:          2100552 kB
SwapCached:            0 kB
Active:          2754176 kB
Inactive:        1821020 kB
Active(anon):    2476292 kB
Inactive(anon):    22084 kB
Active(file):     277884 kB
Inactive(file):  1798936 kB
Unevictable:        5464 kB
Mlocked:            5464 kB
SwapTotal:       3145724 kB
SwapFree:        3145724 kB
Dirty:              1032 kB
Writeback:             0 kB
AnonPages:       2475248 kB
Mapped:          1062636 kB
Shmem:             24052 kB
KReclaimable:     314800 kB
Slab:             224584 kB
SReclaimable:      76272 kB
SUnreclaim:       148312 kB
KernelStack:       51232 kB
PageTables:        71220 kB
NFS_Unstable:          0 kB
Bounce:                0 kB
WritebackTmp:          0 kB
CommitLimit:     9202296 kB
Committed_AS:   76831168 kB
VmallocTotal:   263061440 kB
VmallocUsed:      108416 kB
VmallocChunk:          0 kB
Percpu:             7616 kB
CmaTotal:         294912 kB
CmaFree:               0 kB
MemTotal:       12113144 kB
MemFree:         4984212 kB
MemAvailable:    6590840 kB
Buffers:            4748 kB
Cached:          2100560 kB
SwapCached:            0 kB
Active:          2754124 kB
Inactive:        1821028 kB
Active(anon):    2476240 kB
Inactive(anon):    22084 kB
Active(file):     277884 kB
Inactive(file):  1798944 kB
Unevictable:        5464 kB
Mlocked:            5464 kB
SwapTotal:       3145724 kB
SwapFree:        3145724 kB
Dirty:              1052 kB
Writeback:             0 kB
AnonPages:       2475092 kB
Mapped:          1062768 kB
Shmem:             24052 kB
KReclaimable:     314776 kB
Slab:             224560 kB
SReclaimable:      76248 kB
SUnreclaim:       148312 kB
KernelStack:       51156 kB
PageTables:        70860 kB
NFS_Unstable:          0 kB
Bounce:                0 kB
WritebackTmp:          0 kB
CommitLimit:     9202296 kB
Committed_AS:   76837100 kB
VmallocTotal:   263061440 kB
VmallocUsed:      108352 kB
VmallocChunk:          0 kB
Percpu:             7616 kB
CmaTotal:         294912 kB
CmaFree:               0 kB
MemTotal:       12113144 kB
MemFree:         4971824 kB
MemAvailable:    6578484 kB
Buffers:            4748 kB
Cached:          2100380 kB
SwapCached:            0 kB
Active:          2766652 kB
Inactive:        1820844 kB
Active(anon):    2488764 kB
Inactive(anon):    21872 kB
Active(file):     277888 kB
Inactive(file):  1798972 kB
Unevictable:        5464 kB
Mlocked:            5464 kB
SwapTotal:       3145724 kB
SwapFree:        3145724 kB
Dirty:              1100 kB
Writeback:             0 kB
AnonPages:       2488004 kB
Mapped:          1062500 kB
Shmem:             23840 kB
KReclaimable:     314776 kB
Slab:             224500 kB
SReclaimable:      76248 kB
SUnreclaim:       148252 kB
KernelStack:       51200 kB
PageTables:        71256 kB
NFS_Unstable:          0 kB
Bounce:                0 kB
WritebackTmp:          0 kB
CommitLimit:     9202296 kB
Committed_AS:   76835420 kB
VmallocTotal:   263061440 kB
VmallocUsed:      108304 kB
VmallocChunk:          0 kB
Percpu:             7616 kB
CmaTotal:         294912 kB
CmaFree:               0 kB
MemTotal:       12113144 kB
MemFree:         4959568 kB
MemAvailable:    6572188 kB
Buffers:            4748 kB
Cached:          2107004 kB
SwapCached:            0 kB
Active:          2772232 kB
Inactive:        1827208 kB
Active(anon):    2494384 kB
Inactive(anon):    22112 kB
Active(file):     277848 kB
Inactive(file):  1805096 kB
Unevictable:        5464 kB
Mlocked:            5464 kB
SwapTotal:       3145724 kB
SwapFree:        3145724 kB
Dirty:             10036 kB
Writeback:           148 kB
AnonPages:       2493400 kB
Mapped:          1062640 kB
Shmem:             24052 kB
KReclaimable:     314524 kB
Slab:             224352 kB
SReclaimable:      75996 kB
SUnreclaim:       148356 kB
KernelStack:       51136 kB
PageTables:        71268 kB
NFS_Unstable:          0 kB
Bounce:                0 kB
WritebackTmp:          0 kB
CommitLimit:     9202296 kB
Committed_AS:   76836392 kB
VmallocTotal:   263061440 kB
VmallocUsed:      108288 kB
VmallocChunk:          0 kB
Percpu:             7616 kB
CmaTotal:         294912 kB
CmaFree:               0 kB
MemTotal:       12113144 kB
MemFree:         4968960 kB
MemAvailable:    6613076 kB
Buffers:            4748 kB
Cached:          2111964 kB
SwapCached:            0 kB
Active:          2757900 kB
Inactive:        1832512 kB
Active(anon):    2480096 kB
Inactive(anon):    22084 kB
Active(file):     277804 kB
Inactive(file):  1810428 kB
Unevictable:        5464 kB
Mlocked:            5464 kB
SwapTotal:       3145724 kB
SwapFree:        3145724 kB
Dirty:             12516 kB
Writeback:             0 kB
AnonPages:       2479584 kB
Mapped:          1062416 kB
Shmem:             24052 kB
KReclaimable:     366940 kB
Slab:             224172 kB
SReclaimable:      76272 kB
SUnreclaim:       147900 kB
KernelStack:       51040 kB
PageTables:        71108 kB
NFS_Unstable:          0 kB
Bounce:                0 kB
WritebackTmp:          0 kB
CommitLimit:     9202296 kB
Committed_AS:   76831752 kB
VmallocTotal:   263061440 kB
VmallocUsed:      108080 kB
VmallocChunk:          0 kB
Percpu:             7616 kB
CmaTotal:         294912 kB
CmaFree:               0 kB
MemTotal:       12113144 kB
MemFree:         4967668 kB
MemAvailable:    6611904 kB
Buffers:            4748 kB
Cached:          2112092 kB
SwapCached:            0 kB
Active:          2760356 kB
Inactive:        1832640 kB
Active(anon):    2482552 kB
Inactive(anon):    22096 kB
Active(file):     277804 kB
Inactive(file):  1810544 kB
Unevictable:        5464 kB
Mlocked:            5464 kB
SwapTotal:       3145724 kB
SwapFree:        3145724 kB
Dirty:             12636 kB
Writeback:             0 kB
AnonPages:       2481616 kB
Mapped:          1062456 kB
Shmem:             24064 kB
KReclaimable:     366948 kB
Slab:             224564 kB
SReclaimable:      76280 kB
SUnreclaim:       148284 kB
KernelStack:       50976 kB
PageTables:        71080 kB
NFS_Unstable:          0 kB
Bounce:                0 kB
WritebackTmp:          0 kB
CommitLimit:     9202296 kB
Committed_AS:   76829852 kB
VmallocTotal:   263061440 kB
VmallocUsed:      107984 kB
VmallocChunk:          0 kB
Percpu:             7616 kB
CmaTotal:         294912 kB
CmaFree:               0 kB
MemTotal:       12113144 kB
MemFree:         4966544 kB
MemAvailable:    6610772 kB
Buffers:            4748 kB
Cached:          2112092 kB
SwapCached:            0 kB
Active:          2761228 kB
Inactive:        1832640 kB
Active(anon):    2483424 kB
Inactive(anon):    22096 kB
Active(file):     277804 kB
Inactive(file):  1810544 kB
Unevictable:        5464 kB
Mlocked:            5464 kB
SwapTotal:       3145724 kB
SwapFree:        3145724 kB
Dirty:             12636 kB
Writeback:             0 kB
AnonPages:       2482280 kB
Mapped:          1062680 kB
Shmem:             24064 kB
KReclaimable:     366932 kB
Slab:             224336 kB
SReclaimable:      76280 kB
SUnreclaim:       148056 kB
KernelStack:       50896 kB
PageTables:        71000 kB
NFS_Unstable:          0 kB
Bounce:                0 kB
WritebackTmp:          0 kB
CommitLimit:     9202296 kB
Committed_AS:   76834084 kB
VmallocTotal:   263061440 kB
VmallocUsed:      107904 kB
VmallocChunk:          0 kB
Percpu:             7616 kB
CmaTotal:         294912 kB
CmaFree:               4 kB
MemTotal:       12113144 kB
MemFree:         5003808 kB
MemAvailable:    6657436 kB
Buffers:            4748 kB
Cached:          2112116 kB
SwapCached:            0 kB
Active:          2725420 kB
Inactive:        1832656 kB
Active(anon):    2447608 kB
Inactive(anon):    22100 kB
Active(file):     277812 kB
Inactive(file):  1810556 kB
Unevictable:        5464 kB
Mlocked:            5464 kB
SwapTotal:       3145724 kB
SwapFree:        3145724 kB
Dirty:             12664 kB
Writeback:             0 kB
AnonPages:       2446820 kB
Mapped:          1062684 kB
Shmem:             24068 kB
KReclaimable:     385692 kB
Slab:             224344 kB
SReclaimable:      76280 kB
SUnreclaim:       148064 kB
KernelStack:       50648 kB
PageTables:        71000 kB
NFS_Unstable:          0 kB
Bounce:                0 kB
WritebackTmp:          0 kB
CommitLimit:     9202296 kB
Committed_AS:   76838032 kB
VmallocTotal:   263061440 kB
VmallocUsed:      107696 kB
VmallocChunk:          0 kB
Percpu:             7616 kB
CmaTotal:         294912 kB
CmaFree:               0 kB
MemTotal:       12113144 kB
MemFree:         5001968 kB
MemAvailable:    6655740 kB
Buffers:            4748 kB
Cached:          2112136 kB
SwapCached:            0 kB
Active:          2726680 kB
Inactive:        1832676 kB
Active(anon):    2448868 kB
Inactive(anon):    22104 kB
Active(file):     277812 kB
Inactive(file):  1810572 kB
Unevictable:        5464 kB
Mlocked:            5464 kB
SwapTotal:       3145724 kB
SwapFree:        3145724 kB
Dirty:             12684 kB
Writeback:             0 kB
AnonPages:       2448068 kB
Mapped:          1062692 kB
Shmem:             24072 kB
KReclaimable:     385948 kB
Slab:             224344 kB
SReclaimable:      76280 kB
SUnreclaim:       148064 kB
KernelStack:       50608 kB
PageTables:        70940 kB
NFS_Unstable:          0 kB
Bounce:                0 kB
WritebackTmp:          0 kB
CommitLimit:     9202296 kB
Committed_AS:   76834848 kB
VmallocTotal:   263061440 kB
VmallocUsed:      107664 kB
VmallocChunk:          0 kB
Percpu:             7616 kB
CmaTotal:         294912 kB
CmaFree:               0 kB
MemTotal:       12113144 kB
MemFree:         4999636 kB
MemAvailable:    6653476 kB
Buffers:            4752 kB
Cached:          2112200 kB
SwapCached:            0 kB
Active:          2728352 kB
Inactive:        1832740 kB
Active(anon):    2450536 kB
Inactive(anon):    22104 kB
Active(file):     277816 kB
Inactive(file):  1810636 kB
Unevictable:        5464 kB
Mlocked:            5464 kB
SwapTotal:       3145724 kB
SwapFree:        3145724 kB
Dirty:              1480 kB
Writeback:             0 kB
AnonPages:       2449996 kB
Mapped:          1062488 kB
Shmem:             24072 kB
KReclaimable:     385952 kB
Slab:             224348 kB
SReclaimable:      76284 kB
SUnreclaim:       148064 kB
KernelStack:       50576 kB
PageTables:        70972 kB
NFS_Unstable:          0 kB
Bounce:                0 kB
WritebackTmp:          0 kB
CommitLimit:     9202296 kB
Committed_AS:   76834056 kB
VmallocTotal:   263061440 kB
VmallocUsed:      107632 kB
VmallocChunk:          0 kB
Percpu:             7616 kB
CmaTotal:         294912 kB
CmaFree:               0 kB
MemTotal:       12113144 kB
MemFree:         5001196 kB
MemAvailable:    6655052 kB
Buffers:            4752 kB
Cached:          2112224 kB
SwapCached:            0 kB
Active:          2727740 kB
Inactive:        1832764 kB
Active(anon):    2449924 kB
Inactive(anon):    22112 kB
Active(file):     277816 kB
Inactive(file):  1810652 kB
Unevictable:        5464 kB
Mlocked:            5464 kB
SwapTotal:       3145724 kB
SwapFree:        3145724 kB
Dirty:              1524 kB
Writeback:             0 kB
AnonPages:       2448920 kB
Mapped:          1062500 kB
Shmem:             24080 kB
KReclaimable:     385952 kB
Slab:             224348 kB
SReclaimable:      76284 kB
SUnreclaim:       148064 kB
KernelStack:       50624 kB
PageTables:        70968 kB
NFS_Unstable:          0 kB
Bounce:                0 kB
WritebackTmp:          0 kB
CommitLimit:     9202296 kB
Committed_AS:   76833224 kB
VmallocTotal:   263061440 kB
VmallocUsed:      107632 kB
VmallocChunk:          0 kB
Percpu:             7616 kB
CmaTotal:         294912 kB
CmaFree:               0 kB
MemTotal:       12113144 kB
MemFree:         5000504 kB
MemAvailable:    6654364 kB
Buffers:            4752 kB
Cached:          2112232 kB
SwapCached:            0 kB
Active:          2728232 kB
Inactive:        1832772 kB
Active(anon):    2450416 kB
Inactive(anon):    22116 kB
Active(file):     277816 kB
Inactive(file):  1810656 kB
Unevictable:        5464 kB
Mlocked:            5464 kB
SwapTotal:       3145724 kB
SwapFree:        3145724 kB
Dirty:              1564 kB
Writeback:             0 kB
AnonPages:       2449468 kB
Mapped:          1062540 kB
Shmem:             24084 kB
KReclaimable:     385952 kB
Slab:             224356 kB
SReclaimable:      76284 kB
SUnreclaim:       148072 kB
KernelStack:       50624 kB
PageTables:        70956 kB
NFS_Unstable:          0 kB
Bounce:                0 kB
WritebackTmp:          0 kB
CommitLimit:     9202296 kB
Committed_AS:   76835204 kB
VmallocTotal:   263061440 kB
VmallocUsed:      107664 kB
VmallocChunk:          0 kB
Percpu:             7616 kB
CmaTotal:         294912 kB
CmaFree:               0 kB
MemTotal:       12113144 kB
MemFree:         5000880 kB
MemAvailable:    6654752 kB
Buffers:            4752 kB
Cached:          2112244 kB
SwapCached:            0 kB
Active:          2726552 kB
Inactive:        1832780 kB
Active(anon):    2448732 kB
Inactive(anon):    22116 kB
Active(file):     277820 kB
Inactive(file):  1810664 kB
Unevictable:        5464 kB
Mlocked:            5464 kB
SwapTotal:       3145724 kB
SwapFree:        3145724 kB
Dirty:              1580 kB
Writeback:             0 kB
AnonPages:       2447720 kB
Mapped:          1062556 kB
Shmem:             24084 kB
KReclaimable:     385952 kB
Slab:             224356 kB
SReclaimable:      76284 kB
SUnreclaim:       148072 kB
KernelStack:       50672 kB
PageTables:        71076 kB
NFS_Unstable:          0 kB
Bounce:                0 kB
WritebackTmp:          0 kB
CommitLimit:     9202296 kB
Committed_AS:   76835196 kB
VmallocTotal:   263061440 kB
VmallocUsed:      107664 kB
VmallocChunk:          0 kB
Percpu:             7616 kB
CmaTotal:         294912 kB
CmaFree:               0 kB
MemTotal:       12113144 kB
MemFree:         5002816 kB
MemAvailable:    6656692 kB
Buffers:            4752 kB
Cached:          2112248 kB
SwapCached:            0 kB
Active:          2727248 kB
Inactive:        1832780 kB
Active(anon):    2449424 kB
Inactive(anon):    22116 kB
Active(file):     277824 kB
Inactive(file):  1810664 kB
Unevictable:        5464 kB
Mlocked:            5464 kB
SwapTotal:       3145724 kB
SwapFree:        3145724 kB
Dirty:              1584 kB
Writeback:             0 kB
AnonPages:       2448164 kB
Mapped:          1062512 kB
Shmem:             24084 kB
KReclaimable:     385952 kB
Slab:             224356 kB
SReclaimable:      76284 kB
SUnreclaim:       148072 kB
KernelStack:       50624 kB
PageTables:        70976 kB
NFS_Unstable:          0 kB
Bounce:                0 kB
WritebackTmp:          0 kB
CommitLimit:     9202296 kB
Committed_AS:   76836016 kB
VmallocTotal:   263061440 kB
VmallocUsed:      107632 kB
VmallocChunk:          0 kB
Percpu:             7616 kB
CmaTotal:         294912 kB
CmaFree:               0 kB
MemTotal:       12113144 kB
MemFree:         5001988 kB
MemAvailable:    6655884 kB
Buffers:            4752 kB
Cached:          2112268 kB
SwapCached:            0 kB
Active:          2727140 kB
Inactive:        1832800 kB
Active(anon):    2449316 kB
Inactive(anon):    22116 kB
Active(file):     277824 kB
Inactive(file):  1810684 kB
Unevictable:        5464 kB
Mlocked:            5464 kB
SwapTotal:       3145724 kB
SwapFree:        3145724 kB
Dirty:              1616 kB
Writeback:             0 kB
AnonPages:       2448452 kB
Mapped:          1062540 kB
Shmem:             24084 kB
KReclaimable:     385952 kB
Slab:             224356 kB
SReclaimable:      76284 kB
SUnreclaim:       148072 kB
KernelStack:       50640 kB
PageTables:        70960 kB
NFS_Unstable:          0 kB
Bounce:                0 kB
WritebackTmp:          0 kB
CommitLimit:     9202296 kB
Committed_AS:   76835908 kB
VmallocTotal:   263061440 kB
VmallocUsed:      107680 kB
VmallocChunk:          0 kB
Percpu:             7616 kB
CmaTotal:         294912 kB
CmaFree:               0 kB
MemTotal:       12113144 kB
MemFree:         5001228 kB
MemAvailable:    6655160 kB
Buffers:            4756 kB
Cached:          2112300 kB
SwapCached:            0 kB
Active:          2727384 kB
Inactive:        1832832 kB
Active(anon):    2449556 kB
Inactive(anon):    22116 kB
Active(file):     277828 kB
Inactive(file):  1810716 kB
Unevictable:        5464 kB
Mlocked:            5464 kB
SwapTotal:       3145724 kB
SwapFree:        3145724 kB
Dirty:              1632 kB
Writeback:             0 kB
AnonPages:       2448144 kB
Mapped:          1062508 kB
Shmem:             24084 kB
KReclaimable:     385952 kB
Slab:             224356 kB
SReclaimable:      76284 kB
SUnreclaim:       148072 kB
KernelStack:       50624 kB
PageTables:        71016 kB
NFS_Unstable:          0 kB
Bounce:                0 kB
WritebackTmp:          0 kB
CommitLimit:     9202296 kB
Committed_AS:   76840640 kB
VmallocTotal:   263061440 kB
VmallocUsed:      107712 kB
VmallocChunk:          0 kB
Percpu:             7616 kB
CmaTotal:         294912 kB
CmaFree:               0 kB
MemTotal:       12113144 kB
MemFree:         5000988 kB
MemAvailable:    6654932 kB
Buffers:            4756 kB
Cached:          2112312 kB
SwapCached:            0 kB
Active:          2727408 kB
Inactive:        1832844 kB
Active(anon):    2449580 kB
Inactive(anon):    22116 kB
Active(file):     277828 kB
Inactive(file):  1810728 kB
Unevictable:        5464 kB
Mlocked:            5464 kB
SwapTotal:       3145724 kB
SwapFree:        3145724 kB
Dirty:              1656 kB
Writeback:             0 kB
AnonPages:       2448888 kB
Mapped:          1062688 kB
Shmem:             24084 kB
KReclaimable:     385952 kB
Slab:             224356 kB
SReclaimable:      76284 kB
SUnreclaim:       148072 kB
KernelStack:       50640 kB
PageTables:        70976 kB
NFS_Unstable:          0 kB
Bounce:                0 kB
WritebackTmp:          0 kB
CommitLimit:     9202296 kB
Committed_AS:   76840380 kB
VmallocTotal:   263061440 kB
VmallocUsed:      107696 kB
VmallocChunk:          0 kB
Percpu:             7616 kB
CmaTotal:         294912 kB
CmaFree:               0 kB
MemTotal:       12113144 kB
MemFree:         5000720 kB
MemAvailable:    6654672 kB
Buffers:            4756 kB
Cached:          2112324 kB
SwapCached:            0 kB
Active:          2728220 kB
Inactive:        1832836 kB
Active(anon):    2450372 kB
Inactive(anon):    22120 kB
Active(file):     277848 kB
Inactive(file):  1810716 kB
Unevictable:        5464 kB
Mlocked:            5464 kB
SwapTotal:       3145724 kB
SwapFree:        3145724 kB
Dirty:              1664 kB
Writeback:             0 kB
AnonPages:       2449080 kB
Mapped:          1062636 kB
Shmem:             24088 kB
KReclaimable:     385952 kB
Slab:             224356 kB
SReclaimable:      76284 kB
SUnreclaim:       148072 kB
KernelStack:       50644 kB
PageTables:        70844 kB
NFS_Unstable:          0 kB
Bounce:                0 kB
WritebackTmp:          0 kB
CommitLimit:     9202296 kB
Committed_AS:   76840212 kB
VmallocTotal:   263061440 kB
VmallocUsed:      107680 kB
VmallocChunk:          0 kB
Percpu:             7616 kB
CmaTotal:         294912 kB
CmaFree:               0 kB
MemTotal:       12113144 kB
MemFree:         4999964 kB
MemAvailable:    6653932 kB
Buffers:            4756 kB
Cached:          2112352 kB
SwapCached:            0 kB
Active:          2729076 kB
Inactive:        1832864 kB
Active(anon):    2451228 kB
Inactive(anon):    22132 kB
Active(file):     277848 kB
Inactive(file):  1810732 kB
Unevictable:        5464 kB
Mlocked:            5464 kB
SwapTotal:       3145724 kB
SwapFree:        3145724 kB
Dirty:              1680 kB
Writeback:             0 kB
AnonPages:       2450256 kB
Mapped:          1062636 kB
Shmem:             24100 kB
KReclaimable:     385952 kB
Slab:             224356 kB
SReclaimable:      76284 kB
SUnreclaim:       148072 kB
KernelStack:       50640 kB
PageTables:        71176 kB
NFS_Unstable:          0 kB
Bounce:                0 kB
WritebackTmp:          0 kB
CommitLimit:     9202296 kB
Committed_AS:   76834704 kB
VmallocTotal:   263061440 kB
VmallocUsed:      107680 kB
VmallocChunk:          0 kB
Percpu:             7616 kB
CmaTotal:         294912 kB
CmaFree:               0 kB
MemTotal:       12113144 kB
MemFree:         4963092 kB
MemAvailable:    6576892 kB
Buffers:            4756 kB
Cached:          2112360 kB
SwapCached:            0 kB
Active:          2766052 kB
Inactive:        1832868 kB
Active(anon):    2488200 kB
Inactive(anon):    22132 kB
Active(file):     277852 kB
Inactive(file):  1810736 kB
Unevictable:        5464 kB
Mlocked:            5464 kB
SwapTotal:       3145724 kB
SwapFree:        3145724 kB
Dirty:              1700 kB
Writeback:             0 kB
AnonPages:       2487052 kB
Mapped:          1062808 kB
Shmem:             24100 kB
KReclaimable:     305596 kB
Slab:             224420 kB
SReclaimable:      76284 kB
SUnreclaim:       148136 kB
KernelStack:       50864 kB
PageTables:        71120 kB
NFS_Unstable:          0 kB
Bounce:                0 kB
WritebackTmp:          0 kB
CommitLimit:     9202296 kB
Committed_AS:   76836380 kB
VmallocTotal:   263061440 kB
VmallocUsed:      108096 kB
VmallocChunk:          0 kB
Percpu:             7616 kB
CmaTotal:         294912 kB
CmaFree:               0 kB
MemTotal:       12113144 kB
MemFree:         4944388 kB
MemAvailable:    6558200 kB
Buffers:            4756 kB
Cached:          2112380 kB
SwapCached:            0 kB
Active:          2783740 kB
Inactive:        1832888 kB
Active(anon):    2505888 kB
Inactive(anon):    22140 kB
Active(file):     277852 kB
Inactive(file):  1810748 kB
Unevictable:        5464 kB
Mlocked:            5464 kB
SwapTotal:       3145724 kB
SwapFree:        3145724 kB
Dirty:              1712 kB
Writeback:             0 kB
AnonPages:       2505028 kB
Mapped:          1062820 kB
Shmem:             24108 kB
KReclaimable:     305596 kB
Slab:             224484 kB
SReclaimable:      76284 kB
SUnreclaim:       148200 kB
KernelStack:       50992 kB
PageTables:        71012 kB
NFS_Unstable:          0 kB
Bounce:                0 kB
WritebackTmp:          0 kB
CommitLimit:     9202296 kB
Committed_AS:   76850420 kB
VmallocTotal:   263061440 kB
VmallocUsed:      108096 kB
VmallocChunk:          0 kB
Percpu:             7616 kB
CmaTotal:         294912 kB
CmaFree:               0 kB
MemTotal:       12113144 kB
MemFree:         4942500 kB
MemAvailable:    6560912 kB
Buffers:            4756 kB
Cached:          2112388 kB
SwapCached:            0 kB
Active:          2784320 kB
Inactive:        1832896 kB
Active(anon):    2506468 kB
Inactive(anon):    22140 kB
Active(file):     277852 kB
Inactive(file):  1810756 kB
Unevictable:        5464 kB
Mlocked:            5464 kB
SwapTotal:       3145724 kB
SwapFree:        3145724 kB
Dirty:              1720 kB
Writeback:             0 kB
AnonPages:       2505128 kB
Mapped:          1062764 kB
Shmem:             24108 kB
KReclaimable:     314780 kB
Slab:             224484 kB
SReclaimable:      76284 kB
SUnreclaim:       148200 kB
KernelStack:       50944 kB
PageTables:        71108 kB
NFS_Unstable:          0 kB
Bounce:                0 kB
WritebackTmp:          0 kB
CommitLimit:     9202296 kB
Committed_AS:   76834240 kB
VmallocTotal:   263061440 kB
VmallocUsed:      108144 kB
VmallocChunk:          0 kB
Percpu:             7616 kB
CmaTotal:         294912 kB
CmaFree:               0 kB
MemTotal:       12113144 kB
MemFree:         4941772 kB
MemAvailable:    6560200 kB
Buffers:            4756 kB
Cached:          2112404 kB
SwapCached:            0 kB
Active:          2784548 kB
Inactive:        1832912 kB
Active(anon):    2506696 kB
Inactive(anon):    22140 kB
Active(file):     277852 kB
Inactive(file):  1810772 kB
Unevictable:        5464 kB
Mlocked:            5464 kB
SwapTotal:       3145724 kB
SwapFree:        3145724 kB
Dirty:              1132 kB
Writeback:             0 kB
AnonPages:       2505588 kB
Mapped:          1062792 kB
Shmem:             24108 kB
KReclaimable:     314780 kB
Slab:             224484 kB
SReclaimable:      76284 kB
SUnreclaim:       148200 kB
KernelStack:       50944 kB
PageTables:        71120 kB
NFS_Unstable:          0 kB
Bounce:                0 kB
WritebackTmp:          0 kB
CommitLimit:     9202296 kB
Committed_AS:   76836424 kB
VmallocTotal:   263061440 kB
VmallocUsed:      108176 kB
VmallocChunk:          0 kB
Percpu:             7616 kB
CmaTotal:         294912 kB
CmaFree:               0 kB
MemTotal:       12113144 kB
MemFree:         4941932 kB
MemAvailable:    6560372 kB
Buffers:            4756 kB
Cached:          2112416 kB
SwapCached:            0 kB
Active:          2784720 kB
Inactive:        1832924 kB
Active(anon):    2506868 kB
Inactive(anon):    22140 kB
Active(file):     277852 kB
Inactive(file):  1810784 kB
Unevictable:        5464 kB
Mlocked:            5464 kB
SwapTotal:       3145724 kB
SwapFree:        3145724 kB
Dirty:              1168 kB
Writeback:             0 kB
AnonPages:       2506132 kB
Mapped:          1062772 kB
Shmem:             24108 kB
KReclaimable:     314780 kB
Slab:             224484 kB
SReclaimable:      76284 kB
SUnreclaim:       148200 kB
KernelStack:       50960 kB
PageTables:        71056 kB
NFS_Unstable:          0 kB
Bounce:                0 kB
WritebackTmp:          0 kB
CommitLimit:     9202296 kB
Committed_AS:   76831164 kB
VmallocTotal:   263061440 kB
VmallocUsed:      108128 kB
VmallocChunk:          0 kB
Percpu:             7616 kB
CmaTotal:         294912 kB
CmaFree:               0 kB
MemTotal:       12113144 kB
MemFree:         4942988 kB
MemAvailable:    6561440 kB
Buffers:            4756 kB
Cached:          2112428 kB
SwapCached:            0 kB
Active:          2784684 kB
Inactive:        1832936 kB
Active(anon):    2506832 kB
Inactive(anon):    22140 kB
Active(file):     277852 kB
Inactive(file):  1810796 kB
Unevictable:        5464 kB
Mlocked:            5464 kB
SwapTotal:       3145724 kB
SwapFree:        3145724 kB
Dirty:              1196 kB
Writeback:             0 kB
AnonPages:       2505824 kB
Mapped:          1062780 kB
Shmem:             24108 kB
KReclaimable:     314780 kB
Slab:             224484 kB
SReclaimable:      76284 kB
SUnreclaim:       148200 kB
KernelStack:       50960 kB
PageTables:        71236 kB
NFS_Unstable:          0 kB
Bounce:                0 kB
WritebackTmp:          0 kB
CommitLimit:     9202296 kB
Committed_AS:   76831272 kB
VmallocTotal:   263061440 kB
VmallocUsed:      108096 kB
VmallocChunk:          0 kB
Percpu:             7616 kB
CmaTotal:         294912 kB
CmaFree:               0 kB
MemTotal:       12113144 kB
MemFree:         4941128 kB
MemAvailable:    6559584 kB
Buffers:            4756 kB
Cached:          2112440 kB
SwapCached:            0 kB
Active:          2785256 kB
Inactive:        1832948 kB
Active(anon):    2507404 kB
Inactive(anon):    22148 kB
Active(file):     277852 kB
Inactive(file):  1810800 kB
Unevictable:        5464 kB
Mlocked:            5464 kB
SwapTotal:       3145724 kB
SwapFree:        3145724 kB
Dirty:              1224 kB
Writeback:             0 kB
AnonPages:       2506668 kB
Mapped:          1062924 kB
Shmem:             24116 kB
KReclaimable:     314780 kB
Slab:             224484 kB
SReclaimable:      76284 kB
SUnreclaim:       148200 kB
KernelStack:       50996 kB
PageTables:        71252 kB
NFS_Unstable:          0 kB
Bounce:                0 kB
WritebackTmp:          0 kB
CommitLimit:     9202296 kB
Committed_AS:   76833968 kB
VmallocTotal:   263061440 kB
VmallocUsed:      108144 kB
VmallocChunk:          0 kB
Percpu:             7616 kB
CmaTotal:         294912 kB
CmaFree:               0 kB
MemTotal:       12113144 kB
MemFree:         4940680 kB
MemAvailable:    6559156 kB
Buffers:            4756 kB
Cached:          2112460 kB
SwapCached:            0 kB
Active:          2785780 kB
Inactive:        1832968 kB
Active(anon):    2507928 kB
Inactive(anon):    22148 kB
Active(file):     277852 kB
Inactive(file):  1810820 kB
Unevictable:        5464 kB
Mlocked:            5464 kB
SwapTotal:       3145724 kB
SwapFree:        3145724 kB
Dirty:              1244 kB
Writeback:             0 kB
AnonPages:       2506616 kB
Mapped:          1062784 kB
Shmem:             24116 kB
KReclaimable:     314780 kB
Slab:             224484 kB
SReclaimable:      76284 kB
SUnreclaim:       148200 kB
KernelStack:       50960 kB
PageTables:        71080 kB
NFS_Unstable:          0 kB
Bounce:                0 kB
WritebackTmp:          0 kB
CommitLimit:     9202296 kB
Committed_AS:   76831828 kB
VmallocTotal:   263061440 kB
VmallocUsed:      108112 kB
VmallocChunk:          0 kB
Percpu:             7616 kB
CmaTotal:         294912 kB
CmaFree:               0 kB
MemTotal:       12113144 kB
MemFree:         4941232 kB
MemAvailable:    6559716 kB
Buffers:            4756 kB
Cached:          2112468 kB
SwapCached:            0 kB
Active:          2785596 kB
Inactive:        1832968 kB
Active(anon):    2507736 kB
Inactive(anon):    22148 kB
Active(file):     277860 kB
Inactive(file):  1810820 kB
Unevictable:        5464 kB
Mlocked:            5464 kB
SwapTotal:       3145724 kB
SwapFree:        3145724 kB
Dirty:              1028 kB
Writeback:             0 kB
AnonPages:       2506788 kB
Mapped:          1062664 kB
Shmem:             24116 kB
KReclaimable:     314780 kB
Slab:             224484 kB
SReclaimable:      76284 kB
SUnreclaim:       148200 kB
KernelStack:       50976 kB
PageTables:        71244 kB
NFS_Unstable:          0 kB
Bounce:                0 kB
WritebackTmp:          0 kB
CommitLimit:     9202296 kB
Committed_AS:   76824404 kB
VmallocTotal:   263061440 kB
VmallocUsed:      108080 kB
VmallocChunk:          0 kB
Percpu:             7616 kB
CmaTotal:         294912 kB
CmaFree:               0 kB
MemTotal:       12113144 kB
MemFree:         4940484 kB
MemAvailable:    6558980 kB
Buffers:            4756 kB
Cached:          2112484 kB
SwapCached:            0 kB
Active:          2787104 kB
Inactive:        1832984 kB
Active(anon):    2509244 kB
Inactive(anon):    22152 kB
Active(file):     277860 kB
Inactive(file):  1810832 kB
Unevictable:        5464 kB
Mlocked:            5464 kB
SwapTotal:       3145724 kB
SwapFree:        3145724 kB
Dirty:              1084 kB
Writeback:             4 kB
AnonPages:       2508080 kB
Mapped:          1062796 kB
Shmem:             24120 kB
KReclaimable:     314780 kB
Slab:             224484 kB
SReclaimable:      76284 kB
SUnreclaim:       148200 kB
KernelStack:       50960 kB
PageTables:        71196 kB
NFS_Unstable:          0 kB
Bounce:                0 kB
WritebackTmp:          0 kB
CommitLimit:     9202296 kB
Committed_AS:   76832976 kB
VmallocTotal:   263061440 kB
VmallocUsed:      108064 kB
