MemTotal:        5980404 kB
MemFree:          562580 kB
MemAvailable:    2793040 kB
Buffers:            7172 kB
Cached:          2376864 kB
SwapCached:            0 kB
Active:          1592612 kB
Inactive:        1910420 kB
Active(anon):    1023232 kB
Inactive(anon):   124384 kB
Active(file):     569380 kB
Inactive(file):  1786036 kB
Unevictable:        5672 kB
Mlocked:            5672 kB
SwapTotal:       3670008 kB
SwapFree:        3670008 kB
Dirty:               480 kB
Writeback:             0 kB
AnonPages:       1124664 kB
Mapped:           640072 kB
Shmem:             23988 kB
KReclaimable:     437476 kB
Slab:             210068 kB
SReclaimable:      56968 kB
SUnreclaim:       153100 kB
KernelStack:       43520 kB
PageTables:        54236 kB
NFS_Unstable:          0 kB
Bounce:                0 kB
WritebackTmp:          0 kB
CommitLimit:     6660208 kB
Committed_AS:   58898528 kB
VmallocTotal:   263061440 kB
VmallocUsed:       83944 kB
VmallocChunk:          0 kB
Percpu:             7616 kB
CmaTotal:         315392 kB
CmaFree:               0 kB
MemTotal:        5980404 kB
MemFree:          557760 kB
MemAvailable:    2788204 kB
Buffers:            7172 kB
Cached:          2376864 kB
SwapCached:            0 kB
Active:          1595672 kB
Inactive:        1910420 kB
Active(anon):    1026292 kB
Inactive(anon):   124384 kB
Active(file):     569380 kB
Inactive(file):  1786036 kB
Unevictable:        5672 kB
Mlocked:            5672 kB
SwapTotal:       3670008 kB
SwapFree:        3670008 kB
Dirty:               504 kB
Writeback:             0 kB
AnonPages:       1127528 kB
Mapped:           637520 kB
Shmem:             23988 kB
KReclaimable:     437460 kB
Slab:             210004 kB
SReclaimable:      56952 kB
SUnreclaim:       153052 kB
KernelStack:       43584 kB
PageTables:        54248 kB
NFS_Unstable:          0 kB
Bounce:                0 kB
WritebackTmp:          0 kB
CommitLimit:     6660208 kB
Committed_AS:   58898484 kB
VmallocTotal:   263061440 kB
VmallocUsed:       83944 kB
VmallocChunk:          0 kB
Percpu:             7616 kB
CmaTotal:         315392 kB
CmaFree:               0 kB
MemTotal:        5980404 kB
MemFree:          558656 kB
MemAvailable:    2789104 kB
Buffers:            7172 kB
Cached:          2376868 kB
SwapCached:            0 kB
Active:          1594708 kB
Inactive:        1910424 kB
Active(anon):    1025328 kB
Inactive(anon):   124384 kB
Active(file):     569380 kB
Inactive(file):  1786040 kB
Unevictable:        5672 kB
Mlocked:            5672 kB
SwapTotal:       3670008 kB
SwapFree:        3670008 kB
Dirty:               508 kB
Writeback:             0 kB
AnonPages:       1126996 kB
Mapped:           637492 kB
Shmem:             23988 kB
KReclaimable:     437460 kB
Slab:             210032 kB
SReclaimable:      56952 kB
SUnreclaim:       153080 kB
KernelStack:       43584 kB
PageTables:        54320 kB
NFS_Unstable:          0 kB
Bounce:                0 kB
WritebackTmp:          0 kB
CommitLimit:     6660208 kB
Committed_AS:   58898356 kB
VmallocTotal:   263061440 kB
VmallocUsed:       83976 kB
VmallocChunk:          0 kB
Percpu:             7616 kB
CmaTotal:         315392 kB
CmaFree:               0 kB
MemTotal:        5980404 kB
MemFree:          558328 kB
MemAvailable:    2788776 kB
Buffers:            7172 kB
Cached:          2376868 kB
SwapCached:            0 kB
Active:          1594956 kB
Inactive:        1910424 kB
Active(anon):    1025576 kB
Inactive(anon):   124384 kB
Active(file):     569380 kB
Inactive(file):  1786040 kB
Unevictable:        5672 kB
Mlocked:            5672 kB
SwapTotal:       3670008 kB
SwapFree:        3670008 kB
Dirty:               504 kB
Writeback:             0 kB
AnonPages:       1127152 kB
Mapped:           637492 kB
Shmem:             23988 kB
KReclaimable:     437460 kB
Slab:             210024 kB
SReclaimable:      56952 kB
SUnreclaim:       153072 kB
KernelStack:       43552 kB
PageTables:        54328 kB
NFS_Unstable:          0 kB
Bounce:                0 kB
WritebackTmp:          0 kB
CommitLimit:     6660208 kB
Committed_AS:   58897816 kB
VmallocTotal:   263061440 kB
VmallocUsed:       83928 kB
VmallocChunk:          0 kB
Percpu:             7616 kB
CmaTotal:         315392 kB
CmaFree:               0 kB
MemTotal:        5980404 kB
MemFree:          558324 kB
MemAvailable:    2788764 kB
Buffers:            7172 kB
Cached:          2376868 kB
SwapCached:            0 kB
Active:          1595744 kB
Inactive:        1910428 kB
Active(anon):    1026368 kB
Inactive(anon):   124392 kB
Active(file):     569376 kB
Inactive(file):  1786036 kB
Unevictable:        5672 kB
Mlocked:            5672 kB
SwapTotal:       3670008 kB
SwapFree:        3670008 kB
Dirty:               516 kB
Writeback:             0 kB
AnonPages:       1127668 kB
Mapped:           637500 kB
Shmem:             23996 kB
KReclaimable:     437460 kB
Slab:             210064 kB
SReclaimable:      56952 kB
SUnreclaim:       153112 kB
KernelStack:       43504 kB
PageTables:        54184 kB
NFS_Unstable:          0 kB
Bounce:                0 kB
WritebackTmp:          0 kB
CommitLimit:     6660208 kB
Committed_AS:   58897424 kB
VmallocTotal:   263061440 kB
VmallocUsed:       83944 kB
VmallocChunk:          0 kB
Percpu:             7616 kB
CmaTotal:         315392 kB
CmaFree:               0 kB
MemTotal:        5980404 kB
MemFree:          558184 kB
MemAvailable:    2788660 kB
Buffers:            7172 kB
Cached:          2376904 kB
SwapCached:            0 kB
Active:          1596084 kB
Inactive:        1910452 kB
Active(anon):    1026696 kB
Inactive(anon):   124392 kB
Active(file):     569388 kB
Inactive(file):  1786060 kB
Unevictable:        5672 kB
Mlocked:            5672 kB
SwapTotal:       3670008 kB
SwapFree:        3670008 kB
Dirty:               416 kB
Writeback:             4 kB
AnonPages:       1128356 kB
Mapped:           637604 kB
Shmem:             23996 kB
KReclaimable:     437460 kB
Slab:             210056 kB
SReclaimable:      56952 kB
SUnreclaim:       153104 kB
KernelStack:       43536 kB
PageTables:        54380 kB
NFS_Unstable:          0 kB
Bounce:                0 kB
WritebackTmp:          0 kB
CommitLimit:     6660208 kB
Committed_AS:   58898960 kB
VmallocTotal:   263061440 kB
VmallocUsed:       83880 kB
VmallocChunk:          0 kB
Percpu:             7616 kB
CmaTotal:         315392 kB
CmaFree:               0 kB
MemTotal:        5980404 kB
MemFree:          558768 kB
MemAvailable:    2789228 kB
Buffers:            7176 kB
Cached:          2376884 kB
SwapCached:            0 kB
Active:          1595316 kB
Inactive:        1910444 kB
Active(anon):    1025936 kB
Inactive(anon):   124392 kB
Active(file):     569380 kB
Inactive(file):  1786052 kB
Unevictable:        5672 kB
Mlocked:            5672 kB
SwapTotal:       3670008 kB
SwapFree:        3670008 kB
Dirty:               420 kB
Writeback:             0 kB
AnonPages:       1127492 kB
Mapped:           637516 kB
Shmem:             23996 kB
KReclaimable:     437460 kB
Slab:             210024 kB
SReclaimable:      56952 kB
SUnreclaim:       153072 kB
KernelStack:       43504 kB
PageTables:        53996 kB
NFS_Unstable:          0 kB
Bounce:                0 kB
WritebackTmp:          0 kB
CommitLimit:     6660208 kB
Committed_AS:   58896676 kB
VmallocTotal:   263061440 kB
VmallocUsed:       83880 kB
VmallocChunk:          0 kB
Percpu:             7616 kB
CmaTotal:         315392 kB
CmaFree:             100 kB
MemTotal:        5980404 kB
MemFree:          558252 kB
MemAvailable:    2788728 kB
Buffers:            7176 kB
Cached:          2376896 kB
SwapCached:            0 kB
Active:          1596032 kB
Inactive:        1910452 kB
Active(anon):    1026648 kB
Inactive(anon):   124392 kB
Active(file):     569384 kB
Inactive(file):  1786060 kB
Unevictable:        5672 kB
Mlocked:            5672 kB
SwapTotal:       3670008 kB
SwapFree:        3670008 kB
Dirty:               480 kB
Writeback:             0 kB
AnonPages:       1128164 kB
Mapped:           637292 kB
Shmem:             23996 kB
KReclaimable:     437464 kB
Slab:             210052 kB
SReclaimable:      56956 kB
SUnreclaim:       153096 kB
KernelStack:       43504 kB
PageTables:        54416 kB
NFS_Unstable:          0 kB
Bounce:                0 kB
WritebackTmp:          0 kB
CommitLimit:     6660208 kB
Committed_AS:   58896392 kB
VmallocTotal:   263061440 kB
VmallocUsed:       83880 kB
VmallocChunk:          0 kB
Percpu:             7616 kB
CmaTotal:         315392 kB
CmaFree:               0 kB
MemTotal:        5980404 kB
MemFree:          558552 kB
MemAvailable:    2789020 kB
Buffers:            7176 kB
Cached:          2376888 kB
SwapCached:            0 kB
Active:          1596640 kB
Inactive:        1910444 kB
Active(anon):    1027256 kB
Inactive(anon):   124392 kB
Active(file):     569384 kB
Inactive(file):  1786052 kB
Unevictable:        5672 kB
Mlocked:            5672 kB
SwapTotal:       3670008 kB
SwapFree:        3670008 kB
Dirty:               520 kB
Writeback:             0 kB
AnonPages:       1128592 kB
Mapped:           637484 kB
Shmem:             23996 kB
KReclaimable:     437464 kB
Slab:             210020 kB
SReclaimable:      56956 kB
SUnreclaim:       153064 kB
KernelStack:       43444 kB
PageTables:        54476 kB
NFS_Unstable:          0 kB
Bounce:                0 kB
WritebackTmp:          0 kB
CommitLimit:     6660208 kB
Committed_AS:   58901664 kB
VmallocTotal:   263061440 kB
VmallocUsed:       83816 kB
VmallocChunk:          0 kB
Percpu:             7616 kB
CmaTotal:         315392 kB
CmaFree:              12 kB
MemTotal:        5980404 kB
MemFree:          557388 kB
MemAvailable:    2787872 kB
Buffers:            7176 kB
Cached:          2376904 kB
SwapCached:            0 kB
Active:          1596860 kB
Inactive:        1910456 kB
Active(anon):    1027472 kB
Inactive(anon):   124392 kB
Active(file):     569388 kB
Inactive(file):  1786064 kB
Unevictable:        5672 kB
Mlocked:            5672 kB
SwapTotal:       3670008 kB
SwapFree:        3670008 kB
Dirty:               528 kB
Writeback:             0 kB
AnonPages:       1128980 kB
Mapped:           637500 kB
Shmem:             23996 kB
KReclaimable:     437464 kB
Slab:             210052 kB
SReclaimable:      56956 kB
SUnreclaim:       153096 kB
KernelStack:       43472 kB
PageTables:        54124 kB
NFS_Unstable:          0 kB
Bounce:                0 kB
WritebackTmp:          0 kB
CommitLimit:     6660208 kB
Committed_AS:   58898984 kB
VmallocTotal:   263061440 kB
VmallocUsed:       83832 kB
VmallocChunk:          0 kB
Percpu:             7616 kB
CmaTotal:         315392 kB
CmaFree:               0 kB
MemTotal:        5980404 kB
MemFree:          556880 kB
MemAvailable:    2787356 kB
Buffers:            7176 kB
Cached:          2376896 kB
SwapCached:            0 kB
Active:          1597444 kB
Inactive:        1910452 kB
Active(anon):    1028060 kB
Inactive(anon):   124392 kB
Active(file):     569384 kB
Inactive(file):  1786060 kB
Unevictable:        5672 kB
Mlocked:            5672 kB
SwapTotal:       3670008 kB
SwapFree:        3670008 kB
Dirty:               520 kB
Writeback:             0 kB
AnonPages:       1129520 kB
Mapped:           637500 kB
Shmem:             23996 kB
KReclaimable:     437464 kB
Slab:             210020 kB
SReclaimable:      56956 kB
SUnreclaim:       153064 kB
KernelStack:       43456 kB
PageTables:        54184 kB
NFS_Unstable:          0 kB
Bounce:                0 kB
WritebackTmp:          0 kB
CommitLimit:     6660208 kB
Committed_AS:   58901136 kB
VmallocTotal:   263061440 kB
VmallocUsed:       83832 kB
VmallocChunk:          0 kB
Percpu:             7616 kB
CmaTotal:         315392 kB
CmaFree:               0 kB
MemTotal:        5980404 kB
MemFree:          557052 kB
MemAvailable:    2787516 kB
Buffers:            7176 kB
Cached:          2376888 kB
SwapCached:            0 kB
Active:          1597704 kB
Inactive:        1910448 kB
Active(anon):    1028324 kB
Inactive(anon):   124392 kB
Active(file):     569380 kB
Inactive(file):  1786056 kB
Unevictable:        5672 kB
Mlocked:            5672 kB
SwapTotal:       3670008 kB
SwapFree:        3670008 kB
Dirty:               528 kB
Writeback:             0 kB
AnonPages:       1129984 kB
Mapped:           637500 kB
Shmem:             23996 kB
KReclaimable:     437460 kB
Slab:             210048 kB
SReclaimable:      56952 kB
SUnreclaim:       153096 kB
KernelStack:       43472 kB
PageTables:        54316 kB
NFS_Unstable:          0 kB
Bounce:                0 kB
WritebackTmp:          0 kB
CommitLimit:     6660208 kB
Committed_AS:   58898400 kB
VmallocTotal:   263061440 kB
VmallocUsed:       83800 kB
VmallocChunk:          0 kB
Percpu:             7616 kB
CmaTotal:         315392 kB
CmaFree:               0 kB
MemTotal:        5980404 kB
MemFree:          556684 kB
MemAvailable:    2787156 kB
Buffers:            7176 kB
Cached:          2376912 kB
SwapCached:            0 kB
Active:          1598732 kB
Inactive:        1910468 kB
Active(anon):    1029348 kB
Inactive(anon):   124408 kB
Active(file):     569384 kB
Inactive(file):  1786060 kB
Unevictable:        5672 kB
Mlocked:            5672 kB
SwapTotal:       3670008 kB
SwapFree:        3670008 kB
Dirty:               536 kB
Writeback:             0 kB
AnonPages:       1130164 kB
Mapped:           637228 kB
Shmem:             24012 kB
KReclaimable:     437460 kB
Slab:             210024 kB
SReclaimable:      56952 kB
SUnreclaim:       153072 kB
KernelStack:       43472 kB
PageTables:        54172 kB
NFS_Unstable:          0 kB
Bounce:                0 kB
WritebackTmp:          0 kB
CommitLimit:     6660208 kB
Committed_AS:   58898612 kB
VmallocTotal:   263061440 kB
VmallocUsed:       83832 kB
VmallocChunk:          0 kB
Percpu:             7616 kB
CmaTotal:         315392 kB
CmaFree:               0 kB
MemTotal:        5980404 kB
MemFree:          556372 kB
MemAvailable:    2786844 kB
Buffers:            7176 kB
Cached:          2376912 kB
SwapCached:            0 kB
Active:          1598992 kB
Inactive:        1910468 kB
Active(anon):    1029608 kB
Inactive(anon):   124408 kB
Active(file):     569384 kB
Inactive(file):  1786060 kB
Unevictable:        5672 kB
Mlocked:            5672 kB
SwapTotal:       3670008 kB
SwapFree:        3670008 kB
Dirty:               536 kB
Writeback:             0 kB
AnonPages:       1130892 kB
Mapped:           637516 kB
Shmem:             24012 kB
KReclaimable:     437460 kB
Slab:             210040 kB
SReclaimable:      56952 kB
SUnreclaim:       153088 kB
KernelStack:       43488 kB
PageTables:        54456 kB
NFS_Unstable:          0 kB
Bounce:                0 kB
WritebackTmp:          0 kB
CommitLimit:     6660208 kB
Committed_AS:   58894808 kB
VmallocTotal:   263061440 kB
VmallocUsed:       83768 kB
VmallocChunk:          0 kB
Percpu:             7616 kB
CmaTotal:         315392 kB
CmaFree:               0 kB
MemTotal:        5980404 kB
MemFree:          555544 kB
MemAvailable:    2786032 kB
Buffers:            7176 kB
Cached:          2376912 kB
SwapCached:            0 kB
Active:          1598832 kB
Inactive:        1910468 kB
Active(anon):    1029448 kB
Inactive(anon):   124408 kB
Active(file):     569384 kB
Inactive(file):  1786060 kB
Unevictable:        5672 kB
Mlocked:            5672 kB
SwapTotal:       3670008 kB
SwapFree:        3670008 kB
Dirty:               536 kB
Writeback:             0 kB
AnonPages:       1131164 kB
Mapped:           637288 kB
Shmem:             24012 kB
KReclaimable:     437476 kB
Slab:             210048 kB
SReclaimable:      56968 kB
SUnreclaim:       153080 kB
KernelStack:       43472 kB
PageTables:        54192 kB
NFS_Unstable:          0 kB
Bounce:                0 kB
WritebackTmp:          0 kB
CommitLimit:     6660208 kB
Committed_AS:   58899080 kB
VmallocTotal:   263061440 kB
VmallocUsed:       83784 kB
VmallocChunk:          0 kB
Percpu:             7616 kB
CmaTotal:         315392 kB
CmaFree:              28 kB
MemTotal:        5980404 kB
MemFree:          555180 kB
MemAvailable:    2785652 kB
Buffers:            7176 kB
Cached:          2376912 kB
SwapCached:            0 kB
Active:          1599596 kB
Inactive:        1910468 kB
Active(anon):    1030212 kB
Inactive(anon):   124408 kB
Active(file):     569384 kB
Inactive(file):  1786060 kB
Unevictable:        5672 kB
Mlocked:            5672 kB
SwapTotal:       3670008 kB
SwapFree:        3670008 kB
Dirty:               536 kB
Writeback:             0 kB
AnonPages:       1131620 kB
Mapped:           637516 kB
Shmem:             24012 kB
KReclaimable:     437460 kB
Slab:             210032 kB
SReclaimable:      56952 kB
SUnreclaim:       153080 kB
KernelStack:       43456 kB
PageTables:        54180 kB
NFS_Unstable:          0 kB
Bounce:                0 kB
WritebackTmp:          0 kB
CommitLimit:     6660208 kB
Committed_AS:   58895492 kB
VmallocTotal:   263061440 kB
VmallocUsed:       83800 kB
VmallocChunk:          0 kB
Percpu:             7616 kB
CmaTotal:         315392 kB
CmaFree:               0 kB
MemTotal:        5980404 kB
MemFree:          566244 kB
MemAvailable:    2796728 kB
Buffers:            7176 kB
Cached:          2376924 kB
SwapCached:            0 kB
Active:          1587920 kB
Inactive:        1910480 kB
Active(anon):    1018536 kB
Inactive(anon):   124408 kB
Active(file):     569384 kB
Inactive(file):  1786072 kB
Unevictable:        5672 kB
Mlocked:            5672 kB
SwapTotal:       3670008 kB
SwapFree:        3670008 kB
Dirty:               556 kB
Writeback:             0 kB
AnonPages:       1119956 kB
Mapped:           637484 kB
Shmem:             24012 kB
KReclaimable:     437460 kB
Slab:             210016 kB
SReclaimable:      56952 kB
SUnreclaim:       153064 kB
KernelStack:       43472 kB
PageTables:        54076 kB
NFS_Unstable:          0 kB
Bounce:                0 kB
WritebackTmp:          0 kB
CommitLimit:     6660208 kB
Committed_AS:   58893368 kB
VmallocTotal:   263061440 kB
VmallocUsed:       83816 kB
VmallocChunk:          0 kB
Percpu:             7616 kB
CmaTotal:         315392 kB
CmaFree:             284 kB
MemTotal:        5980404 kB
MemFree:          565744 kB
MemAvailable:    2796228 kB
Buffers:            7176 kB
Cached:          2376924 kB
SwapCached:            0 kB
Active:          1588216 kB
Inactive:        1910480 kB
Active(anon):    1018832 kB
Inactive(anon):   124408 kB
Active(file):     569384 kB
Inactive(file):  1786072 kB
Unevictable:        5672 kB
Mlocked:            5672 kB
SwapTotal:       3670008 kB
SwapFree:        3670008 kB
Dirty:               556 kB
Writeback:             0 kB
AnonPages:       1120348 kB
Mapped:           637364 kB
Shmem:             24012 kB
KReclaimable:     437460 kB
Slab:             210032 kB
SReclaimable:      56952 kB
SUnreclaim:       153080 kB
KernelStack:       43440 kB
PageTables:        54096 kB
NFS_Unstable:          0 kB
Bounce:                0 kB
WritebackTmp:          0 kB
CommitLimit:     6660208 kB
Committed_AS:   58892848 kB
VmallocTotal:   263061440 kB
VmallocUsed:       83800 kB
VmallocChunk:          0 kB
Percpu:             7616 kB
CmaTotal:         315392 kB
CmaFree:               0 kB
MemTotal:        5980404 kB
MemFree:          566392 kB
MemAvailable:    2796876 kB
Buffers:            7176 kB
Cached:          2376924 kB
SwapCached:            0 kB
Active:          1588568 kB
Inactive:        1910480 kB
Active(anon):    1019184 kB
Inactive(anon):   124408 kB
Active(file):     569384 kB
Inactive(file):  1786072 kB
Unevictable:        5672 kB
Mlocked:            5672 kB
SwapTotal:       3670008 kB
SwapFree:        3670008 kB
Dirty:               556 kB
Writeback:             0 kB
AnonPages:       1120876 kB
Mapped:           637328 kB
Shmem:             24012 kB
KReclaimable:     437460 kB
Slab:             210024 kB
SReclaimable:      56952 kB
SUnreclaim:       153072 kB
KernelStack:       43488 kB
PageTables:        54200 kB
NFS_Unstable:          0 kB
Bounce:                0 kB
WritebackTmp:          0 kB
CommitLimit:     6660208 kB
Committed_AS:   58891252 kB
VmallocTotal:   263061440 kB
VmallocUsed:       83784 kB
VmallocChunk:          0 kB
Percpu:             7616 kB
CmaTotal:         315392 kB
CmaFree:               0 kB
MemTotal:        5980404 kB
MemFree:          566092 kB
MemAvailable:    2796576 kB
Buffers:            7176 kB
Cached:          2376924 kB
SwapCached:            0 kB
Active:          1589032 kB
Inactive:        1910480 kB
Active(anon):    1019648 kB
Inactive(anon):   124408 kB
Active(file):     569384 kB
Inactive(file):  1786072 kB
Unevictable:        5672 kB
Mlocked:            5672 kB
SwapTotal:       3670008 kB
SwapFree:        3670008 kB
Dirty:               556 kB
Writeback:             0 kB
AnonPages:       1120604 kB
Mapped:           637416 kB
Shmem:             24012 kB
KReclaimable:     437460 kB
Slab:             210056 kB
SReclaimable:      56952 kB
SUnreclaim:       153104 kB
KernelStack:       43472 kB
PageTables:        53956 kB
NFS_Unstable:          0 kB
Bounce:                0 kB
WritebackTmp:          0 kB
CommitLimit:     6660208 kB
Committed_AS:   58892932 kB
VmallocTotal:   263061440 kB
VmallocUsed:       83800 kB
VmallocChunk:          0 kB
Percpu:             7616 kB
CmaTotal:         315392 kB
CmaFree:               0 kB
MemTotal:        5980404 kB
MemFree:          565388 kB
MemAvailable:    2795872 kB
Buffers:            7176 kB
Cached:          2376924 kB
SwapCached:            0 kB
Active:          1589564 kB
Inactive:        1910480 kB
Active(anon):    1020180 kB
Inactive(anon):   124408 kB
Active(file):     569384 kB
Inactive(file):  1786072 kB
Unevictable:        5672 kB
Mlocked:            5672 kB
SwapTotal:       3670008 kB
SwapFree:        3670008 kB
Dirty:               548 kB
Writeback:             0 kB
AnonPages:       1121492 kB
Mapped:           637344 kB
Shmem:             24012 kB
KReclaimable:     437460 kB
Slab:             210024 kB
SReclaimable:      56952 kB
SUnreclaim:       153072 kB
KernelStack:       43488 kB
PageTables:        54252 kB
NFS_Unstable:          0 kB
Bounce:                0 kB
WritebackTmp:          0 kB
CommitLimit:     6660208 kB
Committed_AS:   58895004 kB
VmallocTotal:   263061440 kB
VmallocUsed:       83832 kB
VmallocChunk:          0 kB
Percpu:             7616 kB
CmaTotal:         315392 kB
CmaFree:               0 kB
MemTotal:        5980404 kB
MemFree:          564548 kB
MemAvailable:    2795032 kB
Buffers:            7176 kB
Cached:          2376924 kB
SwapCached:            0 kB
Active:          1590324 kB
Inactive:        1910480 kB
Active(anon):    1020940 kB
Inactive(anon):   124408 kB
Active(file):     569384 kB
Inactive(file):  1786072 kB
Unevictable:        5672 kB
Mlocked:            5672 kB
SwapTotal:       3670008 kB
SwapFree:        3670008 kB
Dirty:               512 kB
Writeback:             0 kB
AnonPages:       1122108 kB
Mapped:           637644 kB
Shmem:             24012 kB
KReclaimable:     437460 kB
Slab:             210040 kB
SReclaimable:      56952 kB
SUnreclaim:       153088 kB
KernelStack:       43520 kB
PageTables:        54380 kB
NFS_Unstable:          0 kB
Bounce:                0 kB
WritebackTmp:          0 kB
CommitLimit:     6660208 kB
Committed_AS:   58896328 kB
VmallocTotal:   263061440 kB
VmallocUsed:       83816 kB
VmallocChunk:          0 kB
Percpu:             7616 kB
CmaTotal:         315392 kB
CmaFree:               0 kB
MemTotal:        5980404 kB
MemFree:          564320 kB
MemAvailable:    2794820 kB
Buffers:            7180 kB
Cached:          2376936 kB
SwapCached:            0 kB
Active:          1590872 kB
Inactive:        1910488 kB
Active(anon):    1021480 kB
Inactive(anon):   124408 kB
Active(file):     569392 kB
Inactive(file):  1786080 kB
Unevictable:        5672 kB
Mlocked:            5672 kB
SwapTotal:       3670008 kB
SwapFree:        3670008 kB
Dirty:               544 kB
Writeback:             0 kB
AnonPages:       1123052 kB
Mapped:           637524 kB
Shmem:             24012 kB
KReclaimable:     437460 kB
Slab:             210032 kB
SReclaimable:      56952 kB
SUnreclaim:       153080 kB
KernelStack:       43520 kB
PageTables:        54292 kB
NFS_Unstable:          0 kB
Bounce:                0 kB
WritebackTmp:          0 kB
CommitLimit:     6660208 kB
Committed_AS:   58895064 kB
VmallocTotal:   263061440 kB
VmallocUsed:       83800 kB
VmallocChunk:          0 kB
Percpu:             7616 kB
CmaTotal:         315392 kB
CmaFree:               0 kB
MemTotal:        5980404 kB
MemFree:          563448 kB
MemAvailable:    2793948 kB
Buffers:            7180 kB
Cached:          2376936 kB
SwapCached:            0 kB
Active:          1591264 kB
Inactive:        1910492 kB
Active(anon):    1021876 kB
Inactive(anon):   124408 kB
Active(file):     569388 kB
Inactive(file):  1786084 kB
Unevictable:        5672 kB
Mlocked:            5672 kB
SwapTotal:       3670008 kB
SwapFree:        3670008 kB
Dirty:               536 kB
Writeback:             0 kB
AnonPages:       1123252 kB
Mapped:           637644 kB
Shmem:             24012 kB
KReclaimable:     437460 kB
Slab:             210032 kB
SReclaimable:      56952 kB
SUnreclaim:       153080 kB
KernelStack:       43488 kB
PageTables:        54192 kB
NFS_Unstable:          0 kB
Bounce:                0 kB
WritebackTmp:          0 kB
CommitLimit:     6660208 kB
Committed_AS:   58894180 kB
VmallocTotal:   263061440 kB
VmallocUsed:       83800 kB
VmallocChunk:          0 kB
Percpu:             7616 kB
CmaTotal:         315392 kB
CmaFree:               0 kB
MemTotal:        5980404 kB
MemFree:          563364 kB
MemAvailable:    2793864 kB
Buffers:            7180 kB
Cached:          2376936 kB
SwapCached:            0 kB
Active:          1591524 kB
Inactive:        1910492 kB
Active(anon):    1022136 kB
Inactive(anon):   124408 kB
Active(file):     569388 kB
Inactive(file):  1786084 kB
Unevictable:        5672 kB
Mlocked:            5672 kB
SwapTotal:       3670008 kB
SwapFree:        3670008 kB
Dirty:               536 kB
Writeback:             0 kB
AnonPages:       1123412 kB
Mapped:           637644 kB
Shmem:             24012 kB
KReclaimable:     437460 kB
Slab:             210056 kB
SReclaimable:      56952 kB
SUnreclaim:       153104 kB
KernelStack:       43440 kB
PageTables:        54040 kB
NFS_Unstable:          0 kB
Bounce:                0 kB
WritebackTmp:          0 kB
CommitLimit:     6660208 kB
Committed_AS:   58890500 kB
VmallocTotal:   263061440 kB
VmallocUsed:       83800 kB
VmallocChunk:          0 kB
Percpu:             7616 kB
CmaTotal:         315392 kB
CmaFree:               0 kB
MemTotal:        5980404 kB
MemFree:          562488 kB
MemAvailable:    2792988 kB
Buffers:            7180 kB
Cached:          2376936 kB
SwapCached:            0 kB
Active:          1592044 kB
Inactive:        1910492 kB
Active(anon):    1022656 kB
Inactive(anon):   124408 kB
Active(file):     569388 kB
Inactive(file):  1786084 kB
Unevictable:        5672 kB
Mlocked:            5672 kB
SwapTotal:       3670008 kB
SwapFree:        3670008 kB
Dirty:               536 kB
Writeback:             0 kB
AnonPages:       1124024 kB
Mapped:           637644 kB
Shmem:             24012 kB
KReclaimable:     437460 kB
Slab:             210032 kB
SReclaimable:      56952 kB
SUnreclaim:       153080 kB
KernelStack:       43456 kB
PageTables:        54188 kB
NFS_Unstable:          0 kB
Bounce:                0 kB
WritebackTmp:          0 kB
CommitLimit:     6660208 kB
Committed_AS:   58891584 kB
VmallocTotal:   263061440 kB
VmallocUsed:       83784 kB
VmallocChunk:          0 kB
Percpu:             7616 kB
CmaTotal:         315392 kB
CmaFree:               0 kB
MemTotal:        5980404 kB
MemFree:          561488 kB
MemAvailable:    2791988 kB
Buffers:            7180 kB
Cached:          2376936 kB
SwapCached:            0 kB
Active:          1592204 kB
Inactive:        1910492 kB
Active(anon):    1022816 kB
Inactive(anon):   124408 kB
Active(file):     569388 kB
Inactive(file):  1786084 kB
Unevictable:        5672 kB
Mlocked:            5672 kB
SwapTotal:       3670008 kB
SwapFree:        3670008 kB
Dirty:               540 kB
Writeback:             0 kB
AnonPages:       1124204 kB
Mapped:           637684 kB
Shmem:             24012 kB
KReclaimable:     437460 kB
Slab:             210032 kB
SReclaimable:      56952 kB
SUnreclaim:       153080 kB
KernelStack:       43472 kB
PageTables:        54212 kB
NFS_Unstable:          0 kB
Bounce:                0 kB
WritebackTmp:          0 kB
CommitLimit:     6660208 kB
Committed_AS:   58892768 kB
VmallocTotal:   263061440 kB
VmallocUsed:       83768 kB
VmallocChunk:          0 kB
Percpu:             7616 kB
CmaTotal:         315392 kB
CmaFree:               0 kB
MemTotal:        5980404 kB
MemFree:          561292 kB
MemAvailable:    2791792 kB
Buffers:            7180 kB
Cached:          2376940 kB
SwapCached:            0 kB
Active:          1592360 kB
Inactive:        1910496 kB
Active(anon):    1022972 kB
Inactive(anon):   124412 kB
Active(file):     569388 kB
Inactive(file):  1786084 kB
Unevictable:        5672 kB
Mlocked:            5672 kB
SwapTotal:       3670008 kB
SwapFree:        3670008 kB
Dirty:               540 kB
Writeback:             0 kB
AnonPages:       1124524 kB
Mapped:           637648 kB
Shmem:             24016 kB
KReclaimable:     437460 kB
Slab:             210048 kB
SReclaimable:      56952 kB
SUnreclaim:       153096 kB
KernelStack:       43440 kB
PageTables:        54056 kB
NFS_Unstable:          0 kB
Bounce:                0 kB
WritebackTmp:          0 kB
CommitLimit:     6660208 kB
Committed_AS:   58896484 kB
VmallocTotal:   263061440 kB
VmallocUsed:       83832 kB
VmallocChunk:          0 kB
Percpu:             7616 kB
CmaTotal:         315392 kB
CmaFree:               0 kB
MemTotal:        5980404 kB
MemFree:          561524 kB
MemAvailable:    2792024 kB
Buffers:            7180 kB
Cached:          2376940 kB
SwapCached:            0 kB
Active:          1592856 kB
Inactive:        1910496 kB
Active(anon):    1023468 kB
Inactive(anon):   124412 kB
Active(file):     569388 kB
Inactive(file):  1786084 kB
Unevictable:        5672 kB
Mlocked:            5672 kB
SwapTotal:       3670008 kB
SwapFree:        3670008 kB
Dirty:               540 kB
Writeback:             0 kB
AnonPages:       1124596 kB
Mapped:           637648 kB
Shmem:             24016 kB
KReclaimable:     437460 kB
Slab:             210016 kB
SReclaimable:      56952 kB
SUnreclaim:       153064 kB
KernelStack:       43440 kB
PageTables:        54172 kB
NFS_Unstable:          0 kB
Bounce:                0 kB
WritebackTmp:          0 kB
CommitLimit:     6660208 kB
Committed_AS:   58895752 kB
VmallocTotal:   263061440 kB
VmallocUsed:       83816 kB
VmallocChunk:          0 kB
Percpu:             7616 kB
CmaTotal:         315392 kB
CmaFree:               0 kB
MemTotal:        5980404 kB
MemFree:          561836 kB
MemAvailable:    2792336 kB
Buffers:            7180 kB
Cached:          2376940 kB
SwapCached:            0 kB
Active:          1593444 kB
Inactive:        1910496 kB
Active(anon):    1024056 kB
Inactive(anon):   124412 kB
Active(file):     569388 kB
Inactive(file):  1786084 kB
Unevictable:        5672 kB
Mlocked:            5672 kB
SwapTotal:       3670008 kB
SwapFree:        3670008 kB
Dirty:               540 kB
Writeback:             0 kB
AnonPages:       1125684 kB
Mapped:           637668 kB
Shmem:             24016 kB
KReclaimable:     437460 kB
Slab:             210032 kB
SReclaimable:      56952 kB
SUnreclaim:       153080 kB
KernelStack:       43520 kB
PageTables:        54288 kB
NFS_Unstable:          0 kB
Bounce:                0 kB
WritebackTmp:          0 kB
CommitLimit:     6660208 kB
Committed_AS:   58896468 kB
VmallocTotal:   263061440 kB
VmallocUsed:       83800 kB
VmallocChunk:          0 kB
Percpu:             7616 kB
CmaTotal:         315392 kB
CmaFree:               0 kB
MemTotal:        5980404 kB
MemFree:          561536 kB
MemAvailable:    2792036 kB
Buffers:            7180 kB
Cached:          2376940 kB
SwapCached:            0 kB
Active:          1593276 kB
Inactive:        1910496 kB
Active(anon):    1023888 kB
Inactive(anon):   124412 kB
Active(file):     569388 kB
Inactive(file):  1786084 kB
Unevictable:        5672 kB
Mlocked:            5672 kB
SwapTotal:       3670008 kB
SwapFree:        3670008 kB
Dirty:               544 kB
Writeback:             0 kB
AnonPages:       1125224 kB
Mapped:           637644 kB
Shmem:             24016 kB
KReclaimable:     437460 kB
Slab:             210048 kB
SReclaimable:      56952 kB
SUnreclaim:       153096 kB
KernelStack:       43328 kB
PageTables:        54268 kB
NFS_Unstable:          0 kB
Bounce:                0 kB
WritebackTmp:          0 kB
CommitLimit:     6660208 kB
Committed_AS:   58893456 kB
VmallocTotal:   263061440 kB
VmallocUsed:       83704 kB
VmallocChunk:          0 kB
Percpu:             7616 kB
CmaTotal:         315392 kB
CmaFree:               0 kB
MemTotal:        5980404 kB
MemFree:          560716 kB
MemAvailable:    2791228 kB
Buffers:            7180 kB
Cached:          2376952 kB
SwapCached:            0 kB
Active:          1594004 kB
Inactive:        1910508 kB
Active(anon):    1024616 kB
Inactive(anon):   124412 kB
Active(file):     569388 kB
Inactive(file):  1786096 kB
Unevictable:        5672 kB
Mlocked:            5672 kB
SwapTotal:       3670008 kB
SwapFree:        3670008 kB
Dirty:               552 kB
Writeback:             0 kB
AnonPages:       1125760 kB
Mapped:           637648 kB
Shmem:             24016 kB
KReclaimable:     437460 kB
Slab:             210016 kB
SReclaimable:      56952 kB
SUnreclaim:       153064 kB
KernelStack:       43280 kB
PageTables:        54112 kB
NFS_Unstable:          0 kB
Bounce:                0 kB
WritebackTmp:          0 kB
CommitLimit:     6660208 kB
Committed_AS:   58894332 kB
VmallocTotal:   263061440 kB
VmallocUsed:       83608 kB
VmallocChunk:          0 kB
Percpu:             7616 kB
CmaTotal:         315392 kB
CmaFree:               0 kB
MemTotal:        5980404 kB
MemFree:          560964 kB
MemAvailable:    2791476 kB
Buffers:            7180 kB
Cached:          2376952 kB
SwapCached:            0 kB
Active:          1593112 kB
Inactive:        1910508 kB
Active(anon):    1023724 kB
Inactive(anon):   124412 kB
Active(file):     569388 kB
Inactive(file):  1786096 kB
Unevictable:        5672 kB
Mlocked:            5672 kB
SwapTotal:       3670008 kB
SwapFree:        3670008 kB
Dirty:               556 kB
Writeback:             0 kB
AnonPages:       1125100 kB
Mapped:           637544 kB
Shmem:             24016 kB
KReclaimable:     437460 kB
Slab:             210032 kB
SReclaimable:      56952 kB
SUnreclaim:       153080 kB
KernelStack:       43328 kB
PageTables:        54420 kB
NFS_Unstable:          0 kB
Bounce:                0 kB
WritebackTmp:          0 kB
CommitLimit:     6660208 kB
Committed_AS:   58893736 kB
VmallocTotal:   263061440 kB
VmallocUsed:       83608 kB
VmallocChunk:          0 kB
Percpu:             7616 kB
CmaTotal:         315392 kB
CmaFree:               8 kB
MemTotal:        5980404 kB
MemFree:          559948 kB
MemAvailable:    2790476 kB
Buffers:            7180 kB
Cached:          2376952 kB
SwapCached:            0 kB
Active:          1593892 kB
Inactive:        1910508 kB
Active(anon):    1024504 kB
Inactive(anon):   124412 kB
Active(file):     569388 kB
Inactive(file):  1786096 kB
Unevictable:        5672 kB
Mlocked:            5672 kB
SwapTotal:       3670008 kB
SwapFree:        3670008 kB
Dirty:               556 kB
Writeback:             0 kB
AnonPages:       1126128 kB
Mapped:           637836 kB
Shmem:             24016 kB
KReclaimable:     437476 kB
Slab:             210072 kB
SReclaimable:      56968 kB
SUnreclaim:       153104 kB
KernelStack:       43296 kB
PageTables:        54224 kB
NFS_Unstable:          0 kB
Bounce:                0 kB
WritebackTmp:          0 kB
CommitLimit:     6660208 kB
Committed_AS:   58898488 kB
VmallocTotal:   263061440 kB
VmallocUsed:       83656 kB
VmallocChunk:          0 kB
Percpu:             7616 kB
CmaTotal:         315392 kB
CmaFree:               0 kB
MemTotal:        5980404 kB
MemFree:          560640 kB
MemAvailable:    2791152 kB
Buffers:            7180 kB
Cached:          2376952 kB
SwapCached:            0 kB
Active:          1594084 kB
Inactive:        1910508 kB
Active(anon):    1024696 kB
Inactive(anon):   124412 kB
Active(file):     569388 kB
Inactive(file):  1786096 kB
Unevictable:        5672 kB
Mlocked:            5672 kB
SwapTotal:       3670008 kB
SwapFree:        3670008 kB
Dirty:               560 kB
Writeback:             0 kB
AnonPages:       1125888 kB
Mapped:           637648 kB
Shmem:             24016 kB
KReclaimable:     437460 kB
Slab:             210024 kB
SReclaimable:      56952 kB
SUnreclaim:       153072 kB
KernelStack:       43312 kB
PageTables:        54184 kB
NFS_Unstable:          0 kB
Bounce:                0 kB
WritebackTmp:          0 kB
CommitLimit:     6660208 kB
Committed_AS:   58896188 kB
VmallocTotal:   263061440 kB
VmallocUsed:       83672 kB
VmallocChunk:          0 kB
Percpu:             7616 kB
CmaTotal:         315392 kB
CmaFree:               0 kB
MemTotal:        5980404 kB
MemFree:          560260 kB
MemAvailable:    2790764 kB
Buffers:            7180 kB
Cached:          2376944 kB
SwapCached:            0 kB
Active:          1594840 kB
Inactive:        1910504 kB
Active(anon):    1025456 kB
Inactive(anon):   124412 kB
Active(file):     569384 kB
Inactive(file):  1786092 kB
Unevictable:        5672 kB
Mlocked:            5672 kB
SwapTotal:       3670008 kB
SwapFree:        3670008 kB
Dirty:               560 kB
Writeback:             0 kB
AnonPages:       1127028 kB
Mapped:           637600 kB
Shmem:             24016 kB
KReclaimable:     437460 kB
Slab:             210056 kB
SReclaimable:      56952 kB
SUnreclaim:       153104 kB
KernelStack:       43312 kB
PageTables:        54212 kB
NFS_Unstable:          0 kB
Bounce:                0 kB
WritebackTmp:          0 kB
CommitLimit:     6660208 kB
Committed_AS:   58900216 kB
VmallocTotal:   263061440 kB
VmallocUsed:       83656 kB
VmallocChunk:          0 kB
Percpu:             7616 kB
CmaTotal:         315392 kB
CmaFree:              24 kB
MemTotal:        5980404 kB
MemFree:          560380 kB
MemAvailable:    2790892 kB
Buffers:            7180 kB
Cached:          2376952 kB
SwapCached:            0 kB
Active:          1595092 kB
Inactive:        1910508 kB
Active(anon):    1025704 kB
Inactive(anon):   124412 kB
Active(file):     569388 kB
Inactive(file):  1786096 kB
Unevictable:        5672 kB
Mlocked:            5672 kB
SwapTotal:       3670008 kB
SwapFree:        3670008 kB
Dirty:               568 kB
Writeback:             0 kB
AnonPages:       1126964 kB
Mapped:           637460 kB
Shmem:             24016 kB
KReclaimable:     437460 kB
Slab:             210032 kB
SReclaimable:      56952 kB
SUnreclaim:       153080 kB
KernelStack:       43296 kB
PageTables:        54112 kB
NFS_Unstable:          0 kB
Bounce:                0 kB
WritebackTmp:          0 kB
CommitLimit:     6660208 kB
Committed_AS:   58899624 kB
VmallocTotal:   263061440 kB
VmallocUsed:       83640 kB
VmallocChunk:          0 kB
Percpu:             7616 kB
CmaTotal:         315392 kB
CmaFree:               0 kB
MemTotal:        5980404 kB
MemFree:          558168 kB
MemAvailable:    2788684 kB
Buffers:            7184 kB
Cached:          2376952 kB
SwapCached:            0 kB
Active:          1595788 kB
Inactive:        1910508 kB
Active(anon):    1026396 kB
Inactive(anon):   124412 kB
Active(file):     569392 kB
Inactive(file):  1786096 kB
Unevictable:        5672 kB
Mlocked:            5672 kB
SwapTotal:       3670008 kB
SwapFree:        3670008 kB
Dirty:               540 kB
Writeback:             0 kB
AnonPages:       1128452 kB
Mapped:           638000 kB
Shmem:             24016 kB
KReclaimable:     437460 kB
Slab:             210040 kB
SReclaimable:      56952 kB
SUnreclaim:       153088 kB
KernelStack:       43296 kB
PageTables:        54084 kB
NFS_Unstable:          0 kB
Bounce:                0 kB
WritebackTmp:          0 kB
CommitLimit:     6660208 kB
Committed_AS:   58899448 kB
VmallocTotal:   263061440 kB
VmallocUsed:       83624 kB
VmallocChunk:          0 kB
Percpu:             7616 kB
CmaTotal:         315392 kB
CmaFree:               4 kB
MemTotal:        5980404 kB
MemFree:          559276 kB
MemAvailable:    2789824 kB
Buffers:            7184 kB
Cached:          2376984 kB
SwapCached:            0 kB
Active:          1596596 kB
Inactive:        1910536 kB
Active(anon):    1027200 kB
Inactive(anon):   124412 kB
Active(file):     569396 kB
Inactive(file):  1786124 kB
Unevictable:        5672 kB
Mlocked:            5672 kB
SwapTotal:       3670008 kB
SwapFree:        3670008 kB
Dirty:               560 kB
Writeback:             0 kB
AnonPages:       1128548 kB
Mapped:           637420 kB
Shmem:             24016 kB
KReclaimable:     437460 kB
Slab:             210040 kB
SReclaimable:      56952 kB
SUnreclaim:       153088 kB
KernelStack:       43312 kB
PageTables:        54184 kB
NFS_Unstable:          0 kB
Bounce:                0 kB
WritebackTmp:          0 kB
CommitLimit:     6660208 kB
Committed_AS:   58899200 kB
VmallocTotal:   263061440 kB
VmallocUsed:       83688 kB
VmallocChunk:          0 kB
Percpu:             7616 kB
CmaTotal:         315392 kB
CmaFree:               0 kB
MemTotal:        5980404 kB
MemFree:          557096 kB
MemAvailable:    2787628 kB
Buffers:            7184 kB
Cached:          2376968 kB
SwapCached:            0 kB
Active:          1596520 kB
Inactive:        1910524 kB
Active(anon):    1027128 kB
Inactive(anon):   124412 kB
Active(file):     569392 kB
Inactive(file):  1786112 kB
Unevictable:        5672 kB
Mlocked:            5672 kB
SwapTotal:       3670008 kB
SwapFree:        3670008 kB
Dirty:               556 kB
Writeback:             0 kB
AnonPages:       1128720 kB
Mapped:           637484 kB
Shmem:             24016 kB
KReclaimable:     437460 kB
Slab:             210040 kB
SReclaimable:      56952 kB
SUnreclaim:       153088 kB
KernelStack:       43312 kB
PageTables:        54336 kB
NFS_Unstable:          0 kB
Bounce:                0 kB
WritebackTmp:          0 kB
CommitLimit:     6660208 kB
Committed_AS:   58896784 kB
VmallocTotal:   263061440 kB
VmallocUsed:       83672 kB
VmallocChunk:          0 kB
Percpu:             7616 kB
CmaTotal:         315392 kB
CmaFree:               0 kB
MemTotal:        5980404 kB
MemFree:          557492 kB
MemAvailable:    2788024 kB
Buffers:            7184 kB
Cached:          2376968 kB
SwapCached:            0 kB
Active:          1597248 kB
Inactive:        1910524 kB
Active(anon):    1027856 kB
Inactive(anon):   124412 kB
Active(file):     569392 kB
Inactive(file):  1786112 kB
Unevictable:        5672 kB
Mlocked:            5672 kB
SwapTotal:       3670008 kB
SwapFree:        3670008 kB
Dirty:               400 kB
Writeback:             0 kB
AnonPages:       1129336 kB
Mapped:           637648 kB
Shmem:             24016 kB
KReclaimable:     437460 kB
Slab:             210032 kB
SReclaimable:      56952 kB
SUnreclaim:       153080 kB
KernelStack:       43216 kB
PageTables:        54172 kB
NFS_Unstable:          0 kB
Bounce:                0 kB
WritebackTmp:          0 kB
CommitLimit:     6660208 kB
Committed_AS:   58896436 kB
VmallocTotal:   263061440 kB
VmallocUsed:       83624 kB
VmallocChunk:          0 kB
Percpu:             7616 kB
CmaTotal:         315392 kB
CmaFree:               0 kB
MemTotal:        5980404 kB
MemFree:          557080 kB
MemAvailable:    2787612 kB
Buffers:            7184 kB
Cached:          2376968 kB
SwapCached:            0 kB
Active:          1597852 kB
Inactive:        1910524 kB
Active(anon):    1028460 kB
Inactive(anon):   124412 kB
Active(file):     569392 kB
Inactive(file):  1786112 kB
Unevictable:        5672 kB
Mlocked:            5672 kB
SwapTotal:       3670008 kB
SwapFree:        3670008 kB
Dirty:               400 kB
Writeback:             0 kB
AnonPages:       1129720 kB
Mapped:           637648 kB
Shmem:             24016 kB
KReclaimable:     437460 kB
Slab:             210048 kB
SReclaimable:      56952 kB
SUnreclaim:       153096 kB
KernelStack:       43248 kB
PageTables:        54316 kB
NFS_Unstable:          0 kB
Bounce:                0 kB
WritebackTmp:          0 kB
CommitLimit:     6660208 kB
Committed_AS:   58893632 kB
VmallocTotal:   263061440 kB
VmallocUsed:       83640 kB
VmallocChunk:          0 kB
Percpu:             7616 kB
CmaTotal:         315392 kB
CmaFree:               0 kB
MemTotal:        5980404 kB
MemFree:          556972 kB
MemAvailable:    2787504 kB
Buffers:            7184 kB
Cached:          2376968 kB
SwapCached:            0 kB
Active:          1598576 kB
Inactive:        1910524 kB
Active(anon):    1029184 kB
Inactive(anon):   124412 kB
Active(file):     569392 kB
Inactive(file):  1786112 kB
Unevictable:        5672 kB
Mlocked:            5672 kB
SwapTotal:       3670008 kB
SwapFree:        3670008 kB
Dirty:               400 kB
Writeback:             0 kB
AnonPages:       1130404 kB
Mapped:           637648 kB
Shmem:             24016 kB
KReclaimable:     437460 kB
Slab:             210040 kB
SReclaimable:      56952 kB
SUnreclaim:       153088 kB
KernelStack:       43232 kB
PageTables:        54176 kB
NFS_Unstable:          0 kB
Bounce:                0 kB
WritebackTmp:          0 kB
CommitLimit:     6660208 kB
Committed_AS:   58893328 kB
VmallocTotal:   263061440 kB
VmallocUsed:       83592 kB
VmallocChunk:          0 kB
Percpu:             7616 kB
CmaTotal:         315392 kB
CmaFree:               0 kB
MemTotal:        5980404 kB
MemFree:          555984 kB
MemAvailable:    2786532 kB
Buffers:            7184 kB
Cached:          2376968 kB
SwapCached:            0 kB
Active:          1598548 kB
Inactive:        1910524 kB
Active(anon):    1029156 kB
Inactive(anon):   124412 kB
Active(file):     569392 kB
Inactive(file):  1786112 kB
Unevictable:        5672 kB
Mlocked:            5672 kB
SwapTotal:       3670008 kB
SwapFree:        3670008 kB
Dirty:               400 kB
Writeback:             0 kB
AnonPages:       1131060 kB
Mapped:           637648 kB
Shmem:             24016 kB
KReclaimable:     437476 kB
Slab:             210048 kB
SReclaimable:      56968 kB
SUnreclaim:       153080 kB
KernelStack:       43184 kB
PageTables:        54384 kB
NFS_Unstable:          0 kB
Bounce:                0 kB
WritebackTmp:          0 kB
CommitLimit:     6660208 kB
Committed_AS:   58897640 kB
VmallocTotal:   263061440 kB
VmallocUsed:       83544 kB
VmallocChunk:          0 kB
Percpu:             7616 kB
CmaTotal:         315392 kB
CmaFree:               0 kB
MemTotal:        5980404 kB
MemFree:          555852 kB
MemAvailable:    2786384 kB
Buffers:            7184 kB
Cached:          2376968 kB
SwapCached:            0 kB
Active:          1599424 kB
Inactive:        1910524 kB
Active(anon):    1030032 kB
Inactive(anon):   124412 kB
Active(file):     569392 kB
Inactive(file):  1786112 kB
Unevictable:        5672 kB
Mlocked:            5672 kB
SwapTotal:       3670008 kB
SwapFree:        3670008 kB
Dirty:               400 kB
Writeback:             0 kB
AnonPages:       1131592 kB
Mapped:           637648 kB
Shmem:             24016 kB
KReclaimable:     437460 kB
Slab:             210040 kB
SReclaimable:      56952 kB
SUnreclaim:       153088 kB
KernelStack:       43200 kB
PageTables:        54024 kB
NFS_Unstable:          0 kB
Bounce:                0 kB
WritebackTmp:          0 kB
CommitLimit:     6660208 kB
Committed_AS:   58895616 kB
VmallocTotal:   263061440 kB
VmallocUsed:       83560 kB
VmallocChunk:          0 kB
Percpu:             7616 kB
CmaTotal:         315392 kB
CmaFree:               0 kB
MemTotal:        5980404 kB
MemFree:          556280 kB
MemAvailable:    2786812 kB
Buffers:            7184 kB
Cached:          2376968 kB
SwapCached:            0 kB
Active:          1599576 kB
Inactive:        1910524 kB
Active(anon):    1030184 kB
Inactive(anon):   124412 kB
Active(file):     569392 kB
Inactive(file):  1786112 kB
Unevictable:        5672 kB
Mlocked:            5672 kB
SwapTotal:       3670008 kB
SwapFree:        3670008 kB
Dirty:               436 kB
Writeback:             0 kB
AnonPages:       1131832 kB
Mapped:           637648 kB
Shmem:             24016 kB
KReclaimable:     437460 kB
Slab:             210032 kB
SReclaimable:      56952 kB
SUnreclaim:       153080 kB
KernelStack:       43232 kB
PageTables:        54304 kB
NFS_Unstable:          0 kB
Bounce:                0 kB
WritebackTmp:          0 kB
CommitLimit:     6660208 kB
Committed_AS:   58897152 kB
VmallocTotal:   263061440 kB
VmallocUsed:       83512 kB
VmallocChunk:          0 kB
Percpu:             7616 kB
CmaTotal:         315392 kB
CmaFree:               0 kB
MemTotal:        5980404 kB
MemFree:          554940 kB
MemAvailable:    2785492 kB
Buffers:            7184 kB
Cached:          2376972 kB
SwapCached:            0 kB
Active:          1599748 kB
Inactive:        1910528 kB
Active(anon):    1030356 kB
Inactive(anon):   124412 kB
Active(file):     569392 kB
Inactive(file):  1786116 kB
Unevictable:        5672 kB
Mlocked:            5672 kB
SwapTotal:       3670008 kB
SwapFree:        3670008 kB
Dirty:               472 kB
Writeback:             0 kB
AnonPages:       1131996 kB
Mapped:           637608 kB
Shmem:             24016 kB
KReclaimable:     437476 kB
Slab:             210056 kB
SReclaimable:      56968 kB
SUnreclaim:       153088 kB
KernelStack:       43248 kB
PageTables:        54432 kB
NFS_Unstable:          0 kB
Bounce:                0 kB
WritebackTmp:          0 kB
CommitLimit:     6660208 kB
Committed_AS:   58893624 kB
VmallocTotal:   263061440 kB
VmallocUsed:       83528 kB
VmallocChunk:          0 kB
Percpu:             7616 kB
CmaTotal:         315392 kB
CmaFree:               0 kB
MemTotal:        5980404 kB
MemFree:          556012 kB
MemAvailable:    2786560 kB
Buffers:            7184 kB
Cached:          2376984 kB
SwapCached:            0 kB
Active:          1599484 kB
Inactive:        1910536 kB
Active(anon):    1030088 kB
Inactive(anon):   124412 kB
Active(file):     569396 kB
Inactive(file):  1786124 kB
Unevictable:        5672 kB
Mlocked:            5672 kB
SwapTotal:       3670008 kB
SwapFree:        3670008 kB
Dirty:               484 kB
Writeback:             0 kB
AnonPages:       1131532 kB
Mapped:           637420 kB
Shmem:             24016 kB
KReclaimable:     437460 kB
Slab:             210032 kB
SReclaimable:      56952 kB
SUnreclaim:       153080 kB
KernelStack:       43200 kB
PageTables:        54376 kB
NFS_Unstable:          0 kB
Bounce:                0 kB
WritebackTmp:          0 kB
CommitLimit:     6660208 kB
Committed_AS:   58895576 kB
VmallocTotal:   263061440 kB
VmallocUsed:       83496 kB
VmallocChunk:          0 kB
Percpu:             7616 kB
CmaTotal:         315392 kB
CmaFree:              48 kB
MemTotal:        5980404 kB
MemFree:          557344 kB
MemAvailable:    2787884 kB
Buffers:            7184 kB
Cached:          2376976 kB
SwapCached:            0 kB
Active:          1599780 kB
Inactive:        1910532 kB
Active(anon):    1030388 kB
Inactive(anon):   124412 kB
Active(file):     569392 kB
Inactive(file):  1786120 kB
Unevictable:        5672 kB
Mlocked:            5672 kB
SwapTotal:       3670008 kB
SwapFree:        3670008 kB
Dirty:               476 kB
Writeback:             0 kB
AnonPages:       1131800 kB
Mapped:           637648 kB
Shmem:             24016 kB
KReclaimable:     437460 kB
Slab:             210040 kB
SReclaimable:      56952 kB
SUnreclaim:       153088 kB
KernelStack:       43232 kB
PageTables:        54224 kB
NFS_Unstable:          0 kB
Bounce:                0 kB
WritebackTmp:          0 kB
CommitLimit:     6660208 kB
Committed_AS:   58895292 kB
VmallocTotal:   263061440 kB
VmallocUsed:       83512 kB
VmallocChunk:          0 kB
Percpu:             7616 kB
CmaTotal:         315392 kB
CmaFree:               0 kB
MemTotal:        5980404 kB
MemFree:          555420 kB
MemAvailable:    2785960 kB
Buffers:            7184 kB
Cached:          2376976 kB
SwapCached:            0 kB
Active:          1600024 kB
Inactive:        1910532 kB
Active(anon):    1030632 kB
Inactive(anon):   124412 kB
Active(file):     569392 kB
Inactive(file):  1786120 kB
Unevictable:        5672 kB
Mlocked:            5672 kB
SwapTotal:       3670008 kB
SwapFree:        3670008 kB
Dirty:               476 kB
Writeback:             0 kB
AnonPages:       1132112 kB
Mapped:           637648 kB
Shmem:             24016 kB
KReclaimable:     437460 kB
Slab:             210032 kB
SReclaimable:      56952 kB
SUnreclaim:       153080 kB
KernelStack:       43232 kB
PageTables:        54240 kB
NFS_Unstable:          0 kB
Bounce:                0 kB
WritebackTmp:          0 kB
CommitLimit:     6660208 kB
Committed_AS:   58891132 kB
VmallocTotal:   263061440 kB
VmallocUsed:       83528 kB
VmallocChunk:          0 kB
Percpu:             7616 kB
CmaTotal:         315392 kB
CmaFree:               0 kB
MemTotal:        5980404 kB
MemFree:          560288 kB
MemAvailable:    2790828 kB
Buffers:            7184 kB
Cached:          2376976 kB
SwapCached:            0 kB
Active:          1595464 kB
Inactive:        1910532 kB
Active(anon):    1026072 kB
Inactive(anon):   124412 kB
Active(file):     569392 kB
Inactive(file):  1786120 kB
Unevictable:        5672 kB
Mlocked:            5672 kB
SwapTotal:       3670008 kB
SwapFree:        3670008 kB
Dirty:               476 kB
Writeback:             0 kB
AnonPages:       1127820 kB
Mapped:           637544 kB
Shmem:             24016 kB
KReclaimable:     437460 kB
Slab:             210032 kB
SReclaimable:      56952 kB
SUnreclaim:       153080 kB
KernelStack:       43280 kB
PageTables:        54380 kB
NFS_Unstable:          0 kB
Bounce:                0 kB
WritebackTmp:          0 kB
CommitLimit:     6660208 kB
Committed_AS:   58895728 kB
VmallocTotal:   263061440 kB
VmallocUsed:       83528 kB
VmallocChunk:          0 kB
Percpu:             7616 kB
CmaTotal:         315392 kB
CmaFree:               0 kB
MemTotal:        5980404 kB
MemFree:          559764 kB
MemAvailable:    2790304 kB
Buffers:            7184 kB
Cached:          2376976 kB
SwapCached:            0 kB
Active:          1596436 kB
Inactive:        1910532 kB
Active(anon):    1027044 kB
Inactive(anon):   124412 kB
Active(file):     569392 kB
Inactive(file):  1786120 kB
Unevictable:        5672 kB
Mlocked:            5672 kB
SwapTotal:       3670008 kB
SwapFree:        3670008 kB
Dirty:               476 kB
Writeback:             0 kB
AnonPages:       1128640 kB
Mapped:           637500 kB
Shmem:             24016 kB
KReclaimable:     437460 kB
Slab:             210024 kB
SReclaimable:      56952 kB
SUnreclaim:       153072 kB
KernelStack:       43248 kB
PageTables:        54188 kB
NFS_Unstable:          0 kB
Bounce:                0 kB
WritebackTmp:          0 kB
CommitLimit:     6660208 kB
Committed_AS:   58896536 kB
VmallocTotal:   263061440 kB
VmallocUsed:       83528 kB
VmallocChunk:          0 kB
Percpu:             7616 kB
CmaTotal:         315392 kB
CmaFree:              56 kB
MemTotal:        5980404 kB
MemFree:          559716 kB
MemAvailable:    2790268 kB
Buffers:            7188 kB
Cached:          2376984 kB
SwapCached:            0 kB
Active:          1595644 kB
Inactive:        1910540 kB
Active(anon):    1026248 kB
Inactive(anon):   124412 kB
Active(file):     569396 kB
Inactive(file):  1786128 kB
Unevictable:        5672 kB
Mlocked:            5672 kB
SwapTotal:       3670008 kB
SwapFree:        3670008 kB
Dirty:               484 kB
Writeback:             0 kB
AnonPages:       1127504 kB
Mapped:           637780 kB
Shmem:             24016 kB
KReclaimable:     437460 kB
Slab:             210040 kB
SReclaimable:      56952 kB
SUnreclaim:       153088 kB
KernelStack:       43200 kB
PageTables:        54144 kB
NFS_Unstable:          0 kB
Bounce:                0 kB
WritebackTmp:          0 kB
CommitLimit:     6660208 kB
Committed_AS:   58895660 kB
VmallocTotal:   263061440 kB
VmallocUsed:       83560 kB
VmallocChunk:          0 kB
Percpu:             7616 kB
CmaTotal:         315392 kB
CmaFree:               0 kB
MemTotal:        5980404 kB
MemFree:          558832 kB
MemAvailable:    2789404 kB
Buffers:            7188 kB
Cached:          2376988 kB
SwapCached:            0 kB
Active:          1595904 kB
Inactive:        1910544 kB
Active(anon):    1026508 kB
Inactive(anon):   124412 kB
Active(file):     569396 kB
Inactive(file):  1786132 kB
Unevictable:        5672 kB
Mlocked:            5672 kB
SwapTotal:       3670008 kB
SwapFree:        3670008 kB
Dirty:               452 kB
Writeback:             0 kB
AnonPages:       1128216 kB
Mapped:           637648 kB
Shmem:             24016 kB
KReclaimable:     437476 kB
Slab:             210048 kB
SReclaimable:      56968 kB
SUnreclaim:       153080 kB
KernelStack:       43248 kB
PageTables:        54296 kB
NFS_Unstable:          0 kB
Bounce:                0 kB
WritebackTmp:          0 kB
CommitLimit:     6660208 kB
Committed_AS:   58896364 kB
VmallocTotal:   263061440 kB
VmallocUsed:       83544 kB
VmallocChunk:          0 kB
Percpu:             7616 kB
CmaTotal:         315392 kB
CmaFree:               0 kB
MemTotal:        5980404 kB
MemFree:          559768 kB
MemAvailable:    2790356 kB
Buffers:            7188 kB
Cached:          2377004 kB
SwapCached:            0 kB
Active:          1596228 kB
Inactive:        1910556 kB
Active(anon):    1026828 kB
Inactive(anon):   124412 kB
Active(file):     569400 kB
Inactive(file):  1786144 kB
Unevictable:        5672 kB
Mlocked:            5672 kB
SwapTotal:       3670008 kB
SwapFree:        3670008 kB
Dirty:               460 kB
Writeback:             0 kB
AnonPages:       1128504 kB
Mapped:           637852 kB
Shmem:             24016 kB
KReclaimable:     437476 kB
Slab:             210056 kB
SReclaimable:      56968 kB
SUnreclaim:       153088 kB
KernelStack:       43248 kB
PageTables:        54296 kB
NFS_Unstable:          0 kB
Bounce:                0 kB
WritebackTmp:          0 kB
CommitLimit:     6660208 kB
Committed_AS:   58892548 kB
VmallocTotal:   263061440 kB
VmallocUsed:       83560 kB
VmallocChunk:          0 kB
Percpu:             7616 kB
CmaTotal:         315392 kB
CmaFree:               0 kB
MemTotal:        5980404 kB
MemFree:          559252 kB
MemAvailable:    2789824 kB
Buffers:            7188 kB
Cached:          2376988 kB
SwapCached:            0 kB
Active:          1596336 kB
Inactive:        1910544 kB
Active(anon):    1026940 kB
Inactive(anon):   124412 kB
Active(file):     569396 kB
Inactive(file):  1786132 kB
Unevictable:        5672 kB
Mlocked:            5672 kB
SwapTotal:       3670008 kB
SwapFree:        3670008 kB
Dirty:               452 kB
Writeback:             0 kB
AnonPages:       1128564 kB
Mapped:           637544 kB
Shmem:             24016 kB
KReclaimable:     437476 kB
Slab:             210048 kB
SReclaimable:      56968 kB
SUnreclaim:       153080 kB
KernelStack:       43248 kB
PageTables:        54248 kB
NFS_Unstable:          0 kB
Bounce:                0 kB
WritebackTmp:          0 kB
CommitLimit:     6660208 kB
Committed_AS:   58888552 kB
VmallocTotal:   263061440 kB
VmallocUsed:       83544 kB
VmallocChunk:          0 kB
Percpu:             7616 kB
CmaTotal:         315392 kB
CmaFree:               0 kB
MemTotal:        5980404 kB
MemFree:          558208 kB
MemAvailable:    2788796 kB
Buffers:            7188 kB
Cached:          2377004 kB
SwapCached:            0 kB
Active:          1596992 kB
Inactive:        1910556 kB
Active(anon):    1027592 kB
Inactive(anon):   124412 kB
Active(file):     569400 kB
Inactive(file):  1786144 kB
Unevictable:        5672 kB
Mlocked:            5672 kB
SwapTotal:       3670008 kB
SwapFree:        3670008 kB
Dirty:               464 kB
Writeback:             0 kB
AnonPages:       1129132 kB
Mapped:           637400 kB
Shmem:             24016 kB
KReclaimable:     437476 kB
Slab:             210056 kB
SReclaimable:      56968 kB
SUnreclaim:       153088 kB
KernelStack:       43248 kB
PageTables:        54268 kB
NFS_Unstable:          0 kB
Bounce:                0 kB
WritebackTmp:          0 kB
CommitLimit:     6660208 kB
Committed_AS:   58891764 kB
VmallocTotal:   263061440 kB
VmallocUsed:       83528 kB
VmallocChunk:          0 kB
Percpu:             7616 kB
CmaTotal:         315392 kB
CmaFree:               0 kB
MemTotal:        5980404 kB
MemFree:          557008 kB
MemAvailable:    2787564 kB
Buffers:            7188 kB
Cached:          2376988 kB
SwapCached:            0 kB
Active:          1597792 kB
Inactive:        1910544 kB
Active(anon):    1028396 kB
Inactive(anon):   124412 kB
Active(file):     569396 kB
Inactive(file):  1786132 kB
Unevictable:        5672 kB
Mlocked:            5672 kB
SwapTotal:       3670008 kB
SwapFree:        3670008 kB
Dirty:               464 kB
Writeback:             0 kB
AnonPages:       1129788 kB
Mapped:           637588 kB
Shmem:             24016 kB
KReclaimable:     437460 kB
Slab:             210048 kB
SReclaimable:      56952 kB
SUnreclaim:       153096 kB
KernelStack:       43280 kB
PageTables:        54220 kB
NFS_Unstable:          0 kB
Bounce:                0 kB
WritebackTmp:          0 kB
CommitLimit:     6660208 kB
Committed_AS:   58890148 kB
VmallocTotal:   263061440 kB
VmallocUsed:       83528 kB
VmallocChunk:          0 kB
Percpu:             7616 kB
CmaTotal:         315392 kB
CmaFree:               0 kB
MemTotal:        5980404 kB
MemFree:          557196 kB
MemAvailable:    2787752 kB
Buffers:            7188 kB
Cached:          2376988 kB
SwapCached:            0 kB
Active:          1598192 kB
Inactive:        1910544 kB
Active(anon):    1028796 kB
Inactive(anon):   124412 kB
Active(file):     569396 kB
Inactive(file):  1786132 kB
Unevictable:        5672 kB
Mlocked:            5672 kB
SwapTotal:       3670008 kB
SwapFree:        3670008 kB
Dirty:               464 kB
Writeback:             0 kB
AnonPages:       1130168 kB
Mapped:           637752 kB
Shmem:             24016 kB
KReclaimable:     437460 kB
Slab:             210032 kB
SReclaimable:      56952 kB
SUnreclaim:       153080 kB
KernelStack:       43216 kB
PageTables:        54088 kB
NFS_Unstable:          0 kB
Bounce:                0 kB
WritebackTmp:          0 kB
CommitLimit:     6660208 kB
Committed_AS:   58888664 kB
VmallocTotal:   263061440 kB
VmallocUsed:       83544 kB
VmallocChunk:          0 kB
Percpu:             7616 kB
CmaTotal:         315392 kB
CmaFree:               0 kB
MemTotal:        5980404 kB
MemFree:          556948 kB
MemAvailable:    2787504 kB
Buffers:            7188 kB
Cached:          2376988 kB
SwapCached:            0 kB
Active:          1598396 kB
Inactive:        1910544 kB
Active(anon):    1029000 kB
Inactive(anon):   124412 kB
Active(file):     569396 kB
Inactive(file):  1786132 kB
Unevictable:        5672 kB
Mlocked:            5672 kB
SwapTotal:       3670008 kB
SwapFree:        3670008 kB
Dirty:               464 kB
Writeback:             0 kB
AnonPages:       1130740 kB
Mapped:           637688 kB
Shmem:             24016 kB
KReclaimable:     437460 kB
Slab:             210040 kB
SReclaimable:      56952 kB
SUnreclaim:       153088 kB
KernelStack:       43200 kB
PageTables:        54372 kB
NFS_Unstable:          0 kB
Bounce:                0 kB
WritebackTmp:          0 kB
CommitLimit:     6660208 kB
Committed_AS:   58891676 kB
VmallocTotal:   263061440 kB
VmallocUsed:       83560 kB
VmallocChunk:          0 kB
Percpu:             7616 kB
CmaTotal:         315392 kB
CmaFree:               0 kB
MemTotal:        5980404 kB
MemFree:          556628 kB
MemAvailable:    2787184 kB
Buffers:            7188 kB
Cached:          2376988 kB
SwapCached:            0 kB
Active:          1598804 kB
Inactive:        1910544 kB
Active(anon):    1029408 kB
Inactive(anon):   124412 kB
Active(file):     569396 kB
Inactive(file):  1786132 kB
Unevictable:        5672 kB
Mlocked:            5672 kB
SwapTotal:       3670008 kB
SwapFree:        3670008 kB
Dirty:               464 kB
Writeback:             0 kB
AnonPages:       1130976 kB
Mapped:           637460 kB
Shmem:             24016 kB
KReclaimable:     437460 kB
Slab:             210032 kB
SReclaimable:      56952 kB
SUnreclaim:       153080 kB
KernelStack:       43228 kB
PageTables:        54216 kB
NFS_Unstable:          0 kB
Bounce:                0 kB
WritebackTmp:          0 kB
CommitLimit:     6660208 kB
Committed_AS:   58886684 kB
VmallocTotal:   263061440 kB
VmallocUsed:       83528 kB
VmallocChunk:          0 kB
Percpu:             7616 kB
CmaTotal:         315392 kB
CmaFree:               4 kB
MemTotal:        5980404 kB
MemFree:          556256 kB
MemAvailable:    2786812 kB
Buffers:            7188 kB
Cached:          2376988 kB
SwapCached:            0 kB
Active:          1599272 kB
Inactive:        1910544 kB
Active(anon):    1029876 kB
Inactive(anon):   124412 kB
Active(file):     569396 kB
Inactive(file):  1786132 kB
Unevictable:        5672 kB
Mlocked:            5672 kB
SwapTotal:       3670008 kB
SwapFree:        3670008 kB
Dirty:               468 kB
Writeback:             0 kB
AnonPages:       1131328 kB
Mapped:           637516 kB
Shmem:             24016 kB
KReclaimable:     437460 kB
Slab:             210040 kB
SReclaimable:      56952 kB
SUnreclaim:       153088 kB
KernelStack:       43248 kB
PageTables:        54116 kB
NFS_Unstable:          0 kB
Bounce:                0 kB
WritebackTmp:          0 kB
CommitLimit:     6660208 kB
Committed_AS:   58888872 kB
VmallocTotal:   263061440 kB
VmallocUsed:       83496 kB
VmallocChunk:          0 kB
Percpu:             7616 kB
CmaTotal:         315392 kB
CmaFree:               0 kB
MemTotal:        5980404 kB
MemFree:          556020 kB
MemAvailable:    2786576 kB
Buffers:            7188 kB
Cached:          2376988 kB
SwapCached:            0 kB
Active:          1599704 kB
Inactive:        1910544 kB
Active(anon):    1030308 kB
Inactive(anon):   124412 kB
Active(file):     569396 kB
Inactive(file):  1786132 kB
Unevictable:        5672 kB
Mlocked:            5672 kB
SwapTotal:       3670008 kB
SwapFree:        3670008 kB
Dirty:               488 kB
Writeback:             0 kB
AnonPages:       1131648 kB
Mapped:           637688 kB
Shmem:             24016 kB
KReclaimable:     437460 kB
Slab:             210040 kB
SReclaimable:      56952 kB
SUnreclaim:       153088 kB
KernelStack:       43200 kB
PageTables:        54036 kB
NFS_Unstable:          0 kB
Bounce:                0 kB
WritebackTmp:          0 kB
CommitLimit:     6660208 kB
Committed_AS:   58888108 kB
VmallocTotal:   263061440 kB
VmallocUsed:       83512 kB
VmallocChunk:          0 kB
Percpu:             7616 kB
CmaTotal:         315392 kB
CmaFree:               0 kB
MemTotal:        5980404 kB
MemFree:          566268 kB
MemAvailable:    2796800 kB
Buffers:            7188 kB
Cached:          2376964 kB
SwapCached:            0 kB
Active:          1589292 kB
Inactive:        1910528 kB
Active(anon):    1019904 kB
Inactive(anon):   124412 kB
Active(file):     569388 kB
Inactive(file):  1786116 kB
Unevictable:        5672 kB
Mlocked:            5672 kB
SwapTotal:       3670008 kB
SwapFree:        3670008 kB
Dirty:               476 kB
Writeback:             0 kB
AnonPages:       1121300 kB
Mapped:           637728 kB
Shmem:             24016 kB
KReclaimable:     437460 kB
Slab:             210048 kB
SReclaimable:      56952 kB
SUnreclaim:       153096 kB
KernelStack:       43360 kB
PageTables:        54236 kB
NFS_Unstable:          0 kB
Bounce:                0 kB
WritebackTmp:          0 kB
CommitLimit:     6660208 kB
Committed_AS:   58893060 kB
VmallocTotal:   263061440 kB
VmallocUsed:       83592 kB
VmallocChunk:          0 kB
Percpu:             7616 kB
CmaTotal:         315392 kB
CmaFree:             100 kB
MemTotal:        5980404 kB
MemFree:          566640 kB
MemAvailable:    2797212 kB
Buffers:            7188 kB
Cached:          2376988 kB
SwapCached:            0 kB
Active:          1589032 kB
Inactive:        1910544 kB
Active(anon):    1019636 kB
Inactive(anon):   124412 kB
Active(file):     569396 kB
Inactive(file):  1786132 kB
Unevictable:        5672 kB
Mlocked:            5672 kB
SwapTotal:       3670008 kB
SwapFree:        3670008 kB
Dirty:               488 kB
Writeback:             0 kB
AnonPages:       1121048 kB
Mapped:           637688 kB
Shmem:             24016 kB
KReclaimable:     437476 kB
Slab:             210040 kB
SReclaimable:      56968 kB
SUnreclaim:       153072 kB
KernelStack:       43324 kB
PageTables:        54356 kB
NFS_Unstable:          0 kB
Bounce:                0 kB
WritebackTmp:          0 kB
CommitLimit:     6660208 kB
Committed_AS:   58890000 kB
VmallocTotal:   263061440 kB
VmallocUsed:       83608 kB
VmallocChunk:          0 kB
Percpu:             7616 kB
CmaTotal:         315392 kB
CmaFree:              72 kB
MemTotal:        5980404 kB
MemFree:          564660 kB
MemAvailable:    2795232 kB
Buffers:            7188 kB
Cached:          2376988 kB
SwapCached:            0 kB
Active:          1589608 kB
Inactive:        1910544 kB
Active(anon):    1020212 kB
Inactive(anon):   124412 kB
Active(file):     569396 kB
Inactive(file):  1786132 kB
Unevictable:        5672 kB
Mlocked:            5672 kB
SwapTotal:       3670008 kB
SwapFree:        3670008 kB
Dirty:               504 kB
Writeback:             0 kB
AnonPages:       1121532 kB
Mapped:           637688 kB
Shmem:             24016 kB
KReclaimable:     437476 kB
Slab:             210064 kB
SReclaimable:      56968 kB
SUnreclaim:       153096 kB
KernelStack:       43312 kB
PageTables:        53848 kB
NFS_Unstable:          0 kB
Bounce:                0 kB
WritebackTmp:          0 kB
CommitLimit:     6660208 kB
Committed_AS:   58892396 kB
VmallocTotal:   263061440 kB
VmallocUsed:       83624 kB
VmallocChunk:          0 kB
Percpu:             7616 kB
CmaTotal:         315392 kB
CmaFree:               0 kB
MemTotal:        5980404 kB
MemFree:          563632 kB
MemAvailable:    2794188 kB
Buffers:            7188 kB
Cached:          2376988 kB
SwapCached:            0 kB
Active:          1589884 kB
Inactive:        1910544 kB
Active(anon):    1020488 kB
Inactive(anon):   124412 kB
Active(file):     569396 kB
Inactive(file):  1786132 kB
Unevictable:        5672 kB
Mlocked:            5672 kB
SwapTotal:       3670008 kB
SwapFree:        3670008 kB
Dirty:               512 kB
Writeback:             0 kB
AnonPages:       1121856 kB
Mapped:           637688 kB
Shmem:             24016 kB
KReclaimable:     437460 kB
Slab:             210032 kB
SReclaimable:      56952 kB
SUnreclaim:       153080 kB
KernelStack:       43296 kB
PageTables:        54184 kB
NFS_Unstable:          0 kB
Bounce:                0 kB
WritebackTmp:          0 kB
CommitLimit:     6660208 kB
Committed_AS:   58890348 kB
VmallocTotal:   263061440 kB
VmallocUsed:       83624 kB
VmallocChunk:          0 kB
Percpu:             7616 kB
CmaTotal:         315392 kB
CmaFree:              24 kB
MemTotal:        5980404 kB
MemFree:          563008 kB
MemAvailable:    2793600 kB
Buffers:            7192 kB
Cached:          2377004 kB
SwapCached:            0 kB
Active:          1590512 kB
Inactive:        1910560 kB
Active(anon):    1021112 kB
Inactive(anon):   124412 kB
Active(file):     569400 kB
Inactive(file):  1786148 kB
Unevictable:        5672 kB
Mlocked:            5672 kB
SwapTotal:       3670008 kB
SwapFree:        3670008 kB
Dirty:               544 kB
Writeback:             0 kB
AnonPages:       1122644 kB
Mapped:           637744 kB
Shmem:             24016 kB
KReclaimable:     437476 kB
Slab:             210056 kB
SReclaimable:      56968 kB
SUnreclaim:       153088 kB
KernelStack:       43344 kB
PageTables:        54228 kB
NFS_Unstable:          0 kB
Bounce:                0 kB
WritebackTmp:          0 kB
CommitLimit:     6660208 kB
Committed_AS:   58890036 kB
VmallocTotal:   263061440 kB
VmallocUsed:       83608 kB
VmallocChunk:          0 kB
Percpu:             7616 kB
CmaTotal:         315392 kB
CmaFree:               0 kB
MemTotal:        5980404 kB
MemFree:          563272 kB
MemAvailable:    2793832 kB
Buffers:            7192 kB
Cached:          2376988 kB
SwapCached:            0 kB
Active:          1591040 kB
Inactive:        1910548 kB
Active(anon):    1021644 kB
Inactive(anon):   124412 kB
Active(file):     569396 kB
Inactive(file):  1786136 kB
Unevictable:        5672 kB
Mlocked:            5672 kB
SwapTotal:       3670008 kB
SwapFree:        3670008 kB
Dirty:               540 kB
Writeback:             0 kB
AnonPages:       1123096 kB
Mapped:           637688 kB
Shmem:             24016 kB
KReclaimable:     437460 kB
Slab:             210024 kB
SReclaimable:      56952 kB
SUnreclaim:       153072 kB
KernelStack:       43264 kB
PageTables:        54036 kB
NFS_Unstable:          0 kB
Bounce:                0 kB
WritebackTmp:          0 kB
CommitLimit:     6660208 kB
Committed_AS:   58890780 kB
VmallocTotal:   263061440 kB
VmallocUsed:       83608 kB
VmallocChunk:          0 kB
Percpu:             7616 kB
CmaTotal:         315392 kB
CmaFree:               0 kB
MemTotal:        5980404 kB
MemFree:          562972 kB
MemAvailable:    2793548 kB
Buffers:            7192 kB
Cached:          2377004 kB
SwapCached:            0 kB
Active:          1591268 kB
Inactive:        1910560 kB
Active(anon):    1021868 kB
Inactive(anon):   124412 kB
Active(file):     569400 kB
Inactive(file):  1786148 kB
Unevictable:        5672 kB
Mlocked:            5672 kB
SwapTotal:       3670008 kB
SwapFree:        3670008 kB
Dirty:               544 kB
Writeback:             0 kB
AnonPages:       1123176 kB
Mapped:           637524 kB
Shmem:             24016 kB
KReclaimable:     437460 kB
Slab:             210032 kB
SReclaimable:      56952 kB
SUnreclaim:       153080 kB
KernelStack:       43328 kB
PageTables:        54200 kB
NFS_Unstable:          0 kB
Bounce:                0 kB
WritebackTmp:          0 kB
CommitLimit:     6660208 kB
Committed_AS:   58891816 kB
VmallocTotal:   263061440 kB
VmallocUsed:       83640 kB
VmallocChunk:          0 kB
Percpu:             7616 kB
CmaTotal:         315392 kB
CmaFree:               0 kB
MemTotal:        5980404 kB
MemFree:          562504 kB
MemAvailable:    2793080 kB
Buffers:            7192 kB
Cached:          2377004 kB
SwapCached:            0 kB
Active:          1591548 kB
Inactive:        1910560 kB
Active(anon):    1022148 kB
Inactive(anon):   124412 kB
Active(file):     569400 kB
Inactive(file):  1786148 kB
Unevictable:        5672 kB
Mlocked:            5672 kB
SwapTotal:       3670008 kB
SwapFree:        3670008 kB
Dirty:               548 kB
Writeback:             0 kB
AnonPages:       1123736 kB
Mapped:           637688 kB
Shmem:             24016 kB
KReclaimable:     437460 kB
Slab:             210040 kB
SReclaimable:      56952 kB
SUnreclaim:       153088 kB
KernelStack:       43308 kB
PageTables:        54376 kB
NFS_Unstable:          0 kB
Bounce:                0 kB
WritebackTmp:          0 kB
CommitLimit:     6660208 kB
Committed_AS:   58898572 kB
VmallocTotal:   263061440 kB
VmallocUsed:       83672 kB
VmallocChunk:          0 kB
Percpu:             7616 kB
CmaTotal:         315392 kB
CmaFree:               0 kB
MemTotal:        5980404 kB
MemFree:          562124 kB
MemAvailable:    2792700 kB
Buffers:            7192 kB
Cached:          2377004 kB
SwapCached:            0 kB
Active:          1592808 kB
Inactive:        1910560 kB
Active(anon):    1023408 kB
Inactive(anon):   124412 kB
Active(file):     569400 kB
Inactive(file):  1786148 kB
Unevictable:        5672 kB
Mlocked:            5672 kB
SwapTotal:       3670008 kB
SwapFree:        3670008 kB
Dirty:               548 kB
Writeback:             0 kB
AnonPages:       1124696 kB
Mapped:           637620 kB
Shmem:             24016 kB
KReclaimable:     437460 kB
Slab:             210040 kB
SReclaimable:      56952 kB
SUnreclaim:       153088 kB
KernelStack:       43360 kB
PageTables:        54252 kB
NFS_Unstable:          0 kB
Bounce:                0 kB
WritebackTmp:          0 kB
CommitLimit:     6660208 kB
Committed_AS:   58898448 kB
VmallocTotal:   263061440 kB
VmallocUsed:       83656 kB
VmallocChunk:          0 kB
Percpu:             7616 kB
CmaTotal:         315392 kB
CmaFree:               0 kB
MemTotal:        5980404 kB
MemFree:          562872 kB
MemAvailable:    2793472 kB
Buffers:            7192 kB
Cached:          2377028 kB
SwapCached:            0 kB
Active:          1593320 kB
Inactive:        1910588 kB
Active(anon):    1023924 kB
Inactive(anon):   124412 kB
Active(file):     569396 kB
Inactive(file):  1786176 kB
Unevictable:        5672 kB
Mlocked:            5672 kB
SwapTotal:       3670008 kB
SwapFree:        3670008 kB
Dirty:               544 kB
Writeback:             0 kB
AnonPages:       1125584 kB
Mapped:           637504 kB
Shmem:             24016 kB
KReclaimable:     437460 kB
Slab:             210032 kB
SReclaimable:      56952 kB
SUnreclaim:       153080 kB
KernelStack:       43344 kB
PageTables:        54148 kB
NFS_Unstable:          0 kB
Bounce:                0 kB
WritebackTmp:          0 kB
CommitLimit:     6660208 kB
Committed_AS:   58896124 kB
VmallocTotal:   263061440 kB
VmallocUsed:       83640 kB
VmallocChunk:          0 kB
Percpu:             7616 kB
CmaTotal:         315392 kB
CmaFree:               0 kB
MemTotal:        5980404 kB
MemFree:          561448 kB
MemAvailable:    2792056 kB
Buffers:            7192 kB
Cached:          2377036 kB
SwapCached:            0 kB
Active:          1593772 kB
Inactive:        1910592 kB
Active(anon):    1024372 kB
Inactive(anon):   124412 kB
Active(file):     569400 kB
Inactive(file):  1786180 kB
Unevictable:        5672 kB
Mlocked:            5672 kB
SwapTotal:       3670008 kB
SwapFree:        3670008 kB
Dirty:               552 kB
Writeback:             0 kB
AnonPages:       1125604 kB
Mapped:           637688 kB
Shmem:             24016 kB
KReclaimable:     437460 kB
Slab:             210032 kB
SReclaimable:      56952 kB
SUnreclaim:       153080 kB
KernelStack:       43312 kB
PageTables:        54316 kB
NFS_Unstable:          0 kB
Bounce:                0 kB
WritebackTmp:          0 kB
CommitLimit:     6660208 kB
Committed_AS:   58899308 kB
VmallocTotal:   263061440 kB
VmallocUsed:       83640 kB
VmallocChunk:          0 kB
Percpu:             7616 kB
CmaTotal:         315392 kB
CmaFree:               0 kB
MemTotal:        5980404 kB
MemFree:          561884 kB
MemAvailable:    2792540 kB
Buffers:            7192 kB
Cached:          2377040 kB
SwapCached:            0 kB
Active:          1594240 kB
Inactive:        1910412 kB
Active(anon):    1024656 kB
Inactive(anon):   124416 kB
Active(file):     569584 kB
Inactive(file):  1785996 kB
Unevictable:        5672 kB
Mlocked:            5672 kB
SwapTotal:       3670008 kB
SwapFree:        3670008 kB
Dirty:               552 kB
Writeback:             0 kB
AnonPages:       1126336 kB
Mapped:           637692 kB
Shmem:             24020 kB
KReclaimable:     437508 kB
Slab:             210080 kB
SReclaimable:      57000 kB
SUnreclaim:       153080 kB
KernelStack:       43296 kB
PageTables:        54168 kB
NFS_Unstable:          0 kB
Bounce:                0 kB
WritebackTmp:          0 kB
CommitLimit:     6660208 kB
Committed_AS:   58896420 kB
VmallocTotal:   263061440 kB
VmallocUsed:       83624 kB
VmallocChunk:          0 kB
Percpu:             7616 kB
CmaTotal:         315392 kB
CmaFree:               0 kB
MemTotal:        5980404 kB
MemFree:          561500 kB
MemAvailable:    2792124 kB
Buffers:            7192 kB
Cached:          2377040 kB
SwapCached:            0 kB
Active:          1594436 kB
Inactive:        1910412 kB
Active(anon):    1024852 kB
Inactive(anon):   124416 kB
Active(file):     569584 kB
Inactive(file):  1785996 kB
Unevictable:        5672 kB
Mlocked:            5672 kB
SwapTotal:       3670008 kB
SwapFree:        3670008 kB
Dirty:               404 kB
Writeback:             0 kB
AnonPages:       1126628 kB
Mapped:           637628 kB
Shmem:             24020 kB
KReclaimable:     437476 kB
Slab:             210048 kB
SReclaimable:      56968 kB
SUnreclaim:       153080 kB
KernelStack:       43296 kB
PageTables:        54300 kB
NFS_Unstable:          0 kB
Bounce:                0 kB
WritebackTmp:          0 kB
CommitLimit:     6660208 kB
Committed_AS:   58895240 kB
VmallocTotal:   263061440 kB
VmallocUsed:       83608 kB
VmallocChunk:          0 kB
Percpu:             7616 kB
CmaTotal:         315392 kB
CmaFree:               0 kB
MemTotal:        5980404 kB
MemFree:          561856 kB
MemAvailable:    2792488 kB
Buffers:            7192 kB
Cached:          2377044 kB
SwapCached:            0 kB
Active:          1594824 kB
Inactive:        1910416 kB
Active(anon):    1025240 kB
Inactive(anon):   124416 kB
Active(file):     569584 kB
Inactive(file):  1786000 kB
Unevictable:        5672 kB
Mlocked:            5672 kB
SwapTotal:       3670008 kB
SwapFree:        3670008 kB
Dirty:               412 kB
Writeback:             0 kB
AnonPages:       1126720 kB
Mapped:           637752 kB
Shmem:             24020 kB
KReclaimable:     437480 kB
Slab:             210052 kB
SReclaimable:      56972 kB
SUnreclaim:       153080 kB
KernelStack:       43296 kB
PageTables:        54232 kB
NFS_Unstable:          0 kB
Bounce:                0 kB
WritebackTmp:          0 kB
CommitLimit:     6660208 kB
Committed_AS:   58893812 kB
VmallocTotal:   263061440 kB
VmallocUsed:       83592 kB
VmallocChunk:          0 kB
Percpu:             7616 kB
CmaTotal:         315392 kB
CmaFree:               0 kB
MemTotal:        5980404 kB
MemFree:          560464 kB
MemAvailable:    2791088 kB
Buffers:            7192 kB
Cached:          2377052 kB
SwapCached:            0 kB
Active:          1595376 kB
Inactive:        1910424 kB
Active(anon):    1025792 kB
Inactive(anon):   124416 kB
Active(file):     569584 kB
Inactive(file):  1786008 kB
Unevictable:        5672 kB
Mlocked:            5672 kB
SwapTotal:       3670008 kB
SwapFree:        3670008 kB
Dirty:               436 kB
Writeback:             0 kB
AnonPages:       1127292 kB
Mapped:           637464 kB
Shmem:             24020 kB
KReclaimable:     437464 kB
Slab:             210036 kB
SReclaimable:      56956 kB
SUnreclaim:       153080 kB
KernelStack:       43328 kB
PageTables:        54304 kB
NFS_Unstable:          0 kB
Bounce:                0 kB
WritebackTmp:          0 kB
CommitLimit:     6660208 kB
Committed_AS:   58897472 kB
VmallocTotal:   263061440 kB
VmallocUsed:       83608 kB
VmallocChunk:          0 kB
Percpu:             7616 kB
CmaTotal:         315392 kB
CmaFree:               0 kB
MemTotal:        5980404 kB
MemFree:          560608 kB
MemAvailable:    2791224 kB
Buffers:            7192 kB
Cached:          2377044 kB
SwapCached:            0 kB
Active:          1595672 kB
Inactive:        1910420 kB
Active(anon):    1026092 kB
Inactive(anon):   124416 kB
Active(file):     569580 kB
Inactive(file):  1786004 kB
Unevictable:        5672 kB
Mlocked:            5672 kB
SwapTotal:       3670008 kB
SwapFree:        3670008 kB
Dirty:               428 kB
Writeback:             0 kB
AnonPages:       1127844 kB
Mapped:           637664 kB
Shmem:             24020 kB
KReclaimable:     437464 kB
Slab:             210036 kB
SReclaimable:      56956 kB
SUnreclaim:       153080 kB
KernelStack:       43312 kB
PageTables:        54200 kB
NFS_Unstable:          0 kB
Bounce:                0 kB
WritebackTmp:          0 kB
CommitLimit:     6660208 kB
Committed_AS:   58896232 kB
VmallocTotal:   263061440 kB
VmallocUsed:       83624 kB
VmallocChunk:          0 kB
Percpu:             7616 kB
CmaTotal:         315392 kB
CmaFree:               0 kB
MemTotal:        5980404 kB
MemFree:          559924 kB
MemAvailable:    2790548 kB
Buffers:            7192 kB
Cached:          2377052 kB
SwapCached:            0 kB
Active:          1595932 kB
Inactive:        1910424 kB
Active(anon):    1026348 kB
Inactive(anon):   124416 kB
Active(file):     569584 kB
Inactive(file):  1786008 kB
Unevictable:        5672 kB
Mlocked:            5672 kB
SwapTotal:       3670008 kB
SwapFree:        3670008 kB
Dirty:               436 kB
Writeback:             0 kB
AnonPages:       1127796 kB
Mapped:           637836 kB
Shmem:             24020 kB
KReclaimable:     437464 kB
Slab:             210036 kB
SReclaimable:      56956 kB
SUnreclaim:       153080 kB
KernelStack:       43328 kB
PageTables:        54080 kB
NFS_Unstable:          0 kB
Bounce:                0 kB
WritebackTmp:          0 kB
CommitLimit:     6660208 kB
Committed_AS:   58895928 kB
VmallocTotal:   263061440 kB
VmallocUsed:       83624 kB
VmallocChunk:          0 kB
Percpu:             7616 kB
CmaTotal:         315392 kB
CmaFree:               0 kB
MemTotal:        5980404 kB
MemFree:          559436 kB
MemAvailable:    2790060 kB
Buffers:            7192 kB
Cached:          2377052 kB
SwapCached:            0 kB
Active:          1596312 kB
Inactive:        1910424 kB
Active(anon):    1026728 kB
Inactive(anon):   124416 kB
Active(file):     569584 kB
Inactive(file):  1786008 kB
Unevictable:        5672 kB
Mlocked:            5672 kB
SwapTotal:       3670008 kB
SwapFree:        3670008 kB
Dirty:               436 kB
Writeback:             0 kB
AnonPages:       1128212 kB
Mapped:           637596 kB
Shmem:             24020 kB
KReclaimable:     437464 kB
Slab:             210036 kB
SReclaimable:      56956 kB
SUnreclaim:       153080 kB
KernelStack:       43312 kB
PageTables:        54076 kB
NFS_Unstable:          0 kB
Bounce:                0 kB
WritebackTmp:          0 kB
CommitLimit:     6660208 kB
Committed_AS:   58895572 kB
VmallocTotal:   263061440 kB
VmallocUsed:       83640 kB
VmallocChunk:          0 kB
Percpu:             7616 kB
CmaTotal:         315392 kB
CmaFree:               0 kB
MemTotal:        5980404 kB
MemFree:          559152 kB
MemAvailable:    2789808 kB
Buffers:            7192 kB
Cached:          2377068 kB
SwapCached:            0 kB
Active:          1596772 kB
Inactive:        1910432 kB
Active(anon):    1027180 kB
Inactive(anon):   124416 kB
Active(file):     569592 kB
Inactive(file):  1786016 kB
Unevictable:        5672 kB
Mlocked:            5672 kB
SwapTotal:       3670008 kB
SwapFree:        3670008 kB
Dirty:               448 kB
Writeback:             0 kB
AnonPages:       1128604 kB
Mapped:           637368 kB
Shmem:             24020 kB
KReclaimable:     437480 kB
Slab:             210052 kB
SReclaimable:      56972 kB
SUnreclaim:       153080 kB
KernelStack:       43312 kB
PageTables:        54144 kB
NFS_Unstable:          0 kB
Bounce:                0 kB
WritebackTmp:          0 kB
CommitLimit:     6660208 kB
Committed_AS:   58895620 kB
VmallocTotal:   263061440 kB
VmallocUsed:       83624 kB
VmallocChunk:          0 kB
Percpu:             7616 kB
CmaTotal:         315392 kB
CmaFree:               0 kB
MemTotal:        5980404 kB
MemFree:          558332 kB
MemAvailable:    2788988 kB
Buffers:            7196 kB
Cached:          2377084 kB
SwapCached:            0 kB
Active:          1597488 kB
Inactive:        1910456 kB
Active(anon):    1027900 kB
Inactive(anon):   124436 kB
Active(file):     569588 kB
Inactive(file):  1786020 kB
Unevictable:        5672 kB
Mlocked:            5672 kB
SwapTotal:       3670008 kB
SwapFree:        3670008 kB
Dirty:               452 kB
Writeback:             0 kB
AnonPages:       1129160 kB
Mapped:           637548 kB
Shmem:             24040 kB
KReclaimable:     437480 kB
Slab:             210052 kB
SReclaimable:      56972 kB
SUnreclaim:       153080 kB
KernelStack:       43360 kB
PageTables:        54216 kB
NFS_Unstable:          0 kB
Bounce:                0 kB
WritebackTmp:          0 kB
CommitLimit:     6660208 kB
Committed_AS:   58898080 kB
VmallocTotal:   263061440 kB
VmallocUsed:       83656 kB
VmallocChunk:          0 kB
Percpu:             7616 kB
CmaTotal:         315392 kB
CmaFree:               0 kB
MemTotal:        5980404 kB
MemFree:          557544 kB
MemAvailable:    2788200 kB
Buffers:            7196 kB
Cached:          2377084 kB
SwapCached:            0 kB
Active:          1597512 kB
Inactive:        1910456 kB
Active(anon):    1027924 kB
Inactive(anon):   124436 kB
Active(file):     569588 kB
Inactive(file):  1786020 kB
Unevictable:        5672 kB
Mlocked:            5672 kB
SwapTotal:       3670008 kB
SwapFree:        3670008 kB
Dirty:               468 kB
Writeback:             0 kB
AnonPages:       1129568 kB
Mapped:           637712 kB
Shmem:             24040 kB
KReclaimable:     437480 kB
Slab:             210052 kB
SReclaimable:      56972 kB
SUnreclaim:       153080 kB
KernelStack:       43312 kB
PageTables:        54184 kB
NFS_Unstable:          0 kB
Bounce:                0 kB
WritebackTmp:          0 kB
CommitLimit:     6660208 kB
Committed_AS:   58899420 kB
VmallocTotal:   263061440 kB
VmallocUsed:       83656 kB
VmallocChunk:          0 kB
Percpu:             7616 kB
CmaTotal:         315392 kB
CmaFree:               0 kB
MemTotal:        5980404 kB
MemFree:          557972 kB
MemAvailable:    2788612 kB
Buffers:            7196 kB
Cached:          2377084 kB
SwapCached:            0 kB
Active:          1598140 kB
Inactive:        1910456 kB
Active(anon):    1028552 kB
Inactive(anon):   124436 kB
Active(file):     569588 kB
Inactive(file):  1786020 kB
Unevictable:        5672 kB
Mlocked:            5672 kB
SwapTotal:       3670008 kB
SwapFree:        3670008 kB
Dirty:               468 kB
Writeback:             0 kB
AnonPages:       1129820 kB
Mapped:           637512 kB
Shmem:             24040 kB
KReclaimable:     437464 kB
Slab:             210036 kB
SReclaimable:      56956 kB
SUnreclaim:       153080 kB
KernelStack:       43280 kB
PageTables:        54404 kB
NFS_Unstable:          0 kB
Bounce:                0 kB
WritebackTmp:          0 kB
CommitLimit:     6660208 kB
Committed_AS:   58899160 kB
VmallocTotal:   263061440 kB
VmallocUsed:       83656 kB
VmallocChunk:          0 kB
Percpu:             7616 kB
CmaTotal:         315392 kB
CmaFree:               0 kB
MemTotal:        5980404 kB
MemFree:          557192 kB
MemAvailable:    2787832 kB
Buffers:            7196 kB
Cached:          2377084 kB
SwapCached:            0 kB
Active:          1598264 kB
Inactive:        1910456 kB
Active(anon):    1028676 kB
Inactive(anon):   124436 kB
Active(file):     569588 kB
Inactive(file):  1786020 kB
Unevictable:        5672 kB
Mlocked:            5672 kB
SwapTotal:       3670008 kB
SwapFree:        3670008 kB
Dirty:               468 kB
Writeback:             0 kB
AnonPages:       1130052 kB
Mapped:           637484 kB
Shmem:             24040 kB
KReclaimable:     437464 kB
Slab:             210028 kB
SReclaimable:      56956 kB
SUnreclaim:       153072 kB
KernelStack:       43344 kB
PageTables:        54320 kB
NFS_Unstable:          0 kB
Bounce:                0 kB
WritebackTmp:          0 kB
CommitLimit:     6660208 kB
Committed_AS:   58893536 kB
VmallocTotal:   263061440 kB
VmallocUsed:       83672 kB
VmallocChunk:          0 kB
Percpu:             7616 kB
CmaTotal:         315392 kB
CmaFree:               0 kB
MemTotal:        5980404 kB
MemFree:          555404 kB
MemAvailable:    2786044 kB
Buffers:            7196 kB
Cached:          2377084 kB
SwapCached:            0 kB
Active:          1599748 kB
Inactive:        1910456 kB
Active(anon):    1030160 kB
Inactive(anon):   124436 kB
Active(file):     569588 kB
Inactive(file):  1786020 kB
Unevictable:        5672 kB
Mlocked:            5672 kB
SwapTotal:       3670008 kB
SwapFree:        3670008 kB
Dirty:               524 kB
Writeback:             0 kB
AnonPages:       1131664 kB
Mapped:           637524 kB
Shmem:             24040 kB
KReclaimable:     437464 kB
Slab:             210036 kB
SReclaimable:      56956 kB
SUnreclaim:       153080 kB
KernelStack:       43396 kB
PageTables:        54132 kB
NFS_Unstable:          0 kB
Bounce:                0 kB
WritebackTmp:          0 kB
CommitLimit:     6660208 kB
Committed_AS:   58897372 kB
VmallocTotal:   263061440 kB
VmallocUsed:       83688 kB
VmallocChunk:          0 kB
Percpu:             7616 kB
CmaTotal:         315392 kB
CmaFree:               0 kB
MemTotal:        5980404 kB
MemFree:          553836 kB
MemAvailable:    2784476 kB
Buffers:            7196 kB
Cached:          2377088 kB
SwapCached:            0 kB
Active:          1600680 kB
Inactive:        1910460 kB
Active(anon):    1031092 kB
Inactive(anon):   124440 kB
Active(file):     569588 kB
Inactive(file):  1786020 kB
Unevictable:        5672 kB
Mlocked:            5672 kB
SwapTotal:       3670008 kB
SwapFree:        3670008 kB
Dirty:               524 kB
Writeback:             0 kB
AnonPages:       1132544 kB
Mapped:           637488 kB
Shmem:             24044 kB
KReclaimable:     437464 kB
Slab:             210036 kB
SReclaimable:      56956 kB
SUnreclaim:       153080 kB
KernelStack:       43312 kB
PageTables:        54188 kB
NFS_Unstable:          0 kB
Bounce:                0 kB
WritebackTmp:          0 kB
CommitLimit:     6660208 kB
Committed_AS:   58898464 kB
VmallocTotal:   263061440 kB
VmallocUsed:       83672 kB
VmallocChunk:          0 kB
Percpu:             7616 kB
CmaTotal:         315392 kB
CmaFree:               0 kB
MemTotal:        5980404 kB
MemFree:          557688 kB
MemAvailable:    2788328 kB
Buffers:            7196 kB
Cached:          2377088 kB
SwapCached:            0 kB
Active:          1596996 kB
Inactive:        1910460 kB
Active(anon):    1027408 kB
Inactive(anon):   124440 kB
Active(file):     569588 kB
Inactive(file):  1786020 kB
Unevictable:        5672 kB
Mlocked:            5672 kB
SwapTotal:       3670008 kB
SwapFree:        3670008 kB
Dirty:               520 kB
Writeback:             0 kB
AnonPages:       1128760 kB
Mapped:           637716 kB
Shmem:             24044 kB
KReclaimable:     437464 kB
Slab:             210036 kB
SReclaimable:      56956 kB
SUnreclaim:       153080 kB
KernelStack:       43360 kB
PageTables:        54324 kB
NFS_Unstable:          0 kB
Bounce:                0 kB
WritebackTmp:          0 kB
CommitLimit:     6660208 kB
Committed_AS:   58897884 kB
VmallocTotal:   263061440 kB
VmallocUsed:       83720 kB
VmallocChunk:          0 kB
Percpu:             7616 kB
CmaTotal:         315392 kB
CmaFree:               0 kB
MemTotal:        5980404 kB
MemFree:          557268 kB
MemAvailable:    2787908 kB
Buffers:            7196 kB
Cached:          2377088 kB
SwapCached:            0 kB
Active:          1597356 kB
Inactive:        1910460 kB
Active(anon):    1027768 kB
Inactive(anon):   124440 kB
Active(file):     569588 kB
Inactive(file):  1786020 kB
Unevictable:        5672 kB
Mlocked:            5672 kB
SwapTotal:       3670008 kB
SwapFree:        3670008 kB
Dirty:               520 kB
Writeback:             0 kB
AnonPages:       1129044 kB
Mapped:           637716 kB
Shmem:             24044 kB
KReclaimable:     437464 kB
Slab:             210036 kB
SReclaimable:      56956 kB
SUnreclaim:       153080 kB
KernelStack:       43296 kB
PageTables:        54384 kB
NFS_Unstable:          0 kB
Bounce:                0 kB
WritebackTmp:          0 kB
CommitLimit:     6660208 kB
Committed_AS:   58899828 kB
VmallocTotal:   263061440 kB
VmallocUsed:       83672 kB
VmallocChunk:          0 kB
Percpu:             7616 kB
CmaTotal:         315392 kB
CmaFree:              16 kB
MemTotal:        5980404 kB
MemFree:          556428 kB
MemAvailable:    2787068 kB
Buffers:            7196 kB
Cached:          2377088 kB
SwapCached:            0 kB
Active:          1597672 kB
Inactive:        1910460 kB
Active(anon):    1028084 kB
Inactive(anon):   124440 kB
Active(file):     569588 kB
Inactive(file):  1786020 kB
Unevictable:        5672 kB
Mlocked:            5672 kB
SwapTotal:       3670008 kB
SwapFree:        3670008 kB
Dirty:               520 kB
Writeback:             0 kB
AnonPages:       1129532 kB
Mapped:           637716 kB
Shmem:             24044 kB
KReclaimable:     437464 kB
Slab:             210036 kB
SReclaimable:      56956 kB
SUnreclaim:       153080 kB
KernelStack:       43296 kB
PageTables:        54044 kB
NFS_Unstable:          0 kB
Bounce:                0 kB
WritebackTmp:          0 kB
CommitLimit:     6660208 kB
Committed_AS:   58897128 kB
VmallocTotal:   263061440 kB
VmallocUsed:       83656 kB
VmallocChunk:          0 kB
Percpu:             7616 kB
CmaTotal:         315392 kB
CmaFree:               0 kB
MemTotal:        5980404 kB
MemFree:          557016 kB
MemAvailable:    2787676 kB
Buffers:            7196 kB
Cached:          2377108 kB
SwapCached:            0 kB
Active:          1597104 kB
Inactive:        1910472 kB
Active(anon):    1027508 kB
Inactive(anon):   124440 kB
Active(file):     569596 kB
Inactive(file):  1786032 kB
Unevictable:        5672 kB
Mlocked:            5672 kB
SwapTotal:       3670008 kB
SwapFree:        3670008 kB
Dirty:               532 kB
Writeback:             0 kB
AnonPages:       1128764 kB
Mapped:           637780 kB
Shmem:             24044 kB
KReclaimable:     437464 kB
Slab:             210036 kB
SReclaimable:      56956 kB
SUnreclaim:       153080 kB
KernelStack:       43372 kB
PageTables:        54240 kB
NFS_Unstable:          0 kB
Bounce:                0 kB
WritebackTmp:          0 kB
CommitLimit:     6660208 kB
Committed_AS:   58897056 kB
VmallocTotal:   263061440 kB
VmallocUsed:       83688 kB
VmallocChunk:          0 kB
Percpu:             7616 kB
CmaTotal:         315392 kB
CmaFree:               0 kB
MemTotal:        5980404 kB
MemFree:          559120 kB
MemAvailable:    2789760 kB
Buffers:            7196 kB
Cached:          2377088 kB
SwapCached:            0 kB
Active:          1596480 kB
Inactive:        1910464 kB
Active(anon):    1026896 kB
Inactive(anon):   124440 kB
Active(file):     569584 kB
Inactive(file):  1786024 kB
Unevictable:        5672 kB
Mlocked:            5672 kB
SwapTotal:       3670008 kB
SwapFree:        3670008 kB
Dirty:               536 kB
Writeback:             0 kB
AnonPages:       1128384 kB
Mapped:           637716 kB
Shmem:             24044 kB
KReclaimable:     437464 kB
Slab:             210036 kB
SReclaimable:      56956 kB
SUnreclaim:       153080 kB
KernelStack:       43312 kB
PageTables:        54528 kB
NFS_Unstable:          0 kB
Bounce:                0 kB
WritebackTmp:          0 kB
CommitLimit:     6660208 kB
Committed_AS:   58898760 kB
VmallocTotal:   263061440 kB
VmallocUsed:       83656 kB
VmallocChunk:          0 kB
Percpu:             7616 kB
CmaTotal:         315392 kB
CmaFree:              64 kB
MemTotal:        5980404 kB
MemFree:          559084 kB
MemAvailable:    2789732 kB
Buffers:            7196 kB
Cached:          2377096 kB
SwapCached:            0 kB
Active:          1596836 kB
Inactive:        1910468 kB
Active(anon):    1027248 kB
Inactive(anon):   124440 kB
Active(file):     569588 kB
Inactive(file):  1786028 kB
Unevictable:        5672 kB
Mlocked:            5672 kB
SwapTotal:       3670008 kB
SwapFree:        3670008 kB
Dirty:               544 kB
Writeback:             0 kB
AnonPages:       1128972 kB
Mapped:           637544 kB
Shmem:             24044 kB
KReclaimable:     437464 kB
Slab:             210036 kB
SReclaimable:      56956 kB
SUnreclaim:       153080 kB
KernelStack:       43328 kB
PageTables:        54208 kB
NFS_Unstable:          0 kB
Bounce:                0 kB
WritebackTmp:          0 kB
CommitLimit:     6660208 kB
Committed_AS:   58897780 kB
VmallocTotal:   263061440 kB
VmallocUsed:       83688 kB
