MemTotal:        7922396 kB
MemFree:         1639548 kB
MemAvailable:    4409652 kB
Buffers:           65556 kB
Cached:          1643260 kB
SwapCached:            4 kB
Active:           981404 kB
Inactive:        1908848 kB
Active(anon):      33724 kB
Inactive(anon):  1172064 kB
Active(file):     947680 kB
Inactive(file):   736784 kB
Unevictable:        6088 kB
Mlocked:            5648 kB
SwapTotal:       4718584 kB
SwapFree:        4701688 kB
Dirty:             46208 kB
Writeback:             0 kB
AnonPages:       1187608 kB
Mapped:           591016 kB
Shmem:             19884 kB
KReclaimable:    1475912 kB
Slab:             288428 kB
SReclaimable:      72940 kB
SUnreclaim:       215488 kB
KernelStack:       43584 kB
ShadowCallStack:   10916 kB
PageTables:        59928 kB
NFS_Unstable:          0 kB
Bounce:                0 kB
WritebackTmp:          0 kB
CommitLimit:     8679780 kB
Committed_AS:   60438248 kB
VmallocTotal:   263061440 kB
VmallocUsed:      123992 kB
VmallocChunk:          0 kB
Percpu:             6264 kB
CmaTotal:         405504 kB
CmaFree:           53208 kB
MemTotal:        7922396 kB
MemFree:         1333608 kB
MemAvailable:    4102164 kB
Buffers:           65636 kB
Cached:          1643356 kB
SwapCached:            4 kB
Active:           981612 kB
Inactive:        2212396 kB
Active(anon):      33848 kB
Inactive(anon):  1475520 kB
Active(file):     947764 kB
Inactive(file):   736876 kB
Unevictable:        6088 kB
Mlocked:            5648 kB
SwapTotal:       4718584 kB
SwapFree:        4701688 kB
Dirty:             46408 kB
Writeback:             0 kB
AnonPages:       1491280 kB
Mapped:           687284 kB
Shmem:             19752 kB
KReclaimable:    1474188 kB
Slab:             288592 kB
SReclaimable:      73060 kB
SUnreclaim:       215532 kB
KernelStack:       44352 kB
ShadowCallStack:   11112 kB
PageTables:        61340 kB
NFS_Unstable:          0 kB
Bounce:                0 kB
WritebackTmp:          0 kB
CommitLimit:     8679780 kB
Committed_AS:   61926312 kB
VmallocTotal:   263061440 kB
VmallocUsed:      124936 kB
VmallocChunk:          0 kB
Percpu:             6264 kB
CmaTotal:         405504 kB
CmaFree:           53184 kB
MemTotal:        7922396 kB
MemFree:         1255744 kB
MemAvailable:    4096364 kB
Buffers:           65724 kB
Cached:          1643984 kB
SwapCached:            4 kB
Active:          1131400 kB
Inactive:        2140880 kB
Active(anon):      33800 kB
Inactive(anon):  1553716 kB
Active(file):    1097600 kB
Inactive(file):   587164 kB
Unevictable:        6088 kB
Mlocked:            5648 kB
SwapTotal:       4718584 kB
SwapFree:        4701688 kB
Dirty:             46688 kB
Writeback:             0 kB
AnonPages:       1568840 kB
Mapped:           658964 kB
Shmem:             20344 kB
KReclaimable:    1546128 kB
Slab:             288212 kB
SReclaimable:      73084 kB
SUnreclaim:       215128 kB
KernelStack:       44416 kB
ShadowCallStack:   11128 kB
PageTables:        61256 kB
NFS_Unstable:          0 kB
Bounce:                0 kB
WritebackTmp:          0 kB
CommitLimit:     8679780 kB
Committed_AS:   60770680 kB
VmallocTotal:   263061440 kB
VmallocUsed:      125080 kB
VmallocChunk:          0 kB
Percpu:             6264 kB
CmaTotal:         405504 kB
CmaFree:           54852 kB
MemTotal:        7922396 kB
MemFree:          810708 kB
MemAvailable:    3630528 kB
Buffers:           65740 kB
Cached:          1644024 kB
SwapCached:            4 kB
Active:          1131664 kB
Inactive:        2582928 kB
Active(anon):      33804 kB
Inactive(anon):  1995988 kB
Active(file):    1097860 kB
Inactive(file):   586940 kB
Unevictable:        6088 kB
Mlocked:            5648 kB
SwapTotal:       4718584 kB
SwapFree:        4701688 kB
Dirty:             46800 kB
Writeback:             0 kB
AnonPages:       2011056 kB
Mapped:           660592 kB
Shmem:             20364 kB
KReclaimable:    1525292 kB
Slab:             287980 kB
SReclaimable:      73116 kB
SUnreclaim:       214864 kB
KernelStack:       44496 kB
ShadowCallStack:   11156 kB
PageTables:        62388 kB
NFS_Unstable:          0 kB
Bounce:                0 kB
WritebackTmp:          0 kB
CommitLimit:     8679780 kB
Committed_AS:   61530392 kB
VmallocTotal:   263061440 kB
VmallocUsed:      125200 kB
VmallocChunk:          0 kB
Percpu:             6264 kB
CmaTotal:         405504 kB
CmaFree:           54876 kB
MemTotal:        7922396 kB
MemFree:          734244 kB
MemAvailable:    2988060 kB
Buffers:           65740 kB
Cached:          1644124 kB
SwapCached:            4 kB
Active:          1131672 kB
Inactive:        2645660 kB
Active(anon):      33804 kB
Inactive(anon):  2058728 kB
Active(file):    1097868 kB
Inactive(file):   586932 kB
Unevictable:        6088 kB
Mlocked:            5648 kB
SwapTotal:       4718584 kB
SwapFree:        4701688 kB
Dirty:             46852 kB
Writeback:             0 kB
AnonPages:       2073444 kB
Mapped:           767508 kB
Shmem:             20464 kB
KReclaimable:     959288 kB
Slab:             290840 kB
SReclaimable:      73116 kB
SUnreclaim:       217724 kB
KernelStack:       44592 kB
ShadowCallStack:   11172 kB
PageTables:        63100 kB
NFS_Unstable:          0 kB
Bounce:                0 kB
WritebackTmp:          0 kB
CommitLimit:     8679780 kB
Committed_AS:   61671324 kB
VmallocTotal:   263061440 kB
VmallocUsed:      125244 kB
VmallocChunk:          0 kB
Percpu:             6264 kB
CmaTotal:         405504 kB
CmaFree:           54884 kB
MemTotal:        7922396 kB
MemFree:          612380 kB
MemAvailable:    2998488 kB
Buffers:           65804 kB
Cached:          1644028 kB
SwapCached:            4 kB
Active:          1131808 kB
Inactive:        2767532 kB
Active(anon):      33856 kB
Inactive(anon):  2180620 kB
Active(file):    1097952 kB
Inactive(file):   586912 kB
Unevictable:        6088 kB
Mlocked:            5648 kB
SwapTotal:       4718584 kB
SwapFree:        4701688 kB
Dirty:             46976 kB
Writeback:             0 kB
AnonPages:       2195620 kB
Mapped:           768640 kB
Shmem:             20368 kB
KReclaimable:    1091516 kB
Slab:             290828 kB
SReclaimable:      73120 kB
SUnreclaim:       217708 kB
KernelStack:       44512 kB
ShadowCallStack:   11148 kB
PageTables:        63396 kB
NFS_Unstable:          0 kB
Bounce:                0 kB
WritebackTmp:          0 kB
CommitLimit:     8679780 kB
Committed_AS:   61888432 kB
VmallocTotal:   263061440 kB
VmallocUsed:      125228 kB
VmallocChunk:          0 kB
Percpu:             6264 kB
CmaTotal:         405504 kB
CmaFree:           54864 kB
MemTotal:        7922396 kB
MemFree:          862668 kB
MemAvailable:    3049240 kB
Buffers:           65812 kB
Cached:          1644044 kB
SwapCached:            4 kB
Active:          1131800 kB
Inactive:        2509120 kB
Active(anon):      33836 kB
Inactive(anon):  1922204 kB
Active(file):    1097964 kB
Inactive(file):   586916 kB
Unevictable:        6088 kB
Mlocked:            5648 kB
SwapTotal:       4718584 kB
SwapFree:        4701688 kB
Dirty:             47028 kB
Writeback:             0 kB
AnonPages:       1937184 kB
Mapped:           849172 kB
Shmem:             20376 kB
KReclaimable:     891964 kB
Slab:             291864 kB
SReclaimable:      73128 kB
SUnreclaim:       218736 kB
KernelStack:       44176 kB
ShadowCallStack:   11084 kB
PageTables:        63968 kB
NFS_Unstable:          0 kB
Bounce:                0 kB
WritebackTmp:          0 kB
CommitLimit:     8679780 kB
Committed_AS:   62133856 kB
VmallocTotal:   263061440 kB
VmallocUsed:      124296 kB
VmallocChunk:          0 kB
Percpu:             6264 kB
CmaTotal:         405504 kB
CmaFree:           54888 kB
MemTotal:        7922396 kB
MemFree:          786416 kB
MemAvailable:    2974216 kB
Buffers:           65832 kB
Cached:          1644068 kB
SwapCached:            4 kB
Active:          1131948 kB
Inactive:        2586824 kB
Active(anon):      33844 kB
Inactive(anon):  2000020 kB
Active(file):    1098104 kB
Inactive(file):   586804 kB
Unevictable:        6088 kB
Mlocked:            5648 kB
SwapTotal:       4718584 kB
SwapFree:        4701688 kB
Dirty:                80 kB
Writeback:           124 kB
AnonPages:       2015080 kB
Mapped:           853380 kB
Shmem:             20392 kB
KReclaimable:     893164 kB
Slab:             292008 kB
SReclaimable:      73132 kB
SUnreclaim:       218876 kB
KernelStack:       44688 kB
ShadowCallStack:   11192 kB
PageTables:        64296 kB
NFS_Unstable:          0 kB
Bounce:                0 kB
WritebackTmp:          0 kB
CommitLimit:     8679780 kB
Committed_AS:   62236024 kB
VmallocTotal:   263061440 kB
VmallocUsed:      124840 kB
VmallocChunk:          0 kB
Percpu:             6264 kB
CmaTotal:         405504 kB
CmaFree:           55316 kB
MemTotal:        7922396 kB
MemFree:          538872 kB
MemAvailable:    2726688 kB
Buffers:           65832 kB
Cached:          1644124 kB
SwapCached:            4 kB
Active:          1131948 kB
Inactive:        2833588 kB
Active(anon):      33844 kB
Inactive(anon):  2246784 kB
Active(file):    1098104 kB
Inactive(file):   586804 kB
Unevictable:        6088 kB
Mlocked:            5648 kB
SwapTotal:       4718584 kB
SwapFree:        4701688 kB
Dirty:                96 kB
Writeback:             0 kB
AnonPages:       2261936 kB
Mapped:           853436 kB
Shmem:             20448 kB
KReclaimable:     893180 kB
Slab:             291928 kB
SReclaimable:      73148 kB
SUnreclaim:       218780 kB
KernelStack:       44656 kB
ShadowCallStack:   11180 kB
PageTables:        64492 kB
NFS_Unstable:          0 kB
Bounce:                0 kB
WritebackTmp:          0 kB
CommitLimit:     8679780 kB
Committed_AS:   62430624 kB
VmallocTotal:   263061440 kB
VmallocUsed:      124836 kB
VmallocChunk:          0 kB
Percpu:             6264 kB
CmaTotal:         405504 kB
CmaFree:           55316 kB
MemTotal:        7922396 kB
MemFree:          437900 kB
MemAvailable:    2613100 kB
Buffers:           65832 kB
Cached:          1644132 kB
SwapCached:            4 kB
Active:          1132040 kB
Inactive:        2933524 kB
Active(anon):      33844 kB
Inactive(anon):  2346812 kB
Active(file):    1098196 kB
Inactive(file):   586712 kB
Unevictable:        6088 kB
Mlocked:            5648 kB
SwapTotal:       4718584 kB
SwapFree:        4701688 kB
Dirty:               108 kB
Writeback:            12 kB
AnonPages:       2361692 kB
Mapped:           858716 kB
Shmem:             20456 kB
KReclaimable:     880564 kB
Slab:             292040 kB
SReclaimable:      73148 kB
SUnreclaim:       218892 kB
KernelStack:       44688 kB
ShadowCallStack:   11180 kB
PageTables:        64732 kB
NFS_Unstable:          0 kB
Bounce:                0 kB
WritebackTmp:          0 kB
CommitLimit:     8679780 kB
Committed_AS:   62509316 kB
VmallocTotal:   263061440 kB
VmallocUsed:      124896 kB
VmallocChunk:          0 kB
Percpu:             6264 kB
CmaTotal:         405504 kB
CmaFree:           55316 kB
MemTotal:        7922396 kB
MemFree:          438332 kB
MemAvailable:    2613516 kB
Buffers:           65832 kB
Cached:          1644132 kB
SwapCached:            4 kB
Active:          1132036 kB
Inactive:        2931912 kB
Active(anon):      33840 kB
Inactive(anon):  2345200 kB
Active(file):    1098196 kB
Inactive(file):   586712 kB
Unevictable:        6088 kB
Mlocked:            5648 kB
SwapTotal:       4718584 kB
SwapFree:        4701688 kB
Dirty:               116 kB
Writeback:             0 kB
AnonPages:       2360168 kB
Mapped:           858676 kB
Shmem:             20456 kB
KReclaimable:     880548 kB
Slab:             292088 kB
SReclaimable:      73148 kB
SUnreclaim:       218940 kB
KernelStack:       44704 kB
ShadowCallStack:   11196 kB
PageTables:        64820 kB
NFS_Unstable:          0 kB
Bounce:                0 kB
WritebackTmp:          0 kB
CommitLimit:     8679780 kB
Committed_AS:   62509320 kB
VmallocTotal:   263061440 kB
VmallocUsed:      124892 kB
VmallocChunk:          0 kB
Percpu:             6264 kB
CmaTotal:         405504 kB
CmaFree:           55316 kB
MemTotal:        7922396 kB
MemFree:          437076 kB
MemAvailable:    2612248 kB
Buffers:           65852 kB
Cached:          1644132 kB
SwapCached:            4 kB
Active:          1132048 kB
Inactive:        2933164 kB
Active(anon):      33840 kB
Inactive(anon):  2346452 kB
Active(file):    1098208 kB
Inactive(file):   586712 kB
Unevictable:        6088 kB
Mlocked:            5648 kB
SwapTotal:       4718584 kB
SwapFree:        4701688 kB
Dirty:               324 kB
Writeback:             0 kB
AnonPages:       2361368 kB
Mapped:           859224 kB
Shmem:             20456 kB
KReclaimable:     880524 kB
Slab:             292064 kB
SReclaimable:      73148 kB
SUnreclaim:       218916 kB
KernelStack:       44704 kB
ShadowCallStack:   11228 kB
PageTables:        64888 kB
NFS_Unstable:          0 kB
Bounce:                0 kB
WritebackTmp:          0 kB
CommitLimit:     8679780 kB
Committed_AS:   62509316 kB
VmallocTotal:   263061440 kB
VmallocUsed:      124912 kB
VmallocChunk:          0 kB
Percpu:             6264 kB
CmaTotal:         405504 kB
CmaFree:           55312 kB
MemTotal:        7922396 kB
MemFree:          430704 kB
MemAvailable:    2605900 kB
Buffers:           65868 kB
Cached:          1644136 kB
SwapCached:            4 kB
Active:          1132068 kB
Inactive:        2940660 kB
Active(anon):      33836 kB
Inactive(anon):  2353948 kB
Active(file):    1098232 kB
Inactive(file):   586712 kB
Unevictable:        6088 kB
Mlocked:            5648 kB
SwapTotal:       4718584 kB
SwapFree:        4701688 kB
Dirty:               384 kB
Writeback:             0 kB
AnonPages:       2368772 kB
Mapped:           860376 kB
Shmem:             20460 kB
KReclaimable:     880524 kB
Slab:             292128 kB
SReclaimable:      73148 kB
SUnreclaim:       218980 kB
KernelStack:       44688 kB
ShadowCallStack:   11176 kB
PageTables:        65008 kB
NFS_Unstable:          0 kB
Bounce:                0 kB
WritebackTmp:          0 kB
CommitLimit:     8679780 kB
Committed_AS:   62509528 kB
VmallocTotal:   263061440 kB
VmallocUsed:      124860 kB
VmallocChunk:          0 kB
Percpu:             6264 kB
CmaTotal:         405504 kB
CmaFree:           55316 kB
MemTotal:        7922396 kB
MemFree:          428608 kB
MemAvailable:    2603820 kB
Buffers:           65868 kB
Cached:          1644144 kB
SwapCached:            4 kB
Active:          1132076 kB
Inactive:        2941532 kB
Active(anon):      33844 kB
Inactive(anon):  2354816 kB
Active(file):    1098232 kB
Inactive(file):   586716 kB
Unevictable:        6088 kB
Mlocked:            5648 kB
SwapTotal:       4718584 kB
SwapFree:        4701688 kB
Dirty:              1044 kB
Writeback:             0 kB
AnonPages:       2369700 kB
Mapped:           860440 kB
Shmem:             20464 kB
KReclaimable:     880536 kB
Slab:             292132 kB
SReclaimable:      73160 kB
SUnreclaim:       218972 kB
KernelStack:       44672 kB
ShadowCallStack:   11200 kB
PageTables:        64792 kB
NFS_Unstable:          0 kB
Bounce:                0 kB
WritebackTmp:          0 kB
CommitLimit:     8679780 kB
Committed_AS:   62509484 kB
VmallocTotal:   263061440 kB
VmallocUsed:      124872 kB
VmallocChunk:          0 kB
Percpu:             6264 kB
CmaTotal:         405504 kB
CmaFree:           55700 kB
MemTotal:        7922396 kB
MemFree:          430836 kB
MemAvailable:    2606096 kB
Buffers:           65868 kB
Cached:          1644144 kB
SwapCached:            4 kB
Active:          1132076 kB
Inactive:        2939400 kB
Active(anon):      33844 kB
Inactive(anon):  2352684 kB
Active(file):    1098232 kB
Inactive(file):   586716 kB
Unevictable:        6088 kB
Mlocked:            5648 kB
SwapTotal:       4718584 kB
SwapFree:        4701688 kB
Dirty:              1044 kB
Writeback:             0 kB
AnonPages:       2367604 kB
Mapped:           860440 kB
Shmem:             20464 kB
KReclaimable:     880584 kB
Slab:             292124 kB
SReclaimable:      73208 kB
SUnreclaim:       218916 kB
KernelStack:       44640 kB
ShadowCallStack:   11184 kB
PageTables:        64652 kB
NFS_Unstable:          0 kB
Bounce:                0 kB
WritebackTmp:          0 kB
CommitLimit:     8679780 kB
Committed_AS:   62509484 kB
VmallocTotal:   263061440 kB
VmallocUsed:      124868 kB
VmallocChunk:          0 kB
Percpu:             6264 kB
CmaTotal:         405504 kB
CmaFree:           55892 kB
MemTotal:        7922396 kB
MemFree:          429948 kB
MemAvailable:    2605208 kB
Buffers:           65868 kB
Cached:          1644148 kB
SwapCached:            4 kB
Active:          1132076 kB
Inactive:        2940364 kB
Active(anon):      33844 kB
Inactive(anon):  2353648 kB
Active(file):    1098232 kB
Inactive(file):   586716 kB
Unevictable:        6088 kB
Mlocked:            5648 kB
SwapTotal:       4718584 kB
SwapFree:        4701688 kB
Dirty:              1048 kB
Writeback:             0 kB
AnonPages:       2368648 kB
Mapped:           860504 kB
Shmem:             20468 kB
KReclaimable:     880584 kB
Slab:             292232 kB
SReclaimable:      73208 kB
SUnreclaim:       219024 kB
KernelStack:       44640 kB
ShadowCallStack:   11188 kB
PageTables:        64652 kB
NFS_Unstable:          0 kB
Bounce:                0 kB
WritebackTmp:          0 kB
CommitLimit:     8679780 kB
Committed_AS:   62509488 kB
VmallocTotal:   263061440 kB
VmallocUsed:      124868 kB
VmallocChunk:          0 kB
Percpu:             6264 kB
CmaTotal:         405504 kB
CmaFree:           55896 kB
MemTotal:        7922396 kB
MemFree:          429216 kB
MemAvailable:    2604476 kB
Buffers:           65868 kB
Cached:          1644148 kB
SwapCached:            4 kB
Active:          1132060 kB
Inactive:        2941028 kB
Active(anon):      33828 kB
Inactive(anon):  2354312 kB
Active(file):    1098232 kB
Inactive(file):   586716 kB
Unevictable:        6088 kB
Mlocked:            5648 kB
SwapTotal:       4718584 kB
SwapFree:        4701688 kB
Dirty:              1052 kB
Writeback:             0 kB
AnonPages:       2369076 kB
Mapped:           860448 kB
Shmem:             20468 kB
KReclaimable:     880584 kB
Slab:             292268 kB
SReclaimable:      73208 kB
SUnreclaim:       219060 kB
KernelStack:       44672 kB
ShadowCallStack:   11180 kB
PageTables:        64856 kB
NFS_Unstable:          0 kB
Bounce:                0 kB
WritebackTmp:          0 kB
CommitLimit:     8679780 kB
Committed_AS:   62509488 kB
VmallocTotal:   263061440 kB
VmallocUsed:      124824 kB
VmallocChunk:          0 kB
Percpu:             6264 kB
CmaTotal:         405504 kB
CmaFree:           55892 kB
MemTotal:        7922396 kB
MemFree:          426908 kB
MemAvailable:    2602068 kB
Buffers:           65876 kB
Cached:          1644148 kB
SwapCached:            4 kB
Active:          1132084 kB
Inactive:        2942472 kB
Active(anon):      33844 kB
Inactive(anon):  2355756 kB
Active(file):    1098240 kB
Inactive(file):   586716 kB
Unevictable:        6088 kB
Mlocked:            5648 kB
SwapTotal:       4718584 kB
SwapFree:        4701688 kB
Dirty:              1076 kB
Writeback:             0 kB
AnonPages:       2370696 kB
Mapped:           860584 kB
Shmem:             20468 kB
KReclaimable:     880476 kB
Slab:             292232 kB
SReclaimable:      73208 kB
SUnreclaim:       219024 kB
KernelStack:       44672 kB
ShadowCallStack:   11192 kB
PageTables:        64784 kB
NFS_Unstable:          0 kB
Bounce:                0 kB
WritebackTmp:          0 kB
CommitLimit:     8679780 kB
Committed_AS:   62509536 kB
VmallocTotal:   263061440 kB
VmallocUsed:      124856 kB
VmallocChunk:          0 kB
Percpu:             6264 kB
CmaTotal:         405504 kB
CmaFree:           55892 kB
MemTotal:        7922396 kB
MemFree:          427336 kB
MemAvailable:    2601920 kB
Buffers:           65876 kB
Cached:          1644148 kB
SwapCached:            4 kB
Active:          1132084 kB
Inactive:        2942756 kB
Active(anon):      33844 kB
Inactive(anon):  2356040 kB
Active(file):    1098240 kB
Inactive(file):   586716 kB
Unevictable:        6088 kB
Mlocked:            5648 kB
SwapTotal:       4718584 kB
SwapFree:        4701688 kB
Dirty:              1088 kB
Writeback:             0 kB
AnonPages:       2370936 kB
Mapped:           860908 kB
Shmem:             20468 kB
KReclaimable:     879900 kB
Slab:             292296 kB
SReclaimable:      73208 kB
SUnreclaim:       219088 kB
KernelStack:       44752 kB
ShadowCallStack:   11220 kB
PageTables:        64652 kB
NFS_Unstable:          0 kB
Bounce:                0 kB
WritebackTmp:          0 kB
CommitLimit:     8679780 kB
Committed_AS:   62509844 kB
VmallocTotal:   263061440 kB
VmallocUsed:      124980 kB
VmallocChunk:          0 kB
Percpu:             6264 kB
CmaTotal:         405504 kB
CmaFree:           55892 kB
MemTotal:        7922396 kB
MemFree:          427084 kB
MemAvailable:    2601668 kB
Buffers:           65876 kB
Cached:          1644148 kB
SwapCached:            4 kB
Active:          1132084 kB
Inactive:        2943256 kB
Active(anon):      33844 kB
Inactive(anon):  2356540 kB
Active(file):    1098240 kB
Inactive(file):   586716 kB
Unevictable:        6088 kB
Mlocked:            5648 kB
SwapTotal:       4718584 kB
SwapFree:        4701688 kB
Dirty:              1088 kB
Writeback:             0 kB
AnonPages:       2371476 kB
Mapped:           860972 kB
Shmem:             20468 kB
KReclaimable:     879900 kB
Slab:             292188 kB
SReclaimable:      73208 kB
SUnreclaim:       218980 kB
KernelStack:       44784 kB
ShadowCallStack:   11220 kB
PageTables:        64820 kB
NFS_Unstable:          0 kB
Bounce:                0 kB
WritebackTmp:          0 kB
CommitLimit:     8679780 kB
Committed_AS:   62509844 kB
VmallocTotal:   263061440 kB
VmallocUsed:      124996 kB
VmallocChunk:          0 kB
Percpu:             6264 kB
CmaTotal:         405504 kB
CmaFree:           55892 kB
MemTotal:        7922396 kB
MemFree:          425924 kB
MemAvailable:    2599948 kB
Buffers:           65876 kB
Cached:          1644148 kB
SwapCached:            4 kB
Active:          1132076 kB
Inactive:        2944496 kB
Active(anon):      33828 kB
Inactive(anon):  2357788 kB
Active(file):    1098248 kB
Inactive(file):   586708 kB
Unevictable:        6088 kB
Mlocked:            5648 kB
SwapTotal:       4718584 kB
SwapFree:        4701688 kB
Dirty:              1092 kB
Writeback:             0 kB
AnonPages:       2372468 kB
Mapped:           861440 kB
Shmem:             20468 kB
KReclaimable:     879340 kB
Slab:             292272 kB
SReclaimable:      73208 kB
SUnreclaim:       219064 kB
KernelStack:       44768 kB
ShadowCallStack:   11220 kB
PageTables:        64852 kB
NFS_Unstable:          0 kB
Bounce:                0 kB
WritebackTmp:          0 kB
CommitLimit:     8679780 kB
Committed_AS:   62509856 kB
VmallocTotal:   263061440 kB
VmallocUsed:      125008 kB
VmallocChunk:          0 kB
Percpu:             6264 kB
CmaTotal:         405504 kB
CmaFree:           55892 kB
MemTotal:        7922396 kB
MemFree:          425548 kB
MemAvailable:    2599380 kB
Buffers:           65876 kB
Cached:          1644160 kB
SwapCached:            4 kB
Active:          1132088 kB
Inactive:        2944568 kB
Active(anon):      33840 kB
Inactive(anon):  2357856 kB
Active(file):    1098248 kB
Inactive(file):   586712 kB
Unevictable:        6088 kB
Mlocked:            5648 kB
SwapTotal:       4718584 kB
SwapFree:        4701688 kB
Dirty:              1100 kB
Writeback:             0 kB
AnonPages:       2372688 kB
Mapped:           861776 kB
Shmem:             20476 kB
KReclaimable:     879144 kB
Slab:             292268 kB
SReclaimable:      73236 kB
SUnreclaim:       219032 kB
KernelStack:       44736 kB
ShadowCallStack:   11208 kB
PageTables:        64780 kB
NFS_Unstable:          0 kB
Bounce:                0 kB
WritebackTmp:          0 kB
CommitLimit:     8679780 kB
Committed_AS:   62509808 kB
VmallocTotal:   263061440 kB
VmallocUsed:      124992 kB
VmallocChunk:          0 kB
Percpu:             6264 kB
CmaTotal:         405504 kB
CmaFree:           55892 kB
MemTotal:        7922396 kB
MemFree:          417196 kB
MemAvailable:    2591128 kB
Buffers:           65924 kB
Cached:          1644260 kB
SwapCached:            4 kB
Active:          1132164 kB
Inactive:        2952596 kB
Active(anon):      33836 kB
Inactive(anon):  2365868 kB
Active(file):    1098328 kB
Inactive(file):   586728 kB
Unevictable:        6088 kB
Mlocked:            5648 kB
SwapTotal:       4718584 kB
SwapFree:        4701688 kB
Dirty:              1348 kB
Writeback:            36 kB
AnonPages:       2380756 kB
Mapped:           861944 kB
Shmem:             20528 kB
KReclaimable:     879148 kB
Slab:             292352 kB
SReclaimable:      73240 kB
SUnreclaim:       219112 kB
KernelStack:       45072 kB
ShadowCallStack:   11244 kB
PageTables:        64600 kB
NFS_Unstable:          0 kB
Bounce:                0 kB
WritebackTmp:          0 kB
CommitLimit:     8679780 kB
Committed_AS:   62511040 kB
VmallocTotal:   263061440 kB
VmallocUsed:      125344 kB
VmallocChunk:          0 kB
Percpu:             6264 kB
CmaTotal:         405504 kB
CmaFree:           55892 kB
MemTotal:        7922396 kB
MemFree:          414640 kB
MemAvailable:    2588584 kB
Buffers:           65940 kB
Cached:          1644288 kB
SwapCached:            4 kB
Active:          1132232 kB
Inactive:        2954332 kB
Active(anon):      33844 kB
Inactive(anon):  2367652 kB
Active(file):    1098388 kB
Inactive(file):   586680 kB
Unevictable:        6088 kB
Mlocked:            5648 kB
SwapTotal:       4718584 kB
SwapFree:        4701688 kB
Dirty:              1428 kB
Writeback:             4 kB
AnonPages:       2382464 kB
Mapped:           861880 kB
Shmem:             20560 kB
KReclaimable:     879148 kB
Slab:             292260 kB
SReclaimable:      73240 kB
SUnreclaim:       219020 kB
KernelStack:       45168 kB
ShadowCallStack:   11344 kB
PageTables:        64888 kB
NFS_Unstable:          0 kB
Bounce:                0 kB
WritebackTmp:          0 kB
CommitLimit:     8679780 kB
Committed_AS:   62511244 kB
VmallocTotal:   263061440 kB
VmallocUsed:      125512 kB
VmallocChunk:          0 kB
Percpu:             6264 kB
CmaTotal:         405504 kB
CmaFree:           55892 kB
MemTotal:        7922396 kB
MemFree:          413996 kB
MemAvailable:    2588072 kB
Buffers:           65948 kB
Cached:          1644304 kB
SwapCached:            4 kB
Active:          1132248 kB
Inactive:        2955260 kB
Active(anon):      33848 kB
Inactive(anon):  2368568 kB
Active(file):    1098400 kB
Inactive(file):   586692 kB
Unevictable:        6088 kB
Mlocked:            5648 kB
SwapTotal:       4718584 kB
SwapFree:        4701688 kB
Dirty:              1456 kB
Writeback:             0 kB
AnonPages:       2383308 kB
Mapped:           861940 kB
Shmem:             20560 kB
KReclaimable:     879256 kB
Slab:             292376 kB
SReclaimable:      73320 kB
SUnreclaim:       219056 kB
KernelStack:       45184 kB
ShadowCallStack:   11316 kB
PageTables:        64904 kB
NFS_Unstable:          0 kB
Bounce:                0 kB
WritebackTmp:          0 kB
CommitLimit:     8679780 kB
Committed_AS:   62511244 kB
VmallocTotal:   263061440 kB
VmallocUsed:      125496 kB
VmallocChunk:          0 kB
Percpu:             6264 kB
CmaTotal:         405504 kB
CmaFree:           55892 kB
MemTotal:        7922396 kB
MemFree:          396776 kB
MemAvailable:    2570840 kB
Buffers:           65948 kB
Cached:          1644308 kB
SwapCached:            4 kB
Active:          1132240 kB
Inactive:        2973212 kB
Active(anon):      33840 kB
Inactive(anon):  2386532 kB
Active(file):    1098400 kB
Inactive(file):   586680 kB
Unevictable:        6088 kB
Mlocked:            5648 kB
SwapTotal:       4718584 kB
SwapFree:        4701688 kB
Dirty:              1460 kB
Writeback:             0 kB
AnonPages:       2401604 kB
Mapped:           862056 kB
Shmem:             20576 kB
KReclaimable:     879256 kB
Slab:             292332 kB
SReclaimable:      73320 kB
SUnreclaim:       219012 kB
KernelStack:       45232 kB
ShadowCallStack:   11324 kB
PageTables:        64948 kB
NFS_Unstable:          0 kB
Bounce:                0 kB
WritebackTmp:          0 kB
CommitLimit:     8679780 kB
Committed_AS:   62511444 kB
VmallocTotal:   263061440 kB
VmallocUsed:      125524 kB
VmallocChunk:          0 kB
Percpu:             6264 kB
CmaTotal:         405504 kB
CmaFree:           41428 kB
MemTotal:        7922396 kB
MemFree:          327128 kB
MemAvailable:    2368160 kB
Buffers:           65948 kB
Cached:          1644436 kB
SwapCached:            4 kB
Active:          1132244 kB
Inactive:        3043188 kB
Active(anon):      33844 kB
Inactive(anon):  2456508 kB
Active(file):    1098400 kB
Inactive(file):   586680 kB
Unevictable:        6088 kB
Mlocked:            5648 kB
SwapTotal:       4718584 kB
SwapFree:        4701688 kB
Dirty:              1464 kB
Writeback:             0 kB
AnonPages:       2471240 kB
Mapped:           862356 kB
Shmem:             20704 kB
KReclaimable:     746224 kB
Slab:             292400 kB
SReclaimable:      73320 kB
SUnreclaim:       219080 kB
KernelStack:       45248 kB
ShadowCallStack:   11336 kB
PageTables:        64988 kB
NFS_Unstable:          0 kB
Bounce:                0 kB
WritebackTmp:          0 kB
CommitLimit:     8679780 kB
Committed_AS:   62511624 kB
VmallocTotal:   263061440 kB
VmallocUsed:      125612 kB
VmallocChunk:          0 kB
Percpu:             6264 kB
CmaTotal:         405504 kB
CmaFree:               0 kB
MemTotal:        7922396 kB
MemFree:          414704 kB
MemAvailable:    2588480 kB
Buffers:           65948 kB
Cached:          1644436 kB
SwapCached:            4 kB
Active:          1132236 kB
Inactive:        2956064 kB
Active(anon):      33836 kB
Inactive(anon):  2369384 kB
Active(file):    1098400 kB
Inactive(file):   586680 kB
Unevictable:        6088 kB
Mlocked:            5648 kB
SwapTotal:       4718584 kB
SwapFree:        4701688 kB
Dirty:              1464 kB
Writeback:             0 kB
AnonPages:       2384068 kB
Mapped:           862048 kB
Shmem:             20704 kB
KReclaimable:     878968 kB
Slab:             292380 kB
SReclaimable:      73320 kB
SUnreclaim:       219060 kB
KernelStack:       45136 kB
ShadowCallStack:   11328 kB
PageTables:        64816 kB
NFS_Unstable:          0 kB
Bounce:                0 kB
WritebackTmp:          0 kB
CommitLimit:     8679780 kB
Committed_AS:   62511244 kB
VmallocTotal:   263061440 kB
VmallocUsed:      125488 kB
VmallocChunk:          0 kB
Percpu:             6264 kB
CmaTotal:         405504 kB
CmaFree:           55452 kB
MemTotal:        7922396 kB
MemFree:          415044 kB
MemAvailable:    2589108 kB
Buffers:           65948 kB
Cached:          1644292 kB
SwapCached:            4 kB
Active:          1132252 kB
Inactive:        2955564 kB
Active(anon):      33852 kB
Inactive(anon):  2368884 kB
Active(file):    1098400 kB
Inactive(file):   586680 kB
Unevictable:        6088 kB
Mlocked:            5648 kB
SwapTotal:       4718584 kB
SwapFree:        4701688 kB
Dirty:              1420 kB
Writeback:             0 kB
AnonPages:       2383660 kB
Mapped:           861948 kB
Shmem:             20560 kB
KReclaimable:     879256 kB
Slab:             292340 kB
SReclaimable:      73320 kB
SUnreclaim:       219020 kB
KernelStack:       45184 kB
ShadowCallStack:   11312 kB
PageTables:        64776 kB
NFS_Unstable:          0 kB
Bounce:                0 kB
WritebackTmp:          0 kB
CommitLimit:     8679780 kB
Committed_AS:   62511244 kB
VmallocTotal:   263061440 kB
VmallocUsed:      125484 kB
VmallocChunk:          0 kB
Percpu:             6264 kB
CmaTotal:         405504 kB
CmaFree:           55472 kB
MemTotal:        7922396 kB
MemFree:          414560 kB
MemAvailable:    2588624 kB
Buffers:           65956 kB
Cached:          1644284 kB
SwapCached:            4 kB
Active:          1132244 kB
Inactive:        2956192 kB
Active(anon):      33844 kB
Inactive(anon):  2369512 kB
Active(file):    1098400 kB
Inactive(file):   586680 kB
Unevictable:        6088 kB
Mlocked:            5648 kB
SwapTotal:       4718584 kB
SwapFree:        4701688 kB
Dirty:              1424 kB
Writeback:             0 kB
AnonPages:       2384076 kB
Mapped:           861856 kB
Shmem:             20560 kB
KReclaimable:     879256 kB
Slab:             292292 kB
SReclaimable:      73320 kB
SUnreclaim:       218972 kB
KernelStack:       45152 kB
ShadowCallStack:   11332 kB
PageTables:        64916 kB
NFS_Unstable:          0 kB
Bounce:                0 kB
WritebackTmp:          0 kB
CommitLimit:     8679780 kB
Committed_AS:   62511244 kB
VmallocTotal:   263061440 kB
VmallocUsed:      125492 kB
VmallocChunk:          0 kB
Percpu:             6264 kB
CmaTotal:         405504 kB
CmaFree:           55472 kB
MemTotal:        7922396 kB
MemFree:          414956 kB
MemAvailable:    2589032 kB
Buffers:           65956 kB
Cached:          1644296 kB
SwapCached:            4 kB
Active:          1132244 kB
Inactive:        2955660 kB
Active(anon):      33836 kB
Inactive(anon):  2368976 kB
Active(file):    1098408 kB
Inactive(file):   586684 kB
Unevictable:        6088 kB
Mlocked:            5648 kB
SwapTotal:       4718584 kB
SwapFree:        4701688 kB
Dirty:              1436 kB
Writeback:             0 kB
AnonPages:       2383844 kB
Mapped:           862024 kB
Shmem:             20560 kB
KReclaimable:     879256 kB
Slab:             292320 kB
SReclaimable:      73320 kB
SUnreclaim:       219000 kB
KernelStack:       45056 kB
ShadowCallStack:   11304 kB
PageTables:        64732 kB
NFS_Unstable:          0 kB
Bounce:                0 kB
WritebackTmp:          0 kB
CommitLimit:     8679780 kB
Committed_AS:   62510884 kB
VmallocTotal:   263061440 kB
VmallocUsed:      125352 kB
VmallocChunk:          0 kB
Percpu:             6264 kB
CmaTotal:         405504 kB
CmaFree:           55472 kB
MemTotal:        7922396 kB
MemFree:          414836 kB
MemAvailable:    2588912 kB
Buffers:           65956 kB
Cached:          1644296 kB
SwapCached:            4 kB
Active:          1132228 kB
Inactive:        2955952 kB
Active(anon):      33820 kB
Inactive(anon):  2369268 kB
Active(file):    1098408 kB
Inactive(file):   586684 kB
Unevictable:        6088 kB
Mlocked:            5648 kB
SwapTotal:       4718584 kB
SwapFree:        4701688 kB
Dirty:              1444 kB
Writeback:             0 kB
AnonPages:       2384048 kB
Mapped:           861940 kB
Shmem:             20560 kB
KReclaimable:     879256 kB
Slab:             292324 kB
SReclaimable:      73320 kB
SUnreclaim:       219004 kB
KernelStack:       45088 kB
ShadowCallStack:   11284 kB
PageTables:        65004 kB
NFS_Unstable:          0 kB
Bounce:                0 kB
WritebackTmp:          0 kB
CommitLimit:     8679780 kB
Committed_AS:   62510884 kB
VmallocTotal:   263061440 kB
VmallocUsed:      125348 kB
VmallocChunk:          0 kB
Percpu:             6264 kB
CmaTotal:         405504 kB
CmaFree:           55472 kB
MemTotal:        7922396 kB
MemFree:          414048 kB
MemAvailable:    2588148 kB
Buffers:           65980 kB
Cached:          1644300 kB
SwapCached:            4 kB
Active:          1132264 kB
Inactive:        2957380 kB
Active(anon):      33832 kB
Inactive(anon):  2370696 kB
Active(file):    1098432 kB
Inactive(file):   586684 kB
Unevictable:        6088 kB
Mlocked:            5648 kB
SwapTotal:       4718584 kB
SwapFree:        4701688 kB
Dirty:              1456 kB
Writeback:             0 kB
AnonPages:       2385348 kB
Mapped:           861872 kB
Shmem:             20564 kB
KReclaimable:     879256 kB
Slab:             292284 kB
SReclaimable:      73320 kB
SUnreclaim:       218964 kB
KernelStack:       45056 kB
ShadowCallStack:   11288 kB
PageTables:        64876 kB
NFS_Unstable:          0 kB
Bounce:                0 kB
WritebackTmp:          0 kB
CommitLimit:     8679780 kB
Committed_AS:   62510884 kB
VmallocTotal:   263061440 kB
VmallocUsed:      125348 kB
VmallocChunk:          0 kB
Percpu:             6264 kB
CmaTotal:         405504 kB
CmaFree:           55472 kB
MemTotal:        7922396 kB
MemFree:          417588 kB
MemAvailable:    2591688 kB
Buffers:           65980 kB
Cached:          1644300 kB
SwapCached:            4 kB
Active:          1132260 kB
Inactive:        2953568 kB
Active(anon):      33828 kB
Inactive(anon):  2366884 kB
Active(file):    1098432 kB
Inactive(file):   586684 kB
Unevictable:        6088 kB
Mlocked:            5648 kB
SwapTotal:       4718584 kB
SwapFree:        4701688 kB
Dirty:                32 kB
Writeback:            64 kB
AnonPages:       2381684 kB
Mapped:           861908 kB
Shmem:             20564 kB
KReclaimable:     879256 kB
Slab:             292328 kB
SReclaimable:      73320 kB
SUnreclaim:       219008 kB
KernelStack:       45024 kB
ShadowCallStack:   11292 kB
PageTables:        64652 kB
NFS_Unstable:          0 kB
Bounce:                0 kB
WritebackTmp:          0 kB
CommitLimit:     8679780 kB
Committed_AS:   62510884 kB
VmallocTotal:   263061440 kB
VmallocUsed:      125288 kB
VmallocChunk:          0 kB
Percpu:             6264 kB
CmaTotal:         405504 kB
CmaFree:           55472 kB
MemTotal:        7922396 kB
MemFree:          382712 kB
MemAvailable:    2556812 kB
Buffers:           65980 kB
Cached:          1644300 kB
SwapCached:            4 kB
Active:          1136092 kB
Inactive:        2984716 kB
Active(anon):      33832 kB
Inactive(anon):  2401860 kB
Active(file):    1102260 kB
Inactive(file):   582856 kB
Unevictable:        6088 kB
Mlocked:            5648 kB
SwapTotal:       4718584 kB
SwapFree:        4701688 kB
Dirty:                40 kB
Writeback:             0 kB
AnonPages:       2416520 kB
Mapped:           861948 kB
Shmem:             20564 kB
KReclaimable:     879256 kB
Slab:             292256 kB
SReclaimable:      73320 kB
SUnreclaim:       218936 kB
KernelStack:       45024 kB
ShadowCallStack:   11280 kB
PageTables:        65096 kB
NFS_Unstable:          0 kB
Bounce:                0 kB
WritebackTmp:          0 kB
CommitLimit:     8679780 kB
Committed_AS:   62545376 kB
VmallocTotal:   263061440 kB
VmallocUsed:      125308 kB
VmallocChunk:          0 kB
Percpu:             6264 kB
CmaTotal:         405504 kB
CmaFree:           27344 kB
MemTotal:        7922396 kB
MemFree:          381920 kB
MemAvailable:    2556020 kB
Buffers:           65980 kB
Cached:          1644300 kB
SwapCached:            4 kB
Active:          1136236 kB
Inactive:        2984020 kB
Active(anon):      33808 kB
Inactive(anon):  2401332 kB
Active(file):    1102428 kB
Inactive(file):   582688 kB
Unevictable:        6088 kB
Mlocked:            5648 kB
SwapTotal:       4718584 kB
SwapFree:        4701688 kB
Dirty:                44 kB
Writeback:             0 kB
AnonPages:       2416200 kB
Mapped:           861876 kB
Shmem:             20564 kB
KReclaimable:     879256 kB
Slab:             292244 kB
SReclaimable:      73320 kB
SUnreclaim:       218924 kB
KernelStack:       44784 kB
ShadowCallStack:   11240 kB
PageTables:        64884 kB
NFS_Unstable:          0 kB
Bounce:                0 kB
WritebackTmp:          0 kB
CommitLimit:     8679780 kB
Committed_AS:   62544648 kB
VmallocTotal:   263061440 kB
VmallocUsed:      125028 kB
VmallocChunk:          0 kB
Percpu:             6264 kB
CmaTotal:         405504 kB
CmaFree:           27276 kB
MemTotal:        7922396 kB
MemFree:          381576 kB
MemAvailable:    2555676 kB
Buffers:           65980 kB
Cached:          1644304 kB
SwapCached:            4 kB
Active:          1136232 kB
Inactive:        2983936 kB
Active(anon):      33804 kB
Inactive(anon):  2401248 kB
Active(file):    1102428 kB
Inactive(file):   582688 kB
Unevictable:        6088 kB
Mlocked:            5648 kB
SwapTotal:       4718584 kB
SwapFree:        4701688 kB
Dirty:                68 kB
Writeback:             0 kB
AnonPages:       2416060 kB
Mapped:           862108 kB
Shmem:             20568 kB
KReclaimable:     879256 kB
Slab:             292232 kB
SReclaimable:      73320 kB
SUnreclaim:       218912 kB
KernelStack:       44864 kB
ShadowCallStack:   11220 kB
PageTables:        64664 kB
NFS_Unstable:          0 kB
Bounce:                0 kB
WritebackTmp:          0 kB
CommitLimit:     8679780 kB
Committed_AS:   62544652 kB
VmallocTotal:   263061440 kB
VmallocUsed:      125028 kB
VmallocChunk:          0 kB
Percpu:             6264 kB
CmaTotal:         405504 kB
CmaFree:           27656 kB
MemTotal:        7922396 kB
MemFree:          381504 kB
MemAvailable:    2555604 kB
Buffers:           65980 kB
Cached:          1644304 kB
SwapCached:            4 kB
Active:          1136236 kB
Inactive:        2984464 kB
Active(anon):      33808 kB
Inactive(anon):  2401776 kB
Active(file):    1102428 kB
Inactive(file):   582688 kB
Unevictable:        6088 kB
Mlocked:            5648 kB
SwapTotal:       4718584 kB
SwapFree:        4701688 kB
Dirty:                72 kB
Writeback:             0 kB
AnonPages:       2416452 kB
Mapped:           861996 kB
Shmem:             20568 kB
KReclaimable:     879256 kB
Slab:             292248 kB
SReclaimable:      73320 kB
SUnreclaim:       218928 kB
KernelStack:       44752 kB
ShadowCallStack:   11236 kB
PageTables:        64960 kB
NFS_Unstable:          0 kB
Bounce:                0 kB
WritebackTmp:          0 kB
CommitLimit:     8679780 kB
Committed_AS:   62544652 kB
VmallocTotal:   263061440 kB
VmallocUsed:      125032 kB
VmallocChunk:          0 kB
Percpu:             6264 kB
CmaTotal:         405504 kB
CmaFree:           27500 kB
MemTotal:        7922396 kB
MemFree:          380752 kB
MemAvailable:    2554868 kB
Buffers:           65996 kB
Cached:          1644304 kB
SwapCached:            4 kB
Active:          1136252 kB
Inactive:        2984728 kB
Active(anon):      33808 kB
Inactive(anon):  2402040 kB
Active(file):    1102444 kB
Inactive(file):   582688 kB
Unevictable:        6088 kB
Mlocked:            5648 kB
SwapTotal:       4718584 kB
SwapFree:        4701688 kB
Dirty:               196 kB
Writeback:             0 kB
AnonPages:       2416832 kB
Mapped:           861884 kB
Shmem:             20568 kB
KReclaimable:     879256 kB
Slab:             292216 kB
SReclaimable:      73320 kB
SUnreclaim:       218896 kB
KernelStack:       44784 kB
ShadowCallStack:   11232 kB
PageTables:        64920 kB
NFS_Unstable:          0 kB
Bounce:                0 kB
WritebackTmp:          0 kB
CommitLimit:     8679780 kB
Committed_AS:   62544656 kB
VmallocTotal:   263061440 kB
VmallocUsed:      125040 kB
VmallocChunk:          0 kB
Percpu:             6264 kB
CmaTotal:         405504 kB
CmaFree:           26632 kB
MemTotal:        7922396 kB
MemFree:          381596 kB
MemAvailable:    2555712 kB
Buffers:           65996 kB
Cached:          1644304 kB
SwapCached:            4 kB
Active:          1136256 kB
Inactive:        2984784 kB
Active(anon):      33812 kB
Inactive(anon):  2402096 kB
Active(file):    1102444 kB
Inactive(file):   582688 kB
Unevictable:        6088 kB
Mlocked:            5648 kB
SwapTotal:       4718584 kB
SwapFree:        4701688 kB
Dirty:               236 kB
Writeback:             0 kB
AnonPages:       2416800 kB
Mapped:           861892 kB
Shmem:             20568 kB
KReclaimable:     879256 kB
Slab:             292224 kB
SReclaimable:      73320 kB
SUnreclaim:       218904 kB
KernelStack:       44800 kB
ShadowCallStack:   11216 kB
PageTables:        64992 kB
NFS_Unstable:          0 kB
Bounce:                0 kB
WritebackTmp:          0 kB
CommitLimit:     8679780 kB
Committed_AS:   62544652 kB
VmallocTotal:   263061440 kB
VmallocUsed:      125008 kB
VmallocChunk:          0 kB
Percpu:             6264 kB
CmaTotal:         405504 kB
CmaFree:           26632 kB
MemTotal:        7922396 kB
MemFree:          389772 kB
MemAvailable:    2563888 kB
Buffers:           65996 kB
Cached:          1644304 kB
SwapCached:            4 kB
Active:          1136252 kB
Inactive:        2975500 kB
Active(anon):      33808 kB
Inactive(anon):  2392812 kB
Active(file):    1102444 kB
Inactive(file):   582688 kB
Unevictable:        6088 kB
Mlocked:            5648 kB
SwapTotal:       4718584 kB
SwapFree:        4701688 kB
Dirty:               236 kB
Writeback:             0 kB
AnonPages:       2407548 kB
Mapped:           861884 kB
Shmem:             20568 kB
KReclaimable:     879256 kB
Slab:             292232 kB
SReclaimable:      73320 kB
SUnreclaim:       218912 kB
KernelStack:       44752 kB
ShadowCallStack:   11220 kB
PageTables:        64924 kB
NFS_Unstable:          0 kB
Bounce:                0 kB
WritebackTmp:          0 kB
CommitLimit:     8679780 kB
Committed_AS:   62544652 kB
VmallocTotal:   263061440 kB
VmallocUsed:      124992 kB
VmallocChunk:          0 kB
Percpu:             6264 kB
CmaTotal:         405504 kB
CmaFree:           24296 kB
MemTotal:        7922396 kB
MemFree:          389756 kB
MemAvailable:    2563872 kB
Buffers:           65996 kB
Cached:          1644304 kB
SwapCached:            4 kB
Active:          1136252 kB
Inactive:        2975932 kB
Active(anon):      33808 kB
Inactive(anon):  2393244 kB
Active(file):    1102444 kB
Inactive(file):   582688 kB
Unevictable:        6088 kB
Mlocked:            5648 kB
SwapTotal:       4718584 kB
SwapFree:        4701688 kB
Dirty:               236 kB
Writeback:             0 kB
AnonPages:       2407860 kB
Mapped:           862020 kB
Shmem:             20568 kB
KReclaimable:     879256 kB
Slab:             292244 kB
SReclaimable:      73320 kB
SUnreclaim:       218924 kB
KernelStack:       44768 kB
ShadowCallStack:   11224 kB
PageTables:        64892 kB
NFS_Unstable:          0 kB
Bounce:                0 kB
WritebackTmp:          0 kB
CommitLimit:     8679780 kB
Committed_AS:   62544652 kB
VmallocTotal:   263061440 kB
VmallocUsed:      125012 kB
VmallocChunk:          0 kB
Percpu:             6264 kB
CmaTotal:         405504 kB
CmaFree:           24284 kB
MemTotal:        7922396 kB
MemFree:          389748 kB
MemAvailable:    2563864 kB
Buffers:           65996 kB
Cached:          1644304 kB
SwapCached:            4 kB
Active:          1136248 kB
Inactive:        2975720 kB
Active(anon):      33808 kB
Inactive(anon):  2393028 kB
Active(file):    1102440 kB
Inactive(file):   582692 kB
Unevictable:        6088 kB
Mlocked:            5648 kB
SwapTotal:       4718584 kB
SwapFree:        4701688 kB
Dirty:               236 kB
Writeback:             4 kB
AnonPages:       2407808 kB
Mapped:           861916 kB
Shmem:             20568 kB
KReclaimable:     879256 kB
Slab:             292240 kB
SReclaimable:      73320 kB
SUnreclaim:       218920 kB
KernelStack:       44752 kB
ShadowCallStack:   11244 kB
PageTables:        64884 kB
NFS_Unstable:          0 kB
Bounce:                0 kB
WritebackTmp:          0 kB
CommitLimit:     8679780 kB
Committed_AS:   62544652 kB
VmallocTotal:   263061440 kB
VmallocUsed:      125008 kB
VmallocChunk:          0 kB
Percpu:             6264 kB
CmaTotal:         405504 kB
CmaFree:           24284 kB
MemTotal:        7922396 kB
MemFree:          388916 kB
MemAvailable:    2563072 kB
Buffers:           66020 kB
Cached:          1644320 kB
SwapCached:            4 kB
Active:          1136264 kB
Inactive:        2976496 kB
Active(anon):      33800 kB
Inactive(anon):  2393788 kB
Active(file):    1102464 kB
Inactive(file):   582708 kB
Unevictable:        6088 kB
Mlocked:            5648 kB
SwapTotal:       4718584 kB
SwapFree:        4701688 kB
Dirty:               224 kB
Writeback:             0 kB
AnonPages:       2408756 kB
Mapped:           862064 kB
Shmem:             20568 kB
KReclaimable:     879256 kB
Slab:             292260 kB
SReclaimable:      73320 kB
SUnreclaim:       218940 kB
KernelStack:       44832 kB
ShadowCallStack:   11216 kB
PageTables:        65028 kB
NFS_Unstable:          0 kB
Bounce:                0 kB
WritebackTmp:          0 kB
CommitLimit:     8679780 kB
Committed_AS:   62544680 kB
VmallocTotal:   263061440 kB
VmallocUsed:      125012 kB
VmallocChunk:          0 kB
Percpu:             6264 kB
CmaTotal:         405504 kB
CmaFree:           24284 kB
MemTotal:        7922396 kB
MemFree:          387824 kB
MemAvailable:    2561964 kB
Buffers:           66020 kB
Cached:          1644304 kB
SwapCached:            4 kB
Active:          1136268 kB
Inactive:        2976968 kB
Active(anon):      33804 kB
Inactive(anon):  2394276 kB
Active(file):    1102464 kB
Inactive(file):   582692 kB
Unevictable:        6088 kB
Mlocked:            5648 kB
SwapTotal:       4718584 kB
SwapFree:        4701688 kB
Dirty:               224 kB
Writeback:             0 kB
AnonPages:       2408944 kB
Mapped:           861920 kB
Shmem:             20568 kB
KReclaimable:     879256 kB
Slab:             292248 kB
SReclaimable:      73320 kB
SUnreclaim:       218928 kB
KernelStack:       44768 kB
ShadowCallStack:   11220 kB
PageTables:        64912 kB
NFS_Unstable:          0 kB
Bounce:                0 kB
WritebackTmp:          0 kB
CommitLimit:     8679780 kB
Committed_AS:   62544652 kB
VmallocTotal:   263061440 kB
VmallocUsed:      125012 kB
VmallocChunk:          0 kB
Percpu:             6264 kB
CmaTotal:         405504 kB
CmaFree:           24284 kB
MemTotal:        7922396 kB
MemFree:          387964 kB
MemAvailable:    2562108 kB
Buffers:           66020 kB
Cached:          1644308 kB
SwapCached:            4 kB
Active:          1136276 kB
Inactive:        2977108 kB
Active(anon):      33812 kB
Inactive(anon):  2394412 kB
Active(file):    1102464 kB
Inactive(file):   582696 kB
Unevictable:        6088 kB
Mlocked:            5648 kB
SwapTotal:       4718584 kB
SwapFree:        4701688 kB
Dirty:               228 kB
Writeback:             0 kB
AnonPages:       2409112 kB
Mapped:           862004 kB
Shmem:             20568 kB
KReclaimable:     879256 kB
Slab:             292256 kB
SReclaimable:      73320 kB
SUnreclaim:       218936 kB
KernelStack:       44816 kB
ShadowCallStack:   11196 kB
PageTables:        65028 kB
NFS_Unstable:          0 kB
Bounce:                0 kB
WritebackTmp:          0 kB
CommitLimit:     8679780 kB
Committed_AS:   62544652 kB
VmallocTotal:   263061440 kB
VmallocUsed:      125012 kB
VmallocChunk:          0 kB
Percpu:             6264 kB
CmaTotal:         405504 kB
CmaFree:           24284 kB
MemTotal:        7922396 kB
MemFree:          387348 kB
MemAvailable:    2561444 kB
Buffers:           66020 kB
Cached:          1644308 kB
SwapCached:            4 kB
Active:          1136272 kB
Inactive:        2977064 kB
Active(anon):      33808 kB
Inactive(anon):  2394368 kB
Active(file):    1102464 kB
Inactive(file):   582696 kB
Unevictable:        6088 kB
Mlocked:            5648 kB
SwapTotal:       4718584 kB
SwapFree:        4701688 kB
Dirty:               228 kB
Writeback:             0 kB
AnonPages:       2409196 kB
Mapped:           862008 kB
Shmem:             20568 kB
KReclaimable:     879208 kB
Slab:             292248 kB
SReclaimable:      73320 kB
SUnreclaim:       218928 kB
KernelStack:       44720 kB
ShadowCallStack:   11248 kB
PageTables:        64756 kB
NFS_Unstable:          0 kB
Bounce:                0 kB
WritebackTmp:          0 kB
CommitLimit:     8679780 kB
Committed_AS:   62544652 kB
VmallocTotal:   263061440 kB
VmallocUsed:      125012 kB
VmallocChunk:          0 kB
Percpu:             6264 kB
CmaTotal:         405504 kB
CmaFree:           24284 kB
MemTotal:        7922396 kB
MemFree:          298672 kB
MemAvailable:    2339828 kB
Buffers:           66020 kB
Cached:          1644400 kB
SwapCached:            4 kB
Active:          1136276 kB
Inactive:        3065460 kB
Active(anon):      33812 kB
Inactive(anon):  2482768 kB
Active(file):    1102464 kB
Inactive(file):   582692 kB
Unevictable:        6088 kB
Mlocked:            5648 kB
SwapTotal:       4718584 kB
SwapFree:        4701688 kB
Dirty:               228 kB
Writeback:            12 kB
AnonPages:       2497376 kB
Mapped:           862812 kB
Shmem:             20664 kB
KReclaimable:     746272 kB
Slab:             292280 kB
SReclaimable:      73320 kB
SUnreclaim:       218960 kB
KernelStack:       44880 kB
ShadowCallStack:   11208 kB
PageTables:        64832 kB
NFS_Unstable:          0 kB
Bounce:                0 kB
WritebackTmp:          0 kB
CommitLimit:     8679780 kB
Committed_AS:   62544988 kB
VmallocTotal:   263061440 kB
VmallocUsed:      125088 kB
VmallocChunk:          0 kB
Percpu:             6264 kB
CmaTotal:         405504 kB
CmaFree:              68 kB
MemTotal:        7922396 kB
MemFree:          386204 kB
MemAvailable:    2560280 kB
Buffers:           66020 kB
Cached:          1644308 kB
SwapCached:            4 kB
Active:          1136272 kB
Inactive:        2977892 kB
Active(anon):      33808 kB
Inactive(anon):  2395196 kB
Active(file):    1102464 kB
Inactive(file):   582696 kB
Unevictable:        6088 kB
Mlocked:            5648 kB
SwapTotal:       4718584 kB
SwapFree:        4701688 kB
Dirty:               228 kB
Writeback:             0 kB
AnonPages:       2409940 kB
Mapped:           862380 kB
Shmem:             20568 kB
KReclaimable:     879188 kB
Slab:             292300 kB
SReclaimable:      73320 kB
SUnreclaim:       218980 kB
KernelStack:       44800 kB
ShadowCallStack:   11216 kB
PageTables:        64832 kB
NFS_Unstable:          0 kB
Bounce:                0 kB
WritebackTmp:          0 kB
CommitLimit:     8679780 kB
Committed_AS:   62544612 kB
VmallocTotal:   263061440 kB
VmallocUsed:      124988 kB
VmallocChunk:          0 kB
Percpu:             6264 kB
CmaTotal:         405504 kB
CmaFree:           25232 kB
MemTotal:        7922396 kB
MemFree:          387188 kB
MemAvailable:    2561292 kB
Buffers:           66028 kB
Cached:          1644308 kB
SwapCached:            4 kB
Active:          1136284 kB
Inactive:        2977992 kB
Active(anon):      33808 kB
Inactive(anon):  2395300 kB
Active(file):    1102476 kB
Inactive(file):   582692 kB
Unevictable:        6088 kB
Mlocked:            5648 kB
SwapTotal:       4718584 kB
SwapFree:        4701688 kB
Dirty:               228 kB
Writeback:             0 kB
AnonPages:       2410264 kB
Mapped:           862228 kB
Shmem:             20568 kB
KReclaimable:     879208 kB
Slab:             292288 kB
SReclaimable:      73320 kB
SUnreclaim:       218968 kB
KernelStack:       44752 kB
ShadowCallStack:   11216 kB
PageTables:        64856 kB
NFS_Unstable:          0 kB
Bounce:                0 kB
WritebackTmp:          0 kB
CommitLimit:     8679780 kB
Committed_AS:   62544612 kB
VmallocTotal:   263061440 kB
VmallocUsed:      124976 kB
VmallocChunk:          0 kB
Percpu:             6264 kB
CmaTotal:         405504 kB
CmaFree:           25124 kB
MemTotal:        7922396 kB
MemFree:          386320 kB
MemAvailable:    2560424 kB
Buffers:           66028 kB
Cached:          1644308 kB
SwapCached:            4 kB
Active:          1136280 kB
Inactive:        2977968 kB
Active(anon):      33804 kB
Inactive(anon):  2395276 kB
Active(file):    1102476 kB
Inactive(file):   582692 kB
Unevictable:        6088 kB
Mlocked:            5648 kB
SwapTotal:       4718584 kB
SwapFree:        4701688 kB
Dirty:               228 kB
Writeback:             0 kB
AnonPages:       2410064 kB
Mapped:           862268 kB
Shmem:             20568 kB
KReclaimable:     879208 kB
Slab:             292292 kB
SReclaimable:      73320 kB
SUnreclaim:       218972 kB
KernelStack:       44800 kB
ShadowCallStack:   11216 kB
PageTables:        64860 kB
NFS_Unstable:          0 kB
Bounce:                0 kB
WritebackTmp:          0 kB
CommitLimit:     8679780 kB
Committed_AS:   62544612 kB
VmallocTotal:   263061440 kB
VmallocUsed:      125004 kB
VmallocChunk:          0 kB
Percpu:             6264 kB
CmaTotal:         405504 kB
CmaFree:           25128 kB
MemTotal:        7922396 kB
MemFree:          380868 kB
MemAvailable:    2553724 kB
Buffers:           66044 kB
Cached:          1644308 kB
SwapCached:            4 kB
Active:          1136304 kB
Inactive:        2983316 kB
Active(anon):      33808 kB
Inactive(anon):  2400628 kB
Active(file):    1102496 kB
Inactive(file):   582688 kB
Unevictable:        6088 kB
Mlocked:            5648 kB
SwapTotal:       4718584 kB
SwapFree:        4701688 kB
Dirty:               256 kB
Writeback:             0 kB
AnonPages:       2415344 kB
Mapped:           863456 kB
Shmem:             20568 kB
KReclaimable:     877944 kB
Slab:             292304 kB
SReclaimable:      73320 kB
SUnreclaim:       218984 kB
KernelStack:       44816 kB
ShadowCallStack:   11216 kB
PageTables:        65028 kB
NFS_Unstable:          0 kB
Bounce:                0 kB
WritebackTmp:          0 kB
CommitLimit:     8679780 kB
Committed_AS:   62577676 kB
VmallocTotal:   263061440 kB
VmallocUsed:      125016 kB
VmallocChunk:          0 kB
Percpu:             6264 kB
CmaTotal:         405504 kB
CmaFree:           25124 kB
MemTotal:        7922396 kB
MemFree:          383440 kB
MemAvailable:    2556256 kB
Buffers:           66044 kB
Cached:          1644320 kB
SwapCached:            4 kB
Active:          1136308 kB
Inactive:        2985324 kB
Active(anon):      33808 kB
Inactive(anon):  2402640 kB
Active(file):    1102500 kB
Inactive(file):   582684 kB
Unevictable:        6088 kB
Mlocked:            5648 kB
SwapTotal:       4718584 kB
SwapFree:        4701944 kB
Dirty:               256 kB
Writeback:             0 kB
AnonPages:       2417296 kB
Mapped:           864192 kB
Shmem:             20580 kB
KReclaimable:     877904 kB
Slab:             292328 kB
SReclaimable:      73320 kB
SUnreclaim:       219008 kB
KernelStack:       44816 kB
ShadowCallStack:   11252 kB
PageTables:        65092 kB
NFS_Unstable:          0 kB
Bounce:                0 kB
WritebackTmp:          0 kB
CommitLimit:     8679780 kB
Committed_AS:   62577848 kB
VmallocTotal:   263061440 kB
VmallocUsed:      125040 kB
VmallocChunk:          0 kB
Percpu:             6264 kB
CmaTotal:         405504 kB
CmaFree:           24476 kB
MemTotal:        7922396 kB
MemFree:          374616 kB
MemAvailable:    2547440 kB
Buffers:           66068 kB
Cached:          1644328 kB
SwapCached:            4 kB
Active:          1136372 kB
Inactive:        2988604 kB
Active(anon):      33848 kB
Inactive(anon):  2405916 kB
Active(file):    1102524 kB
Inactive(file):   582688 kB
Unevictable:        6088 kB
Mlocked:            5648 kB
SwapTotal:       4718584 kB
SwapFree:        4701944 kB
Dirty:               312 kB
Writeback:             0 kB
AnonPages:       2420816 kB
Mapped:           864152 kB
Shmem:             20584 kB
KReclaimable:     877884 kB
Slab:             292252 kB
SReclaimable:      73324 kB
SUnreclaim:       218928 kB
KernelStack:       44960 kB
ShadowCallStack:   11268 kB
PageTables:        64924 kB
NFS_Unstable:          0 kB
Bounce:                0 kB
WritebackTmp:          0 kB
CommitLimit:     8679780 kB
Committed_AS:   62578260 kB
VmallocTotal:   263061440 kB
VmallocUsed:      125236 kB
VmallocChunk:          0 kB
Percpu:             6264 kB
CmaTotal:         405504 kB
CmaFree:           20832 kB
MemTotal:        7922396 kB
MemFree:          372176 kB
MemAvailable:    2545000 kB
Buffers:           66068 kB
Cached:          1644328 kB
SwapCached:            4 kB
Active:          1136368 kB
Inactive:        2989216 kB
Active(anon):      33844 kB
Inactive(anon):  2406528 kB
Active(file):    1102524 kB
Inactive(file):   582688 kB
Unevictable:        6088 kB
Mlocked:            5648 kB
SwapTotal:       4718584 kB
SwapFree:        4701944 kB
Dirty:               312 kB
Writeback:             0 kB
AnonPages:       2421104 kB
Mapped:           864156 kB
Shmem:             20584 kB
KReclaimable:     877884 kB
Slab:             292264 kB
SReclaimable:      73324 kB
SUnreclaim:       218940 kB
KernelStack:       44992 kB
ShadowCallStack:   11260 kB
PageTables:        64776 kB
NFS_Unstable:          0 kB
Bounce:                0 kB
WritebackTmp:          0 kB
CommitLimit:     8679780 kB
Committed_AS:   62578256 kB
VmallocTotal:   263061440 kB
VmallocUsed:      125248 kB
VmallocChunk:          0 kB
Percpu:             6264 kB
CmaTotal:         405504 kB
CmaFree:           19832 kB
MemTotal:        7922396 kB
MemFree:          372060 kB
MemAvailable:    2544876 kB
Buffers:           66068 kB
Cached:          1644328 kB
SwapCached:            4 kB
Active:          1136372 kB
Inactive:        2989616 kB
Active(anon):      33848 kB
Inactive(anon):  2406928 kB
Active(file):    1102524 kB
Inactive(file):   582688 kB
Unevictable:        6088 kB
Mlocked:            5648 kB
SwapTotal:       4718584 kB
SwapFree:        4701944 kB
Dirty:               316 kB
Writeback:             0 kB
AnonPages:       2421888 kB
Mapped:           864292 kB
Shmem:             20584 kB
KReclaimable:     877876 kB
Slab:             292296 kB
SReclaimable:      73324 kB
SUnreclaim:       218972 kB
KernelStack:       44992 kB
ShadowCallStack:   11268 kB
PageTables:        65012 kB
NFS_Unstable:          0 kB
Bounce:                0 kB
WritebackTmp:          0 kB
CommitLimit:     8679780 kB
Committed_AS:   62578260 kB
VmallocTotal:   263061440 kB
VmallocUsed:      125244 kB
VmallocChunk:          0 kB
Percpu:             6264 kB
CmaTotal:         405504 kB
CmaFree:           19856 kB
MemTotal:        7922396 kB
MemFree:          370204 kB
MemAvailable:    2543012 kB
Buffers:           66092 kB
Cached:          1644316 kB
SwapCached:            4 kB
Active:          1136396 kB
Inactive:        2990824 kB
Active(anon):      33852 kB
Inactive(anon):  2408148 kB
Active(file):    1102544 kB
Inactive(file):   582676 kB
Unevictable:        6088 kB
Mlocked:            5648 kB
SwapTotal:       4718584 kB
SwapFree:        4701944 kB
Dirty:               352 kB
Writeback:            12 kB
AnonPages:       2423012 kB
Mapped:           864224 kB
Shmem:             20584 kB
KReclaimable:     877860 kB
Slab:             292300 kB
SReclaimable:      73324 kB
SUnreclaim:       218976 kB
KernelStack:       44976 kB
ShadowCallStack:   11264 kB
PageTables:        64996 kB
NFS_Unstable:          0 kB
Bounce:                0 kB
WritebackTmp:          0 kB
CommitLimit:     8679780 kB
Committed_AS:   62578204 kB
VmallocTotal:   263061440 kB
VmallocUsed:      125248 kB
VmallocChunk:          0 kB
Percpu:             6264 kB
CmaTotal:         405504 kB
CmaFree:           18952 kB
MemTotal:        7922396 kB
MemFree:          369276 kB
MemAvailable:    2542100 kB
Buffers:           66092 kB
Cached:          1644328 kB
SwapCached:            4 kB
Active:          1136404 kB
Inactive:        2991980 kB
Active(anon):      33844 kB
Inactive(anon):  2409304 kB
Active(file):    1102560 kB
Inactive(file):   582676 kB
Unevictable:        6088 kB
Mlocked:            5648 kB
SwapTotal:       4718584 kB
SwapFree:        4701944 kB
Dirty:               356 kB
Writeback:             0 kB
AnonPages:       2424040 kB
Mapped:           864252 kB
Shmem:             20584 kB
KReclaimable:     877860 kB
Slab:             292288 kB
SReclaimable:      73324 kB
SUnreclaim:       218964 kB
KernelStack:       44976 kB
ShadowCallStack:   11264 kB
PageTables:        65108 kB
NFS_Unstable:          0 kB
Bounce:                0 kB
WritebackTmp:          0 kB
CommitLimit:     8679780 kB
Committed_AS:   62578208 kB
VmallocTotal:   263061440 kB
VmallocUsed:      125228 kB
VmallocChunk:          0 kB
Percpu:             6264 kB
CmaTotal:         405504 kB
CmaFree:           18084 kB
MemTotal:        7922396 kB
MemFree:          367668 kB
MemAvailable:    2540492 kB
Buffers:           66092 kB
Cached:          1644328 kB
SwapCached:            4 kB
Active:          1136404 kB
Inactive:        2992568 kB
Active(anon):      33844 kB
Inactive(anon):  2409892 kB
Active(file):    1102560 kB
Inactive(file):   582676 kB
Unevictable:        6088 kB
Mlocked:            5648 kB
SwapTotal:       4718584 kB
SwapFree:        4701944 kB
Dirty:               308 kB
Writeback:             0 kB
AnonPages:       2424660 kB
Mapped:           864244 kB
Shmem:             20584 kB
KReclaimable:     877860 kB
Slab:             292312 kB
SReclaimable:      73324 kB
SUnreclaim:       218988 kB
KernelStack:       44928 kB
ShadowCallStack:   11256 kB
PageTables:        64828 kB
NFS_Unstable:          0 kB
Bounce:                0 kB
WritebackTmp:          0 kB
CommitLimit:     8679780 kB
Committed_AS:   62578204 kB
VmallocTotal:   263061440 kB
VmallocUsed:      125228 kB
VmallocChunk:          0 kB
Percpu:             6264 kB
CmaTotal:         405504 kB
CmaFree:           17024 kB
MemTotal:        7922396 kB
MemFree:          368824 kB
MemAvailable:    2541648 kB
Buffers:           66092 kB
Cached:          1644328 kB
SwapCached:            4 kB
Active:          1136408 kB
Inactive:        2992008 kB
Active(anon):      33848 kB
Inactive(anon):  2409332 kB
Active(file):    1102560 kB
Inactive(file):   582676 kB
Unevictable:        6088 kB
Mlocked:            5648 kB
SwapTotal:       4718584 kB
SwapFree:        4701944 kB
Dirty:                56 kB
Writeback:             0 kB
AnonPages:       2424104 kB
Mapped:           864244 kB
Shmem:             20584 kB
KReclaimable:     877860 kB
Slab:             292228 kB
SReclaimable:      73324 kB
SUnreclaim:       218904 kB
KernelStack:       45008 kB
ShadowCallStack:   11268 kB
PageTables:        65156 kB
NFS_Unstable:          0 kB
Bounce:                0 kB
WritebackTmp:          0 kB
CommitLimit:     8679780 kB
Committed_AS:   62578256 kB
VmallocTotal:   263061440 kB
VmallocUsed:      125236 kB
VmallocChunk:          0 kB
Percpu:             6264 kB
CmaTotal:         405504 kB
CmaFree:           17408 kB
MemTotal:        7922396 kB
MemFree:          367212 kB
MemAvailable:    2540036 kB
Buffers:           66092 kB
Cached:          1644328 kB
SwapCached:            4 kB
Active:          1136404 kB
Inactive:        2992184 kB
Active(anon):      33844 kB
Inactive(anon):  2409508 kB
Active(file):    1102560 kB
Inactive(file):   582676 kB
Unevictable:        6088 kB
Mlocked:            5648 kB
SwapTotal:       4718584 kB
SwapFree:        4701944 kB
Dirty:                60 kB
Writeback:             0 kB
AnonPages:       2424212 kB
Mapped:           864192 kB
Shmem:             20584 kB
KReclaimable:     877860 kB
Slab:             292256 kB
SReclaimable:      73324 kB
SUnreclaim:       218932 kB
KernelStack:       44976 kB
ShadowCallStack:   11268 kB
PageTables:        65096 kB
NFS_Unstable:          0 kB
Bounce:                0 kB
WritebackTmp:          0 kB
CommitLimit:     8679780 kB
Committed_AS:   62578260 kB
VmallocTotal:   263061440 kB
VmallocUsed:      125256 kB
VmallocChunk:          0 kB
Percpu:             6264 kB
CmaTotal:         405504 kB
CmaFree:           16656 kB
MemTotal:        7922396 kB
MemFree:          368092 kB
MemAvailable:    2540920 kB
Buffers:           66092 kB
Cached:          1644332 kB
SwapCached:            4 kB
Active:          1136400 kB
Inactive:        2992448 kB
Active(anon):      33840 kB
Inactive(anon):  2409768 kB
Active(file):    1102560 kB
Inactive(file):   582680 kB
Unevictable:        6088 kB
Mlocked:            5648 kB
SwapTotal:       4718584 kB
SwapFree:        4701944 kB
Dirty:                68 kB
Writeback:             0 kB
AnonPages:       2424448 kB
Mapped:           864244 kB
Shmem:             20584 kB
KReclaimable:     877860 kB
Slab:             292248 kB
SReclaimable:      73324 kB
SUnreclaim:       218924 kB
KernelStack:       44976 kB
ShadowCallStack:   11264 kB
PageTables:        64952 kB
NFS_Unstable:          0 kB
Bounce:                0 kB
WritebackTmp:          0 kB
CommitLimit:     8679780 kB
Committed_AS:   62578256 kB
VmallocTotal:   263061440 kB
VmallocUsed:      125256 kB
VmallocChunk:          0 kB
Percpu:             6264 kB
CmaTotal:         405504 kB
CmaFree:           16912 kB
MemTotal:        7922396 kB
MemFree:          366956 kB
MemAvailable:    2539808 kB
Buffers:           66108 kB
Cached:          1644336 kB
SwapCached:            4 kB
Active:          1136412 kB
Inactive:        2993056 kB
Active(anon):      33836 kB
Inactive(anon):  2410372 kB
Active(file):    1102576 kB
Inactive(file):   582684 kB
Unevictable:        6088 kB
Mlocked:            5648 kB
SwapTotal:       4718584 kB
SwapFree:        4701944 kB
Dirty:               172 kB
Writeback:             4 kB
AnonPages:       2424964 kB
Mapped:           864244 kB
Shmem:             20584 kB
KReclaimable:     877864 kB
Slab:             292248 kB
SReclaimable:      73328 kB
SUnreclaim:       218920 kB
KernelStack:       44864 kB
ShadowCallStack:   11272 kB
PageTables:        65072 kB
NFS_Unstable:          0 kB
Bounce:                0 kB
WritebackTmp:          0 kB
CommitLimit:     8679780 kB
Committed_AS:   62577996 kB
VmallocTotal:   263061440 kB
VmallocUsed:      125160 kB
VmallocChunk:          0 kB
Percpu:             6264 kB
CmaTotal:         405504 kB
CmaFree:           15748 kB
MemTotal:        7922396 kB
MemFree:          366956 kB
MemAvailable:    2539804 kB
Buffers:           66108 kB
Cached:          1644332 kB
SwapCached:            4 kB
Active:          1136392 kB
Inactive:        2992980 kB
Active(anon):      33816 kB
Inactive(anon):  2410300 kB
Active(file):    1102576 kB
Inactive(file):   582680 kB
Unevictable:        6088 kB
Mlocked:            5648 kB
SwapTotal:       4718584 kB
SwapFree:        4701944 kB
Dirty:               176 kB
Writeback:             0 kB
AnonPages:       2425068 kB
Mapped:           864336 kB
Shmem:             20584 kB
KReclaimable:     877864 kB
Slab:             292276 kB
SReclaimable:      73328 kB
SUnreclaim:       218948 kB
KernelStack:       44800 kB
ShadowCallStack:   11220 kB
PageTables:        65068 kB
NFS_Unstable:          0 kB
Bounce:                0 kB
WritebackTmp:          0 kB
CommitLimit:     8679780 kB
Committed_AS:   62577632 kB
VmallocTotal:   263061440 kB
VmallocUsed:      125024 kB
VmallocChunk:          0 kB
Percpu:             6264 kB
CmaTotal:         405504 kB
CmaFree:           16216 kB
MemTotal:        7922396 kB
MemFree:          364780 kB
MemAvailable:    2537644 kB
Buffers:           66124 kB
Cached:          1644332 kB
SwapCached:            4 kB
Active:          1136408 kB
Inactive:        2994856 kB
Active(anon):      33816 kB
Inactive(anon):  2412176 kB
Active(file):    1102592 kB
Inactive(file):   582680 kB
Unevictable:        6088 kB
Mlocked:            5648 kB
SwapTotal:       4718584 kB
SwapFree:        4701944 kB
Dirty:               204 kB
Writeback:             0 kB
AnonPages:       2426920 kB
Mapped:           864244 kB
Shmem:             20584 kB
KReclaimable:     877864 kB
Slab:             292256 kB
SReclaimable:      73328 kB
SUnreclaim:       218928 kB
KernelStack:       44768 kB
ShadowCallStack:   11216 kB
PageTables:        64912 kB
NFS_Unstable:          0 kB
Bounce:                0 kB
WritebackTmp:          0 kB
CommitLimit:     8679780 kB
Committed_AS:   62577580 kB
VmallocTotal:   263061440 kB
VmallocUsed:      124976 kB
VmallocChunk:          0 kB
Percpu:             6264 kB
CmaTotal:         405504 kB
CmaFree:           15096 kB
MemTotal:        7922396 kB
MemFree:          362420 kB
MemAvailable:    2535276 kB
Buffers:           66132 kB
Cached:          1644344 kB
SwapCached:            4 kB
Active:          1136428 kB
Inactive:        2996652 kB
Active(anon):      33820 kB
Inactive(anon):  2413980 kB
Active(file):    1102608 kB
Inactive(file):   582672 kB
Unevictable:        6088 kB
Mlocked:            5648 kB
SwapTotal:       4718584 kB
SwapFree:        4701944 kB
Dirty:               216 kB
Writeback:             0 kB
AnonPages:       2428660 kB
Mapped:           864256 kB
Shmem:             20596 kB
KReclaimable:     877848 kB
Slab:             292252 kB
SReclaimable:      73328 kB
SUnreclaim:       218924 kB
KernelStack:       44768 kB
ShadowCallStack:   11216 kB
PageTables:        64968 kB
NFS_Unstable:          0 kB
Bounce:                0 kB
WritebackTmp:          0 kB
CommitLimit:     8679780 kB
Committed_AS:   62582712 kB
VmallocTotal:   263061440 kB
VmallocUsed:      124984 kB
VmallocChunk:          0 kB
Percpu:             6264 kB
CmaTotal:         405504 kB
CmaFree:           12336 kB
MemTotal:        7922396 kB
MemFree:          362068 kB
MemAvailable:    2534924 kB
Buffers:           66132 kB
Cached:          1644344 kB
SwapCached:            4 kB
Active:          1136428 kB
Inactive:        2997208 kB
Active(anon):      33820 kB
Inactive(anon):  2414536 kB
Active(file):    1102608 kB
Inactive(file):   582672 kB
Unevictable:        6088 kB
Mlocked:            5648 kB
SwapTotal:       4718584 kB
SwapFree:        4701944 kB
Dirty:               216 kB
Writeback:             0 kB
AnonPages:       2429200 kB
Mapped:           864284 kB
Shmem:             20596 kB
KReclaimable:     877848 kB
Slab:             292248 kB
SReclaimable:      73328 kB
SUnreclaim:       218920 kB
KernelStack:       44768 kB
ShadowCallStack:   11208 kB
PageTables:        65000 kB
NFS_Unstable:          0 kB
Bounce:                0 kB
WritebackTmp:          0 kB
CommitLimit:     8679780 kB
Committed_AS:   62582816 kB
VmallocTotal:   263061440 kB
VmallocUsed:      125000 kB
VmallocChunk:          0 kB
Percpu:             6264 kB
CmaTotal:         405504 kB
CmaFree:           11888 kB
MemTotal:        7922396 kB
MemFree:          362096 kB
MemAvailable:    2534980 kB
Buffers:           66132 kB
Cached:          1644344 kB
SwapCached:            4 kB
Active:          1136420 kB
Inactive:        2998416 kB
Active(anon):      33812 kB
Inactive(anon):  2415744 kB
Active(file):    1102608 kB
Inactive(file):   582672 kB
Unevictable:        6088 kB
Mlocked:            5648 kB
SwapTotal:       4718584 kB
SwapFree:        4701944 kB
Dirty:               228 kB
Writeback:             0 kB
AnonPages:       2430468 kB
Mapped:           864232 kB
Shmem:             20596 kB
KReclaimable:     877876 kB
Slab:             292256 kB
SReclaimable:      73328 kB
SUnreclaim:       218928 kB
KernelStack:       44768 kB
ShadowCallStack:   11220 kB
PageTables:        65036 kB
NFS_Unstable:          0 kB
Bounce:                0 kB
WritebackTmp:          0 kB
CommitLimit:     8679780 kB
Committed_AS:   62582712 kB
VmallocTotal:   263061440 kB
VmallocUsed:      125000 kB
VmallocChunk:          0 kB
Percpu:             6264 kB
CmaTotal:         405504 kB
CmaFree:           11928 kB
MemTotal:        7922396 kB
MemFree:          328040 kB
MemAvailable:    2371868 kB
Buffers:           66140 kB
Cached:          1644368 kB
SwapCached:            4 kB
Active:          1136428 kB
Inactive:        3032112 kB
Active(anon):      33812 kB
Inactive(anon):  2449440 kB
Active(file):    1102616 kB
Inactive(file):   582672 kB
Unevictable:        6088 kB
Mlocked:            5648 kB
SwapTotal:       4718584 kB
SwapFree:        4701944 kB
Dirty:               312 kB
Writeback:             0 kB
AnonPages:       2464272 kB
Mapped:           864540 kB
Shmem:             20620 kB
KReclaimable:     748812 kB
Slab:             292264 kB
SReclaimable:      73328 kB
SUnreclaim:       218936 kB
KernelStack:       44752 kB
ShadowCallStack:   11208 kB
PageTables:        64984 kB
NFS_Unstable:          0 kB
Bounce:                0 kB
WritebackTmp:          0 kB
CommitLimit:     8679780 kB
Committed_AS:   62582840 kB
VmallocTotal:   263061440 kB
VmallocUsed:      124960 kB
VmallocChunk:          0 kB
Percpu:             6264 kB
CmaTotal:         405504 kB
CmaFree:               4 kB
MemTotal:        7922396 kB
MemFree:          272376 kB
MemAvailable:    2310884 kB
Buffers:           66140 kB
Cached:          1644488 kB
SwapCached:            4 kB
Active:          1136428 kB
Inactive:        3086456 kB
Active(anon):      33812 kB
Inactive(anon):  2503784 kB
Active(file):    1102616 kB
Inactive(file):   582672 kB
Unevictable:        6088 kB
Mlocked:            5648 kB
SwapTotal:       4718584 kB
SwapFree:        4701944 kB
Dirty:                52 kB
Writeback:             0 kB
AnonPages:       2518504 kB
Mapped:           864788 kB
Shmem:             20740 kB
KReclaimable:     743492 kB
Slab:             292232 kB
SReclaimable:      73328 kB
SUnreclaim:       218904 kB
KernelStack:       44784 kB
ShadowCallStack:   11224 kB
PageTables:        65096 kB
NFS_Unstable:          0 kB
Bounce:                0 kB
WritebackTmp:          0 kB
CommitLimit:     8679780 kB
Committed_AS:   62582780 kB
VmallocTotal:   263061440 kB
VmallocUsed:      124984 kB
VmallocChunk:          0 kB
Percpu:             6264 kB
CmaTotal:         405504 kB
CmaFree:               0 kB
MemTotal:        7922396 kB
MemFree:          361480 kB
MemAvailable:    2534248 kB
Buffers:           66148 kB
Cached:          1644488 kB
SwapCached:            4 kB
Active:          1136432 kB
Inactive:        2998956 kB
Active(anon):      33808 kB
Inactive(anon):  2416284 kB
Active(file):    1102624 kB
Inactive(file):   582672 kB
Unevictable:        6088 kB
Mlocked:            5648 kB
SwapTotal:       4718584 kB
SwapFree:        4701944 kB
Dirty:               164 kB
Writeback:             0 kB
AnonPages:       2431088 kB
Mapped:           864428 kB
Shmem:             20740 kB
KReclaimable:     877744 kB
Slab:             292220 kB
SReclaimable:      73328 kB
SUnreclaim:       218892 kB
KernelStack:       44688 kB
ShadowCallStack:   11200 kB
PageTables:        65004 kB
NFS_Unstable:          0 kB
Bounce:                0 kB
WritebackTmp:          0 kB
CommitLimit:     8679780 kB
Committed_AS:   62582400 kB
VmallocTotal:   263061440 kB
VmallocUsed:      124896 kB
VmallocChunk:          0 kB
Percpu:             6264 kB
CmaTotal:         405504 kB
CmaFree:           12140 kB
MemTotal:        7922396 kB
MemFree:          361540 kB
MemAvailable:    2534440 kB
Buffers:           66148 kB
Cached:          1644344 kB
SwapCached:            4 kB
Active:          1136432 kB
Inactive:        2999528 kB
Active(anon):      33808 kB
Inactive(anon):  2416856 kB
Active(file):    1102624 kB
Inactive(file):   582672 kB
Unevictable:        6088 kB
Mlocked:            5648 kB
SwapTotal:       4718584 kB
SwapFree:        4701944 kB
Dirty:               176 kB
Writeback:             0 kB
AnonPages:       2431564 kB
Mapped:           864232 kB
Shmem:             20596 kB
KReclaimable:     877876 kB
Slab:             292192 kB
SReclaimable:      73328 kB
SUnreclaim:       218864 kB
KernelStack:       44672 kB
ShadowCallStack:   11192 kB
PageTables:        64968 kB
NFS_Unstable:          0 kB
Bounce:                0 kB
WritebackTmp:          0 kB
CommitLimit:     8679780 kB
Committed_AS:   62582400 kB
VmallocTotal:   263061440 kB
VmallocUsed:      124876 kB
VmallocChunk:          0 kB
Percpu:             6264 kB
CmaTotal:         405504 kB
CmaFree:           12240 kB
MemTotal:        7922396 kB
MemFree:          361048 kB
MemAvailable:    2533948 kB
Buffers:           66148 kB
Cached:          1644344 kB
SwapCached:            4 kB
Active:          1136428 kB
Inactive:        2998632 kB
Active(anon):      33804 kB
Inactive(anon):  2415960 kB
Active(file):    1102624 kB
Inactive(file):   582672 kB
Unevictable:        6088 kB
Mlocked:            5648 kB
SwapTotal:       4718584 kB
SwapFree:        4701944 kB
Dirty:               176 kB
Writeback:             0 kB
AnonPages:       2430800 kB
Mapped:           864204 kB
Shmem:             20596 kB
KReclaimable:     877876 kB
Slab:             292204 kB
SReclaimable:      73328 kB
SUnreclaim:       218876 kB
KernelStack:       44688 kB
ShadowCallStack:   11192 kB
PageTables:        65016 kB
NFS_Unstable:          0 kB
Bounce:                0 kB
WritebackTmp:          0 kB
CommitLimit:     8679780 kB
Committed_AS:   62582400 kB
VmallocTotal:   263061440 kB
VmallocUsed:      124868 kB
VmallocChunk:          0 kB
Percpu:             6264 kB
CmaTotal:         405504 kB
CmaFree:           11740 kB
MemTotal:        7922396 kB
MemFree:          361136 kB
MemAvailable:    2534036 kB
Buffers:           66148 kB
Cached:          1644344 kB
SwapCached:            4 kB
Active:          1136428 kB
Inactive:        2998836 kB
Active(anon):      33804 kB
Inactive(anon):  2416164 kB
Active(file):    1102624 kB
Inactive(file):   582672 kB
Unevictable:        6088 kB
Mlocked:            5648 kB
SwapTotal:       4718584 kB
SwapFree:        4701944 kB
Dirty:               128 kB
Writeback:             0 kB
AnonPages:       2430948 kB
Mapped:           864256 kB
Shmem:             20596 kB
KReclaimable:     877876 kB
Slab:             292204 kB
SReclaimable:      73328 kB
SUnreclaim:       218876 kB
KernelStack:       44672 kB
ShadowCallStack:   11188 kB
PageTables:        64912 kB
NFS_Unstable:          0 kB
Bounce:                0 kB
WritebackTmp:          0 kB
CommitLimit:     8679780 kB
Committed_AS:   62582404 kB
VmallocTotal:   263061440 kB
VmallocUsed:      124840 kB
VmallocChunk:          0 kB
Percpu:             6264 kB
CmaTotal:         405504 kB
CmaFree:           11740 kB
MemTotal:        7922396 kB
MemFree:          360036 kB
MemAvailable:    2532936 kB
Buffers:           66164 kB
Cached:          1644328 kB
SwapCached:            4 kB
Active:          1136448 kB
Inactive:        2999784 kB
Active(anon):      33808 kB
Inactive(anon):  2417128 kB
Active(file):    1102640 kB
Inactive(file):   582656 kB
Unevictable:        6088 kB
Mlocked:            5648 kB
SwapTotal:       4718584 kB
SwapFree:        4701944 kB
Dirty:               152 kB
Writeback:             0 kB
AnonPages:       2431756 kB
Mapped:           864332 kB
Shmem:             20596 kB
KReclaimable:     877876 kB
Slab:             292192 kB
SReclaimable:      73328 kB
SUnreclaim:       218864 kB
KernelStack:       44656 kB
ShadowCallStack:   11176 kB
PageTables:        64900 kB
NFS_Unstable:          0 kB
Bounce:                0 kB
WritebackTmp:          0 kB
CommitLimit:     8679780 kB
Committed_AS:   62582400 kB
VmallocTotal:   263061440 kB
VmallocUsed:      124872 kB
VmallocChunk:          0 kB
Percpu:             6264 kB
CmaTotal:         405504 kB
CmaFree:           11316 kB
MemTotal:        7922396 kB
MemFree:          360472 kB
MemAvailable:    2533388 kB
Buffers:           66164 kB
Cached:          1644344 kB
SwapCached:            4 kB
Active:          1136448 kB
Inactive:        2999656 kB
Active(anon):      33808 kB
Inactive(anon):  2416984 kB
Active(file):    1102640 kB
Inactive(file):   582672 kB
Unevictable:        6088 kB
Mlocked:            5648 kB
SwapTotal:       4718584 kB
SwapFree:        4701944 kB
Dirty:               208 kB
Writeback:             0 kB
AnonPages:       2431804 kB
Mapped:           864248 kB
Shmem:             20596 kB
KReclaimable:     877876 kB
Slab:             292204 kB
SReclaimable:      73328 kB
SUnreclaim:       218876 kB
KernelStack:       44672 kB
ShadowCallStack:   11180 kB
PageTables:        64944 kB
NFS_Unstable:          0 kB
Bounce:                0 kB
WritebackTmp:          0 kB
CommitLimit:     8679780 kB
Committed_AS:   62582400 kB
VmallocTotal:   263061440 kB
VmallocUsed:      124872 kB
VmallocChunk:          0 kB
Percpu:             6264 kB
CmaTotal:         405504 kB
CmaFree:           11336 kB
MemTotal:        7922396 kB
MemFree:          360200 kB
MemAvailable:    2533116 kB
Buffers:           66164 kB
Cached:          1644344 kB
SwapCached:            4 kB
Active:          1136444 kB
Inactive:        2999952 kB
Active(anon):      33804 kB
Inactive(anon):  2417280 kB
Active(file):    1102640 kB
Inactive(file):   582672 kB
Unevictable:        6088 kB
Mlocked:            5648 kB
SwapTotal:       4718584 kB
SwapFree:        4701944 kB
Dirty:               208 kB
Writeback:             0 kB
AnonPages:       2432204 kB
Mapped:           864400 kB
Shmem:             20596 kB
KReclaimable:     877876 kB
Slab:             292164 kB
SReclaimable:      73328 kB
SUnreclaim:       218836 kB
KernelStack:       44704 kB
ShadowCallStack:   11188 kB
PageTables:        64992 kB
NFS_Unstable:          0 kB
Bounce:                0 kB
WritebackTmp:          0 kB
CommitLimit:     8679780 kB
Committed_AS:   62582400 kB
VmallocTotal:   263061440 kB
VmallocUsed:      124852 kB
VmallocChunk:          0 kB
Percpu:             6264 kB
CmaTotal:         405504 kB
CmaFree:           11816 kB
MemTotal:        7922396 kB
MemFree:          361796 kB
MemAvailable:    2534712 kB
Buffers:           66164 kB
Cached:          1644344 kB
SwapCached:            4 kB
Active:          1136448 kB
Inactive:        3000196 kB
Active(anon):      33808 kB
Inactive(anon):  2417524 kB
Active(file):    1102640 kB
Inactive(file):   582672 kB
Unevictable:        6088 kB
Mlocked:            5648 kB
SwapTotal:       4718584 kB
SwapFree:        4701944 kB
Dirty:               212 kB
Writeback:             4 kB
AnonPages:       2432296 kB
Mapped:           864372 kB
Shmem:             20596 kB
KReclaimable:     877876 kB
Slab:             292164 kB
SReclaimable:      73328 kB
SUnreclaim:       218836 kB
KernelStack:       44656 kB
ShadowCallStack:   11176 kB
PageTables:        64744 kB
NFS_Unstable:          0 kB
Bounce:                0 kB
WritebackTmp:          0 kB
CommitLimit:     8679780 kB
Committed_AS:   62582400 kB
VmallocTotal:   263061440 kB
VmallocUsed:      124872 kB
VmallocChunk:          0 kB
Percpu:             6264 kB
CmaTotal:         405504 kB
CmaFree:           12820 kB
MemTotal:        7922396 kB
MemFree:          360724 kB
MemAvailable:    2533644 kB
Buffers:           66164 kB
Cached:          1644348 kB
SwapCached:            4 kB
Active:          1136444 kB
Inactive:        3000424 kB
Active(anon):      33804 kB
Inactive(anon):  2417748 kB
Active(file):    1102640 kB
Inactive(file):   582676 kB
Unevictable:        6088 kB
Mlocked:            5648 kB
SwapTotal:       4718584 kB
SwapFree:        4701944 kB
Dirty:               224 kB
Writeback:             0 kB
AnonPages:       2432420 kB
Mapped:           864232 kB
Shmem:             20596 kB
KReclaimable:     877876 kB
Slab:             292164 kB
SReclaimable:      73328 kB
SUnreclaim:       218836 kB
KernelStack:       44656 kB
ShadowCallStack:   11188 kB
PageTables:        65104 kB
NFS_Unstable:          0 kB
Bounce:                0 kB
WritebackTmp:          0 kB
CommitLimit:     8679780 kB
Committed_AS:   62582352 kB
VmallocTotal:   263061440 kB
VmallocUsed:      124852 kB
VmallocChunk:          0 kB
Percpu:             6264 kB
CmaTotal:         405504 kB
CmaFree:           12572 kB
MemTotal:        7922396 kB
MemFree:          361536 kB
MemAvailable:    2534456 kB
Buffers:           66164 kB
Cached:          1644348 kB
SwapCached:            4 kB
Active:          1136440 kB
Inactive:        3000828 kB
Active(anon):      33800 kB
Inactive(anon):  2418152 kB
Active(file):    1102640 kB
Inactive(file):   582676 kB
Unevictable:        6088 kB
Mlocked:            5648 kB
SwapTotal:       4718584 kB
SwapFree:        4701944 kB
Dirty:               228 kB
Writeback:             0 kB
AnonPages:       2432804 kB
Mapped:           864332 kB
Shmem:             20596 kB
KReclaimable:     877876 kB
Slab:             292164 kB
SReclaimable:      73328 kB
SUnreclaim:       218836 kB
KernelStack:       44640 kB
ShadowCallStack:   11168 kB
PageTables:        65120 kB
NFS_Unstable:          0 kB
Bounce:                0 kB
WritebackTmp:          0 kB
CommitLimit:     8679780 kB
Committed_AS:   62582248 kB
VmallocTotal:   263061440 kB
VmallocUsed:      124808 kB
VmallocChunk:          0 kB
Percpu:             6264 kB
CmaTotal:         405504 kB
CmaFree:           12156 kB
MemTotal:        7922396 kB
MemFree:          359968 kB
MemAvailable:    2532896 kB
Buffers:           66172 kB
Cached:          1644348 kB
SwapCached:            4 kB
Active:          1136452 kB
Inactive:        3000960 kB
Active(anon):      33804 kB
Inactive(anon):  2418284 kB
Active(file):    1102648 kB
Inactive(file):   582676 kB
Unevictable:        6088 kB
Mlocked:            5648 kB
SwapTotal:       4718584 kB
SwapFree:        4701944 kB
Dirty:               232 kB
Writeback:             0 kB
AnonPages:       2433156 kB
Mapped:           864232 kB
Shmem:             20596 kB
KReclaimable:     877876 kB
Slab:             292160 kB
SReclaimable:      73328 kB
SUnreclaim:       218832 kB
KernelStack:       44624 kB
ShadowCallStack:   11180 kB
PageTables:        64920 kB
NFS_Unstable:          0 kB
Bounce:                0 kB
WritebackTmp:          0 kB
CommitLimit:     8679780 kB
Committed_AS:   62582244 kB
VmallocTotal:   263061440 kB
VmallocUsed:      124796 kB
VmallocChunk:          0 kB
Percpu:             6264 kB
CmaTotal:         405504 kB
CmaFree:           11972 kB
MemTotal:        7922396 kB
MemFree:          359688 kB
MemAvailable:    2532616 kB
Buffers:           66172 kB
Cached:          1644348 kB
SwapCached:            4 kB
Active:          1136452 kB
Inactive:        3001228 kB
Active(anon):      33804 kB
Inactive(anon):  2418552 kB
Active(file):    1102648 kB
Inactive(file):   582676 kB
Unevictable:        6088 kB
Mlocked:            5648 kB
SwapTotal:       4718584 kB
SwapFree:        4701944 kB
Dirty:               236 kB
Writeback:             0 kB
AnonPages:       2433148 kB
Mapped:           864232 kB
Shmem:             20596 kB
KReclaimable:     877876 kB
Slab:             292156 kB
SReclaimable:      73328 kB
SUnreclaim:       218828 kB
KernelStack:       44624 kB
ShadowCallStack:   11188 kB
PageTables:        64952 kB
NFS_Unstable:          0 kB
Bounce:                0 kB
WritebackTmp:          0 kB
CommitLimit:     8679780 kB
Committed_AS:   62582244 kB
VmallocTotal:   263061440 kB
VmallocUsed:      124812 kB
VmallocChunk:          0 kB
Percpu:             6264 kB
CmaTotal:         405504 kB
CmaFree:           11668 kB
MemTotal:        7922396 kB
MemFree:          359424 kB
MemAvailable:    2532352 kB
Buffers:           66172 kB
Cached:          1644348 kB
SwapCached:            4 kB
Active:          1136452 kB
Inactive:        3001052 kB
Active(anon):      33804 kB
Inactive(anon):  2418376 kB
Active(file):    1102648 kB
Inactive(file):   582676 kB
Unevictable:        6088 kB
Mlocked:            5648 kB
SwapTotal:       4718584 kB
SwapFree:        4701944 kB
Dirty:               236 kB
Writeback:             0 kB
AnonPages:       2433084 kB
Mapped:           864232 kB
Shmem:             20596 kB
KReclaimable:     877876 kB
Slab:             292156 kB
SReclaimable:      73328 kB
SUnreclaim:       218828 kB
KernelStack:       44544 kB
ShadowCallStack:   11168 kB
PageTables:        64904 kB
NFS_Unstable:          0 kB
Bounce:                0 kB
WritebackTmp:          0 kB
CommitLimit:     8679780 kB
Committed_AS:   62582036 kB
VmallocTotal:   263061440 kB
VmallocUsed:      124732 kB
VmallocChunk:          0 kB
Percpu:             6264 kB
CmaTotal:         405504 kB
CmaFree:           11124 kB
MemTotal:        7922396 kB
MemFree:          360964 kB
MemAvailable:    2533900 kB
Buffers:           66180 kB
Cached:          1644348 kB
SwapCached:            4 kB
Active:          1136468 kB
Inactive:        3001148 kB
Active(anon):      33812 kB
Inactive(anon):  2418472 kB
Active(file):    1102656 kB
Inactive(file):   582676 kB
Unevictable:        6088 kB
Mlocked:            5648 kB
SwapTotal:       4718584 kB
SwapFree:        4701944 kB
Dirty:               292 kB
Writeback:             0 kB
AnonPages:       2433068 kB
Mapped:           864280 kB
Shmem:             20596 kB
KReclaimable:     877876 kB
Slab:             292156 kB
SReclaimable:      73328 kB
SUnreclaim:       218828 kB
KernelStack:       44496 kB
ShadowCallStack:   11140 kB
PageTables:        65224 kB
NFS_Unstable:          0 kB
Bounce:                0 kB
WritebackTmp:          0 kB
CommitLimit:     8679780 kB
Committed_AS:   62581724 kB
VmallocTotal:   263061440 kB
VmallocUsed:      124596 kB
VmallocChunk:          0 kB
Percpu:             6264 kB
CmaTotal:         405504 kB
CmaFree:           12172 kB
MemTotal:        7922396 kB
MemFree:          359020 kB
MemAvailable:    2531940 kB
Buffers:           66180 kB
Cached:          1644348 kB
SwapCached:            4 kB
Active:          1136472 kB
Inactive:        3001640 kB
Active(anon):      33808 kB
Inactive(anon):  2418972 kB
Active(file):    1102664 kB
Inactive(file):   582668 kB
Unevictable:        6088 kB
Mlocked:            5648 kB
SwapTotal:       4718584 kB
SwapFree:        4701944 kB
Dirty:               296 kB
Writeback:             0 kB
AnonPages:       2433700 kB
Mapped:           864332 kB
Shmem:             20596 kB
KReclaimable:     877860 kB
Slab:             292156 kB
SReclaimable:      73328 kB
SUnreclaim:       218828 kB
KernelStack:       44464 kB
ShadowCallStack:   11140 kB
PageTables:        65040 kB
NFS_Unstable:          0 kB
Bounce:                0 kB
WritebackTmp:          0 kB
CommitLimit:     8679780 kB
Committed_AS:   62581724 kB
VmallocTotal:   263061440 kB
VmallocUsed:      124608 kB
VmallocChunk:          0 kB
Percpu:             6264 kB
CmaTotal:         405504 kB
CmaFree:           11028 kB
MemTotal:        7922396 kB
MemFree:          364804 kB
MemAvailable:    2537740 kB
Buffers:           66196 kB
Cached:          1644352 kB
SwapCached:            4 kB
Active:          1136488 kB
Inactive:        2997240 kB
Active(anon):      33808 kB
Inactive(anon):  2414572 kB
Active(file):    1102680 kB
Inactive(file):   582668 kB
Unevictable:        6088 kB
Mlocked:            5648 kB
SwapTotal:       4718584 kB
SwapFree:        4701944 kB
Dirty:               304 kB
Writeback:             0 kB
AnonPages:       2429368 kB
Mapped:           864336 kB
Shmem:             20600 kB
KReclaimable:     877860 kB
Slab:             292156 kB
SReclaimable:      73328 kB
SUnreclaim:       218828 kB
KernelStack:       44496 kB
ShadowCallStack:   11144 kB
PageTables:        65004 kB
NFS_Unstable:          0 kB
Bounce:                0 kB
WritebackTmp:          0 kB
CommitLimit:     8679780 kB
Committed_AS:   62581780 kB
VmallocTotal:   263061440 kB
VmallocUsed:      124624 kB
VmallocChunk:          0 kB
Percpu:             6264 kB
CmaTotal:         405504 kB
CmaFree:           12108 kB
MemTotal:        7922396 kB
MemFree:          363804 kB
MemAvailable:    2536740 kB
Buffers:           66196 kB
Cached:          1644352 kB
SwapCached:            4 kB
Active:          1136480 kB
Inactive:        2997460 kB
Active(anon):      33800 kB
Inactive(anon):  2414792 kB
Active(file):    1102680 kB
Inactive(file):   582668 kB
Unevictable:        6088 kB
Mlocked:            5648 kB
SwapTotal:       4718584 kB
SwapFree:        4701944 kB
Dirty:               304 kB
Writeback:             0 kB
AnonPages:       2429368 kB
Mapped:           864336 kB
Shmem:             20600 kB
KReclaimable:     877860 kB
Slab:             292152 kB
SReclaimable:      73328 kB
SUnreclaim:       218824 kB
KernelStack:       44464 kB
ShadowCallStack:   11136 kB
PageTables:        64908 kB
NFS_Unstable:          0 kB
Bounce:                0 kB
WritebackTmp:          0 kB
CommitLimit:     8679780 kB
Committed_AS:   62581780 kB
VmallocTotal:   263061440 kB
VmallocUsed:      124616 kB
VmallocChunk:          0 kB
Percpu:             6264 kB
CmaTotal:         405504 kB
CmaFree:           12120 kB
MemTotal:        7922396 kB
MemFree:          365092 kB
MemAvailable:    2538028 kB
Buffers:           66196 kB
Cached:          1644352 kB
SwapCached:            4 kB
Active:          1136488 kB
Inactive:        2997040 kB
Active(anon):      33808 kB
Inactive(anon):  2414372 kB
Active(file):    1102680 kB
Inactive(file):   582668 kB
Unevictable:        6088 kB
Mlocked:            5648 kB
SwapTotal:       4718584 kB
SwapFree:        4701944 kB
Dirty:               308 kB
Writeback:             0 kB
AnonPages:       2429064 kB
Mapped:           864452 kB
Shmem:             20600 kB
KReclaimable:     877860 kB
Slab:             292148 kB
SReclaimable:      73328 kB
SUnreclaim:       218820 kB
KernelStack:       44320 kB
ShadowCallStack:   11112 kB
PageTables:        64976 kB
NFS_Unstable:          0 kB
Bounce:                0 kB
WritebackTmp:          0 kB
CommitLimit:     8679780 kB
Committed_AS:   62581260 kB
VmallocTotal:   263061440 kB
VmallocUsed:      124484 kB
VmallocChunk:          0 kB
Percpu:             6264 kB
CmaTotal:         405504 kB
CmaFree:           12312 kB
MemTotal:        7922396 kB
MemFree:          377576 kB
MemAvailable:    2550512 kB
Buffers:           66196 kB
Cached:          1644352 kB
SwapCached:            4 kB
Active:          1136488 kB
Inactive:        2983664 kB
Active(anon):      33808 kB
Inactive(anon):  2400996 kB
Active(file):    1102680 kB
Inactive(file):   582668 kB
Unevictable:        6088 kB
Mlocked:            5648 kB
SwapTotal:       4718584 kB
SwapFree:        4701944 kB
Dirty:               312 kB
Writeback:             0 kB
AnonPages:       2415992 kB
Mapped:           859940 kB
Shmem:             20600 kB
KReclaimable:     877860 kB
Slab:             292152 kB
SReclaimable:      73328 kB
SUnreclaim:       218824 kB
KernelStack:       44352 kB
ShadowCallStack:   11112 kB
PageTables:        64940 kB
NFS_Unstable:          0 kB
Bounce:                0 kB
WritebackTmp:          0 kB
CommitLimit:     8679780 kB
Committed_AS:   62581156 kB
VmallocTotal:   263061440 kB
VmallocUsed:      124404 kB
VmallocChunk:          0 kB
Percpu:             6264 kB
CmaTotal:         405504 kB
CmaFree:           13052 kB
MemTotal:        7922396 kB
MemFree:          378576 kB
MemAvailable:    2551512 kB
Buffers:           66196 kB
Cached:          1644352 kB
SwapCached:            4 kB
Active:          1136496 kB
Inactive:        2983960 kB
Active(anon):      33808 kB
Inactive(anon):  2401300 kB
Active(file):    1102688 kB
Inactive(file):   582660 kB
Unevictable:        6088 kB
Mlocked:            5648 kB
SwapTotal:       4718584 kB
SwapFree:        4701944 kB
Dirty:               316 kB
Writeback:             0 kB
AnonPages:       2416020 kB
Mapped:           859756 kB
Shmem:             20600 kB
KReclaimable:     877860 kB
Slab:             292152 kB
SReclaimable:      73328 kB
SUnreclaim:       218824 kB
KernelStack:       44256 kB
ShadowCallStack:   11088 kB
PageTables:        64888 kB
NFS_Unstable:          0 kB
Bounce:                0 kB
WritebackTmp:          0 kB
CommitLimit:     8679780 kB
Committed_AS:   62581156 kB
VmallocTotal:   263061440 kB
VmallocUsed:      124372 kB
VmallocChunk:          0 kB
Percpu:             6264 kB
CmaTotal:         405504 kB
CmaFree:           13080 kB
MemTotal:        7922396 kB
MemFree:          289104 kB
MemAvailable:    2327664 kB
Buffers:           66204 kB
Cached:          1644492 kB
SwapCached:            4 kB
Active:          1136508 kB
Inactive:        3074424 kB
Active(anon):      33812 kB
Inactive(anon):  2491764 kB
Active(file):    1102696 kB
Inactive(file):   582660 kB
Unevictable:        6088 kB
Mlocked:            5648 kB
SwapTotal:       4718584 kB
SwapFree:        4701944 kB
Dirty:               324 kB
Writeback:             0 kB
AnonPages:       2506376 kB
Mapped:           860376 kB
Shmem:             20740 kB
KReclaimable:     743476 kB
Slab:             292156 kB
SReclaimable:      73328 kB
SUnreclaim:       218828 kB
KernelStack:       44416 kB
ShadowCallStack:   11112 kB
PageTables:        65060 kB
NFS_Unstable:          0 kB
Bounce:                0 kB
WritebackTmp:          0 kB
CommitLimit:     8679780 kB
Committed_AS:   62581644 kB
VmallocTotal:   263061440 kB
VmallocUsed:      124492 kB
VmallocChunk:          0 kB
Percpu:             6264 kB
CmaTotal:         405504 kB
CmaFree:               0 kB
MemTotal:        7922396 kB
MemFree:          376324 kB
MemAvailable:    2549120 kB
Buffers:           66204 kB
Cached:          1644352 kB
SwapCached:            4 kB
Active:          1136504 kB
Inactive:        2987012 kB
Active(anon):      33808 kB
Inactive(anon):  2404352 kB
Active(file):    1102696 kB
Inactive(file):   582660 kB
Unevictable:        6088 kB
Mlocked:            5648 kB
SwapTotal:       4718584 kB
SwapFree:        4701944 kB
Dirty:               324 kB
Writeback:             0 kB
AnonPages:       2419000 kB
