MemTotal:       12113140 kB
MemFree:         1579712 kB
MemAvailable:    8181148 kB
Buffers:            2992 kB
Cached:          6492748 kB
SwapCached:            0 kB
Active:          6041500 kB
Inactive:        1984732 kB
Active(anon):    1242156 kB
Inactive(anon):   333332 kB
Active(file):    4799344 kB
Inactive(file):  1651400 kB
Unevictable:        5576 kB
Mlocked:            5576 kB
SwapTotal:       3145724 kB
SwapFree:        3140112 kB
Dirty:              4316 kB
Writeback:             0 kB
AnonPages:       1536056 kB
Mapped:           549412 kB
Shmem:             40460 kB
KReclaimable:    1035780 kB
Slab:             242592 kB
SReclaimable:      94308 kB
SUnreclaim:       148284 kB
KernelStack:       53776 kB
PageTables:        66724 kB
NFS_Unstable:          0 kB
Bounce:                0 kB
WritebackTmp:          0 kB
CommitLimit:     9202292 kB
Committed_AS:   72916072 kB
VmallocTotal:   263061440 kB
VmallocUsed:      110748 kB
VmallocChunk:          0 kB
Percpu:             7616 kB
CmaTotal:         294912 kB
CmaFree:               0 kB
MemTotal:       12113140 kB
MemFree:         1545844 kB
MemAvailable:    8093608 kB
Buffers:            2992 kB
Cached:          6491880 kB
SwapCached:            0 kB
Active:          6068200 kB
Inactive:        1984856 kB
Active(anon):    1269908 kB
Inactive(anon):   333404 kB
Active(file):    4798292 kB
Inactive(file):  1651452 kB
Unevictable:        5576 kB
Mlocked:            5576 kB
SwapTotal:       3145724 kB
SwapFree:        3140112 kB
Dirty:              3296 kB
Writeback:             0 kB
AnonPages:       1564104 kB
Mapped:           569820 kB
Shmem:             40592 kB
KReclaimable:     983108 kB
Slab:             243064 kB
SReclaimable:      94356 kB
SUnreclaim:       148708 kB
KernelStack:       54100 kB
PageTables:        67336 kB
NFS_Unstable:          0 kB
Bounce:                0 kB
WritebackTmp:          0 kB
CommitLimit:     9202292 kB
Committed_AS:   72993364 kB
VmallocTotal:   263061440 kB
VmallocUsed:      111100 kB
VmallocChunk:          0 kB
Percpu:             7616 kB
CmaTotal:         294912 kB
CmaFree:               0 kB
MemTotal:       12113140 kB
MemFree:         1288268 kB
MemAvailable:    7889724 kB
Buffers:            2992 kB
Cached:          6484312 kB
SwapCached:            0 kB
Active:          6334820 kB
Inactive:        1977484 kB
Active(anon):    1536520 kB
Inactive(anon):   326032 kB
Active(file):    4798300 kB
Inactive(file):  1651452 kB
Unevictable:        5576 kB
Mlocked:            5576 kB
SwapTotal:       3145724 kB
SwapFree:        3140112 kB
Dirty:              3452 kB
Writeback:             0 kB
AnonPages:       1830744 kB
Mapped:           568012 kB
Shmem:             33016 kB
KReclaimable:    1036792 kB
Slab:             242736 kB
SReclaimable:      94388 kB
SUnreclaim:       148348 kB
KernelStack:       54288 kB
PageTables:        67760 kB
NFS_Unstable:          0 kB
Bounce:                0 kB
WritebackTmp:          0 kB
CommitLimit:     9202292 kB
Committed_AS:   73287728 kB
VmallocTotal:   263061440 kB
VmallocUsed:      111244 kB
VmallocChunk:          0 kB
Percpu:             7616 kB
CmaTotal:         294912 kB
CmaFree:               0 kB
MemTotal:       12113140 kB
MemFree:         1057584 kB
MemAvailable:    7413104 kB
Buffers:            2992 kB
Cached:          6485424 kB
SwapCached:            0 kB
Active:          6561296 kB
Inactive:        1978588 kB
Active(anon):    1762992 kB
Inactive(anon):   327140 kB
Active(file):    4798304 kB
Inactive(file):  1651448 kB
Unevictable:        5576 kB
Mlocked:            5576 kB
SwapTotal:       3145724 kB
SwapFree:        3140112 kB
Dirty:              3480 kB
Writeback:             0 kB
AnonPages:       2057128 kB
Mapped:           627088 kB
Shmem:             34124 kB
KReclaimable:     790856 kB
Slab:             243040 kB
SReclaimable:      94372 kB
SUnreclaim:       148668 kB
KernelStack:       54276 kB
PageTables:        68668 kB
NFS_Unstable:          0 kB
Bounce:                0 kB
WritebackTmp:          0 kB
CommitLimit:     9202292 kB
Committed_AS:   73588272 kB
VmallocTotal:   263061440 kB
VmallocUsed:      111292 kB
VmallocChunk:          0 kB
Percpu:             7616 kB
CmaTotal:         294912 kB
CmaFree:               0 kB
MemTotal:       12113140 kB
MemFree:          934716 kB
MemAvailable:    6948928 kB
Buffers:            2992 kB
Cached:          6485440 kB
SwapCached:            0 kB
Active:          6683916 kB
Inactive:        1978592 kB
Active(anon):    1885596 kB
Inactive(anon):   327140 kB
Active(file):    4798320 kB
Inactive(file):  1651452 kB
Unevictable:        5576 kB
Mlocked:            5576 kB
SwapTotal:       3145724 kB
SwapFree:        3140112 kB
Dirty:              3476 kB
Writeback:             0 kB
AnonPages:       2179664 kB
Mapped:           758376 kB
Shmem:             34124 kB
KReclaimable:     400440 kB
Slab:             244704 kB
SReclaimable:      94388 kB
SUnreclaim:       150316 kB
KernelStack:       54228 kB
PageTables:        69296 kB
NFS_Unstable:          0 kB
Bounce:                0 kB
WritebackTmp:          0 kB
CommitLimit:     9202292 kB
Committed_AS:   73770336 kB
VmallocTotal:   263061440 kB
VmallocUsed:      111260 kB
VmallocChunk:          0 kB
Percpu:             7616 kB
CmaTotal:         294912 kB
CmaFree:               0 kB
MemTotal:       12113140 kB
MemFree:          865864 kB
MemAvailable:    6880084 kB
Buffers:            2992 kB
Cached:          6485440 kB
SwapCached:            0 kB
Active:          6753916 kB
Inactive:        1978592 kB
Active(anon):    1955596 kB
Inactive(anon):   327140 kB
Active(file):    4798320 kB
Inactive(file):  1651452 kB
Unevictable:        5576 kB
Mlocked:            5576 kB
SwapTotal:       3145724 kB
SwapFree:        3140112 kB
Dirty:              3476 kB
Writeback:             0 kB
AnonPages:       2249876 kB
Mapped:           758444 kB
Shmem:             34124 kB
KReclaimable:     400456 kB
Slab:             244824 kB
SReclaimable:      94404 kB
SUnreclaim:       150420 kB
KernelStack:       54160 kB
PageTables:        69488 kB
NFS_Unstable:          0 kB
Bounce:                0 kB
WritebackTmp:          0 kB
CommitLimit:     9202292 kB
Committed_AS:   73999352 kB
VmallocTotal:   263061440 kB
VmallocUsed:      111196 kB
VmallocChunk:          0 kB
Percpu:             7616 kB
CmaTotal:         294912 kB
CmaFree:               0 kB
MemTotal:       12113140 kB
MemFree:          840348 kB
MemAvailable:    6854708 kB
Buffers:            2992 kB
Cached:          6485428 kB
SwapCached:            0 kB
Active:          6779892 kB
Inactive:        1978572 kB
Active(anon):    1981564 kB
Inactive(anon):   327120 kB
Active(file):    4798328 kB
Inactive(file):  1651452 kB
Unevictable:        5576 kB
Mlocked:            5576 kB
SwapTotal:       3145724 kB
SwapFree:        3140112 kB
Dirty:              3472 kB
Writeback:             0 kB
AnonPages:       2275716 kB
Mapped:           775228 kB
Shmem:             34104 kB
KReclaimable:     400716 kB
Slab:             244832 kB
SReclaimable:      94420 kB
SUnreclaim:       150412 kB
KernelStack:       54240 kB
PageTables:        70064 kB
NFS_Unstable:          0 kB
Bounce:                0 kB
WritebackTmp:          0 kB
CommitLimit:     9202292 kB
Committed_AS:   74096536 kB
VmallocTotal:   263061440 kB
VmallocUsed:      111324 kB
VmallocChunk:          0 kB
Percpu:             7616 kB
CmaTotal:         294912 kB
CmaFree:               0 kB
MemTotal:       12113140 kB
MemFree:          687492 kB
MemAvailable:    6701784 kB
Buffers:            2992 kB
Cached:          6485484 kB
SwapCached:            0 kB
Active:          6932192 kB
Inactive:        1978620 kB
Active(anon):    2133860 kB
Inactive(anon):   327168 kB
Active(file):    4798332 kB
Inactive(file):  1651452 kB
Unevictable:        5576 kB
Mlocked:            5576 kB
SwapTotal:       3145724 kB
SwapFree:        3140112 kB
Dirty:              3652 kB
Writeback:             0 kB
AnonPages:       2428172 kB
Mapped:           778468 kB
Shmem:             34152 kB
KReclaimable:     400576 kB
Slab:             244956 kB
SReclaimable:      94420 kB
SUnreclaim:       150536 kB
KernelStack:       54688 kB
PageTables:        70240 kB
NFS_Unstable:          0 kB
Bounce:                0 kB
WritebackTmp:          0 kB
CommitLimit:     9202292 kB
Committed_AS:   74240444 kB
VmallocTotal:   263061440 kB
VmallocUsed:      111660 kB
VmallocChunk:          0 kB
Percpu:             7616 kB
CmaTotal:         294912 kB
CmaFree:               0 kB
MemTotal:       12113140 kB
MemFree:          508036 kB
MemAvailable:    6522328 kB
Buffers:            2992 kB
Cached:          6485480 kB
SwapCached:            0 kB
Active:          7111060 kB
Inactive:        1978620 kB
Active(anon):    2312728 kB
Inactive(anon):   327168 kB
Active(file):    4798332 kB
Inactive(file):  1651452 kB
Unevictable:        5576 kB
Mlocked:            5576 kB
SwapTotal:       3145724 kB
SwapFree:        3140112 kB
Dirty:              3664 kB
Writeback:             0 kB
AnonPages:       2606856 kB
Mapped:           778484 kB
Shmem:             34152 kB
KReclaimable:     400576 kB
Slab:             244972 kB
SReclaimable:      94420 kB
SUnreclaim:       150552 kB
KernelStack:       54704 kB
PageTables:        70464 kB
NFS_Unstable:          0 kB
Bounce:                0 kB
WritebackTmp:          0 kB
CommitLimit:     9202292 kB
Committed_AS:   74389468 kB
VmallocTotal:   263061440 kB
VmallocUsed:      111708 kB
VmallocChunk:          0 kB
Percpu:             7616 kB
CmaTotal:         294912 kB
CmaFree:               0 kB
MemTotal:       12113140 kB
MemFree:          438664 kB
MemAvailable:    6448616 kB
Buffers:            2992 kB
Cached:          6485488 kB
SwapCached:            0 kB
Active:          7180176 kB
Inactive:        1978552 kB
Active(anon):    2381768 kB
Inactive(anon):   327176 kB
Active(file):    4798408 kB
Inactive(file):  1651376 kB
Unevictable:        5576 kB
Mlocked:            5576 kB
SwapTotal:       3145724 kB
SwapFree:        3140112 kB
Dirty:               856 kB
Writeback:             0 kB
AnonPages:       2675836 kB
Mapped:           784800 kB
Shmem:             34160 kB
KReclaimable:     391892 kB
Slab:             245032 kB
SReclaimable:      94452 kB
SUnreclaim:       150580 kB
KernelStack:       54768 kB
PageTables:        71048 kB
NFS_Unstable:          0 kB
Bounce:                0 kB
WritebackTmp:          0 kB
CommitLimit:     9202292 kB
Committed_AS:   74437320 kB
VmallocTotal:   263061440 kB
VmallocUsed:      111740 kB
VmallocChunk:          0 kB
Percpu:             7616 kB
CmaTotal:         294912 kB
CmaFree:               0 kB
MemTotal:       12113140 kB
MemFree:          436380 kB
MemAvailable:    6446328 kB
Buffers:            2992 kB
Cached:          6485492 kB
SwapCached:            0 kB
Active:          7181836 kB
Inactive:        1978556 kB
Active(anon):    2383428 kB
Inactive(anon):   327180 kB
Active(file):    4798408 kB
Inactive(file):  1651376 kB
Unevictable:        5576 kB
Mlocked:            5576 kB
SwapTotal:       3145724 kB
SwapFree:        3140112 kB
Dirty:               892 kB
Writeback:             0 kB
AnonPages:       2677216 kB
Mapped:           784976 kB
Shmem:             34164 kB
KReclaimable:     391884 kB
Slab:             244812 kB
SReclaimable:      94468 kB
SUnreclaim:       150344 kB
KernelStack:       54736 kB
PageTables:        70856 kB
NFS_Unstable:          0 kB
Bounce:                0 kB
WritebackTmp:          0 kB
CommitLimit:     9202292 kB
Committed_AS:   74435648 kB
VmallocTotal:   263061440 kB
VmallocUsed:      111756 kB
VmallocChunk:          0 kB
Percpu:             7616 kB
CmaTotal:         294912 kB
CmaFree:               0 kB
MemTotal:       12113140 kB
MemFree:          452224 kB
MemAvailable:    6462216 kB
Buffers:            2992 kB
Cached:          6485628 kB
SwapCached:            0 kB
Active:          7165984 kB
Inactive:        1978684 kB
Active(anon):    2367568 kB
Inactive(anon):   327188 kB
Active(file):    4798416 kB
Inactive(file):  1651496 kB
Unevictable:        5576 kB
Mlocked:            5576 kB
SwapTotal:       3145724 kB
SwapFree:        3140112 kB
Dirty:              1020 kB
Writeback:             0 kB
AnonPages:       2661432 kB
Mapped:           772388 kB
Shmem:             34172 kB
KReclaimable:     391716 kB
Slab:             245084 kB
SReclaimable:      94468 kB
SUnreclaim:       150616 kB
KernelStack:       54836 kB
PageTables:        70840 kB
NFS_Unstable:          0 kB
Bounce:                0 kB
WritebackTmp:          0 kB
CommitLimit:     9202292 kB
Committed_AS:   74435948 kB
VmallocTotal:   263061440 kB
VmallocUsed:      111788 kB
VmallocChunk:          0 kB
Percpu:             7616 kB
CmaTotal:         294912 kB
CmaFree:               0 kB
MemTotal:       12113140 kB
MemFree:          407564 kB
MemAvailable:    6417240 kB
Buffers:            2992 kB
Cached:          6485688 kB
SwapCached:            0 kB
Active:          7213432 kB
Inactive:        1975628 kB
Active(anon):    2411900 kB
Inactive(anon):   327248 kB
Active(file):    4801532 kB
Inactive(file):  1648380 kB
Unevictable:        5576 kB
Mlocked:            5576 kB
SwapTotal:       3145724 kB
SwapFree:        3140112 kB
Dirty:              1092 kB
Writeback:             0 kB
AnonPages:       2705948 kB
Mapped:           773860 kB
Shmem:             34232 kB
KReclaimable:     391084 kB
Slab:             245116 kB
SReclaimable:      94468 kB
SUnreclaim:       150648 kB
KernelStack:       54704 kB
PageTables:        70720 kB
NFS_Unstable:          0 kB
Bounce:                0 kB
WritebackTmp:          0 kB
CommitLimit:     9202292 kB
Committed_AS:   74489868 kB
VmallocTotal:   263061440 kB
VmallocUsed:      111772 kB
VmallocChunk:          0 kB
Percpu:             7616 kB
CmaTotal:         294912 kB
CmaFree:               8 kB
MemTotal:       12113140 kB
MemFree:          402784 kB
MemAvailable:    6412452 kB
Buffers:            2992 kB
Cached:          6485628 kB
SwapCached:            0 kB
Active:          7216668 kB
Inactive:        1974660 kB
Active(anon):    2414228 kB
Inactive(anon):   327188 kB
Active(file):    4802440 kB
Inactive(file):  1647472 kB
Unevictable:        5576 kB
Mlocked:            5576 kB
SwapTotal:       3145724 kB
SwapFree:        3140112 kB
Dirty:              1624 kB
Writeback:             0 kB
AnonPages:       2708372 kB
Mapped:           774076 kB
Shmem:             34172 kB
KReclaimable:     391068 kB
Slab:             244812 kB
SReclaimable:      94452 kB
SUnreclaim:       150360 kB
KernelStack:       54672 kB
PageTables:        70736 kB
NFS_Unstable:          0 kB
Bounce:                0 kB
WritebackTmp:          0 kB
CommitLimit:     9202292 kB
Committed_AS:   74489932 kB
VmallocTotal:   263061440 kB
VmallocUsed:      111724 kB
VmallocChunk:          0 kB
Percpu:             7616 kB
CmaTotal:         294912 kB
CmaFree:              64 kB
MemTotal:       12113140 kB
MemFree:          405204 kB
MemAvailable:    6415000 kB
Buffers:            2992 kB
Cached:          6485756 kB
SwapCached:            0 kB
Active:          7214816 kB
Inactive:        1974788 kB
Active(anon):    2412376 kB
Inactive(anon):   327188 kB
Active(file):    4802440 kB
Inactive(file):  1647600 kB
Unevictable:        5576 kB
Mlocked:            5576 kB
SwapTotal:       3145724 kB
SwapFree:        3140112 kB
Dirty:              1752 kB
Writeback:             0 kB
AnonPages:       2706264 kB
Mapped:           773968 kB
Shmem:             34172 kB
KReclaimable:     391068 kB
Slab:             245100 kB
SReclaimable:      94452 kB
SUnreclaim:       150648 kB
KernelStack:       54672 kB
PageTables:        70648 kB
NFS_Unstable:          0 kB
Bounce:                0 kB
WritebackTmp:          0 kB
CommitLimit:     9202292 kB
Committed_AS:   74483992 kB
VmallocTotal:   263061440 kB
VmallocUsed:      111772 kB
VmallocChunk:          0 kB
Percpu:             7616 kB
CmaTotal:         294912 kB
CmaFree:               0 kB
MemTotal:       12113140 kB
MemFree:          412108 kB
MemAvailable:    6421804 kB
Buffers:            2992 kB
Cached:          6485756 kB
SwapCached:            0 kB
Active:          7215312 kB
Inactive:        1974788 kB
Active(anon):    2412872 kB
Inactive(anon):   327188 kB
Active(file):    4802440 kB
Inactive(file):  1647600 kB
Unevictable:        5576 kB
Mlocked:            5576 kB
SwapTotal:       3145724 kB
SwapFree:        3140112 kB
Dirty:              1756 kB
Writeback:             0 kB
AnonPages:       2707216 kB
Mapped:           774080 kB
Shmem:             34172 kB
KReclaimable:     390868 kB
Slab:             244644 kB
SReclaimable:      94252 kB
SUnreclaim:       150392 kB
KernelStack:       54672 kB
PageTables:        70496 kB
NFS_Unstable:          0 kB
Bounce:                0 kB
WritebackTmp:          0 kB
CommitLimit:     9202292 kB
Committed_AS:   74486232 kB
VmallocTotal:   263061440 kB
VmallocUsed:      111724 kB
VmallocChunk:          0 kB
Percpu:             7616 kB
CmaTotal:         294912 kB
CmaFree:               0 kB
MemTotal:       12113140 kB
MemFree:          410908 kB
MemAvailable:    6420740 kB
Buffers:            2992 kB
Cached:          6485920 kB
SwapCached:            0 kB
Active:          7217080 kB
Inactive:        1974952 kB
Active(anon):    2414640 kB
Inactive(anon):   327216 kB
Active(file):    4802440 kB
Inactive(file):  1647736 kB
Unevictable:        5576 kB
Mlocked:            5576 kB
SwapTotal:       3145724 kB
SwapFree:        3140112 kB
Dirty:              1904 kB
Writeback:             0 kB
AnonPages:       2708844 kB
Mapped:           774108 kB
Shmem:             34200 kB
KReclaimable:     390868 kB
Slab:             244628 kB
SReclaimable:      94252 kB
SUnreclaim:       150376 kB
KernelStack:       54688 kB
PageTables:        70880 kB
NFS_Unstable:          0 kB
Bounce:                0 kB
WritebackTmp:          0 kB
CommitLimit:     9202292 kB
Committed_AS:   74489916 kB
VmallocTotal:   263061440 kB
VmallocUsed:      111724 kB
VmallocChunk:          0 kB
Percpu:             7616 kB
CmaTotal:         294912 kB
CmaFree:               0 kB
MemTotal:       12113140 kB
MemFree:          409552 kB
MemAvailable:    6419368 kB
Buffers:            2992 kB
Cached:          6485920 kB
SwapCached:            0 kB
Active:          7219588 kB
Inactive:        1974952 kB
Active(anon):    2417148 kB
Inactive(anon):   327216 kB
Active(file):    4802440 kB
Inactive(file):  1647736 kB
Unevictable:        5576 kB
Mlocked:            5576 kB
SwapTotal:       3145724 kB
SwapFree:        3140112 kB
Dirty:              1908 kB
Writeback:             0 kB
AnonPages:       2711240 kB
Mapped:           774164 kB
Shmem:             34200 kB
KReclaimable:     390836 kB
Slab:             244904 kB
SReclaimable:      94236 kB
SUnreclaim:       150668 kB
KernelStack:       54752 kB
PageTables:        70704 kB
NFS_Unstable:          0 kB
Bounce:                0 kB
WritebackTmp:          0 kB
CommitLimit:     9202292 kB
Committed_AS:   74488588 kB
VmallocTotal:   263061440 kB
VmallocUsed:      111740 kB
VmallocChunk:          0 kB
Percpu:             7616 kB
CmaTotal:         294912 kB
CmaFree:               0 kB
MemTotal:       12113140 kB
MemFree:          411724 kB
MemAvailable:    6421540 kB
Buffers:            2992 kB
Cached:          6485856 kB
SwapCached:            0 kB
Active:          7217784 kB
Inactive:        1974888 kB
Active(anon):    2415344 kB
Inactive(anon):   327152 kB
Active(file):    4802440 kB
Inactive(file):  1647736 kB
Unevictable:        5576 kB
Mlocked:            5576 kB
SwapTotal:       3145724 kB
SwapFree:        3140112 kB
Dirty:              1908 kB
Writeback:             0 kB
AnonPages:       2709684 kB
Mapped:           774168 kB
Shmem:             34136 kB
KReclaimable:     390836 kB
Slab:             244384 kB
SReclaimable:      94236 kB
SUnreclaim:       150148 kB
KernelStack:       54752 kB
PageTables:        70704 kB
NFS_Unstable:          0 kB
Bounce:                0 kB
WritebackTmp:          0 kB
CommitLimit:     9202292 kB
Committed_AS:   74488408 kB
VmallocTotal:   263061440 kB
VmallocUsed:      111740 kB
VmallocChunk:          0 kB
Percpu:             7616 kB
CmaTotal:         294912 kB
CmaFree:               0 kB
MemTotal:       12113140 kB
MemFree:          411516 kB
MemAvailable:    6421432 kB
Buffers:            2992 kB
Cached:          6485984 kB
SwapCached:            0 kB
Active:          7218660 kB
Inactive:        1974988 kB
Active(anon):    2416220 kB
Inactive(anon):   327152 kB
Active(file):    4802440 kB
Inactive(file):  1647836 kB
Unevictable:        5576 kB
Mlocked:            5576 kB
SwapTotal:       3145724 kB
SwapFree:        3140112 kB
Dirty:              2052 kB
Writeback:             0 kB
AnonPages:       2710248 kB
Mapped:           774168 kB
Shmem:             34136 kB
KReclaimable:     390836 kB
Slab:             244900 kB
SReclaimable:      94236 kB
SUnreclaim:       150664 kB
KernelStack:       54752 kB
PageTables:        71068 kB
NFS_Unstable:          0 kB
Bounce:                0 kB
WritebackTmp:          0 kB
CommitLimit:     9202292 kB
Committed_AS:   74485232 kB
VmallocTotal:   263061440 kB
VmallocUsed:      111820 kB
VmallocChunk:          0 kB
Percpu:             7616 kB
CmaTotal:         294912 kB
CmaFree:               4 kB
MemTotal:       12113140 kB
MemFree:          410736 kB
MemAvailable:    6420692 kB
Buffers:            2992 kB
Cached:          6485988 kB
SwapCached:            0 kB
Active:          7219152 kB
Inactive:        1975020 kB
Active(anon):    2416712 kB
Inactive(anon):   327152 kB
Active(file):    4802440 kB
Inactive(file):  1647868 kB
Unevictable:        5576 kB
Mlocked:            5576 kB
SwapTotal:       3145724 kB
SwapFree:        3140112 kB
Dirty:              2060 kB
Writeback:             0 kB
AnonPages:       2710872 kB
Mapped:           774172 kB
Shmem:             34136 kB
KReclaimable:     390852 kB
Slab:             244672 kB
SReclaimable:      94252 kB
SUnreclaim:       150420 kB
KernelStack:       54784 kB
PageTables:        70892 kB
NFS_Unstable:          0 kB
Bounce:                0 kB
WritebackTmp:          0 kB
CommitLimit:     9202292 kB
Committed_AS:   74488700 kB
VmallocTotal:   263061440 kB
VmallocUsed:      111820 kB
VmallocChunk:          0 kB
Percpu:             7616 kB
CmaTotal:         294912 kB
CmaFree:               0 kB
MemTotal:       12113140 kB
MemFree:          409944 kB
MemAvailable:    6419916 kB
Buffers:            2992 kB
Cached:          6485984 kB
SwapCached:            0 kB
Active:          7220336 kB
Inactive:        1975016 kB
Active(anon):    2417896 kB
Inactive(anon):   327132 kB
Active(file):    4802440 kB
Inactive(file):  1647884 kB
Unevictable:        5576 kB
Mlocked:            5576 kB
SwapTotal:       3145724 kB
SwapFree:        3140112 kB
Dirty:              2076 kB
Writeback:             0 kB
AnonPages:       2712292 kB
Mapped:           774312 kB
Shmem:             34116 kB
KReclaimable:     390852 kB
Slab:             244676 kB
SReclaimable:      94252 kB
SUnreclaim:       150424 kB
KernelStack:       54704 kB
PageTables:        70904 kB
NFS_Unstable:          0 kB
Bounce:                0 kB
WritebackTmp:          0 kB
CommitLimit:     9202292 kB
Committed_AS:   74489444 kB
VmallocTotal:   263061440 kB
VmallocUsed:      111740 kB
VmallocChunk:          0 kB
Percpu:             7616 kB
CmaTotal:         294912 kB
CmaFree:               0 kB
MemTotal:       12113140 kB
MemFree:          407716 kB
MemAvailable:    6417816 kB
Buffers:            2992 kB
Cached:          6486112 kB
SwapCached:            0 kB
Active:          7221340 kB
Inactive:        1975144 kB
Active(anon):    2418900 kB
Inactive(anon):   327132 kB
Active(file):    4802440 kB
Inactive(file):  1648012 kB
Unevictable:        5576 kB
Mlocked:            5576 kB
SwapTotal:       3145724 kB
SwapFree:        3140112 kB
Dirty:              2216 kB
Writeback:             0 kB
AnonPages:       2713020 kB
Mapped:           774152 kB
Shmem:             34116 kB
KReclaimable:     390852 kB
Slab:             244624 kB
SReclaimable:      94252 kB
SUnreclaim:       150372 kB
KernelStack:       54708 kB
PageTables:        70796 kB
NFS_Unstable:          0 kB
Bounce:                0 kB
WritebackTmp:          0 kB
CommitLimit:     9202292 kB
Committed_AS:   74490128 kB
VmallocTotal:   263061440 kB
VmallocUsed:      111740 kB
VmallocChunk:          0 kB
Percpu:             7616 kB
CmaTotal:         294912 kB
CmaFree:               0 kB
MemTotal:       12113140 kB
MemFree:          416600 kB
MemAvailable:    6426580 kB
Buffers:            2992 kB
Cached:          6486116 kB
SwapCached:            0 kB
Active:          7212836 kB
Inactive:        1975148 kB
Active(anon):    2410396 kB
Inactive(anon):   327136 kB
Active(file):    4802440 kB
Inactive(file):  1648012 kB
Unevictable:        5576 kB
Mlocked:            5576 kB
SwapTotal:       3145724 kB
SwapFree:        3140112 kB
Dirty:              2216 kB
Writeback:             0 kB
AnonPages:       2704436 kB
Mapped:           774388 kB
Shmem:             34120 kB
KReclaimable:     390612 kB
Slab:             244620 kB
SReclaimable:      94236 kB
SUnreclaim:       150384 kB
KernelStack:       54688 kB
PageTables:        70564 kB
NFS_Unstable:          0 kB
Bounce:                0 kB
WritebackTmp:          0 kB
CommitLimit:     9202292 kB
Committed_AS:   74490444 kB
VmallocTotal:   263061440 kB
VmallocUsed:      111740 kB
VmallocChunk:          0 kB
Percpu:             7616 kB
CmaTotal:         294912 kB
CmaFree:               0 kB
MemTotal:       12113140 kB
MemFree:          416344 kB
MemAvailable:    6426140 kB
Buffers:            2992 kB
Cached:          6486244 kB
SwapCached:            0 kB
Active:          7213152 kB
Inactive:        1975268 kB
Active(anon):    2410704 kB
Inactive(anon):   327136 kB
Active(file):    4802448 kB
Inactive(file):  1648132 kB
Unevictable:        5576 kB
Mlocked:            5576 kB
SwapTotal:       3145724 kB
SwapFree:        3140112 kB
Dirty:              2344 kB
Writeback:             0 kB
AnonPages:       2704604 kB
Mapped:           774844 kB
Shmem:             34120 kB
KReclaimable:     389988 kB
Slab:             244616 kB
SReclaimable:      94252 kB
SUnreclaim:       150364 kB
KernelStack:       54656 kB
PageTables:        70744 kB
NFS_Unstable:          0 kB
Bounce:                0 kB
WritebackTmp:          0 kB
CommitLimit:     9202292 kB
Committed_AS:   74488652 kB
VmallocTotal:   263061440 kB
VmallocUsed:      111740 kB
VmallocChunk:          0 kB
Percpu:             7616 kB
CmaTotal:         294912 kB
CmaFree:              24 kB
MemTotal:       12113140 kB
MemFree:          413268 kB
MemAvailable:    6423044 kB
Buffers:            2992 kB
Cached:          6486244 kB
SwapCached:            0 kB
Active:          7215864 kB
Inactive:        1975268 kB
Active(anon):    2413416 kB
Inactive(anon):   327136 kB
Active(file):    4802448 kB
Inactive(file):  1648132 kB
Unevictable:        5576 kB
Mlocked:            5576 kB
SwapTotal:       3145724 kB
SwapFree:        3140112 kB
Dirty:              2356 kB
Writeback:             0 kB
AnonPages:       2707488 kB
Mapped:           774928 kB
Shmem:             34120 kB
KReclaimable:     389948 kB
Slab:             244680 kB
SReclaimable:      94268 kB
SUnreclaim:       150412 kB
KernelStack:       54720 kB
PageTables:        70748 kB
NFS_Unstable:          0 kB
Bounce:                0 kB
WritebackTmp:          0 kB
CommitLimit:     9202292 kB
Committed_AS:   74483616 kB
VmallocTotal:   263061440 kB
VmallocUsed:      111740 kB
VmallocChunk:          0 kB
Percpu:             7616 kB
CmaTotal:         294912 kB
CmaFree:               0 kB
MemTotal:       12113140 kB
MemFree:          413780 kB
MemAvailable:    6423556 kB
Buffers:            2992 kB
Cached:          6486244 kB
SwapCached:            0 kB
Active:          7215544 kB
Inactive:        1975268 kB
Active(anon):    2413096 kB
Inactive(anon):   327136 kB
Active(file):    4802448 kB
Inactive(file):  1648132 kB
Unevictable:        5576 kB
Mlocked:            5576 kB
SwapTotal:       3145724 kB
SwapFree:        3140112 kB
Dirty:              2356 kB
Writeback:             0 kB
AnonPages:       2707284 kB
Mapped:           774888 kB
Shmem:             34120 kB
KReclaimable:     389948 kB
Slab:             244648 kB
SReclaimable:      94268 kB
SUnreclaim:       150380 kB
KernelStack:       54692 kB
PageTables:        70692 kB
NFS_Unstable:          0 kB
Bounce:                0 kB
WritebackTmp:          0 kB
CommitLimit:     9202292 kB
Committed_AS:   74488156 kB
VmallocTotal:   263061440 kB
VmallocUsed:      111724 kB
VmallocChunk:          0 kB
Percpu:             7616 kB
CmaTotal:         294912 kB
CmaFree:               0 kB
MemTotal:       12113140 kB
MemFree:          440004 kB
MemAvailable:    6449900 kB
Buffers:            2992 kB
Cached:          6486376 kB
SwapCached:            0 kB
Active:          7187648 kB
Inactive:        1975400 kB
Active(anon):    2385200 kB
Inactive(anon):   327140 kB
Active(file):    4802448 kB
Inactive(file):  1648260 kB
Unevictable:        5576 kB
Mlocked:            5576 kB
SwapTotal:       3145724 kB
SwapFree:        3140112 kB
Dirty:              2492 kB
Writeback:             0 kB
AnonPages:       2679208 kB
Mapped:           775012 kB
Shmem:             34124 kB
KReclaimable:     389932 kB
Slab:             244672 kB
SReclaimable:      94252 kB
SUnreclaim:       150420 kB
KernelStack:       54688 kB
PageTables:        70700 kB
NFS_Unstable:          0 kB
Bounce:                0 kB
WritebackTmp:          0 kB
CommitLimit:     9202292 kB
Committed_AS:   74481284 kB
VmallocTotal:   263061440 kB
VmallocUsed:      111724 kB
VmallocChunk:          0 kB
Percpu:             7616 kB
CmaTotal:         294912 kB
CmaFree:               0 kB
MemTotal:       12113140 kB
MemFree:          442240 kB
MemAvailable:    6452136 kB
Buffers:            2992 kB
Cached:          6486376 kB
SwapCached:            0 kB
Active:          7185652 kB
Inactive:        1975400 kB
Active(anon):    2383204 kB
Inactive(anon):   327140 kB
Active(file):    4802448 kB
Inactive(file):  1648260 kB
Unevictable:        5576 kB
Mlocked:            5576 kB
SwapTotal:       3145724 kB
SwapFree:        3140112 kB
Dirty:              2508 kB
Writeback:             0 kB
AnonPages:       2677432 kB
Mapped:           775040 kB
Shmem:             34124 kB
KReclaimable:     389932 kB
Slab:             244928 kB
SReclaimable:      94252 kB
SUnreclaim:       150676 kB
KernelStack:       54688 kB
PageTables:        70724 kB
NFS_Unstable:          0 kB
Bounce:                0 kB
WritebackTmp:          0 kB
CommitLimit:     9202292 kB
Committed_AS:   74487108 kB
VmallocTotal:   263061440 kB
VmallocUsed:      111708 kB
VmallocChunk:          0 kB
Percpu:             7616 kB
CmaTotal:         294912 kB
CmaFree:               0 kB
MemTotal:       12113140 kB
MemFree:          441940 kB
MemAvailable:    6451848 kB
Buffers:            2992 kB
Cached:          6486380 kB
SwapCached:            0 kB
Active:          7185956 kB
Inactive:        1975404 kB
Active(anon):    2383508 kB
Inactive(anon):   327140 kB
Active(file):    4802448 kB
Inactive(file):  1648264 kB
Unevictable:        5576 kB
Mlocked:            5576 kB
SwapTotal:       3145724 kB
SwapFree:        3140112 kB
Dirty:               548 kB
Writeback:             0 kB
AnonPages:       2677644 kB
Mapped:           775100 kB
Shmem:             34124 kB
KReclaimable:     389948 kB
Slab:             244532 kB
SReclaimable:      94268 kB
SUnreclaim:       150264 kB
KernelStack:       54672 kB
PageTables:        70772 kB
NFS_Unstable:          0 kB
Bounce:                0 kB
WritebackTmp:          0 kB
CommitLimit:     9202292 kB
Committed_AS:   74486056 kB
VmallocTotal:   263061440 kB
VmallocUsed:      111676 kB
VmallocChunk:          0 kB
Percpu:             7616 kB
CmaTotal:         294912 kB
CmaFree:               0 kB
MemTotal:       12113140 kB
MemFree:          441868 kB
MemAvailable:    6451812 kB
Buffers:            2992 kB
Cached:          6486512 kB
SwapCached:            0 kB
Active:          7185524 kB
Inactive:        1975536 kB
Active(anon):    2383076 kB
Inactive(anon):   327140 kB
Active(file):    4802448 kB
Inactive(file):  1648396 kB
Unevictable:        5576 kB
Mlocked:            5576 kB
SwapTotal:       3145724 kB
SwapFree:        3140112 kB
Dirty:               684 kB
Writeback:             0 kB
AnonPages:       2677112 kB
Mapped:           775368 kB
Shmem:             34124 kB
KReclaimable:     389756 kB
Slab:             244920 kB
SReclaimable:      94268 kB
SUnreclaim:       150652 kB
KernelStack:       54688 kB
PageTables:        70736 kB
NFS_Unstable:          0 kB
Bounce:                0 kB
WritebackTmp:          0 kB
CommitLimit:     9202292 kB
Committed_AS:   74482088 kB
VmallocTotal:   263061440 kB
VmallocUsed:      111708 kB
VmallocChunk:          0 kB
Percpu:             7616 kB
CmaTotal:         294912 kB
CmaFree:               0 kB
MemTotal:       12113140 kB
MemFree:          442844 kB
MemAvailable:    6452772 kB
Buffers:            2992 kB
Cached:          6486512 kB
SwapCached:            0 kB
Active:          7185256 kB
Inactive:        1975536 kB
Active(anon):    2382808 kB
Inactive(anon):   327140 kB
Active(file):    4802448 kB
Inactive(file):  1648396 kB
Unevictable:        5576 kB
Mlocked:            5576 kB
SwapTotal:       3145724 kB
SwapFree:        3140112 kB
Dirty:               712 kB
Writeback:             0 kB
AnonPages:       2676988 kB
Mapped:           775408 kB
Shmem:             34124 kB
KReclaimable:     389724 kB
Slab:             244720 kB
SReclaimable:      94268 kB
SUnreclaim:       150452 kB
KernelStack:       54672 kB
PageTables:        70776 kB
NFS_Unstable:          0 kB
Bounce:                0 kB
WritebackTmp:          0 kB
CommitLimit:     9202292 kB
Committed_AS:   74479744 kB
VmallocTotal:   263061440 kB
VmallocUsed:      111708 kB
VmallocChunk:          0 kB
Percpu:             7616 kB
CmaTotal:         294912 kB
CmaFree:               0 kB
MemTotal:       12113140 kB
MemFree:          441544 kB
MemAvailable:    6451472 kB
Buffers:            2992 kB
Cached:          6486512 kB
SwapCached:            0 kB
Active:          7186700 kB
Inactive:        1975532 kB
Active(anon):    2384248 kB
Inactive(anon):   327140 kB
Active(file):    4802452 kB
Inactive(file):  1648392 kB
Unevictable:        5576 kB
Mlocked:            5576 kB
SwapTotal:       3145724 kB
SwapFree:        3140112 kB
Dirty:               712 kB
Writeback:             0 kB
AnonPages:       2678416 kB
Mapped:           775400 kB
Shmem:             34124 kB
KReclaimable:     389724 kB
Slab:             244916 kB
SReclaimable:      94268 kB
SUnreclaim:       150648 kB
KernelStack:       54640 kB
PageTables:        70764 kB
NFS_Unstable:          0 kB
Bounce:                0 kB
WritebackTmp:          0 kB
CommitLimit:     9202292 kB
Committed_AS:   74487040 kB
VmallocTotal:   263061440 kB
VmallocUsed:      111740 kB
VmallocChunk:          0 kB
Percpu:             7616 kB
CmaTotal:         294912 kB
CmaFree:               0 kB
MemTotal:       12113140 kB
MemFree:          441852 kB
MemAvailable:    6451900 kB
Buffers:            2992 kB
Cached:          6486640 kB
SwapCached:            0 kB
Active:          7186376 kB
Inactive:        1975660 kB
Active(anon):    2383924 kB
Inactive(anon):   327140 kB
Active(file):    4802452 kB
Inactive(file):  1648520 kB
Unevictable:        5576 kB
Mlocked:            5576 kB
SwapTotal:       3145724 kB
SwapFree:        3140112 kB
Dirty:               840 kB
Writeback:             0 kB
AnonPages:       2678032 kB
Mapped:           775384 kB
Shmem:             34124 kB
KReclaimable:     389708 kB
Slab:             244896 kB
SReclaimable:      94252 kB
SUnreclaim:       150644 kB
KernelStack:       54708 kB
PageTables:        70680 kB
NFS_Unstable:          0 kB
Bounce:                0 kB
WritebackTmp:          0 kB
CommitLimit:     9202292 kB
Committed_AS:   74482524 kB
VmallocTotal:   263061440 kB
VmallocUsed:      111740 kB
VmallocChunk:          0 kB
Percpu:             7616 kB
CmaTotal:         294912 kB
CmaFree:               0 kB
MemTotal:       12113140 kB
MemFree:          442640 kB
MemAvailable:    6452696 kB
Buffers:            2992 kB
Cached:          6486640 kB
SwapCached:            0 kB
Active:          7187108 kB
Inactive:        1975660 kB
Active(anon):    2384656 kB
Inactive(anon):   327140 kB
Active(file):    4802452 kB
Inactive(file):  1648520 kB
Unevictable:        5576 kB
Mlocked:            5576 kB
SwapTotal:       3145724 kB
SwapFree:        3140112 kB
Dirty:               852 kB
Writeback:             0 kB
AnonPages:       2678752 kB
Mapped:           775400 kB
Shmem:             34124 kB
KReclaimable:     389724 kB
Slab:             244436 kB
SReclaimable:      94268 kB
SUnreclaim:       150168 kB
KernelStack:       54640 kB
PageTables:        70860 kB
NFS_Unstable:          0 kB
Bounce:                0 kB
WritebackTmp:          0 kB
CommitLimit:     9202292 kB
Committed_AS:   74486028 kB
VmallocTotal:   263061440 kB
VmallocUsed:      111756 kB
VmallocChunk:          0 kB
Percpu:             7616 kB
CmaTotal:         294912 kB
CmaFree:               0 kB
MemTotal:       12113140 kB
MemFree:          441460 kB
MemAvailable:    6451644 kB
Buffers:            2992 kB
Cached:          6486768 kB
SwapCached:            0 kB
Active:          7187404 kB
Inactive:        1975788 kB
Active(anon):    2384952 kB
Inactive(anon):   327140 kB
Active(file):    4802452 kB
Inactive(file):  1648648 kB
Unevictable:        5576 kB
Mlocked:            5576 kB
SwapTotal:       3145724 kB
SwapFree:        3140112 kB
Dirty:               984 kB
Writeback:             0 kB
AnonPages:       2678936 kB
Mapped:           775400 kB
Shmem:             34124 kB
KReclaimable:     389724 kB
Slab:             244636 kB
SReclaimable:      94268 kB
SUnreclaim:       150368 kB
KernelStack:       54640 kB
PageTables:        70708 kB
NFS_Unstable:          0 kB
Bounce:                0 kB
WritebackTmp:          0 kB
CommitLimit:     9202292 kB
Committed_AS:   74484716 kB
VmallocTotal:   263061440 kB
VmallocUsed:      111756 kB
VmallocChunk:          0 kB
Percpu:             7616 kB
CmaTotal:         294912 kB
CmaFree:               0 kB
MemTotal:       12113140 kB
MemFree:          441632 kB
MemAvailable:    6451820 kB
Buffers:            2992 kB
Cached:          6486772 kB
SwapCached:            0 kB
Active:          7187740 kB
Inactive:        1975792 kB
Active(anon):    2385288 kB
Inactive(anon):   327140 kB
Active(file):    4802452 kB
Inactive(file):  1648652 kB
Unevictable:        5576 kB
Mlocked:            5576 kB
SwapTotal:       3145724 kB
SwapFree:        3140112 kB
Dirty:               988 kB
Writeback:             0 kB
AnonPages:       2679400 kB
Mapped:           775400 kB
Shmem:             34124 kB
KReclaimable:     389724 kB
Slab:             244676 kB
SReclaimable:      94268 kB
SUnreclaim:       150408 kB
KernelStack:       54704 kB
PageTables:        70712 kB
NFS_Unstable:          0 kB
Bounce:                0 kB
WritebackTmp:          0 kB
CommitLimit:     9202292 kB
Committed_AS:   74479840 kB
VmallocTotal:   263061440 kB
VmallocUsed:      111756 kB
VmallocChunk:          0 kB
Percpu:             7616 kB
CmaTotal:         294912 kB
CmaFree:               0 kB
MemTotal:       12113140 kB
MemFree:          440852 kB
MemAvailable:    6451040 kB
Buffers:            2992 kB
Cached:          6486772 kB
SwapCached:            0 kB
Active:          7188168 kB
Inactive:        1975792 kB
Active(anon):    2385716 kB
Inactive(anon):   327140 kB
Active(file):    4802452 kB
Inactive(file):  1648652 kB
Unevictable:        5576 kB
Mlocked:            5576 kB
SwapTotal:       3145724 kB
SwapFree:        3140112 kB
Dirty:              1004 kB
Writeback:             0 kB
AnonPages:       2679844 kB
Mapped:           775400 kB
Shmem:             34124 kB
KReclaimable:     389724 kB
Slab:             244684 kB
SReclaimable:      94268 kB
SUnreclaim:       150416 kB
KernelStack:       54688 kB
PageTables:        70904 kB
NFS_Unstable:          0 kB
Bounce:                0 kB
WritebackTmp:          0 kB
CommitLimit:     9202292 kB
Committed_AS:   74480404 kB
VmallocTotal:   263061440 kB
VmallocUsed:      111740 kB
VmallocChunk:          0 kB
Percpu:             7616 kB
CmaTotal:         294912 kB
CmaFree:               0 kB
MemTotal:       12113140 kB
MemFree:          440668 kB
MemAvailable:    6450976 kB
Buffers:            2992 kB
Cached:          6486900 kB
SwapCached:            0 kB
Active:          7188208 kB
Inactive:        1975912 kB
Active(anon):    2385756 kB
Inactive(anon):   327140 kB
Active(file):    4802452 kB
Inactive(file):  1648772 kB
Unevictable:        5576 kB
Mlocked:            5576 kB
SwapTotal:       3145724 kB
SwapFree:        3140112 kB
Dirty:              1132 kB
Writeback:             0 kB
AnonPages:       2679864 kB
Mapped:           775400 kB
Shmem:             34124 kB
KReclaimable:     389724 kB
Slab:             244684 kB
SReclaimable:      94268 kB
SUnreclaim:       150416 kB
KernelStack:       54688 kB
PageTables:        70704 kB
NFS_Unstable:          0 kB
Bounce:                0 kB
WritebackTmp:          0 kB
CommitLimit:     9202292 kB
Committed_AS:   74480788 kB
VmallocTotal:   263061440 kB
VmallocUsed:      111756 kB
VmallocChunk:          0 kB
Percpu:             7616 kB
CmaTotal:         294912 kB
CmaFree:               0 kB
MemTotal:       12113140 kB
MemFree:          434564 kB
MemAvailable:    6444188 kB
Buffers:            2992 kB
Cached:          6486908 kB
SwapCached:            0 kB
Active:          7195268 kB
Inactive:        1975924 kB
Active(anon):    2392812 kB
Inactive(anon):   327140 kB
Active(file):    4802456 kB
Inactive(file):  1648784 kB
Unevictable:        5576 kB
Mlocked:            5576 kB
SwapTotal:       3145724 kB
SwapFree:        3140112 kB
Dirty:               524 kB
Writeback:             0 kB
AnonPages:       2686868 kB
Mapped:           775928 kB
Shmem:             34124 kB
KReclaimable:     388328 kB
Slab:             244684 kB
SReclaimable:      94268 kB
SUnreclaim:       150416 kB
KernelStack:       54624 kB
PageTables:        70844 kB
NFS_Unstable:          0 kB
Bounce:                0 kB
WritebackTmp:          0 kB
CommitLimit:     9202292 kB
Committed_AS:   74484724 kB
VmallocTotal:   263061440 kB
VmallocUsed:      111740 kB
VmallocChunk:          0 kB
Percpu:             7616 kB
CmaTotal:         294912 kB
CmaFree:               0 kB
MemTotal:       12113140 kB
MemFree:          429948 kB
MemAvailable:    6439480 kB
Buffers:            2992 kB
Cached:          6486912 kB
SwapCached:            0 kB
Active:          7198080 kB
Inactive:        1975840 kB
Active(anon):    2395536 kB
Inactive(anon):   327140 kB
Active(file):    4802544 kB
Inactive(file):  1648700 kB
Unevictable:        5576 kB
Mlocked:            5576 kB
SwapTotal:       3145724 kB
SwapFree:        3140112 kB
Dirty:               564 kB
Writeback:             0 kB
AnonPages:       2689876 kB
Mapped:           776504 kB
Shmem:             34124 kB
KReclaimable:     388136 kB
Slab:             244728 kB
SReclaimable:      94268 kB
SUnreclaim:       150460 kB
KernelStack:       54752 kB
PageTables:        70964 kB
NFS_Unstable:          0 kB
Bounce:                0 kB
WritebackTmp:          0 kB
CommitLimit:     9202292 kB
Committed_AS:   74501472 kB
VmallocTotal:   263061440 kB
VmallocUsed:      111772 kB
VmallocChunk:          0 kB
Percpu:             7616 kB
CmaTotal:         294912 kB
CmaFree:               0 kB
MemTotal:       12113140 kB
MemFree:          426868 kB
MemAvailable:    6436528 kB
Buffers:            2992 kB
Cached:          6487052 kB
SwapCached:            0 kB
Active:          7201648 kB
Inactive:        1975972 kB
Active(anon):    2399096 kB
Inactive(anon):   327152 kB
Active(file):    4802552 kB
Inactive(file):  1648820 kB
Unevictable:        5576 kB
Mlocked:            5576 kB
SwapTotal:       3145724 kB
SwapFree:        3140112 kB
Dirty:               708 kB
Writeback:             0 kB
AnonPages:       2693344 kB
Mapped:           776832 kB
Shmem:             34136 kB
KReclaimable:     388132 kB
Slab:             244696 kB
SReclaimable:      94268 kB
SUnreclaim:       150428 kB
KernelStack:       54848 kB
PageTables:        70808 kB
NFS_Unstable:          0 kB
Bounce:                0 kB
WritebackTmp:          0 kB
CommitLimit:     9202292 kB
Committed_AS:   74501760 kB
VmallocTotal:   263061440 kB
VmallocUsed:      111884 kB
VmallocChunk:          0 kB
Percpu:             7616 kB
CmaTotal:         294912 kB
CmaFree:               0 kB
MemTotal:       12113140 kB
MemFree:          387576 kB
MemAvailable:    6397228 kB
Buffers:            2992 kB
Cached:          6487052 kB
SwapCached:            0 kB
Active:          7241440 kB
Inactive:        1975964 kB
Active(anon):    2438880 kB
Inactive(anon):   327152 kB
Active(file):    4802560 kB
Inactive(file):  1648812 kB
Unevictable:        5576 kB
Mlocked:            5576 kB
SwapTotal:       3145724 kB
SwapFree:        3140112 kB
Dirty:               708 kB
Writeback:             0 kB
AnonPages:       2732724 kB
Mapped:           777192 kB
Shmem:             34136 kB
KReclaimable:     388116 kB
Slab:             244656 kB
SReclaimable:      94252 kB
SUnreclaim:       150404 kB
KernelStack:       54864 kB
PageTables:        70984 kB
NFS_Unstable:          0 kB
Bounce:                0 kB
WritebackTmp:          0 kB
CommitLimit:     9202292 kB
Committed_AS:   74495904 kB
VmallocTotal:   263061440 kB
VmallocUsed:      111900 kB
VmallocChunk:          0 kB
Percpu:             7616 kB
CmaTotal:         294912 kB
CmaFree:               0 kB
MemTotal:       12113140 kB
MemFree:          382604 kB
MemAvailable:    6392392 kB
Buffers:            2992 kB
Cached:          6487180 kB
SwapCached:            0 kB
Active:          7242004 kB
Inactive:        1976068 kB
Active(anon):    2439420 kB
Inactive(anon):   327152 kB
Active(file):    4802584 kB
Inactive(file):  1648916 kB
Unevictable:        5576 kB
Mlocked:            5576 kB
SwapTotal:       3145724 kB
SwapFree:        3140112 kB
Dirty:               864 kB
Writeback:             0 kB
AnonPages:       2733448 kB
Mapped:           777076 kB
Shmem:             34136 kB
KReclaimable:     388132 kB
Slab:             244656 kB
SReclaimable:      94268 kB
SUnreclaim:       150388 kB
KernelStack:       54880 kB
PageTables:        70832 kB
NFS_Unstable:          0 kB
Bounce:                0 kB
WritebackTmp:          0 kB
CommitLimit:     9202292 kB
Committed_AS:   74496364 kB
VmallocTotal:   263061440 kB
VmallocUsed:      111900 kB
VmallocChunk:          0 kB
Percpu:             7616 kB
CmaTotal:         294912 kB
CmaFree:               0 kB
MemTotal:       12113140 kB
MemFree:          379840 kB
MemAvailable:    6389648 kB
Buffers:            2992 kB
Cached:          6487200 kB
SwapCached:            0 kB
Active:          7242224 kB
Inactive:        1976088 kB
Active(anon):    2439640 kB
Inactive(anon):   327152 kB
Active(file):    4802584 kB
Inactive(file):  1648936 kB
Unevictable:        5576 kB
Mlocked:            5576 kB
SwapTotal:       3145724 kB
SwapFree:        3140112 kB
Dirty:              1412 kB
Writeback:             0 kB
AnonPages:       2733504 kB
Mapped:           777076 kB
Shmem:             34136 kB
KReclaimable:     388132 kB
Slab:             244936 kB
SReclaimable:      94268 kB
SUnreclaim:       150668 kB
KernelStack:       54864 kB
PageTables:        71172 kB
NFS_Unstable:          0 kB
Bounce:                0 kB
WritebackTmp:          0 kB
CommitLimit:     9202292 kB
Committed_AS:   74486540 kB
VmallocTotal:   263061440 kB
VmallocUsed:      111900 kB
VmallocChunk:          0 kB
Percpu:             7616 kB
CmaTotal:         294912 kB
CmaFree:               0 kB
MemTotal:       12113140 kB
MemFree:          380636 kB
MemAvailable:    6390432 kB
Buffers:            2992 kB
Cached:          6487200 kB
SwapCached:            0 kB
Active:          7242276 kB
Inactive:        1976088 kB
Active(anon):    2439692 kB
Inactive(anon):   327152 kB
Active(file):    4802584 kB
Inactive(file):  1648936 kB
Unevictable:        5576 kB
Mlocked:            5576 kB
SwapTotal:       3145724 kB
SwapFree:        3140112 kB
Dirty:              1412 kB
Writeback:             0 kB
AnonPages:       2733828 kB
Mapped:           777076 kB
Shmem:             34136 kB
KReclaimable:     388108 kB
Slab:             244912 kB
SReclaimable:      94244 kB
SUnreclaim:       150668 kB
KernelStack:       54900 kB
PageTables:        70732 kB
NFS_Unstable:          0 kB
Bounce:                0 kB
WritebackTmp:          0 kB
CommitLimit:     9202292 kB
Committed_AS:   74501568 kB
VmallocTotal:   263061440 kB
VmallocUsed:      111916 kB
VmallocChunk:          0 kB
Percpu:             7616 kB
CmaTotal:         294912 kB
CmaFree:               0 kB
MemTotal:       12113140 kB
MemFree:          379468 kB
MemAvailable:    6389400 kB
Buffers:            2992 kB
Cached:          6487328 kB
SwapCached:            0 kB
Active:          7242724 kB
Inactive:        1976216 kB
Active(anon):    2440140 kB
Inactive(anon):   327152 kB
Active(file):    4802584 kB
Inactive(file):  1649064 kB
Unevictable:        5576 kB
Mlocked:            5576 kB
SwapTotal:       3145724 kB
SwapFree:        3140112 kB
Dirty:              1552 kB
Writeback:             0 kB
AnonPages:       2734240 kB
Mapped:           777076 kB
Shmem:             34136 kB
KReclaimable:     388124 kB
Slab:             244668 kB
SReclaimable:      94260 kB
SUnreclaim:       150408 kB
KernelStack:       54864 kB
PageTables:        70784 kB
NFS_Unstable:          0 kB
Bounce:                0 kB
WritebackTmp:          0 kB
CommitLimit:     9202292 kB
Committed_AS:   74500984 kB
VmallocTotal:   263061440 kB
VmallocUsed:      111900 kB
VmallocChunk:          0 kB
Percpu:             7616 kB
CmaTotal:         294912 kB
CmaFree:               0 kB
MemTotal:       12113140 kB
MemFree:          379668 kB
MemAvailable:    6389592 kB
Buffers:            2992 kB
Cached:          6487328 kB
SwapCached:            0 kB
Active:          7242920 kB
Inactive:        1976216 kB
Active(anon):    2440336 kB
Inactive(anon):   327152 kB
Active(file):    4802584 kB
Inactive(file):  1649064 kB
Unevictable:        5576 kB
Mlocked:            5576 kB
SwapTotal:       3145724 kB
SwapFree:        3140112 kB
Dirty:              1552 kB
Writeback:             0 kB
AnonPages:       2734448 kB
Mapped:           777076 kB
Shmem:             34136 kB
KReclaimable:     388108 kB
Slab:             244652 kB
SReclaimable:      94244 kB
SUnreclaim:       150408 kB
KernelStack:       54864 kB
PageTables:        70792 kB
NFS_Unstable:          0 kB
Bounce:                0 kB
WritebackTmp:          0 kB
CommitLimit:     9202292 kB
Committed_AS:   74497492 kB
VmallocTotal:   263061440 kB
VmallocUsed:      111916 kB
VmallocChunk:          0 kB
Percpu:             7616 kB
CmaTotal:         294912 kB
CmaFree:               0 kB
MemTotal:       12113140 kB
MemFree:          380524 kB
MemAvailable:    6390448 kB
Buffers:            2992 kB
Cached:          6487332 kB
SwapCached:            0 kB
Active:          7243200 kB
Inactive:        1976220 kB
Active(anon):    2440616 kB
Inactive(anon):   327156 kB
Active(file):    4802584 kB
Inactive(file):  1649064 kB
Unevictable:        5576 kB
Mlocked:            5576 kB
SwapTotal:       3145724 kB
SwapFree:        3140112 kB
Dirty:              1552 kB
Writeback:             0 kB
AnonPages:       2734756 kB
Mapped:           777080 kB
Shmem:             34140 kB
KReclaimable:     388108 kB
Slab:             244668 kB
SReclaimable:      94244 kB
SUnreclaim:       150424 kB
KernelStack:       54864 kB
PageTables:        70792 kB
NFS_Unstable:          0 kB
Bounce:                0 kB
WritebackTmp:          0 kB
CommitLimit:     9202292 kB
Committed_AS:   74497284 kB
VmallocTotal:   263061440 kB
VmallocUsed:      111900 kB
VmallocChunk:          0 kB
Percpu:             7616 kB
CmaTotal:         294912 kB
CmaFree:               0 kB
MemTotal:       12113140 kB
MemFree:          382552 kB
MemAvailable:    6392604 kB
Buffers:            2992 kB
Cached:          6487460 kB
SwapCached:            0 kB
Active:          7243588 kB
Inactive:        1976336 kB
Active(anon):    2441000 kB
Inactive(anon):   327156 kB
Active(file):    4802588 kB
Inactive(file):  1649180 kB
Unevictable:        5576 kB
Mlocked:            5576 kB
SwapTotal:       3145724 kB
SwapFree:        3140112 kB
Dirty:               696 kB
Writeback:             0 kB
AnonPages:       2735200 kB
Mapped:           777080 kB
Shmem:             34140 kB
KReclaimable:     388124 kB
Slab:             244940 kB
SReclaimable:      94260 kB
SUnreclaim:       150680 kB
KernelStack:       54864 kB
PageTables:        70796 kB
NFS_Unstable:          0 kB
Bounce:                0 kB
WritebackTmp:          0 kB
CommitLimit:     9202292 kB
Committed_AS:   74494400 kB
VmallocTotal:   263061440 kB
VmallocUsed:      111884 kB
VmallocChunk:          0 kB
Percpu:             7616 kB
CmaTotal:         294912 kB
CmaFree:               0 kB
MemTotal:       12113140 kB
MemFree:          382332 kB
MemAvailable:    6392392 kB
Buffers:            2992 kB
Cached:          6487460 kB
SwapCached:            0 kB
Active:          7243860 kB
Inactive:        1976344 kB
Active(anon):    2441272 kB
Inactive(anon):   327156 kB
Active(file):    4802588 kB
Inactive(file):  1649188 kB
Unevictable:        5576 kB
Mlocked:            5576 kB
SwapTotal:       3145724 kB
SwapFree:        3140112 kB
Dirty:               696 kB
Writeback:             0 kB
AnonPages:       2735352 kB
Mapped:           777080 kB
Shmem:             34140 kB
KReclaimable:     388124 kB
Slab:             244952 kB
SReclaimable:      94260 kB
SUnreclaim:       150692 kB
KernelStack:       54864 kB
PageTables:        70788 kB
NFS_Unstable:          0 kB
Bounce:                0 kB
WritebackTmp:          0 kB
CommitLimit:     9202292 kB
Committed_AS:   74494092 kB
VmallocTotal:   263061440 kB
VmallocUsed:      111852 kB
VmallocChunk:          0 kB
Percpu:             7616 kB
CmaTotal:         294912 kB
CmaFree:               0 kB
MemTotal:       12113140 kB
MemFree:          383056 kB
MemAvailable:    6393116 kB
Buffers:            2992 kB
Cached:          6487460 kB
SwapCached:            0 kB
Active:          7244156 kB
Inactive:        1976344 kB
Active(anon):    2441568 kB
Inactive(anon):   327156 kB
Active(file):    4802588 kB
Inactive(file):  1649188 kB
Unevictable:        5576 kB
Mlocked:            5576 kB
SwapTotal:       3145724 kB
SwapFree:        3140112 kB
Dirty:               696 kB
Writeback:             0 kB
AnonPages:       2735708 kB
Mapped:           777128 kB
Shmem:             34140 kB
KReclaimable:     388124 kB
Slab:             244700 kB
SReclaimable:      94260 kB
SUnreclaim:       150440 kB
KernelStack:       54864 kB
PageTables:        70788 kB
NFS_Unstable:          0 kB
Bounce:                0 kB
WritebackTmp:          0 kB
CommitLimit:     9202292 kB
Committed_AS:   74495264 kB
VmallocTotal:   263061440 kB
VmallocUsed:      111900 kB
VmallocChunk:          0 kB
Percpu:             7616 kB
CmaTotal:         294912 kB
CmaFree:               0 kB
MemTotal:       12113140 kB
MemFree:          383384 kB
MemAvailable:    6393580 kB
Buffers:            2992 kB
Cached:          6487596 kB
SwapCached:            0 kB
Active:          7244004 kB
Inactive:        1976480 kB
Active(anon):    2441416 kB
Inactive(anon):   327156 kB
Active(file):    4802588 kB
Inactive(file):  1649324 kB
Unevictable:        5576 kB
Mlocked:            5576 kB
SwapTotal:       3145724 kB
SwapFree:        3140112 kB
Dirty:               876 kB
Writeback:             0 kB
AnonPages:       2735572 kB
Mapped:           777128 kB
Shmem:             34140 kB
KReclaimable:     388124 kB
Slab:             244696 kB
SReclaimable:      94260 kB
SUnreclaim:       150436 kB
KernelStack:       54832 kB
PageTables:        70784 kB
NFS_Unstable:          0 kB
Bounce:                0 kB
WritebackTmp:          0 kB
CommitLimit:     9202292 kB
Committed_AS:   74495600 kB
VmallocTotal:   263061440 kB
VmallocUsed:      111916 kB
VmallocChunk:          0 kB
Percpu:             7616 kB
CmaTotal:         294912 kB
CmaFree:               0 kB
MemTotal:       12113140 kB
MemFree:          382216 kB
MemAvailable:    6392412 kB
Buffers:            2992 kB
Cached:          6487596 kB
SwapCached:            0 kB
Active:          7244900 kB
Inactive:        1976460 kB
Active(anon):    2442292 kB
Inactive(anon):   327156 kB
Active(file):    4802608 kB
Inactive(file):  1649304 kB
Unevictable:        5576 kB
Mlocked:            5576 kB
SwapTotal:       3145724 kB
SwapFree:        3140112 kB
Dirty:               872 kB
Writeback:             0 kB
AnonPages:       2736632 kB
Mapped:           777128 kB
Shmem:             34140 kB
KReclaimable:     388124 kB
Slab:             244948 kB
SReclaimable:      94260 kB
SUnreclaim:       150688 kB
KernelStack:       54784 kB
PageTables:        70780 kB
NFS_Unstable:          0 kB
Bounce:                0 kB
WritebackTmp:          0 kB
CommitLimit:     9202292 kB
Committed_AS:   74494876 kB
VmallocTotal:   263061440 kB
VmallocUsed:      111852 kB
VmallocChunk:          0 kB
Percpu:             7616 kB
CmaTotal:         294912 kB
CmaFree:               0 kB
MemTotal:       12113140 kB
MemFree:          382532 kB
MemAvailable:    6392856 kB
Buffers:            2992 kB
Cached:          6487724 kB
SwapCached:            0 kB
Active:          7244332 kB
Inactive:        1976588 kB
Active(anon):    2441724 kB
Inactive(anon):   327156 kB
Active(file):    4802608 kB
Inactive(file):  1649432 kB
Unevictable:        5576 kB
Mlocked:            5576 kB
SwapTotal:       3145724 kB
SwapFree:        3140112 kB
Dirty:              1052 kB
Writeback:             0 kB
AnonPages:       2735932 kB
Mapped:           777128 kB
Shmem:             34140 kB
KReclaimable:     388124 kB
Slab:             244948 kB
SReclaimable:      94260 kB
SUnreclaim:       150688 kB
KernelStack:       54752 kB
PageTables:        70776 kB
NFS_Unstable:          0 kB
Bounce:                0 kB
WritebackTmp:          0 kB
CommitLimit:     9202292 kB
Committed_AS:   74494240 kB
VmallocTotal:   263061440 kB
VmallocUsed:      111852 kB
VmallocChunk:          0 kB
Percpu:             7616 kB
CmaTotal:         294912 kB
CmaFree:               0 kB
MemTotal:       12113140 kB
MemFree:          382360 kB
MemAvailable:    6392684 kB
Buffers:            2992 kB
Cached:          6487728 kB
SwapCached:            0 kB
Active:          7244892 kB
Inactive:        1976592 kB
Active(anon):    2442284 kB
Inactive(anon):   327160 kB
Active(file):    4802608 kB
Inactive(file):  1649432 kB
Unevictable:        5576 kB
Mlocked:            5576 kB
SwapTotal:       3145724 kB
SwapFree:        3140112 kB
Dirty:              1068 kB
Writeback:             0 kB
AnonPages:       2736456 kB
Mapped:           777132 kB
Shmem:             34144 kB
KReclaimable:     388124 kB
Slab:             244948 kB
SReclaimable:      94260 kB
SUnreclaim:       150688 kB
KernelStack:       54752 kB
PageTables:        70776 kB
NFS_Unstable:          0 kB
Bounce:                0 kB
WritebackTmp:          0 kB
CommitLimit:     9202292 kB
Committed_AS:   74493820 kB
VmallocTotal:   263061440 kB
VmallocUsed:      111820 kB
VmallocChunk:          0 kB
Percpu:             7616 kB
CmaTotal:         294912 kB
CmaFree:               0 kB
MemTotal:       12113140 kB
MemFree:          382560 kB
MemAvailable:    6392876 kB
Buffers:            2992 kB
Cached:          6487728 kB
SwapCached:            0 kB
Active:          7245212 kB
Inactive:        1976592 kB
Active(anon):    2442604 kB
Inactive(anon):   327160 kB
Active(file):    4802608 kB
Inactive(file):  1649432 kB
Unevictable:        5576 kB
Mlocked:            5576 kB
SwapTotal:       3145724 kB
SwapFree:        3140112 kB
Dirty:              1072 kB
Writeback:             0 kB
AnonPages:       2736720 kB
Mapped:           777132 kB
Shmem:             34144 kB
KReclaimable:     388108 kB
Slab:             244668 kB
SReclaimable:      94244 kB
SUnreclaim:       150424 kB
KernelStack:       54736 kB
PageTables:        70780 kB
NFS_Unstable:          0 kB
Bounce:                0 kB
WritebackTmp:          0 kB
CommitLimit:     9202292 kB
Committed_AS:   74493512 kB
VmallocTotal:   263061440 kB
VmallocUsed:      111772 kB
VmallocChunk:          0 kB
Percpu:             7616 kB
CmaTotal:         294912 kB
CmaFree:               0 kB
MemTotal:       12113140 kB
MemFree:          382224 kB
MemAvailable:    6392668 kB
Buffers:            2992 kB
Cached:          6487856 kB
SwapCached:            0 kB
Active:          7244988 kB
Inactive:        1976720 kB
Active(anon):    2442380 kB
Inactive(anon):   327160 kB
Active(file):    4802608 kB
Inactive(file):  1649560 kB
Unevictable:        5576 kB
Mlocked:            5576 kB
SwapTotal:       3145724 kB
SwapFree:        3140112 kB
Dirty:              1200 kB
Writeback:             0 kB
AnonPages:       2736588 kB
Mapped:           777132 kB
Shmem:             34144 kB
KReclaimable:     388108 kB
Slab:             244932 kB
SReclaimable:      94244 kB
SUnreclaim:       150688 kB
KernelStack:       54672 kB
PageTables:        70780 kB
NFS_Unstable:          0 kB
Bounce:                0 kB
WritebackTmp:          0 kB
CommitLimit:     9202292 kB
Committed_AS:   74493160 kB
VmallocTotal:   263061440 kB
VmallocUsed:      111708 kB
VmallocChunk:          0 kB
Percpu:             7616 kB
CmaTotal:         294912 kB
CmaFree:               0 kB
MemTotal:       12113140 kB
MemFree:          382568 kB
MemAvailable:    6393012 kB
Buffers:            2992 kB
Cached:          6487856 kB
SwapCached:            0 kB
Active:          7244340 kB
Inactive:        1976720 kB
Active(anon):    2441732 kB
Inactive(anon):   327160 kB
Active(file):    4802608 kB
Inactive(file):  1649560 kB
Unevictable:        5576 kB
Mlocked:            5576 kB
SwapTotal:       3145724 kB
SwapFree:        3140112 kB
Dirty:              1212 kB
Writeback:             0 kB
AnonPages:       2735768 kB
Mapped:           777132 kB
Shmem:             34144 kB
KReclaimable:     388108 kB
Slab:             244668 kB
SReclaimable:      94244 kB
SUnreclaim:       150424 kB
KernelStack:       54512 kB
PageTables:        70772 kB
NFS_Unstable:          0 kB
Bounce:                0 kB
WritebackTmp:          0 kB
CommitLimit:     9202292 kB
Committed_AS:   74492888 kB
VmallocTotal:   263061440 kB
VmallocUsed:      111612 kB
VmallocChunk:          0 kB
Percpu:             7616 kB
CmaTotal:         294912 kB
CmaFree:               0 kB
MemTotal:       12113140 kB
MemFree:          381384 kB
MemAvailable:    6391828 kB
Buffers:            2992 kB
Cached:          6487856 kB
SwapCached:            0 kB
Active:          7244600 kB
Inactive:        1976720 kB
Active(anon):    2441992 kB
Inactive(anon):   327160 kB
Active(file):    4802608 kB
Inactive(file):  1649560 kB
Unevictable:        5576 kB
Mlocked:            5576 kB
SwapTotal:       3145724 kB
SwapFree:        3140112 kB
Dirty:               536 kB
Writeback:             0 kB
AnonPages:       2736184 kB
Mapped:           777132 kB
Shmem:             34144 kB
KReclaimable:     388108 kB
Slab:             244660 kB
SReclaimable:      94244 kB
SUnreclaim:       150416 kB
KernelStack:       54512 kB
PageTables:        70768 kB
NFS_Unstable:          0 kB
Bounce:                0 kB
WritebackTmp:          0 kB
CommitLimit:     9202292 kB
Committed_AS:   74492916 kB
VmallocTotal:   263061440 kB
VmallocUsed:      111596 kB
VmallocChunk:          0 kB
Percpu:             7616 kB
CmaTotal:         294912 kB
CmaFree:               0 kB
MemTotal:       12113140 kB
MemFree:          381884 kB
MemAvailable:    6392456 kB
Buffers:            2992 kB
Cached:          6487984 kB
SwapCached:            0 kB
Active:          7245176 kB
Inactive:        1976848 kB
Active(anon):    2442568 kB
Inactive(anon):   327160 kB
Active(file):    4802608 kB
Inactive(file):  1649688 kB
Unevictable:        5576 kB
Mlocked:            5576 kB
SwapTotal:       3145724 kB
SwapFree:        3140112 kB
Dirty:               664 kB
Writeback:             0 kB
AnonPages:       2736736 kB
Mapped:           777148 kB
Shmem:             34144 kB
KReclaimable:     388108 kB
Slab:             244932 kB
SReclaimable:      94244 kB
SUnreclaim:       150688 kB
KernelStack:       54464 kB
PageTables:        71168 kB
NFS_Unstable:          0 kB
Bounce:                0 kB
WritebackTmp:          0 kB
CommitLimit:     9202292 kB
Committed_AS:   74481532 kB
VmallocTotal:   263061440 kB
VmallocUsed:      111580 kB
VmallocChunk:          0 kB
Percpu:             7616 kB
CmaTotal:         294912 kB
CmaFree:               0 kB
MemTotal:       12113140 kB
MemFree:          382620 kB
MemAvailable:    6393192 kB
Buffers:            2992 kB
Cached:          6487984 kB
SwapCached:            0 kB
Active:          7245260 kB
Inactive:        1976848 kB
Active(anon):    2442652 kB
Inactive(anon):   327160 kB
Active(file):    4802608 kB
Inactive(file):  1649688 kB
Unevictable:        5576 kB
Mlocked:            5576 kB
SwapTotal:       3145724 kB
SwapFree:        3140112 kB
Dirty:               696 kB
Writeback:             0 kB
AnonPages:       2736664 kB
Mapped:           777132 kB
Shmem:             34144 kB
KReclaimable:     388108 kB
Slab:             244668 kB
SReclaimable:      94244 kB
SUnreclaim:       150424 kB
KernelStack:       54496 kB
PageTables:        70768 kB
NFS_Unstable:          0 kB
Bounce:                0 kB
WritebackTmp:          0 kB
CommitLimit:     9202292 kB
Committed_AS:   74485964 kB
VmallocTotal:   263061440 kB
VmallocUsed:      111580 kB
VmallocChunk:          0 kB
Percpu:             7616 kB
CmaTotal:         294912 kB
CmaFree:               0 kB
MemTotal:       12113140 kB
MemFree:          419608 kB
MemAvailable:    6430308 kB
Buffers:            2992 kB
Cached:          6488112 kB
SwapCached:            0 kB
Active:          7208124 kB
Inactive:        1976976 kB
Active(anon):    2405516 kB
Inactive(anon):   327160 kB
Active(file):    4802608 kB
Inactive(file):  1649816 kB
Unevictable:        5576 kB
Mlocked:            5576 kB
SwapTotal:       3145724 kB
SwapFree:        3140112 kB
Dirty:               828 kB
Writeback:             0 kB
AnonPages:       2699752 kB
Mapped:           777132 kB
Shmem:             34144 kB
KReclaimable:     388108 kB
Slab:             244676 kB
SReclaimable:      94244 kB
SUnreclaim:       150432 kB
KernelStack:       54432 kB
PageTables:        70744 kB
NFS_Unstable:          0 kB
Bounce:                0 kB
WritebackTmp:          0 kB
CommitLimit:     9202292 kB
Committed_AS:   74489256 kB
VmallocTotal:   263061440 kB
VmallocUsed:      111468 kB
VmallocChunk:          0 kB
Percpu:             7616 kB
CmaTotal:         294912 kB
CmaFree:               0 kB
MemTotal:       12113140 kB
MemFree:          419608 kB
MemAvailable:    6430308 kB
Buffers:            2992 kB
Cached:          6488112 kB
SwapCached:            0 kB
Active:          7207492 kB
Inactive:        1976976 kB
Active(anon):    2404884 kB
Inactive(anon):   327160 kB
Active(file):    4802608 kB
Inactive(file):  1649816 kB
Unevictable:        5576 kB
Mlocked:            5576 kB
SwapTotal:       3145724 kB
SwapFree:        3140112 kB
Dirty:               912 kB
Writeback:             0 kB
AnonPages:       2699112 kB
Mapped:           777132 kB
Shmem:             34144 kB
KReclaimable:     388108 kB
Slab:             244676 kB
SReclaimable:      94244 kB
SUnreclaim:       150432 kB
KernelStack:       54336 kB
PageTables:        70736 kB
NFS_Unstable:          0 kB
Bounce:                0 kB
WritebackTmp:          0 kB
CommitLimit:     9202292 kB
Committed_AS:   74488860 kB
VmallocTotal:   263061440 kB
VmallocUsed:      111404 kB
VmallocChunk:          0 kB
Percpu:             7616 kB
CmaTotal:         294912 kB
CmaFree:               0 kB
MemTotal:       12113140 kB
MemFree:          418928 kB
MemAvailable:    6429628 kB
Buffers:            2992 kB
Cached:          6488112 kB
SwapCached:            0 kB
Active:          7208024 kB
Inactive:        1976976 kB
Active(anon):    2405416 kB
Inactive(anon):   327160 kB
Active(file):    4802608 kB
Inactive(file):  1649816 kB
Unevictable:        5576 kB
Mlocked:            5576 kB
SwapTotal:       3145724 kB
SwapFree:        3140112 kB
Dirty:               932 kB
Writeback:             0 kB
AnonPages:       2699624 kB
Mapped:           777132 kB
Shmem:             34144 kB
KReclaimable:     388108 kB
Slab:             244676 kB
SReclaimable:      94244 kB
SUnreclaim:       150432 kB
KernelStack:       54304 kB
PageTables:        70736 kB
NFS_Unstable:          0 kB
Bounce:                0 kB
WritebackTmp:          0 kB
CommitLimit:     9202292 kB
Committed_AS:   74483640 kB
VmallocTotal:   263061440 kB
VmallocUsed:      111372 kB
VmallocChunk:          0 kB
Percpu:             7616 kB
CmaTotal:         294912 kB
CmaFree:               0 kB
MemTotal:       12113140 kB
MemFree:          421908 kB
MemAvailable:    6432736 kB
Buffers:            2992 kB
Cached:          6488240 kB
SwapCached:            0 kB
Active:          7206424 kB
Inactive:        1977104 kB
Active(anon):    2403816 kB
Inactive(anon):   327160 kB
Active(file):    4802608 kB
Inactive(file):  1649944 kB
Unevictable:        5576 kB
Mlocked:            5576 kB
SwapTotal:       3145724 kB
SwapFree:        3140112 kB
Dirty:              1060 kB
Writeback:             0 kB
AnonPages:       2697920 kB
Mapped:           777132 kB
Shmem:             34144 kB
KReclaimable:     388108 kB
Slab:             244940 kB
SReclaimable:      94244 kB
SUnreclaim:       150696 kB
KernelStack:       54288 kB
PageTables:        71088 kB
NFS_Unstable:          0 kB
Bounce:                0 kB
WritebackTmp:          0 kB
CommitLimit:     9202292 kB
Committed_AS:   74487124 kB
VmallocTotal:   263061440 kB
VmallocUsed:      111340 kB
VmallocChunk:          0 kB
Percpu:             7616 kB
CmaTotal:         294912 kB
CmaFree:               0 kB
MemTotal:       12113140 kB
MemFree:          420636 kB
MemAvailable:    6431464 kB
Buffers:            2992 kB
Cached:          6488240 kB
SwapCached:            0 kB
Active:          7207660 kB
Inactive:        1977096 kB
Active(anon):    2405044 kB
Inactive(anon):   327160 kB
Active(file):    4802616 kB
Inactive(file):  1649936 kB
Unevictable:        5576 kB
Mlocked:            5576 kB
SwapTotal:       3145724 kB
SwapFree:        3140112 kB
Dirty:              1068 kB
Writeback:             0 kB
AnonPages:       2699272 kB
Mapped:           777132 kB
Shmem:             34144 kB
KReclaimable:     388108 kB
Slab:             244660 kB
SReclaimable:      94244 kB
SUnreclaim:       150416 kB
KernelStack:       54304 kB
PageTables:        70736 kB
NFS_Unstable:          0 kB
Bounce:                0 kB
WritebackTmp:          0 kB
CommitLimit:     9202292 kB
Committed_AS:   74486684 kB
VmallocTotal:   263061440 kB
VmallocUsed:      111276 kB
VmallocChunk:          0 kB
Percpu:             7616 kB
CmaTotal:         294912 kB
CmaFree:               0 kB
MemTotal:       12113140 kB
MemFree:          423732 kB
MemAvailable:    6434560 kB
Buffers:            2992 kB
Cached:          6488224 kB
SwapCached:            0 kB
Active:          7203752 kB
Inactive:        1977080 kB
Active(anon):    2401136 kB
Inactive(anon):   327144 kB
Active(file):    4802616 kB
Inactive(file):  1649936 kB
Unevictable:        5576 kB
Mlocked:            5576 kB
SwapTotal:       3145724 kB
SwapFree:        3140112 kB
Dirty:              1072 kB
Writeback:             0 kB
AnonPages:       2695396 kB
Mapped:           777076 kB
Shmem:             34128 kB
KReclaimable:     388108 kB
Slab:             244660 kB
SReclaimable:      94244 kB
SUnreclaim:       150416 kB
KernelStack:       54000 kB
PageTables:        69856 kB
NFS_Unstable:          0 kB
Bounce:                0 kB
WritebackTmp:          0 kB
CommitLimit:     9202292 kB
Committed_AS:   73160912 kB
VmallocTotal:   263061440 kB
VmallocUsed:      111028 kB
VmallocChunk:          0 kB
Percpu:             7616 kB
CmaTotal:         294912 kB
CmaFree:               0 kB
MemTotal:       12113140 kB
MemFree:          423032 kB
MemAvailable:    6433992 kB
Buffers:            2992 kB
Cached:          6488356 kB
SwapCached:            0 kB
Active:          7203836 kB
Inactive:        1977212 kB
Active(anon):    2401220 kB
Inactive(anon):   327144 kB
Active(file):    4802616 kB
Inactive(file):  1650068 kB
Unevictable:        5576 kB
Mlocked:            5576 kB
SwapTotal:       3145724 kB
SwapFree:        3140112 kB
Dirty:              1216 kB
Writeback:             0 kB
AnonPages:       2695428 kB
Mapped:           777076 kB
Shmem:             34128 kB
KReclaimable:     388108 kB
Slab:             244660 kB
SReclaimable:      94244 kB
SUnreclaim:       150416 kB
KernelStack:       53936 kB
PageTables:        70060 kB
NFS_Unstable:          0 kB
Bounce:                0 kB
WritebackTmp:          0 kB
CommitLimit:     9202292 kB
Committed_AS:   73160640 kB
VmallocTotal:   263061440 kB
VmallocUsed:      111028 kB
VmallocChunk:          0 kB
Percpu:             7616 kB
CmaTotal:         294912 kB
CmaFree:               0 kB
MemTotal:       12113140 kB
MemFree:          423288 kB
MemAvailable:    6434248 kB
Buffers:            2992 kB
Cached:          6488360 kB
SwapCached:            0 kB
Active:          7203912 kB
Inactive:        1977216 kB
Active(anon):    2401296 kB
Inactive(anon):   327148 kB
Active(file):    4802616 kB
Inactive(file):  1650068 kB
Unevictable:        5576 kB
Mlocked:            5576 kB
SwapTotal:       3145724 kB
SwapFree:        3140112 kB
Dirty:              1216 kB
Writeback:             0 kB
AnonPages:       2695384 kB
Mapped:           777080 kB
Shmem:             34132 kB
KReclaimable:     388108 kB
Slab:             244660 kB
SReclaimable:      94244 kB
SUnreclaim:       150416 kB
KernelStack:       53936 kB
PageTables:        70060 kB
NFS_Unstable:          0 kB
Bounce:                0 kB
WritebackTmp:          0 kB
CommitLimit:     9202292 kB
Committed_AS:   73160412 kB
VmallocTotal:   263061440 kB
VmallocUsed:      111028 kB
VmallocChunk:          0 kB
Percpu:             7616 kB
CmaTotal:         294912 kB
CmaFree:               0 kB
MemTotal:       12113140 kB
MemFree:          422744 kB
MemAvailable:    6433792 kB
Buffers:            2992 kB
Cached:          6488488 kB
SwapCached:            0 kB
Active:          7203320 kB
Inactive:        1977304 kB
Active(anon):    2400704 kB
Inactive(anon):   327148 kB
Active(file):    4802616 kB
Inactive(file):  1650156 kB
Unevictable:        5576 kB
Mlocked:            5576 kB
SwapTotal:       3145724 kB
SwapFree:        3140112 kB
Dirty:              1364 kB
Writeback:             0 kB
AnonPages:       2694880 kB
Mapped:           777080 kB
Shmem:             34132 kB
KReclaimable:     388108 kB
Slab:             244660 kB
SReclaimable:      94244 kB
SUnreclaim:       150416 kB
KernelStack:       53936 kB
PageTables:        69968 kB
NFS_Unstable:          0 kB
Bounce:                0 kB
WritebackTmp:          0 kB
CommitLimit:     9202292 kB
Committed_AS:   73164368 kB
VmallocTotal:   263061440 kB
VmallocUsed:      110964 kB
VmallocChunk:          0 kB
Percpu:             7616 kB
CmaTotal:         294912 kB
CmaFree:               0 kB
MemTotal:       12113140 kB
MemFree:          422444 kB
MemAvailable:    6433532 kB
Buffers:            2992 kB
Cached:          6488488 kB
SwapCached:            0 kB
Active:          7203608 kB
Inactive:        1977344 kB
Active(anon):    2400992 kB
Inactive(anon):   327148 kB
Active(file):    4802616 kB
Inactive(file):  1650196 kB
Unevictable:        5576 kB
Mlocked:            5576 kB
SwapTotal:       3145724 kB
SwapFree:        3140112 kB
Dirty:              1364 kB
Writeback:             0 kB
AnonPages:       2695180 kB
Mapped:           777080 kB
Shmem:             34132 kB
KReclaimable:     388108 kB
Slab:             244660 kB
SReclaimable:      94244 kB
SUnreclaim:       150416 kB
KernelStack:       53936 kB
PageTables:        70060 kB
NFS_Unstable:          0 kB
Bounce:                0 kB
WritebackTmp:          0 kB
CommitLimit:     9202292 kB
Committed_AS:   73164192 kB
VmallocTotal:   263061440 kB
VmallocUsed:      110932 kB
VmallocChunk:          0 kB
Percpu:             7616 kB
CmaTotal:         294912 kB
CmaFree:               0 kB
MemTotal:       12113140 kB
MemFree:          412548 kB
MemAvailable:    6423636 kB
Buffers:            2992 kB
Cached:          6488492 kB
SwapCached:            0 kB
Active:          7217088 kB
Inactive:        1977348 kB
Active(anon):    2414472 kB
Inactive(anon):   327152 kB
Active(file):    4802616 kB
Inactive(file):  1650196 kB
Unevictable:        5576 kB
Mlocked:            5576 kB
SwapTotal:       3145724 kB
SwapFree:        3140112 kB
Dirty:              1388 kB
Writeback:             0 kB
AnonPages:       2708964 kB
Mapped:           777096 kB
Shmem:             34136 kB
KReclaimable:     388108 kB
Slab:             244660 kB
SReclaimable:      94244 kB
SUnreclaim:       150416 kB
KernelStack:       53920 kB
PageTables:        70056 kB
NFS_Unstable:          0 kB
Bounce:                0 kB
WritebackTmp:          0 kB
CommitLimit:     9202292 kB
Committed_AS:   73164884 kB
VmallocTotal:   263061440 kB
VmallocUsed:      110980 kB
VmallocChunk:          0 kB
Percpu:             7616 kB
CmaTotal:         294912 kB
CmaFree:               0 kB
MemTotal:       12113140 kB
MemFree:          413120 kB
MemAvailable:    6424208 kB
Buffers:            2992 kB
Cached:          6488492 kB
SwapCached:            0 kB
Active:          7212804 kB
Inactive:        1977348 kB
Active(anon):    2410188 kB
Inactive(anon):   327152 kB
Active(file):    4802616 kB
Inactive(file):  1650196 kB
Unevictable:        5576 kB
Mlocked:            5576 kB
SwapTotal:       3145724 kB
SwapFree:        3140112 kB
Dirty:              1388 kB
Writeback:             0 kB
AnonPages:       2704144 kB
Mapped:           777096 kB
Shmem:             34136 kB
KReclaimable:     388108 kB
Slab:             244660 kB
SReclaimable:      94244 kB
SUnreclaim:       150416 kB
KernelStack:       53904 kB
PageTables:        70300 kB
NFS_Unstable:          0 kB
Bounce:                0 kB
WritebackTmp:          0 kB
CommitLimit:     9202292 kB
Committed_AS:   73167708 kB
VmallocTotal:   263061440 kB
VmallocUsed:      110980 kB
VmallocChunk:          0 kB
Percpu:             7616 kB
CmaTotal:         294912 kB
CmaFree:               0 kB
MemTotal:       12113140 kB
MemFree:          412332 kB
MemAvailable:    6423552 kB
Buffers:            2992 kB
Cached:          6488624 kB
SwapCached:            0 kB
Active:          7211896 kB
Inactive:        1977480 kB
Active(anon):    2409280 kB
Inactive(anon):   327152 kB
Active(file):    4802616 kB
Inactive(file):  1650328 kB
Unevictable:        5576 kB
Mlocked:            5576 kB
SwapTotal:       3145724 kB
SwapFree:        3140112 kB
Dirty:              1532 kB
Writeback:             0 kB
AnonPages:       2703476 kB
Mapped:           777096 kB
Shmem:             34136 kB
KReclaimable:     388108 kB
Slab:             244660 kB
SReclaimable:      94244 kB
SUnreclaim:       150416 kB
KernelStack:       53904 kB
PageTables:        70052 kB
NFS_Unstable:          0 kB
Bounce:                0 kB
WritebackTmp:          0 kB
CommitLimit:     9202292 kB
Committed_AS:   73167400 kB
VmallocTotal:   263061440 kB
VmallocUsed:      110980 kB
VmallocChunk:          0 kB
Percpu:             7616 kB
CmaTotal:         294912 kB
CmaFree:               0 kB
MemTotal:       12113140 kB
MemFree:          391496 kB
MemAvailable:    6402716 kB
Buffers:            2992 kB
Cached:          6488836 kB
SwapCached:            0 kB
Active:          7231420 kB
Inactive:        1977692 kB
Active(anon):    2428804 kB
Inactive(anon):   327364 kB
Active(file):    4802616 kB
Inactive(file):  1650328 kB
Unevictable:        5576 kB
Mlocked:            5576 kB
SwapTotal:       3145724 kB
SwapFree:        3140112 kB
Dirty:              1532 kB
Writeback:             0 kB
AnonPages:       2722524 kB
Mapped:           777296 kB
Shmem:             34348 kB
KReclaimable:     388108 kB
Slab:             244660 kB
SReclaimable:      94244 kB
SUnreclaim:       150416 kB
KernelStack:       53904 kB
PageTables:        70236 kB
NFS_Unstable:          0 kB
Bounce:                0 kB
WritebackTmp:          0 kB
CommitLimit:     9202292 kB
Committed_AS:   73167488 kB
VmallocTotal:   263061440 kB
VmallocUsed:      110964 kB
VmallocChunk:          0 kB
Percpu:             7616 kB
CmaTotal:         294912 kB
CmaFree:               0 kB
MemTotal:       12113140 kB
MemFree:          391284 kB
MemAvailable:    6402632 kB
Buffers:            2992 kB
Cached:          6488752 kB
SwapCached:            0 kB
Active:          7232080 kB
Inactive:        1977608 kB
Active(anon):    2429464 kB
Inactive(anon):   327152 kB
Active(file):    4802616 kB
Inactive(file):  1650456 kB
Unevictable:        5576 kB
Mlocked:            5576 kB
SwapTotal:       3145724 kB
SwapFree:        3140112 kB
Dirty:              1660 kB
Writeback:             0 kB
AnonPages:       2723608 kB
Mapped:           777096 kB
Shmem:             34136 kB
KReclaimable:     388108 kB
Slab:             244652 kB
SReclaimable:      94244 kB
SUnreclaim:       150408 kB
KernelStack:       53904 kB
PageTables:        70292 kB
NFS_Unstable:          0 kB
Bounce:                0 kB
WritebackTmp:          0 kB
CommitLimit:     9202292 kB
Committed_AS:   73170076 kB
VmallocTotal:   263061440 kB
VmallocUsed:      110932 kB
VmallocChunk:          0 kB
Percpu:             7616 kB
CmaTotal:         294912 kB
CmaFree:               0 kB
MemTotal:       12113140 kB
MemFree:          408260 kB
MemAvailable:    6418680 kB
Buffers:            2992 kB
Cached:          6488856 kB
SwapCached:            0 kB
Active:          7214140 kB
Inactive:        1977692 kB
Active(anon):    2411504 kB
Inactive(anon):   327152 kB
Active(file):    4802636 kB
Inactive(file):  1650540 kB
Unevictable:        5576 kB
Mlocked:            5576 kB
SwapTotal:       3145724 kB
SwapFree:        3140112 kB
Dirty:              1776 kB
Writeback:             0 kB
AnonPages:       2705472 kB
Mapped:           778284 kB
Shmem:             34136 kB
KReclaimable:     386048 kB
Slab:             244684 kB
SReclaimable:      94256 kB
SUnreclaim:       150428 kB
KernelStack:       53872 kB
PageTables:        70044 kB
NFS_Unstable:          0 kB
Bounce:                0 kB
WritebackTmp:          0 kB
CommitLimit:     9202292 kB
Committed_AS:   73169572 kB
VmallocTotal:   263061440 kB
VmallocUsed:      110932 kB
VmallocChunk:          0 kB
Percpu:             7616 kB
CmaTotal:         294912 kB
CmaFree:               0 kB
MemTotal:       12113140 kB
MemFree:          397920 kB
MemAvailable:    6408452 kB
Buffers:            2992 kB
Cached:          6488984 kB
SwapCached:            0 kB
Active:          7225524 kB
Inactive:        1977820 kB
Active(anon):    2422888 kB
Inactive(anon):   327152 kB
Active(file):    4802636 kB
Inactive(file):  1650668 kB
Unevictable:        5576 kB
Mlocked:            5576 kB
SwapTotal:       3145724 kB
SwapFree:        3140112 kB
Dirty:              1904 kB
Writeback:             0 kB
AnonPages:       2717028 kB
Mapped:           778304 kB
Shmem:             34136 kB
KReclaimable:     386016 kB
Slab:             244692 kB
SReclaimable:      94256 kB
SUnreclaim:       150436 kB
KernelStack:       53872 kB
PageTables:        70044 kB
NFS_Unstable:          0 kB
Bounce:                0 kB
WritebackTmp:          0 kB
CommitLimit:     9202292 kB
Committed_AS:   73169352 kB
VmallocTotal:   263061440 kB
VmallocUsed:      110932 kB
VmallocChunk:          0 kB
Percpu:             7616 kB
CmaTotal:         294912 kB
CmaFree:               0 kB
MemTotal:       12113140 kB
MemFree:          399340 kB
MemAvailable:    6409872 kB
Buffers:            2992 kB
Cached:          6488984 kB
SwapCached:            0 kB
Active:          7225468 kB
Inactive:        1977820 kB
Active(anon):    2422832 kB
Inactive(anon):   327152 kB
Active(file):    4802636 kB
Inactive(file):  1650668 kB
Unevictable:        5576 kB
Mlocked:            5576 kB
SwapTotal:       3145724 kB
SwapFree:        3140112 kB
Dirty:              1904 kB
Writeback:             0 kB
AnonPages:       2716988 kB
Mapped:           778304 kB
Shmem:             34136 kB
KReclaimable:     386016 kB
Slab:             244692 kB
SReclaimable:      94256 kB
SUnreclaim:       150436 kB
KernelStack:       53872 kB
PageTables:        70048 kB
NFS_Unstable:          0 kB
Bounce:                0 kB
WritebackTmp:          0 kB
CommitLimit:     9202292 kB
Committed_AS:   73169228 kB
VmallocTotal:   263061440 kB
VmallocUsed:      110916 kB
VmallocChunk:          0 kB
Percpu:             7616 kB
CmaTotal:         294912 kB
CmaFree:               0 kB
MemTotal:       12113140 kB
MemFree:          398356 kB
MemAvailable:    6409124 kB
Buffers:            2992 kB
Cached:          6489220 kB
SwapCached:            0 kB
Active:          7226356 kB
Inactive:        1978056 kB
Active(anon):    2423720 kB
Inactive(anon):   327156 kB
Active(file):    4802636 kB
Inactive(file):  1650900 kB
Unevictable:        5576 kB
Mlocked:            5576 kB
SwapTotal:       3145724 kB
SwapFree:        3140112 kB
Dirty:              2156 kB
Writeback:             0 kB
AnonPages:       2717796 kB
Mapped:           778324 kB
Shmem:             34140 kB
KReclaimable:     386024 kB
Slab:             244700 kB
SReclaimable:      94264 kB
SUnreclaim:       150436 kB
KernelStack:       53856 kB
PageTables:        70040 kB
NFS_Unstable:          0 kB
Bounce:                0 kB
WritebackTmp:          0 kB
CommitLimit:     9202292 kB
Committed_AS:   73167556 kB
VmallocTotal:   263061440 kB
VmallocUsed:      110932 kB
VmallocChunk:          0 kB
Percpu:             7616 kB
CmaTotal:         294912 kB
CmaFree:               0 kB
MemTotal:       12113140 kB
MemFree:          400360 kB
MemAvailable:    6411112 kB
Buffers:            2992 kB
Cached:          6489220 kB
SwapCached:            0 kB
Active:          7226468 kB
Inactive:        1978056 kB
Active(anon):    2423832 kB
Inactive(anon):   327156 kB
Active(file):    4802636 kB
Inactive(file):  1650900 kB
Unevictable:        5576 kB
Mlocked:            5576 kB
SwapTotal:       3145724 kB
SwapFree:        3140112 kB
Dirty:              2156 kB
Writeback:             0 kB
AnonPages:       2717964 kB
Mapped:           778364 kB
Shmem:             34140 kB
KReclaimable:     385992 kB
Slab:             244700 kB
SReclaimable:      94264 kB
SUnreclaim:       150436 kB
KernelStack:       53856 kB
PageTables:        70060 kB
NFS_Unstable:          0 kB
Bounce:                0 kB
WritebackTmp:          0 kB
CommitLimit:     9202292 kB
Committed_AS:   73170208 kB
VmallocTotal:   263061440 kB
VmallocUsed:      110900 kB
VmallocChunk:          0 kB
Percpu:             7616 kB
CmaTotal:         294912 kB
CmaFree:               0 kB
MemTotal:       12113140 kB
MemFree:          401020 kB
MemAvailable:    6411844 kB
Buffers:            2996 kB
Cached:          6489440 kB
SwapCached:            0 kB
Active:          7226792 kB
Inactive:        1978272 kB
Active(anon):    2424148 kB
Inactive(anon):   327156 kB
Active(file):    4802644 kB
Inactive(file):  1651116 kB
Unevictable:        5576 kB
Mlocked:            5576 kB
SwapTotal:       3145724 kB
SwapFree:        3140112 kB
Dirty:              1968 kB
Writeback:             0 kB
AnonPages:       2718400 kB
Mapped:           778544 kB
Shmem:             34140 kB
KReclaimable:     385688 kB
Slab:             244704 kB
SReclaimable:      94264 kB
SUnreclaim:       150440 kB
KernelStack:       53824 kB
PageTables:        70044 kB
NFS_Unstable:          0 kB
Bounce:                0 kB
WritebackTmp:          0 kB
CommitLimit:     9202292 kB
Committed_AS:   73166336 kB
VmallocTotal:   263061440 kB
VmallocUsed:      110868 kB
VmallocChunk:          0 kB
Percpu:             7616 kB
CmaTotal:         294912 kB
CmaFree:               0 kB
MemTotal:       12113140 kB
MemFree:          400644 kB
MemAvailable:    6411452 kB
Buffers:            2996 kB
Cached:          6489448 kB
SwapCached:            0 kB
Active:          7227300 kB
Inactive:        1978276 kB
Active(anon):    2424656 kB
Inactive(anon):   327160 kB
Active(file):    4802644 kB
Inactive(file):  1651116 kB
Unevictable:        5576 kB
Mlocked:            5576 kB
SwapTotal:       3145724 kB
SwapFree:        3140112 kB
Dirty:              1984 kB
Writeback:             0 kB
AnonPages:       2718776 kB
Mapped:           778568 kB
Shmem:             34144 kB
KReclaimable:     385656 kB
Slab:             244704 kB
SReclaimable:      94264 kB
SUnreclaim:       150440 kB
KernelStack:       53824 kB
PageTables:        70044 kB
NFS_Unstable:          0 kB
Bounce:                0 kB
WritebackTmp:          0 kB
CommitLimit:     9202292 kB
Committed_AS:   73160220 kB
VmallocTotal:   263061440 kB
VmallocUsed:      110884 kB
VmallocChunk:          0 kB
Percpu:             7616 kB
CmaTotal:         294912 kB
CmaFree:               0 kB
MemTotal:       12113140 kB
MemFree:          387928 kB
MemAvailable:    6398860 kB
Buffers:            2996 kB
Cached:          6489580 kB
SwapCached:            0 kB
Active:          7237876 kB
Inactive:        1978396 kB
Active(anon):    2435228 kB
Inactive(anon):   327160 kB
Active(file):    4802648 kB
Inactive(file):  1651236 kB
Unevictable:        5576 kB
Mlocked:            5576 kB
SwapTotal:       3145724 kB
SwapFree:        3140112 kB
Dirty:              2116 kB
Writeback:             0 kB
AnonPages:       2729532 kB
Mapped:           778568 kB
Shmem:             34144 kB
KReclaimable:     385656 kB
Slab:             244704 kB
SReclaimable:      94264 kB
SUnreclaim:       150440 kB
KernelStack:       53824 kB
PageTables:        70040 kB
NFS_Unstable:          0 kB
Bounce:                0 kB
WritebackTmp:          0 kB
CommitLimit:     9202292 kB
Committed_AS:   73166412 kB
VmallocTotal:   263061440 kB
VmallocUsed:      110868 kB
VmallocChunk:          0 kB
Percpu:             7616 kB
CmaTotal:         294912 kB
CmaFree:               0 kB
MemTotal:       12113140 kB
MemFree:          391492 kB
MemAvailable:    6402436 kB
Buffers:            2996 kB
Cached:          6489580 kB
SwapCached:            0 kB
Active:          7233400 kB
Inactive:        1978408 kB
Active(anon):    2430752 kB
Inactive(anon):   327160 kB
Active(file):    4802648 kB
Inactive(file):  1651248 kB
Unevictable:        5576 kB
Mlocked:            5576 kB
SwapTotal:       3145724 kB
SwapFree:        3140112 kB
Dirty:              2116 kB
Writeback:             0 kB
AnonPages:       2724776 kB
Mapped:           778568 kB
Shmem:             34144 kB
KReclaimable:     385656 kB
Slab:             244704 kB
SReclaimable:      94264 kB
SUnreclaim:       150440 kB
KernelStack:       53824 kB
PageTables:        70040 kB
NFS_Unstable:          0 kB
Bounce:                0 kB
WritebackTmp:          0 kB
CommitLimit:     9202292 kB
Committed_AS:   73166148 kB
VmallocTotal:   263061440 kB
VmallocUsed:      110852 kB
VmallocChunk:          0 kB
Percpu:             7616 kB
CmaTotal:         294912 kB
CmaFree:               0 kB
MemTotal:       12113140 kB
MemFree:          390852 kB
MemAvailable:    6401924 kB
Buffers:            2996 kB
Cached:          6489708 kB
SwapCached:            0 kB
Active:          7234356 kB
Inactive:        1978540 kB
Active(anon):    2431712 kB
Inactive(anon):   327160 kB
Active(file):    4802644 kB
Inactive(file):  1651380 kB
Unevictable:        5576 kB
Mlocked:            5576 kB
SwapTotal:       3145724 kB
SwapFree:        3140112 kB
Dirty:              2268 kB
Writeback:             0 kB
AnonPages:       2725908 kB
Mapped:           778568 kB
Shmem:             34144 kB
KReclaimable:     385656 kB
Slab:             244704 kB
SReclaimable:      94264 kB
SUnreclaim:       150440 kB
KernelStack:       53824 kB
PageTables:        70052 kB
NFS_Unstable:          0 kB
Bounce:                0 kB
WritebackTmp:          0 kB
CommitLimit:     9202292 kB
Committed_AS:   73166060 kB
VmallocTotal:   263061440 kB
VmallocUsed:      110836 kB
VmallocChunk:          0 kB
Percpu:             7616 kB
CmaTotal:         294912 kB
CmaFree:               0 kB
MemTotal:       12113140 kB
MemFree:          380044 kB
MemAvailable:    6402348 kB
Buffers:            3004 kB
Cached:          6500960 kB
SwapCached:            0 kB
Active:          7235216 kB
Inactive:        1989872 kB
Active(anon):    2432644 kB
Inactive(anon):   327160 kB
Active(file):    4802572 kB
Inactive(file):  1662712 kB
Unevictable:        5576 kB
Mlocked:            5576 kB
SwapTotal:       3145724 kB
SwapFree:        3140112 kB
Dirty:             13508 kB
Writeback:             0 kB
AnonPages:       2726840 kB
Mapped:           778652 kB
Shmem:             34144 kB
KReclaimable:     385600 kB
Slab:             244720 kB
SReclaimable:      94280 kB
SUnreclaim:       150440 kB
KernelStack:       53824 kB
PageTables:        70040 kB
NFS_Unstable:          0 kB
Bounce:                0 kB
WritebackTmp:          0 kB
CommitLimit:     9202292 kB
Committed_AS:   73166148 kB
VmallocTotal:   263061440 kB
VmallocUsed:      110852 kB
VmallocChunk:          0 kB
Percpu:             7616 kB
CmaTotal:         294912 kB
CmaFree:               0 kB
MemTotal:       12113140 kB
MemFree:          381304 kB
MemAvailable:    6403736 kB
Buffers:            3004 kB
Cached:          6501088 kB
SwapCached:            0 kB
Active:          7235148 kB
Inactive:        1990000 kB
Active(anon):    2432576 kB
Inactive(anon):   327160 kB
Active(file):    4802572 kB
Inactive(file):  1662840 kB
Unevictable:        5576 kB
Mlocked:            5576 kB
SwapTotal:       3145724 kB
SwapFree:        3140112 kB
Dirty:             13640 kB
Writeback:             0 kB
AnonPages:       2726596 kB
Mapped:           778664 kB
Shmem:             34144 kB
KReclaimable:     385600 kB
Slab:             244720 kB
SReclaimable:      94280 kB
SUnreclaim:       150440 kB
KernelStack:       53824 kB
PageTables:        70040 kB
NFS_Unstable:          0 kB
Bounce:                0 kB
WritebackTmp:          0 kB
CommitLimit:     9202292 kB
Committed_AS:   73170592 kB
VmallocTotal:   263061440 kB
VmallocUsed:      110868 kB
VmallocChunk:          0 kB
Percpu:             7616 kB
CmaTotal:         294912 kB
CmaFree:               0 kB
MemTotal:       12113140 kB
MemFree:          380076 kB
MemAvailable:    6402508 kB
Buffers:            3004 kB
Cached:          6501088 kB
SwapCached:            0 kB
Active:          7235584 kB
Inactive:        1990000 kB
Active(anon):    2433012 kB
Inactive(anon):   327160 kB
Active(file):    4802572 kB
Inactive(file):  1662840 kB
Unevictable:        5576 kB
Mlocked:            5576 kB
SwapTotal:       3145724 kB
SwapFree:        3140112 kB
Dirty:               920 kB
Writeback:             0 kB
AnonPages:       2727108 kB
Mapped:           778672 kB
Shmem:             34144 kB
KReclaimable:     385600 kB
Slab:             244720 kB
SReclaimable:      94280 kB
SUnreclaim:       150440 kB
KernelStack:       53824 kB
PageTables:        70040 kB
NFS_Unstable:          0 kB
Bounce:                0 kB
WritebackTmp:          0 kB
CommitLimit:     9202292 kB
Committed_AS:   73170204 kB
VmallocTotal:   263061440 kB
VmallocUsed:      110852 kB
VmallocChunk:          0 kB
Percpu:             7616 kB
CmaTotal:         294912 kB
CmaFree:               0 kB
MemTotal:       12113140 kB
MemFree:          404384 kB
MemAvailable:    6426816 kB
Buffers:            3004 kB
Cached:          6501088 kB
SwapCached:            0 kB
Active:          7210020 kB
Inactive:        1989972 kB
Active(anon):    2407420 kB
Inactive(anon):   327160 kB
Active(file):    4802600 kB
Inactive(file):  1662812 kB
Unevictable:        5576 kB
Mlocked:            5576 kB
SwapTotal:       3145724 kB
SwapFree:        3140112 kB
Dirty:               760 kB
Writeback:             0 kB
AnonPages:       2701588 kB
Mapped:           778680 kB
Shmem:             34144 kB
KReclaimable:     385600 kB
Slab:             244716 kB
SReclaimable:      94280 kB
SUnreclaim:       150436 kB
KernelStack:       53824 kB
PageTables:        70036 kB
NFS_Unstable:          0 kB
Bounce:                0 kB
WritebackTmp:          0 kB
CommitLimit:     9202292 kB
Committed_AS:   73166524 kB
VmallocTotal:   263061440 kB
VmallocUsed:      110852 kB
VmallocChunk:          0 kB
Percpu:             7616 kB
CmaTotal:         294912 kB
CmaFree:               0 kB
MemTotal:       12113140 kB
MemFree:          404700 kB
MemAvailable:    6427132 kB
Buffers:            3004 kB
Cached:          6501088 kB
SwapCached:            0 kB
Active:          7210348 kB
Inactive:        1989972 kB
Active(anon):    2407748 kB
Inactive(anon):   327160 kB
Active(file):    4802600 kB
Inactive(file):  1662812 kB
Unevictable:        5576 kB
Mlocked:            5576 kB
SwapTotal:       3145724 kB
SwapFree:        3140112 kB
Dirty:               764 kB
Writeback:             0 kB
AnonPages:       2701920 kB
Mapped:           778684 kB
Shmem:             34144 kB
KReclaimable:     385600 kB
Slab:             244716 kB
SReclaimable:      94280 kB
SUnreclaim:       150436 kB
KernelStack:       53824 kB
PageTables:        70048 kB
NFS_Unstable:          0 kB
Bounce:                0 kB
WritebackTmp:          0 kB
CommitLimit:     9202292 kB
Committed_AS:   73166304 kB
VmallocTotal:   263061440 kB
VmallocUsed:      110836 kB
VmallocChunk:          0 kB
Percpu:             7616 kB
CmaTotal:         294912 kB
CmaFree:               0 kB
MemTotal:       12113140 kB
MemFree:          405092 kB
MemAvailable:    6427652 kB
Buffers:            3004 kB
Cached:          6501216 kB
SwapCached:            0 kB
Active:          7210744 kB
Inactive:        1990100 kB
Active(anon):    2408144 kB
Inactive(anon):   327160 kB
Active(file):    4802600 kB
Inactive(file):  1662940 kB
Unevictable:        5576 kB
Mlocked:            5576 kB
SwapTotal:       3145724 kB
SwapFree:        3140112 kB
Dirty:               928 kB
Writeback:             0 kB
AnonPages:       2702368 kB
Mapped:           778688 kB
Shmem:             34144 kB
KReclaimable:     385600 kB
Slab:             244716 kB
SReclaimable:      94280 kB
SUnreclaim:       150436 kB
KernelStack:       53840 kB
PageTables:        70036 kB
NFS_Unstable:          0 kB
Bounce:                0 kB
WritebackTmp:          0 kB
CommitLimit:     9202292 kB
Committed_AS:   73161860 kB
VmallocTotal:   263061440 kB
VmallocUsed:      110852 kB
VmallocChunk:          0 kB
Percpu:             7616 kB
CmaTotal:         294912 kB
CmaFree:               0 kB
MemTotal:       12113140 kB
MemFree:          404636 kB
MemAvailable:    6427224 kB
Buffers:            3008 kB
Cached:          6501244 kB
SwapCached:            0 kB
Active:          7211356 kB
Inactive:        1990128 kB
Active(anon):    2408752 kB
Inactive(anon):   327164 kB
Active(file):    4802604 kB
Inactive(file):  1662964 kB
Unevictable:        5576 kB
Mlocked:            5576 kB
SwapTotal:       3145724 kB
SwapFree:        3140112 kB
Dirty:               932 kB
Writeback:             0 kB
AnonPages:       2702844 kB
Mapped:           778744 kB
Shmem:             34148 kB
KReclaimable:     385600 kB
Slab:             244716 kB
SReclaimable:      94280 kB
SUnreclaim:       150436 kB
KernelStack:       53824 kB
PageTables:        70044 kB
NFS_Unstable:          0 kB
Bounce:                0 kB
WritebackTmp:          0 kB
CommitLimit:     9202292 kB
Committed_AS:   73161596 kB
VmallocTotal:   263061440 kB
VmallocUsed:      110820 kB
