MemTotal:       12113132 kB
MemFree:         6333916 kB
MemAvailable:    7963924 kB
Buffers:            7028 kB
Cached:          1938352 kB
SwapCached:            0 kB
Active:          1524636 kB
Inactive:        1692072 kB
Active(anon):    1277800 kB
Inactive(anon):    26540 kB
Active(file):     246836 kB
Inactive(file):  1665532 kB
Unevictable:        5552 kB
Mlocked:            5552 kB
SwapTotal:       3145724 kB
SwapFree:        3145724 kB
Dirty:               312 kB
Writeback:             0 kB
AnonPages:       1276812 kB
Mapped:           859364 kB
Shmem:             28512 kB
KReclaimable:     586344 kB
Slab:             225052 kB
SReclaimable:      80452 kB
SUnreclaim:       144600 kB
KernelStack:       46384 kB
PageTables:        63244 kB
NFS_Unstable:          0 kB
Bounce:                0 kB
WritebackTmp:          0 kB
CommitLimit:     9202288 kB
Committed_AS:   66136412 kB
VmallocTotal:   263061440 kB
VmallocUsed:      103532 kB
VmallocChunk:          0 kB
Percpu:             7648 kB
CmaTotal:         294912 kB
CmaFree:               0 kB
MemTotal:       12113132 kB
MemFree:         6330604 kB
MemAvailable:    7960680 kB
Buffers:            7028 kB
Cached:          1938420 kB
SwapCached:            0 kB
Active:          1526184 kB
Inactive:        1692104 kB
Active(anon):    1279312 kB
Inactive(anon):    26540 kB
Active(file):     246872 kB
Inactive(file):  1665564 kB
Unevictable:        5552 kB
Mlocked:            5552 kB
SwapTotal:       3145724 kB
SwapFree:        3145724 kB
Dirty:               408 kB
Writeback:             0 kB
AnonPages:       1278428 kB
Mapped:           859400 kB
Shmem:             28512 kB
KReclaimable:     586344 kB
Slab:             225028 kB
SReclaimable:      80452 kB
SUnreclaim:       144576 kB
KernelStack:       46368 kB
PageTables:        63192 kB
NFS_Unstable:          0 kB
Bounce:                0 kB
WritebackTmp:          0 kB
CommitLimit:     9202288 kB
Committed_AS:   66140896 kB
VmallocTotal:   263061440 kB
VmallocUsed:      103532 kB
VmallocChunk:          0 kB
Percpu:             7648 kB
CmaTotal:         294912 kB
CmaFree:               0 kB
MemTotal:       12113132 kB
MemFree:         6329276 kB
MemAvailable:    7959356 kB
Buffers:            7028 kB
Cached:          1938424 kB
SwapCached:            0 kB
Active:          1527356 kB
Inactive:        1692108 kB
Active(anon):    1280484 kB
Inactive(anon):    26540 kB
Active(file):     246872 kB
Inactive(file):  1665568 kB
Unevictable:        5552 kB
Mlocked:            5552 kB
SwapTotal:       3145724 kB
SwapFree:        3145724 kB
Dirty:               460 kB
Writeback:             0 kB
AnonPages:       1279584 kB
Mapped:           859432 kB
Shmem:             28512 kB
KReclaimable:     586344 kB
Slab:             225032 kB
SReclaimable:      80452 kB
SUnreclaim:       144580 kB
KernelStack:       46384 kB
PageTables:        63240 kB
NFS_Unstable:          0 kB
Bounce:                0 kB
WritebackTmp:          0 kB
CommitLimit:     9202288 kB
Committed_AS:   66141964 kB
VmallocTotal:   263061440 kB
VmallocUsed:      103532 kB
VmallocChunk:          0 kB
Percpu:             7648 kB
CmaTotal:         294912 kB
CmaFree:               0 kB
MemTotal:       12113132 kB
MemFree:         6328452 kB
MemAvailable:    7958544 kB
Buffers:            7028 kB
Cached:          1938436 kB
SwapCached:            0 kB
Active:          1528848 kB
Inactive:        1692120 kB
Active(anon):    1281976 kB
Inactive(anon):    26540 kB
Active(file):     246872 kB
Inactive(file):  1665580 kB
Unevictable:        5552 kB
Mlocked:            5552 kB
SwapTotal:       3145724 kB
SwapFree:        3145724 kB
Dirty:               504 kB
Writeback:             0 kB
AnonPages:       1280900 kB
Mapped:           859468 kB
Shmem:             28512 kB
KReclaimable:     586344 kB
Slab:             225032 kB
SReclaimable:      80452 kB
SUnreclaim:       144580 kB
KernelStack:       46384 kB
PageTables:        63248 kB
NFS_Unstable:          0 kB
Bounce:                0 kB
WritebackTmp:          0 kB
CommitLimit:     9202288 kB
Committed_AS:   66137108 kB
VmallocTotal:   263061440 kB
VmallocUsed:      103500 kB
VmallocChunk:          0 kB
Percpu:             7648 kB
CmaTotal:         294912 kB
CmaFree:               0 kB
MemTotal:       12113132 kB
MemFree:         6328568 kB
MemAvailable:    7958676 kB
Buffers:            7028 kB
Cached:          1938452 kB
SwapCached:            0 kB
Active:          1529420 kB
Inactive:        1692136 kB
Active(anon):    1282548 kB
Inactive(anon):    26540 kB
Active(file):     246872 kB
Inactive(file):  1665596 kB
Unevictable:        5552 kB
Mlocked:            5552 kB
SwapTotal:       3145724 kB
SwapFree:        3145724 kB
Dirty:               552 kB
Writeback:             0 kB
AnonPages:       1281476 kB
Mapped:           859492 kB
Shmem:             28512 kB
KReclaimable:     586344 kB
Slab:             225036 kB
SReclaimable:      80452 kB
SUnreclaim:       144584 kB
KernelStack:       46368 kB
PageTables:        63240 kB
NFS_Unstable:          0 kB
Bounce:                0 kB
WritebackTmp:          0 kB
CommitLimit:     9202288 kB
Committed_AS:   66138216 kB
VmallocTotal:   263061440 kB
VmallocUsed:      103500 kB
VmallocChunk:          0 kB
Percpu:             7648 kB
CmaTotal:         294912 kB
CmaFree:               0 kB
MemTotal:       12113132 kB
MemFree:         6325800 kB
MemAvailable:    7955924 kB
Buffers:            7028 kB
Cached:          1938476 kB
SwapCached:            0 kB
Active:          1531276 kB
Inactive:        1692160 kB
Active(anon):    1284404 kB
Inactive(anon):    26548 kB
Active(file):     246872 kB
Inactive(file):  1665612 kB
Unevictable:        5552 kB
Mlocked:            5552 kB
SwapTotal:       3145724 kB
SwapFree:        3145724 kB
Dirty:               584 kB
Writeback:             0 kB
AnonPages:       1283660 kB
Mapped:           858972 kB
Shmem:             28520 kB
KReclaimable:     586344 kB
Slab:             225036 kB
SReclaimable:      80452 kB
SUnreclaim:       144584 kB
KernelStack:       46448 kB
PageTables:        63360 kB
NFS_Unstable:          0 kB
Bounce:                0 kB
WritebackTmp:          0 kB
CommitLimit:     9202288 kB
Committed_AS:   66133872 kB
VmallocTotal:   263061440 kB
VmallocUsed:      103516 kB
VmallocChunk:          0 kB
Percpu:             7648 kB
CmaTotal:         294912 kB
CmaFree:               0 kB
MemTotal:       12113132 kB
MemFree:         6323172 kB
MemAvailable:    7955352 kB
Buffers:            7028 kB
Cached:          1938376 kB
SwapCached:            0 kB
Active:          1532572 kB
Inactive:        1692084 kB
Active(anon):    1285700 kB
Inactive(anon):    26468 kB
Active(file):     246872 kB
Inactive(file):  1665616 kB
Unevictable:        5552 kB
Mlocked:            5552 kB
SwapTotal:       3145724 kB
SwapFree:        3145724 kB
Dirty:               600 kB
Writeback:             0 kB
AnonPages:       1284732 kB
Mapped:           858868 kB
Shmem:             28416 kB
KReclaimable:     588396 kB
Slab:             225048 kB
SReclaimable:      80452 kB
SUnreclaim:       144596 kB
KernelStack:       46980 kB
PageTables:        63232 kB
NFS_Unstable:          0 kB
Bounce:                0 kB
WritebackTmp:          0 kB
CommitLimit:     9202288 kB
Committed_AS:   66129136 kB
VmallocTotal:   263061440 kB
VmallocUsed:      104076 kB
VmallocChunk:          0 kB
Percpu:             7648 kB
CmaTotal:         294912 kB
CmaFree:               0 kB
MemTotal:       12113132 kB
MemFree:         6323120 kB
MemAvailable:    7955312 kB
Buffers:            7028 kB
Cached:          1938388 kB
SwapCached:            0 kB
Active:          1532920 kB
Inactive:        1692096 kB
Active(anon):    1286048 kB
Inactive(anon):    26468 kB
Active(file):     246872 kB
Inactive(file):  1665628 kB
Unevictable:        5552 kB
Mlocked:            5552 kB
SwapTotal:       3145724 kB
SwapFree:        3145724 kB
Dirty:               612 kB
Writeback:             0 kB
AnonPages:       1285256 kB
Mapped:           858860 kB
Shmem:             28416 kB
KReclaimable:     588396 kB
Slab:             225060 kB
SReclaimable:      80452 kB
SUnreclaim:       144608 kB
KernelStack:       46992 kB
PageTables:        63176 kB
NFS_Unstable:          0 kB
Bounce:                0 kB
WritebackTmp:          0 kB
CommitLimit:     9202288 kB
Committed_AS:   66130220 kB
VmallocTotal:   263061440 kB
VmallocUsed:      104108 kB
VmallocChunk:          0 kB
Percpu:             7648 kB
CmaTotal:         294912 kB
CmaFree:               0 kB
MemTotal:       12113132 kB
MemFree:         6312024 kB
MemAvailable:    7944232 kB
Buffers:            7028 kB
Cached:          1938404 kB
SwapCached:            0 kB
Active:          1542560 kB
Inactive:        1692112 kB
Active(anon):    1295688 kB
Inactive(anon):    26468 kB
Active(file):     246872 kB
Inactive(file):  1665644 kB
Unevictable:        5552 kB
Mlocked:            5552 kB
SwapTotal:       3145724 kB
SwapFree:        3145724 kB
Dirty:               216 kB
Writeback:             0 kB
AnonPages:       1292420 kB
Mapped:           858884 kB
Shmem:             28416 kB
KReclaimable:     588396 kB
Slab:             225064 kB
SReclaimable:      80452 kB
SUnreclaim:       144612 kB
KernelStack:       46976 kB
PageTables:        63300 kB
NFS_Unstable:          0 kB
Bounce:                0 kB
WritebackTmp:          0 kB
CommitLimit:     9202288 kB
Committed_AS:   66138108 kB
VmallocTotal:   263061440 kB
VmallocUsed:      104092 kB
VmallocChunk:          0 kB
Percpu:             7648 kB
CmaTotal:         294912 kB
CmaFree:               0 kB
MemTotal:       12113132 kB
MemFree:         6303928 kB
MemAvailable:    7936148 kB
Buffers:            7028 kB
Cached:          1938416 kB
SwapCached:            0 kB
Active:          1551684 kB
Inactive:        1692124 kB
Active(anon):    1304812 kB
Inactive(anon):    26468 kB
Active(file):     246872 kB
Inactive(file):  1665656 kB
Unevictable:        5552 kB
Mlocked:            5552 kB
SwapTotal:       3145724 kB
SwapFree:        3145724 kB
Dirty:               288 kB
Writeback:             0 kB
AnonPages:       1303752 kB
Mapped:           859108 kB
Shmem:             28416 kB
KReclaimable:     588396 kB
Slab:             225080 kB
SReclaimable:      80452 kB
SUnreclaim:       144628 kB
KernelStack:       46976 kB
PageTables:        63240 kB
NFS_Unstable:          0 kB
Bounce:                0 kB
WritebackTmp:          0 kB
CommitLimit:     9202288 kB
Committed_AS:   66130588 kB
VmallocTotal:   263061440 kB
VmallocUsed:      104076 kB
VmallocChunk:          0 kB
Percpu:             7648 kB
CmaTotal:         294912 kB
CmaFree:              64 kB
MemTotal:       12113132 kB
MemFree:         6303396 kB
MemAvailable:    7935632 kB
Buffers:            7028 kB
Cached:          1938432 kB
SwapCached:            0 kB
Active:          1552428 kB
Inactive:        1692140 kB
Active(anon):    1305556 kB
Inactive(anon):    26468 kB
Active(file):     246872 kB
Inactive(file):  1665672 kB
Unevictable:        5552 kB
Mlocked:            5552 kB
SwapTotal:       3145724 kB
SwapFree:        3145724 kB
Dirty:               304 kB
Writeback:             0 kB
AnonPages:       1304720 kB
Mapped:           858992 kB
Shmem:             28416 kB
KReclaimable:     588396 kB
Slab:             225080 kB
SReclaimable:      80452 kB
SUnreclaim:       144628 kB
KernelStack:       46992 kB
PageTables:        63264 kB
NFS_Unstable:          0 kB
Bounce:                0 kB
WritebackTmp:          0 kB
CommitLimit:     9202288 kB
Committed_AS:   66128948 kB
VmallocTotal:   263061440 kB
VmallocUsed:      104076 kB
VmallocChunk:          0 kB
Percpu:             7648 kB
CmaTotal:         294912 kB
CmaFree:               0 kB
MemTotal:       12113132 kB
MemFree:         6296208 kB
MemAvailable:    7928448 kB
Buffers:            7028 kB
Cached:          1938436 kB
SwapCached:            0 kB
Active:          1561364 kB
Inactive:        1692140 kB
Active(anon):    1314488 kB
Inactive(anon):    26468 kB
Active(file):     246876 kB
Inactive(file):  1665672 kB
Unevictable:        5552 kB
Mlocked:            5552 kB
SwapTotal:       3145724 kB
SwapFree:        3145724 kB
Dirty:               360 kB
Writeback:             0 kB
AnonPages:       1313772 kB
Mapped:           858988 kB
Shmem:             28416 kB
KReclaimable:     588396 kB
Slab:             225088 kB
SReclaimable:      80452 kB
SUnreclaim:       144636 kB
KernelStack:       46976 kB
PageTables:        63232 kB
NFS_Unstable:          0 kB
Bounce:                0 kB
WritebackTmp:          0 kB
CommitLimit:     9202288 kB
Committed_AS:   66132112 kB
VmallocTotal:   263061440 kB
VmallocUsed:      104076 kB
VmallocChunk:          0 kB
Percpu:             7648 kB
CmaTotal:         294912 kB
CmaFree:               0 kB
MemTotal:       12113132 kB
MemFree:         6293628 kB
MemAvailable:    7925892 kB
Buffers:            7028 kB
Cached:          1938460 kB
SwapCached:            0 kB
Active:          1561236 kB
Inactive:        1692164 kB
Active(anon):    1314360 kB
Inactive(anon):    26468 kB
Active(file):     246876 kB
Inactive(file):  1665696 kB
Unevictable:        5552 kB
Mlocked:            5552 kB
SwapTotal:       3145724 kB
SwapFree:        3145724 kB
Dirty:               384 kB
Writeback:             0 kB
AnonPages:       1313436 kB
Mapped:           859024 kB
Shmem:             28416 kB
KReclaimable:     588396 kB
Slab:             225084 kB
SReclaimable:      80452 kB
SUnreclaim:       144632 kB
KernelStack:       46960 kB
PageTables:        63340 kB
NFS_Unstable:          0 kB
Bounce:                0 kB
WritebackTmp:          0 kB
CommitLimit:     9202288 kB
Committed_AS:   66133428 kB
VmallocTotal:   263061440 kB
VmallocUsed:      104092 kB
VmallocChunk:          0 kB
Percpu:             7648 kB
CmaTotal:         294912 kB
CmaFree:               0 kB
MemTotal:       12113132 kB
MemFree:         6320832 kB
MemAvailable:    7953100 kB
Buffers:            7028 kB
Cached:          1938464 kB
SwapCached:            0 kB
Active:          1533392 kB
Inactive:        1692168 kB
Active(anon):    1286516 kB
Inactive(anon):    26468 kB
Active(file):     246876 kB
Inactive(file):  1665700 kB
Unevictable:        5552 kB
Mlocked:            5552 kB
SwapTotal:       3145724 kB
SwapFree:        3145724 kB
Dirty:               416 kB
Writeback:             0 kB
AnonPages:       1285644 kB
Mapped:           859104 kB
Shmem:             28416 kB
KReclaimable:     588396 kB
Slab:             225092 kB
SReclaimable:      80452 kB
SUnreclaim:       144640 kB
KernelStack:       46992 kB
PageTables:        63336 kB
NFS_Unstable:          0 kB
Bounce:                0 kB
WritebackTmp:          0 kB
CommitLimit:     9202288 kB
Committed_AS:   66130552 kB
VmallocTotal:   263061440 kB
VmallocUsed:      104092 kB
VmallocChunk:          0 kB
Percpu:             7648 kB
CmaTotal:         294912 kB
CmaFree:               0 kB
MemTotal:       12113132 kB
MemFree:         6315632 kB
MemAvailable:    7947912 kB
Buffers:            7028 kB
Cached:          1938476 kB
SwapCached:            0 kB
Active:          1541588 kB
Inactive:        1692184 kB
Active(anon):    1294716 kB
Inactive(anon):    26468 kB
Active(file):     246872 kB
Inactive(file):  1665716 kB
Unevictable:        5552 kB
Mlocked:            5552 kB
SwapTotal:       3145724 kB
SwapFree:        3145724 kB
Dirty:               440 kB
Writeback:             0 kB
AnonPages:       1294204 kB
Mapped:           858988 kB
Shmem:             28416 kB
KReclaimable:     588396 kB
Slab:             225092 kB
SReclaimable:      80452 kB
SUnreclaim:       144640 kB
KernelStack:       46976 kB
PageTables:        63252 kB
NFS_Unstable:          0 kB
Bounce:                0 kB
WritebackTmp:          0 kB
CommitLimit:     9202288 kB
Committed_AS:   66130900 kB
VmallocTotal:   263061440 kB
VmallocUsed:      104092 kB
VmallocChunk:          0 kB
Percpu:             7648 kB
CmaTotal:         294912 kB
CmaFree:               4 kB
MemTotal:       12113132 kB
MemFree:         6296584 kB
MemAvailable:    7928896 kB
Buffers:            7032 kB
Cached:          1938508 kB
SwapCached:            0 kB
Active:          1559688 kB
Inactive:        1692212 kB
Active(anon):    1312808 kB
Inactive(anon):    26472 kB
Active(file):     246880 kB
Inactive(file):  1665740 kB
Unevictable:        5552 kB
Mlocked:            5552 kB
SwapTotal:       3145724 kB
SwapFree:        3145724 kB
Dirty:               436 kB
Writeback:             0 kB
AnonPages:       1311800 kB
Mapped:           859152 kB
Shmem:             28420 kB
KReclaimable:     588396 kB
Slab:             225092 kB
SReclaimable:      80452 kB
SUnreclaim:       144640 kB
KernelStack:       46960 kB
PageTables:        63592 kB
NFS_Unstable:          0 kB
Bounce:                0 kB
WritebackTmp:          0 kB
CommitLimit:     9202288 kB
Committed_AS:   66137200 kB
VmallocTotal:   263061440 kB
VmallocUsed:      104156 kB
VmallocChunk:          0 kB
Percpu:             7648 kB
CmaTotal:         294912 kB
CmaFree:               4 kB
MemTotal:       12113132 kB
MemFree:         6296260 kB
MemAvailable:    7928588 kB
Buffers:            7032 kB
Cached:          1938524 kB
SwapCached:            0 kB
Active:          1560588 kB
Inactive:        1692228 kB
Active(anon):    1313708 kB
Inactive(anon):    26472 kB
Active(file):     246880 kB
Inactive(file):  1665756 kB
Unevictable:        5552 kB
Mlocked:            5552 kB
SwapTotal:       3145724 kB
SwapFree:        3145724 kB
Dirty:               492 kB
Writeback:             0 kB
AnonPages:       1312840 kB
Mapped:           859052 kB
Shmem:             28420 kB
KReclaimable:     588396 kB
Slab:             225100 kB
SReclaimable:      80452 kB
SUnreclaim:       144648 kB
KernelStack:       47056 kB
PageTables:        63328 kB
NFS_Unstable:          0 kB
Bounce:                0 kB
WritebackTmp:          0 kB
CommitLimit:     9202288 kB
Committed_AS:   66133376 kB
VmallocTotal:   263061440 kB
VmallocUsed:      104156 kB
VmallocChunk:          0 kB
Percpu:             7648 kB
CmaTotal:         294912 kB
CmaFree:               0 kB
MemTotal:       12113132 kB
MemFree:         6286268 kB
MemAvailable:    7918604 kB
Buffers:            7032 kB
Cached:          1938532 kB
SwapCached:            0 kB
Active:          1568572 kB
Inactive:        1692236 kB
Active(anon):    1321692 kB
Inactive(anon):    26472 kB
Active(file):     246880 kB
Inactive(file):  1665764 kB
Unevictable:        5552 kB
Mlocked:            5552 kB
SwapTotal:       3145724 kB
SwapFree:        3145724 kB
Dirty:               524 kB
Writeback:             0 kB
AnonPages:       1320820 kB
Mapped:           859152 kB
Shmem:             28420 kB
KReclaimable:     588396 kB
Slab:             225100 kB
SReclaimable:      80452 kB
SUnreclaim:       144648 kB
KernelStack:       47008 kB
PageTables:        63592 kB
NFS_Unstable:          0 kB
Bounce:                0 kB
WritebackTmp:          0 kB
CommitLimit:     9202288 kB
Committed_AS:   66137188 kB
VmallocTotal:   263061440 kB
VmallocUsed:      104156 kB
VmallocChunk:          0 kB
Percpu:             7648 kB
CmaTotal:         294912 kB
CmaFree:               0 kB
MemTotal:       12113132 kB
MemFree:         6293192 kB
MemAvailable:    7925540 kB
Buffers:            7032 kB
Cached:          1938544 kB
SwapCached:            0 kB
Active:          1562008 kB
Inactive:        1692248 kB
Active(anon):    1315128 kB
Inactive(anon):    26472 kB
Active(file):     246880 kB
Inactive(file):  1665776 kB
Unevictable:        5552 kB
Mlocked:            5552 kB
SwapTotal:       3145724 kB
SwapFree:        3145724 kB
Dirty:               536 kB
Writeback:             0 kB
AnonPages:       1314284 kB
Mapped:           859148 kB
Shmem:             28420 kB
KReclaimable:     588396 kB
Slab:             225104 kB
SReclaimable:      80452 kB
SUnreclaim:       144652 kB
KernelStack:       47040 kB
PageTables:        63192 kB
NFS_Unstable:          0 kB
Bounce:                0 kB
WritebackTmp:          0 kB
CommitLimit:     9202288 kB
Committed_AS:   66137804 kB
VmallocTotal:   263061440 kB
VmallocUsed:      104220 kB
VmallocChunk:          0 kB
Percpu:             7648 kB
CmaTotal:         294912 kB
CmaFree:               0 kB
MemTotal:       12113132 kB
MemFree:         6292748 kB
MemAvailable:    7925100 kB
Buffers:            7032 kB
Cached:          1938552 kB
SwapCached:            0 kB
Active:          1563016 kB
Inactive:        1692260 kB
Active(anon):    1316140 kB
Inactive(anon):    26476 kB
Active(file):     246876 kB
Inactive(file):  1665784 kB
Unevictable:        5552 kB
Mlocked:            5552 kB
SwapTotal:       3145724 kB
SwapFree:        3145724 kB
Dirty:               552 kB
Writeback:             0 kB
AnonPages:       1315504 kB
Mapped:           859156 kB
Shmem:             28424 kB
KReclaimable:     588396 kB
Slab:             225100 kB
SReclaimable:      80452 kB
SUnreclaim:       144648 kB
KernelStack:       47040 kB
PageTables:        63276 kB
NFS_Unstable:          0 kB
Bounce:                0 kB
WritebackTmp:          0 kB
CommitLimit:     9202288 kB
Committed_AS:   66132816 kB
VmallocTotal:   263061440 kB
VmallocUsed:      104172 kB
VmallocChunk:          0 kB
Percpu:             7648 kB
CmaTotal:         294912 kB
CmaFree:               0 kB
MemTotal:       12113132 kB
MemFree:         6284320 kB
MemAvailable:    7916716 kB
Buffers:            7032 kB
Cached:          1938596 kB
SwapCached:            0 kB
Active:          1571692 kB
Inactive:        1692300 kB
Active(anon):    1324812 kB
Inactive(anon):    26476 kB
Active(file):     246880 kB
Inactive(file):  1665824 kB
Unevictable:        5552 kB
Mlocked:            5552 kB
SwapTotal:       3145724 kB
SwapFree:        3145724 kB
Dirty:               588 kB
Writeback:             0 kB
AnonPages:       1323844 kB
Mapped:           859156 kB
Shmem:             28424 kB
KReclaimable:     588396 kB
Slab:             225100 kB
SReclaimable:      80452 kB
SUnreclaim:       144648 kB
KernelStack:       47056 kB
PageTables:        63328 kB
NFS_Unstable:          0 kB
Bounce:                0 kB
WritebackTmp:          0 kB
CommitLimit:     9202288 kB
Committed_AS:   66142148 kB
VmallocTotal:   263061440 kB
VmallocUsed:      104204 kB
VmallocChunk:          0 kB
Percpu:             7648 kB
CmaTotal:         294912 kB
CmaFree:               0 kB
MemTotal:       12113132 kB
MemFree:         6304388 kB
MemAvailable:    7936796 kB
Buffers:            7032 kB
Cached:          1938608 kB
SwapCached:            0 kB
Active:          1549484 kB
Inactive:        1692312 kB
Active(anon):    1302604 kB
Inactive(anon):    26476 kB
Active(file):     246880 kB
Inactive(file):  1665836 kB
Unevictable:        5552 kB
Mlocked:            5552 kB
SwapTotal:       3145724 kB
SwapFree:        3145724 kB
Dirty:               600 kB
Writeback:             0 kB
AnonPages:       1301956 kB
Mapped:           859160 kB
Shmem:             28424 kB
KReclaimable:     588396 kB
Slab:             225100 kB
SReclaimable:      80452 kB
SUnreclaim:       144648 kB
KernelStack:       47056 kB
PageTables:        63324 kB
NFS_Unstable:          0 kB
Bounce:                0 kB
WritebackTmp:          0 kB
CommitLimit:     9202288 kB
Committed_AS:   66137420 kB
VmallocTotal:   263061440 kB
VmallocUsed:      104188 kB
VmallocChunk:          0 kB
Percpu:             7648 kB
CmaTotal:         294912 kB
CmaFree:              36 kB
MemTotal:       12113132 kB
MemFree:         6304476 kB
MemAvailable:    7936892 kB
Buffers:            7032 kB
Cached:          1938616 kB
SwapCached:            0 kB
Active:          1550492 kB
Inactive:        1692144 kB
Active(anon):    1303436 kB
Inactive(anon):    26476 kB
Active(file):     247056 kB
Inactive(file):  1665668 kB
Unevictable:        5552 kB
Mlocked:            5552 kB
SwapTotal:       3145724 kB
SwapFree:        3145724 kB
Dirty:               612 kB
Writeback:             0 kB
AnonPages:       1302648 kB
Mapped:           859136 kB
Shmem:             28424 kB
KReclaimable:     588396 kB
Slab:             225112 kB
SReclaimable:      80452 kB
SUnreclaim:       144660 kB
KernelStack:       47136 kB
PageTables:        63472 kB
NFS_Unstable:          0 kB
Bounce:                0 kB
WritebackTmp:          0 kB
CommitLimit:     9202288 kB
Committed_AS:   66137664 kB
VmallocTotal:   263061440 kB
VmallocUsed:      104220 kB
VmallocChunk:          0 kB
Percpu:             7648 kB
CmaTotal:         294912 kB
CmaFree:               0 kB
MemTotal:       12113132 kB
MemFree:         6296960 kB
MemAvailable:    7929388 kB
Buffers:            7032 kB
Cached:          1938628 kB
SwapCached:            0 kB
Active:          1558388 kB
Inactive:        1692156 kB
Active(anon):    1311332 kB
Inactive(anon):    26476 kB
Active(file):     247056 kB
Inactive(file):  1665680 kB
Unevictable:        5552 kB
Mlocked:            5552 kB
SwapTotal:       3145724 kB
SwapFree:        3145724 kB
Dirty:               208 kB
Writeback:             0 kB
AnonPages:       1310728 kB
Mapped:           859156 kB
Shmem:             28424 kB
KReclaimable:     588396 kB
Slab:             225092 kB
SReclaimable:      80452 kB
SUnreclaim:       144640 kB
KernelStack:       47088 kB
PageTables:        63248 kB
NFS_Unstable:          0 kB
Bounce:                0 kB
WritebackTmp:          0 kB
CommitLimit:     9202288 kB
Committed_AS:   66138084 kB
VmallocTotal:   263061440 kB
VmallocUsed:      104236 kB
VmallocChunk:          0 kB
Percpu:             7648 kB
CmaTotal:         294912 kB
CmaFree:               0 kB
MemTotal:       12113132 kB
MemFree:         6303448 kB
MemAvailable:    7935888 kB
Buffers:            7032 kB
Cached:          1938640 kB
SwapCached:            0 kB
Active:          1552088 kB
Inactive:        1692168 kB
Active(anon):    1305032 kB
Inactive(anon):    26476 kB
Active(file):     247056 kB
Inactive(file):  1665692 kB
Unevictable:        5552 kB
Mlocked:            5552 kB
SwapTotal:       3145724 kB
SwapFree:        3145724 kB
Dirty:               288 kB
Writeback:             0 kB
AnonPages:       1304144 kB
Mapped:           859156 kB
Shmem:             28424 kB
KReclaimable:     588396 kB
Slab:             225100 kB
SReclaimable:      80452 kB
SUnreclaim:       144648 kB
KernelStack:       47120 kB
PageTables:        63212 kB
NFS_Unstable:          0 kB
Bounce:                0 kB
WritebackTmp:          0 kB
CommitLimit:     9202288 kB
Committed_AS:   66134680 kB
VmallocTotal:   263061440 kB
VmallocUsed:      104204 kB
VmallocChunk:          0 kB
Percpu:             7648 kB
CmaTotal:         294912 kB
CmaFree:               0 kB
MemTotal:       12113132 kB
MemFree:         6302572 kB
MemAvailable:    7935028 kB
Buffers:            7032 kB
Cached:          1938656 kB
SwapCached:            0 kB
Active:          1552856 kB
Inactive:        1692184 kB
Active(anon):    1305800 kB
Inactive(anon):    26476 kB
Active(file):     247056 kB
Inactive(file):  1665708 kB
Unevictable:        5552 kB
Mlocked:            5552 kB
SwapTotal:       3145724 kB
SwapFree:        3145724 kB
Dirty:               332 kB
Writeback:             0 kB
AnonPages:       1304868 kB
Mapped:           859268 kB
Shmem:             28424 kB
KReclaimable:     588396 kB
Slab:             225100 kB
SReclaimable:      80452 kB
SUnreclaim:       144648 kB
KernelStack:       47088 kB
PageTables:        63260 kB
NFS_Unstable:          0 kB
Bounce:                0 kB
WritebackTmp:          0 kB
CommitLimit:     9202288 kB
Committed_AS:   66134280 kB
VmallocTotal:   263061440 kB
VmallocUsed:      104252 kB
VmallocChunk:          0 kB
Percpu:             7648 kB
CmaTotal:         294912 kB
CmaFree:               0 kB
MemTotal:       12113132 kB
MemFree:         6294960 kB
MemAvailable:    7927420 kB
Buffers:            7032 kB
Cached:          1938660 kB
SwapCached:            0 kB
Active:          1561284 kB
Inactive:        1692188 kB
Active(anon):    1314228 kB
Inactive(anon):    26476 kB
Active(file):     247056 kB
Inactive(file):  1665712 kB
Unevictable:        5552 kB
Mlocked:            5552 kB
SwapTotal:       3145724 kB
SwapFree:        3145724 kB
Dirty:               368 kB
Writeback:             0 kB
AnonPages:       1313404 kB
Mapped:           859012 kB
Shmem:             28424 kB
KReclaimable:     588396 kB
Slab:             225096 kB
SReclaimable:      80452 kB
SUnreclaim:       144644 kB
KernelStack:       47072 kB
PageTables:        63232 kB
NFS_Unstable:          0 kB
Bounce:                0 kB
WritebackTmp:          0 kB
CommitLimit:     9202288 kB
Committed_AS:   66140172 kB
VmallocTotal:   263061440 kB
VmallocUsed:      104236 kB
VmallocChunk:          0 kB
Percpu:             7648 kB
CmaTotal:         294912 kB
CmaFree:               8 kB
MemTotal:       12113132 kB
MemFree:         6290996 kB
MemAvailable:    7923480 kB
Buffers:            7032 kB
Cached:          1938684 kB
SwapCached:            0 kB
Active:          1563492 kB
Inactive:        1692212 kB
Active(anon):    1316436 kB
Inactive(anon):    26476 kB
Active(file):     247056 kB
Inactive(file):  1665736 kB
Unevictable:        5552 kB
Mlocked:            5552 kB
SwapTotal:       3145724 kB
SwapFree:        3145724 kB
Dirty:               392 kB
Writeback:             0 kB
AnonPages:       1315380 kB
Mapped:           859244 kB
Shmem:             28424 kB
KReclaimable:     588396 kB
Slab:             225088 kB
SReclaimable:      80452 kB
SUnreclaim:       144636 kB
KernelStack:       47104 kB
PageTables:        63088 kB
NFS_Unstable:          0 kB
Bounce:                0 kB
WritebackTmp:          0 kB
CommitLimit:     9202288 kB
Committed_AS:   66137300 kB
VmallocTotal:   263061440 kB
VmallocUsed:      104252 kB
VmallocChunk:          0 kB
Percpu:             7648 kB
CmaTotal:         294912 kB
CmaFree:               0 kB
MemTotal:       12113132 kB
MemFree:         6308008 kB
MemAvailable:    7940500 kB
Buffers:            7032 kB
Cached:          1938704 kB
SwapCached:            0 kB
Active:          1546092 kB
Inactive:        1692232 kB
Active(anon):    1299036 kB
Inactive(anon):    26488 kB
Active(file):     247056 kB
Inactive(file):  1665744 kB
Unevictable:        5552 kB
Mlocked:            5552 kB
SwapTotal:       3145724 kB
SwapFree:        3145724 kB
Dirty:               404 kB
Writeback:             0 kB
AnonPages:       1298256 kB
Mapped:           859168 kB
Shmem:             28436 kB
KReclaimable:     588396 kB
Slab:             225096 kB
SReclaimable:      80452 kB
SUnreclaim:       144644 kB
KernelStack:       47056 kB
PageTables:        63512 kB
NFS_Unstable:          0 kB
Bounce:                0 kB
WritebackTmp:          0 kB
CommitLimit:     9202288 kB
Committed_AS:   66135772 kB
VmallocTotal:   263061440 kB
VmallocUsed:      104220 kB
VmallocChunk:          0 kB
Percpu:             7648 kB
CmaTotal:         294912 kB
CmaFree:               0 kB
MemTotal:       12113132 kB
MemFree:         6300632 kB
MemAvailable:    7933136 kB
Buffers:            7032 kB
Cached:          1938716 kB
SwapCached:            0 kB
Active:          1555160 kB
Inactive:        1692244 kB
Active(anon):    1308104 kB
Inactive(anon):    26488 kB
Active(file):     247056 kB
Inactive(file):  1665756 kB
Unevictable:        5552 kB
Mlocked:            5552 kB
SwapTotal:       3145724 kB
SwapFree:        3145724 kB
Dirty:               428 kB
Writeback:             0 kB
AnonPages:       1307268 kB
Mapped:           859136 kB
Shmem:             28436 kB
KReclaimable:     588396 kB
Slab:             225088 kB
SReclaimable:      80452 kB
SUnreclaim:       144636 kB
KernelStack:       47104 kB
PageTables:        63316 kB
NFS_Unstable:          0 kB
Bounce:                0 kB
WritebackTmp:          0 kB
CommitLimit:     9202288 kB
Committed_AS:   66136448 kB
VmallocTotal:   263061440 kB
VmallocUsed:      104252 kB
VmallocChunk:          0 kB
Percpu:             7648 kB
CmaTotal:         294912 kB
CmaFree:              20 kB
MemTotal:       12113132 kB
MemFree:         6296776 kB
MemAvailable:    7929316 kB
Buffers:            7036 kB
Cached:          1938748 kB
SwapCached:            0 kB
Active:          1559188 kB
Inactive:        1692276 kB
Active(anon):    1312128 kB
Inactive(anon):    26488 kB
Active(file):     247060 kB
Inactive(file):  1665788 kB
Unevictable:        5552 kB
Mlocked:            5552 kB
SwapTotal:       3145724 kB
SwapFree:        3145724 kB
Dirty:               440 kB
Writeback:             0 kB
AnonPages:       1311404 kB
Mapped:           859172 kB
Shmem:             28436 kB
KReclaimable:     588396 kB
Slab:             225096 kB
SReclaimable:      80452 kB
SUnreclaim:       144644 kB
KernelStack:       47104 kB
PageTables:        63276 kB
NFS_Unstable:          0 kB
Bounce:                0 kB
WritebackTmp:          0 kB
CommitLimit:     9202288 kB
Committed_AS:   66137764 kB
VmallocTotal:   263061440 kB
VmallocUsed:      104252 kB
VmallocChunk:          0 kB
Percpu:             7648 kB
CmaTotal:         294912 kB
CmaFree:               8 kB
MemTotal:       12113132 kB
MemFree:         6287992 kB
MemAvailable:    7920540 kB
Buffers:            7036 kB
Cached:          1938756 kB
SwapCached:            0 kB
Active:          1566288 kB
Inactive:        1692284 kB
Active(anon):    1319228 kB
Inactive(anon):    26488 kB
Active(file):     247060 kB
Inactive(file):  1665796 kB
Unevictable:        5552 kB
Mlocked:            5552 kB
SwapTotal:       3145724 kB
SwapFree:        3145724 kB
Dirty:               448 kB
Writeback:             0 kB
AnonPages:       1318460 kB
Mapped:           858556 kB
Shmem:             28436 kB
KReclaimable:     588396 kB
Slab:             225104 kB
SReclaimable:      80452 kB
SUnreclaim:       144652 kB
KernelStack:       47088 kB
PageTables:        63508 kB
NFS_Unstable:          0 kB
Bounce:                0 kB
WritebackTmp:          0 kB
CommitLimit:     9202288 kB
Committed_AS:   66139312 kB
VmallocTotal:   263061440 kB
VmallocUsed:      104252 kB
VmallocChunk:          0 kB
Percpu:             7648 kB
CmaTotal:         294912 kB
CmaFree:               0 kB
MemTotal:       12113132 kB
MemFree:         6280808 kB
MemAvailable:    7913380 kB
Buffers:            7036 kB
Cached:          1938780 kB
SwapCached:            0 kB
Active:          1575556 kB
Inactive:        1692300 kB
Active(anon):    1328488 kB
Inactive(anon):    26488 kB
Active(file):     247068 kB
Inactive(file):  1665812 kB
Unevictable:        5552 kB
Mlocked:            5552 kB
SwapTotal:       3145724 kB
SwapFree:        3145724 kB
Dirty:               332 kB
Writeback:             0 kB
AnonPages:       1327932 kB
Mapped:           858420 kB
Shmem:             28436 kB
KReclaimable:     588396 kB
Slab:             225096 kB
SReclaimable:      80452 kB
SUnreclaim:       144644 kB
KernelStack:       47120 kB
PageTables:        63444 kB
NFS_Unstable:          0 kB
Bounce:                0 kB
WritebackTmp:          0 kB
CommitLimit:     9202288 kB
Committed_AS:   66136480 kB
VmallocTotal:   263061440 kB
VmallocUsed:      104204 kB
VmallocChunk:          0 kB
Percpu:             7648 kB
CmaTotal:         294912 kB
CmaFree:               0 kB
MemTotal:       12113132 kB
MemFree:         6275828 kB
MemAvailable:    7908412 kB
Buffers:            7036 kB
Cached:          1938792 kB
SwapCached:            0 kB
Active:          1580512 kB
Inactive:        1692316 kB
Active(anon):    1333448 kB
Inactive(anon):    26488 kB
Active(file):     247064 kB
Inactive(file):  1665828 kB
Unevictable:        5552 kB
Mlocked:            5552 kB
SwapTotal:       3145724 kB
SwapFree:        3145724 kB
Dirty:               360 kB
Writeback:             0 kB
AnonPages:       1332796 kB
Mapped:           858416 kB
Shmem:             28436 kB
KReclaimable:     588396 kB
Slab:             225104 kB
SReclaimable:      80452 kB
SUnreclaim:       144652 kB
KernelStack:       47136 kB
PageTables:        63400 kB
NFS_Unstable:          0 kB
Bounce:                0 kB
WritebackTmp:          0 kB
CommitLimit:     9202288 kB
Committed_AS:   66142984 kB
VmallocTotal:   263061440 kB
VmallocUsed:      104252 kB
VmallocChunk:          0 kB
Percpu:             7648 kB
CmaTotal:         294912 kB
CmaFree:               0 kB
MemTotal:       12113132 kB
MemFree:         6275092 kB
MemAvailable:    7907692 kB
Buffers:            7036 kB
Cached:          1938808 kB
SwapCached:            0 kB
Active:          1579160 kB
Inactive:        1692332 kB
Active(anon):    1332096 kB
Inactive(anon):    26488 kB
Active(file):     247064 kB
Inactive(file):  1665844 kB
Unevictable:        5552 kB
Mlocked:            5552 kB
SwapTotal:       3145724 kB
SwapFree:        3145724 kB
Dirty:               384 kB
Writeback:             0 kB
AnonPages:       1331128 kB
Mapped:           858428 kB
Shmem:             28436 kB
KReclaimable:     588396 kB
Slab:             225108 kB
SReclaimable:      80452 kB
SUnreclaim:       144656 kB
KernelStack:       47136 kB
PageTables:        63384 kB
NFS_Unstable:          0 kB
Bounce:                0 kB
WritebackTmp:          0 kB
CommitLimit:     9202288 kB
Committed_AS:   66136132 kB
VmallocTotal:   263061440 kB
VmallocUsed:      104252 kB
VmallocChunk:          0 kB
Percpu:             7648 kB
CmaTotal:         294912 kB
CmaFree:               0 kB
MemTotal:       12113132 kB
MemFree:         6267112 kB
MemAvailable:    7899720 kB
Buffers:            7036 kB
Cached:          1938816 kB
SwapCached:            0 kB
Active:          1589364 kB
Inactive:        1692336 kB
Active(anon):    1342296 kB
Inactive(anon):    26488 kB
Active(file):     247068 kB
Inactive(file):  1665848 kB
Unevictable:        5552 kB
Mlocked:            5552 kB
SwapTotal:       3145724 kB
SwapFree:        3145724 kB
Dirty:               408 kB
Writeback:             0 kB
AnonPages:       1341600 kB
Mapped:           858416 kB
Shmem:             28436 kB
KReclaimable:     588396 kB
Slab:             225116 kB
SReclaimable:      80452 kB
SUnreclaim:       144664 kB
KernelStack:       47120 kB
PageTables:        63184 kB
NFS_Unstable:          0 kB
Bounce:                0 kB
WritebackTmp:          0 kB
CommitLimit:     9202288 kB
Committed_AS:   66139620 kB
VmallocTotal:   263061440 kB
VmallocUsed:      104236 kB
VmallocChunk:          0 kB
Percpu:             7648 kB
CmaTotal:         294912 kB
CmaFree:               0 kB
MemTotal:       12113132 kB
MemFree:         6261076 kB
MemAvailable:    7893696 kB
Buffers:            7036 kB
Cached:          1938828 kB
SwapCached:            0 kB
Active:          1594260 kB
Inactive:        1692348 kB
Active(anon):    1347192 kB
Inactive(anon):    26488 kB
Active(file):     247068 kB
Inactive(file):  1665860 kB
Unevictable:        5552 kB
Mlocked:            5552 kB
SwapTotal:       3145724 kB
SwapFree:        3145724 kB
Dirty:               428 kB
Writeback:             0 kB
AnonPages:       1346192 kB
Mapped:           858604 kB
Shmem:             28436 kB
KReclaimable:     588396 kB
Slab:             225100 kB
SReclaimable:      80452 kB
SUnreclaim:       144648 kB
KernelStack:       47264 kB
PageTables:        63400 kB
NFS_Unstable:          0 kB
Bounce:                0 kB
WritebackTmp:          0 kB
CommitLimit:     9202288 kB
Committed_AS:   66136724 kB
VmallocTotal:   263061440 kB
VmallocUsed:      104300 kB
VmallocChunk:          0 kB
Percpu:             7648 kB
CmaTotal:         294912 kB
CmaFree:               0 kB
MemTotal:       12113132 kB
MemFree:         6245900 kB
MemAvailable:    7878524 kB
Buffers:            7036 kB
Cached:          1938832 kB
SwapCached:            0 kB
Active:          1608388 kB
Inactive:        1692352 kB
Active(anon):    1361320 kB
Inactive(anon):    26488 kB
Active(file):     247068 kB
Inactive(file):  1665864 kB
Unevictable:        5552 kB
Mlocked:            5552 kB
SwapTotal:       3145724 kB
SwapFree:        3145724 kB
Dirty:               436 kB
Writeback:             0 kB
AnonPages:       1360328 kB
Mapped:           858420 kB
Shmem:             28436 kB
KReclaimable:     588396 kB
Slab:             225104 kB
SReclaimable:      80452 kB
SUnreclaim:       144652 kB
KernelStack:       47264 kB
PageTables:        63544 kB
NFS_Unstable:          0 kB
Bounce:                0 kB
WritebackTmp:          0 kB
CommitLimit:     9202288 kB
Committed_AS:   66133556 kB
VmallocTotal:   263061440 kB
VmallocUsed:      104284 kB
VmallocChunk:          0 kB
Percpu:             7648 kB
CmaTotal:         294912 kB
CmaFree:               0 kB
MemTotal:       12113132 kB
MemFree:         6238168 kB
MemAvailable:    7870808 kB
Buffers:            7036 kB
Cached:          1938848 kB
SwapCached:            0 kB
Active:          1618992 kB
Inactive:        1692368 kB
Active(anon):    1371924 kB
Inactive(anon):    26488 kB
Active(file):     247068 kB
Inactive(file):  1665880 kB
Unevictable:        5552 kB
Mlocked:            5552 kB
SwapTotal:       3145724 kB
SwapFree:        3145724 kB
Dirty:               468 kB
Writeback:             0 kB
AnonPages:       1371164 kB
Mapped:           858420 kB
Shmem:             28436 kB
KReclaimable:     588396 kB
Slab:             225112 kB
SReclaimable:      80452 kB
SUnreclaim:       144660 kB
KernelStack:       47248 kB
PageTables:        63468 kB
NFS_Unstable:          0 kB
Bounce:                0 kB
WritebackTmp:          0 kB
CommitLimit:     9202288 kB
Committed_AS:   66136240 kB
VmallocTotal:   263061440 kB
VmallocUsed:      104284 kB
VmallocChunk:          0 kB
Percpu:             7648 kB
CmaTotal:         294912 kB
CmaFree:               0 kB
MemTotal:       12113132 kB
MemFree:         6233084 kB
MemAvailable:    7865736 kB
Buffers:            7036 kB
Cached:          1938864 kB
SwapCached:            0 kB
Active:          1622600 kB
Inactive:        1692384 kB
Active(anon):    1375532 kB
Inactive(anon):    26492 kB
Active(file):     247068 kB
Inactive(file):  1665892 kB
Unevictable:        5552 kB
Mlocked:            5552 kB
SwapTotal:       3145724 kB
SwapFree:        3145724 kB
Dirty:               552 kB
Writeback:             0 kB
AnonPages:       1374464 kB
Mapped:           858420 kB
Shmem:             28440 kB
KReclaimable:     588396 kB
Slab:             225120 kB
SReclaimable:      80452 kB
SUnreclaim:       144668 kB
KernelStack:       47200 kB
PageTables:        63504 kB
NFS_Unstable:          0 kB
Bounce:                0 kB
WritebackTmp:          0 kB
CommitLimit:     9202288 kB
Committed_AS:   66137528 kB
VmallocTotal:   263061440 kB
VmallocUsed:      104316 kB
VmallocChunk:          0 kB
Percpu:             7648 kB
CmaTotal:         294912 kB
CmaFree:               0 kB
MemTotal:       12113132 kB
MemFree:         6260124 kB
MemAvailable:    7892796 kB
Buffers:            7036 kB
Cached:          1938888 kB
SwapCached:            0 kB
Active:          1593868 kB
Inactive:        1692404 kB
Active(anon):    1346796 kB
Inactive(anon):    26496 kB
Active(file):     247072 kB
Inactive(file):  1665908 kB
Unevictable:        5552 kB
Mlocked:            5552 kB
SwapTotal:       3145724 kB
SwapFree:        3145724 kB
Dirty:               624 kB
Writeback:             0 kB
AnonPages:       1345720 kB
Mapped:           858284 kB
Shmem:             28444 kB
KReclaimable:     588396 kB
Slab:             225112 kB
SReclaimable:      80452 kB
SUnreclaim:       144660 kB
KernelStack:       47232 kB
PageTables:        63500 kB
NFS_Unstable:          0 kB
Bounce:                0 kB
WritebackTmp:          0 kB
CommitLimit:     9202288 kB
Committed_AS:   66133540 kB
VmallocTotal:   263061440 kB
VmallocUsed:      104300 kB
VmallocChunk:          0 kB
Percpu:             7648 kB
CmaTotal:         294912 kB
CmaFree:               0 kB
MemTotal:       12113132 kB
MemFree:         6253604 kB
MemAvailable:    7886284 kB
Buffers:            7036 kB
Cached:          1938896 kB
SwapCached:            0 kB
Active:          1601272 kB
Inactive:        1692416 kB
Active(anon):    1354204 kB
Inactive(anon):    26496 kB
Active(file):     247068 kB
Inactive(file):  1665920 kB
Unevictable:        5552 kB
Mlocked:            5552 kB
SwapTotal:       3145724 kB
SwapFree:        3145724 kB
Dirty:               648 kB
Writeback:             0 kB
AnonPages:       1353448 kB
Mapped:           858404 kB
Shmem:             28444 kB
KReclaimable:     588396 kB
Slab:             225120 kB
SReclaimable:      80452 kB
SUnreclaim:       144668 kB
KernelStack:       47184 kB
PageTables:        63248 kB
NFS_Unstable:          0 kB
Bounce:                0 kB
WritebackTmp:          0 kB
CommitLimit:     9202288 kB
Committed_AS:   66134056 kB
VmallocTotal:   263061440 kB
VmallocUsed:      104332 kB
VmallocChunk:          0 kB
Percpu:             7648 kB
CmaTotal:         294912 kB
CmaFree:               0 kB
MemTotal:       12113132 kB
MemFree:         6243112 kB
MemAvailable:    7875824 kB
Buffers:            7036 kB
Cached:          1938928 kB
SwapCached:            0 kB
Active:          1612308 kB
Inactive:        1692444 kB
Active(anon):    1365236 kB
Inactive(anon):    26496 kB
Active(file):     247072 kB
Inactive(file):  1665948 kB
Unevictable:        5552 kB
Mlocked:            5552 kB
SwapTotal:       3145724 kB
SwapFree:        3145724 kB
Dirty:               668 kB
Writeback:             0 kB
AnonPages:       1364296 kB
Mapped:           858248 kB
Shmem:             28444 kB
KReclaimable:     588396 kB
Slab:             225124 kB
SReclaimable:      80452 kB
SUnreclaim:       144672 kB
KernelStack:       47248 kB
PageTables:        63348 kB
NFS_Unstable:          0 kB
Bounce:                0 kB
WritebackTmp:          0 kB
CommitLimit:     9202288 kB
Committed_AS:   66138104 kB
VmallocTotal:   263061440 kB
VmallocUsed:      104348 kB
VmallocChunk:          0 kB
Percpu:             7648 kB
CmaTotal:         294912 kB
CmaFree:               8 kB
MemTotal:       12113132 kB
MemFree:         6237864 kB
MemAvailable:    7870576 kB
Buffers:            7036 kB
Cached:          1938928 kB
SwapCached:            0 kB
Active:          1618704 kB
Inactive:        1692444 kB
Active(anon):    1371632 kB
Inactive(anon):    26496 kB
Active(file):     247072 kB
Inactive(file):  1665948 kB
Unevictable:        5552 kB
Mlocked:            5552 kB
SwapTotal:       3145724 kB
SwapFree:        3145724 kB
Dirty:               688 kB
Writeback:             0 kB
AnonPages:       1370780 kB
Mapped:           858424 kB
Shmem:             28444 kB
KReclaimable:     588396 kB
Slab:             225124 kB
SReclaimable:      80452 kB
SUnreclaim:       144672 kB
KernelStack:       47168 kB
PageTables:        63072 kB
NFS_Unstable:          0 kB
Bounce:                0 kB
WritebackTmp:          0 kB
CommitLimit:     9202288 kB
Committed_AS:   66141140 kB
VmallocTotal:   263061440 kB
VmallocUsed:      104316 kB
VmallocChunk:          0 kB
Percpu:             7648 kB
CmaTotal:         294912 kB
CmaFree:               8 kB
MemTotal:       12113132 kB
MemFree:         6229800 kB
MemAvailable:    7862520 kB
Buffers:            7036 kB
Cached:          1938936 kB
SwapCached:            0 kB
Active:          1626608 kB
Inactive:        1692452 kB
Active(anon):    1379536 kB
Inactive(anon):    26496 kB
Active(file):     247072 kB
Inactive(file):  1665956 kB
Unevictable:        5552 kB
Mlocked:            5552 kB
SwapTotal:       3145724 kB
SwapFree:        3145724 kB
Dirty:               708 kB
Writeback:             0 kB
AnonPages:       1378600 kB
Mapped:           858424 kB
Shmem:             28444 kB
KReclaimable:     588396 kB
Slab:             225116 kB
SReclaimable:      80452 kB
SUnreclaim:       144664 kB
KernelStack:       47184 kB
PageTables:        63196 kB
NFS_Unstable:          0 kB
Bounce:                0 kB
WritebackTmp:          0 kB
CommitLimit:     9202288 kB
Committed_AS:   66139124 kB
VmallocTotal:   263061440 kB
VmallocUsed:      104284 kB
VmallocChunk:          0 kB
Percpu:             7648 kB
CmaTotal:         294912 kB
CmaFree:               0 kB
MemTotal:       12113132 kB
MemFree:         6229924 kB
MemAvailable:    7862656 kB
Buffers:            7040 kB
Cached:          1938944 kB
SwapCached:            0 kB
Active:          1623812 kB
Inactive:        1692464 kB
Active(anon):    1376740 kB
Inactive(anon):    26496 kB
Active(file):     247072 kB
Inactive(file):  1665968 kB
Unevictable:        5552 kB
Mlocked:            5552 kB
SwapTotal:       3145724 kB
SwapFree:        3145724 kB
Dirty:               720 kB
Writeback:             0 kB
AnonPages:       1375864 kB
Mapped:           858684 kB
Shmem:             28444 kB
KReclaimable:     588396 kB
Slab:             225124 kB
SReclaimable:      80452 kB
SUnreclaim:       144672 kB
KernelStack:       47220 kB
PageTables:        63328 kB
NFS_Unstable:          0 kB
Bounce:                0 kB
WritebackTmp:          0 kB
CommitLimit:     9202288 kB
Committed_AS:   66143124 kB
VmallocTotal:   263061440 kB
VmallocUsed:      104364 kB
VmallocChunk:          0 kB
Percpu:             7648 kB
CmaTotal:         294912 kB
CmaFree:               0 kB
MemTotal:       12113132 kB
MemFree:         6233036 kB
MemAvailable:    7865800 kB
Buffers:            7040 kB
Cached:          1938976 kB
SwapCached:            0 kB
Active:          1621816 kB
Inactive:        1692496 kB
Active(anon):    1374744 kB
Inactive(anon):    26496 kB
Active(file):     247072 kB
Inactive(file):  1666000 kB
Unevictable:        5552 kB
Mlocked:            5552 kB
SwapTotal:       3145724 kB
SwapFree:        3145724 kB
Dirty:               704 kB
Writeback:             0 kB
AnonPages:       1373772 kB
Mapped:           858536 kB
Shmem:             28444 kB
KReclaimable:     588396 kB
Slab:             225128 kB
SReclaimable:      80452 kB
SUnreclaim:       144676 kB
KernelStack:       47232 kB
PageTables:        63392 kB
NFS_Unstable:          0 kB
Bounce:                0 kB
WritebackTmp:          0 kB
CommitLimit:     9202288 kB
Committed_AS:   66138388 kB
VmallocTotal:   263061440 kB
VmallocUsed:      104348 kB
VmallocChunk:          0 kB
Percpu:             7648 kB
CmaTotal:         294912 kB
CmaFree:               0 kB
MemTotal:       12113132 kB
MemFree:         6224544 kB
MemAvailable:    7857320 kB
Buffers:            7040 kB
Cached:          1938988 kB
SwapCached:            0 kB
Active:          1631272 kB
Inactive:        1692504 kB
Active(anon):    1384196 kB
Inactive(anon):    26496 kB
Active(file):     247076 kB
Inactive(file):  1666008 kB
Unevictable:        5552 kB
Mlocked:            5552 kB
SwapTotal:       3145724 kB
SwapFree:        3145724 kB
Dirty:               728 kB
Writeback:             0 kB
AnonPages:       1383332 kB
Mapped:           858424 kB
Shmem:             28444 kB
KReclaimable:     588396 kB
Slab:             225128 kB
SReclaimable:      80452 kB
SUnreclaim:       144676 kB
KernelStack:       47200 kB
PageTables:        63344 kB
NFS_Unstable:          0 kB
Bounce:                0 kB
WritebackTmp:          0 kB
CommitLimit:     9202288 kB
Committed_AS:   66137648 kB
VmallocTotal:   263061440 kB
VmallocUsed:      104332 kB
VmallocChunk:          0 kB
Percpu:             7648 kB
CmaTotal:         294912 kB
CmaFree:               0 kB
MemTotal:       12113132 kB
MemFree:         6221448 kB
MemAvailable:    7854232 kB
Buffers:            7040 kB
Cached:          1938996 kB
SwapCached:            0 kB
Active:          1634700 kB
Inactive:        1692512 kB
Active(anon):    1387624 kB
Inactive(anon):    26496 kB
Active(file):     247076 kB
Inactive(file):  1666016 kB
Unevictable:        5552 kB
Mlocked:            5552 kB
SwapTotal:       3145724 kB
SwapFree:        3145724 kB
Dirty:               736 kB
Writeback:             0 kB
AnonPages:       1386740 kB
Mapped:           858528 kB
Shmem:             28444 kB
KReclaimable:     588396 kB
Slab:             225128 kB
SReclaimable:      80452 kB
SUnreclaim:       144676 kB
KernelStack:       47236 kB
PageTables:        63156 kB
NFS_Unstable:          0 kB
Bounce:                0 kB
WritebackTmp:          0 kB
CommitLimit:     9202288 kB
Committed_AS:   66138876 kB
VmallocTotal:   263061440 kB
VmallocUsed:      104348 kB
VmallocChunk:          0 kB
Percpu:             7648 kB
CmaTotal:         294912 kB
CmaFree:               0 kB
MemTotal:       12113132 kB
MemFree:         6213888 kB
MemAvailable:    7846684 kB
Buffers:            7040 kB
Cached:          1939008 kB
SwapCached:            0 kB
Active:          1642376 kB
Inactive:        1692524 kB
Active(anon):    1395300 kB
Inactive(anon):    26496 kB
Active(file):     247076 kB
Inactive(file):  1666028 kB
Unevictable:        5552 kB
Mlocked:            5552 kB
SwapTotal:       3145724 kB
SwapFree:        3145724 kB
Dirty:               748 kB
Writeback:             0 kB
AnonPages:       1394344 kB
Mapped:           858528 kB
Shmem:             28444 kB
KReclaimable:     588396 kB
Slab:             225132 kB
SReclaimable:      80452 kB
SUnreclaim:       144680 kB
KernelStack:       47248 kB
PageTables:        63396 kB
NFS_Unstable:          0 kB
Bounce:                0 kB
WritebackTmp:          0 kB
CommitLimit:     9202288 kB
Committed_AS:   66143196 kB
VmallocTotal:   263061440 kB
VmallocUsed:      104364 kB
VmallocChunk:          0 kB
Percpu:             7648 kB
CmaTotal:         294912 kB
CmaFree:               0 kB
MemTotal:       12113132 kB
MemFree:         6276488 kB
MemAvailable:    7909296 kB
Buffers:            7040 kB
Cached:          1939020 kB
SwapCached:            0 kB
Active:          1578360 kB
Inactive:        1692536 kB
Active(anon):    1331284 kB
Inactive(anon):    26496 kB
Active(file):     247076 kB
Inactive(file):  1666040 kB
Unevictable:        5552 kB
Mlocked:            5552 kB
SwapTotal:       3145724 kB
SwapFree:        3145724 kB
Dirty:               772 kB
Writeback:             0 kB
AnonPages:       1330516 kB
Mapped:           858424 kB
Shmem:             28444 kB
KReclaimable:     588396 kB
Slab:             225144 kB
SReclaimable:      80452 kB
SUnreclaim:       144692 kB
KernelStack:       47264 kB
PageTables:        63380 kB
NFS_Unstable:          0 kB
Bounce:                0 kB
WritebackTmp:          0 kB
CommitLimit:     9202288 kB
Committed_AS:   66138180 kB
VmallocTotal:   263061440 kB
VmallocUsed:      104380 kB
VmallocChunk:          0 kB
Percpu:             7648 kB
CmaTotal:         294912 kB
CmaFree:               0 kB
MemTotal:       12113132 kB
MemFree:         6254740 kB
MemAvailable:    7887584 kB
Buffers:            7040 kB
Cached:          1939056 kB
SwapCached:            0 kB
Active:          1600768 kB
Inactive:        1692568 kB
Active(anon):    1353688 kB
Inactive(anon):    26496 kB
Active(file):     247080 kB
Inactive(file):  1666072 kB
Unevictable:        5552 kB
Mlocked:            5552 kB
SwapTotal:       3145724 kB
SwapFree:        3145724 kB
Dirty:               788 kB
Writeback:            24 kB
AnonPages:       1352732 kB
Mapped:           858424 kB
Shmem:             28444 kB
KReclaimable:     588396 kB
Slab:             225136 kB
SReclaimable:      80452 kB
SUnreclaim:       144684 kB
KernelStack:       47248 kB
PageTables:        63372 kB
NFS_Unstable:          0 kB
Bounce:                0 kB
WritebackTmp:          0 kB
CommitLimit:     9202288 kB
Committed_AS:   66133020 kB
VmallocTotal:   263061440 kB
VmallocUsed:      104332 kB
VmallocChunk:          0 kB
Percpu:             7648 kB
CmaTotal:         294912 kB
CmaFree:              68 kB
MemTotal:       12113132 kB
MemFree:         6251056 kB
MemAvailable:    7883884 kB
Buffers:            7040 kB
Cached:          1939040 kB
SwapCached:            0 kB
Active:          1604264 kB
Inactive:        1692556 kB
Active(anon):    1357188 kB
Inactive(anon):    26496 kB
Active(file):     247076 kB
Inactive(file):  1666060 kB
Unevictable:        5552 kB
Mlocked:            5552 kB
SwapTotal:       3145724 kB
SwapFree:        3145724 kB
Dirty:               792 kB
Writeback:             0 kB
AnonPages:       1356328 kB
Mapped:           858424 kB
Shmem:             28444 kB
KReclaimable:     588396 kB
Slab:             225136 kB
SReclaimable:      80452 kB
SUnreclaim:       144684 kB
KernelStack:       47264 kB
PageTables:        63300 kB
NFS_Unstable:          0 kB
Bounce:                0 kB
WritebackTmp:          0 kB
CommitLimit:     9202288 kB
Committed_AS:   66137636 kB
VmallocTotal:   263061440 kB
VmallocUsed:      104380 kB
VmallocChunk:          0 kB
Percpu:             7648 kB
CmaTotal:         294912 kB
CmaFree:               0 kB
MemTotal:       12113132 kB
MemFree:         6242524 kB
MemAvailable:    7875364 kB
Buffers:            7040 kB
Cached:          1939056 kB
SwapCached:            0 kB
Active:          1613008 kB
Inactive:        1692564 kB
Active(anon):    1365928 kB
Inactive(anon):    26496 kB
Active(file):     247080 kB
Inactive(file):  1666068 kB
Unevictable:        5552 kB
Mlocked:            5552 kB
SwapTotal:       3145724 kB
SwapFree:        3145724 kB
Dirty:               168 kB
Writeback:             0 kB
AnonPages:       1365244 kB
Mapped:           858424 kB
Shmem:             28444 kB
KReclaimable:     588396 kB
Slab:             225196 kB
SReclaimable:      80452 kB
SUnreclaim:       144744 kB
KernelStack:       47280 kB
PageTables:        63392 kB
NFS_Unstable:          0 kB
Bounce:                0 kB
WritebackTmp:          0 kB
CommitLimit:     9202288 kB
Committed_AS:   66129296 kB
VmallocTotal:   263061440 kB
VmallocUsed:      104348 kB
VmallocChunk:          0 kB
Percpu:             7648 kB
CmaTotal:         294912 kB
CmaFree:               0 kB
MemTotal:       12113132 kB
MemFree:         6237940 kB
MemAvailable:    7870800 kB
Buffers:            7040 kB
Cached:          1939072 kB
SwapCached:            0 kB
Active:          1617520 kB
Inactive:        1692584 kB
Active(anon):    1370440 kB
Inactive(anon):    26496 kB
Active(file):     247080 kB
Inactive(file):  1666088 kB
Unevictable:        5552 kB
Mlocked:            5552 kB
SwapTotal:       3145724 kB
SwapFree:        3145724 kB
Dirty:               252 kB
Writeback:             0 kB
AnonPages:       1369684 kB
Mapped:           858420 kB
Shmem:             28444 kB
KReclaimable:     588396 kB
Slab:             225208 kB
SReclaimable:      80452 kB
SUnreclaim:       144756 kB
KernelStack:       47248 kB
PageTables:        63280 kB
NFS_Unstable:          0 kB
Bounce:                0 kB
WritebackTmp:          0 kB
CommitLimit:     9202288 kB
Committed_AS:   66137404 kB
VmallocTotal:   263061440 kB
VmallocUsed:      104396 kB
VmallocChunk:          0 kB
Percpu:             7648 kB
CmaTotal:         294912 kB
CmaFree:               0 kB
MemTotal:       12113132 kB
MemFree:         6249008 kB
MemAvailable:    7881884 kB
Buffers:            7040 kB
Cached:          1939084 kB
SwapCached:            0 kB
Active:          1605796 kB
Inactive:        1692596 kB
Active(anon):    1358716 kB
Inactive(anon):    26496 kB
Active(file):     247080 kB
Inactive(file):  1666100 kB
Unevictable:        5552 kB
Mlocked:            5552 kB
SwapTotal:       3145724 kB
SwapFree:        3145724 kB
Dirty:               296 kB
Writeback:             0 kB
AnonPages:       1357708 kB
Mapped:           858424 kB
Shmem:             28444 kB
KReclaimable:     588400 kB
Slab:             225204 kB
SReclaimable:      80456 kB
SUnreclaim:       144748 kB
KernelStack:       47264 kB
PageTables:        63420 kB
NFS_Unstable:          0 kB
Bounce:                0 kB
WritebackTmp:          0 kB
CommitLimit:     9202288 kB
Committed_AS:   66138664 kB
VmallocTotal:   263061440 kB
VmallocUsed:      104380 kB
VmallocChunk:          0 kB
Percpu:             7648 kB
CmaTotal:         294912 kB
CmaFree:               0 kB
MemTotal:       12113132 kB
MemFree:         6242328 kB
MemAvailable:    7875224 kB
Buffers:            7040 kB
Cached:          1939104 kB
SwapCached:            0 kB
Active:          1615368 kB
Inactive:        1692616 kB
Active(anon):    1368288 kB
Inactive(anon):    26496 kB
Active(file):     247080 kB
Inactive(file):  1666120 kB
Unevictable:        5552 kB
Mlocked:            5552 kB
SwapTotal:       3145724 kB
SwapFree:        3145724 kB
Dirty:               340 kB
Writeback:             0 kB
AnonPages:       1367428 kB
Mapped:           858528 kB
Shmem:             28444 kB
KReclaimable:     588400 kB
Slab:             225208 kB
SReclaimable:      80456 kB
SUnreclaim:       144752 kB
KernelStack:       47280 kB
PageTables:        63344 kB
NFS_Unstable:          0 kB
Bounce:                0 kB
WritebackTmp:          0 kB
CommitLimit:     9202288 kB
Committed_AS:   66140296 kB
VmallocTotal:   263061440 kB
VmallocUsed:      104364 kB
VmallocChunk:          0 kB
Percpu:             7648 kB
CmaTotal:         294912 kB
CmaFree:              12 kB
MemTotal:       12113132 kB
MemFree:         6252048 kB
MemAvailable:    7882712 kB
Buffers:            7040 kB
Cached:          1939260 kB
SwapCached:            0 kB
Active:          1602908 kB
Inactive:        1692748 kB
Active(anon):    1355828 kB
Inactive(anon):    26620 kB
Active(file):     247080 kB
Inactive(file):  1666128 kB
Unevictable:        5552 kB
Mlocked:            5552 kB
SwapTotal:       3145724 kB
SwapFree:        3145724 kB
Dirty:               392 kB
Writeback:             0 kB
AnonPages:       1355376 kB
Mapped:           858888 kB
Shmem:             28592 kB
KReclaimable:     586160 kB
Slab:             225248 kB
SReclaimable:      80472 kB
SUnreclaim:       144776 kB
KernelStack:       47248 kB
PageTables:        63316 kB
NFS_Unstable:          0 kB
Bounce:                0 kB
WritebackTmp:          0 kB
CommitLimit:     9202288 kB
Committed_AS:   66136592 kB
VmallocTotal:   263061440 kB
VmallocUsed:      104364 kB
VmallocChunk:          0 kB
Percpu:             7648 kB
CmaTotal:         294912 kB
CmaFree:               0 kB
MemTotal:       12113132 kB
MemFree:         6226080 kB
MemAvailable:    7856752 kB
Buffers:            7040 kB
Cached:          1939260 kB
SwapCached:            0 kB
Active:          1628160 kB
Inactive:        1692752 kB
Active(anon):    1381084 kB
Inactive(anon):    26612 kB
Active(file):     247076 kB
Inactive(file):  1666140 kB
Unevictable:        5552 kB
Mlocked:            5552 kB
SwapTotal:       3145724 kB
SwapFree:        3145724 kB
Dirty:               428 kB
Writeback:             0 kB
AnonPages:       1380172 kB
Mapped:           858816 kB
Shmem:             28584 kB
KReclaimable:     586160 kB
Slab:             225232 kB
SReclaimable:      80472 kB
SUnreclaim:       144760 kB
KernelStack:       47232 kB
PageTables:        63288 kB
NFS_Unstable:          0 kB
Bounce:                0 kB
WritebackTmp:          0 kB
CommitLimit:     9202288 kB
Committed_AS:   66139600 kB
VmallocTotal:   263061440 kB
VmallocUsed:      104396 kB
VmallocChunk:          0 kB
Percpu:             7648 kB
CmaTotal:         294912 kB
CmaFree:               0 kB
MemTotal:       12113132 kB
MemFree:         6223028 kB
MemAvailable:    7853716 kB
Buffers:            7040 kB
Cached:          1939276 kB
SwapCached:            0 kB
Active:          1631676 kB
Inactive:        1692764 kB
Active(anon):    1384596 kB
Inactive(anon):    26612 kB
Active(file):     247080 kB
Inactive(file):  1666152 kB
Unevictable:        5552 kB
Mlocked:            5552 kB
SwapTotal:       3145724 kB
SwapFree:        3145724 kB
Dirty:               472 kB
Writeback:             0 kB
AnonPages:       1383676 kB
Mapped:           858844 kB
Shmem:             28584 kB
KReclaimable:     586160 kB
Slab:             225244 kB
SReclaimable:      80472 kB
SUnreclaim:       144772 kB
KernelStack:       47264 kB
PageTables:        63304 kB
NFS_Unstable:          0 kB
Bounce:                0 kB
WritebackTmp:          0 kB
CommitLimit:     9202288 kB
Committed_AS:   66140636 kB
VmallocTotal:   263061440 kB
VmallocUsed:      104380 kB
VmallocChunk:          0 kB
Percpu:             7648 kB
CmaTotal:         294912 kB
CmaFree:              20 kB
MemTotal:       12113132 kB
MemFree:         6221248 kB
MemAvailable:    7851952 kB
Buffers:            7040 kB
Cached:          1939296 kB
SwapCached:            0 kB
Active:          1632284 kB
Inactive:        1692784 kB
Active(anon):    1385204 kB
Inactive(anon):    26616 kB
Active(file):     247080 kB
Inactive(file):  1666168 kB
Unevictable:        5552 kB
Mlocked:            5552 kB
SwapTotal:       3145724 kB
SwapFree:        3145724 kB
Dirty:               508 kB
Writeback:             0 kB
AnonPages:       1384220 kB
Mapped:           858880 kB
Shmem:             28588 kB
KReclaimable:     586160 kB
Slab:             225228 kB
SReclaimable:      80472 kB
SUnreclaim:       144756 kB
KernelStack:       47296 kB
PageTables:        63388 kB
NFS_Unstable:          0 kB
Bounce:                0 kB
WritebackTmp:          0 kB
CommitLimit:     9202288 kB
Committed_AS:   66142820 kB
VmallocTotal:   263061440 kB
VmallocUsed:      104428 kB
VmallocChunk:          0 kB
Percpu:             7648 kB
CmaTotal:         294912 kB
CmaFree:               0 kB
MemTotal:       12113132 kB
MemFree:         6225096 kB
MemAvailable:    7855832 kB
Buffers:            7044 kB
Cached:          1939324 kB
SwapCached:            0 kB
Active:          1631580 kB
Inactive:        1692812 kB
Active(anon):    1384496 kB
Inactive(anon):    26616 kB
Active(file):     247084 kB
Inactive(file):  1666196 kB
Unevictable:        5552 kB
Mlocked:            5552 kB
SwapTotal:       3145724 kB
SwapFree:        3145724 kB
Dirty:               508 kB
Writeback:             0 kB
AnonPages:       1383312 kB
Mapped:           858912 kB
Shmem:             28588 kB
KReclaimable:     586160 kB
Slab:             225236 kB
SReclaimable:      80472 kB
SUnreclaim:       144764 kB
KernelStack:       47280 kB
PageTables:        63344 kB
NFS_Unstable:          0 kB
Bounce:                0 kB
WritebackTmp:          0 kB
CommitLimit:     9202288 kB
Committed_AS:   66143004 kB
VmallocTotal:   263061440 kB
VmallocUsed:      104380 kB
VmallocChunk:          0 kB
Percpu:             7648 kB
CmaTotal:         294912 kB
CmaFree:               0 kB
MemTotal:       12113132 kB
MemFree:         6214904 kB
MemAvailable:    7845648 kB
Buffers:            7044 kB
Cached:          1939336 kB
SwapCached:            0 kB
Active:          1638972 kB
Inactive:        1692824 kB
Active(anon):    1391888 kB
Inactive(anon):    26620 kB
Active(file):     247084 kB
Inactive(file):  1666204 kB
Unevictable:        5552 kB
Mlocked:            5552 kB
SwapTotal:       3145724 kB
SwapFree:        3145724 kB
Dirty:               568 kB
Writeback:             0 kB
AnonPages:       1390732 kB
Mapped:           858952 kB
Shmem:             28592 kB
KReclaimable:     586160 kB
Slab:             225240 kB
SReclaimable:      80472 kB
SUnreclaim:       144768 kB
KernelStack:       47296 kB
PageTables:        63328 kB
NFS_Unstable:          0 kB
Bounce:                0 kB
WritebackTmp:          0 kB
CommitLimit:     9202288 kB
Committed_AS:   66138956 kB
VmallocTotal:   263061440 kB
VmallocUsed:      104412 kB
VmallocChunk:          0 kB
Percpu:             7648 kB
CmaTotal:         294912 kB
CmaFree:              36 kB
MemTotal:       12113132 kB
MemFree:         6214136 kB
MemAvailable:    7844892 kB
Buffers:            7044 kB
Cached:          1939352 kB
SwapCached:            0 kB
Active:          1643220 kB
Inactive:        1692840 kB
Active(anon):    1396136 kB
Inactive(anon):    26624 kB
Active(file):     247084 kB
Inactive(file):  1666216 kB
Unevictable:        5552 kB
Mlocked:            5552 kB
SwapTotal:       3145724 kB
SwapFree:        3145724 kB
Dirty:               604 kB
Writeback:             0 kB
AnonPages:       1395324 kB
Mapped:           858992 kB
Shmem:             28596 kB
KReclaimable:     586160 kB
Slab:             225272 kB
SReclaimable:      80472 kB
SUnreclaim:       144800 kB
KernelStack:       47248 kB
PageTables:        63352 kB
NFS_Unstable:          0 kB
Bounce:                0 kB
WritebackTmp:          0 kB
CommitLimit:     9202288 kB
Committed_AS:   66143324 kB
VmallocTotal:   263061440 kB
VmallocUsed:      104364 kB
VmallocChunk:          0 kB
Percpu:             7648 kB
CmaTotal:         294912 kB
CmaFree:               0 kB
MemTotal:       12113132 kB
MemFree:         6212440 kB
MemAvailable:    7843208 kB
Buffers:            7044 kB
Cached:          1939364 kB
SwapCached:            0 kB
Active:          1642492 kB
Inactive:        1692852 kB
Active(anon):    1395408 kB
Inactive(anon):    26624 kB
Active(file):     247084 kB
Inactive(file):  1666228 kB
Unevictable:        5552 kB
Mlocked:            5552 kB
SwapTotal:       3145724 kB
SwapFree:        3145724 kB
Dirty:               612 kB
Writeback:            36 kB
AnonPages:       1394572 kB
Mapped:           859016 kB
Shmem:             28596 kB
KReclaimable:     586160 kB
Slab:             225260 kB
SReclaimable:      80472 kB
SUnreclaim:       144788 kB
KernelStack:       47264 kB
PageTables:        63184 kB
NFS_Unstable:          0 kB
Bounce:                0 kB
WritebackTmp:          0 kB
CommitLimit:     9202288 kB
Committed_AS:   66135904 kB
VmallocTotal:   263061440 kB
VmallocUsed:      104348 kB
VmallocChunk:          0 kB
Percpu:             7648 kB
CmaTotal:         294912 kB
CmaFree:               0 kB
MemTotal:       12113132 kB
MemFree:         6203632 kB
MemAvailable:    7834416 kB
Buffers:            7044 kB
Cached:          1939380 kB
SwapCached:            0 kB
Active:          1651944 kB
Inactive:        1692868 kB
Active(anon):    1404860 kB
Inactive(anon):    26624 kB
Active(file):     247084 kB
Inactive(file):  1666244 kB
Unevictable:        5552 kB
Mlocked:            5552 kB
SwapTotal:       3145724 kB
SwapFree:        3145724 kB
Dirty:               700 kB
Writeback:             0 kB
AnonPages:       1404116 kB
Mapped:           859052 kB
Shmem:             28596 kB
KReclaimable:     586160 kB
Slab:             225280 kB
SReclaimable:      80472 kB
SUnreclaim:       144808 kB
KernelStack:       47292 kB
PageTables:        63496 kB
NFS_Unstable:          0 kB
Bounce:                0 kB
WritebackTmp:          0 kB
CommitLimit:     9202288 kB
Committed_AS:   66135416 kB
VmallocTotal:   263061440 kB
VmallocUsed:      104316 kB
VmallocChunk:          0 kB
Percpu:             7648 kB
CmaTotal:         294912 kB
CmaFree:               0 kB
MemTotal:       12113132 kB
MemFree:         6206896 kB
MemAvailable:    7837688 kB
Buffers:            7044 kB
Cached:          1939388 kB
SwapCached:            0 kB
Active:          1646764 kB
Inactive:        1692876 kB
Active(anon):    1399680 kB
Inactive(anon):    26624 kB
Active(file):     247084 kB
Inactive(file):  1666252 kB
Unevictable:        5552 kB
Mlocked:            5552 kB
SwapTotal:       3145724 kB
SwapFree:        3145724 kB
Dirty:               736 kB
Writeback:             0 kB
AnonPages:       1399164 kB
Mapped:           859096 kB
Shmem:             28596 kB
KReclaimable:     586160 kB
Slab:             225280 kB
SReclaimable:      80472 kB
SUnreclaim:       144808 kB
KernelStack:       47248 kB
PageTables:        63272 kB
NFS_Unstable:          0 kB
Bounce:                0 kB
WritebackTmp:          0 kB
CommitLimit:     9202288 kB
Committed_AS:   66132784 kB
VmallocTotal:   263061440 kB
VmallocUsed:      104332 kB
VmallocChunk:          0 kB
Percpu:             7648 kB
CmaTotal:         294912 kB
CmaFree:               0 kB
MemTotal:       12113132 kB
MemFree:         6199328 kB
MemAvailable:    7830132 kB
Buffers:            7044 kB
Cached:          1939400 kB
SwapCached:            0 kB
Active:          1655084 kB
Inactive:        1692888 kB
Active(anon):    1408000 kB
Inactive(anon):    26624 kB
Active(file):     247084 kB
Inactive(file):  1666264 kB
Unevictable:        5552 kB
Mlocked:            5552 kB
SwapTotal:       3145724 kB
SwapFree:        3145724 kB
Dirty:               772 kB
Writeback:             0 kB
AnonPages:       1407160 kB
Mapped:           859116 kB
Shmem:             28596 kB
KReclaimable:     586160 kB
Slab:             225280 kB
SReclaimable:      80472 kB
SUnreclaim:       144808 kB
KernelStack:       47232 kB
PageTables:        63308 kB
NFS_Unstable:          0 kB
Bounce:                0 kB
WritebackTmp:          0 kB
CommitLimit:     9202288 kB
Committed_AS:   66148628 kB
VmallocTotal:   263061440 kB
VmallocUsed:      104380 kB
VmallocChunk:          0 kB
Percpu:             7648 kB
CmaTotal:         294912 kB
CmaFree:               0 kB
MemTotal:       12113132 kB
MemFree:         6189864 kB
MemAvailable:    7820680 kB
Buffers:            7044 kB
Cached:          1939412 kB
SwapCached:            0 kB
Active:          1666380 kB
Inactive:        1692900 kB
Active(anon):    1419296 kB
Inactive(anon):    26624 kB
Active(file):     247084 kB
Inactive(file):  1666276 kB
Unevictable:        5552 kB
Mlocked:            5552 kB
SwapTotal:       3145724 kB
SwapFree:        3145724 kB
Dirty:               820 kB
Writeback:             0 kB
AnonPages:       1418404 kB
Mapped:           859156 kB
Shmem:             28596 kB
KReclaimable:     586160 kB
Slab:             225276 kB
SReclaimable:      80472 kB
SUnreclaim:       144804 kB
KernelStack:       47264 kB
PageTables:        63304 kB
NFS_Unstable:          0 kB
Bounce:                0 kB
WritebackTmp:          0 kB
CommitLimit:     9202288 kB
Committed_AS:   66141524 kB
VmallocTotal:   263061440 kB
VmallocUsed:      104364 kB
VmallocChunk:          0 kB
Percpu:             7648 kB
CmaTotal:         294912 kB
CmaFree:               0 kB
MemTotal:       12113132 kB
MemFree:         6195768 kB
MemAvailable:    7826596 kB
Buffers:            7044 kB
Cached:          1939424 kB
SwapCached:            0 kB
Active:          1660312 kB
Inactive:        1692912 kB
Active(anon):    1413228 kB
Inactive(anon):    26624 kB
Active(file):     247084 kB
Inactive(file):  1666288 kB
Unevictable:        5552 kB
Mlocked:            5552 kB
SwapTotal:       3145724 kB
SwapFree:        3145724 kB
Dirty:               280 kB
Writeback:             0 kB
AnonPages:       1412484 kB
Mapped:           859200 kB
Shmem:             28596 kB
KReclaimable:     586160 kB
Slab:             225352 kB
SReclaimable:      80472 kB
SUnreclaim:       144880 kB
KernelStack:       47232 kB
PageTables:        63268 kB
NFS_Unstable:          0 kB
Bounce:                0 kB
WritebackTmp:          0 kB
CommitLimit:     9202288 kB
Committed_AS:   66138380 kB
VmallocTotal:   263061440 kB
VmallocUsed:      104380 kB
VmallocChunk:          0 kB
Percpu:             7648 kB
CmaTotal:         294912 kB
CmaFree:               0 kB
MemTotal:       12113132 kB
MemFree:         6194964 kB
MemAvailable:    7825816 kB
Buffers:            7044 kB
Cached:          1939448 kB
SwapCached:            0 kB
Active:          1659328 kB
Inactive:        1692936 kB
Active(anon):    1412244 kB
Inactive(anon):    26624 kB
Active(file):     247084 kB
Inactive(file):  1666312 kB
Unevictable:        5552 kB
Mlocked:            5552 kB
SwapTotal:       3145724 kB
SwapFree:        3145724 kB
Dirty:               364 kB
Writeback:             0 kB
AnonPages:       1410940 kB
Mapped:           859216 kB
Shmem:             28596 kB
KReclaimable:     586160 kB
Slab:             225360 kB
SReclaimable:      80472 kB
SUnreclaim:       144888 kB
KernelStack:       47232 kB
PageTables:        63300 kB
NFS_Unstable:          0 kB
Bounce:                0 kB
WritebackTmp:          0 kB
CommitLimit:     9202288 kB
Committed_AS:   66143620 kB
VmallocTotal:   263061440 kB
VmallocUsed:      104348 kB
VmallocChunk:          0 kB
Percpu:             7648 kB
CmaTotal:         294912 kB
CmaFree:               0 kB
MemTotal:       12113132 kB
MemFree:         6188040 kB
MemAvailable:    7818904 kB
Buffers:            7044 kB
Cached:          1939460 kB
SwapCached:            0 kB
Active:          1666912 kB
Inactive:        1692948 kB
Active(anon):    1419828 kB
Inactive(anon):    26624 kB
Active(file):     247084 kB
Inactive(file):  1666324 kB
Unevictable:        5552 kB
Mlocked:            5552 kB
SwapTotal:       3145724 kB
SwapFree:        3145724 kB
Dirty:               436 kB
Writeback:             0 kB
AnonPages:       1419024 kB
Mapped:           859244 kB
Shmem:             28596 kB
KReclaimable:     586160 kB
Slab:             225356 kB
SReclaimable:      80472 kB
SUnreclaim:       144884 kB
KernelStack:       47280 kB
PageTables:        63404 kB
NFS_Unstable:          0 kB
Bounce:                0 kB
WritebackTmp:          0 kB
CommitLimit:     9202288 kB
Committed_AS:   66138168 kB
VmallocTotal:   263061440 kB
VmallocUsed:      104380 kB
VmallocChunk:          0 kB
Percpu:             7648 kB
CmaTotal:         294912 kB
CmaFree:               0 kB
MemTotal:       12113132 kB
MemFree:         6180120 kB
MemAvailable:    7811000 kB
Buffers:            7044 kB
Cached:          1939476 kB
SwapCached:            0 kB
Active:          1672960 kB
Inactive:        1692964 kB
Active(anon):    1425876 kB
Inactive(anon):    26624 kB
Active(file):     247084 kB
Inactive(file):  1666340 kB
Unevictable:        5552 kB
Mlocked:            5552 kB
SwapTotal:       3145724 kB
SwapFree:        3145724 kB
Dirty:               480 kB
Writeback:             0 kB
AnonPages:       1424972 kB
Mapped:           859300 kB
Shmem:             28596 kB
KReclaimable:     586160 kB
Slab:             225356 kB
SReclaimable:      80472 kB
SUnreclaim:       144884 kB
KernelStack:       47264 kB
PageTables:        63292 kB
NFS_Unstable:          0 kB
Bounce:                0 kB
WritebackTmp:          0 kB
CommitLimit:     9202288 kB
Committed_AS:   66130668 kB
VmallocTotal:   263061440 kB
VmallocUsed:      104396 kB
VmallocChunk:          0 kB
Percpu:             7648 kB
CmaTotal:         294912 kB
CmaFree:               0 kB
MemTotal:       12113132 kB
MemFree:         6185772 kB
MemAvailable:    7816656 kB
Buffers:            7044 kB
Cached:          1939480 kB
SwapCached:            0 kB
Active:          1667156 kB
Inactive:        1692968 kB
Active(anon):    1420072 kB
Inactive(anon):    26624 kB
Active(file):     247084 kB
Inactive(file):  1666344 kB
Unevictable:        5552 kB
Mlocked:            5552 kB
SwapTotal:       3145724 kB
SwapFree:        3145724 kB
Dirty:               512 kB
Writeback:             0 kB
AnonPages:       1419228 kB
Mapped:           859432 kB
Shmem:             28596 kB
KReclaimable:     586160 kB
Slab:             225360 kB
SReclaimable:      80472 kB
SUnreclaim:       144888 kB
KernelStack:       47264 kB
PageTables:        63372 kB
NFS_Unstable:          0 kB
Bounce:                0 kB
WritebackTmp:          0 kB
CommitLimit:     9202288 kB
Committed_AS:   66146616 kB
VmallocTotal:   263061440 kB
VmallocUsed:      104396 kB
VmallocChunk:          0 kB
Percpu:             7648 kB
CmaTotal:         294912 kB
CmaFree:               0 kB
MemTotal:       12113132 kB
MemFree:         6186624 kB
MemAvailable:    7817524 kB
Buffers:            7044 kB
Cached:          1939496 kB
SwapCached:            0 kB
Active:          1668352 kB
Inactive:        1692984 kB
Active(anon):    1421268 kB
Inactive(anon):    26624 kB
Active(file):     247084 kB
Inactive(file):  1666360 kB
Unevictable:        5552 kB
Mlocked:            5552 kB
SwapTotal:       3145724 kB
SwapFree:        3145724 kB
Dirty:               624 kB
Writeback:             0 kB
AnonPages:       1420504 kB
Mapped:           859344 kB
Shmem:             28596 kB
KReclaimable:     586160 kB
Slab:             225352 kB
SReclaimable:      80472 kB
SUnreclaim:       144880 kB
KernelStack:       47280 kB
PageTables:        63404 kB
NFS_Unstable:          0 kB
Bounce:                0 kB
WritebackTmp:          0 kB
CommitLimit:     9202288 kB
Committed_AS:   66147392 kB
VmallocTotal:   263061440 kB
VmallocUsed:      104396 kB
VmallocChunk:          0 kB
Percpu:             7648 kB
CmaTotal:         294912 kB
CmaFree:               0 kB
MemTotal:       12113132 kB
MemFree:         6189348 kB
MemAvailable:    7820264 kB
Buffers:            7044 kB
Cached:          1939512 kB
SwapCached:            0 kB
Active:          1664592 kB
Inactive:        1693000 kB
Active(anon):    1417508 kB
Inactive(anon):    26624 kB
Active(file):     247084 kB
Inactive(file):  1666376 kB
Unevictable:        5552 kB
Mlocked:            5552 kB
SwapTotal:       3145724 kB
SwapFree:        3145724 kB
Dirty:               668 kB
Writeback:             0 kB
AnonPages:       1416192 kB
Mapped:           859380 kB
Shmem:             28596 kB
KReclaimable:     586160 kB
Slab:             225364 kB
SReclaimable:      80472 kB
SUnreclaim:       144892 kB
KernelStack:       47296 kB
PageTables:        63540 kB
NFS_Unstable:          0 kB
Bounce:                0 kB
WritebackTmp:          0 kB
CommitLimit:     9202288 kB
Committed_AS:   66142916 kB
VmallocTotal:   263061440 kB
VmallocUsed:      104396 kB
VmallocChunk:          0 kB
Percpu:             7648 kB
CmaTotal:         294912 kB
CmaFree:               0 kB
MemTotal:       12113132 kB
MemFree:         6182304 kB
MemAvailable:    7813248 kB
Buffers:            7048 kB
Cached:          1939540 kB
SwapCached:            0 kB
Active:          1672428 kB
Inactive:        1693028 kB
Active(anon):    1425340 kB
Inactive(anon):    26628 kB
Active(file):     247088 kB
Inactive(file):  1666400 kB
Unevictable:        5552 kB
Mlocked:            5552 kB
SwapTotal:       3145724 kB
SwapFree:        3145724 kB
Dirty:               712 kB
Writeback:             0 kB
AnonPages:       1424620 kB
Mapped:           858724 kB
Shmem:             28600 kB
KReclaimable:     586160 kB
Slab:             225368 kB
SReclaimable:      80472 kB
SUnreclaim:       144896 kB
KernelStack:       47248 kB
PageTables:        63444 kB
NFS_Unstable:          0 kB
Bounce:                0 kB
WritebackTmp:          0 kB
CommitLimit:     9202288 kB
Committed_AS:   66133820 kB
VmallocTotal:   263061440 kB
VmallocUsed:      104348 kB
VmallocChunk:          0 kB
Percpu:             7648 kB
CmaTotal:         294912 kB
CmaFree:               0 kB
MemTotal:       12113132 kB
MemFree:         6170964 kB
MemAvailable:    7801936 kB
Buffers:            7048 kB
Cached:          1939576 kB
SwapCached:            0 kB
Active:          1683776 kB
Inactive:        1693064 kB
Active(anon):    1436688 kB
Inactive(anon):    26636 kB
Active(file):     247088 kB
Inactive(file):  1666428 kB
Unevictable:        5552 kB
Mlocked:            5552 kB
SwapTotal:       3145724 kB
SwapFree:        3145724 kB
Dirty:               928 kB
Writeback:             0 kB
AnonPages:       1435636 kB
Mapped:           858760 kB
Shmem:             28608 kB
KReclaimable:     586160 kB
Slab:             225344 kB
SReclaimable:      80472 kB
SUnreclaim:       144872 kB
KernelStack:       47344 kB
PageTables:        63320 kB
NFS_Unstable:          0 kB
Bounce:                0 kB
WritebackTmp:          0 kB
CommitLimit:     9202288 kB
Committed_AS:   66138260 kB
VmallocTotal:   263061440 kB
VmallocUsed:      104476 kB
VmallocChunk:          0 kB
Percpu:             7648 kB
CmaTotal:         294912 kB
CmaFree:               0 kB
MemTotal:       12113132 kB
MemFree:         6188072 kB
MemAvailable:    7819056 kB
Buffers:            7048 kB
Cached:          1939604 kB
SwapCached:            0 kB
Active:          1666764 kB
Inactive:        1693092 kB
Active(anon):    1419676 kB
Inactive(anon):    26652 kB
Active(file):     247088 kB
Inactive(file):  1666440 kB
Unevictable:        5552 kB
Mlocked:            5552 kB
SwapTotal:       3145724 kB
SwapFree:        3145724 kB
Dirty:               968 kB
Writeback:             0 kB
AnonPages:       1418804 kB
Mapped:           872104 kB
Shmem:             28624 kB
KReclaimable:     586160 kB
Slab:             225348 kB
SReclaimable:      80472 kB
SUnreclaim:       144876 kB
KernelStack:       47360 kB
PageTables:        63488 kB
NFS_Unstable:          0 kB
Bounce:                0 kB
WritebackTmp:          0 kB
CommitLimit:     9202288 kB
Committed_AS:   66136504 kB
VmallocTotal:   263061440 kB
VmallocUsed:      104492 kB
VmallocChunk:          0 kB
Percpu:             7648 kB
CmaTotal:         294912 kB
CmaFree:               0 kB
MemTotal:       12113132 kB
MemFree:         6178636 kB
MemAvailable:    7809632 kB
Buffers:            7048 kB
Cached:          1939616 kB
SwapCached:            0 kB
Active:          1674616 kB
Inactive:        1693104 kB
Active(anon):    1427528 kB
Inactive(anon):    26652 kB
Active(file):     247088 kB
Inactive(file):  1666452 kB
Unevictable:        5552 kB
Mlocked:            5552 kB
SwapTotal:       3145724 kB
SwapFree:        3145724 kB
Dirty:              1004 kB
Writeback:             0 kB
AnonPages:       1426384 kB
Mapped:           872252 kB
Shmem:             28624 kB
KReclaimable:     586160 kB
Slab:             225340 kB
SReclaimable:      80472 kB
SUnreclaim:       144868 kB
KernelStack:       47312 kB
PageTables:        63380 kB
NFS_Unstable:          0 kB
Bounce:                0 kB
WritebackTmp:          0 kB
CommitLimit:     9202288 kB
Committed_AS:   66134380 kB
VmallocTotal:   263061440 kB
VmallocUsed:      104508 kB
VmallocChunk:          0 kB
Percpu:             7648 kB
CmaTotal:         294912 kB
CmaFree:               0 kB
MemTotal:       12113132 kB
MemFree:         6171988 kB
MemAvailable:    7802992 kB
Buffers:            7048 kB
Cached:          1939624 kB
SwapCached:            0 kB
Active:          1681980 kB
Inactive:        1693112 kB
Active(anon):    1434892 kB
Inactive(anon):    26652 kB
Active(file):     247088 kB
Inactive(file):  1666460 kB
Unevictable:        5552 kB
Mlocked:            5552 kB
SwapTotal:       3145724 kB
SwapFree:        3145724 kB
Dirty:              1056 kB
Writeback:             0 kB
AnonPages:       1434236 kB
Mapped:           872296 kB
Shmem:             28624 kB
KReclaimable:     586160 kB
Slab:             225344 kB
SReclaimable:      80472 kB
SUnreclaim:       144872 kB
KernelStack:       47328 kB
PageTables:        63340 kB
NFS_Unstable:          0 kB
Bounce:                0 kB
WritebackTmp:          0 kB
CommitLimit:     9202288 kB
Committed_AS:   66133952 kB
VmallocTotal:   263061440 kB
VmallocUsed:      104444 kB
VmallocChunk:          0 kB
Percpu:             7648 kB
CmaTotal:         294912 kB
CmaFree:               8 kB
MemTotal:       12113132 kB
MemFree:         6176468 kB
MemAvailable:    7807484 kB
Buffers:            7048 kB
Cached:          1939636 kB
SwapCached:            0 kB
Active:          1676964 kB
Inactive:        1693124 kB
Active(anon):    1429876 kB
Inactive(anon):    26652 kB
Active(file):     247088 kB
Inactive(file):  1666472 kB
Unevictable:        5552 kB
Mlocked:            5552 kB
SwapTotal:       3145724 kB
SwapFree:        3145724 kB
Dirty:              1092 kB
Writeback:             0 kB
AnonPages:       1429228 kB
Mapped:           872320 kB
Shmem:             28624 kB
KReclaimable:     586160 kB
Slab:             225332 kB
SReclaimable:      80472 kB
SUnreclaim:       144860 kB
KernelStack:       47328 kB
PageTables:        63452 kB
NFS_Unstable:          0 kB
Bounce:                0 kB
WritebackTmp:          0 kB
CommitLimit:     9202288 kB
Committed_AS:   66143760 kB
VmallocTotal:   263061440 kB
VmallocUsed:      104476 kB
VmallocChunk:          0 kB
Percpu:             7648 kB
CmaTotal:         294912 kB
CmaFree:               0 kB
MemTotal:       12113132 kB
MemFree:         6175732 kB
MemAvailable:    7806756 kB
Buffers:            7048 kB
Cached:          1939648 kB
SwapCached:            0 kB
Active:          1678432 kB
Inactive:        1693136 kB
Active(anon):    1431344 kB
Inactive(anon):    26656 kB
Active(file):     247088 kB
Inactive(file):  1666480 kB
Unevictable:        5552 kB
Mlocked:            5552 kB
SwapTotal:       3145724 kB
SwapFree:        3145724 kB
Dirty:              1124 kB
Writeback:             0 kB
AnonPages:       1430436 kB
Mapped:           872352 kB
Shmem:             28628 kB
KReclaimable:     586160 kB
Slab:             225340 kB
SReclaimable:      80472 kB
SUnreclaim:       144868 kB
KernelStack:       47312 kB
PageTables:        63364 kB
NFS_Unstable:          0 kB
Bounce:                0 kB
WritebackTmp:          0 kB
CommitLimit:     9202288 kB
Committed_AS:   66148776 kB
VmallocTotal:   263061440 kB
VmallocUsed:      104492 kB
VmallocChunk:          0 kB
Percpu:             7648 kB
CmaTotal:         294912 kB
CmaFree:               0 kB
MemTotal:       12113132 kB
MemFree:         6168264 kB
MemAvailable:    7799304 kB
Buffers:            7048 kB
Cached:          1939664 kB
SwapCached:            0 kB
Active:          1687176 kB
Inactive:        1693152 kB
Active(anon):    1440088 kB
Inactive(anon):    26656 kB
Active(file):     247088 kB
Inactive(file):  1666496 kB
Unevictable:        5552 kB
Mlocked:            5552 kB
SwapTotal:       3145724 kB
SwapFree:        3145724 kB
Dirty:              1180 kB
Writeback:             0 kB
AnonPages:       1439244 kB
Mapped:           872388 kB
Shmem:             28628 kB
KReclaimable:     586160 kB
Slab:             225344 kB
SReclaimable:      80472 kB
SUnreclaim:       144872 kB
KernelStack:       47296 kB
PageTables:        63352 kB
NFS_Unstable:          0 kB
Bounce:                0 kB
WritebackTmp:          0 kB
CommitLimit:     9202288 kB
Committed_AS:   66148416 kB
VmallocTotal:   263061440 kB
VmallocUsed:      104476 kB
VmallocChunk:          0 kB
Percpu:             7648 kB
CmaTotal:         294912 kB
CmaFree:               0 kB
MemTotal:       12113132 kB
MemFree:         6172056 kB
MemAvailable:    7803108 kB
Buffers:            7048 kB
Cached:          1939676 kB
SwapCached:            0 kB
Active:          1683336 kB
Inactive:        1693164 kB
Active(anon):    1436248 kB
Inactive(anon):    26656 kB
Active(file):     247088 kB
Inactive(file):  1666508 kB
Unevictable:        5552 kB
Mlocked:            5552 kB
SwapTotal:       3145724 kB
SwapFree:        3145724 kB
Dirty:              1216 kB
Writeback:             0 kB
AnonPages:       1435420 kB
Mapped:           872424 kB
Shmem:             28628 kB
KReclaimable:     586160 kB
Slab:             225336 kB
SReclaimable:      80472 kB
SUnreclaim:       144864 kB
KernelStack:       47360 kB
PageTables:        63452 kB
NFS_Unstable:          0 kB
Bounce:                0 kB
WritebackTmp:          0 kB
CommitLimit:     9202288 kB
Committed_AS:   66147272 kB
VmallocTotal:   263061440 kB
VmallocUsed:      104460 kB
VmallocChunk:          0 kB
Percpu:             7648 kB
CmaTotal:         294912 kB
CmaFree:               0 kB
MemTotal:       12113132 kB
MemFree:         6170228 kB
MemAvailable:    7801292 kB
Buffers:            7048 kB
Cached:          1939696 kB
SwapCached:            0 kB
Active:          1681864 kB
Inactive:        1693184 kB
Active(anon):    1434776 kB
Inactive(anon):    26664 kB
Active(file):     247088 kB
Inactive(file):  1666520 kB
Unevictable:        5552 kB
Mlocked:            5552 kB
SwapTotal:       3145724 kB
SwapFree:        3145724 kB
Dirty:              1288 kB
Writeback:             0 kB
AnonPages:       1433792 kB
Mapped:           872456 kB
Shmem:             28636 kB
KReclaimable:     586160 kB
Slab:             225348 kB
SReclaimable:      80472 kB
SUnreclaim:       144876 kB
KernelStack:       47344 kB
PageTables:        63468 kB
NFS_Unstable:          0 kB
Bounce:                0 kB
WritebackTmp:          0 kB
CommitLimit:     9202288 kB
Committed_AS:   66137984 kB
VmallocTotal:   263061440 kB
VmallocUsed:      104476 kB
VmallocChunk:          0 kB
Percpu:             7648 kB
CmaTotal:         294912 kB
CmaFree:               0 kB
MemTotal:       12113132 kB
MemFree:         6162200 kB
MemAvailable:    7793272 kB
Buffers:            7048 kB
Cached:          1939704 kB
SwapCached:            0 kB
Active:          1691952 kB
Inactive:        1693192 kB
Active(anon):    1444864 kB
Inactive(anon):    26664 kB
Active(file):     247088 kB
Inactive(file):  1666528 kB
Unevictable:        5552 kB
Mlocked:            5552 kB
SwapTotal:       3145724 kB
SwapFree:        3145724 kB
Dirty:              1332 kB
Writeback:             0 kB
AnonPages:       1444112 kB
Mapped:           872500 kB
Shmem:             28636 kB
KReclaimable:     586160 kB
Slab:             225348 kB
SReclaimable:      80472 kB
SUnreclaim:       144876 kB
KernelStack:       47312 kB
PageTables:        63372 kB
NFS_Unstable:          0 kB
Bounce:                0 kB
WritebackTmp:          0 kB
CommitLimit:     9202288 kB
Committed_AS:   66148376 kB
VmallocTotal:   263061440 kB
VmallocUsed:      104476 kB
VmallocChunk:          0 kB
Percpu:             7648 kB
CmaTotal:         294912 kB
CmaFree:               0 kB
MemTotal:       12113132 kB
MemFree:         6162228 kB
MemAvailable:    7795372 kB
Buffers:            7048 kB
Cached:          1939604 kB
SwapCached:            0 kB
Active:          1692056 kB
Inactive:        1693116 kB
Active(anon):    1444968 kB
Inactive(anon):    26568 kB
Active(file):     247088 kB
Inactive(file):  1666548 kB
Unevictable:        5552 kB
Mlocked:            5552 kB
SwapTotal:       3145724 kB
SwapFree:        3145724 kB
Dirty:              1368 kB
Writeback:             0 kB
AnonPages:       1444324 kB
Mapped:           871644 kB
Shmem:             28516 kB
KReclaimable:     588212 kB
Slab:             225320 kB
SReclaimable:      80472 kB
SUnreclaim:       144848 kB
KernelStack:       47392 kB
PageTables:        63316 kB
NFS_Unstable:          0 kB
Bounce:                0 kB
WritebackTmp:          0 kB
CommitLimit:     9202288 kB
Committed_AS:   66138332 kB
VmallocTotal:   263061440 kB
VmallocUsed:      104508 kB
VmallocChunk:          0 kB
Percpu:             7648 kB
CmaTotal:         294912 kB
CmaFree:               0 kB
MemTotal:       12113132 kB
MemFree:         6162076 kB
MemAvailable:    7795224 kB
Buffers:            7048 kB
Cached:          1939608 kB
SwapCached:            0 kB
Active:          1691900 kB
Inactive:        1693120 kB
Active(anon):    1444812 kB
Inactive(anon):    26568 kB
Active(file):     247088 kB
Inactive(file):  1666552 kB
Unevictable:        5552 kB
Mlocked:            5552 kB
SwapTotal:       3145724 kB
SwapFree:        3145724 kB
Dirty:              1376 kB
Writeback:             0 kB
AnonPages:       1443848 kB
Mapped:           871732 kB
Shmem:             28516 kB
KReclaimable:     588212 kB
Slab:             225320 kB
SReclaimable:      80472 kB
SUnreclaim:       144848 kB
KernelStack:       47424 kB
PageTables:        63340 kB
NFS_Unstable:          0 kB
Bounce:                0 kB
WritebackTmp:          0 kB
CommitLimit:     9202288 kB
Committed_AS:   66134376 kB
VmallocTotal:   263061440 kB
VmallocUsed:      104492 kB
VmallocChunk:          0 kB
Percpu:             7648 kB
CmaTotal:         294912 kB
CmaFree:               0 kB
MemTotal:       12113132 kB
MemFree:         6155136 kB
MemAvailable:    7788304 kB
Buffers:            7048 kB
Cached:          1939628 kB
SwapCached:            0 kB
Active:          1700432 kB
Inactive:        1693140 kB
Active(anon):    1453344 kB
Inactive(anon):    26568 kB
Active(file):     247088 kB
Inactive(file):  1666572 kB
Unevictable:        5552 kB
Mlocked:            5552 kB
SwapTotal:       3145724 kB
SwapFree:        3145724 kB
Dirty:              1400 kB
Writeback:             0 kB
AnonPages:       1452600 kB
Mapped:           871736 kB
Shmem:             28516 kB
KReclaimable:     588212 kB
Slab:             225320 kB
SReclaimable:      80472 kB
SUnreclaim:       144848 kB
KernelStack:       47424 kB
PageTables:        63432 kB
NFS_Unstable:          0 kB
Bounce:                0 kB
WritebackTmp:          0 kB
CommitLimit:     9202288 kB
Committed_AS:   66139056 kB
VmallocTotal:   263061440 kB
VmallocUsed:      104492 kB
VmallocChunk:          0 kB
Percpu:             7648 kB
CmaTotal:         294912 kB
CmaFree:               0 kB
MemTotal:       12113132 kB
MemFree:         6161804 kB
MemAvailable:    7794980 kB
Buffers:            7048 kB
Cached:          1939636 kB
SwapCached:            0 kB
Active:          1691784 kB
Inactive:        1693148 kB
Active(anon):    1444696 kB
Inactive(anon):    26568 kB
Active(file):     247088 kB
Inactive(file):  1666580 kB
Unevictable:        5552 kB
Mlocked:            5552 kB
SwapTotal:       3145724 kB
SwapFree:        3145724 kB
Dirty:              1436 kB
Writeback:             0 kB
AnonPages:       1443696 kB
Mapped:           871748 kB
Shmem:             28516 kB
KReclaimable:     588212 kB
Slab:             225324 kB
SReclaimable:      80472 kB
SUnreclaim:       144852 kB
KernelStack:       47408 kB
PageTables:        63360 kB
NFS_Unstable:          0 kB
Bounce:                0 kB
WritebackTmp:          0 kB
CommitLimit:     9202288 kB
Committed_AS:   66133224 kB
VmallocTotal:   263061440 kB
VmallocUsed:      104492 kB
VmallocChunk:          0 kB
Percpu:             7648 kB
CmaTotal:         294912 kB
CmaFree:               0 kB
MemTotal:       12113132 kB
MemFree:         6152424 kB
MemAvailable:    7785632 kB
Buffers:            7052 kB
Cached:          1939664 kB
SwapCached:            0 kB
Active:          1701096 kB
Inactive:        1693176 kB
Active(anon):    1454004 kB
Inactive(anon):    26568 kB
Active(file):     247092 kB
Inactive(file):  1666608 kB
Unevictable:        5552 kB
Mlocked:            5552 kB
SwapTotal:       3145724 kB
SwapFree:        3145724 kB
Dirty:              1436 kB
Writeback:             0 kB
AnonPages:       1453300 kB
Mapped:           871636 kB
Shmem:             28516 kB
KReclaimable:     588212 kB
Slab:             225316 kB
SReclaimable:      80472 kB
SUnreclaim:       144844 kB
KernelStack:       47328 kB
PageTables:        63304 kB
NFS_Unstable:          0 kB
Bounce:                0 kB
WritebackTmp:          0 kB
CommitLimit:     9202288 kB
Committed_AS:   66137440 kB
VmallocTotal:   263061440 kB
VmallocUsed:      104508 kB
VmallocChunk:          0 kB
Percpu:             7648 kB
CmaTotal:         294912 kB
CmaFree:               0 kB
MemTotal:       12113132 kB
MemFree:         6145832 kB
MemAvailable:    7779048 kB
Buffers:            7052 kB
Cached:          1939672 kB
SwapCached:            0 kB
Active:          1709328 kB
Inactive:        1693184 kB
Active(anon):    1462236 kB
Inactive(anon):    26568 kB
Active(file):     247092 kB
Inactive(file):  1666616 kB
Unevictable:        5552 kB
Mlocked:            5552 kB
SwapTotal:       3145724 kB
SwapFree:        3145724 kB
Dirty:              1460 kB
Writeback:             0 kB
AnonPages:       1461212 kB
Mapped:           871856 kB
Shmem:             28516 kB
KReclaimable:     588212 kB
Slab:             225316 kB
SReclaimable:      80472 kB
SUnreclaim:       144844 kB
KernelStack:       47376 kB
PageTables:        63396 kB
NFS_Unstable:          0 kB
Bounce:                0 kB
WritebackTmp:          0 kB
CommitLimit:     9202288 kB
Committed_AS:   66133636 kB
VmallocTotal:   263061440 kB
VmallocUsed:      104444 kB
VmallocChunk:          0 kB
Percpu:             7648 kB
CmaTotal:         294912 kB
CmaFree:               0 kB
MemTotal:       12113132 kB
MemFree:         6151064 kB
MemAvailable:    7784288 kB
Buffers:            7052 kB
Cached:          1939680 kB
SwapCached:            0 kB
Active:          1702512 kB
Inactive:        1693192 kB
Active(anon):    1455420 kB
Inactive(anon):    26568 kB
Active(file):     247092 kB
Inactive(file):  1666624 kB
Unevictable:        5552 kB
Mlocked:            5552 kB
SwapTotal:       3145724 kB
SwapFree:        3145724 kB
Dirty:              1472 kB
Writeback:             0 kB
AnonPages:       1454552 kB
Mapped:           871752 kB
Shmem:             28516 kB
KReclaimable:     588212 kB
Slab:             225332 kB
SReclaimable:      80472 kB
SUnreclaim:       144860 kB
KernelStack:       47360 kB
PageTables:        63280 kB
NFS_Unstable:          0 kB
Bounce:                0 kB
WritebackTmp:          0 kB
CommitLimit:     9202288 kB
Committed_AS:   66138584 kB
VmallocTotal:   263061440 kB
VmallocUsed:      104508 kB
