MemTotal:       12113132 kB
MemFree:         6266968 kB
MemAvailable:    7751232 kB
Buffers:            5200 kB
Cached:          1822044 kB
SwapCached:            0 kB
Active:          1583236 kB
Inactive:        1582784 kB
Active(anon):    1345192 kB
Inactive(anon):    24480 kB
Active(file):     238044 kB
Inactive(file):  1558304 kB
Unevictable:        5532 kB
Mlocked:            5532 kB
SwapTotal:       3145724 kB
SwapFree:        3145724 kB
Dirty:               188 kB
Writeback:             0 kB
AnonPages:       1344604 kB
Mapped:           873620 kB
Shmem:             26416 kB
KReclaimable:     556620 kB
Slab:             224960 kB
SReclaimable:      76432 kB
SUnreclaim:       148528 kB
KernelStack:       48800 kB
PageTables:        67580 kB
NFS_Unstable:          0 kB
Bounce:                0 kB
WritebackTmp:          0 kB
CommitLimit:     9202288 kB
Committed_AS:   75046784 kB
VmallocTotal:   263061440 kB
VmallocUsed:      105960 kB
VmallocChunk:          0 kB
Percpu:             7648 kB
CmaTotal:         294912 kB
CmaFree:               0 kB
MemTotal:       12113132 kB
MemFree:         6266068 kB
MemAvailable:    7750428 kB
Buffers:            5200 kB
Cached:          1822108 kB
SwapCached:            0 kB
Active:          1584540 kB
Inactive:        1582816 kB
Active(anon):    1346464 kB
Inactive(anon):    24480 kB
Active(file):     238076 kB
Inactive(file):  1558336 kB
Unevictable:        5532 kB
Mlocked:            5532 kB
SwapTotal:       3145724 kB
SwapFree:        3145724 kB
Dirty:               264 kB
Writeback:             0 kB
AnonPages:       1345680 kB
Mapped:           873616 kB
Shmem:             26416 kB
KReclaimable:     556652 kB
Slab:             225036 kB
SReclaimable:      76464 kB
SUnreclaim:       148572 kB
KernelStack:       48816 kB
PageTables:        67720 kB
NFS_Unstable:          0 kB
Bounce:                0 kB
WritebackTmp:          0 kB
CommitLimit:     9202288 kB
Committed_AS:   75045260 kB
VmallocTotal:   263061440 kB
VmallocUsed:      106008 kB
VmallocChunk:          0 kB
Percpu:             7648 kB
CmaTotal:         294912 kB
CmaFree:               4 kB
MemTotal:       12113132 kB
MemFree:         6265212 kB
MemAvailable:    7749548 kB
Buffers:            5200 kB
Cached:          1822088 kB
SwapCached:            0 kB
Active:          1585180 kB
Inactive:        1582800 kB
Active(anon):    1347108 kB
Inactive(anon):    24484 kB
Active(file):     238072 kB
Inactive(file):  1558316 kB
Unevictable:        5532 kB
Mlocked:            5532 kB
SwapTotal:       3145724 kB
SwapFree:        3145724 kB
Dirty:               260 kB
Writeback:             0 kB
AnonPages:       1346344 kB
Mapped:           873812 kB
Shmem:             26420 kB
KReclaimable:     556652 kB
Slab:             225004 kB
SReclaimable:      76464 kB
SUnreclaim:       148540 kB
KernelStack:       48864 kB
PageTables:        67700 kB
NFS_Unstable:          0 kB
Bounce:                0 kB
WritebackTmp:          0 kB
CommitLimit:     9202288 kB
Committed_AS:   75045012 kB
VmallocTotal:   263061440 kB
VmallocUsed:      105960 kB
VmallocChunk:          0 kB
Percpu:             7648 kB
CmaTotal:         294912 kB
CmaFree:               0 kB
MemTotal:       12113132 kB
MemFree:         6264968 kB
MemAvailable:    7749356 kB
Buffers:            5200 kB
Cached:          1822140 kB
SwapCached:            0 kB
Active:          1585240 kB
Inactive:        1582848 kB
Active(anon):    1347164 kB
Inactive(anon):    24484 kB
Active(file):     238076 kB
Inactive(file):  1558364 kB
Unevictable:        5532 kB
Mlocked:            5532 kB
SwapTotal:       3145724 kB
SwapFree:        3145724 kB
Dirty:               304 kB
Writeback:             0 kB
AnonPages:       1346296 kB
Mapped:           873636 kB
Shmem:             26420 kB
KReclaimable:     556652 kB
Slab:             225016 kB
SReclaimable:      76464 kB
SUnreclaim:       148552 kB
KernelStack:       48784 kB
PageTables:        67708 kB
NFS_Unstable:          0 kB
Bounce:                0 kB
WritebackTmp:          0 kB
CommitLimit:     9202288 kB
Committed_AS:   75044924 kB
VmallocTotal:   263061440 kB
VmallocUsed:      106024 kB
VmallocChunk:          0 kB
Percpu:             7648 kB
CmaTotal:         294912 kB
CmaFree:               0 kB
MemTotal:       12113132 kB
MemFree:         6264944 kB
MemAvailable:    7749348 kB
Buffers:            5200 kB
Cached:          1822160 kB
SwapCached:            0 kB
Active:          1585868 kB
Inactive:        1582864 kB
Active(anon):    1347788 kB
Inactive(anon):    24488 kB
Active(file):     238080 kB
Inactive(file):  1558376 kB
Unevictable:        5532 kB
Mlocked:            5532 kB
SwapTotal:       3145724 kB
SwapFree:        3145724 kB
Dirty:               332 kB
Writeback:             0 kB
AnonPages:       1346972 kB
Mapped:           873648 kB
Shmem:             26424 kB
KReclaimable:     556652 kB
Slab:             225000 kB
SReclaimable:      76464 kB
SUnreclaim:       148536 kB
KernelStack:       48800 kB
PageTables:        67592 kB
NFS_Unstable:          0 kB
Bounce:                0 kB
WritebackTmp:          0 kB
CommitLimit:     9202288 kB
Committed_AS:   75044932 kB
VmallocTotal:   263061440 kB
VmallocUsed:      105976 kB
VmallocChunk:          0 kB
Percpu:             7648 kB
CmaTotal:         294912 kB
CmaFree:               0 kB
MemTotal:       12113132 kB
MemFree:         6264324 kB
MemAvailable:    7748736 kB
Buffers:            5200 kB
Cached:          1822172 kB
SwapCached:            0 kB
Active:          1586788 kB
Inactive:        1582876 kB
Active(anon):    1348708 kB
Inactive(anon):    24492 kB
Active(file):     238080 kB
Inactive(file):  1558384 kB
Unevictable:        5532 kB
Mlocked:            5532 kB
SwapTotal:       3145724 kB
SwapFree:        3145724 kB
Dirty:               340 kB
Writeback:             0 kB
AnonPages:       1347336 kB
Mapped:           873640 kB
Shmem:             26428 kB
KReclaimable:     556652 kB
Slab:             225032 kB
SReclaimable:      76464 kB
SUnreclaim:       148568 kB
KernelStack:       48800 kB
PageTables:        67612 kB
NFS_Unstable:          0 kB
Bounce:                0 kB
WritebackTmp:          0 kB
CommitLimit:     9202288 kB
Committed_AS:   75044620 kB
VmallocTotal:   263061440 kB
VmallocUsed:      105992 kB
VmallocChunk:          0 kB
Percpu:             7648 kB
CmaTotal:         294912 kB
CmaFree:               0 kB
MemTotal:       12113132 kB
MemFree:         6261952 kB
MemAvailable:    7746376 kB
Buffers:            5200 kB
Cached:          1822184 kB
SwapCached:            0 kB
Active:          1587464 kB
Inactive:        1582888 kB
Active(anon):    1349384 kB
Inactive(anon):    24492 kB
Active(file):     238080 kB
Inactive(file):  1558396 kB
Unevictable:        5532 kB
Mlocked:            5532 kB
SwapTotal:       3145724 kB
SwapFree:        3145724 kB
Dirty:               352 kB
Writeback:             0 kB
AnonPages:       1348720 kB
Mapped:           873636 kB
Shmem:             26428 kB
KReclaimable:     556652 kB
Slab:             225008 kB
SReclaimable:      76464 kB
SUnreclaim:       148544 kB
KernelStack:       48784 kB
PageTables:        67588 kB
NFS_Unstable:          0 kB
Bounce:                0 kB
WritebackTmp:          0 kB
CommitLimit:     9202288 kB
Committed_AS:   75050108 kB
VmallocTotal:   263061440 kB
VmallocUsed:      106056 kB
VmallocChunk:          0 kB
Percpu:             7648 kB
CmaTotal:         294912 kB
CmaFree:               0 kB
MemTotal:       12113132 kB
MemFree:         6263096 kB
MemAvailable:    7747528 kB
Buffers:            5200 kB
Cached:          1822192 kB
SwapCached:            0 kB
Active:          1588764 kB
Inactive:        1582900 kB
Active(anon):    1350688 kB
Inactive(anon):    24492 kB
Active(file):     238076 kB
Inactive(file):  1558408 kB
Unevictable:        5532 kB
Mlocked:            5532 kB
SwapTotal:       3145724 kB
SwapFree:        3145724 kB
Dirty:               372 kB
Writeback:             0 kB
AnonPages:       1349840 kB
Mapped:           873620 kB
Shmem:             26428 kB
KReclaimable:     556652 kB
Slab:             225048 kB
SReclaimable:      76464 kB
SUnreclaim:       148584 kB
KernelStack:       48800 kB
PageTables:        67592 kB
NFS_Unstable:          0 kB
Bounce:                0 kB
WritebackTmp:          0 kB
CommitLimit:     9202288 kB
Committed_AS:   75045052 kB
VmallocTotal:   263061440 kB
VmallocUsed:      105992 kB
VmallocChunk:          0 kB
Percpu:             7648 kB
CmaTotal:         294912 kB
CmaFree:               0 kB
MemTotal:       12113132 kB
MemFree:         6256324 kB
MemAvailable:    7740792 kB
Buffers:            5204 kB
Cached:          1822224 kB
SwapCached:            0 kB
Active:          1596076 kB
Inactive:        1582932 kB
Active(anon):    1357996 kB
Inactive(anon):    24492 kB
Active(file):     238080 kB
Inactive(file):  1558440 kB
Unevictable:        5532 kB
Mlocked:            5532 kB
SwapTotal:       3145724 kB
SwapFree:        3145724 kB
Dirty:               372 kB
Writeback:             0 kB
AnonPages:       1357328 kB
Mapped:           873628 kB
Shmem:             26428 kB
KReclaimable:     556652 kB
Slab:             225020 kB
SReclaimable:      76464 kB
SUnreclaim:       148556 kB
KernelStack:       48736 kB
PageTables:        67584 kB
NFS_Unstable:          0 kB
Bounce:                0 kB
WritebackTmp:          0 kB
CommitLimit:     9202288 kB
Committed_AS:   75045480 kB
VmallocTotal:   263061440 kB
VmallocUsed:      105992 kB
VmallocChunk:          0 kB
Percpu:             7648 kB
CmaTotal:         294912 kB
CmaFree:               0 kB
MemTotal:       12113132 kB
MemFree:         6234928 kB
MemAvailable:    7719412 kB
Buffers:            5204 kB
Cached:          1822236 kB
SwapCached:            0 kB
Active:          1617172 kB
Inactive:        1582940 kB
Active(anon):    1379092 kB
Inactive(anon):    24500 kB
Active(file):     238080 kB
Inactive(file):  1558440 kB
Unevictable:        5532 kB
Mlocked:            5532 kB
SwapTotal:       3145724 kB
SwapFree:        3145724 kB
Dirty:               420 kB
Writeback:             0 kB
AnonPages:       1378236 kB
Mapped:           873780 kB
Shmem:             26436 kB
KReclaimable:     556668 kB
Slab:             225084 kB
SReclaimable:      76480 kB
SUnreclaim:       148604 kB
KernelStack:       48816 kB
PageTables:        67600 kB
NFS_Unstable:          0 kB
Bounce:                0 kB
WritebackTmp:          0 kB
CommitLimit:     9202288 kB
Committed_AS:   75050240 kB
VmallocTotal:   263061440 kB
VmallocUsed:      105960 kB
VmallocChunk:          0 kB
Percpu:             7648 kB
CmaTotal:         294912 kB
CmaFree:               0 kB
MemTotal:       12113132 kB
MemFree:         6234496 kB
MemAvailable:    7719000 kB
Buffers:            5204 kB
Cached:          1822252 kB
SwapCached:            0 kB
Active:          1617468 kB
Inactive:        1582960 kB
Active(anon):    1379388 kB
Inactive(anon):    24500 kB
Active(file):     238080 kB
Inactive(file):  1558460 kB
Unevictable:        5532 kB
Mlocked:            5532 kB
SwapTotal:       3145724 kB
SwapFree:        3145724 kB
Dirty:               256 kB
Writeback:             0 kB
AnonPages:       1378708 kB
Mapped:           873644 kB
Shmem:             26436 kB
KReclaimable:     556668 kB
Slab:             225092 kB
SReclaimable:      76480 kB
SUnreclaim:       148612 kB
KernelStack:       48784 kB
PageTables:        67596 kB
NFS_Unstable:          0 kB
Bounce:                0 kB
WritebackTmp:          0 kB
CommitLimit:     9202288 kB
Committed_AS:   75055164 kB
VmallocTotal:   263061440 kB
VmallocUsed:      105992 kB
VmallocChunk:          0 kB
Percpu:             7648 kB
CmaTotal:         294912 kB
CmaFree:               0 kB
MemTotal:       12113132 kB
MemFree:         6227348 kB
MemAvailable:    7711860 kB
Buffers:            5204 kB
Cached:          1822260 kB
SwapCached:            0 kB
Active:          1625152 kB
Inactive:        1582964 kB
Active(anon):    1387068 kB
Inactive(anon):    24500 kB
Active(file):     238084 kB
Inactive(file):  1558464 kB
Unevictable:        5532 kB
Mlocked:            5532 kB
SwapTotal:       3145724 kB
SwapFree:        3145724 kB
Dirty:               268 kB
Writeback:             0 kB
AnonPages:       1386152 kB
Mapped:           873640 kB
Shmem:             26436 kB
KReclaimable:     556668 kB
Slab:             225096 kB
SReclaimable:      76480 kB
SUnreclaim:       148616 kB
KernelStack:       48768 kB
PageTables:        67576 kB
NFS_Unstable:          0 kB
Bounce:                0 kB
WritebackTmp:          0 kB
CommitLimit:     9202288 kB
Committed_AS:   75044696 kB
VmallocTotal:   263061440 kB
VmallocUsed:      105992 kB
VmallocChunk:          0 kB
Percpu:             7648 kB
CmaTotal:         294912 kB
CmaFree:               0 kB
MemTotal:       12113132 kB
MemFree:         6232116 kB
MemAvailable:    7716644 kB
Buffers:            5204 kB
Cached:          1822276 kB
SwapCached:            0 kB
Active:          1618136 kB
Inactive:        1582980 kB
Active(anon):    1380052 kB
Inactive(anon):    24500 kB
Active(file):     238084 kB
Inactive(file):  1558480 kB
Unevictable:        5532 kB
Mlocked:            5532 kB
SwapTotal:       3145724 kB
SwapFree:        3145724 kB
Dirty:               288 kB
Writeback:             0 kB
AnonPages:       1379216 kB
Mapped:           873632 kB
Shmem:             26436 kB
KReclaimable:     556668 kB
Slab:             225088 kB
SReclaimable:      76480 kB
SUnreclaim:       148608 kB
KernelStack:       48768 kB
PageTables:        67596 kB
NFS_Unstable:          0 kB
Bounce:                0 kB
WritebackTmp:          0 kB
CommitLimit:     9202288 kB
Committed_AS:   75059936 kB
VmallocTotal:   263061440 kB
VmallocUsed:      106024 kB
VmallocChunk:          0 kB
Percpu:             7648 kB
CmaTotal:         294912 kB
CmaFree:               0 kB
MemTotal:       12113132 kB
MemFree:         6230900 kB
MemAvailable:    7715440 kB
Buffers:            5204 kB
Cached:          1822288 kB
SwapCached:            0 kB
Active:          1618952 kB
Inactive:        1582992 kB
Active(anon):    1380868 kB
Inactive(anon):    24500 kB
Active(file):     238084 kB
Inactive(file):  1558492 kB
Unevictable:        5532 kB
Mlocked:            5532 kB
SwapTotal:       3145724 kB
SwapFree:        3145724 kB
Dirty:               312 kB
Writeback:             0 kB
AnonPages:       1379728 kB
Mapped:           873644 kB
Shmem:             26436 kB
KReclaimable:     556668 kB
Slab:             225092 kB
SReclaimable:      76480 kB
SUnreclaim:       148612 kB
KernelStack:       48800 kB
PageTables:        67852 kB
NFS_Unstable:          0 kB
Bounce:                0 kB
WritebackTmp:          0 kB
CommitLimit:     9202288 kB
Committed_AS:   75035648 kB
VmallocTotal:   263061440 kB
VmallocUsed:      106008 kB
VmallocChunk:          0 kB
Percpu:             7648 kB
CmaTotal:         294912 kB
CmaFree:               0 kB
MemTotal:       12113132 kB
MemFree:         6230332 kB
MemAvailable:    7714892 kB
Buffers:            5204 kB
Cached:          1822308 kB
SwapCached:            0 kB
Active:          1619600 kB
Inactive:        1583008 kB
Active(anon):    1381512 kB
Inactive(anon):    24500 kB
Active(file):     238088 kB
Inactive(file):  1558508 kB
Unevictable:        5532 kB
Mlocked:            5532 kB
SwapTotal:       3145724 kB
SwapFree:        3145724 kB
Dirty:               160 kB
Writeback:             0 kB
AnonPages:       1380876 kB
Mapped:           873892 kB
Shmem:             26436 kB
KReclaimable:     556668 kB
Slab:             225096 kB
SReclaimable:      76480 kB
SUnreclaim:       148616 kB
KernelStack:       48800 kB
PageTables:        67696 kB
NFS_Unstable:          0 kB
Bounce:                0 kB
WritebackTmp:          0 kB
CommitLimit:     9202288 kB
Committed_AS:   75023640 kB
VmallocTotal:   263061440 kB
VmallocUsed:      105992 kB
VmallocChunk:          0 kB
Percpu:             7648 kB
CmaTotal:         294912 kB
CmaFree:               0 kB
MemTotal:       12113132 kB
MemFree:         6229096 kB
MemAvailable:    7713656 kB
Buffers:            5204 kB
Cached:          1822308 kB
SwapCached:            0 kB
Active:          1620484 kB
Inactive:        1583012 kB
Active(anon):    1382400 kB
Inactive(anon):    24500 kB
Active(file):     238084 kB
Inactive(file):  1558512 kB
Unevictable:        5532 kB
Mlocked:            5532 kB
SwapTotal:       3145724 kB
SwapFree:        3145724 kB
Dirty:               200 kB
Writeback:             0 kB
AnonPages:       1381656 kB
Mapped:           873648 kB
Shmem:             26436 kB
KReclaimable:     556668 kB
Slab:             225096 kB
SReclaimable:      76480 kB
SUnreclaim:       148616 kB
KernelStack:       48768 kB
PageTables:        67640 kB
NFS_Unstable:          0 kB
Bounce:                0 kB
WritebackTmp:          0 kB
CommitLimit:     9202288 kB
Committed_AS:   75038736 kB
VmallocTotal:   263061440 kB
VmallocUsed:      105960 kB
VmallocChunk:          0 kB
Percpu:             7648 kB
CmaTotal:         294912 kB
CmaFree:               0 kB
MemTotal:       12113132 kB
MemFree:         6237964 kB
MemAvailable:    7722544 kB
Buffers:            5204 kB
Cached:          1822328 kB
SwapCached:            0 kB
Active:          1612028 kB
Inactive:        1583032 kB
Active(anon):    1373944 kB
Inactive(anon):    24500 kB
Active(file):     238084 kB
Inactive(file):  1558532 kB
Unevictable:        5532 kB
Mlocked:            5532 kB
SwapTotal:       3145724 kB
SwapFree:        3145724 kB
Dirty:               280 kB
Writeback:             0 kB
AnonPages:       1372980 kB
Mapped:           873640 kB
Shmem:             26436 kB
KReclaimable:     556668 kB
Slab:             225096 kB
SReclaimable:      76480 kB
SUnreclaim:       148616 kB
KernelStack:       48800 kB
PageTables:        67712 kB
NFS_Unstable:          0 kB
Bounce:                0 kB
WritebackTmp:          0 kB
CommitLimit:     9202288 kB
Committed_AS:   75030124 kB
VmallocTotal:   263061440 kB
VmallocUsed:      105944 kB
VmallocChunk:          0 kB
Percpu:             7648 kB
CmaTotal:         294912 kB
CmaFree:               0 kB
MemTotal:       12113132 kB
MemFree:         6236652 kB
MemAvailable:    7721252 kB
Buffers:            5204 kB
Cached:          1822348 kB
SwapCached:            0 kB
Active:          1612820 kB
Inactive:        1583052 kB
Active(anon):    1374736 kB
Inactive(anon):    24500 kB
Active(file):     238084 kB
Inactive(file):  1558552 kB
Unevictable:        5532 kB
Mlocked:            5532 kB
SwapTotal:       3145724 kB
SwapFree:        3145724 kB
Dirty:               304 kB
Writeback:             0 kB
AnonPages:       1373756 kB
Mapped:           873656 kB
Shmem:             26436 kB
KReclaimable:     556668 kB
Slab:             225100 kB
SReclaimable:      76480 kB
SUnreclaim:       148620 kB
KernelStack:       48768 kB
PageTables:        67600 kB
NFS_Unstable:          0 kB
Bounce:                0 kB
WritebackTmp:          0 kB
CommitLimit:     9202288 kB
Committed_AS:   75040056 kB
VmallocTotal:   263061440 kB
VmallocUsed:      105976 kB
VmallocChunk:          0 kB
Percpu:             7648 kB
CmaTotal:         294912 kB
CmaFree:               0 kB
MemTotal:       12113132 kB
MemFree:         6236872 kB
MemAvailable:    7721480 kB
Buffers:            5204 kB
Cached:          1822356 kB
SwapCached:            0 kB
Active:          1613716 kB
Inactive:        1583060 kB
Active(anon):    1375632 kB
Inactive(anon):    24500 kB
Active(file):     238084 kB
Inactive(file):  1558560 kB
Unevictable:        5532 kB
Mlocked:            5532 kB
SwapTotal:       3145724 kB
SwapFree:        3145724 kB
Dirty:               312 kB
Writeback:             0 kB
AnonPages:       1374532 kB
Mapped:           873620 kB
Shmem:             26436 kB
KReclaimable:     556668 kB
Slab:             225100 kB
SReclaimable:      76480 kB
SUnreclaim:       148620 kB
KernelStack:       48768 kB
PageTables:        67604 kB
NFS_Unstable:          0 kB
Bounce:                0 kB
WritebackTmp:          0 kB
CommitLimit:     9202288 kB
Committed_AS:   75043316 kB
VmallocTotal:   263061440 kB
VmallocUsed:      106008 kB
VmallocChunk:          0 kB
Percpu:             7648 kB
CmaTotal:         294912 kB
CmaFree:               0 kB
MemTotal:       12113132 kB
MemFree:         6234560 kB
MemAvailable:    7719188 kB
Buffers:            5204 kB
Cached:          1822384 kB
SwapCached:            0 kB
Active:          1615024 kB
Inactive:        1583088 kB
Active(anon):    1376940 kB
Inactive(anon):    24508 kB
Active(file):     238084 kB
Inactive(file):  1558580 kB
Unevictable:        5532 kB
Mlocked:            5532 kB
SwapTotal:       3145724 kB
SwapFree:        3145724 kB
Dirty:               356 kB
Writeback:             0 kB
AnonPages:       1375892 kB
Mapped:           873648 kB
Shmem:             26444 kB
KReclaimable:     556668 kB
Slab:             225104 kB
SReclaimable:      76480 kB
SUnreclaim:       148624 kB
KernelStack:       48816 kB
PageTables:        67648 kB
NFS_Unstable:          0 kB
Bounce:                0 kB
WritebackTmp:          0 kB
CommitLimit:     9202288 kB
Committed_AS:   75047868 kB
VmallocTotal:   263061440 kB
VmallocUsed:      105992 kB
VmallocChunk:          0 kB
Percpu:             7648 kB
CmaTotal:         294912 kB
CmaFree:               0 kB
MemTotal:       12113132 kB
MemFree:         6234516 kB
MemAvailable:    7719152 kB
Buffers:            5204 kB
Cached:          1822396 kB
SwapCached:            0 kB
Active:          1615744 kB
Inactive:        1583100 kB
Active(anon):    1377660 kB
Inactive(anon):    24512 kB
Active(file):     238084 kB
Inactive(file):  1558588 kB
Unevictable:        5532 kB
Mlocked:            5532 kB
SwapTotal:       3145724 kB
SwapFree:        3145724 kB
Dirty:               368 kB
Writeback:             0 kB
AnonPages:       1376164 kB
Mapped:           873652 kB
Shmem:             26448 kB
KReclaimable:     556668 kB
Slab:             225108 kB
SReclaimable:      76480 kB
SUnreclaim:       148628 kB
KernelStack:       48768 kB
PageTables:        67600 kB
NFS_Unstable:          0 kB
Bounce:                0 kB
WritebackTmp:          0 kB
CommitLimit:     9202288 kB
Committed_AS:   75050804 kB
VmallocTotal:   263061440 kB
VmallocUsed:      105992 kB
VmallocChunk:          0 kB
Percpu:             7648 kB
CmaTotal:         294912 kB
CmaFree:               0 kB
MemTotal:       12113132 kB
MemFree:         6233872 kB
MemAvailable:    7718524 kB
Buffers:            5204 kB
Cached:          1822412 kB
SwapCached:            0 kB
Active:          1616648 kB
Inactive:        1583116 kB
Active(anon):    1378564 kB
Inactive(anon):    24512 kB
Active(file):     238084 kB
Inactive(file):  1558604 kB
Unevictable:        5532 kB
Mlocked:            5532 kB
SwapTotal:       3145724 kB
SwapFree:        3145724 kB
Dirty:               388 kB
Writeback:             0 kB
AnonPages:       1377776 kB
Mapped:           873652 kB
Shmem:             26448 kB
KReclaimable:     556668 kB
Slab:             225076 kB
SReclaimable:      76480 kB
SUnreclaim:       148596 kB
KernelStack:       48768 kB
PageTables:        67612 kB
NFS_Unstable:          0 kB
Bounce:                0 kB
WritebackTmp:          0 kB
CommitLimit:     9202288 kB
Committed_AS:   75050808 kB
VmallocTotal:   263061440 kB
VmallocUsed:      105992 kB
VmallocChunk:          0 kB
Percpu:             7648 kB
CmaTotal:         294912 kB
CmaFree:               0 kB
MemTotal:       12113132 kB
MemFree:         6233896 kB
MemAvailable:    7718556 kB
Buffers:            5204 kB
Cached:          1822420 kB
SwapCached:            0 kB
Active:          1617264 kB
Inactive:        1583124 kB
Active(anon):    1379180 kB
Inactive(anon):    24512 kB
Active(file):     238084 kB
Inactive(file):  1558612 kB
Unevictable:        5532 kB
Mlocked:            5532 kB
SwapTotal:       3145724 kB
SwapFree:        3145724 kB
Dirty:               412 kB
Writeback:             0 kB
AnonPages:       1378332 kB
Mapped:           873656 kB
Shmem:             26448 kB
KReclaimable:     556668 kB
Slab:             225076 kB
SReclaimable:      76480 kB
SUnreclaim:       148596 kB
KernelStack:       48768 kB
PageTables:        67604 kB
NFS_Unstable:          0 kB
Bounce:                0 kB
WritebackTmp:          0 kB
CommitLimit:     9202288 kB
Committed_AS:   75045368 kB
VmallocTotal:   263061440 kB
VmallocUsed:      105960 kB
VmallocChunk:          0 kB
Percpu:             7648 kB
CmaTotal:         294912 kB
CmaFree:               0 kB
MemTotal:       12113132 kB
MemFree:         6232800 kB
MemAvailable:    7717492 kB
Buffers:            5208 kB
Cached:          1822448 kB
SwapCached:            0 kB
Active:          1617324 kB
Inactive:        1583156 kB
Active(anon):    1379240 kB
Inactive(anon):    24512 kB
Active(file):     238084 kB
Inactive(file):  1558644 kB
Unevictable:        5532 kB
Mlocked:            5532 kB
SwapTotal:       3145724 kB
SwapFree:        3145724 kB
Dirty:               424 kB
Writeback:             0 kB
AnonPages:       1378616 kB
Mapped:           873652 kB
Shmem:             26448 kB
KReclaimable:     556668 kB
Slab:             225080 kB
SReclaimable:      76480 kB
SUnreclaim:       148600 kB
KernelStack:       48800 kB
PageTables:        67716 kB
NFS_Unstable:          0 kB
Bounce:                0 kB
WritebackTmp:          0 kB
CommitLimit:     9202288 kB
Committed_AS:   75050808 kB
VmallocTotal:   263061440 kB
VmallocUsed:      105976 kB
VmallocChunk:          0 kB
Percpu:             7648 kB
CmaTotal:         294912 kB
CmaFree:               0 kB
MemTotal:       12113132 kB
MemFree:         6236488 kB
MemAvailable:    7721104 kB
Buffers:            5208 kB
Cached:          1822460 kB
SwapCached:            0 kB
Active:          1618240 kB
Inactive:        1583164 kB
Active(anon):    1380152 kB
Inactive(anon):    24512 kB
Active(file):     238088 kB
Inactive(file):  1558652 kB
Unevictable:        5532 kB
Mlocked:            5532 kB
SwapTotal:       3145724 kB
SwapFree:        3145724 kB
Dirty:               172 kB
Writeback:             0 kB
AnonPages:       1379348 kB
Mapped:           873656 kB
Shmem:             26448 kB
KReclaimable:     556580 kB
Slab:             224992 kB
SReclaimable:      76392 kB
SUnreclaim:       148600 kB
KernelStack:       48752 kB
PageTables:        67608 kB
NFS_Unstable:          0 kB
Bounce:                0 kB
WritebackTmp:          0 kB
CommitLimit:     9202288 kB
Committed_AS:   75050208 kB
VmallocTotal:   263061440 kB
VmallocUsed:      105944 kB
VmallocChunk:          0 kB
Percpu:             7648 kB
CmaTotal:         294912 kB
CmaFree:               0 kB
MemTotal:       12113132 kB
MemFree:         6234896 kB
MemAvailable:    7719520 kB
Buffers:            5208 kB
Cached:          1822468 kB
SwapCached:            0 kB
Active:          1619136 kB
Inactive:        1583172 kB
Active(anon):    1381048 kB
Inactive(anon):    24512 kB
Active(file):     238088 kB
Inactive(file):  1558660 kB
Unevictable:        5532 kB
Mlocked:            5532 kB
SwapTotal:       3145724 kB
SwapFree:        3145724 kB
Dirty:               264 kB
Writeback:             0 kB
AnonPages:       1380056 kB
Mapped:           873652 kB
Shmem:             26448 kB
KReclaimable:     556580 kB
Slab:             224996 kB
SReclaimable:      76392 kB
SUnreclaim:       148604 kB
KernelStack:       48752 kB
PageTables:        67616 kB
NFS_Unstable:          0 kB
Bounce:                0 kB
WritebackTmp:          0 kB
CommitLimit:     9202288 kB
Committed_AS:   75050524 kB
VmallocTotal:   263061440 kB
VmallocUsed:      105992 kB
VmallocChunk:          0 kB
Percpu:             7648 kB
CmaTotal:         294912 kB
CmaFree:               0 kB
MemTotal:       12113132 kB
MemFree:         6235096 kB
MemAvailable:    7719732 kB
Buffers:            5208 kB
Cached:          1822488 kB
SwapCached:            0 kB
Active:          1619916 kB
Inactive:        1583192 kB
Active(anon):    1381828 kB
Inactive(anon):    24520 kB
Active(file):     238088 kB
Inactive(file):  1558672 kB
Unevictable:        5532 kB
Mlocked:            5532 kB
SwapTotal:       3145724 kB
SwapFree:        3145724 kB
Dirty:               284 kB
Writeback:             0 kB
AnonPages:       1381016 kB
Mapped:           873668 kB
Shmem:             26456 kB
KReclaimable:     556580 kB
Slab:             225000 kB
SReclaimable:      76392 kB
SUnreclaim:       148608 kB
KernelStack:       48768 kB
PageTables:        67780 kB
NFS_Unstable:          0 kB
Bounce:                0 kB
WritebackTmp:          0 kB
CommitLimit:     9202288 kB
Committed_AS:   75042944 kB
VmallocTotal:   263061440 kB
VmallocUsed:      105976 kB
VmallocChunk:          0 kB
Percpu:             7648 kB
CmaTotal:         294912 kB
CmaFree:               0 kB
MemTotal:       12113132 kB
MemFree:         6234408 kB
MemAvailable:    7719084 kB
Buffers:            5208 kB
Cached:          1822528 kB
SwapCached:            0 kB
Active:          1619784 kB
Inactive:        1583224 kB
Active(anon):    1381688 kB
Inactive(anon):    24520 kB
Active(file):     238096 kB
Inactive(file):  1558704 kB
Unevictable:        5532 kB
Mlocked:            5532 kB
SwapTotal:       3145724 kB
SwapFree:        3145724 kB
Dirty:               316 kB
Writeback:             0 kB
AnonPages:       1381092 kB
Mapped:           873672 kB
Shmem:             26456 kB
KReclaimable:     556580 kB
Slab:             225000 kB
SReclaimable:      76392 kB
SUnreclaim:       148608 kB
KernelStack:       48736 kB
PageTables:        67608 kB
NFS_Unstable:          0 kB
Bounce:                0 kB
WritebackTmp:          0 kB
CommitLimit:     9202288 kB
Committed_AS:   75047272 kB
VmallocTotal:   263061440 kB
VmallocUsed:      105976 kB
VmallocChunk:          0 kB
Percpu:             7648 kB
CmaTotal:         294912 kB
CmaFree:               0 kB
MemTotal:       12113132 kB
MemFree:         6246644 kB
MemAvailable:    7731312 kB
Buffers:            5208 kB
Cached:          1822524 kB
SwapCached:            0 kB
Active:          1608124 kB
Inactive:        1583224 kB
Active(anon):    1370032 kB
Inactive(anon):    24524 kB
Active(file):     238092 kB
Inactive(file):  1558700 kB
Unevictable:        5532 kB
Mlocked:            5532 kB
SwapTotal:       3145724 kB
SwapFree:        3145724 kB
Dirty:               348 kB
Writeback:             0 kB
AnonPages:       1368692 kB
Mapped:           873684 kB
Shmem:             26460 kB
KReclaimable:     556580 kB
Slab:             225004 kB
SReclaimable:      76392 kB
SUnreclaim:       148612 kB
KernelStack:       48768 kB
PageTables:        67640 kB
NFS_Unstable:          0 kB
Bounce:                0 kB
WritebackTmp:          0 kB
CommitLimit:     9202288 kB
Committed_AS:   75038564 kB
VmallocTotal:   263061440 kB
VmallocUsed:      105992 kB
VmallocChunk:          0 kB
Percpu:             7648 kB
CmaTotal:         294912 kB
CmaFree:              28 kB
MemTotal:       12113132 kB
MemFree:         6245820 kB
MemAvailable:    7730492 kB
Buffers:            5208 kB
Cached:          1822532 kB
SwapCached:            0 kB
Active:          1608624 kB
Inactive:        1583232 kB
Active(anon):    1370532 kB
Inactive(anon):    24528 kB
Active(file):     238092 kB
Inactive(file):  1558704 kB
Unevictable:        5532 kB
Mlocked:            5532 kB
SwapTotal:       3145724 kB
SwapFree:        3145724 kB
Dirty:               360 kB
Writeback:             0 kB
AnonPages:       1369476 kB
Mapped:           873656 kB
Shmem:             26464 kB
KReclaimable:     556580 kB
Slab:             225004 kB
SReclaimable:      76392 kB
SUnreclaim:       148612 kB
KernelStack:       48784 kB
PageTables:        67708 kB
NFS_Unstable:          0 kB
Bounce:                0 kB
WritebackTmp:          0 kB
CommitLimit:     9202288 kB
Committed_AS:   75042760 kB
VmallocTotal:   263061440 kB
VmallocUsed:      106008 kB
VmallocChunk:          0 kB
Percpu:             7648 kB
CmaTotal:         294912 kB
CmaFree:               0 kB
MemTotal:       12113132 kB
MemFree:         6245752 kB
MemAvailable:    7730440 kB
Buffers:            5208 kB
Cached:          1822556 kB
SwapCached:            0 kB
Active:          1609260 kB
Inactive:        1583256 kB
Active(anon):    1371168 kB
Inactive(anon):    24540 kB
Active(file):     238092 kB
Inactive(file):  1558716 kB
Unevictable:        5532 kB
Mlocked:            5532 kB
SwapTotal:       3145724 kB
SwapFree:        3145724 kB
Dirty:               372 kB
Writeback:             0 kB
AnonPages:       1370268 kB
Mapped:           873736 kB
Shmem:             26476 kB
KReclaimable:     556584 kB
Slab:             225012 kB
SReclaimable:      76396 kB
SUnreclaim:       148616 kB
KernelStack:       48784 kB
PageTables:        67668 kB
NFS_Unstable:          0 kB
Bounce:                0 kB
WritebackTmp:          0 kB
CommitLimit:     9202288 kB
Committed_AS:   75044000 kB
VmallocTotal:   263061440 kB
VmallocUsed:      105992 kB
VmallocChunk:          0 kB
Percpu:             7648 kB
CmaTotal:         294912 kB
CmaFree:               0 kB
MemTotal:       12113132 kB
MemFree:         6261472 kB
MemAvailable:    7746176 kB
Buffers:            5208 kB
Cached:          1822572 kB
SwapCached:            0 kB
Active:          1591616 kB
Inactive:        1583272 kB
Active(anon):    1353524 kB
Inactive(anon):    24540 kB
Active(file):     238092 kB
Inactive(file):  1558732 kB
Unevictable:        5532 kB
Mlocked:            5532 kB
SwapTotal:       3145724 kB
SwapFree:        3145724 kB
Dirty:               400 kB
Writeback:             0 kB
AnonPages:       1352620 kB
Mapped:           873696 kB
Shmem:             26476 kB
KReclaimable:     556584 kB
Slab:             225012 kB
SReclaimable:      76396 kB
SUnreclaim:       148616 kB
KernelStack:       48736 kB
PageTables:        67604 kB
NFS_Unstable:          0 kB
Bounce:                0 kB
WritebackTmp:          0 kB
CommitLimit:     9202288 kB
Committed_AS:   75043644 kB
VmallocTotal:   263061440 kB
VmallocUsed:      105976 kB
VmallocChunk:          0 kB
Percpu:             7648 kB
CmaTotal:         294912 kB
CmaFree:               0 kB
MemTotal:       12113132 kB
MemFree:         6260956 kB
MemAvailable:    7745672 kB
Buffers:            5208 kB
Cached:          1822584 kB
SwapCached:            0 kB
Active:          1593076 kB
Inactive:        1583284 kB
Active(anon):    1354984 kB
Inactive(anon):    24540 kB
Active(file):     238092 kB
Inactive(file):  1558744 kB
Unevictable:        5532 kB
Mlocked:            5532 kB
SwapTotal:       3145724 kB
SwapFree:        3145724 kB
Dirty:               416 kB
Writeback:             8 kB
AnonPages:       1354040 kB
Mapped:           873680 kB
Shmem:             26476 kB
KReclaimable:     556584 kB
Slab:             225012 kB
SReclaimable:      76396 kB
SUnreclaim:       148616 kB
KernelStack:       48752 kB
PageTables:        67620 kB
NFS_Unstable:          0 kB
Bounce:                0 kB
WritebackTmp:          0 kB
CommitLimit:     9202288 kB
Committed_AS:   75048276 kB
VmallocTotal:   263061440 kB
VmallocUsed:      105960 kB
VmallocChunk:          0 kB
Percpu:             7648 kB
CmaTotal:         294912 kB
CmaFree:               0 kB
MemTotal:       12113132 kB
MemFree:         6260932 kB
MemAvailable:    7745660 kB
Buffers:            5208 kB
Cached:          1822596 kB
SwapCached:            0 kB
Active:          1593240 kB
Inactive:        1583296 kB
Active(anon):    1355148 kB
Inactive(anon):    24540 kB
Active(file):     238092 kB
Inactive(file):  1558756 kB
Unevictable:        5532 kB
Mlocked:            5532 kB
SwapTotal:       3145724 kB
SwapFree:        3145724 kB
Dirty:               456 kB
Writeback:             0 kB
AnonPages:       1354036 kB
Mapped:           873684 kB
Shmem:             26476 kB
KReclaimable:     556584 kB
Slab:             225016 kB
SReclaimable:      76396 kB
SUnreclaim:       148620 kB
KernelStack:       48736 kB
PageTables:        67544 kB
NFS_Unstable:          0 kB
Bounce:                0 kB
WritebackTmp:          0 kB
CommitLimit:     9202288 kB
Committed_AS:   75040592 kB
VmallocTotal:   263061440 kB
VmallocUsed:      105976 kB
VmallocChunk:          0 kB
Percpu:             7648 kB
CmaTotal:         294912 kB
CmaFree:               0 kB
MemTotal:       12113132 kB
MemFree:         6260356 kB
MemAvailable:    7745112 kB
Buffers:            5208 kB
Cached:          1822648 kB
SwapCached:            0 kB
Active:          1594068 kB
Inactive:        1583324 kB
Active(anon):    1355976 kB
Inactive(anon):    24540 kB
Active(file):     238092 kB
Inactive(file):  1558784 kB
Unevictable:        5532 kB
Mlocked:            5532 kB
SwapTotal:       3145724 kB
SwapFree:        3145724 kB
Dirty:               156 kB
Writeback:             0 kB
AnonPages:       1355000 kB
Mapped:           873664 kB
Shmem:             26476 kB
KReclaimable:     556584 kB
Slab:             225048 kB
SReclaimable:      76396 kB
SUnreclaim:       148652 kB
KernelStack:       48752 kB
PageTables:        67724 kB
NFS_Unstable:          0 kB
Bounce:                0 kB
WritebackTmp:          0 kB
CommitLimit:     9202288 kB
Committed_AS:   75045724 kB
VmallocTotal:   263061440 kB
VmallocUsed:      105976 kB
VmallocChunk:          0 kB
Percpu:             7648 kB
CmaTotal:         294912 kB
CmaFree:               0 kB
MemTotal:       12113132 kB
MemFree:         6259664 kB
MemAvailable:    7744436 kB
Buffers:            5208 kB
Cached:          1822656 kB
SwapCached:            0 kB
Active:          1595580 kB
Inactive:        1583356 kB
Active(anon):    1357488 kB
Inactive(anon):    24556 kB
Active(file):     238092 kB
Inactive(file):  1558800 kB
Unevictable:        5532 kB
Mlocked:            5532 kB
SwapTotal:       3145724 kB
SwapFree:        3145724 kB
Dirty:               260 kB
Writeback:             0 kB
AnonPages:       1356480 kB
Mapped:           873752 kB
Shmem:             26492 kB
KReclaimable:     556584 kB
Slab:             225048 kB
SReclaimable:      76396 kB
SUnreclaim:       148652 kB
KernelStack:       48688 kB
PageTables:        67616 kB
NFS_Unstable:          0 kB
Bounce:                0 kB
WritebackTmp:          0 kB
CommitLimit:     9202288 kB
Committed_AS:   75045416 kB
VmallocTotal:   263061440 kB
VmallocUsed:      105944 kB
VmallocChunk:          0 kB
Percpu:             7648 kB
CmaTotal:         294912 kB
CmaFree:               0 kB
MemTotal:       12113132 kB
MemFree:         6260068 kB
MemAvailable:    7744848 kB
Buffers:            5208 kB
Cached:          1822664 kB
SwapCached:            0 kB
Active:          1595380 kB
Inactive:        1583364 kB
Active(anon):    1357288 kB
Inactive(anon):    24556 kB
Active(file):     238092 kB
Inactive(file):  1558808 kB
Unevictable:        5532 kB
Mlocked:            5532 kB
SwapTotal:       3145724 kB
SwapFree:        3145724 kB
Dirty:               296 kB
Writeback:             0 kB
AnonPages:       1356640 kB
Mapped:           873756 kB
Shmem:             26492 kB
KReclaimable:     556584 kB
Slab:             225052 kB
SReclaimable:      76396 kB
SUnreclaim:       148656 kB
KernelStack:       48720 kB
PageTables:        67688 kB
NFS_Unstable:          0 kB
Bounce:                0 kB
WritebackTmp:          0 kB
CommitLimit:     9202288 kB
Committed_AS:   75038424 kB
VmallocTotal:   263061440 kB
VmallocUsed:      105912 kB
VmallocChunk:          0 kB
Percpu:             7648 kB
CmaTotal:         294912 kB
CmaFree:               0 kB
MemTotal:       12113132 kB
MemFree:         6259732 kB
MemAvailable:    7744520 kB
Buffers:            5208 kB
Cached:          1822676 kB
SwapCached:            0 kB
Active:          1595952 kB
Inactive:        1583376 kB
Active(anon):    1357860 kB
Inactive(anon):    24560 kB
Active(file):     238092 kB
Inactive(file):  1558816 kB
Unevictable:        5532 kB
Mlocked:            5532 kB
SwapTotal:       3145724 kB
SwapFree:        3145724 kB
Dirty:               336 kB
Writeback:             0 kB
AnonPages:       1356784 kB
Mapped:           873756 kB
Shmem:             26496 kB
KReclaimable:     556584 kB
Slab:             225052 kB
SReclaimable:      76396 kB
SUnreclaim:       148656 kB
KernelStack:       48688 kB
PageTables:        67620 kB
NFS_Unstable:          0 kB
Bounce:                0 kB
WritebackTmp:          0 kB
CommitLimit:     9202288 kB
Committed_AS:   75046924 kB
VmallocTotal:   263061440 kB
VmallocUsed:      105928 kB
VmallocChunk:          0 kB
Percpu:             7648 kB
CmaTotal:         294912 kB
CmaFree:               0 kB
MemTotal:       12113132 kB
MemFree:         6258952 kB
MemAvailable:    7743764 kB
Buffers:            5216 kB
Cached:          1822696 kB
SwapCached:            0 kB
Active:          1596584 kB
Inactive:        1583392 kB
Active(anon):    1358480 kB
Inactive(anon):    24564 kB
Active(file):     238104 kB
Inactive(file):  1558828 kB
Unevictable:        5532 kB
Mlocked:            5532 kB
SwapTotal:       3145724 kB
SwapFree:        3145724 kB
Dirty:               364 kB
Writeback:             0 kB
AnonPages:       1357452 kB
Mapped:           873768 kB
Shmem:             26500 kB
KReclaimable:     556584 kB
Slab:             225052 kB
SReclaimable:      76396 kB
SUnreclaim:       148656 kB
KernelStack:       48688 kB
PageTables:        67612 kB
NFS_Unstable:          0 kB
Bounce:                0 kB
WritebackTmp:          0 kB
CommitLimit:     9202288 kB
Committed_AS:   75037044 kB
VmallocTotal:   263061440 kB
VmallocUsed:      105896 kB
VmallocChunk:          0 kB
Percpu:             7648 kB
CmaTotal:         294912 kB
CmaFree:               0 kB
MemTotal:       12113132 kB
MemFree:         6259820 kB
MemAvailable:    7744672 kB
Buffers:            5216 kB
Cached:          1822736 kB
SwapCached:            0 kB
Active:          1596744 kB
Inactive:        1583432 kB
Active(anon):    1358640 kB
Inactive(anon):    24564 kB
Active(file):     238104 kB
Inactive(file):  1558868 kB
Unevictable:        5532 kB
Mlocked:            5532 kB
SwapTotal:       3145724 kB
SwapFree:        3145724 kB
Dirty:               400 kB
Writeback:             0 kB
AnonPages:       1357880 kB
Mapped:           873760 kB
Shmem:             26500 kB
KReclaimable:     556584 kB
Slab:             225056 kB
SReclaimable:      76396 kB
SUnreclaim:       148660 kB
KernelStack:       48672 kB
PageTables:        67804 kB
NFS_Unstable:          0 kB
Bounce:                0 kB
WritebackTmp:          0 kB
CommitLimit:     9202288 kB
Committed_AS:   75039156 kB
VmallocTotal:   263061440 kB
VmallocUsed:      105864 kB
VmallocChunk:          0 kB
Percpu:             7648 kB
CmaTotal:         294912 kB
CmaFree:               0 kB
MemTotal:       12113132 kB
MemFree:         6257036 kB
MemAvailable:    7741888 kB
Buffers:            5216 kB
Cached:          1822736 kB
SwapCached:            0 kB
Active:          1597864 kB
Inactive:        1583432 kB
Active(anon):    1359760 kB
Inactive(anon):    24564 kB
Active(file):     238104 kB
Inactive(file):  1558868 kB
Unevictable:        5532 kB
Mlocked:            5532 kB
SwapTotal:       3145724 kB
SwapFree:        3145724 kB
Dirty:               416 kB
Writeback:             0 kB
AnonPages:       1358264 kB
Mapped:           873748 kB
Shmem:             26500 kB
KReclaimable:     556584 kB
Slab:             225056 kB
SReclaimable:      76396 kB
SUnreclaim:       148660 kB
KernelStack:       48704 kB
PageTables:        67756 kB
NFS_Unstable:          0 kB
Bounce:                0 kB
WritebackTmp:          0 kB
CommitLimit:     9202288 kB
Committed_AS:   75047000 kB
VmallocTotal:   263061440 kB
VmallocUsed:      105896 kB
VmallocChunk:          0 kB
Percpu:             7648 kB
CmaTotal:         294912 kB
CmaFree:               0 kB
MemTotal:       12113132 kB
MemFree:         6251884 kB
MemAvailable:    7736748 kB
Buffers:            5216 kB
Cached:          1822752 kB
SwapCached:            0 kB
Active:          1604608 kB
Inactive:        1583448 kB
Active(anon):    1366504 kB
Inactive(anon):    24568 kB
Active(file):     238104 kB
Inactive(file):  1558880 kB
Unevictable:        5532 kB
Mlocked:            5532 kB
SwapTotal:       3145724 kB
SwapFree:        3145724 kB
Dirty:               440 kB
Writeback:             0 kB
AnonPages:       1365552 kB
Mapped:           873752 kB
Shmem:             26504 kB
KReclaimable:     556584 kB
Slab:             225056 kB
SReclaimable:      76396 kB
SUnreclaim:       148660 kB
KernelStack:       48704 kB
PageTables:        67656 kB
NFS_Unstable:          0 kB
Bounce:                0 kB
WritebackTmp:          0 kB
CommitLimit:     9202288 kB
Committed_AS:   75039768 kB
VmallocTotal:   263061440 kB
VmallocUsed:      105832 kB
VmallocChunk:          0 kB
Percpu:             7648 kB
CmaTotal:         294912 kB
CmaFree:               0 kB
MemTotal:       12113132 kB
MemFree:         6228572 kB
MemAvailable:    7713452 kB
Buffers:            5216 kB
Cached:          1822768 kB
SwapCached:            0 kB
Active:          1626520 kB
Inactive:        1583464 kB
Active(anon):    1388416 kB
Inactive(anon):    24568 kB
Active(file):     238104 kB
Inactive(file):  1558896 kB
Unevictable:        5532 kB
Mlocked:            5532 kB
SwapTotal:       3145724 kB
SwapFree:        3145724 kB
Dirty:               456 kB
Writeback:             0 kB
AnonPages:       1387516 kB
Mapped:           873772 kB
Shmem:             26504 kB
KReclaimable:     556584 kB
Slab:             225060 kB
SReclaimable:      76396 kB
SUnreclaim:       148664 kB
KernelStack:       48624 kB
PageTables:        67612 kB
NFS_Unstable:          0 kB
Bounce:                0 kB
WritebackTmp:          0 kB
CommitLimit:     9202288 kB
Committed_AS:   75046360 kB
VmallocTotal:   263061440 kB
VmallocUsed:      105864 kB
VmallocChunk:          0 kB
Percpu:             7648 kB
CmaTotal:         294912 kB
CmaFree:               0 kB
MemTotal:       12113132 kB
MemFree:         6216568 kB
MemAvailable:    7701468 kB
Buffers:            5216 kB
Cached:          1823236 kB
SwapCached:            0 kB
Active:          1636592 kB
Inactive:        1583672 kB
Active(anon):    1398488 kB
Inactive(anon):    24756 kB
Active(file):     238104 kB
Inactive(file):  1558916 kB
Unevictable:        5532 kB
Mlocked:            5532 kB
SwapTotal:       3145724 kB
SwapFree:        3145724 kB
Dirty:               492 kB
Writeback:             0 kB
AnonPages:       1397732 kB
Mapped:           873948 kB
Shmem:             26952 kB
KReclaimable:     556584 kB
Slab:             224836 kB
SReclaimable:      76396 kB
SUnreclaim:       148440 kB
KernelStack:       48592 kB
PageTables:        67588 kB
NFS_Unstable:          0 kB
Bounce:                0 kB
WritebackTmp:          0 kB
CommitLimit:     9202288 kB
Committed_AS:   75041324 kB
VmallocTotal:   263061440 kB
VmallocUsed:      105848 kB
VmallocChunk:          0 kB
Percpu:             7648 kB
CmaTotal:         294912 kB
CmaFree:               0 kB
MemTotal:       12113132 kB
MemFree:         6213820 kB
MemAvailable:    7698740 kB
Buffers:            5216 kB
Cached:          1822800 kB
SwapCached:            0 kB
Active:          1642388 kB
Inactive:        1583492 kB
Active(anon):    1404280 kB
Inactive(anon):    24568 kB
Active(file):     238108 kB
Inactive(file):  1558924 kB
Unevictable:        5532 kB
Mlocked:            5532 kB
SwapTotal:       3145724 kB
SwapFree:        3145724 kB
Dirty:               564 kB
Writeback:             0 kB
AnonPages:       1403448 kB
Mapped:           873764 kB
Shmem:             26504 kB
KReclaimable:     556592 kB
Slab:             225160 kB
SReclaimable:      76404 kB
SUnreclaim:       148756 kB
KernelStack:       48608 kB
PageTables:        67632 kB
NFS_Unstable:          0 kB
Bounce:                0 kB
WritebackTmp:          0 kB
CommitLimit:     9202288 kB
Committed_AS:   75044576 kB
VmallocTotal:   263061440 kB
VmallocUsed:      105784 kB
VmallocChunk:          0 kB
Percpu:             7648 kB
CmaTotal:         294912 kB
CmaFree:               0 kB
MemTotal:       12113132 kB
MemFree:         6211508 kB
MemAvailable:    7696436 kB
Buffers:            5216 kB
Cached:          1822812 kB
SwapCached:            0 kB
Active:          1642792 kB
Inactive:        1583500 kB
Active(anon):    1404680 kB
Inactive(anon):    24572 kB
Active(file):     238112 kB
Inactive(file):  1558928 kB
Unevictable:        5532 kB
Mlocked:            5532 kB
SwapTotal:       3145724 kB
SwapFree:        3145724 kB
Dirty:               572 kB
Writeback:             0 kB
AnonPages:       1403504 kB
Mapped:           873744 kB
Shmem:             26508 kB
KReclaimable:     556592 kB
Slab:             225004 kB
SReclaimable:      76404 kB
SUnreclaim:       148600 kB
KernelStack:       48672 kB
PageTables:        67736 kB
NFS_Unstable:          0 kB
Bounce:                0 kB
WritebackTmp:          0 kB
CommitLimit:     9202288 kB
Committed_AS:   75052328 kB
VmallocTotal:   263061440 kB
VmallocUsed:      105832 kB
VmallocChunk:          0 kB
Percpu:             7648 kB
CmaTotal:         294912 kB
CmaFree:               0 kB
MemTotal:       12113132 kB
MemFree:         6210316 kB
MemAvailable:    7695256 kB
Buffers:            5216 kB
Cached:          1822824 kB
SwapCached:            0 kB
Active:          1643844 kB
Inactive:        1583512 kB
Active(anon):    1405732 kB
Inactive(anon):    24572 kB
Active(file):     238112 kB
Inactive(file):  1558940 kB
Unevictable:        5532 kB
Mlocked:            5532 kB
SwapTotal:       3145724 kB
SwapFree:        3145724 kB
Dirty:               600 kB
Writeback:             0 kB
AnonPages:       1404720 kB
Mapped:           873764 kB
Shmem:             26508 kB
KReclaimable:     556592 kB
Slab:             225376 kB
SReclaimable:      76404 kB
SUnreclaim:       148972 kB
KernelStack:       48592 kB
PageTables:        67616 kB
NFS_Unstable:          0 kB
Bounce:                0 kB
WritebackTmp:          0 kB
CommitLimit:     9202288 kB
Committed_AS:   75055920 kB
VmallocTotal:   263061440 kB
VmallocUsed:      105832 kB
VmallocChunk:          0 kB
Percpu:             7648 kB
CmaTotal:         294912 kB
CmaFree:               0 kB
MemTotal:       12113132 kB
MemFree:         6209788 kB
MemAvailable:    7694740 kB
Buffers:            5216 kB
Cached:          1822852 kB
SwapCached:            0 kB
Active:          1644464 kB
Inactive:        1583540 kB
Active(anon):    1406352 kB
Inactive(anon):    24588 kB
Active(file):     238112 kB
Inactive(file):  1558952 kB
Unevictable:        5532 kB
Mlocked:            5532 kB
SwapTotal:       3145724 kB
SwapFree:        3145724 kB
Dirty:               616 kB
Writeback:             0 kB
AnonPages:       1405768 kB
Mapped:           873800 kB
Shmem:             26524 kB
KReclaimable:     556592 kB
Slab:             225124 kB
SReclaimable:      76404 kB
SUnreclaim:       148720 kB
KernelStack:       48592 kB
PageTables:        67620 kB
NFS_Unstable:          0 kB
Bounce:                0 kB
WritebackTmp:          0 kB
CommitLimit:     9202288 kB
Committed_AS:   75062464 kB
VmallocTotal:   263061440 kB
VmallocUsed:      105816 kB
VmallocChunk:          0 kB
Percpu:             7648 kB
CmaTotal:         294912 kB
CmaFree:               0 kB
MemTotal:       12113132 kB
MemFree:         6209136 kB
MemAvailable:    7694116 kB
Buffers:            5216 kB
Cached:          1822880 kB
SwapCached:            0 kB
Active:          1645604 kB
Inactive:        1583568 kB
Active(anon):    1407492 kB
Inactive(anon):    24588 kB
Active(file):     238112 kB
Inactive(file):  1558980 kB
Unevictable:        5532 kB
Mlocked:            5532 kB
SwapTotal:       3145724 kB
SwapFree:        3145724 kB
Dirty:               656 kB
Writeback:             0 kB
AnonPages:       1406736 kB
Mapped:           873948 kB
Shmem:             26524 kB
KReclaimable:     556592 kB
Slab:             225124 kB
SReclaimable:      76404 kB
SUnreclaim:       148720 kB
KernelStack:       48592 kB
PageTables:        67616 kB
NFS_Unstable:          0 kB
Bounce:                0 kB
WritebackTmp:          0 kB
CommitLimit:     9202288 kB
Committed_AS:   75066676 kB
VmallocTotal:   263061440 kB
VmallocUsed:      105848 kB
VmallocChunk:          0 kB
Percpu:             7648 kB
CmaTotal:         294912 kB
CmaFree:               0 kB
MemTotal:       12113132 kB
MemFree:         6208344 kB
MemAvailable:    7693336 kB
Buffers:            5216 kB
Cached:          1822892 kB
SwapCached:            0 kB
Active:          1646440 kB
Inactive:        1583580 kB
Active(anon):    1408328 kB
Inactive(anon):    24588 kB
Active(file):     238112 kB
Inactive(file):  1558992 kB
Unevictable:        5532 kB
Mlocked:            5532 kB
SwapTotal:       3145724 kB
SwapFree:        3145724 kB
Dirty:               408 kB
Writeback:             0 kB
AnonPages:       1407228 kB
Mapped:           873948 kB
Shmem:             26524 kB
KReclaimable:     556592 kB
Slab:             225128 kB
SReclaimable:      76404 kB
SUnreclaim:       148724 kB
KernelStack:       48576 kB
PageTables:        67620 kB
NFS_Unstable:          0 kB
Bounce:                0 kB
WritebackTmp:          0 kB
CommitLimit:     9202288 kB
Committed_AS:   75061240 kB
VmallocTotal:   263061440 kB
VmallocUsed:      105832 kB
VmallocChunk:          0 kB
Percpu:             7648 kB
CmaTotal:         294912 kB
CmaFree:               0 kB
MemTotal:       12113132 kB
MemFree:         6206568 kB
MemAvailable:    7691572 kB
Buffers:            5216 kB
Cached:          1822912 kB
SwapCached:            0 kB
Active:          1646244 kB
Inactive:        1583600 kB
Active(anon):    1408132 kB
Inactive(anon):    24596 kB
Active(file):     238112 kB
Inactive(file):  1559004 kB
Unevictable:        5532 kB
Mlocked:            5532 kB
SwapTotal:       3145724 kB
SwapFree:        3145724 kB
Dirty:               264 kB
Writeback:             0 kB
AnonPages:       1407408 kB
Mapped:           873936 kB
Shmem:             26532 kB
KReclaimable:     556592 kB
Slab:             225096 kB
SReclaimable:      76404 kB
SUnreclaim:       148692 kB
KernelStack:       48576 kB
PageTables:        67612 kB
NFS_Unstable:          0 kB
Bounce:                0 kB
WritebackTmp:          0 kB
CommitLimit:     9202288 kB
Committed_AS:   75066464 kB
VmallocTotal:   263061440 kB
VmallocUsed:      105800 kB
VmallocChunk:          0 kB
Percpu:             7648 kB
CmaTotal:         294912 kB
CmaFree:               0 kB
MemTotal:       12113132 kB
MemFree:         6206388 kB
MemAvailable:    7691404 kB
Buffers:            5216 kB
Cached:          1822924 kB
SwapCached:            0 kB
Active:          1647276 kB
Inactive:        1583616 kB
Active(anon):    1409168 kB
Inactive(anon):    24596 kB
Active(file):     238108 kB
Inactive(file):  1559020 kB
Unevictable:        5532 kB
Mlocked:            5532 kB
SwapTotal:       3145724 kB
SwapFree:        3145724 kB
Dirty:               300 kB
Writeback:             0 kB
AnonPages:       1408356 kB
Mapped:           873960 kB
Shmem:             26532 kB
KReclaimable:     556592 kB
Slab:             225096 kB
SReclaimable:      76404 kB
SUnreclaim:       148692 kB
KernelStack:       48544 kB
PageTables:        67664 kB
NFS_Unstable:          0 kB
Bounce:                0 kB
WritebackTmp:          0 kB
CommitLimit:     9202288 kB
Committed_AS:   75058472 kB
VmallocTotal:   263061440 kB
VmallocUsed:      105768 kB
VmallocChunk:          0 kB
Percpu:             7648 kB
CmaTotal:         294912 kB
CmaFree:               0 kB
MemTotal:       12113132 kB
MemFree:         6208896 kB
MemAvailable:    7693916 kB
Buffers:            5216 kB
Cached:          1822932 kB
SwapCached:            0 kB
Active:          1644588 kB
Inactive:        1583620 kB
Active(anon):    1406476 kB
Inactive(anon):    24600 kB
Active(file):     238112 kB
Inactive(file):  1559020 kB
Unevictable:        5532 kB
Mlocked:            5532 kB
SwapTotal:       3145724 kB
SwapFree:        3145724 kB
Dirty:               352 kB
Writeback:             0 kB
AnonPages:       1405824 kB
Mapped:           873976 kB
Shmem:             26536 kB
KReclaimable:     556592 kB
Slab:             225100 kB
SReclaimable:      76404 kB
SUnreclaim:       148696 kB
KernelStack:       48592 kB
PageTables:        67724 kB
NFS_Unstable:          0 kB
Bounce:                0 kB
WritebackTmp:          0 kB
CommitLimit:     9202288 kB
Committed_AS:   75065376 kB
VmallocTotal:   263061440 kB
VmallocUsed:      105768 kB
VmallocChunk:          0 kB
Percpu:             7648 kB
CmaTotal:         294912 kB
CmaFree:              76 kB
MemTotal:       12113132 kB
MemFree:         6249124 kB
MemAvailable:    7734180 kB
Buffers:            5220 kB
Cached:          1822964 kB
SwapCached:            0 kB
Active:          1604116 kB
Inactive:        1583656 kB
Active(anon):    1366004 kB
Inactive(anon):    24600 kB
Active(file):     238112 kB
Inactive(file):  1559056 kB
Unevictable:        5532 kB
Mlocked:            5532 kB
SwapTotal:       3145724 kB
SwapFree:        3145724 kB
Dirty:               376 kB
Writeback:             0 kB
AnonPages:       1364848 kB
Mapped:           873976 kB
Shmem:             26536 kB
KReclaimable:     556592 kB
Slab:             225100 kB
SReclaimable:      76404 kB
SUnreclaim:       148696 kB
KernelStack:       48592 kB
PageTables:        67708 kB
NFS_Unstable:          0 kB
Bounce:                0 kB
WritebackTmp:          0 kB
CommitLimit:     9202288 kB
Committed_AS:   75057408 kB
VmallocTotal:   263061440 kB
VmallocUsed:      105768 kB
VmallocChunk:          0 kB
Percpu:             7648 kB
CmaTotal:         294912 kB
CmaFree:               0 kB
MemTotal:       12113132 kB
MemFree:         6250100 kB
MemAvailable:    7735172 kB
Buffers:            5220 kB
Cached:          1822980 kB
SwapCached:            0 kB
Active:          1604656 kB
Inactive:        1583668 kB
Active(anon):    1366540 kB
Inactive(anon):    24600 kB
Active(file):     238116 kB
Inactive(file):  1559068 kB
Unevictable:        5532 kB
Mlocked:            5532 kB
SwapTotal:       3145724 kB
SwapFree:        3145724 kB
Dirty:               416 kB
Writeback:             0 kB
AnonPages:       1365648 kB
Mapped:           874036 kB
Shmem:             26536 kB
KReclaimable:     556592 kB
Slab:             225100 kB
SReclaimable:      76404 kB
SUnreclaim:       148696 kB
KernelStack:       48624 kB
PageTables:        67812 kB
NFS_Unstable:          0 kB
Bounce:                0 kB
WritebackTmp:          0 kB
CommitLimit:     9202288 kB
Committed_AS:   75059756 kB
VmallocTotal:   263061440 kB
VmallocUsed:      105752 kB
VmallocChunk:          0 kB
Percpu:             7648 kB
CmaTotal:         294912 kB
CmaFree:               0 kB
MemTotal:       12113132 kB
MemFree:         6250212 kB
MemAvailable:    7735196 kB
Buffers:            5220 kB
Cached:          1822992 kB
SwapCached:            0 kB
Active:          1605388 kB
Inactive:        1583680 kB
Active(anon):    1367272 kB
Inactive(anon):    24600 kB
Active(file):     238116 kB
Inactive(file):  1559080 kB
Unevictable:        5532 kB
Mlocked:            5532 kB
SwapTotal:       3145724 kB
SwapFree:        3145724 kB
Dirty:               268 kB
Writeback:             0 kB
AnonPages:       1366320 kB
Mapped:           873960 kB
Shmem:             26536 kB
KReclaimable:     556492 kB
Slab:             225004 kB
SReclaimable:      76304 kB
SUnreclaim:       148700 kB
KernelStack:       48560 kB
PageTables:        67656 kB
NFS_Unstable:          0 kB
Bounce:                0 kB
WritebackTmp:          0 kB
CommitLimit:     9202288 kB
Committed_AS:   75060268 kB
VmallocTotal:   263061440 kB
VmallocUsed:      105720 kB
VmallocChunk:          0 kB
Percpu:             7648 kB
CmaTotal:         294912 kB
CmaFree:               0 kB
MemTotal:       12113132 kB
MemFree:         6247720 kB
MemAvailable:    7732716 kB
Buffers:            5220 kB
Cached:          1823004 kB
SwapCached:            0 kB
Active:          1605600 kB
Inactive:        1583692 kB
Active(anon):    1367484 kB
Inactive(anon):    24600 kB
Active(file):     238116 kB
Inactive(file):  1559092 kB
Unevictable:        5532 kB
Mlocked:            5532 kB
SwapTotal:       3145724 kB
SwapFree:        3145724 kB
Dirty:               312 kB
Writeback:             0 kB
AnonPages:       1366376 kB
Mapped:           873988 kB
Shmem:             26536 kB
KReclaimable:     556492 kB
Slab:             225004 kB
SReclaimable:      76304 kB
SUnreclaim:       148700 kB
KernelStack:       48544 kB
PageTables:        67612 kB
NFS_Unstable:          0 kB
Bounce:                0 kB
WritebackTmp:          0 kB
CommitLimit:     9202288 kB
Committed_AS:   75061184 kB
VmallocTotal:   263061440 kB
VmallocUsed:      105736 kB
VmallocChunk:          0 kB
Percpu:             7648 kB
CmaTotal:         294912 kB
CmaFree:               0 kB
MemTotal:       12113132 kB
MemFree:         6247660 kB
MemAvailable:    7732664 kB
Buffers:            5220 kB
Cached:          1823012 kB
SwapCached:            0 kB
Active:          1606544 kB
Inactive:        1583700 kB
Active(anon):    1368428 kB
Inactive(anon):    24600 kB
Active(file):     238116 kB
Inactive(file):  1559100 kB
Unevictable:        5532 kB
Mlocked:            5532 kB
SwapTotal:       3145724 kB
SwapFree:        3145724 kB
Dirty:               328 kB
Writeback:             0 kB
AnonPages:       1367536 kB
Mapped:           873960 kB
Shmem:             26536 kB
KReclaimable:     556492 kB
Slab:             225000 kB
SReclaimable:      76304 kB
SUnreclaim:       148696 kB
KernelStack:       48592 kB
PageTables:        67716 kB
NFS_Unstable:          0 kB
Bounce:                0 kB
WritebackTmp:          0 kB
CommitLimit:     9202288 kB
Committed_AS:   75050752 kB
VmallocTotal:   263061440 kB
VmallocUsed:      105720 kB
VmallocChunk:          0 kB
Percpu:             7648 kB
CmaTotal:         294912 kB
CmaFree:               0 kB
MemTotal:       12113132 kB
MemFree:         6258876 kB
MemAvailable:    7743892 kB
Buffers:            5220 kB
Cached:          1823024 kB
SwapCached:            0 kB
Active:          1595504 kB
Inactive:        1583712 kB
Active(anon):    1357388 kB
Inactive(anon):    24600 kB
Active(file):     238116 kB
Inactive(file):  1559112 kB
Unevictable:        5532 kB
Mlocked:            5532 kB
SwapTotal:       3145724 kB
SwapFree:        3145724 kB
Dirty:               352 kB
Writeback:             0 kB
AnonPages:       1356680 kB
Mapped:           873960 kB
Shmem:             26536 kB
KReclaimable:     556492 kB
Slab:             225004 kB
SReclaimable:      76304 kB
SUnreclaim:       148700 kB
KernelStack:       48592 kB
PageTables:        67836 kB
NFS_Unstable:          0 kB
Bounce:                0 kB
WritebackTmp:          0 kB
CommitLimit:     9202288 kB
Committed_AS:   75050384 kB
VmallocTotal:   263061440 kB
VmallocUsed:      105720 kB
VmallocChunk:          0 kB
Percpu:             7648 kB
CmaTotal:         294912 kB
CmaFree:               0 kB
MemTotal:       12113132 kB
MemFree:         6259476 kB
MemAvailable:    7744504 kB
Buffers:            5220 kB
Cached:          1823036 kB
SwapCached:            0 kB
Active:          1595872 kB
Inactive:        1583724 kB
Active(anon):    1357756 kB
Inactive(anon):    24600 kB
Active(file):     238116 kB
Inactive(file):  1559124 kB
Unevictable:        5532 kB
Mlocked:            5532 kB
SwapTotal:       3145724 kB
SwapFree:        3145724 kB
Dirty:               364 kB
Writeback:             0 kB
AnonPages:       1356824 kB
Mapped:           873948 kB
Shmem:             26536 kB
KReclaimable:     556492 kB
Slab:             225004 kB
SReclaimable:      76304 kB
SUnreclaim:       148700 kB
KernelStack:       48528 kB
PageTables:        67612 kB
NFS_Unstable:          0 kB
Bounce:                0 kB
WritebackTmp:          0 kB
CommitLimit:     9202288 kB
Committed_AS:   75048896 kB
VmallocTotal:   263061440 kB
VmallocUsed:      105720 kB
VmallocChunk:          0 kB
Percpu:             7648 kB
CmaTotal:         294912 kB
CmaFree:               0 kB
MemTotal:       12113132 kB
MemFree:         6258736 kB
MemAvailable:    7743764 kB
Buffers:            5220 kB
Cached:          1823036 kB
SwapCached:            0 kB
Active:          1596676 kB
Inactive:        1583728 kB
Active(anon):    1358564 kB
Inactive(anon):    24600 kB
Active(file):     238112 kB
Inactive(file):  1559128 kB
Unevictable:        5532 kB
Mlocked:            5532 kB
SwapTotal:       3145724 kB
SwapFree:        3145724 kB
Dirty:               256 kB
Writeback:             0 kB
AnonPages:       1357828 kB
Mapped:           873968 kB
Shmem:             26536 kB
KReclaimable:     556492 kB
Slab:             225008 kB
SReclaimable:      76304 kB
SUnreclaim:       148704 kB
KernelStack:       48528 kB
PageTables:        67612 kB
NFS_Unstable:          0 kB
Bounce:                0 kB
WritebackTmp:          0 kB
CommitLimit:     9202288 kB
Committed_AS:   75051028 kB
VmallocTotal:   263061440 kB
VmallocUsed:      105736 kB
VmallocChunk:          0 kB
Percpu:             7648 kB
CmaTotal:         294912 kB
CmaFree:               0 kB
MemTotal:       12113132 kB
MemFree:         6270680 kB
MemAvailable:    7755732 kB
Buffers:            5220 kB
Cached:          1823060 kB
SwapCached:            0 kB
Active:          1584464 kB
Inactive:        1583748 kB
Active(anon):    1346348 kB
Inactive(anon):    24600 kB
Active(file):     238116 kB
Inactive(file):  1559148 kB
Unevictable:        5532 kB
Mlocked:            5532 kB
SwapTotal:       3145724 kB
SwapFree:        3145724 kB
Dirty:               308 kB
Writeback:             0 kB
AnonPages:       1345480 kB
Mapped:           873952 kB
Shmem:             26536 kB
KReclaimable:     556492 kB
Slab:             224992 kB
SReclaimable:      76304 kB
SUnreclaim:       148688 kB
KernelStack:       48528 kB
PageTables:        67620 kB
NFS_Unstable:          0 kB
Bounce:                0 kB
WritebackTmp:          0 kB
CommitLimit:     9202288 kB
Committed_AS:   75055648 kB
VmallocTotal:   263061440 kB
VmallocUsed:      105768 kB
VmallocChunk:          0 kB
Percpu:             7648 kB
CmaTotal:         294912 kB
CmaFree:             380 kB
MemTotal:       12113132 kB
MemFree:         6270580 kB
MemAvailable:    7755652 kB
Buffers:            5220 kB
Cached:          1823080 kB
SwapCached:            0 kB
Active:          1583436 kB
Inactive:        1583768 kB
Active(anon):    1345320 kB
Inactive(anon):    24600 kB
Active(file):     238116 kB
Inactive(file):  1559168 kB
Unevictable:        5532 kB
Mlocked:            5532 kB
SwapTotal:       3145724 kB
SwapFree:        3145724 kB
Dirty:               336 kB
Writeback:             0 kB
AnonPages:       1344468 kB
Mapped:           873952 kB
Shmem:             26536 kB
KReclaimable:     556492 kB
Slab:             225012 kB
SReclaimable:      76304 kB
SUnreclaim:       148708 kB
KernelStack:       48464 kB
PageTables:        67608 kB
NFS_Unstable:          0 kB
Bounce:                0 kB
WritebackTmp:          0 kB
CommitLimit:     9202288 kB
Committed_AS:   75055812 kB
VmallocTotal:   263061440 kB
VmallocUsed:      105784 kB
VmallocChunk:          0 kB
Percpu:             7648 kB
CmaTotal:         294912 kB
CmaFree:               0 kB
MemTotal:       12113132 kB
MemFree:         6270008 kB
MemAvailable:    7755092 kB
Buffers:            5220 kB
Cached:          1823088 kB
SwapCached:            0 kB
Active:          1583976 kB
Inactive:        1583776 kB
Active(anon):    1345860 kB
Inactive(anon):    24600 kB
Active(file):     238116 kB
Inactive(file):  1559176 kB
Unevictable:        5532 kB
Mlocked:            5532 kB
SwapTotal:       3145724 kB
SwapFree:        3145724 kB
Dirty:               356 kB
Writeback:             0 kB
AnonPages:       1344632 kB
Mapped:           873980 kB
Shmem:             26536 kB
KReclaimable:     556496 kB
Slab:             225008 kB
SReclaimable:      76308 kB
SUnreclaim:       148700 kB
KernelStack:       48528 kB
PageTables:        67616 kB
NFS_Unstable:          0 kB
Bounce:                0 kB
WritebackTmp:          0 kB
CommitLimit:     9202288 kB
Committed_AS:   75044736 kB
VmallocTotal:   263061440 kB
VmallocUsed:      105784 kB
VmallocChunk:          0 kB
Percpu:             7648 kB
CmaTotal:         294912 kB
CmaFree:               0 kB
MemTotal:       12113132 kB
MemFree:         6269212 kB
MemAvailable:    7754316 kB
Buffers:            5220 kB
Cached:          1823108 kB
SwapCached:            0 kB
Active:          1584632 kB
Inactive:        1583796 kB
Active(anon):    1346516 kB
Inactive(anon):    24600 kB
Active(file):     238116 kB
Inactive(file):  1559196 kB
Unevictable:        5532 kB
Mlocked:            5532 kB
SwapTotal:       3145724 kB
SwapFree:        3145724 kB
Dirty:               396 kB
Writeback:             0 kB
AnonPages:       1345536 kB
Mapped:           873960 kB
Shmem:             26536 kB
KReclaimable:     556496 kB
Slab:             225016 kB
SReclaimable:      76308 kB
SUnreclaim:       148708 kB
KernelStack:       48528 kB
PageTables:        67624 kB
NFS_Unstable:          0 kB
Bounce:                0 kB
WritebackTmp:          0 kB
CommitLimit:     9202288 kB
Committed_AS:   75039552 kB
VmallocTotal:   263061440 kB
VmallocUsed:      105768 kB
VmallocChunk:          0 kB
Percpu:             7648 kB
CmaTotal:         294912 kB
CmaFree:               0 kB
MemTotal:       12113132 kB
MemFree:         6273412 kB
MemAvailable:    7758524 kB
Buffers:            5220 kB
Cached:          1823116 kB
SwapCached:            0 kB
Active:          1580944 kB
Inactive:        1583804 kB
Active(anon):    1342828 kB
Inactive(anon):    24600 kB
Active(file):     238116 kB
Inactive(file):  1559204 kB
Unevictable:        5532 kB
Mlocked:            5532 kB
SwapTotal:       3145724 kB
SwapFree:        3145724 kB
Dirty:               404 kB
Writeback:             0 kB
AnonPages:       1341408 kB
Mapped:           873960 kB
Shmem:             26536 kB
KReclaimable:     556496 kB
Slab:             225008 kB
SReclaimable:      76308 kB
SUnreclaim:       148700 kB
KernelStack:       48560 kB
PageTables:        67660 kB
NFS_Unstable:          0 kB
Bounce:                0 kB
WritebackTmp:          0 kB
CommitLimit:     9202288 kB
Committed_AS:   75040948 kB
VmallocTotal:   263061440 kB
VmallocUsed:      105768 kB
VmallocChunk:          0 kB
Percpu:             7648 kB
CmaTotal:         294912 kB
CmaFree:               0 kB
MemTotal:       12113132 kB
MemFree:         6273668 kB
MemAvailable:    7758792 kB
Buffers:            5220 kB
Cached:          1823128 kB
SwapCached:            0 kB
Active:          1581196 kB
Inactive:        1583816 kB
Active(anon):    1343080 kB
Inactive(anon):    24600 kB
Active(file):     238116 kB
Inactive(file):  1559216 kB
Unevictable:        5532 kB
Mlocked:            5532 kB
SwapTotal:       3145724 kB
SwapFree:        3145724 kB
Dirty:               416 kB
Writeback:             0 kB
AnonPages:       1342260 kB
Mapped:           873956 kB
Shmem:             26536 kB
KReclaimable:     556496 kB
Slab:             225016 kB
SReclaimable:      76308 kB
SUnreclaim:       148708 kB
KernelStack:       48512 kB
PageTables:        67608 kB
NFS_Unstable:          0 kB
Bounce:                0 kB
WritebackTmp:          0 kB
CommitLimit:     9202288 kB
Committed_AS:   75041116 kB
VmallocTotal:   263061440 kB
VmallocUsed:      105800 kB
VmallocChunk:          0 kB
Percpu:             7648 kB
CmaTotal:         294912 kB
CmaFree:               0 kB
MemTotal:       12113132 kB
MemFree:         6272072 kB
MemAvailable:    7757212 kB
Buffers:            5220 kB
Cached:          1823148 kB
SwapCached:            0 kB
Active:          1583572 kB
Inactive:        1583832 kB
Active(anon):    1345452 kB
Inactive(anon):    24604 kB
Active(file):     238120 kB
Inactive(file):  1559228 kB
Unevictable:        5532 kB
Mlocked:            5532 kB
SwapTotal:       3145724 kB
SwapFree:        3145724 kB
Dirty:               440 kB
Writeback:             0 kB
AnonPages:       1344644 kB
Mapped:           873968 kB
Shmem:             26540 kB
KReclaimable:     556496 kB
Slab:             225004 kB
SReclaimable:      76308 kB
SUnreclaim:       148696 kB
KernelStack:       48560 kB
PageTables:        67716 kB
NFS_Unstable:          0 kB
Bounce:                0 kB
WritebackTmp:          0 kB
CommitLimit:     9202288 kB
Committed_AS:   75053556 kB
VmallocTotal:   263061440 kB
VmallocUsed:      105752 kB
VmallocChunk:          0 kB
Percpu:             7648 kB
CmaTotal:         294912 kB
CmaFree:               0 kB
MemTotal:       12113132 kB
MemFree:         6270620 kB
MemAvailable:    7755764 kB
Buffers:            5224 kB
Cached:          1823148 kB
SwapCached:            0 kB
Active:          1583324 kB
Inactive:        1583836 kB
Active(anon):    1345204 kB
Inactive(anon):    24604 kB
Active(file):     238120 kB
Inactive(file):  1559232 kB
Unevictable:        5532 kB
Mlocked:            5532 kB
SwapTotal:       3145724 kB
SwapFree:        3145724 kB
Dirty:               508 kB
Writeback:             0 kB
AnonPages:       1344540 kB
Mapped:           873964 kB
Shmem:             26540 kB
KReclaimable:     556496 kB
Slab:             225060 kB
SReclaimable:      76308 kB
SUnreclaim:       148752 kB
KernelStack:       48544 kB
PageTables:        67684 kB
NFS_Unstable:          0 kB
Bounce:                0 kB
WritebackTmp:          0 kB
CommitLimit:     9202288 kB
Committed_AS:   75051832 kB
VmallocTotal:   263061440 kB
VmallocUsed:      105736 kB
VmallocChunk:          0 kB
Percpu:             7648 kB
CmaTotal:         294912 kB
CmaFree:               0 kB
MemTotal:       12113132 kB
MemFree:         6272392 kB
MemAvailable:    7757572 kB
Buffers:            5224 kB
Cached:          1823184 kB
SwapCached:            0 kB
Active:          1584456 kB
Inactive:        1583872 kB
Active(anon):    1346336 kB
Inactive(anon):    24604 kB
Active(file):     238120 kB
Inactive(file):  1559268 kB
Unevictable:        5532 kB
Mlocked:            5532 kB
SwapTotal:       3145724 kB
SwapFree:        3145724 kB
Dirty:               252 kB
Writeback:           260 kB
AnonPages:       1345208 kB
Mapped:           873984 kB
Shmem:             26540 kB
KReclaimable:     556496 kB
Slab:             225012 kB
SReclaimable:      76308 kB
SUnreclaim:       148704 kB
KernelStack:       48512 kB
PageTables:        67620 kB
NFS_Unstable:          0 kB
Bounce:                0 kB
WritebackTmp:          0 kB
CommitLimit:     9202288 kB
Committed_AS:   75043664 kB
VmallocTotal:   263061440 kB
VmallocUsed:      105688 kB
VmallocChunk:          0 kB
Percpu:             7648 kB
CmaTotal:         294912 kB
CmaFree:              24 kB
MemTotal:       12113132 kB
MemFree:         6270424 kB
MemAvailable:    7755612 kB
Buffers:            5224 kB
Cached:          1823196 kB
SwapCached:            0 kB
Active:          1584716 kB
Inactive:        1583884 kB
Active(anon):    1346596 kB
Inactive(anon):    24608 kB
Active(file):     238120 kB
Inactive(file):  1559276 kB
Unevictable:        5532 kB
Mlocked:            5532 kB
SwapTotal:       3145724 kB
SwapFree:        3145724 kB
Dirty:               280 kB
Writeback:             0 kB
AnonPages:       1346008 kB
Mapped:           874164 kB
Shmem:             26544 kB
KReclaimable:     556496 kB
Slab:             225036 kB
SReclaimable:      76308 kB
SUnreclaim:       148728 kB
KernelStack:       48512 kB
PageTables:        67648 kB
NFS_Unstable:          0 kB
Bounce:                0 kB
WritebackTmp:          0 kB
CommitLimit:     9202288 kB
Committed_AS:   75043488 kB
VmallocTotal:   263061440 kB
VmallocUsed:      105656 kB
VmallocChunk:          0 kB
Percpu:             7648 kB
CmaTotal:         294912 kB
CmaFree:               0 kB
MemTotal:       12113132 kB
MemFree:         6269188 kB
MemAvailable:    7754388 kB
Buffers:            5224 kB
Cached:          1823208 kB
SwapCached:            0 kB
Active:          1585676 kB
Inactive:        1583896 kB
Active(anon):    1347556 kB
Inactive(anon):    24608 kB
Active(file):     238120 kB
Inactive(file):  1559288 kB
Unevictable:        5532 kB
Mlocked:            5532 kB
SwapTotal:       3145724 kB
SwapFree:        3145724 kB
Dirty:               312 kB
Writeback:             0 kB
AnonPages:       1347040 kB
Mapped:           873932 kB
Shmem:             26544 kB
KReclaimable:     556496 kB
Slab:             225032 kB
SReclaimable:      76308 kB
SUnreclaim:       148724 kB
KernelStack:       48464 kB
PageTables:        67604 kB
NFS_Unstable:          0 kB
Bounce:                0 kB
WritebackTmp:          0 kB
CommitLimit:     9202288 kB
Committed_AS:   75051676 kB
VmallocTotal:   263061440 kB
VmallocUsed:      105720 kB
VmallocChunk:          0 kB
Percpu:             7648 kB
CmaTotal:         294912 kB
CmaFree:               0 kB
MemTotal:       12113132 kB
MemFree:         6268876 kB
MemAvailable:    7754092 kB
Buffers:            5224 kB
Cached:          1823232 kB
SwapCached:            0 kB
Active:          1586440 kB
Inactive:        1583920 kB
Active(anon):    1348320 kB
Inactive(anon):    24616 kB
Active(file):     238120 kB
Inactive(file):  1559304 kB
Unevictable:        5532 kB
Mlocked:            5532 kB
SwapTotal:       3145724 kB
SwapFree:        3145724 kB
Dirty:               332 kB
Writeback:             0 kB
AnonPages:       1347200 kB
Mapped:           874112 kB
Shmem:             26552 kB
KReclaimable:     556496 kB
Slab:             225008 kB
SReclaimable:      76308 kB
SUnreclaim:       148700 kB
KernelStack:       48480 kB
PageTables:        67600 kB
NFS_Unstable:          0 kB
Bounce:                0 kB
WritebackTmp:          0 kB
CommitLimit:     9202288 kB
Committed_AS:   75041620 kB
VmallocTotal:   263061440 kB
VmallocUsed:      105672 kB
VmallocChunk:          0 kB
Percpu:             7648 kB
CmaTotal:         294912 kB
CmaFree:               0 kB
MemTotal:       12113132 kB
MemFree:         6241456 kB
MemAvailable:    7726660 kB
Buffers:            5224 kB
Cached:          1823236 kB
SwapCached:            0 kB
Active:          1613836 kB
Inactive:        1583924 kB
Active(anon):    1375716 kB
Inactive(anon):    24616 kB
Active(file):     238120 kB
Inactive(file):  1559308 kB
Unevictable:        5532 kB
Mlocked:            5532 kB
SwapTotal:       3145724 kB
SwapFree:        3145724 kB
Dirty:               352 kB
Writeback:             0 kB
AnonPages:       1375036 kB
Mapped:           873968 kB
Shmem:             26552 kB
KReclaimable:     556480 kB
Slab:             225032 kB
SReclaimable:      76292 kB
SUnreclaim:       148740 kB
KernelStack:       48480 kB
PageTables:        67632 kB
NFS_Unstable:          0 kB
Bounce:                0 kB
WritebackTmp:          0 kB
CommitLimit:     9202288 kB
Committed_AS:   75059300 kB
VmallocTotal:   263061440 kB
VmallocUsed:      105720 kB
VmallocChunk:          0 kB
Percpu:             7648 kB
CmaTotal:         294912 kB
CmaFree:               0 kB
MemTotal:       12113132 kB
MemFree:         6235036 kB
MemAvailable:    7720260 kB
Buffers:            5224 kB
Cached:          1823256 kB
SwapCached:            0 kB
Active:          1620624 kB
Inactive:        1583944 kB
Active(anon):    1382504 kB
Inactive(anon):    24616 kB
Active(file):     238120 kB
Inactive(file):  1559328 kB
Unevictable:        5532 kB
Mlocked:            5532 kB
SwapTotal:       3145724 kB
SwapFree:        3145724 kB
Dirty:               372 kB
Writeback:             0 kB
AnonPages:       1381712 kB
Mapped:           873968 kB
Shmem:             26552 kB
KReclaimable:     556480 kB
Slab:             225028 kB
SReclaimable:      76292 kB
SUnreclaim:       148736 kB
KernelStack:       48528 kB
PageTables:        67732 kB
NFS_Unstable:          0 kB
Bounce:                0 kB
WritebackTmp:          0 kB
CommitLimit:     9202288 kB
Committed_AS:   75055156 kB
VmallocTotal:   263061440 kB
VmallocUsed:      105720 kB
VmallocChunk:          0 kB
Percpu:             7648 kB
CmaTotal:         294912 kB
CmaFree:               0 kB
MemTotal:       12113132 kB
MemFree:         6228568 kB
MemAvailable:    7713820 kB
Buffers:            5224 kB
Cached:          1823272 kB
SwapCached:            0 kB
Active:          1624356 kB
Inactive:        1583960 kB
Active(anon):    1386236 kB
Inactive(anon):    24620 kB
Active(file):     238120 kB
Inactive(file):  1559340 kB
Unevictable:        5532 kB
Mlocked:            5532 kB
SwapTotal:       3145724 kB
SwapFree:        3145724 kB
Dirty:               232 kB
Writeback:             0 kB
AnonPages:       1385376 kB
Mapped:           873984 kB
Shmem:             26556 kB
KReclaimable:     556496 kB
Slab:             225052 kB
SReclaimable:      76308 kB
SUnreclaim:       148744 kB
KernelStack:       48480 kB
PageTables:        67612 kB
NFS_Unstable:          0 kB
Bounce:                0 kB
WritebackTmp:          0 kB
CommitLimit:     9202288 kB
Committed_AS:   75060476 kB
VmallocTotal:   263061440 kB
VmallocUsed:      105752 kB
VmallocChunk:          0 kB
Percpu:             7648 kB
CmaTotal:         294912 kB
CmaFree:               0 kB
MemTotal:       12113132 kB
MemFree:         6228732 kB
MemAvailable:    7713996 kB
Buffers:            5224 kB
Cached:          1823284 kB
SwapCached:            0 kB
Active:          1625056 kB
Inactive:        1583972 kB
Active(anon):    1386936 kB
Inactive(anon):    24620 kB
Active(file):     238120 kB
Inactive(file):  1559352 kB
Unevictable:        5532 kB
Mlocked:            5532 kB
SwapTotal:       3145724 kB
SwapFree:        3145724 kB
Dirty:               296 kB
Writeback:             0 kB
AnonPages:       1386044 kB
Mapped:           874196 kB
Shmem:             26556 kB
KReclaimable:     556496 kB
Slab:             225104 kB
SReclaimable:      76308 kB
SUnreclaim:       148796 kB
KernelStack:       48512 kB
PageTables:        67780 kB
NFS_Unstable:          0 kB
Bounce:                0 kB
WritebackTmp:          0 kB
CommitLimit:     9202288 kB
Committed_AS:   75065824 kB
VmallocTotal:   263061440 kB
VmallocUsed:      105704 kB
VmallocChunk:          0 kB
Percpu:             7648 kB
CmaTotal:         294912 kB
CmaFree:               0 kB
MemTotal:       12113132 kB
MemFree:         6228880 kB
MemAvailable:    7714152 kB
Buffers:            5224 kB
Cached:          1823292 kB
SwapCached:            0 kB
Active:          1625672 kB
Inactive:        1583980 kB
Active(anon):    1387552 kB
Inactive(anon):    24620 kB
Active(file):     238120 kB
Inactive(file):  1559360 kB
Unevictable:        5532 kB
Mlocked:            5532 kB
SwapTotal:       3145724 kB
SwapFree:        3145724 kB
Dirty:               304 kB
Writeback:             0 kB
AnonPages:       1386344 kB
Mapped:           873988 kB
Shmem:             26556 kB
KReclaimable:     556496 kB
Slab:             225060 kB
SReclaimable:      76308 kB
SUnreclaim:       148752 kB
KernelStack:       48528 kB
PageTables:        67720 kB
NFS_Unstable:          0 kB
Bounce:                0 kB
WritebackTmp:          0 kB
CommitLimit:     9202288 kB
Committed_AS:   75069872 kB
VmallocTotal:   263061440 kB
VmallocUsed:      105704 kB
VmallocChunk:          0 kB
Percpu:             7648 kB
CmaTotal:         294912 kB
CmaFree:               0 kB
MemTotal:       12113132 kB
MemFree:         6228948 kB
MemAvailable:    7714252 kB
Buffers:            5224 kB
Cached:          1823328 kB
SwapCached:            0 kB
Active:          1626232 kB
Inactive:        1584016 kB
Active(anon):    1388112 kB
Inactive(anon):    24624 kB
Active(file):     238120 kB
Inactive(file):  1559392 kB
Unevictable:        5532 kB
Mlocked:            5532 kB
SwapTotal:       3145724 kB
SwapFree:        3145724 kB
Dirty:               348 kB
Writeback:             0 kB
AnonPages:       1387220 kB
Mapped:           873944 kB
Shmem:             26560 kB
KReclaimable:     556496 kB
Slab:             224992 kB
SReclaimable:      76308 kB
SUnreclaim:       148684 kB
KernelStack:       48480 kB
PageTables:        67716 kB
NFS_Unstable:          0 kB
Bounce:                0 kB
WritebackTmp:          0 kB
CommitLimit:     9202288 kB
Committed_AS:   75050900 kB
VmallocTotal:   263061440 kB
VmallocUsed:      105624 kB
VmallocChunk:          0 kB
Percpu:             7648 kB
CmaTotal:         294912 kB
CmaFree:               0 kB
MemTotal:       12113132 kB
MemFree:         6228668 kB
MemAvailable:    7713984 kB
Buffers:            5224 kB
Cached:          1823340 kB
SwapCached:            0 kB
Active:          1626872 kB
Inactive:        1584028 kB
Active(anon):    1388752 kB
Inactive(anon):    24624 kB
Active(file):     238120 kB
Inactive(file):  1559404 kB
Unevictable:        5532 kB
Mlocked:            5532 kB
SwapTotal:       3145724 kB
SwapFree:        3145724 kB
Dirty:               372 kB
Writeback:             0 kB
AnonPages:       1387708 kB
Mapped:           874012 kB
Shmem:             26560 kB
KReclaimable:     556496 kB
Slab:             225024 kB
SReclaimable:      76308 kB
SUnreclaim:       148716 kB
KernelStack:       48544 kB
PageTables:        67724 kB
NFS_Unstable:          0 kB
Bounce:                0 kB
WritebackTmp:          0 kB
CommitLimit:     9202288 kB
Committed_AS:   75051232 kB
VmallocTotal:   263061440 kB
VmallocUsed:      105640 kB
VmallocChunk:          0 kB
Percpu:             7648 kB
CmaTotal:         294912 kB
CmaFree:               0 kB
MemTotal:       12113132 kB
MemFree:         6228536 kB
MemAvailable:    7713664 kB
Buffers:            5224 kB
Cached:          1823356 kB
SwapCached:            0 kB
Active:          1627564 kB
Inactive:        1584040 kB
Active(anon):    1389440 kB
Inactive(anon):    24624 kB
Active(file):     238124 kB
Inactive(file):  1559416 kB
Unevictable:        5532 kB
Mlocked:            5532 kB
SwapTotal:       3145724 kB
SwapFree:        3145724 kB
Dirty:               388 kB
Writeback:             0 kB
AnonPages:       1388640 kB
Mapped:           873972 kB
Shmem:             26560 kB
KReclaimable:     556292 kB
Slab:             225024 kB
SReclaimable:      76308 kB
SUnreclaim:       148716 kB
KernelStack:       48528 kB
PageTables:        67712 kB
NFS_Unstable:          0 kB
Bounce:                0 kB
WritebackTmp:          0 kB
CommitLimit:     9202288 kB
Committed_AS:   75051972 kB
VmallocTotal:   263061440 kB
VmallocUsed:      105640 kB
VmallocChunk:          0 kB
Percpu:             7648 kB
CmaTotal:         294912 kB
CmaFree:               0 kB
MemTotal:       12113132 kB
MemFree:         6226288 kB
MemAvailable:    7711424 kB
Buffers:            5224 kB
Cached:          1823364 kB
SwapCached:            0 kB
Active:          1627992 kB
Inactive:        1584052 kB
Active(anon):    1389872 kB
Inactive(anon):    24624 kB
Active(file):     238120 kB
Inactive(file):  1559428 kB
Unevictable:        5532 kB
Mlocked:            5532 kB
SwapTotal:       3145724 kB
SwapFree:        3145724 kB
Dirty:               400 kB
Writeback:             0 kB
AnonPages:       1389468 kB
Mapped:           873988 kB
Shmem:             26560 kB
KReclaimable:     556292 kB
Slab:             225028 kB
SReclaimable:      76308 kB
SUnreclaim:       148720 kB
KernelStack:       48480 kB
PageTables:        67624 kB
NFS_Unstable:          0 kB
Bounce:                0 kB
WritebackTmp:          0 kB
CommitLimit:     9202288 kB
Committed_AS:   75064800 kB
VmallocTotal:   263061440 kB
VmallocUsed:      105704 kB
VmallocChunk:          0 kB
Percpu:             7648 kB
CmaTotal:         294912 kB
CmaFree:               0 kB
MemTotal:       12113132 kB
MemFree:         6224976 kB
MemAvailable:    7710116 kB
Buffers:            5224 kB
Cached:          1823368 kB
SwapCached:            0 kB
Active:          1629492 kB
Inactive:        1584056 kB
Active(anon):    1391372 kB
Inactive(anon):    24624 kB
Active(file):     238120 kB
Inactive(file):  1559432 kB
Unevictable:        5532 kB
Mlocked:            5532 kB
SwapTotal:       3145724 kB
SwapFree:        3145724 kB
Dirty:               420 kB
Writeback:             0 kB
AnonPages:       1390168 kB
Mapped:           873972 kB
Shmem:             26560 kB
KReclaimable:     556292 kB
Slab:             225032 kB
SReclaimable:      76308 kB
SUnreclaim:       148724 kB
KernelStack:       48496 kB
PageTables:        67640 kB
NFS_Unstable:          0 kB
Bounce:                0 kB
WritebackTmp:          0 kB
CommitLimit:     9202288 kB
Committed_AS:   75060580 kB
VmallocTotal:   263061440 kB
VmallocUsed:      105720 kB
VmallocChunk:          0 kB
Percpu:             7648 kB
CmaTotal:         294912 kB
CmaFree:               0 kB
MemTotal:       12113132 kB
MemFree:         6223984 kB
MemAvailable:    7709148 kB
Buffers:            5228 kB
Cached:          1823392 kB
SwapCached:            0 kB
Active:          1630200 kB
Inactive:        1584080 kB
Active(anon):    1392076 kB
Inactive(anon):    24628 kB
Active(file):     238124 kB
Inactive(file):  1559452 kB
Unevictable:        5532 kB
Mlocked:            5532 kB
SwapTotal:       3145724 kB
SwapFree:        3145724 kB
Dirty:               456 kB
Writeback:             0 kB
AnonPages:       1391116 kB
Mapped:           874008 kB
Shmem:             26564 kB
KReclaimable:     556292 kB
Slab:             225032 kB
SReclaimable:      76308 kB
SUnreclaim:       148724 kB
KernelStack:       48480 kB
PageTables:        67632 kB
NFS_Unstable:          0 kB
Bounce:                0 kB
WritebackTmp:          0 kB
CommitLimit:     9202288 kB
Committed_AS:   75055604 kB
VmallocTotal:   263061440 kB
VmallocUsed:      105704 kB
VmallocChunk:          0 kB
Percpu:             7648 kB
CmaTotal:         294912 kB
CmaFree:               0 kB
MemTotal:       12113132 kB
MemFree:         6225068 kB
MemAvailable:    7710256 kB
Buffers:            5228 kB
Cached:          1823416 kB
SwapCached:            0 kB
Active:          1629084 kB
Inactive:        1584104 kB
Active(anon):    1390960 kB
Inactive(anon):    24628 kB
Active(file):     238124 kB
Inactive(file):  1559476 kB
Unevictable:        5532 kB
Mlocked:            5532 kB
SwapTotal:       3145724 kB
SwapFree:        3145724 kB
Dirty:               460 kB
Writeback:             0 kB
AnonPages:       1390140 kB
Mapped:           873988 kB
Shmem:             26564 kB
KReclaimable:     556292 kB
Slab:             225036 kB
SReclaimable:      76308 kB
SUnreclaim:       148728 kB
KernelStack:       48544 kB
PageTables:        67808 kB
NFS_Unstable:          0 kB
Bounce:                0 kB
WritebackTmp:          0 kB
CommitLimit:     9202288 kB
Committed_AS:   75046436 kB
VmallocTotal:   263061440 kB
VmallocUsed:      105672 kB
VmallocChunk:          0 kB
Percpu:             7648 kB
CmaTotal:         294912 kB
CmaFree:               0 kB
MemTotal:       12113132 kB
MemFree:         6225260 kB
MemAvailable:    7710464 kB
Buffers:            5228 kB
Cached:          1823432 kB
SwapCached:            0 kB
Active:          1629932 kB
Inactive:        1584120 kB
Active(anon):    1391808 kB
Inactive(anon):    24628 kB
Active(file):     238124 kB
Inactive(file):  1559492 kB
Unevictable:        5532 kB
Mlocked:            5532 kB
SwapTotal:       3145724 kB
SwapFree:        3145724 kB
Dirty:               476 kB
Writeback:             0 kB
AnonPages:       1391200 kB
Mapped:           873992 kB
Shmem:             26564 kB
KReclaimable:     556292 kB
Slab:             225036 kB
SReclaimable:      76308 kB
SUnreclaim:       148728 kB
KernelStack:       48544 kB
PageTables:        67728 kB
NFS_Unstable:          0 kB
Bounce:                0 kB
WritebackTmp:          0 kB
CommitLimit:     9202288 kB
Committed_AS:   75055220 kB
VmallocTotal:   263061440 kB
VmallocUsed:      105704 kB
VmallocChunk:          0 kB
Percpu:             7648 kB
CmaTotal:         294912 kB
CmaFree:               0 kB
MemTotal:       12113132 kB
MemFree:         6232608 kB
MemAvailable:    7717820 kB
Buffers:            5228 kB
Cached:          1823440 kB
SwapCached:            0 kB
Active:          1621672 kB
Inactive:        1584128 kB
Active(anon):    1383548 kB
Inactive(anon):    24628 kB
Active(file):     238124 kB
Inactive(file):  1559500 kB
Unevictable:        5532 kB
Mlocked:            5532 kB
SwapTotal:       3145724 kB
SwapFree:        3145724 kB
Dirty:               524 kB
Writeback:             0 kB
AnonPages:       1382092 kB
Mapped:           873984 kB
Shmem:             26564 kB
KReclaimable:     556292 kB
Slab:             225036 kB
SReclaimable:      76308 kB
SUnreclaim:       148728 kB
KernelStack:       48528 kB
PageTables:        67668 kB
NFS_Unstable:          0 kB
Bounce:                0 kB
WritebackTmp:          0 kB
CommitLimit:     9202288 kB
Committed_AS:   75055960 kB
VmallocTotal:   263061440 kB
VmallocUsed:      105688 kB
VmallocChunk:          0 kB
Percpu:             7648 kB
CmaTotal:         294912 kB
CmaFree:               0 kB
MemTotal:       12113132 kB
MemFree:         6242864 kB
MemAvailable:    7728092 kB
Buffers:            5228 kB
Cached:          1823456 kB
SwapCached:            0 kB
Active:          1609964 kB
Inactive:        1584144 kB
Active(anon):    1371840 kB
Inactive(anon):    24628 kB
Active(file):     238124 kB
Inactive(file):  1559516 kB
Unevictable:        5532 kB
Mlocked:            5532 kB
SwapTotal:       3145724 kB
SwapFree:        3145724 kB
Dirty:               544 kB
Writeback:             0 kB
AnonPages:       1371148 kB
Mapped:           873972 kB
Shmem:             26564 kB
KReclaimable:     556292 kB
Slab:             225040 kB
SReclaimable:      76308 kB
SUnreclaim:       148732 kB
KernelStack:       48512 kB
PageTables:        67744 kB
NFS_Unstable:          0 kB
Bounce:                0 kB
WritebackTmp:          0 kB
CommitLimit:     9202288 kB
Committed_AS:   75059760 kB
VmallocTotal:   263061440 kB
VmallocUsed:      105720 kB
VmallocChunk:          0 kB
Percpu:             7648 kB
CmaTotal:         294912 kB
CmaFree:             256 kB
MemTotal:       12113132 kB
MemFree:         6244632 kB
MemAvailable:    7729864 kB
Buffers:            5228 kB
Cached:          1823460 kB
SwapCached:            0 kB
Active:          1610612 kB
Inactive:        1584148 kB
Active(anon):    1372488 kB
Inactive(anon):    24628 kB
Active(file):     238124 kB
Inactive(file):  1559520 kB
Unevictable:        5532 kB
Mlocked:            5532 kB
SwapTotal:       3145724 kB
SwapFree:        3145724 kB
Dirty:               560 kB
Writeback:             0 kB
AnonPages:       1371548 kB
Mapped:           873980 kB
Shmem:             26564 kB
KReclaimable:     556292 kB
Slab:             225040 kB
SReclaimable:      76308 kB
SUnreclaim:       148732 kB
KernelStack:       48560 kB
PageTables:        67728 kB
NFS_Unstable:          0 kB
Bounce:                0 kB
WritebackTmp:          0 kB
CommitLimit:     9202288 kB
Committed_AS:   75052616 kB
VmallocTotal:   263061440 kB
VmallocUsed:      105672 kB
VmallocChunk:          0 kB
Percpu:             7648 kB
CmaTotal:         294912 kB
CmaFree:               0 kB
MemTotal:       12113132 kB
MemFree:         6243372 kB
MemAvailable:    7728616 kB
Buffers:            5228 kB
Cached:          1823472 kB
SwapCached:            0 kB
Active:          1611424 kB
Inactive:        1584160 kB
Active(anon):    1373300 kB
Inactive(anon):    24628 kB
Active(file):     238124 kB
Inactive(file):  1559532 kB
Unevictable:        5532 kB
Mlocked:            5532 kB
SwapTotal:       3145724 kB
SwapFree:        3145724 kB
Dirty:               584 kB
Writeback:             0 kB
AnonPages:       1372224 kB
Mapped:           874176 kB
Shmem:             26564 kB
KReclaimable:     556292 kB
Slab:             225040 kB
SReclaimable:      76308 kB
SUnreclaim:       148732 kB
KernelStack:       48496 kB
PageTables:        67624 kB
NFS_Unstable:          0 kB
Bounce:                0 kB
WritebackTmp:          0 kB
CommitLimit:     9202288 kB
Committed_AS:   75059264 kB
VmallocTotal:   263061440 kB
VmallocUsed:      105736 kB
VmallocChunk:          0 kB
Percpu:             7648 kB
CmaTotal:         294912 kB
CmaFree:               0 kB
MemTotal:       12113132 kB
MemFree:         6243700 kB
MemAvailable:    7728960 kB
Buffers:            5228 kB
Cached:          1823488 kB
SwapCached:            0 kB
Active:          1612148 kB
Inactive:        1584176 kB
Active(anon):    1374024 kB
Inactive(anon):    24628 kB
Active(file):     238124 kB
Inactive(file):  1559548 kB
Unevictable:        5532 kB
Mlocked:            5532 kB
SwapTotal:       3145724 kB
SwapFree:        3145724 kB
Dirty:               244 kB
Writeback:             0 kB
AnonPages:       1372768 kB
Mapped:           874172 kB
Shmem:             26564 kB
KReclaimable:     556292 kB
Slab:             225044 kB
SReclaimable:      76308 kB
SUnreclaim:       148736 kB
KernelStack:       48560 kB
PageTables:        67720 kB
NFS_Unstable:          0 kB
Bounce:                0 kB
WritebackTmp:          0 kB
CommitLimit:     9202288 kB
Committed_AS:   75051860 kB
VmallocTotal:   263061440 kB
VmallocUsed:      105672 kB
VmallocChunk:          0 kB
Percpu:             7648 kB
CmaTotal:         294912 kB
CmaFree:               0 kB
MemTotal:       12113132 kB
MemFree:         6243128 kB
MemAvailable:    7728396 kB
Buffers:            5228 kB
Cached:          1823500 kB
SwapCached:            0 kB
Active:          1612376 kB
Inactive:        1584188 kB
Active(anon):    1374252 kB
Inactive(anon):    24632 kB
Active(file):     238124 kB
Inactive(file):  1559556 kB
Unevictable:        5532 kB
Mlocked:            5532 kB
SwapTotal:       3145724 kB
SwapFree:        3145724 kB
Dirty:               312 kB
Writeback:             0 kB
AnonPages:       1373368 kB
Mapped:           874180 kB
Shmem:             26568 kB
KReclaimable:     556292 kB
Slab:             225044 kB
SReclaimable:      76308 kB
SUnreclaim:       148736 kB
KernelStack:       48512 kB
PageTables:        67600 kB
NFS_Unstable:          0 kB
Bounce:                0 kB
WritebackTmp:          0 kB
CommitLimit:     9202288 kB
Committed_AS:   75049988 kB
VmallocTotal:   263061440 kB
VmallocUsed:      105704 kB
VmallocChunk:          0 kB
Percpu:             7648 kB
CmaTotal:         294912 kB
CmaFree:               0 kB
MemTotal:       12113132 kB
MemFree:         6241564 kB
MemAvailable:    7726860 kB
Buffers:            5228 kB
Cached:          1823528 kB
SwapCached:            0 kB
Active:          1612864 kB
Inactive:        1584216 kB
Active(anon):    1374740 kB
Inactive(anon):    24632 kB
Active(file):     238124 kB
Inactive(file):  1559584 kB
Unevictable:        5532 kB
Mlocked:            5532 kB
SwapTotal:       3145724 kB
SwapFree:        3145724 kB
Dirty:               320 kB
Writeback:             0 kB
AnonPages:       1373928 kB
Mapped:           874176 kB
Shmem:             26568 kB
KReclaimable:     556292 kB
Slab:             225044 kB
SReclaimable:      76308 kB
SUnreclaim:       148736 kB
KernelStack:       48480 kB
PageTables:        67504 kB
NFS_Unstable:          0 kB
Bounce:                0 kB
WritebackTmp:          0 kB
CommitLimit:     9202288 kB
Committed_AS:   75047068 kB
VmallocTotal:   263061440 kB
VmallocUsed:      105672 kB
VmallocChunk:          0 kB
Percpu:             7648 kB
CmaTotal:         294912 kB
CmaFree:               0 kB
MemTotal:       12113132 kB
MemFree:         6240676 kB
MemAvailable:    7725976 kB
Buffers:            5228 kB
Cached:          1823532 kB
SwapCached:            0 kB
Active:          1614320 kB
Inactive:        1584220 kB
Active(anon):    1376196 kB
Inactive(anon):    24632 kB
Active(file):     238124 kB
Inactive(file):  1559588 kB
Unevictable:        5532 kB
Mlocked:            5532 kB
SwapTotal:       3145724 kB
SwapFree:        3145724 kB
Dirty:               364 kB
Writeback:             0 kB
AnonPages:       1375600 kB
Mapped:           874184 kB
Shmem:             26568 kB
KReclaimable:     556292 kB
Slab:             225048 kB
SReclaimable:      76308 kB
SUnreclaim:       148740 kB
KernelStack:       48512 kB
PageTables:        67624 kB
NFS_Unstable:          0 kB
Bounce:                0 kB
WritebackTmp:          0 kB
CommitLimit:     9202288 kB
Committed_AS:   75045408 kB
VmallocTotal:   263061440 kB
VmallocUsed:      105704 kB
