MemTotal:       12113140 kB
MemFree:         6874664 kB
MemAvailable:    8264436 kB
Buffers:            6000 kB
Cached:          1628996 kB
SwapCached:            0 kB
Active:          1323076 kB
Inactive:        1421576 kB
Active(anon):    1116116 kB
Inactive(anon):    20312 kB
Active(file):     206960 kB
Inactive(file):  1401264 kB
Unevictable:        5556 kB
Mlocked:            5556 kB
SwapTotal:       3145724 kB
SwapFree:        3145724 kB
Dirty:               116 kB
Writeback:             0 kB
AnonPages:       1115212 kB
Mapped:           811412 kB
Shmem:             22252 kB
KReclaimable:     650252 kB
Slab:             204892 kB
SReclaimable:      67700 kB
SUnreclaim:       137192 kB
KernelStack:       42112 kB
PageTables:        56336 kB
NFS_Unstable:          0 kB
Bounce:                0 kB
WritebackTmp:          0 kB
CommitLimit:     9202292 kB
Committed_AS:   57829328 kB
VmallocTotal:   263061440 kB
VmallocUsed:       99040 kB
VmallocChunk:          0 kB
Percpu:             7616 kB
CmaTotal:         294912 kB
CmaFree:               0 kB
MemTotal:       12113140 kB
MemFree:         6871916 kB
MemAvailable:    8261696 kB
Buffers:            6008 kB
Cached:          1628996 kB
SwapCached:            0 kB
Active:          1324272 kB
Inactive:        1421576 kB
Active(anon):    1117304 kB
Inactive(anon):    20312 kB
Active(file):     206968 kB
Inactive(file):  1401264 kB
Unevictable:        5556 kB
Mlocked:            5556 kB
SwapTotal:       3145724 kB
SwapFree:        3145724 kB
Dirty:               116 kB
Writeback:             0 kB
AnonPages:       1116408 kB
Mapped:           809244 kB
Shmem:             22252 kB
KReclaimable:     650252 kB
Slab:             204892 kB
SReclaimable:      67700 kB
SUnreclaim:       137192 kB
KernelStack:       42128 kB
PageTables:        56344 kB
NFS_Unstable:          0 kB
Bounce:                0 kB
WritebackTmp:          0 kB
CommitLimit:     9202292 kB
Committed_AS:   57838780 kB
VmallocTotal:   263061440 kB
VmallocUsed:       99040 kB
VmallocChunk:          0 kB
Percpu:             7616 kB
CmaTotal:         294912 kB
CmaFree:             132 kB
MemTotal:       12113140 kB
MemFree:         6870812 kB
MemAvailable:    8260600 kB
Buffers:            6008 kB
Cached:          1629004 kB
SwapCached:            0 kB
Active:          1324936 kB
Inactive:        1421584 kB
Active(anon):    1117968 kB
Inactive(anon):    20312 kB
Active(file):     206968 kB
Inactive(file):  1401272 kB
Unevictable:        5556 kB
Mlocked:            5556 kB
SwapTotal:       3145724 kB
SwapFree:        3145724 kB
Dirty:                96 kB
Writeback:             0 kB
AnonPages:       1116740 kB
Mapped:           809244 kB
Shmem:             22252 kB
KReclaimable:     650252 kB
Slab:             204892 kB
SReclaimable:      67700 kB
SUnreclaim:       137192 kB
KernelStack:       42128 kB
PageTables:        56344 kB
NFS_Unstable:          0 kB
Bounce:                0 kB
WritebackTmp:          0 kB
CommitLimit:     9202292 kB
Committed_AS:   57834396 kB
VmallocTotal:   263061440 kB
VmallocUsed:       99040 kB
VmallocChunk:          0 kB
Percpu:             7616 kB
CmaTotal:         294912 kB
CmaFree:               0 kB
MemTotal:       12113140 kB
MemFree:         6870896 kB
MemAvailable:    8260676 kB
Buffers:            6008 kB
Cached:          1628996 kB
SwapCached:            0 kB
Active:          1325224 kB
Inactive:        1421580 kB
Active(anon):    1118260 kB
Inactive(anon):    20312 kB
Active(file):     206964 kB
Inactive(file):  1401268 kB
Unevictable:        5556 kB
Mlocked:            5556 kB
SwapTotal:       3145724 kB
SwapFree:        3145724 kB
Dirty:                92 kB
Writeback:             0 kB
AnonPages:       1117556 kB
Mapped:           808984 kB
Shmem:             22252 kB
KReclaimable:     650252 kB
Slab:             204896 kB
SReclaimable:      67700 kB
SUnreclaim:       137196 kB
KernelStack:       42128 kB
PageTables:        56344 kB
NFS_Unstable:          0 kB
Bounce:                0 kB
WritebackTmp:          0 kB
CommitLimit:     9202292 kB
Committed_AS:   57834212 kB
VmallocTotal:   263061440 kB
VmallocUsed:       99056 kB
VmallocChunk:          0 kB
Percpu:             7616 kB
CmaTotal:         294912 kB
CmaFree:               0 kB
MemTotal:       12113140 kB
MemFree:         6870436 kB
MemAvailable:    8260224 kB
Buffers:            6008 kB
Cached:          1629004 kB
SwapCached:            0 kB
Active:          1325216 kB
Inactive:        1421584 kB
Active(anon):    1118248 kB
Inactive(anon):    20312 kB
Active(file):     206968 kB
Inactive(file):  1401272 kB
Unevictable:        5556 kB
Mlocked:            5556 kB
SwapTotal:       3145724 kB
SwapFree:        3145724 kB
Dirty:                96 kB
Writeback:             0 kB
AnonPages:       1117292 kB
Mapped:           809244 kB
Shmem:             22252 kB
KReclaimable:     650252 kB
Slab:             204896 kB
SReclaimable:      67700 kB
SUnreclaim:       137196 kB
KernelStack:       42128 kB
PageTables:        56344 kB
NFS_Unstable:          0 kB
Bounce:                0 kB
WritebackTmp:          0 kB
CommitLimit:     9202292 kB
Committed_AS:   57833992 kB
VmallocTotal:   263061440 kB
VmallocUsed:       99040 kB
VmallocChunk:          0 kB
Percpu:             7616 kB
CmaTotal:         294912 kB
CmaFree:               0 kB
MemTotal:       12113140 kB
MemFree:         6870852 kB
MemAvailable:    8260640 kB
Buffers:            6008 kB
Cached:          1629004 kB
SwapCached:            0 kB
Active:          1325624 kB
Inactive:        1421584 kB
Active(anon):    1118656 kB
Inactive(anon):    20312 kB
Active(file):     206968 kB
Inactive(file):  1401272 kB
Unevictable:        5556 kB
Mlocked:            5556 kB
SwapTotal:       3145724 kB
SwapFree:        3145724 kB
Dirty:               100 kB
Writeback:             0 kB
AnonPages:       1117872 kB
Mapped:           809244 kB
Shmem:             22252 kB
KReclaimable:     650252 kB
Slab:             204900 kB
SReclaimable:      67700 kB
SUnreclaim:       137200 kB
KernelStack:       42128 kB
PageTables:        56344 kB
NFS_Unstable:          0 kB
Bounce:                0 kB
WritebackTmp:          0 kB
CommitLimit:     9202292 kB
Committed_AS:   57834080 kB
VmallocTotal:   263061440 kB
VmallocUsed:       99040 kB
VmallocChunk:          0 kB
Percpu:             7616 kB
CmaTotal:         294912 kB
CmaFree:               0 kB
MemTotal:       12113140 kB
MemFree:         6869428 kB
MemAvailable:    8259216 kB
Buffers:            6008 kB
Cached:          1629004 kB
SwapCached:            0 kB
Active:          1326016 kB
Inactive:        1421584 kB
Active(anon):    1119048 kB
Inactive(anon):    20312 kB
Active(file):     206968 kB
Inactive(file):  1401272 kB
Unevictable:        5556 kB
Mlocked:            5556 kB
SwapTotal:       3145724 kB
SwapFree:        3145724 kB
Dirty:               124 kB
Writeback:             0 kB
AnonPages:       1118200 kB
Mapped:           808984 kB
Shmem:             22252 kB
KReclaimable:     650252 kB
Slab:             204900 kB
SReclaimable:      67700 kB
SUnreclaim:       137200 kB
KernelStack:       42128 kB
PageTables:        56344 kB
NFS_Unstable:          0 kB
Bounce:                0 kB
WritebackTmp:          0 kB
CommitLimit:     9202292 kB
Committed_AS:   57834036 kB
VmallocTotal:   263061440 kB
VmallocUsed:       99040 kB
VmallocChunk:          0 kB
Percpu:             7616 kB
CmaTotal:         294912 kB
CmaFree:               0 kB
MemTotal:       12113140 kB
MemFree:         6870160 kB
MemAvailable:    8259948 kB
Buffers:            6008 kB
Cached:          1629004 kB
SwapCached:            0 kB
Active:          1326196 kB
Inactive:        1421584 kB
Active(anon):    1119228 kB
Inactive(anon):    20312 kB
Active(file):     206968 kB
Inactive(file):  1401272 kB
Unevictable:        5556 kB
Mlocked:            5556 kB
SwapTotal:       3145724 kB
SwapFree:        3145724 kB
Dirty:               124 kB
Writeback:             0 kB
AnonPages:       1118492 kB
Mapped:           809228 kB
Shmem:             22252 kB
KReclaimable:     650252 kB
Slab:             204900 kB
SReclaimable:      67700 kB
SUnreclaim:       137200 kB
KernelStack:       42192 kB
PageTables:        56272 kB
NFS_Unstable:          0 kB
Bounce:                0 kB
WritebackTmp:          0 kB
CommitLimit:     9202292 kB
Committed_AS:   57834312 kB
VmallocTotal:   263061440 kB
VmallocUsed:       99056 kB
VmallocChunk:          0 kB
Percpu:             7616 kB
CmaTotal:         294912 kB
CmaFree:               0 kB
MemTotal:       12113140 kB
MemFree:         6869580 kB
MemAvailable:    8259368 kB
Buffers:            6008 kB
Cached:          1629004 kB
SwapCached:            0 kB
Active:          1327360 kB
Inactive:        1421584 kB
Active(anon):    1120392 kB
Inactive(anon):    20312 kB
Active(file):     206968 kB
Inactive(file):  1401272 kB
Unevictable:        5556 kB
Mlocked:            5556 kB
SwapTotal:       3145724 kB
SwapFree:        3145724 kB
Dirty:                72 kB
Writeback:             0 kB
AnonPages:       1119248 kB
Mapped:           809244 kB
Shmem:             22252 kB
KReclaimable:     650252 kB
Slab:             204904 kB
SReclaimable:      67700 kB
SUnreclaim:       137204 kB
KernelStack:       42192 kB
PageTables:        56344 kB
NFS_Unstable:          0 kB
Bounce:                0 kB
WritebackTmp:          0 kB
CommitLimit:     9202292 kB
Committed_AS:   57833720 kB
VmallocTotal:   263061440 kB
VmallocUsed:       99056 kB
VmallocChunk:          0 kB
Percpu:             7616 kB
CmaTotal:         294912 kB
CmaFree:               0 kB
MemTotal:       12113140 kB
MemFree:         6869164 kB
MemAvailable:    8258952 kB
Buffers:            6008 kB
Cached:          1629004 kB
SwapCached:            0 kB
Active:          1327464 kB
Inactive:        1421584 kB
Active(anon):    1120496 kB
Inactive(anon):    20312 kB
Active(file):     206968 kB
Inactive(file):  1401272 kB
Unevictable:        5556 kB
Mlocked:            5556 kB
SwapTotal:       3145724 kB
SwapFree:        3145724 kB
Dirty:                72 kB
Writeback:             0 kB
AnonPages:       1119852 kB
Mapped:           809244 kB
Shmem:             22252 kB
KReclaimable:     650252 kB
Slab:             204904 kB
SReclaimable:      67700 kB
SUnreclaim:       137204 kB
KernelStack:       42224 kB
PageTables:        56344 kB
NFS_Unstable:          0 kB
Bounce:                0 kB
WritebackTmp:          0 kB
CommitLimit:     9202292 kB
Committed_AS:   57833500 kB
VmallocTotal:   263061440 kB
VmallocUsed:       99056 kB
VmallocChunk:          0 kB
Percpu:             7616 kB
CmaTotal:         294912 kB
CmaFree:               0 kB
MemTotal:       12113140 kB
MemFree:         6868536 kB
MemAvailable:    8258324 kB
Buffers:            6008 kB
Cached:          1629004 kB
SwapCached:            0 kB
Active:          1327504 kB
Inactive:        1421584 kB
Active(anon):    1120536 kB
Inactive(anon):    20312 kB
Active(file):     206968 kB
Inactive(file):  1401272 kB
Unevictable:        5556 kB
Mlocked:            5556 kB
SwapTotal:       3145724 kB
SwapFree:        3145724 kB
Dirty:                72 kB
Writeback:             0 kB
AnonPages:       1119984 kB
Mapped:           809244 kB
Shmem:             22252 kB
KReclaimable:     650252 kB
Slab:             204904 kB
SReclaimable:      67700 kB
SUnreclaim:       137204 kB
KernelStack:       42192 kB
PageTables:        56344 kB
NFS_Unstable:          0 kB
Bounce:                0 kB
WritebackTmp:          0 kB
CommitLimit:     9202292 kB
Committed_AS:   57836948 kB
VmallocTotal:   263061440 kB
VmallocUsed:       99072 kB
VmallocChunk:          0 kB
Percpu:             7616 kB
CmaTotal:         294912 kB
CmaFree:               0 kB
MemTotal:       12113140 kB
MemFree:         6868340 kB
MemAvailable:    8258132 kB
Buffers:            6008 kB
Cached:          1629008 kB
SwapCached:            0 kB
Active:          1328192 kB
Inactive:        1421588 kB
Active(anon):    1121224 kB
Inactive(anon):    20312 kB
Active(file):     206968 kB
Inactive(file):  1401276 kB
Unevictable:        5556 kB
Mlocked:            5556 kB
SwapTotal:       3145724 kB
SwapFree:        3145724 kB
Dirty:               108 kB
Writeback:             0 kB
AnonPages:       1120624 kB
Mapped:           808984 kB
Shmem:             22252 kB
KReclaimable:     650252 kB
Slab:             204904 kB
SReclaimable:      67700 kB
SUnreclaim:       137204 kB
KernelStack:       42192 kB
PageTables:        56344 kB
NFS_Unstable:          0 kB
Bounce:                0 kB
WritebackTmp:          0 kB
CommitLimit:     9202292 kB
Committed_AS:   57836596 kB
VmallocTotal:   263061440 kB
VmallocUsed:       99072 kB
VmallocChunk:          0 kB
Percpu:             7616 kB
CmaTotal:         294912 kB
CmaFree:              12 kB
MemTotal:       12113140 kB
MemFree:         6867424 kB
MemAvailable:    8257216 kB
Buffers:            6008 kB
Cached:          1629008 kB
SwapCached:            0 kB
Active:          1328652 kB
Inactive:        1421588 kB
Active(anon):    1121684 kB
Inactive(anon):    20312 kB
Active(file):     206968 kB
Inactive(file):  1401276 kB
Unevictable:        5556 kB
Mlocked:            5556 kB
SwapTotal:       3145724 kB
SwapFree:        3145724 kB
Dirty:               108 kB
Writeback:             0 kB
AnonPages:       1120880 kB
Mapped:           809244 kB
Shmem:             22252 kB
KReclaimable:     650252 kB
Slab:             204896 kB
SReclaimable:      67700 kB
SUnreclaim:       137196 kB
KernelStack:       42176 kB
PageTables:        56344 kB
NFS_Unstable:          0 kB
Bounce:                0 kB
WritebackTmp:          0 kB
CommitLimit:     9202292 kB
Committed_AS:   57836464 kB
VmallocTotal:   263061440 kB
VmallocUsed:       99056 kB
VmallocChunk:          0 kB
Percpu:             7616 kB
CmaTotal:         294912 kB
CmaFree:               0 kB
MemTotal:       12113140 kB
MemFree:         6867864 kB
MemAvailable:    8257656 kB
Buffers:            6008 kB
Cached:          1629008 kB
SwapCached:            0 kB
Active:          1327524 kB
Inactive:        1421588 kB
Active(anon):    1120556 kB
Inactive(anon):    20312 kB
Active(file):     206968 kB
Inactive(file):  1401276 kB
Unevictable:        5556 kB
Mlocked:            5556 kB
SwapTotal:       3145724 kB
SwapFree:        3145724 kB
Dirty:               144 kB
Writeback:             0 kB
AnonPages:       1120004 kB
Mapped:           809244 kB
Shmem:             22252 kB
KReclaimable:     650252 kB
Slab:             204896 kB
SReclaimable:      67700 kB
SUnreclaim:       137196 kB
KernelStack:       42192 kB
PageTables:        56472 kB
NFS_Unstable:          0 kB
Bounce:                0 kB
WritebackTmp:          0 kB
CommitLimit:     9202292 kB
Committed_AS:   57836624 kB
VmallocTotal:   263061440 kB
VmallocUsed:       99040 kB
VmallocChunk:          0 kB
Percpu:             7616 kB
CmaTotal:         294912 kB
CmaFree:               0 kB
MemTotal:       12113140 kB
MemFree:         6867756 kB
MemAvailable:    8257548 kB
Buffers:            6008 kB
Cached:          1629008 kB
SwapCached:            0 kB
Active:          1327864 kB
Inactive:        1421588 kB
Active(anon):    1120896 kB
Inactive(anon):    20312 kB
Active(file):     206968 kB
Inactive(file):  1401276 kB
Unevictable:        5556 kB
Mlocked:            5556 kB
SwapTotal:       3145724 kB
SwapFree:        3145724 kB
Dirty:               144 kB
Writeback:             0 kB
AnonPages:       1120212 kB
Mapped:           809244 kB
Shmem:             22252 kB
KReclaimable:     650252 kB
Slab:             204900 kB
SReclaimable:      67700 kB
SUnreclaim:       137200 kB
KernelStack:       42160 kB
PageTables:        56344 kB
NFS_Unstable:          0 kB
Bounce:                0 kB
WritebackTmp:          0 kB
CommitLimit:     9202292 kB
Committed_AS:   57836264 kB
VmallocTotal:   263061440 kB
VmallocUsed:       99008 kB
VmallocChunk:          0 kB
Percpu:             7616 kB
CmaTotal:         294912 kB
CmaFree:               0 kB
MemTotal:       12113140 kB
MemFree:         6867416 kB
MemAvailable:    8257208 kB
Buffers:            6008 kB
Cached:          1629008 kB
SwapCached:            0 kB
Active:          1328268 kB
Inactive:        1421588 kB
Active(anon):    1121300 kB
Inactive(anon):    20312 kB
Active(file):     206968 kB
Inactive(file):  1401276 kB
Unevictable:        5556 kB
Mlocked:            5556 kB
SwapTotal:       3145724 kB
SwapFree:        3145724 kB
Dirty:               152 kB
Writeback:             0 kB
AnonPages:       1120664 kB
Mapped:           809244 kB
Shmem:             22252 kB
KReclaimable:     650252 kB
Slab:             204900 kB
SReclaimable:      67700 kB
SUnreclaim:       137200 kB
KernelStack:       42160 kB
PageTables:        56348 kB
NFS_Unstable:          0 kB
Bounce:                0 kB
WritebackTmp:          0 kB
CommitLimit:     9202292 kB
Committed_AS:   57835992 kB
VmallocTotal:   263061440 kB
VmallocUsed:       98976 kB
VmallocChunk:          0 kB
Percpu:             7616 kB
CmaTotal:         294912 kB
CmaFree:               0 kB
MemTotal:       12113140 kB
MemFree:         6867848 kB
MemAvailable:    8257640 kB
Buffers:            6008 kB
Cached:          1629008 kB
SwapCached:            0 kB
Active:          1327596 kB
Inactive:        1421588 kB
Active(anon):    1120628 kB
Inactive(anon):    20312 kB
Active(file):     206968 kB
Inactive(file):  1401276 kB
Unevictable:        5556 kB
Mlocked:            5556 kB
SwapTotal:       3145724 kB
SwapFree:        3145724 kB
Dirty:               152 kB
Writeback:             0 kB
AnonPages:       1119876 kB
Mapped:           809244 kB
Shmem:             22252 kB
KReclaimable:     650252 kB
Slab:             204900 kB
SReclaimable:      67700 kB
SUnreclaim:       137200 kB
KernelStack:       42160 kB
PageTables:        56348 kB
NFS_Unstable:          0 kB
Bounce:                0 kB
WritebackTmp:          0 kB
CommitLimit:     9202292 kB
Committed_AS:   57835904 kB
VmallocTotal:   263061440 kB
VmallocUsed:       98992 kB
VmallocChunk:          0 kB
Percpu:             7616 kB
CmaTotal:         294912 kB
CmaFree:              40 kB
MemTotal:       12113140 kB
MemFree:         6867756 kB
MemAvailable:    8257564 kB
Buffers:            6016 kB
Cached:          1629016 kB
SwapCached:            0 kB
Active:          1327408 kB
Inactive:        1421596 kB
Active(anon):    1120432 kB
Inactive(anon):    20312 kB
Active(file):     206976 kB
Inactive(file):  1401284 kB
Unevictable:        5556 kB
Mlocked:            5556 kB
SwapTotal:       3145724 kB
SwapFree:        3145724 kB
Dirty:               144 kB
Writeback:             0 kB
AnonPages:       1119816 kB
Mapped:           809244 kB
Shmem:             22252 kB
KReclaimable:     650252 kB
Slab:             204900 kB
SReclaimable:      67700 kB
SUnreclaim:       137200 kB
KernelStack:       42160 kB
PageTables:        56348 kB
NFS_Unstable:          0 kB
Bounce:                0 kB
WritebackTmp:          0 kB
CommitLimit:     9202292 kB
Committed_AS:   57835684 kB
VmallocTotal:   263061440 kB
VmallocUsed:       98976 kB
VmallocChunk:          0 kB
Percpu:             7616 kB
CmaTotal:         294912 kB
CmaFree:               0 kB
MemTotal:       12113140 kB
MemFree:         6867500 kB
MemAvailable:    8257308 kB
Buffers:            6016 kB
Cached:          1629016 kB
SwapCached:            0 kB
Active:          1327976 kB
Inactive:        1421596 kB
Active(anon):    1121000 kB
Inactive(anon):    20312 kB
Active(file):     206976 kB
Inactive(file):  1401284 kB
Unevictable:        5556 kB
Mlocked:            5556 kB
SwapTotal:       3145724 kB
SwapFree:        3145724 kB
Dirty:               144 kB
Writeback:             0 kB
AnonPages:       1120148 kB
Mapped:           809244 kB
Shmem:             22252 kB
KReclaimable:     650252 kB
Slab:             204900 kB
SReclaimable:      67700 kB
SUnreclaim:       137200 kB
KernelStack:       42160 kB
PageTables:        56348 kB
NFS_Unstable:          0 kB
Bounce:                0 kB
WritebackTmp:          0 kB
CommitLimit:     9202292 kB
Committed_AS:   57835992 kB
VmallocTotal:   263061440 kB
VmallocUsed:       99008 kB
VmallocChunk:          0 kB
Percpu:             7616 kB
CmaTotal:         294912 kB
CmaFree:               0 kB
MemTotal:       12113140 kB
MemFree:         6866860 kB
MemAvailable:    8256668 kB
Buffers:            6016 kB
Cached:          1629016 kB
SwapCached:            0 kB
Active:          1328276 kB
Inactive:        1421596 kB
Active(anon):    1121300 kB
Inactive(anon):    20312 kB
Active(file):     206976 kB
Inactive(file):  1401284 kB
Unevictable:        5556 kB
Mlocked:            5556 kB
SwapTotal:       3145724 kB
SwapFree:        3145724 kB
Dirty:               144 kB
Writeback:             0 kB
AnonPages:       1120620 kB
Mapped:           809244 kB
Shmem:             22252 kB
KReclaimable:     650252 kB
Slab:             204900 kB
SReclaimable:      67700 kB
SUnreclaim:       137200 kB
KernelStack:       42160 kB
PageTables:        56348 kB
NFS_Unstable:          0 kB
Bounce:                0 kB
WritebackTmp:          0 kB
CommitLimit:     9202292 kB
Committed_AS:   57836432 kB
VmallocTotal:   263061440 kB
VmallocUsed:       99024 kB
VmallocChunk:          0 kB
Percpu:             7616 kB
CmaTotal:         294912 kB
CmaFree:               0 kB
MemTotal:       12113140 kB
MemFree:         6866708 kB
MemAvailable:    8256508 kB
Buffers:            6016 kB
Cached:          1629008 kB
SwapCached:            0 kB
Active:          1328888 kB
Inactive:        1421592 kB
Active(anon):    1121916 kB
Inactive(anon):    20312 kB
Active(file):     206972 kB
Inactive(file):  1401280 kB
Unevictable:        5556 kB
Mlocked:            5556 kB
SwapTotal:       3145724 kB
SwapFree:        3145724 kB
Dirty:               140 kB
Writeback:             0 kB
AnonPages:       1120956 kB
Mapped:           808984 kB
Shmem:             22252 kB
KReclaimable:     650252 kB
Slab:             204900 kB
SReclaimable:      67700 kB
SUnreclaim:       137200 kB
KernelStack:       42160 kB
PageTables:        56348 kB
NFS_Unstable:          0 kB
Bounce:                0 kB
WritebackTmp:          0 kB
CommitLimit:     9202292 kB
Committed_AS:   57836124 kB
VmallocTotal:   263061440 kB
VmallocUsed:       99024 kB
VmallocChunk:          0 kB
Percpu:             7616 kB
CmaTotal:         294912 kB
CmaFree:               0 kB
MemTotal:       12113140 kB
MemFree:         6866864 kB
MemAvailable:    8256672 kB
Buffers:            6016 kB
Cached:          1629016 kB
SwapCached:            0 kB
Active:          1329936 kB
Inactive:        1421596 kB
Active(anon):    1122960 kB
Inactive(anon):    20312 kB
Active(file):     206976 kB
Inactive(file):  1401284 kB
Unevictable:        5556 kB
Mlocked:            5556 kB
SwapTotal:       3145724 kB
SwapFree:        3145724 kB
Dirty:               144 kB
Writeback:             0 kB
AnonPages:       1122100 kB
Mapped:           808984 kB
Shmem:             22252 kB
KReclaimable:     650252 kB
Slab:             204904 kB
SReclaimable:      67700 kB
SUnreclaim:       137204 kB
KernelStack:       42160 kB
PageTables:        56348 kB
NFS_Unstable:          0 kB
Bounce:                0 kB
WritebackTmp:          0 kB
CommitLimit:     9202292 kB
Committed_AS:   57836124 kB
VmallocTotal:   263061440 kB
VmallocUsed:       99024 kB
VmallocChunk:          0 kB
Percpu:             7616 kB
CmaTotal:         294912 kB
CmaFree:               0 kB
MemTotal:       12113140 kB
MemFree:         6866900 kB
MemAvailable:    8256708 kB
Buffers:            6016 kB
Cached:          1629016 kB
SwapCached:            0 kB
Active:          1330488 kB
Inactive:        1421596 kB
Active(anon):    1123512 kB
Inactive(anon):    20312 kB
Active(file):     206976 kB
Inactive(file):  1401284 kB
Unevictable:        5556 kB
Mlocked:            5556 kB
SwapTotal:       3145724 kB
SwapFree:        3145724 kB
Dirty:               144 kB
Writeback:             0 kB
AnonPages:       1122680 kB
Mapped:           808984 kB
Shmem:             22252 kB
KReclaimable:     650252 kB
Slab:             204908 kB
SReclaimable:      67700 kB
SUnreclaim:       137208 kB
KernelStack:       42160 kB
PageTables:        56348 kB
NFS_Unstable:          0 kB
Bounce:                0 kB
WritebackTmp:          0 kB
CommitLimit:     9202292 kB
Committed_AS:   57835860 kB
VmallocTotal:   263061440 kB
VmallocUsed:       99024 kB
VmallocChunk:          0 kB
Percpu:             7616 kB
CmaTotal:         294912 kB
CmaFree:               0 kB
MemTotal:       12113140 kB
MemFree:         6864120 kB
MemAvailable:    8253928 kB
Buffers:            6016 kB
Cached:          1629016 kB
SwapCached:            0 kB
Active:          1331160 kB
Inactive:        1421596 kB
Active(anon):    1124184 kB
Inactive(anon):    20312 kB
Active(file):     206976 kB
Inactive(file):  1401284 kB
Unevictable:        5556 kB
Mlocked:            5556 kB
SwapTotal:       3145724 kB
SwapFree:        3145724 kB
Dirty:               160 kB
Writeback:             0 kB
AnonPages:       1123340 kB
Mapped:           809244 kB
Shmem:             22252 kB
KReclaimable:     650252 kB
Slab:             204908 kB
SReclaimable:      67700 kB
SUnreclaim:       137208 kB
KernelStack:       42192 kB
PageTables:        56348 kB
NFS_Unstable:          0 kB
Bounce:                0 kB
WritebackTmp:          0 kB
CommitLimit:     9202292 kB
Committed_AS:   57835948 kB
VmallocTotal:   263061440 kB
VmallocUsed:       99072 kB
VmallocChunk:          0 kB
Percpu:             7616 kB
CmaTotal:         294912 kB
CmaFree:               0 kB
MemTotal:       12113140 kB
MemFree:         6863552 kB
MemAvailable:    8253360 kB
Buffers:            6016 kB
Cached:          1629016 kB
SwapCached:            0 kB
Active:          1331060 kB
Inactive:        1421596 kB
Active(anon):    1124084 kB
Inactive(anon):    20312 kB
Active(file):     206976 kB
Inactive(file):  1401284 kB
Unevictable:        5556 kB
Mlocked:            5556 kB
SwapTotal:       3145724 kB
SwapFree:        3145724 kB
Dirty:               184 kB
Writeback:             0 kB
AnonPages:       1123368 kB
Mapped:           809244 kB
Shmem:             22252 kB
KReclaimable:     650252 kB
Slab:             204908 kB
SReclaimable:      67700 kB
SUnreclaim:       137208 kB
KernelStack:       42192 kB
PageTables:        56348 kB
NFS_Unstable:          0 kB
Bounce:                0 kB
WritebackTmp:          0 kB
CommitLimit:     9202292 kB
Committed_AS:   57836028 kB
VmallocTotal:   263061440 kB
VmallocUsed:       99056 kB
VmallocChunk:          0 kB
Percpu:             7616 kB
CmaTotal:         294912 kB
CmaFree:               0 kB
MemTotal:       12113140 kB
MemFree:         6863928 kB
MemAvailable:    8253736 kB
Buffers:            6016 kB
Cached:          1629016 kB
SwapCached:            0 kB
Active:          1331580 kB
Inactive:        1421596 kB
Active(anon):    1124604 kB
Inactive(anon):    20312 kB
Active(file):     206976 kB
Inactive(file):  1401284 kB
Unevictable:        5556 kB
Mlocked:            5556 kB
SwapTotal:       3145724 kB
SwapFree:        3145724 kB
Dirty:               184 kB
Writeback:             0 kB
AnonPages:       1123772 kB
Mapped:           809180 kB
Shmem:             22252 kB
KReclaimable:     650252 kB
Slab:             204908 kB
SReclaimable:      67700 kB
SUnreclaim:       137208 kB
KernelStack:       42192 kB
PageTables:        56380 kB
NFS_Unstable:          0 kB
Bounce:                0 kB
WritebackTmp:          0 kB
CommitLimit:     9202292 kB
Committed_AS:   57830152 kB
VmallocTotal:   263061440 kB
VmallocUsed:       99040 kB
VmallocChunk:          0 kB
Percpu:             7616 kB
CmaTotal:         294912 kB
CmaFree:               0 kB
MemTotal:       12113140 kB
MemFree:         6863740 kB
MemAvailable:    8253564 kB
Buffers:            6016 kB
Cached:          1629028 kB
SwapCached:            0 kB
Active:          1332152 kB
Inactive:        1421604 kB
Active(anon):    1125172 kB
Inactive(anon):    20312 kB
Active(file):     206980 kB
Inactive(file):  1401292 kB
Unevictable:        5556 kB
Mlocked:            5556 kB
SwapTotal:       3145724 kB
SwapFree:        3145724 kB
Dirty:               204 kB
Writeback:             0 kB
AnonPages:       1124352 kB
Mapped:           809244 kB
Shmem:             22252 kB
KReclaimable:     650256 kB
Slab:             204916 kB
SReclaimable:      67704 kB
SUnreclaim:       137212 kB
KernelStack:       42192 kB
PageTables:        56348 kB
NFS_Unstable:          0 kB
Bounce:                0 kB
WritebackTmp:          0 kB
CommitLimit:     9202292 kB
Committed_AS:   57836236 kB
VmallocTotal:   263061440 kB
VmallocUsed:       99056 kB
VmallocChunk:          0 kB
Percpu:             7616 kB
CmaTotal:         294912 kB
CmaFree:               0 kB
MemTotal:       12113140 kB
MemFree:         6864232 kB
MemAvailable:    8254048 kB
Buffers:            6016 kB
Cached:          1629020 kB
SwapCached:            0 kB
Active:          1331724 kB
Inactive:        1421600 kB
Active(anon):    1124748 kB
Inactive(anon):    20312 kB
Active(file):     206976 kB
Inactive(file):  1401288 kB
Unevictable:        5556 kB
Mlocked:            5556 kB
SwapTotal:       3145724 kB
SwapFree:        3145724 kB
Dirty:               204 kB
Writeback:             0 kB
AnonPages:       1123936 kB
Mapped:           809244 kB
Shmem:             22252 kB
KReclaimable:     650256 kB
Slab:             204920 kB
SReclaimable:      67704 kB
SUnreclaim:       137216 kB
KernelStack:       42192 kB
PageTables:        56348 kB
NFS_Unstable:          0 kB
Bounce:                0 kB
WritebackTmp:          0 kB
CommitLimit:     9202292 kB
Committed_AS:   57836052 kB
VmallocTotal:   263061440 kB
VmallocUsed:       99040 kB
VmallocChunk:          0 kB
Percpu:             7616 kB
CmaTotal:         294912 kB
CmaFree:               0 kB
MemTotal:       12113140 kB
MemFree:         6863868 kB
MemAvailable:    8253684 kB
Buffers:            6016 kB
Cached:          1629020 kB
SwapCached:            0 kB
Active:          1331852 kB
Inactive:        1421600 kB
Active(anon):    1124876 kB
Inactive(anon):    20312 kB
Active(file):     206976 kB
Inactive(file):  1401288 kB
Unevictable:        5556 kB
Mlocked:            5556 kB
SwapTotal:       3145724 kB
SwapFree:        3145724 kB
Dirty:               204 kB
Writeback:             0 kB
AnonPages:       1123896 kB
Mapped:           809244 kB
Shmem:             22252 kB
KReclaimable:     650256 kB
Slab:             204920 kB
SReclaimable:      67704 kB
SUnreclaim:       137216 kB
KernelStack:       42192 kB
PageTables:        56348 kB
NFS_Unstable:          0 kB
Bounce:                0 kB
WritebackTmp:          0 kB
CommitLimit:     9202292 kB
Committed_AS:   57835780 kB
VmallocTotal:   263061440 kB
VmallocUsed:       99056 kB
VmallocChunk:          0 kB
Percpu:             7616 kB
CmaTotal:         294912 kB
CmaFree:               0 kB
MemTotal:       12113140 kB
MemFree:         6864344 kB
MemAvailable:    8254160 kB
Buffers:            6016 kB
Cached:          1629020 kB
SwapCached:            0 kB
Active:          1332216 kB
Inactive:        1421600 kB
Active(anon):    1125240 kB
Inactive(anon):    20312 kB
Active(file):     206976 kB
Inactive(file):  1401288 kB
Unevictable:        5556 kB
Mlocked:            5556 kB
SwapTotal:       3145724 kB
SwapFree:        3145724 kB
Dirty:               204 kB
Writeback:             0 kB
AnonPages:       1124556 kB
Mapped:           808984 kB
Shmem:             22252 kB
KReclaimable:     650256 kB
Slab:             204920 kB
SReclaimable:      67704 kB
SUnreclaim:       137216 kB
KernelStack:       42192 kB
PageTables:        56464 kB
NFS_Unstable:          0 kB
Bounce:                0 kB
WritebackTmp:          0 kB
CommitLimit:     9202292 kB
Committed_AS:   57835908 kB
VmallocTotal:   263061440 kB
VmallocUsed:       99040 kB
VmallocChunk:          0 kB
Percpu:             7616 kB
CmaTotal:         294912 kB
CmaFree:               0 kB
MemTotal:       12113140 kB
MemFree:         6862852 kB
MemAvailable:    8252668 kB
Buffers:            6016 kB
Cached:          1629020 kB
SwapCached:            0 kB
Active:          1333148 kB
Inactive:        1421600 kB
Active(anon):    1126172 kB
Inactive(anon):    20312 kB
Active(file):     206976 kB
Inactive(file):  1401288 kB
Unevictable:        5556 kB
Mlocked:            5556 kB
SwapTotal:       3145724 kB
SwapFree:        3145724 kB
Dirty:               204 kB
Writeback:             0 kB
AnonPages:       1125244 kB
Mapped:           809248 kB
Shmem:             22252 kB
KReclaimable:     650256 kB
Slab:             204920 kB
SReclaimable:      67704 kB
SUnreclaim:       137216 kB
KernelStack:       42192 kB
PageTables:        56348 kB
NFS_Unstable:          0 kB
Bounce:                0 kB
WritebackTmp:          0 kB
CommitLimit:     9202292 kB
Committed_AS:   57836400 kB
VmallocTotal:   263061440 kB
VmallocUsed:       99056 kB
VmallocChunk:          0 kB
Percpu:             7616 kB
CmaTotal:         294912 kB
CmaFree:               0 kB
MemTotal:       12113140 kB
MemFree:         6863528 kB
MemAvailable:    8253352 kB
Buffers:            6024 kB
Cached:          1629020 kB
SwapCached:            0 kB
Active:          1334052 kB
Inactive:        1421600 kB
Active(anon):    1127068 kB
Inactive(anon):    20312 kB
Active(file):     206984 kB
Inactive(file):  1401288 kB
Unevictable:        5556 kB
Mlocked:            5556 kB
SwapTotal:       3145724 kB
SwapFree:        3145724 kB
Dirty:               220 kB
Writeback:             0 kB
AnonPages:       1126488 kB
Mapped:           809284 kB
Shmem:             22252 kB
KReclaimable:     650256 kB
Slab:             204920 kB
SReclaimable:      67704 kB
SUnreclaim:       137216 kB
KernelStack:       42192 kB
PageTables:        56348 kB
NFS_Unstable:          0 kB
Bounce:                0 kB
WritebackTmp:          0 kB
CommitLimit:     9202292 kB
Committed_AS:   57836084 kB
VmallocTotal:   263061440 kB
VmallocUsed:       99056 kB
VmallocChunk:          0 kB
Percpu:             7616 kB
CmaTotal:         294912 kB
CmaFree:               0 kB
MemTotal:       12113140 kB
MemFree:         6862168 kB
MemAvailable:    8252000 kB
Buffers:            6024 kB
Cached:          1629028 kB
SwapCached:            0 kB
Active:          1334384 kB
Inactive:        1421608 kB
Active(anon):    1127400 kB
Inactive(anon):    20312 kB
Active(file):     206984 kB
Inactive(file):  1401296 kB
Unevictable:        5556 kB
Mlocked:            5556 kB
SwapTotal:       3145724 kB
SwapFree:        3145724 kB
Dirty:               192 kB
Writeback:             0 kB
AnonPages:       1126408 kB
Mapped:           809284 kB
Shmem:             22252 kB
KReclaimable:     650256 kB
Slab:             204924 kB
SReclaimable:      67704 kB
SUnreclaim:       137220 kB
KernelStack:       42192 kB
PageTables:        56348 kB
NFS_Unstable:          0 kB
Bounce:                0 kB
WritebackTmp:          0 kB
CommitLimit:     9202292 kB
Committed_AS:   57835664 kB
VmallocTotal:   263061440 kB
VmallocUsed:       99040 kB
VmallocChunk:          0 kB
Percpu:             7616 kB
CmaTotal:         294912 kB
CmaFree:               0 kB
MemTotal:       12113140 kB
MemFree:         6871464 kB
MemAvailable:    8261296 kB
Buffers:            6024 kB
Cached:          1629028 kB
SwapCached:            0 kB
Active:          1324884 kB
Inactive:        1421608 kB
Active(anon):    1117900 kB
Inactive(anon):    20312 kB
Active(file):     206984 kB
Inactive(file):  1401296 kB
Unevictable:        5556 kB
Mlocked:            5556 kB
SwapTotal:       3145724 kB
SwapFree:        3145724 kB
Dirty:               192 kB
Writeback:             0 kB
AnonPages:       1117088 kB
Mapped:           809284 kB
Shmem:             22252 kB
KReclaimable:     650256 kB
Slab:             204924 kB
SReclaimable:      67704 kB
SUnreclaim:       137220 kB
KernelStack:       42192 kB
PageTables:        56348 kB
NFS_Unstable:          0 kB
Bounce:                0 kB
WritebackTmp:          0 kB
CommitLimit:     9202292 kB
Committed_AS:   57835628 kB
VmallocTotal:   263061440 kB
VmallocUsed:       99040 kB
VmallocChunk:          0 kB
Percpu:             7616 kB
CmaTotal:         294912 kB
CmaFree:             128 kB
MemTotal:       12113140 kB
MemFree:         6870740 kB
MemAvailable:    8260580 kB
Buffers:            6024 kB
Cached:          1629036 kB
SwapCached:            0 kB
Active:          1325160 kB
Inactive:        1421612 kB
Active(anon):    1118172 kB
Inactive(anon):    20312 kB
Active(file):     206988 kB
Inactive(file):  1401300 kB
Unevictable:        5556 kB
Mlocked:            5556 kB
SwapTotal:       3145724 kB
SwapFree:        3145724 kB
Dirty:               200 kB
Writeback:             0 kB
AnonPages:       1117364 kB
Mapped:           809024 kB
Shmem:             22252 kB
KReclaimable:     650256 kB
Slab:             204924 kB
SReclaimable:      67704 kB
SUnreclaim:       137220 kB
KernelStack:       42192 kB
PageTables:        56348 kB
NFS_Unstable:          0 kB
Bounce:                0 kB
WritebackTmp:          0 kB
CommitLimit:     9202292 kB
Committed_AS:   57835812 kB
VmallocTotal:   263061440 kB
VmallocUsed:       99056 kB
VmallocChunk:          0 kB
Percpu:             7616 kB
CmaTotal:         294912 kB
CmaFree:               0 kB
MemTotal:       12113140 kB
MemFree:         6871196 kB
MemAvailable:    8261028 kB
Buffers:            6024 kB
Cached:          1629028 kB
SwapCached:            0 kB
Active:          1325648 kB
Inactive:        1421608 kB
Active(anon):    1118664 kB
Inactive(anon):    20312 kB
Active(file):     206984 kB
Inactive(file):  1401296 kB
Unevictable:        5556 kB
Mlocked:            5556 kB
SwapTotal:       3145724 kB
SwapFree:        3145724 kB
Dirty:               192 kB
Writeback:             0 kB
AnonPages:       1117852 kB
Mapped:           809024 kB
Shmem:             22252 kB
KReclaimable:     650256 kB
Slab:             204924 kB
SReclaimable:      67704 kB
SUnreclaim:       137220 kB
KernelStack:       42208 kB
PageTables:        56348 kB
NFS_Unstable:          0 kB
Bounce:                0 kB
WritebackTmp:          0 kB
CommitLimit:     9202292 kB
Committed_AS:   57835280 kB
VmallocTotal:   263061440 kB
VmallocUsed:       99088 kB
VmallocChunk:          0 kB
Percpu:             7616 kB
CmaTotal:         294912 kB
CmaFree:               0 kB
MemTotal:       12113140 kB
MemFree:         6869304 kB
MemAvailable:    8259136 kB
Buffers:            6024 kB
Cached:          1629028 kB
SwapCached:            0 kB
Active:          1326240 kB
Inactive:        1421608 kB
Active(anon):    1119256 kB
Inactive(anon):    20312 kB
Active(file):     206984 kB
Inactive(file):  1401296 kB
Unevictable:        5556 kB
Mlocked:            5556 kB
SwapTotal:       3145724 kB
SwapFree:        3145724 kB
Dirty:               192 kB
Writeback:             0 kB
AnonPages:       1118852 kB
Mapped:           809284 kB
Shmem:             22252 kB
KReclaimable:     650256 kB
Slab:             204928 kB
SReclaimable:      67704 kB
SUnreclaim:       137224 kB
KernelStack:       42208 kB
PageTables:        56348 kB
NFS_Unstable:          0 kB
Bounce:                0 kB
WritebackTmp:          0 kB
CommitLimit:     9202292 kB
Committed_AS:   57835776 kB
VmallocTotal:   263061440 kB
VmallocUsed:       99088 kB
VmallocChunk:          0 kB
Percpu:             7616 kB
CmaTotal:         294912 kB
CmaFree:               0 kB
MemTotal:       12113140 kB
MemFree:         6868700 kB
MemAvailable:    8258532 kB
Buffers:            6024 kB
Cached:          1629028 kB
SwapCached:            0 kB
Active:          1326880 kB
Inactive:        1421608 kB
Active(anon):    1119896 kB
Inactive(anon):    20312 kB
Active(file):     206984 kB
Inactive(file):  1401296 kB
Unevictable:        5556 kB
Mlocked:            5556 kB
SwapTotal:       3145724 kB
SwapFree:        3145724 kB
Dirty:               192 kB
Writeback:             0 kB
AnonPages:       1119168 kB
Mapped:           809024 kB
Shmem:             22252 kB
KReclaimable:     650256 kB
Slab:             204928 kB
SReclaimable:      67704 kB
SUnreclaim:       137224 kB
KernelStack:       42208 kB
PageTables:        56348 kB
NFS_Unstable:          0 kB
Bounce:                0 kB
WritebackTmp:          0 kB
CommitLimit:     9202292 kB
Committed_AS:   57835424 kB
VmallocTotal:   263061440 kB
VmallocUsed:       99088 kB
VmallocChunk:          0 kB
Percpu:             7616 kB
CmaTotal:         294912 kB
CmaFree:               0 kB
MemTotal:       12113140 kB
MemFree:         6868804 kB
MemAvailable:    8258636 kB
Buffers:            6024 kB
Cached:          1629028 kB
SwapCached:            0 kB
Active:          1327128 kB
Inactive:        1421608 kB
Active(anon):    1120144 kB
Inactive(anon):    20312 kB
Active(file):     206984 kB
Inactive(file):  1401296 kB
Unevictable:        5556 kB
Mlocked:            5556 kB
SwapTotal:       3145724 kB
SwapFree:        3145724 kB
Dirty:               192 kB
Writeback:             0 kB
AnonPages:       1119392 kB
Mapped:           809024 kB
Shmem:             22252 kB
KReclaimable:     650256 kB
Slab:             204928 kB
SReclaimable:      67704 kB
SUnreclaim:       137224 kB
KernelStack:       42208 kB
PageTables:        56348 kB
NFS_Unstable:          0 kB
Bounce:                0 kB
WritebackTmp:          0 kB
CommitLimit:     9202292 kB
Committed_AS:   57835644 kB
VmallocTotal:   263061440 kB
VmallocUsed:       99088 kB
VmallocChunk:          0 kB
Percpu:             7616 kB
CmaTotal:         294912 kB
CmaFree:               0 kB
MemTotal:       12113140 kB
MemFree:         6868764 kB
MemAvailable:    8258596 kB
Buffers:            6024 kB
Cached:          1629028 kB
SwapCached:            0 kB
Active:          1327584 kB
Inactive:        1421608 kB
Active(anon):    1120600 kB
Inactive(anon):    20312 kB
Active(file):     206984 kB
Inactive(file):  1401296 kB
Unevictable:        5556 kB
Mlocked:            5556 kB
SwapTotal:       3145724 kB
SwapFree:        3145724 kB
Dirty:               192 kB
Writeback:             0 kB
AnonPages:       1119844 kB
Mapped:           809284 kB
Shmem:             22252 kB
KReclaimable:     650256 kB
Slab:             204928 kB
SReclaimable:      67704 kB
SUnreclaim:       137224 kB
KernelStack:       42208 kB
PageTables:        56348 kB
NFS_Unstable:          0 kB
Bounce:                0 kB
WritebackTmp:          0 kB
CommitLimit:     9202292 kB
Committed_AS:   57836184 kB
VmallocTotal:   263061440 kB
VmallocUsed:       99072 kB
VmallocChunk:          0 kB
Percpu:             7616 kB
CmaTotal:         294912 kB
CmaFree:               0 kB
MemTotal:       12113140 kB
MemFree:         6867820 kB
MemAvailable:    8257644 kB
Buffers:            6024 kB
Cached:          1629020 kB
SwapCached:            0 kB
Active:          1328032 kB
Inactive:        1421604 kB
Active(anon):    1121052 kB
Inactive(anon):    20312 kB
Active(file):     206980 kB
Inactive(file):  1401292 kB
Unevictable:        5556 kB
Mlocked:            5556 kB
SwapTotal:       3145724 kB
SwapFree:        3145724 kB
Dirty:               188 kB
Writeback:             0 kB
AnonPages:       1120212 kB
Mapped:           809284 kB
Shmem:             22252 kB
KReclaimable:     650256 kB
Slab:             204928 kB
SReclaimable:      67704 kB
SUnreclaim:       137224 kB
KernelStack:       42208 kB
PageTables:        56348 kB
NFS_Unstable:          0 kB
Bounce:                0 kB
WritebackTmp:          0 kB
CommitLimit:     9202292 kB
Committed_AS:   57836008 kB
VmallocTotal:   263061440 kB
VmallocUsed:       99072 kB
VmallocChunk:          0 kB
Percpu:             7616 kB
CmaTotal:         294912 kB
CmaFree:               0 kB
MemTotal:       12113140 kB
MemFree:         6867696 kB
MemAvailable:    8257528 kB
Buffers:            6024 kB
Cached:          1629028 kB
SwapCached:            0 kB
Active:          1328348 kB
Inactive:        1421608 kB
Active(anon):    1121364 kB
Inactive(anon):    20312 kB
Active(file):     206984 kB
Inactive(file):  1401296 kB
Unevictable:        5556 kB
Mlocked:            5556 kB
SwapTotal:       3145724 kB
SwapFree:        3145724 kB
Dirty:               192 kB
Writeback:             0 kB
AnonPages:       1120760 kB
Mapped:           809284 kB
Shmem:             22252 kB
KReclaimable:     650256 kB
Slab:             204928 kB
SReclaimable:      67704 kB
SUnreclaim:       137224 kB
KernelStack:       42208 kB
PageTables:        56348 kB
NFS_Unstable:          0 kB
Bounce:                0 kB
WritebackTmp:          0 kB
CommitLimit:     9202292 kB
Committed_AS:   57835832 kB
VmallocTotal:   263061440 kB
VmallocUsed:       99056 kB
VmallocChunk:          0 kB
Percpu:             7616 kB
CmaTotal:         294912 kB
CmaFree:               0 kB
MemTotal:       12113140 kB
MemFree:         6867572 kB
MemAvailable:    8257408 kB
Buffers:            6024 kB
Cached:          1629032 kB
SwapCached:            0 kB
Active:          1328928 kB
Inactive:        1421612 kB
Active(anon):    1121944 kB
Inactive(anon):    20312 kB
Active(file):     206984 kB
Inactive(file):  1401300 kB
Unevictable:        5556 kB
Mlocked:            5556 kB
SwapTotal:       3145724 kB
SwapFree:        3145724 kB
Dirty:               208 kB
Writeback:             0 kB
AnonPages:       1121048 kB
Mapped:           809284 kB
Shmem:             22252 kB
KReclaimable:     650256 kB
Slab:             204932 kB
SReclaimable:      67704 kB
SUnreclaim:       137228 kB
KernelStack:       42208 kB
PageTables:        56348 kB
NFS_Unstable:          0 kB
Bounce:                0 kB
WritebackTmp:          0 kB
CommitLimit:     9202292 kB
Committed_AS:   57835168 kB
VmallocTotal:   263061440 kB
VmallocUsed:       99056 kB
VmallocChunk:          0 kB
Percpu:             7616 kB
CmaTotal:         294912 kB
CmaFree:               0 kB
MemTotal:       12113140 kB
MemFree:         6866412 kB
MemAvailable:    8256248 kB
Buffers:            6024 kB
Cached:          1629032 kB
SwapCached:            0 kB
Active:          1329548 kB
Inactive:        1421612 kB
Active(anon):    1122564 kB
Inactive(anon):    20312 kB
Active(file):     206984 kB
Inactive(file):  1401300 kB
Unevictable:        5556 kB
Mlocked:            5556 kB
SwapTotal:       3145724 kB
SwapFree:        3145724 kB
Dirty:               208 kB
Writeback:             0 kB
AnonPages:       1121904 kB
Mapped:           809284 kB
Shmem:             22252 kB
KReclaimable:     650256 kB
Slab:             204932 kB
SReclaimable:      67704 kB
SUnreclaim:       137228 kB
KernelStack:       42208 kB
PageTables:        56348 kB
NFS_Unstable:          0 kB
Bounce:                0 kB
WritebackTmp:          0 kB
CommitLimit:     9202292 kB
Committed_AS:   57835124 kB
VmallocTotal:   263061440 kB
VmallocUsed:       99056 kB
VmallocChunk:          0 kB
Percpu:             7616 kB
CmaTotal:         294912 kB
CmaFree:               0 kB
MemTotal:       12113140 kB
MemFree:         6866156 kB
MemAvailable:    8255992 kB
Buffers:            6024 kB
Cached:          1629032 kB
SwapCached:            0 kB
Active:          1329852 kB
Inactive:        1421612 kB
Active(anon):    1122868 kB
Inactive(anon):    20312 kB
Active(file):     206984 kB
Inactive(file):  1401300 kB
Unevictable:        5556 kB
Mlocked:            5556 kB
SwapTotal:       3145724 kB
SwapFree:        3145724 kB
Dirty:                92 kB
Writeback:             0 kB
AnonPages:       1122172 kB
Mapped:           809284 kB
Shmem:             22252 kB
KReclaimable:     650256 kB
Slab:             204932 kB
SReclaimable:      67704 kB
SUnreclaim:       137228 kB
KernelStack:       42208 kB
PageTables:        56348 kB
NFS_Unstable:          0 kB
Bounce:                0 kB
WritebackTmp:          0 kB
CommitLimit:     9202292 kB
Committed_AS:   57834684 kB
VmallocTotal:   263061440 kB
VmallocUsed:       99072 kB
VmallocChunk:          0 kB
Percpu:             7616 kB
CmaTotal:         294912 kB
CmaFree:               0 kB
MemTotal:       12113140 kB
MemFree:         6865336 kB
MemAvailable:    8255172 kB
Buffers:            6024 kB
Cached:          1629032 kB
SwapCached:            0 kB
Active:          1330356 kB
Inactive:        1421612 kB
Active(anon):    1123372 kB
Inactive(anon):    20312 kB
Active(file):     206984 kB
Inactive(file):  1401300 kB
Unevictable:        5556 kB
Mlocked:            5556 kB
SwapTotal:       3145724 kB
SwapFree:        3145724 kB
Dirty:                92 kB
Writeback:             0 kB
AnonPages:       1122772 kB
Mapped:           809284 kB
Shmem:             22252 kB
KReclaimable:     650256 kB
Slab:             204932 kB
SReclaimable:      67704 kB
SUnreclaim:       137228 kB
KernelStack:       42208 kB
PageTables:        56348 kB
NFS_Unstable:          0 kB
Bounce:                0 kB
WritebackTmp:          0 kB
CommitLimit:     9202292 kB
Committed_AS:   57834412 kB
VmallocTotal:   263061440 kB
VmallocUsed:       99072 kB
VmallocChunk:          0 kB
Percpu:             7616 kB
CmaTotal:         294912 kB
CmaFree:               0 kB
MemTotal:       12113140 kB
MemFree:         6865096 kB
MemAvailable:    8254916 kB
Buffers:            6024 kB
Cached:          1629016 kB
SwapCached:            0 kB
Active:          1330616 kB
Inactive:        1421600 kB
Active(anon):    1123636 kB
Inactive(anon):    20312 kB
Active(file):     206980 kB
Inactive(file):  1401288 kB
Unevictable:        5556 kB
Mlocked:            5556 kB
SwapTotal:       3145724 kB
SwapFree:        3145724 kB
Dirty:               108 kB
Writeback:             0 kB
AnonPages:       1122728 kB
Mapped:           809284 kB
Shmem:             22252 kB
KReclaimable:     650256 kB
Slab:             204932 kB
SReclaimable:      67704 kB
SUnreclaim:       137228 kB
KernelStack:       42208 kB
PageTables:        56348 kB
NFS_Unstable:          0 kB
Bounce:                0 kB
WritebackTmp:          0 kB
CommitLimit:     9202292 kB
Committed_AS:   57834948 kB
VmallocTotal:   263061440 kB
VmallocUsed:       99072 kB
VmallocChunk:          0 kB
Percpu:             7616 kB
CmaTotal:         294912 kB
CmaFree:               0 kB
MemTotal:       12113140 kB
MemFree:         6864340 kB
MemAvailable:    8254192 kB
Buffers:            6032 kB
Cached:          1629040 kB
SwapCached:            0 kB
Active:          1330880 kB
Inactive:        1421620 kB
Active(anon):    1123888 kB
Inactive(anon):    20312 kB
Active(file):     206992 kB
Inactive(file):  1401308 kB
Unevictable:        5556 kB
Mlocked:            5556 kB
SwapTotal:       3145724 kB
SwapFree:        3145724 kB
Dirty:               100 kB
Writeback:             0 kB
AnonPages:       1123024 kB
Mapped:           809024 kB
Shmem:             22252 kB
KReclaimable:     650256 kB
Slab:             204932 kB
SReclaimable:      67704 kB
SUnreclaim:       137228 kB
KernelStack:       42208 kB
PageTables:        56348 kB
NFS_Unstable:          0 kB
Bounce:                0 kB
WritebackTmp:          0 kB
CommitLimit:     9202292 kB
Committed_AS:   57834764 kB
VmallocTotal:   263061440 kB
VmallocUsed:       99056 kB
VmallocChunk:          0 kB
Percpu:             7616 kB
CmaTotal:         294912 kB
CmaFree:               0 kB
MemTotal:       12113140 kB
MemFree:         6863548 kB
MemAvailable:    8253400 kB
Buffers:            6032 kB
Cached:          1629040 kB
SwapCached:            0 kB
Active:          1331444 kB
Inactive:        1421620 kB
Active(anon):    1124452 kB
Inactive(anon):    20312 kB
Active(file):     206992 kB
Inactive(file):  1401308 kB
Unevictable:        5556 kB
Mlocked:            5556 kB
SwapTotal:       3145724 kB
SwapFree:        3145724 kB
Dirty:               104 kB
Writeback:             0 kB
AnonPages:       1123944 kB
Mapped:           809024 kB
Shmem:             22252 kB
KReclaimable:     650256 kB
Slab:             204936 kB
SReclaimable:      67704 kB
SUnreclaim:       137232 kB
KernelStack:       42208 kB
PageTables:        56348 kB
NFS_Unstable:          0 kB
Bounce:                0 kB
WritebackTmp:          0 kB
CommitLimit:     9202292 kB
Committed_AS:   57835424 kB
VmallocTotal:   263061440 kB
VmallocUsed:       99072 kB
VmallocChunk:          0 kB
Percpu:             7616 kB
CmaTotal:         294912 kB
CmaFree:               0 kB
MemTotal:       12113140 kB
MemFree:         6864344 kB
MemAvailable:    8254196 kB
Buffers:            6032 kB
Cached:          1629040 kB
SwapCached:            0 kB
Active:          1331924 kB
Inactive:        1421620 kB
Active(anon):    1124932 kB
Inactive(anon):    20312 kB
Active(file):     206992 kB
Inactive(file):  1401308 kB
Unevictable:        5556 kB
Mlocked:            5556 kB
SwapTotal:       3145724 kB
SwapFree:        3145724 kB
Dirty:               104 kB
Writeback:             0 kB
AnonPages:       1124032 kB
Mapped:           809268 kB
Shmem:             22252 kB
KReclaimable:     650256 kB
Slab:             204936 kB
SReclaimable:      67704 kB
SUnreclaim:       137232 kB
KernelStack:       42208 kB
PageTables:        56268 kB
NFS_Unstable:          0 kB
Bounce:                0 kB
WritebackTmp:          0 kB
CommitLimit:     9202292 kB
Committed_AS:   57835712 kB
VmallocTotal:   263061440 kB
VmallocUsed:       99072 kB
VmallocChunk:          0 kB
Percpu:             7616 kB
CmaTotal:         294912 kB
CmaFree:               0 kB
MemTotal:       12113140 kB
MemFree:         6863644 kB
MemAvailable:    8253496 kB
Buffers:            6032 kB
Cached:          1629040 kB
SwapCached:            0 kB
Active:          1332772 kB
Inactive:        1421620 kB
Active(anon):    1125780 kB
Inactive(anon):    20312 kB
Active(file):     206992 kB
Inactive(file):  1401308 kB
Unevictable:        5556 kB
Mlocked:            5556 kB
SwapTotal:       3145724 kB
SwapFree:        3145724 kB
Dirty:               104 kB
Writeback:             0 kB
AnonPages:       1125108 kB
Mapped:           809284 kB
Shmem:             22252 kB
KReclaimable:     650256 kB
Slab:             204936 kB
SReclaimable:      67704 kB
SUnreclaim:       137232 kB
KernelStack:       42208 kB
PageTables:        56348 kB
NFS_Unstable:          0 kB
Bounce:                0 kB
WritebackTmp:          0 kB
CommitLimit:     9202292 kB
Committed_AS:   57835316 kB
VmallocTotal:   263061440 kB
VmallocUsed:       99072 kB
VmallocChunk:          0 kB
Percpu:             7616 kB
CmaTotal:         294912 kB
CmaFree:               0 kB
MemTotal:       12113140 kB
MemFree:         6864148 kB
MemAvailable:    8254000 kB
Buffers:            6032 kB
Cached:          1629040 kB
SwapCached:            0 kB
Active:          1331992 kB
Inactive:        1421620 kB
Active(anon):    1125000 kB
Inactive(anon):    20312 kB
Active(file):     206992 kB
Inactive(file):  1401308 kB
Unevictable:        5556 kB
Mlocked:            5556 kB
SwapTotal:       3145724 kB
SwapFree:        3145724 kB
Dirty:               104 kB
Writeback:             0 kB
AnonPages:       1124068 kB
Mapped:           809284 kB
Shmem:             22252 kB
KReclaimable:     650256 kB
Slab:             204936 kB
SReclaimable:      67704 kB
SUnreclaim:       137232 kB
KernelStack:       42208 kB
PageTables:        56348 kB
NFS_Unstable:          0 kB
Bounce:                0 kB
WritebackTmp:          0 kB
CommitLimit:     9202292 kB
Committed_AS:   57835268 kB
VmallocTotal:   263061440 kB
VmallocUsed:       99072 kB
VmallocChunk:          0 kB
Percpu:             7616 kB
CmaTotal:         294912 kB
CmaFree:               0 kB
MemTotal:       12113140 kB
MemFree:         6862816 kB
MemAvailable:    8252660 kB
Buffers:            6032 kB
Cached:          1629036 kB
SwapCached:            0 kB
Active:          1332176 kB
Inactive:        1421620 kB
Active(anon):    1125188 kB
Inactive(anon):    20316 kB
Active(file):     206988 kB
Inactive(file):  1401304 kB
Unevictable:        5556 kB
Mlocked:            5556 kB
SwapTotal:       3145724 kB
SwapFree:        3145724 kB
Dirty:               100 kB
Writeback:             0 kB
AnonPages:       1124504 kB
Mapped:           809028 kB
Shmem:             22256 kB
KReclaimable:     650256 kB
Slab:             204940 kB
SReclaimable:      67704 kB
SUnreclaim:       137236 kB
KernelStack:       42208 kB
PageTables:        56348 kB
NFS_Unstable:          0 kB
Bounce:                0 kB
WritebackTmp:          0 kB
CommitLimit:     9202292 kB
Committed_AS:   57835180 kB
VmallocTotal:   263061440 kB
VmallocUsed:       99072 kB
VmallocChunk:          0 kB
Percpu:             7616 kB
CmaTotal:         294912 kB
CmaFree:               0 kB
MemTotal:       12113140 kB
MemFree:         6863520 kB
MemAvailable:    8253372 kB
Buffers:            6032 kB
Cached:          1629044 kB
SwapCached:            0 kB
Active:          1333272 kB
Inactive:        1421624 kB
Active(anon):    1126280 kB
Inactive(anon):    20316 kB
Active(file):     206992 kB
Inactive(file):  1401308 kB
Unevictable:        5556 kB
Mlocked:            5556 kB
SwapTotal:       3145724 kB
SwapFree:        3145724 kB
Dirty:               104 kB
Writeback:             0 kB
AnonPages:       1125544 kB
Mapped:           809272 kB
Shmem:             22256 kB
KReclaimable:     650256 kB
Slab:             204940 kB
SReclaimable:      67704 kB
SUnreclaim:       137236 kB
KernelStack:       42208 kB
PageTables:        56276 kB
NFS_Unstable:          0 kB
Bounce:                0 kB
WritebackTmp:          0 kB
CommitLimit:     9202292 kB
Committed_AS:   57835152 kB
VmallocTotal:   263061440 kB
VmallocUsed:       99072 kB
VmallocChunk:          0 kB
Percpu:             7616 kB
CmaTotal:         294912 kB
CmaFree:               0 kB
MemTotal:       12113140 kB
MemFree:         6862276 kB
MemAvailable:    8252128 kB
Buffers:            6032 kB
Cached:          1629044 kB
SwapCached:            0 kB
Active:          1333304 kB
Inactive:        1421624 kB
Active(anon):    1126312 kB
Inactive(anon):    20316 kB
Active(file):     206992 kB
Inactive(file):  1401308 kB
Unevictable:        5556 kB
Mlocked:            5556 kB
SwapTotal:       3145724 kB
SwapFree:        3145724 kB
Dirty:               104 kB
Writeback:             0 kB
AnonPages:       1125580 kB
Mapped:           809028 kB
Shmem:             22256 kB
KReclaimable:     650256 kB
Slab:             204940 kB
SReclaimable:      67704 kB
SUnreclaim:       137236 kB
KernelStack:       42208 kB
PageTables:        56348 kB
NFS_Unstable:          0 kB
Bounce:                0 kB
WritebackTmp:          0 kB
CommitLimit:     9202292 kB
Committed_AS:   57834960 kB
VmallocTotal:   263061440 kB
VmallocUsed:       99072 kB
VmallocChunk:          0 kB
Percpu:             7616 kB
CmaTotal:         294912 kB
CmaFree:               4 kB
MemTotal:       12113140 kB
MemFree:         6862524 kB
MemAvailable:    8252376 kB
Buffers:            6032 kB
Cached:          1629044 kB
SwapCached:            0 kB
Active:          1334204 kB
Inactive:        1421624 kB
Active(anon):    1127212 kB
Inactive(anon):    20316 kB
Active(file):     206992 kB
Inactive(file):  1401308 kB
Unevictable:        5556 kB
Mlocked:            5556 kB
SwapTotal:       3145724 kB
SwapFree:        3145724 kB
Dirty:               104 kB
Writeback:             0 kB
AnonPages:       1126436 kB
Mapped:           809028 kB
Shmem:             22256 kB
KReclaimable:     650256 kB
Slab:             204940 kB
SReclaimable:      67704 kB
SUnreclaim:       137236 kB
KernelStack:       42208 kB
PageTables:        56348 kB
NFS_Unstable:          0 kB
Bounce:                0 kB
WritebackTmp:          0 kB
CommitLimit:     9202292 kB
Committed_AS:   57835352 kB
VmallocTotal:   263061440 kB
VmallocUsed:       99072 kB
VmallocChunk:          0 kB
Percpu:             7616 kB
CmaTotal:         294912 kB
CmaFree:               0 kB
MemTotal:       12113140 kB
MemFree:         6862236 kB
MemAvailable:    8252084 kB
Buffers:            6032 kB
Cached:          1629040 kB
SwapCached:            0 kB
Active:          1334384 kB
Inactive:        1421620 kB
Active(anon):    1127392 kB
Inactive(anon):    20316 kB
Active(file):     206992 kB
Inactive(file):  1401304 kB
Unevictable:        5556 kB
Mlocked:            5556 kB
SwapTotal:       3145724 kB
SwapFree:        3145724 kB
Dirty:               104 kB
Writeback:             0 kB
AnonPages:       1126684 kB
Mapped:           809028 kB
Shmem:             22256 kB
KReclaimable:     650256 kB
Slab:             204940 kB
SReclaimable:      67704 kB
SUnreclaim:       137236 kB
KernelStack:       42208 kB
PageTables:        56348 kB
NFS_Unstable:          0 kB
Bounce:                0 kB
WritebackTmp:          0 kB
CommitLimit:     9202292 kB
Committed_AS:   57830472 kB
VmallocTotal:   263061440 kB
VmallocUsed:       99072 kB
VmallocChunk:          0 kB
Percpu:             7616 kB
CmaTotal:         294912 kB
CmaFree:               0 kB
MemTotal:       12113140 kB
MemFree:         6861132 kB
MemAvailable:    8250976 kB
Buffers:            6032 kB
Cached:          1629036 kB
SwapCached:            0 kB
Active:          1335036 kB
Inactive:        1421620 kB
Active(anon):    1128048 kB
Inactive(anon):    20316 kB
Active(file):     206988 kB
Inactive(file):  1401304 kB
Unevictable:        5556 kB
Mlocked:            5556 kB
SwapTotal:       3145724 kB
SwapFree:        3145724 kB
Dirty:               108 kB
Writeback:             0 kB
AnonPages:       1126908 kB
Mapped:           809288 kB
Shmem:             22256 kB
KReclaimable:     650256 kB
Slab:             204940 kB
SReclaimable:      67704 kB
SUnreclaim:       137236 kB
KernelStack:       42208 kB
PageTables:        56360 kB
NFS_Unstable:          0 kB
Bounce:                0 kB
WritebackTmp:          0 kB
CommitLimit:     9202292 kB
Committed_AS:   57830260 kB
VmallocTotal:   263061440 kB
VmallocUsed:       99072 kB
VmallocChunk:          0 kB
Percpu:             7616 kB
CmaTotal:         294912 kB
CmaFree:               0 kB
MemTotal:       12113140 kB
MemFree:         6861596 kB
MemAvailable:    8251456 kB
Buffers:            6032 kB
Cached:          1629052 kB
SwapCached:            0 kB
Active:          1334904 kB
Inactive:        1421632 kB
Active(anon):    1127912 kB
Inactive(anon):    20316 kB
Active(file):     206992 kB
Inactive(file):  1401316 kB
Unevictable:        5556 kB
Mlocked:            5556 kB
SwapTotal:       3145724 kB
SwapFree:        3145724 kB
Dirty:               116 kB
Writeback:             0 kB
AnonPages:       1127036 kB
Mapped:           809028 kB
Shmem:             22256 kB
KReclaimable:     650256 kB
Slab:             204944 kB
SReclaimable:      67704 kB
SUnreclaim:       137240 kB
KernelStack:       42208 kB
PageTables:        56348 kB
NFS_Unstable:          0 kB
Bounce:                0 kB
WritebackTmp:          0 kB
CommitLimit:     9202292 kB
Committed_AS:   57829820 kB
VmallocTotal:   263061440 kB
VmallocUsed:       99072 kB
VmallocChunk:          0 kB
Percpu:             7616 kB
CmaTotal:         294912 kB
CmaFree:               0 kB
MemTotal:       12113140 kB
MemFree:         6861304 kB
MemAvailable:    8251180 kB
Buffers:            6032 kB
Cached:          1629068 kB
SwapCached:            0 kB
Active:          1335384 kB
Inactive:        1421644 kB
Active(anon):    1128388 kB
Inactive(anon):    20316 kB
Active(file):     206996 kB
Inactive(file):  1401328 kB
Unevictable:        5556 kB
Mlocked:            5556 kB
SwapTotal:       3145724 kB
SwapFree:        3145724 kB
Dirty:               116 kB
Writeback:             0 kB
AnonPages:       1127928 kB
Mapped:           809288 kB
Shmem:             22256 kB
KReclaimable:     650256 kB
Slab:             204944 kB
SReclaimable:      67704 kB
SUnreclaim:       137240 kB
KernelStack:       42208 kB
PageTables:        56348 kB
NFS_Unstable:          0 kB
Bounce:                0 kB
WritebackTmp:          0 kB
CommitLimit:     9202292 kB
Committed_AS:   57830336 kB
VmallocTotal:   263061440 kB
VmallocUsed:       99056 kB
VmallocChunk:          0 kB
Percpu:             7616 kB
CmaTotal:         294912 kB
CmaFree:               0 kB
MemTotal:       12113140 kB
MemFree:         6861400 kB
MemAvailable:    8251260 kB
Buffers:            6032 kB
Cached:          1629052 kB
SwapCached:            0 kB
Active:          1335416 kB
Inactive:        1421632 kB
Active(anon):    1128424 kB
Inactive(anon):    20316 kB
Active(file):     206992 kB
Inactive(file):  1401316 kB
Unevictable:        5556 kB
Mlocked:            5556 kB
SwapTotal:       3145724 kB
SwapFree:        3145724 kB
Dirty:               112 kB
Writeback:             0 kB
AnonPages:       1127540 kB
Mapped:           809288 kB
Shmem:             22256 kB
KReclaimable:     650256 kB
Slab:             204944 kB
SReclaimable:      67704 kB
SUnreclaim:       137240 kB
KernelStack:       42208 kB
PageTables:        56348 kB
NFS_Unstable:          0 kB
Bounce:                0 kB
WritebackTmp:          0 kB
CommitLimit:     9202292 kB
Committed_AS:   57829896 kB
VmallocTotal:   263061440 kB
VmallocUsed:       99040 kB
VmallocChunk:          0 kB
Percpu:             7616 kB
CmaTotal:         294912 kB
CmaFree:               0 kB
MemTotal:       12113140 kB
MemFree:         6860512 kB
MemAvailable:    8250372 kB
Buffers:            6032 kB
Cached:          1629052 kB
SwapCached:            0 kB
Active:          1336244 kB
Inactive:        1421636 kB
Active(anon):    1129256 kB
Inactive(anon):    20316 kB
Active(file):     206988 kB
Inactive(file):  1401320 kB
Unevictable:        5556 kB
Mlocked:            5556 kB
SwapTotal:       3145724 kB
SwapFree:        3145724 kB
Dirty:               112 kB
Writeback:             0 kB
AnonPages:       1128340 kB
Mapped:           809288 kB
Shmem:             22256 kB
KReclaimable:     650256 kB
Slab:             204944 kB
SReclaimable:      67704 kB
SUnreclaim:       137240 kB
KernelStack:       42208 kB
PageTables:        56348 kB
NFS_Unstable:          0 kB
Bounce:                0 kB
WritebackTmp:          0 kB
CommitLimit:     9202292 kB
Committed_AS:   57830316 kB
VmallocTotal:   263061440 kB
VmallocUsed:       99056 kB
VmallocChunk:          0 kB
Percpu:             7616 kB
CmaTotal:         294912 kB
CmaFree:               0 kB
MemTotal:       12113140 kB
MemFree:         6859064 kB
MemAvailable:    8248924 kB
Buffers:            6032 kB
Cached:          1629052 kB
SwapCached:            0 kB
Active:          1337024 kB
Inactive:        1421632 kB
Active(anon):    1130032 kB
Inactive(anon):    20316 kB
Active(file):     206992 kB
Inactive(file):  1401316 kB
Unevictable:        5556 kB
Mlocked:            5556 kB
SwapTotal:       3145724 kB
SwapFree:        3145724 kB
Dirty:               100 kB
Writeback:             0 kB
AnonPages:       1129268 kB
Mapped:           809288 kB
Shmem:             22256 kB
KReclaimable:     650256 kB
Slab:             204944 kB
SReclaimable:      67704 kB
SUnreclaim:       137240 kB
KernelStack:       42208 kB
PageTables:        56348 kB
NFS_Unstable:          0 kB
Bounce:                0 kB
WritebackTmp:          0 kB
CommitLimit:     9202292 kB
Committed_AS:   57830184 kB
VmallocTotal:   263061440 kB
VmallocUsed:       99072 kB
VmallocChunk:          0 kB
Percpu:             7616 kB
CmaTotal:         294912 kB
CmaFree:               0 kB
MemTotal:       12113140 kB
MemFree:         6859728 kB
MemAvailable:    8249604 kB
Buffers:            6040 kB
Cached:          1629060 kB
SwapCached:            0 kB
Active:          1337300 kB
Inactive:        1421640 kB
Active(anon):    1130300 kB
Inactive(anon):    20316 kB
Active(file):     207000 kB
Inactive(file):  1401324 kB
Unevictable:        5556 kB
Mlocked:            5556 kB
SwapTotal:       3145724 kB
SwapFree:        3145724 kB
Dirty:               100 kB
Writeback:             0 kB
AnonPages:       1129544 kB
Mapped:           809288 kB
Shmem:             22256 kB
KReclaimable:     650256 kB
Slab:             204944 kB
SReclaimable:      67704 kB
SUnreclaim:       137240 kB
KernelStack:       42208 kB
PageTables:        56348 kB
NFS_Unstable:          0 kB
Bounce:                0 kB
WritebackTmp:          0 kB
CommitLimit:     9202292 kB
Committed_AS:   57830008 kB
VmallocTotal:   263061440 kB
VmallocUsed:       99056 kB
VmallocChunk:          0 kB
Percpu:             7616 kB
CmaTotal:         294912 kB
CmaFree:               0 kB
MemTotal:       12113140 kB
MemFree:         6859228 kB
MemAvailable:    8249104 kB
Buffers:            6040 kB
Cached:          1629060 kB
SwapCached:            0 kB
Active:          1337552 kB
Inactive:        1421640 kB
Active(anon):    1130552 kB
Inactive(anon):    20316 kB
Active(file):     207000 kB
Inactive(file):  1401324 kB
Unevictable:        5556 kB
Mlocked:            5556 kB
SwapTotal:       3145724 kB
SwapFree:        3145724 kB
Dirty:                96 kB
Writeback:             0 kB
AnonPages:       1129784 kB
Mapped:           809028 kB
Shmem:             22256 kB
KReclaimable:     650256 kB
Slab:             204948 kB
SReclaimable:      67704 kB
SUnreclaim:       137244 kB
KernelStack:       42208 kB
PageTables:        56348 kB
NFS_Unstable:          0 kB
Bounce:                0 kB
WritebackTmp:          0 kB
CommitLimit:     9202292 kB
Committed_AS:   57829548 kB
VmallocTotal:   263061440 kB
VmallocUsed:       99056 kB
VmallocChunk:          0 kB
Percpu:             7616 kB
CmaTotal:         294912 kB
CmaFree:               0 kB
MemTotal:       12113140 kB
MemFree:         6858500 kB
MemAvailable:    8248376 kB
Buffers:            6040 kB
Cached:          1629060 kB
SwapCached:            0 kB
Active:          1338036 kB
Inactive:        1421640 kB
Active(anon):    1131036 kB
Inactive(anon):    20316 kB
Active(file):     207000 kB
Inactive(file):  1401324 kB
Unevictable:        5556 kB
Mlocked:            5556 kB
SwapTotal:       3145724 kB
SwapFree:        3145724 kB
Dirty:               100 kB
Writeback:             0 kB
AnonPages:       1130188 kB
Mapped:           809028 kB
Shmem:             22256 kB
KReclaimable:     650256 kB
Slab:             204948 kB
SReclaimable:      67704 kB
SUnreclaim:       137244 kB
KernelStack:       42192 kB
PageTables:        56348 kB
NFS_Unstable:          0 kB
Bounce:                0 kB
WritebackTmp:          0 kB
CommitLimit:     9202292 kB
Committed_AS:   57829372 kB
VmallocTotal:   263061440 kB
VmallocUsed:       99040 kB
VmallocChunk:          0 kB
Percpu:             7616 kB
CmaTotal:         294912 kB
CmaFree:               0 kB
MemTotal:       12113140 kB
MemFree:         6858404 kB
MemAvailable:    8248280 kB
Buffers:            6040 kB
Cached:          1629060 kB
SwapCached:            0 kB
Active:          1338488 kB
Inactive:        1421640 kB
Active(anon):    1131488 kB
Inactive(anon):    20316 kB
Active(file):     207000 kB
Inactive(file):  1401324 kB
Unevictable:        5556 kB
Mlocked:            5556 kB
SwapTotal:       3145724 kB
SwapFree:        3145724 kB
Dirty:               128 kB
Writeback:             0 kB
AnonPages:       1130528 kB
Mapped:           809028 kB
Shmem:             22256 kB
KReclaimable:     650256 kB
Slab:             204948 kB
SReclaimable:      67704 kB
SUnreclaim:       137244 kB
KernelStack:       42192 kB
PageTables:        56348 kB
NFS_Unstable:          0 kB
Bounce:                0 kB
WritebackTmp:          0 kB
CommitLimit:     9202292 kB
Committed_AS:   57828932 kB
VmallocTotal:   263061440 kB
VmallocUsed:       99040 kB
VmallocChunk:          0 kB
Percpu:             7616 kB
CmaTotal:         294912 kB
CmaFree:               0 kB
MemTotal:       12113140 kB
MemFree:         6857300 kB
MemAvailable:    8247176 kB
Buffers:            6040 kB
Cached:          1629060 kB
SwapCached:            0 kB
Active:          1339104 kB
Inactive:        1421640 kB
Active(anon):    1132104 kB
Inactive(anon):    20316 kB
Active(file):     207000 kB
Inactive(file):  1401324 kB
Unevictable:        5556 kB
Mlocked:            5556 kB
SwapTotal:       3145724 kB
SwapFree:        3145724 kB
Dirty:               128 kB
Writeback:             0 kB
AnonPages:       1131348 kB
Mapped:           809288 kB
Shmem:             22256 kB
KReclaimable:     650256 kB
Slab:             204948 kB
SReclaimable:      67704 kB
SUnreclaim:       137244 kB
KernelStack:       42192 kB
PageTables:        56348 kB
NFS_Unstable:          0 kB
Bounce:                0 kB
WritebackTmp:          0 kB
CommitLimit:     9202292 kB
Committed_AS:   57829240 kB
VmallocTotal:   263061440 kB
VmallocUsed:       99056 kB
VmallocChunk:          0 kB
Percpu:             7616 kB
CmaTotal:         294912 kB
CmaFree:               0 kB
MemTotal:       12113140 kB
MemFree:         6857268 kB
MemAvailable:    8247148 kB
Buffers:            6040 kB
Cached:          1629064 kB
SwapCached:            0 kB
Active:          1339596 kB
Inactive:        1421644 kB
Active(anon):    1132596 kB
Inactive(anon):    20316 kB
Active(file):     207000 kB
Inactive(file):  1401328 kB
Unevictable:        5556 kB
Mlocked:            5556 kB
SwapTotal:       3145724 kB
SwapFree:        3145724 kB
Dirty:               132 kB
Writeback:             0 kB
AnonPages:       1131824 kB
Mapped:           809288 kB
Shmem:             22256 kB
KReclaimable:     650256 kB
Slab:             204948 kB
SReclaimable:      67704 kB
SUnreclaim:       137244 kB
KernelStack:       42176 kB
PageTables:        56348 kB
NFS_Unstable:          0 kB
Bounce:                0 kB
WritebackTmp:          0 kB
CommitLimit:     9202292 kB
Committed_AS:   57829020 kB
VmallocTotal:   263061440 kB
VmallocUsed:       99056 kB
VmallocChunk:          0 kB
Percpu:             7616 kB
CmaTotal:         294912 kB
CmaFree:               0 kB
MemTotal:       12113140 kB
MemFree:         6856552 kB
MemAvailable:    8246432 kB
Buffers:            6040 kB
Cached:          1629064 kB
SwapCached:            0 kB
Active:          1340092 kB
Inactive:        1421644 kB
Active(anon):    1133092 kB
Inactive(anon):    20316 kB
Active(file):     207000 kB
Inactive(file):  1401328 kB
Unevictable:        5556 kB
Mlocked:            5556 kB
SwapTotal:       3145724 kB
SwapFree:        3145724 kB
Dirty:               132 kB
Writeback:             0 kB
AnonPages:       1132392 kB
Mapped:           809288 kB
Shmem:             22256 kB
KReclaimable:     650256 kB
Slab:             204952 kB
SReclaimable:      67704 kB
SUnreclaim:       137248 kB
KernelStack:       42176 kB
PageTables:        56348 kB
NFS_Unstable:          0 kB
Bounce:                0 kB
WritebackTmp:          0 kB
CommitLimit:     9202292 kB
Committed_AS:   57829064 kB
VmallocTotal:   263061440 kB
VmallocUsed:       99056 kB
VmallocChunk:          0 kB
Percpu:             7616 kB
CmaTotal:         294912 kB
CmaFree:               0 kB
MemTotal:       12113140 kB
MemFree:         6866008 kB
MemAvailable:    8255888 kB
Buffers:            6040 kB
Cached:          1629064 kB
SwapCached:            0 kB
Active:          1330212 kB
Inactive:        1421644 kB
Active(anon):    1123212 kB
Inactive(anon):    20316 kB
Active(file):     207000 kB
Inactive(file):  1401328 kB
Unevictable:        5556 kB
Mlocked:            5556 kB
SwapTotal:       3145724 kB
SwapFree:        3145724 kB
Dirty:               132 kB
Writeback:             0 kB
AnonPages:       1122280 kB
Mapped:           809288 kB
Shmem:             22256 kB
KReclaimable:     650256 kB
Slab:             204952 kB
SReclaimable:      67704 kB
SUnreclaim:       137248 kB
KernelStack:       42176 kB
PageTables:        56348 kB
NFS_Unstable:          0 kB
Bounce:                0 kB
WritebackTmp:          0 kB
CommitLimit:     9202292 kB
Committed_AS:   57829196 kB
VmallocTotal:   263061440 kB
VmallocUsed:       99040 kB
VmallocChunk:          0 kB
Percpu:             7616 kB
CmaTotal:         294912 kB
CmaFree:               0 kB
MemTotal:       12113140 kB
MemFree:         6864844 kB
MemAvailable:    8254728 kB
Buffers:            6040 kB
Cached:          1629068 kB
SwapCached:            0 kB
Active:          1331040 kB
Inactive:        1421648 kB
Active(anon):    1124040 kB
Inactive(anon):    20316 kB
Active(file):     207000 kB
Inactive(file):  1401332 kB
Unevictable:        5556 kB
Mlocked:            5556 kB
SwapTotal:       3145724 kB
SwapFree:        3145724 kB
Dirty:               136 kB
Writeback:             0 kB
AnonPages:       1123152 kB
Mapped:           809288 kB
Shmem:             22256 kB
KReclaimable:     650256 kB
Slab:             204952 kB
SReclaimable:      67704 kB
SUnreclaim:       137248 kB
KernelStack:       42176 kB
PageTables:        56348 kB
NFS_Unstable:          0 kB
Bounce:                0 kB
WritebackTmp:          0 kB
CommitLimit:     9202292 kB
Committed_AS:   57828968 kB
VmallocTotal:   263061440 kB
VmallocUsed:       99040 kB
VmallocChunk:          0 kB
Percpu:             7616 kB
CmaTotal:         294912 kB
CmaFree:               0 kB
MemTotal:       12113140 kB
MemFree:         6864724 kB
MemAvailable:    8254612 kB
Buffers:            6040 kB
Cached:          1629072 kB
SwapCached:            0 kB
Active:          1331304 kB
Inactive:        1421652 kB
Active(anon):    1124304 kB
Inactive(anon):    20316 kB
Active(file):     207000 kB
Inactive(file):  1401336 kB
Unevictable:        5556 kB
Mlocked:            5556 kB
SwapTotal:       3145724 kB
SwapFree:        3145724 kB
Dirty:               156 kB
Writeback:             0 kB
AnonPages:       1123712 kB
Mapped:           809272 kB
Shmem:             22256 kB
KReclaimable:     650256 kB
Slab:             204952 kB
SReclaimable:      67704 kB
SUnreclaim:       137248 kB
KernelStack:       42176 kB
PageTables:        56272 kB
NFS_Unstable:          0 kB
Bounce:                0 kB
WritebackTmp:          0 kB
CommitLimit:     9202292 kB
Committed_AS:   57829424 kB
VmallocTotal:   263061440 kB
VmallocUsed:       99056 kB
VmallocChunk:          0 kB
Percpu:             7616 kB
CmaTotal:         294912 kB
CmaFree:               0 kB
MemTotal:       12113140 kB
MemFree:         6863948 kB
MemAvailable:    8253836 kB
Buffers:            6040 kB
Cached:          1629072 kB
SwapCached:            0 kB
Active:          1331480 kB
Inactive:        1421652 kB
Active(anon):    1124480 kB
Inactive(anon):    20316 kB
Active(file):     207000 kB
Inactive(file):  1401336 kB
Unevictable:        5556 kB
Mlocked:            5556 kB
SwapTotal:       3145724 kB
SwapFree:        3145724 kB
Dirty:                96 kB
Writeback:             0 kB
AnonPages:       1123684 kB
Mapped:           809028 kB
Shmem:             22256 kB
KReclaimable:     650256 kB
Slab:             204952 kB
SReclaimable:      67704 kB
SUnreclaim:       137248 kB
KernelStack:       42160 kB
PageTables:        56348 kB
NFS_Unstable:          0 kB
Bounce:                0 kB
WritebackTmp:          0 kB
CommitLimit:     9202292 kB
Committed_AS:   57829688 kB
VmallocTotal:   263061440 kB
VmallocUsed:       99040 kB
VmallocChunk:          0 kB
Percpu:             7616 kB
CmaTotal:         294912 kB
CmaFree:               0 kB
MemTotal:       12113140 kB
MemFree:         6864208 kB
MemAvailable:    8254100 kB
Buffers:            6040 kB
Cached:          1629076 kB
SwapCached:            0 kB
Active:          1331836 kB
Inactive:        1421656 kB
Active(anon):    1124836 kB
Inactive(anon):    20316 kB
Active(file):     207000 kB
Inactive(file):  1401340 kB
Unevictable:        5556 kB
Mlocked:            5556 kB
SwapTotal:       3145724 kB
SwapFree:        3145724 kB
Dirty:               100 kB
Writeback:             0 kB
AnonPages:       1124100 kB
Mapped:           809028 kB
Shmem:             22256 kB
KReclaimable:     650256 kB
Slab:             204952 kB
SReclaimable:      67704 kB
SUnreclaim:       137248 kB
KernelStack:       42160 kB
PageTables:        56348 kB
NFS_Unstable:          0 kB
Bounce:                0 kB
WritebackTmp:          0 kB
CommitLimit:     9202292 kB
Committed_AS:   57829604 kB
VmallocTotal:   263061440 kB
VmallocUsed:       99008 kB
VmallocChunk:          0 kB
Percpu:             7616 kB
CmaTotal:         294912 kB
CmaFree:               0 kB
MemTotal:       12113140 kB
MemFree:         6863884 kB
MemAvailable:    8253776 kB
Buffers:            6040 kB
Cached:          1629076 kB
SwapCached:            0 kB
Active:          1332168 kB
Inactive:        1421656 kB
Active(anon):    1125168 kB
Inactive(anon):    20316 kB
Active(file):     207000 kB
Inactive(file):  1401340 kB
Unevictable:        5556 kB
Mlocked:            5556 kB
SwapTotal:       3145724 kB
SwapFree:        3145724 kB
Dirty:               128 kB
Writeback:             0 kB
AnonPages:       1124408 kB
Mapped:           809288 kB
Shmem:             22256 kB
KReclaimable:     650256 kB
Slab:             204964 kB
SReclaimable:      67704 kB
SUnreclaim:       137260 kB
KernelStack:       42160 kB
PageTables:        56348 kB
NFS_Unstable:          0 kB
Bounce:                0 kB
WritebackTmp:          0 kB
CommitLimit:     9202292 kB
Committed_AS:   57829252 kB
VmallocTotal:   263061440 kB
VmallocUsed:       99024 kB
VmallocChunk:          0 kB
Percpu:             7616 kB
CmaTotal:         294912 kB
CmaFree:               0 kB
MemTotal:       12113140 kB
MemFree:         6863816 kB
MemAvailable:    8253708 kB
Buffers:            6040 kB
Cached:          1629076 kB
SwapCached:            0 kB
Active:          1332128 kB
Inactive:        1421656 kB
Active(anon):    1125128 kB
Inactive(anon):    20316 kB
Active(file):     207000 kB
Inactive(file):  1401340 kB
Unevictable:        5556 kB
Mlocked:            5556 kB
SwapTotal:       3145724 kB
SwapFree:        3145724 kB
Dirty:               128 kB
Writeback:             0 kB
AnonPages:       1124320 kB
Mapped:           809288 kB
Shmem:             22256 kB
KReclaimable:     650256 kB
Slab:             204964 kB
SReclaimable:      67704 kB
SUnreclaim:       137260 kB
KernelStack:       42160 kB
PageTables:        56348 kB
NFS_Unstable:          0 kB
Bounce:                0 kB
WritebackTmp:          0 kB
CommitLimit:     9202292 kB
Committed_AS:   57828856 kB
VmallocTotal:   263061440 kB
VmallocUsed:       99024 kB
VmallocChunk:          0 kB
Percpu:             7616 kB
CmaTotal:         294912 kB
CmaFree:               0 kB
MemTotal:       12113140 kB
MemFree:         6863200 kB
MemAvailable:    8253092 kB
Buffers:            6048 kB
Cached:          1629068 kB
SwapCached:            0 kB
Active:          1332428 kB
Inactive:        1421656 kB
Active(anon):    1125428 kB
Inactive(anon):    20316 kB
Active(file):     207000 kB
Inactive(file):  1401340 kB
Unevictable:        5556 kB
Mlocked:            5556 kB
SwapTotal:       3145724 kB
SwapFree:        3145724 kB
Dirty:               132 kB
Writeback:             0 kB
AnonPages:       1124636 kB
Mapped:           809288 kB
Shmem:             22256 kB
KReclaimable:     650256 kB
Slab:             204964 kB
SReclaimable:      67704 kB
SUnreclaim:       137260 kB
KernelStack:       42160 kB
PageTables:        56348 kB
NFS_Unstable:          0 kB
Bounce:                0 kB
WritebackTmp:          0 kB
CommitLimit:     9202292 kB
Committed_AS:   57829288 kB
VmallocTotal:   263061440 kB
VmallocUsed:       99024 kB
VmallocChunk:          0 kB
Percpu:             7616 kB
CmaTotal:         294912 kB
CmaFree:               0 kB
MemTotal:       12113140 kB
MemFree:         6862668 kB
MemAvailable:    8252580 kB
Buffers:            6048 kB
Cached:          1629084 kB
SwapCached:            0 kB
Active:          1333164 kB
Inactive:        1421664 kB
Active(anon):    1126156 kB
Inactive(anon):    20316 kB
Active(file):     207008 kB
Inactive(file):  1401348 kB
Unevictable:        5556 kB
Mlocked:            5556 kB
SwapTotal:       3145724 kB
SwapFree:        3145724 kB
Dirty:               116 kB
Writeback:             0 kB
AnonPages:       1125412 kB
Mapped:           809288 kB
Shmem:             22256 kB
KReclaimable:     650260 kB
Slab:             204968 kB
SReclaimable:      67708 kB
SUnreclaim:       137260 kB
KernelStack:       42160 kB
PageTables:        56348 kB
NFS_Unstable:          0 kB
Bounce:                0 kB
WritebackTmp:          0 kB
CommitLimit:     9202292 kB
Committed_AS:   57831236 kB
VmallocTotal:   263061440 kB
VmallocUsed:       99040 kB
VmallocChunk:          0 kB
Percpu:             7616 kB
CmaTotal:         294912 kB
CmaFree:               0 kB
MemTotal:       12113140 kB
MemFree:         6861624 kB
MemAvailable:    8251536 kB
Buffers:            6048 kB
Cached:          1629084 kB
SwapCached:            0 kB
Active:          1333188 kB
Inactive:        1421664 kB
Active(anon):    1126180 kB
Inactive(anon):    20316 kB
Active(file):     207008 kB
Inactive(file):  1401348 kB
Unevictable:        5556 kB
Mlocked:            5556 kB
SwapTotal:       3145724 kB
SwapFree:        3145724 kB
Dirty:               116 kB
Writeback:             0 kB
AnonPages:       1125408 kB
Mapped:           809028 kB
Shmem:             22256 kB
KReclaimable:     650260 kB
Slab:             204972 kB
SReclaimable:      67708 kB
SUnreclaim:       137264 kB
KernelStack:       42176 kB
PageTables:        56348 kB
NFS_Unstable:          0 kB
Bounce:                0 kB
WritebackTmp:          0 kB
CommitLimit:     9202292 kB
Committed_AS:   57831104 kB
VmallocTotal:   263061440 kB
VmallocUsed:       99040 kB
VmallocChunk:          0 kB
Percpu:             7616 kB
CmaTotal:         294912 kB
CmaFree:               0 kB
MemTotal:       12113140 kB
MemFree:         6861692 kB
MemAvailable:    8251604 kB
Buffers:            6048 kB
Cached:          1629084 kB
SwapCached:            0 kB
Active:          1333788 kB
Inactive:        1421664 kB
Active(anon):    1126780 kB
Inactive(anon):    20316 kB
Active(file):     207008 kB
Inactive(file):  1401348 kB
Unevictable:        5556 kB
Mlocked:            5556 kB
SwapTotal:       3145724 kB
SwapFree:        3145724 kB
Dirty:               116 kB
Writeback:             0 kB
AnonPages:       1125776 kB
Mapped:           809288 kB
Shmem:             22256 kB
KReclaimable:     650260 kB
Slab:             204972 kB
SReclaimable:      67708 kB
SUnreclaim:       137264 kB
KernelStack:       42176 kB
PageTables:        56348 kB
NFS_Unstable:          0 kB
Bounce:                0 kB
WritebackTmp:          0 kB
CommitLimit:     9202292 kB
Committed_AS:   57830972 kB
VmallocTotal:   263061440 kB
VmallocUsed:       99024 kB
VmallocChunk:          0 kB
Percpu:             7616 kB
CmaTotal:         294912 kB
CmaFree:               0 kB
MemTotal:       12113140 kB
MemFree:         6861052 kB
MemAvailable:    8250964 kB
Buffers:            6048 kB
Cached:          1629084 kB
SwapCached:            0 kB
Active:          1334660 kB
Inactive:        1421664 kB
Active(anon):    1127652 kB
Inactive(anon):    20316 kB
Active(file):     207008 kB
Inactive(file):  1401348 kB
Unevictable:        5556 kB
Mlocked:            5556 kB
SwapTotal:       3145724 kB
SwapFree:        3145724 kB
Dirty:               116 kB
Writeback:             0 kB
AnonPages:       1126932 kB
Mapped:           809028 kB
Shmem:             22256 kB
KReclaimable:     650260 kB
Slab:             204972 kB
SReclaimable:      67708 kB
SUnreclaim:       137264 kB
KernelStack:       42176 kB
PageTables:        56348 kB
NFS_Unstable:          0 kB
Bounce:                0 kB
WritebackTmp:          0 kB
CommitLimit:     9202292 kB
Committed_AS:   57831168 kB
VmallocTotal:   263061440 kB
VmallocUsed:       99040 kB
VmallocChunk:          0 kB
Percpu:             7616 kB
CmaTotal:         294912 kB
CmaFree:               0 kB
MemTotal:       12113140 kB
MemFree:         6860996 kB
MemAvailable:    8250896 kB
Buffers:            6048 kB
Cached:          1629084 kB
SwapCached:            0 kB
Active:          1335116 kB
Inactive:        1421656 kB
Active(anon):    1128112 kB
Inactive(anon):    20316 kB
Active(file):     207004 kB
Inactive(file):  1401340 kB
Unevictable:        5556 kB
Mlocked:            5556 kB
SwapTotal:       3145724 kB
SwapFree:        3145724 kB
Dirty:               116 kB
Writeback:             0 kB
AnonPages:       1127268 kB
Mapped:           809288 kB
Shmem:             22256 kB
KReclaimable:     650260 kB
Slab:             204976 kB
SReclaimable:      67708 kB
SUnreclaim:       137268 kB
KernelStack:       42176 kB
PageTables:        56348 kB
NFS_Unstable:          0 kB
Bounce:                0 kB
WritebackTmp:          0 kB
CommitLimit:     9202292 kB
Committed_AS:   57835840 kB
VmallocTotal:   263061440 kB
VmallocUsed:       99040 kB
VmallocChunk:          0 kB
Percpu:             7616 kB
CmaTotal:         294912 kB
CmaFree:               0 kB
MemTotal:       12113140 kB
MemFree:         6860148 kB
MemAvailable:    8250060 kB
Buffers:            6048 kB
Cached:          1629084 kB
SwapCached:            0 kB
Active:          1336004 kB
Inactive:        1421664 kB
Active(anon):    1128996 kB
Inactive(anon):    20316 kB
Active(file):     207008 kB
Inactive(file):  1401348 kB
Unevictable:        5556 kB
Mlocked:            5556 kB
SwapTotal:       3145724 kB
SwapFree:        3145724 kB
Dirty:               116 kB
Writeback:             0 kB
AnonPages:       1128316 kB
Mapped:           809288 kB
Shmem:             22256 kB
KReclaimable:     650260 kB
Slab:             204976 kB
SReclaimable:      67708 kB
SUnreclaim:       137268 kB
KernelStack:       42208 kB
PageTables:        56352 kB
NFS_Unstable:          0 kB
Bounce:                0 kB
WritebackTmp:          0 kB
CommitLimit:     9202292 kB
Committed_AS:   57830532 kB
VmallocTotal:   263061440 kB
VmallocUsed:       99008 kB
VmallocChunk:          0 kB
Percpu:             7616 kB
CmaTotal:         294912 kB
CmaFree:               0 kB
MemTotal:       12113140 kB
MemFree:         6859012 kB
MemAvailable:    8248924 kB
Buffers:            6048 kB
Cached:          1629084 kB
SwapCached:            0 kB
Active:          1336308 kB
Inactive:        1421664 kB
Active(anon):    1129300 kB
Inactive(anon):    20316 kB
Active(file):     207008 kB
Inactive(file):  1401348 kB
Unevictable:        5556 kB
Mlocked:            5556 kB
SwapTotal:       3145724 kB
SwapFree:        3145724 kB
Dirty:               120 kB
Writeback:             0 kB
AnonPages:       1128600 kB
Mapped:           809288 kB
Shmem:             22256 kB
KReclaimable:     650260 kB
Slab:             204976 kB
SReclaimable:      67708 kB
SUnreclaim:       137268 kB
KernelStack:       42176 kB
PageTables:        56348 kB
NFS_Unstable:          0 kB
Bounce:                0 kB
WritebackTmp:          0 kB
CommitLimit:     9202292 kB
Committed_AS:   57830312 kB
VmallocTotal:   263061440 kB
VmallocUsed:       99024 kB
VmallocChunk:          0 kB
Percpu:             7616 kB
CmaTotal:         294912 kB
CmaFree:               0 kB
MemTotal:       12113140 kB
MemFree:         6859420 kB
MemAvailable:    8249332 kB
Buffers:            6048 kB
Cached:          1629084 kB
SwapCached:            0 kB
Active:          1336688 kB
Inactive:        1421664 kB
Active(anon):    1129680 kB
Inactive(anon):    20316 kB
Active(file):     207008 kB
Inactive(file):  1401348 kB
Unevictable:        5556 kB
Mlocked:            5556 kB
SwapTotal:       3145724 kB
SwapFree:        3145724 kB
Dirty:               156 kB
Writeback:             0 kB
AnonPages:       1128908 kB
Mapped:           809028 kB
Shmem:             22256 kB
KReclaimable:     650260 kB
Slab:             204980 kB
SReclaimable:      67708 kB
SUnreclaim:       137272 kB
KernelStack:       42176 kB
PageTables:        56348 kB
NFS_Unstable:          0 kB
Bounce:                0 kB
WritebackTmp:          0 kB
CommitLimit:     9202292 kB
Committed_AS:   57835400 kB
VmallocTotal:   263061440 kB
VmallocUsed:       99040 kB
VmallocChunk:          0 kB
Percpu:             7616 kB
CmaTotal:         294912 kB
CmaFree:               0 kB
MemTotal:       12113140 kB
MemFree:         6858224 kB
MemAvailable:    8248136 kB
Buffers:            6048 kB
Cached:          1629084 kB
SwapCached:            0 kB
Active:          1337352 kB
Inactive:        1421664 kB
Active(anon):    1130344 kB
Inactive(anon):    20316 kB
Active(file):     207008 kB
Inactive(file):  1401348 kB
Unevictable:        5556 kB
Mlocked:            5556 kB
SwapTotal:       3145724 kB
SwapFree:        3145724 kB
Dirty:               172 kB
Writeback:             0 kB
AnonPages:       1129640 kB
Mapped:           809288 kB
Shmem:             22256 kB
KReclaimable:     650260 kB
Slab:             204980 kB
SReclaimable:      67708 kB
SUnreclaim:       137272 kB
KernelStack:       42192 kB
PageTables:        56348 kB
NFS_Unstable:          0 kB
Bounce:                0 kB
WritebackTmp:          0 kB
CommitLimit:     9202292 kB
Committed_AS:   57835628 kB
VmallocTotal:   263061440 kB
VmallocUsed:       99072 kB
VmallocChunk:          0 kB
Percpu:             7616 kB
CmaTotal:         294912 kB
CmaFree:               0 kB
MemTotal:       12113140 kB
MemFree:         6858028 kB
MemAvailable:    8247944 kB
Buffers:            6048 kB
Cached:          1629088 kB
SwapCached:            0 kB
Active:          1337996 kB
Inactive:        1421668 kB
Active(anon):    1130988 kB
Inactive(anon):    20316 kB
Active(file):     207008 kB
Inactive(file):  1401352 kB
Unevictable:        5556 kB
Mlocked:            5556 kB
SwapTotal:       3145724 kB
SwapFree:        3145724 kB
Dirty:               180 kB
Writeback:             0 kB
AnonPages:       1130564 kB
Mapped:           809336 kB
Shmem:             22256 kB
KReclaimable:     650260 kB
Slab:             204980 kB
SReclaimable:      67708 kB
SUnreclaim:       137272 kB
KernelStack:       42176 kB
PageTables:        56348 kB
NFS_Unstable:          0 kB
Bounce:                0 kB
WritebackTmp:          0 kB
CommitLimit:     9202292 kB
Committed_AS:   57835560 kB
VmallocTotal:   263061440 kB
VmallocUsed:       99072 kB
VmallocChunk:          0 kB
Percpu:             7616 kB
CmaTotal:         294912 kB
CmaFree:               0 kB
MemTotal:       12113140 kB
MemFree:         6858192 kB
MemAvailable:    8248108 kB
Buffers:            6048 kB
Cached:          1629088 kB
SwapCached:            0 kB
Active:          1338368 kB
Inactive:        1421668 kB
Active(anon):    1131360 kB
Inactive(anon):    20316 kB
Active(file):     207008 kB
Inactive(file):  1401352 kB
Unevictable:        5556 kB
Mlocked:            5556 kB
SwapTotal:       3145724 kB
SwapFree:        3145724 kB
Dirty:               180 kB
Writeback:             0 kB
AnonPages:       1130432 kB
Mapped:           809428 kB
Shmem:             22256 kB
KReclaimable:     650260 kB
Slab:             204980 kB
SReclaimable:      67708 kB
SUnreclaim:       137272 kB
KernelStack:       42176 kB
PageTables:        56348 kB
NFS_Unstable:          0 kB
Bounce:                0 kB
WritebackTmp:          0 kB
CommitLimit:     9202292 kB
Committed_AS:   57829696 kB
VmallocTotal:   263061440 kB
VmallocUsed:       99072 kB
VmallocChunk:          0 kB
Percpu:             7616 kB
CmaTotal:         294912 kB
CmaFree:               0 kB
MemTotal:       12113140 kB
MemFree:         6856548 kB
MemAvailable:    8246456 kB
Buffers:            6048 kB
Cached:          1629080 kB
SwapCached:            0 kB
Active:          1338688 kB
Inactive:        1421664 kB
Active(anon):    1131684 kB
Inactive(anon):    20316 kB
Active(file):     207004 kB
Inactive(file):  1401348 kB
Unevictable:        5556 kB
Mlocked:            5556 kB
SwapTotal:       3145724 kB
SwapFree:        3145724 kB
Dirty:               172 kB
Writeback:             0 kB
AnonPages:       1130992 kB
Mapped:           809428 kB
Shmem:             22256 kB
KReclaimable:     650260 kB
Slab:             204980 kB
SReclaimable:      67708 kB
SUnreclaim:       137272 kB
KernelStack:       42176 kB
PageTables:        56348 kB
NFS_Unstable:          0 kB
Bounce:                0 kB
WritebackTmp:          0 kB
CommitLimit:     9202292 kB
Committed_AS:   57831264 kB
VmallocTotal:   263061440 kB
VmallocUsed:       99072 kB
VmallocChunk:          0 kB
Percpu:             7616 kB
CmaTotal:         294912 kB
CmaFree:               0 kB
MemTotal:       12113140 kB
MemFree:         6856776 kB
MemAvailable:    8246708 kB
Buffers:            6048 kB
Cached:          1629104 kB
SwapCached:            0 kB
Active:          1339820 kB
Inactive:        1421680 kB
Active(anon):    1132808 kB
Inactive(anon):    20316 kB
Active(file):     207012 kB
Inactive(file):  1401364 kB
Unevictable:        5556 kB
Mlocked:            5556 kB
SwapTotal:       3145724 kB
SwapFree:        3145724 kB
Dirty:               188 kB
Writeback:             0 kB
AnonPages:       1132148 kB
Mapped:           809216 kB
Shmem:             22256 kB
KReclaimable:     650260 kB
Slab:             204984 kB
SReclaimable:      67708 kB
SUnreclaim:       137276 kB
KernelStack:       42176 kB
PageTables:        56348 kB
NFS_Unstable:          0 kB
Bounce:                0 kB
WritebackTmp:          0 kB
CommitLimit:     9202292 kB
Committed_AS:   57834824 kB
VmallocTotal:   263061440 kB
VmallocUsed:       99072 kB
VmallocChunk:          0 kB
Percpu:             7616 kB
CmaTotal:         294912 kB
CmaFree:               0 kB
MemTotal:       12113140 kB
MemFree:         6859100 kB
MemAvailable:    8249016 kB
Buffers:            6048 kB
Cached:          1629088 kB
SwapCached:            0 kB
Active:          1335352 kB
Inactive:        1421668 kB
Active(anon):    1128344 kB
Inactive(anon):    20316 kB
Active(file):     207008 kB
Inactive(file):  1401352 kB
Unevictable:        5556 kB
Mlocked:            5556 kB
SwapTotal:       3145724 kB
SwapFree:        3145724 kB
Dirty:               180 kB
Writeback:             0 kB
AnonPages:       1127496 kB
Mapped:           809476 kB
Shmem:             22256 kB
KReclaimable:     650260 kB
Slab:             204988 kB
SReclaimable:      67708 kB
SUnreclaim:       137280 kB
KernelStack:       42176 kB
PageTables:        56348 kB
NFS_Unstable:          0 kB
Bounce:                0 kB
WritebackTmp:          0 kB
CommitLimit:     9202292 kB
Committed_AS:   57835052 kB
VmallocTotal:   263061440 kB
VmallocUsed:       99072 kB
VmallocChunk:          0 kB
Percpu:             7616 kB
CmaTotal:         294912 kB
CmaFree:               0 kB
MemTotal:       12113140 kB
MemFree:         6858852 kB
MemAvailable:    8248780 kB
Buffers:            6056 kB
Cached:          1629092 kB
SwapCached:            0 kB
Active:          1335872 kB
Inactive:        1421672 kB
Active(anon):    1128856 kB
Inactive(anon):    20316 kB
Active(file):     207016 kB
Inactive(file):  1401356 kB
Unevictable:        5556 kB
Mlocked:            5556 kB
SwapTotal:       3145724 kB
SwapFree:        3145724 kB
Dirty:               180 kB
Writeback:             0 kB
AnonPages:       1128172 kB
Mapped:           809476 kB
Shmem:             22256 kB
KReclaimable:     650260 kB
Slab:             204988 kB
SReclaimable:      67708 kB
SUnreclaim:       137280 kB
KernelStack:       42176 kB
PageTables:        56348 kB
NFS_Unstable:          0 kB
Bounce:                0 kB
WritebackTmp:          0 kB
CommitLimit:     9202292 kB
Committed_AS:   57834640 kB
VmallocTotal:   263061440 kB
VmallocUsed:       99072 kB
VmallocChunk:          0 kB
Percpu:             7616 kB
CmaTotal:         294912 kB
CmaFree:               0 kB
MemTotal:       12113140 kB
MemFree:         6858564 kB
MemAvailable:    8248496 kB
Buffers:            6056 kB
Cached:          1629096 kB
SwapCached:            0 kB
Active:          1336120 kB
Inactive:        1421676 kB
Active(anon):    1129104 kB
Inactive(anon):    20316 kB
Active(file):     207016 kB
Inactive(file):  1401360 kB
Unevictable:        5556 kB
Mlocked:            5556 kB
SwapTotal:       3145724 kB
SwapFree:        3145724 kB
Dirty:               164 kB
Writeback:             0 kB
AnonPages:       1128508 kB
Mapped:           809476 kB
Shmem:             22256 kB
KReclaimable:     650260 kB
Slab:             204988 kB
SReclaimable:      67708 kB
SUnreclaim:       137280 kB
KernelStack:       42176 kB
PageTables:        56348 kB
NFS_Unstable:          0 kB
Bounce:                0 kB
WritebackTmp:          0 kB
CommitLimit:     9202292 kB
Committed_AS:   57834420 kB
VmallocTotal:   263061440 kB
VmallocUsed:       99072 kB
