MemTotal:       12113144 kB
MemFree:         6983240 kB
MemAvailable:    8380576 kB
Buffers:            5844 kB
Cached:          1620264 kB
SwapCached:            0 kB
Active:          1328940 kB
Inactive:        1411552 kB
Active(anon):    1120908 kB
Inactive(anon):    20784 kB
Active(file):     208032 kB
Inactive(file):  1390768 kB
Unevictable:        5692 kB
Mlocked:            5692 kB
SwapTotal:       3145724 kB
SwapFree:        3145724 kB
Dirty:               156 kB
Writeback:             0 kB
AnonPages:       1120320 kB
Mapped:           804496 kB
Shmem:             22656 kB
KReclaimable:     667240 kB
Slab:             202324 kB
SReclaimable:      66848 kB
SUnreclaim:       135476 kB
KernelStack:       41600 kB
PageTables:        55728 kB
NFS_Unstable:          0 kB
Bounce:                0 kB
WritebackTmp:          0 kB
CommitLimit:     9202296 kB
Committed_AS:   56318904 kB
VmallocTotal:   263061440 kB
VmallocUsed:       98436 kB
VmallocChunk:          0 kB
Percpu:             7584 kB
CmaTotal:         294912 kB
CmaFree:               0 kB
MemTotal:       12113144 kB
MemFree:         6983152 kB
MemAvailable:    8380488 kB
Buffers:            5844 kB
Cached:          1620264 kB
SwapCached:            0 kB
Active:          1329364 kB
Inactive:        1411552 kB
Active(anon):    1121332 kB
Inactive(anon):    20784 kB
Active(file):     208032 kB
Inactive(file):  1390768 kB
Unevictable:        5692 kB
Mlocked:            5692 kB
SwapTotal:       3145724 kB
SwapFree:        3145724 kB
Dirty:               156 kB
Writeback:             0 kB
AnonPages:       1120688 kB
Mapped:           804252 kB
Shmem:             22656 kB
KReclaimable:     667240 kB
Slab:             202316 kB
SReclaimable:      66848 kB
SUnreclaim:       135468 kB
KernelStack:       41584 kB
PageTables:        55612 kB
NFS_Unstable:          0 kB
Bounce:                0 kB
WritebackTmp:          0 kB
CommitLimit:     9202296 kB
Committed_AS:   56320128 kB
VmallocTotal:   263061440 kB
VmallocUsed:       98452 kB
VmallocChunk:          0 kB
Percpu:             7584 kB
CmaTotal:         294912 kB
CmaFree:               0 kB
MemTotal:       12113144 kB
MemFree:         6982688 kB
MemAvailable:    8380024 kB
Buffers:            5844 kB
Cached:          1620264 kB
SwapCached:            0 kB
Active:          1329168 kB
Inactive:        1411552 kB
Active(anon):    1121136 kB
Inactive(anon):    20784 kB
Active(file):     208032 kB
Inactive(file):  1390768 kB
Unevictable:        5692 kB
Mlocked:            5692 kB
SwapTotal:       3145724 kB
SwapFree:        3145724 kB
Dirty:               156 kB
Writeback:             0 kB
AnonPages:       1120484 kB
Mapped:           804252 kB
Shmem:             22656 kB
KReclaimable:     667240 kB
Slab:             202308 kB
SReclaimable:      66848 kB
SUnreclaim:       135460 kB
KernelStack:       41584 kB
PageTables:        55604 kB
NFS_Unstable:          0 kB
Bounce:                0 kB
WritebackTmp:          0 kB
CommitLimit:     9202296 kB
Committed_AS:   56319908 kB
VmallocTotal:   263061440 kB
VmallocUsed:       98452 kB
VmallocChunk:          0 kB
Percpu:             7584 kB
CmaTotal:         294912 kB
CmaFree:               0 kB
MemTotal:       12113144 kB
MemFree:         6982852 kB
MemAvailable:    8380188 kB
Buffers:            5844 kB
Cached:          1620264 kB
SwapCached:            0 kB
Active:          1329408 kB
Inactive:        1411552 kB
Active(anon):    1121376 kB
Inactive(anon):    20784 kB
Active(file):     208032 kB
Inactive(file):  1390768 kB
Unevictable:        5692 kB
Mlocked:            5692 kB
SwapTotal:       3145724 kB
SwapFree:        3145724 kB
Dirty:               156 kB
Writeback:             0 kB
AnonPages:       1120612 kB
Mapped:           804512 kB
Shmem:             22656 kB
KReclaimable:     667240 kB
Slab:             202332 kB
SReclaimable:      66848 kB
SUnreclaim:       135484 kB
KernelStack:       41584 kB
PageTables:        55612 kB
NFS_Unstable:          0 kB
Bounce:                0 kB
WritebackTmp:          0 kB
CommitLimit:     9202296 kB
Committed_AS:   56319960 kB
VmallocTotal:   263061440 kB
VmallocUsed:       98436 kB
VmallocChunk:          0 kB
Percpu:             7584 kB
CmaTotal:         294912 kB
CmaFree:               0 kB
MemTotal:       12113144 kB
MemFree:         6982396 kB
MemAvailable:    8379732 kB
Buffers:            5844 kB
Cached:          1620264 kB
SwapCached:            0 kB
Active:          1329800 kB
Inactive:        1411552 kB
Active(anon):    1121768 kB
Inactive(anon):    20784 kB
Active(file):     208032 kB
Inactive(file):  1390768 kB
Unevictable:        5692 kB
Mlocked:            5692 kB
SwapTotal:       3145724 kB
SwapFree:        3145724 kB
Dirty:               156 kB
Writeback:             0 kB
AnonPages:       1121100 kB
Mapped:           804252 kB
Shmem:             22656 kB
KReclaimable:     667240 kB
Slab:             202316 kB
SReclaimable:      66848 kB
SUnreclaim:       135468 kB
KernelStack:       41616 kB
PageTables:        55620 kB
NFS_Unstable:          0 kB
Bounce:                0 kB
WritebackTmp:          0 kB
CommitLimit:     9202296 kB
Committed_AS:   56319652 kB
VmallocTotal:   263061440 kB
VmallocUsed:       98452 kB
VmallocChunk:          0 kB
Percpu:             7584 kB
CmaTotal:         294912 kB
CmaFree:               0 kB
MemTotal:       12113144 kB
MemFree:         6981124 kB
MemAvailable:    8378460 kB
Buffers:            5844 kB
Cached:          1620268 kB
SwapCached:            0 kB
Active:          1330240 kB
Inactive:        1411556 kB
Active(anon):    1122208 kB
Inactive(anon):    20788 kB
Active(file):     208032 kB
Inactive(file):  1390768 kB
Unevictable:        5692 kB
Mlocked:            5692 kB
SwapTotal:       3145724 kB
SwapFree:        3145724 kB
Dirty:               156 kB
Writeback:             0 kB
AnonPages:       1121492 kB
Mapped:           804320 kB
Shmem:             22660 kB
KReclaimable:     667240 kB
Slab:             202324 kB
SReclaimable:      66848 kB
SUnreclaim:       135476 kB
KernelStack:       41584 kB
PageTables:        55604 kB
NFS_Unstable:          0 kB
Bounce:                0 kB
WritebackTmp:          0 kB
CommitLimit:     9202296 kB
Committed_AS:   56319520 kB
VmallocTotal:   263061440 kB
VmallocUsed:       98452 kB
VmallocChunk:          0 kB
Percpu:             7584 kB
CmaTotal:         294912 kB
CmaFree:               0 kB
MemTotal:       12113144 kB
MemFree:         6981292 kB
MemAvailable:    8378628 kB
Buffers:            5844 kB
Cached:          1620268 kB
SwapCached:            0 kB
Active:          1330536 kB
Inactive:        1411556 kB
Active(anon):    1122504 kB
Inactive(anon):    20788 kB
Active(file):     208032 kB
Inactive(file):  1390768 kB
Unevictable:        5692 kB
Mlocked:            5692 kB
SwapTotal:       3145724 kB
SwapFree:        3145724 kB
Dirty:               156 kB
Writeback:             0 kB
AnonPages:       1121832 kB
Mapped:           804320 kB
Shmem:             22660 kB
KReclaimable:     667240 kB
Slab:             202316 kB
SReclaimable:      66848 kB
SUnreclaim:       135468 kB
KernelStack:       41584 kB
PageTables:        55608 kB
NFS_Unstable:          0 kB
Bounce:                0 kB
WritebackTmp:          0 kB
CommitLimit:     9202296 kB
Committed_AS:   56319748 kB
VmallocTotal:   263061440 kB
VmallocUsed:       98436 kB
VmallocChunk:          0 kB
Percpu:             7584 kB
CmaTotal:         294912 kB
CmaFree:               0 kB
MemTotal:       12113144 kB
MemFree:         6981460 kB
MemAvailable:    8378796 kB
Buffers:            5844 kB
Cached:          1620268 kB
SwapCached:            0 kB
Active:          1331072 kB
Inactive:        1411556 kB
Active(anon):    1123040 kB
Inactive(anon):    20788 kB
Active(file):     208032 kB
Inactive(file):  1390768 kB
Unevictable:        5692 kB
Mlocked:            5692 kB
SwapTotal:       3145724 kB
SwapFree:        3145724 kB
Dirty:               156 kB
Writeback:             0 kB
AnonPages:       1122172 kB
Mapped:           804564 kB
Shmem:             22660 kB
KReclaimable:     667240 kB
Slab:             202316 kB
SReclaimable:      66848 kB
SUnreclaim:       135468 kB
KernelStack:       41600 kB
PageTables:        55660 kB
NFS_Unstable:          0 kB
Bounce:                0 kB
WritebackTmp:          0 kB
CommitLimit:     9202296 kB
Committed_AS:   56323928 kB
VmallocTotal:   263061440 kB
VmallocUsed:       98452 kB
VmallocChunk:          0 kB
Percpu:             7584 kB
CmaTotal:         294912 kB
CmaFree:               0 kB
MemTotal:       12113144 kB
MemFree:         6981652 kB
MemAvailable:    8378988 kB
Buffers:            5844 kB
Cached:          1620268 kB
SwapCached:            0 kB
Active:          1330608 kB
Inactive:        1411556 kB
Active(anon):    1122576 kB
Inactive(anon):    20788 kB
Active(file):     208032 kB
Inactive(file):  1390768 kB
Unevictable:        5692 kB
Mlocked:            5692 kB
SwapTotal:       3145724 kB
SwapFree:        3145724 kB
Dirty:               160 kB
Writeback:             0 kB
AnonPages:       1121532 kB
Mapped:           804568 kB
Shmem:             22660 kB
KReclaimable:     667240 kB
Slab:             202460 kB
SReclaimable:      66848 kB
SUnreclaim:       135612 kB
KernelStack:       41552 kB
PageTables:        55672 kB
NFS_Unstable:          0 kB
Bounce:                0 kB
WritebackTmp:          0 kB
CommitLimit:     9202296 kB
Committed_AS:   56323532 kB
VmallocTotal:   263061440 kB
VmallocUsed:       98372 kB
VmallocChunk:          0 kB
Percpu:             7584 kB
CmaTotal:         294912 kB
CmaFree:               0 kB
MemTotal:       12113144 kB
MemFree:         6981728 kB
MemAvailable:    8379072 kB
Buffers:            5844 kB
Cached:          1620276 kB
SwapCached:            0 kB
Active:          1330944 kB
Inactive:        1411564 kB
Active(anon):    1122912 kB
Inactive(anon):    20788 kB
Active(file):     208032 kB
Inactive(file):  1390776 kB
Unevictable:        5692 kB
Mlocked:            5692 kB
SwapTotal:       3145724 kB
SwapFree:        3145724 kB
Dirty:               172 kB
Writeback:             0 kB
AnonPages:       1122216 kB
Mapped:           804320 kB
Shmem:             22660 kB
KReclaimable:     667240 kB
Slab:             202316 kB
SReclaimable:      66848 kB
SUnreclaim:       135468 kB
KernelStack:       41504 kB
PageTables:        55612 kB
NFS_Unstable:          0 kB
Bounce:                0 kB
WritebackTmp:          0 kB
CommitLimit:     9202296 kB
Committed_AS:   56323340 kB
VmallocTotal:   263061440 kB
VmallocUsed:       98372 kB
VmallocChunk:          0 kB
Percpu:             7584 kB
CmaTotal:         294912 kB
CmaFree:               0 kB
MemTotal:       12113144 kB
MemFree:         6981528 kB
MemAvailable:    8378872 kB
Buffers:            5844 kB
Cached:          1620276 kB
SwapCached:            0 kB
Active:          1331356 kB
Inactive:        1411564 kB
Active(anon):    1123324 kB
Inactive(anon):    20788 kB
Active(file):     208032 kB
Inactive(file):  1390776 kB
Unevictable:        5692 kB
Mlocked:            5692 kB
SwapTotal:       3145724 kB
SwapFree:        3145724 kB
Dirty:               172 kB
Writeback:             0 kB
AnonPages:       1122772 kB
Mapped:           804580 kB
Shmem:             22660 kB
KReclaimable:     667240 kB
Slab:             202332 kB
SReclaimable:      66848 kB
SUnreclaim:       135484 kB
KernelStack:       41504 kB
PageTables:        55608 kB
NFS_Unstable:          0 kB
Bounce:                0 kB
WritebackTmp:          0 kB
CommitLimit:     9202296 kB
Committed_AS:   56323448 kB
VmallocTotal:   263061440 kB
VmallocUsed:       98388 kB
VmallocChunk:          0 kB
Percpu:             7584 kB
CmaTotal:         294912 kB
CmaFree:               0 kB
MemTotal:       12113144 kB
MemFree:         6980364 kB
MemAvailable:    8377708 kB
Buffers:            5844 kB
Cached:          1620276 kB
SwapCached:            0 kB
Active:          1331708 kB
Inactive:        1411564 kB
Active(anon):    1123676 kB
Inactive(anon):    20788 kB
Active(file):     208032 kB
Inactive(file):  1390776 kB
Unevictable:        5692 kB
Mlocked:            5692 kB
SwapTotal:       3145724 kB
SwapFree:        3145724 kB
Dirty:               108 kB
Writeback:             0 kB
AnonPages:       1122928 kB
Mapped:           804380 kB
Shmem:             22660 kB
KReclaimable:     667240 kB
Slab:             202324 kB
SReclaimable:      66848 kB
SUnreclaim:       135476 kB
KernelStack:       41536 kB
PageTables:        55660 kB
NFS_Unstable:          0 kB
Bounce:                0 kB
WritebackTmp:          0 kB
CommitLimit:     9202296 kB
Committed_AS:   56323316 kB
VmallocTotal:   263061440 kB
VmallocUsed:       98388 kB
VmallocChunk:          0 kB
Percpu:             7584 kB
CmaTotal:         294912 kB
CmaFree:               0 kB
MemTotal:       12113144 kB
MemFree:         6993132 kB
MemAvailable:    8390476 kB
Buffers:            5844 kB
Cached:          1620276 kB
SwapCached:            0 kB
Active:          1319836 kB
Inactive:        1411564 kB
Active(anon):    1111804 kB
Inactive(anon):    20788 kB
Active(file):     208032 kB
Inactive(file):  1390776 kB
Unevictable:        5692 kB
Mlocked:            5692 kB
SwapTotal:       3145724 kB
SwapFree:        3145724 kB
Dirty:               108 kB
Writeback:             0 kB
AnonPages:       1111032 kB
Mapped:           804504 kB
Shmem:             22660 kB
KReclaimable:     667240 kB
Slab:             202308 kB
SReclaimable:      66848 kB
SUnreclaim:       135460 kB
KernelStack:       41536 kB
PageTables:        55636 kB
NFS_Unstable:          0 kB
Bounce:                0 kB
WritebackTmp:          0 kB
CommitLimit:     9202296 kB
Committed_AS:   56323828 kB
VmallocTotal:   263061440 kB
VmallocUsed:       98372 kB
VmallocChunk:          0 kB
Percpu:             7584 kB
CmaTotal:         294912 kB
CmaFree:               0 kB
MemTotal:       12113144 kB
MemFree:         6992084 kB
MemAvailable:    8389428 kB
Buffers:            5844 kB
Cached:          1620276 kB
SwapCached:            0 kB
Active:          1320192 kB
Inactive:        1411564 kB
Active(anon):    1112160 kB
Inactive(anon):    20788 kB
Active(file):     208032 kB
Inactive(file):  1390776 kB
Unevictable:        5692 kB
Mlocked:            5692 kB
SwapTotal:       3145724 kB
SwapFree:        3145724 kB
Dirty:               108 kB
Writeback:             0 kB
AnonPages:       1111428 kB
Mapped:           804564 kB
Shmem:             22660 kB
KReclaimable:     667240 kB
Slab:             202348 kB
SReclaimable:      66848 kB
SUnreclaim:       135500 kB
KernelStack:       41504 kB
PageTables:        55532 kB
NFS_Unstable:          0 kB
Bounce:                0 kB
WritebackTmp:          0 kB
CommitLimit:     9202296 kB
Committed_AS:   56323952 kB
VmallocTotal:   263061440 kB
VmallocUsed:       98420 kB
VmallocChunk:          0 kB
Percpu:             7584 kB
CmaTotal:         294912 kB
CmaFree:               0 kB
MemTotal:       12113144 kB
MemFree:         6992868 kB
MemAvailable:    8390228 kB
Buffers:            5848 kB
Cached:          1620288 kB
SwapCached:            0 kB
Active:          1320440 kB
Inactive:        1411576 kB
Active(anon):    1112404 kB
Inactive(anon):    20788 kB
Active(file):     208036 kB
Inactive(file):  1390788 kB
Unevictable:        5692 kB
Mlocked:            5692 kB
SwapTotal:       3145724 kB
SwapFree:        3145724 kB
Dirty:               132 kB
Writeback:             0 kB
AnonPages:       1111760 kB
Mapped:           804580 kB
Shmem:             22660 kB
KReclaimable:     667240 kB
Slab:             202316 kB
SReclaimable:      66848 kB
SUnreclaim:       135468 kB
KernelStack:       41504 kB
PageTables:        55608 kB
NFS_Unstable:          0 kB
Bounce:                0 kB
WritebackTmp:          0 kB
CommitLimit:     9202296 kB
Committed_AS:   56318428 kB
VmallocTotal:   263061440 kB
VmallocUsed:       98404 kB
VmallocChunk:          0 kB
Percpu:             7584 kB
CmaTotal:         294912 kB
CmaFree:               0 kB
MemTotal:       12113144 kB
MemFree:         6992176 kB
MemAvailable:    8389536 kB
Buffers:            5848 kB
Cached:          1620288 kB
SwapCached:            0 kB
Active:          1320876 kB
Inactive:        1411576 kB
Active(anon):    1112840 kB
Inactive(anon):    20788 kB
Active(file):     208036 kB
Inactive(file):  1390788 kB
Unevictable:        5692 kB
Mlocked:            5692 kB
SwapTotal:       3145724 kB
SwapFree:        3145724 kB
Dirty:               132 kB
Writeback:             0 kB
AnonPages:       1112124 kB
Mapped:           804580 kB
Shmem:             22660 kB
KReclaimable:     667240 kB
Slab:             202340 kB
SReclaimable:      66848 kB
SUnreclaim:       135492 kB
KernelStack:       41504 kB
PageTables:        55604 kB
NFS_Unstable:          0 kB
Bounce:                0 kB
WritebackTmp:          0 kB
CommitLimit:     9202296 kB
Committed_AS:   56319992 kB
VmallocTotal:   263061440 kB
VmallocUsed:       98420 kB
VmallocChunk:          0 kB
Percpu:             7584 kB
CmaTotal:         294912 kB
CmaFree:               0 kB
MemTotal:       12113144 kB
MemFree:         6991484 kB
MemAvailable:    8388844 kB
Buffers:            5848 kB
Cached:          1620288 kB
SwapCached:            0 kB
Active:          1321296 kB
Inactive:        1411576 kB
Active(anon):    1113260 kB
Inactive(anon):    20788 kB
Active(file):     208036 kB
Inactive(file):  1390788 kB
Unevictable:        5692 kB
Mlocked:            5692 kB
SwapTotal:       3145724 kB
SwapFree:        3145724 kB
Dirty:               136 kB
Writeback:             0 kB
AnonPages:       1112488 kB
Mapped:           804580 kB
Shmem:             22660 kB
KReclaimable:     667240 kB
Slab:             202348 kB
SReclaimable:      66848 kB
SUnreclaim:       135500 kB
KernelStack:       41504 kB
PageTables:        55604 kB
NFS_Unstable:          0 kB
Bounce:                0 kB
WritebackTmp:          0 kB
CommitLimit:     9202296 kB
Committed_AS:   56321232 kB
VmallocTotal:   263061440 kB
VmallocUsed:       98420 kB
VmallocChunk:          0 kB
Percpu:             7584 kB
CmaTotal:         294912 kB
CmaFree:               0 kB
MemTotal:       12113144 kB
MemFree:         6992192 kB
MemAvailable:    8389552 kB
Buffers:            5848 kB
Cached:          1620288 kB
SwapCached:            0 kB
Active:          1320288 kB
Inactive:        1411576 kB
Active(anon):    1112252 kB
Inactive(anon):    20788 kB
Active(file):     208036 kB
Inactive(file):  1390788 kB
Unevictable:        5692 kB
Mlocked:            5692 kB
SwapTotal:       3145724 kB
SwapFree:        3145724 kB
Dirty:               152 kB
Writeback:             0 kB
AnonPages:       1111420 kB
Mapped:           804580 kB
Shmem:             22660 kB
KReclaimable:     667240 kB
Slab:             202324 kB
SReclaimable:      66848 kB
SUnreclaim:       135476 kB
KernelStack:       41536 kB
PageTables:        55664 kB
NFS_Unstable:          0 kB
Bounce:                0 kB
WritebackTmp:          0 kB
CommitLimit:     9202296 kB
Committed_AS:   56324872 kB
VmallocTotal:   263061440 kB
VmallocUsed:       98404 kB
VmallocChunk:          0 kB
Percpu:             7584 kB
CmaTotal:         294912 kB
CmaFree:               0 kB
MemTotal:       12113144 kB
MemFree:         6992076 kB
MemAvailable:    8389436 kB
Buffers:            5848 kB
Cached:          1620288 kB
SwapCached:            0 kB
Active:          1320540 kB
Inactive:        1411576 kB
Active(anon):    1112504 kB
Inactive(anon):    20788 kB
Active(file):     208036 kB
Inactive(file):  1390788 kB
Unevictable:        5692 kB
Mlocked:            5692 kB
SwapTotal:       3145724 kB
SwapFree:        3145724 kB
Dirty:               160 kB
Writeback:             0 kB
AnonPages:       1111860 kB
Mapped:           804580 kB
Shmem:             22660 kB
KReclaimable:     667240 kB
Slab:             202316 kB
SReclaimable:      66848 kB
SUnreclaim:       135468 kB
KernelStack:       41504 kB
PageTables:        55604 kB
NFS_Unstable:          0 kB
Bounce:                0 kB
WritebackTmp:          0 kB
CommitLimit:     9202296 kB
Committed_AS:   56324564 kB
VmallocTotal:   263061440 kB
VmallocUsed:       98404 kB
VmallocChunk:          0 kB
Percpu:             7584 kB
CmaTotal:         294912 kB
CmaFree:               0 kB
MemTotal:       12113144 kB
MemFree:         6992088 kB
MemAvailable:    8389448 kB
Buffers:            5848 kB
Cached:          1620288 kB
SwapCached:            0 kB
Active:          1320864 kB
Inactive:        1411576 kB
Active(anon):    1112828 kB
Inactive(anon):    20788 kB
Active(file):     208036 kB
Inactive(file):  1390788 kB
Unevictable:        5692 kB
Mlocked:            5692 kB
SwapTotal:       3145724 kB
SwapFree:        3145724 kB
Dirty:               160 kB
Writeback:             0 kB
AnonPages:       1112148 kB
Mapped:           804580 kB
Shmem:             22660 kB
KReclaimable:     667240 kB
Slab:             202308 kB
SReclaimable:      66848 kB
SUnreclaim:       135460 kB
KernelStack:       41472 kB
PageTables:        55604 kB
NFS_Unstable:          0 kB
Bounce:                0 kB
WritebackTmp:          0 kB
CommitLimit:     9202296 kB
Committed_AS:   56324536 kB
VmallocTotal:   263061440 kB
VmallocUsed:       98388 kB
VmallocChunk:          0 kB
Percpu:             7584 kB
CmaTotal:         294912 kB
CmaFree:               0 kB
MemTotal:       12113144 kB
MemFree:         6991028 kB
MemAvailable:    8388376 kB
Buffers:            5848 kB
Cached:          1620276 kB
SwapCached:            0 kB
Active:          1322468 kB
Inactive:        1411568 kB
Active(anon):    1114436 kB
Inactive(anon):    20788 kB
Active(file):     208032 kB
Inactive(file):  1390780 kB
Unevictable:        5692 kB
Mlocked:            5692 kB
SwapTotal:       3145724 kB
SwapFree:        3145724 kB
Dirty:               156 kB
Writeback:             0 kB
AnonPages:       1113380 kB
Mapped:           804588 kB
Shmem:             22660 kB
KReclaimable:     667240 kB
Slab:             202396 kB
SReclaimable:      66848 kB
SUnreclaim:       135548 kB
KernelStack:       41488 kB
PageTables:        55612 kB
NFS_Unstable:          0 kB
Bounce:                0 kB
WritebackTmp:          0 kB
CommitLimit:     9202296 kB
Committed_AS:   56324228 kB
VmallocTotal:   263061440 kB
VmallocUsed:       98388 kB
VmallocChunk:          0 kB
Percpu:             7584 kB
CmaTotal:         294912 kB
CmaFree:               0 kB
MemTotal:       12113144 kB
MemFree:         6991228 kB
MemAvailable:    8388588 kB
Buffers:            5848 kB
Cached:          1620288 kB
SwapCached:            0 kB
Active:          1322324 kB
Inactive:        1411576 kB
Active(anon):    1114288 kB
Inactive(anon):    20788 kB
Active(file):     208036 kB
Inactive(file):  1390788 kB
Unevictable:        5692 kB
Mlocked:            5692 kB
SwapTotal:       3145724 kB
SwapFree:        3145724 kB
Dirty:               120 kB
Writeback:             0 kB
AnonPages:       1113520 kB
Mapped:           804360 kB
Shmem:             22660 kB
KReclaimable:     667240 kB
Slab:             202324 kB
SReclaimable:      66848 kB
SUnreclaim:       135476 kB
KernelStack:       41504 kB
PageTables:        55620 kB
NFS_Unstable:          0 kB
Bounce:                0 kB
WritebackTmp:          0 kB
CommitLimit:     9202296 kB
Committed_AS:   56324096 kB
VmallocTotal:   263061440 kB
VmallocUsed:       98404 kB
VmallocChunk:          0 kB
Percpu:             7584 kB
CmaTotal:         294912 kB
CmaFree:               0 kB
MemTotal:       12113144 kB
MemFree:         6990744 kB
MemAvailable:    8388104 kB
Buffers:            5848 kB
Cached:          1620288 kB
SwapCached:            0 kB
Active:          1323024 kB
Inactive:        1411576 kB
Active(anon):    1114988 kB
Inactive(anon):    20788 kB
Active(file):     208036 kB
Inactive(file):  1390788 kB
Unevictable:        5692 kB
Mlocked:            5692 kB
SwapTotal:       3145724 kB
SwapFree:        3145724 kB
Dirty:               148 kB
Writeback:             0 kB
AnonPages:       1114320 kB
Mapped:           804580 kB
Shmem:             22660 kB
KReclaimable:     667240 kB
Slab:             202324 kB
SReclaimable:      66848 kB
SUnreclaim:       135476 kB
KernelStack:       41504 kB
PageTables:        55588 kB
NFS_Unstable:          0 kB
Bounce:                0 kB
WritebackTmp:          0 kB
CommitLimit:     9202296 kB
Committed_AS:   56324132 kB
VmallocTotal:   263061440 kB
VmallocUsed:       98420 kB
VmallocChunk:          0 kB
Percpu:             7584 kB
CmaTotal:         294912 kB
CmaFree:               0 kB
MemTotal:       12113144 kB
MemFree:         6990068 kB
MemAvailable:    8387428 kB
Buffers:            5848 kB
Cached:          1620288 kB
SwapCached:            0 kB
Active:          1323288 kB
Inactive:        1411576 kB
Active(anon):    1115252 kB
Inactive(anon):    20788 kB
Active(file):     208036 kB
Inactive(file):  1390788 kB
Unevictable:        5692 kB
Mlocked:            5692 kB
SwapTotal:       3145724 kB
SwapFree:        3145724 kB
Dirty:               160 kB
Writeback:             0 kB
AnonPages:       1114456 kB
Mapped:           804320 kB
Shmem:             22660 kB
KReclaimable:     667240 kB
Slab:             202332 kB
SReclaimable:      66848 kB
SUnreclaim:       135484 kB
KernelStack:       41488 kB
PageTables:        55588 kB
NFS_Unstable:          0 kB
Bounce:                0 kB
WritebackTmp:          0 kB
CommitLimit:     9202296 kB
Committed_AS:   56323920 kB
VmallocTotal:   263061440 kB
VmallocUsed:       98404 kB
VmallocChunk:          0 kB
Percpu:             7584 kB
CmaTotal:         294912 kB
CmaFree:               0 kB
MemTotal:       12113144 kB
MemFree:         6989772 kB
MemAvailable:    8387136 kB
Buffers:            5848 kB
Cached:          1620292 kB
SwapCached:            0 kB
Active:          1323424 kB
Inactive:        1411580 kB
Active(anon):    1115388 kB
Inactive(anon):    20788 kB
Active(file):     208036 kB
Inactive(file):  1390792 kB
Unevictable:        5692 kB
Mlocked:            5692 kB
SwapTotal:       3145724 kB
SwapFree:        3145724 kB
Dirty:               172 kB
Writeback:             0 kB
AnonPages:       1114784 kB
Mapped:           804580 kB
Shmem:             22660 kB
KReclaimable:     667240 kB
Slab:             202316 kB
SReclaimable:      66848 kB
SUnreclaim:       135468 kB
KernelStack:       41456 kB
PageTables:        55584 kB
NFS_Unstable:          0 kB
Bounce:                0 kB
WritebackTmp:          0 kB
CommitLimit:     9202296 kB
Committed_AS:   56324556 kB
VmallocTotal:   263061440 kB
VmallocUsed:       98372 kB
VmallocChunk:          0 kB
Percpu:             7584 kB
CmaTotal:         294912 kB
CmaFree:               0 kB
MemTotal:       12113144 kB
MemFree:         6988664 kB
MemAvailable:    8386028 kB
Buffers:            5848 kB
Cached:          1620292 kB
SwapCached:            0 kB
Active:          1324044 kB
Inactive:        1411580 kB
Active(anon):    1116008 kB
Inactive(anon):    20788 kB
Active(file):     208036 kB
Inactive(file):  1390792 kB
Unevictable:        5692 kB
Mlocked:            5692 kB
SwapTotal:       3145724 kB
SwapFree:        3145724 kB
Dirty:               180 kB
Writeback:             0 kB
AnonPages:       1115264 kB
Mapped:           804580 kB
Shmem:             22660 kB
KReclaimable:     667240 kB
Slab:             202324 kB
SReclaimable:      66848 kB
SUnreclaim:       135476 kB
KernelStack:       41456 kB
PageTables:        55584 kB
NFS_Unstable:          0 kB
Bounce:                0 kB
WritebackTmp:          0 kB
CommitLimit:     9202296 kB
Committed_AS:   56319616 kB
VmallocTotal:   263061440 kB
VmallocUsed:       98356 kB
VmallocChunk:          0 kB
Percpu:             7584 kB
CmaTotal:         294912 kB
CmaFree:               0 kB
MemTotal:       12113144 kB
MemFree:         6988528 kB
MemAvailable:    8385892 kB
Buffers:            5848 kB
Cached:          1620292 kB
SwapCached:            0 kB
Active:          1324532 kB
Inactive:        1411580 kB
Active(anon):    1116496 kB
Inactive(anon):    20788 kB
Active(file):     208036 kB
Inactive(file):  1390792 kB
Unevictable:        5692 kB
Mlocked:            5692 kB
SwapTotal:       3145724 kB
SwapFree:        3145724 kB
Dirty:               208 kB
Writeback:             0 kB
AnonPages:       1115708 kB
Mapped:           804360 kB
Shmem:             22660 kB
KReclaimable:     667240 kB
Slab:             202324 kB
SReclaimable:      66848 kB
SUnreclaim:       135476 kB
KernelStack:       41472 kB
PageTables:        55508 kB
NFS_Unstable:          0 kB
Bounce:                0 kB
WritebackTmp:          0 kB
CommitLimit:     9202296 kB
Committed_AS:   56320672 kB
VmallocTotal:   263061440 kB
VmallocUsed:       98372 kB
VmallocChunk:          0 kB
Percpu:             7584 kB
CmaTotal:         294912 kB
CmaFree:               0 kB
MemTotal:       12113144 kB
MemFree:         6989316 kB
MemAvailable:    8386680 kB
Buffers:            5848 kB
Cached:          1620292 kB
SwapCached:            0 kB
Active:          1324296 kB
Inactive:        1411580 kB
Active(anon):    1116260 kB
Inactive(anon):    20788 kB
Active(file):     208036 kB
Inactive(file):  1390792 kB
Unevictable:        5692 kB
Mlocked:            5692 kB
SwapTotal:       3145724 kB
SwapFree:        3145724 kB
Dirty:               240 kB
Writeback:             0 kB
AnonPages:       1115652 kB
Mapped:           804376 kB
Shmem:             22660 kB
KReclaimable:     667240 kB
Slab:             202332 kB
SReclaimable:      66848 kB
SUnreclaim:       135484 kB
KernelStack:       41504 kB
PageTables:        55620 kB
NFS_Unstable:          0 kB
Bounce:                0 kB
WritebackTmp:          0 kB
CommitLimit:     9202296 kB
Committed_AS:   56320452 kB
VmallocTotal:   263061440 kB
VmallocUsed:       98356 kB
VmallocChunk:          0 kB
Percpu:             7584 kB
CmaTotal:         294912 kB
CmaFree:               0 kB
MemTotal:       12113144 kB
MemFree:         6988060 kB
MemAvailable:    8385424 kB
Buffers:            5848 kB
Cached:          1620292 kB
SwapCached:            0 kB
Active:          1324980 kB
Inactive:        1411580 kB
Active(anon):    1116944 kB
Inactive(anon):    20788 kB
Active(file):     208036 kB
Inactive(file):  1390792 kB
Unevictable:        5692 kB
Mlocked:            5692 kB
SwapTotal:       3145724 kB
SwapFree:        3145724 kB
Dirty:               260 kB
Writeback:             0 kB
AnonPages:       1116268 kB
Mapped:           804320 kB
Shmem:             22660 kB
KReclaimable:     667240 kB
Slab:             202332 kB
SReclaimable:      66848 kB
SUnreclaim:       135484 kB
KernelStack:       41472 kB
PageTables:        55588 kB
NFS_Unstable:          0 kB
Bounce:                0 kB
WritebackTmp:          0 kB
CommitLimit:     9202296 kB
Committed_AS:   56320256 kB
VmallocTotal:   263061440 kB
VmallocUsed:       98372 kB
VmallocChunk:          0 kB
Percpu:             7584 kB
CmaTotal:         294912 kB
CmaFree:               0 kB
MemTotal:       12113144 kB
MemFree:         6988000 kB
MemAvailable:    8385380 kB
Buffers:            5852 kB
Cached:          1620304 kB
SwapCached:            0 kB
Active:          1324992 kB
Inactive:        1411592 kB
Active(anon):    1116952 kB
Inactive(anon):    20788 kB
Active(file):     208040 kB
Inactive(file):  1390804 kB
Unevictable:        5692 kB
Mlocked:            5692 kB
SwapTotal:       3145724 kB
SwapFree:        3145724 kB
Dirty:               252 kB
Writeback:             0 kB
AnonPages:       1116124 kB
Mapped:           804496 kB
Shmem:             22660 kB
KReclaimable:     667240 kB
Slab:             202324 kB
SReclaimable:      66848 kB
SUnreclaim:       135476 kB
KernelStack:       41472 kB
PageTables:        55628 kB
NFS_Unstable:          0 kB
Bounce:                0 kB
WritebackTmp:          0 kB
CommitLimit:     9202296 kB
Committed_AS:   56319860 kB
VmallocTotal:   263061440 kB
VmallocUsed:       98372 kB
VmallocChunk:          0 kB
Percpu:             7584 kB
CmaTotal:         294912 kB
CmaFree:               0 kB
MemTotal:       12113144 kB
MemFree:         6987268 kB
MemAvailable:    8384648 kB
Buffers:            5852 kB
Cached:          1620304 kB
SwapCached:            0 kB
Active:          1325460 kB
Inactive:        1411592 kB
Active(anon):    1117420 kB
Inactive(anon):    20788 kB
Active(file):     208040 kB
Inactive(file):  1390804 kB
Unevictable:        5692 kB
Mlocked:            5692 kB
SwapTotal:       3145724 kB
SwapFree:        3145724 kB
Dirty:               252 kB
Writeback:             0 kB
AnonPages:       1116608 kB
Mapped:           804320 kB
Shmem:             22660 kB
KReclaimable:     667240 kB
Slab:             202308 kB
SReclaimable:      66848 kB
SUnreclaim:       135460 kB
KernelStack:       41456 kB
PageTables:        55712 kB
NFS_Unstable:          0 kB
Bounce:                0 kB
WritebackTmp:          0 kB
CommitLimit:     9202296 kB
Committed_AS:   56319508 kB
VmallocTotal:   263061440 kB
VmallocUsed:       98356 kB
VmallocChunk:          0 kB
Percpu:             7584 kB
CmaTotal:         294912 kB
CmaFree:               0 kB
MemTotal:       12113144 kB
MemFree:         6987136 kB
MemAvailable:    8384516 kB
Buffers:            5852 kB
Cached:          1620304 kB
SwapCached:            0 kB
Active:          1325672 kB
Inactive:        1411592 kB
Active(anon):    1117632 kB
Inactive(anon):    20788 kB
Active(file):     208040 kB
Inactive(file):  1390804 kB
Unevictable:        5692 kB
Mlocked:            5692 kB
SwapTotal:       3145724 kB
SwapFree:        3145724 kB
Dirty:               252 kB
Writeback:             0 kB
AnonPages:       1117016 kB
Mapped:           804580 kB
Shmem:             22660 kB
KReclaimable:     667240 kB
Slab:             202332 kB
SReclaimable:      66848 kB
SUnreclaim:       135484 kB
KernelStack:       41440 kB
PageTables:        55588 kB
NFS_Unstable:          0 kB
Bounce:                0 kB
WritebackTmp:          0 kB
CommitLimit:     9202296 kB
Committed_AS:   56319588 kB
VmallocTotal:   263061440 kB
VmallocUsed:       98356 kB
VmallocChunk:          0 kB
Percpu:             7584 kB
CmaTotal:         294912 kB
CmaFree:               0 kB
MemTotal:       12113144 kB
MemFree:         6986992 kB
MemAvailable:    8384372 kB
Buffers:            5852 kB
Cached:          1620304 kB
SwapCached:            0 kB
Active:          1326120 kB
Inactive:        1411592 kB
Active(anon):    1118080 kB
Inactive(anon):    20788 kB
Active(file):     208040 kB
Inactive(file):  1390804 kB
Unevictable:        5692 kB
Mlocked:            5692 kB
SwapTotal:       3145724 kB
SwapFree:        3145724 kB
Dirty:               252 kB
Writeback:             0 kB
AnonPages:       1117340 kB
Mapped:           804508 kB
Shmem:             22660 kB
KReclaimable:     667240 kB
Slab:             202292 kB
SReclaimable:      66848 kB
SUnreclaim:       135444 kB
KernelStack:       41472 kB
PageTables:        55628 kB
NFS_Unstable:          0 kB
Bounce:                0 kB
WritebackTmp:          0 kB
CommitLimit:     9202296 kB
Committed_AS:   56319368 kB
VmallocTotal:   263061440 kB
VmallocUsed:       98356 kB
VmallocChunk:          0 kB
Percpu:             7584 kB
CmaTotal:         294912 kB
CmaFree:               0 kB
MemTotal:       12113144 kB
MemFree:         6986584 kB
MemAvailable:    8383964 kB
Buffers:            5852 kB
Cached:          1620304 kB
SwapCached:            0 kB
Active:          1326500 kB
Inactive:        1411592 kB
Active(anon):    1118460 kB
Inactive(anon):    20788 kB
Active(file):     208040 kB
Inactive(file):  1390804 kB
Unevictable:        5692 kB
Mlocked:            5692 kB
SwapTotal:       3145724 kB
SwapFree:        3145724 kB
Dirty:               252 kB
Writeback:             0 kB
AnonPages:       1117808 kB
Mapped:           804580 kB
Shmem:             22660 kB
KReclaimable:     667240 kB
Slab:             202268 kB
SReclaimable:      66848 kB
SUnreclaim:       135420 kB
KernelStack:       41440 kB
PageTables:        55592 kB
NFS_Unstable:          0 kB
Bounce:                0 kB
WritebackTmp:          0 kB
CommitLimit:     9202296 kB
Committed_AS:   56319244 kB
VmallocTotal:   263061440 kB
VmallocUsed:       98340 kB
VmallocChunk:          0 kB
Percpu:             7584 kB
CmaTotal:         294912 kB
CmaFree:               0 kB
MemTotal:       12113144 kB
MemFree:         6984828 kB
MemAvailable:    8382208 kB
Buffers:            5852 kB
Cached:          1620304 kB
SwapCached:            0 kB
Active:          1326888 kB
Inactive:        1411592 kB
Active(anon):    1118848 kB
Inactive(anon):    20788 kB
Active(file):     208040 kB
Inactive(file):  1390804 kB
Unevictable:        5692 kB
Mlocked:            5692 kB
SwapTotal:       3145724 kB
SwapFree:        3145724 kB
Dirty:               264 kB
Writeback:             0 kB
AnonPages:       1118232 kB
Mapped:           804320 kB
Shmem:             22660 kB
KReclaimable:     667240 kB
Slab:             202284 kB
SReclaimable:      66848 kB
SUnreclaim:       135436 kB
KernelStack:       41440 kB
PageTables:        55596 kB
NFS_Unstable:          0 kB
Bounce:                0 kB
WritebackTmp:          0 kB
CommitLimit:     9202296 kB
Committed_AS:   56335948 kB
VmallocTotal:   263061440 kB
VmallocUsed:       98372 kB
VmallocChunk:          0 kB
Percpu:             7584 kB
CmaTotal:         294912 kB
CmaFree:               0 kB
MemTotal:       12113144 kB
MemFree:         6983936 kB
MemAvailable:    8381316 kB
Buffers:            5852 kB
Cached:          1620304 kB
SwapCached:            0 kB
Active:          1327364 kB
Inactive:        1411592 kB
Active(anon):    1119324 kB
Inactive(anon):    20788 kB
Active(file):     208040 kB
Inactive(file):  1390804 kB
Unevictable:        5692 kB
Mlocked:            5692 kB
SwapTotal:       3145724 kB
SwapFree:        3145724 kB
Dirty:               264 kB
Writeback:             0 kB
AnonPages:       1118748 kB
Mapped:           804360 kB
Shmem:             22660 kB
KReclaimable:     667240 kB
Slab:             202292 kB
SReclaimable:      66848 kB
SUnreclaim:       135444 kB
KernelStack:       41472 kB
PageTables:        55624 kB
NFS_Unstable:          0 kB
Bounce:                0 kB
WritebackTmp:          0 kB
CommitLimit:     9202296 kB
Committed_AS:   56336348 kB
VmallocTotal:   263061440 kB
VmallocUsed:       98372 kB
VmallocChunk:          0 kB
Percpu:             7584 kB
CmaTotal:         294912 kB
CmaFree:               0 kB
MemTotal:       12113144 kB
MemFree:         6983828 kB
MemAvailable:    8381208 kB
Buffers:            5852 kB
Cached:          1620304 kB
SwapCached:            0 kB
Active:          1327988 kB
Inactive:        1411592 kB
Active(anon):    1119948 kB
Inactive(anon):    20788 kB
Active(file):     208040 kB
Inactive(file):  1390804 kB
Unevictable:        5692 kB
Mlocked:            5692 kB
SwapTotal:       3145724 kB
SwapFree:        3145724 kB
Dirty:               108 kB
Writeback:             0 kB
AnonPages:       1119076 kB
Mapped:           804360 kB
Shmem:             22660 kB
KReclaimable:     667240 kB
Slab:             202308 kB
SReclaimable:      66848 kB
SUnreclaim:       135460 kB
KernelStack:       41456 kB
PageTables:        55616 kB
NFS_Unstable:          0 kB
Bounce:                0 kB
WritebackTmp:          0 kB
CommitLimit:     9202296 kB
Committed_AS:   56336348 kB
VmallocTotal:   263061440 kB
VmallocUsed:       98372 kB
VmallocChunk:          0 kB
Percpu:             7584 kB
CmaTotal:         294912 kB
CmaFree:               0 kB
MemTotal:       12113144 kB
MemFree:         6983044 kB
MemAvailable:    8380424 kB
Buffers:            5852 kB
Cached:          1620304 kB
SwapCached:            0 kB
Active:          1328672 kB
Inactive:        1411592 kB
Active(anon):    1120632 kB
Inactive(anon):    20788 kB
Active(file):     208040 kB
Inactive(file):  1390804 kB
Unevictable:        5692 kB
Mlocked:            5692 kB
SwapTotal:       3145724 kB
SwapFree:        3145724 kB
Dirty:               108 kB
Writeback:             0 kB
AnonPages:       1119900 kB
Mapped:           804360 kB
Shmem:             22660 kB
KReclaimable:     667240 kB
Slab:             202300 kB
SReclaimable:      66848 kB
SUnreclaim:       135452 kB
KernelStack:       41472 kB
PageTables:        55620 kB
NFS_Unstable:          0 kB
Bounce:                0 kB
WritebackTmp:          0 kB
CommitLimit:     9202296 kB
Committed_AS:   56336488 kB
VmallocTotal:   263061440 kB
VmallocUsed:       98372 kB
VmallocChunk:          0 kB
Percpu:             7584 kB
CmaTotal:         294912 kB
CmaFree:               0 kB
MemTotal:       12113144 kB
MemFree:         6982668 kB
MemAvailable:    8380048 kB
Buffers:            5852 kB
Cached:          1620304 kB
SwapCached:            0 kB
Active:          1328808 kB
Inactive:        1411592 kB
Active(anon):    1120768 kB
Inactive(anon):    20788 kB
Active(file):     208040 kB
Inactive(file):  1390804 kB
Unevictable:        5692 kB
Mlocked:            5692 kB
SwapTotal:       3145724 kB
SwapFree:        3145724 kB
Dirty:               120 kB
Writeback:             0 kB
AnonPages:       1120100 kB
Mapped:           804484 kB
Shmem:             22660 kB
KReclaimable:     667240 kB
Slab:             202196 kB
SReclaimable:      66848 kB
SUnreclaim:       135348 kB
KernelStack:       41492 kB
PageTables:        55512 kB
NFS_Unstable:          0 kB
Bounce:                0 kB
WritebackTmp:          0 kB
CommitLimit:     9202296 kB
Committed_AS:   56336188 kB
VmallocTotal:   263061440 kB
VmallocUsed:       98356 kB
VmallocChunk:          0 kB
Percpu:             7584 kB
CmaTotal:         294912 kB
CmaFree:               0 kB
MemTotal:       12113144 kB
MemFree:         6983112 kB
MemAvailable:    8380504 kB
Buffers:            5852 kB
Cached:          1620316 kB
SwapCached:            0 kB
Active:          1329384 kB
Inactive:        1411604 kB
Active(anon):    1121344 kB
Inactive(anon):    20788 kB
Active(file):     208040 kB
Inactive(file):  1390816 kB
Unevictable:        5692 kB
Mlocked:            5692 kB
SwapTotal:       3145724 kB
SwapFree:        3145724 kB
Dirty:               140 kB
Writeback:             0 kB
AnonPages:       1120492 kB
Mapped:           804384 kB
Shmem:             22660 kB
KReclaimable:     667240 kB
Slab:             202300 kB
SReclaimable:      66848 kB
SUnreclaim:       135452 kB
KernelStack:       41472 kB
PageTables:        55664 kB
NFS_Unstable:          0 kB
Bounce:                0 kB
WritebackTmp:          0 kB
CommitLimit:     9202296 kB
Committed_AS:   56336512 kB
VmallocTotal:   263061440 kB
VmallocUsed:       98356 kB
VmallocChunk:          0 kB
Percpu:             7584 kB
CmaTotal:         294912 kB
CmaFree:               0 kB
MemTotal:       12113144 kB
MemFree:         6982724 kB
MemAvailable:    8380116 kB
Buffers:            5852 kB
Cached:          1620324 kB
SwapCached:            0 kB
Active:          1329780 kB
Inactive:        1411612 kB
Active(anon):    1121740 kB
Inactive(anon):    20796 kB
Active(file):     208040 kB
Inactive(file):  1390816 kB
Unevictable:        5692 kB
Mlocked:            5692 kB
SwapTotal:       3145724 kB
SwapFree:        3145724 kB
Dirty:               140 kB
Writeback:             0 kB
AnonPages:       1121052 kB
Mapped:           804328 kB
Shmem:             22668 kB
KReclaimable:     667240 kB
Slab:             202308 kB
SReclaimable:      66848 kB
SUnreclaim:       135460 kB
KernelStack:       41440 kB
PageTables:        55596 kB
NFS_Unstable:          0 kB
Bounce:                0 kB
WritebackTmp:          0 kB
CommitLimit:     9202296 kB
Committed_AS:   56336472 kB
VmallocTotal:   263061440 kB
VmallocUsed:       98372 kB
VmallocChunk:          0 kB
Percpu:             7584 kB
CmaTotal:         294912 kB
CmaFree:               0 kB
MemTotal:       12113144 kB
MemFree:         6982156 kB
MemAvailable:    8379548 kB
Buffers:            5852 kB
Cached:          1620324 kB
SwapCached:            0 kB
Active:          1330092 kB
Inactive:        1411612 kB
Active(anon):    1122052 kB
Inactive(anon):    20796 kB
Active(file):     208040 kB
Inactive(file):  1390816 kB
Unevictable:        5692 kB
Mlocked:            5692 kB
SwapTotal:       3145724 kB
SwapFree:        3145724 kB
Dirty:               140 kB
Writeback:             0 kB
AnonPages:       1121312 kB
Mapped:           804368 kB
Shmem:             22668 kB
KReclaimable:     667240 kB
Slab:             202308 kB
SReclaimable:      66848 kB
SUnreclaim:       135460 kB
KernelStack:       41472 kB
PageTables:        55624 kB
NFS_Unstable:          0 kB
Bounce:                0 kB
WritebackTmp:          0 kB
CommitLimit:     9202296 kB
Committed_AS:   56336556 kB
VmallocTotal:   263061440 kB
VmallocUsed:       98372 kB
VmallocChunk:          0 kB
Percpu:             7584 kB
CmaTotal:         294912 kB
CmaFree:               0 kB
MemTotal:       12113144 kB
MemFree:         6981968 kB
MemAvailable:    8379360 kB
Buffers:            5852 kB
Cached:          1620324 kB
SwapCached:            0 kB
Active:          1330964 kB
Inactive:        1411612 kB
Active(anon):    1122924 kB
Inactive(anon):    20796 kB
Active(file):     208040 kB
Inactive(file):  1390816 kB
Unevictable:        5692 kB
Mlocked:            5692 kB
SwapTotal:       3145724 kB
SwapFree:        3145724 kB
Dirty:               140 kB
Writeback:             0 kB
AnonPages:       1122080 kB
Mapped:           804588 kB
Shmem:             22668 kB
KReclaimable:     667240 kB
Slab:             202308 kB
SReclaimable:      66848 kB
SUnreclaim:       135460 kB
KernelStack:       41472 kB
PageTables:        55616 kB
NFS_Unstable:          0 kB
Bounce:                0 kB
WritebackTmp:          0 kB
CommitLimit:     9202296 kB
Committed_AS:   56336388 kB
VmallocTotal:   263061440 kB
VmallocUsed:       98372 kB
VmallocChunk:          0 kB
Percpu:             7584 kB
CmaTotal:         294912 kB
CmaFree:               0 kB
MemTotal:       12113144 kB
MemFree:         6981756 kB
MemAvailable:    8379148 kB
Buffers:            5852 kB
Cached:          1620324 kB
SwapCached:            0 kB
Active:          1331300 kB
Inactive:        1411612 kB
Active(anon):    1123260 kB
Inactive(anon):    20796 kB
Active(file):     208040 kB
Inactive(file):  1390816 kB
Unevictable:        5692 kB
Mlocked:            5692 kB
SwapTotal:       3145724 kB
SwapFree:        3145724 kB
Dirty:               140 kB
Writeback:             0 kB
AnonPages:       1122432 kB
Mapped:           804328 kB
Shmem:             22668 kB
KReclaimable:     667240 kB
Slab:             202300 kB
SReclaimable:      66848 kB
SUnreclaim:       135452 kB
KernelStack:       41440 kB
PageTables:        55604 kB
NFS_Unstable:          0 kB
Bounce:                0 kB
WritebackTmp:          0 kB
CommitLimit:     9202296 kB
Committed_AS:   56330816 kB
VmallocTotal:   263061440 kB
VmallocUsed:       98356 kB
VmallocChunk:          0 kB
Percpu:             7584 kB
CmaTotal:         294912 kB
CmaFree:               0 kB
MemTotal:       12113144 kB
MemFree:         6981380 kB
MemAvailable:    8378772 kB
Buffers:            5852 kB
Cached:          1620324 kB
SwapCached:            0 kB
Active:          1331680 kB
Inactive:        1411612 kB
Active(anon):    1123640 kB
Inactive(anon):    20796 kB
Active(file):     208040 kB
Inactive(file):  1390816 kB
Unevictable:        5692 kB
Mlocked:            5692 kB
SwapTotal:       3145724 kB
SwapFree:        3145724 kB
Dirty:               124 kB
Writeback:             0 kB
AnonPages:       1122928 kB
Mapped:           804588 kB
Shmem:             22668 kB
KReclaimable:     667240 kB
Slab:             202292 kB
SReclaimable:      66848 kB
SUnreclaim:       135444 kB
KernelStack:       41440 kB
PageTables:        55596 kB
NFS_Unstable:          0 kB
Bounce:                0 kB
WritebackTmp:          0 kB
CommitLimit:     9202296 kB
Committed_AS:   56330720 kB
VmallocTotal:   263061440 kB
VmallocUsed:       98340 kB
VmallocChunk:          0 kB
Percpu:             7584 kB
CmaTotal:         294912 kB
CmaFree:               0 kB
MemTotal:       12113144 kB
MemFree:         6980296 kB
MemAvailable:    8377700 kB
Buffers:            5856 kB
Cached:          1620332 kB
SwapCached:            0 kB
Active:          1332072 kB
Inactive:        1411620 kB
Active(anon):    1124028 kB
Inactive(anon):    20796 kB
Active(file):     208044 kB
Inactive(file):  1390824 kB
Unevictable:        5692 kB
Mlocked:            5692 kB
SwapTotal:       3145724 kB
SwapFree:        3145724 kB
Dirty:               124 kB
Writeback:             0 kB
AnonPages:       1123296 kB
Mapped:           804588 kB
Shmem:             22668 kB
KReclaimable:     667240 kB
Slab:             202300 kB
SReclaimable:      66848 kB
SUnreclaim:       135452 kB
KernelStack:       41440 kB
PageTables:        55596 kB
NFS_Unstable:          0 kB
Bounce:                0 kB
WritebackTmp:          0 kB
CommitLimit:     9202296 kB
Committed_AS:   56330860 kB
VmallocTotal:   263061440 kB
VmallocUsed:       98324 kB
VmallocChunk:          0 kB
Percpu:             7584 kB
CmaTotal:         294912 kB
CmaFree:               0 kB
MemTotal:       12113144 kB
MemFree:         6980484 kB
MemAvailable:    8377888 kB
Buffers:            5856 kB
Cached:          1620332 kB
SwapCached:            0 kB
Active:          1332620 kB
Inactive:        1411620 kB
Active(anon):    1124576 kB
Inactive(anon):    20796 kB
Active(file):     208044 kB
Inactive(file):  1390824 kB
Unevictable:        5692 kB
Mlocked:            5692 kB
SwapTotal:       3145724 kB
SwapFree:        3145724 kB
Dirty:               124 kB
Writeback:             0 kB
AnonPages:       1123752 kB
Mapped:           804588 kB
Shmem:             22668 kB
KReclaimable:     667240 kB
Slab:             202308 kB
SReclaimable:      66848 kB
SUnreclaim:       135460 kB
KernelStack:       41472 kB
PageTables:        55612 kB
NFS_Unstable:          0 kB
Bounce:                0 kB
WritebackTmp:          0 kB
CommitLimit:     9202296 kB
Committed_AS:   56336344 kB
VmallocTotal:   263061440 kB
VmallocUsed:       98324 kB
VmallocChunk:          0 kB
Percpu:             7584 kB
CmaTotal:         294912 kB
CmaFree:               0 kB
MemTotal:       12113144 kB
MemFree:         6980684 kB
MemAvailable:    8378088 kB
Buffers:            5856 kB
Cached:          1620336 kB
SwapCached:            0 kB
Active:          1332868 kB
Inactive:        1411624 kB
Active(anon):    1124824 kB
Inactive(anon):    20800 kB
Active(file):     208044 kB
Inactive(file):  1390824 kB
Unevictable:        5692 kB
Mlocked:            5692 kB
SwapTotal:       3145724 kB
SwapFree:        3145724 kB
Dirty:               124 kB
Writeback:             0 kB
AnonPages:       1124100 kB
Mapped:           804592 kB
Shmem:             22672 kB
KReclaimable:     667240 kB
Slab:             202300 kB
SReclaimable:      66848 kB
SUnreclaim:       135452 kB
KernelStack:       41440 kB
PageTables:        55596 kB
NFS_Unstable:          0 kB
Bounce:                0 kB
WritebackTmp:          0 kB
CommitLimit:     9202296 kB
Committed_AS:   56336256 kB
VmallocTotal:   263061440 kB
VmallocUsed:       98340 kB
VmallocChunk:          0 kB
Percpu:             7584 kB
CmaTotal:         294912 kB
CmaFree:               0 kB
MemTotal:       12113144 kB
MemFree:         6978800 kB
MemAvailable:    8376204 kB
Buffers:            5856 kB
Cached:          1620336 kB
SwapCached:            0 kB
Active:          1333264 kB
Inactive:        1411624 kB
Active(anon):    1125220 kB
Inactive(anon):    20800 kB
Active(file):     208044 kB
Inactive(file):  1390824 kB
Unevictable:        5692 kB
Mlocked:            5692 kB
SwapTotal:       3145724 kB
SwapFree:        3145724 kB
Dirty:               124 kB
Writeback:             0 kB
AnonPages:       1124540 kB
Mapped:           804592 kB
Shmem:             22672 kB
KReclaimable:     667240 kB
Slab:             202300 kB
SReclaimable:      66848 kB
SUnreclaim:       135452 kB
KernelStack:       41472 kB
PageTables:        55596 kB
NFS_Unstable:          0 kB
Bounce:                0 kB
WritebackTmp:          0 kB
CommitLimit:     9202296 kB
Committed_AS:   56340132 kB
VmallocTotal:   263061440 kB
VmallocUsed:       98388 kB
VmallocChunk:          0 kB
Percpu:             7584 kB
CmaTotal:         294912 kB
CmaFree:               0 kB
MemTotal:       12113144 kB
MemFree:         6978516 kB
MemAvailable:    8375920 kB
Buffers:            5856 kB
Cached:          1620336 kB
SwapCached:            0 kB
Active:          1333716 kB
Inactive:        1411624 kB
Active(anon):    1125672 kB
Inactive(anon):    20800 kB
Active(file):     208044 kB
Inactive(file):  1390824 kB
Unevictable:        5692 kB
Mlocked:            5692 kB
SwapTotal:       3145724 kB
SwapFree:        3145724 kB
Dirty:               124 kB
Writeback:             0 kB
AnonPages:       1124964 kB
Mapped:           804592 kB
Shmem:             22672 kB
KReclaimable:     667240 kB
Slab:             202284 kB
SReclaimable:      66848 kB
SUnreclaim:       135436 kB
KernelStack:       41472 kB
PageTables:        55596 kB
NFS_Unstable:          0 kB
Bounce:                0 kB
WritebackTmp:          0 kB
CommitLimit:     9202296 kB
Committed_AS:   56339912 kB
VmallocTotal:   263061440 kB
VmallocUsed:       98404 kB
VmallocChunk:          0 kB
Percpu:             7584 kB
CmaTotal:         294912 kB
CmaFree:               0 kB
MemTotal:       12113144 kB
MemFree:         6977436 kB
MemAvailable:    8374840 kB
Buffers:            5856 kB
Cached:          1620336 kB
SwapCached:            0 kB
Active:          1333892 kB
Inactive:        1411624 kB
Active(anon):    1125848 kB
Inactive(anon):    20800 kB
Active(file):     208044 kB
Inactive(file):  1390824 kB
Unevictable:        5692 kB
Mlocked:            5692 kB
SwapTotal:       3145724 kB
SwapFree:        3145724 kB
Dirty:               124 kB
Writeback:             0 kB
AnonPages:       1124976 kB
Mapped:           804532 kB
Shmem:             22672 kB
KReclaimable:     667240 kB
Slab:             202316 kB
SReclaimable:      66848 kB
SUnreclaim:       135468 kB
KernelStack:       41504 kB
PageTables:        55644 kB
NFS_Unstable:          0 kB
Bounce:                0 kB
WritebackTmp:          0 kB
CommitLimit:     9202296 kB
Committed_AS:   56339656 kB
VmallocTotal:   263061440 kB
VmallocUsed:       98404 kB
VmallocChunk:          0 kB
Percpu:             7584 kB
CmaTotal:         294912 kB
CmaFree:               0 kB
MemTotal:       12113144 kB
MemFree:         6977648 kB
MemAvailable:    8375052 kB
Buffers:            5856 kB
Cached:          1620336 kB
SwapCached:            0 kB
Active:          1334284 kB
Inactive:        1411624 kB
Active(anon):    1126240 kB
Inactive(anon):    20800 kB
Active(file):     208044 kB
Inactive(file):  1390824 kB
Unevictable:        5692 kB
Mlocked:            5692 kB
SwapTotal:       3145724 kB
SwapFree:        3145724 kB
Dirty:               108 kB
Writeback:             0 kB
AnonPages:       1125592 kB
Mapped:           804592 kB
Shmem:             22672 kB
KReclaimable:     667240 kB
Slab:             202308 kB
SReclaimable:      66848 kB
SUnreclaim:       135460 kB
KernelStack:       41472 kB
PageTables:        55596 kB
NFS_Unstable:          0 kB
Bounce:                0 kB
WritebackTmp:          0 kB
CommitLimit:     9202296 kB
Committed_AS:   56340060 kB
VmallocTotal:   263061440 kB
VmallocUsed:       98436 kB
VmallocChunk:          0 kB
Percpu:             7584 kB
CmaTotal:         294912 kB
CmaFree:               0 kB
MemTotal:       12113144 kB
MemFree:         6977944 kB
MemAvailable:    8375348 kB
Buffers:            5856 kB
Cached:          1620336 kB
SwapCached:            0 kB
Active:          1333812 kB
Inactive:        1411624 kB
Active(anon):    1125768 kB
Inactive(anon):    20800 kB
Active(file):     208044 kB
Inactive(file):  1390824 kB
Unevictable:        5692 kB
Mlocked:            5692 kB
SwapTotal:       3145724 kB
SwapFree:        3145724 kB
Dirty:               108 kB
Writeback:             0 kB
AnonPages:       1125184 kB
Mapped:           804332 kB
Shmem:             22672 kB
KReclaimable:     667240 kB
Slab:             202292 kB
SReclaimable:      66848 kB
SUnreclaim:       135444 kB
KernelStack:       41472 kB
PageTables:        55604 kB
NFS_Unstable:          0 kB
Bounce:                0 kB
WritebackTmp:          0 kB
CommitLimit:     9202296 kB
Committed_AS:   56339796 kB
VmallocTotal:   263061440 kB
VmallocUsed:       98436 kB
VmallocChunk:          0 kB
Percpu:             7584 kB
CmaTotal:         294912 kB
CmaFree:               0 kB
MemTotal:       12113144 kB
MemFree:         6977068 kB
MemAvailable:    8374472 kB
Buffers:            5856 kB
Cached:          1620336 kB
SwapCached:            0 kB
Active:          1334180 kB
Inactive:        1411624 kB
Active(anon):    1126136 kB
Inactive(anon):    20800 kB
Active(file):     208044 kB
Inactive(file):  1390824 kB
Unevictable:        5692 kB
Mlocked:            5692 kB
SwapTotal:       3145724 kB
SwapFree:        3145724 kB
Dirty:               108 kB
Writeback:             0 kB
AnonPages:       1125352 kB
Mapped:           804592 kB
Shmem:             22672 kB
KReclaimable:     667240 kB
Slab:             202316 kB
SReclaimable:      66848 kB
SUnreclaim:       135468 kB
KernelStack:       41472 kB
PageTables:        55600 kB
NFS_Unstable:          0 kB
Bounce:                0 kB
WritebackTmp:          0 kB
CommitLimit:     9202296 kB
Committed_AS:   56343136 kB
VmallocTotal:   263061440 kB
VmallocUsed:       98436 kB
VmallocChunk:          0 kB
Percpu:             7584 kB
CmaTotal:         294912 kB
CmaFree:               0 kB
MemTotal:       12113144 kB
MemFree:         6977428 kB
MemAvailable:    8374840 kB
Buffers:            5856 kB
Cached:          1620344 kB
SwapCached:            0 kB
Active:          1333804 kB
Inactive:        1411632 kB
Active(anon):    1125760 kB
Inactive(anon):    20800 kB
Active(file):     208044 kB
Inactive(file):  1390832 kB
Unevictable:        5692 kB
Mlocked:            5692 kB
SwapTotal:       3145724 kB
SwapFree:        3145724 kB
Dirty:               164 kB
Writeback:             0 kB
AnonPages:       1125100 kB
Mapped:           804332 kB
Shmem:             22672 kB
KReclaimable:     667240 kB
Slab:             202292 kB
SReclaimable:      66848 kB
SUnreclaim:       135444 kB
KernelStack:       41472 kB
PageTables:        55600 kB
NFS_Unstable:          0 kB
Bounce:                0 kB
WritebackTmp:          0 kB
CommitLimit:     9202296 kB
Committed_AS:   56343356 kB
VmallocTotal:   263061440 kB
VmallocUsed:       98420 kB
VmallocChunk:          0 kB
Percpu:             7584 kB
CmaTotal:         294912 kB
CmaFree:               0 kB
MemTotal:       12113144 kB
MemFree:         6977000 kB
MemAvailable:    8374412 kB
Buffers:            5856 kB
Cached:          1620344 kB
SwapCached:            0 kB
Active:          1334176 kB
Inactive:        1411632 kB
Active(anon):    1126132 kB
Inactive(anon):    20800 kB
Active(file):     208044 kB
Inactive(file):  1390832 kB
Unevictable:        5692 kB
Mlocked:            5692 kB
SwapTotal:       3145724 kB
SwapFree:        3145724 kB
Dirty:               164 kB
Writeback:             0 kB
AnonPages:       1125472 kB
Mapped:           804372 kB
Shmem:             22672 kB
KReclaimable:     667240 kB
Slab:             202316 kB
SReclaimable:      66848 kB
SUnreclaim:       135468 kB
KernelStack:       41488 kB
PageTables:        55624 kB
NFS_Unstable:          0 kB
Bounce:                0 kB
WritebackTmp:          0 kB
CommitLimit:     9202296 kB
Committed_AS:   56343224 kB
VmallocTotal:   263061440 kB
VmallocUsed:       98404 kB
VmallocChunk:          0 kB
Percpu:             7584 kB
CmaTotal:         294912 kB
CmaFree:               0 kB
MemTotal:       12113144 kB
MemFree:         6977404 kB
MemAvailable:    8374816 kB
Buffers:            5856 kB
Cached:          1620344 kB
SwapCached:            0 kB
Active:          1334300 kB
Inactive:        1411632 kB
Active(anon):    1126256 kB
Inactive(anon):    20800 kB
Active(file):     208044 kB
Inactive(file):  1390832 kB
Unevictable:        5692 kB
Mlocked:            5692 kB
SwapTotal:       3145724 kB
SwapFree:        3145724 kB
Dirty:               112 kB
Writeback:             0 kB
AnonPages:       1125504 kB
Mapped:           804592 kB
Shmem:             22672 kB
KReclaimable:     667240 kB
Slab:             202316 kB
SReclaimable:      66848 kB
SUnreclaim:       135468 kB
KernelStack:       41456 kB
PageTables:        55608 kB
NFS_Unstable:          0 kB
Bounce:                0 kB
WritebackTmp:          0 kB
CommitLimit:     9202296 kB
Committed_AS:   56343400 kB
VmallocTotal:   263061440 kB
VmallocUsed:       98420 kB
VmallocChunk:          0 kB
Percpu:             7584 kB
CmaTotal:         294912 kB
CmaFree:               0 kB
MemTotal:       12113144 kB
MemFree:         6977548 kB
MemAvailable:    8374960 kB
Buffers:            5856 kB
Cached:          1620344 kB
SwapCached:            0 kB
Active:          1334676 kB
Inactive:        1411632 kB
Active(anon):    1126632 kB
Inactive(anon):    20800 kB
Active(file):     208044 kB
Inactive(file):  1390832 kB
Unevictable:        5692 kB
Mlocked:            5692 kB
SwapTotal:       3145724 kB
SwapFree:        3145724 kB
Dirty:               112 kB
Writeback:             0 kB
AnonPages:       1125776 kB
Mapped:           804296 kB
Shmem:             22672 kB
KReclaimable:     667240 kB
Slab:             202300 kB
SReclaimable:      66848 kB
SUnreclaim:       135452 kB
KernelStack:       41456 kB
PageTables:        55804 kB
NFS_Unstable:          0 kB
Bounce:                0 kB
WritebackTmp:          0 kB
CommitLimit:     9202296 kB
Committed_AS:   56339156 kB
VmallocTotal:   263061440 kB
VmallocUsed:       98404 kB
VmallocChunk:          0 kB
Percpu:             7584 kB
CmaTotal:         294912 kB
CmaFree:               0 kB
MemTotal:       12113144 kB
MemFree:         6977508 kB
MemAvailable:    8374916 kB
Buffers:            5856 kB
Cached:          1620344 kB
SwapCached:            0 kB
Active:          1335176 kB
Inactive:        1411632 kB
Active(anon):    1127132 kB
Inactive(anon):    20800 kB
Active(file):     208044 kB
Inactive(file):  1390832 kB
Unevictable:        5692 kB
Mlocked:            5692 kB
SwapTotal:       3145724 kB
SwapFree:        3145724 kB
Dirty:               140 kB
Writeback:             0 kB
AnonPages:       1126508 kB
Mapped:           804592 kB
Shmem:             22672 kB
KReclaimable:     667236 kB
Slab:             202304 kB
SReclaimable:      66844 kB
SUnreclaim:       135460 kB
KernelStack:       41472 kB
PageTables:        55728 kB
NFS_Unstable:          0 kB
Bounce:                0 kB
WritebackTmp:          0 kB
CommitLimit:     9202296 kB
Committed_AS:   56342120 kB
VmallocTotal:   263061440 kB
VmallocUsed:       98356 kB
VmallocChunk:          0 kB
Percpu:             7584 kB
CmaTotal:         294912 kB
CmaFree:               0 kB
MemTotal:       12113144 kB
MemFree:         6977180 kB
MemAvailable:    8374608 kB
Buffers:            5864 kB
Cached:          1620356 kB
SwapCached:            0 kB
Active:          1335492 kB
Inactive:        1411644 kB
Active(anon):    1127440 kB
Inactive(anon):    20800 kB
Active(file):     208052 kB
Inactive(file):  1390844 kB
Unevictable:        5692 kB
Mlocked:            5692 kB
SwapTotal:       3145724 kB
SwapFree:        3145724 kB
Dirty:               136 kB
Writeback:             0 kB
AnonPages:       1126804 kB
Mapped:           804332 kB
Shmem:             22672 kB
KReclaimable:     667236 kB
Slab:             202288 kB
SReclaimable:      66844 kB
SUnreclaim:       135444 kB
KernelStack:       41456 kB
PageTables:        55604 kB
NFS_Unstable:          0 kB
Bounce:                0 kB
WritebackTmp:          0 kB
CommitLimit:     9202296 kB
Committed_AS:   56341812 kB
VmallocTotal:   263061440 kB
VmallocUsed:       98356 kB
VmallocChunk:          0 kB
Percpu:             7584 kB
CmaTotal:         294912 kB
CmaFree:               0 kB
MemTotal:       12113144 kB
MemFree:         6976856 kB
MemAvailable:    8374284 kB
Buffers:            5864 kB
Cached:          1620356 kB
SwapCached:            0 kB
Active:          1335992 kB
Inactive:        1411644 kB
Active(anon):    1127940 kB
Inactive(anon):    20800 kB
Active(file):     208052 kB
Inactive(file):  1390844 kB
Unevictable:        5692 kB
Mlocked:            5692 kB
SwapTotal:       3145724 kB
SwapFree:        3145724 kB
Dirty:               108 kB
Writeback:             0 kB
AnonPages:       1126988 kB
Mapped:           804540 kB
Shmem:             22672 kB
KReclaimable:     667236 kB
Slab:             202296 kB
SReclaimable:      66844 kB
SUnreclaim:       135452 kB
KernelStack:       41488 kB
PageTables:        55644 kB
NFS_Unstable:          0 kB
Bounce:                0 kB
WritebackTmp:          0 kB
CommitLimit:     9202296 kB
Committed_AS:   56347364 kB
VmallocTotal:   263061440 kB
VmallocUsed:       98356 kB
VmallocChunk:          0 kB
Percpu:             7584 kB
CmaTotal:         294912 kB
CmaFree:               0 kB
MemTotal:       12113144 kB
MemFree:         6987636 kB
MemAvailable:    8385064 kB
Buffers:            5864 kB
Cached:          1620356 kB
SwapCached:            0 kB
Active:          1325128 kB
Inactive:        1411644 kB
Active(anon):    1117076 kB
Inactive(anon):    20800 kB
Active(file):     208052 kB
Inactive(file):  1390844 kB
Unevictable:        5692 kB
Mlocked:            5692 kB
SwapTotal:       3145724 kB
SwapFree:        3145724 kB
Dirty:               108 kB
Writeback:             0 kB
AnonPages:       1116480 kB
Mapped:           804592 kB
Shmem:             22672 kB
KReclaimable:     667236 kB
Slab:             202296 kB
SReclaimable:      66844 kB
SUnreclaim:       135452 kB
KernelStack:       41456 kB
PageTables:        55604 kB
NFS_Unstable:          0 kB
Bounce:                0 kB
WritebackTmp:          0 kB
CommitLimit:     9202296 kB
Committed_AS:   56347056 kB
VmallocTotal:   263061440 kB
VmallocUsed:       98324 kB
VmallocChunk:          0 kB
Percpu:             7584 kB
CmaTotal:         294912 kB
CmaFree:               0 kB
MemTotal:       12113144 kB
MemFree:         6987484 kB
MemAvailable:    8384912 kB
Buffers:            5864 kB
Cached:          1620356 kB
SwapCached:            0 kB
Active:          1325568 kB
Inactive:        1411644 kB
Active(anon):    1117516 kB
Inactive(anon):    20800 kB
Active(file):     208052 kB
Inactive(file):  1390844 kB
Unevictable:        5692 kB
Mlocked:            5692 kB
SwapTotal:       3145724 kB
SwapFree:        3145724 kB
Dirty:               108 kB
Writeback:             0 kB
AnonPages:       1116780 kB
Mapped:           804592 kB
Shmem:             22672 kB
KReclaimable:     667236 kB
Slab:             202288 kB
SReclaimable:      66844 kB
SUnreclaim:       135444 kB
KernelStack:       41456 kB
PageTables:        55600 kB
NFS_Unstable:          0 kB
Bounce:                0 kB
WritebackTmp:          0 kB
CommitLimit:     9202296 kB
Committed_AS:   56346976 kB
VmallocTotal:   263061440 kB
VmallocUsed:       98340 kB
VmallocChunk:          0 kB
Percpu:             7584 kB
CmaTotal:         294912 kB
CmaFree:               0 kB
MemTotal:       12113144 kB
MemFree:         6986412 kB
MemAvailable:    8383840 kB
Buffers:            5864 kB
Cached:          1620356 kB
SwapCached:            0 kB
Active:          1325832 kB
Inactive:        1411644 kB
Active(anon):    1117780 kB
Inactive(anon):    20800 kB
Active(file):     208052 kB
Inactive(file):  1390844 kB
Unevictable:        5692 kB
Mlocked:            5692 kB
SwapTotal:       3145724 kB
SwapFree:        3145724 kB
Dirty:               108 kB
Writeback:             0 kB
AnonPages:       1117184 kB
Mapped:           804664 kB
Shmem:             22672 kB
KReclaimable:     667236 kB
Slab:             202296 kB
SReclaimable:      66844 kB
SUnreclaim:       135452 kB
KernelStack:       41472 kB
PageTables:        55664 kB
NFS_Unstable:          0 kB
Bounce:                0 kB
WritebackTmp:          0 kB
CommitLimit:     9202296 kB
Committed_AS:   56346924 kB
VmallocTotal:   263061440 kB
VmallocUsed:       98340 kB
VmallocChunk:          0 kB
Percpu:             7584 kB
CmaTotal:         294912 kB
CmaFree:               0 kB
MemTotal:       12113144 kB
MemFree:         6986564 kB
MemAvailable:    8383984 kB
Buffers:            5864 kB
Cached:          1620348 kB
SwapCached:            0 kB
Active:          1326356 kB
Inactive:        1411640 kB
Active(anon):    1118308 kB
Inactive(anon):    20800 kB
Active(file):     208048 kB
Inactive(file):  1390840 kB
Unevictable:        5692 kB
Mlocked:            5692 kB
SwapTotal:       3145724 kB
SwapFree:        3145724 kB
Dirty:               100 kB
Writeback:             0 kB
AnonPages:       1117276 kB
Mapped:           804396 kB
Shmem:             22672 kB
KReclaimable:     667236 kB
Slab:             202296 kB
SReclaimable:      66844 kB
SUnreclaim:       135452 kB
KernelStack:       41472 kB
PageTables:        55624 kB
NFS_Unstable:          0 kB
Bounce:                0 kB
WritebackTmp:          0 kB
CommitLimit:     9202296 kB
Committed_AS:   56347716 kB
VmallocTotal:   263061440 kB
VmallocUsed:       98340 kB
VmallocChunk:          0 kB
Percpu:             7584 kB
CmaTotal:         294912 kB
CmaFree:               0 kB
MemTotal:       12113144 kB
MemFree:         6986332 kB
MemAvailable:    8383764 kB
Buffers:            5864 kB
Cached:          1620360 kB
SwapCached:            0 kB
Active:          1326468 kB
Inactive:        1411648 kB
Active(anon):    1118416 kB
Inactive(anon):    20800 kB
Active(file):     208052 kB
Inactive(file):  1390848 kB
Unevictable:        5692 kB
Mlocked:            5692 kB
SwapTotal:       3145724 kB
SwapFree:        3145724 kB
Dirty:               112 kB
Writeback:             0 kB
AnonPages:       1117772 kB
Mapped:           804592 kB
Shmem:             22672 kB
KReclaimable:     667236 kB
Slab:             202304 kB
SReclaimable:      66844 kB
SUnreclaim:       135460 kB
KernelStack:       41440 kB
PageTables:        55600 kB
NFS_Unstable:          0 kB
Bounce:                0 kB
WritebackTmp:          0 kB
CommitLimit:     9202296 kB
Committed_AS:   56347504 kB
VmallocTotal:   263061440 kB
VmallocUsed:       98340 kB
VmallocChunk:          0 kB
Percpu:             7584 kB
CmaTotal:         294912 kB
CmaFree:               0 kB
MemTotal:       12113144 kB
MemFree:         6985700 kB
MemAvailable:    8383132 kB
Buffers:            5864 kB
Cached:          1620360 kB
SwapCached:            0 kB
Active:          1327324 kB
Inactive:        1411648 kB
Active(anon):    1119272 kB
Inactive(anon):    20800 kB
Active(file):     208052 kB
Inactive(file):  1390848 kB
Unevictable:        5692 kB
Mlocked:            5692 kB
SwapTotal:       3145724 kB
SwapFree:        3145724 kB
Dirty:               124 kB
Writeback:             0 kB
AnonPages:       1118424 kB
Mapped:           804396 kB
Shmem:             22672 kB
KReclaimable:     667236 kB
Slab:             202280 kB
SReclaimable:      66844 kB
SUnreclaim:       135436 kB
KernelStack:       41472 kB
PageTables:        55624 kB
NFS_Unstable:          0 kB
Bounce:                0 kB
WritebackTmp:          0 kB
CommitLimit:     9202296 kB
Committed_AS:   56347416 kB
VmallocTotal:   263061440 kB
VmallocUsed:       98324 kB
VmallocChunk:          0 kB
Percpu:             7584 kB
CmaTotal:         294912 kB
CmaFree:               0 kB
MemTotal:       12113144 kB
MemFree:         6984812 kB
MemAvailable:    8382244 kB
Buffers:            5864 kB
Cached:          1620360 kB
SwapCached:            0 kB
Active:          1327752 kB
Inactive:        1411648 kB
Active(anon):    1119700 kB
Inactive(anon):    20800 kB
Active(file):     208052 kB
Inactive(file):  1390848 kB
Unevictable:        5692 kB
Mlocked:            5692 kB
SwapTotal:       3145724 kB
SwapFree:        3145724 kB
Dirty:               124 kB
Writeback:             0 kB
AnonPages:       1118872 kB
Mapped:           804436 kB
Shmem:             22672 kB
KReclaimable:     667236 kB
Slab:             202288 kB
SReclaimable:      66844 kB
SUnreclaim:       135444 kB
KernelStack:       41472 kB
PageTables:        55628 kB
NFS_Unstable:          0 kB
Bounce:                0 kB
WritebackTmp:          0 kB
CommitLimit:     9202296 kB
Committed_AS:   56347812 kB
VmallocTotal:   263061440 kB
VmallocUsed:       98340 kB
VmallocChunk:          0 kB
Percpu:             7584 kB
CmaTotal:         294912 kB
CmaFree:               0 kB
MemTotal:       12113144 kB
MemFree:         6983880 kB
MemAvailable:    8381324 kB
Buffers:            5864 kB
Cached:          1620368 kB
SwapCached:            0 kB
Active:          1328092 kB
Inactive:        1411656 kB
Active(anon):    1120040 kB
Inactive(anon):    20800 kB
Active(file):     208052 kB
Inactive(file):  1390856 kB
Unevictable:        5692 kB
Mlocked:            5692 kB
SwapTotal:       3145724 kB
SwapFree:        3145724 kB
Dirty:               160 kB
Writeback:             0 kB
AnonPages:       1119336 kB
Mapped:           804392 kB
Shmem:             22672 kB
KReclaimable:     667240 kB
Slab:             202308 kB
SReclaimable:      66848 kB
SUnreclaim:       135460 kB
KernelStack:       41472 kB
PageTables:        55644 kB
NFS_Unstable:          0 kB
Bounce:                0 kB
WritebackTmp:          0 kB
CommitLimit:     9202296 kB
Committed_AS:   56347724 kB
VmallocTotal:   263061440 kB
VmallocUsed:       98356 kB
VmallocChunk:          0 kB
Percpu:             7584 kB
CmaTotal:         294912 kB
CmaFree:               0 kB
MemTotal:       12113144 kB
MemFree:         6984476 kB
MemAvailable:    8381920 kB
Buffers:            5864 kB
Cached:          1620368 kB
SwapCached:            0 kB
Active:          1326924 kB
Inactive:        1411656 kB
Active(anon):    1118872 kB
Inactive(anon):    20800 kB
Active(file):     208052 kB
Inactive(file):  1390856 kB
Unevictable:        5692 kB
Mlocked:            5692 kB
SwapTotal:       3145724 kB
SwapFree:        3145724 kB
Dirty:               160 kB
Writeback:             0 kB
AnonPages:       1118240 kB
Mapped:           804592 kB
Shmem:             22672 kB
KReclaimable:     667240 kB
Slab:             202300 kB
SReclaimable:      66848 kB
SUnreclaim:       135452 kB
KernelStack:       41440 kB
PageTables:        55604 kB
NFS_Unstable:          0 kB
Bounce:                0 kB
WritebackTmp:          0 kB
CommitLimit:     9202296 kB
Committed_AS:   56347556 kB
VmallocTotal:   263061440 kB
VmallocUsed:       98356 kB
VmallocChunk:          0 kB
Percpu:             7584 kB
CmaTotal:         294912 kB
CmaFree:               0 kB
MemTotal:       12113144 kB
MemFree:         6983808 kB
MemAvailable:    8381252 kB
Buffers:            5864 kB
Cached:          1620368 kB
SwapCached:            0 kB
Active:          1327364 kB
Inactive:        1411656 kB
Active(anon):    1119312 kB
Inactive(anon):    20800 kB
Active(file):     208052 kB
Inactive(file):  1390856 kB
Unevictable:        5692 kB
Mlocked:            5692 kB
SwapTotal:       3145724 kB
SwapFree:        3145724 kB
Dirty:               160 kB
Writeback:             0 kB
AnonPages:       1118592 kB
Mapped:           804592 kB
Shmem:             22672 kB
KReclaimable:     667240 kB
Slab:             202300 kB
SReclaimable:      66848 kB
SUnreclaim:       135452 kB
KernelStack:       41440 kB
PageTables:        55600 kB
NFS_Unstable:          0 kB
Bounce:                0 kB
WritebackTmp:          0 kB
CommitLimit:     9202296 kB
Committed_AS:   56348112 kB
VmallocTotal:   263061440 kB
VmallocUsed:       98340 kB
VmallocChunk:          0 kB
Percpu:             7584 kB
CmaTotal:         294912 kB
CmaFree:               0 kB
MemTotal:       12113144 kB
MemFree:         6984340 kB
MemAvailable:    8381784 kB
Buffers:            5864 kB
Cached:          1620368 kB
SwapCached:            0 kB
Active:          1327736 kB
Inactive:        1411656 kB
Active(anon):    1119684 kB
Inactive(anon):    20800 kB
Active(file):     208052 kB
Inactive(file):  1390856 kB
Unevictable:        5692 kB
Mlocked:            5692 kB
SwapTotal:       3145724 kB
SwapFree:        3145724 kB
Dirty:               160 kB
Writeback:             0 kB
AnonPages:       1119084 kB
Mapped:           804332 kB
Shmem:             22672 kB
KReclaimable:     667240 kB
Slab:             202308 kB
SReclaimable:      66848 kB
SUnreclaim:       135460 kB
KernelStack:       41440 kB
PageTables:        55600 kB
NFS_Unstable:          0 kB
Bounce:                0 kB
WritebackTmp:          0 kB
CommitLimit:     9202296 kB
Committed_AS:   56348040 kB
VmallocTotal:   263061440 kB
VmallocUsed:       98292 kB
VmallocChunk:          0 kB
Percpu:             7584 kB
CmaTotal:         294912 kB
CmaFree:               0 kB
MemTotal:       12113144 kB
MemFree:         6983812 kB
MemAvailable:    8381256 kB
Buffers:            5864 kB
Cached:          1620368 kB
SwapCached:            0 kB
Active:          1327860 kB
Inactive:        1411656 kB
Active(anon):    1119808 kB
Inactive(anon):    20800 kB
Active(file):     208052 kB
Inactive(file):  1390856 kB
Unevictable:        5692 kB
Mlocked:            5692 kB
SwapTotal:       3145724 kB
SwapFree:        3145724 kB
Dirty:               160 kB
Writeback:             0 kB
AnonPages:       1119092 kB
Mapped:           804592 kB
Shmem:             22672 kB
KReclaimable:     667240 kB
Slab:             202300 kB
SReclaimable:      66848 kB
SUnreclaim:       135452 kB
KernelStack:       41440 kB
PageTables:        55608 kB
NFS_Unstable:          0 kB
Bounce:                0 kB
WritebackTmp:          0 kB
CommitLimit:     9202296 kB
Committed_AS:   56343432 kB
VmallocTotal:   263061440 kB
VmallocUsed:       98308 kB
VmallocChunk:          0 kB
Percpu:             7584 kB
CmaTotal:         294912 kB
CmaFree:               0 kB
MemTotal:       12113144 kB
MemFree:         6984220 kB
MemAvailable:    8381672 kB
Buffers:            5868 kB
Cached:          1620376 kB
SwapCached:            0 kB
Active:          1328616 kB
Inactive:        1411664 kB
Active(anon):    1120564 kB
Inactive(anon):    20800 kB
Active(file):     208052 kB
Inactive(file):  1390864 kB
Unevictable:        5692 kB
Mlocked:            5692 kB
SwapTotal:       3145724 kB
SwapFree:        3145724 kB
Dirty:               168 kB
Writeback:             0 kB
AnonPages:       1119728 kB
Mapped:           804332 kB
Shmem:             22672 kB
KReclaimable:     667240 kB
Slab:             202308 kB
SReclaimable:      66848 kB
SUnreclaim:       135460 kB
KernelStack:       41440 kB
PageTables:        55600 kB
NFS_Unstable:          0 kB
Bounce:                0 kB
WritebackTmp:          0 kB
CommitLimit:     9202296 kB
Committed_AS:   56343396 kB
VmallocTotal:   263061440 kB
VmallocUsed:       98308 kB
VmallocChunk:          0 kB
Percpu:             7584 kB
CmaTotal:         294912 kB
CmaFree:               0 kB
MemTotal:       12113144 kB
MemFree:         6983760 kB
MemAvailable:    8381220 kB
Buffers:            5868 kB
Cached:          1620380 kB
SwapCached:            0 kB
Active:          1329028 kB
Inactive:        1411668 kB
Active(anon):    1120972 kB
Inactive(anon):    20800 kB
Active(file):     208056 kB
Inactive(file):  1390868 kB
Unevictable:        5692 kB
Mlocked:            5692 kB
SwapTotal:       3145724 kB
SwapFree:        3145724 kB
Dirty:               140 kB
Writeback:             0 kB
AnonPages:       1120216 kB
Mapped:           804480 kB
Shmem:             22672 kB
KReclaimable:     667240 kB
Slab:             202292 kB
SReclaimable:      66848 kB
SUnreclaim:       135444 kB
KernelStack:       41472 kB
PageTables:        55628 kB
NFS_Unstable:          0 kB
Bounce:                0 kB
WritebackTmp:          0 kB
CommitLimit:     9202296 kB
Committed_AS:   56343052 kB
VmallocTotal:   263061440 kB
VmallocUsed:       98308 kB
VmallocChunk:          0 kB
Percpu:             7584 kB
CmaTotal:         294912 kB
CmaFree:               0 kB
MemTotal:       12113144 kB
MemFree:         6983664 kB
MemAvailable:    8381124 kB
Buffers:            5868 kB
Cached:          1620380 kB
SwapCached:            0 kB
Active:          1329344 kB
Inactive:        1411668 kB
Active(anon):    1121288 kB
Inactive(anon):    20800 kB
Active(file):     208056 kB
Inactive(file):  1390868 kB
Unevictable:        5692 kB
Mlocked:            5692 kB
SwapTotal:       3145724 kB
SwapFree:        3145724 kB
Dirty:               144 kB
Writeback:             0 kB
AnonPages:       1120484 kB
Mapped:           804396 kB
Shmem:             22672 kB
KReclaimable:     667240 kB
Slab:             202292 kB
SReclaimable:      66848 kB
SUnreclaim:       135444 kB
KernelStack:       41472 kB
PageTables:        55624 kB
NFS_Unstable:          0 kB
Bounce:                0 kB
WritebackTmp:          0 kB
CommitLimit:     9202296 kB
Committed_AS:   56343812 kB
VmallocTotal:   263061440 kB
VmallocUsed:       98308 kB
VmallocChunk:          0 kB
Percpu:             7584 kB
CmaTotal:         294912 kB
CmaFree:               0 kB
MemTotal:       12113144 kB
MemFree:         6983976 kB
MemAvailable:    8381436 kB
Buffers:            5868 kB
Cached:          1620380 kB
SwapCached:            0 kB
Active:          1329868 kB
Inactive:        1411668 kB
Active(anon):    1121812 kB
Inactive(anon):    20800 kB
Active(file):     208056 kB
Inactive(file):  1390868 kB
Unevictable:        5692 kB
Mlocked:            5692 kB
SwapTotal:       3145724 kB
SwapFree:        3145724 kB
Dirty:               164 kB
Writeback:             0 kB
AnonPages:       1121012 kB
Mapped:           804592 kB
Shmem:             22672 kB
KReclaimable:     667240 kB
Slab:             202300 kB
SReclaimable:      66848 kB
SUnreclaim:       135452 kB
KernelStack:       41456 kB
PageTables:        55700 kB
NFS_Unstable:          0 kB
Bounce:                0 kB
WritebackTmp:          0 kB
CommitLimit:     9202296 kB
Committed_AS:   56343592 kB
VmallocTotal:   263061440 kB
VmallocUsed:       98308 kB
VmallocChunk:          0 kB
Percpu:             7584 kB
CmaTotal:         294912 kB
CmaFree:               0 kB
MemTotal:       12113144 kB
MemFree:         6982868 kB
MemAvailable:    8380328 kB
Buffers:            5868 kB
Cached:          1620380 kB
SwapCached:            0 kB
Active:          1330188 kB
Inactive:        1411668 kB
Active(anon):    1122132 kB
Inactive(anon):    20800 kB
Active(file):     208056 kB
Inactive(file):  1390868 kB
Unevictable:        5692 kB
Mlocked:            5692 kB
SwapTotal:       3145724 kB
SwapFree:        3145724 kB
Dirty:               164 kB
Writeback:             0 kB
AnonPages:       1121468 kB
Mapped:           804532 kB
Shmem:             22672 kB
KReclaimable:     667240 kB
Slab:             202316 kB
SReclaimable:      66848 kB
SUnreclaim:       135468 kB
KernelStack:       41508 kB
PageTables:        55660 kB
NFS_Unstable:          0 kB
Bounce:                0 kB
WritebackTmp:          0 kB
CommitLimit:     9202296 kB
Committed_AS:   56343396 kB
VmallocTotal:   263061440 kB
VmallocUsed:       98308 kB
VmallocChunk:          0 kB
Percpu:             7584 kB
CmaTotal:         294912 kB
CmaFree:               0 kB
MemTotal:       12113144 kB
MemFree:         6982148 kB
MemAvailable:    8379608 kB
Buffers:            5868 kB
Cached:          1620380 kB
SwapCached:            0 kB
Active:          1330296 kB
Inactive:        1411668 kB
Active(anon):    1122240 kB
Inactive(anon):    20800 kB
Active(file):     208056 kB
Inactive(file):  1390868 kB
Unevictable:        5692 kB
Mlocked:            5692 kB
SwapTotal:       3145724 kB
SwapFree:        3145724 kB
Dirty:               172 kB
Writeback:             0 kB
AnonPages:       1121568 kB
Mapped:           804592 kB
Shmem:             22672 kB
KReclaimable:     667240 kB
Slab:             202292 kB
SReclaimable:      66848 kB
SUnreclaim:       135444 kB
KernelStack:       41440 kB
PageTables:        55604 kB
NFS_Unstable:          0 kB
Bounce:                0 kB
WritebackTmp:          0 kB
CommitLimit:     9202296 kB
Committed_AS:   56335504 kB
VmallocTotal:   263061440 kB
VmallocUsed:       98292 kB
VmallocChunk:          0 kB
Percpu:             7584 kB
CmaTotal:         294912 kB
CmaFree:               0 kB
MemTotal:       12113144 kB
MemFree:         6982144 kB
MemAvailable:    8379592 kB
Buffers:            5868 kB
Cached:          1620368 kB
SwapCached:            0 kB
Active:          1330608 kB
Inactive:        1411660 kB
Active(anon):    1122556 kB
Inactive(anon):    20800 kB
Active(file):     208052 kB
Inactive(file):  1390860 kB
Unevictable:        5692 kB
Mlocked:            5692 kB
SwapTotal:       3145724 kB
SwapFree:        3145724 kB
Dirty:               168 kB
Writeback:             0 kB
AnonPages:       1121960 kB
Mapped:           804592 kB
Shmem:             22672 kB
KReclaimable:     667240 kB
Slab:             202284 kB
SReclaimable:      66848 kB
SUnreclaim:       135436 kB
KernelStack:       41440 kB
PageTables:        55600 kB
NFS_Unstable:          0 kB
Bounce:                0 kB
WritebackTmp:          0 kB
CommitLimit:     9202296 kB
Committed_AS:   56335592 kB
VmallocTotal:   263061440 kB
VmallocUsed:       98292 kB
VmallocChunk:          0 kB
Percpu:             7584 kB
CmaTotal:         294912 kB
CmaFree:               0 kB
MemTotal:       12113144 kB
MemFree:         6981952 kB
MemAvailable:    8379412 kB
Buffers:            5868 kB
Cached:          1620380 kB
SwapCached:            0 kB
Active:          1330980 kB
Inactive:        1411668 kB
Active(anon):    1122924 kB
Inactive(anon):    20800 kB
Active(file):     208056 kB
Inactive(file):  1390868 kB
Unevictable:        5692 kB
Mlocked:            5692 kB
SwapTotal:       3145724 kB
SwapFree:        3145724 kB
Dirty:               172 kB
Writeback:             0 kB
AnonPages:       1122220 kB
Mapped:           804592 kB
Shmem:             22672 kB
KReclaimable:     667240 kB
Slab:             202316 kB
SReclaimable:      66848 kB
SUnreclaim:       135468 kB
KernelStack:       41440 kB
PageTables:        55604 kB
NFS_Unstable:          0 kB
Bounce:                0 kB
WritebackTmp:          0 kB
CommitLimit:     9202296 kB
Committed_AS:   56336988 kB
VmallocTotal:   263061440 kB
VmallocUsed:       98308 kB
VmallocChunk:          0 kB
Percpu:             7584 kB
CmaTotal:         294912 kB
CmaFree:               0 kB
MemTotal:       12113144 kB
MemFree:         6983224 kB
MemAvailable:    8380684 kB
Buffers:            5868 kB
Cached:          1620380 kB
SwapCached:            0 kB
Active:          1330652 kB
Inactive:        1411668 kB
Active(anon):    1122596 kB
Inactive(anon):    20800 kB
Active(file):     208056 kB
Inactive(file):  1390868 kB
Unevictable:        5692 kB
Mlocked:            5692 kB
SwapTotal:       3145724 kB
SwapFree:        3145724 kB
Dirty:               176 kB
Writeback:             0 kB
AnonPages:       1121968 kB
Mapped:           804592 kB
Shmem:             22672 kB
KReclaimable:     667240 kB
Slab:             202292 kB
SReclaimable:      66848 kB
SUnreclaim:       135444 kB
KernelStack:       41440 kB
PageTables:        55600 kB
NFS_Unstable:          0 kB
Bounce:                0 kB
WritebackTmp:          0 kB
CommitLimit:     9202296 kB
Committed_AS:   56336804 kB
VmallocTotal:   263061440 kB
VmallocUsed:       98292 kB
VmallocChunk:          0 kB
Percpu:             7584 kB
CmaTotal:         294912 kB
CmaFree:               0 kB
MemTotal:       12113144 kB
MemFree:         6981500 kB
MemAvailable:    8378960 kB
Buffers:            5868 kB
Cached:          1620380 kB
SwapCached:            0 kB
Active:          1331084 kB
Inactive:        1411668 kB
Active(anon):    1123028 kB
Inactive(anon):    20800 kB
Active(file):     208056 kB
Inactive(file):  1390868 kB
Unevictable:        5692 kB
Mlocked:            5692 kB
SwapTotal:       3145724 kB
SwapFree:        3145724 kB
Dirty:               180 kB
Writeback:             0 kB
AnonPages:       1122260 kB
Mapped:           804592 kB
Shmem:             22672 kB
KReclaimable:     667240 kB
Slab:             202308 kB
SReclaimable:      66848 kB
SUnreclaim:       135460 kB
KernelStack:       41440 kB
PageTables:        55604 kB
NFS_Unstable:          0 kB
Bounce:                0 kB
WritebackTmp:          0 kB
CommitLimit:     9202296 kB
Committed_AS:   56340828 kB
VmallocTotal:   263061440 kB
VmallocUsed:       98292 kB
VmallocChunk:          0 kB
Percpu:             7584 kB
CmaTotal:         294912 kB
CmaFree:               0 kB
MemTotal:       12113144 kB
MemFree:         6981564 kB
MemAvailable:    8379028 kB
Buffers:            5868 kB
Cached:          1620384 kB
SwapCached:            0 kB
Active:          1331436 kB
Inactive:        1411672 kB
Active(anon):    1123380 kB
Inactive(anon):    20800 kB
Active(file):     208056 kB
Inactive(file):  1390872 kB
Unevictable:        5692 kB
Mlocked:            5692 kB
SwapTotal:       3145724 kB
SwapFree:        3145724 kB
Dirty:               208 kB
Writeback:             0 kB
AnonPages:       1122768 kB
Mapped:           804592 kB
Shmem:             22672 kB
KReclaimable:     667240 kB
Slab:             202284 kB
SReclaimable:      66848 kB
SUnreclaim:       135436 kB
KernelStack:       41440 kB
PageTables:        55600 kB
NFS_Unstable:          0 kB
Bounce:                0 kB
WritebackTmp:          0 kB
CommitLimit:     9202296 kB
Committed_AS:   56340740 kB
VmallocTotal:   263061440 kB
VmallocUsed:       98292 kB
VmallocChunk:          0 kB
Percpu:             7584 kB
CmaTotal:         294912 kB
CmaFree:               0 kB
MemTotal:       12113144 kB
MemFree:         6980912 kB
MemAvailable:    8378376 kB
Buffers:            5868 kB
Cached:          1620384 kB
SwapCached:            0 kB
Active:          1331756 kB
Inactive:        1411672 kB
Active(anon):    1123700 kB
Inactive(anon):    20800 kB
Active(file):     208056 kB
Inactive(file):  1390872 kB
Unevictable:        5692 kB
Mlocked:            5692 kB
SwapTotal:       3145724 kB
SwapFree:        3145724 kB
Dirty:               216 kB
Writeback:             0 kB
AnonPages:       1123076 kB
Mapped:           804592 kB
Shmem:             22672 kB
KReclaimable:     667240 kB
Slab:             202300 kB
SReclaimable:      66848 kB
SUnreclaim:       135452 kB
KernelStack:       41472 kB
PageTables:        55660 kB
NFS_Unstable:          0 kB
Bounce:                0 kB
WritebackTmp:          0 kB
CommitLimit:     9202296 kB
Committed_AS:   56340704 kB
VmallocTotal:   263061440 kB
VmallocUsed:       98308 kB
VmallocChunk:          0 kB
Percpu:             7584 kB
CmaTotal:         294912 kB
CmaFree:               0 kB
MemTotal:       12113144 kB
MemFree:         6980480 kB
MemAvailable:    8377944 kB
Buffers:            5868 kB
Cached:          1620384 kB
SwapCached:            0 kB
Active:          1332180 kB
Inactive:        1411672 kB
Active(anon):    1124124 kB
Inactive(anon):    20800 kB
Active(file):     208056 kB
Inactive(file):  1390872 kB
Unevictable:        5692 kB
Mlocked:            5692 kB
SwapTotal:       3145724 kB
SwapFree:        3145724 kB
Dirty:               216 kB
Writeback:             0 kB
AnonPages:       1123344 kB
Mapped:           804592 kB
Shmem:             22672 kB
KReclaimable:     667240 kB
Slab:             202292 kB
SReclaimable:      66848 kB
SUnreclaim:       135444 kB
KernelStack:       41456 kB
PageTables:        55604 kB
NFS_Unstable:          0 kB
Bounce:                0 kB
WritebackTmp:          0 kB
CommitLimit:     9202296 kB
Committed_AS:   56340608 kB
VmallocTotal:   263061440 kB
VmallocUsed:       98324 kB
VmallocChunk:          0 kB
Percpu:             7584 kB
CmaTotal:         294912 kB
CmaFree:               0 kB
MemTotal:       12113144 kB
MemFree:         6980104 kB
MemAvailable:    8377568 kB
Buffers:            5868 kB
Cached:          1620384 kB
SwapCached:            0 kB
Active:          1333308 kB
Inactive:        1411672 kB
Active(anon):    1125252 kB
Inactive(anon):    20800 kB
Active(file):     208056 kB
Inactive(file):  1390872 kB
Unevictable:        5692 kB
Mlocked:            5692 kB
SwapTotal:       3145724 kB
SwapFree:        3145724 kB
Dirty:               248 kB
Writeback:             0 kB
AnonPages:       1124476 kB
Mapped:           804600 kB
Shmem:             22672 kB
KReclaimable:     667240 kB
Slab:             202300 kB
SReclaimable:      66848 kB
SUnreclaim:       135452 kB
KernelStack:       41456 kB
PageTables:        55604 kB
NFS_Unstable:          0 kB
Bounce:                0 kB
WritebackTmp:          0 kB
CommitLimit:     9202296 kB
Committed_AS:   56340476 kB
VmallocTotal:   263061440 kB
VmallocUsed:       98356 kB
VmallocChunk:          0 kB
Percpu:             7584 kB
CmaTotal:         294912 kB
CmaFree:               0 kB
MemTotal:       12113144 kB
MemFree:         6978416 kB
MemAvailable:    8375880 kB
Buffers:            5868 kB
Cached:          1620384 kB
SwapCached:            0 kB
Active:          1333652 kB
Inactive:        1411672 kB
Active(anon):    1125596 kB
Inactive(anon):    20800 kB
Active(file):     208056 kB
Inactive(file):  1390872 kB
Unevictable:        5692 kB
Mlocked:            5692 kB
SwapTotal:       3145724 kB
SwapFree:        3145724 kB
Dirty:               268 kB
Writeback:             0 kB
AnonPages:       1124996 kB
Mapped:           804604 kB
Shmem:             22672 kB
KReclaimable:     667240 kB
Slab:             202308 kB
SReclaimable:      66848 kB
SUnreclaim:       135460 kB
KernelStack:       41456 kB
PageTables:        55604 kB
NFS_Unstable:          0 kB
Bounce:                0 kB
WritebackTmp:          0 kB
CommitLimit:     9202296 kB
Committed_AS:   56340512 kB
VmallocTotal:   263061440 kB
VmallocUsed:       98356 kB
VmallocChunk:          0 kB
Percpu:             7584 kB
CmaTotal:         294912 kB
CmaFree:               0 kB
MemTotal:       12113144 kB
MemFree:         6978972 kB
MemAvailable:    8376436 kB
Buffers:            5868 kB
Cached:          1620384 kB
SwapCached:            0 kB
Active:          1334012 kB
Inactive:        1411672 kB
Active(anon):    1125956 kB
Inactive(anon):    20800 kB
Active(file):     208056 kB
Inactive(file):  1390872 kB
Unevictable:        5692 kB
Mlocked:            5692 kB
SwapTotal:       3145724 kB
SwapFree:        3145724 kB
Dirty:               272 kB
Writeback:             0 kB
AnonPages:       1125260 kB
Mapped:           804516 kB
Shmem:             22672 kB
KReclaimable:     667240 kB
Slab:             202292 kB
SReclaimable:      66848 kB
SUnreclaim:       135444 kB
KernelStack:       41488 kB
PageTables:        55644 kB
NFS_Unstable:          0 kB
Bounce:                0 kB
WritebackTmp:          0 kB
CommitLimit:     9202296 kB
Committed_AS:   56340600 kB
VmallocTotal:   263061440 kB
VmallocUsed:       98356 kB
VmallocChunk:          0 kB
Percpu:             7584 kB
CmaTotal:         294912 kB
CmaFree:               0 kB
MemTotal:       12113144 kB
MemFree:         6978860 kB
MemAvailable:    8376340 kB
Buffers:            5872 kB
Cached:          1620396 kB
SwapCached:            0 kB
Active:          1334348 kB
Inactive:        1411684 kB
Active(anon):    1126288 kB
Inactive(anon):    20800 kB
Active(file):     208060 kB
Inactive(file):  1390884 kB
Unevictable:        5692 kB
Mlocked:            5692 kB
SwapTotal:       3145724 kB
SwapFree:        3145724 kB
Dirty:               252 kB
Writeback:             0 kB
AnonPages:       1125608 kB
Mapped:           804344 kB
Shmem:             22672 kB
KReclaimable:     667240 kB
Slab:             202316 kB
SReclaimable:      66848 kB
SUnreclaim:       135468 kB
KernelStack:       41456 kB
PageTables:        55600 kB
NFS_Unstable:          0 kB
Bounce:                0 kB
WritebackTmp:          0 kB
CommitLimit:     9202296 kB
Committed_AS:   56340424 kB
VmallocTotal:   263061440 kB
VmallocUsed:       98324 kB
VmallocChunk:          0 kB
Percpu:             7584 kB
CmaTotal:         294912 kB
CmaFree:               0 kB
MemTotal:       12113144 kB
MemFree:         6980892 kB
MemAvailable:    8378372 kB
Buffers:            5872 kB
Cached:          1620396 kB
SwapCached:            0 kB
Active:          1331020 kB
Inactive:        1411684 kB
Active(anon):    1122960 kB
Inactive(anon):    20800 kB
Active(file):     208060 kB
Inactive(file):  1390884 kB
Unevictable:        5692 kB
Mlocked:            5692 kB
SwapTotal:       3145724 kB
SwapFree:        3145724 kB
Dirty:               252 kB
Writeback:             0 kB
AnonPages:       1122168 kB
Mapped:           804344 kB
Shmem:             22672 kB
KReclaimable:     667240 kB
Slab:             202332 kB
SReclaimable:      66848 kB
SUnreclaim:       135484 kB
KernelStack:       41456 kB
PageTables:        55608 kB
NFS_Unstable:          0 kB
Bounce:                0 kB
WritebackTmp:          0 kB
CommitLimit:     9202296 kB
Committed_AS:   56340160 kB
VmallocTotal:   263061440 kB
VmallocUsed:       98324 kB
VmallocChunk:          0 kB
Percpu:             7584 kB
CmaTotal:         294912 kB
CmaFree:               0 kB
MemTotal:       12113144 kB
MemFree:         6980308 kB
MemAvailable:    8377788 kB
Buffers:            5872 kB
Cached:          1620396 kB
SwapCached:            0 kB
Active:          1331828 kB
Inactive:        1411684 kB
Active(anon):    1123768 kB
Inactive(anon):    20800 kB
Active(file):     208060 kB
Inactive(file):  1390884 kB
Unevictable:        5692 kB
Mlocked:            5692 kB
SwapTotal:       3145724 kB
SwapFree:        3145724 kB
Dirty:               252 kB
Writeback:             0 kB
AnonPages:       1123016 kB
Mapped:           804344 kB
Shmem:             22672 kB
KReclaimable:     667240 kB
Slab:             202316 kB
SReclaimable:      66848 kB
SUnreclaim:       135468 kB
KernelStack:       41456 kB
PageTables:        55600 kB
NFS_Unstable:          0 kB
Bounce:                0 kB
WritebackTmp:          0 kB
CommitLimit:     9202296 kB
Committed_AS:   56335732 kB
VmallocTotal:   263061440 kB
VmallocUsed:       98308 kB
VmallocChunk:          0 kB
Percpu:             7584 kB
CmaTotal:         294912 kB
CmaFree:               0 kB
MemTotal:       12113144 kB
MemFree:         6980708 kB
MemAvailable:    8378188 kB
Buffers:            5872 kB
Cached:          1620396 kB
SwapCached:            0 kB
Active:          1332584 kB
Inactive:        1411680 kB
Active(anon):    1124520 kB
Inactive(anon):    20800 kB
Active(file):     208064 kB
Inactive(file):  1390880 kB
Unevictable:        5692 kB
Mlocked:            5692 kB
SwapTotal:       3145724 kB
SwapFree:        3145724 kB
Dirty:               256 kB
Writeback:             0 kB
AnonPages:       1123800 kB
Mapped:           804412 kB
Shmem:             22672 kB
KReclaimable:     667240 kB
Slab:             202292 kB
SReclaimable:      66848 kB
SUnreclaim:       135444 kB
KernelStack:       41488 kB
PageTables:        55636 kB
NFS_Unstable:          0 kB
Bounce:                0 kB
WritebackTmp:          0 kB
CommitLimit:     9202296 kB
Committed_AS:   56335684 kB
VmallocTotal:   263061440 kB
VmallocUsed:       98308 kB
VmallocChunk:          0 kB
Percpu:             7584 kB
CmaTotal:         294912 kB
CmaFree:               0 kB
MemTotal:       12113144 kB
MemFree:         6979004 kB
MemAvailable:    8376484 kB
Buffers:            5872 kB
Cached:          1620396 kB
SwapCached:            0 kB
Active:          1332608 kB
Inactive:        1411680 kB
Active(anon):    1124544 kB
Inactive(anon):    20800 kB
Active(file):     208064 kB
Inactive(file):  1390880 kB
Unevictable:        5692 kB
Mlocked:            5692 kB
SwapTotal:       3145724 kB
SwapFree:        3145724 kB
Dirty:               268 kB
Writeback:             0 kB
AnonPages:       1123928 kB
Mapped:           804344 kB
Shmem:             22672 kB
KReclaimable:     667240 kB
Slab:             202292 kB
SReclaimable:      66848 kB
SUnreclaim:       135444 kB
KernelStack:       41456 kB
PageTables:        55604 kB
NFS_Unstable:          0 kB
Bounce:                0 kB
WritebackTmp:          0 kB
CommitLimit:     9202296 kB
Committed_AS:   56340748 kB
VmallocTotal:   263061440 kB
VmallocUsed:       98324 kB
