MemTotal:        5980404 kB
MemFree:          643084 kB
MemAvailable:    3234908 kB
Buffers:            5416 kB
Cached:          2145300 kB
SwapCached:            0 kB
Active:          2022892 kB
Inactive:        1287324 kB
Active(anon):    1060784 kB
Inactive(anon):   127484 kB
Active(file):     962108 kB
Inactive(file):  1159840 kB
Unevictable:        5596 kB
Mlocked:            5596 kB
SwapTotal:       3670008 kB
SwapFree:        3668216 kB
Dirty:               120 kB
Writeback:          2040 kB
AnonPages:       1165248 kB
Mapped:           689868 kB
Shmem:             24216 kB
KReclaimable:    1032308 kB
Slab:             208052 kB
SReclaimable:      50636 kB
SUnreclaim:       157416 kB
KernelStack:       46748 kB
PageTables:        58964 kB
NFS_Unstable:          0 kB
Bounce:                0 kB
WritebackTmp:          0 kB
CommitLimit:     6660208 kB
Committed_AS:   70453196 kB
VmallocTotal:   263061440 kB
VmallocUsed:       87088 kB
VmallocChunk:          0 kB
Percpu:             7552 kB
CmaTotal:         315392 kB
CmaFree:               0 kB
MemTotal:        5980404 kB
MemFree:          487968 kB
MemAvailable:    3185308 kB
Buffers:            5416 kB
Cached:          2249700 kB
SwapCached:            0 kB
Active:          2072608 kB
Inactive:        1391012 kB
Active(anon):    1109780 kB
Inactive(anon):   127360 kB
Active(file):     962828 kB
Inactive(file):  1263652 kB
Unevictable:        5596 kB
Mlocked:            5596 kB
SwapTotal:       3670008 kB
SwapFree:        3668216 kB
Dirty:               252 kB
Writeback:             0 kB
AnonPages:       1214248 kB
Mapped:           763204 kB
Shmem:             24084 kB
KReclaimable:    1033292 kB
Slab:             208760 kB
SReclaimable:      51116 kB
SUnreclaim:       157644 kB
KernelStack:       47420 kB
PageTables:        60056 kB
NFS_Unstable:          0 kB
Bounce:                0 kB
WritebackTmp:          0 kB
CommitLimit:     6660208 kB
Committed_AS:   71813652 kB
VmallocTotal:   263061440 kB
VmallocUsed:       87800 kB
VmallocChunk:          0 kB
Percpu:             7552 kB
CmaTotal:         315392 kB
CmaFree:               0 kB
MemTotal:        5980404 kB
MemFree:          444700 kB
MemAvailable:    3151948 kB
Buffers:            5416 kB
Cached:          2261256 kB
SwapCached:            0 kB
Active:          2101780 kB
Inactive:        1402500 kB
Active(anon):    1139004 kB
Inactive(anon):   126284 kB
Active(file):     962776 kB
Inactive(file):  1276216 kB
Unevictable:        5596 kB
Mlocked:            5596 kB
SwapTotal:       3670008 kB
SwapFree:        3668216 kB
Dirty:               200 kB
Writeback:             0 kB
AnonPages:       1243364 kB
Mapped:           774040 kB
Shmem:             23016 kB
KReclaimable:    1030688 kB
Slab:             208548 kB
SReclaimable:      51196 kB
SUnreclaim:       157352 kB
KernelStack:       47424 kB
PageTables:        60336 kB
NFS_Unstable:          0 kB
Bounce:                0 kB
WritebackTmp:          0 kB
CommitLimit:     6660208 kB
Committed_AS:   71884872 kB
VmallocTotal:   263061440 kB
VmallocUsed:       87816 kB
VmallocChunk:          0 kB
Percpu:             7552 kB
CmaTotal:         315392 kB
CmaFree:             228 kB
MemTotal:        5980404 kB
MemFree:          432728 kB
MemAvailable:    2968740 kB
Buffers:            5416 kB
Cached:          2265752 kB
SwapCached:            0 kB
Active:          2125568 kB
Inactive:        1408240 kB
Active(anon):    1161352 kB
Inactive(anon):   128624 kB
Active(file):     964216 kB
Inactive(file):  1279616 kB
Unevictable:        5596 kB
Mlocked:            5596 kB
SwapTotal:       3670008 kB
SwapFree:        3668216 kB
Dirty:               248 kB
Writeback:             0 kB
AnonPages:       1268384 kB
Mapped:           780736 kB
Shmem:             22784 kB
KReclaimable:     854612 kB
Slab:             207104 kB
SReclaimable:      49580 kB
SUnreclaim:       157524 kB
KernelStack:       48192 kB
PageTables:        60948 kB
NFS_Unstable:          0 kB
Bounce:                0 kB
WritebackTmp:          0 kB
CommitLimit:     6660208 kB
Committed_AS:   71936768 kB
VmallocTotal:   263061440 kB
VmallocUsed:       88600 kB
VmallocChunk:          0 kB
Percpu:             7552 kB
CmaTotal:         315392 kB
CmaFree:             204 kB
MemTotal:        5980404 kB
MemFree:          349020 kB
MemAvailable:    2988552 kB
Buffers:            5416 kB
Cached:          2304568 kB
SwapCached:            0 kB
Active:          2179832 kB
Inactive:        1438992 kB
Active(anon):    1207512 kB
Inactive(anon):   129248 kB
Active(file):     972320 kB
Inactive(file):  1309744 kB
Unevictable:        5596 kB
Mlocked:            5596 kB
SwapTotal:       3670008 kB
SwapFree:        3668216 kB
Dirty:               480 kB
Writeback:             0 kB
AnonPages:       1314884 kB
Mapped:           783876 kB
Shmem:             23440 kB
KReclaimable:     919900 kB
Slab:             207292 kB
SReclaimable:      49740 kB
SUnreclaim:       157552 kB
KernelStack:       48592 kB
PageTables:        61180 kB
NFS_Unstable:          0 kB
Bounce:                0 kB
WritebackTmp:          0 kB
CommitLimit:     6660208 kB
Committed_AS:   72000348 kB
VmallocTotal:   263061440 kB
VmallocUsed:       88888 kB
VmallocChunk:          0 kB
Percpu:             7552 kB
CmaTotal:         315392 kB
CmaFree:               0 kB
MemTotal:        5980404 kB
MemFree:          344888 kB
MemAvailable:    2812876 kB
Buffers:            5416 kB
Cached:          2312480 kB
SwapCached:            0 kB
Active:          2321084 kB
Inactive:        1480244 kB
Active(anon):    1370820 kB
Inactive(anon):   140536 kB
Active(file):     950264 kB
Inactive(file):  1339708 kB
Unevictable:        5596 kB
Mlocked:            5596 kB
SwapTotal:       3670008 kB
SwapFree:        3667960 kB
Dirty:               544 kB
Writeback:             0 kB
AnonPages:       1488968 kB
Mapped:           776080 kB
Shmem:             23372 kB
KReclaimable:     740448 kB
Slab:             207292 kB
SReclaimable:      49696 kB
SUnreclaim:       157596 kB
KernelStack:       48588 kB
PageTables:        61692 kB
NFS_Unstable:          0 kB
Bounce:                0 kB
WritebackTmp:          0 kB
CommitLimit:     6660208 kB
Committed_AS:   72176236 kB
VmallocTotal:   263061440 kB
VmallocUsed:       88952 kB
VmallocChunk:          0 kB
Percpu:             7552 kB
CmaTotal:         315392 kB
CmaFree:               0 kB
MemTotal:        5980404 kB
MemFree:          383344 kB
MemAvailable:    2802956 kB
Buffers:            5416 kB
Cached:          2313420 kB
SwapCached:            0 kB
Active:          2280680 kB
Inactive:        1480980 kB
Active(anon):    1330212 kB
Inactive(anon):   140544 kB
Active(file):     950468 kB
Inactive(file):  1340436 kB
Unevictable:        5596 kB
Mlocked:            5596 kB
SwapTotal:       3670008 kB
SwapFree:        3667960 kB
Dirty:               572 kB
Writeback:             0 kB
AnonPages:       1448612 kB
Mapped:           776124 kB
Shmem:             23380 kB
KReclaimable:     691140 kB
Slab:             207316 kB
SReclaimable:      49680 kB
SUnreclaim:       157636 kB
KernelStack:       48508 kB
PageTables:        61896 kB
NFS_Unstable:          0 kB
Bounce:                0 kB
WritebackTmp:          0 kB
CommitLimit:     6660208 kB
Committed_AS:   72134596 kB
VmallocTotal:   263061440 kB
VmallocUsed:       88920 kB
VmallocChunk:          0 kB
Percpu:             7552 kB
CmaTotal:         315392 kB
CmaFree:               0 kB
MemTotal:        5980404 kB
MemFree:          412464 kB
MemAvailable:    2770944 kB
Buffers:            5416 kB
Cached:          2314996 kB
SwapCached:            0 kB
Active:          2246844 kB
Inactive:        1481156 kB
Active(anon):    1295080 kB
Inactive(anon):   140544 kB
Active(file):     951764 kB
Inactive(file):  1340612 kB
Unevictable:        5596 kB
Mlocked:            5596 kB
SwapTotal:       3670008 kB
SwapFree:        3667960 kB
Dirty:              3224 kB
Writeback:             0 kB
AnonPages:       1413116 kB
Mapped:           788168 kB
Shmem:             23380 kB
KReclaimable:     628536 kB
Slab:             207552 kB
SReclaimable:      49680 kB
SUnreclaim:       157872 kB
KernelStack:       48464 kB
PageTables:        61724 kB
NFS_Unstable:          0 kB
Bounce:                0 kB
WritebackTmp:          0 kB
CommitLimit:     6660208 kB
Committed_AS:   72109184 kB
VmallocTotal:   263061440 kB
VmallocUsed:       88856 kB
VmallocChunk:          0 kB
Percpu:             7552 kB
CmaTotal:         315392 kB
CmaFree:               0 kB
MemTotal:        5980404 kB
MemFree:          338736 kB
MemAvailable:    2901420 kB
Buffers:            5416 kB
Cached:          2317216 kB
SwapCached:            0 kB
Active:          2211572 kB
Inactive:        1480384 kB
Active(anon):    1256712 kB
Inactive(anon):   140532 kB
Active(file):     954860 kB
Inactive(file):  1339852 kB
Unevictable:        5596 kB
Mlocked:            5596 kB
SwapTotal:       3670008 kB
SwapFree:        3667960 kB
Dirty:              3472 kB
Writeback:             0 kB
AnonPages:       1374832 kB
Mapped:           781748 kB
Shmem:             23368 kB
KReclaimable:     830404 kB
Slab:             207588 kB
SReclaimable:      49712 kB
SUnreclaim:       157876 kB
KernelStack:       48368 kB
PageTables:        61628 kB
NFS_Unstable:          0 kB
Bounce:                0 kB
WritebackTmp:          0 kB
CommitLimit:     6660208 kB
Committed_AS:   72065420 kB
VmallocTotal:   263061440 kB
VmallocUsed:       88840 kB
VmallocChunk:          0 kB
Percpu:             7552 kB
CmaTotal:         315392 kB
CmaFree:               0 kB
MemTotal:        5980404 kB
MemFree:          457136 kB
MemAvailable:    2523176 kB
Buffers:            5416 kB
Cached:          2343820 kB
SwapCached:            0 kB
Active:          2567272 kB
Inactive:        1423776 kB
Active(anon):    1480044 kB
Inactive(anon):   189428 kB
Active(file):    1087228 kB
Inactive(file):  1234348 kB
Unevictable:        5596 kB
Mlocked:            5596 kB
SwapTotal:       3670008 kB
SwapFree:        3667960 kB
Dirty:              3476 kB
Writeback:             0 kB
AnonPages:       1647432 kB
Mapped:           753644 kB
Shmem:             23368 kB
KReclaimable:     286680 kB
Slab:             207896 kB
SReclaimable:      49992 kB
SUnreclaim:       157904 kB
KernelStack:       48368 kB
PageTables:        62452 kB
NFS_Unstable:          0 kB
Bounce:                0 kB
WritebackTmp:          0 kB
CommitLimit:     6660208 kB
Committed_AS:   72341340 kB
VmallocTotal:   263061440 kB
VmallocUsed:       88840 kB
VmallocChunk:          0 kB
Percpu:             7552 kB
CmaTotal:         315392 kB
CmaFree:              12 kB
MemTotal:        5980404 kB
MemFree:          549960 kB
MemAvailable:    2541184 kB
Buffers:            5416 kB
Cached:          2356480 kB
SwapCached:            0 kB
Active:          2462956 kB
Inactive:        1435672 kB
Active(anon):    1375224 kB
Inactive(anon):   189428 kB
Active(file):    1087732 kB
Inactive(file):  1246244 kB
Unevictable:        5596 kB
Mlocked:            5596 kB
SwapTotal:       3670008 kB
SwapFree:        3667960 kB
Dirty:              3588 kB
Writeback:             0 kB
AnonPages:       1542484 kB
Mapped:           763524 kB
Shmem:             23368 kB
KReclaimable:     112248 kB
Slab:             208520 kB
SReclaimable:      50112 kB
SUnreclaim:       158408 kB
KernelStack:       48380 kB
PageTables:        62344 kB
NFS_Unstable:          0 kB
Bounce:                0 kB
WritebackTmp:          0 kB
CommitLimit:     6660208 kB
Committed_AS:   72231088 kB
VmallocTotal:   263061440 kB
VmallocUsed:       88824 kB
VmallocChunk:          0 kB
Percpu:             7552 kB
CmaTotal:         315392 kB
CmaFree:               0 kB
MemTotal:        5980404 kB
MemFree:          587412 kB
MemAvailable:    2552004 kB
Buffers:            5420 kB
Cached:          2357812 kB
SwapCached:            0 kB
Active:          2415020 kB
Inactive:        1436592 kB
Active(anon):    1326872 kB
Inactive(anon):   189428 kB
Active(file):    1088148 kB
Inactive(file):  1247164 kB
Unevictable:        5596 kB
Mlocked:            5596 kB
SwapTotal:       3670008 kB
SwapFree:        3667960 kB
Dirty:              3076 kB
Writeback:             0 kB
AnonPages:       1493956 kB
Mapped:           767588 kB
Shmem:             23368 kB
KReclaimable:      56312 kB
Slab:             208776 kB
SReclaimable:      50128 kB
SUnreclaim:       158648 kB
KernelStack:       48352 kB
PageTables:        62324 kB
NFS_Unstable:          0 kB
Bounce:                0 kB
WritebackTmp:          0 kB
CommitLimit:     6660208 kB
Committed_AS:   72193124 kB
VmallocTotal:   263061440 kB
VmallocUsed:       88776 kB
VmallocChunk:          0 kB
Percpu:             7552 kB
CmaTotal:         315392 kB
CmaFree:              64 kB
MemTotal:        5980404 kB
MemFree:          383640 kB
MemAvailable:    2350764 kB
Buffers:            5420 kB
Cached:          2360672 kB
SwapCached:            0 kB
Active:          2424776 kB
Inactive:        1438688 kB
Active(anon):    1336192 kB
Inactive(anon):   189428 kB
Active(file):    1088584 kB
Inactive(file):  1249260 kB
Unevictable:        5596 kB
Mlocked:            5596 kB
SwapTotal:       3670008 kB
SwapFree:        3667960 kB
Dirty:              3084 kB
Writeback:             0 kB
AnonPages:       1503276 kB
Mapped:           770084 kB
Shmem:             23368 kB
KReclaimable:      56312 kB
Slab:             208868 kB
SReclaimable:      50128 kB
SUnreclaim:       158740 kB
KernelStack:       48336 kB
PageTables:        62340 kB
NFS_Unstable:          0 kB
Bounce:                0 kB
WritebackTmp:          0 kB
CommitLimit:     6660208 kB
Committed_AS:   72195648 kB
VmallocTotal:   263061440 kB
VmallocUsed:       88792 kB
VmallocChunk:          0 kB
Percpu:             7552 kB
CmaTotal:         315392 kB
CmaFree:               0 kB
MemTotal:        5980404 kB
MemFree:          368076 kB
MemAvailable:    2340364 kB
Buffers:            5420 kB
Cached:          2365408 kB
SwapCached:            0 kB
Active:          2434648 kB
Inactive:        1443316 kB
Active(anon):    1345628 kB
Inactive(anon):   189432 kB
Active(file):    1089020 kB
Inactive(file):  1253884 kB
Unevictable:        5596 kB
Mlocked:            5596 kB
SwapTotal:       3670008 kB
SwapFree:        3667960 kB
Dirty:              3088 kB
Writeback:             0 kB
AnonPages:       1512672 kB
Mapped:           769972 kB
Shmem:             23372 kB
KReclaimable:      56520 kB
Slab:             209104 kB
SReclaimable:      50336 kB
SUnreclaim:       158768 kB
KernelStack:       48336 kB
PageTables:        62356 kB
NFS_Unstable:          0 kB
Bounce:                0 kB
WritebackTmp:          0 kB
CommitLimit:     6660208 kB
Committed_AS:   72218700 kB
VmallocTotal:   263061440 kB
VmallocUsed:       88824 kB
VmallocChunk:          0 kB
Percpu:             7552 kB
CmaTotal:         315392 kB
CmaFree:              20 kB
MemTotal:        5980404 kB
MemFree:          360936 kB
MemAvailable:    2333584 kB
Buffers:            5420 kB
Cached:          2365752 kB
SwapCached:            0 kB
Active:          2430948 kB
Inactive:        1442484 kB
Active(anon):    1340752 kB
Inactive(anon):   189432 kB
Active(file):    1090196 kB
Inactive(file):  1253052 kB
Unevictable:        5596 kB
Mlocked:            5596 kB
SwapTotal:       3670008 kB
SwapFree:        3667960 kB
Dirty:              3144 kB
Writeback:             0 kB
AnonPages:       1507436 kB
Mapped:           770884 kB
Shmem:             23372 kB
KReclaimable:      56552 kB
Slab:             209200 kB
SReclaimable:      50368 kB
SUnreclaim:       158832 kB
KernelStack:       48412 kB
PageTables:        62548 kB
NFS_Unstable:          0 kB
Bounce:                0 kB
WritebackTmp:          0 kB
CommitLimit:     6660208 kB
Committed_AS:   72212564 kB
VmallocTotal:   263061440 kB
VmallocUsed:       88792 kB
VmallocChunk:          0 kB
Percpu:             7552 kB
CmaTotal:         315392 kB
CmaFree:               0 kB
MemTotal:        5980404 kB
MemFree:          355452 kB
MemAvailable:    2329460 kB
Buffers:            5420 kB
Cached:          2367100 kB
SwapCached:            0 kB
Active:          2436016 kB
Inactive:        1443008 kB
Active(anon):    1344996 kB
Inactive(anon):   189436 kB
Active(file):    1091020 kB
Inactive(file):  1253572 kB
Unevictable:        5596 kB
Mlocked:            5596 kB
SwapTotal:       3670008 kB
SwapFree:        3667960 kB
Dirty:              3708 kB
Writeback:             0 kB
AnonPages:       1512156 kB
Mapped:           770932 kB
Shmem:             23376 kB
KReclaimable:      56584 kB
Slab:             209216 kB
SReclaimable:      50400 kB
SUnreclaim:       158816 kB
KernelStack:       48352 kB
PageTables:        62396 kB
NFS_Unstable:          0 kB
Bounce:                0 kB
WritebackTmp:          0 kB
CommitLimit:     6660208 kB
Committed_AS:   72208364 kB
VmallocTotal:   263061440 kB
VmallocUsed:       88776 kB
VmallocChunk:          0 kB
Percpu:             7552 kB
CmaTotal:         315392 kB
CmaFree:              92 kB
MemTotal:        5980404 kB
MemFree:          360888 kB
MemAvailable:    2334924 kB
Buffers:            5420 kB
Cached:          2367120 kB
SwapCached:            0 kB
Active:          2427976 kB
Inactive:        1443012 kB
Active(anon):    1336940 kB
Inactive(anon):   189436 kB
Active(file):    1091036 kB
Inactive(file):  1253576 kB
Unevictable:        5596 kB
Mlocked:            5596 kB
SwapTotal:       3670008 kB
SwapFree:        3667960 kB
Dirty:              3724 kB
Writeback:             0 kB
AnonPages:       1503968 kB
Mapped:           771240 kB
Shmem:             23376 kB
KReclaimable:      56600 kB
Slab:             209276 kB
SReclaimable:      50416 kB
SUnreclaim:       158860 kB
KernelStack:       48336 kB
PageTables:        62428 kB
NFS_Unstable:          0 kB
Bounce:                0 kB
WritebackTmp:          0 kB
CommitLimit:     6660208 kB
Committed_AS:   72215048 kB
VmallocTotal:   263061440 kB
VmallocUsed:       88808 kB
VmallocChunk:          0 kB
Percpu:             7552 kB
CmaTotal:         315392 kB
CmaFree:               0 kB
MemTotal:        5980404 kB
MemFree:          361908 kB
MemAvailable:    2335944 kB
Buffers:            5420 kB
Cached:          2367120 kB
SwapCached:            0 kB
Active:          2426760 kB
Inactive:        1443012 kB
Active(anon):    1335724 kB
Inactive(anon):   189436 kB
Active(file):    1091036 kB
Inactive(file):  1253576 kB
Unevictable:        5596 kB
Mlocked:            5596 kB
SwapTotal:       3670008 kB
SwapFree:        3667960 kB
Dirty:              3724 kB
Writeback:             0 kB
AnonPages:       1502964 kB
Mapped:           771588 kB
Shmem:             23376 kB
KReclaimable:      56600 kB
Slab:             209268 kB
SReclaimable:      50416 kB
SUnreclaim:       158852 kB
KernelStack:       48336 kB
PageTables:        62428 kB
NFS_Unstable:          0 kB
Bounce:                0 kB
WritebackTmp:          0 kB
CommitLimit:     6660208 kB
Committed_AS:   72214876 kB
VmallocTotal:   263061440 kB
VmallocUsed:       88808 kB
VmallocChunk:          0 kB
Percpu:             7552 kB
CmaTotal:         315392 kB
CmaFree:               0 kB
MemTotal:        5980404 kB
MemFree:          361492 kB
MemAvailable:    2335536 kB
Buffers:            5420 kB
Cached:          2367128 kB
SwapCached:            0 kB
Active:          2426984 kB
Inactive:        1443020 kB
Active(anon):    1335948 kB
Inactive(anon):   189436 kB
Active(file):    1091036 kB
Inactive(file):  1253584 kB
Unevictable:        5596 kB
Mlocked:            5596 kB
SwapTotal:       3670008 kB
SwapFree:        3667960 kB
Dirty:              3732 kB
Writeback:             0 kB
AnonPages:       1502928 kB
Mapped:           771600 kB
Shmem:             23376 kB
KReclaimable:      56600 kB
Slab:             209280 kB
SReclaimable:      50416 kB
SUnreclaim:       158864 kB
KernelStack:       48336 kB
PageTables:        62432 kB
NFS_Unstable:          0 kB
Bounce:                0 kB
WritebackTmp:          0 kB
CommitLimit:     6660208 kB
Committed_AS:   72214488 kB
VmallocTotal:   263061440 kB
VmallocUsed:       88808 kB
VmallocChunk:          0 kB
Percpu:             7552 kB
CmaTotal:         315392 kB
CmaFree:               0 kB
MemTotal:        5980404 kB
MemFree:          359956 kB
MemAvailable:    2334232 kB
Buffers:            5420 kB
Cached:          2367576 kB
SwapCached:            0 kB
Active:          2429092 kB
Inactive:        1443252 kB
Active(anon):    1338056 kB
Inactive(anon):   189436 kB
Active(file):    1091036 kB
Inactive(file):  1253816 kB
Unevictable:        5596 kB
Mlocked:            5596 kB
SwapTotal:       3670008 kB
SwapFree:        3667960 kB
Dirty:              3964 kB
Writeback:             0 kB
AnonPages:       1505128 kB
Mapped:           771608 kB
Shmem:             23376 kB
KReclaimable:      56600 kB
Slab:             209276 kB
SReclaimable:      50416 kB
SUnreclaim:       158860 kB
KernelStack:       48336 kB
PageTables:        62424 kB
NFS_Unstable:          0 kB
Bounce:                0 kB
WritebackTmp:          0 kB
CommitLimit:     6660208 kB
Committed_AS:   72214312 kB
VmallocTotal:   263061440 kB
VmallocUsed:       88792 kB
VmallocChunk:          0 kB
Percpu:             7552 kB
CmaTotal:         315392 kB
CmaFree:               0 kB
MemTotal:        5980404 kB
MemFree:          360348 kB
MemAvailable:    2334760 kB
Buffers:            5420 kB
Cached:          2367500 kB
SwapCached:            0 kB
Active:          2428088 kB
Inactive:        1443392 kB
Active(anon):    1337052 kB
Inactive(anon):   189440 kB
Active(file):    1091036 kB
Inactive(file):  1253952 kB
Unevictable:        5596 kB
Mlocked:            5596 kB
SwapTotal:       3670008 kB
SwapFree:        3667960 kB
Dirty:              4100 kB
Writeback:             0 kB
AnonPages:       1504332 kB
Mapped:           771616 kB
Shmem:             23380 kB
KReclaimable:      56600 kB
Slab:             209264 kB
SReclaimable:      50416 kB
SUnreclaim:       158848 kB
KernelStack:       48336 kB
PageTables:        62392 kB
NFS_Unstable:          0 kB
Bounce:                0 kB
WritebackTmp:          0 kB
CommitLimit:     6660208 kB
Committed_AS:   72211268 kB
VmallocTotal:   263061440 kB
VmallocUsed:       88776 kB
VmallocChunk:          0 kB
Percpu:             7552 kB
CmaTotal:         315392 kB
CmaFree:               0 kB
MemTotal:        5980404 kB
MemFree:          360540 kB
MemAvailable:    2334964 kB
Buffers:            5420 kB
Cached:          2367508 kB
SwapCached:            0 kB
Active:          2428428 kB
Inactive:        1443400 kB
Active(anon):    1337392 kB
Inactive(anon):   189444 kB
Active(file):    1091036 kB
Inactive(file):  1253956 kB
Unevictable:        5596 kB
Mlocked:            5596 kB
SwapTotal:       3670008 kB
SwapFree:        3667960 kB
Dirty:              4116 kB
Writeback:             0 kB
AnonPages:       1504584 kB
Mapped:           771632 kB
Shmem:             23384 kB
KReclaimable:      56616 kB
Slab:             209288 kB
SReclaimable:      50432 kB
SUnreclaim:       158856 kB
KernelStack:       48304 kB
PageTables:        62428 kB
NFS_Unstable:          0 kB
Bounce:                0 kB
WritebackTmp:          0 kB
CommitLimit:     6660208 kB
Committed_AS:   72211984 kB
VmallocTotal:   263061440 kB
VmallocUsed:       88776 kB
VmallocChunk:          0 kB
Percpu:             7552 kB
CmaTotal:         315392 kB
CmaFree:               0 kB
MemTotal:        5980404 kB
MemFree:          360208 kB
MemAvailable:    2334656 kB
Buffers:            5420 kB
Cached:          2367516 kB
SwapCached:            0 kB
Active:          2428544 kB
Inactive:        1443408 kB
Active(anon):    1337508 kB
Inactive(anon):   189444 kB
Active(file):    1091036 kB
Inactive(file):  1253964 kB
Unevictable:        5596 kB
Mlocked:            5596 kB
SwapTotal:       3670008 kB
SwapFree:        3667960 kB
Dirty:              4124 kB
Writeback:             0 kB
AnonPages:       1504856 kB
Mapped:           771632 kB
Shmem:             23384 kB
KReclaimable:      56648 kB
Slab:             209340 kB
SReclaimable:      50464 kB
SUnreclaim:       158876 kB
KernelStack:       48352 kB
PageTables:        62512 kB
NFS_Unstable:          0 kB
Bounce:                0 kB
WritebackTmp:          0 kB
CommitLimit:     6660208 kB
Committed_AS:   72212160 kB
VmallocTotal:   263061440 kB
VmallocUsed:       88792 kB
VmallocChunk:          0 kB
Percpu:             7552 kB
CmaTotal:         315392 kB
CmaFree:               0 kB
MemTotal:        5980404 kB
MemFree:          359952 kB
MemAvailable:    2334404 kB
Buffers:            5420 kB
Cached:          2367520 kB
SwapCached:            0 kB
Active:          2428844 kB
Inactive:        1443412 kB
Active(anon):    1337808 kB
Inactive(anon):   189444 kB
Active(file):    1091036 kB
Inactive(file):  1253968 kB
Unevictable:        5596 kB
Mlocked:            5596 kB
SwapTotal:       3670008 kB
SwapFree:        3667960 kB
Dirty:              4128 kB
Writeback:             0 kB
AnonPages:       1504896 kB
Mapped:           771632 kB
Shmem:             23384 kB
KReclaimable:      56648 kB
Slab:             209328 kB
SReclaimable:      50464 kB
SUnreclaim:       158864 kB
KernelStack:       48304 kB
PageTables:        62416 kB
NFS_Unstable:          0 kB
Bounce:                0 kB
WritebackTmp:          0 kB
CommitLimit:     6660208 kB
Committed_AS:   72213204 kB
VmallocTotal:   263061440 kB
VmallocUsed:       88792 kB
VmallocChunk:          0 kB
Percpu:             7552 kB
CmaTotal:         315392 kB
CmaFree:               0 kB
MemTotal:        5980404 kB
MemFree:          361568 kB
MemAvailable:    2336028 kB
Buffers:            5420 kB
Cached:          2367528 kB
SwapCached:            0 kB
Active:          2429944 kB
Inactive:        1442792 kB
Active(anon):    1338280 kB
Inactive(anon):   189444 kB
Active(file):    1091664 kB
Inactive(file):  1253348 kB
Unevictable:        5596 kB
Mlocked:            5596 kB
SwapTotal:       3670008 kB
SwapFree:        3667960 kB
Dirty:              4140 kB
Writeback:             0 kB
AnonPages:       1505340 kB
Mapped:           771632 kB
Shmem:             23384 kB
KReclaimable:      56648 kB
Slab:             209328 kB
SReclaimable:      50464 kB
SUnreclaim:       158864 kB
KernelStack:       48320 kB
PageTables:        62376 kB
NFS_Unstable:          0 kB
Bounce:                0 kB
WritebackTmp:          0 kB
CommitLimit:     6660208 kB
Committed_AS:   72210648 kB
VmallocTotal:   263061440 kB
VmallocUsed:       88760 kB
VmallocChunk:          0 kB
Percpu:             7552 kB
CmaTotal:         315392 kB
CmaFree:               8 kB
MemTotal:        5980404 kB
MemFree:          360204 kB
MemAvailable:    2334668 kB
Buffers:            5420 kB
Cached:          2367532 kB
SwapCached:            0 kB
Active:          2430052 kB
Inactive:        1442796 kB
Active(anon):    1338388 kB
Inactive(anon):   189444 kB
Active(file):    1091664 kB
Inactive(file):  1253352 kB
Unevictable:        5596 kB
Mlocked:            5596 kB
SwapTotal:       3670008 kB
SwapFree:        3667960 kB
Dirty:              4140 kB
Writeback:             0 kB
AnonPages:       1505568 kB
Mapped:           771632 kB
Shmem:             23384 kB
KReclaimable:      56648 kB
Slab:             209316 kB
SReclaimable:      50464 kB
SUnreclaim:       158852 kB
KernelStack:       48304 kB
PageTables:        62420 kB
NFS_Unstable:          0 kB
Bounce:                0 kB
WritebackTmp:          0 kB
CommitLimit:     6660208 kB
Committed_AS:   72211556 kB
VmallocTotal:   263061440 kB
VmallocUsed:       88792 kB
VmallocChunk:          0 kB
Percpu:             7552 kB
CmaTotal:         315392 kB
CmaFree:               0 kB
MemTotal:        5980404 kB
MemFree:          360056 kB
MemAvailable:    2334528 kB
Buffers:            5420 kB
Cached:          2367540 kB
SwapCached:            0 kB
Active:          2429780 kB
Inactive:        1442804 kB
Active(anon):    1338116 kB
Inactive(anon):   189444 kB
Active(file):    1091664 kB
Inactive(file):  1253360 kB
Unevictable:        5596 kB
Mlocked:            5596 kB
SwapTotal:       3670008 kB
SwapFree:        3667960 kB
Dirty:              4148 kB
Writeback:             0 kB
AnonPages:       1505384 kB
Mapped:           771632 kB
Shmem:             23384 kB
KReclaimable:      56648 kB
Slab:             209316 kB
SReclaimable:      50464 kB
SUnreclaim:       158852 kB
KernelStack:       48304 kB
PageTables:        62428 kB
NFS_Unstable:          0 kB
Bounce:                0 kB
WritebackTmp:          0 kB
CommitLimit:     6660208 kB
Committed_AS:   72212392 kB
VmallocTotal:   263061440 kB
VmallocUsed:       88792 kB
VmallocChunk:          0 kB
Percpu:             7552 kB
CmaTotal:         315392 kB
CmaFree:               0 kB
MemTotal:        5980404 kB
MemFree:          359448 kB
MemAvailable:    2333944 kB
Buffers:            5424 kB
Cached:          2367560 kB
SwapCached:            0 kB
Active:          2430204 kB
Inactive:        1442824 kB
Active(anon):    1338536 kB
Inactive(anon):   189444 kB
Active(file):    1091668 kB
Inactive(file):  1253380 kB
Unevictable:        5596 kB
Mlocked:            5596 kB
SwapTotal:       3670008 kB
SwapFree:        3667960 kB
Dirty:              4136 kB
Writeback:             0 kB
AnonPages:       1505692 kB
Mapped:           771632 kB
Shmem:             23384 kB
KReclaimable:      56648 kB
Slab:             209316 kB
SReclaimable:      50464 kB
SUnreclaim:       158852 kB
KernelStack:       48304 kB
PageTables:        62424 kB
NFS_Unstable:          0 kB
Bounce:                0 kB
WritebackTmp:          0 kB
CommitLimit:     6660208 kB
Committed_AS:   72212128 kB
VmallocTotal:   263061440 kB
VmallocUsed:       88792 kB
VmallocChunk:          0 kB
Percpu:             7552 kB
CmaTotal:         315392 kB
CmaFree:               0 kB
MemTotal:        5980404 kB
MemFree:          359448 kB
MemAvailable:    2333952 kB
Buffers:            5424 kB
Cached:          2367568 kB
SwapCached:            0 kB
Active:          2430320 kB
Inactive:        1442832 kB
Active(anon):    1338652 kB
Inactive(anon):   189444 kB
Active(file):    1091668 kB
Inactive(file):  1253388 kB
Unevictable:        5596 kB
Mlocked:            5596 kB
SwapTotal:       3670008 kB
SwapFree:        3667960 kB
Dirty:              4144 kB
Writeback:             0 kB
AnonPages:       1505808 kB
Mapped:           771632 kB
Shmem:             23384 kB
KReclaimable:      56648 kB
Slab:             209316 kB
SReclaimable:      50464 kB
SUnreclaim:       158852 kB
KernelStack:       48304 kB
PageTables:        62432 kB
NFS_Unstable:          0 kB
Bounce:                0 kB
WritebackTmp:          0 kB
CommitLimit:     6660208 kB
Committed_AS:   72211952 kB
VmallocTotal:   263061440 kB
VmallocUsed:       88792 kB
VmallocChunk:          0 kB
Percpu:             7552 kB
CmaTotal:         315392 kB
CmaFree:               0 kB
MemTotal:        5980404 kB
MemFree:          358900 kB
MemAvailable:    2333408 kB
Buffers:            5424 kB
Cached:          2367572 kB
SwapCached:            0 kB
Active:          2430744 kB
Inactive:        1442836 kB
Active(anon):    1339076 kB
Inactive(anon):   189444 kB
Active(file):    1091668 kB
Inactive(file):  1253392 kB
Unevictable:        5596 kB
Mlocked:            5596 kB
SwapTotal:       3670008 kB
SwapFree:        3667960 kB
Dirty:              4148 kB
Writeback:             0 kB
AnonPages:       1506204 kB
Mapped:           771632 kB
Shmem:             23384 kB
KReclaimable:      56648 kB
Slab:             209300 kB
SReclaimable:      50464 kB
SUnreclaim:       158836 kB
KernelStack:       48320 kB
PageTables:        62392 kB
NFS_Unstable:          0 kB
Bounce:                0 kB
WritebackTmp:          0 kB
CommitLimit:     6660208 kB
Committed_AS:   72210504 kB
VmallocTotal:   263061440 kB
VmallocUsed:       88776 kB
VmallocChunk:          0 kB
Percpu:             7552 kB
CmaTotal:         315392 kB
CmaFree:               0 kB
MemTotal:        5980404 kB
MemFree:          358636 kB
MemAvailable:    2333152 kB
Buffers:            5424 kB
Cached:          2367580 kB
SwapCached:            0 kB
Active:          2431456 kB
Inactive:        1442844 kB
Active(anon):    1339788 kB
Inactive(anon):   189444 kB
Active(file):    1091668 kB
Inactive(file):  1253400 kB
Unevictable:        5596 kB
Mlocked:            5596 kB
SwapTotal:       3670008 kB
SwapFree:        3667960 kB
Dirty:               508 kB
Writeback:          1140 kB
AnonPages:       1506916 kB
Mapped:           771632 kB
Shmem:             23384 kB
KReclaimable:      56648 kB
Slab:             209324 kB
SReclaimable:      50464 kB
SUnreclaim:       158860 kB
KernelStack:       48304 kB
PageTables:        62420 kB
NFS_Unstable:          0 kB
Bounce:                0 kB
WritebackTmp:          0 kB
CommitLimit:     6660208 kB
Committed_AS:   72210172 kB
VmallocTotal:   263061440 kB
VmallocUsed:       88776 kB
VmallocChunk:          0 kB
Percpu:             7552 kB
CmaTotal:         315392 kB
CmaFree:               0 kB
MemTotal:        5980404 kB
MemFree:          357348 kB
MemAvailable:    2331876 kB
Buffers:            5424 kB
Cached:          2367592 kB
SwapCached:            0 kB
Active:          2431836 kB
Inactive:        1442840 kB
Active(anon):    1340152 kB
Inactive(anon):   189444 kB
Active(file):    1091684 kB
Inactive(file):  1253396 kB
Unevictable:        5596 kB
Mlocked:            5596 kB
SwapTotal:       3670008 kB
SwapFree:        3667960 kB
Dirty:               368 kB
Writeback:             0 kB
AnonPages:       1507052 kB
Mapped:           771632 kB
Shmem:             23384 kB
KReclaimable:      56648 kB
Slab:             209304 kB
SReclaimable:      50464 kB
SUnreclaim:       158840 kB
KernelStack:       48304 kB
PageTables:        62420 kB
NFS_Unstable:          0 kB
Bounce:                0 kB
WritebackTmp:          0 kB
CommitLimit:     6660208 kB
Committed_AS:   72211172 kB
VmallocTotal:   263061440 kB
VmallocUsed:       88792 kB
VmallocChunk:          0 kB
Percpu:             7552 kB
CmaTotal:         315392 kB
CmaFree:               0 kB
MemTotal:        5980404 kB
MemFree:          357080 kB
MemAvailable:    2331620 kB
Buffers:            5424 kB
Cached:          2367604 kB
SwapCached:            0 kB
Active:          2432096 kB
Inactive:        1442852 kB
Active(anon):    1340412 kB
Inactive(anon):   189444 kB
Active(file):    1091684 kB
Inactive(file):  1253408 kB
Unevictable:        5596 kB
Mlocked:            5596 kB
SwapTotal:       3670008 kB
SwapFree:        3667960 kB
Dirty:               388 kB
Writeback:             0 kB
AnonPages:       1507388 kB
Mapped:           771648 kB
Shmem:             23384 kB
KReclaimable:      56648 kB
Slab:             209296 kB
SReclaimable:      50464 kB
SUnreclaim:       158832 kB
KernelStack:       48304 kB
PageTables:        62428 kB
NFS_Unstable:          0 kB
Bounce:                0 kB
WritebackTmp:          0 kB
CommitLimit:     6660208 kB
Committed_AS:   72210884 kB
VmallocTotal:   263061440 kB
VmallocUsed:       88792 kB
VmallocChunk:          0 kB
Percpu:             7552 kB
CmaTotal:         315392 kB
CmaFree:               0 kB
MemTotal:        5980404 kB
MemFree:          357484 kB
MemAvailable:    2332032 kB
Buffers:            5424 kB
Cached:          2367612 kB
SwapCached:            0 kB
Active:          2432196 kB
Inactive:        1442860 kB
Active(anon):    1340512 kB
Inactive(anon):   189444 kB
Active(file):    1091684 kB
Inactive(file):  1253416 kB
Unevictable:        5596 kB
Mlocked:            5596 kB
SwapTotal:       3670008 kB
SwapFree:        3667960 kB
Dirty:               396 kB
Writeback:             0 kB
AnonPages:       1507636 kB
Mapped:           771656 kB
Shmem:             23384 kB
KReclaimable:      56648 kB
Slab:             209304 kB
SReclaimable:      50464 kB
SUnreclaim:       158840 kB
KernelStack:       48304 kB
PageTables:        62412 kB
NFS_Unstable:          0 kB
Bounce:                0 kB
WritebackTmp:          0 kB
CommitLimit:     6660208 kB
Committed_AS:   72211032 kB
VmallocTotal:   263061440 kB
VmallocUsed:       88792 kB
VmallocChunk:          0 kB
Percpu:             7552 kB
CmaTotal:         315392 kB
CmaFree:               0 kB
MemTotal:        5980404 kB
MemFree:          355392 kB
MemAvailable:    2330268 kB
Buffers:            5424 kB
Cached:          2367556 kB
SwapCached:            0 kB
Active:          2433988 kB
Inactive:        1442700 kB
Active(anon):    1342312 kB
Inactive(anon):   189444 kB
Active(file):    1091676 kB
Inactive(file):  1253256 kB
Unevictable:        5596 kB
Mlocked:            5596 kB
SwapTotal:       3670008 kB
SwapFree:        3667960 kB
Dirty:               616 kB
Writeback:             0 kB
AnonPages:       1509256 kB
Mapped:           771780 kB
Shmem:             23384 kB
KReclaimable:      57640 kB
Slab:             210356 kB
SReclaimable:      51456 kB
SUnreclaim:       158900 kB
KernelStack:       48320 kB
PageTables:        62436 kB
NFS_Unstable:          0 kB
Bounce:                0 kB
WritebackTmp:          0 kB
CommitLimit:     6660208 kB
Committed_AS:   72207972 kB
VmallocTotal:   263061440 kB
VmallocUsed:       88792 kB
VmallocChunk:          0 kB
Percpu:             7552 kB
CmaTotal:         315392 kB
CmaFree:               0 kB
MemTotal:        5980404 kB
MemFree:          354540 kB
MemAvailable:    2329628 kB
Buffers:            5424 kB
Cached:          2367656 kB
SwapCached:            0 kB
Active:          2433788 kB
Inactive:        1442900 kB
Active(anon):    1342100 kB
Inactive(anon):   189444 kB
Active(file):    1091688 kB
Inactive(file):  1253456 kB
Unevictable:        5596 kB
Mlocked:            5596 kB
SwapTotal:       3670008 kB
SwapFree:        3667960 kB
Dirty:               412 kB
Writeback:             0 kB
AnonPages:       1509272 kB
Mapped:           771660 kB
Shmem:             23384 kB
KReclaimable:      57640 kB
Slab:             210296 kB
SReclaimable:      51456 kB
SUnreclaim:       158840 kB
KernelStack:       48320 kB
PageTables:        62428 kB
NFS_Unstable:          0 kB
Bounce:                0 kB
WritebackTmp:          0 kB
CommitLimit:     6660208 kB
Committed_AS:   72207712 kB
VmallocTotal:   263061440 kB
VmallocUsed:       88776 kB
VmallocChunk:          0 kB
Percpu:             7552 kB
CmaTotal:         315392 kB
CmaFree:             128 kB
MemTotal:        5980404 kB
MemFree:          353252 kB
MemAvailable:    2328348 kB
Buffers:            5424 kB
Cached:          2367672 kB
SwapCached:            0 kB
Active:          2434828 kB
Inactive:        1442916 kB
Active(anon):    1343140 kB
Inactive(anon):   189452 kB
Active(file):    1091688 kB
Inactive(file):  1253464 kB
Unevictable:        5596 kB
Mlocked:            5596 kB
SwapTotal:       3670008 kB
SwapFree:        3667960 kB
Dirty:               480 kB
Writeback:             0 kB
AnonPages:       1509852 kB
Mapped:           771668 kB
Shmem:             23392 kB
KReclaimable:      57640 kB
Slab:             210288 kB
SReclaimable:      51456 kB
SUnreclaim:       158832 kB
KernelStack:       48364 kB
PageTables:        62388 kB
NFS_Unstable:          0 kB
Bounce:                0 kB
WritebackTmp:          0 kB
CommitLimit:     6660208 kB
Committed_AS:   72208780 kB
VmallocTotal:   263061440 kB
VmallocUsed:       88792 kB
VmallocChunk:          0 kB
Percpu:             7552 kB
CmaTotal:         315392 kB
CmaFree:               0 kB
MemTotal:        5980404 kB
MemFree:          338148 kB
MemAvailable:    2321928 kB
Buffers:            5424 kB
Cached:          2376184 kB
SwapCached:            0 kB
Active:          2443980 kB
Inactive:        1442464 kB
Active(anon):    1343336 kB
Inactive(anon):   189444 kB
Active(file):    1100644 kB
Inactive(file):  1253020 kB
Unevictable:        5596 kB
Mlocked:            5596 kB
SwapTotal:       3670008 kB
SwapFree:        3667960 kB
Dirty:               496 kB
Writeback:             0 kB
AnonPages:       1510488 kB
Mapped:           771688 kB
Shmem:             23392 kB
KReclaimable:      57980 kB
Slab:             210688 kB
SReclaimable:      51796 kB
SUnreclaim:       158892 kB
KernelStack:       48336 kB
PageTables:        62428 kB
NFS_Unstable:          0 kB
Bounce:                0 kB
WritebackTmp:          0 kB
CommitLimit:     6660208 kB
Committed_AS:   72209704 kB
VmallocTotal:   263061440 kB
VmallocUsed:       88808 kB
VmallocChunk:          0 kB
Percpu:             7552 kB
CmaTotal:         315392 kB
CmaFree:               0 kB
MemTotal:        5980404 kB
MemFree:          337840 kB
MemAvailable:    2321568 kB
Buffers:            5424 kB
Cached:          2376188 kB
SwapCached:            0 kB
Active:          2444032 kB
Inactive:        1442468 kB
Active(anon):    1343388 kB
Inactive(anon):   189444 kB
Active(file):    1100644 kB
Inactive(file):  1253024 kB
Unevictable:        5596 kB
Mlocked:            5596 kB
SwapTotal:       3670008 kB
SwapFree:        3667960 kB
Dirty:               500 kB
Writeback:             0 kB
AnonPages:       1510532 kB
Mapped:           771688 kB
Shmem:             23392 kB
KReclaimable:      57868 kB
Slab:             210528 kB
SReclaimable:      51684 kB
SUnreclaim:       158844 kB
KernelStack:       48380 kB
PageTables:        62372 kB
NFS_Unstable:          0 kB
Bounce:                0 kB
WritebackTmp:          0 kB
CommitLimit:     6660208 kB
Committed_AS:   72212272 kB
VmallocTotal:   263061440 kB
VmallocUsed:       88824 kB
VmallocChunk:          0 kB
Percpu:             7552 kB
CmaTotal:         315392 kB
CmaFree:               0 kB
MemTotal:        5980404 kB
MemFree:          338012 kB
MemAvailable:    2321748 kB
Buffers:            5424 kB
Cached:          2376200 kB
SwapCached:            0 kB
Active:          2443516 kB
Inactive:        1442480 kB
Active(anon):    1342872 kB
Inactive(anon):   189448 kB
Active(file):    1100644 kB
Inactive(file):  1253032 kB
Unevictable:        5596 kB
Mlocked:            5596 kB
SwapTotal:       3670008 kB
SwapFree:        3667960 kB
Dirty:               516 kB
Writeback:             0 kB
AnonPages:       1509792 kB
Mapped:           771692 kB
Shmem:             23396 kB
KReclaimable:      57868 kB
Slab:             210532 kB
SReclaimable:      51684 kB
SUnreclaim:       158848 kB
KernelStack:       48352 kB
PageTables:        62392 kB
NFS_Unstable:          0 kB
Bounce:                0 kB
WritebackTmp:          0 kB
CommitLimit:     6660208 kB
Committed_AS:   72209388 kB
VmallocTotal:   263061440 kB
VmallocUsed:       88808 kB
VmallocChunk:          0 kB
Percpu:             7552 kB
CmaTotal:         315392 kB
CmaFree:               0 kB
MemTotal:        5980404 kB
MemFree:          333288 kB
MemAvailable:    2317272 kB
Buffers:            5424 kB
Cached:          2376436 kB
SwapCached:            0 kB
Active:          2447148 kB
Inactive:        1442112 kB
Active(anon):    1345900 kB
Inactive(anon):   189448 kB
Active(file):    1101248 kB
Inactive(file):  1252664 kB
Unevictable:        5596 kB
Mlocked:            5596 kB
SwapTotal:       3670008 kB
SwapFree:        3667960 kB
Dirty:               532 kB
Writeback:             0 kB
AnonPages:       1512912 kB
Mapped:           771720 kB
Shmem:             23396 kB
KReclaimable:      57896 kB
Slab:             210564 kB
SReclaimable:      51712 kB
SUnreclaim:       158852 kB
KernelStack:       48352 kB
PageTables:        62388 kB
NFS_Unstable:          0 kB
Bounce:                0 kB
WritebackTmp:          0 kB
CommitLimit:     6660208 kB
Committed_AS:   72213132 kB
VmallocTotal:   263061440 kB
VmallocUsed:       88776 kB
VmallocChunk:          0 kB
Percpu:             7552 kB
CmaTotal:         315392 kB
CmaFree:               0 kB
MemTotal:        5980404 kB
MemFree:          331592 kB
MemAvailable:    2315696 kB
Buffers:            5428 kB
Cached:          2376552 kB
SwapCached:            0 kB
Active:          2447192 kB
Inactive:        1442228 kB
Active(anon):    1345940 kB
Inactive(anon):   189448 kB
Active(file):    1101252 kB
Inactive(file):  1252780 kB
Unevictable:        5596 kB
Mlocked:            5596 kB
SwapTotal:       3670008 kB
SwapFree:        3667960 kB
Dirty:               420 kB
Writeback:             0 kB
AnonPages:       1512848 kB
Mapped:           771720 kB
Shmem:             23396 kB
KReclaimable:      57896 kB
Slab:             210560 kB
SReclaimable:      51712 kB
SUnreclaim:       158848 kB
KernelStack:       48336 kB
PageTables:        62440 kB
NFS_Unstable:          0 kB
Bounce:                0 kB
WritebackTmp:          0 kB
CommitLimit:     6660208 kB
Committed_AS:   72218980 kB
VmallocTotal:   263061440 kB
VmallocUsed:       88824 kB
VmallocChunk:          0 kB
Percpu:             7552 kB
CmaTotal:         315392 kB
CmaFree:               0 kB
MemTotal:        5980404 kB
MemFree:          330492 kB
MemAvailable:    2314700 kB
Buffers:            5428 kB
Cached:          2376656 kB
SwapCached:            0 kB
Active:          2447456 kB
Inactive:        1442328 kB
Active(anon):    1346200 kB
Inactive(anon):   189448 kB
Active(file):    1101256 kB
Inactive(file):  1252880 kB
Unevictable:        5596 kB
Mlocked:            5596 kB
SwapTotal:       3670008 kB
SwapFree:        3667960 kB
Dirty:               436 kB
Writeback:             0 kB
AnonPages:       1513352 kB
Mapped:           771720 kB
Shmem:             23396 kB
KReclaimable:      57896 kB
Slab:             210556 kB
SReclaimable:      51712 kB
SUnreclaim:       158844 kB
KernelStack:       48336 kB
PageTables:        62428 kB
NFS_Unstable:          0 kB
Bounce:                0 kB
WritebackTmp:          0 kB
CommitLimit:     6660208 kB
Committed_AS:   72218252 kB
VmallocTotal:   263061440 kB
VmallocUsed:       88824 kB
VmallocChunk:          0 kB
Percpu:             7552 kB
CmaTotal:         315392 kB
CmaFree:               0 kB
MemTotal:        5980404 kB
MemFree:          332480 kB
MemAvailable:    2316696 kB
Buffers:            5428 kB
Cached:          2376668 kB
SwapCached:            0 kB
Active:          2446480 kB
Inactive:        1442328 kB
Active(anon):    1345216 kB
Inactive(anon):   189448 kB
Active(file):    1101264 kB
Inactive(file):  1252880 kB
Unevictable:        5596 kB
Mlocked:            5596 kB
SwapTotal:       3670008 kB
SwapFree:        3667960 kB
Dirty:               480 kB
Writeback:             0 kB
AnonPages:       1512268 kB
Mapped:           771724 kB
Shmem:             23400 kB
KReclaimable:      57896 kB
Slab:             210552 kB
SReclaimable:      51712 kB
SUnreclaim:       158840 kB
KernelStack:       48352 kB
PageTables:        62392 kB
NFS_Unstable:          0 kB
Bounce:                0 kB
WritebackTmp:          0 kB
CommitLimit:     6660208 kB
Committed_AS:   72215696 kB
VmallocTotal:   263061440 kB
VmallocUsed:       88792 kB
VmallocChunk:          0 kB
Percpu:             7552 kB
CmaTotal:         315392 kB
CmaFree:               0 kB
MemTotal:        5980404 kB
MemFree:          331056 kB
MemAvailable:    2315284 kB
Buffers:            5428 kB
Cached:          2376680 kB
SwapCached:            0 kB
Active:          2446760 kB
Inactive:        1442340 kB
Active(anon):    1345496 kB
Inactive(anon):   189448 kB
Active(file):    1101264 kB
Inactive(file):  1252892 kB
Unevictable:        5596 kB
Mlocked:            5596 kB
SwapTotal:       3670008 kB
SwapFree:        3667960 kB
Dirty:               492 kB
Writeback:             0 kB
AnonPages:       1512624 kB
Mapped:           771724 kB
Shmem:             23400 kB
KReclaimable:      57896 kB
Slab:             210552 kB
SReclaimable:      51712 kB
SUnreclaim:       158840 kB
KernelStack:       48336 kB
PageTables:        62428 kB
NFS_Unstable:          0 kB
Bounce:                0 kB
WritebackTmp:          0 kB
CommitLimit:     6660208 kB
Committed_AS:   72217916 kB
VmallocTotal:   263061440 kB
VmallocUsed:       88824 kB
VmallocChunk:          0 kB
Percpu:             7552 kB
CmaTotal:         315392 kB
CmaFree:               0 kB
MemTotal:        5980404 kB
MemFree:          322660 kB
MemAvailable:    2310784 kB
Buffers:            5428 kB
Cached:          2376684 kB
SwapCached:            0 kB
Active:          2451524 kB
Inactive:        1442340 kB
Active(anon):    1350256 kB
Inactive(anon):   189452 kB
Active(file):    1101268 kB
Inactive(file):  1252888 kB
Unevictable:        5596 kB
Mlocked:            5596 kB
SwapTotal:       3670008 kB
SwapFree:        3667960 kB
Dirty:               496 kB
Writeback:             0 kB
AnonPages:       1517664 kB
Mapped:           771960 kB
Shmem:             23404 kB
KReclaimable:      65684 kB
Slab:             210568 kB
SReclaimable:      51712 kB
SUnreclaim:       158856 kB
KernelStack:       48448 kB
PageTables:        62504 kB
NFS_Unstable:          0 kB
Bounce:                0 kB
WritebackTmp:          0 kB
CommitLimit:     6660208 kB
Committed_AS:   72216720 kB
VmallocTotal:   263061440 kB
VmallocUsed:       88824 kB
VmallocChunk:          0 kB
Percpu:             7552 kB
CmaTotal:         315392 kB
CmaFree:               0 kB
MemTotal:        5980404 kB
MemFree:          322160 kB
MemAvailable:    2310272 kB
Buffers:            5428 kB
Cached:          2376688 kB
SwapCached:            0 kB
Active:          2451812 kB
Inactive:        1442340 kB
Active(anon):    1350540 kB
Inactive(anon):   189452 kB
Active(file):    1101272 kB
Inactive(file):  1252888 kB
Unevictable:        5596 kB
Mlocked:            5596 kB
SwapTotal:       3670008 kB
SwapFree:        3667960 kB
Dirty:               276 kB
Writeback:             0 kB
AnonPages:       1517672 kB
Mapped:           772000 kB
Shmem:             23404 kB
KReclaimable:      65652 kB
Slab:             210556 kB
SReclaimable:      51712 kB
SUnreclaim:       158844 kB
KernelStack:       48476 kB
PageTables:        62392 kB
NFS_Unstable:          0 kB
Bounce:                0 kB
WritebackTmp:          0 kB
CommitLimit:     6660208 kB
Committed_AS:   72216100 kB
VmallocTotal:   263061440 kB
VmallocUsed:       88840 kB
VmallocChunk:          0 kB
Percpu:             7552 kB
CmaTotal:         315392 kB
CmaFree:               0 kB
MemTotal:        5980404 kB
MemFree:          321848 kB
MemAvailable:    2309976 kB
Buffers:            5432 kB
Cached:          2376700 kB
SwapCached:            0 kB
Active:          2451760 kB
Inactive:        1442352 kB
Active(anon):    1350484 kB
Inactive(anon):   189452 kB
Active(file):    1101276 kB
Inactive(file):  1252900 kB
Unevictable:        5596 kB
Mlocked:            5596 kB
SwapTotal:       3670008 kB
SwapFree:        3667960 kB
Dirty:               304 kB
Writeback:             0 kB
AnonPages:       1517560 kB
Mapped:           772012 kB
Shmem:             23404 kB
KReclaimable:      65652 kB
Slab:             210556 kB
SReclaimable:      51712 kB
SUnreclaim:       158844 kB
KernelStack:       48448 kB
PageTables:        62412 kB
NFS_Unstable:          0 kB
Bounce:                0 kB
WritebackTmp:          0 kB
CommitLimit:     6660208 kB
Committed_AS:   72214532 kB
VmallocTotal:   263061440 kB
VmallocUsed:       88856 kB
VmallocChunk:          0 kB
Percpu:             7552 kB
CmaTotal:         315392 kB
CmaFree:               0 kB
MemTotal:        5980404 kB
MemFree:          319260 kB
MemAvailable:    2307408 kB
Buffers:            5432 kB
Cached:          2376712 kB
SwapCached:            0 kB
Active:          2451948 kB
Inactive:        1442364 kB
Active(anon):    1350672 kB
Inactive(anon):   189452 kB
Active(file):    1101276 kB
Inactive(file):  1252912 kB
Unevictable:        5596 kB
Mlocked:            5596 kB
SwapTotal:       3670008 kB
SwapFree:        3667960 kB
Dirty:               360 kB
Writeback:             0 kB
AnonPages:       1517792 kB
Mapped:           772188 kB
Shmem:             23404 kB
KReclaimable:      65668 kB
Slab:             210596 kB
SReclaimable:      51728 kB
SUnreclaim:       158868 kB
KernelStack:       48432 kB
PageTables:        62604 kB
NFS_Unstable:          0 kB
Bounce:                0 kB
WritebackTmp:          0 kB
CommitLimit:     6660208 kB
Committed_AS:   72216916 kB
VmallocTotal:   263061440 kB
VmallocUsed:       88840 kB
VmallocChunk:          0 kB
Percpu:             7552 kB
CmaTotal:         315392 kB
CmaFree:               0 kB
MemTotal:        5980404 kB
MemFree:          319160 kB
MemAvailable:    2307316 kB
Buffers:            5432 kB
Cached:          2376720 kB
SwapCached:            0 kB
Active:          2452376 kB
Inactive:        1442372 kB
Active(anon):    1351100 kB
Inactive(anon):   189452 kB
Active(file):    1101276 kB
Inactive(file):  1252920 kB
Unevictable:        5596 kB
Mlocked:            5596 kB
SwapTotal:       3670008 kB
SwapFree:        3667960 kB
Dirty:               368 kB
Writeback:             0 kB
AnonPages:       1518060 kB
Mapped:           772136 kB
Shmem:             23404 kB
KReclaimable:      65668 kB
Slab:             210588 kB
SReclaimable:      51728 kB
SUnreclaim:       158860 kB
KernelStack:       48416 kB
PageTables:        62340 kB
NFS_Unstable:          0 kB
Bounce:                0 kB
WritebackTmp:          0 kB
CommitLimit:     6660208 kB
Committed_AS:   72213880 kB
VmallocTotal:   263061440 kB
VmallocUsed:       88856 kB
VmallocChunk:          0 kB
Percpu:             7552 kB
CmaTotal:         315392 kB
CmaFree:               0 kB
MemTotal:        5980404 kB
MemFree:          319408 kB
MemAvailable:    2307568 kB
Buffers:            5432 kB
Cached:          2376724 kB
SwapCached:            0 kB
Active:          2452904 kB
Inactive:        1442376 kB
Active(anon):    1351628 kB
Inactive(anon):   189452 kB
Active(file):    1101276 kB
Inactive(file):  1252924 kB
Unevictable:        5596 kB
Mlocked:            5596 kB
SwapTotal:       3670008 kB
SwapFree:        3667960 kB
Dirty:               380 kB
Writeback:             0 kB
AnonPages:       1518572 kB
Mapped:           772400 kB
Shmem:             23404 kB
KReclaimable:      65668 kB
Slab:             210592 kB
SReclaimable:      51728 kB
SUnreclaim:       158864 kB
KernelStack:       48432 kB
PageTables:        62504 kB
NFS_Unstable:          0 kB
Bounce:                0 kB
WritebackTmp:          0 kB
CommitLimit:     6660208 kB
Committed_AS:   72216348 kB
VmallocTotal:   263061440 kB
VmallocUsed:       88888 kB
VmallocChunk:          0 kB
Percpu:             7552 kB
CmaTotal:         315392 kB
CmaFree:               0 kB
MemTotal:        5980404 kB
MemFree:          318800 kB
MemAvailable:    2306976 kB
Buffers:            5432 kB
Cached:          2376732 kB
SwapCached:            0 kB
Active:          2452944 kB
Inactive:        1442384 kB
Active(anon):    1351668 kB
Inactive(anon):   189452 kB
Active(file):    1101276 kB
Inactive(file):  1252932 kB
Unevictable:        5596 kB
Mlocked:            5596 kB
SwapTotal:       3670008 kB
SwapFree:        3667960 kB
Dirty:               408 kB
Writeback:             0 kB
AnonPages:       1518624 kB
Mapped:           772096 kB
Shmem:             23404 kB
KReclaimable:      65684 kB
Slab:             210628 kB
SReclaimable:      51744 kB
SUnreclaim:       158884 kB
KernelStack:       48432 kB
PageTables:        62540 kB
NFS_Unstable:          0 kB
Bounce:                0 kB
WritebackTmp:          0 kB
CommitLimit:     6660208 kB
Committed_AS:   72214992 kB
VmallocTotal:   263061440 kB
VmallocUsed:       88824 kB
VmallocChunk:          0 kB
Percpu:             7552 kB
CmaTotal:         315392 kB
CmaFree:               0 kB
MemTotal:        5980404 kB
MemFree:          337096 kB
MemAvailable:    2325288 kB
Buffers:            5432 kB
Cached:          2376616 kB
SwapCached:            0 kB
Active:          2436580 kB
Inactive:        1441964 kB
Active(anon):    1335000 kB
Inactive(anon):   189312 kB
Active(file):    1101580 kB
Inactive(file):  1252652 kB
Unevictable:        5596 kB
Mlocked:            5596 kB
SwapTotal:       3670008 kB
SwapFree:        3667960 kB
Dirty:               196 kB
Writeback:             0 kB
AnonPages:       1502140 kB
Mapped:           765936 kB
Shmem:             23264 kB
KReclaimable:      65668 kB
Slab:             209416 kB
SReclaimable:      51728 kB
SUnreclaim:       157688 kB
KernelStack:       47696 kB
PageTables:        60296 kB
NFS_Unstable:          0 kB
Bounce:                0 kB
WritebackTmp:          0 kB
CommitLimit:     6660208 kB
Committed_AS:   68238544 kB
VmallocTotal:   263061440 kB
VmallocUsed:       88160 kB
VmallocChunk:          0 kB
Percpu:             7552 kB
CmaTotal:         315392 kB
CmaFree:               0 kB
MemTotal:        5980404 kB
MemFree:          337316 kB
MemAvailable:    2325508 kB
Buffers:            5432 kB
Cached:          2376616 kB
SwapCached:            0 kB
Active:          2436716 kB
Inactive:        1441964 kB
Active(anon):    1335136 kB
Inactive(anon):   189312 kB
Active(file):    1101580 kB
Inactive(file):  1252652 kB
Unevictable:        5596 kB
Mlocked:            5596 kB
SwapTotal:       3670008 kB
SwapFree:        3667960 kB
Dirty:               204 kB
Writeback:             0 kB
AnonPages:       1502300 kB
Mapped:           765932 kB
Shmem:             23264 kB
KReclaimable:      65668 kB
Slab:             209416 kB
SReclaimable:      51728 kB
SUnreclaim:       157688 kB
KernelStack:       47712 kB
PageTables:        60364 kB
NFS_Unstable:          0 kB
Bounce:                0 kB
WritebackTmp:          0 kB
CommitLimit:     6660208 kB
Committed_AS:   68242232 kB
VmallocTotal:   263061440 kB
VmallocUsed:       88128 kB
VmallocChunk:          0 kB
Percpu:             7552 kB
CmaTotal:         315392 kB
CmaFree:               0 kB
MemTotal:        5980404 kB
MemFree:          336864 kB
MemAvailable:    2325064 kB
Buffers:            5432 kB
Cached:          2376624 kB
SwapCached:            0 kB
Active:          2437176 kB
Inactive:        1441972 kB
Active(anon):    1335596 kB
Inactive(anon):   189312 kB
Active(file):    1101580 kB
Inactive(file):  1252660 kB
Unevictable:        5596 kB
Mlocked:            5596 kB
SwapTotal:       3670008 kB
SwapFree:        3667960 kB
Dirty:               220 kB
Writeback:             0 kB
AnonPages:       1502600 kB
Mapped:           765924 kB
Shmem:             23264 kB
KReclaimable:      65668 kB
Slab:             209408 kB
SReclaimable:      51728 kB
SUnreclaim:       157680 kB
KernelStack:       47696 kB
PageTables:        60360 kB
NFS_Unstable:          0 kB
Bounce:                0 kB
WritebackTmp:          0 kB
CommitLimit:     6660208 kB
Committed_AS:   68239716 kB
VmallocTotal:   263061440 kB
VmallocUsed:       88096 kB
VmallocChunk:          0 kB
Percpu:             7552 kB
CmaTotal:         315392 kB
CmaFree:               0 kB
MemTotal:        5980404 kB
MemFree:          347924 kB
MemAvailable:    2336136 kB
Buffers:            5432 kB
Cached:          2376636 kB
SwapCached:            0 kB
Active:          2425724 kB
Inactive:        1441984 kB
Active(anon):    1324144 kB
Inactive(anon):   189312 kB
Active(file):    1101580 kB
Inactive(file):  1252672 kB
Unevictable:        5596 kB
Mlocked:            5596 kB
SwapTotal:       3670008 kB
SwapFree:        3667960 kB
Dirty:               244 kB
Writeback:             0 kB
AnonPages:       1491256 kB
Mapped:           763188 kB
Shmem:             23264 kB
KReclaimable:      65668 kB
Slab:             209408 kB
SReclaimable:      51728 kB
SUnreclaim:       157680 kB
KernelStack:       47696 kB
PageTables:        60300 kB
NFS_Unstable:          0 kB
Bounce:                0 kB
WritebackTmp:          0 kB
CommitLimit:     6660208 kB
Committed_AS:   68241656 kB
VmallocTotal:   263061440 kB
VmallocUsed:       88112 kB
VmallocChunk:          0 kB
Percpu:             7552 kB
CmaTotal:         315392 kB
CmaFree:             128 kB
MemTotal:        5980404 kB
MemFree:          348520 kB
MemAvailable:    2336744 kB
Buffers:            5432 kB
Cached:          2376640 kB
SwapCached:            0 kB
Active:          2425696 kB
Inactive:        1441988 kB
Active(anon):    1324116 kB
Inactive(anon):   189312 kB
Active(file):    1101580 kB
Inactive(file):  1252676 kB
Unevictable:        5596 kB
Mlocked:            5596 kB
SwapTotal:       3670008 kB
SwapFree:        3667960 kB
Dirty:               252 kB
Writeback:             0 kB
AnonPages:       1491172 kB
Mapped:           763192 kB
Shmem:             23264 kB
KReclaimable:      65684 kB
Slab:             209424 kB
SReclaimable:      51744 kB
SUnreclaim:       157680 kB
KernelStack:       47696 kB
PageTables:        60172 kB
NFS_Unstable:          0 kB
Bounce:                0 kB
WritebackTmp:          0 kB
CommitLimit:     6660208 kB
Committed_AS:   68237472 kB
VmallocTotal:   263061440 kB
VmallocUsed:       88112 kB
VmallocChunk:          0 kB
Percpu:             7552 kB
CmaTotal:         315392 kB
CmaFree:               0 kB
MemTotal:        5980404 kB
MemFree:          349292 kB
MemAvailable:    2337532 kB
Buffers:            5436 kB
Cached:          2376660 kB
SwapCached:            0 kB
Active:          2425832 kB
Inactive:        1442004 kB
Active(anon):    1324248 kB
Inactive(anon):   189316 kB
Active(file):    1101584 kB
Inactive(file):  1252688 kB
Unevictable:        5596 kB
Mlocked:            5596 kB
SwapTotal:       3670008 kB
SwapFree:        3667960 kB
Dirty:               252 kB
Writeback:             0 kB
AnonPages:       1491312 kB
Mapped:           763196 kB
Shmem:             23268 kB
KReclaimable:      65684 kB
Slab:             209424 kB
SReclaimable:      51744 kB
SUnreclaim:       157680 kB
KernelStack:       47696 kB
PageTables:        60300 kB
NFS_Unstable:          0 kB
Bounce:                0 kB
WritebackTmp:          0 kB
CommitLimit:     6660208 kB
Committed_AS:   68238908 kB
VmallocTotal:   263061440 kB
VmallocUsed:       88080 kB
VmallocChunk:          0 kB
Percpu:             7552 kB
CmaTotal:         315392 kB
CmaFree:               4 kB
MemTotal:        5980404 kB
MemFree:          354272 kB
MemAvailable:    2342520 kB
Buffers:            5436 kB
Cached:          2376668 kB
SwapCached:            0 kB
Active:          2420236 kB
Inactive:        1442016 kB
Active(anon):    1318652 kB
Inactive(anon):   189320 kB
Active(file):    1101584 kB
Inactive(file):  1252696 kB
Unevictable:        5596 kB
Mlocked:            5596 kB
SwapTotal:       3670008 kB
SwapFree:        3667960 kB
Dirty:               308 kB
Writeback:             0 kB
AnonPages:       1485848 kB
Mapped:           763200 kB
Shmem:             23272 kB
KReclaimable:      65684 kB
Slab:             209424 kB
SReclaimable:      51744 kB
SUnreclaim:       157680 kB
KernelStack:       47712 kB
PageTables:        60448 kB
NFS_Unstable:          0 kB
Bounce:                0 kB
WritebackTmp:          0 kB
CommitLimit:     6660208 kB
Committed_AS:   68238008 kB
VmallocTotal:   263061440 kB
VmallocUsed:       88080 kB
VmallocChunk:          0 kB
Percpu:             7552 kB
CmaTotal:         315392 kB
CmaFree:             848 kB
MemTotal:        5980404 kB
MemFree:          354688 kB
MemAvailable:    2342952 kB
Buffers:            5436 kB
Cached:          2376688 kB
SwapCached:            0 kB
Active:          2420444 kB
Inactive:        1442036 kB
Active(anon):    1318860 kB
Inactive(anon):   189324 kB
Active(file):    1101584 kB
Inactive(file):  1252712 kB
Unevictable:        5596 kB
Mlocked:            5596 kB
SwapTotal:       3670008 kB
SwapFree:        3667960 kB
Dirty:               332 kB
Writeback:             0 kB
AnonPages:       1485824 kB
Mapped:           763200 kB
Shmem:             23276 kB
KReclaimable:      65684 kB
Slab:             209424 kB
SReclaimable:      51744 kB
SUnreclaim:       157680 kB
KernelStack:       47680 kB
PageTables:        60396 kB
NFS_Unstable:          0 kB
Bounce:                0 kB
WritebackTmp:          0 kB
CommitLimit:     6660208 kB
Committed_AS:   68238212 kB
VmallocTotal:   263061440 kB
VmallocUsed:       88080 kB
VmallocChunk:          0 kB
Percpu:             7552 kB
CmaTotal:         315392 kB
CmaFree:             376 kB
MemTotal:        5980404 kB
MemFree:          354844 kB
MemAvailable:    2343112 kB
Buffers:            5436 kB
Cached:          2376692 kB
SwapCached:            0 kB
Active:          2420484 kB
Inactive:        1442040 kB
Active(anon):    1318900 kB
Inactive(anon):   189324 kB
Active(file):    1101584 kB
Inactive(file):  1252716 kB
Unevictable:        5596 kB
Mlocked:            5596 kB
SwapTotal:       3670008 kB
SwapFree:        3667960 kB
Dirty:               336 kB
Writeback:             0 kB
AnonPages:       1485904 kB
Mapped:           763208 kB
Shmem:             23276 kB
KReclaimable:      65684 kB
Slab:             209424 kB
SReclaimable:      51744 kB
SUnreclaim:       157680 kB
KernelStack:       47648 kB
PageTables:        60224 kB
NFS_Unstable:          0 kB
Bounce:                0 kB
WritebackTmp:          0 kB
CommitLimit:     6660208 kB
Committed_AS:   68244744 kB
VmallocTotal:   263061440 kB
VmallocUsed:       88112 kB
VmallocChunk:          0 kB
Percpu:             7552 kB
CmaTotal:         315392 kB
CmaFree:             212 kB
MemTotal:        5980404 kB
MemFree:          355556 kB
MemAvailable:    2343836 kB
Buffers:            5436 kB
Cached:          2376696 kB
SwapCached:            0 kB
Active:          2420884 kB
Inactive:        1442040 kB
Active(anon):    1319296 kB
Inactive(anon):   189324 kB
Active(file):    1101588 kB
Inactive(file):  1252716 kB
Unevictable:        5596 kB
Mlocked:            5596 kB
SwapTotal:       3670008 kB
SwapFree:        3667960 kB
Dirty:               100 kB
Writeback:             0 kB
AnonPages:       1486444 kB
Mapped:           763392 kB
Shmem:             23276 kB
KReclaimable:      65700 kB
Slab:             209440 kB
SReclaimable:      51760 kB
SUnreclaim:       157680 kB
KernelStack:       47712 kB
PageTables:        60376 kB
NFS_Unstable:          0 kB
Bounce:                0 kB
WritebackTmp:          0 kB
CommitLimit:     6660208 kB
Committed_AS:   68241584 kB
VmallocTotal:   263061440 kB
VmallocUsed:       88096 kB
VmallocChunk:          0 kB
Percpu:             7552 kB
CmaTotal:         315392 kB
CmaFree:             168 kB
MemTotal:        5980404 kB
MemFree:          353472 kB
MemAvailable:    2341848 kB
Buffers:            5436 kB
Cached:          2376772 kB
SwapCached:            0 kB
Active:          2421284 kB
Inactive:        1442036 kB
Active(anon):    1319616 kB
Inactive(anon):   189328 kB
Active(file):    1101668 kB
Inactive(file):  1252708 kB
Unevictable:        5596 kB
Mlocked:            5596 kB
SwapTotal:       3670008 kB
SwapFree:        3667960 kB
Dirty:               192 kB
Writeback:             0 kB
AnonPages:       1486636 kB
Mapped:           763224 kB
Shmem:             23280 kB
KReclaimable:      65748 kB
Slab:             209484 kB
SReclaimable:      51808 kB
SUnreclaim:       157676 kB
KernelStack:       47648 kB
PageTables:        60292 kB
NFS_Unstable:          0 kB
Bounce:                0 kB
WritebackTmp:          0 kB
CommitLimit:     6660208 kB
Committed_AS:   68243204 kB
VmallocTotal:   263061440 kB
VmallocUsed:       88096 kB
VmallocChunk:          0 kB
Percpu:             7552 kB
CmaTotal:         315392 kB
CmaFree:               0 kB
MemTotal:        5980404 kB
MemFree:          353648 kB
MemAvailable:    2342036 kB
Buffers:            5436 kB
Cached:          2376784 kB
SwapCached:            0 kB
Active:          2420760 kB
Inactive:        1442048 kB
Active(anon):    1319092 kB
Inactive(anon):   189328 kB
Active(file):    1101668 kB
Inactive(file):  1252720 kB
Unevictable:        5596 kB
Mlocked:            5596 kB
SwapTotal:       3670008 kB
SwapFree:        3667960 kB
Dirty:               204 kB
Writeback:             0 kB
AnonPages:       1486236 kB
Mapped:           763224 kB
Shmem:             23280 kB
KReclaimable:      65748 kB
Slab:             209472 kB
SReclaimable:      51808 kB
SUnreclaim:       157664 kB
KernelStack:       47648 kB
PageTables:        60420 kB
NFS_Unstable:          0 kB
Bounce:                0 kB
WritebackTmp:          0 kB
CommitLimit:     6660208 kB
Committed_AS:   68241848 kB
VmallocTotal:   263061440 kB
VmallocUsed:       88048 kB
VmallocChunk:          0 kB
Percpu:             7552 kB
CmaTotal:         315392 kB
CmaFree:               0 kB
MemTotal:        5980404 kB
MemFree:          367924 kB
MemAvailable:    2359224 kB
Buffers:            5436 kB
Cached:          2376788 kB
SwapCached:            0 kB
Active:          2406576 kB
Inactive:        1442052 kB
Active(anon):    1304908 kB
Inactive(anon):   189328 kB
Active(file):    1101668 kB
Inactive(file):  1252724 kB
Unevictable:        5596 kB
Mlocked:            5596 kB
SwapTotal:       3670008 kB
SwapFree:        3667960 kB
Dirty:               216 kB
Writeback:             0 kB
AnonPages:       1472000 kB
Mapped:           763304 kB
Shmem:             23280 kB
KReclaimable:      71564 kB
Slab:             209472 kB
SReclaimable:      51808 kB
SUnreclaim:       157664 kB
KernelStack:       47568 kB
PageTables:        60288 kB
NFS_Unstable:          0 kB
Bounce:                0 kB
WritebackTmp:          0 kB
CommitLimit:     6660208 kB
Committed_AS:   68230708 kB
VmallocTotal:   263061440 kB
VmallocUsed:       88000 kB
VmallocChunk:          0 kB
Percpu:             7552 kB
CmaTotal:         315392 kB
CmaFree:              92 kB
MemTotal:        5980404 kB
MemFree:          368464 kB
MemAvailable:    2359756 kB
Buffers:            5436 kB
Cached:          2376788 kB
SwapCached:            0 kB
Active:          2406988 kB
Inactive:        1442052 kB
Active(anon):    1305320 kB
Inactive(anon):   189328 kB
Active(file):    1101668 kB
Inactive(file):  1252724 kB
Unevictable:        5596 kB
Mlocked:            5596 kB
SwapTotal:       3670008 kB
SwapFree:        3667960 kB
Dirty:               216 kB
Writeback:             0 kB
AnonPages:       1472128 kB
Mapped:           763380 kB
Shmem:             23280 kB
KReclaimable:      71548 kB
Slab:             209456 kB
SReclaimable:      51792 kB
SUnreclaim:       157664 kB
KernelStack:       47472 kB
PageTables:        60124 kB
NFS_Unstable:          0 kB
Bounce:                0 kB
WritebackTmp:          0 kB
CommitLimit:     6660208 kB
Committed_AS:   68229064 kB
VmallocTotal:   263061440 kB
VmallocUsed:       87888 kB
VmallocChunk:          0 kB
Percpu:             7552 kB
CmaTotal:         315392 kB
CmaFree:               0 kB
MemTotal:        5980404 kB
MemFree:          367724 kB
MemAvailable:    2359036 kB
Buffers:            5436 kB
Cached:          2376808 kB
SwapCached:            0 kB
Active:          2406784 kB
Inactive:        1442072 kB
Active(anon):    1305116 kB
Inactive(anon):   189328 kB
Active(file):    1101668 kB
Inactive(file):  1252744 kB
Unevictable:        5596 kB
Mlocked:            5596 kB
SwapTotal:       3670008 kB
SwapFree:        3667960 kB
Dirty:               144 kB
Writeback:             0 kB
AnonPages:       1472296 kB
Mapped:           763228 kB
Shmem:             23280 kB
KReclaimable:      71548 kB
Slab:             209456 kB
SReclaimable:      51792 kB
SUnreclaim:       157664 kB
KernelStack:       47472 kB
PageTables:        60212 kB
NFS_Unstable:          0 kB
Bounce:                0 kB
WritebackTmp:          0 kB
CommitLimit:     6660208 kB
Committed_AS:   68227892 kB
VmallocTotal:   263061440 kB
VmallocUsed:       87920 kB
VmallocChunk:          0 kB
Percpu:             7552 kB
CmaTotal:         315392 kB
CmaFree:               0 kB
MemTotal:        5980404 kB
MemFree:          368280 kB
MemAvailable:    2359596 kB
Buffers:            5436 kB
Cached:          2376812 kB
SwapCached:            0 kB
Active:          2407032 kB
Inactive:        1442076 kB
Active(anon):    1305364 kB
Inactive(anon):   189328 kB
Active(file):    1101668 kB
Inactive(file):  1252748 kB
Unevictable:        5596 kB
Mlocked:            5596 kB
SwapTotal:       3670008 kB
SwapFree:        3667960 kB
Dirty:               172 kB
Writeback:             0 kB
AnonPages:       1472456 kB
Mapped:           763344 kB
Shmem:             23280 kB
KReclaimable:      71548 kB
Slab:             209456 kB
SReclaimable:      51792 kB
SUnreclaim:       157664 kB
KernelStack:       47520 kB
PageTables:        60304 kB
NFS_Unstable:          0 kB
Bounce:                0 kB
WritebackTmp:          0 kB
CommitLimit:     6660208 kB
Committed_AS:   68228056 kB
VmallocTotal:   263061440 kB
VmallocUsed:       87936 kB
VmallocChunk:          0 kB
Percpu:             7552 kB
CmaTotal:         315392 kB
CmaFree:               0 kB
MemTotal:        5980404 kB
MemFree:          366764 kB
MemAvailable:    2358080 kB
Buffers:            5436 kB
Cached:          2376812 kB
SwapCached:            0 kB
Active:          2407108 kB
Inactive:        1442076 kB
Active(anon):    1305440 kB
Inactive(anon):   189328 kB
Active(file):    1101668 kB
Inactive(file):  1252748 kB
Unevictable:        5596 kB
Mlocked:            5596 kB
SwapTotal:       3670008 kB
SwapFree:        3667960 kB
Dirty:               172 kB
Writeback:             0 kB
AnonPages:       1472504 kB
Mapped:           763312 kB
Shmem:             23280 kB
KReclaimable:      71548 kB
Slab:             209456 kB
SReclaimable:      51792 kB
SUnreclaim:       157664 kB
KernelStack:       47504 kB
PageTables:        60352 kB
NFS_Unstable:          0 kB
Bounce:                0 kB
WritebackTmp:          0 kB
CommitLimit:     6660208 kB
Committed_AS:   68227208 kB
VmallocTotal:   263061440 kB
VmallocUsed:       87904 kB
VmallocChunk:          0 kB
Percpu:             7552 kB
CmaTotal:         315392 kB
CmaFree:               0 kB
MemTotal:        5980404 kB
MemFree:          364568 kB
MemAvailable:    2355892 kB
Buffers:            5436 kB
Cached:          2376840 kB
SwapCached:            0 kB
Active:          2409380 kB
Inactive:        1442104 kB
Active(anon):    1307712 kB
Inactive(anon):   189348 kB
Active(file):    1101668 kB
Inactive(file):  1252756 kB
Unevictable:        5596 kB
Mlocked:            5596 kB
SwapTotal:       3670008 kB
SwapFree:        3667960 kB
Dirty:               180 kB
Writeback:             0 kB
AnonPages:       1474948 kB
Mapped:           763248 kB
Shmem:             23300 kB
KReclaimable:      71548 kB
Slab:             209456 kB
SReclaimable:      51792 kB
SUnreclaim:       157664 kB
KernelStack:       47452 kB
PageTables:        60296 kB
NFS_Unstable:          0 kB
Bounce:                0 kB
WritebackTmp:          0 kB
CommitLimit:     6660208 kB
Committed_AS:   68230024 kB
VmallocTotal:   263061440 kB
VmallocUsed:       87904 kB
VmallocChunk:          0 kB
Percpu:             7552 kB
CmaTotal:         315392 kB
CmaFree:               0 kB
MemTotal:        5980404 kB
MemFree:          370232 kB
MemAvailable:    2361572 kB
Buffers:            5436 kB
Cached:          2376860 kB
SwapCached:            0 kB
Active:          2403708 kB
Inactive:        1442124 kB
Active(anon):    1302040 kB
Inactive(anon):   189352 kB
Active(file):    1101668 kB
Inactive(file):  1252772 kB
Unevictable:        5596 kB
Mlocked:            5596 kB
SwapTotal:       3670008 kB
SwapFree:        3667960 kB
Dirty:               220 kB
Writeback:             0 kB
AnonPages:       1469252 kB
Mapped:           763196 kB
Shmem:             23304 kB
KReclaimable:      71548 kB
Slab:             209004 kB
SReclaimable:      51792 kB
SUnreclaim:       157212 kB
KernelStack:       47136 kB
PageTables:        59612 kB
NFS_Unstable:          0 kB
Bounce:                0 kB
WritebackTmp:          0 kB
CommitLimit:     6660208 kB
Committed_AS:   66912148 kB
VmallocTotal:   263061440 kB
VmallocUsed:       87528 kB
VmallocChunk:          0 kB
Percpu:             7552 kB
CmaTotal:         315392 kB
CmaFree:              28 kB
MemTotal:        5980404 kB
MemFree:          370856 kB
MemAvailable:    2362204 kB
Buffers:            5436 kB
Cached:          2376852 kB
SwapCached:            0 kB
Active:          2403732 kB
Inactive:        1442116 kB
Active(anon):    1302064 kB
Inactive(anon):   189336 kB
Active(file):    1101668 kB
Inactive(file):  1252780 kB
Unevictable:        5596 kB
Mlocked:            5596 kB
SwapTotal:       3670008 kB
SwapFree:        3667960 kB
Dirty:               228 kB
Writeback:             0 kB
AnonPages:       1469088 kB
Mapped:           763264 kB
Shmem:             23288 kB
KReclaimable:      71548 kB
Slab:             208956 kB
SReclaimable:      51792 kB
SUnreclaim:       157164 kB
KernelStack:       47104 kB
PageTables:        59600 kB
NFS_Unstable:          0 kB
Bounce:                0 kB
WritebackTmp:          0 kB
CommitLimit:     6660208 kB
Committed_AS:   66911896 kB
VmallocTotal:   263061440 kB
VmallocUsed:       87528 kB
VmallocChunk:          0 kB
Percpu:             7552 kB
CmaTotal:         315392 kB
CmaFree:             228 kB
MemTotal:        5980404 kB
MemFree:          370712 kB
MemAvailable:    2362080 kB
Buffers:            5440 kB
Cached:          2376868 kB
SwapCached:            0 kB
Active:          2403932 kB
Inactive:        1442132 kB
Active(anon):    1302260 kB
Inactive(anon):   189336 kB
Active(file):    1101672 kB
Inactive(file):  1252796 kB
Unevictable:        5596 kB
Mlocked:            5596 kB
SwapTotal:       3670008 kB
SwapFree:        3667960 kB
Dirty:               228 kB
Writeback:             0 kB
AnonPages:       1469492 kB
Mapped:           763260 kB
Shmem:             23288 kB
KReclaimable:      71548 kB
Slab:             208956 kB
SReclaimable:      51792 kB
SUnreclaim:       157164 kB
KernelStack:       47104 kB
PageTables:        59608 kB
NFS_Unstable:          0 kB
Bounce:                0 kB
WritebackTmp:          0 kB
CommitLimit:     6660208 kB
Committed_AS:   66907280 kB
VmallocTotal:   263061440 kB
VmallocUsed:       87544 kB
VmallocChunk:          0 kB
Percpu:             7552 kB
CmaTotal:         315392 kB
CmaFree:               0 kB
MemTotal:        5980404 kB
MemFree:          371028 kB
MemAvailable:    2362392 kB
Buffers:            5440 kB
Cached:          2376872 kB
SwapCached:            0 kB
Active:          2403616 kB
Inactive:        1442136 kB
Active(anon):    1301944 kB
Inactive(anon):   189336 kB
Active(file):    1101672 kB
Inactive(file):  1252800 kB
Unevictable:        5596 kB
Mlocked:            5596 kB
SwapTotal:       3670008 kB
SwapFree:        3667960 kB
Dirty:               232 kB
Writeback:             0 kB
AnonPages:       1468788 kB
Mapped:           763260 kB
Shmem:             23288 kB
KReclaimable:      71532 kB
Slab:             208940 kB
SReclaimable:      51776 kB
SUnreclaim:       157164 kB
KernelStack:       47104 kB
PageTables:        59748 kB
NFS_Unstable:          0 kB
Bounce:                0 kB
WritebackTmp:          0 kB
CommitLimit:     6660208 kB
Committed_AS:   66909408 kB
VmallocTotal:   263061440 kB
VmallocUsed:       87560 kB
VmallocChunk:          0 kB
Percpu:             7552 kB
CmaTotal:         315392 kB
CmaFree:               8 kB
MemTotal:        5980404 kB
MemFree:          371912 kB
MemAvailable:    2363288 kB
Buffers:            5440 kB
Cached:          2376884 kB
SwapCached:            0 kB
Active:          2403612 kB
Inactive:        1442148 kB
Active(anon):    1301940 kB
Inactive(anon):   189336 kB
Active(file):    1101672 kB
Inactive(file):  1252812 kB
Unevictable:        5596 kB
Mlocked:            5596 kB
SwapTotal:       3670008 kB
SwapFree:        3667960 kB
Dirty:               244 kB
Writeback:             0 kB
AnonPages:       1468856 kB
Mapped:           763260 kB
Shmem:             23288 kB
KReclaimable:      71532 kB
Slab:             208940 kB
SReclaimable:      51776 kB
SUnreclaim:       157164 kB
KernelStack:       47088 kB
PageTables:        59668 kB
NFS_Unstable:          0 kB
Bounce:                0 kB
WritebackTmp:          0 kB
CommitLimit:     6660208 kB
Committed_AS:   66906944 kB
VmallocTotal:   263061440 kB
VmallocUsed:       87544 kB
VmallocChunk:          0 kB
Percpu:             7552 kB
CmaTotal:         315392 kB
CmaFree:               0 kB
MemTotal:        5980404 kB
MemFree:          372396 kB
MemAvailable:    2363776 kB
Buffers:            5440 kB
Cached:          2376888 kB
SwapCached:            0 kB
Active:          2403784 kB
Inactive:        1442152 kB
Active(anon):    1302112 kB
Inactive(anon):   189336 kB
Active(file):    1101672 kB
Inactive(file):  1252816 kB
Unevictable:        5596 kB
Mlocked:            5596 kB
SwapTotal:       3670008 kB
SwapFree:        3667960 kB
Dirty:               248 kB
Writeback:             0 kB
AnonPages:       1469248 kB
Mapped:           763100 kB
Shmem:             23288 kB
KReclaimable:      71532 kB
Slab:             208940 kB
SReclaimable:      51776 kB
SUnreclaim:       157164 kB
KernelStack:       47072 kB
PageTables:        59704 kB
NFS_Unstable:          0 kB
Bounce:                0 kB
WritebackTmp:          0 kB
CommitLimit:     6660208 kB
Committed_AS:   66908920 kB
VmallocTotal:   263061440 kB
VmallocUsed:       87528 kB
VmallocChunk:          0 kB
Percpu:             7552 kB
CmaTotal:         315392 kB
CmaFree:               0 kB
MemTotal:        5980404 kB
MemFree:          372732 kB
MemAvailable:    2364120 kB
Buffers:            5440 kB
Cached:          2376896 kB
SwapCached:            0 kB
Active:          2404224 kB
Inactive:        1442160 kB
Active(anon):    1302552 kB
Inactive(anon):   189336 kB
Active(file):    1101672 kB
Inactive(file):  1252824 kB
Unevictable:        5596 kB
Mlocked:            5596 kB
SwapTotal:       3670008 kB
SwapFree:        3667960 kB
Dirty:               256 kB
Writeback:             0 kB
AnonPages:       1469696 kB
Mapped:           763260 kB
Shmem:             23288 kB
KReclaimable:      71532 kB
Slab:             208940 kB
SReclaimable:      51776 kB
SUnreclaim:       157164 kB
KernelStack:       47088 kB
PageTables:        59752 kB
NFS_Unstable:          0 kB
Bounce:                0 kB
WritebackTmp:          0 kB
CommitLimit:     6660208 kB
Committed_AS:   66904356 kB
VmallocTotal:   263061440 kB
VmallocUsed:       87528 kB
VmallocChunk:          0 kB
Percpu:             7552 kB
CmaTotal:         315392 kB
CmaFree:               0 kB
MemTotal:        5980404 kB
MemFree:          372004 kB
MemAvailable:    2363400 kB
Buffers:            5440 kB
Cached:          2376904 kB
SwapCached:            0 kB
Active:          2404488 kB
Inactive:        1442168 kB
Active(anon):    1302816 kB
Inactive(anon):   189336 kB
Active(file):    1101672 kB
Inactive(file):  1252832 kB
Unevictable:        5596 kB
Mlocked:            5596 kB
SwapTotal:       3670008 kB
SwapFree:        3667960 kB
Dirty:               264 kB
Writeback:             0 kB
AnonPages:       1469892 kB
Mapped:           763260 kB
Shmem:             23288 kB
KReclaimable:      71532 kB
Slab:             208940 kB
SReclaimable:      51776 kB
SUnreclaim:       157164 kB
KernelStack:       47148 kB
PageTables:        59720 kB
NFS_Unstable:          0 kB
Bounce:                0 kB
WritebackTmp:          0 kB
CommitLimit:     6660208 kB
Committed_AS:   66907876 kB
VmallocTotal:   263061440 kB
VmallocUsed:       87544 kB
VmallocChunk:          0 kB
Percpu:             7552 kB
CmaTotal:         315392 kB
CmaFree:               0 kB
MemTotal:        5980404 kB
MemFree:          369968 kB
MemAvailable:    2361368 kB
Buffers:            5440 kB
Cached:          2376908 kB
SwapCached:            0 kB
Active:          2406264 kB
Inactive:        1442168 kB
Active(anon):    1304588 kB
Inactive(anon):   189336 kB
Active(file):    1101676 kB
Inactive(file):  1252832 kB
Unevictable:        5596 kB
Mlocked:            5596 kB
SwapTotal:       3670008 kB
SwapFree:        3667960 kB
Dirty:               268 kB
Writeback:             0 kB
AnonPages:       1471712 kB
Mapped:           763260 kB
Shmem:             23288 kB
KReclaimable:      71532 kB
Slab:             208940 kB
SReclaimable:      51776 kB
SUnreclaim:       157164 kB
KernelStack:       47088 kB
PageTables:        59612 kB
NFS_Unstable:          0 kB
Bounce:                0 kB
WritebackTmp:          0 kB
CommitLimit:     6660208 kB
Committed_AS:   66909796 kB
VmallocTotal:   263061440 kB
VmallocUsed:       87528 kB
VmallocChunk:          0 kB
Percpu:             7552 kB
CmaTotal:         315392 kB
CmaFree:               0 kB
MemTotal:        5980404 kB
MemFree:          369220 kB
MemAvailable:    2360624 kB
Buffers:            5440 kB
Cached:          2376912 kB
SwapCached:            0 kB
Active:          2406068 kB
Inactive:        1442172 kB
Active(anon):    1304392 kB
Inactive(anon):   189336 kB
Active(file):    1101676 kB
Inactive(file):  1252836 kB
Unevictable:        5596 kB
Mlocked:            5596 kB
SwapTotal:       3670008 kB
SwapFree:        3667960 kB
Dirty:               272 kB
Writeback:             0 kB
AnonPages:       1471552 kB
Mapped:           763260 kB
Shmem:             23288 kB
KReclaimable:      71532 kB
Slab:             208940 kB
SReclaimable:      51776 kB
SUnreclaim:       157164 kB
KernelStack:       47104 kB
PageTables:        59680 kB
NFS_Unstable:          0 kB
Bounce:                0 kB
WritebackTmp:          0 kB
CommitLimit:     6660208 kB
Committed_AS:   66906184 kB
VmallocTotal:   263061440 kB
VmallocUsed:       87512 kB
VmallocChunk:          0 kB
Percpu:             7552 kB
CmaTotal:         315392 kB
CmaFree:               0 kB
MemTotal:        5980404 kB
MemFree:          369768 kB
MemAvailable:    2361176 kB
Buffers:            5440 kB
Cached:          2376916 kB
SwapCached:            0 kB
Active:          2406040 kB
Inactive:        1442176 kB
Active(anon):    1304364 kB
Inactive(anon):   189336 kB
Active(file):    1101676 kB
Inactive(file):  1252840 kB
Unevictable:        5596 kB
Mlocked:            5596 kB
SwapTotal:       3670008 kB
SwapFree:        3667960 kB
Dirty:               280 kB
Writeback:             0 kB
AnonPages:       1471596 kB
Mapped:           763260 kB
Shmem:             23288 kB
KReclaimable:      71532 kB
Slab:             208940 kB
SReclaimable:      51776 kB
SUnreclaim:       157164 kB
KernelStack:       47104 kB
PageTables:        59668 kB
NFS_Unstable:          0 kB
Bounce:                0 kB
WritebackTmp:          0 kB
CommitLimit:     6660208 kB
Committed_AS:   66907776 kB
VmallocTotal:   263061440 kB
VmallocUsed:       87512 kB
VmallocChunk:          0 kB
Percpu:             7552 kB
CmaTotal:         315392 kB
CmaFree:               0 kB
MemTotal:        5980404 kB
MemFree:          273320 kB
MemAvailable:    2656736 kB
Buffers:            5440 kB
Cached:          2397800 kB
SwapCached:            0 kB
Active:          2419992 kB
Inactive:        1455104 kB
Active(anon):    1310360 kB
Inactive(anon):   189340 kB
Active(file):    1109632 kB
Inactive(file):  1265764 kB
Unevictable:        5596 kB
Mlocked:            5596 kB
SwapTotal:       3670008 kB
SwapFree:        3667960 kB
Dirty:               304 kB
Writeback:             0 kB
AnonPages:       1477260 kB
Mapped:           761852 kB
Shmem:             23292 kB
KReclaimable:     570452 kB
Slab:             209228 kB
SReclaimable:      51792 kB
SUnreclaim:       157436 kB
KernelStack:       48064 kB
PageTables:        59612 kB
NFS_Unstable:          0 kB
Bounce:                0 kB
WritebackTmp:          0 kB
CommitLimit:     6660208 kB
Committed_AS:   66919672 kB
VmallocTotal:   263061440 kB
VmallocUsed:       88424 kB
VmallocChunk:          0 kB
Percpu:             7552 kB
CmaTotal:         315392 kB
CmaFree:               0 kB
MemTotal:        5980404 kB
MemFree:          327360 kB
MemAvailable:    2243968 kB
Buffers:            3560 kB
Cached:          2314196 kB
SwapCached:            0 kB
Active:          2665624 kB
Inactive:        1385220 kB
Active(anon):    1516556 kB
Inactive(anon):   244724 kB
Active(file):    1149068 kB
Inactive(file):  1140496 kB
Unevictable:        5596 kB
Mlocked:            5596 kB
SwapTotal:       3670008 kB
SwapFree:        3667960 kB
Dirty:               324 kB
Writeback:             0 kB
AnonPages:       1739048 kB
Mapped:           688196 kB
Shmem:             23292 kB
KReclaimable:      51836 kB
Slab:             208332 kB
SReclaimable:      50848 kB
SUnreclaim:       157484 kB
KernelStack:       48064 kB
PageTables:        60460 kB
NFS_Unstable:          0 kB
Bounce:                0 kB
WritebackTmp:          0 kB
CommitLimit:     6660208 kB
Committed_AS:   67185504 kB
VmallocTotal:   263061440 kB
VmallocUsed:       88456 kB
VmallocChunk:          0 kB
Percpu:             7552 kB
CmaTotal:         315392 kB
CmaFree:               0 kB
MemTotal:        5980404 kB
MemFree:          397120 kB
MemAvailable:    1846312 kB
Buffers:            1448 kB
Cached:          2031652 kB
SwapCached:            0 kB
Active:          2571412 kB
Inactive:        1033848 kB
Active(anon):    1319432 kB
Inactive(anon):   280572 kB
Active(file):    1251980 kB
Inactive(file):   753276 kB
Unevictable:        5596 kB
Mlocked:            5596 kB
SwapTotal:       3670008 kB
SwapFree:        3665656 kB
Dirty:               332 kB
Writeback:             0 kB
AnonPages:       1577816 kB
Mapped:           632264 kB
Shmem:             23292 kB
KReclaimable:      54264 kB
Slab:             207752 kB
SReclaimable:      50404 kB
SUnreclaim:       157348 kB
KernelStack:       48112 kB
PageTables:        60404 kB
NFS_Unstable:          0 kB
Bounce:                0 kB
WritebackTmp:          0 kB
CommitLimit:     6660208 kB
Committed_AS:   67014764 kB
VmallocTotal:   263061440 kB
VmallocUsed:       88488 kB
VmallocChunk:          0 kB
Percpu:             7552 kB
CmaTotal:         315392 kB
CmaFree:               0 kB
MemTotal:        5980404 kB
MemFree:          539492 kB
MemAvailable:    1957352 kB
Buffers:            1448 kB
Cached:          1858948 kB
SwapCached:            0 kB
Active:          2323040 kB
Inactive:        1114572 kB
Active(anon):    1303236 kB
Inactive(anon):   301824 kB
Active(file):    1019804 kB
Inactive(file):   812748 kB
Unevictable:        5596 kB
Mlocked:            5596 kB
SwapTotal:       3670008 kB
SwapFree:        3661816 kB
Dirty:               336 kB
Writeback:             0 kB
AnonPages:       1582824 kB
Mapped:           604500 kB
Shmem:             23292 kB
KReclaimable:      50288 kB
Slab:             207680 kB
SReclaimable:      50288 kB
SUnreclaim:       157392 kB
KernelStack:       48112 kB
PageTables:        60520 kB
NFS_Unstable:          0 kB
Bounce:                0 kB
WritebackTmp:          0 kB
CommitLimit:     6660208 kB
Committed_AS:   67030044 kB
VmallocTotal:   263061440 kB
VmallocUsed:       88504 kB
VmallocChunk:          0 kB
Percpu:             7552 kB
CmaTotal:         315392 kB
CmaFree:               0 kB
MemTotal:        5980404 kB
MemFree:          538360 kB
MemAvailable:    1956232 kB
Buffers:            1448 kB
Cached:          1858960 kB
SwapCached:            0 kB
Active:          2323404 kB
Inactive:        1114580 kB
Active(anon):    1303596 kB
Inactive(anon):   301824 kB
Active(file):    1019808 kB
Inactive(file):   812756 kB
Unevictable:        5596 kB
Mlocked:            5596 kB
SwapTotal:       3670008 kB
SwapFree:        3661816 kB
Dirty:               348 kB
Writeback:             0 kB
AnonPages:       1583124 kB
Mapped:           604384 kB
Shmem:             23292 kB
KReclaimable:      50288 kB
Slab:             207680 kB
SReclaimable:      50288 kB
SUnreclaim:       157392 kB
KernelStack:       48156 kB
PageTables:        60540 kB
NFS_Unstable:          0 kB
Bounce:                0 kB
WritebackTmp:          0 kB
CommitLimit:     6660208 kB
Committed_AS:   67030044 kB
VmallocTotal:   263061440 kB
VmallocUsed:       88504 kB
VmallocChunk:          0 kB
Percpu:             7552 kB
CmaTotal:         315392 kB
CmaFree:             124 kB
MemTotal:        5980404 kB
MemFree:          535976 kB
MemAvailable:    1953684 kB
Buffers:            1452 kB
Cached:          1858792 kB
SwapCached:            0 kB
Active:          2324312 kB
Inactive:        1113900 kB
Active(anon):    1303988 kB
Inactive(anon):   301824 kB
Active(file):    1020324 kB
Inactive(file):   812076 kB
Unevictable:        5596 kB
Mlocked:            5596 kB
SwapTotal:       3670008 kB
SwapFree:        3661816 kB
Dirty:              1600 kB
Writeback:             0 kB
AnonPages:       1583556 kB
Mapped:           604392 kB
Shmem:             23292 kB
KReclaimable:      50288 kB
Slab:             207680 kB
SReclaimable:      50288 kB
SUnreclaim:       157392 kB
KernelStack:       48064 kB
PageTables:        60512 kB
NFS_Unstable:          0 kB
Bounce:                0 kB
WritebackTmp:          0 kB
CommitLimit:     6660208 kB
Committed_AS:   67028592 kB
VmallocTotal:   263061440 kB
VmallocUsed:       88504 kB
VmallocChunk:          0 kB
Percpu:             7552 kB
CmaTotal:         315392 kB
CmaFree:               8 kB
MemTotal:        5980404 kB
MemFree:          536668 kB
MemAvailable:    1954388 kB
Buffers:            1452 kB
Cached:          1858796 kB
SwapCached:            0 kB
Active:          2324496 kB
Inactive:        1113892 kB
Active(anon):    1304160 kB
Inactive(anon):   301824 kB
Active(file):    1020336 kB
Inactive(file):   812068 kB
Unevictable:        5596 kB
Mlocked:            5596 kB
SwapTotal:       3670008 kB
SwapFree:        3661816 kB
Dirty:              1604 kB
Writeback:             0 kB
AnonPages:       1583656 kB
Mapped:           604392 kB
Shmem:             23292 kB
KReclaimable:      50304 kB
Slab:             207696 kB
SReclaimable:      50304 kB
SUnreclaim:       157392 kB
KernelStack:       48160 kB
PageTables:        60680 kB
NFS_Unstable:          0 kB
Bounce:                0 kB
WritebackTmp:          0 kB
CommitLimit:     6660208 kB
Committed_AS:   67028560 kB
VmallocTotal:   263061440 kB
VmallocUsed:       88504 kB
VmallocChunk:          0 kB
Percpu:             7552 kB
CmaTotal:         315392 kB
CmaFree:              24 kB
MemTotal:        5980404 kB
MemFree:          537592 kB
MemAvailable:    1955332 kB
Buffers:            1452 kB
Cached:          1858808 kB
SwapCached:            0 kB
Active:          2324248 kB
Inactive:        1113904 kB
Active(anon):    1303912 kB
Inactive(anon):   301824 kB
Active(file):    1020336 kB
Inactive(file):   812080 kB
Unevictable:        5596 kB
Mlocked:            5596 kB
SwapTotal:       3670008 kB
SwapFree:        3661816 kB
Dirty:              1616 kB
Writeback:             0 kB
AnonPages:       1583780 kB
Mapped:           604292 kB
Shmem:             23292 kB
KReclaimable:      50320 kB
Slab:             207712 kB
SReclaimable:      50320 kB
SUnreclaim:       157392 kB
KernelStack:       48080 kB
PageTables:        60516 kB
NFS_Unstable:          0 kB
Bounce:                0 kB
WritebackTmp:          0 kB
CommitLimit:     6660208 kB
Committed_AS:   67028736 kB
VmallocTotal:   263061440 kB
VmallocUsed:       88504 kB
VmallocChunk:          0 kB
Percpu:             7552 kB
CmaTotal:         315392 kB
CmaFree:               0 kB
MemTotal:        5980404 kB
MemFree:          528064 kB
MemAvailable:    1951896 kB
Buffers:            1452 kB
Cached:          1864848 kB
SwapCached:            0 kB
Active:          2328156 kB
Inactive:        1116328 kB
Active(anon):    1304204 kB
Inactive(anon):   301832 kB
Active(file):    1023952 kB
Inactive(file):   814496 kB
Unevictable:        5596 kB
Mlocked:            5596 kB
SwapTotal:       3670008 kB
SwapFree:        3661816 kB
Dirty:              1628 kB
Writeback:             0 kB
AnonPages:       1583816 kB
Mapped:           605248 kB
Shmem:             23300 kB
KReclaimable:      50436 kB
Slab:             207820 kB
SReclaimable:      50436 kB
SUnreclaim:       157384 kB
KernelStack:       48112 kB
PageTables:        60560 kB
NFS_Unstable:          0 kB
Bounce:                0 kB
WritebackTmp:          0 kB
CommitLimit:     6660208 kB
Committed_AS:   67029560 kB
VmallocTotal:   263061440 kB
VmallocUsed:       88504 kB
VmallocChunk:          0 kB
Percpu:             7552 kB
CmaTotal:         315392 kB
CmaFree:               0 kB
MemTotal:        5980404 kB
MemFree:          525236 kB
MemAvailable:    1949068 kB
Buffers:            1452 kB
Cached:          1864848 kB
SwapCached:            0 kB
Active:          2331008 kB
Inactive:        1116328 kB
Active(anon):    1307056 kB
Inactive(anon):   301832 kB
Active(file):    1023952 kB
Inactive(file):   814496 kB
Unevictable:        5596 kB
Mlocked:            5596 kB
SwapTotal:       3670008 kB
SwapFree:        3661816 kB
Dirty:              1632 kB
Writeback:             0 kB
AnonPages:       1586588 kB
Mapped:           605348 kB
Shmem:             23300 kB
KReclaimable:      50436 kB
Slab:             207820 kB
SReclaimable:      50436 kB
SUnreclaim:       157384 kB
KernelStack:       48032 kB
PageTables:        60356 kB
NFS_Unstable:          0 kB
Bounce:                0 kB
WritebackTmp:          0 kB
CommitLimit:     6660208 kB
Committed_AS:   67031648 kB
VmallocTotal:   263061440 kB
VmallocUsed:       88488 kB
VmallocChunk:          0 kB
Percpu:             7552 kB
CmaTotal:         315392 kB
CmaFree:              64 kB
MemTotal:        5980404 kB
MemFree:          525548 kB
MemAvailable:    1949396 kB
Buffers:            1452 kB
Cached:          1864864 kB
SwapCached:            0 kB
Active:          2331276 kB
Inactive:        1116344 kB
Active(anon):    1307324 kB
Inactive(anon):   301832 kB
Active(file):    1023952 kB
Inactive(file):   814512 kB
Unevictable:        5596 kB
Mlocked:            5596 kB
SwapTotal:       3670008 kB
SwapFree:        3661816 kB
Dirty:              1648 kB
Writeback:             0 kB
AnonPages:       1586908 kB
Mapped:           605324 kB
Shmem:             23300 kB
KReclaimable:      50436 kB
Slab:             207820 kB
SReclaimable:      50436 kB
SUnreclaim:       157384 kB
KernelStack:       48076 kB
PageTables:        60456 kB
NFS_Unstable:          0 kB
Bounce:                0 kB
WritebackTmp:          0 kB
CommitLimit:     6660208 kB
Committed_AS:   67033112 kB
VmallocTotal:   263061440 kB
VmallocUsed:       88520 kB
VmallocChunk:          0 kB
Percpu:             7552 kB
CmaTotal:         315392 kB
CmaFree:             120 kB
MemTotal:        5980404 kB
MemFree:          523304 kB
MemAvailable:    1948304 kB
Buffers:            1452 kB
Cached:          1866000 kB
SwapCached:            0 kB
Active:          2332616 kB
Inactive:        1116676 kB
Active(anon):    1307860 kB
Inactive(anon):   301832 kB
Active(file):    1024756 kB
Inactive(file):   814844 kB
Unevictable:        5596 kB
Mlocked:            5596 kB
SwapTotal:       3670008 kB
SwapFree:        3661816 kB
Dirty:              1660 kB
Writeback:             0 kB
AnonPages:       1587524 kB
Mapped:           605932 kB
Shmem:             23300 kB
KReclaimable:      50468 kB
Slab:             207852 kB
SReclaimable:      50468 kB
SUnreclaim:       157384 kB
KernelStack:       48080 kB
PageTables:        60528 kB
NFS_Unstable:          0 kB
Bounce:                0 kB
WritebackTmp:          0 kB
CommitLimit:     6660208 kB
Committed_AS:   67032936 kB
VmallocTotal:   263061440 kB
VmallocUsed:       88488 kB
VmallocChunk:          0 kB
Percpu:             7552 kB
CmaTotal:         315392 kB
CmaFree:               0 kB
MemTotal:        5980404 kB
MemFree:          520520 kB
MemAvailable:    1946068 kB
Buffers:            1452 kB
Cached:          1866524 kB
SwapCached:            0 kB
Active:          2333468 kB
Inactive:        1116868 kB
Active(anon):    1308380 kB
Inactive(anon):   301832 kB
Active(file):    1025088 kB
Inactive(file):   815036 kB
Unevictable:        5596 kB
Mlocked:            5596 kB
SwapTotal:       3670008 kB
SwapFree:        3661816 kB
Dirty:              1668 kB
Writeback:             0 kB
AnonPages:       1587896 kB
Mapped:           605968 kB
Shmem:             23300 kB
KReclaimable:      50516 kB
Slab:             207908 kB
SReclaimable:      50516 kB
SUnreclaim:       157392 kB
KernelStack:       48048 kB
PageTables:        60424 kB
NFS_Unstable:          0 kB
Bounce:                0 kB
WritebackTmp:          0 kB
CommitLimit:     6660208 kB
Committed_AS:   67033384 kB
VmallocTotal:   263061440 kB
VmallocUsed:       88520 kB
