MemTotal:       12113136 kB
MemFree:         7176636 kB
MemAvailable:    8334924 kB
Buffers:            4884 kB
Cached:          1619060 kB
SwapCached:            0 kB
Active:          1613464 kB
Inactive:        1442792 kB
Active(anon):    1438844 kB
Inactive(anon):    22776 kB
Active(file):     174620 kB
Inactive(file):  1420016 kB
Unevictable:        5588 kB
Mlocked:            5588 kB
SwapTotal:       3145724 kB
SwapFree:        3145724 kB
Dirty:               660 kB
Writeback:             0 kB
AnonPages:       1438048 kB
Mapped:           835836 kB
Shmem:             24764 kB
KReclaimable:     382476 kB
Slab:             218476 kB
SReclaimable:      72616 kB
SUnreclaim:       145860 kB
KernelStack:       46848 kB
PageTables:        64340 kB
NFS_Unstable:          0 kB
Bounce:                0 kB
WritebackTmp:          0 kB
CommitLimit:     9202292 kB
Committed_AS:   76009308 kB
VmallocTotal:   263061440 kB
VmallocUsed:      104024 kB
VmallocChunk:          0 kB
Percpu:             7584 kB
CmaTotal:         294912 kB
CmaFree:               0 kB
MemTotal:       12113136 kB
MemFree:         7174680 kB
MemAvailable:    8333180 kB
Buffers:            4884 kB
Cached:          1619256 kB
SwapCached:            0 kB
Active:          1614912 kB
Inactive:        1442896 kB
Active(anon):    1440196 kB
Inactive(anon):    22780 kB
Active(file):     174716 kB
Inactive(file):  1420116 kB
Unevictable:        5588 kB
Mlocked:            5588 kB
SwapTotal:       3145724 kB
SwapFree:        3145724 kB
Dirty:               716 kB
Writeback:             0 kB
AnonPages:       1439532 kB
Mapped:           835900 kB
Shmem:             24768 kB
KReclaimable:     382508 kB
Slab:             218508 kB
SReclaimable:      72648 kB
SUnreclaim:       145860 kB
KernelStack:       46880 kB
PageTables:        64372 kB
NFS_Unstable:          0 kB
Bounce:                0 kB
WritebackTmp:          0 kB
CommitLimit:     9202292 kB
Committed_AS:   76014244 kB
VmallocTotal:   263061440 kB
VmallocUsed:      104008 kB
VmallocChunk:          0 kB
Percpu:             7584 kB
CmaTotal:         294912 kB
CmaFree:               0 kB
MemTotal:       12113136 kB
MemFree:         7175596 kB
MemAvailable:    8334100 kB
Buffers:            4884 kB
Cached:          1619264 kB
SwapCached:            0 kB
Active:          1614380 kB
Inactive:        1442864 kB
Active(anon):    1439624 kB
Inactive(anon):    22784 kB
Active(file):     174756 kB
Inactive(file):  1420080 kB
Unevictable:        5588 kB
Mlocked:            5588 kB
SwapTotal:       3145724 kB
SwapFree:        3145724 kB
Dirty:               744 kB
Writeback:             0 kB
AnonPages:       1439044 kB
Mapped:           835992 kB
Shmem:             24772 kB
KReclaimable:     382508 kB
Slab:             218500 kB
SReclaimable:      72648 kB
SUnreclaim:       145852 kB
KernelStack:       46864 kB
PageTables:        64312 kB
NFS_Unstable:          0 kB
Bounce:                0 kB
WritebackTmp:          0 kB
CommitLimit:     9202292 kB
Committed_AS:   76019296 kB
VmallocTotal:   263061440 kB
VmallocUsed:      104024 kB
VmallocChunk:          0 kB
Percpu:             7584 kB
CmaTotal:         294912 kB
CmaFree:               0 kB
MemTotal:       12113136 kB
MemFree:         7188336 kB
MemAvailable:    8346880 kB
Buffers:            4884 kB
Cached:          1619424 kB
SwapCached:            0 kB
Active:          1601288 kB
Inactive:        1442900 kB
Active(anon):    1426528 kB
Inactive(anon):    22792 kB
Active(file):     174760 kB
Inactive(file):  1420108 kB
Unevictable:        5588 kB
Mlocked:            5588 kB
SwapTotal:       3145724 kB
SwapFree:        3145724 kB
Dirty:               812 kB
Writeback:             0 kB
AnonPages:       1425540 kB
Mapped:           836060 kB
Shmem:             24900 kB
KReclaimable:     382524 kB
Slab:             218244 kB
SReclaimable:      72664 kB
SUnreclaim:       145580 kB
KernelStack:       46848 kB
PageTables:        64436 kB
NFS_Unstable:          0 kB
Bounce:                0 kB
WritebackTmp:          0 kB
CommitLimit:     9202292 kB
Committed_AS:   76030532 kB
VmallocTotal:   263061440 kB
VmallocUsed:      104040 kB
VmallocChunk:          0 kB
Percpu:             7584 kB
CmaTotal:         294912 kB
CmaFree:              16 kB
MemTotal:       12113136 kB
MemFree:         7187908 kB
MemAvailable:    8346468 kB
Buffers:            4884 kB
Cached:          1619340 kB
SwapCached:            0 kB
Active:          1602668 kB
Inactive:        1442936 kB
Active(anon):    1427908 kB
Inactive(anon):    22812 kB
Active(file):     174760 kB
Inactive(file):  1420124 kB
Unevictable:        5588 kB
Mlocked:            5588 kB
SwapTotal:       3145724 kB
SwapFree:        3145724 kB
Dirty:               840 kB
Writeback:             0 kB
AnonPages:       1426444 kB
Mapped:           836108 kB
Shmem:             24800 kB
KReclaimable:     382524 kB
Slab:             218488 kB
SReclaimable:      72664 kB
SUnreclaim:       145824 kB
KernelStack:       46880 kB
PageTables:        64416 kB
NFS_Unstable:          0 kB
Bounce:                0 kB
WritebackTmp:          0 kB
CommitLimit:     9202292 kB
Committed_AS:   76022528 kB
VmallocTotal:   263061440 kB
VmallocUsed:      104008 kB
VmallocChunk:          0 kB
Percpu:             7584 kB
CmaTotal:         294912 kB
CmaFree:               0 kB
MemTotal:       12113136 kB
MemFree:         7187676 kB
MemAvailable:    8346356 kB
Buffers:            4884 kB
Cached:          1619472 kB
SwapCached:            0 kB
Active:          1601812 kB
Inactive:        1443064 kB
Active(anon):    1427048 kB
Inactive(anon):    22828 kB
Active(file):     174764 kB
Inactive(file):  1420236 kB
Unevictable:        5588 kB
Mlocked:            5588 kB
SwapTotal:       3145724 kB
SwapFree:        3145724 kB
Dirty:               972 kB
Writeback:             0 kB
AnonPages:       1426572 kB
Mapped:           835904 kB
Shmem:             24816 kB
KReclaimable:     382536 kB
Slab:             218552 kB
SReclaimable:      72676 kB
SUnreclaim:       145876 kB
KernelStack:       46896 kB
PageTables:        64540 kB
NFS_Unstable:          0 kB
Bounce:                0 kB
WritebackTmp:          0 kB
CommitLimit:     9202292 kB
Committed_AS:   76027436 kB
VmallocTotal:   263061440 kB
VmallocUsed:      104024 kB
VmallocChunk:          0 kB
Percpu:             7584 kB
CmaTotal:         294912 kB
CmaFree:               0 kB
MemTotal:       12113136 kB
MemFree:         7165044 kB
MemAvailable:    8323864 kB
Buffers:            4884 kB
Cached:          1619604 kB
SwapCached:            0 kB
Active:          1624264 kB
Inactive:        1443188 kB
Active(anon):    1449492 kB
Inactive(anon):    22840 kB
Active(file):     174772 kB
Inactive(file):  1420348 kB
Unevictable:        5588 kB
Mlocked:            5588 kB
SwapTotal:       3145724 kB
SwapFree:        3145724 kB
Dirty:              1096 kB
Writeback:             0 kB
AnonPages:       1448756 kB
Mapped:           836188 kB
Shmem:             24828 kB
KReclaimable:     382576 kB
Slab:             218564 kB
SReclaimable:      72716 kB
SUnreclaim:       145848 kB
KernelStack:       46848 kB
PageTables:        64320 kB
NFS_Unstable:          0 kB
Bounce:                0 kB
WritebackTmp:          0 kB
CommitLimit:     9202292 kB
Committed_AS:   76029836 kB
VmallocTotal:   263061440 kB
VmallocUsed:      104024 kB
VmallocChunk:          0 kB
Percpu:             7584 kB
CmaTotal:         294912 kB
CmaFree:               0 kB
MemTotal:       12113136 kB
MemFree:         7155244 kB
MemAvailable:    8314068 kB
Buffers:            4884 kB
Cached:          1619608 kB
SwapCached:            0 kB
Active:          1635832 kB
Inactive:        1443192 kB
Active(anon):    1461060 kB
Inactive(anon):    22840 kB
Active(file):     174772 kB
Inactive(file):  1420352 kB
Unevictable:        5588 kB
Mlocked:            5588 kB
SwapTotal:       3145724 kB
SwapFree:        3145724 kB
Dirty:              1140 kB
Writeback:             0 kB
AnonPages:       1460032 kB
Mapped:           836188 kB
Shmem:             24828 kB
KReclaimable:     382576 kB
Slab:             218616 kB
SReclaimable:      72716 kB
SUnreclaim:       145900 kB
KernelStack:       46912 kB
PageTables:        64648 kB
NFS_Unstable:          0 kB
Bounce:                0 kB
WritebackTmp:          0 kB
CommitLimit:     9202292 kB
Committed_AS:   76025132 kB
VmallocTotal:   263061440 kB
VmallocUsed:      104024 kB
VmallocChunk:          0 kB
Percpu:             7584 kB
CmaTotal:         294912 kB
CmaFree:               0 kB
MemTotal:       12113136 kB
MemFree:         7155036 kB
MemAvailable:    8314200 kB
Buffers:            4888 kB
Cached:          1620032 kB
SwapCached:            0 kB
Active:          1633652 kB
Inactive:        1443612 kB
Active(anon):    1458872 kB
Inactive(anon):    22916 kB
Active(file):     174780 kB
Inactive(file):  1420696 kB
Unevictable:        5588 kB
Mlocked:            5588 kB
SwapTotal:       3145724 kB
SwapFree:        3145724 kB
Dirty:              1108 kB
Writeback:             0 kB
AnonPages:       1457944 kB
Mapped:           836648 kB
Shmem:             24904 kB
KReclaimable:     382552 kB
Slab:             218588 kB
SReclaimable:      72724 kB
SUnreclaim:       145864 kB
KernelStack:       46832 kB
PageTables:        64384 kB
NFS_Unstable:          0 kB
Bounce:                0 kB
WritebackTmp:          0 kB
CommitLimit:     9202292 kB
Committed_AS:   76027380 kB
VmallocTotal:   263061440 kB
VmallocUsed:      104008 kB
VmallocChunk:          0 kB
Percpu:             7584 kB
CmaTotal:         294912 kB
CmaFree:               0 kB
MemTotal:       12113136 kB
MemFree:         7159496 kB
MemAvailable:    8318684 kB
Buffers:            4888 kB
Cached:          1620056 kB
SwapCached:            0 kB
Active:          1626452 kB
Inactive:        1443632 kB
Active(anon):    1451668 kB
Inactive(anon):    22916 kB
Active(file):     174784 kB
Inactive(file):  1420716 kB
Unevictable:        5588 kB
Mlocked:            5588 kB
SwapTotal:       3145724 kB
SwapFree:        3145724 kB
Dirty:              1116 kB
Writeback:             0 kB
AnonPages:       1450324 kB
Mapped:           837072 kB
Shmem:             24904 kB
KReclaimable:     382552 kB
Slab:             218544 kB
SReclaimable:      72724 kB
SUnreclaim:       145820 kB
KernelStack:       46864 kB
PageTables:        64584 kB
NFS_Unstable:          0 kB
Bounce:                0 kB
WritebackTmp:          0 kB
CommitLimit:     9202292 kB
Committed_AS:   76039064 kB
VmallocTotal:   263061440 kB
VmallocUsed:      104024 kB
VmallocChunk:          0 kB
Percpu:             7584 kB
CmaTotal:         294912 kB
CmaFree:               0 kB
MemTotal:       12113136 kB
MemFree:         7159216 kB
MemAvailable:    8318412 kB
Buffers:            4888 kB
Cached:          1620064 kB
SwapCached:            0 kB
Active:          1626320 kB
Inactive:        1443640 kB
Active(anon):    1451536 kB
Inactive(anon):    22916 kB
Active(file):     174784 kB
Inactive(file):  1420724 kB
Unevictable:        5588 kB
Mlocked:            5588 kB
SwapTotal:       3145724 kB
SwapFree:        3145724 kB
Dirty:              1148 kB
Writeback:             0 kB
AnonPages:       1450616 kB
Mapped:           836648 kB
Shmem:             24904 kB
KReclaimable:     382552 kB
Slab:             218560 kB
SReclaimable:      72724 kB
SUnreclaim:       145836 kB
KernelStack:       46864 kB
PageTables:        64560 kB
NFS_Unstable:          0 kB
Bounce:                0 kB
WritebackTmp:          0 kB
CommitLimit:     9202292 kB
Committed_AS:   76034548 kB
VmallocTotal:   263061440 kB
VmallocUsed:      104024 kB
VmallocChunk:          0 kB
Percpu:             7584 kB
CmaTotal:         294912 kB
CmaFree:               0 kB
MemTotal:       12113136 kB
MemFree:         7162772 kB
MemAvailable:    8321932 kB
Buffers:            4888 kB
Cached:          1620080 kB
SwapCached:            0 kB
Active:          1623136 kB
Inactive:        1443656 kB
Active(anon):    1448352 kB
Inactive(anon):    22920 kB
Active(file):     174784 kB
Inactive(file):  1420736 kB
Unevictable:        5588 kB
Mlocked:            5588 kB
SwapTotal:       3145724 kB
SwapFree:        3145724 kB
Dirty:              1164 kB
Writeback:             0 kB
AnonPages:       1447696 kB
Mapped:           836684 kB
Shmem:             24908 kB
KReclaimable:     382452 kB
Slab:             218528 kB
SReclaimable:      72724 kB
SUnreclaim:       145804 kB
KernelStack:       46816 kB
PageTables:        64336 kB
NFS_Unstable:          0 kB
Bounce:                0 kB
WritebackTmp:          0 kB
CommitLimit:     9202292 kB
Committed_AS:   76034312 kB
VmallocTotal:   263061440 kB
VmallocUsed:      104040 kB
VmallocChunk:          0 kB
Percpu:             7584 kB
CmaTotal:         294912 kB
CmaFree:               0 kB
MemTotal:       12113136 kB
MemFree:         7163076 kB
MemAvailable:    8322600 kB
Buffers:            4888 kB
Cached:          1620456 kB
SwapCached:            0 kB
Active:          1625012 kB
Inactive:        1444028 kB
Active(anon):    1450224 kB
Inactive(anon):    22952 kB
Active(file):     174788 kB
Inactive(file):  1421076 kB
Unevictable:        5588 kB
Mlocked:            5588 kB
SwapTotal:       3145724 kB
SwapFree:        3145724 kB
Dirty:              1176 kB
Writeback:             0 kB
AnonPages:       1449252 kB
Mapped:           836772 kB
Shmem:             24940 kB
KReclaimable:     382492 kB
Slab:             218552 kB
SReclaimable:      72728 kB
SUnreclaim:       145824 kB
KernelStack:       46848 kB
PageTables:        64440 kB
NFS_Unstable:          0 kB
Bounce:                0 kB
WritebackTmp:          0 kB
CommitLimit:     9202292 kB
Committed_AS:   76037536 kB
VmallocTotal:   263061440 kB
VmallocUsed:      104040 kB
VmallocChunk:          0 kB
Percpu:             7584 kB
CmaTotal:         294912 kB
CmaFree:               0 kB
MemTotal:       12113136 kB
MemFree:         7162124 kB
MemAvailable:    8321660 kB
Buffers:            4888 kB
Cached:          1620476 kB
SwapCached:            0 kB
Active:          1626016 kB
Inactive:        1444048 kB
Active(anon):    1451228 kB
Inactive(anon):    22960 kB
Active(file):     174788 kB
Inactive(file):  1421088 kB
Unevictable:        5588 kB
Mlocked:            5588 kB
SwapTotal:       3145724 kB
SwapFree:        3145724 kB
Dirty:              1188 kB
Writeback:            20 kB
AnonPages:       1450072 kB
Mapped:           837424 kB
Shmem:             24948 kB
KReclaimable:     382492 kB
Slab:             218540 kB
SReclaimable:      72728 kB
SUnreclaim:       145812 kB
KernelStack:       46896 kB
PageTables:        64660 kB
NFS_Unstable:          0 kB
Bounce:                0 kB
WritebackTmp:          0 kB
CommitLimit:     9202292 kB
Committed_AS:   76045536 kB
VmallocTotal:   263061440 kB
VmallocUsed:      104024 kB
VmallocChunk:          0 kB
Percpu:             7584 kB
CmaTotal:         294912 kB
CmaFree:               0 kB
MemTotal:       12113136 kB
MemFree:         7163024 kB
MemAvailable:    8322568 kB
Buffers:            4888 kB
Cached:          1620492 kB
SwapCached:            0 kB
Active:          1626748 kB
Inactive:        1444060 kB
Active(anon):    1451956 kB
Inactive(anon):    22968 kB
Active(file):     174792 kB
Inactive(file):  1421092 kB
Unevictable:        5588 kB
Mlocked:            5588 kB
SwapTotal:       3145724 kB
SwapFree:        3145724 kB
Dirty:              1064 kB
Writeback:             0 kB
AnonPages:       1451048 kB
Mapped:           837716 kB
Shmem:             24956 kB
KReclaimable:     382492 kB
Slab:             218564 kB
SReclaimable:      72728 kB
SUnreclaim:       145836 kB
KernelStack:       46848 kB
PageTables:        64460 kB
NFS_Unstable:          0 kB
Bounce:                0 kB
WritebackTmp:          0 kB
CommitLimit:     9202292 kB
Committed_AS:   76044044 kB
VmallocTotal:   263061440 kB
VmallocUsed:      104008 kB
VmallocChunk:          0 kB
Percpu:             7584 kB
CmaTotal:         294912 kB
CmaFree:               0 kB
MemTotal:       12113136 kB
MemFree:         7139364 kB
MemAvailable:    8307780 kB
Buffers:            4888 kB
Cached:          1630460 kB
SwapCached:            0 kB
Active:          1641184 kB
Inactive:        1453828 kB
Active(anon):    1466340 kB
Inactive(anon):    23060 kB
Active(file):     174844 kB
Inactive(file):  1430768 kB
Unevictable:        5588 kB
Mlocked:            5588 kB
SwapTotal:       3145724 kB
SwapFree:        3145724 kB
Dirty:              1056 kB
Writeback:             0 kB
AnonPages:       1465548 kB
Mapped:           845792 kB
Shmem:             25088 kB
KReclaimable:     380780 kB
Slab:             219068 kB
SReclaimable:      72764 kB
SUnreclaim:       146304 kB
KernelStack:       47240 kB
PageTables:        64780 kB
NFS_Unstable:          0 kB
Bounce:                0 kB
WritebackTmp:          0 kB
CommitLimit:     9202292 kB
Committed_AS:   77371080 kB
VmallocTotal:   263061440 kB
VmallocUsed:      104480 kB
VmallocChunk:          0 kB
Percpu:             7584 kB
CmaTotal:         294912 kB
CmaFree:               0 kB
MemTotal:       12113136 kB
MemFree:         6935244 kB
MemAvailable:    8217456 kB
Buffers:            4888 kB
Cached:          1755776 kB
SwapCached:            0 kB
Active:          1711132 kB
Inactive:        1573004 kB
Active(anon):    1533180 kB
Inactive(anon):    24516 kB
Active(file):     177952 kB
Inactive(file):  1548488 kB
Unevictable:        5588 kB
Mlocked:            5588 kB
SwapTotal:       3145724 kB
SwapFree:        3145724 kB
Dirty:              1356 kB
Writeback:             0 kB
AnonPages:       1530448 kB
Mapped:           936728 kB
Shmem:             28496 kB
KReclaimable:     366716 kB
Slab:             224768 kB
SReclaimable:      74152 kB
SUnreclaim:       150616 kB
KernelStack:       49216 kB
PageTables:        69784 kB
NFS_Unstable:          0 kB
Bounce:                0 kB
WritebackTmp:          0 kB
CommitLimit:     9202292 kB
Committed_AS:   84625264 kB
VmallocTotal:   263061440 kB
VmallocUsed:      106464 kB
VmallocChunk:          0 kB
Percpu:             7584 kB
CmaTotal:         294912 kB
CmaFree:               0 kB
MemTotal:       12113136 kB
MemFree:         6868464 kB
MemAvailable:    8150168 kB
Buffers:            4888 kB
Cached:          1766636 kB
SwapCached:            0 kB
Active:          1772876 kB
Inactive:        1577760 kB
Active(anon):    1587688 kB
Inactive(anon):    24848 kB
Active(file):     185188 kB
Inactive(file):  1552912 kB
Unevictable:        5588 kB
Mlocked:            5588 kB
SwapTotal:       3145724 kB
SwapFree:        3145724 kB
Dirty:              1688 kB
Writeback:             0 kB
AnonPages:       1584800 kB
Mapped:           950316 kB
Shmem:             28884 kB
KReclaimable:     342380 kB
Slab:             226284 kB
SReclaimable:      75180 kB
SUnreclaim:       151104 kB
KernelStack:       49568 kB
PageTables:        70328 kB
NFS_Unstable:          0 kB
Bounce:                0 kB
WritebackTmp:          0 kB
CommitLimit:     9202292 kB
Committed_AS:   84672460 kB
VmallocTotal:   263061440 kB
VmallocUsed:      106832 kB
VmallocChunk:          0 kB
Percpu:             7584 kB
CmaTotal:         294912 kB
CmaFree:               0 kB
MemTotal:       12113136 kB
MemFree:         6866792 kB
MemAvailable:    8146180 kB
Buffers:            4892 kB
Cached:          1766840 kB
SwapCached:            0 kB
Active:          1771836 kB
Inactive:        1577928 kB
Active(anon):    1586608 kB
Inactive(anon):    24904 kB
Active(file):     185228 kB
Inactive(file):  1553024 kB
Unevictable:        5588 kB
Mlocked:            5588 kB
SwapTotal:       3145724 kB
SwapFree:        3145724 kB
Dirty:              1472 kB
Writeback:             0 kB
AnonPages:       1583664 kB
Mapped:           951956 kB
Shmem:             28940 kB
KReclaimable:     337444 kB
Slab:             226396 kB
SReclaimable:      75228 kB
SUnreclaim:       151168 kB
KernelStack:       49632 kB
PageTables:        70284 kB
NFS_Unstable:          0 kB
Bounce:                0 kB
WritebackTmp:          0 kB
CommitLimit:     9202292 kB
Committed_AS:   84681952 kB
VmallocTotal:   263061440 kB
VmallocUsed:      106880 kB
VmallocChunk:          0 kB
Percpu:             7584 kB
CmaTotal:         294912 kB
CmaFree:               4 kB
MemTotal:       12113136 kB
MemFree:         6863576 kB
MemAvailable:    8143032 kB
Buffers:            4892 kB
Cached:          1766944 kB
SwapCached:            0 kB
Active:          1775804 kB
Inactive:        1578028 kB
Active(anon):    1590572 kB
Inactive(anon):    24944 kB
Active(file):     185232 kB
Inactive(file):  1553084 kB
Unevictable:        5588 kB
Mlocked:            5588 kB
SwapTotal:       3145724 kB
SwapFree:        3145724 kB
Dirty:              1564 kB
Writeback:             0 kB
AnonPages:       1587676 kB
Mapped:           952060 kB
Shmem:             28980 kB
KReclaimable:     337452 kB
Slab:             226432 kB
SReclaimable:      75236 kB
SUnreclaim:       151196 kB
KernelStack:       49632 kB
PageTables:        70404 kB
NFS_Unstable:          0 kB
Bounce:                0 kB
WritebackTmp:          0 kB
CommitLimit:     9202292 kB
Committed_AS:   84706316 kB
VmallocTotal:   263061440 kB
VmallocUsed:      106992 kB
VmallocChunk:          0 kB
Percpu:             7584 kB
CmaTotal:         294912 kB
CmaFree:               0 kB
MemTotal:       12113136 kB
MemFree:         6892300 kB
MemAvailable:    8171908 kB
Buffers:            4892 kB
Cached:          1767056 kB
SwapCached:            0 kB
Active:          1744272 kB
Inactive:        1577620 kB
Active(anon):    1558520 kB
Inactive(anon):    24912 kB
Active(file):     185752 kB
Inactive(file):  1552708 kB
Unevictable:        5588 kB
Mlocked:            5588 kB
SwapTotal:       3145724 kB
SwapFree:        3145724 kB
Dirty:              1452 kB
Writeback:             0 kB
AnonPages:       1555612 kB
Mapped:           951800 kB
Shmem:             28948 kB
KReclaimable:     337468 kB
Slab:             226548 kB
SReclaimable:      75252 kB
SUnreclaim:       151296 kB
KernelStack:       49568 kB
PageTables:        70400 kB
NFS_Unstable:          0 kB
Bounce:                0 kB
WritebackTmp:          0 kB
CommitLimit:     9202292 kB
Committed_AS:   84696580 kB
VmallocTotal:   263061440 kB
VmallocUsed:      106864 kB
VmallocChunk:          0 kB
Percpu:             7584 kB
CmaTotal:         294912 kB
CmaFree:               0 kB
MemTotal:       12113136 kB
MemFree:         6888212 kB
MemAvailable:    8168468 kB
Buffers:            4892 kB
Cached:          1767500 kB
SwapCached:            0 kB
Active:          1750060 kB
Inactive:        1578200 kB
Active(anon):    1564308 kB
Inactive(anon):    24832 kB
Active(file):     185752 kB
Inactive(file):  1553368 kB
Unevictable:        5588 kB
Mlocked:            5588 kB
SwapTotal:       3145724 kB
SwapFree:        3145724 kB
Dirty:              2788 kB
Writeback:             0 kB
AnonPages:       1561516 kB
Mapped:           952176 kB
Shmem:             28868 kB
KReclaimable:     337444 kB
Slab:             226216 kB
SReclaimable:      75252 kB
SUnreclaim:       150964 kB
KernelStack:       49504 kB
PageTables:        70256 kB
NFS_Unstable:          0 kB
Bounce:                0 kB
WritebackTmp:          0 kB
CommitLimit:     9202292 kB
Committed_AS:   84694396 kB
VmallocTotal:   263061440 kB
VmallocUsed:      106736 kB
VmallocChunk:          0 kB
Percpu:             7584 kB
CmaTotal:         294912 kB
CmaFree:               0 kB
MemTotal:       12113136 kB
MemFree:         6877148 kB
MemAvailable:    8157332 kB
Buffers:            4892 kB
Cached:          1767560 kB
SwapCached:            0 kB
Active:          1758548 kB
Inactive:        1578120 kB
Active(anon):    1572792 kB
Inactive(anon):    24832 kB
Active(file):     185756 kB
Inactive(file):  1553288 kB
Unevictable:        5588 kB
Mlocked:            5588 kB
SwapTotal:       3145724 kB
SwapFree:        3145724 kB
Dirty:              2952 kB
Writeback:             0 kB
AnonPages:       1569664 kB
Mapped:           952072 kB
Shmem:             28868 kB
KReclaimable:     337452 kB
Slab:             226520 kB
SReclaimable:      75260 kB
SUnreclaim:       151260 kB
KernelStack:       49472 kB
PageTables:        70312 kB
NFS_Unstable:          0 kB
Bounce:                0 kB
WritebackTmp:          0 kB
CommitLimit:     9202292 kB
Committed_AS:   84698396 kB
VmallocTotal:   263061440 kB
VmallocUsed:      106752 kB
VmallocChunk:          0 kB
Percpu:             7584 kB
CmaTotal:         294912 kB
CmaFree:               0 kB
MemTotal:       12113136 kB
MemFree:         6878744 kB
MemAvailable:    8158968 kB
Buffers:            4892 kB
Cached:          1767460 kB
SwapCached:            0 kB
Active:          1756972 kB
Inactive:        1578016 kB
Active(anon):    1571212 kB
Inactive(anon):    24700 kB
Active(file):     185760 kB
Inactive(file):  1553316 kB
Unevictable:        5588 kB
Mlocked:            5588 kB
SwapTotal:       3145724 kB
SwapFree:        3145724 kB
Dirty:              2996 kB
Writeback:             0 kB
AnonPages:       1567712 kB
Mapped:           952052 kB
Shmem:             28736 kB
KReclaimable:     337468 kB
Slab:             226540 kB
SReclaimable:      75276 kB
SUnreclaim:       151264 kB
KernelStack:       49456 kB
PageTables:        70412 kB
NFS_Unstable:          0 kB
Bounce:                0 kB
WritebackTmp:          0 kB
CommitLimit:     9202292 kB
Committed_AS:   84699544 kB
VmallocTotal:   263061440 kB
VmallocUsed:      106800 kB
VmallocChunk:          0 kB
Percpu:             7584 kB
CmaTotal:         294912 kB
CmaFree:               0 kB
MemTotal:       12113136 kB
MemFree:         6874876 kB
MemAvailable:    8155048 kB
Buffers:            4892 kB
Cached:          1767480 kB
SwapCached:            0 kB
Active:          1760184 kB
Inactive:        1578036 kB
Active(anon):    1574424 kB
Inactive(anon):    24712 kB
Active(file):     185760 kB
Inactive(file):  1553324 kB
Unevictable:        5588 kB
Mlocked:            5588 kB
SwapTotal:       3145724 kB
SwapFree:        3145724 kB
Dirty:              3004 kB
Writeback:             0 kB
AnonPages:       1571636 kB
Mapped:           951808 kB
Shmem:             28748 kB
KReclaimable:     337352 kB
Slab:             226468 kB
SReclaimable:      75260 kB
SUnreclaim:       151208 kB
KernelStack:       49536 kB
PageTables:        70612 kB
NFS_Unstable:          0 kB
Bounce:                0 kB
WritebackTmp:          0 kB
CommitLimit:     9202292 kB
Committed_AS:   84697656 kB
VmallocTotal:   263061440 kB
VmallocUsed:      106784 kB
VmallocChunk:          0 kB
Percpu:             7584 kB
CmaTotal:         294912 kB
CmaFree:               0 kB
MemTotal:       12113136 kB
MemFree:         6870092 kB
MemAvailable:    8150332 kB
Buffers:            4892 kB
Cached:          1771140 kB
SwapCached:            0 kB
Active:          1761812 kB
Inactive:        1581692 kB
Active(anon):    1576048 kB
Inactive(anon):    28364 kB
Active(file):     185764 kB
Inactive(file):  1553328 kB
Unevictable:        5588 kB
Mlocked:            5588 kB
SwapTotal:       3145724 kB
SwapFree:        3145724 kB
Dirty:              3016 kB
Writeback:             0 kB
AnonPages:       1572940 kB
Mapped:           955792 kB
Shmem:             32400 kB
KReclaimable:     337468 kB
Slab:             226328 kB
SReclaimable:      75276 kB
SUnreclaim:       151052 kB
KernelStack:       49504 kB
PageTables:        70508 kB
NFS_Unstable:          0 kB
Bounce:                0 kB
WritebackTmp:          0 kB
CommitLimit:     9202292 kB
Committed_AS:   84708748 kB
VmallocTotal:   263061440 kB
VmallocUsed:      106752 kB
VmallocChunk:          0 kB
Percpu:             7584 kB
CmaTotal:         294912 kB
CmaFree:               0 kB
MemTotal:       12113136 kB
MemFree:         6864412 kB
MemAvailable:    8148488 kB
Buffers:            4892 kB
Cached:          1771632 kB
SwapCached:            0 kB
Active:          1767308 kB
Inactive:        1582148 kB
Active(anon):    1581508 kB
Inactive(anon):    24848 kB
Active(file):     185800 kB
Inactive(file):  1557300 kB
Unevictable:        5588 kB
Mlocked:            5588 kB
SwapTotal:       3145724 kB
SwapFree:        3145724 kB
Dirty:              7272 kB
Writeback:             4 kB
AnonPages:       1578220 kB
Mapped:           952392 kB
Shmem:             28884 kB
KReclaimable:     337124 kB
Slab:             226720 kB
SReclaimable:      75260 kB
SUnreclaim:       151460 kB
KernelStack:       49424 kB
PageTables:        70308 kB
NFS_Unstable:          0 kB
Bounce:                0 kB
WritebackTmp:          0 kB
CommitLimit:     9202292 kB
Committed_AS:   84696964 kB
VmallocTotal:   263061440 kB
VmallocUsed:      106752 kB
VmallocChunk:          0 kB
Percpu:             7584 kB
CmaTotal:         294912 kB
CmaFree:               0 kB
MemTotal:       12113136 kB
MemFree:         6864068 kB
MemAvailable:    8148120 kB
Buffers:            4892 kB
Cached:          1771780 kB
SwapCached:            0 kB
Active:          1766552 kB
Inactive:        1582284 kB
Active(anon):    1580756 kB
Inactive(anon):    24876 kB
Active(file):     185796 kB
Inactive(file):  1557408 kB
Unevictable:        5588 kB
Mlocked:            5588 kB
SwapTotal:       3145724 kB
SwapFree:        3145724 kB
Dirty:              7404 kB
Writeback:             0 kB
AnonPages:       1577852 kB
Mapped:           952424 kB
Shmem:             28928 kB
KReclaimable:     336868 kB
Slab:             226736 kB
SReclaimable:      75288 kB
SUnreclaim:       151448 kB
KernelStack:       49472 kB
PageTables:        70492 kB
NFS_Unstable:          0 kB
Bounce:                0 kB
WritebackTmp:          0 kB
CommitLimit:     9202292 kB
Committed_AS:   84692696 kB
VmallocTotal:   263061440 kB
VmallocUsed:      106752 kB
VmallocChunk:          0 kB
Percpu:             7584 kB
CmaTotal:         294912 kB
CmaFree:               0 kB
MemTotal:       12113136 kB
MemFree:         6855688 kB
MemAvailable:    8139996 kB
Buffers:            4896 kB
Cached:          1772052 kB
SwapCached:            0 kB
Active:          1777624 kB
Inactive:        1582548 kB
Active(anon):    1591816 kB
Inactive(anon):    24904 kB
Active(file):     185808 kB
Inactive(file):  1557644 kB
Unevictable:        5588 kB
Mlocked:            5588 kB
SwapTotal:       3145724 kB
SwapFree:        3145724 kB
Dirty:              7240 kB
Writeback:             0 kB
AnonPages:       1588360 kB
Mapped:           952364 kB
Shmem:             28956 kB
KReclaimable:     336884 kB
Slab:             226636 kB
SReclaimable:      75304 kB
SUnreclaim:       151332 kB
KernelStack:       49456 kB
PageTables:        70556 kB
NFS_Unstable:          0 kB
Bounce:                0 kB
WritebackTmp:          0 kB
CommitLimit:     9202292 kB
Committed_AS:   84682860 kB
VmallocTotal:   263061440 kB
VmallocUsed:      106736 kB
VmallocChunk:          0 kB
Percpu:             7584 kB
CmaTotal:         294912 kB
CmaFree:               0 kB
MemTotal:       12113136 kB
MemFree:         6875516 kB
MemAvailable:    8166780 kB
Buffers:            4896 kB
Cached:          1771828 kB
SwapCached:            0 kB
Active:          1756652 kB
Inactive:        1582292 kB
Active(anon):    1570716 kB
Inactive(anon):    24768 kB
Active(file):     185936 kB
Inactive(file):  1557524 kB
Unevictable:        5588 kB
Mlocked:            5588 kB
SwapTotal:       3145724 kB
SwapFree:        3145724 kB
Dirty:              7280 kB
Writeback:             0 kB
AnonPages:       1567640 kB
Mapped:           951152 kB
Shmem:             28724 kB
KReclaimable:     350784 kB
Slab:             226472 kB
SReclaimable:      75408 kB
SUnreclaim:       151064 kB
KernelStack:       49296 kB
PageTables:        69832 kB
NFS_Unstable:          0 kB
Bounce:                0 kB
WritebackTmp:          0 kB
CommitLimit:     9202292 kB
Committed_AS:   83373492 kB
VmallocTotal:   263061440 kB
VmallocUsed:      106648 kB
VmallocChunk:          0 kB
Percpu:             7584 kB
CmaTotal:         294912 kB
CmaFree:              16 kB
MemTotal:       12113136 kB
MemFree:         6873292 kB
MemAvailable:    8164624 kB
Buffers:            4896 kB
Cached:          1771852 kB
SwapCached:            0 kB
Active:          1757188 kB
Inactive:        1582268 kB
Active(anon):    1571252 kB
Inactive(anon):    24732 kB
Active(file):     185936 kB
Inactive(file):  1557536 kB
Unevictable:        5588 kB
Mlocked:            5588 kB
SwapTotal:       3145724 kB
SwapFree:        3145724 kB
Dirty:              7300 kB
Writeback:             0 kB
AnonPages:       1568364 kB
Mapped:           951284 kB
Shmem:             28736 kB
KReclaimable:     350892 kB
Slab:             226548 kB
SReclaimable:      75436 kB
SUnreclaim:       151112 kB
KernelStack:       49264 kB
PageTables:        69732 kB
NFS_Unstable:          0 kB
Bounce:                0 kB
WritebackTmp:          0 kB
CommitLimit:     9202292 kB
Committed_AS:   83377488 kB
VmallocTotal:   263061440 kB
VmallocUsed:      106584 kB
VmallocChunk:          0 kB
Percpu:             7584 kB
CmaTotal:         294912 kB
CmaFree:               0 kB
MemTotal:       12113136 kB
MemFree:         6895540 kB
MemAvailable:    8186956 kB
Buffers:            4896 kB
Cached:          1771952 kB
SwapCached:            0 kB
Active:          1735236 kB
Inactive:        1582368 kB
Active(anon):    1549300 kB
Inactive(anon):    24748 kB
Active(file):     185936 kB
Inactive(file):  1557620 kB
Unevictable:        5588 kB
Mlocked:            5588 kB
SwapTotal:       3145724 kB
SwapFree:        3145724 kB
Dirty:              7596 kB
Writeback:             0 kB
AnonPages:       1546384 kB
Mapped:           951456 kB
Shmem:             28752 kB
KReclaimable:     350892 kB
Slab:             226448 kB
SReclaimable:      75436 kB
SUnreclaim:       151012 kB
KernelStack:       49312 kB
PageTables:        69804 kB
NFS_Unstable:          0 kB
Bounce:                0 kB
WritebackTmp:          0 kB
CommitLimit:     9202292 kB
Committed_AS:   83380144 kB
VmallocTotal:   263061440 kB
VmallocUsed:      106600 kB
VmallocChunk:          0 kB
Percpu:             7584 kB
CmaTotal:         294912 kB
CmaFree:               0 kB
MemTotal:       12113136 kB
MemFree:         6895796 kB
MemAvailable:    8187232 kB
Buffers:            4896 kB
Cached:          1771976 kB
SwapCached:            0 kB
Active:          1736156 kB
Inactive:        1582392 kB
Active(anon):    1550220 kB
Inactive(anon):    24752 kB
Active(file):     185936 kB
Inactive(file):  1557640 kB
Unevictable:        5588 kB
Mlocked:            5588 kB
SwapTotal:       3145724 kB
SwapFree:        3145724 kB
Dirty:              7612 kB
Writeback:             0 kB
AnonPages:       1547328 kB
Mapped:           951248 kB
Shmem:             28756 kB
KReclaimable:     350892 kB
Slab:             226452 kB
SReclaimable:      75436 kB
SUnreclaim:       151016 kB
KernelStack:       49296 kB
PageTables:        69904 kB
NFS_Unstable:          0 kB
Bounce:                0 kB
WritebackTmp:          0 kB
CommitLimit:     9202292 kB
Committed_AS:   83379912 kB
VmallocTotal:   263061440 kB
VmallocUsed:      106600 kB
VmallocChunk:          0 kB
Percpu:             7584 kB
CmaTotal:         294912 kB
CmaFree:               0 kB
MemTotal:       12113136 kB
MemFree:         6896292 kB
MemAvailable:    8187740 kB
Buffers:            4896 kB
Cached:          1772008 kB
SwapCached:            0 kB
Active:          1737000 kB
Inactive:        1582420 kB
Active(anon):    1551064 kB
Inactive(anon):    24764 kB
Active(file):     185936 kB
Inactive(file):  1557656 kB
Unevictable:        5588 kB
Mlocked:            5588 kB
SwapTotal:       3145724 kB
SwapFree:        3145724 kB
Dirty:              7644 kB
Writeback:             0 kB
AnonPages:       1548096 kB
Mapped:           951592 kB
Shmem:             28772 kB
KReclaimable:     350884 kB
Slab:             226460 kB
SReclaimable:      75436 kB
SUnreclaim:       151024 kB
KernelStack:       49280 kB
PageTables:        69792 kB
NFS_Unstable:          0 kB
Bounce:                0 kB
WritebackTmp:          0 kB
CommitLimit:     9202292 kB
Committed_AS:   83387552 kB
VmallocTotal:   263061440 kB
VmallocUsed:      106616 kB
VmallocChunk:          0 kB
Percpu:             7584 kB
CmaTotal:         294912 kB
CmaFree:               0 kB
MemTotal:       12113136 kB
MemFree:         6890100 kB
MemAvailable:    8177452 kB
Buffers:            4896 kB
Cached:          1773160 kB
SwapCached:            0 kB
Active:          1739816 kB
Inactive:        1583420 kB
Active(anon):    1553748 kB
Inactive(anon):    24924 kB
Active(file):     186068 kB
Inactive(file):  1558496 kB
Unevictable:        5588 kB
Mlocked:            5588 kB
SwapTotal:       3145724 kB
SwapFree:        3145724 kB
Dirty:              7808 kB
Writeback:             0 kB
AnonPages:       1551172 kB
Mapped:           958496 kB
Shmem:             28952 kB
KReclaimable:     340748 kB
Slab:             227420 kB
SReclaimable:      75484 kB
SUnreclaim:       151936 kB
KernelStack:       50428 kB
PageTables:        71240 kB
NFS_Unstable:          0 kB
Bounce:                0 kB
WritebackTmp:          0 kB
CommitLimit:     9202292 kB
Committed_AS:   86064920 kB
VmallocTotal:   263061440 kB
VmallocUsed:      107560 kB
VmallocChunk:          0 kB
Percpu:             7584 kB
CmaTotal:         294912 kB
CmaFree:               0 kB
MemTotal:       12113136 kB
MemFree:         6834876 kB
MemAvailable:    8121272 kB
Buffers:            4896 kB
Cached:          1774788 kB
SwapCached:            0 kB
Active:          1787568 kB
Inactive:        1582708 kB
Active(anon):    1599304 kB
Inactive(anon):    25348 kB
Active(file):     188264 kB
Inactive(file):  1557360 kB
Unevictable:        5588 kB
Mlocked:            5588 kB
SwapTotal:       3145724 kB
SwapFree:        3145724 kB
Dirty:               792 kB
Writeback:            12 kB
AnonPages:       1596368 kB
Mapped:           965664 kB
Shmem:             29384 kB
KReclaimable:     336716 kB
Slab:             229260 kB
SReclaimable:      75608 kB
SUnreclaim:       153652 kB
KernelStack:       50996 kB
PageTables:        72476 kB
NFS_Unstable:          0 kB
Bounce:                0 kB
WritebackTmp:          0 kB
CommitLimit:     9202292 kB
Committed_AS:   87431188 kB
VmallocTotal:   263061440 kB
VmallocUsed:      108352 kB
VmallocChunk:          0 kB
Percpu:             7680 kB
CmaTotal:         294912 kB
CmaFree:               0 kB
MemTotal:       12113136 kB
MemFree:         6839612 kB
MemAvailable:    8127856 kB
Buffers:            4896 kB
Cached:          1776676 kB
SwapCached:            0 kB
Active:          1778760 kB
Inactive:        1584324 kB
Active(anon):    1590088 kB
Inactive(anon):    25432 kB
Active(file):     188672 kB
Inactive(file):  1558892 kB
Unevictable:        5588 kB
Mlocked:            5588 kB
SwapTotal:       3145724 kB
SwapFree:        3145724 kB
Dirty:              1092 kB
Writeback:             0 kB
AnonPages:       1587184 kB
Mapped:           967176 kB
Shmem:             29468 kB
KReclaimable:     336532 kB
Slab:             229304 kB
SReclaimable:      75688 kB
SUnreclaim:       153616 kB
KernelStack:       51520 kB
PageTables:        72988 kB
NFS_Unstable:          0 kB
Bounce:                0 kB
WritebackTmp:          0 kB
CommitLimit:     9202292 kB
Committed_AS:   87436048 kB
VmallocTotal:   263061440 kB
VmallocUsed:      108696 kB
VmallocChunk:          0 kB
Percpu:             7680 kB
CmaTotal:         294912 kB
CmaFree:               0 kB
MemTotal:       12113136 kB
MemFree:         6816452 kB
MemAvailable:    8111964 kB
Buffers:            4896 kB
Cached:          1783992 kB
SwapCached:            0 kB
Active:          1794752 kB
Inactive:        1591316 kB
Active(anon):    1605760 kB
Inactive(anon):    25492 kB
Active(file):     188992 kB
Inactive(file):  1565824 kB
Unevictable:        5588 kB
Mlocked:            5588 kB
SwapTotal:       3145724 kB
SwapFree:        3145724 kB
Dirty:              1268 kB
Writeback:             0 kB
AnonPages:       1602724 kB
Mapped:           973500 kB
Shmem:             29528 kB
KReclaimable:     336568 kB
Slab:             229384 kB
SReclaimable:      75724 kB
SUnreclaim:       153660 kB
KernelStack:       51648 kB
PageTables:        72864 kB
NFS_Unstable:          0 kB
Bounce:                0 kB
WritebackTmp:          0 kB
CommitLimit:     9202292 kB
Committed_AS:   87468976 kB
VmallocTotal:   263061440 kB
VmallocUsed:      108904 kB
VmallocChunk:          0 kB
Percpu:             7680 kB
CmaTotal:         294912 kB
CmaFree:               4 kB
MemTotal:       12113136 kB
MemFree:         6786992 kB
MemAvailable:    8088628 kB
Buffers:            4896 kB
Cached:          1790120 kB
SwapCached:            0 kB
Active:          1818968 kB
Inactive:        1597424 kB
Active(anon):    1629952 kB
Inactive(anon):    25520 kB
Active(file):     189016 kB
Inactive(file):  1571904 kB
Unevictable:        5588 kB
Mlocked:            5588 kB
SwapTotal:       3145724 kB
SwapFree:        3145724 kB
Dirty:              1356 kB
Writeback:             0 kB
AnonPages:       1627080 kB
Mapped:           976460 kB
Shmem:             29556 kB
KReclaimable:     336608 kB
Slab:             229436 kB
SReclaimable:      75760 kB
SUnreclaim:       153676 kB
KernelStack:       51680 kB
PageTables:        72932 kB
NFS_Unstable:          0 kB
Bounce:                0 kB
WritebackTmp:          0 kB
CommitLimit:     9202292 kB
Committed_AS:   87493364 kB
VmallocTotal:   263061440 kB
VmallocUsed:      108904 kB
VmallocChunk:          0 kB
Percpu:             7680 kB
CmaTotal:         294912 kB
CmaFree:               0 kB
MemTotal:       12113136 kB
MemFree:         6758944 kB
MemAvailable:    8062704 kB
Buffers:            4900 kB
Cached:          1792268 kB
SwapCached:            0 kB
Active:          1842400 kB
Inactive:        1599556 kB
Active(anon):    1653364 kB
Inactive(anon):    25572 kB
Active(file):     189036 kB
Inactive(file):  1573984 kB
Unevictable:        5588 kB
Mlocked:            5588 kB
SwapTotal:       3145724 kB
SwapFree:        3145724 kB
Dirty:               764 kB
Writeback:             0 kB
AnonPages:       1639756 kB
Mapped:           977552 kB
Shmem:             29608 kB
KReclaimable:     336652 kB
Slab:             229476 kB
SReclaimable:      75804 kB
SUnreclaim:       153672 kB
KernelStack:       51552 kB
PageTables:        72840 kB
NFS_Unstable:          0 kB
Bounce:                0 kB
WritebackTmp:          0 kB
CommitLimit:     9202292 kB
Committed_AS:   87507276 kB
VmallocTotal:   263061440 kB
VmallocUsed:      108872 kB
VmallocChunk:          0 kB
Percpu:             7680 kB
CmaTotal:         294912 kB
CmaFree:               0 kB
MemTotal:       12113136 kB
MemFree:         6758824 kB
MemAvailable:    8070500 kB
Buffers:            4900 kB
Cached:          1800232 kB
SwapCached:            0 kB
Active:          1834972 kB
Inactive:        1607356 kB
Active(anon):    1645776 kB
Inactive(anon):    25632 kB
Active(file):     189196 kB
Inactive(file):  1581724 kB
Unevictable:        5588 kB
Mlocked:            5588 kB
SwapTotal:       3145724 kB
SwapFree:        3145724 kB
Dirty:               804 kB
Writeback:             0 kB
AnonPages:       1643112 kB
Mapped:           978400 kB
Shmem:             29672 kB
KReclaimable:     336684 kB
Slab:             229500 kB
SReclaimable:      75836 kB
SUnreclaim:       153664 kB
KernelStack:       51456 kB
PageTables:        72948 kB
NFS_Unstable:          0 kB
Bounce:                0 kB
WritebackTmp:          0 kB
CommitLimit:     9202292 kB
Committed_AS:   87505632 kB
VmallocTotal:   263061440 kB
VmallocUsed:      108792 kB
VmallocChunk:          0 kB
Percpu:             7680 kB
CmaTotal:         294912 kB
CmaFree:               0 kB
MemTotal:       12113136 kB
MemFree:         6763956 kB
MemAvailable:    8075716 kB
Buffers:            4900 kB
Cached:          1800292 kB
SwapCached:            0 kB
Active:          1830240 kB
Inactive:        1607404 kB
Active(anon):    1641028 kB
Inactive(anon):    25636 kB
Active(file):     189212 kB
Inactive(file):  1581768 kB
Unevictable:        5588 kB
Mlocked:            5588 kB
SwapTotal:       3145724 kB
SwapFree:        3145724 kB
Dirty:               924 kB
Writeback:             0 kB
AnonPages:       1638100 kB
Mapped:           978852 kB
Shmem:             29672 kB
KReclaimable:     336732 kB
Slab:             229548 kB
SReclaimable:      75884 kB
SUnreclaim:       153664 kB
KernelStack:       51472 kB
PageTables:        73028 kB
NFS_Unstable:          0 kB
Bounce:                0 kB
WritebackTmp:          0 kB
CommitLimit:     9202292 kB
Committed_AS:   87511248 kB
VmallocTotal:   263061440 kB
VmallocUsed:      108824 kB
VmallocChunk:          0 kB
Percpu:             7680 kB
CmaTotal:         294912 kB
CmaFree:               0 kB
MemTotal:       12113136 kB
MemFree:         6760260 kB
MemAvailable:    8072056 kB
Buffers:            4900 kB
Cached:          1800316 kB
SwapCached:            0 kB
Active:          1832164 kB
Inactive:        1607420 kB
Active(anon):    1642944 kB
Inactive(anon):    25624 kB
Active(file):     189220 kB
Inactive(file):  1581796 kB
Unevictable:        5588 kB
Mlocked:            5588 kB
SwapTotal:       3145724 kB
SwapFree:        3145724 kB
Dirty:               980 kB
Writeback:             0 kB
AnonPages:       1639996 kB
Mapped:           978988 kB
Shmem:             29660 kB
KReclaimable:     336732 kB
Slab:             229548 kB
SReclaimable:      75884 kB
SUnreclaim:       153664 kB
KernelStack:       51472 kB
PageTables:        73032 kB
NFS_Unstable:          0 kB
Bounce:                0 kB
WritebackTmp:          0 kB
CommitLimit:     9202292 kB
Committed_AS:   87516420 kB
VmallocTotal:   263061440 kB
VmallocUsed:      108808 kB
VmallocChunk:          0 kB
Percpu:             7680 kB
CmaTotal:         294912 kB
CmaFree:               0 kB
MemTotal:       12113136 kB
MemFree:         6752992 kB
MemAvailable:    8064820 kB
Buffers:            4900 kB
Cached:          1800344 kB
SwapCached:            0 kB
Active:          1838388 kB
Inactive:        1607444 kB
Active(anon):    1649164 kB
Inactive(anon):    25620 kB
Active(file):     189224 kB
Inactive(file):  1581824 kB
Unevictable:        5588 kB
Mlocked:            5588 kB
SwapTotal:       3145724 kB
SwapFree:        3145724 kB
Dirty:              1044 kB
Writeback:             0 kB
AnonPages:       1646236 kB
Mapped:           979124 kB
Shmem:             29656 kB
KReclaimable:     336736 kB
Slab:             229544 kB
SReclaimable:      75888 kB
SUnreclaim:       153656 kB
KernelStack:       51472 kB
PageTables:        72976 kB
NFS_Unstable:          0 kB
Bounce:                0 kB
WritebackTmp:          0 kB
CommitLimit:     9202292 kB
Committed_AS:   87506956 kB
VmallocTotal:   263061440 kB
VmallocUsed:      108792 kB
VmallocChunk:          0 kB
Percpu:             7680 kB
CmaTotal:         294912 kB
CmaFree:               0 kB
MemTotal:       12113136 kB
MemFree:         6715884 kB
MemAvailable:    8033628 kB
Buffers:            4900 kB
Cached:          1803652 kB
SwapCached:            0 kB
Active:          1864000 kB
Inactive:        1610200 kB
Active(anon):    1674636 kB
Inactive(anon):    27352 kB
Active(file):     189364 kB
Inactive(file):  1582848 kB
Unevictable:        5588 kB
Mlocked:            5588 kB
SwapTotal:       3145724 kB
SwapFree:        3145724 kB
Dirty:              2336 kB
Writeback:             0 kB
AnonPages:       1671724 kB
Mapped:           981564 kB
Shmem:             31416 kB
KReclaimable:     346240 kB
Slab:             229872 kB
SReclaimable:      76092 kB
SUnreclaim:       153780 kB
KernelStack:       51728 kB
PageTables:        73168 kB
NFS_Unstable:          0 kB
Bounce:                0 kB
WritebackTmp:          0 kB
CommitLimit:     9202292 kB
Committed_AS:   87577316 kB
VmallocTotal:   263061440 kB
VmallocUsed:      109000 kB
VmallocChunk:          0 kB
Percpu:             7680 kB
CmaTotal:         294912 kB
CmaFree:               0 kB
MemTotal:       12113136 kB
MemFree:         6681432 kB
MemAvailable:    8002212 kB
Buffers:            4900 kB
Cached:          1809316 kB
SwapCached:            0 kB
Active:          1886896 kB
Inactive:        1615892 kB
Active(anon):    1697276 kB
Inactive(anon):    30320 kB
Active(file):     189620 kB
Inactive(file):  1585572 kB
Unevictable:        5588 kB
Mlocked:            5588 kB
SwapTotal:       3145724 kB
SwapFree:        3145724 kB
Dirty:              4308 kB
Writeback:             0 kB
AnonPages:       1694092 kB
Mapped:           985036 kB
Shmem:             34356 kB
KReclaimable:     346352 kB
Slab:             230208 kB
SReclaimable:      76244 kB
SUnreclaim:       153964 kB
KernelStack:       51776 kB
PageTables:        73376 kB
NFS_Unstable:          0 kB
Bounce:                0 kB
WritebackTmp:          0 kB
CommitLimit:     9202292 kB
Committed_AS:   87642900 kB
VmallocTotal:   263061440 kB
VmallocUsed:      109096 kB
VmallocChunk:          0 kB
Percpu:             7680 kB
CmaTotal:         294912 kB
CmaFree:              12 kB
MemTotal:       12113136 kB
MemFree:         6639208 kB
MemAvailable:    7961444 kB
Buffers:            4900 kB
Cached:          1815872 kB
SwapCached:            0 kB
Active:          1912080 kB
Inactive:        1622240 kB
Active(anon):    1722188 kB
Inactive(anon):    35584 kB
Active(file):     189892 kB
Inactive(file):  1586656 kB
Unevictable:        5588 kB
Mlocked:            5588 kB
SwapTotal:       3145724 kB
SwapFree:        3145724 kB
Dirty:              5756 kB
Writeback:             0 kB
AnonPages:       1719212 kB
Mapped:           991488 kB
Shmem:             39652 kB
KReclaimable:     346548 kB
Slab:             230568 kB
SReclaimable:      76464 kB
SUnreclaim:       154104 kB
KernelStack:       51744 kB
PageTables:        73564 kB
NFS_Unstable:          0 kB
Bounce:                0 kB
WritebackTmp:          0 kB
CommitLimit:     9202292 kB
Committed_AS:   87686192 kB
VmallocTotal:   263061440 kB
VmallocUsed:      109080 kB
VmallocChunk:          0 kB
Percpu:             7680 kB
CmaTotal:         294912 kB
CmaFree:               0 kB
MemTotal:       12113136 kB
MemFree:         6629940 kB
MemAvailable:    7956468 kB
Buffers:            4900 kB
Cached:          1812436 kB
SwapCached:            0 kB
Active:          1923164 kB
Inactive:        1617856 kB
Active(anon):    1732248 kB
Inactive(anon):    27984 kB
Active(file):     190916 kB
Inactive(file):  1589872 kB
Unevictable:        5588 kB
Mlocked:            5588 kB
SwapTotal:       3145724 kB
SwapFree:        3145724 kB
Dirty:              6068 kB
Writeback:             0 kB
AnonPages:       1729396 kB
Mapped:           983988 kB
Shmem:             32020 kB
KReclaimable:     346656 kB
Slab:             230712 kB
SReclaimable:      76576 kB
SUnreclaim:       154136 kB
KernelStack:       51760 kB
PageTables:        73516 kB
NFS_Unstable:          0 kB
Bounce:                0 kB
WritebackTmp:          0 kB
CommitLimit:     9202292 kB
Committed_AS:   87603948 kB
VmallocTotal:   263061440 kB
VmallocUsed:      109080 kB
VmallocChunk:          0 kB
Percpu:             7680 kB
CmaTotal:         294912 kB
CmaFree:               0 kB
MemTotal:       12113136 kB
MemFree:         6610356 kB
MemAvailable:    7953124 kB
Buffers:            4936 kB
Cached:          1826524 kB
SwapCached:            0 kB
Active:          1933316 kB
Inactive:        1626268 kB
Active(anon):    1736736 kB
Inactive(anon):    26076 kB
Active(file):     196580 kB
Inactive(file):  1600192 kB
Unevictable:        5588 kB
Mlocked:            5588 kB
SwapTotal:       3145724 kB
SwapFree:        3145724 kB
Dirty:              6608 kB
Writeback:             0 kB
AnonPages:       1733872 kB
Mapped:           982052 kB
Shmem:             30112 kB
KReclaimable:     347168 kB
Slab:             231232 kB
SReclaimable:      77088 kB
SUnreclaim:       154144 kB
KernelStack:       51744 kB
PageTables:        73548 kB
NFS_Unstable:          0 kB
Bounce:                0 kB
WritebackTmp:          0 kB
CommitLimit:     9202292 kB
Committed_AS:   87658888 kB
VmallocTotal:   263061440 kB
VmallocUsed:      109032 kB
VmallocChunk:          0 kB
Percpu:             7680 kB
CmaTotal:         294912 kB
CmaFree:               0 kB
MemTotal:       12113136 kB
MemFree:         6575308 kB
MemAvailable:    7933848 kB
Buffers:            4944 kB
Cached:          1842456 kB
SwapCached:            0 kB
Active:          1955668 kB
Inactive:        1635460 kB
Active(anon):    1752308 kB
Inactive(anon):    26416 kB
Active(file):     203360 kB
Inactive(file):  1609044 kB
Unevictable:        5588 kB
Mlocked:            5588 kB
SwapTotal:       3145724 kB
SwapFree:        3145724 kB
Dirty:              7180 kB
Writeback:             0 kB
AnonPages:       1749432 kB
Mapped:           983232 kB
Shmem:             30452 kB
KReclaimable:     347448 kB
Slab:             231636 kB
SReclaimable:      77368 kB
SUnreclaim:       154268 kB
KernelStack:       51776 kB
PageTables:        73624 kB
NFS_Unstable:          0 kB
Bounce:                0 kB
WritebackTmp:          0 kB
CommitLimit:     9202292 kB
Committed_AS:   87645000 kB
VmallocTotal:   263061440 kB
VmallocUsed:      109096 kB
VmallocChunk:          0 kB
Percpu:             7680 kB
CmaTotal:         294912 kB
CmaFree:               0 kB
MemTotal:       12113136 kB
MemFree:         6561452 kB
MemAvailable:    7930124 kB
Buffers:            4968 kB
Cached:          1857200 kB
SwapCached:            0 kB
Active:          1950568 kB
Inactive:        1646216 kB
Active(anon):    1743488 kB
Inactive(anon):    30944 kB
Active(file):     207080 kB
Inactive(file):  1615272 kB
Unevictable:        5588 kB
Mlocked:            5588 kB
SwapTotal:       3145724 kB
SwapFree:        3145724 kB
Dirty:              8028 kB
Writeback:             0 kB
AnonPages:       1740528 kB
Mapped:           988320 kB
Shmem:             34980 kB
KReclaimable:     347816 kB
Slab:             232240 kB
SReclaimable:      77780 kB
SUnreclaim:       154460 kB
KernelStack:       51776 kB
PageTables:        73556 kB
NFS_Unstable:          0 kB
Bounce:                0 kB
WritebackTmp:          0 kB
CommitLimit:     9202292 kB
Committed_AS:   87653756 kB
VmallocTotal:   263061440 kB
VmallocUsed:      109112 kB
VmallocChunk:          0 kB
Percpu:             7680 kB
CmaTotal:         294912 kB
CmaFree:              24 kB
MemTotal:       12113136 kB
MemFree:         6541208 kB
MemAvailable:    7923340 kB
Buffers:            5012 kB
Cached:          1869228 kB
SwapCached:            0 kB
Active:          1957396 kB
Inactive:        1655004 kB
Active(anon):    1747020 kB
Inactive(anon):    30968 kB
Active(file):     210376 kB
Inactive(file):  1624036 kB
Unevictable:        5588 kB
Mlocked:            5588 kB
SwapTotal:       3145724 kB
SwapFree:        3145724 kB
Dirty:              8144 kB
Writeback:             0 kB
AnonPages:       1744340 kB
Mapped:           988396 kB
Shmem:             35004 kB
KReclaimable:     350612 kB
Slab:             232792 kB
SReclaimable:      78296 kB
SUnreclaim:       154496 kB
KernelStack:       51872 kB
PageTables:        73660 kB
NFS_Unstable:          0 kB
Bounce:                0 kB
WritebackTmp:          0 kB
CommitLimit:     9202292 kB
Committed_AS:   87671044 kB
VmallocTotal:   263061440 kB
VmallocUsed:      109176 kB
VmallocChunk:          0 kB
Percpu:             7680 kB
CmaTotal:         294912 kB
CmaFree:               0 kB
MemTotal:       12113136 kB
MemFree:         6516748 kB
MemAvailable:    7911984 kB
Buffers:            5044 kB
Cached:          1881720 kB
SwapCached:            0 kB
Active:          1971976 kB
Inactive:        1663936 kB
Active(anon):    1757484 kB
Inactive(anon):    31080 kB
Active(file):     214492 kB
Inactive(file):  1632856 kB
Unevictable:        5588 kB
Mlocked:            5588 kB
SwapTotal:       3145724 kB
SwapFree:        3145724 kB
Dirty:              8844 kB
Writeback:             0 kB
AnonPages:       1754288 kB
Mapped:           989144 kB
Shmem:             35116 kB
KReclaimable:     350948 kB
Slab:             233548 kB
SReclaimable:      78632 kB
SUnreclaim:       154916 kB
KernelStack:       51904 kB
PageTables:        73616 kB
NFS_Unstable:          0 kB
Bounce:                0 kB
WritebackTmp:          0 kB
CommitLimit:     9202292 kB
Committed_AS:   87686492 kB
VmallocTotal:   263061440 kB
VmallocUsed:      109192 kB
VmallocChunk:          0 kB
Percpu:             7680 kB
CmaTotal:         294912 kB
CmaFree:               4 kB
MemTotal:       12113136 kB
MemFree:         6497080 kB
MemAvailable:    7901708 kB
Buffers:            5084 kB
Cached:          1890308 kB
SwapCached:            0 kB
Active:          1985940 kB
Inactive:        1667468 kB
Active(anon):    1766608 kB
Inactive(anon):    31336 kB
Active(file):     219332 kB
Inactive(file):  1636132 kB
Unevictable:        5588 kB
Mlocked:            5588 kB
SwapTotal:       3145724 kB
SwapFree:        3145724 kB
Dirty:              9020 kB
Writeback:             0 kB
AnonPages:       1763636 kB
Mapped:           989816 kB
Shmem:             35372 kB
KReclaimable:     353500 kB
Slab:             234088 kB
SReclaimable:      78944 kB
SUnreclaim:       155144 kB
KernelStack:       52224 kB
PageTables:        73708 kB
NFS_Unstable:          0 kB
Bounce:                0 kB
WritebackTmp:          0 kB
CommitLimit:     9202292 kB
Committed_AS:   87697392 kB
VmallocTotal:   263061440 kB
VmallocUsed:      109480 kB
VmallocChunk:          0 kB
Percpu:             7680 kB
CmaTotal:         294912 kB
CmaFree:               0 kB
MemTotal:       12113136 kB
MemFree:         6461196 kB
MemAvailable:    7883824 kB
Buffers:            5128 kB
Cached:          1905180 kB
SwapCached:            0 kB
Active:          2010576 kB
Inactive:        1677948 kB
Active(anon):    1786824 kB
Inactive(anon):    33288 kB
Active(file):     223752 kB
Inactive(file):  1644660 kB
Unevictable:        5588 kB
Mlocked:            5588 kB
SwapTotal:       3145724 kB
SwapFree:        3145724 kB
Dirty:             10688 kB
Writeback:             4 kB
AnonPages:       1783764 kB
Mapped:           991400 kB
Shmem:             37324 kB
KReclaimable:     363608 kB
Slab:             234616 kB
SReclaimable:      79224 kB
SUnreclaim:       155392 kB
KernelStack:       52864 kB
PageTables:        73916 kB
NFS_Unstable:          0 kB
Bounce:                0 kB
WritebackTmp:          0 kB
CommitLimit:     9202292 kB
Committed_AS:   87743028 kB
VmallocTotal:   263061440 kB
VmallocUsed:      110168 kB
VmallocChunk:          0 kB
Percpu:             7680 kB
CmaTotal:         294912 kB
CmaFree:               0 kB
MemTotal:       12113136 kB
MemFree:         6445968 kB
MemAvailable:    7881764 kB
Buffers:            5152 kB
Cached:          1918036 kB
SwapCached:            0 kB
Active:          2015372 kB
Inactive:        1687868 kB
Active(anon):    1788708 kB
Inactive(anon):    33336 kB
Active(file):     226664 kB
Inactive(file):  1654532 kB
Unevictable:        5588 kB
Mlocked:            5588 kB
SwapTotal:       3145724 kB
SwapFree:        3145724 kB
Dirty:             10848 kB
Writeback:             0 kB
AnonPages:       1785476 kB
Mapped:           991968 kB
Shmem:             37372 kB
KReclaimable:     364372 kB
Slab:             235456 kB
SReclaimable:      79912 kB
SUnreclaim:       155544 kB
KernelStack:       52912 kB
PageTables:        73888 kB
NFS_Unstable:          0 kB
Bounce:                0 kB
WritebackTmp:          0 kB
CommitLimit:     9202292 kB
Committed_AS:   87732416 kB
VmallocTotal:   263061440 kB
VmallocUsed:      110168 kB
VmallocChunk:          0 kB
Percpu:             7680 kB
CmaTotal:         294912 kB
CmaFree:               0 kB
MemTotal:       12113136 kB
MemFree:         6430016 kB
MemAvailable:    7878636 kB
Buffers:            5152 kB
Cached:          1929764 kB
SwapCached:            0 kB
Active:          2019720 kB
Inactive:        1698392 kB
Active(anon):    1791796 kB
Inactive(anon):    33476 kB
Active(file):     227924 kB
Inactive(file):  1664916 kB
Unevictable:        5588 kB
Mlocked:            5588 kB
SwapTotal:       3145724 kB
SwapFree:        3145724 kB
Dirty:             10880 kB
Writeback:             0 kB
AnonPages:       1788588 kB
Mapped:           991760 kB
Shmem:             37512 kB
KReclaimable:     366732 kB
Slab:             236452 kB
SReclaimable:      80800 kB
SUnreclaim:       155652 kB
KernelStack:       52864 kB
PageTables:        73872 kB
NFS_Unstable:          0 kB
Bounce:                0 kB
WritebackTmp:          0 kB
CommitLimit:     9202292 kB
Committed_AS:   87741032 kB
VmallocTotal:   263061440 kB
VmallocUsed:      110200 kB
VmallocChunk:          0 kB
Percpu:             7680 kB
CmaTotal:         294912 kB
CmaFree:               0 kB
MemTotal:       12113136 kB
MemFree:         6395004 kB
MemAvailable:    7859536 kB
Buffers:            5168 kB
Cached:          1949116 kB
SwapCached:            0 kB
Active:          2040920 kB
Inactive:        1712464 kB
Active(anon):    1807676 kB
Inactive(anon):    33772 kB
Active(file):     233244 kB
Inactive(file):  1678692 kB
Unevictable:        5588 kB
Mlocked:            5588 kB
SwapTotal:       3145724 kB
SwapFree:        3145724 kB
Dirty:             11572 kB
Writeback:             0 kB
AnonPages:       1804720 kB
Mapped:           992724 kB
Shmem:             37808 kB
KReclaimable:     360364 kB
Slab:             236896 kB
SReclaimable:      81120 kB
SUnreclaim:       155776 kB
KernelStack:       52768 kB
PageTables:        74036 kB
NFS_Unstable:          0 kB
Bounce:                0 kB
WritebackTmp:          0 kB
CommitLimit:     9202292 kB
Committed_AS:   87798112 kB
VmallocTotal:   263061440 kB
VmallocUsed:      110120 kB
VmallocChunk:          0 kB
Percpu:             7680 kB
CmaTotal:         294912 kB
CmaFree:               0 kB
MemTotal:       12113136 kB
MemFree:         6390680 kB
MemAvailable:    7869236 kB
Buffers:            5168 kB
Cached:          1960388 kB
SwapCached:            0 kB
Active:          2036168 kB
Inactive:        1719752 kB
Active(anon):    1799252 kB
Inactive(anon):    30828 kB
Active(file):     236916 kB
Inactive(file):  1688924 kB
Unevictable:        5588 kB
Mlocked:            5588 kB
SwapTotal:       3145724 kB
SwapFree:        3145724 kB
Dirty:             12004 kB
Writeback:             0 kB
AnonPages:       1796448 kB
Mapped:           989480 kB
Shmem:             34864 kB
KReclaimable:     360608 kB
Slab:             237348 kB
SReclaimable:      81544 kB
SUnreclaim:       155804 kB
KernelStack:       52560 kB
PageTables:        73768 kB
NFS_Unstable:          0 kB
Bounce:                0 kB
WritebackTmp:          0 kB
CommitLimit:     9202292 kB
Committed_AS:   87739192 kB
VmallocTotal:   263061440 kB
VmallocUsed:      109928 kB
VmallocChunk:          0 kB
Percpu:             7680 kB
CmaTotal:         294912 kB
CmaFree:               0 kB
MemTotal:       12113136 kB
MemFree:         6369676 kB
MemAvailable:    7863436 kB
Buffers:            5224 kB
Cached:          1976184 kB
SwapCached:            0 kB
Active:          2047404 kB
Inactive:        1730604 kB
Active(anon):    1805200 kB
Inactive(anon):    31608 kB
Active(file):     242204 kB
Inactive(file):  1698996 kB
Unevictable:        5588 kB
Mlocked:            5588 kB
SwapTotal:       3145724 kB
SwapFree:        3145724 kB
Dirty:             12508 kB
Writeback:             0 kB
AnonPages:       1802136 kB
Mapped:           989940 kB
Shmem:             35644 kB
KReclaimable:     360296 kB
Slab:             237692 kB
SReclaimable:      81796 kB
SUnreclaim:       155896 kB
KernelStack:       52192 kB
PageTables:        73868 kB
NFS_Unstable:          0 kB
Bounce:                0 kB
WritebackTmp:          0 kB
CommitLimit:     9202292 kB
Committed_AS:   87763224 kB
VmallocTotal:   263061440 kB
VmallocUsed:      109528 kB
VmallocChunk:          0 kB
Percpu:             7680 kB
CmaTotal:         294912 kB
CmaFree:               0 kB
MemTotal:       12113136 kB
MemFree:         6341164 kB
MemAvailable:    7850052 kB
Buffers:            5256 kB
Cached:          1993812 kB
SwapCached:            0 kB
Active:          2062128 kB
Inactive:        1743644 kB
Active(anon):    1815920 kB
Inactive(anon):    33008 kB
Active(file):     246208 kB
Inactive(file):  1710636 kB
Unevictable:        5588 kB
Mlocked:            5588 kB
SwapTotal:       3145724 kB
SwapFree:        3145724 kB
Dirty:             12636 kB
Writeback:             0 kB
AnonPages:       1813044 kB
Mapped:           989988 kB
Shmem:             37044 kB
KReclaimable:     359264 kB
Slab:             237992 kB
SReclaimable:      82072 kB
SUnreclaim:       155920 kB
KernelStack:       52176 kB
PageTables:        73884 kB
NFS_Unstable:          0 kB
Bounce:                0 kB
WritebackTmp:          0 kB
CommitLimit:     9202292 kB
Committed_AS:   87744484 kB
VmallocTotal:   263061440 kB
VmallocUsed:      109496 kB
VmallocChunk:          0 kB
Percpu:             7680 kB
CmaTotal:         294912 kB
CmaFree:               0 kB
MemTotal:       12113136 kB
MemFree:         6316036 kB
MemAvailable:    7826196 kB
Buffers:            5256 kB
Cached:          1995560 kB
SwapCached:            0 kB
Active:          2085304 kB
Inactive:        1745556 kB
Active(anon):    1838620 kB
Inactive(anon):    34208 kB
Active(file):     246684 kB
Inactive(file):  1711348 kB
Unevictable:        5588 kB
Mlocked:            5588 kB
SwapTotal:       3145724 kB
SwapFree:        3145724 kB
Dirty:             13284 kB
Writeback:             0 kB
AnonPages:       1835732 kB
Mapped:           991492 kB
Shmem:             38244 kB
KReclaimable:     359428 kB
Slab:             238184 kB
SReclaimable:      82236 kB
SUnreclaim:       155948 kB
KernelStack:       52096 kB
PageTables:        73856 kB
NFS_Unstable:          0 kB
Bounce:                0 kB
WritebackTmp:          0 kB
CommitLimit:     9202292 kB
Committed_AS:   87794972 kB
VmallocTotal:   263061440 kB
VmallocUsed:      109496 kB
VmallocChunk:          0 kB
Percpu:             7680 kB
CmaTotal:         294912 kB
CmaFree:               0 kB
MemTotal:       12113136 kB
MemFree:         6292580 kB
MemAvailable:    7803396 kB
Buffers:            5256 kB
Cached:          1996972 kB
SwapCached:            0 kB
Active:          2106948 kB
Inactive:        1746772 kB
Active(anon):    1860072 kB
Inactive(anon):    35248 kB
Active(file):     246876 kB
Inactive(file):  1711524 kB
Unevictable:        5588 kB
Mlocked:            5588 kB
SwapTotal:       3145724 kB
SwapFree:        3145724 kB
Dirty:             13680 kB
Writeback:             0 kB
AnonPages:       1857188 kB
Mapped:           992628 kB
Shmem:             39284 kB
KReclaimable:     360008 kB
Slab:             238304 kB
SReclaimable:      82312 kB
SUnreclaim:       155992 kB
KernelStack:       52096 kB
PageTables:        74016 kB
NFS_Unstable:          0 kB
Bounce:                0 kB
WritebackTmp:          0 kB
CommitLimit:     9202292 kB
Committed_AS:   87827324 kB
VmallocTotal:   263061440 kB
VmallocUsed:      109448 kB
VmallocChunk:          0 kB
Percpu:             7680 kB
CmaTotal:         294912 kB
CmaFree:               0 kB
MemTotal:       12113136 kB
MemFree:         6270844 kB
MemAvailable:    7783812 kB
Buffers:            5256 kB
Cached:          1999072 kB
SwapCached:            0 kB
Active:          2125552 kB
Inactive:        1748672 kB
Active(anon):    1878472 kB
Inactive(anon):    36340 kB
Active(file):     247080 kB
Inactive(file):  1712332 kB
Unevictable:        5588 kB
Mlocked:            5588 kB
SwapTotal:       3145724 kB
SwapFree:        3145724 kB
Dirty:             14708 kB
Writeback:            12 kB
AnonPages:       1875516 kB
Mapped:           995824 kB
Shmem:             40376 kB
KReclaimable:     362284 kB
Slab:             238588 kB
SReclaimable:      82432 kB
SUnreclaim:       156156 kB
KernelStack:       52080 kB
PageTables:        74108 kB
NFS_Unstable:          0 kB
Bounce:                0 kB
WritebackTmp:          0 kB
CommitLimit:     9202292 kB
Committed_AS:   87850352 kB
VmallocTotal:   263061440 kB
VmallocUsed:      109464 kB
VmallocChunk:          0 kB
Percpu:             7680 kB
CmaTotal:         294912 kB
CmaFree:               0 kB
MemTotal:       12113136 kB
MemFree:         6267416 kB
MemAvailable:    7780596 kB
Buffers:            5256 kB
Cached:          1999484 kB
SwapCached:            0 kB
Active:          2128564 kB
Inactive:        1749036 kB
Active(anon):    1881436 kB
Inactive(anon):    36560 kB
Active(file):     247128 kB
Inactive(file):  1712476 kB
Unevictable:        5588 kB
Mlocked:            5588 kB
SwapTotal:       3145724 kB
SwapFree:        3145724 kB
Dirty:             14892 kB
Writeback:             0 kB
AnonPages:       1878356 kB
Mapped:           995560 kB
Shmem:             40596 kB
KReclaimable:     362328 kB
Slab:             238640 kB
SReclaimable:      82472 kB
SUnreclaim:       156168 kB
KernelStack:       52128 kB
PageTables:        74216 kB
NFS_Unstable:          0 kB
Bounce:                0 kB
WritebackTmp:          0 kB
CommitLimit:     9202292 kB
Committed_AS:   87859332 kB
VmallocTotal:   263061440 kB
VmallocUsed:      109464 kB
VmallocChunk:          0 kB
Percpu:             7680 kB
CmaTotal:         294912 kB
CmaFree:               0 kB
MemTotal:       12113136 kB
MemFree:         6272380 kB
MemAvailable:    7786452 kB
Buffers:            5256 kB
Cached:          2000108 kB
SwapCached:            0 kB
Active:          2124660 kB
Inactive:        1747812 kB
Active(anon):    1875692 kB
Inactive(anon):    36948 kB
Active(file):     248968 kB
Inactive(file):  1710864 kB
Unevictable:        5588 kB
Mlocked:            5588 kB
SwapTotal:       3145724 kB
SwapFree:        3145724 kB
Dirty:              2808 kB
Writeback:             0 kB
AnonPages:       1872732 kB
Mapped:           989548 kB
Shmem:             40992 kB
KReclaimable:     363652 kB
Slab:             238160 kB
SReclaimable:      82576 kB
SUnreclaim:       155584 kB
KernelStack:       51488 kB
PageTables:        72780 kB
NFS_Unstable:          0 kB
Bounce:                0 kB
WritebackTmp:          0 kB
CommitLimit:     9202292 kB
Committed_AS:   85250536 kB
VmallocTotal:   263061440 kB
VmallocUsed:      108888 kB
VmallocChunk:          0 kB
Percpu:             7680 kB
CmaTotal:         294912 kB
CmaFree:               0 kB
MemTotal:       12113136 kB
MemFree:         6270140 kB
MemAvailable:    7784120 kB
Buffers:            5256 kB
Cached:          2000900 kB
SwapCached:            0 kB
Active:          2127556 kB
Inactive:        1748476 kB
Active(anon):    1878456 kB
Inactive(anon):    37632 kB
Active(file):     249100 kB
Inactive(file):  1710844 kB
Unevictable:        5588 kB
Mlocked:            5588 kB
SwapTotal:       3145724 kB
SwapFree:        3145724 kB
Dirty:              3260 kB
Writeback:             0 kB
AnonPages:       1875316 kB
Mapped:           989420 kB
Shmem:             41672 kB
KReclaimable:     363244 kB
Slab:             238144 kB
SReclaimable:      82560 kB
SUnreclaim:       155584 kB
KernelStack:       51504 kB
PageTables:        72780 kB
NFS_Unstable:          0 kB
Bounce:                0 kB
WritebackTmp:          0 kB
CommitLimit:     9202292 kB
Committed_AS:   85265112 kB
VmallocTotal:   263061440 kB
VmallocUsed:      108856 kB
VmallocChunk:          0 kB
Percpu:             7680 kB
CmaTotal:         294912 kB
CmaFree:               0 kB
MemTotal:       12113136 kB
MemFree:         6256292 kB
MemAvailable:    7769176 kB
Buffers:            5256 kB
Cached:          1999996 kB
SwapCached:            0 kB
Active:          2142388 kB
Inactive:        1747416 kB
Active(anon):    1893132 kB
Inactive(anon):    36400 kB
Active(file):     249256 kB
Inactive(file):  1711016 kB
Unevictable:        5588 kB
Mlocked:            5588 kB
SwapTotal:       3145724 kB
SwapFree:        3145724 kB
Dirty:              3704 kB
Writeback:             4 kB
AnonPages:       1889800 kB
Mapped:           989972 kB
Shmem:             40440 kB
KReclaimable:     360400 kB
Slab:             238188 kB
SReclaimable:      82568 kB
SUnreclaim:       155620 kB
KernelStack:       51756 kB
PageTables:        73656 kB
NFS_Unstable:          0 kB
Bounce:                0 kB
WritebackTmp:          0 kB
CommitLimit:     9202292 kB
Committed_AS:   86553468 kB
VmallocTotal:   263061440 kB
VmallocUsed:      109176 kB
VmallocChunk:          0 kB
Percpu:             7680 kB
CmaTotal:         294912 kB
CmaFree:              20 kB
MemTotal:       12113136 kB
MemFree:         6451872 kB
MemAvailable:    7964800 kB
Buffers:            5256 kB
Cached:          2001296 kB
SwapCached:            0 kB
Active:          1945508 kB
Inactive:        1748048 kB
Active(anon):    1695564 kB
Inactive(anon):    35496 kB
Active(file):     249944 kB
Inactive(file):  1712552 kB
Unevictable:        5588 kB
Mlocked:            5588 kB
SwapTotal:       3145724 kB
SwapFree:        3145724 kB
Dirty:              6232 kB
Writeback:             0 kB
AnonPages:       1692556 kB
Mapped:           985920 kB
Shmem:             39516 kB
KReclaimable:     356036 kB
Slab:             238140 kB
SReclaimable:      82712 kB
SUnreclaim:       155428 kB
KernelStack:       51516 kB
PageTables:        72180 kB
NFS_Unstable:          0 kB
Bounce:                0 kB
WritebackTmp:          0 kB
CommitLimit:     9202292 kB
Committed_AS:   85034456 kB
VmallocTotal:   263061440 kB
VmallocUsed:      108824 kB
VmallocChunk:          0 kB
Percpu:             7680 kB
CmaTotal:         294912 kB
CmaFree:               0 kB
MemTotal:       12113136 kB
MemFree:         6429776 kB
MemAvailable:    7942888 kB
Buffers:            5260 kB
Cached:          2001980 kB
SwapCached:            0 kB
Active:          1967832 kB
Inactive:        1748036 kB
Active(anon):    1717856 kB
Inactive(anon):    35108 kB
Active(file):     249976 kB
Inactive(file):  1712928 kB
Unevictable:        5588 kB
Mlocked:            5588 kB
SwapTotal:       3145724 kB
SwapFree:        3145724 kB
Dirty:              3548 kB
Writeback:             0 kB
AnonPages:       1714808 kB
Mapped:           986888 kB
Shmem:             39148 kB
KReclaimable:     355588 kB
Slab:             238076 kB
SReclaimable:      82708 kB
SUnreclaim:       155368 kB
KernelStack:       51520 kB
PageTables:        72104 kB
NFS_Unstable:          0 kB
Bounce:                0 kB
WritebackTmp:          0 kB
CommitLimit:     9202292 kB
Committed_AS:   85041268 kB
VmallocTotal:   263061440 kB
VmallocUsed:      108824 kB
VmallocChunk:          0 kB
Percpu:             7680 kB
CmaTotal:         294912 kB
CmaFree:               0 kB
MemTotal:       12113136 kB
MemFree:         6363056 kB
MemAvailable:    7878596 kB
Buffers:            5260 kB
Cached:          2011600 kB
SwapCached:            0 kB
Active:          2014176 kB
Inactive:        1757584 kB
Active(anon):    1763480 kB
Inactive(anon):    41416 kB
Active(file):     250696 kB
Inactive(file):  1716168 kB
Unevictable:        5588 kB
Mlocked:            5588 kB
SwapTotal:       3145724 kB
SwapFree:        3145724 kB
Dirty:              7580 kB
Writeback:             0 kB
AnonPages:       1760796 kB
Mapped:           995208 kB
Shmem:             45456 kB
KReclaimable:     352528 kB
Slab:             238596 kB
SReclaimable:      82896 kB
SUnreclaim:       155700 kB
KernelStack:       51920 kB
PageTables:        73452 kB
NFS_Unstable:          0 kB
Bounce:                0 kB
WritebackTmp:          0 kB
CommitLimit:     9202292 kB
Committed_AS:   86460696 kB
VmallocTotal:   263061440 kB
VmallocUsed:      109176 kB
VmallocChunk:          0 kB
Percpu:             7680 kB
CmaTotal:         294912 kB
CmaFree:               0 kB
MemTotal:       12113136 kB
MemFree:         6397544 kB
MemAvailable:    7925624 kB
Buffers:            5260 kB
Cached:          2001412 kB
SwapCached:            0 kB
Active:          2025068 kB
Inactive:        1705796 kB
Active(anon):    1732964 kB
Inactive(anon):    30152 kB
Active(file):     292104 kB
Inactive(file):  1675644 kB
Unevictable:        5588 kB
Mlocked:            5588 kB
SwapTotal:       3145724 kB
SwapFree:        3145724 kB
Dirty:              7892 kB
Writeback:             4 kB
AnonPages:       1729636 kB
Mapped:           980844 kB
Shmem:             34384 kB
KReclaimable:     375840 kB
Slab:             238688 kB
SReclaimable:      82948 kB
SUnreclaim:       155740 kB
KernelStack:       51600 kB
PageTables:        72384 kB
NFS_Unstable:          0 kB
Bounce:                0 kB
WritebackTmp:          0 kB
CommitLimit:     9202292 kB
Committed_AS:   85030028 kB
VmallocTotal:   263061440 kB
VmallocUsed:      108920 kB
VmallocChunk:          0 kB
Percpu:             7680 kB
CmaTotal:         294912 kB
CmaFree:               0 kB
MemTotal:       12113136 kB
MemFree:         6378552 kB
MemAvailable:    7908100 kB
Buffers:            5260 kB
Cached:          2004456 kB
SwapCached:            0 kB
Active:          2042532 kB
Inactive:        1708476 kB
Active(anon):    1749980 kB
Inactive(anon):    31480 kB
Active(file):     292552 kB
Inactive(file):  1676996 kB
Unevictable:        5588 kB
Mlocked:            5588 kB
SwapTotal:       3145724 kB
SwapFree:        3145724 kB
Dirty:              9864 kB
Writeback:             0 kB
AnonPages:       1746880 kB
Mapped:           983900 kB
Shmem:             35628 kB
KReclaimable:     375172 kB
Slab:             238636 kB
SReclaimable:      82928 kB
SUnreclaim:       155708 kB
KernelStack:       51568 kB
PageTables:        72264 kB
NFS_Unstable:          0 kB
Bounce:                0 kB
WritebackTmp:          0 kB
CommitLimit:     9202292 kB
Committed_AS:   85066212 kB
VmallocTotal:   263061440 kB
VmallocUsed:      108936 kB
VmallocChunk:          0 kB
Percpu:             7680 kB
CmaTotal:         294912 kB
CmaFree:               0 kB
MemTotal:       12113136 kB
MemFree:         6358100 kB
MemAvailable:    7888652 kB
Buffers:            5260 kB
Cached:          2006524 kB
SwapCached:            0 kB
Active:          2061768 kB
Inactive:        1710220 kB
Active(anon):    1768892 kB
Inactive(anon):    32844 kB
Active(file):     292876 kB
Inactive(file):  1677376 kB
Unevictable:        5588 kB
Mlocked:            5588 kB
SwapTotal:       3145724 kB
SwapFree:        3145724 kB
Dirty:             10668 kB
Writeback:             0 kB
AnonPages:       1765696 kB
Mapped:           985080 kB
Shmem:             36992 kB
KReclaimable:     375776 kB
Slab:             238704 kB
SReclaimable:      82996 kB
SUnreclaim:       155708 kB
KernelStack:       51616 kB
PageTables:        72384 kB
NFS_Unstable:          0 kB
Bounce:                0 kB
WritebackTmp:          0 kB
CommitLimit:     9202292 kB
Committed_AS:   85111216 kB
VmallocTotal:   263061440 kB
VmallocUsed:      108952 kB
VmallocChunk:          0 kB
Percpu:             7680 kB
CmaTotal:         294912 kB
CmaFree:               0 kB
MemTotal:       12113136 kB
MemFree:         6341004 kB
MemAvailable:    7868664 kB
Buffers:            5260 kB
Cached:          2010600 kB
SwapCached:            0 kB
Active:          2073856 kB
Inactive:        1714112 kB
Active(anon):    1780800 kB
Inactive(anon):    36188 kB
Active(file):     293056 kB
Inactive(file):  1677924 kB
Unevictable:        5588 kB
Mlocked:            5588 kB
SwapTotal:       3145724 kB
SwapFree:        3145724 kB
Dirty:             11504 kB
Writeback:            12 kB
AnonPages:       1777668 kB
Mapped:           989480 kB
Shmem:             40336 kB
KReclaimable:     368532 kB
Slab:             238752 kB
SReclaimable:      83044 kB
SUnreclaim:       155708 kB
KernelStack:       51568 kB
PageTables:        72404 kB
NFS_Unstable:          0 kB
Bounce:                0 kB
WritebackTmp:          0 kB
CommitLimit:     9202292 kB
Committed_AS:   85117980 kB
VmallocTotal:   263061440 kB
VmallocUsed:      108904 kB
VmallocChunk:          0 kB
Percpu:             7680 kB
CmaTotal:         294912 kB
CmaFree:               0 kB
MemTotal:       12113136 kB
MemFree:         6339244 kB
MemAvailable:    7868908 kB
Buffers:            5260 kB
Cached:          2010656 kB
SwapCached:            0 kB
Active:          2075188 kB
Inactive:        1714156 kB
Active(anon):    1782120 kB
Inactive(anon):    36176 kB
Active(file):     293068 kB
Inactive(file):  1677980 kB
Unevictable:        5588 kB
Mlocked:            5588 kB
SwapTotal:       3145724 kB
SwapFree:        3145724 kB
Dirty:             11572 kB
Writeback:             0 kB
AnonPages:       1779156 kB
Mapped:           988400 kB
Shmem:             40328 kB
KReclaimable:     372408 kB
Slab:             238756 kB
SReclaimable:      83044 kB
SUnreclaim:       155712 kB
KernelStack:       51584 kB
PageTables:        72520 kB
NFS_Unstable:          0 kB
Bounce:                0 kB
WritebackTmp:          0 kB
CommitLimit:     9202292 kB
Committed_AS:   85140188 kB
VmallocTotal:   263061440 kB
VmallocUsed:      108936 kB
VmallocChunk:          0 kB
Percpu:             7680 kB
CmaTotal:         294912 kB
CmaFree:               4 kB
MemTotal:       12113136 kB
MemFree:         6346116 kB
MemAvailable:    7876384 kB
Buffers:            5260 kB
Cached:          2005804 kB
SwapCached:            0 kB
Active:          2072900 kB
Inactive:        1709172 kB
Active(anon):    1779696 kB
Inactive(anon):    31024 kB
Active(file):     293204 kB
Inactive(file):  1678148 kB
Unevictable:        5588 kB
Mlocked:            5588 kB
SwapTotal:       3145724 kB
SwapFree:        3145724 kB
Dirty:             12096 kB
Writeback:             0 kB
AnonPages:       1776728 kB
Mapped:           983916 kB
Shmem:             35172 kB
KReclaimable:     373004 kB
Slab:             238820 kB
SReclaimable:      83096 kB
SUnreclaim:       155724 kB
KernelStack:       51552 kB
PageTables:        72312 kB
NFS_Unstable:          0 kB
Bounce:                0 kB
WritebackTmp:          0 kB
CommitLimit:     9202292 kB
Committed_AS:   85021464 kB
VmallocTotal:   263061440 kB
VmallocUsed:      108904 kB
VmallocChunk:          0 kB
Percpu:             7680 kB
CmaTotal:         294912 kB
CmaFree:               0 kB
MemTotal:       12113136 kB
MemFree:         6348056 kB
MemAvailable:    7880900 kB
Buffers:            5260 kB
Cached:          2005800 kB
SwapCached:            0 kB
Active:          2072124 kB
Inactive:        1709164 kB
Active(anon):    1778920 kB
Inactive(anon):    31000 kB
Active(file):     293204 kB
Inactive(file):  1678164 kB
Unevictable:        5588 kB
Mlocked:            5588 kB
SwapTotal:       3145724 kB
SwapFree:        3145724 kB
Dirty:             12140 kB
Writeback:             0 kB
AnonPages:       1775748 kB
Mapped:           984872 kB
Shmem:             35152 kB
KReclaimable:     378124 kB
Slab:             238824 kB
SReclaimable:      83096 kB
SUnreclaim:       155728 kB
KernelStack:       51536 kB
PageTables:        72504 kB
NFS_Unstable:          0 kB
Bounce:                0 kB
WritebackTmp:          0 kB
CommitLimit:     9202292 kB
Committed_AS:   85018012 kB
VmallocTotal:   263061440 kB
VmallocUsed:      108904 kB
VmallocChunk:          0 kB
Percpu:             7680 kB
CmaTotal:         294912 kB
CmaFree:               8 kB
MemTotal:       12113136 kB
MemFree:         6333508 kB
MemAvailable:    7866280 kB
Buffers:            5260 kB
Cached:          2008180 kB
SwapCached:            0 kB
Active:          2083884 kB
Inactive:        1711304 kB
Active(anon):    1790436 kB
Inactive(anon):    32772 kB
Active(file):     293448 kB
Inactive(file):  1678532 kB
Unevictable:        5588 kB
Mlocked:            5588 kB
SwapTotal:       3145724 kB
SwapFree:        3145724 kB
Dirty:             12788 kB
Writeback:             0 kB
AnonPages:       1787332 kB
Mapped:           986604 kB
Shmem:             36920 kB
KReclaimable:     376760 kB
Slab:             238896 kB
SReclaimable:      83164 kB
SUnreclaim:       155732 kB
KernelStack:       51488 kB
PageTables:        72408 kB
NFS_Unstable:          0 kB
Bounce:                0 kB
WritebackTmp:          0 kB
CommitLimit:     9202292 kB
Committed_AS:   85061224 kB
VmallocTotal:   263061440 kB
VmallocUsed:      108872 kB
VmallocChunk:          0 kB
Percpu:             7680 kB
CmaTotal:         294912 kB
CmaFree:               0 kB
MemTotal:       12113136 kB
MemFree:         6316552 kB
MemAvailable:    7851628 kB
Buffers:            5260 kB
Cached:          2008264 kB
SwapCached:            0 kB
Active:          2103408 kB
Inactive:        1711380 kB
Active(anon):    1809952 kB
Inactive(anon):    32792 kB
Active(file):     293456 kB
Inactive(file):  1678588 kB
Unevictable:        5588 kB
Mlocked:            5588 kB
SwapTotal:       3145724 kB
SwapFree:        3145724 kB
Dirty:             12856 kB
Writeback:             0 kB
AnonPages:       1806908 kB
Mapped:           986632 kB
Shmem:             36940 kB
KReclaimable:     381240 kB
Slab:             238896 kB
SReclaimable:      83164 kB
SUnreclaim:       155732 kB
KernelStack:       51504 kB
PageTables:        72536 kB
NFS_Unstable:          0 kB
Bounce:                0 kB
WritebackTmp:          0 kB
CommitLimit:     9202292 kB
Committed_AS:   85063140 kB
VmallocTotal:   263061440 kB
VmallocUsed:      108856 kB
VmallocChunk:          0 kB
Percpu:             7680 kB
CmaTotal:         294912 kB
CmaFree:               0 kB
MemTotal:       12113136 kB
MemFree:         6304224 kB
MemAvailable:    7844636 kB
Buffers:            5260 kB
Cached:          2008296 kB
SwapCached:            0 kB
Active:          2112576 kB
Inactive:        1711396 kB
Active(anon):    1819104 kB
Inactive(anon):    32776 kB
Active(file):     293472 kB
Inactive(file):  1678620 kB
Unevictable:        5588 kB
Mlocked:            5588 kB
SwapTotal:       3145724 kB
SwapFree:        3145724 kB
Dirty:             12932 kB
Writeback:             0 kB
AnonPages:       1816108 kB
Mapped:           985724 kB
Shmem:             36924 kB
KReclaimable:     391812 kB
Slab:             238892 kB
SReclaimable:      83188 kB
SUnreclaim:       155704 kB
KernelStack:       51456 kB
PageTables:        72456 kB
NFS_Unstable:          0 kB
Bounce:                0 kB
WritebackTmp:          0 kB
CommitLimit:     9202292 kB
Committed_AS:   85068796 kB
VmallocTotal:   263061440 kB
VmallocUsed:      108808 kB
VmallocChunk:          0 kB
Percpu:             7680 kB
CmaTotal:         294912 kB
CmaFree:               0 kB
MemTotal:       12113136 kB
MemFree:         6303096 kB
MemAvailable:    7843172 kB
Buffers:            5260 kB
Cached:          2008052 kB
SwapCached:            0 kB
Active:          2113656 kB
Inactive:        1711152 kB
Active(anon):    1820184 kB
Inactive(anon):    32516 kB
Active(file):     293472 kB
Inactive(file):  1678636 kB
Unevictable:        5588 kB
Mlocked:            5588 kB
SwapTotal:       3145724 kB
SwapFree:        3145724 kB
Dirty:             12964 kB
Writeback:             0 kB
AnonPages:       1817280 kB
Mapped:           985944 kB
Shmem:             36664 kB
KReclaimable:     391108 kB
Slab:             238708 kB
SReclaimable:      83196 kB
SUnreclaim:       155512 kB
KernelStack:       51488 kB
PageTables:        72572 kB
NFS_Unstable:          0 kB
Bounce:                0 kB
WritebackTmp:          0 kB
CommitLimit:     9202292 kB
Committed_AS:   85063356 kB
VmallocTotal:   263061440 kB
VmallocUsed:      108776 kB
VmallocChunk:          0 kB
Percpu:             7680 kB
CmaTotal:         294912 kB
CmaFree:               0 kB
MemTotal:       12113136 kB
MemFree:         6301332 kB
MemAvailable:    7841420 kB
Buffers:            5260 kB
Cached:          2008096 kB
SwapCached:            0 kB
Active:          2116440 kB
Inactive:        1711196 kB
Active(anon):    1822968 kB
Inactive(anon):    32552 kB
Active(file):     293472 kB
Inactive(file):  1678644 kB
Unevictable:        5588 kB
Mlocked:            5588 kB
SwapTotal:       3145724 kB
SwapFree:        3145724 kB
Dirty:             12984 kB
Writeback:             0 kB
AnonPages:       1819972 kB
Mapped:           986360 kB
Shmem:             36700 kB
KReclaimable:     391116 kB
Slab:             238908 kB
SReclaimable:      83204 kB
SUnreclaim:       155704 kB
KernelStack:       51344 kB
PageTables:        72452 kB
NFS_Unstable:          0 kB
Bounce:                0 kB
WritebackTmp:          0 kB
CommitLimit:     9202292 kB
Committed_AS:   85066196 kB
VmallocTotal:   263061440 kB
VmallocUsed:      108728 kB
VmallocChunk:          0 kB
Percpu:             7680 kB
CmaTotal:         294912 kB
CmaFree:               0 kB
MemTotal:       12113136 kB
MemFree:         6299636 kB
MemAvailable:    7840316 kB
Buffers:            5268 kB
Cached:          2008820 kB
SwapCached:            0 kB
Active:          2115984 kB
Inactive:        1711928 kB
Active(anon):    1822512 kB
Inactive(anon):    32592 kB
Active(file):     293472 kB
Inactive(file):  1679336 kB
Unevictable:        5588 kB
Mlocked:            5588 kB
SwapTotal:       3145724 kB
SwapFree:        3145724 kB
Dirty:             13736 kB
Writeback:             0 kB
AnonPages:       1818968 kB
Mapped:           986468 kB
Shmem:             36740 kB
KReclaimable:     390916 kB
Slab:             238900 kB
SReclaimable:      83196 kB
SUnreclaim:       155704 kB
KernelStack:       51360 kB
PageTables:        72456 kB
NFS_Unstable:          0 kB
Bounce:                0 kB
WritebackTmp:          0 kB
CommitLimit:     9202292 kB
Committed_AS:   85065932 kB
VmallocTotal:   263061440 kB
VmallocUsed:      108712 kB
VmallocChunk:          0 kB
Percpu:             7680 kB
CmaTotal:         294912 kB
CmaFree:               0 kB
MemTotal:       12113136 kB
MemFree:         6298640 kB
MemAvailable:    7838696 kB
Buffers:            5268 kB
Cached:          2008840 kB
SwapCached:            0 kB
Active:          2118404 kB
Inactive:        1711928 kB
Active(anon):    1824912 kB
Inactive(anon):    32556 kB
Active(file):     293492 kB
Inactive(file):  1679372 kB
Unevictable:        5588 kB
Mlocked:            5588 kB
SwapTotal:       3145724 kB
SwapFree:        3145724 kB
Dirty:             13740 kB
Writeback:             0 kB
AnonPages:       1821980 kB
Mapped:           986624 kB
Shmem:             36704 kB
KReclaimable:     389556 kB
Slab:             238900 kB
SReclaimable:      83196 kB
SUnreclaim:       155704 kB
KernelStack:       51376 kB
PageTables:        72588 kB
NFS_Unstable:          0 kB
Bounce:                0 kB
WritebackTmp:          0 kB
CommitLimit:     9202292 kB
Committed_AS:   85067048 kB
VmallocTotal:   263061440 kB
VmallocUsed:      108664 kB
VmallocChunk:          0 kB
Percpu:             7680 kB
CmaTotal:         294912 kB
CmaFree:               0 kB
MemTotal:       12113136 kB
MemFree:         6297428 kB
MemAvailable:    7838028 kB
Buffers:            5268 kB
Cached:          2008860 kB
SwapCached:            0 kB
Active:          2119008 kB
Inactive:        1711948 kB
Active(anon):    1825516 kB
Inactive(anon):    32560 kB
Active(file):     293492 kB
Inactive(file):  1679388 kB
Unevictable:        5588 kB
Mlocked:            5588 kB
SwapTotal:       3145724 kB
SwapFree:        3145724 kB
Dirty:             13756 kB
Writeback:             0 kB
AnonPages:       1822452 kB
Mapped:           986576 kB
Shmem:             36708 kB
KReclaimable:     390612 kB
Slab:             238900 kB
SReclaimable:      83196 kB
SUnreclaim:       155704 kB
KernelStack:       51248 kB
PageTables:        72504 kB
NFS_Unstable:          0 kB
Bounce:                0 kB
WritebackTmp:          0 kB
CommitLimit:     9202292 kB
Committed_AS:   85071160 kB
VmallocTotal:   263061440 kB
VmallocUsed:      108552 kB
VmallocChunk:          0 kB
Percpu:             7680 kB
CmaTotal:         294912 kB
CmaFree:               0 kB
MemTotal:       12113136 kB
MemFree:         6295964 kB
MemAvailable:    7836680 kB
Buffers:            5268 kB
Cached:          2008896 kB
SwapCached:            0 kB
Active:          2120068 kB
Inactive:        1711984 kB
Active(anon):    1826576 kB
Inactive(anon):    32560 kB
Active(file):     293492 kB
Inactive(file):  1679424 kB
Unevictable:        5588 kB
Mlocked:            5588 kB
SwapTotal:       3145724 kB
SwapFree:        3145724 kB
Dirty:             13780 kB
Writeback:             0 kB
AnonPages:       1823540 kB
Mapped:           986692 kB
Shmem:             36708 kB
KReclaimable:     390772 kB
Slab:             238916 kB
SReclaimable:      83196 kB
SUnreclaim:       155720 kB
KernelStack:       51216 kB
PageTables:        72588 kB
NFS_Unstable:          0 kB
Bounce:                0 kB
WritebackTmp:          0 kB
CommitLimit:     9202292 kB
Committed_AS:   85072340 kB
VmallocTotal:   263061440 kB
VmallocUsed:      108536 kB
VmallocChunk:          0 kB
Percpu:             7680 kB
CmaTotal:         294912 kB
CmaFree:               0 kB
MemTotal:       12113136 kB
MemFree:         6295424 kB
MemAvailable:    7836156 kB
Buffers:            5268 kB
Cached:          2008912 kB
SwapCached:            0 kB
Active:          2120676 kB
Inactive:        1712000 kB
Active(anon):    1827184 kB
Inactive(anon):    32560 kB
Active(file):     293492 kB
Inactive(file):  1679440 kB
Unevictable:        5588 kB
Mlocked:            5588 kB
SwapTotal:       3145724 kB
SwapFree:        3145724 kB
Dirty:             13796 kB
Writeback:             0 kB
AnonPages:       1823856 kB
Mapped:           986760 kB
Shmem:             36708 kB
KReclaimable:     390772 kB
Slab:             238916 kB
SReclaimable:      83196 kB
SUnreclaim:       155720 kB
KernelStack:       51200 kB
PageTables:        72448 kB
NFS_Unstable:          0 kB
Bounce:                0 kB
WritebackTmp:          0 kB
CommitLimit:     9202292 kB
Committed_AS:   85067288 kB
VmallocTotal:   263061440 kB
VmallocUsed:      108520 kB
VmallocChunk:          0 kB
Percpu:             7680 kB
CmaTotal:         294912 kB
CmaFree:               0 kB
MemTotal:       12113136 kB
MemFree:         6295568 kB
MemAvailable:    7836312 kB
Buffers:            5268 kB
Cached:          2008924 kB
SwapCached:            0 kB
Active:          2120808 kB
Inactive:        1712012 kB
Active(anon):    1827316 kB
Inactive(anon):    32560 kB
Active(file):     293492 kB
Inactive(file):  1679452 kB
Unevictable:        5588 kB
Mlocked:            5588 kB
SwapTotal:       3145724 kB
SwapFree:        3145724 kB
Dirty:             13832 kB
Writeback:             0 kB
AnonPages:       1824100 kB
Mapped:           986780 kB
Shmem:             36708 kB
KReclaimable:     390772 kB
Slab:             238916 kB
SReclaimable:      83196 kB
SUnreclaim:       155720 kB
KernelStack:       51200 kB
PageTables:        72568 kB
NFS_Unstable:          0 kB
Bounce:                0 kB
WritebackTmp:          0 kB
CommitLimit:     9202292 kB
Committed_AS:   85058236 kB
VmallocTotal:   263061440 kB
VmallocUsed:      108504 kB
VmallocChunk:          0 kB
Percpu:             7680 kB
CmaTotal:         294912 kB
CmaFree:               0 kB
MemTotal:       12113136 kB
MemFree:         6314780 kB
MemAvailable:    7856456 kB
Buffers:            5268 kB
Cached:          2005404 kB
SwapCached:            0 kB
Active:          2105460 kB
Inactive:        1708492 kB
Active(anon):    1811968 kB
Inactive(anon):    29032 kB
Active(file):     293492 kB
Inactive(file):  1679460 kB
Unevictable:        5588 kB
Mlocked:            5588 kB
SwapTotal:       3145724 kB
SwapFree:        3145724 kB
Dirty:             13852 kB
Writeback:             4 kB
AnonPages:       1809052 kB
Mapped:           983040 kB
Shmem:             33180 kB
KReclaimable:     392620 kB
Slab:             238916 kB
SReclaimable:      83196 kB
SUnreclaim:       155720 kB
KernelStack:       51200 kB
PageTables:        72452 kB
NFS_Unstable:          0 kB
Bounce:                0 kB
WritebackTmp:          0 kB
CommitLimit:     9202292 kB
Committed_AS:   85050884 kB
VmallocTotal:   263061440 kB
VmallocUsed:      108520 kB
VmallocChunk:          0 kB
Percpu:             7680 kB
CmaTotal:         294912 kB
CmaFree:               0 kB
MemTotal:       12113136 kB
MemFree:         6350348 kB
MemAvailable:    7892076 kB
Buffers:            5268 kB
Cached:          2005420 kB
SwapCached:            0 kB
Active:          2069584 kB
Inactive:        1708508 kB
Active(anon):    1776092 kB
Inactive(anon):    29040 kB
Active(file):     293492 kB
Inactive(file):  1679468 kB
Unevictable:        5588 kB
Mlocked:            5588 kB
SwapTotal:       3145724 kB
SwapFree:        3145724 kB
Dirty:              1968 kB
Writeback:             0 kB
AnonPages:       1773084 kB
Mapped:           983056 kB
Shmem:             33188 kB
KReclaimable:     392708 kB
Slab:             238924 kB
SReclaimable:      83196 kB
SUnreclaim:       155728 kB
KernelStack:       51200 kB
PageTables:        72344 kB
NFS_Unstable:          0 kB
Bounce:                0 kB
WritebackTmp:          0 kB
CommitLimit:     9202292 kB
Committed_AS:   85049480 kB
VmallocTotal:   263061440 kB
VmallocUsed:      108520 kB
VmallocChunk:          0 kB
Percpu:             7680 kB
CmaTotal:         294912 kB
CmaFree:             148 kB
MemTotal:       12113136 kB
MemFree:         6350096 kB
MemAvailable:    7891860 kB
Buffers:            5268 kB
Cached:          2005476 kB
SwapCached:            0 kB
Active:          2071216 kB
Inactive:        1708564 kB
Active(anon):    1777724 kB
Inactive(anon):    29056 kB
Active(file):     293492 kB
Inactive(file):  1679508 kB
Unevictable:        5588 kB
Mlocked:            5588 kB
SwapTotal:       3145724 kB
SwapFree:        3145724 kB
Dirty:              1896 kB
Writeback:             0 kB
AnonPages:       1774688 kB
Mapped:           983120 kB
Shmem:             33204 kB
KReclaimable:     392704 kB
Slab:             238932 kB
SReclaimable:      83208 kB
SUnreclaim:       155724 kB
KernelStack:       51184 kB
PageTables:        72512 kB
NFS_Unstable:          0 kB
Bounce:                0 kB
WritebackTmp:          0 kB
CommitLimit:     9202292 kB
Committed_AS:   85052336 kB
VmallocTotal:   263061440 kB
VmallocUsed:      108520 kB
VmallocChunk:          0 kB
Percpu:             7680 kB
CmaTotal:         294912 kB
CmaFree:               0 kB
MemTotal:       12113136 kB
MemFree:         6351668 kB
MemAvailable:    7894540 kB
Buffers:            5268 kB
Cached:          2005456 kB
SwapCached:            0 kB
Active:          2068336 kB
Inactive:        1708592 kB
Active(anon):    1774844 kB
Inactive(anon):    29076 kB
Active(file):     293492 kB
Inactive(file):  1679516 kB
Unevictable:        5588 kB
Mlocked:            5588 kB
SwapTotal:       3145724 kB
SwapFree:        3145724 kB
Dirty:              1972 kB
Writeback:             0 kB
AnonPages:       1771592 kB
Mapped:           982944 kB
Shmem:             33176 kB
KReclaimable:     394900 kB
Slab:             238932 kB
SReclaimable:      83208 kB
SUnreclaim:       155724 kB
KernelStack:       51200 kB
PageTables:        72672 kB
NFS_Unstable:          0 kB
Bounce:                0 kB
WritebackTmp:          0 kB
CommitLimit:     9202292 kB
Committed_AS:   85066360 kB
VmallocTotal:   263061440 kB
VmallocUsed:      108536 kB
VmallocChunk:          0 kB
Percpu:             7680 kB
CmaTotal:         294912 kB
CmaFree:              40 kB
MemTotal:       12113136 kB
MemFree:         6352564 kB
MemAvailable:    7895472 kB
Buffers:            5268 kB
Cached:          2005488 kB
SwapCached:            0 kB
Active:          2069804 kB
Inactive:        1708624 kB
Active(anon):    1776312 kB
Inactive(anon):    29080 kB
Active(file):     293492 kB
Inactive(file):  1679544 kB
Unevictable:        5588 kB
Mlocked:            5588 kB
SwapTotal:       3145724 kB
SwapFree:        3145724 kB
Dirty:              2016 kB
Writeback:             0 kB
AnonPages:       1773288 kB
Mapped:           983016 kB
Shmem:             33180 kB
KReclaimable:     394920 kB
Slab:             238932 kB
SReclaimable:      83208 kB
SUnreclaim:       155724 kB
KernelStack:       51164 kB
PageTables:        72236 kB
NFS_Unstable:          0 kB
Bounce:                0 kB
WritebackTmp:          0 kB
CommitLimit:     9202292 kB
Committed_AS:   85064656 kB
VmallocTotal:   263061440 kB
VmallocUsed:      108504 kB
