MemTotal:       12113136 kB
MemFree:         4195004 kB
MemAvailable:    7678596 kB
Buffers:            7488 kB
Cached:          2624324 kB
SwapCached:            0 kB
Active:          1980380 kB
Inactive:        2069572 kB
Active(anon):    1427560 kB
Inactive(anon):    36048 kB
Active(file):     552820 kB
Inactive(file):  2033524 kB
Unevictable:        5564 kB
Mlocked:            5564 kB
SwapTotal:       3145724 kB
SwapFree:        3145724 kB
Dirty:               260 kB
Writeback:             0 kB
AnonPages:       1424028 kB
Mapped:           959784 kB
Shmem:             40992 kB
KReclaimable:    1765952 kB
Slab:             275924 kB
SReclaimable:     120732 kB
SUnreclaim:       155192 kB
KernelStack:       50176 kB
PageTables:        68436 kB
NFS_Unstable:          0 kB
Bounce:                0 kB
WritebackTmp:          0 kB
CommitLimit:     9202292 kB
Committed_AS:   73004316 kB
VmallocTotal:   263061440 kB
VmallocUsed:      107288 kB
VmallocChunk:          0 kB
Percpu:             7712 kB
CmaTotal:         294912 kB
CmaFree:             176 kB
MemTotal:       12113136 kB
MemFree:         4206640 kB
MemAvailable:    7690256 kB
Buffers:            7488 kB
Cached:          2624452 kB
SwapCached:            0 kB
Active:          1970544 kB
Inactive:        2069688 kB
Active(anon):    1417712 kB
Inactive(anon):    36152 kB
Active(file):     552832 kB
Inactive(file):  2033536 kB
Unevictable:        5564 kB
Mlocked:            5564 kB
SwapTotal:       3145724 kB
SwapFree:        3145724 kB
Dirty:               300 kB
Writeback:            16 kB
AnonPages:       1413752 kB
Mapped:           960144 kB
Shmem:             41096 kB
KReclaimable:    1765952 kB
Slab:             275904 kB
SReclaimable:     120732 kB
SUnreclaim:       155172 kB
KernelStack:       50160 kB
PageTables:        68156 kB
NFS_Unstable:          0 kB
Bounce:                0 kB
WritebackTmp:          0 kB
CommitLimit:     9202292 kB
Committed_AS:   73012836 kB
VmallocTotal:   263061440 kB
VmallocUsed:      107336 kB
VmallocChunk:          0 kB
Percpu:             7712 kB
CmaTotal:         294912 kB
CmaFree:             216 kB
MemTotal:       12113136 kB
MemFree:         4204992 kB
MemAvailable:    7688652 kB
Buffers:            7488 kB
Cached:          2624392 kB
SwapCached:            0 kB
Active:          1970844 kB
Inactive:        2069620 kB
Active(anon):    1418004 kB
Inactive(anon):    36048 kB
Active(file):     552840 kB
Inactive(file):  2033572 kB
Unevictable:        5564 kB
Mlocked:            5564 kB
SwapTotal:       3145724 kB
SwapFree:        3145724 kB
Dirty:               404 kB
Writeback:             0 kB
AnonPages:       1414332 kB
Mapped:           960116 kB
Shmem:             40992 kB
KReclaimable:    1765952 kB
Slab:             275936 kB
SReclaimable:     120732 kB
SUnreclaim:       155204 kB
KernelStack:       50208 kB
PageTables:        68320 kB
NFS_Unstable:          0 kB
Bounce:                0 kB
WritebackTmp:          0 kB
CommitLimit:     9202292 kB
Committed_AS:   73012720 kB
VmallocTotal:   263061440 kB
VmallocUsed:      107288 kB
VmallocChunk:          0 kB
Percpu:             7712 kB
CmaTotal:         294912 kB
CmaFree:               8 kB
MemTotal:       12113136 kB
MemFree:         4203896 kB
MemAvailable:    7687584 kB
Buffers:            7488 kB
Cached:          2624420 kB
SwapCached:            0 kB
Active:          1971692 kB
Inactive:        2069648 kB
Active(anon):    1418852 kB
Inactive(anon):    36048 kB
Active(file):     552840 kB
Inactive(file):  2033600 kB
Unevictable:        5564 kB
Mlocked:            5564 kB
SwapTotal:       3145724 kB
SwapFree:        3145724 kB
Dirty:               476 kB
Writeback:             0 kB
AnonPages:       1415428 kB
Mapped:           959900 kB
Shmem:             40992 kB
KReclaimable:    1765952 kB
Slab:             275896 kB
SReclaimable:     120732 kB
SUnreclaim:       155164 kB
KernelStack:       50128 kB
PageTables:        68168 kB
NFS_Unstable:          0 kB
Bounce:                0 kB
WritebackTmp:          0 kB
CommitLimit:     9202292 kB
Committed_AS:   73011804 kB
VmallocTotal:   263061440 kB
VmallocUsed:      107288 kB
VmallocChunk:          0 kB
Percpu:             7712 kB
CmaTotal:         294912 kB
CmaFree:               0 kB
MemTotal:       12113136 kB
MemFree:         4203548 kB
MemAvailable:    7687260 kB
Buffers:            7488 kB
Cached:          2624448 kB
SwapCached:            0 kB
Active:          1973232 kB
Inactive:        2069672 kB
Active(anon):    1420392 kB
Inactive(anon):    36048 kB
Active(file):     552840 kB
Inactive(file):  2033624 kB
Unevictable:        5564 kB
Mlocked:            5564 kB
SwapTotal:       3145724 kB
SwapFree:        3145724 kB
Dirty:               524 kB
Writeback:             0 kB
AnonPages:       1416320 kB
Mapped:           959984 kB
Shmem:             40992 kB
KReclaimable:    1765952 kB
Slab:             275872 kB
SReclaimable:     120732 kB
SUnreclaim:       155140 kB
KernelStack:       50176 kB
PageTables:        68348 kB
NFS_Unstable:          0 kB
Bounce:                0 kB
WritebackTmp:          0 kB
CommitLimit:     9202292 kB
Committed_AS:   73019464 kB
VmallocTotal:   263061440 kB
VmallocUsed:      107336 kB
VmallocChunk:          0 kB
Percpu:             7712 kB
CmaTotal:         294912 kB
CmaFree:               0 kB
MemTotal:       12113136 kB
MemFree:         4201492 kB
MemAvailable:    7685224 kB
Buffers:            7488 kB
Cached:          2624464 kB
SwapCached:            0 kB
Active:          1973888 kB
Inactive:        2069692 kB
Active(anon):    1421048 kB
Inactive(anon):    36048 kB
Active(file):     552840 kB
Inactive(file):  2033644 kB
Unevictable:        5564 kB
Mlocked:            5564 kB
SwapTotal:       3145724 kB
SwapFree:        3145724 kB
Dirty:               580 kB
Writeback:             0 kB
AnonPages:       1416844 kB
Mapped:           960136 kB
Shmem:             40992 kB
KReclaimable:    1765952 kB
Slab:             275888 kB
SReclaimable:     120732 kB
SUnreclaim:       155156 kB
KernelStack:       50180 kB
PageTables:        68164 kB
NFS_Unstable:          0 kB
Bounce:                0 kB
WritebackTmp:          0 kB
CommitLimit:     9202292 kB
Committed_AS:   73011044 kB
VmallocTotal:   263061440 kB
VmallocUsed:      107336 kB
VmallocChunk:          0 kB
Percpu:             7712 kB
CmaTotal:         294912 kB
CmaFree:               4 kB
MemTotal:       12113136 kB
MemFree:         4200328 kB
MemAvailable:    7684072 kB
Buffers:            7488 kB
Cached:          2624476 kB
SwapCached:            0 kB
Active:          1975112 kB
Inactive:        2069704 kB
Active(anon):    1422272 kB
Inactive(anon):    36048 kB
Active(file):     552840 kB
Inactive(file):  2033656 kB
Unevictable:        5564 kB
Mlocked:            5564 kB
SwapTotal:       3145724 kB
SwapFree:        3145724 kB
Dirty:               360 kB
Writeback:             0 kB
AnonPages:       1418420 kB
Mapped:           960196 kB
Shmem:             40992 kB
KReclaimable:    1765952 kB
Slab:             275880 kB
SReclaimable:     120732 kB
SUnreclaim:       155148 kB
KernelStack:       50096 kB
PageTables:        68172 kB
NFS_Unstable:          0 kB
Bounce:                0 kB
WritebackTmp:          0 kB
CommitLimit:     9202292 kB
Committed_AS:   73010668 kB
VmallocTotal:   263061440 kB
VmallocUsed:      107320 kB
VmallocChunk:          0 kB
Percpu:             7712 kB
CmaTotal:         294912 kB
CmaFree:              12 kB
MemTotal:       12113136 kB
MemFree:         4198508 kB
MemAvailable:    7682276 kB
Buffers:            7488 kB
Cached:          2624500 kB
SwapCached:            0 kB
Active:          1976828 kB
Inactive:        2069728 kB
Active(anon):    1423988 kB
Inactive(anon):    36048 kB
Active(file):     552840 kB
Inactive(file):  2033680 kB
Unevictable:        5564 kB
Mlocked:            5564 kB
SwapTotal:       3145724 kB
SwapFree:        3145724 kB
Dirty:               264 kB
Writeback:             0 kB
AnonPages:       1419980 kB
Mapped:           960028 kB
Shmem:             40992 kB
KReclaimable:    1765952 kB
Slab:             275896 kB
SReclaimable:     120732 kB
SUnreclaim:       155164 kB
KernelStack:       50096 kB
PageTables:        68208 kB
NFS_Unstable:          0 kB
Bounce:                0 kB
WritebackTmp:          0 kB
CommitLimit:     9202292 kB
Committed_AS:   73010928 kB
VmallocTotal:   263061440 kB
VmallocUsed:      107288 kB
VmallocChunk:          0 kB
Percpu:             7712 kB
CmaTotal:         294912 kB
CmaFree:               0 kB
MemTotal:       12113136 kB
MemFree:         4199172 kB
MemAvailable:    7682988 kB
Buffers:            7496 kB
Cached:          2624540 kB
SwapCached:            0 kB
Active:          1977784 kB
Inactive:        2069760 kB
Active(anon):    1424928 kB
Inactive(anon):    36048 kB
Active(file):     552856 kB
Inactive(file):  2033712 kB
Unevictable:        5564 kB
Mlocked:            5564 kB
SwapTotal:       3145724 kB
SwapFree:        3145724 kB
Dirty:               368 kB
Writeback:             0 kB
AnonPages:       1421112 kB
Mapped:           959972 kB
Shmem:             40992 kB
KReclaimable:    1765952 kB
Slab:             275848 kB
SReclaimable:     120732 kB
SUnreclaim:       155116 kB
KernelStack:       50064 kB
PageTables:        68168 kB
NFS_Unstable:          0 kB
Bounce:                0 kB
WritebackTmp:          0 kB
CommitLimit:     9202292 kB
Committed_AS:   73011172 kB
VmallocTotal:   263061440 kB
VmallocUsed:      107288 kB
VmallocChunk:          0 kB
Percpu:             7712 kB
CmaTotal:         294912 kB
CmaFree:              12 kB
MemTotal:       12113136 kB
MemFree:         4197964 kB
MemAvailable:    7681804 kB
Buffers:            7496 kB
Cached:          2624564 kB
SwapCached:            0 kB
Active:          1978900 kB
Inactive:        2069784 kB
Active(anon):    1426044 kB
Inactive(anon):    36048 kB
Active(file):     552856 kB
Inactive(file):  2033736 kB
Unevictable:        5564 kB
Mlocked:            5564 kB
SwapTotal:       3145724 kB
SwapFree:        3145724 kB
Dirty:               424 kB
Writeback:             0 kB
AnonPages:       1421876 kB
Mapped:           960112 kB
Shmem:             40992 kB
KReclaimable:    1765952 kB
Slab:             275896 kB
SReclaimable:     120732 kB
SUnreclaim:       155164 kB
KernelStack:       50080 kB
PageTables:        68216 kB
NFS_Unstable:          0 kB
Bounce:                0 kB
WritebackTmp:          0 kB
CommitLimit:     9202292 kB
Committed_AS:   73000964 kB
VmallocTotal:   263061440 kB
VmallocUsed:      107240 kB
VmallocChunk:          0 kB
Percpu:             7712 kB
CmaTotal:         294912 kB
CmaFree:               0 kB
MemTotal:       12113136 kB
MemFree:         4195456 kB
MemAvailable:    7679316 kB
Buffers:            7496 kB
Cached:          2624584 kB
SwapCached:            0 kB
Active:          1980160 kB
Inactive:        2069800 kB
Active(anon):    1427300 kB
Inactive(anon):    36048 kB
Active(file):     552860 kB
Inactive(file):  2033752 kB
Unevictable:        5564 kB
Mlocked:            5564 kB
SwapTotal:       3145724 kB
SwapFree:        3145724 kB
Dirty:               464 kB
Writeback:             0 kB
AnonPages:       1423160 kB
Mapped:           960172 kB
Shmem:             40992 kB
KReclaimable:    1765952 kB
Slab:             275880 kB
SReclaimable:     120732 kB
SUnreclaim:       155148 kB
KernelStack:       50128 kB
PageTables:        68404 kB
NFS_Unstable:          0 kB
Bounce:                0 kB
WritebackTmp:          0 kB
CommitLimit:     9202292 kB
Committed_AS:   73005476 kB
VmallocTotal:   263061440 kB
VmallocUsed:      107240 kB
VmallocChunk:          0 kB
Percpu:             7712 kB
CmaTotal:         294912 kB
CmaFree:               0 kB
MemTotal:       12113136 kB
MemFree:         4194012 kB
MemAvailable:    7677884 kB
Buffers:            7496 kB
Cached:          2624596 kB
SwapCached:            0 kB
Active:          1982020 kB
Inactive:        2069812 kB
Active(anon):    1429160 kB
Inactive(anon):    36048 kB
Active(file):     552860 kB
Inactive(file):  2033764 kB
Unevictable:        5564 kB
Mlocked:            5564 kB
SwapTotal:       3145724 kB
SwapFree:        3145724 kB
Dirty:               496 kB
Writeback:             0 kB
AnonPages:       1424856 kB
Mapped:           960312 kB
Shmem:             40992 kB
KReclaimable:    1765952 kB
Slab:             275872 kB
SReclaimable:     120732 kB
SUnreclaim:       155140 kB
KernelStack:       50128 kB
PageTables:        68612 kB
NFS_Unstable:          0 kB
Bounce:                0 kB
WritebackTmp:          0 kB
CommitLimit:     9202292 kB
Committed_AS:   73005968 kB
VmallocTotal:   263061440 kB
VmallocUsed:      107256 kB
VmallocChunk:          0 kB
Percpu:             7712 kB
CmaTotal:         294912 kB
CmaFree:               0 kB
MemTotal:       12113136 kB
MemFree:         4203428 kB
MemAvailable:    7687324 kB
Buffers:            7496 kB
Cached:          2624624 kB
SwapCached:            0 kB
Active:          1973988 kB
Inactive:        2069840 kB
Active(anon):    1421128 kB
Inactive(anon):    36052 kB
Active(file):     552860 kB
Inactive(file):  2033788 kB
Unevictable:        5564 kB
Mlocked:            5564 kB
SwapTotal:       3145724 kB
SwapFree:        3145724 kB
Dirty:               556 kB
Writeback:             0 kB
AnonPages:       1417208 kB
Mapped:           960156 kB
Shmem:             40996 kB
KReclaimable:    1765952 kB
Slab:             275880 kB
SReclaimable:     120732 kB
SUnreclaim:       155148 kB
KernelStack:       50064 kB
PageTables:        68228 kB
NFS_Unstable:          0 kB
Bounce:                0 kB
WritebackTmp:          0 kB
CommitLimit:     9202292 kB
Committed_AS:   73008912 kB
VmallocTotal:   263061440 kB
VmallocUsed:      107256 kB
VmallocChunk:          0 kB
Percpu:             7712 kB
CmaTotal:         294912 kB
CmaFree:               0 kB
MemTotal:       12113136 kB
MemFree:         4202548 kB
MemAvailable:    7686440 kB
Buffers:            7496 kB
Cached:          2624620 kB
SwapCached:            0 kB
Active:          1974932 kB
Inactive:        2069840 kB
Active(anon):    1422076 kB
Inactive(anon):    36052 kB
Active(file):     552856 kB
Inactive(file):  2033788 kB
Unevictable:        5564 kB
Mlocked:            5564 kB
SwapTotal:       3145724 kB
SwapFree:        3145724 kB
Dirty:               572 kB
Writeback:             0 kB
AnonPages:       1418384 kB
Mapped:           960488 kB
Shmem:             40996 kB
KReclaimable:    1765952 kB
Slab:             275840 kB
SReclaimable:     120732 kB
SUnreclaim:       155108 kB
KernelStack:       50160 kB
PageTables:        68264 kB
NFS_Unstable:          0 kB
Bounce:                0 kB
WritebackTmp:          0 kB
CommitLimit:     9202292 kB
Committed_AS:   72999192 kB
VmallocTotal:   263061440 kB
VmallocUsed:      107256 kB
VmallocChunk:          0 kB
Percpu:             7712 kB
CmaTotal:         294912 kB
CmaFree:               0 kB
MemTotal:       12113136 kB
MemFree:         4200688 kB
MemAvailable:    7684624 kB
Buffers:            7496 kB
Cached:          2624664 kB
SwapCached:            0 kB
Active:          1975988 kB
Inactive:        2069880 kB
Active(anon):    1423128 kB
Inactive(anon):    36052 kB
Active(file):     552860 kB
Inactive(file):  2033828 kB
Unevictable:        5564 kB
Mlocked:            5564 kB
SwapTotal:       3145724 kB
SwapFree:        3145724 kB
Dirty:               648 kB
Writeback:             0 kB
AnonPages:       1419540 kB
Mapped:           960248 kB
Shmem:             40996 kB
KReclaimable:    1765952 kB
Slab:             275888 kB
SReclaimable:     120732 kB
SUnreclaim:       155156 kB
KernelStack:       50128 kB
PageTables:        68272 kB
NFS_Unstable:          0 kB
Bounce:                0 kB
WritebackTmp:          0 kB
CommitLimit:     9202292 kB
Committed_AS:   72999508 kB
VmallocTotal:   263061440 kB
VmallocUsed:      107224 kB
VmallocChunk:          0 kB
Percpu:             7712 kB
CmaTotal:         294912 kB
CmaFree:               0 kB
MemTotal:       12113136 kB
MemFree:         4198992 kB
MemAvailable:    7682944 kB
Buffers:            7496 kB
Cached:          2624680 kB
SwapCached:            0 kB
Active:          1977384 kB
Inactive:        2069896 kB
Active(anon):    1424524 kB
Inactive(anon):    36052 kB
Active(file):     552860 kB
Inactive(file):  2033844 kB
Unevictable:        5564 kB
Mlocked:            5564 kB
SwapTotal:       3145724 kB
SwapFree:        3145724 kB
Dirty:               704 kB
Writeback:             0 kB
AnonPages:       1420340 kB
Mapped:           960280 kB
Shmem:             40996 kB
KReclaimable:    1765952 kB
Slab:             275896 kB
SReclaimable:     120732 kB
SUnreclaim:       155164 kB
KernelStack:       50144 kB
PageTables:        68364 kB
NFS_Unstable:          0 kB
Bounce:                0 kB
WritebackTmp:          0 kB
CommitLimit:     9202292 kB
Committed_AS:   72999344 kB
VmallocTotal:   263061440 kB
VmallocUsed:      107240 kB
VmallocChunk:          0 kB
Percpu:             7712 kB
CmaTotal:         294912 kB
CmaFree:               0 kB
MemTotal:       12113136 kB
MemFree:         4197164 kB
MemAvailable:    7681140 kB
Buffers:            7496 kB
Cached:          2624704 kB
SwapCached:            0 kB
Active:          1978800 kB
Inactive:        2069920 kB
Active(anon):    1425940 kB
Inactive(anon):    36052 kB
Active(file):     552860 kB
Inactive(file):  2033868 kB
Unevictable:        5564 kB
Mlocked:            5564 kB
SwapTotal:       3145724 kB
SwapFree:        3145724 kB
Dirty:               200 kB
Writeback:             0 kB
AnonPages:       1422284 kB
Mapped:           960388 kB
Shmem:             40996 kB
KReclaimable:    1765952 kB
Slab:             275904 kB
SReclaimable:     120732 kB
SUnreclaim:       155172 kB
KernelStack:       50096 kB
PageTables:        68092 kB
NFS_Unstable:          0 kB
Bounce:                0 kB
WritebackTmp:          0 kB
CommitLimit:     9202292 kB
Committed_AS:   73000044 kB
VmallocTotal:   263061440 kB
VmallocUsed:      107240 kB
VmallocChunk:          0 kB
Percpu:             7712 kB
CmaTotal:         294912 kB
CmaFree:               0 kB
MemTotal:       12113136 kB
MemFree:         4195436 kB
MemAvailable:    7679432 kB
Buffers:            7496 kB
Cached:          2624724 kB
SwapCached:            0 kB
Active:          1979864 kB
Inactive:        2069940 kB
Active(anon):    1427004 kB
Inactive(anon):    36052 kB
Active(file):     552860 kB
Inactive(file):  2033888 kB
Unevictable:        5564 kB
Mlocked:            5564 kB
SwapTotal:       3145724 kB
SwapFree:        3145724 kB
Dirty:               284 kB
Writeback:             0 kB
AnonPages:       1423176 kB
Mapped:           960344 kB
Shmem:             40996 kB
KReclaimable:    1765952 kB
Slab:             275952 kB
SReclaimable:     120732 kB
SUnreclaim:       155220 kB
KernelStack:       50080 kB
PageTables:        68236 kB
NFS_Unstable:          0 kB
Bounce:                0 kB
WritebackTmp:          0 kB
CommitLimit:     9202292 kB
Committed_AS:   73009452 kB
VmallocTotal:   263061440 kB
VmallocUsed:      107272 kB
VmallocChunk:          0 kB
Percpu:             7712 kB
CmaTotal:         294912 kB
CmaFree:               0 kB
MemTotal:       12113136 kB
MemFree:         4195160 kB
MemAvailable:    7679180 kB
Buffers:            7496 kB
Cached:          2624748 kB
SwapCached:            0 kB
Active:          1981056 kB
Inactive:        2069964 kB
Active(anon):    1428196 kB
Inactive(anon):    36052 kB
Active(file):     552860 kB
Inactive(file):  2033912 kB
Unevictable:        5564 kB
Mlocked:            5564 kB
SwapTotal:       3145724 kB
SwapFree:        3145724 kB
Dirty:               388 kB
Writeback:             0 kB
AnonPages:       1424548 kB
Mapped:           960364 kB
Shmem:             40996 kB
KReclaimable:    1765952 kB
Slab:             275928 kB
SReclaimable:     120732 kB
SUnreclaim:       155196 kB
KernelStack:       50080 kB
PageTables:        68216 kB
NFS_Unstable:          0 kB
Bounce:                0 kB
WritebackTmp:          0 kB
CommitLimit:     9202292 kB
Committed_AS:   73009352 kB
VmallocTotal:   263061440 kB
VmallocUsed:      107272 kB
VmallocChunk:          0 kB
Percpu:             7712 kB
CmaTotal:         294912 kB
CmaFree:               0 kB
MemTotal:       12113136 kB
MemFree:         4193996 kB
MemAvailable:    7678044 kB
Buffers:            7496 kB
Cached:          2624776 kB
SwapCached:            0 kB
Active:          1982732 kB
Inactive:        2069992 kB
Active(anon):    1429872 kB
Inactive(anon):    36052 kB
Active(file):     552860 kB
Inactive(file):  2033940 kB
Unevictable:        5564 kB
Mlocked:            5564 kB
SwapTotal:       3145724 kB
SwapFree:        3145724 kB
Dirty:               444 kB
Writeback:             0 kB
AnonPages:       1426248 kB
Mapped:           959684 kB
Shmem:             40996 kB
KReclaimable:    1765952 kB
Slab:             275960 kB
SReclaimable:     120732 kB
SUnreclaim:       155228 kB
KernelStack:       50160 kB
PageTables:        68336 kB
NFS_Unstable:          0 kB
Bounce:                0 kB
WritebackTmp:          0 kB
CommitLimit:     9202292 kB
Committed_AS:   73012384 kB
VmallocTotal:   263061440 kB
VmallocUsed:      107352 kB
VmallocChunk:          0 kB
Percpu:             7712 kB
CmaTotal:         294912 kB
CmaFree:               0 kB
MemTotal:       12113136 kB
MemFree:         4191696 kB
MemAvailable:    7675780 kB
Buffers:            7496 kB
Cached:          2624812 kB
SwapCached:            0 kB
Active:          1984188 kB
Inactive:        2070024 kB
Active(anon):    1431324 kB
Inactive(anon):    36052 kB
Active(file):     552864 kB
Inactive(file):  2033972 kB
Unevictable:        5564 kB
Mlocked:            5564 kB
SwapTotal:       3145724 kB
SwapFree:        3145724 kB
Dirty:               516 kB
Writeback:             0 kB
AnonPages:       1427484 kB
Mapped:           959764 kB
Shmem:             40996 kB
KReclaimable:    1765952 kB
Slab:             275904 kB
SReclaimable:     120732 kB
SUnreclaim:       155172 kB
KernelStack:       50160 kB
PageTables:        68272 kB
NFS_Unstable:          0 kB
Bounce:                0 kB
WritebackTmp:          0 kB
CommitLimit:     9202292 kB
Committed_AS:   73009420 kB
VmallocTotal:   263061440 kB
VmallocUsed:      107352 kB
VmallocChunk:          0 kB
Percpu:             7712 kB
CmaTotal:         294912 kB
CmaFree:               0 kB
MemTotal:       12113136 kB
MemFree:         4190616 kB
MemAvailable:    7674700 kB
Buffers:            7496 kB
Cached:          2624812 kB
SwapCached:            0 kB
Active:          1985780 kB
Inactive:        2070028 kB
Active(anon):    1432920 kB
Inactive(anon):    36052 kB
Active(file):     552860 kB
Inactive(file):  2033976 kB
Unevictable:        5564 kB
Mlocked:            5564 kB
SwapTotal:       3145724 kB
SwapFree:        3145724 kB
Dirty:               308 kB
Writeback:             0 kB
AnonPages:       1429096 kB
Mapped:           960080 kB
Shmem:             40996 kB
KReclaimable:    1765952 kB
Slab:             275920 kB
SReclaimable:     120732 kB
SUnreclaim:       155188 kB
KernelStack:       50244 kB
PageTables:        68492 kB
NFS_Unstable:          0 kB
Bounce:                0 kB
WritebackTmp:          0 kB
CommitLimit:     9202292 kB
Committed_AS:   73006464 kB
VmallocTotal:   263061440 kB
VmallocUsed:      107352 kB
VmallocChunk:          0 kB
Percpu:             7712 kB
CmaTotal:         294912 kB
CmaFree:               0 kB
MemTotal:       12113136 kB
MemFree:         4195120 kB
MemAvailable:    7679224 kB
Buffers:            7496 kB
Cached:          2625032 kB
SwapCached:            0 kB
Active:          1981480 kB
Inactive:        2070248 kB
Active(anon):    1428620 kB
Inactive(anon):    36252 kB
Active(file):     552860 kB
Inactive(file):  2033996 kB
Unevictable:        5564 kB
Mlocked:            5564 kB
SwapTotal:       3145724 kB
SwapFree:        3145724 kB
Dirty:               324 kB
Writeback:             0 kB
AnonPages:       1425160 kB
Mapped:           959976 kB
Shmem:             41196 kB
KReclaimable:    1765952 kB
Slab:             275912 kB
SReclaimable:     120732 kB
SUnreclaim:       155180 kB
KernelStack:       50192 kB
PageTables:        68336 kB
NFS_Unstable:          0 kB
Bounce:                0 kB
WritebackTmp:          0 kB
CommitLimit:     9202292 kB
Committed_AS:   73014576 kB
VmallocTotal:   263061440 kB
VmallocUsed:      107304 kB
VmallocChunk:          0 kB
Percpu:             7712 kB
CmaTotal:         294912 kB
CmaFree:             592 kB
MemTotal:       12113136 kB
MemFree:         4193452 kB
MemAvailable:    7677576 kB
Buffers:            7496 kB
Cached:          2624852 kB
SwapCached:            0 kB
Active:          1983544 kB
Inactive:        2070068 kB
Active(anon):    1430684 kB
Inactive(anon):    36052 kB
Active(file):     552860 kB
Inactive(file):  2034016 kB
Unevictable:        5564 kB
Mlocked:            5564 kB
SwapTotal:       3145724 kB
SwapFree:        3145724 kB
Dirty:               344 kB
Writeback:             0 kB
AnonPages:       1426176 kB
Mapped:           959804 kB
Shmem:             40996 kB
KReclaimable:    1765952 kB
Slab:             275920 kB
SReclaimable:     120732 kB
SUnreclaim:       155188 kB
KernelStack:       50160 kB
PageTables:        68372 kB
NFS_Unstable:          0 kB
Bounce:                0 kB
WritebackTmp:          0 kB
CommitLimit:     9202292 kB
Committed_AS:   73010276 kB
VmallocTotal:   263061440 kB
VmallocUsed:      107288 kB
VmallocChunk:          0 kB
Percpu:             7712 kB
CmaTotal:         294912 kB
CmaFree:               0 kB
MemTotal:       12113136 kB
MemFree:         4191532 kB
MemAvailable:    7675672 kB
Buffers:            7500 kB
Cached:          2624864 kB
SwapCached:            0 kB
Active:          1984296 kB
Inactive:        2070084 kB
Active(anon):    1431436 kB
Inactive(anon):    36052 kB
Active(file):     552860 kB
Inactive(file):  2034032 kB
Unevictable:        5564 kB
Mlocked:            5564 kB
SwapTotal:       3145724 kB
SwapFree:        3145724 kB
Dirty:               376 kB
Writeback:             0 kB
AnonPages:       1427768 kB
Mapped:           959860 kB
Shmem:             40996 kB
KReclaimable:    1765952 kB
Slab:             275920 kB
SReclaimable:     120732 kB
SUnreclaim:       155188 kB
KernelStack:       50176 kB
PageTables:        68240 kB
NFS_Unstable:          0 kB
Bounce:                0 kB
WritebackTmp:          0 kB
CommitLimit:     9202292 kB
Committed_AS:   73003740 kB
VmallocTotal:   263061440 kB
VmallocUsed:      107304 kB
VmallocChunk:          0 kB
Percpu:             7712 kB
CmaTotal:         294912 kB
CmaFree:               0 kB
MemTotal:       12113136 kB
MemFree:         4194176 kB
MemAvailable:    7678364 kB
Buffers:            7500 kB
Cached:          2624912 kB
SwapCached:            0 kB
Active:          1981616 kB
Inactive:        2070124 kB
Active(anon):    1428748 kB
Inactive(anon):    36052 kB
Active(file):     552868 kB
Inactive(file):  2034072 kB
Unevictable:        5564 kB
Mlocked:            5564 kB
SwapTotal:       3145724 kB
SwapFree:        3145724 kB
Dirty:               476 kB
Writeback:             0 kB
AnonPages:       1424936 kB
Mapped:           959820 kB
Shmem:             40996 kB
KReclaimable:    1765952 kB
Slab:             275920 kB
SReclaimable:     120732 kB
SUnreclaim:       155188 kB
KernelStack:       50176 kB
PageTables:        68236 kB
NFS_Unstable:          0 kB
Bounce:                0 kB
WritebackTmp:          0 kB
CommitLimit:     9202292 kB
Committed_AS:   73001956 kB
VmallocTotal:   263061440 kB
VmallocUsed:      107320 kB
VmallocChunk:          0 kB
Percpu:             7712 kB
CmaTotal:         294912 kB
CmaFree:             124 kB
MemTotal:       12113136 kB
MemFree:         4192880 kB
MemAvailable:    7677072 kB
Buffers:            7500 kB
Cached:          2624916 kB
SwapCached:            0 kB
Active:          1982736 kB
Inactive:        2070128 kB
Active(anon):    1429868 kB
Inactive(anon):    36052 kB
Active(file):     552868 kB
Inactive(file):  2034076 kB
Unevictable:        5564 kB
Mlocked:            5564 kB
SwapTotal:       3145724 kB
SwapFree:        3145724 kB
Dirty:               512 kB
Writeback:             0 kB
AnonPages:       1425656 kB
Mapped:           959912 kB
Shmem:             40996 kB
KReclaimable:    1765952 kB
Slab:             275936 kB
SReclaimable:     120732 kB
SUnreclaim:       155204 kB
KernelStack:       50176 kB
PageTables:        68304 kB
NFS_Unstable:          0 kB
Bounce:                0 kB
WritebackTmp:          0 kB
CommitLimit:     9202292 kB
Committed_AS:   73009752 kB
VmallocTotal:   263061440 kB
VmallocUsed:      107336 kB
VmallocChunk:          0 kB
Percpu:             7712 kB
CmaTotal:         294912 kB
CmaFree:               0 kB
MemTotal:       12113136 kB
MemFree:         4193120 kB
MemAvailable:    7677340 kB
Buffers:            7500 kB
Cached:          2624944 kB
SwapCached:            0 kB
Active:          1983252 kB
Inactive:        2070160 kB
Active(anon):    1430388 kB
Inactive(anon):    36052 kB
Active(file):     552864 kB
Inactive(file):  2034108 kB
Unevictable:        5564 kB
Mlocked:            5564 kB
SwapTotal:       3145724 kB
SwapFree:        3145724 kB
Dirty:               548 kB
Writeback:             0 kB
AnonPages:       1426280 kB
Mapped:           959920 kB
Shmem:             40996 kB
KReclaimable:    1765952 kB
Slab:             275920 kB
SReclaimable:     120732 kB
SUnreclaim:       155188 kB
KernelStack:       50160 kB
PageTables:        68292 kB
NFS_Unstable:          0 kB
Bounce:                0 kB
WritebackTmp:          0 kB
CommitLimit:     9202292 kB
Committed_AS:   73000656 kB
VmallocTotal:   263061440 kB
VmallocUsed:      107272 kB
VmallocChunk:          0 kB
Percpu:             7712 kB
CmaTotal:         294912 kB
CmaFree:               0 kB
MemTotal:       12113136 kB
MemFree:         4189960 kB
MemAvailable:    7674204 kB
Buffers:            7500 kB
Cached:          2624968 kB
SwapCached:            0 kB
Active:          1984456 kB
Inactive:        2070184 kB
Active(anon):    1431592 kB
Inactive(anon):    36052 kB
Active(file):     552864 kB
Inactive(file):  2034132 kB
Unevictable:        5564 kB
Mlocked:            5564 kB
SwapTotal:       3145724 kB
SwapFree:        3145724 kB
Dirty:               616 kB
Writeback:             0 kB
AnonPages:       1427936 kB
Mapped:           960008 kB
Shmem:             40996 kB
KReclaimable:    1765952 kB
Slab:             275920 kB
SReclaimable:     120732 kB
SUnreclaim:       155188 kB
KernelStack:       50176 kB
PageTables:        68196 kB
NFS_Unstable:          0 kB
Bounce:                0 kB
WritebackTmp:          0 kB
CommitLimit:     9202292 kB
Committed_AS:   73005256 kB
VmallocTotal:   263061440 kB
VmallocUsed:      107304 kB
VmallocChunk:          0 kB
Percpu:             7712 kB
CmaTotal:         294912 kB
CmaFree:               0 kB
MemTotal:       12113136 kB
MemFree:         4190684 kB
MemAvailable:    7674944 kB
Buffers:            7500 kB
Cached:          2624984 kB
SwapCached:            0 kB
Active:          1985544 kB
Inactive:        2070200 kB
Active(anon):    1432680 kB
Inactive(anon):    36052 kB
Active(file):     552864 kB
Inactive(file):  2034148 kB
Unevictable:        5564 kB
Mlocked:            5564 kB
SwapTotal:       3145724 kB
SwapFree:        3145724 kB
Dirty:               640 kB
Writeback:             0 kB
AnonPages:       1428584 kB
Mapped:           959980 kB
Shmem:             40996 kB
KReclaimable:    1765952 kB
Slab:             275912 kB
SReclaimable:     120732 kB
SUnreclaim:       155180 kB
KernelStack:       50176 kB
PageTables:        68232 kB
NFS_Unstable:          0 kB
Bounce:                0 kB
WritebackTmp:          0 kB
CommitLimit:     9202292 kB
Committed_AS:   73002688 kB
VmallocTotal:   263061440 kB
VmallocUsed:      107304 kB
VmallocChunk:          0 kB
Percpu:             7712 kB
CmaTotal:         294912 kB
CmaFree:               0 kB
MemTotal:       12113136 kB
MemFree:         4208148 kB
MemAvailable:    7692432 kB
Buffers:            7500 kB
Cached:          2625008 kB
SwapCached:            0 kB
Active:          1964248 kB
Inactive:        2070220 kB
Active(anon):    1411380 kB
Inactive(anon):    36052 kB
Active(file):     552868 kB
Inactive(file):  2034168 kB
Unevictable:        5564 kB
Mlocked:            5564 kB
SwapTotal:       3145724 kB
SwapFree:        3145724 kB
Dirty:               712 kB
Writeback:             0 kB
AnonPages:       1407664 kB
Mapped:           960004 kB
Shmem:             40996 kB
KReclaimable:    1765952 kB
Slab:             275920 kB
SReclaimable:     120732 kB
SUnreclaim:       155188 kB
KernelStack:       50192 kB
PageTables:        68232 kB
NFS_Unstable:          0 kB
Bounce:                0 kB
WritebackTmp:          0 kB
CommitLimit:     9202292 kB
Committed_AS:   73005372 kB
VmallocTotal:   263061440 kB
VmallocUsed:      107304 kB
VmallocChunk:          0 kB
Percpu:             7712 kB
CmaTotal:         294912 kB
CmaFree:             248 kB
MemTotal:       12113136 kB
MemFree:         4209724 kB
MemAvailable:    7694028 kB
Buffers:            7500 kB
Cached:          2625028 kB
SwapCached:            0 kB
Active:          1966012 kB
Inactive:        2070244 kB
Active(anon):    1413148 kB
Inactive(anon):    36052 kB
Active(file):     552864 kB
Inactive(file):  2034192 kB
Unevictable:        5564 kB
Mlocked:            5564 kB
SwapTotal:       3145724 kB
SwapFree:        3145724 kB
Dirty:               212 kB
Writeback:            12 kB
AnonPages:       1409192 kB
Mapped:           960060 kB
Shmem:             40996 kB
KReclaimable:    1765952 kB
Slab:             275920 kB
SReclaimable:     120732 kB
SUnreclaim:       155188 kB
KernelStack:       50240 kB
PageTables:        68376 kB
NFS_Unstable:          0 kB
Bounce:                0 kB
WritebackTmp:          0 kB
CommitLimit:     9202292 kB
Committed_AS:   73005392 kB
VmallocTotal:   263061440 kB
VmallocUsed:      107288 kB
VmallocChunk:          0 kB
Percpu:             7712 kB
CmaTotal:         294912 kB
CmaFree:               0 kB
MemTotal:       12113136 kB
MemFree:         4209244 kB
MemAvailable:    7693560 kB
Buffers:            7500 kB
Cached:          2625040 kB
SwapCached:            0 kB
Active:          1966632 kB
Inactive:        2070256 kB
Active(anon):    1413768 kB
Inactive(anon):    36052 kB
Active(file):     552864 kB
Inactive(file):  2034204 kB
Unevictable:        5564 kB
Mlocked:            5564 kB
SwapTotal:       3145724 kB
SwapFree:        3145724 kB
Dirty:               312 kB
Writeback:             0 kB
AnonPages:       1410132 kB
Mapped:           959912 kB
Shmem:             40996 kB
KReclaimable:    1765952 kB
Slab:             275904 kB
SReclaimable:     120732 kB
SUnreclaim:       155172 kB
KernelStack:       50176 kB
PageTables:        68276 kB
NFS_Unstable:          0 kB
Bounce:                0 kB
WritebackTmp:          0 kB
CommitLimit:     9202292 kB
Committed_AS:   73005652 kB
VmallocTotal:   263061440 kB
VmallocUsed:      107304 kB
VmallocChunk:          0 kB
Percpu:             7712 kB
CmaTotal:         294912 kB
CmaFree:              64 kB
MemTotal:       12113136 kB
MemFree:         4207008 kB
MemAvailable:    7691348 kB
Buffers:            7500 kB
Cached:          2625064 kB
SwapCached:            0 kB
Active:          1970292 kB
Inactive:        2070280 kB
Active(anon):    1417428 kB
Inactive(anon):    36052 kB
Active(file):     552864 kB
Inactive(file):  2034228 kB
Unevictable:        5564 kB
Mlocked:            5564 kB
SwapTotal:       3145724 kB
SwapFree:        3145724 kB
Dirty:               396 kB
Writeback:             0 kB
AnonPages:       1413596 kB
Mapped:           960092 kB
Shmem:             40996 kB
KReclaimable:    1765952 kB
Slab:             275920 kB
SReclaimable:     120732 kB
SUnreclaim:       155188 kB
KernelStack:       50176 kB
PageTables:        68228 kB
NFS_Unstable:          0 kB
Bounce:                0 kB
WritebackTmp:          0 kB
CommitLimit:     9202292 kB
Committed_AS:   73012064 kB
VmallocTotal:   263061440 kB
VmallocUsed:      107304 kB
VmallocChunk:          0 kB
Percpu:             7712 kB
CmaTotal:         294912 kB
CmaFree:               0 kB
MemTotal:       12113136 kB
MemFree:         4204988 kB
MemAvailable:    7689356 kB
Buffers:            7500 kB
Cached:          2625096 kB
SwapCached:            0 kB
Active:          1970948 kB
Inactive:        2070312 kB
Active(anon):    1418084 kB
Inactive(anon):    36056 kB
Active(file):     552864 kB
Inactive(file):  2034256 kB
Unevictable:        5564 kB
Mlocked:            5564 kB
SwapTotal:       3145724 kB
SwapFree:        3145724 kB
Dirty:               480 kB
Writeback:             0 kB
AnonPages:       1414140 kB
Mapped:           960160 kB
Shmem:             41000 kB
KReclaimable:    1765952 kB
Slab:             275928 kB
SReclaimable:     120732 kB
SUnreclaim:       155196 kB
KernelStack:       50160 kB
PageTables:        68216 kB
NFS_Unstable:          0 kB
Bounce:                0 kB
WritebackTmp:          0 kB
CommitLimit:     9202292 kB
Committed_AS:   73014668 kB
VmallocTotal:   263061440 kB
VmallocUsed:      107336 kB
VmallocChunk:          0 kB
Percpu:             7712 kB
CmaTotal:         294912 kB
CmaFree:               0 kB
MemTotal:       12113136 kB
MemFree:         4204828 kB
MemAvailable:    7689216 kB
Buffers:            7500 kB
Cached:          2625116 kB
SwapCached:            0 kB
Active:          1968984 kB
Inactive:        2070332 kB
Active(anon):    1416120 kB
Inactive(anon):    36056 kB
Active(file):     552864 kB
Inactive(file):  2034276 kB
Unevictable:        5564 kB
Mlocked:            5564 kB
SwapTotal:       3145724 kB
SwapFree:        3145724 kB
Dirty:               528 kB
Writeback:             0 kB
AnonPages:       1412292 kB
Mapped:           960256 kB
Shmem:             41000 kB
KReclaimable:    1765952 kB
Slab:             275920 kB
SReclaimable:     120732 kB
SUnreclaim:       155188 kB
KernelStack:       50208 kB
PageTables:        68360 kB
NFS_Unstable:          0 kB
Bounce:                0 kB
WritebackTmp:          0 kB
CommitLimit:     9202292 kB
Committed_AS:   73012500 kB
VmallocTotal:   263061440 kB
VmallocUsed:      107336 kB
VmallocChunk:          0 kB
Percpu:             7712 kB
CmaTotal:         294912 kB
CmaFree:             252 kB
MemTotal:       12113136 kB
MemFree:         4204912 kB
MemAvailable:    7689316 kB
Buffers:            7500 kB
Cached:          2625132 kB
SwapCached:            0 kB
Active:          1969984 kB
Inactive:        2070348 kB
Active(anon):    1417120 kB
Inactive(anon):    36056 kB
Active(file):     552864 kB
Inactive(file):  2034292 kB
Unevictable:        5564 kB
Mlocked:            5564 kB
SwapTotal:       3145724 kB
SwapFree:        3145724 kB
Dirty:               308 kB
Writeback:             0 kB
AnonPages:       1413192 kB
Mapped:           960228 kB
Shmem:             41000 kB
KReclaimable:    1765952 kB
Slab:             275912 kB
SReclaimable:     120732 kB
SUnreclaim:       155180 kB
KernelStack:       50192 kB
PageTables:        68108 kB
NFS_Unstable:          0 kB
Bounce:                0 kB
WritebackTmp:          0 kB
CommitLimit:     9202292 kB
Committed_AS:   73001848 kB
VmallocTotal:   263061440 kB
VmallocUsed:      107304 kB
VmallocChunk:          0 kB
Percpu:             7712 kB
CmaTotal:         294912 kB
CmaFree:               0 kB
MemTotal:       12113136 kB
MemFree:         4204040 kB
MemAvailable:    7688456 kB
Buffers:            7500 kB
Cached:          2625148 kB
SwapCached:            0 kB
Active:          1971492 kB
Inactive:        2070364 kB
Active(anon):    1418628 kB
Inactive(anon):    36060 kB
Active(file):     552864 kB
Inactive(file):  2034304 kB
Unevictable:        5564 kB
Mlocked:            5564 kB
SwapTotal:       3145724 kB
SwapFree:        3145724 kB
Dirty:               308 kB
Writeback:             0 kB
AnonPages:       1414644 kB
Mapped:           960136 kB
Shmem:             41004 kB
KReclaimable:    1765952 kB
Slab:             275880 kB
SReclaimable:     120732 kB
SUnreclaim:       155148 kB
KernelStack:       50192 kB
PageTables:        68268 kB
NFS_Unstable:          0 kB
Bounce:                0 kB
WritebackTmp:          0 kB
CommitLimit:     9202292 kB
Committed_AS:   73009948 kB
VmallocTotal:   263061440 kB
VmallocUsed:      107304 kB
VmallocChunk:          0 kB
Percpu:             7712 kB
CmaTotal:         294912 kB
CmaFree:               0 kB
MemTotal:       12113136 kB
MemFree:         4204020 kB
MemAvailable:    7688456 kB
Buffers:            7500 kB
Cached:          2625168 kB
SwapCached:            0 kB
Active:          1972140 kB
Inactive:        2070384 kB
Active(anon):    1419276 kB
Inactive(anon):    36060 kB
Active(file):     552864 kB
Inactive(file):  2034324 kB
Unevictable:        5564 kB
Mlocked:            5564 kB
SwapTotal:       3145724 kB
SwapFree:        3145724 kB
Dirty:               376 kB
Writeback:             0 kB
AnonPages:       1415760 kB
Mapped:           960448 kB
Shmem:             41004 kB
KReclaimable:    1765952 kB
Slab:             275880 kB
SReclaimable:     120732 kB
SUnreclaim:       155148 kB
KernelStack:       50260 kB
PageTables:        68516 kB
NFS_Unstable:          0 kB
Bounce:                0 kB
WritebackTmp:          0 kB
CommitLimit:     9202292 kB
Committed_AS:   73001816 kB
VmallocTotal:   263061440 kB
VmallocUsed:      107320 kB
VmallocChunk:          0 kB
Percpu:             7712 kB
CmaTotal:         294912 kB
CmaFree:               0 kB
MemTotal:       12113136 kB
MemFree:         4201956 kB
MemAvailable:    7686424 kB
Buffers:            7508 kB
Cached:          2625192 kB
SwapCached:            0 kB
Active:          1973488 kB
Inactive:        2070416 kB
Active(anon):    1420624 kB
Inactive(anon):    36060 kB
Active(file):     552864 kB
Inactive(file):  2034356 kB
Unevictable:        5564 kB
Mlocked:            5564 kB
SwapTotal:       3145724 kB
SwapFree:        3145724 kB
Dirty:               388 kB
Writeback:             0 kB
AnonPages:       1416460 kB
Mapped:           960304 kB
Shmem:             41004 kB
KReclaimable:    1765952 kB
Slab:             275864 kB
SReclaimable:     120732 kB
SUnreclaim:       155132 kB
KernelStack:       50192 kB
PageTables:        68344 kB
NFS_Unstable:          0 kB
Bounce:                0 kB
WritebackTmp:          0 kB
CommitLimit:     9202292 kB
Committed_AS:   72997116 kB
VmallocTotal:   263061440 kB
VmallocUsed:      107272 kB
VmallocChunk:          0 kB
Percpu:             7712 kB
CmaTotal:         294912 kB
CmaFree:               0 kB
MemTotal:       12113136 kB
MemFree:         4200852 kB
MemAvailable:    7685360 kB
Buffers:            7508 kB
Cached:          2625236 kB
SwapCached:            0 kB
Active:          1975328 kB
Inactive:        2070452 kB
Active(anon):    1422456 kB
Inactive(anon):    36064 kB
Active(file):     552872 kB
Inactive(file):  2034388 kB
Unevictable:        5564 kB
Mlocked:            5564 kB
SwapTotal:       3145724 kB
SwapFree:        3145724 kB
Dirty:               484 kB
Writeback:             0 kB
AnonPages:       1418648 kB
Mapped:           960420 kB
Shmem:             41008 kB
KReclaimable:    1765952 kB
Slab:             275880 kB
SReclaimable:     120732 kB
SUnreclaim:       155148 kB
KernelStack:       50224 kB
PageTables:        68196 kB
NFS_Unstable:          0 kB
Bounce:                0 kB
WritebackTmp:          0 kB
CommitLimit:     9202292 kB
Committed_AS:   73007796 kB
VmallocTotal:   263061440 kB
VmallocUsed:      107304 kB
VmallocChunk:          0 kB
Percpu:             7712 kB
CmaTotal:         294912 kB
CmaFree:               0 kB
MemTotal:       12113136 kB
MemFree:         4199704 kB
MemAvailable:    7684228 kB
Buffers:            7508 kB
Cached:          2625252 kB
SwapCached:            0 kB
Active:          1976460 kB
Inactive:        2070468 kB
Active(anon):    1423588 kB
Inactive(anon):    36064 kB
Active(file):     552872 kB
Inactive(file):  2034404 kB
Unevictable:        5564 kB
Mlocked:            5564 kB
SwapTotal:       3145724 kB
SwapFree:        3145724 kB
Dirty:               248 kB
Writeback:             0 kB
AnonPages:       1419768 kB
Mapped:           960580 kB
Shmem:             41008 kB
KReclaimable:    1765952 kB
Slab:             275840 kB
SReclaimable:     120732 kB
SUnreclaim:       155108 kB
KernelStack:       50176 kB
PageTables:        67952 kB
NFS_Unstable:          0 kB
Bounce:                0 kB
WritebackTmp:          0 kB
CommitLimit:     9202292 kB
Committed_AS:   73006188 kB
VmallocTotal:   263061440 kB
VmallocUsed:      107336 kB
VmallocChunk:          0 kB
Percpu:             7712 kB
CmaTotal:         294912 kB
CmaFree:               0 kB
MemTotal:       12113136 kB
MemFree:         4198268 kB
MemAvailable:    7682820 kB
Buffers:            7508 kB
Cached:          2625280 kB
SwapCached:            0 kB
Active:          1977184 kB
Inactive:        2070496 kB
Active(anon):    1424312 kB
Inactive(anon):    36064 kB
Active(file):     552872 kB
Inactive(file):  2034432 kB
Unevictable:        5564 kB
Mlocked:            5564 kB
SwapTotal:       3145724 kB
SwapFree:        3145724 kB
Dirty:               360 kB
Writeback:             0 kB
AnonPages:       1420236 kB
Mapped:           960412 kB
Shmem:             41008 kB
KReclaimable:    1765952 kB
Slab:             275904 kB
SReclaimable:     120732 kB
SUnreclaim:       155172 kB
KernelStack:       50144 kB
PageTables:        68368 kB
NFS_Unstable:          0 kB
Bounce:                0 kB
WritebackTmp:          0 kB
CommitLimit:     9202292 kB
Committed_AS:   73003960 kB
VmallocTotal:   263061440 kB
VmallocUsed:      107336 kB
VmallocChunk:          0 kB
Percpu:             7712 kB
CmaTotal:         294912 kB
CmaFree:               0 kB
MemTotal:       12113136 kB
MemFree:         4198780 kB
MemAvailable:    7683336 kB
Buffers:            7508 kB
Cached:          2625240 kB
SwapCached:            0 kB
Active:          1976920 kB
Inactive:        2070456 kB
Active(anon):    1424048 kB
Inactive(anon):    36020 kB
Active(file):     552872 kB
Inactive(file):  2034436 kB
Unevictable:        5564 kB
Mlocked:            5564 kB
SwapTotal:       3145724 kB
SwapFree:        3145724 kB
Dirty:               408 kB
Writeback:             4 kB
AnonPages:       1420216 kB
Mapped:           960444 kB
Shmem:             40964 kB
KReclaimable:    1765952 kB
Slab:             275840 kB
SReclaimable:     120732 kB
SUnreclaim:       155108 kB
KernelStack:       50192 kB
PageTables:        67892 kB
NFS_Unstable:          0 kB
Bounce:                0 kB
WritebackTmp:          0 kB
CommitLimit:     9202292 kB
Committed_AS:   72997232 kB
VmallocTotal:   263061440 kB
VmallocUsed:      107240 kB
VmallocChunk:          0 kB
Percpu:             7712 kB
CmaTotal:         294912 kB
CmaFree:               0 kB
MemTotal:       12113136 kB
MemFree:         4197264 kB
MemAvailable:    7681848 kB
Buffers:            7508 kB
Cached:          2625312 kB
SwapCached:            0 kB
Active:          1978356 kB
Inactive:        2070528 kB
Active(anon):    1425484 kB
Inactive(anon):    36064 kB
Active(file):     552872 kB
Inactive(file):  2034464 kB
Unevictable:        5564 kB
Mlocked:            5564 kB
SwapTotal:       3145724 kB
SwapFree:        3145724 kB
Dirty:               472 kB
Writeback:             0 kB
AnonPages:       1421596 kB
Mapped:           960584 kB
Shmem:             41008 kB
KReclaimable:    1765952 kB
Slab:             275864 kB
SReclaimable:     120732 kB
SUnreclaim:       155132 kB
KernelStack:       50160 kB
PageTables:        68280 kB
NFS_Unstable:          0 kB
Bounce:                0 kB
WritebackTmp:          0 kB
CommitLimit:     9202292 kB
Committed_AS:   72988100 kB
VmallocTotal:   263061440 kB
VmallocUsed:      107208 kB
VmallocChunk:          0 kB
Percpu:             7712 kB
CmaTotal:         294912 kB
CmaFree:               0 kB
MemTotal:       12113136 kB
MemFree:         4213736 kB
MemAvailable:    7698344 kB
Buffers:            7508 kB
Cached:          2625336 kB
SwapCached:            0 kB
Active:          1961340 kB
Inactive:        2070552 kB
Active(anon):    1408468 kB
Inactive(anon):    36064 kB
Active(file):     552872 kB
Inactive(file):  2034488 kB
Unevictable:        5564 kB
Mlocked:            5564 kB
SwapTotal:       3145724 kB
SwapFree:        3145724 kB
Dirty:               500 kB
Writeback:             0 kB
AnonPages:       1404676 kB
Mapped:           960492 kB
Shmem:             41008 kB
KReclaimable:    1765952 kB
Slab:             275864 kB
SReclaimable:     120732 kB
SUnreclaim:       155132 kB
KernelStack:       50192 kB
PageTables:        68360 kB
NFS_Unstable:          0 kB
Bounce:                0 kB
WritebackTmp:          0 kB
CommitLimit:     9202292 kB
Committed_AS:   73003952 kB
VmallocTotal:   263061440 kB
VmallocUsed:      107304 kB
VmallocChunk:          0 kB
Percpu:             7712 kB
CmaTotal:         294912 kB
CmaFree:             124 kB
MemTotal:       12113136 kB
MemFree:         4213028 kB
MemAvailable:    7697648 kB
Buffers:            7508 kB
Cached:          2625348 kB
SwapCached:            0 kB
Active:          1962348 kB
Inactive:        2070564 kB
Active(anon):    1409476 kB
Inactive(anon):    36064 kB
Active(file):     552872 kB
Inactive(file):  2034500 kB
Unevictable:        5564 kB
Mlocked:            5564 kB
SwapTotal:       3145724 kB
SwapFree:        3145724 kB
Dirty:               572 kB
Writeback:             0 kB
AnonPages:       1405640 kB
Mapped:           960712 kB
Shmem:             41008 kB
KReclaimable:    1765952 kB
Slab:             275872 kB
SReclaimable:     120732 kB
SUnreclaim:       155140 kB
KernelStack:       50112 kB
PageTables:        68184 kB
NFS_Unstable:          0 kB
Bounce:                0 kB
WritebackTmp:          0 kB
CommitLimit:     9202292 kB
Committed_AS:   73004624 kB
VmallocTotal:   263061440 kB
VmallocUsed:      107304 kB
VmallocChunk:          0 kB
Percpu:             7712 kB
CmaTotal:         294912 kB
CmaFree:               0 kB
MemTotal:       12113136 kB
MemFree:         4212704 kB
MemAvailable:    7697336 kB
Buffers:            7508 kB
Cached:          2625360 kB
SwapCached:            0 kB
Active:          1962996 kB
Inactive:        2070576 kB
Active(anon):    1410124 kB
Inactive(anon):    36064 kB
Active(file):     552872 kB
Inactive(file):  2034512 kB
Unevictable:        5564 kB
Mlocked:            5564 kB
SwapTotal:       3145724 kB
SwapFree:        3145724 kB
Dirty:               240 kB
Writeback:             0 kB
AnonPages:       1406556 kB
Mapped:           960744 kB
Shmem:             41008 kB
KReclaimable:    1765952 kB
Slab:             275904 kB
SReclaimable:     120732 kB
SUnreclaim:       155172 kB
KernelStack:       50128 kB
PageTables:        68164 kB
NFS_Unstable:          0 kB
Bounce:                0 kB
WritebackTmp:          0 kB
CommitLimit:     9202292 kB
Committed_AS:   72999664 kB
VmallocTotal:   263061440 kB
VmallocUsed:      107224 kB
VmallocChunk:          0 kB
Percpu:             7712 kB
CmaTotal:         294912 kB
CmaFree:               0 kB
MemTotal:       12113136 kB
MemFree:         4212712 kB
MemAvailable:    7697384 kB
Buffers:            7508 kB
Cached:          2625404 kB
SwapCached:            0 kB
Active:          1963208 kB
Inactive:        2070620 kB
Active(anon):    1410336 kB
Inactive(anon):    36068 kB
Active(file):     552872 kB
Inactive(file):  2034552 kB
Unevictable:        5564 kB
Mlocked:            5564 kB
SwapTotal:       3145724 kB
SwapFree:        3145724 kB
Dirty:               424 kB
Writeback:             0 kB
AnonPages:       1406568 kB
Mapped:           960568 kB
Shmem:             41012 kB
KReclaimable:    1765952 kB
Slab:             275920 kB
SReclaimable:     120732 kB
SUnreclaim:       155188 kB
KernelStack:       50128 kB
PageTables:        68224 kB
NFS_Unstable:          0 kB
Bounce:                0 kB
WritebackTmp:          0 kB
CommitLimit:     9202292 kB
Committed_AS:   73007548 kB
VmallocTotal:   263061440 kB
VmallocUsed:      107320 kB
VmallocChunk:          0 kB
Percpu:             7712 kB
CmaTotal:         294912 kB
CmaFree:               0 kB
MemTotal:       12113136 kB
MemFree:         4211148 kB
MemAvailable:    7695824 kB
Buffers:            7508 kB
Cached:          2625408 kB
SwapCached:            0 kB
Active:          1964412 kB
Inactive:        2070624 kB
Active(anon):    1411540 kB
Inactive(anon):    36068 kB
Active(file):     552872 kB
Inactive(file):  2034556 kB
Unevictable:        5564 kB
Mlocked:            5564 kB
SwapTotal:       3145724 kB
SwapFree:        3145724 kB
Dirty:               448 kB
Writeback:             0 kB
AnonPages:       1407200 kB
Mapped:           960868 kB
Shmem:             41012 kB
KReclaimable:    1765952 kB
Slab:             275928 kB
SReclaimable:     120732 kB
SUnreclaim:       155196 kB
KernelStack:       50192 kB
PageTables:        68284 kB
NFS_Unstable:          0 kB
Bounce:                0 kB
WritebackTmp:          0 kB
CommitLimit:     9202292 kB
Committed_AS:   73004936 kB
VmallocTotal:   263061440 kB
VmallocUsed:      107288 kB
VmallocChunk:          0 kB
Percpu:             7712 kB
CmaTotal:         294912 kB
CmaFree:               0 kB
MemTotal:       12113136 kB
MemFree:         4209920 kB
MemAvailable:    7694636 kB
Buffers:            7508 kB
Cached:          2625448 kB
SwapCached:            0 kB
Active:          1965580 kB
Inactive:        2070664 kB
Active(anon):    1412708 kB
Inactive(anon):    36068 kB
Active(file):     552872 kB
Inactive(file):  2034596 kB
Unevictable:        5564 kB
Mlocked:            5564 kB
SwapTotal:       3145724 kB
SwapFree:        3145724 kB
Dirty:               532 kB
Writeback:             0 kB
AnonPages:       1408740 kB
Mapped:           960564 kB
Shmem:             41012 kB
KReclaimable:    1765952 kB
Slab:             275884 kB
SReclaimable:     120732 kB
SUnreclaim:       155152 kB
KernelStack:       50176 kB
PageTables:        68148 kB
NFS_Unstable:          0 kB
Bounce:                0 kB
WritebackTmp:          0 kB
CommitLimit:     9202292 kB
Committed_AS:   73005040 kB
VmallocTotal:   263061440 kB
VmallocUsed:      107320 kB
VmallocChunk:          0 kB
Percpu:             7712 kB
CmaTotal:         294912 kB
CmaFree:              20 kB
MemTotal:       12113136 kB
MemFree:         4207868 kB
MemAvailable:    7692596 kB
Buffers:            7508 kB
Cached:          2625460 kB
SwapCached:            0 kB
Active:          1968900 kB
Inactive:        2070676 kB
Active(anon):    1416028 kB
Inactive(anon):    36068 kB
Active(file):     552872 kB
Inactive(file):  2034608 kB
Unevictable:        5564 kB
Mlocked:            5564 kB
SwapTotal:       3145724 kB
SwapFree:        3145724 kB
Dirty:               576 kB
Writeback:             0 kB
AnonPages:       1412264 kB
Mapped:           960564 kB
Shmem:             41012 kB
KReclaimable:    1765952 kB
Slab:             275924 kB
SReclaimable:     120732 kB
SUnreclaim:       155192 kB
KernelStack:       50160 kB
PageTables:        68108 kB
NFS_Unstable:          0 kB
Bounce:                0 kB
WritebackTmp:          0 kB
CommitLimit:     9202292 kB
Committed_AS:   72994340 kB
VmallocTotal:   263061440 kB
VmallocUsed:      107320 kB
VmallocChunk:          0 kB
Percpu:             7712 kB
CmaTotal:         294912 kB
CmaFree:               0 kB
MemTotal:       12113136 kB
MemFree:         4207204 kB
MemAvailable:    7691956 kB
Buffers:            7508 kB
Cached:          2625488 kB
SwapCached:            0 kB
Active:          1968600 kB
Inactive:        2070704 kB
Active(anon):    1415728 kB
Inactive(anon):    36072 kB
Active(file):     552872 kB
Inactive(file):  2034632 kB
Unevictable:        5564 kB
Mlocked:            5564 kB
SwapTotal:       3145724 kB
SwapFree:        3145724 kB
Dirty:               364 kB
Writeback:             0 kB
AnonPages:       1411932 kB
Mapped:           959896 kB
Shmem:             41016 kB
KReclaimable:    1765952 kB
Slab:             275932 kB
SReclaimable:     120732 kB
SUnreclaim:       155200 kB
KernelStack:       50208 kB
PageTables:        68316 kB
NFS_Unstable:          0 kB
Bounce:                0 kB
WritebackTmp:          0 kB
CommitLimit:     9202292 kB
Committed_AS:   72996052 kB
VmallocTotal:   263061440 kB
VmallocUsed:      107384 kB
VmallocChunk:          0 kB
Percpu:             7712 kB
CmaTotal:         294912 kB
CmaFree:               0 kB
MemTotal:       12113136 kB
MemFree:         4205328 kB
MemAvailable:    7690100 kB
Buffers:            7508 kB
Cached:          2625508 kB
SwapCached:            0 kB
Active:          1969672 kB
Inactive:        2070724 kB
Active(anon):    1416800 kB
Inactive(anon):    36072 kB
Active(file):     552872 kB
Inactive(file):  2034652 kB
Unevictable:        5564 kB
Mlocked:            5564 kB
SwapTotal:       3145724 kB
SwapFree:        3145724 kB
Dirty:               424 kB
Writeback:             0 kB
AnonPages:       1412912 kB
Mapped:           960100 kB
Shmem:             41016 kB
KReclaimable:    1765952 kB
Slab:             275932 kB
SReclaimable:     120732 kB
SUnreclaim:       155200 kB
KernelStack:       50208 kB
PageTables:        68140 kB
NFS_Unstable:          0 kB
Bounce:                0 kB
WritebackTmp:          0 kB
CommitLimit:     9202292 kB
Committed_AS:   72999692 kB
VmallocTotal:   263061440 kB
VmallocUsed:      107336 kB
VmallocChunk:          0 kB
Percpu:             7712 kB
CmaTotal:         294912 kB
CmaFree:               8 kB
MemTotal:       12113136 kB
MemFree:         4201164 kB
MemAvailable:    7685968 kB
Buffers:            7512 kB
Cached:          2625720 kB
SwapCached:            0 kB
Active:          1974108 kB
Inactive:        2070936 kB
Active(anon):    1421232 kB
Inactive(anon):    36256 kB
Active(file):     552876 kB
Inactive(file):  2034680 kB
Unevictable:        5564 kB
Mlocked:            5564 kB
SwapTotal:       3145724 kB
SwapFree:        3145724 kB
Dirty:               464 kB
Writeback:             0 kB
AnonPages:       1417516 kB
Mapped:           960028 kB
Shmem:             41200 kB
KReclaimable:    1765952 kB
Slab:             275892 kB
SReclaimable:     120732 kB
SUnreclaim:       155160 kB
KernelStack:       50192 kB
PageTables:        68228 kB
NFS_Unstable:          0 kB
Bounce:                0 kB
WritebackTmp:          0 kB
CommitLimit:     9202292 kB
Committed_AS:   73013204 kB
VmallocTotal:   263061440 kB
VmallocUsed:      107336 kB
VmallocChunk:          0 kB
Percpu:             7712 kB
CmaTotal:         294912 kB
CmaFree:               0 kB
MemTotal:       12113136 kB
MemFree:         4202484 kB
MemAvailable:    7687312 kB
Buffers:            7512 kB
Cached:          2625560 kB
SwapCached:            0 kB
Active:          1971708 kB
Inactive:        2070776 kB
Active(anon):    1418832 kB
Inactive(anon):    36072 kB
Active(file):     552876 kB
Inactive(file):  2034704 kB
Unevictable:        5564 kB
Mlocked:            5564 kB
SwapTotal:       3145724 kB
SwapFree:        3145724 kB
Dirty:               560 kB
Writeback:             0 kB
AnonPages:       1414936 kB
Mapped:           959832 kB
Shmem:             41016 kB
KReclaimable:    1765952 kB
Slab:             275924 kB
SReclaimable:     120732 kB
SUnreclaim:       155192 kB
KernelStack:       50144 kB
PageTables:        68172 kB
NFS_Unstable:          0 kB
Bounce:                0 kB
WritebackTmp:          0 kB
CommitLimit:     9202292 kB
Committed_AS:   73012184 kB
VmallocTotal:   263061440 kB
VmallocUsed:      107368 kB
VmallocChunk:          0 kB
Percpu:             7712 kB
CmaTotal:         294912 kB
CmaFree:             128 kB
MemTotal:       12113136 kB
MemFree:         4203056 kB
MemAvailable:    7687912 kB
Buffers:            7512 kB
Cached:          2625588 kB
SwapCached:            0 kB
Active:          1973100 kB
Inactive:        2070804 kB
Active(anon):    1420224 kB
Inactive(anon):    36072 kB
Active(file):     552876 kB
Inactive(file):  2034732 kB
Unevictable:        5564 kB
Mlocked:            5564 kB
SwapTotal:       3145724 kB
SwapFree:        3145724 kB
Dirty:               592 kB
Writeback:             0 kB
AnonPages:       1416304 kB
Mapped:           959844 kB
Shmem:             41016 kB
KReclaimable:    1765952 kB
Slab:             275900 kB
SReclaimable:     120732 kB
SUnreclaim:       155168 kB
KernelStack:       50224 kB
PageTables:        68324 kB
NFS_Unstable:          0 kB
Bounce:                0 kB
WritebackTmp:          0 kB
CommitLimit:     9202292 kB
Committed_AS:   73007292 kB
VmallocTotal:   263061440 kB
VmallocUsed:      107336 kB
VmallocChunk:          0 kB
Percpu:             7712 kB
CmaTotal:         294912 kB
CmaFree:               0 kB
MemTotal:       12113136 kB
MemFree:         4201028 kB
MemAvailable:    7685904 kB
Buffers:            7512 kB
Cached:          2625608 kB
SwapCached:            0 kB
Active:          1973848 kB
Inactive:        2070820 kB
Active(anon):    1420968 kB
Inactive(anon):    36072 kB
Active(file):     552880 kB
Inactive(file):  2034748 kB
Unevictable:        5564 kB
Mlocked:            5564 kB
SwapTotal:       3145724 kB
SwapFree:        3145724 kB
Dirty:               620 kB
Writeback:             0 kB
AnonPages:       1416928 kB
Mapped:           959840 kB
Shmem:             41016 kB
KReclaimable:    1765952 kB
Slab:             275932 kB
SReclaimable:     120732 kB
SUnreclaim:       155200 kB
KernelStack:       50160 kB
PageTables:        68076 kB
NFS_Unstable:          0 kB
Bounce:                0 kB
WritebackTmp:          0 kB
CommitLimit:     9202292 kB
Committed_AS:   73001588 kB
VmallocTotal:   263061440 kB
VmallocUsed:      107288 kB
VmallocChunk:          0 kB
Percpu:             7712 kB
CmaTotal:         294912 kB
CmaFree:               0 kB
MemTotal:       12113136 kB
MemFree:         4200692 kB
MemAvailable:    7685576 kB
Buffers:            7512 kB
Cached:          2625616 kB
SwapCached:            0 kB
Active:          1974852 kB
Inactive:        2070836 kB
Active(anon):    1421980 kB
Inactive(anon):    36072 kB
Active(file):     552872 kB
Inactive(file):  2034764 kB
Unevictable:        5564 kB
Mlocked:            5564 kB
SwapTotal:       3145724 kB
SwapFree:        3145724 kB
Dirty:               632 kB
Writeback:             0 kB
AnonPages:       1418180 kB
Mapped:           959900 kB
Shmem:             41016 kB
KReclaimable:    1765952 kB
Slab:             275916 kB
SReclaimable:     120732 kB
SUnreclaim:       155184 kB
KernelStack:       50208 kB
PageTables:        68264 kB
NFS_Unstable:          0 kB
Bounce:                0 kB
WritebackTmp:          0 kB
CommitLimit:     9202292 kB
Committed_AS:   73015632 kB
VmallocTotal:   263061440 kB
VmallocUsed:      107352 kB
VmallocChunk:          0 kB
Percpu:             7712 kB
CmaTotal:         294912 kB
CmaFree:               0 kB
MemTotal:       12113136 kB
MemFree:         4199488 kB
MemAvailable:    7684380 kB
Buffers:            7512 kB
Cached:          2625624 kB
SwapCached:            0 kB
Active:          1975812 kB
Inactive:        2070844 kB
Active(anon):    1422940 kB
Inactive(anon):    36072 kB
Active(file):     552872 kB
Inactive(file):  2034772 kB
Unevictable:        5564 kB
Mlocked:            5564 kB
SwapTotal:       3145724 kB
SwapFree:        3145724 kB
Dirty:               664 kB
Writeback:             0 kB
AnonPages:       1419344 kB
Mapped:           960148 kB
Shmem:             41016 kB
KReclaimable:    1765952 kB
Slab:             275892 kB
SReclaimable:     120732 kB
SUnreclaim:       155160 kB
KernelStack:       50256 kB
PageTables:        68308 kB
NFS_Unstable:          0 kB
Bounce:                0 kB
WritebackTmp:          0 kB
CommitLimit:     9202292 kB
Committed_AS:   73009652 kB
VmallocTotal:   263061440 kB
VmallocUsed:      107336 kB
VmallocChunk:          0 kB
Percpu:             7712 kB
CmaTotal:         294912 kB
CmaFree:               0 kB
MemTotal:       12113136 kB
MemFree:         4198288 kB
MemAvailable:    7683212 kB
Buffers:            7512 kB
Cached:          2625656 kB
SwapCached:            0 kB
Active:          1976436 kB
Inactive:        2070872 kB
Active(anon):    1423560 kB
Inactive(anon):    36072 kB
Active(file):     552876 kB
Inactive(file):  2034800 kB
Unevictable:        5564 kB
Mlocked:            5564 kB
SwapTotal:       3145724 kB
SwapFree:        3145724 kB
Dirty:               688 kB
Writeback:             0 kB
AnonPages:       1419516 kB
Mapped:           959876 kB
Shmem:             41016 kB
KReclaimable:    1765952 kB
Slab:             275916 kB
SReclaimable:     120732 kB
SUnreclaim:       155184 kB
KernelStack:       50208 kB
PageTables:        68264 kB
NFS_Unstable:          0 kB
Bounce:                0 kB
WritebackTmp:          0 kB
CommitLimit:     9202292 kB
Committed_AS:   72999252 kB
VmallocTotal:   263061440 kB
VmallocUsed:      107368 kB
VmallocChunk:          0 kB
Percpu:             7712 kB
CmaTotal:         294912 kB
CmaFree:              96 kB
MemTotal:       12113136 kB
MemFree:         4197356 kB
MemAvailable:    7682304 kB
Buffers:            7512 kB
Cached:          2625680 kB
SwapCached:            0 kB
Active:          1978492 kB
Inactive:        2070896 kB
Active(anon):    1425616 kB
Inactive(anon):    36072 kB
Active(file):     552876 kB
Inactive(file):  2034824 kB
Unevictable:        5564 kB
Mlocked:            5564 kB
SwapTotal:       3145724 kB
SwapFree:        3145724 kB
Dirty:               760 kB
Writeback:             0 kB
AnonPages:       1421732 kB
Mapped:           959844 kB
Shmem:             41016 kB
KReclaimable:    1765952 kB
Slab:             275908 kB
SReclaimable:     120732 kB
SUnreclaim:       155176 kB
KernelStack:       50208 kB
PageTables:        68328 kB
NFS_Unstable:          0 kB
Bounce:                0 kB
WritebackTmp:          0 kB
CommitLimit:     9202292 kB
Committed_AS:   73015676 kB
VmallocTotal:   263061440 kB
VmallocUsed:      107368 kB
VmallocChunk:          0 kB
Percpu:             7712 kB
CmaTotal:         294912 kB
CmaFree:               0 kB
MemTotal:       12113136 kB
MemFree:         4196992 kB
MemAvailable:    7681964 kB
Buffers:            7512 kB
Cached:          2625704 kB
SwapCached:            0 kB
Active:          1979564 kB
Inactive:        2070920 kB
Active(anon):    1426688 kB
Inactive(anon):    36072 kB
Active(file):     552876 kB
Inactive(file):  2034848 kB
Unevictable:        5564 kB
Mlocked:            5564 kB
SwapTotal:       3145724 kB
SwapFree:        3145724 kB
Dirty:               300 kB
Writeback:             0 kB
AnonPages:       1422520 kB
Mapped:           959920 kB
Shmem:             41016 kB
KReclaimable:    1765952 kB
Slab:             275900 kB
SReclaimable:     120732 kB
SUnreclaim:       155168 kB
KernelStack:       50288 kB
PageTables:        68492 kB
NFS_Unstable:          0 kB
Bounce:                0 kB
WritebackTmp:          0 kB
CommitLimit:     9202292 kB
Committed_AS:   73010520 kB
VmallocTotal:   263061440 kB
VmallocUsed:      107384 kB
VmallocChunk:          0 kB
Percpu:             7712 kB
CmaTotal:         294912 kB
CmaFree:               0 kB
MemTotal:       12113136 kB
MemFree:         4194388 kB
MemAvailable:    7679392 kB
Buffers:            7512 kB
Cached:          2625736 kB
SwapCached:            0 kB
Active:          1981212 kB
Inactive:        2070948 kB
Active(anon):    1428332 kB
Inactive(anon):    36072 kB
Active(file):     552880 kB
Inactive(file):  2034876 kB
Unevictable:        5564 kB
Mlocked:            5564 kB
SwapTotal:       3145724 kB
SwapFree:        3145724 kB
Dirty:               408 kB
Writeback:             0 kB
AnonPages:       1424036 kB
Mapped:           959908 kB
Shmem:             41016 kB
KReclaimable:    1765952 kB
Slab:             275892 kB
SReclaimable:     120732 kB
SUnreclaim:       155160 kB
KernelStack:       50272 kB
PageTables:        68296 kB
NFS_Unstable:          0 kB
Bounce:                0 kB
WritebackTmp:          0 kB
CommitLimit:     9202292 kB
Committed_AS:   73018076 kB
VmallocTotal:   263061440 kB
VmallocUsed:      107448 kB
VmallocChunk:          0 kB
Percpu:             7712 kB
CmaTotal:         294912 kB
CmaFree:               0 kB
MemTotal:       12113136 kB
MemFree:         4209852 kB
MemAvailable:    7694864 kB
Buffers:            7512 kB
Cached:          2625624 kB
SwapCached:            0 kB
Active:          1965732 kB
Inactive:        2070844 kB
Active(anon):    1412856 kB
Inactive(anon):    35956 kB
Active(file):     552876 kB
Inactive(file):  2034888 kB
Unevictable:        5564 kB
Mlocked:            5564 kB
SwapTotal:       3145724 kB
SwapFree:        3145724 kB
Dirty:               480 kB
Writeback:            16 kB
AnonPages:       1408996 kB
Mapped:           959820 kB
Shmem:             40896 kB
KReclaimable:    1765952 kB
Slab:             275892 kB
SReclaimable:     120732 kB
SUnreclaim:       155160 kB
KernelStack:       50288 kB
PageTables:        68288 kB
NFS_Unstable:          0 kB
Bounce:                0 kB
WritebackTmp:          0 kB
CommitLimit:     9202292 kB
Committed_AS:   73015924 kB
VmallocTotal:   263061440 kB
VmallocUsed:      107432 kB
VmallocChunk:          0 kB
Percpu:             7712 kB
CmaTotal:         294912 kB
CmaFree:             268 kB
MemTotal:       12113136 kB
MemFree:         4209036 kB
MemAvailable:    7694072 kB
Buffers:            7512 kB
Cached:          2625768 kB
SwapCached:            0 kB
Active:          1968476 kB
Inactive:        2070984 kB
Active(anon):    1415600 kB
Inactive(anon):    36072 kB
Active(file):     552876 kB
Inactive(file):  2034912 kB
Unevictable:        5564 kB
Mlocked:            5564 kB
SwapTotal:       3145724 kB
SwapFree:        3145724 kB
Dirty:               524 kB
Writeback:             0 kB
AnonPages:       1411656 kB
Mapped:           959860 kB
Shmem:             41016 kB
KReclaimable:    1765952 kB
Slab:             275892 kB
SReclaimable:     120732 kB
SUnreclaim:       155160 kB
KernelStack:       50304 kB
PageTables:        68180 kB
NFS_Unstable:          0 kB
Bounce:                0 kB
WritebackTmp:          0 kB
CommitLimit:     9202292 kB
Committed_AS:   73015192 kB
VmallocTotal:   263061440 kB
VmallocUsed:      107432 kB
VmallocChunk:          0 kB
Percpu:             7712 kB
CmaTotal:         294912 kB
CmaFree:               0 kB
MemTotal:       12113136 kB
MemFree:         4205488 kB
MemAvailable:    7690336 kB
Buffers:            7512 kB
Cached:          2625784 kB
SwapCached:            0 kB
Active:          1969736 kB
Inactive:        2071000 kB
Active(anon):    1416860 kB
Inactive(anon):    36072 kB
Active(file):     552876 kB
Inactive(file):  2034928 kB
Unevictable:        5564 kB
Mlocked:            5564 kB
SwapTotal:       3145724 kB
SwapFree:        3145724 kB
Dirty:               552 kB
Writeback:             0 kB
AnonPages:       1412904 kB
Mapped:           960008 kB
Shmem:             41016 kB
KReclaimable:    1765748 kB
Slab:             275900 kB
SReclaimable:     120732 kB
SUnreclaim:       155168 kB
KernelStack:       50320 kB
PageTables:        68396 kB
NFS_Unstable:          0 kB
Bounce:                0 kB
WritebackTmp:          0 kB
CommitLimit:     9202292 kB
Committed_AS:   73009544 kB
VmallocTotal:   263061440 kB
VmallocUsed:      107464 kB
VmallocChunk:          0 kB
Percpu:             7712 kB
CmaTotal:         294912 kB
CmaFree:               0 kB
MemTotal:       12113136 kB
MemFree:         4204048 kB
MemAvailable:    7688908 kB
Buffers:            7512 kB
Cached:          2625796 kB
SwapCached:            0 kB
Active:          1970476 kB
Inactive:        2071012 kB
Active(anon):    1417600 kB
Inactive(anon):    36072 kB
Active(file):     552876 kB
Inactive(file):  2034940 kB
Unevictable:        5564 kB
Mlocked:            5564 kB
SwapTotal:       3145724 kB
SwapFree:        3145724 kB
Dirty:               272 kB
Writeback:             0 kB
AnonPages:       1413736 kB
Mapped:           959856 kB
Shmem:             41016 kB
KReclaimable:    1765748 kB
Slab:             275916 kB
SReclaimable:     120732 kB
SUnreclaim:       155184 kB
KernelStack:       50288 kB
PageTables:        68288 kB
NFS_Unstable:          0 kB
Bounce:                0 kB
WritebackTmp:          0 kB
CommitLimit:     9202292 kB
Committed_AS:   73020396 kB
VmallocTotal:   263061440 kB
VmallocUsed:      107448 kB
VmallocChunk:          0 kB
Percpu:             7712 kB
CmaTotal:         294912 kB
CmaFree:               0 kB
MemTotal:       12113136 kB
MemFree:         4203776 kB
MemAvailable:    7688660 kB
Buffers:            7512 kB
Cached:          2625820 kB
SwapCached:            0 kB
Active:          1971756 kB
Inactive:        2071036 kB
Active(anon):    1418880 kB
Inactive(anon):    36072 kB
Active(file):     552876 kB
Inactive(file):  2034964 kB
Unevictable:        5564 kB
Mlocked:            5564 kB
SwapTotal:       3145724 kB
SwapFree:        3145724 kB
Dirty:               368 kB
Writeback:             0 kB
AnonPages:       1414832 kB
Mapped:           960020 kB
Shmem:             41016 kB
KReclaimable:    1765748 kB
Slab:             275924 kB
SReclaimable:     120732 kB
SUnreclaim:       155192 kB
KernelStack:       50352 kB
PageTables:        68508 kB
NFS_Unstable:          0 kB
Bounce:                0 kB
WritebackTmp:          0 kB
CommitLimit:     9202292 kB
Committed_AS:   73015384 kB
VmallocTotal:   263061440 kB
VmallocUsed:      107416 kB
VmallocChunk:          0 kB
Percpu:             7712 kB
CmaTotal:         294912 kB
CmaFree:               4 kB
MemTotal:       12113136 kB
MemFree:         4201812 kB
MemAvailable:    7686708 kB
Buffers:            7520 kB
Cached:          2625824 kB
SwapCached:            0 kB
Active:          1973176 kB
Inactive:        2071044 kB
Active(anon):    1420296 kB
Inactive(anon):    36072 kB
Active(file):     552880 kB
Inactive(file):  2034972 kB
Unevictable:        5564 kB
Mlocked:            5564 kB
SwapTotal:       3145724 kB
SwapFree:        3145724 kB
Dirty:               384 kB
Writeback:             0 kB
AnonPages:       1416304 kB
Mapped:           960080 kB
Shmem:             41016 kB
KReclaimable:    1765748 kB
Slab:             275916 kB
SReclaimable:     120732 kB
SUnreclaim:       155184 kB
KernelStack:       50308 kB
PageTables:        68112 kB
NFS_Unstable:          0 kB
Bounce:                0 kB
WritebackTmp:          0 kB
CommitLimit:     9202292 kB
Committed_AS:   73015236 kB
VmallocTotal:   263061440 kB
VmallocUsed:      107432 kB
VmallocChunk:          0 kB
Percpu:             7712 kB
CmaTotal:         294912 kB
CmaFree:               0 kB
MemTotal:       12113136 kB
MemFree:         4203060 kB
MemAvailable:    7688012 kB
Buffers:            7520 kB
Cached:          2625880 kB
SwapCached:            0 kB
Active:          1970108 kB
Inactive:        2071096 kB
Active(anon):    1417224 kB
Inactive(anon):    36072 kB
Active(file):     552884 kB
Inactive(file):  2035024 kB
Unevictable:        5564 kB
Mlocked:            5564 kB
SwapTotal:       3145724 kB
SwapFree:        3145724 kB
Dirty:               468 kB
Writeback:             0 kB
AnonPages:       1413296 kB
Mapped:           959960 kB
Shmem:             41016 kB
KReclaimable:    1765748 kB
Slab:             275924 kB
SReclaimable:     120732 kB
SUnreclaim:       155192 kB
KernelStack:       50320 kB
PageTables:        68284 kB
NFS_Unstable:          0 kB
Bounce:                0 kB
WritebackTmp:          0 kB
CommitLimit:     9202292 kB
Committed_AS:   73015552 kB
VmallocTotal:   263061440 kB
VmallocUsed:      107432 kB
VmallocChunk:          0 kB
Percpu:             7712 kB
CmaTotal:         294912 kB
CmaFree:               0 kB
MemTotal:       12113136 kB
MemFree:         4202484 kB
MemAvailable:    7687460 kB
Buffers:            7520 kB
Cached:          2625904 kB
SwapCached:            0 kB
Active:          1971456 kB
Inactive:        2071120 kB
Active(anon):    1418572 kB
Inactive(anon):    36072 kB
Active(file):     552884 kB
Inactive(file):  2035048 kB
Unevictable:        5564 kB
Mlocked:            5564 kB
SwapTotal:       3145724 kB
SwapFree:        3145724 kB
Dirty:               500 kB
Writeback:             0 kB
AnonPages:       1414280 kB
Mapped:           959936 kB
Shmem:             41016 kB
KReclaimable:    1765748 kB
Slab:             275908 kB
SReclaimable:     120732 kB
SUnreclaim:       155176 kB
KernelStack:       50256 kB
PageTables:        68100 kB
NFS_Unstable:          0 kB
Bounce:                0 kB
WritebackTmp:          0 kB
CommitLimit:     9202292 kB
Committed_AS:   73009180 kB
VmallocTotal:   263061440 kB
VmallocUsed:      107480 kB
VmallocChunk:          0 kB
Percpu:             7712 kB
CmaTotal:         294912 kB
CmaFree:             144 kB
MemTotal:       12113136 kB
MemFree:         4202284 kB
MemAvailable:    7687276 kB
Buffers:            7520 kB
Cached:          2625920 kB
SwapCached:            0 kB
Active:          1972272 kB
Inactive:        2071136 kB
Active(anon):    1419388 kB
Inactive(anon):    36072 kB
Active(file):     552884 kB
Inactive(file):  2035064 kB
Unevictable:        5564 kB
Mlocked:            5564 kB
SwapTotal:       3145724 kB
SwapFree:        3145724 kB
Dirty:               352 kB
Writeback:             0 kB
AnonPages:       1415556 kB
Mapped:           960200 kB
Shmem:             41016 kB
KReclaimable:    1765748 kB
Slab:             275884 kB
SReclaimable:     120732 kB
SUnreclaim:       155152 kB
KernelStack:       50340 kB
PageTables:        68308 kB
NFS_Unstable:          0 kB
Bounce:                0 kB
WritebackTmp:          0 kB
CommitLimit:     9202292 kB
Committed_AS:   73005444 kB
VmallocTotal:   263061440 kB
VmallocUsed:      107432 kB
VmallocChunk:          0 kB
Percpu:             7712 kB
CmaTotal:         294912 kB
CmaFree:               0 kB
MemTotal:       12113136 kB
MemFree:         4201720 kB
MemAvailable:    7686728 kB
Buffers:            7520 kB
Cached:          2625936 kB
SwapCached:            0 kB
Active:          1973628 kB
Inactive:        2071152 kB
Active(anon):    1420744 kB
Inactive(anon):    36072 kB
Active(file):     552884 kB
Inactive(file):  2035080 kB
Unevictable:        5564 kB
Mlocked:            5564 kB
SwapTotal:       3145724 kB
SwapFree:        3145724 kB
Dirty:               392 kB
Writeback:             0 kB
AnonPages:       1416788 kB
Mapped:           959968 kB
Shmem:             41016 kB
KReclaimable:    1765748 kB
Slab:             275884 kB
SReclaimable:     120732 kB
SUnreclaim:       155152 kB
KernelStack:       50208 kB
PageTables:        68220 kB
NFS_Unstable:          0 kB
Bounce:                0 kB
WritebackTmp:          0 kB
CommitLimit:     9202292 kB
Committed_AS:   73014648 kB
VmallocTotal:   263061440 kB
VmallocUsed:      107416 kB
VmallocChunk:          0 kB
Percpu:             7712 kB
CmaTotal:         294912 kB
CmaFree:               0 kB
MemTotal:       12113136 kB
MemFree:         4201220 kB
MemAvailable:    7686256 kB
Buffers:            7520 kB
Cached:          2625964 kB
SwapCached:            0 kB
Active:          1973836 kB
Inactive:        2071180 kB
Active(anon):    1420952 kB
Inactive(anon):    36072 kB
Active(file):     552884 kB
Inactive(file):  2035108 kB
Unevictable:        5564 kB
Mlocked:            5564 kB
SwapTotal:       3145724 kB
SwapFree:        3145724 kB
Dirty:               464 kB
Writeback:             0 kB
AnonPages:       1417112 kB
Mapped:           960012 kB
Shmem:             41016 kB
KReclaimable:    1765748 kB
Slab:             275892 kB
SReclaimable:     120732 kB
SUnreclaim:       155160 kB
KernelStack:       50336 kB
PageTables:        68328 kB
NFS_Unstable:          0 kB
Bounce:                0 kB
WritebackTmp:          0 kB
CommitLimit:     9202292 kB
Committed_AS:   73013804 kB
VmallocTotal:   263061440 kB
VmallocUsed:      107448 kB
VmallocChunk:          0 kB
Percpu:             7712 kB
CmaTotal:         294912 kB
CmaFree:               0 kB
MemTotal:       12113136 kB
MemFree:         4196448 kB
MemAvailable:    7681492 kB
Buffers:            7520 kB
Cached:          2625972 kB
SwapCached:            0 kB
Active:          1976856 kB
Inactive:        2071188 kB
Active(anon):    1423972 kB
Inactive(anon):    36072 kB
Active(file):     552884 kB
Inactive(file):  2035116 kB
Unevictable:        5564 kB
Mlocked:            5564 kB
SwapTotal:       3145724 kB
SwapFree:        3145724 kB
Dirty:               476 kB
Writeback:             0 kB
AnonPages:       1420240 kB
Mapped:           960196 kB
Shmem:             41016 kB
KReclaimable:    1765748 kB
Slab:             275884 kB
SReclaimable:     120732 kB
SUnreclaim:       155152 kB
KernelStack:       50324 kB
PageTables:        68184 kB
NFS_Unstable:          0 kB
Bounce:                0 kB
WritebackTmp:          0 kB
CommitLimit:     9202292 kB
Committed_AS:   73022724 kB
VmallocTotal:   263061440 kB
VmallocUsed:      107464 kB
VmallocChunk:          0 kB
Percpu:             7712 kB
CmaTotal:         294912 kB
CmaFree:               0 kB
MemTotal:       12113136 kB
MemFree:         4196348 kB
MemAvailable:    7681416 kB
Buffers:            7520 kB
Cached:          2625996 kB
SwapCached:            0 kB
Active:          1978304 kB
Inactive:        2071212 kB
Active(anon):    1425420 kB
Inactive(anon):    36072 kB
Active(file):     552884 kB
Inactive(file):  2035140 kB
Unevictable:        5564 kB
Mlocked:            5564 kB
SwapTotal:       3145724 kB
SwapFree:        3145724 kB
Dirty:               564 kB
Writeback:             0 kB
AnonPages:       1421448 kB
Mapped:           960036 kB
Shmem:             41016 kB
KReclaimable:    1765748 kB
Slab:             275884 kB
SReclaimable:     120732 kB
SUnreclaim:       155152 kB
KernelStack:       50352 kB
PageTables:        68340 kB
NFS_Unstable:          0 kB
Bounce:                0 kB
WritebackTmp:          0 kB
CommitLimit:     9202292 kB
Committed_AS:   73022716 kB
VmallocTotal:   263061440 kB
VmallocUsed:      107496 kB
VmallocChunk:          0 kB
Percpu:             7712 kB
CmaTotal:         294912 kB
CmaFree:               0 kB
MemTotal:       12113136 kB
MemFree:         4195620 kB
MemAvailable:    7680716 kB
Buffers:            7520 kB
Cached:          2626024 kB
SwapCached:            0 kB
Active:          1979452 kB
Inactive:        2071240 kB
Active(anon):    1426568 kB
Inactive(anon):    36072 kB
Active(file):     552884 kB
Inactive(file):  2035168 kB
Unevictable:        5564 kB
Mlocked:            5564 kB
SwapTotal:       3145724 kB
SwapFree:        3145724 kB
Dirty:               300 kB
Writeback:             0 kB
AnonPages:       1422568 kB
Mapped:           960072 kB
Shmem:             41016 kB
KReclaimable:    1765748 kB
Slab:             275892 kB
SReclaimable:     120732 kB
SUnreclaim:       155160 kB
KernelStack:       50288 kB
PageTables:        68228 kB
NFS_Unstable:          0 kB
Bounce:                0 kB
WritebackTmp:          0 kB
CommitLimit:     9202292 kB
Committed_AS:   73011316 kB
VmallocTotal:   263061440 kB
VmallocUsed:      107480 kB
VmallocChunk:          0 kB
Percpu:             7712 kB
CmaTotal:         294912 kB
CmaFree:               0 kB
MemTotal:       12113136 kB
MemFree:         4196012 kB
MemAvailable:    7681200 kB
Buffers:            7520 kB
Cached:          2626112 kB
SwapCached:            0 kB
Active:          1977648 kB
Inactive:        2071312 kB
Active(anon):    1424748 kB
Inactive(anon):    36072 kB
Active(file):     552900 kB
Inactive(file):  2035240 kB
Unevictable:        5564 kB
Mlocked:            5564 kB
SwapTotal:       3145724 kB
SwapFree:        3145724 kB
Dirty:               248 kB
Writeback:             0 kB
AnonPages:       1421068 kB
Mapped:           960172 kB
Shmem:             41016 kB
KReclaimable:    1765752 kB
Slab:             275896 kB
SReclaimable:     120736 kB
SUnreclaim:       155160 kB
KernelStack:       50352 kB
PageTables:        68388 kB
NFS_Unstable:          0 kB
Bounce:                0 kB
WritebackTmp:          0 kB
CommitLimit:     9202292 kB
Committed_AS:   73017516 kB
VmallocTotal:   263061440 kB
VmallocUsed:      107512 kB
VmallocChunk:          0 kB
Percpu:             7712 kB
CmaTotal:         294912 kB
CmaFree:               0 kB
MemTotal:       12113136 kB
MemFree:         4194664 kB
MemAvailable:    7679844 kB
Buffers:            7520 kB
Cached:          2626096 kB
SwapCached:            0 kB
Active:          1979328 kB
Inactive:        2071308 kB
Active(anon):    1426440 kB
Inactive(anon):    36072 kB
Active(file):     552888 kB
Inactive(file):  2035236 kB
Unevictable:        5564 kB
Mlocked:            5564 kB
SwapTotal:       3145724 kB
SwapFree:        3145724 kB
Dirty:               304 kB
Writeback:             0 kB
AnonPages:       1422612 kB
Mapped:           959536 kB
Shmem:             41016 kB
KReclaimable:    1765760 kB
Slab:             275896 kB
SReclaimable:     120744 kB
SUnreclaim:       155152 kB
KernelStack:       50324 kB
PageTables:        68520 kB
NFS_Unstable:          0 kB
Bounce:                0 kB
WritebackTmp:          0 kB
CommitLimit:     9202292 kB
Committed_AS:   73021064 kB
VmallocTotal:   263061440 kB
VmallocUsed:      107496 kB
VmallocChunk:          0 kB
Percpu:             7712 kB
CmaTotal:         294912 kB
CmaFree:               4 kB
MemTotal:       12113136 kB
MemFree:         4199040 kB
MemAvailable:    7684232 kB
Buffers:            7520 kB
Cached:          2626108 kB
SwapCached:            0 kB
Active:          1973444 kB
Inactive:        2071320 kB
Active(anon):    1420556 kB
Inactive(anon):    36072 kB
Active(file):     552888 kB
Inactive(file):  2035248 kB
Unevictable:        5564 kB
Mlocked:            5564 kB
SwapTotal:       3145724 kB
SwapFree:        3145724 kB
Dirty:               336 kB
Writeback:             0 kB
AnonPages:       1416984 kB
Mapped:           959732 kB
Shmem:             41016 kB
KReclaimable:    1765760 kB
Slab:             275896 kB
SReclaimable:     120744 kB
SUnreclaim:       155152 kB
KernelStack:       50432 kB
PageTables:        68312 kB
NFS_Unstable:          0 kB
Bounce:                0 kB
WritebackTmp:          0 kB
CommitLimit:     9202292 kB
Committed_AS:   73021132 kB
VmallocTotal:   263061440 kB
VmallocUsed:      107608 kB
VmallocChunk:          0 kB
Percpu:             7712 kB
CmaTotal:         294912 kB
CmaFree:               0 kB
MemTotal:       12113136 kB
MemFree:         4199208 kB
MemAvailable:    7684408 kB
Buffers:            7520 kB
Cached:          2626116 kB
SwapCached:            0 kB
Active:          1975076 kB
Inactive:        2071324 kB
Active(anon):    1422184 kB
Inactive(anon):    36072 kB
Active(file):     552892 kB
Inactive(file):  2035252 kB
Unevictable:        5564 kB
Mlocked:            5564 kB
SwapTotal:       3145724 kB
SwapFree:        3145724 kB
Dirty:               456 kB
Writeback:             0 kB
AnonPages:       1418592 kB
Mapped:           959616 kB
Shmem:             41016 kB
KReclaimable:    1765760 kB
Slab:             275896 kB
SReclaimable:     120744 kB
SUnreclaim:       155152 kB
KernelStack:       50516 kB
PageTables:        68396 kB
NFS_Unstable:          0 kB
Bounce:                0 kB
WritebackTmp:          0 kB
CommitLimit:     9202292 kB
Committed_AS:   73005016 kB
VmallocTotal:   263061440 kB
VmallocUsed:      107640 kB
VmallocChunk:          0 kB
Percpu:             7712 kB
CmaTotal:         294912 kB
CmaFree:               0 kB
MemTotal:       12113136 kB
MemFree:         4196420 kB
MemAvailable:    7681656 kB
Buffers:            7520 kB
Cached:          2626160 kB
SwapCached:            0 kB
Active:          1980784 kB
Inactive:        2071368 kB
Active(anon):    1427892 kB
Inactive(anon):    36080 kB
Active(file):     552892 kB
Inactive(file):  2035288 kB
Unevictable:        5564 kB
Mlocked:            5564 kB
SwapTotal:       3145724 kB
SwapFree:        3145724 kB
Dirty:               592 kB
Writeback:             0 kB
AnonPages:       1424164 kB
Mapped:           972840 kB
Shmem:             41024 kB
KReclaimable:    1765760 kB
Slab:             275904 kB
SReclaimable:     120744 kB
SUnreclaim:       155160 kB
KernelStack:       50496 kB
PageTables:        68276 kB
NFS_Unstable:          0 kB
Bounce:                0 kB
WritebackTmp:          0 kB
CommitLimit:     9202292 kB
Committed_AS:   73006268 kB
VmallocTotal:   263061440 kB
VmallocUsed:      107656 kB
VmallocChunk:          0 kB
Percpu:             7712 kB
CmaTotal:         294912 kB
CmaFree:               0 kB
MemTotal:       12113136 kB
MemFree:         4191956 kB
MemAvailable:    7677212 kB
Buffers:            7520 kB
Cached:          2626180 kB
SwapCached:            0 kB
Active:          1981628 kB
Inactive:        2071388 kB
Active(anon):    1428736 kB
Inactive(anon):    36080 kB
Active(file):     552892 kB
Inactive(file):  2035308 kB
Unevictable:        5564 kB
Mlocked:            5564 kB
SwapTotal:       3145724 kB
SwapFree:        3145724 kB
Dirty:               656 kB
Writeback:             0 kB
AnonPages:       1424860 kB
Mapped:           972952 kB
Shmem:             41024 kB
KReclaimable:    1765760 kB
Slab:             275904 kB
SReclaimable:     120744 kB
SUnreclaim:       155160 kB
KernelStack:       50416 kB
PageTables:        68260 kB
NFS_Unstable:          0 kB
Bounce:                0 kB
WritebackTmp:          0 kB
CommitLimit:     9202292 kB
Committed_AS:   73011156 kB
VmallocTotal:   263061440 kB
VmallocUsed:      107560 kB
VmallocChunk:          0 kB
Percpu:             7712 kB
CmaTotal:         294912 kB
CmaFree:               0 kB
MemTotal:       12113136 kB
MemFree:         4206548 kB
MemAvailable:    7691836 kB
Buffers:            7520 kB
Cached:          2626216 kB
SwapCached:            0 kB
Active:          1966748 kB
Inactive:        2071420 kB
Active(anon):    1413852 kB
Inactive(anon):    36084 kB
Active(file):     552896 kB
Inactive(file):  2035336 kB
Unevictable:        5564 kB
Mlocked:            5564 kB
SwapTotal:       3145724 kB
SwapFree:        3145724 kB
Dirty:               756 kB
Writeback:             0 kB
AnonPages:       1409964 kB
Mapped:           959640 kB
Shmem:             41028 kB
KReclaimable:    1765760 kB
Slab:             275896 kB
SReclaimable:     120744 kB
SUnreclaim:       155152 kB
KernelStack:       50448 kB
PageTables:        68484 kB
NFS_Unstable:          0 kB
Bounce:                0 kB
WritebackTmp:          0 kB
CommitLimit:     9202292 kB
Committed_AS:   73006520 kB
VmallocTotal:   263061440 kB
VmallocUsed:      107592 kB
VmallocChunk:          0 kB
Percpu:             7712 kB
CmaTotal:         294912 kB
CmaFree:             176 kB
MemTotal:       12113136 kB
MemFree:         4204464 kB
MemAvailable:    7689780 kB
Buffers:            7524 kB
Cached:          2626416 kB
SwapCached:            0 kB
Active:          1971400 kB
Inactive:        2071624 kB
Active(anon):    1418504 kB
Inactive(anon):    36260 kB
Active(file):     552896 kB
Inactive(file):  2035364 kB
Unevictable:        5564 kB
Mlocked:            5564 kB
SwapTotal:       3145724 kB
SwapFree:        3145724 kB
Dirty:               748 kB
Writeback:             0 kB
AnonPages:       1414340 kB
Mapped:           960008 kB
Shmem:             41204 kB
KReclaimable:    1765760 kB
Slab:             275896 kB
SReclaimable:     120744 kB
SUnreclaim:       155152 kB
KernelStack:       50496 kB
PageTables:        68212 kB
NFS_Unstable:          0 kB
Bounce:                0 kB
WritebackTmp:          0 kB
CommitLimit:     9202292 kB
Committed_AS:   73029028 kB
VmallocTotal:   263061440 kB
VmallocUsed:      107592 kB
VmallocChunk:          0 kB
Percpu:             7712 kB
CmaTotal:         294912 kB
CmaFree:               0 kB
MemTotal:       12113136 kB
MemFree:         4201436 kB
MemAvailable:    7686772 kB
Buffers:            7524 kB
Cached:          2626260 kB
SwapCached:            0 kB
Active:          1973076 kB
Inactive:        2071468 kB
Active(anon):    1420180 kB
Inactive(anon):    36084 kB
Active(file):     552896 kB
Inactive(file):  2035384 kB
Unevictable:        5564 kB
Mlocked:            5564 kB
SwapTotal:       3145724 kB
SwapFree:        3145724 kB
Dirty:               768 kB
Writeback:             0 kB
AnonPages:       1416180 kB
Mapped:           959672 kB
Shmem:             41028 kB
KReclaimable:    1765760 kB
Slab:             275888 kB
SReclaimable:     120744 kB
SUnreclaim:       155144 kB
KernelStack:       50464 kB
PageTables:        68408 kB
NFS_Unstable:          0 kB
Bounce:                0 kB
WritebackTmp:          0 kB
CommitLimit:     9202292 kB
Committed_AS:   73021012 kB
VmallocTotal:   263061440 kB
VmallocUsed:      107592 kB
VmallocChunk:          0 kB
Percpu:             7712 kB
CmaTotal:         294912 kB
CmaFree:               0 kB
MemTotal:       12113136 kB
MemFree:         4199812 kB
MemAvailable:    7685156 kB
Buffers:            7524 kB
Cached:          2626268 kB
SwapCached:            0 kB
Active:          1973848 kB
Inactive:        2071480 kB
Active(anon):    1420956 kB
Inactive(anon):    36084 kB
Active(file):     552892 kB
Inactive(file):  2035396 kB
Unevictable:        5564 kB
Mlocked:            5564 kB
SwapTotal:       3145724 kB
SwapFree:        3145724 kB
Dirty:               780 kB
Writeback:             0 kB
AnonPages:       1417012 kB
Mapped:           959948 kB
Shmem:             41028 kB
KReclaimable:    1765760 kB
Slab:             275896 kB
SReclaimable:     120744 kB
SUnreclaim:       155152 kB
KernelStack:       50480 kB
PageTables:        68304 kB
NFS_Unstable:          0 kB
Bounce:                0 kB
WritebackTmp:          0 kB
CommitLimit:     9202292 kB
Committed_AS:   73016816 kB
VmallocTotal:   263061440 kB
VmallocUsed:      107624 kB
VmallocChunk:          0 kB
Percpu:             7712 kB
CmaTotal:         294912 kB
CmaFree:               4 kB
MemTotal:       12113136 kB
MemFree:         4198620 kB
MemAvailable:    7683992 kB
Buffers:            7524 kB
Cached:          2626296 kB
SwapCached:            0 kB
Active:          1975112 kB
Inactive:        2071508 kB
Active(anon):    1422220 kB
Inactive(anon):    36084 kB
Active(file):     552892 kB
Inactive(file):  2035424 kB
Unevictable:        5564 kB
Mlocked:            5564 kB
SwapTotal:       3145724 kB
SwapFree:        3145724 kB
Dirty:               820 kB
Writeback:             0 kB
AnonPages:       1418236 kB
Mapped:           959984 kB
Shmem:             41028 kB
KReclaimable:    1765760 kB
Slab:             275896 kB
SReclaimable:     120744 kB
SUnreclaim:       155152 kB
KernelStack:       50448 kB
PageTables:        68244 kB
NFS_Unstable:          0 kB
Bounce:                0 kB
WritebackTmp:          0 kB
CommitLimit:     9202292 kB
Committed_AS:   73020624 kB
VmallocTotal:   263061440 kB
VmallocUsed:      107656 kB
VmallocChunk:          0 kB
Percpu:             7712 kB
CmaTotal:         294912 kB
CmaFree:               0 kB
MemTotal:       12113136 kB
MemFree:         4199836 kB
MemAvailable:    7685244 kB
Buffers:            7524 kB
Cached:          2626332 kB
SwapCached:            0 kB
Active:          1973216 kB
Inactive:        2071536 kB
Active(anon):    1420316 kB
Inactive(anon):    36084 kB
Active(file):     552900 kB
Inactive(file):  2035452 kB
Unevictable:        5564 kB
Mlocked:            5564 kB
SwapTotal:       3145724 kB
SwapFree:        3145724 kB
Dirty:               848 kB
Writeback:             0 kB
AnonPages:       1416036 kB
Mapped:           959772 kB
Shmem:             41028 kB
KReclaimable:    1765760 kB
Slab:             275896 kB
SReclaimable:     120744 kB
SUnreclaim:       155152 kB
KernelStack:       50512 kB
PageTables:        68360 kB
NFS_Unstable:          0 kB
Bounce:                0 kB
WritebackTmp:          0 kB
CommitLimit:     9202292 kB
Committed_AS:   73020356 kB
VmallocTotal:   263061440 kB
VmallocUsed:      107656 kB
VmallocChunk:          0 kB
Percpu:             7712 kB
CmaTotal:         294912 kB
CmaFree:               0 kB
MemTotal:       12113136 kB
MemFree:         4199572 kB
MemAvailable:    7684988 kB
Buffers:            7524 kB
Cached:          2626344 kB
SwapCached:            0 kB
Active:          1974616 kB
Inactive:        2071552 kB
Active(anon):    1421720 kB
Inactive(anon):    36088 kB
Active(file):     552896 kB
Inactive(file):  2035464 kB
Unevictable:        5564 kB
Mlocked:            5564 kB
SwapTotal:       3145724 kB
SwapFree:        3145724 kB
Dirty:               872 kB
Writeback:             0 kB
AnonPages:       1417688 kB
Mapped:           959844 kB
Shmem:             41032 kB
KReclaimable:    1765760 kB
Slab:             275904 kB
SReclaimable:     120744 kB
SUnreclaim:       155160 kB
KernelStack:       50512 kB
PageTables:        68304 kB
NFS_Unstable:          0 kB
Bounce:                0 kB
WritebackTmp:          0 kB
CommitLimit:     9202292 kB
Committed_AS:   73011132 kB
VmallocTotal:   263061440 kB
VmallocUsed:      107608 kB
VmallocChunk:          0 kB
Percpu:             7712 kB
CmaTotal:         294912 kB
CmaFree:               0 kB
MemTotal:       12113136 kB
MemFree:         4198624 kB
MemAvailable:    7684056 kB
Buffers:            7524 kB
Cached:          2626360 kB
SwapCached:            0 kB
Active:          1974612 kB
Inactive:        2071568 kB
Active(anon):    1421716 kB
Inactive(anon):    36088 kB
Active(file):     552896 kB
Inactive(file):  2035480 kB
Unevictable:        5564 kB
Mlocked:            5564 kB
SwapTotal:       3145724 kB
SwapFree:        3145724 kB
Dirty:               896 kB
Writeback:             0 kB
AnonPages:       1418156 kB
Mapped:           959996 kB
Shmem:             41032 kB
KReclaimable:    1765760 kB
Slab:             275896 kB
SReclaimable:     120744 kB
SUnreclaim:       155152 kB
KernelStack:       50532 kB
PageTables:        68464 kB
NFS_Unstable:          0 kB
Bounce:                0 kB
WritebackTmp:          0 kB
CommitLimit:     9202292 kB
Committed_AS:   73010984 kB
VmallocTotal:   263061440 kB
VmallocUsed:      107608 kB
VmallocChunk:          0 kB
Percpu:             7712 kB
CmaTotal:         294912 kB
CmaFree:              16 kB
MemTotal:       12113136 kB
MemFree:         4198284 kB
MemAvailable:    7683728 kB
Buffers:            7524 kB
Cached:          2626372 kB
SwapCached:            0 kB
Active:          1975376 kB
Inactive:        2071580 kB
Active(anon):    1422480 kB
Inactive(anon):    36088 kB
Active(file):     552896 kB
Inactive(file):  2035492 kB
Unevictable:        5564 kB
Mlocked:            5564 kB
SwapTotal:       3145724 kB
SwapFree:        3145724 kB
Dirty:               236 kB
Writeback:             0 kB
AnonPages:       1418780 kB
Mapped:           959716 kB
Shmem:             41032 kB
KReclaimable:    1765760 kB
Slab:             275896 kB
SReclaimable:     120744 kB
SUnreclaim:       155152 kB
KernelStack:       50512 kB
PageTables:        68280 kB
NFS_Unstable:          0 kB
Bounce:                0 kB
WritebackTmp:          0 kB
CommitLimit:     9202292 kB
Committed_AS:   73011080 kB
VmallocTotal:   263061440 kB
VmallocUsed:      107592 kB
VmallocChunk:          0 kB
Percpu:             7712 kB
CmaTotal:         294912 kB
CmaFree:               0 kB
MemTotal:       12113136 kB
MemFree:         4197664 kB
MemAvailable:    7683140 kB
Buffers:            7524 kB
Cached:          2626404 kB
SwapCached:            0 kB
Active:          1976120 kB
Inactive:        2071612 kB
Active(anon):    1423224 kB
Inactive(anon):    36088 kB
Active(file):     552896 kB
Inactive(file):  2035524 kB
Unevictable:        5564 kB
Mlocked:            5564 kB
SwapTotal:       3145724 kB
SwapFree:        3145724 kB
Dirty:               420 kB
Writeback:             0 kB
AnonPages:       1419480 kB
Mapped:           959972 kB
Shmem:             41032 kB
KReclaimable:    1765760 kB
Slab:             275912 kB
SReclaimable:     120744 kB
SUnreclaim:       155168 kB
KernelStack:       50480 kB
PageTables:        68448 kB
NFS_Unstable:          0 kB
Bounce:                0 kB
WritebackTmp:          0 kB
CommitLimit:     9202292 kB
Committed_AS:   73012684 kB
VmallocTotal:   263061440 kB
VmallocUsed:      107640 kB
