MemTotal:       12113132 kB
MemFree:         6132160 kB
MemAvailable:    7615808 kB
Buffers:            6444 kB
Cached:          1832088 kB
SwapCached:            0 kB
Active:          1741556 kB
Inactive:        1583956 kB
Active(anon):    1493416 kB
Inactive(anon):    26884 kB
Active(file):     248140 kB
Inactive(file):  1557072 kB
Unevictable:        5532 kB
Mlocked:            5532 kB
SwapTotal:       3145724 kB
SwapFree:        3145724 kB
Dirty:               192 kB
Writeback:             0 kB
AnonPages:       1492280 kB
Mapped:           863448 kB
Shmem:             28840 kB
KReclaimable:     547140 kB
Slab:             221396 kB
SReclaimable:      76452 kB
SUnreclaim:       144944 kB
KernelStack:       47120 kB
PageTables:        63832 kB
NFS_Unstable:          0 kB
Bounce:                0 kB
WritebackTmp:          0 kB
CommitLimit:     9202288 kB
Committed_AS:   67365152 kB
VmallocTotal:   263061440 kB
VmallocUsed:      104280 kB
VmallocChunk:          0 kB
Percpu:             7648 kB
CmaTotal:         294912 kB
CmaFree:               0 kB
MemTotal:       12113132 kB
MemFree:         6130428 kB
MemAvailable:    7614128 kB
Buffers:            6444 kB
Cached:          1832140 kB
SwapCached:            0 kB
Active:          1742456 kB
Inactive:        1583984 kB
Active(anon):    1494292 kB
Inactive(anon):    26884 kB
Active(file):     248164 kB
Inactive(file):  1557100 kB
Unevictable:        5532 kB
Mlocked:            5532 kB
SwapTotal:       3145724 kB
SwapFree:        3145724 kB
Dirty:               260 kB
Writeback:             0 kB
AnonPages:       1493440 kB
Mapped:           863464 kB
Shmem:             28840 kB
KReclaimable:     547140 kB
Slab:             221396 kB
SReclaimable:      76452 kB
SUnreclaim:       144944 kB
KernelStack:       47168 kB
PageTables:        63964 kB
NFS_Unstable:          0 kB
Bounce:                0 kB
WritebackTmp:          0 kB
CommitLimit:     9202288 kB
Committed_AS:   67369884 kB
VmallocTotal:   263061440 kB
VmallocUsed:      104280 kB
VmallocChunk:          0 kB
Percpu:             7648 kB
CmaTotal:         294912 kB
CmaFree:               0 kB
MemTotal:       12113132 kB
MemFree:         6146308 kB
MemAvailable:    7629996 kB
Buffers:            6444 kB
Cached:          1832128 kB
SwapCached:            0 kB
Active:          1727120 kB
Inactive:        1583972 kB
Active(anon):    1478956 kB
Inactive(anon):    26884 kB
Active(file):     248164 kB
Inactive(file):  1557088 kB
Unevictable:        5532 kB
Mlocked:            5532 kB
SwapTotal:       3145724 kB
SwapFree:        3145724 kB
Dirty:               276 kB
Writeback:             0 kB
AnonPages:       1477884 kB
Mapped:           863556 kB
Shmem:             28840 kB
KReclaimable:     547140 kB
Slab:             221388 kB
SReclaimable:      76452 kB
SUnreclaim:       144936 kB
KernelStack:       47120 kB
PageTables:        63852 kB
NFS_Unstable:          0 kB
Bounce:                0 kB
WritebackTmp:          0 kB
CommitLimit:     9202288 kB
Committed_AS:   67369384 kB
VmallocTotal:   263061440 kB
VmallocUsed:      104296 kB
VmallocChunk:          0 kB
Percpu:             7648 kB
CmaTotal:         294912 kB
CmaFree:             300 kB
MemTotal:       12113132 kB
MemFree:         6145680 kB
MemAvailable:    7629428 kB
Buffers:            6444 kB
Cached:          1832188 kB
SwapCached:            0 kB
Active:          1727920 kB
Inactive:        1584028 kB
Active(anon):    1479752 kB
Inactive(anon):    26884 kB
Active(file):     248168 kB
Inactive(file):  1557144 kB
Unevictable:        5532 kB
Mlocked:            5532 kB
SwapTotal:       3145724 kB
SwapFree:        3145724 kB
Dirty:               292 kB
Writeback:            24 kB
AnonPages:       1478740 kB
Mapped:           863364 kB
Shmem:             28840 kB
KReclaimable:     547140 kB
Slab:             221396 kB
SReclaimable:      76452 kB
SUnreclaim:       144944 kB
KernelStack:       47216 kB
PageTables:        63852 kB
NFS_Unstable:          0 kB
Bounce:                0 kB
WritebackTmp:          0 kB
CommitLimit:     9202288 kB
Committed_AS:   67361308 kB
VmallocTotal:   263061440 kB
VmallocUsed:      104296 kB
VmallocChunk:          0 kB
Percpu:             7648 kB
CmaTotal:         294912 kB
CmaFree:               8 kB
MemTotal:       12113132 kB
MemFree:         6144884 kB
MemAvailable:    7628620 kB
Buffers:            6444 kB
Cached:          1832176 kB
SwapCached:            0 kB
Active:          1728612 kB
Inactive:        1584020 kB
Active(anon):    1480448 kB
Inactive(anon):    26884 kB
Active(file):     248164 kB
Inactive(file):  1557136 kB
Unevictable:        5532 kB
Mlocked:            5532 kB
SwapTotal:       3145724 kB
SwapFree:        3145724 kB
Dirty:               376 kB
Writeback:             0 kB
AnonPages:       1479488 kB
Mapped:           863588 kB
Shmem:             28840 kB
KReclaimable:     547140 kB
Slab:             221400 kB
SReclaimable:      76452 kB
SUnreclaim:       144948 kB
KernelStack:       47136 kB
PageTables:        63820 kB
NFS_Unstable:          0 kB
Bounce:                0 kB
WritebackTmp:          0 kB
CommitLimit:     9202288 kB
Committed_AS:   67359920 kB
VmallocTotal:   263061440 kB
VmallocUsed:      104312 kB
VmallocChunk:          0 kB
Percpu:             7648 kB
CmaTotal:         294912 kB
CmaFree:               0 kB
MemTotal:       12113132 kB
MemFree:         6144852 kB
MemAvailable:    7628600 kB
Buffers:            6444 kB
Cached:          1832188 kB
SwapCached:            0 kB
Active:          1728196 kB
Inactive:        1584032 kB
Active(anon):    1480032 kB
Inactive(anon):    26884 kB
Active(file):     248164 kB
Inactive(file):  1557148 kB
Unevictable:        5532 kB
Mlocked:            5532 kB
SwapTotal:       3145724 kB
SwapFree:        3145724 kB
Dirty:               396 kB
Writeback:             0 kB
AnonPages:       1478856 kB
Mapped:           863548 kB
Shmem:             28840 kB
KReclaimable:     547140 kB
Slab:             221380 kB
SReclaimable:      76452 kB
SUnreclaim:       144928 kB
KernelStack:       47120 kB
PageTables:        64024 kB
NFS_Unstable:          0 kB
Bounce:                0 kB
WritebackTmp:          0 kB
CommitLimit:     9202288 kB
Committed_AS:   67369300 kB
VmallocTotal:   263061440 kB
VmallocUsed:      104280 kB
VmallocChunk:          0 kB
Percpu:             7648 kB
CmaTotal:         294912 kB
CmaFree:              16 kB
MemTotal:       12113132 kB
MemFree:         6145092 kB
MemAvailable:    7628844 kB
Buffers:            6444 kB
Cached:          1832192 kB
SwapCached:            0 kB
Active:          1728740 kB
Inactive:        1584032 kB
Active(anon):    1480572 kB
Inactive(anon):    26884 kB
Active(file):     248168 kB
Inactive(file):  1557148 kB
Unevictable:        5532 kB
Mlocked:            5532 kB
SwapTotal:       3145724 kB
SwapFree:        3145724 kB
Dirty:               412 kB
Writeback:             0 kB
AnonPages:       1480016 kB
Mapped:           863600 kB
Shmem:             28840 kB
KReclaimable:     547140 kB
Slab:             221380 kB
SReclaimable:      76452 kB
SUnreclaim:       144928 kB
KernelStack:       47140 kB
PageTables:        63904 kB
NFS_Unstable:          0 kB
Bounce:                0 kB
WritebackTmp:          0 kB
CommitLimit:     9202288 kB
Committed_AS:   67364476 kB
VmallocTotal:   263061440 kB
VmallocUsed:      104312 kB
VmallocChunk:          0 kB
Percpu:             7648 kB
CmaTotal:         294912 kB
CmaFree:              56 kB
MemTotal:       12113132 kB
MemFree:         6143144 kB
MemAvailable:    7626908 kB
Buffers:            6444 kB
Cached:          1832204 kB
SwapCached:            0 kB
Active:          1728912 kB
Inactive:        1584048 kB
Active(anon):    1480748 kB
Inactive(anon):    26884 kB
Active(file):     248164 kB
Inactive(file):  1557164 kB
Unevictable:        5532 kB
Mlocked:            5532 kB
SwapTotal:       3145724 kB
SwapFree:        3145724 kB
Dirty:               440 kB
Writeback:             0 kB
AnonPages:       1480148 kB
Mapped:           863688 kB
Shmem:             28840 kB
KReclaimable:     547140 kB
Slab:             221404 kB
SReclaimable:      76452 kB
SUnreclaim:       144952 kB
KernelStack:       47104 kB
PageTables:        63868 kB
NFS_Unstable:          0 kB
Bounce:                0 kB
WritebackTmp:          0 kB
CommitLimit:     9202288 kB
Committed_AS:   67367924 kB
VmallocTotal:   263061440 kB
VmallocUsed:      104264 kB
VmallocChunk:          0 kB
Percpu:             7648 kB
CmaTotal:         294912 kB
CmaFree:               4 kB
MemTotal:       12113132 kB
MemFree:         6159656 kB
MemAvailable:    7643436 kB
Buffers:            6444 kB
Cached:          1832220 kB
SwapCached:            0 kB
Active:          1711688 kB
Inactive:        1584064 kB
Active(anon):    1463524 kB
Inactive(anon):    26884 kB
Active(file):     248164 kB
Inactive(file):  1557180 kB
Unevictable:        5532 kB
Mlocked:            5532 kB
SwapTotal:       3145724 kB
SwapFree:        3145724 kB
Dirty:               468 kB
Writeback:             0 kB
AnonPages:       1462424 kB
Mapped:           863484 kB
Shmem:             28840 kB
KReclaimable:     547140 kB
Slab:             221388 kB
SReclaimable:      76452 kB
SUnreclaim:       144936 kB
KernelStack:       47136 kB
PageTables:        63836 kB
NFS_Unstable:          0 kB
Bounce:                0 kB
WritebackTmp:          0 kB
CommitLimit:     9202288 kB
Committed_AS:   67364888 kB
VmallocTotal:   263061440 kB
VmallocUsed:      104296 kB
VmallocChunk:          0 kB
Percpu:             7648 kB
CmaTotal:         294912 kB
CmaFree:               0 kB
MemTotal:       12113132 kB
MemFree:         6169392 kB
MemAvailable:    7653136 kB
Buffers:            6444 kB
Cached:          1832144 kB
SwapCached:            0 kB
Active:          1704952 kB
Inactive:        1583116 kB
Active(anon):    1455920 kB
Inactive(anon):    26792 kB
Active(file):     249032 kB
Inactive(file):  1556324 kB
Unevictable:        5532 kB
Mlocked:            5532 kB
SwapTotal:       3145724 kB
SwapFree:        3145724 kB
Dirty:               484 kB
Writeback:             0 kB
AnonPages:       1455140 kB
Mapped:           863028 kB
Shmem:             28752 kB
KReclaimable:     547092 kB
Slab:             220848 kB
SReclaimable:      76404 kB
SUnreclaim:       144444 kB
KernelStack:       46752 kB
PageTables:        63136 kB
NFS_Unstable:          0 kB
Bounce:                0 kB
WritebackTmp:          0 kB
CommitLimit:     9202288 kB
Committed_AS:   66030204 kB
VmallocTotal:   263061440 kB
VmallocUsed:      103936 kB
VmallocChunk:          0 kB
Percpu:             7648 kB
CmaTotal:         294912 kB
CmaFree:               0 kB
MemTotal:       12113132 kB
MemFree:         6171312 kB
MemAvailable:    7655080 kB
Buffers:            6452 kB
Cached:          1832164 kB
SwapCached:            0 kB
Active:          1703876 kB
Inactive:        1583136 kB
Active(anon):    1454836 kB
Inactive(anon):    26796 kB
Active(file):     249040 kB
Inactive(file):  1556340 kB
Unevictable:        5532 kB
Mlocked:            5532 kB
SwapTotal:       3145724 kB
SwapFree:        3145724 kB
Dirty:               516 kB
Writeback:             0 kB
AnonPages:       1453996 kB
Mapped:           863164 kB
Shmem:             28756 kB
KReclaimable:     547092 kB
Slab:             220840 kB
SReclaimable:      76404 kB
SUnreclaim:       144436 kB
KernelStack:       46848 kB
PageTables:        62944 kB
NFS_Unstable:          0 kB
Bounce:                0 kB
WritebackTmp:          0 kB
CommitLimit:     9202288 kB
Committed_AS:   66032792 kB
VmallocTotal:   263061440 kB
VmallocUsed:      103968 kB
VmallocChunk:          0 kB
Percpu:             7648 kB
CmaTotal:         294912 kB
CmaFree:               0 kB
MemTotal:       12113132 kB
MemFree:         6223516 kB
MemAvailable:    7707304 kB
Buffers:            6452 kB
Cached:          1832188 kB
SwapCached:            0 kB
Active:          1651392 kB
Inactive:        1583160 kB
Active(anon):    1402352 kB
Inactive(anon):    26800 kB
Active(file):     249040 kB
Inactive(file):  1556360 kB
Unevictable:        5532 kB
Mlocked:            5532 kB
SwapTotal:       3145724 kB
SwapFree:        3145724 kB
Dirty:               664 kB
Writeback:             0 kB
AnonPages:       1401500 kB
Mapped:           876544 kB
Shmem:             28760 kB
KReclaimable:     547092 kB
Slab:             220844 kB
SReclaimable:      76404 kB
SUnreclaim:       144440 kB
KernelStack:       46816 kB
PageTables:        63136 kB
NFS_Unstable:          0 kB
Bounce:                0 kB
WritebackTmp:          0 kB
CommitLimit:     9202288 kB
Committed_AS:   66024544 kB
VmallocTotal:   263061440 kB
VmallocUsed:      103904 kB
VmallocChunk:          0 kB
Percpu:             7648 kB
CmaTotal:         294912 kB
CmaFree:               0 kB
MemTotal:       12113132 kB
MemFree:         6223556 kB
MemAvailable:    7707364 kB
Buffers:            6452 kB
Cached:          1832208 kB
SwapCached:            0 kB
Active:          1651592 kB
Inactive:        1583180 kB
Active(anon):    1402552 kB
Inactive(anon):    26800 kB
Active(file):     249040 kB
Inactive(file):  1556380 kB
Unevictable:        5532 kB
Mlocked:            5532 kB
SwapTotal:       3145724 kB
SwapFree:        3145724 kB
Dirty:               696 kB
Writeback:             0 kB
AnonPages:       1401712 kB
Mapped:           876544 kB
Shmem:             28760 kB
KReclaimable:     547092 kB
Slab:             220844 kB
SReclaimable:      76404 kB
SUnreclaim:       144440 kB
KernelStack:       46832 kB
PageTables:        63220 kB
NFS_Unstable:          0 kB
Bounce:                0 kB
WritebackTmp:          0 kB
CommitLimit:     9202288 kB
Committed_AS:   66030516 kB
VmallocTotal:   263061440 kB
VmallocUsed:      103952 kB
VmallocChunk:          0 kB
Percpu:             7648 kB
CmaTotal:         294912 kB
CmaFree:               0 kB
MemTotal:       12113132 kB
MemFree:         6221440 kB
MemAvailable:    7705052 kB
Buffers:            6452 kB
Cached:          1832216 kB
SwapCached:            0 kB
Active:          1652264 kB
Inactive:        1583188 kB
Active(anon):    1403224 kB
Inactive(anon):    26800 kB
Active(file):     249040 kB
Inactive(file):  1556388 kB
Unevictable:        5532 kB
Mlocked:            5532 kB
SwapTotal:       3145724 kB
SwapFree:        3145724 kB
Dirty:               716 kB
Writeback:             0 kB
AnonPages:       1402380 kB
Mapped:           876600 kB
Shmem:             28760 kB
KReclaimable:     546888 kB
Slab:             220844 kB
SReclaimable:      76404 kB
SUnreclaim:       144440 kB
KernelStack:       46832 kB
PageTables:        63188 kB
NFS_Unstable:          0 kB
Bounce:                0 kB
WritebackTmp:          0 kB
CommitLimit:     9202288 kB
Committed_AS:   66028492 kB
VmallocTotal:   263061440 kB
VmallocUsed:      103920 kB
VmallocChunk:          0 kB
Percpu:             7648 kB
CmaTotal:         294912 kB
CmaFree:               0 kB
MemTotal:       12113132 kB
MemFree:         6213604 kB
MemAvailable:    7697256 kB
Buffers:            6452 kB
Cached:          1832368 kB
SwapCached:            0 kB
Active:          1661404 kB
Inactive:        1583148 kB
Active(anon):    1412360 kB
Inactive(anon):    26724 kB
Active(file):     249044 kB
Inactive(file):  1556424 kB
Unevictable:        5532 kB
Mlocked:            5532 kB
SwapTotal:       3145724 kB
SwapFree:        3145724 kB
Dirty:               736 kB
Writeback:             0 kB
AnonPages:       1410828 kB
Mapped:           876516 kB
Shmem:             28872 kB
KReclaimable:     546888 kB
Slab:             220828 kB
SReclaimable:      76404 kB
SUnreclaim:       144424 kB
KernelStack:       46848 kB
PageTables:        62976 kB
NFS_Unstable:          0 kB
Bounce:                0 kB
WritebackTmp:          0 kB
CommitLimit:     9202288 kB
Committed_AS:   66030780 kB
VmallocTotal:   263061440 kB
VmallocUsed:      103952 kB
VmallocChunk:          0 kB
Percpu:             7648 kB
CmaTotal:         294912 kB
CmaFree:              80 kB
MemTotal:       12113132 kB
MemFree:         6224236 kB
MemAvailable:    7707872 kB
Buffers:            6452 kB
Cached:          1832240 kB
SwapCached:            0 kB
Active:          1651048 kB
Inactive:        1583212 kB
Active(anon):    1402008 kB
Inactive(anon):    26800 kB
Active(file):     249040 kB
Inactive(file):  1556412 kB
Unevictable:        5532 kB
Mlocked:            5532 kB
SwapTotal:       3145724 kB
SwapFree:        3145724 kB
Dirty:               744 kB
Writeback:             0 kB
AnonPages:       1401200 kB
Mapped:           876580 kB
Shmem:             28760 kB
KReclaimable:     546888 kB
Slab:             220828 kB
SReclaimable:      76404 kB
SUnreclaim:       144424 kB
KernelStack:       46768 kB
PageTables:        63076 kB
NFS_Unstable:          0 kB
Bounce:                0 kB
WritebackTmp:          0 kB
CommitLimit:     9202288 kB
Committed_AS:   66042176 kB
VmallocTotal:   263061440 kB
VmallocUsed:      103920 kB
VmallocChunk:          0 kB
Percpu:             7648 kB
CmaTotal:         294912 kB
CmaFree:               0 kB
MemTotal:       12113132 kB
MemFree:         6223512 kB
MemAvailable:    7707168 kB
Buffers:            6452 kB
Cached:          1832260 kB
SwapCached:            0 kB
Active:          1651696 kB
Inactive:        1583232 kB
Active(anon):    1402656 kB
Inactive(anon):    26800 kB
Active(file):     249040 kB
Inactive(file):  1556432 kB
Unevictable:        5532 kB
Mlocked:            5532 kB
SwapTotal:       3145724 kB
SwapFree:        3145724 kB
Dirty:               212 kB
Writeback:             0 kB
AnonPages:       1401572 kB
Mapped:           876496 kB
Shmem:             28760 kB
KReclaimable:     546888 kB
Slab:             220788 kB
SReclaimable:      76404 kB
SUnreclaim:       144384 kB
KernelStack:       46784 kB
PageTables:        62972 kB
NFS_Unstable:          0 kB
Bounce:                0 kB
WritebackTmp:          0 kB
CommitLimit:     9202288 kB
Committed_AS:   66035304 kB
VmallocTotal:   263061440 kB
VmallocUsed:      103968 kB
VmallocChunk:          0 kB
Percpu:             7648 kB
CmaTotal:         294912 kB
CmaFree:               8 kB
MemTotal:       12113132 kB
MemFree:         6212080 kB
MemAvailable:    7695744 kB
Buffers:            6452 kB
Cached:          1832268 kB
SwapCached:            0 kB
Active:          1664760 kB
Inactive:        1583240 kB
Active(anon):    1415720 kB
Inactive(anon):    26800 kB
Active(file):     249040 kB
Inactive(file):  1556440 kB
Unevictable:        5532 kB
Mlocked:            5532 kB
SwapTotal:       3145724 kB
SwapFree:        3145724 kB
Dirty:               308 kB
Writeback:             0 kB
AnonPages:       1414944 kB
Mapped:           876652 kB
Shmem:             28760 kB
KReclaimable:     546888 kB
Slab:             220804 kB
SReclaimable:      76404 kB
SUnreclaim:       144400 kB
KernelStack:       46816 kB
PageTables:        63176 kB
NFS_Unstable:          0 kB
Bounce:                0 kB
WritebackTmp:          0 kB
CommitLimit:     9202288 kB
Committed_AS:   66033928 kB
VmallocTotal:   263061440 kB
VmallocUsed:      103968 kB
VmallocChunk:          0 kB
Percpu:             7648 kB
CmaTotal:         294912 kB
CmaFree:               0 kB
MemTotal:       12113132 kB
MemFree:         6220952 kB
MemAvailable:    7704632 kB
Buffers:            6452 kB
Cached:          1832284 kB
SwapCached:            0 kB
Active:          1652792 kB
Inactive:        1583256 kB
Active(anon):    1403752 kB
Inactive(anon):    26800 kB
Active(file):     249040 kB
Inactive(file):  1556456 kB
Unevictable:        5532 kB
Mlocked:            5532 kB
SwapTotal:       3145724 kB
SwapFree:        3145724 kB
Dirty:               360 kB
Writeback:             0 kB
AnonPages:       1402844 kB
Mapped:           876544 kB
Shmem:             28760 kB
KReclaimable:     546888 kB
Slab:             220796 kB
SReclaimable:      76404 kB
SUnreclaim:       144392 kB
KernelStack:       46784 kB
PageTables:        63108 kB
NFS_Unstable:          0 kB
Bounce:                0 kB
WritebackTmp:          0 kB
CommitLimit:     9202288 kB
Committed_AS:   66035360 kB
VmallocTotal:   263061440 kB
VmallocUsed:      103904 kB
VmallocChunk:          0 kB
Percpu:             7648 kB
CmaTotal:         294912 kB
CmaFree:               0 kB
MemTotal:       12113132 kB
MemFree:         6220952 kB
MemAvailable:    7704644 kB
Buffers:            6452 kB
Cached:          1832296 kB
SwapCached:            0 kB
Active:          1653764 kB
Inactive:        1583268 kB
Active(anon):    1404724 kB
Inactive(anon):    26800 kB
Active(file):     249040 kB
Inactive(file):  1556468 kB
Unevictable:        5532 kB
Mlocked:            5532 kB
SwapTotal:       3145724 kB
SwapFree:        3145724 kB
Dirty:               396 kB
Writeback:             0 kB
AnonPages:       1403852 kB
Mapped:           876596 kB
Shmem:             28760 kB
KReclaimable:     546888 kB
Slab:             220812 kB
SReclaimable:      76404 kB
SUnreclaim:       144408 kB
KernelStack:       46848 kB
PageTables:        63076 kB
NFS_Unstable:          0 kB
Bounce:                0 kB
WritebackTmp:          0 kB
CommitLimit:     9202288 kB
Committed_AS:   66045640 kB
VmallocTotal:   263061440 kB
VmallocUsed:      103920 kB
VmallocChunk:          0 kB
Percpu:             7648 kB
CmaTotal:         294912 kB
CmaFree:               0 kB
MemTotal:       12113132 kB
MemFree:         6209696 kB
MemAvailable:    7693408 kB
Buffers:            6452 kB
Cached:          1832316 kB
SwapCached:            0 kB
Active:          1666004 kB
Inactive:        1583288 kB
Active(anon):    1416964 kB
Inactive(anon):    26800 kB
Active(file):     249040 kB
Inactive(file):  1556488 kB
Unevictable:        5532 kB
Mlocked:            5532 kB
SwapTotal:       3145724 kB
SwapFree:        3145724 kB
Dirty:               420 kB
Writeback:             0 kB
AnonPages:       1414940 kB
Mapped:           876544 kB
Shmem:             28760 kB
KReclaimable:     546888 kB
Slab:             220804 kB
SReclaimable:      76404 kB
SUnreclaim:       144400 kB
KernelStack:       46800 kB
PageTables:        63088 kB
NFS_Unstable:          0 kB
Bounce:                0 kB
WritebackTmp:          0 kB
CommitLimit:     9202288 kB
Committed_AS:   66042288 kB
VmallocTotal:   263061440 kB
VmallocUsed:      103936 kB
VmallocChunk:          0 kB
Percpu:             7648 kB
CmaTotal:         294912 kB
CmaFree:               4 kB
MemTotal:       12113132 kB
MemFree:         6216604 kB
MemAvailable:    7700328 kB
Buffers:            6452 kB
Cached:          1832328 kB
SwapCached:            0 kB
Active:          1658224 kB
Inactive:        1583300 kB
Active(anon):    1409184 kB
Inactive(anon):    26800 kB
Active(file):     249040 kB
Inactive(file):  1556500 kB
Unevictable:        5532 kB
Mlocked:            5532 kB
SwapTotal:       3145724 kB
SwapFree:        3145724 kB
Dirty:               460 kB
Writeback:             0 kB
AnonPages:       1408400 kB
Mapped:           876544 kB
Shmem:             28760 kB
KReclaimable:     546888 kB
Slab:             220812 kB
SReclaimable:      76404 kB
SUnreclaim:       144408 kB
KernelStack:       46816 kB
PageTables:        63224 kB
NFS_Unstable:          0 kB
Bounce:                0 kB
WritebackTmp:          0 kB
CommitLimit:     9202288 kB
Committed_AS:   66042704 kB
VmallocTotal:   263061440 kB
VmallocUsed:      103920 kB
VmallocChunk:          0 kB
Percpu:             7648 kB
CmaTotal:         294912 kB
CmaFree:               0 kB
MemTotal:       12113132 kB
MemFree:         6218448 kB
MemAvailable:    7702208 kB
Buffers:            6452 kB
Cached:          1832364 kB
SwapCached:            0 kB
Active:          1656756 kB
Inactive:        1583332 kB
Active(anon):    1407712 kB
Inactive(anon):    26800 kB
Active(file):     249044 kB
Inactive(file):  1556532 kB
Unevictable:        5532 kB
Mlocked:            5532 kB
SwapTotal:       3145724 kB
SwapFree:        3145724 kB
Dirty:               512 kB
Writeback:             0 kB
AnonPages:       1406840 kB
Mapped:           876524 kB
Shmem:             28760 kB
KReclaimable:     546888 kB
Slab:             220812 kB
SReclaimable:      76404 kB
SUnreclaim:       144408 kB
KernelStack:       46816 kB
PageTables:        62976 kB
NFS_Unstable:          0 kB
Bounce:                0 kB
WritebackTmp:          0 kB
CommitLimit:     9202288 kB
Committed_AS:   66045664 kB
VmallocTotal:   263061440 kB
VmallocUsed:      103968 kB
VmallocChunk:          0 kB
Percpu:             7648 kB
CmaTotal:         294912 kB
CmaFree:               0 kB
MemTotal:       12113132 kB
MemFree:         6208336 kB
MemAvailable:    7692080 kB
Buffers:            6452 kB
Cached:          1832348 kB
SwapCached:            0 kB
Active:          1668856 kB
Inactive:        1583320 kB
Active(anon):    1419816 kB
Inactive(anon):    26800 kB
Active(file):     249040 kB
Inactive(file):  1556520 kB
Unevictable:        5532 kB
Mlocked:            5532 kB
SwapTotal:       3145724 kB
SwapFree:        3145724 kB
Dirty:               540 kB
Writeback:             0 kB
AnonPages:       1419156 kB
Mapped:           876540 kB
Shmem:             28760 kB
KReclaimable:     546888 kB
Slab:             220804 kB
SReclaimable:      76404 kB
SUnreclaim:       144400 kB
KernelStack:       46800 kB
PageTables:        63096 kB
NFS_Unstable:          0 kB
Bounce:                0 kB
WritebackTmp:          0 kB
CommitLimit:     9202288 kB
Committed_AS:   66038436 kB
VmallocTotal:   263061440 kB
VmallocUsed:      103936 kB
VmallocChunk:          0 kB
Percpu:             7648 kB
CmaTotal:         294912 kB
CmaFree:               0 kB
MemTotal:       12113132 kB
MemFree:         6215500 kB
MemAvailable:    7699272 kB
Buffers:            6452 kB
Cached:          1832376 kB
SwapCached:            0 kB
Active:          1659364 kB
Inactive:        1583344 kB
Active(anon):    1410320 kB
Inactive(anon):    26800 kB
Active(file):     249044 kB
Inactive(file):  1556544 kB
Unevictable:        5532 kB
Mlocked:            5532 kB
SwapTotal:       3145724 kB
SwapFree:        3145724 kB
Dirty:               548 kB
Writeback:            24 kB
AnonPages:       1409436 kB
Mapped:           876472 kB
Shmem:             28760 kB
KReclaimable:     546888 kB
Slab:             220804 kB
SReclaimable:      76404 kB
SUnreclaim:       144400 kB
KernelStack:       46800 kB
PageTables:        63504 kB
NFS_Unstable:          0 kB
Bounce:                0 kB
WritebackTmp:          0 kB
CommitLimit:     9202288 kB
Committed_AS:   66034952 kB
VmallocTotal:   263061440 kB
VmallocUsed:      103936 kB
VmallocChunk:          0 kB
Percpu:             7648 kB
CmaTotal:         294912 kB
CmaFree:               0 kB
MemTotal:       12113132 kB
MemFree:         6214724 kB
MemAvailable:    7698516 kB
Buffers:            6456 kB
Cached:          1832392 kB
SwapCached:            0 kB
Active:          1658900 kB
Inactive:        1583364 kB
Active(anon):    1409856 kB
Inactive(anon):    26800 kB
Active(file):     249044 kB
Inactive(file):  1556564 kB
Unevictable:        5532 kB
Mlocked:            5532 kB
SwapTotal:       3145724 kB
SwapFree:        3145724 kB
Dirty:               580 kB
Writeback:             0 kB
AnonPages:       1409356 kB
Mapped:           876572 kB
Shmem:             28760 kB
KReclaimable:     546888 kB
Slab:             220804 kB
SReclaimable:      76404 kB
SUnreclaim:       144400 kB
KernelStack:       46752 kB
PageTables:        63180 kB
NFS_Unstable:          0 kB
Bounce:                0 kB
WritebackTmp:          0 kB
CommitLimit:     9202288 kB
Committed_AS:   66031432 kB
VmallocTotal:   263061440 kB
VmallocUsed:      103936 kB
VmallocChunk:          0 kB
Percpu:             7648 kB
CmaTotal:         294912 kB
CmaFree:              12 kB
MemTotal:       12113132 kB
MemFree:         6205388 kB
MemAvailable:    7689184 kB
Buffers:            6456 kB
Cached:          1837568 kB
SwapCached:            0 kB
Active:          1665912 kB
Inactive:        1588504 kB
Active(anon):    1416868 kB
Inactive(anon):    31936 kB
Active(file):     249044 kB
Inactive(file):  1556568 kB
Unevictable:        5532 kB
Mlocked:            5532 kB
SwapTotal:       3145724 kB
SwapFree:        3145724 kB
Dirty:               584 kB
Writeback:             0 kB
AnonPages:       1415952 kB
Mapped:           881728 kB
Shmem:             33932 kB
KReclaimable:     546888 kB
Slab:             220804 kB
SReclaimable:      76404 kB
SUnreclaim:       144400 kB
KernelStack:       46816 kB
PageTables:        63188 kB
NFS_Unstable:          0 kB
Bounce:                0 kB
WritebackTmp:          0 kB
CommitLimit:     9202288 kB
Committed_AS:   66044888 kB
VmallocTotal:   263061440 kB
VmallocUsed:      103952 kB
VmallocChunk:          0 kB
Percpu:             7648 kB
CmaTotal:         294912 kB
CmaFree:              12 kB
MemTotal:       12113132 kB
MemFree:         6213568 kB
MemAvailable:    7697388 kB
Buffers:            6456 kB
Cached:          1832420 kB
SwapCached:            0 kB
Active:          1660492 kB
Inactive:        1583392 kB
Active(anon):    1411448 kB
Inactive(anon):    26800 kB
Active(file):     249044 kB
Inactive(file):  1556592 kB
Unevictable:        5532 kB
Mlocked:            5532 kB
SwapTotal:       3145724 kB
SwapFree:        3145724 kB
Dirty:               608 kB
Writeback:             0 kB
AnonPages:       1410556 kB
Mapped:           876544 kB
Shmem:             28760 kB
KReclaimable:     546888 kB
Slab:             220796 kB
SReclaimable:      76404 kB
SUnreclaim:       144392 kB
KernelStack:       46768 kB
PageTables:        63112 kB
NFS_Unstable:          0 kB
Bounce:                0 kB
WritebackTmp:          0 kB
CommitLimit:     9202288 kB
Committed_AS:   66039376 kB
VmallocTotal:   263061440 kB
VmallocUsed:      103936 kB
VmallocChunk:          0 kB
Percpu:             7648 kB
CmaTotal:         294912 kB
CmaFree:               4 kB
MemTotal:       12113132 kB
MemFree:         6213812 kB
MemAvailable:    7697640 kB
Buffers:            6456 kB
Cached:          1832428 kB
SwapCached:            0 kB
Active:          1661284 kB
Inactive:        1583400 kB
Active(anon):    1412240 kB
Inactive(anon):    26800 kB
Active(file):     249044 kB
Inactive(file):  1556600 kB
Unevictable:        5532 kB
Mlocked:            5532 kB
SwapTotal:       3145724 kB
SwapFree:        3145724 kB
Dirty:               628 kB
Writeback:             0 kB
AnonPages:       1411244 kB
Mapped:           876528 kB
Shmem:             28760 kB
KReclaimable:     546888 kB
Slab:             220772 kB
SReclaimable:      76404 kB
SUnreclaim:       144368 kB
KernelStack:       46800 kB
PageTables:        63076 kB
NFS_Unstable:          0 kB
Bounce:                0 kB
WritebackTmp:          0 kB
CommitLimit:     9202288 kB
Committed_AS:   66027004 kB
VmallocTotal:   263061440 kB
VmallocUsed:      103936 kB
VmallocChunk:          0 kB
Percpu:             7648 kB
CmaTotal:         294912 kB
CmaFree:               0 kB
MemTotal:       12113132 kB
MemFree:         6206260 kB
MemAvailable:    7690100 kB
Buffers:            6456 kB
Cached:          1832708 kB
SwapCached:            0 kB
Active:          1668588 kB
Inactive:        1583680 kB
Active(anon):    1419544 kB
Inactive(anon):    27068 kB
Active(file):     249044 kB
Inactive(file):  1556612 kB
Unevictable:        5532 kB
Mlocked:            5532 kB
SwapTotal:       3145724 kB
SwapFree:        3145724 kB
Dirty:               640 kB
Writeback:             0 kB
AnonPages:       1418240 kB
Mapped:           876816 kB
Shmem:             29028 kB
KReclaimable:     546888 kB
Slab:             220796 kB
SReclaimable:      76404 kB
SUnreclaim:       144392 kB
KernelStack:       46768 kB
PageTables:        63112 kB
NFS_Unstable:          0 kB
Bounce:                0 kB
WritebackTmp:          0 kB
CommitLimit:     9202288 kB
Committed_AS:   66041128 kB
VmallocTotal:   263061440 kB
VmallocUsed:      103904 kB
VmallocChunk:          0 kB
Percpu:             7648 kB
CmaTotal:         294912 kB
CmaFree:               0 kB
MemTotal:       12113132 kB
MemFree:         6212832 kB
MemAvailable:    7696684 kB
Buffers:            6456 kB
Cached:          1832460 kB
SwapCached:            0 kB
Active:          1662364 kB
Inactive:        1583432 kB
Active(anon):    1413320 kB
Inactive(anon):    26808 kB
Active(file):     249044 kB
Inactive(file):  1556624 kB
Unevictable:        5532 kB
Mlocked:            5532 kB
SwapTotal:       3145724 kB
SwapFree:        3145724 kB
Dirty:               652 kB
Writeback:             0 kB
AnonPages:       1412420 kB
Mapped:           876552 kB
Shmem:             28768 kB
KReclaimable:     546888 kB
Slab:             220804 kB
SReclaimable:      76404 kB
SUnreclaim:       144400 kB
KernelStack:       46768 kB
PageTables:        63108 kB
NFS_Unstable:          0 kB
Bounce:                0 kB
WritebackTmp:          0 kB
CommitLimit:     9202288 kB
Committed_AS:   66039108 kB
VmallocTotal:   263061440 kB
VmallocUsed:      103920 kB
VmallocChunk:          0 kB
Percpu:             7648 kB
CmaTotal:         294912 kB
CmaFree:               0 kB
MemTotal:       12113132 kB
MemFree:         6212072 kB
MemAvailable:    7695900 kB
Buffers:            6456 kB
Cached:          1832468 kB
SwapCached:            0 kB
Active:          1663200 kB
Inactive:        1583440 kB
Active(anon):    1414156 kB
Inactive(anon):    26808 kB
Active(file):     249044 kB
Inactive(file):  1556632 kB
Unevictable:        5532 kB
Mlocked:            5532 kB
SwapTotal:       3145724 kB
SwapFree:        3145724 kB
Dirty:               660 kB
Writeback:             0 kB
AnonPages:       1413248 kB
Mapped:           876632 kB
Shmem:             28768 kB
KReclaimable:     546888 kB
Slab:             220844 kB
SReclaimable:      76404 kB
SUnreclaim:       144440 kB
KernelStack:       46800 kB
PageTables:        63156 kB
NFS_Unstable:          0 kB
Bounce:                0 kB
WritebackTmp:          0 kB
CommitLimit:     9202288 kB
Committed_AS:   66038092 kB
VmallocTotal:   263061440 kB
VmallocUsed:      103936 kB
VmallocChunk:          0 kB
Percpu:             7648 kB
CmaTotal:         294912 kB
CmaFree:               0 kB
MemTotal:       12113132 kB
MemFree:         6202300 kB
MemAvailable:    7686176 kB
Buffers:            6456 kB
Cached:          1832276 kB
SwapCached:            0 kB
Active:          1676132 kB
Inactive:        1583544 kB
Active(anon):    1427088 kB
Inactive(anon):    26896 kB
Active(file):     249044 kB
Inactive(file):  1556648 kB
Unevictable:        5532 kB
Mlocked:            5532 kB
SwapTotal:       3145724 kB
SwapFree:        3145724 kB
Dirty:               688 kB
Writeback:             0 kB
AnonPages:       1426392 kB
Mapped:           876604 kB
Shmem:             28560 kB
KReclaimable:     546888 kB
Slab:             220796 kB
SReclaimable:      76404 kB
SUnreclaim:       144392 kB
KernelStack:       46800 kB
PageTables:        63156 kB
NFS_Unstable:          0 kB
Bounce:                0 kB
WritebackTmp:          0 kB
CommitLimit:     9202288 kB
Committed_AS:   66038968 kB
VmallocTotal:   263061440 kB
VmallocUsed:      103936 kB
VmallocChunk:          0 kB
Percpu:             7648 kB
CmaTotal:         294912 kB
CmaFree:               0 kB
MemTotal:       12113132 kB
MemFree:         6211916 kB
MemAvailable:    7695804 kB
Buffers:            6456 kB
Cached:          1832496 kB
SwapCached:            0 kB
Active:          1664104 kB
Inactive:        1583468 kB
Active(anon):    1415060 kB
Inactive(anon):    26808 kB
Active(file):     249044 kB
Inactive(file):  1556660 kB
Unevictable:        5532 kB
Mlocked:            5532 kB
SwapTotal:       3145724 kB
SwapFree:        3145724 kB
Dirty:               700 kB
Writeback:             0 kB
AnonPages:       1414260 kB
Mapped:           876552 kB
Shmem:             28768 kB
KReclaimable:     546888 kB
Slab:             220796 kB
SReclaimable:      76404 kB
SUnreclaim:       144392 kB
KernelStack:       46768 kB
PageTables:        63112 kB
NFS_Unstable:          0 kB
Bounce:                0 kB
WritebackTmp:          0 kB
CommitLimit:     9202288 kB
Committed_AS:   66044120 kB
VmallocTotal:   263061440 kB
VmallocUsed:      103936 kB
VmallocChunk:          0 kB
Percpu:             7648 kB
CmaTotal:         294912 kB
CmaFree:               0 kB
MemTotal:       12113132 kB
MemFree:         6224936 kB
MemAvailable:    7708852 kB
Buffers:            6456 kB
Cached:          1832524 kB
SwapCached:            0 kB
Active:          1650420 kB
Inactive:        1583496 kB
Active(anon):    1401376 kB
Inactive(anon):    26808 kB
Active(file):     249044 kB
Inactive(file):  1556688 kB
Unevictable:        5532 kB
Mlocked:            5532 kB
SwapTotal:       3145724 kB
SwapFree:        3145724 kB
Dirty:               752 kB
Writeback:             0 kB
AnonPages:       1400412 kB
Mapped:           863172 kB
Shmem:             28768 kB
KReclaimable:     546888 kB
Slab:             220796 kB
SReclaimable:      76404 kB
SUnreclaim:       144392 kB
KernelStack:       46784 kB
PageTables:        63184 kB
NFS_Unstable:          0 kB
Bounce:                0 kB
WritebackTmp:          0 kB
CommitLimit:     9202288 kB
Committed_AS:   66044528 kB
VmallocTotal:   263061440 kB
VmallocUsed:      103936 kB
VmallocChunk:          0 kB
Percpu:             7648 kB
CmaTotal:         294912 kB
CmaFree:               0 kB
MemTotal:       12113132 kB
MemFree:         6219020 kB
MemAvailable:    7702944 kB
Buffers:            6456 kB
Cached:          1837912 kB
SwapCached:            0 kB
Active:          1651512 kB
Inactive:        1588892 kB
Active(anon):    1402476 kB
Inactive(anon):    32188 kB
Active(file):     249036 kB
Inactive(file):  1556704 kB
Unevictable:        5532 kB
Mlocked:            5532 kB
SwapTotal:       3145724 kB
SwapFree:        3145724 kB
Dirty:               760 kB
Writeback:             0 kB
AnonPages:       1401600 kB
Mapped:           868552 kB
Shmem:             34148 kB
KReclaimable:     546888 kB
Slab:             220776 kB
SReclaimable:      76404 kB
SUnreclaim:       144372 kB
KernelStack:       46752 kB
PageTables:        63084 kB
NFS_Unstable:          0 kB
Bounce:                0 kB
WritebackTmp:          0 kB
CommitLimit:     9202288 kB
Committed_AS:   66046176 kB
VmallocTotal:   263061440 kB
VmallocUsed:      103920 kB
VmallocChunk:          0 kB
Percpu:             7648 kB
CmaTotal:         294912 kB
CmaFree:              12 kB
MemTotal:       12113132 kB
MemFree:         6244836 kB
MemAvailable:    7728768 kB
Buffers:            6456 kB
Cached:          1832544 kB
SwapCached:            0 kB
Active:          1629072 kB
Inactive:        1583516 kB
Active(anon):    1380028 kB
Inactive(anon):    26812 kB
Active(file):     249044 kB
Inactive(file):  1556704 kB
Unevictable:        5532 kB
Mlocked:            5532 kB
SwapTotal:       3145724 kB
SwapFree:        3145724 kB
Dirty:               772 kB
Writeback:             0 kB
AnonPages:       1379308 kB
Mapped:           863176 kB
Shmem:             28772 kB
KReclaimable:     546888 kB
Slab:             220752 kB
SReclaimable:      76404 kB
SUnreclaim:       144348 kB
KernelStack:       46800 kB
PageTables:        63172 kB
NFS_Unstable:          0 kB
Bounce:                0 kB
WritebackTmp:          0 kB
CommitLimit:     9202288 kB
Committed_AS:   66040796 kB
VmallocTotal:   263061440 kB
VmallocUsed:      103952 kB
VmallocChunk:          0 kB
Percpu:             7648 kB
CmaTotal:         294912 kB
CmaFree:               0 kB
MemTotal:       12113132 kB
MemFree:         6244592 kB
MemAvailable:    7728532 kB
Buffers:            6456 kB
Cached:          1832552 kB
SwapCached:            0 kB
Active:          1630060 kB
Inactive:        1583524 kB
Active(anon):    1381016 kB
Inactive(anon):    26812 kB
Active(file):     249044 kB
Inactive(file):  1556712 kB
Unevictable:        5532 kB
Mlocked:            5532 kB
SwapTotal:       3145724 kB
SwapFree:        3145724 kB
Dirty:               808 kB
Writeback:             0 kB
AnonPages:       1380060 kB
Mapped:           863184 kB
Shmem:             28772 kB
KReclaimable:     546888 kB
Slab:             220760 kB
SReclaimable:      76404 kB
SUnreclaim:       144356 kB
KernelStack:       46768 kB
PageTables:        63032 kB
NFS_Unstable:          0 kB
Bounce:                0 kB
WritebackTmp:          0 kB
CommitLimit:     9202288 kB
Committed_AS:   66040724 kB
VmallocTotal:   263061440 kB
VmallocUsed:      103920 kB
VmallocChunk:          0 kB
Percpu:             7648 kB
CmaTotal:         294912 kB
CmaFree:               0 kB
MemTotal:       12113132 kB
MemFree:         6218556 kB
MemAvailable:    7702512 kB
Buffers:            6456 kB
Cached:          1836512 kB
SwapCached:            0 kB
Active:          1654152 kB
Inactive:        1587464 kB
Active(anon):    1405108 kB
Inactive(anon):    30736 kB
Active(file):     249044 kB
Inactive(file):  1556728 kB
Unevictable:        5532 kB
Mlocked:            5532 kB
SwapTotal:       3145724 kB
SwapFree:        3145724 kB
Dirty:               824 kB
Writeback:             0 kB
AnonPages:       1404312 kB
Mapped:           867120 kB
Shmem:             32716 kB
KReclaimable:     546888 kB
Slab:             220768 kB
SReclaimable:      76404 kB
SUnreclaim:       144364 kB
KernelStack:       46752 kB
PageTables:        63088 kB
NFS_Unstable:          0 kB
Bounce:                0 kB
WritebackTmp:          0 kB
CommitLimit:     9202288 kB
Committed_AS:   66051308 kB
VmallocTotal:   263061440 kB
VmallocUsed:      103888 kB
VmallocChunk:          0 kB
Percpu:             7648 kB
CmaTotal:         294912 kB
CmaFree:               0 kB
MemTotal:       12113132 kB
MemFree:         6225592 kB
MemAvailable:    7709560 kB
Buffers:            6456 kB
Cached:          1832584 kB
SwapCached:            0 kB
Active:          1648260 kB
Inactive:        1583556 kB
Active(anon):    1399216 kB
Inactive(anon):    26816 kB
Active(file):     249044 kB
Inactive(file):  1556740 kB
Unevictable:        5532 kB
Mlocked:            5532 kB
SwapTotal:       3145724 kB
SwapFree:        3145724 kB
Dirty:               836 kB
Writeback:             0 kB
AnonPages:       1398916 kB
Mapped:           863072 kB
Shmem:             28776 kB
KReclaimable:     546888 kB
Slab:             220768 kB
SReclaimable:      76404 kB
SUnreclaim:       144364 kB
KernelStack:       46752 kB
PageTables:        63076 kB
NFS_Unstable:          0 kB
Bounce:                0 kB
WritebackTmp:          0 kB
CommitLimit:     9202288 kB
Committed_AS:   66039176 kB
VmallocTotal:   263061440 kB
VmallocUsed:      103920 kB
VmallocChunk:          0 kB
Percpu:             7648 kB
CmaTotal:         294912 kB
CmaFree:               0 kB
MemTotal:       12113132 kB
MemFree:         6226400 kB
MemAvailable:    7710404 kB
Buffers:            6460 kB
Cached:          1832612 kB
SwapCached:            0 kB
Active:          1649168 kB
Inactive:        1583584 kB
Active(anon):    1400120 kB
Inactive(anon):    26816 kB
Active(file):     249048 kB
Inactive(file):  1556768 kB
Unevictable:        5532 kB
Mlocked:            5532 kB
SwapTotal:       3145724 kB
SwapFree:        3145724 kB
Dirty:               828 kB
Writeback:             0 kB
AnonPages:       1399212 kB
Mapped:           863192 kB
Shmem:             28776 kB
KReclaimable:     546892 kB
Slab:             220788 kB
SReclaimable:      76408 kB
SUnreclaim:       144380 kB
KernelStack:       46704 kB
PageTables:        62988 kB
NFS_Unstable:          0 kB
Bounce:                0 kB
WritebackTmp:          0 kB
CommitLimit:     9202288 kB
Committed_AS:   66036936 kB
VmallocTotal:   263061440 kB
VmallocUsed:      103904 kB
VmallocChunk:          0 kB
Percpu:             7648 kB
CmaTotal:         294912 kB
CmaFree:               0 kB
MemTotal:       12113132 kB
MemFree:         6211516 kB
MemAvailable:    7695532 kB
Buffers:            6460 kB
Cached:          1832624 kB
SwapCached:            0 kB
Active:          1663548 kB
Inactive:        1583592 kB
Active(anon):    1414496 kB
Inactive(anon):    26816 kB
Active(file):     249052 kB
Inactive(file):  1556776 kB
Unevictable:        5532 kB
Mlocked:            5532 kB
SwapTotal:       3145724 kB
SwapFree:        3145724 kB
Dirty:               868 kB
Writeback:             0 kB
AnonPages:       1413688 kB
Mapped:           863160 kB
Shmem:             28776 kB
KReclaimable:     546892 kB
Slab:             220780 kB
SReclaimable:      76408 kB
SUnreclaim:       144372 kB
KernelStack:       46752 kB
PageTables:        63136 kB
NFS_Unstable:          0 kB
Bounce:                0 kB
WritebackTmp:          0 kB
CommitLimit:     9202288 kB
Committed_AS:   66035352 kB
VmallocTotal:   263061440 kB
VmallocUsed:      103920 kB
VmallocChunk:          0 kB
Percpu:             7648 kB
CmaTotal:         294912 kB
CmaFree:               0 kB
MemTotal:       12113132 kB
MemFree:         6224608 kB
MemAvailable:    7708636 kB
Buffers:            6460 kB
Cached:          1832636 kB
SwapCached:            0 kB
Active:          1650276 kB
Inactive:        1583604 kB
Active(anon):    1401224 kB
Inactive(anon):    26816 kB
Active(file):     249052 kB
Inactive(file):  1556788 kB
Unevictable:        5532 kB
Mlocked:            5532 kB
SwapTotal:       3145724 kB
SwapFree:        3145724 kB
Dirty:               892 kB
Writeback:             0 kB
AnonPages:       1400376 kB
Mapped:           863180 kB
Shmem:             28776 kB
KReclaimable:     546892 kB
Slab:             220772 kB
SReclaimable:      76408 kB
SUnreclaim:       144364 kB
KernelStack:       46752 kB
PageTables:        63084 kB
NFS_Unstable:          0 kB
Bounce:                0 kB
WritebackTmp:          0 kB
CommitLimit:     9202288 kB
Committed_AS:   66029616 kB
VmallocTotal:   263061440 kB
VmallocUsed:      103888 kB
VmallocChunk:          0 kB
Percpu:             7648 kB
CmaTotal:         294912 kB
CmaFree:               0 kB
MemTotal:       12113132 kB
MemFree:         6223700 kB
MemAvailable:    7707748 kB
Buffers:            6460 kB
Cached:          1832656 kB
SwapCached:            0 kB
Active:          1651012 kB
Inactive:        1583624 kB
Active(anon):    1401960 kB
Inactive(anon):    26816 kB
Active(file):     249052 kB
Inactive(file):  1556808 kB
Unevictable:        5532 kB
Mlocked:            5532 kB
SwapTotal:       3145724 kB
SwapFree:        3145724 kB
Dirty:               928 kB
Writeback:             0 kB
AnonPages:       1401096 kB
Mapped:           863176 kB
Shmem:             28776 kB
KReclaimable:     546892 kB
Slab:             220764 kB
SReclaimable:      76408 kB
SUnreclaim:       144356 kB
KernelStack:       46736 kB
PageTables:        63080 kB
NFS_Unstable:          0 kB
Bounce:                0 kB
WritebackTmp:          0 kB
CommitLimit:     9202288 kB
Committed_AS:   66024140 kB
VmallocTotal:   263061440 kB
VmallocUsed:      103872 kB
VmallocChunk:          0 kB
Percpu:             7648 kB
CmaTotal:         294912 kB
CmaFree:               0 kB
MemTotal:       12113132 kB
MemFree:         6213952 kB
MemAvailable:    7698008 kB
Buffers:            6460 kB
Cached:          1832664 kB
SwapCached:            0 kB
Active:          1661876 kB
Inactive:        1583632 kB
Active(anon):    1412824 kB
Inactive(anon):    26816 kB
Active(file):     249052 kB
Inactive(file):  1556816 kB
Unevictable:        5532 kB
Mlocked:            5532 kB
SwapTotal:       3145724 kB
SwapFree:        3145724 kB
Dirty:               940 kB
Writeback:             0 kB
AnonPages:       1411932 kB
Mapped:           863180 kB
Shmem:             28776 kB
KReclaimable:     546892 kB
Slab:             220764 kB
SReclaimable:      76408 kB
SUnreclaim:       144356 kB
KernelStack:       46752 kB
PageTables:        63080 kB
NFS_Unstable:          0 kB
Bounce:                0 kB
WritebackTmp:          0 kB
CommitLimit:     9202288 kB
Committed_AS:   66028252 kB
VmallocTotal:   263061440 kB
VmallocUsed:      103888 kB
VmallocChunk:          0 kB
Percpu:             7648 kB
CmaTotal:         294912 kB
CmaFree:               0 kB
MemTotal:       12113132 kB
MemFree:         6223440 kB
MemAvailable:    7707500 kB
Buffers:            6460 kB
Cached:          1832668 kB
SwapCached:            0 kB
Active:          1652336 kB
Inactive:        1583872 kB
Active(anon):    1403284 kB
Inactive(anon):    27052 kB
Active(file):     249052 kB
Inactive(file):  1556820 kB
Unevictable:        5532 kB
Mlocked:            5532 kB
SwapTotal:       3145724 kB
SwapFree:        3145724 kB
Dirty:               944 kB
Writeback:             0 kB
AnonPages:       1402460 kB
Mapped:           863396 kB
Shmem:             28776 kB
KReclaimable:     546892 kB
Slab:             220764 kB
SReclaimable:      76408 kB
SUnreclaim:       144356 kB
KernelStack:       46732 kB
PageTables:        63256 kB
NFS_Unstable:          0 kB
Bounce:                0 kB
WritebackTmp:          0 kB
CommitLimit:     9202288 kB
Committed_AS:   66028248 kB
VmallocTotal:   263061440 kB
VmallocUsed:      103840 kB
VmallocChunk:          0 kB
Percpu:             7648 kB
CmaTotal:         294912 kB
CmaFree:               0 kB
MemTotal:       12113132 kB
MemFree:         6222724 kB
MemAvailable:    7706804 kB
Buffers:            6460 kB
Cached:          1832692 kB
SwapCached:            0 kB
Active:          1652792 kB
Inactive:        1583660 kB
Active(anon):    1403740 kB
Inactive(anon):    26820 kB
Active(file):     249052 kB
Inactive(file):  1556840 kB
Unevictable:        5532 kB
Mlocked:            5532 kB
SwapTotal:       3145724 kB
SwapFree:        3145724 kB
Dirty:               256 kB
Writeback:             0 kB
AnonPages:       1403036 kB
Mapped:           863176 kB
Shmem:             28780 kB
KReclaimable:     546892 kB
Slab:             220780 kB
SReclaimable:      76408 kB
SUnreclaim:       144372 kB
KernelStack:       46752 kB
PageTables:        63100 kB
NFS_Unstable:          0 kB
Bounce:                0 kB
WritebackTmp:          0 kB
CommitLimit:     9202288 kB
Committed_AS:   66020160 kB
VmallocTotal:   263061440 kB
VmallocUsed:      103840 kB
VmallocChunk:          0 kB
Percpu:             7648 kB
CmaTotal:         294912 kB
CmaFree:               0 kB
MemTotal:       12113132 kB
MemFree:         6209216 kB
MemAvailable:    7693372 kB
Buffers:            6460 kB
Cached:          1832704 kB
SwapCached:            0 kB
Active:          1666032 kB
Inactive:        1583672 kB
Active(anon):    1416980 kB
Inactive(anon):    26820 kB
Active(file):     249052 kB
Inactive(file):  1556852 kB
Unevictable:        5532 kB
Mlocked:            5532 kB
SwapTotal:       3145724 kB
SwapFree:        3145724 kB
Dirty:               336 kB
Writeback:             0 kB
AnonPages:       1412960 kB
Mapped:           863188 kB
Shmem:             28780 kB
KReclaimable:     546892 kB
Slab:             220772 kB
SReclaimable:      76408 kB
SUnreclaim:       144364 kB
KernelStack:       46752 kB
PageTables:        63180 kB
NFS_Unstable:          0 kB
Bounce:                0 kB
WritebackTmp:          0 kB
CommitLimit:     9202288 kB
Committed_AS:   66030688 kB
VmallocTotal:   263061440 kB
VmallocUsed:      103904 kB
VmallocChunk:          0 kB
Percpu:             7648 kB
CmaTotal:         294912 kB
CmaFree:               0 kB
MemTotal:       12113132 kB
MemFree:         6220504 kB
MemAvailable:    7704600 kB
Buffers:            6460 kB
Cached:          1832708 kB
SwapCached:            0 kB
Active:          1653116 kB
Inactive:        1583676 kB
Active(anon):    1404064 kB
Inactive(anon):    26820 kB
Active(file):     249052 kB
Inactive(file):  1556856 kB
Unevictable:        5532 kB
Mlocked:            5532 kB
SwapTotal:       3145724 kB
SwapFree:        3145724 kB
Dirty:               340 kB
Writeback:             0 kB
AnonPages:       1403200 kB
Mapped:           863184 kB
Shmem:             28780 kB
KReclaimable:     546892 kB
Slab:             220772 kB
SReclaimable:      76408 kB
SUnreclaim:       144364 kB
KernelStack:       46704 kB
PageTables:        63084 kB
NFS_Unstable:          0 kB
Bounce:                0 kB
WritebackTmp:          0 kB
CommitLimit:     9202288 kB
Committed_AS:   66041036 kB
VmallocTotal:   263061440 kB
VmallocUsed:      103920 kB
VmallocChunk:          0 kB
Percpu:             7648 kB
CmaTotal:         294912 kB
CmaFree:               0 kB
MemTotal:       12113132 kB
MemFree:         6236148 kB
MemAvailable:    7720280 kB
Buffers:            6460 kB
Cached:          1832748 kB
SwapCached:            0 kB
Active:          1636432 kB
Inactive:        1583716 kB
Active(anon):    1387380 kB
Inactive(anon):    26824 kB
Active(file):     249052 kB
Inactive(file):  1556892 kB
Unevictable:        5532 kB
Mlocked:            5532 kB
SwapTotal:       3145724 kB
SwapFree:        3145724 kB
Dirty:               416 kB
Writeback:             0 kB
AnonPages:       1386520 kB
Mapped:           863188 kB
Shmem:             28784 kB
KReclaimable:     546892 kB
Slab:             220772 kB
SReclaimable:      76408 kB
SUnreclaim:       144364 kB
KernelStack:       46704 kB
PageTables:        63080 kB
NFS_Unstable:          0 kB
Bounce:                0 kB
WritebackTmp:          0 kB
CommitLimit:     9202288 kB
Committed_AS:   66035176 kB
VmallocTotal:   263061440 kB
VmallocUsed:      103904 kB
VmallocChunk:          0 kB
Percpu:             7648 kB
CmaTotal:         294912 kB
CmaFree:               0 kB
MemTotal:       12113132 kB
MemFree:         6201424 kB
MemAvailable:    7685564 kB
Buffers:            6460 kB
Cached:          1832756 kB
SwapCached:            0 kB
Active:          1675860 kB
Inactive:        1583724 kB
Active(anon):    1426808 kB
Inactive(anon):    26824 kB
Active(file):     249052 kB
Inactive(file):  1556900 kB
Unevictable:        5532 kB
Mlocked:            5532 kB
SwapTotal:       3145724 kB
SwapFree:        3145724 kB
Dirty:               424 kB
Writeback:             0 kB
AnonPages:       1425944 kB
Mapped:           863188 kB
Shmem:             28784 kB
KReclaimable:     546892 kB
Slab:             220772 kB
SReclaimable:      76408 kB
SUnreclaim:       144364 kB
KernelStack:       46752 kB
PageTables:        63168 kB
NFS_Unstable:          0 kB
Bounce:                0 kB
WritebackTmp:          0 kB
CommitLimit:     9202288 kB
Committed_AS:   66030044 kB
VmallocTotal:   263061440 kB
VmallocUsed:      103824 kB
VmallocChunk:          0 kB
Percpu:             7648 kB
CmaTotal:         294912 kB
CmaFree:               0 kB
MemTotal:       12113132 kB
MemFree:         6210288 kB
MemAvailable:    7694436 kB
Buffers:            6460 kB
Cached:          1832764 kB
SwapCached:            0 kB
Active:          1665596 kB
Inactive:        1583732 kB
Active(anon):    1416544 kB
Inactive(anon):    26824 kB
Active(file):     249052 kB
Inactive(file):  1556908 kB
Unevictable:        5532 kB
Mlocked:            5532 kB
SwapTotal:       3145724 kB
SwapFree:        3145724 kB
Dirty:               432 kB
Writeback:             0 kB
AnonPages:       1415604 kB
Mapped:           863196 kB
Shmem:             28784 kB
KReclaimable:     546892 kB
Slab:             220756 kB
SReclaimable:      76408 kB
SUnreclaim:       144348 kB
KernelStack:       46736 kB
PageTables:        63152 kB
NFS_Unstable:          0 kB
Bounce:                0 kB
WritebackTmp:          0 kB
CommitLimit:     9202288 kB
Committed_AS:   66032828 kB
VmallocTotal:   263061440 kB
VmallocUsed:      103856 kB
VmallocChunk:          0 kB
Percpu:             7648 kB
CmaTotal:         294912 kB
CmaFree:               0 kB
MemTotal:       12113132 kB
MemFree:         6211744 kB
MemAvailable:    7695904 kB
Buffers:            6460 kB
Cached:          1832776 kB
SwapCached:            0 kB
Active:          1661808 kB
Inactive:        1583744 kB
Active(anon):    1412756 kB
Inactive(anon):    26824 kB
Active(file):     249052 kB
Inactive(file):  1556920 kB
Unevictable:        5532 kB
Mlocked:            5532 kB
SwapTotal:       3145724 kB
SwapFree:        3145724 kB
Dirty:               452 kB
Writeback:             0 kB
AnonPages:       1411828 kB
Mapped:           863192 kB
Shmem:             28784 kB
KReclaimable:     546892 kB
Slab:             220764 kB
SReclaimable:      76408 kB
SUnreclaim:       144356 kB
KernelStack:       46752 kB
PageTables:        63164 kB
NFS_Unstable:          0 kB
Bounce:                0 kB
WritebackTmp:          0 kB
CommitLimit:     9202288 kB
Committed_AS:   66028536 kB
VmallocTotal:   263061440 kB
VmallocUsed:      103872 kB
VmallocChunk:          0 kB
Percpu:             7648 kB
CmaTotal:         294912 kB
CmaFree:               0 kB
MemTotal:       12113132 kB
MemFree:         6193616 kB
MemAvailable:    7677788 kB
Buffers:            6460 kB
Cached:          1832788 kB
SwapCached:            0 kB
Active:          1683032 kB
Inactive:        1583756 kB
Active(anon):    1433980 kB
Inactive(anon):    26824 kB
Active(file):     249052 kB
Inactive(file):  1556932 kB
Unevictable:        5532 kB
Mlocked:            5532 kB
SwapTotal:       3145724 kB
SwapFree:        3145724 kB
Dirty:               480 kB
Writeback:             0 kB
AnonPages:       1433124 kB
Mapped:           863188 kB
Shmem:             28784 kB
KReclaimable:     546892 kB
Slab:             220740 kB
SReclaimable:      76408 kB
SUnreclaim:       144332 kB
KernelStack:       46640 kB
PageTables:        63088 kB
NFS_Unstable:          0 kB
Bounce:                0 kB
WritebackTmp:          0 kB
CommitLimit:     9202288 kB
Committed_AS:   66029644 kB
VmallocTotal:   263061440 kB
VmallocUsed:      103840 kB
VmallocChunk:          0 kB
Percpu:             7648 kB
CmaTotal:         294912 kB
CmaFree:             152 kB
MemTotal:       12113132 kB
MemFree:         6203152 kB
MemAvailable:    7687340 kB
Buffers:            6460 kB
Cached:          1832804 kB
SwapCached:            0 kB
Active:          1670984 kB
Inactive:        1583772 kB
Active(anon):    1421932 kB
Inactive(anon):    26824 kB
Active(file):     249052 kB
Inactive(file):  1556948 kB
Unevictable:        5532 kB
Mlocked:            5532 kB
SwapTotal:       3145724 kB
SwapFree:        3145724 kB
Dirty:               520 kB
Writeback:             0 kB
AnonPages:       1420912 kB
Mapped:           863200 kB
Shmem:             28784 kB
KReclaimable:     546892 kB
Slab:             220740 kB
SReclaimable:      76408 kB
SUnreclaim:       144332 kB
KernelStack:       46768 kB
PageTables:        63184 kB
NFS_Unstable:          0 kB
Bounce:                0 kB
WritebackTmp:          0 kB
CommitLimit:     9202288 kB
Committed_AS:   66041352 kB
VmallocTotal:   263061440 kB
VmallocUsed:      103856 kB
VmallocChunk:          0 kB
Percpu:             7648 kB
CmaTotal:         294912 kB
CmaFree:               0 kB
MemTotal:       12113132 kB
MemFree:         6203328 kB
MemAvailable:    7687532 kB
Buffers:            6464 kB
Cached:          1832816 kB
SwapCached:            0 kB
Active:          1671740 kB
Inactive:        1583788 kB
Active(anon):    1422688 kB
Inactive(anon):    26824 kB
Active(file):     249052 kB
Inactive(file):  1556964 kB
Unevictable:        5532 kB
Mlocked:            5532 kB
SwapTotal:       3145724 kB
SwapFree:        3145724 kB
Dirty:               488 kB
Writeback:             0 kB
AnonPages:       1421632 kB
Mapped:           863288 kB
Shmem:             28784 kB
KReclaimable:     546892 kB
Slab:             220748 kB
SReclaimable:      76408 kB
SUnreclaim:       144340 kB
KernelStack:       46736 kB
PageTables:        63184 kB
NFS_Unstable:          0 kB
Bounce:                0 kB
WritebackTmp:          0 kB
CommitLimit:     9202288 kB
Committed_AS:   66037844 kB
VmallocTotal:   263061440 kB
VmallocUsed:      103872 kB
VmallocChunk:          0 kB
Percpu:             7648 kB
CmaTotal:         294912 kB
CmaFree:               0 kB
MemTotal:       12113132 kB
MemFree:         6192780 kB
MemAvailable:    7677012 kB
Buffers:            6464 kB
Cached:          1832844 kB
SwapCached:            0 kB
Active:          1682440 kB
Inactive:        1583812 kB
Active(anon):    1433384 kB
Inactive(anon):    26824 kB
Active(file):     249056 kB
Inactive(file):  1556988 kB
Unevictable:        5532 kB
Mlocked:            5532 kB
SwapTotal:       3145724 kB
SwapFree:        3145724 kB
Dirty:               536 kB
Writeback:             0 kB
AnonPages:       1432440 kB
Mapped:           863188 kB
Shmem:             28784 kB
KReclaimable:     546892 kB
Slab:             220740 kB
SReclaimable:      76408 kB
SUnreclaim:       144332 kB
KernelStack:       46768 kB
PageTables:        63192 kB
NFS_Unstable:          0 kB
Bounce:                0 kB
WritebackTmp:          0 kB
CommitLimit:     9202288 kB
Committed_AS:   66035064 kB
VmallocTotal:   263061440 kB
VmallocUsed:      103888 kB
VmallocChunk:          0 kB
Percpu:             7648 kB
CmaTotal:         294912 kB
CmaFree:               0 kB
MemTotal:       12113132 kB
MemFree:         6202256 kB
MemAvailable:    7686496 kB
Buffers:            6464 kB
Cached:          1833072 kB
SwapCached:            0 kB
Active:          1672664 kB
Inactive:        1583820 kB
Active(anon):    1423608 kB
Inactive(anon):    26824 kB
Active(file):     249056 kB
Inactive(file):  1556996 kB
Unevictable:        5532 kB
Mlocked:            5532 kB
SwapTotal:       3145724 kB
SwapFree:        3145724 kB
Dirty:               544 kB
Writeback:             0 kB
AnonPages:       1422700 kB
Mapped:           863140 kB
Shmem:             29004 kB
KReclaimable:     546892 kB
Slab:             220740 kB
SReclaimable:      76408 kB
SUnreclaim:       144332 kB
KernelStack:       46704 kB
PageTables:        63084 kB
NFS_Unstable:          0 kB
Bounce:                0 kB
WritebackTmp:          0 kB
CommitLimit:     9202288 kB
Committed_AS:   66035032 kB
VmallocTotal:   263061440 kB
VmallocUsed:      103904 kB
VmallocChunk:          0 kB
Percpu:             7648 kB
CmaTotal:         294912 kB
CmaFree:               0 kB
MemTotal:       12113132 kB
MemFree:         6201280 kB
MemAvailable:    7685540 kB
Buffers:            6464 kB
Cached:          1832872 kB
SwapCached:            0 kB
Active:          1672588 kB
Inactive:        1583840 kB
Active(anon):    1423532 kB
Inactive(anon):    26824 kB
Active(file):     249056 kB
Inactive(file):  1557016 kB
Unevictable:        5532 kB
Mlocked:            5532 kB
SwapTotal:       3145724 kB
SwapFree:        3145724 kB
Dirty:               568 kB
Writeback:             0 kB
AnonPages:       1422604 kB
Mapped:           863324 kB
Shmem:             28784 kB
KReclaimable:     546892 kB
Slab:             220804 kB
SReclaimable:      76408 kB
SUnreclaim:       144396 kB
KernelStack:       46752 kB
PageTables:        63184 kB
NFS_Unstable:          0 kB
Bounce:                0 kB
WritebackTmp:          0 kB
CommitLimit:     9202288 kB
Committed_AS:   66023876 kB
VmallocTotal:   263061440 kB
VmallocUsed:      103840 kB
VmallocChunk:          0 kB
Percpu:             7648 kB
CmaTotal:         294912 kB
CmaFree:               0 kB
MemTotal:       12113132 kB
MemFree:         6195496 kB
MemAvailable:    7679760 kB
Buffers:            6464 kB
Cached:          1832876 kB
SwapCached:            0 kB
Active:          1678580 kB
Inactive:        1583844 kB
Active(anon):    1429524 kB
Inactive(anon):    26824 kB
Active(file):     249056 kB
Inactive(file):  1557020 kB
Unevictable:        5532 kB
Mlocked:            5532 kB
SwapTotal:       3145724 kB
SwapFree:        3145724 kB
Dirty:               584 kB
Writeback:             0 kB
AnonPages:       1426748 kB
Mapped:           863304 kB
Shmem:             28784 kB
KReclaimable:     546892 kB
Slab:             220724 kB
SReclaimable:      76408 kB
SUnreclaim:       144316 kB
KernelStack:       46768 kB
PageTables:        63172 kB
NFS_Unstable:          0 kB
Bounce:                0 kB
WritebackTmp:          0 kB
CommitLimit:     9202288 kB
Committed_AS:   66033796 kB
VmallocTotal:   263061440 kB
VmallocUsed:      103840 kB
VmallocChunk:          0 kB
Percpu:             7648 kB
CmaTotal:         294912 kB
CmaFree:             176 kB
MemTotal:       12113132 kB
MemFree:         6206672 kB
MemAvailable:    7690952 kB
Buffers:            6464 kB
Cached:          1832892 kB
SwapCached:            0 kB
Active:          1668344 kB
Inactive:        1583860 kB
Active(anon):    1419288 kB
Inactive(anon):    26824 kB
Active(file):     249056 kB
Inactive(file):  1557036 kB
Unevictable:        5532 kB
Mlocked:            5532 kB
SwapTotal:       3145724 kB
SwapFree:        3145724 kB
Dirty:               604 kB
Writeback:             0 kB
AnonPages:       1418416 kB
Mapped:           863188 kB
Shmem:             28784 kB
KReclaimable:     546892 kB
Slab:             220724 kB
SReclaimable:      76408 kB
SUnreclaim:       144316 kB
KernelStack:       46704 kB
PageTables:        63092 kB
NFS_Unstable:          0 kB
Bounce:                0 kB
WritebackTmp:          0 kB
CommitLimit:     9202288 kB
Committed_AS:   66043312 kB
VmallocTotal:   263061440 kB
VmallocUsed:      103856 kB
VmallocChunk:          0 kB
Percpu:             7648 kB
CmaTotal:         294912 kB
CmaFree:               0 kB
MemTotal:       12113132 kB
MemFree:         6205788 kB
MemAvailable:    7690076 kB
Buffers:            6464 kB
Cached:          1832900 kB
SwapCached:            0 kB
Active:          1669436 kB
Inactive:        1583868 kB
Active(anon):    1420380 kB
Inactive(anon):    26824 kB
Active(file):     249056 kB
Inactive(file):  1557044 kB
Unevictable:        5532 kB
Mlocked:            5532 kB
SwapTotal:       3145724 kB
SwapFree:        3145724 kB
Dirty:               616 kB
Writeback:             0 kB
AnonPages:       1419492 kB
Mapped:           863188 kB
Shmem:             28784 kB
KReclaimable:     546892 kB
Slab:             220700 kB
SReclaimable:      76408 kB
SUnreclaim:       144292 kB
KernelStack:       46704 kB
PageTables:        63092 kB
NFS_Unstable:          0 kB
Bounce:                0 kB
WritebackTmp:          0 kB
CommitLimit:     9202288 kB
Committed_AS:   66045804 kB
VmallocTotal:   263061440 kB
VmallocUsed:      103840 kB
VmallocChunk:          0 kB
Percpu:             7648 kB
CmaTotal:         294912 kB
CmaFree:               0 kB
MemTotal:       12113132 kB
MemFree:         6193576 kB
MemAvailable:    7677872 kB
Buffers:            6464 kB
Cached:          1832908 kB
SwapCached:            0 kB
Active:          1682740 kB
Inactive:        1583876 kB
Active(anon):    1433684 kB
Inactive(anon):    26824 kB
Active(file):     249056 kB
Inactive(file):  1557052 kB
Unevictable:        5532 kB
Mlocked:            5532 kB
SwapTotal:       3145724 kB
SwapFree:        3145724 kB
Dirty:               640 kB
Writeback:             0 kB
AnonPages:       1432744 kB
Mapped:           863296 kB
Shmem:             28784 kB
KReclaimable:     546892 kB
Slab:             220700 kB
SReclaimable:      76408 kB
SUnreclaim:       144292 kB
KernelStack:       46736 kB
PageTables:        63168 kB
NFS_Unstable:          0 kB
Bounce:                0 kB
WritebackTmp:          0 kB
CommitLimit:     9202288 kB
Committed_AS:   66039968 kB
VmallocTotal:   263061440 kB
VmallocUsed:      103792 kB
VmallocChunk:          0 kB
Percpu:             7648 kB
CmaTotal:         294912 kB
CmaFree:               0 kB
MemTotal:       12113132 kB
MemFree:         6232648 kB
MemAvailable:    7716956 kB
Buffers:            6464 kB
Cached:          1832920 kB
SwapCached:            0 kB
Active:          1640280 kB
Inactive:        1583888 kB
Active(anon):    1391224 kB
Inactive(anon):    26824 kB
Active(file):     249056 kB
Inactive(file):  1557064 kB
Unevictable:        5532 kB
Mlocked:            5532 kB
SwapTotal:       3145724 kB
SwapFree:        3145724 kB
Dirty:               660 kB
Writeback:             0 kB
AnonPages:       1390056 kB
Mapped:           863448 kB
Shmem:             28784 kB
KReclaimable:     546892 kB
Slab:             220668 kB
SReclaimable:      76408 kB
SUnreclaim:       144260 kB
KernelStack:       46752 kB
PageTables:        63260 kB
NFS_Unstable:          0 kB
Bounce:                0 kB
WritebackTmp:          0 kB
CommitLimit:     9202288 kB
Committed_AS:   66041372 kB
VmallocTotal:   263061440 kB
VmallocUsed:      103808 kB
VmallocChunk:          0 kB
Percpu:             7648 kB
CmaTotal:         294912 kB
CmaFree:              48 kB
MemTotal:       12113132 kB
MemFree:         6233456 kB
MemAvailable:    7717784 kB
Buffers:            6464 kB
Cached:          1832940 kB
SwapCached:            0 kB
Active:          1640068 kB
Inactive:        1583908 kB
Active(anon):    1391012 kB
Inactive(anon):    26824 kB
Active(file):     249056 kB
Inactive(file):  1557084 kB
Unevictable:        5532 kB
Mlocked:            5532 kB
SwapTotal:       3145724 kB
SwapFree:        3145724 kB
Dirty:               704 kB
Writeback:             0 kB
AnonPages:       1390064 kB
Mapped:           863188 kB
Shmem:             28784 kB
KReclaimable:     546892 kB
Slab:             220740 kB
SReclaimable:      76408 kB
SUnreclaim:       144332 kB
KernelStack:       46720 kB
PageTables:        63168 kB
NFS_Unstable:          0 kB
Bounce:                0 kB
WritebackTmp:          0 kB
CommitLimit:     9202288 kB
Committed_AS:   66044764 kB
VmallocTotal:   263061440 kB
VmallocUsed:      103824 kB
VmallocChunk:          0 kB
Percpu:             7648 kB
CmaTotal:         294912 kB
CmaFree:               0 kB
MemTotal:       12113132 kB
MemFree:         6204924 kB
MemAvailable:    7689268 kB
Buffers:            6464 kB
Cached:          1832956 kB
SwapCached:            0 kB
Active:          1671796 kB
Inactive:        1583924 kB
Active(anon):    1422740 kB
Inactive(anon):    26824 kB
Active(file):     249056 kB
Inactive(file):  1557100 kB
Unevictable:        5532 kB
Mlocked:            5532 kB
SwapTotal:       3145724 kB
SwapFree:        3145724 kB
Dirty:               740 kB
Writeback:             0 kB
AnonPages:       1422144 kB
Mapped:           863188 kB
Shmem:             28784 kB
KReclaimable:     546892 kB
Slab:             220708 kB
SReclaimable:      76408 kB
SUnreclaim:       144300 kB
KernelStack:       46688 kB
PageTables:        63068 kB
NFS_Unstable:          0 kB
Bounce:                0 kB
WritebackTmp:          0 kB
CommitLimit:     9202288 kB
Committed_AS:   66035932 kB
VmallocTotal:   263061440 kB
VmallocUsed:      103776 kB
VmallocChunk:          0 kB
Percpu:             7648 kB
CmaTotal:         294912 kB
CmaFree:               0 kB
MemTotal:       12113132 kB
MemFree:         6217052 kB
MemAvailable:    7701404 kB
Buffers:            6464 kB
Cached:          1832964 kB
SwapCached:            0 kB
Active:          1658924 kB
Inactive:        1583932 kB
Active(anon):    1409868 kB
Inactive(anon):    26824 kB
Active(file):     249056 kB
Inactive(file):  1557108 kB
Unevictable:        5532 kB
Mlocked:            5532 kB
SwapTotal:       3145724 kB
SwapFree:        3145724 kB
Dirty:               772 kB
Writeback:             0 kB
AnonPages:       1409060 kB
Mapped:           863188 kB
Shmem:             28784 kB
KReclaimable:     546892 kB
Slab:             220708 kB
SReclaimable:      76408 kB
SUnreclaim:       144300 kB
KernelStack:       46688 kB
PageTables:        63092 kB
NFS_Unstable:          0 kB
Bounce:                0 kB
WritebackTmp:          0 kB
CommitLimit:     9202288 kB
Committed_AS:   66031384 kB
VmallocTotal:   263061440 kB
VmallocUsed:      103744 kB
VmallocChunk:          0 kB
Percpu:             7648 kB
CmaTotal:         294912 kB
CmaFree:               0 kB
MemTotal:       12113132 kB
MemFree:         6214728 kB
MemAvailable:    7699092 kB
Buffers:            6464 kB
Cached:          1832976 kB
SwapCached:            0 kB
Active:          1659604 kB
Inactive:        1583944 kB
Active(anon):    1410548 kB
Inactive(anon):    26824 kB
Active(file):     249056 kB
Inactive(file):  1557120 kB
Unevictable:        5532 kB
Mlocked:            5532 kB
SwapTotal:       3145724 kB
SwapFree:        3145724 kB
Dirty:               788 kB
Writeback:             0 kB
AnonPages:       1409784 kB
Mapped:           863188 kB
Shmem:             28784 kB
KReclaimable:     546892 kB
Slab:             220732 kB
SReclaimable:      76408 kB
SUnreclaim:       144324 kB
KernelStack:       46672 kB
PageTables:        63092 kB
NFS_Unstable:          0 kB
Bounce:                0 kB
WritebackTmp:          0 kB
CommitLimit:     9202288 kB
Committed_AS:   66035880 kB
VmallocTotal:   263061440 kB
VmallocUsed:      103776 kB
VmallocChunk:          0 kB
Percpu:             7648 kB
CmaTotal:         294912 kB
CmaFree:               0 kB
MemTotal:       12113132 kB
MemFree:         6201240 kB
MemAvailable:    7685616 kB
Buffers:            6464 kB
Cached:          1832988 kB
SwapCached:            0 kB
Active:          1674148 kB
Inactive:        1583956 kB
Active(anon):    1425092 kB
Inactive(anon):    26824 kB
Active(file):     249056 kB
Inactive(file):  1557132 kB
Unevictable:        5532 kB
Mlocked:            5532 kB
SwapTotal:       3145724 kB
SwapFree:        3145724 kB
Dirty:               812 kB
Writeback:             0 kB
AnonPages:       1424252 kB
Mapped:           863188 kB
Shmem:             28784 kB
KReclaimable:     546892 kB
Slab:             220708 kB
SReclaimable:      76408 kB
SUnreclaim:       144300 kB
KernelStack:       46720 kB
PageTables:        63192 kB
NFS_Unstable:          0 kB
Bounce:                0 kB
WritebackTmp:          0 kB
CommitLimit:     9202288 kB
Committed_AS:   66030292 kB
VmallocTotal:   263061440 kB
VmallocUsed:      103808 kB
VmallocChunk:          0 kB
Percpu:             7648 kB
CmaTotal:         294912 kB
CmaFree:               0 kB
MemTotal:       12113132 kB
MemFree:         6227440 kB
MemAvailable:    7711828 kB
Buffers:            6464 kB
Cached:          1833000 kB
SwapCached:            0 kB
Active:          1646656 kB
Inactive:        1583968 kB
Active(anon):    1397600 kB
Inactive(anon):    26824 kB
Active(file):     249056 kB
Inactive(file):  1557144 kB
Unevictable:        5532 kB
Mlocked:            5532 kB
SwapTotal:       3145724 kB
SwapFree:        3145724 kB
Dirty:               828 kB
Writeback:             0 kB
AnonPages:       1396808 kB
Mapped:           863160 kB
Shmem:             28784 kB
KReclaimable:     546892 kB
Slab:             220848 kB
SReclaimable:      76408 kB
SUnreclaim:       144440 kB
KernelStack:       46704 kB
PageTables:        63112 kB
NFS_Unstable:          0 kB
Bounce:                0 kB
WritebackTmp:          0 kB
CommitLimit:     9202288 kB
Committed_AS:   66033448 kB
VmallocTotal:   263061440 kB
VmallocUsed:      103824 kB
VmallocChunk:          0 kB
Percpu:             7648 kB
CmaTotal:         294912 kB
CmaFree:               8 kB
MemTotal:       12113132 kB
MemFree:         6226552 kB
MemAvailable:    7710984 kB
Buffers:            6472 kB
Cached:          1833036 kB
SwapCached:            0 kB
Active:          1648020 kB
Inactive:        1584008 kB
Active(anon):    1398960 kB
Inactive(anon):    26824 kB
Active(file):     249060 kB
Inactive(file):  1557184 kB
Unevictable:        5532 kB
Mlocked:            5532 kB
SwapTotal:       3145724 kB
SwapFree:        3145724 kB
Dirty:               820 kB
Writeback:             0 kB
AnonPages:       1398092 kB
Mapped:           863252 kB
Shmem:             28784 kB
KReclaimable:     546892 kB
Slab:             220696 kB
SReclaimable:      76408 kB
SUnreclaim:       144288 kB
KernelStack:       46672 kB
PageTables:        63204 kB
NFS_Unstable:          0 kB
Bounce:                0 kB
WritebackTmp:          0 kB
CommitLimit:     9202288 kB
Committed_AS:   66033260 kB
VmallocTotal:   263061440 kB
VmallocUsed:      103808 kB
VmallocChunk:          0 kB
Percpu:             7648 kB
CmaTotal:         294912 kB
CmaFree:               0 kB
MemTotal:       12113132 kB
MemFree:         6217712 kB
MemAvailable:    7702148 kB
Buffers:            6472 kB
Cached:          1833044 kB
SwapCached:            0 kB
Active:          1659472 kB
Inactive:        1584016 kB
Active(anon):    1410412 kB
Inactive(anon):    26828 kB
Active(file):     249060 kB
Inactive(file):  1557188 kB
Unevictable:        5532 kB
Mlocked:            5532 kB
SwapTotal:       3145724 kB
SwapFree:        3145724 kB
Dirty:               872 kB
Writeback:             0 kB
AnonPages:       1409632 kB
Mapped:           863248 kB
Shmem:             28788 kB
KReclaimable:     546892 kB
Slab:             220712 kB
SReclaimable:      76408 kB
SUnreclaim:       144304 kB
KernelStack:       46592 kB
PageTables:        63088 kB
NFS_Unstable:          0 kB
Bounce:                0 kB
WritebackTmp:          0 kB
CommitLimit:     9202288 kB
Committed_AS:   66036744 kB
VmallocTotal:   263061440 kB
VmallocUsed:      103792 kB
VmallocChunk:          0 kB
Percpu:             7648 kB
CmaTotal:         294912 kB
CmaFree:               0 kB
MemTotal:       12113132 kB
MemFree:         6226472 kB
MemAvailable:    7710920 kB
Buffers:            6472 kB
Cached:          1833056 kB
SwapCached:            0 kB
Active:          1649120 kB
Inactive:        1584028 kB
Active(anon):    1400060 kB
Inactive(anon):    26828 kB
Active(file):     249060 kB
Inactive(file):  1557200 kB
Unevictable:        5532 kB
Mlocked:            5532 kB
SwapTotal:       3145724 kB
SwapFree:        3145724 kB
Dirty:               900 kB
Writeback:             0 kB
AnonPages:       1399344 kB
Mapped:           863352 kB
Shmem:             28788 kB
KReclaimable:     546892 kB
Slab:             220704 kB
SReclaimable:      76408 kB
SUnreclaim:       144296 kB
KernelStack:       46640 kB
PageTables:        63168 kB
NFS_Unstable:          0 kB
Bounce:                0 kB
WritebackTmp:          0 kB
CommitLimit:     9202288 kB
Committed_AS:   66031072 kB
VmallocTotal:   263061440 kB
VmallocUsed:      103792 kB
VmallocChunk:          0 kB
Percpu:             7648 kB
CmaTotal:         294912 kB
CmaFree:               0 kB
MemTotal:       12113132 kB
MemFree:         6225044 kB
MemAvailable:    7709504 kB
Buffers:            6472 kB
Cached:          1833068 kB
SwapCached:            0 kB
Active:          1650008 kB
Inactive:        1584040 kB
Active(anon):    1400948 kB
Inactive(anon):    26828 kB
Active(file):     249060 kB
Inactive(file):  1557212 kB
Unevictable:        5532 kB
Mlocked:            5532 kB
SwapTotal:       3145724 kB
SwapFree:        3145724 kB
Dirty:               920 kB
Writeback:             0 kB
AnonPages:       1400124 kB
Mapped:           863248 kB
Shmem:             28788 kB
KReclaimable:     546892 kB
Slab:             220704 kB
SReclaimable:      76408 kB
SUnreclaim:       144296 kB
KernelStack:       46592 kB
PageTables:        63088 kB
NFS_Unstable:          0 kB
Bounce:                0 kB
WritebackTmp:          0 kB
CommitLimit:     9202288 kB
Committed_AS:   66037052 kB
VmallocTotal:   263061440 kB
VmallocUsed:      103744 kB
VmallocChunk:          0 kB
Percpu:             7648 kB
CmaTotal:         294912 kB
CmaFree:               0 kB
MemTotal:       12113132 kB
MemFree:         6216208 kB
MemAvailable:    7700684 kB
Buffers:            6472 kB
Cached:          1833084 kB
SwapCached:            0 kB
Active:          1661480 kB
Inactive:        1584056 kB
Active(anon):    1412420 kB
Inactive(anon):    26828 kB
Active(file):     249060 kB
Inactive(file):  1557228 kB
Unevictable:        5532 kB
Mlocked:            5532 kB
SwapTotal:       3145724 kB
SwapFree:        3145724 kB
Dirty:               952 kB
Writeback:             0 kB
AnonPages:       1409648 kB
Mapped:           863384 kB
Shmem:             28788 kB
KReclaimable:     546892 kB
Slab:             220704 kB
SReclaimable:      76408 kB
SUnreclaim:       144296 kB
KernelStack:       46608 kB
PageTables:        63068 kB
NFS_Unstable:          0 kB
Bounce:                0 kB
WritebackTmp:          0 kB
CommitLimit:     9202288 kB
Committed_AS:   66021180 kB
VmallocTotal:   263061440 kB
VmallocUsed:      103728 kB
VmallocChunk:          0 kB
Percpu:             7648 kB
CmaTotal:         294912 kB
CmaFree:               0 kB
MemTotal:       12113132 kB
MemFree:         6223104 kB
MemAvailable:    7707592 kB
Buffers:            6472 kB
Cached:          1833096 kB
SwapCached:            0 kB
Active:          1651708 kB
Inactive:        1584068 kB
Active(anon):    1402648 kB
Inactive(anon):    26828 kB
Active(file):     249060 kB
Inactive(file):  1557240 kB
Unevictable:        5532 kB
Mlocked:            5532 kB
SwapTotal:       3145724 kB
SwapFree:        3145724 kB
Dirty:               980 kB
Writeback:             0 kB
AnonPages:       1401748 kB
Mapped:           863408 kB
Shmem:             28788 kB
KReclaimable:     546892 kB
Slab:             220696 kB
SReclaimable:      76408 kB
SUnreclaim:       144288 kB
KernelStack:       46608 kB
PageTables:        63216 kB
NFS_Unstable:          0 kB
Bounce:                0 kB
WritebackTmp:          0 kB
CommitLimit:     9202288 kB
Committed_AS:   66040868 kB
VmallocTotal:   263061440 kB
VmallocUsed:      103728 kB
VmallocChunk:          0 kB
Percpu:             7648 kB
CmaTotal:         294912 kB
CmaFree:               4 kB
MemTotal:       12113132 kB
MemFree:         6223892 kB
MemAvailable:    7708392 kB
Buffers:            6472 kB
Cached:          1833108 kB
SwapCached:            0 kB
Active:          1651896 kB
Inactive:        1584076 kB
Active(anon):    1402832 kB
Inactive(anon):    26828 kB
Active(file):     249064 kB
Inactive(file):  1557248 kB
Unevictable:        5532 kB
Mlocked:            5532 kB
SwapTotal:       3145724 kB
SwapFree:        3145724 kB
Dirty:               976 kB
Writeback:             0 kB
AnonPages:       1401980 kB
Mapped:           863524 kB
Shmem:             28788 kB
KReclaimable:     546892 kB
Slab:             220692 kB
SReclaimable:      76408 kB
SUnreclaim:       144284 kB
KernelStack:       46576 kB
PageTables:        63080 kB
NFS_Unstable:          0 kB
Bounce:                0 kB
WritebackTmp:          0 kB
CommitLimit:     9202288 kB
Committed_AS:   66018764 kB
VmallocTotal:   263061440 kB
VmallocUsed:      103744 kB
VmallocChunk:          0 kB
Percpu:             7648 kB
CmaTotal:         294912 kB
CmaFree:               0 kB
MemTotal:       12113132 kB
MemFree:         6212176 kB
MemAvailable:    7696696 kB
Buffers:            6472 kB
Cached:          1833128 kB
SwapCached:            0 kB
Active:          1666024 kB
Inactive:        1584096 kB
Active(anon):    1416960 kB
Inactive(anon):    26828 kB
Active(file):     249064 kB
Inactive(file):  1557268 kB
Unevictable:        5532 kB
Mlocked:            5532 kB
SwapTotal:       3145724 kB
SwapFree:        3145724 kB
Dirty:               880 kB
Writeback:             0 kB
AnonPages:       1416128 kB
Mapped:           863516 kB
Shmem:             28788 kB
KReclaimable:     546892 kB
Slab:             220700 kB
SReclaimable:      76408 kB
SUnreclaim:       144292 kB
KernelStack:       46624 kB
PageTables:        63196 kB
NFS_Unstable:          0 kB
Bounce:                0 kB
WritebackTmp:          0 kB
CommitLimit:     9202288 kB
Committed_AS:   66025888 kB
VmallocTotal:   263061440 kB
VmallocUsed:      103744 kB
VmallocChunk:          0 kB
Percpu:             7648 kB
CmaTotal:         294912 kB
CmaFree:               0 kB
MemTotal:       12113132 kB
MemFree:         6222044 kB
MemAvailable:    7706572 kB
Buffers:            6472 kB
Cached:          1833136 kB
SwapCached:            0 kB
Active:          1653304 kB
Inactive:        1584104 kB
Active(anon):    1404240 kB
Inactive(anon):    26828 kB
Active(file):     249064 kB
Inactive(file):  1557276 kB
Unevictable:        5532 kB
Mlocked:            5532 kB
SwapTotal:       3145724 kB
SwapFree:        3145724 kB
Dirty:               924 kB
Writeback:             0 kB
AnonPages:       1403352 kB
Mapped:           863412 kB
Shmem:             28788 kB
KReclaimable:     546892 kB
Slab:             220692 kB
SReclaimable:      76408 kB
SUnreclaim:       144284 kB
KernelStack:       46592 kB
PageTables:        63092 kB
NFS_Unstable:          0 kB
Bounce:                0 kB
WritebackTmp:          0 kB
CommitLimit:     9202288 kB
Committed_AS:   66047344 kB
VmallocTotal:   263061440 kB
VmallocUsed:      103744 kB
VmallocChunk:          0 kB
Percpu:             7648 kB
CmaTotal:         294912 kB
CmaFree:               0 kB
MemTotal:       12113132 kB
MemFree:         6221456 kB
MemAvailable:    7706008 kB
Buffers:            6472 kB
Cached:          1833160 kB
SwapCached:            0 kB
Active:          1654252 kB
Inactive:        1584124 kB
Active(anon):    1405184 kB
Inactive(anon):    26828 kB
Active(file):     249068 kB
Inactive(file):  1557296 kB
Unevictable:        5532 kB
Mlocked:            5532 kB
SwapTotal:       3145724 kB
SwapFree:        3145724 kB
Dirty:               956 kB
Writeback:             0 kB
AnonPages:       1404140 kB
Mapped:           863424 kB
Shmem:             28788 kB
KReclaimable:     546892 kB
Slab:             220716 kB
SReclaimable:      76408 kB
SUnreclaim:       144308 kB
KernelStack:       46624 kB
PageTables:        63252 kB
NFS_Unstable:          0 kB
Bounce:                0 kB
WritebackTmp:          0 kB
CommitLimit:     9202288 kB
Committed_AS:   66043100 kB
VmallocTotal:   263061440 kB
VmallocUsed:      103712 kB
VmallocChunk:          0 kB
Percpu:             7648 kB
CmaTotal:         294912 kB
CmaFree:               0 kB
MemTotal:       12113132 kB
MemFree:         6202216 kB
MemAvailable:    7686780 kB
Buffers:            6472 kB
Cached:          1833172 kB
SwapCached:            0 kB
Active:          1672372 kB
Inactive:        1584140 kB
Active(anon):    1423308 kB
Inactive(anon):    26828 kB
Active(file):     249064 kB
Inactive(file):  1557312 kB
Unevictable:        5532 kB
Mlocked:            5532 kB
SwapTotal:       3145724 kB
SwapFree:        3145724 kB
Dirty:              1008 kB
Writeback:             0 kB
AnonPages:       1422016 kB
Mapped:           863404 kB
Shmem:             28788 kB
KReclaimable:     546892 kB
Slab:             220708 kB
SReclaimable:      76408 kB
SUnreclaim:       144300 kB
KernelStack:       46624 kB
PageTables:        63152 kB
NFS_Unstable:          0 kB
Bounce:                0 kB
WritebackTmp:          0 kB
CommitLimit:     9202288 kB
Committed_AS:   66039340 kB
VmallocTotal:   263061440 kB
VmallocUsed:      103744 kB
VmallocChunk:          0 kB
Percpu:             7648 kB
CmaTotal:         294912 kB
CmaFree:               0 kB
MemTotal:       12113132 kB
MemFree:         6210716 kB
MemAvailable:    7695280 kB
Buffers:            6472 kB
Cached:          1833172 kB
SwapCached:            0 kB
Active:          1663888 kB
Inactive:        1584140 kB
Active(anon):    1414824 kB
Inactive(anon):    26828 kB
Active(file):     249064 kB
Inactive(file):  1557312 kB
Unevictable:        5532 kB
Mlocked:            5532 kB
SwapTotal:       3145724 kB
SwapFree:        3145724 kB
Dirty:               324 kB
Writeback:             8 kB
AnonPages:       1413888 kB
Mapped:           863684 kB
Shmem:             28788 kB
KReclaimable:     546892 kB
Slab:             220612 kB
SReclaimable:      76408 kB
SUnreclaim:       144204 kB
KernelStack:       46640 kB
PageTables:        63544 kB
NFS_Unstable:          0 kB
Bounce:                0 kB
WritebackTmp:          0 kB
CommitLimit:     9202288 kB
Committed_AS:   66041212 kB
VmallocTotal:   263061440 kB
VmallocUsed:      103744 kB
VmallocChunk:          0 kB
Percpu:             7648 kB
CmaTotal:         294912 kB
CmaFree:               0 kB
MemTotal:       12113132 kB
MemFree:         6211320 kB
MemAvailable:    7695900 kB
Buffers:            6472 kB
Cached:          1833188 kB
SwapCached:            0 kB
Active:          1664592 kB
Inactive:        1584156 kB
Active(anon):    1415528 kB
Inactive(anon):    26828 kB
Active(file):     249064 kB
Inactive(file):  1557328 kB
Unevictable:        5532 kB
Mlocked:            5532 kB
SwapTotal:       3145724 kB
SwapFree:        3145724 kB
Dirty:               336 kB
Writeback:             0 kB
AnonPages:       1414688 kB
Mapped:           863568 kB
Shmem:             28788 kB
KReclaimable:     546892 kB
Slab:             220764 kB
SReclaimable:      76408 kB
SUnreclaim:       144356 kB
KernelStack:       46624 kB
PageTables:        63188 kB
NFS_Unstable:          0 kB
Bounce:                0 kB
WritebackTmp:          0 kB
CommitLimit:     9202288 kB
Committed_AS:   66032552 kB
VmallocTotal:   263061440 kB
VmallocUsed:      103744 kB
VmallocChunk:          0 kB
Percpu:             7648 kB
CmaTotal:         294912 kB
CmaFree:               0 kB
MemTotal:       12113132 kB
MemFree:         6200628 kB
MemAvailable:    7685228 kB
Buffers:            6472 kB
Cached:          1833208 kB
SwapCached:            0 kB
Active:          1674156 kB
Inactive:        1584176 kB
Active(anon):    1425092 kB
Inactive(anon):    26828 kB
Active(file):     249064 kB
Inactive(file):  1557348 kB
Unevictable:        5532 kB
Mlocked:            5532 kB
SwapTotal:       3145724 kB
SwapFree:        3145724 kB
Dirty:               380 kB
Writeback:             0 kB
AnonPages:       1424332 kB
Mapped:           863412 kB
Shmem:             28788 kB
KReclaimable:     546892 kB
Slab:             220772 kB
SReclaimable:      76408 kB
SUnreclaim:       144364 kB
KernelStack:       46576 kB
PageTables:        63092 kB
NFS_Unstable:          0 kB
Bounce:                0 kB
WritebackTmp:          0 kB
CommitLimit:     9202288 kB
Committed_AS:   66026328 kB
VmallocTotal:   263061440 kB
VmallocUsed:      103760 kB
VmallocChunk:          0 kB
Percpu:             7648 kB
CmaTotal:         294912 kB
CmaFree:               0 kB
MemTotal:       12113132 kB
MemFree:         6216612 kB
MemAvailable:    7701220 kB
Buffers:            6472 kB
Cached:          1833216 kB
SwapCached:            0 kB
Active:          1658664 kB
Inactive:        1584184 kB
Active(anon):    1409600 kB
Inactive(anon):    26828 kB
Active(file):     249064 kB
Inactive(file):  1557356 kB
Unevictable:        5532 kB
Mlocked:            5532 kB
SwapTotal:       3145724 kB
SwapFree:        3145724 kB
Dirty:               400 kB
Writeback:             0 kB
AnonPages:       1408648 kB
Mapped:           863412 kB
Shmem:             28788 kB
KReclaimable:     546892 kB
Slab:             220780 kB
SReclaimable:      76408 kB
SUnreclaim:       144372 kB
KernelStack:       46576 kB
PageTables:        63092 kB
NFS_Unstable:          0 kB
Bounce:                0 kB
WritebackTmp:          0 kB
CommitLimit:     9202288 kB
Committed_AS:   66040116 kB
VmallocTotal:   263061440 kB
VmallocUsed:      103696 kB
VmallocChunk:          0 kB
Percpu:             7648 kB
CmaTotal:         294912 kB
CmaFree:               0 kB
MemTotal:       12113132 kB
MemFree:         6214336 kB
MemAvailable:    7698984 kB
Buffers:            6476 kB
Cached:          1833248 kB
SwapCached:            0 kB
Active:          1659860 kB
Inactive:        1584216 kB
Active(anon):    1410792 kB
Inactive(anon):    26828 kB
Active(file):     249068 kB
Inactive(file):  1557388 kB
Unevictable:        5532 kB
Mlocked:            5532 kB
SwapTotal:       3145724 kB
SwapFree:        3145724 kB
Dirty:               452 kB
Writeback:             0 kB
AnonPages:       1409936 kB
Mapped:           863412 kB
Shmem:             28788 kB
KReclaimable:     546896 kB
Slab:             220776 kB
SReclaimable:      76412 kB
SUnreclaim:       144364 kB
KernelStack:       46576 kB
PageTables:        63092 kB
NFS_Unstable:          0 kB
Bounce:                0 kB
WritebackTmp:          0 kB
CommitLimit:     9202288 kB
Committed_AS:   66045272 kB
VmallocTotal:   263061440 kB
VmallocUsed:      103776 kB
VmallocChunk:          0 kB
Percpu:             7648 kB
CmaTotal:         294912 kB
CmaFree:               0 kB
MemTotal:       12113132 kB
MemFree:         6186652 kB
MemAvailable:    7671312 kB
Buffers:            6476 kB
Cached:          1833260 kB
SwapCached:            0 kB
Active:          1688728 kB
Inactive:        1584228 kB
Active(anon):    1439660 kB
Inactive(anon):    26828 kB
Active(file):     249068 kB
Inactive(file):  1557400 kB
Unevictable:        5532 kB
Mlocked:            5532 kB
SwapTotal:       3145724 kB
SwapFree:        3145724 kB
Dirty:               532 kB
Writeback:             0 kB
AnonPages:       1438932 kB
Mapped:           863416 kB
Shmem:             28788 kB
KReclaimable:     546896 kB
Slab:             220776 kB
SReclaimable:      76412 kB
SUnreclaim:       144364 kB
KernelStack:       46624 kB
PageTables:        63164 kB
NFS_Unstable:          0 kB
Bounce:                0 kB
WritebackTmp:          0 kB
CommitLimit:     9202288 kB
Committed_AS:   66040220 kB
VmallocTotal:   263061440 kB
VmallocUsed:      103776 kB
VmallocChunk:          0 kB
Percpu:             7648 kB
CmaTotal:         294912 kB
CmaFree:               0 kB
MemTotal:       12113132 kB
MemFree:         6195896 kB
MemAvailable:    7680576 kB
Buffers:            6476 kB
Cached:          1833280 kB
SwapCached:            0 kB
Active:          1678860 kB
Inactive:        1584248 kB
Active(anon):    1429792 kB
Inactive(anon):    26828 kB
Active(file):     249068 kB
Inactive(file):  1557420 kB
Unevictable:        5532 kB
Mlocked:            5532 kB
SwapTotal:       3145724 kB
SwapFree:        3145724 kB
Dirty:               556 kB
Writeback:             0 kB
AnonPages:       1428784 kB
Mapped:           863400 kB
Shmem:             28788 kB
KReclaimable:     546896 kB
Slab:             220768 kB
SReclaimable:      76412 kB
SUnreclaim:       144356 kB
KernelStack:       46624 kB
PageTables:        63372 kB
NFS_Unstable:          0 kB
Bounce:                0 kB
WritebackTmp:          0 kB
CommitLimit:     9202288 kB
Committed_AS:   66040876 kB
VmallocTotal:   263061440 kB
VmallocUsed:      103744 kB
VmallocChunk:          0 kB
Percpu:             7648 kB
CmaTotal:         294912 kB
CmaFree:               0 kB
MemTotal:       12113132 kB
MemFree:         6195768 kB
MemAvailable:    7680448 kB
Buffers:            6476 kB
Cached:          1833280 kB
SwapCached:            0 kB
Active:          1678252 kB
Inactive:        1584248 kB
Active(anon):    1429184 kB
Inactive(anon):    26828 kB
Active(file):     249068 kB
Inactive(file):  1557420 kB
Unevictable:        5532 kB
Mlocked:            5532 kB
SwapTotal:       3145724 kB
SwapFree:        3145724 kB
Dirty:               552 kB
Writeback:             0 kB
AnonPages:       1428308 kB
Mapped:           863412 kB
Shmem:             28788 kB
KReclaimable:     546896 kB
Slab:             220776 kB
SReclaimable:      76412 kB
SUnreclaim:       144364 kB
KernelStack:       46624 kB
PageTables:        63200 kB
NFS_Unstable:          0 kB
Bounce:                0 kB
WritebackTmp:          0 kB
CommitLimit:     9202288 kB
Committed_AS:   66036060 kB
VmallocTotal:   263061440 kB
VmallocUsed:      103712 kB
VmallocChunk:          0 kB
Percpu:             7648 kB
CmaTotal:         294912 kB
CmaFree:               0 kB
MemTotal:       12113132 kB
MemFree:         6185900 kB
MemAvailable:    7670600 kB
Buffers:            6476 kB
Cached:          1833300 kB
SwapCached:            0 kB
Active:          1689860 kB
Inactive:        1584268 kB
Active(anon):    1440792 kB
Inactive(anon):    26828 kB
Active(file):     249068 kB
Inactive(file):  1557440 kB
Unevictable:        5532 kB
Mlocked:            5532 kB
SwapTotal:       3145724 kB
SwapFree:        3145724 kB
Dirty:               584 kB
Writeback:             0 kB
AnonPages:       1439960 kB
Mapped:           863416 kB
Shmem:             28788 kB
KReclaimable:     546896 kB
Slab:             220776 kB
SReclaimable:      76412 kB
SUnreclaim:       144364 kB
KernelStack:       46592 kB
PageTables:        63068 kB
NFS_Unstable:          0 kB
Bounce:                0 kB
WritebackTmp:          0 kB
CommitLimit:     9202288 kB
Committed_AS:   66030728 kB
VmallocTotal:   263061440 kB
VmallocUsed:      103680 kB
VmallocChunk:          0 kB
Percpu:             7648 kB
CmaTotal:         294912 kB
CmaFree:               4 kB
MemTotal:       12113132 kB
MemFree:         6195180 kB
MemAvailable:    7679888 kB
Buffers:            6476 kB
Cached:          1833308 kB
SwapCached:            0 kB
Active:          1680556 kB
Inactive:        1584276 kB
Active(anon):    1431488 kB
Inactive(anon):    26828 kB
Active(file):     249068 kB
Inactive(file):  1557448 kB
Unevictable:        5532 kB
Mlocked:            5532 kB
SwapTotal:       3145724 kB
SwapFree:        3145724 kB
Dirty:               592 kB
Writeback:             0 kB
AnonPages:       1430552 kB
Mapped:           863416 kB
Shmem:             28788 kB
KReclaimable:     546896 kB
Slab:             220800 kB
SReclaimable:      76412 kB
SUnreclaim:       144388 kB
KernelStack:       46624 kB
PageTables:        63208 kB
NFS_Unstable:          0 kB
Bounce:                0 kB
WritebackTmp:          0 kB
CommitLimit:     9202288 kB
Committed_AS:   66034008 kB
VmallocTotal:   263061440 kB
VmallocUsed:      103680 kB
VmallocChunk:          0 kB
Percpu:             7648 kB
CmaTotal:         294912 kB
CmaFree:               0 kB
MemTotal:       12113132 kB
MemFree:         6192992 kB
MemAvailable:    7677704 kB
Buffers:            6476 kB
Cached:          1833312 kB
SwapCached:            0 kB
Active:          1681036 kB
Inactive:        1584280 kB
Active(anon):    1431968 kB
Inactive(anon):    26828 kB
Active(file):     249068 kB
Inactive(file):  1557452 kB
Unevictable:        5532 kB
Mlocked:            5532 kB
SwapTotal:       3145724 kB
SwapFree:        3145724 kB
Dirty:               596 kB
Writeback:             0 kB
AnonPages:       1431100 kB
Mapped:           863412 kB
Shmem:             28788 kB
KReclaimable:     546896 kB
Slab:             220776 kB
SReclaimable:      76412 kB
SUnreclaim:       144364 kB
KernelStack:       46624 kB
PageTables:        63184 kB
NFS_Unstable:          0 kB
Bounce:                0 kB
WritebackTmp:          0 kB
CommitLimit:     9202288 kB
Committed_AS:   66029052 kB
VmallocTotal:   263061440 kB
VmallocUsed:      103744 kB
VmallocChunk:          0 kB
Percpu:             7648 kB
CmaTotal:         294912 kB
CmaFree:               0 kB
MemTotal:       12113132 kB
MemFree:         6181824 kB
MemAvailable:    7666544 kB
Buffers:            6476 kB
Cached:          1833328 kB
SwapCached:            0 kB
Active:          1691488 kB
Inactive:        1584308 kB
Active(anon):    1442420 kB
Inactive(anon):    26848 kB
Active(file):     249068 kB
Inactive(file):  1557460 kB
Unevictable:        5532 kB
Mlocked:            5532 kB
SwapTotal:       3145724 kB
SwapFree:        3145724 kB
Dirty:               616 kB
Writeback:             0 kB
AnonPages:       1441400 kB
Mapped:           863652 kB
Shmem:             28536 kB
KReclaimable:     546896 kB
Slab:             220768 kB
SReclaimable:      76412 kB
SUnreclaim:       144356 kB
KernelStack:       46560 kB
PageTables:        63036 kB
NFS_Unstable:          0 kB
Bounce:                0 kB
WritebackTmp:          0 kB
CommitLimit:     9202288 kB
Committed_AS:   66030280 kB
VmallocTotal:   263061440 kB
VmallocUsed:      103728 kB
VmallocChunk:          0 kB
Percpu:             7648 kB
CmaTotal:         294912 kB
CmaFree:               0 kB
MemTotal:       12113132 kB
MemFree:         6191748 kB
MemAvailable:    7676484 kB
Buffers:            6476 kB
Cached:          1833336 kB
SwapCached:            0 kB
Active:          1681800 kB
Inactive:        1584304 kB
Active(anon):    1432732 kB
Inactive(anon):    26828 kB
Active(file):     249068 kB
Inactive(file):  1557476 kB
Unevictable:        5532 kB
Mlocked:            5532 kB
SwapTotal:       3145724 kB
SwapFree:        3145724 kB
Dirty:               640 kB
Writeback:             0 kB
AnonPages:       1431900 kB
Mapped:           863416 kB
Shmem:             28788 kB
KReclaimable:     546896 kB
Slab:             220784 kB
SReclaimable:      76412 kB
SUnreclaim:       144372 kB
KernelStack:       46576 kB
PageTables:        63124 kB
NFS_Unstable:          0 kB
Bounce:                0 kB
WritebackTmp:          0 kB
CommitLimit:     9202288 kB
Committed_AS:   66045020 kB
VmallocTotal:   263061440 kB
VmallocUsed:      103712 kB
