MemTotal:       12113140 kB
MemFree:         4380360 kB
MemAvailable:    8389680 kB
Buffers:            5916 kB
Cached:          4432208 kB
SwapCached:            0 kB
Active:          2075236 kB
Inactive:        3795220 kB
Active(anon):    1438696 kB
Inactive(anon):    27476 kB
Active(file):     636540 kB
Inactive(file):  3767744 kB
Unevictable:        5576 kB
Mlocked:            5576 kB
SwapTotal:       3145724 kB
SwapFree:        3145724 kB
Dirty:               608 kB
Writeback:             0 kB
AnonPages:       1437700 kB
Mapped:           888244 kB
Shmem:             29304 kB
KReclaimable:     465244 kB
Slab:             228628 kB
SReclaimable:      85608 kB
SUnreclaim:       143020 kB
KernelStack:       46928 kB
PageTables:        64660 kB
NFS_Unstable:          0 kB
Bounce:                0 kB
WritebackTmp:          0 kB
CommitLimit:     9202292 kB
Committed_AS:   73798004 kB
VmallocTotal:   263061440 kB
VmallocUsed:      103856 kB
VmallocChunk:          0 kB
Percpu:             7552 kB
CmaTotal:         294912 kB
CmaFree:               0 kB
MemTotal:       12113140 kB
MemFree:         4350572 kB
MemAvailable:    8364392 kB
Buffers:            5916 kB
Cached:          4438108 kB
SwapCached:            0 kB
Active:          2095536 kB
Inactive:        3800796 kB
Active(anon):    1459320 kB
Inactive(anon):    26240 kB
Active(file):     636216 kB
Inactive(file):  3774556 kB
Unevictable:        5576 kB
Mlocked:            5576 kB
SwapTotal:       3145724 kB
SwapFree:        3145724 kB
Dirty:               436 kB
Writeback:             0 kB
AnonPages:       1458668 kB
Mapped:           899188 kB
Shmem:             28068 kB
KReclaimable:     461272 kB
Slab:             228848 kB
SReclaimable:      85672 kB
SUnreclaim:       143176 kB
KernelStack:       47264 kB
PageTables:        64856 kB
NFS_Unstable:          0 kB
Bounce:                0 kB
WritebackTmp:          0 kB
CommitLimit:     9202292 kB
Committed_AS:   73892028 kB
VmallocTotal:   263061440 kB
VmallocUsed:      104352 kB
VmallocChunk:          0 kB
Percpu:             7552 kB
CmaTotal:         294912 kB
CmaFree:               0 kB
MemTotal:       12113140 kB
MemFree:         4127116 kB
MemAvailable:    8277312 kB
Buffers:            5916 kB
Cached:          4536944 kB
SwapCached:            0 kB
Active:          2229240 kB
Inactive:        3891120 kB
Active(anon):    1584100 kB
Inactive(anon):    26220 kB
Active(file):     645140 kB
Inactive(file):  3864900 kB
Unevictable:        5576 kB
Mlocked:            5576 kB
SwapTotal:       3145724 kB
SwapFree:        3145724 kB
Dirty:               448 kB
Writeback:             0 kB
AnonPages:       1583792 kB
Mapped:           907892 kB
Shmem:             28028 kB
KReclaimable:     508860 kB
Slab:             229208 kB
SReclaimable:      86008 kB
SUnreclaim:       143200 kB
KernelStack:       47552 kB
PageTables:        65324 kB
NFS_Unstable:          0 kB
Bounce:                0 kB
WritebackTmp:          0 kB
CommitLimit:     9202292 kB
Committed_AS:   74048280 kB
VmallocTotal:   263061440 kB
VmallocUsed:      104544 kB
VmallocChunk:          0 kB
Percpu:             7552 kB
CmaTotal:         294912 kB
CmaFree:               0 kB
MemTotal:       12113140 kB
MemFree:         3888180 kB
MemAvailable:    8062132 kB
Buffers:            5916 kB
Cached:          4585808 kB
SwapCached:            0 kB
Active:          2440564 kB
Inactive:        3913884 kB
Active(anon):    1769048 kB
Inactive(anon):    26804 kB
Active(file):     671516 kB
Inactive(file):  3887080 kB
Unevictable:        5576 kB
Mlocked:            5576 kB
SwapTotal:       3145724 kB
SwapFree:        3145724 kB
Dirty:               636 kB
Writeback:             0 kB
AnonPages:       1768328 kB
Mapped:           911504 kB
Shmem:             28612 kB
KReclaimable:     484060 kB
Slab:             229508 kB
SReclaimable:      86168 kB
SUnreclaim:       143340 kB
KernelStack:       47888 kB
PageTables:        65960 kB
NFS_Unstable:          0 kB
Bounce:                0 kB
WritebackTmp:          0 kB
CommitLimit:     9202292 kB
Committed_AS:   74248476 kB
VmallocTotal:   263061440 kB
VmallocUsed:      104864 kB
VmallocChunk:          0 kB
Percpu:             7552 kB
CmaTotal:         294912 kB
CmaFree:               0 kB
MemTotal:       12113140 kB
MemFree:         3720172 kB
MemAvailable:    7934624 kB
Buffers:            5916 kB
Cached:          4660312 kB
SwapCached:            0 kB
Active:          2453844 kB
Inactive:        3981944 kB
Active(anon):    1775944 kB
Inactive(anon):    27196 kB
Active(file):     677900 kB
Inactive(file):  3954748 kB
Unevictable:        5576 kB
Mlocked:            5576 kB
SwapTotal:       3145724 kB
SwapFree:        3145724 kB
Dirty:               756 kB
Writeback:             0 kB
AnonPages:       1775072 kB
Mapped:           913680 kB
Shmem:             29044 kB
KReclaimable:     418780 kB
Slab:             229980 kB
SReclaimable:      86384 kB
SUnreclaim:       143596 kB
KernelStack:       48032 kB
PageTables:        66192 kB
NFS_Unstable:          0 kB
Bounce:                0 kB
WritebackTmp:          0 kB
CommitLimit:     9202292 kB
Committed_AS:   74284340 kB
VmallocTotal:   263061440 kB
VmallocUsed:      105104 kB
VmallocChunk:          0 kB
Percpu:             7552 kB
CmaTotal:         294912 kB
CmaFree:               0 kB
MemTotal:       12113140 kB
MemFree:         3728348 kB
MemAvailable:    7922920 kB
Buffers:            5916 kB
Cached:          4663116 kB
SwapCached:            0 kB
Active:          2382132 kB
Inactive:        3983860 kB
Active(anon):    1703192 kB
Inactive(anon):    27236 kB
Active(file):     678940 kB
Inactive(file):  3956624 kB
Unevictable:        5576 kB
Mlocked:            5576 kB
SwapTotal:       3145724 kB
SwapFree:        3145724 kB
Dirty:               836 kB
Writeback:             0 kB
AnonPages:       1702324 kB
Mapped:           918224 kB
Shmem:             28932 kB
KReclaimable:     373188 kB
Slab:             230676 kB
SReclaimable:      86604 kB
SUnreclaim:       144072 kB
KernelStack:       48224 kB
PageTables:        66480 kB
NFS_Unstable:          0 kB
Bounce:                0 kB
WritebackTmp:          0 kB
CommitLimit:     9202292 kB
Committed_AS:   74206356 kB
VmallocTotal:   263061440 kB
VmallocUsed:      105136 kB
VmallocChunk:          0 kB
Percpu:             7552 kB
CmaTotal:         294912 kB
CmaFree:               0 kB
MemTotal:       12113140 kB
MemFree:         3723788 kB
MemAvailable:    7920316 kB
Buffers:            5916 kB
Cached:          4667600 kB
SwapCached:            0 kB
Active:          2381644 kB
Inactive:        3988092 kB
Active(anon):    1702500 kB
Inactive(anon):    27988 kB
Active(file):     679144 kB
Inactive(file):  3960104 kB
Unevictable:        5576 kB
Mlocked:            5576 kB
SwapTotal:       3145724 kB
SwapFree:        3145724 kB
Dirty:              1056 kB
Writeback:             0 kB
AnonPages:       1701868 kB
Mapped:           907136 kB
Shmem:             29732 kB
KReclaimable:     369736 kB
Slab:             230768 kB
SReclaimable:      86604 kB
SUnreclaim:       144164 kB
KernelStack:       48432 kB
PageTables:        66596 kB
NFS_Unstable:          0 kB
Bounce:                0 kB
WritebackTmp:          0 kB
CommitLimit:     9202292 kB
Committed_AS:   74221712 kB
VmallocTotal:   263061440 kB
VmallocUsed:      105392 kB
VmallocChunk:          0 kB
Percpu:             7552 kB
CmaTotal:         294912 kB
CmaFree:               0 kB
MemTotal:       12113140 kB
MemFree:         3713424 kB
MemAvailable:    7910648 kB
Buffers:            5916 kB
Cached:          4668456 kB
SwapCached:            0 kB
Active:          2391500 kB
Inactive:        3988952 kB
Active(anon):    1712360 kB
Inactive(anon):    28156 kB
Active(file):     679140 kB
Inactive(file):  3960796 kB
Unevictable:        5576 kB
Mlocked:            5576 kB
SwapTotal:       3145724 kB
SwapFree:        3145724 kB
Dirty:              1200 kB
Writeback:            24 kB
AnonPages:       1711356 kB
Mapped:           920316 kB
Shmem:             29900 kB
KReclaimable:     369752 kB
Slab:             230768 kB
SReclaimable:      86620 kB
SUnreclaim:       144148 kB
KernelStack:       48468 kB
PageTables:        67068 kB
NFS_Unstable:          0 kB
Bounce:                0 kB
WritebackTmp:          0 kB
CommitLimit:     9202292 kB
Committed_AS:   74231712 kB
VmallocTotal:   263061440 kB
VmallocUsed:      105424 kB
VmallocChunk:          0 kB
Percpu:             7552 kB
CmaTotal:         294912 kB
CmaFree:               0 kB
MemTotal:       12113140 kB
MemFree:         3640708 kB
MemAvailable:    7846616 kB
Buffers:            5916 kB
Cached:          4677636 kB
SwapCached:            0 kB
Active:          2404612 kB
Inactive:        3997248 kB
Active(anon):    1724588 kB
Inactive(anon):    28180 kB
Active(file):     680024 kB
Inactive(file):  3969068 kB
Unevictable:        5576 kB
Mlocked:            5576 kB
SwapTotal:       3145724 kB
SwapFree:        3145724 kB
Dirty:              2172 kB
Writeback:             0 kB
AnonPages:       1723920 kB
Mapped:           921288 kB
Shmem:             29924 kB
KReclaimable:     368808 kB
Slab:             230972 kB
SReclaimable:      86668 kB
SUnreclaim:       144304 kB
KernelStack:       48416 kB
PageTables:        66696 kB
NFS_Unstable:          0 kB
Bounce:                0 kB
WritebackTmp:          0 kB
CommitLimit:     9202292 kB
Committed_AS:   74251884 kB
VmallocTotal:   263061440 kB
VmallocUsed:      105408 kB
VmallocChunk:          0 kB
Percpu:             7552 kB
CmaTotal:         294912 kB
CmaFree:               0 kB
MemTotal:       12113140 kB
MemFree:         3630172 kB
MemAvailable:    7837980 kB
Buffers:            5916 kB
Cached:          4679592 kB
SwapCached:            0 kB
Active:          2413940 kB
Inactive:        3999196 kB
Active(anon):    1733908 kB
Inactive(anon):    28188 kB
Active(file):     680032 kB
Inactive(file):  3971008 kB
Unevictable:        5576 kB
Mlocked:            5576 kB
SwapTotal:       3145724 kB
SwapFree:        3145724 kB
Dirty:              3936 kB
Writeback:             0 kB
AnonPages:       1733148 kB
Mapped:           921368 kB
Shmem:             29932 kB
KReclaimable:     368708 kB
Slab:             230976 kB
SReclaimable:      86668 kB
SUnreclaim:       144308 kB
KernelStack:       48452 kB
PageTables:        66712 kB
NFS_Unstable:          0 kB
Bounce:                0 kB
WritebackTmp:          0 kB
CommitLimit:     9202292 kB
Committed_AS:   74249256 kB
VmallocTotal:   263061440 kB
VmallocUsed:      105424 kB
VmallocChunk:          0 kB
Percpu:             7552 kB
CmaTotal:         294912 kB
CmaFree:               0 kB
MemTotal:       12113140 kB
MemFree:         3619336 kB
MemAvailable:    7827700 kB
Buffers:            5920 kB
Cached:          4680136 kB
SwapCached:            0 kB
Active:          2424212 kB
Inactive:        3999736 kB
Active(anon):    1744172 kB
Inactive(anon):    28228 kB
Active(file):     680040 kB
Inactive(file):  3971508 kB
Unevictable:        5576 kB
Mlocked:            5576 kB
SwapTotal:       3145724 kB
SwapFree:        3145724 kB
Dirty:              3948 kB
Writeback:             0 kB
AnonPages:       1743524 kB
Mapped:           921396 kB
Shmem:             29972 kB
KReclaimable:     368808 kB
Slab:             230996 kB
SReclaimable:      86668 kB
SUnreclaim:       144328 kB
KernelStack:       48416 kB
PageTables:        66728 kB
NFS_Unstable:          0 kB
Bounce:                0 kB
WritebackTmp:          0 kB
CommitLimit:     9202292 kB
Committed_AS:   74263116 kB
VmallocTotal:   263061440 kB
VmallocUsed:      105408 kB
VmallocChunk:          0 kB
Percpu:             7552 kB
CmaTotal:         294912 kB
CmaFree:               0 kB
MemTotal:       12113140 kB
MemFree:         3608096 kB
MemAvailable:    7816996 kB
Buffers:            5920 kB
Cached:          4680680 kB
SwapCached:            0 kB
Active:          2433152 kB
Inactive:        4000292 kB
Active(anon):    1753124 kB
Inactive(anon):    28236 kB
Active(file):     680028 kB
Inactive(file):  3972056 kB
Unevictable:        5576 kB
Mlocked:            5576 kB
SwapTotal:       3145724 kB
SwapFree:        3145724 kB
Dirty:              3984 kB
Writeback:             0 kB
AnonPages:       1752408 kB
Mapped:           921404 kB
Shmem:             29980 kB
KReclaimable:     368808 kB
Slab:             231008 kB
SReclaimable:      86668 kB
SUnreclaim:       144340 kB
KernelStack:       48416 kB
PageTables:        66700 kB
NFS_Unstable:          0 kB
Bounce:                0 kB
WritebackTmp:          0 kB
CommitLimit:     9202292 kB
Committed_AS:   74279264 kB
VmallocTotal:   263061440 kB
VmallocUsed:      105392 kB
VmallocChunk:          0 kB
Percpu:             7552 kB
CmaTotal:         294912 kB
CmaFree:               0 kB
MemTotal:       12113140 kB
MemFree:         3481668 kB
MemAvailable:    7695564 kB
Buffers:            5920 kB
Cached:          4685772 kB
SwapCached:            0 kB
Active:          2452452 kB
Inactive:        4004428 kB
Active(anon):    1771468 kB
Inactive(anon):    28276 kB
Active(file):     680984 kB
Inactive(file):  3976152 kB
Unevictable:        5576 kB
Mlocked:            5576 kB
SwapTotal:       3145724 kB
SwapFree:        3145724 kB
Dirty:              3984 kB
Writeback:             0 kB
AnonPages:       1770604 kB
Mapped:           921996 kB
Shmem:             30020 kB
KReclaimable:     368696 kB
Slab:             231076 kB
SReclaimable:      86700 kB
SUnreclaim:       144376 kB
KernelStack:       48496 kB
PageTables:        66808 kB
NFS_Unstable:          0 kB
Bounce:                0 kB
WritebackTmp:          0 kB
CommitLimit:     9202292 kB
Committed_AS:   74282760 kB
VmallocTotal:   263061440 kB
VmallocUsed:      105424 kB
VmallocChunk:          0 kB
Percpu:             7552 kB
CmaTotal:         294912 kB
CmaFree:               0 kB
MemTotal:       12113140 kB
MemFree:         3471532 kB
MemAvailable:    7685988 kB
Buffers:            5920 kB
Cached:          4686316 kB
SwapCached:            0 kB
Active:          2461872 kB
Inactive:        4004976 kB
Active(anon):    1780896 kB
Inactive(anon):    28272 kB
Active(file):     680976 kB
Inactive(file):  3976704 kB
Unevictable:        5576 kB
Mlocked:            5576 kB
SwapTotal:       3145724 kB
SwapFree:        3145724 kB
Dirty:              4104 kB
Writeback:             0 kB
AnonPages:       1780408 kB
Mapped:           921996 kB
Shmem:             30020 kB
KReclaimable:     368728 kB
Slab:             231128 kB
SReclaimable:      86732 kB
SUnreclaim:       144396 kB
KernelStack:       48400 kB
PageTables:        66828 kB
NFS_Unstable:          0 kB
Bounce:                0 kB
WritebackTmp:          0 kB
CommitLimit:     9202292 kB
Committed_AS:   74314132 kB
VmallocTotal:   263061440 kB
VmallocUsed:      105424 kB
VmallocChunk:          0 kB
Percpu:             7552 kB
CmaTotal:         294912 kB
CmaFree:               0 kB
MemTotal:       12113140 kB
MemFree:         3437532 kB
MemAvailable:    7667928 kB
Buffers:            5920 kB
Cached:          4702100 kB
SwapCached:            0 kB
Active:          2476820 kB
Inactive:        4016724 kB
Active(anon):    1791668 kB
Inactive(anon):    28256 kB
Active(file):     685152 kB
Inactive(file):  3988468 kB
Unevictable:        5576 kB
Mlocked:            5576 kB
SwapTotal:       3145724 kB
SwapFree:        3145724 kB
Dirty:              4120 kB
Writeback:             0 kB
AnonPages:       1790864 kB
Mapped:           921976 kB
Shmem:             30000 kB
KReclaimable:     368728 kB
Slab:             231136 kB
SReclaimable:      86732 kB
SUnreclaim:       144404 kB
KernelStack:       48384 kB
PageTables:        66864 kB
NFS_Unstable:          0 kB
Bounce:                0 kB
WritebackTmp:          0 kB
CommitLimit:     9202292 kB
Committed_AS:   74305568 kB
VmallocTotal:   263061440 kB
VmallocUsed:      105408 kB
VmallocChunk:          0 kB
Percpu:             7552 kB
CmaTotal:         294912 kB
CmaFree:               0 kB
MemTotal:       12113140 kB
MemFree:         3437872 kB
MemAvailable:    7668828 kB
Buffers:            5920 kB
Cached:          4702544 kB
SwapCached:            0 kB
Active:          2472976 kB
Inactive:        4016876 kB
Active(anon):    1787668 kB
Inactive(anon):    28004 kB
Active(file):     685308 kB
Inactive(file):  3988872 kB
Unevictable:        5576 kB
Mlocked:            5576 kB
SwapTotal:       3145724 kB
SwapFree:        3145724 kB
Dirty:              4128 kB
Writeback:             0 kB
AnonPages:       1787044 kB
Mapped:           921980 kB
Shmem:             29748 kB
KReclaimable:     368728 kB
Slab:             231192 kB
SReclaimable:      86732 kB
SUnreclaim:       144460 kB
KernelStack:       48400 kB
PageTables:        66892 kB
NFS_Unstable:          0 kB
Bounce:                0 kB
WritebackTmp:          0 kB
CommitLimit:     9202292 kB
Committed_AS:   74321980 kB
VmallocTotal:   263061440 kB
VmallocUsed:      105408 kB
VmallocChunk:          0 kB
Percpu:             7552 kB
CmaTotal:         294912 kB
CmaFree:               0 kB
MemTotal:       12113140 kB
MemFree:         3431092 kB
MemAvailable:    7662472 kB
Buffers:            5920 kB
Cached:          4702960 kB
SwapCached:            0 kB
Active:          2479072 kB
Inactive:        4017292 kB
Active(anon):    1793764 kB
Inactive(anon):    28004 kB
Active(file):     685308 kB
Inactive(file):  3989288 kB
Unevictable:        5576 kB
Mlocked:            5576 kB
SwapTotal:       3145724 kB
SwapFree:        3145724 kB
Dirty:              4116 kB
Writeback:             8 kB
AnonPages:       1792936 kB
Mapped:           921980 kB
Shmem:             29748 kB
KReclaimable:     368744 kB
Slab:             231200 kB
SReclaimable:      86748 kB
SUnreclaim:       144452 kB
KernelStack:       48352 kB
PageTables:        66904 kB
NFS_Unstable:          0 kB
Bounce:                0 kB
WritebackTmp:          0 kB
CommitLimit:     9202292 kB
Committed_AS:   74345896 kB
VmallocTotal:   263061440 kB
VmallocUsed:      105344 kB
VmallocChunk:          0 kB
Percpu:             7552 kB
CmaTotal:         294912 kB
CmaFree:               0 kB
MemTotal:       12113140 kB
MemFree:         3420804 kB
MemAvailable:    7652352 kB
Buffers:            5920 kB
Cached:          4703040 kB
SwapCached:            0 kB
Active:          2489368 kB
Inactive:        4017508 kB
Active(anon):    1804060 kB
Inactive(anon):    28052 kB
Active(file):     685308 kB
Inactive(file):  3989456 kB
Unevictable:        5576 kB
Mlocked:            5576 kB
SwapTotal:       3145724 kB
SwapFree:        3145724 kB
Dirty:              3924 kB
Writeback:             0 kB
AnonPages:       1803660 kB
Mapped:           922112 kB
Shmem:             29796 kB
KReclaimable:     368744 kB
Slab:             231192 kB
SReclaimable:      86748 kB
SUnreclaim:       144444 kB
KernelStack:       48416 kB
PageTables:        66892 kB
NFS_Unstable:          0 kB
Bounce:                0 kB
WritebackTmp:          0 kB
CommitLimit:     9202292 kB
Committed_AS:   74345228 kB
VmallocTotal:   263061440 kB
VmallocUsed:      105424 kB
VmallocChunk:          0 kB
Percpu:             7552 kB
CmaTotal:         294912 kB
CmaFree:               0 kB
MemTotal:       12113140 kB
MemFree:         3412524 kB
MemAvailable:    7644440 kB
Buffers:            5920 kB
Cached:          4703544 kB
SwapCached:            0 kB
Active:          2495652 kB
Inactive:        4017872 kB
Active(anon):    1810340 kB
Inactive(anon):    28052 kB
Active(file):     685312 kB
Inactive(file):  3989820 kB
Unevictable:        5576 kB
Mlocked:            5576 kB
SwapTotal:       3145724 kB
SwapFree:        3145724 kB
Dirty:              3968 kB
Writeback:             0 kB
AnonPages:       1809320 kB
Mapped:           922148 kB
Shmem:             29796 kB
KReclaimable:     368744 kB
Slab:             231232 kB
SReclaimable:      86748 kB
SUnreclaim:       144484 kB
KernelStack:       48416 kB
PageTables:        67008 kB
NFS_Unstable:          0 kB
Bounce:                0 kB
WritebackTmp:          0 kB
CommitLimit:     9202292 kB
Committed_AS:   74345328 kB
VmallocTotal:   263061440 kB
VmallocUsed:      105440 kB
VmallocChunk:          0 kB
Percpu:             7552 kB
CmaTotal:         294912 kB
CmaFree:               0 kB
MemTotal:       12113140 kB
MemFree:         3430772 kB
MemAvailable:    7663300 kB
Buffers:            5920 kB
Cached:          4704164 kB
SwapCached:            0 kB
Active:          2476140 kB
Inactive:        4018492 kB
Active(anon):    1790828 kB
Inactive(anon):    28052 kB
Active(file):     685312 kB
Inactive(file):  3990440 kB
Unevictable:        5576 kB
Mlocked:            5576 kB
SwapTotal:       3145724 kB
SwapFree:        3145724 kB
Dirty:              3948 kB
Writeback:             0 kB
AnonPages:       1790256 kB
Mapped:           922112 kB
Shmem:             29796 kB
KReclaimable:     368728 kB
Slab:             231240 kB
SReclaimable:      86732 kB
SUnreclaim:       144508 kB
KernelStack:       48416 kB
PageTables:        66972 kB
NFS_Unstable:          0 kB
Bounce:                0 kB
WritebackTmp:          0 kB
CommitLimit:     9202292 kB
Committed_AS:   74372800 kB
VmallocTotal:   263061440 kB
VmallocUsed:      105456 kB
VmallocChunk:          0 kB
Percpu:             7552 kB
CmaTotal:         294912 kB
CmaFree:               0 kB
MemTotal:       12113140 kB
MemFree:         3403304 kB
MemAvailable:    7649948 kB
Buffers:            5920 kB
Cached:          4713868 kB
SwapCached:            0 kB
Active:          2497884 kB
Inactive:        4024352 kB
Active(anon):    1808728 kB
Inactive(anon):    28056 kB
Active(file):     689156 kB
Inactive(file):  3996296 kB
Unevictable:        5576 kB
Mlocked:            5576 kB
SwapTotal:       3145724 kB
SwapFree:        3145724 kB
Dirty:              3984 kB
Writeback:             0 kB
AnonPages:       1807876 kB
Mapped:           922200 kB
Shmem:             29800 kB
KReclaimable:     377556 kB
Slab:             231312 kB
SReclaimable:      86764 kB
SUnreclaim:       144548 kB
KernelStack:       48416 kB
PageTables:        67068 kB
NFS_Unstable:          0 kB
Bounce:                0 kB
WritebackTmp:          0 kB
CommitLimit:     9202292 kB
Committed_AS:   74376860 kB
VmallocTotal:   263061440 kB
VmallocUsed:      105408 kB
VmallocChunk:          0 kB
Percpu:             7552 kB
CmaTotal:         294912 kB
CmaFree:               0 kB
MemTotal:       12113140 kB
MemFree:         3393664 kB
MemAvailable:    7640728 kB
Buffers:            5920 kB
Cached:          4714272 kB
SwapCached:            0 kB
Active:          2506876 kB
Inactive:        4024756 kB
Active(anon):    1817720 kB
Inactive(anon):    28056 kB
Active(file):     689156 kB
Inactive(file):  3996700 kB
Unevictable:        5576 kB
Mlocked:            5576 kB
SwapTotal:       3145724 kB
SwapFree:        3145724 kB
Dirty:              3912 kB
Writeback:             0 kB
AnonPages:       1817192 kB
Mapped:           922200 kB
Shmem:             29800 kB
KReclaimable:     377588 kB
Slab:             231368 kB
SReclaimable:      86796 kB
SUnreclaim:       144572 kB
KernelStack:       48432 kB
PageTables:        67088 kB
NFS_Unstable:          0 kB
Bounce:                0 kB
WritebackTmp:          0 kB
CommitLimit:     9202292 kB
Committed_AS:   74376696 kB
VmallocTotal:   263061440 kB
VmallocUsed:      105488 kB
VmallocChunk:          0 kB
Percpu:             7552 kB
CmaTotal:         294912 kB
CmaFree:               0 kB
MemTotal:       12113140 kB
MemFree:         3837864 kB
MemAvailable:    8450924 kB
Buffers:            5920 kB
Cached:          4717628 kB
SwapCached:            0 kB
Active:          2163064 kB
Inactive:        3934256 kB
Active(anon):    1380144 kB
Inactive(anon):    27648 kB
Active(file):     782920 kB
Inactive(file):  3906608 kB
Unevictable:        5576 kB
Mlocked:            5576 kB
SwapTotal:       3145724 kB
SwapFree:        3145724 kB
Dirty:              3984 kB
Writeback:             0 kB
AnonPages:       1379488 kB
Mapped:           893592 kB
Shmem:             29484 kB
KReclaimable:     792236 kB
Slab:             230416 kB
SReclaimable:      86800 kB
SUnreclaim:       143616 kB
KernelStack:       47616 kB
PageTables:        65072 kB
NFS_Unstable:          0 kB
Bounce:                0 kB
WritebackTmp:          0 kB
CommitLimit:     9202292 kB
Committed_AS:   73844284 kB
VmallocTotal:   263061440 kB
VmallocUsed:      104560 kB
VmallocChunk:          0 kB
Percpu:             7552 kB
CmaTotal:         294912 kB
CmaFree:               0 kB
MemTotal:       12113140 kB
MemFree:         3760296 kB
MemAvailable:    8370204 kB
Buffers:            5920 kB
Cached:          4717708 kB
SwapCached:            0 kB
Active:          2242588 kB
Inactive:        3931412 kB
Active(anon):    1456748 kB
Inactive(anon):    27708 kB
Active(file):     785840 kB
Inactive(file):  3903704 kB
Unevictable:        5576 kB
Mlocked:            5576 kB
SwapTotal:       3145724 kB
SwapFree:        3145724 kB
Dirty:              3820 kB
Writeback:            16 kB
AnonPages:       1456228 kB
Mapped:           907496 kB
Shmem:             29548 kB
KReclaimable:     789068 kB
Slab:             230532 kB
SReclaimable:      86796 kB
SUnreclaim:       143736 kB
KernelStack:       48128 kB
PageTables:        65420 kB
NFS_Unstable:          0 kB
Bounce:                0 kB
WritebackTmp:          0 kB
CommitLimit:     9202292 kB
Committed_AS:   73942540 kB
VmallocTotal:   263061440 kB
VmallocUsed:      105104 kB
VmallocChunk:          0 kB
Percpu:             7552 kB
CmaTotal:         294912 kB
CmaFree:               0 kB
MemTotal:       12113140 kB
MemFree:         3479520 kB
MemAvailable:    8087072 kB
Buffers:            5920 kB
Cached:          4717708 kB
SwapCached:            0 kB
Active:          2616976 kB
Inactive:        3836388 kB
Active(anon):    1736112 kB
Inactive(anon):    27708 kB
Active(file):     880864 kB
Inactive(file):  3808680 kB
Unevictable:        5576 kB
Mlocked:            5576 kB
SwapTotal:       3145724 kB
SwapFree:        3145724 kB
Dirty:              3160 kB
Writeback:             0 kB
AnonPages:       1735460 kB
Mapped:           913852 kB
Shmem:             29548 kB
KReclaimable:     786712 kB
Slab:             230628 kB
SReclaimable:      86796 kB
SUnreclaim:       143832 kB
KernelStack:       48352 kB
PageTables:        66060 kB
NFS_Unstable:          0 kB
Bounce:                0 kB
WritebackTmp:          0 kB
CommitLimit:     9202292 kB
Committed_AS:   74289384 kB
VmallocTotal:   263061440 kB
VmallocUsed:      105360 kB
VmallocChunk:          0 kB
Percpu:             7552 kB
CmaTotal:         294912 kB
CmaFree:               0 kB
MemTotal:       12113140 kB
MemFree:         3470764 kB
MemAvailable:    7883348 kB
Buffers:            5920 kB
Cached:          4717708 kB
SwapCached:            0 kB
Active:          2687604 kB
Inactive:        3773664 kB
Active(anon):    1744016 kB
Inactive(anon):    27708 kB
Active(file):     943588 kB
Inactive(file):  3745956 kB
Unevictable:        5576 kB
Mlocked:            5576 kB
SwapTotal:       3145724 kB
SwapFree:        3145724 kB
Dirty:              3164 kB
Writeback:             0 kB
AnonPages:       1743440 kB
Mapped:           924312 kB
Shmem:             29548 kB
KReclaimable:     591744 kB
Slab:             230940 kB
SReclaimable:      86796 kB
SUnreclaim:       144144 kB
KernelStack:       48384 kB
PageTables:        66368 kB
NFS_Unstable:          0 kB
Bounce:                0 kB
WritebackTmp:          0 kB
CommitLimit:     9202292 kB
Committed_AS:   74280012 kB
VmallocTotal:   263061440 kB
VmallocUsed:      105392 kB
VmallocChunk:          0 kB
Percpu:             7552 kB
CmaTotal:         294912 kB
CmaFree:               0 kB
MemTotal:       12113140 kB
MemFree:         3534912 kB
MemAvailable:    7888124 kB
Buffers:            5924 kB
Cached:          4718080 kB
SwapCached:            0 kB
Active:          2622772 kB
Inactive:        3773788 kB
Active(anon):    1679008 kB
Inactive(anon):    27992 kB
Active(file):     943764 kB
Inactive(file):  3745796 kB
Unevictable:        5576 kB
Mlocked:            5576 kB
SwapTotal:       3145724 kB
SwapFree:        3145724 kB
Dirty:              3096 kB
Writeback:             0 kB
AnonPages:       1678108 kB
Mapped:           920564 kB
Shmem:             29912 kB
KReclaimable:     532356 kB
Slab:             231060 kB
SReclaimable:      86796 kB
SUnreclaim:       144264 kB
KernelStack:       48624 kB
PageTables:        66840 kB
NFS_Unstable:          0 kB
Bounce:                0 kB
WritebackTmp:          0 kB
CommitLimit:     9202292 kB
Committed_AS:   74223008 kB
VmallocTotal:   263061440 kB
VmallocUsed:      105520 kB
VmallocChunk:          0 kB
Percpu:             7552 kB
CmaTotal:         294912 kB
CmaFree:               0 kB
MemTotal:       12113140 kB
MemFree:         3484336 kB
MemAvailable:    7730912 kB
Buffers:            5924 kB
Cached:          4718096 kB
SwapCached:            0 kB
Active:          2678536 kB
Inactive:        3762876 kB
Active(anon):    1723768 kB
Inactive(anon):    28008 kB
Active(file):     954768 kB
Inactive(file):  3734868 kB
Unevictable:        5576 kB
Mlocked:            5576 kB
SwapTotal:       3145724 kB
SwapFree:        3145724 kB
Dirty:              3040 kB
Writeback:             0 kB
AnonPages:       1723256 kB
Mapped:           922256 kB
Shmem:             29848 kB
KReclaimable:     369056 kB
Slab:             231272 kB
SReclaimable:      86804 kB
SUnreclaim:       144468 kB
KernelStack:       48540 kB
PageTables:        66720 kB
NFS_Unstable:          0 kB
Bounce:                0 kB
WritebackTmp:          0 kB
CommitLimit:     9202292 kB
Committed_AS:   74285368 kB
VmallocTotal:   263061440 kB
VmallocUsed:      105520 kB
VmallocChunk:          0 kB
Percpu:             7552 kB
CmaTotal:         294912 kB
CmaFree:               0 kB
MemTotal:       12113140 kB
MemFree:         3432104 kB
MemAvailable:    7682812 kB
Buffers:            5924 kB
Cached:          4717664 kB
SwapCached:            0 kB
Active:          2746996 kB
Inactive:        3746940 kB
Active(anon):    1776724 kB
Inactive(anon):    27576 kB
Active(file):     970272 kB
Inactive(file):  3719364 kB
Unevictable:        5576 kB
Mlocked:            5576 kB
SwapTotal:       3145724 kB
SwapFree:        3145724 kB
Dirty:              3052 kB
Writeback:             0 kB
AnonPages:       1776144 kB
Mapped:           922176 kB
Shmem:             29416 kB
KReclaimable:     377320 kB
Slab:             231420 kB
SReclaimable:      86796 kB
SUnreclaim:       144624 kB
KernelStack:       48592 kB
PageTables:        67028 kB
NFS_Unstable:          0 kB
Bounce:                0 kB
WritebackTmp:          0 kB
CommitLimit:     9202292 kB
Committed_AS:   74367120 kB
VmallocTotal:   263061440 kB
VmallocUsed:      105552 kB
VmallocChunk:          0 kB
Percpu:             7552 kB
CmaTotal:         294912 kB
CmaFree:               0 kB
MemTotal:       12113140 kB
MemFree:         3422772 kB
MemAvailable:    7673612 kB
Buffers:            5924 kB
Cached:          4717664 kB
SwapCached:            0 kB
Active:          2754344 kB
Inactive:        3746940 kB
Active(anon):    1784072 kB
Inactive(anon):    27576 kB
Active(file):     970272 kB
Inactive(file):  3719364 kB
Unevictable:        5576 kB
Mlocked:            5576 kB
SwapTotal:       3145724 kB
SwapFree:        3145724 kB
Dirty:              3064 kB
Writeback:             0 kB
AnonPages:       1783264 kB
Mapped:           922232 kB
Shmem:             29416 kB
KReclaimable:     377584 kB
Slab:             231436 kB
SReclaimable:      86812 kB
SUnreclaim:       144624 kB
KernelStack:       48560 kB
PageTables:        66948 kB
NFS_Unstable:          0 kB
Bounce:                0 kB
WritebackTmp:          0 kB
CommitLimit:     9202292 kB
Committed_AS:   74361608 kB
VmallocTotal:   263061440 kB
VmallocUsed:      105568 kB
VmallocChunk:          0 kB
Percpu:             7552 kB
CmaTotal:         294912 kB
CmaFree:               0 kB
MemTotal:       12113140 kB
MemFree:         3219448 kB
MemAvailable:    7579120 kB
Buffers:            5924 kB
Cached:          4790704 kB
SwapCached:            0 kB
Active:          2815460 kB
Inactive:        3815984 kB
Active(anon):    1841188 kB
Inactive(anon):    27592 kB
Active(file):     974272 kB
Inactive(file):  3788392 kB
Unevictable:        5576 kB
Mlocked:            5576 kB
SwapTotal:       3145724 kB
SwapFree:        3145724 kB
Dirty:              3588 kB
Writeback:             0 kB
AnonPages:       1840472 kB
Mapped:           922484 kB
Shmem:             29432 kB
KReclaimable:     449192 kB
Slab:             231720 kB
SReclaimable:      87004 kB
SUnreclaim:       144716 kB
KernelStack:       48560 kB
PageTables:        67184 kB
NFS_Unstable:          0 kB
Bounce:                0 kB
WritebackTmp:          0 kB
CommitLimit:     9202292 kB
Committed_AS:   74437744 kB
VmallocTotal:   263061440 kB
VmallocUsed:      105536 kB
VmallocChunk:          0 kB
Percpu:             7552 kB
CmaTotal:         294912 kB
CmaFree:               0 kB
MemTotal:       12113140 kB
MemFree:         3033056 kB
MemAvailable:    7466328 kB
Buffers:            5924 kB
Cached:          4878668 kB
SwapCached:            0 kB
Active:          2921244 kB
Inactive:        3895476 kB
Active(anon):    1938768 kB
Inactive(anon):    27580 kB
Active(file):     982476 kB
Inactive(file):  3867896 kB
Unevictable:        5576 kB
Mlocked:            5576 kB
SwapTotal:       3145724 kB
SwapFree:        3145724 kB
Dirty:              3596 kB
Writeback:             0 kB
AnonPages:       1938180 kB
Mapped:           922796 kB
Shmem:             29416 kB
KReclaimable:     420972 kB
Slab:             231892 kB
SReclaimable:      87164 kB
SUnreclaim:       144728 kB
KernelStack:       48464 kB
PageTables:        67588 kB
NFS_Unstable:          0 kB
Bounce:                0 kB
WritebackTmp:          0 kB
CommitLimit:     9202292 kB
Committed_AS:   74499772 kB
VmallocTotal:   263061440 kB
VmallocUsed:      105504 kB
VmallocChunk:          0 kB
Percpu:             7552 kB
CmaTotal:         294912 kB
CmaFree:               0 kB
MemTotal:       12113140 kB
MemFree:         2765716 kB
MemAvailable:    7182452 kB
Buffers:            5924 kB
Cached:          4889620 kB
SwapCached:            0 kB
Active:          2905940 kB
Inactive:        3904912 kB
Active(anon):    1921704 kB
Inactive(anon):    27664 kB
Active(file):     984236 kB
Inactive(file):  3877248 kB
Unevictable:        5576 kB
Mlocked:            5576 kB
SwapTotal:       3145724 kB
SwapFree:        3145724 kB
Dirty:              3632 kB
Writeback:             0 kB
AnonPages:       1921152 kB
Mapped:           934932 kB
Shmem:             29524 kB
KReclaimable:     365680 kB
Slab:             232388 kB
SReclaimable:      87212 kB
SUnreclaim:       145176 kB
KernelStack:       48448 kB
PageTables:        67564 kB
NFS_Unstable:          0 kB
Bounce:                0 kB
WritebackTmp:          0 kB
CommitLimit:     9202292 kB
Committed_AS:   74450324 kB
VmallocTotal:   263061440 kB
VmallocUsed:      105520 kB
VmallocChunk:          0 kB
Percpu:             7552 kB
CmaTotal:         294912 kB
CmaFree:               0 kB
MemTotal:       12113140 kB
MemFree:         2749728 kB
MemAvailable:    7166600 kB
Buffers:            5924 kB
Cached:          4889660 kB
SwapCached:            0 kB
Active:          2919284 kB
Inactive:        3904972 kB
Active(anon):    1935048 kB
Inactive(anon):    27592 kB
Active(file):     984236 kB
Inactive(file):  3877380 kB
Unevictable:        5576 kB
Mlocked:            5576 kB
SwapTotal:       3145724 kB
SwapFree:        3145724 kB
Dirty:              3644 kB
Writeback:             0 kB
AnonPages:       1934280 kB
Mapped:           934912 kB
Shmem:             29432 kB
KReclaimable:     365688 kB
Slab:             232460 kB
SReclaimable:      87220 kB
SUnreclaim:       145240 kB
KernelStack:       48448 kB
PageTables:        67552 kB
NFS_Unstable:          0 kB
Bounce:                0 kB
WritebackTmp:          0 kB
CommitLimit:     9202292 kB
Committed_AS:   74457904 kB
VmallocTotal:   263061440 kB
VmallocUsed:      105536 kB
VmallocChunk:          0 kB
Percpu:             7552 kB
CmaTotal:         294912 kB
CmaFree:               0 kB
MemTotal:       12113140 kB
MemFree:         2749336 kB
MemAvailable:    7166344 kB
Buffers:            5924 kB
Cached:          4889792 kB
SwapCached:            0 kB
Active:          2916984 kB
Inactive:        3905104 kB
Active(anon):    1932748 kB
Inactive(anon):    27596 kB
Active(file):     984236 kB
Inactive(file):  3877508 kB
Unevictable:        5576 kB
Mlocked:            5576 kB
SwapTotal:       3145724 kB
SwapFree:        3145724 kB
Dirty:              3776 kB
Writeback:             0 kB
AnonPages:       1931736 kB
Mapped:           934972 kB
Shmem:             29436 kB
KReclaimable:     365700 kB
Slab:             232440 kB
SReclaimable:      87232 kB
SUnreclaim:       145208 kB
KernelStack:       48448 kB
PageTables:        67576 kB
NFS_Unstable:          0 kB
Bounce:                0 kB
WritebackTmp:          0 kB
CommitLimit:     9202292 kB
Committed_AS:   74457728 kB
VmallocTotal:   263061440 kB
VmallocUsed:      105536 kB
VmallocChunk:          0 kB
Percpu:             7552 kB
CmaTotal:         294912 kB
CmaFree:               0 kB
MemTotal:       12113140 kB
MemFree:         2760020 kB
MemAvailable:    7177508 kB
Buffers:            5924 kB
Cached:          4890392 kB
SwapCached:            0 kB
Active:          2906344 kB
Inactive:        3905576 kB
Active(anon):    1922108 kB
Inactive(anon):    27596 kB
Active(file):     984236 kB
Inactive(file):  3877980 kB
Unevictable:        5576 kB
Mlocked:            5576 kB
SwapTotal:       3145724 kB
SwapFree:        3145724 kB
Dirty:              3696 kB
Writeback:             0 kB
AnonPages:       1921448 kB
Mapped:           935332 kB
Shmem:             29436 kB
KReclaimable:     365716 kB
Slab:             232736 kB
SReclaimable:      87248 kB
SUnreclaim:       145488 kB
KernelStack:       48432 kB
PageTables:        67640 kB
NFS_Unstable:          0 kB
Bounce:                0 kB
WritebackTmp:          0 kB
CommitLimit:     9202292 kB
Committed_AS:   74462036 kB
VmallocTotal:   263061440 kB
VmallocUsed:      105504 kB
VmallocChunk:          0 kB
Percpu:             7552 kB
CmaTotal:         294912 kB
CmaFree:             128 kB
MemTotal:       12113140 kB
MemFree:         2752936 kB
MemAvailable:    7171032 kB
Buffers:            5924 kB
Cached:          4890872 kB
SwapCached:            0 kB
Active:          2912016 kB
Inactive:        3906168 kB
Active(anon):    1927764 kB
Inactive(anon):    27596 kB
Active(file):     984252 kB
Inactive(file):  3878572 kB
Unevictable:        5576 kB
Mlocked:            5576 kB
SwapTotal:       3145724 kB
SwapFree:        3145724 kB
Dirty:              3900 kB
Writeback:             0 kB
AnonPages:       1927108 kB
Mapped:           935684 kB
Shmem:             29436 kB
KReclaimable:     365716 kB
Slab:             232240 kB
SReclaimable:      87248 kB
SUnreclaim:       144992 kB
KernelStack:       48400 kB
PageTables:        67780 kB
NFS_Unstable:          0 kB
Bounce:                0 kB
WritebackTmp:          0 kB
CommitLimit:     9202292 kB
Committed_AS:   74466876 kB
VmallocTotal:   263061440 kB
VmallocUsed:      105504 kB
VmallocChunk:          0 kB
Percpu:             7552 kB
CmaTotal:         294912 kB
CmaFree:               0 kB
MemTotal:       12113140 kB
MemFree:         2759288 kB
MemAvailable:    7177384 kB
Buffers:            5924 kB
Cached:          4890880 kB
SwapCached:            0 kB
Active:          2905184 kB
Inactive:        3906172 kB
Active(anon):    1920928 kB
Inactive(anon):    27604 kB
Active(file):     984256 kB
Inactive(file):  3878568 kB
Unevictable:        5576 kB
Mlocked:            5576 kB
SwapTotal:       3145724 kB
SwapFree:        3145724 kB
Dirty:              3920 kB
Writeback:             0 kB
AnonPages:       1920276 kB
Mapped:           935736 kB
Shmem:             29444 kB
KReclaimable:     365716 kB
Slab:             232452 kB
SReclaimable:      87248 kB
SUnreclaim:       145204 kB
KernelStack:       48400 kB
PageTables:        67552 kB
NFS_Unstable:          0 kB
Bounce:                0 kB
WritebackTmp:          0 kB
CommitLimit:     9202292 kB
Committed_AS:   74466328 kB
VmallocTotal:   263061440 kB
VmallocUsed:      105488 kB
VmallocChunk:          0 kB
Percpu:             7552 kB
CmaTotal:         294912 kB
CmaFree:               0 kB
MemTotal:       12113140 kB
MemFree:         2759776 kB
MemAvailable:    7178304 kB
Buffers:            5924 kB
Cached:          4891348 kB
SwapCached:            0 kB
Active:          2905784 kB
Inactive:        3906612 kB
Active(anon):    1921528 kB
Inactive(anon):    27604 kB
Active(file):     984256 kB
Inactive(file):  3879008 kB
Unevictable:        5576 kB
Mlocked:            5576 kB
SwapTotal:       3145724 kB
SwapFree:        3145724 kB
Dirty:              3944 kB
Writeback:             0 kB
AnonPages:       1920828 kB
Mapped:           935776 kB
Shmem:             29444 kB
KReclaimable:     365700 kB
Slab:             232440 kB
SReclaimable:      87232 kB
SUnreclaim:       145208 kB
KernelStack:       48400 kB
PageTables:        67560 kB
NFS_Unstable:          0 kB
Bounce:                0 kB
WritebackTmp:          0 kB
CommitLimit:     9202292 kB
Committed_AS:   74466804 kB
VmallocTotal:   263061440 kB
VmallocUsed:      105488 kB
VmallocChunk:          0 kB
Percpu:             7552 kB
CmaTotal:         294912 kB
CmaFree:               0 kB
MemTotal:       12113140 kB
MemFree:         2764888 kB
MemAvailable:    7183572 kB
Buffers:            5924 kB
Cached:          4891476 kB
SwapCached:            0 kB
Active:          2901832 kB
Inactive:        3906768 kB
Active(anon):    1917576 kB
Inactive(anon):    27604 kB
Active(file):     984256 kB
Inactive(file):  3879164 kB
Unevictable:        5576 kB
Mlocked:            5576 kB
SwapTotal:       3145724 kB
SwapFree:        3145724 kB
Dirty:              4084 kB
Writeback:             0 kB
AnonPages:       1916960 kB
Mapped:           935812 kB
Shmem:             29444 kB
KReclaimable:     365700 kB
Slab:             232436 kB
SReclaimable:      87232 kB
SUnreclaim:       145204 kB
KernelStack:       48400 kB
PageTables:        67560 kB
NFS_Unstable:          0 kB
Bounce:                0 kB
WritebackTmp:          0 kB
CommitLimit:     9202292 kB
Committed_AS:   74466488 kB
VmallocTotal:   263061440 kB
VmallocUsed:      105488 kB
VmallocChunk:          0 kB
Percpu:             7552 kB
CmaTotal:         294912 kB
CmaFree:              88 kB
MemTotal:       12113140 kB
MemFree:         2765988 kB
MemAvailable:    7184716 kB
Buffers:            5928 kB
Cached:          4891512 kB
SwapCached:            0 kB
Active:          2899556 kB
Inactive:        3906804 kB
Active(anon):    1915296 kB
Inactive(anon):    27608 kB
Active(file):     984260 kB
Inactive(file):  3879196 kB
Unevictable:        5576 kB
Mlocked:            5576 kB
SwapTotal:       3145724 kB
SwapFree:        3145724 kB
Dirty:              3864 kB
Writeback:             0 kB
AnonPages:       1914708 kB
Mapped:           935860 kB
Shmem:             29448 kB
KReclaimable:     365716 kB
Slab:             232456 kB
SReclaimable:      87248 kB
SUnreclaim:       145208 kB
KernelStack:       48384 kB
PageTables:        67548 kB
NFS_Unstable:          0 kB
Bounce:                0 kB
WritebackTmp:          0 kB
CommitLimit:     9202292 kB
Committed_AS:   74465868 kB
VmallocTotal:   263061440 kB
VmallocUsed:      105472 kB
VmallocChunk:          0 kB
Percpu:             7552 kB
CmaTotal:         294912 kB
CmaFree:               0 kB
MemTotal:       12113140 kB
MemFree:         2767260 kB
MemAvailable:    7185988 kB
Buffers:            5928 kB
Cached:          4891512 kB
SwapCached:            0 kB
Active:          2899832 kB
Inactive:        3906804 kB
Active(anon):    1915572 kB
Inactive(anon):    27608 kB
Active(file):     984260 kB
Inactive(file):  3879196 kB
Unevictable:        5576 kB
Mlocked:            5576 kB
SwapTotal:       3145724 kB
SwapFree:        3145724 kB
Dirty:              3864 kB
Writeback:             0 kB
AnonPages:       1914932 kB
Mapped:           935892 kB
Shmem:             29448 kB
KReclaimable:     365716 kB
Slab:             232448 kB
SReclaimable:      87248 kB
SUnreclaim:       145200 kB
KernelStack:       48384 kB
PageTables:        67552 kB
NFS_Unstable:          0 kB
Bounce:                0 kB
WritebackTmp:          0 kB
CommitLimit:     9202292 kB
Committed_AS:   74466116 kB
VmallocTotal:   263061440 kB
VmallocUsed:      105472 kB
VmallocChunk:          0 kB
Percpu:             7552 kB
CmaTotal:         294912 kB
CmaFree:               0 kB
MemTotal:       12113140 kB
MemFree:         2766728 kB
MemAvailable:    7185960 kB
Buffers:            5928 kB
Cached:          4892024 kB
SwapCached:            0 kB
Active:          2900576 kB
Inactive:        3907316 kB
Active(anon):    1916316 kB
Inactive(anon):    27608 kB
Active(file):     984260 kB
Inactive(file):  3879708 kB
Unevictable:        5576 kB
Mlocked:            5576 kB
SwapTotal:       3145724 kB
SwapFree:        3145724 kB
Dirty:              3888 kB
Writeback:             0 kB
AnonPages:       1915468 kB
Mapped:           935944 kB
Shmem:             29448 kB
KReclaimable:     365700 kB
Slab:             232432 kB
SReclaimable:      87232 kB
SUnreclaim:       145200 kB
KernelStack:       48352 kB
PageTables:        67560 kB
NFS_Unstable:          0 kB
Bounce:                0 kB
WritebackTmp:          0 kB
CommitLimit:     9202292 kB
Committed_AS:   74465800 kB
VmallocTotal:   263061440 kB
VmallocUsed:      105440 kB
VmallocChunk:          0 kB
Percpu:             7552 kB
CmaTotal:         294912 kB
CmaFree:               0 kB
MemTotal:       12113140 kB
MemFree:         2765676 kB
MemAvailable:    7185044 kB
Buffers:            5928 kB
Cached:          4892152 kB
SwapCached:            0 kB
Active:          2901052 kB
Inactive:        3907452 kB
Active(anon):    1916800 kB
Inactive(anon):    27608 kB
Active(file):     984252 kB
Inactive(file):  3879844 kB
Unevictable:        5576 kB
Mlocked:            5576 kB
SwapTotal:       3145724 kB
SwapFree:        3145724 kB
Dirty:              4032 kB
Writeback:             0 kB
AnonPages:       1916112 kB
Mapped:           935980 kB
Shmem:             29448 kB
KReclaimable:     365716 kB
Slab:             232444 kB
SReclaimable:      87248 kB
SUnreclaim:       145196 kB
KernelStack:       48352 kB
PageTables:        67560 kB
NFS_Unstable:          0 kB
Bounce:                0 kB
WritebackTmp:          0 kB
CommitLimit:     9202292 kB
Committed_AS:   74465528 kB
VmallocTotal:   263061440 kB
VmallocUsed:      105440 kB
VmallocChunk:          0 kB
Percpu:             7552 kB
CmaTotal:         294912 kB
CmaFree:               0 kB
MemTotal:       12113140 kB
MemFree:         2765148 kB
MemAvailable:    7184576 kB
Buffers:            5928 kB
Cached:          4892220 kB
SwapCached:            0 kB
Active:          2901164 kB
Inactive:        3907520 kB
Active(anon):    1916912 kB
Inactive(anon):    27608 kB
Active(file):     984252 kB
Inactive(file):  3879912 kB
Unevictable:        5576 kB
Mlocked:            5576 kB
SwapTotal:       3145724 kB
SwapFree:        3145724 kB
Dirty:               392 kB
Writeback:             0 kB
AnonPages:       1915980 kB
Mapped:           936020 kB
Shmem:             29448 kB
KReclaimable:     365700 kB
Slab:             232428 kB
SReclaimable:      87232 kB
SUnreclaim:       145196 kB
KernelStack:       48352 kB
PageTables:        67560 kB
NFS_Unstable:          0 kB
Bounce:                0 kB
WritebackTmp:          0 kB
CommitLimit:     9202292 kB
Committed_AS:   74464848 kB
VmallocTotal:   263061440 kB
VmallocUsed:      105440 kB
VmallocChunk:          0 kB
Percpu:             7552 kB
CmaTotal:         294912 kB
CmaFree:               0 kB
MemTotal:       12113140 kB
MemFree:         2765284 kB
MemAvailable:    7185048 kB
Buffers:            5928 kB
Cached:          4892564 kB
SwapCached:            0 kB
Active:          2901212 kB
Inactive:        3907852 kB
Active(anon):    1916956 kB
Inactive(anon):    27616 kB
Active(file):     984256 kB
Inactive(file):  3880236 kB
Unevictable:        5576 kB
Mlocked:            5576 kB
SwapTotal:       3145724 kB
SwapFree:        3145724 kB
Dirty:               384 kB
Writeback:             0 kB
AnonPages:       1916160 kB
Mapped:           936128 kB
Shmem:             29456 kB
KReclaimable:     365716 kB
Slab:             232468 kB
SReclaimable:      87248 kB
SUnreclaim:       145220 kB
KernelStack:       48352 kB
PageTables:        67556 kB
NFS_Unstable:          0 kB
Bounce:                0 kB
WritebackTmp:          0 kB
CommitLimit:     9202292 kB
Committed_AS:   74464592 kB
VmallocTotal:   263061440 kB
VmallocUsed:      105440 kB
VmallocChunk:          0 kB
Percpu:             7552 kB
CmaTotal:         294912 kB
CmaFree:               0 kB
MemTotal:       12113140 kB
MemFree:         2764064 kB
MemAvailable:    7184092 kB
Buffers:            5928 kB
Cached:          4892820 kB
SwapCached:            0 kB
Active:          2901804 kB
Inactive:        3908100 kB
Active(anon):    1917532 kB
Inactive(anon):    27616 kB
Active(file):     984272 kB
Inactive(file):  3880484 kB
Unevictable:        5576 kB
Mlocked:            5576 kB
SwapTotal:       3145724 kB
SwapFree:        3145724 kB
Dirty:               512 kB
Writeback:             0 kB
AnonPages:       1916532 kB
Mapped:           936164 kB
Shmem:             29456 kB
KReclaimable:     365716 kB
Slab:             232472 kB
SReclaimable:      87248 kB
SUnreclaim:       145224 kB
KernelStack:       48352 kB
PageTables:        67560 kB
NFS_Unstable:          0 kB
Bounce:                0 kB
WritebackTmp:          0 kB
CommitLimit:     9202292 kB
Committed_AS:   74464408 kB
VmallocTotal:   263061440 kB
VmallocUsed:      105440 kB
VmallocChunk:          0 kB
Percpu:             7552 kB
CmaTotal:         294912 kB
CmaFree:               0 kB
MemTotal:       12113140 kB
MemFree:         2763708 kB
MemAvailable:    7183728 kB
Buffers:            5928 kB
Cached:          4892820 kB
SwapCached:            0 kB
Active:          2902140 kB
Inactive:        3908100 kB
Active(anon):    1917868 kB
Inactive(anon):    27616 kB
Active(file):     984272 kB
Inactive(file):  3880484 kB
Unevictable:        5576 kB
Mlocked:            5576 kB
SwapTotal:       3145724 kB
SwapFree:        3145724 kB
Dirty:               512 kB
Writeback:             0 kB
AnonPages:       1917196 kB
Mapped:           936216 kB
Shmem:             29456 kB
KReclaimable:     365700 kB
Slab:             232448 kB
SReclaimable:      87232 kB
SUnreclaim:       145216 kB
KernelStack:       48352 kB
PageTables:        67564 kB
NFS_Unstable:          0 kB
Bounce:                0 kB
WritebackTmp:          0 kB
CommitLimit:     9202292 kB
Committed_AS:   74464144 kB
VmallocTotal:   263061440 kB
VmallocUsed:      105440 kB
VmallocChunk:          0 kB
Percpu:             7552 kB
CmaTotal:         294912 kB
CmaFree:               0 kB
MemTotal:       12113140 kB
MemFree:         2763700 kB
MemAvailable:    7183856 kB
Buffers:            5928 kB
Cached:          4892948 kB
SwapCached:            0 kB
Active:          2902176 kB
Inactive:        3908224 kB
Active(anon):    1917900 kB
Inactive(anon):    27616 kB
Active(file):     984276 kB
Inactive(file):  3880608 kB
Unevictable:        5576 kB
Mlocked:            5576 kB
SwapTotal:       3145724 kB
SwapFree:        3145724 kB
Dirty:               652 kB
Writeback:             0 kB
AnonPages:       1917164 kB
Mapped:           936292 kB
Shmem:             29456 kB
KReclaimable:     365716 kB
Slab:             232464 kB
SReclaimable:      87248 kB
SUnreclaim:       145216 kB
KernelStack:       48352 kB
PageTables:        67560 kB
NFS_Unstable:          0 kB
Bounce:                0 kB
WritebackTmp:          0 kB
CommitLimit:     9202292 kB
Committed_AS:   74464004 kB
VmallocTotal:   263061440 kB
VmallocUsed:      105440 kB
VmallocChunk:          0 kB
Percpu:             7552 kB
CmaTotal:         294912 kB
CmaFree:               0 kB
MemTotal:       12113140 kB
MemFree:         2763704 kB
MemAvailable:    7183852 kB
Buffers:            5928 kB
Cached:          4892952 kB
SwapCached:            0 kB
Active:          2902428 kB
Inactive:        3908224 kB
Active(anon):    1918148 kB
Inactive(anon):    27620 kB
Active(file):     984280 kB
Inactive(file):  3880604 kB
Unevictable:        5576 kB
Mlocked:            5576 kB
SwapTotal:       3145724 kB
SwapFree:        3145724 kB
Dirty:               652 kB
Writeback:             0 kB
AnonPages:       1917400 kB
Mapped:           936308 kB
Shmem:             29460 kB
KReclaimable:     365700 kB
Slab:             232456 kB
SReclaimable:      87232 kB
SUnreclaim:       145224 kB
KernelStack:       48352 kB
PageTables:        67564 kB
NFS_Unstable:          0 kB
Bounce:                0 kB
WritebackTmp:          0 kB
CommitLimit:     9202292 kB
Committed_AS:   74463644 kB
VmallocTotal:   263061440 kB
VmallocUsed:      105440 kB
VmallocChunk:          0 kB
Percpu:             7552 kB
CmaTotal:         294912 kB
CmaFree:               0 kB
MemTotal:       12113140 kB
MemFree:         2763776 kB
MemAvailable:    7183944 kB
Buffers:            5928 kB
Cached:          4892964 kB
SwapCached:            0 kB
Active:          2902488 kB
Inactive:        3908236 kB
Active(anon):    1918208 kB
Inactive(anon):    27620 kB
Active(file):     984280 kB
Inactive(file):  3880616 kB
Unevictable:        5576 kB
Mlocked:            5576 kB
SwapTotal:       3145724 kB
SwapFree:        3145724 kB
Dirty:               672 kB
Writeback:             0 kB
AnonPages:       1917768 kB
Mapped:           936316 kB
Shmem:             29460 kB
KReclaimable:     365716 kB
Slab:             232416 kB
SReclaimable:      87248 kB
SUnreclaim:       145168 kB
KernelStack:       48352 kB
PageTables:        67480 kB
NFS_Unstable:          0 kB
Bounce:                0 kB
WritebackTmp:          0 kB
CommitLimit:     9202292 kB
Committed_AS:   74463884 kB
VmallocTotal:   263061440 kB
VmallocUsed:      105440 kB
VmallocChunk:          0 kB
Percpu:             7552 kB
CmaTotal:         294912 kB
CmaFree:               0 kB
MemTotal:       12113140 kB
MemFree:         2764048 kB
MemAvailable:    7184532 kB
Buffers:            5928 kB
Cached:          4893288 kB
SwapCached:            0 kB
Active:          2902992 kB
Inactive:        3908560 kB
Active(anon):    1918712 kB
Inactive(anon):    27620 kB
Active(file):     984280 kB
Inactive(file):  3880940 kB
Unevictable:        5576 kB
Mlocked:            5576 kB
SwapTotal:       3145724 kB
SwapFree:        3145724 kB
Dirty:               812 kB
Writeback:             0 kB
AnonPages:       1918236 kB
Mapped:           936328 kB
Shmem:             29460 kB
KReclaimable:     365700 kB
Slab:             232420 kB
SReclaimable:      87232 kB
SUnreclaim:       145188 kB
KernelStack:       48352 kB
PageTables:        67560 kB
NFS_Unstable:          0 kB
Bounce:                0 kB
WritebackTmp:          0 kB
CommitLimit:     9202292 kB
Committed_AS:   74463656 kB
VmallocTotal:   263061440 kB
VmallocUsed:      105440 kB
VmallocChunk:          0 kB
Percpu:             7552 kB
CmaTotal:         294912 kB
CmaFree:               0 kB
MemTotal:       12113140 kB
MemFree:         2763260 kB
MemAvailable:    7183744 kB
Buffers:            5928 kB
Cached:          4893300 kB
SwapCached:            0 kB
Active:          2904028 kB
Inactive:        3908568 kB
Active(anon):    1919744 kB
Inactive(anon):    27632 kB
Active(file):     984284 kB
Inactive(file):  3880936 kB
Unevictable:        5576 kB
Mlocked:            5576 kB
SwapTotal:       3145724 kB
SwapFree:        3145724 kB
Dirty:               812 kB
Writeback:             4 kB
AnonPages:       1918752 kB
Mapped:           936344 kB
Shmem:             29472 kB
KReclaimable:     365700 kB
Slab:             232416 kB
SReclaimable:      87232 kB
SUnreclaim:       145184 kB
KernelStack:       48352 kB
PageTables:        67556 kB
NFS_Unstable:          0 kB
Bounce:                0 kB
WritebackTmp:          0 kB
CommitLimit:     9202292 kB
Committed_AS:   74463608 kB
VmallocTotal:   263061440 kB
VmallocUsed:      105440 kB
VmallocChunk:          0 kB
Percpu:             7552 kB
CmaTotal:         294912 kB
CmaFree:               0 kB
MemTotal:       12113140 kB
MemFree:         2762308 kB
MemAvailable:    7183212 kB
Buffers:            5928 kB
Cached:          4893712 kB
SwapCached:            0 kB
Active:          2904508 kB
Inactive:        3908980 kB
Active(anon):    1920224 kB
Inactive(anon):    27632 kB
Active(file):     984284 kB
Inactive(file):  3881348 kB
Unevictable:        5576 kB
Mlocked:            5576 kB
SwapTotal:       3145724 kB
SwapFree:        3145724 kB
Dirty:               832 kB
Writeback:             0 kB
AnonPages:       1919572 kB
Mapped:           936352 kB
Shmem:             29472 kB
KReclaimable:     365716 kB
Slab:             232432 kB
SReclaimable:      87248 kB
SUnreclaim:       145184 kB
KernelStack:       48352 kB
PageTables:        67560 kB
NFS_Unstable:          0 kB
Bounce:                0 kB
WritebackTmp:          0 kB
CommitLimit:     9202292 kB
Committed_AS:   74463524 kB
VmallocTotal:   263061440 kB
VmallocUsed:      105440 kB
VmallocChunk:          0 kB
Percpu:             7552 kB
CmaTotal:         294912 kB
CmaFree:               0 kB
MemTotal:       12113140 kB
MemFree:         2761368 kB
MemAvailable:    7182592 kB
Buffers:            5928 kB
Cached:          4894040 kB
SwapCached:            0 kB
Active:          2905024 kB
Inactive:        3909284 kB
Active(anon):    1920732 kB
Inactive(anon):    27632 kB
Active(file):     984292 kB
Inactive(file):  3881652 kB
Unevictable:        5576 kB
Mlocked:            5576 kB
SwapTotal:       3145724 kB
SwapFree:        3145724 kB
Dirty:               976 kB
Writeback:             0 kB
AnonPages:       1919668 kB
Mapped:           936368 kB
Shmem:             29472 kB
KReclaimable:     365732 kB
Slab:             232448 kB
SReclaimable:      87264 kB
SUnreclaim:       145184 kB
KernelStack:       48352 kB
PageTables:        67568 kB
NFS_Unstable:          0 kB
Bounce:                0 kB
WritebackTmp:          0 kB
CommitLimit:     9202292 kB
Committed_AS:   74463216 kB
VmallocTotal:   263061440 kB
VmallocUsed:      105440 kB
VmallocChunk:          0 kB
Percpu:             7552 kB
CmaTotal:         294912 kB
CmaFree:               0 kB
MemTotal:       12113140 kB
MemFree:         2760708 kB
MemAvailable:    7182080 kB
Buffers:            5928 kB
Cached:          4894172 kB
SwapCached:            0 kB
Active:          2905220 kB
Inactive:        3909424 kB
Active(anon):    1920920 kB
Inactive(anon):    27632 kB
Active(file):     984300 kB
Inactive(file):  3881792 kB
Unevictable:        5576 kB
Mlocked:            5576 kB
SwapTotal:       3145724 kB
SwapFree:        3145724 kB
Dirty:               976 kB
Writeback:             0 kB
AnonPages:       1920288 kB
Mapped:           936376 kB
Shmem:             29472 kB
KReclaimable:     365732 kB
Slab:             232444 kB
SReclaimable:      87264 kB
SUnreclaim:       145180 kB
KernelStack:       48336 kB
PageTables:        67544 kB
NFS_Unstable:          0 kB
Bounce:                0 kB
WritebackTmp:          0 kB
CommitLimit:     9202292 kB
Committed_AS:   74462804 kB
VmallocTotal:   263061440 kB
VmallocUsed:      105424 kB
VmallocChunk:          0 kB
Percpu:             7552 kB
CmaTotal:         294912 kB
CmaFree:               0 kB
MemTotal:       12113140 kB
MemFree:         2749064 kB
MemAvailable:    7159392 kB
Buffers:            5932 kB
Cached:          4895428 kB
SwapCached:            0 kB
Active:          2908048 kB
Inactive:        3910672 kB
Active(anon):    1923736 kB
Inactive(anon):    27636 kB
Active(file):     984312 kB
Inactive(file):  3883036 kB
Unevictable:        5576 kB
Mlocked:            5576 kB
SwapTotal:       3145724 kB
SwapFree:        3145724 kB
Dirty:              1104 kB
Writeback:             0 kB
AnonPages:       1923024 kB
Mapped:           936964 kB
Shmem:             29476 kB
KReclaimable:     341132 kB
Slab:             232416 kB
SReclaimable:      87280 kB
SUnreclaim:       145136 kB
KernelStack:       48336 kB
PageTables:        67952 kB
NFS_Unstable:          0 kB
Bounce:                0 kB
WritebackTmp:          0 kB
CommitLimit:     9202292 kB
Committed_AS:   74466548 kB
VmallocTotal:   263061440 kB
VmallocUsed:      105424 kB
VmallocChunk:          0 kB
Percpu:             7552 kB
CmaTotal:         294912 kB
CmaFree:               0 kB
MemTotal:       12113140 kB
MemFree:         2748056 kB
MemAvailable:    7158384 kB
Buffers:            5932 kB
Cached:          4895432 kB
SwapCached:            0 kB
Active:          2908332 kB
Inactive:        3910676 kB
Active(anon):    1924020 kB
Inactive(anon):    27640 kB
Active(file):     984312 kB
Inactive(file):  3883036 kB
Unevictable:        5576 kB
Mlocked:            5576 kB
SwapTotal:       3145724 kB
SwapFree:        3145724 kB
Dirty:              1136 kB
Writeback:             0 kB
AnonPages:       1923376 kB
Mapped:           936980 kB
Shmem:             29480 kB
KReclaimable:     341132 kB
Slab:             232464 kB
SReclaimable:      87280 kB
SUnreclaim:       145184 kB
KernelStack:       48336 kB
PageTables:        67704 kB
NFS_Unstable:          0 kB
Bounce:                0 kB
WritebackTmp:          0 kB
CommitLimit:     9202292 kB
Committed_AS:   74466292 kB
VmallocTotal:   263061440 kB
VmallocUsed:      105424 kB
VmallocChunk:          0 kB
Percpu:             7552 kB
CmaTotal:         294912 kB
CmaFree:               0 kB
MemTotal:       12113140 kB
MemFree:         2746820 kB
MemAvailable:    7169440 kB
Buffers:            5932 kB
Cached:          4895432 kB
SwapCached:            0 kB
Active:          2908404 kB
Inactive:        3910676 kB
Active(anon):    1924092 kB
Inactive(anon):    27640 kB
Active(file):     984312 kB
Inactive(file):  3883036 kB
Unevictable:        5576 kB
Mlocked:            5576 kB
SwapTotal:       3145724 kB
SwapFree:        3145724 kB
Dirty:              1136 kB
Writeback:             0 kB
AnonPages:       1923324 kB
Mapped:           936992 kB
Shmem:             29480 kB
KReclaimable:     365716 kB
Slab:             232440 kB
SReclaimable:      87264 kB
SUnreclaim:       145176 kB
KernelStack:       48336 kB
PageTables:        67660 kB
NFS_Unstable:          0 kB
Bounce:                0 kB
WritebackTmp:          0 kB
CommitLimit:     9202292 kB
Committed_AS:   74466036 kB
VmallocTotal:   263061440 kB
VmallocUsed:      105424 kB
VmallocChunk:          0 kB
Percpu:             7552 kB
CmaTotal:         294912 kB
CmaFree:               0 kB
MemTotal:       12113140 kB
MemFree:         2746220 kB
MemAvailable:    7169364 kB
Buffers:            5932 kB
Cached:          4895944 kB
SwapCached:            0 kB
Active:          2908084 kB
Inactive:        3911184 kB
Active(anon):    1923768 kB
Inactive(anon):    27640 kB
Active(file):     984316 kB
Inactive(file):  3883544 kB
Unevictable:        5576 kB
Mlocked:            5576 kB
SwapTotal:       3145724 kB
SwapFree:        3145724 kB
Dirty:              1140 kB
Writeback:             0 kB
AnonPages:       1923104 kB
Mapped:           937000 kB
Shmem:             29480 kB
KReclaimable:     365744 kB
Slab:             232448 kB
SReclaimable:      87280 kB
SUnreclaim:       145168 kB
KernelStack:       48304 kB
PageTables:        67492 kB
NFS_Unstable:          0 kB
Bounce:                0 kB
WritebackTmp:          0 kB
CommitLimit:     9202292 kB
Committed_AS:   74465960 kB
VmallocTotal:   263061440 kB
VmallocUsed:      105392 kB
VmallocChunk:          0 kB
Percpu:             7552 kB
CmaTotal:         294912 kB
CmaFree:               0 kB
MemTotal:       12113140 kB
MemFree:         2745448 kB
MemAvailable:    7168712 kB
Buffers:            5932 kB
Cached:          4896088 kB
SwapCached:            0 kB
Active:          2908952 kB
Inactive:        3911328 kB
Active(anon):    1924636 kB
Inactive(anon):    27656 kB
Active(file):     984316 kB
Inactive(file):  3883672 kB
Unevictable:        5576 kB
Mlocked:            5576 kB
SwapTotal:       3145724 kB
SwapFree:        3145724 kB
Dirty:              1200 kB
Writeback:             0 kB
AnonPages:       1923900 kB
Mapped:           937028 kB
Shmem:             29496 kB
KReclaimable:     365728 kB
Slab:             232448 kB
SReclaimable:      87264 kB
SUnreclaim:       145184 kB
KernelStack:       48304 kB
PageTables:        67560 kB
NFS_Unstable:          0 kB
Bounce:                0 kB
WritebackTmp:          0 kB
CommitLimit:     9202292 kB
Committed_AS:   74465264 kB
VmallocTotal:   263061440 kB
VmallocUsed:      105392 kB
VmallocChunk:          0 kB
Percpu:             7552 kB
CmaTotal:         294912 kB
CmaFree:               0 kB
MemTotal:       12113140 kB
MemFree:         2744728 kB
MemAvailable:    7168060 kB
Buffers:            5932 kB
Cached:          4896160 kB
SwapCached:            0 kB
Active:          2909256 kB
Inactive:        3911400 kB
Active(anon):    1924940 kB
Inactive(anon):    27660 kB
Active(file):     984316 kB
Inactive(file):  3883740 kB
Unevictable:        5576 kB
Mlocked:            5576 kB
SwapTotal:       3145724 kB
SwapFree:        3145724 kB
Dirty:              1216 kB
Writeback:             0 kB
AnonPages:       1924248 kB
Mapped:           937040 kB
Shmem:             29500 kB
KReclaimable:     365728 kB
Slab:             232440 kB
SReclaimable:      87264 kB
SUnreclaim:       145176 kB
KernelStack:       48304 kB
PageTables:        67560 kB
NFS_Unstable:          0 kB
Bounce:                0 kB
WritebackTmp:          0 kB
CommitLimit:     9202292 kB
Committed_AS:   74459916 kB
VmallocTotal:   263061440 kB
VmallocUsed:      105392 kB
VmallocChunk:          0 kB
Percpu:             7552 kB
CmaTotal:         294912 kB
CmaFree:               0 kB
MemTotal:       12113140 kB
MemFree:         2757744 kB
MemAvailable:    7181076 kB
Buffers:            5932 kB
Cached:          4896160 kB
SwapCached:            0 kB
Active:          2895476 kB
Inactive:        3911328 kB
Active(anon):    1911088 kB
Inactive(anon):    27660 kB
Active(file):     984388 kB
Inactive(file):  3883668 kB
Unevictable:        5576 kB
Mlocked:            5576 kB
SwapTotal:       3145724 kB
SwapFree:        3145724 kB
Dirty:              1216 kB
Writeback:             0 kB
AnonPages:       1910316 kB
Mapped:           923956 kB
Shmem:             29500 kB
KReclaimable:     365728 kB
Slab:             232440 kB
SReclaimable:      87264 kB
SUnreclaim:       145176 kB
KernelStack:       48320 kB
PageTables:        67484 kB
NFS_Unstable:          0 kB
Bounce:                0 kB
WritebackTmp:          0 kB
CommitLimit:     9202292 kB
Committed_AS:   74459612 kB
VmallocTotal:   263061440 kB
VmallocUsed:      105392 kB
VmallocChunk:          0 kB
Percpu:             7552 kB
CmaTotal:         294912 kB
CmaFree:               0 kB
MemTotal:       12113140 kB
MemFree:         2755004 kB
MemAvailable:    7178472 kB
Buffers:            5932 kB
Cached:          4896256 kB
SwapCached:            0 kB
Active:          2896348 kB
Inactive:        3911444 kB
Active(anon):    1911948 kB
Inactive(anon):    27660 kB
Active(file):     984400 kB
Inactive(file):  3883784 kB
Unevictable:        5576 kB
Mlocked:            5576 kB
SwapTotal:       3145724 kB
SwapFree:        3145724 kB
Dirty:              1384 kB
Writeback:             0 kB
AnonPages:       1911224 kB
Mapped:           923940 kB
Shmem:             29468 kB
KReclaimable:     365744 kB
Slab:             232460 kB
SReclaimable:      87280 kB
SUnreclaim:       145180 kB
KernelStack:       48288 kB
PageTables:        67468 kB
NFS_Unstable:          0 kB
Bounce:                0 kB
WritebackTmp:          0 kB
CommitLimit:     9202292 kB
Committed_AS:   74461436 kB
VmallocTotal:   263061440 kB
VmallocUsed:      105376 kB
VmallocChunk:          0 kB
Percpu:             7552 kB
CmaTotal:         294912 kB
CmaFree:               0 kB
MemTotal:       12113140 kB
MemFree:         2754880 kB
MemAvailable:    7178356 kB
Buffers:            5932 kB
Cached:          4896288 kB
SwapCached:            0 kB
Active:          2896192 kB
Inactive:        3911444 kB
Active(anon):    1911792 kB
Inactive(anon):    27660 kB
Active(file):     984400 kB
Inactive(file):  3883784 kB
Unevictable:        5576 kB
Mlocked:            5576 kB
SwapTotal:       3145724 kB
SwapFree:        3145724 kB
Dirty:              1384 kB
Writeback:             0 kB
AnonPages:       1910916 kB
Mapped:           923980 kB
Shmem:             29500 kB
KReclaimable:     365760 kB
Slab:             232348 kB
SReclaimable:      87296 kB
SUnreclaim:       145052 kB
KernelStack:       48272 kB
PageTables:        67480 kB
NFS_Unstable:          0 kB
Bounce:                0 kB
WritebackTmp:          0 kB
CommitLimit:     9202292 kB
Committed_AS:   74461128 kB
VmallocTotal:   263061440 kB
VmallocUsed:      105344 kB
VmallocChunk:          0 kB
Percpu:             7552 kB
CmaTotal:         294912 kB
CmaFree:               0 kB
MemTotal:       12113140 kB
MemFree:         2755880 kB
MemAvailable:    7179356 kB
Buffers:            5932 kB
Cached:          4896296 kB
SwapCached:            0 kB
Active:          2895372 kB
Inactive:        3911424 kB
Active(anon):    1910972 kB
Inactive(anon):    27632 kB
Active(file):     984400 kB
Inactive(file):  3883792 kB
Unevictable:        5576 kB
Mlocked:            5576 kB
SwapTotal:       3145724 kB
SwapFree:        3145724 kB
Dirty:              1400 kB
Writeback:             0 kB
AnonPages:       1910568 kB
Mapped:           923988 kB
Shmem:             29500 kB
KReclaimable:     365744 kB
Slab:             232604 kB
SReclaimable:      87280 kB
SUnreclaim:       145324 kB
KernelStack:       48256 kB
PageTables:        67416 kB
NFS_Unstable:          0 kB
Bounce:                0 kB
WritebackTmp:          0 kB
CommitLimit:     9202292 kB
Committed_AS:   74466440 kB
VmallocTotal:   263061440 kB
VmallocUsed:      105344 kB
VmallocChunk:          0 kB
Percpu:             7552 kB
CmaTotal:         294912 kB
CmaFree:               0 kB
MemTotal:       12113140 kB
MemFree:         2755988 kB
MemAvailable:    7179592 kB
Buffers:            5932 kB
Cached:          4896424 kB
SwapCached:            0 kB
Active:          2895648 kB
Inactive:        3911580 kB
Active(anon):    1911248 kB
Inactive(anon):    27660 kB
Active(file):     984400 kB
Inactive(file):  3883920 kB
Unevictable:        5576 kB
Mlocked:            5576 kB
SwapTotal:       3145724 kB
SwapFree:        3145724 kB
Dirty:              1540 kB
Writeback:             0 kB
AnonPages:       1910564 kB
Mapped:           923996 kB
Shmem:             29500 kB
KReclaimable:     365744 kB
Slab:             232448 kB
SReclaimable:      87280 kB
SUnreclaim:       145168 kB
KernelStack:       48192 kB
PageTables:        67492 kB
NFS_Unstable:          0 kB
Bounce:                0 kB
WritebackTmp:          0 kB
CommitLimit:     9202292 kB
Committed_AS:   74467012 kB
VmallocTotal:   263061440 kB
VmallocUsed:      105280 kB
VmallocChunk:          0 kB
Percpu:             7552 kB
CmaTotal:         294912 kB
CmaFree:               0 kB
MemTotal:       12113140 kB
MemFree:         2754004 kB
MemAvailable:    7177608 kB
Buffers:            5932 kB
Cached:          4896424 kB
SwapCached:            0 kB
Active:          2895776 kB
Inactive:        3911580 kB
Active(anon):    1911376 kB
Inactive(anon):    27660 kB
Active(file):     984400 kB
Inactive(file):  3883920 kB
Unevictable:        5576 kB
Mlocked:            5576 kB
SwapTotal:       3145724 kB
SwapFree:        3145724 kB
Dirty:              1540 kB
Writeback:             0 kB
AnonPages:       1910676 kB
Mapped:           924004 kB
Shmem:             29500 kB
KReclaimable:     365744 kB
Slab:             232096 kB
SReclaimable:      87280 kB
SUnreclaim:       144816 kB
KernelStack:       48128 kB
PageTables:        67480 kB
NFS_Unstable:          0 kB
Bounce:                0 kB
WritebackTmp:          0 kB
CommitLimit:     9202292 kB
Committed_AS:   74461136 kB
VmallocTotal:   263061440 kB
VmallocUsed:      105216 kB
VmallocChunk:          0 kB
Percpu:             7552 kB
CmaTotal:         294912 kB
CmaFree:               0 kB
MemTotal:       12113140 kB
MemFree:         2754912 kB
MemAvailable:    7178764 kB
Buffers:            5932 kB
Cached:          4896700 kB
SwapCached:            0 kB
Active:          2895720 kB
Inactive:        3911756 kB
Active(anon):    1911248 kB
Inactive(anon):    27660 kB
Active(file):     984472 kB
Inactive(file):  3884096 kB
Unevictable:        5576 kB
Mlocked:            5576 kB
SwapTotal:       3145724 kB
SwapFree:        3145724 kB
Dirty:              1548 kB
Writeback:             0 kB
AnonPages:       1910568 kB
Mapped:           924020 kB
Shmem:             29500 kB
KReclaimable:     365744 kB
Slab:             232516 kB
SReclaimable:      87280 kB
SUnreclaim:       145236 kB
KernelStack:       48080 kB
PageTables:        67476 kB
NFS_Unstable:          0 kB
Bounce:                0 kB
WritebackTmp:          8 kB
CommitLimit:     9202292 kB
Committed_AS:   74461040 kB
VmallocTotal:   263061440 kB
VmallocUsed:      105120 kB
VmallocChunk:          0 kB
Percpu:             7552 kB
CmaTotal:         294912 kB
CmaFree:               0 kB
MemTotal:       12113140 kB
MemFree:         2754352 kB
MemAvailable:    7178360 kB
Buffers:            5932 kB
Cached:          4896828 kB
SwapCached:            0 kB
Active:          2895628 kB
Inactive:        3911912 kB
Active(anon):    1911156 kB
Inactive(anon):    27660 kB
Active(file):     984472 kB
Inactive(file):  3884252 kB
Unevictable:        5576 kB
Mlocked:            5576 kB
SwapTotal:       3145724 kB
SwapFree:        3145724 kB
Dirty:              1688 kB
Writeback:             0 kB
AnonPages:       1910392 kB
Mapped:           924024 kB
Shmem:             29500 kB
KReclaimable:     365744 kB
Slab:             232516 kB
SReclaimable:      87280 kB
SUnreclaim:       145236 kB
KernelStack:       47984 kB
PageTables:        67476 kB
NFS_Unstable:          0 kB
Bounce:                0 kB
WritebackTmp:          0 kB
CommitLimit:     9202292 kB
Committed_AS:   74461220 kB
VmallocTotal:   263061440 kB
VmallocUsed:      105072 kB
VmallocChunk:          0 kB
Percpu:             7552 kB
CmaTotal:         294912 kB
CmaFree:               0 kB
MemTotal:       12113140 kB
MemFree:         2754068 kB
MemAvailable:    7178084 kB
Buffers:            5936 kB
Cached:          4896832 kB
SwapCached:            0 kB
Active:          2896248 kB
Inactive:        3911916 kB
Active(anon):    1911772 kB
Inactive(anon):    27660 kB
Active(file):     984476 kB
Inactive(file):  3884256 kB
Unevictable:        5576 kB
Mlocked:            5576 kB
SwapTotal:       3145724 kB
SwapFree:        3145724 kB
Dirty:              1740 kB
Writeback:             0 kB
AnonPages:       1911024 kB
Mapped:           924036 kB
Shmem:             29500 kB
KReclaimable:     365744 kB
Slab:             232516 kB
SReclaimable:      87280 kB
SUnreclaim:       145236 kB
KernelStack:       47968 kB
PageTables:        67484 kB
NFS_Unstable:          0 kB
Bounce:                0 kB
WritebackTmp:          0 kB
CommitLimit:     9202292 kB
Committed_AS:   74461168 kB
VmallocTotal:   263061440 kB
VmallocUsed:      105040 kB
VmallocChunk:          0 kB
Percpu:             7552 kB
CmaTotal:         294912 kB
CmaFree:               0 kB
MemTotal:       12113140 kB
MemFree:         2755152 kB
MemAvailable:    7179300 kB
Buffers:            5936 kB
Cached:          4896972 kB
SwapCached:            0 kB
Active:          2896036 kB
Inactive:        3912044 kB
Active(anon):    1911556 kB
Inactive(anon):    27660 kB
Active(file):     984480 kB
Inactive(file):  3884384 kB
Unevictable:        5576 kB
Mlocked:            5576 kB
SwapTotal:       3145724 kB
SwapFree:        3145724 kB
Dirty:              1832 kB
Writeback:             0 kB
AnonPages:       1910564 kB
Mapped:           924048 kB
Shmem:             29500 kB
KReclaimable:     365744 kB
Slab:             232516 kB
SReclaimable:      87280 kB
SUnreclaim:       145236 kB
KernelStack:       47920 kB
PageTables:        67600 kB
NFS_Unstable:          0 kB
Bounce:                0 kB
WritebackTmp:          0 kB
CommitLimit:     9202292 kB
Committed_AS:   74450412 kB
VmallocTotal:   263061440 kB
VmallocUsed:      104944 kB
VmallocChunk:          0 kB
Percpu:             7552 kB
CmaTotal:         294912 kB
CmaFree:               0 kB
MemTotal:       12113140 kB
MemFree:         2755996 kB
MemAvailable:    7180152 kB
Buffers:            5936 kB
Cached:          4896972 kB
SwapCached:            0 kB
Active:          2895192 kB
Inactive:        3912052 kB
Active(anon):    1910712 kB
Inactive(anon):    27660 kB
Active(file):     984480 kB
Inactive(file):  3884392 kB
Unevictable:        5576 kB
Mlocked:            5576 kB
SwapTotal:       3145724 kB
SwapFree:        3145724 kB
Dirty:              1844 kB
Writeback:             0 kB
AnonPages:       1909956 kB
Mapped:           924056 kB
Shmem:             29500 kB
KReclaimable:     365744 kB
Slab:             232508 kB
SReclaimable:      87280 kB
SUnreclaim:       145228 kB
KernelStack:       47888 kB
PageTables:        67596 kB
NFS_Unstable:          0 kB
Bounce:                0 kB
WritebackTmp:          0 kB
CommitLimit:     9202292 kB
Committed_AS:   74445232 kB
VmallocTotal:   263061440 kB
VmallocUsed:      104896 kB
VmallocChunk:          0 kB
Percpu:             7552 kB
CmaTotal:         294912 kB
CmaFree:               0 kB
MemTotal:       12113140 kB
MemFree:         2755816 kB
MemAvailable:    7180104 kB
Buffers:            5936 kB
Cached:          4897108 kB
SwapCached:            0 kB
Active:          2896052 kB
Inactive:        3912188 kB
Active(anon):    1911572 kB
Inactive(anon):    27664 kB
Active(file):     984480 kB
Inactive(file):  3884524 kB
Unevictable:        5576 kB
Mlocked:            5576 kB
SwapTotal:       3145724 kB
SwapFree:        3145724 kB
Dirty:              1852 kB
Writeback:            12 kB
AnonPages:       1910788 kB
Mapped:           924076 kB
Shmem:             29504 kB
KReclaimable:     365744 kB
Slab:             232508 kB
SReclaimable:      87280 kB
SUnreclaim:       145228 kB
KernelStack:       47872 kB
PageTables:        67328 kB
NFS_Unstable:          0 kB
Bounce:                0 kB
WritebackTmp:          0 kB
CommitLimit:     9202292 kB
Committed_AS:   74450228 kB
VmallocTotal:   263061440 kB
VmallocUsed:      104896 kB
VmallocChunk:          0 kB
Percpu:             7552 kB
CmaTotal:         294912 kB
CmaFree:               0 kB
MemTotal:       12113140 kB
MemFree:         2756080 kB
MemAvailable:    7180368 kB
Buffers:            5936 kB
Cached:          4897112 kB
SwapCached:            0 kB
Active:          2895568 kB
Inactive:        3912192 kB
Active(anon):    1911088 kB
Inactive(anon):    27668 kB
Active(file):     984480 kB
Inactive(file):  3884524 kB
Unevictable:        5576 kB
Mlocked:            5576 kB
SwapTotal:       3145724 kB
SwapFree:        3145724 kB
Dirty:              1848 kB
Writeback:             0 kB
AnonPages:       1910196 kB
Mapped:           924076 kB
Shmem:             29508 kB
KReclaimable:     365744 kB
Slab:             232508 kB
SReclaimable:      87280 kB
SUnreclaim:       145228 kB
KernelStack:       47840 kB
PageTables:        67460 kB
NFS_Unstable:          0 kB
Bounce:                0 kB
WritebackTmp:          0 kB
CommitLimit:     9202292 kB
Committed_AS:   74455508 kB
VmallocTotal:   263061440 kB
VmallocUsed:      104912 kB
VmallocChunk:          0 kB
Percpu:             7552 kB
CmaTotal:         294912 kB
CmaFree:               0 kB
MemTotal:       12113140 kB
MemFree:         2755556 kB
MemAvailable:    7180024 kB
Buffers:            5936 kB
Cached:          4897308 kB
SwapCached:            0 kB
Active:          2896024 kB
Inactive:        3912364 kB
Active(anon):    1911536 kB
Inactive(anon):    27668 kB
Active(file):     984488 kB
Inactive(file):  3884696 kB
Unevictable:        5576 kB
Mlocked:            5576 kB
SwapTotal:       3145724 kB
SwapFree:        3145724 kB
Dirty:              1988 kB
Writeback:             0 kB
AnonPages:       1910740 kB
Mapped:           924088 kB
Shmem:             29508 kB
KReclaimable:     365744 kB
Slab:             232508 kB
SReclaimable:      87280 kB
SUnreclaim:       145228 kB
KernelStack:       47840 kB
PageTables:        67468 kB
NFS_Unstable:          0 kB
Bounce:                0 kB
WritebackTmp:          0 kB
CommitLimit:     9202292 kB
Committed_AS:   74455424 kB
VmallocTotal:   263061440 kB
VmallocUsed:      104912 kB
VmallocChunk:          0 kB
Percpu:             7552 kB
CmaTotal:         294912 kB
CmaFree:               0 kB
MemTotal:       12113140 kB
MemFree:         2754276 kB
MemAvailable:    7178760 kB
Buffers:            5936 kB
Cached:          4897308 kB
SwapCached:            0 kB
Active:          2896004 kB
Inactive:        3912380 kB
Active(anon):    1911516 kB
Inactive(anon):    27668 kB
Active(file):     984488 kB
Inactive(file):  3884712 kB
Unevictable:        5576 kB
Mlocked:            5576 kB
SwapTotal:       3145724 kB
SwapFree:        3145724 kB
Dirty:              1988 kB
Writeback:             0 kB
AnonPages:       1910644 kB
Mapped:           924096 kB
Shmem:             29508 kB
KReclaimable:     365744 kB
Slab:             232508 kB
SReclaimable:      87280 kB
SUnreclaim:       145228 kB
KernelStack:       47840 kB
PageTables:        67460 kB
NFS_Unstable:          0 kB
Bounce:                0 kB
WritebackTmp:          0 kB
CommitLimit:     9202292 kB
Committed_AS:   74460688 kB
VmallocTotal:   263061440 kB
VmallocUsed:      104912 kB
VmallocChunk:          0 kB
Percpu:             7552 kB
CmaTotal:         294912 kB
CmaFree:               0 kB
MemTotal:       12113140 kB
MemFree:         2754652 kB
MemAvailable:    7179400 kB
Buffers:            5936 kB
Cached:          4897572 kB
SwapCached:            0 kB
Active:          2896672 kB
Inactive:        3912644 kB
Active(anon):    1912184 kB
Inactive(anon):    27668 kB
Active(file):     984488 kB
Inactive(file):  3884976 kB
Unevictable:        5576 kB
Mlocked:            5576 kB
SwapTotal:       3145724 kB
SwapFree:        3145724 kB
Dirty:              2128 kB
Writeback:             0 kB
AnonPages:       1911208 kB
Mapped:           924108 kB
Shmem:             29508 kB
KReclaimable:     365744 kB
Slab:             232508 kB
SReclaimable:      87280 kB
SUnreclaim:       145228 kB
KernelStack:       47840 kB
PageTables:        67456 kB
NFS_Unstable:          0 kB
Bounce:                0 kB
WritebackTmp:          0 kB
CommitLimit:     9202292 kB
Committed_AS:   74460468 kB
VmallocTotal:   263061440 kB
VmallocUsed:      104880 kB
VmallocChunk:          0 kB
Percpu:             7552 kB
CmaTotal:         294912 kB
CmaFree:               0 kB
MemTotal:       12113140 kB
MemFree:         2754148 kB
MemAvailable:    7178896 kB
Buffers:            5936 kB
Cached:          4897576 kB
SwapCached:            0 kB
Active:          2896508 kB
Inactive:        3912648 kB
Active(anon):    1912020 kB
Inactive(anon):    27672 kB
Active(file):     984488 kB
Inactive(file):  3884976 kB
Unevictable:        5576 kB
Mlocked:            5576 kB
SwapTotal:       3145724 kB
SwapFree:        3145724 kB
Dirty:              2140 kB
Writeback:             0 kB
AnonPages:       1911360 kB
Mapped:           924116 kB
Shmem:             29512 kB
KReclaimable:     365744 kB
Slab:             232508 kB
SReclaimable:      87280 kB
SUnreclaim:       145228 kB
KernelStack:       47840 kB
PageTables:        67460 kB
NFS_Unstable:          0 kB
Bounce:                0 kB
WritebackTmp:          0 kB
CommitLimit:     9202292 kB
Committed_AS:   74460204 kB
VmallocTotal:   263061440 kB
VmallocUsed:      104896 kB
VmallocChunk:          0 kB
Percpu:             7552 kB
CmaTotal:         294912 kB
CmaFree:              24 kB
MemTotal:       12113140 kB
MemFree:         2773296 kB
MemAvailable:    7198044 kB
Buffers:            5936 kB
Cached:          4897584 kB
SwapCached:            0 kB
Active:          2877756 kB
Inactive:        3912648 kB
Active(anon):    1893260 kB
Inactive(anon):    27680 kB
Active(file):     984496 kB
Inactive(file):  3884968 kB
Unevictable:        5576 kB
Mlocked:            5576 kB
SwapTotal:       3145724 kB
SwapFree:        3145724 kB
Dirty:               580 kB
Writeback:             0 kB
AnonPages:       1892436 kB
Mapped:           924136 kB
Shmem:             29520 kB
KReclaimable:     365744 kB
Slab:             232508 kB
SReclaimable:      87280 kB
SUnreclaim:       145228 kB
KernelStack:       47840 kB
PageTables:        67472 kB
NFS_Unstable:          0 kB
Bounce:                0 kB
WritebackTmp:          0 kB
CommitLimit:     9202292 kB
Committed_AS:   74460464 kB
VmallocTotal:   263061440 kB
VmallocUsed:      104912 kB
VmallocChunk:          0 kB
Percpu:             7552 kB
CmaTotal:         294912 kB
CmaFree:               0 kB
MemTotal:       12113140 kB
MemFree:         2773284 kB
MemAvailable:    7198048 kB
Buffers:            5936 kB
Cached:          4897608 kB
SwapCached:            0 kB
Active:          2878184 kB
Inactive:        3912672 kB
Active(anon):    1893688 kB
Inactive(anon):    27688 kB
Active(file):     984496 kB
Inactive(file):  3884984 kB
Unevictable:        5576 kB
Mlocked:            5576 kB
SwapTotal:       3145724 kB
SwapFree:        3145724 kB
Dirty:               428 kB
Writeback:             0 kB
AnonPages:       1892900 kB
Mapped:           924156 kB
Shmem:             29528 kB
KReclaimable:     365744 kB
Slab:             232508 kB
SReclaimable:      87280 kB
SUnreclaim:       145228 kB
KernelStack:       47840 kB
PageTables:        67468 kB
NFS_Unstable:          0 kB
Bounce:                0 kB
WritebackTmp:          0 kB
CommitLimit:     9202292 kB
Committed_AS:   74455304 kB
VmallocTotal:   263061440 kB
VmallocUsed:      104880 kB
VmallocChunk:          0 kB
Percpu:             7552 kB
CmaTotal:         294912 kB
CmaFree:               0 kB
MemTotal:       12113140 kB
MemFree:         2772700 kB
MemAvailable:    7197592 kB
Buffers:            5936 kB
Cached:          4897736 kB
SwapCached:            0 kB
Active:          2877908 kB
Inactive:        3912796 kB
Active(anon):    1893408 kB
Inactive(anon):    27688 kB
Active(file):     984500 kB
Inactive(file):  3885108 kB
Unevictable:        5576 kB
Mlocked:            5576 kB
SwapTotal:       3145724 kB
SwapFree:        3145724 kB
Dirty:               584 kB
Writeback:             0 kB
AnonPages:       1892456 kB
Mapped:           924160 kB
Shmem:             29528 kB
KReclaimable:     365744 kB
Slab:             232508 kB
SReclaimable:      87280 kB
SUnreclaim:       145228 kB
KernelStack:       47840 kB
PageTables:        67460 kB
NFS_Unstable:          0 kB
Bounce:                0 kB
WritebackTmp:          0 kB
CommitLimit:     9202292 kB
Committed_AS:   74455240 kB
VmallocTotal:   263061440 kB
VmallocUsed:      104912 kB
VmallocChunk:          0 kB
Percpu:             7552 kB
CmaTotal:         294912 kB
CmaFree:               0 kB
MemTotal:       12113140 kB
MemFree:         2792160 kB
MemAvailable:    7204816 kB
Buffers:            5936 kB
Cached:          4897804 kB
SwapCached:            0 kB
Active:          2850576 kB
Inactive:        3912800 kB
Active(anon):    1866012 kB
Inactive(anon):    27688 kB
Active(file):     984564 kB
Inactive(file):  3885112 kB
Unevictable:        5576 kB
Mlocked:            5576 kB
SwapTotal:       3145724 kB
SwapFree:        3145724 kB
Dirty:               588 kB
Writeback:             0 kB
AnonPages:       1865240 kB
Mapped:           924180 kB
Shmem:             29528 kB
KReclaimable:     341132 kB
Slab:             232512 kB
SReclaimable:      87280 kB
SUnreclaim:       145232 kB
KernelStack:       47856 kB
PageTables:        67744 kB
NFS_Unstable:          0 kB
Bounce:                0 kB
WritebackTmp:          0 kB
CommitLimit:     9202292 kB
Committed_AS:   74450348 kB
VmallocTotal:   263061440 kB
VmallocUsed:      104896 kB
VmallocChunk:          0 kB
Percpu:             7552 kB
CmaTotal:         294912 kB
CmaFree:               0 kB
MemTotal:       12113140 kB
MemFree:         2793132 kB
MemAvailable:    7205916 kB
Buffers:            5936 kB
Cached:          4897936 kB
SwapCached:            0 kB
Active:          2851304 kB
Inactive:        3912932 kB
Active(anon):    1866740 kB
Inactive(anon):    27692 kB
Active(file):     984564 kB
Inactive(file):  3885240 kB
Unevictable:        5576 kB
Mlocked:            5576 kB
SwapTotal:       3145724 kB
SwapFree:        3145724 kB
Dirty:               716 kB
Writeback:             0 kB
AnonPages:       1865628 kB
Mapped:           924204 kB
Shmem:             29532 kB
KReclaimable:     341132 kB
Slab:             232508 kB
SReclaimable:      87280 kB
SUnreclaim:       145228 kB
KernelStack:       47808 kB
PageTables:        67608 kB
NFS_Unstable:          0 kB
Bounce:                0 kB
WritebackTmp:          0 kB
CommitLimit:     9202292 kB
Committed_AS:   74439416 kB
VmallocTotal:   263061440 kB
VmallocUsed:      104832 kB
VmallocChunk:          0 kB
Percpu:             7552 kB
CmaTotal:         294912 kB
CmaFree:               0 kB
MemTotal:       12113140 kB
MemFree:         2792376 kB
MemAvailable:    7205160 kB
Buffers:            5936 kB
Cached:          4897936 kB
SwapCached:            0 kB
Active:          2852324 kB
Inactive:        3912932 kB
Active(anon):    1867760 kB
Inactive(anon):    27692 kB
Active(file):     984564 kB
Inactive(file):  3885240 kB
Unevictable:        5576 kB
Mlocked:            5576 kB
SwapTotal:       3145724 kB
SwapFree:        3145724 kB
Dirty:               848 kB
Writeback:             0 kB
AnonPages:       1866868 kB
Mapped:           924212 kB
Shmem:             29532 kB
KReclaimable:     341132 kB
Slab:             232476 kB
SReclaimable:      87280 kB
SUnreclaim:       145196 kB
KernelStack:       47872 kB
PageTables:        67868 kB
NFS_Unstable:          0 kB
Bounce:                0 kB
WritebackTmp:          0 kB
CommitLimit:     9202292 kB
Committed_AS:   74434612 kB
VmallocTotal:   263061440 kB
VmallocUsed:      104848 kB
VmallocChunk:          0 kB
Percpu:             7552 kB
CmaTotal:         294912 kB
CmaFree:              20 kB
MemTotal:       12113140 kB
MemFree:         2791408 kB
MemAvailable:    7204200 kB
Buffers:            5940 kB
Cached:          4897940 kB
SwapCached:            0 kB
Active:          2851664 kB
Inactive:        3912936 kB
Active(anon):    1867096 kB
Inactive(anon):    27692 kB
Active(file):     984568 kB
Inactive(file):  3885244 kB
Unevictable:        5576 kB
Mlocked:            5576 kB
SwapTotal:       3145724 kB
SwapFree:        3145724 kB
Dirty:               852 kB
Writeback:             0 kB
AnonPages:       1866360 kB
Mapped:           924220 kB
Shmem:             29532 kB
KReclaimable:     341132 kB
Slab:             232476 kB
SReclaimable:      87280 kB
SUnreclaim:       145196 kB
KernelStack:       47840 kB
PageTables:        67616 kB
NFS_Unstable:          0 kB
Bounce:                0 kB
WritebackTmp:          0 kB
CommitLimit:     9202292 kB
Committed_AS:   74445140 kB
VmallocTotal:   263061440 kB
VmallocUsed:      104880 kB
VmallocChunk:          0 kB
Percpu:             7552 kB
CmaTotal:         294912 kB
CmaFree:               0 kB
MemTotal:       12113140 kB
MemFree:         2791524 kB
MemAvailable:    7204448 kB
Buffers:            5940 kB
Cached:          4898084 kB
SwapCached:            0 kB
Active:          2851840 kB
Inactive:        3913068 kB
Active(anon):    1867272 kB
Inactive(anon):    27692 kB
Active(file):     984568 kB
Inactive(file):  3885376 kB
Unevictable:        5576 kB
Mlocked:            5576 kB
SwapTotal:       3145724 kB
SwapFree:        3145724 kB
Dirty:               968 kB
Writeback:             0 kB
AnonPages:       1866536 kB
Mapped:           924228 kB
Shmem:             29532 kB
KReclaimable:     341132 kB
Slab:             232476 kB
SReclaimable:      87280 kB
SUnreclaim:       145196 kB
KernelStack:       47840 kB
PageTables:        67620 kB
NFS_Unstable:          0 kB
Bounce:                0 kB
WritebackTmp:          0 kB
CommitLimit:     9202292 kB
Committed_AS:   74450316 kB
VmallocTotal:   263061440 kB
VmallocUsed:      104880 kB
VmallocChunk:          0 kB
Percpu:             7552 kB
CmaTotal:         294912 kB
CmaFree:               0 kB
MemTotal:       12113140 kB
MemFree:         2790092 kB
MemAvailable:    7203028 kB
Buffers:            5940 kB
Cached:          4898096 kB
SwapCached:            0 kB
Active:          2852180 kB
Inactive:        3913092 kB
Active(anon):    1867612 kB
Inactive(anon):    27704 kB
Active(file):     984568 kB
Inactive(file):  3885388 kB
Unevictable:        5576 kB
Mlocked:            5576 kB
SwapTotal:       3145724 kB
SwapFree:        3145724 kB
Dirty:               980 kB
Writeback:             0 kB
AnonPages:       1866876 kB
Mapped:           924248 kB
Shmem:             29544 kB
KReclaimable:     341132 kB
Slab:             232476 kB
SReclaimable:      87280 kB
SUnreclaim:       145196 kB
KernelStack:       47856 kB
PageTables:        67736 kB
NFS_Unstable:          0 kB
Bounce:                0 kB
WritebackTmp:          0 kB
CommitLimit:     9202292 kB
Committed_AS:   74445360 kB
VmallocTotal:   263061440 kB
VmallocUsed:      104896 kB
VmallocChunk:          0 kB
Percpu:             7552 kB
CmaTotal:         294912 kB
CmaFree:               0 kB
MemTotal:       12113140 kB
MemFree:         2789644 kB
MemAvailable:    7202580 kB
Buffers:            5940 kB
Cached:          4898100 kB
SwapCached:            0 kB
Active:          2852148 kB
Inactive:        3913096 kB
Active(anon):    1867580 kB
Inactive(anon):    27708 kB
Active(file):     984568 kB
Inactive(file):  3885388 kB
Unevictable:        5576 kB
Mlocked:            5576 kB
SwapTotal:       3145724 kB
SwapFree:        3145724 kB
Dirty:               980 kB
Writeback:             0 kB
AnonPages:       1866928 kB
Mapped:           924324 kB
Shmem:             29548 kB
KReclaimable:     341132 kB
Slab:             232476 kB
SReclaimable:      87280 kB
SUnreclaim:       145196 kB
KernelStack:       47840 kB
PageTables:        67608 kB
NFS_Unstable:          0 kB
Bounce:                0 kB
WritebackTmp:          0 kB
CommitLimit:     9202292 kB
Committed_AS:   74450340 kB
VmallocTotal:   263061440 kB
VmallocUsed:      104896 kB
VmallocChunk:          0 kB
Percpu:             7552 kB
CmaTotal:         294912 kB
CmaFree:               0 kB
MemTotal:       12113140 kB
MemFree:         2716024 kB
MemAvailable:    7264404 kB
Buffers:            5940 kB
Cached:          4898228 kB
SwapCached:            0 kB
Active:          2970692 kB
Inactive:        3870344 kB
Active(anon):    1943244 kB
Inactive(anon):    27708 kB
Active(file):    1027448 kB
Inactive(file):  3842636 kB
Unevictable:        5576 kB
Mlocked:            5576 kB
SwapTotal:       3145724 kB
SwapFree:        3145724 kB
Dirty:              1108 kB
Writeback:             0 kB
AnonPages:       1942848 kB
Mapped:           922436 kB
Shmem:             29548 kB
KReclaimable:     547000 kB
Slab:             232500 kB
SReclaimable:      87312 kB
SUnreclaim:       145188 kB
KernelStack:       47856 kB
PageTables:        67588 kB
NFS_Unstable:          0 kB
Bounce:                0 kB
WritebackTmp:          0 kB
CommitLimit:     9202292 kB
Committed_AS:   74520904 kB
VmallocTotal:   263061440 kB
VmallocUsed:      104896 kB
VmallocChunk:          0 kB
Percpu:             7552 kB
CmaTotal:         294912 kB
CmaFree:               0 kB
MemTotal:       12113140 kB
MemFree:         2790404 kB
MemAvailable:    7217700 kB
Buffers:            5940 kB
Cached:          4898228 kB
SwapCached:            0 kB
Active:          2918532 kB
Inactive:        3847616 kB
Active(anon):    1868356 kB
Inactive(anon):    27708 kB
Active(file):    1050176 kB
Inactive(file):  3819908 kB
Unevictable:        5576 kB
Mlocked:            5576 kB
SwapTotal:       3145724 kB
SwapFree:        3145724 kB
Dirty:              1120 kB
Writeback:             0 kB
AnonPages:       1867752 kB
Mapped:           924980 kB
Shmem:             29548 kB
KReclaimable:     369596 kB
Slab:             232508 kB
SReclaimable:      87320 kB
SUnreclaim:       145188 kB
KernelStack:       47888 kB
PageTables:        67624 kB
NFS_Unstable:          0 kB
Bounce:                0 kB
WritebackTmp:          0 kB
CommitLimit:     9202292 kB
Committed_AS:   74448052 kB
VmallocTotal:   263061440 kB
VmallocUsed:      104880 kB
VmallocChunk:          0 kB
Percpu:             7552 kB
CmaTotal:         294912 kB
CmaFree:               0 kB
MemTotal:       12113140 kB
MemFree:         2790348 kB
MemAvailable:    7217644 kB
Buffers:            5940 kB
Cached:          4898296 kB
SwapCached:            0 kB
Active:          2918360 kB
Inactive:        3847676 kB
Active(anon):    1868176 kB
Inactive(anon):    27708 kB
Active(file):    1050184 kB
Inactive(file):  3819968 kB
Unevictable:        5576 kB
Mlocked:            5576 kB
SwapTotal:       3145724 kB
SwapFree:        3145724 kB
Dirty:              1124 kB
Writeback:             0 kB
AnonPages:       1867160 kB
Mapped:           925080 kB
Shmem:             29548 kB
KReclaimable:     369460 kB
Slab:             232504 kB
SReclaimable:      87320 kB
SUnreclaim:       145184 kB
KernelStack:       47904 kB
PageTables:        67752 kB
NFS_Unstable:          0 kB
Bounce:                0 kB
WritebackTmp:          0 kB
CommitLimit:     9202292 kB
Committed_AS:   74446148 kB
VmallocTotal:   263061440 kB
VmallocUsed:      104912 kB
VmallocChunk:          0 kB
Percpu:             7552 kB
CmaTotal:         294912 kB
CmaFree:               0 kB
MemTotal:       12113140 kB
MemFree:         2789308 kB
MemAvailable:    7216732 kB
Buffers:            5940 kB
Cached:          4898424 kB
SwapCached:            0 kB
Active:          2918476 kB
Inactive:        3847804 kB
Active(anon):    1868292 kB
Inactive(anon):    27708 kB
Active(file):    1050184 kB
Inactive(file):  3820096 kB
Unevictable:        5576 kB
Mlocked:            5576 kB
SwapTotal:       3145724 kB
SwapFree:        3145724 kB
Dirty:              1252 kB
Writeback:             0 kB
AnonPages:       1867600 kB
Mapped:           925080 kB
Shmem:             29548 kB
KReclaimable:     369460 kB
Slab:             232504 kB
SReclaimable:      87320 kB
SUnreclaim:       145184 kB
KernelStack:       47904 kB
PageTables:        67820 kB
NFS_Unstable:          0 kB
Bounce:                0 kB
WritebackTmp:          0 kB
CommitLimit:     9202292 kB
Committed_AS:   74444192 kB
VmallocTotal:   263061440 kB
VmallocUsed:      104912 kB
VmallocChunk:          0 kB
Percpu:             7552 kB
CmaTotal:         294912 kB
CmaFree:               0 kB
MemTotal:       12113140 kB
MemFree:         2789692 kB
MemAvailable:    7217272 kB
Buffers:            5940 kB
Cached:          4898584 kB
SwapCached:            0 kB
Active:          2918660 kB
Inactive:        3847896 kB
Active(anon):    1868408 kB
Inactive(anon):    27708 kB
Active(file):    1050252 kB
Inactive(file):  3820188 kB
Unevictable:        5576 kB
Mlocked:            5576 kB
SwapTotal:       3145724 kB
SwapFree:        3145724 kB
Dirty:              4136 kB
Writeback:             0 kB
AnonPages:       1867024 kB
Mapped:           925080 kB
Shmem:             29548 kB
KReclaimable:     369452 kB
Slab:             232496 kB
SReclaimable:      87312 kB
SUnreclaim:       145184 kB
KernelStack:       47824 kB
PageTables:        67492 kB
NFS_Unstable:          0 kB
Bounce:                0 kB
WritebackTmp:          0 kB
CommitLimit:     9202292 kB
Committed_AS:   74441564 kB
VmallocTotal:   263061440 kB
VmallocUsed:      104832 kB
