MemTotal:       12113132 kB
MemFree:         6384980 kB
MemAvailable:    8092560 kB
Buffers:            6292 kB
Cached:          1899360 kB
SwapCached:            0 kB
Active:          1510580 kB
Inactive:        1654700 kB
Active(anon):    1266088 kB
Inactive(anon):    25908 kB
Active(file):     244492 kB
Inactive(file):  1628792 kB
Unevictable:        5552 kB
Mlocked:            5552 kB
SwapTotal:       3145724 kB
SwapFree:        3145724 kB
Dirty:               332 kB
Writeback:             0 kB
AnonPages:       1265108 kB
Mapped:           866116 kB
Shmem:             27868 kB
KReclaimable:     703000 kB
Slab:             224584 kB
SReclaimable:      79920 kB
SUnreclaim:       144664 kB
KernelStack:       46400 kB
PageTables:        62904 kB
NFS_Unstable:          0 kB
Bounce:                0 kB
WritebackTmp:          0 kB
CommitLimit:     9202288 kB
Committed_AS:   66050844 kB
VmallocTotal:   263061440 kB
VmallocUsed:      103340 kB
VmallocChunk:          0 kB
Percpu:             7648 kB
CmaTotal:         294912 kB
CmaFree:               0 kB
MemTotal:       12113132 kB
MemFree:         6385196 kB
MemAvailable:    8092824 kB
Buffers:            6292 kB
Cached:          1899408 kB
SwapCached:            0 kB
Active:          1511320 kB
Inactive:        1654728 kB
Active(anon):    1266808 kB
Inactive(anon):    25908 kB
Active(file):     244512 kB
Inactive(file):  1628820 kB
Unevictable:        5552 kB
Mlocked:            5552 kB
SwapTotal:       3145724 kB
SwapFree:        3145724 kB
Dirty:               380 kB
Writeback:             0 kB
AnonPages:       1265852 kB
Mapped:           865996 kB
Shmem:             27868 kB
KReclaimable:     703000 kB
Slab:             224592 kB
SReclaimable:      79920 kB
SUnreclaim:       144672 kB
KernelStack:       46416 kB
PageTables:        63044 kB
NFS_Unstable:          0 kB
Bounce:                0 kB
WritebackTmp:          0 kB
CommitLimit:     9202288 kB
Committed_AS:   66050164 kB
VmallocTotal:   263061440 kB
VmallocUsed:      103356 kB
VmallocChunk:          0 kB
Percpu:             7648 kB
CmaTotal:         294912 kB
CmaFree:              28 kB
MemTotal:       12113132 kB
MemFree:         6394044 kB
MemAvailable:    8102780 kB
Buffers:            6292 kB
Cached:          1899320 kB
SwapCached:            0 kB
Active:          1501192 kB
Inactive:        1654660 kB
Active(anon):    1256684 kB
Inactive(anon):    25852 kB
Active(file):     244508 kB
Inactive(file):  1628808 kB
Unevictable:        5552 kB
Mlocked:            5552 kB
SwapTotal:       3145724 kB
SwapFree:        3145724 kB
Dirty:               372 kB
Writeback:             0 kB
AnonPages:       1256024 kB
Mapped:           852616 kB
Shmem:             27796 kB
KReclaimable:     704124 kB
Slab:             224572 kB
SReclaimable:      79920 kB
SUnreclaim:       144652 kB
KernelStack:       46400 kB
PageTables:        62872 kB
NFS_Unstable:          0 kB
Bounce:                0 kB
WritebackTmp:          0 kB
CommitLimit:     9202288 kB
Committed_AS:   66049556 kB
VmallocTotal:   263061440 kB
VmallocUsed:      103356 kB
VmallocChunk:          0 kB
Percpu:             7648 kB
CmaTotal:         294912 kB
CmaFree:               0 kB
MemTotal:       12113132 kB
MemFree:         6394092 kB
MemAvailable:    8102892 kB
Buffers:            6292 kB
Cached:          1899336 kB
SwapCached:            0 kB
Active:          1501084 kB
Inactive:        1654664 kB
Active(anon):    1256564 kB
Inactive(anon):    25804 kB
Active(file):     244520 kB
Inactive(file):  1628860 kB
Unevictable:        5552 kB
Mlocked:            5552 kB
SwapTotal:       3145724 kB
SwapFree:        3145724 kB
Dirty:               448 kB
Writeback:             0 kB
AnonPages:       1255828 kB
Mapped:           852596 kB
Shmem:             27748 kB
KReclaimable:     704124 kB
Slab:             224580 kB
SReclaimable:      79920 kB
SUnreclaim:       144660 kB
KernelStack:       46416 kB
PageTables:        63036 kB
NFS_Unstable:          0 kB
Bounce:                0 kB
WritebackTmp:          0 kB
CommitLimit:     9202288 kB
Committed_AS:   66055068 kB
VmallocTotal:   263061440 kB
VmallocUsed:      103340 kB
VmallocChunk:          0 kB
Percpu:             7648 kB
CmaTotal:         294912 kB
CmaFree:             100 kB
MemTotal:       12113132 kB
MemFree:         6391188 kB
MemAvailable:    8099968 kB
Buffers:            6300 kB
Cached:          1899308 kB
SwapCached:            0 kB
Active:          1503732 kB
Inactive:        1654648 kB
Active(anon):    1259216 kB
Inactive(anon):    25804 kB
Active(file):     244516 kB
Inactive(file):  1628844 kB
Unevictable:        5552 kB
Mlocked:            5552 kB
SwapTotal:       3145724 kB
SwapFree:        3145724 kB
Dirty:               456 kB
Writeback:             0 kB
AnonPages:       1258008 kB
Mapped:           852560 kB
Shmem:             27748 kB
KReclaimable:     704124 kB
Slab:             224588 kB
SReclaimable:      79920 kB
SUnreclaim:       144668 kB
KernelStack:       46400 kB
PageTables:        63208 kB
NFS_Unstable:          0 kB
Bounce:                0 kB
WritebackTmp:          0 kB
CommitLimit:     9202288 kB
Committed_AS:   66049288 kB
VmallocTotal:   263061440 kB
VmallocUsed:      103356 kB
VmallocChunk:          0 kB
Percpu:             7648 kB
CmaTotal:         294912 kB
CmaFree:               0 kB
MemTotal:       12113132 kB
MemFree:         6393624 kB
MemAvailable:    8102500 kB
Buffers:            6300 kB
Cached:          1899340 kB
SwapCached:            0 kB
Active:          1503380 kB
Inactive:        1654672 kB
Active(anon):    1258856 kB
Inactive(anon):    25792 kB
Active(file):     244524 kB
Inactive(file):  1628880 kB
Unevictable:        5552 kB
Mlocked:            5552 kB
SwapTotal:       3145724 kB
SwapFree:        3145724 kB
Dirty:               516 kB
Writeback:             0 kB
AnonPages:       1257404 kB
Mapped:           852476 kB
Shmem:             27736 kB
KReclaimable:     704176 kB
Slab:             224608 kB
SReclaimable:      79972 kB
SUnreclaim:       144636 kB
KernelStack:       46416 kB
PageTables:        63212 kB
NFS_Unstable:          0 kB
Bounce:                0 kB
WritebackTmp:          0 kB
CommitLimit:     9202288 kB
Committed_AS:   66064792 kB
VmallocTotal:   263061440 kB
VmallocUsed:      103324 kB
VmallocChunk:          0 kB
Percpu:             7648 kB
CmaTotal:         294912 kB
CmaFree:             136 kB
MemTotal:       12113132 kB
MemFree:         6391392 kB
MemAvailable:    8100276 kB
Buffers:            6300 kB
Cached:          1899360 kB
SwapCached:            0 kB
Active:          1503956 kB
Inactive:        1654692 kB
Active(anon):    1259432 kB
Inactive(anon):    25804 kB
Active(file):     244524 kB
Inactive(file):  1628888 kB
Unevictable:        5552 kB
Mlocked:            5552 kB
SwapTotal:       3145724 kB
SwapFree:        3145724 kB
Dirty:               536 kB
Writeback:             0 kB
AnonPages:       1258564 kB
Mapped:           852416 kB
Shmem:             27748 kB
KReclaimable:     704176 kB
Slab:             224640 kB
SReclaimable:      79972 kB
SUnreclaim:       144668 kB
KernelStack:       46416 kB
PageTables:        62776 kB
NFS_Unstable:          0 kB
Bounce:                0 kB
WritebackTmp:          0 kB
CommitLimit:     9202288 kB
Committed_AS:   66060848 kB
VmallocTotal:   263061440 kB
VmallocUsed:      103324 kB
VmallocChunk:          0 kB
Percpu:             7648 kB
CmaTotal:         294912 kB
CmaFree:               0 kB
MemTotal:       12113132 kB
MemFree:         6391408 kB
MemAvailable:    8100300 kB
Buffers:            6300 kB
Cached:          1899376 kB
SwapCached:            0 kB
Active:          1504240 kB
Inactive:        1654708 kB
Active(anon):    1259716 kB
Inactive(anon):    25812 kB
Active(file):     244524 kB
Inactive(file):  1628896 kB
Unevictable:        5552 kB
Mlocked:            5552 kB
SwapTotal:       3145724 kB
SwapFree:        3145724 kB
Dirty:               544 kB
Writeback:             0 kB
AnonPages:       1258592 kB
Mapped:           852512 kB
Shmem:             27756 kB
KReclaimable:     704176 kB
Slab:             224624 kB
SReclaimable:      79972 kB
SUnreclaim:       144652 kB
KernelStack:       46416 kB
PageTables:        62876 kB
NFS_Unstable:          0 kB
Bounce:                0 kB
WritebackTmp:          0 kB
CommitLimit:     9202288 kB
Committed_AS:   66061128 kB
VmallocTotal:   263061440 kB
VmallocUsed:      103308 kB
VmallocChunk:          0 kB
Percpu:             7648 kB
CmaTotal:         294912 kB
CmaFree:               0 kB
MemTotal:       12113132 kB
MemFree:         6432568 kB
MemAvailable:    8141460 kB
Buffers:            6300 kB
Cached:          1899376 kB
SwapCached:            0 kB
Active:          1463500 kB
Inactive:        1654712 kB
Active(anon):    1218980 kB
Inactive(anon):    25812 kB
Active(file):     244520 kB
Inactive(file):  1628900 kB
Unevictable:        5552 kB
Mlocked:            5552 kB
SwapTotal:       3145724 kB
SwapFree:        3145724 kB
Dirty:               540 kB
Writeback:             0 kB
AnonPages:       1218456 kB
Mapped:           852516 kB
Shmem:             27756 kB
KReclaimable:     704176 kB
Slab:             224640 kB
SReclaimable:      79972 kB
SUnreclaim:       144668 kB
KernelStack:       46400 kB
PageTables:        62752 kB
NFS_Unstable:          0 kB
Bounce:                0 kB
WritebackTmp:          0 kB
CommitLimit:     9202288 kB
Committed_AS:   66060796 kB
VmallocTotal:   263061440 kB
VmallocUsed:      103340 kB
VmallocChunk:          0 kB
Percpu:             7648 kB
CmaTotal:         294912 kB
CmaFree:               0 kB
MemTotal:       12113132 kB
MemFree:         6434492 kB
MemAvailable:    8143408 kB
Buffers:            6300 kB
Cached:          1899400 kB
SwapCached:            0 kB
Active:          1463696 kB
Inactive:        1654732 kB
Active(anon):    1219172 kB
Inactive(anon):    25812 kB
Active(file):     244524 kB
Inactive(file):  1628920 kB
Unevictable:        5552 kB
Mlocked:            5552 kB
SwapTotal:       3145724 kB
SwapFree:        3145724 kB
Dirty:               588 kB
Writeback:             0 kB
AnonPages:       1218440 kB
Mapped:           852704 kB
Shmem:             27756 kB
KReclaimable:     704176 kB
Slab:             224632 kB
SReclaimable:      79972 kB
SUnreclaim:       144660 kB
KernelStack:       46432 kB
PageTables:        62704 kB
NFS_Unstable:          0 kB
Bounce:                0 kB
WritebackTmp:          0 kB
CommitLimit:     9202288 kB
Committed_AS:   66065700 kB
VmallocTotal:   263061440 kB
VmallocUsed:      103340 kB
VmallocChunk:          0 kB
Percpu:             7648 kB
CmaTotal:         294912 kB
CmaFree:               0 kB
MemTotal:       12113132 kB
MemFree:         6433284 kB
MemAvailable:    8142188 kB
Buffers:            6300 kB
Cached:          1899388 kB
SwapCached:            0 kB
Active:          1463560 kB
Inactive:        1654724 kB
Active(anon):    1219040 kB
Inactive(anon):    25812 kB
Active(file):     244520 kB
Inactive(file):  1628912 kB
Unevictable:        5552 kB
Mlocked:            5552 kB
SwapTotal:       3145724 kB
SwapFree:        3145724 kB
Dirty:               600 kB
Writeback:             0 kB
AnonPages:       1218120 kB
Mapped:           852640 kB
Shmem:             27756 kB
KReclaimable:     704176 kB
Slab:             224616 kB
SReclaimable:      79972 kB
SUnreclaim:       144644 kB
KernelStack:       46400 kB
PageTables:        62896 kB
NFS_Unstable:          0 kB
Bounce:                0 kB
WritebackTmp:          0 kB
CommitLimit:     9202288 kB
Committed_AS:   66061772 kB
VmallocTotal:   263061440 kB
VmallocUsed:      103340 kB
VmallocChunk:          0 kB
Percpu:             7648 kB
CmaTotal:         294912 kB
CmaFree:               0 kB
MemTotal:       12113132 kB
MemFree:         6431304 kB
MemAvailable:    8140240 kB
Buffers:            6300 kB
Cached:          1899420 kB
SwapCached:            0 kB
Active:          1464292 kB
Inactive:        1654752 kB
Active(anon):    1219768 kB
Inactive(anon):    25812 kB
Active(file):     244524 kB
Inactive(file):  1628940 kB
Unevictable:        5552 kB
Mlocked:            5552 kB
SwapTotal:       3145724 kB
SwapFree:        3145724 kB
Dirty:               608 kB
Writeback:             0 kB
AnonPages:       1218868 kB
Mapped:           852476 kB
Shmem:             27756 kB
KReclaimable:     704176 kB
Slab:             224624 kB
SReclaimable:      79972 kB
SUnreclaim:       144652 kB
KernelStack:       46416 kB
PageTables:        63040 kB
NFS_Unstable:          0 kB
Bounce:                0 kB
WritebackTmp:          0 kB
CommitLimit:     9202288 kB
Committed_AS:   66066116 kB
VmallocTotal:   263061440 kB
VmallocUsed:      103340 kB
VmallocChunk:          0 kB
Percpu:             7648 kB
CmaTotal:         294912 kB
CmaFree:              72 kB
MemTotal:       12113132 kB
MemFree:         6429828 kB
MemAvailable:    8138780 kB
Buffers:            6300 kB
Cached:          1899436 kB
SwapCached:            0 kB
Active:          1465164 kB
Inactive:        1654768 kB
Active(anon):    1220640 kB
Inactive(anon):    25812 kB
Active(file):     244524 kB
Inactive(file):  1628956 kB
Unevictable:        5552 kB
Mlocked:            5552 kB
SwapTotal:       3145724 kB
SwapFree:        3145724 kB
Dirty:               672 kB
Writeback:             0 kB
AnonPages:       1219660 kB
Mapped:           852512 kB
Shmem:             27756 kB
KReclaimable:     704176 kB
Slab:             224600 kB
SReclaimable:      79972 kB
SUnreclaim:       144628 kB
KernelStack:       46416 kB
PageTables:        63088 kB
NFS_Unstable:          0 kB
Bounce:                0 kB
WritebackTmp:          0 kB
CommitLimit:     9202288 kB
Committed_AS:   66065940 kB
VmallocTotal:   263061440 kB
VmallocUsed:      103372 kB
VmallocChunk:          0 kB
Percpu:             7648 kB
CmaTotal:         294912 kB
CmaFree:               0 kB
MemTotal:       12113132 kB
MemFree:         6429392 kB
MemAvailable:    8138352 kB
Buffers:            6300 kB
Cached:          1899444 kB
SwapCached:            0 kB
Active:          1465804 kB
Inactive:        1654776 kB
Active(anon):    1221280 kB
Inactive(anon):    25812 kB
Active(file):     244524 kB
Inactive(file):  1628964 kB
Unevictable:        5552 kB
Mlocked:            5552 kB
SwapTotal:       3145724 kB
SwapFree:        3145724 kB
Dirty:               692 kB
Writeback:             0 kB
AnonPages:       1220444 kB
Mapped:           852640 kB
Shmem:             27756 kB
KReclaimable:     704176 kB
Slab:             224632 kB
SReclaimable:      79972 kB
SUnreclaim:       144660 kB
KernelStack:       46416 kB
PageTables:        62776 kB
NFS_Unstable:          0 kB
Bounce:                0 kB
WritebackTmp:          0 kB
CommitLimit:     9202288 kB
Committed_AS:   66066400 kB
VmallocTotal:   263061440 kB
VmallocUsed:      103356 kB
VmallocChunk:          0 kB
Percpu:             7648 kB
CmaTotal:         294912 kB
CmaFree:               0 kB
MemTotal:       12113132 kB
MemFree:         6429368 kB
MemAvailable:    8138376 kB
Buffers:            6300 kB
Cached:          1899492 kB
SwapCached:            0 kB
Active:          1466708 kB
Inactive:        1654820 kB
Active(anon):    1222180 kB
Inactive(anon):    25812 kB
Active(file):     244528 kB
Inactive(file):  1629008 kB
Unevictable:        5552 kB
Mlocked:            5552 kB
SwapTotal:       3145724 kB
SwapFree:        3145724 kB
Dirty:               724 kB
Writeback:             4 kB
AnonPages:       1221648 kB
Mapped:           852512 kB
Shmem:             27756 kB
KReclaimable:     704176 kB
Slab:             224632 kB
SReclaimable:      79972 kB
SUnreclaim:       144660 kB
KernelStack:       46384 kB
PageTables:        62892 kB
NFS_Unstable:          0 kB
Bounce:                0 kB
WritebackTmp:          0 kB
CommitLimit:     9202288 kB
Committed_AS:   66064708 kB
VmallocTotal:   263061440 kB
VmallocUsed:      103372 kB
VmallocChunk:          0 kB
Percpu:             7648 kB
CmaTotal:         294912 kB
CmaFree:               0 kB
MemTotal:       12113132 kB
MemFree:         6428192 kB
MemAvailable:    8137176 kB
Buffers:            6300 kB
Cached:          1899468 kB
SwapCached:            0 kB
Active:          1467640 kB
Inactive:        1654800 kB
Active(anon):    1223116 kB
Inactive(anon):    25812 kB
Active(file):     244524 kB
Inactive(file):  1628988 kB
Unevictable:        5552 kB
Mlocked:            5552 kB
SwapTotal:       3145724 kB
SwapFree:        3145724 kB
Dirty:               732 kB
Writeback:             0 kB
AnonPages:       1222024 kB
Mapped:           852668 kB
Shmem:             27756 kB
KReclaimable:     704176 kB
Slab:             224624 kB
SReclaimable:      79972 kB
SUnreclaim:       144652 kB
KernelStack:       46420 kB
PageTables:        63156 kB
NFS_Unstable:          0 kB
Bounce:                0 kB
WritebackTmp:          0 kB
CommitLimit:     9202288 kB
Committed_AS:   66061076 kB
VmallocTotal:   263061440 kB
VmallocUsed:      103388 kB
VmallocChunk:          0 kB
Percpu:             7648 kB
CmaTotal:         294912 kB
CmaFree:               0 kB
MemTotal:       12113132 kB
MemFree:         6427960 kB
MemAvailable:    8136976 kB
Buffers:            6300 kB
Cached:          1899500 kB
SwapCached:            0 kB
Active:          1468456 kB
Inactive:        1654828 kB
Active(anon):    1223928 kB
Inactive(anon):    25812 kB
Active(file):     244528 kB
Inactive(file):  1629016 kB
Unevictable:        5552 kB
Mlocked:            5552 kB
SwapTotal:       3145724 kB
SwapFree:        3145724 kB
Dirty:               768 kB
Writeback:             0 kB
AnonPages:       1223280 kB
Mapped:           852512 kB
Shmem:             27756 kB
KReclaimable:     704176 kB
Slab:             224608 kB
SReclaimable:      79972 kB
SUnreclaim:       144636 kB
KernelStack:       46352 kB
PageTables:        62872 kB
NFS_Unstable:          0 kB
Bounce:                0 kB
WritebackTmp:          0 kB
CommitLimit:     9202288 kB
Committed_AS:   66070956 kB
VmallocTotal:   263061440 kB
VmallocUsed:      103388 kB
VmallocChunk:          0 kB
Percpu:             7648 kB
CmaTotal:         294912 kB
CmaFree:               0 kB
MemTotal:       12113132 kB
MemFree:         6428008 kB
MemAvailable:    8137024 kB
Buffers:            6300 kB
Cached:          1899500 kB
SwapCached:            0 kB
Active:          1468652 kB
Inactive:        1654832 kB
Active(anon):    1224128 kB
Inactive(anon):    25812 kB
Active(file):     244524 kB
Inactive(file):  1629020 kB
Unevictable:        5552 kB
Mlocked:            5552 kB
SwapTotal:       3145724 kB
SwapFree:        3145724 kB
Dirty:               772 kB
Writeback:             0 kB
AnonPages:       1223272 kB
Mapped:           852512 kB
Shmem:             27756 kB
KReclaimable:     704176 kB
Slab:             224632 kB
SReclaimable:      79972 kB
SUnreclaim:       144660 kB
KernelStack:       46384 kB
PageTables:        62720 kB
NFS_Unstable:          0 kB
Bounce:                0 kB
WritebackTmp:          0 kB
CommitLimit:     9202288 kB
Committed_AS:   66064824 kB
VmallocTotal:   263061440 kB
VmallocUsed:      103356 kB
VmallocChunk:          0 kB
Percpu:             7648 kB
CmaTotal:         294912 kB
CmaFree:               0 kB
MemTotal:       12113132 kB
MemFree:         6425444 kB
MemAvailable:    8134468 kB
Buffers:            6300 kB
Cached:          1899508 kB
SwapCached:            0 kB
Active:          1469324 kB
Inactive:        1654840 kB
Active(anon):    1224800 kB
Inactive(anon):    25812 kB
Active(file):     244524 kB
Inactive(file):  1629028 kB
Unevictable:        5552 kB
Mlocked:            5552 kB
SwapTotal:       3145724 kB
SwapFree:        3145724 kB
Dirty:               780 kB
Writeback:             0 kB
AnonPages:       1223940 kB
Mapped:           852460 kB
Shmem:             27756 kB
KReclaimable:     704176 kB
Slab:             224624 kB
SReclaimable:      79972 kB
SUnreclaim:       144652 kB
KernelStack:       46400 kB
PageTables:        63036 kB
NFS_Unstable:          0 kB
Bounce:                0 kB
WritebackTmp:          0 kB
CommitLimit:     9202288 kB
Committed_AS:   66064312 kB
VmallocTotal:   263061440 kB
VmallocUsed:      103356 kB
VmallocChunk:          0 kB
Percpu:             7648 kB
CmaTotal:         294912 kB
CmaFree:               0 kB
MemTotal:       12113132 kB
MemFree:         6425136 kB
MemAvailable:    8134196 kB
Buffers:            6304 kB
Cached:          1899544 kB
SwapCached:            0 kB
Active:          1469492 kB
Inactive:        1654876 kB
Active(anon):    1224964 kB
Inactive(anon):    25816 kB
Active(file):     244528 kB
Inactive(file):  1629060 kB
Unevictable:        5552 kB
Mlocked:            5552 kB
SwapTotal:       3145724 kB
SwapFree:        3145724 kB
Dirty:               524 kB
Writeback:             0 kB
AnonPages:       1224084 kB
Mapped:           852516 kB
Shmem:             27760 kB
KReclaimable:     704176 kB
Slab:             224628 kB
SReclaimable:      79972 kB
SUnreclaim:       144656 kB
KernelStack:       46368 kB
PageTables:        62836 kB
NFS_Unstable:          0 kB
Bounce:                0 kB
WritebackTmp:          0 kB
CommitLimit:     9202288 kB
Committed_AS:   66070664 kB
VmallocTotal:   263061440 kB
VmallocUsed:      103372 kB
VmallocChunk:          0 kB
Percpu:             7648 kB
CmaTotal:         294912 kB
CmaFree:               0 kB
MemTotal:       12113132 kB
MemFree:         6426084 kB
MemAvailable:    8135132 kB
Buffers:            6304 kB
Cached:          1899532 kB
SwapCached:            0 kB
Active:          1468896 kB
Inactive:        1654868 kB
Active(anon):    1224372 kB
Inactive(anon):    25816 kB
Active(file):     244524 kB
Inactive(file):  1629052 kB
Unevictable:        5552 kB
Mlocked:            5552 kB
SwapTotal:       3145724 kB
SwapFree:        3145724 kB
Dirty:               532 kB
Writeback:             0 kB
AnonPages:       1223448 kB
Mapped:           852516 kB
Shmem:             27760 kB
KReclaimable:     704176 kB
Slab:             224612 kB
SReclaimable:      79972 kB
SUnreclaim:       144640 kB
KernelStack:       46368 kB
PageTables:        62764 kB
NFS_Unstable:          0 kB
Bounce:                0 kB
WritebackTmp:          0 kB
CommitLimit:     9202288 kB
Committed_AS:   66056736 kB
VmallocTotal:   263061440 kB
VmallocUsed:      103324 kB
VmallocChunk:          0 kB
Percpu:             7648 kB
CmaTotal:         294912 kB
CmaFree:               0 kB
MemTotal:       12113132 kB
MemFree:         6424224 kB
MemAvailable:    8133308 kB
Buffers:            6304 kB
Cached:          1899568 kB
SwapCached:            0 kB
Active:          1469932 kB
Inactive:        1654900 kB
Active(anon):    1225404 kB
Inactive(anon):    25816 kB
Active(file):     244528 kB
Inactive(file):  1629084 kB
Unevictable:        5552 kB
Mlocked:            5552 kB
SwapTotal:       3145724 kB
SwapFree:        3145724 kB
Dirty:               576 kB
Writeback:             0 kB
AnonPages:       1224124 kB
Mapped:           852512 kB
Shmem:             27760 kB
KReclaimable:     704176 kB
Slab:             224668 kB
SReclaimable:      79972 kB
SUnreclaim:       144696 kB
KernelStack:       46384 kB
PageTables:        62816 kB
NFS_Unstable:          0 kB
Bounce:                0 kB
WritebackTmp:          0 kB
CommitLimit:     9202288 kB
Committed_AS:   66062032 kB
VmallocTotal:   263061440 kB
VmallocUsed:      103356 kB
VmallocChunk:          0 kB
Percpu:             7648 kB
CmaTotal:         294912 kB
CmaFree:               0 kB
MemTotal:       12113132 kB
MemFree:         6425656 kB
MemAvailable:    8134752 kB
Buffers:            6304 kB
Cached:          1899580 kB
SwapCached:            0 kB
Active:          1470648 kB
Inactive:        1654912 kB
Active(anon):    1226120 kB
Inactive(anon):    25816 kB
Active(file):     244528 kB
Inactive(file):  1629096 kB
Unevictable:        5552 kB
Mlocked:            5552 kB
SwapTotal:       3145724 kB
SwapFree:        3145724 kB
Dirty:               620 kB
Writeback:             0 kB
AnonPages:       1224924 kB
Mapped:           852640 kB
Shmem:             27760 kB
KReclaimable:     704176 kB
Slab:             224628 kB
SReclaimable:      79972 kB
SUnreclaim:       144656 kB
KernelStack:       46432 kB
PageTables:        63000 kB
NFS_Unstable:          0 kB
Bounce:                0 kB
WritebackTmp:          0 kB
CommitLimit:     9202288 kB
Committed_AS:   66057356 kB
VmallocTotal:   263061440 kB
VmallocUsed:      103388 kB
VmallocChunk:          0 kB
Percpu:             7648 kB
CmaTotal:         294912 kB
CmaFree:               0 kB
MemTotal:       12113132 kB
MemFree:         6424012 kB
MemAvailable:    8133108 kB
Buffers:            6304 kB
Cached:          1899580 kB
SwapCached:            0 kB
Active:          1471432 kB
Inactive:        1654920 kB
Active(anon):    1226912 kB
Inactive(anon):    25816 kB
Active(file):     244520 kB
Inactive(file):  1629104 kB
Unevictable:        5552 kB
Mlocked:            5552 kB
SwapTotal:       3145724 kB
SwapFree:        3145724 kB
Dirty:               660 kB
Writeback:             0 kB
AnonPages:       1225872 kB
Mapped:           852396 kB
Shmem:             27760 kB
KReclaimable:     704176 kB
Slab:             224676 kB
SReclaimable:      79972 kB
SUnreclaim:       144704 kB
KernelStack:       46384 kB
PageTables:        62940 kB
NFS_Unstable:          0 kB
Bounce:                0 kB
WritebackTmp:          0 kB
CommitLimit:     9202288 kB
Committed_AS:   66064892 kB
VmallocTotal:   263061440 kB
VmallocUsed:      103388 kB
VmallocChunk:          0 kB
Percpu:             7648 kB
CmaTotal:         294912 kB
CmaFree:               0 kB
MemTotal:       12113132 kB
MemFree:         6423624 kB
MemAvailable:    8132740 kB
Buffers:            6304 kB
Cached:          1899600 kB
SwapCached:            0 kB
Active:          1471776 kB
Inactive:        1654932 kB
Active(anon):    1227248 kB
Inactive(anon):    25816 kB
Active(file):     244528 kB
Inactive(file):  1629116 kB
Unevictable:        5552 kB
Mlocked:            5552 kB
SwapTotal:       3145724 kB
SwapFree:        3145724 kB
Dirty:               692 kB
Writeback:             0 kB
AnonPages:       1226428 kB
Mapped:           852656 kB
Shmem:             27760 kB
KReclaimable:     704176 kB
Slab:             224592 kB
SReclaimable:      79972 kB
SUnreclaim:       144620 kB
KernelStack:       46416 kB
PageTables:        62888 kB
NFS_Unstable:          0 kB
Bounce:                0 kB
WritebackTmp:          0 kB
CommitLimit:     9202288 kB
Committed_AS:   66065376 kB
VmallocTotal:   263061440 kB
VmallocUsed:      103388 kB
VmallocChunk:          0 kB
Percpu:             7648 kB
CmaTotal:         294912 kB
CmaFree:               0 kB
MemTotal:       12113132 kB
MemFree:         6421064 kB
MemAvailable:    8130196 kB
Buffers:            6304 kB
Cached:          1899616 kB
SwapCached:            0 kB
Active:          1475704 kB
Inactive:        1654948 kB
Active(anon):    1231176 kB
Inactive(anon):    25816 kB
Active(file):     244528 kB
Inactive(file):  1629132 kB
Unevictable:        5552 kB
Mlocked:            5552 kB
SwapTotal:       3145724 kB
SwapFree:        3145724 kB
Dirty:               708 kB
Writeback:             0 kB
AnonPages:       1230088 kB
Mapped:           852532 kB
Shmem:             27760 kB
KReclaimable:     704176 kB
Slab:             224624 kB
SReclaimable:      79972 kB
SUnreclaim:       144652 kB
KernelStack:       46384 kB
PageTables:        62700 kB
NFS_Unstable:          0 kB
Bounce:                0 kB
WritebackTmp:          0 kB
CommitLimit:     9202288 kB
Committed_AS:   66061060 kB
VmallocTotal:   263061440 kB
VmallocUsed:      103388 kB
VmallocChunk:          0 kB
Percpu:             7648 kB
CmaTotal:         294912 kB
CmaFree:               0 kB
MemTotal:       12113132 kB
MemFree:         6387900 kB
MemAvailable:    8097052 kB
Buffers:            6304 kB
Cached:          1899620 kB
SwapCached:            0 kB
Active:          1506384 kB
Inactive:        1654952 kB
Active(anon):    1261856 kB
Inactive(anon):    25816 kB
Active(file):     244528 kB
Inactive(file):  1629136 kB
Unevictable:        5552 kB
Mlocked:            5552 kB
SwapTotal:       3145724 kB
SwapFree:        3145724 kB
Dirty:               712 kB
Writeback:             0 kB
AnonPages:       1261116 kB
Mapped:           852516 kB
Shmem:             27760 kB
KReclaimable:     704192 kB
Slab:             224616 kB
SReclaimable:      79988 kB
SUnreclaim:       144628 kB
KernelStack:       46468 kB
PageTables:        63084 kB
NFS_Unstable:          0 kB
Bounce:                0 kB
WritebackTmp:          0 kB
CommitLimit:     9202288 kB
Committed_AS:   66062904 kB
VmallocTotal:   263061440 kB
VmallocUsed:      103468 kB
VmallocChunk:          0 kB
Percpu:             7648 kB
CmaTotal:         294912 kB
CmaFree:               0 kB
MemTotal:       12113132 kB
MemFree:         6386908 kB
MemAvailable:    8096068 kB
Buffers:            6304 kB
Cached:          1899644 kB
SwapCached:            0 kB
Active:          1507340 kB
Inactive:        1654976 kB
Active(anon):    1262812 kB
Inactive(anon):    25816 kB
Active(file):     244528 kB
Inactive(file):  1629160 kB
Unevictable:        5552 kB
Mlocked:            5552 kB
SwapTotal:       3145724 kB
SwapFree:        3145724 kB
Dirty:               752 kB
Writeback:             0 kB
AnonPages:       1261880 kB
Mapped:           852516 kB
Shmem:             27760 kB
KReclaimable:     704176 kB
Slab:             224600 kB
SReclaimable:      79972 kB
SUnreclaim:       144628 kB
KernelStack:       46512 kB
PageTables:        62940 kB
NFS_Unstable:          0 kB
Bounce:                0 kB
WritebackTmp:          0 kB
CommitLimit:     9202288 kB
Committed_AS:   66056108 kB
VmallocTotal:   263061440 kB
VmallocUsed:      103484 kB
VmallocChunk:          0 kB
Percpu:             7648 kB
CmaTotal:         294912 kB
CmaFree:               0 kB
MemTotal:       12113132 kB
MemFree:         6396616 kB
MemAvailable:    8105764 kB
Buffers:            6304 kB
Cached:          1899628 kB
SwapCached:            0 kB
Active:          1498776 kB
Inactive:        1654964 kB
Active(anon):    1254248 kB
Inactive(anon):    25816 kB
Active(file):     244528 kB
Inactive(file):  1629148 kB
Unevictable:        5552 kB
Mlocked:            5552 kB
SwapTotal:       3145724 kB
SwapFree:        3145724 kB
Dirty:               756 kB
Writeback:             0 kB
AnonPages:       1253368 kB
Mapped:           852588 kB
Shmem:             27760 kB
KReclaimable:     704176 kB
Slab:             224592 kB
SReclaimable:      79972 kB
SUnreclaim:       144620 kB
KernelStack:       46496 kB
PageTables:        62904 kB
NFS_Unstable:          0 kB
Bounce:                0 kB
WritebackTmp:          0 kB
CommitLimit:     9202288 kB
Committed_AS:   66056280 kB
VmallocTotal:   263061440 kB
VmallocUsed:      103452 kB
VmallocChunk:          0 kB
Percpu:             7648 kB
CmaTotal:         294912 kB
CmaFree:               0 kB
MemTotal:       12113132 kB
MemFree:         6388884 kB
MemAvailable:    8098080 kB
Buffers:            6304 kB
Cached:          1899772 kB
SwapCached:            0 kB
Active:          1505340 kB
Inactive:        1655100 kB
Active(anon):    1260812 kB
Inactive(anon):    25924 kB
Active(file):     244528 kB
Inactive(file):  1629176 kB
Unevictable:        5552 kB
Mlocked:            5552 kB
SwapTotal:       3145724 kB
SwapFree:        3145724 kB
Dirty:               764 kB
Writeback:             0 kB
AnonPages:       1259800 kB
Mapped:           852732 kB
Shmem:             27872 kB
KReclaimable:     704196 kB
Slab:             224620 kB
SReclaimable:      79992 kB
SUnreclaim:       144628 kB
KernelStack:       46496 kB
PageTables:        62756 kB
NFS_Unstable:          0 kB
Bounce:                0 kB
WritebackTmp:          0 kB
CommitLimit:     9202288 kB
Committed_AS:   66057264 kB
VmallocTotal:   263061440 kB
VmallocUsed:      103468 kB
VmallocChunk:          0 kB
Percpu:             7648 kB
CmaTotal:         294912 kB
CmaFree:             172 kB
MemTotal:       12113132 kB
MemFree:         6389036 kB
MemAvailable:    8098248 kB
Buffers:            6304 kB
Cached:          1899676 kB
SwapCached:            0 kB
Active:          1506172 kB
Inactive:        1655008 kB
Active(anon):    1261644 kB
Inactive(anon):    25816 kB
Active(file):     244528 kB
Inactive(file):  1629192 kB
Unevictable:        5552 kB
Mlocked:            5552 kB
SwapTotal:       3145724 kB
SwapFree:        3145724 kB
Dirty:               792 kB
Writeback:             0 kB
AnonPages:       1260920 kB
Mapped:           852520 kB
Shmem:             27760 kB
KReclaimable:     704196 kB
Slab:             224620 kB
SReclaimable:      79992 kB
SUnreclaim:       144628 kB
KernelStack:       46512 kB
PageTables:        62892 kB
NFS_Unstable:          0 kB
Bounce:                0 kB
WritebackTmp:          0 kB
CommitLimit:     9202288 kB
Committed_AS:   66056700 kB
VmallocTotal:   263061440 kB
VmallocUsed:      103452 kB
VmallocChunk:          0 kB
Percpu:             7648 kB
CmaTotal:         294912 kB
CmaFree:               0 kB
MemTotal:       12113132 kB
MemFree:         6390028 kB
MemAvailable:    8099248 kB
Buffers:            6304 kB
Cached:          1899684 kB
SwapCached:            0 kB
Active:          1506280 kB
Inactive:        1655016 kB
Active(anon):    1261752 kB
Inactive(anon):    25816 kB
Active(file):     244528 kB
Inactive(file):  1629200 kB
Unevictable:        5552 kB
Mlocked:            5552 kB
SwapTotal:       3145724 kB
SwapFree:        3145724 kB
Dirty:               800 kB
Writeback:             0 kB
AnonPages:       1261028 kB
Mapped:           852576 kB
Shmem:             27760 kB
KReclaimable:     704196 kB
Slab:             224604 kB
SReclaimable:      79992 kB
SUnreclaim:       144612 kB
KernelStack:       46464 kB
PageTables:        62880 kB
NFS_Unstable:          0 kB
Bounce:                0 kB
WritebackTmp:          0 kB
CommitLimit:     9202288 kB
Committed_AS:   66055704 kB
VmallocTotal:   263061440 kB
VmallocUsed:      103452 kB
VmallocChunk:          0 kB
Percpu:             7648 kB
CmaTotal:         294912 kB
CmaFree:               0 kB
MemTotal:       12113132 kB
MemFree:         6388736 kB
MemAvailable:    8097972 kB
Buffers:            6304 kB
Cached:          1899700 kB
SwapCached:            0 kB
Active:          1507172 kB
Inactive:        1655032 kB
Active(anon):    1262644 kB
Inactive(anon):    25816 kB
Active(file):     244528 kB
Inactive(file):  1629216 kB
Unevictable:        5552 kB
Mlocked:            5552 kB
SwapTotal:       3145724 kB
SwapFree:        3145724 kB
Dirty:               816 kB
Writeback:             0 kB
AnonPages:       1261668 kB
Mapped:           852668 kB
Shmem:             27760 kB
KReclaimable:     704196 kB
Slab:             224612 kB
SReclaimable:      79992 kB
SUnreclaim:       144620 kB
KernelStack:       46496 kB
PageTables:        62740 kB
NFS_Unstable:          0 kB
Bounce:                0 kB
WritebackTmp:          0 kB
CommitLimit:     9202288 kB
Committed_AS:   66056304 kB
VmallocTotal:   263061440 kB
VmallocUsed:      103420 kB
VmallocChunk:          0 kB
Percpu:             7648 kB
CmaTotal:         294912 kB
CmaFree:               0 kB
MemTotal:       12113132 kB
MemFree:         6387772 kB
MemAvailable:    8097016 kB
Buffers:            6304 kB
Cached:          1899708 kB
SwapCached:            0 kB
Active:          1508012 kB
Inactive:        1655040 kB
Active(anon):    1263484 kB
Inactive(anon):    25816 kB
Active(file):     244528 kB
Inactive(file):  1629224 kB
Unevictable:        5552 kB
Mlocked:            5552 kB
SwapTotal:       3145724 kB
SwapFree:        3145724 kB
Dirty:               828 kB
Writeback:             0 kB
AnonPages:       1262768 kB
Mapped:           852632 kB
Shmem:             27760 kB
KReclaimable:     704196 kB
Slab:             224604 kB
SReclaimable:      79992 kB
SUnreclaim:       144612 kB
KernelStack:       46464 kB
PageTables:        62824 kB
NFS_Unstable:          0 kB
Bounce:                0 kB
WritebackTmp:          0 kB
CommitLimit:     9202288 kB
Committed_AS:   66055700 kB
VmallocTotal:   263061440 kB
VmallocUsed:      103436 kB
VmallocChunk:          0 kB
Percpu:             7648 kB
CmaTotal:         294912 kB
CmaFree:               0 kB
MemTotal:       12113132 kB
MemFree:         6387060 kB
MemAvailable:    8096356 kB
Buffers:            6308 kB
Cached:          1899752 kB
SwapCached:            0 kB
Active:          1508716 kB
Inactive:        1655084 kB
Active(anon):    1264184 kB
Inactive(anon):    25816 kB
Active(file):     244532 kB
Inactive(file):  1629268 kB
Unevictable:        5552 kB
Mlocked:            5552 kB
SwapTotal:       3145724 kB
SwapFree:        3145724 kB
Dirty:               240 kB
Writeback:             0 kB
AnonPages:       1263356 kB
Mapped:           852516 kB
Shmem:             27760 kB
KReclaimable:     704200 kB
Slab:             224608 kB
SReclaimable:      79996 kB
SUnreclaim:       144612 kB
KernelStack:       46464 kB
PageTables:        62856 kB
NFS_Unstable:          0 kB
Bounce:                0 kB
WritebackTmp:          0 kB
CommitLimit:     9202288 kB
Committed_AS:   66059588 kB
VmallocTotal:   263061440 kB
VmallocUsed:      103468 kB
VmallocChunk:          0 kB
Percpu:             7648 kB
CmaTotal:         294912 kB
CmaFree:               0 kB
MemTotal:       12113132 kB
MemFree:         6385544 kB
MemAvailable:    8094856 kB
Buffers:            6308 kB
Cached:          1899768 kB
SwapCached:            0 kB
Active:          1509732 kB
Inactive:        1655096 kB
Active(anon):    1265196 kB
Inactive(anon):    25816 kB
Active(file):     244536 kB
Inactive(file):  1629280 kB
Unevictable:        5552 kB
Mlocked:            5552 kB
SwapTotal:       3145724 kB
SwapFree:        3145724 kB
Dirty:               280 kB
Writeback:             0 kB
AnonPages:       1264088 kB
Mapped:           852516 kB
Shmem:             27760 kB
KReclaimable:     704200 kB
Slab:             224600 kB
SReclaimable:      79996 kB
SUnreclaim:       144604 kB
KernelStack:       46496 kB
PageTables:        62968 kB
NFS_Unstable:          0 kB
Bounce:                0 kB
WritebackTmp:          0 kB
CommitLimit:     9202288 kB
Committed_AS:   66057644 kB
VmallocTotal:   263061440 kB
VmallocUsed:      103468 kB
VmallocChunk:          0 kB
Percpu:             7648 kB
CmaTotal:         294912 kB
CmaFree:               0 kB
MemTotal:       12113132 kB
MemFree:         6384144 kB
MemAvailable:    8093456 kB
Buffers:            6308 kB
Cached:          1899768 kB
SwapCached:            0 kB
Active:          1510324 kB
Inactive:        1655100 kB
Active(anon):    1265792 kB
Inactive(anon):    25816 kB
Active(file):     244532 kB
Inactive(file):  1629284 kB
Unevictable:        5552 kB
Mlocked:            5552 kB
SwapTotal:       3145724 kB
SwapFree:        3145724 kB
Dirty:               320 kB
Writeback:             0 kB
AnonPages:       1265100 kB
Mapped:           852416 kB
Shmem:             27760 kB
KReclaimable:     704200 kB
Slab:             224616 kB
SReclaimable:      79996 kB
SUnreclaim:       144620 kB
KernelStack:       46448 kB
PageTables:        63092 kB
NFS_Unstable:          0 kB
Bounce:                0 kB
WritebackTmp:          0 kB
CommitLimit:     9202288 kB
Committed_AS:   66058856 kB
VmallocTotal:   263061440 kB
VmallocUsed:      103468 kB
VmallocChunk:          0 kB
Percpu:             7648 kB
CmaTotal:         294912 kB
CmaFree:               0 kB
MemTotal:       12113132 kB
MemFree:         6384592 kB
MemAvailable:    8093912 kB
Buffers:            6308 kB
Cached:          1899776 kB
SwapCached:            0 kB
Active:          1510788 kB
Inactive:        1655108 kB
Active(anon):    1266256 kB
Inactive(anon):    25816 kB
Active(file):     244532 kB
Inactive(file):  1629292 kB
Unevictable:        5552 kB
Mlocked:            5552 kB
SwapTotal:       3145724 kB
SwapFree:        3145724 kB
Dirty:               328 kB
Writeback:             0 kB
AnonPages:       1265444 kB
Mapped:           852616 kB
Shmem:             27760 kB
KReclaimable:     704200 kB
Slab:             224608 kB
SReclaimable:      79996 kB
SUnreclaim:       144612 kB
KernelStack:       46448 kB
PageTables:        62840 kB
NFS_Unstable:          0 kB
Bounce:                0 kB
WritebackTmp:          0 kB
CommitLimit:     9202288 kB
Committed_AS:   66055912 kB
VmallocTotal:   263061440 kB
VmallocUsed:      103436 kB
VmallocChunk:          0 kB
Percpu:             7648 kB
CmaTotal:         294912 kB
CmaFree:               0 kB
MemTotal:       12113132 kB
MemFree:         6383468 kB
MemAvailable:    8092804 kB
Buffers:            6308 kB
Cached:          1899792 kB
SwapCached:            0 kB
Active:          1510808 kB
Inactive:        1655124 kB
Active(anon):    1266276 kB
Inactive(anon):    25816 kB
Active(file):     244532 kB
Inactive(file):  1629308 kB
Unevictable:        5552 kB
Mlocked:            5552 kB
SwapTotal:       3145724 kB
SwapFree:        3145724 kB
Dirty:               344 kB
Writeback:             0 kB
AnonPages:       1265124 kB
Mapped:           852516 kB
Shmem:             27760 kB
KReclaimable:     704200 kB
Slab:             224608 kB
SReclaimable:      79996 kB
SUnreclaim:       144612 kB
KernelStack:       46432 kB
PageTables:        62744 kB
NFS_Unstable:          0 kB
Bounce:                0 kB
WritebackTmp:          0 kB
CommitLimit:     9202288 kB
Committed_AS:   66067060 kB
VmallocTotal:   263061440 kB
VmallocUsed:      103468 kB
VmallocChunk:          0 kB
Percpu:             7648 kB
CmaTotal:         294912 kB
CmaFree:               0 kB
MemTotal:       12113132 kB
MemFree:         6384068 kB
MemAvailable:    8093416 kB
Buffers:            6308 kB
Cached:          1899812 kB
SwapCached:            0 kB
Active:          1509848 kB
Inactive:        1655144 kB
Active(anon):    1265316 kB
Inactive(anon):    25824 kB
Active(file):     244532 kB
Inactive(file):  1629320 kB
Unevictable:        5552 kB
Mlocked:            5552 kB
SwapTotal:       3145724 kB
SwapFree:        3145724 kB
Dirty:               356 kB
Writeback:             0 kB
AnonPages:       1264520 kB
Mapped:           852704 kB
Shmem:             27768 kB
KReclaimable:     704200 kB
Slab:             224608 kB
SReclaimable:      79996 kB
SUnreclaim:       144612 kB
KernelStack:       46528 kB
PageTables:        62912 kB
NFS_Unstable:          0 kB
Bounce:                0 kB
WritebackTmp:          0 kB
CommitLimit:     9202288 kB
Committed_AS:   66066804 kB
VmallocTotal:   263061440 kB
VmallocUsed:      103468 kB
VmallocChunk:          0 kB
Percpu:             7648 kB
CmaTotal:         294912 kB
CmaFree:              32 kB
MemTotal:       12113132 kB
MemFree:         6384120 kB
MemAvailable:    8093480 kB
Buffers:            6308 kB
Cached:          1899824 kB
SwapCached:            0 kB
Active:          1510820 kB
Inactive:        1655156 kB
Active(anon):    1266288 kB
Inactive(anon):    25824 kB
Active(file):     244532 kB
Inactive(file):  1629332 kB
Unevictable:        5552 kB
Mlocked:            5552 kB
SwapTotal:       3145724 kB
SwapFree:        3145724 kB
Dirty:               380 kB
Writeback:             0 kB
AnonPages:       1265252 kB
Mapped:           852524 kB
Shmem:             27768 kB
KReclaimable:     704200 kB
Slab:             224624 kB
SReclaimable:      79996 kB
SUnreclaim:       144628 kB
KernelStack:       46464 kB
PageTables:        62816 kB
NFS_Unstable:          0 kB
Bounce:                0 kB
WritebackTmp:          0 kB
CommitLimit:     9202288 kB
Committed_AS:   66058076 kB
VmallocTotal:   263061440 kB
VmallocUsed:      103468 kB
VmallocChunk:          0 kB
Percpu:             7648 kB
CmaTotal:         294912 kB
CmaFree:               0 kB
MemTotal:       12113132 kB
MemFree:         6383752 kB
MemAvailable:    8093116 kB
Buffers:            6308 kB
Cached:          1899828 kB
SwapCached:            0 kB
Active:          1511540 kB
Inactive:        1655160 kB
Active(anon):    1267008 kB
Inactive(anon):    25824 kB
Active(file):     244532 kB
Inactive(file):  1629336 kB
Unevictable:        5552 kB
Mlocked:            5552 kB
SwapTotal:       3145724 kB
SwapFree:        3145724 kB
Dirty:               384 kB
Writeback:             0 kB
AnonPages:       1266172 kB
Mapped:           852524 kB
Shmem:             27768 kB
KReclaimable:     704200 kB
Slab:             224600 kB
SReclaimable:      79996 kB
SUnreclaim:       144604 kB
KernelStack:       46512 kB
PageTables:        62932 kB
NFS_Unstable:          0 kB
Bounce:                0 kB
WritebackTmp:          0 kB
CommitLimit:     9202288 kB
Committed_AS:   66068136 kB
VmallocTotal:   263061440 kB
VmallocUsed:      103484 kB
VmallocChunk:          0 kB
Percpu:             7648 kB
CmaTotal:         294912 kB
CmaFree:               0 kB
MemTotal:       12113132 kB
MemFree:         6382168 kB
MemAvailable:    8091560 kB
Buffers:            6308 kB
Cached:          1899856 kB
SwapCached:            0 kB
Active:          1511384 kB
Inactive:        1655184 kB
Active(anon):    1266848 kB
Inactive(anon):    25824 kB
Active(file):     244536 kB
Inactive(file):  1629360 kB
Unevictable:        5552 kB
Mlocked:            5552 kB
SwapTotal:       3145724 kB
SwapFree:        3145724 kB
Dirty:               424 kB
Writeback:             0 kB
AnonPages:       1266188 kB
Mapped:           852692 kB
Shmem:             27768 kB
KReclaimable:     704200 kB
Slab:             224624 kB
SReclaimable:      79996 kB
SUnreclaim:       144628 kB
KernelStack:       46512 kB
PageTables:        62864 kB
NFS_Unstable:          0 kB
Bounce:                0 kB
WritebackTmp:          0 kB
CommitLimit:     9202288 kB
Committed_AS:   66058388 kB
VmallocTotal:   263061440 kB
VmallocUsed:      103500 kB
VmallocChunk:          0 kB
Percpu:             7648 kB
CmaTotal:         294912 kB
CmaFree:               0 kB
MemTotal:       12113132 kB
MemFree:         6382276 kB
MemAvailable:    8091676 kB
Buffers:            6308 kB
Cached:          1899864 kB
SwapCached:            0 kB
Active:          1511768 kB
Inactive:        1655196 kB
Active(anon):    1267236 kB
Inactive(anon):    25824 kB
Active(file):     244532 kB
Inactive(file):  1629372 kB
Unevictable:        5552 kB
Mlocked:            5552 kB
SwapTotal:       3145724 kB
SwapFree:        3145724 kB
Dirty:               432 kB
Writeback:             0 kB
AnonPages:       1266408 kB
Mapped:           852524 kB
Shmem:             27768 kB
KReclaimable:     704200 kB
Slab:             224608 kB
SReclaimable:      79996 kB
SUnreclaim:       144612 kB
KernelStack:       46532 kB
PageTables:        62736 kB
NFS_Unstable:          0 kB
Bounce:                0 kB
WritebackTmp:          0 kB
CommitLimit:     9202288 kB
Committed_AS:   66064128 kB
VmallocTotal:   263061440 kB
VmallocUsed:      103532 kB
VmallocChunk:          0 kB
Percpu:             7648 kB
CmaTotal:         294912 kB
CmaFree:               0 kB
MemTotal:       12113132 kB
MemFree:         6381796 kB
MemAvailable:    8091212 kB
Buffers:            6308 kB
Cached:          1899880 kB
SwapCached:            0 kB
Active:          1512980 kB
Inactive:        1655212 kB
Active(anon):    1268448 kB
Inactive(anon):    25824 kB
Active(file):     244532 kB
Inactive(file):  1629388 kB
Unevictable:        5552 kB
Mlocked:            5552 kB
SwapTotal:       3145724 kB
SwapFree:        3145724 kB
Dirty:               480 kB
Writeback:             0 kB
AnonPages:       1267368 kB
Mapped:           852416 kB
Shmem:             27768 kB
KReclaimable:     704200 kB
Slab:             224608 kB
SReclaimable:      79996 kB
SUnreclaim:       144612 kB
KernelStack:       46496 kB
PageTables:        62668 kB
NFS_Unstable:          0 kB
Bounce:                0 kB
WritebackTmp:          0 kB
CommitLimit:     9202288 kB
Committed_AS:   66061428 kB
VmallocTotal:   263061440 kB
VmallocUsed:      103532 kB
VmallocChunk:          0 kB
Percpu:             7648 kB
CmaTotal:         294912 kB
CmaFree:               0 kB
MemTotal:       12113132 kB
MemFree:         6381632 kB
MemAvailable:    8091060 kB
Buffers:            6308 kB
Cached:          1899892 kB
SwapCached:            0 kB
Active:          1512588 kB
Inactive:        1655224 kB
Active(anon):    1268056 kB
Inactive(anon):    25824 kB
Active(file):     244532 kB
Inactive(file):  1629400 kB
Unevictable:        5552 kB
Mlocked:            5552 kB
SwapTotal:       3145724 kB
SwapFree:        3145724 kB
Dirty:               528 kB
Writeback:             0 kB
AnonPages:       1267592 kB
Mapped:           852632 kB
Shmem:             27768 kB
KReclaimable:     704200 kB
Slab:             224616 kB
SReclaimable:      79996 kB
SUnreclaim:       144620 kB
KernelStack:       46548 kB
PageTables:        62776 kB
NFS_Unstable:          0 kB
Bounce:                0 kB
WritebackTmp:          0 kB
CommitLimit:     9202288 kB
Committed_AS:   66061660 kB
VmallocTotal:   263061440 kB
VmallocUsed:      103548 kB
VmallocChunk:          0 kB
Percpu:             7648 kB
CmaTotal:         294912 kB
CmaFree:               0 kB
MemTotal:       12113132 kB
MemFree:         6383036 kB
MemAvailable:    8092476 kB
Buffers:            6308 kB
Cached:          1899904 kB
SwapCached:            0 kB
Active:          1513628 kB
Inactive:        1655236 kB
Active(anon):    1269096 kB
Inactive(anon):    25824 kB
Active(file):     244532 kB
Inactive(file):  1629412 kB
Unevictable:        5552 kB
Mlocked:            5552 kB
SwapTotal:       3145724 kB
SwapFree:        3145724 kB
Dirty:               540 kB
Writeback:             0 kB
AnonPages:       1268240 kB
Mapped:           852524 kB
Shmem:             27768 kB
KReclaimable:     704200 kB
Slab:             224616 kB
SReclaimable:      79996 kB
SUnreclaim:       144620 kB
KernelStack:       46544 kB
PageTables:        63040 kB
NFS_Unstable:          0 kB
Bounce:                0 kB
WritebackTmp:          0 kB
CommitLimit:     9202288 kB
Committed_AS:   66068248 kB
VmallocTotal:   263061440 kB
VmallocUsed:      103532 kB
VmallocChunk:          0 kB
Percpu:             7648 kB
CmaTotal:         294912 kB
CmaFree:               0 kB
MemTotal:       12113132 kB
MemFree:         6383100 kB
MemAvailable:    8092572 kB
Buffers:            6308 kB
Cached:          1899936 kB
SwapCached:            0 kB
Active:          1514004 kB
Inactive:        1655264 kB
Active(anon):    1269468 kB
Inactive(anon):    25824 kB
Active(file):     244536 kB
Inactive(file):  1629440 kB
Unevictable:        5552 kB
Mlocked:            5552 kB
SwapTotal:       3145724 kB
SwapFree:        3145724 kB
Dirty:               548 kB
Writeback:             0 kB
AnonPages:       1268912 kB
Mapped:           852616 kB
Shmem:             27768 kB
KReclaimable:     704200 kB
Slab:             224600 kB
SReclaimable:      79996 kB
SUnreclaim:       144604 kB
KernelStack:       46464 kB
PageTables:        62756 kB
NFS_Unstable:          0 kB
Bounce:                0 kB
WritebackTmp:          0 kB
CommitLimit:     9202288 kB
Committed_AS:   66068560 kB
VmallocTotal:   263061440 kB
VmallocUsed:      103516 kB
VmallocChunk:          0 kB
Percpu:             7648 kB
CmaTotal:         294912 kB
CmaFree:               0 kB
MemTotal:       12113132 kB
MemFree:         6381484 kB
MemAvailable:    8090932 kB
Buffers:            6308 kB
Cached:          1899912 kB
SwapCached:            0 kB
Active:          1514844 kB
Inactive:        1655248 kB
Active(anon):    1270316 kB
Inactive(anon):    25824 kB
Active(file):     244528 kB
Inactive(file):  1629424 kB
Unevictable:        5552 kB
Mlocked:            5552 kB
SwapTotal:       3145724 kB
SwapFree:        3145724 kB
Dirty:               552 kB
Writeback:             0 kB
AnonPages:       1269104 kB
Mapped:           852716 kB
Shmem:             27768 kB
KReclaimable:     704200 kB
Slab:             224616 kB
SReclaimable:      79996 kB
SUnreclaim:       144620 kB
KernelStack:       46532 kB
PageTables:        62792 kB
NFS_Unstable:          0 kB
Bounce:                0 kB
WritebackTmp:          0 kB
CommitLimit:     9202288 kB
Committed_AS:   66064836 kB
VmallocTotal:   263061440 kB
VmallocUsed:      103532 kB
VmallocChunk:          0 kB
Percpu:             7648 kB
CmaTotal:         294912 kB
CmaFree:               0 kB
MemTotal:       12113132 kB
MemFree:         6379476 kB
MemAvailable:    8088952 kB
Buffers:            6312 kB
Cached:          1899936 kB
SwapCached:            0 kB
Active:          1515172 kB
Inactive:        1655272 kB
Active(anon):    1270640 kB
Inactive(anon):    25824 kB
Active(file):     244532 kB
Inactive(file):  1629448 kB
Unevictable:        5552 kB
Mlocked:            5552 kB
SwapTotal:       3145724 kB
SwapFree:        3145724 kB
Dirty:               592 kB
Writeback:             0 kB
AnonPages:       1269544 kB
Mapped:           852720 kB
Shmem:             27768 kB
KReclaimable:     704200 kB
Slab:             224616 kB
SReclaimable:      79996 kB
SUnreclaim:       144620 kB
KernelStack:       46464 kB
PageTables:        62744 kB
NFS_Unstable:          0 kB
Bounce:                0 kB
WritebackTmp:          0 kB
CommitLimit:     9202288 kB
Committed_AS:   66058604 kB
VmallocTotal:   263061440 kB
VmallocUsed:      103500 kB
VmallocChunk:          0 kB
Percpu:             7648 kB
CmaTotal:         294912 kB
CmaFree:               0 kB
MemTotal:       12113132 kB
MemFree:         6379320 kB
MemAvailable:    8088824 kB
Buffers:            6312 kB
Cached:          1899964 kB
SwapCached:            0 kB
Active:          1515584 kB
Inactive:        1655296 kB
Active(anon):    1271048 kB
Inactive(anon):    25824 kB
Active(file):     244536 kB
Inactive(file):  1629472 kB
Unevictable:        5552 kB
Mlocked:            5552 kB
SwapTotal:       3145724 kB
SwapFree:        3145724 kB
Dirty:               580 kB
Writeback:             0 kB
AnonPages:       1270284 kB
Mapped:           852700 kB
Shmem:             27768 kB
KReclaimable:     704200 kB
Slab:             224600 kB
SReclaimable:      79996 kB
SUnreclaim:       144604 kB
KernelStack:       46496 kB
PageTables:        62816 kB
NFS_Unstable:          0 kB
Bounce:                0 kB
WritebackTmp:          0 kB
CommitLimit:     9202288 kB
Committed_AS:   66060056 kB
VmallocTotal:   263061440 kB
VmallocUsed:      103500 kB
VmallocChunk:          0 kB
Percpu:             7648 kB
CmaTotal:         294912 kB
CmaFree:               0 kB
MemTotal:       12113132 kB
MemFree:         6378948 kB
MemAvailable:    8088456 kB
Buffers:            6312 kB
Cached:          1899968 kB
SwapCached:            0 kB
Active:          1516308 kB
Inactive:        1655300 kB
Active(anon):    1271772 kB
Inactive(anon):    25824 kB
Active(file):     244536 kB
Inactive(file):  1629476 kB
Unevictable:        5552 kB
Mlocked:            5552 kB
SwapTotal:       3145724 kB
SwapFree:        3145724 kB
Dirty:               596 kB
Writeback:             0 kB
AnonPages:       1270900 kB
Mapped:           852720 kB
Shmem:             27768 kB
KReclaimable:     704200 kB
Slab:             224608 kB
SReclaimable:      79996 kB
SUnreclaim:       144612 kB
KernelStack:       46516 kB
PageTables:        62916 kB
NFS_Unstable:          0 kB
Bounce:                0 kB
WritebackTmp:          0 kB
CommitLimit:     9202288 kB
Committed_AS:   66054584 kB
VmallocTotal:   263061440 kB
VmallocUsed:      103484 kB
VmallocChunk:          0 kB
Percpu:             7648 kB
CmaTotal:         294912 kB
CmaFree:               0 kB
MemTotal:       12113132 kB
MemFree:         6378144 kB
MemAvailable:    8087664 kB
Buffers:            6312 kB
Cached:          1899980 kB
SwapCached:            0 kB
Active:          1516320 kB
Inactive:        1655312 kB
Active(anon):    1271784 kB
Inactive(anon):    25824 kB
Active(file):     244536 kB
Inactive(file):  1629488 kB
Unevictable:        5552 kB
Mlocked:            5552 kB
SwapTotal:       3145724 kB
SwapFree:        3145724 kB
Dirty:               620 kB
Writeback:             0 kB
AnonPages:       1270928 kB
Mapped:           852716 kB
Shmem:             27768 kB
KReclaimable:     704200 kB
Slab:             224600 kB
SReclaimable:      79996 kB
SUnreclaim:       144604 kB
KernelStack:       46448 kB
PageTables:        62780 kB
NFS_Unstable:          0 kB
Bounce:                0 kB
WritebackTmp:          0 kB
CommitLimit:     9202288 kB
Committed_AS:   66059804 kB
VmallocTotal:   263061440 kB
VmallocUsed:      103468 kB
VmallocChunk:          0 kB
Percpu:             7648 kB
CmaTotal:         294912 kB
CmaFree:               0 kB
MemTotal:       12113132 kB
MemFree:         6377908 kB
MemAvailable:    8087432 kB
Buffers:            6312 kB
Cached:          1899988 kB
SwapCached:            0 kB
Active:          1517296 kB
Inactive:        1655316 kB
Active(anon):    1272760 kB
Inactive(anon):    25824 kB
Active(file):     244536 kB
Inactive(file):  1629492 kB
Unevictable:        5552 kB
Mlocked:            5552 kB
SwapTotal:       3145724 kB
SwapFree:        3145724 kB
Dirty:               648 kB
Writeback:             0 kB
AnonPages:       1271608 kB
Mapped:           852772 kB
Shmem:             27768 kB
KReclaimable:     704200 kB
Slab:             224616 kB
SReclaimable:      79996 kB
SUnreclaim:       144620 kB
KernelStack:       46480 kB
PageTables:        62844 kB
NFS_Unstable:          0 kB
Bounce:                0 kB
WritebackTmp:          0 kB
CommitLimit:     9202288 kB
Committed_AS:   66059852 kB
VmallocTotal:   263061440 kB
VmallocUsed:      103452 kB
VmallocChunk:          0 kB
Percpu:             7648 kB
CmaTotal:         294912 kB
CmaFree:               0 kB
MemTotal:       12113132 kB
MemFree:         6387324 kB
MemAvailable:    8096880 kB
Buffers:            6312 kB
Cached:          1900016 kB
SwapCached:            0 kB
Active:          1506720 kB
Inactive:        1655344 kB
Active(anon):    1262180 kB
Inactive(anon):    25824 kB
Active(file):     244540 kB
Inactive(file):  1629520 kB
Unevictable:        5552 kB
Mlocked:            5552 kB
SwapTotal:       3145724 kB
SwapFree:        3145724 kB
Dirty:               436 kB
Writeback:             0 kB
AnonPages:       1261336 kB
Mapped:           852652 kB
Shmem:             27768 kB
KReclaimable:     704200 kB
Slab:             224600 kB
SReclaimable:      79996 kB
SUnreclaim:       144604 kB
KernelStack:       46476 kB
PageTables:        62960 kB
NFS_Unstable:          0 kB
Bounce:                0 kB
WritebackTmp:          0 kB
CommitLimit:     9202288 kB
Committed_AS:   66059540 kB
VmallocTotal:   263061440 kB
VmallocUsed:      103420 kB
VmallocChunk:          0 kB
Percpu:             7648 kB
CmaTotal:         294912 kB
CmaFree:               4 kB
MemTotal:       12113132 kB
MemFree:         6388352 kB
MemAvailable:    8097904 kB
Buffers:            6312 kB
Cached:          1900012 kB
SwapCached:            0 kB
Active:          1505276 kB
Inactive:        1655344 kB
Active(anon):    1260740 kB
Inactive(anon):    25824 kB
Active(file):     244536 kB
Inactive(file):  1629520 kB
Unevictable:        5552 kB
Mlocked:            5552 kB
SwapTotal:       3145724 kB
SwapFree:        3145724 kB
Dirty:               280 kB
Writeback:             0 kB
AnonPages:       1259868 kB
Mapped:           852768 kB
Shmem:             27768 kB
KReclaimable:     704200 kB
Slab:             224604 kB
SReclaimable:      79996 kB
SUnreclaim:       144608 kB
KernelStack:       46452 kB
PageTables:        62740 kB
NFS_Unstable:          0 kB
Bounce:                0 kB
WritebackTmp:          0 kB
CommitLimit:     9202288 kB
Committed_AS:   66060080 kB
VmallocTotal:   263061440 kB
VmallocUsed:      103436 kB
VmallocChunk:          0 kB
Percpu:             7648 kB
CmaTotal:         294912 kB
CmaFree:               0 kB
MemTotal:       12113132 kB
MemFree:         6387704 kB
MemAvailable:    8097252 kB
Buffers:            6312 kB
Cached:          1900008 kB
SwapCached:            0 kB
Active:          1505716 kB
Inactive:        1655344 kB
Active(anon):    1261184 kB
Inactive(anon):    25824 kB
Active(file):     244532 kB
Inactive(file):  1629520 kB
Unevictable:        5552 kB
Mlocked:            5552 kB
SwapTotal:       3145724 kB
SwapFree:        3145724 kB
Dirty:               300 kB
Writeback:             0 kB
AnonPages:       1260724 kB
Mapped:           852768 kB
Shmem:             27768 kB
KReclaimable:     704200 kB
Slab:             224604 kB
SReclaimable:      79996 kB
SUnreclaim:       144608 kB
KernelStack:       46400 kB
PageTables:        62780 kB
NFS_Unstable:          0 kB
Bounce:                0 kB
WritebackTmp:          0 kB
CommitLimit:     9202288 kB
Committed_AS:   66059816 kB
VmallocTotal:   263061440 kB
VmallocUsed:      103452 kB
VmallocChunk:          0 kB
Percpu:             7648 kB
CmaTotal:         294912 kB
CmaFree:               0 kB
MemTotal:       12113132 kB
MemFree:         6388424 kB
MemAvailable:    8098008 kB
Buffers:            6312 kB
Cached:          1900044 kB
SwapCached:            0 kB
Active:          1506328 kB
Inactive:        1655376 kB
Active(anon):    1261792 kB
Inactive(anon):    25824 kB
Active(file):     244536 kB
Inactive(file):  1629552 kB
Unevictable:        5552 kB
Mlocked:            5552 kB
SwapTotal:       3145724 kB
SwapFree:        3145724 kB
Dirty:               328 kB
Writeback:             0 kB
AnonPages:       1261200 kB
Mapped:           852700 kB
Shmem:             27768 kB
KReclaimable:     704200 kB
Slab:             224612 kB
SReclaimable:      79996 kB
SUnreclaim:       144616 kB
KernelStack:       46468 kB
PageTables:        62744 kB
NFS_Unstable:          0 kB
Bounce:                0 kB
WritebackTmp:          0 kB
CommitLimit:     9202288 kB
Committed_AS:   66058388 kB
VmallocTotal:   263061440 kB
VmallocUsed:      103436 kB
VmallocChunk:          0 kB
Percpu:             7648 kB
CmaTotal:         294912 kB
CmaFree:               8 kB
MemTotal:       12113132 kB
MemFree:         6387488 kB
MemAvailable:    8097084 kB
Buffers:            6312 kB
Cached:          1900056 kB
SwapCached:            0 kB
Active:          1508292 kB
Inactive:        1655388 kB
Active(anon):    1263756 kB
Inactive(anon):    25824 kB
Active(file):     244536 kB
Inactive(file):  1629564 kB
Unevictable:        5552 kB
Mlocked:            5552 kB
SwapTotal:       3145724 kB
SwapFree:        3145724 kB
Dirty:               344 kB
Writeback:             0 kB
AnonPages:       1263188 kB
Mapped:           852580 kB
Shmem:             27768 kB
KReclaimable:     704200 kB
Slab:             224604 kB
SReclaimable:      79996 kB
SUnreclaim:       144608 kB
KernelStack:       46464 kB
PageTables:        62896 kB
NFS_Unstable:          0 kB
Bounce:                0 kB
WritebackTmp:          0 kB
CommitLimit:     9202288 kB
Committed_AS:   66058144 kB
VmallocTotal:   263061440 kB
VmallocUsed:      103404 kB
VmallocChunk:          0 kB
Percpu:             7648 kB
CmaTotal:         294912 kB
CmaFree:               0 kB
MemTotal:       12113132 kB
MemFree:         6385676 kB
MemAvailable:    8095300 kB
Buffers:            6312 kB
Cached:          1900264 kB
SwapCached:            0 kB
Active:          1508376 kB
Inactive:        1655596 kB
Active(anon):    1263840 kB
Inactive(anon):    26020 kB
Active(file):     244536 kB
Inactive(file):  1629576 kB
Unevictable:        5552 kB
Mlocked:            5552 kB
SwapTotal:       3145724 kB
SwapFree:        3145724 kB
Dirty:               368 kB
Writeback:             0 kB
AnonPages:       1262576 kB
Mapped:           852968 kB
Shmem:             27964 kB
KReclaimable:     704216 kB
Slab:             224620 kB
SReclaimable:      80012 kB
SUnreclaim:       144608 kB
KernelStack:       46416 kB
PageTables:        62940 kB
NFS_Unstable:          0 kB
Bounce:                0 kB
WritebackTmp:          0 kB
CommitLimit:     9202288 kB
Committed_AS:   66052300 kB
VmallocTotal:   263061440 kB
VmallocUsed:      103388 kB
VmallocChunk:          0 kB
Percpu:             7648 kB
CmaTotal:         294912 kB
CmaFree:              48 kB
MemTotal:       12113132 kB
MemFree:         6385140 kB
MemAvailable:    8094760 kB
Buffers:            6312 kB
Cached:          1900064 kB
SwapCached:            0 kB
Active:          1509028 kB
Inactive:        1655400 kB
Active(anon):    1264496 kB
Inactive(anon):    25824 kB
Active(file):     244532 kB
Inactive(file):  1629576 kB
Unevictable:        5552 kB
Mlocked:            5552 kB
SwapTotal:       3145724 kB
SwapFree:        3145724 kB
Dirty:               408 kB
Writeback:             0 kB
AnonPages:       1263720 kB
Mapped:           852840 kB
Shmem:             27768 kB
KReclaimable:     704216 kB
Slab:             224620 kB
SReclaimable:      80012 kB
SUnreclaim:       144608 kB
KernelStack:       46384 kB
PageTables:        62852 kB
NFS_Unstable:          0 kB
Bounce:                0 kB
WritebackTmp:          0 kB
CommitLimit:     9202288 kB
Committed_AS:   66049900 kB
VmallocTotal:   263061440 kB
VmallocUsed:      103388 kB
VmallocChunk:          0 kB
Percpu:             7648 kB
CmaTotal:         294912 kB
CmaFree:               0 kB
MemTotal:       12113132 kB
MemFree:         6384380 kB
MemAvailable:    8094036 kB
Buffers:            6312 kB
Cached:          1900100 kB
SwapCached:            0 kB
Active:          1512712 kB
Inactive:        1655436 kB
Active(anon):    1268180 kB
Inactive(anon):    25824 kB
Active(file):     244532 kB
Inactive(file):  1629612 kB
Unevictable:        5552 kB
Mlocked:            5552 kB
SwapTotal:       3145724 kB
SwapFree:        3145724 kB
Dirty:               444 kB
Writeback:             0 kB
AnonPages:       1267028 kB
Mapped:           852700 kB
Shmem:             27768 kB
KReclaimable:     704216 kB
Slab:             224628 kB
SReclaimable:      80012 kB
SUnreclaim:       144616 kB
KernelStack:       46420 kB
PageTables:        62720 kB
NFS_Unstable:          0 kB
Bounce:                0 kB
WritebackTmp:          0 kB
CommitLimit:     9202288 kB
Committed_AS:   66050532 kB
VmallocTotal:   263061440 kB
VmallocUsed:      103388 kB
VmallocChunk:          0 kB
Percpu:             7648 kB
CmaTotal:         294912 kB
CmaFree:               0 kB
MemTotal:       12113132 kB
MemFree:         6385652 kB
MemAvailable:    8095316 kB
Buffers:            6312 kB
Cached:          1900108 kB
SwapCached:            0 kB
Active:          1509996 kB
Inactive:        1655444 kB
Active(anon):    1265464 kB
Inactive(anon):    25824 kB
Active(file):     244532 kB
Inactive(file):  1629620 kB
Unevictable:        5552 kB
Mlocked:            5552 kB
SwapTotal:       3145724 kB
SwapFree:        3145724 kB
Dirty:               448 kB
Writeback:             0 kB
AnonPages:       1264404 kB
Mapped:           852776 kB
Shmem:             27768 kB
KReclaimable:     704216 kB
Slab:             224628 kB
SReclaimable:      80012 kB
SUnreclaim:       144616 kB
KernelStack:       46368 kB
PageTables:        62836 kB
NFS_Unstable:          0 kB
Bounce:                0 kB
WritebackTmp:          0 kB
CommitLimit:     9202288 kB
Committed_AS:   66053596 kB
VmallocTotal:   263061440 kB
VmallocUsed:      103388 kB
VmallocChunk:          0 kB
Percpu:             7648 kB
CmaTotal:         294912 kB
CmaFree:               0 kB
MemTotal:       12113132 kB
MemFree:         6383504 kB
MemAvailable:    8093188 kB
Buffers:            6312 kB
Cached:          1900128 kB
SwapCached:            0 kB
Active:          1510600 kB
Inactive:        1655460 kB
Active(anon):    1266064 kB
Inactive(anon):    25824 kB
Active(file):     244536 kB
Inactive(file):  1629636 kB
Unevictable:        5552 kB
Mlocked:            5552 kB
SwapTotal:       3145724 kB
SwapFree:        3145724 kB
Dirty:               492 kB
Writeback:             0 kB
AnonPages:       1265428 kB
Mapped:           852720 kB
Shmem:             27768 kB
KReclaimable:     704216 kB
Slab:             224628 kB
SReclaimable:      80012 kB
SUnreclaim:       144616 kB
KernelStack:       46404 kB
PageTables:        63028 kB
NFS_Unstable:          0 kB
Bounce:                0 kB
WritebackTmp:          0 kB
CommitLimit:     9202288 kB
Committed_AS:   66053384 kB
VmallocTotal:   263061440 kB
VmallocUsed:      103356 kB
VmallocChunk:          0 kB
Percpu:             7648 kB
CmaTotal:         294912 kB
CmaFree:               0 kB
MemTotal:       12113132 kB
MemFree:         6385348 kB
MemAvailable:    8095040 kB
Buffers:            6312 kB
Cached:          1900136 kB
SwapCached:            0 kB
Active:          1511008 kB
Inactive:        1655464 kB
Active(anon):    1266468 kB
Inactive(anon):    25824 kB
Active(file):     244540 kB
Inactive(file):  1629640 kB
Unevictable:        5552 kB
Mlocked:            5552 kB
SwapTotal:       3145724 kB
SwapFree:        3145724 kB
Dirty:               504 kB
Writeback:             0 kB
AnonPages:       1265328 kB
Mapped:           852580 kB
Shmem:             27768 kB
KReclaimable:     704216 kB
Slab:             224628 kB
SReclaimable:      80012 kB
SUnreclaim:       144616 kB
KernelStack:       46384 kB
PageTables:        62852 kB
NFS_Unstable:          0 kB
Bounce:                0 kB
WritebackTmp:          0 kB
CommitLimit:     9202288 kB
Committed_AS:   66053164 kB
VmallocTotal:   263061440 kB
VmallocUsed:      103372 kB
VmallocChunk:          0 kB
Percpu:             7648 kB
CmaTotal:         294912 kB
CmaFree:             112 kB
MemTotal:       12113132 kB
MemFree:         6383768 kB
MemAvailable:    8093508 kB
Buffers:            6320 kB
Cached:          1900172 kB
SwapCached:            0 kB
Active:          1511224 kB
Inactive:        1655500 kB
Active(anon):    1266676 kB
Inactive(anon):    25824 kB
Active(file):     244548 kB
Inactive(file):  1629676 kB
Unevictable:        5552 kB
Mlocked:            5552 kB
SwapTotal:       3145724 kB
SwapFree:        3145724 kB
Dirty:               500 kB
Writeback:             0 kB
AnonPages:       1265572 kB
Mapped:           852700 kB
Shmem:             27768 kB
KReclaimable:     704220 kB
Slab:             224632 kB
SReclaimable:      80016 kB
SUnreclaim:       144616 kB
KernelStack:       46404 kB
PageTables:        62716 kB
NFS_Unstable:          0 kB
Bounce:                0 kB
WritebackTmp:          0 kB
CommitLimit:     9202288 kB
Committed_AS:   66058036 kB
VmallocTotal:   263061440 kB
VmallocUsed:      103388 kB
VmallocChunk:          0 kB
Percpu:             7648 kB
CmaTotal:         294912 kB
CmaFree:               0 kB
MemTotal:       12113132 kB
MemFree:         6385068 kB
MemAvailable:    8094820 kB
Buffers:            6320 kB
Cached:          1900184 kB
SwapCached:            0 kB
Active:          1508000 kB
Inactive:        1655512 kB
Active(anon):    1263452 kB
Inactive(anon):    25824 kB
Active(file):     244548 kB
Inactive(file):  1629688 kB
Unevictable:        5552 kB
Mlocked:            5552 kB
SwapTotal:       3145724 kB
SwapFree:        3145724 kB
Dirty:               512 kB
Writeback:             0 kB
AnonPages:       1262740 kB
Mapped:           852768 kB
Shmem:             27768 kB
KReclaimable:     704220 kB
Slab:             224632 kB
SReclaimable:      80016 kB
SUnreclaim:       144616 kB
KernelStack:       46404 kB
PageTables:        62780 kB
NFS_Unstable:          0 kB
Bounce:                0 kB
WritebackTmp:          0 kB
CommitLimit:     9202288 kB
Committed_AS:   66063024 kB
VmallocTotal:   263061440 kB
VmallocUsed:      103404 kB
VmallocChunk:          0 kB
Percpu:             7648 kB
CmaTotal:         294912 kB
CmaFree:             324 kB
MemTotal:       12113132 kB
MemFree:         6393312 kB
MemAvailable:    8103072 kB
Buffers:            6320 kB
Cached:          1900192 kB
SwapCached:            0 kB
Active:          1500132 kB
Inactive:        1655520 kB
Active(anon):    1255584 kB
Inactive(anon):    25824 kB
Active(file):     244548 kB
Inactive(file):  1629696 kB
Unevictable:        5552 kB
Mlocked:            5552 kB
SwapTotal:       3145724 kB
SwapFree:        3145724 kB
Dirty:               532 kB
Writeback:             0 kB
AnonPages:       1254608 kB
Mapped:           852700 kB
Shmem:             27768 kB
KReclaimable:     704220 kB
Slab:             224632 kB
SReclaimable:      80016 kB
SUnreclaim:       144616 kB
KernelStack:       46336 kB
PageTables:        62856 kB
NFS_Unstable:          0 kB
Bounce:                0 kB
WritebackTmp:          0 kB
CommitLimit:     9202288 kB
Committed_AS:   66053036 kB
VmallocTotal:   263061440 kB
VmallocUsed:      103388 kB
VmallocChunk:          0 kB
Percpu:             7648 kB
CmaTotal:         294912 kB
CmaFree:             136 kB
MemTotal:       12113132 kB
MemFree:         6392608 kB
MemAvailable:    8102384 kB
Buffers:            6320 kB
Cached:          1900208 kB
SwapCached:            0 kB
Active:          1501004 kB
Inactive:        1655536 kB
Active(anon):    1256456 kB
Inactive(anon):    25824 kB
Active(file):     244548 kB
Inactive(file):  1629712 kB
Unevictable:        5552 kB
Mlocked:            5552 kB
SwapTotal:       3145724 kB
SwapFree:        3145724 kB
Dirty:               548 kB
Writeback:             0 kB
AnonPages:       1255404 kB
Mapped:           852768 kB
Shmem:             27768 kB
KReclaimable:     704220 kB
Slab:             224632 kB
SReclaimable:      80016 kB
SUnreclaim:       144616 kB
KernelStack:       46352 kB
PageTables:        62780 kB
NFS_Unstable:          0 kB
Bounce:                0 kB
WritebackTmp:          0 kB
CommitLimit:     9202288 kB
Committed_AS:   66063800 kB
VmallocTotal:   263061440 kB
VmallocUsed:      103388 kB
VmallocChunk:          0 kB
Percpu:             7648 kB
CmaTotal:         294912 kB
CmaFree:              12 kB
MemTotal:       12113132 kB
MemFree:         6393696 kB
MemAvailable:    8103464 kB
Buffers:            6320 kB
Cached:          1900200 kB
SwapCached:            0 kB
Active:          1500284 kB
Inactive:        1655528 kB
Active(anon):    1255736 kB
Inactive(anon):    25824 kB
Active(file):     244548 kB
Inactive(file):  1629704 kB
Unevictable:        5552 kB
Mlocked:            5552 kB
SwapTotal:       3145724 kB
SwapFree:        3145724 kB
Dirty:               344 kB
Writeback:             0 kB
AnonPages:       1255032 kB
Mapped:           852700 kB
Shmem:             27768 kB
KReclaimable:     704220 kB
Slab:             224632 kB
SReclaimable:      80016 kB
SUnreclaim:       144616 kB
KernelStack:       46388 kB
PageTables:        62732 kB
NFS_Unstable:          0 kB
Bounce:                0 kB
WritebackTmp:          0 kB
CommitLimit:     9202288 kB
Committed_AS:   66059320 kB
VmallocTotal:   263061440 kB
VmallocUsed:      103372 kB
VmallocChunk:          0 kB
Percpu:             7648 kB
CmaTotal:         294912 kB
CmaFree:               0 kB
MemTotal:       12113132 kB
MemFree:         6393024 kB
MemAvailable:    8102824 kB
Buffers:            6320 kB
Cached:          1900232 kB
SwapCached:            0 kB
Active:          1501076 kB
Inactive:        1655556 kB
Active(anon):    1256524 kB
Inactive(anon):    25824 kB
Active(file):     244552 kB
Inactive(file):  1629732 kB
Unevictable:        5552 kB
Mlocked:            5552 kB
SwapTotal:       3145724 kB
SwapFree:        3145724 kB
Dirty:               316 kB
Writeback:             0 kB
AnonPages:       1255880 kB
Mapped:           852768 kB
Shmem:             27768 kB
KReclaimable:     704220 kB
Slab:             224600 kB
SReclaimable:      80016 kB
SUnreclaim:       144584 kB
KernelStack:       46352 kB
PageTables:        62828 kB
NFS_Unstable:          0 kB
Bounce:                0 kB
WritebackTmp:          0 kB
CommitLimit:     9202288 kB
Committed_AS:   66048732 kB
VmallocTotal:   263061440 kB
VmallocUsed:      103356 kB
VmallocChunk:          0 kB
Percpu:             7648 kB
CmaTotal:         294912 kB
CmaFree:               4 kB
MemTotal:       12113132 kB
MemFree:         6392808 kB
MemAvailable:    8102608 kB
Buffers:            6320 kB
Cached:          1900232 kB
SwapCached:            0 kB
Active:          1501264 kB
Inactive:        1655560 kB
Active(anon):    1256716 kB
Inactive(anon):    25824 kB
Active(file):     244548 kB
Inactive(file):  1629736 kB
Unevictable:        5552 kB
Mlocked:            5552 kB
SwapTotal:       3145724 kB
SwapFree:        3145724 kB
Dirty:               312 kB
Writeback:             0 kB
AnonPages:       1255504 kB
Mapped:           852700 kB
Shmem:             27768 kB
KReclaimable:     704220 kB
Slab:             224600 kB
SReclaimable:      80016 kB
SUnreclaim:       144584 kB
KernelStack:       46388 kB
PageTables:        62936 kB
NFS_Unstable:          0 kB
Bounce:                0 kB
WritebackTmp:          0 kB
CommitLimit:     9202288 kB
Committed_AS:   66054328 kB
VmallocTotal:   263061440 kB
VmallocUsed:      103356 kB
VmallocChunk:          0 kB
Percpu:             7648 kB
CmaTotal:         294912 kB
CmaFree:               4 kB
MemTotal:       12113132 kB
MemFree:         6391492 kB
MemAvailable:    8101312 kB
Buffers:            6320 kB
Cached:          1900252 kB
SwapCached:            0 kB
Active:          1502344 kB
Inactive:        1655580 kB
Active(anon):    1257796 kB
Inactive(anon):    25824 kB
Active(file):     244548 kB
Inactive(file):  1629756 kB
Unevictable:        5552 kB
Mlocked:            5552 kB
SwapTotal:       3145724 kB
SwapFree:        3145724 kB
Dirty:               392 kB
Writeback:             0 kB
AnonPages:       1256616 kB
Mapped:           852772 kB
Shmem:             27768 kB
KReclaimable:     704220 kB
Slab:             224600 kB
SReclaimable:      80016 kB
SUnreclaim:       144584 kB
KernelStack:       46400 kB
PageTables:        62888 kB
NFS_Unstable:          0 kB
Bounce:                0 kB
WritebackTmp:          0 kB
CommitLimit:     9202288 kB
Committed_AS:   66059328 kB
VmallocTotal:   263061440 kB
VmallocUsed:      103340 kB
VmallocChunk:          0 kB
Percpu:             7648 kB
CmaTotal:         294912 kB
CmaFree:               0 kB
MemTotal:       12113132 kB
MemFree:         6390544 kB
MemAvailable:    8100376 kB
Buffers:            6320 kB
Cached:          1900264 kB
SwapCached:            0 kB
Active:          1503032 kB
Inactive:        1655596 kB
Active(anon):    1258488 kB
Inactive(anon):    25824 kB
Active(file):     244544 kB
Inactive(file):  1629772 kB
Unevictable:        5552 kB
Mlocked:            5552 kB
SwapTotal:       3145724 kB
SwapFree:        3145724 kB
Dirty:               404 kB
Writeback:             0 kB
AnonPages:       1256976 kB
Mapped:           852700 kB
Shmem:             27768 kB
KReclaimable:     704220 kB
Slab:             224600 kB
SReclaimable:      80016 kB
SUnreclaim:       144584 kB
KernelStack:       46388 kB
PageTables:        62724 kB
NFS_Unstable:          0 kB
Bounce:                0 kB
WritebackTmp:          0 kB
CommitLimit:     9202288 kB
Committed_AS:   66059064 kB
VmallocTotal:   263061440 kB
VmallocUsed:      103356 kB
VmallocChunk:          0 kB
Percpu:             7648 kB
CmaTotal:         294912 kB
CmaFree:               0 kB
MemTotal:       12113132 kB
MemFree:         6390624 kB
MemAvailable:    8100460 kB
Buffers:            6320 kB
Cached:          1900268 kB
SwapCached:            0 kB
Active:          1503136 kB
Inactive:        1655604 kB
Active(anon):    1258596 kB
Inactive(anon):    25824 kB
Active(file):     244540 kB
Inactive(file):  1629780 kB
Unevictable:        5552 kB
Mlocked:            5552 kB
SwapTotal:       3145724 kB
SwapFree:        3145724 kB
Dirty:               412 kB
Writeback:             0 kB
AnonPages:       1257776 kB
Mapped:           852768 kB
Shmem:             27768 kB
KReclaimable:     704220 kB
Slab:             224604 kB
SReclaimable:      80016 kB
SUnreclaim:       144588 kB
KernelStack:       46368 kB
PageTables:        62968 kB
NFS_Unstable:          0 kB
Bounce:                0 kB
WritebackTmp:          0 kB
CommitLimit:     9202288 kB
Committed_AS:   66053760 kB
VmallocTotal:   263061440 kB
VmallocUsed:      103372 kB
VmallocChunk:          0 kB
Percpu:             7648 kB
CmaTotal:         294912 kB
CmaFree:               4 kB
MemTotal:       12113132 kB
MemFree:         6390524 kB
MemAvailable:    8100380 kB
Buffers:            6320 kB
Cached:          1900288 kB
SwapCached:            0 kB
Active:          1504364 kB
Inactive:        1655620 kB
Active(anon):    1259820 kB
Inactive(anon):    25824 kB
Active(file):     244544 kB
Inactive(file):  1629796 kB
Unevictable:        5552 kB
Mlocked:            5552 kB
SwapTotal:       3145724 kB
SwapFree:        3145724 kB
Dirty:               456 kB
Writeback:             0 kB
AnonPages:       1258788 kB
Mapped:           853012 kB
Shmem:             27768 kB
KReclaimable:     704220 kB
Slab:             224612 kB
SReclaimable:      80016 kB
SUnreclaim:       144596 kB
KernelStack:       46352 kB
PageTables:        62848 kB
NFS_Unstable:          0 kB
Bounce:                0 kB
WritebackTmp:          0 kB
CommitLimit:     9202288 kB
Committed_AS:   66043132 kB
VmallocTotal:   263061440 kB
VmallocUsed:      103356 kB
VmallocChunk:          0 kB
Percpu:             7648 kB
CmaTotal:         294912 kB
CmaFree:               0 kB
MemTotal:       12113132 kB
MemFree:         6389992 kB
MemAvailable:    8099876 kB
Buffers:            6320 kB
Cached:          1900316 kB
SwapCached:            0 kB
Active:          1505104 kB
Inactive:        1655640 kB
Active(anon):    1260552 kB
Inactive(anon):    25824 kB
Active(file):     244552 kB
Inactive(file):  1629816 kB
Unevictable:        5552 kB
Mlocked:            5552 kB
SwapTotal:       3145724 kB
SwapFree:        3145724 kB
Dirty:               508 kB
Writeback:             0 kB
AnonPages:       1259632 kB
Mapped:           852748 kB
Shmem:             27768 kB
KReclaimable:     704220 kB
Slab:             224676 kB
SReclaimable:      80016 kB
SUnreclaim:       144660 kB
KernelStack:       46352 kB
PageTables:        62848 kB
NFS_Unstable:          0 kB
Bounce:                0 kB
WritebackTmp:          0 kB
CommitLimit:     9202288 kB
Committed_AS:   66042772 kB
VmallocTotal:   263061440 kB
VmallocUsed:      103340 kB
VmallocChunk:          0 kB
Percpu:             7648 kB
CmaTotal:         294912 kB
CmaFree:               0 kB
MemTotal:       12113132 kB
MemFree:         6388572 kB
MemAvailable:    8098456 kB
Buffers:            6320 kB
Cached:          1900316 kB
SwapCached:            0 kB
Active:          1505948 kB
Inactive:        1655640 kB
Active(anon):    1261396 kB
Inactive(anon):    25824 kB
Active(file):     244552 kB
Inactive(file):  1629816 kB
Unevictable:        5552 kB
Mlocked:            5552 kB
SwapTotal:       3145724 kB
SwapFree:        3145724 kB
Dirty:               540 kB
Writeback:             0 kB
AnonPages:       1260000 kB
Mapped:           852940 kB
Shmem:             27768 kB
KReclaimable:     704220 kB
Slab:             224604 kB
SReclaimable:      80016 kB
SUnreclaim:       144588 kB
KernelStack:       46388 kB
PageTables:        62792 kB
NFS_Unstable:          0 kB
Bounce:                0 kB
WritebackTmp:          0 kB
CommitLimit:     9202288 kB
Committed_AS:   66043488 kB
VmallocTotal:   263061440 kB
VmallocUsed:      103356 kB
VmallocChunk:          0 kB
Percpu:             7648 kB
CmaTotal:         294912 kB
CmaFree:               0 kB
MemTotal:       12113132 kB
MemFree:         6388244 kB
MemAvailable:    8098140 kB
Buffers:            6320 kB
Cached:          1900328 kB
SwapCached:            0 kB
Active:          1505736 kB
Inactive:        1655656 kB
Active(anon):    1261188 kB
Inactive(anon):    25824 kB
Active(file):     244548 kB
Inactive(file):  1629832 kB
Unevictable:        5552 kB
Mlocked:            5552 kB
SwapTotal:       3145724 kB
SwapFree:        3145724 kB
Dirty:               548 kB
Writeback:             0 kB
AnonPages:       1260268 kB
Mapped:           852820 kB
Shmem:             27768 kB
KReclaimable:     704220 kB
Slab:             224596 kB
SReclaimable:      80016 kB
SUnreclaim:       144580 kB
KernelStack:       46348 kB
PageTables:        62964 kB
NFS_Unstable:          0 kB
Bounce:                0 kB
WritebackTmp:          0 kB
CommitLimit:     9202288 kB
Committed_AS:   66047888 kB
VmallocTotal:   263061440 kB
VmallocUsed:      103356 kB
VmallocChunk:          0 kB
Percpu:             7648 kB
CmaTotal:         294912 kB
CmaFree:               0 kB
MemTotal:       12113132 kB
MemFree:         6388132 kB
MemAvailable:    8098036 kB
Buffers:            6320 kB
Cached:          1900336 kB
SwapCached:            0 kB
Active:          1506592 kB
Inactive:        1655664 kB
Active(anon):    1262044 kB
Inactive(anon):    25824 kB
Active(file):     244548 kB
Inactive(file):  1629840 kB
Unevictable:        5552 kB
Mlocked:            5552 kB
SwapTotal:       3145724 kB
SwapFree:        3145724 kB
Dirty:               308 kB
Writeback:             0 kB
AnonPages:       1260748 kB
Mapped:           852752 kB
Shmem:             27768 kB
KReclaimable:     704220 kB
Slab:             224604 kB
SReclaimable:      80016 kB
SUnreclaim:       144588 kB
KernelStack:       46368 kB
PageTables:        62852 kB
NFS_Unstable:          0 kB
Bounce:                0 kB
WritebackTmp:          0 kB
CommitLimit:     9202288 kB
Committed_AS:   66042648 kB
VmallocTotal:   263061440 kB
VmallocUsed:      103340 kB
VmallocChunk:          0 kB
Percpu:             7648 kB
CmaTotal:         294912 kB
CmaFree:               0 kB
MemTotal:       12113132 kB
MemFree:         6403980 kB
MemAvailable:    8113920 kB
Buffers:            6324 kB
Cached:          1900368 kB
SwapCached:            0 kB
Active:          1490992 kB
Inactive:        1655696 kB
Active(anon):    1246440 kB
Inactive(anon):    25824 kB
Active(file):     244552 kB
Inactive(file):  1629872 kB
Unevictable:        5552 kB
Mlocked:            5552 kB
SwapTotal:       3145724 kB
SwapFree:        3145724 kB
Dirty:               320 kB
Writeback:             0 kB
AnonPages:       1245520 kB
Mapped:           852748 kB
Shmem:             27768 kB
KReclaimable:     704220 kB
Slab:             224628 kB
SReclaimable:      80016 kB
SUnreclaim:       144612 kB
KernelStack:       46352 kB
PageTables:        62844 kB
NFS_Unstable:          0 kB
Bounce:                0 kB
WritebackTmp:          0 kB
CommitLimit:     9202288 kB
Committed_AS:   66043604 kB
VmallocTotal:   263061440 kB
VmallocUsed:      103308 kB
VmallocChunk:          0 kB
Percpu:             7648 kB
CmaTotal:         294912 kB
CmaFree:             248 kB
MemTotal:       12113132 kB
MemFree:         6402812 kB
MemAvailable:    8112800 kB
Buffers:            6324 kB
Cached:          1900416 kB
SwapCached:            0 kB
Active:          1491336 kB
Inactive:        1655740 kB
Active(anon):    1246780 kB
Inactive(anon):    25824 kB
Active(file):     244556 kB
Inactive(file):  1629916 kB
Unevictable:        5552 kB
Mlocked:            5552 kB
SwapTotal:       3145724 kB
SwapFree:        3145724 kB
Dirty:               324 kB
Writeback:             0 kB
AnonPages:       1246024 kB
Mapped:           852868 kB
Shmem:             27768 kB
KReclaimable:     704220 kB
Slab:             224652 kB
SReclaimable:      80016 kB
SUnreclaim:       144636 kB
KernelStack:       46372 kB
PageTables:        62732 kB
NFS_Unstable:          0 kB
Bounce:                0 kB
WritebackTmp:          0 kB
CommitLimit:     9202288 kB
Committed_AS:   66043852 kB
VmallocTotal:   263061440 kB
VmallocUsed:      103324 kB
VmallocChunk:          0 kB
Percpu:             7648 kB
CmaTotal:         294912 kB
CmaFree:             204 kB
MemTotal:       12113132 kB
MemFree:         6401536 kB
MemAvailable:    8111500 kB
Buffers:            6324 kB
Cached:          1900396 kB
SwapCached:            0 kB
Active:          1492468 kB
Inactive:        1655720 kB
Active(anon):    1247912 kB
Inactive(anon):    25828 kB
Active(file):     244556 kB
Inactive(file):  1629892 kB
Unevictable:        5552 kB
Mlocked:            5552 kB
SwapTotal:       3145724 kB
SwapFree:        3145724 kB
Dirty:               416 kB
Writeback:             0 kB
AnonPages:       1246968 kB
Mapped:           852776 kB
Shmem:             27772 kB
KReclaimable:     704220 kB
Slab:             224636 kB
SReclaimable:      80016 kB
SUnreclaim:       144620 kB
KernelStack:       46316 kB
PageTables:        62924 kB
NFS_Unstable:          0 kB
Bounce:                0 kB
WritebackTmp:          0 kB
CommitLimit:     9202288 kB
Committed_AS:   66048532 kB
VmallocTotal:   263061440 kB
VmallocUsed:      103308 kB
VmallocChunk:          0 kB
Percpu:             7648 kB
CmaTotal:         294912 kB
CmaFree:               0 kB
MemTotal:       12113132 kB
MemFree:         6401228 kB
MemAvailable:    8111196 kB
Buffers:            6324 kB
Cached:          1900400 kB
SwapCached:            0 kB
Active:          1493092 kB
Inactive:        1655732 kB
Active(anon):    1248544 kB
Inactive(anon):    25828 kB
Active(file):     244548 kB
Inactive(file):  1629904 kB
Unevictable:        5552 kB
Mlocked:            5552 kB
SwapTotal:       3145724 kB
SwapFree:        3145724 kB
Dirty:               416 kB
Writeback:             0 kB
AnonPages:       1247872 kB
Mapped:           852944 kB
Shmem:             27772 kB
KReclaimable:     704220 kB
Slab:             224636 kB
SReclaimable:      80016 kB
SUnreclaim:       144620 kB
KernelStack:       46320 kB
PageTables:        62800 kB
NFS_Unstable:          0 kB
Bounce:                0 kB
WritebackTmp:          0 kB
CommitLimit:     9202288 kB
Committed_AS:   66053588 kB
VmallocTotal:   263061440 kB
VmallocUsed:      103340 kB
VmallocChunk:          0 kB
Percpu:             7648 kB
CmaTotal:         294912 kB
CmaFree:               0 kB
MemTotal:       12113132 kB
MemFree:         6401964 kB
MemAvailable:    8111956 kB
Buffers:            6324 kB
Cached:          1900424 kB
SwapCached:            0 kB
Active:          1493268 kB
Inactive:        1655748 kB
Active(anon):    1248712 kB
Inactive(anon):    25828 kB
Active(file):     244556 kB
Inactive(file):  1629920 kB
Unevictable:        5552 kB
Mlocked:            5552 kB
SwapTotal:       3145724 kB
SwapFree:        3145724 kB
Dirty:               444 kB
Writeback:             0 kB
AnonPages:       1247896 kB
Mapped:           852940 kB
Shmem:             27772 kB
KReclaimable:     704220 kB
Slab:             224636 kB
SReclaimable:      80016 kB
SUnreclaim:       144620 kB
KernelStack:       46320 kB
PageTables:        62796 kB
NFS_Unstable:          0 kB
Bounce:                0 kB
WritebackTmp:          0 kB
CommitLimit:     9202288 kB
Committed_AS:   66054492 kB
VmallocTotal:   263061440 kB
VmallocUsed:      103324 kB
VmallocChunk:          0 kB
Percpu:             7648 kB
CmaTotal:         294912 kB
CmaFree:             100 kB
MemTotal:       12113132 kB
MemFree:         6401244 kB
MemAvailable:    8111252 kB
Buffers:            6324 kB
Cached:          1900440 kB
SwapCached:            0 kB
Active:          1493076 kB
Inactive:        1655764 kB
Active(anon):    1248520 kB
Inactive(anon):    25828 kB
Active(file):     244556 kB
Inactive(file):  1629936 kB
Unevictable:        5552 kB
Mlocked:            5552 kB
SwapTotal:       3145724 kB
SwapFree:        3145724 kB
Dirty:               472 kB
Writeback:             0 kB
AnonPages:       1247356 kB
Mapped:           852872 kB
Shmem:             27772 kB
KReclaimable:     704220 kB
Slab:             224652 kB
SReclaimable:      80016 kB
SUnreclaim:       144636 kB
KernelStack:       46372 kB
PageTables:        62724 kB
NFS_Unstable:          0 kB
Bounce:                0 kB
WritebackTmp:          0 kB
CommitLimit:     9202288 kB
Committed_AS:   66059508 kB
VmallocTotal:   263061440 kB
VmallocUsed:      103340 kB
VmallocChunk:          0 kB
Percpu:             7648 kB
CmaTotal:         294912 kB
CmaFree:               8 kB
MemTotal:       12113132 kB
MemFree:         6400016 kB
MemAvailable:    8110032 kB
Buffers:            6324 kB
Cached:          1900448 kB
SwapCached:            0 kB
Active:          1493652 kB
Inactive:        1655772 kB
Active(anon):    1249096 kB
Inactive(anon):    25828 kB
Active(file):     244556 kB
Inactive(file):  1629944 kB
Unevictable:        5552 kB
Mlocked:            5552 kB
SwapTotal:       3145724 kB
SwapFree:        3145724 kB
Dirty:               480 kB
Writeback:             0 kB
AnonPages:       1248340 kB
Mapped:           852704 kB
Shmem:             27772 kB
KReclaimable:     704220 kB
Slab:             224636 kB
SReclaimable:      80016 kB
SUnreclaim:       144620 kB
KernelStack:       46336 kB
PageTables:        62856 kB
NFS_Unstable:          0 kB
Bounce:                0 kB
WritebackTmp:          0 kB
CommitLimit:     9202288 kB
Committed_AS:   66059212 kB
VmallocTotal:   263061440 kB
VmallocUsed:      103292 kB
VmallocChunk:          0 kB
Percpu:             7648 kB
CmaTotal:         294912 kB
CmaFree:               0 kB
MemTotal:       12113132 kB
MemFree:         6430732 kB
MemAvailable:    8140756 kB
Buffers:            6324 kB
Cached:          1900456 kB
SwapCached:            0 kB
Active:          1462176 kB
Inactive:        1655784 kB
Active(anon):    1217624 kB
Inactive(anon):    25828 kB
Active(file):     244552 kB
Inactive(file):  1629956 kB
Unevictable:        5552 kB
Mlocked:            5552 kB
SwapTotal:       3145724 kB
SwapFree:        3145724 kB
Dirty:               492 kB
Writeback:             0 kB
AnonPages:       1216700 kB
Mapped:           852748 kB
Shmem:             27772 kB
KReclaimable:     704220 kB
Slab:             224644 kB
SReclaimable:      80016 kB
SUnreclaim:       144628 kB
KernelStack:       46288 kB
PageTables:        62840 kB
NFS_Unstable:          0 kB
Bounce:                0 kB
WritebackTmp:          0 kB
CommitLimit:     9202288 kB
Committed_AS:   66056472 kB
VmallocTotal:   263061440 kB
VmallocUsed:      103324 kB
VmallocChunk:          0 kB
Percpu:             7648 kB
CmaTotal:         294912 kB
CmaFree:               0 kB
MemTotal:       12113132 kB
MemFree:         6430292 kB
MemAvailable:    8140332 kB
Buffers:            6324 kB
Cached:          1900472 kB
SwapCached:            0 kB
Active:          1462684 kB
Inactive:        1655796 kB
Active(anon):    1218128 kB
Inactive(anon):    25828 kB
Active(file):     244556 kB
Inactive(file):  1629968 kB
Unevictable:        5552 kB
Mlocked:            5552 kB
SwapTotal:       3145724 kB
SwapFree:        3145724 kB
Dirty:               508 kB
Writeback:             0 kB
AnonPages:       1217540 kB
Mapped:           852796 kB
Shmem:             27772 kB
KReclaimable:     704220 kB
Slab:             224636 kB
SReclaimable:      80016 kB
SUnreclaim:       144620 kB
KernelStack:       46304 kB
PageTables:        62784 kB
NFS_Unstable:          0 kB
Bounce:                0 kB
WritebackTmp:          0 kB
CommitLimit:     9202288 kB
Committed_AS:   66053272 kB
VmallocTotal:   263061440 kB
VmallocUsed:      103324 kB
VmallocChunk:          0 kB
Percpu:             7648 kB
CmaTotal:         294912 kB
CmaFree:               0 kB
MemTotal:       12113132 kB
MemFree:         6404556 kB
MemAvailable:    8114612 kB
Buffers:            6324 kB
Cached:          1900252 kB
SwapCached:            0 kB
Active:          1490512 kB
Inactive:        1655996 kB
Active(anon):    1245956 kB
Inactive(anon):    26012 kB
Active(file):     244556 kB
Inactive(file):  1629984 kB
Unevictable:        5552 kB
Mlocked:            5552 kB
SwapTotal:       3145724 kB
SwapFree:        3145724 kB
Dirty:               268 kB
Writeback:             0 kB
AnonPages:       1245312 kB
Mapped:           853076 kB
Shmem:             27536 kB
KReclaimable:     704220 kB
Slab:             224644 kB
SReclaimable:      80016 kB
SUnreclaim:       144628 kB
KernelStack:       46256 kB
PageTables:        62688 kB
NFS_Unstable:          0 kB
Bounce:                0 kB
WritebackTmp:          0 kB
CommitLimit:     9202288 kB
Committed_AS:   66059608 kB
VmallocTotal:   263061440 kB
VmallocUsed:      103292 kB
VmallocChunk:          0 kB
Percpu:             7648 kB
CmaTotal:         294912 kB
CmaFree:               0 kB
MemTotal:       12113132 kB
MemFree:         6406984 kB
MemAvailable:    8117052 kB
Buffers:            6324 kB
Cached:          1900500 kB
SwapCached:            0 kB
Active:          1486120 kB
Inactive:        1655812 kB
Active(anon):    1241552 kB
Inactive(anon):    25828 kB
Active(file):     244568 kB
Inactive(file):  1629984 kB
Unevictable:        5552 kB
Mlocked:            5552 kB
SwapTotal:       3145724 kB
SwapFree:        3145724 kB
Dirty:               316 kB
Writeback:             0 kB
AnonPages:       1240988 kB
Mapped:           852752 kB
Shmem:             27772 kB
KReclaimable:     704220 kB
Slab:             224596 kB
SReclaimable:      80016 kB
SUnreclaim:       144580 kB
KernelStack:       46288 kB
PageTables:        62852 kB
NFS_Unstable:          0 kB
Bounce:                0 kB
WritebackTmp:          0 kB
CommitLimit:     9202288 kB
Committed_AS:   66059212 kB
VmallocTotal:   263061440 kB
VmallocUsed:      103276 kB
VmallocChunk:          0 kB
Percpu:             7648 kB
CmaTotal:         294912 kB
CmaFree:               8 kB
MemTotal:       12113132 kB
MemFree:         6407724 kB
MemAvailable:    8117796 kB
Buffers:            6324 kB
Cached:          1900504 kB
SwapCached:            0 kB
Active:          1486112 kB
Inactive:        1655816 kB
Active(anon):    1241544 kB
Inactive(anon):    25828 kB
Active(file):     244568 kB
Inactive(file):  1629988 kB
Unevictable:        5552 kB
Mlocked:            5552 kB
SwapTotal:       3145724 kB
SwapFree:        3145724 kB
Dirty:               368 kB
Writeback:             0 kB
AnonPages:       1240940 kB
Mapped:           852944 kB
Shmem:             27772 kB
KReclaimable:     704220 kB
Slab:             224604 kB
SReclaimable:      80016 kB
SUnreclaim:       144588 kB
KernelStack:       46240 kB
PageTables:        62796 kB
NFS_Unstable:          0 kB
Bounce:                0 kB
WritebackTmp:          0 kB
CommitLimit:     9202288 kB
Committed_AS:   66058948 kB
VmallocTotal:   263061440 kB
VmallocUsed:      103292 kB
VmallocChunk:          0 kB
Percpu:             7648 kB
CmaTotal:         294912 kB
CmaFree:              96 kB
MemTotal:       12113132 kB
MemFree:         6408616 kB
MemAvailable:    8118700 kB
Buffers:            6324 kB
Cached:          1900752 kB
SwapCached:            0 kB
Active:          1485952 kB
Inactive:        1656068 kB
Active(anon):    1241384 kB
Inactive(anon):    26068 kB
Active(file):     244568 kB
Inactive(file):  1630000 kB
Unevictable:        5552 kB
Mlocked:            5552 kB
SwapTotal:       3145724 kB
SwapFree:        3145724 kB
Dirty:               380 kB
Writeback:             0 kB
AnonPages:       1240664 kB
Mapped:           853132 kB
Shmem:             28008 kB
KReclaimable:     704220 kB
Slab:             224620 kB
SReclaimable:      80016 kB
SUnreclaim:       144604 kB
KernelStack:       46272 kB
PageTables:        62888 kB
NFS_Unstable:          0 kB
Bounce:                0 kB
WritebackTmp:          0 kB
CommitLimit:     9202288 kB
Committed_AS:   66056472 kB
VmallocTotal:   263061440 kB
VmallocUsed:      103244 kB
VmallocChunk:          0 kB
Percpu:             7648 kB
CmaTotal:         294912 kB
CmaFree:             344 kB
MemTotal:       12113132 kB
MemFree:         6408240 kB
MemAvailable:    8118320 kB
Buffers:            6324 kB
Cached:          1900528 kB
SwapCached:            0 kB
Active:          1486496 kB
Inactive:        1655840 kB
Active(anon):    1241928 kB
Inactive(anon):    25828 kB
Active(file):     244568 kB
Inactive(file):  1630012 kB
Unevictable:        5552 kB
Mlocked:            5552 kB
SwapTotal:       3145724 kB
SwapFree:        3145724 kB
Dirty:               392 kB
Writeback:             0 kB
AnonPages:       1240648 kB
Mapped:           852872 kB
Shmem:             27772 kB
KReclaimable:     704204 kB
Slab:             224588 kB
SReclaimable:      80000 kB
SUnreclaim:       144588 kB
KernelStack:       46276 kB
PageTables:        62728 kB
NFS_Unstable:          0 kB
Bounce:                0 kB
WritebackTmp:          0 kB
CommitLimit:     9202288 kB
Committed_AS:   66057124 kB
VmallocTotal:   263061440 kB
VmallocUsed:      103260 kB
