MemTotal:       12113140 kB
MemFree:         6831904 kB
MemAvailable:    8223020 kB
Buffers:            6464 kB
Cached:          1630088 kB
SwapCached:            0 kB
Active:          1366124 kB
Inactive:        1422208 kB
Active(anon):    1158240 kB
Inactive(anon):    20584 kB
Active(file):     207884 kB
Inactive(file):  1401624 kB
Unevictable:        5556 kB
Mlocked:            5556 kB
SwapTotal:       3145724 kB
SwapFree:        3145724 kB
Dirty:               176 kB
Writeback:             0 kB
AnonPages:       1157640 kB
Mapped:           812208 kB
Shmem:             22524 kB
KReclaimable:     650312 kB
Slab:             205016 kB
SReclaimable:      67760 kB
SUnreclaim:       137256 kB
KernelStack:       42096 kB
PageTables:        56392 kB
NFS_Unstable:          0 kB
Bounce:                0 kB
WritebackTmp:          0 kB
CommitLimit:     9202292 kB
Committed_AS:   57855532 kB
VmallocTotal:   263061440 kB
VmallocUsed:       98992 kB
VmallocChunk:          0 kB
Percpu:             7616 kB
CmaTotal:         294912 kB
CmaFree:               0 kB
MemTotal:       12113140 kB
MemFree:         6830092 kB
MemAvailable:    8221208 kB
Buffers:            6464 kB
Cached:          1630096 kB
SwapCached:            0 kB
Active:          1364948 kB
Inactive:        1422216 kB
Active(anon):    1157064 kB
Inactive(anon):    20592 kB
Active(file):     207884 kB
Inactive(file):  1401624 kB
Unevictable:        5556 kB
Mlocked:            5556 kB
SwapTotal:       3145724 kB
SwapFree:        3145724 kB
Dirty:               176 kB
Writeback:             0 kB
AnonPages:       1156088 kB
Mapped:           809892 kB
Shmem:             22532 kB
KReclaimable:     650312 kB
Slab:             205008 kB
SReclaimable:      67760 kB
SUnreclaim:       137248 kB
KernelStack:       42132 kB
PageTables:        56408 kB
NFS_Unstable:          0 kB
Bounce:                0 kB
WritebackTmp:          0 kB
CommitLimit:     9202292 kB
Committed_AS:   57859732 kB
VmallocTotal:   263061440 kB
VmallocUsed:       99008 kB
VmallocChunk:          0 kB
Percpu:             7616 kB
CmaTotal:         294912 kB
CmaFree:               0 kB
MemTotal:       12113140 kB
MemFree:         6843208 kB
MemAvailable:    8234332 kB
Buffers:            6464 kB
Cached:          1630104 kB
SwapCached:            0 kB
Active:          1351172 kB
Inactive:        1422224 kB
Active(anon):    1143288 kB
Inactive(anon):    20592 kB
Active(file):     207884 kB
Inactive(file):  1401632 kB
Unevictable:        5556 kB
Mlocked:            5556 kB
SwapTotal:       3145724 kB
SwapFree:        3145724 kB
Dirty:               192 kB
Writeback:             0 kB
AnonPages:       1142132 kB
Mapped:           809632 kB
Shmem:             22532 kB
KReclaimable:     650312 kB
Slab:             205008 kB
SReclaimable:      67760 kB
SUnreclaim:       137248 kB
KernelStack:       42112 kB
PageTables:        56412 kB
NFS_Unstable:          0 kB
Bounce:                0 kB
WritebackTmp:          0 kB
CommitLimit:     9202292 kB
Committed_AS:   57859336 kB
VmallocTotal:   263061440 kB
VmallocUsed:       98992 kB
VmallocChunk:          0 kB
Percpu:             7616 kB
CmaTotal:         294912 kB
CmaFree:              32 kB
MemTotal:       12113140 kB
MemFree:         6844068 kB
MemAvailable:    8235192 kB
Buffers:            6464 kB
Cached:          1630104 kB
SwapCached:            0 kB
Active:          1351368 kB
Inactive:        1422224 kB
Active(anon):    1143484 kB
Inactive(anon):    20592 kB
Active(file):     207884 kB
Inactive(file):  1401632 kB
Unevictable:        5556 kB
Mlocked:            5556 kB
SwapTotal:       3145724 kB
SwapFree:        3145724 kB
Dirty:               196 kB
Writeback:             0 kB
AnonPages:       1142632 kB
Mapped:           809816 kB
Shmem:             22532 kB
KReclaimable:     650312 kB
Slab:             205008 kB
SReclaimable:      67760 kB
SUnreclaim:       137248 kB
KernelStack:       42064 kB
PageTables:        56344 kB
NFS_Unstable:          0 kB
Bounce:                0 kB
WritebackTmp:          0 kB
CommitLimit:     9202292 kB
Committed_AS:   57859256 kB
VmallocTotal:   263061440 kB
VmallocUsed:       98992 kB
VmallocChunk:          0 kB
Percpu:             7616 kB
CmaTotal:         294912 kB
CmaFree:               0 kB
MemTotal:       12113140 kB
MemFree:         6843024 kB
MemAvailable:    8234148 kB
Buffers:            6464 kB
Cached:          1630104 kB
SwapCached:            0 kB
Active:          1351512 kB
Inactive:        1422224 kB
Active(anon):    1143628 kB
Inactive(anon):    20592 kB
Active(file):     207884 kB
Inactive(file):  1401632 kB
Unevictable:        5556 kB
Mlocked:            5556 kB
SwapTotal:       3145724 kB
SwapFree:        3145724 kB
Dirty:               132 kB
Writeback:             0 kB
AnonPages:       1143272 kB
Mapped:           809620 kB
Shmem:             22532 kB
KReclaimable:     650312 kB
Slab:             205008 kB
SReclaimable:      67760 kB
SUnreclaim:       137248 kB
KernelStack:       42096 kB
PageTables:        56400 kB
NFS_Unstable:          0 kB
Bounce:                0 kB
WritebackTmp:          0 kB
CommitLimit:     9202292 kB
Committed_AS:   57859620 kB
VmallocTotal:   263061440 kB
VmallocUsed:       99008 kB
VmallocChunk:          0 kB
Percpu:             7616 kB
CmaTotal:         294912 kB
CmaFree:               0 kB
MemTotal:       12113140 kB
MemFree:         6842868 kB
MemAvailable:    8233992 kB
Buffers:            6464 kB
Cached:          1630104 kB
SwapCached:            0 kB
Active:          1352672 kB
Inactive:        1422224 kB
Active(anon):    1144788 kB
Inactive(anon):    20592 kB
Active(file):     207884 kB
Inactive(file):  1401632 kB
Unevictable:        5556 kB
Mlocked:            5556 kB
SwapTotal:       3145724 kB
SwapFree:        3145724 kB
Dirty:               156 kB
Writeback:             0 kB
AnonPages:       1144060 kB
Mapped:           809884 kB
Shmem:             22532 kB
KReclaimable:     650312 kB
Slab:             205008 kB
SReclaimable:      67760 kB
SUnreclaim:       137248 kB
KernelStack:       42112 kB
PageTables:        56404 kB
NFS_Unstable:          0 kB
Bounce:                0 kB
WritebackTmp:          0 kB
CommitLimit:     9202292 kB
Committed_AS:   57859884 kB
VmallocTotal:   263061440 kB
VmallocUsed:       99008 kB
VmallocChunk:          0 kB
Percpu:             7616 kB
CmaTotal:         294912 kB
CmaFree:               0 kB
MemTotal:       12113140 kB
MemFree:         6842744 kB
MemAvailable:    8233868 kB
Buffers:            6464 kB
Cached:          1630104 kB
SwapCached:            0 kB
Active:          1353100 kB
Inactive:        1422224 kB
Active(anon):    1145216 kB
Inactive(anon):    20592 kB
Active(file):     207884 kB
Inactive(file):  1401632 kB
Unevictable:        5556 kB
Mlocked:            5556 kB
SwapTotal:       3145724 kB
SwapFree:        3145724 kB
Dirty:               156 kB
Writeback:             0 kB
AnonPages:       1144540 kB
Mapped:           809884 kB
Shmem:             22532 kB
KReclaimable:     650312 kB
Slab:             205008 kB
SReclaimable:      67760 kB
SUnreclaim:       137248 kB
KernelStack:       42096 kB
PageTables:        56404 kB
NFS_Unstable:          0 kB
Bounce:                0 kB
WritebackTmp:          0 kB
CommitLimit:     9202292 kB
Committed_AS:   57859444 kB
VmallocTotal:   263061440 kB
VmallocUsed:       99008 kB
VmallocChunk:          0 kB
Percpu:             7616 kB
CmaTotal:         294912 kB
CmaFree:               0 kB
MemTotal:       12113140 kB
MemFree:         6842184 kB
MemAvailable:    8233316 kB
Buffers:            6472 kB
Cached:          1630104 kB
SwapCached:            0 kB
Active:          1353484 kB
Inactive:        1422232 kB
Active(anon):    1145600 kB
Inactive(anon):    20592 kB
Active(file):     207884 kB
Inactive(file):  1401640 kB
Unevictable:        5556 kB
Mlocked:            5556 kB
SwapTotal:       3145724 kB
SwapFree:        3145724 kB
Dirty:               140 kB
Writeback:             0 kB
AnonPages:       1144592 kB
Mapped:           809956 kB
Shmem:             22532 kB
KReclaimable:     650312 kB
Slab:             205008 kB
SReclaimable:      67760 kB
SUnreclaim:       137248 kB
KernelStack:       42112 kB
PageTables:        56464 kB
NFS_Unstable:          0 kB
Bounce:                0 kB
WritebackTmp:          0 kB
CommitLimit:     9202292 kB
Committed_AS:   57859224 kB
VmallocTotal:   263061440 kB
VmallocUsed:       99008 kB
VmallocChunk:          0 kB
Percpu:             7616 kB
CmaTotal:         294912 kB
CmaFree:               0 kB
MemTotal:       12113140 kB
MemFree:         6841132 kB
MemAvailable:    8232272 kB
Buffers:            6472 kB
Cached:          1630112 kB
SwapCached:            0 kB
Active:          1353508 kB
Inactive:        1422232 kB
Active(anon):    1145616 kB
Inactive(anon):    20592 kB
Active(file):     207892 kB
Inactive(file):  1401640 kB
Unevictable:        5556 kB
Mlocked:            5556 kB
SwapTotal:       3145724 kB
SwapFree:        3145724 kB
Dirty:               152 kB
Writeback:             0 kB
AnonPages:       1144760 kB
Mapped:           809752 kB
Shmem:             22532 kB
KReclaimable:     650312 kB
Slab:             205000 kB
SReclaimable:      67760 kB
SUnreclaim:       137240 kB
KernelStack:       42132 kB
PageTables:        56296 kB
NFS_Unstable:          0 kB
Bounce:                0 kB
WritebackTmp:          0 kB
CommitLimit:     9202292 kB
Committed_AS:   57859524 kB
VmallocTotal:   263061440 kB
VmallocUsed:       98992 kB
VmallocChunk:          0 kB
Percpu:             7616 kB
CmaTotal:         294912 kB
CmaFree:               0 kB
MemTotal:       12113140 kB
MemFree:         6840600 kB
MemAvailable:    8231740 kB
Buffers:            6472 kB
Cached:          1630112 kB
SwapCached:            0 kB
Active:          1353384 kB
Inactive:        1422232 kB
Active(anon):    1145492 kB
Inactive(anon):    20592 kB
Active(file):     207892 kB
Inactive(file):  1401640 kB
Unevictable:        5556 kB
Mlocked:            5556 kB
SwapTotal:       3145724 kB
SwapFree:        3145724 kB
Dirty:               128 kB
Writeback:             0 kB
AnonPages:       1144548 kB
Mapped:           809636 kB
Shmem:             22532 kB
KReclaimable:     650312 kB
Slab:             205008 kB
SReclaimable:      67760 kB
SUnreclaim:       137248 kB
KernelStack:       42148 kB
PageTables:        56416 kB
NFS_Unstable:          0 kB
Bounce:                0 kB
WritebackTmp:          0 kB
CommitLimit:     9202292 kB
Committed_AS:   57854280 kB
VmallocTotal:   263061440 kB
VmallocUsed:       99008 kB
VmallocChunk:          0 kB
Percpu:             7616 kB
CmaTotal:         294912 kB
CmaFree:               0 kB
MemTotal:       12113140 kB
MemFree:         6840908 kB
MemAvailable:    8232048 kB
Buffers:            6472 kB
Cached:          1630112 kB
SwapCached:            0 kB
Active:          1354416 kB
Inactive:        1422232 kB
Active(anon):    1146524 kB
Inactive(anon):    20592 kB
Active(file):     207892 kB
Inactive(file):  1401640 kB
Unevictable:        5556 kB
Mlocked:            5556 kB
SwapTotal:       3145724 kB
SwapFree:        3145724 kB
Dirty:               128 kB
Writeback:             0 kB
AnonPages:       1145676 kB
Mapped:           809824 kB
Shmem:             22532 kB
KReclaimable:     650312 kB
Slab:             205000 kB
SReclaimable:      67760 kB
SUnreclaim:       137240 kB
KernelStack:       42084 kB
PageTables:        56356 kB
NFS_Unstable:          0 kB
Bounce:                0 kB
WritebackTmp:          0 kB
CommitLimit:     9202292 kB
Committed_AS:   57855400 kB
VmallocTotal:   263061440 kB
VmallocUsed:       98976 kB
VmallocChunk:          0 kB
Percpu:             7616 kB
CmaTotal:         294912 kB
CmaFree:               0 kB
MemTotal:       12113140 kB
MemFree:         6840948 kB
MemAvailable:    8232088 kB
Buffers:            6472 kB
Cached:          1630112 kB
SwapCached:            0 kB
Active:          1354652 kB
Inactive:        1422232 kB
Active(anon):    1146760 kB
Inactive(anon):    20592 kB
Active(file):     207892 kB
Inactive(file):  1401640 kB
Unevictable:        5556 kB
Mlocked:            5556 kB
SwapTotal:       3145724 kB
SwapFree:        3145724 kB
Dirty:               128 kB
Writeback:             0 kB
AnonPages:       1146224 kB
Mapped:           809880 kB
Shmem:             22532 kB
KReclaimable:     650312 kB
Slab:             205008 kB
SReclaimable:      67760 kB
SUnreclaim:       137248 kB
KernelStack:       42064 kB
PageTables:        56404 kB
NFS_Unstable:          0 kB
Bounce:                0 kB
WritebackTmp:          0 kB
CommitLimit:     9202292 kB
Committed_AS:   57858856 kB
VmallocTotal:   263061440 kB
VmallocUsed:       98960 kB
VmallocChunk:          0 kB
Percpu:             7616 kB
CmaTotal:         294912 kB
CmaFree:               0 kB
MemTotal:       12113140 kB
MemFree:         6839852 kB
MemAvailable:    8230992 kB
Buffers:            6472 kB
Cached:          1630112 kB
SwapCached:            0 kB
Active:          1355292 kB
Inactive:        1422232 kB
Active(anon):    1147400 kB
Inactive(anon):    20592 kB
Active(file):     207892 kB
Inactive(file):  1401640 kB
Unevictable:        5556 kB
Mlocked:            5556 kB
SwapTotal:       3145724 kB
SwapFree:        3145724 kB
Dirty:               128 kB
Writeback:             0 kB
AnonPages:       1146656 kB
Mapped:           809636 kB
Shmem:             22532 kB
KReclaimable:     650312 kB
Slab:             205008 kB
SReclaimable:      67760 kB
SUnreclaim:       137248 kB
KernelStack:       42032 kB
PageTables:        56412 kB
NFS_Unstable:          0 kB
Bounce:                0 kB
WritebackTmp:          0 kB
CommitLimit:     9202292 kB
Committed_AS:   57858548 kB
VmallocTotal:   263061440 kB
VmallocUsed:       98960 kB
VmallocChunk:          0 kB
Percpu:             7616 kB
CmaTotal:         294912 kB
CmaFree:               0 kB
MemTotal:       12113140 kB
MemFree:         6838708 kB
MemAvailable:    8229848 kB
Buffers:            6472 kB
Cached:          1630112 kB
SwapCached:            0 kB
Active:          1355676 kB
Inactive:        1422232 kB
Active(anon):    1147784 kB
Inactive(anon):    20592 kB
Active(file):     207892 kB
Inactive(file):  1401640 kB
Unevictable:        5556 kB
Mlocked:            5556 kB
SwapTotal:       3145724 kB
SwapFree:        3145724 kB
Dirty:               128 kB
Writeback:             0 kB
AnonPages:       1147020 kB
Mapped:           809884 kB
Shmem:             22532 kB
KReclaimable:     650312 kB
Slab:             205008 kB
SReclaimable:      67760 kB
SUnreclaim:       137248 kB
KernelStack:       42064 kB
PageTables:        56404 kB
NFS_Unstable:          0 kB
Bounce:                0 kB
WritebackTmp:          0 kB
CommitLimit:     9202292 kB
Committed_AS:   57858520 kB
VmallocTotal:   263061440 kB
VmallocUsed:       98944 kB
VmallocChunk:          0 kB
Percpu:             7616 kB
CmaTotal:         294912 kB
CmaFree:               0 kB
MemTotal:       12113140 kB
MemFree:         6839500 kB
MemAvailable:    8230640 kB
Buffers:            6472 kB
Cached:          1630112 kB
SwapCached:            0 kB
Active:          1355860 kB
Inactive:        1422232 kB
Active(anon):    1147968 kB
Inactive(anon):    20592 kB
Active(file):     207892 kB
Inactive(file):  1401640 kB
Unevictable:        5556 kB
Mlocked:            5556 kB
SwapTotal:       3145724 kB
SwapFree:        3145724 kB
Dirty:               128 kB
Writeback:             0 kB
AnonPages:       1147120 kB
Mapped:           809884 kB
Shmem:             22532 kB
KReclaimable:     650312 kB
Slab:             205008 kB
SReclaimable:      67760 kB
SUnreclaim:       137248 kB
KernelStack:       42064 kB
PageTables:        56404 kB
NFS_Unstable:          0 kB
Bounce:                0 kB
WritebackTmp:          0 kB
CommitLimit:     9202292 kB
Committed_AS:   57858768 kB
VmallocTotal:   263061440 kB
VmallocUsed:       98944 kB
VmallocChunk:          0 kB
Percpu:             7616 kB
CmaTotal:         294912 kB
CmaFree:               0 kB
MemTotal:       12113140 kB
MemFree:         6840504 kB
MemAvailable:    8231644 kB
Buffers:            6472 kB
Cached:          1630112 kB
SwapCached:            0 kB
Active:          1355024 kB
Inactive:        1422232 kB
Active(anon):    1147132 kB
Inactive(anon):    20592 kB
Active(file):     207892 kB
Inactive(file):  1401640 kB
Unevictable:        5556 kB
Mlocked:            5556 kB
SwapTotal:       3145724 kB
SwapFree:        3145724 kB
Dirty:               128 kB
Writeback:             0 kB
AnonPages:       1146168 kB
Mapped:           809880 kB
Shmem:             22532 kB
KReclaimable:     650312 kB
Slab:             205000 kB
SReclaimable:      67760 kB
SUnreclaim:       137240 kB
KernelStack:       42048 kB
PageTables:        56404 kB
NFS_Unstable:          0 kB
Bounce:                0 kB
WritebackTmp:          0 kB
CommitLimit:     9202292 kB
Committed_AS:   57858856 kB
VmallocTotal:   263061440 kB
VmallocUsed:       98944 kB
VmallocChunk:          0 kB
Percpu:             7616 kB
CmaTotal:         294912 kB
CmaFree:               0 kB
MemTotal:       12113140 kB
MemFree:         6841032 kB
MemAvailable:    8232172 kB
Buffers:            6472 kB
Cached:          1630112 kB
SwapCached:            0 kB
Active:          1355376 kB
Inactive:        1422232 kB
Active(anon):    1147484 kB
Inactive(anon):    20592 kB
Active(file):     207892 kB
Inactive(file):  1401640 kB
Unevictable:        5556 kB
Mlocked:            5556 kB
SwapTotal:       3145724 kB
SwapFree:        3145724 kB
Dirty:               132 kB
Writeback:             0 kB
AnonPages:       1146864 kB
Mapped:           809808 kB
Shmem:             22532 kB
KReclaimable:     650312 kB
Slab:             205024 kB
SReclaimable:      67760 kB
SUnreclaim:       137264 kB
KernelStack:       42080 kB
PageTables:        56416 kB
NFS_Unstable:          0 kB
Bounce:                0 kB
WritebackTmp:          0 kB
CommitLimit:     9202292 kB
Committed_AS:   57859108 kB
VmallocTotal:   263061440 kB
VmallocUsed:       98912 kB
VmallocChunk:          0 kB
Percpu:             7616 kB
CmaTotal:         294912 kB
CmaFree:               0 kB
MemTotal:       12113140 kB
MemFree:         6840160 kB
MemAvailable:    8231308 kB
Buffers:            6472 kB
Cached:          1630120 kB
SwapCached:            0 kB
Active:          1355856 kB
Inactive:        1422240 kB
Active(anon):    1147964 kB
Inactive(anon):    20592 kB
Active(file):     207892 kB
Inactive(file):  1401648 kB
Unevictable:        5556 kB
Mlocked:            5556 kB
SwapTotal:       3145724 kB
SwapFree:        3145724 kB
Dirty:               172 kB
Writeback:             0 kB
AnonPages:       1147036 kB
Mapped:           809812 kB
Shmem:             22532 kB
KReclaimable:     650312 kB
Slab:             205000 kB
SReclaimable:      67760 kB
SUnreclaim:       137240 kB
KernelStack:       42048 kB
PageTables:        56348 kB
NFS_Unstable:          0 kB
Bounce:                0 kB
WritebackTmp:          0 kB
CommitLimit:     9202292 kB
Committed_AS:   57858888 kB
VmallocTotal:   263061440 kB
VmallocUsed:       98928 kB
VmallocChunk:          0 kB
Percpu:             7616 kB
CmaTotal:         294912 kB
CmaFree:               0 kB
MemTotal:       12113140 kB
MemFree:         6838428 kB
MemAvailable:    8229576 kB
Buffers:            6472 kB
Cached:          1630120 kB
SwapCached:            0 kB
Active:          1356044 kB
Inactive:        1422240 kB
Active(anon):    1148152 kB
Inactive(anon):    20592 kB
Active(file):     207892 kB
Inactive(file):  1401648 kB
Unevictable:        5556 kB
Mlocked:            5556 kB
SwapTotal:       3145724 kB
SwapFree:        3145724 kB
Dirty:               172 kB
Writeback:             0 kB
AnonPages:       1147092 kB
Mapped:           809628 kB
Shmem:             22532 kB
KReclaimable:     650312 kB
Slab:             205024 kB
SReclaimable:      67760 kB
SUnreclaim:       137264 kB
KernelStack:       42096 kB
PageTables:        56408 kB
NFS_Unstable:          0 kB
Bounce:                0 kB
WritebackTmp:          0 kB
CommitLimit:     9202292 kB
Committed_AS:   57853620 kB
VmallocTotal:   263061440 kB
VmallocUsed:       98928 kB
VmallocChunk:          0 kB
Percpu:             7616 kB
CmaTotal:         294912 kB
CmaFree:               0 kB
MemTotal:       12113140 kB
MemFree:         6839152 kB
MemAvailable:    8230300 kB
Buffers:            6472 kB
Cached:          1630120 kB
SwapCached:            0 kB
Active:          1356816 kB
Inactive:        1422240 kB
Active(anon):    1148924 kB
Inactive(anon):    20592 kB
Active(file):     207892 kB
Inactive(file):  1401648 kB
Unevictable:        5556 kB
Mlocked:            5556 kB
SwapTotal:       3145724 kB
SwapFree:        3145724 kB
Dirty:               176 kB
Writeback:             0 kB
AnonPages:       1148008 kB
Mapped:           809884 kB
Shmem:             22532 kB
KReclaimable:     650312 kB
Slab:             205008 kB
SReclaimable:      67760 kB
SUnreclaim:       137248 kB
KernelStack:       42096 kB
PageTables:        56404 kB
NFS_Unstable:          0 kB
Bounce:                0 kB
WritebackTmp:          0 kB
CommitLimit:     9202292 kB
Committed_AS:   57858812 kB
VmallocTotal:   263061440 kB
VmallocUsed:       98944 kB
VmallocChunk:          0 kB
Percpu:             7616 kB
CmaTotal:         294912 kB
CmaFree:               0 kB
MemTotal:       12113140 kB
MemFree:         6838572 kB
MemAvailable:    8229720 kB
Buffers:            6472 kB
Cached:          1630120 kB
SwapCached:            0 kB
Active:          1357432 kB
Inactive:        1422240 kB
Active(anon):    1149540 kB
Inactive(anon):    20592 kB
Active(file):     207892 kB
Inactive(file):  1401648 kB
Unevictable:        5556 kB
Mlocked:            5556 kB
SwapTotal:       3145724 kB
SwapFree:        3145724 kB
Dirty:               180 kB
Writeback:             0 kB
AnonPages:       1147980 kB
Mapped:           809896 kB
Shmem:             22532 kB
KReclaimable:     650312 kB
Slab:             205016 kB
SReclaimable:      67760 kB
SUnreclaim:       137256 kB
KernelStack:       42096 kB
PageTables:        56536 kB
NFS_Unstable:          0 kB
Bounce:                0 kB
WritebackTmp:          0 kB
CommitLimit:     9202292 kB
Committed_AS:   57858776 kB
VmallocTotal:   263061440 kB
VmallocUsed:       98960 kB
VmallocChunk:          0 kB
Percpu:             7616 kB
CmaTotal:         294912 kB
CmaFree:               0 kB
MemTotal:       12113140 kB
MemFree:         6837852 kB
MemAvailable:    8229000 kB
Buffers:            6472 kB
Cached:          1630120 kB
SwapCached:            0 kB
Active:          1358092 kB
Inactive:        1422240 kB
Active(anon):    1150200 kB
Inactive(anon):    20592 kB
Active(file):     207892 kB
Inactive(file):  1401648 kB
Unevictable:        5556 kB
Mlocked:            5556 kB
SwapTotal:       3145724 kB
SwapFree:        3145724 kB
Dirty:               180 kB
Writeback:             0 kB
AnonPages:       1149408 kB
Mapped:           809820 kB
Shmem:             22532 kB
KReclaimable:     650312 kB
Slab:             205016 kB
SReclaimable:      67760 kB
SUnreclaim:       137256 kB
KernelStack:       42080 kB
PageTables:        56352 kB
NFS_Unstable:          0 kB
Bounce:                0 kB
WritebackTmp:          0 kB
CommitLimit:     9202292 kB
Committed_AS:   57858688 kB
VmallocTotal:   263061440 kB
VmallocUsed:       98944 kB
VmallocChunk:          0 kB
Percpu:             7616 kB
CmaTotal:         294912 kB
CmaFree:               0 kB
MemTotal:       12113140 kB
MemFree:         6838328 kB
MemAvailable:    8229484 kB
Buffers:            6480 kB
Cached:          1630120 kB
SwapCached:            0 kB
Active:          1358212 kB
Inactive:        1422240 kB
Active(anon):    1150312 kB
Inactive(anon):    20592 kB
Active(file):     207900 kB
Inactive(file):  1401648 kB
Unevictable:        5556 kB
Mlocked:            5556 kB
SwapTotal:       3145724 kB
SwapFree:        3145724 kB
Dirty:               192 kB
Writeback:             0 kB
AnonPages:       1149508 kB
Mapped:           809736 kB
Shmem:             22532 kB
KReclaimable:     650312 kB
Slab:             205016 kB
SReclaimable:      67760 kB
SUnreclaim:       137256 kB
KernelStack:       42052 kB
PageTables:        56612 kB
NFS_Unstable:          0 kB
Bounce:                0 kB
WritebackTmp:          0 kB
CommitLimit:     9202292 kB
Committed_AS:   57853972 kB
VmallocTotal:   263061440 kB
VmallocUsed:       98944 kB
VmallocChunk:          0 kB
Percpu:             7616 kB
CmaTotal:         294912 kB
CmaFree:               0 kB
MemTotal:       12113140 kB
MemFree:         6837252 kB
MemAvailable:    8228416 kB
Buffers:            6480 kB
Cached:          1630128 kB
SwapCached:            0 kB
Active:          1358648 kB
Inactive:        1422248 kB
Active(anon):    1150748 kB
Inactive(anon):    20592 kB
Active(file):     207900 kB
Inactive(file):  1401656 kB
Unevictable:        5556 kB
Mlocked:            5556 kB
SwapTotal:       3145724 kB
SwapFree:        3145724 kB
Dirty:               176 kB
Writeback:             0 kB
AnonPages:       1150072 kB
Mapped:           809704 kB
Shmem:             22532 kB
KReclaimable:     650312 kB
Slab:             205016 kB
SReclaimable:      67760 kB
SUnreclaim:       137256 kB
KernelStack:       42096 kB
PageTables:        56472 kB
NFS_Unstable:          0 kB
Bounce:                0 kB
WritebackTmp:          0 kB
CommitLimit:     9202292 kB
Committed_AS:   57859288 kB
VmallocTotal:   263061440 kB
VmallocUsed:       98944 kB
VmallocChunk:          0 kB
Percpu:             7616 kB
CmaTotal:         294912 kB
CmaFree:               0 kB
MemTotal:       12113140 kB
MemFree:         6836968 kB
MemAvailable:    8228132 kB
Buffers:            6480 kB
Cached:          1630128 kB
SwapCached:            0 kB
Active:          1359416 kB
Inactive:        1422248 kB
Active(anon):    1151516 kB
Inactive(anon):    20592 kB
Active(file):     207900 kB
Inactive(file):  1401656 kB
Unevictable:        5556 kB
Mlocked:            5556 kB
SwapTotal:       3145724 kB
SwapFree:        3145724 kB
Dirty:               176 kB
Writeback:             0 kB
AnonPages:       1150872 kB
Mapped:           809884 kB
Shmem:             22532 kB
KReclaimable:     650312 kB
Slab:             205016 kB
SReclaimable:      67760 kB
SUnreclaim:       137256 kB
KernelStack:       42096 kB
PageTables:        56404 kB
NFS_Unstable:          0 kB
Bounce:                0 kB
WritebackTmp:          0 kB
CommitLimit:     9202292 kB
Committed_AS:   57858936 kB
VmallocTotal:   263061440 kB
VmallocUsed:       98928 kB
VmallocChunk:          0 kB
Percpu:             7616 kB
CmaTotal:         294912 kB
CmaFree:               0 kB
MemTotal:       12113140 kB
MemFree:         6836968 kB
MemAvailable:    8228132 kB
Buffers:            6480 kB
Cached:          1630128 kB
SwapCached:            0 kB
Active:          1359800 kB
Inactive:        1422248 kB
Active(anon):    1151900 kB
Inactive(anon):    20592 kB
Active(file):     207900 kB
Inactive(file):  1401656 kB
Unevictable:        5556 kB
Mlocked:            5556 kB
SwapTotal:       3145724 kB
SwapFree:        3145724 kB
Dirty:               172 kB
Writeback:             0 kB
AnonPages:       1150736 kB
Mapped:           809564 kB
Shmem:             22532 kB
KReclaimable:     650312 kB
Slab:             205016 kB
SReclaimable:      67760 kB
SUnreclaim:       137256 kB
KernelStack:       42096 kB
PageTables:        56360 kB
NFS_Unstable:          0 kB
Bounce:                0 kB
WritebackTmp:          0 kB
CommitLimit:     9202292 kB
Committed_AS:   57853956 kB
VmallocTotal:   263061440 kB
VmallocUsed:       98960 kB
VmallocChunk:          0 kB
Percpu:             7616 kB
CmaTotal:         294912 kB
CmaFree:               0 kB
MemTotal:       12113140 kB
MemFree:         6836052 kB
MemAvailable:    8227216 kB
Buffers:            6480 kB
Cached:          1630128 kB
SwapCached:            0 kB
Active:          1359752 kB
Inactive:        1422248 kB
Active(anon):    1151852 kB
Inactive(anon):    20592 kB
Active(file):     207900 kB
Inactive(file):  1401656 kB
Unevictable:        5556 kB
Mlocked:            5556 kB
SwapTotal:       3145724 kB
SwapFree:        3145724 kB
Dirty:               176 kB
Writeback:             0 kB
AnonPages:       1151068 kB
Mapped:           809864 kB
Shmem:             22532 kB
KReclaimable:     650312 kB
Slab:             205016 kB
SReclaimable:      67760 kB
SUnreclaim:       137256 kB
KernelStack:       42096 kB
PageTables:        56504 kB
NFS_Unstable:          0 kB
Bounce:                0 kB
WritebackTmp:          0 kB
CommitLimit:     9202292 kB
Committed_AS:   57848144 kB
VmallocTotal:   263061440 kB
VmallocUsed:       98944 kB
VmallocChunk:          0 kB
Percpu:             7616 kB
CmaTotal:         294912 kB
CmaFree:               0 kB
MemTotal:       12113140 kB
MemFree:         6834420 kB
MemAvailable:    8225584 kB
Buffers:            6480 kB
Cached:          1630128 kB
SwapCached:            0 kB
Active:          1363272 kB
Inactive:        1422248 kB
Active(anon):    1155372 kB
Inactive(anon):    20592 kB
Active(file):     207900 kB
Inactive(file):  1401656 kB
Unevictable:        5556 kB
Mlocked:            5556 kB
SwapTotal:       3145724 kB
SwapFree:        3145724 kB
Dirty:               176 kB
Writeback:             0 kB
AnonPages:       1154676 kB
Mapped:           809892 kB
Shmem:             22532 kB
KReclaimable:     650312 kB
Slab:             205016 kB
SReclaimable:      67760 kB
SUnreclaim:       137256 kB
KernelStack:       42112 kB
PageTables:        56476 kB
NFS_Unstable:          0 kB
Bounce:                0 kB
WritebackTmp:          0 kB
CommitLimit:     9202292 kB
Committed_AS:   57847836 kB
VmallocTotal:   263061440 kB
VmallocUsed:       98944 kB
VmallocChunk:          0 kB
Percpu:             7616 kB
CmaTotal:         294912 kB
CmaFree:               0 kB
MemTotal:       12113140 kB
MemFree:         6834236 kB
MemAvailable:    8225400 kB
Buffers:            6480 kB
Cached:          1630128 kB
SwapCached:            0 kB
Active:          1359640 kB
Inactive:        1422248 kB
Active(anon):    1151740 kB
Inactive(anon):    20592 kB
Active(file):     207900 kB
Inactive(file):  1401656 kB
Unevictable:        5556 kB
Mlocked:            5556 kB
SwapTotal:       3145724 kB
SwapFree:        3145724 kB
Dirty:               176 kB
Writeback:             0 kB
AnonPages:       1151176 kB
Mapped:           809696 kB
Shmem:             22532 kB
KReclaimable:     650312 kB
Slab:             205016 kB
SReclaimable:      67760 kB
SUnreclaim:       137256 kB
KernelStack:       42160 kB
PageTables:        56468 kB
NFS_Unstable:          0 kB
Bounce:                0 kB
WritebackTmp:          0 kB
CommitLimit:     9202292 kB
Committed_AS:   57853012 kB
VmallocTotal:   263061440 kB
VmallocUsed:       98960 kB
VmallocChunk:          0 kB
Percpu:             7616 kB
CmaTotal:         294912 kB
CmaFree:               0 kB
MemTotal:       12113140 kB
MemFree:         6833852 kB
MemAvailable:    8225016 kB
Buffers:            6480 kB
Cached:          1630128 kB
SwapCached:            0 kB
Active:          1360260 kB
Inactive:        1422248 kB
Active(anon):    1152360 kB
Inactive(anon):    20592 kB
Active(file):     207900 kB
Inactive(file):  1401656 kB
Unevictable:        5556 kB
Mlocked:            5556 kB
SwapTotal:       3145724 kB
SwapFree:        3145724 kB
Dirty:               128 kB
Writeback:             0 kB
AnonPages:       1151708 kB
Mapped:           809624 kB
Shmem:             22532 kB
KReclaimable:     650312 kB
Slab:             205016 kB
SReclaimable:      67760 kB
SUnreclaim:       137256 kB
KernelStack:       42112 kB
PageTables:        56408 kB
NFS_Unstable:          0 kB
Bounce:                0 kB
WritebackTmp:          0 kB
CommitLimit:     9202292 kB
Committed_AS:   57852836 kB
VmallocTotal:   263061440 kB
VmallocUsed:       98976 kB
VmallocChunk:          0 kB
Percpu:             7616 kB
CmaTotal:         294912 kB
CmaFree:               0 kB
MemTotal:       12113140 kB
MemFree:         6832996 kB
MemAvailable:    8224160 kB
Buffers:            6480 kB
Cached:          1630128 kB
SwapCached:            0 kB
Active:          1361168 kB
Inactive:        1422248 kB
Active(anon):    1153268 kB
Inactive(anon):    20592 kB
Active(file):     207900 kB
Inactive(file):  1401656 kB
Unevictable:        5556 kB
Mlocked:            5556 kB
SwapTotal:       3145724 kB
SwapFree:        3145724 kB
Dirty:               144 kB
Writeback:             0 kB
AnonPages:       1152004 kB
Mapped:           809880 kB
Shmem:             22532 kB
KReclaimable:     650312 kB
Slab:             205016 kB
SReclaimable:      67760 kB
SUnreclaim:       137256 kB
KernelStack:       42164 kB
PageTables:        56340 kB
NFS_Unstable:          0 kB
Bounce:                0 kB
WritebackTmp:          0 kB
CommitLimit:     9202292 kB
Committed_AS:   57858680 kB
VmallocTotal:   263061440 kB
VmallocUsed:       98976 kB
VmallocChunk:          0 kB
Percpu:             7616 kB
CmaTotal:         294912 kB
CmaFree:               0 kB
MemTotal:       12113140 kB
MemFree:         6833880 kB
MemAvailable:    8225056 kB
Buffers:            6480 kB
Cached:          1630136 kB
SwapCached:            0 kB
Active:          1361208 kB
Inactive:        1422256 kB
Active(anon):    1153304 kB
Inactive(anon):    20592 kB
Active(file):     207904 kB
Inactive(file):  1401664 kB
Unevictable:        5556 kB
Mlocked:            5556 kB
SwapTotal:       3145724 kB
SwapFree:        3145724 kB
Dirty:               180 kB
Writeback:            20 kB
AnonPages:       1152488 kB
Mapped:           809884 kB
Shmem:             22532 kB
KReclaimable:     650312 kB
Slab:             205016 kB
SReclaimable:      67760 kB
SUnreclaim:       137256 kB
KernelStack:       42112 kB
PageTables:        56408 kB
NFS_Unstable:          0 kB
Bounce:                0 kB
WritebackTmp:          0 kB
CommitLimit:     9202292 kB
Committed_AS:   57858044 kB
VmallocTotal:   263061440 kB
VmallocUsed:       98976 kB
VmallocChunk:          0 kB
Percpu:             7616 kB
CmaTotal:         294912 kB
CmaFree:               0 kB
MemTotal:       12113140 kB
MemFree:         6833016 kB
MemAvailable:    8224188 kB
Buffers:            6480 kB
Cached:          1630136 kB
SwapCached:            0 kB
Active:          1361444 kB
Inactive:        1422256 kB
Active(anon):    1153544 kB
Inactive(anon):    20592 kB
Active(file):     207900 kB
Inactive(file):  1401664 kB
Unevictable:        5556 kB
Mlocked:            5556 kB
SwapTotal:       3145724 kB
SwapFree:        3145724 kB
Dirty:               196 kB
Writeback:             0 kB
AnonPages:       1152908 kB
Mapped:           809816 kB
Shmem:             22532 kB
KReclaimable:     650312 kB
Slab:             205016 kB
SReclaimable:      67760 kB
SUnreclaim:       137256 kB
KernelStack:       42144 kB
PageTables:        56460 kB
NFS_Unstable:          0 kB
Bounce:                0 kB
WritebackTmp:          0 kB
CommitLimit:     9202292 kB
Committed_AS:   57857648 kB
VmallocTotal:   263061440 kB
VmallocUsed:       98976 kB
VmallocChunk:          0 kB
Percpu:             7616 kB
CmaTotal:         294912 kB
CmaFree:               0 kB
MemTotal:       12113140 kB
MemFree:         6833880 kB
MemAvailable:    8225052 kB
Buffers:            6480 kB
Cached:          1630136 kB
SwapCached:            0 kB
Active:          1361568 kB
Inactive:        1422256 kB
Active(anon):    1153668 kB
Inactive(anon):    20592 kB
Active(file):     207900 kB
Inactive(file):  1401664 kB
Unevictable:        5556 kB
Mlocked:            5556 kB
SwapTotal:       3145724 kB
SwapFree:        3145724 kB
Dirty:               196 kB
Writeback:             0 kB
AnonPages:       1152756 kB
Mapped:           809624 kB
Shmem:             22532 kB
KReclaimable:     650312 kB
Slab:             205016 kB
SReclaimable:      67760 kB
SUnreclaim:       137256 kB
KernelStack:       42112 kB
PageTables:        56412 kB
NFS_Unstable:          0 kB
Bounce:                0 kB
WritebackTmp:          0 kB
CommitLimit:     9202292 kB
Committed_AS:   57857596 kB
VmallocTotal:   263061440 kB
VmallocUsed:       98976 kB
VmallocChunk:          0 kB
Percpu:             7616 kB
CmaTotal:         294912 kB
CmaFree:               0 kB
MemTotal:       12113140 kB
MemFree:         6832832 kB
MemAvailable:    8224004 kB
Buffers:            6480 kB
Cached:          1630136 kB
SwapCached:            0 kB
Active:          1362308 kB
Inactive:        1422256 kB
Active(anon):    1154408 kB
Inactive(anon):    20592 kB
Active(file):     207900 kB
Inactive(file):  1401664 kB
Unevictable:        5556 kB
Mlocked:            5556 kB
SwapTotal:       3145724 kB
SwapFree:        3145724 kB
Dirty:               196 kB
Writeback:             0 kB
AnonPages:       1153308 kB
Mapped:           809700 kB
Shmem:             22532 kB
KReclaimable:     650312 kB
Slab:             205016 kB
SReclaimable:      67760 kB
SUnreclaim:       137256 kB
KernelStack:       42160 kB
PageTables:        56480 kB
NFS_Unstable:          0 kB
Bounce:                0 kB
WritebackTmp:          0 kB
CommitLimit:     9202292 kB
Committed_AS:   57857200 kB
VmallocTotal:   263061440 kB
VmallocUsed:       98976 kB
VmallocChunk:          0 kB
Percpu:             7616 kB
CmaTotal:         294912 kB
CmaFree:               0 kB
MemTotal:       12113140 kB
MemFree:         6831604 kB
MemAvailable:    8222776 kB
Buffers:            6480 kB
Cached:          1630136 kB
SwapCached:            0 kB
Active:          1362912 kB
Inactive:        1422256 kB
Active(anon):    1155012 kB
Inactive(anon):    20592 kB
Active(file):     207900 kB
Inactive(file):  1401664 kB
Unevictable:        5556 kB
Mlocked:            5556 kB
SwapTotal:       3145724 kB
SwapFree:        3145724 kB
Dirty:               200 kB
Writeback:             0 kB
AnonPages:       1153712 kB
Mapped:           809844 kB
Shmem:             22532 kB
KReclaimable:     650312 kB
Slab:             205016 kB
SReclaimable:      67760 kB
SUnreclaim:       137256 kB
KernelStack:       42128 kB
PageTables:        56384 kB
NFS_Unstable:          0 kB
Bounce:                0 kB
WritebackTmp:          0 kB
CommitLimit:     9202292 kB
Committed_AS:   57858448 kB
VmallocTotal:   263061440 kB
VmallocUsed:       98976 kB
VmallocChunk:          0 kB
Percpu:             7616 kB
CmaTotal:         294912 kB
CmaFree:               0 kB
MemTotal:       12113140 kB
MemFree:         6831668 kB
MemAvailable:    8222840 kB
Buffers:            6480 kB
Cached:          1630136 kB
SwapCached:            0 kB
Active:          1363100 kB
Inactive:        1422256 kB
Active(anon):    1155200 kB
Inactive(anon):    20592 kB
Active(file):     207900 kB
Inactive(file):  1401664 kB
Unevictable:        5556 kB
Mlocked:            5556 kB
SwapTotal:       3145724 kB
SwapFree:        3145724 kB
Dirty:               204 kB
Writeback:             0 kB
AnonPages:       1154396 kB
Mapped:           809624 kB
Shmem:             22532 kB
KReclaimable:     650312 kB
Slab:             205016 kB
SReclaimable:      67760 kB
SUnreclaim:       137256 kB
KernelStack:       42112 kB
PageTables:        56412 kB
NFS_Unstable:          0 kB
Bounce:                0 kB
WritebackTmp:          0 kB
CommitLimit:     9202292 kB
Committed_AS:   57858052 kB
VmallocTotal:   263061440 kB
VmallocUsed:       98944 kB
VmallocChunk:          0 kB
Percpu:             7616 kB
CmaTotal:         294912 kB
CmaFree:               0 kB
MemTotal:       12113140 kB
MemFree:         6831104 kB
MemAvailable:    8222284 kB
Buffers:            6488 kB
Cached:          1630136 kB
SwapCached:            0 kB
Active:          1363192 kB
Inactive:        1422264 kB
Active(anon):    1155292 kB
Inactive(anon):    20592 kB
Active(file):     207900 kB
Inactive(file):  1401672 kB
Unevictable:        5556 kB
Mlocked:            5556 kB
SwapTotal:       3145724 kB
SwapFree:        3145724 kB
Dirty:               200 kB
Writeback:             0 kB
AnonPages:       1154512 kB
Mapped:           809884 kB
Shmem:             22532 kB
KReclaimable:     650312 kB
Slab:             205016 kB
SReclaimable:      67760 kB
SUnreclaim:       137256 kB
KernelStack:       42112 kB
PageTables:        56412 kB
NFS_Unstable:          0 kB
Bounce:                0 kB
WritebackTmp:          0 kB
CommitLimit:     9202292 kB
Committed_AS:   57857612 kB
VmallocTotal:   263061440 kB
VmallocUsed:       98944 kB
VmallocChunk:          0 kB
Percpu:             7616 kB
CmaTotal:         294912 kB
CmaFree:               0 kB
MemTotal:       12113140 kB
MemFree:         6830444 kB
MemAvailable:    8221632 kB
Buffers:            6488 kB
Cached:          1630144 kB
SwapCached:            0 kB
Active:          1363528 kB
Inactive:        1422264 kB
Active(anon):    1155620 kB
Inactive(anon):    20592 kB
Active(file):     207908 kB
Inactive(file):  1401672 kB
Unevictable:        5556 kB
Mlocked:            5556 kB
SwapTotal:       3145724 kB
SwapFree:        3145724 kB
Dirty:               200 kB
Writeback:             0 kB
AnonPages:       1154580 kB
Mapped:           809624 kB
Shmem:             22532 kB
KReclaimable:     650312 kB
Slab:             205016 kB
SReclaimable:      67760 kB
SUnreclaim:       137256 kB
KernelStack:       42112 kB
PageTables:        56412 kB
NFS_Unstable:          0 kB
Bounce:                0 kB
WritebackTmp:          0 kB
CommitLimit:     9202292 kB
Committed_AS:   57857216 kB
VmallocTotal:   263061440 kB
VmallocUsed:       98960 kB
VmallocChunk:          0 kB
Percpu:             7616 kB
CmaTotal:         294912 kB
CmaFree:               0 kB
MemTotal:       12113140 kB
MemFree:         6829276 kB
MemAvailable:    8220512 kB
Buffers:            6488 kB
Cached:          1630192 kB
SwapCached:            0 kB
Active:          1365072 kB
Inactive:        1422308 kB
Active(anon):    1157160 kB
Inactive(anon):    20592 kB
Active(file):     207912 kB
Inactive(file):  1401716 kB
Unevictable:        5556 kB
Mlocked:            5556 kB
SwapTotal:       3145724 kB
SwapFree:        3145724 kB
Dirty:               260 kB
Writeback:             0 kB
AnonPages:       1156268 kB
Mapped:           809624 kB
Shmem:             22532 kB
KReclaimable:     650312 kB
Slab:             205016 kB
SReclaimable:      67760 kB
SUnreclaim:       137256 kB
KernelStack:       42240 kB
PageTables:        56420 kB
NFS_Unstable:          0 kB
Bounce:                0 kB
WritebackTmp:          0 kB
CommitLimit:     9202292 kB
Committed_AS:   57863520 kB
VmallocTotal:   263061440 kB
VmallocUsed:       99056 kB
VmallocChunk:          0 kB
Percpu:             7616 kB
CmaTotal:         294912 kB
CmaFree:               0 kB
MemTotal:       12113140 kB
MemFree:         6829688 kB
MemAvailable:    8220924 kB
Buffers:            6488 kB
Cached:          1630192 kB
SwapCached:            0 kB
Active:          1365964 kB
Inactive:        1422308 kB
Active(anon):    1158052 kB
Inactive(anon):    20592 kB
Active(file):     207912 kB
Inactive(file):  1401716 kB
Unevictable:        5556 kB
Mlocked:            5556 kB
SwapTotal:       3145724 kB
SwapFree:        3145724 kB
Dirty:               264 kB
Writeback:             0 kB
AnonPages:       1156880 kB
Mapped:           809664 kB
Shmem:             22532 kB
KReclaimable:     650312 kB
Slab:             205016 kB
SReclaimable:      67760 kB
SUnreclaim:       137256 kB
KernelStack:       42192 kB
PageTables:        56348 kB
NFS_Unstable:          0 kB
Bounce:                0 kB
WritebackTmp:          0 kB
CommitLimit:     9202292 kB
Committed_AS:   57864224 kB
VmallocTotal:   263061440 kB
VmallocUsed:       99072 kB
VmallocChunk:          0 kB
Percpu:             7616 kB
CmaTotal:         294912 kB
CmaFree:               0 kB
MemTotal:       12113140 kB
MemFree:         6829268 kB
MemAvailable:    8220504 kB
Buffers:            6488 kB
Cached:          1630192 kB
SwapCached:            0 kB
Active:          1364984 kB
Inactive:        1422308 kB
Active(anon):    1157072 kB
Inactive(anon):    20592 kB
Active(file):     207912 kB
Inactive(file):  1401716 kB
Unevictable:        5556 kB
Mlocked:            5556 kB
SwapTotal:       3145724 kB
SwapFree:        3145724 kB
Dirty:               268 kB
Writeback:             0 kB
AnonPages:       1156208 kB
Mapped:           809884 kB
Shmem:             22532 kB
KReclaimable:     650312 kB
Slab:             205016 kB
SReclaimable:      67760 kB
SUnreclaim:       137256 kB
KernelStack:       42176 kB
PageTables:        56420 kB
NFS_Unstable:          0 kB
Bounce:                0 kB
WritebackTmp:          0 kB
CommitLimit:     9202292 kB
Committed_AS:   57864224 kB
VmallocTotal:   263061440 kB
VmallocUsed:       99072 kB
VmallocChunk:          0 kB
Percpu:             7616 kB
CmaTotal:         294912 kB
CmaFree:               0 kB
MemTotal:       12113140 kB
MemFree:         6830220 kB
MemAvailable:    8221464 kB
Buffers:            6488 kB
Cached:          1630200 kB
SwapCached:            0 kB
Active:          1365260 kB
Inactive:        1422312 kB
Active(anon):    1157344 kB
Inactive(anon):    20592 kB
Active(file):     207916 kB
Inactive(file):  1401720 kB
Unevictable:        5556 kB
Mlocked:            5556 kB
SwapTotal:       3145724 kB
SwapFree:        3145724 kB
Dirty:               276 kB
Writeback:             0 kB
AnonPages:       1156236 kB
Mapped:           809724 kB
Shmem:             22532 kB
KReclaimable:     650312 kB
Slab:             205016 kB
SReclaimable:      67760 kB
SUnreclaim:       137256 kB
KernelStack:       42128 kB
PageTables:        56792 kB
NFS_Unstable:          0 kB
Bounce:                0 kB
WritebackTmp:          0 kB
CommitLimit:     9202292 kB
Committed_AS:   57858716 kB
VmallocTotal:   263061440 kB
VmallocUsed:       99056 kB
VmallocChunk:          0 kB
Percpu:             7616 kB
CmaTotal:         294912 kB
CmaFree:               0 kB
MemTotal:       12113140 kB
MemFree:         6829656 kB
MemAvailable:    8220892 kB
Buffers:            6488 kB
Cached:          1630192 kB
SwapCached:            0 kB
Active:          1366128 kB
Inactive:        1422308 kB
Active(anon):    1158216 kB
Inactive(anon):    20592 kB
Active(file):     207912 kB
Inactive(file):  1401716 kB
Unevictable:        5556 kB
Mlocked:            5556 kB
SwapTotal:       3145724 kB
SwapFree:        3145724 kB
Dirty:               272 kB
Writeback:             0 kB
AnonPages:       1157148 kB
Mapped:           809864 kB
Shmem:             22532 kB
KReclaimable:     650312 kB
Slab:             205016 kB
SReclaimable:      67760 kB
SUnreclaim:       137256 kB
KernelStack:       42176 kB
PageTables:        56388 kB
NFS_Unstable:          0 kB
Bounce:                0 kB
WritebackTmp:          0 kB
CommitLimit:     9202292 kB
Committed_AS:   57859872 kB
VmallocTotal:   263061440 kB
VmallocUsed:       99040 kB
VmallocChunk:          0 kB
Percpu:             7616 kB
CmaTotal:         294912 kB
CmaFree:               0 kB
MemTotal:       12113140 kB
MemFree:         6840528 kB
MemAvailable:    8231764 kB
Buffers:            6488 kB
Cached:          1630192 kB
SwapCached:            0 kB
Active:          1354416 kB
Inactive:        1422308 kB
Active(anon):    1146504 kB
Inactive(anon):    20592 kB
Active(file):     207912 kB
Inactive(file):  1401716 kB
Unevictable:        5556 kB
Mlocked:            5556 kB
SwapTotal:       3145724 kB
SwapFree:        3145724 kB
Dirty:               308 kB
Writeback:             0 kB
AnonPages:       1145832 kB
Mapped:           809824 kB
Shmem:             22532 kB
KReclaimable:     650312 kB
Slab:             205016 kB
SReclaimable:      67760 kB
SUnreclaim:       137256 kB
KernelStack:       42196 kB
PageTables:        56368 kB
NFS_Unstable:          0 kB
Bounce:                0 kB
WritebackTmp:          0 kB
CommitLimit:     9202292 kB
Committed_AS:   57860048 kB
VmallocTotal:   263061440 kB
VmallocUsed:       99040 kB
VmallocChunk:          0 kB
Percpu:             7616 kB
CmaTotal:         294912 kB
CmaFree:               0 kB
MemTotal:       12113140 kB
MemFree:         6839936 kB
MemAvailable:    8231196 kB
Buffers:            6488 kB
Cached:          1630216 kB
SwapCached:            0 kB
Active:          1355104 kB
Inactive:        1422324 kB
Active(anon):    1147184 kB
Inactive(anon):    20592 kB
Active(file):     207920 kB
Inactive(file):  1401732 kB
Unevictable:        5556 kB
Mlocked:            5556 kB
SwapTotal:       3145724 kB
SwapFree:        3145724 kB
Dirty:               320 kB
Writeback:             0 kB
AnonPages:       1145784 kB
Mapped:           809680 kB
Shmem:             22532 kB
KReclaimable:     650312 kB
Slab:             205016 kB
SReclaimable:      67760 kB
SUnreclaim:       137256 kB
KernelStack:       42208 kB
PageTables:        56172 kB
NFS_Unstable:          0 kB
Bounce:                0 kB
WritebackTmp:          0 kB
CommitLimit:     9202292 kB
Committed_AS:   57863784 kB
VmallocTotal:   263061440 kB
VmallocUsed:       99024 kB
VmallocChunk:          0 kB
Percpu:             7616 kB
CmaTotal:         294912 kB
CmaFree:               0 kB
MemTotal:       12113140 kB
MemFree:         6839988 kB
MemAvailable:    8231216 kB
Buffers:            6488 kB
Cached:          1630184 kB
SwapCached:            0 kB
Active:          1355856 kB
Inactive:        1422304 kB
Active(anon):    1147948 kB
Inactive(anon):    20592 kB
Active(file):     207908 kB
Inactive(file):  1401712 kB
Unevictable:        5556 kB
Mlocked:            5556 kB
SwapTotal:       3145724 kB
SwapFree:        3145724 kB
Dirty:               304 kB
Writeback:             0 kB
AnonPages:       1147064 kB
Mapped:           809632 kB
Shmem:             22532 kB
KReclaimable:     650312 kB
Slab:             205016 kB
SReclaimable:      67760 kB
SUnreclaim:       137256 kB
KernelStack:       42128 kB
PageTables:        56420 kB
NFS_Unstable:          0 kB
Bounce:                0 kB
WritebackTmp:          0 kB
CommitLimit:     9202292 kB
Committed_AS:   57864092 kB
VmallocTotal:   263061440 kB
VmallocUsed:       99024 kB
VmallocChunk:          0 kB
Percpu:             7616 kB
CmaTotal:         294912 kB
CmaFree:               0 kB
MemTotal:       12113140 kB
MemFree:         6839928 kB
MemAvailable:    8231164 kB
Buffers:            6488 kB
Cached:          1630192 kB
SwapCached:            0 kB
Active:          1356280 kB
Inactive:        1422308 kB
Active(anon):    1148368 kB
Inactive(anon):    20592 kB
Active(file):     207912 kB
Inactive(file):  1401716 kB
Unevictable:        5556 kB
Mlocked:            5556 kB
SwapTotal:       3145724 kB
SwapFree:        3145724 kB
Dirty:               324 kB
Writeback:             0 kB
AnonPages:       1147080 kB
Mapped:           809624 kB
Shmem:             22532 kB
KReclaimable:     650312 kB
Slab:             205000 kB
SReclaimable:      67760 kB
SUnreclaim:       137240 kB
KernelStack:       42128 kB
PageTables:        56416 kB
NFS_Unstable:          0 kB
Bounce:                0 kB
WritebackTmp:          0 kB
CommitLimit:     9202292 kB
Committed_AS:   57863704 kB
VmallocTotal:   263061440 kB
VmallocUsed:       99024 kB
VmallocChunk:          0 kB
Percpu:             7616 kB
CmaTotal:         294912 kB
CmaFree:               0 kB
MemTotal:       12113140 kB
MemFree:         6839468 kB
MemAvailable:    8230712 kB
Buffers:            6488 kB
Cached:          1630200 kB
SwapCached:            0 kB
Active:          1356788 kB
Inactive:        1422316 kB
Active(anon):    1148876 kB
Inactive(anon):    20592 kB
Active(file):     207912 kB
Inactive(file):  1401724 kB
Unevictable:        5556 kB
Mlocked:            5556 kB
SwapTotal:       3145724 kB
SwapFree:        3145724 kB
Dirty:               328 kB
Writeback:             0 kB
AnonPages:       1147948 kB
Mapped:           809864 kB
Shmem:             22532 kB
KReclaimable:     650312 kB
Slab:             205008 kB
SReclaimable:      67760 kB
SUnreclaim:       137248 kB
KernelStack:       42160 kB
PageTables:        56520 kB
NFS_Unstable:          0 kB
Bounce:                0 kB
WritebackTmp:          0 kB
CommitLimit:     9202292 kB
Committed_AS:   57864340 kB
VmallocTotal:   263061440 kB
VmallocUsed:       98992 kB
VmallocChunk:          0 kB
Percpu:             7616 kB
CmaTotal:         294912 kB
CmaFree:               0 kB
MemTotal:       12113140 kB
MemFree:         6838912 kB
MemAvailable:    8230156 kB
Buffers:            6488 kB
Cached:          1630200 kB
SwapCached:            0 kB
Active:          1357020 kB
Inactive:        1422316 kB
Active(anon):    1149108 kB
Inactive(anon):    20592 kB
Active(file):     207912 kB
Inactive(file):  1401724 kB
Unevictable:        5556 kB
Mlocked:            5556 kB
SwapTotal:       3145724 kB
SwapFree:        3145724 kB
Dirty:               328 kB
Writeback:             0 kB
AnonPages:       1148012 kB
Mapped:           809888 kB
Shmem:             22532 kB
KReclaimable:     650312 kB
Slab:             205000 kB
SReclaimable:      67760 kB
SUnreclaim:       137240 kB
KernelStack:       42112 kB
PageTables:        56420 kB
NFS_Unstable:          0 kB
Bounce:                0 kB
WritebackTmp:          0 kB
CommitLimit:     9202292 kB
Committed_AS:   57864296 kB
VmallocTotal:   263061440 kB
VmallocUsed:       98976 kB
VmallocChunk:          0 kB
Percpu:             7616 kB
CmaTotal:         294912 kB
CmaFree:               0 kB
MemTotal:       12113140 kB
MemFree:         6838532 kB
MemAvailable:    8229776 kB
Buffers:            6488 kB
Cached:          1630200 kB
SwapCached:            0 kB
Active:          1357116 kB
Inactive:        1422316 kB
Active(anon):    1149204 kB
Inactive(anon):    20592 kB
Active(file):     207912 kB
Inactive(file):  1401724 kB
Unevictable:        5556 kB
Mlocked:            5556 kB
SwapTotal:       3145724 kB
SwapFree:        3145724 kB
Dirty:               328 kB
Writeback:             0 kB
AnonPages:       1148532 kB
Mapped:           809772 kB
Shmem:             22532 kB
KReclaimable:     650312 kB
Slab:             205000 kB
SReclaimable:      67760 kB
SUnreclaim:       137240 kB
KernelStack:       42144 kB
PageTables:        56416 kB
NFS_Unstable:          0 kB
Bounce:                0 kB
WritebackTmp:          0 kB
CommitLimit:     9202292 kB
Committed_AS:   57864120 kB
VmallocTotal:   263061440 kB
VmallocUsed:       98960 kB
VmallocChunk:          0 kB
Percpu:             7616 kB
CmaTotal:         294912 kB
CmaFree:               0 kB
MemTotal:       12113140 kB
MemFree:         6838108 kB
MemAvailable:    8229352 kB
Buffers:            6488 kB
Cached:          1630200 kB
SwapCached:            0 kB
Active:          1357636 kB
Inactive:        1422316 kB
Active(anon):    1149724 kB
Inactive(anon):    20592 kB
Active(file):     207912 kB
Inactive(file):  1401724 kB
Unevictable:        5556 kB
Mlocked:            5556 kB
SwapTotal:       3145724 kB
SwapFree:        3145724 kB
Dirty:               328 kB
Writeback:             0 kB
AnonPages:       1149312 kB
Mapped:           809628 kB
Shmem:             22532 kB
KReclaimable:     650312 kB
Slab:             205000 kB
SReclaimable:      67760 kB
SUnreclaim:       137240 kB
KernelStack:       42112 kB
PageTables:        56160 kB
NFS_Unstable:          0 kB
Bounce:                0 kB
WritebackTmp:          0 kB
CommitLimit:     9202292 kB
Committed_AS:   57857832 kB
VmallocTotal:   263061440 kB
VmallocUsed:       98944 kB
VmallocChunk:          0 kB
Percpu:             7616 kB
CmaTotal:         294912 kB
CmaFree:               0 kB
MemTotal:       12113140 kB
MemFree:         6838244 kB
MemAvailable:    8229500 kB
Buffers:            6496 kB
Cached:          1630204 kB
SwapCached:            0 kB
Active:          1358536 kB
Inactive:        1422320 kB
Active(anon):    1150616 kB
Inactive(anon):    20592 kB
Active(file):     207920 kB
Inactive(file):  1401728 kB
Unevictable:        5556 kB
Mlocked:            5556 kB
SwapTotal:       3145724 kB
SwapFree:        3145724 kB
Dirty:               320 kB
Writeback:             0 kB
AnonPages:       1149576 kB
Mapped:           809888 kB
Shmem:             22532 kB
KReclaimable:     650312 kB
Slab:             205000 kB
SReclaimable:      67760 kB
SUnreclaim:       137240 kB
KernelStack:       42064 kB
PageTables:        56408 kB
NFS_Unstable:          0 kB
Bounce:                0 kB
WritebackTmp:          0 kB
CommitLimit:     9202292 kB
Committed_AS:   57857284 kB
VmallocTotal:   263061440 kB
VmallocUsed:       98976 kB
VmallocChunk:          0 kB
Percpu:             7616 kB
CmaTotal:         294912 kB
CmaFree:               0 kB
MemTotal:       12113140 kB
MemFree:         6837236 kB
MemAvailable:    8228496 kB
Buffers:            6496 kB
Cached:          1630208 kB
SwapCached:            0 kB
Active:          1358484 kB
Inactive:        1422324 kB
Active(anon):    1150564 kB
Inactive(anon):    20592 kB
Active(file):     207920 kB
Inactive(file):  1401732 kB
Unevictable:        5556 kB
Mlocked:            5556 kB
SwapTotal:       3145724 kB
SwapFree:        3145724 kB
Dirty:               332 kB
Writeback:             0 kB
AnonPages:       1149228 kB
Mapped:           809880 kB
Shmem:             22532 kB
KReclaimable:     650312 kB
Slab:             205000 kB
SReclaimable:      67760 kB
SUnreclaim:       137240 kB
KernelStack:       42112 kB
PageTables:        56412 kB
NFS_Unstable:          0 kB
Bounce:                0 kB
WritebackTmp:          0 kB
CommitLimit:     9202292 kB
Committed_AS:   57856844 kB
VmallocTotal:   263061440 kB
VmallocUsed:       98976 kB
VmallocChunk:          0 kB
Percpu:             7616 kB
CmaTotal:         294912 kB
CmaFree:               0 kB
MemTotal:       12113140 kB
MemFree:         6836948 kB
MemAvailable:    8228232 kB
Buffers:            6496 kB
Cached:          1630232 kB
SwapCached:            0 kB
Active:          1358936 kB
Inactive:        1422340 kB
Active(anon):    1151008 kB
Inactive(anon):    20592 kB
Active(file):     207928 kB
Inactive(file):  1401748 kB
Unevictable:        5556 kB
Mlocked:            5556 kB
SwapTotal:       3145724 kB
SwapFree:        3145724 kB
Dirty:               344 kB
Writeback:             0 kB
AnonPages:       1149920 kB
Mapped:           809640 kB
Shmem:             22532 kB
KReclaimable:     650312 kB
Slab:             205000 kB
SReclaimable:      67760 kB
SUnreclaim:       137240 kB
KernelStack:       42096 kB
PageTables:        56404 kB
NFS_Unstable:          0 kB
Bounce:                0 kB
WritebackTmp:          0 kB
CommitLimit:     9202292 kB
Committed_AS:   57853504 kB
VmallocTotal:   263061440 kB
VmallocUsed:       98976 kB
VmallocChunk:          0 kB
Percpu:             7616 kB
CmaTotal:         294912 kB
CmaFree:               0 kB
MemTotal:       12113140 kB
MemFree:         6836416 kB
MemAvailable:    8227676 kB
Buffers:            6496 kB
Cached:          1630208 kB
SwapCached:            0 kB
Active:          1359236 kB
Inactive:        1422324 kB
Active(anon):    1151316 kB
Inactive(anon):    20592 kB
Active(file):     207920 kB
Inactive(file):  1401732 kB
Unevictable:        5556 kB
Mlocked:            5556 kB
SwapTotal:       3145724 kB
SwapFree:        3145724 kB
Dirty:               332 kB
Writeback:             0 kB
AnonPages:       1150816 kB
Mapped:           809696 kB
Shmem:             22532 kB
KReclaimable:     650312 kB
Slab:             205000 kB
SReclaimable:      67760 kB
SUnreclaim:       137240 kB
KernelStack:       42132 kB
PageTables:        56340 kB
NFS_Unstable:          0 kB
Bounce:                0 kB
WritebackTmp:          0 kB
CommitLimit:     9202292 kB
Committed_AS:   57858352 kB
VmallocTotal:   263061440 kB
VmallocUsed:       98992 kB
VmallocChunk:          0 kB
Percpu:             7616 kB
CmaTotal:         294912 kB
CmaFree:               0 kB
MemTotal:       12113140 kB
MemFree:         6835360 kB
MemAvailable:    8226620 kB
Buffers:            6496 kB
Cached:          1630208 kB
SwapCached:            0 kB
Active:          1358760 kB
Inactive:        1422328 kB
Active(anon):    1150844 kB
Inactive(anon):    20592 kB
Active(file):     207916 kB
Inactive(file):  1401736 kB
Unevictable:        5556 kB
Mlocked:            5556 kB
SwapTotal:       3145724 kB
SwapFree:        3145724 kB
Dirty:               332 kB
Writeback:             0 kB
AnonPages:       1149908 kB
Mapped:           809880 kB
Shmem:             22532 kB
KReclaimable:     650312 kB
Slab:             205000 kB
SReclaimable:      67760 kB
SUnreclaim:       137240 kB
KernelStack:       42112 kB
PageTables:        56416 kB
NFS_Unstable:          0 kB
Bounce:                0 kB
WritebackTmp:          0 kB
CommitLimit:     9202292 kB
Committed_AS:   57858008 kB
VmallocTotal:   263061440 kB
VmallocUsed:       98992 kB
VmallocChunk:          0 kB
Percpu:             7616 kB
CmaTotal:         294912 kB
CmaFree:               8 kB
MemTotal:       12113140 kB
MemFree:         6835872 kB
MemAvailable:    8227132 kB
Buffers:            6496 kB
Cached:          1630208 kB
SwapCached:            0 kB
Active:          1359060 kB
Inactive:        1422324 kB
Active(anon):    1151140 kB
Inactive(anon):    20592 kB
Active(file):     207920 kB
Inactive(file):  1401732 kB
Unevictable:        5556 kB
Mlocked:            5556 kB
SwapTotal:       3145724 kB
SwapFree:        3145724 kB
Dirty:               332 kB
Writeback:             0 kB
AnonPages:       1150600 kB
Mapped:           809876 kB
Shmem:             22532 kB
KReclaimable:     650312 kB
Slab:             205000 kB
SReclaimable:      67760 kB
SUnreclaim:       137240 kB
KernelStack:       42128 kB
PageTables:        56412 kB
NFS_Unstable:          0 kB
Bounce:                0 kB
WritebackTmp:          0 kB
CommitLimit:     9202292 kB
Committed_AS:   57863836 kB
VmallocTotal:   263061440 kB
VmallocUsed:       98992 kB
VmallocChunk:          0 kB
Percpu:             7616 kB
CmaTotal:         294912 kB
CmaFree:               0 kB
MemTotal:       12113140 kB
MemFree:         6835900 kB
MemAvailable:    8227160 kB
Buffers:            6496 kB
Cached:          1630208 kB
SwapCached:            0 kB
Active:          1359660 kB
Inactive:        1422324 kB
Active(anon):    1151740 kB
Inactive(anon):    20592 kB
Active(file):     207920 kB
Inactive(file):  1401732 kB
Unevictable:        5556 kB
Mlocked:            5556 kB
SwapTotal:       3145724 kB
SwapFree:        3145724 kB
Dirty:               332 kB
Writeback:             0 kB
AnonPages:       1150728 kB
Mapped:           809864 kB
Shmem:             22532 kB
KReclaimable:     650312 kB
Slab:             205000 kB
SReclaimable:      67760 kB
SUnreclaim:       137240 kB
KernelStack:       42128 kB
PageTables:        56392 kB
NFS_Unstable:          0 kB
Bounce:                0 kB
WritebackTmp:          0 kB
CommitLimit:     9202292 kB
Committed_AS:   57863616 kB
VmallocTotal:   263061440 kB
VmallocUsed:       98976 kB
VmallocChunk:          0 kB
Percpu:             7616 kB
CmaTotal:         294912 kB
CmaFree:               0 kB
MemTotal:       12113140 kB
MemFree:         6835240 kB
MemAvailable:    8226500 kB
Buffers:            6496 kB
Cached:          1630208 kB
SwapCached:            0 kB
Active:          1360740 kB
Inactive:        1422324 kB
Active(anon):    1152820 kB
Inactive(anon):    20592 kB
Active(file):     207920 kB
Inactive(file):  1401732 kB
Unevictable:        5556 kB
Mlocked:            5556 kB
SwapTotal:       3145724 kB
SwapFree:        3145724 kB
Dirty:               368 kB
Writeback:             0 kB
AnonPages:       1152224 kB
Mapped:           809164 kB
Shmem:             22532 kB
KReclaimable:     650312 kB
Slab:             205000 kB
SReclaimable:      67760 kB
SUnreclaim:       137240 kB
KernelStack:       42112 kB
PageTables:        56416 kB
NFS_Unstable:          0 kB
Bounce:                0 kB
WritebackTmp:          0 kB
CommitLimit:     9202292 kB
Committed_AS:   57863220 kB
VmallocTotal:   263061440 kB
VmallocUsed:       98976 kB
VmallocChunk:          0 kB
Percpu:             7616 kB
CmaTotal:         294912 kB
CmaFree:               0 kB
MemTotal:       12113140 kB
MemFree:         6833888 kB
MemAvailable:    8225148 kB
Buffers:            6496 kB
Cached:          1630208 kB
SwapCached:            0 kB
Active:          1361008 kB
Inactive:        1422320 kB
Active(anon):    1153084 kB
Inactive(anon):    20592 kB
Active(file):     207924 kB
Inactive(file):  1401728 kB
Unevictable:        5556 kB
Mlocked:            5556 kB
SwapTotal:       3145724 kB
SwapFree:        3145724 kB
Dirty:               180 kB
Writeback:             0 kB
AnonPages:       1152264 kB
Mapped:           808912 kB
Shmem:             22532 kB
KReclaimable:     650312 kB
Slab:             205004 kB
SReclaimable:      67760 kB
SUnreclaim:       137244 kB
KernelStack:       42112 kB
PageTables:        56424 kB
NFS_Unstable:          0 kB
Bounce:                0 kB
WritebackTmp:          0 kB
CommitLimit:     9202292 kB
Committed_AS:   57862904 kB
VmallocTotal:   263061440 kB
VmallocUsed:       98992 kB
VmallocChunk:          0 kB
Percpu:             7616 kB
CmaTotal:         294912 kB
CmaFree:               0 kB
MemTotal:       12113140 kB
MemFree:         6833628 kB
MemAvailable:    8224888 kB
Buffers:            6496 kB
Cached:          1630208 kB
SwapCached:            0 kB
Active:          1361552 kB
Inactive:        1422320 kB
Active(anon):    1153628 kB
Inactive(anon):    20592 kB
Active(file):     207924 kB
Inactive(file):  1401728 kB
Unevictable:        5556 kB
Mlocked:            5556 kB
SwapTotal:       3145724 kB
SwapFree:        3145724 kB
Dirty:               188 kB
Writeback:             0 kB
AnonPages:       1152708 kB
Mapped:           808904 kB
Shmem:             22532 kB
KReclaimable:     650312 kB
Slab:             205004 kB
SReclaimable:      67760 kB
SUnreclaim:       137244 kB
KernelStack:       42112 kB
PageTables:        56416 kB
NFS_Unstable:          0 kB
Bounce:                0 kB
WritebackTmp:          0 kB
CommitLimit:     9202292 kB
Committed_AS:   57862552 kB
VmallocTotal:   263061440 kB
VmallocUsed:       98976 kB
VmallocChunk:          0 kB
Percpu:             7616 kB
CmaTotal:         294912 kB
CmaFree:               0 kB
MemTotal:       12113140 kB
MemFree:         6833444 kB
MemAvailable:    8224708 kB
Buffers:            6496 kB
Cached:          1630216 kB
SwapCached:            0 kB
Active:          1361904 kB
Inactive:        1422324 kB
Active(anon):    1153980 kB
Inactive(anon):    20592 kB
Active(file):     207924 kB
Inactive(file):  1401732 kB
Unevictable:        5556 kB
Mlocked:            5556 kB
SwapTotal:       3145724 kB
SwapFree:        3145724 kB
Dirty:               200 kB
Writeback:             0 kB
AnonPages:       1153008 kB
Mapped:           809072 kB
Shmem:             22532 kB
KReclaimable:     650312 kB
Slab:             205004 kB
SReclaimable:      67760 kB
SUnreclaim:       137244 kB
KernelStack:       42116 kB
PageTables:        56320 kB
NFS_Unstable:          0 kB
Bounce:                0 kB
WritebackTmp:          0 kB
CommitLimit:     9202292 kB
Committed_AS:   57863080 kB
VmallocTotal:   263061440 kB
VmallocUsed:       98960 kB
VmallocChunk:          0 kB
Percpu:             7616 kB
CmaTotal:         294912 kB
CmaFree:               0 kB
MemTotal:       12113140 kB
MemFree:         6833412 kB
MemAvailable:    8224700 kB
Buffers:            6496 kB
Cached:          1630236 kB
SwapCached:            0 kB
Active:          1362204 kB
Inactive:        1422340 kB
Active(anon):    1154272 kB
Inactive(anon):    20592 kB
Active(file):     207932 kB
Inactive(file):  1401748 kB
Unevictable:        5556 kB
Mlocked:            5556 kB
SwapTotal:       3145724 kB
SwapFree:        3145724 kB
Dirty:               228 kB
Writeback:             0 kB
AnonPages:       1153200 kB
Mapped:           809164 kB
Shmem:             22532 kB
KReclaimable:     650312 kB
Slab:             205004 kB
SReclaimable:      67760 kB
SUnreclaim:       137244 kB
KernelStack:       42096 kB
PageTables:        56416 kB
NFS_Unstable:          0 kB
Bounce:                0 kB
WritebackTmp:          0 kB
CommitLimit:     9202292 kB
Committed_AS:   57863572 kB
VmallocTotal:   263061440 kB
VmallocUsed:       98960 kB
VmallocChunk:          0 kB
Percpu:             7616 kB
CmaTotal:         294912 kB
CmaFree:               0 kB
MemTotal:       12113140 kB
MemFree:         6833916 kB
MemAvailable:    8225204 kB
Buffers:            6496 kB
Cached:          1630236 kB
SwapCached:            0 kB
Active:          1362844 kB
Inactive:        1422340 kB
Active(anon):    1154912 kB
Inactive(anon):    20592 kB
Active(file):     207932 kB
Inactive(file):  1401748 kB
Unevictable:        5556 kB
Mlocked:            5556 kB
SwapTotal:       3145724 kB
SwapFree:        3145724 kB
Dirty:               228 kB
Writeback:             0 kB
AnonPages:       1154036 kB
Mapped:           809016 kB
Shmem:             22532 kB
KReclaimable:     650312 kB
Slab:             205004 kB
SReclaimable:      67760 kB
SUnreclaim:       137244 kB
KernelStack:       42064 kB
PageTables:        56412 kB
NFS_Unstable:          0 kB
Bounce:                0 kB
WritebackTmp:          0 kB
CommitLimit:     9202292 kB
Committed_AS:   57863264 kB
VmallocTotal:   263061440 kB
VmallocUsed:       98944 kB
VmallocChunk:          0 kB
Percpu:             7616 kB
CmaTotal:         294912 kB
CmaFree:               0 kB
MemTotal:       12113140 kB
MemFree:         6831804 kB
MemAvailable:    8223040 kB
Buffers:            6496 kB
Cached:          1630184 kB
SwapCached:            0 kB
Active:          1363748 kB
Inactive:        1422292 kB
Active(anon):    1155820 kB
Inactive(anon):    20592 kB
Active(file):     207928 kB
Inactive(file):  1401700 kB
Unevictable:        5556 kB
Mlocked:            5556 kB
SwapTotal:       3145724 kB
SwapFree:        3145724 kB
Dirty:               148 kB
Writeback:             0 kB
AnonPages:       1154784 kB
Mapped:           808952 kB
Shmem:             22532 kB
KReclaimable:     650312 kB
Slab:             205004 kB
SReclaimable:      67760 kB
SUnreclaim:       137244 kB
KernelStack:       42064 kB
PageTables:        56340 kB
NFS_Unstable:          0 kB
Bounce:                0 kB
WritebackTmp:          0 kB
CommitLimit:     9202292 kB
Committed_AS:   57863476 kB
VmallocTotal:   263061440 kB
VmallocUsed:       98960 kB
VmallocChunk:          0 kB
Percpu:             7616 kB
CmaTotal:         294912 kB
CmaFree:               0 kB
MemTotal:       12113140 kB
MemFree:         6831300 kB
MemAvailable:    8222572 kB
Buffers:            6496 kB
Cached:          1630220 kB
SwapCached:            0 kB
Active:          1364288 kB
Inactive:        1422328 kB
Active(anon):    1156360 kB
Inactive(anon):    20592 kB
Active(file):     207928 kB
Inactive(file):  1401736 kB
Unevictable:        5556 kB
Mlocked:            5556 kB
SwapTotal:       3145724 kB
SwapFree:        3145724 kB
Dirty:               148 kB
Writeback:             0 kB
AnonPages:       1155508 kB
Mapped:           809104 kB
Shmem:             22532 kB
KReclaimable:     650312 kB
Slab:             205004 kB
SReclaimable:      67760 kB
SUnreclaim:       137244 kB
KernelStack:       42064 kB
PageTables:        56364 kB
NFS_Unstable:          0 kB
Bounce:                0 kB
WritebackTmp:          0 kB
CommitLimit:     9202292 kB
Committed_AS:   57863080 kB
VmallocTotal:   263061440 kB
VmallocUsed:       98960 kB
VmallocChunk:          0 kB
Percpu:             7616 kB
CmaTotal:         294912 kB
CmaFree:               0 kB
MemTotal:       12113140 kB
MemFree:         6829716 kB
MemAvailable:    8220988 kB
Buffers:            6504 kB
Cached:          1630212 kB
SwapCached:            0 kB
Active:          1364252 kB
Inactive:        1422328 kB
Active(anon):    1156324 kB
Inactive(anon):    20592 kB
Active(file):     207928 kB
Inactive(file):  1401736 kB
Unevictable:        5556 kB
Mlocked:            5556 kB
SwapTotal:       3145724 kB
SwapFree:        3145724 kB
Dirty:               148 kB
Writeback:             0 kB
AnonPages:       1155796 kB
Mapped:           809012 kB
Shmem:             22532 kB
KReclaimable:     650312 kB
Slab:             205004 kB
SReclaimable:      67760 kB
SUnreclaim:       137244 kB
KernelStack:       42080 kB
PageTables:        56396 kB
NFS_Unstable:          0 kB
Bounce:                0 kB
WritebackTmp:          0 kB
CommitLimit:     9202292 kB
Committed_AS:   57867988 kB
VmallocTotal:   263061440 kB
VmallocUsed:       98960 kB
VmallocChunk:          0 kB
Percpu:             7616 kB
CmaTotal:         294912 kB
CmaFree:               0 kB
MemTotal:       12113140 kB
MemFree:         6830076 kB
MemAvailable:    8221364 kB
Buffers:            6504 kB
Cached:          1630228 kB
SwapCached:            0 kB
Active:          1365176 kB
Inactive:        1422336 kB
Active(anon):    1157240 kB
Inactive(anon):    20592 kB
Active(file):     207936 kB
Inactive(file):  1401744 kB
Unevictable:        5556 kB
Mlocked:            5556 kB
SwapTotal:       3145724 kB
SwapFree:        3145724 kB
Dirty:               140 kB
Writeback:             0 kB
AnonPages:       1155992 kB
Mapped:           809104 kB
Shmem:             22532 kB
KReclaimable:     650312 kB
Slab:             205004 kB
SReclaimable:      67760 kB
SUnreclaim:       137244 kB
KernelStack:       42116 kB
PageTables:        56364 kB
NFS_Unstable:          0 kB
Bounce:                0 kB
WritebackTmp:          0 kB
CommitLimit:     9202292 kB
Committed_AS:   57862952 kB
VmallocTotal:   263061440 kB
VmallocUsed:       98944 kB
VmallocChunk:          0 kB
Percpu:             7616 kB
CmaTotal:         294912 kB
CmaFree:               0 kB
MemTotal:       12113140 kB
MemFree:         6829152 kB
MemAvailable:    8220440 kB
Buffers:            6504 kB
Cached:          1630228 kB
SwapCached:            0 kB
Active:          1365712 kB
Inactive:        1422336 kB
Active(anon):    1157776 kB
Inactive(anon):    20592 kB
Active(file):     207936 kB
Inactive(file):  1401744 kB
Unevictable:        5556 kB
Mlocked:            5556 kB
SwapTotal:       3145724 kB
SwapFree:        3145724 kB
Dirty:               140 kB
Writeback:             0 kB
AnonPages:       1156820 kB
Mapped:           808912 kB
Shmem:             22532 kB
KReclaimable:     650312 kB
Slab:             205004 kB
SReclaimable:      67760 kB
SUnreclaim:       137244 kB
KernelStack:       42064 kB
PageTables:        56424 kB
NFS_Unstable:          0 kB
Bounce:                0 kB
WritebackTmp:          0 kB
CommitLimit:     9202292 kB
Committed_AS:   57862916 kB
VmallocTotal:   263061440 kB
VmallocUsed:       98944 kB
VmallocChunk:          0 kB
Percpu:             7616 kB
CmaTotal:         294912 kB
CmaFree:               0 kB
MemTotal:       12113140 kB
MemFree:         6829440 kB
MemAvailable:    8220732 kB
Buffers:            6504 kB
Cached:          1630232 kB
SwapCached:            0 kB
Active:          1365768 kB
Inactive:        1422340 kB
Active(anon):    1157832 kB
Inactive(anon):    20592 kB
Active(file):     207936 kB
Inactive(file):  1401748 kB
Unevictable:        5556 kB
Mlocked:            5556 kB
SwapTotal:       3145724 kB
SwapFree:        3145724 kB
Dirty:               148 kB
Writeback:             0 kB
AnonPages:       1157008 kB
Mapped:           808904 kB
Shmem:             22532 kB
KReclaimable:     650312 kB
Slab:             205004 kB
SReclaimable:      67760 kB
SUnreclaim:       137244 kB
KernelStack:       42080 kB
PageTables:        56416 kB
NFS_Unstable:          0 kB
Bounce:                0 kB
WritebackTmp:          0 kB
CommitLimit:     9202292 kB
Committed_AS:   57857876 kB
VmallocTotal:   263061440 kB
VmallocUsed:       98960 kB
VmallocChunk:          0 kB
Percpu:             7616 kB
CmaTotal:         294912 kB
CmaFree:               0 kB
MemTotal:       12113140 kB
MemFree:         6828140 kB
MemAvailable:    8219432 kB
Buffers:            6504 kB
Cached:          1630232 kB
SwapCached:            0 kB
Active:          1365940 kB
Inactive:        1422340 kB
Active(anon):    1158004 kB
Inactive(anon):    20592 kB
Active(file):     207936 kB
Inactive(file):  1401748 kB
Unevictable:        5556 kB
Mlocked:            5556 kB
SwapTotal:       3145724 kB
SwapFree:        3145724 kB
Dirty:               148 kB
Writeback:             0 kB
AnonPages:       1157088 kB
Mapped:           808908 kB
Shmem:             22532 kB
KReclaimable:     650312 kB
Slab:             205004 kB
SReclaimable:      67760 kB
SUnreclaim:       137244 kB
KernelStack:       42080 kB
PageTables:        56420 kB
NFS_Unstable:          0 kB
Bounce:                0 kB
WritebackTmp:          0 kB
CommitLimit:     9202292 kB
Committed_AS:   57858944 kB
VmallocTotal:   263061440 kB
VmallocUsed:       98960 kB
VmallocChunk:          0 kB
Percpu:             7616 kB
CmaTotal:         294912 kB
CmaFree:               4 kB
MemTotal:       12113140 kB
MemFree:         6827764 kB
MemAvailable:    8219056 kB
Buffers:            6504 kB
Cached:          1630232 kB
SwapCached:            0 kB
Active:          1366480 kB
Inactive:        1422340 kB
Active(anon):    1158544 kB
Inactive(anon):    20592 kB
Active(file):     207936 kB
Inactive(file):  1401748 kB
Unevictable:        5556 kB
Mlocked:            5556 kB
SwapTotal:       3145724 kB
SwapFree:        3145724 kB
Dirty:               148 kB
Writeback:             0 kB
AnonPages:       1157668 kB
Mapped:           809148 kB
Shmem:             22532 kB
KReclaimable:     650312 kB
Slab:             205004 kB
SReclaimable:      67760 kB
SUnreclaim:       137244 kB
KernelStack:       42080 kB
PageTables:        56340 kB
NFS_Unstable:          0 kB
Bounce:                0 kB
WritebackTmp:          0 kB
CommitLimit:     9202292 kB
Committed_AS:   57868464 kB
VmallocTotal:   263061440 kB
VmallocUsed:       98960 kB
VmallocChunk:          0 kB
Percpu:             7616 kB
CmaTotal:         294912 kB
CmaFree:               0 kB
MemTotal:       12113140 kB
MemFree:         6829188 kB
MemAvailable:    8220480 kB
Buffers:            6504 kB
Cached:          1630232 kB
SwapCached:            0 kB
Active:          1366960 kB
Inactive:        1422340 kB
Active(anon):    1159024 kB
Inactive(anon):    20592 kB
Active(file):     207936 kB
Inactive(file):  1401748 kB
Unevictable:        5556 kB
Mlocked:            5556 kB
SwapTotal:       3145724 kB
SwapFree:        3145724 kB
Dirty:               148 kB
Writeback:             0 kB
AnonPages:       1158032 kB
Mapped:           809164 kB
Shmem:             22532 kB
KReclaimable:     650312 kB
Slab:             205004 kB
SReclaimable:      67760 kB
SUnreclaim:       137244 kB
KernelStack:       42048 kB
PageTables:        56416 kB
NFS_Unstable:          0 kB
Bounce:                0 kB
WritebackTmp:          0 kB
CommitLimit:     9202292 kB
Committed_AS:   57864696 kB
VmallocTotal:   263061440 kB
VmallocUsed:       98944 kB
VmallocChunk:          0 kB
Percpu:             7616 kB
CmaTotal:         294912 kB
CmaFree:               0 kB
MemTotal:       12113140 kB
MemFree:         6828688 kB
MemAvailable:    8219980 kB
Buffers:            6504 kB
Cached:          1630232 kB
SwapCached:            0 kB
Active:          1367168 kB
Inactive:        1422340 kB
Active(anon):    1159232 kB
Inactive(anon):    20592 kB
Active(file):     207936 kB
Inactive(file):  1401748 kB
Unevictable:        5556 kB
Mlocked:            5556 kB
SwapTotal:       3145724 kB
SwapFree:        3145724 kB
Dirty:               148 kB
Writeback:             0 kB
AnonPages:       1158716 kB
Mapped:           809164 kB
Shmem:             22532 kB
KReclaimable:     650312 kB
Slab:             205004 kB
SReclaimable:      67760 kB
SUnreclaim:       137244 kB
KernelStack:       42048 kB
PageTables:        56420 kB
NFS_Unstable:          0 kB
Bounce:                0 kB
WritebackTmp:          0 kB
CommitLimit:     9202292 kB
Committed_AS:   57884632 kB
VmallocTotal:   263061440 kB
VmallocUsed:       98944 kB
VmallocChunk:          0 kB
Percpu:             7616 kB
CmaTotal:         294912 kB
CmaFree:               0 kB
MemTotal:       12113140 kB
MemFree:         6828744 kB
MemAvailable:    8220036 kB
Buffers:            6504 kB
Cached:          1630232 kB
SwapCached:            0 kB
Active:          1367476 kB
Inactive:        1422340 kB
Active(anon):    1159540 kB
Inactive(anon):    20592 kB
Active(file):     207936 kB
Inactive(file):  1401748 kB
Unevictable:        5556 kB
Mlocked:            5556 kB
SwapTotal:       3145724 kB
SwapFree:        3145724 kB
Dirty:               148 kB
Writeback:             0 kB
AnonPages:       1158932 kB
Mapped:           809156 kB
Shmem:             22532 kB
KReclaimable:     650312 kB
Slab:             205004 kB
SReclaimable:      67760 kB
SUnreclaim:       137244 kB
KernelStack:       42032 kB
PageTables:        56356 kB
NFS_Unstable:          0 kB
Bounce:                0 kB
WritebackTmp:          0 kB
CommitLimit:     9202292 kB
Committed_AS:   57883108 kB
VmallocTotal:   263061440 kB
VmallocUsed:       98944 kB
VmallocChunk:          0 kB
Percpu:             7616 kB
CmaTotal:         294912 kB
CmaFree:               0 kB
MemTotal:       12113140 kB
MemFree:         6826916 kB
MemAvailable:    8218208 kB
Buffers:            6504 kB
Cached:          1630232 kB
SwapCached:            0 kB
Active:          1368684 kB
Inactive:        1422340 kB
Active(anon):    1160748 kB
Inactive(anon):    20592 kB
Active(file):     207936 kB
Inactive(file):  1401748 kB
Unevictable:        5556 kB
Mlocked:            5556 kB
SwapTotal:       3145724 kB
SwapFree:        3145724 kB
Dirty:               148 kB
Writeback:             0 kB
AnonPages:       1159788 kB
Mapped:           809144 kB
Shmem:             22532 kB
KReclaimable:     650312 kB
Slab:             205004 kB
SReclaimable:      67760 kB
SUnreclaim:       137244 kB
KernelStack:       42048 kB
PageTables:        56384 kB
NFS_Unstable:          0 kB
Bounce:                0 kB
WritebackTmp:          0 kB
CommitLimit:     9202292 kB
Committed_AS:   57884360 kB
VmallocTotal:   263061440 kB
VmallocUsed:       98944 kB
VmallocChunk:          0 kB
Percpu:             7616 kB
CmaTotal:         294912 kB
CmaFree:               0 kB
MemTotal:       12113140 kB
MemFree:         6826380 kB
MemAvailable:    8217700 kB
Buffers:            6504 kB
Cached:          1630260 kB
SwapCached:            0 kB
Active:          1369404 kB
Inactive:        1422364 kB
Active(anon):    1161464 kB
Inactive(anon):    20592 kB
Active(file):     207940 kB
Inactive(file):  1401772 kB
Unevictable:        5556 kB
Mlocked:            5556 kB
SwapTotal:       3145724 kB
SwapFree:        3145724 kB
Dirty:               164 kB
Writeback:             4 kB
AnonPages:       1160716 kB
Mapped:           809164 kB
Shmem:             22532 kB
KReclaimable:     650312 kB
Slab:             205004 kB
SReclaimable:      67760 kB
SUnreclaim:       137244 kB
KernelStack:       42048 kB
PageTables:        56420 kB
NFS_Unstable:          0 kB
Bounce:                0 kB
WritebackTmp:          0 kB
CommitLimit:     9202292 kB
Committed_AS:   57888008 kB
VmallocTotal:   263061440 kB
VmallocUsed:       98944 kB
VmallocChunk:          0 kB
Percpu:             7616 kB
CmaTotal:         294912 kB
CmaFree:               0 kB
MemTotal:       12113140 kB
MemFree:         6826396 kB
MemAvailable:    8217692 kB
Buffers:            6504 kB
Cached:          1630236 kB
SwapCached:            0 kB
Active:          1369008 kB
Inactive:        1422344 kB
Active(anon):    1161072 kB
Inactive(anon):    20592 kB
Active(file):     207936 kB
Inactive(file):  1401752 kB
Unevictable:        5556 kB
Mlocked:            5556 kB
SwapTotal:       3145724 kB
SwapFree:        3145724 kB
Dirty:               188 kB
Writeback:             0 kB
AnonPages:       1160728 kB
Mapped:           808908 kB
Shmem:             22532 kB
KReclaimable:     650312 kB
Slab:             205004 kB
SReclaimable:      67760 kB
SUnreclaim:       137244 kB
KernelStack:       42080 kB
PageTables:        56424 kB
NFS_Unstable:          0 kB
Bounce:                0 kB
WritebackTmp:          0 kB
CommitLimit:     9202292 kB
Committed_AS:   57888288 kB
VmallocTotal:   263061440 kB
VmallocUsed:       98960 kB
VmallocChunk:          0 kB
Percpu:             7616 kB
CmaTotal:         294912 kB
CmaFree:               0 kB
MemTotal:       12113140 kB
MemFree:         6826412 kB
MemAvailable:    8217708 kB
Buffers:            6504 kB
Cached:          1630236 kB
SwapCached:            0 kB
Active:          1368700 kB
Inactive:        1422344 kB
Active(anon):    1160764 kB
Inactive(anon):    20592 kB
Active(file):     207936 kB
Inactive(file):  1401752 kB
Unevictable:        5556 kB
Mlocked:            5556 kB
SwapTotal:       3145724 kB
SwapFree:        3145724 kB
Dirty:               188 kB
Writeback:             0 kB
AnonPages:       1159608 kB
Mapped:           808912 kB
Shmem:             22532 kB
KReclaimable:     650312 kB
Slab:             205004 kB
SReclaimable:      67760 kB
SUnreclaim:       137244 kB
KernelStack:       42048 kB
PageTables:        56428 kB
NFS_Unstable:          0 kB
Bounce:                0 kB
WritebackTmp:          0 kB
CommitLimit:     9202292 kB
Committed_AS:   57887892 kB
VmallocTotal:   263061440 kB
VmallocUsed:       98960 kB
VmallocChunk:          0 kB
Percpu:             7616 kB
CmaTotal:         294912 kB
CmaFree:               0 kB
MemTotal:       12113140 kB
MemFree:         6825272 kB
MemAvailable:    8216568 kB
Buffers:            6504 kB
Cached:          1630236 kB
SwapCached:            0 kB
Active:          1369332 kB
Inactive:        1422344 kB
Active(anon):    1161396 kB
Inactive(anon):    20592 kB
Active(file):     207936 kB
Inactive(file):  1401752 kB
Unevictable:        5556 kB
Mlocked:            5556 kB
SwapTotal:       3145724 kB
SwapFree:        3145724 kB
Dirty:               184 kB
Writeback:             0 kB
AnonPages:       1160616 kB
Mapped:           808904 kB
Shmem:             22532 kB
KReclaimable:     650312 kB
Slab:             205004 kB
SReclaimable:      67760 kB
SUnreclaim:       137244 kB
KernelStack:       42064 kB
PageTables:        56420 kB
NFS_Unstable:          0 kB
Bounce:                0 kB
WritebackTmp:          0 kB
CommitLimit:     9202292 kB
Committed_AS:   57887488 kB
VmallocTotal:   263061440 kB
VmallocUsed:       98960 kB
VmallocChunk:          0 kB
Percpu:             7616 kB
CmaTotal:         294912 kB
CmaFree:               0 kB
MemTotal:       12113140 kB
MemFree:         6826240 kB
MemAvailable:    8217536 kB
Buffers:            6504 kB
Cached:          1630236 kB
SwapCached:            0 kB
Active:          1368828 kB
Inactive:        1422344 kB
Active(anon):    1160892 kB
Inactive(anon):    20592 kB
Active(file):     207936 kB
Inactive(file):  1401752 kB
Unevictable:        5556 kB
Mlocked:            5556 kB
SwapTotal:       3145724 kB
SwapFree:        3145724 kB
Dirty:               184 kB
Writeback:             0 kB
AnonPages:       1160268 kB
Mapped:           808912 kB
Shmem:             22532 kB
KReclaimable:     650312 kB
Slab:             205004 kB
SReclaimable:      67760 kB
SUnreclaim:       137244 kB
KernelStack:       42048 kB
PageTables:        56424 kB
NFS_Unstable:          0 kB
Bounce:                0 kB
WritebackTmp:          0 kB
CommitLimit:     9202292 kB
Committed_AS:   57887224 kB
VmallocTotal:   263061440 kB
VmallocUsed:       98960 kB
VmallocChunk:          0 kB
Percpu:             7616 kB
CmaTotal:         294912 kB
CmaFree:               0 kB
MemTotal:       12113140 kB
MemFree:         6824788 kB
MemAvailable:    8216076 kB
Buffers:            6504 kB
Cached:          1630228 kB
SwapCached:            0 kB
Active:          1369604 kB
Inactive:        1422340 kB
Active(anon):    1161672 kB
Inactive(anon):    20592 kB
Active(file):     207932 kB
Inactive(file):  1401748 kB
Unevictable:        5556 kB
Mlocked:            5556 kB
SwapTotal:       3145724 kB
SwapFree:        3145724 kB
Dirty:               176 kB
Writeback:             0 kB
AnonPages:       1160876 kB
Mapped:           808952 kB
Shmem:             22532 kB
KReclaimable:     650312 kB
Slab:             205004 kB
SReclaimable:      67760 kB
SUnreclaim:       137244 kB
KernelStack:       42080 kB
PageTables:        56452 kB
NFS_Unstable:          0 kB
Bounce:                0 kB
WritebackTmp:          0 kB
CommitLimit:     9202292 kB
Committed_AS:   57886828 kB
VmallocTotal:   263061440 kB
VmallocUsed:       98960 kB
VmallocChunk:          0 kB
Percpu:             7616 kB
CmaTotal:         294912 kB
CmaFree:               0 kB
MemTotal:       12113140 kB
MemFree:         6824792 kB
MemAvailable:    8216096 kB
Buffers:            6512 kB
Cached:          1630236 kB
SwapCached:            0 kB
Active:          1369904 kB
Inactive:        1422348 kB
Active(anon):    1161964 kB
Inactive(anon):    20592 kB
Active(file):     207940 kB
Inactive(file):  1401756 kB
Unevictable:        5556 kB
Mlocked:            5556 kB
SwapTotal:       3145724 kB
SwapFree:        3145724 kB
Dirty:               168 kB
Writeback:             0 kB
AnonPages:       1161076 kB
Mapped:           808968 kB
Shmem:             22532 kB
KReclaimable:     650312 kB
Slab:             205004 kB
SReclaimable:      67760 kB
SUnreclaim:       137244 kB
KernelStack:       42112 kB
PageTables:        56440 kB
NFS_Unstable:          0 kB
Bounce:                0 kB
WritebackTmp:          0 kB
CommitLimit:     9202292 kB
Committed_AS:   57882048 kB
VmallocTotal:   263061440 kB
VmallocUsed:       98960 kB
VmallocChunk:          0 kB
Percpu:             7616 kB
CmaTotal:         294912 kB
CmaFree:               0 kB
MemTotal:       12113140 kB
MemFree:         6824504 kB
MemAvailable:    8215812 kB
Buffers:            6512 kB
Cached:          1630240 kB
SwapCached:            0 kB
Active:          1370284 kB
Inactive:        1422352 kB
Active(anon):    1162344 kB
Inactive(anon):    20592 kB
Active(file):     207940 kB
Inactive(file):  1401760 kB
Unevictable:        5556 kB
Mlocked:            5556 kB
SwapTotal:       3145724 kB
SwapFree:        3145724 kB
Dirty:               168 kB
Writeback:             0 kB
AnonPages:       1161472 kB
Mapped:           809168 kB
Shmem:             22532 kB
KReclaimable:     650312 kB
Slab:             205004 kB
SReclaimable:      67760 kB
SUnreclaim:       137244 kB
KernelStack:       42096 kB
PageTables:        56424 kB
NFS_Unstable:          0 kB
Bounce:                0 kB
WritebackTmp:          0 kB
CommitLimit:     9202292 kB
Committed_AS:   57883388 kB
VmallocTotal:   263061440 kB
VmallocUsed:       98976 kB
VmallocChunk:          0 kB
Percpu:             7616 kB
CmaTotal:         294912 kB
CmaFree:               0 kB
MemTotal:       12113140 kB
MemFree:         6824504 kB
MemAvailable:    8215816 kB
Buffers:            6512 kB
Cached:          1630244 kB
SwapCached:            0 kB
Active:          1370268 kB
Inactive:        1422352 kB
Active(anon):    1162324 kB
Inactive(anon):    20592 kB
Active(file):     207944 kB
Inactive(file):  1401760 kB
Unevictable:        5556 kB
Mlocked:            5556 kB
SwapTotal:       3145724 kB
SwapFree:        3145724 kB
Dirty:               176 kB
Writeback:             0 kB
AnonPages:       1161756 kB
Mapped:           808904 kB
Shmem:             22532 kB
KReclaimable:     650312 kB
Slab:             205004 kB
SReclaimable:      67760 kB
SUnreclaim:       137244 kB
KernelStack:       42080 kB
PageTables:        56420 kB
NFS_Unstable:          0 kB
Bounce:                0 kB
WritebackTmp:          0 kB
CommitLimit:     9202292 kB
Committed_AS:   57888036 kB
VmallocTotal:   263061440 kB
VmallocUsed:       98960 kB
VmallocChunk:          0 kB
Percpu:             7616 kB
CmaTotal:         294912 kB
CmaFree:               0 kB
MemTotal:       12113140 kB
MemFree:         6836624 kB
MemAvailable:    8227936 kB
Buffers:            6512 kB
Cached:          1630244 kB
SwapCached:            0 kB
Active:          1358572 kB
Inactive:        1422352 kB
Active(anon):    1150628 kB
Inactive(anon):    20592 kB
Active(file):     207944 kB
Inactive(file):  1401760 kB
Unevictable:        5556 kB
Mlocked:            5556 kB
SwapTotal:       3145724 kB
SwapFree:        3145724 kB
Dirty:               180 kB
Writeback:             0 kB
AnonPages:       1149876 kB
Mapped:           808900 kB
Shmem:             22532 kB
KReclaimable:     650312 kB
Slab:             205004 kB
SReclaimable:      67760 kB
SUnreclaim:       137244 kB
KernelStack:       42096 kB
PageTables:        56416 kB
NFS_Unstable:          0 kB
Bounce:                0 kB
WritebackTmp:          0 kB
CommitLimit:     9202292 kB
Committed_AS:   57887668 kB
VmallocTotal:   263061440 kB
VmallocUsed:       98960 kB
VmallocChunk:          0 kB
Percpu:             7616 kB
CmaTotal:         294912 kB
CmaFree:               0 kB
MemTotal:       12113140 kB
MemFree:         6836000 kB
MemAvailable:    8227312 kB
Buffers:            6512 kB
Cached:          1630244 kB
SwapCached:            0 kB
Active:          1359088 kB
Inactive:        1422352 kB
Active(anon):    1151144 kB
Inactive(anon):    20592 kB
Active(file):     207944 kB
Inactive(file):  1401760 kB
Unevictable:        5556 kB
Mlocked:            5556 kB
SwapTotal:       3145724 kB
SwapFree:        3145724 kB
Dirty:               180 kB
Writeback:             0 kB
AnonPages:       1150356 kB
Mapped:           809164 kB
Shmem:             22532 kB
KReclaimable:     650312 kB
Slab:             205004 kB
SReclaimable:      67760 kB
SUnreclaim:       137244 kB
KernelStack:       42096 kB
PageTables:        56420 kB
NFS_Unstable:          0 kB
Bounce:                0 kB
WritebackTmp:          0 kB
CommitLimit:     9202292 kB
Committed_AS:   57887536 kB
VmallocTotal:   263061440 kB
VmallocUsed:       98960 kB
VmallocChunk:          0 kB
Percpu:             7616 kB
CmaTotal:         294912 kB
CmaFree:               0 kB
MemTotal:       12113140 kB
MemFree:         6835820 kB
MemAvailable:    8227132 kB
Buffers:            6512 kB
Cached:          1630244 kB
SwapCached:            0 kB
Active:          1359400 kB
Inactive:        1422352 kB
Active(anon):    1151456 kB
Inactive(anon):    20592 kB
Active(file):     207944 kB
Inactive(file):  1401760 kB
Unevictable:        5556 kB
Mlocked:            5556 kB
SwapTotal:       3145724 kB
SwapFree:        3145724 kB
Dirty:               180 kB
Writeback:             0 kB
AnonPages:       1150616 kB
Mapped:           808912 kB
Shmem:             22532 kB
KReclaimable:     650312 kB
Slab:             205004 kB
SReclaimable:      67760 kB
SUnreclaim:       137244 kB
KernelStack:       42112 kB
PageTables:        56556 kB
NFS_Unstable:          0 kB
Bounce:                0 kB
WritebackTmp:          0 kB
CommitLimit:     9202292 kB
Committed_AS:   57882368 kB
VmallocTotal:   263061440 kB
VmallocUsed:       98944 kB
VmallocChunk:          0 kB
Percpu:             7616 kB
CmaTotal:         294912 kB
CmaFree:               0 kB
MemTotal:       12113140 kB
MemFree:         6835600 kB
MemAvailable:    8226912 kB
Buffers:            6512 kB
Cached:          1630244 kB
SwapCached:            0 kB
Active:          1360164 kB
Inactive:        1422352 kB
Active(anon):    1152220 kB
Inactive(anon):    20592 kB
Active(file):     207944 kB
Inactive(file):  1401760 kB
Unevictable:        5556 kB
Mlocked:            5556 kB
SwapTotal:       3145724 kB
SwapFree:        3145724 kB
Dirty:               180 kB
Writeback:             0 kB
AnonPages:       1151428 kB
Mapped:           809096 kB
Shmem:             22532 kB
KReclaimable:     650312 kB
Slab:             205004 kB
SReclaimable:      67760 kB
SUnreclaim:       137244 kB
KernelStack:       42064 kB
PageTables:        56360 kB
NFS_Unstable:          0 kB
Bounce:                0 kB
WritebackTmp:          0 kB
CommitLimit:     9202292 kB
Committed_AS:   57887500 kB
VmallocTotal:   263061440 kB
VmallocUsed:       98976 kB
VmallocChunk:          0 kB
Percpu:             7616 kB
CmaTotal:         294912 kB
CmaFree:               0 kB
MemTotal:       12113140 kB
MemFree:         6835572 kB
MemAvailable:    8226884 kB
Buffers:            6512 kB
Cached:          1630244 kB
SwapCached:            0 kB
Active:          1360624 kB
Inactive:        1422352 kB
Active(anon):    1152680 kB
Inactive(anon):    20592 kB
Active(file):     207944 kB
Inactive(file):  1401760 kB
Unevictable:        5556 kB
Mlocked:            5556 kB
SwapTotal:       3145724 kB
SwapFree:        3145724 kB
Dirty:               180 kB
Writeback:             0 kB
AnonPages:       1151736 kB
Mapped:           809016 kB
Shmem:             22532 kB
KReclaimable:     650312 kB
Slab:             205004 kB
SReclaimable:      67760 kB
SUnreclaim:       137244 kB
KernelStack:       42116 kB
PageTables:        56624 kB
NFS_Unstable:          0 kB
Bounce:                0 kB
WritebackTmp:          0 kB
CommitLimit:     9202292 kB
Committed_AS:   57886672 kB
VmallocTotal:   263061440 kB
VmallocUsed:       98976 kB
VmallocChunk:          0 kB
Percpu:             7616 kB
CmaTotal:         294912 kB
CmaFree:               0 kB
MemTotal:       12113140 kB
MemFree:         6837464 kB
MemAvailable:    8228776 kB
Buffers:            6512 kB
Cached:          1630244 kB
SwapCached:            0 kB
Active:          1357392 kB
Inactive:        1422352 kB
Active(anon):    1149448 kB
Inactive(anon):    20592 kB
Active(file):     207944 kB
Inactive(file):  1401760 kB
Unevictable:        5556 kB
Mlocked:            5556 kB
SwapTotal:       3145724 kB
SwapFree:        3145724 kB
Dirty:               180 kB
Writeback:             0 kB
AnonPages:       1148108 kB
Mapped:           809144 kB
Shmem:             22532 kB
KReclaimable:     650312 kB
Slab:             205004 kB
SReclaimable:      67760 kB
SUnreclaim:       137244 kB
KernelStack:       42112 kB
PageTables:        56400 kB
NFS_Unstable:          0 kB
Bounce:                0 kB
WritebackTmp:          0 kB
CommitLimit:     9202292 kB
Committed_AS:   57886452 kB
VmallocTotal:   263061440 kB
VmallocUsed:       98976 kB
VmallocChunk:          0 kB
Percpu:             7616 kB
CmaTotal:         294912 kB
CmaFree:               0 kB
MemTotal:       12113140 kB
MemFree:         6836760 kB
MemAvailable:    8228076 kB
Buffers:            6512 kB
Cached:          1630244 kB
SwapCached:            0 kB
Active:          1357520 kB
Inactive:        1422352 kB
Active(anon):    1149576 kB
Inactive(anon):    20592 kB
Active(file):     207944 kB
Inactive(file):  1401760 kB
Unevictable:        5556 kB
Mlocked:            5556 kB
SwapTotal:       3145724 kB
SwapFree:        3145724 kB
Dirty:               180 kB
Writeback:             0 kB
AnonPages:       1148892 kB
Mapped:           808904 kB
Shmem:             22532 kB
KReclaimable:     650316 kB
Slab:             205008 kB
SReclaimable:      67764 kB
SUnreclaim:       137244 kB
KernelStack:       42096 kB
PageTables:        56420 kB
NFS_Unstable:          0 kB
Bounce:                0 kB
WritebackTmp:          0 kB
CommitLimit:     9202292 kB
Committed_AS:   57887820 kB
VmallocTotal:   263061440 kB
VmallocUsed:       98976 kB
VmallocChunk:          0 kB
Percpu:             7616 kB
CmaTotal:         294912 kB
CmaFree:               0 kB
MemTotal:       12113140 kB
MemFree:         6835780 kB
MemAvailable:    8227092 kB
Buffers:            6512 kB
Cached:          1630240 kB
SwapCached:            0 kB
Active:          1358156 kB
Inactive:        1422352 kB
Active(anon):    1150216 kB
Inactive(anon):    20592 kB
Active(file):     207940 kB
Inactive(file):  1401760 kB
Unevictable:        5556 kB
Mlocked:            5556 kB
SwapTotal:       3145724 kB
SwapFree:        3145724 kB
Dirty:               196 kB
Writeback:             0 kB
AnonPages:       1149372 kB
Mapped:           809164 kB
Shmem:             22532 kB
KReclaimable:     650316 kB
Slab:             205004 kB
SReclaimable:      67764 kB
SUnreclaim:       137240 kB
KernelStack:       42112 kB
PageTables:        56480 kB
NFS_Unstable:          0 kB
Bounce:                0 kB
WritebackTmp:          0 kB
CommitLimit:     9202292 kB
Committed_AS:   57885072 kB
VmallocTotal:   263061440 kB
VmallocUsed:       98976 kB
