MemTotal:        7922396 kB
MemFree:          890808 kB
MemAvailable:    3986744 kB
Buffers:           35340 kB
Cached:          2274764 kB
SwapCached:         2364 kB
Active:          2135036 kB
Inactive:        1183948 kB
Active(anon):     541112 kB
Inactive(anon):   504696 kB
Active(file):    1593924 kB
Inactive(file):   679252 kB
Unevictable:        6044 kB
Mlocked:            5604 kB
SwapTotal:       4718584 kB
SwapFree:        4213240 kB
Dirty:             46572 kB
Writeback:            12 kB
AnonPages:       1012644 kB
Mapped:           411192 kB
Shmem:             32372 kB
KReclaimable:    1213032 kB
Slab:             304948 kB
SReclaimable:      77028 kB
SUnreclaim:       227920 kB
KernelStack:       48576 kB
ShadowCallStack:   12168 kB
PageTables:        65932 kB
NFS_Unstable:          0 kB
Bounce:                0 kB
WritebackTmp:          0 kB
CommitLimit:     8679780 kB
Committed_AS:   64109316 kB
VmallocTotal:   263061440 kB
VmallocUsed:      130248 kB
VmallocChunk:          0 kB
Percpu:             6288 kB
CmaTotal:         405504 kB
CmaFree:            3852 kB
MemTotal:        7922396 kB
MemFree:          621752 kB
MemAvailable:    3717964 kB
Buffers:           35436 kB
Cached:          2273556 kB
SwapCached:         2364 kB
Active:          2136128 kB
Inactive:        1450640 kB
Active(anon):     541232 kB
Inactive(anon):   771392 kB
Active(file):    1594896 kB
Inactive(file):   679248 kB
Unevictable:        6044 kB
Mlocked:            5604 kB
SwapTotal:       4718584 kB
SwapFree:        4213240 kB
Dirty:             46576 kB
Writeback:             0 kB
AnonPages:       1281456 kB
Mapped:           532088 kB
Shmem:             30300 kB
KReclaimable:    1212340 kB
Slab:             305128 kB
SReclaimable:      77160 kB
SUnreclaim:       227968 kB
KernelStack:       49872 kB
ShadowCallStack:   12496 kB
PageTables:        66960 kB
NFS_Unstable:          0 kB
Bounce:                0 kB
WritebackTmp:          0 kB
CommitLimit:     8679780 kB
Committed_AS:   65476340 kB
VmallocTotal:   263061440 kB
VmallocUsed:      131792 kB
VmallocChunk:          0 kB
Percpu:             6288 kB
CmaTotal:         405504 kB
CmaFree:            3852 kB
MemTotal:        7922396 kB
MemFree:          629096 kB
MemAvailable:    3863828 kB
Buffers:           35476 kB
Cached:          2273396 kB
SwapCached:         2364 kB
Active:          2151640 kB
Inactive:        1426624 kB
Active(anon):     541228 kB
Inactive(anon):   762832 kB
Active(file):    1610412 kB
Inactive(file):   663792 kB
Unevictable:        6044 kB
Mlocked:            5604 kB
SwapTotal:       4718584 kB
SwapFree:        4213240 kB
Dirty:             46580 kB
Writeback:             0 kB
AnonPages:       1273324 kB
Mapped:           517196 kB
Shmem:             30120 kB
KReclaimable:    1350800 kB
Slab:             305140 kB
SReclaimable:      77208 kB
SUnreclaim:       227932 kB
KernelStack:       49760 kB
ShadowCallStack:   12500 kB
PageTables:        67032 kB
NFS_Unstable:          0 kB
Bounce:                0 kB
WritebackTmp:          0 kB
CommitLimit:     8679780 kB
Committed_AS:   65561812 kB
VmallocTotal:   263061440 kB
VmallocUsed:      131764 kB
VmallocChunk:          0 kB
Percpu:             6288 kB
CmaTotal:         405504 kB
CmaFree:            3836 kB
MemTotal:        7922396 kB
MemFree:          454904 kB
MemAvailable:    3150596 kB
Buffers:           35468 kB
Cached:          2248556 kB
SwapCached:         2364 kB
Active:          2141616 kB
Inactive:        1700184 kB
Active(anon):     541228 kB
Inactive(anon):  1051364 kB
Active(file):    1600388 kB
Inactive(file):   648820 kB
Unevictable:        6044 kB
Mlocked:            5604 kB
SwapTotal:       4718584 kB
SwapFree:        4213240 kB
Dirty:             45956 kB
Writeback:             0 kB
AnonPages:       1561732 kB
Mapped:           735612 kB
Shmem:             29976 kB
KReclaimable:     836756 kB
Slab:             303956 kB
SReclaimable:      75544 kB
SUnreclaim:       228412 kB
KernelStack:       50000 kB
ShadowCallStack:   12524 kB
PageTables:        68340 kB
NFS_Unstable:          0 kB
Bounce:                0 kB
WritebackTmp:          0 kB
CommitLimit:     8679780 kB
Committed_AS:   65843628 kB
VmallocTotal:   263061440 kB
VmallocUsed:      132012 kB
VmallocChunk:          0 kB
Percpu:             6288 kB
CmaTotal:         405504 kB
CmaFree:             500 kB
MemTotal:        7922396 kB
MemFree:          532020 kB
MemAvailable:    3045344 kB
Buffers:           35472 kB
Cached:          2217680 kB
SwapCached:         2364 kB
Active:          2142068 kB
Inactive:        1690444 kB
Active(anon):     541228 kB
Inactive(anon):  1072656 kB
Active(file):    1600840 kB
Inactive(file):   617788 kB
Unevictable:        6044 kB
Mlocked:            5604 kB
SwapTotal:       4718584 kB
SwapFree:        4213240 kB
Dirty:             45908 kB
Writeback:             0 kB
AnonPages:       1583216 kB
Mapped:           733620 kB
Shmem:             29976 kB
KReclaimable:     684968 kB
Slab:             303776 kB
SReclaimable:      75352 kB
SUnreclaim:       228424 kB
KernelStack:       49952 kB
ShadowCallStack:   12512 kB
PageTables:        68664 kB
NFS_Unstable:          0 kB
Bounce:                0 kB
WritebackTmp:          0 kB
CommitLimit:     8679780 kB
Committed_AS:   65893500 kB
VmallocTotal:   263061440 kB
VmallocUsed:      132012 kB
VmallocChunk:          0 kB
Percpu:             6288 kB
CmaTotal:         405504 kB
CmaFree:               0 kB
MemTotal:        7922396 kB
MemFree:          448284 kB
MemAvailable:    2872648 kB
Buffers:           35520 kB
Cached:          2217716 kB
SwapCached:         2364 kB
Active:          2143776 kB
Inactive:        1635348 kB
Active(anon):     541180 kB
Inactive(anon):  1019236 kB
Active(file):    1602596 kB
Inactive(file):   616112 kB
Unevictable:        6044 kB
Mlocked:            5604 kB
SwapTotal:       4718584 kB
SwapFree:        4213240 kB
Dirty:             45948 kB
Writeback:             0 kB
AnonPages:       1529564 kB
Mapped:           779120 kB
Shmem:             29980 kB
KReclaimable:     595928 kB
Slab:             304156 kB
SReclaimable:      75496 kB
SUnreclaim:       228660 kB
KernelStack:       50080 kB
ShadowCallStack:   12532 kB
PageTables:        69072 kB
NFS_Unstable:          0 kB
Bounce:                0 kB
WritebackTmp:          0 kB
CommitLimit:     8679780 kB
Committed_AS:   65836144 kB
VmallocTotal:   263061440 kB
VmallocUsed:      132076 kB
VmallocChunk:          0 kB
Percpu:             6288 kB
CmaTotal:         405504 kB
CmaFree:            1392 kB
MemTotal:        7922396 kB
MemFree:          381128 kB
MemAvailable:    2842460 kB
Buffers:           35552 kB
Cached:          2218484 kB
SwapCached:         2364 kB
Active:          2143796 kB
Inactive:        1675748 kB
Active(anon):     541160 kB
Inactive(anon):  1059644 kB
Active(file):    1602636 kB
Inactive(file):   616104 kB
Unevictable:        6044 kB
Mlocked:            5604 kB
SwapTotal:       4718584 kB
SwapFree:        4213240 kB
Dirty:             46244 kB
Writeback:             0 kB
AnonPages:       1569276 kB
Mapped:           739032 kB
Shmem:             30748 kB
KReclaimable:     632864 kB
Slab:             304448 kB
SReclaimable:      75624 kB
SUnreclaim:       228824 kB
KernelStack:       49936 kB
ShadowCallStack:   12516 kB
PageTables:        69240 kB
NFS_Unstable:          0 kB
Bounce:                0 kB
WritebackTmp:          0 kB
CommitLimit:     8679780 kB
Committed_AS:   65867292 kB
VmallocTotal:   263061440 kB
VmallocUsed:      131404 kB
VmallocChunk:          0 kB
Percpu:             6288 kB
CmaTotal:         405504 kB
CmaFree:               0 kB
MemTotal:        7922396 kB
MemFree:          346664 kB
MemAvailable:    2578000 kB
Buffers:           35764 kB
Cached:          2177180 kB
SwapCached:         2364 kB
Active:          2144140 kB
Inactive:        1688136 kB
Active(anon):     541164 kB
Inactive(anon):  1113512 kB
Active(file):    1602976 kB
Inactive(file):   574624 kB
Unevictable:        6044 kB
Mlocked:            5604 kB
SwapTotal:       4718584 kB
SwapFree:        4213240 kB
Dirty:             46248 kB
Writeback:             0 kB
AnonPages:       1623136 kB
Mapped:           728384 kB
Shmem:             30772 kB
KReclaimable:     484968 kB
Slab:             304628 kB
SReclaimable:      75328 kB
SUnreclaim:       229300 kB
KernelStack:       49920 kB
ShadowCallStack:   12512 kB
PageTables:        69216 kB
NFS_Unstable:          0 kB
Bounce:                0 kB
WritebackTmp:          0 kB
CommitLimit:     8679780 kB
Committed_AS:   65964244 kB
VmallocTotal:   263061440 kB
VmallocUsed:      131468 kB
VmallocChunk:          0 kB
Percpu:             6288 kB
CmaTotal:         405504 kB
CmaFree:            5172 kB
MemTotal:        7922396 kB
MemFree:          381660 kB
MemAvailable:    2397112 kB
Buffers:           35720 kB
Cached:          2079800 kB
SwapCached:         2364 kB
Active:          2101716 kB
Inactive:        1772148 kB
Active(anon):     541164 kB
Inactive(anon):  1252500 kB
Active(file):    1560552 kB
Inactive(file):   519648 kB
Unevictable:        6044 kB
Mlocked:            5604 kB
SwapTotal:       4718584 kB
SwapFree:        4213240 kB
Dirty:             45776 kB
Writeback:             0 kB
AnonPages:       1762088 kB
Mapped:           726904 kB
Shmem:             30772 kB
KReclaimable:     333716 kB
Slab:             304424 kB
SReclaimable:      75016 kB
SUnreclaim:       229408 kB
KernelStack:       49968 kB
ShadowCallStack:   12516 kB
PageTables:        69848 kB
NFS_Unstable:          0 kB
Bounce:                0 kB
WritebackTmp:          0 kB
CommitLimit:     8679780 kB
Committed_AS:   66104852 kB
VmallocTotal:   263061440 kB
VmallocUsed:      131484 kB
VmallocChunk:          0 kB
Percpu:             6288 kB
CmaTotal:         405504 kB
CmaFree:             740 kB
MemTotal:        7922396 kB
MemFree:          260108 kB
MemAvailable:    1964748 kB
Buffers:           35720 kB
Cached:          2037568 kB
SwapCached:         2368 kB
Active:          2087932 kB
Inactive:        1695516 kB
Active(anon):     561464 kB
Inactive(anon):  1183992 kB
Active(file):    1526468 kB
Inactive(file):   511524 kB
Unevictable:        6044 kB
Mlocked:            5604 kB
SwapTotal:       4718584 kB
SwapFree:        4200440 kB
Dirty:             45788 kB
Writeback:             0 kB
AnonPages:       1714040 kB
Mapped:           740224 kB
Shmem:             30764 kB
KReclaimable:     180560 kB
Slab:             305020 kB
SReclaimable:      74892 kB
SUnreclaim:       230128 kB
KernelStack:       49856 kB
ShadowCallStack:   12504 kB
PageTables:        69856 kB
NFS_Unstable:          0 kB
Bounce:                0 kB
WritebackTmp:          0 kB
CommitLimit:     8679780 kB
Committed_AS:   66063976 kB
VmallocTotal:   263061440 kB
VmallocUsed:      131636 kB
VmallocChunk:          0 kB
Percpu:             6288 kB
CmaTotal:         405504 kB
CmaFree:           18428 kB
MemTotal:        7922396 kB
MemFree:          346060 kB
MemAvailable:    2000516 kB
Buffers:           35724 kB
Cached:          2016608 kB
SwapCached:         2364 kB
Active:          2078684 kB
Inactive:        1668528 kB
Active(anon):     569460 kB
Inactive(anon):  1160732 kB
Active(file):    1509224 kB
Inactive(file):   507796 kB
Unevictable:        6044 kB
Mlocked:            5604 kB
SwapTotal:       4718584 kB
SwapFree:        4185080 kB
Dirty:             45812 kB
Writeback:             8 kB
AnonPages:       1698716 kB
Mapped:           738348 kB
Shmem:             30768 kB
KReclaimable:     122132 kB
Slab:             305120 kB
SReclaimable:      74840 kB
SUnreclaim:       230280 kB
KernelStack:       49744 kB
ShadowCallStack:   12484 kB
PageTables:        69812 kB
NFS_Unstable:          0 kB
Bounce:                0 kB
WritebackTmp:          0 kB
CommitLimit:     8679780 kB
Committed_AS:   66063740 kB
VmallocTotal:   263061440 kB
VmallocUsed:      131512 kB
VmallocChunk:          0 kB
Percpu:             6288 kB
CmaTotal:         405504 kB
CmaFree:           19520 kB
MemTotal:        7922396 kB
MemFree:          344656 kB
MemAvailable:    1999204 kB
Buffers:           35732 kB
Cached:          2016628 kB
SwapCached:         2364 kB
Active:          2079124 kB
Inactive:        1668672 kB
Active(anon):     569832 kB
Inactive(anon):  1160852 kB
Active(file):    1509292 kB
Inactive(file):   507820 kB
Unevictable:        6044 kB
Mlocked:            5604 kB
SwapTotal:       4718584 kB
SwapFree:        4185080 kB
Dirty:             45936 kB
Writeback:             0 kB
AnonPages:       1699132 kB
Mapped:           738532 kB
Shmem:             30700 kB
KReclaimable:     122132 kB
Slab:             305120 kB
SReclaimable:      74840 kB
SUnreclaim:       230280 kB
KernelStack:       49792 kB
ShadowCallStack:   12464 kB
PageTables:        69800 kB
NFS_Unstable:          0 kB
Bounce:                0 kB
WritebackTmp:          0 kB
CommitLimit:     8679780 kB
Committed_AS:   66056508 kB
VmallocTotal:   263061440 kB
VmallocUsed:      131528 kB
VmallocChunk:          0 kB
Percpu:             6288 kB
CmaTotal:         405504 kB
CmaFree:           19508 kB
MemTotal:        7922396 kB
MemFree:          348892 kB
MemAvailable:    2003664 kB
Buffers:           35748 kB
Cached:          2016660 kB
SwapCached:         2364 kB
Active:          2079212 kB
Inactive:        1664860 kB
Active(anon):     569840 kB
Inactive(anon):  1157072 kB
Active(file):    1509372 kB
Inactive(file):   507788 kB
Unevictable:        6044 kB
Mlocked:            5604 kB
SwapTotal:       4718584 kB
SwapFree:        4185080 kB
Dirty:             46000 kB
Writeback:             0 kB
AnonPages:       1695284 kB
Mapped:           738564 kB
Shmem:             30700 kB
KReclaimable:     122484 kB
Slab:             305512 kB
SReclaimable:      75208 kB
SUnreclaim:       230304 kB
KernelStack:       49744 kB
ShadowCallStack:   12468 kB
PageTables:        69752 kB
NFS_Unstable:          0 kB
Bounce:                0 kB
WritebackTmp:          0 kB
CommitLimit:     8679780 kB
Committed_AS:   66056508 kB
VmallocTotal:   263061440 kB
VmallocUsed:      131476 kB
VmallocChunk:          0 kB
Percpu:             6288 kB
CmaTotal:         405504 kB
CmaFree:           19500 kB
MemTotal:        7922396 kB
MemFree:          351788 kB
MemAvailable:    2008528 kB
Buffers:           35784 kB
Cached:          2018552 kB
SwapCached:         2364 kB
Active:          2079632 kB
Inactive:        1662104 kB
Active(anon):     569240 kB
Inactive(anon):  1153416 kB
Active(file):    1510392 kB
Inactive(file):   508688 kB
Unevictable:        6044 kB
Mlocked:            5604 kB
SwapTotal:       4718584 kB
SwapFree:        4196856 kB
Dirty:             44772 kB
Writeback:             0 kB
AnonPages:       1691132 kB
Mapped:           738988 kB
Shmem:             30700 kB
KReclaimable:     122580 kB
Slab:             305572 kB
SReclaimable:      75304 kB
SUnreclaim:       230268 kB
KernelStack:       49776 kB
ShadowCallStack:   12468 kB
PageTables:        69824 kB
NFS_Unstable:          0 kB
Bounce:                0 kB
WritebackTmp:          0 kB
CommitLimit:     8679780 kB
Committed_AS:   66056508 kB
VmallocTotal:   263061440 kB
VmallocUsed:      131512 kB
VmallocChunk:          0 kB
Percpu:             6288 kB
CmaTotal:         405504 kB
CmaFree:           19752 kB
MemTotal:        7922396 kB
MemFree:          487984 kB
MemAvailable:    2011232 kB
Buffers:           35780 kB
Cached:          1748372 kB
SwapCached:         2296 kB
Active:          1974180 kB
Inactive:        1516748 kB
Active(anon):     617136 kB
Inactive(anon):  1123992 kB
Active(file):    1357044 kB
Inactive(file):   392756 kB
Unevictable:        6044 kB
Mlocked:            5604 kB
SwapTotal:       4718584 kB
SwapFree:        4127480 kB
Dirty:             44864 kB
Writeback:             0 kB
AnonPages:       1710776 kB
Mapped:           722948 kB
Shmem:             29920 kB
KReclaimable:      84884 kB
Slab:             305080 kB
SReclaimable:      74472 kB
SUnreclaim:       230608 kB
KernelStack:       49632 kB
ShadowCallStack:   12432 kB
PageTables:        69912 kB
NFS_Unstable:          0 kB
Bounce:                0 kB
WritebackTmp:          0 kB
CommitLimit:     8679780 kB
Committed_AS:   66056160 kB
VmallocTotal:   263061440 kB
VmallocUsed:      131332 kB
VmallocChunk:          0 kB
Percpu:             6288 kB
CmaTotal:         405504 kB
CmaFree:           28908 kB
MemTotal:        7922396 kB
MemFree:          574544 kB
MemAvailable:    2165140 kB
Buffers:           35780 kB
Cached:          1748704 kB
SwapCached:         2296 kB
Active:          1974596 kB
Inactive:        1429912 kB
Active(anon):     617268 kB
Inactive(anon):  1037224 kB
Active(file):    1357328 kB
Inactive(file):   392688 kB
Unevictable:        6044 kB
Mlocked:            5604 kB
SwapTotal:       4718584 kB
SwapFree:        4127480 kB
Dirty:             44864 kB
Writeback:             0 kB
AnonPages:       1623848 kB
Mapped:           722568 kB
Shmem:             29920 kB
KReclaimable:     219152 kB
Slab:             305128 kB
SReclaimable:      74472 kB
SUnreclaim:       230656 kB
KernelStack:       49552 kB
ShadowCallStack:   12428 kB
PageTables:        69700 kB
NFS_Unstable:          0 kB
Bounce:                0 kB
WritebackTmp:          0 kB
CommitLimit:     8679780 kB
Committed_AS:   66055780 kB
VmallocTotal:   263061440 kB
VmallocUsed:      131184 kB
VmallocChunk:          0 kB
Percpu:             6288 kB
CmaTotal:         405504 kB
CmaFree:           30384 kB
MemTotal:        7922396 kB
MemFree:          572636 kB
MemAvailable:    2163636 kB
Buffers:           35788 kB
Cached:          1748884 kB
SwapCached:         2296 kB
Active:          1975136 kB
Inactive:        1430884 kB
Active(anon):     617264 kB
Inactive(anon):  1038408 kB
Active(file):    1357872 kB
Inactive(file):   392476 kB
Unevictable:        6044 kB
Mlocked:            5604 kB
SwapTotal:       4718584 kB
SwapFree:        4127480 kB
Dirty:             44876 kB
Writeback:             0 kB
AnonPages:       1625316 kB
Mapped:           722472 kB
Shmem:             29776 kB
KReclaimable:     219296 kB
Slab:             305144 kB
SReclaimable:      74472 kB
SUnreclaim:       230672 kB
KernelStack:       49600 kB
ShadowCallStack:   12416 kB
PageTables:        69856 kB
NFS_Unstable:          0 kB
Bounce:                0 kB
WritebackTmp:          0 kB
CommitLimit:     8679780 kB
Committed_AS:   66055780 kB
VmallocTotal:   263061440 kB
VmallocUsed:      131244 kB
VmallocChunk:          0 kB
Percpu:             6288 kB
CmaTotal:         405504 kB
CmaFree:           30484 kB
MemTotal:        7922396 kB
MemFree:          575988 kB
MemAvailable:    2166988 kB
Buffers:           35788 kB
Cached:          1748884 kB
SwapCached:         2296 kB
Active:          1974988 kB
Inactive:        1427188 kB
Active(anon):     617112 kB
Inactive(anon):  1034716 kB
Active(file):    1357876 kB
Inactive(file):   392472 kB
Unevictable:        6044 kB
Mlocked:            5604 kB
SwapTotal:       4718584 kB
SwapFree:        4127480 kB
Dirty:             44876 kB
Writeback:             0 kB
AnonPages:       1621280 kB
Mapped:           722504 kB
Shmem:             29776 kB
KReclaimable:     219296 kB
Slab:             305144 kB
SReclaimable:      74472 kB
SUnreclaim:       230672 kB
KernelStack:       49568 kB
ShadowCallStack:   12412 kB
PageTables:        69832 kB
NFS_Unstable:          0 kB
Bounce:                0 kB
WritebackTmp:          0 kB
CommitLimit:     8679780 kB
Committed_AS:   66055780 kB
VmallocTotal:   263061440 kB
VmallocUsed:      131236 kB
VmallocChunk:          0 kB
Percpu:             6288 kB
CmaTotal:         405504 kB
CmaFree:           30480 kB
MemTotal:        7922396 kB
MemFree:          572632 kB
MemAvailable:    2166872 kB
Buffers:           35884 kB
Cached:          1751980 kB
SwapCached:         2296 kB
Active:          1978064 kB
Inactive:        1427892 kB
Active(anon):     617112 kB
Inactive(anon):  1035312 kB
Active(file):    1360952 kB
Inactive(file):   392580 kB
Unevictable:        6044 kB
Mlocked:            5604 kB
SwapTotal:       4718584 kB
SwapFree:        4127480 kB
Dirty:             43452 kB
Writeback:           144 kB
AnonPages:       1621768 kB
Mapped:           723564 kB
Shmem:             29784 kB
KReclaimable:     219408 kB
Slab:             305248 kB
SReclaimable:      74584 kB
SUnreclaim:       230664 kB
KernelStack:       49536 kB
ShadowCallStack:   12396 kB
PageTables:        69760 kB
NFS_Unstable:          0 kB
Bounce:                0 kB
WritebackTmp:          0 kB
CommitLimit:     8679780 kB
Committed_AS:   66055788 kB
VmallocTotal:   263061440 kB
VmallocUsed:      131232 kB
VmallocChunk:          0 kB
Percpu:             6288 kB
CmaTotal:         405504 kB
CmaFree:           30484 kB
MemTotal:        7922396 kB
MemFree:          572100 kB
MemAvailable:    2166320 kB
Buffers:           35884 kB
Cached:          1752024 kB
SwapCached:         2296 kB
Active:          1978112 kB
Inactive:        1428280 kB
Active(anon):     617108 kB
Inactive(anon):  1035708 kB
Active(file):    1361004 kB
Inactive(file):   392572 kB
Unevictable:        6044 kB
Mlocked:            5604 kB
SwapTotal:       4718584 kB
SwapFree:        4127480 kB
Dirty:             43424 kB
Writeback:             0 kB
AnonPages:       1622516 kB
Mapped:           723692 kB
Shmem:             29784 kB
KReclaimable:     219280 kB
Slab:             305088 kB
SReclaimable:      74456 kB
SUnreclaim:       230632 kB
KernelStack:       49568 kB
ShadowCallStack:   12412 kB
PageTables:        69748 kB
NFS_Unstable:          0 kB
Bounce:                0 kB
WritebackTmp:          0 kB
CommitLimit:     8679780 kB
Committed_AS:   66055788 kB
VmallocTotal:   263061440 kB
VmallocUsed:      131248 kB
VmallocChunk:          0 kB
Percpu:             6288 kB
CmaTotal:         405504 kB
CmaFree:           30484 kB
MemTotal:        7922396 kB
MemFree:          570552 kB
MemAvailable:    2165480 kB
Buffers:           35884 kB
Cached:          1752732 kB
SwapCached:         2296 kB
Active:          1978816 kB
Inactive:        1428864 kB
Active(anon):     617104 kB
Inactive(anon):  1036292 kB
Active(file):    1361712 kB
Inactive(file):   392572 kB
Unevictable:        6044 kB
Mlocked:            5604 kB
SwapTotal:       4718584 kB
SwapFree:        4127480 kB
Dirty:             43424 kB
Writeback:             0 kB
AnonPages:       1622752 kB
Mapped:           723852 kB
Shmem:             29784 kB
KReclaimable:     219280 kB
Slab:             305100 kB
SReclaimable:      74456 kB
SUnreclaim:       230644 kB
KernelStack:       49552 kB
ShadowCallStack:   12408 kB
PageTables:        69848 kB
NFS_Unstable:          0 kB
Bounce:                0 kB
WritebackTmp:          0 kB
CommitLimit:     8679780 kB
Committed_AS:   66055788 kB
VmallocTotal:   263061440 kB
VmallocUsed:      131252 kB
VmallocChunk:          0 kB
Percpu:             6288 kB
CmaTotal:         405504 kB
CmaFree:           30484 kB
MemTotal:        7922396 kB
MemFree:          570724 kB
MemAvailable:    2165824 kB
Buffers:           35884 kB
Cached:          1752904 kB
SwapCached:         2296 kB
Active:          1979000 kB
Inactive:        1429308 kB
Active(anon):     617116 kB
Inactive(anon):  1036736 kB
Active(file):    1361884 kB
Inactive(file):   392572 kB
Unevictable:        6044 kB
Mlocked:            5604 kB
SwapTotal:       4718584 kB
SwapFree:        4127480 kB
Dirty:             43424 kB
Writeback:             0 kB
AnonPages:       1623352 kB
Mapped:           723928 kB
Shmem:             29784 kB
KReclaimable:     219280 kB
Slab:             305088 kB
SReclaimable:      74456 kB
SUnreclaim:       230632 kB
KernelStack:       49600 kB
ShadowCallStack:   12408 kB
PageTables:        69860 kB
NFS_Unstable:          0 kB
Bounce:                0 kB
WritebackTmp:          0 kB
CommitLimit:     8679780 kB
Committed_AS:   66055788 kB
VmallocTotal:   263061440 kB
VmallocUsed:      131236 kB
VmallocChunk:          0 kB
Percpu:             6288 kB
CmaTotal:         405504 kB
CmaFree:           30484 kB
MemTotal:        7922396 kB
MemFree:          567672 kB
MemAvailable:    2162820 kB
Buffers:           35900 kB
Cached:          1752936 kB
SwapCached:         2296 kB
Active:          1979040 kB
Inactive:        1430776 kB
Active(anon):     617116 kB
Inactive(anon):  1038196 kB
Active(file):    1361924 kB
Inactive(file):   392580 kB
Unevictable:        6044 kB
Mlocked:            5604 kB
SwapTotal:       4718584 kB
SwapFree:        4127480 kB
Dirty:             43424 kB
Writeback:             0 kB
AnonPages:       1624736 kB
Mapped:           723928 kB
Shmem:             29784 kB
KReclaimable:     219280 kB
Slab:             305076 kB
SReclaimable:      74456 kB
SUnreclaim:       230620 kB
KernelStack:       49536 kB
ShadowCallStack:   12412 kB
PageTables:        69628 kB
NFS_Unstable:          0 kB
Bounce:                0 kB
WritebackTmp:          0 kB
CommitLimit:     8679780 kB
Committed_AS:   66055788 kB
VmallocTotal:   263061440 kB
VmallocUsed:      131244 kB
VmallocChunk:          0 kB
Percpu:             6288 kB
CmaTotal:         405504 kB
CmaFree:           30484 kB
MemTotal:        7922396 kB
MemFree:          567772 kB
MemAvailable:    2162920 kB
Buffers:           35900 kB
Cached:          1752936 kB
SwapCached:         2296 kB
Active:          1979036 kB
Inactive:        1431148 kB
Active(anon):     617112 kB
Inactive(anon):  1038568 kB
Active(file):    1361924 kB
Inactive(file):   392580 kB
Unevictable:        6044 kB
Mlocked:            5604 kB
SwapTotal:       4718584 kB
SwapFree:        4127480 kB
Dirty:             43424 kB
Writeback:             0 kB
AnonPages:       1625176 kB
Mapped:           723840 kB
Shmem:             29784 kB
KReclaimable:     219280 kB
Slab:             305080 kB
SReclaimable:      74456 kB
SUnreclaim:       230624 kB
KernelStack:       49568 kB
ShadowCallStack:   12416 kB
PageTables:        69788 kB
NFS_Unstable:          0 kB
Bounce:                0 kB
WritebackTmp:          0 kB
CommitLimit:     8679780 kB
Committed_AS:   66055788 kB
VmallocTotal:   263061440 kB
VmallocUsed:      131252 kB
VmallocChunk:          0 kB
Percpu:             6288 kB
CmaTotal:         405504 kB
CmaFree:           30484 kB
MemTotal:        7922396 kB
MemFree:          567712 kB
MemAvailable:    2163208 kB
Buffers:           35928 kB
Cached:          1753256 kB
SwapCached:         2296 kB
Active:          1978860 kB
Inactive:        1430584 kB
Active(anon):     616876 kB
Inactive(anon):  1037716 kB
Active(file):    1361984 kB
Inactive(file):   392868 kB
Unevictable:        6044 kB
Mlocked:            5604 kB
SwapTotal:       4718584 kB
SwapFree:        4127480 kB
Dirty:             43424 kB
Writeback:             0 kB
AnonPages:       1623884 kB
Mapped:           723912 kB
Shmem:             29784 kB
KReclaimable:     219280 kB
Slab:             305096 kB
SReclaimable:      74456 kB
SUnreclaim:       230640 kB
KernelStack:       49552 kB
ShadowCallStack:   12420 kB
PageTables:        69628 kB
NFS_Unstable:          0 kB
Bounce:                0 kB
WritebackTmp:          0 kB
CommitLimit:     8679780 kB
Committed_AS:   66055788 kB
VmallocTotal:   263061440 kB
VmallocUsed:      131252 kB
VmallocChunk:          0 kB
Percpu:             6288 kB
CmaTotal:         405504 kB
CmaFree:           30484 kB
MemTotal:        7922396 kB
MemFree:          568184 kB
MemAvailable:    2163680 kB
Buffers:           35928 kB
Cached:          1753256 kB
SwapCached:         2296 kB
Active:          1978864 kB
Inactive:        1430324 kB
Active(anon):     616880 kB
Inactive(anon):  1037456 kB
Active(file):    1361984 kB
Inactive(file):   392868 kB
Unevictable:        6044 kB
Mlocked:            5604 kB
SwapTotal:       4718584 kB
SwapFree:        4127480 kB
Dirty:             43424 kB
Writeback:             0 kB
AnonPages:       1623760 kB
Mapped:           724076 kB
Shmem:             29784 kB
KReclaimable:     219280 kB
Slab:             305092 kB
SReclaimable:      74456 kB
SUnreclaim:       230636 kB
KernelStack:       49616 kB
ShadowCallStack:   12416 kB
PageTables:        69832 kB
NFS_Unstable:          0 kB
Bounce:                0 kB
WritebackTmp:          0 kB
CommitLimit:     8679780 kB
Committed_AS:   66055788 kB
VmallocTotal:   263061440 kB
VmallocUsed:      131252 kB
VmallocChunk:          0 kB
Percpu:             6288 kB
CmaTotal:         405504 kB
CmaFree:           30484 kB
MemTotal:        7922396 kB
MemFree:          567144 kB
MemAvailable:    2162644 kB
Buffers:           35928 kB
Cached:          1753260 kB
SwapCached:         2296 kB
Active:          1978864 kB
Inactive:        1431048 kB
Active(anon):     616880 kB
Inactive(anon):  1038176 kB
Active(file):    1361984 kB
Inactive(file):   392872 kB
Unevictable:        6044 kB
Mlocked:            5604 kB
SwapTotal:       4718584 kB
SwapFree:        4127480 kB
Dirty:             43428 kB
Writeback:             0 kB
AnonPages:       1624492 kB
Mapped:           723948 kB
Shmem:             29784 kB
KReclaimable:     219280 kB
Slab:             305096 kB
SReclaimable:      74456 kB
SUnreclaim:       230640 kB
KernelStack:       49584 kB
ShadowCallStack:   12416 kB
PageTables:        69720 kB
NFS_Unstable:          0 kB
Bounce:                0 kB
WritebackTmp:          0 kB
CommitLimit:     8679780 kB
Committed_AS:   66055788 kB
VmallocTotal:   263061440 kB
VmallocUsed:      131236 kB
VmallocChunk:          0 kB
Percpu:             6288 kB
CmaTotal:         405504 kB
CmaFree:           30484 kB
MemTotal:        7922396 kB
MemFree:          568120 kB
MemAvailable:    2163956 kB
Buffers:           35936 kB
Cached:          1753596 kB
SwapCached:         2296 kB
Active:          1979008 kB
Inactive:        1431432 kB
Active(anon):     616880 kB
Inactive(anon):  1038368 kB
Active(file):    1362128 kB
Inactive(file):   393064 kB
Unevictable:        6044 kB
Mlocked:            5604 kB
SwapTotal:       4718584 kB
SwapFree:        4127480 kB
Dirty:             43428 kB
Writeback:             0 kB
AnonPages:       1624672 kB
Mapped:           723948 kB
Shmem:             29784 kB
KReclaimable:     219280 kB
Slab:             305104 kB
SReclaimable:      74456 kB
SUnreclaim:       230648 kB
KernelStack:       49568 kB
ShadowCallStack:   12416 kB
PageTables:        69784 kB
NFS_Unstable:          0 kB
Bounce:                0 kB
WritebackTmp:          0 kB
CommitLimit:     8679780 kB
Committed_AS:   66055792 kB
VmallocTotal:   263061440 kB
VmallocUsed:      131232 kB
VmallocChunk:          0 kB
Percpu:             6288 kB
CmaTotal:         405504 kB
CmaFree:           30484 kB
MemTotal:        7922396 kB
MemFree:          566764 kB
MemAvailable:    2162608 kB
Buffers:           35936 kB
Cached:          1753596 kB
SwapCached:         2296 kB
Active:          1979008 kB
Inactive:        1431584 kB
Active(anon):     616880 kB
Inactive(anon):  1038512 kB
Active(file):    1362128 kB
Inactive(file):   393072 kB
Unevictable:        6044 kB
Mlocked:            5604 kB
SwapTotal:       4718584 kB
SwapFree:        4127480 kB
Dirty:             43428 kB
Writeback:             0 kB
AnonPages:       1624868 kB
Mapped:           724068 kB
Shmem:             29784 kB
KReclaimable:     219280 kB
Slab:             305104 kB
SReclaimable:      74456 kB
SUnreclaim:       230648 kB
KernelStack:       49568 kB
ShadowCallStack:   12416 kB
PageTables:        69804 kB
NFS_Unstable:          0 kB
Bounce:                0 kB
WritebackTmp:          0 kB
CommitLimit:     8679780 kB
Committed_AS:   66055788 kB
VmallocTotal:   263061440 kB
VmallocUsed:      131220 kB
VmallocChunk:          0 kB
Percpu:             6288 kB
CmaTotal:         405504 kB
CmaFree:           30484 kB
MemTotal:        7922396 kB
MemFree:          566624 kB
MemAvailable:    2162468 kB
Buffers:           35944 kB
Cached:          1753588 kB
SwapCached:         2296 kB
Active:          1979004 kB
Inactive:        1432048 kB
Active(anon):     616876 kB
Inactive(anon):  1038976 kB
Active(file):    1362128 kB
Inactive(file):   393072 kB
Unevictable:        6044 kB
Mlocked:            5604 kB
SwapTotal:       4718584 kB
SwapFree:        4127480 kB
Dirty:             43480 kB
Writeback:             0 kB
AnonPages:       1625228 kB
Mapped:           724184 kB
Shmem:             29784 kB
KReclaimable:     219280 kB
Slab:             305096 kB
SReclaimable:      74456 kB
SUnreclaim:       230640 kB
KernelStack:       49568 kB
ShadowCallStack:   12420 kB
PageTables:        69776 kB
NFS_Unstable:          0 kB
Bounce:                0 kB
WritebackTmp:          0 kB
CommitLimit:     8679780 kB
Committed_AS:   66055788 kB
VmallocTotal:   263061440 kB
VmallocUsed:      131248 kB
VmallocChunk:          0 kB
Percpu:             6288 kB
CmaTotal:         405504 kB
CmaFree:           30484 kB
MemTotal:        7922396 kB
MemFree:          566528 kB
MemAvailable:    2162448 kB
Buffers:           35944 kB
Cached:          1753664 kB
SwapCached:         2296 kB
Active:          1979016 kB
Inactive:        1432192 kB
Active(anon):     616880 kB
Inactive(anon):  1039052 kB
Active(file):    1362136 kB
Inactive(file):   393140 kB
Unevictable:        6044 kB
Mlocked:            5604 kB
SwapTotal:       4718584 kB
SwapFree:        4127480 kB
Dirty:             43480 kB
Writeback:             0 kB
AnonPages:       1625436 kB
Mapped:           723976 kB
Shmem:             29784 kB
KReclaimable:     219280 kB
Slab:             305092 kB
SReclaimable:      74456 kB
SUnreclaim:       230636 kB
KernelStack:       49568 kB
ShadowCallStack:   12416 kB
PageTables:        69788 kB
NFS_Unstable:          0 kB
Bounce:                0 kB
WritebackTmp:          0 kB
CommitLimit:     8679780 kB
Committed_AS:   66055788 kB
VmallocTotal:   263061440 kB
VmallocUsed:      131232 kB
VmallocChunk:          0 kB
Percpu:             6288 kB
CmaTotal:         405504 kB
CmaFree:           30484 kB
MemTotal:        7922396 kB
MemFree:          567960 kB
MemAvailable:    2163880 kB
Buffers:           35944 kB
Cached:          1753664 kB
SwapCached:         2296 kB
Active:          1979020 kB
Inactive:        1431176 kB
Active(anon):     616880 kB
Inactive(anon):  1038040 kB
Active(file):    1362140 kB
Inactive(file):   393136 kB
Unevictable:        6044 kB
Mlocked:            5604 kB
SwapTotal:       4718584 kB
SwapFree:        4127480 kB
Dirty:             43480 kB
Writeback:             0 kB
AnonPages:       1624388 kB
Mapped:           723984 kB
Shmem:             29784 kB
KReclaimable:     219280 kB
Slab:             305084 kB
SReclaimable:      74456 kB
SUnreclaim:       230628 kB
KernelStack:       49568 kB
ShadowCallStack:   12416 kB
PageTables:        69796 kB
NFS_Unstable:          0 kB
Bounce:                0 kB
WritebackTmp:          0 kB
CommitLimit:     8679780 kB
Committed_AS:   66055788 kB
VmallocTotal:   263061440 kB
VmallocUsed:      131236 kB
VmallocChunk:          0 kB
Percpu:             6288 kB
CmaTotal:         405504 kB
CmaFree:           30604 kB
MemTotal:        7922396 kB
MemFree:          567944 kB
MemAvailable:    2163860 kB
Buffers:           35968 kB
Cached:          1753652 kB
SwapCached:         2296 kB
Active:          1979032 kB
Inactive:        1432232 kB
Active(anon):     616880 kB
Inactive(anon):  1039112 kB
Active(file):    1362152 kB
Inactive(file):   393120 kB
Unevictable:        6044 kB
Mlocked:            5604 kB
SwapTotal:       4718584 kB
SwapFree:        4127480 kB
Dirty:             43480 kB
Writeback:             0 kB
AnonPages:       1625512 kB
Mapped:           724100 kB
Shmem:             29800 kB
KReclaimable:     219280 kB
Slab:             305084 kB
SReclaimable:      74456 kB
SUnreclaim:       230628 kB
KernelStack:       49584 kB
ShadowCallStack:   12412 kB
PageTables:        69832 kB
NFS_Unstable:          0 kB
Bounce:                0 kB
WritebackTmp:          0 kB
CommitLimit:     8679780 kB
Committed_AS:   66055804 kB
VmallocTotal:   263061440 kB
VmallocUsed:      131244 kB
VmallocChunk:          0 kB
Percpu:             6288 kB
CmaTotal:         405504 kB
CmaFree:           30604 kB
MemTotal:        7922396 kB
MemFree:          566268 kB
MemAvailable:    2162212 kB
Buffers:           35968 kB
Cached:          1753680 kB
SwapCached:         2296 kB
Active:          1979176 kB
Inactive:        1432568 kB
Active(anon):     616880 kB
Inactive(anon):  1039564 kB
Active(file):    1362296 kB
Inactive(file):   393004 kB
Unevictable:        6044 kB
Mlocked:            5604 kB
SwapTotal:       4718584 kB
SwapFree:        4127480 kB
Dirty:             43480 kB
Writeback:             0 kB
AnonPages:       1626020 kB
Mapped:           724016 kB
Shmem:             29800 kB
KReclaimable:     219280 kB
Slab:             305080 kB
SReclaimable:      74456 kB
SUnreclaim:       230624 kB
KernelStack:       49568 kB
ShadowCallStack:   12420 kB
PageTables:        69764 kB
NFS_Unstable:          0 kB
Bounce:                0 kB
WritebackTmp:          0 kB
CommitLimit:     8679780 kB
Committed_AS:   66055804 kB
VmallocTotal:   263061440 kB
VmallocUsed:      131232 kB
VmallocChunk:          0 kB
Percpu:             6288 kB
CmaTotal:         405504 kB
CmaFree:           30604 kB
MemTotal:        7922396 kB
MemFree:          565780 kB
MemAvailable:    2162204 kB
Buffers:           35972 kB
Cached:          1754156 kB
SwapCached:         2296 kB
Active:          1979424 kB
Inactive:        1432484 kB
Active(anon):     616880 kB
Inactive(anon):  1039248 kB
Active(file):    1362544 kB
Inactive(file):   393236 kB
Unevictable:        6044 kB
Mlocked:            5604 kB
SwapTotal:       4718584 kB
SwapFree:        4127480 kB
Dirty:               296 kB
Writeback:             0 kB
AnonPages:       1625588 kB
Mapped:           724028 kB
Shmem:             29800 kB
KReclaimable:     219280 kB
Slab:             305084 kB
SReclaimable:      74456 kB
SUnreclaim:       230628 kB
KernelStack:       49568 kB
ShadowCallStack:   12416 kB
PageTables:        69824 kB
NFS_Unstable:          0 kB
Bounce:                0 kB
WritebackTmp:          0 kB
CommitLimit:     8679780 kB
Committed_AS:   66055804 kB
VmallocTotal:   263061440 kB
VmallocUsed:      131204 kB
VmallocChunk:          0 kB
Percpu:             6288 kB
CmaTotal:         405504 kB
CmaFree:           30604 kB
MemTotal:        7922396 kB
MemFree:          468368 kB
MemAvailable:    1979916 kB
Buffers:           35984 kB
Cached:          1754196 kB
SwapCached:         2296 kB
Active:          1979424 kB
Inactive:        1516204 kB
Active(anon):     616880 kB
Inactive(anon):  1122968 kB
Active(file):    1362544 kB
Inactive(file):   393236 kB
Unevictable:        6044 kB
Mlocked:            5604 kB
SwapTotal:       4718584 kB
SwapFree:        4127480 kB
Dirty:               296 kB
Writeback:             0 kB
AnonPages:       1709340 kB
Mapped:           724424 kB
Shmem:             29852 kB
KReclaimable:      98676 kB
Slab:             305236 kB
SReclaimable:      74456 kB
SUnreclaim:       230780 kB
KernelStack:       49648 kB
ShadowCallStack:   12408 kB
PageTables:        69952 kB
NFS_Unstable:          0 kB
Bounce:                0 kB
WritebackTmp:          0 kB
CommitLimit:     8679780 kB
Committed_AS:   66056184 kB
VmallocTotal:   263061440 kB
VmallocUsed:      131356 kB
VmallocChunk:          0 kB
Percpu:             6288 kB
CmaTotal:         405504 kB
CmaFree:           30608 kB
MemTotal:        7922396 kB
MemFree:          462316 kB
MemAvailable:    1973964 kB
Buffers:           35984 kB
Cached:          1754432 kB
SwapCached:         2296 kB
Active:          1979444 kB
Inactive:        1521168 kB
Active(anon):     616876 kB
Inactive(anon):  1127812 kB
Active(file):    1362568 kB
Inactive(file):   393356 kB
Unevictable:        6044 kB
Mlocked:            5604 kB
SwapTotal:       4718584 kB
SwapFree:        4127480 kB
Dirty:               300 kB
Writeback:             0 kB
AnonPages:       1714128 kB
Mapped:           724884 kB
Shmem:             29944 kB
KReclaimable:      98592 kB
Slab:             305260 kB
SReclaimable:      74456 kB
SUnreclaim:       230804 kB
KernelStack:       49664 kB
ShadowCallStack:   12424 kB
PageTables:        69644 kB
NFS_Unstable:          0 kB
Bounce:                0 kB
WritebackTmp:          0 kB
CommitLimit:     8679780 kB
Committed_AS:   66056096 kB
VmallocTotal:   263061440 kB
VmallocUsed:      131324 kB
VmallocChunk:          0 kB
Percpu:             6288 kB
CmaTotal:         405504 kB
CmaFree:           30604 kB
MemTotal:        7922396 kB
MemFree:          550108 kB
MemAvailable:    2128948 kB
Buffers:           35984 kB
Cached:          1754288 kB
SwapCached:         2296 kB
Active:          1979588 kB
Inactive:        1433424 kB
Active(anon):     616880 kB
Inactive(anon):  1040208 kB
Active(file):    1362708 kB
Inactive(file):   393216 kB
Unevictable:        6044 kB
Mlocked:            5604 kB
SwapTotal:       4718584 kB
SwapFree:        4127480 kB
Dirty:               316 kB
Writeback:             0 kB
AnonPages:       1626492 kB
Mapped:           724056 kB
Shmem:             29800 kB
KReclaimable:     232976 kB
Slab:             305232 kB
SReclaimable:      74456 kB
SUnreclaim:       230776 kB
KernelStack:       49536 kB
ShadowCallStack:   12424 kB
PageTables:        69872 kB
NFS_Unstable:          0 kB
Bounce:                0 kB
WritebackTmp:          0 kB
CommitLimit:     8679780 kB
Committed_AS:   66055752 kB
VmallocTotal:   263061440 kB
VmallocUsed:      131236 kB
VmallocChunk:          0 kB
Percpu:             6288 kB
CmaTotal:         405504 kB
CmaFree:           30604 kB
MemTotal:        7922396 kB
MemFree:          549916 kB
MemAvailable:    2128768 kB
Buffers:           35996 kB
Cached:          1754288 kB
SwapCached:         2296 kB
Active:          1979612 kB
Inactive:        1433472 kB
Active(anon):     616888 kB
Inactive(anon):  1040260 kB
Active(file):    1362724 kB
Inactive(file):   393212 kB
Unevictable:        6044 kB
Mlocked:            5604 kB
SwapTotal:       4718584 kB
SwapFree:        4127480 kB
Dirty:               352 kB
Writeback:             0 kB
AnonPages:       1626608 kB
Mapped:           724184 kB
Shmem:             29800 kB
KReclaimable:     232976 kB
Slab:             305224 kB
SReclaimable:      74456 kB
SUnreclaim:       230768 kB
KernelStack:       49552 kB
ShadowCallStack:   12408 kB
PageTables:        70048 kB
NFS_Unstable:          0 kB
Bounce:                0 kB
WritebackTmp:          0 kB
CommitLimit:     8679780 kB
Committed_AS:   66055756 kB
VmallocTotal:   263061440 kB
VmallocUsed:      131216 kB
VmallocChunk:          0 kB
Percpu:             6288 kB
CmaTotal:         405504 kB
CmaFree:           30604 kB
MemTotal:        7922396 kB
MemFree:          549428 kB
MemAvailable:    2128624 kB
Buffers:           36004 kB
Cached:          1754288 kB
SwapCached:         2296 kB
Active:          1979612 kB
Inactive:        1434088 kB
Active(anon):     616880 kB
Inactive(anon):  1040876 kB
Active(file):    1362732 kB
Inactive(file):   393212 kB
Unevictable:        6044 kB
Mlocked:            5604 kB
SwapTotal:       4718584 kB
SwapFree:        4127480 kB
Dirty:               380 kB
Writeback:             0 kB
AnonPages:       1627164 kB
Mapped:           724076 kB
Shmem:             29800 kB
KReclaimable:     233648 kB
Slab:             305872 kB
SReclaimable:      75128 kB
SUnreclaim:       230744 kB
KernelStack:       49504 kB
ShadowCallStack:   12404 kB
PageTables:        69788 kB
NFS_Unstable:          0 kB
Bounce:                0 kB
WritebackTmp:          0 kB
CommitLimit:     8679780 kB
Committed_AS:   66055648 kB
VmallocTotal:   263061440 kB
VmallocUsed:      131176 kB
VmallocChunk:          0 kB
Percpu:             6288 kB
CmaTotal:         405504 kB
CmaFree:           30604 kB
MemTotal:        7922396 kB
MemFree:          550400 kB
MemAvailable:    2129800 kB
Buffers:           36004 kB
Cached:          1754484 kB
SwapCached:         2296 kB
Active:          1979616 kB
Inactive:        1433472 kB
Active(anon):     616876 kB
Inactive(anon):  1040072 kB
Active(file):    1362740 kB
Inactive(file):   393400 kB
Unevictable:        6044 kB
Mlocked:            5604 kB
SwapTotal:       4718584 kB
SwapFree:        4127480 kB
Dirty:               404 kB
Writeback:             0 kB
AnonPages:       1626264 kB
Mapped:           724168 kB
Shmem:             29800 kB
KReclaimable:     233664 kB
Slab:             305908 kB
SReclaimable:      75144 kB
SUnreclaim:       230764 kB
KernelStack:       49488 kB
ShadowCallStack:   12392 kB
PageTables:        70064 kB
NFS_Unstable:          0 kB
Bounce:                0 kB
WritebackTmp:          0 kB
CommitLimit:     8679780 kB
Committed_AS:   66055544 kB
VmallocTotal:   263061440 kB
VmallocUsed:      131144 kB
VmallocChunk:          0 kB
Percpu:             6288 kB
CmaTotal:         405504 kB
CmaFree:           30652 kB
MemTotal:        7922396 kB
MemFree:          549312 kB
MemAvailable:    2129048 kB
Buffers:           36004 kB
Cached:          1754804 kB
SwapCached:         2296 kB
Active:          1979936 kB
Inactive:        1433776 kB
Active(anon):     616876 kB
Inactive(anon):  1040376 kB
Active(file):    1363060 kB
Inactive(file):   393400 kB
Unevictable:        6044 kB
Mlocked:            5604 kB
SwapTotal:       4718584 kB
SwapFree:        4127480 kB
Dirty:               408 kB
Writeback:             0 kB
AnonPages:       1626652 kB
Mapped:           724072 kB
Shmem:             29800 kB
KReclaimable:     233692 kB
Slab:             305892 kB
SReclaimable:      75144 kB
SUnreclaim:       230748 kB
KernelStack:       49440 kB
ShadowCallStack:   12384 kB
PageTables:        69912 kB
NFS_Unstable:          0 kB
Bounce:                0 kB
WritebackTmp:          0 kB
CommitLimit:     8679780 kB
Committed_AS:   66055440 kB
VmallocTotal:   263061440 kB
VmallocUsed:      131108 kB
VmallocChunk:          0 kB
Percpu:             6288 kB
CmaTotal:         405504 kB
CmaFree:           30604 kB
MemTotal:        7922396 kB
MemFree:          550012 kB
MemAvailable:    2129752 kB
Buffers:           36004 kB
Cached:          1754808 kB
SwapCached:         2296 kB
Active:          1979940 kB
Inactive:        1433756 kB
Active(anon):     616880 kB
Inactive(anon):  1040352 kB
Active(file):    1363060 kB
Inactive(file):   393404 kB
Unevictable:        6044 kB
Mlocked:            5604 kB
SwapTotal:       4718584 kB
SwapFree:        4127480 kB
Dirty:               412 kB
Writeback:             0 kB
AnonPages:       1626684 kB
Mapped:           724168 kB
Shmem:             29800 kB
KReclaimable:     233692 kB
Slab:             305876 kB
SReclaimable:      75144 kB
SUnreclaim:       230732 kB
KernelStack:       49456 kB
ShadowCallStack:   12380 kB
PageTables:        69856 kB
NFS_Unstable:          0 kB
Bounce:                0 kB
WritebackTmp:          0 kB
CommitLimit:     8679780 kB
Committed_AS:   66055444 kB
VmallocTotal:   263061440 kB
VmallocUsed:      131104 kB
VmallocChunk:          0 kB
Percpu:             6288 kB
CmaTotal:         405504 kB
CmaFree:           30604 kB
MemTotal:        7922396 kB
MemFree:          548012 kB
MemAvailable:    2127768 kB
Buffers:           36020 kB
Cached:          1754808 kB
SwapCached:         2296 kB
Active:          1979956 kB
Inactive:        1435008 kB
Active(anon):     616880 kB
Inactive(anon):  1041604 kB
Active(file):    1363076 kB
Inactive(file):   393404 kB
Unevictable:        6044 kB
Mlocked:            5604 kB
SwapTotal:       4718584 kB
SwapFree:        4127480 kB
Dirty:               416 kB
Writeback:             0 kB
AnonPages:       1627916 kB
Mapped:           724088 kB
Shmem:             29800 kB
KReclaimable:     233692 kB
Slab:             305888 kB
SReclaimable:      75144 kB
SUnreclaim:       230744 kB
KernelStack:       49456 kB
ShadowCallStack:   12388 kB
PageTables:        69804 kB
NFS_Unstable:          0 kB
Bounce:                0 kB
WritebackTmp:          0 kB
CommitLimit:     8679780 kB
Committed_AS:   66055440 kB
VmallocTotal:   263061440 kB
VmallocUsed:      131112 kB
VmallocChunk:          0 kB
Percpu:             6288 kB
CmaTotal:         405504 kB
CmaFree:           30604 kB
MemTotal:        7922396 kB
MemFree:          548104 kB
MemAvailable:    2127868 kB
Buffers:           36028 kB
Cached:          1754812 kB
SwapCached:         2296 kB
Active:          1979964 kB
Inactive:        1434680 kB
Active(anon):     616880 kB
Inactive(anon):  1041276 kB
Active(file):    1363084 kB
Inactive(file):   393404 kB
Unevictable:        6044 kB
Mlocked:            5604 kB
SwapTotal:       4718584 kB
SwapFree:        4127480 kB
Dirty:               156 kB
Writeback:             0 kB
AnonPages:       1627460 kB
Mapped:           724224 kB
Shmem:             29804 kB
KReclaimable:     233692 kB
Slab:             305892 kB
SReclaimable:      75144 kB
SUnreclaim:       230748 kB
KernelStack:       49344 kB
ShadowCallStack:   12364 kB
PageTables:        69908 kB
NFS_Unstable:          0 kB
Bounce:                0 kB
WritebackTmp:          0 kB
CommitLimit:     8679780 kB
Committed_AS:   66055028 kB
VmallocTotal:   263061440 kB
VmallocUsed:      130972 kB
VmallocChunk:          0 kB
Percpu:             6288 kB
CmaTotal:         405504 kB
CmaFree:           30604 kB
MemTotal:        7922396 kB
MemFree:          550376 kB
MemAvailable:    2130140 kB
Buffers:           36028 kB
Cached:          1754812 kB
SwapCached:         2296 kB
Active:          1979948 kB
Inactive:        1434656 kB
Active(anon):     616864 kB
Inactive(anon):  1041252 kB
Active(file):    1363084 kB
Inactive(file):   393404 kB
Unevictable:        6044 kB
Mlocked:            5604 kB
SwapTotal:       4718584 kB
SwapFree:        4127480 kB
Dirty:               172 kB
Writeback:             0 kB
AnonPages:       1627764 kB
Mapped:           724304 kB
Shmem:             29804 kB
KReclaimable:     233692 kB
Slab:             305908 kB
SReclaimable:      75144 kB
SUnreclaim:       230764 kB
KernelStack:       49232 kB
ShadowCallStack:   12316 kB
PageTables:        69736 kB
NFS_Unstable:          0 kB
Bounce:                0 kB
WritebackTmp:          0 kB
CommitLimit:     8679780 kB
Committed_AS:   66054716 kB
VmallocTotal:   263061440 kB
VmallocUsed:      130828 kB
VmallocChunk:          0 kB
Percpu:             6288 kB
CmaTotal:         405504 kB
CmaFree:           30604 kB
MemTotal:        7922396 kB
MemFree:          546780 kB
MemAvailable:    2126604 kB
Buffers:           36028 kB
Cached:          1754872 kB
SwapCached:         2296 kB
Active:          1979984 kB
Inactive:        1434668 kB
Active(anon):     616840 kB
Inactive(anon):  1041264 kB
Active(file):    1363144 kB
Inactive(file):   393404 kB
Unevictable:        6044 kB
Mlocked:            5604 kB
SwapTotal:       4718584 kB
SwapFree:        4127480 kB
Dirty:               172 kB
Writeback:             0 kB
AnonPages:       1627776 kB
Mapped:           724088 kB
Shmem:             29804 kB
KReclaimable:     233692 kB
Slab:             305888 kB
SReclaimable:      75144 kB
SUnreclaim:       230744 kB
KernelStack:       49232 kB
ShadowCallStack:   12332 kB
PageTables:        69708 kB
NFS_Unstable:          0 kB
Bounce:                0 kB
WritebackTmp:          0 kB
CommitLimit:     8679780 kB
Committed_AS:   66054748 kB
VmallocTotal:   263061440 kB
VmallocUsed:      130800 kB
VmallocChunk:          0 kB
Percpu:             6288 kB
CmaTotal:         405504 kB
CmaFree:            2100 kB
MemTotal:        7922396 kB
MemFree:          547416 kB
MemAvailable:    2127304 kB
Buffers:           36028 kB
Cached:          1754936 kB
SwapCached:         2296 kB
Active:          1980156 kB
Inactive:        1434524 kB
Active(anon):     616868 kB
Inactive(anon):  1041200 kB
Active(file):    1363288 kB
Inactive(file):   393324 kB
Unevictable:        6044 kB
Mlocked:            5604 kB
SwapTotal:       4718584 kB
SwapFree:        4127480 kB
Dirty:               224 kB
Writeback:             0 kB
AnonPages:       1627372 kB
Mapped:           724336 kB
Shmem:             29804 kB
KReclaimable:     233692 kB
Slab:             305912 kB
SReclaimable:      75144 kB
SUnreclaim:       230768 kB
KernelStack:       49216 kB
ShadowCallStack:   12328 kB
PageTables:        69504 kB
NFS_Unstable:          0 kB
Bounce:                0 kB
WritebackTmp:          0 kB
CommitLimit:     8679780 kB
Committed_AS:   66054616 kB
VmallocTotal:   263061440 kB
VmallocUsed:      130760 kB
VmallocChunk:          0 kB
Percpu:             6288 kB
CmaTotal:         405504 kB
CmaFree:            2120 kB
MemTotal:        7922396 kB
MemFree:          548692 kB
MemAvailable:    2128588 kB
Buffers:           36036 kB
Cached:          1754936 kB
SwapCached:         2296 kB
Active:          1980164 kB
Inactive:        1434672 kB
Active(anon):     616868 kB
Inactive(anon):  1041348 kB
Active(file):    1363296 kB
Inactive(file):   393324 kB
Unevictable:        6044 kB
Mlocked:            5604 kB
SwapTotal:       4718584 kB
SwapFree:        4127480 kB
Dirty:               256 kB
Writeback:             0 kB
AnonPages:       1627556 kB
Mapped:           724008 kB
Shmem:             29804 kB
KReclaimable:     233692 kB
Slab:             305904 kB
SReclaimable:      75144 kB
SUnreclaim:       230760 kB
KernelStack:       49200 kB
ShadowCallStack:   12324 kB
PageTables:        69704 kB
NFS_Unstable:          0 kB
Bounce:                0 kB
WritebackTmp:          0 kB
CommitLimit:     8679780 kB
Committed_AS:   66054612 kB
VmallocTotal:   263061440 kB
VmallocUsed:      130792 kB
VmallocChunk:          0 kB
Percpu:             6288 kB
CmaTotal:         405504 kB
CmaFree:            2120 kB
MemTotal:        7922396 kB
MemFree:          549052 kB
MemAvailable:    2128956 kB
Buffers:           36036 kB
Cached:          1754936 kB
SwapCached:         2296 kB
Active:          1980152 kB
Inactive:        1434300 kB
Active(anon):     616856 kB
Inactive(anon):  1040976 kB
Active(file):    1363296 kB
Inactive(file):   393324 kB
Unevictable:        6044 kB
Mlocked:            5604 kB
SwapTotal:       4718584 kB
SwapFree:        4127480 kB
Dirty:               204 kB
Writeback:             0 kB
AnonPages:       1627232 kB
Mapped:           724268 kB
Shmem:             29804 kB
KReclaimable:     233708 kB
Slab:             305912 kB
SReclaimable:      75160 kB
SUnreclaim:       230752 kB
KernelStack:       49072 kB
ShadowCallStack:   12284 kB
PageTables:        69908 kB
NFS_Unstable:          0 kB
Bounce:                0 kB
WritebackTmp:          0 kB
CommitLimit:     8679780 kB
Committed_AS:   66053988 kB
VmallocTotal:   263061440 kB
VmallocUsed:      130556 kB
VmallocChunk:          0 kB
Percpu:             6288 kB
CmaTotal:         405504 kB
CmaFree:            2120 kB
MemTotal:        7922396 kB
MemFree:          548564 kB
MemAvailable:    2128468 kB
Buffers:           36036 kB
Cached:          1754936 kB
SwapCached:         2296 kB
Active:          1980152 kB
Inactive:        1434368 kB
Active(anon):     616856 kB
Inactive(anon):  1041044 kB
Active(file):    1363296 kB
Inactive(file):   393324 kB
Unevictable:        6044 kB
Mlocked:            5604 kB
SwapTotal:       4718584 kB
SwapFree:        4127480 kB
Dirty:               204 kB
Writeback:             0 kB
AnonPages:       1627240 kB
Mapped:           724148 kB
Shmem:             29804 kB
KReclaimable:     233708 kB
Slab:             305916 kB
SReclaimable:      75160 kB
SUnreclaim:       230756 kB
KernelStack:       48960 kB
ShadowCallStack:   12268 kB
PageTables:        69644 kB
NFS_Unstable:          0 kB
Bounce:                0 kB
WritebackTmp:          0 kB
CommitLimit:     8679780 kB
Committed_AS:   66053840 kB
VmallocTotal:   263061440 kB
VmallocUsed:      130484 kB
VmallocChunk:          0 kB
Percpu:             6288 kB
CmaTotal:         405504 kB
CmaFree:            2120 kB
MemTotal:        7922396 kB
MemFree:          548408 kB
MemAvailable:    2128312 kB
Buffers:           36036 kB
Cached:          1754936 kB
SwapCached:         2296 kB
Active:          1980152 kB
Inactive:        1434372 kB
Active(anon):     616856 kB
Inactive(anon):  1041048 kB
Active(file):    1363296 kB
Inactive(file):   393324 kB
Unevictable:        6044 kB
Mlocked:            5604 kB
SwapTotal:       4718584 kB
SwapFree:        4127480 kB
Dirty:               204 kB
Writeback:             0 kB
AnonPages:       1627360 kB
Mapped:           724168 kB
Shmem:             29804 kB
KReclaimable:     233708 kB
Slab:             305920 kB
SReclaimable:      75160 kB
SUnreclaim:       230760 kB
KernelStack:       48960 kB
ShadowCallStack:   12264 kB
PageTables:        69744 kB
NFS_Unstable:          0 kB
Bounce:                0 kB
WritebackTmp:          0 kB
CommitLimit:     8679780 kB
Committed_AS:   66053840 kB
VmallocTotal:   263061440 kB
VmallocUsed:      130508 kB
VmallocChunk:          0 kB
Percpu:             6288 kB
CmaTotal:         405504 kB
CmaFree:            2120 kB
MemTotal:        7922396 kB
MemFree:          548292 kB
MemAvailable:    2128196 kB
Buffers:           36036 kB
Cached:          1754936 kB
SwapCached:         2296 kB
Active:          1980148 kB
Inactive:        1434452 kB
Active(anon):     616852 kB
Inactive(anon):  1041128 kB
Active(file):    1363296 kB
Inactive(file):   393324 kB
Unevictable:        6044 kB
Mlocked:            5604 kB
SwapTotal:       4718584 kB
SwapFree:        4127480 kB
Dirty:               204 kB
Writeback:             0 kB
AnonPages:       1627516 kB
Mapped:           724228 kB
Shmem:             29804 kB
KReclaimable:     233708 kB
Slab:             305916 kB
SReclaimable:      75160 kB
SUnreclaim:       230756 kB
KernelStack:       48976 kB
ShadowCallStack:   12260 kB
PageTables:        69684 kB
NFS_Unstable:          0 kB
Bounce:                0 kB
WritebackTmp:          0 kB
CommitLimit:     8679780 kB
Committed_AS:   66053844 kB
VmallocTotal:   263061440 kB
VmallocUsed:      130472 kB
VmallocChunk:          0 kB
Percpu:             6288 kB
CmaTotal:         405504 kB
CmaFree:            2120 kB
MemTotal:        7922396 kB
MemFree:          547280 kB
MemAvailable:    2127320 kB
Buffers:           36060 kB
Cached:          1755048 kB
SwapCached:         2296 kB
Active:          1980164 kB
Inactive:        1435496 kB
Active(anon):     616860 kB
Inactive(anon):  1042044 kB
Active(file):    1363304 kB
Inactive(file):   393452 kB
Unevictable:        6044 kB
Mlocked:            5604 kB
SwapTotal:       4718584 kB
SwapFree:        4127480 kB
Dirty:               216 kB
Writeback:             4 kB
AnonPages:       1628540 kB
Mapped:           724316 kB
Shmem:             29804 kB
KReclaimable:     233708 kB
Slab:             305924 kB
SReclaimable:      75160 kB
SUnreclaim:       230764 kB
KernelStack:       48912 kB
ShadowCallStack:   12244 kB
PageTables:        69620 kB
NFS_Unstable:          0 kB
Bounce:                0 kB
WritebackTmp:          0 kB
CommitLimit:     8679780 kB
Committed_AS:   66053840 kB
VmallocTotal:   263061440 kB
VmallocUsed:      130476 kB
VmallocChunk:          0 kB
Percpu:             6288 kB
CmaTotal:         405504 kB
CmaFree:            2120 kB
MemTotal:        7922396 kB
MemFree:          546468 kB
MemAvailable:    2126528 kB
Buffers:           36060 kB
Cached:          1755068 kB
SwapCached:         2296 kB
Active:          1980180 kB
Inactive:        1435380 kB
Active(anon):     616856 kB
Inactive(anon):  1041928 kB
Active(file):    1363324 kB
Inactive(file):   393452 kB
Unevictable:        6044 kB
Mlocked:            5604 kB
SwapTotal:       4718584 kB
SwapFree:        4127480 kB
Dirty:               228 kB
Writeback:             0 kB
AnonPages:       1628192 kB
Mapped:           724196 kB
Shmem:             29804 kB
KReclaimable:     233708 kB
Slab:             305924 kB
SReclaimable:      75160 kB
SUnreclaim:       230764 kB
KernelStack:       48944 kB
ShadowCallStack:   12264 kB
PageTables:        69728 kB
NFS_Unstable:          0 kB
Bounce:                0 kB
WritebackTmp:          0 kB
CommitLimit:     8679780 kB
Committed_AS:   66053868 kB
VmallocTotal:   263061440 kB
VmallocUsed:      130472 kB
VmallocChunk:          0 kB
Percpu:             6288 kB
CmaTotal:         405504 kB
CmaFree:            2120 kB
MemTotal:        7922396 kB
MemFree:          546436 kB
MemAvailable:    2126552 kB
Buffers:           36060 kB
Cached:          1755136 kB
SwapCached:         2296 kB
Active:          1980184 kB
Inactive:        1435336 kB
Active(anon):     616860 kB
Inactive(anon):  1041828 kB
Active(file):    1363324 kB
Inactive(file):   393508 kB
Unevictable:        6044 kB
Mlocked:            5604 kB
SwapTotal:       4718584 kB
SwapFree:        4127480 kB
Dirty:               228 kB
Writeback:             0 kB
AnonPages:       1628188 kB
Mapped:           724364 kB
Shmem:             29804 kB
KReclaimable:     233708 kB
Slab:             305896 kB
SReclaimable:      75160 kB
SUnreclaim:       230736 kB
KernelStack:       48928 kB
ShadowCallStack:   12256 kB
PageTables:        69660 kB
NFS_Unstable:          0 kB
Bounce:                0 kB
WritebackTmp:          0 kB
CommitLimit:     8679780 kB
Committed_AS:   66053840 kB
VmallocTotal:   263061440 kB
VmallocUsed:      130456 kB
VmallocChunk:          0 kB
Percpu:             6288 kB
CmaTotal:         405504 kB
CmaFree:            2120 kB
MemTotal:        7922396 kB
MemFree:          535168 kB
MemAvailable:    2115424 kB
Buffers:           36060 kB
Cached:          1755280 kB
SwapCached:         2296 kB
Active:          1980180 kB
Inactive:        1447572 kB
Active(anon):     616856 kB
Inactive(anon):  1053924 kB
Active(file):    1363324 kB
Inactive(file):   393648 kB
Unevictable:        6044 kB
Mlocked:            5604 kB
SwapTotal:       4718584 kB
SwapFree:        4127480 kB
Dirty:               228 kB
Writeback:             0 kB
AnonPages:       1640316 kB
Mapped:           724424 kB
Shmem:             29820 kB
KReclaimable:     233708 kB
Slab:             305896 kB
SReclaimable:      75160 kB
SUnreclaim:       230736 kB
KernelStack:       48960 kB
ShadowCallStack:   12252 kB
PageTables:        69700 kB
NFS_Unstable:          0 kB
Bounce:                0 kB
WritebackTmp:          0 kB
CommitLimit:     8679780 kB
Committed_AS:   66054036 kB
VmallocTotal:   263061440 kB
VmallocUsed:      130452 kB
VmallocChunk:          0 kB
Percpu:             6288 kB
CmaTotal:         405504 kB
CmaFree:            2120 kB
MemTotal:        7922396 kB
MemFree:          448580 kB
MemAvailable:    1963304 kB
Buffers:           36060 kB
Cached:          1755408 kB
SwapCached:         2296 kB
Active:          1980184 kB
Inactive:        1524004 kB
Active(anon):     616860 kB
Inactive(anon):  1130356 kB
Active(file):    1363324 kB
Inactive(file):   393648 kB
Unevictable:        6044 kB
Mlocked:            5604 kB
SwapTotal:       4718584 kB
SwapFree:        4127480 kB
Dirty:               228 kB
Writeback:             0 kB
AnonPages:       1716472 kB
Mapped:           724984 kB
Shmem:             29948 kB
KReclaimable:     110836 kB
Slab:             305912 kB
SReclaimable:      75176 kB
SUnreclaim:       230736 kB
KernelStack:       48992 kB
ShadowCallStack:   12252 kB
PageTables:        69800 kB
NFS_Unstable:          0 kB
Bounce:                0 kB
WritebackTmp:          0 kB
CommitLimit:     8679780 kB
Committed_AS:   66053960 kB
VmallocTotal:   263061440 kB
VmallocUsed:      130504 kB
VmallocChunk:          0 kB
Percpu:             6288 kB
CmaTotal:         405504 kB
CmaFree:            2120 kB
MemTotal:        7922396 kB
MemFree:          538956 kB
MemAvailable:    2119804 kB
Buffers:           36060 kB
Cached:          1755336 kB
SwapCached:         2296 kB
Active:          1980188 kB
Inactive:        1434900 kB
Active(anon):     616864 kB
Inactive(anon):  1041252 kB
Active(file):    1363324 kB
Inactive(file):   393648 kB
Unevictable:        6044 kB
Mlocked:            5604 kB
SwapTotal:       4718584 kB
SwapFree:        4127480 kB
Dirty:               228 kB
Writeback:             0 kB
AnonPages:       1627764 kB
Mapped:           724380 kB
Shmem:             29876 kB
KReclaimable:     243088 kB
Slab:             306000 kB
SReclaimable:      75176 kB
SUnreclaim:       230824 kB
KernelStack:       48864 kB
ShadowCallStack:   12224 kB
PageTables:        69892 kB
NFS_Unstable:          0 kB
Bounce:                0 kB
WritebackTmp:          0 kB
CommitLimit:     8679780 kB
Committed_AS:   66053476 kB
VmallocTotal:   263061440 kB
VmallocUsed:      130316 kB
VmallocChunk:          0 kB
Percpu:             6288 kB
CmaTotal:         405504 kB
CmaFree:            2088 kB
MemTotal:        7922396 kB
MemFree:          537524 kB
MemAvailable:    2118416 kB
Buffers:           36076 kB
Cached:          1755268 kB
SwapCached:         2296 kB
Active:          1980196 kB
Inactive:        1435252 kB
Active(anon):     616856 kB
Inactive(anon):  1041600 kB
Active(file):    1363340 kB
Inactive(file):   393652 kB
Unevictable:        6044 kB
Mlocked:            5604 kB
SwapTotal:       4718584 kB
SwapFree:        4127480 kB
Dirty:               284 kB
Writeback:             0 kB
AnonPages:       1627900 kB
Mapped:           724404 kB
Shmem:             29804 kB
KReclaimable:     243132 kB
Slab:             305984 kB
SReclaimable:      75176 kB
SUnreclaim:       230808 kB
KernelStack:       48832 kB
ShadowCallStack:   12232 kB
PageTables:        69688 kB
NFS_Unstable:          0 kB
Bounce:                0 kB
WritebackTmp:          0 kB
CommitLimit:     8679780 kB
Committed_AS:   66053480 kB
VmallocTotal:   263061440 kB
VmallocUsed:      130320 kB
VmallocChunk:          0 kB
Percpu:             6288 kB
CmaTotal:         405504 kB
CmaFree:            2120 kB
MemTotal:        7922396 kB
MemFree:          538200 kB
MemAvailable:    2119224 kB
Buffers:           36076 kB
Cached:          1755400 kB
SwapCached:         2296 kB
Active:          1980196 kB
Inactive:        1435460 kB
Active(anon):     616856 kB
Inactive(anon):  1041676 kB
Active(file):    1363340 kB
Inactive(file):   393784 kB
Unevictable:        6044 kB
Mlocked:            5604 kB
SwapTotal:       4718584 kB
SwapFree:        4127480 kB
Dirty:               284 kB
Writeback:             0 kB
AnonPages:       1628052 kB
Mapped:           724212 kB
Shmem:             29804 kB
KReclaimable:     243132 kB
Slab:             305996 kB
SReclaimable:      75176 kB
SUnreclaim:       230820 kB
KernelStack:       48816 kB
ShadowCallStack:   12240 kB
PageTables:        69784 kB
NFS_Unstable:          0 kB
Bounce:                0 kB
WritebackTmp:          0 kB
CommitLimit:     8679780 kB
Committed_AS:   66053476 kB
VmallocTotal:   263061440 kB
VmallocUsed:      130332 kB
VmallocChunk:          0 kB
Percpu:             6288 kB
CmaTotal:         405504 kB
CmaFree:            2120 kB
MemTotal:        7922396 kB
MemFree:          537304 kB
MemAvailable:    2118328 kB
Buffers:           36076 kB
Cached:          1755400 kB
SwapCached:         2296 kB
Active:          1980188 kB
Inactive:        1435656 kB
Active(anon):     616848 kB
Inactive(anon):  1041872 kB
Active(file):    1363340 kB
Inactive(file):   393784 kB
Unevictable:        6044 kB
Mlocked:            5604 kB
SwapTotal:       4718584 kB
SwapFree:        4127480 kB
Dirty:               284 kB
Writeback:             0 kB
AnonPages:       1628052 kB
Mapped:           724432 kB
Shmem:             29804 kB
KReclaimable:     243132 kB
Slab:             305972 kB
SReclaimable:      75176 kB
SUnreclaim:       230796 kB
KernelStack:       48848 kB
ShadowCallStack:   12224 kB
PageTables:        69864 kB
NFS_Unstable:          0 kB
Bounce:                0 kB
WritebackTmp:          0 kB
CommitLimit:     8679780 kB
Committed_AS:   66053476 kB
VmallocTotal:   263061440 kB
VmallocUsed:      130332 kB
VmallocChunk:          0 kB
Percpu:             6288 kB
CmaTotal:         405504 kB
CmaFree:            2120 kB
MemTotal:        7922396 kB
MemFree:          536668 kB
MemAvailable:    2117692 kB
Buffers:           36076 kB
Cached:          1755400 kB
SwapCached:         2296 kB
Active:          1980196 kB
Inactive:        1435688 kB
Active(anon):     616856 kB
Inactive(anon):  1041904 kB
Active(file):    1363340 kB
Inactive(file):   393784 kB
Unevictable:        6044 kB
Mlocked:            5604 kB
SwapTotal:       4718584 kB
SwapFree:        4127480 kB
Dirty:               284 kB
Writeback:             0 kB
AnonPages:       1628204 kB
Mapped:           724288 kB
Shmem:             29804 kB
KReclaimable:     243132 kB
Slab:             305968 kB
SReclaimable:      75176 kB
SUnreclaim:       230792 kB
KernelStack:       48800 kB
ShadowCallStack:   12228 kB
PageTables:        69636 kB
NFS_Unstable:          0 kB
Bounce:                0 kB
WritebackTmp:          0 kB
CommitLimit:     8679780 kB
Committed_AS:   66053476 kB
VmallocTotal:   263061440 kB
VmallocUsed:      130336 kB
VmallocChunk:          0 kB
Percpu:             6288 kB
CmaTotal:         405504 kB
CmaFree:            2120 kB
MemTotal:        7922396 kB
MemFree:          536800 kB
MemAvailable:    2117872 kB
Buffers:           36076 kB
Cached:          1755448 kB
SwapCached:         2296 kB
Active:          1980260 kB
Inactive:        1436000 kB
Active(anon):     616852 kB
Inactive(anon):  1042236 kB
Active(file):    1363408 kB
Inactive(file):   393764 kB
Unevictable:        6044 kB
Mlocked:            5604 kB
SwapTotal:       4718584 kB
SwapFree:        4127480 kB
Dirty:               284 kB
Writeback:             0 kB
AnonPages:       1628664 kB
Mapped:           724268 kB
Shmem:             29804 kB
KReclaimable:     243132 kB
Slab:             305956 kB
SReclaimable:      75176 kB
SUnreclaim:       230780 kB
KernelStack:       48816 kB
ShadowCallStack:   12228 kB
PageTables:        69820 kB
NFS_Unstable:          0 kB
Bounce:                0 kB
WritebackTmp:          0 kB
CommitLimit:     8679780 kB
Committed_AS:   66053480 kB
VmallocTotal:   263061440 kB
VmallocUsed:      130316 kB
VmallocChunk:          0 kB
Percpu:             6288 kB
CmaTotal:         405504 kB
CmaFree:            2120 kB
MemTotal:        7922396 kB
MemFree:          538728 kB
MemAvailable:    2119956 kB
Buffers:           36092 kB
Cached:          1755588 kB
SwapCached:         2296 kB
Active:          1980416 kB
Inactive:        1433312 kB
Active(anon):     616852 kB
Inactive(anon):  1039548 kB
Active(file):    1363564 kB
Inactive(file):   393764 kB
Unevictable:        6044 kB
Mlocked:            5604 kB
SwapTotal:       4718584 kB
SwapFree:        4127480 kB
Dirty:               292 kB
Writeback:             0 kB
AnonPages:       1625680 kB
Mapped:           724280 kB
Shmem:             29804 kB
KReclaimable:     243132 kB
Slab:             305956 kB
SReclaimable:      75176 kB
SUnreclaim:       230780 kB
KernelStack:       48800 kB
ShadowCallStack:   12224 kB
PageTables:        69584 kB
NFS_Unstable:          0 kB
Bounce:                0 kB
WritebackTmp:          0 kB
CommitLimit:     8679780 kB
Committed_AS:   66053476 kB
VmallocTotal:   263061440 kB
VmallocUsed:      130328 kB
VmallocChunk:          0 kB
Percpu:             6288 kB
CmaTotal:         405504 kB
CmaFree:            2144 kB
MemTotal:        7922396 kB
MemFree:          538844 kB
MemAvailable:    2120072 kB
Buffers:           36092 kB
Cached:          1755588 kB
SwapCached:         2296 kB
Active:          1980420 kB
Inactive:        1433368 kB
Active(anon):     616856 kB
Inactive(anon):  1039604 kB
Active(file):    1363564 kB
Inactive(file):   393764 kB
Unevictable:        6044 kB
Mlocked:            5604 kB
SwapTotal:       4718584 kB
SwapFree:        4127480 kB
Dirty:               100 kB
Writeback:             0 kB
AnonPages:       1625944 kB
Mapped:           724312 kB
Shmem:             29804 kB
KReclaimable:     243132 kB
Slab:             305956 kB
SReclaimable:      75176 kB
SUnreclaim:       230780 kB
KernelStack:       48832 kB
ShadowCallStack:   12228 kB
PageTables:        69776 kB
NFS_Unstable:          0 kB
Bounce:                0 kB
WritebackTmp:          0 kB
CommitLimit:     8679780 kB
Committed_AS:   66053480 kB
VmallocTotal:   263061440 kB
VmallocUsed:      130332 kB
VmallocChunk:          0 kB
Percpu:             6288 kB
CmaTotal:         405504 kB
CmaFree:            2120 kB
MemTotal:        7922396 kB
MemFree:          540104 kB
MemAvailable:    2121728 kB
Buffers:           36092 kB
Cached:          1755984 kB
SwapCached:         2296 kB
Active:          1980808 kB
Inactive:        1433064 kB
Active(anon):     616844 kB
Inactive(anon):  1039304 kB
Active(file):    1363964 kB
Inactive(file):   393760 kB
Unevictable:        6044 kB
Mlocked:            5604 kB
SwapTotal:       4718584 kB
SwapFree:        4127480 kB
Dirty:               104 kB
Writeback:             0 kB
AnonPages:       1625604 kB
Mapped:           724332 kB
Shmem:             29804 kB
KReclaimable:     243132 kB
Slab:             305960 kB
SReclaimable:      75176 kB
SUnreclaim:       230784 kB
KernelStack:       48688 kB
ShadowCallStack:   12196 kB
PageTables:        69708 kB
NFS_Unstable:          0 kB
Bounce:                0 kB
WritebackTmp:          0 kB
CommitLimit:     8679780 kB
Committed_AS:   66053060 kB
VmallocTotal:   263061440 kB
VmallocUsed:      130160 kB
VmallocChunk:          0 kB
Percpu:             6288 kB
CmaTotal:         405504 kB
CmaFree:            2120 kB
MemTotal:        7922396 kB
MemFree:          539224 kB
MemAvailable:    2120848 kB
Buffers:           36092 kB
Cached:          1755984 kB
SwapCached:         2296 kB
Active:          1980804 kB
Inactive:        1433140 kB
Active(anon):     616840 kB
Inactive(anon):  1039380 kB
Active(file):    1363964 kB
Inactive(file):   393760 kB
Unevictable:        6044 kB
Mlocked:            5604 kB
SwapTotal:       4718584 kB
SwapFree:        4127480 kB
Dirty:               112 kB
Writeback:             0 kB
AnonPages:       1625644 kB
Mapped:           724480 kB
Shmem:             29804 kB
KReclaimable:     243132 kB
Slab:             305996 kB
SReclaimable:      75176 kB
SUnreclaim:       230820 kB
KernelStack:       48704 kB
ShadowCallStack:   12192 kB
PageTables:        69572 kB
NFS_Unstable:          0 kB
Bounce:                0 kB
WritebackTmp:          0 kB
CommitLimit:     8679780 kB
Committed_AS:   66053064 kB
VmallocTotal:   263061440 kB
VmallocUsed:      130172 kB
VmallocChunk:          0 kB
Percpu:             6288 kB
CmaTotal:         405504 kB
CmaFree:            2120 kB
MemTotal:        7922396 kB
MemFree:          561872 kB
MemAvailable:    2144508 kB
Buffers:           36092 kB
Cached:          1757000 kB
SwapCached:         2296 kB
Active:          1981872 kB
Inactive:        1409808 kB
Active(anon):     616840 kB
Inactive(anon):  1016104 kB
Active(file):    1365032 kB
Inactive(file):   393704 kB
Unevictable:        6044 kB
Mlocked:            5604 kB
SwapTotal:       4718584 kB
SwapFree:        4127480 kB
Dirty:               112 kB
Writeback:             0 kB
AnonPages:       1602416 kB
Mapped:           725108 kB
Shmem:             29804 kB
KReclaimable:     243132 kB
Slab:             306040 kB
SReclaimable:      75176 kB
SUnreclaim:       230864 kB
KernelStack:       48704 kB
ShadowCallStack:   12200 kB
PageTables:        69676 kB
NFS_Unstable:          0 kB
Bounce:                0 kB
WritebackTmp:          0 kB
CommitLimit:     8679780 kB
Committed_AS:   66027716 kB
VmallocTotal:   263061440 kB
VmallocUsed:      130160 kB
VmallocChunk:          0 kB
Percpu:             6288 kB
CmaTotal:         405504 kB
CmaFree:            2588 kB
MemTotal:        7922396 kB
MemFree:          545052 kB
MemAvailable:    2099712 kB
Buffers:           36100 kB
Cached:          1757912 kB
SwapCached:         2296 kB
Active:          1982772 kB
Inactive:        1416960 kB
Active(anon):     616844 kB
Inactive(anon):  1023424 kB
Active(file):    1365928 kB
Inactive(file):   393536 kB
Unevictable:        6044 kB
Mlocked:            5604 kB
SwapTotal:       4718584 kB
SwapFree:        4127480 kB
Dirty:               116 kB
Writeback:             0 kB
AnonPages:       1609552 kB
Mapped:           725392 kB
Shmem:             30000 kB
KReclaimable:     218496 kB
Slab:             306000 kB
SReclaimable:      75176 kB
SUnreclaim:       230824 kB
KernelStack:       48704 kB
ShadowCallStack:   12216 kB
PageTables:        69712 kB
NFS_Unstable:          0 kB
Bounce:                0 kB
WritebackTmp:          0 kB
CommitLimit:     8679780 kB
Committed_AS:   66032112 kB
VmallocTotal:   263061440 kB
VmallocUsed:      130204 kB
VmallocChunk:          0 kB
Percpu:             6288 kB
CmaTotal:         405504 kB
CmaFree:            2588 kB
MemTotal:        7922396 kB
MemFree:          544292 kB
MemAvailable:    2098948 kB
Buffers:           36100 kB
Cached:          1757912 kB
SwapCached:         2296 kB
Active:          1982772 kB
Inactive:        1416792 kB
Active(anon):     616844 kB
Inactive(anon):  1023256 kB
Active(file):    1365928 kB
Inactive(file):   393536 kB
Unevictable:        6044 kB
Mlocked:            5604 kB
SwapTotal:       4718584 kB
SwapFree:        4127480 kB
Dirty:                20 kB
Writeback:             0 kB
AnonPages:       1609348 kB
Mapped:           725544 kB
Shmem:             30000 kB
KReclaimable:     218488 kB
Slab:             305964 kB
SReclaimable:      75176 kB
SUnreclaim:       230788 kB
KernelStack:       48736 kB
ShadowCallStack:   12208 kB
PageTables:        69728 kB
NFS_Unstable:          0 kB
Bounce:                0 kB
WritebackTmp:          0 kB
CommitLimit:     8679780 kB
Committed_AS:   66032112 kB
VmallocTotal:   263061440 kB
VmallocUsed:      130216 kB
VmallocChunk:          0 kB
Percpu:             6288 kB
CmaTotal:         405504 kB
CmaFree:            2588 kB
MemTotal:        7922396 kB
MemFree:          544560 kB
MemAvailable:    2099216 kB
Buffers:           36100 kB
Cached:          1757912 kB
SwapCached:         2296 kB
Active:          1982764 kB
Inactive:        1416632 kB
Active(anon):     616836 kB
Inactive(anon):  1023096 kB
Active(file):    1365928 kB
Inactive(file):   393536 kB
Unevictable:        6044 kB
Mlocked:            5604 kB
SwapTotal:       4718584 kB
SwapFree:        4127480 kB
Dirty:                20 kB
Writeback:             0 kB
AnonPages:       1608952 kB
Mapped:           725408 kB
Shmem:             30000 kB
KReclaimable:     218488 kB
Slab:             305972 kB
SReclaimable:      75176 kB
SUnreclaim:       230796 kB
KernelStack:       48608 kB
ShadowCallStack:   12192 kB
PageTables:        69612 kB
NFS_Unstable:          0 kB
Bounce:                0 kB
WritebackTmp:          0 kB
CommitLimit:     8679780 kB
Committed_AS:   66031828 kB
VmallocTotal:   263061440 kB
VmallocUsed:      130072 kB
VmallocChunk:          0 kB
Percpu:             6288 kB
CmaTotal:         405504 kB
CmaFree:            2588 kB
MemTotal:        7922396 kB
MemFree:          543912 kB
MemAvailable:    2098568 kB
Buffers:           36100 kB
Cached:          1757912 kB
SwapCached:         2296 kB
Active:          1982760 kB
Inactive:        1416520 kB
Active(anon):     616832 kB
Inactive(anon):  1022984 kB
Active(file):    1365928 kB
Inactive(file):   393536 kB
Unevictable:        6044 kB
Mlocked:            5604 kB
SwapTotal:       4718584 kB
SwapFree:        4127480 kB
Dirty:                36 kB
Writeback:             0 kB
AnonPages:       1609060 kB
Mapped:           725516 kB
Shmem:             30000 kB
KReclaimable:     218488 kB
Slab:             305960 kB
SReclaimable:      75176 kB
SUnreclaim:       230784 kB
KernelStack:       48640 kB
ShadowCallStack:   12184 kB
PageTables:        69848 kB
NFS_Unstable:          0 kB
Bounce:                0 kB
WritebackTmp:          0 kB
CommitLimit:     8679780 kB
Committed_AS:   66031804 kB
VmallocTotal:   263061440 kB
VmallocUsed:      130092 kB
VmallocChunk:          0 kB
Percpu:             6288 kB
CmaTotal:         405504 kB
CmaFree:            2588 kB
MemTotal:        7922396 kB
MemFree:          544156 kB
MemAvailable:    2098812 kB
Buffers:           36100 kB
Cached:          1757912 kB
SwapCached:         2296 kB
Active:          1982764 kB
Inactive:        1416724 kB
Active(anon):     616836 kB
Inactive(anon):  1023188 kB
Active(file):    1365928 kB
Inactive(file):   393536 kB
Unevictable:        6044 kB
Mlocked:            5604 kB
SwapTotal:       4718584 kB
SwapFree:        4127480 kB
Dirty:                36 kB
Writeback:             0 kB
AnonPages:       1609208 kB
Mapped:           725404 kB
Shmem:             30000 kB
KReclaimable:     218488 kB
Slab:             305968 kB
SReclaimable:      75176 kB
SUnreclaim:       230792 kB
KernelStack:       48576 kB
ShadowCallStack:   12184 kB
PageTables:        69848 kB
NFS_Unstable:          0 kB
Bounce:                0 kB
WritebackTmp:          0 kB
CommitLimit:     8679780 kB
Committed_AS:   66031696 kB
VmallocTotal:   263061440 kB
VmallocUsed:      130052 kB
VmallocChunk:          0 kB
Percpu:             6288 kB
CmaTotal:         405504 kB
CmaFree:            2588 kB
MemTotal:        7922396 kB
MemFree:          543140 kB
MemAvailable:    2097828 kB
Buffers:           36132 kB
Cached:          1757912 kB
SwapCached:         2296 kB
Active:          1982792 kB
Inactive:        1418104 kB
Active(anon):     616836 kB
Inactive(anon):  1024564 kB
Active(file):    1365956 kB
Inactive(file):   393540 kB
Unevictable:        6044 kB
Mlocked:            5604 kB
SwapTotal:       4718584 kB
SwapFree:        4127480 kB
Dirty:               156 kB
Writeback:             0 kB
AnonPages:       1610628 kB
Mapped:           725408 kB
Shmem:             30000 kB
KReclaimable:     218488 kB
Slab:             305900 kB
SReclaimable:      75176 kB
SUnreclaim:       230724 kB
KernelStack:       48608 kB
ShadowCallStack:   12176 kB
PageTables:        69712 kB
NFS_Unstable:          0 kB
Bounce:                0 kB
WritebackTmp:          0 kB
CommitLimit:     8679780 kB
Committed_AS:   66031696 kB
VmallocTotal:   263061440 kB
VmallocUsed:      130044 kB
VmallocChunk:          0 kB
Percpu:             6288 kB
CmaTotal:         405504 kB
CmaFree:            2588 kB
MemTotal:        7922396 kB
MemFree:          542220 kB
MemAvailable:    2096884 kB
Buffers:           36132 kB
Cached:          1757916 kB
SwapCached:         2296 kB
Active:          1982792 kB
Inactive:        1419164 kB
Active(anon):     616836 kB
Inactive(anon):  1025620 kB
Active(file):    1365956 kB
Inactive(file):   393544 kB
Unevictable:        6044 kB
Mlocked:            5604 kB
SwapTotal:       4718584 kB
SwapFree:        4127480 kB
Dirty:                68 kB
Writeback:             0 kB
AnonPages:       1611660 kB
Mapped:           725420 kB
Shmem:             30000 kB
KReclaimable:     218432 kB
Slab:             305916 kB
SReclaimable:      75176 kB
SUnreclaim:       230740 kB
KernelStack:       48592 kB
ShadowCallStack:   12200 kB
PageTables:        69604 kB
NFS_Unstable:          0 kB
Bounce:                0 kB
WritebackTmp:          0 kB
CommitLimit:     8679780 kB
Committed_AS:   66031696 kB
VmallocTotal:   263061440 kB
VmallocUsed:      130068 kB
VmallocChunk:          0 kB
Percpu:             6288 kB
CmaTotal:         405504 kB
CmaFree:            2588 kB
MemTotal:        7922396 kB
MemFree:          508376 kB
MemAvailable:    2167748 kB
Buffers:           36184 kB
Cached:          1757952 kB
SwapCached:         2296 kB
Active:          1982876 kB
Inactive:        1445376 kB
Active(anon):     616832 kB
Inactive(anon):  1051832 kB
Active(file):    1366044 kB
Inactive(file):   393544 kB
Unevictable:        6044 kB
Mlocked:            5604 kB
SwapTotal:       4718584 kB
SwapFree:        4127480 kB
Dirty:               152 kB
Writeback:             0 kB
AnonPages:       1637892 kB
Mapped:           726004 kB
Shmem:             30000 kB
KReclaimable:     404744 kB
Slab:             305824 kB
SReclaimable:      75176 kB
SUnreclaim:       230648 kB
KernelStack:       48624 kB
ShadowCallStack:   12188 kB
PageTables:        69740 kB
NFS_Unstable:          0 kB
Bounce:                0 kB
WritebackTmp:          0 kB
CommitLimit:     8679780 kB
Committed_AS:   66057088 kB
VmallocTotal:   263061440 kB
VmallocUsed:      129936 kB
VmallocChunk:          0 kB
Percpu:             6288 kB
CmaTotal:         405504 kB
CmaFree:            2724 kB
MemTotal:        7922396 kB
MemFree:          487564 kB
MemAvailable:    2086140 kB
Buffers:           36184 kB
Cached:          1757952 kB
SwapCached:         2296 kB
Active:          1982880 kB
Inactive:        1444704 kB
Active(anon):     616836 kB
Inactive(anon):  1051160 kB
Active(file):    1366044 kB
Inactive(file):   393544 kB
Unevictable:        6044 kB
Mlocked:            5604 kB
SwapTotal:       4718584 kB
SwapFree:        4127480 kB
Dirty:               152 kB
Writeback:             0 kB
AnonPages:       1637312 kB
Mapped:           726208 kB
Shmem:             30000 kB
KReclaimable:     404380 kB
Slab:             305904 kB
SReclaimable:      75176 kB
SUnreclaim:       230728 kB
KernelStack:       48624 kB
ShadowCallStack:   12180 kB
PageTables:        69672 kB
NFS_Unstable:          0 kB
Bounce:                0 kB
WritebackTmp:          0 kB
CommitLimit:     8679780 kB
Committed_AS:   66057084 kB
VmallocTotal:   263061440 kB
VmallocUsed:      129940 kB
VmallocChunk:          0 kB
Percpu:             6288 kB
CmaTotal:         405504 kB
CmaFree:            2724 kB
MemTotal:        7922396 kB
MemFree:          398260 kB
MemAvailable:    1930012 kB
Buffers:           36184 kB
Cached:          1758076 kB
SwapCached:         2296 kB
Active:          1982876 kB
Inactive:        1532616 kB
Active(anon):     616832 kB
Inactive(anon):  1139072 kB
Active(file):    1366044 kB
Inactive(file):   393544 kB
Unevictable:        6044 kB
Mlocked:            5604 kB
SwapTotal:       4718584 kB
SwapFree:        4127480 kB
Dirty:               152 kB
Writeback:             0 kB
AnonPages:       1725104 kB
Mapped:           726648 kB
Shmem:             30124 kB
KReclaimable:     270732 kB
Slab:             305964 kB
SReclaimable:      75176 kB
SUnreclaim:       230788 kB
KernelStack:       48720 kB
ShadowCallStack:   12200 kB
PageTables:        70012 kB
NFS_Unstable:          0 kB
Bounce:                0 kB
WritebackTmp:          0 kB
CommitLimit:     8679780 kB
Committed_AS:   66057464 kB
VmallocTotal:   263061440 kB
VmallocUsed:      130040 kB
VmallocChunk:          0 kB
Percpu:             6288 kB
CmaTotal:         405504 kB
CmaFree:            2724 kB
MemTotal:        7922396 kB
MemFree:          477400 kB
MemAvailable:    2063604 kB
Buffers:           36184 kB
Cached:          1758096 kB
SwapCached:         2296 kB
Active:          1982876 kB
Inactive:        1445292 kB
Active(anon):     616832 kB
Inactive(anon):  1051748 kB
Active(file):    1366044 kB
Inactive(file):   393544 kB
Unevictable:        6044 kB
Mlocked:            5604 kB
SwapTotal:       4718584 kB
SwapFree:        4127480 kB
Dirty:               156 kB
Writeback:             0 kB
AnonPages:       1637864 kB
Mapped:           726320 kB
Shmem:             30144 kB
KReclaimable:     412404 kB
Slab:             305996 kB
SReclaimable:      75176 kB
SUnreclaim:       230820 kB
KernelStack:       48592 kB
ShadowCallStack:   12200 kB
PageTables:        69540 kB
NFS_Unstable:          0 kB
Bounce:                0 kB
WritebackTmp:          0 kB
CommitLimit:     8679780 kB
Committed_AS:   66057084 kB
VmallocTotal:   263061440 kB
VmallocUsed:      129940 kB
VmallocChunk:          0 kB
Percpu:             6288 kB
CmaTotal:         405504 kB
CmaFree:            2724 kB
MemTotal:        7922396 kB
MemFree:          478540 kB
MemAvailable:    2064800 kB
Buffers:           36184 kB
Cached:          1757968 kB
SwapCached:         2296 kB
Active:          1982892 kB
Inactive:        1445392 kB
Active(anon):     616836 kB
Inactive(anon):  1051844 kB
Active(file):    1366056 kB
Inactive(file):   393548 kB
Unevictable:        6044 kB
Mlocked:            5604 kB
SwapTotal:       4718584 kB
SwapFree:        4127480 kB
Dirty:                 0 kB
Writeback:             0 kB
AnonPages:       1637936 kB
Mapped:           726208 kB
Shmem:             30000 kB
KReclaimable:     412484 kB
Slab:             305800 kB
SReclaimable:      75088 kB
SUnreclaim:       230712 kB
KernelStack:       48592 kB
ShadowCallStack:   12172 kB
PageTables:        69768 kB
NFS_Unstable:          0 kB
Bounce:                0 kB
WritebackTmp:          0 kB
CommitLimit:     8679780 kB
Committed_AS:   66057040 kB
VmallocTotal:   263061440 kB
VmallocUsed:      129916 kB
VmallocChunk:          0 kB
Percpu:             6288 kB
CmaTotal:         405504 kB
CmaFree:            2724 kB
MemTotal:        7922396 kB
MemFree:          477720 kB
MemAvailable:    2064012 kB
Buffers:           36216 kB
Cached:          1757968 kB
SwapCached:         2296 kB
Active:          1982920 kB
Inactive:        1445396 kB
Active(anon):     616832 kB
Inactive(anon):  1051848 kB
Active(file):    1366088 kB
Inactive(file):   393548 kB
Unevictable:        6044 kB
Mlocked:            5604 kB
SwapTotal:       4718584 kB
SwapFree:        4127480 kB
Dirty:                88 kB
Writeback:             0 kB
AnonPages:       1638272 kB
Mapped:           726380 kB
Shmem:             30000 kB
KReclaimable:     412484 kB
Slab:             305804 kB
SReclaimable:      75088 kB
SUnreclaim:       230716 kB
KernelStack:       48592 kB
ShadowCallStack:   12180 kB
PageTables:        70020 kB
NFS_Unstable:          0 kB
Bounce:                0 kB
WritebackTmp:          0 kB
CommitLimit:     8679780 kB
Committed_AS:   66057040 kB
VmallocTotal:   263061440 kB
VmallocUsed:      129908 kB
VmallocChunk:          0 kB
Percpu:             6288 kB
CmaTotal:         405504 kB
CmaFree:            2724 kB
MemTotal:        7922396 kB
MemFree:          476728 kB
MemAvailable:    2063036 kB
Buffers:           36240 kB
Cached:          1757968 kB
SwapCached:         2296 kB
Active:          1982956 kB
Inactive:        1446184 kB
Active(anon):     616836 kB
Inactive(anon):  1052644 kB
Active(file):    1366120 kB
Inactive(file):   393540 kB
Unevictable:        6044 kB
Mlocked:            5604 kB
SwapTotal:       4718584 kB
SwapFree:        4127480 kB
Dirty:               152 kB
Writeback:             0 kB
AnonPages:       1638872 kB
Mapped:           726208 kB
Shmem:             30000 kB
KReclaimable:     412468 kB
Slab:             305756 kB
SReclaimable:      75072 kB
SUnreclaim:       230684 kB
KernelStack:       48608 kB
ShadowCallStack:   12188 kB
PageTables:        69764 kB
NFS_Unstable:          0 kB
Bounce:                0 kB
WritebackTmp:          0 kB
CommitLimit:     8679780 kB
Committed_AS:   66057040 kB
VmallocTotal:   263061440 kB
VmallocUsed:      129872 kB
VmallocChunk:          0 kB
Percpu:             6288 kB
CmaTotal:         405504 kB
CmaFree:            2724 kB
MemTotal:        7922396 kB
MemFree:          477456 kB
MemAvailable:    2063772 kB
Buffers:           36240 kB
Cached:          1757976 kB
SwapCached:         2296 kB
Active:          1982960 kB
Inactive:        1446388 kB
Active(anon):     616832 kB
Inactive(anon):  1052848 kB
Active(file):    1366128 kB
Inactive(file):   393540 kB
Unevictable:        6044 kB
Mlocked:            5604 kB
SwapTotal:       4718584 kB
SwapFree:        4127480 kB
Dirty:               168 kB
Writeback:             0 kB
AnonPages:       1638856 kB
Mapped:           726328 kB
Shmem:             30000 kB
KReclaimable:     412468 kB
Slab:             305724 kB
SReclaimable:      75072 kB
SUnreclaim:       230652 kB
KernelStack:       48608 kB
ShadowCallStack:   12172 kB
PageTables:        69760 kB
NFS_Unstable:          0 kB
Bounce:                0 kB
WritebackTmp:          0 kB
CommitLimit:     8679780 kB
Committed_AS:   66056988 kB
VmallocTotal:   263061440 kB
VmallocUsed:      129936 kB
VmallocChunk:          0 kB
Percpu:             6288 kB
CmaTotal:         405504 kB
CmaFree:            2724 kB
MemTotal:        7922396 kB
MemFree:          478392 kB
MemAvailable:    2064888 kB
Buffers:           36240 kB
Cached:          1758156 kB
SwapCached:         2296 kB
Active:          1983404 kB
Inactive:        1444852 kB
Active(anon):     616832 kB
Inactive(anon):  1051576 kB
Active(file):    1366572 kB
Inactive(file):   393276 kB
Unevictable:        6044 kB
Mlocked:            5604 kB
SwapTotal:       4718584 kB
SwapFree:        4127480 kB
Dirty:               212 kB
Writeback:             4 kB
AnonPages:       1637668 kB
Mapped:           726232 kB
Shmem:             30000 kB
KReclaimable:     412468 kB
Slab:             305728 kB
SReclaimable:      75072 kB
SUnreclaim:       230656 kB
KernelStack:       48544 kB
ShadowCallStack:   12180 kB
PageTables:        69772 kB
NFS_Unstable:          0 kB
Bounce:                0 kB
WritebackTmp:          0 kB
CommitLimit:     8679780 kB
Committed_AS:   66056988 kB
VmallocTotal:   263061440 kB
VmallocUsed:      129868 kB
VmallocChunk:          0 kB
Percpu:             6288 kB
CmaTotal:         405504 kB
CmaFree:            2752 kB
MemTotal:        7922396 kB
MemFree:          477384 kB
MemAvailable:    2063896 kB
Buffers:           36256 kB
Cached:          1758160 kB
SwapCached:         2296 kB
Active:          1983428 kB
Inactive:        1446504 kB
Active(anon):     616840 kB
Inactive(anon):  1053228 kB
Active(file):    1366588 kB
Inactive(file):   393276 kB
Unevictable:        6044 kB
Mlocked:            5604 kB
SwapTotal:       4718584 kB
SwapFree:        4127480 kB
Dirty:               248 kB
Writeback:             0 kB
AnonPages:       1639160 kB
Mapped:           726176 kB
Shmem:             30004 kB
KReclaimable:     412468 kB
Slab:             305732 kB
SReclaimable:      75072 kB
SUnreclaim:       230660 kB
KernelStack:       48592 kB
ShadowCallStack:   12164 kB
PageTables:        69784 kB
NFS_Unstable:          0 kB
Bounce:                0 kB
WritebackTmp:          0 kB
CommitLimit:     8679780 kB
Committed_AS:   66056992 kB
VmallocTotal:   263061440 kB
VmallocUsed:      129888 kB
VmallocChunk:          0 kB
Percpu:             6288 kB
CmaTotal:         405504 kB
CmaFree:            2724 kB
MemTotal:        7922396 kB
MemFree:          476068 kB
MemAvailable:    2062712 kB
Buffers:           36256 kB
Cached:          1758292 kB
SwapCached:         2296 kB
Active:          1983416 kB
Inactive:        1446648 kB
Active(anon):     616828 kB
Inactive(anon):  1053240 kB
Active(file):    1366588 kB
Inactive(file):   393408 kB
Unevictable:        6044 kB
Mlocked:            5604 kB
SwapTotal:       4718584 kB
SwapFree:        4127480 kB
Dirty:               248 kB
Writeback:             0 kB
AnonPages:       1639480 kB
Mapped:           726320 kB
Shmem:             30004 kB
KReclaimable:     412468 kB
Slab:             305740 kB
SReclaimable:      75072 kB
SUnreclaim:       230668 kB
KernelStack:       48544 kB
ShadowCallStack:   12168 kB
PageTables:        69692 kB
NFS_Unstable:          0 kB
Bounce:                0 kB
WritebackTmp:          0 kB
CommitLimit:     8679780 kB
Committed_AS:   66056996 kB
VmallocTotal:   263061440 kB
VmallocUsed:      129900 kB
VmallocChunk:          0 kB
Percpu:             6288 kB
CmaTotal:         405504 kB
CmaFree:            2728 kB
MemTotal:        7922396 kB
MemFree:          475496 kB
MemAvailable:    2062140 kB
Buffers:           36256 kB
Cached:          1758292 kB
SwapCached:         2296 kB
Active:          1983424 kB
Inactive:        1446608 kB
Active(anon):     616836 kB
Inactive(anon):  1053200 kB
Active(file):    1366588 kB
Inactive(file):   393408 kB
Unevictable:        6044 kB
Mlocked:            5604 kB
SwapTotal:       4718584 kB
SwapFree:        4127480 kB
Dirty:               252 kB
Writeback:             0 kB
AnonPages:       1639208 kB
Mapped:           726216 kB
Shmem:             30004 kB
KReclaimable:     412468 kB
Slab:             305696 kB
SReclaimable:      75072 kB
SUnreclaim:       230624 kB
KernelStack:       48608 kB
ShadowCallStack:   12168 kB
PageTables:        69972 kB
NFS_Unstable:          0 kB
Bounce:                0 kB
WritebackTmp:          0 kB
CommitLimit:     8679780 kB
Committed_AS:   66056992 kB
VmallocTotal:   263061440 kB
VmallocUsed:      129896 kB
VmallocChunk:          0 kB
Percpu:             6288 kB
CmaTotal:         405504 kB
CmaFree:            2724 kB
MemTotal:        7922396 kB
MemFree:          475504 kB
MemAvailable:    2062148 kB
Buffers:           36256 kB
Cached:          1758292 kB
SwapCached:         2296 kB
Active:          1983420 kB
Inactive:        1446520 kB
Active(anon):     616832 kB
Inactive(anon):  1053112 kB
Active(file):    1366588 kB
Inactive(file):   393408 kB
Unevictable:        6044 kB
Mlocked:            5604 kB
SwapTotal:       4718584 kB
SwapFree:        4127480 kB
Dirty:               252 kB
Writeback:             0 kB
AnonPages:       1639148 kB
Mapped:           726452 kB
Shmem:             30004 kB
KReclaimable:     412468 kB
Slab:             305696 kB
SReclaimable:      75072 kB
SUnreclaim:       230624 kB
KernelStack:       48560 kB
ShadowCallStack:   12164 kB
PageTables:        69604 kB
NFS_Unstable:          0 kB
Bounce:                0 kB
WritebackTmp:          0 kB
CommitLimit:     8679780 kB
Committed_AS:   66057016 kB
VmallocTotal:   263061440 kB
VmallocUsed:      129896 kB
VmallocChunk:          0 kB
Percpu:             6288 kB
CmaTotal:         405504 kB
CmaFree:            2724 kB
MemTotal:        7922396 kB
MemFree:          476428 kB
MemAvailable:    2063072 kB
Buffers:           36256 kB
Cached:          1758292 kB
SwapCached:         2296 kB
Active:          1983420 kB
Inactive:        1446188 kB
Active(anon):     616832 kB
Inactive(anon):  1052780 kB
Active(file):    1366588 kB
Inactive(file):   393408 kB
Unevictable:        6044 kB
Mlocked:            5604 kB
SwapTotal:       4718584 kB
SwapFree:        4127480 kB
Dirty:               252 kB
Writeback:             0 kB
AnonPages:       1638836 kB
Mapped:           726216 kB
Shmem:             30004 kB
KReclaimable:     412468 kB
Slab:             305708 kB
SReclaimable:      75072 kB
SUnreclaim:       230636 kB
KernelStack:       48592 kB
ShadowCallStack:   12172 kB
PageTables:        69792 kB
NFS_Unstable:          0 kB
Bounce:                0 kB
WritebackTmp:          0 kB
CommitLimit:     8679780 kB
Committed_AS:   66056992 kB
VmallocTotal:   263061440 kB
VmallocUsed:      129884 kB
VmallocChunk:          0 kB
Percpu:             6288 kB
CmaTotal:         405504 kB
CmaFree:            2724 kB
MemTotal:        7922396 kB
MemFree:          476672 kB
MemAvailable:    2063332 kB
Buffers:           36272 kB
Cached:          1758292 kB
SwapCached:         2296 kB
Active:          1983436 kB
Inactive:        1446480 kB
Active(anon):     616832 kB
Inactive(anon):  1053072 kB
Active(file):    1366604 kB
Inactive(file):   393408 kB
Unevictable:        6044 kB
Mlocked:            5604 kB
SwapTotal:       4718584 kB
SwapFree:        4127480 kB
Dirty:               308 kB
Writeback:             0 kB
AnonPages:       1639100 kB
Mapped:           726228 kB
Shmem:             30004 kB
KReclaimable:     412468 kB
Slab:             305720 kB
SReclaimable:      75072 kB
SUnreclaim:       230648 kB
KernelStack:       48576 kB
ShadowCallStack:   12168 kB
PageTables:        69628 kB
NFS_Unstable:          0 kB
Bounce:                0 kB
WritebackTmp:          0 kB
CommitLimit:     8679780 kB
Committed_AS:   66056992 kB
VmallocTotal:   263061440 kB
VmallocUsed:      129896 kB
VmallocChunk:          0 kB
Percpu:             6288 kB
CmaTotal:         405504 kB
CmaFree:            2724 kB
MemTotal:        7922396 kB
MemFree:          475652 kB
MemAvailable:    2062312 kB
Buffers:           36272 kB
Cached:          1758292 kB
SwapCached:         2296 kB
Active:          1983436 kB
Inactive:        1446500 kB
Active(anon):     616832 kB
Inactive(anon):  1053092 kB
Active(file):    1366604 kB
Inactive(file):   393408 kB
Unevictable:        6044 kB
Mlocked:            5604 kB
SwapTotal:       4718584 kB
SwapFree:        4127480 kB
Dirty:               136 kB
Writeback:           172 kB
AnonPages:       1639160 kB
