MemTotal:       12113136 kB
MemFree:         6398380 kB
MemAvailable:    8000624 kB
Buffers:            5340 kB
Cached:          1831704 kB
SwapCached:            0 kB
Active:          1476212 kB
Inactive:        1594096 kB
Active(anon):    1239748 kB
Inactive(anon):    23820 kB
Active(file):     236464 kB
Inactive(file):  1570276 kB
Unevictable:        5620 kB
Mlocked:            5620 kB
SwapTotal:       3145724 kB
SwapFree:        3145724 kB
Dirty:               456 kB
Writeback:             0 kB
AnonPages:       1238908 kB
Mapped:           862112 kB
Shmem:             25736 kB
KReclaimable:     664208 kB
Slab:             225404 kB
SReclaimable:      77144 kB
SUnreclaim:       148260 kB
KernelStack:       48036 kB
PageTables:        67028 kB
NFS_Unstable:          0 kB
Bounce:                0 kB
WritebackTmp:          0 kB
CommitLimit:     9202292 kB
Committed_AS:   75070340 kB
VmallocTotal:   263061440 kB
VmallocUsed:      105016 kB
VmallocChunk:          0 kB
Percpu:             7552 kB
CmaTotal:         294912 kB
CmaFree:              40 kB
MemTotal:       12113136 kB
MemFree:         6397248 kB
MemAvailable:    7999564 kB
Buffers:            5340 kB
Cached:          1831784 kB
SwapCached:            0 kB
Active:          1478316 kB
Inactive:        1594140 kB
Active(anon):    1241816 kB
Inactive(anon):    23828 kB
Active(file):     236500 kB
Inactive(file):  1570312 kB
Unevictable:        5620 kB
Mlocked:            5620 kB
SwapTotal:       3145724 kB
SwapFree:        3145724 kB
Dirty:               532 kB
Writeback:             0 kB
AnonPages:       1241168 kB
Mapped:           875364 kB
Shmem:             25744 kB
KReclaimable:     664208 kB
Slab:             225404 kB
SReclaimable:      77144 kB
SUnreclaim:       148260 kB
KernelStack:       48000 kB
PageTables:        67072 kB
NFS_Unstable:          0 kB
Bounce:                0 kB
WritebackTmp:          0 kB
CommitLimit:     9202292 kB
Committed_AS:   75070236 kB
VmallocTotal:   263061440 kB
VmallocUsed:      105032 kB
VmallocChunk:          0 kB
Percpu:             7552 kB
CmaTotal:         294912 kB
CmaFree:               0 kB
MemTotal:       12113136 kB
MemFree:         6395556 kB
MemAvailable:    7997876 kB
Buffers:            5340 kB
Cached:          1831788 kB
SwapCached:            0 kB
Active:          1478600 kB
Inactive:        1594144 kB
Active(anon):    1242100 kB
Inactive(anon):    23828 kB
Active(file):     236500 kB
Inactive(file):  1570316 kB
Unevictable:        5620 kB
Mlocked:            5620 kB
SwapTotal:       3145724 kB
SwapFree:        3145724 kB
Dirty:               536 kB
Writeback:             0 kB
AnonPages:       1241564 kB
Mapped:           875364 kB
Shmem:             25744 kB
KReclaimable:     664208 kB
Slab:             225404 kB
SReclaimable:      77144 kB
SUnreclaim:       148260 kB
KernelStack:       47968 kB
PageTables:        67056 kB
NFS_Unstable:          0 kB
Bounce:                0 kB
WritebackTmp:          0 kB
CommitLimit:     9202292 kB
Committed_AS:   75075332 kB
VmallocTotal:   263061440 kB
VmallocUsed:      105064 kB
VmallocChunk:          0 kB
Percpu:             7552 kB
CmaTotal:         294912 kB
CmaFree:               0 kB
MemTotal:       12113136 kB
MemFree:         6394896 kB
MemAvailable:    7997228 kB
Buffers:            5340 kB
Cached:          1831800 kB
SwapCached:            0 kB
Active:          1480044 kB
Inactive:        1594156 kB
Active(anon):    1243544 kB
Inactive(anon):    23828 kB
Active(file):     236500 kB
Inactive(file):  1570328 kB
Unevictable:        5620 kB
Mlocked:            5620 kB
SwapTotal:       3145724 kB
SwapFree:        3145724 kB
Dirty:               656 kB
Writeback:             0 kB
AnonPages:       1242756 kB
Mapped:           875364 kB
Shmem:             25744 kB
KReclaimable:     664208 kB
Slab:             225404 kB
SReclaimable:      77144 kB
SUnreclaim:       148260 kB
KernelStack:       47968 kB
PageTables:        67072 kB
NFS_Unstable:          0 kB
Bounce:                0 kB
WritebackTmp:          0 kB
CommitLimit:     9202292 kB
Committed_AS:   75075232 kB
VmallocTotal:   263061440 kB
VmallocUsed:      105000 kB
VmallocChunk:          0 kB
Percpu:             7552 kB
CmaTotal:         294912 kB
CmaFree:              12 kB
MemTotal:       12113136 kB
MemFree:         6393644 kB
MemAvailable:    7995992 kB
Buffers:            5340 kB
Cached:          1831820 kB
SwapCached:            0 kB
Active:          1480476 kB
Inactive:        1594176 kB
Active(anon):    1243976 kB
Inactive(anon):    23832 kB
Active(file):     236500 kB
Inactive(file):  1570344 kB
Unevictable:        5620 kB
Mlocked:            5620 kB
SwapTotal:       3145724 kB
SwapFree:        3145724 kB
Dirty:               728 kB
Writeback:             0 kB
AnonPages:       1243340 kB
Mapped:           875368 kB
Shmem:             25748 kB
KReclaimable:     664208 kB
Slab:             225404 kB
SReclaimable:      77144 kB
SUnreclaim:       148260 kB
KernelStack:       47968 kB
PageTables:        67060 kB
NFS_Unstable:          0 kB
Bounce:                0 kB
WritebackTmp:          0 kB
CommitLimit:     9202292 kB
Committed_AS:   75075360 kB
VmallocTotal:   263061440 kB
VmallocUsed:      104968 kB
VmallocChunk:          0 kB
Percpu:             7552 kB
CmaTotal:         294912 kB
CmaFree:               0 kB
MemTotal:       12113136 kB
MemFree:         6400784 kB
MemAvailable:    8003140 kB
Buffers:            5340 kB
Cached:          1831828 kB
SwapCached:            0 kB
Active:          1473140 kB
Inactive:        1594184 kB
Active(anon):    1236640 kB
Inactive(anon):    23832 kB
Active(file):     236500 kB
Inactive(file):  1570352 kB
Unevictable:        5620 kB
Mlocked:            5620 kB
SwapTotal:       3145724 kB
SwapFree:        3145724 kB
Dirty:               740 kB
Writeback:             0 kB
AnonPages:       1235888 kB
Mapped:           862124 kB
Shmem:             25748 kB
KReclaimable:     664208 kB
Slab:             225404 kB
SReclaimable:      77144 kB
SUnreclaim:       148260 kB
KernelStack:       47984 kB
PageTables:        67012 kB
NFS_Unstable:          0 kB
Bounce:                0 kB
WritebackTmp:          0 kB
CommitLimit:     9202292 kB
Committed_AS:   75075008 kB
VmallocTotal:   263061440 kB
VmallocUsed:      105000 kB
VmallocChunk:          0 kB
Percpu:             7552 kB
CmaTotal:         294912 kB
CmaFree:               0 kB
MemTotal:       12113136 kB
MemFree:         6399784 kB
MemAvailable:    8002148 kB
Buffers:            5340 kB
Cached:          1831844 kB
SwapCached:            0 kB
Active:          1473748 kB
Inactive:        1594196 kB
Active(anon):    1237244 kB
Inactive(anon):    23840 kB
Active(file):     236504 kB
Inactive(file):  1570356 kB
Unevictable:        5620 kB
Mlocked:            5620 kB
SwapTotal:       3145724 kB
SwapFree:        3145724 kB
Dirty:               760 kB
Writeback:             0 kB
AnonPages:       1236448 kB
Mapped:           862132 kB
Shmem:             25756 kB
KReclaimable:     664208 kB
Slab:             225404 kB
SReclaimable:      77144 kB
SUnreclaim:       148260 kB
KernelStack:       47984 kB
PageTables:        67008 kB
NFS_Unstable:          0 kB
Bounce:                0 kB
WritebackTmp:          0 kB
CommitLimit:     9202292 kB
Committed_AS:   75075104 kB
VmallocTotal:   263061440 kB
VmallocUsed:      105016 kB
VmallocChunk:          0 kB
Percpu:             7552 kB
CmaTotal:         294912 kB
CmaFree:             128 kB
MemTotal:       12113136 kB
MemFree:         6398948 kB
MemAvailable:    8001324 kB
Buffers:            5340 kB
Cached:          1831856 kB
SwapCached:            0 kB
Active:          1474184 kB
Inactive:        1594208 kB
Active(anon):    1237680 kB
Inactive(anon):    23840 kB
Active(file):     236504 kB
Inactive(file):  1570368 kB
Unevictable:        5620 kB
Mlocked:            5620 kB
SwapTotal:       3145724 kB
SwapFree:        3145724 kB
Dirty:               772 kB
Writeback:             0 kB
AnonPages:       1236932 kB
Mapped:           862132 kB
Shmem:             25756 kB
KReclaimable:     664208 kB
Slab:             225404 kB
SReclaimable:      77144 kB
SUnreclaim:       148260 kB
KernelStack:       47984 kB
PageTables:        67012 kB
NFS_Unstable:          0 kB
Bounce:                0 kB
WritebackTmp:          0 kB
CommitLimit:     9202292 kB
Committed_AS:   75079412 kB
VmallocTotal:   263061440 kB
VmallocUsed:      105048 kB
VmallocChunk:          0 kB
Percpu:             7552 kB
CmaTotal:         294912 kB
CmaFree:               4 kB
MemTotal:       12113136 kB
MemFree:         6400344 kB
MemAvailable:    8002744 kB
Buffers:            5340 kB
Cached:          1831880 kB
SwapCached:            0 kB
Active:          1474276 kB
Inactive:        1594228 kB
Active(anon):    1237768 kB
Inactive(anon):    23840 kB
Active(file):     236508 kB
Inactive(file):  1570388 kB
Unevictable:        5620 kB
Mlocked:            5620 kB
SwapTotal:       3145724 kB
SwapFree:        3145724 kB
Dirty:               792 kB
Writeback:             0 kB
AnonPages:       1236716 kB
Mapped:           862132 kB
Shmem:             25756 kB
KReclaimable:     664208 kB
Slab:             225404 kB
SReclaimable:      77144 kB
SUnreclaim:       148260 kB
KernelStack:       48096 kB
PageTables:        67032 kB
NFS_Unstable:          0 kB
Bounce:                0 kB
WritebackTmp:          0 kB
CommitLimit:     9202292 kB
Committed_AS:   75079012 kB
VmallocTotal:   263061440 kB
VmallocUsed:      105064 kB
VmallocChunk:          0 kB
Percpu:             7552 kB
CmaTotal:         294912 kB
CmaFree:             260 kB
MemTotal:       12113136 kB
MemFree:         6399652 kB
MemAvailable:    8002064 kB
Buffers:            5340 kB
Cached:          1831892 kB
SwapCached:            0 kB
Active:          1474764 kB
Inactive:        1594244 kB
Active(anon):    1238260 kB
Inactive(anon):    23840 kB
Active(file):     236504 kB
Inactive(file):  1570404 kB
Unevictable:        5620 kB
Mlocked:            5620 kB
SwapTotal:       3145724 kB
SwapFree:        3145724 kB
Dirty:               836 kB
Writeback:             0 kB
AnonPages:       1237432 kB
Mapped:           862132 kB
Shmem:             25756 kB
KReclaimable:     664208 kB
Slab:             225400 kB
SReclaimable:      77144 kB
SUnreclaim:       148256 kB
KernelStack:       48064 kB
PageTables:        67024 kB
NFS_Unstable:          0 kB
Bounce:                0 kB
WritebackTmp:          0 kB
CommitLimit:     9202292 kB
Committed_AS:   75073540 kB
VmallocTotal:   263061440 kB
VmallocUsed:      105048 kB
VmallocChunk:          0 kB
Percpu:             7552 kB
CmaTotal:         294912 kB
CmaFree:               0 kB
MemTotal:       12113136 kB
MemFree:         6398524 kB
MemAvailable:    8000952 kB
Buffers:            5340 kB
Cached:          1831908 kB
SwapCached:            0 kB
Active:          1475580 kB
Inactive:        1594260 kB
Active(anon):    1239076 kB
Inactive(anon):    23840 kB
Active(file):     236504 kB
Inactive(file):  1570420 kB
Unevictable:        5620 kB
Mlocked:            5620 kB
SwapTotal:       3145724 kB
SwapFree:        3145724 kB
Dirty:               856 kB
Writeback:             0 kB
AnonPages:       1238412 kB
Mapped:           862132 kB
Shmem:             25756 kB
KReclaimable:     664208 kB
Slab:             225400 kB
SReclaimable:      77144 kB
SUnreclaim:       148256 kB
KernelStack:       48064 kB
PageTables:        67016 kB
NFS_Unstable:          0 kB
Bounce:                0 kB
WritebackTmp:          0 kB
CommitLimit:     9202292 kB
Committed_AS:   75073480 kB
VmallocTotal:   263061440 kB
VmallocUsed:      105112 kB
VmallocChunk:          0 kB
Percpu:             7552 kB
CmaTotal:         294912 kB
CmaFree:               0 kB
MemTotal:       12113136 kB
MemFree:         6396904 kB
MemAvailable:    7999344 kB
Buffers:            5340 kB
Cached:          1831916 kB
SwapCached:            0 kB
Active:          1476756 kB
Inactive:        1594268 kB
Active(anon):    1240252 kB
Inactive(anon):    23840 kB
Active(file):     236504 kB
Inactive(file):  1570428 kB
Unevictable:        5620 kB
Mlocked:            5620 kB
SwapTotal:       3145724 kB
SwapFree:        3145724 kB
Dirty:               252 kB
Writeback:             0 kB
AnonPages:       1239440 kB
Mapped:           862132 kB
Shmem:             25756 kB
KReclaimable:     664212 kB
Slab:             225424 kB
SReclaimable:      77148 kB
SUnreclaim:       148276 kB
KernelStack:       48064 kB
PageTables:        67016 kB
NFS_Unstable:          0 kB
Bounce:                0 kB
WritebackTmp:          0 kB
CommitLimit:     9202292 kB
Committed_AS:   75079240 kB
VmallocTotal:   263061440 kB
VmallocUsed:      105144 kB
VmallocChunk:          0 kB
Percpu:             7552 kB
CmaTotal:         294912 kB
CmaFree:               0 kB
MemTotal:       12113136 kB
MemFree:         6396972 kB
MemAvailable:    7999428 kB
Buffers:            5340 kB
Cached:          1831932 kB
SwapCached:            0 kB
Active:          1476776 kB
Inactive:        1594284 kB
Active(anon):    1240272 kB
Inactive(anon):    23840 kB
Active(file):     236504 kB
Inactive(file):  1570444 kB
Unevictable:        5620 kB
Mlocked:            5620 kB
SwapTotal:       3145724 kB
SwapFree:        3145724 kB
Dirty:               352 kB
Writeback:             0 kB
AnonPages:       1239380 kB
Mapped:           862132 kB
Shmem:             25756 kB
KReclaimable:     664212 kB
Slab:             225420 kB
SReclaimable:      77148 kB
SUnreclaim:       148272 kB
KernelStack:       48064 kB
PageTables:        67020 kB
NFS_Unstable:          0 kB
Bounce:                0 kB
WritebackTmp:          0 kB
CommitLimit:     9202292 kB
Committed_AS:   75074720 kB
VmallocTotal:   263061440 kB
VmallocUsed:      105160 kB
VmallocChunk:          0 kB
Percpu:             7552 kB
CmaTotal:         294912 kB
CmaFree:               0 kB
MemTotal:       12113136 kB
MemFree:         6396100 kB
MemAvailable:    7998568 kB
Buffers:            5340 kB
Cached:          1831944 kB
SwapCached:            0 kB
Active:          1477188 kB
Inactive:        1594296 kB
Active(anon):    1240684 kB
Inactive(anon):    23840 kB
Active(file):     236504 kB
Inactive(file):  1570456 kB
Unevictable:        5620 kB
Mlocked:            5620 kB
SwapTotal:       3145724 kB
SwapFree:        3145724 kB
Dirty:               368 kB
Writeback:             0 kB
AnonPages:       1240180 kB
Mapped:           862132 kB
Shmem:             25756 kB
KReclaimable:     664212 kB
Slab:             225420 kB
SReclaimable:      77148 kB
SUnreclaim:       148272 kB
KernelStack:       48064 kB
PageTables:        67016 kB
NFS_Unstable:          0 kB
Bounce:                0 kB
WritebackTmp:          0 kB
CommitLimit:     9202292 kB
Committed_AS:   75079884 kB
VmallocTotal:   263061440 kB
VmallocUsed:      105160 kB
VmallocChunk:          0 kB
Percpu:             7552 kB
CmaTotal:         294912 kB
CmaFree:               0 kB
MemTotal:       12113136 kB
MemFree:         6396232 kB
MemAvailable:    7998728 kB
Buffers:            5344 kB
Cached:          1831964 kB
SwapCached:            0 kB
Active:          1477952 kB
Inactive:        1594320 kB
Active(anon):    1241448 kB
Inactive(anon):    23840 kB
Active(file):     236504 kB
Inactive(file):  1570480 kB
Unevictable:        5620 kB
Mlocked:            5620 kB
SwapTotal:       3145724 kB
SwapFree:        3145724 kB
Dirty:               364 kB
Writeback:             0 kB
AnonPages:       1240636 kB
Mapped:           862132 kB
Shmem:             25756 kB
KReclaimable:     664216 kB
Slab:             225424 kB
SReclaimable:      77152 kB
SUnreclaim:       148272 kB
KernelStack:       48048 kB
PageTables:        67020 kB
NFS_Unstable:          0 kB
Bounce:                0 kB
WritebackTmp:          0 kB
CommitLimit:     9202292 kB
Committed_AS:   75079548 kB
VmallocTotal:   263061440 kB
VmallocUsed:      105112 kB
VmallocChunk:          0 kB
Percpu:             7552 kB
CmaTotal:         294912 kB
CmaFree:               0 kB
MemTotal:       12113136 kB
MemFree:         6395976 kB
MemAvailable:    7998492 kB
Buffers:            5344 kB
Cached:          1831984 kB
SwapCached:            0 kB
Active:          1478564 kB
Inactive:        1594336 kB
Active(anon):    1242056 kB
Inactive(anon):    23840 kB
Active(file):     236508 kB
Inactive(file):  1570496 kB
Unevictable:        5620 kB
Mlocked:            5620 kB
SwapTotal:       3145724 kB
SwapFree:        3145724 kB
Dirty:               388 kB
Writeback:             0 kB
AnonPages:       1241312 kB
Mapped:           862132 kB
Shmem:             25756 kB
KReclaimable:     664216 kB
Slab:             225424 kB
SReclaimable:      77152 kB
SUnreclaim:       148272 kB
KernelStack:       48048 kB
PageTables:        67020 kB
NFS_Unstable:          0 kB
Bounce:                0 kB
WritebackTmp:          0 kB
CommitLimit:     9202292 kB
Committed_AS:   75073940 kB
VmallocTotal:   263061440 kB
VmallocUsed:      105112 kB
VmallocChunk:          0 kB
Percpu:             7552 kB
CmaTotal:         294912 kB
CmaFree:               0 kB
MemTotal:       12113136 kB
MemFree:         6394444 kB
MemAvailable:    7996976 kB
Buffers:            5344 kB
Cached:          1832004 kB
SwapCached:            0 kB
Active:          1479652 kB
Inactive:        1594356 kB
Active(anon):    1243144 kB
Inactive(anon):    23844 kB
Active(file):     236508 kB
Inactive(file):  1570512 kB
Unevictable:        5620 kB
Mlocked:            5620 kB
SwapTotal:       3145724 kB
SwapFree:        3145724 kB
Dirty:               404 kB
Writeback:             0 kB
AnonPages:       1242048 kB
Mapped:           862136 kB
Shmem:             25760 kB
KReclaimable:     664216 kB
Slab:             225424 kB
SReclaimable:      77152 kB
SUnreclaim:       148272 kB
KernelStack:       48064 kB
PageTables:        67144 kB
NFS_Unstable:          0 kB
Bounce:                0 kB
WritebackTmp:          0 kB
CommitLimit:     9202292 kB
Committed_AS:   75073752 kB
VmallocTotal:   263061440 kB
VmallocUsed:      105112 kB
VmallocChunk:          0 kB
Percpu:             7552 kB
CmaTotal:         294912 kB
CmaFree:               0 kB
MemTotal:       12113136 kB
MemFree:         6394092 kB
MemAvailable:    7996632 kB
Buffers:            5344 kB
Cached:          1832012 kB
SwapCached:            0 kB
Active:          1480512 kB
Inactive:        1594368 kB
Active(anon):    1244008 kB
Inactive(anon):    23844 kB
Active(file):     236504 kB
Inactive(file):  1570524 kB
Unevictable:        5620 kB
Mlocked:            5620 kB
SwapTotal:       3145724 kB
SwapFree:        3145724 kB
Dirty:               416 kB
Writeback:             0 kB
AnonPages:       1243408 kB
Mapped:           862136 kB
Shmem:             25760 kB
KReclaimable:     664216 kB
Slab:             225424 kB
SReclaimable:      77152 kB
SUnreclaim:       148272 kB
KernelStack:       48064 kB
PageTables:        67020 kB
NFS_Unstable:          0 kB
Bounce:                0 kB
WritebackTmp:          0 kB
CommitLimit:     9202292 kB
Committed_AS:   75074368 kB
VmallocTotal:   263061440 kB
VmallocUsed:      105144 kB
VmallocChunk:          0 kB
Percpu:             7552 kB
CmaTotal:         294912 kB
CmaFree:               0 kB
MemTotal:       12113136 kB
MemFree:         6393760 kB
MemAvailable:    7996308 kB
Buffers:            5344 kB
Cached:          1832020 kB
SwapCached:            0 kB
Active:          1481552 kB
Inactive:        1594372 kB
Active(anon):    1245044 kB
Inactive(anon):    23844 kB
Active(file):     236508 kB
Inactive(file):  1570528 kB
Unevictable:        5620 kB
Mlocked:            5620 kB
SwapTotal:       3145724 kB
SwapFree:        3145724 kB
Dirty:               436 kB
Writeback:             0 kB
AnonPages:       1243868 kB
Mapped:           862136 kB
Shmem:             25760 kB
KReclaimable:     664216 kB
Slab:             225416 kB
SReclaimable:      77152 kB
SUnreclaim:       148264 kB
KernelStack:       48064 kB
PageTables:        67020 kB
NFS_Unstable:          0 kB
Bounce:                0 kB
WritebackTmp:          0 kB
CommitLimit:     9202292 kB
Committed_AS:   75073988 kB
VmallocTotal:   263061440 kB
VmallocUsed:      105144 kB
VmallocChunk:          0 kB
Percpu:             7552 kB
CmaTotal:         294912 kB
CmaFree:               0 kB
MemTotal:       12113136 kB
MemFree:         6392404 kB
MemAvailable:    7994968 kB
Buffers:            5344 kB
Cached:          1832036 kB
SwapCached:            0 kB
Active:          1482036 kB
Inactive:        1594388 kB
Active(anon):    1245528 kB
Inactive(anon):    23844 kB
Active(file):     236508 kB
Inactive(file):  1570544 kB
Unevictable:        5620 kB
Mlocked:            5620 kB
SwapTotal:       3145724 kB
SwapFree:        3145724 kB
Dirty:               456 kB
Writeback:             0 kB
AnonPages:       1244924 kB
Mapped:           862136 kB
Shmem:             25760 kB
KReclaimable:     664216 kB
Slab:             225424 kB
SReclaimable:      77152 kB
SUnreclaim:       148272 kB
KernelStack:       48064 kB
PageTables:        67028 kB
NFS_Unstable:          0 kB
Bounce:                0 kB
WritebackTmp:          0 kB
CommitLimit:     9202292 kB
Committed_AS:   75067284 kB
VmallocTotal:   263061440 kB
VmallocUsed:      105112 kB
VmallocChunk:          0 kB
Percpu:             7552 kB
CmaTotal:         294912 kB
CmaFree:               0 kB
MemTotal:       12113136 kB
MemFree:         6390840 kB
MemAvailable:    7993420 kB
Buffers:            5344 kB
Cached:          1832052 kB
SwapCached:            0 kB
Active:          1482552 kB
Inactive:        1594400 kB
Active(anon):    1246040 kB
Inactive(anon):    23844 kB
Active(file):     236512 kB
Inactive(file):  1570556 kB
Unevictable:        5620 kB
Mlocked:            5620 kB
SwapTotal:       3145724 kB
SwapFree:        3145724 kB
Dirty:               468 kB
Writeback:             0 kB
AnonPages:       1244668 kB
Mapped:           862136 kB
Shmem:             25760 kB
KReclaimable:     664216 kB
Slab:             225408 kB
SReclaimable:      77152 kB
SUnreclaim:       148256 kB
KernelStack:       48064 kB
PageTables:        67016 kB
NFS_Unstable:          0 kB
Bounce:                0 kB
WritebackTmp:          0 kB
CommitLimit:     9202292 kB
Committed_AS:   75073132 kB
VmallocTotal:   263061440 kB
VmallocUsed:      105128 kB
VmallocChunk:          0 kB
Percpu:             7552 kB
CmaTotal:         294912 kB
CmaFree:               0 kB
MemTotal:       12113136 kB
MemFree:         6391476 kB
MemAvailable:    7994064 kB
Buffers:            5344 kB
Cached:          1832060 kB
SwapCached:            0 kB
Active:          1483620 kB
Inactive:        1594412 kB
Active(anon):    1247112 kB
Inactive(anon):    23844 kB
Active(file):     236508 kB
Inactive(file):  1570568 kB
Unevictable:        5620 kB
Mlocked:            5620 kB
SwapTotal:       3145724 kB
SwapFree:        3145724 kB
Dirty:               196 kB
Writeback:             0 kB
AnonPages:       1246312 kB
Mapped:           862136 kB
Shmem:             25760 kB
KReclaimable:     664216 kB
Slab:             225396 kB
SReclaimable:      77152 kB
SUnreclaim:       148244 kB
KernelStack:       48064 kB
PageTables:        67028 kB
NFS_Unstable:          0 kB
Bounce:                0 kB
WritebackTmp:          0 kB
CommitLimit:     9202292 kB
Committed_AS:   75063332 kB
VmallocTotal:   263061440 kB
VmallocUsed:      105112 kB
VmallocChunk:          0 kB
Percpu:             7552 kB
CmaTotal:         294912 kB
CmaFree:               0 kB
MemTotal:       12113136 kB
MemFree:         6389960 kB
MemAvailable:    7992556 kB
Buffers:            5344 kB
Cached:          1832068 kB
SwapCached:            0 kB
Active:          1484560 kB
Inactive:        1594420 kB
Active(anon):    1248052 kB
Inactive(anon):    23844 kB
Active(file):     236508 kB
Inactive(file):  1570576 kB
Unevictable:        5620 kB
Mlocked:            5620 kB
SwapTotal:       3145724 kB
SwapFree:        3145724 kB
Dirty:               268 kB
Writeback:             0 kB
AnonPages:       1246932 kB
Mapped:           862136 kB
Shmem:             25760 kB
KReclaimable:     664216 kB
Slab:             225396 kB
SReclaimable:      77152 kB
SUnreclaim:       148244 kB
KernelStack:       48080 kB
PageTables:        67156 kB
NFS_Unstable:          0 kB
Bounce:                0 kB
WritebackTmp:          0 kB
CommitLimit:     9202292 kB
Committed_AS:   75065068 kB
VmallocTotal:   263061440 kB
VmallocUsed:      105096 kB
VmallocChunk:          0 kB
Percpu:             7552 kB
CmaTotal:         294912 kB
CmaFree:               0 kB
MemTotal:       12113136 kB
MemFree:         6395960 kB
MemAvailable:    7998572 kB
Buffers:            5344 kB
Cached:          1832084 kB
SwapCached:            0 kB
Active:          1476976 kB
Inactive:        1594436 kB
Active(anon):    1240468 kB
Inactive(anon):    23844 kB
Active(file):     236508 kB
Inactive(file):  1570592 kB
Unevictable:        5620 kB
Mlocked:            5620 kB
SwapTotal:       3145724 kB
SwapFree:        3145724 kB
Dirty:               284 kB
Writeback:             0 kB
AnonPages:       1239740 kB
Mapped:           862136 kB
Shmem:             25760 kB
KReclaimable:     664216 kB
Slab:             225396 kB
SReclaimable:      77152 kB
SUnreclaim:       148244 kB
KernelStack:       48064 kB
PageTables:        67016 kB
NFS_Unstable:          0 kB
Bounce:                0 kB
WritebackTmp:          0 kB
CommitLimit:     9202292 kB
Committed_AS:   75074680 kB
VmallocTotal:   263061440 kB
VmallocUsed:      105144 kB
VmallocChunk:          0 kB
Percpu:             7552 kB
CmaTotal:         294912 kB
CmaFree:               0 kB
MemTotal:       12113136 kB
MemFree:         6396876 kB
MemAvailable:    7999512 kB
Buffers:            5344 kB
Cached:          1832108 kB
SwapCached:            0 kB
Active:          1476492 kB
Inactive:        1594460 kB
Active(anon):    1239984 kB
Inactive(anon):    23844 kB
Active(file):     236508 kB
Inactive(file):  1570616 kB
Unevictable:        5620 kB
Mlocked:            5620 kB
SwapTotal:       3145724 kB
SwapFree:        3145724 kB
Dirty:               360 kB
Writeback:             0 kB
AnonPages:       1239228 kB
Mapped:           862136 kB
Shmem:             25760 kB
KReclaimable:     664216 kB
Slab:             225396 kB
SReclaimable:      77152 kB
SUnreclaim:       148244 kB
KernelStack:       48064 kB
PageTables:        67016 kB
NFS_Unstable:          0 kB
Bounce:                0 kB
WritebackTmp:          0 kB
CommitLimit:     9202292 kB
Committed_AS:   75074128 kB
VmallocTotal:   263061440 kB
VmallocUsed:      105176 kB
VmallocChunk:          0 kB
Percpu:             7552 kB
CmaTotal:         294912 kB
CmaFree:              12 kB
MemTotal:       12113136 kB
MemFree:         6396900 kB
MemAvailable:    7999548 kB
Buffers:            5344 kB
Cached:          1832116 kB
SwapCached:            0 kB
Active:          1477172 kB
Inactive:        1594468 kB
Active(anon):    1240664 kB
Inactive(anon):    23844 kB
Active(file):     236508 kB
Inactive(file):  1570624 kB
Unevictable:        5620 kB
Mlocked:            5620 kB
SwapTotal:       3145724 kB
SwapFree:        3145724 kB
Dirty:               376 kB
Writeback:             0 kB
AnonPages:       1239980 kB
Mapped:           862136 kB
Shmem:             25760 kB
KReclaimable:     664220 kB
Slab:             225408 kB
SReclaimable:      77156 kB
SUnreclaim:       148252 kB
KernelStack:       48064 kB
PageTables:        67028 kB
NFS_Unstable:          0 kB
Bounce:                0 kB
WritebackTmp:          0 kB
CommitLimit:     9202292 kB
Committed_AS:   75073728 kB
VmallocTotal:   263061440 kB
VmallocUsed:      105160 kB
VmallocChunk:          0 kB
Percpu:             7552 kB
CmaTotal:         294912 kB
CmaFree:               0 kB
MemTotal:       12113136 kB
MemFree:         6369876 kB
MemAvailable:    7972544 kB
Buffers:            5344 kB
Cached:          1832144 kB
SwapCached:            0 kB
Active:          1505336 kB
Inactive:        1594496 kB
Active(anon):    1268828 kB
Inactive(anon):    23852 kB
Active(file):     236508 kB
Inactive(file):  1570644 kB
Unevictable:        5620 kB
Mlocked:            5620 kB
SwapTotal:       3145724 kB
SwapFree:        3145724 kB
Dirty:               208 kB
Writeback:             0 kB
AnonPages:       1268076 kB
Mapped:           862144 kB
Shmem:             25768 kB
KReclaimable:     664220 kB
Slab:             225408 kB
SReclaimable:      77156 kB
SUnreclaim:       148252 kB
KernelStack:       48064 kB
PageTables:        66636 kB
NFS_Unstable:          0 kB
Bounce:                0 kB
WritebackTmp:          0 kB
CommitLimit:     9202292 kB
Committed_AS:   75068852 kB
VmallocTotal:   263061440 kB
VmallocUsed:      105144 kB
VmallocChunk:          0 kB
Percpu:             7552 kB
CmaTotal:         294912 kB
CmaFree:               0 kB
MemTotal:       12113136 kB
MemFree:         6368180 kB
MemAvailable:    7970876 kB
Buffers:            5344 kB
Cached:          1832172 kB
SwapCached:            0 kB
Active:          1506072 kB
Inactive:        1594528 kB
Active(anon):    1269568 kB
Inactive(anon):    23852 kB
Active(file):     236504 kB
Inactive(file):  1570676 kB
Unevictable:        5620 kB
Mlocked:            5620 kB
SwapTotal:       3145724 kB
SwapFree:        3145724 kB
Dirty:               352 kB
Writeback:             0 kB
AnonPages:       1268908 kB
Mapped:           862380 kB
Shmem:             25768 kB
KReclaimable:     664220 kB
Slab:             225408 kB
SReclaimable:      77156 kB
SUnreclaim:       148252 kB
KernelStack:       48064 kB
PageTables:        67008 kB
NFS_Unstable:          0 kB
Bounce:                0 kB
WritebackTmp:          0 kB
CommitLimit:     9202292 kB
Committed_AS:   75070048 kB
VmallocTotal:   263061440 kB
VmallocUsed:      105128 kB
VmallocChunk:          0 kB
Percpu:             7552 kB
CmaTotal:         294912 kB
CmaFree:               0 kB
MemTotal:       12113136 kB
MemFree:         6367716 kB
MemAvailable:    7970432 kB
Buffers:            5344 kB
Cached:          1832192 kB
SwapCached:            0 kB
Active:          1506540 kB
Inactive:        1594544 kB
Active(anon):    1270032 kB
Inactive(anon):    23852 kB
Active(file):     236508 kB
Inactive(file):  1570692 kB
Unevictable:        5620 kB
Mlocked:            5620 kB
SwapTotal:       3145724 kB
SwapFree:        3145724 kB
Dirty:               376 kB
Writeback:             0 kB
AnonPages:       1268856 kB
Mapped:           862272 kB
Shmem:             25768 kB
KReclaimable:     664220 kB
Slab:             225408 kB
SReclaimable:      77156 kB
SUnreclaim:       148252 kB
KernelStack:       48064 kB
PageTables:        67028 kB
NFS_Unstable:          0 kB
Bounce:                0 kB
WritebackTmp:          0 kB
CommitLimit:     9202292 kB
Committed_AS:   75080380 kB
VmallocTotal:   263061440 kB
VmallocUsed:      105128 kB
VmallocChunk:          0 kB
Percpu:             7552 kB
CmaTotal:         294912 kB
CmaFree:               0 kB
MemTotal:       12113136 kB
MemFree:         6366820 kB
MemAvailable:    7969540 kB
Buffers:            5344 kB
Cached:          1832200 kB
SwapCached:            0 kB
Active:          1506876 kB
Inactive:        1594552 kB
Active(anon):    1270368 kB
Inactive(anon):    23856 kB
Active(file):     236508 kB
Inactive(file):  1570696 kB
Unevictable:        5620 kB
Mlocked:            5620 kB
SwapTotal:       3145724 kB
SwapFree:        3145724 kB
Dirty:               380 kB
Writeback:             0 kB
AnonPages:       1269568 kB
Mapped:           862276 kB
Shmem:             25772 kB
KReclaimable:     664220 kB
Slab:             225432 kB
SReclaimable:      77156 kB
SUnreclaim:       148276 kB
KernelStack:       48064 kB
PageTables:        67028 kB
NFS_Unstable:          0 kB
Bounce:                0 kB
WritebackTmp:          0 kB
CommitLimit:     9202292 kB
Committed_AS:   75080424 kB
VmallocTotal:   263061440 kB
VmallocUsed:      105112 kB
VmallocChunk:          0 kB
Percpu:             7552 kB
CmaTotal:         294912 kB
CmaFree:               0 kB
MemTotal:       12113136 kB
MemFree:         6365804 kB
MemAvailable:    7968556 kB
Buffers:            5348 kB
Cached:          1832228 kB
SwapCached:            0 kB
Active:          1507772 kB
Inactive:        1594580 kB
Active(anon):    1271260 kB
Inactive(anon):    23856 kB
Active(file):     236512 kB
Inactive(file):  1570724 kB
Unevictable:        5620 kB
Mlocked:            5620 kB
SwapTotal:       3145724 kB
SwapFree:        3145724 kB
Dirty:               424 kB
Writeback:             0 kB
AnonPages:       1270532 kB
Mapped:           862276 kB
Shmem:             25772 kB
KReclaimable:     664220 kB
Slab:             225432 kB
SReclaimable:      77156 kB
SUnreclaim:       148276 kB
KernelStack:       48064 kB
PageTables:        67016 kB
NFS_Unstable:          0 kB
Bounce:                0 kB
WritebackTmp:          0 kB
CommitLimit:     9202292 kB
Committed_AS:   75080176 kB
VmallocTotal:   263061440 kB
VmallocUsed:      105144 kB
VmallocChunk:          0 kB
Percpu:             7552 kB
CmaTotal:         294912 kB
CmaFree:               0 kB
MemTotal:       12113136 kB
MemFree:         6374484 kB
MemAvailable:    7977252 kB
Buffers:            5348 kB
Cached:          1832244 kB
SwapCached:            0 kB
Active:          1499204 kB
Inactive:        1594596 kB
Active(anon):    1262692 kB
Inactive(anon):    23856 kB
Active(file):     236512 kB
Inactive(file):  1570740 kB
Unevictable:        5620 kB
Mlocked:            5620 kB
SwapTotal:       3145724 kB
SwapFree:        3145724 kB
Dirty:               444 kB
Writeback:             0 kB
AnonPages:       1261924 kB
Mapped:           862276 kB
Shmem:             25772 kB
KReclaimable:     664220 kB
Slab:             225432 kB
SReclaimable:      77156 kB
SUnreclaim:       148276 kB
KernelStack:       48064 kB
PageTables:        67020 kB
NFS_Unstable:          0 kB
Bounce:                0 kB
WritebackTmp:          0 kB
CommitLimit:     9202292 kB
Committed_AS:   75079780 kB
VmallocTotal:   263061440 kB
VmallocUsed:      105144 kB
VmallocChunk:          0 kB
Percpu:             7552 kB
CmaTotal:         294912 kB
CmaFree:               0 kB
MemTotal:       12113136 kB
MemFree:         6373068 kB
MemAvailable:    7975844 kB
Buffers:            5348 kB
Cached:          1832264 kB
SwapCached:            0 kB
Active:          1499892 kB
Inactive:        1594616 kB
Active(anon):    1263380 kB
Inactive(anon):    23868 kB
Active(file):     236512 kB
Inactive(file):  1570748 kB
Unevictable:        5620 kB
Mlocked:            5620 kB
SwapTotal:       3145724 kB
SwapFree:        3145724 kB
Dirty:               296 kB
Writeback:             0 kB
AnonPages:       1262564 kB
Mapped:           862288 kB
Shmem:             25784 kB
KReclaimable:     664220 kB
Slab:             225432 kB
SReclaimable:      77156 kB
SUnreclaim:       148276 kB
KernelStack:       48064 kB
PageTables:        67020 kB
NFS_Unstable:          0 kB
Bounce:                0 kB
WritebackTmp:          0 kB
CommitLimit:     9202292 kB
Committed_AS:   75075452 kB
VmallocTotal:   263061440 kB
VmallocUsed:      105144 kB
VmallocChunk:          0 kB
Percpu:             7552 kB
CmaTotal:         294912 kB
CmaFree:               0 kB
MemTotal:       12113136 kB
MemFree:         6372300 kB
MemAvailable:    7975092 kB
Buffers:            5348 kB
Cached:          1832280 kB
SwapCached:            0 kB
Active:          1501028 kB
Inactive:        1594632 kB
Active(anon):    1264516 kB
Inactive(anon):    23868 kB
Active(file):     236512 kB
Inactive(file):  1570764 kB
Unevictable:        5620 kB
Mlocked:            5620 kB
SwapTotal:       3145724 kB
SwapFree:        3145724 kB
Dirty:               344 kB
Writeback:             0 kB
AnonPages:       1263548 kB
Mapped:           862288 kB
Shmem:             25784 kB
KReclaimable:     664220 kB
Slab:             225432 kB
SReclaimable:      77156 kB
SUnreclaim:       148276 kB
KernelStack:       48064 kB
PageTables:        67024 kB
NFS_Unstable:          0 kB
Bounce:                0 kB
WritebackTmp:          0 kB
CommitLimit:     9202292 kB
Committed_AS:   75080048 kB
VmallocTotal:   263061440 kB
VmallocUsed:      105176 kB
VmallocChunk:          0 kB
Percpu:             7552 kB
CmaTotal:         294912 kB
CmaFree:               0 kB
MemTotal:       12113136 kB
MemFree:         6371312 kB
MemAvailable:    7974116 kB
Buffers:            5348 kB
Cached:          1832292 kB
SwapCached:            0 kB
Active:          1501884 kB
Inactive:        1594640 kB
Active(anon):    1265368 kB
Inactive(anon):    23868 kB
Active(file):     236516 kB
Inactive(file):  1570772 kB
Unevictable:        5620 kB
Mlocked:            5620 kB
SwapTotal:       3145724 kB
SwapFree:        3145724 kB
Dirty:               352 kB
Writeback:             0 kB
AnonPages:       1264572 kB
Mapped:           862288 kB
Shmem:             25784 kB
KReclaimable:     664220 kB
Slab:             225432 kB
SReclaimable:      77156 kB
SUnreclaim:       148276 kB
KernelStack:       48064 kB
PageTables:        67024 kB
NFS_Unstable:          0 kB
Bounce:                0 kB
WritebackTmp:          0 kB
CommitLimit:     9202292 kB
Committed_AS:   75079836 kB
VmallocTotal:   263061440 kB
VmallocUsed:      105160 kB
VmallocChunk:          0 kB
Percpu:             7552 kB
CmaTotal:         294912 kB
CmaFree:               0 kB
MemTotal:       12113136 kB
MemFree:         6372332 kB
MemAvailable:    7975148 kB
Buffers:            5348 kB
Cached:          1832304 kB
SwapCached:            0 kB
Active:          1501000 kB
Inactive:        1594656 kB
Active(anon):    1264488 kB
Inactive(anon):    23868 kB
Active(file):     236512 kB
Inactive(file):  1570788 kB
Unevictable:        5620 kB
Mlocked:            5620 kB
SwapTotal:       3145724 kB
SwapFree:        3145724 kB
Dirty:               372 kB
Writeback:             0 kB
AnonPages:       1263632 kB
Mapped:           862288 kB
Shmem:             25784 kB
KReclaimable:     664220 kB
Slab:             225432 kB
SReclaimable:      77156 kB
SUnreclaim:       148276 kB
KernelStack:       48080 kB
PageTables:        67008 kB
NFS_Unstable:          0 kB
Bounce:                0 kB
WritebackTmp:          0 kB
CommitLimit:     9202292 kB
Committed_AS:   75075984 kB
VmallocTotal:   263061440 kB
VmallocUsed:      105128 kB
VmallocChunk:          0 kB
Percpu:             7552 kB
CmaTotal:         294912 kB
CmaFree:               0 kB
MemTotal:       12113136 kB
MemFree:         6391472 kB
MemAvailable:    7994296 kB
Buffers:            5348 kB
Cached:          1832316 kB
SwapCached:            0 kB
Active:          1481384 kB
Inactive:        1594668 kB
Active(anon):    1244872 kB
Inactive(anon):    23872 kB
Active(file):     236512 kB
Inactive(file):  1570796 kB
Unevictable:        5620 kB
Mlocked:            5620 kB
SwapTotal:       3145724 kB
SwapFree:        3145724 kB
Dirty:               220 kB
Writeback:           180 kB
AnonPages:       1244056 kB
Mapped:           862296 kB
Shmem:             25788 kB
KReclaimable:     664220 kB
Slab:             225464 kB
SReclaimable:      77156 kB
SUnreclaim:       148308 kB
KernelStack:       48064 kB
PageTables:        67016 kB
NFS_Unstable:          0 kB
Bounce:                0 kB
WritebackTmp:          0 kB
CommitLimit:     9202292 kB
Committed_AS:   75080652 kB
VmallocTotal:   263061440 kB
VmallocUsed:      105144 kB
VmallocChunk:          0 kB
Percpu:             7552 kB
CmaTotal:         294912 kB
CmaFree:             108 kB
MemTotal:       12113136 kB
MemFree:         6391092 kB
MemAvailable:    7993928 kB
Buffers:            5348 kB
Cached:          1832328 kB
SwapCached:            0 kB
Active:          1482448 kB
Inactive:        1594680 kB
Active(anon):    1245936 kB
Inactive(anon):    23872 kB
Active(file):     236512 kB
Inactive(file):  1570808 kB
Unevictable:        5620 kB
Mlocked:            5620 kB
SwapTotal:       3145724 kB
SwapFree:        3145724 kB
Dirty:               300 kB
Writeback:             0 kB
AnonPages:       1245208 kB
Mapped:           862460 kB
Shmem:             25788 kB
KReclaimable:     664220 kB
Slab:             225432 kB
SReclaimable:      77156 kB
SUnreclaim:       148276 kB
KernelStack:       48048 kB
PageTables:        66976 kB
NFS_Unstable:          0 kB
Bounce:                0 kB
WritebackTmp:          0 kB
CommitLimit:     9202292 kB
Committed_AS:   75080504 kB
VmallocTotal:   263061440 kB
VmallocUsed:      105144 kB
VmallocChunk:          0 kB
Percpu:             7552 kB
CmaTotal:         294912 kB
CmaFree:               0 kB
MemTotal:       12113136 kB
MemFree:         6388716 kB
MemAvailable:    7991564 kB
Buffers:            5348 kB
Cached:          1832352 kB
SwapCached:            0 kB
Active:          1485420 kB
Inactive:        1594704 kB
Active(anon):    1248908 kB
Inactive(anon):    23884 kB
Active(file):     236512 kB
Inactive(file):  1570820 kB
Unevictable:        5620 kB
Mlocked:            5620 kB
SwapTotal:       3145724 kB
SwapFree:        3145724 kB
Dirty:               316 kB
Writeback:             0 kB
AnonPages:       1247832 kB
Mapped:           862472 kB
Shmem:             25800 kB
KReclaimable:     664220 kB
Slab:             225432 kB
SReclaimable:      77156 kB
SUnreclaim:       148276 kB
KernelStack:       48160 kB
PageTables:        67020 kB
NFS_Unstable:          0 kB
Bounce:                0 kB
WritebackTmp:          0 kB
CommitLimit:     9202292 kB
Committed_AS:   75080152 kB
VmallocTotal:   263061440 kB
VmallocUsed:      105208 kB
VmallocChunk:          0 kB
Percpu:             7552 kB
CmaTotal:         294912 kB
CmaFree:               0 kB
MemTotal:       12113136 kB
MemFree:         6393708 kB
MemAvailable:    7996600 kB
Buffers:            5348 kB
Cached:          1832364 kB
SwapCached:            0 kB
Active:          1480504 kB
Inactive:        1594716 kB
Active(anon):    1243992 kB
Inactive(anon):    23884 kB
Active(file):     236512 kB
Inactive(file):  1570832 kB
Unevictable:        5620 kB
Mlocked:            5620 kB
SwapTotal:       3145724 kB
SwapFree:        3145724 kB
Dirty:               356 kB
Writeback:             0 kB
AnonPages:       1243284 kB
Mapped:           862472 kB
Shmem:             25800 kB
KReclaimable:     664220 kB
Slab:             225432 kB
SReclaimable:      77156 kB
SUnreclaim:       148276 kB
KernelStack:       48160 kB
PageTables:        67036 kB
NFS_Unstable:          0 kB
Bounce:                0 kB
WritebackTmp:          0 kB
CommitLimit:     9202292 kB
Committed_AS:   75080180 kB
VmallocTotal:   263061440 kB
VmallocUsed:      105240 kB
VmallocChunk:          0 kB
Percpu:             7552 kB
CmaTotal:         294912 kB
CmaFree:               0 kB
MemTotal:       12113136 kB
MemFree:         6392760 kB
MemAvailable:    7995640 kB
Buffers:            5348 kB
Cached:          1832392 kB
SwapCached:            0 kB
Active:          1482484 kB
Inactive:        1594744 kB
Active(anon):    1245972 kB
Inactive(anon):    23892 kB
Active(file):     236512 kB
Inactive(file):  1570852 kB
Unevictable:        5620 kB
Mlocked:            5620 kB
SwapTotal:       3145724 kB
SwapFree:        3145724 kB
Dirty:               392 kB
Writeback:             0 kB
AnonPages:       1245088 kB
Mapped:           862480 kB
Shmem:             25808 kB
KReclaimable:     664220 kB
Slab:             225432 kB
SReclaimable:      77156 kB
SUnreclaim:       148276 kB
KernelStack:       48160 kB
PageTables:        67028 kB
NFS_Unstable:          0 kB
Bounce:                0 kB
WritebackTmp:          0 kB
CommitLimit:     9202292 kB
Committed_AS:   75079368 kB
VmallocTotal:   263061440 kB
VmallocUsed:      105208 kB
VmallocChunk:          0 kB
Percpu:             7552 kB
CmaTotal:         294912 kB
CmaFree:               0 kB
MemTotal:       12113136 kB
MemFree:         6391432 kB
MemAvailable:    7994352 kB
Buffers:            5348 kB
Cached:          1832436 kB
SwapCached:            0 kB
Active:          1484364 kB
Inactive:        1594784 kB
Active(anon):    1247848 kB
Inactive(anon):    23896 kB
Active(file):     236516 kB
Inactive(file):  1570888 kB
Unevictable:        5620 kB
Mlocked:            5620 kB
SwapTotal:       3145724 kB
SwapFree:        3145724 kB
Dirty:               412 kB
Writeback:             0 kB
AnonPages:       1246848 kB
Mapped:           862484 kB
Shmem:             25812 kB
KReclaimable:     664220 kB
Slab:             225432 kB
SReclaimable:      77156 kB
SUnreclaim:       148276 kB
KernelStack:       48224 kB
PageTables:        67044 kB
NFS_Unstable:          0 kB
Bounce:                0 kB
WritebackTmp:          0 kB
CommitLimit:     9202292 kB
Committed_AS:   75079416 kB
VmallocTotal:   263061440 kB
VmallocUsed:      105240 kB
VmallocChunk:          0 kB
Percpu:             7552 kB
CmaTotal:         294912 kB
CmaFree:               0 kB
MemTotal:       12113136 kB
MemFree:         6391464 kB
MemAvailable:    7994372 kB
Buffers:            5348 kB
Cached:          1832428 kB
SwapCached:            0 kB
Active:          1482396 kB
Inactive:        1594780 kB
Active(anon):    1245884 kB
Inactive(anon):    23900 kB
Active(file):     236512 kB
Inactive(file):  1570880 kB
Unevictable:        5620 kB
Mlocked:            5620 kB
SwapTotal:       3145724 kB
SwapFree:        3145724 kB
Dirty:               440 kB
Writeback:             0 kB
AnonPages:       1244932 kB
Mapped:           862488 kB
Shmem:             25816 kB
KReclaimable:     664220 kB
Slab:             225424 kB
SReclaimable:      77156 kB
SUnreclaim:       148268 kB
KernelStack:       48176 kB
PageTables:        67032 kB
NFS_Unstable:          0 kB
Bounce:                0 kB
WritebackTmp:          0 kB
CommitLimit:     9202292 kB
Committed_AS:   75079460 kB
VmallocTotal:   263061440 kB
VmallocUsed:      105288 kB
VmallocChunk:          0 kB
Percpu:             7552 kB
CmaTotal:         294912 kB
CmaFree:               0 kB
MemTotal:       12113136 kB
MemFree:         6390348 kB
MemAvailable:    7993272 kB
Buffers:            5348 kB
Cached:          1832468 kB
SwapCached:            0 kB
Active:          1482848 kB
Inactive:        1594820 kB
Active(anon):    1246336 kB
Inactive(anon):    23924 kB
Active(file):     236512 kB
Inactive(file):  1570896 kB
Unevictable:        5620 kB
Mlocked:            5620 kB
SwapTotal:       3145724 kB
SwapFree:        3145724 kB
Dirty:               464 kB
Writeback:             0 kB
AnonPages:       1245680 kB
Mapped:           862512 kB
Shmem:             25840 kB
KReclaimable:     664220 kB
Slab:             225424 kB
SReclaimable:      77156 kB
SUnreclaim:       148268 kB
KernelStack:       48208 kB
PageTables:        67032 kB
NFS_Unstable:          0 kB
Bounce:                0 kB
WritebackTmp:          0 kB
CommitLimit:     9202292 kB
Committed_AS:   75079920 kB
VmallocTotal:   263061440 kB
VmallocUsed:      105304 kB
VmallocChunk:          0 kB
Percpu:             7552 kB
CmaTotal:         294912 kB
CmaFree:               0 kB
MemTotal:       12113136 kB
MemFree:         6389308 kB
MemAvailable:    7992252 kB
Buffers:            5356 kB
Cached:          1832480 kB
SwapCached:            0 kB
Active:          1483216 kB
Inactive:        1594832 kB
Active(anon):    1246696 kB
Inactive(anon):    23924 kB
Active(file):     236520 kB
Inactive(file):  1570908 kB
Unevictable:        5620 kB
Mlocked:            5620 kB
SwapTotal:       3145724 kB
SwapFree:        3145724 kB
Dirty:               476 kB
Writeback:             0 kB
AnonPages:       1245952 kB
Mapped:           862644 kB
Shmem:             25840 kB
KReclaimable:     664220 kB
Slab:             225424 kB
SReclaimable:      77156 kB
SUnreclaim:       148268 kB
KernelStack:       48208 kB
PageTables:        67056 kB
NFS_Unstable:          0 kB
Bounce:                0 kB
WritebackTmp:          0 kB
CommitLimit:     9202292 kB
Committed_AS:   75068176 kB
VmallocTotal:   263061440 kB
VmallocUsed:      105304 kB
VmallocChunk:          0 kB
Percpu:             7552 kB
CmaTotal:         294912 kB
CmaFree:               0 kB
MemTotal:       12113136 kB
MemFree:         6388976 kB
MemAvailable:    7991948 kB
Buffers:            5356 kB
Cached:          1832508 kB
SwapCached:            0 kB
Active:          1484352 kB
Inactive:        1594860 kB
Active(anon):    1247832 kB
Inactive(anon):    23924 kB
Active(file):     236520 kB
Inactive(file):  1570936 kB
Unevictable:        5620 kB
Mlocked:            5620 kB
SwapTotal:       3145724 kB
SwapFree:        3145724 kB
Dirty:               472 kB
Writeback:             0 kB
AnonPages:       1247188 kB
Mapped:           862512 kB
Shmem:             25840 kB
KReclaimable:     664220 kB
Slab:             225424 kB
SReclaimable:      77156 kB
SUnreclaim:       148268 kB
KernelStack:       48208 kB
PageTables:        67032 kB
NFS_Unstable:          0 kB
Bounce:                0 kB
WritebackTmp:          0 kB
CommitLimit:     9202292 kB
Committed_AS:   75079976 kB
VmallocTotal:   263061440 kB
VmallocUsed:      105288 kB
VmallocChunk:          0 kB
Percpu:             7552 kB
CmaTotal:         294912 kB
CmaFree:               0 kB
MemTotal:       12113136 kB
MemFree:         6388012 kB
MemAvailable:    7990996 kB
Buffers:            5356 kB
Cached:          1832524 kB
SwapCached:            0 kB
Active:          1485392 kB
Inactive:        1594876 kB
Active(anon):    1248872 kB
Inactive(anon):    23928 kB
Active(file):     236520 kB
Inactive(file):  1570948 kB
Unevictable:        5620 kB
Mlocked:            5620 kB
SwapTotal:       3145724 kB
SwapFree:        3145724 kB
Dirty:               276 kB
Writeback:             0 kB
AnonPages:       1248124 kB
Mapped:           862516 kB
Shmem:             25844 kB
KReclaimable:     664220 kB
Slab:             225424 kB
SReclaimable:      77156 kB
SUnreclaim:       148268 kB
KernelStack:       48208 kB
PageTables:        67032 kB
NFS_Unstable:          0 kB
Bounce:                0 kB
WritebackTmp:          0 kB
CommitLimit:     9202292 kB
Committed_AS:   75079536 kB
VmallocTotal:   263061440 kB
VmallocUsed:      105288 kB
VmallocChunk:          0 kB
Percpu:             7552 kB
CmaTotal:         294912 kB
CmaFree:               0 kB
MemTotal:       12113136 kB
MemFree:         6386584 kB
MemAvailable:    7989584 kB
Buffers:            5356 kB
Cached:          1832540 kB
SwapCached:            0 kB
Active:          1485584 kB
Inactive:        1594892 kB
Active(anon):    1249064 kB
Inactive(anon):    23928 kB
Active(file):     236520 kB
Inactive(file):  1570964 kB
Unevictable:        5620 kB
Mlocked:            5620 kB
SwapTotal:       3145724 kB
SwapFree:        3145724 kB
Dirty:               320 kB
Writeback:             0 kB
AnonPages:       1248316 kB
Mapped:           862516 kB
Shmem:             25844 kB
KReclaimable:     664220 kB
Slab:             225424 kB
SReclaimable:      77156 kB
SUnreclaim:       148268 kB
KernelStack:       48208 kB
PageTables:        67028 kB
NFS_Unstable:          0 kB
Bounce:                0 kB
WritebackTmp:          0 kB
CommitLimit:     9202292 kB
Committed_AS:   75078972 kB
VmallocTotal:   263061440 kB
VmallocUsed:      105272 kB
VmallocChunk:          0 kB
Percpu:             7552 kB
CmaTotal:         294912 kB
CmaFree:               0 kB
MemTotal:       12113136 kB
MemFree:         6386536 kB
MemAvailable:    7989548 kB
Buffers:            5356 kB
Cached:          1832552 kB
SwapCached:            0 kB
Active:          1486484 kB
Inactive:        1594904 kB
Active(anon):    1249964 kB
Inactive(anon):    23928 kB
Active(file):     236520 kB
Inactive(file):  1570976 kB
Unevictable:        5620 kB
Mlocked:            5620 kB
SwapTotal:       3145724 kB
SwapFree:        3145724 kB
Dirty:               364 kB
Writeback:             0 kB
AnonPages:       1249152 kB
Mapped:           862516 kB
Shmem:             25844 kB
KReclaimable:     664220 kB
Slab:             225424 kB
SReclaimable:      77156 kB
SUnreclaim:       148268 kB
KernelStack:       48208 kB
PageTables:        67040 kB
NFS_Unstable:          0 kB
Bounce:                0 kB
WritebackTmp:          0 kB
CommitLimit:     9202292 kB
Committed_AS:   75080032 kB
VmallocTotal:   263061440 kB
VmallocUsed:      105288 kB
VmallocChunk:          0 kB
Percpu:             7552 kB
CmaTotal:         294912 kB
CmaFree:               0 kB
MemTotal:       12113136 kB
MemFree:         6386104 kB
MemAvailable:    7989124 kB
Buffers:            5356 kB
Cached:          1832560 kB
SwapCached:            0 kB
Active:          1486840 kB
Inactive:        1594912 kB
Active(anon):    1250320 kB
Inactive(anon):    23928 kB
Active(file):     236520 kB
Inactive(file):  1570984 kB
Unevictable:        5620 kB
Mlocked:            5620 kB
SwapTotal:       3145724 kB
SwapFree:        3145724 kB
Dirty:               372 kB
Writeback:             0 kB
AnonPages:       1249368 kB
Mapped:           862516 kB
Shmem:             25844 kB
KReclaimable:     664220 kB
Slab:             225424 kB
SReclaimable:      77156 kB
SUnreclaim:       148268 kB
KernelStack:       48208 kB
PageTables:        67028 kB
NFS_Unstable:          0 kB
Bounce:                0 kB
WritebackTmp:          0 kB
CommitLimit:     9202292 kB
Committed_AS:   75075328 kB
VmallocTotal:   263061440 kB
VmallocUsed:      105272 kB
VmallocChunk:          0 kB
Percpu:             7552 kB
CmaTotal:         294912 kB
CmaFree:               0 kB
MemTotal:       12113136 kB
MemFree:         6385240 kB
MemAvailable:    7988272 kB
Buffers:            5356 kB
Cached:          1832572 kB
SwapCached:            0 kB
Active:          1487216 kB
Inactive:        1594924 kB
Active(anon):    1250696 kB
Inactive(anon):    23928 kB
Active(file):     236520 kB
Inactive(file):  1570996 kB
Unevictable:        5620 kB
Mlocked:            5620 kB
SwapTotal:       3145724 kB
SwapFree:        3145724 kB
Dirty:               384 kB
Writeback:             0 kB
AnonPages:       1249908 kB
Mapped:           862660 kB
Shmem:             25844 kB
KReclaimable:     664220 kB
Slab:             225416 kB
SReclaimable:      77156 kB
SUnreclaim:       148260 kB
KernelStack:       48208 kB
PageTables:        67028 kB
NFS_Unstable:          0 kB
Bounce:                0 kB
WritebackTmp:          0 kB
CommitLimit:     9202292 kB
Committed_AS:   75070384 kB
VmallocTotal:   263061440 kB
VmallocUsed:      105288 kB
VmallocChunk:          0 kB
Percpu:             7552 kB
CmaTotal:         294912 kB
CmaFree:               0 kB
MemTotal:       12113136 kB
MemFree:         6384320 kB
MemAvailable:    7987364 kB
Buffers:            5356 kB
Cached:          1832588 kB
SwapCached:            0 kB
Active:          1489284 kB
Inactive:        1594940 kB
Active(anon):    1252764 kB
Inactive(anon):    23932 kB
Active(file):     236520 kB
Inactive(file):  1571008 kB
Unevictable:        5620 kB
Mlocked:            5620 kB
SwapTotal:       3145724 kB
SwapFree:        3145724 kB
Dirty:               412 kB
Writeback:             0 kB
AnonPages:       1251904 kB
Mapped:           862520 kB
Shmem:             25848 kB
KReclaimable:     664220 kB
Slab:             225416 kB
SReclaimable:      77156 kB
SUnreclaim:       148260 kB
KernelStack:       48208 kB
PageTables:        67028 kB
NFS_Unstable:          0 kB
Bounce:                0 kB
WritebackTmp:          0 kB
CommitLimit:     9202292 kB
Committed_AS:   75074720 kB
VmallocTotal:   263061440 kB
VmallocUsed:      105272 kB
VmallocChunk:          0 kB
Percpu:             7552 kB
CmaTotal:         294912 kB
CmaFree:               0 kB
MemTotal:       12113136 kB
MemFree:         6384396 kB
MemAvailable:    7987444 kB
Buffers:            5356 kB
Cached:          1832592 kB
SwapCached:            0 kB
Active:          1489640 kB
Inactive:        1594944 kB
Active(anon):    1253120 kB
Inactive(anon):    23932 kB
Active(file):     236520 kB
Inactive(file):  1571012 kB
Unevictable:        5620 kB
Mlocked:            5620 kB
SwapTotal:       3145724 kB
SwapFree:        3145724 kB
Dirty:               424 kB
Writeback:             0 kB
AnonPages:       1252552 kB
Mapped:           862520 kB
Shmem:             25848 kB
KReclaimable:     664220 kB
Slab:             225416 kB
SReclaimable:      77156 kB
SUnreclaim:       148260 kB
KernelStack:       48208 kB
PageTables:        67040 kB
NFS_Unstable:          0 kB
Bounce:                0 kB
WritebackTmp:          0 kB
CommitLimit:     9202292 kB
Committed_AS:   75074712 kB
VmallocTotal:   263061440 kB
VmallocUsed:      105288 kB
VmallocChunk:          0 kB
Percpu:             7552 kB
CmaTotal:         294912 kB
CmaFree:               0 kB
MemTotal:       12113136 kB
MemFree:         6383976 kB
MemAvailable:    7987044 kB
Buffers:            5356 kB
Cached:          1832612 kB
SwapCached:            0 kB
Active:          1490364 kB
Inactive:        1594964 kB
Active(anon):    1253844 kB
Inactive(anon):    23932 kB
Active(file):     236520 kB
Inactive(file):  1571032 kB
Unevictable:        5620 kB
Mlocked:            5620 kB
SwapTotal:       3145724 kB
SwapFree:        3145724 kB
Dirty:               480 kB
Writeback:             0 kB
AnonPages:       1253156 kB
Mapped:           862520 kB
Shmem:             25848 kB
KReclaimable:     664220 kB
Slab:             225416 kB
SReclaimable:      77156 kB
SUnreclaim:       148260 kB
KernelStack:       48208 kB
PageTables:        67028 kB
NFS_Unstable:          0 kB
Bounce:                0 kB
WritebackTmp:          0 kB
CommitLimit:     9202292 kB
Committed_AS:   75080424 kB
VmallocTotal:   263061440 kB
VmallocUsed:      105256 kB
VmallocChunk:          0 kB
Percpu:             7552 kB
CmaTotal:         294912 kB
CmaFree:               0 kB
MemTotal:       12113136 kB
MemFree:         6389968 kB
MemAvailable:    7993048 kB
Buffers:            5356 kB
Cached:          1832624 kB
SwapCached:            0 kB
Active:          1484128 kB
Inactive:        1594976 kB
Active(anon):    1247608 kB
Inactive(anon):    23932 kB
Active(file):     236520 kB
Inactive(file):  1571044 kB
Unevictable:        5620 kB
Mlocked:            5620 kB
SwapTotal:       3145724 kB
SwapFree:        3145724 kB
Dirty:               512 kB
Writeback:             0 kB
AnonPages:       1246864 kB
Mapped:           862520 kB
Shmem:             25848 kB
KReclaimable:     664220 kB
Slab:             225416 kB
SReclaimable:      77156 kB
SUnreclaim:       148260 kB
KernelStack:       48208 kB
PageTables:        67044 kB
NFS_Unstable:          0 kB
Bounce:                0 kB
WritebackTmp:          0 kB
CommitLimit:     9202292 kB
Committed_AS:   75074036 kB
VmallocTotal:   263061440 kB
VmallocUsed:      105256 kB
VmallocChunk:          0 kB
Percpu:             7552 kB
CmaTotal:         294912 kB
CmaFree:               0 kB
MemTotal:       12113136 kB
MemFree:         6389364 kB
MemAvailable:    7992468 kB
Buffers:            5356 kB
Cached:          1832648 kB
SwapCached:            0 kB
Active:          1484464 kB
Inactive:        1595000 kB
Active(anon):    1247944 kB
Inactive(anon):    23932 kB
Active(file):     236520 kB
Inactive(file):  1571068 kB
Unevictable:        5620 kB
Mlocked:            5620 kB
SwapTotal:       3145724 kB
SwapFree:        3145724 kB
Dirty:               544 kB
Writeback:             0 kB
AnonPages:       1246804 kB
Mapped:           862520 kB
Shmem:             25848 kB
KReclaimable:     664220 kB
Slab:             225416 kB
SReclaimable:      77156 kB
SUnreclaim:       148260 kB
KernelStack:       48208 kB
PageTables:        67032 kB
NFS_Unstable:          0 kB
Bounce:                0 kB
WritebackTmp:          0 kB
CommitLimit:     9202292 kB
Committed_AS:   75076028 kB
VmallocTotal:   263061440 kB
VmallocUsed:      105256 kB
VmallocChunk:          0 kB
Percpu:             7552 kB
CmaTotal:         294912 kB
CmaFree:               0 kB
MemTotal:       12113136 kB
MemFree:         6346040 kB
MemAvailable:    7949160 kB
Buffers:            5356 kB
Cached:          1841712 kB
SwapCached:            0 kB
Active:          1521148 kB
Inactive:        1604064 kB
Active(anon):    1284628 kB
Inactive(anon):    32980 kB
Active(file):     236520 kB
Inactive(file):  1571084 kB
Unevictable:        5620 kB
Mlocked:            5620 kB
SwapTotal:       3145724 kB
SwapFree:        3145724 kB
Dirty:               304 kB
Writeback:             0 kB
AnonPages:       1283932 kB
Mapped:           871568 kB
Shmem:             34896 kB
KReclaimable:     664220 kB
Slab:             225424 kB
SReclaimable:      77156 kB
SUnreclaim:       148268 kB
KernelStack:       48208 kB
PageTables:        67072 kB
NFS_Unstable:          0 kB
Bounce:                0 kB
WritebackTmp:          0 kB
CommitLimit:     9202292 kB
Committed_AS:   75088608 kB
VmallocTotal:   263061440 kB
VmallocUsed:      105240 kB
VmallocChunk:          0 kB
Percpu:             7552 kB
CmaTotal:         294912 kB
CmaFree:               0 kB
MemTotal:       12113136 kB
MemFree:         6352076 kB
MemAvailable:    7955212 kB
Buffers:            5356 kB
Cached:          1832680 kB
SwapCached:            0 kB
Active:          1522524 kB
Inactive:        1595032 kB
Active(anon):    1286004 kB
Inactive(anon):    23932 kB
Active(file):     236520 kB
Inactive(file):  1571100 kB
Unevictable:        5620 kB
Mlocked:            5620 kB
SwapTotal:       3145724 kB
SwapFree:        3145724 kB
Dirty:               360 kB
Writeback:             0 kB
AnonPages:       1284944 kB
Mapped:           862520 kB
Shmem:             25848 kB
KReclaimable:     664220 kB
Slab:             225416 kB
SReclaimable:      77156 kB
SUnreclaim:       148260 kB
KernelStack:       48208 kB
PageTables:        67044 kB
NFS_Unstable:          0 kB
Bounce:                0 kB
WritebackTmp:          0 kB
CommitLimit:     9202292 kB
Committed_AS:   75079340 kB
VmallocTotal:   263061440 kB
VmallocUsed:      105272 kB
VmallocChunk:          0 kB
Percpu:             7552 kB
CmaTotal:         294912 kB
CmaFree:               0 kB
MemTotal:       12113136 kB
MemFree:         6351200 kB
MemAvailable:    7954348 kB
Buffers:            5356 kB
Cached:          1832692 kB
SwapCached:            0 kB
Active:          1522500 kB
Inactive:        1595044 kB
Active(anon):    1285980 kB
Inactive(anon):    23932 kB
Active(file):     236520 kB
Inactive(file):  1571112 kB
Unevictable:        5620 kB
Mlocked:            5620 kB
SwapTotal:       3145724 kB
SwapFree:        3145724 kB
Dirty:               392 kB
Writeback:             0 kB
AnonPages:       1285020 kB
Mapped:           862576 kB
Shmem:             25848 kB
KReclaimable:     664220 kB
Slab:             225416 kB
SReclaimable:      77156 kB
SUnreclaim:       148260 kB
KernelStack:       48208 kB
PageTables:        67040 kB
NFS_Unstable:          0 kB
Bounce:                0 kB
WritebackTmp:          0 kB
CommitLimit:     9202292 kB
Committed_AS:   75079032 kB
VmallocTotal:   263061440 kB
VmallocUsed:      105272 kB
VmallocChunk:          0 kB
Percpu:             7552 kB
CmaTotal:         294912 kB
CmaFree:               0 kB
MemTotal:       12113136 kB
MemFree:         6360848 kB
MemAvailable:    7964004 kB
Buffers:            5356 kB
Cached:          1832700 kB
SwapCached:            0 kB
Active:          1511132 kB
Inactive:        1595052 kB
Active(anon):    1274612 kB
Inactive(anon):    23932 kB
Active(file):     236520 kB
Inactive(file):  1571120 kB
Unevictable:        5620 kB
Mlocked:            5620 kB
SwapTotal:       3145724 kB
SwapFree:        3145724 kB
Dirty:               428 kB
Writeback:             0 kB
AnonPages:       1273744 kB
Mapped:           862576 kB
Shmem:             25848 kB
KReclaimable:     664220 kB
Slab:             225416 kB
SReclaimable:      77156 kB
SUnreclaim:       148260 kB
KernelStack:       48224 kB
PageTables:        67156 kB
NFS_Unstable:          0 kB
Bounce:                0 kB
WritebackTmp:          0 kB
CommitLimit:     9202292 kB
Committed_AS:   75078028 kB
VmallocTotal:   263061440 kB
VmallocUsed:      105272 kB
VmallocChunk:          0 kB
Percpu:             7552 kB
CmaTotal:         294912 kB
CmaFree:             124 kB
MemTotal:       12113136 kB
MemFree:         6360016 kB
MemAvailable:    7963196 kB
Buffers:            5360 kB
Cached:          1832728 kB
SwapCached:            0 kB
Active:          1511940 kB
Inactive:        1595080 kB
Active(anon):    1275416 kB
Inactive(anon):    23940 kB
Active(file):     236524 kB
Inactive(file):  1571140 kB
Unevictable:        5620 kB
Mlocked:            5620 kB
SwapTotal:       3145724 kB
SwapFree:        3145724 kB
Dirty:               428 kB
Writeback:             0 kB
AnonPages:       1274232 kB
Mapped:           862584 kB
Shmem:             25856 kB
KReclaimable:     664220 kB
Slab:             225416 kB
SReclaimable:      77156 kB
SUnreclaim:       148260 kB
KernelStack:       48160 kB
PageTables:        67044 kB
NFS_Unstable:          0 kB
Bounce:                0 kB
WritebackTmp:          0 kB
CommitLimit:     9202292 kB
Committed_AS:   75083408 kB
VmallocTotal:   263061440 kB
VmallocUsed:      105256 kB
VmallocChunk:          0 kB
Percpu:             7552 kB
CmaTotal:         294912 kB
CmaFree:               0 kB
MemTotal:       12113136 kB
MemFree:         6359992 kB
MemAvailable:    7963192 kB
Buffers:            5360 kB
Cached:          1832748 kB
SwapCached:            0 kB
Active:          1512196 kB
Inactive:        1595100 kB
Active(anon):    1275672 kB
Inactive(anon):    23940 kB
Active(file):     236524 kB
Inactive(file):  1571160 kB
Unevictable:        5620 kB
Mlocked:            5620 kB
SwapTotal:       3145724 kB
SwapFree:        3145724 kB
Dirty:               460 kB
Writeback:             0 kB
AnonPages:       1275076 kB
Mapped:           862584 kB
Shmem:             25856 kB
KReclaimable:     664220 kB
Slab:             225424 kB
SReclaimable:      77156 kB
SUnreclaim:       148268 kB
KernelStack:       48160 kB
PageTables:        67028 kB
NFS_Unstable:          0 kB
Bounce:                0 kB
WritebackTmp:          0 kB
CommitLimit:     9202292 kB
Committed_AS:   75083028 kB
VmallocTotal:   263061440 kB
VmallocUsed:      105256 kB
VmallocChunk:          0 kB
Percpu:             7552 kB
CmaTotal:         294912 kB
CmaFree:               0 kB
MemTotal:       12113136 kB
MemFree:         6360820 kB
MemAvailable:    7964036 kB
Buffers:            5360 kB
Cached:          1832764 kB
SwapCached:            0 kB
Active:          1512824 kB
Inactive:        1595116 kB
Active(anon):    1276300 kB
Inactive(anon):    23940 kB
Active(file):     236524 kB
Inactive(file):  1571176 kB
Unevictable:        5620 kB
Mlocked:            5620 kB
SwapTotal:       3145724 kB
SwapFree:        3145724 kB
Dirty:               476 kB
Writeback:             0 kB
AnonPages:       1275356 kB
Mapped:           862584 kB
Shmem:             25856 kB
KReclaimable:     664220 kB
Slab:             225424 kB
SReclaimable:      77156 kB
SUnreclaim:       148268 kB
KernelStack:       48160 kB
PageTables:        67040 kB
NFS_Unstable:          0 kB
Bounce:                0 kB
WritebackTmp:          0 kB
CommitLimit:     9202292 kB
Committed_AS:   75077420 kB
VmallocTotal:   263061440 kB
VmallocUsed:      105240 kB
VmallocChunk:          0 kB
Percpu:             7552 kB
CmaTotal:         294912 kB
CmaFree:               0 kB
MemTotal:       12113136 kB
MemFree:         6359280 kB
MemAvailable:    7962504 kB
Buffers:            5360 kB
Cached:          1832776 kB
SwapCached:            0 kB
Active:          1513824 kB
Inactive:        1595128 kB
Active(anon):    1277300 kB
Inactive(anon):    23944 kB
Active(file):     236524 kB
Inactive(file):  1571184 kB
Unevictable:        5620 kB
Mlocked:            5620 kB
SwapTotal:       3145724 kB
SwapFree:        3145724 kB
Dirty:               656 kB
Writeback:             0 kB
AnonPages:       1276212 kB
Mapped:           862588 kB
Shmem:             25860 kB
KReclaimable:     664220 kB
Slab:             225440 kB
SReclaimable:      77156 kB
SUnreclaim:       148284 kB
KernelStack:       48192 kB
PageTables:        67032 kB
NFS_Unstable:          0 kB
Bounce:                0 kB
WritebackTmp:          0 kB
CommitLimit:     9202292 kB
Committed_AS:   75064784 kB
VmallocTotal:   263061440 kB
VmallocUsed:      105192 kB
VmallocChunk:          0 kB
Percpu:             7552 kB
CmaTotal:         294912 kB
CmaFree:               0 kB
MemTotal:       12113136 kB
MemFree:         6359408 kB
MemAvailable:    7962648 kB
Buffers:            5360 kB
Cached:          1832796 kB
SwapCached:            0 kB
Active:          1514364 kB
Inactive:        1595148 kB
Active(anon):    1277840 kB
Inactive(anon):    23948 kB
Active(file):     236524 kB
Inactive(file):  1571200 kB
Unevictable:        5620 kB
Mlocked:            5620 kB
SwapTotal:       3145724 kB
SwapFree:        3145724 kB
Dirty:               672 kB
Writeback:             0 kB
AnonPages:       1276964 kB
Mapped:           862592 kB
Shmem:             25864 kB
KReclaimable:     664220 kB
Slab:             225440 kB
SReclaimable:      77156 kB
SUnreclaim:       148284 kB
KernelStack:       48160 kB
PageTables:        67040 kB
NFS_Unstable:          0 kB
Bounce:                0 kB
WritebackTmp:          0 kB
CommitLimit:     9202292 kB
Committed_AS:   75070820 kB
VmallocTotal:   263061440 kB
VmallocUsed:      105208 kB
VmallocChunk:          0 kB
Percpu:             7552 kB
CmaTotal:         294912 kB
CmaFree:               0 kB
MemTotal:       12113136 kB
MemFree:         6359072 kB
MemAvailable:    7962316 kB
Buffers:            5360 kB
Cached:          1832800 kB
SwapCached:            0 kB
Active:          1514204 kB
Inactive:        1595152 kB
Active(anon):    1277680 kB
Inactive(anon):    23948 kB
Active(file):     236524 kB
Inactive(file):  1571204 kB
Unevictable:        5620 kB
Mlocked:            5620 kB
SwapTotal:       3145724 kB
SwapFree:        3145724 kB
Dirty:               676 kB
Writeback:             0 kB
AnonPages:       1277136 kB
Mapped:           862592 kB
Shmem:             25864 kB
KReclaimable:     664220 kB
Slab:             225448 kB
SReclaimable:      77156 kB
SUnreclaim:       148292 kB
KernelStack:       48128 kB
PageTables:        67020 kB
NFS_Unstable:          0 kB
Bounce:                0 kB
WritebackTmp:          0 kB
CommitLimit:     9202292 kB
Committed_AS:   75065396 kB
VmallocTotal:   263061440 kB
VmallocUsed:      105176 kB
VmallocChunk:          0 kB
Percpu:             7552 kB
CmaTotal:         294912 kB
CmaFree:               0 kB
MemTotal:       12113136 kB
MemFree:         6359256 kB
MemAvailable:    7962520 kB
Buffers:            5360 kB
Cached:          1832820 kB
SwapCached:            0 kB
Active:          1515956 kB
Inactive:        1595176 kB
Active(anon):    1279436 kB
Inactive(anon):    23948 kB
Active(file):     236520 kB
Inactive(file):  1571228 kB
Unevictable:        5620 kB
Mlocked:            5620 kB
SwapTotal:       3145724 kB
SwapFree:        3145724 kB
Dirty:               732 kB
Writeback:             0 kB
AnonPages:       1278452 kB
Mapped:           862592 kB
Shmem:             25864 kB
KReclaimable:     664220 kB
Slab:             225440 kB
SReclaimable:      77156 kB
SUnreclaim:       148284 kB
KernelStack:       48144 kB
PageTables:        67004 kB
NFS_Unstable:          0 kB
Bounce:                0 kB
WritebackTmp:          0 kB
CommitLimit:     9202292 kB
Committed_AS:   75069856 kB
VmallocTotal:   263061440 kB
VmallocUsed:      105192 kB
VmallocChunk:          0 kB
Percpu:             7552 kB
CmaTotal:         294912 kB
CmaFree:               0 kB
MemTotal:       12113136 kB
MemFree:         6360720 kB
MemAvailable:    7963988 kB
Buffers:            5360 kB
Cached:          1832824 kB
SwapCached:            0 kB
Active:          1513116 kB
Inactive:        1595176 kB
Active(anon):    1276592 kB
Inactive(anon):    23948 kB
Active(file):     236524 kB
Inactive(file):  1571228 kB
Unevictable:        5620 kB
Mlocked:            5620 kB
SwapTotal:       3145724 kB
SwapFree:        3145724 kB
Dirty:               736 kB
Writeback:             0 kB
AnonPages:       1275692 kB
Mapped:           862592 kB
Shmem:             25864 kB
KReclaimable:     664220 kB
Slab:             225440 kB
SReclaimable:      77156 kB
SUnreclaim:       148284 kB
KernelStack:       48144 kB
PageTables:        67160 kB
NFS_Unstable:          0 kB
Bounce:                0 kB
WritebackTmp:          0 kB
CommitLimit:     9202292 kB
Committed_AS:   75065116 kB
VmallocTotal:   263061440 kB
VmallocUsed:      105176 kB
VmallocChunk:          0 kB
Percpu:             7552 kB
CmaTotal:         294912 kB
CmaFree:               0 kB
MemTotal:       12113136 kB
MemFree:         6360268 kB
MemAvailable:    7963548 kB
Buffers:            5360 kB
Cached:          1832836 kB
SwapCached:            0 kB
Active:          1513152 kB
Inactive:        1595188 kB
Active(anon):    1276628 kB
Inactive(anon):    23948 kB
Active(file):     236524 kB
Inactive(file):  1571240 kB
Unevictable:        5620 kB
Mlocked:            5620 kB
SwapTotal:       3145724 kB
SwapFree:        3145724 kB
Dirty:               748 kB
Writeback:             0 kB
AnonPages:       1275792 kB
Mapped:           862592 kB
Shmem:             25864 kB
KReclaimable:     664220 kB
Slab:             225448 kB
SReclaimable:      77156 kB
SUnreclaim:       148292 kB
KernelStack:       48096 kB
PageTables:        67024 kB
NFS_Unstable:          0 kB
Bounce:                0 kB
WritebackTmp:          0 kB
CommitLimit:     9202292 kB
Committed_AS:   75069516 kB
VmallocTotal:   263061440 kB
VmallocUsed:      105144 kB
VmallocChunk:          0 kB
Percpu:             7552 kB
CmaTotal:         294912 kB
CmaFree:               4 kB
MemTotal:       12113136 kB
MemFree:         6377640 kB
MemAvailable:    7980936 kB
Buffers:            5360 kB
Cached:          1832852 kB
SwapCached:            0 kB
Active:          1495484 kB
Inactive:        1595204 kB
Active(anon):    1258960 kB
Inactive(anon):    23948 kB
Active(file):     236524 kB
Inactive(file):  1571256 kB
Unevictable:        5620 kB
Mlocked:            5620 kB
SwapTotal:       3145724 kB
SwapFree:        3145724 kB
Dirty:               780 kB
Writeback:             0 kB
AnonPages:       1258140 kB
Mapped:           862592 kB
Shmem:             25864 kB
KReclaimable:     664220 kB
Slab:             225448 kB
SReclaimable:      77156 kB
SUnreclaim:       148292 kB
KernelStack:       48080 kB
PageTables:        67024 kB
NFS_Unstable:          0 kB
Bounce:                0 kB
WritebackTmp:          0 kB
CommitLimit:     9202292 kB
Committed_AS:   75074580 kB
VmallocTotal:   263061440 kB
VmallocUsed:      105128 kB
VmallocChunk:          0 kB
Percpu:             7552 kB
CmaTotal:         294912 kB
CmaFree:               0 kB
MemTotal:       12113136 kB
MemFree:         6375932 kB
MemAvailable:    7979256 kB
Buffers:            5360 kB
Cached:          1832880 kB
SwapCached:            0 kB
Active:          1495928 kB
Inactive:        1595232 kB
Active(anon):    1259404 kB
Inactive(anon):    23948 kB
Active(file):     236524 kB
Inactive(file):  1571284 kB
Unevictable:        5620 kB
Mlocked:            5620 kB
SwapTotal:       3145724 kB
SwapFree:        3145724 kB
Dirty:               812 kB
Writeback:             0 kB
AnonPages:       1258636 kB
Mapped:           862592 kB
Shmem:             25864 kB
KReclaimable:     664220 kB
Slab:             225448 kB
SReclaimable:      77156 kB
SUnreclaim:       148292 kB
KernelStack:       48048 kB
PageTables:        67024 kB
NFS_Unstable:          0 kB
Bounce:                0 kB
WritebackTmp:          0 kB
CommitLimit:     9202292 kB
Committed_AS:   75074308 kB
VmallocTotal:   263061440 kB
VmallocUsed:      105160 kB
VmallocChunk:          0 kB
Percpu:             7552 kB
CmaTotal:         294912 kB
CmaFree:               0 kB
MemTotal:       12113136 kB
MemFree:         6383900 kB
MemAvailable:    7987236 kB
Buffers:            5360 kB
Cached:          1832892 kB
SwapCached:            0 kB
Active:          1487608 kB
Inactive:        1595244 kB
Active(anon):    1251084 kB
Inactive(anon):    23948 kB
Active(file):     236524 kB
Inactive(file):  1571296 kB
Unevictable:        5620 kB
Mlocked:            5620 kB
SwapTotal:       3145724 kB
SwapFree:        3145724 kB
Dirty:               824 kB
Writeback:             0 kB
AnonPages:       1250284 kB
Mapped:           862592 kB
Shmem:             25864 kB
KReclaimable:     664220 kB
Slab:             225448 kB
SReclaimable:      77156 kB
SUnreclaim:       148292 kB
KernelStack:       48048 kB
PageTables:        67028 kB
NFS_Unstable:          0 kB
Bounce:                0 kB
WritebackTmp:          0 kB
CommitLimit:     9202292 kB
Committed_AS:   75074540 kB
VmallocTotal:   263061440 kB
VmallocUsed:      105144 kB
VmallocChunk:          0 kB
Percpu:             7552 kB
CmaTotal:         294912 kB
CmaFree:               0 kB
MemTotal:       12113136 kB
MemFree:         6383824 kB
MemAvailable:    7987176 kB
Buffers:            5360 kB
Cached:          1832908 kB
SwapCached:            0 kB
Active:          1488400 kB
Inactive:        1595260 kB
Active(anon):    1251876 kB
Inactive(anon):    23948 kB
Active(file):     236524 kB
Inactive(file):  1571312 kB
Unevictable:        5620 kB
Mlocked:            5620 kB
SwapTotal:       3145724 kB
SwapFree:        3145724 kB
Dirty:               852 kB
Writeback:             0 kB
AnonPages:       1251044 kB
Mapped:           862592 kB
Shmem:             25864 kB
KReclaimable:     664220 kB
Slab:             225440 kB
SReclaimable:      77156 kB
SUnreclaim:       148284 kB
KernelStack:       48048 kB
PageTables:        67028 kB
NFS_Unstable:          0 kB
Bounce:                0 kB
WritebackTmp:          0 kB
CommitLimit:     9202292 kB
Committed_AS:   75063708 kB
VmallocTotal:   263061440 kB
VmallocUsed:      105112 kB
VmallocChunk:          0 kB
Percpu:             7552 kB
CmaTotal:         294912 kB
CmaFree:               0 kB
MemTotal:       12113136 kB
MemFree:         6382800 kB
MemAvailable:    7986164 kB
Buffers:            5360 kB
Cached:          1832920 kB
SwapCached:            0 kB
Active:          1488740 kB
Inactive:        1595272 kB
Active(anon):    1252216 kB
Inactive(anon):    23948 kB
Active(file):     236524 kB
Inactive(file):  1571324 kB
Unevictable:        5620 kB
Mlocked:            5620 kB
SwapTotal:       3145724 kB
SwapFree:        3145724 kB
Dirty:               864 kB
Writeback:             0 kB
AnonPages:       1251364 kB
Mapped:           862592 kB
Shmem:             25864 kB
KReclaimable:     664220 kB
Slab:             225440 kB
SReclaimable:      77156 kB
SUnreclaim:       148284 kB
KernelStack:       48048 kB
PageTables:        67020 kB
NFS_Unstable:          0 kB
Bounce:                0 kB
WritebackTmp:          0 kB
CommitLimit:     9202292 kB
Committed_AS:   75068828 kB
VmallocTotal:   263061440 kB
VmallocUsed:      105096 kB
VmallocChunk:          0 kB
Percpu:             7552 kB
CmaTotal:         294912 kB
CmaFree:             388 kB
MemTotal:       12113136 kB
MemFree:         6382500 kB
MemAvailable:    7985880 kB
Buffers:            5360 kB
Cached:          1832936 kB
SwapCached:            0 kB
Active:          1489244 kB
Inactive:        1595284 kB
Active(anon):    1252716 kB
Inactive(anon):    23948 kB
Active(file):     236528 kB
Inactive(file):  1571336 kB
Unevictable:        5620 kB
Mlocked:            5620 kB
SwapTotal:       3145724 kB
SwapFree:        3145724 kB
Dirty:               876 kB
Writeback:             0 kB
AnonPages:       1252064 kB
Mapped:           862584 kB
Shmem:             25864 kB
KReclaimable:     664220 kB
Slab:             225440 kB
SReclaimable:      77156 kB
SUnreclaim:       148284 kB
KernelStack:       48000 kB
PageTables:        67036 kB
NFS_Unstable:          0 kB
Bounce:                0 kB
WritebackTmp:          0 kB
CommitLimit:     9202292 kB
Committed_AS:   75059608 kB
VmallocTotal:   263061440 kB
VmallocUsed:      105080 kB
VmallocChunk:          0 kB
Percpu:             7552 kB
CmaTotal:         294912 kB
CmaFree:              40 kB
MemTotal:       12113136 kB
MemFree:         6383596 kB
MemAvailable:    7986988 kB
Buffers:            5360 kB
Cached:          1832952 kB
SwapCached:            0 kB
Active:          1488480 kB
Inactive:        1595304 kB
Active(anon):    1251956 kB
Inactive(anon):    23952 kB
Active(file):     236524 kB
Inactive(file):  1571352 kB
Unevictable:        5620 kB
Mlocked:            5620 kB
SwapTotal:       3145724 kB
SwapFree:        3145724 kB
Dirty:               904 kB
Writeback:             0 kB
AnonPages:       1251416 kB
Mapped:           862596 kB
Shmem:             25868 kB
KReclaimable:     664220 kB
Slab:             225440 kB
SReclaimable:      77156 kB
SUnreclaim:       148284 kB
KernelStack:       48016 kB
PageTables:        67016 kB
NFS_Unstable:          0 kB
Bounce:                0 kB
WritebackTmp:          0 kB
CommitLimit:     9202292 kB
Committed_AS:   75064328 kB
VmallocTotal:   263061440 kB
VmallocUsed:      105064 kB
VmallocChunk:          0 kB
Percpu:             7552 kB
CmaTotal:         294912 kB
CmaFree:              64 kB
MemTotal:       12113136 kB
MemFree:         6384680 kB
MemAvailable:    7988104 kB
Buffers:            5364 kB
Cached:          1832984 kB
SwapCached:            0 kB
Active:          1488752 kB
Inactive:        1595336 kB
Active(anon):    1252224 kB
Inactive(anon):    23956 kB
Active(file):     236528 kB
Inactive(file):  1571380 kB
Unevictable:        5620 kB
Mlocked:            5620 kB
SwapTotal:       3145724 kB
SwapFree:        3145724 kB
Dirty:               884 kB
Writeback:             0 kB
AnonPages:       1251040 kB
Mapped:           862600 kB
Shmem:             25872 kB
KReclaimable:     664220 kB
Slab:             225440 kB
SReclaimable:      77156 kB
SUnreclaim:       148284 kB
KernelStack:       48016 kB
PageTables:        67012 kB
NFS_Unstable:          0 kB
Bounce:                0 kB
WritebackTmp:          0 kB
CommitLimit:     9202292 kB
Committed_AS:   75059428 kB
VmallocTotal:   263061440 kB
VmallocUsed:      105048 kB
VmallocChunk:          0 kB
Percpu:             7552 kB
CmaTotal:         294912 kB
CmaFree:              32 kB
MemTotal:       12113136 kB
MemFree:         6383684 kB
MemAvailable:    7987116 kB
Buffers:            5364 kB
Cached:          1832992 kB
SwapCached:            0 kB
Active:          1489460 kB
Inactive:        1595348 kB
Active(anon):    1252936 kB
Inactive(anon):    23956 kB
Active(file):     236524 kB
Inactive(file):  1571392 kB
Unevictable:        5620 kB
Mlocked:            5620 kB
SwapTotal:       3145724 kB
SwapFree:        3145724 kB
Dirty:               892 kB
Writeback:             0 kB
AnonPages:       1252000 kB
Mapped:           862600 kB
Shmem:             25872 kB
KReclaimable:     664220 kB
Slab:             225440 kB
SReclaimable:      77156 kB
SUnreclaim:       148284 kB
KernelStack:       48032 kB
PageTables:        67108 kB
NFS_Unstable:          0 kB
Bounce:                0 kB
WritebackTmp:          0 kB
CommitLimit:     9202292 kB
Committed_AS:   75068628 kB
VmallocTotal:   263061440 kB
VmallocUsed:      105048 kB
VmallocChunk:          0 kB
Percpu:             7552 kB
CmaTotal:         294912 kB
CmaFree:               0 kB
MemTotal:       12113136 kB
MemFree:         6384028 kB
MemAvailable:    7987476 kB
Buffers:            5364 kB
Cached:          1833012 kB
SwapCached:            0 kB
Active:          1489112 kB
Inactive:        1595364 kB
Active(anon):    1252584 kB
Inactive(anon):    23960 kB
Active(file):     236528 kB
Inactive(file):  1571404 kB
Unevictable:        5620 kB
Mlocked:            5620 kB
SwapTotal:       3145724 kB
SwapFree:        3145724 kB
Dirty:               920 kB
Writeback:             0 kB
AnonPages:       1251500 kB
Mapped:           862604 kB
Shmem:             25876 kB
KReclaimable:     664220 kB
Slab:             225448 kB
SReclaimable:      77156 kB
SUnreclaim:       148292 kB
KernelStack:       48000 kB
PageTables:        67008 kB
NFS_Unstable:          0 kB
Bounce:                0 kB
WritebackTmp:          0 kB
CommitLimit:     9202292 kB
Committed_AS:   75069732 kB
VmallocTotal:   263061440 kB
VmallocUsed:      105032 kB
VmallocChunk:          0 kB
Percpu:             7552 kB
CmaTotal:         294912 kB
CmaFree:               0 kB
MemTotal:       12113136 kB
MemFree:         6395148 kB
MemAvailable:    7998604 kB
Buffers:            5364 kB
Cached:          1833020 kB
SwapCached:            0 kB
Active:          1476528 kB
Inactive:        1595372 kB
Active(anon):    1240000 kB
Inactive(anon):    23960 kB
Active(file):     236528 kB
Inactive(file):  1571412 kB
Unevictable:        5620 kB
Mlocked:            5620 kB
SwapTotal:       3145724 kB
SwapFree:        3145724 kB
Dirty:               928 kB
Writeback:             0 kB
AnonPages:       1239268 kB
Mapped:           862604 kB
Shmem:             25876 kB
KReclaimable:     664220 kB
Slab:             225440 kB
SReclaimable:      77156 kB
SUnreclaim:       148284 kB
KernelStack:       48000 kB
PageTables:        67008 kB
NFS_Unstable:          0 kB
Bounce:                0 kB
WritebackTmp:          0 kB
CommitLimit:     9202292 kB
Committed_AS:   75069340 kB
VmallocTotal:   263061440 kB
VmallocUsed:      105064 kB
VmallocChunk:          0 kB
Percpu:             7552 kB
CmaTotal:         294912 kB
CmaFree:             240 kB
MemTotal:       12113136 kB
MemFree:         6395208 kB
MemAvailable:    7998672 kB
Buffers:            5364 kB
Cached:          1833028 kB
SwapCached:            0 kB
Active:          1477316 kB
Inactive:        1595380 kB
Active(anon):    1240788 kB
Inactive(anon):    23960 kB
Active(file):     236528 kB
Inactive(file):  1571420 kB
Unevictable:        5620 kB
Mlocked:            5620 kB
SwapTotal:       3145724 kB
SwapFree:        3145724 kB
Dirty:               936 kB
Writeback:             0 kB
AnonPages:       1240024 kB
Mapped:           862604 kB
Shmem:             25876 kB
KReclaimable:     664220 kB
Slab:             225448 kB
SReclaimable:      77156 kB
SUnreclaim:       148292 kB
KernelStack:       48000 kB
PageTables:        67024 kB
NFS_Unstable:          0 kB
Bounce:                0 kB
WritebackTmp:          0 kB
CommitLimit:     9202292 kB
Committed_AS:   75073696 kB
VmallocTotal:   263061440 kB
VmallocUsed:      105048 kB
VmallocChunk:          0 kB
Percpu:             7552 kB
CmaTotal:         294912 kB
CmaFree:               0 kB
MemTotal:       12113136 kB
MemFree:         6394708 kB
MemAvailable:    7998188 kB
Buffers:            5364 kB
Cached:          1833044 kB
SwapCached:            0 kB
Active:          1477896 kB
Inactive:        1595396 kB
Active(anon):    1241368 kB
Inactive(anon):    23960 kB
Active(file):     236528 kB
Inactive(file):  1571436 kB
Unevictable:        5620 kB
Mlocked:            5620 kB
SwapTotal:       3145724 kB
SwapFree:        3145724 kB
Dirty:               444 kB
Writeback:             0 kB
AnonPages:       1240600 kB
Mapped:           862604 kB
Shmem:             25876 kB
KReclaimable:     664220 kB
Slab:             225440 kB
SReclaimable:      77156 kB
SUnreclaim:       148284 kB
KernelStack:       48000 kB
PageTables:        67016 kB
NFS_Unstable:          0 kB
Bounce:                0 kB
WritebackTmp:          0 kB
CommitLimit:     9202292 kB
Committed_AS:   75073788 kB
VmallocTotal:   263061440 kB
VmallocUsed:      105048 kB
VmallocChunk:          0 kB
Percpu:             7552 kB
CmaTotal:         294912 kB
CmaFree:               0 kB
MemTotal:       12113136 kB
MemFree:         6394456 kB
MemAvailable:    7997944 kB
Buffers:            5364 kB
Cached:          1833052 kB
SwapCached:            0 kB
Active:          1478276 kB
Inactive:        1595404 kB
Active(anon):    1241748 kB
Inactive(anon):    23960 kB
Active(file):     236528 kB
Inactive(file):  1571444 kB
Unevictable:        5620 kB
Mlocked:            5620 kB
SwapTotal:       3145724 kB
SwapFree:        3145724 kB
Dirty:               312 kB
Writeback:             0 kB
AnonPages:       1240976 kB
Mapped:           862604 kB
Shmem:             25876 kB
KReclaimable:     664220 kB
Slab:             225460 kB
SReclaimable:      77156 kB
SUnreclaim:       148304 kB
KernelStack:       47984 kB
PageTables:        66972 kB
NFS_Unstable:          0 kB
Bounce:                0 kB
WritebackTmp:          0 kB
CommitLimit:     9202292 kB
Committed_AS:   75068592 kB
VmallocTotal:   263061440 kB
VmallocUsed:      105048 kB
VmallocChunk:          0 kB
Percpu:             7552 kB
CmaTotal:         294912 kB
CmaFree:               0 kB
MemTotal:       12113136 kB
MemFree:         6394176 kB
MemAvailable:    7997680 kB
Buffers:            5364 kB
Cached:          1833068 kB
SwapCached:            0 kB
Active:          1478836 kB
Inactive:        1595420 kB
Active(anon):    1242308 kB
Inactive(anon):    23960 kB
Active(file):     236528 kB
Inactive(file):  1571460 kB
Unevictable:        5620 kB
Mlocked:            5620 kB
SwapTotal:       3145724 kB
SwapFree:        3145724 kB
Dirty:               340 kB
Writeback:             0 kB
AnonPages:       1241392 kB
Mapped:           862604 kB
Shmem:             25876 kB
KReclaimable:     664220 kB
Slab:             225452 kB
SReclaimable:      77156 kB
SUnreclaim:       148296 kB
KernelStack:       48000 kB
PageTables:        67008 kB
NFS_Unstable:          0 kB
Bounce:                0 kB
WritebackTmp:          0 kB
CommitLimit:     9202292 kB
Committed_AS:   75068716 kB
VmallocTotal:   263061440 kB
VmallocUsed:      105048 kB
VmallocChunk:          0 kB
Percpu:             7552 kB
CmaTotal:         294912 kB
CmaFree:               0 kB
MemTotal:       12113136 kB
MemFree:         6392928 kB
MemAvailable:    7996444 kB
Buffers:            5364 kB
Cached:          1833080 kB
SwapCached:            0 kB
Active:          1479772 kB
Inactive:        1595432 kB
Active(anon):    1243244 kB
Inactive(anon):    23960 kB
Active(file):     236528 kB
Inactive(file):  1571472 kB
Unevictable:        5620 kB
Mlocked:            5620 kB
SwapTotal:       3145724 kB
SwapFree:        3145724 kB
Dirty:               388 kB
Writeback:             0 kB
AnonPages:       1242440 kB
Mapped:           862604 kB
Shmem:             25876 kB
KReclaimable:     664220 kB
Slab:             225460 kB
SReclaimable:      77156 kB
SUnreclaim:       148304 kB
KernelStack:       47968 kB
PageTables:        66968 kB
NFS_Unstable:          0 kB
Bounce:                0 kB
WritebackTmp:          0 kB
CommitLimit:     9202292 kB
Committed_AS:   75069012 kB
VmallocTotal:   263061440 kB
VmallocUsed:      105064 kB
VmallocChunk:          0 kB
Percpu:             7552 kB
CmaTotal:         294912 kB
CmaFree:               0 kB
MemTotal:       12113136 kB
MemFree:         6391488 kB
MemAvailable:    7995028 kB
Buffers:            5364 kB
Cached:          1833104 kB
SwapCached:            0 kB
Active:          1480548 kB
Inactive:        1595456 kB
Active(anon):    1244020 kB
Inactive(anon):    23960 kB
Active(file):     236528 kB
Inactive(file):  1571496 kB
Unevictable:        5620 kB
Mlocked:            5620 kB
SwapTotal:       3145724 kB
SwapFree:        3145724 kB
Dirty:               424 kB
Writeback:             0 kB
AnonPages:       1243276 kB
Mapped:           862604 kB
Shmem:             25876 kB
KReclaimable:     664220 kB
Slab:             225460 kB
SReclaimable:      77156 kB
SUnreclaim:       148304 kB
KernelStack:       47984 kB
PageTables:        67024 kB
NFS_Unstable:          0 kB
Bounce:                0 kB
WritebackTmp:          0 kB
CommitLimit:     9202292 kB
Committed_AS:   75079776 kB
VmallocTotal:   263061440 kB
VmallocUsed:      105032 kB
VmallocChunk:          0 kB
Percpu:             7552 kB
CmaTotal:         294912 kB
CmaFree:               0 kB
MemTotal:       12113136 kB
MemFree:         6367156 kB
MemAvailable:    7970708 kB
Buffers:            5364 kB
Cached:          1842044 kB
SwapCached:            0 kB
Active:          1499048 kB
Inactive:        1604392 kB
Active(anon):    1262520 kB
Inactive(anon):    32884 kB
Active(file):     236528 kB
Inactive(file):  1571508 kB
Unevictable:        5620 kB
Mlocked:            5620 kB
SwapTotal:       3145724 kB
SwapFree:        3145724 kB
Dirty:               436 kB
Writeback:             0 kB
AnonPages:       1261716 kB
Mapped:           871528 kB
Shmem:             34804 kB
KReclaimable:     664220 kB
Slab:             225452 kB
SReclaimable:      77156 kB
SUnreclaim:       148296 kB
KernelStack:       48000 kB
PageTables:        67036 kB
NFS_Unstable:          0 kB
Bounce:                0 kB
WritebackTmp:          0 kB
CommitLimit:     9202292 kB
Committed_AS:   75088420 kB
VmallocTotal:   263061440 kB
VmallocUsed:      105064 kB
VmallocChunk:          0 kB
Percpu:             7552 kB
CmaTotal:         294912 kB
CmaFree:             116 kB
MemTotal:       12113136 kB
MemFree:         6370656 kB
MemAvailable:    7974224 kB
Buffers:            5364 kB
Cached:          1833136 kB
SwapCached:            0 kB
Active:          1501708 kB
Inactive:        1595488 kB
Active(anon):    1265180 kB
Inactive(anon):    23964 kB
Active(file):     236528 kB
Inactive(file):  1571524 kB
Unevictable:        5620 kB
Mlocked:            5620 kB
SwapTotal:       3145724 kB
SwapFree:        3145724 kB
Dirty:               472 kB
Writeback:             0 kB
AnonPages:       1264464 kB
Mapped:           862608 kB
Shmem:             25880 kB
KReclaimable:     664220 kB
Slab:             225452 kB
SReclaimable:      77156 kB
SUnreclaim:       148296 kB
KernelStack:       48000 kB
PageTables:        67012 kB
NFS_Unstable:          0 kB
Bounce:                0 kB
WritebackTmp:          0 kB
CommitLimit:     9202292 kB
Committed_AS:   75079672 kB
VmallocTotal:   263061440 kB
VmallocUsed:      105064 kB
VmallocChunk:          0 kB
Percpu:             7552 kB
CmaTotal:         294912 kB
CmaFree:             300 kB
MemTotal:       12113136 kB
MemFree:         6370932 kB
MemAvailable:    7974536 kB
Buffers:            5364 kB
Cached:          1833172 kB
SwapCached:            0 kB
Active:          1501804 kB
Inactive:        1595520 kB
Active(anon):    1265272 kB
Inactive(anon):    23964 kB
Active(file):     236532 kB
Inactive(file):  1571556 kB
Unevictable:        5620 kB
Mlocked:            5620 kB
SwapTotal:       3145724 kB
SwapFree:        3145724 kB
Dirty:               484 kB
Writeback:             0 kB
AnonPages:       1264212 kB
Mapped:           862608 kB
Shmem:             25880 kB
KReclaimable:     664220 kB
Slab:             225452 kB
SReclaimable:      77156 kB
SUnreclaim:       148296 kB
KernelStack:       48000 kB
PageTables:        67024 kB
NFS_Unstable:          0 kB
Bounce:                0 kB
WritebackTmp:          0 kB
CommitLimit:     9202292 kB
Committed_AS:   75079544 kB
VmallocTotal:   263061440 kB
VmallocUsed:      105048 kB
VmallocChunk:          0 kB
Percpu:             7552 kB
CmaTotal:         294912 kB
CmaFree:             260 kB
MemTotal:       12113136 kB
MemFree:         6370868 kB
MemAvailable:    7974456 kB
Buffers:            5364 kB
Cached:          1833160 kB
SwapCached:            0 kB
Active:          1502520 kB
Inactive:        1595512 kB
Active(anon):    1265992 kB
Inactive(anon):    23968 kB
Active(file):     236528 kB
Inactive(file):  1571544 kB
Unevictable:        5620 kB
Mlocked:            5620 kB
SwapTotal:       3145724 kB
SwapFree:        3145724 kB
Dirty:               496 kB
Writeback:             0 kB
AnonPages:       1264976 kB
Mapped:           862612 kB
Shmem:             25884 kB
KReclaimable:     664220 kB
Slab:             225460 kB
SReclaimable:      77156 kB
SUnreclaim:       148304 kB
KernelStack:       48000 kB
PageTables:        67056 kB
NFS_Unstable:          0 kB
Bounce:                0 kB
WritebackTmp:          0 kB
CommitLimit:     9202292 kB
Committed_AS:   75068908 kB
VmallocTotal:   263061440 kB
VmallocUsed:      105048 kB
VmallocChunk:          0 kB
Percpu:             7552 kB
CmaTotal:         294912 kB
CmaFree:               0 kB
MemTotal:       12113136 kB
MemFree:         6370000 kB
MemAvailable:    7973600 kB
Buffers:            5364 kB
Cached:          1833172 kB
SwapCached:            0 kB
Active:          1502872 kB
Inactive:        1595524 kB
Active(anon):    1266344 kB
Inactive(anon):    23968 kB
Active(file):     236528 kB
Inactive(file):  1571556 kB
Unevictable:        5620 kB
Mlocked:            5620 kB
SwapTotal:       3145724 kB
SwapFree:        3145724 kB
Dirty:               520 kB
Writeback:             0 kB
AnonPages:       1265800 kB
Mapped:           862612 kB
Shmem:             25884 kB
KReclaimable:     664220 kB
Slab:             225460 kB
SReclaimable:      77156 kB
SUnreclaim:       148304 kB
KernelStack:       48048 kB
PageTables:        67128 kB
NFS_Unstable:          0 kB
Bounce:                0 kB
WritebackTmp:          0 kB
CommitLimit:     9202292 kB
Committed_AS:   75075872 kB
VmallocTotal:   263061440 kB
VmallocUsed:      105032 kB
VmallocChunk:          0 kB
Percpu:             7552 kB
CmaTotal:         294912 kB
CmaFree:               0 kB
MemTotal:       12113136 kB
MemFree:         6369072 kB
MemAvailable:    7972704 kB
Buffers:            5368 kB
Cached:          1833204 kB
SwapCached:            0 kB
Active:          1503376 kB
Inactive:        1595556 kB
Active(anon):    1266844 kB
Inactive(anon):    23972 kB
Active(file):     236532 kB
Inactive(file):  1571584 kB
Unevictable:        5620 kB
Mlocked:            5620 kB
SwapTotal:       3145724 kB
SwapFree:        3145724 kB
Dirty:               508 kB
Writeback:             0 kB
AnonPages:       1266072 kB
Mapped:           862616 kB
Shmem:             25888 kB
KReclaimable:     664220 kB
Slab:             225460 kB
SReclaimable:      77156 kB
SUnreclaim:       148304 kB
KernelStack:       48000 kB
PageTables:        67020 kB
NFS_Unstable:          0 kB
Bounce:                0 kB
WritebackTmp:          0 kB
CommitLimit:     9202292 kB
Committed_AS:   75074640 kB
VmallocTotal:   263061440 kB
VmallocUsed:      105064 kB
VmallocChunk:          0 kB
Percpu:             7552 kB
CmaTotal:         294912 kB
CmaFree:               0 kB
MemTotal:       12113136 kB
MemFree:         6368804 kB
MemAvailable:    7972440 kB
Buffers:            5368 kB
Cached:          1833208 kB
SwapCached:            0 kB
Active:          1503872 kB
Inactive:        1595560 kB
Active(anon):    1267340 kB
Inactive(anon):    23972 kB
Active(file):     236532 kB
Inactive(file):  1571588 kB
Unevictable:        5620 kB
Mlocked:            5620 kB
SwapTotal:       3145724 kB
SwapFree:        3145724 kB
Dirty:               516 kB
Writeback:             0 kB
AnonPages:       1266552 kB
Mapped:           862616 kB
Shmem:             25888 kB
KReclaimable:     664220 kB
Slab:             225452 kB
SReclaimable:      77156 kB
SUnreclaim:       148296 kB
KernelStack:       48000 kB
PageTables:        67016 kB
NFS_Unstable:          0 kB
Bounce:                0 kB
WritebackTmp:          0 kB
CommitLimit:     9202292 kB
Committed_AS:   75074508 kB
VmallocTotal:   263061440 kB
VmallocUsed:      105080 kB
VmallocChunk:          0 kB
Percpu:             7552 kB
CmaTotal:         294912 kB
CmaFree:               0 kB
MemTotal:       12113136 kB
MemFree:         6368352 kB
MemAvailable:    7972004 kB
Buffers:            5368 kB
Cached:          1833228 kB
SwapCached:            0 kB
Active:          1504712 kB
Inactive:        1595580 kB
Active(anon):    1268180 kB
Inactive(anon):    23976 kB
Active(file):     236532 kB
Inactive(file):  1571604 kB
Unevictable:        5620 kB
Mlocked:            5620 kB
SwapTotal:       3145724 kB
SwapFree:        3145724 kB
Dirty:               548 kB
Writeback:             0 kB
AnonPages:       1267392 kB
Mapped:           862620 kB
Shmem:             25892 kB
KReclaimable:     664220 kB
Slab:             225460 kB
SReclaimable:      77156 kB
SUnreclaim:       148304 kB
KernelStack:       48000 kB
PageTables:        67020 kB
NFS_Unstable:          0 kB
Bounce:                0 kB
WritebackTmp:          0 kB
CommitLimit:     9202292 kB
Committed_AS:   75074980 kB
VmallocTotal:   263061440 kB
VmallocUsed:      105064 kB
