MemTotal:        5980404 kB
MemFree:         1256228 kB
MemAvailable:    2830012 kB
Buffers:            4808 kB
Cached:          1580804 kB
SwapCached:            0 kB
Active:          1250364 kB
Inactive:        1405040 kB
Active(anon):    1076164 kB
Inactive(anon):    17656 kB
Active(file):     174200 kB
Inactive(file):  1387384 kB
Unevictable:        5428 kB
Mlocked:            5428 kB
SwapTotal:       3670008 kB
SwapFree:        3670008 kB
Dirty:               364 kB
Writeback:             0 kB
AnonPages:       1074788 kB
Mapped:           806800 kB
Shmem:             19640 kB
KReclaimable:     574632 kB
Slab:             222852 kB
SReclaimable:      67556 kB
SUnreclaim:       155296 kB
KernelStack:       47448 kB
PageTables:        59604 kB
NFS_Unstable:          0 kB
Bounce:                0 kB
WritebackTmp:          0 kB
CommitLimit:     6660208 kB
Committed_AS:   70996212 kB
VmallocTotal:   263061440 kB
VmallocUsed:       87884 kB
VmallocChunk:          0 kB
Percpu:             7616 kB
CmaTotal:         315392 kB
CmaFree:              28 kB
MemTotal:        5980404 kB
MemFree:         1239340 kB
MemAvailable:    2817980 kB
Buffers:            4816 kB
Cached:          1585620 kB
SwapCached:            0 kB
Active:          1263052 kB
Inactive:        1409768 kB
Active(anon):    1088756 kB
Inactive(anon):    17660 kB
Active(file):     174296 kB
Inactive(file):  1392108 kB
Unevictable:        5428 kB
Mlocked:            5428 kB
SwapTotal:       3670008 kB
SwapFree:        3670008 kB
Dirty:               364 kB
Writeback:             0 kB
AnonPages:       1087792 kB
Mapped:           810240 kB
Shmem:             19644 kB
KReclaimable:     574796 kB
Slab:             223528 kB
SReclaimable:      67720 kB
SUnreclaim:       155808 kB
KernelStack:       47616 kB
PageTables:        60204 kB
NFS_Unstable:          0 kB
Bounce:                0 kB
WritebackTmp:          0 kB
CommitLimit:     6660208 kB
Committed_AS:   71026328 kB
VmallocTotal:   263061440 kB
VmallocUsed:       88060 kB
VmallocChunk:          0 kB
Percpu:             7616 kB
CmaTotal:         315392 kB
CmaFree:               0 kB
MemTotal:        5980404 kB
MemFree:         1237068 kB
MemAvailable:    2815868 kB
Buffers:            4816 kB
Cached:          1585656 kB
SwapCached:            0 kB
Active:          1264444 kB
Inactive:        1409800 kB
Active(anon):    1090144 kB
Inactive(anon):    17688 kB
Active(file):     174300 kB
Inactive(file):  1392112 kB
Unevictable:        5428 kB
Mlocked:            5428 kB
SwapTotal:       3670008 kB
SwapFree:        3670008 kB
Dirty:               364 kB
Writeback:             4 kB
AnonPages:       1089276 kB
Mapped:           810356 kB
Shmem:             19672 kB
KReclaimable:     574820 kB
Slab:             223612 kB
SReclaimable:      67744 kB
SUnreclaim:       155868 kB
KernelStack:       47744 kB
PageTables:        60324 kB
NFS_Unstable:          0 kB
Bounce:                0 kB
WritebackTmp:          0 kB
CommitLimit:     6660208 kB
Committed_AS:   71025652 kB
VmallocTotal:   263061440 kB
VmallocUsed:       88060 kB
VmallocChunk:          0 kB
Percpu:             7616 kB
CmaTotal:         315392 kB
CmaFree:               0 kB
MemTotal:        5980404 kB
MemFree:         1235900 kB
MemAvailable:    2814700 kB
Buffers:            4816 kB
Cached:          1585648 kB
SwapCached:            0 kB
Active:          1264792 kB
Inactive:        1409788 kB
Active(anon):    1090488 kB
Inactive(anon):    17688 kB
Active(file):     174304 kB
Inactive(file):  1392100 kB
Unevictable:        5428 kB
Mlocked:            5428 kB
SwapTotal:       3670008 kB
SwapFree:        3670008 kB
Dirty:               360 kB
Writeback:             0 kB
AnonPages:       1089432 kB
Mapped:           810392 kB
Shmem:             19672 kB
KReclaimable:     574828 kB
Slab:             223576 kB
SReclaimable:      67752 kB
SUnreclaim:       155824 kB
KernelStack:       47680 kB
PageTables:        60156 kB
NFS_Unstable:          0 kB
Bounce:                0 kB
WritebackTmp:          0 kB
CommitLimit:     6660208 kB
Committed_AS:   71029072 kB
VmallocTotal:   263061440 kB
VmallocUsed:       88060 kB
VmallocChunk:          0 kB
Percpu:             7616 kB
CmaTotal:         315392 kB
CmaFree:              24 kB
MemTotal:        5980404 kB
MemFree:         1236264 kB
MemAvailable:    2815064 kB
Buffers:            4816 kB
Cached:          1585648 kB
SwapCached:            0 kB
Active:          1265180 kB
Inactive:        1409788 kB
Active(anon):    1090876 kB
Inactive(anon):    17688 kB
Active(file):     174304 kB
Inactive(file):  1392100 kB
Unevictable:        5428 kB
Mlocked:            5428 kB
SwapTotal:       3670008 kB
SwapFree:        3670008 kB
Dirty:               360 kB
Writeback:             0 kB
AnonPages:       1089984 kB
Mapped:           810228 kB
Shmem:             19672 kB
KReclaimable:     574828 kB
Slab:             223568 kB
SReclaimable:      67752 kB
SUnreclaim:       155816 kB
KernelStack:       47712 kB
PageTables:        60184 kB
NFS_Unstable:          0 kB
Bounce:                0 kB
WritebackTmp:          0 kB
CommitLimit:     6660208 kB
Committed_AS:   71028808 kB
VmallocTotal:   263061440 kB
VmallocUsed:       88060 kB
VmallocChunk:          0 kB
Percpu:             7616 kB
CmaTotal:         315392 kB
CmaFree:               0 kB
MemTotal:        5980404 kB
MemFree:         1235796 kB
MemAvailable:    2814596 kB
Buffers:            4816 kB
Cached:          1585648 kB
SwapCached:            0 kB
Active:          1265636 kB
Inactive:        1409784 kB
Active(anon):    1091328 kB
Inactive(anon):    17688 kB
Active(file):     174308 kB
Inactive(file):  1392096 kB
Unevictable:        5428 kB
Mlocked:            5428 kB
SwapTotal:       3670008 kB
SwapFree:        3670008 kB
Dirty:               364 kB
Writeback:             0 kB
AnonPages:       1090560 kB
Mapped:           810392 kB
Shmem:             19672 kB
KReclaimable:     574828 kB
Slab:             223576 kB
SReclaimable:      67752 kB
SUnreclaim:       155824 kB
KernelStack:       47696 kB
PageTables:        60280 kB
NFS_Unstable:          0 kB
Bounce:                0 kB
WritebackTmp:          0 kB
CommitLimit:     6660208 kB
Committed_AS:   71032288 kB
VmallocTotal:   263061440 kB
VmallocUsed:       88076 kB
VmallocChunk:          0 kB
Percpu:             7616 kB
CmaTotal:         315392 kB
CmaFree:               0 kB
MemTotal:        5980404 kB
MemFree:         1235128 kB
MemAvailable:    2813944 kB
Buffers:            4816 kB
Cached:          1585648 kB
SwapCached:            0 kB
Active:          1265916 kB
Inactive:        1409780 kB
Active(anon):    1091604 kB
Inactive(anon):    17688 kB
Active(file):     174312 kB
Inactive(file):  1392092 kB
Unevictable:        5428 kB
Mlocked:            5428 kB
SwapTotal:       3670008 kB
SwapFree:        3670008 kB
Dirty:               364 kB
Writeback:             0 kB
AnonPages:       1090700 kB
Mapped:           810320 kB
Shmem:             19672 kB
KReclaimable:     574844 kB
Slab:             223588 kB
SReclaimable:      67768 kB
SUnreclaim:       155820 kB
KernelStack:       47680 kB
PageTables:        60188 kB
NFS_Unstable:          0 kB
Bounce:                0 kB
WritebackTmp:          0 kB
CommitLimit:     6660208 kB
Committed_AS:   71030612 kB
VmallocTotal:   263061440 kB
VmallocUsed:       88092 kB
VmallocChunk:          0 kB
Percpu:             7616 kB
CmaTotal:         315392 kB
CmaFree:               0 kB
MemTotal:        5980404 kB
MemFree:         1234400 kB
MemAvailable:    2813200 kB
Buffers:            4816 kB
Cached:          1585660 kB
SwapCached:            0 kB
Active:          1266252 kB
Inactive:        1409788 kB
Active(anon):    1091936 kB
Inactive(anon):    17700 kB
Active(file):     174316 kB
Inactive(file):  1392088 kB
Unevictable:        5428 kB
Mlocked:            5428 kB
SwapTotal:       3670008 kB
SwapFree:        3670008 kB
Dirty:               364 kB
Writeback:             0 kB
AnonPages:       1090920 kB
Mapped:           810364 kB
Shmem:             19684 kB
KReclaimable:     574828 kB
Slab:             223576 kB
SReclaimable:      67752 kB
SUnreclaim:       155824 kB
KernelStack:       47668 kB
PageTables:        60364 kB
NFS_Unstable:          0 kB
Bounce:                0 kB
WritebackTmp:          0 kB
CommitLimit:     6660208 kB
Committed_AS:   71031012 kB
VmallocTotal:   263061440 kB
VmallocUsed:       88092 kB
VmallocChunk:          0 kB
Percpu:             7616 kB
CmaTotal:         315392 kB
CmaFree:               0 kB
MemTotal:        5980404 kB
MemFree:         1234180 kB
MemAvailable:    2813008 kB
Buffers:            4816 kB
Cached:          1585684 kB
SwapCached:            0 kB
Active:          1266944 kB
Inactive:        1409808 kB
Active(anon):    1092624 kB
Inactive(anon):    17704 kB
Active(file):     174320 kB
Inactive(file):  1392104 kB
Unevictable:        5428 kB
Mlocked:            5428 kB
SwapTotal:       3670008 kB
SwapFree:        3670008 kB
Dirty:               388 kB
Writeback:             0 kB
AnonPages:       1091404 kB
Mapped:           810516 kB
Shmem:             19688 kB
KReclaimable:     574836 kB
Slab:             223596 kB
SReclaimable:      67760 kB
SUnreclaim:       155836 kB
KernelStack:       47636 kB
PageTables:        60328 kB
NFS_Unstable:          0 kB
Bounce:                0 kB
WritebackTmp:          0 kB
CommitLimit:     6660208 kB
Committed_AS:   71028692 kB
VmallocTotal:   263061440 kB
VmallocUsed:       88060 kB
VmallocChunk:          0 kB
Percpu:             7616 kB
CmaTotal:         315392 kB
CmaFree:               0 kB
MemTotal:        5980404 kB
MemFree:         1234656 kB
MemAvailable:    2813476 kB
Buffers:            4816 kB
Cached:          1585676 kB
SwapCached:            0 kB
Active:          1266696 kB
Inactive:        1409804 kB
Active(anon):    1092380 kB
Inactive(anon):    17704 kB
Active(file):     174316 kB
Inactive(file):  1392100 kB
Unevictable:        5428 kB
Mlocked:            5428 kB
SwapTotal:       3670008 kB
SwapFree:        3670008 kB
Dirty:               380 kB
Writeback:             0 kB
AnonPages:       1091508 kB
Mapped:           810492 kB
Shmem:             19688 kB
KReclaimable:     574836 kB
Slab:             223592 kB
SReclaimable:      67760 kB
SUnreclaim:       155832 kB
KernelStack:       47632 kB
PageTables:        60616 kB
NFS_Unstable:          0 kB
Bounce:                0 kB
WritebackTmp:          0 kB
CommitLimit:     6660208 kB
Committed_AS:   71028388 kB
VmallocTotal:   263061440 kB
VmallocUsed:       88044 kB
VmallocChunk:          0 kB
Percpu:             7616 kB
CmaTotal:         315392 kB
CmaFree:              56 kB
MemTotal:        5980404 kB
MemFree:         1233632 kB
MemAvailable:    2812452 kB
Buffers:            4816 kB
Cached:          1585684 kB
SwapCached:            0 kB
Active:          1267300 kB
Inactive:        1409812 kB
Active(anon):    1092984 kB
Inactive(anon):    17712 kB
Active(file):     174316 kB
Inactive(file):  1392100 kB
Unevictable:        5428 kB
Mlocked:            5428 kB
SwapTotal:       3670008 kB
SwapFree:        3670008 kB
Dirty:               384 kB
Writeback:             0 kB
AnonPages:       1092080 kB
Mapped:           810416 kB
Shmem:             19696 kB
KReclaimable:     574836 kB
Slab:             223612 kB
SReclaimable:      67760 kB
SUnreclaim:       155852 kB
KernelStack:       47584 kB
PageTables:        60164 kB
NFS_Unstable:          0 kB
Bounce:                0 kB
WritebackTmp:          0 kB
CommitLimit:     6660208 kB
Committed_AS:   71028328 kB
VmallocTotal:   263061440 kB
VmallocUsed:       88012 kB
VmallocChunk:          0 kB
Percpu:             7616 kB
CmaTotal:         315392 kB
CmaFree:               0 kB
MemTotal:        5980404 kB
MemFree:         1233236 kB
MemAvailable:    2812056 kB
Buffers:            4816 kB
Cached:          1585684 kB
SwapCached:            0 kB
Active:          1267304 kB
Inactive:        1409812 kB
Active(anon):    1092988 kB
Inactive(anon):    17712 kB
Active(file):     174316 kB
Inactive(file):  1392100 kB
Unevictable:        5428 kB
Mlocked:            5428 kB
SwapTotal:       3670008 kB
SwapFree:        3670008 kB
Dirty:               384 kB
Writeback:             0 kB
AnonPages:       1092092 kB
Mapped:           810412 kB
Shmem:             19696 kB
KReclaimable:     574836 kB
Slab:             223572 kB
SReclaimable:      67760 kB
SUnreclaim:       155812 kB
KernelStack:       47568 kB
PageTables:        60164 kB
NFS_Unstable:          0 kB
Bounce:                0 kB
WritebackTmp:          0 kB
CommitLimit:     6660208 kB
Committed_AS:   71025424 kB
VmallocTotal:   263061440 kB
VmallocUsed:       87996 kB
VmallocChunk:          0 kB
Percpu:             7616 kB
CmaTotal:         315392 kB
CmaFree:               0 kB
MemTotal:        5980404 kB
MemFree:         1233872 kB
MemAvailable:    2812692 kB
Buffers:            4816 kB
Cached:          1585684 kB
SwapCached:            0 kB
Active:          1267640 kB
Inactive:        1409812 kB
Active(anon):    1093324 kB
Inactive(anon):    17712 kB
Active(file):     174316 kB
Inactive(file):  1392100 kB
Unevictable:        5428 kB
Mlocked:            5428 kB
SwapTotal:       3670008 kB
SwapFree:        3670008 kB
Dirty:               384 kB
Writeback:             0 kB
AnonPages:       1092180 kB
Mapped:           810264 kB
Shmem:             19696 kB
KReclaimable:     574836 kB
Slab:             223592 kB
SReclaimable:      67760 kB
SUnreclaim:       155832 kB
KernelStack:       47568 kB
PageTables:        60112 kB
NFS_Unstable:          0 kB
Bounce:                0 kB
WritebackTmp:          0 kB
CommitLimit:     6660208 kB
Committed_AS:   71027636 kB
VmallocTotal:   263061440 kB
VmallocUsed:       88028 kB
VmallocChunk:          0 kB
Percpu:             7616 kB
CmaTotal:         315392 kB
CmaFree:               4 kB
MemTotal:        5980404 kB
MemFree:         1233268 kB
MemAvailable:    2812096 kB
Buffers:            4820 kB
Cached:          1585696 kB
SwapCached:            0 kB
Active:          1268136 kB
Inactive:        1409824 kB
Active(anon):    1093816 kB
Inactive(anon):    17712 kB
Active(file):     174320 kB
Inactive(file):  1392112 kB
Unevictable:        5428 kB
Mlocked:            5428 kB
SwapTotal:       3670008 kB
SwapFree:        3670008 kB
Dirty:               368 kB
Writeback:             0 kB
AnonPages:       1092676 kB
Mapped:           810416 kB
Shmem:             19696 kB
KReclaimable:     574828 kB
Slab:             223532 kB
SReclaimable:      67752 kB
SUnreclaim:       155780 kB
KernelStack:       47472 kB
PageTables:        60164 kB
NFS_Unstable:          0 kB
Bounce:                0 kB
WritebackTmp:          0 kB
CommitLimit:     6660208 kB
Committed_AS:   71031596 kB
VmallocTotal:   263061440 kB
VmallocUsed:       87932 kB
VmallocChunk:          0 kB
Percpu:             7616 kB
CmaTotal:         315392 kB
CmaFree:               0 kB
MemTotal:        5980404 kB
MemFree:         1233748 kB
MemAvailable:    2812576 kB
Buffers:            4820 kB
Cached:          1585696 kB
SwapCached:            0 kB
Active:          1268260 kB
Inactive:        1409824 kB
Active(anon):    1093940 kB
Inactive(anon):    17712 kB
Active(file):     174320 kB
Inactive(file):  1392112 kB
Unevictable:        5428 kB
Mlocked:            5428 kB
SwapTotal:       3670008 kB
SwapFree:        3670008 kB
Dirty:               372 kB
Writeback:             0 kB
AnonPages:       1092820 kB
Mapped:           810420 kB
Shmem:             19696 kB
KReclaimable:     574828 kB
Slab:             223532 kB
SReclaimable:      67752 kB
SUnreclaim:       155780 kB
KernelStack:       47440 kB
PageTables:        60404 kB
NFS_Unstable:          0 kB
Bounce:                0 kB
WritebackTmp:          0 kB
CommitLimit:     6660208 kB
Committed_AS:   71031852 kB
VmallocTotal:   263061440 kB
VmallocUsed:       87868 kB
VmallocChunk:          0 kB
Percpu:             7616 kB
CmaTotal:         315392 kB
CmaFree:               0 kB
MemTotal:        5980404 kB
MemFree:         1234108 kB
MemAvailable:    2812936 kB
Buffers:            4820 kB
Cached:          1585696 kB
SwapCached:            0 kB
Active:          1268192 kB
Inactive:        1409824 kB
Active(anon):    1093872 kB
Inactive(anon):    17712 kB
Active(file):     174320 kB
Inactive(file):  1392112 kB
Unevictable:        5428 kB
Mlocked:            5428 kB
SwapTotal:       3670008 kB
SwapFree:        3670008 kB
Dirty:               368 kB
Writeback:             0 kB
AnonPages:       1093132 kB
Mapped:           810312 kB
Shmem:             19696 kB
KReclaimable:     574828 kB
Slab:             223524 kB
SReclaimable:      67752 kB
SUnreclaim:       155772 kB
KernelStack:       47392 kB
PageTables:        60160 kB
NFS_Unstable:          0 kB
Bounce:                0 kB
WritebackTmp:          0 kB
CommitLimit:     6660208 kB
Committed_AS:   71031056 kB
VmallocTotal:   263061440 kB
VmallocUsed:       87820 kB
VmallocChunk:          0 kB
Percpu:             7616 kB
CmaTotal:         315392 kB
CmaFree:               0 kB
MemTotal:        5980404 kB
MemFree:         1232788 kB
MemAvailable:    2811608 kB
Buffers:            4820 kB
Cached:          1585696 kB
SwapCached:            0 kB
Active:          1268488 kB
Inactive:        1409824 kB
Active(anon):    1094168 kB
Inactive(anon):    17712 kB
Active(file):     174320 kB
Inactive(file):  1392112 kB
Unevictable:        5428 kB
Mlocked:            5428 kB
SwapTotal:       3670008 kB
SwapFree:        3670008 kB
Dirty:               368 kB
Writeback:             0 kB
AnonPages:       1093316 kB
Mapped:           810452 kB
Shmem:             19696 kB
KReclaimable:     574820 kB
Slab:             223548 kB
SReclaimable:      67744 kB
SUnreclaim:       155804 kB
KernelStack:       47360 kB
PageTables:        60192 kB
NFS_Unstable:          0 kB
Bounce:                0 kB
WritebackTmp:          0 kB
CommitLimit:     6660208 kB
Committed_AS:   71029120 kB
VmallocTotal:   263061440 kB
VmallocUsed:       87788 kB
VmallocChunk:          0 kB
Percpu:             7616 kB
CmaTotal:         315392 kB
CmaFree:               0 kB
MemTotal:        5980404 kB
MemFree:         1233820 kB
MemAvailable:    2812640 kB
Buffers:            4820 kB
Cached:          1585712 kB
SwapCached:            0 kB
Active:          1268832 kB
Inactive:        1409840 kB
Active(anon):    1094512 kB
Inactive(anon):    17728 kB
Active(file):     174320 kB
Inactive(file):  1392112 kB
Unevictable:        5428 kB
Mlocked:            5428 kB
SwapTotal:       3670008 kB
SwapFree:        3670008 kB
Dirty:               372 kB
Writeback:             0 kB
AnonPages:       1093540 kB
Mapped:           810312 kB
Shmem:             19712 kB
KReclaimable:     574820 kB
Slab:             223532 kB
SReclaimable:      67744 kB
SUnreclaim:       155788 kB
KernelStack:       47360 kB
PageTables:        60288 kB
NFS_Unstable:          0 kB
Bounce:                0 kB
WritebackTmp:          0 kB
CommitLimit:     6660208 kB
Committed_AS:   71025340 kB
VmallocTotal:   263061440 kB
VmallocUsed:       87772 kB
VmallocChunk:          0 kB
Percpu:             7616 kB
CmaTotal:         315392 kB
CmaFree:               0 kB
MemTotal:        5980404 kB
MemFree:         1231748 kB
MemAvailable:    2810568 kB
Buffers:            4820 kB
Cached:          1585716 kB
SwapCached:            0 kB
Active:          1269252 kB
Inactive:        1409844 kB
Active(anon):    1094932 kB
Inactive(anon):    17732 kB
Active(file):     174320 kB
Inactive(file):  1392112 kB
Unevictable:        5428 kB
Mlocked:            5428 kB
SwapTotal:       3670008 kB
SwapFree:        3670008 kB
Dirty:               372 kB
Writeback:             0 kB
AnonPages:       1093976 kB
Mapped:           810368 kB
Shmem:             19716 kB
KReclaimable:     574820 kB
Slab:             223732 kB
SReclaimable:      67744 kB
SUnreclaim:       155988 kB
KernelStack:       47280 kB
PageTables:        60056 kB
NFS_Unstable:          0 kB
Bounce:                0 kB
WritebackTmp:          0 kB
CommitLimit:     6660208 kB
Committed_AS:   71028220 kB
VmallocTotal:   263061440 kB
VmallocUsed:       87740 kB
VmallocChunk:          0 kB
Percpu:             7616 kB
CmaTotal:         315392 kB
CmaFree:               0 kB
MemTotal:        5980404 kB
MemFree:         1232316 kB
MemAvailable:    2811136 kB
Buffers:            4820 kB
Cached:          1585716 kB
SwapCached:            0 kB
Active:          1269580 kB
Inactive:        1409848 kB
Active(anon):    1095264 kB
Inactive(anon):    17732 kB
Active(file):     174316 kB
Inactive(file):  1392116 kB
Unevictable:        5428 kB
Mlocked:            5428 kB
SwapTotal:       3670008 kB
SwapFree:        3670008 kB
Dirty:               372 kB
Writeback:             0 kB
AnonPages:       1094108 kB
Mapped:           810436 kB
Shmem:             19716 kB
KReclaimable:     574820 kB
Slab:             223560 kB
SReclaimable:      67744 kB
SUnreclaim:       155816 kB
KernelStack:       47200 kB
PageTables:        60148 kB
NFS_Unstable:          0 kB
Bounce:                0 kB
WritebackTmp:          0 kB
CommitLimit:     6660208 kB
Committed_AS:   71026964 kB
VmallocTotal:   263061440 kB
VmallocUsed:       87628 kB
VmallocChunk:          0 kB
Percpu:             7616 kB
CmaTotal:         315392 kB
CmaFree:               0 kB
MemTotal:        5980404 kB
MemFree:         1231540 kB
MemAvailable:    2810360 kB
Buffers:            4820 kB
Cached:          1585716 kB
SwapCached:            0 kB
Active:          1269884 kB
Inactive:        1409840 kB
Active(anon):    1095560 kB
Inactive(anon):    17732 kB
Active(file):     174324 kB
Inactive(file):  1392108 kB
Unevictable:        5428 kB
Mlocked:            5428 kB
SwapTotal:       3670008 kB
SwapFree:        3670008 kB
Dirty:               372 kB
Writeback:             0 kB
AnonPages:       1094320 kB
Mapped:           810280 kB
Shmem:             19716 kB
KReclaimable:     574820 kB
Slab:             223512 kB
SReclaimable:      67744 kB
SUnreclaim:       155768 kB
KernelStack:       47168 kB
PageTables:        60140 kB
NFS_Unstable:          0 kB
Bounce:                0 kB
WritebackTmp:          0 kB
CommitLimit:     6660208 kB
Committed_AS:   71025036 kB
VmallocTotal:   263061440 kB
VmallocUsed:       87596 kB
VmallocChunk:          0 kB
Percpu:             7616 kB
CmaTotal:         315392 kB
CmaFree:               0 kB
MemTotal:        5980404 kB
MemFree:         1232112 kB
MemAvailable:    2810932 kB
Buffers:            4820 kB
Cached:          1585716 kB
SwapCached:            0 kB
Active:          1270204 kB
Inactive:        1409840 kB
Active(anon):    1095880 kB
Inactive(anon):    17732 kB
Active(file):     174324 kB
Inactive(file):  1392108 kB
Unevictable:        5428 kB
Mlocked:            5428 kB
SwapTotal:       3670008 kB
SwapFree:        3670008 kB
Dirty:               372 kB
Writeback:             0 kB
AnonPages:       1095196 kB
Mapped:           810520 kB
Shmem:             19716 kB
KReclaimable:     574820 kB
Slab:             223588 kB
SReclaimable:      67744 kB
SUnreclaim:       155844 kB
KernelStack:       47088 kB
PageTables:        60180 kB
NFS_Unstable:          0 kB
Bounce:                0 kB
WritebackTmp:          0 kB
CommitLimit:     6660208 kB
Committed_AS:   71028428 kB
VmallocTotal:   263061440 kB
VmallocUsed:       87548 kB
VmallocChunk:          0 kB
Percpu:             7616 kB
CmaTotal:         315392 kB
CmaFree:               0 kB
MemTotal:        5980404 kB
MemFree:         1232096 kB
MemAvailable:    2810916 kB
Buffers:            4820 kB
Cached:          1585716 kB
SwapCached:            0 kB
Active:          1270592 kB
Inactive:        1409840 kB
Active(anon):    1096268 kB
Inactive(anon):    17732 kB
Active(file):     174324 kB
Inactive(file):  1392108 kB
Unevictable:        5428 kB
Mlocked:            5428 kB
SwapTotal:       3670008 kB
SwapFree:        3670008 kB
Dirty:               372 kB
Writeback:             0 kB
AnonPages:       1095392 kB
Mapped:           810376 kB
Shmem:             19716 kB
KReclaimable:     574820 kB
Slab:             223512 kB
SReclaimable:      67744 kB
SUnreclaim:       155768 kB
KernelStack:       47168 kB
PageTables:        60040 kB
NFS_Unstable:          0 kB
Bounce:                0 kB
WritebackTmp:          0 kB
CommitLimit:     6660208 kB
Committed_AS:   71028684 kB
VmallocTotal:   263061440 kB
VmallocUsed:       87548 kB
VmallocChunk:          0 kB
Percpu:             7616 kB
CmaTotal:         315392 kB
CmaFree:               0 kB
MemTotal:        5980404 kB
MemFree:         1230360 kB
MemAvailable:    2809184 kB
Buffers:            4820 kB
Cached:          1585724 kB
SwapCached:            0 kB
Active:          1271732 kB
Inactive:        1409848 kB
Active(anon):    1097408 kB
Inactive(anon):    17736 kB
Active(file):     174324 kB
Inactive(file):  1392112 kB
Unevictable:        5428 kB
Mlocked:            5428 kB
SwapTotal:       3670008 kB
SwapFree:        3670008 kB
Dirty:               388 kB
Writeback:             0 kB
AnonPages:       1096276 kB
Mapped:           810208 kB
Shmem:             19720 kB
KReclaimable:     574820 kB
Slab:             223552 kB
SReclaimable:      67744 kB
SUnreclaim:       155808 kB
KernelStack:       47152 kB
PageTables:        60004 kB
NFS_Unstable:          0 kB
Bounce:                0 kB
WritebackTmp:          0 kB
CommitLimit:     6660208 kB
Committed_AS:   71037608 kB
VmallocTotal:   263061440 kB
VmallocUsed:       87548 kB
VmallocChunk:          0 kB
Percpu:             7616 kB
CmaTotal:         315392 kB
CmaFree:               0 kB
MemTotal:        5980404 kB
MemFree:         1229140 kB
MemAvailable:    2807968 kB
Buffers:            4820 kB
Cached:          1585732 kB
SwapCached:            0 kB
Active:          1272564 kB
Inactive:        1409856 kB
Active(anon):    1098240 kB
Inactive(anon):    17740 kB
Active(file):     174324 kB
Inactive(file):  1392116 kB
Unevictable:        5428 kB
Mlocked:            5428 kB
SwapTotal:       3670008 kB
SwapFree:        3670008 kB
Dirty:               392 kB
Writeback:             0 kB
AnonPages:       1097124 kB
Mapped:           810568 kB
Shmem:             19724 kB
KReclaimable:     574820 kB
Slab:             223616 kB
SReclaimable:      67744 kB
SUnreclaim:       155872 kB
KernelStack:       47200 kB
PageTables:        60212 kB
NFS_Unstable:          0 kB
Bounce:                0 kB
WritebackTmp:          0 kB
CommitLimit:     6660208 kB
Committed_AS:   71032884 kB
VmallocTotal:   263061440 kB
VmallocUsed:       87596 kB
VmallocChunk:          0 kB
Percpu:             7616 kB
CmaTotal:         315392 kB
CmaFree:               0 kB
MemTotal:        5980404 kB
MemFree:         1228860 kB
MemAvailable:    2807688 kB
Buffers:            4820 kB
Cached:          1585732 kB
SwapCached:            0 kB
Active:          1273000 kB
Inactive:        1409856 kB
Active(anon):    1098676 kB
Inactive(anon):    17740 kB
Active(file):     174324 kB
Inactive(file):  1392116 kB
Unevictable:        5428 kB
Mlocked:            5428 kB
SwapTotal:       3670008 kB
SwapFree:        3670008 kB
Dirty:               388 kB
Writeback:             0 kB
AnonPages:       1097680 kB
Mapped:           810216 kB
Shmem:             19724 kB
KReclaimable:     574820 kB
Slab:             223512 kB
SReclaimable:      67744 kB
SUnreclaim:       155768 kB
KernelStack:       47152 kB
PageTables:        60136 kB
NFS_Unstable:          0 kB
Bounce:                0 kB
WritebackTmp:          0 kB
CommitLimit:     6660208 kB
Committed_AS:   71031268 kB
VmallocTotal:   263061440 kB
VmallocUsed:       87564 kB
VmallocChunk:          0 kB
Percpu:             7616 kB
CmaTotal:         315392 kB
CmaFree:               0 kB
MemTotal:        5980404 kB
MemFree:         1228432 kB
MemAvailable:    2807260 kB
Buffers:            4820 kB
Cached:          1585732 kB
SwapCached:            0 kB
Active:          1272488 kB
Inactive:        1409856 kB
Active(anon):    1098164 kB
Inactive(anon):    17740 kB
Active(file):     174324 kB
Inactive(file):  1392116 kB
Unevictable:        5428 kB
Mlocked:            5428 kB
SwapTotal:       3670008 kB
SwapFree:        3670008 kB
Dirty:               384 kB
Writeback:             0 kB
AnonPages:       1097416 kB
Mapped:           810376 kB
Shmem:             19724 kB
KReclaimable:     574820 kB
Slab:             223544 kB
SReclaimable:      67744 kB
SUnreclaim:       155800 kB
KernelStack:       47184 kB
PageTables:        60184 kB
NFS_Unstable:          0 kB
Bounce:                0 kB
WritebackTmp:          0 kB
CommitLimit:     6660208 kB
Committed_AS:   71032680 kB
VmallocTotal:   263061440 kB
VmallocUsed:       87564 kB
VmallocChunk:          0 kB
Percpu:             7616 kB
CmaTotal:         315392 kB
CmaFree:               0 kB
MemTotal:        5980404 kB
MemFree:         1228148 kB
MemAvailable:    2806976 kB
Buffers:            4820 kB
Cached:          1585732 kB
SwapCached:            0 kB
Active:          1272496 kB
Inactive:        1409856 kB
Active(anon):    1098172 kB
Inactive(anon):    17740 kB
Active(file):     174324 kB
Inactive(file):  1392116 kB
Unevictable:        5428 kB
Mlocked:            5428 kB
SwapTotal:       3670008 kB
SwapFree:        3670008 kB
Dirty:               388 kB
Writeback:             0 kB
AnonPages:       1097396 kB
Mapped:           810216 kB
Shmem:             19724 kB
KReclaimable:     574820 kB
Slab:             223520 kB
SReclaimable:      67744 kB
SUnreclaim:       155776 kB
KernelStack:       47104 kB
PageTables:        60144 kB
NFS_Unstable:          0 kB
Bounce:                0 kB
WritebackTmp:          0 kB
CommitLimit:     6660208 kB
Committed_AS:   71033784 kB
VmallocTotal:   263061440 kB
VmallocUsed:       87596 kB
VmallocChunk:          0 kB
Percpu:             7616 kB
CmaTotal:         315392 kB
CmaFree:               0 kB
MemTotal:        5980404 kB
MemFree:         1227800 kB
MemAvailable:    2806632 kB
Buffers:            4820 kB
Cached:          1585736 kB
SwapCached:            0 kB
Active:          1273004 kB
Inactive:        1409860 kB
Active(anon):    1098680 kB
Inactive(anon):    17744 kB
Active(file):     174324 kB
Inactive(file):  1392116 kB
Unevictable:        5428 kB
Mlocked:            5428 kB
SwapTotal:       3670008 kB
SwapFree:        3670008 kB
Dirty:               388 kB
Writeback:             0 kB
AnonPages:       1097712 kB
Mapped:           810364 kB
Shmem:             19728 kB
KReclaimable:     574824 kB
Slab:             223548 kB
SReclaimable:      67748 kB
SUnreclaim:       155800 kB
KernelStack:       47072 kB
PageTables:        59996 kB
NFS_Unstable:          0 kB
Bounce:                0 kB
WritebackTmp:          0 kB
CommitLimit:     6660208 kB
Committed_AS:   71029108 kB
VmallocTotal:   263061440 kB
VmallocUsed:       87580 kB
VmallocChunk:          0 kB
Percpu:             7616 kB
CmaTotal:         315392 kB
CmaFree:               0 kB
MemTotal:        5980404 kB
MemFree:         1228592 kB
MemAvailable:    2807448 kB
Buffers:            4824 kB
Cached:          1585784 kB
SwapCached:            0 kB
Active:          1273980 kB
Inactive:        1409904 kB
Active(anon):    1099648 kB
Inactive(anon):    17776 kB
Active(file):     174332 kB
Inactive(file):  1392128 kB
Unevictable:        5428 kB
Mlocked:            5428 kB
SwapTotal:       3670008 kB
SwapFree:        3670008 kB
Dirty:               364 kB
Writeback:             0 kB
AnonPages:       1098796 kB
Mapped:           810328 kB
Shmem:             19760 kB
KReclaimable:     574828 kB
Slab:             223488 kB
SReclaimable:      67752 kB
SUnreclaim:       155736 kB
KernelStack:       47072 kB
PageTables:        60048 kB
NFS_Unstable:          0 kB
Bounce:                0 kB
WritebackTmp:          0 kB
CommitLimit:     6660208 kB
Committed_AS:   71034456 kB
VmallocTotal:   263061440 kB
VmallocUsed:       87484 kB
VmallocChunk:          0 kB
Percpu:             7616 kB
CmaTotal:         315392 kB
CmaFree:               0 kB
MemTotal:        5980404 kB
MemFree:         1227044 kB
MemAvailable:    2805900 kB
Buffers:            4824 kB
Cached:          1585788 kB
SwapCached:            0 kB
Active:          1274280 kB
Inactive:        1409908 kB
Active(anon):    1099948 kB
Inactive(anon):    17780 kB
Active(file):     174332 kB
Inactive(file):  1392128 kB
Unevictable:        5428 kB
Mlocked:            5428 kB
SwapTotal:       3670008 kB
SwapFree:        3670008 kB
Dirty:               364 kB
Writeback:             0 kB
AnonPages:       1099248 kB
Mapped:           810484 kB
Shmem:             19764 kB
KReclaimable:     574828 kB
Slab:             223544 kB
SReclaimable:      67752 kB
SUnreclaim:       155792 kB
KernelStack:       47088 kB
PageTables:        60248 kB
NFS_Unstable:          0 kB
Bounce:                0 kB
WritebackTmp:          0 kB
CommitLimit:     6660208 kB
Committed_AS:   71031340 kB
VmallocTotal:   263061440 kB
VmallocUsed:       87500 kB
VmallocChunk:          0 kB
Percpu:             7616 kB
CmaTotal:         315392 kB
CmaFree:               0 kB
MemTotal:        5980404 kB
MemFree:         1226384 kB
MemAvailable:    2805248 kB
Buffers:            4824 kB
Cached:          1585800 kB
SwapCached:            0 kB
Active:          1275312 kB
Inactive:        1409916 kB
Active(anon):    1100976 kB
Inactive(anon):    17784 kB
Active(file):     174336 kB
Inactive(file):  1392132 kB
Unevictable:        5428 kB
Mlocked:            5428 kB
SwapTotal:       3670008 kB
SwapFree:        3670008 kB
Dirty:               372 kB
Writeback:             0 kB
AnonPages:       1099692 kB
Mapped:           810292 kB
Shmem:             19768 kB
KReclaimable:     574828 kB
Slab:             223624 kB
SReclaimable:      67752 kB
SUnreclaim:       155872 kB
KernelStack:       47088 kB
PageTables:        60072 kB
NFS_Unstable:          0 kB
Bounce:                0 kB
WritebackTmp:          0 kB
CommitLimit:     6660208 kB
Committed_AS:   71033636 kB
VmallocTotal:   263061440 kB
VmallocUsed:       87484 kB
VmallocChunk:          0 kB
Percpu:             7616 kB
CmaTotal:         315392 kB
CmaFree:               0 kB
MemTotal:        5980404 kB
MemFree:         1227284 kB
MemAvailable:    2806140 kB
Buffers:            4824 kB
Cached:          1585800 kB
SwapCached:            0 kB
Active:          1274904 kB
Inactive:        1409920 kB
Active(anon):    1100572 kB
Inactive(anon):    17792 kB
Active(file):     174332 kB
Inactive(file):  1392128 kB
Unevictable:        5428 kB
Mlocked:            5428 kB
SwapTotal:       3670008 kB
SwapFree:        3670008 kB
Dirty:               364 kB
Writeback:             0 kB
AnonPages:       1099628 kB
Mapped:           810440 kB
Shmem:             19776 kB
KReclaimable:     574828 kB
Slab:             223520 kB
SReclaimable:      67752 kB
SUnreclaim:       155768 kB
KernelStack:       46960 kB
PageTables:        60032 kB
NFS_Unstable:          0 kB
Bounce:                0 kB
WritebackTmp:          0 kB
CommitLimit:     6660208 kB
Committed_AS:   71034396 kB
VmallocTotal:   263061440 kB
VmallocUsed:       87436 kB
VmallocChunk:          0 kB
Percpu:             7616 kB
CmaTotal:         315392 kB
CmaFree:               0 kB
MemTotal:        5980404 kB
MemFree:         1226568 kB
MemAvailable:    2805424 kB
Buffers:            4824 kB
Cached:          1585800 kB
SwapCached:            0 kB
Active:          1274740 kB
Inactive:        1409920 kB
Active(anon):    1100408 kB
Inactive(anon):    17792 kB
Active(file):     174332 kB
Inactive(file):  1392128 kB
Unevictable:        5428 kB
Mlocked:            5428 kB
SwapTotal:       3670008 kB
SwapFree:        3670008 kB
Dirty:               316 kB
Writeback:             0 kB
AnonPages:       1099584 kB
Mapped:           810496 kB
Shmem:             19776 kB
KReclaimable:     574828 kB
Slab:             223496 kB
SReclaimable:      67752 kB
SUnreclaim:       155744 kB
KernelStack:       46976 kB
PageTables:        60124 kB
NFS_Unstable:          0 kB
Bounce:                0 kB
WritebackTmp:          0 kB
CommitLimit:     6660208 kB
Committed_AS:   71024628 kB
VmallocTotal:   263061440 kB
VmallocUsed:       87372 kB
VmallocChunk:          0 kB
Percpu:             7616 kB
CmaTotal:         315392 kB
CmaFree:               0 kB
MemTotal:        5980404 kB
MemFree:         1225576 kB
MemAvailable:    2804432 kB
Buffers:            4824 kB
Cached:          1585808 kB
SwapCached:            0 kB
Active:          1276620 kB
Inactive:        1409928 kB
Active(anon):    1102288 kB
Inactive(anon):    17800 kB
Active(file):     174332 kB
Inactive(file):  1392128 kB
Unevictable:        5428 kB
Mlocked:            5428 kB
SwapTotal:       3670008 kB
SwapFree:        3670008 kB
Dirty:               316 kB
Writeback:             0 kB
AnonPages:       1101192 kB
Mapped:           810332 kB
Shmem:             19784 kB
KReclaimable:     574828 kB
Slab:             223520 kB
SReclaimable:      67752 kB
SUnreclaim:       155768 kB
KernelStack:       46944 kB
PageTables:        60016 kB
NFS_Unstable:          0 kB
Bounce:                0 kB
WritebackTmp:          0 kB
CommitLimit:     6660208 kB
Committed_AS:   71035856 kB
VmallocTotal:   263061440 kB
VmallocUsed:       87388 kB
VmallocChunk:          0 kB
Percpu:             7616 kB
CmaTotal:         315392 kB
CmaFree:               0 kB
MemTotal:        5980404 kB
MemFree:         1225480 kB
MemAvailable:    2804336 kB
Buffers:            4824 kB
Cached:          1585808 kB
SwapCached:            0 kB
Active:          1277076 kB
Inactive:        1409928 kB
Active(anon):    1102744 kB
Inactive(anon):    17800 kB
Active(file):     174332 kB
Inactive(file):  1392128 kB
Unevictable:        5428 kB
Mlocked:            5428 kB
SwapTotal:       3670008 kB
SwapFree:        3670008 kB
Dirty:               316 kB
Writeback:             0 kB
AnonPages:       1101880 kB
Mapped:           810504 kB
Shmem:             19784 kB
KReclaimable:     574828 kB
Slab:             223576 kB
SReclaimable:      67752 kB
SUnreclaim:       155824 kB
KernelStack:       47008 kB
PageTables:        60148 kB
NFS_Unstable:          0 kB
Bounce:                0 kB
WritebackTmp:          0 kB
CommitLimit:     6660208 kB
Committed_AS:   71033940 kB
VmallocTotal:   263061440 kB
VmallocUsed:       87356 kB
VmallocChunk:          0 kB
Percpu:             7616 kB
CmaTotal:         315392 kB
CmaFree:               0 kB
MemTotal:        5980404 kB
MemFree:         1224512 kB
MemAvailable:    2803368 kB
Buffers:            4824 kB
Cached:          1585812 kB
SwapCached:            0 kB
Active:          1277768 kB
Inactive:        1409932 kB
Active(anon):    1103436 kB
Inactive(anon):    17804 kB
Active(file):     174332 kB
Inactive(file):  1392128 kB
Unevictable:        5428 kB
Mlocked:            5428 kB
SwapTotal:       3670008 kB
SwapFree:        3670008 kB
Dirty:               348 kB
Writeback:             0 kB
AnonPages:       1102408 kB
Mapped:           810508 kB
Shmem:             19788 kB
KReclaimable:     574828 kB
Slab:             223540 kB
SReclaimable:      67752 kB
SUnreclaim:       155788 kB
KernelStack:       46992 kB
PageTables:        60184 kB
NFS_Unstable:          0 kB
Bounce:                0 kB
WritebackTmp:          0 kB
CommitLimit:     6660208 kB
Committed_AS:   71036772 kB
VmallocTotal:   263061440 kB
VmallocUsed:       87356 kB
VmallocChunk:          0 kB
Percpu:             7616 kB
CmaTotal:         315392 kB
CmaFree:               0 kB
MemTotal:        5980404 kB
MemFree:         1223460 kB
MemAvailable:    2802316 kB
Buffers:            4824 kB
Cached:          1585812 kB
SwapCached:            0 kB
Active:          1278188 kB
Inactive:        1409928 kB
Active(anon):    1103852 kB
Inactive(anon):    17804 kB
Active(file):     174336 kB
Inactive(file):  1392124 kB
Unevictable:        5428 kB
Mlocked:            5428 kB
SwapTotal:       3670008 kB
SwapFree:        3670008 kB
Dirty:               348 kB
Writeback:             0 kB
AnonPages:       1102500 kB
Mapped:           810704 kB
Shmem:             19788 kB
KReclaimable:     574828 kB
Slab:             223592 kB
SReclaimable:      67752 kB
SUnreclaim:       155840 kB
KernelStack:       46992 kB
PageTables:        60140 kB
NFS_Unstable:          0 kB
Bounce:                0 kB
WritebackTmp:          0 kB
CommitLimit:     6660208 kB
Committed_AS:   71038844 kB
VmallocTotal:   263061440 kB
VmallocUsed:       87372 kB
VmallocChunk:          0 kB
Percpu:             7616 kB
CmaTotal:         315392 kB
CmaFree:               0 kB
MemTotal:        5980404 kB
MemFree:         1223356 kB
MemAvailable:    2802224 kB
Buffers:            4824 kB
Cached:          1585820 kB
SwapCached:            0 kB
Active:          1278348 kB
Inactive:        1409936 kB
Active(anon):    1104012 kB
Inactive(anon):    17804 kB
Active(file):     174336 kB
Inactive(file):  1392132 kB
Unevictable:        5428 kB
Mlocked:            5428 kB
SwapTotal:       3670008 kB
SwapFree:        3670008 kB
Dirty:               332 kB
Writeback:             0 kB
AnonPages:       1103092 kB
Mapped:           810444 kB
Shmem:             19788 kB
KReclaimable:     574832 kB
Slab:             223536 kB
SReclaimable:      67756 kB
SUnreclaim:       155780 kB
KernelStack:       47024 kB
PageTables:        60416 kB
NFS_Unstable:          0 kB
Bounce:                0 kB
WritebackTmp:          0 kB
CommitLimit:     6660208 kB
Committed_AS:   71036792 kB
VmallocTotal:   263061440 kB
VmallocUsed:       87356 kB
VmallocChunk:          0 kB
Percpu:             7616 kB
CmaTotal:         315392 kB
CmaFree:               0 kB
MemTotal:        5980404 kB
MemFree:         1222904 kB
MemAvailable:    2801772 kB
Buffers:            4824 kB
Cached:          1585836 kB
SwapCached:            0 kB
Active:          1277872 kB
Inactive:        1409952 kB
Active(anon):    1103536 kB
Inactive(anon):    17820 kB
Active(file):     174336 kB
Inactive(file):  1392132 kB
Unevictable:        5428 kB
Mlocked:            5428 kB
SwapTotal:       3670008 kB
SwapFree:        3670008 kB
Dirty:               332 kB
Writeback:             0 kB
AnonPages:       1102208 kB
Mapped:           810448 kB
Shmem:             19804 kB
KReclaimable:     574832 kB
Slab:             223560 kB
SReclaimable:      67756 kB
SUnreclaim:       155804 kB
KernelStack:       47024 kB
PageTables:        60088 kB
NFS_Unstable:          0 kB
Bounce:                0 kB
WritebackTmp:          0 kB
CommitLimit:     6660208 kB
Committed_AS:   71038528 kB
VmallocTotal:   263061440 kB
VmallocUsed:       87372 kB
VmallocChunk:          0 kB
Percpu:             7616 kB
CmaTotal:         315392 kB
CmaFree:             172 kB
MemTotal:        5980404 kB
MemFree:         1223808 kB
MemAvailable:    2802680 kB
Buffers:            4824 kB
Cached:          1585844 kB
SwapCached:            0 kB
Active:          1278264 kB
Inactive:        1409944 kB
Active(anon):    1103912 kB
Inactive(anon):    17824 kB
Active(file):     174352 kB
Inactive(file):  1392120 kB
Unevictable:        5428 kB
Mlocked:            5428 kB
SwapTotal:       3670008 kB
SwapFree:        3670008 kB
Dirty:               348 kB
Writeback:             0 kB
AnonPages:       1103064 kB
Mapped:           810364 kB
Shmem:             19808 kB
KReclaimable:     574832 kB
Slab:             223560 kB
SReclaimable:      67756 kB
SUnreclaim:       155804 kB
KernelStack:       47008 kB
PageTables:        60152 kB
NFS_Unstable:          0 kB
Bounce:                0 kB
WritebackTmp:          0 kB
CommitLimit:     6660208 kB
Committed_AS:   71038024 kB
VmallocTotal:   263061440 kB
VmallocUsed:       87420 kB
VmallocChunk:          0 kB
Percpu:             7616 kB
CmaTotal:         315392 kB
CmaFree:               0 kB
MemTotal:        5980404 kB
MemFree:         1224672 kB
MemAvailable:    2803544 kB
Buffers:            4824 kB
Cached:          1585844 kB
SwapCached:            0 kB
Active:          1278360 kB
Inactive:        1409932 kB
Active(anon):    1103996 kB
Inactive(anon):    17824 kB
Active(file):     174364 kB
Inactive(file):  1392108 kB
Unevictable:        5428 kB
Mlocked:            5428 kB
SwapTotal:       3670008 kB
SwapFree:        3670008 kB
Dirty:               360 kB
Writeback:             0 kB
AnonPages:       1102556 kB
Mapped:           810392 kB
Shmem:             19808 kB
KReclaimable:     574832 kB
Slab:             223548 kB
SReclaimable:      67756 kB
SUnreclaim:       155792 kB
KernelStack:       46976 kB
PageTables:        60128 kB
NFS_Unstable:          0 kB
Bounce:                0 kB
WritebackTmp:          0 kB
CommitLimit:     6660208 kB
Committed_AS:   71039108 kB
VmallocTotal:   263061440 kB
VmallocUsed:       87372 kB
VmallocChunk:          0 kB
Percpu:             7616 kB
CmaTotal:         315392 kB
CmaFree:             352 kB
MemTotal:        5980404 kB
MemFree:         1222972 kB
MemAvailable:    2801844 kB
Buffers:            4824 kB
Cached:          1585844 kB
SwapCached:            0 kB
Active:          1278336 kB
Inactive:        1409928 kB
Active(anon):    1103968 kB
Inactive(anon):    17824 kB
Active(file):     174368 kB
Inactive(file):  1392104 kB
Unevictable:        5428 kB
Mlocked:            5428 kB
SwapTotal:       3670008 kB
SwapFree:        3670008 kB
Dirty:               400 kB
Writeback:             0 kB
AnonPages:       1102832 kB
Mapped:           810364 kB
Shmem:             19808 kB
KReclaimable:     574832 kB
Slab:             223536 kB
SReclaimable:      67756 kB
SUnreclaim:       155780 kB
KernelStack:       47008 kB
PageTables:        60248 kB
NFS_Unstable:          0 kB
Bounce:                0 kB
WritebackTmp:          0 kB
CommitLimit:     6660208 kB
Committed_AS:   71036788 kB
VmallocTotal:   263061440 kB
VmallocUsed:       87420 kB
VmallocChunk:          0 kB
Percpu:             7616 kB
CmaTotal:         315392 kB
CmaFree:               4 kB
MemTotal:        5980404 kB
MemFree:         1225060 kB
MemAvailable:    2803932 kB
Buffers:            4824 kB
Cached:          1585844 kB
SwapCached:            0 kB
Active:          1278592 kB
Inactive:        1409928 kB
Active(anon):    1104224 kB
Inactive(anon):    17824 kB
Active(file):     174368 kB
Inactive(file):  1392104 kB
Unevictable:        5428 kB
Mlocked:            5428 kB
SwapTotal:       3670008 kB
SwapFree:        3670008 kB
Dirty:               348 kB
Writeback:             0 kB
AnonPages:       1102952 kB
Mapped:           810532 kB
Shmem:             19808 kB
KReclaimable:     574832 kB
Slab:             223572 kB
SReclaimable:      67756 kB
SUnreclaim:       155816 kB
KernelStack:       46992 kB
PageTables:        60220 kB
NFS_Unstable:          0 kB
Bounce:                0 kB
WritebackTmp:          0 kB
CommitLimit:     6660208 kB
Committed_AS:   71035020 kB
VmallocTotal:   263061440 kB
VmallocUsed:       87420 kB
VmallocChunk:          0 kB
Percpu:             7616 kB
CmaTotal:         315392 kB
CmaFree:              56 kB
MemTotal:        5980404 kB
MemFree:         1222168 kB
MemAvailable:    2801048 kB
Buffers:            4828 kB
Cached:          1585848 kB
SwapCached:            0 kB
Active:          1279436 kB
Inactive:        1409936 kB
Active(anon):    1105068 kB
Inactive(anon):    17824 kB
Active(file):     174368 kB
Inactive(file):  1392112 kB
Unevictable:        5428 kB
Mlocked:            5428 kB
SwapTotal:       3670008 kB
SwapFree:        3670008 kB
Dirty:               328 kB
Writeback:             0 kB
AnonPages:       1103952 kB
Mapped:           810428 kB
Shmem:             19808 kB
KReclaimable:     574832 kB
Slab:             223560 kB
SReclaimable:      67756 kB
SUnreclaim:       155804 kB
KernelStack:       47024 kB
PageTables:        60128 kB
NFS_Unstable:          0 kB
Bounce:                0 kB
WritebackTmp:          0 kB
CommitLimit:     6660208 kB
Committed_AS:   71038480 kB
VmallocTotal:   263061440 kB
VmallocUsed:       87452 kB
VmallocChunk:          0 kB
Percpu:             7616 kB
CmaTotal:         315392 kB
CmaFree:               0 kB
MemTotal:        5980404 kB
MemFree:         1222032 kB
MemAvailable:    2800920 kB
Buffers:            4828 kB
Cached:          1585860 kB
SwapCached:            0 kB
Active:          1280032 kB
Inactive:        1409944 kB
Active(anon):    1105660 kB
Inactive(anon):    17828 kB
Active(file):     174372 kB
Inactive(file):  1392116 kB
Unevictable:        5428 kB
Mlocked:            5428 kB
SwapTotal:       3670008 kB
SwapFree:        3670008 kB
Dirty:               352 kB
Writeback:             0 kB
AnonPages:       1104532 kB
Mapped:           810432 kB
Shmem:             19812 kB
KReclaimable:     574832 kB
Slab:             223500 kB
SReclaimable:      67756 kB
SUnreclaim:       155744 kB
KernelStack:       46976 kB
PageTables:        60216 kB
NFS_Unstable:          0 kB
Bounce:                0 kB
WritebackTmp:          0 kB
CommitLimit:     6660208 kB
Committed_AS:   71040024 kB
VmallocTotal:   263061440 kB
VmallocUsed:       87420 kB
VmallocChunk:          0 kB
Percpu:             7616 kB
CmaTotal:         315392 kB
CmaFree:              16 kB
MemTotal:        5980404 kB
MemFree:         1222588 kB
MemAvailable:    2801476 kB
Buffers:            4828 kB
Cached:          1585860 kB
SwapCached:            0 kB
Active:          1280276 kB
Inactive:        1409944 kB
Active(anon):    1105904 kB
Inactive(anon):    17828 kB
Active(file):     174372 kB
Inactive(file):  1392116 kB
Unevictable:        5428 kB
Mlocked:            5428 kB
SwapTotal:       3670008 kB
SwapFree:        3670008 kB
Dirty:               352 kB
Writeback:             0 kB
AnonPages:       1104852 kB
Mapped:           810596 kB
Shmem:             19812 kB
KReclaimable:     574832 kB
Slab:             223600 kB
SReclaimable:      67756 kB
SUnreclaim:       155844 kB
KernelStack:       47008 kB
PageTables:        60312 kB
NFS_Unstable:          0 kB
Bounce:                0 kB
WritebackTmp:          0 kB
CommitLimit:     6660208 kB
Committed_AS:   71039468 kB
VmallocTotal:   263061440 kB
VmallocUsed:       87452 kB
VmallocChunk:          0 kB
Percpu:             7616 kB
CmaTotal:         315392 kB
CmaFree:               0 kB
MemTotal:        5980404 kB
MemFree:         1220980 kB
MemAvailable:    2799852 kB
Buffers:            4828 kB
Cached:          1585944 kB
SwapCached:            0 kB
Active:          1280572 kB
Inactive:        1410036 kB
Active(anon):    1106208 kB
Inactive(anon):    17928 kB
Active(file):     174364 kB
Inactive(file):  1392108 kB
Unevictable:        5428 kB
Mlocked:            5428 kB
SwapTotal:       3670008 kB
SwapFree:        3670008 kB
Dirty:               340 kB
Writeback:             0 kB
AnonPages:       1105180 kB
Mapped:           810668 kB
Shmem:             19912 kB
KReclaimable:     574832 kB
Slab:             223564 kB
SReclaimable:      67756 kB
SUnreclaim:       155808 kB
KernelStack:       46988 kB
PageTables:        60304 kB
NFS_Unstable:          0 kB
Bounce:                0 kB
WritebackTmp:          0 kB
CommitLimit:     6660208 kB
Committed_AS:   71038424 kB
VmallocTotal:   263061440 kB
VmallocUsed:       87420 kB
VmallocChunk:          0 kB
Percpu:             7616 kB
CmaTotal:         315392 kB
CmaFree:              28 kB
MemTotal:        5980404 kB
MemFree:         1220188 kB
MemAvailable:    2799076 kB
Buffers:            4828 kB
Cached:          1585960 kB
SwapCached:            0 kB
Active:          1280952 kB
Inactive:        1410044 kB
Active(anon):    1106580 kB
Inactive(anon):    17928 kB
Active(file):     174372 kB
Inactive(file):  1392116 kB
Unevictable:        5428 kB
Mlocked:            5428 kB
SwapTotal:       3670008 kB
SwapFree:        3670008 kB
Dirty:               320 kB
Writeback:             0 kB
AnonPages:       1105648 kB
Mapped:           810540 kB
Shmem:             19912 kB
KReclaimable:     574832 kB
Slab:             223552 kB
SReclaimable:      67756 kB
SUnreclaim:       155796 kB
KernelStack:       47008 kB
PageTables:        60164 kB
NFS_Unstable:          0 kB
Bounce:                0 kB
WritebackTmp:          0 kB
CommitLimit:     6660208 kB
Committed_AS:   71037644 kB
VmallocTotal:   263061440 kB
VmallocUsed:       87436 kB
VmallocChunk:          0 kB
Percpu:             7616 kB
CmaTotal:         315392 kB
CmaFree:               0 kB
MemTotal:        5980404 kB
MemFree:         1219932 kB
MemAvailable:    2798820 kB
Buffers:            4828 kB
Cached:          1585960 kB
SwapCached:            0 kB
Active:          1281704 kB
Inactive:        1410044 kB
Active(anon):    1107332 kB
Inactive(anon):    17928 kB
Active(file):     174372 kB
Inactive(file):  1392116 kB
Unevictable:        5428 kB
Mlocked:            5428 kB
SwapTotal:       3670008 kB
SwapFree:        3670008 kB
Dirty:               320 kB
Writeback:             0 kB
AnonPages:       1106732 kB
Mapped:           810804 kB
Shmem:             19912 kB
KReclaimable:     574832 kB
Slab:             223540 kB
SReclaimable:      67756 kB
SUnreclaim:       155784 kB
KernelStack:       46992 kB
PageTables:        60060 kB
NFS_Unstable:          0 kB
Bounce:                0 kB
WritebackTmp:          0 kB
CommitLimit:     6660208 kB
Committed_AS:   71035552 kB
VmallocTotal:   263061440 kB
VmallocUsed:       87436 kB
VmallocChunk:          0 kB
Percpu:             7616 kB
CmaTotal:         315392 kB
CmaFree:               0 kB
MemTotal:        5980404 kB
MemFree:         1228816 kB
MemAvailable:    2807704 kB
Buffers:            4828 kB
Cached:          1585964 kB
SwapCached:            0 kB
Active:          1272016 kB
Inactive:        1410048 kB
Active(anon):    1097644 kB
Inactive(anon):    17932 kB
Active(file):     174372 kB
Inactive(file):  1392116 kB
Unevictable:        5428 kB
Mlocked:            5428 kB
SwapTotal:       3670008 kB
SwapFree:        3670008 kB
Dirty:               320 kB
Writeback:             0 kB
AnonPages:       1096912 kB
Mapped:           810636 kB
Shmem:             19916 kB
KReclaimable:     574832 kB
Slab:             223580 kB
SReclaimable:      67756 kB
SUnreclaim:       155824 kB
KernelStack:       46976 kB
PageTables:        60140 kB
NFS_Unstable:          0 kB
Bounce:                0 kB
WritebackTmp:          0 kB
CommitLimit:     6660208 kB
Committed_AS:   71035156 kB
VmallocTotal:   263061440 kB
VmallocUsed:       87420 kB
VmallocChunk:          0 kB
Percpu:             7616 kB
CmaTotal:         315392 kB
CmaFree:               0 kB
MemTotal:        5980404 kB
MemFree:         1229352 kB
MemAvailable:    2808240 kB
Buffers:            4828 kB
Cached:          1585964 kB
SwapCached:            0 kB
Active:          1272448 kB
Inactive:        1410048 kB
Active(anon):    1098076 kB
Inactive(anon):    17932 kB
Active(file):     174372 kB
Inactive(file):  1392116 kB
Unevictable:        5428 kB
Mlocked:            5428 kB
SwapTotal:       3670008 kB
SwapFree:        3670008 kB
Dirty:               336 kB
Writeback:             0 kB
AnonPages:       1097240 kB
Mapped:           810444 kB
Shmem:             19916 kB
KReclaimable:     574832 kB
Slab:             223552 kB
SReclaimable:      67756 kB
SUnreclaim:       155796 kB
KernelStack:       47008 kB
PageTables:        60164 kB
NFS_Unstable:          0 kB
Bounce:                0 kB
WritebackTmp:          0 kB
CommitLimit:     6660208 kB
Committed_AS:   71035668 kB
VmallocTotal:   263061440 kB
VmallocUsed:       87420 kB
VmallocChunk:          0 kB
Percpu:             7616 kB
CmaTotal:         315392 kB
CmaFree:               0 kB
MemTotal:        5980404 kB
MemFree:         1229028 kB
MemAvailable:    2807916 kB
Buffers:            4828 kB
Cached:          1585964 kB
SwapCached:            0 kB
Active:          1272800 kB
Inactive:        1410048 kB
Active(anon):    1098428 kB
Inactive(anon):    17932 kB
Active(file):     174372 kB
Inactive(file):  1392116 kB
Unevictable:        5428 kB
Mlocked:            5428 kB
SwapTotal:       3670008 kB
SwapFree:        3670008 kB
Dirty:               352 kB
Writeback:             0 kB
AnonPages:       1097656 kB
Mapped:           810632 kB
Shmem:             19916 kB
KReclaimable:     574832 kB
Slab:             223556 kB
SReclaimable:      67756 kB
SUnreclaim:       155800 kB
KernelStack:       47024 kB
PageTables:        60268 kB
NFS_Unstable:          0 kB
Bounce:                0 kB
WritebackTmp:          0 kB
CommitLimit:     6660208 kB
Committed_AS:   71033712 kB
VmallocTotal:   263061440 kB
VmallocUsed:       87404 kB
VmallocChunk:          0 kB
Percpu:             7616 kB
CmaTotal:         315392 kB
CmaFree:              92 kB
MemTotal:        5980404 kB
MemFree:         1228660 kB
MemAvailable:    2807560 kB
Buffers:            4828 kB
Cached:          1585976 kB
SwapCached:            0 kB
Active:          1273232 kB
Inactive:        1410056 kB
Active(anon):    1098856 kB
Inactive(anon):    17932 kB
Active(file):     174376 kB
Inactive(file):  1392124 kB
Unevictable:        5428 kB
Mlocked:            5428 kB
SwapTotal:       3670008 kB
SwapFree:        3670008 kB
Dirty:               324 kB
Writeback:             0 kB
AnonPages:       1097896 kB
Mapped:           810700 kB
Shmem:             19916 kB
KReclaimable:     574832 kB
Slab:             223588 kB
SReclaimable:      67756 kB
SUnreclaim:       155832 kB
KernelStack:       46948 kB
PageTables:        60028 kB
NFS_Unstable:          0 kB
Bounce:                0 kB
WritebackTmp:          0 kB
CommitLimit:     6660208 kB
Committed_AS:   71036240 kB
VmallocTotal:   263061440 kB
VmallocUsed:       87388 kB
VmallocChunk:          0 kB
Percpu:             7616 kB
CmaTotal:         315392 kB
CmaFree:               0 kB
MemTotal:        5980404 kB
MemFree:         1228504 kB
MemAvailable:    2807600 kB
Buffers:            4828 kB
Cached:          1585984 kB
SwapCached:            0 kB
Active:          1274212 kB
Inactive:        1410064 kB
Active(anon):    1099836 kB
Inactive(anon):    17940 kB
Active(file):     174376 kB
Inactive(file):  1392124 kB
Unevictable:        5428 kB
Mlocked:            5428 kB
SwapTotal:       3670008 kB
SwapFree:        3670008 kB
Dirty:               384 kB
Writeback:             0 kB
AnonPages:       1099048 kB
Mapped:           810456 kB
Shmem:             19924 kB
KReclaimable:     575028 kB
Slab:             223580 kB
SReclaimable:      67756 kB
SUnreclaim:       155824 kB
KernelStack:       46976 kB
PageTables:        60140 kB
NFS_Unstable:          0 kB
Bounce:                0 kB
WritebackTmp:          0 kB
CommitLimit:     6660208 kB
Committed_AS:   71039900 kB
VmallocTotal:   263061440 kB
VmallocUsed:       87404 kB
VmallocChunk:          0 kB
Percpu:             7616 kB
CmaTotal:         315392 kB
CmaFree:               0 kB
MemTotal:        5980404 kB
MemFree:         1226860 kB
MemAvailable:    2805956 kB
Buffers:            4828 kB
Cached:          1585984 kB
SwapCached:            0 kB
Active:          1274736 kB
Inactive:        1410060 kB
Active(anon):    1100356 kB
Inactive(anon):    17940 kB
Active(file):     174380 kB
Inactive(file):  1392120 kB
Unevictable:        5428 kB
Mlocked:            5428 kB
SwapTotal:       3670008 kB
SwapFree:        3670008 kB
Dirty:               392 kB
Writeback:             0 kB
AnonPages:       1099348 kB
Mapped:           810588 kB
Shmem:             19924 kB
KReclaimable:     575028 kB
Slab:             223536 kB
SReclaimable:      67756 kB
SUnreclaim:       155780 kB
KernelStack:       47020 kB
PageTables:        60296 kB
NFS_Unstable:          0 kB
Bounce:                0 kB
WritebackTmp:          0 kB
CommitLimit:     6660208 kB
Committed_AS:   71037152 kB
VmallocTotal:   263061440 kB
VmallocUsed:       87420 kB
VmallocChunk:          0 kB
Percpu:             7616 kB
CmaTotal:         315392 kB
CmaFree:               0 kB
MemTotal:        5980404 kB
MemFree:         1226908 kB
MemAvailable:    2806004 kB
Buffers:            4828 kB
Cached:          1585988 kB
SwapCached:            0 kB
Active:          1275288 kB
Inactive:        1410064 kB
Active(anon):    1100908 kB
Inactive(anon):    17944 kB
Active(file):     174380 kB
Inactive(file):  1392120 kB
Unevictable:        5428 kB
Mlocked:            5428 kB
SwapTotal:       3670008 kB
SwapFree:        3670008 kB
Dirty:               392 kB
Writeback:             0 kB
AnonPages:       1100084 kB
Mapped:           810688 kB
Shmem:             19928 kB
KReclaimable:     575028 kB
Slab:             223556 kB
SReclaimable:      67756 kB
SUnreclaim:       155800 kB
KernelStack:       47008 kB
PageTables:        60196 kB
NFS_Unstable:          0 kB
Bounce:                0 kB
WritebackTmp:          0 kB
CommitLimit:     6660208 kB
Committed_AS:   71038392 kB
VmallocTotal:   263061440 kB
VmallocUsed:       87404 kB
VmallocChunk:          0 kB
Percpu:             7616 kB
CmaTotal:         315392 kB
CmaFree:               0 kB
MemTotal:        5980404 kB
MemFree:         1226428 kB
MemAvailable:    2805528 kB
Buffers:            4828 kB
Cached:          1585992 kB
SwapCached:            0 kB
Active:          1275160 kB
Inactive:        1410068 kB
Active(anon):    1100780 kB
Inactive(anon):    17944 kB
Active(file):     174380 kB
Inactive(file):  1392124 kB
Unevictable:        5428 kB
Mlocked:            5428 kB
SwapTotal:       3670008 kB
SwapFree:        3670008 kB
Dirty:               472 kB
Writeback:             0 kB
AnonPages:       1099716 kB
Mapped:           810748 kB
Shmem:             19928 kB
KReclaimable:     575028 kB
Slab:             223532 kB
SReclaimable:      67756 kB
SUnreclaim:       155776 kB
KernelStack:       47024 kB
PageTables:        60220 kB
NFS_Unstable:          0 kB
Bounce:                0 kB
WritebackTmp:          0 kB
CommitLimit:     6660208 kB
Committed_AS:   71034200 kB
VmallocTotal:   263061440 kB
VmallocUsed:       87388 kB
VmallocChunk:          0 kB
Percpu:             7616 kB
CmaTotal:         315392 kB
CmaFree:               0 kB
MemTotal:        5980404 kB
MemFree:         1226752 kB
MemAvailable:    2805852 kB
Buffers:            4828 kB
Cached:          1585992 kB
SwapCached:            0 kB
Active:          1275460 kB
Inactive:        1410068 kB
Active(anon):    1101080 kB
Inactive(anon):    17944 kB
Active(file):     174380 kB
Inactive(file):  1392124 kB
Unevictable:        5428 kB
Mlocked:            5428 kB
SwapTotal:       3670008 kB
SwapFree:        3670008 kB
Dirty:               472 kB
Writeback:             0 kB
AnonPages:       1099896 kB
Mapped:           810816 kB
Shmem:             19928 kB
KReclaimable:     575028 kB
Slab:             223672 kB
SReclaimable:      67756 kB
SUnreclaim:       155916 kB
KernelStack:       46976 kB
PageTables:        60228 kB
NFS_Unstable:          0 kB
Bounce:                0 kB
WritebackTmp:          0 kB
CommitLimit:     6660208 kB
Committed_AS:   71034364 kB
VmallocTotal:   263061440 kB
VmallocUsed:       87388 kB
VmallocChunk:          0 kB
Percpu:             7616 kB
CmaTotal:         315392 kB
CmaFree:               0 kB
MemTotal:        5980404 kB
MemFree:         1226204 kB
MemAvailable:    2805328 kB
Buffers:            4836 kB
Cached:          1586008 kB
SwapCached:            0 kB
Active:          1276168 kB
Inactive:        1410084 kB
Active(anon):    1101780 kB
Inactive(anon):    17944 kB
Active(file):     174388 kB
Inactive(file):  1392140 kB
Unevictable:        5428 kB
Mlocked:            5428 kB
SwapTotal:       3670008 kB
SwapFree:        3670008 kB
Dirty:               328 kB
Writeback:             0 kB
AnonPages:       1100928 kB
Mapped:           810680 kB
Shmem:             19928 kB
KReclaimable:     575028 kB
Slab:             223592 kB
SReclaimable:      67756 kB
SUnreclaim:       155836 kB
KernelStack:       46976 kB
PageTables:        60256 kB
NFS_Unstable:          0 kB
Bounce:                0 kB
WritebackTmp:          0 kB
CommitLimit:     6660208 kB
Committed_AS:   71037260 kB
VmallocTotal:   263061440 kB
VmallocUsed:       87388 kB
VmallocChunk:          0 kB
Percpu:             7616 kB
CmaTotal:         315392 kB
CmaFree:               0 kB
MemTotal:        5980404 kB
MemFree:         1226332 kB
MemAvailable:    2805456 kB
Buffers:            4836 kB
Cached:          1586008 kB
SwapCached:            0 kB
Active:          1276488 kB
Inactive:        1410080 kB
Active(anon):    1102096 kB
Inactive(anon):    17944 kB
Active(file):     174392 kB
Inactive(file):  1392136 kB
Unevictable:        5428 kB
Mlocked:            5428 kB
SwapTotal:       3670008 kB
SwapFree:        3670008 kB
Dirty:               340 kB
Writeback:             0 kB
AnonPages:       1101208 kB
Mapped:           810752 kB
Shmem:             19928 kB
KReclaimable:     575028 kB
Slab:             223580 kB
SReclaimable:      67756 kB
SUnreclaim:       155824 kB
KernelStack:       46992 kB
PageTables:        60160 kB
NFS_Unstable:          0 kB
Bounce:                0 kB
WritebackTmp:          0 kB
CommitLimit:     6660208 kB
Committed_AS:   71032968 kB
VmallocTotal:   263061440 kB
VmallocUsed:       87420 kB
VmallocChunk:          0 kB
Percpu:             7616 kB
CmaTotal:         315392 kB
CmaFree:               0 kB
MemTotal:        5980404 kB
MemFree:         1225872 kB
MemAvailable:    2804996 kB
Buffers:            4836 kB
Cached:          1586016 kB
SwapCached:            0 kB
Active:          1276824 kB
Inactive:        1410088 kB
Active(anon):    1102432 kB
Inactive(anon):    17952 kB
Active(file):     174392 kB
Inactive(file):  1392136 kB
Unevictable:        5428 kB
Mlocked:            5428 kB
SwapTotal:       3670008 kB
SwapFree:        3670008 kB
Dirty:               340 kB
Writeback:             0 kB
AnonPages:       1101648 kB
Mapped:           810696 kB
Shmem:             19936 kB
KReclaimable:     575028 kB
Slab:             223596 kB
SReclaimable:      67756 kB
SUnreclaim:       155840 kB
KernelStack:       46976 kB
PageTables:        60140 kB
NFS_Unstable:          0 kB
Bounce:                0 kB
WritebackTmp:          0 kB
CommitLimit:     6660208 kB
Committed_AS:   71034976 kB
VmallocTotal:   263061440 kB
VmallocUsed:       87388 kB
VmallocChunk:          0 kB
Percpu:             7616 kB
CmaTotal:         315392 kB
CmaFree:               0 kB
MemTotal:        5980404 kB
MemFree:         1223288 kB
MemAvailable:    2802412 kB
Buffers:            4836 kB
Cached:          1586024 kB
SwapCached:            0 kB
Active:          1277024 kB
Inactive:        1410096 kB
Active(anon):    1102632 kB
Inactive(anon):    17960 kB
Active(file):     174392 kB
Inactive(file):  1392136 kB
Unevictable:        5428 kB
Mlocked:            5428 kB
SwapTotal:       3670008 kB
SwapFree:        3670008 kB
Dirty:               340 kB
Writeback:             0 kB
AnonPages:       1101972 kB
Mapped:           810704 kB
Shmem:             19944 kB
KReclaimable:     575028 kB
Slab:             223588 kB
SReclaimable:      67756 kB
SUnreclaim:       155832 kB
KernelStack:       46976 kB
PageTables:        60144 kB
NFS_Unstable:          0 kB
Bounce:                0 kB
WritebackTmp:          0 kB
CommitLimit:     6660208 kB
Committed_AS:   71034476 kB
VmallocTotal:   263061440 kB
VmallocUsed:       87388 kB
VmallocChunk:          0 kB
Percpu:             7616 kB
CmaTotal:         315392 kB
CmaFree:               0 kB
MemTotal:        5980404 kB
MemFree:         1223416 kB
MemAvailable:    2802540 kB
Buffers:            4836 kB
Cached:          1586024 kB
SwapCached:            0 kB
Active:          1277624 kB
Inactive:        1410096 kB
Active(anon):    1103232 kB
Inactive(anon):    17960 kB
Active(file):     174392 kB
Inactive(file):  1392136 kB
Unevictable:        5428 kB
Mlocked:            5428 kB
SwapTotal:       3670008 kB
SwapFree:        3670008 kB
Dirty:               324 kB
Writeback:             0 kB
AnonPages:       1101792 kB
Mapped:           810468 kB
Shmem:             19944 kB
KReclaimable:     575028 kB
Slab:             223596 kB
SReclaimable:      67756 kB
SUnreclaim:       155840 kB
KernelStack:       46944 kB
PageTables:        60084 kB
NFS_Unstable:          0 kB
Bounce:                0 kB
WritebackTmp:          0 kB
CommitLimit:     6660208 kB
Committed_AS:   71035756 kB
VmallocTotal:   263061440 kB
VmallocUsed:       87356 kB
VmallocChunk:          0 kB
Percpu:             7616 kB
CmaTotal:         315392 kB
CmaFree:               0 kB
MemTotal:        5980404 kB
MemFree:         1222380 kB
MemAvailable:    2801504 kB
Buffers:            4836 kB
Cached:          1586024 kB
SwapCached:            0 kB
Active:          1280132 kB
Inactive:        1410096 kB
Active(anon):    1105740 kB
Inactive(anon):    17960 kB
Active(file):     174392 kB
Inactive(file):  1392136 kB
Unevictable:        5428 kB
Mlocked:            5428 kB
SwapTotal:       3670008 kB
SwapFree:        3670008 kB
Dirty:               324 kB
Writeback:             0 kB
AnonPages:       1104604 kB
Mapped:           810696 kB
Shmem:             19944 kB
KReclaimable:     575028 kB
Slab:             223636 kB
SReclaimable:      67756 kB
SUnreclaim:       155880 kB
KernelStack:       46928 kB
PageTables:        60140 kB
NFS_Unstable:          0 kB
Bounce:                0 kB
WritebackTmp:          0 kB
CommitLimit:     6660208 kB
Committed_AS:   71037128 kB
VmallocTotal:   263061440 kB
VmallocUsed:       87340 kB
VmallocChunk:          0 kB
Percpu:             7616 kB
CmaTotal:         315392 kB
CmaFree:               0 kB
MemTotal:        5980404 kB
MemFree:         1221640 kB
MemAvailable:    2800764 kB
Buffers:            4836 kB
Cached:          1586024 kB
SwapCached:            0 kB
Active:          1279904 kB
Inactive:        1410096 kB
Active(anon):    1105512 kB
Inactive(anon):    17960 kB
Active(file):     174392 kB
Inactive(file):  1392136 kB
Unevictable:        5428 kB
Mlocked:            5428 kB
SwapTotal:       3670008 kB
SwapFree:        3670008 kB
Dirty:               324 kB
Writeback:             0 kB
AnonPages:       1104620 kB
Mapped:           810480 kB
Shmem:             19944 kB
KReclaimable:     575028 kB
Slab:             223572 kB
SReclaimable:      67756 kB
SUnreclaim:       155816 kB
KernelStack:       46912 kB
PageTables:        60252 kB
NFS_Unstable:          0 kB
Bounce:                0 kB
WritebackTmp:          0 kB
CommitLimit:     6660208 kB
Committed_AS:   71035808 kB
VmallocTotal:   263061440 kB
VmallocUsed:       87324 kB
VmallocChunk:          0 kB
Percpu:             7616 kB
CmaTotal:         315392 kB
CmaFree:               0 kB
MemTotal:        5980404 kB
MemFree:         1222452 kB
MemAvailable:    2801584 kB
Buffers:            4836 kB
Cached:          1586032 kB
SwapCached:            0 kB
Active:          1279356 kB
Inactive:        1410100 kB
Active(anon):    1104960 kB
Inactive(anon):    17960 kB
Active(file):     174396 kB
Inactive(file):  1392140 kB
Unevictable:        5428 kB
Mlocked:            5428 kB
SwapTotal:       3670008 kB
SwapFree:        3670008 kB
Dirty:               332 kB
Writeback:             0 kB
AnonPages:       1103864 kB
Mapped:           810760 kB
Shmem:             19944 kB
KReclaimable:     575028 kB
Slab:             223652 kB
SReclaimable:      67756 kB
SUnreclaim:       155896 kB
KernelStack:       46976 kB
PageTables:        59888 kB
NFS_Unstable:          0 kB
Bounce:                0 kB
WritebackTmp:          0 kB
CommitLimit:     6660208 kB
Committed_AS:   71035608 kB
VmallocTotal:   263061440 kB
VmallocUsed:       87340 kB
VmallocChunk:          0 kB
Percpu:             7616 kB
CmaTotal:         315392 kB
CmaFree:               0 kB
MemTotal:        5980404 kB
MemFree:         1223096 kB
MemAvailable:    2802220 kB
Buffers:            4836 kB
Cached:          1586024 kB
SwapCached:            0 kB
Active:          1279436 kB
Inactive:        1410096 kB
Active(anon):    1105044 kB
Inactive(anon):    17960 kB
Active(file):     174392 kB
Inactive(file):  1392136 kB
Unevictable:        5428 kB
Mlocked:            5428 kB
SwapTotal:       3670008 kB
SwapFree:        3670008 kB
Dirty:               324 kB
Writeback:             0 kB
AnonPages:       1104168 kB
Mapped:           810692 kB
Shmem:             19944 kB
KReclaimable:     575028 kB
Slab:             223596 kB
SReclaimable:      67756 kB
SUnreclaim:       155840 kB
KernelStack:       46896 kB
PageTables:        60348 kB
NFS_Unstable:          0 kB
Bounce:                0 kB
WritebackTmp:          0 kB
CommitLimit:     6660208 kB
Committed_AS:   71034300 kB
VmallocTotal:   263061440 kB
VmallocUsed:       87324 kB
VmallocChunk:          0 kB
Percpu:             7616 kB
CmaTotal:         315392 kB
CmaFree:               0 kB
MemTotal:        5980404 kB
MemFree:         1222124 kB
MemAvailable:    2801248 kB
Buffers:            4836 kB
Cached:          1586028 kB
SwapCached:            0 kB
Active:          1279924 kB
Inactive:        1410100 kB
Active(anon):    1105532 kB
Inactive(anon):    17964 kB
Active(file):     174392 kB
Inactive(file):  1392136 kB
Unevictable:        5428 kB
Mlocked:            5428 kB
SwapTotal:       3670008 kB
SwapFree:        3670008 kB
Dirty:               296 kB
Writeback:             0 kB
AnonPages:       1104256 kB
Mapped:           810620 kB
Shmem:             19948 kB
KReclaimable:     575028 kB
Slab:             223596 kB
SReclaimable:      67756 kB
SUnreclaim:       155840 kB
KernelStack:       46880 kB
PageTables:        60204 kB
NFS_Unstable:          0 kB
Bounce:                0 kB
WritebackTmp:          0 kB
CommitLimit:     6660208 kB
Committed_AS:   71038156 kB
VmallocTotal:   263061440 kB
VmallocUsed:       87356 kB
VmallocChunk:          0 kB
Percpu:             7616 kB
CmaTotal:         315392 kB
CmaFree:               0 kB
MemTotal:        5980404 kB
MemFree:         1221556 kB
MemAvailable:    2800688 kB
Buffers:            4836 kB
Cached:          1586044 kB
SwapCached:            0 kB
Active:          1280304 kB
Inactive:        1410116 kB
Active(anon):    1105912 kB
Inactive(anon):    17972 kB
Active(file):     174392 kB
Inactive(file):  1392144 kB
Unevictable:        5428 kB
Mlocked:            5428 kB
SwapTotal:       3670008 kB
SwapFree:        3670008 kB
Dirty:               312 kB
Writeback:             0 kB
AnonPages:       1104876 kB
Mapped:           810732 kB
Shmem:             19956 kB
KReclaimable:     575028 kB
Slab:             223556 kB
SReclaimable:      67756 kB
SUnreclaim:       155800 kB
KernelStack:       46944 kB
PageTables:        60296 kB
NFS_Unstable:          0 kB
Bounce:                0 kB
WritebackTmp:          0 kB
CommitLimit:     6660208 kB
Committed_AS:   71039008 kB
VmallocTotal:   263061440 kB
VmallocUsed:       87356 kB
VmallocChunk:          0 kB
Percpu:             7616 kB
CmaTotal:         315392 kB
CmaFree:               0 kB
MemTotal:        5980404 kB
MemFree:         1221152 kB
MemAvailable:    2800284 kB
Buffers:            4836 kB
Cached:          1586044 kB
SwapCached:            0 kB
Active:          1280716 kB
Inactive:        1410116 kB
Active(anon):    1106324 kB
Inactive(anon):    17972 kB
Active(file):     174392 kB
Inactive(file):  1392144 kB
Unevictable:        5428 kB
Mlocked:            5428 kB
SwapTotal:       3670008 kB
SwapFree:        3670008 kB
Dirty:               312 kB
Writeback:             0 kB
AnonPages:       1105272 kB
Mapped:           810600 kB
Shmem:             19956 kB
KReclaimable:     575028 kB
Slab:             223580 kB
SReclaimable:      67756 kB
SUnreclaim:       155824 kB
KernelStack:       46880 kB
PageTables:        60228 kB
NFS_Unstable:          0 kB
Bounce:                0 kB
WritebackTmp:          0 kB
CommitLimit:     6660208 kB
Committed_AS:   71038696 kB
VmallocTotal:   263061440 kB
VmallocUsed:       87356 kB
VmallocChunk:          0 kB
Percpu:             7616 kB
CmaTotal:         315392 kB
CmaFree:               4 kB
MemTotal:        5980404 kB
MemFree:         1220904 kB
MemAvailable:    2800040 kB
Buffers:            4836 kB
Cached:          1586048 kB
SwapCached:            0 kB
Active:          1281012 kB
Inactive:        1410120 kB
Active(anon):    1106620 kB
Inactive(anon):    17972 kB
Active(file):     174392 kB
Inactive(file):  1392148 kB
Unevictable:        5428 kB
Mlocked:            5428 kB
SwapTotal:       3670008 kB
SwapFree:        3670008 kB
Dirty:               316 kB
Writeback:             0 kB
AnonPages:       1105564 kB
Mapped:           810920 kB
Shmem:             19956 kB
KReclaimable:     575028 kB
Slab:             223508 kB
SReclaimable:      67756 kB
SUnreclaim:       155752 kB
KernelStack:       46916 kB
PageTables:        60204 kB
NFS_Unstable:          0 kB
Bounce:                0 kB
WritebackTmp:          0 kB
CommitLimit:     6660208 kB
Committed_AS:   71037976 kB
VmallocTotal:   263061440 kB
VmallocUsed:       87340 kB
VmallocChunk:          0 kB
Percpu:             7616 kB
CmaTotal:         315392 kB
CmaFree:               0 kB
MemTotal:        5980404 kB
MemFree:         1220564 kB
MemAvailable:    2799708 kB
Buffers:            4836 kB
Cached:          1586056 kB
SwapCached:            0 kB
Active:          1281520 kB
Inactive:        1410124 kB
Active(anon):    1107124 kB
Inactive(anon):    17972 kB
Active(file):     174396 kB
Inactive(file):  1392152 kB
Unevictable:        5428 kB
Mlocked:            5428 kB
SwapTotal:       3670008 kB
SwapFree:        3670008 kB
Dirty:               352 kB
Writeback:             0 kB
AnonPages:       1106184 kB
Mapped:           810636 kB
Shmem:             19956 kB
KReclaimable:     575028 kB
Slab:             223604 kB
SReclaimable:      67756 kB
SUnreclaim:       155848 kB
KernelStack:       46944 kB
PageTables:        60264 kB
NFS_Unstable:          0 kB
Bounce:                0 kB
WritebackTmp:          0 kB
CommitLimit:     6660208 kB
Committed_AS:   71036336 kB
VmallocTotal:   263061440 kB
VmallocUsed:       87372 kB
VmallocChunk:          0 kB
Percpu:             7616 kB
CmaTotal:         315392 kB
CmaFree:               0 kB
MemTotal:        5980404 kB
MemFree:         1218520 kB
MemAvailable:    2797656 kB
Buffers:            4836 kB
Cached:          1586048 kB
SwapCached:            0 kB
Active:          1282604 kB
Inactive:        1410120 kB
Active(anon):    1108212 kB
Inactive(anon):    17972 kB
Active(file):     174392 kB
Inactive(file):  1392148 kB
Unevictable:        5428 kB
Mlocked:            5428 kB
SwapTotal:       3670008 kB
SwapFree:        3670008 kB
Dirty:               316 kB
Writeback:             0 kB
AnonPages:       1106964 kB
Mapped:           810588 kB
Shmem:             19956 kB
KReclaimable:     575028 kB
Slab:             223548 kB
SReclaimable:      67756 kB
SUnreclaim:       155792 kB
KernelStack:       46976 kB
PageTables:        60160 kB
NFS_Unstable:          0 kB
Bounce:                0 kB
WritebackTmp:          0 kB
CommitLimit:     6660208 kB
Committed_AS:   71037264 kB
VmallocTotal:   263061440 kB
VmallocUsed:       87388 kB
VmallocChunk:          0 kB
Percpu:             7616 kB
CmaTotal:         315392 kB
CmaFree:               0 kB
MemTotal:        5980404 kB
MemFree:         1217684 kB
MemAvailable:    2796840 kB
Buffers:            4840 kB
Cached:          1586064 kB
SwapCached:            0 kB
Active:          1283924 kB
Inactive:        1410136 kB
Active(anon):    1109528 kB
Inactive(anon):    17976 kB
Active(file):     174396 kB
Inactive(file):  1392160 kB
Unevictable:        5428 kB
Mlocked:            5428 kB
SwapTotal:       3670008 kB
SwapFree:        3670008 kB
Dirty:               324 kB
Writeback:             0 kB
AnonPages:       1108416 kB
Mapped:           810720 kB
Shmem:             19960 kB
KReclaimable:     575032 kB
Slab:             223608 kB
SReclaimable:      67760 kB
SUnreclaim:       155848 kB
KernelStack:       47040 kB
PageTables:        60200 kB
NFS_Unstable:          0 kB
Bounce:                0 kB
WritebackTmp:          0 kB
CommitLimit:     6660208 kB
Committed_AS:   71037008 kB
VmallocTotal:   263061440 kB
VmallocUsed:       87468 kB
VmallocChunk:          0 kB
Percpu:             7616 kB
CmaTotal:         315392 kB
CmaFree:               0 kB
MemTotal:        5980404 kB
MemFree:         1217524 kB
MemAvailable:    2796684 kB
Buffers:            4840 kB
Cached:          1586076 kB
SwapCached:            0 kB
Active:          1283964 kB
Inactive:        1410140 kB
Active(anon):    1109560 kB
Inactive(anon):    17984 kB
Active(file):     174404 kB
Inactive(file):  1392156 kB
Unevictable:        5428 kB
Mlocked:            5428 kB
SwapTotal:       3670008 kB
SwapFree:        3670008 kB
Dirty:               328 kB
Writeback:             0 kB
AnonPages:       1108572 kB
Mapped:           810600 kB
Shmem:             19968 kB
KReclaimable:     575032 kB
Slab:             223528 kB
SReclaimable:      67760 kB
SUnreclaim:       155768 kB
KernelStack:       47024 kB
PageTables:        60000 kB
NFS_Unstable:          0 kB
Bounce:                0 kB
WritebackTmp:          0 kB
CommitLimit:     6660208 kB
Committed_AS:   71035996 kB
VmallocTotal:   263061440 kB
VmallocUsed:       87452 kB
VmallocChunk:          0 kB
Percpu:             7616 kB
CmaTotal:         315392 kB
CmaFree:               0 kB
MemTotal:        5980404 kB
MemFree:         1216604 kB
MemAvailable:    2795764 kB
Buffers:            4840 kB
Cached:          1586076 kB
SwapCached:            0 kB
Active:          1284792 kB
Inactive:        1410140 kB
Active(anon):    1110388 kB
Inactive(anon):    17984 kB
Active(file):     174404 kB
Inactive(file):  1392156 kB
Unevictable:        5428 kB
Mlocked:            5428 kB
SwapTotal:       3670008 kB
SwapFree:        3670008 kB
Dirty:               332 kB
Writeback:             0 kB
AnonPages:       1109648 kB
Mapped:           810892 kB
Shmem:             19968 kB
KReclaimable:     575032 kB
Slab:             223568 kB
SReclaimable:      67760 kB
SUnreclaim:       155808 kB
KernelStack:       47040 kB
PageTables:        60452 kB
NFS_Unstable:          0 kB
Bounce:                0 kB
WritebackTmp:          0 kB
CommitLimit:     6660208 kB
Committed_AS:   71038472 kB
VmallocTotal:   263061440 kB
VmallocUsed:       87420 kB
VmallocChunk:          0 kB
Percpu:             7616 kB
CmaTotal:         315392 kB
CmaFree:               0 kB
MemTotal:        5980404 kB
MemFree:         1223268 kB
MemAvailable:    2802428 kB
Buffers:            4840 kB
Cached:          1585884 kB
SwapCached:            0 kB
Active:          1277832 kB
Inactive:        1409948 kB
Active(anon):    1103428 kB
Inactive(anon):    17792 kB
Active(file):     174404 kB
Inactive(file):  1392156 kB
Unevictable:        5428 kB
Mlocked:            5428 kB
SwapTotal:       3670008 kB
SwapFree:        3670008 kB
Dirty:               344 kB
Writeback:             0 kB
AnonPages:       1102400 kB
Mapped:           810792 kB
Shmem:             19776 kB
KReclaimable:     575032 kB
Slab:             223576 kB
SReclaimable:      67760 kB
SUnreclaim:       155816 kB
KernelStack:       47024 kB
PageTables:        60160 kB
NFS_Unstable:          0 kB
Bounce:                0 kB
WritebackTmp:          0 kB
CommitLimit:     6660208 kB
Committed_AS:   71034368 kB
VmallocTotal:   263061440 kB
VmallocUsed:       87420 kB
VmallocChunk:          0 kB
Percpu:             7616 kB
CmaTotal:         315392 kB
CmaFree:             384 kB
MemTotal:        5980404 kB
MemFree:         1223584 kB
MemAvailable:    2802744 kB
Buffers:            4840 kB
Cached:          1585884 kB
SwapCached:            0 kB
Active:          1277720 kB
Inactive:        1409948 kB
Active(anon):    1103316 kB
Inactive(anon):    17792 kB
Active(file):     174404 kB
Inactive(file):  1392156 kB
Unevictable:        5428 kB
Mlocked:            5428 kB
SwapTotal:       3670008 kB
SwapFree:        3670008 kB
Dirty:               312 kB
Writeback:             0 kB
AnonPages:       1102376 kB
Mapped:           810888 kB
Shmem:             19776 kB
KReclaimable:     575032 kB
Slab:             223600 kB
SReclaimable:      67760 kB
SUnreclaim:       155840 kB
KernelStack:       47072 kB
PageTables:        60248 kB
NFS_Unstable:          0 kB
Bounce:                0 kB
WritebackTmp:          0 kB
CommitLimit:     6660208 kB
Committed_AS:   71034828 kB
VmallocTotal:   263061440 kB
VmallocUsed:       87436 kB
VmallocChunk:          0 kB
Percpu:             7616 kB
CmaTotal:         315392 kB
CmaFree:             180 kB
MemTotal:        5980404 kB
MemFree:         1223720 kB
MemAvailable:    2802880 kB
Buffers:            4840 kB
Cached:          1585884 kB
SwapCached:            0 kB
Active:          1278388 kB
Inactive:        1409948 kB
Active(anon):    1103984 kB
Inactive(anon):    17792 kB
Active(file):     174404 kB
Inactive(file):  1392156 kB
Unevictable:        5428 kB
Mlocked:            5428 kB
SwapTotal:       3670008 kB
SwapFree:        3670008 kB
Dirty:               328 kB
Writeback:             0 kB
AnonPages:       1103348 kB
Mapped:           810700 kB
Shmem:             19776 kB
KReclaimable:     575032 kB
Slab:             223584 kB
SReclaimable:      67760 kB
SUnreclaim:       155824 kB
KernelStack:       47108 kB
PageTables:        60240 kB
NFS_Unstable:          0 kB
Bounce:                0 kB
WritebackTmp:          0 kB
CommitLimit:     6660208 kB
Committed_AS:   71033028 kB
VmallocTotal:   263061440 kB
VmallocUsed:       87468 kB
VmallocChunk:          0 kB
Percpu:             7616 kB
CmaTotal:         315392 kB
CmaFree:             172 kB
MemTotal:        5980404 kB
MemFree:         1223448 kB
MemAvailable:    2802608 kB
Buffers:            4840 kB
Cached:          1585884 kB
SwapCached:            0 kB
Active:          1278784 kB
Inactive:        1409948 kB
Active(anon):    1104380 kB
Inactive(anon):    17792 kB
Active(file):     174404 kB
Inactive(file):  1392156 kB
Unevictable:        5428 kB
Mlocked:            5428 kB
SwapTotal:       3670008 kB
SwapFree:        3670008 kB
Dirty:               328 kB
Writeback:             0 kB
AnonPages:       1103528 kB
Mapped:           810540 kB
Shmem:             19776 kB
KReclaimable:     575032 kB
Slab:             223592 kB
SReclaimable:      67760 kB
SUnreclaim:       155832 kB
KernelStack:       47024 kB
PageTables:        60036 kB
NFS_Unstable:          0 kB
Bounce:                0 kB
WritebackTmp:          0 kB
CommitLimit:     6660208 kB
Committed_AS:   71033100 kB
VmallocTotal:   263061440 kB
VmallocUsed:       87436 kB
VmallocChunk:          0 kB
Percpu:             7616 kB
CmaTotal:         315392 kB
CmaFree:              12 kB
MemTotal:        5980404 kB
MemFree:         1223372 kB
MemAvailable:    2802532 kB
Buffers:            4840 kB
Cached:          1585884 kB
SwapCached:            0 kB
Active:          1279100 kB
Inactive:        1409948 kB
Active(anon):    1104696 kB
Inactive(anon):    17792 kB
Active(file):     174404 kB
Inactive(file):  1392156 kB
Unevictable:        5428 kB
Mlocked:            5428 kB
SwapTotal:       3670008 kB
SwapFree:        3670008 kB
Dirty:               328 kB
Writeback:             0 kB
AnonPages:       1103380 kB
Mapped:           810744 kB
Shmem:             19776 kB
KReclaimable:     575032 kB
Slab:             223592 kB
SReclaimable:      67760 kB
SUnreclaim:       155832 kB
KernelStack:       47072 kB
PageTables:        60352 kB
NFS_Unstable:          0 kB
Bounce:                0 kB
WritebackTmp:          0 kB
CommitLimit:     6660208 kB
Committed_AS:   71033084 kB
VmallocTotal:   263061440 kB
VmallocUsed:       87404 kB
VmallocChunk:          0 kB
Percpu:             7616 kB
CmaTotal:         315392 kB
CmaFree:             164 kB
MemTotal:        5980404 kB
MemFree:         1223188 kB
MemAvailable:    2802348 kB
Buffers:            4840 kB
Cached:          1585884 kB
SwapCached:            0 kB
Active:          1279840 kB
Inactive:        1409948 kB
Active(anon):    1105436 kB
Inactive(anon):    17792 kB
Active(file):     174404 kB
Inactive(file):  1392156 kB
Unevictable:        5428 kB
Mlocked:            5428 kB
SwapTotal:       3670008 kB
SwapFree:        3670008 kB
Dirty:               328 kB
Writeback:             0 kB
AnonPages:       1104556 kB
Mapped:           810564 kB
Shmem:             19776 kB
KReclaimable:     575032 kB
Slab:             223620 kB
SReclaimable:      67760 kB
SUnreclaim:       155860 kB
KernelStack:       47072 kB
PageTables:        60172 kB
NFS_Unstable:          0 kB
Bounce:                0 kB
WritebackTmp:          0 kB
CommitLimit:     6660208 kB
Committed_AS:   71032444 kB
VmallocTotal:   263061440 kB
VmallocUsed:       87452 kB
VmallocChunk:          0 kB
Percpu:             7616 kB
CmaTotal:         315392 kB
CmaFree:               0 kB
MemTotal:        5980404 kB
MemFree:         1221892 kB
MemAvailable:    2801068 kB
Buffers:            4840 kB
Cached:          1585900 kB
SwapCached:            0 kB
Active:          1280284 kB
Inactive:        1409964 kB
Active(anon):    1105880 kB
Inactive(anon):    17792 kB
Active(file):     174404 kB
Inactive(file):  1392172 kB
Unevictable:        5428 kB
Mlocked:            5428 kB
SwapTotal:       3670008 kB
SwapFree:        3670008 kB
Dirty:               336 kB
Writeback:             0 kB
AnonPages:       1104792 kB
Mapped:           810728 kB
Shmem:             19776 kB
KReclaimable:     575032 kB
Slab:             223568 kB
SReclaimable:      67760 kB
SUnreclaim:       155808 kB
KernelStack:       47040 kB
PageTables:        60152 kB
NFS_Unstable:          0 kB
Bounce:                0 kB
WritebackTmp:          0 kB
CommitLimit:     6660208 kB
Committed_AS:   71035128 kB
VmallocTotal:   263061440 kB
VmallocUsed:       87436 kB
VmallocChunk:          0 kB
Percpu:             7616 kB
CmaTotal:         315392 kB
CmaFree:               0 kB
MemTotal:        5980404 kB
MemFree:         1220820 kB
MemAvailable:    2799992 kB
Buffers:            4840 kB
Cached:          1585896 kB
SwapCached:            0 kB
Active:          1280908 kB
Inactive:        1409960 kB
Active(anon):    1106504 kB
Inactive(anon):    17792 kB
Active(file):     174404 kB
Inactive(file):  1392168 kB
Unevictable:        5428 kB
Mlocked:            5428 kB
SwapTotal:       3670008 kB
SwapFree:        3670008 kB
Dirty:               336 kB
Writeback:             0 kB
AnonPages:       1105544 kB
Mapped:           810684 kB
Shmem:             19776 kB
KReclaimable:     575032 kB
Slab:             223612 kB
SReclaimable:      67760 kB
SUnreclaim:       155852 kB
KernelStack:       47104 kB
PageTables:        60300 kB
NFS_Unstable:          0 kB
Bounce:                0 kB
WritebackTmp:          0 kB
CommitLimit:     6660208 kB
Committed_AS:   71038844 kB
VmallocTotal:   263061440 kB
VmallocUsed:       87468 kB
VmallocChunk:          0 kB
Percpu:             7616 kB
CmaTotal:         315392 kB
CmaFree:               0 kB
MemTotal:        5980404 kB
MemFree:         1220796 kB
MemAvailable:    2799968 kB
Buffers:            4840 kB
Cached:          1585900 kB
SwapCached:            0 kB
Active:          1281224 kB
Inactive:        1409964 kB
Active(anon):    1106820 kB
Inactive(anon):    17796 kB
Active(file):     174404 kB
Inactive(file):  1392168 kB
Unevictable:        5428 kB
Mlocked:            5428 kB
SwapTotal:       3670008 kB
SwapFree:        3670008 kB
Dirty:               336 kB
Writeback:             0 kB
AnonPages:       1106124 kB
Mapped:           810600 kB
Shmem:             19780 kB
KReclaimable:     575032 kB
Slab:             223604 kB
SReclaimable:      67760 kB
SUnreclaim:       155844 kB
KernelStack:       47056 kB
PageTables:        60060 kB
NFS_Unstable:          0 kB
Bounce:                0 kB
WritebackTmp:          0 kB
CommitLimit:     6660208 kB
Committed_AS:   71037356 kB
VmallocTotal:   263061440 kB
VmallocUsed:       87484 kB
VmallocChunk:          0 kB
Percpu:             7616 kB
CmaTotal:         315392 kB
CmaFree:               0 kB
MemTotal:        5980404 kB
MemFree:         1221124 kB
MemAvailable:    2800296 kB
Buffers:            4840 kB
Cached:          1585900 kB
SwapCached:            0 kB
Active:          1281708 kB
Inactive:        1409964 kB
Active(anon):    1107304 kB
Inactive(anon):    17796 kB
Active(file):     174404 kB
Inactive(file):  1392168 kB
Unevictable:        5428 kB
Mlocked:            5428 kB
SwapTotal:       3670008 kB
SwapFree:        3670008 kB
Dirty:               340 kB
Writeback:             0 kB
AnonPages:       1106232 kB
Mapped:           810584 kB
Shmem:             19780 kB
KReclaimable:     575032 kB
Slab:             223532 kB
SReclaimable:      67760 kB
SUnreclaim:       155772 kB
KernelStack:       47104 kB
PageTables:        60360 kB
NFS_Unstable:          0 kB
Bounce:                0 kB
WritebackTmp:          0 kB
CommitLimit:     6660208 kB
Committed_AS:   71038996 kB
VmallocTotal:   263061440 kB
VmallocUsed:       87468 kB
VmallocChunk:          0 kB
Percpu:             7616 kB
CmaTotal:         315392 kB
CmaFree:               8 kB
MemTotal:        5980404 kB
MemFree:         1220388 kB
MemAvailable:    2799560 kB
Buffers:            4840 kB
Cached:          1585900 kB
SwapCached:            0 kB
Active:          1281924 kB
Inactive:        1409964 kB
Active(anon):    1107520 kB
Inactive(anon):    17796 kB
Active(file):     174404 kB
Inactive(file):  1392168 kB
Unevictable:        5428 kB
Mlocked:            5428 kB
SwapTotal:       3670008 kB
SwapFree:        3670008 kB
Dirty:               336 kB
Writeback:             0 kB
AnonPages:       1106620 kB
Mapped:           810732 kB
Shmem:             19780 kB
KReclaimable:     575032 kB
Slab:             223644 kB
SReclaimable:      67760 kB
SUnreclaim:       155884 kB
KernelStack:       47024 kB
PageTables:        60148 kB
NFS_Unstable:          0 kB
Bounce:                0 kB
WritebackTmp:          0 kB
CommitLimit:     6660208 kB
Committed_AS:   71038992 kB
VmallocTotal:   263061440 kB
VmallocUsed:       87484 kB
VmallocChunk:          0 kB
Percpu:             7616 kB
CmaTotal:         315392 kB
CmaFree:               0 kB
MemTotal:        5980404 kB
MemFree:         1220520 kB
MemAvailable:    2799692 kB
Buffers:            4840 kB
Cached:          1585900 kB
SwapCached:            0 kB
Active:          1282536 kB
Inactive:        1409964 kB
Active(anon):    1108132 kB
Inactive(anon):    17796 kB
Active(file):     174404 kB
Inactive(file):  1392168 kB
Unevictable:        5428 kB
Mlocked:            5428 kB
SwapTotal:       3670008 kB
SwapFree:        3670008 kB
Dirty:               336 kB
Writeback:             0 kB
AnonPages:       1107224 kB
Mapped:           810732 kB
Shmem:             19780 kB
KReclaimable:     575032 kB
Slab:             223604 kB
SReclaimable:      67760 kB
SUnreclaim:       155844 kB
KernelStack:       47072 kB
PageTables:        60208 kB
NFS_Unstable:          0 kB
Bounce:                0 kB
WritebackTmp:          0 kB
CommitLimit:     6660208 kB
Committed_AS:   71036624 kB
VmallocTotal:   263061440 kB
VmallocUsed:       87436 kB
VmallocChunk:          0 kB
Percpu:             7616 kB
CmaTotal:         315392 kB
CmaFree:               0 kB
MemTotal:        5980404 kB
MemFree:         1218620 kB
MemAvailable:    2797812 kB
Buffers:            4844 kB
Cached:          1585920 kB
SwapCached:            0 kB
Active:          1283176 kB
Inactive:        1409984 kB
Active(anon):    1108768 kB
Inactive(anon):    17800 kB
Active(file):     174408 kB
Inactive(file):  1392184 kB
Unevictable:        5428 kB
Mlocked:            5428 kB
SwapTotal:       3670008 kB
SwapFree:        3670008 kB
Dirty:               328 kB
Writeback:             0 kB
AnonPages:       1108064 kB
Mapped:           810736 kB
Shmem:             19784 kB
KReclaimable:     575032 kB
Slab:             223656 kB
SReclaimable:      67760 kB
SUnreclaim:       155896 kB
KernelStack:       47040 kB
PageTables:        60280 kB
NFS_Unstable:          0 kB
Bounce:                0 kB
WritebackTmp:          0 kB
CommitLimit:     6660208 kB
Committed_AS:   71035744 kB
VmallocTotal:   263061440 kB
VmallocUsed:       87452 kB
VmallocChunk:          0 kB
Percpu:             7616 kB
CmaTotal:         315392 kB
CmaFree:               0 kB
MemTotal:        5980404 kB
MemFree:         1217756 kB
MemAvailable:    2796948 kB
Buffers:            4844 kB
Cached:          1585920 kB
SwapCached:            0 kB
Active:          1283684 kB
Inactive:        1409980 kB
Active(anon):    1109272 kB
Inactive(anon):    17800 kB
Active(file):     174412 kB
Inactive(file):  1392180 kB
Unevictable:        5428 kB
Mlocked:            5428 kB
SwapTotal:       3670008 kB
SwapFree:        3670008 kB
Dirty:               328 kB
Writeback:             0 kB
AnonPages:       1108144 kB
Mapped:           810492 kB
Shmem:             19784 kB
KReclaimable:     575032 kB
Slab:             223640 kB
SReclaimable:      67760 kB
SUnreclaim:       155880 kB
KernelStack:       47024 kB
PageTables:        60204 kB
NFS_Unstable:          0 kB
Bounce:                0 kB
WritebackTmp:          0 kB
CommitLimit:     6660208 kB
Committed_AS:   71035792 kB
VmallocTotal:   263061440 kB
VmallocUsed:       87388 kB
VmallocChunk:          0 kB
Percpu:             7616 kB
CmaTotal:         315392 kB
CmaFree:               0 kB
MemTotal:        5980404 kB
MemFree:         1221612 kB
MemAvailable:    2800804 kB
Buffers:            4844 kB
Cached:          1585920 kB
SwapCached:            0 kB
Active:          1280476 kB
Inactive:        1409980 kB
Active(anon):    1106064 kB
Inactive(anon):    17800 kB
Active(file):     174412 kB
Inactive(file):  1392180 kB
Unevictable:        5428 kB
Mlocked:            5428 kB
SwapTotal:       3670008 kB
SwapFree:        3670008 kB
Dirty:               328 kB
Writeback:             0 kB
AnonPages:       1104908 kB
Mapped:           810816 kB
Shmem:             19784 kB
KReclaimable:     575032 kB
Slab:             223620 kB
SReclaimable:      67760 kB
SUnreclaim:       155860 kB
KernelStack:       47008 kB
PageTables:        60244 kB
NFS_Unstable:          0 kB
Bounce:                0 kB
WritebackTmp:          0 kB
CommitLimit:     6660208 kB
Committed_AS:   71043868 kB
VmallocTotal:   263061440 kB
VmallocUsed:       87404 kB
VmallocChunk:          0 kB
Percpu:             7616 kB
CmaTotal:         315392 kB
CmaFree:             264 kB
MemTotal:        5980404 kB
MemFree:         1221076 kB
MemAvailable:    2800260 kB
Buffers:            4844 kB
Cached:          1585912 kB
SwapCached:            0 kB
Active:          1281040 kB
Inactive:        1409976 kB
Active(anon):    1106632 kB
Inactive(anon):    17800 kB
Active(file):     174408 kB
Inactive(file):  1392176 kB
Unevictable:        5428 kB
Mlocked:            5428 kB
SwapTotal:       3670008 kB
SwapFree:        3670008 kB
Dirty:               320 kB
Writeback:             0 kB
AnonPages:       1105620 kB
Mapped:           810896 kB
Shmem:             19784 kB
KReclaimable:     575032 kB
Slab:             223644 kB
SReclaimable:      67760 kB
SUnreclaim:       155884 kB
KernelStack:       47024 kB
PageTables:        60228 kB
NFS_Unstable:          0 kB
Bounce:                0 kB
WritebackTmp:          0 kB
CommitLimit:     6660208 kB
Committed_AS:   71045456 kB
VmallocTotal:   263061440 kB
VmallocUsed:       87452 kB
VmallocChunk:          0 kB
Percpu:             7616 kB
CmaTotal:         315392 kB
CmaFree:             164 kB
MemTotal:        5980404 kB
MemFree:         1221528 kB
MemAvailable:    2800752 kB
Buffers:            4844 kB
Cached:          1585924 kB
SwapCached:            0 kB
Active:          1281032 kB
Inactive:        1409984 kB
Active(anon):    1106620 kB
Inactive(anon):    17804 kB
Active(file):     174412 kB
Inactive(file):  1392180 kB
Unevictable:        5428 kB
Mlocked:            5428 kB
SwapTotal:       3670008 kB
SwapFree:        3670008 kB
Dirty:               340 kB
Writeback:             0 kB
AnonPages:       1105528 kB
Mapped:           810780 kB
Shmem:             19788 kB
KReclaimable:     575032 kB
Slab:             223616 kB
SReclaimable:      67760 kB
SUnreclaim:       155856 kB
KernelStack:       47040 kB
PageTables:        60216 kB
NFS_Unstable:          0 kB
Bounce:                0 kB
WritebackTmp:          0 kB
CommitLimit:     6660208 kB
Committed_AS:   71045576 kB
VmallocTotal:   263061440 kB
VmallocUsed:       87484 kB
