MemTotal:       12113136 kB
MemFree:         6384588 kB
MemAvailable:    7988884 kB
Buffers:            5568 kB
Cached:          1834396 kB
SwapCached:            0 kB
Active:          1487904 kB
Inactive:        1596616 kB
Active(anon):    1251040 kB
Inactive(anon):    24768 kB
Active(file):     236864 kB
Inactive(file):  1571848 kB
Unevictable:        5620 kB
Mlocked:            5620 kB
SwapTotal:       3145724 kB
SwapFree:        3145724 kB
Dirty:               244 kB
Writeback:             0 kB
AnonPages:       1250232 kB
Mapped:           863208 kB
Shmem:             26684 kB
KReclaimable:     664288 kB
Slab:             225720 kB
SReclaimable:      77224 kB
SUnreclaim:       148496 kB
KernelStack:       47816 kB
PageTables:        66784 kB
NFS_Unstable:          0 kB
Bounce:                0 kB
WritebackTmp:          0 kB
CommitLimit:     9202292 kB
Committed_AS:   75076236 kB
VmallocTotal:   263061440 kB
VmallocUsed:      104840 kB
VmallocChunk:          0 kB
Percpu:             7552 kB
CmaTotal:         294912 kB
CmaFree:             256 kB
MemTotal:       12113136 kB
MemFree:         6395784 kB
MemAvailable:    8000168 kB
Buffers:            5568 kB
Cached:          1834484 kB
SwapCached:            0 kB
Active:          1475592 kB
Inactive:        1596668 kB
Active(anon):    1238692 kB
Inactive(anon):    24768 kB
Active(file):     236900 kB
Inactive(file):  1571900 kB
Unevictable:        5620 kB
Mlocked:            5620 kB
SwapTotal:       3145724 kB
SwapFree:        3145724 kB
Dirty:               372 kB
Writeback:             0 kB
AnonPages:       1237872 kB
Mapped:           863400 kB
Shmem:             26684 kB
KReclaimable:     664288 kB
Slab:             225704 kB
SReclaimable:      77224 kB
SUnreclaim:       148480 kB
KernelStack:       47792 kB
PageTables:        67008 kB
NFS_Unstable:          0 kB
Bounce:                0 kB
WritebackTmp:          0 kB
CommitLimit:     9202292 kB
Committed_AS:   75076112 kB
VmallocTotal:   263061440 kB
VmallocUsed:      104872 kB
VmallocChunk:          0 kB
Percpu:             7552 kB
CmaTotal:         294912 kB
CmaFree:               0 kB
MemTotal:       12113136 kB
MemFree:         6395836 kB
MemAvailable:    8000224 kB
Buffers:            5568 kB
Cached:          1834488 kB
SwapCached:            0 kB
Active:          1476060 kB
Inactive:        1596664 kB
Active(anon):    1239152 kB
Inactive(anon):    24768 kB
Active(file):     236908 kB
Inactive(file):  1571896 kB
Unevictable:        5620 kB
Mlocked:            5620 kB
SwapTotal:       3145724 kB
SwapFree:        3145724 kB
Dirty:               388 kB
Writeback:             0 kB
AnonPages:       1238172 kB
Mapped:           863292 kB
Shmem:             26684 kB
KReclaimable:     664288 kB
Slab:             225680 kB
SReclaimable:      77224 kB
SUnreclaim:       148456 kB
KernelStack:       47856 kB
PageTables:        67092 kB
NFS_Unstable:          0 kB
Bounce:                0 kB
WritebackTmp:          0 kB
CommitLimit:     9202292 kB
Committed_AS:   75075804 kB
VmallocTotal:   263061440 kB
VmallocUsed:      104856 kB
VmallocChunk:          0 kB
Percpu:             7552 kB
CmaTotal:         294912 kB
CmaFree:              68 kB
MemTotal:       12113136 kB
MemFree:         6395000 kB
MemAvailable:    7999420 kB
Buffers:            5568 kB
Cached:          1834520 kB
SwapCached:            0 kB
Active:          1476328 kB
Inactive:        1596692 kB
Active(anon):    1239416 kB
Inactive(anon):    24768 kB
Active(file):     236912 kB
Inactive(file):  1571924 kB
Unevictable:        5620 kB
Mlocked:            5620 kB
SwapTotal:       3145724 kB
SwapFree:        3145724 kB
Dirty:               360 kB
Writeback:             0 kB
AnonPages:       1238796 kB
Mapped:           863444 kB
Shmem:             26684 kB
KReclaimable:     664288 kB
Slab:             225688 kB
SReclaimable:      77224 kB
SUnreclaim:       148464 kB
KernelStack:       47808 kB
PageTables:        67012 kB
NFS_Unstable:          0 kB
Bounce:                0 kB
WritebackTmp:          0 kB
CommitLimit:     9202292 kB
Committed_AS:   75076156 kB
VmallocTotal:   263061440 kB
VmallocUsed:      104872 kB
VmallocChunk:          0 kB
Percpu:             7552 kB
CmaTotal:         294912 kB
CmaFree:               0 kB
MemTotal:       12113136 kB
MemFree:         6405840 kB
MemAvailable:    8010284 kB
Buffers:            5568 kB
Cached:          1834544 kB
SwapCached:            0 kB
Active:          1464852 kB
Inactive:        1596716 kB
Active(anon):    1227940 kB
Inactive(anon):    24768 kB
Active(file):     236912 kB
Inactive(file):  1571948 kB
Unevictable:        5620 kB
Mlocked:            5620 kB
SwapTotal:       3145724 kB
SwapFree:        3145724 kB
Dirty:               384 kB
Writeback:             0 kB
AnonPages:       1227368 kB
Mapped:           863368 kB
Shmem:             26684 kB
KReclaimable:     664288 kB
Slab:             225696 kB
SReclaimable:      77224 kB
SUnreclaim:       148472 kB
KernelStack:       47844 kB
PageTables:        67284 kB
NFS_Unstable:          0 kB
Bounce:                0 kB
WritebackTmp:          0 kB
CommitLimit:     9202292 kB
Committed_AS:   75081644 kB
VmallocTotal:   263061440 kB
VmallocUsed:      104872 kB
VmallocChunk:          0 kB
Percpu:             7552 kB
CmaTotal:         294912 kB
CmaFree:             456 kB
MemTotal:       12113136 kB
MemFree:         6405660 kB
MemAvailable:    8010108 kB
Buffers:            5568 kB
Cached:          1834548 kB
SwapCached:            0 kB
Active:          1465644 kB
Inactive:        1596720 kB
Active(anon):    1228732 kB
Inactive(anon):    24768 kB
Active(file):     236912 kB
Inactive(file):  1571952 kB
Unevictable:        5620 kB
Mlocked:            5620 kB
SwapTotal:       3145724 kB
SwapFree:        3145724 kB
Dirty:               392 kB
Writeback:             0 kB
AnonPages:       1227932 kB
Mapped:           863444 kB
Shmem:             26684 kB
KReclaimable:     664288 kB
Slab:             225720 kB
SReclaimable:      77224 kB
SUnreclaim:       148496 kB
KernelStack:       47840 kB
PageTables:        67032 kB
NFS_Unstable:          0 kB
Bounce:                0 kB
WritebackTmp:          0 kB
CommitLimit:     9202292 kB
Committed_AS:   75076876 kB
VmallocTotal:   263061440 kB
VmallocUsed:      104872 kB
VmallocChunk:          0 kB
Percpu:             7552 kB
CmaTotal:         294912 kB
CmaFree:             140 kB
MemTotal:       12113136 kB
MemFree:         6406140 kB
MemAvailable:    8010596 kB
Buffers:            5568 kB
Cached:          1834556 kB
SwapCached:            0 kB
Active:          1466772 kB
Inactive:        1596724 kB
Active(anon):    1229856 kB
Inactive(anon):    24768 kB
Active(file):     236916 kB
Inactive(file):  1571956 kB
Unevictable:        5620 kB
Mlocked:            5620 kB
SwapTotal:       3145724 kB
SwapFree:        3145724 kB
Dirty:               440 kB
Writeback:             0 kB
AnonPages:       1228492 kB
Mapped:           863512 kB
Shmem:             26684 kB
KReclaimable:     664288 kB
Slab:             225672 kB
SReclaimable:      77224 kB
SUnreclaim:       148448 kB
KernelStack:       47904 kB
PageTables:        67144 kB
NFS_Unstable:          0 kB
Bounce:                0 kB
WritebackTmp:          0 kB
CommitLimit:     9202292 kB
Committed_AS:   75081116 kB
VmallocTotal:   263061440 kB
VmallocUsed:      104888 kB
VmallocChunk:          0 kB
Percpu:             7552 kB
CmaTotal:         294912 kB
CmaFree:               0 kB
MemTotal:       12113136 kB
MemFree:         6405780 kB
MemAvailable:    8010252 kB
Buffers:            5568 kB
Cached:          1834576 kB
SwapCached:            0 kB
Active:          1466796 kB
Inactive:        1596744 kB
Active(anon):    1229880 kB
Inactive(anon):    24772 kB
Active(file):     236916 kB
Inactive(file):  1571972 kB
Unevictable:        5620 kB
Mlocked:            5620 kB
SwapTotal:       3145724 kB
SwapFree:        3145724 kB
Dirty:               592 kB
Writeback:             0 kB
AnonPages:       1228976 kB
Mapped:           863304 kB
Shmem:             26688 kB
KReclaimable:     664288 kB
Slab:             225752 kB
SReclaimable:      77224 kB
SUnreclaim:       148528 kB
KernelStack:       47792 kB
PageTables:        67288 kB
NFS_Unstable:          0 kB
Bounce:                0 kB
WritebackTmp:          0 kB
CommitLimit:     9202292 kB
Committed_AS:   75081868 kB
VmallocTotal:   263061440 kB
VmallocUsed:      104872 kB
VmallocChunk:          0 kB
Percpu:             7552 kB
CmaTotal:         294912 kB
CmaFree:             208 kB
MemTotal:       12113136 kB
MemFree:         6404384 kB
MemAvailable:    8008856 kB
Buffers:            5572 kB
Cached:          1834572 kB
SwapCached:            0 kB
Active:          1467220 kB
Inactive:        1596748 kB
Active(anon):    1230308 kB
Inactive(anon):    24772 kB
Active(file):     236912 kB
Inactive(file):  1571976 kB
Unevictable:        5620 kB
Mlocked:            5620 kB
SwapTotal:       3145724 kB
SwapFree:        3145724 kB
Dirty:               596 kB
Writeback:             0 kB
AnonPages:       1229132 kB
Mapped:           863532 kB
Shmem:             26688 kB
KReclaimable:     664288 kB
Slab:             225672 kB
SReclaimable:      77224 kB
SUnreclaim:       148448 kB
KernelStack:       47844 kB
PageTables:        67312 kB
NFS_Unstable:          0 kB
Bounce:                0 kB
WritebackTmp:          0 kB
CommitLimit:     9202292 kB
Committed_AS:   75077016 kB
VmallocTotal:   263061440 kB
VmallocUsed:      104872 kB
VmallocChunk:          0 kB
Percpu:             7552 kB
CmaTotal:         294912 kB
CmaFree:               0 kB
MemTotal:       12113136 kB
MemFree:         6402616 kB
MemAvailable:    8007120 kB
Buffers:            5572 kB
Cached:          1834620 kB
SwapCached:            0 kB
Active:          1469492 kB
Inactive:        1596792 kB
Active(anon):    1232576 kB
Inactive(anon):    24788 kB
Active(file):     236916 kB
Inactive(file):  1572004 kB
Unevictable:        5620 kB
Mlocked:            5620 kB
SwapTotal:       3145724 kB
SwapFree:        3145724 kB
Dirty:               368 kB
Writeback:             0 kB
AnonPages:       1232124 kB
Mapped:           863536 kB
Shmem:             26704 kB
KReclaimable:     664288 kB
Slab:             225776 kB
SReclaimable:      77224 kB
SUnreclaim:       148552 kB
KernelStack:       47860 kB
PageTables:        67444 kB
NFS_Unstable:          0 kB
Bounce:                0 kB
WritebackTmp:          0 kB
CommitLimit:     9202292 kB
Committed_AS:   75087356 kB
VmallocTotal:   263061440 kB
VmallocUsed:      104872 kB
VmallocChunk:          0 kB
Percpu:             7552 kB
CmaTotal:         294912 kB
CmaFree:               0 kB
MemTotal:       12113136 kB
MemFree:         6400400 kB
MemAvailable:    8004932 kB
Buffers:            5572 kB
Cached:          1834652 kB
SwapCached:            0 kB
Active:          1470136 kB
Inactive:        1596820 kB
Active(anon):    1233216 kB
Inactive(anon):    24792 kB
Active(file):     236920 kB
Inactive(file):  1572028 kB
Unevictable:        5620 kB
Mlocked:            5620 kB
SwapTotal:       3145724 kB
SwapFree:        3145724 kB
Dirty:               284 kB
Writeback:             0 kB
AnonPages:       1232084 kB
Mapped:           863464 kB
Shmem:             26708 kB
KReclaimable:     664288 kB
Slab:             225680 kB
SReclaimable:      77224 kB
SUnreclaim:       148456 kB
KernelStack:       47856 kB
PageTables:        67068 kB
NFS_Unstable:          0 kB
Bounce:                0 kB
WritebackTmp:          0 kB
CommitLimit:     9202292 kB
Committed_AS:   75087640 kB
VmallocTotal:   263061440 kB
VmallocUsed:      104872 kB
VmallocChunk:          0 kB
Percpu:             7552 kB
CmaTotal:         294912 kB
CmaFree:               0 kB
MemTotal:       12113136 kB
MemFree:         6400856 kB
MemAvailable:    8005396 kB
Buffers:            5572 kB
Cached:          1834660 kB
SwapCached:            0 kB
Active:          1470716 kB
Inactive:        1596828 kB
Active(anon):    1233796 kB
Inactive(anon):    24792 kB
Active(file):     236920 kB
Inactive(file):  1572036 kB
Unevictable:        5620 kB
Mlocked:            5620 kB
SwapTotal:       3145724 kB
SwapFree:        3145724 kB
Dirty:               320 kB
Writeback:             0 kB
AnonPages:       1233196 kB
Mapped:           863396 kB
Shmem:             26708 kB
KReclaimable:     664288 kB
Slab:             225752 kB
SReclaimable:      77224 kB
SUnreclaim:       148528 kB
KernelStack:       47844 kB
PageTables:        66936 kB
NFS_Unstable:          0 kB
Bounce:                0 kB
WritebackTmp:          0 kB
CommitLimit:     9202292 kB
Committed_AS:   75087552 kB
VmallocTotal:   263061440 kB
VmallocUsed:      104840 kB
VmallocChunk:          0 kB
Percpu:             7552 kB
CmaTotal:         294912 kB
CmaFree:               0 kB
MemTotal:       12113136 kB
MemFree:         6400304 kB
MemAvailable:    8004860 kB
Buffers:            5572 kB
Cached:          1834680 kB
SwapCached:            0 kB
Active:          1471296 kB
Inactive:        1596848 kB
Active(anon):    1234376 kB
Inactive(anon):    24796 kB
Active(file):     236920 kB
Inactive(file):  1572052 kB
Unevictable:        5620 kB
Mlocked:            5620 kB
SwapTotal:       3145724 kB
SwapFree:        3145724 kB
Dirty:               348 kB
Writeback:             0 kB
AnonPages:       1233480 kB
Mapped:           863364 kB
Shmem:             26712 kB
KReclaimable:     664288 kB
Slab:             225680 kB
SReclaimable:      77224 kB
SUnreclaim:       148456 kB
KernelStack:       47888 kB
PageTables:        66948 kB
NFS_Unstable:          0 kB
Bounce:                0 kB
WritebackTmp:          0 kB
CommitLimit:     9202292 kB
Committed_AS:   75086864 kB
VmallocTotal:   263061440 kB
VmallocUsed:      104888 kB
VmallocChunk:          0 kB
Percpu:             7552 kB
CmaTotal:         294912 kB
CmaFree:               4 kB
MemTotal:       12113136 kB
MemFree:         6399228 kB
MemAvailable:    8003768 kB
Buffers:            5572 kB
Cached:          1834664 kB
SwapCached:            0 kB
Active:          1471520 kB
Inactive:        1596836 kB
Active(anon):    1234604 kB
Inactive(anon):    24796 kB
Active(file):     236916 kB
Inactive(file):  1572040 kB
Unevictable:        5620 kB
Mlocked:            5620 kB
SwapTotal:       3145724 kB
SwapFree:        3145724 kB
Dirty:               356 kB
Writeback:             0 kB
AnonPages:       1233872 kB
Mapped:           863400 kB
Shmem:             26712 kB
KReclaimable:     664288 kB
Slab:             225736 kB
SReclaimable:      77224 kB
SUnreclaim:       148512 kB
KernelStack:       47940 kB
PageTables:        67260 kB
NFS_Unstable:          0 kB
Bounce:                0 kB
WritebackTmp:          0 kB
CommitLimit:     9202292 kB
Committed_AS:   75087368 kB
VmallocTotal:   263061440 kB
VmallocUsed:      104936 kB
VmallocChunk:          0 kB
Percpu:             7552 kB
CmaTotal:         294912 kB
CmaFree:               8 kB
MemTotal:       12113136 kB
MemFree:         6398796 kB
MemAvailable:    8003376 kB
Buffers:            5572 kB
Cached:          1834704 kB
SwapCached:            0 kB
Active:          1471352 kB
Inactive:        1596872 kB
Active(anon):    1234432 kB
Inactive(anon):    24796 kB
Active(file):     236920 kB
Inactive(file):  1572076 kB
Unevictable:        5620 kB
Mlocked:            5620 kB
SwapTotal:       3145724 kB
SwapFree:        3145724 kB
Dirty:               376 kB
Writeback:             0 kB
AnonPages:       1233768 kB
Mapped:           863448 kB
Shmem:             26712 kB
KReclaimable:     664288 kB
Slab:             225696 kB
SReclaimable:      77224 kB
SUnreclaim:       148472 kB
KernelStack:       47872 kB
PageTables:        66992 kB
NFS_Unstable:          0 kB
Bounce:                0 kB
WritebackTmp:          0 kB
CommitLimit:     9202292 kB
Committed_AS:   75087252 kB
VmallocTotal:   263061440 kB
VmallocUsed:      104968 kB
VmallocChunk:          0 kB
Percpu:             7552 kB
CmaTotal:         294912 kB
CmaFree:               0 kB
MemTotal:       12113136 kB
MemFree:         6398440 kB
MemAvailable:    8003024 kB
Buffers:            5572 kB
Cached:          1834712 kB
SwapCached:            0 kB
Active:          1472484 kB
Inactive:        1596880 kB
Active(anon):    1235564 kB
Inactive(anon):    24800 kB
Active(file):     236920 kB
Inactive(file):  1572080 kB
Unevictable:        5620 kB
Mlocked:            5620 kB
SwapTotal:       3145724 kB
SwapFree:        3145724 kB
Dirty:               408 kB
Writeback:             0 kB
AnonPages:       1234964 kB
Mapped:           863548 kB
Shmem:             26716 kB
KReclaimable:     664288 kB
Slab:             225736 kB
SReclaimable:      77224 kB
SUnreclaim:       148512 kB
KernelStack:       47972 kB
PageTables:        67172 kB
NFS_Unstable:          0 kB
Bounce:                0 kB
WritebackTmp:          0 kB
CommitLimit:     9202292 kB
Committed_AS:   75087076 kB
VmallocTotal:   263061440 kB
VmallocUsed:      104936 kB
VmallocChunk:          0 kB
Percpu:             7552 kB
CmaTotal:         294912 kB
CmaFree:               0 kB
MemTotal:       12113136 kB
MemFree:         6398840 kB
MemAvailable:    8003448 kB
Buffers:            5572 kB
Cached:          1834736 kB
SwapCached:            0 kB
Active:          1472948 kB
Inactive:        1596904 kB
Active(anon):    1236028 kB
Inactive(anon):    24800 kB
Active(file):     236920 kB
Inactive(file):  1572104 kB
Unevictable:        5620 kB
Mlocked:            5620 kB
SwapTotal:       3145724 kB
SwapFree:        3145724 kB
Dirty:               432 kB
Writeback:             0 kB
AnonPages:       1234764 kB
Mapped:           863540 kB
Shmem:             26716 kB
KReclaimable:     664288 kB
Slab:             225672 kB
SReclaimable:      77224 kB
SUnreclaim:       148448 kB
KernelStack:       47888 kB
PageTables:        67196 kB
NFS_Unstable:          0 kB
Bounce:                0 kB
WritebackTmp:          0 kB
CommitLimit:     9202292 kB
Committed_AS:   75081856 kB
VmallocTotal:   263061440 kB
VmallocUsed:      104952 kB
VmallocChunk:          0 kB
Percpu:             7552 kB
CmaTotal:         294912 kB
CmaFree:               0 kB
MemTotal:       12113136 kB
MemFree:         6363452 kB
MemAvailable:    7968064 kB
Buffers:            5572 kB
Cached:          1834728 kB
SwapCached:            0 kB
Active:          1509028 kB
Inactive:        1596900 kB
Active(anon):    1272108 kB
Inactive(anon):    24792 kB
Active(file):     236920 kB
Inactive(file):  1572108 kB
Unevictable:        5620 kB
Mlocked:            5620 kB
SwapTotal:       3145724 kB
SwapFree:        3145724 kB
Dirty:               448 kB
Writeback:             0 kB
AnonPages:       1269740 kB
Mapped:           863400 kB
Shmem:             26704 kB
KReclaimable:     664288 kB
Slab:             225760 kB
SReclaimable:      77224 kB
SUnreclaim:       148536 kB
KernelStack:       47940 kB
PageTables:        67300 kB
NFS_Unstable:          0 kB
Bounce:                0 kB
WritebackTmp:          0 kB
CommitLimit:     9202292 kB
Committed_AS:   75083000 kB
VmallocTotal:   263061440 kB
VmallocUsed:      104920 kB
VmallocChunk:          0 kB
Percpu:             7552 kB
CmaTotal:         294912 kB
CmaFree:              48 kB
MemTotal:       12113136 kB
MemFree:         6360680 kB
MemAvailable:    7965316 kB
Buffers:            5572 kB
Cached:          1834936 kB
SwapCached:            0 kB
Active:          1510132 kB
Inactive:        1596932 kB
Active(anon):    1273212 kB
Inactive(anon):    24800 kB
Active(file):     236920 kB
Inactive(file):  1572132 kB
Unevictable:        5620 kB
Mlocked:            5620 kB
SwapTotal:       3145724 kB
SwapFree:        3145724 kB
Dirty:               500 kB
Writeback:             0 kB
AnonPages:       1272696 kB
Mapped:           863332 kB
Shmem:             26888 kB
KReclaimable:     664288 kB
Slab:             225848 kB
SReclaimable:      77224 kB
SUnreclaim:       148624 kB
KernelStack:       47888 kB
PageTables:        67304 kB
NFS_Unstable:          0 kB
Bounce:                0 kB
WritebackTmp:          0 kB
CommitLimit:     9202292 kB
Committed_AS:   75082640 kB
VmallocTotal:   263061440 kB
VmallocUsed:      104936 kB
VmallocChunk:          0 kB
Percpu:             7552 kB
CmaTotal:         294912 kB
CmaFree:               0 kB
MemTotal:       12113136 kB
MemFree:         6360884 kB
MemAvailable:    7965528 kB
Buffers:            5572 kB
Cached:          1834772 kB
SwapCached:            0 kB
Active:          1511320 kB
Inactive:        1596940 kB
Active(anon):    1274400 kB
Inactive(anon):    24800 kB
Active(file):     236920 kB
Inactive(file):  1572140 kB
Unevictable:        5620 kB
Mlocked:            5620 kB
SwapTotal:       3145724 kB
SwapFree:        3145724 kB
Dirty:               516 kB
Writeback:             0 kB
AnonPages:       1273332 kB
Mapped:           863348 kB
Shmem:             26716 kB
KReclaimable:     664288 kB
Slab:             225664 kB
SReclaimable:      77224 kB
SUnreclaim:       148440 kB
KernelStack:       47968 kB
PageTables:        67200 kB
NFS_Unstable:          0 kB
Bounce:                0 kB
WritebackTmp:          0 kB
CommitLimit:     9202292 kB
Committed_AS:   75082296 kB
VmallocTotal:   263061440 kB
VmallocUsed:      104952 kB
VmallocChunk:          0 kB
Percpu:             7552 kB
CmaTotal:         294912 kB
CmaFree:               0 kB
MemTotal:       12113136 kB
MemFree:         6359744 kB
MemAvailable:    7964400 kB
Buffers:            5572 kB
Cached:          1835064 kB
SwapCached:            0 kB
Active:          1512208 kB
Inactive:        1596972 kB
Active(anon):    1275288 kB
Inactive(anon):    24820 kB
Active(file):     236920 kB
Inactive(file):  1572152 kB
Unevictable:        5620 kB
Mlocked:            5620 kB
SwapTotal:       3145724 kB
SwapFree:        3145724 kB
Dirty:               528 kB
Writeback:             0 kB
AnonPages:       1274368 kB
Mapped:           863372 kB
Shmem:             26996 kB
KReclaimable:     664288 kB
Slab:             225664 kB
SReclaimable:      77224 kB
SUnreclaim:       148440 kB
KernelStack:       47920 kB
PageTables:        67052 kB
NFS_Unstable:          0 kB
Bounce:                0 kB
WritebackTmp:          0 kB
CommitLimit:     9202292 kB
Committed_AS:   75094804 kB
VmallocTotal:   263061440 kB
VmallocUsed:      104952 kB
VmallocChunk:          0 kB
Percpu:             7552 kB
CmaTotal:         294912 kB
CmaFree:               4 kB
MemTotal:       12113136 kB
MemFree:         6358536 kB
MemAvailable:    7963200 kB
Buffers:            5572 kB
Cached:          1834792 kB
SwapCached:            0 kB
Active:          1512508 kB
Inactive:        1596960 kB
Active(anon):    1275588 kB
Inactive(anon):    24800 kB
Active(file):     236920 kB
Inactive(file):  1572160 kB
Unevictable:        5620 kB
Mlocked:            5620 kB
SwapTotal:       3145724 kB
SwapFree:        3145724 kB
Dirty:               552 kB
Writeback:             0 kB
AnonPages:       1274868 kB
Mapped:           863476 kB
Shmem:             26716 kB
KReclaimable:     664288 kB
Slab:             225672 kB
SReclaimable:      77224 kB
SUnreclaim:       148448 kB
KernelStack:       47956 kB
PageTables:        67452 kB
NFS_Unstable:          0 kB
Bounce:                0 kB
WritebackTmp:          0 kB
CommitLimit:     9202292 kB
Committed_AS:   75092588 kB
VmallocTotal:   263061440 kB
VmallocUsed:      104968 kB
VmallocChunk:          0 kB
Percpu:             7552 kB
CmaTotal:         294912 kB
CmaFree:               0 kB
MemTotal:       12113136 kB
MemFree:         6357956 kB
MemAvailable:    7962632 kB
Buffers:            5572 kB
Cached:          1834804 kB
SwapCached:            0 kB
Active:          1513344 kB
Inactive:        1596972 kB
Active(anon):    1276424 kB
Inactive(anon):    24800 kB
Active(file):     236920 kB
Inactive(file):  1572172 kB
Unevictable:        5620 kB
Mlocked:            5620 kB
SwapTotal:       3145724 kB
SwapFree:        3145724 kB
Dirty:               564 kB
Writeback:             0 kB
AnonPages:       1275856 kB
Mapped:           863328 kB
Shmem:             26716 kB
KReclaimable:     664288 kB
Slab:             225656 kB
SReclaimable:      77224 kB
SUnreclaim:       148432 kB
KernelStack:       47888 kB
PageTables:        67000 kB
NFS_Unstable:          0 kB
Bounce:                0 kB
WritebackTmp:          0 kB
CommitLimit:     9202292 kB
Committed_AS:   75091176 kB
VmallocTotal:   263061440 kB
VmallocUsed:      104968 kB
VmallocChunk:          0 kB
Percpu:             7552 kB
CmaTotal:         294912 kB
CmaFree:               0 kB
MemTotal:       12113136 kB
MemFree:         6355684 kB
MemAvailable:    7960392 kB
Buffers:            5576 kB
Cached:          1834828 kB
SwapCached:            0 kB
Active:          1514096 kB
Inactive:        1596996 kB
Active(anon):    1277172 kB
Inactive(anon):    24800 kB
Active(file):     236924 kB
Inactive(file):  1572196 kB
Unevictable:        5620 kB
Mlocked:            5620 kB
SwapTotal:       3145724 kB
SwapFree:        3145724 kB
Dirty:               592 kB
Writeback:             0 kB
AnonPages:       1276500 kB
Mapped:           863332 kB
Shmem:             26716 kB
KReclaimable:     664292 kB
Slab:             225668 kB
SReclaimable:      77228 kB
SUnreclaim:       148440 kB
KernelStack:       47940 kB
PageTables:        66972 kB
NFS_Unstable:          0 kB
Bounce:                0 kB
WritebackTmp:          0 kB
CommitLimit:     9202292 kB
Committed_AS:   75087520 kB
VmallocTotal:   263061440 kB
VmallocUsed:      104984 kB
VmallocChunk:          0 kB
Percpu:             7552 kB
CmaTotal:         294912 kB
CmaFree:               0 kB
MemTotal:       12113136 kB
MemFree:         6356264 kB
MemAvailable:    7960992 kB
Buffers:            5576 kB
Cached:          1834848 kB
SwapCached:            0 kB
Active:          1515208 kB
Inactive:        1597016 kB
Active(anon):    1278284 kB
Inactive(anon):    24800 kB
Active(file):     236924 kB
Inactive(file):  1572216 kB
Unevictable:        5620 kB
Mlocked:            5620 kB
SwapTotal:       3145724 kB
SwapFree:        3145724 kB
Dirty:               308 kB
Writeback:             0 kB
AnonPages:       1277372 kB
Mapped:           863328 kB
Shmem:             26716 kB
KReclaimable:     664292 kB
Slab:             225668 kB
SReclaimable:      77228 kB
SUnreclaim:       148440 kB
KernelStack:       47872 kB
PageTables:        67016 kB
NFS_Unstable:          0 kB
Bounce:                0 kB
WritebackTmp:          0 kB
CommitLimit:     9202292 kB
Committed_AS:   75087796 kB
VmallocTotal:   263061440 kB
VmallocUsed:      104952 kB
VmallocChunk:          0 kB
Percpu:             7552 kB
CmaTotal:         294912 kB
CmaFree:               0 kB
MemTotal:       12113136 kB
MemFree:         6355568 kB
MemAvailable:    7960316 kB
Buffers:            5576 kB
Cached:          1834868 kB
SwapCached:            0 kB
Active:          1515632 kB
Inactive:        1597036 kB
Active(anon):    1278708 kB
Inactive(anon):    24800 kB
Active(file):     236924 kB
Inactive(file):  1572236 kB
Unevictable:        5620 kB
Mlocked:            5620 kB
SwapTotal:       3145724 kB
SwapFree:        3145724 kB
Dirty:               280 kB
Writeback:             0 kB
AnonPages:       1277716 kB
Mapped:           863400 kB
Shmem:             26716 kB
KReclaimable:     664292 kB
Slab:             225648 kB
SReclaimable:      77228 kB
SUnreclaim:       148420 kB
KernelStack:       47908 kB
PageTables:        67348 kB
NFS_Unstable:          0 kB
Bounce:                0 kB
WritebackTmp:          0 kB
CommitLimit:     9202292 kB
Committed_AS:   75087400 kB
VmallocTotal:   263061440 kB
VmallocUsed:      104968 kB
VmallocChunk:          0 kB
Percpu:             7552 kB
CmaTotal:         294912 kB
CmaFree:              44 kB
MemTotal:       12113136 kB
MemFree:         6355700 kB
MemAvailable:    7960452 kB
Buffers:            5576 kB
Cached:          1834876 kB
SwapCached:            0 kB
Active:          1515220 kB
Inactive:        1597044 kB
Active(anon):    1278296 kB
Inactive(anon):    24804 kB
Active(file):     236924 kB
Inactive(file):  1572240 kB
Unevictable:        5620 kB
Mlocked:            5620 kB
SwapTotal:       3145724 kB
SwapFree:        3145724 kB
Dirty:               316 kB
Writeback:             0 kB
AnonPages:       1277536 kB
Mapped:           863352 kB
Shmem:             26720 kB
KReclaimable:     664292 kB
Slab:             225648 kB
SReclaimable:      77228 kB
SUnreclaim:       148420 kB
KernelStack:       47924 kB
PageTables:        67400 kB
NFS_Unstable:          0 kB
Bounce:                0 kB
WritebackTmp:          0 kB
CommitLimit:     9202292 kB
Committed_AS:   75082912 kB
VmallocTotal:   263061440 kB
VmallocUsed:      104952 kB
VmallocChunk:          0 kB
Percpu:             7552 kB
CmaTotal:         294912 kB
CmaFree:               0 kB
MemTotal:       12113136 kB
MemFree:         6365052 kB
MemAvailable:    7969828 kB
Buffers:            5576 kB
Cached:          1834900 kB
SwapCached:            0 kB
Active:          1504728 kB
Inactive:        1597064 kB
Active(anon):    1267800 kB
Inactive(anon):    24804 kB
Active(file):     236928 kB
Inactive(file):  1572260 kB
Unevictable:        5620 kB
Mlocked:            5620 kB
SwapTotal:       3145724 kB
SwapFree:        3145724 kB
Dirty:               376 kB
Writeback:             0 kB
AnonPages:       1266908 kB
Mapped:           863548 kB
Shmem:             26720 kB
KReclaimable:     664292 kB
Slab:             225648 kB
SReclaimable:      77228 kB
SUnreclaim:       148420 kB
KernelStack:       47904 kB
PageTables:        67004 kB
NFS_Unstable:          0 kB
Bounce:                0 kB
WritebackTmp:          0 kB
CommitLimit:     9202292 kB
Committed_AS:   75088152 kB
VmallocTotal:   263061440 kB
VmallocUsed:      104952 kB
VmallocChunk:          0 kB
Percpu:             7552 kB
CmaTotal:         294912 kB
CmaFree:            1000 kB
MemTotal:       12113136 kB
MemFree:         6364796 kB
MemAvailable:    7969580 kB
Buffers:            5576 kB
Cached:          1834908 kB
SwapCached:            0 kB
Active:          1505348 kB
Inactive:        1597076 kB
Active(anon):    1268424 kB
Inactive(anon):    24804 kB
Active(file):     236924 kB
Inactive(file):  1572272 kB
Unevictable:        5620 kB
Mlocked:            5620 kB
SwapTotal:       3145724 kB
SwapFree:        3145724 kB
Dirty:               384 kB
Writeback:             0 kB
AnonPages:       1267504 kB
Mapped:           863404 kB
Shmem:             26720 kB
KReclaimable:     664292 kB
Slab:             225640 kB
SReclaimable:      77228 kB
SUnreclaim:       148412 kB
KernelStack:       47872 kB
PageTables:        67008 kB
NFS_Unstable:          0 kB
Bounce:                0 kB
WritebackTmp:          0 kB
CommitLimit:     9202292 kB
Committed_AS:   75087868 kB
VmallocTotal:   263061440 kB
VmallocUsed:      104952 kB
VmallocChunk:          0 kB
Percpu:             7552 kB
CmaTotal:         294912 kB
CmaFree:             136 kB
MemTotal:       12113136 kB
MemFree:         6364120 kB
MemAvailable:    7968904 kB
Buffers:            5576 kB
Cached:          1834908 kB
SwapCached:            0 kB
Active:          1506140 kB
Inactive:        1597076 kB
Active(anon):    1269216 kB
Inactive(anon):    24804 kB
Active(file):     236924 kB
Inactive(file):  1572272 kB
Unevictable:        5620 kB
Mlocked:            5620 kB
SwapTotal:       3145724 kB
SwapFree:        3145724 kB
Dirty:               432 kB
Writeback:             0 kB
AnonPages:       1268680 kB
Mapped:           863408 kB
Shmem:             26720 kB
KReclaimable:     664292 kB
Slab:             225640 kB
SReclaimable:      77228 kB
SUnreclaim:       148412 kB
KernelStack:       47856 kB
PageTables:        66952 kB
NFS_Unstable:          0 kB
Bounce:                0 kB
WritebackTmp:          0 kB
CommitLimit:     9202292 kB
Committed_AS:   75087780 kB
VmallocTotal:   263061440 kB
VmallocUsed:      104952 kB
VmallocChunk:          0 kB
Percpu:             7552 kB
CmaTotal:         294912 kB
CmaFree:             128 kB
MemTotal:       12113136 kB
MemFree:         6372168 kB
MemAvailable:    7976968 kB
Buffers:            5576 kB
Cached:          1834924 kB
SwapCached:            0 kB
Active:          1498092 kB
Inactive:        1597092 kB
Active(anon):    1261168 kB
Inactive(anon):    24804 kB
Active(file):     236924 kB
Inactive(file):  1572288 kB
Unevictable:        5620 kB
Mlocked:            5620 kB
SwapTotal:       3145724 kB
SwapFree:        3145724 kB
Dirty:               452 kB
Writeback:             0 kB
AnonPages:       1259880 kB
Mapped:           863332 kB
Shmem:             26720 kB
KReclaimable:     664292 kB
Slab:             225632 kB
SReclaimable:      77228 kB
SUnreclaim:       148404 kB
KernelStack:       47924 kB
PageTables:        67268 kB
NFS_Unstable:          0 kB
Bounce:                0 kB
WritebackTmp:          0 kB
CommitLimit:     9202292 kB
Committed_AS:   75087780 kB
VmallocTotal:   263061440 kB
VmallocUsed:      104952 kB
VmallocChunk:          0 kB
Percpu:             7552 kB
CmaTotal:         294912 kB
CmaFree:              92 kB
MemTotal:       12113136 kB
MemFree:         6371752 kB
MemAvailable:    7976568 kB
Buffers:            5576 kB
Cached:          1834940 kB
SwapCached:            0 kB
Active:          1498740 kB
Inactive:        1597108 kB
Active(anon):    1261816 kB
Inactive(anon):    24804 kB
Active(file):     236924 kB
Inactive(file):  1572304 kB
Unevictable:        5620 kB
Mlocked:            5620 kB
SwapTotal:       3145724 kB
SwapFree:        3145724 kB
Dirty:               484 kB
Writeback:             0 kB
AnonPages:       1260780 kB
Mapped:           863348 kB
Shmem:             26720 kB
KReclaimable:     664292 kB
Slab:             225648 kB
SReclaimable:      77228 kB
SUnreclaim:       148420 kB
KernelStack:       47856 kB
PageTables:        67296 kB
NFS_Unstable:          0 kB
Bounce:                0 kB
WritebackTmp:          0 kB
CommitLimit:     9202292 kB
Committed_AS:   75087500 kB
VmallocTotal:   263061440 kB
VmallocUsed:      104936 kB
VmallocChunk:          0 kB
Percpu:             7552 kB
CmaTotal:         294912 kB
CmaFree:              40 kB
MemTotal:       12113136 kB
MemFree:         6371900 kB
MemAvailable:    7976720 kB
Buffers:            5576 kB
Cached:          1834944 kB
SwapCached:            0 kB
Active:          1498880 kB
Inactive:        1597112 kB
Active(anon):    1261956 kB
Inactive(anon):    24804 kB
Active(file):     236924 kB
Inactive(file):  1572308 kB
Unevictable:        5620 kB
Mlocked:            5620 kB
SwapTotal:       3145724 kB
SwapFree:        3145724 kB
Dirty:               492 kB
Writeback:             0 kB
AnonPages:       1261100 kB
Mapped:           863476 kB
Shmem:             26720 kB
KReclaimable:     664292 kB
Slab:             225632 kB
SReclaimable:      77228 kB
SUnreclaim:       148404 kB
KernelStack:       47936 kB
PageTables:        67092 kB
NFS_Unstable:          0 kB
Bounce:                0 kB
WritebackTmp:          0 kB
CommitLimit:     9202292 kB
Committed_AS:   75077276 kB
VmallocTotal:   263061440 kB
VmallocUsed:      104904 kB
VmallocChunk:          0 kB
Percpu:             7552 kB
CmaTotal:         294912 kB
CmaFree:              20 kB
MemTotal:       12113136 kB
MemFree:         6397320 kB
MemAvailable:    8002164 kB
Buffers:            5576 kB
Cached:          1834968 kB
SwapCached:            0 kB
Active:          1472916 kB
Inactive:        1597140 kB
Active(anon):    1235996 kB
Inactive(anon):    24804 kB
Active(file):     236920 kB
Inactive(file):  1572336 kB
Unevictable:        5620 kB
Mlocked:            5620 kB
SwapTotal:       3145724 kB
SwapFree:        3145724 kB
Dirty:               540 kB
Writeback:             0 kB
AnonPages:       1235292 kB
Mapped:           863428 kB
Shmem:             26720 kB
KReclaimable:     664292 kB
Slab:             225640 kB
SReclaimable:      77228 kB
SUnreclaim:       148412 kB
KernelStack:       47888 kB
PageTables:        67008 kB
NFS_Unstable:          0 kB
Bounce:                0 kB
WritebackTmp:          0 kB
CommitLimit:     9202292 kB
Committed_AS:   75072936 kB
VmallocTotal:   263061440 kB
VmallocUsed:      104904 kB
VmallocChunk:          0 kB
Percpu:             7552 kB
CmaTotal:         294912 kB
CmaFree:              80 kB
MemTotal:       12113136 kB
MemFree:         6398156 kB
MemAvailable:    8003012 kB
Buffers:            5576 kB
Cached:          1834984 kB
SwapCached:            0 kB
Active:          1473420 kB
Inactive:        1597148 kB
Active(anon):    1236496 kB
Inactive(anon):    24804 kB
Active(file):     236924 kB
Inactive(file):  1572344 kB
Unevictable:        5620 kB
Mlocked:            5620 kB
SwapTotal:       3145724 kB
SwapFree:        3145724 kB
Dirty:               304 kB
Writeback:             0 kB
AnonPages:       1235860 kB
Mapped:           863476 kB
Shmem:             26720 kB
KReclaimable:     664292 kB
Slab:             225648 kB
SReclaimable:      77228 kB
SUnreclaim:       148420 kB
KernelStack:       47872 kB
PageTables:        67140 kB
NFS_Unstable:          0 kB
Bounce:                0 kB
WritebackTmp:          0 kB
CommitLimit:     9202292 kB
Committed_AS:   75077336 kB
VmallocTotal:   263061440 kB
VmallocUsed:      104872 kB
VmallocChunk:          0 kB
Percpu:             7552 kB
CmaTotal:         294912 kB
CmaFree:             260 kB
MemTotal:       12113136 kB
MemFree:         6397232 kB
MemAvailable:    8002108 kB
Buffers:            5576 kB
Cached:          1835000 kB
SwapCached:            0 kB
Active:          1473860 kB
Inactive:        1597168 kB
Active(anon):    1236936 kB
Inactive(anon):    24804 kB
Active(file):     236924 kB
Inactive(file):  1572364 kB
Unevictable:        5620 kB
Mlocked:            5620 kB
SwapTotal:       3145724 kB
SwapFree:        3145724 kB
Dirty:               252 kB
Writeback:             0 kB
AnonPages:       1236392 kB
Mapped:           863408 kB
Shmem:             26720 kB
KReclaimable:     664292 kB
Slab:             225660 kB
SReclaimable:      77228 kB
SUnreclaim:       148432 kB
KernelStack:       47908 kB
PageTables:        66948 kB
NFS_Unstable:          0 kB
Bounce:                0 kB
WritebackTmp:          0 kB
CommitLimit:     9202292 kB
Committed_AS:   75082560 kB
VmallocTotal:   263061440 kB
VmallocUsed:      104920 kB
VmallocChunk:          0 kB
Percpu:             7552 kB
CmaTotal:         294912 kB
CmaFree:               8 kB
MemTotal:       12113136 kB
MemFree:         6398084 kB
MemAvailable:    8002956 kB
Buffers:            5576 kB
Cached:          1834996 kB
SwapCached:            0 kB
Active:          1474080 kB
Inactive:        1597168 kB
Active(anon):    1237160 kB
Inactive(anon):    24804 kB
Active(file):     236920 kB
Inactive(file):  1572364 kB
Unevictable:        5620 kB
Mlocked:            5620 kB
SwapTotal:       3145724 kB
SwapFree:        3145724 kB
Dirty:               268 kB
Writeback:             0 kB
AnonPages:       1236480 kB
Mapped:           863476 kB
Shmem:             26720 kB
KReclaimable:     664292 kB
Slab:             225652 kB
SReclaimable:      77228 kB
SUnreclaim:       148424 kB
KernelStack:       47936 kB
PageTables:        67124 kB
NFS_Unstable:          0 kB
Bounce:                0 kB
WritebackTmp:          0 kB
CommitLimit:     9202292 kB
Committed_AS:   75082160 kB
VmallocTotal:   263061440 kB
VmallocUsed:      104904 kB
VmallocChunk:          0 kB
Percpu:             7552 kB
CmaTotal:         294912 kB
CmaFree:             248 kB
MemTotal:       12113136 kB
MemFree:         6396804 kB
MemAvailable:    8001696 kB
Buffers:            5576 kB
Cached:          1835016 kB
SwapCached:            0 kB
Active:          1474356 kB
Inactive:        1597184 kB
Active(anon):    1237432 kB
Inactive(anon):    24804 kB
Active(file):     236924 kB
Inactive(file):  1572380 kB
Unevictable:        5620 kB
Mlocked:            5620 kB
SwapTotal:       3145724 kB
SwapFree:        3145724 kB
Dirty:               304 kB
Writeback:             0 kB
AnonPages:       1236644 kB
Mapped:           863408 kB
Shmem:             26720 kB
KReclaimable:     664292 kB
Slab:             225652 kB
SReclaimable:      77228 kB
SUnreclaim:       148424 kB
KernelStack:       47856 kB
PageTables:        66960 kB
NFS_Unstable:          0 kB
Bounce:                0 kB
WritebackTmp:          0 kB
CommitLimit:     9202292 kB
Committed_AS:   75081800 kB
VmallocTotal:   263061440 kB
VmallocUsed:      104920 kB
VmallocChunk:          0 kB
Percpu:             7552 kB
CmaTotal:         294912 kB
CmaFree:              28 kB
MemTotal:       12113136 kB
MemFree:         6396780 kB
MemAvailable:    8001692 kB
Buffers:            5580 kB
Cached:          1835032 kB
SwapCached:            0 kB
Active:          1475104 kB
Inactive:        1597204 kB
Active(anon):    1238180 kB
Inactive(anon):    24804 kB
Active(file):     236924 kB
Inactive(file):  1572400 kB
Unevictable:        5620 kB
Mlocked:            5620 kB
SwapTotal:       3145724 kB
SwapFree:        3145724 kB
Dirty:               324 kB
Writeback:             0 kB
AnonPages:       1237260 kB
Mapped:           863472 kB
Shmem:             26720 kB
KReclaimable:     664292 kB
Slab:             225652 kB
SReclaimable:      77228 kB
SUnreclaim:       148424 kB
KernelStack:       47888 kB
PageTables:        67076 kB
NFS_Unstable:          0 kB
Bounce:                0 kB
WritebackTmp:          0 kB
CommitLimit:     9202292 kB
Committed_AS:   75088116 kB
VmallocTotal:   263061440 kB
VmallocUsed:      104920 kB
VmallocChunk:          0 kB
Percpu:             7552 kB
CmaTotal:         294912 kB
CmaFree:               0 kB
MemTotal:       12113136 kB
MemFree:         6395100 kB
MemAvailable:    8000044 kB
Buffers:            5580 kB
Cached:          1835064 kB
SwapCached:            0 kB
Active:          1476012 kB
Inactive:        1597232 kB
Active(anon):    1239084 kB
Inactive(anon):    24804 kB
Active(file):     236928 kB
Inactive(file):  1572428 kB
Unevictable:        5620 kB
Mlocked:            5620 kB
SwapTotal:       3145724 kB
SwapFree:        3145724 kB
Dirty:               348 kB
Writeback:             0 kB
AnonPages:       1238492 kB
Mapped:           863548 kB
Shmem:             26720 kB
KReclaimable:     664292 kB
Slab:             225652 kB
SReclaimable:      77228 kB
SUnreclaim:       148424 kB
KernelStack:       47888 kB
PageTables:        67056 kB
NFS_Unstable:          0 kB
Bounce:                0 kB
WritebackTmp:          0 kB
CommitLimit:     9202292 kB
Committed_AS:   75087516 kB
VmallocTotal:   263061440 kB
VmallocUsed:      104920 kB
VmallocChunk:          0 kB
Percpu:             7552 kB
CmaTotal:         294912 kB
CmaFree:               0 kB
MemTotal:       12113136 kB
MemFree:         6394836 kB
MemAvailable:    7999788 kB
Buffers:            5580 kB
Cached:          1835080 kB
SwapCached:            0 kB
Active:          1476876 kB
Inactive:        1597248 kB
Active(anon):    1239948 kB
Inactive(anon):    24812 kB
Active(file):     236928 kB
Inactive(file):  1572436 kB
Unevictable:        5620 kB
Mlocked:            5620 kB
SwapTotal:       3145724 kB
SwapFree:        3145724 kB
Dirty:               372 kB
Writeback:             0 kB
AnonPages:       1239060 kB
Mapped:           863340 kB
Shmem:             26728 kB
KReclaimable:     664292 kB
Slab:             225652 kB
SReclaimable:      77228 kB
SUnreclaim:       148424 kB
KernelStack:       47908 kB
PageTables:        67284 kB
NFS_Unstable:          0 kB
Bounce:                0 kB
WritebackTmp:          0 kB
CommitLimit:     9202292 kB
Committed_AS:   75087572 kB
VmallocTotal:   263061440 kB
VmallocUsed:      104936 kB
VmallocChunk:          0 kB
Percpu:             7552 kB
CmaTotal:         294912 kB
CmaFree:               0 kB
MemTotal:       12113136 kB
MemFree:         6393732 kB
MemAvailable:    7998696 kB
Buffers:            5580 kB
Cached:          1835092 kB
SwapCached:            0 kB
Active:          1477484 kB
Inactive:        1597260 kB
Active(anon):    1240556 kB
Inactive(anon):    24812 kB
Active(file):     236928 kB
Inactive(file):  1572448 kB
Unevictable:        5620 kB
Mlocked:            5620 kB
SwapTotal:       3145724 kB
SwapFree:        3145724 kB
Dirty:               384 kB
Writeback:             0 kB
AnonPages:       1239952 kB
Mapped:           863560 kB
Shmem:             26728 kB
KReclaimable:     664292 kB
Slab:             225656 kB
SReclaimable:      77228 kB
SUnreclaim:       148428 kB
KernelStack:       47972 kB
PageTables:        67068 kB
NFS_Unstable:          0 kB
Bounce:                0 kB
WritebackTmp:          0 kB
CommitLimit:     9202292 kB
Committed_AS:   75087488 kB
VmallocTotal:   263061440 kB
VmallocUsed:      104920 kB
VmallocChunk:          0 kB
Percpu:             7552 kB
CmaTotal:         294912 kB
CmaFree:               0 kB
MemTotal:       12113136 kB
MemFree:         6393788 kB
MemAvailable:    7998764 kB
Buffers:            5580 kB
Cached:          1835104 kB
SwapCached:            0 kB
Active:          1478284 kB
Inactive:        1597272 kB
Active(anon):    1241356 kB
Inactive(anon):    24812 kB
Active(file):     236928 kB
Inactive(file):  1572460 kB
Unevictable:        5620 kB
Mlocked:            5620 kB
SwapTotal:       3145724 kB
SwapFree:        3145724 kB
Dirty:               396 kB
Writeback:             0 kB
AnonPages:       1240804 kB
Mapped:           863240 kB
Shmem:             26728 kB
KReclaimable:     664292 kB
Slab:             225648 kB
SReclaimable:      77228 kB
SUnreclaim:       148420 kB
KernelStack:       47884 kB
PageTables:        66820 kB
NFS_Unstable:          0 kB
Bounce:                0 kB
WritebackTmp:          0 kB
CommitLimit:     9202292 kB
Committed_AS:   75077392 kB
VmallocTotal:   263061440 kB
VmallocUsed:      104888 kB
VmallocChunk:          0 kB
Percpu:             7552 kB
CmaTotal:         294912 kB
CmaFree:               0 kB
MemTotal:       12113136 kB
MemFree:         6393296 kB
MemAvailable:    7998292 kB
Buffers:            5580 kB
Cached:          1835124 kB
SwapCached:            0 kB
Active:          1479144 kB
Inactive:        1597292 kB
Active(anon):    1242216 kB
Inactive(anon):    24812 kB
Active(file):     236928 kB
Inactive(file):  1572480 kB
Unevictable:        5620 kB
Mlocked:            5620 kB
SwapTotal:       3145724 kB
SwapFree:        3145724 kB
Dirty:               432 kB
Writeback:             0 kB
AnonPages:       1241448 kB
Mapped:           863320 kB
Shmem:             26728 kB
KReclaimable:     664292 kB
Slab:             225648 kB
SReclaimable:      77228 kB
SUnreclaim:       148420 kB
KernelStack:       47856 kB
PageTables:        67236 kB
NFS_Unstable:          0 kB
Bounce:                0 kB
WritebackTmp:          0 kB
CommitLimit:     9202292 kB
Committed_AS:   75073636 kB
VmallocTotal:   263061440 kB
VmallocUsed:      104936 kB
VmallocChunk:          0 kB
Percpu:             7552 kB
CmaTotal:         294912 kB
CmaFree:               0 kB
MemTotal:       12113136 kB
MemFree:         6391968 kB
MemAvailable:    7996976 kB
Buffers:            5580 kB
Cached:          1835136 kB
SwapCached:            0 kB
Active:          1479196 kB
Inactive:        1597304 kB
Active(anon):    1242268 kB
Inactive(anon):    24812 kB
Active(file):     236928 kB
Inactive(file):  1572492 kB
Unevictable:        5620 kB
Mlocked:            5620 kB
SwapTotal:       3145724 kB
SwapFree:        3145724 kB
Dirty:               444 kB
Writeback:             0 kB
AnonPages:       1240624 kB
Mapped:           863340 kB
Shmem:             26728 kB
KReclaimable:     664292 kB
Slab:             225648 kB
SReclaimable:      77228 kB
SUnreclaim:       148420 kB
KernelStack:       47892 kB
PageTables:        67284 kB
NFS_Unstable:          0 kB
Bounce:                0 kB
WritebackTmp:          0 kB
CommitLimit:     9202292 kB
Committed_AS:   75077956 kB
VmallocTotal:   263061440 kB
VmallocUsed:      104952 kB
VmallocChunk:          0 kB
Percpu:             7552 kB
CmaTotal:         294912 kB
CmaFree:               0 kB
MemTotal:       12113136 kB
MemFree:         6391636 kB
MemAvailable:    7996660 kB
Buffers:            5580 kB
Cached:          1835152 kB
SwapCached:            0 kB
Active:          1480156 kB
Inactive:        1597320 kB
Active(anon):    1243228 kB
Inactive(anon):    24812 kB
Active(file):     236928 kB
Inactive(file):  1572508 kB
Unevictable:        5620 kB
Mlocked:            5620 kB
SwapTotal:       3145724 kB
SwapFree:        3145724 kB
Dirty:               472 kB
Writeback:             0 kB
AnonPages:       1242272 kB
Mapped:           863376 kB
Shmem:             26728 kB
KReclaimable:     664292 kB
Slab:             225648 kB
SReclaimable:      77228 kB
SUnreclaim:       148420 kB
KernelStack:       47892 kB
PageTables:        67340 kB
NFS_Unstable:          0 kB
Bounce:                0 kB
WritebackTmp:          0 kB
CommitLimit:     9202292 kB
Committed_AS:   75073824 kB
VmallocTotal:   263061440 kB
VmallocUsed:      104920 kB
VmallocChunk:          0 kB
Percpu:             7552 kB
CmaTotal:         294912 kB
CmaFree:               0 kB
MemTotal:       12113136 kB
MemFree:         6392124 kB
MemAvailable:    7997152 kB
Buffers:            5580 kB
Cached:          1835156 kB
SwapCached:            0 kB
Active:          1479968 kB
Inactive:        1597324 kB
Active(anon):    1243040 kB
Inactive(anon):    24812 kB
Active(file):     236928 kB
Inactive(file):  1572512 kB
Unevictable:        5620 kB
Mlocked:            5620 kB
SwapTotal:       3145724 kB
SwapFree:        3145724 kB
Dirty:               488 kB
Writeback:             0 kB
AnonPages:       1242224 kB
Mapped:           863484 kB
Shmem:             26728 kB
KReclaimable:     664292 kB
Slab:             225656 kB
SReclaimable:      77228 kB
SUnreclaim:       148428 kB
KernelStack:       47872 kB
PageTables:        67012 kB
NFS_Unstable:          0 kB
Bounce:                0 kB
WritebackTmp:          0 kB
CommitLimit:     9202292 kB
Committed_AS:   75077616 kB
VmallocTotal:   263061440 kB
VmallocUsed:      104872 kB
VmallocChunk:          0 kB
Percpu:             7552 kB
CmaTotal:         294912 kB
CmaFree:               0 kB
MemTotal:       12113136 kB
MemFree:         6386628 kB
MemAvailable:    7991672 kB
Buffers:            5580 kB
Cached:          1835172 kB
SwapCached:            0 kB
Active:          1486952 kB
Inactive:        1597340 kB
Active(anon):    1250024 kB
Inactive(anon):    24812 kB
Active(file):     236928 kB
Inactive(file):  1572528 kB
Unevictable:        5620 kB
Mlocked:            5620 kB
SwapTotal:       3145724 kB
SwapFree:        3145724 kB
Dirty:               504 kB
Writeback:             0 kB
AnonPages:       1249056 kB
Mapped:           863416 kB
Shmem:             26728 kB
KReclaimable:     664292 kB
Slab:             225648 kB
SReclaimable:      77228 kB
SUnreclaim:       148420 kB
KernelStack:       47908 kB
PageTables:        67072 kB
NFS_Unstable:          0 kB
Bounce:                0 kB
WritebackTmp:          0 kB
CommitLimit:     9202292 kB
Committed_AS:   75077556 kB
VmallocTotal:   263061440 kB
VmallocUsed:      104888 kB
VmallocChunk:          0 kB
Percpu:             7552 kB
CmaTotal:         294912 kB
CmaFree:               0 kB
MemTotal:       12113136 kB
MemFree:         6364120 kB
MemAvailable:    7969192 kB
Buffers:            5580 kB
Cached:          1835416 kB
SwapCached:            0 kB
Active:          1510632 kB
Inactive:        1597580 kB
Active(anon):    1273700 kB
Inactive(anon):    25028 kB
Active(file):     236932 kB
Inactive(file):  1572552 kB
Unevictable:        5620 kB
Mlocked:            5620 kB
SwapTotal:       3145724 kB
SwapFree:        3145724 kB
Dirty:               528 kB
Writeback:             0 kB
AnonPages:       1272524 kB
Mapped:           863372 kB
Shmem:             26944 kB
KReclaimable:     664292 kB
Slab:             225656 kB
SReclaimable:      77228 kB
SUnreclaim:       148428 kB
KernelStack:       47908 kB
PageTables:        67016 kB
NFS_Unstable:          0 kB
Bounce:                0 kB
WritebackTmp:          0 kB
CommitLimit:     9202292 kB
Committed_AS:   75087536 kB
VmallocTotal:   263061440 kB
VmallocUsed:      104920 kB
VmallocChunk:          0 kB
Percpu:             7552 kB
CmaTotal:         294912 kB
CmaFree:               0 kB
MemTotal:       12113136 kB
MemFree:         6362864 kB
MemAvailable:    7967924 kB
Buffers:            5580 kB
Cached:          1835196 kB
SwapCached:            0 kB
Active:          1509476 kB
Inactive:        1597364 kB
Active(anon):    1272548 kB
Inactive(anon):    24820 kB
Active(file):     236928 kB
Inactive(file):  1572544 kB
Unevictable:        5620 kB
Mlocked:            5620 kB
SwapTotal:       3145724 kB
SwapFree:        3145724 kB
Dirty:               300 kB
Writeback:             0 kB
AnonPages:       1271828 kB
Mapped:           863424 kB
Shmem:             26736 kB
KReclaimable:     664292 kB
Slab:             225664 kB
SReclaimable:      77228 kB
SUnreclaim:       148436 kB
KernelStack:       47908 kB
PageTables:        67304 kB
NFS_Unstable:          0 kB
Bounce:                0 kB
WritebackTmp:          0 kB
CommitLimit:     9202292 kB
Committed_AS:   75083016 kB
VmallocTotal:   263061440 kB
VmallocUsed:      104920 kB
VmallocChunk:          0 kB
Percpu:             7552 kB
CmaTotal:         294912 kB
CmaFree:               0 kB
MemTotal:       12113136 kB
MemFree:         6356872 kB
MemAvailable:    7961952 kB
Buffers:            5580 kB
Cached:          1835012 kB
SwapCached:            0 kB
Active:          1515764 kB
Inactive:        1597180 kB
Active(anon):    1278836 kB
Inactive(anon):    24616 kB
Active(file):     236928 kB
Inactive(file):  1572564 kB
Unevictable:        5620 kB
Mlocked:            5620 kB
SwapTotal:       3145724 kB
SwapFree:        3145724 kB
Dirty:               304 kB
Writeback:             0 kB
AnonPages:       1277968 kB
Mapped:           863216 kB
Shmem:             26532 kB
KReclaimable:     664292 kB
Slab:             225656 kB
SReclaimable:      77228 kB
SUnreclaim:       148428 kB
KernelStack:       47940 kB
PageTables:        66936 kB
NFS_Unstable:          0 kB
Bounce:                0 kB
WritebackTmp:          0 kB
CommitLimit:     9202292 kB
Committed_AS:   75082852 kB
VmallocTotal:   263061440 kB
VmallocUsed:      104920 kB
VmallocChunk:          0 kB
Percpu:             7552 kB
CmaTotal:         294912 kB
CmaFree:               4 kB
MemTotal:       12113136 kB
MemFree:         6359612 kB
MemAvailable:    7964696 kB
Buffers:            5580 kB
Cached:          1835220 kB
SwapCached:            0 kB
Active:          1510976 kB
Inactive:        1597388 kB
Active(anon):    1274048 kB
Inactive(anon):    24820 kB
Active(file):     236928 kB
Inactive(file):  1572568 kB
Unevictable:        5620 kB
Mlocked:            5620 kB
SwapTotal:       3145724 kB
SwapFree:        3145724 kB
Dirty:               320 kB
Writeback:             0 kB
AnonPages:       1273392 kB
Mapped:           863564 kB
Shmem:             26736 kB
KReclaimable:     664292 kB
Slab:             225592 kB
SReclaimable:      77228 kB
SUnreclaim:       148364 kB
KernelStack:       47940 kB
PageTables:        67360 kB
NFS_Unstable:          0 kB
Bounce:                0 kB
WritebackTmp:          0 kB
CommitLimit:     9202292 kB
Committed_AS:   75089064 kB
VmallocTotal:   263061440 kB
VmallocUsed:      104952 kB
VmallocChunk:          0 kB
Percpu:             7552 kB
CmaTotal:         294912 kB
CmaFree:               0 kB
MemTotal:       12113136 kB
MemFree:         6371340 kB
MemAvailable:    7976436 kB
Buffers:            5580 kB
Cached:          1835232 kB
SwapCached:            0 kB
Active:          1500008 kB
Inactive:        1597400 kB
Active(anon):    1263080 kB
Inactive(anon):    24820 kB
Active(file):     236928 kB
Inactive(file):  1572580 kB
Unevictable:        5620 kB
Mlocked:            5620 kB
SwapTotal:       3145724 kB
SwapFree:        3145724 kB
Dirty:               360 kB
Writeback:             0 kB
AnonPages:       1262092 kB
Mapped:           863424 kB
Shmem:             26736 kB
KReclaimable:     664292 kB
Slab:             225632 kB
SReclaimable:      77228 kB
SUnreclaim:       148404 kB
KernelStack:       47892 kB
PageTables:        66956 kB
NFS_Unstable:          0 kB
Bounce:                0 kB
WritebackTmp:          0 kB
CommitLimit:     9202292 kB
Committed_AS:   75094648 kB
VmallocTotal:   263061440 kB
VmallocUsed:      104936 kB
VmallocChunk:          0 kB
Percpu:             7552 kB
CmaTotal:         294912 kB
CmaFree:              32 kB
MemTotal:       12113136 kB
MemFree:         6370296 kB
MemAvailable:    7975380 kB
Buffers:            5584 kB
Cached:          1835216 kB
SwapCached:            0 kB
Active:          1500672 kB
Inactive:        1597388 kB
Active(anon):    1263744 kB
Inactive(anon):    24820 kB
Active(file):     236928 kB
Inactive(file):  1572568 kB
Unevictable:        5620 kB
Mlocked:            5620 kB
SwapTotal:       3145724 kB
SwapFree:        3145724 kB
Dirty:               368 kB
Writeback:             0 kB
AnonPages:       1262932 kB
Mapped:           863424 kB
Shmem:             26736 kB
KReclaimable:     664292 kB
Slab:             225648 kB
SReclaimable:      77228 kB
SUnreclaim:       148420 kB
KernelStack:       47908 kB
PageTables:        67080 kB
NFS_Unstable:          0 kB
Bounce:                0 kB
WritebackTmp:          0 kB
CommitLimit:     9202292 kB
Committed_AS:   75088784 kB
VmallocTotal:   263061440 kB
VmallocUsed:      104936 kB
VmallocChunk:          0 kB
Percpu:             7552 kB
CmaTotal:         294912 kB
CmaFree:             456 kB
MemTotal:       12113136 kB
MemFree:         6369844 kB
MemAvailable:    7974996 kB
Buffers:            5584 kB
Cached:          1835284 kB
SwapCached:            0 kB
Active:          1500716 kB
Inactive:        1597452 kB
Active(anon):    1263784 kB
Inactive(anon):    24820 kB
Active(file):     236932 kB
Inactive(file):  1572632 kB
Unevictable:        5620 kB
Mlocked:            5620 kB
SwapTotal:       3145724 kB
SwapFree:        3145724 kB
Dirty:               380 kB
Writeback:             0 kB
AnonPages:       1262908 kB
Mapped:           863424 kB
Shmem:             26736 kB
KReclaimable:     664292 kB
Slab:             225648 kB
SReclaimable:      77228 kB
SUnreclaim:       148420 kB
KernelStack:       47908 kB
PageTables:        66960 kB
NFS_Unstable:          0 kB
Bounce:                0 kB
WritebackTmp:          0 kB
CommitLimit:     9202292 kB
Committed_AS:   75089084 kB
VmallocTotal:   263061440 kB
VmallocUsed:      104968 kB
VmallocChunk:          0 kB
Percpu:             7552 kB
CmaTotal:         294912 kB
CmaFree:              56 kB
MemTotal:       12113136 kB
MemFree:         6369424 kB
MemAvailable:    7974572 kB
Buffers:            5584 kB
Cached:          1835280 kB
SwapCached:            0 kB
Active:          1501636 kB
Inactive:        1597452 kB
Active(anon):    1264708 kB
Inactive(anon):    24820 kB
Active(file):     236928 kB
Inactive(file):  1572632 kB
Unevictable:        5620 kB
Mlocked:            5620 kB
SwapTotal:       3145724 kB
SwapFree:        3145724 kB
Dirty:               260 kB
Writeback:             0 kB
AnonPages:       1263676 kB
Mapped:           863516 kB
Shmem:             26736 kB
KReclaimable:     664292 kB
Slab:             225640 kB
SReclaimable:      77228 kB
SUnreclaim:       148412 kB
KernelStack:       47872 kB
PageTables:        67072 kB
NFS_Unstable:          0 kB
Bounce:                0 kB
WritebackTmp:          0 kB
CommitLimit:     9202292 kB
Committed_AS:   75094304 kB
VmallocTotal:   263061440 kB
VmallocUsed:      104952 kB
VmallocChunk:          0 kB
Percpu:             7552 kB
CmaTotal:         294912 kB
CmaFree:              76 kB
MemTotal:       12113136 kB
MemFree:         6368600 kB
MemAvailable:    7973772 kB
Buffers:            5584 kB
Cached:          1835304 kB
SwapCached:            0 kB
Active:          1502572 kB
Inactive:        1597472 kB
Active(anon):    1265640 kB
Inactive(anon):    24820 kB
Active(file):     236932 kB
Inactive(file):  1572652 kB
Unevictable:        5620 kB
Mlocked:            5620 kB
SwapTotal:       3145724 kB
SwapFree:        3145724 kB
Dirty:               348 kB
Writeback:             0 kB
AnonPages:       1264708 kB
Mapped:           863296 kB
Shmem:             26736 kB
KReclaimable:     664292 kB
Slab:             225648 kB
SReclaimable:      77228 kB
SUnreclaim:       148420 kB
KernelStack:       47888 kB
PageTables:        67056 kB
NFS_Unstable:          0 kB
Bounce:                0 kB
WritebackTmp:          0 kB
CommitLimit:     9202292 kB
Committed_AS:   75090508 kB
VmallocTotal:   263061440 kB
VmallocUsed:      104968 kB
VmallocChunk:          0 kB
Percpu:             7552 kB
CmaTotal:         294912 kB
CmaFree:               0 kB
MemTotal:       12113136 kB
MemFree:         6394100 kB
MemAvailable:    7999272 kB
Buffers:            5584 kB
Cached:          1835304 kB
SwapCached:            0 kB
Active:          1475048 kB
Inactive:        1597476 kB
Active(anon):    1238120 kB
Inactive(anon):    24820 kB
Active(file):     236928 kB
Inactive(file):  1572656 kB
Unevictable:        5620 kB
Mlocked:            5620 kB
SwapTotal:       3145724 kB
SwapFree:        3145724 kB
Dirty:               356 kB
Writeback:             0 kB
AnonPages:       1237128 kB
Mapped:           863352 kB
Shmem:             26736 kB
KReclaimable:     664292 kB
Slab:             225652 kB
SReclaimable:      77228 kB
SUnreclaim:       148424 kB
KernelStack:       47924 kB
PageTables:        67264 kB
NFS_Unstable:          0 kB
Bounce:                0 kB
WritebackTmp:          0 kB
CommitLimit:     9202292 kB
Committed_AS:   75091460 kB
VmallocTotal:   263061440 kB
VmallocUsed:      104968 kB
VmallocChunk:          0 kB
Percpu:             7552 kB
CmaTotal:         294912 kB
CmaFree:             112 kB
MemTotal:       12113136 kB
MemFree:         6395332 kB
MemAvailable:    8000528 kB
Buffers:            5584 kB
Cached:          1835328 kB
SwapCached:            0 kB
Active:          1475124 kB
Inactive:        1597496 kB
Active(anon):    1238192 kB
Inactive(anon):    24820 kB
Active(file):     236932 kB
Inactive(file):  1572676 kB
Unevictable:        5620 kB
Mlocked:            5620 kB
SwapTotal:       3145724 kB
SwapFree:        3145724 kB
Dirty:               396 kB
Writeback:             0 kB
AnonPages:       1237028 kB
Mapped:           863316 kB
Shmem:             26736 kB
KReclaimable:     664292 kB
Slab:             225628 kB
SReclaimable:      77228 kB
SUnreclaim:       148400 kB
KernelStack:       47892 kB
PageTables:        66924 kB
NFS_Unstable:          0 kB
Bounce:                0 kB
WritebackTmp:          0 kB
CommitLimit:     9202292 kB
Committed_AS:   75083244 kB
VmallocTotal:   263061440 kB
VmallocUsed:      104984 kB
VmallocChunk:          0 kB
Percpu:             7552 kB
CmaTotal:         294912 kB
CmaFree:             176 kB
MemTotal:       12113136 kB
MemFree:         6394396 kB
MemAvailable:    7999596 kB
Buffers:            5584 kB
Cached:          1835332 kB
SwapCached:            0 kB
Active:          1476256 kB
Inactive:        1597500 kB
Active(anon):    1239324 kB
Inactive(anon):    24820 kB
Active(file):     236932 kB
Inactive(file):  1572680 kB
Unevictable:        5620 kB
Mlocked:            5620 kB
SwapTotal:       3145724 kB
SwapFree:        3145724 kB
Dirty:               400 kB
Writeback:             0 kB
AnonPages:       1238264 kB
Mapped:           863496 kB
Shmem:             26736 kB
KReclaimable:     664292 kB
Slab:             225652 kB
SReclaimable:      77228 kB
SUnreclaim:       148424 kB
KernelStack:       47940 kB
PageTables:        67008 kB
NFS_Unstable:          0 kB
Bounce:                0 kB
WritebackTmp:          0 kB
CommitLimit:     9202292 kB
Committed_AS:   75087876 kB
VmallocTotal:   263061440 kB
VmallocUsed:      104984 kB
VmallocChunk:          0 kB
Percpu:             7552 kB
CmaTotal:         294912 kB
CmaFree:               0 kB
MemTotal:       12113136 kB
MemFree:         6394776 kB
MemAvailable:    7999992 kB
Buffers:            5584 kB
Cached:          1835348 kB
SwapCached:            0 kB
Active:          1476964 kB
Inactive:        1597516 kB
Active(anon):    1240032 kB
Inactive(anon):    24820 kB
Active(file):     236932 kB
Inactive(file):  1572696 kB
Unevictable:        5620 kB
Mlocked:            5620 kB
SwapTotal:       3145724 kB
SwapFree:        3145724 kB
Dirty:               416 kB
Writeback:             0 kB
AnonPages:       1238900 kB
Mapped:           863420 kB
Shmem:             26736 kB
KReclaimable:     664292 kB
Slab:             225636 kB
SReclaimable:      77228 kB
SUnreclaim:       148408 kB
KernelStack:       47888 kB
PageTables:        67088 kB
NFS_Unstable:          0 kB
Bounce:                0 kB
WritebackTmp:          0 kB
CommitLimit:     9202292 kB
Committed_AS:   75080488 kB
VmallocTotal:   263061440 kB
VmallocUsed:      104968 kB
VmallocChunk:          0 kB
Percpu:             7552 kB
CmaTotal:         294912 kB
CmaFree:               0 kB
MemTotal:       12113136 kB
MemFree:         6394040 kB
MemAvailable:    7999264 kB
Buffers:            5584 kB
Cached:          1835356 kB
SwapCached:            0 kB
Active:          1477788 kB
Inactive:        1597524 kB
Active(anon):    1240856 kB
Inactive(anon):    24820 kB
Active(file):     236932 kB
Inactive(file):  1572704 kB
Unevictable:        5620 kB
Mlocked:            5620 kB
SwapTotal:       3145724 kB
SwapFree:        3145724 kB
Dirty:               468 kB
Writeback:             0 kB
AnonPages:       1239904 kB
Mapped:           863484 kB
Shmem:             26736 kB
KReclaimable:     664292 kB
Slab:             225636 kB
SReclaimable:      77228 kB
SUnreclaim:       148408 kB
KernelStack:       47924 kB
PageTables:        66944 kB
NFS_Unstable:          0 kB
Bounce:                0 kB
WritebackTmp:          0 kB
CommitLimit:     9202292 kB
Committed_AS:   75080244 kB
VmallocTotal:   263061440 kB
VmallocUsed:      104968 kB
VmallocChunk:          0 kB
Percpu:             7552 kB
CmaTotal:         294912 kB
CmaFree:              16 kB
MemTotal:       12113136 kB
MemFree:         6392648 kB
MemAvailable:    7997888 kB
Buffers:            5584 kB
Cached:          1835372 kB
SwapCached:            0 kB
Active:          1478560 kB
Inactive:        1597540 kB
Active(anon):    1241628 kB
Inactive(anon):    24820 kB
Active(file):     236932 kB
Inactive(file):  1572720 kB
Unevictable:        5620 kB
Mlocked:            5620 kB
SwapTotal:       3145724 kB
SwapFree:        3145724 kB
Dirty:               500 kB
Writeback:             0 kB
AnonPages:       1240708 kB
Mapped:           863480 kB
Shmem:             26736 kB
KReclaimable:     664292 kB
Slab:             225644 kB
SReclaimable:      77228 kB
SUnreclaim:       148416 kB
KernelStack:       47888 kB
PageTables:        67148 kB
NFS_Unstable:          0 kB
Bounce:                0 kB
WritebackTmp:          0 kB
CommitLimit:     9202292 kB
Committed_AS:   75075332 kB
VmallocTotal:   263061440 kB
VmallocUsed:      104968 kB
VmallocChunk:          0 kB
Percpu:             7552 kB
CmaTotal:         294912 kB
CmaFree:               0 kB
MemTotal:       12113136 kB
MemFree:         6392080 kB
MemAvailable:    7997340 kB
Buffers:            5584 kB
Cached:          1835392 kB
SwapCached:            0 kB
Active:          1479168 kB
Inactive:        1597560 kB
Active(anon):    1242236 kB
Inactive(anon):    24820 kB
Active(file):     236932 kB
Inactive(file):  1572740 kB
Unevictable:        5620 kB
Mlocked:            5620 kB
SwapTotal:       3145724 kB
SwapFree:        3145724 kB
Dirty:               540 kB
Writeback:             0 kB
AnonPages:       1241340 kB
Mapped:           863480 kB
Shmem:             26736 kB
KReclaimable:     664292 kB
Slab:             225636 kB
SReclaimable:      77228 kB
SUnreclaim:       148408 kB
KernelStack:       47872 kB
PageTables:        67072 kB
NFS_Unstable:          0 kB
Bounce:                0 kB
WritebackTmp:          0 kB
CommitLimit:     9202292 kB
Committed_AS:   75081772 kB
VmallocTotal:   263061440 kB
VmallocUsed:      104984 kB
VmallocChunk:          0 kB
Percpu:             7552 kB
CmaTotal:         294912 kB
CmaFree:               0 kB
MemTotal:       12113136 kB
MemFree:         6389932 kB
MemAvailable:    7995200 kB
Buffers:            5584 kB
Cached:          1835400 kB
SwapCached:            0 kB
Active:          1479676 kB
Inactive:        1597568 kB
Active(anon):    1242744 kB
Inactive(anon):    24820 kB
Active(file):     236932 kB
Inactive(file):  1572748 kB
Unevictable:        5620 kB
Mlocked:            5620 kB
SwapTotal:       3145724 kB
SwapFree:        3145724 kB
Dirty:               560 kB
Writeback:             0 kB
AnonPages:       1241716 kB
Mapped:           863408 kB
Shmem:             26736 kB
KReclaimable:     664292 kB
Slab:             225660 kB
SReclaimable:      77228 kB
SUnreclaim:       148432 kB
KernelStack:       47924 kB
PageTables:        67260 kB
NFS_Unstable:          0 kB
Bounce:                0 kB
WritebackTmp:          0 kB
CommitLimit:     9202292 kB
Committed_AS:   75087744 kB
VmallocTotal:   263061440 kB
VmallocUsed:      104984 kB
VmallocChunk:          0 kB
Percpu:             7552 kB
CmaTotal:         294912 kB
CmaFree:               0 kB
MemTotal:       12113136 kB
MemFree:         6389924 kB
MemAvailable:    7995212 kB
Buffers:            5584 kB
Cached:          1835420 kB
SwapCached:            0 kB
Active:          1480896 kB
Inactive:        1597588 kB
Active(anon):    1243964 kB
Inactive(anon):    24820 kB
Active(file):     236932 kB
Inactive(file):  1572768 kB
Unevictable:        5620 kB
Mlocked:            5620 kB
SwapTotal:       3145724 kB
SwapFree:        3145724 kB
Dirty:               272 kB
Writeback:             0 kB
AnonPages:       1242792 kB
Mapped:           863308 kB
Shmem:             26736 kB
KReclaimable:     664292 kB
Slab:             225616 kB
SReclaimable:      77228 kB
SUnreclaim:       148388 kB
KernelStack:       47872 kB
PageTables:        66976 kB
NFS_Unstable:          0 kB
Bounce:                0 kB
WritebackTmp:          0 kB
CommitLimit:     9202292 kB
Committed_AS:   75087872 kB
VmallocTotal:   263061440 kB
VmallocUsed:      104968 kB
VmallocChunk:          0 kB
Percpu:             7552 kB
CmaTotal:         294912 kB
CmaFree:               0 kB
MemTotal:       12113136 kB
MemFree:         6389216 kB
MemAvailable:    7994516 kB
Buffers:            5584 kB
Cached:          1835432 kB
SwapCached:            0 kB
Active:          1482068 kB
Inactive:        1597600 kB
Active(anon):    1245136 kB
Inactive(anon):    24820 kB
Active(file):     236932 kB
Inactive(file):  1572780 kB
Unevictable:        5620 kB
Mlocked:            5620 kB
SwapTotal:       3145724 kB
SwapFree:        3145724 kB
Dirty:               308 kB
Writeback:             0 kB
AnonPages:       1243880 kB
Mapped:           863480 kB
Shmem:             26736 kB
KReclaimable:     664292 kB
Slab:             225640 kB
SReclaimable:      77228 kB
SUnreclaim:       148412 kB
KernelStack:       47904 kB
PageTables:        66964 kB
NFS_Unstable:          0 kB
Bounce:                0 kB
WritebackTmp:          0 kB
CommitLimit:     9202292 kB
Committed_AS:   75087332 kB
VmallocTotal:   263061440 kB
VmallocUsed:      104936 kB
VmallocChunk:          0 kB
Percpu:             7552 kB
CmaTotal:         294912 kB
CmaFree:               0 kB
MemTotal:       12113136 kB
MemFree:         6391084 kB
MemAvailable:    7996388 kB
Buffers:            5584 kB
Cached:          1835436 kB
SwapCached:            0 kB
Active:          1478784 kB
Inactive:        1597604 kB
Active(anon):    1241852 kB
Inactive(anon):    24820 kB
Active(file):     236932 kB
Inactive(file):  1572784 kB
Unevictable:        5620 kB
Mlocked:            5620 kB
SwapTotal:       3145724 kB
SwapFree:        3145724 kB
Dirty:               528 kB
Writeback:             0 kB
AnonPages:       1240556 kB
Mapped:           863500 kB
Shmem:             26736 kB
KReclaimable:     664292 kB
Slab:             225648 kB
SReclaimable:      77228 kB
SUnreclaim:       148420 kB
KernelStack:       47952 kB
PageTables:        67256 kB
NFS_Unstable:          0 kB
Bounce:                0 kB
WritebackTmp:          0 kB
CommitLimit:     9202292 kB
Committed_AS:   75087200 kB
VmallocTotal:   263061440 kB
VmallocUsed:      104936 kB
VmallocChunk:          0 kB
Percpu:             7552 kB
CmaTotal:         294912 kB
CmaFree:             464 kB
MemTotal:       12113136 kB
MemFree:         6390676 kB
MemAvailable:    7996000 kB
Buffers:            5588 kB
Cached:          1835452 kB
SwapCached:            0 kB
Active:          1479284 kB
Inactive:        1597624 kB
Active(anon):    1242352 kB
Inactive(anon):    24820 kB
Active(file):     236932 kB
Inactive(file):  1572804 kB
Unevictable:        5620 kB
Mlocked:            5620 kB
SwapTotal:       3145724 kB
SwapFree:        3145724 kB
Dirty:               548 kB
Writeback:             0 kB
AnonPages:       1241636 kB
Mapped:           863484 kB
Shmem:             26736 kB
KReclaimable:     664292 kB
Slab:             225632 kB
SReclaimable:      77228 kB
SUnreclaim:       148404 kB
KernelStack:       47940 kB
PageTables:        67348 kB
NFS_Unstable:          0 kB
Bounce:                0 kB
WritebackTmp:          0 kB
CommitLimit:     9202292 kB
Committed_AS:   75087476 kB
VmallocTotal:   263061440 kB
VmallocUsed:      104952 kB
VmallocChunk:          0 kB
Percpu:             7552 kB
CmaTotal:         294912 kB
CmaFree:               0 kB
MemTotal:       12113136 kB
MemFree:         6389956 kB
MemAvailable:    7995316 kB
Buffers:            5588 kB
Cached:          1835488 kB
SwapCached:            0 kB
Active:          1480144 kB
Inactive:        1597656 kB
Active(anon):    1243208 kB
Inactive(anon):    24820 kB
Active(file):     236936 kB
Inactive(file):  1572836 kB
Unevictable:        5620 kB
Mlocked:            5620 kB
SwapTotal:       3145724 kB
SwapFree:        3145724 kB
Dirty:               548 kB
Writeback:             0 kB
AnonPages:       1242484 kB
Mapped:           863484 kB
Shmem:             26736 kB
KReclaimable:     664292 kB
Slab:             225640 kB
SReclaimable:      77228 kB
SUnreclaim:       148412 kB
KernelStack:       47908 kB
PageTables:        67324 kB
NFS_Unstable:          0 kB
Bounce:                0 kB
WritebackTmp:          0 kB
CommitLimit:     9202292 kB
Committed_AS:   75087600 kB
VmallocTotal:   263061440 kB
VmallocUsed:      104936 kB
VmallocChunk:          0 kB
Percpu:             7552 kB
CmaTotal:         294912 kB
CmaFree:               0 kB
MemTotal:       12113136 kB
MemFree:         6389992 kB
MemAvailable:    7995364 kB
Buffers:            5588 kB
Cached:          1835500 kB
SwapCached:            0 kB
Active:          1481016 kB
Inactive:        1597668 kB
Active(anon):    1244080 kB
Inactive(anon):    24820 kB
Active(file):     236936 kB
Inactive(file):  1572848 kB
Unevictable:        5620 kB
Mlocked:            5620 kB
SwapTotal:       3145724 kB
SwapFree:        3145724 kB
Dirty:               492 kB
Writeback:            92 kB
AnonPages:       1243372 kB
Mapped:           863588 kB
Shmem:             26736 kB
KReclaimable:     664292 kB
Slab:             225608 kB
SReclaimable:      77228 kB
SUnreclaim:       148380 kB
KernelStack:       47840 kB
PageTables:        67060 kB
NFS_Unstable:          0 kB
Bounce:                0 kB
WritebackTmp:          0 kB
CommitLimit:     9202292 kB
Committed_AS:   75087464 kB
VmallocTotal:   263061440 kB
VmallocUsed:      104936 kB
VmallocChunk:          0 kB
Percpu:             7552 kB
CmaTotal:         294912 kB
CmaFree:               0 kB
MemTotal:       12113136 kB
MemFree:         6388964 kB
MemAvailable:    7994340 kB
Buffers:            5588 kB
Cached:          1835504 kB
SwapCached:            0 kB
Active:          1481328 kB
Inactive:        1597672 kB
Active(anon):    1244392 kB
Inactive(anon):    24820 kB
Active(file):     236936 kB
Inactive(file):  1572852 kB
Unevictable:        5620 kB
Mlocked:            5620 kB
SwapTotal:       3145724 kB
SwapFree:        3145724 kB
Dirty:               320 kB
Writeback:             0 kB
AnonPages:       1243516 kB
Mapped:           863484 kB
Shmem:             26736 kB
KReclaimable:     664292 kB
Slab:             225632 kB
SReclaimable:      77228 kB
SUnreclaim:       148404 kB
KernelStack:       47892 kB
PageTables:        67348 kB
NFS_Unstable:          0 kB
Bounce:                0 kB
WritebackTmp:          0 kB
CommitLimit:     9202292 kB
Committed_AS:   75087424 kB
VmallocTotal:   263061440 kB
VmallocUsed:      104920 kB
VmallocChunk:          0 kB
Percpu:             7552 kB
CmaTotal:         294912 kB
CmaFree:               0 kB
MemTotal:       12113136 kB
MemFree:         6388196 kB
MemAvailable:    7993592 kB
Buffers:            5588 kB
Cached:          1835524 kB
SwapCached:            0 kB
Active:          1481944 kB
Inactive:        1597696 kB
Active(anon):    1245012 kB
Inactive(anon):    24820 kB
Active(file):     236932 kB
Inactive(file):  1572876 kB
Unevictable:        5620 kB
Mlocked:            5620 kB
SwapTotal:       3145724 kB
SwapFree:        3145724 kB
Dirty:               340 kB
Writeback:             0 kB
AnonPages:       1244060 kB
Mapped:           863484 kB
Shmem:             26736 kB
KReclaimable:     664292 kB
Slab:             225632 kB
SReclaimable:      77228 kB
SUnreclaim:       148404 kB
KernelStack:       47828 kB
PageTables:        66892 kB
NFS_Unstable:          0 kB
Bounce:                0 kB
WritebackTmp:          0 kB
CommitLimit:     9202292 kB
Committed_AS:   75082004 kB
VmallocTotal:   263061440 kB
VmallocUsed:      104872 kB
VmallocChunk:          0 kB
Percpu:             7552 kB
CmaTotal:         294912 kB
CmaFree:               0 kB
MemTotal:       12113136 kB
MemFree:         6389080 kB
MemAvailable:    7994492 kB
Buffers:            5588 kB
Cached:          1835540 kB
SwapCached:            0 kB
Active:          1482540 kB
Inactive:        1597708 kB
Active(anon):    1245604 kB
Inactive(anon):    24820 kB
Active(file):     236936 kB
Inactive(file):  1572888 kB
Unevictable:        5620 kB
Mlocked:            5620 kB
SwapTotal:       3145724 kB
SwapFree:        3145724 kB
Dirty:               368 kB
Writeback:             0 kB
AnonPages:       1244872 kB
Mapped:           863556 kB
Shmem:             26736 kB
KReclaimable:     664292 kB
Slab:             225644 kB
SReclaimable:      77228 kB
SUnreclaim:       148416 kB
KernelStack:       47828 kB
PageTables:        67016 kB
NFS_Unstable:          0 kB
Bounce:                0 kB
WritebackTmp:          0 kB
CommitLimit:     9202292 kB
Committed_AS:   75077144 kB
VmallocTotal:   263061440 kB
VmallocUsed:      104856 kB
VmallocChunk:          0 kB
Percpu:             7552 kB
CmaTotal:         294912 kB
CmaFree:               0 kB
MemTotal:       12113136 kB
MemFree:         6387456 kB
MemAvailable:    7992876 kB
Buffers:            5588 kB
Cached:          1835548 kB
SwapCached:            0 kB
Active:          1483768 kB
Inactive:        1597716 kB
Active(anon):    1246832 kB
Inactive(anon):    24820 kB
Active(file):     236936 kB
Inactive(file):  1572896 kB
Unevictable:        5620 kB
Mlocked:            5620 kB
SwapTotal:       3145724 kB
SwapFree:        3145724 kB
Dirty:               384 kB
Writeback:             0 kB
AnonPages:       1246004 kB
Mapped:           863412 kB
Shmem:             26736 kB
KReclaimable:     664292 kB
Slab:             225660 kB
SReclaimable:      77228 kB
SUnreclaim:       148432 kB
KernelStack:       47844 kB
PageTables:        67008 kB
NFS_Unstable:          0 kB
Bounce:                0 kB
WritebackTmp:          0 kB
CommitLimit:     9202292 kB
Committed_AS:   75076460 kB
VmallocTotal:   263061440 kB
VmallocUsed:      104856 kB
VmallocChunk:          0 kB
Percpu:             7552 kB
CmaTotal:         294912 kB
CmaFree:               0 kB
MemTotal:       12113136 kB
MemFree:         6386780 kB
MemAvailable:    7992208 kB
Buffers:            5588 kB
Cached:          1835556 kB
SwapCached:            0 kB
Active:          1484628 kB
Inactive:        1597724 kB
Active(anon):    1247692 kB
Inactive(anon):    24820 kB
Active(file):     236936 kB
Inactive(file):  1572904 kB
Unevictable:        5620 kB
Mlocked:            5620 kB
SwapTotal:       3145724 kB
SwapFree:        3145724 kB
Dirty:               404 kB
Writeback:             0 kB
AnonPages:       1246640 kB
Mapped:           863480 kB
Shmem:             26736 kB
KReclaimable:     664292 kB
Slab:             225604 kB
SReclaimable:      77228 kB
SUnreclaim:       148376 kB
KernelStack:       47760 kB
PageTables:        66984 kB
NFS_Unstable:          0 kB
Bounce:                0 kB
WritebackTmp:          0 kB
CommitLimit:     9202292 kB
Committed_AS:   75076800 kB
VmallocTotal:   263061440 kB
VmallocUsed:      104840 kB
VmallocChunk:          0 kB
Percpu:             7552 kB
CmaTotal:         294912 kB
CmaFree:               0 kB
MemTotal:       12113136 kB
MemFree:         6394652 kB
MemAvailable:    8000092 kB
Buffers:            5588 kB
Cached:          1835568 kB
SwapCached:            0 kB
Active:          1472596 kB
Inactive:        1597736 kB
Active(anon):    1235660 kB
Inactive(anon):    24820 kB
Active(file):     236936 kB
Inactive(file):  1572916 kB
Unevictable:        5620 kB
Mlocked:            5620 kB
SwapTotal:       3145724 kB
SwapFree:        3145724 kB
Dirty:               316 kB
Writeback:             0 kB
AnonPages:       1235132 kB
Mapped:           863356 kB
Shmem:             26736 kB
KReclaimable:     664292 kB
Slab:             225628 kB
SReclaimable:      77228 kB
SUnreclaim:       148400 kB
KernelStack:       47792 kB
PageTables:        67036 kB
NFS_Unstable:          0 kB
Bounce:                0 kB
WritebackTmp:          0 kB
CommitLimit:     9202292 kB
Committed_AS:   75087200 kB
VmallocTotal:   263061440 kB
VmallocUsed:      104856 kB
VmallocChunk:          0 kB
Percpu:             7552 kB
CmaTotal:         294912 kB
CmaFree:              40 kB
MemTotal:       12113136 kB
MemFree:         6395408 kB
MemAvailable:    8000856 kB
Buffers:            5588 kB
Cached:          1835576 kB
SwapCached:            0 kB
Active:          1472984 kB
Inactive:        1597744 kB
Active(anon):    1236048 kB
Inactive(anon):    24820 kB
Active(file):     236936 kB
Inactive(file):  1572924 kB
Unevictable:        5620 kB
Mlocked:            5620 kB
SwapTotal:       3145724 kB
SwapFree:        3145724 kB
Dirty:               332 kB
Writeback:             0 kB
AnonPages:       1234872 kB
Mapped:           863552 kB
Shmem:             26736 kB
KReclaimable:     664292 kB
Slab:             225676 kB
SReclaimable:      77228 kB
SUnreclaim:       148448 kB
KernelStack:       47812 kB
PageTables:        67324 kB
NFS_Unstable:          0 kB
Bounce:                0 kB
WritebackTmp:          0 kB
CommitLimit:     9202292 kB
Committed_AS:   75087064 kB
VmallocTotal:   263061440 kB
VmallocUsed:      104856 kB
VmallocChunk:          0 kB
Percpu:             7552 kB
CmaTotal:         294912 kB
CmaFree:             240 kB
MemTotal:       12113136 kB
MemFree:         6396436 kB
MemAvailable:    8001900 kB
Buffers:            5588 kB
Cached:          1835596 kB
SwapCached:            0 kB
Active:          1472540 kB
Inactive:        1597764 kB
Active(anon):    1235604 kB
Inactive(anon):    24824 kB
Active(file):     236936 kB
Inactive(file):  1572940 kB
Unevictable:        5620 kB
Mlocked:            5620 kB
SwapTotal:       3145724 kB
SwapFree:        3145724 kB
Dirty:               360 kB
Writeback:             0 kB
AnonPages:       1234860 kB
Mapped:           863536 kB
Shmem:             26740 kB
KReclaimable:     664292 kB
Slab:             225596 kB
SReclaimable:      77228 kB
SUnreclaim:       148368 kB
KernelStack:       47760 kB
PageTables:        66976 kB
NFS_Unstable:          0 kB
Bounce:                0 kB
WritebackTmp:          0 kB
CommitLimit:     9202292 kB
Committed_AS:   75087284 kB
VmallocTotal:   263061440 kB
VmallocUsed:      104856 kB
VmallocChunk:          0 kB
Percpu:             7552 kB
CmaTotal:         294912 kB
CmaFree:               0 kB
MemTotal:       12113136 kB
MemFree:         6396036 kB
MemAvailable:    8001520 kB
Buffers:            5588 kB
Cached:          1835616 kB
SwapCached:            0 kB
Active:          1473488 kB
Inactive:        1597784 kB
Active(anon):    1236552 kB
Inactive(anon):    24824 kB
Active(file):     236936 kB
Inactive(file):  1572960 kB
Unevictable:        5620 kB
Mlocked:            5620 kB
SwapTotal:       3145724 kB
SwapFree:        3145724 kB
Dirty:               400 kB
Writeback:             0 kB
AnonPages:       1235640 kB
Mapped:           863484 kB
Shmem:             26740 kB
KReclaimable:     664292 kB
Slab:             225676 kB
SReclaimable:      77228 kB
SUnreclaim:       148448 kB
KernelStack:       47796 kB
PageTables:        66936 kB
NFS_Unstable:          0 kB
Bounce:                0 kB
WritebackTmp:          0 kB
CommitLimit:     9202292 kB
Committed_AS:   75087236 kB
VmallocTotal:   263061440 kB
VmallocUsed:      104856 kB
VmallocChunk:          0 kB
Percpu:             7552 kB
CmaTotal:         294912 kB
CmaFree:               0 kB
MemTotal:       12113136 kB
MemFree:         6356572 kB
MemAvailable:    7962064 kB
Buffers:            5588 kB
Cached:          1842320 kB
SwapCached:            0 kB
Active:          1516092 kB
Inactive:        1597980 kB
Active(anon):    1279156 kB
Inactive(anon):    25012 kB
Active(file):     236936 kB
Inactive(file):  1572968 kB
Unevictable:        5620 kB
Mlocked:            5620 kB
SwapTotal:       3145724 kB
SwapFree:        3145724 kB
Dirty:               428 kB
Writeback:             0 kB
AnonPages:       1271812 kB
Mapped:           863668 kB
Shmem:             33436 kB
KReclaimable:     664292 kB
Slab:             225572 kB
SReclaimable:      77228 kB
SUnreclaim:       148344 kB
KernelStack:       47808 kB
PageTables:        66996 kB
NFS_Unstable:          0 kB
Bounce:                0 kB
WritebackTmp:          0 kB
CommitLimit:     9202292 kB
Committed_AS:   75082492 kB
VmallocTotal:   263061440 kB
VmallocUsed:      104856 kB
VmallocChunk:          0 kB
Percpu:             7552 kB
CmaTotal:         294912 kB
CmaFree:               0 kB
MemTotal:       12113136 kB
MemFree:         6351116 kB
MemAvailable:    7956624 kB
Buffers:            5588 kB
Cached:          1835640 kB
SwapCached:            0 kB
Active:          1520144 kB
Inactive:        1597808 kB
Active(anon):    1283208 kB
Inactive(anon):    24824 kB
Active(file):     236936 kB
Inactive(file):  1572984 kB
Unevictable:        5620 kB
Mlocked:            5620 kB
SwapTotal:       3145724 kB
SwapFree:        3145724 kB
Dirty:               288 kB
Writeback:             0 kB
AnonPages:       1282152 kB
Mapped:           863488 kB
Shmem:             26740 kB
KReclaimable:     664292 kB
Slab:             225632 kB
SReclaimable:      77228 kB
SUnreclaim:       148404 kB
KernelStack:       47812 kB
PageTables:        66932 kB
NFS_Unstable:          0 kB
Bounce:                0 kB
WritebackTmp:          0 kB
CommitLimit:     9202292 kB
Committed_AS:   75086988 kB
VmallocTotal:   263061440 kB
VmallocUsed:      104840 kB
VmallocChunk:          0 kB
Percpu:             7552 kB
CmaTotal:         294912 kB
CmaFree:               8 kB
MemTotal:       12113136 kB
MemFree:         6349732 kB
MemAvailable:    7955224 kB
Buffers:            5588 kB
Cached:          1835624 kB
SwapCached:            0 kB
Active:          1520840 kB
Inactive:        1597792 kB
Active(anon):    1283904 kB
Inactive(anon):    24824 kB
Active(file):     236936 kB
Inactive(file):  1572968 kB
Unevictable:        5620 kB
Mlocked:            5620 kB
SwapTotal:       3145724 kB
SwapFree:        3145724 kB
Dirty:               284 kB
Writeback:             0 kB
AnonPages:       1282568 kB
Mapped:           863552 kB
Shmem:             26740 kB
KReclaimable:     664292 kB
Slab:             225696 kB
SReclaimable:      77228 kB
SUnreclaim:       148468 kB
KernelStack:       47860 kB
PageTables:        67020 kB
NFS_Unstable:          0 kB
Bounce:                0 kB
WritebackTmp:          0 kB
CommitLimit:     9202292 kB
Committed_AS:   75086724 kB
VmallocTotal:   263061440 kB
VmallocUsed:      104808 kB
VmallocChunk:          0 kB
Percpu:             7552 kB
CmaTotal:         294912 kB
CmaFree:               8 kB
MemTotal:       12113136 kB
MemFree:         6365520 kB
MemAvailable:    7971052 kB
Buffers:            5592 kB
Cached:          1835660 kB
SwapCached:            0 kB
Active:          1503136 kB
Inactive:        1597832 kB
Active(anon):    1266200 kB
Inactive(anon):    24824 kB
Active(file):     236936 kB
Inactive(file):  1573008 kB
Unevictable:        5620 kB
Mlocked:            5620 kB
SwapTotal:       3145724 kB
SwapFree:        3145724 kB
Dirty:               320 kB
Writeback:             0 kB
AnonPages:       1254136 kB
Mapped:           863416 kB
Shmem:             26740 kB
KReclaimable:     664292 kB
Slab:             225648 kB
SReclaimable:      77228 kB
SUnreclaim:       148420 kB
KernelStack:       47812 kB
PageTables:        67276 kB
NFS_Unstable:          0 kB
Bounce:                0 kB
WritebackTmp:          0 kB
CommitLimit:     9202292 kB
Committed_AS:   75086664 kB
VmallocTotal:   263061440 kB
VmallocUsed:      104792 kB
VmallocChunk:          0 kB
Percpu:             7552 kB
CmaTotal:         294912 kB
CmaFree:             668 kB
MemTotal:       12113136 kB
MemFree:         6398020 kB
MemAvailable:    8003588 kB
Buffers:            5592 kB
Cached:          1835696 kB
SwapCached:            0 kB
Active:          1471800 kB
Inactive:        1597864 kB
Active(anon):    1234860 kB
Inactive(anon):    24824 kB
Active(file):     236940 kB
Inactive(file):  1573040 kB
Unevictable:        5620 kB
Mlocked:            5620 kB
SwapTotal:       3145724 kB
SwapFree:        3145724 kB
Dirty:               364 kB
Writeback:             0 kB
AnonPages:       1233480 kB
Mapped:           863480 kB
Shmem:             26740 kB
KReclaimable:     664292 kB
Slab:             225624 kB
SReclaimable:      77228 kB
SUnreclaim:       148396 kB
KernelStack:       47808 kB
PageTables:        66928 kB
NFS_Unstable:          0 kB
Bounce:                0 kB
WritebackTmp:          0 kB
CommitLimit:     9202292 kB
Committed_AS:   75087060 kB
VmallocTotal:   263061440 kB
VmallocUsed:      104824 kB
VmallocChunk:          0 kB
Percpu:             7552 kB
CmaTotal:         294912 kB
CmaFree:               0 kB
MemTotal:       12113136 kB
MemFree:         6398196 kB
MemAvailable:    8003772 kB
Buffers:            5592 kB
Cached:          1835704 kB
SwapCached:            0 kB
Active:          1471644 kB
Inactive:        1597872 kB
Active(anon):    1234704 kB
Inactive(anon):    24824 kB
Active(file):     236940 kB
Inactive(file):  1573048 kB
Unevictable:        5620 kB
Mlocked:            5620 kB
SwapTotal:       3145724 kB
SwapFree:        3145724 kB
Dirty:               412 kB
Writeback:             0 kB
AnonPages:       1234032 kB
Mapped:           863448 kB
Shmem:             26740 kB
KReclaimable:     664292 kB
Slab:             225616 kB
SReclaimable:      77228 kB
SUnreclaim:       148388 kB
KernelStack:       47828 kB
PageTables:        67048 kB
NFS_Unstable:          0 kB
Bounce:                0 kB
WritebackTmp:          0 kB
CommitLimit:     9202292 kB
Committed_AS:   75076116 kB
VmallocTotal:   263061440 kB
VmallocUsed:      104808 kB
VmallocChunk:          0 kB
Percpu:             7552 kB
CmaTotal:         294912 kB
CmaFree:             224 kB
MemTotal:       12113136 kB
MemFree:         6396880 kB
MemAvailable:    8002468 kB
Buffers:            5592 kB
Cached:          1835716 kB
SwapCached:            0 kB
Active:          1472388 kB
Inactive:        1597884 kB
Active(anon):    1235448 kB
Inactive(anon):    24824 kB
Active(file):     236940 kB
Inactive(file):  1573060 kB
Unevictable:        5620 kB
Mlocked:            5620 kB
SwapTotal:       3145724 kB
SwapFree:        3145724 kB
Dirty:               312 kB
Writeback:             0 kB
AnonPages:       1234700 kB
Mapped:           863412 kB
Shmem:             26740 kB
KReclaimable:     664292 kB
Slab:             225624 kB
SReclaimable:      77228 kB
SUnreclaim:       148396 kB
KernelStack:       47828 kB
PageTables:        67344 kB
NFS_Unstable:          0 kB
Bounce:                0 kB
WritebackTmp:          0 kB
CommitLimit:     9202292 kB
Committed_AS:   75085700 kB
VmallocTotal:   263061440 kB
VmallocUsed:      104824 kB
VmallocChunk:          0 kB
Percpu:             7552 kB
CmaTotal:         294912 kB
CmaFree:               0 kB
MemTotal:       12113136 kB
MemFree:         6397948 kB
MemAvailable:    8003548 kB
Buffers:            5592 kB
Cached:          1835728 kB
SwapCached:            0 kB
Active:          1472844 kB
Inactive:        1597896 kB
Active(anon):    1235904 kB
Inactive(anon):    24824 kB
Active(file):     236940 kB
Inactive(file):  1573072 kB
Unevictable:        5620 kB
Mlocked:            5620 kB
SwapTotal:       3145724 kB
SwapFree:        3145724 kB
Dirty:               328 kB
Writeback:             0 kB
AnonPages:       1235176 kB
Mapped:           863508 kB
Shmem:             26740 kB
KReclaimable:     664292 kB
Slab:             225608 kB
SReclaimable:      77228 kB
SUnreclaim:       148380 kB
KernelStack:       47828 kB
PageTables:        66912 kB
NFS_Unstable:          0 kB
Bounce:                0 kB
WritebackTmp:          0 kB
CommitLimit:     9202292 kB
Committed_AS:   75084648 kB
VmallocTotal:   263061440 kB
VmallocUsed:      104824 kB
VmallocChunk:          0 kB
Percpu:             7552 kB
CmaTotal:         294912 kB
CmaFree:               0 kB
MemTotal:       12113136 kB
MemFree:         6397780 kB
MemAvailable:    8003384 kB
Buffers:            5592 kB
Cached:          1835732 kB
SwapCached:            0 kB
Active:          1473700 kB
Inactive:        1597900 kB
Active(anon):    1236760 kB
Inactive(anon):    24824 kB
Active(file):     236940 kB
Inactive(file):  1573076 kB
Unevictable:        5620 kB
Mlocked:            5620 kB
SwapTotal:       3145724 kB
SwapFree:        3145724 kB
Dirty:               340 kB
Writeback:             0 kB
AnonPages:       1235880 kB
Mapped:           863484 kB
Shmem:             26740 kB
KReclaimable:     664292 kB
Slab:             225624 kB
SReclaimable:      77228 kB
SUnreclaim:       148396 kB
KernelStack:       47744 kB
PageTables:        66952 kB
NFS_Unstable:          0 kB
Bounce:                0 kB
WritebackTmp:          0 kB
CommitLimit:     9202292 kB
Committed_AS:   75085796 kB
VmallocTotal:   263061440 kB
VmallocUsed:      104840 kB
VmallocChunk:          0 kB
Percpu:             7552 kB
CmaTotal:         294912 kB
CmaFree:             100 kB
MemTotal:       12113136 kB
MemFree:         6398196 kB
MemAvailable:    8003816 kB
Buffers:            5592 kB
Cached:          1835748 kB
SwapCached:            0 kB
Active:          1472044 kB
Inactive:        1597916 kB
Active(anon):    1235104 kB
Inactive(anon):    24824 kB
Active(file):     236940 kB
Inactive(file):  1573092 kB
Unevictable:        5620 kB
Mlocked:            5620 kB
SwapTotal:       3145724 kB
SwapFree:        3145724 kB
Dirty:               372 kB
Writeback:             0 kB
AnonPages:       1233824 kB
Mapped:           863372 kB
Shmem:             26740 kB
KReclaimable:     664292 kB
Slab:             225624 kB
SReclaimable:      77228 kB
SUnreclaim:       148396 kB
KernelStack:       47776 kB
PageTables:        67052 kB
NFS_Unstable:          0 kB
Bounce:                0 kB
WritebackTmp:          0 kB
CommitLimit:     9202292 kB
Committed_AS:   75081108 kB
VmallocTotal:   263061440 kB
VmallocUsed:      104808 kB
VmallocChunk:          0 kB
Percpu:             7552 kB
CmaTotal:         294912 kB
CmaFree:               0 kB
MemTotal:       12113136 kB
MemFree:         6397960 kB
MemAvailable:    8003596 kB
Buffers:            5592 kB
Cached:          1835764 kB
SwapCached:            0 kB
Active:          1472808 kB
Inactive:        1597932 kB
Active(anon):    1235868 kB
Inactive(anon):    24824 kB
Active(file):     236940 kB
Inactive(file):  1573108 kB
Unevictable:        5620 kB
Mlocked:            5620 kB
SwapTotal:       3145724 kB
SwapFree:        3145724 kB
Dirty:               392 kB
Writeback:             0 kB
AnonPages:       1234852 kB
Mapped:           863552 kB
Shmem:             26740 kB
KReclaimable:     664292 kB
Slab:             225616 kB
SReclaimable:      77228 kB
SUnreclaim:       148388 kB
KernelStack:       47760 kB
PageTables:        66992 kB
NFS_Unstable:          0 kB
Bounce:                0 kB
WritebackTmp:          0 kB
CommitLimit:     9202292 kB
Committed_AS:   75082708 kB
VmallocTotal:   263061440 kB
VmallocUsed:      104840 kB
VmallocChunk:          0 kB
Percpu:             7552 kB
CmaTotal:         294912 kB
CmaFree:               0 kB
MemTotal:       12113136 kB
MemFree:         6396740 kB
MemAvailable:    8002388 kB
Buffers:            5592 kB
Cached:          1835776 kB
SwapCached:            0 kB
Active:          1472876 kB
Inactive:        1597944 kB
Active(anon):    1235936 kB
Inactive(anon):    24824 kB
Active(file):     236940 kB
Inactive(file):  1573120 kB
Unevictable:        5620 kB
Mlocked:            5620 kB
SwapTotal:       3145724 kB
SwapFree:        3145724 kB
Dirty:               280 kB
Writeback:             0 kB
AnonPages:       1235548 kB
Mapped:           863416 kB
Shmem:             26740 kB
KReclaimable:     664292 kB
Slab:             225624 kB
SReclaimable:      77228 kB
SUnreclaim:       148396 kB
KernelStack:       47812 kB
PageTables:        67000 kB
NFS_Unstable:          0 kB
Bounce:                0 kB
WritebackTmp:          0 kB
CommitLimit:     9202292 kB
Committed_AS:   75077084 kB
VmallocTotal:   263061440 kB
VmallocUsed:      104856 kB
VmallocChunk:          0 kB
Percpu:             7552 kB
CmaTotal:         294912 kB
CmaFree:             216 kB
MemTotal:       12113136 kB
MemFree:         6396504 kB
MemAvailable:    8002160 kB
Buffers:            5592 kB
Cached:          1835784 kB
SwapCached:            0 kB
Active:          1473760 kB
Inactive:        1597952 kB
Active(anon):    1236820 kB
Inactive(anon):    24824 kB
Active(file):     236940 kB
Inactive(file):  1573128 kB
Unevictable:        5620 kB
Mlocked:            5620 kB
SwapTotal:       3145724 kB
SwapFree:        3145724 kB
Dirty:               324 kB
Writeback:             0 kB
AnonPages:       1235960 kB
Mapped:           863560 kB
Shmem:             26740 kB
KReclaimable:     664292 kB
Slab:             225616 kB
SReclaimable:      77228 kB
SUnreclaim:       148388 kB
KernelStack:       47808 kB
PageTables:        67104 kB
NFS_Unstable:          0 kB
Bounce:                0 kB
WritebackTmp:          0 kB
CommitLimit:     9202292 kB
Committed_AS:   75081548 kB
VmallocTotal:   263061440 kB
VmallocUsed:      104856 kB
VmallocChunk:          0 kB
Percpu:             7552 kB
CmaTotal:         294912 kB
CmaFree:               0 kB
MemTotal:       12113136 kB
MemFree:         6396904 kB
MemAvailable:    8002572 kB
Buffers:            5592 kB
Cached:          1835796 kB
SwapCached:            0 kB
Active:          1474328 kB
Inactive:        1597964 kB
Active(anon):    1237388 kB
Inactive(anon):    24824 kB
Active(file):     236940 kB
Inactive(file):  1573140 kB
Unevictable:        5620 kB
Mlocked:            5620 kB
SwapTotal:       3145724 kB
SwapFree:        3145724 kB
Dirty:               344 kB
Writeback:             0 kB
AnonPages:       1236632 kB
Mapped:           863484 kB
Shmem:             26740 kB
KReclaimable:     664292 kB
Slab:             225616 kB
SReclaimable:      77228 kB
SUnreclaim:       148388 kB
KernelStack:       47776 kB
PageTables:        67128 kB
NFS_Unstable:          0 kB
Bounce:                0 kB
WritebackTmp:          0 kB
CommitLimit:     9202292 kB
Committed_AS:   75071712 kB
VmallocTotal:   263061440 kB
VmallocUsed:      104808 kB
