MemTotal:       12113136 kB
MemFree:          460764 kB
MemAvailable:    7923872 kB
Buffers:            7600 kB
Cached:          7839708 kB
SwapCached:            0 kB
Active:          2088120 kB
Inactive:        7002780 kB
Active(anon):    1145200 kB
Inactive(anon):   137996 kB
Active(file):     942920 kB
Inactive(file):  6864784 kB
Unevictable:        5716 kB
Mlocked:            5716 kB
SwapTotal:       3145724 kB
SwapFree:        3145724 kB
Dirty:               372 kB
Writeback:             0 kB
AnonPages:       1249716 kB
Mapped:           772048 kB
Shmem:             34936 kB
KReclaimable:     524108 kB
Slab:             227400 kB
SReclaimable:      80188 kB
SUnreclaim:       147212 kB
KernelStack:       47408 kB
PageTables:        63812 kB
NFS_Unstable:          0 kB
Bounce:                0 kB
WritebackTmp:          0 kB
CommitLimit:     9202292 kB
Committed_AS:   67514156 kB
VmallocTotal:   263061440 kB
VmallocUsed:      104440 kB
VmallocChunk:          0 kB
Percpu:             7648 kB
CmaTotal:         294912 kB
CmaFree:             256 kB
MemTotal:       12113136 kB
MemFree:          470464 kB
MemAvailable:    7933672 kB
Buffers:            7600 kB
Cached:          7839588 kB
SwapCached:            0 kB
Active:          2076360 kB
Inactive:        7002960 kB
Active(anon):    1133396 kB
Inactive(anon):   138136 kB
Active(file):     942964 kB
Inactive(file):  6864824 kB
Unevictable:        5716 kB
Mlocked:            5716 kB
SwapTotal:       3145724 kB
SwapFree:        3145724 kB
Dirty:               448 kB
Writeback:             0 kB
AnonPages:       1238336 kB
Mapped:           772292 kB
Shmem:             34732 kB
KReclaimable:     524124 kB
Slab:             227440 kB
SReclaimable:      80204 kB
SUnreclaim:       147236 kB
KernelStack:       47440 kB
PageTables:        63924 kB
NFS_Unstable:          0 kB
Bounce:                0 kB
WritebackTmp:          0 kB
CommitLimit:     9202292 kB
Committed_AS:   67511116 kB
VmallocTotal:   263061440 kB
VmallocUsed:      104440 kB
VmallocChunk:          0 kB
Percpu:             7648 kB
CmaTotal:         294912 kB
CmaFree:               0 kB
MemTotal:       12113136 kB
MemFree:          469252 kB
MemAvailable:    7932468 kB
Buffers:            7600 kB
Cached:          7839596 kB
SwapCached:            0 kB
Active:          2076396 kB
Inactive:        7002968 kB
Active(anon):    1133432 kB
Inactive(anon):   138136 kB
Active(file):     942964 kB
Inactive(file):  6864832 kB
Unevictable:        5716 kB
Mlocked:            5716 kB
SwapTotal:       3145724 kB
SwapFree:        3145724 kB
Dirty:               480 kB
Writeback:             0 kB
AnonPages:       1237980 kB
Mapped:           772400 kB
Shmem:             34732 kB
KReclaimable:     524124 kB
Slab:             227432 kB
SReclaimable:      80204 kB
SUnreclaim:       147228 kB
KernelStack:       47492 kB
PageTables:        63956 kB
NFS_Unstable:          0 kB
Bounce:                0 kB
WritebackTmp:          0 kB
CommitLimit:     9202292 kB
Committed_AS:   67514716 kB
VmallocTotal:   263061440 kB
VmallocUsed:      104440 kB
VmallocChunk:          0 kB
Percpu:             7648 kB
CmaTotal:         294912 kB
CmaFree:               0 kB
MemTotal:       12113136 kB
MemFree:          458584 kB
MemAvailable:    7921824 kB
Buffers:            7600 kB
Cached:          7839620 kB
SwapCached:            0 kB
Active:          2088680 kB
Inactive:        7003000 kB
Active(anon):    1145716 kB
Inactive(anon):   138144 kB
Active(file):     942964 kB
Inactive(file):  6864856 kB
Unevictable:        5716 kB
Mlocked:            5716 kB
SwapTotal:       3145724 kB
SwapFree:        3145724 kB
Dirty:               484 kB
Writeback:             0 kB
AnonPages:       1249836 kB
Mapped:           772408 kB
Shmem:             34732 kB
KReclaimable:     524124 kB
Slab:             227424 kB
SReclaimable:      80204 kB
SUnreclaim:       147220 kB
KernelStack:       47392 kB
PageTables:        63944 kB
NFS_Unstable:          0 kB
Bounce:                0 kB
WritebackTmp:          0 kB
CommitLimit:     9202292 kB
Committed_AS:   67513176 kB
VmallocTotal:   263061440 kB
VmallocUsed:      104392 kB
VmallocChunk:          0 kB
Percpu:             7648 kB
CmaTotal:         294912 kB
CmaFree:               0 kB
MemTotal:       12113136 kB
MemFree:          458740 kB
MemAvailable:    7921984 kB
Buffers:            7600 kB
Cached:          7839624 kB
SwapCached:            0 kB
Active:          2088128 kB
Inactive:        7002996 kB
Active(anon):    1145164 kB
Inactive(anon):   138136 kB
Active(file):     942964 kB
Inactive(file):  6864860 kB
Unevictable:        5716 kB
Mlocked:            5716 kB
SwapTotal:       3145724 kB
SwapFree:        3145724 kB
Dirty:               520 kB
Writeback:             0 kB
AnonPages:       1249616 kB
Mapped:           772140 kB
Shmem:             34732 kB
KReclaimable:     524124 kB
Slab:             227440 kB
SReclaimable:      80204 kB
SUnreclaim:       147236 kB
KernelStack:       47456 kB
PageTables:        63780 kB
NFS_Unstable:          0 kB
Bounce:                0 kB
WritebackTmp:          0 kB
CommitLimit:     9202292 kB
Committed_AS:   67508880 kB
VmallocTotal:   263061440 kB
VmallocUsed:      104424 kB
VmallocChunk:          0 kB
Percpu:             7648 kB
CmaTotal:         294912 kB
CmaFree:               0 kB
MemTotal:       12113136 kB
MemFree:          458440 kB
MemAvailable:    7921692 kB
Buffers:            7600 kB
Cached:          7839632 kB
SwapCached:            0 kB
Active:          2088004 kB
Inactive:        7003004 kB
Active(anon):    1145040 kB
Inactive(anon):   138136 kB
Active(file):     942964 kB
Inactive(file):  6864868 kB
Unevictable:        5716 kB
Mlocked:            5716 kB
SwapTotal:       3145724 kB
SwapFree:        3145724 kB
Dirty:               528 kB
Writeback:             0 kB
AnonPages:       1249488 kB
Mapped:           772140 kB
Shmem:             34732 kB
KReclaimable:     524124 kB
Slab:             227432 kB
SReclaimable:      80204 kB
SUnreclaim:       147228 kB
KernelStack:       47440 kB
PageTables:        63788 kB
NFS_Unstable:          0 kB
Bounce:                0 kB
WritebackTmp:          0 kB
CommitLimit:     9202292 kB
Committed_AS:   67509436 kB
VmallocTotal:   263061440 kB
VmallocUsed:      104424 kB
VmallocChunk:          0 kB
Percpu:             7648 kB
CmaTotal:         294912 kB
CmaFree:               0 kB
MemTotal:       12113136 kB
MemFree:          458484 kB
MemAvailable:    7921960 kB
Buffers:            7608 kB
Cached:          7839784 kB
SwapCached:            0 kB
Active:          2087620 kB
Inactive:        7003156 kB
Active(anon):    1144648 kB
Inactive(anon):   138072 kB
Active(file):     942972 kB
Inactive(file):  6865084 kB
Unevictable:        5716 kB
Mlocked:            5716 kB
SwapTotal:       3145724 kB
SwapFree:        3145724 kB
Dirty:               352 kB
Writeback:             0 kB
AnonPages:       1248996 kB
Mapped:           772108 kB
Shmem:             34668 kB
KReclaimable:     524124 kB
Slab:             227432 kB
SReclaimable:      80204 kB
SUnreclaim:       147228 kB
KernelStack:       47456 kB
PageTables:        63816 kB
NFS_Unstable:          0 kB
Bounce:                0 kB
WritebackTmp:          0 kB
CommitLimit:     9202292 kB
Committed_AS:   67511400 kB
VmallocTotal:   263061440 kB
VmallocUsed:      104424 kB
VmallocChunk:          0 kB
Percpu:             7648 kB
CmaTotal:         294912 kB
CmaFree:             128 kB
MemTotal:       12113136 kB
MemFree:          458296 kB
MemAvailable:    7921772 kB
Buffers:            7608 kB
Cached:          7839784 kB
SwapCached:            0 kB
Active:          2088244 kB
Inactive:        7003156 kB
Active(anon):    1145272 kB
Inactive(anon):   138072 kB
Active(file):     942972 kB
Inactive(file):  6865084 kB
Unevictable:        5716 kB
Mlocked:            5716 kB
SwapTotal:       3145724 kB
SwapFree:        3145724 kB
Dirty:               364 kB
Writeback:             0 kB
AnonPages:       1249988 kB
Mapped:           772176 kB
Shmem:             34668 kB
KReclaimable:     524124 kB
Slab:             227432 kB
SReclaimable:      80204 kB
SUnreclaim:       147228 kB
KernelStack:       47376 kB
PageTables:        63648 kB
NFS_Unstable:          0 kB
Bounce:                0 kB
WritebackTmp:          0 kB
CommitLimit:     9202292 kB
Committed_AS:   67504388 kB
VmallocTotal:   263061440 kB
VmallocUsed:      104408 kB
VmallocChunk:          0 kB
Percpu:             7648 kB
CmaTotal:         294912 kB
CmaFree:               0 kB
MemTotal:       12113136 kB
MemFree:          478716 kB
MemAvailable:    7942216 kB
Buffers:            7608 kB
Cached:          7839808 kB
SwapCached:            0 kB
Active:          2068684 kB
Inactive:        7003180 kB
Active(anon):    1125712 kB
Inactive(anon):   138072 kB
Active(file):     942972 kB
Inactive(file):  6865108 kB
Unevictable:        5716 kB
Mlocked:            5716 kB
SwapTotal:       3145724 kB
SwapFree:        3145724 kB
Dirty:               388 kB
Writeback:             0 kB
AnonPages:       1230132 kB
Mapped:           772108 kB
Shmem:             34668 kB
KReclaimable:     524124 kB
Slab:             227432 kB
SReclaimable:      80204 kB
SUnreclaim:       147228 kB
KernelStack:       47408 kB
PageTables:        63824 kB
NFS_Unstable:          0 kB
Bounce:                0 kB
WritebackTmp:          0 kB
CommitLimit:     9202292 kB
Committed_AS:   67508588 kB
VmallocTotal:   263061440 kB
VmallocUsed:      104392 kB
VmallocChunk:          0 kB
Percpu:             7648 kB
CmaTotal:         294912 kB
CmaFree:               0 kB
MemTotal:       12113136 kB
MemFree:          450528 kB
MemAvailable:    7914036 kB
Buffers:            7608 kB
Cached:          7839836 kB
SwapCached:            0 kB
Active:          2095760 kB
Inactive:        7003212 kB
Active(anon):    1152788 kB
Inactive(anon):   138096 kB
Active(file):     942972 kB
Inactive(file):  6865116 kB
Unevictable:        5716 kB
Mlocked:            5716 kB
SwapTotal:       3145724 kB
SwapFree:        3145724 kB
Dirty:               396 kB
Writeback:             0 kB
AnonPages:       1257220 kB
Mapped:           771960 kB
Shmem:             34688 kB
KReclaimable:     524124 kB
Slab:             227440 kB
SReclaimable:      80204 kB
SUnreclaim:       147236 kB
KernelStack:       47392 kB
PageTables:        63584 kB
NFS_Unstable:          0 kB
Bounce:                0 kB
WritebackTmp:          0 kB
CommitLimit:     9202292 kB
Committed_AS:   67514148 kB
VmallocTotal:   263061440 kB
VmallocUsed:      104376 kB
VmallocChunk:          0 kB
Percpu:             7648 kB
CmaTotal:         294912 kB
CmaFree:               0 kB
MemTotal:       12113136 kB
MemFree:          463012 kB
MemAvailable:    7926528 kB
Buffers:            7608 kB
Cached:          7840016 kB
SwapCached:            0 kB
Active:          2082832 kB
Inactive:        7003392 kB
Active(anon):    1139864 kB
Inactive(anon):   138264 kB
Active(file):     942968 kB
Inactive(file):  6865128 kB
Unevictable:        5716 kB
Mlocked:            5716 kB
SwapTotal:       3145724 kB
SwapFree:        3145724 kB
Dirty:               424 kB
Writeback:             0 kB
AnonPages:       1244144 kB
Mapped:           772260 kB
Shmem:             34860 kB
KReclaimable:     524124 kB
Slab:             227440 kB
SReclaimable:      80204 kB
SUnreclaim:       147236 kB
KernelStack:       47344 kB
PageTables:        63544 kB
NFS_Unstable:          0 kB
Bounce:                0 kB
WritebackTmp:          0 kB
CommitLimit:     9202292 kB
Committed_AS:   67508900 kB
VmallocTotal:   263061440 kB
VmallocUsed:      104360 kB
VmallocChunk:          0 kB
Percpu:             7648 kB
CmaTotal:         294912 kB
CmaFree:               0 kB
MemTotal:       12113136 kB
MemFree:          462184 kB
MemAvailable:    7925716 kB
Buffers:            7608 kB
Cached:          7840032 kB
SwapCached:            0 kB
Active:          2083196 kB
Inactive:        7003404 kB
Active(anon):    1140224 kB
Inactive(anon):   138264 kB
Active(file):     942972 kB
Inactive(file):  6865140 kB
Unevictable:        5716 kB
Mlocked:            5716 kB
SwapTotal:       3145724 kB
SwapFree:        3145724 kB
Dirty:               484 kB
Writeback:             0 kB
AnonPages:       1244660 kB
Mapped:           772108 kB
Shmem:             34860 kB
KReclaimable:     524124 kB
Slab:             227432 kB
SReclaimable:      80204 kB
SUnreclaim:       147228 kB
KernelStack:       47360 kB
PageTables:        63824 kB
NFS_Unstable:          0 kB
Bounce:                0 kB
WritebackTmp:          0 kB
CommitLimit:     9202292 kB
Committed_AS:   67504140 kB
VmallocTotal:   263061440 kB
VmallocUsed:      104344 kB
VmallocChunk:          0 kB
Percpu:             7648 kB
CmaTotal:         294912 kB
CmaFree:             512 kB
MemTotal:       12113136 kB
MemFree:          461200 kB
MemAvailable:    7924752 kB
Buffers:            7608 kB
Cached:          7840052 kB
SwapCached:            0 kB
Active:          2084672 kB
Inactive:        7003448 kB
Active(anon):    1141700 kB
Inactive(anon):   138288 kB
Active(file):     942972 kB
Inactive(file):  6865160 kB
Unevictable:        5716 kB
Mlocked:            5716 kB
SwapTotal:       3145724 kB
SwapFree:        3145724 kB
Dirty:               504 kB
Writeback:             0 kB
AnonPages:       1245984 kB
Mapped:           772104 kB
Shmem:             34860 kB
KReclaimable:     524124 kB
Slab:             227432 kB
SReclaimable:      80204 kB
SUnreclaim:       147228 kB
KernelStack:       47408 kB
PageTables:        63740 kB
NFS_Unstable:          0 kB
Bounce:                0 kB
WritebackTmp:          0 kB
CommitLimit:     9202292 kB
Committed_AS:   67520888 kB
VmallocTotal:   263061440 kB
VmallocUsed:      104392 kB
VmallocChunk:          0 kB
Percpu:             7648 kB
CmaTotal:         294912 kB
CmaFree:               0 kB
MemTotal:       12113136 kB
MemFree:          461080 kB
MemAvailable:    7924640 kB
Buffers:            7608 kB
Cached:          7840060 kB
SwapCached:            0 kB
Active:          2085428 kB
Inactive:        7003432 kB
Active(anon):    1142456 kB
Inactive(anon):   138264 kB
Active(file):     942972 kB
Inactive(file):  6865168 kB
Unevictable:        5716 kB
Mlocked:            5716 kB
SwapTotal:       3145724 kB
SwapFree:        3145724 kB
Dirty:               524 kB
Writeback:             0 kB
AnonPages:       1246856 kB
Mapped:           772140 kB
Shmem:             34860 kB
KReclaimable:     524124 kB
Slab:             227440 kB
SReclaimable:      80204 kB
SUnreclaim:       147236 kB
KernelStack:       47424 kB
PageTables:        63868 kB
NFS_Unstable:          0 kB
Bounce:                0 kB
WritebackTmp:          0 kB
CommitLimit:     9202292 kB
Committed_AS:   67522680 kB
VmallocTotal:   263061440 kB
VmallocUsed:      104392 kB
VmallocChunk:          0 kB
Percpu:             7648 kB
CmaTotal:         294912 kB
CmaFree:             112 kB
MemTotal:       12113136 kB
MemFree:          480496 kB
MemAvailable:    7944068 kB
Buffers:            7608 kB
Cached:          7840072 kB
SwapCached:            0 kB
Active:          2064596 kB
Inactive:        7003444 kB
Active(anon):    1121624 kB
Inactive(anon):   138264 kB
Active(file):     942972 kB
Inactive(file):  6865180 kB
Unevictable:        5716 kB
Mlocked:            5716 kB
SwapTotal:       3145724 kB
SwapFree:        3145724 kB
Dirty:               536 kB
Writeback:             0 kB
AnonPages:       1225980 kB
Mapped:           772108 kB
Shmem:             34860 kB
KReclaimable:     524124 kB
Slab:             227432 kB
SReclaimable:      80204 kB
SUnreclaim:       147228 kB
KernelStack:       47424 kB
PageTables:        63936 kB
NFS_Unstable:          0 kB
Bounce:                0 kB
WritebackTmp:          0 kB
CommitLimit:     9202292 kB
Committed_AS:   67519840 kB
VmallocTotal:   263061440 kB
VmallocUsed:      104408 kB
VmallocChunk:          0 kB
Percpu:             7648 kB
CmaTotal:         294912 kB
CmaFree:              68 kB
MemTotal:       12113136 kB
MemFree:          480900 kB
MemAvailable:    7944488 kB
Buffers:            7608 kB
Cached:          7840088 kB
SwapCached:            0 kB
Active:          2064224 kB
Inactive:        7003460 kB
Active(anon):    1121252 kB
Inactive(anon):   138264 kB
Active(file):     942972 kB
Inactive(file):  6865196 kB
Unevictable:        5716 kB
Mlocked:            5716 kB
SwapTotal:       3145724 kB
SwapFree:        3145724 kB
Dirty:               552 kB
Writeback:             0 kB
AnonPages:       1225680 kB
Mapped:           772136 kB
Shmem:             34860 kB
KReclaimable:     524124 kB
Slab:             227432 kB
SReclaimable:      80204 kB
SUnreclaim:       147228 kB
KernelStack:       47344 kB
PageTables:        63684 kB
NFS_Unstable:          0 kB
Bounce:                0 kB
WritebackTmp:          0 kB
CommitLimit:     9202292 kB
Committed_AS:   67516624 kB
VmallocTotal:   263061440 kB
VmallocUsed:      104392 kB
VmallocChunk:          0 kB
Percpu:             7648 kB
CmaTotal:         294912 kB
CmaFree:              96 kB
MemTotal:       12113136 kB
MemFree:          481388 kB
MemAvailable:    7944988 kB
Buffers:            7608 kB
Cached:          7840100 kB
SwapCached:            0 kB
Active:          2064828 kB
Inactive:        7003472 kB
Active(anon):    1121856 kB
Inactive(anon):   138264 kB
Active(file):     942972 kB
Inactive(file):  6865208 kB
Unevictable:        5716 kB
Mlocked:            5716 kB
SwapTotal:       3145724 kB
SwapFree:        3145724 kB
Dirty:               248 kB
Writeback:             0 kB
AnonPages:       1226064 kB
Mapped:           772144 kB
Shmem:             34860 kB
KReclaimable:     524124 kB
Slab:             227432 kB
SReclaimable:      80204 kB
SUnreclaim:       147228 kB
KernelStack:       47344 kB
PageTables:        63908 kB
NFS_Unstable:          0 kB
Bounce:                0 kB
WritebackTmp:          0 kB
CommitLimit:     9202292 kB
Committed_AS:   67523784 kB
VmallocTotal:   263061440 kB
VmallocUsed:      104376 kB
VmallocChunk:          0 kB
Percpu:             7648 kB
CmaTotal:         294912 kB
CmaFree:               0 kB
MemTotal:       12113136 kB
MemFree:          479612 kB
MemAvailable:    7943228 kB
Buffers:            7608 kB
Cached:          7840116 kB
SwapCached:            0 kB
Active:          2065804 kB
Inactive:        7003488 kB
Active(anon):    1122832 kB
Inactive(anon):   138264 kB
Active(file):     942972 kB
Inactive(file):  6865224 kB
Unevictable:        5716 kB
Mlocked:            5716 kB
SwapTotal:       3145724 kB
SwapFree:        3145724 kB
Dirty:               280 kB
Writeback:             0 kB
AnonPages:       1227252 kB
Mapped:           772224 kB
Shmem:             34860 kB
KReclaimable:     524124 kB
Slab:             227432 kB
SReclaimable:      80204 kB
SUnreclaim:       147228 kB
KernelStack:       47360 kB
PageTables:        63496 kB
NFS_Unstable:          0 kB
Bounce:                0 kB
WritebackTmp:          0 kB
CommitLimit:     9202292 kB
Committed_AS:   67523428 kB
VmallocTotal:   263061440 kB
VmallocUsed:      104376 kB
VmallocChunk:          0 kB
Percpu:             7648 kB
CmaTotal:         294912 kB
CmaFree:              32 kB
MemTotal:       12113136 kB
MemFree:          480092 kB
MemAvailable:    7943720 kB
Buffers:            7608 kB
Cached:          7840128 kB
SwapCached:            0 kB
Active:          2066012 kB
Inactive:        7003500 kB
Active(anon):    1123040 kB
Inactive(anon):   138264 kB
Active(file):     942972 kB
Inactive(file):  6865236 kB
Unevictable:        5716 kB
Mlocked:            5716 kB
SwapTotal:       3145724 kB
SwapFree:        3145724 kB
Dirty:               296 kB
Writeback:             0 kB
AnonPages:       1227644 kB
Mapped:           772108 kB
Shmem:             34860 kB
KReclaimable:     524124 kB
Slab:             227432 kB
SReclaimable:      80204 kB
SUnreclaim:       147228 kB
KernelStack:       47376 kB
PageTables:        63692 kB
NFS_Unstable:          0 kB
Bounce:                0 kB
WritebackTmp:          0 kB
CommitLimit:     9202292 kB
Committed_AS:   67523884 kB
VmallocTotal:   263061440 kB
VmallocUsed:      104376 kB
VmallocChunk:          0 kB
Percpu:             7648 kB
CmaTotal:         294912 kB
CmaFree:               0 kB
MemTotal:       12113136 kB
MemFree:          479732 kB
MemAvailable:    7943372 kB
Buffers:            7608 kB
Cached:          7840140 kB
SwapCached:            0 kB
Active:          2066512 kB
Inactive:        7003512 kB
Active(anon):    1123540 kB
Inactive(anon):   138264 kB
Active(file):     942972 kB
Inactive(file):  6865248 kB
Unevictable:        5716 kB
Mlocked:            5716 kB
SwapTotal:       3145724 kB
SwapFree:        3145724 kB
Dirty:               368 kB
Writeback:             0 kB
AnonPages:       1227776 kB
Mapped:           772252 kB
Shmem:             34860 kB
KReclaimable:     524124 kB
Slab:             227432 kB
SReclaimable:      80204 kB
SUnreclaim:       147228 kB
KernelStack:       47428 kB
PageTables:        63612 kB
NFS_Unstable:          0 kB
Bounce:                0 kB
WritebackTmp:          0 kB
CommitLimit:     9202292 kB
Committed_AS:   67525112 kB
VmallocTotal:   263061440 kB
VmallocUsed:      104408 kB
VmallocChunk:          0 kB
Percpu:             7648 kB
CmaTotal:         294912 kB
CmaFree:               4 kB
MemTotal:       12113136 kB
MemFree:          479404 kB
MemAvailable:    7943056 kB
Buffers:            7608 kB
Cached:          7840152 kB
SwapCached:            0 kB
Active:          2066992 kB
Inactive:        7003524 kB
Active(anon):    1124020 kB
Inactive(anon):   138264 kB
Active(file):     942972 kB
Inactive(file):  6865260 kB
Unevictable:        5716 kB
Mlocked:            5716 kB
SwapTotal:       3145724 kB
SwapFree:        3145724 kB
Dirty:               388 kB
Writeback:             0 kB
AnonPages:       1228612 kB
Mapped:           772108 kB
Shmem:             34860 kB
KReclaimable:     524124 kB
Slab:             227432 kB
SReclaimable:      80204 kB
SUnreclaim:       147228 kB
KernelStack:       47392 kB
PageTables:        63700 kB
NFS_Unstable:          0 kB
Bounce:                0 kB
WritebackTmp:          0 kB
CommitLimit:     9202292 kB
Committed_AS:   67524800 kB
VmallocTotal:   263061440 kB
VmallocUsed:      104392 kB
VmallocChunk:          0 kB
Percpu:             7648 kB
CmaTotal:         294912 kB
CmaFree:               0 kB
MemTotal:       12113136 kB
MemFree:          477432 kB
MemAvailable:    7941100 kB
Buffers:            7608 kB
Cached:          7840168 kB
SwapCached:            0 kB
Active:          2067996 kB
Inactive:        7003540 kB
Active(anon):    1125024 kB
Inactive(anon):   138264 kB
Active(file):     942972 kB
Inactive(file):  6865276 kB
Unevictable:        5716 kB
Mlocked:            5716 kB
SwapTotal:       3145724 kB
SwapFree:        3145724 kB
Dirty:               404 kB
Writeback:             0 kB
AnonPages:       1229412 kB
Mapped:           772240 kB
Shmem:             34860 kB
KReclaimable:     524124 kB
Slab:             227432 kB
SReclaimable:      80204 kB
SUnreclaim:       147228 kB
KernelStack:       47392 kB
PageTables:        63768 kB
NFS_Unstable:          0 kB
Bounce:                0 kB
WritebackTmp:          0 kB
CommitLimit:     9202292 kB
Committed_AS:   67519836 kB
VmallocTotal:   263061440 kB
VmallocUsed:      104392 kB
VmallocChunk:          0 kB
Percpu:             7648 kB
CmaTotal:         294912 kB
CmaFree:               0 kB
MemTotal:       12113136 kB
MemFree:          477676 kB
MemAvailable:    7941348 kB
Buffers:            7608 kB
Cached:          7840172 kB
SwapCached:            0 kB
Active:          2066972 kB
Inactive:        7003544 kB
Active(anon):    1124000 kB
Inactive(anon):   138264 kB
Active(file):     942972 kB
Inactive(file):  6865280 kB
Unevictable:        5716 kB
Mlocked:            5716 kB
SwapTotal:       3145724 kB
SwapFree:        3145724 kB
Dirty:               420 kB
Writeback:             0 kB
AnonPages:       1228588 kB
Mapped:           772044 kB
Shmem:             34860 kB
KReclaimable:     524124 kB
Slab:             227432 kB
SReclaimable:      80204 kB
SUnreclaim:       147228 kB
KernelStack:       47412 kB
PageTables:        63780 kB
NFS_Unstable:          0 kB
Bounce:                0 kB
WritebackTmp:          0 kB
CommitLimit:     9202292 kB
Committed_AS:   67522608 kB
VmallocTotal:   263061440 kB
VmallocUsed:      104344 kB
VmallocChunk:          0 kB
Percpu:             7648 kB
CmaTotal:         294912 kB
CmaFree:              24 kB
MemTotal:       12113136 kB
MemFree:          477588 kB
MemAvailable:    7941276 kB
Buffers:            7608 kB
Cached:          7840204 kB
SwapCached:            0 kB
Active:          2068292 kB
Inactive:        7003576 kB
Active(anon):    1125320 kB
Inactive(anon):   138280 kB
Active(file):     942972 kB
Inactive(file):  6865296 kB
Unevictable:        5716 kB
Mlocked:            5716 kB
SwapTotal:       3145724 kB
SwapFree:        3145724 kB
Dirty:               416 kB
Writeback:             0 kB
AnonPages:       1229588 kB
Mapped:           772124 kB
Shmem:             34876 kB
KReclaimable:     524124 kB
Slab:             227432 kB
SReclaimable:      80204 kB
SUnreclaim:       147228 kB
KernelStack:       47328 kB
PageTables:        63648 kB
NFS_Unstable:          0 kB
Bounce:                0 kB
WritebackTmp:          0 kB
CommitLimit:     9202292 kB
Committed_AS:   67523252 kB
VmallocTotal:   263061440 kB
VmallocUsed:      104344 kB
VmallocChunk:          0 kB
Percpu:             7648 kB
CmaTotal:         294912 kB
CmaFree:               0 kB
MemTotal:       12113136 kB
MemFree:          486900 kB
MemAvailable:    7950600 kB
Buffers:            7608 kB
Cached:          7840216 kB
SwapCached:            0 kB
Active:          2057956 kB
Inactive:        7003588 kB
Active(anon):    1114984 kB
Inactive(anon):   138280 kB
Active(file):     942972 kB
Inactive(file):  6865308 kB
Unevictable:        5716 kB
Mlocked:            5716 kB
SwapTotal:       3145724 kB
SwapFree:        3145724 kB
Dirty:               440 kB
Writeback:             0 kB
AnonPages:       1219128 kB
Mapped:           772164 kB
Shmem:             34876 kB
KReclaimable:     524124 kB
Slab:             227432 kB
SReclaimable:      80204 kB
SUnreclaim:       147228 kB
KernelStack:       47360 kB
PageTables:        63848 kB
NFS_Unstable:          0 kB
Bounce:                0 kB
WritebackTmp:          0 kB
CommitLimit:     9202292 kB
Committed_AS:   67524472 kB
VmallocTotal:   263061440 kB
VmallocUsed:      104360 kB
VmallocChunk:          0 kB
Percpu:             7648 kB
CmaTotal:         294912 kB
CmaFree:             348 kB
MemTotal:       12113136 kB
MemFree:          485664 kB
MemAvailable:    7949368 kB
Buffers:            7608 kB
Cached:          7840220 kB
SwapCached:            0 kB
Active:          2058312 kB
Inactive:        7003596 kB
Active(anon):    1115344 kB
Inactive(anon):   138280 kB
Active(file):     942968 kB
Inactive(file):  6865316 kB
Unevictable:        5716 kB
Mlocked:            5716 kB
SwapTotal:       3145724 kB
SwapFree:        3145724 kB
Dirty:               496 kB
Writeback:             0 kB
AnonPages:       1219596 kB
Mapped:           772208 kB
Shmem:             34876 kB
KReclaimable:     524124 kB
Slab:             227432 kB
SReclaimable:      80204 kB
SUnreclaim:       147228 kB
KernelStack:       47360 kB
PageTables:        63724 kB
NFS_Unstable:          0 kB
Bounce:                0 kB
WritebackTmp:          0 kB
CommitLimit:     9202292 kB
Committed_AS:   67519848 kB
VmallocTotal:   263061440 kB
VmallocUsed:      104344 kB
VmallocChunk:          0 kB
Percpu:             7648 kB
CmaTotal:         294912 kB
CmaFree:               0 kB
MemTotal:       12113136 kB
MemFree:          487036 kB
MemAvailable:    7950756 kB
Buffers:            7608 kB
Cached:          7840236 kB
SwapCached:            0 kB
Active:          2058292 kB
Inactive:        7003608 kB
Active(anon):    1115320 kB
Inactive(anon):   138280 kB
Active(file):     942972 kB
Inactive(file):  6865328 kB
Unevictable:        5716 kB
Mlocked:            5716 kB
SwapTotal:       3145724 kB
SwapFree:        3145724 kB
Dirty:               252 kB
Writeback:             0 kB
AnonPages:       1219832 kB
Mapped:           772244 kB
Shmem:             34876 kB
KReclaimable:     524124 kB
Slab:             227432 kB
SReclaimable:      80204 kB
SUnreclaim:       147228 kB
KernelStack:       47360 kB
PageTables:        63820 kB
NFS_Unstable:          0 kB
Bounce:                0 kB
WritebackTmp:          0 kB
CommitLimit:     9202292 kB
Committed_AS:   67523948 kB
VmallocTotal:   263061440 kB
VmallocUsed:      104376 kB
VmallocChunk:          0 kB
Percpu:             7648 kB
CmaTotal:         294912 kB
CmaFree:               0 kB
MemTotal:       12113136 kB
MemFree:          486860 kB
MemAvailable:    7950600 kB
Buffers:            7608 kB
Cached:          7840256 kB
SwapCached:            0 kB
Active:          2058788 kB
Inactive:        7003628 kB
Active(anon):    1115816 kB
Inactive(anon):   138280 kB
Active(file):     942972 kB
Inactive(file):  6865348 kB
Unevictable:        5716 kB
Mlocked:            5716 kB
SwapTotal:       3145724 kB
SwapFree:        3145724 kB
Dirty:               316 kB
Writeback:             0 kB
AnonPages:       1220280 kB
Mapped:           772132 kB
Shmem:             34876 kB
KReclaimable:     524124 kB
Slab:             227432 kB
SReclaimable:      80204 kB
SUnreclaim:       147228 kB
KernelStack:       47344 kB
PageTables:        63672 kB
NFS_Unstable:          0 kB
Bounce:                0 kB
WritebackTmp:          0 kB
CommitLimit:     9202292 kB
Committed_AS:   67527272 kB
VmallocTotal:   263061440 kB
VmallocUsed:      104376 kB
VmallocChunk:          0 kB
Percpu:             7648 kB
CmaTotal:         294912 kB
CmaFree:               0 kB
MemTotal:       12113136 kB
MemFree:          485980 kB
MemAvailable:    7949732 kB
Buffers:            7608 kB
Cached:          7840268 kB
SwapCached:            0 kB
Active:          2059524 kB
Inactive:        7003640 kB
Active(anon):    1116552 kB
Inactive(anon):   138280 kB
Active(file):     942972 kB
Inactive(file):  6865360 kB
Unevictable:        5716 kB
Mlocked:            5716 kB
SwapTotal:       3145724 kB
SwapFree:        3145724 kB
Dirty:               352 kB
Writeback:             0 kB
AnonPages:       1220840 kB
Mapped:           772296 kB
Shmem:             34876 kB
KReclaimable:     524124 kB
Slab:             227432 kB
SReclaimable:      80204 kB
SUnreclaim:       147228 kB
KernelStack:       47360 kB
PageTables:        63768 kB
NFS_Unstable:          0 kB
Bounce:                0 kB
WritebackTmp:          0 kB
CommitLimit:     9202292 kB
Committed_AS:   67516784 kB
VmallocTotal:   263061440 kB
VmallocUsed:      104312 kB
VmallocChunk:          0 kB
Percpu:             7648 kB
CmaTotal:         294912 kB
CmaFree:               0 kB
MemTotal:       12113136 kB
MemFree:          486056 kB
MemAvailable:    7949816 kB
Buffers:            7608 kB
Cached:          7840276 kB
SwapCached:            0 kB
Active:          2060028 kB
Inactive:        7003648 kB
Active(anon):    1117056 kB
Inactive(anon):   138280 kB
Active(file):     942972 kB
Inactive(file):  6865368 kB
Unevictable:        5716 kB
Mlocked:            5716 kB
SwapTotal:       3145724 kB
SwapFree:        3145724 kB
Dirty:               360 kB
Writeback:             0 kB
AnonPages:       1221584 kB
Mapped:           772180 kB
Shmem:             34876 kB
KReclaimable:     524124 kB
Slab:             227432 kB
SReclaimable:      80204 kB
SUnreclaim:       147228 kB
KernelStack:       47392 kB
PageTables:        63892 kB
NFS_Unstable:          0 kB
Bounce:                0 kB
WritebackTmp:          0 kB
CommitLimit:     9202292 kB
Committed_AS:   67522968 kB
VmallocTotal:   263061440 kB
VmallocUsed:      104376 kB
VmallocChunk:          0 kB
Percpu:             7648 kB
CmaTotal:         294912 kB
CmaFree:               0 kB
MemTotal:       12113136 kB
MemFree:          485588 kB
MemAvailable:    7949364 kB
Buffers:            7608 kB
Cached:          7840292 kB
SwapCached:            0 kB
Active:          2060524 kB
Inactive:        7003664 kB
Active(anon):    1117552 kB
Inactive(anon):   138280 kB
Active(file):     942972 kB
Inactive(file):  6865384 kB
Unevictable:        5716 kB
Mlocked:            5716 kB
SwapTotal:       3145724 kB
SwapFree:        3145724 kB
Dirty:               376 kB
Writeback:             0 kB
AnonPages:       1222172 kB
Mapped:           772296 kB
Shmem:             34876 kB
KReclaimable:     524124 kB
Slab:             227432 kB
SReclaimable:      80204 kB
SUnreclaim:       147228 kB
KernelStack:       47408 kB
PageTables:        63768 kB
NFS_Unstable:          0 kB
Bounce:                0 kB
WritebackTmp:          0 kB
CommitLimit:     9202292 kB
Committed_AS:   67518672 kB
VmallocTotal:   263061440 kB
VmallocUsed:      104376 kB
VmallocChunk:          0 kB
Percpu:             7648 kB
CmaTotal:         294912 kB
CmaFree:               0 kB
MemTotal:       12113136 kB
MemFree:          484844 kB
MemAvailable:    7948632 kB
Buffers:            7608 kB
Cached:          7840304 kB
SwapCached:            0 kB
Active:          2061676 kB
Inactive:        7003676 kB
Active(anon):    1118704 kB
Inactive(anon):   138280 kB
Active(file):     942972 kB
Inactive(file):  6865396 kB
Unevictable:        5716 kB
Mlocked:            5716 kB
SwapTotal:       3145724 kB
SwapFree:        3145724 kB
Dirty:               400 kB
Writeback:             0 kB
AnonPages:       1223236 kB
Mapped:           772172 kB
Shmem:             34876 kB
KReclaimable:     524124 kB
Slab:             227432 kB
SReclaimable:      80204 kB
SUnreclaim:       147228 kB
KernelStack:       47392 kB
PageTables:        63624 kB
NFS_Unstable:          0 kB
Bounce:                0 kB
WritebackTmp:          0 kB
CommitLimit:     9202292 kB
Committed_AS:   67525184 kB
VmallocTotal:   263061440 kB
VmallocUsed:      104360 kB
VmallocChunk:          0 kB
Percpu:             7648 kB
CmaTotal:         294912 kB
CmaFree:               0 kB
MemTotal:       12113136 kB
MemFree:          485244 kB
MemAvailable:    7949036 kB
Buffers:            7608 kB
Cached:          7840308 kB
SwapCached:            0 kB
Active:          2062056 kB
Inactive:        7003680 kB
Active(anon):    1119084 kB
Inactive(anon):   138280 kB
Active(file):     942972 kB
Inactive(file):  6865400 kB
Unevictable:        5716 kB
Mlocked:            5716 kB
SwapTotal:       3145724 kB
SwapFree:        3145724 kB
Dirty:               436 kB
Writeback:             0 kB
AnonPages:       1223388 kB
Mapped:           772192 kB
Shmem:             34876 kB
KReclaimable:     524124 kB
Slab:             227440 kB
SReclaimable:      80204 kB
SUnreclaim:       147236 kB
KernelStack:       47344 kB
PageTables:        63904 kB
NFS_Unstable:          0 kB
Bounce:                0 kB
WritebackTmp:          0 kB
CommitLimit:     9202292 kB
Committed_AS:   67520248 kB
VmallocTotal:   263061440 kB
VmallocUsed:      104376 kB
VmallocChunk:          0 kB
Percpu:             7648 kB
CmaTotal:         294912 kB
CmaFree:               0 kB
MemTotal:       12113136 kB
MemFree:          484168 kB
MemAvailable:    7947984 kB
Buffers:            7608 kB
Cached:          7840332 kB
SwapCached:            0 kB
Active:          2062588 kB
Inactive:        7003704 kB
Active(anon):    1119616 kB
Inactive(anon):   138280 kB
Active(file):     942972 kB
Inactive(file):  6865424 kB
Unevictable:        5716 kB
Mlocked:            5716 kB
SwapTotal:       3145724 kB
SwapFree:        3145724 kB
Dirty:               464 kB
Writeback:             0 kB
AnonPages:       1223792 kB
Mapped:           772192 kB
Shmem:             34876 kB
KReclaimable:     524124 kB
Slab:             227432 kB
SReclaimable:      80204 kB
SUnreclaim:       147228 kB
KernelStack:       47396 kB
PageTables:        63860 kB
NFS_Unstable:          0 kB
Bounce:                0 kB
WritebackTmp:          0 kB
CommitLimit:     9202292 kB
Committed_AS:   67524472 kB
VmallocTotal:   263061440 kB
VmallocUsed:      104408 kB
VmallocChunk:          0 kB
Percpu:             7648 kB
CmaTotal:         294912 kB
CmaFree:               0 kB
MemTotal:       12113136 kB
MemFree:          482684 kB
MemAvailable:    7946516 kB
Buffers:            7608 kB
Cached:          7840348 kB
SwapCached:            0 kB
Active:          2063440 kB
Inactive:        7003720 kB
Active(anon):    1120468 kB
Inactive(anon):   138280 kB
Active(file):     942972 kB
Inactive(file):  6865440 kB
Unevictable:        5716 kB
Mlocked:            5716 kB
SwapTotal:       3145724 kB
SwapFree:        3145724 kB
Dirty:               492 kB
Writeback:             0 kB
AnonPages:       1224892 kB
Mapped:           772292 kB
Shmem:             34876 kB
KReclaimable:     524124 kB
Slab:             227432 kB
SReclaimable:      80204 kB
SUnreclaim:       147228 kB
KernelStack:       47376 kB
PageTables:        63684 kB
NFS_Unstable:          0 kB
Bounce:                0 kB
WritebackTmp:          0 kB
CommitLimit:     9202292 kB
Committed_AS:   67517252 kB
VmallocTotal:   263061440 kB
VmallocUsed:      104392 kB
VmallocChunk:          0 kB
Percpu:             7648 kB
CmaTotal:         294912 kB
CmaFree:               0 kB
MemTotal:       12113136 kB
MemFree:          481676 kB
MemAvailable:    7945520 kB
Buffers:            7608 kB
Cached:          7840360 kB
SwapCached:            0 kB
Active:          2064164 kB
Inactive:        7003732 kB
Active(anon):    1121192 kB
Inactive(anon):   138280 kB
Active(file):     942972 kB
Inactive(file):  6865452 kB
Unevictable:        5716 kB
Mlocked:            5716 kB
SwapTotal:       3145724 kB
SwapFree:        3145724 kB
Dirty:               504 kB
Writeback:             0 kB
AnonPages:       1225736 kB
Mapped:           772180 kB
Shmem:             34876 kB
KReclaimable:     524124 kB
Slab:             227432 kB
SReclaimable:      80204 kB
SUnreclaim:       147228 kB
KernelStack:       47376 kB
PageTables:        63780 kB
NFS_Unstable:          0 kB
Bounce:                0 kB
WritebackTmp:          0 kB
CommitLimit:     9202292 kB
Committed_AS:   67519668 kB
VmallocTotal:   263061440 kB
VmallocUsed:      104360 kB
VmallocChunk:          0 kB
Percpu:             7648 kB
CmaTotal:         294912 kB
CmaFree:               0 kB
MemTotal:       12113136 kB
MemFree:          481120 kB
MemAvailable:    7944976 kB
Buffers:            7608 kB
Cached:          7840372 kB
SwapCached:            0 kB
Active:          2065028 kB
Inactive:        7003744 kB
Active(anon):    1122056 kB
Inactive(anon):   138280 kB
Active(file):     942972 kB
Inactive(file):  6865464 kB
Unevictable:        5716 kB
Mlocked:            5716 kB
SwapTotal:       3145724 kB
SwapFree:        3145724 kB
Dirty:               252 kB
Writeback:             0 kB
AnonPages:       1226148 kB
Mapped:           772188 kB
Shmem:             34876 kB
KReclaimable:     524124 kB
Slab:             227424 kB
SReclaimable:      80204 kB
SUnreclaim:       147220 kB
KernelStack:       47408 kB
PageTables:        63896 kB
NFS_Unstable:          0 kB
Bounce:                0 kB
WritebackTmp:          0 kB
CommitLimit:     9202292 kB
Committed_AS:   67523904 kB
VmallocTotal:   263061440 kB
VmallocUsed:      104392 kB
VmallocChunk:          0 kB
Percpu:             7648 kB
CmaTotal:         294912 kB
CmaFree:               0 kB
MemTotal:       12113136 kB
MemFree:          481500 kB
MemAvailable:    7945368 kB
Buffers:            7608 kB
Cached:          7840384 kB
SwapCached:            0 kB
Active:          2064820 kB
Inactive:        7003756 kB
Active(anon):    1121848 kB
Inactive(anon):   138280 kB
Active(file):     942972 kB
Inactive(file):  6865476 kB
Unevictable:        5716 kB
Mlocked:            5716 kB
SwapTotal:       3145724 kB
SwapFree:        3145724 kB
Dirty:               332 kB
Writeback:             0 kB
AnonPages:       1226500 kB
Mapped:           772060 kB
Shmem:             34876 kB
KReclaimable:     524124 kB
Slab:             227440 kB
SReclaimable:      80204 kB
SUnreclaim:       147236 kB
KernelStack:       47396 kB
PageTables:        63604 kB
NFS_Unstable:          0 kB
Bounce:                0 kB
WritebackTmp:          0 kB
CommitLimit:     9202292 kB
Committed_AS:   67518404 kB
VmallocTotal:   263061440 kB
VmallocUsed:      104376 kB
VmallocChunk:          0 kB
Percpu:             7648 kB
CmaTotal:         294912 kB
CmaFree:               0 kB
MemTotal:       12113136 kB
MemFree:          480972 kB
MemAvailable:    7944848 kB
Buffers:            7608 kB
Cached:          7840392 kB
SwapCached:            0 kB
Active:          2065864 kB
Inactive:        7003764 kB
Active(anon):    1122892 kB
Inactive(anon):   138280 kB
Active(file):     942972 kB
Inactive(file):  6865484 kB
Unevictable:        5716 kB
Mlocked:            5716 kB
SwapTotal:       3145724 kB
SwapFree:        3145724 kB
Dirty:               384 kB
Writeback:             0 kB
AnonPages:       1227608 kB
Mapped:           772452 kB
Shmem:             34876 kB
KReclaimable:     524124 kB
Slab:             227424 kB
SReclaimable:      80204 kB
SUnreclaim:       147220 kB
KernelStack:       47376 kB
PageTables:        63748 kB
NFS_Unstable:          0 kB
Bounce:                0 kB
WritebackTmp:          0 kB
CommitLimit:     9202292 kB
Committed_AS:   67525296 kB
VmallocTotal:   263061440 kB
VmallocUsed:      104360 kB
VmallocChunk:          0 kB
Percpu:             7648 kB
CmaTotal:         294912 kB
CmaFree:               0 kB
MemTotal:       12113136 kB
MemFree:          479628 kB
MemAvailable:    7943520 kB
Buffers:            7608 kB
Cached:          7840408 kB
SwapCached:            0 kB
Active:          2066196 kB
Inactive:        7003780 kB
Active(anon):    1123224 kB
Inactive(anon):   138280 kB
Active(file):     942972 kB
Inactive(file):  6865500 kB
Unevictable:        5716 kB
Mlocked:            5716 kB
SwapTotal:       3145724 kB
SwapFree:        3145724 kB
Dirty:               412 kB
Writeback:             0 kB
AnonPages:       1227604 kB
Mapped:           772192 kB
Shmem:             34876 kB
KReclaimable:     524124 kB
Slab:             227424 kB
SReclaimable:      80204 kB
SUnreclaim:       147220 kB
KernelStack:       47360 kB
PageTables:        63680 kB
NFS_Unstable:          0 kB
Bounce:                0 kB
WritebackTmp:          0 kB
CommitLimit:     9202292 kB
Committed_AS:   67525412 kB
VmallocTotal:   263061440 kB
VmallocUsed:      104376 kB
VmallocChunk:          0 kB
Percpu:             7648 kB
CmaTotal:         294912 kB
CmaFree:               0 kB
MemTotal:       12113136 kB
MemFree:          478684 kB
MemAvailable:    7942580 kB
Buffers:            7608 kB
Cached:          7840412 kB
SwapCached:            0 kB
Active:          2066892 kB
Inactive:        7003784 kB
Active(anon):    1123920 kB
Inactive(anon):   138280 kB
Active(file):     942972 kB
Inactive(file):  6865504 kB
Unevictable:        5716 kB
Mlocked:            5716 kB
SwapTotal:       3145724 kB
SwapFree:        3145724 kB
Dirty:               428 kB
Writeback:             0 kB
AnonPages:       1228328 kB
Mapped:           772380 kB
Shmem:             34876 kB
KReclaimable:     524124 kB
Slab:             227416 kB
SReclaimable:      80204 kB
SUnreclaim:       147212 kB
KernelStack:       47360 kB
PageTables:        63752 kB
NFS_Unstable:          0 kB
Bounce:                0 kB
WritebackTmp:          0 kB
CommitLimit:     9202292 kB
Committed_AS:   67522912 kB
VmallocTotal:   263061440 kB
VmallocUsed:      104344 kB
VmallocChunk:          0 kB
Percpu:             7648 kB
CmaTotal:         294912 kB
CmaFree:               0 kB
MemTotal:       12113136 kB
MemFree:          479068 kB
MemAvailable:    7942980 kB
Buffers:            7608 kB
Cached:          7840428 kB
SwapCached:            0 kB
Active:          2067252 kB
Inactive:        7003800 kB
Active(anon):    1124280 kB
Inactive(anon):   138280 kB
Active(file):     942972 kB
Inactive(file):  6865520 kB
Unevictable:        5716 kB
Mlocked:            5716 kB
SwapTotal:       3145724 kB
SwapFree:        3145724 kB
Dirty:               444 kB
Writeback:             0 kB
AnonPages:       1228604 kB
Mapped:           772260 kB
Shmem:             34876 kB
KReclaimable:     524124 kB
Slab:             227432 kB
SReclaimable:      80204 kB
SUnreclaim:       147228 kB
KernelStack:       47376 kB
PageTables:        63732 kB
NFS_Unstable:          0 kB
Bounce:                0 kB
WritebackTmp:          0 kB
CommitLimit:     9202292 kB
Committed_AS:   67528220 kB
VmallocTotal:   263061440 kB
VmallocUsed:      104344 kB
VmallocChunk:          0 kB
Percpu:             7648 kB
CmaTotal:         294912 kB
CmaFree:               0 kB
MemTotal:       12113136 kB
MemFree:          434000 kB
MemAvailable:    7897940 kB
Buffers:            7608 kB
Cached:          7850032 kB
SwapCached:            0 kB
Active:          2104720 kB
Inactive:        7013404 kB
Active(anon):    1161748 kB
Inactive(anon):   147872 kB
Active(file):     942972 kB
Inactive(file):  6865532 kB
Unevictable:        5716 kB
Mlocked:            5716 kB
SwapTotal:       3145724 kB
SwapFree:        3145724 kB
Dirty:               460 kB
Writeback:             0 kB
AnonPages:       1266396 kB
Mapped:           782124 kB
Shmem:             44468 kB
KReclaimable:     524140 kB
Slab:             227456 kB
SReclaimable:      80220 kB
SUnreclaim:       147236 kB
KernelStack:       47392 kB
PageTables:        63760 kB
NFS_Unstable:          0 kB
Bounce:                0 kB
WritebackTmp:          0 kB
CommitLimit:     9202292 kB
Committed_AS:   67528836 kB
VmallocTotal:   263061440 kB
VmallocUsed:      104344 kB
VmallocChunk:          0 kB
Percpu:             7648 kB
CmaTotal:         294912 kB
CmaFree:               8 kB
MemTotal:       12113136 kB
MemFree:          440152 kB
MemAvailable:    7904112 kB
Buffers:            7608 kB
Cached:          7840460 kB
SwapCached:            0 kB
Active:          2106724 kB
Inactive:        7003832 kB
Active(anon):    1163752 kB
Inactive(anon):   138280 kB
Active(file):     942972 kB
Inactive(file):  6865552 kB
Unevictable:        5716 kB
Mlocked:            5716 kB
SwapTotal:       3145724 kB
SwapFree:        3145724 kB
Dirty:               496 kB
Writeback:             0 kB
AnonPages:       1268536 kB
Mapped:           772260 kB
Shmem:             34876 kB
KReclaimable:     524140 kB
Slab:             227440 kB
SReclaimable:      80220 kB
SUnreclaim:       147220 kB
KernelStack:       47360 kB
PageTables:        63688 kB
NFS_Unstable:          0 kB
Bounce:                0 kB
WritebackTmp:          0 kB
CommitLimit:     9202292 kB
Committed_AS:   67524900 kB
VmallocTotal:   263061440 kB
VmallocUsed:      104344 kB
VmallocChunk:          0 kB
Percpu:             7648 kB
CmaTotal:         294912 kB
CmaFree:               0 kB
MemTotal:       12113136 kB
MemFree:          438932 kB
MemAvailable:    7902904 kB
Buffers:            7608 kB
Cached:          7840472 kB
SwapCached:            0 kB
Active:          2107636 kB
Inactive:        7003844 kB
Active(anon):    1164664 kB
Inactive(anon):   138280 kB
Active(file):     942972 kB
Inactive(file):  6865564 kB
Unevictable:        5716 kB
Mlocked:            5716 kB
SwapTotal:       3145724 kB
SwapFree:        3145724 kB
Dirty:               508 kB
Writeback:             0 kB
AnonPages:       1268952 kB
Mapped:           772480 kB
Shmem:             34876 kB
KReclaimable:     524140 kB
Slab:             227448 kB
SReclaimable:      80220 kB
SUnreclaim:       147228 kB
KernelStack:       47408 kB
PageTables:        63772 kB
NFS_Unstable:          0 kB
Bounce:                0 kB
WritebackTmp:          0 kB
CommitLimit:     9202292 kB
Committed_AS:   67524680 kB
VmallocTotal:   263061440 kB
VmallocUsed:      104376 kB
VmallocChunk:          0 kB
Percpu:             7648 kB
CmaTotal:         294912 kB
CmaFree:               0 kB
MemTotal:       12113136 kB
MemFree:          432264 kB
MemAvailable:    7896232 kB
Buffers:            7608 kB
Cached:          7840612 kB
SwapCached:            0 kB
Active:          2113756 kB
Inactive:        7003992 kB
Active(anon):    1170792 kB
Inactive(anon):   138424 kB
Active(file):     942964 kB
Inactive(file):  6865568 kB
Unevictable:        5716 kB
Mlocked:            5716 kB
SwapTotal:       3145724 kB
SwapFree:        3145724 kB
Dirty:               504 kB
Writeback:             0 kB
AnonPages:       1275444 kB
Mapped:           772140 kB
Shmem:             35020 kB
KReclaimable:     524140 kB
Slab:             227448 kB
SReclaimable:      80220 kB
SUnreclaim:       147228 kB
KernelStack:       47380 kB
PageTables:        63556 kB
NFS_Unstable:          0 kB
Bounce:                0 kB
WritebackTmp:          0 kB
CommitLimit:     9202292 kB
Committed_AS:   67526092 kB
VmallocTotal:   263061440 kB
VmallocUsed:      104392 kB
VmallocChunk:          0 kB
Percpu:             7648 kB
CmaTotal:         294912 kB
CmaFree:               0 kB
MemTotal:       12113136 kB
MemFree:          431492 kB
MemAvailable:    7895484 kB
Buffers:            7608 kB
Cached:          7840492 kB
SwapCached:            0 kB
Active:          2113684 kB
Inactive:        7003864 kB
Active(anon):    1170712 kB
Inactive(anon):   138280 kB
Active(file):     942972 kB
Inactive(file):  6865584 kB
Unevictable:        5716 kB
Mlocked:            5716 kB
SwapTotal:       3145724 kB
SwapFree:        3145724 kB
Dirty:               288 kB
Writeback:             0 kB
AnonPages:       1275000 kB
Mapped:           772244 kB
Shmem:             34876 kB
KReclaimable:     524140 kB
Slab:             227456 kB
SReclaimable:      80220 kB
SUnreclaim:       147236 kB
KernelStack:       47328 kB
PageTables:        63656 kB
NFS_Unstable:          0 kB
Bounce:                0 kB
WritebackTmp:          0 kB
CommitLimit:     9202292 kB
Committed_AS:   67524324 kB
VmallocTotal:   263061440 kB
VmallocUsed:      104360 kB
VmallocChunk:          0 kB
Percpu:             7648 kB
CmaTotal:         294912 kB
CmaFree:              24 kB
MemTotal:       12113136 kB
MemFree:          444112 kB
MemAvailable:    7908124 kB
Buffers:            7608 kB
Cached:          7840512 kB
SwapCached:            0 kB
Active:          2100608 kB
Inactive:        7003884 kB
Active(anon):    1157636 kB
Inactive(anon):   138280 kB
Active(file):     942972 kB
Inactive(file):  6865604 kB
Unevictable:        5716 kB
Mlocked:            5716 kB
SwapTotal:       3145724 kB
SwapFree:        3145724 kB
Dirty:               300 kB
Writeback:             0 kB
AnonPages:       1262324 kB
Mapped:           772384 kB
Shmem:             34876 kB
KReclaimable:     524140 kB
Slab:             227464 kB
SReclaimable:      80220 kB
SUnreclaim:       147244 kB
KernelStack:       47396 kB
PageTables:        63636 kB
NFS_Unstable:          0 kB
Bounce:                0 kB
WritebackTmp:          0 kB
CommitLimit:     9202292 kB
Committed_AS:   67524168 kB
VmallocTotal:   263061440 kB
VmallocUsed:      104328 kB
VmallocChunk:          0 kB
Percpu:             7648 kB
CmaTotal:         294912 kB
CmaFree:               0 kB
MemTotal:       12113136 kB
MemFree:          443780 kB
MemAvailable:    7907896 kB
Buffers:            7608 kB
Cached:          7840520 kB
SwapCached:            0 kB
Active:          2100824 kB
Inactive:        7003892 kB
Active(anon):    1157852 kB
Inactive(anon):   138280 kB
Active(file):     942972 kB
Inactive(file):  6865612 kB
Unevictable:        5716 kB
Mlocked:            5716 kB
SwapTotal:       3145724 kB
SwapFree:        3145724 kB
Dirty:               332 kB
Writeback:             0 kB
AnonPages:       1262288 kB
Mapped:           772240 kB
Shmem:             34876 kB
KReclaimable:     524140 kB
Slab:             227448 kB
SReclaimable:      80220 kB
SUnreclaim:       147228 kB
KernelStack:       47360 kB
PageTables:        63672 kB
NFS_Unstable:          0 kB
Bounce:                0 kB
WritebackTmp:          0 kB
CommitLimit:     9202292 kB
Committed_AS:   67523940 kB
VmallocTotal:   263061440 kB
VmallocUsed:      104328 kB
VmallocChunk:          0 kB
Percpu:             7648 kB
CmaTotal:         294912 kB
CmaFree:              88 kB
MemTotal:       12113136 kB
MemFree:          442412 kB
MemAvailable:    7906432 kB
Buffers:            7608 kB
Cached:          7840520 kB
SwapCached:            0 kB
Active:          2101612 kB
Inactive:        7003892 kB
Active(anon):    1158640 kB
Inactive(anon):   138280 kB
Active(file):     942972 kB
Inactive(file):  6865612 kB
Unevictable:        5716 kB
Mlocked:            5716 kB
SwapTotal:       3145724 kB
SwapFree:        3145724 kB
Dirty:               356 kB
Writeback:             0 kB
AnonPages:       1263184 kB
Mapped:           772456 kB
Shmem:             34876 kB
KReclaimable:     524140 kB
Slab:             227456 kB
SReclaimable:      80220 kB
SUnreclaim:       147236 kB
KernelStack:       47296 kB
PageTables:        63692 kB
NFS_Unstable:          0 kB
Bounce:                0 kB
WritebackTmp:          0 kB
CommitLimit:     9202292 kB
Committed_AS:   67523880 kB
VmallocTotal:   263061440 kB
VmallocUsed:      104328 kB
VmallocChunk:          0 kB
Percpu:             7648 kB
CmaTotal:         294912 kB
CmaFree:               0 kB
MemTotal:       12113136 kB
MemFree:          443572 kB
MemAvailable:    7907616 kB
Buffers:            7608 kB
Cached:          7840544 kB
SwapCached:            0 kB
Active:          2101908 kB
Inactive:        7003916 kB
Active(anon):    1158936 kB
Inactive(anon):   138280 kB
Active(file):     942972 kB
Inactive(file):  6865636 kB
Unevictable:        5716 kB
Mlocked:            5716 kB
SwapTotal:       3145724 kB
SwapFree:        3145724 kB
Dirty:               380 kB
Writeback:             0 kB
AnonPages:       1263520 kB
Mapped:           772388 kB
Shmem:             34876 kB
KReclaimable:     524140 kB
Slab:             227448 kB
SReclaimable:      80220 kB
SUnreclaim:       147228 kB
KernelStack:       47344 kB
PageTables:        63752 kB
NFS_Unstable:          0 kB
Bounce:                0 kB
WritebackTmp:          0 kB
CommitLimit:     9202292 kB
Committed_AS:   67523528 kB
VmallocTotal:   263061440 kB
VmallocUsed:      104328 kB
VmallocChunk:          0 kB
Percpu:             7648 kB
CmaTotal:         294912 kB
CmaFree:               0 kB
MemTotal:       12113136 kB
MemFree:          442796 kB
MemAvailable:    7906852 kB
Buffers:            7608 kB
Cached:          7840556 kB
SwapCached:            0 kB
Active:          2103356 kB
Inactive:        7003928 kB
Active(anon):    1160384 kB
Inactive(anon):   138280 kB
Active(file):     942972 kB
Inactive(file):  6865648 kB
Unevictable:        5716 kB
Mlocked:            5716 kB
SwapTotal:       3145724 kB
SwapFree:        3145724 kB
Dirty:               392 kB
Writeback:             0 kB
AnonPages:       1264956 kB
Mapped:           772312 kB
Shmem:             34876 kB
KReclaimable:     524140 kB
Slab:             227456 kB
SReclaimable:      80220 kB
SUnreclaim:       147236 kB
KernelStack:       47280 kB
PageTables:        63572 kB
NFS_Unstable:          0 kB
Bounce:                0 kB
WritebackTmp:          0 kB
CommitLimit:     9202292 kB
Committed_AS:   67518940 kB
VmallocTotal:   263061440 kB
VmallocUsed:      104296 kB
VmallocChunk:          0 kB
Percpu:             7648 kB
CmaTotal:         294912 kB
CmaFree:              24 kB
MemTotal:       12113136 kB
MemFree:          441964 kB
MemAvailable:    7906016 kB
Buffers:            7612 kB
Cached:          7840548 kB
SwapCached:            0 kB
Active:          2104068 kB
Inactive:        7003928 kB
Active(anon):    1161100 kB
Inactive(anon):   138280 kB
Active(file):     942968 kB
Inactive(file):  6865648 kB
Unevictable:        5716 kB
Mlocked:            5716 kB
SwapTotal:       3145724 kB
SwapFree:        3145724 kB
Dirty:               240 kB
Writeback:             0 kB
AnonPages:       1265528 kB
Mapped:           772404 kB
Shmem:             34876 kB
KReclaimable:     524140 kB
Slab:             227440 kB
SReclaimable:      80220 kB
SUnreclaim:       147220 kB
KernelStack:       47328 kB
PageTables:        63680 kB
NFS_Unstable:          0 kB
Bounce:                0 kB
WritebackTmp:          0 kB
CommitLimit:     9202292 kB
Committed_AS:   67513464 kB
VmallocTotal:   263061440 kB
VmallocUsed:      104280 kB
VmallocChunk:          0 kB
Percpu:             7648 kB
CmaTotal:         294912 kB
CmaFree:               4 kB
MemTotal:       12113136 kB
MemFree:          441216 kB
MemAvailable:    7905292 kB
Buffers:            7612 kB
Cached:          7840572 kB
SwapCached:            0 kB
Active:          2104684 kB
Inactive:        7003944 kB
Active(anon):    1161708 kB
Inactive(anon):   138280 kB
Active(file):     942976 kB
Inactive(file):  6865664 kB
Unevictable:        5716 kB
Mlocked:            5716 kB
SwapTotal:       3145724 kB
SwapFree:        3145724 kB
Dirty:               276 kB
Writeback:             0 kB
AnonPages:       1266116 kB
Mapped:           772132 kB
Shmem:             34876 kB
KReclaimable:     524140 kB
Slab:             227444 kB
SReclaimable:      80220 kB
SUnreclaim:       147224 kB
KernelStack:       47248 kB
PageTables:        63640 kB
NFS_Unstable:          0 kB
Bounce:                0 kB
WritebackTmp:          0 kB
CommitLimit:     9202292 kB
Committed_AS:   67513612 kB
VmallocTotal:   263061440 kB
VmallocUsed:      104280 kB
VmallocChunk:          0 kB
Percpu:             7648 kB
CmaTotal:         294912 kB
CmaFree:               0 kB
MemTotal:       12113136 kB
MemFree:          439212 kB
MemAvailable:    7903300 kB
Buffers:            7612 kB
Cached:          7840588 kB
SwapCached:            0 kB
Active:          2105248 kB
Inactive:        7003960 kB
Active(anon):    1162272 kB
Inactive(anon):   138284 kB
Active(file):     942976 kB
Inactive(file):  6865676 kB
Unevictable:        5716 kB
Mlocked:            5716 kB
SwapTotal:       3145724 kB
SwapFree:        3145724 kB
Dirty:               312 kB
Writeback:             0 kB
AnonPages:       1266536 kB
Mapped:           772244 kB
Shmem:             34880 kB
KReclaimable:     524140 kB
Slab:             227452 kB
SReclaimable:      80220 kB
SUnreclaim:       147232 kB
KernelStack:       47252 kB
PageTables:        63540 kB
NFS_Unstable:          0 kB
Bounce:                0 kB
WritebackTmp:          0 kB
CommitLimit:     9202292 kB
Committed_AS:   67518488 kB
VmallocTotal:   263061440 kB
VmallocUsed:      104264 kB
VmallocChunk:          0 kB
Percpu:             7648 kB
CmaTotal:         294912 kB
CmaFree:               0 kB
MemTotal:       12113136 kB
MemFree:          438844 kB
MemAvailable:    7902952 kB
Buffers:            7612 kB
Cached:          7840608 kB
SwapCached:            0 kB
Active:          2105700 kB
Inactive:        7003980 kB
Active(anon):    1162724 kB
Inactive(anon):   138284 kB
Active(file):     942976 kB
Inactive(file):  6865696 kB
Unevictable:        5716 kB
Mlocked:            5716 kB
SwapTotal:       3145724 kB
SwapFree:        3145724 kB
Dirty:               320 kB
Writeback:             0 kB
AnonPages:       1266888 kB
Mapped:           772460 kB
Shmem:             34880 kB
KReclaimable:     524140 kB
Slab:             227444 kB
SReclaimable:      80220 kB
SUnreclaim:       147224 kB
KernelStack:       47216 kB
PageTables:        63756 kB
NFS_Unstable:          0 kB
Bounce:                0 kB
WritebackTmp:          0 kB
CommitLimit:     9202292 kB
Committed_AS:   67508600 kB
VmallocTotal:   263061440 kB
VmallocUsed:      104216 kB
VmallocChunk:          0 kB
Percpu:             7648 kB
CmaTotal:         294912 kB
CmaFree:               0 kB
MemTotal:       12113136 kB
MemFree:          439804 kB
MemAvailable:    7903928 kB
Buffers:            7612 kB
Cached:          7840628 kB
SwapCached:            0 kB
Active:          2105636 kB
Inactive:        7004000 kB
Active(anon):    1162660 kB
Inactive(anon):   138288 kB
Active(file):     942976 kB
Inactive(file):  6865712 kB
Unevictable:        5716 kB
Mlocked:            5716 kB
SwapTotal:       3145724 kB
SwapFree:        3145724 kB
Dirty:               332 kB
Writeback:             0 kB
AnonPages:       1267276 kB
Mapped:           772340 kB
Shmem:             34884 kB
KReclaimable:     524140 kB
Slab:             227444 kB
SReclaimable:      80220 kB
SUnreclaim:       147224 kB
KernelStack:       47168 kB
PageTables:        63596 kB
NFS_Unstable:          0 kB
Bounce:                0 kB
WritebackTmp:          0 kB
CommitLimit:     9202292 kB
Committed_AS:   67508320 kB
VmallocTotal:   263061440 kB
VmallocUsed:      104200 kB
VmallocChunk:          0 kB
Percpu:             7648 kB
CmaTotal:         294912 kB
CmaFree:              80 kB
MemTotal:       12113136 kB
MemFree:          439240 kB
MemAvailable:    7903380 kB
Buffers:            7612 kB
Cached:          7840644 kB
SwapCached:            0 kB
Active:          2106416 kB
Inactive:        7004012 kB
Active(anon):    1163436 kB
Inactive(anon):   138288 kB
Active(file):     942980 kB
Inactive(file):  6865724 kB
Unevictable:        5716 kB
Mlocked:            5716 kB
SwapTotal:       3145724 kB
SwapFree:        3145724 kB
Dirty:               244 kB
Writeback:             0 kB
AnonPages:       1267820 kB
Mapped:           772392 kB
Shmem:             34884 kB
KReclaimable:     524140 kB
Slab:             227452 kB
SReclaimable:      80220 kB
SUnreclaim:       147232 kB
KernelStack:       47236 kB
PageTables:        63628 kB
NFS_Unstable:          0 kB
Bounce:                0 kB
WritebackTmp:          0 kB
CommitLimit:     9202292 kB
Committed_AS:   67507188 kB
VmallocTotal:   263061440 kB
VmallocUsed:      104232 kB
VmallocChunk:          0 kB
Percpu:             7648 kB
CmaTotal:         294912 kB
CmaFree:               0 kB
MemTotal:       12113136 kB
MemFree:          440476 kB
MemAvailable:    7904608 kB
Buffers:            7612 kB
Cached:          7840636 kB
SwapCached:            0 kB
Active:          2104920 kB
Inactive:        7004012 kB
Active(anon):    1161948 kB
Inactive(anon):   138288 kB
Active(file):     942972 kB
Inactive(file):  6865724 kB
Unevictable:        5716 kB
Mlocked:            5716 kB
SwapTotal:       3145724 kB
SwapFree:        3145724 kB
Dirty:               288 kB
Writeback:             0 kB
AnonPages:       1266576 kB
Mapped:           772324 kB
Shmem:             34884 kB
KReclaimable:     524140 kB
Slab:             227452 kB
SReclaimable:      80220 kB
SUnreclaim:       147232 kB
KernelStack:       47232 kB
PageTables:        63764 kB
NFS_Unstable:          0 kB
Bounce:                0 kB
WritebackTmp:          0 kB
CommitLimit:     9202292 kB
Committed_AS:   67506836 kB
VmallocTotal:   263061440 kB
VmallocUsed:      104184 kB
VmallocChunk:          0 kB
Percpu:             7648 kB
CmaTotal:         294912 kB
CmaFree:              32 kB
MemTotal:       12113136 kB
MemFree:          439456 kB
MemAvailable:    7903620 kB
Buffers:            7612 kB
Cached:          7840668 kB
SwapCached:            0 kB
Active:          2105680 kB
Inactive:        7004036 kB
Active(anon):    1162700 kB
Inactive(anon):   138288 kB
Active(file):     942980 kB
Inactive(file):  6865748 kB
Unevictable:        5716 kB
Mlocked:            5716 kB
SwapTotal:       3145724 kB
SwapFree:        3145724 kB
Dirty:               332 kB
Writeback:             0 kB
AnonPages:       1267404 kB
Mapped:           772204 kB
Shmem:             34884 kB
KReclaimable:     524140 kB
Slab:             227452 kB
SReclaimable:      80220 kB
SUnreclaim:       147232 kB
KernelStack:       47184 kB
PageTables:        63676 kB
NFS_Unstable:          0 kB
Bounce:                0 kB
WritebackTmp:          0 kB
CommitLimit:     9202292 kB
Committed_AS:   67506528 kB
VmallocTotal:   263061440 kB
VmallocUsed:      104168 kB
VmallocChunk:          0 kB
Percpu:             7648 kB
CmaTotal:         294912 kB
CmaFree:               0 kB
MemTotal:       12113136 kB
MemFree:          438556 kB
MemAvailable:    7902728 kB
Buffers:            7612 kB
Cached:          7840676 kB
SwapCached:            0 kB
Active:          2106556 kB
Inactive:        7004048 kB
Active(anon):    1163580 kB
Inactive(anon):   138288 kB
Active(file):     942976 kB
Inactive(file):  6865760 kB
Unevictable:        5716 kB
Mlocked:            5716 kB
SwapTotal:       3145724 kB
SwapFree:        3145724 kB
Dirty:               344 kB
Writeback:             0 kB
AnonPages:       1267820 kB
Mapped:           772344 kB
Shmem:             34884 kB
KReclaimable:     524140 kB
Slab:             227452 kB
SReclaimable:      80220 kB
SUnreclaim:       147232 kB
KernelStack:       47184 kB
PageTables:        63648 kB
NFS_Unstable:          0 kB
Bounce:                0 kB
WritebackTmp:          0 kB
CommitLimit:     9202292 kB
Committed_AS:   67512900 kB
VmallocTotal:   263061440 kB
VmallocUsed:      104168 kB
VmallocChunk:          0 kB
Percpu:             7648 kB
CmaTotal:         294912 kB
CmaFree:               0 kB
MemTotal:       12113136 kB
MemFree:          436620 kB
MemAvailable:    7900800 kB
Buffers:            7612 kB
Cached:          7840684 kB
SwapCached:            0 kB
Active:          2106968 kB
Inactive:        7004056 kB
Active(anon):    1163992 kB
Inactive(anon):   138288 kB
Active(file):     942976 kB
Inactive(file):  6865768 kB
Unevictable:        5716 kB
Mlocked:            5716 kB
SwapTotal:       3145724 kB
SwapFree:        3145724 kB
Dirty:               352 kB
Writeback:             0 kB
AnonPages:       1268392 kB
Mapped:           772320 kB
Shmem:             34884 kB
KReclaimable:     524140 kB
Slab:             227452 kB
SReclaimable:      80220 kB
SUnreclaim:       147232 kB
KernelStack:       47204 kB
PageTables:        63576 kB
NFS_Unstable:          0 kB
Bounce:                0 kB
WritebackTmp:          0 kB
CommitLimit:     9202292 kB
Committed_AS:   67513032 kB
VmallocTotal:   263061440 kB
VmallocUsed:      104200 kB
VmallocChunk:          0 kB
Percpu:             7648 kB
CmaTotal:         294912 kB
CmaFree:               0 kB
MemTotal:       12113136 kB
MemFree:          436880 kB
MemAvailable:    7901100 kB
Buffers:            7612 kB
Cached:          7840724 kB
SwapCached:            0 kB
Active:          2108412 kB
Inactive:        7004092 kB
Active(anon):    1165432 kB
Inactive(anon):   138288 kB
Active(file):     942980 kB
Inactive(file):  6865804 kB
Unevictable:        5716 kB
Mlocked:            5716 kB
SwapTotal:       3145724 kB
SwapFree:        3145724 kB
Dirty:               408 kB
Writeback:             0 kB
AnonPages:       1269412 kB
Mapped:           772580 kB
Shmem:             34884 kB
KReclaimable:     524140 kB
Slab:             227452 kB
SReclaimable:      80220 kB
SUnreclaim:       147232 kB
KernelStack:       47248 kB
PageTables:        63496 kB
NFS_Unstable:          0 kB
Bounce:                0 kB
WritebackTmp:          0 kB
CommitLimit:     9202292 kB
Committed_AS:   67497680 kB
VmallocTotal:   263061440 kB
VmallocUsed:      104200 kB
VmallocChunk:          0 kB
Percpu:             7648 kB
CmaTotal:         294912 kB
CmaFree:               0 kB
MemTotal:       12113136 kB
MemFree:          436516 kB
MemAvailable:    7900748 kB
Buffers:            7612 kB
Cached:          7840736 kB
SwapCached:            0 kB
Active:          2108988 kB
Inactive:        7004100 kB
Active(anon):    1166004 kB
Inactive(anon):   138288 kB
Active(file):     942984 kB
Inactive(file):  6865812 kB
Unevictable:        5716 kB
Mlocked:            5716 kB
SwapTotal:       3145724 kB
SwapFree:        3145724 kB
Dirty:               424 kB
Writeback:             0 kB
AnonPages:       1270420 kB
Mapped:           772320 kB
Shmem:             34884 kB
KReclaimable:     524140 kB
Slab:             227452 kB
SReclaimable:      80220 kB
SUnreclaim:       147232 kB
KernelStack:       47300 kB
PageTables:        63572 kB
NFS_Unstable:          0 kB
Bounce:                0 kB
WritebackTmp:          0 kB
CommitLimit:     9202292 kB
Committed_AS:   67510908 kB
VmallocTotal:   263061440 kB
VmallocUsed:      104232 kB
VmallocChunk:          0 kB
Percpu:             7648 kB
CmaTotal:         294912 kB
CmaFree:               8 kB
MemTotal:       12113136 kB
MemFree:          436484 kB
MemAvailable:    7900708 kB
Buffers:            7612 kB
Cached:          7840728 kB
SwapCached:            0 kB
Active:          2109000 kB
Inactive:        7004104 kB
Active(anon):    1166028 kB
Inactive(anon):   138288 kB
Active(file):     942972 kB
Inactive(file):  6865816 kB
Unevictable:        5716 kB
Mlocked:            5716 kB
SwapTotal:       3145724 kB
SwapFree:        3145724 kB
Dirty:               428 kB
Writeback:             0 kB
AnonPages:       1270816 kB
Mapped:           772196 kB
Shmem:             34884 kB
KReclaimable:     524140 kB
Slab:             227452 kB
SReclaimable:      80220 kB
SUnreclaim:       147232 kB
KernelStack:       47296 kB
PageTables:        63648 kB
NFS_Unstable:          0 kB
Bounce:                0 kB
WritebackTmp:          0 kB
CommitLimit:     9202292 kB
Committed_AS:   67503652 kB
VmallocTotal:   263061440 kB
VmallocUsed:      104264 kB
VmallocChunk:          0 kB
Percpu:             7648 kB
CmaTotal:         294912 kB
CmaFree:               0 kB
MemTotal:       12113136 kB
MemFree:          436628 kB
MemAvailable:    7900876 kB
Buffers:            7612 kB
Cached:          7840752 kB
SwapCached:            0 kB
Active:          2109672 kB
Inactive:        7004124 kB
Active(anon):    1166696 kB
Inactive(anon):   138288 kB
Active(file):     942976 kB
Inactive(file):  6865836 kB
Unevictable:        5716 kB
Mlocked:            5716 kB
SwapTotal:       3145724 kB
SwapFree:        3145724 kB
Dirty:               448 kB
Writeback:             0 kB
AnonPages:       1270864 kB
Mapped:           772148 kB
Shmem:             34884 kB
KReclaimable:     524140 kB
Slab:             227452 kB
SReclaimable:      80220 kB
SUnreclaim:       147232 kB
KernelStack:       47264 kB
PageTables:        63632 kB
NFS_Unstable:          0 kB
Bounce:                0 kB
WritebackTmp:          0 kB
CommitLimit:     9202292 kB
Committed_AS:   67508756 kB
VmallocTotal:   263061440 kB
VmallocUsed:      104296 kB
VmallocChunk:          0 kB
Percpu:             7648 kB
CmaTotal:         294912 kB
CmaFree:               0 kB
MemTotal:       12113136 kB
MemFree:          436440 kB
MemAvailable:    7900696 kB
Buffers:            7612 kB
Cached:          7840760 kB
SwapCached:            0 kB
Active:          2110104 kB
Inactive:        7004132 kB
Active(anon):    1167128 kB
Inactive(anon):   138288 kB
Active(file):     942976 kB
Inactive(file):  6865844 kB
Unevictable:        5716 kB
Mlocked:            5716 kB
SwapTotal:       3145724 kB
SwapFree:        3145724 kB
Dirty:               456 kB
Writeback:             0 kB
AnonPages:       1271420 kB
Mapped:           772320 kB
Shmem:             34884 kB
KReclaimable:     524140 kB
Slab:             227452 kB
SReclaimable:      80220 kB
SUnreclaim:       147232 kB
KernelStack:       47284 kB
PageTables:        63648 kB
NFS_Unstable:          0 kB
Bounce:                0 kB
WritebackTmp:          0 kB
CommitLimit:     9202292 kB
Committed_AS:   67514032 kB
VmallocTotal:   263061440 kB
VmallocUsed:      104296 kB
VmallocChunk:          0 kB
Percpu:             7648 kB
CmaTotal:         294912 kB
CmaFree:              68 kB
MemTotal:       12113136 kB
MemFree:          435592 kB
MemAvailable:    7899856 kB
Buffers:            7612 kB
Cached:          7840768 kB
SwapCached:            0 kB
Active:          2108096 kB
Inactive:        7004140 kB
Active(anon):    1165120 kB
Inactive(anon):   138288 kB
Active(file):     942976 kB
Inactive(file):  6865852 kB
Unevictable:        5716 kB
Mlocked:            5716 kB
SwapTotal:       3145724 kB
SwapFree:        3145724 kB
Dirty:               464 kB
Writeback:             0 kB
AnonPages:       1269748 kB
Mapped:           772460 kB
Shmem:             34884 kB
KReclaimable:     524140 kB
Slab:             227452 kB
SReclaimable:      80220 kB
SUnreclaim:       147232 kB
KernelStack:       47264 kB
PageTables:        63684 kB
NFS_Unstable:          0 kB
Bounce:                0 kB
WritebackTmp:          0 kB
CommitLimit:     9202292 kB
Committed_AS:   67513592 kB
VmallocTotal:   263061440 kB
VmallocUsed:      104264 kB
VmallocChunk:          0 kB
Percpu:             7648 kB
CmaTotal:         294912 kB
CmaFree:             412 kB
MemTotal:       12113136 kB
MemFree:          435016 kB
MemAvailable:    7899300 kB
Buffers:            7612 kB
Cached:          7840788 kB
SwapCached:            0 kB
Active:          2108640 kB
Inactive:        7004160 kB
Active(anon):    1165664 kB
Inactive(anon):   138288 kB
Active(file):     942976 kB
Inactive(file):  6865872 kB
Unevictable:        5716 kB
Mlocked:            5716 kB
SwapTotal:       3145724 kB
SwapFree:        3145724 kB
Dirty:               476 kB
Writeback:             0 kB
AnonPages:       1270076 kB
Mapped:           772196 kB
Shmem:             34884 kB
KReclaimable:     524140 kB
Slab:             227452 kB
SReclaimable:      80220 kB
SUnreclaim:       147232 kB
KernelStack:       47280 kB
PageTables:        63808 kB
NFS_Unstable:          0 kB
Bounce:                0 kB
WritebackTmp:          0 kB
CommitLimit:     9202292 kB
Committed_AS:   67514028 kB
VmallocTotal:   263061440 kB
VmallocUsed:      104280 kB
VmallocChunk:          0 kB
Percpu:             7648 kB
CmaTotal:         294912 kB
CmaFree:               0 kB
MemTotal:       12113136 kB
MemFree:          436704 kB
MemAvailable:    7901000 kB
Buffers:            7612 kB
Cached:          7840800 kB
SwapCached:            0 kB
Active:          2105728 kB
Inactive:        7004172 kB
Active(anon):    1162752 kB
Inactive(anon):   138288 kB
Active(file):     942976 kB
Inactive(file):  6865884 kB
Unevictable:        5716 kB
Mlocked:            5716 kB
SwapTotal:       3145724 kB
SwapFree:        3145724 kB
Dirty:               468 kB
Writeback:             0 kB
AnonPages:       1267540 kB
Mapped:           772352 kB
Shmem:             34884 kB
KReclaimable:     524140 kB
Slab:             227452 kB
SReclaimable:      80220 kB
SUnreclaim:       147232 kB
KernelStack:       47332 kB
PageTables:        63632 kB
NFS_Unstable:          0 kB
Bounce:                0 kB
WritebackTmp:          0 kB
CommitLimit:     9202292 kB
Committed_AS:   67513740 kB
VmallocTotal:   263061440 kB
VmallocUsed:      104248 kB
VmallocChunk:          0 kB
Percpu:             7648 kB
CmaTotal:         294912 kB
CmaFree:             296 kB
MemTotal:       12113136 kB
MemFree:          436824 kB
MemAvailable:    7901132 kB
Buffers:            7612 kB
Cached:          7840812 kB
SwapCached:            0 kB
Active:          2106336 kB
Inactive:        7004184 kB
Active(anon):    1163360 kB
Inactive(anon):   138288 kB
Active(file):     942976 kB
Inactive(file):  6865896 kB
Unevictable:        5716 kB
Mlocked:            5716 kB
SwapTotal:       3145724 kB
SwapFree:        3145724 kB
Dirty:               512 kB
Writeback:             0 kB
AnonPages:       1267972 kB
Mapped:           772196 kB
Shmem:             34884 kB
KReclaimable:     524140 kB
Slab:             227452 kB
SReclaimable:      80220 kB
SUnreclaim:       147232 kB
KernelStack:       47248 kB
PageTables:        63676 kB
NFS_Unstable:          0 kB
Bounce:                0 kB
WritebackTmp:          0 kB
CommitLimit:     9202292 kB
Committed_AS:   67513212 kB
VmallocTotal:   263061440 kB
VmallocUsed:      104232 kB
VmallocChunk:          0 kB
Percpu:             7648 kB
CmaTotal:         294912 kB
CmaFree:             100 kB
MemTotal:       12113136 kB
MemFree:          436600 kB
MemAvailable:    7900920 kB
Buffers:            7612 kB
Cached:          7840824 kB
SwapCached:            0 kB
Active:          2108012 kB
Inactive:        7004196 kB
Active(anon):    1165036 kB
Inactive(anon):   138288 kB
Active(file):     942976 kB
Inactive(file):  6865908 kB
Unevictable:        5716 kB
Mlocked:            5716 kB
SwapTotal:       3145724 kB
SwapFree:        3145724 kB
Dirty:               284 kB
Writeback:             0 kB
AnonPages:       1269096 kB
Mapped:           772552 kB
Shmem:             34884 kB
KReclaimable:     524140 kB
Slab:             227452 kB
SReclaimable:      80220 kB
SUnreclaim:       147232 kB
KernelStack:       47264 kB
PageTables:        63684 kB
NFS_Unstable:          0 kB
Bounce:                0 kB
WritebackTmp:          0 kB
CommitLimit:     9202292 kB
Committed_AS:   67509624 kB
VmallocTotal:   263061440 kB
VmallocUsed:      104232 kB
VmallocChunk:          0 kB
Percpu:             7648 kB
CmaTotal:         294912 kB
CmaFree:              28 kB
MemTotal:       12113136 kB
MemFree:          436244 kB
MemAvailable:    7900568 kB
Buffers:            7612 kB
Cached:          7840828 kB
SwapCached:            0 kB
Active:          2108144 kB
Inactive:        7004200 kB
Active(anon):    1165168 kB
Inactive(anon):   138288 kB
Active(file):     942976 kB
Inactive(file):  6865912 kB
Unevictable:        5716 kB
Mlocked:            5716 kB
SwapTotal:       3145724 kB
SwapFree:        3145724 kB
Dirty:               236 kB
Writeback:             0 kB
AnonPages:       1269680 kB
Mapped:           772420 kB
Shmem:             34884 kB
KReclaimable:     524140 kB
Slab:             227452 kB
SReclaimable:      80220 kB
SUnreclaim:       147232 kB
KernelStack:       47252 kB
PageTables:        63900 kB
NFS_Unstable:          0 kB
Bounce:                0 kB
WritebackTmp:          0 kB
CommitLimit:     9202292 kB
Committed_AS:   67513124 kB
VmallocTotal:   263061440 kB
VmallocUsed:      104232 kB
VmallocChunk:          0 kB
Percpu:             7648 kB
CmaTotal:         294912 kB
CmaFree:             168 kB
MemTotal:       12113136 kB
MemFree:          435616 kB
MemAvailable:    7899952 kB
Buffers:            7612 kB
Cached:          7840840 kB
SwapCached:            0 kB
Active:          2108644 kB
Inactive:        7004212 kB
Active(anon):    1165668 kB
Inactive(anon):   138288 kB
Active(file):     942976 kB
Inactive(file):  6865924 kB
Unevictable:        5716 kB
Mlocked:            5716 kB
SwapTotal:       3145724 kB
SwapFree:        3145724 kB
Dirty:               256 kB
Writeback:             0 kB
AnonPages:       1270520 kB
Mapped:           772552 kB
Shmem:             34884 kB
KReclaimable:     524140 kB
Slab:             227452 kB
SReclaimable:      80220 kB
SUnreclaim:       147232 kB
KernelStack:       47268 kB
PageTables:        63580 kB
NFS_Unstable:          0 kB
Bounce:                0 kB
WritebackTmp:          0 kB
CommitLimit:     9202292 kB
Committed_AS:   67513168 kB
VmallocTotal:   263061440 kB
VmallocUsed:      104264 kB
VmallocChunk:          0 kB
Percpu:             7648 kB
CmaTotal:         294912 kB
CmaFree:             156 kB
MemTotal:       12113136 kB
MemFree:          435456 kB
MemAvailable:    7899816 kB
Buffers:            7612 kB
Cached:          7840864 kB
SwapCached:            0 kB
Active:          2109204 kB
Inactive:        7004236 kB
Active(anon):    1166228 kB
Inactive(anon):   138288 kB
Active(file):     942976 kB
Inactive(file):  6865948 kB
Unevictable:        5716 kB
Mlocked:            5716 kB
SwapTotal:       3145724 kB
SwapFree:        3145724 kB
Dirty:               304 kB
Writeback:             0 kB
AnonPages:       1270680 kB
Mapped:           772364 kB
Shmem:             34884 kB
KReclaimable:     524140 kB
Slab:             227452 kB
SReclaimable:      80220 kB
SUnreclaim:       147232 kB
KernelStack:       47264 kB
PageTables:        63972 kB
NFS_Unstable:          0 kB
Bounce:                0 kB
WritebackTmp:          0 kB
CommitLimit:     9202292 kB
Committed_AS:   67513224 kB
VmallocTotal:   263061440 kB
VmallocUsed:      104248 kB
VmallocChunk:          0 kB
Percpu:             7648 kB
CmaTotal:         294912 kB
CmaFree:               0 kB
MemTotal:       12113136 kB
MemFree:          437200 kB
MemAvailable:    7901576 kB
Buffers:            7612 kB
Cached:          7850696 kB
SwapCached:            0 kB
Active:          2100080 kB
Inactive:        7014072 kB
Active(anon):    1157104 kB
Inactive(anon):   148108 kB
Active(file):     942976 kB
Inactive(file):  6865964 kB
Unevictable:        5716 kB
Mlocked:            5716 kB
SwapTotal:       3145724 kB
SwapFree:        3145724 kB
Dirty:               332 kB
Writeback:             0 kB
AnonPages:       1261680 kB
Mapped:           782184 kB
Shmem:             44700 kB
KReclaimable:     524140 kB
Slab:             227452 kB
SReclaimable:      80220 kB
SUnreclaim:       147232 kB
KernelStack:       47232 kB
PageTables:        63824 kB
NFS_Unstable:          0 kB
Bounce:                0 kB
WritebackTmp:          0 kB
CommitLimit:     9202292 kB
Committed_AS:   67522340 kB
VmallocTotal:   263061440 kB
VmallocUsed:      104264 kB
VmallocChunk:          0 kB
Percpu:             7648 kB
CmaTotal:         294912 kB
CmaFree:               0 kB
MemTotal:       12113136 kB
MemFree:          435228 kB
MemAvailable:    7899596 kB
Buffers:            7612 kB
Cached:          7840888 kB
SwapCached:            0 kB
Active:          2110204 kB
Inactive:        7004260 kB
Active(anon):    1167228 kB
Inactive(anon):   138288 kB
Active(file):     942976 kB
Inactive(file):  6865972 kB
Unevictable:        5716 kB
Mlocked:            5716 kB
SwapTotal:       3145724 kB
SwapFree:        3145724 kB
Dirty:               344 kB
Writeback:             0 kB
AnonPages:       1271696 kB
Mapped:           772488 kB
Shmem:             34884 kB
KReclaimable:     524124 kB
Slab:             227436 kB
SReclaimable:      80204 kB
SUnreclaim:       147232 kB
KernelStack:       47216 kB
PageTables:        63712 kB
NFS_Unstable:          0 kB
Bounce:                0 kB
WritebackTmp:          0 kB
CommitLimit:     9202292 kB
Committed_AS:   67512560 kB
VmallocTotal:   263061440 kB
VmallocUsed:      104216 kB
VmallocChunk:          0 kB
Percpu:             7648 kB
CmaTotal:         294912 kB
CmaFree:               0 kB
MemTotal:       12113136 kB
MemFree:          433748 kB
MemAvailable:    7898120 kB
Buffers:            7612 kB
Cached:          7840896 kB
SwapCached:            0 kB
Active:          2110196 kB
Inactive:        7004272 kB
Active(anon):    1167224 kB
Inactive(anon):   138292 kB
Active(file):     942972 kB
Inactive(file):  6865980 kB
Unevictable:        5716 kB
Mlocked:            5716 kB
SwapTotal:       3145724 kB
SwapFree:        3145724 kB
Dirty:               364 kB
Writeback:             0 kB
AnonPages:       1271544 kB
Mapped:           772560 kB
Shmem:             34888 kB
KReclaimable:     524124 kB
Slab:             227428 kB
SReclaimable:      80204 kB
SUnreclaim:       147224 kB
KernelStack:       47200 kB
PageTables:        63608 kB
NFS_Unstable:          0 kB
Bounce:                0 kB
WritebackTmp:          0 kB
CommitLimit:     9202292 kB
Committed_AS:   67513120 kB
VmallocTotal:   263061440 kB
VmallocUsed:      104200 kB
VmallocChunk:          0 kB
Percpu:             7648 kB
CmaTotal:         294912 kB
CmaFree:              24 kB
MemTotal:       12113136 kB
MemFree:          434520 kB
MemAvailable:    7898912 kB
Buffers:            7612 kB
Cached:          7840812 kB
SwapCached:            0 kB
Active:          2110400 kB
Inactive:        7004344 kB
Active(anon):    1167424 kB
Inactive(anon):   138348 kB
Active(file):     942976 kB
Inactive(file):  6865996 kB
Unevictable:        5716 kB
Mlocked:            5716 kB
SwapTotal:       3145724 kB
SwapFree:        3145724 kB
Dirty:               404 kB
Writeback:             0 kB
AnonPages:       1271524 kB
Mapped:           772620 kB
Shmem:             34784 kB
KReclaimable:     524124 kB
Slab:             227428 kB
SReclaimable:      80204 kB
SUnreclaim:       147224 kB
KernelStack:       47216 kB
PageTables:        63632 kB
NFS_Unstable:          0 kB
Bounce:                0 kB
WritebackTmp:          0 kB
CommitLimit:     9202292 kB
Committed_AS:   67523488 kB
VmallocTotal:   263061440 kB
VmallocUsed:      104216 kB
VmallocChunk:          0 kB
Percpu:             7648 kB
CmaTotal:         294912 kB
CmaFree:              28 kB
MemTotal:       12113136 kB
MemFree:          433508 kB
MemAvailable:    7897908 kB
Buffers:            7612 kB
Cached:          7840924 kB
SwapCached:            0 kB
Active:          2111048 kB
Inactive:        7004296 kB
Active(anon):    1168072 kB
Inactive(anon):   138292 kB
Active(file):     942976 kB
Inactive(file):  6866004 kB
Unevictable:        5716 kB
Mlocked:            5716 kB
SwapTotal:       3145724 kB
SwapFree:        3145724 kB
Dirty:               420 kB
Writeback:             0 kB
AnonPages:       1272312 kB
Mapped:           772564 kB
Shmem:             34888 kB
KReclaimable:     524124 kB
Slab:             227436 kB
SReclaimable:      80204 kB
SUnreclaim:       147232 kB
KernelStack:       47252 kB
PageTables:        63612 kB
NFS_Unstable:          0 kB
Bounce:                0 kB
WritebackTmp:          0 kB
CommitLimit:     9202292 kB
Committed_AS:   67521112 kB
VmallocTotal:   263061440 kB
VmallocUsed:      104216 kB
VmallocChunk:          0 kB
Percpu:             7648 kB
CmaTotal:         294912 kB
CmaFree:               0 kB
MemTotal:       12113136 kB
MemFree:          432928 kB
MemAvailable:    7897336 kB
Buffers:            7612 kB
Cached:          7840932 kB
SwapCached:            0 kB
Active:          2111184 kB
Inactive:        7004304 kB
Active(anon):    1168208 kB
Inactive(anon):   138292 kB
Active(file):     942976 kB
Inactive(file):  6866012 kB
Unevictable:        5716 kB
Mlocked:            5716 kB
SwapTotal:       3145724 kB
SwapFree:        3145724 kB
Dirty:               432 kB
Writeback:             0 kB
AnonPages:       1272592 kB
Mapped:           772496 kB
Shmem:             34888 kB
KReclaimable:     524124 kB
Slab:             227428 kB
SReclaimable:      80204 kB
SUnreclaim:       147224 kB
KernelStack:       47268 kB
PageTables:        63564 kB
NFS_Unstable:          0 kB
Bounce:                0 kB
WritebackTmp:          0 kB
CommitLimit:     9202292 kB
Committed_AS:   67523848 kB
VmallocTotal:   263061440 kB
VmallocUsed:      104216 kB
VmallocChunk:          0 kB
Percpu:             7648 kB
CmaTotal:         294912 kB
CmaFree:               0 kB
MemTotal:       12113136 kB
MemFree:          432812 kB
MemAvailable:    7897240 kB
Buffers:            7612 kB
Cached:          7840952 kB
SwapCached:            0 kB
Active:          2112196 kB
Inactive:        7004324 kB
Active(anon):    1169220 kB
Inactive(anon):   138292 kB
Active(file):     942976 kB
Inactive(file):  6866032 kB
Unevictable:        5716 kB
Mlocked:            5716 kB
SwapTotal:       3145724 kB
SwapFree:        3145724 kB
Dirty:               468 kB
Writeback:             0 kB
AnonPages:       1273940 kB
Mapped:           772492 kB
Shmem:             34888 kB
KReclaimable:     524124 kB
Slab:             227444 kB
SReclaimable:      80204 kB
SUnreclaim:       147240 kB
KernelStack:       47236 kB
PageTables:        63644 kB
NFS_Unstable:          0 kB
Bounce:                0 kB
WritebackTmp:          0 kB
CommitLimit:     9202292 kB
Committed_AS:   67513788 kB
VmallocTotal:   263061440 kB
VmallocUsed:      104248 kB
VmallocChunk:          0 kB
Percpu:             7648 kB
CmaTotal:         294912 kB
CmaFree:               4 kB
MemTotal:       12113136 kB
MemFree:          443748 kB
MemAvailable:    7908188 kB
Buffers:            7616 kB
Cached:          7840960 kB
SwapCached:            0 kB
Active:          2099876 kB
Inactive:        7004332 kB
Active(anon):    1156896 kB
Inactive(anon):   138292 kB
Active(file):     942980 kB
Inactive(file):  6866040 kB
Unevictable:        5716 kB
Mlocked:            5716 kB
SwapTotal:       3145724 kB
SwapFree:        3145724 kB
Dirty:               456 kB
Writeback:             0 kB
AnonPages:       1260992 kB
Mapped:           772516 kB
Shmem:             34888 kB
KReclaimable:     524124 kB
Slab:             227428 kB
SReclaimable:      80204 kB
SUnreclaim:       147224 kB
KernelStack:       47268 kB
PageTables:        64016 kB
NFS_Unstable:          0 kB
Bounce:                0 kB
WritebackTmp:          0 kB
CommitLimit:     9202292 kB
Committed_AS:   67505520 kB
VmallocTotal:   263061440 kB
VmallocUsed:      104264 kB
VmallocChunk:          0 kB
Percpu:             7648 kB
CmaTotal:         294912 kB
CmaFree:             152 kB
MemTotal:       12113136 kB
MemFree:          443484 kB
MemAvailable:    7907940 kB
Buffers:            7616 kB
Cached:          7840976 kB
SwapCached:            0 kB
Active:          2100284 kB
Inactive:        7004348 kB
Active(anon):    1157304 kB
Inactive(anon):   138292 kB
Active(file):     942980 kB
Inactive(file):  6866056 kB
Unevictable:        5716 kB
Mlocked:            5716 kB
SwapTotal:       3145724 kB
SwapFree:        3145724 kB
Dirty:               520 kB
Writeback:             0 kB
AnonPages:       1261872 kB
Mapped:           772560 kB
Shmem:             34888 kB
KReclaimable:     524124 kB
Slab:             227452 kB
SReclaimable:      80204 kB
SUnreclaim:       147248 kB
KernelStack:       47252 kB
PageTables:        63576 kB
NFS_Unstable:          0 kB
Bounce:                0 kB
WritebackTmp:          0 kB
CommitLimit:     9202292 kB
Committed_AS:   67507984 kB
VmallocTotal:   263061440 kB
VmallocUsed:      104232 kB
VmallocChunk:          0 kB
Percpu:             7648 kB
CmaTotal:         294912 kB
CmaFree:              28 kB
MemTotal:       12113136 kB
MemFree:          442468 kB
MemAvailable:    7906928 kB
Buffers:            7616 kB
Cached:          7840980 kB
SwapCached:            0 kB
Active:          2100976 kB
Inactive:        7004352 kB
Active(anon):    1157996 kB
Inactive(anon):   138292 kB
Active(file):     942980 kB
Inactive(file):  6866060 kB
Unevictable:        5716 kB
Mlocked:            5716 kB
SwapTotal:       3145724 kB
SwapFree:        3145724 kB
Dirty:               536 kB
Writeback:             0 kB
AnonPages:       1262192 kB
Mapped:           772628 kB
Shmem:             34888 kB
KReclaimable:     524124 kB
Slab:             227444 kB
SReclaimable:      80204 kB
SUnreclaim:       147240 kB
KernelStack:       47296 kB
PageTables:        63812 kB
NFS_Unstable:          0 kB
Bounce:                0 kB
WritebackTmp:          0 kB
CommitLimit:     9202292 kB
Committed_AS:   67502008 kB
VmallocTotal:   263061440 kB
VmallocUsed:      104200 kB
VmallocChunk:          0 kB
Percpu:             7648 kB
CmaTotal:         294912 kB
CmaFree:             256 kB
MemTotal:       12113136 kB
MemFree:          442300 kB
MemAvailable:    7906776 kB
Buffers:            7616 kB
Cached:          7840996 kB
SwapCached:            0 kB
Active:          2101676 kB
Inactive:        7004368 kB
Active(anon):    1158696 kB
Inactive(anon):   138292 kB
Active(file):     942980 kB
Inactive(file):  6866076 kB
Unevictable:        5716 kB
Mlocked:            5716 kB
SwapTotal:       3145724 kB
SwapFree:        3145724 kB
Dirty:               568 kB
Writeback:             0 kB
AnonPages:       1263212 kB
Mapped:           772624 kB
Shmem:             34888 kB
KReclaimable:     524124 kB
Slab:             227444 kB
SReclaimable:      80204 kB
SUnreclaim:       147240 kB
KernelStack:       47220 kB
PageTables:        63880 kB
NFS_Unstable:          0 kB
Bounce:                0 kB
WritebackTmp:          0 kB
CommitLimit:     9202292 kB
Committed_AS:   67511560 kB
VmallocTotal:   263061440 kB
VmallocUsed:      104216 kB
VmallocChunk:          0 kB
Percpu:             7648 kB
CmaTotal:         294912 kB
CmaFree:             204 kB
MemTotal:       12113136 kB
MemFree:          442032 kB
MemAvailable:    7906524 kB
Buffers:            7616 kB
Cached:          7841012 kB
SwapCached:            0 kB
Active:          2102888 kB
Inactive:        7004384 kB
Active(anon):    1159908 kB
Inactive(anon):   138292 kB
Active(file):     942980 kB
Inactive(file):  6866092 kB
Unevictable:        5716 kB
Mlocked:            5716 kB
SwapTotal:       3145724 kB
SwapFree:        3145724 kB
Dirty:               352 kB
Writeback:             0 kB
AnonPages:       1264116 kB
Mapped:           772556 kB
Shmem:             34888 kB
KReclaimable:     524124 kB
Slab:             227432 kB
SReclaimable:      80204 kB
SUnreclaim:       147228 kB
KernelStack:       47252 kB
PageTables:        63564 kB
NFS_Unstable:          0 kB
Bounce:                0 kB
WritebackTmp:          0 kB
CommitLimit:     9202292 kB
Committed_AS:   67512152 kB
VmallocTotal:   263061440 kB
VmallocUsed:      104248 kB
VmallocChunk:          0 kB
Percpu:             7648 kB
CmaTotal:         294912 kB
CmaFree:              36 kB
MemTotal:       12113136 kB
MemFree:          441420 kB
MemAvailable:    7905924 kB
Buffers:            7616 kB
Cached:          7841024 kB
SwapCached:            0 kB
Active:          2103596 kB
Inactive:        7004392 kB
Active(anon):    1160612 kB
Inactive(anon):   138292 kB
Active(file):     942984 kB
Inactive(file):  6866100 kB
Unevictable:        5716 kB
Mlocked:            5716 kB
SwapTotal:       3145724 kB
SwapFree:        3145724 kB
Dirty:               272 kB
Writeback:             0 kB
AnonPages:       1264844 kB
Mapped:           772660 kB
Shmem:             34888 kB
KReclaimable:     524124 kB
Slab:             227432 kB
SReclaimable:      80204 kB
SUnreclaim:       147228 kB
KernelStack:       47216 kB
PageTables:        63696 kB
NFS_Unstable:          0 kB
Bounce:                0 kB
WritebackTmp:          0 kB
CommitLimit:     9202292 kB
Committed_AS:   67516596 kB
VmallocTotal:   263061440 kB
VmallocUsed:      104248 kB
VmallocChunk:          0 kB
Percpu:             7648 kB
CmaTotal:         294912 kB
CmaFree:               0 kB
MemTotal:       12113136 kB
MemFree:          440904 kB
MemAvailable:    7905420 kB
Buffers:            7616 kB
Cached:          7841036 kB
SwapCached:            0 kB
Active:          2103784 kB
Inactive:        7004404 kB
Active(anon):    1160800 kB
Inactive(anon):   138292 kB
Active(file):     942984 kB
Inactive(file):  6866112 kB
Unevictable:        5716 kB
Mlocked:            5716 kB
SwapTotal:       3145724 kB
SwapFree:        3145724 kB
Dirty:               336 kB
Writeback:             0 kB
AnonPages:       1265288 kB
Mapped:           772384 kB
Shmem:             34888 kB
KReclaimable:     524124 kB
Slab:             227432 kB
SReclaimable:      80204 kB
SUnreclaim:       147228 kB
KernelStack:       47216 kB
PageTables:        63624 kB
NFS_Unstable:          0 kB
Bounce:                0 kB
WritebackTmp:          0 kB
CommitLimit:     9202292 kB
Committed_AS:   67519060 kB
VmallocTotal:   263061440 kB
VmallocUsed:      104216 kB
VmallocChunk:          0 kB
Percpu:             7648 kB
CmaTotal:         294912 kB
CmaFree:               0 kB
MemTotal:       12113136 kB
MemFree:          440240 kB
MemAvailable:    7904768 kB
Buffers:            7616 kB
Cached:          7841048 kB
SwapCached:            0 kB
Active:          2104448 kB
Inactive:        7004416 kB
Active(anon):    1161464 kB
Inactive(anon):   138292 kB
Active(file):     942984 kB
Inactive(file):  6866124 kB
Unevictable:        5716 kB
Mlocked:            5716 kB
SwapTotal:       3145724 kB
SwapFree:        3145724 kB
Dirty:               348 kB
Writeback:             0 kB
AnonPages:       1265868 kB
Mapped:           772624 kB
Shmem:             34888 kB
KReclaimable:     524124 kB
Slab:             227432 kB
SReclaimable:      80204 kB
SUnreclaim:       147228 kB
KernelStack:       47200 kB
PageTables:        63632 kB
NFS_Unstable:          0 kB
Bounce:                0 kB
WritebackTmp:          0 kB
CommitLimit:     9202292 kB
Committed_AS:   67516184 kB
VmallocTotal:   263061440 kB
VmallocUsed:      104216 kB
VmallocChunk:          0 kB
Percpu:             7648 kB
CmaTotal:         294912 kB
CmaFree:               0 kB
MemTotal:       12113136 kB
MemFree:          440900 kB
MemAvailable:    7905436 kB
Buffers:            7616 kB
Cached:          7841056 kB
SwapCached:            0 kB
Active:          2105112 kB
Inactive:        7004424 kB
Active(anon):    1162128 kB
Inactive(anon):   138292 kB
Active(file):     942984 kB
Inactive(file):  6866132 kB
Unevictable:        5716 kB
Mlocked:            5716 kB
SwapTotal:       3145724 kB
SwapFree:        3145724 kB
Dirty:               356 kB
Writeback:             0 kB
AnonPages:       1266268 kB
Mapped:           772680 kB
Shmem:             34888 kB
KReclaimable:     524124 kB
Slab:             227424 kB
SReclaimable:      80204 kB
SUnreclaim:       147220 kB
KernelStack:       47232 kB
PageTables:        63868 kB
NFS_Unstable:          0 kB
Bounce:                0 kB
WritebackTmp:          0 kB
CommitLimit:     9202292 kB
Committed_AS:   67510804 kB
VmallocTotal:   263061440 kB
VmallocUsed:      104216 kB
VmallocChunk:          0 kB
Percpu:             7648 kB
CmaTotal:         294912 kB
CmaFree:               4 kB
MemTotal:       12113136 kB
MemFree:          438560 kB
MemAvailable:    7903104 kB
Buffers:            7616 kB
Cached:          7841064 kB
SwapCached:            0 kB
Active:          2105636 kB
Inactive:        7004432 kB
Active(anon):    1162652 kB
Inactive(anon):   138292 kB
Active(file):     942984 kB
Inactive(file):  6866140 kB
Unevictable:        5716 kB
Mlocked:            5716 kB
SwapTotal:       3145724 kB
SwapFree:        3145724 kB
Dirty:               376 kB
Writeback:             0 kB
AnonPages:       1267056 kB
Mapped:           772624 kB
Shmem:             34888 kB
KReclaimable:     524124 kB
Slab:             227424 kB
SReclaimable:      80204 kB
SUnreclaim:       147220 kB
KernelStack:       47216 kB
PageTables:        63628 kB
NFS_Unstable:          0 kB
Bounce:                0 kB
WritebackTmp:          0 kB
CommitLimit:     9202292 kB
Committed_AS:   67510564 kB
VmallocTotal:   263061440 kB
VmallocUsed:      104200 kB
VmallocChunk:          0 kB
Percpu:             7648 kB
CmaTotal:         294912 kB
CmaFree:              84 kB
MemTotal:       12113136 kB
MemFree:          479704 kB
MemAvailable:    7944264 kB
Buffers:            7616 kB
Cached:          7841080 kB
SwapCached:            0 kB
Active:          2063148 kB
Inactive:        7004448 kB
Active(anon):    1120164 kB
Inactive(anon):   138292 kB
Active(file):     942984 kB
Inactive(file):  6866156 kB
Unevictable:        5716 kB
Mlocked:            5716 kB
SwapTotal:       3145724 kB
SwapFree:        3145724 kB
Dirty:               400 kB
Writeback:             0 kB
AnonPages:       1224200 kB
Mapped:           772628 kB
Shmem:             34888 kB
KReclaimable:     524124 kB
Slab:             227416 kB
SReclaimable:      80204 kB
SUnreclaim:       147212 kB
KernelStack:       47284 kB
PageTables:        63636 kB
NFS_Unstable:          0 kB
Bounce:                0 kB
WritebackTmp:          0 kB
CommitLimit:     9202292 kB
Committed_AS:   67510696 kB
VmallocTotal:   263061440 kB
VmallocUsed:      104200 kB
VmallocChunk:          0 kB
Percpu:             7648 kB
CmaTotal:         294912 kB
CmaFree:              28 kB
MemTotal:       12113136 kB
MemFree:          481104 kB
MemAvailable:    7945676 kB
Buffers:            7616 kB
Cached:          7841096 kB
SwapCached:            0 kB
Active:          2063928 kB
Inactive:        7004464 kB
Active(anon):    1120944 kB
Inactive(anon):   138292 kB
Active(file):     942984 kB
Inactive(file):  6866172 kB
Unevictable:        5716 kB
Mlocked:            5716 kB
SwapTotal:       3145724 kB
SwapFree:        3145724 kB
Dirty:               440 kB
Writeback:             0 kB
AnonPages:       1225540 kB
Mapped:           772552 kB
Shmem:             34888 kB
KReclaimable:     524120 kB
Slab:             227428 kB
SReclaimable:      80200 kB
SUnreclaim:       147228 kB
KernelStack:       47216 kB
PageTables:        63704 kB
NFS_Unstable:          0 kB
Bounce:                0 kB
WritebackTmp:          0 kB
CommitLimit:     9202292 kB
Committed_AS:   67505220 kB
VmallocTotal:   263061440 kB
VmallocUsed:      104168 kB
