MemTotal:       12113132 kB
MemFree:         6397660 kB
MemAvailable:    8082968 kB
Buffers:            5560 kB
Cached:          1867924 kB
SwapCached:            0 kB
Active:          1518216 kB
Inactive:        1626548 kB
Active(anon):    1277724 kB
Inactive(anon):    23748 kB
Active(file):     240492 kB
Inactive(file):  1602800 kB
Unevictable:        5552 kB
Mlocked:            5552 kB
SwapTotal:       3145724 kB
SwapFree:        3145724 kB
Dirty:               380 kB
Writeback:             0 kB
AnonPages:       1277108 kB
Mapped:           857444 kB
Shmem:             25692 kB
KReclaimable:     710720 kB
Slab:             227332 kB
SReclaimable:      79548 kB
SUnreclaim:       147784 kB
KernelStack:       47908 kB
PageTables:        67384 kB
NFS_Unstable:          0 kB
Bounce:                0 kB
WritebackTmp:          0 kB
CommitLimit:     9202288 kB
Committed_AS:   75274688 kB
VmallocTotal:   263061440 kB
VmallocUsed:      104948 kB
VmallocChunk:          0 kB
Percpu:             7648 kB
CmaTotal:         294912 kB
CmaFree:              64 kB
MemTotal:       12113132 kB
MemFree:         6398032 kB
MemAvailable:    8083412 kB
Buffers:            5560 kB
Cached:          1867996 kB
SwapCached:            0 kB
Active:          1518880 kB
Inactive:        1626584 kB
Active(anon):    1278352 kB
Inactive(anon):    23748 kB
Active(file):     240528 kB
Inactive(file):  1602836 kB
Unevictable:        5552 kB
Mlocked:            5552 kB
SwapTotal:       3145724 kB
SwapFree:        3145724 kB
Dirty:               452 kB
Writeback:             0 kB
AnonPages:       1277548 kB
Mapped:           857532 kB
Shmem:             25692 kB
KReclaimable:     710720 kB
Slab:             227284 kB
SReclaimable:      79548 kB
SUnreclaim:       147736 kB
KernelStack:       47952 kB
PageTables:        67584 kB
NFS_Unstable:          0 kB
Bounce:                0 kB
WritebackTmp:          0 kB
CommitLimit:     9202288 kB
Committed_AS:   75274972 kB
VmallocTotal:   263061440 kB
VmallocUsed:      104916 kB
VmallocChunk:          0 kB
Percpu:             7648 kB
CmaTotal:         294912 kB
CmaFree:               0 kB
MemTotal:       12113132 kB
MemFree:         6386492 kB
MemAvailable:    8071904 kB
Buffers:            5560 kB
Cached:          1867844 kB
SwapCached:            0 kB
Active:          1529244 kB
Inactive:        1626432 kB
Active(anon):    1288716 kB
Inactive(anon):    23580 kB
Active(file):     240528 kB
Inactive(file):  1602852 kB
Unevictable:        5552 kB
Mlocked:            5552 kB
SwapTotal:       3145724 kB
SwapFree:        3145724 kB
Dirty:               476 kB
Writeback:             0 kB
AnonPages:       1288332 kB
Mapped:           857276 kB
Shmem:             25524 kB
KReclaimable:     710736 kB
Slab:             227348 kB
SReclaimable:      79564 kB
SUnreclaim:       147784 kB
KernelStack:       47888 kB
PageTables:        67472 kB
NFS_Unstable:          0 kB
Bounce:                0 kB
WritebackTmp:          0 kB
CommitLimit:     9202288 kB
Committed_AS:   75280104 kB
VmallocTotal:   263061440 kB
VmallocUsed:      104932 kB
VmallocChunk:          0 kB
Percpu:             7648 kB
CmaTotal:         294912 kB
CmaFree:               0 kB
MemTotal:       12113132 kB
MemFree:         6385772 kB
MemAvailable:    8071204 kB
Buffers:            5560 kB
Cached:          1868032 kB
SwapCached:            0 kB
Active:          1530524 kB
Inactive:        1626620 kB
Active(anon):    1289996 kB
Inactive(anon):    23748 kB
Active(file):     240528 kB
Inactive(file):  1602872 kB
Unevictable:        5552 kB
Mlocked:            5552 kB
SwapTotal:       3145724 kB
SwapFree:        3145724 kB
Dirty:               508 kB
Writeback:             0 kB
AnonPages:       1289084 kB
Mapped:           857444 kB
Shmem:             25692 kB
KReclaimable:     710736 kB
Slab:             227332 kB
SReclaimable:      79564 kB
SUnreclaim:       147768 kB
KernelStack:       47888 kB
PageTables:        67492 kB
NFS_Unstable:          0 kB
Bounce:                0 kB
WritebackTmp:          0 kB
CommitLimit:     9202288 kB
Committed_AS:   75280368 kB
VmallocTotal:   263061440 kB
VmallocUsed:      104948 kB
VmallocChunk:          0 kB
Percpu:             7648 kB
CmaTotal:         294912 kB
CmaFree:               0 kB
MemTotal:       12113132 kB
MemFree:         6385744 kB
MemAvailable:    8071192 kB
Buffers:            5560 kB
Cached:          1868048 kB
SwapCached:            0 kB
Active:          1530004 kB
Inactive:        1626636 kB
Active(anon):    1289476 kB
Inactive(anon):    23748 kB
Active(file):     240528 kB
Inactive(file):  1602888 kB
Unevictable:        5552 kB
Mlocked:            5552 kB
SwapTotal:       3145724 kB
SwapFree:        3145724 kB
Dirty:               536 kB
Writeback:             0 kB
AnonPages:       1288856 kB
Mapped:           857444 kB
Shmem:             25692 kB
KReclaimable:     710736 kB
Slab:             227344 kB
SReclaimable:      79564 kB
SUnreclaim:       147780 kB
KernelStack:       47888 kB
PageTables:        67488 kB
NFS_Unstable:          0 kB
Bounce:                0 kB
WritebackTmp:          0 kB
CommitLimit:     9202288 kB
Committed_AS:   75280296 kB
VmallocTotal:   263061440 kB
VmallocUsed:      104948 kB
VmallocChunk:          0 kB
Percpu:             7648 kB
CmaTotal:         294912 kB
CmaFree:               0 kB
MemTotal:       12113132 kB
MemFree:         6391492 kB
MemAvailable:    8076952 kB
Buffers:            5560 kB
Cached:          1868060 kB
SwapCached:            0 kB
Active:          1522876 kB
Inactive:        1626648 kB
Active(anon):    1282348 kB
Inactive(anon):    23748 kB
Active(file):     240528 kB
Inactive(file):  1602900 kB
Unevictable:        5552 kB
Mlocked:            5552 kB
SwapTotal:       3145724 kB
SwapFree:        3145724 kB
Dirty:               548 kB
Writeback:             0 kB
AnonPages:       1281348 kB
Mapped:           857444 kB
Shmem:             25692 kB
KReclaimable:     710736 kB
Slab:             227344 kB
SReclaimable:      79564 kB
SUnreclaim:       147780 kB
KernelStack:       47872 kB
PageTables:        67444 kB
NFS_Unstable:          0 kB
Bounce:                0 kB
WritebackTmp:          0 kB
CommitLimit:     9202288 kB
Committed_AS:   75286844 kB
VmallocTotal:   263061440 kB
VmallocUsed:      104932 kB
VmallocChunk:          0 kB
Percpu:             7648 kB
CmaTotal:         294912 kB
CmaFree:             756 kB
MemTotal:       12113132 kB
MemFree:         6392084 kB
MemAvailable:    8077548 kB
Buffers:            5560 kB
Cached:          1868064 kB
SwapCached:            0 kB
Active:          1523456 kB
Inactive:        1626652 kB
Active(anon):    1282928 kB
Inactive(anon):    23748 kB
Active(file):     240528 kB
Inactive(file):  1602904 kB
Unevictable:        5552 kB
Mlocked:            5552 kB
SwapTotal:       3145724 kB
SwapFree:        3145724 kB
Dirty:               552 kB
Writeback:             0 kB
AnonPages:       1282236 kB
Mapped:           857444 kB
Shmem:             25692 kB
KReclaimable:     710736 kB
Slab:             227356 kB
SReclaimable:      79564 kB
SUnreclaim:       147792 kB
KernelStack:       47888 kB
PageTables:        67488 kB
NFS_Unstable:          0 kB
Bounce:                0 kB
WritebackTmp:          0 kB
CommitLimit:     9202288 kB
Committed_AS:   75286544 kB
VmallocTotal:   263061440 kB
VmallocUsed:      104948 kB
VmallocChunk:          0 kB
Percpu:             7648 kB
CmaTotal:         294912 kB
CmaFree:              12 kB
MemTotal:       12113132 kB
MemFree:         6391296 kB
MemAvailable:    8076768 kB
Buffers:            5560 kB
Cached:          1868072 kB
SwapCached:            0 kB
Active:          1524196 kB
Inactive:        1626664 kB
Active(anon):    1283672 kB
Inactive(anon):    23748 kB
Active(file):     240524 kB
Inactive(file):  1602916 kB
Unevictable:        5552 kB
Mlocked:            5552 kB
SwapTotal:       3145724 kB
SwapFree:        3145724 kB
Dirty:               556 kB
Writeback:             0 kB
AnonPages:       1282968 kB
Mapped:           857444 kB
Shmem:             25692 kB
KReclaimable:     710736 kB
Slab:             227360 kB
SReclaimable:      79564 kB
SUnreclaim:       147796 kB
KernelStack:       47888 kB
PageTables:        67480 kB
NFS_Unstable:          0 kB
Bounce:                0 kB
WritebackTmp:          0 kB
CommitLimit:     9202288 kB
Committed_AS:   75286952 kB
VmallocTotal:   263061440 kB
VmallocUsed:      104964 kB
VmallocChunk:          0 kB
Percpu:             7648 kB
CmaTotal:         294912 kB
CmaFree:             120 kB
MemTotal:       12113132 kB
MemFree:         6389472 kB
MemAvailable:    8074964 kB
Buffers:            5560 kB
Cached:          1868092 kB
SwapCached:            0 kB
Active:          1524756 kB
Inactive:        1626680 kB
Active(anon):    1284228 kB
Inactive(anon):    23748 kB
Active(file):     240528 kB
Inactive(file):  1602932 kB
Unevictable:        5552 kB
Mlocked:            5552 kB
SwapTotal:       3145724 kB
SwapFree:        3145724 kB
Dirty:               592 kB
Writeback:             0 kB
AnonPages:       1283528 kB
Mapped:           857444 kB
Shmem:             25692 kB
KReclaimable:     710736 kB
Slab:             227360 kB
SReclaimable:      79564 kB
SUnreclaim:       147796 kB
KernelStack:       47888 kB
PageTables:        67480 kB
NFS_Unstable:          0 kB
Bounce:                0 kB
WritebackTmp:          0 kB
CommitLimit:     9202288 kB
Committed_AS:   75292296 kB
VmallocTotal:   263061440 kB
VmallocUsed:      104948 kB
VmallocChunk:          0 kB
Percpu:             7648 kB
CmaTotal:         294912 kB
CmaFree:               0 kB
MemTotal:       12113132 kB
MemFree:         6388764 kB
MemAvailable:    8074284 kB
Buffers:            5564 kB
Cached:          1868116 kB
SwapCached:            0 kB
Active:          1526036 kB
Inactive:        1626704 kB
Active(anon):    1285504 kB
Inactive(anon):    23748 kB
Active(file):     240532 kB
Inactive(file):  1602956 kB
Unevictable:        5552 kB
Mlocked:            5552 kB
SwapTotal:       3145724 kB
SwapFree:        3145724 kB
Dirty:               580 kB
Writeback:             0 kB
AnonPages:       1284776 kB
Mapped:           857444 kB
Shmem:             25692 kB
KReclaimable:     710736 kB
Slab:             227360 kB
SReclaimable:      79564 kB
SUnreclaim:       147796 kB
KernelStack:       47888 kB
PageTables:        67492 kB
NFS_Unstable:          0 kB
Bounce:                0 kB
WritebackTmp:          0 kB
CommitLimit:     9202288 kB
Committed_AS:   75292244 kB
VmallocTotal:   263061440 kB
VmallocUsed:      104932 kB
VmallocChunk:          0 kB
Percpu:             7648 kB
CmaTotal:         294912 kB
CmaFree:               0 kB
MemTotal:       12113132 kB
MemFree:         6387724 kB
MemAvailable:    8073260 kB
Buffers:            5564 kB
Cached:          1868132 kB
SwapCached:            0 kB
Active:          1526584 kB
Inactive:        1626720 kB
Active(anon):    1286052 kB
Inactive(anon):    23748 kB
Active(file):     240532 kB
Inactive(file):  1602972 kB
Unevictable:        5552 kB
Mlocked:            5552 kB
SwapTotal:       3145724 kB
SwapFree:        3145724 kB
Dirty:               596 kB
Writeback:             0 kB
AnonPages:       1285288 kB
Mapped:           857444 kB
Shmem:             25692 kB
KReclaimable:     710736 kB
Slab:             227364 kB
SReclaimable:      79564 kB
SUnreclaim:       147800 kB
KernelStack:       47888 kB
PageTables:        67492 kB
NFS_Unstable:          0 kB
Bounce:                0 kB
WritebackTmp:          0 kB
CommitLimit:     9202288 kB
Committed_AS:   75288328 kB
VmallocTotal:   263061440 kB
VmallocUsed:      104932 kB
VmallocChunk:          0 kB
Percpu:             7648 kB
CmaTotal:         294912 kB
CmaFree:               0 kB
MemTotal:       12113132 kB
MemFree:         6387972 kB
MemAvailable:    8073512 kB
Buffers:            5564 kB
Cached:          1868136 kB
SwapCached:            0 kB
Active:          1527380 kB
Inactive:        1626724 kB
Active(anon):    1286848 kB
Inactive(anon):    23748 kB
Active(file):     240532 kB
Inactive(file):  1602976 kB
Unevictable:        5552 kB
Mlocked:            5552 kB
SwapTotal:       3145724 kB
SwapFree:        3145724 kB
Dirty:               612 kB
Writeback:             0 kB
AnonPages:       1286048 kB
Mapped:           857444 kB
Shmem:             25692 kB
KReclaimable:     710736 kB
Slab:             227364 kB
SReclaimable:      79564 kB
SUnreclaim:       147800 kB
KernelStack:       47888 kB
PageTables:        67496 kB
NFS_Unstable:          0 kB
Bounce:                0 kB
WritebackTmp:          0 kB
CommitLimit:     9202288 kB
Committed_AS:   75283904 kB
VmallocTotal:   263061440 kB
VmallocUsed:      104948 kB
VmallocChunk:          0 kB
Percpu:             7648 kB
CmaTotal:         294912 kB
CmaFree:               0 kB
MemTotal:       12113132 kB
MemFree:         6387468 kB
MemAvailable:    8073024 kB
Buffers:            5564 kB
Cached:          1868152 kB
SwapCached:            0 kB
Active:          1528072 kB
Inactive:        1626740 kB
Active(anon):    1287540 kB
Inactive(anon):    23748 kB
Active(file):     240532 kB
Inactive(file):  1602992 kB
Unevictable:        5552 kB
Mlocked:            5552 kB
SwapTotal:       3145724 kB
SwapFree:        3145724 kB
Dirty:               628 kB
Writeback:             0 kB
AnonPages:       1286736 kB
Mapped:           857444 kB
Shmem:             25692 kB
KReclaimable:     710736 kB
Slab:             227368 kB
SReclaimable:      79564 kB
SUnreclaim:       147804 kB
KernelStack:       47888 kB
PageTables:        67492 kB
NFS_Unstable:          0 kB
Bounce:                0 kB
WritebackTmp:          0 kB
CommitLimit:     9202288 kB
Committed_AS:   75277076 kB
VmallocTotal:   263061440 kB
VmallocUsed:      104996 kB
VmallocChunk:          0 kB
Percpu:             7648 kB
CmaTotal:         294912 kB
CmaFree:               0 kB
MemTotal:       12113132 kB
MemFree:         6387252 kB
MemAvailable:    8072812 kB
Buffers:            5564 kB
Cached:          1868156 kB
SwapCached:            0 kB
Active:          1528776 kB
Inactive:        1626748 kB
Active(anon):    1288248 kB
Inactive(anon):    23748 kB
Active(file):     240528 kB
Inactive(file):  1603000 kB
Unevictable:        5552 kB
Mlocked:            5552 kB
SwapTotal:       3145724 kB
SwapFree:        3145724 kB
Dirty:               676 kB
Writeback:             0 kB
AnonPages:       1287324 kB
Mapped:           857504 kB
Shmem:             25692 kB
KReclaimable:     710736 kB
Slab:             227368 kB
SReclaimable:      79564 kB
SUnreclaim:       147804 kB
KernelStack:       47904 kB
PageTables:        67464 kB
NFS_Unstable:          0 kB
Bounce:                0 kB
WritebackTmp:          0 kB
CommitLimit:     9202288 kB
Committed_AS:   75278304 kB
VmallocTotal:   263061440 kB
VmallocUsed:      104948 kB
VmallocChunk:          0 kB
Percpu:             7648 kB
CmaTotal:         294912 kB
CmaFree:               0 kB
MemTotal:       12113132 kB
MemFree:         6386772 kB
MemAvailable:    8072352 kB
Buffers:            5564 kB
Cached:          1868176 kB
SwapCached:            0 kB
Active:          1528820 kB
Inactive:        1626764 kB
Active(anon):    1288288 kB
Inactive(anon):    23748 kB
Active(file):     240532 kB
Inactive(file):  1603016 kB
Unevictable:        5552 kB
Mlocked:            5552 kB
SwapTotal:       3145724 kB
SwapFree:        3145724 kB
Dirty:               696 kB
Writeback:             0 kB
AnonPages:       1287576 kB
Mapped:           857504 kB
Shmem:             25692 kB
KReclaimable:     710736 kB
Slab:             227368 kB
SReclaimable:      79564 kB
SUnreclaim:       147804 kB
KernelStack:       47888 kB
PageTables:        67484 kB
NFS_Unstable:          0 kB
Bounce:                0 kB
WritebackTmp:          0 kB
CommitLimit:     9202288 kB
Committed_AS:   75277532 kB
VmallocTotal:   263061440 kB
VmallocUsed:      104948 kB
VmallocChunk:          0 kB
Percpu:             7648 kB
CmaTotal:         294912 kB
CmaFree:               0 kB
MemTotal:       12113132 kB
MemFree:         6386680 kB
MemAvailable:    8072272 kB
Buffers:            5564 kB
Cached:          1868188 kB
SwapCached:            0 kB
Active:          1529208 kB
Inactive:        1626776 kB
Active(anon):    1288676 kB
Inactive(anon):    23748 kB
Active(file):     240532 kB
Inactive(file):  1603028 kB
Unevictable:        5552 kB
Mlocked:            5552 kB
SwapTotal:       3145724 kB
SwapFree:        3145724 kB
Dirty:               716 kB
Writeback:             0 kB
AnonPages:       1287804 kB
Mapped:           857504 kB
Shmem:             25692 kB
KReclaimable:     710736 kB
Slab:             227364 kB
SReclaimable:      79564 kB
SUnreclaim:       147800 kB
KernelStack:       47888 kB
PageTables:        67488 kB
NFS_Unstable:          0 kB
Bounce:                0 kB
WritebackTmp:          0 kB
CommitLimit:     9202288 kB
Committed_AS:   75277308 kB
VmallocTotal:   263061440 kB
VmallocUsed:      104948 kB
VmallocChunk:          0 kB
Percpu:             7648 kB
CmaTotal:         294912 kB
CmaFree:               0 kB
MemTotal:       12113132 kB
MemFree:         6384524 kB
MemAvailable:    8070132 kB
Buffers:            5564 kB
Cached:          1868204 kB
SwapCached:            0 kB
Active:          1529992 kB
Inactive:        1626792 kB
Active(anon):    1289460 kB
Inactive(anon):    23748 kB
Active(file):     240532 kB
Inactive(file):  1603044 kB
Unevictable:        5552 kB
Mlocked:            5552 kB
SwapTotal:       3145724 kB
SwapFree:        3145724 kB
Dirty:               744 kB
Writeback:             0 kB
AnonPages:       1288612 kB
Mapped:           857504 kB
Shmem:             25692 kB
KReclaimable:     710736 kB
Slab:             227376 kB
SReclaimable:      79564 kB
SUnreclaim:       147812 kB
KernelStack:       47856 kB
PageTables:        67496 kB
NFS_Unstable:          0 kB
Bounce:                0 kB
WritebackTmp:          0 kB
CommitLimit:     9202288 kB
Committed_AS:   75284980 kB
VmallocTotal:   263061440 kB
VmallocUsed:      104964 kB
VmallocChunk:          0 kB
Percpu:             7648 kB
CmaTotal:         294912 kB
CmaFree:               0 kB
MemTotal:       12113132 kB
MemFree:         6383316 kB
MemAvailable:    8068928 kB
Buffers:            5564 kB
Cached:          1868208 kB
SwapCached:            0 kB
Active:          1530564 kB
Inactive:        1626796 kB
Active(anon):    1290032 kB
Inactive(anon):    23748 kB
Active(file):     240532 kB
Inactive(file):  1603048 kB
Unevictable:        5552 kB
Mlocked:            5552 kB
SwapTotal:       3145724 kB
SwapFree:        3145724 kB
Dirty:               748 kB
Writeback:             0 kB
AnonPages:       1288956 kB
Mapped:           857504 kB
Shmem:             25692 kB
KReclaimable:     710736 kB
Slab:             227360 kB
SReclaimable:      79564 kB
SUnreclaim:       147796 kB
KernelStack:       47840 kB
PageTables:        67488 kB
NFS_Unstable:          0 kB
Bounce:                0 kB
WritebackTmp:          0 kB
CommitLimit:     9202288 kB
Committed_AS:   75284796 kB
VmallocTotal:   263061440 kB
VmallocUsed:      104948 kB
VmallocChunk:          0 kB
Percpu:             7648 kB
CmaTotal:         294912 kB
CmaFree:               0 kB
MemTotal:       12113132 kB
MemFree:         6384204 kB
MemAvailable:    8069856 kB
Buffers:            5564 kB
Cached:          1868248 kB
SwapCached:            0 kB
Active:          1529824 kB
Inactive:        1626828 kB
Active(anon):    1289284 kB
Inactive(anon):    23748 kB
Active(file):     240540 kB
Inactive(file):  1603080 kB
Unevictable:        5552 kB
Mlocked:            5552 kB
SwapTotal:       3145724 kB
SwapFree:        3145724 kB
Dirty:               544 kB
Writeback:             0 kB
AnonPages:       1289072 kB
Mapped:           857504 kB
Shmem:             25692 kB
KReclaimable:     710736 kB
Slab:             227380 kB
SReclaimable:      79564 kB
SUnreclaim:       147816 kB
KernelStack:       47840 kB
PageTables:        67488 kB
NFS_Unstable:          0 kB
Bounce:                0 kB
WritebackTmp:          0 kB
CommitLimit:     9202288 kB
Committed_AS:   75284840 kB
VmallocTotal:   263061440 kB
VmallocUsed:      104932 kB
VmallocChunk:          0 kB
Percpu:             7648 kB
CmaTotal:         294912 kB
CmaFree:               4 kB
MemTotal:       12113132 kB
MemFree:         6383736 kB
MemAvailable:    8069388 kB
Buffers:            5564 kB
Cached:          1868248 kB
SwapCached:            0 kB
Active:          1530936 kB
Inactive:        1626836 kB
Active(anon):    1290404 kB
Inactive(anon):    23748 kB
Active(file):     240532 kB
Inactive(file):  1603088 kB
Unevictable:        5552 kB
Mlocked:            5552 kB
SwapTotal:       3145724 kB
SwapFree:        3145724 kB
Dirty:               388 kB
Writeback:             0 kB
AnonPages:       1289640 kB
Mapped:           857592 kB
Shmem:             25692 kB
KReclaimable:     710736 kB
Slab:             227396 kB
SReclaimable:      79564 kB
SUnreclaim:       147832 kB
KernelStack:       47892 kB
PageTables:        67416 kB
NFS_Unstable:          0 kB
Bounce:                0 kB
WritebackTmp:          0 kB
CommitLimit:     9202288 kB
Committed_AS:   75279472 kB
VmallocTotal:   263061440 kB
VmallocUsed:      104900 kB
VmallocChunk:          0 kB
Percpu:             7648 kB
CmaTotal:         294912 kB
CmaFree:               0 kB
MemTotal:       12113132 kB
MemFree:         6384412 kB
MemAvailable:    8070076 kB
Buffers:            5564 kB
Cached:          1868260 kB
SwapCached:            0 kB
Active:          1531276 kB
Inactive:        1626848 kB
Active(anon):    1290744 kB
Inactive(anon):    23748 kB
Active(file):     240532 kB
Inactive(file):  1603100 kB
Unevictable:        5552 kB
Mlocked:            5552 kB
SwapTotal:       3145724 kB
SwapFree:        3145724 kB
Dirty:               448 kB
Writeback:             0 kB
AnonPages:       1289696 kB
Mapped:           857504 kB
Shmem:             25692 kB
KReclaimable:     710736 kB
Slab:             227408 kB
SReclaimable:      79564 kB
SUnreclaim:       147844 kB
KernelStack:       47808 kB
PageTables:        67488 kB
NFS_Unstable:          0 kB
Bounce:                0 kB
WritebackTmp:          0 kB
CommitLimit:     9202288 kB
Committed_AS:   75279428 kB
VmallocTotal:   263061440 kB
VmallocUsed:      104820 kB
VmallocChunk:          0 kB
Percpu:             7648 kB
CmaTotal:         294912 kB
CmaFree:               0 kB
MemTotal:       12113132 kB
MemFree:         6409940 kB
MemAvailable:    8095600 kB
Buffers:            5564 kB
Cached:          1868272 kB
SwapCached:            0 kB
Active:          1504688 kB
Inactive:        1626860 kB
Active(anon):    1264156 kB
Inactive(anon):    23748 kB
Active(file):     240532 kB
Inactive(file):  1603112 kB
Unevictable:        5552 kB
Mlocked:            5552 kB
SwapTotal:       3145724 kB
SwapFree:        3145724 kB
Dirty:               468 kB
Writeback:             0 kB
AnonPages:       1262828 kB
Mapped:           857504 kB
Shmem:             25692 kB
KReclaimable:     710720 kB
Slab:             227392 kB
SReclaimable:      79548 kB
SUnreclaim:       147844 kB
KernelStack:       47728 kB
PageTables:        67440 kB
NFS_Unstable:          0 kB
Bounce:                0 kB
WritebackTmp:          0 kB
CommitLimit:     9202288 kB
Committed_AS:   75273636 kB
VmallocTotal:   263061440 kB
VmallocUsed:      104788 kB
VmallocChunk:          0 kB
Percpu:             7648 kB
CmaTotal:         294912 kB
CmaFree:               0 kB
MemTotal:       12113132 kB
MemFree:         6409096 kB
MemAvailable:    8094764 kB
Buffers:            5564 kB
Cached:          1868280 kB
SwapCached:            0 kB
Active:          1505140 kB
Inactive:        1626868 kB
Active(anon):    1264608 kB
Inactive(anon):    23748 kB
Active(file):     240532 kB
Inactive(file):  1603120 kB
Unevictable:        5552 kB
Mlocked:            5552 kB
SwapTotal:       3145724 kB
SwapFree:        3145724 kB
Dirty:               508 kB
Writeback:             0 kB
AnonPages:       1264000 kB
Mapped:           857504 kB
Shmem:             25692 kB
KReclaimable:     710720 kB
Slab:             227400 kB
SReclaimable:      79548 kB
SUnreclaim:       147852 kB
KernelStack:       47712 kB
PageTables:        67488 kB
NFS_Unstable:          0 kB
Bounce:                0 kB
WritebackTmp:          0 kB
CommitLimit:     9202288 kB
Committed_AS:   75280072 kB
VmallocTotal:   263061440 kB
VmallocUsed:      104820 kB
VmallocChunk:          0 kB
Percpu:             7648 kB
CmaTotal:         294912 kB
CmaFree:               0 kB
MemTotal:       12113132 kB
MemFree:         6417844 kB
MemAvailable:    8103752 kB
Buffers:            5568 kB
Cached:          1868524 kB
SwapCached:            0 kB
Active:          1496608 kB
Inactive:        1627112 kB
Active(anon):    1256072 kB
Inactive(anon):    23756 kB
Active(file):     240536 kB
Inactive(file):  1603356 kB
Unevictable:        5552 kB
Mlocked:            5552 kB
SwapTotal:       3145724 kB
SwapFree:        3145724 kB
Dirty:               336 kB
Writeback:             0 kB
AnonPages:       1255332 kB
Mapped:           857512 kB
Shmem:             25700 kB
KReclaimable:     710720 kB
Slab:             227404 kB
SReclaimable:      79548 kB
SUnreclaim:       147856 kB
KernelStack:       47696 kB
PageTables:        67412 kB
NFS_Unstable:          0 kB
Bounce:                0 kB
WritebackTmp:          0 kB
CommitLimit:     9202288 kB
Committed_AS:   75283508 kB
VmallocTotal:   263061440 kB
VmallocUsed:      104804 kB
VmallocChunk:          0 kB
Percpu:             7648 kB
CmaTotal:         294912 kB
CmaFree:             144 kB
MemTotal:       12113132 kB
MemFree:         6418748 kB
MemAvailable:    8104664 kB
Buffers:            5568 kB
Cached:          1868532 kB
SwapCached:            0 kB
Active:          1496356 kB
Inactive:        1627120 kB
Active(anon):    1255820 kB
Inactive(anon):    23756 kB
Active(file):     240536 kB
Inactive(file):  1603364 kB
Unevictable:        5552 kB
Mlocked:            5552 kB
SwapTotal:       3145724 kB
SwapFree:        3145724 kB
Dirty:               348 kB
Writeback:             0 kB
AnonPages:       1255180 kB
Mapped:           857512 kB
Shmem:             25700 kB
KReclaimable:     710720 kB
Slab:             227404 kB
SReclaimable:      79548 kB
SUnreclaim:       147856 kB
KernelStack:       47712 kB
PageTables:        67488 kB
NFS_Unstable:          0 kB
Bounce:                0 kB
WritebackTmp:          0 kB
CommitLimit:     9202288 kB
Committed_AS:   75279080 kB
VmallocTotal:   263061440 kB
VmallocUsed:      104788 kB
VmallocChunk:          0 kB
Percpu:             7648 kB
CmaTotal:         294912 kB
CmaFree:               0 kB
MemTotal:       12113132 kB
MemFree:         6418372 kB
MemAvailable:    8104312 kB
Buffers:            5568 kB
Cached:          1868556 kB
SwapCached:            0 kB
Active:          1497132 kB
Inactive:        1627140 kB
Active(anon):    1256592 kB
Inactive(anon):    23756 kB
Active(file):     240540 kB
Inactive(file):  1603384 kB
Unevictable:        5552 kB
Mlocked:            5552 kB
SwapTotal:       3145724 kB
SwapFree:        3145724 kB
Dirty:               372 kB
Writeback:             0 kB
AnonPages:       1255840 kB
Mapped:           857512 kB
Shmem:             25700 kB
KReclaimable:     710720 kB
Slab:             227404 kB
SReclaimable:      79548 kB
SUnreclaim:       147856 kB
KernelStack:       47712 kB
PageTables:        67484 kB
NFS_Unstable:          0 kB
Bounce:                0 kB
WritebackTmp:          0 kB
CommitLimit:     9202288 kB
Committed_AS:   75278628 kB
VmallocTotal:   263061440 kB
VmallocUsed:      104788 kB
VmallocChunk:          0 kB
Percpu:             7648 kB
CmaTotal:         294912 kB
CmaFree:               0 kB
MemTotal:       12113132 kB
MemFree:         6416636 kB
MemAvailable:    8102572 kB
Buffers:            5568 kB
Cached:          1868552 kB
SwapCached:            0 kB
Active:          1498952 kB
Inactive:        1627140 kB
Active(anon):    1258416 kB
Inactive(anon):    23756 kB
Active(file):     240536 kB
Inactive(file):  1603384 kB
Unevictable:        5552 kB
Mlocked:            5552 kB
SwapTotal:       3145724 kB
SwapFree:        3145724 kB
Dirty:               380 kB
Writeback:             0 kB
AnonPages:       1257512 kB
Mapped:           857512 kB
Shmem:             25700 kB
KReclaimable:     710720 kB
Slab:             227408 kB
SReclaimable:      79548 kB
SUnreclaim:       147860 kB
KernelStack:       47744 kB
PageTables:        67508 kB
NFS_Unstable:          0 kB
Bounce:                0 kB
WritebackTmp:          0 kB
CommitLimit:     9202288 kB
Committed_AS:   75283236 kB
VmallocTotal:   263061440 kB
VmallocUsed:      104804 kB
VmallocChunk:          0 kB
Percpu:             7648 kB
CmaTotal:         294912 kB
CmaFree:               0 kB
MemTotal:       12113132 kB
MemFree:         6432124 kB
MemAvailable:    8118076 kB
Buffers:            5568 kB
Cached:          1868568 kB
SwapCached:            0 kB
Active:          1482232 kB
Inactive:        1627156 kB
Active(anon):    1241696 kB
Inactive(anon):    23756 kB
Active(file):     240536 kB
Inactive(file):  1603400 kB
Unevictable:        5552 kB
Mlocked:            5552 kB
SwapTotal:       3145724 kB
SwapFree:        3145724 kB
Dirty:               396 kB
Writeback:             0 kB
AnonPages:       1240632 kB
Mapped:           857512 kB
Shmem:             25700 kB
KReclaimable:     710720 kB
Slab:             227408 kB
SReclaimable:      79548 kB
SUnreclaim:       147860 kB
KernelStack:       47728 kB
PageTables:        67460 kB
NFS_Unstable:          0 kB
Bounce:                0 kB
WritebackTmp:          0 kB
CommitLimit:     9202288 kB
Committed_AS:   75274788 kB
VmallocTotal:   263061440 kB
VmallocUsed:      104740 kB
VmallocChunk:          0 kB
Percpu:             7648 kB
CmaTotal:         294912 kB
CmaFree:               0 kB
MemTotal:       12113132 kB
MemFree:         6431848 kB
MemAvailable:    8117816 kB
Buffers:            5568 kB
Cached:          1868584 kB
SwapCached:            0 kB
Active:          1483080 kB
Inactive:        1627172 kB
Active(anon):    1242544 kB
Inactive(anon):    23756 kB
Active(file):     240536 kB
Inactive(file):  1603416 kB
Unevictable:        5552 kB
Mlocked:            5552 kB
SwapTotal:       3145724 kB
SwapFree:        3145724 kB
Dirty:               412 kB
Writeback:             0 kB
AnonPages:       1241756 kB
Mapped:           857512 kB
Shmem:             25700 kB
KReclaimable:     710720 kB
Slab:             227412 kB
SReclaimable:      79548 kB
SUnreclaim:       147864 kB
KernelStack:       47712 kB
PageTables:        67480 kB
NFS_Unstable:          0 kB
Bounce:                0 kB
WritebackTmp:          0 kB
CommitLimit:     9202288 kB
Committed_AS:   75279028 kB
VmallocTotal:   263061440 kB
VmallocUsed:      104756 kB
VmallocChunk:          0 kB
Percpu:             7648 kB
CmaTotal:         294912 kB
CmaFree:               0 kB
MemTotal:       12113132 kB
MemFree:         6431668 kB
MemAvailable:    8117644 kB
Buffers:            5568 kB
Cached:          1868592 kB
SwapCached:            0 kB
Active:          1483724 kB
Inactive:        1627084 kB
Active(anon):    1243092 kB
Inactive(anon):    23756 kB
Active(file):     240632 kB
Inactive(file):  1603328 kB
Unevictable:        5552 kB
Mlocked:            5552 kB
SwapTotal:       3145724 kB
SwapFree:        3145724 kB
Dirty:               472 kB
Writeback:             0 kB
AnonPages:       1242216 kB
Mapped:           857512 kB
Shmem:             25700 kB
KReclaimable:     710720 kB
Slab:             227412 kB
SReclaimable:      79548 kB
SUnreclaim:       147864 kB
KernelStack:       47712 kB
PageTables:        67492 kB
NFS_Unstable:          0 kB
Bounce:                0 kB
WritebackTmp:          0 kB
CommitLimit:     9202288 kB
Committed_AS:   75278968 kB
VmallocTotal:   263061440 kB
VmallocUsed:      104756 kB
VmallocChunk:          0 kB
Percpu:             7648 kB
CmaTotal:         294912 kB
CmaFree:               0 kB
MemTotal:       12113132 kB
MemFree:         6431156 kB
MemAvailable:    8117144 kB
Buffers:            5568 kB
Cached:          1868604 kB
SwapCached:            0 kB
Active:          1484420 kB
Inactive:        1627096 kB
Active(anon):    1243788 kB
Inactive(anon):    23756 kB
Active(file):     240632 kB
Inactive(file):  1603340 kB
Unevictable:        5552 kB
Mlocked:            5552 kB
SwapTotal:       3145724 kB
SwapFree:        3145724 kB
Dirty:               504 kB
Writeback:             0 kB
AnonPages:       1243192 kB
Mapped:           857512 kB
Shmem:             25700 kB
KReclaimable:     710720 kB
Slab:             227412 kB
SReclaimable:      79548 kB
SUnreclaim:       147864 kB
KernelStack:       47712 kB
PageTables:        67492 kB
NFS_Unstable:          0 kB
Bounce:                0 kB
WritebackTmp:          0 kB
CommitLimit:     9202288 kB
Committed_AS:   75279612 kB
VmallocTotal:   263061440 kB
VmallocUsed:      104740 kB
VmallocChunk:          0 kB
Percpu:             7648 kB
CmaTotal:         294912 kB
CmaFree:              12 kB
MemTotal:       12113132 kB
MemFree:         6430508 kB
MemAvailable:    8116512 kB
Buffers:            5568 kB
Cached:          1868624 kB
SwapCached:            0 kB
Active:          1485000 kB
Inactive:        1627116 kB
Active(anon):    1244368 kB
Inactive(anon):    23760 kB
Active(file):     240632 kB
Inactive(file):  1603356 kB
Unevictable:        5552 kB
Mlocked:            5552 kB
SwapTotal:       3145724 kB
SwapFree:        3145724 kB
Dirty:               532 kB
Writeback:             0 kB
AnonPages:       1243636 kB
Mapped:           857516 kB
Shmem:             25704 kB
KReclaimable:     710720 kB
Slab:             227416 kB
SReclaimable:      79548 kB
SUnreclaim:       147868 kB
KernelStack:       47712 kB
PageTables:        67484 kB
NFS_Unstable:          0 kB
Bounce:                0 kB
WritebackTmp:          0 kB
CommitLimit:     9202288 kB
Committed_AS:   75279524 kB
VmallocTotal:   263061440 kB
VmallocUsed:      104724 kB
VmallocChunk:          0 kB
Percpu:             7648 kB
CmaTotal:         294912 kB
CmaFree:               0 kB
MemTotal:       12113132 kB
MemFree:         6396680 kB
MemAvailable:    8082708 kB
Buffers:            5568 kB
Cached:          1877488 kB
SwapCached:            0 kB
Active:          1516836 kB
Inactive:        1631564 kB
Active(anon):    1276204 kB
Inactive(anon):    28200 kB
Active(file):     240632 kB
Inactive(file):  1603364 kB
Unevictable:        5552 kB
Mlocked:            5552 kB
SwapTotal:       3145724 kB
SwapFree:        3145724 kB
Dirty:               540 kB
Writeback:             0 kB
AnonPages:       1270852 kB
Mapped:           861960 kB
Shmem:             34560 kB
KReclaimable:     710736 kB
Slab:             227432 kB
SReclaimable:      79564 kB
SUnreclaim:       147868 kB
KernelStack:       47728 kB
PageTables:        67488 kB
NFS_Unstable:          0 kB
Bounce:                0 kB
WritebackTmp:          0 kB
CommitLimit:     9202288 kB
Committed_AS:   75288192 kB
VmallocTotal:   263061440 kB
VmallocUsed:      104740 kB
VmallocChunk:          0 kB
Percpu:             7648 kB
CmaTotal:         294912 kB
CmaFree:              76 kB
MemTotal:       12113132 kB
MemFree:         6403560 kB
MemAvailable:    8089616 kB
Buffers:            5568 kB
Cached:          1868660 kB
SwapCached:            0 kB
Active:          1513272 kB
Inactive:        1627152 kB
Active(anon):    1272640 kB
Inactive(anon):    23760 kB
Active(file):     240632 kB
Inactive(file):  1603392 kB
Unevictable:        5552 kB
Mlocked:            5552 kB
SwapTotal:       3145724 kB
SwapFree:        3145724 kB
Dirty:               580 kB
Writeback:             0 kB
AnonPages:       1271672 kB
Mapped:           857516 kB
Shmem:             25704 kB
KReclaimable:     710736 kB
Slab:             227416 kB
SReclaimable:      79564 kB
SUnreclaim:       147852 kB
KernelStack:       47728 kB
PageTables:        67488 kB
NFS_Unstable:          0 kB
Bounce:                0 kB
WritebackTmp:          0 kB
CommitLimit:     9202288 kB
Committed_AS:   75278812 kB
VmallocTotal:   263061440 kB
VmallocUsed:      104756 kB
VmallocChunk:          0 kB
Percpu:             7648 kB
CmaTotal:         294912 kB
CmaFree:               0 kB
MemTotal:       12113132 kB
MemFree:         6402348 kB
MemAvailable:    8088416 kB
Buffers:            5568 kB
Cached:          1868672 kB
SwapCached:            0 kB
Active:          1513224 kB
Inactive:        1627164 kB
Active(anon):    1272592 kB
Inactive(anon):    23760 kB
Active(file):     240632 kB
Inactive(file):  1603404 kB
Unevictable:        5552 kB
Mlocked:            5552 kB
SwapTotal:       3145724 kB
SwapFree:        3145724 kB
Dirty:               232 kB
Writeback:             0 kB
AnonPages:       1271880 kB
Mapped:           857516 kB
Shmem:             25704 kB
KReclaimable:     710736 kB
Slab:             227396 kB
SReclaimable:      79564 kB
SUnreclaim:       147832 kB
KernelStack:       47728 kB
PageTables:        67484 kB
NFS_Unstable:          0 kB
Bounce:                0 kB
WritebackTmp:          0 kB
CommitLimit:     9202288 kB
Committed_AS:   75273920 kB
VmallocTotal:   263061440 kB
VmallocUsed:      104772 kB
VmallocChunk:          0 kB
Percpu:             7648 kB
CmaTotal:         294912 kB
CmaFree:               0 kB
MemTotal:       12113132 kB
MemFree:         6401748 kB
MemAvailable:    8087832 kB
Buffers:            5568 kB
Cached:          1868688 kB
SwapCached:            0 kB
Active:          1513532 kB
Inactive:        1627180 kB
Active(anon):    1272900 kB
Inactive(anon):    23760 kB
Active(file):     240632 kB
Inactive(file):  1603420 kB
Unevictable:        5552 kB
Mlocked:            5552 kB
SwapTotal:       3145724 kB
SwapFree:        3145724 kB
Dirty:               320 kB
Writeback:             0 kB
AnonPages:       1272096 kB
Mapped:           857516 kB
Shmem:             25704 kB
KReclaimable:     710736 kB
Slab:             227396 kB
SReclaimable:      79564 kB
SUnreclaim:       147832 kB
KernelStack:       47712 kB
PageTables:        67496 kB
NFS_Unstable:          0 kB
Bounce:                0 kB
WritebackTmp:          0 kB
CommitLimit:     9202288 kB
Committed_AS:   75286276 kB
VmallocTotal:   263061440 kB
VmallocUsed:      104772 kB
VmallocChunk:          0 kB
Percpu:             7648 kB
CmaTotal:         294912 kB
CmaFree:               0 kB
MemTotal:       12113132 kB
MemFree:         6402240 kB
MemAvailable:    8088332 kB
Buffers:            5568 kB
Cached:          1868696 kB
SwapCached:            0 kB
Active:          1514296 kB
Inactive:        1627188 kB
Active(anon):    1273664 kB
Inactive(anon):    23760 kB
Active(file):     240632 kB
Inactive(file):  1603428 kB
Unevictable:        5552 kB
Mlocked:            5552 kB
SwapTotal:       3145724 kB
SwapFree:        3145724 kB
Dirty:               328 kB
Writeback:             0 kB
AnonPages:       1272660 kB
Mapped:           857496 kB
Shmem:             25704 kB
KReclaimable:     710736 kB
Slab:             227408 kB
SReclaimable:      79564 kB
SUnreclaim:       147844 kB
KernelStack:       47728 kB
PageTables:        67548 kB
NFS_Unstable:          0 kB
Bounce:                0 kB
WritebackTmp:          0 kB
CommitLimit:     9202288 kB
Committed_AS:   75283620 kB
VmallocTotal:   263061440 kB
VmallocUsed:      104788 kB
VmallocChunk:          0 kB
Percpu:             7648 kB
CmaTotal:         294912 kB
CmaFree:               0 kB
MemTotal:       12113132 kB
MemFree:         6402180 kB
MemAvailable:    8088280 kB
Buffers:            5568 kB
Cached:          1868704 kB
SwapCached:            0 kB
Active:          1514944 kB
Inactive:        1627196 kB
Active(anon):    1274312 kB
Inactive(anon):    23760 kB
Active(file):     240632 kB
Inactive(file):  1603436 kB
Unevictable:        5552 kB
Mlocked:            5552 kB
SwapTotal:       3145724 kB
SwapFree:        3145724 kB
Dirty:               336 kB
Writeback:             0 kB
AnonPages:       1273572 kB
Mapped:           857516 kB
Shmem:             25704 kB
KReclaimable:     710736 kB
Slab:             227408 kB
SReclaimable:      79564 kB
SUnreclaim:       147844 kB
KernelStack:       47712 kB
PageTables:        67496 kB
NFS_Unstable:          0 kB
Bounce:                0 kB
WritebackTmp:          0 kB
CommitLimit:     9202288 kB
Committed_AS:   75273256 kB
VmallocTotal:   263061440 kB
VmallocUsed:      104756 kB
VmallocChunk:          0 kB
Percpu:             7648 kB
CmaTotal:         294912 kB
CmaFree:               0 kB
MemTotal:       12113132 kB
MemFree:         6400588 kB
MemAvailable:    8086708 kB
Buffers:            5568 kB
Cached:          1868728 kB
SwapCached:            0 kB
Active:          1515012 kB
Inactive:        1627220 kB
Active(anon):    1274380 kB
Inactive(anon):    23764 kB
Active(file):     240632 kB
Inactive(file):  1603456 kB
Unevictable:        5552 kB
Mlocked:            5552 kB
SwapTotal:       3145724 kB
SwapFree:        3145724 kB
Dirty:               368 kB
Writeback:             0 kB
AnonPages:       1273336 kB
Mapped:           857520 kB
Shmem:             25708 kB
KReclaimable:     710736 kB
Slab:             227400 kB
SReclaimable:      79564 kB
SUnreclaim:       147836 kB
KernelStack:       47712 kB
PageTables:        67484 kB
NFS_Unstable:          0 kB
Bounce:                0 kB
WritebackTmp:          0 kB
CommitLimit:     9202288 kB
Committed_AS:   75272772 kB
VmallocTotal:   263061440 kB
VmallocUsed:      104756 kB
VmallocChunk:          0 kB
Percpu:             7648 kB
CmaTotal:         294912 kB
CmaFree:               0 kB
MemTotal:       12113132 kB
MemFree:         6401064 kB
MemAvailable:    8087216 kB
Buffers:            5572 kB
Cached:          1868756 kB
SwapCached:            0 kB
Active:          1515656 kB
Inactive:        1627248 kB
Active(anon):    1275020 kB
Inactive(anon):    23764 kB
Active(file):     240636 kB
Inactive(file):  1603484 kB
Unevictable:        5552 kB
Mlocked:            5552 kB
SwapTotal:       3145724 kB
SwapFree:        3145724 kB
Dirty:               232 kB
Writeback:             0 kB
AnonPages:       1274200 kB
Mapped:           857520 kB
Shmem:             25708 kB
KReclaimable:     710736 kB
Slab:             227436 kB
SReclaimable:      79564 kB
SUnreclaim:       147872 kB
KernelStack:       47712 kB
PageTables:        67488 kB
NFS_Unstable:          0 kB
Bounce:                0 kB
WritebackTmp:          0 kB
CommitLimit:     9202288 kB
Committed_AS:   75279440 kB
VmallocTotal:   263061440 kB
VmallocUsed:      104740 kB
VmallocChunk:          0 kB
Percpu:             7648 kB
CmaTotal:         294912 kB
CmaFree:               0 kB
MemTotal:       12113132 kB
MemFree:         6399160 kB
MemAvailable:    8085292 kB
Buffers:            5572 kB
Cached:          1868736 kB
SwapCached:            0 kB
Active:          1516488 kB
Inactive:        1627232 kB
Active(anon):    1275856 kB
Inactive(anon):    23764 kB
Active(file):     240632 kB
Inactive(file):  1603468 kB
Unevictable:        5552 kB
Mlocked:            5552 kB
SwapTotal:       3145724 kB
SwapFree:        3145724 kB
Dirty:               312 kB
Writeback:             0 kB
AnonPages:       1274764 kB
Mapped:           857520 kB
Shmem:             25708 kB
KReclaimable:     710736 kB
Slab:             227432 kB
SReclaimable:      79564 kB
SUnreclaim:       147868 kB
KernelStack:       47712 kB
PageTables:        67484 kB
NFS_Unstable:          0 kB
Bounce:                0 kB
WritebackTmp:          0 kB
CommitLimit:     9202288 kB
Committed_AS:   75284776 kB
VmallocTotal:   263061440 kB
VmallocUsed:      104756 kB
VmallocChunk:          0 kB
Percpu:             7648 kB
CmaTotal:         294912 kB
CmaFree:               0 kB
MemTotal:       12113132 kB
MemFree:         6398084 kB
MemAvailable:    8084260 kB
Buffers:            5572 kB
Cached:          1868780 kB
SwapCached:            0 kB
Active:          1516932 kB
Inactive:        1627272 kB
Active(anon):    1276296 kB
Inactive(anon):    23764 kB
Active(file):     240636 kB
Inactive(file):  1603508 kB
Unevictable:        5552 kB
Mlocked:            5552 kB
SwapTotal:       3145724 kB
SwapFree:        3145724 kB
Dirty:               360 kB
Writeback:             0 kB
AnonPages:       1275256 kB
Mapped:           857520 kB
Shmem:             25708 kB
KReclaimable:     710736 kB
Slab:             227460 kB
SReclaimable:      79564 kB
SUnreclaim:       147896 kB
KernelStack:       47712 kB
PageTables:        67488 kB
NFS_Unstable:          0 kB
Bounce:                0 kB
WritebackTmp:          0 kB
CommitLimit:     9202288 kB
Committed_AS:   75284796 kB
VmallocTotal:   263061440 kB
VmallocUsed:      104740 kB
VmallocChunk:          0 kB
Percpu:             7648 kB
CmaTotal:         294912 kB
CmaFree:               0 kB
MemTotal:       12113132 kB
MemFree:         6397848 kB
MemAvailable:    8084036 kB
Buffers:            5572 kB
Cached:          1868792 kB
SwapCached:            0 kB
Active:          1517532 kB
Inactive:        1627284 kB
Active(anon):    1276896 kB
Inactive(anon):    23764 kB
Active(file):     240636 kB
Inactive(file):  1603520 kB
Unevictable:        5552 kB
Mlocked:            5552 kB
SwapTotal:       3145724 kB
SwapFree:        3145724 kB
Dirty:               376 kB
Writeback:             0 kB
AnonPages:       1275992 kB
Mapped:           857520 kB
Shmem:             25708 kB
KReclaimable:     710736 kB
Slab:             227396 kB
SReclaimable:      79564 kB
SUnreclaim:       147832 kB
KernelStack:       47712 kB
PageTables:        67492 kB
NFS_Unstable:          0 kB
Bounce:                0 kB
WritebackTmp:          0 kB
CommitLimit:     9202288 kB
Committed_AS:   75278960 kB
VmallocTotal:   263061440 kB
VmallocUsed:      104724 kB
VmallocChunk:          0 kB
Percpu:             7648 kB
CmaTotal:         294912 kB
CmaFree:               0 kB
MemTotal:       12113132 kB
MemFree:         6397660 kB
MemAvailable:    8083868 kB
Buffers:            5572 kB
Cached:          1868812 kB
SwapCached:            0 kB
Active:          1517960 kB
Inactive:        1627304 kB
Active(anon):    1277324 kB
Inactive(anon):    23764 kB
Active(file):     240636 kB
Inactive(file):  1603540 kB
Unevictable:        5552 kB
Mlocked:            5552 kB
SwapTotal:       3145724 kB
SwapFree:        3145724 kB
Dirty:               396 kB
Writeback:             0 kB
AnonPages:       1276228 kB
Mapped:           857520 kB
Shmem:             25708 kB
KReclaimable:     710736 kB
Slab:             227444 kB
SReclaimable:      79564 kB
SUnreclaim:       147880 kB
KernelStack:       47712 kB
PageTables:        67480 kB
NFS_Unstable:          0 kB
Bounce:                0 kB
WritebackTmp:          0 kB
CommitLimit:     9202288 kB
Committed_AS:   75279288 kB
VmallocTotal:   263061440 kB
VmallocUsed:      104772 kB
VmallocChunk:          0 kB
Percpu:             7648 kB
CmaTotal:         294912 kB
CmaFree:             148 kB
MemTotal:       12113132 kB
MemFree:         6397712 kB
MemAvailable:    8083928 kB
Buffers:            5572 kB
Cached:          1868824 kB
SwapCached:            0 kB
Active:          1518588 kB
Inactive:        1627316 kB
Active(anon):    1277952 kB
Inactive(anon):    23768 kB
Active(file):     240636 kB
Inactive(file):  1603548 kB
Unevictable:        5552 kB
Mlocked:            5552 kB
SwapTotal:       3145724 kB
SwapFree:        3145724 kB
Dirty:               208 kB
Writeback:             0 kB
AnonPages:       1276892 kB
Mapped:           857524 kB
Shmem:             25712 kB
KReclaimable:     710736 kB
Slab:             227448 kB
SReclaimable:      79564 kB
SUnreclaim:       147884 kB
KernelStack:       47712 kB
PageTables:        67488 kB
NFS_Unstable:          0 kB
Bounce:                0 kB
WritebackTmp:          0 kB
CommitLimit:     9202288 kB
Committed_AS:   75279732 kB
VmallocTotal:   263061440 kB
VmallocUsed:      104772 kB
VmallocChunk:          0 kB
Percpu:             7648 kB
CmaTotal:         294912 kB
CmaFree:               0 kB
MemTotal:       12113132 kB
MemFree:         6396952 kB
MemAvailable:    8083192 kB
Buffers:            5572 kB
Cached:          1868848 kB
SwapCached:            0 kB
Active:          1519944 kB
Inactive:        1627336 kB
Active(anon):    1279304 kB
Inactive(anon):    23768 kB
Active(file):     240640 kB
Inactive(file):  1603568 kB
Unevictable:        5552 kB
Mlocked:            5552 kB
SwapTotal:       3145724 kB
SwapFree:        3145724 kB
Dirty:               252 kB
Writeback:             0 kB
AnonPages:       1278264 kB
Mapped:           857640 kB
Shmem:             25712 kB
KReclaimable:     710736 kB
Slab:             227424 kB
SReclaimable:      79564 kB
SUnreclaim:       147860 kB
KernelStack:       47744 kB
PageTables:        67464 kB
NFS_Unstable:          0 kB
Bounce:                0 kB
WritebackTmp:          0 kB
CommitLimit:     9202288 kB
Committed_AS:   75268392 kB
VmallocTotal:   263061440 kB
VmallocUsed:      104788 kB
VmallocChunk:          0 kB
Percpu:             7648 kB
CmaTotal:         294912 kB
CmaFree:               0 kB
MemTotal:       12113132 kB
MemFree:         6395408 kB
MemAvailable:    8081644 kB
Buffers:            5572 kB
Cached:          1868844 kB
SwapCached:            0 kB
Active:          1520112 kB
Inactive:        1627336 kB
Active(anon):    1279476 kB
Inactive(anon):    23768 kB
Active(file):     240636 kB
Inactive(file):  1603568 kB
Unevictable:        5552 kB
Mlocked:            5552 kB
SwapTotal:       3145724 kB
SwapFree:        3145724 kB
Dirty:               252 kB
Writeback:             0 kB
AnonPages:       1278884 kB
Mapped:           857524 kB
Shmem:             25712 kB
KReclaimable:     710736 kB
Slab:             227480 kB
SReclaimable:      79564 kB
SUnreclaim:       147916 kB
KernelStack:       47792 kB
PageTables:        67620 kB
NFS_Unstable:          0 kB
Bounce:                0 kB
WritebackTmp:          0 kB
CommitLimit:     9202288 kB
Committed_AS:   75267656 kB
VmallocTotal:   263061440 kB
VmallocUsed:      104804 kB
VmallocChunk:          0 kB
Percpu:             7648 kB
CmaTotal:         294912 kB
CmaFree:               0 kB
MemTotal:       12113132 kB
MemFree:         6394912 kB
MemAvailable:    8081164 kB
Buffers:            5572 kB
Cached:          1868860 kB
SwapCached:            0 kB
Active:          1521176 kB
Inactive:        1627352 kB
Active(anon):    1280540 kB
Inactive(anon):    23768 kB
Active(file):     240636 kB
Inactive(file):  1603584 kB
Unevictable:        5552 kB
Mlocked:            5552 kB
SwapTotal:       3145724 kB
SwapFree:        3145724 kB
Dirty:               336 kB
Writeback:             0 kB
AnonPages:       1279780 kB
Mapped:           857524 kB
Shmem:             25712 kB
KReclaimable:     710736 kB
Slab:             227428 kB
SReclaimable:      79564 kB
SUnreclaim:       147864 kB
KernelStack:       47776 kB
PageTables:        67496 kB
NFS_Unstable:          0 kB
Bounce:                0 kB
WritebackTmp:          0 kB
CommitLimit:     9202288 kB
Committed_AS:   75271696 kB
VmallocTotal:   263061440 kB
VmallocUsed:      104836 kB
VmallocChunk:          0 kB
Percpu:             7648 kB
CmaTotal:         294912 kB
CmaFree:               0 kB
MemTotal:       12113132 kB
MemFree:         6394164 kB
MemAvailable:    8080440 kB
Buffers:            5572 kB
Cached:          1868884 kB
SwapCached:            0 kB
Active:          1521352 kB
Inactive:        1627376 kB
Active(anon):    1280716 kB
Inactive(anon):    23768 kB
Active(file):     240636 kB
Inactive(file):  1603608 kB
Unevictable:        5552 kB
Mlocked:            5552 kB
SwapTotal:       3145724 kB
SwapFree:        3145724 kB
Dirty:               396 kB
Writeback:             0 kB
AnonPages:       1280212 kB
Mapped:           857524 kB
Shmem:             25712 kB
KReclaimable:     710736 kB
Slab:             227456 kB
SReclaimable:      79564 kB
SUnreclaim:       147892 kB
KernelStack:       47776 kB
PageTables:        67496 kB
NFS_Unstable:          0 kB
Bounce:                0 kB
WritebackTmp:          0 kB
CommitLimit:     9202288 kB
Committed_AS:   75271648 kB
VmallocTotal:   263061440 kB
VmallocUsed:      104852 kB
VmallocChunk:          0 kB
Percpu:             7648 kB
CmaTotal:         294912 kB
CmaFree:               0 kB
MemTotal:       12113132 kB
MemFree:         6392456 kB
MemAvailable:    8078740 kB
Buffers:            5572 kB
Cached:          1868892 kB
SwapCached:            0 kB
Active:          1521788 kB
Inactive:        1627384 kB
Active(anon):    1281152 kB
Inactive(anon):    23768 kB
Active(file):     240636 kB
Inactive(file):  1603616 kB
Unevictable:        5552 kB
Mlocked:            5552 kB
SwapTotal:       3145724 kB
SwapFree:        3145724 kB
Dirty:               404 kB
Writeback:             0 kB
AnonPages:       1280660 kB
Mapped:           857524 kB
Shmem:             25712 kB
KReclaimable:     710736 kB
Slab:             227428 kB
SReclaimable:      79564 kB
SUnreclaim:       147864 kB
KernelStack:       47776 kB
PageTables:        67488 kB
NFS_Unstable:          0 kB
Bounce:                0 kB
WritebackTmp:          0 kB
CommitLimit:     9202288 kB
Committed_AS:   75276696 kB
VmallocTotal:   263061440 kB
VmallocUsed:      104852 kB
VmallocChunk:          0 kB
Percpu:             7648 kB
CmaTotal:         294912 kB
CmaFree:               0 kB
MemTotal:       12113132 kB
MemFree:         6392800 kB
MemAvailable:    8079104 kB
Buffers:            5572 kB
Cached:          1868912 kB
SwapCached:            0 kB
Active:          1522692 kB
Inactive:        1627404 kB
Active(anon):    1282056 kB
Inactive(anon):    23768 kB
Active(file):     240636 kB
Inactive(file):  1603636 kB
Unevictable:        5552 kB
Mlocked:            5552 kB
SwapTotal:       3145724 kB
SwapFree:        3145724 kB
Dirty:               436 kB
Writeback:             0 kB
AnonPages:       1281056 kB
Mapped:           857524 kB
Shmem:             25712 kB
KReclaimable:     710736 kB
Slab:             227460 kB
SReclaimable:      79564 kB
SUnreclaim:       147896 kB
KernelStack:       47776 kB
PageTables:        67508 kB
NFS_Unstable:          0 kB
Bounce:                0 kB
WritebackTmp:          0 kB
CommitLimit:     9202288 kB
Committed_AS:   75276436 kB
VmallocTotal:   263061440 kB
VmallocUsed:      104868 kB
VmallocChunk:          0 kB
Percpu:             7648 kB
CmaTotal:         294912 kB
CmaFree:               0 kB
MemTotal:       12113132 kB
MemFree:         6391664 kB
MemAvailable:    8078000 kB
Buffers:            5572 kB
Cached:          1868944 kB
SwapCached:            0 kB
Active:          1523384 kB
Inactive:        1627432 kB
Active(anon):    1282744 kB
Inactive(anon):    23768 kB
Active(file):     240640 kB
Inactive(file):  1603664 kB
Unevictable:        5552 kB
Mlocked:            5552 kB
SwapTotal:       3145724 kB
SwapFree:        3145724 kB
Dirty:               444 kB
Writeback:             0 kB
AnonPages:       1281588 kB
Mapped:           857448 kB
Shmem:             25712 kB
KReclaimable:     710736 kB
Slab:             227460 kB
SReclaimable:      79564 kB
SUnreclaim:       147896 kB
KernelStack:       47776 kB
PageTables:        67484 kB
NFS_Unstable:          0 kB
Bounce:                0 kB
WritebackTmp:          0 kB
CommitLimit:     9202288 kB
Committed_AS:   75273380 kB
VmallocTotal:   263061440 kB
VmallocUsed:      104900 kB
VmallocChunk:          0 kB
Percpu:             7648 kB
CmaTotal:         294912 kB
CmaFree:               0 kB
MemTotal:       12113132 kB
MemFree:         6391036 kB
MemAvailable:    8077352 kB
Buffers:            5572 kB
Cached:          1868924 kB
SwapCached:            0 kB
Active:          1524024 kB
Inactive:        1627416 kB
Active(anon):    1283388 kB
Inactive(anon):    23768 kB
Active(file):     240636 kB
Inactive(file):  1603648 kB
Unevictable:        5552 kB
Mlocked:            5552 kB
SwapTotal:       3145724 kB
SwapFree:        3145724 kB
Dirty:               452 kB
Writeback:             0 kB
AnonPages:       1282528 kB
Mapped:           857524 kB
Shmem:             25712 kB
KReclaimable:     710736 kB
Slab:             227448 kB
SReclaimable:      79564 kB
SUnreclaim:       147884 kB
KernelStack:       47792 kB
PageTables:        67624 kB
NFS_Unstable:          0 kB
Bounce:                0 kB
WritebackTmp:          0 kB
CommitLimit:     9202288 kB
Committed_AS:   75269736 kB
VmallocTotal:   263061440 kB
VmallocUsed:      104836 kB
VmallocChunk:          0 kB
Percpu:             7648 kB
CmaTotal:         294912 kB
CmaFree:               0 kB
MemTotal:       12113132 kB
MemFree:         6390396 kB
MemAvailable:    8076740 kB
Buffers:            5576 kB
Cached:          1868948 kB
SwapCached:            0 kB
Active:          1523992 kB
Inactive:        1627436 kB
Active(anon):    1283348 kB
Inactive(anon):    23768 kB
Active(file):     240644 kB
Inactive(file):  1603668 kB
Unevictable:        5552 kB
Mlocked:            5552 kB
SwapTotal:       3145724 kB
SwapFree:        3145724 kB
Dirty:               484 kB
Writeback:             0 kB
AnonPages:       1282348 kB
Mapped:           857524 kB
Shmem:             25712 kB
KReclaimable:     710736 kB
Slab:             227480 kB
SReclaimable:      79564 kB
SUnreclaim:       147916 kB
KernelStack:       47776 kB
PageTables:        67484 kB
NFS_Unstable:          0 kB
Bounce:                0 kB
WritebackTmp:          0 kB
CommitLimit:     9202288 kB
Committed_AS:   75274824 kB
VmallocTotal:   263061440 kB
VmallocUsed:      104868 kB
VmallocChunk:          0 kB
Percpu:             7648 kB
CmaTotal:         294912 kB
CmaFree:              68 kB
MemTotal:       12113132 kB
MemFree:         6391248 kB
MemAvailable:    8077620 kB
Buffers:            5576 kB
Cached:          1868976 kB
SwapCached:            0 kB
Active:          1522696 kB
Inactive:        1627468 kB
Active(anon):    1282056 kB
Inactive(anon):    23768 kB
Active(file):     240640 kB
Inactive(file):  1603700 kB
Unevictable:        5552 kB
Mlocked:            5552 kB
SwapTotal:       3145724 kB
SwapFree:        3145724 kB
Dirty:               464 kB
Writeback:             0 kB
AnonPages:       1281392 kB
Mapped:           857524 kB
Shmem:             25712 kB
KReclaimable:     710736 kB
Slab:             227452 kB
SReclaimable:      79564 kB
SUnreclaim:       147888 kB
KernelStack:       47776 kB
PageTables:        67492 kB
NFS_Unstable:          0 kB
Bounce:                0 kB
WritebackTmp:          0 kB
CommitLimit:     9202288 kB
Committed_AS:   75284448 kB
VmallocTotal:   263061440 kB
VmallocUsed:      104868 kB
VmallocChunk:          0 kB
Percpu:             7648 kB
CmaTotal:         294912 kB
CmaFree:             140 kB
MemTotal:       12113132 kB
MemFree:         6391556 kB
MemAvailable:    8077936 kB
Buffers:            5576 kB
Cached:          1868984 kB
SwapCached:            0 kB
Active:          1523256 kB
Inactive:        1627476 kB
Active(anon):    1282616 kB
Inactive(anon):    23768 kB
Active(file):     240640 kB
Inactive(file):  1603708 kB
Unevictable:        5552 kB
Mlocked:            5552 kB
SwapTotal:       3145724 kB
SwapFree:        3145724 kB
Dirty:               472 kB
Writeback:             0 kB
AnonPages:       1281612 kB
Mapped:           857524 kB
Shmem:             25712 kB
KReclaimable:     710736 kB
Slab:             227460 kB
SReclaimable:      79564 kB
SUnreclaim:       147896 kB
KernelStack:       47760 kB
PageTables:        67496 kB
NFS_Unstable:          0 kB
Bounce:                0 kB
WritebackTmp:          0 kB
CommitLimit:     9202288 kB
Committed_AS:   75280168 kB
VmallocTotal:   263061440 kB
VmallocUsed:      104820 kB
VmallocChunk:          0 kB
Percpu:             7648 kB
CmaTotal:         294912 kB
CmaFree:               0 kB
MemTotal:       12113132 kB
MemFree:         6390660 kB
MemAvailable:    8077056 kB
Buffers:            5576 kB
Cached:          1869000 kB
SwapCached:            0 kB
Active:          1523808 kB
Inactive:        1627492 kB
Active(anon):    1283168 kB
Inactive(anon):    23768 kB
Active(file):     240640 kB
Inactive(file):  1603724 kB
Unevictable:        5552 kB
Mlocked:            5552 kB
SwapTotal:       3145724 kB
SwapFree:        3145724 kB
Dirty:               500 kB
Writeback:             0 kB
AnonPages:       1282592 kB
Mapped:           857524 kB
Shmem:             25712 kB
KReclaimable:     710736 kB
Slab:             227452 kB
SReclaimable:      79564 kB
SUnreclaim:       147888 kB
KernelStack:       47760 kB
PageTables:        67484 kB
NFS_Unstable:          0 kB
Bounce:                0 kB
WritebackTmp:          0 kB
CommitLimit:     9202288 kB
Committed_AS:   75284356 kB
VmallocTotal:   263061440 kB
VmallocUsed:      104788 kB
VmallocChunk:          0 kB
Percpu:             7648 kB
CmaTotal:         294912 kB
CmaFree:               0 kB
MemTotal:       12113132 kB
MemFree:         6390020 kB
MemAvailable:    8076424 kB
Buffers:            5576 kB
Cached:          1869008 kB
SwapCached:            0 kB
Active:          1524668 kB
Inactive:        1627500 kB
Active(anon):    1284028 kB
Inactive(anon):    23768 kB
Active(file):     240640 kB
Inactive(file):  1603732 kB
Unevictable:        5552 kB
Mlocked:            5552 kB
SwapTotal:       3145724 kB
SwapFree:        3145724 kB
Dirty:               508 kB
Writeback:             0 kB
AnonPages:       1283264 kB
Mapped:           857524 kB
Shmem:             25712 kB
KReclaimable:     710736 kB
Slab:             227464 kB
SReclaimable:      79564 kB
SUnreclaim:       147900 kB
KernelStack:       47760 kB
PageTables:        67500 kB
NFS_Unstable:          0 kB
Bounce:                0 kB
WritebackTmp:          0 kB
CommitLimit:     9202288 kB
Committed_AS:   75284136 kB
VmallocTotal:   263061440 kB
VmallocUsed:      104820 kB
VmallocChunk:          0 kB
Percpu:             7648 kB
CmaTotal:         294912 kB
CmaFree:               0 kB
MemTotal:       12113132 kB
MemFree:         6389164 kB
MemAvailable:    8075584 kB
Buffers:            5576 kB
Cached:          1869024 kB
SwapCached:            0 kB
Active:          1525424 kB
Inactive:        1627516 kB
Active(anon):    1284784 kB
Inactive(anon):    23768 kB
Active(file):     240640 kB
Inactive(file):  1603748 kB
Unevictable:        5552 kB
Mlocked:            5552 kB
SwapTotal:       3145724 kB
SwapFree:        3145724 kB
Dirty:               524 kB
Writeback:             0 kB
AnonPages:       1283580 kB
Mapped:           857524 kB
Shmem:             25712 kB
KReclaimable:     710736 kB
Slab:             227480 kB
SReclaimable:      79564 kB
SUnreclaim:       147916 kB
KernelStack:       47760 kB
PageTables:        67484 kB
NFS_Unstable:          0 kB
Bounce:                0 kB
WritebackTmp:          0 kB
CommitLimit:     9202288 kB
Committed_AS:   75284004 kB
VmallocTotal:   263061440 kB
VmallocUsed:      104836 kB
VmallocChunk:          0 kB
Percpu:             7648 kB
CmaTotal:         294912 kB
CmaFree:               0 kB
MemTotal:       12113132 kB
MemFree:         6389280 kB
MemAvailable:    8075708 kB
Buffers:            5576 kB
Cached:          1869032 kB
SwapCached:            0 kB
Active:          1525916 kB
Inactive:        1627524 kB
Active(anon):    1285276 kB
Inactive(anon):    23768 kB
Active(file):     240640 kB
Inactive(file):  1603756 kB
Unevictable:        5552 kB
Mlocked:            5552 kB
SwapTotal:       3145724 kB
SwapFree:        3145724 kB
Dirty:               544 kB
Writeback:             0 kB
AnonPages:       1284540 kB
Mapped:           857524 kB
Shmem:             25712 kB
KReclaimable:     710736 kB
Slab:             227464 kB
SReclaimable:      79564 kB
SUnreclaim:       147900 kB
KernelStack:       47760 kB
PageTables:        67496 kB
NFS_Unstable:          0 kB
Bounce:                0 kB
WritebackTmp:          0 kB
CommitLimit:     9202288 kB
Committed_AS:   75283784 kB
VmallocTotal:   263061440 kB
VmallocUsed:      104836 kB
VmallocChunk:          0 kB
Percpu:             7648 kB
CmaTotal:         294912 kB
CmaFree:               0 kB
MemTotal:       12113132 kB
MemFree:         6388844 kB
MemAvailable:    8075284 kB
Buffers:            5576 kB
Cached:          1869044 kB
SwapCached:            0 kB
Active:          1526868 kB
Inactive:        1627536 kB
Active(anon):    1286228 kB
Inactive(anon):    23768 kB
Active(file):     240640 kB
Inactive(file):  1603768 kB
Unevictable:        5552 kB
Mlocked:            5552 kB
SwapTotal:       3145724 kB
SwapFree:        3145724 kB
Dirty:               556 kB
Writeback:             0 kB
AnonPages:       1285360 kB
Mapped:           857524 kB
Shmem:             25712 kB
KReclaimable:     710736 kB
Slab:             227476 kB
SReclaimable:      79564 kB
SUnreclaim:       147912 kB
KernelStack:       47776 kB
PageTables:        67456 kB
NFS_Unstable:          0 kB
Bounce:                0 kB
WritebackTmp:          0 kB
CommitLimit:     9202288 kB
Committed_AS:   75279920 kB
VmallocTotal:   263061440 kB
VmallocUsed:      104804 kB
VmallocChunk:          0 kB
Percpu:             7648 kB
CmaTotal:         294912 kB
CmaFree:               0 kB
MemTotal:       12113132 kB
MemFree:         6389232 kB
MemAvailable:    8075684 kB
Buffers:            5576 kB
Cached:          1869056 kB
SwapCached:            0 kB
Active:          1526572 kB
Inactive:        1627548 kB
Active(anon):    1285932 kB
Inactive(anon):    23768 kB
Active(file):     240640 kB
Inactive(file):  1603780 kB
Unevictable:        5552 kB
Mlocked:            5552 kB
SwapTotal:       3145724 kB
SwapFree:        3145724 kB
Dirty:               612 kB
Writeback:             0 kB
AnonPages:       1285284 kB
Mapped:           857524 kB
Shmem:             25712 kB
KReclaimable:     710736 kB
Slab:             227484 kB
SReclaimable:      79564 kB
SUnreclaim:       147920 kB
KernelStack:       47744 kB
PageTables:        67440 kB
NFS_Unstable:          0 kB
Bounce:                0 kB
WritebackTmp:          0 kB
CommitLimit:     9202288 kB
Committed_AS:   75270408 kB
VmallocTotal:   263061440 kB
VmallocUsed:      104820 kB
VmallocChunk:          0 kB
Percpu:             7648 kB
CmaTotal:         294912 kB
CmaFree:               0 kB
MemTotal:       12113132 kB
MemFree:         6388060 kB
MemAvailable:    8074520 kB
Buffers:            5576 kB
Cached:          1869064 kB
SwapCached:            0 kB
Active:          1527512 kB
Inactive:        1627556 kB
Active(anon):    1286872 kB
Inactive(anon):    23768 kB
Active(file):     240640 kB
Inactive(file):  1603788 kB
Unevictable:        5552 kB
Mlocked:            5552 kB
SwapTotal:       3145724 kB
SwapFree:        3145724 kB
Dirty:               636 kB
Writeback:             0 kB
AnonPages:       1286280 kB
Mapped:           857524 kB
Shmem:             25712 kB
KReclaimable:     710736 kB
Slab:             227472 kB
SReclaimable:      79564 kB
SUnreclaim:       147908 kB
KernelStack:       47760 kB
PageTables:        67500 kB
NFS_Unstable:          0 kB
Bounce:                0 kB
WritebackTmp:          0 kB
CommitLimit:     9202288 kB
Committed_AS:   75279548 kB
VmallocTotal:   263061440 kB
VmallocUsed:      104836 kB
VmallocChunk:          0 kB
Percpu:             7648 kB
CmaTotal:         294912 kB
CmaFree:               0 kB
MemTotal:       12113132 kB
MemFree:         6400848 kB
MemAvailable:    8087320 kB
Buffers:            5576 kB
Cached:          1869076 kB
SwapCached:            0 kB
Active:          1513696 kB
Inactive:        1627568 kB
Active(anon):    1273056 kB
Inactive(anon):    23768 kB
Active(file):     240640 kB
Inactive(file):  1603800 kB
Unevictable:        5552 kB
Mlocked:            5552 kB
SwapTotal:       3145724 kB
SwapFree:        3145724 kB
Dirty:               656 kB
Writeback:             0 kB
AnonPages:       1272468 kB
Mapped:           857524 kB
Shmem:             25712 kB
KReclaimable:     710736 kB
Slab:             227496 kB
SReclaimable:      79564 kB
SUnreclaim:       147932 kB
KernelStack:       47760 kB
PageTables:        67492 kB
NFS_Unstable:          0 kB
Bounce:                0 kB
WritebackTmp:          0 kB
CommitLimit:     9202288 kB
Committed_AS:   75277052 kB
VmallocTotal:   263061440 kB
VmallocUsed:      104852 kB
VmallocChunk:          0 kB
Percpu:             7648 kB
CmaTotal:         294912 kB
CmaFree:             376 kB
MemTotal:       12113132 kB
MemFree:         6400812 kB
MemAvailable:    8087316 kB
Buffers:            5576 kB
Cached:          1869108 kB
SwapCached:            0 kB
Active:          1514572 kB
Inactive:        1627600 kB
Active(anon):    1273932 kB
Inactive(anon):    23768 kB
Active(file):     240640 kB
Inactive(file):  1603832 kB
Unevictable:        5552 kB
Mlocked:            5552 kB
SwapTotal:       3145724 kB
SwapFree:        3145724 kB
Dirty:               204 kB
Writeback:             0 kB
AnonPages:       1272784 kB
Mapped:           857524 kB
Shmem:             25712 kB
KReclaimable:     710736 kB
Slab:             227464 kB
SReclaimable:      79564 kB
SUnreclaim:       147900 kB
KernelStack:       47760 kB
PageTables:        67484 kB
NFS_Unstable:          0 kB
Bounce:                0 kB
WritebackTmp:          0 kB
CommitLimit:     9202288 kB
Committed_AS:   75278220 kB
VmallocTotal:   263061440 kB
VmallocUsed:      104836 kB
VmallocChunk:          0 kB
Percpu:             7648 kB
CmaTotal:         294912 kB
CmaFree:               4 kB
MemTotal:       12113132 kB
MemFree:         6391196 kB
MemAvailable:    8077736 kB
Buffers:            5576 kB
Cached:          1868704 kB
SwapCached:            0 kB
Active:          1524492 kB
Inactive:        1627196 kB
Active(anon):    1283848 kB
Inactive(anon):    23348 kB
Active(file):     240644 kB
Inactive(file):  1603848 kB
Unevictable:        5552 kB
Mlocked:            5552 kB
SwapTotal:       3145724 kB
SwapFree:        3145724 kB
Dirty:               292 kB
Writeback:             0 kB
AnonPages:       1282656 kB
Mapped:           857104 kB
Shmem:             25288 kB
KReclaimable:     710752 kB
Slab:             227508 kB
SReclaimable:      79580 kB
SUnreclaim:       147928 kB
KernelStack:       47744 kB
PageTables:        67412 kB
NFS_Unstable:          0 kB
Bounce:                0 kB
WritebackTmp:          0 kB
CommitLimit:     9202288 kB
Committed_AS:   75280176 kB
VmallocTotal:   263061440 kB
VmallocUsed:      104852 kB
VmallocChunk:          0 kB
Percpu:             7648 kB
CmaTotal:         294912 kB
CmaFree:               0 kB
MemTotal:       12113132 kB
MemFree:         6389504 kB
MemAvailable:    8076040 kB
Buffers:            5576 kB
Cached:          1869124 kB
SwapCached:            0 kB
Active:          1525476 kB
Inactive:        1627620 kB
Active(anon):    1284840 kB
Inactive(anon):    23768 kB
Active(file):     240636 kB
Inactive(file):  1603852 kB
Unevictable:        5552 kB
Mlocked:            5552 kB
SwapTotal:       3145724 kB
SwapFree:        3145724 kB
Dirty:               284 kB
Writeback:             0 kB
AnonPages:       1283996 kB
Mapped:           857580 kB
Shmem:             25712 kB
KReclaimable:     710752 kB
Slab:             227476 kB
SReclaimable:      79580 kB
SUnreclaim:       147896 kB
KernelStack:       47808 kB
PageTables:        67608 kB
NFS_Unstable:          0 kB
Bounce:                0 kB
WritebackTmp:          0 kB
CommitLimit:     9202288 kB
Committed_AS:   75280044 kB
VmallocTotal:   263061440 kB
VmallocUsed:      104836 kB
VmallocChunk:          0 kB
Percpu:             7648 kB
CmaTotal:         294912 kB
CmaFree:               0 kB
MemTotal:       12113132 kB
MemFree:         6391836 kB
MemAvailable:    8078380 kB
Buffers:            5576 kB
Cached:          1869132 kB
SwapCached:            0 kB
Active:          1522332 kB
Inactive:        1627628 kB
Active(anon):    1281696 kB
Inactive(anon):    23768 kB
Active(file):     240636 kB
Inactive(file):  1603860 kB
Unevictable:        5552 kB
Mlocked:            5552 kB
SwapTotal:       3145724 kB
SwapFree:        3145724 kB
Dirty:               292 kB
Writeback:             0 kB
AnonPages:       1280868 kB
Mapped:           857524 kB
Shmem:             25712 kB
KReclaimable:     710752 kB
Slab:             227472 kB
SReclaimable:      79580 kB
SUnreclaim:       147892 kB
KernelStack:       47760 kB
PageTables:        67496 kB
NFS_Unstable:          0 kB
Bounce:                0 kB
WritebackTmp:          0 kB
CommitLimit:     9202288 kB
Committed_AS:   75284800 kB
VmallocTotal:   263061440 kB
VmallocUsed:      104836 kB
VmallocChunk:          0 kB
Percpu:             7648 kB
CmaTotal:         294912 kB
CmaFree:             248 kB
MemTotal:       12113132 kB
MemFree:         6391668 kB
MemAvailable:    8078232 kB
Buffers:            5576 kB
Cached:          1869156 kB
SwapCached:            0 kB
Active:          1522844 kB
Inactive:        1627648 kB
Active(anon):    1282204 kB
Inactive(anon):    23772 kB
Active(file):     240640 kB
Inactive(file):  1603876 kB
Unevictable:        5552 kB
Mlocked:            5552 kB
SwapTotal:       3145724 kB
SwapFree:        3145724 kB
Dirty:               324 kB
Writeback:             0 kB
AnonPages:       1281456 kB
Mapped:           857528 kB
Shmem:             25716 kB
KReclaimable:     710752 kB
Slab:             227508 kB
SReclaimable:      79580 kB
SUnreclaim:       147928 kB
KernelStack:       47760 kB
PageTables:        67496 kB
NFS_Unstable:          0 kB
Bounce:                0 kB
WritebackTmp:          0 kB
CommitLimit:     9202288 kB
Committed_AS:   75287360 kB
VmallocTotal:   263061440 kB
VmallocUsed:      104804 kB
VmallocChunk:          0 kB
Percpu:             7648 kB
CmaTotal:         294912 kB
CmaFree:               0 kB
MemTotal:       12113132 kB
MemFree:         6391056 kB
MemAvailable:    8077660 kB
Buffers:            5580 kB
Cached:          1869188 kB
SwapCached:            0 kB
Active:          1522908 kB
Inactive:        1627676 kB
Active(anon):    1282260 kB
Inactive(anon):    23772 kB
Active(file):     240648 kB
Inactive(file):  1603904 kB
Unevictable:        5552 kB
Mlocked:            5552 kB
SwapTotal:       3145724 kB
SwapFree:        3145724 kB
Dirty:               320 kB
Writeback:             0 kB
AnonPages:       1281480 kB
Mapped:           857528 kB
Shmem:             25716 kB
KReclaimable:     710756 kB
Slab:             227508 kB
SReclaimable:      79584 kB
SUnreclaim:       147924 kB
KernelStack:       47760 kB
PageTables:        67476 kB
NFS_Unstable:          0 kB
Bounce:                0 kB
WritebackTmp:          0 kB
CommitLimit:     9202288 kB
Committed_AS:   75287788 kB
VmallocTotal:   263061440 kB
VmallocUsed:      104820 kB
VmallocChunk:          0 kB
Percpu:             7648 kB
CmaTotal:         294912 kB
CmaFree:               8 kB
MemTotal:       12113132 kB
MemFree:         6391172 kB
MemAvailable:    8077792 kB
Buffers:            5580 kB
Cached:          1869204 kB
SwapCached:            0 kB
Active:          1523072 kB
Inactive:        1627692 kB
Active(anon):    1282424 kB
Inactive(anon):    23772 kB
Active(file):     240648 kB
Inactive(file):  1603920 kB
Unevictable:        5552 kB
Mlocked:            5552 kB
SwapTotal:       3145724 kB
SwapFree:        3145724 kB
Dirty:               336 kB
Writeback:             0 kB
AnonPages:       1281448 kB
Mapped:           857528 kB
Shmem:             25716 kB
KReclaimable:     710756 kB
Slab:             227512 kB
SReclaimable:      79584 kB
SUnreclaim:       147928 kB
KernelStack:       47744 kB
PageTables:        67496 kB
NFS_Unstable:          0 kB
Bounce:                0 kB
WritebackTmp:          0 kB
CommitLimit:     9202288 kB
Committed_AS:   75283824 kB
VmallocTotal:   263061440 kB
VmallocUsed:      104804 kB
VmallocChunk:          0 kB
Percpu:             7648 kB
CmaTotal:         294912 kB
CmaFree:               0 kB
MemTotal:       12113132 kB
MemFree:         6399648 kB
MemAvailable:    8086272 kB
Buffers:            5580 kB
Cached:          1869212 kB
SwapCached:            0 kB
Active:          1515184 kB
Inactive:        1627700 kB
Active(anon):    1274536 kB
Inactive(anon):    23776 kB
Active(file):     240648 kB
Inactive(file):  1603924 kB
Unevictable:        5552 kB
Mlocked:            5552 kB
SwapTotal:       3145724 kB
SwapFree:        3145724 kB
Dirty:               352 kB
Writeback:             0 kB
AnonPages:       1273180 kB
Mapped:           857532 kB
Shmem:             25720 kB
KReclaimable:     710756 kB
Slab:             227504 kB
SReclaimable:      79584 kB
SUnreclaim:       147920 kB
KernelStack:       47744 kB
PageTables:        67496 kB
NFS_Unstable:          0 kB
Bounce:                0 kB
WritebackTmp:          0 kB
CommitLimit:     9202288 kB
Committed_AS:   75274692 kB
VmallocTotal:   263061440 kB
VmallocUsed:      104788 kB
VmallocChunk:          0 kB
Percpu:             7648 kB
CmaTotal:         294912 kB
CmaFree:               0 kB
MemTotal:       12113132 kB
MemFree:         6398436 kB
MemAvailable:    8085092 kB
Buffers:            5580 kB
Cached:          1869244 kB
SwapCached:            0 kB
Active:          1515380 kB
Inactive:        1627728 kB
Active(anon):    1274728 kB
Inactive(anon):    23776 kB
Active(file):     240652 kB
Inactive(file):  1603952 kB
Unevictable:        5552 kB
Mlocked:            5552 kB
SwapTotal:       3145724 kB
SwapFree:        3145724 kB
Dirty:               384 kB
Writeback:             0 kB
AnonPages:       1273540 kB
Mapped:           857532 kB
Shmem:             25720 kB
KReclaimable:     710756 kB
Slab:             227512 kB
SReclaimable:      79584 kB
SUnreclaim:       147928 kB
KernelStack:       47728 kB
PageTables:        67492 kB
NFS_Unstable:          0 kB
Bounce:                0 kB
WritebackTmp:          0 kB
CommitLimit:     9202288 kB
Committed_AS:   75274692 kB
VmallocTotal:   263061440 kB
VmallocUsed:      104788 kB
VmallocChunk:          0 kB
Percpu:             7648 kB
CmaTotal:         294912 kB
CmaFree:               0 kB
MemTotal:       12113132 kB
MemFree:         6398820 kB
MemAvailable:    8085472 kB
Buffers:            5580 kB
Cached:          1869240 kB
SwapCached:            0 kB
Active:          1516656 kB
Inactive:        1627728 kB
Active(anon):    1276008 kB
Inactive(anon):    23776 kB
Active(file):     240648 kB
Inactive(file):  1603952 kB
Unevictable:        5552 kB
Mlocked:            5552 kB
SwapTotal:       3145724 kB
SwapFree:        3145724 kB
Dirty:               404 kB
Writeback:             0 kB
AnonPages:       1275072 kB
Mapped:           857536 kB
Shmem:             25720 kB
KReclaimable:     710756 kB
Slab:             227516 kB
SReclaimable:      79584 kB
SUnreclaim:       147932 kB
KernelStack:       47744 kB
PageTables:        67496 kB
NFS_Unstable:          0 kB
Bounce:                0 kB
WritebackTmp:          0 kB
CommitLimit:     9202288 kB
Committed_AS:   75279668 kB
VmallocTotal:   263061440 kB
VmallocUsed:      104788 kB
VmallocChunk:          0 kB
Percpu:             7648 kB
CmaTotal:         294912 kB
CmaFree:               0 kB
MemTotal:       12113132 kB
MemFree:         6398960 kB
MemAvailable:    8085632 kB
Buffers:            5580 kB
Cached:          1869260 kB
SwapCached:            0 kB
Active:          1516668 kB
Inactive:        1627744 kB
Active(anon):    1276016 kB
Inactive(anon):    23776 kB
Active(file):     240652 kB
Inactive(file):  1603968 kB
Unevictable:        5552 kB
Mlocked:            5552 kB
SwapTotal:       3145724 kB
SwapFree:        3145724 kB
Dirty:               416 kB
Writeback:             4 kB
AnonPages:       1275088 kB
Mapped:           857592 kB
Shmem:             25720 kB
KReclaimable:     710756 kB
Slab:             227516 kB
SReclaimable:      79584 kB
SUnreclaim:       147932 kB
KernelStack:       47728 kB
PageTables:        67492 kB
NFS_Unstable:          0 kB
Bounce:                0 kB
WritebackTmp:          0 kB
CommitLimit:     9202288 kB
Committed_AS:   75279444 kB
VmallocTotal:   263061440 kB
VmallocUsed:      104772 kB
VmallocChunk:          0 kB
Percpu:             7648 kB
CmaTotal:         294912 kB
CmaFree:               0 kB
MemTotal:       12113132 kB
MemFree:         6398508 kB
MemAvailable:    8085192 kB
Buffers:            5580 kB
Cached:          1869272 kB
SwapCached:            0 kB
Active:          1516724 kB
Inactive:        1627760 kB
Active(anon):    1276076 kB
Inactive(anon):    23776 kB
Active(file):     240648 kB
Inactive(file):  1603984 kB
Unevictable:        5552 kB
Mlocked:            5552 kB
SwapTotal:       3145724 kB
SwapFree:        3145724 kB
Dirty:               436 kB
Writeback:             0 kB
AnonPages:       1275272 kB
Mapped:           857592 kB
Shmem:             25720 kB
KReclaimable:     710756 kB
Slab:             227516 kB
SReclaimable:      79584 kB
SUnreclaim:       147932 kB
KernelStack:       47712 kB
PageTables:        67480 kB
NFS_Unstable:          0 kB
Bounce:                0 kB
WritebackTmp:          0 kB
CommitLimit:     9202288 kB
Committed_AS:   75282096 kB
VmallocTotal:   263061440 kB
VmallocUsed:      104804 kB
VmallocChunk:          0 kB
Percpu:             7648 kB
CmaTotal:         294912 kB
CmaFree:               0 kB
MemTotal:       12113132 kB
MemFree:         6397688 kB
MemAvailable:    8084380 kB
Buffers:            5580 kB
Cached:          1869280 kB
SwapCached:            0 kB
Active:          1517480 kB
Inactive:        1627768 kB
Active(anon):    1276832 kB
Inactive(anon):    23776 kB
Active(file):     240648 kB
Inactive(file):  1603992 kB
Unevictable:        5552 kB
Mlocked:            5552 kB
SwapTotal:       3145724 kB
SwapFree:        3145724 kB
Dirty:               444 kB
Writeback:             0 kB
AnonPages:       1276000 kB
Mapped:           857800 kB
Shmem:             25720 kB
KReclaimable:     710756 kB
Slab:             227520 kB
SReclaimable:      79584 kB
SUnreclaim:       147936 kB
KernelStack:       47760 kB
PageTables:        67592 kB
NFS_Unstable:          0 kB
Bounce:                0 kB
WritebackTmp:          0 kB
CommitLimit:     9202288 kB
Committed_AS:   75282132 kB
VmallocTotal:   263061440 kB
VmallocUsed:      104804 kB
VmallocChunk:          0 kB
Percpu:             7648 kB
CmaTotal:         294912 kB
CmaFree:               0 kB
MemTotal:       12113132 kB
MemFree:         6395512 kB
MemAvailable:    8082216 kB
Buffers:            5580 kB
Cached:          1869292 kB
SwapCached:            0 kB
Active:          1517688 kB
Inactive:        1627776 kB
Active(anon):    1277036 kB
Inactive(anon):    23776 kB
Active(file):     240652 kB
Inactive(file):  1604000 kB
Unevictable:        5552 kB
Mlocked:            5552 kB
SwapTotal:       3145724 kB
SwapFree:        3145724 kB
Dirty:               496 kB
Writeback:             0 kB
AnonPages:       1276144 kB
Mapped:           857592 kB
Shmem:             25720 kB
KReclaimable:     710756 kB
Slab:             227524 kB
SReclaimable:      79584 kB
SUnreclaim:       147940 kB
KernelStack:       47712 kB
PageTables:        67480 kB
NFS_Unstable:          0 kB
Bounce:                0 kB
WritebackTmp:          0 kB
CommitLimit:     9202288 kB
Committed_AS:   75284236 kB
VmallocTotal:   263061440 kB
VmallocUsed:      104788 kB
VmallocChunk:          0 kB
Percpu:             7648 kB
CmaTotal:         294912 kB
CmaFree:               0 kB
MemTotal:       12113132 kB
MemFree:         6394388 kB
MemAvailable:    8081104 kB
Buffers:            5580 kB
Cached:          1869304 kB
SwapCached:            0 kB
Active:          1519120 kB
Inactive:        1627788 kB
Active(anon):    1278468 kB
Inactive(anon):    23776 kB
Active(file):     240652 kB
Inactive(file):  1604012 kB
Unevictable:        5552 kB
Mlocked:            5552 kB
SwapTotal:       3145724 kB
SwapFree:        3145724 kB
Dirty:               508 kB
Writeback:             0 kB
AnonPages:       1277376 kB
Mapped:           857592 kB
Shmem:             25720 kB
KReclaimable:     710756 kB
Slab:             227528 kB
SReclaimable:      79584 kB
SUnreclaim:       147944 kB
KernelStack:       47712 kB
PageTables:        67488 kB
NFS_Unstable:          0 kB
Bounce:                0 kB
WritebackTmp:          0 kB
CommitLimit:     9202288 kB
Committed_AS:   75280032 kB
VmallocTotal:   263061440 kB
VmallocUsed:      104788 kB
VmallocChunk:          0 kB
Percpu:             7648 kB
CmaTotal:         294912 kB
CmaFree:               0 kB
MemTotal:       12113132 kB
MemFree:         6393436 kB
MemAvailable:    8080176 kB
Buffers:            5580 kB
Cached:          1869328 kB
SwapCached:            0 kB
Active:          1519920 kB
Inactive:        1627812 kB
Active(anon):    1279268 kB
Inactive(anon):    23776 kB
Active(file):     240652 kB
Inactive(file):  1604036 kB
Unevictable:        5552 kB
Mlocked:            5552 kB
SwapTotal:       3145724 kB
SwapFree:        3145724 kB
Dirty:               288 kB
Writeback:             0 kB
AnonPages:       1278680 kB
Mapped:           857592 kB
Shmem:             25720 kB
KReclaimable:     710756 kB
Slab:             227528 kB
SReclaimable:      79584 kB
SUnreclaim:       147944 kB
KernelStack:       47712 kB
PageTables:        67484 kB
NFS_Unstable:          0 kB
Bounce:                0 kB
WritebackTmp:          0 kB
CommitLimit:     9202288 kB
Committed_AS:   75284844 kB
VmallocTotal:   263061440 kB
VmallocUsed:      104820 kB
VmallocChunk:          0 kB
Percpu:             7648 kB
CmaTotal:         294912 kB
CmaFree:               0 kB
MemTotal:       12113132 kB
MemFree:         6393160 kB
MemAvailable:    8079916 kB
Buffers:            5580 kB
Cached:          1869344 kB
SwapCached:            0 kB
Active:          1520512 kB
Inactive:        1627828 kB
Active(anon):    1279860 kB
Inactive(anon):    23776 kB
Active(file):     240652 kB
Inactive(file):  1604052 kB
Unevictable:        5552 kB
Mlocked:            5552 kB
SwapTotal:       3145724 kB
SwapFree:        3145724 kB
Dirty:               300 kB
Writeback:             0 kB
AnonPages:       1279044 kB
Mapped:           857592 kB
Shmem:             25720 kB
KReclaimable:     710756 kB
Slab:             227528 kB
SReclaimable:      79584 kB
SUnreclaim:       147944 kB
KernelStack:       47696 kB
PageTables:        67436 kB
NFS_Unstable:          0 kB
Bounce:                0 kB
WritebackTmp:          0 kB
CommitLimit:     9202288 kB
Committed_AS:   75284892 kB
VmallocTotal:   263061440 kB
VmallocUsed:      104804 kB
VmallocChunk:          0 kB
Percpu:             7648 kB
CmaTotal:         294912 kB
CmaFree:               0 kB
MemTotal:       12113132 kB
MemFree:         6392796 kB
MemAvailable:    8079564 kB
Buffers:            5580 kB
Cached:          1869356 kB
SwapCached:            0 kB
Active:          1520840 kB
Inactive:        1627840 kB
Active(anon):    1280188 kB
Inactive(anon):    23776 kB
Active(file):     240652 kB
Inactive(file):  1604064 kB
Unevictable:        5552 kB
Mlocked:            5552 kB
SwapTotal:       3145724 kB
SwapFree:        3145724 kB
Dirty:               312 kB
Writeback:             0 kB
AnonPages:       1279492 kB
Mapped:           857592 kB
Shmem:             25720 kB
KReclaimable:     710756 kB
Slab:             227532 kB
SReclaimable:      79584 kB
SUnreclaim:       147948 kB
KernelStack:       47712 kB
PageTables:        67480 kB
NFS_Unstable:          0 kB
Bounce:                0 kB
WritebackTmp:          0 kB
CommitLimit:     9202288 kB
Committed_AS:   75284904 kB
VmallocTotal:   263061440 kB
VmallocUsed:      104820 kB
VmallocChunk:          0 kB
Percpu:             7648 kB
CmaTotal:         294912 kB
CmaFree:               4 kB
MemTotal:       12113132 kB
MemFree:         6392376 kB
MemAvailable:    8079152 kB
Buffers:            5580 kB
Cached:          1869364 kB
SwapCached:            0 kB
Active:          1521532 kB
Inactive:        1627848 kB
Active(anon):    1280880 kB
Inactive(anon):    23776 kB
Active(file):     240652 kB
Inactive(file):  1604072 kB
Unevictable:        5552 kB
Mlocked:            5552 kB
SwapTotal:       3145724 kB
SwapFree:        3145724 kB
Dirty:               348 kB
Writeback:             0 kB
AnonPages:       1280060 kB
Mapped:           857592 kB
Shmem:             25720 kB
KReclaimable:     710756 kB
Slab:             227532 kB
SReclaimable:      79584 kB
SUnreclaim:       147948 kB
KernelStack:       47712 kB
PageTables:        67480 kB
NFS_Unstable:          0 kB
Bounce:                0 kB
WritebackTmp:          0 kB
CommitLimit:     9202288 kB
Committed_AS:   75284724 kB
VmallocTotal:   263061440 kB
VmallocUsed:      104772 kB
VmallocChunk:          0 kB
Percpu:             7648 kB
CmaTotal:         294912 kB
CmaFree:               0 kB
MemTotal:       12113132 kB
MemFree:         6417560 kB
MemAvailable:    8104352 kB
Buffers:            5580 kB
Cached:          1869380 kB
SwapCached:            0 kB
Active:          1495188 kB
Inactive:        1627864 kB
Active(anon):    1254536 kB
Inactive(anon):    23776 kB
Active(file):     240652 kB
Inactive(file):  1604088 kB
Unevictable:        5552 kB
Mlocked:            5552 kB
SwapTotal:       3145724 kB
SwapFree:        3145724 kB
Dirty:               376 kB
Writeback:             0 kB
AnonPages:       1253760 kB
Mapped:           857592 kB
Shmem:             25720 kB
KReclaimable:     710756 kB
Slab:             227536 kB
SReclaimable:      79584 kB
SUnreclaim:       147952 kB
KernelStack:       47728 kB
PageTables:        67480 kB
NFS_Unstable:          0 kB
Bounce:                0 kB
WritebackTmp:          0 kB
CommitLimit:     9202288 kB
Committed_AS:   75284452 kB
VmallocTotal:   263061440 kB
VmallocUsed:      104788 kB
VmallocChunk:          0 kB
Percpu:             7648 kB
CmaTotal:         294912 kB
CmaFree:             256 kB
MemTotal:       12113132 kB
MemFree:         6418660 kB
MemAvailable:    8105460 kB
Buffers:            5580 kB
Cached:          1869388 kB
SwapCached:            0 kB
Active:          1496136 kB
Inactive:        1627872 kB
Active(anon):    1255484 kB
Inactive(anon):    23776 kB
Active(file):     240652 kB
Inactive(file):  1604096 kB
Unevictable:        5552 kB
Mlocked:            5552 kB
SwapTotal:       3145724 kB
SwapFree:        3145724 kB
Dirty:               348 kB
Writeback:             0 kB
AnonPages:       1254676 kB
Mapped:           857592 kB
Shmem:             25720 kB
KReclaimable:     710756 kB
Slab:             227536 kB
SReclaimable:      79584 kB
SUnreclaim:       147952 kB
KernelStack:       47728 kB
PageTables:        67488 kB
NFS_Unstable:          0 kB
Bounce:                0 kB
WritebackTmp:          0 kB
CommitLimit:     9202288 kB
Committed_AS:   75283264 kB
VmallocTotal:   263061440 kB
VmallocUsed:      104804 kB
VmallocChunk:          0 kB
Percpu:             7648 kB
CmaTotal:         294912 kB
CmaFree:               0 kB
MemTotal:       12113132 kB
MemFree:         6417956 kB
MemAvailable:    8104792 kB
Buffers:            5584 kB
Cached:          1869420 kB
SwapCached:            0 kB
Active:          1496164 kB
Inactive:        1627904 kB
Active(anon):    1255508 kB
Inactive(anon):    23776 kB
Active(file):     240656 kB
Inactive(file):  1604128 kB
Unevictable:        5552 kB
Mlocked:            5552 kB
SwapTotal:       3145724 kB
SwapFree:        3145724 kB
Dirty:               384 kB
Writeback:             0 kB
AnonPages:       1254724 kB
Mapped:           857592 kB
Shmem:             25720 kB
KReclaimable:     710756 kB
Slab:             227536 kB
SReclaimable:      79584 kB
SUnreclaim:       147952 kB
KernelStack:       47728 kB
PageTables:        67484 kB
NFS_Unstable:          0 kB
Bounce:                0 kB
WritebackTmp:          0 kB
CommitLimit:     9202288 kB
Committed_AS:   75282912 kB
VmallocTotal:   263061440 kB
VmallocUsed:      104788 kB
VmallocChunk:          0 kB
Percpu:             7648 kB
CmaTotal:         294912 kB
CmaFree:              44 kB
MemTotal:       12113132 kB
MemFree:         6417820 kB
MemAvailable:    8104664 kB
Buffers:            5584 kB
Cached:          1869428 kB
SwapCached:            0 kB
Active:          1497480 kB
Inactive:        1627912 kB
Active(anon):    1256824 kB
Inactive(anon):    23776 kB
Active(file):     240656 kB
Inactive(file):  1604136 kB
Unevictable:        5552 kB
Mlocked:            5552 kB
SwapTotal:       3145724 kB
SwapFree:        3145724 kB
Dirty:               404 kB
Writeback:             0 kB
AnonPages:       1256052 kB
Mapped:           857592 kB
Shmem:             25720 kB
KReclaimable:     710756 kB
Slab:             227540 kB
SReclaimable:      79584 kB
SUnreclaim:       147956 kB
KernelStack:       47728 kB
PageTables:        67484 kB
NFS_Unstable:          0 kB
Bounce:                0 kB
WritebackTmp:          0 kB
CommitLimit:     9202288 kB
Committed_AS:   75284152 kB
VmallocTotal:   263061440 kB
VmallocUsed:      104804 kB
VmallocChunk:          0 kB
Percpu:             7648 kB
CmaTotal:         294912 kB
CmaFree:               0 kB
MemTotal:       12113132 kB
MemFree:         6416080 kB
MemAvailable:    8102944 kB
Buffers:            5584 kB
Cached:          1869448 kB
SwapCached:            0 kB
Active:          1497820 kB
Inactive:        1627932 kB
Active(anon):    1257164 kB
Inactive(anon):    23776 kB
Active(file):     240656 kB
Inactive(file):  1604156 kB
Unevictable:        5552 kB
Mlocked:            5552 kB
SwapTotal:       3145724 kB
SwapFree:        3145724 kB
Dirty:               424 kB
Writeback:             0 kB
AnonPages:       1256560 kB
Mapped:           857592 kB
Shmem:             25720 kB
KReclaimable:     710756 kB
Slab:             227548 kB
SReclaimable:      79584 kB
SUnreclaim:       147964 kB
KernelStack:       47728 kB
PageTables:        67480 kB
NFS_Unstable:          0 kB
Bounce:                0 kB
WritebackTmp:          0 kB
CommitLimit:     9202288 kB
Committed_AS:   75284628 kB
VmallocTotal:   263061440 kB
VmallocUsed:      104788 kB
VmallocChunk:          0 kB
Percpu:             7648 kB
CmaTotal:         294912 kB
CmaFree:               0 kB
MemTotal:       12113132 kB
MemFree:         6415300 kB
MemAvailable:    8102168 kB
Buffers:            5584 kB
Cached:          1869452 kB
SwapCached:            0 kB
Active:          1498456 kB
Inactive:        1627936 kB
Active(anon):    1257800 kB
Inactive(anon):    23776 kB
Active(file):     240656 kB
Inactive(file):  1604160 kB
Unevictable:        5552 kB
Mlocked:            5552 kB
SwapTotal:       3145724 kB
SwapFree:        3145724 kB
Dirty:               428 kB
Writeback:             0 kB
AnonPages:       1257092 kB
Mapped:           857592 kB
Shmem:             25720 kB
KReclaimable:     710756 kB
Slab:             227552 kB
SReclaimable:      79584 kB
SUnreclaim:       147968 kB
KernelStack:       47728 kB
PageTables:        67480 kB
NFS_Unstable:          0 kB
Bounce:                0 kB
WritebackTmp:          0 kB
CommitLimit:     9202288 kB
Committed_AS:   75284364 kB
VmallocTotal:   263061440 kB
VmallocUsed:      104788 kB
VmallocChunk:          0 kB
Percpu:             7648 kB
CmaTotal:         294912 kB
CmaFree:              16 kB
MemTotal:       12113132 kB
MemFree:         6414624 kB
MemAvailable:    8101500 kB
Buffers:            5584 kB
Cached:          1869464 kB
SwapCached:            0 kB
Active:          1499320 kB
Inactive:        1627948 kB
Active(anon):    1258664 kB
Inactive(anon):    23780 kB
Active(file):     240656 kB
Inactive(file):  1604168 kB
Unevictable:        5552 kB
Mlocked:            5552 kB
SwapTotal:       3145724 kB
SwapFree:        3145724 kB
Dirty:               224 kB
Writeback:             0 kB
AnonPages:       1257940 kB
Mapped:           857596 kB
Shmem:             25724 kB
KReclaimable:     710756 kB
Slab:             227540 kB
SReclaimable:      79584 kB
SUnreclaim:       147956 kB
KernelStack:       47728 kB
PageTables:        67480 kB
NFS_Unstable:          0 kB
Bounce:                0 kB
WritebackTmp:          0 kB
CommitLimit:     9202288 kB
Committed_AS:   75284404 kB
VmallocTotal:   263061440 kB
VmallocUsed:      104804 kB
VmallocChunk:          0 kB
Percpu:             7648 kB
CmaTotal:         294912 kB
CmaFree:               0 kB
MemTotal:       12113132 kB
MemFree:         6414832 kB
MemAvailable:    8101728 kB
Buffers:            5584 kB
Cached:          1869484 kB
SwapCached:            0 kB
Active:          1499956 kB
Inactive:        1627968 kB
Active(anon):    1259300 kB
Inactive(anon):    23780 kB
Active(file):     240656 kB
Inactive(file):  1604188 kB
Unevictable:        5552 kB
Mlocked:            5552 kB
SwapTotal:       3145724 kB
SwapFree:        3145724 kB
Dirty:               280 kB
Writeback:             0 kB
AnonPages:       1258556 kB
Mapped:           857596 kB
Shmem:             25724 kB
KReclaimable:     710756 kB
Slab:             227540 kB
SReclaimable:      79584 kB
SUnreclaim:       147956 kB
KernelStack:       47744 kB
PageTables:        67608 kB
NFS_Unstable:          0 kB
Bounce:                0 kB
WritebackTmp:          0 kB
CommitLimit:     9202288 kB
Committed_AS:   75278208 kB
VmallocTotal:   263061440 kB
VmallocUsed:      104756 kB
VmallocChunk:          0 kB
Percpu:             7648 kB
CmaTotal:         294912 kB
CmaFree:               0 kB
MemTotal:       12113132 kB
MemFree:         6413016 kB
MemAvailable:    8099916 kB
Buffers:            5584 kB
Cached:          1869488 kB
SwapCached:            0 kB
Active:          1500524 kB
Inactive:        1627972 kB
Active(anon):    1259868 kB
Inactive(anon):    23780 kB
Active(file):     240656 kB
Inactive(file):  1604192 kB
Unevictable:        5552 kB
Mlocked:            5552 kB
SwapTotal:       3145724 kB
SwapFree:        3145724 kB
Dirty:               284 kB
Writeback:             0 kB
AnonPages:       1259308 kB
Mapped:           857596 kB
Shmem:             25724 kB
KReclaimable:     710756 kB
Slab:             227552 kB
SReclaimable:      79584 kB
SUnreclaim:       147968 kB
KernelStack:       47744 kB
PageTables:        67608 kB
NFS_Unstable:          0 kB
Bounce:                0 kB
WritebackTmp:          0 kB
CommitLimit:     9202288 kB
Committed_AS:   75272680 kB
VmallocTotal:   263061440 kB
VmallocUsed:      104772 kB
VmallocChunk:          0 kB
Percpu:             7648 kB
CmaTotal:         294912 kB
CmaFree:               0 kB
MemTotal:       12113132 kB
MemFree:         6412084 kB
MemAvailable:    8098996 kB
Buffers:            5584 kB
Cached:          1869500 kB
SwapCached:            0 kB
Active:          1501360 kB
Inactive:        1627984 kB
Active(anon):    1260704 kB
Inactive(anon):    23780 kB
Active(file):     240656 kB
Inactive(file):  1604204 kB
Unevictable:        5552 kB
Mlocked:            5552 kB
SwapTotal:       3145724 kB
SwapFree:        3145724 kB
Dirty:               320 kB
Writeback:             0 kB
AnonPages:       1259660 kB
Mapped:           857596 kB
Shmem:             25724 kB
KReclaimable:     710756 kB
Slab:             227544 kB
SReclaimable:      79584 kB
SUnreclaim:       147960 kB
KernelStack:       47728 kB
PageTables:        67480 kB
NFS_Unstable:          0 kB
Bounce:                0 kB
WritebackTmp:          0 kB
CommitLimit:     9202288 kB
Committed_AS:   75277724 kB
VmallocTotal:   263061440 kB
VmallocUsed:      104804 kB
VmallocChunk:          0 kB
Percpu:             7648 kB
CmaTotal:         294912 kB
CmaFree:               0 kB
MemTotal:       12113132 kB
MemFree:         6413184 kB
MemAvailable:    8100108 kB
Buffers:            5584 kB
Cached:          1869512 kB
SwapCached:            0 kB
Active:          1500176 kB
Inactive:        1627996 kB
Active(anon):    1259520 kB
Inactive(anon):    23780 kB
Active(file):     240656 kB
Inactive(file):  1604216 kB
Unevictable:        5552 kB
Mlocked:            5552 kB
SwapTotal:       3145724 kB
SwapFree:        3145724 kB
Dirty:               336 kB
Writeback:             0 kB
AnonPages:       1258744 kB
Mapped:           857440 kB
Shmem:             25724 kB
KReclaimable:     710756 kB
Slab:             227544 kB
SReclaimable:      79584 kB
SUnreclaim:       147960 kB
KernelStack:       47712 kB
PageTables:        67448 kB
NFS_Unstable:          0 kB
Bounce:                0 kB
WritebackTmp:          0 kB
CommitLimit:     9202288 kB
Committed_AS:   75275236 kB
VmallocTotal:   263061440 kB
VmallocUsed:      104804 kB
