MemTotal:        7922396 kB
MemFree:         2022744 kB
MemAvailable:    3898676 kB
Buffers:           19248 kB
Cached:          1124244 kB
SwapCached:         2204 kB
Active:          1169468 kB
Inactive:        1101336 kB
Active(anon):     422828 kB
Inactive(anon):   740164 kB
Active(file):     746640 kB
Inactive(file):   361172 kB
Unevictable:        6044 kB
Mlocked:            5604 kB
SwapTotal:       4718584 kB
SwapFree:        4331512 kB
Dirty:             42904 kB
Writeback:             0 kB
AnonPages:       1131420 kB
Mapped:           373056 kB
Shmem:             30960 kB
KReclaimable:    1158392 kB
Slab:             305588 kB
SReclaimable:      76232 kB
SUnreclaim:       229356 kB
KernelStack:       46224 kB
ShadowCallStack:   11592 kB
PageTables:        64980 kB
NFS_Unstable:          0 kB
Bounce:                0 kB
WritebackTmp:          0 kB
CommitLimit:     8679780 kB
Committed_AS:   62710500 kB
VmallocTotal:   263061440 kB
VmallocUsed:      127260 kB
VmallocChunk:          0 kB
Percpu:             6288 kB
CmaTotal:         405504 kB
CmaFree:          102472 kB
MemTotal:        7922396 kB
MemFree:         1625456 kB
MemAvailable:    3617500 kB
Buffers:           19476 kB
Cached:          1241364 kB
SwapCached:         2204 kB
Active:          1252432 kB
Inactive:        1415060 kB
Active(anon):     422848 kB
Inactive(anon):  1019472 kB
Active(file):     829584 kB
Inactive(file):   395588 kB
Unevictable:        6044 kB
Mlocked:            5604 kB
SwapTotal:       4718584 kB
SwapFree:        4331512 kB
Dirty:             43144 kB
Writeback:             0 kB
AnonPages:       1410700 kB
Mapped:           493244 kB
Shmem:             31120 kB
KReclaimable:    1157144 kB
Slab:             305608 kB
SReclaimable:      76292 kB
SUnreclaim:       229316 kB
KernelStack:       46928 kB
ShadowCallStack:   11756 kB
PageTables:        66264 kB
NFS_Unstable:          0 kB
Bounce:                0 kB
WritebackTmp:          0 kB
CommitLimit:     8679780 kB
Committed_AS:   64098352 kB
VmallocTotal:   263061440 kB
VmallocUsed:      128100 kB
VmallocChunk:          0 kB
Percpu:             6288 kB
CmaTotal:         405504 kB
CmaFree:          102472 kB
MemTotal:        7922396 kB
MemFree:         1633360 kB
MemAvailable:    3780700 kB
Buffers:           19544 kB
Cached:          1261748 kB
SwapCached:         2204 kB
Active:          1321648 kB
Inactive:        1337544 kB
Active(anon):     422852 kB
Inactive(anon):   990604 kB
Active(file):     898796 kB
Inactive(file):   346940 kB
Unevictable:        6044 kB
Mlocked:            5604 kB
SwapTotal:       4718584 kB
SwapFree:        4331512 kB
Dirty:             42992 kB
Writeback:             4 kB
AnonPages:       1381796 kB
Mapped:           480052 kB
Shmem:             31008 kB
KReclaimable:    1291876 kB
Slab:             305616 kB
SReclaimable:      76360 kB
SUnreclaim:       229256 kB
KernelStack:       47216 kB
ShadowCallStack:   11824 kB
PageTables:        66288 kB
NFS_Unstable:          0 kB
Bounce:                0 kB
WritebackTmp:          0 kB
CommitLimit:     8679780 kB
Committed_AS:   64158088 kB
VmallocTotal:   263061440 kB
VmallocUsed:      128516 kB
VmallocChunk:          0 kB
Percpu:             6288 kB
CmaTotal:         405504 kB
CmaFree:          102472 kB
MemTotal:        7922396 kB
MemFree:         1514688 kB
MemAvailable:    3083432 kB
Buffers:           19628 kB
Cached:          1278028 kB
SwapCached:         2204 kB
Active:          1331988 kB
Inactive:        1441380 kB
Active(anon):     422824 kB
Inactive(anon):  1089144 kB
Active(file):     909164 kB
Inactive(file):   352236 kB
Unevictable:        6044 kB
Mlocked:            5604 kB
SwapTotal:       4718584 kB
SwapFree:        4331512 kB
Dirty:             43248 kB
Writeback:             0 kB
AnonPages:       1479712 kB
Mapped:           628360 kB
Shmem:             31612 kB
KReclaimable:     697616 kB
Slab:             306708 kB
SReclaimable:      76612 kB
SUnreclaim:       230096 kB
KernelStack:       48256 kB
ShadowCallStack:   12088 kB
PageTables:        67560 kB
NFS_Unstable:          0 kB
Bounce:                0 kB
WritebackTmp:          0 kB
CommitLimit:     8679780 kB
Committed_AS:   64247552 kB
VmallocTotal:   263061440 kB
VmallocUsed:      129760 kB
VmallocChunk:          0 kB
Percpu:             6288 kB
CmaTotal:         405504 kB
CmaFree:          102472 kB
MemTotal:        7922396 kB
MemFree:         1269376 kB
MemAvailable:    2979276 kB
Buffers:           19652 kB
Cached:          1377452 kB
SwapCached:         2204 kB
Active:          1416868 kB
Inactive:        1600748 kB
Active(anon):     422828 kB
Inactive(anon):  1233996 kB
Active(file):     994040 kB
Inactive(file):   366752 kB
Unevictable:        6044 kB
Mlocked:            5604 kB
SwapTotal:       4718584 kB
SwapFree:        4331512 kB
Dirty:             43432 kB
Writeback:             0 kB
AnonPages:       1624460 kB
Mapped:           646100 kB
Shmem:             31764 kB
KReclaimable:     739380 kB
Slab:             306480 kB
SReclaimable:      76628 kB
SUnreclaim:       229852 kB
KernelStack:       48272 kB
ShadowCallStack:   12092 kB
PageTables:        68108 kB
NFS_Unstable:          0 kB
Bounce:                0 kB
WritebackTmp:          0 kB
CommitLimit:     8679780 kB
Committed_AS:   64397524 kB
VmallocTotal:   263061440 kB
VmallocUsed:      129880 kB
VmallocChunk:          0 kB
Percpu:             6288 kB
CmaTotal:         405504 kB
CmaFree:          102472 kB
MemTotal:        7922396 kB
MemFree:         1197360 kB
MemAvailable:    2763668 kB
Buffers:           19652 kB
Cached:          1378224 kB
SwapCached:         2204 kB
Active:          1417512 kB
Inactive:        1670896 kB
Active(anon):     422820 kB
Inactive(anon):  1304140 kB
Active(file):     994692 kB
Inactive(file):   366756 kB
Unevictable:        6044 kB
Mlocked:            5604 kB
SwapTotal:       4718584 kB
SwapFree:        4331512 kB
Dirty:             43424 kB
Writeback:             0 kB
AnonPages:       1694372 kB
Mapped:           660420 kB
Shmem:             31880 kB
KReclaimable:     595132 kB
Slab:             306300 kB
SReclaimable:      76628 kB
SUnreclaim:       229672 kB
KernelStack:       48368 kB
ShadowCallStack:   12120 kB
PageTables:        68448 kB
NFS_Unstable:          0 kB
Bounce:                0 kB
WritebackTmp:          0 kB
CommitLimit:     8679780 kB
Committed_AS:   64388868 kB
VmallocTotal:   263061440 kB
VmallocUsed:      129964 kB
VmallocChunk:          0 kB
Percpu:             6288 kB
CmaTotal:         405504 kB
CmaFree:          102472 kB
MemTotal:        7922396 kB
MemFree:         1282320 kB
MemAvailable:    2936324 kB
Buffers:           19652 kB
Cached:          1379848 kB
SwapCached:         2204 kB
Active:          1418724 kB
Inactive:        1585120 kB
Active(anon):     422868 kB
Inactive(anon):  1217948 kB
Active(file):     995856 kB
Inactive(file):   367172 kB
Unevictable:        6044 kB
Mlocked:            5604 kB
SwapTotal:       4718584 kB
SwapFree:        4331512 kB
Dirty:             43452 kB
Writeback:             0 kB
AnonPages:       1608380 kB
Mapped:           656224 kB
Shmem:             31924 kB
KReclaimable:     681248 kB
Slab:             306552 kB
SReclaimable:      76628 kB
SUnreclaim:       229924 kB
KernelStack:       47904 kB
ShadowCallStack:   12028 kB
PageTables:        67992 kB
NFS_Unstable:          0 kB
Bounce:                0 kB
WritebackTmp:          0 kB
CommitLimit:     8679780 kB
Committed_AS:   64391820 kB
VmallocTotal:   263061440 kB
VmallocUsed:      128944 kB
VmallocChunk:          0 kB
Percpu:             6288 kB
CmaTotal:         405504 kB
CmaFree:          102460 kB
MemTotal:        7922396 kB
MemFree:         1317000 kB
MemAvailable:    3055652 kB
Buffers:           19652 kB
Cached:          1382576 kB
SwapCached:         2204 kB
Active:          1421012 kB
Inactive:        1549764 kB
Active(anon):     422868 kB
Inactive(anon):  1182008 kB
Active(file):     998144 kB
Inactive(file):   367756 kB
Unevictable:        6044 kB
Mlocked:            5604 kB
SwapTotal:       4718584 kB
SwapFree:        4331512 kB
Dirty:             44904 kB
Writeback:             0 kB
AnonPages:       1572448 kB
Mapped:           641840 kB
Shmem:             31780 kB
KReclaimable:     763024 kB
Slab:             306484 kB
SReclaimable:      76648 kB
SUnreclaim:       229836 kB
KernelStack:       47936 kB
ShadowCallStack:   12008 kB
PageTables:        68148 kB
NFS_Unstable:          0 kB
Bounce:                0 kB
WritebackTmp:          0 kB
CommitLimit:     8679780 kB
Committed_AS:   64376784 kB
VmallocTotal:   263061440 kB
VmallocUsed:      128940 kB
VmallocChunk:          0 kB
Percpu:             6288 kB
CmaTotal:         405504 kB
CmaFree:          102472 kB
MemTotal:        7922396 kB
MemFree:          803720 kB
MemAvailable:    2721452 kB
Buffers:           19660 kB
Cached:          1556528 kB
SwapCached:         2204 kB
Active:          1593024 kB
Inactive:        1892448 kB
Active(anon):     422868 kB
Inactive(anon):  1522740 kB
Active(file):    1170156 kB
Inactive(file):   369708 kB
Unevictable:        6044 kB
Mlocked:            5604 kB
SwapTotal:       4718584 kB
SwapFree:        4331512 kB
Dirty:             44960 kB
Writeback:             0 kB
AnonPages:       1913152 kB
Mapped:           650780 kB
Shmem:             31776 kB
KReclaimable:     768140 kB
Slab:             306376 kB
SReclaimable:      76648 kB
SUnreclaim:       229728 kB
KernelStack:       47824 kB
ShadowCallStack:   11980 kB
PageTables:        69032 kB
NFS_Unstable:          0 kB
Bounce:                0 kB
WritebackTmp:          0 kB
CommitLimit:     8679780 kB
Committed_AS:   64707948 kB
VmallocTotal:   263061440 kB
VmallocUsed:      128816 kB
VmallocChunk:          0 kB
Percpu:             6288 kB
CmaTotal:         405504 kB
CmaFree:               0 kB
MemTotal:        7922396 kB
MemFree:          981572 kB
MemAvailable:    2636176 kB
Buffers:           19664 kB
Cached:          1567188 kB
SwapCached:         2204 kB
Active:          1603388 kB
Inactive:        1672060 kB
Active(anon):     422864 kB
Inactive(anon):  1302088 kB
Active(file):    1180524 kB
Inactive(file):   369972 kB
Unevictable:        6044 kB
Mlocked:            5604 kB
SwapTotal:       4718584 kB
SwapFree:        4331512 kB
Dirty:             44960 kB
Writeback:             0 kB
AnonPages:       1692492 kB
Mapped:           679496 kB
Shmem:             31808 kB
KReclaimable:     494380 kB
Slab:             306896 kB
SReclaimable:      76648 kB
SUnreclaim:       230248 kB
KernelStack:       47808 kB
ShadowCallStack:   11984 kB
PageTables:        68804 kB
NFS_Unstable:          0 kB
Bounce:                0 kB
WritebackTmp:          0 kB
CommitLimit:     8679780 kB
Committed_AS:   64500808 kB
VmallocTotal:   263061440 kB
VmallocUsed:      128812 kB
VmallocChunk:          0 kB
Percpu:             6288 kB
CmaTotal:         405504 kB
CmaFree:           69512 kB
MemTotal:        7922396 kB
MemFree:          990424 kB
MemAvailable:    2625928 kB
Buffers:           19664 kB
Cached:          1568432 kB
SwapCached:         2204 kB
Active:          1604316 kB
Inactive:        1650308 kB
Active(anon):     422860 kB
Inactive(anon):  1280024 kB
Active(file):    1181456 kB
Inactive(file):   370284 kB
Unevictable:        6044 kB
Mlocked:            5604 kB
SwapTotal:       4718584 kB
SwapFree:        4331512 kB
Dirty:             44960 kB
Writeback:             0 kB
AnonPages:       1670520 kB
Mapped:           677920 kB
Shmem:             31808 kB
KReclaimable:     474036 kB
Slab:             307072 kB
SReclaimable:      76648 kB
SUnreclaim:       230424 kB
KernelStack:       47856 kB
ShadowCallStack:   11984 kB
PageTables:        69116 kB
NFS_Unstable:          0 kB
Bounce:                0 kB
WritebackTmp:          0 kB
CommitLimit:     8679780 kB
Committed_AS:   64472712 kB
VmallocTotal:   263061440 kB
VmallocUsed:      128816 kB
VmallocChunk:          0 kB
Percpu:             6288 kB
CmaTotal:         405504 kB
CmaFree:           71312 kB
MemTotal:        7922396 kB
MemFree:          869564 kB
MemAvailable:    2415940 kB
Buffers:           19688 kB
Cached:          1569484 kB
SwapCached:         2204 kB
Active:          1604872 kB
Inactive:        1656860 kB
Active(anon):     422868 kB
Inactive(anon):  1286048 kB
Active(file):    1182004 kB
Inactive(file):   370812 kB
Unevictable:        6044 kB
Mlocked:            5604 kB
SwapTotal:       4718584 kB
SwapFree:        4331512 kB
Dirty:             45524 kB
Writeback:             0 kB
AnonPages:       1676624 kB
Mapped:           673112 kB
Shmem:             31808 kB
KReclaimable:     383832 kB
Slab:             307596 kB
SReclaimable:      76664 kB
SUnreclaim:       230932 kB
KernelStack:       47840 kB
ShadowCallStack:   11988 kB
PageTables:        68976 kB
NFS_Unstable:          0 kB
Bounce:                0 kB
WritebackTmp:          0 kB
CommitLimit:     8679780 kB
Committed_AS:   64476812 kB
VmallocTotal:   263061440 kB
VmallocUsed:      128804 kB
VmallocChunk:          0 kB
Percpu:             6288 kB
CmaTotal:         405504 kB
CmaFree:           71312 kB
MemTotal:        7922396 kB
MemFree:          832812 kB
MemAvailable:    2378128 kB
Buffers:           19704 kB
Cached:          1569556 kB
SwapCached:         2204 kB
Active:          1604952 kB
Inactive:        1664520 kB
Active(anon):     422864 kB
Inactive(anon):  1293704 kB
Active(file):    1182088 kB
Inactive(file):   370816 kB
Unevictable:        6044 kB
Mlocked:            5604 kB
SwapTotal:       4718584 kB
SwapFree:        4331512 kB
Dirty:             45572 kB
Writeback:             0 kB
AnonPages:       1684108 kB
Mapped:           674772 kB
Shmem:             31808 kB
KReclaimable:     382684 kB
Slab:             307688 kB
SReclaimable:      76664 kB
SUnreclaim:       231024 kB
KernelStack:       47824 kB
ShadowCallStack:   11980 kB
PageTables:        68976 kB
NFS_Unstable:          0 kB
Bounce:                0 kB
WritebackTmp:          0 kB
CommitLimit:     8679780 kB
Committed_AS:   64493192 kB
VmallocTotal:   263061440 kB
VmallocUsed:      128804 kB
VmallocChunk:          0 kB
Percpu:             6288 kB
CmaTotal:         405504 kB
CmaFree:           71312 kB
MemTotal:        7922396 kB
MemFree:          830676 kB
MemAvailable:    2376224 kB
Buffers:           19704 kB
Cached:          1569788 kB
SwapCached:         2204 kB
Active:          1605188 kB
Inactive:        1666780 kB
Active(anon):     422868 kB
Inactive(anon):  1295964 kB
Active(file):    1182320 kB
Inactive(file):   370816 kB
Unevictable:        6044 kB
Mlocked:            5604 kB
SwapTotal:       4718584 kB
SwapFree:        4331512 kB
Dirty:             45572 kB
Writeback:             0 kB
AnonPages:       1686384 kB
Mapped:           674796 kB
Shmem:             31808 kB
KReclaimable:     382684 kB
Slab:             307736 kB
SReclaimable:      76664 kB
SUnreclaim:       231072 kB
KernelStack:       47824 kB
ShadowCallStack:   11980 kB
PageTables:        68892 kB
NFS_Unstable:          0 kB
Bounce:                0 kB
WritebackTmp:          0 kB
CommitLimit:     8679780 kB
Committed_AS:   64493192 kB
VmallocTotal:   263061440 kB
VmallocUsed:      128816 kB
VmallocChunk:          0 kB
Percpu:             6288 kB
CmaTotal:         405504 kB
CmaFree:           71312 kB
MemTotal:        7922396 kB
MemFree:          826780 kB
MemAvailable:    2382708 kB
Buffers:           19704 kB
Cached:          1576248 kB
SwapCached:         2204 kB
Active:          1611332 kB
Inactive:        1661808 kB
Active(anon):     422868 kB
Inactive(anon):  1290676 kB
Active(file):    1188464 kB
Inactive(file):   371132 kB
Unevictable:        6044 kB
Mlocked:            5604 kB
SwapTotal:       4718584 kB
SwapFree:        4331512 kB
Dirty:             45576 kB
Writeback:             0 kB
AnonPages:       1681076 kB
Mapped:           671380 kB
Shmem:             31808 kB
KReclaimable:     386604 kB
Slab:             307796 kB
SReclaimable:      76664 kB
SUnreclaim:       231132 kB
KernelStack:       47824 kB
ShadowCallStack:   11980 kB
PageTables:        68896 kB
NFS_Unstable:          0 kB
Bounce:                0 kB
WritebackTmp:          0 kB
CommitLimit:     8679780 kB
Committed_AS:   64483592 kB
VmallocTotal:   263061440 kB
VmallocUsed:      128816 kB
VmallocChunk:          0 kB
Percpu:             6288 kB
CmaTotal:         405504 kB
CmaFree:           71312 kB
MemTotal:        7922396 kB
MemFree:          833468 kB
MemAvailable:    2384856 kB
Buffers:           19712 kB
Cached:          1576116 kB
SwapCached:         2204 kB
Active:          1611752 kB
Inactive:        1652956 kB
Active(anon):     422872 kB
Inactive(anon):  1282364 kB
Active(file):    1188880 kB
Inactive(file):   370592 kB
Unevictable:        6044 kB
Mlocked:            5604 kB
SwapTotal:       4718584 kB
SwapFree:        4331512 kB
Dirty:             45088 kB
Writeback:             0 kB
AnonPages:       1672720 kB
Mapped:           670528 kB
Shmem:             31808 kB
KReclaimable:     382188 kB
Slab:             307952 kB
SReclaimable:      76664 kB
SUnreclaim:       231288 kB
KernelStack:       47936 kB
ShadowCallStack:   11988 kB
PageTables:        68944 kB
NFS_Unstable:          0 kB
Bounce:                0 kB
WritebackTmp:          0 kB
CommitLimit:     8679780 kB
Committed_AS:   64497288 kB
VmallocTotal:   263061440 kB
VmallocUsed:      128900 kB
VmallocChunk:          0 kB
Percpu:             6288 kB
CmaTotal:         405504 kB
CmaFree:           72444 kB
MemTotal:        7922396 kB
MemFree:          767788 kB
MemAvailable:    2324064 kB
Buffers:           19812 kB
Cached:          1581308 kB
SwapCached:         2212 kB
Active:          1615372 kB
Inactive:        1688592 kB
Active(anon):     422868 kB
Inactive(anon):  1316448 kB
Active(file):    1192504 kB
Inactive(file):   372144 kB
Unevictable:        6044 kB
Mlocked:            5604 kB
SwapTotal:       4718584 kB
SwapFree:        4331512 kB
Dirty:             45176 kB
Writeback:             0 kB
AnonPages:       1706692 kB
Mapped:           684644 kB
Shmem:             31924 kB
KReclaimable:     381900 kB
Slab:             308004 kB
SReclaimable:      76664 kB
SUnreclaim:       231340 kB
KernelStack:       48096 kB
ShadowCallStack:   12048 kB
PageTables:        68992 kB
NFS_Unstable:          0 kB
Bounce:                0 kB
WritebackTmp:          0 kB
CommitLimit:     8679780 kB
Committed_AS:   64499844 kB
VmallocTotal:   263061440 kB
VmallocUsed:      129084 kB
VmallocChunk:          0 kB
Percpu:             6288 kB
CmaTotal:         405504 kB
CmaFree:           72448 kB
MemTotal:        7922396 kB
MemFree:          768212 kB
MemAvailable:    2324488 kB
Buffers:           19820 kB
Cached:          1581300 kB
SwapCached:         2212 kB
Active:          1615368 kB
Inactive:        1688220 kB
Active(anon):     422864 kB
Inactive(anon):  1316076 kB
Active(file):    1192504 kB
Inactive(file):   372144 kB
Unevictable:        6044 kB
Mlocked:            5604 kB
SwapTotal:       4718584 kB
SwapFree:        4331512 kB
Dirty:             44876 kB
Writeback:             0 kB
AnonPages:       1706516 kB
Mapped:           684764 kB
Shmem:             31924 kB
KReclaimable:     381900 kB
Slab:             308012 kB
SReclaimable:      76664 kB
SUnreclaim:       231348 kB
KernelStack:       48048 kB
ShadowCallStack:   12028 kB
PageTables:        68844 kB
NFS_Unstable:          0 kB
Bounce:                0 kB
WritebackTmp:          0 kB
CommitLimit:     8679780 kB
Committed_AS:   64499740 kB
VmallocTotal:   263061440 kB
VmallocUsed:      129044 kB
VmallocChunk:          0 kB
Percpu:             6288 kB
CmaTotal:         405504 kB
CmaFree:           72448 kB
MemTotal:        7922396 kB
MemFree:          767416 kB
MemAvailable:    2323676 kB
Buffers:           19820 kB
Cached:          1581308 kB
SwapCached:         2212 kB
Active:          1615380 kB
Inactive:        1688984 kB
Active(anon):     422868 kB
Inactive(anon):  1316840 kB
Active(file):    1192512 kB
Inactive(file):   372144 kB
Unevictable:        6044 kB
Mlocked:            5604 kB
SwapTotal:       4718584 kB
SwapFree:        4331512 kB
Dirty:             44940 kB
Writeback:             0 kB
AnonPages:       1707256 kB
Mapped:           684776 kB
Shmem:             31924 kB
KReclaimable:     381876 kB
Slab:             307988 kB
SReclaimable:      76664 kB
SUnreclaim:       231324 kB
KernelStack:       48016 kB
ShadowCallStack:   12028 kB
PageTables:        68968 kB
NFS_Unstable:          0 kB
Bounce:                0 kB
WritebackTmp:          0 kB
CommitLimit:     8679780 kB
Committed_AS:   64499740 kB
VmallocTotal:   263061440 kB
VmallocUsed:      129052 kB
VmallocChunk:          0 kB
Percpu:             6288 kB
CmaTotal:         405504 kB
CmaFree:           72448 kB
MemTotal:        7922396 kB
MemFree:          767600 kB
MemAvailable:    2324028 kB
Buffers:           19820 kB
Cached:          1581468 kB
SwapCached:         2212 kB
Active:          1615376 kB
Inactive:        1688648 kB
Active(anon):     422864 kB
Inactive(anon):  1316344 kB
Active(file):    1192512 kB
Inactive(file):   372304 kB
Unevictable:        6044 kB
Mlocked:            5604 kB
SwapTotal:       4718584 kB
SwapFree:        4331512 kB
Dirty:             45100 kB
Writeback:             0 kB
AnonPages:       1706288 kB
Mapped:           684848 kB
Shmem:             31924 kB
KReclaimable:     381884 kB
Slab:             307984 kB
SReclaimable:      76672 kB
SUnreclaim:       231312 kB
KernelStack:       48032 kB
ShadowCallStack:   12020 kB
PageTables:        68660 kB
NFS_Unstable:          0 kB
Bounce:                0 kB
WritebackTmp:          0 kB
CommitLimit:     8679780 kB
Committed_AS:   64499696 kB
VmallocTotal:   263061440 kB
VmallocUsed:      129020 kB
VmallocChunk:          0 kB
Percpu:             6288 kB
CmaTotal:         405504 kB
CmaFree:           72448 kB
MemTotal:        7922396 kB
MemFree:          767636 kB
MemAvailable:    2324212 kB
Buffers:           19820 kB
Cached:          1581616 kB
SwapCached:         2212 kB
Active:          1615468 kB
Inactive:        1688912 kB
Active(anon):     422868 kB
Inactive(anon):  1316548 kB
Active(file):    1192600 kB
Inactive(file):   372364 kB
Unevictable:        6044 kB
Mlocked:            5604 kB
SwapTotal:       4718584 kB
SwapFree:        4331512 kB
Dirty:             45048 kB
Writeback:             0 kB
AnonPages:       1706784 kB
Mapped:           684808 kB
Shmem:             31924 kB
KReclaimable:     381884 kB
Slab:             308064 kB
SReclaimable:      76672 kB
SUnreclaim:       231392 kB
KernelStack:       48016 kB
ShadowCallStack:   12028 kB
PageTables:        68948 kB
NFS_Unstable:          0 kB
Bounce:                0 kB
WritebackTmp:          0 kB
CommitLimit:     8679780 kB
Committed_AS:   64499700 kB
VmallocTotal:   263061440 kB
VmallocUsed:      129040 kB
VmallocChunk:          0 kB
Percpu:             6288 kB
CmaTotal:         405504 kB
CmaFree:           72448 kB
MemTotal:        7922396 kB
MemFree:          768248 kB
MemAvailable:    2324824 kB
Buffers:           19820 kB
Cached:          1581616 kB
SwapCached:         2212 kB
Active:          1615472 kB
Inactive:        1688392 kB
Active(anon):     422872 kB
Inactive(anon):  1316028 kB
Active(file):    1192600 kB
Inactive(file):   372364 kB
Unevictable:        6044 kB
Mlocked:            5604 kB
SwapTotal:       4718584 kB
SwapFree:        4331512 kB
Dirty:             45048 kB
Writeback:             0 kB
AnonPages:       1706136 kB
Mapped:           684816 kB
Shmem:             31924 kB
KReclaimable:     381884 kB
Slab:             308056 kB
SReclaimable:      76672 kB
SUnreclaim:       231384 kB
KernelStack:       48016 kB
ShadowCallStack:   12036 kB
PageTables:        68868 kB
NFS_Unstable:          0 kB
Bounce:                0 kB
WritebackTmp:          0 kB
CommitLimit:     8679780 kB
Committed_AS:   64499696 kB
VmallocTotal:   263061440 kB
VmallocUsed:      129040 kB
VmallocChunk:          0 kB
Percpu:             6288 kB
CmaTotal:         405504 kB
CmaFree:           72448 kB
MemTotal:        7922396 kB
MemFree:          767448 kB
MemAvailable:    2324040 kB
Buffers:           19836 kB
Cached:          1581616 kB
SwapCached:         2212 kB
Active:          1615480 kB
Inactive:        1689760 kB
Active(anon):     422864 kB
Inactive(anon):  1317396 kB
Active(file):    1192616 kB
Inactive(file):   372364 kB
Unevictable:        6044 kB
Mlocked:            5604 kB
SwapTotal:       4718584 kB
SwapFree:        4331512 kB
Dirty:             45068 kB
Writeback:             0 kB
AnonPages:       1707664 kB
Mapped:           684840 kB
Shmem:             31924 kB
KReclaimable:     381884 kB
Slab:             308092 kB
SReclaimable:      76672 kB
SUnreclaim:       231420 kB
KernelStack:       48016 kB
ShadowCallStack:   12028 kB
PageTables:        69080 kB
NFS_Unstable:          0 kB
Bounce:                0 kB
WritebackTmp:          0 kB
CommitLimit:     8679780 kB
Committed_AS:   64499696 kB
VmallocTotal:   263061440 kB
VmallocUsed:      129040 kB
VmallocChunk:          0 kB
Percpu:             6288 kB
CmaTotal:         405504 kB
CmaFree:           72448 kB
MemTotal:        7922396 kB
MemFree:          765856 kB
MemAvailable:    2322448 kB
Buffers:           19836 kB
Cached:          1581616 kB
SwapCached:         2212 kB
Active:          1615480 kB
Inactive:        1690072 kB
Active(anon):     422864 kB
Inactive(anon):  1317708 kB
Active(file):    1192616 kB
Inactive(file):   372364 kB
Unevictable:        6044 kB
Mlocked:            5604 kB
SwapTotal:       4718584 kB
SwapFree:        4331512 kB
Dirty:             45068 kB
Writeback:             0 kB
AnonPages:       1707968 kB
Mapped:           684832 kB
Shmem:             31924 kB
KReclaimable:     381884 kB
Slab:             308132 kB
SReclaimable:      76672 kB
SUnreclaim:       231460 kB
KernelStack:       48016 kB
ShadowCallStack:   12028 kB
PageTables:        69012 kB
NFS_Unstable:          0 kB
Bounce:                0 kB
WritebackTmp:          0 kB
CommitLimit:     8679780 kB
Committed_AS:   64499696 kB
VmallocTotal:   263061440 kB
VmallocUsed:      129040 kB
VmallocChunk:          0 kB
Percpu:             6288 kB
CmaTotal:         405504 kB
CmaFree:           72448 kB
MemTotal:        7922396 kB
MemFree:          766128 kB
MemAvailable:    2322720 kB
Buffers:           19836 kB
Cached:          1581616 kB
SwapCached:         2212 kB
Active:          1615480 kB
Inactive:        1690456 kB
Active(anon):     422864 kB
Inactive(anon):  1318092 kB
Active(file):    1192616 kB
Inactive(file):   372364 kB
Unevictable:        6044 kB
Mlocked:            5604 kB
SwapTotal:       4718584 kB
SwapFree:        4331512 kB
Dirty:             45068 kB
Writeback:             0 kB
AnonPages:       1708288 kB
Mapped:           684944 kB
Shmem:             31924 kB
KReclaimable:     381884 kB
Slab:             308224 kB
SReclaimable:      76672 kB
SUnreclaim:       231552 kB
KernelStack:       48032 kB
ShadowCallStack:   12032 kB
PageTables:        68884 kB
NFS_Unstable:          0 kB
Bounce:                0 kB
WritebackTmp:          0 kB
CommitLimit:     8679780 kB
Committed_AS:   64499696 kB
VmallocTotal:   263061440 kB
VmallocUsed:      129036 kB
VmallocChunk:          0 kB
Percpu:             6288 kB
CmaTotal:         405504 kB
CmaFree:           72448 kB
MemTotal:        7922396 kB
MemFree:          764804 kB
MemAvailable:    2321620 kB
Buffers:           19836 kB
Cached:          1581840 kB
SwapCached:         2212 kB
Active:          1615488 kB
Inactive:        1691332 kB
Active(anon):     422872 kB
Inactive(anon):  1318744 kB
Active(file):    1192616 kB
Inactive(file):   372588 kB
Unevictable:        6044 kB
Mlocked:            5604 kB
SwapTotal:       4718584 kB
SwapFree:        4331512 kB
Dirty:             45068 kB
Writeback:             0 kB
AnonPages:       1708940 kB
Mapped:           685024 kB
Shmem:             31924 kB
KReclaimable:     381884 kB
Slab:             308224 kB
SReclaimable:      76672 kB
SUnreclaim:       231552 kB
KernelStack:       48000 kB
ShadowCallStack:   12016 kB
PageTables:        68892 kB
NFS_Unstable:          0 kB
Bounce:                0 kB
WritebackTmp:          0 kB
CommitLimit:     8679780 kB
Committed_AS:   64499644 kB
VmallocTotal:   263061440 kB
VmallocUsed:      129020 kB
VmallocChunk:          0 kB
Percpu:             6288 kB
CmaTotal:         405504 kB
CmaFree:           72448 kB
MemTotal:        7922396 kB
MemFree:          727400 kB
MemAvailable:    2155096 kB
Buffers:           19836 kB
Cached:          1581852 kB
SwapCached:         2212 kB
Active:          1615484 kB
Inactive:        1729332 kB
Active(anon):     422868 kB
Inactive(anon):  1356744 kB
Active(file):    1192616 kB
Inactive(file):   372588 kB
Unevictable:        6044 kB
Mlocked:            5604 kB
SwapTotal:       4718584 kB
SwapFree:        4331512 kB
Dirty:             45068 kB
Writeback:             0 kB
AnonPages:       1746968 kB
Mapped:           685072 kB
Shmem:             31936 kB
KReclaimable:     252764 kB
Slab:             308212 kB
SReclaimable:      76672 kB
SUnreclaim:       231540 kB
KernelStack:       48064 kB
ShadowCallStack:   12032 kB
PageTables:        69088 kB
NFS_Unstable:          0 kB
Bounce:                0 kB
WritebackTmp:          0 kB
CommitLimit:     8679780 kB
Committed_AS:   64499980 kB
VmallocTotal:   263061440 kB
VmallocUsed:      129092 kB
VmallocChunk:          0 kB
Percpu:             6288 kB
CmaTotal:         405504 kB
CmaFree:           72448 kB
MemTotal:        7922396 kB
MemFree:          676656 kB
MemAvailable:    2101176 kB
Buffers:           19836 kB
Cached:          1581984 kB
SwapCached:         2212 kB
Active:          1615484 kB
Inactive:        1779984 kB
Active(anon):     422868 kB
Inactive(anon):  1407396 kB
Active(file):    1192616 kB
Inactive(file):   372588 kB
Unevictable:        6044 kB
Mlocked:            5604 kB
SwapTotal:       4718584 kB
SwapFree:        4331512 kB
Dirty:             45068 kB
Writeback:             0 kB
AnonPages:       1797544 kB
Mapped:           685388 kB
Shmem:             32068 kB
KReclaimable:     249588 kB
Slab:             308244 kB
SReclaimable:      76672 kB
SUnreclaim:       231572 kB
KernelStack:       48080 kB
ShadowCallStack:   12040 kB
PageTables:        69220 kB
NFS_Unstable:          0 kB
Bounce:                0 kB
WritebackTmp:          0 kB
CommitLimit:     8679780 kB
Committed_AS:   64500024 kB
VmallocTotal:   263061440 kB
VmallocUsed:      129080 kB
VmallocChunk:          0 kB
Percpu:             6288 kB
CmaTotal:         405504 kB
CmaFree:           34736 kB
MemTotal:        7922396 kB
MemFree:          764168 kB
MemAvailable:    2321008 kB
Buffers:           19852 kB
Cached:          1581848 kB
SwapCached:         2212 kB
Active:          1615508 kB
Inactive:        1692444 kB
Active(anon):     422864 kB
Inactive(anon):  1319860 kB
Active(file):    1192644 kB
Inactive(file):   372584 kB
Unevictable:        6044 kB
Mlocked:            5604 kB
SwapTotal:       4718584 kB
SwapFree:        4331512 kB
Dirty:              1972 kB
Writeback:             0 kB
AnonPages:       1710344 kB
Mapped:           685008 kB
Shmem:             31924 kB
KReclaimable:     381884 kB
Slab:             308276 kB
SReclaimable:      76672 kB
SUnreclaim:       231604 kB
KernelStack:       48000 kB
ShadowCallStack:   12024 kB
PageTables:        69092 kB
NFS_Unstable:          0 kB
Bounce:                0 kB
WritebackTmp:          0 kB
CommitLimit:     8679780 kB
Committed_AS:   64499644 kB
VmallocTotal:   263061440 kB
VmallocUsed:      129016 kB
VmallocChunk:          0 kB
Percpu:             6288 kB
CmaTotal:         405504 kB
CmaFree:           70236 kB
MemTotal:        7922396 kB
MemFree:          763496 kB
MemAvailable:    2320376 kB
Buffers:           19860 kB
Cached:          1581848 kB
SwapCached:         2212 kB
Active:          1615512 kB
Inactive:        1693052 kB
Active(anon):     422860 kB
Inactive(anon):  1320468 kB
Active(file):    1192652 kB
Inactive(file):   372584 kB
Unevictable:        6044 kB
Mlocked:            5604 kB
SwapTotal:       4718584 kB
SwapFree:        4331512 kB
Dirty:              1972 kB
Writeback:             0 kB
AnonPages:       1710888 kB
Mapped:           684888 kB
Shmem:             31924 kB
KReclaimable:     381916 kB
Slab:             308264 kB
SReclaimable:      76704 kB
SUnreclaim:       231560 kB
KernelStack:       47984 kB
ShadowCallStack:   12016 kB
PageTables:        68972 kB
NFS_Unstable:          0 kB
Bounce:                0 kB
WritebackTmp:          0 kB
CommitLimit:     8679780 kB
Committed_AS:   64499644 kB
VmallocTotal:   263061440 kB
VmallocUsed:      129016 kB
VmallocChunk:          0 kB
Percpu:             6288 kB
CmaTotal:         405504 kB
CmaFree:           70236 kB
MemTotal:        7922396 kB
MemFree:          764288 kB
MemAvailable:    2321188 kB
Buffers:           19860 kB
Cached:          1581852 kB
SwapCached:         2212 kB
Active:          1615512 kB
Inactive:        1693576 kB
Active(anon):     422860 kB
Inactive(anon):  1320988 kB
Active(file):    1192652 kB
Inactive(file):   372588 kB
Unevictable:        6044 kB
Mlocked:            5604 kB
SwapTotal:       4718584 kB
SwapFree:        4331512 kB
Dirty:              2044 kB
Writeback:             0 kB
AnonPages:       1711196 kB
Mapped:           684852 kB
Shmem:             31924 kB
KReclaimable:     381932 kB
Slab:             308296 kB
SReclaimable:      76720 kB
SUnreclaim:       231576 kB
KernelStack:       48000 kB
ShadowCallStack:   12024 kB
PageTables:        69100 kB
NFS_Unstable:          0 kB
Bounce:                0 kB
WritebackTmp:          0 kB
CommitLimit:     8679780 kB
Committed_AS:   64499648 kB
VmallocTotal:   263061440 kB
VmallocUsed:      129004 kB
VmallocChunk:          0 kB
Percpu:             6288 kB
CmaTotal:         405504 kB
CmaFree:           70236 kB
MemTotal:        7922396 kB
MemFree:          763060 kB
MemAvailable:    2319936 kB
Buffers:           19860 kB
Cached:          1581852 kB
SwapCached:         2212 kB
Active:          1615520 kB
Inactive:        1693640 kB
Active(anon):     422868 kB
Inactive(anon):  1321052 kB
Active(file):    1192652 kB
Inactive(file):   372588 kB
Unevictable:        6044 kB
Mlocked:            5604 kB
SwapTotal:       4718584 kB
SwapFree:        4331512 kB
Dirty:              2044 kB
Writeback:             0 kB
AnonPages:       1711412 kB
Mapped:           684904 kB
Shmem:             31924 kB
KReclaimable:     381908 kB
Slab:             308268 kB
SReclaimable:      76720 kB
SUnreclaim:       231548 kB
KernelStack:       47984 kB
ShadowCallStack:   12028 kB
PageTables:        68784 kB
NFS_Unstable:          0 kB
Bounce:                0 kB
WritebackTmp:          0 kB
CommitLimit:     8679780 kB
Committed_AS:   64499648 kB
VmallocTotal:   263061440 kB
VmallocUsed:      129000 kB
VmallocChunk:          0 kB
Percpu:             6288 kB
CmaTotal:         405504 kB
CmaFree:           70236 kB
MemTotal:        7922396 kB
MemFree:          762980 kB
MemAvailable:    2319888 kB
Buffers:           19880 kB
Cached:          1581864 kB
SwapCached:         2212 kB
Active:          1615536 kB
Inactive:        1694764 kB
Active(anon):     422868 kB
Inactive(anon):  1322160 kB
Active(file):    1192668 kB
Inactive(file):   372604 kB
Unevictable:        6044 kB
Mlocked:            5604 kB
SwapTotal:       4718584 kB
SwapFree:        4331512 kB
Dirty:              2068 kB
Writeback:             4 kB
AnonPages:       1712532 kB
Mapped:           684888 kB
Shmem:             31924 kB
KReclaimable:     381908 kB
Slab:             308276 kB
SReclaimable:      76720 kB
SUnreclaim:       231556 kB
KernelStack:       48016 kB
ShadowCallStack:   12024 kB
PageTables:        68684 kB
NFS_Unstable:          0 kB
Bounce:                0 kB
WritebackTmp:          0 kB
CommitLimit:     8679780 kB
Committed_AS:   64499652 kB
VmallocTotal:   263061440 kB
VmallocUsed:      129000 kB
VmallocChunk:          0 kB
Percpu:             6288 kB
CmaTotal:         405504 kB
CmaFree:           70236 kB
MemTotal:        7922396 kB
MemFree:          759816 kB
MemAvailable:    2316704 kB
Buffers:           19880 kB
Cached:          1581852 kB
SwapCached:         2212 kB
Active:          1615536 kB
Inactive:        1696448 kB
Active(anon):     422872 kB
Inactive(anon):  1323852 kB
Active(file):    1192664 kB
Inactive(file):   372596 kB
Unevictable:        6044 kB
Mlocked:            5604 kB
SwapTotal:       4718584 kB
SwapFree:        4331512 kB
Dirty:                96 kB
Writeback:             0 kB
AnonPages:       1714060 kB
Mapped:           685020 kB
Shmem:             31924 kB
KReclaimable:     381900 kB
Slab:             308304 kB
SReclaimable:      76720 kB
SUnreclaim:       231584 kB
KernelStack:       48016 kB
ShadowCallStack:   12024 kB
PageTables:        68968 kB
NFS_Unstable:          0 kB
Bounce:                0 kB
WritebackTmp:          0 kB
CommitLimit:     8679780 kB
Committed_AS:   64499644 kB
VmallocTotal:   263061440 kB
VmallocUsed:      129020 kB
VmallocChunk:          0 kB
Percpu:             6288 kB
CmaTotal:         405504 kB
CmaFree:           70236 kB
MemTotal:        7922396 kB
MemFree:          760088 kB
MemAvailable:    2316976 kB
Buffers:           19880 kB
Cached:          1581852 kB
SwapCached:         2212 kB
Active:          1615532 kB
Inactive:        1696504 kB
Active(anon):     422868 kB
Inactive(anon):  1323908 kB
Active(file):    1192664 kB
Inactive(file):   372596 kB
Unevictable:        6044 kB
Mlocked:            5604 kB
SwapTotal:       4718584 kB
SwapFree:        4331512 kB
Dirty:               108 kB
Writeback:             0 kB
AnonPages:       1714248 kB
Mapped:           684916 kB
Shmem:             31924 kB
KReclaimable:     381900 kB
Slab:             308284 kB
SReclaimable:      76720 kB
SUnreclaim:       231564 kB
KernelStack:       48016 kB
ShadowCallStack:   12024 kB
PageTables:        68948 kB
NFS_Unstable:          0 kB
Bounce:                0 kB
WritebackTmp:          0 kB
CommitLimit:     8679780 kB
Committed_AS:   64499644 kB
VmallocTotal:   263061440 kB
VmallocUsed:      129028 kB
VmallocChunk:          0 kB
Percpu:             6288 kB
CmaTotal:         405504 kB
CmaFree:           70236 kB
MemTotal:        7922396 kB
MemFree:          759284 kB
MemAvailable:    2316172 kB
Buffers:           19880 kB
Cached:          1581852 kB
SwapCached:         2212 kB
Active:          1615532 kB
Inactive:        1696932 kB
Active(anon):     422868 kB
Inactive(anon):  1324336 kB
Active(file):    1192664 kB
Inactive(file):   372596 kB
Unevictable:        6044 kB
Mlocked:            5604 kB
SwapTotal:       4718584 kB
SwapFree:        4331512 kB
Dirty:                60 kB
Writeback:             0 kB
AnonPages:       1714620 kB
Mapped:           684916 kB
Shmem:             31924 kB
KReclaimable:     381900 kB
Slab:             308292 kB
SReclaimable:      76720 kB
SUnreclaim:       231572 kB
KernelStack:       48000 kB
ShadowCallStack:   12024 kB
PageTables:        68984 kB
NFS_Unstable:          0 kB
Bounce:                0 kB
WritebackTmp:          0 kB
CommitLimit:     8679780 kB
Committed_AS:   64499644 kB
VmallocTotal:   263061440 kB
VmallocUsed:      129004 kB
VmallocChunk:          0 kB
Percpu:             6288 kB
CmaTotal:         405504 kB
CmaFree:           70236 kB
MemTotal:        7922396 kB
MemFree:          760920 kB
MemAvailable:    2317808 kB
Buffers:           19880 kB
Cached:          1581852 kB
SwapCached:         2212 kB
Active:          1615528 kB
Inactive:        1696760 kB
Active(anon):     422864 kB
Inactive(anon):  1324164 kB
Active(file):    1192664 kB
Inactive(file):   372596 kB
Unevictable:        6044 kB
Mlocked:            5604 kB
SwapTotal:       4718584 kB
SwapFree:        4331512 kB
Dirty:                60 kB
Writeback:             0 kB
AnonPages:       1714412 kB
Mapped:           684920 kB
Shmem:             31924 kB
KReclaimable:     381900 kB
Slab:             308284 kB
SReclaimable:      76720 kB
SUnreclaim:       231564 kB
KernelStack:       48016 kB
ShadowCallStack:   12024 kB
PageTables:        68968 kB
NFS_Unstable:          0 kB
Bounce:                0 kB
WritebackTmp:          0 kB
CommitLimit:     8679780 kB
Committed_AS:   64499644 kB
VmallocTotal:   263061440 kB
VmallocUsed:      128972 kB
VmallocChunk:          0 kB
Percpu:             6288 kB
CmaTotal:         405504 kB
CmaFree:           70236 kB
MemTotal:        7922396 kB
MemFree:          760164 kB
MemAvailable:    2317052 kB
Buffers:           19880 kB
Cached:          1581852 kB
SwapCached:         2212 kB
Active:          1615532 kB
Inactive:        1696708 kB
Active(anon):     422868 kB
Inactive(anon):  1324112 kB
Active(file):    1192664 kB
Inactive(file):   372596 kB
Unevictable:        6044 kB
Mlocked:            5604 kB
SwapTotal:       4718584 kB
SwapFree:        4331512 kB
Dirty:                60 kB
Writeback:             0 kB
AnonPages:       1714348 kB
Mapped:           684916 kB
Shmem:             31924 kB
KReclaimable:     381900 kB
Slab:             308292 kB
SReclaimable:      76720 kB
SUnreclaim:       231572 kB
KernelStack:       47968 kB
ShadowCallStack:   12020 kB
PageTables:        69028 kB
NFS_Unstable:          0 kB
Bounce:                0 kB
WritebackTmp:          0 kB
CommitLimit:     8679780 kB
Committed_AS:   64499644 kB
VmallocTotal:   263061440 kB
VmallocUsed:      128984 kB
VmallocChunk:          0 kB
Percpu:             6288 kB
CmaTotal:         405504 kB
CmaFree:           70236 kB
MemTotal:        7922396 kB
MemFree:          759424 kB
MemAvailable:    2316324 kB
Buffers:           19888 kB
Cached:          1581852 kB
SwapCached:         2212 kB
Active:          1615540 kB
Inactive:        1696992 kB
Active(anon):     422868 kB
Inactive(anon):  1324396 kB
Active(file):    1192672 kB
Inactive(file):   372596 kB
Unevictable:        6044 kB
Mlocked:            5604 kB
SwapTotal:       4718584 kB
SwapFree:        4331512 kB
Dirty:               112 kB
Writeback:             0 kB
AnonPages:       1714652 kB
Mapped:           684960 kB
Shmem:             31924 kB
KReclaimable:     381904 kB
Slab:             308280 kB
SReclaimable:      76724 kB
SUnreclaim:       231556 kB
KernelStack:       47984 kB
ShadowCallStack:   12032 kB
PageTables:        69052 kB
NFS_Unstable:          0 kB
Bounce:                0 kB
WritebackTmp:          0 kB
CommitLimit:     8679780 kB
Committed_AS:   64499644 kB
VmallocTotal:   263061440 kB
VmallocUsed:      129000 kB
VmallocChunk:          0 kB
Percpu:             6288 kB
CmaTotal:         405504 kB
CmaFree:           70236 kB
MemTotal:        7922396 kB
MemFree:          750144 kB
MemAvailable:    2306764 kB
Buffers:           19888 kB
Cached:          1581852 kB
SwapCached:         2212 kB
Active:          1615540 kB
Inactive:        1703992 kB
Active(anon):     422868 kB
Inactive(anon):  1331396 kB
Active(file):    1192672 kB
Inactive(file):   372596 kB
Unevictable:        6044 kB
Mlocked:            5604 kB
SwapTotal:       4718584 kB
SwapFree:        4331512 kB
Dirty:               112 kB
Writeback:             0 kB
AnonPages:       1721736 kB
Mapped:           684916 kB
Shmem:             31924 kB
KReclaimable:     381624 kB
Slab:             308292 kB
SReclaimable:      76724 kB
SUnreclaim:       231568 kB
KernelStack:       48000 kB
ShadowCallStack:   12024 kB
PageTables:        68992 kB
NFS_Unstable:          0 kB
Bounce:                0 kB
WritebackTmp:          0 kB
CommitLimit:     8679780 kB
Committed_AS:   64510076 kB
VmallocTotal:   263061440 kB
VmallocUsed:      129016 kB
VmallocChunk:          0 kB
Percpu:             6288 kB
CmaTotal:         405504 kB
CmaFree:           13628 kB
MemTotal:        7922396 kB
MemFree:          750912 kB
MemAvailable:    2307532 kB
Buffers:           19888 kB
Cached:          1581852 kB
SwapCached:         2212 kB
Active:          1615540 kB
Inactive:        1704628 kB
Active(anon):     422868 kB
Inactive(anon):  1332032 kB
Active(file):    1192672 kB
Inactive(file):   372596 kB
Unevictable:        6044 kB
Mlocked:            5604 kB
SwapTotal:       4718584 kB
SwapFree:        4331512 kB
Dirty:               112 kB
Writeback:             0 kB
AnonPages:       1722224 kB
Mapped:           684916 kB
Shmem:             31924 kB
KReclaimable:     381624 kB
Slab:             308288 kB
SReclaimable:      76724 kB
SUnreclaim:       231564 kB
KernelStack:       48032 kB
ShadowCallStack:   12016 kB
PageTables:        68972 kB
NFS_Unstable:          0 kB
Bounce:                0 kB
WritebackTmp:          0 kB
CommitLimit:     8679780 kB
Committed_AS:   64510080 kB
VmallocTotal:   263061440 kB
VmallocUsed:      129016 kB
VmallocChunk:          0 kB
Percpu:             6288 kB
CmaTotal:         405504 kB
CmaFree:           12400 kB
MemTotal:        7922396 kB
MemFree:          749900 kB
MemAvailable:    2306520 kB
Buffers:           19888 kB
Cached:          1581852 kB
SwapCached:         2212 kB
Active:          1615536 kB
Inactive:        1704596 kB
Active(anon):     422864 kB
Inactive(anon):  1332000 kB
Active(file):    1192672 kB
Inactive(file):   372596 kB
Unevictable:        6044 kB
Mlocked:            5604 kB
SwapTotal:       4718584 kB
SwapFree:        4331512 kB
Dirty:               112 kB
Writeback:             0 kB
AnonPages:       1722120 kB
Mapped:           685080 kB
Shmem:             31924 kB
KReclaimable:     381624 kB
Slab:             308292 kB
SReclaimable:      76724 kB
SUnreclaim:       231568 kB
KernelStack:       48016 kB
ShadowCallStack:   12012 kB
PageTables:        69272 kB
NFS_Unstable:          0 kB
Bounce:                0 kB
WritebackTmp:          0 kB
CommitLimit:     8679780 kB
Committed_AS:   64510076 kB
VmallocTotal:   263061440 kB
VmallocUsed:      129020 kB
VmallocChunk:          0 kB
Percpu:             6288 kB
CmaTotal:         405504 kB
CmaFree:           12400 kB
MemTotal:        7922396 kB
MemFree:          750428 kB
MemAvailable:    2307048 kB
Buffers:           19888 kB
Cached:          1581852 kB
SwapCached:         2212 kB
Active:          1615536 kB
Inactive:        1704760 kB
Active(anon):     422864 kB
Inactive(anon):  1332164 kB
Active(file):    1192672 kB
Inactive(file):   372596 kB
Unevictable:        6044 kB
Mlocked:            5604 kB
SwapTotal:       4718584 kB
SwapFree:        4331512 kB
Dirty:               112 kB
Writeback:             0 kB
AnonPages:       1722380 kB
Mapped:           685024 kB
Shmem:             31924 kB
KReclaimable:     381624 kB
Slab:             308292 kB
SReclaimable:      76724 kB
SUnreclaim:       231568 kB
KernelStack:       47984 kB
ShadowCallStack:   12020 kB
PageTables:        69080 kB
NFS_Unstable:          0 kB
Bounce:                0 kB
WritebackTmp:          0 kB
CommitLimit:     8679780 kB
Committed_AS:   64510076 kB
VmallocTotal:   263061440 kB
VmallocUsed:      129020 kB
VmallocChunk:          0 kB
Percpu:             6288 kB
CmaTotal:         405504 kB
CmaFree:           12400 kB
MemTotal:        7922396 kB
MemFree:          749108 kB
MemAvailable:    2305744 kB
Buffers:           19904 kB
Cached:          1581872 kB
SwapCached:         2212 kB
Active:          1615556 kB
Inactive:        1706260 kB
Active(anon):     422868 kB
Inactive(anon):  1333664 kB
Active(file):    1192688 kB
Inactive(file):   372596 kB
Unevictable:        6044 kB
Mlocked:            5604 kB
SwapTotal:       4718584 kB
SwapFree:        4331512 kB
Dirty:               144 kB
Writeback:             0 kB
AnonPages:       1724036 kB
Mapped:           684908 kB
Shmem:             31944 kB
KReclaimable:     381624 kB
Slab:             308312 kB
SReclaimable:      76724 kB
SUnreclaim:       231588 kB
KernelStack:       48016 kB
ShadowCallStack:   12024 kB
PageTables:        68960 kB
NFS_Unstable:          0 kB
Bounce:                0 kB
WritebackTmp:          0 kB
CommitLimit:     8679780 kB
Committed_AS:   64510096 kB
VmallocTotal:   263061440 kB
VmallocUsed:      129000 kB
VmallocChunk:          0 kB
Percpu:             6288 kB
CmaTotal:         405504 kB
CmaFree:           12400 kB
MemTotal:        7922396 kB
MemFree:          741000 kB
MemAvailable:    2305464 kB
Buffers:           19912 kB
Cached:          1581832 kB
SwapCached:         2212 kB
Active:          1615556 kB
Inactive:        1707044 kB
Active(anon):     422868 kB
Inactive(anon):  1334448 kB
Active(file):    1192688 kB
Inactive(file):   372596 kB
Unevictable:        6044 kB
Mlocked:            5604 kB
SwapTotal:       4718584 kB
SwapFree:        4331512 kB
Dirty:               148 kB
Writeback:             0 kB
AnonPages:       1724672 kB
Mapped:           682480 kB
Shmem:             31912 kB
KReclaimable:     389452 kB
Slab:             308248 kB
SReclaimable:      76724 kB
SUnreclaim:       231524 kB
KernelStack:       47984 kB
ShadowCallStack:   12020 kB
PageTables:        68816 kB
NFS_Unstable:          0 kB
Bounce:                0 kB
WritebackTmp:          0 kB
CommitLimit:     8679780 kB
Committed_AS:   64514160 kB
VmallocTotal:   263061440 kB
VmallocUsed:      129004 kB
VmallocChunk:          0 kB
Percpu:             6288 kB
CmaTotal:         405504 kB
CmaFree:           12240 kB
MemTotal:        7922396 kB
MemFree:          741776 kB
MemAvailable:    2306276 kB
Buffers:           19912 kB
Cached:          1581840 kB
SwapCached:         2212 kB
Active:          1615564 kB
Inactive:        1707256 kB
Active(anon):     422868 kB
Inactive(anon):  1334660 kB
Active(file):    1192696 kB
Inactive(file):   372596 kB
Unevictable:        6044 kB
Mlocked:            5604 kB
SwapTotal:       4718584 kB
SwapFree:        4331512 kB
Dirty:               204 kB
Writeback:             0 kB
AnonPages:       1725140 kB
Mapped:           682500 kB
Shmem:             31912 kB
KReclaimable:     389480 kB
Slab:             308256 kB
SReclaimable:      76724 kB
SUnreclaim:       231532 kB
KernelStack:       48016 kB
ShadowCallStack:   12028 kB
PageTables:        68996 kB
NFS_Unstable:          0 kB
Bounce:                0 kB
WritebackTmp:          0 kB
CommitLimit:     8679780 kB
Committed_AS:   64514160 kB
VmallocTotal:   263061440 kB
VmallocUsed:      129040 kB
VmallocChunk:          0 kB
Percpu:             6288 kB
CmaTotal:         405504 kB
CmaFree:           12208 kB
MemTotal:        7922396 kB
MemFree:          741012 kB
MemAvailable:    2305512 kB
Buffers:           19912 kB
Cached:          1581840 kB
SwapCached:         2212 kB
Active:          1615560 kB
Inactive:        1707888 kB
Active(anon):     422864 kB
Inactive(anon):  1335292 kB
Active(file):    1192696 kB
Inactive(file):   372596 kB
Unevictable:        6044 kB
Mlocked:            5604 kB
SwapTotal:       4718584 kB
SwapFree:        4331512 kB
Dirty:               204 kB
Writeback:             0 kB
AnonPages:       1725372 kB
Mapped:           682516 kB
Shmem:             31912 kB
KReclaimable:     389480 kB
Slab:             308248 kB
SReclaimable:      76724 kB
SUnreclaim:       231524 kB
KernelStack:       47984 kB
ShadowCallStack:   12020 kB
PageTables:        68944 kB
NFS_Unstable:          0 kB
Bounce:                0 kB
WritebackTmp:          0 kB
CommitLimit:     8679780 kB
Committed_AS:   64514160 kB
VmallocTotal:   263061440 kB
VmallocUsed:      129020 kB
VmallocChunk:          0 kB
Percpu:             6288 kB
CmaTotal:         405504 kB
CmaFree:           12228 kB
MemTotal:        7922396 kB
MemFree:          740936 kB
MemAvailable:    2305440 kB
Buffers:           19912 kB
Cached:          1581844 kB
SwapCached:         2212 kB
Active:          1615564 kB
Inactive:        1707524 kB
Active(anon):     422868 kB
Inactive(anon):  1334924 kB
Active(file):    1192696 kB
Inactive(file):   372600 kB
Unevictable:        6044 kB
Mlocked:            5604 kB
SwapTotal:       4718584 kB
SwapFree:        4331512 kB
Dirty:               208 kB
Writeback:             0 kB
AnonPages:       1725276 kB
Mapped:           682660 kB
Shmem:             31912 kB
KReclaimable:     389480 kB
Slab:             308232 kB
SReclaimable:      76724 kB
SUnreclaim:       231508 kB
KernelStack:       48016 kB
ShadowCallStack:   12028 kB
PageTables:        69000 kB
NFS_Unstable:          0 kB
Bounce:                0 kB
WritebackTmp:          0 kB
CommitLimit:     8679780 kB
Committed_AS:   64514160 kB
VmallocTotal:   263061440 kB
VmallocUsed:      129020 kB
VmallocChunk:          0 kB
Percpu:             6288 kB
CmaTotal:         405504 kB
CmaFree:           12228 kB
MemTotal:        7922396 kB
MemFree:          656292 kB
MemAvailable:    2087764 kB
Buffers:           19912 kB
Cached:          1581980 kB
SwapCached:         2212 kB
Active:          1615564 kB
Inactive:        1795884 kB
Active(anon):     422868 kB
Inactive(anon):  1423284 kB
Active(file):    1192696 kB
Inactive(file):   372600 kB
Unevictable:        6044 kB
Mlocked:            5604 kB
SwapTotal:       4718584 kB
SwapFree:        4331512 kB
Dirty:               208 kB
Writeback:             0 kB
AnonPages:       1813492 kB
Mapped:           683140 kB
Shmem:             32048 kB
KReclaimable:     256448 kB
Slab:             308252 kB
SReclaimable:      76724 kB
SUnreclaim:       231528 kB
KernelStack:       48080 kB
ShadowCallStack:   12044 kB
PageTables:        69112 kB
NFS_Unstable:          0 kB
Bounce:                0 kB
WritebackTmp:          0 kB
CommitLimit:     8679780 kB
Committed_AS:   64514500 kB
VmallocTotal:   263061440 kB
VmallocUsed:      129120 kB
VmallocChunk:          0 kB
Percpu:             6288 kB
CmaTotal:         405504 kB
CmaFree:               0 kB
MemTotal:        7922396 kB
MemFree:          741124 kB
MemAvailable:    2305616 kB
Buffers:           19920 kB
Cached:          1581844 kB
SwapCached:         2212 kB
Active:          1615572 kB
Inactive:        1708040 kB
Active(anon):     422868 kB
Inactive(anon):  1335440 kB
Active(file):    1192704 kB
Inactive(file):   372600 kB
Unevictable:        6044 kB
Mlocked:            5604 kB
SwapTotal:       4718584 kB
SwapFree:        4331512 kB
Dirty:               244 kB
Writeback:             0 kB
AnonPages:       1725768 kB
Mapped:           682516 kB
Shmem:             31912 kB
KReclaimable:     389460 kB
Slab:             308256 kB
SReclaimable:      76724 kB
SUnreclaim:       231532 kB
KernelStack:       47984 kB
ShadowCallStack:   12016 kB
PageTables:        68828 kB
NFS_Unstable:          0 kB
Bounce:                0 kB
WritebackTmp:          0 kB
CommitLimit:     8679780 kB
Committed_AS:   64514116 kB
VmallocTotal:   263061440 kB
VmallocUsed:      129016 kB
VmallocChunk:          0 kB
Percpu:             6288 kB
CmaTotal:         405504 kB
CmaFree:           12252 kB
MemTotal:        7922396 kB
MemFree:          741712 kB
MemAvailable:    2306224 kB
Buffers:           19920 kB
Cached:          1581844 kB
SwapCached:         2212 kB
Active:          1615572 kB
Inactive:        1708504 kB
Active(anon):     422868 kB
Inactive(anon):  1335904 kB
Active(file):    1192704 kB
Inactive(file):   372600 kB
Unevictable:        6044 kB
Mlocked:            5604 kB
SwapTotal:       4718584 kB
SwapFree:        4331512 kB
Dirty:               192 kB
Writeback:             0 kB
AnonPages:       1726208 kB
Mapped:           682640 kB
Shmem:             31912 kB
KReclaimable:     389480 kB
Slab:             308180 kB
SReclaimable:      76724 kB
SUnreclaim:       231456 kB
KernelStack:       47984 kB
ShadowCallStack:   12028 kB
PageTables:        68932 kB
NFS_Unstable:          0 kB
Bounce:                0 kB
WritebackTmp:          0 kB
CommitLimit:     8679780 kB
Committed_AS:   64514116 kB
VmallocTotal:   263061440 kB
VmallocUsed:      129020 kB
VmallocChunk:          0 kB
Percpu:             6288 kB
CmaTotal:         405504 kB
CmaFree:           12252 kB
MemTotal:        7922396 kB
MemFree:          740892 kB
MemAvailable:    2305404 kB
Buffers:           19920 kB
Cached:          1581844 kB
SwapCached:         2212 kB
Active:          1615572 kB
Inactive:        1708560 kB
Active(anon):     422868 kB
Inactive(anon):  1335960 kB
Active(file):    1192704 kB
Inactive(file):   372600 kB
Unevictable:        6044 kB
Mlocked:            5604 kB
SwapTotal:       4718584 kB
SwapFree:        4331512 kB
Dirty:               192 kB
Writeback:             0 kB
AnonPages:       1726184 kB
Mapped:           682516 kB
Shmem:             31912 kB
KReclaimable:     389480 kB
Slab:             308192 kB
SReclaimable:      76724 kB
SUnreclaim:       231468 kB
KernelStack:       48016 kB
ShadowCallStack:   12020 kB
PageTables:        69144 kB
NFS_Unstable:          0 kB
Bounce:                0 kB
WritebackTmp:          0 kB
CommitLimit:     8679780 kB
Committed_AS:   64514116 kB
VmallocTotal:   263061440 kB
VmallocUsed:      128988 kB
VmallocChunk:          0 kB
Percpu:             6288 kB
CmaTotal:         405504 kB
CmaFree:           12252 kB
MemTotal:        7922396 kB
MemFree:          741048 kB
MemAvailable:    2305560 kB
Buffers:           19920 kB
Cached:          1581844 kB
SwapCached:         2212 kB
Active:          1615568 kB
Inactive:        1708656 kB
Active(anon):     422864 kB
Inactive(anon):  1336056 kB
Active(file):    1192704 kB
Inactive(file):   372600 kB
Unevictable:        6044 kB
Mlocked:            5604 kB
SwapTotal:       4718584 kB
SwapFree:        4331512 kB
Dirty:               192 kB
Writeback:             0 kB
AnonPages:       1726308 kB
Mapped:           682660 kB
Shmem:             31912 kB
KReclaimable:     389480 kB
Slab:             308192 kB
SReclaimable:      76724 kB
SUnreclaim:       231468 kB
KernelStack:       47968 kB
ShadowCallStack:   12024 kB
PageTables:        69108 kB
NFS_Unstable:          0 kB
Bounce:                0 kB
WritebackTmp:          0 kB
CommitLimit:     8679780 kB
Committed_AS:   64514116 kB
VmallocTotal:   263061440 kB
VmallocUsed:      129004 kB
VmallocChunk:          0 kB
Percpu:             6288 kB
CmaTotal:         405504 kB
CmaFree:           12252 kB
MemTotal:        7922396 kB
MemFree:          739380 kB
MemAvailable:    2303908 kB
Buffers:           19936 kB
Cached:          1581844 kB
SwapCached:         2212 kB
Active:          1615588 kB
Inactive:        1709608 kB
Active(anon):     422868 kB
Inactive(anon):  1337008 kB
Active(file):    1192720 kB
Inactive(file):   372600 kB
Unevictable:        6044 kB
Mlocked:            5604 kB
SwapTotal:       4718584 kB
SwapFree:        4331512 kB
Dirty:               200 kB
Writeback:             0 kB
AnonPages:       1727320 kB
Mapped:           682516 kB
Shmem:             31912 kB
KReclaimable:     389480 kB
Slab:             308184 kB
SReclaimable:      76724 kB
SUnreclaim:       231460 kB
KernelStack:       48016 kB
ShadowCallStack:   12028 kB
PageTables:        68976 kB
NFS_Unstable:          0 kB
Bounce:                0 kB
WritebackTmp:          0 kB
CommitLimit:     8679780 kB
Committed_AS:   64514116 kB
VmallocTotal:   263061440 kB
VmallocUsed:      129036 kB
VmallocChunk:          0 kB
Percpu:             6288 kB
CmaTotal:         405504 kB
CmaFree:           12252 kB
MemTotal:        7922396 kB
MemFree:          738560 kB
MemAvailable:    2303088 kB
Buffers:           19936 kB
Cached:          1581844 kB
SwapCached:         2212 kB
Active:          1615588 kB
Inactive:        1710116 kB
Active(anon):     422868 kB
Inactive(anon):  1337516 kB
Active(file):    1192720 kB
Inactive(file):   372600 kB
Unevictable:        6044 kB
Mlocked:            5604 kB
SwapTotal:       4718584 kB
SwapFree:        4331512 kB
Dirty:               208 kB
Writeback:             0 kB
AnonPages:       1727740 kB
Mapped:           682584 kB
Shmem:             31912 kB
KReclaimable:     389480 kB
Slab:             308188 kB
SReclaimable:      76724 kB
SUnreclaim:       231464 kB
KernelStack:       47984 kB
ShadowCallStack:   12020 kB
PageTables:        69084 kB
NFS_Unstable:          0 kB
Bounce:                0 kB
WritebackTmp:          0 kB
CommitLimit:     8679780 kB
Committed_AS:   64514120 kB
VmallocTotal:   263061440 kB
VmallocUsed:      129032 kB
VmallocChunk:          0 kB
Percpu:             6288 kB
CmaTotal:         405504 kB
CmaFree:           12252 kB
MemTotal:        7922396 kB
MemFree:          737996 kB
MemAvailable:    2302524 kB
Buffers:           19936 kB
Cached:          1581844 kB
SwapCached:         2212 kB
Active:          1615588 kB
Inactive:        1710532 kB
Active(anon):     422868 kB
Inactive(anon):  1337932 kB
Active(file):    1192720 kB
Inactive(file):   372600 kB
Unevictable:        6044 kB
Mlocked:            5604 kB
SwapTotal:       4718584 kB
SwapFree:        4331512 kB
Dirty:               208 kB
Writeback:             0 kB
AnonPages:       1728160 kB
Mapped:           682516 kB
Shmem:             31912 kB
KReclaimable:     389480 kB
Slab:             308188 kB
SReclaimable:      76724 kB
SUnreclaim:       231464 kB
KernelStack:       47984 kB
ShadowCallStack:   12024 kB
PageTables:        68856 kB
NFS_Unstable:          0 kB
Bounce:                0 kB
WritebackTmp:          0 kB
CommitLimit:     8679780 kB
Committed_AS:   64514116 kB
VmallocTotal:   263061440 kB
VmallocUsed:      129024 kB
VmallocChunk:          0 kB
Percpu:             6288 kB
CmaTotal:         405504 kB
CmaFree:           12248 kB
MemTotal:        7922396 kB
MemFree:          738392 kB
MemAvailable:    2302920 kB
Buffers:           19936 kB
Cached:          1581844 kB
SwapCached:         2212 kB
Active:          1615588 kB
Inactive:        1710588 kB
Active(anon):     422868 kB
Inactive(anon):  1337988 kB
Active(file):    1192720 kB
Inactive(file):   372600 kB
Unevictable:        6044 kB
Mlocked:            5604 kB
SwapTotal:       4718584 kB
SwapFree:        4331512 kB
Dirty:               208 kB
Writeback:             0 kB
AnonPages:       1728280 kB
Mapped:           682516 kB
Shmem:             31912 kB
KReclaimable:     389480 kB
Slab:             308196 kB
SReclaimable:      76724 kB
SUnreclaim:       231472 kB
KernelStack:       48016 kB
ShadowCallStack:   12028 kB
PageTables:        68980 kB
NFS_Unstable:          0 kB
Bounce:                0 kB
WritebackTmp:          0 kB
CommitLimit:     8679780 kB
Committed_AS:   64514116 kB
VmallocTotal:   263061440 kB
VmallocUsed:      129040 kB
VmallocChunk:          0 kB
Percpu:             6288 kB
CmaTotal:         405504 kB
CmaFree:           12252 kB
MemTotal:        7922396 kB
MemFree:          739084 kB
MemAvailable:    2303612 kB
Buffers:           19936 kB
Cached:          1581844 kB
SwapCached:         2212 kB
Active:          1615588 kB
Inactive:        1710728 kB
Active(anon):     422868 kB
Inactive(anon):  1338128 kB
Active(file):    1192720 kB
Inactive(file):   372600 kB
Unevictable:        6044 kB
Mlocked:            5604 kB
SwapTotal:       4718584 kB
SwapFree:        4331512 kB
Dirty:               208 kB
Writeback:             0 kB
AnonPages:       1728564 kB
Mapped:           682516 kB
Shmem:             31912 kB
KReclaimable:     389480 kB
Slab:             308228 kB
SReclaimable:      76724 kB
SUnreclaim:       231504 kB
KernelStack:       48016 kB
ShadowCallStack:   12028 kB
PageTables:        68976 kB
NFS_Unstable:          0 kB
Bounce:                0 kB
WritebackTmp:          0 kB
CommitLimit:     8679780 kB
Committed_AS:   64514116 kB
VmallocTotal:   263061440 kB
VmallocUsed:      129024 kB
VmallocChunk:          0 kB
Percpu:             6288 kB
CmaTotal:         405504 kB
CmaFree:           12252 kB
MemTotal:        7922396 kB
MemFree:          738356 kB
MemAvailable:    2302884 kB
Buffers:           19936 kB
Cached:          1581844 kB
SwapCached:         2212 kB
Active:          1615584 kB
Inactive:        1710936 kB
Active(anon):     422864 kB
Inactive(anon):  1338336 kB
Active(file):    1192720 kB
Inactive(file):   372600 kB
Unevictable:        6044 kB
Mlocked:            5604 kB
SwapTotal:       4718584 kB
SwapFree:        4331512 kB
Dirty:               208 kB
Writeback:             0 kB
AnonPages:       1728564 kB
Mapped:           682516 kB
Shmem:             31912 kB
KReclaimable:     389480 kB
Slab:             308232 kB
SReclaimable:      76724 kB
SUnreclaim:       231508 kB
KernelStack:       48016 kB
ShadowCallStack:   12024 kB
PageTables:        69064 kB
NFS_Unstable:          0 kB
Bounce:                0 kB
WritebackTmp:          0 kB
CommitLimit:     8679780 kB
Committed_AS:   64514116 kB
VmallocTotal:   263061440 kB
VmallocUsed:      129020 kB
VmallocChunk:          0 kB
Percpu:             6288 kB
CmaTotal:         405504 kB
CmaFree:           12252 kB
MemTotal:        7922396 kB
MemFree:          738712 kB
MemAvailable:    2303256 kB
Buffers:           19952 kB
Cached:          1581844 kB
SwapCached:         2212 kB
Active:          1615604 kB
Inactive:        1710172 kB
Active(anon):     422868 kB
Inactive(anon):  1337572 kB
Active(file):    1192736 kB
Inactive(file):   372600 kB
Unevictable:        6044 kB
Mlocked:            5604 kB
SwapTotal:       4718584 kB
SwapFree:        4331512 kB
Dirty:               260 kB
Writeback:             0 kB
AnonPages:       1727828 kB
Mapped:           682516 kB
Shmem:             31912 kB
KReclaimable:     389480 kB
Slab:             308232 kB
SReclaimable:      76724 kB
SUnreclaim:       231508 kB
KernelStack:       48016 kB
ShadowCallStack:   12028 kB
PageTables:        68952 kB
NFS_Unstable:          0 kB
Bounce:                0 kB
WritebackTmp:          0 kB
CommitLimit:     8679780 kB
Committed_AS:   64514120 kB
VmallocTotal:   263061440 kB
VmallocUsed:      129036 kB
VmallocChunk:          0 kB
Percpu:             6288 kB
CmaTotal:         405504 kB
CmaFree:           12252 kB
MemTotal:        7922396 kB
MemFree:          741620 kB
MemAvailable:    2306164 kB
Buffers:           19952 kB
Cached:          1581844 kB
SwapCached:         2212 kB
Active:          1615600 kB
Inactive:        1707584 kB
Active(anon):     422864 kB
Inactive(anon):  1334984 kB
Active(file):    1192736 kB
Inactive(file):   372600 kB
Unevictable:        6044 kB
Mlocked:            5604 kB
SwapTotal:       4718584 kB
SwapFree:        4331512 kB
Dirty:               260 kB
Writeback:             0 kB
AnonPages:       1725432 kB
Mapped:           682516 kB
Shmem:             31912 kB
KReclaimable:     389480 kB
Slab:             308236 kB
SReclaimable:      76724 kB
SUnreclaim:       231512 kB
KernelStack:       48000 kB
ShadowCallStack:   12024 kB
PageTables:        69088 kB
NFS_Unstable:          0 kB
Bounce:                0 kB
WritebackTmp:          0 kB
CommitLimit:     8679780 kB
Committed_AS:   64514116 kB
VmallocTotal:   263061440 kB
VmallocUsed:      129040 kB
VmallocChunk:          0 kB
Percpu:             6288 kB
CmaTotal:         405504 kB
CmaFree:           12252 kB
MemTotal:        7922396 kB
MemFree:          741312 kB
MemAvailable:    2305856 kB
Buffers:           19952 kB
Cached:          1581844 kB
SwapCached:         2212 kB
Active:          1615604 kB
Inactive:        1706968 kB
Active(anon):     422868 kB
Inactive(anon):  1334368 kB
Active(file):    1192736 kB
Inactive(file):   372600 kB
Unevictable:        6044 kB
Mlocked:            5604 kB
SwapTotal:       4718584 kB
SwapFree:        4331512 kB
Dirty:               264 kB
Writeback:             0 kB
AnonPages:       1724588 kB
Mapped:           682692 kB
Shmem:             31912 kB
KReclaimable:     389480 kB
Slab:             308232 kB
SReclaimable:      76724 kB
SUnreclaim:       231508 kB
KernelStack:       48048 kB
ShadowCallStack:   12028 kB
PageTables:        68892 kB
NFS_Unstable:          0 kB
Bounce:                0 kB
WritebackTmp:          0 kB
CommitLimit:     8679780 kB
Committed_AS:   64514140 kB
VmallocTotal:   263061440 kB
VmallocUsed:      129036 kB
VmallocChunk:          0 kB
Percpu:             6288 kB
CmaTotal:         405504 kB
CmaFree:           12252 kB
MemTotal:        7922396 kB
MemFree:          742372 kB
MemAvailable:    2306916 kB
Buffers:           19952 kB
Cached:          1581844 kB
SwapCached:         2212 kB
Active:          1615604 kB
Inactive:        1707028 kB
Active(anon):     422868 kB
Inactive(anon):  1334428 kB
Active(file):    1192736 kB
Inactive(file):   372600 kB
Unevictable:        6044 kB
Mlocked:            5604 kB
SwapTotal:       4718584 kB
SwapFree:        4331512 kB
Dirty:               268 kB
Writeback:             0 kB
AnonPages:       1724712 kB
Mapped:           682516 kB
Shmem:             31912 kB
KReclaimable:     389480 kB
Slab:             308228 kB
SReclaimable:      76724 kB
SUnreclaim:       231504 kB
KernelStack:       47968 kB
ShadowCallStack:   12012 kB
PageTables:        69000 kB
NFS_Unstable:          0 kB
Bounce:                0 kB
WritebackTmp:          0 kB
CommitLimit:     8679780 kB
Committed_AS:   64514116 kB
VmallocTotal:   263061440 kB
VmallocUsed:      129056 kB
VmallocChunk:          0 kB
Percpu:             6288 kB
CmaTotal:         405504 kB
CmaFree:           12264 kB
MemTotal:        7922396 kB
MemFree:          741344 kB
MemAvailable:    2305892 kB
Buffers:           19952 kB
Cached:          1581848 kB
SwapCached:         2212 kB
Active:          1615596 kB
Inactive:        1706840 kB
Active(anon):     422860 kB
Inactive(anon):  1334236 kB
Active(file):    1192736 kB
Inactive(file):   372604 kB
Unevictable:        6044 kB
Mlocked:            5604 kB
SwapTotal:       4718584 kB
SwapFree:        4331512 kB
Dirty:               272 kB
Writeback:             0 kB
AnonPages:       1724840 kB
Mapped:           682516 kB
Shmem:             31912 kB
KReclaimable:     389480 kB
Slab:             308232 kB
SReclaimable:      76724 kB
SUnreclaim:       231508 kB
KernelStack:       47968 kB
ShadowCallStack:   12004 kB
PageTables:        68924 kB
NFS_Unstable:          0 kB
Bounce:                0 kB
WritebackTmp:          0 kB
CommitLimit:     8679780 kB
Committed_AS:   64513912 kB
VmallocTotal:   263061440 kB
VmallocUsed:      128972 kB
VmallocChunk:          0 kB
Percpu:             6288 kB
CmaTotal:         405504 kB
CmaFree:           12252 kB
MemTotal:        7922396 kB
MemFree:          767988 kB
MemAvailable:    2335984 kB
Buffers:           19976 kB
Cached:          1581848 kB
SwapCached:         2212 kB
Active:          1615604 kB
Inactive:        1681112 kB
Active(anon):     422844 kB
Inactive(anon):  1308508 kB
Active(file):    1192760 kB
Inactive(file):   372604 kB
Unevictable:        6044 kB
Mlocked:            5604 kB
SwapTotal:       4718584 kB
SwapFree:        4331512 kB
Dirty:               172 kB
Writeback:             0 kB
AnonPages:       1698728 kB
Mapped:           681868 kB
Shmem:             31912 kB
KReclaimable:     392904 kB
Slab:             308236 kB
SReclaimable:      76724 kB
SUnreclaim:       231512 kB
KernelStack:       47888 kB
ShadowCallStack:   11992 kB
PageTables:        69032 kB
NFS_Unstable:          0 kB
Bounce:                0 kB
WritebackTmp:          0 kB
CommitLimit:     8679780 kB
Committed_AS:   64484656 kB
VmallocTotal:   263061440 kB
VmallocUsed:      128852 kB
VmallocChunk:          0 kB
Percpu:             6288 kB
CmaTotal:         405504 kB
CmaFree:           12424 kB
MemTotal:        7922396 kB
MemFree:          767860 kB
MemAvailable:    2335856 kB
Buffers:           19976 kB
Cached:          1581848 kB
SwapCached:         2212 kB
Active:          1615608 kB
Inactive:        1681268 kB
Active(anon):     422848 kB
Inactive(anon):  1308664 kB
Active(file):    1192760 kB
Inactive(file):   372604 kB
Unevictable:        6044 kB
Mlocked:            5604 kB
SwapTotal:       4718584 kB
SwapFree:        4331512 kB
Dirty:               132 kB
Writeback:             0 kB
AnonPages:       1699088 kB
Mapped:           681788 kB
Shmem:             31912 kB
KReclaimable:     392904 kB
Slab:             308236 kB
SReclaimable:      76724 kB
SUnreclaim:       231512 kB
KernelStack:       47856 kB
ShadowCallStack:   11976 kB
PageTables:        68772 kB
NFS_Unstable:          0 kB
Bounce:                0 kB
WritebackTmp:          0 kB
CommitLimit:     8679780 kB
Committed_AS:   64484604 kB
VmallocTotal:   263061440 kB
VmallocUsed:      128840 kB
VmallocChunk:          0 kB
Percpu:             6288 kB
CmaTotal:         405504 kB
CmaFree:           12424 kB
MemTotal:        7922396 kB
MemFree:          767860 kB
MemAvailable:    2335856 kB
Buffers:           19976 kB
Cached:          1581848 kB
SwapCached:         2212 kB
Active:          1615604 kB
Inactive:        1681512 kB
Active(anon):     422844 kB
Inactive(anon):  1308908 kB
Active(file):    1192760 kB
Inactive(file):   372604 kB
Unevictable:        6044 kB
Mlocked:            5604 kB
SwapTotal:       4718584 kB
SwapFree:        4331512 kB
Dirty:               152 kB
Writeback:             0 kB
AnonPages:       1699148 kB
Mapped:           681936 kB
Shmem:             31912 kB
KReclaimable:     392904 kB
Slab:             308236 kB
SReclaimable:      76724 kB
SUnreclaim:       231512 kB
KernelStack:       47856 kB
ShadowCallStack:   11988 kB
PageTables:        69012 kB
NFS_Unstable:          0 kB
Bounce:                0 kB
WritebackTmp:          0 kB
CommitLimit:     8679780 kB
Committed_AS:   64484604 kB
VmallocTotal:   263061440 kB
VmallocUsed:      128832 kB
VmallocChunk:          0 kB
Percpu:             6288 kB
CmaTotal:         405504 kB
CmaFree:           12424 kB
MemTotal:        7922396 kB
MemFree:          767208 kB
MemAvailable:    2335204 kB
Buffers:           19976 kB
Cached:          1581848 kB
SwapCached:         2212 kB
Active:          1615608 kB
Inactive:        1681588 kB
Active(anon):     422848 kB
Inactive(anon):  1308984 kB
Active(file):    1192760 kB
Inactive(file):   372604 kB
Unevictable:        6044 kB
Mlocked:            5604 kB
SwapTotal:       4718584 kB
SwapFree:        4331512 kB
Dirty:               184 kB
Writeback:             0 kB
AnonPages:       1699200 kB
Mapped:           682012 kB
Shmem:             31912 kB
KReclaimable:     392904 kB
Slab:             308240 kB
SReclaimable:      76724 kB
SUnreclaim:       231516 kB
KernelStack:       47808 kB
ShadowCallStack:   11980 kB
PageTables:        68704 kB
NFS_Unstable:          0 kB
Bounce:                0 kB
WritebackTmp:          0 kB
CommitLimit:     8679780 kB
Committed_AS:   64484604 kB
VmallocTotal:   263061440 kB
VmallocUsed:      128816 kB
VmallocChunk:          0 kB
Percpu:             6288 kB
CmaTotal:         405504 kB
CmaFree:           12424 kB
MemTotal:        7922396 kB
MemFree:          766500 kB
MemAvailable:    2334496 kB
Buffers:           19976 kB
Cached:          1581848 kB
SwapCached:         2212 kB
Active:          1615596 kB
Inactive:        1681376 kB
Active(anon):     422836 kB
Inactive(anon):  1308772 kB
Active(file):    1192760 kB
Inactive(file):   372604 kB
Unevictable:        6044 kB
Mlocked:            5604 kB
SwapTotal:       4718584 kB
SwapFree:        4331512 kB
Dirty:               184 kB
Writeback:             0 kB
AnonPages:       1699108 kB
Mapped:           681904 kB
Shmem:             31912 kB
KReclaimable:     392904 kB
Slab:             308236 kB
SReclaimable:      76724 kB
SUnreclaim:       231512 kB
KernelStack:       47824 kB
ShadowCallStack:   11988 kB
PageTables:        69044 kB
NFS_Unstable:          0 kB
Bounce:                0 kB
WritebackTmp:          0 kB
CommitLimit:     8679780 kB
Committed_AS:   64484500 kB
VmallocTotal:   263061440 kB
VmallocUsed:      128800 kB
VmallocChunk:          0 kB
Percpu:             6288 kB
CmaTotal:         405504 kB
CmaFree:           12424 kB
MemTotal:        7922396 kB
MemFree:          720596 kB
MemAvailable:    2159384 kB
Buffers:           19984 kB
Cached:          1581904 kB
SwapCached:         2212 kB
Active:          1615604 kB
Inactive:        1727596 kB
Active(anon):     422836 kB
Inactive(anon):  1354992 kB
Active(file):    1192768 kB
Inactive(file):   372604 kB
Unevictable:        6044 kB
Mlocked:            5604 kB
SwapTotal:       4718584 kB
SwapFree:        4331512 kB
Dirty:               108 kB
Writeback:             0 kB
AnonPages:       1745184 kB
Mapped:           682308 kB
Shmem:             31968 kB
KReclaimable:     263688 kB
Slab:             308332 kB
SReclaimable:      76724 kB
SUnreclaim:       231608 kB
KernelStack:       47776 kB
ShadowCallStack:   11968 kB
PageTables:        68892 kB
NFS_Unstable:          0 kB
Bounce:                0 kB
WritebackTmp:          0 kB
CommitLimit:     8679780 kB
Committed_AS:   64484620 kB
VmallocTotal:   263061440 kB
VmallocUsed:      128784 kB
VmallocChunk:          0 kB
Percpu:             6288 kB
CmaTotal:         405504 kB
CmaFree:           12424 kB
MemTotal:        7922396 kB
MemFree:          681512 kB
MemAvailable:    2115132 kB
Buffers:           19984 kB
Cached:          1581992 kB
SwapCached:         2212 kB
Active:          1615604 kB
Inactive:        1768908 kB
Active(anon):     422836 kB
Inactive(anon):  1396304 kB
Active(file):    1192768 kB
Inactive(file):   372604 kB
Unevictable:        6044 kB
Mlocked:            5604 kB
SwapTotal:       4718584 kB
SwapFree:        4331512 kB
Dirty:               108 kB
Writeback:             0 kB
AnonPages:       1786492 kB
Mapped:           682540 kB
Shmem:             32056 kB
KReclaimable:     258520 kB
Slab:             308352 kB
SReclaimable:      76724 kB
SUnreclaim:       231628 kB
KernelStack:       47792 kB
ShadowCallStack:   11976 kB
PageTables:        69056 kB
NFS_Unstable:          0 kB
Bounce:                0 kB
WritebackTmp:          0 kB
CommitLimit:     8679780 kB
Committed_AS:   64484516 kB
VmallocTotal:   263061440 kB
VmallocUsed:      128776 kB
VmallocChunk:          0 kB
Percpu:             6288 kB
CmaTotal:         405504 kB
CmaFree:               0 kB
MemTotal:        7922396 kB
MemFree:          766792 kB
MemAvailable:    2334796 kB
Buffers:           19984 kB
Cached:          1581848 kB
SwapCached:         2212 kB
Active:          1615600 kB
Inactive:        1680908 kB
Active(anon):     422832 kB
Inactive(anon):  1308304 kB
Active(file):    1192768 kB
Inactive(file):   372604 kB
Unevictable:        6044 kB
Mlocked:            5604 kB
SwapTotal:       4718584 kB
SwapFree:        4331512 kB
Dirty:               108 kB
Writeback:             0 kB
AnonPages:       1698580 kB
Mapped:           681924 kB
Shmem:             31912 kB
KReclaimable:     392904 kB
Slab:             308364 kB
SReclaimable:      76724 kB
SUnreclaim:       231640 kB
KernelStack:       47696 kB
ShadowCallStack:   11948 kB
PageTables:        69056 kB
NFS_Unstable:          0 kB
Bounce:                0 kB
WritebackTmp:          0 kB
CommitLimit:     8679780 kB
Committed_AS:   64484136 kB
VmallocTotal:   263061440 kB
VmallocUsed:      128656 kB
VmallocChunk:          0 kB
Percpu:             6288 kB
CmaTotal:         405504 kB
CmaFree:           13888 kB
MemTotal:        7922396 kB
MemFree:          767536 kB
MemAvailable:    2335540 kB
Buffers:           19984 kB
Cached:          1581848 kB
SwapCached:         2212 kB
Active:          1615604 kB
Inactive:        1681004 kB
Active(anon):     422836 kB
Inactive(anon):  1308400 kB
Active(file):    1192768 kB
Inactive(file):   372604 kB
Unevictable:        6044 kB
Mlocked:            5604 kB
SwapTotal:       4718584 kB
SwapFree:        4331512 kB
Dirty:               112 kB
Writeback:             0 kB
AnonPages:       1698556 kB
Mapped:           682064 kB
Shmem:             31912 kB
KReclaimable:     392904 kB
Slab:             308368 kB
SReclaimable:      76724 kB
SUnreclaim:       231644 kB
KernelStack:       47712 kB
ShadowCallStack:   11948 kB
PageTables:        68816 kB
NFS_Unstable:          0 kB
Bounce:                0 kB
WritebackTmp:          0 kB
CommitLimit:     8679780 kB
Committed_AS:   64484136 kB
VmallocTotal:   263061440 kB
VmallocUsed:      128652 kB
VmallocChunk:          0 kB
Percpu:             6288 kB
CmaTotal:         405504 kB
CmaFree:           13884 kB
MemTotal:        7922396 kB
MemFree:          767136 kB
MemAvailable:    2335140 kB
Buffers:           19984 kB
Cached:          1581848 kB
SwapCached:         2212 kB
Active:          1615604 kB
Inactive:        1681216 kB
Active(anon):     422836 kB
Inactive(anon):  1308612 kB
Active(file):    1192768 kB
Inactive(file):   372604 kB
Unevictable:        6044 kB
Mlocked:            5604 kB
SwapTotal:       4718584 kB
SwapFree:        4331512 kB
Dirty:               112 kB
Writeback:             0 kB
AnonPages:       1699024 kB
Mapped:           681904 kB
Shmem:             31912 kB
KReclaimable:     392904 kB
Slab:             308368 kB
SReclaimable:      76724 kB
SUnreclaim:       231644 kB
KernelStack:       47664 kB
ShadowCallStack:   11948 kB
PageTables:        68588 kB
NFS_Unstable:          0 kB
Bounce:                0 kB
WritebackTmp:          0 kB
CommitLimit:     8679780 kB
Committed_AS:   64484136 kB
VmallocTotal:   263061440 kB
VmallocUsed:      128660 kB
VmallocChunk:          0 kB
Percpu:             6288 kB
CmaTotal:         405504 kB
CmaFree:           13888 kB
MemTotal:        7922396 kB
MemFree:          766348 kB
MemAvailable:    2334368 kB
Buffers:           20000 kB
Cached:          1581848 kB
SwapCached:         2212 kB
Active:          1615620 kB
Inactive:        1682208 kB
Active(anon):     422836 kB
Inactive(anon):  1309604 kB
Active(file):    1192784 kB
Inactive(file):   372604 kB
Unevictable:        6044 kB
Mlocked:            5604 kB
SwapTotal:       4718584 kB
SwapFree:        4331512 kB
Dirty:               192 kB
Writeback:             0 kB
AnonPages:       1699896 kB
Mapped:           681932 kB
Shmem:             31912 kB
KReclaimable:     392904 kB
Slab:             308376 kB
SReclaimable:      76724 kB
SUnreclaim:       231652 kB
KernelStack:       47696 kB
ShadowCallStack:   11948 kB
PageTables:        68788 kB
NFS_Unstable:          0 kB
Bounce:                0 kB
WritebackTmp:          0 kB
CommitLimit:     8679780 kB
Committed_AS:   64484140 kB
VmallocTotal:   263061440 kB
VmallocUsed:      128640 kB
VmallocChunk:          0 kB
Percpu:             6288 kB
CmaTotal:         405504 kB
CmaFree:           13888 kB
MemTotal:        7922396 kB
MemFree:          765464 kB
MemAvailable:    2333492 kB
Buffers:           20008 kB
Cached:          1581848 kB
SwapCached:         2212 kB
Active:          1615628 kB
Inactive:        1682424 kB
Active(anon):     422836 kB
Inactive(anon):  1309820 kB
Active(file):    1192792 kB
Inactive(file):   372604 kB
Unevictable:        6044 kB
Mlocked:            5604 kB
SwapTotal:       4718584 kB
SwapFree:        4331512 kB
Dirty:               244 kB
Writeback:             0 kB
AnonPages:       1700224 kB
Mapped:           681904 kB
Shmem:             31912 kB
KReclaimable:     392904 kB
Slab:             308368 kB
SReclaimable:      76724 kB
SUnreclaim:       231644 kB
KernelStack:       47712 kB
ShadowCallStack:   11952 kB
PageTables:        68912 kB
NFS_Unstable:          0 kB
Bounce:                0 kB
WritebackTmp:          0 kB
CommitLimit:     8679780 kB
Committed_AS:   64484136 kB
VmallocTotal:   263061440 kB
VmallocUsed:      128640 kB
VmallocChunk:          0 kB
Percpu:             6288 kB
CmaTotal:         405504 kB
CmaFree:           13888 kB
MemTotal:        7922396 kB
MemFree:          765244 kB
MemAvailable:    2333272 kB
Buffers:           20008 kB
Cached:          1581848 kB
SwapCached:         2212 kB
Active:          1615624 kB
Inactive:        1682808 kB
Active(anon):     422832 kB
Inactive(anon):  1310204 kB
Active(file):    1192792 kB
Inactive(file):   372604 kB
Unevictable:        6044 kB
Mlocked:            5604 kB
SwapTotal:       4718584 kB
SwapFree:        4331512 kB
Dirty:               244 kB
Writeback:             0 kB
AnonPages:       1700328 kB
Mapped:           682048 kB
Shmem:             31912 kB
KReclaimable:     392904 kB
Slab:             308368 kB
SReclaimable:      76724 kB
SUnreclaim:       231644 kB
KernelStack:       47712 kB
ShadowCallStack:   11948 kB
PageTables:        69028 kB
NFS_Unstable:          0 kB
Bounce:                0 kB
WritebackTmp:          0 kB
CommitLimit:     8679780 kB
Committed_AS:   64484136 kB
VmallocTotal:   263061440 kB
VmallocUsed:      128656 kB
VmallocChunk:          0 kB
Percpu:             6288 kB
CmaTotal:         405504 kB
CmaFree:           13888 kB
MemTotal:        7922396 kB
MemFree:          764908 kB
MemAvailable:    2332936 kB
Buffers:           20008 kB
Cached:          1581848 kB
SwapCached:         2212 kB
Active:          1615624 kB
Inactive:        1682660 kB
Active(anon):     422832 kB
Inactive(anon):  1310056 kB
Active(file):    1192792 kB
Inactive(file):   372604 kB
Unevictable:        6044 kB
Mlocked:            5604 kB
SwapTotal:       4718584 kB
SwapFree:        4331512 kB
Dirty:               244 kB
Writeback:             0 kB
AnonPages:       1700284 kB
Mapped:           681904 kB
Shmem:             31912 kB
KReclaimable:     392904 kB
Slab:             308372 kB
SReclaimable:      76724 kB
SUnreclaim:       231648 kB
KernelStack:       47680 kB
ShadowCallStack:   11944 kB
PageTables:        69060 kB
NFS_Unstable:          0 kB
Bounce:                0 kB
WritebackTmp:          0 kB
CommitLimit:     8679780 kB
Committed_AS:   64484136 kB
VmallocTotal:   263061440 kB
VmallocUsed:      128656 kB
VmallocChunk:          0 kB
Percpu:             6288 kB
CmaTotal:         405504 kB
CmaFree:           13888 kB
MemTotal:        7922396 kB
MemFree:          761328 kB
MemAvailable:    2329364 kB
Buffers:           20016 kB
Cached:          1581848 kB
SwapCached:         2212 kB
Active:          1615632 kB
Inactive:        1684656 kB
Active(anon):     422836 kB
Inactive(anon):  1312048 kB
Active(file):    1192796 kB
Inactive(file):   372608 kB
Unevictable:        6044 kB
Mlocked:            5604 kB
SwapTotal:       4718584 kB
SwapFree:        4331512 kB
Dirty:               280 kB
Writeback:             0 kB
AnonPages:       1702348 kB
Mapped:           682024 kB
Shmem:             31912 kB
KReclaimable:     392904 kB
Slab:             308308 kB
SReclaimable:      76724 kB
SUnreclaim:       231584 kB
KernelStack:       47712 kB
ShadowCallStack:   11952 kB
PageTables:        68936 kB
NFS_Unstable:          0 kB
Bounce:                0 kB
WritebackTmp:          0 kB
CommitLimit:     8679780 kB
Committed_AS:   64488232 kB
VmallocTotal:   263061440 kB
VmallocUsed:      128656 kB
VmallocChunk:          0 kB
Percpu:             6288 kB
CmaTotal:         405504 kB
CmaFree:           12060 kB
MemTotal:        7922396 kB
MemFree:          770268 kB
MemAvailable:    2338344 kB
Buffers:           20024 kB
Cached:          1581880 kB
SwapCached:         2212 kB
Active:          1615644 kB
Inactive:        1677264 kB
Active(anon):     422844 kB
Inactive(anon):  1304620 kB
Active(file):    1192800 kB
Inactive(file):   372644 kB
Unevictable:        6044 kB
Mlocked:            5604 kB
SwapTotal:       4718584 kB
SwapFree:        4331512 kB
Dirty:               336 kB
Writeback:             0 kB
AnonPages:       1694880 kB
Mapped:           682108 kB
Shmem:             31912 kB
KReclaimable:     392904 kB
Slab:             308316 kB
SReclaimable:      76724 kB
SUnreclaim:       231592 kB
KernelStack:       47680 kB
ShadowCallStack:   11948 kB
PageTables:        69040 kB
NFS_Unstable:          0 kB
Bounce:                0 kB
WritebackTmp:          0 kB
CommitLimit:     8679780 kB
Committed_AS:   64488232 kB
VmallocTotal:   263061440 kB
VmallocUsed:      128628 kB
VmallocChunk:          0 kB
Percpu:             6288 kB
CmaTotal:         405504 kB
CmaFree:           12056 kB
MemTotal:        7922396 kB
MemFree:          824648 kB
MemAvailable:    2902932 kB
Buffers:           20056 kB
Cached:          1586440 kB
SwapCached:         2212 kB
Active:          1617508 kB
Inactive:        1620864 kB
Active(anon):     422832 kB
Inactive(anon):  1245508 kB
Active(file):    1194676 kB
Inactive(file):   375356 kB
Unevictable:        6044 kB
Mlocked:            5604 kB
SwapTotal:       4718584 kB
SwapFree:        4331512 kB
Dirty:               316 kB
Writeback:             0 kB
AnonPages:       1635712 kB
Mapped:           674288 kB
Shmem:             31916 kB
KReclaimable:     898524 kB
Slab:             307704 kB
SReclaimable:      76724 kB
SUnreclaim:       230980 kB
KernelStack:       47696 kB
ShadowCallStack:   11956 kB
PageTables:        68888 kB
NFS_Unstable:          0 kB
Bounce:                0 kB
WritebackTmp:          0 kB
CommitLimit:     8679780 kB
Committed_AS:   64418608 kB
VmallocTotal:   263061440 kB
VmallocUsed:      128660 kB
VmallocChunk:          0 kB
Percpu:             6288 kB
CmaTotal:         405504 kB
CmaFree:           12840 kB
MemTotal:        7922396 kB
MemFree:          691344 kB
MemAvailable:    2449792 kB
Buffers:           18072 kB
Cached:          1726028 kB
SwapCached:         2212 kB
Active:          1637512 kB
Inactive:        1962796 kB
Active(anon):     422832 kB
Inactive(anon):  1470192 kB
Active(file):    1214680 kB
Inactive(file):   492604 kB
Unevictable:        6044 kB
Mlocked:            5604 kB
SwapTotal:       4718584 kB
SwapFree:        4331512 kB
Dirty:               316 kB
Writeback:             0 kB
AnonPages:       1860476 kB
Mapped:           692688 kB
Shmem:             31916 kB
KReclaimable:     449628 kB
Slab:             305776 kB
SReclaimable:      74820 kB
SUnreclaim:       230956 kB
KernelStack:       47712 kB
ShadowCallStack:   11948 kB
PageTables:        69348 kB
NFS_Unstable:          0 kB
Bounce:                0 kB
WritebackTmp:          0 kB
CommitLimit:     8679780 kB
Committed_AS:   64655576 kB
VmallocTotal:   263061440 kB
VmallocUsed:      128692 kB
VmallocChunk:          0 kB
Percpu:             6288 kB
CmaTotal:         405504 kB
CmaFree:            6748 kB
MemTotal:        7922396 kB
MemFree:          510876 kB
MemAvailable:    2117724 kB
Buffers:           15804 kB
Cached:          1828788 kB
SwapCached:         2212 kB
Active:          1552196 kB
Inactive:        2107348 kB
Active(anon):     422832 kB
Inactive(anon):  1428584 kB
Active(file):    1129364 kB
Inactive(file):   678764 kB
Unevictable:        6044 kB
Mlocked:            5604 kB
SwapTotal:       4718584 kB
SwapFree:        4331512 kB
Dirty:               316 kB
Writeback:             0 kB
AnonPages:       1818876 kB
Mapped:           703976 kB
Shmem:             31916 kB
KReclaimable:     143620 kB
Slab:             306332 kB
SReclaimable:      74092 kB
SUnreclaim:       232240 kB
KernelStack:       47712 kB
ShadowCallStack:   11952 kB
PageTables:        69760 kB
NFS_Unstable:          0 kB
Bounce:                0 kB
WritebackTmp:          0 kB
CommitLimit:     8679780 kB
Committed_AS:   64607512 kB
VmallocTotal:   263061440 kB
VmallocUsed:      128680 kB
VmallocChunk:          0 kB
Percpu:             6288 kB
CmaTotal:         405504 kB
CmaFree:              72 kB
MemTotal:        7922396 kB
MemFree:          377352 kB
MemAvailable:    1986720 kB
Buffers:           15804 kB
Cached:          1833596 kB
SwapCached:         2212 kB
Active:          1552700 kB
Inactive:        2121524 kB
Active(anon):     422836 kB
Inactive(anon):  1438452 kB
Active(file):    1129864 kB
Inactive(file):   683072 kB
Unevictable:        6044 kB
Mlocked:            5604 kB
SwapTotal:       4718584 kB
SwapFree:        4331512 kB
Dirty:               316 kB
Writeback:             0 kB
AnonPages:       1828716 kB
Mapped:           688400 kB
Shmem:             31916 kB
KReclaimable:     139048 kB
Slab:             306524 kB
SReclaimable:      74092 kB
SUnreclaim:       232432 kB
KernelStack:       47760 kB
ShadowCallStack:   11956 kB
PageTables:        69724 kB
NFS_Unstable:          0 kB
Bounce:                0 kB
WritebackTmp:          0 kB
CommitLimit:     8679780 kB
Committed_AS:   64618200 kB
VmallocTotal:   263061440 kB
VmallocUsed:      128676 kB
VmallocChunk:          0 kB
Percpu:             6288 kB
CmaTotal:         405504 kB
CmaFree:             452 kB
MemTotal:        7922396 kB
MemFree:          375956 kB
MemAvailable:    1985324 kB
Buffers:           15804 kB
Cached:          1833596 kB
SwapCached:         2212 kB
Active:          1552748 kB
Inactive:        2121992 kB
Active(anon):     422840 kB
Inactive(anon):  1438964 kB
Active(file):    1129908 kB
Inactive(file):   683028 kB
Unevictable:        6044 kB
Mlocked:            5604 kB
SwapTotal:       4718584 kB
SwapFree:        4331512 kB
Dirty:                 0 kB
Writeback:             0 kB
AnonPages:       1829276 kB
Mapped:           688368 kB
Shmem:             31916 kB
KReclaimable:     139048 kB
Slab:             306552 kB
SReclaimable:      74092 kB
SUnreclaim:       232460 kB
KernelStack:       47760 kB
ShadowCallStack:   11956 kB
PageTables:        69556 kB
NFS_Unstable:          0 kB
Bounce:                0 kB
WritebackTmp:          0 kB
CommitLimit:     8679780 kB
Committed_AS:   64618204 kB
VmallocTotal:   263061440 kB
VmallocUsed:      128664 kB
VmallocChunk:          0 kB
Percpu:             6288 kB
CmaTotal:         405504 kB
CmaFree:             440 kB
MemTotal:        7922396 kB
MemFree:          373876 kB
MemAvailable:    1983600 kB
Buffers:           15820 kB
Cached:          1833928 kB
SwapCached:         2212 kB
Active:          1552868 kB
Inactive:        2123340 kB
Active(anon):     422836 kB
Inactive(anon):  1440088 kB
Active(file):    1130032 kB
Inactive(file):   683252 kB
Unevictable:        6044 kB
Mlocked:            5604 kB
SwapTotal:       4718584 kB
SwapFree:        4331512 kB
Dirty:              2020 kB
Writeback:             0 kB
AnonPages:       1830208 kB
Mapped:           688352 kB
Shmem:             31916 kB
KReclaimable:     139064 kB
Slab:             306620 kB
SReclaimable:      74108 kB
SUnreclaim:       232512 kB
KernelStack:       47696 kB
ShadowCallStack:   11948 kB
PageTables:        69636 kB
NFS_Unstable:          0 kB
Bounce:                0 kB
WritebackTmp:          0 kB
CommitLimit:     8679780 kB
Committed_AS:   64618156 kB
VmallocTotal:   263061440 kB
VmallocUsed:      128656 kB
VmallocChunk:          0 kB
Percpu:             6288 kB
CmaTotal:         405504 kB
CmaFree:             452 kB
MemTotal:        7922396 kB
MemFree:          373876 kB
MemAvailable:    1983608 kB
Buffers:           15820 kB
Cached:          1833928 kB
SwapCached:         2212 kB
Active:          1552868 kB
Inactive:        2123192 kB
Active(anon):     422836 kB
Inactive(anon):  1439940 kB
Active(file):    1130032 kB
Inactive(file):   683252 kB
Unevictable:        6044 kB
Mlocked:            5604 kB
SwapTotal:       4718584 kB
SwapFree:        4331512 kB
Dirty:              2036 kB
Writeback:             0 kB
AnonPages:       1830164 kB
Mapped:           688432 kB
Shmem:             31916 kB
KReclaimable:     139080 kB
Slab:             306732 kB
SReclaimable:      74124 kB
SUnreclaim:       232608 kB
KernelStack:       47712 kB
ShadowCallStack:   11952 kB
PageTables:        69652 kB
NFS_Unstable:          0 kB
Bounce:                0 kB
WritebackTmp:          0 kB
CommitLimit:     8679780 kB
Committed_AS:   64618160 kB
VmallocTotal:   263061440 kB
VmallocUsed:      128636 kB
VmallocChunk:          0 kB
Percpu:             6288 kB
CmaTotal:         405504 kB
CmaFree:             452 kB
MemTotal:        7922396 kB
MemFree:          372752 kB
MemAvailable:    1982492 kB
Buffers:           15820 kB
Cached:          1833928 kB
SwapCached:         2212 kB
Active:          1552872 kB
Inactive:        2123480 kB
Active(anon):     422840 kB
Inactive(anon):  1440228 kB
Active(file):    1130032 kB
Inactive(file):   683252 kB
Unevictable:        6044 kB
Mlocked:            5604 kB
SwapTotal:       4718584 kB
SwapFree:        4331512 kB
Dirty:              2036 kB
Writeback:             0 kB
AnonPages:       1830280 kB
Mapped:           688352 kB
Shmem:             31916 kB
KReclaimable:     139096 kB
Slab:             306732 kB
SReclaimable:      74140 kB
SUnreclaim:       232592 kB
KernelStack:       47712 kB
ShadowCallStack:   11944 kB
PageTables:        69500 kB
NFS_Unstable:          0 kB
Bounce:                0 kB
WritebackTmp:          0 kB
CommitLimit:     8679780 kB
Committed_AS:   64618156 kB
VmallocTotal:   263061440 kB
VmallocUsed:      128636 kB
VmallocChunk:          0 kB
Percpu:             6288 kB
CmaTotal:         405504 kB
CmaFree:             452 kB
MemTotal:        7922396 kB
MemFree:          372844 kB
MemAvailable:    1982584 kB
Buffers:           15820 kB
Cached:          1833928 kB
SwapCached:         2212 kB
Active:          1552868 kB
Inactive:        2122484 kB
Active(anon):     422832 kB
Inactive(anon):  1439236 kB
Active(file):    1130036 kB
Inactive(file):   683248 kB
Unevictable:        6044 kB
Mlocked:            5604 kB
SwapTotal:       4718584 kB
SwapFree:        4331512 kB
Dirty:              2036 kB
Writeback:             0 kB
AnonPages:       1829576 kB
Mapped:           688352 kB
Shmem:             31916 kB
KReclaimable:     139096 kB
Slab:             306732 kB
SReclaimable:      74140 kB
SUnreclaim:       232592 kB
KernelStack:       47696 kB
ShadowCallStack:   11948 kB
PageTables:        69732 kB
NFS_Unstable:          0 kB
Bounce:                0 kB
WritebackTmp:          0 kB
CommitLimit:     8679780 kB
Committed_AS:   64618160 kB
VmallocTotal:   263061440 kB
VmallocUsed:      128656 kB
VmallocChunk:          0 kB
Percpu:             6288 kB
CmaTotal:         405504 kB
CmaFree:             452 kB
MemTotal:        7922396 kB
MemFree:          371896 kB
MemAvailable:    1981636 kB
Buffers:           15820 kB
Cached:          1833928 kB
SwapCached:         2212 kB
Active:          1552872 kB
Inactive:        2125932 kB
Active(anon):     422836 kB
Inactive(anon):  1442684 kB
Active(file):    1130036 kB
Inactive(file):   683248 kB
Unevictable:        6044 kB
Mlocked:            5604 kB
SwapTotal:       4718584 kB
SwapFree:        4331512 kB
Dirty:              2036 kB
Writeback:             0 kB
AnonPages:       1833036 kB
Mapped:           688352 kB
Shmem:             31916 kB
KReclaimable:     139096 kB
Slab:             306732 kB
SReclaimable:      74140 kB
SUnreclaim:       232592 kB
KernelStack:       47712 kB
ShadowCallStack:   11952 kB
PageTables:        69780 kB
NFS_Unstable:          0 kB
Bounce:                0 kB
WritebackTmp:          0 kB
CommitLimit:     8679780 kB
Committed_AS:   64622252 kB
VmallocTotal:   263061440 kB
VmallocUsed:      128656 kB
VmallocChunk:          0 kB
Percpu:             6288 kB
CmaTotal:         405504 kB
CmaFree:             452 kB
MemTotal:        7922396 kB
MemFree:          370080 kB
MemAvailable:    1979828 kB
Buffers:           15828 kB
Cached:          1833928 kB
SwapCached:         2212 kB
Active:          1552876 kB
Inactive:        2126212 kB
Active(anon):     422832 kB
Inactive(anon):  1442964 kB
Active(file):    1130044 kB
Inactive(file):   683248 kB
Unevictable:        6044 kB
Mlocked:            5604 kB
SwapTotal:       4718584 kB
SwapFree:        4331512 kB
Dirty:                80 kB
Writeback:             0 kB
AnonPages:       1833316 kB
Mapped:           688352 kB
Shmem:             31916 kB
KReclaimable:     139096 kB
Slab:             306732 kB
SReclaimable:      74140 kB
SUnreclaim:       232592 kB
KernelStack:       47664 kB
ShadowCallStack:   11944 kB
PageTables:        69440 kB
NFS_Unstable:          0 kB
Bounce:                0 kB
WritebackTmp:          0 kB
CommitLimit:     8679780 kB
Committed_AS:   64622252 kB
VmallocTotal:   263061440 kB
VmallocUsed:      128644 kB
VmallocChunk:          0 kB
Percpu:             6288 kB
CmaTotal:         405504 kB
CmaFree:             452 kB
MemTotal:        7922396 kB
MemFree:          258264 kB
MemAvailable:    1678080 kB
Buffers:           15824 kB
Cached:          1756288 kB
SwapCached:         2212 kB
Active:          1556520 kB
Inactive:        2103120 kB
Active(anon):     446180 kB
Inactive(anon):  1477616 kB
Active(file):    1110340 kB
Inactive(file):   625504 kB
Unevictable:        6044 kB
Mlocked:            5604 kB
SwapTotal:       4718584 kB
SwapFree:        4301048 kB
Dirty:               136 kB
Writeback:             0 kB
AnonPages:       1891744 kB
