MemTotal:       12113132 kB
MemFree:         6142256 kB
MemAvailable:    7951172 kB
Buffers:            6980 kB
Cached:          1903868 kB
SwapCached:            0 kB
Active:          1523208 kB
Inactive:        1652396 kB
Active(anon):    1271216 kB
Inactive(anon):    27428 kB
Active(file):     251992 kB
Inactive(file):  1624968 kB
Unevictable:        5532 kB
Mlocked:            5532 kB
SwapTotal:       3145724 kB
SwapFree:        3145724 kB
Dirty:               260 kB
Writeback:             0 kB
AnonPages:       1270296 kB
Mapped:           861740 kB
Shmem:             29408 kB
KReclaimable:     800660 kB
Slab:             221992 kB
SReclaimable:      78172 kB
SUnreclaim:       143820 kB
KernelStack:       46064 kB
PageTables:        62748 kB
NFS_Unstable:          0 kB
Bounce:                0 kB
WritebackTmp:          0 kB
CommitLimit:     9202288 kB
Committed_AS:   66032776 kB
VmallocTotal:   263061440 kB
VmallocUsed:      103024 kB
VmallocChunk:          0 kB
Percpu:             7648 kB
CmaTotal:         294912 kB
CmaFree:               0 kB
MemTotal:       12113132 kB
MemFree:         6141372 kB
MemAvailable:    7950344 kB
Buffers:            6980 kB
Cached:          1903924 kB
SwapCached:            0 kB
Active:          1523944 kB
Inactive:        1652428 kB
Active(anon):    1271928 kB
Inactive(anon):    27428 kB
Active(file):     252016 kB
Inactive(file):  1625000 kB
Unevictable:        5532 kB
Mlocked:            5532 kB
SwapTotal:       3145724 kB
SwapFree:        3145724 kB
Dirty:               360 kB
Writeback:             0 kB
AnonPages:       1271236 kB
Mapped:           861740 kB
Shmem:             29408 kB
KReclaimable:     800660 kB
Slab:             221992 kB
SReclaimable:      78172 kB
SUnreclaim:       143820 kB
KernelStack:       46112 kB
PageTables:        62824 kB
NFS_Unstable:          0 kB
Bounce:                0 kB
WritebackTmp:          0 kB
CommitLimit:     9202288 kB
Committed_AS:   66029460 kB
VmallocTotal:   263061440 kB
VmallocUsed:      103040 kB
VmallocChunk:          0 kB
Percpu:             7648 kB
CmaTotal:         294912 kB
CmaFree:               0 kB
MemTotal:       12113132 kB
MemFree:         6140436 kB
MemAvailable:    7949420 kB
Buffers:            6980 kB
Cached:          1903936 kB
SwapCached:            0 kB
Active:          1523700 kB
Inactive:        1652440 kB
Active(anon):    1271684 kB
Inactive(anon):    27428 kB
Active(file):     252016 kB
Inactive(file):  1625012 kB
Unevictable:        5532 kB
Mlocked:            5532 kB
SwapTotal:       3145724 kB
SwapFree:        3145724 kB
Dirty:               384 kB
Writeback:             0 kB
AnonPages:       1270844 kB
Mapped:           861740 kB
Shmem:             29408 kB
KReclaimable:     800660 kB
Slab:             221992 kB
SReclaimable:      78172 kB
SUnreclaim:       143820 kB
KernelStack:       46096 kB
PageTables:        62744 kB
NFS_Unstable:          0 kB
Bounce:                0 kB
WritebackTmp:          0 kB
CommitLimit:     9202288 kB
Committed_AS:   66029192 kB
VmallocTotal:   263061440 kB
VmallocUsed:      103088 kB
VmallocChunk:          0 kB
Percpu:             7648 kB
CmaTotal:         294912 kB
CmaFree:               0 kB
MemTotal:       12113132 kB
MemFree:         6139992 kB
MemAvailable:    7948988 kB
Buffers:            6980 kB
Cached:          1903948 kB
SwapCached:            0 kB
Active:          1524388 kB
Inactive:        1652452 kB
Active(anon):    1272372 kB
Inactive(anon):    27428 kB
Active(file):     252016 kB
Inactive(file):  1625024 kB
Unevictable:        5532 kB
Mlocked:            5532 kB
SwapTotal:       3145724 kB
SwapFree:        3145724 kB
Dirty:               436 kB
Writeback:             0 kB
AnonPages:       1271328 kB
Mapped:           861860 kB
Shmem:             29408 kB
KReclaimable:     800660 kB
Slab:             222000 kB
SReclaimable:      78172 kB
SUnreclaim:       143828 kB
KernelStack:       46144 kB
PageTables:        62832 kB
NFS_Unstable:          0 kB
Bounce:                0 kB
WritebackTmp:          0 kB
CommitLimit:     9202288 kB
Committed_AS:   66029360 kB
VmallocTotal:   263061440 kB
VmallocUsed:      103072 kB
VmallocChunk:          0 kB
Percpu:             7648 kB
CmaTotal:         294912 kB
CmaFree:               0 kB
MemTotal:       12113132 kB
MemFree:         6139252 kB
MemAvailable:    7948272 kB
Buffers:            6980 kB
Cached:          1903972 kB
SwapCached:            0 kB
Active:          1524976 kB
Inactive:        1652476 kB
Active(anon):    1272960 kB
Inactive(anon):    27428 kB
Active(file):     252016 kB
Inactive(file):  1625048 kB
Unevictable:        5532 kB
Mlocked:            5532 kB
SwapTotal:       3145724 kB
SwapFree:        3145724 kB
Dirty:               472 kB
Writeback:             0 kB
AnonPages:       1272068 kB
Mapped:           861740 kB
Shmem:             29408 kB
KReclaimable:     800660 kB
Slab:             221980 kB
SReclaimable:      78172 kB
SUnreclaim:       143808 kB
KernelStack:       46096 kB
PageTables:        62744 kB
NFS_Unstable:          0 kB
Bounce:                0 kB
WritebackTmp:          0 kB
CommitLimit:     9202288 kB
Committed_AS:   66029404 kB
VmallocTotal:   263061440 kB
VmallocUsed:      103104 kB
VmallocChunk:          0 kB
Percpu:             7648 kB
CmaTotal:         294912 kB
CmaFree:               0 kB
MemTotal:       12113132 kB
MemFree:         6137928 kB
MemAvailable:    7946960 kB
Buffers:            6980 kB
Cached:          1903984 kB
SwapCached:            0 kB
Active:          1525684 kB
Inactive:        1652488 kB
Active(anon):    1273668 kB
Inactive(anon):    27428 kB
Active(file):     252016 kB
Inactive(file):  1625060 kB
Unevictable:        5532 kB
Mlocked:            5532 kB
SwapTotal:       3145724 kB
SwapFree:        3145724 kB
Dirty:               484 kB
Writeback:             0 kB
AnonPages:       1272648 kB
Mapped:           861740 kB
Shmem:             29408 kB
KReclaimable:     800660 kB
Slab:             221980 kB
SReclaimable:      78172 kB
SUnreclaim:       143808 kB
KernelStack:       46112 kB
PageTables:        62872 kB
NFS_Unstable:          0 kB
Bounce:                0 kB
WritebackTmp:          0 kB
CommitLimit:     9202288 kB
Committed_AS:   66029228 kB
VmallocTotal:   263061440 kB
VmallocUsed:      103104 kB
VmallocChunk:          0 kB
Percpu:             7648 kB
CmaTotal:         294912 kB
CmaFree:               0 kB
MemTotal:       12113132 kB
MemFree:         6137864 kB
MemAvailable:    7946912 kB
Buffers:            6980 kB
Cached:          1904000 kB
SwapCached:            0 kB
Active:          1525780 kB
Inactive:        1652504 kB
Active(anon):    1273764 kB
Inactive(anon):    27428 kB
Active(file):     252016 kB
Inactive(file):  1625076 kB
Unevictable:        5532 kB
Mlocked:            5532 kB
SwapTotal:       3145724 kB
SwapFree:        3145724 kB
Dirty:               180 kB
Writeback:             0 kB
AnonPages:       1272852 kB
Mapped:           861740 kB
Shmem:             29408 kB
KReclaimable:     800660 kB
Slab:             221980 kB
SReclaimable:      78172 kB
SUnreclaim:       143808 kB
KernelStack:       46096 kB
PageTables:        62744 kB
NFS_Unstable:          0 kB
Bounce:                0 kB
WritebackTmp:          0 kB
CommitLimit:     9202288 kB
Committed_AS:   66025528 kB
VmallocTotal:   263061440 kB
VmallocUsed:      103120 kB
VmallocChunk:          0 kB
Percpu:             7648 kB
CmaTotal:         294912 kB
CmaFree:               0 kB
MemTotal:       12113132 kB
MemFree:         6136884 kB
MemAvailable:    7945940 kB
Buffers:            6980 kB
Cached:          1904012 kB
SwapCached:            0 kB
Active:          1526808 kB
Inactive:        1652516 kB
Active(anon):    1274792 kB
Inactive(anon):    27432 kB
Active(file):     252016 kB
Inactive(file):  1625084 kB
Unevictable:        5532 kB
Mlocked:            5532 kB
SwapTotal:       3145724 kB
SwapFree:        3145724 kB
Dirty:               240 kB
Writeback:             0 kB
AnonPages:       1273916 kB
Mapped:           861744 kB
Shmem:             29412 kB
KReclaimable:     800660 kB
Slab:             221996 kB
SReclaimable:      78172 kB
SUnreclaim:       143824 kB
KernelStack:       46064 kB
PageTables:        62764 kB
NFS_Unstable:          0 kB
Bounce:                0 kB
WritebackTmp:          0 kB
CommitLimit:     9202288 kB
Committed_AS:   66025916 kB
VmallocTotal:   263061440 kB
VmallocUsed:      103088 kB
VmallocChunk:          0 kB
Percpu:             7648 kB
CmaTotal:         294912 kB
CmaFree:               0 kB
MemTotal:       12113132 kB
MemFree:         6136232 kB
MemAvailable:    7945312 kB
Buffers:            6980 kB
Cached:          1904036 kB
SwapCached:            0 kB
Active:          1527656 kB
Inactive:        1652540 kB
Active(anon):    1275640 kB
Inactive(anon):    27432 kB
Active(file):     252016 kB
Inactive(file):  1625108 kB
Unevictable:        5532 kB
Mlocked:            5532 kB
SwapTotal:       3145724 kB
SwapFree:        3145724 kB
Dirty:               308 kB
Writeback:             0 kB
AnonPages:       1274716 kB
Mapped:           861744 kB
Shmem:             29412 kB
KReclaimable:     800660 kB
Slab:             221988 kB
SReclaimable:      78172 kB
SUnreclaim:       143816 kB
KernelStack:       46096 kB
PageTables:        62744 kB
NFS_Unstable:          0 kB
Bounce:                0 kB
WritebackTmp:          0 kB
CommitLimit:     9202288 kB
Committed_AS:   66025932 kB
VmallocTotal:   263061440 kB
VmallocUsed:      103120 kB
VmallocChunk:          0 kB
Percpu:             7648 kB
CmaTotal:         294912 kB
CmaFree:               0 kB
MemTotal:       12113132 kB
MemFree:         6135256 kB
MemAvailable:    7944344 kB
Buffers:            6980 kB
Cached:          1904044 kB
SwapCached:            0 kB
Active:          1528812 kB
Inactive:        1652548 kB
Active(anon):    1276796 kB
Inactive(anon):    27432 kB
Active(file):     252016 kB
Inactive(file):  1625116 kB
Unevictable:        5532 kB
Mlocked:            5532 kB
SwapTotal:       3145724 kB
SwapFree:        3145724 kB
Dirty:               340 kB
Writeback:             0 kB
AnonPages:       1275784 kB
Mapped:           861744 kB
Shmem:             29412 kB
KReclaimable:     800660 kB
Slab:             221988 kB
SReclaimable:      78172 kB
SUnreclaim:       143816 kB
KernelStack:       46144 kB
PageTables:        62812 kB
NFS_Unstable:          0 kB
Bounce:                0 kB
WritebackTmp:          0 kB
CommitLimit:     9202288 kB
Committed_AS:   66025580 kB
VmallocTotal:   263061440 kB
VmallocUsed:      103136 kB
VmallocChunk:          0 kB
Percpu:             7648 kB
CmaTotal:         294912 kB
CmaFree:               0 kB
MemTotal:       12113132 kB
MemFree:         6134596 kB
MemAvailable:    7943708 kB
Buffers:            6980 kB
Cached:          1904068 kB
SwapCached:            0 kB
Active:          1529440 kB
Inactive:        1652572 kB
Active(anon):    1277424 kB
Inactive(anon):    27432 kB
Active(file):     252016 kB
Inactive(file):  1625140 kB
Unevictable:        5532 kB
Mlocked:            5532 kB
SwapTotal:       3145724 kB
SwapFree:        3145724 kB
Dirty:               376 kB
Writeback:             0 kB
AnonPages:       1276520 kB
Mapped:           861744 kB
Shmem:             29412 kB
KReclaimable:     800660 kB
Slab:             221988 kB
SReclaimable:      78172 kB
SUnreclaim:       143816 kB
KernelStack:       46096 kB
PageTables:        62744 kB
NFS_Unstable:          0 kB
Bounce:                0 kB
WritebackTmp:          0 kB
CommitLimit:     9202288 kB
Committed_AS:   66025316 kB
VmallocTotal:   263061440 kB
VmallocUsed:      103168 kB
VmallocChunk:          0 kB
Percpu:             7648 kB
CmaTotal:         294912 kB
CmaFree:               0 kB
MemTotal:       12113132 kB
MemFree:         6133588 kB
MemAvailable:    7942708 kB
Buffers:            6980 kB
Cached:          1904076 kB
SwapCached:            0 kB
Active:          1530208 kB
Inactive:        1652584 kB
Active(anon):    1278196 kB
Inactive(anon):    27432 kB
Active(file):     252012 kB
Inactive(file):  1625152 kB
Unevictable:        5532 kB
Mlocked:            5532 kB
SwapTotal:       3145724 kB
SwapFree:        3145724 kB
Dirty:               388 kB
Writeback:             0 kB
AnonPages:       1277188 kB
Mapped:           861744 kB
Shmem:             29412 kB
KReclaimable:     800660 kB
Slab:             221988 kB
SReclaimable:      78172 kB
SUnreclaim:       143816 kB
KernelStack:       46128 kB
PageTables:        62776 kB
NFS_Unstable:          0 kB
Bounce:                0 kB
WritebackTmp:          0 kB
CommitLimit:     9202288 kB
Committed_AS:   66030980 kB
VmallocTotal:   263061440 kB
VmallocUsed:      103184 kB
VmallocChunk:          0 kB
Percpu:             7648 kB
CmaTotal:         294912 kB
CmaFree:               0 kB
MemTotal:       12113132 kB
MemFree:         6133152 kB
MemAvailable:    7942300 kB
Buffers:            6980 kB
Cached:          1904104 kB
SwapCached:            0 kB
Active:          1530564 kB
Inactive:        1652612 kB
Active(anon):    1278552 kB
Inactive(anon):    27432 kB
Active(file):     252012 kB
Inactive(file):  1625180 kB
Unevictable:        5532 kB
Mlocked:            5532 kB
SwapTotal:       3145724 kB
SwapFree:        3145724 kB
Dirty:               416 kB
Writeback:             0 kB
AnonPages:       1277504 kB
Mapped:           861744 kB
Shmem:             29412 kB
KReclaimable:     800660 kB
Slab:             221980 kB
SReclaimable:      78172 kB
SUnreclaim:       143808 kB
KernelStack:       46096 kB
PageTables:        62748 kB
NFS_Unstable:          0 kB
Bounce:                0 kB
WritebackTmp:          0 kB
CommitLimit:     9202288 kB
Committed_AS:   66030760 kB
VmallocTotal:   263061440 kB
VmallocUsed:      103136 kB
VmallocChunk:          0 kB
Percpu:             7648 kB
CmaTotal:         294912 kB
CmaFree:               0 kB
MemTotal:       12113132 kB
MemFree:         6166476 kB
MemAvailable:    7975632 kB
Buffers:            6980 kB
Cached:          1904112 kB
SwapCached:            0 kB
Active:          1496016 kB
Inactive:        1652616 kB
Active(anon):    1244000 kB
Inactive(anon):    27432 kB
Active(file):     252016 kB
Inactive(file):  1625184 kB
Unevictable:        5532 kB
Mlocked:            5532 kB
SwapTotal:       3145724 kB
SwapFree:        3145724 kB
Dirty:               440 kB
Writeback:             0 kB
AnonPages:       1243016 kB
Mapped:           861744 kB
Shmem:             29412 kB
KReclaimable:     800660 kB
Slab:             221980 kB
SReclaimable:      78172 kB
SUnreclaim:       143808 kB
KernelStack:       46128 kB
PageTables:        62804 kB
NFS_Unstable:          0 kB
Bounce:                0 kB
WritebackTmp:          0 kB
CommitLimit:     9202288 kB
Committed_AS:   66030628 kB
VmallocTotal:   263061440 kB
VmallocUsed:      103136 kB
VmallocChunk:          0 kB
Percpu:             7648 kB
CmaTotal:         294912 kB
CmaFree:               0 kB
MemTotal:       12113132 kB
MemFree:         6166860 kB
MemAvailable:    7976032 kB
Buffers:            6980 kB
Cached:          1904128 kB
SwapCached:            0 kB
Active:          1496624 kB
Inactive:        1652632 kB
Active(anon):    1244608 kB
Inactive(anon):    27432 kB
Active(file):     252016 kB
Inactive(file):  1625200 kB
Unevictable:        5532 kB
Mlocked:            5532 kB
SwapTotal:       3145724 kB
SwapFree:        3145724 kB
Dirty:               428 kB
Writeback:             0 kB
AnonPages:       1243700 kB
Mapped:           861744 kB
Shmem:             29412 kB
KReclaimable:     800660 kB
Slab:             221996 kB
SReclaimable:      78172 kB
SUnreclaim:       143824 kB
KernelStack:       46096 kB
PageTables:        62748 kB
NFS_Unstable:          0 kB
Bounce:                0 kB
WritebackTmp:          0 kB
CommitLimit:     9202288 kB
Committed_AS:   66030480 kB
VmallocTotal:   263061440 kB
VmallocUsed:      103136 kB
VmallocChunk:          0 kB
Percpu:             7648 kB
CmaTotal:         294912 kB
CmaFree:               0 kB
MemTotal:       12113132 kB
MemFree:         6166724 kB
MemAvailable:    7975932 kB
Buffers:            6984 kB
Cached:          1904160 kB
SwapCached:            0 kB
Active:          1497452 kB
Inactive:        1652664 kB
Active(anon):    1245432 kB
Inactive(anon):    27432 kB
Active(file):     252020 kB
Inactive(file):  1625232 kB
Unevictable:        5532 kB
Mlocked:            5532 kB
SwapTotal:       3145724 kB
SwapFree:        3145724 kB
Dirty:               452 kB
Writeback:             0 kB
AnonPages:       1244748 kB
Mapped:           861744 kB
Shmem:             29412 kB
KReclaimable:     800660 kB
Slab:             221996 kB
SReclaimable:      78172 kB
SUnreclaim:       143824 kB
KernelStack:       46144 kB
PageTables:        62824 kB
NFS_Unstable:          0 kB
Bounce:                0 kB
WritebackTmp:          0 kB
CommitLimit:     9202288 kB
Committed_AS:   66030168 kB
VmallocTotal:   263061440 kB
VmallocUsed:      103088 kB
VmallocChunk:          0 kB
Percpu:             7648 kB
CmaTotal:         294912 kB
CmaFree:               0 kB
MemTotal:       12113132 kB
MemFree:         6177812 kB
MemAvailable:    7987040 kB
Buffers:            6984 kB
Cached:          1904180 kB
SwapCached:            0 kB
Active:          1485520 kB
Inactive:        1652684 kB
Active(anon):    1233500 kB
Inactive(anon):    27432 kB
Active(file):     252020 kB
Inactive(file):  1625252 kB
Unevictable:        5532 kB
Mlocked:            5532 kB
SwapTotal:       3145724 kB
SwapFree:        3145724 kB
Dirty:               484 kB
Writeback:             0 kB
AnonPages:       1232632 kB
Mapped:           861744 kB
Shmem:             29412 kB
KReclaimable:     800660 kB
Slab:             222028 kB
SReclaimable:      78172 kB
SUnreclaim:       143856 kB
KernelStack:       46096 kB
PageTables:        62748 kB
NFS_Unstable:          0 kB
Bounce:                0 kB
WritebackTmp:          0 kB
CommitLimit:     9202288 kB
Committed_AS:   66030204 kB
VmallocTotal:   263061440 kB
VmallocUsed:      103104 kB
VmallocChunk:          0 kB
Percpu:             7648 kB
CmaTotal:         294912 kB
CmaFree:               0 kB
MemTotal:       12113132 kB
MemFree:         6177732 kB
MemAvailable:    7986972 kB
Buffers:            6984 kB
Cached:          1904192 kB
SwapCached:            0 kB
Active:          1486396 kB
Inactive:        1652696 kB
Active(anon):    1234376 kB
Inactive(anon):    27432 kB
Active(file):     252020 kB
Inactive(file):  1625264 kB
Unevictable:        5532 kB
Mlocked:            5532 kB
SwapTotal:       3145724 kB
SwapFree:        3145724 kB
Dirty:               500 kB
Writeback:             0 kB
AnonPages:       1233340 kB
Mapped:           861744 kB
Shmem:             29412 kB
KReclaimable:     800660 kB
Slab:             221992 kB
SReclaimable:      78172 kB
SUnreclaim:       143820 kB
KernelStack:       46144 kB
PageTables:        62820 kB
NFS_Unstable:          0 kB
Bounce:                0 kB
WritebackTmp:          0 kB
CommitLimit:     9202288 kB
Committed_AS:   66029720 kB
VmallocTotal:   263061440 kB
VmallocUsed:      103104 kB
VmallocChunk:          0 kB
Percpu:             7648 kB
CmaTotal:         294912 kB
CmaFree:               0 kB
MemTotal:       12113132 kB
MemFree:         6177484 kB
MemAvailable:    7986744 kB
Buffers:            6984 kB
Cached:          1904216 kB
SwapCached:            0 kB
Active:          1486748 kB
Inactive:        1652716 kB
Active(anon):    1234728 kB
Inactive(anon):    27432 kB
Active(file):     252020 kB
Inactive(file):  1625284 kB
Unevictable:        5532 kB
Mlocked:            5532 kB
SwapTotal:       3145724 kB
SwapFree:        3145724 kB
Dirty:               528 kB
Writeback:             0 kB
AnonPages:       1233816 kB
Mapped:           861744 kB
Shmem:             29412 kB
KReclaimable:     800660 kB
Slab:             221976 kB
SReclaimable:      78172 kB
SUnreclaim:       143804 kB
KernelStack:       46096 kB
PageTables:        62748 kB
NFS_Unstable:          0 kB
Bounce:                0 kB
WritebackTmp:          0 kB
CommitLimit:     9202288 kB
Committed_AS:   66031544 kB
VmallocTotal:   263061440 kB
VmallocUsed:      103104 kB
VmallocChunk:          0 kB
Percpu:             7648 kB
CmaTotal:         294912 kB
CmaFree:               0 kB
MemTotal:       12113132 kB
MemFree:         6176348 kB
MemAvailable:    7985616 kB
Buffers:            6984 kB
Cached:          1904220 kB
SwapCached:            0 kB
Active:          1487292 kB
Inactive:        1652728 kB
Active(anon):    1235276 kB
Inactive(anon):    27432 kB
Active(file):     252016 kB
Inactive(file):  1625296 kB
Unevictable:        5532 kB
Mlocked:            5532 kB
SwapTotal:       3145724 kB
SwapFree:        3145724 kB
Dirty:               544 kB
Writeback:             0 kB
AnonPages:       1234572 kB
Mapped:           861744 kB
Shmem:             29412 kB
KReclaimable:     800660 kB
Slab:             221980 kB
SReclaimable:      78172 kB
SUnreclaim:       143808 kB
KernelStack:       46128 kB
PageTables:        62816 kB
NFS_Unstable:          0 kB
Bounce:                0 kB
WritebackTmp:          0 kB
CommitLimit:     9202288 kB
Committed_AS:   66031748 kB
VmallocTotal:   263061440 kB
VmallocUsed:      103104 kB
VmallocChunk:          0 kB
Percpu:             7648 kB
CmaTotal:         294912 kB
CmaFree:               0 kB
MemTotal:       12113132 kB
MemFree:         6176268 kB
MemAvailable:    7985556 kB
Buffers:            6984 kB
Cached:          1904240 kB
SwapCached:            0 kB
Active:          1487232 kB
Inactive:        1652740 kB
Active(anon):    1235208 kB
Inactive(anon):    27432 kB
Active(file):     252024 kB
Inactive(file):  1625308 kB
Unevictable:        5532 kB
Mlocked:            5532 kB
SwapTotal:       3145724 kB
SwapFree:        3145724 kB
Dirty:               568 kB
Writeback:             0 kB
AnonPages:       1234420 kB
Mapped:           861744 kB
Shmem:             29412 kB
KReclaimable:     800660 kB
Slab:             221980 kB
SReclaimable:      78172 kB
SUnreclaim:       143808 kB
KernelStack:       46080 kB
PageTables:        62748 kB
NFS_Unstable:          0 kB
Bounce:                0 kB
WritebackTmp:          0 kB
CommitLimit:     9202288 kB
Committed_AS:   66031728 kB
VmallocTotal:   263061440 kB
VmallocUsed:      103104 kB
VmallocChunk:          0 kB
Percpu:             7648 kB
CmaTotal:         294912 kB
CmaFree:               0 kB
MemTotal:       12113132 kB
MemFree:         6177076 kB
MemAvailable:    7986380 kB
Buffers:            6984 kB
Cached:          1904256 kB
SwapCached:            0 kB
Active:          1487396 kB
Inactive:        1652756 kB
Active(anon):    1235372 kB
Inactive(anon):    27432 kB
Active(file):     252024 kB
Inactive(file):  1625324 kB
Unevictable:        5532 kB
Mlocked:            5532 kB
SwapTotal:       3145724 kB
SwapFree:        3145724 kB
Dirty:               188 kB
Writeback:             0 kB
AnonPages:       1234496 kB
Mapped:           861744 kB
Shmem:             29412 kB
KReclaimable:     800660 kB
Slab:             221980 kB
SReclaimable:      78172 kB
SUnreclaim:       143808 kB
KernelStack:       46096 kB
PageTables:        62852 kB
NFS_Unstable:          0 kB
Bounce:                0 kB
WritebackTmp:          0 kB
CommitLimit:     9202288 kB
Committed_AS:   66027020 kB
VmallocTotal:   263061440 kB
VmallocUsed:      103072 kB
VmallocChunk:          0 kB
Percpu:             7648 kB
CmaTotal:         294912 kB
CmaFree:               0 kB
MemTotal:       12113132 kB
MemFree:         6176388 kB
MemAvailable:    7985712 kB
Buffers:            6984 kB
Cached:          1904276 kB
SwapCached:            0 kB
Active:          1488484 kB
Inactive:        1652776 kB
Active(anon):    1236460 kB
Inactive(anon):    27432 kB
Active(file):     252024 kB
Inactive(file):  1625344 kB
Unevictable:        5532 kB
Mlocked:            5532 kB
SwapTotal:       3145724 kB
SwapFree:        3145724 kB
Dirty:               268 kB
Writeback:             0 kB
AnonPages:       1235600 kB
Mapped:           861744 kB
Shmem:             29412 kB
KReclaimable:     800660 kB
Slab:             221980 kB
SReclaimable:      78172 kB
SUnreclaim:       143808 kB
KernelStack:       46080 kB
PageTables:        62748 kB
NFS_Unstable:          0 kB
Bounce:                0 kB
WritebackTmp:          0 kB
CommitLimit:     9202288 kB
Committed_AS:   66026800 kB
VmallocTotal:   263061440 kB
VmallocUsed:      103104 kB
VmallocChunk:          0 kB
Percpu:             7648 kB
CmaTotal:         294912 kB
CmaFree:               8 kB
MemTotal:       12113132 kB
MemFree:         6175320 kB
MemAvailable:    7984656 kB
Buffers:            6984 kB
Cached:          1904288 kB
SwapCached:            0 kB
Active:          1489152 kB
Inactive:        1652788 kB
Active(anon):    1237128 kB
Inactive(anon):    27432 kB
Active(file):     252024 kB
Inactive(file):  1625356 kB
Unevictable:        5532 kB
Mlocked:            5532 kB
SwapTotal:       3145724 kB
SwapFree:        3145724 kB
Dirty:               280 kB
Writeback:             0 kB
AnonPages:       1236420 kB
Mapped:           861744 kB
Shmem:             29412 kB
KReclaimable:     800660 kB
Slab:             221972 kB
SReclaimable:      78172 kB
SUnreclaim:       143800 kB
KernelStack:       46112 kB
PageTables:        62768 kB
NFS_Unstable:          0 kB
Bounce:                0 kB
WritebackTmp:          0 kB
CommitLimit:     9202288 kB
Committed_AS:   66026020 kB
VmallocTotal:   263061440 kB
VmallocUsed:      103104 kB
VmallocChunk:          0 kB
Percpu:             7648 kB
CmaTotal:         294912 kB
CmaFree:               0 kB
MemTotal:       12113132 kB
MemFree:         6174720 kB
MemAvailable:    7984080 kB
Buffers:            6984 kB
Cached:          1904312 kB
SwapCached:            0 kB
Active:          1489812 kB
Inactive:        1652812 kB
Active(anon):    1237788 kB
Inactive(anon):    27432 kB
Active(file):     252024 kB
Inactive(file):  1625380 kB
Unevictable:        5532 kB
Mlocked:            5532 kB
SwapTotal:       3145724 kB
SwapFree:        3145724 kB
Dirty:               344 kB
Writeback:             0 kB
AnonPages:       1236936 kB
Mapped:           861744 kB
Shmem:             29412 kB
KReclaimable:     800660 kB
Slab:             221972 kB
SReclaimable:      78172 kB
SUnreclaim:       143800 kB
KernelStack:       46080 kB
PageTables:        62748 kB
NFS_Unstable:          0 kB
Bounce:                0 kB
WritebackTmp:          0 kB
CommitLimit:     9202288 kB
Committed_AS:   66026524 kB
VmallocTotal:   263061440 kB
VmallocUsed:      103104 kB
VmallocChunk:          0 kB
Percpu:             7648 kB
CmaTotal:         294912 kB
CmaFree:               0 kB
MemTotal:       12113132 kB
MemFree:         6173020 kB
MemAvailable:    7982388 kB
Buffers:            6984 kB
Cached:          1904320 kB
SwapCached:            0 kB
Active:          1490388 kB
Inactive:        1652820 kB
Active(anon):    1238364 kB
Inactive(anon):    27432 kB
Active(file):     252024 kB
Inactive(file):  1625388 kB
Unevictable:        5532 kB
Mlocked:            5532 kB
SwapTotal:       3145724 kB
SwapFree:        3145724 kB
Dirty:               364 kB
Writeback:             0 kB
AnonPages:       1237408 kB
Mapped:           861768 kB
Shmem:             29412 kB
KReclaimable:     800660 kB
Slab:             221972 kB
SReclaimable:      78172 kB
SUnreclaim:       143800 kB
KernelStack:       46096 kB
PageTables:        62748 kB
NFS_Unstable:          0 kB
Bounce:                0 kB
WritebackTmp:          0 kB
CommitLimit:     9202288 kB
Committed_AS:   66031784 kB
VmallocTotal:   263061440 kB
VmallocUsed:      103120 kB
VmallocChunk:          0 kB
Percpu:             7648 kB
CmaTotal:         294912 kB
CmaFree:               0 kB
MemTotal:       12113132 kB
MemFree:         6147316 kB
MemAvailable:    7956696 kB
Buffers:            6984 kB
Cached:          1904332 kB
SwapCached:            0 kB
Active:          1517624 kB
Inactive:        1652832 kB
Active(anon):    1265600 kB
Inactive(anon):    27432 kB
Active(file):     252024 kB
Inactive(file):  1625400 kB
Unevictable:        5532 kB
Mlocked:            5532 kB
SwapTotal:       3145724 kB
SwapFree:        3145724 kB
Dirty:               376 kB
Writeback:             0 kB
AnonPages:       1264704 kB
Mapped:           861744 kB
Shmem:             29412 kB
KReclaimable:     800660 kB
Slab:             221980 kB
SReclaimable:      78172 kB
SUnreclaim:       143808 kB
KernelStack:       46080 kB
PageTables:        62748 kB
NFS_Unstable:          0 kB
Bounce:                0 kB
WritebackTmp:          0 kB
CommitLimit:     9202288 kB
Committed_AS:   66030948 kB
VmallocTotal:   263061440 kB
VmallocUsed:      103136 kB
VmallocChunk:          0 kB
Percpu:             7648 kB
CmaTotal:         294912 kB
CmaFree:               0 kB
MemTotal:       12113132 kB
MemFree:         6145064 kB
MemAvailable:    7954464 kB
Buffers:            6984 kB
Cached:          1904352 kB
SwapCached:            0 kB
Active:          1518928 kB
Inactive:        1652852 kB
Active(anon):    1266904 kB
Inactive(anon):    27432 kB
Active(file):     252024 kB
Inactive(file):  1625420 kB
Unevictable:        5532 kB
Mlocked:            5532 kB
SwapTotal:       3145724 kB
SwapFree:        3145724 kB
Dirty:               396 kB
Writeback:             0 kB
AnonPages:       1265912 kB
Mapped:           861744 kB
Shmem:             29412 kB
KReclaimable:     800660 kB
Slab:             221980 kB
SReclaimable:      78172 kB
SUnreclaim:       143808 kB
KernelStack:       46096 kB
PageTables:        62736 kB
NFS_Unstable:          0 kB
Bounce:                0 kB
WritebackTmp:          0 kB
CommitLimit:     9202288 kB
Committed_AS:   66025492 kB
VmallocTotal:   263061440 kB
VmallocUsed:      103136 kB
VmallocChunk:          0 kB
Percpu:             7648 kB
CmaTotal:         294912 kB
CmaFree:               0 kB
MemTotal:       12113132 kB
MemFree:         6145520 kB
MemAvailable:    7954940 kB
Buffers:            6984 kB
Cached:          1904372 kB
SwapCached:            0 kB
Active:          1518980 kB
Inactive:        1652872 kB
Active(anon):    1266956 kB
Inactive(anon):    27432 kB
Active(file):     252024 kB
Inactive(file):  1625440 kB
Unevictable:        5532 kB
Mlocked:            5532 kB
SwapTotal:       3145724 kB
SwapFree:        3145724 kB
Dirty:               428 kB
Writeback:             0 kB
AnonPages:       1266108 kB
Mapped:           861744 kB
Shmem:             29412 kB
KReclaimable:     800660 kB
Slab:             221972 kB
SReclaimable:      78172 kB
SUnreclaim:       143800 kB
KernelStack:       46080 kB
PageTables:        62748 kB
NFS_Unstable:          0 kB
Bounce:                0 kB
WritebackTmp:          0 kB
CommitLimit:     9202288 kB
Committed_AS:   66030380 kB
VmallocTotal:   263061440 kB
VmallocUsed:      103104 kB
VmallocChunk:          0 kB
Percpu:             7648 kB
CmaTotal:         294912 kB
CmaFree:               0 kB
MemTotal:       12113132 kB
MemFree:         6148064 kB
MemAvailable:    7957496 kB
Buffers:            6984 kB
Cached:          1904384 kB
SwapCached:            0 kB
Active:          1517784 kB
Inactive:        1652884 kB
Active(anon):    1265760 kB
Inactive(anon):    27432 kB
Active(file):     252024 kB
Inactive(file):  1625452 kB
Unevictable:        5532 kB
Mlocked:            5532 kB
SwapTotal:       3145724 kB
SwapFree:        3145724 kB
Dirty:               440 kB
Writeback:             0 kB
AnonPages:       1264736 kB
Mapped:           861744 kB
Shmem:             29412 kB
KReclaimable:     800660 kB
Slab:             221972 kB
SReclaimable:      78172 kB
SUnreclaim:       143800 kB
KernelStack:       46096 kB
PageTables:        62880 kB
NFS_Unstable:          0 kB
Bounce:                0 kB
WritebackTmp:          0 kB
CommitLimit:     9202288 kB
Committed_AS:   66026396 kB
VmallocTotal:   263061440 kB
VmallocUsed:      103120 kB
VmallocChunk:          0 kB
Percpu:             7648 kB
CmaTotal:         294912 kB
CmaFree:               0 kB
MemTotal:       12113132 kB
MemFree:         6146760 kB
MemAvailable:    7956232 kB
Buffers:            6988 kB
Cached:          1904420 kB
SwapCached:            0 kB
Active:          1518304 kB
Inactive:        1652920 kB
Active(anon):    1266276 kB
Inactive(anon):    27432 kB
Active(file):     252028 kB
Inactive(file):  1625488 kB
Unevictable:        5532 kB
Mlocked:            5532 kB
SwapTotal:       3145724 kB
SwapFree:        3145724 kB
Dirty:               440 kB
Writeback:             0 kB
AnonPages:       1265396 kB
Mapped:           861744 kB
Shmem:             29412 kB
KReclaimable:     800660 kB
Slab:             221988 kB
SReclaimable:      78172 kB
SUnreclaim:       143816 kB
KernelStack:       46080 kB
PageTables:        62748 kB
NFS_Unstable:          0 kB
Bounce:                0 kB
WritebackTmp:          0 kB
CommitLimit:     9202288 kB
Committed_AS:   66031708 kB
VmallocTotal:   263061440 kB
VmallocUsed:      103088 kB
VmallocChunk:          0 kB
Percpu:             7648 kB
CmaTotal:         294912 kB
CmaFree:               0 kB
MemTotal:       12113132 kB
MemFree:         6154992 kB
MemAvailable:    7964480 kB
Buffers:            6988 kB
Cached:          1904436 kB
SwapCached:            0 kB
Active:          1509332 kB
Inactive:        1652936 kB
Active(anon):    1257304 kB
Inactive(anon):    27432 kB
Active(file):     252028 kB
Inactive(file):  1625504 kB
Unevictable:        5532 kB
Mlocked:            5532 kB
SwapTotal:       3145724 kB
SwapFree:        3145724 kB
Dirty:               484 kB
Writeback:             0 kB
AnonPages:       1256324 kB
Mapped:           861744 kB
Shmem:             29412 kB
KReclaimable:     800660 kB
Slab:             221988 kB
SReclaimable:      78172 kB
SUnreclaim:       143816 kB
KernelStack:       46080 kB
PageTables:        62752 kB
NFS_Unstable:          0 kB
Bounce:                0 kB
WritebackTmp:          0 kB
CommitLimit:     9202288 kB
Committed_AS:   66031332 kB
VmallocTotal:   263061440 kB
VmallocUsed:      103072 kB
VmallocChunk:          0 kB
Percpu:             7648 kB
CmaTotal:         294912 kB
CmaFree:               0 kB
MemTotal:       12113132 kB
MemFree:         6154748 kB
MemAvailable:    7964252 kB
Buffers:            6988 kB
Cached:          1904468 kB
SwapCached:            0 kB
Active:          1508916 kB
Inactive:        1652968 kB
Active(anon):    1256888 kB
Inactive(anon):    27448 kB
Active(file):     252028 kB
Inactive(file):  1625520 kB
Unevictable:        5532 kB
Mlocked:            5532 kB
SwapTotal:       3145724 kB
SwapFree:        3145724 kB
Dirty:               504 kB
Writeback:             0 kB
AnonPages:       1255648 kB
Mapped:           861760 kB
Shmem:             29428 kB
KReclaimable:     800660 kB
Slab:             221980 kB
SReclaimable:      78172 kB
SUnreclaim:       143808 kB
KernelStack:       46080 kB
PageTables:        62748 kB
NFS_Unstable:          0 kB
Bounce:                0 kB
WritebackTmp:          0 kB
CommitLimit:     9202288 kB
Committed_AS:   66031124 kB
VmallocTotal:   263061440 kB
VmallocUsed:      103104 kB
VmallocChunk:          0 kB
Percpu:             7648 kB
CmaTotal:         294912 kB
CmaFree:               4 kB
MemTotal:       12113132 kB
MemFree:         6154804 kB
MemAvailable:    7964320 kB
Buffers:            6988 kB
Cached:          1904480 kB
SwapCached:            0 kB
Active:          1509300 kB
Inactive:        1652980 kB
Active(anon):    1257272 kB
Inactive(anon):    27448 kB
Active(file):     252028 kB
Inactive(file):  1625532 kB
Unevictable:        5532 kB
Mlocked:            5532 kB
SwapTotal:       3145724 kB
SwapFree:        3145724 kB
Dirty:               516 kB
Writeback:             0 kB
AnonPages:       1256272 kB
Mapped:           861760 kB
Shmem:             29428 kB
KReclaimable:     800660 kB
Slab:             221980 kB
SReclaimable:      78172 kB
SUnreclaim:       143808 kB
KernelStack:       46112 kB
PageTables:        62768 kB
NFS_Unstable:          0 kB
Bounce:                0 kB
WritebackTmp:          0 kB
CommitLimit:     9202288 kB
Committed_AS:   66030896 kB
VmallocTotal:   263061440 kB
VmallocUsed:      103120 kB
VmallocChunk:          0 kB
Percpu:             7648 kB
CmaTotal:         294912 kB
CmaFree:               0 kB
MemTotal:       12113132 kB
MemFree:         6170436 kB
MemAvailable:    7979976 kB
Buffers:            6988 kB
Cached:          1904504 kB
SwapCached:            0 kB
Active:          1492132 kB
Inactive:        1653004 kB
Active(anon):    1240104 kB
Inactive(anon):    27448 kB
Active(file):     252028 kB
Inactive(file):  1625556 kB
Unevictable:        5532 kB
Mlocked:            5532 kB
SwapTotal:       3145724 kB
SwapFree:        3145724 kB
Dirty:               552 kB
Writeback:             0 kB
AnonPages:       1239256 kB
Mapped:           861760 kB
Shmem:             29428 kB
KReclaimable:     800660 kB
Slab:             221980 kB
SReclaimable:      78172 kB
SUnreclaim:       143808 kB
KernelStack:       46080 kB
PageTables:        62748 kB
NFS_Unstable:          0 kB
Bounce:                0 kB
WritebackTmp:          0 kB
CommitLimit:     9202288 kB
Committed_AS:   66030476 kB
VmallocTotal:   263061440 kB
VmallocUsed:      103120 kB
VmallocChunk:          0 kB
Percpu:             7648 kB
CmaTotal:         294912 kB
CmaFree:               0 kB
MemTotal:       12113132 kB
MemFree:         6170372 kB
MemAvailable:    7979924 kB
Buffers:            6988 kB
Cached:          1904516 kB
SwapCached:            0 kB
Active:          1493020 kB
Inactive:        1653016 kB
Active(anon):    1240992 kB
Inactive(anon):    27448 kB
Active(file):     252028 kB
Inactive(file):  1625568 kB
Unevictable:        5532 kB
Mlocked:            5532 kB
SwapTotal:       3145724 kB
SwapFree:        3145724 kB
Dirty:               564 kB
Writeback:             0 kB
AnonPages:       1240072 kB
Mapped:           861760 kB
Shmem:             29428 kB
KReclaimable:     800660 kB
Slab:             221980 kB
SReclaimable:      78172 kB
SUnreclaim:       143808 kB
KernelStack:       46112 kB
PageTables:        62792 kB
NFS_Unstable:          0 kB
Bounce:                0 kB
WritebackTmp:          0 kB
CommitLimit:     9202288 kB
Committed_AS:   66025824 kB
VmallocTotal:   263061440 kB
VmallocUsed:      103088 kB
VmallocChunk:          0 kB
Percpu:             7648 kB
CmaTotal:         294912 kB
CmaFree:               0 kB
MemTotal:       12113132 kB
MemFree:         6169800 kB
MemAvailable:    7979368 kB
Buffers:            6988 kB
Cached:          1904532 kB
SwapCached:            0 kB
Active:          1493528 kB
Inactive:        1653036 kB
Active(anon):    1241504 kB
Inactive(anon):    27448 kB
Active(file):     252024 kB
Inactive(file):  1625588 kB
Unevictable:        5532 kB
Mlocked:            5532 kB
SwapTotal:       3145724 kB
SwapFree:        3145724 kB
Dirty:               584 kB
Writeback:             0 kB
AnonPages:       1240596 kB
Mapped:           861760 kB
Shmem:             29428 kB
KReclaimable:     800660 kB
Slab:             221980 kB
SReclaimable:      78172 kB
SUnreclaim:       143808 kB
KernelStack:       46080 kB
PageTables:        62748 kB
NFS_Unstable:          0 kB
Bounce:                0 kB
WritebackTmp:          0 kB
CommitLimit:     9202288 kB
Committed_AS:   66026176 kB
VmallocTotal:   263061440 kB
VmallocUsed:      103056 kB
VmallocChunk:          0 kB
Percpu:             7648 kB
CmaTotal:         294912 kB
CmaFree:               0 kB
MemTotal:       12113132 kB
MemFree:         6171868 kB
MemAvailable:    7981444 kB
Buffers:            6988 kB
Cached:          1904540 kB
SwapCached:            0 kB
Active:          1491512 kB
Inactive:        1653040 kB
Active(anon):    1239484 kB
Inactive(anon):    27448 kB
Active(file):     252028 kB
Inactive(file):  1625592 kB
Unevictable:        5532 kB
Mlocked:            5532 kB
SwapTotal:       3145724 kB
SwapFree:        3145724 kB
Dirty:               612 kB
Writeback:             0 kB
AnonPages:       1238476 kB
Mapped:           861916 kB
Shmem:             29428 kB
KReclaimable:     800660 kB
Slab:             221980 kB
SReclaimable:      78172 kB
SUnreclaim:       143808 kB
KernelStack:       46096 kB
PageTables:        62720 kB
NFS_Unstable:          0 kB
Bounce:                0 kB
WritebackTmp:          0 kB
CommitLimit:     9202288 kB
Committed_AS:   66021236 kB
VmallocTotal:   263061440 kB
VmallocUsed:      103088 kB
VmallocChunk:          0 kB
Percpu:             7648 kB
CmaTotal:         294912 kB
CmaFree:               0 kB
MemTotal:       12113132 kB
MemFree:         6171232 kB
MemAvailable:    7980828 kB
Buffers:            6988 kB
Cached:          1904560 kB
SwapCached:            0 kB
Active:          1492000 kB
Inactive:        1653060 kB
Active(anon):    1239972 kB
Inactive(anon):    27448 kB
Active(file):     252028 kB
Inactive(file):  1625612 kB
Unevictable:        5532 kB
Mlocked:            5532 kB
SwapTotal:       3145724 kB
SwapFree:        3145724 kB
Dirty:               632 kB
Writeback:             0 kB
AnonPages:       1239156 kB
Mapped:           861916 kB
Shmem:             29428 kB
KReclaimable:     800660 kB
Slab:             221980 kB
SReclaimable:      78172 kB
SUnreclaim:       143808 kB
KernelStack:       46032 kB
PageTables:        62748 kB
NFS_Unstable:          0 kB
Bounce:                0 kB
WritebackTmp:          0 kB
CommitLimit:     9202288 kB
Committed_AS:   66025772 kB
VmallocTotal:   263061440 kB
VmallocUsed:      103104 kB
VmallocChunk:          0 kB
Percpu:             7648 kB
CmaTotal:         294912 kB
CmaFree:               0 kB
MemTotal:       12113132 kB
MemFree:         6170920 kB
MemAvailable:    7980532 kB
Buffers:            6988 kB
Cached:          1904576 kB
SwapCached:            0 kB
Active:          1492312 kB
Inactive:        1653076 kB
Active(anon):    1240284 kB
Inactive(anon):    27448 kB
Active(file):     252028 kB
Inactive(file):  1625628 kB
Unevictable:        5532 kB
Mlocked:            5532 kB
SwapTotal:       3145724 kB
SwapFree:        3145724 kB
Dirty:               684 kB
Writeback:             0 kB
AnonPages:       1239320 kB
Mapped:           861916 kB
Shmem:             29428 kB
KReclaimable:     800660 kB
Slab:             221988 kB
SReclaimable:      78172 kB
SUnreclaim:       143816 kB
KernelStack:       46080 kB
PageTables:        62752 kB
NFS_Unstable:          0 kB
Bounce:                0 kB
WritebackTmp:          0 kB
CommitLimit:     9202288 kB
Committed_AS:   66026256 kB
VmallocTotal:   263061440 kB
VmallocUsed:      103120 kB
VmallocChunk:          0 kB
Percpu:             7648 kB
CmaTotal:         294912 kB
CmaFree:               0 kB
MemTotal:       12113132 kB
MemFree:         6170480 kB
MemAvailable:    7980108 kB
Buffers:            6988 kB
Cached:          1904592 kB
SwapCached:            0 kB
Active:          1492296 kB
Inactive:        1653092 kB
Active(anon):    1240268 kB
Inactive(anon):    27448 kB
Active(file):     252028 kB
Inactive(file):  1625644 kB
Unevictable:        5532 kB
Mlocked:            5532 kB
SwapTotal:       3145724 kB
SwapFree:        3145724 kB
Dirty:               716 kB
Writeback:             0 kB
AnonPages:       1239472 kB
Mapped:           861916 kB
Shmem:             29428 kB
KReclaimable:     800660 kB
Slab:             221980 kB
SReclaimable:      78172 kB
SUnreclaim:       143808 kB
KernelStack:       46080 kB
PageTables:        62748 kB
NFS_Unstable:          0 kB
Bounce:                0 kB
WritebackTmp:          0 kB
CommitLimit:     9202288 kB
Committed_AS:   66025948 kB
VmallocTotal:   263061440 kB
VmallocUsed:      103120 kB
VmallocChunk:          0 kB
Percpu:             7648 kB
CmaTotal:         294912 kB
CmaFree:               0 kB
MemTotal:       12113132 kB
MemFree:         6170928 kB
MemAvailable:    7980568 kB
Buffers:            6988 kB
Cached:          1904604 kB
SwapCached:            0 kB
Active:          1492956 kB
Inactive:        1653104 kB
Active(anon):    1240928 kB
Inactive(anon):    27448 kB
Active(file):     252028 kB
Inactive(file):  1625656 kB
Unevictable:        5532 kB
Mlocked:            5532 kB
SwapTotal:       3145724 kB
SwapFree:        3145724 kB
Dirty:               732 kB
Writeback:             0 kB
AnonPages:       1239968 kB
Mapped:           861916 kB
Shmem:             29428 kB
KReclaimable:     800660 kB
Slab:             221988 kB
SReclaimable:      78172 kB
SUnreclaim:       143816 kB
KernelStack:       46112 kB
PageTables:        62772 kB
NFS_Unstable:          0 kB
Bounce:                0 kB
WritebackTmp:          0 kB
CommitLimit:     9202288 kB
Committed_AS:   66024604 kB
VmallocTotal:   263061440 kB
VmallocUsed:      103104 kB
VmallocChunk:          0 kB
Percpu:             7648 kB
CmaTotal:         294912 kB
CmaFree:               0 kB
MemTotal:       12113132 kB
MemFree:         6169888 kB
MemAvailable:    7979548 kB
Buffers:            6988 kB
Cached:          1904624 kB
SwapCached:            0 kB
Active:          1494068 kB
Inactive:        1653124 kB
Active(anon):    1242040 kB
Inactive(anon):    27448 kB
Active(file):     252028 kB
Inactive(file):  1625676 kB
Unevictable:        5532 kB
Mlocked:            5532 kB
SwapTotal:       3145724 kB
SwapFree:        3145724 kB
Dirty:               756 kB
Writeback:             0 kB
AnonPages:       1241132 kB
Mapped:           861916 kB
Shmem:             29428 kB
KReclaimable:     800660 kB
Slab:             221980 kB
SReclaimable:      78172 kB
SUnreclaim:       143808 kB
KernelStack:       46080 kB
PageTables:        62744 kB
NFS_Unstable:          0 kB
Bounce:                0 kB
WritebackTmp:          0 kB
CommitLimit:     9202288 kB
Committed_AS:   66024300 kB
VmallocTotal:   263061440 kB
VmallocUsed:      103088 kB
VmallocChunk:          0 kB
Percpu:             7648 kB
CmaTotal:         294912 kB
CmaFree:               0 kB
MemTotal:       12113132 kB
MemFree:         6168732 kB
MemAvailable:    7978412 kB
Buffers:            6988 kB
Cached:          1904644 kB
SwapCached:            0 kB
Active:          1494916 kB
Inactive:        1653144 kB
Active(anon):    1242888 kB
Inactive(anon):    27448 kB
Active(file):     252028 kB
Inactive(file):  1625696 kB
Unevictable:        5532 kB
Mlocked:            5532 kB
SwapTotal:       3145724 kB
SwapFree:        3145724 kB
Dirty:               788 kB
Writeback:             0 kB
AnonPages:       1241872 kB
Mapped:           861916 kB
Shmem:             29428 kB
KReclaimable:     800660 kB
Slab:             221980 kB
SReclaimable:      78172 kB
SUnreclaim:       143808 kB
KernelStack:       46128 kB
PageTables:        62816 kB
NFS_Unstable:          0 kB
Bounce:                0 kB
WritebackTmp:          0 kB
CommitLimit:     9202288 kB
Committed_AS:   66025500 kB
VmallocTotal:   263061440 kB
VmallocUsed:      103088 kB
VmallocChunk:          0 kB
Percpu:             7648 kB
CmaTotal:         294912 kB
CmaFree:               0 kB
MemTotal:       12113132 kB
MemFree:         6167604 kB
MemAvailable:    7977300 kB
Buffers:            6988 kB
Cached:          1904660 kB
SwapCached:            0 kB
Active:          1495412 kB
Inactive:        1653160 kB
Active(anon):    1243384 kB
Inactive(anon):    27448 kB
Active(file):     252028 kB
Inactive(file):  1625712 kB
Unevictable:        5532 kB
Mlocked:            5532 kB
SwapTotal:       3145724 kB
SwapFree:        3145724 kB
Dirty:               808 kB
Writeback:             0 kB
AnonPages:       1242480 kB
Mapped:           861916 kB
Shmem:             29428 kB
KReclaimable:     800660 kB
Slab:             221980 kB
SReclaimable:      78172 kB
SUnreclaim:       143808 kB
KernelStack:       46080 kB
PageTables:        62744 kB
NFS_Unstable:          0 kB
Bounce:                0 kB
WritebackTmp:          0 kB
CommitLimit:     9202288 kB
Committed_AS:   66025016 kB
VmallocTotal:   263061440 kB
VmallocUsed:      103072 kB
VmallocChunk:          0 kB
Percpu:             7648 kB
CmaTotal:         294912 kB
CmaFree:               0 kB
MemTotal:       12113132 kB
MemFree:         6166660 kB
MemAvailable:    7976424 kB
Buffers:            6996 kB
Cached:          1904720 kB
SwapCached:            0 kB
Active:          1496172 kB
Inactive:        1653216 kB
Active(anon):    1244132 kB
Inactive(anon):    27448 kB
Active(file):     252040 kB
Inactive(file):  1625768 kB
Unevictable:        5532 kB
Mlocked:            5532 kB
SwapTotal:       3145724 kB
SwapFree:        3145724 kB
Dirty:               800 kB
Writeback:             4 kB
AnonPages:       1243196 kB
Mapped:           861916 kB
Shmem:             29428 kB
KReclaimable:     800660 kB
Slab:             221980 kB
SReclaimable:      78172 kB
SUnreclaim:       143808 kB
KernelStack:       46112 kB
PageTables:        62768 kB
NFS_Unstable:          0 kB
Bounce:                0 kB
WritebackTmp:          0 kB
CommitLimit:     9202288 kB
Committed_AS:   66026380 kB
VmallocTotal:   263061440 kB
VmallocUsed:      103104 kB
VmallocChunk:          0 kB
Percpu:             7648 kB
CmaTotal:         294912 kB
CmaFree:               0 kB
MemTotal:       12113132 kB
MemFree:         6178648 kB
MemAvailable:    7988404 kB
Buffers:            6996 kB
Cached:          1904712 kB
SwapCached:            0 kB
Active:          1483428 kB
Inactive:        1653212 kB
Active(anon):    1231392 kB
Inactive(anon):    27448 kB
Active(file):     252036 kB
Inactive(file):  1625764 kB
Unevictable:        5532 kB
Mlocked:            5532 kB
SwapTotal:       3145724 kB
SwapFree:        3145724 kB
Dirty:               184 kB
Writeback:             0 kB
AnonPages:       1230556 kB
Mapped:           861916 kB
Shmem:             29428 kB
KReclaimable:     800660 kB
Slab:             221980 kB
SReclaimable:      78172 kB
SUnreclaim:       143808 kB
KernelStack:       46080 kB
PageTables:        62748 kB
NFS_Unstable:          0 kB
Bounce:                0 kB
WritebackTmp:          0 kB
CommitLimit:     9202288 kB
Committed_AS:   66018476 kB
VmallocTotal:   263061440 kB
VmallocUsed:      103072 kB
VmallocChunk:          0 kB
Percpu:             7648 kB
CmaTotal:         294912 kB
CmaFree:               0 kB
MemTotal:       12113132 kB
MemFree:         6178612 kB
MemAvailable:    7988380 kB
Buffers:            6996 kB
Cached:          1904728 kB
SwapCached:            0 kB
Active:          1484716 kB
Inactive:        1653228 kB
Active(anon):    1232680 kB
Inactive(anon):    27452 kB
Active(file):     252036 kB
Inactive(file):  1625776 kB
Unevictable:        5532 kB
Mlocked:            5532 kB
SwapTotal:       3145724 kB
SwapFree:        3145724 kB
Dirty:               264 kB
Writeback:             0 kB
AnonPages:       1231736 kB
Mapped:           861920 kB
Shmem:             29432 kB
KReclaimable:     800660 kB
Slab:             221980 kB
SReclaimable:      78172 kB
SUnreclaim:       143808 kB
KernelStack:       46096 kB
PageTables:        62876 kB
NFS_Unstable:          0 kB
Bounce:                0 kB
WritebackTmp:          0 kB
CommitLimit:     9202288 kB
Committed_AS:   66031488 kB
VmallocTotal:   263061440 kB
VmallocUsed:      103072 kB
VmallocChunk:          0 kB
Percpu:             7648 kB
CmaTotal:         294912 kB
CmaFree:               0 kB
MemTotal:       12113132 kB
MemFree:         6177820 kB
MemAvailable:    7987604 kB
Buffers:            6996 kB
Cached:          1904744 kB
SwapCached:            0 kB
Active:          1485416 kB
Inactive:        1653244 kB
Active(anon):    1233380 kB
Inactive(anon):    27452 kB
Active(file):     252036 kB
Inactive(file):  1625792 kB
Unevictable:        5532 kB
Mlocked:            5532 kB
SwapTotal:       3145724 kB
SwapFree:        3145724 kB
Dirty:               296 kB
Writeback:             0 kB
AnonPages:       1232468 kB
Mapped:           861920 kB
Shmem:             29432 kB
KReclaimable:     800660 kB
Slab:             221980 kB
SReclaimable:      78172 kB
SUnreclaim:       143808 kB
KernelStack:       46096 kB
PageTables:        62748 kB
NFS_Unstable:          0 kB
Bounce:                0 kB
WritebackTmp:          0 kB
CommitLimit:     9202288 kB
Committed_AS:   66031624 kB
VmallocTotal:   263061440 kB
VmallocUsed:      103104 kB
VmallocChunk:          0 kB
Percpu:             7648 kB
CmaTotal:         294912 kB
CmaFree:               0 kB
MemTotal:       12113132 kB
MemFree:         6177548 kB
MemAvailable:    7987348 kB
Buffers:            6996 kB
Cached:          1904760 kB
SwapCached:            0 kB
Active:          1486120 kB
Inactive:        1653260 kB
Active(anon):    1234084 kB
Inactive(anon):    27452 kB
Active(file):     252036 kB
Inactive(file):  1625808 kB
Unevictable:        5532 kB
Mlocked:            5532 kB
SwapTotal:       3145724 kB
SwapFree:        3145724 kB
Dirty:               340 kB
Writeback:             0 kB
AnonPages:       1233068 kB
Mapped:           861920 kB
Shmem:             29432 kB
KReclaimable:     800660 kB
Slab:             221980 kB
SReclaimable:      78172 kB
SUnreclaim:       143808 kB
KernelStack:       46144 kB
PageTables:        62820 kB
NFS_Unstable:          0 kB
Bounce:                0 kB
WritebackTmp:          0 kB
CommitLimit:     9202288 kB
Committed_AS:   66021100 kB
VmallocTotal:   263061440 kB
VmallocUsed:      103136 kB
VmallocChunk:          0 kB
Percpu:             7648 kB
CmaTotal:         294912 kB
CmaFree:               0 kB
MemTotal:       12113132 kB
MemFree:         6176992 kB
MemAvailable:    7986812 kB
Buffers:            6996 kB
Cached:          1904780 kB
SwapCached:            0 kB
Active:          1486840 kB
Inactive:        1653280 kB
Active(anon):    1234804 kB
Inactive(anon):    27452 kB
Active(file):     252036 kB
Inactive(file):  1625828 kB
Unevictable:        5532 kB
Mlocked:            5532 kB
SwapTotal:       3145724 kB
SwapFree:        3145724 kB
Dirty:               364 kB
Writeback:             0 kB
AnonPages:       1233908 kB
Mapped:           861920 kB
Shmem:             29432 kB
KReclaimable:     800660 kB
Slab:             221980 kB
SReclaimable:      78172 kB
SUnreclaim:       143808 kB
KernelStack:       46096 kB
PageTables:        62752 kB
NFS_Unstable:          0 kB
Bounce:                0 kB
WritebackTmp:          0 kB
CommitLimit:     9202288 kB
Committed_AS:   66025516 kB
VmallocTotal:   263061440 kB
VmallocUsed:      103136 kB
VmallocChunk:          0 kB
Percpu:             7648 kB
CmaTotal:         294912 kB
CmaFree:               0 kB
MemTotal:       12113132 kB
MemFree:         6176048 kB
MemAvailable:    7985880 kB
Buffers:            6996 kB
Cached:          1904792 kB
SwapCached:            0 kB
Active:          1487800 kB
Inactive:        1653292 kB
Active(anon):    1235764 kB
Inactive(anon):    27452 kB
Active(file):     252036 kB
Inactive(file):  1625840 kB
Unevictable:        5532 kB
Mlocked:            5532 kB
SwapTotal:       3145724 kB
SwapFree:        3145724 kB
Dirty:               384 kB
Writeback:             0 kB
AnonPages:       1234828 kB
Mapped:           861980 kB
Shmem:             29432 kB
KReclaimable:     800660 kB
Slab:             221980 kB
SReclaimable:      78172 kB
SUnreclaim:       143808 kB
KernelStack:       46112 kB
PageTables:        62876 kB
NFS_Unstable:          0 kB
Bounce:                0 kB
WritebackTmp:          0 kB
CommitLimit:     9202288 kB
Committed_AS:   66025112 kB
VmallocTotal:   263061440 kB
VmallocUsed:      103152 kB
VmallocChunk:          0 kB
Percpu:             7648 kB
CmaTotal:         294912 kB
CmaFree:               0 kB
MemTotal:       12113132 kB
MemFree:         6174252 kB
MemAvailable:    7984096 kB
Buffers:            6996 kB
Cached:          1904808 kB
SwapCached:            0 kB
Active:          1490492 kB
Inactive:        1653308 kB
Active(anon):    1238456 kB
Inactive(anon):    27456 kB
Active(file):     252036 kB
Inactive(file):  1625852 kB
Unevictable:        5532 kB
Mlocked:            5532 kB
SwapTotal:       3145724 kB
SwapFree:        3145724 kB
Dirty:               488 kB
Writeback:             0 kB
AnonPages:       1237588 kB
Mapped:           861984 kB
Shmem:             29436 kB
KReclaimable:     800660 kB
Slab:             221980 kB
SReclaimable:      78172 kB
SUnreclaim:       143808 kB
KernelStack:       46176 kB
PageTables:        62748 kB
NFS_Unstable:          0 kB
Bounce:                0 kB
WritebackTmp:          0 kB
CommitLimit:     9202288 kB
Committed_AS:   66031528 kB
VmallocTotal:   263061440 kB
VmallocUsed:      103152 kB
VmallocChunk:          0 kB
Percpu:             7648 kB
CmaTotal:         294912 kB
CmaFree:               0 kB
MemTotal:       12113132 kB
MemFree:         6172232 kB
MemAvailable:    7982096 kB
Buffers:            6996 kB
Cached:          1904828 kB
SwapCached:            0 kB
Active:          1492684 kB
Inactive:        1653328 kB
Active(anon):    1240648 kB
Inactive(anon):    27456 kB
Active(file):     252036 kB
Inactive(file):  1625872 kB
Unevictable:        5532 kB
Mlocked:            5532 kB
SwapTotal:       3145724 kB
SwapFree:        3145724 kB
Dirty:               516 kB
Writeback:             0 kB
AnonPages:       1239712 kB
Mapped:           875364 kB
Shmem:             29436 kB
KReclaimable:     800660 kB
Slab:             221980 kB
SReclaimable:      78172 kB
SUnreclaim:       143808 kB
KernelStack:       46208 kB
PageTables:        62852 kB
NFS_Unstable:          0 kB
Bounce:                0 kB
WritebackTmp:          0 kB
CommitLimit:     9202288 kB
Committed_AS:   66031368 kB
VmallocTotal:   263061440 kB
VmallocUsed:      103216 kB
VmallocChunk:          0 kB
Percpu:             7648 kB
CmaTotal:         294912 kB
CmaFree:               0 kB
MemTotal:       12113132 kB
MemFree:         6172404 kB
MemAvailable:    7982284 kB
Buffers:            6996 kB
Cached:          1904844 kB
SwapCached:            0 kB
Active:          1493080 kB
Inactive:        1653344 kB
Active(anon):    1241044 kB
Inactive(anon):    27456 kB
Active(file):     252036 kB
Inactive(file):  1625888 kB
Unevictable:        5532 kB
Mlocked:            5532 kB
SwapTotal:       3145724 kB
SwapFree:        3145724 kB
Dirty:               564 kB
Writeback:             0 kB
AnonPages:       1240128 kB
Mapped:           875364 kB
Shmem:             29436 kB
KReclaimable:     800660 kB
Slab:             221980 kB
SReclaimable:      78172 kB
SUnreclaim:       143808 kB
KernelStack:       46176 kB
PageTables:        62800 kB
NFS_Unstable:          0 kB
Bounce:                0 kB
WritebackTmp:          0 kB
CommitLimit:     9202288 kB
Committed_AS:   66031716 kB
VmallocTotal:   263061440 kB
VmallocUsed:      103216 kB
VmallocChunk:          0 kB
Percpu:             7648 kB
CmaTotal:         294912 kB
CmaFree:               0 kB
MemTotal:       12113132 kB
MemFree:         6169380 kB
MemAvailable:    7979276 kB
Buffers:            6996 kB
Cached:          1904860 kB
SwapCached:            0 kB
Active:          1494136 kB
Inactive:        1653360 kB
Active(anon):    1242100 kB
Inactive(anon):    27456 kB
Active(file):     252036 kB
Inactive(file):  1625904 kB
Unevictable:        5532 kB
Mlocked:            5532 kB
SwapTotal:       3145724 kB
SwapFree:        3145724 kB
Dirty:               592 kB
Writeback:             0 kB
AnonPages:       1241116 kB
Mapped:           875364 kB
Shmem:             29436 kB
KReclaimable:     800660 kB
Slab:             221980 kB
SReclaimable:      78172 kB
SUnreclaim:       143808 kB
KernelStack:       46208 kB
PageTables:        62856 kB
NFS_Unstable:          0 kB
Bounce:                0 kB
WritebackTmp:          0 kB
CommitLimit:     9202288 kB
Committed_AS:   66031684 kB
VmallocTotal:   263061440 kB
VmallocUsed:      103168 kB
VmallocChunk:          0 kB
Percpu:             7648 kB
CmaTotal:         294912 kB
CmaFree:               0 kB
MemTotal:       12113132 kB
MemFree:         6168844 kB
MemAvailable:    7978756 kB
Buffers:            6996 kB
Cached:          1904876 kB
SwapCached:            0 kB
Active:          1494708 kB
Inactive:        1653376 kB
Active(anon):    1242672 kB
Inactive(anon):    27456 kB
Active(file):     252036 kB
Inactive(file):  1625920 kB
Unevictable:        5532 kB
Mlocked:            5532 kB
SwapTotal:       3145724 kB
SwapFree:        3145724 kB
Dirty:               188 kB
Writeback:           188 kB
AnonPages:       1241780 kB
Mapped:           875364 kB
Shmem:             29436 kB
KReclaimable:     800660 kB
Slab:             221980 kB
SReclaimable:      78172 kB
SUnreclaim:       143808 kB
KernelStack:       46176 kB
PageTables:        62800 kB
NFS_Unstable:          0 kB
Bounce:                0 kB
WritebackTmp:          0 kB
CommitLimit:     9202288 kB
Committed_AS:   66026136 kB
VmallocTotal:   263061440 kB
VmallocUsed:      103168 kB
VmallocChunk:          0 kB
Percpu:             7648 kB
CmaTotal:         294912 kB
CmaFree:               0 kB
MemTotal:       12113132 kB
MemFree:         6167424 kB
MemAvailable:    7977352 kB
Buffers:            6996 kB
Cached:          1904892 kB
SwapCached:            0 kB
Active:          1495328 kB
Inactive:        1653392 kB
Active(anon):    1243292 kB
Inactive(anon):    27456 kB
Active(file):     252036 kB
Inactive(file):  1625936 kB
Unevictable:        5532 kB
Mlocked:            5532 kB
SwapTotal:       3145724 kB
SwapFree:        3145724 kB
Dirty:               320 kB
Writeback:             0 kB
AnonPages:       1242288 kB
Mapped:           875364 kB
Shmem:             29436 kB
KReclaimable:     800660 kB
Slab:             221980 kB
SReclaimable:      78172 kB
SUnreclaim:       143808 kB
KernelStack:       46176 kB
PageTables:        62804 kB
NFS_Unstable:          0 kB
Bounce:                0 kB
WritebackTmp:          0 kB
CommitLimit:     9202288 kB
Committed_AS:   66026300 kB
VmallocTotal:   263061440 kB
VmallocUsed:      103184 kB
VmallocChunk:          0 kB
Percpu:             7648 kB
CmaTotal:         294912 kB
CmaFree:               0 kB
MemTotal:       12113132 kB
MemFree:         6167524 kB
MemAvailable:    7977500 kB
Buffers:            6996 kB
Cached:          1904940 kB
SwapCached:            0 kB
Active:          1496320 kB
Inactive:        1653436 kB
Active(anon):    1244280 kB
Inactive(anon):    27456 kB
Active(file):     252040 kB
Inactive(file):  1625980 kB
Unevictable:        5532 kB
Mlocked:            5532 kB
SwapTotal:       3145724 kB
SwapFree:        3145724 kB
Dirty:               376 kB
Writeback:             0 kB
AnonPages:       1243368 kB
Mapped:           875364 kB
Shmem:             29436 kB
KReclaimable:     800660 kB
Slab:             221980 kB
SReclaimable:      78172 kB
SUnreclaim:       143808 kB
KernelStack:       46176 kB
PageTables:        62796 kB
NFS_Unstable:          0 kB
Bounce:                0 kB
WritebackTmp:          0 kB
CommitLimit:     9202288 kB
Committed_AS:   66025916 kB
VmallocTotal:   263061440 kB
VmallocUsed:      103184 kB
VmallocChunk:          0 kB
Percpu:             7648 kB
CmaTotal:         294912 kB
CmaFree:               0 kB
MemTotal:       12113132 kB
MemFree:         6127064 kB
MemAvailable:    7937024 kB
Buffers:            6996 kB
Cached:          1904924 kB
SwapCached:            0 kB
Active:          1537308 kB
Inactive:        1653424 kB
Active(anon):    1285272 kB
Inactive(anon):    27456 kB
Active(file):     252036 kB
Inactive(file):  1625968 kB
Unevictable:        5532 kB
Mlocked:            5532 kB
SwapTotal:       3145724 kB
SwapFree:        3145724 kB
Dirty:               380 kB
Writeback:             0 kB
AnonPages:       1284376 kB
Mapped:           875364 kB
Shmem:             29436 kB
KReclaimable:     800660 kB
Slab:             221988 kB
SReclaimable:      78172 kB
SUnreclaim:       143816 kB
KernelStack:       46176 kB
PageTables:        62808 kB
NFS_Unstable:          0 kB
Bounce:                0 kB
WritebackTmp:          0 kB
CommitLimit:     9202288 kB
Committed_AS:   66026140 kB
VmallocTotal:   263061440 kB
VmallocUsed:      103216 kB
VmallocChunk:          0 kB
Percpu:             7648 kB
CmaTotal:         294912 kB
CmaFree:               0 kB
MemTotal:       12113132 kB
MemFree:         6130752 kB
MemAvailable:    7940752 kB
Buffers:            7000 kB
Cached:          1904960 kB
SwapCached:            0 kB
Active:          1533012 kB
Inactive:        1653456 kB
Active(anon):    1280968 kB
Inactive(anon):    27456 kB
Active(file):     252044 kB
Inactive(file):  1626000 kB
Unevictable:        5532 kB
Mlocked:            5532 kB
SwapTotal:       3145724 kB
SwapFree:        3145724 kB
Dirty:               416 kB
Writeback:             0 kB
AnonPages:       1280060 kB
Mapped:           875364 kB
Shmem:             29436 kB
KReclaimable:     800660 kB
Slab:             221980 kB
SReclaimable:      78172 kB
SUnreclaim:       143808 kB
KernelStack:       46176 kB
PageTables:        62792 kB
NFS_Unstable:          0 kB
Bounce:                0 kB
WritebackTmp:          0 kB
CommitLimit:     9202288 kB
Committed_AS:   66016788 kB
VmallocTotal:   263061440 kB
VmallocUsed:      103232 kB
VmallocChunk:          0 kB
Percpu:             7648 kB
CmaTotal:         294912 kB
CmaFree:               0 kB
MemTotal:       12113132 kB
MemFree:         6130924 kB
MemAvailable:    7940936 kB
Buffers:            7000 kB
Cached:          1904972 kB
SwapCached:            0 kB
Active:          1533224 kB
Inactive:        1653468 kB
Active(anon):    1281180 kB
Inactive(anon):    27456 kB
Active(file):     252044 kB
Inactive(file):  1626012 kB
Unevictable:        5532 kB
Mlocked:            5532 kB
SwapTotal:       3145724 kB
SwapFree:        3145724 kB
Dirty:               476 kB
Writeback:             0 kB
AnonPages:       1280292 kB
Mapped:           875364 kB
Shmem:             29436 kB
KReclaimable:     800660 kB
Slab:             221996 kB
SReclaimable:      78172 kB
SUnreclaim:       143824 kB
KernelStack:       46224 kB
PageTables:        62860 kB
NFS_Unstable:          0 kB
Bounce:                0 kB
WritebackTmp:          0 kB
CommitLimit:     9202288 kB
Committed_AS:   66026440 kB
VmallocTotal:   263061440 kB
VmallocUsed:      103216 kB
VmallocChunk:          0 kB
Percpu:             7648 kB
CmaTotal:         294912 kB
CmaFree:               0 kB
MemTotal:       12113132 kB
MemFree:         6130336 kB
MemAvailable:    7940368 kB
Buffers:            7000 kB
Cached:          1904992 kB
SwapCached:            0 kB
Active:          1533704 kB
Inactive:        1653488 kB
Active(anon):    1281660 kB
Inactive(anon):    27456 kB
Active(file):     252044 kB
Inactive(file):  1626032 kB
Unevictable:        5532 kB
Mlocked:            5532 kB
SwapTotal:       3145724 kB
SwapFree:        3145724 kB
Dirty:               520 kB
Writeback:             0 kB
AnonPages:       1280772 kB
Mapped:           875364 kB
Shmem:             29436 kB
KReclaimable:     800660 kB
Slab:             221988 kB
SReclaimable:      78172 kB
SUnreclaim:       143816 kB
KernelStack:       46176 kB
PageTables:        62800 kB
NFS_Unstable:          0 kB
Bounce:                0 kB
WritebackTmp:          0 kB
CommitLimit:     9202288 kB
Committed_AS:   66032520 kB
VmallocTotal:   263061440 kB
VmallocUsed:      103088 kB
VmallocChunk:          0 kB
Percpu:             7648 kB
CmaTotal:         294912 kB
CmaFree:               0 kB
MemTotal:       12113132 kB
MemFree:         6128448 kB
MemAvailable:    7938492 kB
Buffers:            7000 kB
Cached:          1905004 kB
SwapCached:            0 kB
Active:          1534436 kB
Inactive:        1653500 kB
Active(anon):    1282392 kB
Inactive(anon):    27456 kB
Active(file):     252044 kB
Inactive(file):  1626044 kB
Unevictable:        5532 kB
Mlocked:            5532 kB
SwapTotal:       3145724 kB
SwapFree:        3145724 kB
Dirty:               540 kB
Writeback:             0 kB
AnonPages:       1281460 kB
Mapped:           875364 kB
Shmem:             29436 kB
KReclaimable:     800660 kB
Slab:             221988 kB
SReclaimable:      78172 kB
SUnreclaim:       143816 kB
KernelStack:       46176 kB
PageTables:        62804 kB
NFS_Unstable:          0 kB
Bounce:                0 kB
WritebackTmp:          0 kB
CommitLimit:     9202288 kB
Committed_AS:   66033780 kB
VmallocTotal:   263061440 kB
VmallocUsed:      103168 kB
VmallocChunk:          0 kB
Percpu:             7648 kB
CmaTotal:         294912 kB
CmaFree:               0 kB
MemTotal:       12113132 kB
MemFree:         6128668 kB
MemAvailable:    7938732 kB
Buffers:            7000 kB
Cached:          1905024 kB
SwapCached:            0 kB
Active:          1534720 kB
Inactive:        1653520 kB
Active(anon):    1282676 kB
Inactive(anon):    27456 kB
Active(file):     252044 kB
Inactive(file):  1626064 kB
Unevictable:        5532 kB
Mlocked:            5532 kB
SwapTotal:       3145724 kB
SwapFree:        3145724 kB
Dirty:               608 kB
Writeback:             0 kB
AnonPages:       1281868 kB
Mapped:           875364 kB
Shmem:             29436 kB
KReclaimable:     800660 kB
Slab:             221988 kB
SReclaimable:      78172 kB
SUnreclaim:       143816 kB
KernelStack:       46176 kB
PageTables:        62800 kB
NFS_Unstable:          0 kB
Bounce:                0 kB
WritebackTmp:          0 kB
CommitLimit:     9202288 kB
Committed_AS:   66030652 kB
VmallocTotal:   263061440 kB
VmallocUsed:      103152 kB
VmallocChunk:          0 kB
Percpu:             7648 kB
CmaTotal:         294912 kB
CmaFree:               0 kB
MemTotal:       12113132 kB
MemFree:         6127124 kB
MemAvailable:    7937204 kB
Buffers:            7000 kB
Cached:          1905040 kB
SwapCached:            0 kB
Active:          1535508 kB
Inactive:        1653536 kB
Active(anon):    1283464 kB
Inactive(anon):    27456 kB
Active(file):     252044 kB
Inactive(file):  1626080 kB
Unevictable:        5532 kB
Mlocked:            5532 kB
SwapTotal:       3145724 kB
SwapFree:        3145724 kB
Dirty:               624 kB
Writeback:             0 kB
AnonPages:       1282504 kB
Mapped:           875364 kB
Shmem:             29436 kB
KReclaimable:     800660 kB
Slab:             221992 kB
SReclaimable:      78172 kB
SUnreclaim:       143820 kB
KernelStack:       46192 kB
PageTables:        62824 kB
NFS_Unstable:          0 kB
Bounce:                0 kB
WritebackTmp:          0 kB
CommitLimit:     9202288 kB
Committed_AS:   66035108 kB
VmallocTotal:   263061440 kB
VmallocUsed:      103200 kB
VmallocChunk:          0 kB
Percpu:             7648 kB
CmaTotal:         294912 kB
CmaFree:               0 kB
MemTotal:       12113132 kB
MemFree:         6129680 kB
MemAvailable:    7939772 kB
Buffers:            7000 kB
Cached:          1905052 kB
SwapCached:            0 kB
Active:          1531928 kB
Inactive:        1653548 kB
Active(anon):    1279884 kB
Inactive(anon):    27456 kB
Active(file):     252044 kB
Inactive(file):  1626092 kB
Unevictable:        5532 kB
Mlocked:            5532 kB
SwapTotal:       3145724 kB
SwapFree:        3145724 kB
Dirty:               636 kB
Writeback:             0 kB
AnonPages:       1278988 kB
Mapped:           875364 kB
Shmem:             29436 kB
KReclaimable:     800660 kB
Slab:             221992 kB
SReclaimable:      78172 kB
SUnreclaim:       143820 kB
KernelStack:       46176 kB
PageTables:        62800 kB
NFS_Unstable:          0 kB
Bounce:                0 kB
WritebackTmp:          0 kB
CommitLimit:     9202288 kB
Committed_AS:   66035016 kB
VmallocTotal:   263061440 kB
VmallocUsed:      103232 kB
VmallocChunk:          0 kB
Percpu:             7648 kB
CmaTotal:         294912 kB
CmaFree:               0 kB
MemTotal:       12113132 kB
MemFree:         6131196 kB
MemAvailable:    7941304 kB
Buffers:            7000 kB
Cached:          1905068 kB
SwapCached:            0 kB
Active:          1531312 kB
Inactive:        1653564 kB
Active(anon):    1279268 kB
Inactive(anon):    27456 kB
Active(file):     252044 kB
Inactive(file):  1626108 kB
Unevictable:        5532 kB
Mlocked:            5532 kB
SwapTotal:       3145724 kB
SwapFree:        3145724 kB
Dirty:               664 kB
Writeback:             0 kB
AnonPages:       1278352 kB
Mapped:           875364 kB
Shmem:             29436 kB
KReclaimable:     800660 kB
Slab:             221996 kB
SReclaimable:      78172 kB
SUnreclaim:       143824 kB
KernelStack:       46176 kB
PageTables:        62808 kB
NFS_Unstable:          0 kB
Bounce:                0 kB
WritebackTmp:          0 kB
CommitLimit:     9202288 kB
Committed_AS:   66034756 kB
VmallocTotal:   263061440 kB
VmallocUsed:      103232 kB
VmallocChunk:          0 kB
Percpu:             7648 kB
CmaTotal:         294912 kB
CmaFree:               0 kB
MemTotal:       12113132 kB
MemFree:         6131888 kB
MemAvailable:    7942012 kB
Buffers:            7000 kB
Cached:          1905084 kB
SwapCached:            0 kB
Active:          1531980 kB
Inactive:        1653580 kB
Active(anon):    1279936 kB
Inactive(anon):    27456 kB
Active(file):     252044 kB
Inactive(file):  1626124 kB
Unevictable:        5532 kB
Mlocked:            5532 kB
SwapTotal:       3145724 kB
SwapFree:        3145724 kB
Dirty:               684 kB
Writeback:             0 kB
AnonPages:       1279052 kB
Mapped:           875364 kB
Shmem:             29436 kB
KReclaimable:     800660 kB
Slab:             221996 kB
SReclaimable:      78172 kB
SUnreclaim:       143824 kB
KernelStack:       46176 kB
PageTables:        62796 kB
NFS_Unstable:          0 kB
Bounce:                0 kB
WritebackTmp:          0 kB
CommitLimit:     9202288 kB
Committed_AS:   66034488 kB
VmallocTotal:   263061440 kB
VmallocUsed:      103200 kB
VmallocChunk:          0 kB
Percpu:             7648 kB
CmaTotal:         294912 kB
CmaFree:               0 kB
MemTotal:       12113132 kB
MemFree:         6130868 kB
MemAvailable:    7940996 kB
Buffers:            7000 kB
Cached:          1905088 kB
SwapCached:            0 kB
Active:          1532408 kB
Inactive:        1653584 kB
Active(anon):    1280364 kB
Inactive(anon):    27456 kB
Active(file):     252044 kB
Inactive(file):  1626128 kB
Unevictable:        5532 kB
Mlocked:            5532 kB
SwapTotal:       3145724 kB
SwapFree:        3145724 kB
Dirty:               712 kB
Writeback:             0 kB
AnonPages:       1279604 kB
Mapped:           875504 kB
Shmem:             29436 kB
KReclaimable:     800660 kB
Slab:             221980 kB
SReclaimable:      78172 kB
SUnreclaim:       143808 kB
KernelStack:       46240 kB
PageTables:        63076 kB
NFS_Unstable:          0 kB
Bounce:                0 kB
WritebackTmp:          0 kB
CommitLimit:     9202288 kB
Committed_AS:   66029244 kB
VmallocTotal:   263061440 kB
VmallocUsed:      103088 kB
VmallocChunk:          0 kB
Percpu:             7648 kB
CmaTotal:         294912 kB
CmaFree:               0 kB
MemTotal:       12113132 kB
MemFree:         6130284 kB
MemAvailable:    7940444 kB
Buffers:            7000 kB
Cached:          1905120 kB
SwapCached:            0 kB
Active:          1533324 kB
Inactive:        1653616 kB
Active(anon):    1281280 kB
Inactive(anon):    27456 kB
Active(file):     252044 kB
Inactive(file):  1626160 kB
Unevictable:        5532 kB
Mlocked:            5532 kB
SwapTotal:       3145724 kB
SwapFree:        3145724 kB
Dirty:               756 kB
Writeback:             0 kB
AnonPages:       1280380 kB
Mapped:           875364 kB
Shmem:             29436 kB
KReclaimable:     800660 kB
Slab:             222004 kB
SReclaimable:      78172 kB
SUnreclaim:       143832 kB
KernelStack:       46032 kB
PageTables:        62800 kB
NFS_Unstable:          0 kB
Bounce:                0 kB
WritebackTmp:          0 kB
CommitLimit:     9202288 kB
Committed_AS:   66034032 kB
VmallocTotal:   263061440 kB
VmallocUsed:      103024 kB
VmallocChunk:          0 kB
Percpu:             7648 kB
CmaTotal:         294912 kB
CmaFree:               0 kB
MemTotal:       12113132 kB
MemFree:         6137948 kB
MemAvailable:    7948120 kB
Buffers:            7000 kB
Cached:          1905132 kB
SwapCached:            0 kB
Active:          1525052 kB
Inactive:        1653628 kB
Active(anon):    1273008 kB
Inactive(anon):    27456 kB
Active(file):     252044 kB
Inactive(file):  1626172 kB
Unevictable:        5532 kB
Mlocked:            5532 kB
SwapTotal:       3145724 kB
SwapFree:        3145724 kB
Dirty:               768 kB
Writeback:             0 kB
AnonPages:       1272032 kB
Mapped:           875384 kB
Shmem:             29436 kB
KReclaimable:     800660 kB
Slab:             222000 kB
SReclaimable:      78172 kB
SUnreclaim:       143828 kB
KernelStack:       46000 kB
PageTables:        62860 kB
NFS_Unstable:          0 kB
Bounce:                0 kB
WritebackTmp:          0 kB
CommitLimit:     9202288 kB
Committed_AS:   66028188 kB
VmallocTotal:   263061440 kB
VmallocUsed:      102992 kB
VmallocChunk:          0 kB
Percpu:             7648 kB
CmaTotal:         294912 kB
CmaFree:               0 kB
MemTotal:       12113132 kB
MemFree:         6137360 kB
MemAvailable:    7947552 kB
Buffers:            7000 kB
Cached:          1905152 kB
SwapCached:            0 kB
Active:          1525764 kB
Inactive:        1653648 kB
Active(anon):    1273720 kB
Inactive(anon):    27456 kB
Active(file):     252044 kB
Inactive(file):  1626192 kB
Unevictable:        5532 kB
Mlocked:            5532 kB
SwapTotal:       3145724 kB
SwapFree:        3145724 kB
Dirty:               308 kB
Writeback:             0 kB
AnonPages:       1272828 kB
Mapped:           875364 kB
Shmem:             29436 kB
KReclaimable:     800660 kB
Slab:             222008 kB
SReclaimable:      78172 kB
SUnreclaim:       143836 kB
KernelStack:       46032 kB
PageTables:        62804 kB
NFS_Unstable:          0 kB
Bounce:                0 kB
WritebackTmp:          0 kB
CommitLimit:     9202288 kB
Committed_AS:   66024340 kB
VmallocTotal:   263061440 kB
VmallocUsed:      103024 kB
VmallocChunk:          0 kB
Percpu:             7648 kB
CmaTotal:         294912 kB
CmaFree:               0 kB
MemTotal:       12113132 kB
MemFree:         6136644 kB
MemAvailable:    7946848 kB
Buffers:            7000 kB
Cached:          1905168 kB
SwapCached:            0 kB
Active:          1526492 kB
Inactive:        1653664 kB
Active(anon):    1274448 kB
Inactive(anon):    27460 kB
Active(file):     252044 kB
Inactive(file):  1626204 kB
Unevictable:        5532 kB
Mlocked:            5532 kB
SwapTotal:       3145724 kB
SwapFree:        3145724 kB
Dirty:               332 kB
Writeback:             0 kB
AnonPages:       1273448 kB
Mapped:           875368 kB
Shmem:             29440 kB
KReclaimable:     800660 kB
Slab:             222004 kB
SReclaimable:      78172 kB
SUnreclaim:       143832 kB
KernelStack:       46064 kB
PageTables:        62808 kB
NFS_Unstable:          0 kB
Bounce:                0 kB
WritebackTmp:          0 kB
CommitLimit:     9202288 kB
Committed_AS:   66019496 kB
VmallocTotal:   263061440 kB
VmallocUsed:      102992 kB
VmallocChunk:          0 kB
Percpu:             7648 kB
CmaTotal:         294912 kB
CmaFree:               0 kB
MemTotal:       12113132 kB
MemFree:         6148220 kB
MemAvailable:    7958444 kB
Buffers:            7000 kB
Cached:          1905188 kB
SwapCached:            0 kB
Active:          1513872 kB
Inactive:        1653684 kB
Active(anon):    1261828 kB
Inactive(anon):    27460 kB
Active(file):     252044 kB
Inactive(file):  1626224 kB
Unevictable:        5532 kB
Mlocked:            5532 kB
SwapTotal:       3145724 kB
SwapFree:        3145724 kB
Dirty:               356 kB
Writeback:             0 kB
AnonPages:       1260968 kB
Mapped:           861988 kB
Shmem:             29440 kB
KReclaimable:     800660 kB
Slab:             222004 kB
SReclaimable:      78172 kB
SUnreclaim:       143832 kB
KernelStack:       46032 kB
PageTables:        62752 kB
NFS_Unstable:          0 kB
Bounce:                0 kB
WritebackTmp:          0 kB
CommitLimit:     9202288 kB
Committed_AS:   66023396 kB
VmallocTotal:   263061440 kB
VmallocUsed:      103024 kB
VmallocChunk:          0 kB
Percpu:             7648 kB
CmaTotal:         294912 kB
CmaFree:               0 kB
MemTotal:       12113132 kB
MemFree:         6148636 kB
MemAvailable:    7958904 kB
Buffers:            7004 kB
Cached:          1905228 kB
SwapCached:            0 kB
Active:          1514292 kB
Inactive:        1653724 kB
Active(anon):    1262244 kB
Inactive(anon):    27460 kB
Active(file):     252048 kB
Inactive(file):  1626264 kB
Unevictable:        5532 kB
Mlocked:            5532 kB
SwapTotal:       3145724 kB
SwapFree:        3145724 kB
Dirty:               368 kB
Writeback:             0 kB
AnonPages:       1261272 kB
Mapped:           861988 kB
Shmem:             29440 kB
KReclaimable:     800660 kB
Slab:             222024 kB
SReclaimable:      78172 kB
SUnreclaim:       143852 kB
KernelStack:       46048 kB
PageTables:        62780 kB
NFS_Unstable:          0 kB
Bounce:                0 kB
WritebackTmp:          0 kB
CommitLimit:     9202288 kB
Committed_AS:   66023308 kB
VmallocTotal:   263061440 kB
VmallocUsed:      103056 kB
VmallocChunk:          0 kB
Percpu:             7648 kB
CmaTotal:         294912 kB
CmaFree:               0 kB
MemTotal:       12113132 kB
MemFree:         6148136 kB
MemAvailable:    7958412 kB
Buffers:            7004 kB
Cached:          1905236 kB
SwapCached:            0 kB
Active:          1515036 kB
Inactive:        1653732 kB
Active(anon):    1262988 kB
Inactive(anon):    27460 kB
Active(file):     252048 kB
Inactive(file):  1626272 kB
Unevictable:        5532 kB
Mlocked:            5532 kB
SwapTotal:       3145724 kB
SwapFree:        3145724 kB
Dirty:               428 kB
Writeback:             0 kB
AnonPages:       1262104 kB
Mapped:           861988 kB
Shmem:             29440 kB
KReclaimable:     800660 kB
Slab:             222008 kB
SReclaimable:      78172 kB
SUnreclaim:       143836 kB
KernelStack:       45968 kB
PageTables:        62744 kB
NFS_Unstable:          0 kB
Bounce:                0 kB
WritebackTmp:          0 kB
CommitLimit:     9202288 kB
Committed_AS:   66023000 kB
VmallocTotal:   263061440 kB
VmallocUsed:      103024 kB
VmallocChunk:          0 kB
Percpu:             7648 kB
CmaTotal:         294912 kB
CmaFree:               0 kB
MemTotal:       12113132 kB
MemFree:         6147316 kB
MemAvailable:    7957612 kB
Buffers:            7004 kB
Cached:          1905256 kB
SwapCached:            0 kB
Active:          1516248 kB
Inactive:        1653752 kB
Active(anon):    1264200 kB
Inactive(anon):    27460 kB
Active(file):     252048 kB
Inactive(file):  1626292 kB
Unevictable:        5532 kB
Mlocked:            5532 kB
SwapTotal:       3145724 kB
SwapFree:        3145724 kB
Dirty:               448 kB
Writeback:             0 kB
AnonPages:       1263132 kB
Mapped:           861988 kB
Shmem:             29440 kB
KReclaimable:     800660 kB
Slab:             222008 kB
SReclaimable:      78172 kB
SUnreclaim:       143836 kB
KernelStack:       46080 kB
PageTables:        62828 kB
NFS_Unstable:          0 kB
Bounce:                0 kB
WritebackTmp:          0 kB
CommitLimit:     9202288 kB
Committed_AS:   66023220 kB
VmallocTotal:   263061440 kB
VmallocUsed:      103040 kB
VmallocChunk:          0 kB
Percpu:             7648 kB
CmaTotal:         294912 kB
CmaFree:               0 kB
MemTotal:       12113132 kB
MemFree:         6147668 kB
MemAvailable:    7957976 kB
Buffers:            7004 kB
Cached:          1905268 kB
SwapCached:            0 kB
Active:          1515224 kB
Inactive:        1653764 kB
Active(anon):    1263176 kB
Inactive(anon):    27460 kB
Active(file):     252048 kB
Inactive(file):  1626304 kB
Unevictable:        5532 kB
Mlocked:            5532 kB
SwapTotal:       3145724 kB
SwapFree:        3145724 kB
Dirty:               464 kB
Writeback:             0 kB
AnonPages:       1262180 kB
Mapped:           861988 kB
Shmem:             29440 kB
KReclaimable:     800660 kB
Slab:             222012 kB
SReclaimable:      78172 kB
SUnreclaim:       143840 kB
KernelStack:       46032 kB
PageTables:        62748 kB
NFS_Unstable:          0 kB
Bounce:                0 kB
WritebackTmp:          0 kB
CommitLimit:     9202288 kB
Committed_AS:   66027848 kB
VmallocTotal:   263061440 kB
VmallocUsed:      103024 kB
VmallocChunk:          0 kB
Percpu:             7648 kB
CmaTotal:         294912 kB
CmaFree:               0 kB
MemTotal:       12113132 kB
MemFree:         6147324 kB
MemAvailable:    7957652 kB
Buffers:            7004 kB
Cached:          1905288 kB
SwapCached:            0 kB
Active:          1515716 kB
Inactive:        1653784 kB
Active(anon):    1263668 kB
Inactive(anon):    27460 kB
Active(file):     252048 kB
Inactive(file):  1626324 kB
Unevictable:        5532 kB
Mlocked:            5532 kB
SwapTotal:       3145724 kB
SwapFree:        3145724 kB
Dirty:               496 kB
Writeback:             0 kB
AnonPages:       1262692 kB
Mapped:           861988 kB
Shmem:             29440 kB
KReclaimable:     800660 kB
Slab:             222012 kB
SReclaimable:      78172 kB
SUnreclaim:       143840 kB
KernelStack:       46080 kB
PageTables:        62812 kB
NFS_Unstable:          0 kB
Bounce:                0 kB
WritebackTmp:          0 kB
CommitLimit:     9202288 kB
Committed_AS:   66023492 kB
VmallocTotal:   263061440 kB
VmallocUsed:      103008 kB
VmallocChunk:          0 kB
Percpu:             7648 kB
CmaTotal:         294912 kB
CmaFree:               0 kB
MemTotal:       12113132 kB
MemFree:         6146824 kB
MemAvailable:    7957164 kB
Buffers:            7004 kB
Cached:          1905300 kB
SwapCached:            0 kB
Active:          1516408 kB
Inactive:        1653796 kB
Active(anon):    1264360 kB
Inactive(anon):    27460 kB
Active(file):     252048 kB
Inactive(file):  1626336 kB
Unevictable:        5532 kB
Mlocked:            5532 kB
SwapTotal:       3145724 kB
SwapFree:        3145724 kB
Dirty:               508 kB
Writeback:             0 kB
AnonPages:       1263480 kB
Mapped:           861988 kB
Shmem:             29440 kB
KReclaimable:     800660 kB
Slab:             222012 kB
SReclaimable:      78172 kB
SUnreclaim:       143840 kB
KernelStack:       46032 kB
PageTables:        62748 kB
NFS_Unstable:          0 kB
Bounce:                0 kB
WritebackTmp:          0 kB
CommitLimit:     9202288 kB
Committed_AS:   66023580 kB
VmallocTotal:   263061440 kB
VmallocUsed:      103056 kB
VmallocChunk:          0 kB
Percpu:             7648 kB
CmaTotal:         294912 kB
CmaFree:               0 kB
MemTotal:       12113132 kB
MemFree:         6145800 kB
MemAvailable:    7956160 kB
Buffers:            7004 kB
Cached:          1905320 kB
SwapCached:            0 kB
Active:          1517096 kB
Inactive:        1653816 kB
Active(anon):    1265048 kB
Inactive(anon):    27460 kB
Active(file):     252048 kB
Inactive(file):  1626356 kB
Unevictable:        5532 kB
Mlocked:            5532 kB
SwapTotal:       3145724 kB
SwapFree:        3145724 kB
Dirty:               532 kB
Writeback:             0 kB
AnonPages:       1264080 kB
Mapped:           861988 kB
Shmem:             29440 kB
KReclaimable:     800660 kB
Slab:             222024 kB
SReclaimable:      78172 kB
SUnreclaim:       143852 kB
KernelStack:       46048 kB
PageTables:        62768 kB
NFS_Unstable:          0 kB
Bounce:                0 kB
WritebackTmp:          0 kB
CommitLimit:     9202288 kB
Committed_AS:   66024952 kB
VmallocTotal:   263061440 kB
VmallocUsed:      103088 kB
VmallocChunk:          0 kB
Percpu:             7648 kB
CmaTotal:         294912 kB
CmaFree:               0 kB
MemTotal:       12113132 kB
MemFree:         6145632 kB
MemAvailable:    7956000 kB
Buffers:            7004 kB
Cached:          1905328 kB
SwapCached:            0 kB
Active:          1517008 kB
Inactive:        1653824 kB
Active(anon):    1264960 kB
Inactive(anon):    27460 kB
Active(file):     252048 kB
Inactive(file):  1626364 kB
Unevictable:        5532 kB
Mlocked:            5532 kB
SwapTotal:       3145724 kB
SwapFree:        3145724 kB
Dirty:               288 kB
Writeback:             0 kB
AnonPages:       1264164 kB
Mapped:           861988 kB
Shmem:             29440 kB
KReclaimable:     800660 kB
Slab:             222016 kB
SReclaimable:      78172 kB
SUnreclaim:       143844 kB
KernelStack:       46064 kB
PageTables:        62744 kB
NFS_Unstable:          0 kB
Bounce:                0 kB
WritebackTmp:          0 kB
CommitLimit:     9202288 kB
Committed_AS:   66024768 kB
VmallocTotal:   263061440 kB
VmallocUsed:      103056 kB
VmallocChunk:          0 kB
Percpu:             7648 kB
CmaTotal:         294912 kB
CmaFree:               0 kB
MemTotal:       12113132 kB
MemFree:         6147920 kB
MemAvailable:    7958308 kB
Buffers:            7004 kB
Cached:          1905348 kB
SwapCached:            0 kB
Active:          1515740 kB
Inactive:        1653844 kB
Active(anon):    1263692 kB
Inactive(anon):    27460 kB
Active(file):     252048 kB
Inactive(file):  1626384 kB
Unevictable:        5532 kB
Mlocked:            5532 kB
SwapTotal:       3145724 kB
SwapFree:        3145724 kB
Dirty:               340 kB
Writeback:             0 kB
AnonPages:       1262684 kB
Mapped:           861988 kB
Shmem:             29440 kB
KReclaimable:     800660 kB
Slab:             222020 kB
SReclaimable:      78172 kB
SUnreclaim:       143848 kB
KernelStack:       46112 kB
PageTables:        62856 kB
NFS_Unstable:          0 kB
Bounce:                0 kB
WritebackTmp:          0 kB
CommitLimit:     9202288 kB
Committed_AS:   66024372 kB
VmallocTotal:   263061440 kB
VmallocUsed:      103056 kB
VmallocChunk:          0 kB
Percpu:             7648 kB
CmaTotal:         294912 kB
CmaFree:               0 kB
MemTotal:       12113132 kB
MemFree:         6146792 kB
MemAvailable:    7957196 kB
Buffers:            7004 kB
Cached:          1905364 kB
SwapCached:            0 kB
Active:          1516176 kB
Inactive:        1653860 kB
Active(anon):    1264128 kB
Inactive(anon):    27460 kB
Active(file):     252048 kB
Inactive(file):  1626400 kB
Unevictable:        5532 kB
Mlocked:            5532 kB
SwapTotal:       3145724 kB
SwapFree:        3145724 kB
Dirty:               380 kB
Writeback:             0 kB
AnonPages:       1263288 kB
Mapped:           861988 kB
Shmem:             29440 kB
KReclaimable:     800660 kB
Slab:             222028 kB
SReclaimable:      78172 kB
SUnreclaim:       143856 kB
KernelStack:       46096 kB
PageTables:        62748 kB
NFS_Unstable:          0 kB
Bounce:                0 kB
WritebackTmp:          0 kB
CommitLimit:     9202288 kB
Committed_AS:   66028264 kB
VmallocTotal:   263061440 kB
VmallocUsed:      103072 kB
VmallocChunk:          0 kB
Percpu:             7648 kB
CmaTotal:         294912 kB
CmaFree:               0 kB
MemTotal:       12113132 kB
MemFree:         6172988 kB
MemAvailable:    7983408 kB
Buffers:            7004 kB
Cached:          1905380 kB
SwapCached:            0 kB
Active:          1490412 kB
Inactive:        1653876 kB
Active(anon):    1238364 kB
Inactive(anon):    27460 kB
Active(file):     252048 kB
Inactive(file):  1626416 kB
Unevictable:        5532 kB
Mlocked:            5532 kB
SwapTotal:       3145724 kB
SwapFree:        3145724 kB
Dirty:               432 kB
Writeback:             0 kB
AnonPages:       1237484 kB
Mapped:           861988 kB
Shmem:             29440 kB
KReclaimable:     800660 kB
Slab:             222016 kB
SReclaimable:      78172 kB
SUnreclaim:       143844 kB
KernelStack:       46080 kB
PageTables:        62776 kB
NFS_Unstable:          0 kB
Bounce:                0 kB
WritebackTmp:          0 kB
CommitLimit:     9202288 kB
Committed_AS:   66032708 kB
VmallocTotal:   263061440 kB
VmallocUsed:      103088 kB
VmallocChunk:          0 kB
Percpu:             7648 kB
CmaTotal:         294912 kB
CmaFree:               0 kB
MemTotal:       12113132 kB
MemFree:         6172348 kB
MemAvailable:    7982788 kB
Buffers:            7004 kB
Cached:          1905400 kB
SwapCached:            0 kB
Active:          1490744 kB
Inactive:        1653896 kB
Active(anon):    1238696 kB
Inactive(anon):    27460 kB
Active(file):     252048 kB
Inactive(file):  1626436 kB
Unevictable:        5532 kB
Mlocked:            5532 kB
SwapTotal:       3145724 kB
SwapFree:        3145724 kB
Dirty:               452 kB
Writeback:             0 kB
AnonPages:       1237812 kB
Mapped:           861988 kB
Shmem:             29440 kB
KReclaimable:     800660 kB
Slab:             222036 kB
SReclaimable:      78172 kB
SUnreclaim:       143864 kB
KernelStack:       46064 kB
PageTables:        62748 kB
NFS_Unstable:          0 kB
Bounce:                0 kB
WritebackTmp:          0 kB
CommitLimit:     9202288 kB
Committed_AS:   66035364 kB
VmallocTotal:   263061440 kB
VmallocUsed:      103104 kB
VmallocChunk:          0 kB
Percpu:             7648 kB
CmaTotal:         294912 kB
CmaFree:               0 kB
MemTotal:       12113132 kB
MemFree:         6172316 kB
MemAvailable:    7982772 kB
Buffers:            7004 kB
Cached:          1905416 kB
SwapCached:            0 kB
Active:          1491236 kB
Inactive:        1653912 kB
Active(anon):    1239188 kB
Inactive(anon):    27460 kB
Active(file):     252048 kB
Inactive(file):  1626452 kB
Unevictable:        5532 kB
Mlocked:            5532 kB
SwapTotal:       3145724 kB
SwapFree:        3145724 kB
Dirty:               288 kB
Writeback:             0 kB
AnonPages:       1238248 kB
Mapped:           861988 kB
Shmem:             29440 kB
KReclaimable:     800660 kB
Slab:             222028 kB
SReclaimable:      78172 kB
SUnreclaim:       143856 kB
KernelStack:       46064 kB
PageTables:        62752 kB
NFS_Unstable:          0 kB
Bounce:                0 kB
WritebackTmp:          0 kB
CommitLimit:     9202288 kB
Committed_AS:   66035320 kB
VmallocTotal:   263061440 kB
VmallocUsed:      103040 kB
VmallocChunk:          0 kB
Percpu:             7648 kB
CmaTotal:         294912 kB
CmaFree:               0 kB
MemTotal:       12113132 kB
MemFree:         6171352 kB
MemAvailable:    7981816 kB
Buffers:            7004 kB
Cached:          1905424 kB
SwapCached:            0 kB
Active:          1491960 kB
Inactive:        1653920 kB
Active(anon):    1239912 kB
Inactive(anon):    27460 kB
Active(file):     252048 kB
Inactive(file):  1626460 kB
Unevictable:        5532 kB
Mlocked:            5532 kB
SwapTotal:       3145724 kB
SwapFree:        3145724 kB
Dirty:               344 kB
Writeback:             0 kB
AnonPages:       1239084 kB
Mapped:           861988 kB
Shmem:             29440 kB
KReclaimable:     800660 kB
Slab:             222040 kB
SReclaimable:      78172 kB
SUnreclaim:       143868 kB
KernelStack:       46064 kB
PageTables:        62748 kB
NFS_Unstable:          0 kB
Bounce:                0 kB
WritebackTmp:          0 kB
CommitLimit:     9202288 kB
Committed_AS:   66031652 kB
VmallocTotal:   263061440 kB
VmallocUsed:      103056 kB
VmallocChunk:          0 kB
Percpu:             7648 kB
CmaTotal:         294912 kB
CmaFree:               0 kB
MemTotal:       12113132 kB
MemFree:         6157556 kB
MemAvailable:    7968040 kB
Buffers:            7004 kB
Cached:          1905444 kB
SwapCached:            0 kB
Active:          1508688 kB
Inactive:        1653940 kB
Active(anon):    1256640 kB
Inactive(anon):    27460 kB
Active(file):     252048 kB
Inactive(file):  1626480 kB
Unevictable:        5532 kB
Mlocked:            5532 kB
SwapTotal:       3145724 kB
SwapFree:        3145724 kB
Dirty:               368 kB
Writeback:             0 kB
AnonPages:       1255788 kB
Mapped:           861988 kB
Shmem:             29440 kB
KReclaimable:     800660 kB
Slab:             222032 kB
SReclaimable:      78172 kB
SUnreclaim:       143860 kB
KernelStack:       46080 kB
PageTables:        62768 kB
NFS_Unstable:          0 kB
Bounce:                0 kB
WritebackTmp:          0 kB
CommitLimit:     9202288 kB
Committed_AS:   66031568 kB
VmallocTotal:   263061440 kB
VmallocUsed:      103088 kB
VmallocChunk:          0 kB
Percpu:             7648 kB
CmaTotal:         294912 kB
CmaFree:               0 kB
MemTotal:       12113132 kB
MemFree:         6143652 kB
MemAvailable:    7954172 kB
Buffers:            7008 kB
Cached:          1905476 kB
SwapCached:            0 kB
Active:          1520248 kB
Inactive:        1653972 kB
Active(anon):    1268196 kB
Inactive(anon):    27460 kB
Active(file):     252052 kB
Inactive(file):  1626512 kB
Unevictable:        5532 kB
Mlocked:            5532 kB
SwapTotal:       3145724 kB
SwapFree:        3145724 kB
Dirty:               376 kB
Writeback:             0 kB
AnonPages:       1267332 kB
Mapped:           861988 kB
Shmem:             29440 kB
KReclaimable:     800660 kB
Slab:             222040 kB
SReclaimable:      78172 kB
SUnreclaim:       143868 kB
KernelStack:       46064 kB
PageTables:        62752 kB
NFS_Unstable:          0 kB
Bounce:                0 kB
WritebackTmp:          0 kB
CommitLimit:     9202288 kB
Committed_AS:   66031168 kB
VmallocTotal:   263061440 kB
VmallocUsed:      103072 kB
VmallocChunk:          0 kB
Percpu:             7648 kB
CmaTotal:         294912 kB
CmaFree:               0 kB
MemTotal:       12113132 kB
MemFree:         6160016 kB
MemAvailable:    7970552 kB
Buffers:            7008 kB
Cached:          1905492 kB
SwapCached:            0 kB
Active:          1503132 kB
Inactive:        1653988 kB
Active(anon):    1251080 kB
Inactive(anon):    27460 kB
Active(file):     252052 kB
Inactive(file):  1626528 kB
Unevictable:        5532 kB
Mlocked:            5532 kB
SwapTotal:       3145724 kB
SwapFree:        3145724 kB
Dirty:               408 kB
Writeback:             0 kB
AnonPages:       1250348 kB
Mapped:           861988 kB
Shmem:             29440 kB
KReclaimable:     800660 kB
Slab:             222036 kB
SReclaimable:      78172 kB
SUnreclaim:       143864 kB
KernelStack:       46064 kB
PageTables:        62824 kB
NFS_Unstable:          0 kB
Bounce:                0 kB
WritebackTmp:          0 kB
CommitLimit:     9202288 kB
Committed_AS:   66031564 kB
VmallocTotal:   263061440 kB
VmallocUsed:      103056 kB
VmallocChunk:          0 kB
Percpu:             7648 kB
CmaTotal:         294912 kB
CmaFree:               0 kB
MemTotal:       12113132 kB
MemFree:         6133888 kB
MemAvailable:    7944436 kB
Buffers:            7008 kB
Cached:          1905504 kB
SwapCached:            0 kB
Active:          1530072 kB
Inactive:        1654000 kB
Active(anon):    1278020 kB
Inactive(anon):    27460 kB
Active(file):     252052 kB
Inactive(file):  1626540 kB
Unevictable:        5532 kB
Mlocked:            5532 kB
SwapTotal:       3145724 kB
SwapFree:        3145724 kB
Dirty:               420 kB
Writeback:             0 kB
AnonPages:       1277200 kB
Mapped:           861988 kB
Shmem:             29440 kB
KReclaimable:     800660 kB
Slab:             222036 kB
SReclaimable:      78172 kB
SUnreclaim:       143864 kB
KernelStack:       45952 kB
PageTables:        62744 kB
NFS_Unstable:          0 kB
Bounce:                0 kB
WritebackTmp:          0 kB
CommitLimit:     9202288 kB
Committed_AS:   66037824 kB
VmallocTotal:   263061440 kB
VmallocUsed:      103008 kB
VmallocChunk:          0 kB
Percpu:             7648 kB
CmaTotal:         294912 kB
CmaFree:               0 kB
MemTotal:       12113132 kB
MemFree:         6133516 kB
MemAvailable:    7944084 kB
Buffers:            7008 kB
Cached:          1905524 kB
SwapCached:            0 kB
Active:          1530316 kB
Inactive:        1654020 kB
Active(anon):    1278264 kB
Inactive(anon):    27460 kB
Active(file):     252052 kB
Inactive(file):  1626560 kB
Unevictable:        5532 kB
Mlocked:            5532 kB
SwapTotal:       3145724 kB
SwapFree:        3145724 kB
Dirty:               440 kB
Writeback:             0 kB
AnonPages:       1277296 kB
Mapped:           861988 kB
Shmem:             29440 kB
KReclaimable:     800660 kB
Slab:             222028 kB
SReclaimable:      78172 kB
SUnreclaim:       143856 kB
KernelStack:       46016 kB
PageTables:        62752 kB
NFS_Unstable:          0 kB
Bounce:                0 kB
WritebackTmp:          0 kB
CommitLimit:     9202288 kB
Committed_AS:   66029080 kB
VmallocTotal:   263061440 kB
VmallocUsed:      103040 kB
