MemTotal:        7922396 kB
MemFree:         1583096 kB
MemAvailable:    4352972 kB
Buffers:           70004 kB
Cached:          1647104 kB
SwapCached:            4 kB
Active:          1142120 kB
Inactive:        1782992 kB
Active(anon):      33804 kB
Inactive(anon):  1199568 kB
Active(file):    1108316 kB
Inactive(file):   583424 kB
Unevictable:        6088 kB
Mlocked:            5648 kB
SwapTotal:       4718584 kB
SwapFree:        4701944 kB
Dirty:             46252 kB
Writeback:             0 kB
AnonPages:       1214108 kB
Mapped:           593476 kB
Shmem:             20768 kB
KReclaimable:    1468408 kB
Slab:             288612 kB
SReclaimable:      73452 kB
SUnreclaim:       215160 kB
KernelStack:       43808 kB
ShadowCallStack:   10984 kB
PageTables:        59752 kB
NFS_Unstable:          0 kB
Bounce:                0 kB
WritebackTmp:          0 kB
CommitLimit:     8679780 kB
Committed_AS:   59533312 kB
VmallocTotal:   263061440 kB
VmallocUsed:      124316 kB
VmallocChunk:          0 kB
Percpu:             6264 kB
CmaTotal:         405504 kB
CmaFree:           10196 kB
MemTotal:        7922396 kB
MemFree:         1294336 kB
MemAvailable:    4062420 kB
Buffers:           70076 kB
Cached:          1647252 kB
SwapCached:            4 kB
Active:          1142296 kB
Inactive:        2071436 kB
Active(anon):      33908 kB
Inactive(anon):  1487980 kB
Active(file):    1108388 kB
Inactive(file):   583456 kB
Unevictable:        6088 kB
Mlocked:            5648 kB
SwapTotal:       4718584 kB
SwapFree:        4701944 kB
Dirty:             46416 kB
Writeback:             0 kB
AnonPages:       1502696 kB
Mapped:           658612 kB
Shmem:             20884 kB
KReclaimable:    1466512 kB
Slab:             288596 kB
SReclaimable:      73456 kB
SUnreclaim:       215140 kB
KernelStack:       44544 kB
ShadowCallStack:   11160 kB
PageTables:        61380 kB
NFS_Unstable:          0 kB
Bounce:                0 kB
WritebackTmp:          0 kB
CommitLimit:     8679780 kB
Committed_AS:   61020028 kB
VmallocTotal:   263061440 kB
VmallocUsed:      125136 kB
VmallocChunk:          0 kB
Percpu:             6264 kB
CmaTotal:         405504 kB
CmaFree:           10324 kB
MemTotal:        7922396 kB
MemFree:         1317872 kB
MemAvailable:    4163296 kB
Buffers:           70172 kB
Cached:          1647364 kB
SwapCached:            4 kB
Active:          1142480 kB
Inactive:        2045488 kB
Active(anon):      33868 kB
Inactive(anon):  1462104 kB
Active(file):    1108612 kB
Inactive(file):   583384 kB
Unevictable:        6088 kB
Mlocked:            5648 kB
SwapTotal:       4718584 kB
SwapFree:        4701944 kB
Dirty:             46508 kB
Writeback:             0 kB
AnonPages:       1476216 kB
Mapped:           800560 kB
Shmem:             20940 kB
KReclaimable:    1543700 kB
Slab:             288664 kB
SReclaimable:      73456 kB
SUnreclaim:       215208 kB
KernelStack:       44688 kB
ShadowCallStack:   11204 kB
PageTables:        62180 kB
NFS_Unstable:          0 kB
Bounce:                0 kB
WritebackTmp:          0 kB
CommitLimit:     8679780 kB
Committed_AS:   61087276 kB
VmallocTotal:   263061440 kB
VmallocUsed:      125432 kB
VmallocChunk:          0 kB
Percpu:             6264 kB
CmaTotal:         405504 kB
CmaFree:           10624 kB
MemTotal:        7922396 kB
MemFree:          928468 kB
MemAvailable:    3381620 kB
Buffers:           70212 kB
Cached:          1648164 kB
SwapCached:            4 kB
Active:          1142672 kB
Inactive:        2433032 kB
Active(anon):      33868 kB
Inactive(anon):  1849644 kB
Active(file):    1108804 kB
Inactive(file):   583388 kB
Unevictable:        6088 kB
Mlocked:            5648 kB
SwapTotal:       4718584 kB
SwapFree:        4701944 kB
Dirty:             46820 kB
Writeback:             0 kB
AnonPages:       1863576 kB
Mapped:           834656 kB
Shmem:             21584 kB
KReclaimable:    1151232 kB
Slab:             288932 kB
SReclaimable:      73464 kB
SUnreclaim:       215468 kB
KernelStack:       44912 kB
ShadowCallStack:   11248 kB
PageTables:        63280 kB
NFS_Unstable:          0 kB
Bounce:                0 kB
WritebackTmp:          0 kB
CommitLimit:     8679780 kB
Committed_AS:   61378508 kB
VmallocTotal:   263061440 kB
VmallocUsed:      125668 kB
VmallocChunk:          0 kB
Percpu:             6264 kB
CmaTotal:         405504 kB
CmaFree:           10452 kB
MemTotal:        7922396 kB
MemFree:          713608 kB
MemAvailable:    2864404 kB
Buffers:           70212 kB
Cached:          1648172 kB
SwapCached:            4 kB
Active:          1142676 kB
Inactive:        2642332 kB
Active(anon):      33868 kB
Inactive(anon):  2058944 kB
Active(file):    1108808 kB
Inactive(file):   583388 kB
Unevictable:        6088 kB
Mlocked:            5648 kB
SwapTotal:       4718584 kB
SwapFree:        4701944 kB
Dirty:             46844 kB
Writeback:             0 kB
AnonPages:       2072756 kB
Mapped:           879488 kB
Shmem:             21588 kB
KReclaimable:     848872 kB
Slab:             289652 kB
SReclaimable:      73464 kB
SUnreclaim:       216188 kB
KernelStack:       44864 kB
ShadowCallStack:   11244 kB
PageTables:        64044 kB
NFS_Unstable:          0 kB
Bounce:                0 kB
WritebackTmp:          0 kB
CommitLimit:     8679780 kB
Committed_AS:   61695064 kB
VmallocTotal:   263061440 kB
VmallocUsed:      125656 kB
VmallocChunk:          0 kB
Percpu:             6264 kB
CmaTotal:         405504 kB
CmaFree:           10580 kB
MemTotal:        7922396 kB
MemFree:          559436 kB
MemAvailable:    2568932 kB
Buffers:           70220 kB
Cached:          1648180 kB
SwapCached:            4 kB
Active:          1142688 kB
Inactive:        2798244 kB
Active(anon):      33872 kB
Inactive(anon):  2214848 kB
Active(file):    1108816 kB
Inactive(file):   583396 kB
Unevictable:        6088 kB
Mlocked:            5648 kB
SwapTotal:       4718584 kB
SwapFree:        4701944 kB
Dirty:             46892 kB
Writeback:             0 kB
AnonPages:       2228700 kB
Mapped:           943008 kB
Shmem:             21588 kB
KReclaimable:     707556 kB
Slab:             291720 kB
SReclaimable:      73464 kB
SUnreclaim:       218256 kB
KernelStack:       44672 kB
ShadowCallStack:   11192 kB
PageTables:        64412 kB
NFS_Unstable:          0 kB
Bounce:                0 kB
WritebackTmp:          0 kB
CommitLimit:     8679780 kB
Committed_AS:   61917484 kB
VmallocTotal:   263061440 kB
VmallocUsed:      125428 kB
VmallocChunk:          0 kB
Percpu:             6264 kB
CmaTotal:         405504 kB
CmaFree:           11220 kB
MemTotal:        7922396 kB
MemFree:          548184 kB
MemAvailable:    2353468 kB
Buffers:           70220 kB
Cached:          1648180 kB
SwapCached:            4 kB
Active:          1142708 kB
Inactive:        2807044 kB
Active(anon):      33892 kB
Inactive(anon):  2223648 kB
Active(file):    1108816 kB
Inactive(file):   583396 kB
Unevictable:        6088 kB
Mlocked:            5648 kB
SwapTotal:       4718584 kB
SwapFree:        4701944 kB
Dirty:             46900 kB
Writeback:             0 kB
AnonPages:       2237572 kB
Mapped:          1023484 kB
Shmem:             21588 kB
KReclaimable:     503344 kB
Slab:             292844 kB
SReclaimable:      73464 kB
SUnreclaim:       219380 kB
KernelStack:       44384 kB
ShadowCallStack:   11120 kB
PageTables:        64920 kB
NFS_Unstable:          0 kB
Bounce:                0 kB
WritebackTmp:          0 kB
CommitLimit:     8679780 kB
Committed_AS:   62112432 kB
VmallocTotal:   263061440 kB
VmallocUsed:      124496 kB
VmallocChunk:          0 kB
Percpu:             6264 kB
CmaTotal:         405504 kB
CmaFree:           11220 kB
MemTotal:        7922396 kB
MemFree:          496984 kB
MemAvailable:    2303508 kB
Buffers:           70236 kB
Cached:          1648208 kB
SwapCached:            4 kB
Active:          1142728 kB
Inactive:        2858244 kB
Active(anon):      33896 kB
Inactive(anon):  2274832 kB
Active(file):    1108832 kB
Inactive(file):   583412 kB
Unevictable:        6088 kB
Mlocked:            5648 kB
SwapTotal:       4718584 kB
SwapFree:        4701944 kB
Dirty:             46960 kB
Writeback:             0 kB
AnonPages:       2288488 kB
Mapped:          1026860 kB
Shmem:             21600 kB
KReclaimable:     504552 kB
Slab:             293012 kB
SReclaimable:      73464 kB
SUnreclaim:       219548 kB
KernelStack:       44832 kB
ShadowCallStack:   11232 kB
PageTables:        65380 kB
NFS_Unstable:          0 kB
Bounce:                0 kB
WritebackTmp:          0 kB
CommitLimit:     8679780 kB
Committed_AS:   62236328 kB
VmallocTotal:   263061440 kB
VmallocUsed:      125008 kB
VmallocChunk:          0 kB
Percpu:             6264 kB
CmaTotal:         405504 kB
CmaFree:           11220 kB
MemTotal:        7922396 kB
MemFree:          312136 kB
MemAvailable:    2118660 kB
Buffers:           70236 kB
Cached:          1648232 kB
SwapCached:            4 kB
Active:          1142728 kB
Inactive:        3046636 kB
Active(anon):      33896 kB
Inactive(anon):  2463224 kB
Active(file):    1108832 kB
Inactive(file):   583412 kB
Unevictable:        6088 kB
Mlocked:            5648 kB
SwapTotal:       4718584 kB
SwapFree:        4701944 kB
Dirty:             46980 kB
Writeback:             0 kB
AnonPages:       2477012 kB
Mapped:          1028400 kB
Shmem:             21624 kB
KReclaimable:     504552 kB
Slab:             293040 kB
SReclaimable:      73480 kB
SUnreclaim:       219560 kB
KernelStack:       44864 kB
ShadowCallStack:   11240 kB
PageTables:        65660 kB
NFS_Unstable:          0 kB
Bounce:                0 kB
WritebackTmp:          0 kB
CommitLimit:     8679780 kB
Committed_AS:   62415624 kB
VmallocTotal:   263061440 kB
VmallocUsed:      125096 kB
VmallocChunk:          0 kB
Percpu:             6264 kB
CmaTotal:         405504 kB
CmaFree:               0 kB
MemTotal:        7922396 kB
MemFree:          213384 kB
MemAvailable:    1934928 kB
Buffers:           70084 kB
Cached:          1628192 kB
SwapCached:            4 kB
Active:          1153940 kB
Inactive:        3182988 kB
Active(anon):      35252 kB
Inactive(anon):  2629548 kB
Active(file):    1118688 kB
Inactive(file):   553440 kB
Unevictable:        6088 kB
Mlocked:            5648 kB
SwapTotal:       4718584 kB
SwapFree:        4688888 kB
Dirty:             47024 kB
Writeback:             0 kB
AnonPages:       2644780 kB
Mapped:          1014460 kB
Shmem:             21548 kB
KReclaimable:     439688 kB
Slab:             290632 kB
SReclaimable:      70952 kB
SUnreclaim:       219680 kB
KernelStack:       44880 kB
ShadowCallStack:   11244 kB
PageTables:        65904 kB
NFS_Unstable:          0 kB
Bounce:                0 kB
WritebackTmp:          0 kB
CommitLimit:     8679780 kB
Committed_AS:   62544388 kB
VmallocTotal:   263061440 kB
VmallocUsed:      125132 kB
VmallocChunk:          0 kB
Percpu:             6264 kB
CmaTotal:         405504 kB
CmaFree:               0 kB
MemTotal:        7922396 kB
MemFree:          212456 kB
MemAvailable:    1920512 kB
Buffers:           70084 kB
Cached:          1623984 kB
SwapCached:            4 kB
Active:          1156100 kB
Inactive:        3189028 kB
Active(anon):      35776 kB
Inactive(anon):  2641432 kB
Active(file):    1120324 kB
Inactive(file):   547596 kB
Unevictable:        6088 kB
Mlocked:            5648 kB
SwapTotal:       4718584 kB
SwapFree:        4687096 kB
Dirty:             47024 kB
Writeback:             0 kB
AnonPages:       2657060 kB
Mapped:          1011908 kB
Shmem:             21548 kB
KReclaimable:     430408 kB
Slab:             290752 kB
SReclaimable:      70952 kB
SUnreclaim:       219800 kB
KernelStack:       44848 kB
ShadowCallStack:   11244 kB
PageTables:        65844 kB
NFS_Unstable:          0 kB
Bounce:                0 kB
WritebackTmp:          0 kB
CommitLimit:     8679780 kB
Committed_AS:   62544388 kB
VmallocTotal:   263061440 kB
VmallocUsed:      125128 kB
VmallocChunk:          0 kB
Percpu:             6264 kB
CmaTotal:         405504 kB
CmaFree:               0 kB
MemTotal:        7922396 kB
MemFree:          210832 kB
MemAvailable:    1918904 kB
Buffers:           70100 kB
Cached:          1623984 kB
SwapCached:            4 kB
Active:          1156112 kB
Inactive:        3190360 kB
Active(anon):      35772 kB
Inactive(anon):  2642764 kB
Active(file):    1120340 kB
Inactive(file):   547596 kB
Unevictable:        6088 kB
Mlocked:            5648 kB
SwapTotal:       4718584 kB
SwapFree:        4687096 kB
Dirty:             47048 kB
Writeback:             0 kB
AnonPages:       2658684 kB
Mapped:          1012288 kB
Shmem:             21548 kB
KReclaimable:     430408 kB
Slab:             290684 kB
SReclaimable:      70952 kB
SUnreclaim:       219732 kB
KernelStack:       44864 kB
ShadowCallStack:   11240 kB
PageTables:        65876 kB
NFS_Unstable:          0 kB
Bounce:                0 kB
WritebackTmp:          0 kB
CommitLimit:     8679780 kB
Committed_AS:   62544388 kB
VmallocTotal:   263061440 kB
VmallocUsed:      125132 kB
VmallocChunk:          0 kB
Percpu:             6264 kB
CmaTotal:         405504 kB
CmaFree:               0 kB
MemTotal:        7922396 kB
MemFree:          217444 kB
MemAvailable:    1921396 kB
Buffers:           70116 kB
Cached:          1622460 kB
SwapCached:            4 kB
Active:          1156368 kB
Inactive:        3184840 kB
Active(anon):      35780 kB
Inactive(anon):  2639000 kB
Active(file):    1120588 kB
Inactive(file):   545840 kB
Unevictable:        6088 kB
Mlocked:            5648 kB
SwapTotal:       4718584 kB
SwapFree:        4687096 kB
Dirty:             47052 kB
Writeback:             0 kB
AnonPages:       2654728 kB
Mapped:          1012772 kB
Shmem:             21548 kB
KReclaimable:     427796 kB
Slab:             290664 kB
SReclaimable:      70900 kB
SUnreclaim:       219764 kB
KernelStack:       44912 kB
ShadowCallStack:   11252 kB
PageTables:        65932 kB
NFS_Unstable:          0 kB
Bounce:                0 kB
WritebackTmp:          0 kB
CommitLimit:     8679780 kB
Committed_AS:   62544484 kB
VmallocTotal:   263061440 kB
VmallocUsed:      125168 kB
VmallocChunk:          0 kB
Percpu:             6264 kB
CmaTotal:         405504 kB
CmaFree:             384 kB
MemTotal:        7922396 kB
MemFree:          227104 kB
MemAvailable:    1931080 kB
Buffers:           70124 kB
Cached:          1622460 kB
SwapCached:            4 kB
Active:          1156384 kB
Inactive:        3175592 kB
Active(anon):      35780 kB
Inactive(anon):  2629760 kB
Active(file):    1120604 kB
Inactive(file):   545832 kB
Unevictable:        6088 kB
Mlocked:            5648 kB
SwapTotal:       4718584 kB
SwapFree:        4687096 kB
Dirty:             47000 kB
Writeback:             0 kB
AnonPages:       2645528 kB
Mapped:          1008732 kB
Shmem:             21548 kB
KReclaimable:     427812 kB
Slab:             290620 kB
SReclaimable:      70916 kB
SUnreclaim:       219704 kB
KernelStack:       44864 kB
ShadowCallStack:   11240 kB
PageTables:        65908 kB
NFS_Unstable:          0 kB
Bounce:                0 kB
WritebackTmp:          0 kB
CommitLimit:     8679780 kB
Committed_AS:   62544644 kB
VmallocTotal:   263061440 kB
VmallocUsed:      125112 kB
VmallocChunk:          0 kB
Percpu:             6264 kB
CmaTotal:         405504 kB
CmaFree:             384 kB
MemTotal:        7922396 kB
MemFree:          226364 kB
MemAvailable:    1930420 kB
Buffers:           70124 kB
Cached:          1622460 kB
SwapCached:            4 kB
Active:          1156216 kB
Inactive:        3175560 kB
Active(anon):      35780 kB
Inactive(anon):  2629560 kB
Active(file):    1120436 kB
Inactive(file):   546000 kB
Unevictable:        6088 kB
Mlocked:            5648 kB
SwapTotal:       4718584 kB
SwapFree:        4687096 kB
Dirty:             46124 kB
Writeback:             0 kB
AnonPages:       2645308 kB
Mapped:          1008624 kB
Shmem:             21548 kB
KReclaimable:     427892 kB
Slab:             290760 kB
SReclaimable:      70996 kB
SUnreclaim:       219764 kB
KernelStack:       44848 kB
ShadowCallStack:   11236 kB
PageTables:        65776 kB
NFS_Unstable:          0 kB
Bounce:                0 kB
WritebackTmp:          0 kB
CommitLimit:     8679780 kB
Committed_AS:   62544644 kB
VmallocTotal:   263061440 kB
VmallocUsed:      125124 kB
VmallocChunk:          0 kB
Percpu:             6264 kB
CmaTotal:         405504 kB
CmaFree:             384 kB
MemTotal:        7922396 kB
MemFree:          225780 kB
MemAvailable:    1929856 kB
Buffers:           70124 kB
Cached:          1622468 kB
SwapCached:            4 kB
Active:          1156216 kB
Inactive:        3175884 kB
Active(anon):      35780 kB
Inactive(anon):  2629880 kB
Active(file):    1120436 kB
Inactive(file):   546004 kB
Unevictable:        6088 kB
Mlocked:            5648 kB
SwapTotal:       4718584 kB
SwapFree:        4687096 kB
Dirty:             46132 kB
Writeback:             0 kB
AnonPages:       2645648 kB
Mapped:          1008636 kB
Shmem:             21552 kB
KReclaimable:     427908 kB
Slab:             290820 kB
SReclaimable:      71012 kB
SUnreclaim:       219808 kB
KernelStack:       44864 kB
ShadowCallStack:   11240 kB
PageTables:        65884 kB
NFS_Unstable:          0 kB
Bounce:                0 kB
WritebackTmp:          0 kB
CommitLimit:     8679780 kB
Committed_AS:   62544648 kB
VmallocTotal:   263061440 kB
VmallocUsed:      125116 kB
VmallocChunk:          0 kB
Percpu:             6264 kB
CmaTotal:         405504 kB
CmaFree:             384 kB
MemTotal:        7922396 kB
MemFree:          226316 kB
MemAvailable:    1930392 kB
Buffers:           70124 kB
Cached:          1622468 kB
SwapCached:            4 kB
Active:          1156216 kB
Inactive:        3175876 kB
Active(anon):      35780 kB
Inactive(anon):  2629872 kB
Active(file):    1120436 kB
Inactive(file):   546004 kB
Unevictable:        6088 kB
Mlocked:            5648 kB
SwapTotal:       4718584 kB
SwapFree:        4687096 kB
Dirty:             46136 kB
Writeback:             0 kB
AnonPages:       2645548 kB
Mapped:          1008660 kB
Shmem:             21552 kB
KReclaimable:     427908 kB
Slab:             290792 kB
SReclaimable:      71012 kB
SUnreclaim:       219780 kB
KernelStack:       44864 kB
ShadowCallStack:   11236 kB
PageTables:        65852 kB
NFS_Unstable:          0 kB
Bounce:                0 kB
WritebackTmp:          0 kB
CommitLimit:     8679780 kB
Committed_AS:   62544648 kB
VmallocTotal:   263061440 kB
VmallocUsed:      125112 kB
VmallocChunk:          0 kB
Percpu:             6264 kB
CmaTotal:         405504 kB
CmaFree:             384 kB
MemTotal:        7922396 kB
MemFree:          226404 kB
MemAvailable:    1930476 kB
Buffers:           70132 kB
Cached:          1622472 kB
SwapCached:            4 kB
Active:          1156220 kB
Inactive:        3174692 kB
Active(anon):      35776 kB
Inactive(anon):  2628688 kB
Active(file):    1120444 kB
Inactive(file):   546004 kB
Unevictable:        6088 kB
Mlocked:            5648 kB
SwapTotal:       4718584 kB
SwapFree:        4687096 kB
Dirty:             46148 kB
Writeback:             0 kB
AnonPages:       2644456 kB
Mapped:          1008872 kB
Shmem:             21556 kB
KReclaimable:     427896 kB
Slab:             290840 kB
SReclaimable:      71012 kB
SUnreclaim:       219828 kB
KernelStack:       44896 kB
ShadowCallStack:   11244 kB
PageTables:        66024 kB
NFS_Unstable:          0 kB
Bounce:                0 kB
WritebackTmp:          0 kB
CommitLimit:     8679780 kB
Committed_AS:   62545720 kB
VmallocTotal:   263061440 kB
VmallocUsed:      125128 kB
VmallocChunk:          0 kB
Percpu:             6264 kB
CmaTotal:         405504 kB
CmaFree:             384 kB
MemTotal:        7922396 kB
MemFree:          225864 kB
MemAvailable:    1929936 kB
Buffers:           70132 kB
Cached:          1622472 kB
SwapCached:            4 kB
Active:          1156224 kB
Inactive:        3176160 kB
Active(anon):      35780 kB
Inactive(anon):  2630156 kB
Active(file):    1120444 kB
Inactive(file):   546004 kB
Unevictable:        6088 kB
Mlocked:            5648 kB
SwapTotal:       4718584 kB
SwapFree:        4687096 kB
Dirty:             46156 kB
Writeback:             0 kB
AnonPages:       2645936 kB
Mapped:          1008740 kB
Shmem:             21556 kB
KReclaimable:     427896 kB
Slab:             290848 kB
SReclaimable:      71012 kB
SUnreclaim:       219836 kB
KernelStack:       44896 kB
ShadowCallStack:   11248 kB
PageTables:        65928 kB
NFS_Unstable:          0 kB
Bounce:                0 kB
WritebackTmp:          0 kB
CommitLimit:     8679780 kB
Committed_AS:   62545720 kB
VmallocTotal:   263061440 kB
VmallocUsed:      125116 kB
VmallocChunk:          0 kB
Percpu:             6264 kB
CmaTotal:         405504 kB
CmaFree:             384 kB
MemTotal:        7922396 kB
MemFree:          214748 kB
MemAvailable:    1709432 kB
Buffers:           67892 kB
Cached:          1586544 kB
SwapCached:            4 kB
Active:          1165740 kB
Inactive:        3215680 kB
Active(anon):      36488 kB
Inactive(anon):  2716936 kB
Active(file):    1129252 kB
Inactive(file):   498744 kB
Unevictable:        6088 kB
Mlocked:            5648 kB
SwapTotal:       4718584 kB
SwapFree:        4687096 kB
Dirty:             46156 kB
Writeback:             0 kB
AnonPages:       2733204 kB
Mapped:           996696 kB
Shmem:             21692 kB
KReclaimable:     256960 kB
Slab:             291092 kB
SReclaimable:      70956 kB
SUnreclaim:       220136 kB
KernelStack:       45024 kB
ShadowCallStack:   11268 kB
PageTables:        65972 kB
NFS_Unstable:          0 kB
Bounce:                0 kB
WritebackTmp:          0 kB
CommitLimit:     8679780 kB
Committed_AS:   62546100 kB
VmallocTotal:   263061440 kB
VmallocUsed:      125252 kB
VmallocChunk:          0 kB
Percpu:             6264 kB
CmaTotal:         405504 kB
CmaFree:               0 kB
MemTotal:        7922396 kB
MemFree:          301208 kB
MemAvailable:    1928584 kB
Buffers:           67892 kB
Cached:          1586252 kB
SwapCached:            4 kB
Active:          1165912 kB
Inactive:        3128028 kB
Active(anon):      36520 kB
Inactive(anon):  2629432 kB
Active(file):    1129392 kB
Inactive(file):   498596 kB
Unevictable:        6088 kB
Mlocked:            5648 kB
SwapTotal:       4718584 kB
SwapFree:        4687096 kB
Dirty:             46160 kB
Writeback:             0 kB
AnonPages:       2645908 kB
Mapped:           996040 kB
Shmem:             21556 kB
KReclaimable:     389660 kB
Slab:             290908 kB
SReclaimable:      70956 kB
SUnreclaim:       219952 kB
KernelStack:       44880 kB
ShadowCallStack:   11240 kB
PageTables:        65856 kB
NFS_Unstable:          0 kB
Bounce:                0 kB
WritebackTmp:          0 kB
CommitLimit:     8679780 kB
Committed_AS:   62545720 kB
VmallocTotal:   263061440 kB
VmallocUsed:      125168 kB
VmallocChunk:          0 kB
Percpu:             6264 kB
CmaTotal:         405504 kB
CmaFree:            1176 kB
MemTotal:        7922396 kB
MemFree:          302004 kB
MemAvailable:    1928608 kB
Buffers:           67892 kB
Cached:          1586252 kB
SwapCached:            4 kB
Active:          1165900 kB
Inactive:        3126524 kB
Active(anon):      36508 kB
Inactive(anon):  2627928 kB
Active(file):    1129392 kB
Inactive(file):   498596 kB
Unevictable:        6088 kB
Mlocked:            5648 kB
SwapTotal:       4718584 kB
SwapFree:        4687096 kB
Dirty:             46832 kB
Writeback:             0 kB
AnonPages:       2644468 kB
Mapped:           996852 kB
Shmem:             21556 kB
KReclaimable:     388888 kB
Slab:             290992 kB
SReclaimable:      70956 kB
SUnreclaim:       220036 kB
KernelStack:       44848 kB
ShadowCallStack:   11236 kB
PageTables:        65988 kB
NFS_Unstable:          0 kB
Bounce:                0 kB
WritebackTmp:          0 kB
CommitLimit:     8679780 kB
Committed_AS:   62545676 kB
VmallocTotal:   263061440 kB
VmallocUsed:      125128 kB
VmallocChunk:          0 kB
Percpu:             6264 kB
CmaTotal:         405504 kB
CmaFree:            1196 kB
MemTotal:        7922396 kB
MemFree:          301356 kB
MemAvailable:    1927988 kB
Buffers:           67916 kB
Cached:          1586260 kB
SwapCached:            4 kB
Active:          1165932 kB
Inactive:        3128052 kB
Active(anon):      36516 kB
Inactive(anon):  2629452 kB
Active(file):    1129416 kB
Inactive(file):   498600 kB
Unevictable:        6088 kB
Mlocked:            5648 kB
SwapTotal:       4718584 kB
SwapFree:        4687096 kB
Dirty:             46896 kB
Writeback:             0 kB
AnonPages:       2645940 kB
Mapped:           996912 kB
Shmem:             21560 kB
KReclaimable:     388888 kB
Slab:             290912 kB
SReclaimable:      70956 kB
SUnreclaim:       219956 kB
KernelStack:       44864 kB
ShadowCallStack:   11244 kB
PageTables:        65780 kB
NFS_Unstable:          0 kB
Bounce:                0 kB
WritebackTmp:          0 kB
CommitLimit:     8679780 kB
Committed_AS:   62545680 kB
VmallocTotal:   263061440 kB
VmallocUsed:      125128 kB
VmallocChunk:          0 kB
Percpu:             6264 kB
CmaTotal:         405504 kB
CmaFree:            1196 kB
MemTotal:        7922396 kB
MemFree:          298976 kB
MemAvailable:    1925636 kB
Buffers:           67916 kB
Cached:          1586256 kB
SwapCached:            4 kB
Active:          1165928 kB
Inactive:        3128804 kB
Active(anon):      36512 kB
Inactive(anon):  2630208 kB
Active(file):    1129416 kB
Inactive(file):   498596 kB
Unevictable:        6088 kB
Mlocked:            5648 kB
SwapTotal:       4718584 kB
SwapFree:        4687096 kB
Dirty:             46896 kB
Writeback:             0 kB
AnonPages:       2646704 kB
Mapped:           996912 kB
Shmem:             21560 kB
KReclaimable:     388920 kB
Slab:             290964 kB
SReclaimable:      70988 kB
SUnreclaim:       219976 kB
KernelStack:       44864 kB
ShadowCallStack:   11248 kB
PageTables:        65844 kB
NFS_Unstable:          0 kB
Bounce:                0 kB
WritebackTmp:          0 kB
CommitLimit:     8679780 kB
Committed_AS:   62545684 kB
VmallocTotal:   263061440 kB
VmallocUsed:      125132 kB
VmallocChunk:          0 kB
Percpu:             6264 kB
CmaTotal:         405504 kB
CmaFree:            1196 kB
MemTotal:        7922396 kB
MemFree:          298968 kB
MemAvailable:    1925632 kB
Buffers:           67920 kB
Cached:          1586256 kB
SwapCached:            4 kB
Active:          1165932 kB
Inactive:        3129192 kB
Active(anon):      36512 kB
Inactive(anon):  2630596 kB
Active(file):    1129420 kB
Inactive(file):   498596 kB
Unevictable:        6088 kB
Mlocked:            5648 kB
SwapTotal:       4718584 kB
SwapFree:        4687096 kB
Dirty:              2368 kB
Writeback:         36384 kB
AnonPages:       2646880 kB
Mapped:           996916 kB
Shmem:             21560 kB
KReclaimable:     388920 kB
Slab:             290976 kB
SReclaimable:      70988 kB
SUnreclaim:       219988 kB
KernelStack:       44864 kB
ShadowCallStack:   11244 kB
PageTables:        65928 kB
NFS_Unstable:          0 kB
Bounce:                0 kB
WritebackTmp:          0 kB
CommitLimit:     8679780 kB
Committed_AS:   62545680 kB
VmallocTotal:   263061440 kB
VmallocUsed:      125116 kB
VmallocChunk:          0 kB
Percpu:             6264 kB
CmaTotal:         405504 kB
CmaFree:            1196 kB
MemTotal:        7922396 kB
MemFree:          300196 kB
MemAvailable:    1926864 kB
Buffers:           67920 kB
Cached:          1586260 kB
SwapCached:            4 kB
Active:          1165876 kB
Inactive:        3129496 kB
Active(anon):      36512 kB
Inactive(anon):  2630840 kB
Active(file):    1129364 kB
Inactive(file):   498656 kB
Unevictable:        6088 kB
Mlocked:            5648 kB
SwapTotal:       4718584 kB
SwapFree:        4687096 kB
Dirty:               696 kB
Writeback:             0 kB
AnonPages:       2647392 kB
Mapped:           996916 kB
Shmem:             21560 kB
KReclaimable:     388920 kB
Slab:             291032 kB
SReclaimable:      70988 kB
SUnreclaim:       220044 kB
KernelStack:       44864 kB
ShadowCallStack:   11240 kB
PageTables:        66024 kB
NFS_Unstable:          0 kB
Bounce:                0 kB
WritebackTmp:          0 kB
CommitLimit:     8679780 kB
Committed_AS:   62545680 kB
VmallocTotal:   263061440 kB
VmallocUsed:      125128 kB
VmallocChunk:          0 kB
Percpu:             6264 kB
CmaTotal:         405504 kB
CmaFree:            1212 kB
MemTotal:        7922396 kB
MemFree:          299128 kB
MemAvailable:    1925796 kB
Buffers:           67920 kB
Cached:          1586260 kB
SwapCached:            4 kB
Active:          1165880 kB
Inactive:        3130124 kB
Active(anon):      36516 kB
Inactive(anon):  2631468 kB
Active(file):    1129364 kB
Inactive(file):   498656 kB
Unevictable:        6088 kB
Mlocked:            5648 kB
SwapTotal:       4718584 kB
SwapFree:        4687096 kB
Dirty:               704 kB
Writeback:             0 kB
AnonPages:       2647952 kB
Mapped:           997020 kB
Shmem:             21560 kB
KReclaimable:     388920 kB
Slab:             291068 kB
SReclaimable:      70988 kB
SUnreclaim:       220080 kB
KernelStack:       44880 kB
ShadowCallStack:   11244 kB
PageTables:        65940 kB
NFS_Unstable:          0 kB
Bounce:                0 kB
WritebackTmp:          0 kB
CommitLimit:     8679780 kB
Committed_AS:   62545680 kB
VmallocTotal:   263061440 kB
VmallocUsed:      125112 kB
VmallocChunk:          0 kB
Percpu:             6264 kB
CmaTotal:         405504 kB
CmaFree:            1212 kB
MemTotal:        7922396 kB
MemFree:          298752 kB
MemAvailable:    1925428 kB
Buffers:           67920 kB
Cached:          1586268 kB
SwapCached:            4 kB
Active:          1165876 kB
Inactive:        3130588 kB
Active(anon):      36508 kB
Inactive(anon):  2631928 kB
Active(file):    1129368 kB
Inactive(file):   498660 kB
Unevictable:        6088 kB
Mlocked:            5648 kB
SwapTotal:       4718584 kB
SwapFree:        4687096 kB
Dirty:               728 kB
Writeback:             0 kB
AnonPages:       2648104 kB
Mapped:           996932 kB
Shmem:             21560 kB
KReclaimable:     388920 kB
Slab:             290972 kB
SReclaimable:      70988 kB
SUnreclaim:       219984 kB
KernelStack:       44864 kB
ShadowCallStack:   11244 kB
PageTables:        65968 kB
NFS_Unstable:          0 kB
Bounce:                0 kB
WritebackTmp:          0 kB
CommitLimit:     8679780 kB
Committed_AS:   62545680 kB
VmallocTotal:   263061440 kB
VmallocUsed:      125132 kB
VmallocChunk:          0 kB
Percpu:             6264 kB
CmaTotal:         405504 kB
CmaFree:            1212 kB
MemTotal:        7922396 kB
MemFree:          298388 kB
MemAvailable:    1925076 kB
Buffers:           67932 kB
Cached:          1586268 kB
SwapCached:            4 kB
Active:          1165900 kB
Inactive:        3130308 kB
Active(anon):      36520 kB
Inactive(anon):  2631648 kB
Active(file):    1129380 kB
Inactive(file):   498660 kB
Unevictable:        6088 kB
Mlocked:            5648 kB
SwapTotal:       4718584 kB
SwapFree:        4687096 kB
Dirty:               824 kB
Writeback:             0 kB
AnonPages:       2648028 kB
Mapped:           996936 kB
Shmem:             21560 kB
KReclaimable:     388920 kB
Slab:             291036 kB
SReclaimable:      70988 kB
SUnreclaim:       220048 kB
KernelStack:       44912 kB
ShadowCallStack:   11244 kB
PageTables:        66000 kB
NFS_Unstable:          0 kB
Bounce:                0 kB
WritebackTmp:          0 kB
CommitLimit:     8679780 kB
Committed_AS:   62545680 kB
VmallocTotal:   263061440 kB
VmallocUsed:      125128 kB
VmallocChunk:          0 kB
Percpu:             6264 kB
CmaTotal:         405504 kB
CmaFree:            1212 kB
MemTotal:        7922396 kB
MemFree:          298216 kB
MemAvailable:    1924912 kB
Buffers:           67940 kB
Cached:          1586268 kB
SwapCached:            4 kB
Active:          1165900 kB
Inactive:        3130216 kB
Active(anon):      36512 kB
Inactive(anon):  2631556 kB
Active(file):    1129388 kB
Inactive(file):   498660 kB
Unevictable:        6088 kB
Mlocked:            5648 kB
SwapTotal:       4718584 kB
SwapFree:        4687096 kB
Dirty:               880 kB
Writeback:             0 kB
AnonPages:       2647992 kB
Mapped:           996920 kB
Shmem:             21560 kB
KReclaimable:     388920 kB
Slab:             291028 kB
SReclaimable:      70988 kB
SUnreclaim:       220040 kB
KernelStack:       44848 kB
ShadowCallStack:   11240 kB
PageTables:        65888 kB
NFS_Unstable:          0 kB
Bounce:                0 kB
WritebackTmp:          0 kB
CommitLimit:     8679780 kB
Committed_AS:   62545632 kB
VmallocTotal:   263061440 kB
VmallocUsed:      125108 kB
VmallocChunk:          0 kB
Percpu:             6264 kB
CmaTotal:         405504 kB
CmaFree:            1212 kB
MemTotal:        7922396 kB
MemFree:          299256 kB
MemAvailable:    1925952 kB
Buffers:           67940 kB
Cached:          1586268 kB
SwapCached:            4 kB
Active:          1165892 kB
Inactive:        3130164 kB
Active(anon):      36504 kB
Inactive(anon):  2631504 kB
Active(file):    1129388 kB
Inactive(file):   498660 kB
Unevictable:        6088 kB
Mlocked:            5648 kB
SwapTotal:       4718584 kB
SwapFree:        4687096 kB
Dirty:               216 kB
Writeback:             0 kB
AnonPages:       2648036 kB
Mapped:           996924 kB
Shmem:             21560 kB
KReclaimable:     388920 kB
Slab:             291024 kB
SReclaimable:      70988 kB
SUnreclaim:       220036 kB
KernelStack:       44768 kB
ShadowCallStack:   11208 kB
PageTables:        66052 kB
NFS_Unstable:          0 kB
Bounce:                0 kB
WritebackTmp:          0 kB
CommitLimit:     8679780 kB
Committed_AS:   62545268 kB
VmallocTotal:   263061440 kB
VmallocUsed:      124944 kB
VmallocChunk:          0 kB
Percpu:             6264 kB
CmaTotal:         405504 kB
CmaFree:            1212 kB
MemTotal:        7922396 kB
MemFree:          298264 kB
MemAvailable:    1924968 kB
Buffers:           67940 kB
Cached:          1586280 kB
SwapCached:            4 kB
Active:          1165892 kB
Inactive:        3130212 kB
Active(anon):      36504 kB
Inactive(anon):  2631544 kB
Active(file):    1129388 kB
Inactive(file):   498668 kB
Unevictable:        6088 kB
Mlocked:            5648 kB
SwapTotal:       4718584 kB
SwapFree:        4687096 kB
Dirty:               228 kB
Writeback:             0 kB
AnonPages:       2648168 kB
Mapped:           996928 kB
Shmem:             21564 kB
KReclaimable:     388920 kB
Slab:             290952 kB
SReclaimable:      70988 kB
SUnreclaim:       219964 kB
KernelStack:       44720 kB
ShadowCallStack:   11204 kB
PageTables:        65984 kB
NFS_Unstable:          0 kB
Bounce:                0 kB
WritebackTmp:          0 kB
CommitLimit:     8679780 kB
Committed_AS:   62545268 kB
VmallocTotal:   263061440 kB
VmallocUsed:      124948 kB
VmallocChunk:          0 kB
Percpu:             6264 kB
CmaTotal:         405504 kB
CmaFree:            1212 kB
MemTotal:        7922396 kB
MemFree:          297868 kB
MemAvailable:    1924596 kB
Buffers:           67956 kB
Cached:          1586288 kB
SwapCached:            4 kB
Active:          1165904 kB
Inactive:        3131480 kB
Active(anon):      36500 kB
Inactive(anon):  2632804 kB
Active(file):    1129404 kB
Inactive(file):   498676 kB
Unevictable:        6088 kB
Mlocked:            5648 kB
SwapTotal:       4718584 kB
SwapFree:        4687096 kB
Dirty:               272 kB
Writeback:             0 kB
AnonPages:       2649212 kB
Mapped:           996932 kB
Shmem:             21564 kB
KReclaimable:     388920 kB
Slab:             291016 kB
SReclaimable:      70988 kB
SUnreclaim:       220028 kB
KernelStack:       44736 kB
ShadowCallStack:   11208 kB
PageTables:        65912 kB
NFS_Unstable:          0 kB
Bounce:                0 kB
WritebackTmp:          0 kB
CommitLimit:     8679780 kB
Committed_AS:   62545272 kB
VmallocTotal:   263061440 kB
VmallocUsed:      124964 kB
VmallocChunk:          0 kB
Percpu:             6264 kB
CmaTotal:         405504 kB
CmaFree:            1272 kB
MemTotal:        7922396 kB
MemFree:          297876 kB
MemAvailable:    1924624 kB
Buffers:           67956 kB
Cached:          1586308 kB
SwapCached:            4 kB
Active:          1165900 kB
Inactive:        3131324 kB
Active(anon):      36496 kB
Inactive(anon):  2632628 kB
Active(file):    1129404 kB
Inactive(file):   498696 kB
Unevictable:        6088 kB
Mlocked:            5648 kB
SwapTotal:       4718584 kB
SwapFree:        4687096 kB
Dirty:               300 kB
Writeback:             0 kB
AnonPages:       2648900 kB
Mapped:           997124 kB
Shmem:             21564 kB
KReclaimable:     388920 kB
Slab:             290972 kB
SReclaimable:      70988 kB
SUnreclaim:       219984 kB
KernelStack:       44752 kB
ShadowCallStack:   11204 kB
PageTables:        65968 kB
NFS_Unstable:          0 kB
Bounce:                0 kB
WritebackTmp:          0 kB
CommitLimit:     8679780 kB
Committed_AS:   62545268 kB
VmallocTotal:   263061440 kB
VmallocUsed:      124948 kB
VmallocChunk:          0 kB
Percpu:             6264 kB
CmaTotal:         405504 kB
CmaFree:            1272 kB
MemTotal:        7922396 kB
MemFree:          297136 kB
MemAvailable:    1923912 kB
Buffers:           67956 kB
Cached:          1586308 kB
SwapCached:            4 kB
Active:          1165908 kB
Inactive:        3131012 kB
Active(anon):      36504 kB
Inactive(anon):  2632316 kB
Active(file):    1129404 kB
Inactive(file):   498696 kB
Unevictable:        6088 kB
Mlocked:            5648 kB
SwapTotal:       4718584 kB
SwapFree:        4687096 kB
Dirty:               312 kB
Writeback:             0 kB
AnonPages:       2648680 kB
Mapped:           996920 kB
Shmem:             21564 kB
KReclaimable:     388948 kB
Slab:             291024 kB
SReclaimable:      70988 kB
SUnreclaim:       220036 kB
KernelStack:       44704 kB
ShadowCallStack:   11204 kB
PageTables:        66024 kB
NFS_Unstable:          0 kB
Bounce:                0 kB
WritebackTmp:          0 kB
CommitLimit:     8679780 kB
Committed_AS:   62545064 kB
VmallocTotal:   263061440 kB
VmallocUsed:      124876 kB
VmallocChunk:          0 kB
Percpu:             6264 kB
CmaTotal:         405504 kB
CmaFree:            1272 kB
MemTotal:        7922396 kB
MemFree:          299448 kB
MemAvailable:    1926224 kB
Buffers:           67956 kB
Cached:          1586308 kB
SwapCached:            4 kB
Active:          1165884 kB
Inactive:        3130608 kB
Active(anon):      36480 kB
Inactive(anon):  2631912 kB
Active(file):    1129404 kB
Inactive(file):   498696 kB
Unevictable:        6088 kB
Mlocked:            5648 kB
SwapTotal:       4718584 kB
SwapFree:        4687096 kB
Dirty:               320 kB
Writeback:             0 kB
AnonPages:       2648408 kB
Mapped:           997088 kB
Shmem:             21564 kB
KReclaimable:     388948 kB
Slab:             290968 kB
SReclaimable:      70988 kB
SUnreclaim:       219980 kB
KernelStack:       44496 kB
ShadowCallStack:   11144 kB
PageTables:        65884 kB
NFS_Unstable:          0 kB
Bounce:                0 kB
WritebackTmp:          0 kB
CommitLimit:     8679780 kB
Committed_AS:   62544540 kB
VmallocTotal:   263061440 kB
VmallocUsed:      124672 kB
VmallocChunk:          0 kB
Percpu:             6264 kB
CmaTotal:         405504 kB
CmaFree:            1272 kB
MemTotal:        7922396 kB
MemFree:          299524 kB
MemAvailable:    1926300 kB
Buffers:           67956 kB
Cached:          1586312 kB
SwapCached:            4 kB
Active:          1165884 kB
Inactive:        3130800 kB
Active(anon):      36480 kB
Inactive(anon):  2632104 kB
Active(file):    1129404 kB
Inactive(file):   498696 kB
Unevictable:        6088 kB
Mlocked:            5648 kB
SwapTotal:       4718584 kB
SwapFree:        4687096 kB
Dirty:               328 kB
Writeback:             0 kB
AnonPages:       2648528 kB
Mapped:           996964 kB
Shmem:             21568 kB
KReclaimable:     388948 kB
Slab:             290976 kB
SReclaimable:      70988 kB
SUnreclaim:       219988 kB
KernelStack:       44480 kB
ShadowCallStack:   11152 kB
PageTables:        65776 kB
NFS_Unstable:          0 kB
Bounce:                0 kB
WritebackTmp:          0 kB
CommitLimit:     8679780 kB
Committed_AS:   62544548 kB
VmallocTotal:   263061440 kB
VmallocUsed:      124664 kB
VmallocChunk:          0 kB
Percpu:             6264 kB
CmaTotal:         405504 kB
CmaFree:            1272 kB
MemTotal:        7922396 kB
MemFree:          298404 kB
MemAvailable:    1925184 kB
Buffers:           67956 kB
Cached:          1586316 kB
SwapCached:            4 kB
Active:          1165888 kB
Inactive:        3130896 kB
Active(anon):      36484 kB
Inactive(anon):  2632196 kB
Active(file):    1129404 kB
Inactive(file):   498700 kB
Unevictable:        6088 kB
Mlocked:            5648 kB
SwapTotal:       4718584 kB
SwapFree:        4687096 kB
Dirty:               332 kB
Writeback:             0 kB
AnonPages:       2648624 kB
Mapped:           997008 kB
Shmem:             21568 kB
KReclaimable:     388948 kB
Slab:             290984 kB
SReclaimable:      70988 kB
SUnreclaim:       219996 kB
KernelStack:       44512 kB
ShadowCallStack:   11144 kB
PageTables:        65944 kB
NFS_Unstable:          0 kB
Bounce:                0 kB
WritebackTmp:          0 kB
CommitLimit:     8679780 kB
Committed_AS:   62544548 kB
VmallocTotal:   263061440 kB
VmallocUsed:      124672 kB
VmallocChunk:          0 kB
Percpu:             6264 kB
CmaTotal:         405504 kB
CmaFree:            1272 kB
MemTotal:        7922396 kB
MemFree:          297572 kB
MemAvailable:    1924364 kB
Buffers:           67964 kB
Cached:          1586320 kB
SwapCached:            4 kB
Active:          1165900 kB
Inactive:        3131700 kB
Active(anon):      36488 kB
Inactive(anon):  2632996 kB
Active(file):    1129412 kB
Inactive(file):   498704 kB
Unevictable:        6088 kB
Mlocked:            5648 kB
SwapTotal:       4718584 kB
SwapFree:        4687096 kB
Dirty:               340 kB
Writeback:             0 kB
AnonPages:       2649416 kB
Mapped:           997032 kB
Shmem:             21568 kB
KReclaimable:     388948 kB
Slab:             290980 kB
SReclaimable:      70988 kB
SUnreclaim:       219992 kB
KernelStack:       44528 kB
ShadowCallStack:   11152 kB
PageTables:        65964 kB
NFS_Unstable:          0 kB
Bounce:                0 kB
WritebackTmp:          0 kB
CommitLimit:     8679780 kB
Committed_AS:   62544544 kB
VmallocTotal:   263061440 kB
VmallocUsed:      124668 kB
VmallocChunk:          0 kB
Percpu:             6264 kB
CmaTotal:         405504 kB
CmaFree:            1272 kB
MemTotal:        7922396 kB
MemFree:          297760 kB
MemAvailable:    1924552 kB
Buffers:           67964 kB
Cached:          1586320 kB
SwapCached:            4 kB
Active:          1165892 kB
Inactive:        3131908 kB
Active(anon):      36480 kB
Inactive(anon):  2633204 kB
Active(file):    1129412 kB
Inactive(file):   498704 kB
Unevictable:        6088 kB
Mlocked:            5648 kB
SwapTotal:       4718584 kB
SwapFree:        4687096 kB
Dirty:               348 kB
Writeback:             0 kB
AnonPages:       2649668 kB
Mapped:           996928 kB
Shmem:             21568 kB
KReclaimable:     388948 kB
Slab:             290976 kB
SReclaimable:      70988 kB
SUnreclaim:       219988 kB
KernelStack:       44496 kB
ShadowCallStack:   11148 kB
PageTables:        65868 kB
NFS_Unstable:          0 kB
Bounce:                0 kB
WritebackTmp:          0 kB
CommitLimit:     8679780 kB
Committed_AS:   62544544 kB
VmallocTotal:   263061440 kB
VmallocUsed:      124668 kB
VmallocChunk:          0 kB
Percpu:             6264 kB
CmaTotal:         405504 kB
CmaFree:            1272 kB
MemTotal:        7922396 kB
MemFree:          213508 kB
MemAvailable:    1758892 kB
Buffers:           67964 kB
Cached:          1586364 kB
SwapCached:            4 kB
Active:          1165892 kB
Inactive:        3169016 kB
Active(anon):      36480 kB
Inactive(anon):  2670312 kB
Active(file):    1129412 kB
Inactive(file):   498704 kB
Unevictable:        6088 kB
Mlocked:            5648 kB
SwapTotal:       4718584 kB
SwapFree:        4687096 kB
Dirty:               348 kB
Writeback:             0 kB
AnonPages:       2686820 kB
Mapped:           997332 kB
Shmem:             21612 kB
KReclaimable:     307540 kB
Slab:             291012 kB
SReclaimable:      70988 kB
SUnreclaim:       220024 kB
KernelStack:       44560 kB
ShadowCallStack:   11164 kB
PageTables:        66008 kB
NFS_Unstable:          0 kB
Bounce:                0 kB
WritebackTmp:          0 kB
CommitLimit:     8679780 kB
Committed_AS:   62544880 kB
VmallocTotal:   263061440 kB
VmallocUsed:      124748 kB
VmallocChunk:          0 kB
Percpu:             6264 kB
CmaTotal:         405504 kB
CmaFree:               4 kB
MemTotal:        7922396 kB
MemFree:          212824 kB
MemAvailable:    1703716 kB
Buffers:           65860 kB
Cached:          1562884 kB
SwapCached:            4 kB
Active:          1167924 kB
Inactive:        3192056 kB
Active(anon):      37360 kB
Inactive(anon):  2720188 kB
Active(file):    1130564 kB
Inactive(file):   471868 kB
Unevictable:        6088 kB
Mlocked:            5648 kB
SwapTotal:       4718584 kB
SwapFree:        4687096 kB
Dirty:               352 kB
Writeback:             0 kB
AnonPages:       2737344 kB
Mapped:           992604 kB
Shmem:             21712 kB
KReclaimable:     278732 kB
Slab:             290776 kB
SReclaimable:      70700 kB
SUnreclaim:       220076 kB
KernelStack:       44592 kB
ShadowCallStack:   11172 kB
PageTables:        66116 kB
NFS_Unstable:          0 kB
Bounce:                0 kB
WritebackTmp:          0 kB
CommitLimit:     8679780 kB
Committed_AS:   62544924 kB
VmallocTotal:   263061440 kB
VmallocUsed:      124736 kB
VmallocChunk:          0 kB
Percpu:             6264 kB
CmaTotal:         405504 kB
CmaFree:               0 kB
MemTotal:        7922396 kB
MemFree:          298776 kB
MemAvailable:    1924028 kB
Buffers:           65860 kB
Cached:          1562740 kB
SwapCached:            4 kB
Active:          1167928 kB
Inactive:        3104420 kB
Active(anon):      37364 kB
Inactive(anon):  2632552 kB
Active(file):    1130564 kB
Inactive(file):   471868 kB
Unevictable:        6088 kB
Mlocked:            5648 kB
SwapTotal:       4718584 kB
SwapFree:        4687096 kB
Dirty:               356 kB
Writeback:             0 kB
AnonPages:       2649928 kB
Mapped:           992152 kB
Shmem:             21568 kB
KReclaimable:     413092 kB
Slab:             290732 kB
SReclaimable:      70700 kB
SUnreclaim:       220032 kB
KernelStack:       44496 kB
ShadowCallStack:   11148 kB
PageTables:        65932 kB
NFS_Unstable:          0 kB
Bounce:                0 kB
WritebackTmp:          0 kB
CommitLimit:     8679780 kB
Committed_AS:   62544548 kB
VmallocTotal:   263061440 kB
VmallocUsed:      124668 kB
VmallocChunk:          0 kB
Percpu:             6264 kB
CmaTotal:         405504 kB
CmaFree:            1392 kB
MemTotal:        7922396 kB
MemFree:          296520 kB
MemAvailable:    1921812 kB
Buffers:           65892 kB
Cached:          1562732 kB
SwapCached:            4 kB
Active:          1167956 kB
Inactive:        3106652 kB
Active(anon):      37368 kB
Inactive(anon):  2634784 kB
Active(file):    1130588 kB
Inactive(file):   471868 kB
Unevictable:        6088 kB
Mlocked:            5648 kB
SwapTotal:       4718584 kB
SwapFree:        4687096 kB
Dirty:               364 kB
Writeback:             0 kB
AnonPages:       2652260 kB
Mapped:           992340 kB
Shmem:             21568 kB
KReclaimable:     413108 kB
Slab:             290752 kB
SReclaimable:      70716 kB
SUnreclaim:       220036 kB
KernelStack:       44528 kB
ShadowCallStack:   11144 kB
PageTables:        65924 kB
NFS_Unstable:          0 kB
Bounce:                0 kB
WritebackTmp:          0 kB
CommitLimit:     8679780 kB
Committed_AS:   62544544 kB
VmallocTotal:   263061440 kB
VmallocUsed:      124636 kB
VmallocChunk:          0 kB
Percpu:             6264 kB
CmaTotal:         405504 kB
CmaFree:            1392 kB
MemTotal:        7922396 kB
MemFree:          301988 kB
MemAvailable:    1927332 kB
Buffers:           65892 kB
Cached:          1562768 kB
SwapCached:            4 kB
Active:          1167956 kB
Inactive:        3102308 kB
Active(anon):      37360 kB
Inactive(anon):  2630412 kB
Active(file):    1130596 kB
Inactive(file):   471896 kB
Unevictable:        6088 kB
Mlocked:            5648 kB
SwapTotal:       4718584 kB
SwapFree:        4687096 kB
Dirty:               408 kB
Writeback:             0 kB
AnonPages:       2647724 kB
Mapped:           992288 kB
Shmem:             21568 kB
KReclaimable:     413124 kB
Slab:             290764 kB
SReclaimable:      70732 kB
SUnreclaim:       220032 kB
KernelStack:       44512 kB
ShadowCallStack:   11152 kB
PageTables:        66052 kB
NFS_Unstable:          0 kB
Bounce:                0 kB
WritebackTmp:          0 kB
CommitLimit:     8679780 kB
Committed_AS:   62544544 kB
VmallocTotal:   263061440 kB
VmallocUsed:      124664 kB
VmallocChunk:          0 kB
Percpu:             6264 kB
CmaTotal:         405504 kB
CmaFree:            1400 kB
MemTotal:        7922396 kB
MemFree:          301632 kB
MemAvailable:    1927008 kB
Buffers:           65892 kB
Cached:          1562768 kB
SwapCached:            4 kB
Active:          1167960 kB
Inactive:        3102324 kB
Active(anon):      37364 kB
Inactive(anon):  2630428 kB
Active(file):    1130596 kB
Inactive(file):   471896 kB
Unevictable:        6088 kB
Mlocked:            5648 kB
SwapTotal:       4718584 kB
SwapFree:        4687096 kB
Dirty:               412 kB
Writeback:             0 kB
AnonPages:       2647820 kB
Mapped:           992328 kB
Shmem:             21568 kB
KReclaimable:     413156 kB
Slab:             290800 kB
SReclaimable:      70764 kB
SUnreclaim:       220036 kB
KernelStack:       44512 kB
ShadowCallStack:   11148 kB
PageTables:        65872 kB
NFS_Unstable:          0 kB
Bounce:                0 kB
WritebackTmp:          0 kB
CommitLimit:     8679780 kB
Committed_AS:   62544544 kB
VmallocTotal:   263061440 kB
VmallocUsed:      124668 kB
VmallocChunk:          0 kB
Percpu:             6264 kB
CmaTotal:         405504 kB
CmaFree:            1400 kB
MemTotal:        7922396 kB
MemFree:          300668 kB
MemAvailable:    1926052 kB
Buffers:           65892 kB
Cached:          1562776 kB
SwapCached:            4 kB
Active:          1167956 kB
Inactive:        3102460 kB
Active(anon):      37360 kB
Inactive(anon):  2630556 kB
Active(file):    1130596 kB
Inactive(file):   471904 kB
Unevictable:        6088 kB
Mlocked:            5648 kB
SwapTotal:       4718584 kB
SwapFree:        4687096 kB
Dirty:               420 kB
Writeback:             0 kB
AnonPages:       2647828 kB
Mapped:           992196 kB
Shmem:             21568 kB
KReclaimable:     413156 kB
Slab:             290804 kB
SReclaimable:      70764 kB
SUnreclaim:       220040 kB
KernelStack:       44448 kB
ShadowCallStack:   11144 kB
PageTables:        65708 kB
NFS_Unstable:          0 kB
Bounce:                0 kB
WritebackTmp:          0 kB
CommitLimit:     8679780 kB
Committed_AS:   62544544 kB
VmallocTotal:   263061440 kB
VmallocUsed:      124664 kB
VmallocChunk:          0 kB
Percpu:             6264 kB
CmaTotal:         405504 kB
CmaFree:            1400 kB
MemTotal:        7922396 kB
MemFree:          300984 kB
MemAvailable:    1926376 kB
Buffers:           65892 kB
Cached:          1562784 kB
SwapCached:            4 kB
Active:          1167956 kB
Inactive:        3102620 kB
Active(anon):      37360 kB
Inactive(anon):  2630708 kB
Active(file):    1130596 kB
Inactive(file):   471912 kB
Unevictable:        6088 kB
Mlocked:            5648 kB
SwapTotal:       4718584 kB
SwapFree:        4687096 kB
Dirty:               428 kB
Writeback:             0 kB
AnonPages:       2648016 kB
Mapped:           992396 kB
Shmem:             21568 kB
KReclaimable:     413156 kB
Slab:             290788 kB
SReclaimable:      70764 kB
SUnreclaim:       220024 kB
KernelStack:       44528 kB
ShadowCallStack:   11148 kB
PageTables:        65876 kB
NFS_Unstable:          0 kB
Bounce:                0 kB
WritebackTmp:          0 kB
CommitLimit:     8679780 kB
Committed_AS:   62544500 kB
VmallocTotal:   263061440 kB
VmallocUsed:      124648 kB
VmallocChunk:          0 kB
Percpu:             6264 kB
CmaTotal:         405504 kB
CmaFree:            1400 kB
MemTotal:        7922396 kB
MemFree:          301156 kB
MemAvailable:    1926560 kB
Buffers:           65900 kB
Cached:          1562788 kB
SwapCached:            4 kB
Active:          1167964 kB
Inactive:        3103204 kB
Active(anon):      37360 kB
Inactive(anon):  2631288 kB
Active(file):    1130604 kB
Inactive(file):   471916 kB
Unevictable:        6088 kB
Mlocked:            5648 kB
SwapTotal:       4718584 kB
SwapFree:        4687096 kB
Dirty:               432 kB
Writeback:             0 kB
AnonPages:       2648512 kB
Mapped:           992460 kB
Shmem:             21568 kB
KReclaimable:     413156 kB
Slab:             290800 kB
SReclaimable:      70764 kB
SUnreclaim:       220036 kB
KernelStack:       44496 kB
ShadowCallStack:   11152 kB
PageTables:        65772 kB
NFS_Unstable:          0 kB
Bounce:                0 kB
WritebackTmp:          0 kB
CommitLimit:     8679780 kB
Committed_AS:   62544500 kB
VmallocTotal:   263061440 kB
VmallocUsed:      124648 kB
VmallocChunk:          0 kB
Percpu:             6264 kB
CmaTotal:         405504 kB
CmaFree:            1400 kB
MemTotal:        7922396 kB
MemFree:          299552 kB
MemAvailable:    1924956 kB
Buffers:           65900 kB
Cached:          1562788 kB
SwapCached:            4 kB
Active:          1167968 kB
Inactive:        3103556 kB
Active(anon):      37364 kB
Inactive(anon):  2631640 kB
Active(file):    1130604 kB
Inactive(file):   471916 kB
Unevictable:        6088 kB
Mlocked:            5648 kB
SwapTotal:       4718584 kB
SwapFree:        4687096 kB
Dirty:               432 kB
Writeback:             0 kB
AnonPages:       2649084 kB
Mapped:           992440 kB
Shmem:             21568 kB
KReclaimable:     413156 kB
Slab:             290800 kB
SReclaimable:      70764 kB
SUnreclaim:       220036 kB
KernelStack:       44480 kB
ShadowCallStack:   11156 kB
PageTables:        65972 kB
NFS_Unstable:          0 kB
Bounce:                0 kB
WritebackTmp:          0 kB
CommitLimit:     8679780 kB
Committed_AS:   62544504 kB
VmallocTotal:   263061440 kB
VmallocUsed:      124648 kB
VmallocChunk:          0 kB
Percpu:             6264 kB
CmaTotal:         405504 kB
CmaFree:            1400 kB
MemTotal:        7922396 kB
MemFree:          298356 kB
MemAvailable:    1923764 kB
Buffers:           65900 kB
Cached:          1562792 kB
SwapCached:            4 kB
Active:          1167964 kB
Inactive:        3103556 kB
Active(anon):      37360 kB
Inactive(anon):  2631636 kB
Active(file):    1130604 kB
Inactive(file):   471920 kB
Unevictable:        6088 kB
Mlocked:            5648 kB
SwapTotal:       4718584 kB
SwapFree:        4687096 kB
Dirty:               436 kB
Writeback:             0 kB
AnonPages:       2649244 kB
Mapped:           992448 kB
Shmem:             21568 kB
KReclaimable:     413156 kB
Slab:             290840 kB
SReclaimable:      70764 kB
SUnreclaim:       220076 kB
KernelStack:       44512 kB
ShadowCallStack:   11144 kB
PageTables:        66144 kB
NFS_Unstable:          0 kB
Bounce:                0 kB
WritebackTmp:          0 kB
CommitLimit:     8679780 kB
Committed_AS:   62544500 kB
VmallocTotal:   263061440 kB
VmallocUsed:      124648 kB
VmallocChunk:          0 kB
Percpu:             6264 kB
CmaTotal:         405504 kB
CmaFree:            1400 kB
MemTotal:        7922396 kB
MemFree:          299112 kB
MemAvailable:    1924520 kB
Buffers:           65900 kB
Cached:          1562792 kB
SwapCached:            4 kB
Active:          1167968 kB
Inactive:        3103816 kB
Active(anon):      37364 kB
Inactive(anon):  2631896 kB
Active(file):    1130604 kB
Inactive(file):   471920 kB
Unevictable:        6088 kB
Mlocked:            5648 kB
SwapTotal:       4718584 kB
SwapFree:        4687096 kB
Dirty:               440 kB
Writeback:             0 kB
AnonPages:       2649184 kB
Mapped:           992516 kB
Shmem:             21568 kB
KReclaimable:     413156 kB
Slab:             290812 kB
SReclaimable:      70764 kB
SUnreclaim:       220048 kB
KernelStack:       44464 kB
ShadowCallStack:   11148 kB
PageTables:        65804 kB
NFS_Unstable:          0 kB
Bounce:                0 kB
WritebackTmp:          0 kB
CommitLimit:     8679780 kB
Committed_AS:   62544500 kB
VmallocTotal:   263061440 kB
VmallocUsed:      124652 kB
VmallocChunk:          0 kB
Percpu:             6264 kB
CmaTotal:         405504 kB
CmaFree:            1400 kB
MemTotal:        7922396 kB
MemFree:          288400 kB
MemAvailable:    1912688 kB
Buffers:           65916 kB
Cached:          1563532 kB
SwapCached:            4 kB
Active:          1167984 kB
Inactive:        3115368 kB
Active(anon):      37364 kB
Inactive(anon):  2642708 kB
Active(file):    1130620 kB
Inactive(file):   472660 kB
Unevictable:        6088 kB
Mlocked:            5648 kB
SwapTotal:       4718584 kB
SwapFree:        4687096 kB
Dirty:               468 kB
Writeback:             0 kB
AnonPages:       2660048 kB
Mapped:           993628 kB
Shmem:             21568 kB
KReclaimable:     411280 kB
Slab:             290832 kB
SReclaimable:      70764 kB
SUnreclaim:       220068 kB
KernelStack:       44512 kB
ShadowCallStack:   11152 kB
PageTables:        65924 kB
NFS_Unstable:          0 kB
Bounce:                0 kB
WritebackTmp:          0 kB
CommitLimit:     8679780 kB
Committed_AS:   62593952 kB
VmallocTotal:   263061440 kB
VmallocUsed:      124656 kB
VmallocChunk:          0 kB
Percpu:             6264 kB
CmaTotal:         405504 kB
CmaFree:            1400 kB
MemTotal:        7922396 kB
MemFree:          288136 kB
MemAvailable:    1912520 kB
Buffers:           65852 kB
Cached:          1563712 kB
SwapCached:            4 kB
Active:          1168316 kB
Inactive:        3120204 kB
Active(anon):      37364 kB
Inactive(anon):  2647780 kB
Active(file):    1130952 kB
Inactive(file):   472424 kB
Unevictable:        6088 kB
Mlocked:            5648 kB
SwapTotal:       4718584 kB
SwapFree:        4687096 kB
Dirty:               472 kB
Writeback:             0 kB
AnonPages:       2665072 kB
Mapped:           994076 kB
Shmem:             21588 kB
KReclaimable:     411280 kB
Slab:             290828 kB
SReclaimable:      70764 kB
SUnreclaim:       220064 kB
KernelStack:       44752 kB
ShadowCallStack:   11212 kB
PageTables:        65964 kB
NFS_Unstable:          0 kB
Bounce:                0 kB
WritebackTmp:          0 kB
CommitLimit:     8679780 kB
Committed_AS:   62594592 kB
VmallocTotal:   263061440 kB
VmallocUsed:      124940 kB
VmallocChunk:          0 kB
Percpu:             6264 kB
CmaTotal:         405504 kB
CmaFree:            1680 kB
MemTotal:        7922396 kB
MemFree:          286120 kB
MemAvailable:    1910524 kB
Buffers:           65868 kB
Cached:          1563716 kB
SwapCached:            4 kB
Active:          1168332 kB
Inactive:        3121408 kB
Active(anon):      37364 kB
Inactive(anon):  2648980 kB
Active(file):    1130968 kB
Inactive(file):   472428 kB
Unevictable:        6088 kB
Mlocked:            5648 kB
SwapTotal:       4718584 kB
SwapFree:        4687096 kB
Dirty:               484 kB
Writeback:             0 kB
AnonPages:       2666252 kB
Mapped:           994084 kB
Shmem:             21588 kB
KReclaimable:     411280 kB
Slab:             290852 kB
SReclaimable:      70764 kB
SUnreclaim:       220088 kB
KernelStack:       44752 kB
ShadowCallStack:   11212 kB
PageTables:        66024 kB
NFS_Unstable:          0 kB
Bounce:                0 kB
WritebackTmp:          0 kB
CommitLimit:     8679780 kB
Committed_AS:   62594592 kB
VmallocTotal:   263061440 kB
VmallocUsed:      124956 kB
VmallocChunk:          0 kB
Percpu:             6264 kB
CmaTotal:         405504 kB
CmaFree:            1680 kB
MemTotal:        7922396 kB
MemFree:          285516 kB
MemAvailable:    1909936 kB
Buffers:           65868 kB
Cached:          1563716 kB
SwapCached:            4 kB
Active:          1168276 kB
Inactive:        3121920 kB
Active(anon):      37364 kB
Inactive(anon):  2649436 kB
Active(file):    1130912 kB
Inactive(file):   472484 kB
Unevictable:        6088 kB
Mlocked:            5648 kB
SwapTotal:       4718584 kB
SwapFree:        4687096 kB
Dirty:               220 kB
Writeback:             0 kB
AnonPages:       2666764 kB
Mapped:           994232 kB
Shmem:             21588 kB
KReclaimable:     411296 kB
Slab:             290736 kB
SReclaimable:      70780 kB
SUnreclaim:       219956 kB
KernelStack:       44736 kB
ShadowCallStack:   11212 kB
PageTables:        65964 kB
NFS_Unstable:          0 kB
Bounce:                0 kB
WritebackTmp:          0 kB
CommitLimit:     8679780 kB
Committed_AS:   62594596 kB
VmallocTotal:   263061440 kB
VmallocUsed:      124972 kB
VmallocChunk:          0 kB
Percpu:             6264 kB
CmaTotal:         405504 kB
CmaFree:            1680 kB
MemTotal:        7922396 kB
MemFree:          284476 kB
MemAvailable:    1908900 kB
Buffers:           65868 kB
Cached:          1563720 kB
SwapCached:            4 kB
Active:          1168272 kB
Inactive:        3122228 kB
Active(anon):      37360 kB
Inactive(anon):  2649740 kB
Active(file):    1130912 kB
Inactive(file):   472488 kB
Unevictable:        6088 kB
Mlocked:            5648 kB
SwapTotal:       4718584 kB
SwapFree:        4687096 kB
Dirty:               248 kB
Writeback:             0 kB
AnonPages:       2667004 kB
Mapped:           994140 kB
Shmem:             21588 kB
KReclaimable:     411296 kB
Slab:             290744 kB
SReclaimable:      70780 kB
SUnreclaim:       219964 kB
KernelStack:       44752 kB
ShadowCallStack:   11212 kB
PageTables:        66088 kB
NFS_Unstable:          0 kB
Bounce:                0 kB
WritebackTmp:          0 kB
CommitLimit:     8679780 kB
Committed_AS:   62594592 kB
VmallocTotal:   263061440 kB
VmallocUsed:      124988 kB
VmallocChunk:          0 kB
Percpu:             6264 kB
CmaTotal:         405504 kB
CmaFree:            1680 kB
MemTotal:        7922396 kB
MemFree:          283748 kB
MemAvailable:    1908188 kB
Buffers:           65868 kB
Cached:          1563720 kB
SwapCached:            4 kB
Active:          1168272 kB
Inactive:        3123028 kB
Active(anon):      37360 kB
Inactive(anon):  2650540 kB
Active(file):    1130912 kB
Inactive(file):   472488 kB
Unevictable:        6088 kB
Mlocked:            5648 kB
SwapTotal:       4718584 kB
SwapFree:        4687096 kB
Dirty:               252 kB
Writeback:             0 kB
AnonPages:       2667832 kB
Mapped:           994184 kB
Shmem:             21588 kB
KReclaimable:     411312 kB
Slab:             290760 kB
SReclaimable:      70796 kB
SUnreclaim:       219964 kB
KernelStack:       44752 kB
ShadowCallStack:   11212 kB
PageTables:        66092 kB
NFS_Unstable:          0 kB
Bounce:                0 kB
WritebackTmp:          0 kB
CommitLimit:     8679780 kB
Committed_AS:   62594540 kB
VmallocTotal:   263061440 kB
VmallocUsed:      124972 kB
VmallocChunk:          0 kB
Percpu:             6264 kB
CmaTotal:         405504 kB
CmaFree:            1680 kB
MemTotal:        7922396 kB
MemFree:          284112 kB
MemAvailable:    1908552 kB
Buffers:           65868 kB
Cached:          1563720 kB
SwapCached:            4 kB
Active:          1168272 kB
Inactive:        3123532 kB
Active(anon):      37360 kB
Inactive(anon):  2651044 kB
Active(file):    1130912 kB
Inactive(file):   472488 kB
Unevictable:        6088 kB
Mlocked:            5648 kB
SwapTotal:       4718584 kB
SwapFree:        4687096 kB
Dirty:               256 kB
Writeback:             0 kB
AnonPages:       2668316 kB
Mapped:           994184 kB
Shmem:             21588 kB
KReclaimable:     411312 kB
Slab:             290752 kB
SReclaimable:      70796 kB
SUnreclaim:       219956 kB
KernelStack:       44720 kB
ShadowCallStack:   11204 kB
PageTables:        65948 kB
NFS_Unstable:          0 kB
Bounce:                0 kB
WritebackTmp:          0 kB
CommitLimit:     8679780 kB
Committed_AS:   62594540 kB
VmallocTotal:   263061440 kB
VmallocUsed:      124968 kB
VmallocChunk:          0 kB
Percpu:             6264 kB
CmaTotal:         405504 kB
CmaFree:            1680 kB
MemTotal:        7922396 kB
MemFree:          283860 kB
MemAvailable:    1908320 kB
Buffers:           65884 kB
Cached:          1563724 kB
SwapCached:            4 kB
Active:          1168292 kB
Inactive:        3124012 kB
Active(anon):      37364 kB
Inactive(anon):  2651520 kB
Active(file):    1130928 kB
Inactive(file):   472492 kB
Unevictable:        6088 kB
Mlocked:            5648 kB
SwapTotal:       4718584 kB
SwapFree:        4687096 kB
Dirty:               260 kB
Writeback:             0 kB
AnonPages:       2668824 kB
Mapped:           994356 kB
Shmem:             21588 kB
KReclaimable:     411312 kB
Slab:             290716 kB
SReclaimable:      70796 kB
SUnreclaim:       219920 kB
KernelStack:       44720 kB
ShadowCallStack:   11212 kB
PageTables:        65872 kB
NFS_Unstable:          0 kB
Bounce:                0 kB
WritebackTmp:          0 kB
CommitLimit:     8679780 kB
Committed_AS:   62594544 kB
VmallocTotal:   263061440 kB
VmallocUsed:      124968 kB
VmallocChunk:          0 kB
Percpu:             6264 kB
CmaTotal:         405504 kB
CmaFree:            1680 kB
MemTotal:        7922396 kB
MemFree:          284176 kB
MemAvailable:    1908640 kB
Buffers:           65884 kB
Cached:          1563728 kB
SwapCached:            4 kB
Active:          1168288 kB
Inactive:        3124180 kB
Active(anon):      37364 kB
Inactive(anon):  2651680 kB
Active(file):    1130924 kB
Inactive(file):   472500 kB
Unevictable:        6088 kB
Mlocked:            5648 kB
SwapTotal:       4718584 kB
SwapFree:        4687096 kB
Dirty:                96 kB
Writeback:             0 kB
AnonPages:       2669040 kB
Mapped:           994184 kB
Shmem:             21588 kB
KReclaimable:     411312 kB
Slab:             290720 kB
SReclaimable:      70796 kB
SUnreclaim:       219924 kB
KernelStack:       44736 kB
ShadowCallStack:   11208 kB
PageTables:        66004 kB
NFS_Unstable:          0 kB
Bounce:                0 kB
WritebackTmp:          0 kB
CommitLimit:     8679780 kB
Committed_AS:   62594540 kB
VmallocTotal:   263061440 kB
VmallocUsed:      124972 kB
VmallocChunk:          0 kB
Percpu:             6264 kB
CmaTotal:         405504 kB
CmaFree:            1680 kB
MemTotal:        7922396 kB
MemFree:          283640 kB
MemAvailable:    1908108 kB
Buffers:           65884 kB
Cached:          1563732 kB
SwapCached:            4 kB
Active:          1168288 kB
Inactive:        3124420 kB
Active(anon):      37364 kB
Inactive(anon):  2651916 kB
Active(file):    1130924 kB
Inactive(file):   472504 kB
Unevictable:        6088 kB
Mlocked:            5648 kB
SwapTotal:       4718584 kB
SwapFree:        4687096 kB
Dirty:               104 kB
Writeback:             0 kB
AnonPages:       2669352 kB
Mapped:           994292 kB
Shmem:             21588 kB
KReclaimable:     411312 kB
Slab:             290760 kB
SReclaimable:      70796 kB
SUnreclaim:       219964 kB
KernelStack:       44752 kB
ShadowCallStack:   11212 kB
PageTables:        65948 kB
NFS_Unstable:          0 kB
Bounce:                0 kB
WritebackTmp:          0 kB
CommitLimit:     8679780 kB
Committed_AS:   62594540 kB
VmallocTotal:   263061440 kB
VmallocUsed:      124988 kB
VmallocChunk:          0 kB
Percpu:             6264 kB
CmaTotal:         405504 kB
CmaFree:            1680 kB
MemTotal:        7922396 kB
MemFree:          213976 kB
MemAvailable:    1683500 kB
Buffers:           64160 kB
Cached:          1548948 kB
SwapCached:            4 kB
Active:          1156336 kB
Inactive:        3208384 kB
Active(anon):      37668 kB
Inactive(anon):  2740284 kB
Active(file):    1118668 kB
Inactive(file):   468100 kB
Unevictable:        6088 kB
Mlocked:            5648 kB
SwapTotal:       4718584 kB
SwapFree:        4687096 kB
Dirty:               104 kB
Writeback:             0 kB
AnonPages:       2757824 kB
Mapped:           991532 kB
Shmem:             21740 kB
KReclaimable:     273028 kB
Slab:             290880 kB
SReclaimable:      70736 kB
SUnreclaim:       220144 kB
KernelStack:       44816 kB
ShadowCallStack:   11228 kB
PageTables:        66172 kB
NFS_Unstable:          0 kB
Bounce:                0 kB
WritebackTmp:          0 kB
CommitLimit:     8679780 kB
Committed_AS:   62594928 kB
VmallocTotal:   263061440 kB
VmallocUsed:      125064 kB
VmallocChunk:          0 kB
Percpu:             6264 kB
CmaTotal:         405504 kB
CmaFree:               0 kB
MemTotal:        7922396 kB
MemFree:          301492 kB
MemAvailable:    1904068 kB
Buffers:           64160 kB
Cached:          1548824 kB
SwapCached:            4 kB
Active:          1156312 kB
Inactive:        3119824 kB
Active(anon):      37644 kB
Inactive(anon):  2651704 kB
Active(file):    1118668 kB
Inactive(file):   468120 kB
Unevictable:        6088 kB
Mlocked:            5648 kB
SwapTotal:       4718584 kB
SwapFree:        4687096 kB
Dirty:               132 kB
Writeback:             0 kB
AnonPages:       2669248 kB
Mapped:           991048 kB
Shmem:             21596 kB
KReclaimable:     406060 kB
Slab:             290796 kB
SReclaimable:      70736 kB
SUnreclaim:       220060 kB
KernelStack:       44624 kB
ShadowCallStack:   11184 kB
PageTables:        66076 kB
NFS_Unstable:          0 kB
Bounce:                0 kB
WritebackTmp:          0 kB
CommitLimit:     8679780 kB
Committed_AS:   62594132 kB
VmallocTotal:   263061440 kB
VmallocUsed:      124824 kB
VmallocChunk:          0 kB
Percpu:             6264 kB
CmaTotal:         405504 kB
CmaFree:             792 kB
MemTotal:        7922396 kB
MemFree:          300184 kB
MemAvailable:    1902964 kB
Buffers:           64200 kB
Cached:          1548980 kB
SwapCached:            4 kB
Active:          1156492 kB
Inactive:        3122456 kB
Active(anon):      37644 kB
Inactive(anon):  2654328 kB
Active(file):    1118848 kB
Inactive(file):   468128 kB
Unevictable:        6088 kB
Mlocked:            5648 kB
SwapTotal:       4718584 kB
SwapFree:        4687096 kB
Dirty:               184 kB
Writeback:             0 kB
AnonPages:       2671872 kB
Mapped:           991260 kB
Shmem:             21604 kB
KReclaimable:     406076 kB
Slab:             290800 kB
SReclaimable:      70752 kB
SUnreclaim:       220048 kB
KernelStack:       44624 kB
ShadowCallStack:   11180 kB
PageTables:        66080 kB
NFS_Unstable:          0 kB
Bounce:                0 kB
WritebackTmp:          0 kB
CommitLimit:     8679780 kB
Committed_AS:   62594144 kB
VmallocTotal:   263061440 kB
VmallocUsed:      124824 kB
VmallocChunk:          0 kB
Percpu:             6264 kB
CmaTotal:         405504 kB
CmaFree:             920 kB
MemTotal:        7922396 kB
MemFree:          297956 kB
MemAvailable:    1900756 kB
Buffers:           64200 kB
Cached:          1548984 kB
SwapCached:            4 kB
Active:          1156492 kB
Inactive:        3122892 kB
Active(anon):      37644 kB
Inactive(anon):  2654760 kB
Active(file):    1118848 kB
Inactive(file):   468132 kB
Unevictable:        6088 kB
Mlocked:            5648 kB
SwapTotal:       4718584 kB
SwapFree:        4687096 kB
Dirty:               188 kB
Writeback:             0 kB
AnonPages:       2672328 kB
Mapped:           991112 kB
Shmem:             21604 kB
KReclaimable:     406092 kB
Slab:             290828 kB
SReclaimable:      70768 kB
SUnreclaim:       220060 kB
KernelStack:       44592 kB
ShadowCallStack:   11172 kB
PageTables:        65980 kB
NFS_Unstable:          0 kB
Bounce:                0 kB
WritebackTmp:          0 kB
CommitLimit:     8679780 kB
Committed_AS:   62594140 kB
VmallocTotal:   263061440 kB
VmallocUsed:      124820 kB
VmallocChunk:          0 kB
Percpu:             6264 kB
CmaTotal:         405504 kB
CmaFree:             920 kB
MemTotal:        7922396 kB
MemFree:          297704 kB
MemAvailable:    1900504 kB
Buffers:           64200 kB
Cached:          1548984 kB
SwapCached:            4 kB
Active:          1156488 kB
Inactive:        3123432 kB
Active(anon):      37648 kB
Inactive(anon):  2655292 kB
Active(file):    1118840 kB
Inactive(file):   468140 kB
Unevictable:        6088 kB
Mlocked:            5648 kB
SwapTotal:       4718584 kB
SwapFree:        4687096 kB
Dirty:                16 kB
Writeback:             0 kB
AnonPages:       2672828 kB
Mapped:           991220 kB
Shmem:             21604 kB
KReclaimable:     406092 kB
Slab:             290824 kB
SReclaimable:      70768 kB
SUnreclaim:       220056 kB
KernelStack:       44592 kB
ShadowCallStack:   11180 kB
PageTables:        65852 kB
NFS_Unstable:          0 kB
Bounce:                0 kB
WritebackTmp:          0 kB
CommitLimit:     8679780 kB
Committed_AS:   62594144 kB
VmallocTotal:   263061440 kB
VmallocUsed:      124800 kB
VmallocChunk:          0 kB
Percpu:             6264 kB
CmaTotal:         405504 kB
CmaFree:             920 kB
MemTotal:        7922396 kB
MemFree:          296940 kB
MemAvailable:    1899744 kB
Buffers:           64200 kB
Cached:          1548988 kB
SwapCached:            4 kB
Active:          1156484 kB
Inactive:        3123556 kB
Active(anon):      37644 kB
Inactive(anon):  2655412 kB
Active(file):    1118840 kB
Inactive(file):   468144 kB
Unevictable:        6088 kB
Mlocked:            5648 kB
SwapTotal:       4718584 kB
SwapFree:        4687096 kB
Dirty:                36 kB
Writeback:             0 kB
AnonPages:       2673136 kB
Mapped:           991096 kB
Shmem:             21604 kB
KReclaimable:     406092 kB
Slab:             290812 kB
SReclaimable:      70768 kB
SUnreclaim:       220044 kB
KernelStack:       44624 kB
ShadowCallStack:   11180 kB
PageTables:        65988 kB
NFS_Unstable:          0 kB
Bounce:                0 kB
WritebackTmp:          0 kB
CommitLimit:     8679780 kB
Committed_AS:   62594140 kB
VmallocTotal:   263061440 kB
VmallocUsed:      124792 kB
VmallocChunk:          0 kB
Percpu:             6264 kB
CmaTotal:         405504 kB
CmaFree:             920 kB
MemTotal:        7922396 kB
MemFree:          297116 kB
MemAvailable:    1899940 kB
Buffers:           64208 kB
Cached:          1549000 kB
SwapCached:            4 kB
Active:          1156488 kB
Inactive:        3124244 kB
Active(anon):      37640 kB
Inactive(anon):  2656088 kB
Active(file):    1118848 kB
Inactive(file):   468156 kB
Unevictable:        6088 kB
Mlocked:            5648 kB
SwapTotal:       4718584 kB
SwapFree:        4687096 kB
Dirty:               132 kB
Writeback:             0 kB
AnonPages:       2673680 kB
Mapped:           991108 kB
Shmem:             21604 kB
KReclaimable:     406092 kB
Slab:             290824 kB
SReclaimable:      70768 kB
SUnreclaim:       220056 kB
KernelStack:       44528 kB
ShadowCallStack:   11156 kB
PageTables:        65992 kB
NFS_Unstable:          0 kB
Bounce:                0 kB
WritebackTmp:          0 kB
CommitLimit:     8679780 kB
Committed_AS:   62593828 kB
VmallocTotal:   263061440 kB
VmallocUsed:      124676 kB
VmallocChunk:          0 kB
Percpu:             6264 kB
CmaTotal:         405504 kB
CmaFree:             920 kB
MemTotal:        7922396 kB
MemFree:          296236 kB
MemAvailable:    1899084 kB
Buffers:           64208 kB
Cached:          1549008 kB
SwapCached:            4 kB
Active:          1156484 kB
Inactive:        3124976 kB
Active(anon):      37636 kB
Inactive(anon):  2656812 kB
Active(file):    1118848 kB
Inactive(file):   468164 kB
Unevictable:        6088 kB
Mlocked:            5648 kB
SwapTotal:       4718584 kB
SwapFree:        4687096 kB
Dirty:               176 kB
Writeback:             0 kB
AnonPages:       2674356 kB
Mapped:           991096 kB
Shmem:             21604 kB
KReclaimable:     406108 kB
Slab:             290804 kB
SReclaimable:      70784 kB
SUnreclaim:       220020 kB
KernelStack:       44512 kB
ShadowCallStack:   11152 kB
PageTables:        66080 kB
NFS_Unstable:          0 kB
Bounce:                0 kB
WritebackTmp:          0 kB
CommitLimit:     8679780 kB
Committed_AS:   62593724 kB
VmallocTotal:   263061440 kB
VmallocUsed:      124620 kB
VmallocChunk:          0 kB
Percpu:             6264 kB
CmaTotal:         405504 kB
CmaFree:             920 kB
MemTotal:        7922396 kB
MemFree:          295488 kB
MemAvailable:    1898352 kB
Buffers:           64208 kB
Cached:          1549008 kB
SwapCached:            4 kB
Active:          1156484 kB
Inactive:        3125948 kB
Active(anon):      37636 kB
Inactive(anon):  2657784 kB
Active(file):    1118848 kB
Inactive(file):   468164 kB
Unevictable:        6088 kB
Mlocked:            5648 kB
SwapTotal:       4718584 kB
SwapFree:        4687096 kB
Dirty:               176 kB
Writeback:             0 kB
AnonPages:       2675408 kB
Mapped:           991152 kB
Shmem:             21604 kB
KReclaimable:     406124 kB
Slab:             290820 kB
SReclaimable:      70800 kB
SUnreclaim:       220020 kB
KernelStack:       44496 kB
ShadowCallStack:   11148 kB
PageTables:        65992 kB
NFS_Unstable:          0 kB
Bounce:                0 kB
WritebackTmp:          0 kB
CommitLimit:     8679780 kB
Committed_AS:   62593776 kB
VmallocTotal:   263061440 kB
VmallocUsed:      124652 kB
VmallocChunk:          0 kB
Percpu:             6264 kB
CmaTotal:         405504 kB
CmaFree:             920 kB
MemTotal:        7922396 kB
MemFree:          295464 kB
MemAvailable:    1898328 kB
Buffers:           64208 kB
Cached:          1549008 kB
SwapCached:            4 kB
Active:          1156480 kB
Inactive:        3126208 kB
Active(anon):      37632 kB
Inactive(anon):  2658044 kB
Active(file):    1118848 kB
Inactive(file):   468164 kB
Unevictable:        6088 kB
Mlocked:            5648 kB
SwapTotal:       4718584 kB
SwapFree:        4687096 kB
Dirty:               176 kB
Writeback:             0 kB
AnonPages:       2675572 kB
Mapped:           991160 kB
Shmem:             21604 kB
KReclaimable:     406124 kB
Slab:             290820 kB
SReclaimable:      70800 kB
SUnreclaim:       220020 kB
KernelStack:       44464 kB
ShadowCallStack:   11140 kB
PageTables:        66072 kB
NFS_Unstable:          0 kB
Bounce:                0 kB
WritebackTmp:          0 kB
CommitLimit:     8679780 kB
Committed_AS:   62593672 kB
VmallocTotal:   263061440 kB
VmallocUsed:      124624 kB
VmallocChunk:          0 kB
Percpu:             6264 kB
CmaTotal:         405504 kB
CmaFree:             920 kB
MemTotal:        7922396 kB
MemFree:          295308 kB
MemAvailable:    1898172 kB
Buffers:           64208 kB
Cached:          1549008 kB
SwapCached:            4 kB
Active:          1156484 kB
Inactive:        3126576 kB
Active(anon):      37636 kB
Inactive(anon):  2658412 kB
Active(file):    1118848 kB
Inactive(file):   468164 kB
Unevictable:        6088 kB
Mlocked:            5648 kB
SwapTotal:       4718584 kB
SwapFree:        4687096 kB
Dirty:               176 kB
Writeback:             0 kB
AnonPages:       2675800 kB
Mapped:           991176 kB
Shmem:             21604 kB
KReclaimable:     406124 kB
Slab:             290828 kB
SReclaimable:      70800 kB
SUnreclaim:       220028 kB
KernelStack:       44464 kB
ShadowCallStack:   11140 kB
PageTables:        65964 kB
NFS_Unstable:          0 kB
Bounce:                0 kB
WritebackTmp:          0 kB
CommitLimit:     8679780 kB
Committed_AS:   62593672 kB
VmallocTotal:   263061440 kB
VmallocUsed:      124608 kB
VmallocChunk:          0 kB
Percpu:             6264 kB
CmaTotal:         405504 kB
CmaFree:             920 kB
MemTotal:        7922396 kB
MemFree:          294468 kB
MemAvailable:    1897328 kB
Buffers:           64208 kB
Cached:          1549008 kB
SwapCached:            4 kB
Active:          1156480 kB
Inactive:        3126992 kB
Active(anon):      37632 kB
Inactive(anon):  2658828 kB
Active(file):    1118848 kB
Inactive(file):   468164 kB
Unevictable:        6088 kB
Mlocked:            5648 kB
SwapTotal:       4718584 kB
SwapFree:        4687096 kB
Dirty:               176 kB
Writeback:             0 kB
AnonPages:       2676376 kB
Mapped:           991300 kB
Shmem:             21604 kB
KReclaimable:     406120 kB
Slab:             290828 kB
SReclaimable:      70796 kB
SUnreclaim:       220032 kB
KernelStack:       44432 kB
ShadowCallStack:   11132 kB
PageTables:        65976 kB
NFS_Unstable:          0 kB
Bounce:                0 kB
WritebackTmp:          0 kB
CommitLimit:     8679780 kB
Committed_AS:   62593672 kB
VmallocTotal:   263061440 kB
VmallocUsed:      124620 kB
VmallocChunk:          0 kB
Percpu:             6264 kB
CmaTotal:         405504 kB
CmaFree:             920 kB
MemTotal:        7922396 kB
MemFree:          292784 kB
MemAvailable:    1895676 kB
Buffers:           64240 kB
Cached:          1549008 kB
SwapCached:            4 kB
Active:          1156512 kB
Inactive:        3128496 kB
Active(anon):      37632 kB
Inactive(anon):  2660332 kB
Active(file):    1118880 kB
Inactive(file):   468164 kB
Unevictable:        6088 kB
Mlocked:            5648 kB
SwapTotal:       4718584 kB
SwapFree:        4687096 kB
Dirty:               248 kB
Writeback:             0 kB
AnonPages:       2677852 kB
Mapped:           991160 kB
Shmem:             21604 kB
KReclaimable:     406120 kB
Slab:             290820 kB
SReclaimable:      70796 kB
SUnreclaim:       220024 kB
KernelStack:       44464 kB
ShadowCallStack:   11140 kB
PageTables:        66076 kB
NFS_Unstable:          0 kB
Bounce:                0 kB
WritebackTmp:          0 kB
CommitLimit:     8679780 kB
Committed_AS:   62593672 kB
VmallocTotal:   263061440 kB
VmallocUsed:      124620 kB
VmallocChunk:          0 kB
Percpu:             6264 kB
CmaTotal:         405504 kB
CmaFree:             920 kB
MemTotal:        7922396 kB
MemFree:          292704 kB
MemAvailable:    1895596 kB
Buffers:           64240 kB
Cached:          1549008 kB
SwapCached:            4 kB
Active:          1156516 kB
Inactive:        3129160 kB
Active(anon):      37636 kB
Inactive(anon):  2660996 kB
Active(file):    1118880 kB
Inactive(file):   468164 kB
Unevictable:        6088 kB
Mlocked:            5648 kB
SwapTotal:       4718584 kB
SwapFree:        4687096 kB
Dirty:               248 kB
Writeback:             0 kB
AnonPages:       2678424 kB
Mapped:           991160 kB
Shmem:             21604 kB
KReclaimable:     406120 kB
Slab:             290812 kB
SReclaimable:      70796 kB
SUnreclaim:       220016 kB
KernelStack:       44464 kB
ShadowCallStack:   11140 kB
PageTables:        65972 kB
NFS_Unstable:          0 kB
Bounce:                0 kB
WritebackTmp:          0 kB
CommitLimit:     8679780 kB
Committed_AS:   62593672 kB
VmallocTotal:   263061440 kB
VmallocUsed:      124616 kB
VmallocChunk:          0 kB
Percpu:             6264 kB
CmaTotal:         405504 kB
CmaFree:             920 kB
MemTotal:        7922396 kB
MemFree:          292276 kB
MemAvailable:    1895168 kB
Buffers:           64240 kB
Cached:          1549008 kB
SwapCached:            4 kB
Active:          1156516 kB
Inactive:        3128904 kB
Active(anon):      37636 kB
Inactive(anon):  2660740 kB
Active(file):    1118880 kB
Inactive(file):   468164 kB
Unevictable:        6088 kB
Mlocked:            5648 kB
SwapTotal:       4718584 kB
SwapFree:        4687096 kB
Dirty:                52 kB
Writeback:             0 kB
AnonPages:       2678284 kB
Mapped:           991160 kB
Shmem:             21604 kB
KReclaimable:     406120 kB
Slab:             290820 kB
SReclaimable:      70796 kB
SUnreclaim:       220024 kB
KernelStack:       44464 kB
ShadowCallStack:   11140 kB
PageTables:        65968 kB
NFS_Unstable:          0 kB
Bounce:                0 kB
WritebackTmp:          0 kB
CommitLimit:     8679780 kB
Committed_AS:   62593672 kB
VmallocTotal:   263061440 kB
VmallocUsed:      124596 kB
VmallocChunk:          0 kB
Percpu:             6264 kB
CmaTotal:         405504 kB
CmaFree:             920 kB
MemTotal:        7922396 kB
MemFree:          292228 kB
MemAvailable:    1895120 kB
Buffers:           64240 kB
Cached:          1549008 kB
SwapCached:            4 kB
Active:          1156516 kB
Inactive:        3129204 kB
Active(anon):      37636 kB
Inactive(anon):  2661040 kB
Active(file):    1118880 kB
Inactive(file):   468164 kB
Unevictable:        6088 kB
Mlocked:            5648 kB
SwapTotal:       4718584 kB
SwapFree:        4687096 kB
Dirty:                84 kB
Writeback:             0 kB
AnonPages:       2678624 kB
Mapped:           991184 kB
Shmem:             21604 kB
KReclaimable:     406120 kB
Slab:             290828 kB
SReclaimable:      70796 kB
SUnreclaim:       220032 kB
KernelStack:       44448 kB
ShadowCallStack:   11136 kB
PageTables:        66008 kB
NFS_Unstable:          0 kB
Bounce:                0 kB
WritebackTmp:          0 kB
CommitLimit:     8679780 kB
Committed_AS:   62593696 kB
VmallocTotal:   263061440 kB
VmallocUsed:      124600 kB
VmallocChunk:          0 kB
Percpu:             6264 kB
CmaTotal:         405504 kB
CmaFree:             920 kB
MemTotal:        7922396 kB
MemFree:          292244 kB
MemAvailable:    1895136 kB
Buffers:           64240 kB
Cached:          1549008 kB
SwapCached:            4 kB
Active:          1156512 kB
Inactive:        3129416 kB
Active(anon):      37632 kB
Inactive(anon):  2661252 kB
Active(file):    1118880 kB
Inactive(file):   468164 kB
Unevictable:        6088 kB
Mlocked:            5648 kB
SwapTotal:       4718584 kB
SwapFree:        4687096 kB
Dirty:                88 kB
Writeback:             0 kB
AnonPages:       2678768 kB
Mapped:           991332 kB
Shmem:             21604 kB
KReclaimable:     406120 kB
Slab:             290824 kB
SReclaimable:      70796 kB
SUnreclaim:       220028 kB
KernelStack:       44432 kB
ShadowCallStack:   11132 kB
PageTables:        65936 kB
NFS_Unstable:          0 kB
Bounce:                0 kB
WritebackTmp:          0 kB
CommitLimit:     8679780 kB
Committed_AS:   62593672 kB
VmallocTotal:   263061440 kB
VmallocUsed:      124608 kB
VmallocChunk:          0 kB
Percpu:             6264 kB
CmaTotal:         405504 kB
CmaFree:             920 kB
MemTotal:        7922396 kB
MemFree:          292528 kB
MemAvailable:    1895420 kB
Buffers:           64240 kB
Cached:          1549008 kB
SwapCached:            4 kB
Active:          1156516 kB
Inactive:        3129420 kB
Active(anon):      37636 kB
Inactive(anon):  2661256 kB
Active(file):    1118880 kB
Inactive(file):   468164 kB
Unevictable:        6088 kB
Mlocked:            5648 kB
SwapTotal:       4718584 kB
SwapFree:        4687096 kB
Dirty:                92 kB
Writeback:             0 kB
AnonPages:       2678840 kB
Mapped:           991164 kB
Shmem:             21604 kB
KReclaimable:     406120 kB
Slab:             290828 kB
SReclaimable:      70796 kB
SUnreclaim:       220032 kB
KernelStack:       44464 kB
ShadowCallStack:   11140 kB
PageTables:        66008 kB
NFS_Unstable:          0 kB
Bounce:                0 kB
WritebackTmp:          0 kB
CommitLimit:     8679780 kB
Committed_AS:   62593672 kB
VmallocTotal:   263061440 kB
VmallocUsed:      124612 kB
VmallocChunk:          0 kB
Percpu:             6264 kB
CmaTotal:         405504 kB
CmaFree:             920 kB
MemTotal:        7922396 kB
MemFree:          291268 kB
MemAvailable:    1894172 kB
Buffers:           64248 kB
Cached:          1549012 kB
SwapCached:            4 kB
Active:          1156524 kB
Inactive:        3129976 kB
Active(anon):      37636 kB
Inactive(anon):  2661808 kB
Active(file):    1118888 kB
Inactive(file):   468168 kB
Unevictable:        6088 kB
Mlocked:            5648 kB
SwapTotal:       4718584 kB
SwapFree:        4687096 kB
Dirty:               108 kB
Writeback:             0 kB
AnonPages:       2679352 kB
Mapped:           991264 kB
Shmem:             21604 kB
KReclaimable:     406120 kB
Slab:             290840 kB
SReclaimable:      70796 kB
SUnreclaim:       220044 kB
KernelStack:       44464 kB
ShadowCallStack:   11136 kB
PageTables:        65988 kB
NFS_Unstable:          0 kB
Bounce:                0 kB
WritebackTmp:          0 kB
CommitLimit:     8679780 kB
Committed_AS:   62593672 kB
VmallocTotal:   263061440 kB
VmallocUsed:      124620 kB
VmallocChunk:          0 kB
Percpu:             6264 kB
CmaTotal:         405504 kB
CmaFree:             920 kB
MemTotal:        7922396 kB
MemFree:          291016 kB
MemAvailable:    1893920 kB
Buffers:           64248 kB
Cached:          1549012 kB
SwapCached:            4 kB
Active:          1156524 kB
Inactive:        3130096 kB
Active(anon):      37636 kB
Inactive(anon):  2661928 kB
Active(file):    1118888 kB
Inactive(file):   468168 kB
Unevictable:        6088 kB
Mlocked:            5648 kB
SwapTotal:       4718584 kB
SwapFree:        4687096 kB
Dirty:               108 kB
Writeback:             0 kB
AnonPages:       2679476 kB
Mapped:           991160 kB
Shmem:             21604 kB
KReclaimable:     406120 kB
Slab:             290832 kB
SReclaimable:      70796 kB
SUnreclaim:       220036 kB
KernelStack:       44432 kB
ShadowCallStack:   11132 kB
PageTables:        65988 kB
NFS_Unstable:          0 kB
Bounce:                0 kB
WritebackTmp:          0 kB
CommitLimit:     8679780 kB
Committed_AS:   62593676 kB
VmallocTotal:   263061440 kB
VmallocUsed:      124620 kB
VmallocChunk:          0 kB
Percpu:             6264 kB
CmaTotal:         405504 kB
CmaFree:             920 kB
MemTotal:        7922396 kB
MemFree:          290260 kB
MemAvailable:    1893164 kB
Buffers:           64248 kB
Cached:          1549012 kB
SwapCached:            4 kB
Active:          1156520 kB
Inactive:        3130312 kB
Active(anon):      37632 kB
Inactive(anon):  2662144 kB
Active(file):    1118888 kB
Inactive(file):   468168 kB
Unevictable:        6088 kB
Mlocked:            5648 kB
SwapTotal:       4718584 kB
SwapFree:        4687096 kB
Dirty:               112 kB
Writeback:             0 kB
AnonPages:       2679628 kB
Mapped:           991160 kB
Shmem:             21604 kB
KReclaimable:     406120 kB
Slab:             290828 kB
SReclaimable:      70796 kB
SUnreclaim:       220032 kB
KernelStack:       44432 kB
ShadowCallStack:   11136 kB
PageTables:        65952 kB
NFS_Unstable:          0 kB
Bounce:                0 kB
WritebackTmp:          0 kB
CommitLimit:     8679780 kB
Committed_AS:   62593672 kB
VmallocTotal:   263061440 kB
VmallocUsed:      124612 kB
VmallocChunk:          0 kB
Percpu:             6264 kB
CmaTotal:         405504 kB
CmaFree:             920 kB
MemTotal:        7922396 kB
MemFree:          230112 kB
MemAvailable:    1725176 kB
Buffers:           64248 kB
Cached:          1549068 kB
SwapCached:            4 kB
Active:          1156524 kB
Inactive:        3168808 kB
Active(anon):      37636 kB
Inactive(anon):  2700640 kB
Active(file):    1118888 kB
Inactive(file):   468168 kB
Unevictable:        6088 kB
Mlocked:            5648 kB
SwapTotal:       4718584 kB
SwapFree:        4687096 kB
Dirty:               116 kB
Writeback:             0 kB
AnonPages:       2718104 kB
Mapped:           991492 kB
Shmem:             21660 kB
KReclaimable:     298280 kB
Slab:             290860 kB
SReclaimable:      70796 kB
SUnreclaim:       220064 kB
KernelStack:       44528 kB
ShadowCallStack:   11156 kB
PageTables:        66064 kB
NFS_Unstable:          0 kB
Bounce:                0 kB
WritebackTmp:          0 kB
CommitLimit:     8679780 kB
Committed_AS:   62594008 kB
VmallocTotal:   263061440 kB
VmallocUsed:      124688 kB
VmallocChunk:          0 kB
Percpu:             6264 kB
CmaTotal:         405504 kB
CmaFree:               0 kB
MemTotal:        7922396 kB
MemFree:          214580 kB
MemAvailable:    1669444 kB
Buffers:           57176 kB
Cached:          1538020 kB
SwapCached:            4 kB
Active:          1147244 kB
Inactive:        3209488 kB
Active(anon):      38048 kB
Inactive(anon):  2749836 kB
Active(file):    1109196 kB
Inactive(file):   459652 kB
Unevictable:        6088 kB
Mlocked:            5648 kB
SwapTotal:       4718584 kB
SwapFree:        4687096 kB
Dirty:               116 kB
Writeback:             0 kB
AnonPages:       2767640 kB
Mapped:           990204 kB
Shmem:             21748 kB
KReclaimable:     276288 kB
Slab:             290856 kB
SReclaimable:      70732 kB
SUnreclaim:       220124 kB
KernelStack:       44544 kB
ShadowCallStack:   11160 kB
PageTables:        66092 kB
NFS_Unstable:          0 kB
Bounce:                0 kB
WritebackTmp:          0 kB
CommitLimit:     8679780 kB
Committed_AS:   62594052 kB
VmallocTotal:   263061440 kB
VmallocUsed:      124696 kB
VmallocChunk:          0 kB
Percpu:             6264 kB
CmaTotal:         405504 kB
CmaFree:               0 kB
MemTotal:        7922396 kB
MemFree:          300016 kB
MemAvailable:    1889304 kB
Buffers:           57200 kB
Cached:          1537880 kB
SwapCached:            4 kB
Active:          1147444 kB
Inactive:        3122952 kB
Active(anon):      38048 kB
Inactive(anon):  2663476 kB
Active(file):    1109396 kB
Inactive(file):   459476 kB
Unevictable:        6088 kB
Mlocked:            5648 kB
SwapTotal:       4718584 kB
SwapFree:        4687096 kB
Dirty:               156 kB
Writeback:             0 kB
AnonPages:       2681480 kB
Mapped:           989728 kB
Shmem:             21608 kB
KReclaimable:     410688 kB
Slab:             290820 kB
SReclaimable:      70748 kB
SUnreclaim:       220072 kB
KernelStack:       44448 kB
ShadowCallStack:   11136 kB
PageTables:        65860 kB
NFS_Unstable:          0 kB
Bounce:                0 kB
WritebackTmp:          0 kB
CommitLimit:     8679780 kB
Committed_AS:   62593676 kB
VmallocTotal:   263061440 kB
VmallocUsed:      124596 kB
VmallocChunk:          0 kB
Percpu:             6264 kB
CmaTotal:         405504 kB
CmaFree:             792 kB
MemTotal:        7922396 kB
MemFree:          300016 kB
MemAvailable:    1889304 kB
Buffers:           57200 kB
Cached:          1537880 kB
SwapCached:            4 kB
Active:          1147448 kB
Inactive:        3123232 kB
Active(anon):      38048 kB
Inactive(anon):  2663760 kB
Active(file):    1109400 kB
Inactive(file):   459472 kB
Unevictable:        6088 kB
Mlocked:            5648 kB
SwapTotal:       4718584 kB
SwapFree:        4687096 kB
Dirty:               160 kB
Writeback:             0 kB
AnonPages:       2681720 kB
Mapped:           989732 kB
Shmem:             21608 kB
KReclaimable:     410688 kB
Slab:             290816 kB
SReclaimable:      70748 kB
SUnreclaim:       220068 kB
KernelStack:       44464 kB
ShadowCallStack:   11140 kB
PageTables:        65972 kB
NFS_Unstable:          0 kB
Bounce:                0 kB
WritebackTmp:          0 kB
CommitLimit:     8679780 kB
Committed_AS:   62593676 kB
VmallocTotal:   263061440 kB
VmallocUsed:      124604 kB
VmallocChunk:          0 kB
Percpu:             6264 kB
CmaTotal:         405504 kB
CmaFree:             792 kB
MemTotal:        7922396 kB
MemFree:          300704 kB
MemAvailable:    1889992 kB
Buffers:           57200 kB
Cached:          1537880 kB
SwapCached:            4 kB
Active:          1147436 kB
Inactive:        3122184 kB
Active(anon):      38044 kB
Inactive(anon):  2662704 kB
Active(file):    1109392 kB
Inactive(file):   459480 kB
Unevictable:        6088 kB
Mlocked:            5648 kB
SwapTotal:       4718584 kB
SwapFree:        4687096 kB
Dirty:               100 kB
Writeback:             0 kB
AnonPages:       2680624 kB
Mapped:           989716 kB
Shmem:             21608 kB
KReclaimable:     410688 kB
Slab:             290812 kB
SReclaimable:      70748 kB
SUnreclaim:       220064 kB
KernelStack:       44432 kB
ShadowCallStack:   11140 kB
PageTables:        65936 kB
NFS_Unstable:          0 kB
Bounce:                0 kB
WritebackTmp:          0 kB
CommitLimit:     8679780 kB
Committed_AS:   62593676 kB
VmallocTotal:   263061440 kB
VmallocUsed:      124596 kB
VmallocChunk:          0 kB
Percpu:             6264 kB
CmaTotal:         405504 kB
CmaFree:             792 kB
MemTotal:        7922396 kB
MemFree:          300972 kB
MemAvailable:    1890260 kB
Buffers:           57200 kB
Cached:          1537880 kB
SwapCached:            4 kB
Active:          1147440 kB
Inactive:        3122684 kB
Active(anon):      38048 kB
Inactive(anon):  2663204 kB
Active(file):    1109392 kB
Inactive(file):   459480 kB
Unevictable:        6088 kB
Mlocked:            5648 kB
SwapTotal:       4718584 kB
SwapFree:        4687096 kB
Dirty:               108 kB
Writeback:             0 kB
AnonPages:       2681140 kB
Mapped:           989716 kB
Shmem:             21608 kB
KReclaimable:     410688 kB
Slab:             290812 kB
SReclaimable:      70748 kB
SUnreclaim:       220064 kB
KernelStack:       44464 kB
ShadowCallStack:   11140 kB
PageTables:        65968 kB
NFS_Unstable:          0 kB
Bounce:                0 kB
WritebackTmp:          0 kB
CommitLimit:     8679780 kB
Committed_AS:   62593680 kB
VmallocTotal:   263061440 kB
VmallocUsed:      124612 kB
VmallocChunk:          0 kB
Percpu:             6264 kB
CmaTotal:         405504 kB
CmaFree:             792 kB
MemTotal:        7922396 kB
MemFree:          300184 kB
MemAvailable:    1889480 kB
Buffers:           57208 kB
Cached:          1537880 kB
SwapCached:            4 kB
Active:          1147448 kB
Inactive:        3123612 kB
Active(anon):      38048 kB
Inactive(anon):  2664132 kB
Active(file):    1109400 kB
Inactive(file):   459480 kB
Unevictable:        6088 kB
Mlocked:            5648 kB
SwapTotal:       4718584 kB
SwapFree:        4687096 kB
Dirty:               112 kB
Writeback:             0 kB
AnonPages:       2682060 kB
Mapped:           989824 kB
Shmem:             21608 kB
KReclaimable:     410688 kB
Slab:             290816 kB
SReclaimable:      70748 kB
SUnreclaim:       220068 kB
KernelStack:       44464 kB
ShadowCallStack:   11140 kB
PageTables:        66000 kB
NFS_Unstable:          0 kB
Bounce:                0 kB
WritebackTmp:          0 kB
CommitLimit:     8679780 kB
Committed_AS:   62593680 kB
VmallocTotal:   263061440 kB
VmallocUsed:      124612 kB
VmallocChunk:          0 kB
Percpu:             6264 kB
CmaTotal:         405504 kB
CmaFree:             792 kB
MemTotal:        7922396 kB
MemFree:          297412 kB
MemAvailable:    1886716 kB
Buffers:           57216 kB
Cached:          1537884 kB
SwapCached:            4 kB
Active:          1147452 kB
Inactive:        3126236 kB
Active(anon):      38044 kB
Inactive(anon):  2666756 kB
Active(file):    1109408 kB
Inactive(file):   459480 kB
Unevictable:        6088 kB
Mlocked:            5648 kB
SwapTotal:       4718584 kB
SwapFree:        4687096 kB
Dirty:               152 kB
Writeback:             0 kB
AnonPages:       2684748 kB
Mapped:           989852 kB
Shmem:             21612 kB
KReclaimable:     410688 kB
Slab:             290820 kB
SReclaimable:      70748 kB
SUnreclaim:       220072 kB
KernelStack:       44496 kB
ShadowCallStack:   11148 kB
PageTables:        66080 kB
NFS_Unstable:          0 kB
Bounce:                0 kB
WritebackTmp:          0 kB
CommitLimit:     8679780 kB
Committed_AS:   62593784 kB
VmallocTotal:   263061440 kB
VmallocUsed:      124644 kB
VmallocChunk:          0 kB
Percpu:             6264 kB
CmaTotal:         405504 kB
CmaFree:             792 kB
MemTotal:        7922396 kB
MemFree:          295868 kB
MemAvailable:    1885172 kB
Buffers:           57216 kB
Cached:          1537884 kB
SwapCached:            4 kB
Active:          1147456 kB
Inactive:        3126440 kB
Active(anon):      38044 kB
Inactive(anon):  2666964 kB
Active(file):    1109412 kB
Inactive(file):   459476 kB
Unevictable:        6088 kB
Mlocked:            5648 kB
SwapTotal:       4718584 kB
SwapFree:        4687096 kB
Dirty:               156 kB
Writeback:             0 kB
AnonPages:       2684884 kB
