MemTotal:       12113144 kB
MemFree:         6558796 kB
MemAvailable:    8103140 kB
Buffers:            5824 kB
Cached:          1612696 kB
SwapCached:            0 kB
Active:          1415868 kB
Inactive:        1403504 kB
Active(anon):    1207692 kB
Inactive(anon):    21200 kB
Active(file):     208176 kB
Inactive(file):  1382304 kB
Unevictable:        5528 kB
Mlocked:            5528 kB
SwapTotal:       3145724 kB
SwapFree:        3145724 kB
Dirty:               308 kB
Writeback:             0 kB
AnonPages:       1206224 kB
Mapped:           813776 kB
Shmem:             23548 kB
KReclaimable:     822568 kB
Slab:             205344 kB
SReclaimable:      67092 kB
SUnreclaim:       138252 kB
KernelStack:       43056 kB
PageTables:        56968 kB
NFS_Unstable:          0 kB
Bounce:                0 kB
WritebackTmp:          0 kB
CommitLimit:     9202296 kB
Committed_AS:   57949596 kB
VmallocTotal:   263061440 kB
VmallocUsed:       99968 kB
VmallocChunk:          0 kB
Percpu:             7616 kB
CmaTotal:         294912 kB
CmaFree:               0 kB
MemTotal:       12113144 kB
MemFree:         6556016 kB
MemAvailable:    8100360 kB
Buffers:            5824 kB
Cached:          1612696 kB
SwapCached:            0 kB
Active:          1416160 kB
Inactive:        1403500 kB
Active(anon):    1207980 kB
Inactive(anon):    21200 kB
Active(file):     208180 kB
Inactive(file):  1382300 kB
Unevictable:        5528 kB
Mlocked:            5528 kB
SwapTotal:       3145724 kB
SwapFree:        3145724 kB
Dirty:               328 kB
Writeback:             0 kB
AnonPages:       1206732 kB
Mapped:           811960 kB
Shmem:             23548 kB
KReclaimable:     822568 kB
Slab:             205336 kB
SReclaimable:      67092 kB
SUnreclaim:       138244 kB
KernelStack:       43088 kB
PageTables:        56916 kB
NFS_Unstable:          0 kB
Bounce:                0 kB
WritebackTmp:          0 kB
CommitLimit:     9202296 kB
Committed_AS:   57945124 kB
VmallocTotal:   263061440 kB
VmallocUsed:      100000 kB
VmallocChunk:          0 kB
Percpu:             7616 kB
CmaTotal:         294912 kB
CmaFree:               0 kB
MemTotal:       12113144 kB
MemFree:         6555668 kB
MemAvailable:    8104900 kB
Buffers:            5824 kB
Cached:          1612696 kB
SwapCached:            0 kB
Active:          1416000 kB
Inactive:        1403500 kB
Active(anon):    1207820 kB
Inactive(anon):    21200 kB
Active(file):     208180 kB
Inactive(file):  1382300 kB
Unevictable:        5528 kB
Mlocked:            5528 kB
SwapTotal:       3145724 kB
SwapFree:        3145724 kB
Dirty:               328 kB
Writeback:             0 kB
AnonPages:       1206856 kB
Mapped:           811960 kB
Shmem:             23548 kB
KReclaimable:     827456 kB
Slab:             205336 kB
SReclaimable:      67092 kB
SUnreclaim:       138244 kB
KernelStack:       43020 kB
PageTables:        56912 kB
NFS_Unstable:          0 kB
Bounce:                0 kB
WritebackTmp:          0 kB
CommitLimit:     9202296 kB
Committed_AS:   57944516 kB
VmallocTotal:   263061440 kB
VmallocUsed:       99856 kB
VmallocChunk:          0 kB
Percpu:             7616 kB
CmaTotal:         294912 kB
CmaFree:               0 kB
MemTotal:       12113144 kB
MemFree:         6554356 kB
MemAvailable:    8103784 kB
Buffers:            5824 kB
Cached:          1614156 kB
SwapCached:            0 kB
Active:          1417344 kB
Inactive:        1404960 kB
Active(anon):    1209164 kB
Inactive(anon):    22660 kB
Active(file):     208180 kB
Inactive(file):  1382300 kB
Unevictable:        5528 kB
Mlocked:            5528 kB
SwapTotal:       3145724 kB
SwapFree:        3145724 kB
Dirty:               328 kB
Writeback:             0 kB
AnonPages:       1207548 kB
Mapped:           813420 kB
Shmem:             25008 kB
KReclaimable:     827652 kB
Slab:             205336 kB
SReclaimable:      67092 kB
SUnreclaim:       138244 kB
KernelStack:       42960 kB
PageTables:        56900 kB
NFS_Unstable:          0 kB
Bounce:                0 kB
WritebackTmp:          0 kB
CommitLimit:     9202296 kB
Committed_AS:   57949816 kB
VmallocTotal:   263061440 kB
VmallocUsed:       99856 kB
VmallocChunk:          0 kB
Percpu:             7616 kB
CmaTotal:         294912 kB
CmaFree:               0 kB
MemTotal:       12113144 kB
MemFree:         6551028 kB
MemAvailable:    8100456 kB
Buffers:            5824 kB
Cached:          1612696 kB
SwapCached:            0 kB
Active:          1420724 kB
Inactive:        1403500 kB
Active(anon):    1212544 kB
Inactive(anon):    21200 kB
Active(file):     208180 kB
Inactive(file):  1382300 kB
Unevictable:        5528 kB
Mlocked:            5528 kB
SwapTotal:       3145724 kB
SwapFree:        3145724 kB
Dirty:               328 kB
Writeback:             0 kB
AnonPages:       1211168 kB
Mapped:           811960 kB
Shmem:             23548 kB
KReclaimable:     827652 kB
Slab:             205344 kB
SReclaimable:      67092 kB
SUnreclaim:       138252 kB
KernelStack:       42960 kB
PageTables:        56884 kB
NFS_Unstable:          0 kB
Bounce:                0 kB
WritebackTmp:          0 kB
CommitLimit:     9202296 kB
Committed_AS:   57949568 kB
VmallocTotal:   263061440 kB
VmallocUsed:       99840 kB
VmallocChunk:          0 kB
Percpu:             7616 kB
CmaTotal:         294912 kB
CmaFree:               0 kB
MemTotal:       12113144 kB
MemFree:         6552412 kB
MemAvailable:    8101840 kB
Buffers:            5824 kB
Cached:          1612696 kB
SwapCached:            0 kB
Active:          1420152 kB
Inactive:        1403500 kB
Active(anon):    1211972 kB
Inactive(anon):    21200 kB
Active(file):     208180 kB
Inactive(file):  1382300 kB
Unevictable:        5528 kB
Mlocked:            5528 kB
SwapTotal:       3145724 kB
SwapFree:        3145724 kB
Dirty:               328 kB
Writeback:             0 kB
AnonPages:       1210500 kB
Mapped:           811700 kB
Shmem:             23548 kB
KReclaimable:     827652 kB
Slab:             205344 kB
SReclaimable:      67092 kB
SUnreclaim:       138252 kB
KernelStack:       42960 kB
PageTables:        56884 kB
NFS_Unstable:          0 kB
Bounce:                0 kB
WritebackTmp:          0 kB
CommitLimit:     9202296 kB
Committed_AS:   57949348 kB
VmallocTotal:   263061440 kB
VmallocUsed:       99840 kB
VmallocChunk:          0 kB
Percpu:             7616 kB
CmaTotal:         294912 kB
CmaFree:               0 kB
MemTotal:       12113144 kB
MemFree:         6551672 kB
MemAvailable:    8101100 kB
Buffers:            5824 kB
Cached:          1612764 kB
SwapCached:            0 kB
Active:          1420200 kB
Inactive:        1403524 kB
Active(anon):    1212020 kB
Inactive(anon):    21224 kB
Active(file):     208180 kB
Inactive(file):  1382300 kB
Unevictable:        5528 kB
Mlocked:            5528 kB
SwapTotal:       3145724 kB
SwapFree:        3145724 kB
Dirty:               328 kB
Writeback:             0 kB
AnonPages:       1210700 kB
Mapped:           811764 kB
Shmem:             23616 kB
KReclaimable:     827652 kB
Slab:             205344 kB
SReclaimable:      67092 kB
SUnreclaim:       138252 kB
KernelStack:       42960 kB
PageTables:        56884 kB
NFS_Unstable:          0 kB
Bounce:                0 kB
WritebackTmp:          0 kB
CommitLimit:     9202296 kB
Committed_AS:   57949588 kB
VmallocTotal:   263061440 kB
VmallocUsed:       99856 kB
VmallocChunk:          0 kB
Percpu:             7616 kB
CmaTotal:         294912 kB
CmaFree:               0 kB
MemTotal:       12113144 kB
MemFree:         6551676 kB
MemAvailable:    8101104 kB
Buffers:            5824 kB
Cached:          1612568 kB
SwapCached:            0 kB
Active:          1420040 kB
Inactive:        1403372 kB
Active(anon):    1211860 kB
Inactive(anon):    21072 kB
Active(file):     208180 kB
Inactive(file):  1382300 kB
Unevictable:        5528 kB
Mlocked:            5528 kB
SwapTotal:       3145724 kB
SwapFree:        3145724 kB
Dirty:               328 kB
Writeback:             0 kB
AnonPages:       1210620 kB
Mapped:           811700 kB
Shmem:             23420 kB
KReclaimable:     827652 kB
Slab:             205304 kB
SReclaimable:      67092 kB
SUnreclaim:       138212 kB
KernelStack:       42960 kB
PageTables:        56888 kB
NFS_Unstable:          0 kB
Bounce:                0 kB
WritebackTmp:          0 kB
CommitLimit:     9202296 kB
Committed_AS:   57948996 kB
VmallocTotal:   263061440 kB
VmallocUsed:       99840 kB
VmallocChunk:          0 kB
Percpu:             7616 kB
CmaTotal:         294912 kB
CmaFree:               0 kB
MemTotal:       12113144 kB
MemFree:         6551616 kB
MemAvailable:    8101052 kB
Buffers:            5824 kB
Cached:          1612576 kB
SwapCached:            0 kB
Active:          1420248 kB
Inactive:        1403380 kB
Active(anon):    1212068 kB
Inactive(anon):    21072 kB
Active(file):     208180 kB
Inactive(file):  1382308 kB
Unevictable:        5528 kB
Mlocked:            5528 kB
SwapTotal:       3145724 kB
SwapFree:        3145724 kB
Dirty:               340 kB
Writeback:             8 kB
AnonPages:       1210824 kB
Mapped:           811960 kB
Shmem:             23420 kB
KReclaimable:     827652 kB
Slab:             205304 kB
SReclaimable:      67092 kB
SUnreclaim:       138212 kB
KernelStack:       42960 kB
PageTables:        56892 kB
NFS_Unstable:          0 kB
Bounce:                0 kB
WritebackTmp:          0 kB
CommitLimit:     9202296 kB
Committed_AS:   57949136 kB
VmallocTotal:   263061440 kB
VmallocUsed:       99840 kB
VmallocChunk:          0 kB
Percpu:             7616 kB
CmaTotal:         294912 kB
CmaFree:               0 kB
MemTotal:       12113144 kB
MemFree:         6551828 kB
MemAvailable:    8101264 kB
Buffers:            5824 kB
Cached:          1612576 kB
SwapCached:            0 kB
Active:          1420736 kB
Inactive:        1403380 kB
Active(anon):    1212556 kB
Inactive(anon):    21072 kB
Active(file):     208180 kB
Inactive(file):  1382308 kB
Unevictable:        5528 kB
Mlocked:            5528 kB
SwapTotal:       3145724 kB
SwapFree:        3145724 kB
Dirty:               344 kB
Writeback:             0 kB
AnonPages:       1211348 kB
Mapped:           811700 kB
Shmem:             23420 kB
KReclaimable:     827652 kB
Slab:             205312 kB
SReclaimable:      67092 kB
SUnreclaim:       138220 kB
KernelStack:       42960 kB
PageTables:        56896 kB
NFS_Unstable:          0 kB
Bounce:                0 kB
WritebackTmp:          0 kB
CommitLimit:     9202296 kB
Committed_AS:   57948792 kB
VmallocTotal:   263061440 kB
VmallocUsed:       99840 kB
VmallocChunk:          0 kB
Percpu:             7616 kB
CmaTotal:         294912 kB
CmaFree:               0 kB
MemTotal:       12113144 kB
MemFree:         6551116 kB
MemAvailable:    8100552 kB
Buffers:            5824 kB
Cached:          1612588 kB
SwapCached:            0 kB
Active:          1421528 kB
Inactive:        1403392 kB
Active(anon):    1213348 kB
Inactive(anon):    21084 kB
Active(file):     208180 kB
Inactive(file):  1382308 kB
Unevictable:        5528 kB
Mlocked:            5528 kB
SwapTotal:       3145724 kB
SwapFree:        3145724 kB
Dirty:               412 kB
Writeback:             0 kB
AnonPages:       1212540 kB
Mapped:           811972 kB
Shmem:             23432 kB
KReclaimable:     827652 kB
Slab:             205304 kB
SReclaimable:      67092 kB
SUnreclaim:       138212 kB
KernelStack:       42992 kB
PageTables:        56880 kB
NFS_Unstable:          0 kB
Bounce:                0 kB
WritebackTmp:          0 kB
CommitLimit:     9202296 kB
Committed_AS:   57948528 kB
VmallocTotal:   263061440 kB
VmallocUsed:       99888 kB
VmallocChunk:          0 kB
Percpu:             7616 kB
CmaTotal:         294912 kB
CmaFree:               0 kB
MemTotal:       12113144 kB
MemFree:         6550132 kB
MemAvailable:    8099568 kB
Buffers:            5824 kB
Cached:          1612588 kB
SwapCached:            0 kB
Active:          1422068 kB
Inactive:        1403392 kB
Active(anon):    1213888 kB
Inactive(anon):    21084 kB
Active(file):     208180 kB
Inactive(file):  1382308 kB
Unevictable:        5528 kB
Mlocked:            5528 kB
SwapTotal:       3145724 kB
SwapFree:        3145724 kB
Dirty:               412 kB
Writeback:             0 kB
AnonPages:       1212608 kB
Mapped:           811972 kB
Shmem:             23432 kB
KReclaimable:     827652 kB
Slab:             205304 kB
SReclaimable:      67092 kB
SUnreclaim:       138212 kB
KernelStack:       42992 kB
PageTables:        56888 kB
NFS_Unstable:          0 kB
Bounce:                0 kB
WritebackTmp:          0 kB
CommitLimit:     9202296 kB
Committed_AS:   57948212 kB
VmallocTotal:   263061440 kB
VmallocUsed:       99888 kB
VmallocChunk:          0 kB
Percpu:             7616 kB
CmaTotal:         294912 kB
CmaFree:               0 kB
MemTotal:       12113144 kB
MemFree:         6565284 kB
MemAvailable:    8114724 kB
Buffers:            5824 kB
Cached:          1612592 kB
SwapCached:            0 kB
Active:          1408412 kB
Inactive:        1403392 kB
Active(anon):    1200228 kB
Inactive(anon):    21084 kB
Active(file):     208184 kB
Inactive(file):  1382308 kB
Unevictable:        5528 kB
Mlocked:            5528 kB
SwapTotal:       3145724 kB
SwapFree:        3145724 kB
Dirty:               420 kB
Writeback:             0 kB
AnonPages:       1198892 kB
Mapped:           811972 kB
Shmem:             23432 kB
KReclaimable:     827652 kB
Slab:             205304 kB
SReclaimable:      67092 kB
SUnreclaim:       138212 kB
KernelStack:       42992 kB
PageTables:        56888 kB
NFS_Unstable:          0 kB
Bounce:                0 kB
WritebackTmp:          0 kB
CommitLimit:     9202296 kB
Committed_AS:   57948036 kB
VmallocTotal:   263061440 kB
VmallocUsed:       99904 kB
VmallocChunk:          0 kB
Percpu:             7616 kB
CmaTotal:         294912 kB
CmaFree:              36 kB
MemTotal:       12113144 kB
MemFree:         6563952 kB
MemAvailable:    8113388 kB
Buffers:            5824 kB
Cached:          1612588 kB
SwapCached:            0 kB
Active:          1408676 kB
Inactive:        1403392 kB
Active(anon):    1200496 kB
Inactive(anon):    21084 kB
Active(file):     208180 kB
Inactive(file):  1382308 kB
Unevictable:        5528 kB
Mlocked:            5528 kB
SwapTotal:       3145724 kB
SwapFree:        3145724 kB
Dirty:               412 kB
Writeback:             0 kB
AnonPages:       1199492 kB
Mapped:           811972 kB
Shmem:             23432 kB
KReclaimable:     827652 kB
Slab:             205304 kB
SReclaimable:      67092 kB
SUnreclaim:       138212 kB
KernelStack:       42992 kB
PageTables:        56884 kB
NFS_Unstable:          0 kB
Bounce:                0 kB
WritebackTmp:          0 kB
CommitLimit:     9202296 kB
Committed_AS:   57947744 kB
VmallocTotal:   263061440 kB
VmallocUsed:       99888 kB
VmallocChunk:          0 kB
Percpu:             7616 kB
CmaTotal:         294912 kB
CmaFree:               0 kB
MemTotal:       12113144 kB
MemFree:         6557240 kB
MemAvailable:    8106676 kB
Buffers:            5828 kB
Cached:          1612768 kB
SwapCached:            0 kB
Active:          1414836 kB
Inactive:        1403576 kB
Active(anon):    1206656 kB
Inactive(anon):    21268 kB
Active(file):     208180 kB
Inactive(file):  1382308 kB
Unevictable:        5528 kB
Mlocked:            5528 kB
SwapTotal:       3145724 kB
SwapFree:        3145724 kB
Dirty:               120 kB
Writeback:            24 kB
AnonPages:       1204808 kB
Mapped:           812156 kB
Shmem:             23616 kB
KReclaimable:     827652 kB
Slab:             205336 kB
SReclaimable:      67092 kB
SUnreclaim:       138244 kB
KernelStack:       43008 kB
PageTables:        57020 kB
NFS_Unstable:          0 kB
Bounce:                0 kB
WritebackTmp:          0 kB
CommitLimit:     9202296 kB
Committed_AS:   57941912 kB
VmallocTotal:   263061440 kB
VmallocUsed:       99936 kB
VmallocChunk:          0 kB
Percpu:             7616 kB
CmaTotal:         294912 kB
CmaFree:               0 kB
MemTotal:       12113144 kB
MemFree:         6560628 kB
MemAvailable:    8110076 kB
Buffers:            5828 kB
Cached:          1612732 kB
SwapCached:            0 kB
Active:          1411644 kB
Inactive:        1403536 kB
Active(anon):    1203460 kB
Inactive(anon):    21220 kB
Active(file):     208184 kB
Inactive(file):  1382316 kB
Unevictable:        5528 kB
Mlocked:            5528 kB
SwapTotal:       3145724 kB
SwapFree:        3145724 kB
Dirty:               140 kB
Writeback:             0 kB
AnonPages:       1202028 kB
Mapped:           812108 kB
Shmem:             23568 kB
KReclaimable:     827652 kB
Slab:             205344 kB
SReclaimable:      67092 kB
SUnreclaim:       138252 kB
KernelStack:       42992 kB
PageTables:        56884 kB
NFS_Unstable:          0 kB
Bounce:                0 kB
WritebackTmp:          0 kB
CommitLimit:     9202296 kB
Committed_AS:   57945912 kB
VmallocTotal:   263061440 kB
VmallocUsed:       99936 kB
VmallocChunk:          0 kB
Percpu:             7616 kB
CmaTotal:         294912 kB
CmaFree:               0 kB
MemTotal:       12113144 kB
MemFree:         6560236 kB
MemAvailable:    8109684 kB
Buffers:            5828 kB
Cached:          1612596 kB
SwapCached:            0 kB
Active:          1411756 kB
Inactive:        1403400 kB
Active(anon):    1203572 kB
Inactive(anon):    21084 kB
Active(file):     208184 kB
Inactive(file):  1382316 kB
Unevictable:        5528 kB
Mlocked:            5528 kB
SwapTotal:       3145724 kB
SwapFree:        3145724 kB
Dirty:               144 kB
Writeback:             0 kB
AnonPages:       1202428 kB
Mapped:           811712 kB
Shmem:             23432 kB
KReclaimable:     827652 kB
Slab:             205328 kB
SReclaimable:      67092 kB
SUnreclaim:       138236 kB
KernelStack:       43008 kB
PageTables:        56884 kB
NFS_Unstable:          0 kB
Bounce:                0 kB
WritebackTmp:          0 kB
CommitLimit:     9202296 kB
Committed_AS:   57945560 kB
VmallocTotal:   263061440 kB
VmallocUsed:       99904 kB
VmallocChunk:          0 kB
Percpu:             7616 kB
CmaTotal:         294912 kB
CmaFree:               0 kB
MemTotal:       12113144 kB
MemFree:         6561036 kB
MemAvailable:    8110484 kB
Buffers:            5828 kB
Cached:          1612596 kB
SwapCached:            0 kB
Active:          1410964 kB
Inactive:        1403400 kB
Active(anon):    1202780 kB
Inactive(anon):    21084 kB
Active(file):     208184 kB
Inactive(file):  1382316 kB
Unevictable:        5528 kB
Mlocked:            5528 kB
SwapTotal:       3145724 kB
SwapFree:        3145724 kB
Dirty:               160 kB
Writeback:             0 kB
AnonPages:       1201528 kB
Mapped:           811972 kB
Shmem:             23432 kB
KReclaimable:     827652 kB
Slab:             205352 kB
SReclaimable:      67092 kB
SUnreclaim:       138260 kB
KernelStack:       43008 kB
PageTables:        56884 kB
NFS_Unstable:          0 kB
Bounce:                0 kB
WritebackTmp:          0 kB
CommitLimit:     9202296 kB
Committed_AS:   57946416 kB
VmallocTotal:   263061440 kB
VmallocUsed:       99936 kB
VmallocChunk:          0 kB
Percpu:             7616 kB
CmaTotal:         294912 kB
CmaFree:               8 kB
MemTotal:       12113144 kB
MemFree:         6564008 kB
MemAvailable:    8113456 kB
Buffers:            5828 kB
Cached:          1612596 kB
SwapCached:            0 kB
Active:          1408084 kB
Inactive:        1403400 kB
Active(anon):    1199900 kB
Inactive(anon):    21084 kB
Active(file):     208184 kB
Inactive(file):  1382316 kB
Unevictable:        5528 kB
Mlocked:            5528 kB
SwapTotal:       3145724 kB
SwapFree:        3145724 kB
Dirty:               168 kB
Writeback:             0 kB
AnonPages:       1198732 kB
Mapped:           811972 kB
Shmem:             23432 kB
KReclaimable:     827652 kB
Slab:             205336 kB
SReclaimable:      67092 kB
SUnreclaim:       138244 kB
KernelStack:       43008 kB
PageTables:        56884 kB
NFS_Unstable:          0 kB
Bounce:                0 kB
WritebackTmp:          0 kB
CommitLimit:     9202296 kB
Committed_AS:   57946320 kB
VmallocTotal:   263061440 kB
VmallocUsed:       99920 kB
VmallocChunk:          0 kB
Percpu:             7616 kB
CmaTotal:         294912 kB
CmaFree:               0 kB
MemTotal:       12113144 kB
MemFree:         6563804 kB
MemAvailable:    8113252 kB
Buffers:            5828 kB
Cached:          1612596 kB
SwapCached:            0 kB
Active:          1408380 kB
Inactive:        1403400 kB
Active(anon):    1200196 kB
Inactive(anon):    21084 kB
Active(file):     208184 kB
Inactive(file):  1382316 kB
Unevictable:        5528 kB
Mlocked:            5528 kB
SwapTotal:       3145724 kB
SwapFree:        3145724 kB
Dirty:               192 kB
Writeback:             0 kB
AnonPages:       1199320 kB
Mapped:           811972 kB
Shmem:             23432 kB
KReclaimable:     827652 kB
Slab:             205344 kB
SReclaimable:      67092 kB
SUnreclaim:       138252 kB
KernelStack:       43008 kB
PageTables:        56884 kB
NFS_Unstable:          0 kB
Bounce:                0 kB
WritebackTmp:          0 kB
CommitLimit:     9202296 kB
Committed_AS:   57945932 kB
VmallocTotal:   263061440 kB
VmallocUsed:       99920 kB
VmallocChunk:          0 kB
Percpu:             7616 kB
CmaTotal:         294912 kB
CmaFree:               0 kB
MemTotal:       12113144 kB
MemFree:         6563984 kB
MemAvailable:    8113432 kB
Buffers:            5828 kB
Cached:          1612600 kB
SwapCached:            0 kB
Active:          1409460 kB
Inactive:        1403404 kB
Active(anon):    1201276 kB
Inactive(anon):    21088 kB
Active(file):     208184 kB
Inactive(file):  1382316 kB
Unevictable:        5528 kB
Mlocked:            5528 kB
SwapTotal:       3145724 kB
SwapFree:        3145724 kB
Dirty:               196 kB
Writeback:             0 kB
AnonPages:       1200120 kB
Mapped:           812016 kB
Shmem:             23436 kB
KReclaimable:     827652 kB
Slab:             205336 kB
SReclaimable:      67092 kB
SUnreclaim:       138244 kB
KernelStack:       43008 kB
PageTables:        56884 kB
NFS_Unstable:          0 kB
Bounce:                0 kB
WritebackTmp:          0 kB
CommitLimit:     9202296 kB
Committed_AS:   57945668 kB
VmallocTotal:   263061440 kB
VmallocUsed:       99936 kB
VmallocChunk:          0 kB
Percpu:             7616 kB
CmaTotal:         294912 kB
CmaFree:               0 kB
MemTotal:       12113144 kB
MemFree:         6563368 kB
MemAvailable:    8112816 kB
Buffers:            5828 kB
Cached:          1612600 kB
SwapCached:            0 kB
Active:          1409652 kB
Inactive:        1403404 kB
Active(anon):    1201468 kB
Inactive(anon):    21088 kB
Active(file):     208184 kB
Inactive(file):  1382316 kB
Unevictable:        5528 kB
Mlocked:            5528 kB
SwapTotal:       3145724 kB
SwapFree:        3145724 kB
Dirty:               212 kB
Writeback:             0 kB
AnonPages:       1200380 kB
Mapped:           811760 kB
Shmem:             23436 kB
KReclaimable:     827652 kB
Slab:             205352 kB
SReclaimable:      67092 kB
SUnreclaim:       138260 kB
KernelStack:       43008 kB
PageTables:        56884 kB
NFS_Unstable:          0 kB
Bounce:                0 kB
WritebackTmp:          0 kB
CommitLimit:     9202296 kB
Committed_AS:   57945148 kB
VmallocTotal:   263061440 kB
VmallocUsed:       99952 kB
VmallocChunk:          0 kB
Percpu:             7616 kB
CmaTotal:         294912 kB
CmaFree:               0 kB
MemTotal:       12113144 kB
MemFree:         6563536 kB
MemAvailable:    8112984 kB
Buffers:            5828 kB
Cached:          1612600 kB
SwapCached:            0 kB
Active:          1409516 kB
Inactive:        1403404 kB
Active(anon):    1201332 kB
Inactive(anon):    21088 kB
Active(file):     208184 kB
Inactive(file):  1382316 kB
Unevictable:        5528 kB
Mlocked:            5528 kB
SwapTotal:       3145724 kB
SwapFree:        3145724 kB
Dirty:               228 kB
Writeback:             0 kB
AnonPages:       1199708 kB
Mapped:           812020 kB
Shmem:             23436 kB
KReclaimable:     827652 kB
Slab:             205336 kB
SReclaimable:      67092 kB
SUnreclaim:       138244 kB
KernelStack:       43008 kB
PageTables:        56896 kB
NFS_Unstable:          0 kB
Bounce:                0 kB
WritebackTmp:          0 kB
CommitLimit:     9202296 kB
Committed_AS:   57944708 kB
VmallocTotal:   263061440 kB
VmallocUsed:       99936 kB
VmallocChunk:          0 kB
Percpu:             7616 kB
CmaTotal:         294912 kB
CmaFree:               0 kB
MemTotal:       12113144 kB
MemFree:         6559712 kB
MemAvailable:    8109160 kB
Buffers:            5828 kB
Cached:          1612452 kB
SwapCached:            0 kB
Active:          1413400 kB
Inactive:        1403256 kB
Active(anon):    1205216 kB
Inactive(anon):    20940 kB
Active(file):     208184 kB
Inactive(file):  1382316 kB
Unevictable:        5528 kB
Mlocked:            5528 kB
SwapTotal:       3145724 kB
SwapFree:        3145724 kB
Dirty:               236 kB
Writeback:             0 kB
AnonPages:       1204264 kB
Mapped:           811612 kB
Shmem:             23288 kB
KReclaimable:     827652 kB
Slab:             205328 kB
SReclaimable:      67092 kB
SUnreclaim:       138236 kB
KernelStack:       43008 kB
PageTables:        56884 kB
NFS_Unstable:          0 kB
Bounce:                0 kB
WritebackTmp:          0 kB
CommitLimit:     9202296 kB
Committed_AS:   57944680 kB
VmallocTotal:   263061440 kB
VmallocUsed:       99920 kB
VmallocChunk:          0 kB
Percpu:             7616 kB
CmaTotal:         294912 kB
CmaFree:               0 kB
MemTotal:       12113144 kB
MemFree:         6558072 kB
MemAvailable:    8107544 kB
Buffers:            5836 kB
Cached:          1612768 kB
SwapCached:            0 kB
Active:          1414636 kB
Inactive:        1403572 kB
Active(anon):    1206444 kB
Inactive(anon):    21240 kB
Active(file):     208192 kB
Inactive(file):  1382332 kB
Unevictable:        5528 kB
Mlocked:            5528 kB
SwapTotal:       3145724 kB
SwapFree:        3145724 kB
Dirty:               268 kB
Writeback:             0 kB
AnonPages:       1204988 kB
Mapped:           811912 kB
Shmem:             23588 kB
KReclaimable:     827652 kB
Slab:             205344 kB
SReclaimable:      67092 kB
SUnreclaim:       138252 kB
KernelStack:       43040 kB
PageTables:        56884 kB
NFS_Unstable:          0 kB
Bounce:                0 kB
WritebackTmp:          0 kB
CommitLimit:     9202296 kB
Committed_AS:   57944592 kB
VmallocTotal:   263061440 kB
VmallocUsed:       99984 kB
VmallocChunk:          0 kB
Percpu:             7616 kB
CmaTotal:         294912 kB
CmaFree:               0 kB
MemTotal:       12113144 kB
MemFree:         6556412 kB
MemAvailable:    8105884 kB
Buffers:            5836 kB
Cached:          1612616 kB
SwapCached:            0 kB
Active:          1414904 kB
Inactive:        1403420 kB
Active(anon):    1206712 kB
Inactive(anon):    21088 kB
Active(file):     208192 kB
Inactive(file):  1382332 kB
Unevictable:        5528 kB
Mlocked:            5528 kB
SwapTotal:       3145724 kB
SwapFree:        3145724 kB
Dirty:               268 kB
Writeback:             0 kB
AnonPages:       1205848 kB
Mapped:           812020 kB
Shmem:             23436 kB
KReclaimable:     827652 kB
Slab:             205336 kB
SReclaimable:      67092 kB
SUnreclaim:       138244 kB
KernelStack:       43040 kB
PageTables:        56884 kB
NFS_Unstable:          0 kB
Bounce:                0 kB
WritebackTmp:          0 kB
CommitLimit:     9202296 kB
Committed_AS:   57944856 kB
VmallocTotal:   263061440 kB
VmallocUsed:       99984 kB
VmallocChunk:          0 kB
Percpu:             7616 kB
CmaTotal:         294912 kB
CmaFree:               0 kB
MemTotal:       12113144 kB
MemFree:         6556764 kB
MemAvailable:    8106236 kB
Buffers:            5836 kB
Cached:          1612616 kB
SwapCached:            0 kB
Active:          1415432 kB
Inactive:        1403420 kB
Active(anon):    1207240 kB
Inactive(anon):    21088 kB
Active(file):     208192 kB
Inactive(file):  1382332 kB
Unevictable:        5528 kB
Mlocked:            5528 kB
SwapTotal:       3145724 kB
SwapFree:        3145724 kB
Dirty:               268 kB
Writeback:             0 kB
AnonPages:       1206036 kB
Mapped:           811760 kB
Shmem:             23436 kB
KReclaimable:     827652 kB
Slab:             205328 kB
SReclaimable:      67092 kB
SUnreclaim:       138236 kB
KernelStack:       43056 kB
PageTables:        57012 kB
NFS_Unstable:          0 kB
Bounce:                0 kB
WritebackTmp:          0 kB
CommitLimit:     9202296 kB
Committed_AS:   57941516 kB
VmallocTotal:   263061440 kB
VmallocUsed:       99952 kB
VmallocChunk:          0 kB
Percpu:             7616 kB
CmaTotal:         294912 kB
CmaFree:               0 kB
MemTotal:       12113144 kB
MemFree:         6560372 kB
MemAvailable:    8109848 kB
Buffers:            5836 kB
Cached:          1612620 kB
SwapCached:            0 kB
Active:          1411692 kB
Inactive:        1403420 kB
Active(anon):    1203496 kB
Inactive(anon):    21088 kB
Active(file):     208196 kB
Inactive(file):  1382332 kB
Unevictable:        5528 kB
Mlocked:            5528 kB
SwapTotal:       3145724 kB
SwapFree:        3145724 kB
Dirty:               272 kB
Writeback:             0 kB
AnonPages:       1201988 kB
Mapped:           812020 kB
Shmem:             23436 kB
KReclaimable:     827652 kB
Slab:             205328 kB
SReclaimable:      67092 kB
SUnreclaim:       138236 kB
KernelStack:       43056 kB
PageTables:        56880 kB
NFS_Unstable:          0 kB
Bounce:                0 kB
WritebackTmp:          0 kB
CommitLimit:     9202296 kB
Committed_AS:   57943852 kB
VmallocTotal:   263061440 kB
VmallocUsed:       99984 kB
VmallocChunk:          0 kB
Percpu:             7616 kB
CmaTotal:         294912 kB
CmaFree:               0 kB
MemTotal:       12113144 kB
MemFree:         6559880 kB
MemAvailable:    8109352 kB
Buffers:            5836 kB
Cached:          1612616 kB
SwapCached:            0 kB
Active:          1412052 kB
Inactive:        1403420 kB
Active(anon):    1203860 kB
Inactive(anon):    21088 kB
Active(file):     208192 kB
Inactive(file):  1382332 kB
Unevictable:        5528 kB
Mlocked:            5528 kB
SwapTotal:       3145724 kB
SwapFree:        3145724 kB
Dirty:               272 kB
Writeback:             0 kB
AnonPages:       1202668 kB
Mapped:           811796 kB
Shmem:             23436 kB
KReclaimable:     827652 kB
Slab:             205328 kB
SReclaimable:      67092 kB
SUnreclaim:       138236 kB
KernelStack:       43056 kB
PageTables:        56884 kB
NFS_Unstable:          0 kB
Bounce:                0 kB
WritebackTmp:          0 kB
CommitLimit:     9202296 kB
Committed_AS:   57943912 kB
VmallocTotal:   263061440 kB
VmallocUsed:       99984 kB
VmallocChunk:          0 kB
Percpu:             7616 kB
CmaTotal:         294912 kB
CmaFree:               0 kB
MemTotal:       12113144 kB
MemFree:         6559344 kB
MemAvailable:    8108824 kB
Buffers:            5840 kB
Cached:          1612620 kB
SwapCached:            0 kB
Active:          1412072 kB
Inactive:        1403428 kB
Active(anon):    1203880 kB
Inactive(anon):    21088 kB
Active(file):     208192 kB
Inactive(file):  1382340 kB
Unevictable:        5528 kB
Mlocked:            5528 kB
SwapTotal:       3145724 kB
SwapFree:        3145724 kB
Dirty:               188 kB
Writeback:             0 kB
AnonPages:       1202944 kB
Mapped:           811796 kB
Shmem:             23436 kB
KReclaimable:     827652 kB
Slab:             205296 kB
SReclaimable:      67092 kB
SUnreclaim:       138204 kB
KernelStack:       43056 kB
PageTables:        56884 kB
NFS_Unstable:          0 kB
Bounce:                0 kB
WritebackTmp:          0 kB
CommitLimit:     9202296 kB
Committed_AS:   57943956 kB
VmallocTotal:   263061440 kB
VmallocUsed:       99984 kB
VmallocChunk:          0 kB
Percpu:             7616 kB
CmaTotal:         294912 kB
CmaFree:               0 kB
MemTotal:       12113144 kB
MemFree:         6559408 kB
MemAvailable:    8108892 kB
Buffers:            5840 kB
Cached:          1612624 kB
SwapCached:            0 kB
Active:          1412784 kB
Inactive:        1403428 kB
Active(anon):    1204588 kB
Inactive(anon):    21088 kB
Active(file):     208196 kB
Inactive(file):  1382340 kB
Unevictable:        5528 kB
Mlocked:            5528 kB
SwapTotal:       3145724 kB
SwapFree:        3145724 kB
Dirty:               204 kB
Writeback:             0 kB
AnonPages:       1203328 kB
Mapped:           812056 kB
Shmem:             23436 kB
KReclaimable:     827652 kB
Slab:             205304 kB
SReclaimable:      67092 kB
SUnreclaim:       138212 kB
KernelStack:       43056 kB
PageTables:        56912 kB
NFS_Unstable:          0 kB
Bounce:                0 kB
WritebackTmp:          0 kB
CommitLimit:     9202296 kB
Committed_AS:   57944204 kB
VmallocTotal:   263061440 kB
VmallocUsed:       99984 kB
VmallocChunk:          0 kB
Percpu:             7616 kB
CmaTotal:         294912 kB
CmaFree:               0 kB
MemTotal:       12113144 kB
MemFree:         6558620 kB
MemAvailable:    8108104 kB
Buffers:            5840 kB
Cached:          1612624 kB
SwapCached:            0 kB
Active:          1413312 kB
Inactive:        1403428 kB
Active(anon):    1205116 kB
Inactive(anon):    21088 kB
Active(file):     208196 kB
Inactive(file):  1382340 kB
Unevictable:        5528 kB
Mlocked:            5528 kB
SwapTotal:       3145724 kB
SwapFree:        3145724 kB
Dirty:               204 kB
Writeback:             0 kB
AnonPages:       1204132 kB
Mapped:           812056 kB
Shmem:             23436 kB
KReclaimable:     827652 kB
Slab:             205296 kB
SReclaimable:      67092 kB
SUnreclaim:       138204 kB
KernelStack:       43056 kB
PageTables:        56884 kB
NFS_Unstable:          0 kB
Bounce:                0 kB
WritebackTmp:          0 kB
CommitLimit:     9202296 kB
Committed_AS:   57943992 kB
VmallocTotal:   263061440 kB
VmallocUsed:       99952 kB
VmallocChunk:          0 kB
Percpu:             7616 kB
CmaTotal:         294912 kB
CmaFree:               0 kB
MemTotal:       12113144 kB
MemFree:         6557856 kB
MemAvailable:    8107340 kB
Buffers:            5840 kB
Cached:          1612624 kB
SwapCached:            0 kB
Active:          1413484 kB
Inactive:        1403428 kB
Active(anon):    1205288 kB
Inactive(anon):    21088 kB
Active(file):     208196 kB
Inactive(file):  1382340 kB
Unevictable:        5528 kB
Mlocked:            5528 kB
SwapTotal:       3145724 kB
SwapFree:        3145724 kB
Dirty:               208 kB
Writeback:             0 kB
AnonPages:       1204212 kB
Mapped:           812056 kB
Shmem:             23436 kB
KReclaimable:     827652 kB
Slab:             205296 kB
SReclaimable:      67092 kB
SUnreclaim:       138204 kB
KernelStack:       43056 kB
PageTables:        56884 kB
NFS_Unstable:          0 kB
Bounce:                0 kB
WritebackTmp:          0 kB
CommitLimit:     9202296 kB
Committed_AS:   57943860 kB
VmallocTotal:   263061440 kB
VmallocUsed:       99952 kB
VmallocChunk:          0 kB
Percpu:             7616 kB
CmaTotal:         294912 kB
CmaFree:               0 kB
MemTotal:       12113144 kB
MemFree:         6558236 kB
MemAvailable:    8107712 kB
Buffers:            5840 kB
Cached:          1612620 kB
SwapCached:            0 kB
Active:          1414320 kB
Inactive:        1403428 kB
Active(anon):    1206128 kB
Inactive(anon):    21092 kB
Active(file):     208192 kB
Inactive(file):  1382336 kB
Unevictable:        5528 kB
Mlocked:            5528 kB
SwapTotal:       3145724 kB
SwapFree:        3145724 kB
Dirty:               208 kB
Writeback:             0 kB
AnonPages:       1204896 kB
Mapped:           811800 kB
Shmem:             23440 kB
KReclaimable:     827652 kB
Slab:             205296 kB
SReclaimable:      67092 kB
SUnreclaim:       138204 kB
KernelStack:       43056 kB
PageTables:        56884 kB
NFS_Unstable:          0 kB
Bounce:                0 kB
WritebackTmp:          0 kB
CommitLimit:     9202296 kB
Committed_AS:   57943772 kB
VmallocTotal:   263061440 kB
VmallocUsed:       99952 kB
VmallocChunk:          0 kB
Percpu:             7616 kB
CmaTotal:         294912 kB
CmaFree:               0 kB
MemTotal:       12113144 kB
MemFree:         6557252 kB
MemAvailable:    8106736 kB
Buffers:            5840 kB
Cached:          1612628 kB
SwapCached:            0 kB
Active:          1414824 kB
Inactive:        1403432 kB
Active(anon):    1206628 kB
Inactive(anon):    21092 kB
Active(file):     208196 kB
Inactive(file):  1382340 kB
Unevictable:        5528 kB
Mlocked:            5528 kB
SwapTotal:       3145724 kB
SwapFree:        3145724 kB
Dirty:               212 kB
Writeback:             0 kB
AnonPages:       1205424 kB
Mapped:           812060 kB
Shmem:             23440 kB
KReclaimable:     827652 kB
Slab:             205312 kB
SReclaimable:      67092 kB
SUnreclaim:       138220 kB
KernelStack:       43056 kB
PageTables:        56884 kB
NFS_Unstable:          0 kB
Bounce:                0 kB
WritebackTmp:          0 kB
CommitLimit:     9202296 kB
Committed_AS:   57938236 kB
VmallocTotal:   263061440 kB
VmallocUsed:       99936 kB
VmallocChunk:          0 kB
Percpu:             7616 kB
CmaTotal:         294912 kB
CmaFree:               0 kB
MemTotal:       12113144 kB
MemFree:         6557300 kB
MemAvailable:    8106784 kB
Buffers:            5840 kB
Cached:          1612628 kB
SwapCached:            0 kB
Active:          1414812 kB
Inactive:        1403432 kB
Active(anon):    1206616 kB
Inactive(anon):    21092 kB
Active(file):     208196 kB
Inactive(file):  1382340 kB
Unevictable:        5528 kB
Mlocked:            5528 kB
SwapTotal:       3145724 kB
SwapFree:        3145724 kB
Dirty:               212 kB
Writeback:             0 kB
AnonPages:       1205736 kB
Mapped:           812060 kB
Shmem:             23440 kB
KReclaimable:     827652 kB
Slab:             205288 kB
SReclaimable:      67092 kB
SUnreclaim:       138196 kB
KernelStack:       43040 kB
PageTables:        56884 kB
NFS_Unstable:          0 kB
Bounce:                0 kB
WritebackTmp:          0 kB
CommitLimit:     9202296 kB
Committed_AS:   57937760 kB
VmallocTotal:   263061440 kB
VmallocUsed:       99920 kB
VmallocChunk:          0 kB
Percpu:             7616 kB
CmaTotal:         294912 kB
CmaFree:               0 kB
MemTotal:       12113144 kB
MemFree:         6557452 kB
MemAvailable:    8106928 kB
Buffers:            5840 kB
Cached:          1612620 kB
SwapCached:            0 kB
Active:          1415528 kB
Inactive:        1403428 kB
Active(anon):    1207336 kB
Inactive(anon):    21092 kB
Active(file):     208192 kB
Inactive(file):  1382336 kB
Unevictable:        5528 kB
Mlocked:            5528 kB
SwapTotal:       3145724 kB
SwapFree:        3145724 kB
Dirty:               212 kB
Writeback:             0 kB
AnonPages:       1206288 kB
Mapped:           811800 kB
Shmem:             23440 kB
KReclaimable:     827652 kB
Slab:             205312 kB
SReclaimable:      67092 kB
SUnreclaim:       138220 kB
KernelStack:       43024 kB
PageTables:        56892 kB
NFS_Unstable:          0 kB
Bounce:                0 kB
WritebackTmp:          0 kB
CommitLimit:     9202296 kB
Committed_AS:   57940020 kB
VmallocTotal:   263061440 kB
VmallocUsed:       99920 kB
VmallocChunk:          0 kB
Percpu:             7616 kB
CmaTotal:         294912 kB
CmaFree:               0 kB
MemTotal:       12113144 kB
MemFree:         6556572 kB
MemAvailable:    8106048 kB
Buffers:            5840 kB
Cached:          1612620 kB
SwapCached:            0 kB
Active:          1416452 kB
Inactive:        1403428 kB
Active(anon):    1208260 kB
Inactive(anon):    21092 kB
Active(file):     208192 kB
Inactive(file):  1382336 kB
Unevictable:        5528 kB
Mlocked:            5528 kB
SwapTotal:       3145724 kB
SwapFree:        3145724 kB
Dirty:               212 kB
Writeback:             0 kB
AnonPages:       1207164 kB
Mapped:           812060 kB
Shmem:             23440 kB
KReclaimable:     827652 kB
Slab:             205296 kB
SReclaimable:      67092 kB
SUnreclaim:       138204 kB
KernelStack:       43056 kB
PageTables:        56936 kB
NFS_Unstable:          0 kB
Bounce:                0 kB
WritebackTmp:          0 kB
CommitLimit:     9202296 kB
Committed_AS:   57934376 kB
VmallocTotal:   263061440 kB
VmallocUsed:       99904 kB
VmallocChunk:          0 kB
Percpu:             7616 kB
CmaTotal:         294912 kB
CmaFree:               0 kB
MemTotal:       12113144 kB
MemFree:         6556428 kB
MemAvailable:    8105912 kB
Buffers:            5840 kB
Cached:          1612628 kB
SwapCached:            0 kB
Active:          1416652 kB
Inactive:        1403432 kB
Active(anon):    1208456 kB
Inactive(anon):    21092 kB
Active(file):     208196 kB
Inactive(file):  1382340 kB
Unevictable:        5528 kB
Mlocked:            5528 kB
SwapTotal:       3145724 kB
SwapFree:        3145724 kB
Dirty:               220 kB
Writeback:             0 kB
AnonPages:       1207188 kB
Mapped:           812060 kB
Shmem:             23440 kB
KReclaimable:     827652 kB
Slab:             205320 kB
SReclaimable:      67092 kB
SUnreclaim:       138228 kB
KernelStack:       43024 kB
PageTables:        56884 kB
NFS_Unstable:          0 kB
Bounce:                0 kB
WritebackTmp:          0 kB
CommitLimit:     9202296 kB
Committed_AS:   57939624 kB
VmallocTotal:   263061440 kB
VmallocUsed:       99904 kB
VmallocChunk:          0 kB
Percpu:             7616 kB
CmaTotal:         294912 kB
CmaFree:               0 kB
MemTotal:       12113144 kB
MemFree:         6557728 kB
MemAvailable:    8107220 kB
Buffers:            5840 kB
Cached:          1612636 kB
SwapCached:            0 kB
Active:          1415660 kB
Inactive:        1403440 kB
Active(anon):    1207464 kB
Inactive(anon):    21092 kB
Active(file):     208196 kB
Inactive(file):  1382348 kB
Unevictable:        5528 kB
Mlocked:            5528 kB
SwapTotal:       3145724 kB
SwapFree:        3145724 kB
Dirty:               248 kB
Writeback:             0 kB
AnonPages:       1206244 kB
Mapped:           812060 kB
Shmem:             23440 kB
KReclaimable:     827652 kB
Slab:             205328 kB
SReclaimable:      67092 kB
SUnreclaim:       138236 kB
KernelStack:       43024 kB
PageTables:        56884 kB
NFS_Unstable:          0 kB
Bounce:                0 kB
WritebackTmp:          0 kB
CommitLimit:     9202296 kB
Committed_AS:   57940088 kB
VmallocTotal:   263061440 kB
VmallocUsed:       99904 kB
VmallocChunk:          0 kB
Percpu:             7616 kB
CmaTotal:         294912 kB
CmaFree:               0 kB
MemTotal:       12113144 kB
MemFree:         6557280 kB
MemAvailable:    8106772 kB
Buffers:            5840 kB
Cached:          1612636 kB
SwapCached:            0 kB
Active:          1415844 kB
Inactive:        1403440 kB
Active(anon):    1207648 kB
Inactive(anon):    21092 kB
Active(file):     208196 kB
Inactive(file):  1382348 kB
Unevictable:        5528 kB
Mlocked:            5528 kB
SwapTotal:       3145724 kB
SwapFree:        3145724 kB
Dirty:               248 kB
Writeback:             0 kB
AnonPages:       1206580 kB
Mapped:           812060 kB
Shmem:             23440 kB
KReclaimable:     827652 kB
Slab:             205296 kB
SReclaimable:      67092 kB
SUnreclaim:       138204 kB
KernelStack:       43024 kB
PageTables:        56888 kB
NFS_Unstable:          0 kB
Bounce:                0 kB
WritebackTmp:          0 kB
CommitLimit:     9202296 kB
Committed_AS:   57944764 kB
VmallocTotal:   263061440 kB
VmallocUsed:       99920 kB
VmallocChunk:          0 kB
Percpu:             7616 kB
CmaTotal:         294912 kB
CmaFree:               0 kB
MemTotal:       12113144 kB
MemFree:         6556312 kB
MemAvailable:    8105820 kB
Buffers:            5840 kB
Cached:          1612652 kB
SwapCached:            0 kB
Active:          1416256 kB
Inactive:        1403452 kB
Active(anon):    1208056 kB
Inactive(anon):    21092 kB
Active(file):     208200 kB
Inactive(file):  1382360 kB
Unevictable:        5528 kB
Mlocked:            5528 kB
SwapTotal:       3145724 kB
SwapFree:        3145724 kB
Dirty:               256 kB
Writeback:             0 kB
AnonPages:       1206988 kB
Mapped:           812060 kB
Shmem:             23440 kB
KReclaimable:     827652 kB
Slab:             205288 kB
SReclaimable:      67092 kB
SUnreclaim:       138196 kB
KernelStack:       43024 kB
PageTables:        56892 kB
NFS_Unstable:          0 kB
Bounce:                0 kB
WritebackTmp:          0 kB
CommitLimit:     9202296 kB
Committed_AS:   57944808 kB
VmallocTotal:   263061440 kB
VmallocUsed:       99936 kB
VmallocChunk:          0 kB
Percpu:             7616 kB
CmaTotal:         294912 kB
CmaFree:               0 kB
MemTotal:       12113144 kB
MemFree:         6556956 kB
MemAvailable:    8106448 kB
Buffers:            5840 kB
Cached:          1612636 kB
SwapCached:            0 kB
Active:          1416872 kB
Inactive:        1403440 kB
Active(anon):    1208676 kB
Inactive(anon):    21092 kB
Active(file):     208196 kB
Inactive(file):  1382348 kB
Unevictable:        5528 kB
Mlocked:            5528 kB
SwapTotal:       3145724 kB
SwapFree:        3145724 kB
Dirty:               248 kB
Writeback:             0 kB
AnonPages:       1207408 kB
Mapped:           811800 kB
Shmem:             23440 kB
KReclaimable:     827652 kB
Slab:             205300 kB
SReclaimable:      67092 kB
SUnreclaim:       138208 kB
KernelStack:       43024 kB
PageTables:        56896 kB
NFS_Unstable:          0 kB
Bounce:                0 kB
WritebackTmp:          0 kB
CommitLimit:     9202296 kB
Committed_AS:   57944632 kB
VmallocTotal:   263061440 kB
VmallocUsed:       99936 kB
VmallocChunk:          0 kB
Percpu:             7616 kB
CmaTotal:         294912 kB
CmaFree:               0 kB
MemTotal:       12113144 kB
MemFree:         6556484 kB
MemAvailable:    8105964 kB
Buffers:            5840 kB
Cached:          1612624 kB
SwapCached:            0 kB
Active:          1417576 kB
Inactive:        1403432 kB
Active(anon):    1209384 kB
Inactive(anon):    21092 kB
Active(file):     208192 kB
Inactive(file):  1382340 kB
Unevictable:        5528 kB
Mlocked:            5528 kB
SwapTotal:       3145724 kB
SwapFree:        3145724 kB
Dirty:               236 kB
Writeback:             0 kB
AnonPages:       1208340 kB
Mapped:           812060 kB
Shmem:             23440 kB
KReclaimable:     827652 kB
Slab:             205284 kB
SReclaimable:      67092 kB
SUnreclaim:       138192 kB
KernelStack:       43024 kB
PageTables:        56892 kB
NFS_Unstable:          0 kB
Bounce:                0 kB
WritebackTmp:          0 kB
CommitLimit:     9202296 kB
Committed_AS:   57944500 kB
VmallocTotal:   263061440 kB
VmallocUsed:       99920 kB
VmallocChunk:          0 kB
Percpu:             7616 kB
CmaTotal:         294912 kB
CmaFree:               0 kB
MemTotal:       12113144 kB
MemFree:         6555288 kB
MemAvailable:    8104780 kB
Buffers:            5844 kB
Cached:          1612636 kB
SwapCached:            0 kB
Active:          1417832 kB
Inactive:        1403440 kB
Active(anon):    1209636 kB
Inactive(anon):    21092 kB
Active(file):     208196 kB
Inactive(file):  1382348 kB
Unevictable:        5528 kB
Mlocked:            5528 kB
SwapTotal:       3145724 kB
SwapFree:        3145724 kB
Dirty:               248 kB
Writeback:             0 kB
AnonPages:       1208684 kB
Mapped:           811800 kB
Shmem:             23440 kB
KReclaimable:     827652 kB
Slab:             205284 kB
SReclaimable:      67092 kB
SUnreclaim:       138192 kB
KernelStack:       43024 kB
PageTables:        56888 kB
NFS_Unstable:          0 kB
Bounce:                0 kB
WritebackTmp:          0 kB
CommitLimit:     9202296 kB
Committed_AS:   57944280 kB
VmallocTotal:   263061440 kB
VmallocUsed:       99920 kB
VmallocChunk:          0 kB
Percpu:             7616 kB
CmaTotal:         294912 kB
CmaFree:               0 kB
MemTotal:       12113144 kB
MemFree:         6554716 kB
MemAvailable:    8104220 kB
Buffers:            5844 kB
Cached:          1612644 kB
SwapCached:            0 kB
Active:          1418488 kB
Inactive:        1403448 kB
Active(anon):    1210288 kB
Inactive(anon):    21092 kB
Active(file):     208200 kB
Inactive(file):  1382356 kB
Unevictable:        5528 kB
Mlocked:            5528 kB
SwapTotal:       3145724 kB
SwapFree:        3145724 kB
Dirty:               236 kB
Writeback:             0 kB
AnonPages:       1209132 kB
Mapped:           811800 kB
Shmem:             23440 kB
KReclaimable:     827652 kB
Slab:             205284 kB
SReclaimable:      67092 kB
SUnreclaim:       138192 kB
KernelStack:       43024 kB
PageTables:        56888 kB
NFS_Unstable:          0 kB
Bounce:                0 kB
WritebackTmp:          0 kB
CommitLimit:     9202296 kB
Committed_AS:   57944096 kB
VmallocTotal:   263061440 kB
VmallocUsed:       99904 kB
VmallocChunk:          0 kB
Percpu:             7616 kB
CmaTotal:         294912 kB
CmaFree:               0 kB
MemTotal:       12113144 kB
MemFree:         6553172 kB
MemAvailable:    8102680 kB
Buffers:            5844 kB
Cached:          1612656 kB
SwapCached:            0 kB
Active:          1419536 kB
Inactive:        1403460 kB
Active(anon):    1211336 kB
Inactive(anon):    21100 kB
Active(file):     208200 kB
Inactive(file):  1382360 kB
Unevictable:        5528 kB
Mlocked:            5528 kB
SwapTotal:       3145724 kB
SwapFree:        3145724 kB
Dirty:               240 kB
Writeback:             0 kB
AnonPages:       1210288 kB
Mapped:           812108 kB
Shmem:             23448 kB
KReclaimable:     827652 kB
Slab:             205288 kB
SReclaimable:      67092 kB
SUnreclaim:       138196 kB
KernelStack:       43040 kB
PageTables:        56896 kB
NFS_Unstable:          0 kB
Bounce:                0 kB
WritebackTmp:          0 kB
CommitLimit:     9202296 kB
Committed_AS:   57942556 kB
VmallocTotal:   263061440 kB
VmallocUsed:       99920 kB
VmallocChunk:          0 kB
Percpu:             7616 kB
CmaTotal:         294912 kB
CmaFree:               0 kB
MemTotal:       12113144 kB
MemFree:         6552476 kB
MemAvailable:    8101984 kB
Buffers:            5844 kB
Cached:          1612656 kB
SwapCached:            0 kB
Active:          1418908 kB
Inactive:        1403460 kB
Active(anon):    1210708 kB
Inactive(anon):    21100 kB
Active(file):     208200 kB
Inactive(file):  1382360 kB
Unevictable:        5528 kB
Mlocked:            5528 kB
SwapTotal:       3145724 kB
SwapFree:        3145724 kB
Dirty:               252 kB
Writeback:             0 kB
AnonPages:       1209484 kB
Mapped:           811848 kB
Shmem:             23448 kB
KReclaimable:     827652 kB
Slab:             205288 kB
SReclaimable:      67092 kB
SUnreclaim:       138196 kB
KernelStack:       43040 kB
PageTables:        57016 kB
NFS_Unstable:          0 kB
Bounce:                0 kB
WritebackTmp:          0 kB
CommitLimit:     9202296 kB
Committed_AS:   57942096 kB
VmallocTotal:   263061440 kB
VmallocUsed:       99920 kB
VmallocChunk:          0 kB
Percpu:             7616 kB
CmaTotal:         294912 kB
CmaFree:               0 kB
MemTotal:       12113144 kB
MemFree:         6551404 kB
MemAvailable:    8100912 kB
Buffers:            5844 kB
Cached:          1612656 kB
SwapCached:            0 kB
Active:          1419228 kB
Inactive:        1403460 kB
Active(anon):    1211028 kB
Inactive(anon):    21100 kB
Active(file):     208200 kB
Inactive(file):  1382360 kB
Unevictable:        5528 kB
Mlocked:            5528 kB
SwapTotal:       3145724 kB
SwapFree:        3145724 kB
Dirty:               252 kB
Writeback:             0 kB
AnonPages:       1210064 kB
Mapped:           811848 kB
Shmem:             23448 kB
KReclaimable:     827652 kB
Slab:             205296 kB
SReclaimable:      67092 kB
SUnreclaim:       138204 kB
KernelStack:       43024 kB
PageTables:        56888 kB
NFS_Unstable:          0 kB
Bounce:                0 kB
WritebackTmp:          0 kB
CommitLimit:     9202296 kB
Committed_AS:   57941920 kB
VmallocTotal:   263061440 kB
VmallocUsed:       99904 kB
VmallocChunk:          0 kB
Percpu:             7616 kB
CmaTotal:         294912 kB
CmaFree:               0 kB
MemTotal:       12113144 kB
MemFree:         6552364 kB
MemAvailable:    8101872 kB
Buffers:            5844 kB
Cached:          1612656 kB
SwapCached:            0 kB
Active:          1419928 kB
Inactive:        1403460 kB
Active(anon):    1211728 kB
Inactive(anon):    21100 kB
Active(file):     208200 kB
Inactive(file):  1382360 kB
Unevictable:        5528 kB
Mlocked:            5528 kB
SwapTotal:       3145724 kB
SwapFree:        3145724 kB
Dirty:               252 kB
Writeback:             0 kB
AnonPages:       1210484 kB
Mapped:           811848 kB
Shmem:             23448 kB
KReclaimable:     827652 kB
Slab:             205272 kB
SReclaimable:      67092 kB
SUnreclaim:       138180 kB
KernelStack:       43024 kB
PageTables:        56896 kB
NFS_Unstable:          0 kB
Bounce:                0 kB
WritebackTmp:          0 kB
CommitLimit:     9202296 kB
Committed_AS:   57941788 kB
VmallocTotal:   263061440 kB
VmallocUsed:       99920 kB
VmallocChunk:          0 kB
Percpu:             7616 kB
CmaTotal:         294912 kB
CmaFree:               0 kB
MemTotal:       12113144 kB
MemFree:         6550864 kB
MemAvailable:    8100372 kB
Buffers:            5844 kB
Cached:          1612656 kB
SwapCached:            0 kB
Active:          1420412 kB
Inactive:        1403460 kB
Active(anon):    1212212 kB
Inactive(anon):    21100 kB
Active(file):     208200 kB
Inactive(file):  1382360 kB
Unevictable:        5528 kB
Mlocked:            5528 kB
SwapTotal:       3145724 kB
SwapFree:        3145724 kB
Dirty:                80 kB
Writeback:             0 kB
AnonPages:       1210832 kB
Mapped:           812108 kB
Shmem:             23448 kB
KReclaimable:     827652 kB
Slab:             205308 kB
SReclaimable:      67092 kB
SUnreclaim:       138216 kB
KernelStack:       43024 kB
PageTables:        56884 kB
NFS_Unstable:          0 kB
Bounce:                0 kB
WritebackTmp:          0 kB
CommitLimit:     9202296 kB
Committed_AS:   57941876 kB
VmallocTotal:   263061440 kB
VmallocUsed:       99920 kB
VmallocChunk:          0 kB
Percpu:             7616 kB
CmaTotal:         294912 kB
CmaFree:               0 kB
MemTotal:       12113144 kB
MemFree:         6550996 kB
MemAvailable:    8100504 kB
Buffers:            5844 kB
Cached:          1612660 kB
SwapCached:            0 kB
Active:          1420568 kB
Inactive:        1403464 kB
Active(anon):    1212368 kB
Inactive(anon):    21104 kB
Active(file):     208200 kB
Inactive(file):  1382360 kB
Unevictable:        5528 kB
Mlocked:            5528 kB
SwapTotal:       3145724 kB
SwapFree:        3145724 kB
Dirty:                80 kB
Writeback:             0 kB
AnonPages:       1211180 kB
Mapped:           812112 kB
Shmem:             23452 kB
KReclaimable:     827652 kB
Slab:             205268 kB
SReclaimable:      67092 kB
SUnreclaim:       138176 kB
KernelStack:       43024 kB
PageTables:        56896 kB
NFS_Unstable:          0 kB
Bounce:                0 kB
WritebackTmp:          0 kB
CommitLimit:     9202296 kB
Committed_AS:   57941708 kB
VmallocTotal:   263061440 kB
VmallocUsed:       99936 kB
VmallocChunk:          0 kB
Percpu:             7616 kB
CmaTotal:         294912 kB
CmaFree:               0 kB
MemTotal:       12113144 kB
MemFree:         6550236 kB
MemAvailable:    8099744 kB
Buffers:            5844 kB
Cached:          1612660 kB
SwapCached:            0 kB
Active:          1421424 kB
Inactive:        1403464 kB
Active(anon):    1213224 kB
Inactive(anon):    21104 kB
Active(file):     208200 kB
Inactive(file):  1382360 kB
Unevictable:        5528 kB
Mlocked:            5528 kB
SwapTotal:       3145724 kB
SwapFree:        3145724 kB
Dirty:                80 kB
Writeback:             0 kB
AnonPages:       1212196 kB
Mapped:           812112 kB
Shmem:             23452 kB
KReclaimable:     827652 kB
Slab:             205284 kB
SReclaimable:      67092 kB
SUnreclaim:       138192 kB
KernelStack:       43040 kB
PageTables:        56884 kB
NFS_Unstable:          0 kB
Bounce:                0 kB
WritebackTmp:          0 kB
CommitLimit:     9202296 kB
Committed_AS:   57941540 kB
VmallocTotal:   263061440 kB
VmallocUsed:       99888 kB
VmallocChunk:          0 kB
Percpu:             7616 kB
CmaTotal:         294912 kB
CmaFree:               0 kB
MemTotal:       12113144 kB
MemFree:         6546532 kB
MemAvailable:    8096040 kB
Buffers:            5844 kB
Cached:          1612544 kB
SwapCached:            0 kB
Active:          1426740 kB
Inactive:        1403520 kB
Active(anon):    1218540 kB
Inactive(anon):    21160 kB
Active(file):     208200 kB
Inactive(file):  1382360 kB
Unevictable:        5528 kB
Mlocked:            5528 kB
SwapTotal:       3145724 kB
SwapFree:        3145724 kB
Dirty:                80 kB
Writeback:             0 kB
AnonPages:       1217548 kB
Mapped:           811908 kB
Shmem:             23336 kB
KReclaimable:     827652 kB
Slab:             205228 kB
SReclaimable:      67092 kB
SUnreclaim:       138136 kB
KernelStack:       42992 kB
PageTables:        56888 kB
NFS_Unstable:          0 kB
Bounce:                0 kB
WritebackTmp:          0 kB
CommitLimit:     9202296 kB
Committed_AS:   57941456 kB
VmallocTotal:   263061440 kB
VmallocUsed:       99872 kB
VmallocChunk:          0 kB
Percpu:             7616 kB
CmaTotal:         294912 kB
CmaFree:               0 kB
MemTotal:       12113144 kB
MemFree:         6544188 kB
MemAvailable:    8093696 kB
Buffers:            5844 kB
Cached:          1612660 kB
SwapCached:            0 kB
Active:          1427384 kB
Inactive:        1403508 kB
Active(anon):    1219184 kB
Inactive(anon):    21148 kB
Active(file):     208200 kB
Inactive(file):  1382360 kB
Unevictable:        5528 kB
Mlocked:            5528 kB
SwapTotal:       3145724 kB
SwapFree:        3145724 kB
Dirty:                80 kB
Writeback:             0 kB
AnonPages:       1217980 kB
Mapped:           811856 kB
Shmem:             23452 kB
KReclaimable:     827652 kB
Slab:             205292 kB
SReclaimable:      67092 kB
SUnreclaim:       138200 kB
KernelStack:       43008 kB
PageTables:        56896 kB
NFS_Unstable:          0 kB
Bounce:                0 kB
WritebackTmp:          0 kB
CommitLimit:     9202296 kB
Committed_AS:   57941016 kB
VmallocTotal:   263061440 kB
VmallocUsed:       99856 kB
VmallocChunk:          0 kB
Percpu:             7616 kB
CmaTotal:         294912 kB
CmaFree:               0 kB
MemTotal:       12113144 kB
MemFree:         6544068 kB
MemAvailable:    8093584 kB
Buffers:            5844 kB
Cached:          1612668 kB
SwapCached:            0 kB
Active:          1427668 kB
Inactive:        1403472 kB
Active(anon):    1219468 kB
Inactive(anon):    21104 kB
Active(file):     208200 kB
Inactive(file):  1382368 kB
Unevictable:        5528 kB
Mlocked:            5528 kB
SwapTotal:       3145724 kB
SwapFree:        3145724 kB
Dirty:               104 kB
Writeback:             0 kB
AnonPages:       1218236 kB
Mapped:           811852 kB
Shmem:             23452 kB
KReclaimable:     827652 kB
Slab:             205300 kB
SReclaimable:      67092 kB
SUnreclaim:       138208 kB
KernelStack:       42976 kB
PageTables:        56892 kB
NFS_Unstable:          0 kB
Bounce:                0 kB
WritebackTmp:          0 kB
CommitLimit:     9202296 kB
Committed_AS:   57945448 kB
VmallocTotal:   263061440 kB
VmallocUsed:       99904 kB
VmallocChunk:          0 kB
Percpu:             7616 kB
CmaTotal:         294912 kB
CmaFree:               0 kB
MemTotal:       12113144 kB
MemFree:         6544872 kB
MemAvailable:    8094388 kB
Buffers:            5844 kB
Cached:          1612668 kB
SwapCached:            0 kB
Active:          1427780 kB
Inactive:        1403536 kB
Active(anon):    1219580 kB
Inactive(anon):    21168 kB
Active(file):     208200 kB
Inactive(file):  1382368 kB
Unevictable:        5528 kB
Mlocked:            5528 kB
SwapTotal:       3145724 kB
SwapFree:        3145724 kB
Dirty:               108 kB
Writeback:             0 kB
AnonPages:       1218708 kB
Mapped:           812232 kB
Shmem:             23452 kB
KReclaimable:     827652 kB
Slab:             205292 kB
SReclaimable:      67092 kB
SUnreclaim:       138200 kB
KernelStack:       42976 kB
PageTables:        56880 kB
NFS_Unstable:          0 kB
Bounce:                0 kB
WritebackTmp:          0 kB
CommitLimit:     9202296 kB
Committed_AS:   57945680 kB
VmallocTotal:   263061440 kB
VmallocUsed:       99920 kB
VmallocChunk:          0 kB
Percpu:             7616 kB
CmaTotal:         294912 kB
CmaFree:               0 kB
MemTotal:       12113144 kB
MemFree:         6543820 kB
MemAvailable:    8093336 kB
Buffers:            5844 kB
Cached:          1612676 kB
SwapCached:            0 kB
Active:          1427872 kB
Inactive:        1403480 kB
Active(anon):    1219672 kB
Inactive(anon):    21112 kB
Active(file):     208200 kB
Inactive(file):  1382368 kB
Unevictable:        5528 kB
Mlocked:            5528 kB
SwapTotal:       3145724 kB
SwapFree:        3145724 kB
Dirty:               132 kB
Writeback:             0 kB
AnonPages:       1218232 kB
Mapped:           811860 kB
Shmem:             23460 kB
KReclaimable:     827652 kB
Slab:             205276 kB
SReclaimable:      67092 kB
SUnreclaim:       138184 kB
KernelStack:       43008 kB
PageTables:        56760 kB
NFS_Unstable:          0 kB
Bounce:                0 kB
WritebackTmp:          0 kB
CommitLimit:     9202296 kB
Committed_AS:   57939608 kB
VmallocTotal:   263061440 kB
VmallocUsed:       99856 kB
VmallocChunk:          0 kB
Percpu:             7616 kB
CmaTotal:         294912 kB
CmaFree:               0 kB
MemTotal:       12113144 kB
MemFree:         6543460 kB
MemAvailable:    8092976 kB
Buffers:            5844 kB
Cached:          1612676 kB
SwapCached:            0 kB
Active:          1428092 kB
Inactive:        1403480 kB
Active(anon):    1219892 kB
Inactive(anon):    21112 kB
Active(file):     208200 kB
Inactive(file):  1382368 kB
Unevictable:        5528 kB
Mlocked:            5528 kB
SwapTotal:       3145724 kB
SwapFree:        3145724 kB
Dirty:               148 kB
Writeback:             0 kB
AnonPages:       1218772 kB
Mapped:           812120 kB
Shmem:             23460 kB
KReclaimable:     827652 kB
Slab:             205292 kB
SReclaimable:      67092 kB
SUnreclaim:       138200 kB
KernelStack:       42976 kB
PageTables:        56884 kB
NFS_Unstable:          0 kB
Bounce:                0 kB
WritebackTmp:          0 kB
CommitLimit:     9202296 kB
Committed_AS:   57939300 kB
VmallocTotal:   263061440 kB
VmallocUsed:       99840 kB
VmallocChunk:          0 kB
Percpu:             7616 kB
CmaTotal:         294912 kB
CmaFree:               0 kB
MemTotal:       12113144 kB
MemFree:         6553948 kB
MemAvailable:    8103464 kB
Buffers:            5852 kB
Cached:          1612668 kB
SwapCached:            0 kB
Active:          1418648 kB
Inactive:        1403480 kB
Active(anon):    1210448 kB
Inactive(anon):    21112 kB
Active(file):     208200 kB
Inactive(file):  1382368 kB
Unevictable:        5528 kB
Mlocked:            5528 kB
SwapTotal:       3145724 kB
SwapFree:        3145724 kB
Dirty:               148 kB
Writeback:             0 kB
AnonPages:       1209412 kB
Mapped:           811860 kB
Shmem:             23460 kB
KReclaimable:     827652 kB
Slab:             205284 kB
SReclaimable:      67092 kB
SUnreclaim:       138192 kB
KernelStack:       42992 kB
PageTables:        57016 kB
NFS_Unstable:          0 kB
Bounce:                0 kB
WritebackTmp:          0 kB
CommitLimit:     9202296 kB
Committed_AS:   57935096 kB
VmallocTotal:   263061440 kB
VmallocUsed:       99840 kB
VmallocChunk:          0 kB
Percpu:             7616 kB
CmaTotal:         294912 kB
CmaFree:               0 kB
MemTotal:       12113144 kB
MemFree:         6552556 kB
MemAvailable:    8102092 kB
Buffers:            5852 kB
Cached:          1612688 kB
SwapCached:            0 kB
Active:          1419040 kB
Inactive:        1403496 kB
Active(anon):    1210836 kB
Inactive(anon):    21112 kB
Active(file):     208204 kB
Inactive(file):  1382384 kB
Unevictable:        5528 kB
Mlocked:            5528 kB
SwapTotal:       3145724 kB
SwapFree:        3145724 kB
Dirty:               136 kB
Writeback:             0 kB
AnonPages:       1209620 kB
Mapped:           811864 kB
Shmem:             23460 kB
KReclaimable:     827652 kB
Slab:             205284 kB
SReclaimable:      67092 kB
SUnreclaim:       138192 kB
KernelStack:       42992 kB
PageTables:        56896 kB
NFS_Unstable:          0 kB
Bounce:                0 kB
WritebackTmp:          0 kB
CommitLimit:     9202296 kB
Committed_AS:   57935464 kB
VmallocTotal:   263061440 kB
VmallocUsed:       99840 kB
VmallocChunk:          0 kB
Percpu:             7616 kB
CmaTotal:         294912 kB
CmaFree:               0 kB
MemTotal:       12113144 kB
MemFree:         6553560 kB
MemAvailable:    8103096 kB
Buffers:            5852 kB
Cached:          1612688 kB
SwapCached:            0 kB
Active:          1418616 kB
Inactive:        1403496 kB
Active(anon):    1210412 kB
Inactive(anon):    21112 kB
Active(file):     208204 kB
Inactive(file):  1382384 kB
Unevictable:        5528 kB
Mlocked:            5528 kB
SwapTotal:       3145724 kB
SwapFree:        3145724 kB
Dirty:               140 kB
Writeback:             0 kB
AnonPages:       1209236 kB
Mapped:           812136 kB
Shmem:             23460 kB
KReclaimable:     827652 kB
Slab:             205268 kB
SReclaimable:      67092 kB
SUnreclaim:       138176 kB
KernelStack:       42992 kB
PageTables:        56880 kB
NFS_Unstable:          0 kB
Bounce:                0 kB
WritebackTmp:          0 kB
CommitLimit:     9202296 kB
Committed_AS:   57941164 kB
VmallocTotal:   263061440 kB
VmallocUsed:       99840 kB
VmallocChunk:          0 kB
Percpu:             7616 kB
CmaTotal:         294912 kB
CmaFree:               0 kB
MemTotal:       12113144 kB
MemFree:         6552936 kB
MemAvailable:    8102476 kB
Buffers:            5852 kB
Cached:          1612692 kB
SwapCached:            0 kB
Active:          1418508 kB
Inactive:        1403500 kB
Active(anon):    1210304 kB
Inactive(anon):    21112 kB
Active(file):     208204 kB
Inactive(file):  1382388 kB
Unevictable:        5528 kB
Mlocked:            5528 kB
SwapTotal:       3145724 kB
SwapFree:        3145724 kB
Dirty:               144 kB
Writeback:             0 kB
AnonPages:       1209328 kB
Mapped:           811876 kB
Shmem:             23460 kB
KReclaimable:     827652 kB
Slab:             205292 kB
SReclaimable:      67092 kB
SUnreclaim:       138200 kB
KernelStack:       42976 kB
PageTables:        56888 kB
NFS_Unstable:          0 kB
Bounce:                0 kB
WritebackTmp:          0 kB
CommitLimit:     9202296 kB
Committed_AS:   57940528 kB
VmallocTotal:   263061440 kB
VmallocUsed:       99856 kB
VmallocChunk:          0 kB
Percpu:             7616 kB
CmaTotal:         294912 kB
CmaFree:               0 kB
MemTotal:       12113144 kB
MemFree:         6553132 kB
MemAvailable:    8102668 kB
Buffers:            5852 kB
Cached:          1612688 kB
SwapCached:            0 kB
Active:          1419216 kB
Inactive:        1403496 kB
Active(anon):    1211012 kB
Inactive(anon):    21112 kB
Active(file):     208204 kB
Inactive(file):  1382384 kB
Unevictable:        5528 kB
Mlocked:            5528 kB
SwapTotal:       3145724 kB
SwapFree:        3145724 kB
Dirty:               144 kB
Writeback:             0 kB
AnonPages:       1209792 kB
Mapped:           811876 kB
Shmem:             23460 kB
KReclaimable:     827652 kB
Slab:             205284 kB
SReclaimable:      67092 kB
SUnreclaim:       138192 kB
KernelStack:       42976 kB
PageTables:        56888 kB
NFS_Unstable:          0 kB
Bounce:                0 kB
WritebackTmp:          0 kB
CommitLimit:     9202296 kB
Committed_AS:   57940508 kB
VmallocTotal:   263061440 kB
VmallocUsed:       99856 kB
VmallocChunk:          0 kB
Percpu:             7616 kB
CmaTotal:         294912 kB
CmaFree:               0 kB
MemTotal:       12113144 kB
MemFree:         6555452 kB
MemAvailable:    8104988 kB
Buffers:            5852 kB
Cached:          1612700 kB
SwapCached:            0 kB
Active:          1414432 kB
Inactive:        1403508 kB
Active(anon):    1206228 kB
Inactive(anon):    21124 kB
Active(file):     208204 kB
Inactive(file):  1382384 kB
Unevictable:        5528 kB
Mlocked:            5528 kB
SwapTotal:       3145724 kB
SwapFree:        3145724 kB
Dirty:               148 kB
Writeback:             0 kB
AnonPages:       1205208 kB
Mapped:           812088 kB
Shmem:             23472 kB
KReclaimable:     827652 kB
Slab:             205316 kB
SReclaimable:      67092 kB
SUnreclaim:       138224 kB
KernelStack:       42976 kB
PageTables:        56892 kB
NFS_Unstable:          0 kB
Bounce:                0 kB
WritebackTmp:          0 kB
CommitLimit:     9202296 kB
Committed_AS:   57934824 kB
VmallocTotal:   263061440 kB
VmallocUsed:       99824 kB
VmallocChunk:          0 kB
Percpu:             7616 kB
CmaTotal:         294912 kB
CmaFree:               0 kB
MemTotal:       12113144 kB
MemFree:         6555364 kB
MemAvailable:    8104900 kB
Buffers:            5852 kB
Cached:          1612720 kB
SwapCached:            0 kB
Active:          1415144 kB
Inactive:        1403528 kB
Active(anon):    1206940 kB
Inactive(anon):    21144 kB
Active(file):     208204 kB
Inactive(file):  1382384 kB
Unevictable:        5528 kB
Mlocked:            5528 kB
SwapTotal:       3145724 kB
SwapFree:        3145724 kB
Dirty:               160 kB
Writeback:             0 kB
AnonPages:       1205676 kB
Mapped:           812184 kB
Shmem:             23492 kB
KReclaimable:     827652 kB
Slab:             205284 kB
SReclaimable:      67092 kB
SUnreclaim:       138192 kB
KernelStack:       42992 kB
PageTables:        56884 kB
NFS_Unstable:          0 kB
Bounce:                0 kB
WritebackTmp:          0 kB
CommitLimit:     9202296 kB
Committed_AS:   57933288 kB
VmallocTotal:   263061440 kB
VmallocUsed:       99840 kB
VmallocChunk:          0 kB
Percpu:             7616 kB
CmaTotal:         294912 kB
CmaFree:               0 kB
MemTotal:       12113144 kB
MemFree:         6555300 kB
MemAvailable:    8104836 kB
Buffers:            5852 kB
Cached:          1612720 kB
SwapCached:            0 kB
Active:          1415540 kB
Inactive:        1403528 kB
Active(anon):    1207336 kB
Inactive(anon):    21144 kB
Active(file):     208204 kB
Inactive(file):  1382384 kB
Unevictable:        5528 kB
Mlocked:            5528 kB
SwapTotal:       3145724 kB
SwapFree:        3145724 kB
Dirty:               160 kB
Writeback:             0 kB
AnonPages:       1206176 kB
Mapped:           812184 kB
Shmem:             23492 kB
KReclaimable:     827652 kB
Slab:             205284 kB
SReclaimable:      67092 kB
SUnreclaim:       138192 kB
KernelStack:       42976 kB
PageTables:        56888 kB
NFS_Unstable:          0 kB
Bounce:                0 kB
WritebackTmp:          0 kB
CommitLimit:     9202296 kB
Committed_AS:   57938332 kB
VmallocTotal:   263061440 kB
VmallocUsed:       99840 kB
VmallocChunk:          0 kB
Percpu:             7616 kB
CmaTotal:         294912 kB
CmaFree:               0 kB
MemTotal:       12113144 kB
MemFree:         6555728 kB
MemAvailable:    8105264 kB
Buffers:            5852 kB
Cached:          1612720 kB
SwapCached:            0 kB
Active:          1415856 kB
Inactive:        1403528 kB
Active(anon):    1207652 kB
Inactive(anon):    21144 kB
Active(file):     208204 kB
Inactive(file):  1382384 kB
Unevictable:        5528 kB
Mlocked:            5528 kB
SwapTotal:       3145724 kB
SwapFree:        3145724 kB
Dirty:               160 kB
Writeback:             0 kB
AnonPages:       1206572 kB
Mapped:           812184 kB
Shmem:             23492 kB
KReclaimable:     827652 kB
Slab:             205292 kB
SReclaimable:      67092 kB
SUnreclaim:       138200 kB
KernelStack:       42976 kB
PageTables:        56880 kB
NFS_Unstable:          0 kB
Bounce:                0 kB
WritebackTmp:          0 kB
CommitLimit:     9202296 kB
Committed_AS:   57939352 kB
VmallocTotal:   263061440 kB
VmallocUsed:       99840 kB
VmallocChunk:          0 kB
Percpu:             7616 kB
CmaTotal:         294912 kB
CmaFree:               0 kB
MemTotal:       12113144 kB
MemFree:         6555448 kB
MemAvailable:    8104984 kB
Buffers:            5852 kB
Cached:          1612720 kB
SwapCached:            0 kB
Active:          1416308 kB
Inactive:        1403528 kB
Active(anon):    1208104 kB
Inactive(anon):    21144 kB
Active(file):     208204 kB
Inactive(file):  1382384 kB
Unevictable:        5528 kB
Mlocked:            5528 kB
SwapTotal:       3145724 kB
SwapFree:        3145724 kB
Dirty:               160 kB
Writeback:             0 kB
AnonPages:       1206864 kB
Mapped:           812184 kB
Shmem:             23492 kB
KReclaimable:     827652 kB
Slab:             205284 kB
SReclaimable:      67092 kB
SUnreclaim:       138192 kB
KernelStack:       42976 kB
PageTables:        56892 kB
NFS_Unstable:          0 kB
Bounce:                0 kB
WritebackTmp:          0 kB
CommitLimit:     9202296 kB
Committed_AS:   57939176 kB
VmallocTotal:   263061440 kB
VmallocUsed:       99824 kB
VmallocChunk:          0 kB
Percpu:             7616 kB
CmaTotal:         294912 kB
CmaFree:               0 kB
MemTotal:       12113144 kB
MemFree:         6552828 kB
MemAvailable:    8102372 kB
Buffers:            5852 kB
Cached:          1612728 kB
SwapCached:            0 kB
Active:          1419792 kB
Inactive:        1403536 kB
Active(anon):    1211588 kB
Inactive(anon):    21144 kB
Active(file):     208204 kB
Inactive(file):  1382392 kB
Unevictable:        5528 kB
Mlocked:            5528 kB
SwapTotal:       3145724 kB
SwapFree:        3145724 kB
Dirty:               176 kB
Writeback:             0 kB
AnonPages:       1210436 kB
Mapped:           812184 kB
Shmem:             23492 kB
KReclaimable:     827652 kB
Slab:             205300 kB
SReclaimable:      67092 kB
SUnreclaim:       138208 kB
KernelStack:       42976 kB
PageTables:        56880 kB
NFS_Unstable:          0 kB
Bounce:                0 kB
WritebackTmp:          0 kB
CommitLimit:     9202296 kB
Committed_AS:   57938404 kB
VmallocTotal:   263061440 kB
VmallocUsed:       99840 kB
VmallocChunk:          0 kB
Percpu:             7616 kB
CmaTotal:         294912 kB
CmaFree:               0 kB
MemTotal:       12113144 kB
MemFree:         6551484 kB
MemAvailable:    8101032 kB
Buffers:            5852 kB
Cached:          1612732 kB
SwapCached:            0 kB
Active:          1421560 kB
Inactive:        1403536 kB
Active(anon):    1213352 kB
Inactive(anon):    21144 kB
Active(file):     208208 kB
Inactive(file):  1382392 kB
Unevictable:        5528 kB
Mlocked:            5528 kB
SwapTotal:       3145724 kB
SwapFree:        3145724 kB
Dirty:               212 kB
Writeback:             0 kB
AnonPages:       1211888 kB
Mapped:           812184 kB
Shmem:             23492 kB
KReclaimable:     827652 kB
Slab:             205292 kB
SReclaimable:      67092 kB
SUnreclaim:       138200 kB
KernelStack:       42976 kB
PageTables:        56896 kB
NFS_Unstable:          0 kB
Bounce:                0 kB
WritebackTmp:          0 kB
CommitLimit:     9202296 kB
Committed_AS:   57940736 kB
VmallocTotal:   263061440 kB
VmallocUsed:       99872 kB
VmallocChunk:          0 kB
Percpu:             7616 kB
CmaTotal:         294912 kB
CmaFree:               0 kB
MemTotal:       12113144 kB
MemFree:         6549820 kB
MemAvailable:    8099368 kB
Buffers:            5852 kB
Cached:          1612732 kB
SwapCached:            0 kB
Active:          1421856 kB
Inactive:        1403800 kB
Active(anon):    1213652 kB
Inactive(anon):    21404 kB
Active(file):     208204 kB
Inactive(file):  1382396 kB
Unevictable:        5528 kB
Mlocked:            5528 kB
SwapTotal:       3145724 kB
SwapFree:        3145724 kB
Dirty:               208 kB
Writeback:             0 kB
AnonPages:       1212420 kB
Mapped:           812184 kB
Shmem:             23492 kB
KReclaimable:     827652 kB
Slab:             205284 kB
SReclaimable:      67092 kB
SUnreclaim:       138192 kB
KernelStack:       42976 kB
PageTables:        56884 kB
NFS_Unstable:          0 kB
Bounce:                0 kB
WritebackTmp:          0 kB
CommitLimit:     9202296 kB
Committed_AS:   57949432 kB
VmallocTotal:   263061440 kB
VmallocUsed:       99904 kB
VmallocChunk:          0 kB
Percpu:             7616 kB
CmaTotal:         294912 kB
CmaFree:               0 kB
MemTotal:       12113144 kB
MemFree:         6551116 kB
MemAvailable:    8100664 kB
Buffers:            5852 kB
Cached:          1612732 kB
SwapCached:            0 kB
Active:          1421616 kB
Inactive:        1403540 kB
Active(anon):    1213412 kB
Inactive(anon):    21144 kB
Active(file):     208204 kB
Inactive(file):  1382396 kB
Unevictable:        5528 kB
Mlocked:            5528 kB
SwapTotal:       3145724 kB
SwapFree:        3145724 kB
Dirty:               208 kB
Writeback:             0 kB
AnonPages:       1212140 kB
Mapped:           812184 kB
Shmem:             23492 kB
KReclaimable:     827652 kB
Slab:             205284 kB
SReclaimable:      67092 kB
SUnreclaim:       138192 kB
KernelStack:       42976 kB
PageTables:        56884 kB
NFS_Unstable:          0 kB
Bounce:                0 kB
WritebackTmp:          0 kB
CommitLimit:     9202296 kB
Committed_AS:   57943532 kB
VmallocTotal:   263061440 kB
VmallocUsed:       99904 kB
VmallocChunk:          0 kB
Percpu:             7616 kB
CmaTotal:         294912 kB
CmaFree:               0 kB
MemTotal:       12113144 kB
MemFree:         6550488 kB
MemAvailable:    8100036 kB
Buffers:            5852 kB
Cached:          1612732 kB
SwapCached:            0 kB
Active:          1422280 kB
Inactive:        1403540 kB
Active(anon):    1214076 kB
Inactive(anon):    21144 kB
Active(file):     208204 kB
Inactive(file):  1382396 kB
Unevictable:        5528 kB
Mlocked:            5528 kB
SwapTotal:       3145724 kB
SwapFree:        3145724 kB
Dirty:               208 kB
Writeback:             0 kB
AnonPages:       1212876 kB
Mapped:           812184 kB
Shmem:             23492 kB
KReclaimable:     827652 kB
Slab:             205276 kB
SReclaimable:      67092 kB
SUnreclaim:       138184 kB
KernelStack:       42976 kB
PageTables:        56896 kB
NFS_Unstable:          0 kB
Bounce:                0 kB
WritebackTmp:          0 kB
CommitLimit:     9202296 kB
Committed_AS:   57948488 kB
VmallocTotal:   263061440 kB
VmallocUsed:       99904 kB
VmallocChunk:          0 kB
Percpu:             7616 kB
CmaTotal:         294912 kB
CmaFree:               0 kB
MemTotal:       12113144 kB
MemFree:         6552212 kB
MemAvailable:    8101760 kB
Buffers:            5852 kB
Cached:          1612732 kB
SwapCached:            0 kB
Active:          1419568 kB
Inactive:        1403540 kB
Active(anon):    1211364 kB
Inactive(anon):    21144 kB
Active(file):     208204 kB
Inactive(file):  1382396 kB
Unevictable:        5528 kB
Mlocked:            5528 kB
SwapTotal:       3145724 kB
SwapFree:        3145724 kB
Dirty:               208 kB
Writeback:             0 kB
AnonPages:       1210216 kB
Mapped:           811924 kB
Shmem:             23492 kB
KReclaimable:     827652 kB
Slab:             205292 kB
SReclaimable:      67092 kB
SUnreclaim:       138200 kB
KernelStack:       42976 kB
PageTables:        56884 kB
NFS_Unstable:          0 kB
Bounce:                0 kB
WritebackTmp:          0 kB
CommitLimit:     9202296 kB
Committed_AS:   57948312 kB
VmallocTotal:   263061440 kB
VmallocUsed:       99904 kB
VmallocChunk:          0 kB
Percpu:             7616 kB
CmaTotal:         294912 kB
CmaFree:               0 kB
MemTotal:       12113144 kB
MemFree:         6552724 kB
MemAvailable:    8102276 kB
Buffers:            5856 kB
Cached:          1612732 kB
SwapCached:            0 kB
Active:          1419972 kB
Inactive:        1403544 kB
Active(anon):    1211768 kB
Inactive(anon):    21144 kB
Active(file):     208204 kB
Inactive(file):  1382400 kB
Unevictable:        5528 kB
Mlocked:            5528 kB
SwapTotal:       3145724 kB
SwapFree:        3145724 kB
Dirty:               212 kB
Writeback:             0 kB
AnonPages:       1210548 kB
Mapped:           812184 kB
Shmem:             23492 kB
KReclaimable:     827652 kB
Slab:             205292 kB
SReclaimable:      67092 kB
SUnreclaim:       138200 kB
KernelStack:       42976 kB
PageTables:        56896 kB
NFS_Unstable:          0 kB
Bounce:                0 kB
WritebackTmp:          0 kB
CommitLimit:     9202296 kB
Committed_AS:   57948224 kB
VmallocTotal:   263061440 kB
VmallocUsed:       99888 kB
VmallocChunk:          0 kB
Percpu:             7616 kB
CmaTotal:         294912 kB
CmaFree:               0 kB
MemTotal:       12113144 kB
MemFree:         6551360 kB
MemAvailable:    8100920 kB
Buffers:            5856 kB
Cached:          1612740 kB
SwapCached:            0 kB
Active:          1420524 kB
Inactive:        1403548 kB
Active(anon):    1212316 kB
Inactive(anon):    21144 kB
Active(file):     208208 kB
Inactive(file):  1382404 kB
Unevictable:        5528 kB
Mlocked:            5528 kB
SwapTotal:       3145724 kB
SwapFree:        3145724 kB
Dirty:               196 kB
Writeback:             0 kB
AnonPages:       1210900 kB
Mapped:           812184 kB
Shmem:             23492 kB
KReclaimable:     827652 kB
Slab:             205292 kB
SReclaimable:      67092 kB
SUnreclaim:       138200 kB
KernelStack:       42976 kB
PageTables:        56884 kB
NFS_Unstable:          0 kB
Bounce:                0 kB
WritebackTmp:          0 kB
CommitLimit:     9202296 kB
Committed_AS:   57948752 kB
VmallocTotal:   263061440 kB
VmallocUsed:       99872 kB
VmallocChunk:          0 kB
Percpu:             7616 kB
CmaTotal:         294912 kB
CmaFree:               0 kB
MemTotal:       12113144 kB
MemFree:         6552028 kB
MemAvailable:    8101588 kB
Buffers:            5856 kB
Cached:          1612744 kB
SwapCached:            0 kB
Active:          1420704 kB
Inactive:        1403552 kB
Active(anon):    1212496 kB
Inactive(anon):    21148 kB
Active(file):     208208 kB
Inactive(file):  1382404 kB
Unevictable:        5528 kB
Mlocked:            5528 kB
SwapTotal:       3145724 kB
SwapFree:        3145724 kB
Dirty:               204 kB
Writeback:             0 kB
AnonPages:       1211288 kB
Mapped:           812200 kB
Shmem:             23496 kB
KReclaimable:     827652 kB
Slab:             205300 kB
SReclaimable:      67092 kB
SUnreclaim:       138208 kB
KernelStack:       42976 kB
PageTables:        56896 kB
NFS_Unstable:          0 kB
Bounce:                0 kB
WritebackTmp:          0 kB
CommitLimit:     9202296 kB
Committed_AS:   57948536 kB
VmallocTotal:   263061440 kB
VmallocUsed:       99872 kB
VmallocChunk:          0 kB
Percpu:             7616 kB
CmaTotal:         294912 kB
CmaFree:               0 kB
MemTotal:       12113144 kB
MemFree:         6550660 kB
MemAvailable:    8100220 kB
Buffers:            5856 kB
Cached:          1612744 kB
SwapCached:            0 kB
Active:          1421100 kB
Inactive:        1403552 kB
Active(anon):    1212892 kB
Inactive(anon):    21148 kB
Active(file):     208208 kB
Inactive(file):  1382404 kB
Unevictable:        5528 kB
Mlocked:            5528 kB
SwapTotal:       3145724 kB
SwapFree:        3145724 kB
Dirty:               204 kB
Writeback:             0 kB
AnonPages:       1211544 kB
Mapped:           812200 kB
Shmem:             23496 kB
KReclaimable:     827652 kB
Slab:             205300 kB
SReclaimable:      67092 kB
SUnreclaim:       138208 kB
KernelStack:       42976 kB
PageTables:        56888 kB
NFS_Unstable:          0 kB
Bounce:                0 kB
WritebackTmp:          0 kB
CommitLimit:     9202296 kB
Committed_AS:   57948448 kB
VmallocTotal:   263061440 kB
VmallocUsed:       99872 kB
VmallocChunk:          0 kB
Percpu:             7616 kB
CmaTotal:         294912 kB
CmaFree:               0 kB
MemTotal:       12113144 kB
MemFree:         6551196 kB
MemAvailable:    8100756 kB
Buffers:            5856 kB
Cached:          1612748 kB
SwapCached:            0 kB
Active:          1421824 kB
Inactive:        1403508 kB
Active(anon):    1213568 kB
Inactive(anon):    21152 kB
Active(file):     208256 kB
Inactive(file):  1382356 kB
Unevictable:        5528 kB
Mlocked:            5528 kB
SwapTotal:       3145724 kB
SwapFree:        3145724 kB
Dirty:               232 kB
Writeback:             0 kB
AnonPages:       1212452 kB
Mapped:           812204 kB
Shmem:             23500 kB
KReclaimable:     827652 kB
Slab:             205292 kB
SReclaimable:      67092 kB
SUnreclaim:       138200 kB
KernelStack:       42960 kB
PageTables:        56884 kB
NFS_Unstable:          0 kB
Bounce:                0 kB
WritebackTmp:          0 kB
CommitLimit:     9202296 kB
Committed_AS:   57949696 kB
VmallocTotal:   263061440 kB
VmallocUsed:       99888 kB
VmallocChunk:          0 kB
Percpu:             7616 kB
CmaTotal:         294912 kB
CmaFree:               0 kB
MemTotal:       12113144 kB
MemFree:         6549784 kB
MemAvailable:    8099344 kB
Buffers:            5856 kB
Cached:          1612748 kB
SwapCached:            0 kB
Active:          1422428 kB
Inactive:        1403508 kB
Active(anon):    1214172 kB
Inactive(anon):    21152 kB
Active(file):     208256 kB
Inactive(file):  1382356 kB
Unevictable:        5528 kB
Mlocked:            5528 kB
SwapTotal:       3145724 kB
SwapFree:        3145724 kB
Dirty:               252 kB
Writeback:             0 kB
AnonPages:       1213164 kB
Mapped:           811948 kB
Shmem:             23500 kB
KReclaimable:     827652 kB
Slab:             205308 kB
SReclaimable:      67092 kB
SUnreclaim:       138216 kB
KernelStack:       42960 kB
PageTables:        56892 kB
NFS_Unstable:          0 kB
Bounce:                0 kB
WritebackTmp:          0 kB
CommitLimit:     9202296 kB
Committed_AS:   57948952 kB
VmallocTotal:   263061440 kB
VmallocUsed:       99872 kB
VmallocChunk:          0 kB
Percpu:             7616 kB
CmaTotal:         294912 kB
CmaFree:               0 kB
MemTotal:       12113144 kB
MemFree:         6546208 kB
MemAvailable:    8095768 kB
Buffers:            5856 kB
Cached:          1613528 kB
SwapCached:            0 kB
Active:          1424536 kB
Inactive:        1404288 kB
Active(anon):    1216280 kB
Inactive(anon):    21932 kB
Active(file):     208256 kB
Inactive(file):  1382356 kB
Unevictable:        5528 kB
Mlocked:            5528 kB
SwapTotal:       3145724 kB
SwapFree:        3145724 kB
Dirty:               252 kB
Writeback:             0 kB
AnonPages:       1214812 kB
Mapped:           812768 kB
Shmem:             24280 kB
KReclaimable:     827652 kB
Slab:             205292 kB
SReclaimable:      67092 kB
SUnreclaim:       138200 kB
KernelStack:       42960 kB
PageTables:        56888 kB
NFS_Unstable:          0 kB
Bounce:                0 kB
WritebackTmp:          0 kB
CommitLimit:     9202296 kB
Committed_AS:   57948820 kB
VmallocTotal:   263061440 kB
VmallocUsed:       99888 kB
VmallocChunk:          0 kB
Percpu:             7616 kB
CmaTotal:         294912 kB
CmaFree:               0 kB
MemTotal:       12113144 kB
MemFree:         6545276 kB
MemAvailable:    8094836 kB
Buffers:            5856 kB
Cached:          1612748 kB
SwapCached:            0 kB
Active:          1427920 kB
Inactive:        1403508 kB
Active(anon):    1219664 kB
Inactive(anon):    21152 kB
Active(file):     208256 kB
Inactive(file):  1382356 kB
Unevictable:        5528 kB
Mlocked:            5528 kB
SwapTotal:       3145724 kB
SwapFree:        3145724 kB
Dirty:               260 kB
Writeback:             0 kB
AnonPages:       1218356 kB
Mapped:           812248 kB
Shmem:             23500 kB
KReclaimable:     827652 kB
Slab:             205300 kB
SReclaimable:      67092 kB
SUnreclaim:       138208 kB
KernelStack:       42960 kB
PageTables:        56888 kB
NFS_Unstable:          0 kB
Bounce:                0 kB
WritebackTmp:          0 kB
CommitLimit:     9202296 kB
Committed_AS:   57948600 kB
VmallocTotal:   263061440 kB
VmallocUsed:       99872 kB
VmallocChunk:          0 kB
Percpu:             7616 kB
CmaTotal:         294912 kB
CmaFree:               0 kB
MemTotal:       12113144 kB
MemFree:         6543324 kB
MemAvailable:    8092884 kB
Buffers:            5856 kB
Cached:          1612748 kB
SwapCached:            0 kB
Active:          1428140 kB
Inactive:        1403508 kB
Active(anon):    1219884 kB
Inactive(anon):    21152 kB
Active(file):     208256 kB
Inactive(file):  1382356 kB
Unevictable:        5528 kB
Mlocked:            5528 kB
SwapTotal:       3145724 kB
SwapFree:        3145724 kB
Dirty:               260 kB
Writeback:             0 kB
AnonPages:       1218988 kB
Mapped:           812248 kB
Shmem:             23500 kB
KReclaimable:     827652 kB
Slab:             205308 kB
SReclaimable:      67092 kB
SUnreclaim:       138216 kB
KernelStack:       42960 kB
PageTables:        56884 kB
NFS_Unstable:          0 kB
Bounce:                0 kB
WritebackTmp:          0 kB
CommitLimit:     9202296 kB
Committed_AS:   57950692 kB
VmallocTotal:   263061440 kB
VmallocUsed:       99872 kB
VmallocChunk:          0 kB
Percpu:             7616 kB
CmaTotal:         294912 kB
CmaFree:               0 kB
MemTotal:       12113144 kB
MemFree:         6542908 kB
MemAvailable:    8092464 kB
Buffers:            5856 kB
Cached:          1612744 kB
SwapCached:            0 kB
Active:          1428612 kB
Inactive:        1403504 kB
Active(anon):    1220356 kB
Inactive(anon):    21152 kB
Active(file):     208256 kB
Inactive(file):  1382352 kB
Unevictable:        5528 kB
Mlocked:            5528 kB
SwapTotal:       3145724 kB
SwapFree:        3145724 kB
Dirty:               260 kB
Writeback:             0 kB
AnonPages:       1219252 kB
Mapped:           812248 kB
Shmem:             23500 kB
KReclaimable:     827652 kB
Slab:             205300 kB
SReclaimable:      67092 kB
SUnreclaim:       138208 kB
KernelStack:       42960 kB
PageTables:        56884 kB
NFS_Unstable:          0 kB
Bounce:                0 kB
WritebackTmp:          0 kB
CommitLimit:     9202296 kB
Committed_AS:   57950516 kB
VmallocTotal:   263061440 kB
VmallocUsed:       99840 kB
VmallocChunk:          0 kB
Percpu:             7616 kB
CmaTotal:         294912 kB
CmaFree:               0 kB
MemTotal:       12113144 kB
MemFree:         6546336 kB
MemAvailable:    8095904 kB
Buffers:            5856 kB
Cached:          1612756 kB
SwapCached:            0 kB
Active:          1425124 kB
Inactive:        1403516 kB
Active(anon):    1216868 kB
Inactive(anon):    21152 kB
Active(file):     208256 kB
Inactive(file):  1382364 kB
Unevictable:        5528 kB
Mlocked:            5528 kB
SwapTotal:       3145724 kB
SwapFree:        3145724 kB
Dirty:               268 kB
Writeback:             0 kB
AnonPages:       1215652 kB
Mapped:           812248 kB
Shmem:             23500 kB
KReclaimable:     827652 kB
Slab:             205308 kB
SReclaimable:      67092 kB
SUnreclaim:       138216 kB
KernelStack:       42960 kB
PageTables:        56888 kB
NFS_Unstable:          0 kB
Bounce:                0 kB
WritebackTmp:          0 kB
CommitLimit:     9202296 kB
Committed_AS:   57950516 kB
VmallocTotal:   263061440 kB
VmallocUsed:       99840 kB
VmallocChunk:          0 kB
Percpu:             7616 kB
CmaTotal:         294912 kB
CmaFree:               0 kB
MemTotal:       12113144 kB
MemFree:         6545472 kB
MemAvailable:    8095040 kB
Buffers:            5856 kB
Cached:          1612756 kB
SwapCached:            0 kB
Active:          1425836 kB
Inactive:        1403516 kB
Active(anon):    1217580 kB
Inactive(anon):    21152 kB
Active(file):     208256 kB
Inactive(file):  1382364 kB
Unevictable:        5528 kB
Mlocked:            5528 kB
SwapTotal:       3145724 kB
SwapFree:        3145724 kB
Dirty:               268 kB
Writeback:             0 kB
AnonPages:       1216368 kB
Mapped:           811988 kB
Shmem:             23500 kB
KReclaimable:     827652 kB
Slab:             205300 kB
SReclaimable:      67092 kB
SUnreclaim:       138208 kB
KernelStack:       42960 kB
PageTables:        56888 kB
NFS_Unstable:          0 kB
Bounce:                0 kB
WritebackTmp:          0 kB
CommitLimit:     9202296 kB
Committed_AS:   57950332 kB
VmallocTotal:   263061440 kB
VmallocUsed:       99856 kB
VmallocChunk:          0 kB
Percpu:             7616 kB
CmaTotal:         294912 kB
CmaFree:               0 kB
MemTotal:       12113144 kB
MemFree:         6545728 kB
MemAvailable:    8095296 kB
Buffers:            5856 kB
Cached:          1612756 kB
SwapCached:            0 kB
Active:          1426260 kB
Inactive:        1403516 kB
Active(anon):    1218004 kB
Inactive(anon):    21152 kB
Active(file):     208256 kB
Inactive(file):  1382364 kB
Unevictable:        5528 kB
Mlocked:            5528 kB
SwapTotal:       3145724 kB
SwapFree:        3145724 kB
Dirty:               268 kB
Writeback:             0 kB
AnonPages:       1216800 kB
Mapped:           811988 kB
Shmem:             23500 kB
KReclaimable:     827652 kB
Slab:             205300 kB
SReclaimable:      67092 kB
SUnreclaim:       138208 kB
KernelStack:       42944 kB
PageTables:        56884 kB
NFS_Unstable:          0 kB
Bounce:                0 kB
WritebackTmp:          0 kB
CommitLimit:     9202296 kB
Committed_AS:   57949936 kB
VmallocTotal:   263061440 kB
VmallocUsed:       99840 kB
VmallocChunk:          0 kB
Percpu:             7616 kB
CmaTotal:         294912 kB
CmaFree:               0 kB
MemTotal:       12113144 kB
MemFree:         6545344 kB
MemAvailable:    8094912 kB
Buffers:            5856 kB
Cached:          1612756 kB
SwapCached:            0 kB
Active:          1426636 kB
Inactive:        1403516 kB
Active(anon):    1218380 kB
Inactive(anon):    21152 kB
Active(file):     208256 kB
Inactive(file):  1382364 kB
Unevictable:        5528 kB
Mlocked:            5528 kB
SwapTotal:       3145724 kB
SwapFree:        3145724 kB
Dirty:               268 kB
Writeback:             0 kB
AnonPages:       1217340 kB
Mapped:           812248 kB
Shmem:             23500 kB
KReclaimable:     827652 kB
Slab:             205300 kB
SReclaimable:      67092 kB
SUnreclaim:       138208 kB
KernelStack:       42944 kB
PageTables:        56884 kB
NFS_Unstable:          0 kB
Bounce:                0 kB
WritebackTmp:          0 kB
CommitLimit:     9202296 kB
Committed_AS:   57943688 kB
VmallocTotal:   263061440 kB
VmallocUsed:       99856 kB
VmallocChunk:          0 kB
Percpu:             7616 kB
CmaTotal:         294912 kB
CmaFree:               0 kB
MemTotal:       12113144 kB
MemFree:         6545120 kB
MemAvailable:    8094688 kB
Buffers:            5856 kB
Cached:          1612756 kB
SwapCached:            0 kB
Active:          1426520 kB
Inactive:        1403516 kB
Active(anon):    1218264 kB
Inactive(anon):    21152 kB
Active(file):     208256 kB
Inactive(file):  1382364 kB
Unevictable:        5528 kB
Mlocked:            5528 kB
SwapTotal:       3145724 kB
SwapFree:        3145724 kB
Dirty:               268 kB
Writeback:             0 kB
AnonPages:       1217092 kB
Mapped:           811988 kB
Shmem:             23500 kB
KReclaimable:     827652 kB
Slab:             205300 kB
SReclaimable:      67092 kB
SUnreclaim:       138208 kB
KernelStack:       42944 kB
PageTables:        56896 kB
NFS_Unstable:          0 kB
Bounce:                0 kB
WritebackTmp:          0 kB
CommitLimit:     9202296 kB
Committed_AS:   57943460 kB
VmallocTotal:   263061440 kB
VmallocUsed:       99872 kB
VmallocChunk:          0 kB
Percpu:             7616 kB
CmaTotal:         294912 kB
CmaFree:               0 kB
MemTotal:       12113144 kB
MemFree:         6545248 kB
MemAvailable:    8094816 kB
Buffers:            5856 kB
Cached:          1612756 kB
SwapCached:            0 kB
Active:          1427044 kB
Inactive:        1403516 kB
Active(anon):    1218788 kB
Inactive(anon):    21152 kB
Active(file):     208256 kB
Inactive(file):  1382364 kB
Unevictable:        5528 kB
Mlocked:            5528 kB
SwapTotal:       3145724 kB
SwapFree:        3145724 kB
Dirty:                96 kB
Writeback:             0 kB
AnonPages:       1217484 kB
Mapped:           812060 kB
Shmem:             23500 kB
KReclaimable:     827652 kB
Slab:             205332 kB
SReclaimable:      67092 kB
SUnreclaim:       138240 kB
KernelStack:       42992 kB
PageTables:        56948 kB
NFS_Unstable:          0 kB
Bounce:                0 kB
WritebackTmp:          0 kB
CommitLimit:     9202296 kB
Committed_AS:   57965020 kB
VmallocTotal:   263061440 kB
VmallocUsed:       99856 kB
VmallocChunk:          0 kB
Percpu:             7616 kB
CmaTotal:         294912 kB
CmaFree:               0 kB
MemTotal:       12113144 kB
MemFree:         6545028 kB
MemAvailable:    8094608 kB
Buffers:            5860 kB
Cached:          1612764 kB
SwapCached:            0 kB
Active:          1427440 kB
Inactive:        1403524 kB
Active(anon):    1219180 kB
Inactive(anon):    21152 kB
Active(file):     208260 kB
Inactive(file):  1382372 kB
Unevictable:        5528 kB
Mlocked:            5528 kB
SwapTotal:       3145724 kB
SwapFree:        3145724 kB
Dirty:                88 kB
Writeback:             0 kB
AnonPages:       1217928 kB
Mapped:           811988 kB
Shmem:             23500 kB
KReclaimable:     827652 kB
Slab:             205332 kB
SReclaimable:      67092 kB
SUnreclaim:       138240 kB
KernelStack:       42944 kB
PageTables:        56892 kB
NFS_Unstable:          0 kB
Bounce:                0 kB
WritebackTmp:          0 kB
CommitLimit:     9202296 kB
Committed_AS:   57959896 kB
VmallocTotal:   263061440 kB
VmallocUsed:       99824 kB
VmallocChunk:          0 kB
Percpu:             7616 kB
CmaTotal:         294912 kB
CmaFree:               0 kB
MemTotal:       12113144 kB
MemFree:         6544604 kB
MemAvailable:    8094184 kB
Buffers:            5860 kB
Cached:          1612764 kB
SwapCached:            0 kB
Active:          1427344 kB
Inactive:        1403524 kB
Active(anon):    1219084 kB
Inactive(anon):    21152 kB
Active(file):     208260 kB
Inactive(file):  1382372 kB
Unevictable:        5528 kB
Mlocked:            5528 kB
SwapTotal:       3145724 kB
SwapFree:        3145724 kB
Dirty:                88 kB
Writeback:             0 kB
AnonPages:       1218020 kB
Mapped:           812248 kB
Shmem:             23500 kB
KReclaimable:     827652 kB
Slab:             205348 kB
SReclaimable:      67092 kB
SUnreclaim:       138256 kB
KernelStack:       42944 kB
PageTables:        56892 kB
NFS_Unstable:          0 kB
Bounce:                0 kB
WritebackTmp:          0 kB
CommitLimit:     9202296 kB
Committed_AS:   57964984 kB
VmallocTotal:   263061440 kB
VmallocUsed:       99824 kB
VmallocChunk:          0 kB
Percpu:             7616 kB
CmaTotal:         294912 kB
CmaFree:               0 kB
MemTotal:       12113144 kB
MemFree:         6544300 kB
MemAvailable:    8093880 kB
Buffers:            5860 kB
Cached:          1612764 kB
SwapCached:            0 kB
Active:          1427504 kB
Inactive:        1403524 kB
Active(anon):    1219244 kB
Inactive(anon):    21152 kB
Active(file):     208260 kB
Inactive(file):  1382372 kB
Unevictable:        5528 kB
Mlocked:            5528 kB
SwapTotal:       3145724 kB
SwapFree:        3145724 kB
Dirty:                88 kB
Writeback:             0 kB
AnonPages:       1218048 kB
Mapped:           811988 kB
Shmem:             23500 kB
KReclaimable:     827652 kB
Slab:             205332 kB
SReclaimable:      67092 kB
SUnreclaim:       138240 kB
KernelStack:       42944 kB
PageTables:        56888 kB
NFS_Unstable:          0 kB
Bounce:                0 kB
WritebackTmp:          0 kB
CommitLimit:     9202296 kB
Committed_AS:   57964764 kB
VmallocTotal:   263061440 kB
VmallocUsed:       99808 kB
