MemTotal:       12113132 kB
MemFree:         6533344 kB
MemAvailable:    7943180 kB
Buffers:            4748 kB
Cached:          1644528 kB
SwapCached:            0 kB
Active:          1475500 kB
Inactive:        1467216 kB
Active(anon):    1299880 kB
Inactive(anon):    23264 kB
Active(file):     175620 kB
Inactive(file):  1443952 kB
Unevictable:        5444 kB
Mlocked:            5444 kB
SwapTotal:       3145724 kB
SwapFree:        3145724 kB
Dirty:               156 kB
Writeback:             0 kB
AnonPages:       1299096 kB
Mapped:           866888 kB
Shmem:             25308 kB
KReclaimable:     658968 kB
Slab:             222320 kB
SReclaimable:      72260 kB
SUnreclaim:       150060 kB
KernelStack:       49368 kB
PageTables:        69088 kB
NFS_Unstable:          0 kB
Bounce:                0 kB
WritebackTmp:          0 kB
CommitLimit:     9202288 kB
Committed_AS:   76665924 kB
VmallocTotal:   263061440 kB
VmallocUsed:      106360 kB
VmallocChunk:          0 kB
Percpu:             7584 kB
CmaTotal:         294912 kB
CmaFree:              32 kB
MemTotal:       12113132 kB
MemFree:         6532844 kB
MemAvailable:    7942748 kB
Buffers:            4748 kB
Cached:          1644596 kB
SwapCached:            0 kB
Active:          1476160 kB
Inactive:        1467252 kB
Active(anon):    1300508 kB
Inactive(anon):    23268 kB
Active(file):     175652 kB
Inactive(file):  1443984 kB
Unevictable:        5444 kB
Mlocked:            5444 kB
SwapTotal:       3145724 kB
SwapFree:        3145724 kB
Dirty:               224 kB
Writeback:             0 kB
AnonPages:       1299360 kB
Mapped:           866820 kB
Shmem:             25312 kB
KReclaimable:     658972 kB
Slab:             222292 kB
SReclaimable:      72264 kB
SUnreclaim:       150028 kB
KernelStack:       49340 kB
PageTables:        69028 kB
NFS_Unstable:          0 kB
Bounce:                0 kB
WritebackTmp:          0 kB
CommitLimit:     9202288 kB
Committed_AS:   76670876 kB
VmallocTotal:   263061440 kB
VmallocUsed:      106328 kB
VmallocChunk:          0 kB
Percpu:             7584 kB
CmaTotal:         294912 kB
CmaFree:               0 kB
MemTotal:       12113132 kB
MemFree:         6530820 kB
MemAvailable:    7940740 kB
Buffers:            4748 kB
Cached:          1644616 kB
SwapCached:            0 kB
Active:          1476640 kB
Inactive:        1467264 kB
Active(anon):    1300984 kB
Inactive(anon):    23268 kB
Active(file):     175656 kB
Inactive(file):  1443996 kB
Unevictable:        5444 kB
Mlocked:            5444 kB
SwapTotal:       3145724 kB
SwapFree:        3145724 kB
Dirty:               256 kB
Writeback:             0 kB
AnonPages:       1300060 kB
Mapped:           866748 kB
Shmem:             25312 kB
KReclaimable:     658972 kB
Slab:             222324 kB
SReclaimable:      72264 kB
SUnreclaim:       150060 kB
KernelStack:       49360 kB
PageTables:        68972 kB
NFS_Unstable:          0 kB
Bounce:                0 kB
WritebackTmp:          0 kB
CommitLimit:     9202288 kB
Committed_AS:   76670832 kB
VmallocTotal:   263061440 kB
VmallocUsed:      106344 kB
VmallocChunk:          0 kB
Percpu:             7584 kB
CmaTotal:         294912 kB
CmaFree:               0 kB
MemTotal:       12113132 kB
MemFree:         6530340 kB
MemAvailable:    7940276 kB
Buffers:            4748 kB
Cached:          1644628 kB
SwapCached:            0 kB
Active:          1477360 kB
Inactive:        1467280 kB
Active(anon):    1301704 kB
Inactive(anon):    23268 kB
Active(file):     175656 kB
Inactive(file):  1444012 kB
Unevictable:        5444 kB
Mlocked:            5444 kB
SwapTotal:       3145724 kB
SwapFree:        3145724 kB
Dirty:               268 kB
Writeback:             0 kB
AnonPages:       1300832 kB
Mapped:           866744 kB
Shmem:             25312 kB
KReclaimable:     658972 kB
Slab:             222276 kB
SReclaimable:      72264 kB
SUnreclaim:       150012 kB
KernelStack:       49312 kB
PageTables:        68916 kB
NFS_Unstable:          0 kB
Bounce:                0 kB
WritebackTmp:          0 kB
CommitLimit:     9202288 kB
Committed_AS:   76670756 kB
VmallocTotal:   263061440 kB
VmallocUsed:      106344 kB
VmallocChunk:          0 kB
Percpu:             7584 kB
CmaTotal:         294912 kB
CmaFree:               0 kB
MemTotal:       12113132 kB
MemFree:         6529384 kB
MemAvailable:    7939352 kB
Buffers:            4748 kB
Cached:          1644660 kB
SwapCached:            0 kB
Active:          1478152 kB
Inactive:        1467308 kB
Active(anon):    1302492 kB
Inactive(anon):    23268 kB
Active(file):     175660 kB
Inactive(file):  1444040 kB
Unevictable:        5444 kB
Mlocked:            5444 kB
SwapTotal:       3145724 kB
SwapFree:        3145724 kB
Dirty:               316 kB
Writeback:             0 kB
AnonPages:       1301452 kB
Mapped:           866936 kB
Shmem:             25312 kB
KReclaimable:     658972 kB
Slab:             222324 kB
SReclaimable:      72264 kB
SUnreclaim:       150060 kB
KernelStack:       49296 kB
PageTables:        68856 kB
NFS_Unstable:          0 kB
Bounce:                0 kB
WritebackTmp:          0 kB
CommitLimit:     9202288 kB
Committed_AS:   76671320 kB
VmallocTotal:   263061440 kB
VmallocUsed:      106328 kB
VmallocChunk:          0 kB
Percpu:             7584 kB
CmaTotal:         294912 kB
CmaFree:               8 kB
MemTotal:       12113132 kB
MemFree:         6529376 kB
MemAvailable:    7939348 kB
Buffers:            4748 kB
Cached:          1644664 kB
SwapCached:            0 kB
Active:          1478324 kB
Inactive:        1467316 kB
Active(anon):    1302668 kB
Inactive(anon):    23268 kB
Active(file):     175656 kB
Inactive(file):  1444048 kB
Unevictable:        5444 kB
Mlocked:            5444 kB
SwapTotal:       3145724 kB
SwapFree:        3145724 kB
Dirty:               332 kB
Writeback:             0 kB
AnonPages:       1301932 kB
Mapped:           866768 kB
Shmem:             25312 kB
KReclaimable:     658972 kB
Slab:             222308 kB
SReclaimable:      72264 kB
SUnreclaim:       150044 kB
KernelStack:       49312 kB
PageTables:        68908 kB
NFS_Unstable:          0 kB
Bounce:                0 kB
WritebackTmp:          0 kB
CommitLimit:     9202288 kB
Committed_AS:   76671012 kB
VmallocTotal:   263061440 kB
VmallocUsed:      106376 kB
VmallocChunk:          0 kB
Percpu:             7584 kB
CmaTotal:         294912 kB
CmaFree:               0 kB
MemTotal:       12113132 kB
MemFree:         6527552 kB
MemAvailable:    7937532 kB
Buffers:            4748 kB
Cached:          1644684 kB
SwapCached:            0 kB
Active:          1479772 kB
Inactive:        1467336 kB
Active(anon):    1304116 kB
Inactive(anon):    23280 kB
Active(file):     175656 kB
Inactive(file):  1444056 kB
Unevictable:        5444 kB
Mlocked:            5444 kB
SwapTotal:       3145724 kB
SwapFree:        3145724 kB
Dirty:               340 kB
Writeback:             0 kB
AnonPages:       1303064 kB
Mapped:           866948 kB
Shmem:             25324 kB
KReclaimable:     658972 kB
Slab:             222308 kB
SReclaimable:      72264 kB
SUnreclaim:       150044 kB
KernelStack:       49296 kB
PageTables:        68860 kB
NFS_Unstable:          0 kB
Bounce:                0 kB
WritebackTmp:          0 kB
CommitLimit:     9202288 kB
Committed_AS:   76675772 kB
VmallocTotal:   263061440 kB
VmallocUsed:      106408 kB
VmallocChunk:          0 kB
Percpu:             7584 kB
CmaTotal:         294912 kB
CmaFree:               0 kB
MemTotal:       12113132 kB
MemFree:         6526884 kB
MemAvailable:    7936876 kB
Buffers:            4748 kB
Cached:          1644696 kB
SwapCached:            0 kB
Active:          1480608 kB
Inactive:        1467348 kB
Active(anon):    1304952 kB
Inactive(anon):    23280 kB
Active(file):     175656 kB
Inactive(file):  1444068 kB
Unevictable:        5444 kB
Mlocked:            5444 kB
SwapTotal:       3145724 kB
SwapFree:        3145724 kB
Dirty:               364 kB
Writeback:             0 kB
AnonPages:       1304156 kB
Mapped:           866948 kB
Shmem:             25324 kB
KReclaimable:     658972 kB
Slab:             222292 kB
SReclaimable:      72264 kB
SUnreclaim:       150028 kB
KernelStack:       49248 kB
PageTables:        68852 kB
NFS_Unstable:          0 kB
Bounce:                0 kB
WritebackTmp:          0 kB
CommitLimit:     9202288 kB
Committed_AS:   76676160 kB
VmallocTotal:   263061440 kB
VmallocUsed:      106376 kB
VmallocChunk:          0 kB
Percpu:             7584 kB
CmaTotal:         294912 kB
CmaFree:               0 kB
MemTotal:       12113132 kB
MemFree:         6525880 kB
MemAvailable:    7935888 kB
Buffers:            4748 kB
Cached:          1644712 kB
SwapCached:            0 kB
Active:          1480544 kB
Inactive:        1467364 kB
Active(anon):    1304888 kB
Inactive(anon):    23280 kB
Active(file):     175656 kB
Inactive(file):  1444084 kB
Unevictable:        5444 kB
Mlocked:            5444 kB
SwapTotal:       3145724 kB
SwapFree:        3145724 kB
Dirty:               388 kB
Writeback:             0 kB
AnonPages:       1304108 kB
Mapped:           866756 kB
Shmem:             25324 kB
KReclaimable:     658972 kB
Slab:             222316 kB
SReclaimable:      72264 kB
SUnreclaim:       150052 kB
KernelStack:       49264 kB
PageTables:        68920 kB
NFS_Unstable:          0 kB
Bounce:                0 kB
WritebackTmp:          0 kB
CommitLimit:     9202288 kB
Committed_AS:   76671972 kB
VmallocTotal:   263061440 kB
VmallocUsed:      106344 kB
VmallocChunk:          0 kB
Percpu:             7584 kB
CmaTotal:         294912 kB
CmaFree:               0 kB
MemTotal:       12113132 kB
MemFree:         6525356 kB
MemAvailable:    7935384 kB
Buffers:            4752 kB
Cached:          1644740 kB
SwapCached:            0 kB
Active:          1481552 kB
Inactive:        1467392 kB
Active(anon):    1305892 kB
Inactive(anon):    23292 kB
Active(file):     175660 kB
Inactive(file):  1444100 kB
Unevictable:        5444 kB
Mlocked:            5444 kB
SwapTotal:       3145724 kB
SwapFree:        3145724 kB
Dirty:               408 kB
Writeback:             0 kB
AnonPages:       1304872 kB
Mapped:           866960 kB
Shmem:             25336 kB
KReclaimable:     658972 kB
Slab:             222292 kB
SReclaimable:      72264 kB
SUnreclaim:       150028 kB
KernelStack:       49232 kB
PageTables:        68856 kB
NFS_Unstable:          0 kB
Bounce:                0 kB
WritebackTmp:          0 kB
CommitLimit:     9202288 kB
Committed_AS:   76676508 kB
VmallocTotal:   263061440 kB
VmallocUsed:      106328 kB
VmallocChunk:          0 kB
Percpu:             7584 kB
CmaTotal:         294912 kB
CmaFree:               0 kB
MemTotal:       12113132 kB
MemFree:         6524804 kB
MemAvailable:    7934856 kB
Buffers:            4752 kB
Cached:          1644772 kB
SwapCached:            0 kB
Active:          1482808 kB
Inactive:        1467420 kB
Active(anon):    1307144 kB
Inactive(anon):    23300 kB
Active(file):     175664 kB
Inactive(file):  1444120 kB
Unevictable:        5444 kB
Mlocked:            5444 kB
SwapTotal:       3145724 kB
SwapFree:        3145724 kB
Dirty:               336 kB
Writeback:            88 kB
AnonPages:       1306420 kB
Mapped:           866848 kB
Shmem:             25344 kB
KReclaimable:     658972 kB
Slab:             222468 kB
SReclaimable:      72264 kB
SUnreclaim:       150204 kB
KernelStack:       49280 kB
PageTables:        68892 kB
NFS_Unstable:          0 kB
Bounce:                0 kB
WritebackTmp:          0 kB
CommitLimit:     9202288 kB
Committed_AS:   76676404 kB
VmallocTotal:   263061440 kB
VmallocUsed:      106328 kB
VmallocChunk:          0 kB
Percpu:             7584 kB
CmaTotal:         294912 kB
CmaFree:               0 kB
MemTotal:       12113132 kB
MemFree:         6523872 kB
MemAvailable:    7933936 kB
Buffers:            4752 kB
Cached:          1644784 kB
SwapCached:            0 kB
Active:          1483228 kB
Inactive:        1467432 kB
Active(anon):    1307564 kB
Inactive(anon):    23300 kB
Active(file):     175664 kB
Inactive(file):  1444132 kB
Unevictable:        5444 kB
Mlocked:            5444 kB
SwapTotal:       3145724 kB
SwapFree:        3145724 kB
Dirty:               348 kB
Writeback:             0 kB
AnonPages:       1306508 kB
Mapped:           866776 kB
Shmem:             25344 kB
KReclaimable:     658972 kB
Slab:             222292 kB
SReclaimable:      72264 kB
SUnreclaim:       150028 kB
KernelStack:       49200 kB
PageTables:        68908 kB
NFS_Unstable:          0 kB
Bounce:                0 kB
WritebackTmp:          0 kB
CommitLimit:     9202288 kB
Committed_AS:   76676844 kB
VmallocTotal:   263061440 kB
VmallocUsed:      106264 kB
VmallocChunk:          0 kB
Percpu:             7584 kB
CmaTotal:         294912 kB
CmaFree:               0 kB
MemTotal:       12113132 kB
MemFree:         6523624 kB
MemAvailable:    7933708 kB
Buffers:            4752 kB
Cached:          1644804 kB
SwapCached:            0 kB
Active:          1484304 kB
Inactive:        1467452 kB
Active(anon):    1308640 kB
Inactive(anon):    23300 kB
Active(file):     175664 kB
Inactive(file):  1444152 kB
Unevictable:        5444 kB
Mlocked:            5444 kB
SwapTotal:       3145724 kB
SwapFree:        3145724 kB
Dirty:               376 kB
Writeback:             0 kB
AnonPages:       1307604 kB
Mapped:           866968 kB
Shmem:             25344 kB
KReclaimable:     658972 kB
Slab:             222292 kB
SReclaimable:      72264 kB
SUnreclaim:       150028 kB
KernelStack:       49236 kB
PageTables:        68816 kB
NFS_Unstable:          0 kB
Bounce:                0 kB
WritebackTmp:          0 kB
CommitLimit:     9202288 kB
Committed_AS:   76671512 kB
VmallocTotal:   263061440 kB
VmallocUsed:      106296 kB
VmallocChunk:          0 kB
Percpu:             7584 kB
CmaTotal:         294912 kB
CmaFree:               0 kB
MemTotal:       12113132 kB
MemFree:         6522068 kB
MemAvailable:    7932168 kB
Buffers:            4752 kB
Cached:          1644820 kB
SwapCached:            0 kB
Active:          1485092 kB
Inactive:        1467460 kB
Active(anon):    1309420 kB
Inactive(anon):    23300 kB
Active(file):     175672 kB
Inactive(file):  1444160 kB
Unevictable:        5444 kB
Mlocked:            5444 kB
SwapTotal:       3145724 kB
SwapFree:        3145724 kB
Dirty:               392 kB
Writeback:             0 kB
AnonPages:       1308728 kB
Mapped:           866968 kB
Shmem:             25344 kB
KReclaimable:     658972 kB
Slab:             222236 kB
SReclaimable:      72264 kB
SUnreclaim:       149972 kB
KernelStack:       49200 kB
PageTables:        68868 kB
NFS_Unstable:          0 kB
Bounce:                0 kB
WritebackTmp:          0 kB
CommitLimit:     9202288 kB
Committed_AS:   76670084 kB
VmallocTotal:   263061440 kB
VmallocUsed:      106248 kB
VmallocChunk:          0 kB
Percpu:             7584 kB
CmaTotal:         294912 kB
CmaFree:               0 kB
MemTotal:       12113132 kB
MemFree:         6521176 kB
MemAvailable:    7931280 kB
Buffers:            4752 kB
Cached:          1644824 kB
SwapCached:            0 kB
Active:          1485772 kB
Inactive:        1467468 kB
Active(anon):    1310104 kB
Inactive(anon):    23300 kB
Active(file):     175668 kB
Inactive(file):  1444168 kB
Unevictable:        5444 kB
Mlocked:            5444 kB
SwapTotal:       3145724 kB
SwapFree:        3145724 kB
Dirty:               436 kB
Writeback:             0 kB
AnonPages:       1309396 kB
Mapped:           866908 kB
Shmem:             25344 kB
KReclaimable:     658972 kB
Slab:             222300 kB
SReclaimable:      72264 kB
SUnreclaim:       150036 kB
KernelStack:       49200 kB
PageTables:        68856 kB
NFS_Unstable:          0 kB
Bounce:                0 kB
WritebackTmp:          0 kB
CommitLimit:     9202288 kB
Committed_AS:   76671160 kB
VmallocTotal:   263061440 kB
VmallocUsed:      106248 kB
VmallocChunk:          0 kB
Percpu:             7584 kB
CmaTotal:         294912 kB
CmaFree:               0 kB
MemTotal:       12113132 kB
MemFree:         6521032 kB
MemAvailable:    7931144 kB
Buffers:            4752 kB
Cached:          1644832 kB
SwapCached:            0 kB
Active:          1486896 kB
Inactive:        1467476 kB
Active(anon):    1311228 kB
Inactive(anon):    23300 kB
Active(file):     175668 kB
Inactive(file):  1444176 kB
Unevictable:        5444 kB
Mlocked:            5444 kB
SwapTotal:       3145724 kB
SwapFree:        3145724 kB
Dirty:               444 kB
Writeback:             0 kB
AnonPages:       1310096 kB
Mapped:           866776 kB
Shmem:             25344 kB
KReclaimable:     658972 kB
Slab:             222260 kB
SReclaimable:      72264 kB
SUnreclaim:       149996 kB
KernelStack:       49184 kB
PageTables:        68868 kB
NFS_Unstable:          0 kB
Bounce:                0 kB
WritebackTmp:          0 kB
CommitLimit:     9202288 kB
Committed_AS:   76666064 kB
VmallocTotal:   263061440 kB
VmallocUsed:      106280 kB
VmallocChunk:          0 kB
Percpu:             7584 kB
CmaTotal:         294912 kB
CmaFree:               0 kB
MemTotal:       12113132 kB
MemFree:         6519392 kB
MemAvailable:    7929528 kB
Buffers:            4752 kB
Cached:          1644856 kB
SwapCached:            0 kB
Active:          1491144 kB
Inactive:        1467500 kB
Active(anon):    1315476 kB
Inactive(anon):    23300 kB
Active(file):     175668 kB
Inactive(file):  1444200 kB
Unevictable:        5444 kB
Mlocked:            5444 kB
SwapTotal:       3145724 kB
SwapFree:        3145724 kB
Dirty:               204 kB
Writeback:             0 kB
AnonPages:       1314788 kB
Mapped:           866776 kB
Shmem:             25344 kB
KReclaimable:     658972 kB
Slab:             222324 kB
SReclaimable:      72264 kB
SUnreclaim:       150060 kB
KernelStack:       49200 kB
PageTables:        68920 kB
NFS_Unstable:          0 kB
Bounce:                0 kB
WritebackTmp:          0 kB
CommitLimit:     9202288 kB
Committed_AS:   76675404 kB
VmallocTotal:   263061440 kB
VmallocUsed:      106296 kB
VmallocChunk:          0 kB
Percpu:             7584 kB
CmaTotal:         294912 kB
CmaFree:               0 kB
MemTotal:       12113132 kB
MemFree:         6492540 kB
MemAvailable:    7902684 kB
Buffers:            4752 kB
Cached:          1644852 kB
SwapCached:            0 kB
Active:          1515560 kB
Inactive:        1467492 kB
Active(anon):    1339888 kB
Inactive(anon):    23288 kB
Active(file):     175672 kB
Inactive(file):  1444204 kB
Unevictable:        5444 kB
Mlocked:            5444 kB
SwapTotal:       3145724 kB
SwapFree:        3145724 kB
Dirty:               272 kB
Writeback:             0 kB
AnonPages:       1339448 kB
Mapped:           866960 kB
Shmem:             25332 kB
KReclaimable:     658972 kB
Slab:             222252 kB
SReclaimable:      72264 kB
SUnreclaim:       149988 kB
KernelStack:       49184 kB
PageTables:        68868 kB
NFS_Unstable:          0 kB
Bounce:                0 kB
WritebackTmp:          0 kB
CommitLimit:     9202288 kB
Committed_AS:   76676868 kB
VmallocTotal:   263061440 kB
VmallocUsed:      106280 kB
VmallocChunk:          0 kB
Percpu:             7584 kB
CmaTotal:         294912 kB
CmaFree:               4 kB
MemTotal:       12113132 kB
MemFree:         6491864 kB
MemAvailable:    7902012 kB
Buffers:            4752 kB
Cached:          1644872 kB
SwapCached:            0 kB
Active:          1516320 kB
Inactive:        1467516 kB
Active(anon):    1340652 kB
Inactive(anon):    23304 kB
Active(file):     175668 kB
Inactive(file):  1444212 kB
Unevictable:        5444 kB
Mlocked:            5444 kB
SwapTotal:       3145724 kB
SwapFree:        3145724 kB
Dirty:               272 kB
Writeback:             0 kB
AnonPages:       1339860 kB
Mapped:           866972 kB
Shmem:             25348 kB
KReclaimable:     658972 kB
Slab:             222252 kB
SReclaimable:      72264 kB
SUnreclaim:       149988 kB
KernelStack:       49232 kB
PageTables:        68924 kB
NFS_Unstable:          0 kB
Bounce:                0 kB
WritebackTmp:          0 kB
CommitLimit:     9202288 kB
Committed_AS:   76676824 kB
VmallocTotal:   263061440 kB
VmallocUsed:      106264 kB
VmallocChunk:          0 kB
Percpu:             7584 kB
CmaTotal:         294912 kB
CmaFree:               0 kB
MemTotal:       12113132 kB
MemFree:         6510404 kB
MemAvailable:    7920592 kB
Buffers:            4752 kB
Cached:          1644916 kB
SwapCached:            0 kB
Active:          1499308 kB
Inactive:        1467560 kB
Active(anon):    1323640 kB
Inactive(anon):    23308 kB
Active(file):     175668 kB
Inactive(file):  1444252 kB
Unevictable:        5444 kB
Mlocked:            5444 kB
SwapTotal:       3145724 kB
SwapFree:        3145724 kB
Dirty:               332 kB
Writeback:             0 kB
AnonPages:       1322508 kB
Mapped:           867080 kB
Shmem:             25352 kB
KReclaimable:     658972 kB
Slab:             222252 kB
SReclaimable:      72264 kB
SUnreclaim:       149988 kB
KernelStack:       49200 kB
PageTables:        68860 kB
NFS_Unstable:          0 kB
Bounce:                0 kB
WritebackTmp:          0 kB
CommitLimit:     9202288 kB
Committed_AS:   76676488 kB
VmallocTotal:   263061440 kB
VmallocUsed:      106296 kB
VmallocChunk:          0 kB
Percpu:             7584 kB
CmaTotal:         294912 kB
CmaFree:               0 kB
MemTotal:       12113132 kB
MemFree:         6478924 kB
MemAvailable:    7889120 kB
Buffers:            4752 kB
Cached:          1645116 kB
SwapCached:            0 kB
Active:          1529996 kB
Inactive:        1467636 kB
Active(anon):    1354328 kB
Inactive(anon):    23376 kB
Active(file):     175668 kB
Inactive(file):  1444260 kB
Unevictable:        5444 kB
Mlocked:            5444 kB
SwapTotal:       3145724 kB
SwapFree:        3145724 kB
Dirty:               340 kB
Writeback:             0 kB
AnonPages:       1352876 kB
Mapped:           867084 kB
Shmem:             25544 kB
KReclaimable:     658972 kB
Slab:             222252 kB
SReclaimable:      72264 kB
SUnreclaim:       149988 kB
KernelStack:       49252 kB
PageTables:        68816 kB
NFS_Unstable:          0 kB
Bounce:                0 kB
WritebackTmp:          0 kB
CommitLimit:     9202288 kB
Committed_AS:   76675308 kB
VmallocTotal:   263061440 kB
VmallocUsed:      106296 kB
VmallocChunk:          0 kB
Percpu:             7584 kB
CmaTotal:         294912 kB
CmaFree:               0 kB
MemTotal:       12113132 kB
MemFree:         6477020 kB
MemAvailable:    7887228 kB
Buffers:            4752 kB
Cached:          1644940 kB
SwapCached:            0 kB
Active:          1529928 kB
Inactive:        1467584 kB
Active(anon):    1354260 kB
Inactive(anon):    23312 kB
Active(file):     175668 kB
Inactive(file):  1444272 kB
Unevictable:        5444 kB
Mlocked:            5444 kB
SwapTotal:       3145724 kB
SwapFree:        3145724 kB
Dirty:               176 kB
Writeback:             0 kB
AnonPages:       1353572 kB
Mapped:           867084 kB
Shmem:             25356 kB
KReclaimable:     658972 kB
Slab:             222252 kB
SReclaimable:      72264 kB
SUnreclaim:       149988 kB
KernelStack:       49200 kB
PageTables:        68864 kB
NFS_Unstable:          0 kB
Bounce:                0 kB
WritebackTmp:          0 kB
CommitLimit:     9202288 kB
Committed_AS:   76675152 kB
VmallocTotal:   263061440 kB
VmallocUsed:      106312 kB
VmallocChunk:          0 kB
Percpu:             7584 kB
CmaTotal:         294912 kB
CmaFree:               0 kB
MemTotal:       12113132 kB
MemFree:         6475828 kB
MemAvailable:    7886048 kB
Buffers:            4752 kB
Cached:          1644952 kB
SwapCached:            0 kB
Active:          1533512 kB
Inactive:        1467596 kB
Active(anon):    1357844 kB
Inactive(anon):    23312 kB
Active(file):     175668 kB
Inactive(file):  1444284 kB
Unevictable:        5444 kB
Mlocked:            5444 kB
SwapTotal:       3145724 kB
SwapFree:        3145724 kB
Dirty:               244 kB
Writeback:             0 kB
AnonPages:       1356604 kB
Mapped:           867096 kB
Shmem:             25356 kB
KReclaimable:     658972 kB
Slab:             222252 kB
SReclaimable:      72264 kB
SUnreclaim:       149988 kB
KernelStack:       49248 kB
PageTables:        68900 kB
NFS_Unstable:          0 kB
Bounce:                0 kB
WritebackTmp:          0 kB
CommitLimit:     9202288 kB
Committed_AS:   76674932 kB
VmallocTotal:   263061440 kB
VmallocUsed:      106280 kB
VmallocChunk:          0 kB
Percpu:             7584 kB
CmaTotal:         294912 kB
CmaFree:               0 kB
MemTotal:       12113132 kB
MemFree:         6467336 kB
MemAvailable:    7877568 kB
Buffers:            4752 kB
Cached:          1644712 kB
SwapCached:            0 kB
Active:          1541128 kB
Inactive:        1467356 kB
Active(anon):    1365460 kB
Inactive(anon):    23060 kB
Active(file):     175668 kB
Inactive(file):  1444296 kB
Unevictable:        5444 kB
Mlocked:            5444 kB
SwapTotal:       3145724 kB
SwapFree:        3145724 kB
Dirty:               280 kB
Writeback:             0 kB
AnonPages:       1364948 kB
Mapped:           866644 kB
Shmem:             25104 kB
KReclaimable:     658972 kB
Slab:             222244 kB
SReclaimable:      72264 kB
SUnreclaim:       149980 kB
KernelStack:       49232 kB
PageTables:        68928 kB
NFS_Unstable:          0 kB
Bounce:                0 kB
WritebackTmp:          0 kB
CommitLimit:     9202288 kB
Committed_AS:   76681820 kB
VmallocTotal:   263061440 kB
VmallocUsed:      106264 kB
VmallocChunk:          0 kB
Percpu:             7584 kB
CmaTotal:         294912 kB
CmaFree:               0 kB
MemTotal:       12113132 kB
MemFree:         6466600 kB
MemAvailable:    7876844 kB
Buffers:            4756 kB
Cached:          1644972 kB
SwapCached:            0 kB
Active:          1542172 kB
Inactive:        1467620 kB
Active(anon):    1366504 kB
Inactive(anon):    23312 kB
Active(file):     175668 kB
Inactive(file):  1444308 kB
Unevictable:        5444 kB
Mlocked:            5444 kB
SwapTotal:       3145724 kB
SwapFree:        3145724 kB
Dirty:               348 kB
Writeback:             0 kB
AnonPages:       1365296 kB
Mapped:           867084 kB
Shmem:             25356 kB
KReclaimable:     658972 kB
Slab:             222212 kB
SReclaimable:      72264 kB
SUnreclaim:       149948 kB
KernelStack:       49200 kB
PageTables:        68876 kB
NFS_Unstable:          0 kB
Bounce:                0 kB
WritebackTmp:          0 kB
CommitLimit:     9202288 kB
Committed_AS:   76681776 kB
VmallocTotal:   263061440 kB
VmallocUsed:      106264 kB
VmallocChunk:          0 kB
Percpu:             7584 kB
CmaTotal:         294912 kB
CmaFree:               0 kB
MemTotal:       12113132 kB
MemFree:         6458996 kB
MemAvailable:    7869268 kB
Buffers:            4756 kB
Cached:          1645008 kB
SwapCached:            0 kB
Active:          1549808 kB
Inactive:        1467644 kB
Active(anon):    1374128 kB
Inactive(anon):    23320 kB
Active(file):     175680 kB
Inactive(file):  1444324 kB
Unevictable:        5444 kB
Mlocked:            5444 kB
SwapTotal:       3145724 kB
SwapFree:        3145724 kB
Dirty:               388 kB
Writeback:             0 kB
AnonPages:       1373452 kB
Mapped:           867092 kB
Shmem:             25364 kB
KReclaimable:     658972 kB
Slab:             222252 kB
SReclaimable:      72264 kB
SUnreclaim:       149988 kB
KernelStack:       49216 kB
PageTables:        69000 kB
NFS_Unstable:          0 kB
Bounce:                0 kB
WritebackTmp:          0 kB
CommitLimit:     9202288 kB
Committed_AS:   76677136 kB
VmallocTotal:   263061440 kB
VmallocUsed:      106280 kB
VmallocChunk:          0 kB
Percpu:             7584 kB
CmaTotal:         294912 kB
CmaFree:               0 kB
MemTotal:       12113132 kB
MemFree:         6465716 kB
MemAvailable:    7876000 kB
Buffers:            4756 kB
Cached:          1645028 kB
SwapCached:            0 kB
Active:          1541880 kB
Inactive:        1467664 kB
Active(anon):    1366200 kB
Inactive(anon):    23328 kB
Active(file):     175680 kB
Inactive(file):  1444336 kB
Unevictable:        5444 kB
Mlocked:            5444 kB
SwapTotal:       3145724 kB
SwapFree:        3145724 kB
Dirty:               272 kB
Writeback:           156 kB
AnonPages:       1365072 kB
Mapped:           867124 kB
Shmem:             25372 kB
KReclaimable:     658972 kB
Slab:             222244 kB
SReclaimable:      72264 kB
SUnreclaim:       149980 kB
KernelStack:       49248 kB
PageTables:        68964 kB
NFS_Unstable:          0 kB
Bounce:                0 kB
WritebackTmp:          0 kB
CommitLimit:     9202288 kB
Committed_AS:   76671228 kB
VmallocTotal:   263061440 kB
VmallocUsed:      106280 kB
VmallocChunk:          0 kB
Percpu:             7584 kB
CmaTotal:         294912 kB
CmaFree:               0 kB
MemTotal:       12113132 kB
MemFree:         6463724 kB
MemAvailable:    7874016 kB
Buffers:            4756 kB
Cached:          1645032 kB
SwapCached:            0 kB
Active:          1542664 kB
Inactive:        1467672 kB
Active(anon):    1366988 kB
Inactive(anon):    23328 kB
Active(file):     175676 kB
Inactive(file):  1444344 kB
Unevictable:        5444 kB
Mlocked:            5444 kB
SwapTotal:       3145724 kB
SwapFree:        3145724 kB
Dirty:               260 kB
Writeback:             0 kB
AnonPages:       1366036 kB
Mapped:           867100 kB
Shmem:             25372 kB
KReclaimable:     658976 kB
Slab:             222248 kB
SReclaimable:      72268 kB
SUnreclaim:       149980 kB
KernelStack:       49200 kB
PageTables:        68888 kB
NFS_Unstable:          0 kB
Bounce:                0 kB
WritebackTmp:          0 kB
CommitLimit:     9202288 kB
Committed_AS:   76676572 kB
VmallocTotal:   263061440 kB
VmallocUsed:      106296 kB
VmallocChunk:          0 kB
Percpu:             7584 kB
CmaTotal:         294912 kB
CmaFree:               0 kB
MemTotal:       12113132 kB
MemFree:         6463596 kB
MemAvailable:    7873860 kB
Buffers:            4756 kB
Cached:          1645056 kB
SwapCached:            0 kB
Active:          1544312 kB
Inactive:        1467692 kB
Active(anon):    1368632 kB
Inactive(anon):    23328 kB
Active(file):     175680 kB
Inactive(file):  1444364 kB
Unevictable:        5444 kB
Mlocked:            5444 kB
SwapTotal:       3145724 kB
SwapFree:        3145724 kB
Dirty:               304 kB
Writeback:             0 kB
AnonPages:       1367396 kB
Mapped:           867104 kB
Shmem:             25372 kB
KReclaimable:     658924 kB
Slab:             222204 kB
SReclaimable:      72216 kB
SUnreclaim:       149988 kB
KernelStack:       49232 kB
PageTables:        68920 kB
NFS_Unstable:          0 kB
Bounce:                0 kB
WritebackTmp:          0 kB
CommitLimit:     9202288 kB
Committed_AS:   76676576 kB
VmallocTotal:   263061440 kB
VmallocUsed:      106296 kB
VmallocChunk:          0 kB
Percpu:             7584 kB
CmaTotal:         294912 kB
CmaFree:               0 kB
MemTotal:       12113132 kB
MemFree:         6451724 kB
MemAvailable:    7861996 kB
Buffers:            4756 kB
Cached:          1644812 kB
SwapCached:            0 kB
Active:          1553948 kB
Inactive:        1467448 kB
Active(anon):    1378268 kB
Inactive(anon):    23076 kB
Active(file):     175680 kB
Inactive(file):  1444372 kB
Unevictable:        5444 kB
Mlocked:            5444 kB
SwapTotal:       3145724 kB
SwapFree:        3145724 kB
Dirty:               320 kB
Writeback:             0 kB
AnonPages:       1377152 kB
Mapped:           866660 kB
Shmem:             25120 kB
KReclaimable:     658924 kB
Slab:             222172 kB
SReclaimable:      72216 kB
SUnreclaim:       149956 kB
KernelStack:       49216 kB
PageTables:        68952 kB
NFS_Unstable:          0 kB
Bounce:                0 kB
WritebackTmp:          0 kB
CommitLimit:     9202288 kB
Committed_AS:   76681716 kB
VmallocTotal:   263061440 kB
VmallocUsed:      106296 kB
VmallocChunk:          0 kB
Percpu:             7584 kB
CmaTotal:         294912 kB
CmaFree:               0 kB
MemTotal:       12113132 kB
MemFree:         6451832 kB
MemAvailable:    7862112 kB
Buffers:            4756 kB
Cached:          1645080 kB
SwapCached:            0 kB
Active:          1553788 kB
Inactive:        1467716 kB
Active(anon):    1378108 kB
Inactive(anon):    23336 kB
Active(file):     175680 kB
Inactive(file):  1444380 kB
Unevictable:        5444 kB
Mlocked:            5444 kB
SwapTotal:       3145724 kB
SwapFree:        3145724 kB
Dirty:               356 kB
Writeback:             0 kB
AnonPages:       1377132 kB
Mapped:           866920 kB
Shmem:             25380 kB
KReclaimable:     658924 kB
Slab:             222196 kB
SReclaimable:      72216 kB
SUnreclaim:       149980 kB
KernelStack:       49264 kB
PageTables:        69008 kB
NFS_Unstable:          0 kB
Bounce:                0 kB
WritebackTmp:          0 kB
CommitLimit:     9202288 kB
Committed_AS:   76681760 kB
VmallocTotal:   263061440 kB
VmallocUsed:      106296 kB
VmallocChunk:          0 kB
Percpu:             7584 kB
CmaTotal:         294912 kB
CmaFree:               0 kB
MemTotal:       12113132 kB
MemFree:         6449672 kB
MemAvailable:    7859964 kB
Buffers:            4756 kB
Cached:          1645096 kB
SwapCached:            0 kB
Active:          1559112 kB
Inactive:        1467732 kB
Active(anon):    1383432 kB
Inactive(anon):    23340 kB
Active(file):     175680 kB
Inactive(file):  1444392 kB
Unevictable:        5444 kB
Mlocked:            5444 kB
SwapTotal:       3145724 kB
SwapFree:        3145724 kB
Dirty:               388 kB
Writeback:             0 kB
AnonPages:       1382560 kB
Mapped:           867112 kB
Shmem:             25384 kB
KReclaimable:     658924 kB
Slab:             222204 kB
SReclaimable:      72216 kB
SUnreclaim:       149988 kB
KernelStack:       49216 kB
PageTables:        69028 kB
NFS_Unstable:          0 kB
Bounce:                0 kB
WritebackTmp:          0 kB
CommitLimit:     9202288 kB
Committed_AS:   76676900 kB
VmallocTotal:   263061440 kB
VmallocUsed:      106280 kB
VmallocChunk:          0 kB
Percpu:             7584 kB
CmaTotal:         294912 kB
CmaFree:               0 kB
MemTotal:       12113132 kB
MemFree:         6443528 kB
MemAvailable:    7853836 kB
Buffers:            4756 kB
Cached:          1644924 kB
SwapCached:            0 kB
Active:          1565188 kB
Inactive:        1467564 kB
Active(anon):    1389508 kB
Inactive(anon):    23156 kB
Active(file):     175680 kB
Inactive(file):  1444408 kB
Unevictable:        5444 kB
Mlocked:            5444 kB
SwapTotal:       3145724 kB
SwapFree:        3145724 kB
Dirty:               408 kB
Writeback:             0 kB
AnonPages:       1388328 kB
Mapped:           866876 kB
Shmem:             25196 kB
KReclaimable:     658924 kB
Slab:             222212 kB
SReclaimable:      72216 kB
SUnreclaim:       149996 kB
KernelStack:       49232 kB
PageTables:        68932 kB
NFS_Unstable:          0 kB
Bounce:                0 kB
WritebackTmp:          0 kB
CommitLimit:     9202288 kB
Committed_AS:   76676700 kB
VmallocTotal:   263061440 kB
VmallocUsed:      106312 kB
VmallocChunk:          0 kB
Percpu:             7584 kB
CmaTotal:         294912 kB
CmaFree:               0 kB
MemTotal:       12113132 kB
MemFree:         6441852 kB
MemAvailable:    7852172 kB
Buffers:            4756 kB
Cached:          1645128 kB
SwapCached:            0 kB
Active:          1566080 kB
Inactive:        1467764 kB
Active(anon):    1390400 kB
Inactive(anon):    23344 kB
Active(file):     175680 kB
Inactive(file):  1444420 kB
Unevictable:        5444 kB
Mlocked:            5444 kB
SwapTotal:       3145724 kB
SwapFree:        3145724 kB
Dirty:               420 kB
Writeback:             0 kB
AnonPages:       1389552 kB
Mapped:           866996 kB
Shmem:             25388 kB
KReclaimable:     658924 kB
Slab:             222196 kB
SReclaimable:      72216 kB
SUnreclaim:       149980 kB
KernelStack:       49248 kB
PageTables:        69032 kB
NFS_Unstable:          0 kB
Bounce:                0 kB
WritebackTmp:          0 kB
CommitLimit:     9202288 kB
Committed_AS:   76671932 kB
VmallocTotal:   263061440 kB
VmallocUsed:      106280 kB
VmallocChunk:          0 kB
Percpu:             7584 kB
CmaTotal:         294912 kB
CmaFree:               0 kB
MemTotal:       12113132 kB
MemFree:         6439776 kB
MemAvailable:    7850124 kB
Buffers:            4756 kB
Cached:          1645160 kB
SwapCached:            0 kB
Active:          1569628 kB
Inactive:        1467796 kB
Active(anon):    1393948 kB
Inactive(anon):    23348 kB
Active(file):     175680 kB
Inactive(file):  1444448 kB
Unevictable:        5444 kB
Mlocked:            5444 kB
SwapTotal:       3145724 kB
SwapFree:        3145724 kB
Dirty:               472 kB
Writeback:             0 kB
AnonPages:       1393184 kB
Mapped:           867120 kB
Shmem:             25392 kB
KReclaimable:     658924 kB
Slab:             222212 kB
SReclaimable:      72216 kB
SUnreclaim:       149996 kB
KernelStack:       49200 kB
PageTables:        68936 kB
NFS_Unstable:          0 kB
Bounce:                0 kB
WritebackTmp:          0 kB
CommitLimit:     9202288 kB
Committed_AS:   76671372 kB
VmallocTotal:   263061440 kB
VmallocUsed:      106312 kB
VmallocChunk:          0 kB
Percpu:             7584 kB
CmaTotal:         294912 kB
CmaFree:               0 kB
MemTotal:       12113132 kB
MemFree:         6430060 kB
MemAvailable:    7840424 kB
Buffers:            4756 kB
Cached:          1645136 kB
SwapCached:            0 kB
Active:          1576692 kB
Inactive:        1467996 kB
Active(anon):    1401004 kB
Inactive(anon):    23540 kB
Active(file):     175688 kB
Inactive(file):  1444456 kB
Unevictable:        5444 kB
Mlocked:            5444 kB
SwapTotal:       3145724 kB
SwapFree:        3145724 kB
Dirty:               492 kB
Writeback:             0 kB
AnonPages:       1399388 kB
Mapped:           867312 kB
Shmem:             25352 kB
KReclaimable:     658924 kB
Slab:             222204 kB
SReclaimable:      72216 kB
SUnreclaim:       149988 kB
KernelStack:       49200 kB
PageTables:        68924 kB
NFS_Unstable:          0 kB
Bounce:                0 kB
WritebackTmp:          0 kB
CommitLimit:     9202288 kB
Committed_AS:   76699648 kB
VmallocTotal:   263061440 kB
VmallocUsed:      106264 kB
VmallocChunk:          0 kB
Percpu:             7584 kB
CmaTotal:         294912 kB
CmaFree:               8 kB
MemTotal:       12113132 kB
MemFree:         6429616 kB
MemAvailable:    7839984 kB
Buffers:            4756 kB
Cached:          1645192 kB
SwapCached:            0 kB
Active:          1576928 kB
Inactive:        1467820 kB
Active(anon):    1401240 kB
Inactive(anon):    23360 kB
Active(file):     175688 kB
Inactive(file):  1444460 kB
Unevictable:        5444 kB
Mlocked:            5444 kB
SwapTotal:       3145724 kB
SwapFree:        3145724 kB
Dirty:               240 kB
Writeback:             0 kB
AnonPages:       1400412 kB
Mapped:           866944 kB
Shmem:             25404 kB
KReclaimable:     658924 kB
Slab:             222204 kB
SReclaimable:      72216 kB
SUnreclaim:       149988 kB
KernelStack:       49232 kB
PageTables:        68992 kB
NFS_Unstable:          0 kB
Bounce:                0 kB
WritebackTmp:          0 kB
CommitLimit:     9202288 kB
Committed_AS:   76704928 kB
VmallocTotal:   263061440 kB
VmallocUsed:      106248 kB
VmallocChunk:          0 kB
Percpu:             7584 kB
CmaTotal:         294912 kB
CmaFree:               0 kB
MemTotal:       12113132 kB
MemFree:         6430016 kB
MemAvailable:    7840396 kB
Buffers:            4756 kB
Cached:          1645204 kB
SwapCached:            0 kB
Active:          1578236 kB
Inactive:        1467832 kB
Active(anon):    1402548 kB
Inactive(anon):    23360 kB
Active(file):     175688 kB
Inactive(file):  1444472 kB
Unevictable:        5444 kB
Mlocked:            5444 kB
SwapTotal:       3145724 kB
SwapFree:        3145724 kB
Dirty:               312 kB
Writeback:             0 kB
AnonPages:       1401560 kB
Mapped:           866940 kB
Shmem:             25404 kB
KReclaimable:     658924 kB
Slab:             222172 kB
SReclaimable:      72216 kB
SUnreclaim:       149956 kB
KernelStack:       49216 kB
PageTables:        69004 kB
NFS_Unstable:          0 kB
Bounce:                0 kB
WritebackTmp:          0 kB
CommitLimit:     9202288 kB
Committed_AS:   76704732 kB
VmallocTotal:   263061440 kB
VmallocUsed:      106232 kB
VmallocChunk:          0 kB
Percpu:             7584 kB
CmaTotal:         294912 kB
CmaFree:               0 kB
MemTotal:       12113132 kB
MemFree:         6436780 kB
MemAvailable:    7847172 kB
Buffers:            4756 kB
Cached:          1645316 kB
SwapCached:            0 kB
Active:          1570276 kB
Inactive:        1468000 kB
Active(anon):    1394588 kB
Inactive(anon):    23516 kB
Active(file):     175688 kB
Inactive(file):  1444484 kB
Unevictable:        5444 kB
Mlocked:            5444 kB
SwapTotal:       3145724 kB
SwapFree:        3145724 kB
Dirty:               332 kB
Writeback:             0 kB
AnonPages:       1393300 kB
Mapped:           867288 kB
Shmem:             25504 kB
KReclaimable:     658924 kB
Slab:             222180 kB
SReclaimable:      72216 kB
SUnreclaim:       149964 kB
KernelStack:       49216 kB
PageTables:        68936 kB
NFS_Unstable:          0 kB
Bounce:                0 kB
WritebackTmp:          0 kB
CommitLimit:     9202288 kB
Committed_AS:   76715040 kB
VmallocTotal:   263061440 kB
VmallocUsed:      106280 kB
VmallocChunk:          0 kB
Percpu:             7584 kB
CmaTotal:         294912 kB
CmaFree:               0 kB
MemTotal:       12113132 kB
MemFree:         6469208 kB
MemAvailable:    7879652 kB
Buffers:            4756 kB
Cached:          1645272 kB
SwapCached:            0 kB
Active:          1536608 kB
Inactive:        1467892 kB
Active(anon):    1360912 kB
Inactive(anon):    23364 kB
Active(file):     175696 kB
Inactive(file):  1444528 kB
Unevictable:        5444 kB
Mlocked:            5444 kB
SwapTotal:       3145724 kB
SwapFree:        3145724 kB
Dirty:               368 kB
Writeback:             0 kB
AnonPages:       1360288 kB
Mapped:           867136 kB
Shmem:             25408 kB
KReclaimable:     658924 kB
Slab:             222148 kB
SReclaimable:      72216 kB
SUnreclaim:       149932 kB
KernelStack:       49252 kB
PageTables:        68960 kB
NFS_Unstable:          0 kB
Bounce:                0 kB
WritebackTmp:          0 kB
CommitLimit:     9202288 kB
Committed_AS:   76714776 kB
VmallocTotal:   263061440 kB
VmallocUsed:      106312 kB
VmallocChunk:          0 kB
Percpu:             7584 kB
CmaTotal:         294912 kB
CmaFree:               0 kB
MemTotal:       12113132 kB
MemFree:         6469132 kB
MemAvailable:    7879572 kB
Buffers:            4764 kB
Cached:          1645260 kB
SwapCached:            0 kB
Active:          1538832 kB
Inactive:        1467888 kB
Active(anon):    1363136 kB
Inactive(anon):    23364 kB
Active(file):     175696 kB
Inactive(file):  1444524 kB
Unevictable:        5444 kB
Mlocked:            5444 kB
SwapTotal:       3145724 kB
SwapFree:        3145724 kB
Dirty:               380 kB
Writeback:             0 kB
AnonPages:       1362220 kB
Mapped:           866472 kB
Shmem:             25408 kB
KReclaimable:     658924 kB
Slab:             222172 kB
SReclaimable:      72216 kB
SUnreclaim:       149956 kB
KernelStack:       49200 kB
PageTables:        68956 kB
NFS_Unstable:          0 kB
Bounce:                0 kB
WritebackTmp:          0 kB
CommitLimit:     9202288 kB
Committed_AS:   76708800 kB
VmallocTotal:   263061440 kB
VmallocUsed:      106280 kB
VmallocChunk:          0 kB
Percpu:             7584 kB
CmaTotal:         294912 kB
CmaFree:               0 kB
MemTotal:       12113132 kB
MemFree:         6441664 kB
MemAvailable:    7852108 kB
Buffers:            4764 kB
Cached:          1645264 kB
SwapCached:            0 kB
Active:          1567536 kB
Inactive:        1467896 kB
Active(anon):    1391844 kB
Inactive(anon):    23364 kB
Active(file):     175692 kB
Inactive(file):  1444532 kB
Unevictable:        5444 kB
Mlocked:            5444 kB
SwapTotal:       3145724 kB
SwapFree:        3145724 kB
Dirty:               388 kB
Writeback:             0 kB
AnonPages:       1390816 kB
Mapped:           866280 kB
Shmem:             25408 kB
KReclaimable:     658924 kB
Slab:             222164 kB
SReclaimable:      72216 kB
SUnreclaim:       149948 kB
KernelStack:       49216 kB
PageTables:        68996 kB
NFS_Unstable:          0 kB
Bounce:                0 kB
WritebackTmp:          0 kB
CommitLimit:     9202288 kB
Committed_AS:   76713924 kB
VmallocTotal:   263061440 kB
VmallocUsed:      106296 kB
VmallocChunk:          0 kB
Percpu:             7584 kB
CmaTotal:         294912 kB
CmaFree:               0 kB
MemTotal:       12113132 kB
MemFree:         6439712 kB
MemAvailable:    7850184 kB
Buffers:            4764 kB
Cached:          1645292 kB
SwapCached:            0 kB
Active:          1569036 kB
Inactive:        1467920 kB
Active(anon):    1393340 kB
Inactive(anon):    23364 kB
Active(file):     175696 kB
Inactive(file):  1444556 kB
Unevictable:        5444 kB
Mlocked:            5444 kB
SwapTotal:       3145724 kB
SwapFree:        3145724 kB
Dirty:               420 kB
Writeback:             0 kB
AnonPages:       1392492 kB
Mapped:           866504 kB
Shmem:             25408 kB
KReclaimable:     658924 kB
Slab:             222172 kB
SReclaimable:      72216 kB
SUnreclaim:       149956 kB
KernelStack:       49200 kB
PageTables:        68892 kB
NFS_Unstable:          0 kB
Bounce:                0 kB
WritebackTmp:          0 kB
CommitLimit:     9202288 kB
Committed_AS:   76714080 kB
VmallocTotal:   263061440 kB
VmallocUsed:      106280 kB
VmallocChunk:          0 kB
Percpu:             7584 kB
CmaTotal:         294912 kB
CmaFree:               0 kB
MemTotal:       12113132 kB
MemFree:         6436868 kB
MemAvailable:    7847352 kB
Buffers:            4764 kB
Cached:          1645304 kB
SwapCached:            0 kB
Active:          1571204 kB
Inactive:        1467932 kB
Active(anon):    1395508 kB
Inactive(anon):    23364 kB
Active(file):     175696 kB
Inactive(file):  1444568 kB
Unevictable:        5444 kB
Mlocked:            5444 kB
SwapTotal:       3145724 kB
SwapFree:        3145724 kB
Dirty:               432 kB
Writeback:             0 kB
AnonPages:       1394344 kB
Mapped:           866380 kB
Shmem:             25408 kB
KReclaimable:     658924 kB
Slab:             222172 kB
SReclaimable:      72216 kB
SUnreclaim:       149956 kB
KernelStack:       49264 kB
PageTables:        69072 kB
NFS_Unstable:          0 kB
Bounce:                0 kB
WritebackTmp:          0 kB
CommitLimit:     9202288 kB
Committed_AS:   76714752 kB
VmallocTotal:   263061440 kB
VmallocUsed:      106296 kB
VmallocChunk:          0 kB
Percpu:             7584 kB
CmaTotal:         294912 kB
CmaFree:               0 kB
MemTotal:       12113132 kB
MemFree:         6436932 kB
MemAvailable:    7847432 kB
Buffers:            4764 kB
Cached:          1645320 kB
SwapCached:            0 kB
Active:          1570596 kB
Inactive:        1467948 kB
Active(anon):    1394900 kB
Inactive(anon):    23364 kB
Active(file):     175696 kB
Inactive(file):  1444584 kB
Unevictable:        5444 kB
Mlocked:            5444 kB
SwapTotal:       3145724 kB
SwapFree:        3145724 kB
Dirty:               464 kB
Writeback:             0 kB
AnonPages:       1393944 kB
Mapped:           866572 kB
Shmem:             25408 kB
KReclaimable:     658924 kB
Slab:             222180 kB
SReclaimable:      72216 kB
SUnreclaim:       149964 kB
KernelStack:       49232 kB
PageTables:        69008 kB
NFS_Unstable:          0 kB
Bounce:                0 kB
WritebackTmp:          0 kB
CommitLimit:     9202288 kB
Committed_AS:   76725816 kB
VmallocTotal:   263061440 kB
VmallocUsed:      106280 kB
VmallocChunk:          0 kB
Percpu:             7584 kB
CmaTotal:         294912 kB
CmaFree:               0 kB
MemTotal:       12113132 kB
MemFree:         6437092 kB
MemAvailable:    7847600 kB
Buffers:            4764 kB
Cached:          1645328 kB
SwapCached:            0 kB
Active:          1571756 kB
Inactive:        1467956 kB
Active(anon):    1396060 kB
Inactive(anon):    23364 kB
Active(file):     175696 kB
Inactive(file):  1444592 kB
Unevictable:        5444 kB
Mlocked:            5444 kB
SwapTotal:       3145724 kB
SwapFree:        3145724 kB
Dirty:               472 kB
Writeback:             0 kB
AnonPages:       1395084 kB
Mapped:           866404 kB
Shmem:             25408 kB
KReclaimable:     658924 kB
Slab:             222172 kB
SReclaimable:      72216 kB
SUnreclaim:       149956 kB
KernelStack:       49212 kB
PageTables:        69080 kB
NFS_Unstable:          0 kB
Bounce:                0 kB
WritebackTmp:          0 kB
CommitLimit:     9202288 kB
Committed_AS:   76720264 kB
VmallocTotal:   263061440 kB
VmallocUsed:      106232 kB
VmallocChunk:          0 kB
Percpu:             7584 kB
CmaTotal:         294912 kB
CmaFree:               0 kB
MemTotal:       12113132 kB
MemFree:         6435528 kB
MemAvailable:    7846044 kB
Buffers:            4764 kB
Cached:          1645336 kB
SwapCached:            0 kB
Active:          1572564 kB
Inactive:        1467964 kB
Active(anon):    1396868 kB
Inactive(anon):    23364 kB
Active(file):     175696 kB
Inactive(file):  1444600 kB
Unevictable:        5444 kB
Mlocked:            5444 kB
SwapTotal:       3145724 kB
SwapFree:        3145724 kB
Dirty:               220 kB
Writeback:             0 kB
AnonPages:       1395372 kB
Mapped:           866384 kB
Shmem:             25408 kB
KReclaimable:     658924 kB
Slab:             222172 kB
SReclaimable:      72216 kB
SUnreclaim:       149956 kB
KernelStack:       49232 kB
PageTables:        69020 kB
NFS_Unstable:          0 kB
Bounce:                0 kB
WritebackTmp:          0 kB
CommitLimit:     9202288 kB
Committed_AS:   76714344 kB
VmallocTotal:   263061440 kB
VmallocUsed:      106232 kB
VmallocChunk:          0 kB
Percpu:             7584 kB
CmaTotal:         294912 kB
CmaFree:               0 kB
MemTotal:       12113132 kB
MemFree:         6434588 kB
MemAvailable:    7845120 kB
Buffers:            4764 kB
Cached:          1645352 kB
SwapCached:            0 kB
Active:          1573140 kB
Inactive:        1467980 kB
Active(anon):    1397444 kB
Inactive(anon):    23364 kB
Active(file):     175696 kB
Inactive(file):  1444616 kB
Unevictable:        5444 kB
Mlocked:            5444 kB
SwapTotal:       3145724 kB
SwapFree:        3145724 kB
Dirty:               272 kB
Writeback:             0 kB
AnonPages:       1396396 kB
Mapped:           866384 kB
Shmem:             25408 kB
KReclaimable:     658924 kB
Slab:             222212 kB
SReclaimable:      72216 kB
SUnreclaim:       149996 kB
KernelStack:       49212 kB
PageTables:        69044 kB
NFS_Unstable:          0 kB
Bounce:                0 kB
WritebackTmp:          0 kB
CommitLimit:     9202288 kB
Committed_AS:   76714284 kB
VmallocTotal:   263061440 kB
VmallocUsed:      106216 kB
VmallocChunk:          0 kB
Percpu:             7584 kB
CmaTotal:         294912 kB
CmaFree:               0 kB
MemTotal:       12113132 kB
MemFree:         6433900 kB
MemAvailable:    7844472 kB
Buffers:            4764 kB
Cached:          1645360 kB
SwapCached:            0 kB
Active:          1573992 kB
Inactive:        1467988 kB
Active(anon):    1398296 kB
Inactive(anon):    23364 kB
Active(file):     175696 kB
Inactive(file):  1444624 kB
Unevictable:        5444 kB
Mlocked:            5444 kB
SwapTotal:       3145724 kB
SwapFree:        3145724 kB
Dirty:               360 kB
Writeback:             0 kB
AnonPages:       1397108 kB
Mapped:           866448 kB
Shmem:             25408 kB
KReclaimable:     658956 kB
Slab:             222192 kB
SReclaimable:      72248 kB
SUnreclaim:       149944 kB
KernelStack:       49200 kB
PageTables:        69004 kB
NFS_Unstable:          0 kB
Bounce:                0 kB
WritebackTmp:          0 kB
CommitLimit:     9202288 kB
Committed_AS:   76703900 kB
VmallocTotal:   263061440 kB
VmallocUsed:      106248 kB
VmallocChunk:          0 kB
Percpu:             7584 kB
CmaTotal:         294912 kB
CmaFree:               0 kB
MemTotal:       12113132 kB
MemFree:         6433352 kB
MemAvailable:    7843960 kB
Buffers:            4764 kB
Cached:          1645400 kB
SwapCached:            0 kB
Active:          1574712 kB
Inactive:        1468024 kB
Active(anon):    1399012 kB
Inactive(anon):    23368 kB
Active(file):     175700 kB
Inactive(file):  1444656 kB
Unevictable:        5444 kB
Mlocked:            5444 kB
SwapTotal:       3145724 kB
SwapFree:        3145724 kB
Dirty:               404 kB
Writeback:             0 kB
AnonPages:       1398280 kB
Mapped:           866316 kB
Shmem:             25412 kB
KReclaimable:     658956 kB
Slab:             222188 kB
SReclaimable:      72248 kB
SUnreclaim:       149940 kB
KernelStack:       49168 kB
PageTables:        68908 kB
NFS_Unstable:          0 kB
Bounce:                0 kB
WritebackTmp:          0 kB
CommitLimit:     9202288 kB
Committed_AS:   76706952 kB
VmallocTotal:   263061440 kB
VmallocUsed:      106248 kB
VmallocChunk:          0 kB
Percpu:             7584 kB
CmaTotal:         294912 kB
CmaFree:               0 kB
MemTotal:       12113132 kB
MemFree:         6433560 kB
MemAvailable:    7844176 kB
Buffers:            4764 kB
Cached:          1645408 kB
SwapCached:            0 kB
Active:          1575276 kB
Inactive:        1468036 kB
Active(anon):    1399580 kB
Inactive(anon):    23368 kB
Active(file):     175696 kB
Inactive(file):  1444668 kB
Unevictable:        5444 kB
Mlocked:            5444 kB
SwapTotal:       3145724 kB
SwapFree:        3145724 kB
Dirty:               428 kB
Writeback:             0 kB
AnonPages:       1398464 kB
Mapped:           866508 kB
Shmem:             25412 kB
KReclaimable:     658956 kB
Slab:             222188 kB
SReclaimable:      72248 kB
SUnreclaim:       149940 kB
KernelStack:       49072 kB
PageTables:        68952 kB
NFS_Unstable:          0 kB
Bounce:                0 kB
WritebackTmp:          0 kB
CommitLimit:     9202288 kB
Committed_AS:   76714416 kB
VmallocTotal:   263061440 kB
VmallocUsed:      106152 kB
VmallocChunk:          0 kB
Percpu:             7584 kB
CmaTotal:         294912 kB
CmaFree:               0 kB
MemTotal:       12113132 kB
MemFree:         6432396 kB
MemAvailable:    7843040 kB
Buffers:            4764 kB
Cached:          1645436 kB
SwapCached:            0 kB
Active:          1575704 kB
Inactive:        1468064 kB
Active(anon):    1400008 kB
Inactive(anon):    23368 kB
Active(file):     175696 kB
Inactive(file):  1444696 kB
Unevictable:        5444 kB
Mlocked:            5444 kB
SwapTotal:       3145724 kB
SwapFree:        3145724 kB
Dirty:               440 kB
Writeback:             0 kB
AnonPages:       1398976 kB
Mapped:           866648 kB
Shmem:             25412 kB
KReclaimable:     658956 kB
Slab:             222164 kB
SReclaimable:      72248 kB
SUnreclaim:       149916 kB
KernelStack:       48976 kB
PageTables:        68968 kB
NFS_Unstable:          0 kB
Bounce:                0 kB
WritebackTmp:          0 kB
CommitLimit:     9202288 kB
Committed_AS:   76714872 kB
VmallocTotal:   263061440 kB
VmallocUsed:      106056 kB
VmallocChunk:          0 kB
Percpu:             7584 kB
CmaTotal:         294912 kB
CmaFree:               0 kB
MemTotal:       12113132 kB
MemFree:         6431916 kB
MemAvailable:    7842548 kB
Buffers:            4764 kB
Cached:          1645424 kB
SwapCached:            0 kB
Active:          1576120 kB
Inactive:        1468052 kB
Active(anon):    1400424 kB
Inactive(anon):    23368 kB
Active(file):     175696 kB
Inactive(file):  1444684 kB
Unevictable:        5444 kB
Mlocked:            5444 kB
SwapTotal:       3145724 kB
SwapFree:        3145724 kB
Dirty:               284 kB
Writeback:             0 kB
AnonPages:       1399184 kB
Mapped:           866480 kB
Shmem:             25412 kB
KReclaimable:     658956 kB
Slab:             222188 kB
SReclaimable:      72248 kB
SUnreclaim:       149940 kB
KernelStack:       48976 kB
PageTables:        68952 kB
NFS_Unstable:          0 kB
Bounce:                0 kB
WritebackTmp:          0 kB
CommitLimit:     9202288 kB
Committed_AS:   76712848 kB
VmallocTotal:   263061440 kB
VmallocUsed:      106024 kB
VmallocChunk:          0 kB
Percpu:             7584 kB
CmaTotal:         294912 kB
CmaFree:               0 kB
MemTotal:       12113132 kB
MemFree:         6432908 kB
MemAvailable:    7843556 kB
Buffers:            4764 kB
Cached:          1645696 kB
SwapCached:            0 kB
Active:          1577732 kB
Inactive:        1468324 kB
Active(anon):    1402036 kB
Inactive(anon):    23624 kB
Active(file):     175696 kB
Inactive(file):  1444700 kB
Unevictable:        5444 kB
Mlocked:            5444 kB
SwapTotal:       3145724 kB
SwapFree:        3145724 kB
Dirty:               312 kB
Writeback:             0 kB
AnonPages:       1400932 kB
Mapped:           866640 kB
Shmem:             25668 kB
KReclaimable:     658956 kB
Slab:             222188 kB
SReclaimable:      72248 kB
SUnreclaim:       149940 kB
KernelStack:       48896 kB
PageTables:        68912 kB
NFS_Unstable:          0 kB
Bounce:                0 kB
WritebackTmp:          0 kB
CommitLimit:     9202288 kB
Committed_AS:   76714080 kB
VmallocTotal:   263061440 kB
VmallocUsed:      106024 kB
VmallocChunk:          0 kB
Percpu:             7584 kB
CmaTotal:         294912 kB
CmaFree:               0 kB
MemTotal:       12113132 kB
MemFree:         6483980 kB
MemAvailable:    7894640 kB
Buffers:            4768 kB
Cached:          1645456 kB
SwapCached:            0 kB
Active:          1523740 kB
Inactive:        1468088 kB
Active(anon):    1348044 kB
Inactive(anon):    23376 kB
Active(file):     175696 kB
Inactive(file):  1444712 kB
Unevictable:        5444 kB
Mlocked:            5444 kB
SwapTotal:       3145724 kB
SwapFree:        3145724 kB
Dirty:               336 kB
Writeback:             0 kB
AnonPages:       1347276 kB
Mapped:           866604 kB
Shmem:             25420 kB
KReclaimable:     658956 kB
Slab:             222180 kB
SReclaimable:      72248 kB
SUnreclaim:       149932 kB
KernelStack:       48928 kB
PageTables:        68972 kB
NFS_Unstable:          0 kB
Bounce:                0 kB
WritebackTmp:          0 kB
CommitLimit:     9202288 kB
Committed_AS:   76713588 kB
VmallocTotal:   263061440 kB
VmallocUsed:      105944 kB
VmallocChunk:          0 kB
Percpu:             7584 kB
CmaTotal:         294912 kB
CmaFree:               0 kB
MemTotal:       12113132 kB
MemFree:         6481364 kB
MemAvailable:    7892060 kB
Buffers:            4768 kB
Cached:          1645496 kB
SwapCached:            0 kB
Active:          1528012 kB
Inactive:        1468124 kB
Active(anon):    1352312 kB
Inactive(anon):    23380 kB
Active(file):     175700 kB
Inactive(file):  1444744 kB
Unevictable:        5444 kB
Mlocked:            5444 kB
SwapTotal:       3145724 kB
SwapFree:        3145724 kB
Dirty:               396 kB
Writeback:             0 kB
AnonPages:       1351468 kB
Mapped:           866568 kB
Shmem:             25424 kB
KReclaimable:     658956 kB
Slab:             222180 kB
SReclaimable:      72248 kB
SUnreclaim:       149932 kB
KernelStack:       48864 kB
PageTables:        68924 kB
NFS_Unstable:          0 kB
Bounce:                0 kB
WritebackTmp:          0 kB
CommitLimit:     9202288 kB
Committed_AS:   76713628 kB
VmallocTotal:   263061440 kB
VmallocUsed:      105848 kB
VmallocChunk:          0 kB
Percpu:             7584 kB
CmaTotal:         294912 kB
CmaFree:               0 kB
MemTotal:       12113132 kB
MemFree:         6480860 kB
MemAvailable:    7901156 kB
Buffers:            4768 kB
Cached:          1645232 kB
SwapCached:            0 kB
Active:          1526400 kB
Inactive:        1467860 kB
Active(anon):    1350700 kB
Inactive(anon):    23104 kB
Active(file):     175700 kB
Inactive(file):  1444756 kB
Unevictable:        5444 kB
Mlocked:            5444 kB
SwapTotal:       3145724 kB
SwapFree:        3145724 kB
Dirty:               436 kB
Writeback:             0 kB
AnonPages:       1350212 kB
Mapped:           866324 kB
Shmem:             25148 kB
KReclaimable:     668544 kB
Slab:             222180 kB
SReclaimable:      72252 kB
SUnreclaim:       149928 kB
KernelStack:       48832 kB
PageTables:        68856 kB
NFS_Unstable:          0 kB
Bounce:                0 kB
WritebackTmp:          0 kB
CommitLimit:     9202288 kB
Committed_AS:   76712496 kB
VmallocTotal:   263061440 kB
VmallocUsed:      105816 kB
VmallocChunk:          0 kB
Percpu:             7584 kB
CmaTotal:         294912 kB
CmaFree:             220 kB
MemTotal:       12113132 kB
MemFree:         6479356 kB
MemAvailable:    7899744 kB
Buffers:            4768 kB
Cached:          1645332 kB
SwapCached:            0 kB
Active:          1527472 kB
Inactive:        1467940 kB
Active(anon):    1351632 kB
Inactive(anon):    23316 kB
Active(file):     175840 kB
Inactive(file):  1444624 kB
Unevictable:        5444 kB
Mlocked:            5444 kB
SwapTotal:       3145724 kB
SwapFree:        3145724 kB
Dirty:               280 kB
Writeback:             0 kB
AnonPages:       1350772 kB
Mapped:           866640 kB
Shmem:             25240 kB
KReclaimable:     668628 kB
Slab:             222196 kB
SReclaimable:      72252 kB
SUnreclaim:       149944 kB
KernelStack:       48800 kB
PageTables:        68900 kB
NFS_Unstable:          0 kB
Bounce:                0 kB
WritebackTmp:          0 kB
CommitLimit:     9202288 kB
Committed_AS:   76713552 kB
VmallocTotal:   263061440 kB
VmallocUsed:      105864 kB
VmallocChunk:          0 kB
Percpu:             7584 kB
CmaTotal:         294912 kB
CmaFree:               0 kB
MemTotal:       12113132 kB
MemFree:         6477444 kB
MemAvailable:    7897820 kB
Buffers:            4768 kB
Cached:          1645320 kB
SwapCached:            0 kB
Active:          1530412 kB
Inactive:        1467932 kB
Active(anon):    1354576 kB
Inactive(anon):    23316 kB
Active(file):     175836 kB
Inactive(file):  1444616 kB
Unevictable:        5444 kB
Mlocked:            5444 kB
SwapTotal:       3145724 kB
SwapFree:        3145724 kB
Dirty:               328 kB
Writeback:             0 kB
AnonPages:       1353208 kB
Mapped:           866364 kB
Shmem:             25240 kB
KReclaimable:     668628 kB
Slab:             222196 kB
SReclaimable:      72252 kB
SUnreclaim:       149944 kB
KernelStack:       48784 kB
PageTables:        68940 kB
NFS_Unstable:          0 kB
Bounce:                0 kB
WritebackTmp:          0 kB
CommitLimit:     9202288 kB
Committed_AS:   76713464 kB
VmallocTotal:   263061440 kB
VmallocUsed:      105816 kB
VmallocChunk:          0 kB
Percpu:             7584 kB
CmaTotal:         294912 kB
CmaFree:               0 kB
MemTotal:       12113132 kB
MemFree:         6479908 kB
MemAvailable:    7900320 kB
Buffers:            4768 kB
Cached:          1645620 kB
SwapCached:            0 kB
Active:          1528176 kB
Inactive:        1468232 kB
Active(anon):    1352336 kB
Inactive(anon):    23584 kB
Active(file):     175840 kB
Inactive(file):  1444648 kB
Unevictable:        5444 kB
Mlocked:            5444 kB
SwapTotal:       3145724 kB
SwapFree:        3145724 kB
Dirty:               348 kB
Writeback:             0 kB
AnonPages:       1351180 kB
Mapped:           866648 kB
Shmem:             25504 kB
KReclaimable:     668628 kB
Slab:             222180 kB
SReclaimable:      72252 kB
SUnreclaim:       149928 kB
KernelStack:       48688 kB
PageTables:        68880 kB
NFS_Unstable:          0 kB
Bounce:                0 kB
WritebackTmp:          0 kB
CommitLimit:     9202288 kB
Committed_AS:   76712348 kB
VmallocTotal:   263061440 kB
VmallocUsed:      105736 kB
VmallocChunk:          0 kB
Percpu:             7584 kB
CmaTotal:         294912 kB
CmaFree:             488 kB
MemTotal:       12113132 kB
MemFree:         6478624 kB
MemAvailable:    7899040 kB
Buffers:            4768 kB
Cached:          1645408 kB
SwapCached:            0 kB
Active:          1529004 kB
Inactive:        1468008 kB
Active(anon):    1353160 kB
Inactive(anon):    23344 kB
Active(file):     175844 kB
Inactive(file):  1444664 kB
Unevictable:        5444 kB
Mlocked:            5444 kB
SwapTotal:       3145724 kB
SwapFree:        3145724 kB
Dirty:               368 kB
Writeback:             0 kB
AnonPages:       1352040 kB
Mapped:           866424 kB
Shmem:             25268 kB
KReclaimable:     668612 kB
Slab:             222172 kB
SReclaimable:      72236 kB
SUnreclaim:       149936 kB
KernelStack:       48592 kB
PageTables:        68828 kB
NFS_Unstable:          0 kB
Bounce:                0 kB
WritebackTmp:          0 kB
CommitLimit:     9202288 kB
Committed_AS:   76712452 kB
VmallocTotal:   263061440 kB
VmallocUsed:      105656 kB
VmallocChunk:          0 kB
Percpu:             7584 kB
CmaTotal:         294912 kB
CmaFree:              44 kB
MemTotal:       12113132 kB
MemFree:         6476964 kB
MemAvailable:    7897364 kB
Buffers:            4768 kB
Cached:          1645404 kB
SwapCached:            0 kB
Active:          1531472 kB
Inactive:        1468012 kB
Active(anon):    1355632 kB
Inactive(anon):    23344 kB
Active(file):     175840 kB
Inactive(file):  1444668 kB
Unevictable:        5444 kB
Mlocked:            5444 kB
SwapTotal:       3145724 kB
SwapFree:        3145724 kB
Dirty:               372 kB
Writeback:             0 kB
AnonPages:       1354700 kB
Mapped:           866596 kB
Shmem:             25268 kB
KReclaimable:     668596 kB
Slab:             222148 kB
SReclaimable:      72220 kB
SUnreclaim:       149928 kB
KernelStack:       48560 kB
PageTables:        68780 kB
NFS_Unstable:          0 kB
Bounce:                0 kB
WritebackTmp:          0 kB
CommitLimit:     9202288 kB
Committed_AS:   76712828 kB
VmallocTotal:   263061440 kB
VmallocUsed:      105624 kB
VmallocChunk:          0 kB
Percpu:             7584 kB
CmaTotal:         294912 kB
CmaFree:               0 kB
MemTotal:       12113132 kB
MemFree:         6470064 kB
MemAvailable:    7890476 kB
Buffers:            4768 kB
Cached:          1645180 kB
SwapCached:            0 kB
Active:          1539060 kB
Inactive:        1467780 kB
Active(anon):    1363220 kB
Inactive(anon):    23100 kB
Active(file):     175840 kB
Inactive(file):  1444680 kB
Unevictable:        5444 kB
Mlocked:            5444 kB
SwapTotal:       3145724 kB
SwapFree:        3145724 kB
Dirty:               252 kB
Writeback:             0 kB
AnonPages:       1362076 kB
Mapped:           866276 kB
Shmem:             25032 kB
KReclaimable:     668596 kB
Slab:             222124 kB
SReclaimable:      72220 kB
SUnreclaim:       149904 kB
KernelStack:       48576 kB
PageTables:        68852 kB
NFS_Unstable:          0 kB
Bounce:                0 kB
WritebackTmp:          0 kB
CommitLimit:     9202288 kB
Committed_AS:   76712864 kB
VmallocTotal:   263061440 kB
VmallocUsed:      105640 kB
VmallocChunk:          0 kB
Percpu:             7584 kB
CmaTotal:         294912 kB
CmaFree:               8 kB
MemTotal:       12113132 kB
MemFree:         6467372 kB
MemAvailable:    7887796 kB
Buffers:            4768 kB
Cached:          1645436 kB
SwapCached:            0 kB
Active:          1539220 kB
Inactive:        1468044 kB
Active(anon):    1363380 kB
Inactive(anon):    23352 kB
Active(file):     175840 kB
Inactive(file):  1444692 kB
Unevictable:        5444 kB
Mlocked:            5444 kB
SwapTotal:       3145724 kB
SwapFree:        3145724 kB
Dirty:               268 kB
Writeback:             0 kB
AnonPages:       1362688 kB
Mapped:           866604 kB
Shmem:             25276 kB
KReclaimable:     668596 kB
Slab:             222148 kB
SReclaimable:      72220 kB
SUnreclaim:       149928 kB
KernelStack:       48544 kB
PageTables:        68784 kB
NFS_Unstable:          0 kB
Bounce:                0 kB
WritebackTmp:          0 kB
CommitLimit:     9202288 kB
Committed_AS:   76712404 kB
VmallocTotal:   263061440 kB
VmallocUsed:      105608 kB
VmallocChunk:          0 kB
Percpu:             7584 kB
CmaTotal:         294912 kB
CmaFree:               0 kB
MemTotal:       12113132 kB
MemFree:         6466384 kB
MemAvailable:    7886816 kB
Buffers:            4768 kB
Cached:          1645448 kB
SwapCached:            0 kB
Active:          1542320 kB
Inactive:        1468056 kB
Active(anon):    1366480 kB
Inactive(anon):    23356 kB
Active(file):     175840 kB
Inactive(file):  1444700 kB
Unevictable:        5444 kB
Mlocked:            5444 kB
SwapTotal:       3145724 kB
SwapFree:        3145724 kB
Dirty:               316 kB
Writeback:             0 kB
AnonPages:       1365744 kB
Mapped:           866612 kB
Shmem:             25280 kB
KReclaimable:     668596 kB
Slab:             222164 kB
SReclaimable:      72220 kB
SUnreclaim:       149944 kB
KernelStack:       48596 kB
PageTables:        68788 kB
NFS_Unstable:          0 kB
Bounce:                0 kB
WritebackTmp:          0 kB
CommitLimit:     9202288 kB
Committed_AS:   76712404 kB
VmallocTotal:   263061440 kB
VmallocUsed:      105592 kB
VmallocChunk:          0 kB
Percpu:             7584 kB
CmaTotal:         294912 kB
CmaFree:               8 kB
MemTotal:       12113132 kB
MemFree:         6460000 kB
MemAvailable:    7880460 kB
Buffers:            4768 kB
Cached:          1645484 kB
SwapCached:            0 kB
Active:          1549036 kB
Inactive:        1468304 kB
Active(anon):    1373192 kB
Inactive(anon):    23580 kB
Active(file):     175844 kB
Inactive(file):  1444724 kB
Unevictable:        5444 kB
Mlocked:            5444 kB
SwapTotal:       3145724 kB
SwapFree:        3145724 kB
Dirty:               360 kB
Writeback:             0 kB
AnonPages:       1372684 kB
Mapped:           866644 kB
Shmem:             25288 kB
KReclaimable:     668596 kB
Slab:             222172 kB
SReclaimable:      72220 kB
SUnreclaim:       149952 kB
KernelStack:       48560 kB
PageTables:        68832 kB
NFS_Unstable:          0 kB
Bounce:                0 kB
WritebackTmp:          0 kB
CommitLimit:     9202288 kB
Committed_AS:   76711916 kB
VmallocTotal:   263061440 kB
VmallocUsed:      105576 kB
VmallocChunk:          0 kB
Percpu:             7584 kB
CmaTotal:         294912 kB
CmaFree:             364 kB
MemTotal:       12113132 kB
MemFree:         6458132 kB
MemAvailable:    7878604 kB
Buffers:            4768 kB
Cached:          1645496 kB
SwapCached:            0 kB
Active:          1550312 kB
Inactive:        1468100 kB
Active(anon):    1374468 kB
Inactive(anon):    23364 kB
Active(file):     175844 kB
Inactive(file):  1444736 kB
Unevictable:        5444 kB
Mlocked:            5444 kB
SwapTotal:       3145724 kB
SwapFree:        3145724 kB
Dirty:               372 kB
Writeback:             0 kB
AnonPages:       1373800 kB
Mapped:           866616 kB
Shmem:             25288 kB
KReclaimable:     668596 kB
Slab:             222196 kB
SReclaimable:      72220 kB
SUnreclaim:       149976 kB
KernelStack:       48528 kB
PageTables:        68788 kB
NFS_Unstable:          0 kB
Bounce:                0 kB
WritebackTmp:          0 kB
CommitLimit:     9202288 kB
Committed_AS:   76710984 kB
VmallocTotal:   263061440 kB
VmallocUsed:      105624 kB
VmallocChunk:          0 kB
Percpu:             7584 kB
CmaTotal:         294912 kB
CmaFree:               0 kB
MemTotal:       12113132 kB
MemFree:         6459596 kB
MemAvailable:    7880076 kB
Buffers:            4768 kB
Cached:          1645524 kB
SwapCached:            0 kB
Active:          1548312 kB
Inactive:        1468128 kB
Active(anon):    1372468 kB
Inactive(anon):    23384 kB
Active(file):     175844 kB
Inactive(file):  1444744 kB
Unevictable:        5444 kB
Mlocked:            5444 kB
SwapTotal:       3145724 kB
SwapFree:        3145724 kB
Dirty:               380 kB
Writeback:             0 kB
AnonPages:       1371352 kB
Mapped:           866644 kB
Shmem:             25308 kB
KReclaimable:     668596 kB
Slab:             222164 kB
SReclaimable:      72220 kB
SUnreclaim:       149944 kB
KernelStack:       48560 kB
PageTables:        68796 kB
NFS_Unstable:          0 kB
Bounce:                0 kB
WritebackTmp:          0 kB
CommitLimit:     9202288 kB
Committed_AS:   76713116 kB
VmallocTotal:   263061440 kB
VmallocUsed:      105592 kB
VmallocChunk:          0 kB
Percpu:             7584 kB
CmaTotal:         294912 kB
CmaFree:              16 kB
MemTotal:       12113132 kB
MemFree:         6461440 kB
MemAvailable:    7881964 kB
Buffers:            4768 kB
Cached:          1645588 kB
SwapCached:            0 kB
Active:          1547696 kB
Inactive:        1468184 kB
Active(anon):    1371844 kB
Inactive(anon):    23404 kB
Active(file):     175852 kB
Inactive(file):  1444780 kB
Unevictable:        5444 kB
Mlocked:            5444 kB
SwapTotal:       3145724 kB
SwapFree:        3145724 kB
Dirty:               416 kB
Writeback:             0 kB
AnonPages:       1371060 kB
Mapped:           866604 kB
Shmem:             25328 kB
KReclaimable:     668596 kB
Slab:             222164 kB
SReclaimable:      72220 kB
SUnreclaim:       149944 kB
KernelStack:       48592 kB
PageTables:        68884 kB
NFS_Unstable:          0 kB
Bounce:                0 kB
WritebackTmp:          0 kB
CommitLimit:     9202288 kB
Committed_AS:   76712876 kB
VmallocTotal:   263061440 kB
VmallocUsed:      105560 kB
VmallocChunk:          0 kB
Percpu:             7584 kB
CmaTotal:         294912 kB
CmaFree:             232 kB
MemTotal:       12113132 kB
MemFree:         6460000 kB
MemAvailable:    7880508 kB
Buffers:            4772 kB
Cached:          1645572 kB
SwapCached:            0 kB
Active:          1547892 kB
Inactive:        1468180 kB
Active(anon):    1372048 kB
Inactive(anon):    23408 kB
Active(file):     175844 kB
Inactive(file):  1444772 kB
Unevictable:        5444 kB
Mlocked:            5444 kB
SwapTotal:       3145724 kB
SwapFree:        3145724 kB
Dirty:               420 kB
Writeback:             0 kB
AnonPages:       1371144 kB
Mapped:           866660 kB
Shmem:             25332 kB
KReclaimable:     668596 kB
Slab:             222100 kB
SReclaimable:      72220 kB
SUnreclaim:       149880 kB
KernelStack:       48544 kB
PageTables:        68840 kB
NFS_Unstable:          0 kB
Bounce:                0 kB
WritebackTmp:          0 kB
CommitLimit:     9202288 kB
Committed_AS:   76710200 kB
VmallocTotal:   263061440 kB
VmallocUsed:      105560 kB
VmallocChunk:          0 kB
Percpu:             7584 kB
CmaTotal:         294912 kB
CmaFree:               0 kB
MemTotal:       12113132 kB
MemFree:         6458484 kB
MemAvailable:    7879028 kB
Buffers:            4772 kB
Cached:          1645612 kB
SwapCached:            0 kB
Active:          1548768 kB
Inactive:        1468216 kB
Active(anon):    1372920 kB
Inactive(anon):    23412 kB
Active(file):     175848 kB
Inactive(file):  1444804 kB
Unevictable:        5444 kB
Mlocked:            5444 kB
SwapTotal:       3145724 kB
SwapFree:        3145724 kB
Dirty:               424 kB
Writeback:             0 kB
AnonPages:       1372084 kB
Mapped:           866584 kB
Shmem:             25336 kB
KReclaimable:     668596 kB
Slab:             222180 kB
SReclaimable:      72220 kB
SUnreclaim:       149960 kB
KernelStack:       48528 kB
PageTables:        68836 kB
NFS_Unstable:          0 kB
Bounce:                0 kB
WritebackTmp:          0 kB
CommitLimit:     9202288 kB
Committed_AS:   76702744 kB
VmallocTotal:   263061440 kB
VmallocUsed:      105528 kB
VmallocChunk:          0 kB
Percpu:             7584 kB
CmaTotal:         294912 kB
CmaFree:               0 kB
MemTotal:       12113132 kB
MemFree:         6450344 kB
MemAvailable:    7870896 kB
Buffers:            4772 kB
Cached:          1645428 kB
SwapCached:            0 kB
Active:          1558352 kB
Inactive:        1468036 kB
Active(anon):    1382508 kB
Inactive(anon):    23220 kB
Active(file):     175844 kB
Inactive(file):  1444816 kB
Unevictable:        5444 kB
Mlocked:            5444 kB
SwapTotal:       3145724 kB
SwapFree:        3145724 kB
Dirty:               448 kB
Writeback:             0 kB
AnonPages:       1381844 kB
Mapped:           866284 kB
Shmem:             25144 kB
KReclaimable:     668596 kB
Slab:             222148 kB
SReclaimable:      72220 kB
SUnreclaim:       149928 kB
KernelStack:       48496 kB
PageTables:        68892 kB
NFS_Unstable:          0 kB
Bounce:                0 kB
WritebackTmp:          0 kB
CommitLimit:     9202288 kB
Committed_AS:   76707132 kB
VmallocTotal:   263061440 kB
VmallocUsed:      105544 kB
VmallocChunk:          0 kB
Percpu:             7584 kB
CmaTotal:         294912 kB
CmaFree:               0 kB
MemTotal:       12113132 kB
MemFree:         6449336 kB
MemAvailable:    7869900 kB
Buffers:            4772 kB
Cached:          1645632 kB
SwapCached:            0 kB
Active:          1559028 kB
Inactive:        1468236 kB
Active(anon):    1383180 kB
Inactive(anon):    23412 kB
Active(file):     175848 kB
Inactive(file):  1444824 kB
Unevictable:        5444 kB
Mlocked:            5444 kB
SwapTotal:       3145724 kB
SwapFree:        3145724 kB
Dirty:               460 kB
Writeback:             0 kB
AnonPages:       1382184 kB
Mapped:           866664 kB
Shmem:             25336 kB
KReclaimable:     668596 kB
Slab:             222172 kB
SReclaimable:      72220 kB
SUnreclaim:       149952 kB
KernelStack:       48480 kB
PageTables:        68800 kB
NFS_Unstable:          0 kB
Bounce:                0 kB
WritebackTmp:          0 kB
CommitLimit:     9202288 kB
Committed_AS:   76701576 kB
VmallocTotal:   263061440 kB
VmallocUsed:      105512 kB
VmallocChunk:          0 kB
Percpu:             7584 kB
CmaTotal:         294912 kB
CmaFree:               0 kB
MemTotal:       12113132 kB
MemFree:         6446976 kB
MemAvailable:    7867552 kB
Buffers:            4772 kB
Cached:          1645644 kB
SwapCached:            0 kB
Active:          1562228 kB
Inactive:        1468248 kB
Active(anon):    1386380 kB
Inactive(anon):    23412 kB
Active(file):     175848 kB
Inactive(file):  1444836 kB
Unevictable:        5444 kB
Mlocked:            5444 kB
SwapTotal:       3145724 kB
SwapFree:        3145724 kB
Dirty:               484 kB
Writeback:             0 kB
AnonPages:       1385224 kB
Mapped:           866664 kB
Shmem:             25336 kB
KReclaimable:     668596 kB
Slab:             222148 kB
SReclaimable:      72220 kB
SUnreclaim:       149928 kB
KernelStack:       48432 kB
PageTables:        68804 kB
NFS_Unstable:          0 kB
Bounce:                0 kB
WritebackTmp:          0 kB
CommitLimit:     9202288 kB
Committed_AS:   76712552 kB
VmallocTotal:   263061440 kB
VmallocUsed:      105544 kB
VmallocChunk:          0 kB
Percpu:             7584 kB
CmaTotal:         294912 kB
CmaFree:               0 kB
MemTotal:       12113132 kB
MemFree:         6445496 kB
MemAvailable:    7866084 kB
Buffers:            4772 kB
Cached:          1645752 kB
SwapCached:            0 kB
Active:          1561296 kB
Inactive:        1468476 kB
Active(anon):    1385448 kB
Inactive(anon):    23628 kB
Active(file):     175848 kB
Inactive(file):  1444848 kB
Unevictable:        5444 kB
Mlocked:            5444 kB
SwapTotal:       3145724 kB
SwapFree:        3145724 kB
Dirty:               500 kB
Writeback:             0 kB
AnonPages:       1384108 kB
Mapped:           866640 kB
Shmem:             25432 kB
KReclaimable:     668596 kB
Slab:             222164 kB
SReclaimable:      72220 kB
SUnreclaim:       149944 kB
KernelStack:       48432 kB
PageTables:        68780 kB
NFS_Unstable:          0 kB
Bounce:                0 kB
WritebackTmp:          0 kB
CommitLimit:     9202288 kB
Committed_AS:   76706056 kB
VmallocTotal:   263061440 kB
VmallocUsed:      105528 kB
VmallocChunk:          0 kB
Percpu:             7584 kB
CmaTotal:         294912 kB
CmaFree:             128 kB
MemTotal:       12113132 kB
MemFree:         6446372 kB
MemAvailable:    7866976 kB
Buffers:            4772 kB
Cached:          1645680 kB
SwapCached:            0 kB
Active:          1562232 kB
Inactive:        1468284 kB
Active(anon):    1386384 kB
Inactive(anon):    23420 kB
Active(file):     175848 kB
Inactive(file):  1444864 kB
Unevictable:        5444 kB
Mlocked:            5444 kB
SwapTotal:       3145724 kB
SwapFree:        3145724 kB
Dirty:               516 kB
Writeback:             0 kB
AnonPages:       1385488 kB
Mapped:           866672 kB
Shmem:             25344 kB
KReclaimable:     668596 kB
Slab:             222164 kB
SReclaimable:      72220 kB
SUnreclaim:       149944 kB
KernelStack:       48432 kB
PageTables:        68812 kB
NFS_Unstable:          0 kB
Bounce:                0 kB
WritebackTmp:          0 kB
CommitLimit:     9202288 kB
Committed_AS:   76708312 kB
VmallocTotal:   263061440 kB
VmallocUsed:      105528 kB
VmallocChunk:          0 kB
Percpu:             7584 kB
CmaTotal:         294912 kB
CmaFree:               0 kB
MemTotal:       12113132 kB
MemFree:         6444924 kB
MemAvailable:    7865540 kB
Buffers:            4772 kB
Cached:          1645692 kB
SwapCached:            0 kB
Active:          1562764 kB
Inactive:        1468296 kB
Active(anon):    1386916 kB
Inactive(anon):    23420 kB
Active(file):     175848 kB
Inactive(file):  1444876 kB
Unevictable:        5444 kB
Mlocked:            5444 kB
SwapTotal:       3145724 kB
SwapFree:        3145724 kB
Dirty:               268 kB
Writeback:             0 kB
AnonPages:       1385928 kB
Mapped:           866672 kB
Shmem:             25344 kB
KReclaimable:     668596 kB
Slab:             222156 kB
SReclaimable:      72220 kB
SUnreclaim:       149936 kB
KernelStack:       48448 kB
PageTables:        68800 kB
NFS_Unstable:          0 kB
Bounce:                0 kB
WritebackTmp:          0 kB
CommitLimit:     9202288 kB
Committed_AS:   76703880 kB
VmallocTotal:   263061440 kB
VmallocUsed:      105512 kB
VmallocChunk:          0 kB
Percpu:             7584 kB
CmaTotal:         294912 kB
CmaFree:               0 kB
MemTotal:       12113132 kB
MemFree:         6437936 kB
MemAvailable:    7858564 kB
Buffers:            4772 kB
Cached:          1645704 kB
SwapCached:            0 kB
Active:          1572748 kB
Inactive:        1468304 kB
Active(anon):    1396896 kB
Inactive(anon):    23420 kB
Active(file):     175852 kB
Inactive(file):  1444884 kB
Unevictable:        5444 kB
Mlocked:            5444 kB
SwapTotal:       3145724 kB
SwapFree:        3145724 kB
Dirty:               296 kB
Writeback:             0 kB
AnonPages:       1396256 kB
Mapped:           866484 kB
Shmem:             25344 kB
KReclaimable:     668596 kB
Slab:             222144 kB
SReclaimable:      72220 kB
SUnreclaim:       149924 kB
KernelStack:       48432 kB
PageTables:        68852 kB
NFS_Unstable:          0 kB
Bounce:                0 kB
WritebackTmp:          0 kB
CommitLimit:     9202288 kB
Committed_AS:   76698420 kB
VmallocTotal:   263061440 kB
VmallocUsed:      105496 kB
VmallocChunk:          0 kB
Percpu:             7584 kB
CmaTotal:         294912 kB
CmaFree:               0 kB
MemTotal:       12113132 kB
MemFree:         6436096 kB
MemAvailable:    7856740 kB
Buffers:            4772 kB
Cached:          1645720 kB
SwapCached:            0 kB
Active:          1573248 kB
Inactive:        1468320 kB
Active(anon):    1397396 kB
Inactive(anon):    23420 kB
Active(file):     175852 kB
Inactive(file):  1444900 kB
Unevictable:        5444 kB
Mlocked:            5444 kB
SwapTotal:       3145724 kB
SwapFree:        3145724 kB
Dirty:               316 kB
Writeback:             0 kB
AnonPages:       1396600 kB
Mapped:           866656 kB
Shmem:             25344 kB
KReclaimable:     668596 kB
Slab:             222160 kB
SReclaimable:      72220 kB
SUnreclaim:       149940 kB
KernelStack:       48448 kB
PageTables:        68856 kB
NFS_Unstable:          0 kB
Bounce:                0 kB
WritebackTmp:          0 kB
CommitLimit:     9202288 kB
Committed_AS:   76702536 kB
VmallocTotal:   263061440 kB
VmallocUsed:      105496 kB
VmallocChunk:          0 kB
Percpu:             7584 kB
CmaTotal:         294912 kB
CmaFree:               0 kB
MemTotal:       12113132 kB
MemFree:         6434564 kB
MemAvailable:    7855216 kB
Buffers:            4772 kB
Cached:          1645728 kB
SwapCached:            0 kB
Active:          1573316 kB
Inactive:        1468328 kB
Active(anon):    1397464 kB
Inactive(anon):    23420 kB
Active(file):     175852 kB
Inactive(file):  1444908 kB
Unevictable:        5444 kB
Mlocked:            5444 kB
SwapTotal:       3145724 kB
SwapFree:        3145724 kB
Dirty:               320 kB
Writeback:             0 kB
AnonPages:       1396636 kB
Mapped:           866672 kB
Shmem:             25344 kB
KReclaimable:     668596 kB
Slab:             222144 kB
SReclaimable:      72220 kB
SUnreclaim:       149924 kB
KernelStack:       48320 kB
PageTables:        68792 kB
NFS_Unstable:          0 kB
Bounce:                0 kB
WritebackTmp:          0 kB
CommitLimit:     9202288 kB
Committed_AS:   76706984 kB
VmallocTotal:   263061440 kB
VmallocUsed:      105432 kB
VmallocChunk:          0 kB
Percpu:             7584 kB
CmaTotal:         294912 kB
CmaFree:               0 kB
MemTotal:       12113132 kB
MemFree:         6446240 kB
MemAvailable:    7866916 kB
Buffers:            4772 kB
Cached:          1645756 kB
SwapCached:            0 kB
Active:          1564684 kB
Inactive:        1468356 kB
Active(anon):    1388832 kB
Inactive(anon):    23424 kB
Active(file):     175852 kB
Inactive(file):  1444932 kB
Unevictable:        5444 kB
Mlocked:            5444 kB
SwapTotal:       3145724 kB
SwapFree:        3145724 kB
Dirty:               416 kB
Writeback:             0 kB
AnonPages:       1387804 kB
Mapped:           866568 kB
Shmem:             25348 kB
KReclaimable:     668596 kB
Slab:             222168 kB
SReclaimable:      72220 kB
SUnreclaim:       149948 kB
KernelStack:       48332 kB
PageTables:        68884 kB
NFS_Unstable:          0 kB
Bounce:                0 kB
WritebackTmp:          0 kB
CommitLimit:     9202288 kB
Committed_AS:   76711784 kB
VmallocTotal:   263061440 kB
VmallocUsed:      105352 kB
VmallocChunk:          0 kB
Percpu:             7584 kB
CmaTotal:         294912 kB
CmaFree:             236 kB
MemTotal:       12113132 kB
MemFree:         6455972 kB
MemAvailable:    7873172 kB
Buffers:            4772 kB
Cached:          1645900 kB
SwapCached:            0 kB
Active:          1554480 kB
Inactive:        1468476 kB
Active(anon):    1378628 kB
Inactive(anon):    23528 kB
Active(file):     175852 kB
Inactive(file):  1444948 kB
Unevictable:        5444 kB
Mlocked:            5444 kB
SwapTotal:       3145724 kB
SwapFree:        3145724 kB
Dirty:               468 kB
Writeback:             0 kB
AnonPages:       1377656 kB
Mapped:           866280 kB
Shmem:             25476 kB
KReclaimable:     665104 kB
Slab:             222128 kB
SReclaimable:      72220 kB
SUnreclaim:       149908 kB
KernelStack:       48400 kB
PageTables:        68884 kB
NFS_Unstable:          0 kB
Bounce:                0 kB
WritebackTmp:          0 kB
CommitLimit:     9202288 kB
Committed_AS:   76712032 kB
VmallocTotal:   263061440 kB
VmallocUsed:      105400 kB
VmallocChunk:          0 kB
Percpu:             7584 kB
CmaTotal:         294912 kB
CmaFree:               0 kB
MemTotal:       12113132 kB
MemFree:         6454080 kB
MemAvailable:    7871296 kB
Buffers:            4772 kB
Cached:          1645928 kB
SwapCached:            0 kB
Active:          1555548 kB
Inactive:        1468496 kB
Active(anon):    1379692 kB
Inactive(anon):    23536 kB
Active(file):     175856 kB
Inactive(file):  1444960 kB
Unevictable:        5444 kB
Mlocked:            5444 kB
SwapTotal:       3145724 kB
SwapFree:        3145724 kB
Dirty:               296 kB
Writeback:             0 kB
AnonPages:       1378696 kB
Mapped:           866572 kB
Shmem:             25488 kB
KReclaimable:     665104 kB
Slab:             222136 kB
SReclaimable:      72220 kB
SUnreclaim:       149916 kB
KernelStack:       48432 kB
PageTables:        68884 kB
NFS_Unstable:          0 kB
Bounce:                0 kB
WritebackTmp:          0 kB
CommitLimit:     9202288 kB
Committed_AS:   76712360 kB
VmallocTotal:   263061440 kB
VmallocUsed:      105464 kB
VmallocChunk:          0 kB
Percpu:             7584 kB
CmaTotal:         294912 kB
CmaFree:               0 kB
MemTotal:       12113132 kB
MemFree:         6451708 kB
MemAvailable:    7868940 kB
Buffers:            4772 kB
Cached:          1645768 kB
SwapCached:            0 kB
Active:          1555988 kB
Inactive:        1468336 kB
Active(anon):    1380132 kB
Inactive(anon):    23360 kB
Active(file):     175856 kB
Inactive(file):  1444976 kB
Unevictable:        5444 kB
Mlocked:            5444 kB
SwapTotal:       3145724 kB
SwapFree:        3145724 kB
Dirty:               360 kB
Writeback:             0 kB
AnonPages:       1379244 kB
Mapped:           866232 kB
Shmem:             25312 kB
KReclaimable:     665104 kB
Slab:             222160 kB
SReclaimable:      72220 kB
SUnreclaim:       149940 kB
KernelStack:       48448 kB
PageTables:        68988 kB
NFS_Unstable:          0 kB
Bounce:                0 kB
WritebackTmp:          0 kB
CommitLimit:     9202288 kB
Committed_AS:   76708588 kB
VmallocTotal:   263061440 kB
VmallocUsed:      105448 kB
VmallocChunk:          0 kB
Percpu:             7584 kB
CmaTotal:         294912 kB
CmaFree:               0 kB
MemTotal:       12113132 kB
MemFree:         6450132 kB
MemAvailable:    7867376 kB
Buffers:            4772 kB
Cached:          1645976 kB
SwapCached:            0 kB
Active:          1557312 kB
Inactive:        1468544 kB
Active(anon):    1381456 kB
Inactive(anon):    23556 kB
Active(file):     175856 kB
Inactive(file):  1444988 kB
Unevictable:        5444 kB
Mlocked:            5444 kB
SwapTotal:       3145724 kB
SwapFree:        3145724 kB
Dirty:               388 kB
Writeback:             0 kB
AnonPages:       1380724 kB
Mapped:           866636 kB
Shmem:             25508 kB
KReclaimable:     665104 kB
Slab:             222112 kB
SReclaimable:      72220 kB
SUnreclaim:       149892 kB
KernelStack:       48452 kB
PageTables:        68816 kB
NFS_Unstable:          0 kB
Bounce:                0 kB
WritebackTmp:          0 kB
CommitLimit:     9202288 kB
Committed_AS:   76712908 kB
VmallocTotal:   263061440 kB
VmallocUsed:      105480 kB
VmallocChunk:          0 kB
Percpu:             7584 kB
CmaTotal:         294912 kB
CmaFree:               4 kB
MemTotal:       12113132 kB
MemFree:         6450088 kB
MemAvailable:    7867356 kB
Buffers:            4776 kB
Cached:          1645996 kB
SwapCached:            0 kB
Active:          1559704 kB
Inactive:        1468564 kB
Active(anon):    1383844 kB
Inactive(anon):    23556 kB
Active(file):     175860 kB
Inactive(file):  1445008 kB
Unevictable:        5444 kB
Mlocked:            5444 kB
SwapTotal:       3145724 kB
SwapFree:        3145724 kB
Dirty:               480 kB
Writeback:             0 kB
AnonPages:       1382924 kB
Mapped:           866696 kB
Shmem:             25508 kB
KReclaimable:     665104 kB
Slab:             222120 kB
SReclaimable:      72220 kB
SUnreclaim:       149900 kB
KernelStack:       48400 kB
PageTables:        68964 kB
NFS_Unstable:          0 kB
Bounce:                0 kB
WritebackTmp:          0 kB
CommitLimit:     9202288 kB
Committed_AS:   76712772 kB
VmallocTotal:   263061440 kB
VmallocUsed:      105496 kB
VmallocChunk:          0 kB
Percpu:             7584 kB
CmaTotal:         294912 kB
CmaFree:               0 kB
MemTotal:       12113132 kB
MemFree:         6447408 kB
MemAvailable:    7864692 kB
Buffers:            4776 kB
Cached:          1646180 kB
SwapCached:            0 kB
Active:          1560632 kB
Inactive:        1468636 kB
Active(anon):    1384768 kB
Inactive(anon):    23616 kB
Active(file):     175864 kB
Inactive(file):  1445020 kB
Unevictable:        5444 kB
Mlocked:            5444 kB
SwapTotal:       3145724 kB
SwapFree:        3145724 kB
Dirty:               484 kB
Writeback:             0 kB
AnonPages:       1383500 kB
Mapped:           866776 kB
Shmem:             25676 kB
KReclaimable:     665104 kB
Slab:             222120 kB
SReclaimable:      72220 kB
SUnreclaim:       149900 kB
KernelStack:       48432 kB
PageTables:        68860 kB
NFS_Unstable:          0 kB
Bounce:                0 kB
WritebackTmp:          0 kB
CommitLimit:     9202288 kB
Committed_AS:   76712640 kB
VmallocTotal:   263061440 kB
VmallocUsed:      105496 kB
VmallocChunk:          0 kB
Percpu:             7584 kB
CmaTotal:         294912 kB
CmaFree:             216 kB
MemTotal:       12113132 kB
MemFree:         6447340 kB
MemAvailable:    7864644 kB
Buffers:            4776 kB
Cached:          1646044 kB
SwapCached:            0 kB
Active:          1561892 kB
Inactive:        1468608 kB
Active(anon):    1386028 kB
Inactive(anon):    23568 kB
Active(file):     175864 kB
Inactive(file):  1445040 kB
Unevictable:        5444 kB
Mlocked:            5444 kB
SwapTotal:       3145724 kB
SwapFree:        3145724 kB
Dirty:               332 kB
Writeback:             0 kB
AnonPages:       1385124 kB
Mapped:           866664 kB
Shmem:             25520 kB
KReclaimable:     665104 kB
Slab:             222112 kB
SReclaimable:      72220 kB
SUnreclaim:       149892 kB
KernelStack:       48448 kB
PageTables:        68924 kB
NFS_Unstable:          0 kB
Bounce:                0 kB
WritebackTmp:          0 kB
CommitLimit:     9202288 kB
Committed_AS:   76713196 kB
VmallocTotal:   263061440 kB
VmallocUsed:      105480 kB
VmallocChunk:          0 kB
Percpu:             7584 kB
CmaTotal:         294912 kB
CmaFree:               0 kB
MemTotal:       12113132 kB
MemFree:         6498880 kB
MemAvailable:    7916192 kB
Buffers:            4776 kB
Cached:          1646056 kB
SwapCached:            0 kB
Active:          1509452 kB
Inactive:        1468620 kB
Active(anon):    1333588 kB
Inactive(anon):    23572 kB
Active(file):     175864 kB
Inactive(file):  1445048 kB
Unevictable:        5444 kB
Mlocked:            5444 kB
SwapTotal:       3145724 kB
SwapFree:        3145724 kB
Dirty:               348 kB
Writeback:             0 kB
AnonPages:       1332728 kB
Mapped:           866620 kB
Shmem:             25524 kB
KReclaimable:     665104 kB
Slab:             222128 kB
SReclaimable:      72220 kB
SUnreclaim:       149908 kB
KernelStack:       48464 kB
PageTables:        68964 kB
NFS_Unstable:          0 kB
Bounce:                0 kB
WritebackTmp:          0 kB
CommitLimit:     9202288 kB
Committed_AS:   76702964 kB
VmallocTotal:   263061440 kB
VmallocUsed:      105432 kB
VmallocChunk:          0 kB
Percpu:             7584 kB
CmaTotal:         294912 kB
CmaFree:             116 kB
MemTotal:       12113132 kB
MemFree:         6460504 kB
MemAvailable:    7877828 kB
Buffers:            4776 kB
Cached:          1646108 kB
SwapCached:            0 kB
Active:          1547496 kB
Inactive:        1468672 kB
Active(anon):    1371632 kB
Inactive(anon):    23612 kB
Active(file):     175864 kB
Inactive(file):  1445060 kB
Unevictable:        5444 kB
Mlocked:            5444 kB
SwapTotal:       3145724 kB
SwapFree:        3145724 kB
Dirty:               416 kB
Writeback:             0 kB
AnonPages:       1370824 kB
Mapped:           866892 kB
Shmem:             25564 kB
KReclaimable:     665104 kB
Slab:             222128 kB
SReclaimable:      72220 kB
SUnreclaim:       149908 kB
KernelStack:       48400 kB
PageTables:        68872 kB
NFS_Unstable:          0 kB
Bounce:                0 kB
WritebackTmp:          0 kB
CommitLimit:     9202288 kB
Committed_AS:   76702712 kB
VmallocTotal:   263061440 kB
VmallocUsed:      105448 kB
VmallocChunk:          0 kB
Percpu:             7584 kB
CmaTotal:         294912 kB
CmaFree:               0 kB
MemTotal:       12113132 kB
MemFree:         6459344 kB
MemAvailable:    7876676 kB
Buffers:            4776 kB
Cached:          1646116 kB
SwapCached:            0 kB
Active:          1547916 kB
Inactive:        1468680 kB
Active(anon):    1372052 kB
Inactive(anon):    23612 kB
Active(file):     175864 kB
Inactive(file):  1445068 kB
Unevictable:        5444 kB
Mlocked:            5444 kB
SwapTotal:       3145724 kB
SwapFree:        3145724 kB
Dirty:               456 kB
Writeback:             0 kB
AnonPages:       1371592 kB
Mapped:           866752 kB
Shmem:             25564 kB
KReclaimable:     665104 kB
Slab:             222120 kB
SReclaimable:      72220 kB
SUnreclaim:       149900 kB
KernelStack:       48400 kB
PageTables:        68900 kB
NFS_Unstable:          0 kB
Bounce:                0 kB
WritebackTmp:          0 kB
CommitLimit:     9202288 kB
Committed_AS:   76708324 kB
VmallocTotal:   263061440 kB
VmallocUsed:      105464 kB
VmallocChunk:          0 kB
Percpu:             7584 kB
CmaTotal:         294912 kB
CmaFree:               0 kB
MemTotal:       12113132 kB
MemFree:         6464016 kB
MemAvailable:    7881360 kB
Buffers:            4776 kB
Cached:          1646136 kB
SwapCached:            0 kB
Active:          1542372 kB
Inactive:        1468700 kB
Active(anon):    1366508 kB
Inactive(anon):    23620 kB
Active(file):     175864 kB
Inactive(file):  1445080 kB
Unevictable:        5444 kB
Mlocked:            5444 kB
SwapTotal:       3145724 kB
SwapFree:        3145724 kB
Dirty:               516 kB
Writeback:             0 kB
AnonPages:       1365860 kB
Mapped:           866968 kB
Shmem:             25572 kB
KReclaimable:     665104 kB
Slab:             222128 kB
SReclaimable:      72220 kB
SUnreclaim:       149908 kB
KernelStack:       48416 kB
PageTables:        68844 kB
NFS_Unstable:          0 kB
Bounce:                0 kB
WritebackTmp:          0 kB
CommitLimit:     9202288 kB
Committed_AS:   76708428 kB
VmallocTotal:   263061440 kB
VmallocUsed:      105448 kB
VmallocChunk:          0 kB
Percpu:             7584 kB
CmaTotal:         294912 kB
CmaFree:               0 kB
MemTotal:       12113132 kB
MemFree:         6463076 kB
MemAvailable:    7880420 kB
Buffers:            4776 kB
Cached:          1646316 kB
SwapCached:            0 kB
Active:          1544272 kB
Inactive:        1468780 kB
Active(anon):    1368408 kB
Inactive(anon):    23700 kB
Active(file):     175864 kB
Inactive(file):  1445080 kB
Unevictable:        5444 kB
Mlocked:            5444 kB
SwapTotal:       3145724 kB
SwapFree:        3145724 kB
Dirty:               340 kB
Writeback:             0 kB
AnonPages:       1367608 kB
Mapped:           866944 kB
Shmem:             25752 kB
KReclaimable:     665104 kB
Slab:             222136 kB
SReclaimable:      72220 kB
SUnreclaim:       149916 kB
KernelStack:       48448 kB
PageTables:        69008 kB
NFS_Unstable:          0 kB
Bounce:                0 kB
WritebackTmp:          0 kB
CommitLimit:     9202288 kB
Committed_AS:   76713576 kB
VmallocTotal:   263061440 kB
VmallocUsed:      105448 kB
VmallocChunk:          0 kB
Percpu:             7584 kB
CmaTotal:         294912 kB
CmaFree:               0 kB
MemTotal:       12113132 kB
MemFree:         6463616 kB
MemAvailable:    7880976 kB
Buffers:            4776 kB
Cached:          1646156 kB
SwapCached:            0 kB
Active:          1545680 kB
Inactive:        1468720 kB
Active(anon):    1369816 kB
Inactive(anon):    23624 kB
Active(file):     175864 kB
Inactive(file):  1445096 kB
Unevictable:        5444 kB
Mlocked:            5444 kB
SwapTotal:       3145724 kB
SwapFree:        3145724 kB
Dirty:               388 kB
Writeback:             0 kB
AnonPages:       1368852 kB
Mapped:           867036 kB
Shmem:             25576 kB
KReclaimable:     665104 kB
Slab:             222128 kB
SReclaimable:      72220 kB
SUnreclaim:       149908 kB
KernelStack:       48384 kB
PageTables:        68880 kB
NFS_Unstable:          0 kB
Bounce:                0 kB
WritebackTmp:          0 kB
CommitLimit:     9202288 kB
Committed_AS:   76709372 kB
VmallocTotal:   263061440 kB
VmallocUsed:      105432 kB
