MemTotal:       12113140 kB
MemFree:         1079724 kB
MemAvailable:    8466264 kB
Buffers:            6676 kB
Cached:          7830636 kB
SwapCached:            0 kB
Active:          3569704 kB
Inactive:        5635344 kB
Active(anon):    1224144 kB
Inactive(anon):   181504 kB
Active(file):    2345560 kB
Inactive(file):  5453840 kB
Unevictable:        5576 kB
Mlocked:            5576 kB
SwapTotal:       3145724 kB
SwapFree:        3145468 kB
Dirty:             11440 kB
Writeback:            24 kB
AnonPages:       1373764 kB
Mapped:           727056 kB
Shmem:             33032 kB
KReclaimable:     429456 kB
Slab:             221272 kB
SReclaimable:      81848 kB
SUnreclaim:       139424 kB
KernelStack:       46188 kB
PageTables:        59608 kB
NFS_Unstable:          0 kB
Bounce:                0 kB
WritebackTmp:          0 kB
CommitLimit:     9202292 kB
Committed_AS:   63211856 kB
VmallocTotal:   263061440 kB
VmallocUsed:      103104 kB
VmallocChunk:          0 kB
Percpu:             7552 kB
CmaTotal:         294912 kB
CmaFree:             116 kB
MemTotal:       12113140 kB
MemFree:          637124 kB
MemAvailable:    8227756 kB
Buffers:            6680 kB
Cached:          7840592 kB
SwapCached:            0 kB
Active:          3536688 kB
Inactive:        5646544 kB
Active(anon):    1191976 kB
Inactive(anon):   189644 kB
Active(file):    2344712 kB
Inactive(file):  5456900 kB
Unevictable:        5576 kB
Mlocked:            5576 kB
SwapTotal:       3145724 kB
SwapFree:        3145468 kB
Dirty:             11568 kB
Writeback:            44 kB
AnonPages:       1341188 kB
Mapped:           748012 kB
Shmem:             41124 kB
KReclaimable:     657724 kB
Slab:             221656 kB
SReclaimable:      82156 kB
SUnreclaim:       139500 kB
KernelStack:       46720 kB
PageTables:        60356 kB
NFS_Unstable:          0 kB
Bounce:                0 kB
WritebackTmp:          0 kB
CommitLimit:     9202292 kB
Committed_AS:   63259348 kB
VmallocTotal:   263061440 kB
VmallocUsed:      103664 kB
VmallocChunk:          0 kB
Percpu:             7552 kB
CmaTotal:         294912 kB
CmaFree:             396 kB
MemTotal:       12113140 kB
MemFree:          555144 kB
MemAvailable:    8280656 kB
Buffers:            6680 kB
Cached:          7831872 kB
SwapCached:            0 kB
Active:          3555096 kB
Inactive:        5637672 kB
Active(anon):    1210312 kB
Inactive(anon):   180708 kB
Active(file):    2344784 kB
Inactive(file):  5456964 kB
Unevictable:        5576 kB
Mlocked:            5576 kB
SwapTotal:       3145724 kB
SwapFree:        3145468 kB
Dirty:             11832 kB
Writeback:             0 kB
AnonPages:       1360044 kB
Mapped:           740792 kB
Shmem:             32268 kB
KReclaimable:     792468 kB
Slab:             222296 kB
SReclaimable:      82156 kB
SUnreclaim:       140140 kB
KernelStack:       47784 kB
PageTables:        61172 kB
NFS_Unstable:          0 kB
Bounce:                0 kB
WritebackTmp:          0 kB
CommitLimit:     9202292 kB
Committed_AS:   65099752 kB
VmallocTotal:   263061440 kB
VmallocUsed:      104648 kB
VmallocChunk:          0 kB
Percpu:             7552 kB
CmaTotal:         294912 kB
CmaFree:             168 kB
MemTotal:       12113140 kB
MemFree:          511236 kB
MemAvailable:    8252848 kB
Buffers:            6680 kB
Cached:          7848068 kB
SwapCached:            0 kB
Active:          3577000 kB
Inactive:        5653880 kB
Active(anon):    1232068 kB
Inactive(anon):   181104 kB
Active(file):    2344932 kB
Inactive(file):  5472776 kB
Unevictable:        5576 kB
Mlocked:            5576 kB
SwapTotal:       3145724 kB
SwapFree:        3145468 kB
Dirty:             12240 kB
Writeback:             0 kB
AnonPages:       1381604 kB
Mapped:           756052 kB
Shmem:             32648 kB
KReclaimable:     792608 kB
Slab:             222588 kB
SReclaimable:      82344 kB
SUnreclaim:       140244 kB
KernelStack:       48032 kB
PageTables:        61688 kB
NFS_Unstable:          0 kB
Bounce:                0 kB
WritebackTmp:          0 kB
CommitLimit:     9202292 kB
Committed_AS:   64589276 kB
VmallocTotal:   263061440 kB
VmallocUsed:      104968 kB
VmallocChunk:          0 kB
Percpu:             7552 kB
CmaTotal:         294912 kB
CmaFree:               0 kB
MemTotal:       12113140 kB
MemFree:          508984 kB
MemAvailable:    8251836 kB
Buffers:            6680 kB
Cached:          7849532 kB
SwapCached:            0 kB
Active:          3576976 kB
Inactive:        5655012 kB
Active(anon):    1231984 kB
Inactive(anon):   181120 kB
Active(file):    2344992 kB
Inactive(file):  5473892 kB
Unevictable:        5576 kB
Mlocked:            5576 kB
SwapTotal:       3145724 kB
SwapFree:        3145468 kB
Dirty:             12432 kB
Writeback:             0 kB
AnonPages:       1381676 kB
Mapped:           757208 kB
Shmem:             32664 kB
KReclaimable:     792672 kB
Slab:             222724 kB
SReclaimable:      82408 kB
SUnreclaim:       140316 kB
KernelStack:       48144 kB
PageTables:        61500 kB
NFS_Unstable:          0 kB
Bounce:                0 kB
WritebackTmp:          0 kB
CommitLimit:     9202292 kB
Committed_AS:   64592264 kB
VmallocTotal:   263061440 kB
VmallocUsed:      105048 kB
VmallocChunk:          0 kB
Percpu:             7552 kB
CmaTotal:         294912 kB
CmaFree:              16 kB
MemTotal:       12113140 kB
MemFree:          507060 kB
MemAvailable:    8250196 kB
Buffers:            6680 kB
Cached:          7849816 kB
SwapCached:            0 kB
Active:          3578696 kB
Inactive:        5655292 kB
Active(anon):    1233700 kB
Inactive(anon):   181120 kB
Active(file):    2344996 kB
Inactive(file):  5474172 kB
Unevictable:        5576 kB
Mlocked:            5576 kB
SwapTotal:       3145724 kB
SwapFree:        3145468 kB
Dirty:             12720 kB
Writeback:             0 kB
AnonPages:       1382840 kB
Mapped:           757200 kB
Shmem:             32664 kB
KReclaimable:     792672 kB
Slab:             222724 kB
SReclaimable:      82408 kB
SUnreclaim:       140316 kB
KernelStack:       48080 kB
PageTables:        61496 kB
NFS_Unstable:          0 kB
Bounce:                0 kB
WritebackTmp:          0 kB
CommitLimit:     9202292 kB
Committed_AS:   64596036 kB
VmallocTotal:   263061440 kB
VmallocUsed:      105016 kB
VmallocChunk:          0 kB
Percpu:             7552 kB
CmaTotal:         294912 kB
CmaFree:              20 kB
MemTotal:       12113140 kB
MemFree:          548548 kB
MemAvailable:    8291784 kB
Buffers:            6680 kB
Cached:          7849768 kB
SwapCached:            0 kB
Active:          3536280 kB
Inactive:        5655372 kB
Active(anon):    1191284 kB
Inactive(anon):   181100 kB
Active(file):    2344996 kB
Inactive(file):  5474272 kB
Unevictable:        5576 kB
Mlocked:            5576 kB
SwapTotal:       3145724 kB
SwapFree:        3145468 kB
Dirty:             14048 kB
Writeback:             0 kB
AnonPages:       1340920 kB
Mapped:           757204 kB
Shmem:             32644 kB
KReclaimable:     792672 kB
Slab:             222732 kB
SReclaimable:      82408 kB
SUnreclaim:       140324 kB
KernelStack:       48000 kB
PageTables:        61504 kB
NFS_Unstable:          0 kB
Bounce:                0 kB
WritebackTmp:          0 kB
CommitLimit:     9202292 kB
Committed_AS:   64596036 kB
VmallocTotal:   263061440 kB
VmallocUsed:      104984 kB
VmallocChunk:          0 kB
Percpu:             7552 kB
CmaTotal:         294912 kB
CmaFree:               0 kB
MemTotal:       12113140 kB
MemFree:          549632 kB
MemAvailable:    8293252 kB
Buffers:            6680 kB
Cached:          7849908 kB
SwapCached:            0 kB
Active:          3536472 kB
Inactive:        5655508 kB
Active(anon):    1191476 kB
Inactive(anon):   181108 kB
Active(file):    2344996 kB
Inactive(file):  5474400 kB
Unevictable:        5576 kB
Mlocked:            5576 kB
SwapTotal:       3145724 kB
SwapFree:        3145468 kB
Dirty:             14256 kB
Writeback:             0 kB
AnonPages:       1341372 kB
Mapped:           757216 kB
Shmem:             32656 kB
KReclaimable:     792928 kB
Slab:             222968 kB
SReclaimable:      82664 kB
SUnreclaim:       140304 kB
KernelStack:       47968 kB
PageTables:        61484 kB
NFS_Unstable:          0 kB
Bounce:                0 kB
WritebackTmp:          0 kB
CommitLimit:     9202292 kB
Committed_AS:   64594380 kB
VmallocTotal:   263061440 kB
VmallocUsed:      104984 kB
VmallocChunk:          0 kB
Percpu:             7552 kB
CmaTotal:         294912 kB
CmaFree:               0 kB
MemTotal:       12113140 kB
MemFree:          429288 kB
MemAvailable:    8070388 kB
Buffers:            6680 kB
Cached:          7850116 kB
SwapCached:            0 kB
Active:          3658880 kB
Inactive:        5655776 kB
Active(anon):    1313892 kB
Inactive(anon):   181104 kB
Active(file):    2344988 kB
Inactive(file):  5474672 kB
Unevictable:        5576 kB
Mlocked:            5576 kB
SwapTotal:       3145724 kB
SwapFree:        3145468 kB
Dirty:             14552 kB
Writeback:             0 kB
AnonPages:       1463812 kB
Mapped:           799428 kB
Shmem:             32600 kB
KReclaimable:     690144 kB
Slab:             224064 kB
SReclaimable:      83352 kB
SUnreclaim:       140712 kB
KernelStack:       47952 kB
PageTables:        61692 kB
NFS_Unstable:          0 kB
Bounce:                0 kB
WritebackTmp:          0 kB
CommitLimit:     9202292 kB
Committed_AS:   64722396 kB
VmallocTotal:   263061440 kB
VmallocUsed:      104920 kB
VmallocChunk:          0 kB
Percpu:             7552 kB
CmaTotal:         294912 kB
CmaFree:               0 kB
MemTotal:       12113140 kB
MemFree:          638012 kB
MemAvailable:    7912528 kB
Buffers:            6680 kB
Cached:          7702772 kB
SwapCached:            0 kB
Active:          3694748 kB
Inactive:        5515576 kB
Active(anon):    1349792 kB
Inactive(anon):   188048 kB
Active(file):    2344956 kB
Inactive(file):  5327528 kB
Unevictable:        5576 kB
Mlocked:            5576 kB
SwapTotal:       3145724 kB
SwapFree:        3145212 kB
Dirty:             14572 kB
Writeback:             0 kB
AnonPages:       1506492 kB
Mapped:           919320 kB
Shmem:             32432 kB
KReclaimable:     459240 kB
Slab:             222392 kB
SReclaimable:      81508 kB
SUnreclaim:       140884 kB
KernelStack:       47904 kB
PageTables:        62256 kB
NFS_Unstable:          0 kB
Bounce:                0 kB
WritebackTmp:          0 kB
CommitLimit:     9202292 kB
Committed_AS:   65067988 kB
VmallocTotal:   263061440 kB
VmallocUsed:      104904 kB
VmallocChunk:          0 kB
Percpu:             7552 kB
CmaTotal:         294912 kB
CmaFree:               0 kB
MemTotal:       12113140 kB
MemFree:          604868 kB
MemAvailable:    7858012 kB
Buffers:            6680 kB
Cached:          7703208 kB
SwapCached:            0 kB
Active:          3728268 kB
Inactive:        5515932 kB
Active(anon):    1383244 kB
Inactive(anon):   188112 kB
Active(file):    2345024 kB
Inactive(file):  5327820 kB
Unevictable:        5576 kB
Mlocked:            5576 kB
SwapTotal:       3145724 kB
SwapFree:        3145212 kB
Dirty:             14872 kB
Writeback:             0 kB
AnonPages:       1539540 kB
Mapped:           931716 kB
Shmem:             32496 kB
KReclaimable:     415776 kB
Slab:             222460 kB
SReclaimable:      81524 kB
SUnreclaim:       140936 kB
KernelStack:       47952 kB
PageTables:        62676 kB
NFS_Unstable:          0 kB
Bounce:                0 kB
WritebackTmp:          0 kB
CommitLimit:     9202292 kB
Committed_AS:   65068144 kB
VmallocTotal:   263061440 kB
VmallocUsed:      104904 kB
VmallocChunk:          0 kB
Percpu:             7552 kB
CmaTotal:         294912 kB
CmaFree:               0 kB
MemTotal:       12113140 kB
MemFree:          594148 kB
MemAvailable:    7847972 kB
Buffers:            6680 kB
Cached:          7703880 kB
SwapCached:            0 kB
Active:          3736972 kB
Inactive:        5516500 kB
Active(anon):    1391832 kB
Inactive(anon):   188116 kB
Active(file):    2345140 kB
Inactive(file):  5328384 kB
Unevictable:        5576 kB
Mlocked:            5576 kB
SwapTotal:       3145724 kB
SwapFree:        3145212 kB
Dirty:             15536 kB
Writeback:             0 kB
AnonPages:       1548716 kB
Mapped:           931764 kB
Shmem:             32500 kB
KReclaimable:     415776 kB
Slab:             222468 kB
SReclaimable:      81524 kB
SUnreclaim:       140944 kB
KernelStack:       47952 kB
PageTables:        62684 kB
NFS_Unstable:          0 kB
Bounce:                0 kB
WritebackTmp:          0 kB
CommitLimit:     9202292 kB
Committed_AS:   65067056 kB
VmallocTotal:   263061440 kB
VmallocUsed:      104904 kB
VmallocChunk:          0 kB
Percpu:             7552 kB
CmaTotal:         294912 kB
CmaFree:               0 kB
MemTotal:       12113140 kB
MemFree:          586824 kB
MemAvailable:    7841240 kB
Buffers:            6680 kB
Cached:          7704484 kB
SwapCached:            0 kB
Active:          3743152 kB
Inactive:        5517012 kB
Active(anon):    1397932 kB
Inactive(anon):   188120 kB
Active(file):    2345220 kB
Inactive(file):  5328892 kB
Unevictable:        5576 kB
Mlocked:            5576 kB
SwapTotal:       3145724 kB
SwapFree:        3145212 kB
Dirty:             16172 kB
Writeback:             0 kB
AnonPages:       1554640 kB
Mapped:           931824 kB
Shmem:             32504 kB
KReclaimable:     415784 kB
Slab:             222500 kB
SReclaimable:      81548 kB
SUnreclaim:       140952 kB
KernelStack:       47904 kB
PageTables:        62660 kB
NFS_Unstable:          0 kB
Bounce:                0 kB
WritebackTmp:          0 kB
CommitLimit:     9202292 kB
Committed_AS:   65066308 kB
VmallocTotal:   263061440 kB
VmallocUsed:      104968 kB
VmallocChunk:          0 kB
Percpu:             7552 kB
CmaTotal:         294912 kB
CmaFree:               0 kB
MemTotal:       12113140 kB
MemFree:          580452 kB
MemAvailable:    7835528 kB
Buffers:            6680 kB
Cached:          7705200 kB
SwapCached:            0 kB
Active:          3749052 kB
Inactive:        5517536 kB
Active(anon):    1403652 kB
Inactive(anon):   188184 kB
Active(file):    2345400 kB
Inactive(file):  5329352 kB
Unevictable:        5576 kB
Mlocked:            5576 kB
SwapTotal:       3145724 kB
SwapFree:        3145212 kB
Dirty:             16856 kB
Writeback:             0 kB
AnonPages:       1560348 kB
Mapped:           931924 kB
Shmem:             32568 kB
KReclaimable:     415824 kB
Slab:             222608 kB
SReclaimable:      81588 kB
SUnreclaim:       141020 kB
KernelStack:       47968 kB
PageTables:        62684 kB
NFS_Unstable:          0 kB
Bounce:                0 kB
WritebackTmp:          0 kB
CommitLimit:     9202292 kB
Committed_AS:   65070408 kB
VmallocTotal:   263061440 kB
VmallocUsed:      104984 kB
VmallocChunk:          0 kB
Percpu:             7552 kB
CmaTotal:         294912 kB
CmaFree:               0 kB
MemTotal:       12113140 kB
MemFree:          400904 kB
MemAvailable:    7657900 kB
Buffers:            6680 kB
Cached:          7707120 kB
SwapCached:            0 kB
Active:          3938040 kB
Inactive:        5510288 kB
Active(anon):    1583448 kB
Inactive(anon):   188192 kB
Active(file):    2354592 kB
Inactive(file):  5322096 kB
Unevictable:        5576 kB
Mlocked:            5576 kB
SwapTotal:       3145724 kB
SwapFree:        3145212 kB
Dirty:              3148 kB
Writeback:             0 kB
AnonPages:       1740220 kB
Mapped:           937148 kB
Shmem:             32576 kB
KReclaimable:     415788 kB
Slab:             222640 kB
SReclaimable:      81608 kB
SUnreclaim:       141032 kB
KernelStack:       47984 kB
PageTables:        62860 kB
NFS_Unstable:          0 kB
Bounce:                0 kB
WritebackTmp:          0 kB
CommitLimit:     9202292 kB
Committed_AS:   65304296 kB
VmallocTotal:   263061440 kB
VmallocUsed:      104920 kB
VmallocChunk:          0 kB
Percpu:             7552 kB
CmaTotal:         294912 kB
CmaFree:               0 kB
MemTotal:       12113140 kB
MemFree:          281068 kB
MemAvailable:    7538064 kB
Buffers:            6680 kB
Cached:          7707120 kB
SwapCached:            0 kB
Active:          4056980 kB
Inactive:        5510288 kB
Active(anon):    1702388 kB
Inactive(anon):   188192 kB
Active(file):    2354592 kB
Inactive(file):  5322096 kB
Unevictable:        5576 kB
Mlocked:            5576 kB
SwapTotal:       3145724 kB
SwapFree:        3145212 kB
Dirty:              3156 kB
Writeback:             0 kB
AnonPages:       1859232 kB
Mapped:           937148 kB
Shmem:             32576 kB
KReclaimable:     415788 kB
Slab:             222648 kB
SReclaimable:      81608 kB
SUnreclaim:       141040 kB
KernelStack:       47920 kB
PageTables:        63124 kB
NFS_Unstable:          0 kB
Bounce:                0 kB
WritebackTmp:          0 kB
CommitLimit:     9202292 kB
Committed_AS:   65779736 kB
VmallocTotal:   263061440 kB
VmallocUsed:      104920 kB
VmallocChunk:          0 kB
Percpu:             7552 kB
CmaTotal:         294912 kB
CmaFree:               0 kB
MemTotal:       12113140 kB
MemFree:          395508 kB
MemAvailable:    7321328 kB
Buffers:            6688 kB
Cached:          7464700 kB
SwapCached:            0 kB
Active:          4375528 kB
Inactive:        5259184 kB
Active(anon):    1996492 kB
Inactive(anon):   202944 kB
Active(file):    2379036 kB
Inactive(file):  5056240 kB
Unevictable:        5576 kB
Mlocked:            5576 kB
SwapTotal:       3145724 kB
SwapFree:        3144188 kB
Dirty:              3180 kB
Writeback:             0 kB
AnonPages:       2168648 kB
Mapped:           906144 kB
Shmem:             31576 kB
KReclaimable:     236260 kB
Slab:             222288 kB
SReclaimable:      81244 kB
SUnreclaim:       141044 kB
KernelStack:       47952 kB
PageTables:        63792 kB
NFS_Unstable:          0 kB
Bounce:                0 kB
WritebackTmp:          0 kB
CommitLimit:     9202292 kB
Committed_AS:   65778188 kB
VmallocTotal:   263061440 kB
VmallocUsed:      104952 kB
VmallocChunk:          0 kB
Percpu:             7552 kB
CmaTotal:         294912 kB
CmaFree:               0 kB
MemTotal:       12113140 kB
MemFree:          718428 kB
MemAvailable:    7342232 kB
Buffers:            6620 kB
Cached:          7234236 kB
SwapCached:            0 kB
Active:          4486360 kB
Inactive:        4972868 kB
Active(anon):    2029480 kB
Inactive(anon):   223956 kB
Active(file):    2456880 kB
Inactive(file):  4748912 kB
Unevictable:        5576 kB
Mlocked:            5576 kB
SwapTotal:       3145724 kB
SwapFree:        3142908 kB
Dirty:              3188 kB
Writeback:             0 kB
AnonPages:       2223864 kB
Mapped:           849548 kB
Shmem:             30528 kB
KReclaimable:      91196 kB
Slab:             222212 kB
SReclaimable:      81156 kB
SUnreclaim:       141056 kB
KernelStack:       47968 kB
PageTables:        64696 kB
NFS_Unstable:          0 kB
Bounce:                0 kB
WritebackTmp:          0 kB
CommitLimit:     9202292 kB
Committed_AS:   66198096 kB
VmallocTotal:   263061440 kB
VmallocUsed:      104968 kB
VmallocChunk:          0 kB
Percpu:             7552 kB
CmaTotal:         294912 kB
CmaFree:               0 kB
MemTotal:       12113140 kB
MemFree:          715892 kB
MemAvailable:    7339696 kB
Buffers:            6620 kB
Cached:          7234264 kB
SwapCached:            0 kB
Active:          4485948 kB
Inactive:        4972892 kB
Active(anon):    2029064 kB
Inactive(anon):   223984 kB
Active(file):    2456884 kB
Inactive(file):  4748908 kB
Unevictable:        5576 kB
Mlocked:            5576 kB
SwapTotal:       3145724 kB
SwapFree:        3142908 kB
Dirty:              3188 kB
Writeback:             0 kB
AnonPages:       2223624 kB
Mapped:           849712 kB
Shmem:             30556 kB
KReclaimable:      91196 kB
Slab:             222196 kB
SReclaimable:      81156 kB
SUnreclaim:       141040 kB
KernelStack:       47936 kB
PageTables:        64628 kB
NFS_Unstable:          0 kB
Bounce:                0 kB
WritebackTmp:          0 kB
CommitLimit:     9202292 kB
Committed_AS:   66197928 kB
VmallocTotal:   263061440 kB
VmallocUsed:      104952 kB
VmallocChunk:          0 kB
Percpu:             7552 kB
CmaTotal:         294912 kB
CmaFree:               0 kB
MemTotal:       12113140 kB
MemFree:          698392 kB
MemAvailable:    7322232 kB
Buffers:            6620 kB
Cached:          7234276 kB
SwapCached:            0 kB
Active:          4502936 kB
Inactive:        4972904 kB
Active(anon):    2046052 kB
Inactive(anon):   223984 kB
Active(file):    2456884 kB
Inactive(file):  4748920 kB
Unevictable:        5576 kB
Mlocked:            5576 kB
SwapTotal:       3145724 kB
SwapFree:        3142908 kB
Dirty:              2784 kB
Writeback:             0 kB
AnonPages:       2240728 kB
Mapped:           849560 kB
Shmem:             30556 kB
KReclaimable:      91244 kB
Slab:             222272 kB
SReclaimable:      81204 kB
SUnreclaim:       141068 kB
KernelStack:       47968 kB
PageTables:        64844 kB
NFS_Unstable:          0 kB
Bounce:                0 kB
WritebackTmp:          0 kB
CommitLimit:     9202292 kB
Committed_AS:   66214012 kB
VmallocTotal:   263061440 kB
VmallocUsed:      104920 kB
VmallocChunk:          0 kB
Percpu:             7552 kB
CmaTotal:         294912 kB
CmaFree:               0 kB
MemTotal:       12113140 kB
MemFree:          698772 kB
MemAvailable:    7322628 kB
Buffers:            6620 kB
Cached:          7234276 kB
SwapCached:            0 kB
Active:          4502948 kB
Inactive:        4972904 kB
Active(anon):    2046064 kB
Inactive(anon):   223984 kB
Active(file):    2456884 kB
Inactive(file):  4748920 kB
Unevictable:        5576 kB
Mlocked:            5576 kB
SwapTotal:       3145724 kB
SwapFree:        3142908 kB
Dirty:              2784 kB
Writeback:             0 kB
AnonPages:       2240520 kB
Mapped:           849560 kB
Shmem:             30556 kB
KReclaimable:      91276 kB
Slab:             222272 kB
SReclaimable:      81236 kB
SUnreclaim:       141036 kB
KernelStack:       47952 kB
PageTables:        64708 kB
NFS_Unstable:          0 kB
Bounce:                0 kB
WritebackTmp:          0 kB
CommitLimit:     9202292 kB
Committed_AS:   66213820 kB
VmallocTotal:   263061440 kB
VmallocUsed:      104920 kB
VmallocChunk:          0 kB
Percpu:             7552 kB
CmaTotal:         294912 kB
CmaFree:               0 kB
MemTotal:       12113140 kB
MemFree:          697612 kB
MemAvailable:    7321468 kB
Buffers:            6620 kB
Cached:          7234276 kB
SwapCached:            0 kB
Active:          4503624 kB
Inactive:        4972904 kB
Active(anon):    2046740 kB
Inactive(anon):   223984 kB
Active(file):    2456884 kB
Inactive(file):  4748920 kB
Unevictable:        5576 kB
Mlocked:            5576 kB
SwapTotal:       3145724 kB
SwapFree:        3142908 kB
Dirty:              2784 kB
Writeback:             4 kB
AnonPages:       2240952 kB
Mapped:           849560 kB
Shmem:             30556 kB
KReclaimable:      91276 kB
Slab:             222224 kB
SReclaimable:      81236 kB
SUnreclaim:       140988 kB
KernelStack:       47940 kB
PageTables:        64860 kB
NFS_Unstable:          0 kB
Bounce:                0 kB
WritebackTmp:          0 kB
CommitLimit:     9202292 kB
Committed_AS:   66213788 kB
VmallocTotal:   263061440 kB
VmallocUsed:      104920 kB
VmallocChunk:          0 kB
Percpu:             7552 kB
CmaTotal:         294912 kB
CmaFree:               0 kB
MemTotal:       12113140 kB
MemFree:          697740 kB
MemAvailable:    7321604 kB
Buffers:            6620 kB
Cached:          7234284 kB
SwapCached:            0 kB
Active:          4504212 kB
Inactive:        4972912 kB
Active(anon):    2047328 kB
Inactive(anon):   223984 kB
Active(file):    2456884 kB
Inactive(file):  4748928 kB
Unevictable:        5576 kB
Mlocked:            5576 kB
SwapTotal:       3145724 kB
SwapFree:        3142908 kB
Dirty:              2828 kB
Writeback:             0 kB
AnonPages:       2241812 kB
Mapped:           849596 kB
Shmem:             30556 kB
KReclaimable:      91276 kB
Slab:             222280 kB
SReclaimable:      81236 kB
SUnreclaim:       141044 kB
KernelStack:       47904 kB
PageTables:        64752 kB
NFS_Unstable:          0 kB
Bounce:                0 kB
WritebackTmp:          0 kB
CommitLimit:     9202292 kB
Committed_AS:   66209760 kB
VmallocTotal:   263061440 kB
VmallocUsed:      104920 kB
VmallocChunk:          0 kB
Percpu:             7552 kB
CmaTotal:         294912 kB
CmaFree:               0 kB
MemTotal:       12113140 kB
MemFree:          697188 kB
MemAvailable:    7321052 kB
Buffers:            6620 kB
Cached:          7234284 kB
SwapCached:            0 kB
Active:          4504080 kB
Inactive:        4972912 kB
Active(anon):    2047196 kB
Inactive(anon):   223984 kB
Active(file):    2456884 kB
Inactive(file):  4748928 kB
Unevictable:        5576 kB
Mlocked:            5576 kB
SwapTotal:       3145724 kB
SwapFree:        3142908 kB
Dirty:              2828 kB
Writeback:             0 kB
AnonPages:       2241440 kB
Mapped:           849560 kB
Shmem:             30556 kB
KReclaimable:      91276 kB
Slab:             222240 kB
SReclaimable:      81236 kB
SUnreclaim:       141004 kB
KernelStack:       47904 kB
PageTables:        64604 kB
NFS_Unstable:          0 kB
Bounce:                0 kB
WritebackTmp:          0 kB
CommitLimit:     9202292 kB
Committed_AS:   66207356 kB
VmallocTotal:   263061440 kB
VmallocUsed:      104920 kB
VmallocChunk:          0 kB
Percpu:             7552 kB
CmaTotal:         294912 kB
CmaFree:               0 kB
MemTotal:       12113140 kB
MemFree:          681384 kB
MemAvailable:    7305248 kB
Buffers:            6620 kB
Cached:          7234284 kB
SwapCached:            0 kB
Active:          4519876 kB
Inactive:        4972912 kB
Active(anon):    2062992 kB
Inactive(anon):   223984 kB
Active(file):    2456884 kB
Inactive(file):  4748928 kB
Unevictable:        5576 kB
Mlocked:            5576 kB
SwapTotal:       3145724 kB
SwapFree:        3142908 kB
Dirty:              2840 kB
Writeback:             0 kB
AnonPages:       2257328 kB
Mapped:           849560 kB
Shmem:             30556 kB
KReclaimable:      91276 kB
Slab:             222288 kB
SReclaimable:      81236 kB
SUnreclaim:       141052 kB
KernelStack:       47956 kB
PageTables:        64872 kB
NFS_Unstable:          0 kB
Bounce:                0 kB
WritebackTmp:          0 kB
CommitLimit:     9202292 kB
Committed_AS:   66228936 kB
VmallocTotal:   263061440 kB
VmallocUsed:      104936 kB
VmallocChunk:          0 kB
Percpu:             7552 kB
CmaTotal:         294912 kB
CmaFree:               0 kB
MemTotal:       12113140 kB
MemFree:          679948 kB
MemAvailable:    7303824 kB
Buffers:            6620 kB
Cached:          7234296 kB
SwapCached:            0 kB
Active:          4520556 kB
Inactive:        4972924 kB
Active(anon):    2063672 kB
Inactive(anon):   223984 kB
Active(file):    2456884 kB
Inactive(file):  4748940 kB
Unevictable:        5576 kB
Mlocked:            5576 kB
SwapTotal:       3145724 kB
SwapFree:        3142908 kB
Dirty:              2860 kB
Writeback:             0 kB
AnonPages:       2257688 kB
Mapped:           849628 kB
Shmem:             30556 kB
KReclaimable:      91276 kB
Slab:             222280 kB
SReclaimable:      81236 kB
SUnreclaim:       141044 kB
KernelStack:       47920 kB
PageTables:        64796 kB
NFS_Unstable:          0 kB
Bounce:                0 kB
WritebackTmp:          0 kB
CommitLimit:     9202292 kB
Committed_AS:   66225016 kB
VmallocTotal:   263061440 kB
VmallocUsed:      104920 kB
VmallocChunk:          0 kB
Percpu:             7552 kB
CmaTotal:         294912 kB
CmaFree:               0 kB
MemTotal:       12113140 kB
MemFree:          679904 kB
MemAvailable:    7303780 kB
Buffers:            6620 kB
Cached:          7234296 kB
SwapCached:            0 kB
Active:          4520532 kB
Inactive:        4972924 kB
Active(anon):    2063648 kB
Inactive(anon):   223984 kB
Active(file):    2456884 kB
Inactive(file):  4748940 kB
Unevictable:        5576 kB
Mlocked:            5576 kB
SwapTotal:       3145724 kB
SwapFree:        3142908 kB
Dirty:              2868 kB
Writeback:             0 kB
AnonPages:       2257956 kB
Mapped:           849556 kB
Shmem:             30556 kB
KReclaimable:      91276 kB
Slab:             222264 kB
SReclaimable:      81236 kB
SUnreclaim:       141028 kB
KernelStack:       47920 kB
PageTables:        64736 kB
NFS_Unstable:          0 kB
Bounce:                0 kB
WritebackTmp:          0 kB
CommitLimit:     9202292 kB
Committed_AS:   66228708 kB
VmallocTotal:   263061440 kB
VmallocUsed:      104904 kB
VmallocChunk:          0 kB
Percpu:             7552 kB
CmaTotal:         294912 kB
CmaFree:               0 kB
MemTotal:       12113140 kB
MemFree:          704296 kB
MemAvailable:    7326384 kB
Buffers:            6620 kB
Cached:          7234296 kB
SwapCached:            0 kB
Active:          4357512 kB
Inactive:        4972924 kB
Active(anon):    1900628 kB
Inactive(anon):   223984 kB
Active(file):    2456884 kB
Inactive(file):  4748940 kB
Unevictable:        5576 kB
Mlocked:            5576 kB
SwapTotal:       3145724 kB
SwapFree:        3142908 kB
Dirty:              2892 kB
Writeback:             0 kB
AnonPages:       2094884 kB
Mapped:           870532 kB
Shmem:             30556 kB
KReclaimable:      87704 kB
Slab:             222524 kB
SReclaimable:      81236 kB
SUnreclaim:       141288 kB
KernelStack:       47872 kB
PageTables:        64780 kB
NFS_Unstable:          0 kB
Bounce:                0 kB
WritebackTmp:          0 kB
CommitLimit:     9202292 kB
Committed_AS:   66224448 kB
VmallocTotal:   263061440 kB
VmallocUsed:      104888 kB
VmallocChunk:          0 kB
Percpu:             7552 kB
CmaTotal:         294912 kB
CmaFree:               0 kB
MemTotal:       12113140 kB
MemFree:          683696 kB
MemAvailable:    7305768 kB
Buffers:            6620 kB
Cached:          7234352 kB
SwapCached:            0 kB
Active:          4372412 kB
Inactive:        4972932 kB
Active(anon):    1915480 kB
Inactive(anon):   224036 kB
Active(file):    2456932 kB
Inactive(file):  4748896 kB
Unevictable:        5576 kB
Mlocked:            5576 kB
SwapTotal:       3145724 kB
SwapFree:        3142908 kB
Dirty:              2896 kB
Writeback:             0 kB
AnonPages:       2110204 kB
Mapped:           874492 kB
Shmem:             30608 kB
KReclaimable:      87664 kB
Slab:             222536 kB
SReclaimable:      81236 kB
SUnreclaim:       141300 kB
KernelStack:       47952 kB
PageTables:        64844 kB
NFS_Unstable:          0 kB
Bounce:                0 kB
WritebackTmp:          0 kB
CommitLimit:     9202292 kB
Committed_AS:   66231084 kB
VmallocTotal:   263061440 kB
VmallocUsed:      104984 kB
VmallocChunk:          0 kB
Percpu:             7552 kB
CmaTotal:         294912 kB
CmaFree:               0 kB
MemTotal:       12113140 kB
MemFree:          663264 kB
MemAvailable:    7393480 kB
Buffers:            6620 kB
Cached:          7234504 kB
SwapCached:            0 kB
Active:          4389184 kB
Inactive:        4973076 kB
Active(anon):    1932244 kB
Inactive(anon):   224040 kB
Active(file):    2456940 kB
Inactive(file):  4749036 kB
Unevictable:        5576 kB
Mlocked:            5576 kB
SwapTotal:       3145724 kB
SwapFree:        3142908 kB
Dirty:              3044 kB
Writeback:             0 kB
AnonPages:       2126516 kB
Mapped:           873828 kB
Shmem:             30612 kB
KReclaimable:     303652 kB
Slab:             222524 kB
SReclaimable:      81236 kB
SUnreclaim:       141288 kB
KernelStack:       48144 kB
PageTables:        64512 kB
NFS_Unstable:          0 kB
Bounce:                0 kB
WritebackTmp:          0 kB
CommitLimit:     9202292 kB
Committed_AS:   66234628 kB
VmallocTotal:   263061440 kB
VmallocUsed:      105096 kB
VmallocChunk:          0 kB
Percpu:             7552 kB
CmaTotal:         294912 kB
CmaFree:               0 kB
MemTotal:       12113140 kB
MemFree:          669432 kB
MemAvailable:    7399892 kB
Buffers:            6620 kB
Cached:          7234760 kB
SwapCached:            0 kB
Active:          4382568 kB
Inactive:        4973308 kB
Active(anon):    1925628 kB
Inactive(anon):   224040 kB
Active(file):    2456940 kB
Inactive(file):  4749268 kB
Unevictable:        5576 kB
Mlocked:            5576 kB
SwapTotal:       3145724 kB
SwapFree:        3142908 kB
Dirty:              3316 kB
Writeback:             0 kB
AnonPages:       2120260 kB
Mapped:           874124 kB
Shmem:             30612 kB
KReclaimable:     303676 kB
Slab:             222524 kB
SReclaimable:      81236 kB
SUnreclaim:       141288 kB
KernelStack:       48144 kB
PageTables:        64512 kB
NFS_Unstable:          0 kB
Bounce:                0 kB
WritebackTmp:          0 kB
CommitLimit:     9202292 kB
Committed_AS:   66233608 kB
VmallocTotal:   263061440 kB
VmallocUsed:      105128 kB
VmallocChunk:          0 kB
Percpu:             7552 kB
CmaTotal:         294912 kB
CmaFree:               0 kB
MemTotal:       12113140 kB
MemFree:          640832 kB
MemAvailable:    7371468 kB
Buffers:            6628 kB
Cached:          7234908 kB
SwapCached:            0 kB
Active:          4414032 kB
Inactive:        4973480 kB
Active(anon):    1957084 kB
Inactive(anon):   224044 kB
Active(file):    2456948 kB
Inactive(file):  4749436 kB
Unevictable:        5576 kB
Mlocked:            5576 kB
SwapTotal:       3145724 kB
SwapFree:        3142908 kB
Dirty:              3424 kB
Writeback:             0 kB
AnonPages:       2151836 kB
Mapped:           874348 kB
Shmem:             30616 kB
KReclaimable:     303676 kB
Slab:             222532 kB
SReclaimable:      81236 kB
SUnreclaim:       141296 kB
KernelStack:       48144 kB
PageTables:        64548 kB
NFS_Unstable:          0 kB
Bounce:                0 kB
WritebackTmp:          0 kB
CommitLimit:     9202292 kB
Committed_AS:   66233588 kB
VmallocTotal:   263061440 kB
VmallocUsed:      105112 kB
VmallocChunk:          0 kB
Percpu:             7552 kB
CmaTotal:         294912 kB
CmaFree:               0 kB
MemTotal:       12113140 kB
MemFree:          626436 kB
MemAvailable:    7357072 kB
Buffers:            6628 kB
Cached:          7235176 kB
SwapCached:            0 kB
Active:          4428224 kB
Inactive:        4973744 kB
Active(anon):    1971272 kB
Inactive(anon):   224048 kB
Active(file):    2456952 kB
Inactive(file):  4749696 kB
Unevictable:        5576 kB
Mlocked:            5576 kB
SwapTotal:       3145724 kB
SwapFree:        3142908 kB
Dirty:              3692 kB
Writeback:             0 kB
AnonPages:       2165708 kB
Mapped:           874888 kB
Shmem:             30620 kB
KReclaimable:     303148 kB
Slab:             222504 kB
SReclaimable:      81236 kB
SUnreclaim:       141268 kB
KernelStack:       48112 kB
PageTables:        64784 kB
NFS_Unstable:          0 kB
Bounce:                0 kB
WritebackTmp:          0 kB
CommitLimit:     9202292 kB
Committed_AS:   66237484 kB
VmallocTotal:   263061440 kB
VmallocUsed:      105112 kB
VmallocChunk:          0 kB
Percpu:             7552 kB
CmaTotal:         294912 kB
CmaFree:               0 kB
MemTotal:       12113140 kB
MemFree:          597752 kB
MemAvailable:    7328572 kB
Buffers:            6628 kB
Cached:          7235272 kB
SwapCached:            0 kB
Active:          4453784 kB
Inactive:        4973892 kB
Active(anon):    1996832 kB
Inactive(anon):   223940 kB
Active(file):    2456952 kB
Inactive(file):  4749952 kB
Unevictable:        5576 kB
Mlocked:            5576 kB
SwapTotal:       3145724 kB
SwapFree:        3142908 kB
Dirty:              3944 kB
Writeback:             0 kB
AnonPages:       2191212 kB
Mapped:           875032 kB
Shmem:             30460 kB
KReclaimable:     303004 kB
Slab:             222640 kB
SReclaimable:      81332 kB
SUnreclaim:       141308 kB
KernelStack:       48112 kB
PageTables:        64508 kB
NFS_Unstable:          0 kB
Bounce:                0 kB
WritebackTmp:          0 kB
CommitLimit:     9202292 kB
Committed_AS:   66234288 kB
VmallocTotal:   263061440 kB
VmallocUsed:      105096 kB
VmallocChunk:          0 kB
Percpu:             7552 kB
CmaTotal:         294912 kB
CmaFree:              36 kB
MemTotal:       12113140 kB
MemFree:          589448 kB
MemAvailable:    7320528 kB
Buffers:            6628 kB
Cached:          7235820 kB
SwapCached:            0 kB
Active:          4459464 kB
Inactive:        4974260 kB
Active(anon):    2002512 kB
Inactive(anon):   224048 kB
Active(file):    2456952 kB
Inactive(file):  4750212 kB
Unevictable:        5576 kB
Mlocked:            5576 kB
SwapTotal:       3145724 kB
SwapFree:        3142908 kB
Dirty:              4208 kB
Writeback:             0 kB
AnonPages:       2196876 kB
Mapped:           875428 kB
Shmem:             30620 kB
KReclaimable:     303004 kB
Slab:             222720 kB
SReclaimable:      81332 kB
SUnreclaim:       141388 kB
KernelStack:       48144 kB
PageTables:        64668 kB
NFS_Unstable:          0 kB
Bounce:                0 kB
WritebackTmp:         12 kB
CommitLimit:     9202292 kB
Committed_AS:   66229172 kB
VmallocTotal:   263061440 kB
VmallocUsed:      105128 kB
VmallocChunk:          0 kB
Percpu:             7552 kB
CmaTotal:         294912 kB
CmaFree:               0 kB
MemTotal:       12113140 kB
MemFree:          587048 kB
MemAvailable:    7318276 kB
Buffers:            6628 kB
Cached:          7235832 kB
SwapCached:            0 kB
Active:          4461112 kB
Inactive:        4974400 kB
Active(anon):    2004160 kB
Inactive(anon):   224048 kB
Active(file):    2456952 kB
Inactive(file):  4750352 kB
Unevictable:        5576 kB
Mlocked:            5576 kB
SwapTotal:       3145724 kB
SwapFree:        3142908 kB
Dirty:              4352 kB
Writeback:             0 kB
AnonPages:       2198544 kB
Mapped:           875632 kB
Shmem:             30620 kB
KReclaimable:     303020 kB
Slab:             222644 kB
SReclaimable:      81348 kB
SUnreclaim:       141296 kB
KernelStack:       48112 kB
PageTables:        64532 kB
NFS_Unstable:          0 kB
Bounce:                0 kB
WritebackTmp:          0 kB
CommitLimit:     9202292 kB
Committed_AS:   66234244 kB
VmallocTotal:   263061440 kB
VmallocUsed:      105112 kB
VmallocChunk:          0 kB
Percpu:             7552 kB
CmaTotal:         294912 kB
CmaFree:               0 kB
MemTotal:       12113140 kB
MemFree:          585756 kB
MemAvailable:    7317112 kB
Buffers:            6628 kB
Cached:          7235960 kB
SwapCached:            0 kB
Active:          4462016 kB
Inactive:        4974528 kB
Active(anon):    2005064 kB
Inactive(anon):   224048 kB
Active(file):    2456952 kB
Inactive(file):  4750480 kB
Unevictable:        5576 kB
Mlocked:            5576 kB
SwapTotal:       3145724 kB
SwapFree:        3142908 kB
Dirty:              4480 kB
Writeback:             0 kB
AnonPages:       2199668 kB
Mapped:           875660 kB
Shmem:             30620 kB
KReclaimable:     303020 kB
Slab:             222636 kB
SReclaimable:      81348 kB
SUnreclaim:       141288 kB
KernelStack:       48096 kB
PageTables:        64528 kB
NFS_Unstable:          0 kB
Bounce:                0 kB
WritebackTmp:          0 kB
CommitLimit:     9202292 kB
Committed_AS:   66232568 kB
VmallocTotal:   263061440 kB
VmallocUsed:      105096 kB
VmallocChunk:          0 kB
Percpu:             7552 kB
CmaTotal:         294912 kB
CmaFree:               0 kB
MemTotal:       12113140 kB
MemFree:          585512 kB
MemAvailable:    7317004 kB
Buffers:            6628 kB
Cached:          7236088 kB
SwapCached:            0 kB
Active:          4463908 kB
Inactive:        4974656 kB
Active(anon):    2006956 kB
Inactive(anon):   224048 kB
Active(file):    2456952 kB
Inactive(file):  4750608 kB
Unevictable:        5576 kB
Mlocked:            5576 kB
SwapTotal:       3145724 kB
SwapFree:        3142908 kB
Dirty:              4624 kB
Writeback:             0 kB
AnonPages:       2201204 kB
Mapped:           875732 kB
Shmem:             30620 kB
KReclaimable:     303036 kB
Slab:             222628 kB
SReclaimable:      81364 kB
SUnreclaim:       141264 kB
KernelStack:       48080 kB
PageTables:        64400 kB
NFS_Unstable:          0 kB
Bounce:                0 kB
WritebackTmp:          0 kB
CommitLimit:     9202292 kB
Committed_AS:   66232352 kB
VmallocTotal:   263061440 kB
VmallocUsed:      105096 kB
VmallocChunk:          0 kB
Percpu:             7552 kB
CmaTotal:         294912 kB
CmaFree:               0 kB
MemTotal:       12113140 kB
MemFree:          585852 kB
MemAvailable:    7317600 kB
Buffers:            6628 kB
Cached:          7236344 kB
SwapCached:            0 kB
Active:          4465312 kB
Inactive:        4974912 kB
Active(anon):    2008360 kB
Inactive(anon):   224048 kB
Active(file):    2456952 kB
Inactive(file):  4750864 kB
Unevictable:        5576 kB
Mlocked:            5576 kB
SwapTotal:       3145724 kB
SwapFree:        3142908 kB
Dirty:              4880 kB
Writeback:             0 kB
AnonPages:       2202680 kB
Mapped:           875736 kB
Shmem:             30620 kB
KReclaimable:     303036 kB
Slab:             222660 kB
SReclaimable:      81364 kB
SUnreclaim:       141296 kB
KernelStack:       48096 kB
PageTables:        64528 kB
NFS_Unstable:          0 kB
Bounce:                0 kB
WritebackTmp:          0 kB
CommitLimit:     9202292 kB
Committed_AS:   66225800 kB
VmallocTotal:   263061440 kB
VmallocUsed:      105096 kB
VmallocChunk:          0 kB
Percpu:             7552 kB
CmaTotal:         294912 kB
CmaFree:               0 kB
MemTotal:       12113140 kB
MemFree:          585004 kB
MemAvailable:    7317016 kB
Buffers:            6628 kB
Cached:          7236612 kB
SwapCached:            0 kB
Active:          4465820 kB
Inactive:        4975180 kB
Active(anon):    2008868 kB
Inactive(anon):   224052 kB
Active(file):    2456952 kB
Inactive(file):  4751128 kB
Unevictable:        5576 kB
Mlocked:            5576 kB
SwapTotal:       3145724 kB
SwapFree:        3142908 kB
Dirty:              1168 kB
Writeback:             0 kB
AnonPages:       2203492 kB
Mapped:           875732 kB
Shmem:             30624 kB
KReclaimable:     303036 kB
Slab:             222676 kB
SReclaimable:      81364 kB
SUnreclaim:       141312 kB
KernelStack:       48112 kB
PageTables:        64664 kB
NFS_Unstable:          0 kB
Bounce:                0 kB
WritebackTmp:          0 kB
CommitLimit:     9202292 kB
Committed_AS:   66222824 kB
VmallocTotal:   263061440 kB
VmallocUsed:      105064 kB
VmallocChunk:          0 kB
Percpu:             7552 kB
CmaTotal:         294912 kB
CmaFree:              64 kB
MemTotal:       12113140 kB
MemFree:          584164 kB
MemAvailable:    7316388 kB
Buffers:            6628 kB
Cached:          7236880 kB
SwapCached:            0 kB
Active:          4466968 kB
Inactive:        4975392 kB
Active(anon):    2010016 kB
Inactive(anon):   224052 kB
Active(file):    2456952 kB
Inactive(file):  4751340 kB
Unevictable:        5576 kB
Mlocked:            5576 kB
SwapTotal:       3145724 kB
SwapFree:        3142908 kB
Dirty:              1440 kB
Writeback:             0 kB
AnonPages:       2204660 kB
Mapped:           875740 kB
Shmem:             30624 kB
KReclaimable:     303036 kB
Slab:             222676 kB
SReclaimable:      81364 kB
SUnreclaim:       141312 kB
KernelStack:       48080 kB
PageTables:        64704 kB
NFS_Unstable:          0 kB
Bounce:                0 kB
WritebackTmp:          0 kB
CommitLimit:     9202292 kB
Committed_AS:   66232788 kB
VmallocTotal:   263061440 kB
VmallocUsed:      105064 kB
VmallocChunk:          0 kB
Percpu:             7552 kB
CmaTotal:         294912 kB
CmaFree:               0 kB
MemTotal:       12113140 kB
MemFree:          583428 kB
MemAvailable:    7315844 kB
Buffers:            6628 kB
Cached:          7237008 kB
SwapCached:            0 kB
Active:          4467988 kB
Inactive:        4975576 kB
Active(anon):    2011036 kB
Inactive(anon):   224052 kB
Active(file):    2456952 kB
Inactive(file):  4751524 kB
Unevictable:        5576 kB
Mlocked:            5576 kB
SwapTotal:       3145724 kB
SwapFree:        3142908 kB
Dirty:              1568 kB
Writeback:             0 kB
AnonPages:       2205652 kB
Mapped:           875804 kB
Shmem:             30624 kB
KReclaimable:     303052 kB
Slab:             222652 kB
SReclaimable:      81380 kB
SUnreclaim:       141272 kB
KernelStack:       48032 kB
PageTables:        64448 kB
NFS_Unstable:          0 kB
Bounce:                0 kB
WritebackTmp:          0 kB
CommitLimit:     9202292 kB
Committed_AS:   66227008 kB
VmallocTotal:   263061440 kB
VmallocUsed:      105032 kB
VmallocChunk:          0 kB
Percpu:             7552 kB
CmaTotal:         294912 kB
CmaFree:               0 kB
MemTotal:       12113140 kB
MemFree:          582368 kB
MemAvailable:    7315044 kB
Buffers:            6628 kB
Cached:          7237268 kB
SwapCached:            0 kB
Active:          4469332 kB
Inactive:        4975832 kB
Active(anon):    2012376 kB
Inactive(anon):   224052 kB
Active(file):    2456956 kB
Inactive(file):  4751780 kB
Unevictable:        5576 kB
Mlocked:            5576 kB
SwapTotal:       3145724 kB
SwapFree:        3142908 kB
Dirty:              1828 kB
Writeback:             0 kB
AnonPages:       2206776 kB
Mapped:           876020 kB
Shmem:             30624 kB
KReclaimable:     303052 kB
Slab:             222676 kB
SReclaimable:      81380 kB
SUnreclaim:       141296 kB
KernelStack:       48064 kB
PageTables:        64628 kB
NFS_Unstable:          0 kB
Bounce:                0 kB
WritebackTmp:          0 kB
CommitLimit:     9202292 kB
Committed_AS:   66227892 kB
VmallocTotal:   263061440 kB
VmallocUsed:      105032 kB
VmallocChunk:          0 kB
Percpu:             7552 kB
CmaTotal:         294912 kB
CmaFree:               0 kB
MemTotal:       12113140 kB
MemFree:          580476 kB
MemAvailable:    7313280 kB
Buffers:            6628 kB
Cached:          7237396 kB
SwapCached:            0 kB
Active:          4471488 kB
Inactive:        4975960 kB
Active(anon):    2014532 kB
Inactive(anon):   224052 kB
Active(file):    2456956 kB
Inactive(file):  4751908 kB
Unevictable:        5576 kB
Mlocked:            5576 kB
SwapTotal:       3145724 kB
SwapFree:        3142908 kB
Dirty:              1968 kB
Writeback:             0 kB
AnonPages:       2209052 kB
Mapped:           875956 kB
Shmem:             30624 kB
KReclaimable:     303052 kB
Slab:             222680 kB
SReclaimable:      81380 kB
SUnreclaim:       141300 kB
KernelStack:       48048 kB
PageTables:        64572 kB
NFS_Unstable:          0 kB
Bounce:                0 kB
WritebackTmp:          0 kB
CommitLimit:     9202292 kB
Committed_AS:   66226308 kB
VmallocTotal:   263061440 kB
VmallocUsed:      105000 kB
VmallocChunk:          0 kB
Percpu:             7552 kB
CmaTotal:         294912 kB
CmaFree:               0 kB
MemTotal:       12113140 kB
MemFree:          577956 kB
MemAvailable:    7310892 kB
Buffers:            6628 kB
Cached:          7237528 kB
SwapCached:            0 kB
Active:          4473248 kB
Inactive:        4976092 kB
Active(anon):    2016292 kB
Inactive(anon):   224052 kB
Active(file):    2456956 kB
Inactive(file):  4752040 kB
Unevictable:        5576 kB
Mlocked:            5576 kB
SwapTotal:       3145724 kB
SwapFree:        3142908 kB
Dirty:              2128 kB
Writeback:             0 kB
AnonPages:       2210476 kB
Mapped:           875848 kB
Shmem:             30624 kB
KReclaimable:     303052 kB
Slab:             222660 kB
SReclaimable:      81380 kB
SUnreclaim:       141280 kB
KernelStack:       48032 kB
PageTables:        64476 kB
NFS_Unstable:          0 kB
Bounce:                0 kB
WritebackTmp:          0 kB
CommitLimit:     9202292 kB
Committed_AS:   66227396 kB
VmallocTotal:   263061440 kB
VmallocUsed:      105032 kB
VmallocChunk:          0 kB
Percpu:             7552 kB
CmaTotal:         294912 kB
CmaFree:               0 kB
MemTotal:       12113140 kB
MemFree:          576420 kB
MemAvailable:    7309616 kB
Buffers:            6628 kB
Cached:          7237788 kB
SwapCached:            0 kB
Active:          4474376 kB
Inactive:        4976352 kB
Active(anon):    2017420 kB
Inactive(anon):   224052 kB
Active(file):    2456956 kB
Inactive(file):  4752300 kB
Unevictable:        5576 kB
Mlocked:            5576 kB
SwapTotal:       3145724 kB
SwapFree:        3142908 kB
Dirty:              2388 kB
Writeback:             0 kB
AnonPages:       2211732 kB
Mapped:           875868 kB
Shmem:             30624 kB
KReclaimable:     303052 kB
Slab:             222676 kB
SReclaimable:      81380 kB
SUnreclaim:       141296 kB
KernelStack:       48016 kB
PageTables:        64528 kB
NFS_Unstable:          0 kB
Bounce:                0 kB
WritebackTmp:          0 kB
CommitLimit:     9202292 kB
Committed_AS:   66225376 kB
VmallocTotal:   263061440 kB
VmallocUsed:      105000 kB
VmallocChunk:          0 kB
Percpu:             7552 kB
CmaTotal:         294912 kB
CmaFree:               0 kB
MemTotal:       12113140 kB
MemFree:          574964 kB
MemAvailable:    7308316 kB
Buffers:            6636 kB
Cached:          7237936 kB
SwapCached:            0 kB
Active:          4475728 kB
Inactive:        4976500 kB
Active(anon):    2018764 kB
Inactive(anon):   224052 kB
Active(file):    2456964 kB
Inactive(file):  4752448 kB
Unevictable:        5576 kB
Mlocked:            5576 kB
SwapTotal:       3145724 kB
SwapFree:        3142908 kB
Dirty:              2540 kB
Writeback:             0 kB
AnonPages:       2213224 kB
Mapped:           875868 kB
Shmem:             30624 kB
KReclaimable:     303052 kB
Slab:             222676 kB
SReclaimable:      81380 kB
SUnreclaim:       141296 kB
KernelStack:       48016 kB
PageTables:        64532 kB
NFS_Unstable:          0 kB
Bounce:                0 kB
WritebackTmp:          0 kB
CommitLimit:     9202292 kB
Committed_AS:   66225524 kB
VmallocTotal:   263061440 kB
VmallocUsed:      104984 kB
VmallocChunk:          0 kB
Percpu:             7552 kB
CmaTotal:         294912 kB
CmaFree:               0 kB
MemTotal:       12113140 kB
MemFree:          574120 kB
MemAvailable:    7307728 kB
Buffers:            6636 kB
Cached:          7238192 kB
SwapCached:            0 kB
Active:          4476668 kB
Inactive:        4976756 kB
Active(anon):    2019704 kB
Inactive(anon):   224052 kB
Active(file):    2456964 kB
Inactive(file):  4752704 kB
Unevictable:        5576 kB
Mlocked:            5576 kB
SwapTotal:       3145724 kB
SwapFree:        3142908 kB
Dirty:              2796 kB
Writeback:             0 kB
AnonPages:       2214364 kB
Mapped:           876064 kB
Shmem:             30624 kB
KReclaimable:     303052 kB
Slab:             222668 kB
SReclaimable:      81380 kB
SUnreclaim:       141288 kB
KernelStack:       48032 kB
PageTables:        64500 kB
NFS_Unstable:          0 kB
Bounce:                0 kB
WritebackTmp:          0 kB
CommitLimit:     9202292 kB
Committed_AS:   66228824 kB
VmallocTotal:   263061440 kB
VmallocUsed:      104968 kB
VmallocChunk:          0 kB
Percpu:             7552 kB
CmaTotal:         294912 kB
CmaFree:               0 kB
MemTotal:       12113140 kB
MemFree:          470464 kB
MemAvailable:    7253144 kB
Buffers:            6636 kB
Cached:          7238320 kB
SwapCached:            0 kB
Active:          4477744 kB
Inactive:        4976884 kB
Active(anon):    2020780 kB
Inactive(anon):   224052 kB
Active(file):    2456964 kB
Inactive(file):  4752832 kB
Unevictable:        5576 kB
Mlocked:            5576 kB
SwapTotal:       3145724 kB
SwapFree:        3142908 kB
Dirty:              2924 kB
Writeback:             0 kB
AnonPages:       2215236 kB
Mapped:           875940 kB
Shmem:             30624 kB
KReclaimable:     400940 kB
Slab:             222668 kB
SReclaimable:      81380 kB
SUnreclaim:       141288 kB
KernelStack:       48016 kB
PageTables:        64560 kB
NFS_Unstable:          0 kB
Bounce:                0 kB
WritebackTmp:          0 kB
CommitLimit:     9202292 kB
Committed_AS:   66228620 kB
VmallocTotal:   263061440 kB
VmallocUsed:      104984 kB
VmallocChunk:          0 kB
Percpu:             7552 kB
CmaTotal:         294912 kB
CmaFree:               0 kB
MemTotal:       12113140 kB
MemFree:          497004 kB
MemAvailable:    7406908 kB
Buffers:            6636 kB
Cached:          7238320 kB
SwapCached:            0 kB
Active:          4449824 kB
Inactive:        4976884 kB
Active(anon):    1992860 kB
Inactive(anon):   224052 kB
Active(file):    2456964 kB
Inactive(file):  4752832 kB
Unevictable:        5576 kB
Mlocked:            5576 kB
SwapTotal:       3145724 kB
SwapFree:        3142908 kB
Dirty:              2956 kB
Writeback:             0 kB
AnonPages:       2187656 kB
Mapped:           739316 kB
Shmem:             30624 kB
KReclaimable:     568812 kB
Slab:             222484 kB
SReclaimable:      81380 kB
SUnreclaim:       141104 kB
KernelStack:       48048 kB
PageTables:        64436 kB
NFS_Unstable:          0 kB
Bounce:                0 kB
WritebackTmp:          0 kB
CommitLimit:     9202292 kB
Committed_AS:   66227852 kB
VmallocTotal:   263061440 kB
VmallocUsed:      104984 kB
VmallocChunk:          0 kB
Percpu:             7552 kB
CmaTotal:         294912 kB
CmaFree:               0 kB
MemTotal:       12113140 kB
MemFree:          629564 kB
MemAvailable:    7145508 kB
Buffers:            6636 kB
Cached:          7031924 kB
SwapCached:            0 kB
Active:          4773988 kB
Inactive:        4585940 kB
Active(anon):    2114444 kB
Inactive(anon):   242084 kB
Active(file):    2659544 kB
Inactive(file):  4343856 kB
Unevictable:        5576 kB
Mlocked:            5576 kB
SwapTotal:       3145724 kB
SwapFree:        3142908 kB
Dirty:              3216 kB
Writeback:             0 kB
AnonPages:       2327260 kB
Mapped:           840724 kB
Shmem:             30624 kB
KReclaimable:     280260 kB
Slab:             222236 kB
SReclaimable:      81144 kB
SUnreclaim:       141092 kB
KernelStack:       48048 kB
PageTables:        64620 kB
NFS_Unstable:          0 kB
Bounce:                0 kB
WritebackTmp:          0 kB
CommitLimit:     9202292 kB
Committed_AS:   66227820 kB
VmallocTotal:   263061440 kB
VmallocUsed:      105032 kB
VmallocChunk:          0 kB
Percpu:             7552 kB
CmaTotal:         294912 kB
CmaFree:               0 kB
MemTotal:       12113140 kB
MemFree:          717336 kB
MemAvailable:    7233304 kB
Buffers:            6636 kB
Cached:          7032056 kB
SwapCached:            0 kB
Active:          4683472 kB
Inactive:        4586060 kB
Active(anon):    2023928 kB
Inactive(anon):   242088 kB
Active(file):    2659544 kB
Inactive(file):  4343972 kB
Unevictable:        5576 kB
Mlocked:            5576 kB
SwapTotal:       3145724 kB
SwapFree:        3142908 kB
Dirty:              3344 kB
Writeback:             0 kB
AnonPages:       2236388 kB
Mapped:           841048 kB
Shmem:             30628 kB
KReclaimable:     280076 kB
Slab:             222236 kB
SReclaimable:      81144 kB
SUnreclaim:       141092 kB
KernelStack:       48032 kB
PageTables:        64608 kB
NFS_Unstable:          0 kB
Bounce:                0 kB
WritebackTmp:          0 kB
CommitLimit:     9202292 kB
Committed_AS:   66235008 kB
VmallocTotal:   263061440 kB
VmallocUsed:      105048 kB
VmallocChunk:          0 kB
Percpu:             7552 kB
CmaTotal:         294912 kB
CmaFree:               0 kB
MemTotal:       12113140 kB
MemFree:          706228 kB
MemAvailable:    7220900 kB
Buffers:            6636 kB
Cached:          7032188 kB
SwapCached:            0 kB
Active:          4695416 kB
Inactive:        4586176 kB
Active(anon):    2035844 kB
Inactive(anon):   242088 kB
Active(file):    2659572 kB
Inactive(file):  4344088 kB
Unevictable:        5576 kB
Mlocked:            5576 kB
SwapTotal:       3145724 kB
SwapFree:        3142908 kB
Dirty:              3488 kB
Writeback:             0 kB
AnonPages:       2248368 kB
Mapped:           841624 kB
Shmem:             30628 kB
KReclaimable:     277196 kB
Slab:             222236 kB
SReclaimable:      81144 kB
SUnreclaim:       141092 kB
KernelStack:       48064 kB
PageTables:        64624 kB
NFS_Unstable:          0 kB
Bounce:                0 kB
WritebackTmp:          0 kB
CommitLimit:     9202292 kB
Committed_AS:   66224884 kB
VmallocTotal:   263061440 kB
VmallocUsed:      105048 kB
VmallocChunk:          0 kB
Percpu:             7552 kB
CmaTotal:         294912 kB
CmaFree:               0 kB
MemTotal:       12113140 kB
MemFree:          708812 kB
MemAvailable:    7223668 kB
Buffers:            6636 kB
Cached:          7032632 kB
SwapCached:            0 kB
Active:          4693392 kB
Inactive:        4586484 kB
Active(anon):    2033692 kB
Inactive(anon):   242088 kB
Active(file):    2659700 kB
Inactive(file):  4344396 kB
Unevictable:        5576 kB
Mlocked:            5576 kB
SwapTotal:       3145724 kB
SwapFree:        3142908 kB
Dirty:              3920 kB
Writeback:             0 kB
AnonPages:       2246280 kB
Mapped:           841976 kB
Shmem:             30628 kB
KReclaimable:     276696 kB
Slab:             222256 kB
SReclaimable:      81148 kB
SUnreclaim:       141108 kB
KernelStack:       48096 kB
PageTables:        64644 kB
NFS_Unstable:          0 kB
Bounce:                0 kB
WritebackTmp:          0 kB
CommitLimit:     9202292 kB
Committed_AS:   66224748 kB
VmallocTotal:   263061440 kB
VmallocUsed:      105080 kB
VmallocChunk:          0 kB
Percpu:             7552 kB
CmaTotal:         294912 kB
CmaFree:               0 kB
MemTotal:       12113140 kB
MemFree:          704644 kB
MemAvailable:    7219520 kB
Buffers:            6636 kB
Cached:          7032956 kB
SwapCached:            0 kB
Active:          4697220 kB
Inactive:        4586728 kB
Active(anon):    2037440 kB
Inactive(anon):   242088 kB
Active(file):    2659780 kB
Inactive(file):  4344640 kB
Unevictable:        5576 kB
Mlocked:            5576 kB
SwapTotal:       3145724 kB
SwapFree:        3142908 kB
Dirty:              4144 kB
Writeback:             0 kB
AnonPages:       2249784 kB
Mapped:           842132 kB
Shmem:             30628 kB
KReclaimable:     276084 kB
Slab:             222284 kB
SReclaimable:      81152 kB
SUnreclaim:       141132 kB
KernelStack:       48064 kB
PageTables:        64496 kB
NFS_Unstable:          0 kB
Bounce:                0 kB
WritebackTmp:          0 kB
CommitLimit:     9202292 kB
Committed_AS:   66224948 kB
VmallocTotal:   263061440 kB
VmallocUsed:      105064 kB
VmallocChunk:          0 kB
Percpu:             7552 kB
CmaTotal:         294912 kB
CmaFree:               0 kB
MemTotal:       12113140 kB
MemFree:          701012 kB
MemAvailable:    7216340 kB
Buffers:            6636 kB
Cached:          7033420 kB
SwapCached:            0 kB
Active:          4700916 kB
Inactive:        4587136 kB
Active(anon):    2041084 kB
Inactive(anon):   242088 kB
Active(file):    2659832 kB
Inactive(file):  4345048 kB
Unevictable:        5576 kB
Mlocked:            5576 kB
SwapTotal:       3145724 kB
SwapFree:        3142908 kB
Dirty:              4616 kB
Writeback:             0 kB
AnonPages:       2253512 kB
Mapped:           842260 kB
Shmem:             30628 kB
KReclaimable:     276072 kB
Slab:             222292 kB
SReclaimable:      81156 kB
SUnreclaim:       141136 kB
KernelStack:       48080 kB
PageTables:        64644 kB
NFS_Unstable:          0 kB
Bounce:                0 kB
WritebackTmp:          0 kB
CommitLimit:     9202292 kB
Committed_AS:   66224736 kB
VmallocTotal:   263061440 kB
VmallocUsed:      105096 kB
VmallocChunk:          0 kB
Percpu:             7552 kB
CmaTotal:         294912 kB
CmaFree:               0 kB
MemTotal:       12113140 kB
MemFree:          699808 kB
MemAvailable:    7216716 kB
Buffers:            6636 kB
Cached:          7033216 kB
SwapCached:            0 kB
Active:          4701200 kB
Inactive:        4586912 kB
Active(anon):    2041336 kB
Inactive(anon):   242092 kB
Active(file):    2659864 kB
Inactive(file):  4344820 kB
Unevictable:        5576 kB
Mlocked:            5576 kB
SwapTotal:       3145724 kB
SwapFree:        3142908 kB
Dirty:              6104 kB
Writeback:             0 kB
AnonPages:       2253948 kB
Mapped:           842432 kB
Shmem:             30632 kB
KReclaimable:     279624 kB
Slab:             222296 kB
SReclaimable:      81156 kB
SUnreclaim:       141140 kB
KernelStack:       48080 kB
PageTables:        64636 kB
NFS_Unstable:          0 kB
Bounce:                0 kB
WritebackTmp:          0 kB
CommitLimit:     9202292 kB
Committed_AS:   66225252 kB
VmallocTotal:   263061440 kB
VmallocUsed:      105096 kB
VmallocChunk:          0 kB
Percpu:             7552 kB
CmaTotal:         294912 kB
CmaFree:               0 kB
MemTotal:       12113140 kB
MemFree:          695996 kB
MemAvailable:    7213204 kB
Buffers:            6636 kB
Cached:          7033680 kB
SwapCached:            0 kB
Active:          4704500 kB
Inactive:        4587216 kB
Active(anon):    2044600 kB
Inactive(anon):   242092 kB
Active(file):    2659900 kB
Inactive(file):  4345124 kB
Unevictable:        5576 kB
Mlocked:            5576 kB
SwapTotal:       3145724 kB
SwapFree:        3142908 kB
Dirty:              7488 kB
Writeback:             0 kB
AnonPages:       2256944 kB
Mapped:           843084 kB
Shmem:             30632 kB
KReclaimable:     279544 kB
Slab:             222304 kB
SReclaimable:      81156 kB
SUnreclaim:       141148 kB
KernelStack:       48064 kB
PageTables:        64544 kB
NFS_Unstable:          0 kB
Bounce:                0 kB
WritebackTmp:          0 kB
CommitLimit:     9202292 kB
Committed_AS:   66224856 kB
VmallocTotal:   263061440 kB
VmallocUsed:      105080 kB
VmallocChunk:          0 kB
Percpu:             7552 kB
CmaTotal:         294912 kB
CmaFree:               0 kB
MemTotal:       12113140 kB
MemFree:          696004 kB
MemAvailable:    7213228 kB
Buffers:            6636 kB
Cached:          7033576 kB
SwapCached:            0 kB
Active:          4703888 kB
Inactive:        4587236 kB
Active(anon):    2043988 kB
Inactive(anon):   242092 kB
Active(file):    2659900 kB
Inactive(file):  4345144 kB
Unevictable:        5576 kB
Mlocked:            5576 kB
SwapTotal:       3145724 kB
SwapFree:        3142908 kB
Dirty:              7692 kB
Writeback:             0 kB
AnonPages:       2256768 kB
Mapped:           843232 kB
Shmem:             30632 kB
KReclaimable:     279536 kB
Slab:             222304 kB
SReclaimable:      81156 kB
SUnreclaim:       141148 kB
KernelStack:       48048 kB
PageTables:        64612 kB
NFS_Unstable:          0 kB
Bounce:                0 kB
WritebackTmp:          0 kB
CommitLimit:     9202292 kB
Committed_AS:   66229988 kB
VmallocTotal:   263061440 kB
VmallocUsed:      105048 kB
VmallocChunk:          0 kB
Percpu:             7552 kB
CmaTotal:         294912 kB
CmaFree:               0 kB
MemTotal:       12113140 kB
MemFree:          694996 kB
MemAvailable:    7212468 kB
Buffers:            6636 kB
Cached:          7033832 kB
SwapCached:            0 kB
Active:          4704676 kB
Inactive:        4587488 kB
Active(anon):    2044776 kB
Inactive(anon):   242088 kB
Active(file):    2659900 kB
Inactive(file):  4345400 kB
Unevictable:        5576 kB
Mlocked:            5576 kB
SwapTotal:       3145724 kB
SwapFree:        3142908 kB
Dirty:              1452 kB
Writeback:             0 kB
AnonPages:       2257152 kB
Mapped:           843252 kB
Shmem:             30632 kB
KReclaimable:     279520 kB
Slab:             222576 kB
SReclaimable:      81156 kB
SUnreclaim:       141420 kB
KernelStack:       48048 kB
PageTables:        64620 kB
NFS_Unstable:          0 kB
Bounce:                0 kB
WritebackTmp:          0 kB
CommitLimit:     9202292 kB
Committed_AS:   66229768 kB
VmallocTotal:   263061440 kB
VmallocUsed:      105032 kB
VmallocChunk:          0 kB
Percpu:             7552 kB
CmaTotal:         294912 kB
CmaFree:               0 kB
MemTotal:       12113140 kB
MemFree:          693956 kB
MemAvailable:    7212032 kB
Buffers:            6636 kB
Cached:          7034436 kB
SwapCached:            0 kB
Active:          4705308 kB
Inactive:        4588088 kB
Active(anon):    2045404 kB
Inactive(anon):   242088 kB
Active(file):    2659904 kB
Inactive(file):  4346000 kB
Unevictable:        5576 kB
Mlocked:            5576 kB
SwapTotal:       3145724 kB
SwapFree:        3142908 kB
Dirty:              3004 kB
Writeback:             0 kB
AnonPages:       2257988 kB
Mapped:           843376 kB
Shmem:             30632 kB
KReclaimable:     279520 kB
Slab:             222356 kB
SReclaimable:      81156 kB
SUnreclaim:       141200 kB
KernelStack:       48036 kB
PageTables:        64504 kB
NFS_Unstable:          0 kB
Bounce:                0 kB
WritebackTmp:          0 kB
CommitLimit:     9202292 kB
Committed_AS:   66229504 kB
VmallocTotal:   263061440 kB
VmallocUsed:      105048 kB
VmallocChunk:          0 kB
Percpu:             7552 kB
CmaTotal:         294912 kB
CmaFree:               0 kB
MemTotal:       12113140 kB
MemFree:          691844 kB
MemAvailable:    7210092 kB
Buffers:            6640 kB
Cached:          7034604 kB
SwapCached:            0 kB
Active:          4706452 kB
Inactive:        4588256 kB
Active(anon):    2046544 kB
Inactive(anon):   242088 kB
Active(file):    2659908 kB
Inactive(file):  4346168 kB
Unevictable:        5576 kB
Mlocked:            5576 kB
SwapTotal:       3145724 kB
SwapFree:        3142908 kB
Dirty:              3300 kB
Writeback:             0 kB
AnonPages:       2259184 kB
Mapped:           843304 kB
Shmem:             30632 kB
KReclaimable:     279520 kB
Slab:             222356 kB
SReclaimable:      81156 kB
SUnreclaim:       141200 kB
KernelStack:       48016 kB
PageTables:        64620 kB
NFS_Unstable:          0 kB
Bounce:                0 kB
WritebackTmp:          0 kB
CommitLimit:     9202292 kB
Committed_AS:   66231440 kB
VmallocTotal:   263061440 kB
VmallocUsed:      105064 kB
VmallocChunk:          0 kB
Percpu:             7552 kB
CmaTotal:         294912 kB
CmaFree:               0 kB
MemTotal:       12113140 kB
MemFree:          692124 kB
MemAvailable:    7210500 kB
Buffers:            6640 kB
Cached:          7034732 kB
SwapCached:            0 kB
Active:          4708608 kB
Inactive:        4588384 kB
Active(anon):    2048700 kB
Inactive(anon):   242088 kB
Active(file):    2659908 kB
Inactive(file):  4346296 kB
Unevictable:        5576 kB
Mlocked:            5576 kB
SwapTotal:       3145724 kB
SwapFree:        3142908 kB
Dirty:              3428 kB
Writeback:             0 kB
AnonPages:       2261376 kB
Mapped:           843316 kB
Shmem:             30632 kB
KReclaimable:     279520 kB
Slab:             222356 kB
SReclaimable:      81156 kB
SUnreclaim:       141200 kB
KernelStack:       47952 kB
PageTables:        64700 kB
NFS_Unstable:          0 kB
Bounce:                0 kB
WritebackTmp:          0 kB
CommitLimit:     9202292 kB
Committed_AS:   66226140 kB
VmallocTotal:   263061440 kB
VmallocUsed:      104968 kB
VmallocChunk:          0 kB
Percpu:             7552 kB
CmaTotal:         294912 kB
CmaFree:               0 kB
MemTotal:       12113140 kB
MemFree:          698952 kB
MemAvailable:    7217456 kB
Buffers:            6640 kB
Cached:          7044364 kB
SwapCached:            0 kB
Active:          4692796 kB
Inactive:        4598016 kB
Active(anon):    2032888 kB
Inactive(anon):   251592 kB
Active(file):    2659908 kB
Inactive(file):  4346424 kB
Unevictable:        5576 kB
Mlocked:            5576 kB
SwapTotal:       3145724 kB
SwapFree:        3142908 kB
Dirty:              3556 kB
Writeback:             0 kB
AnonPages:       2245172 kB
Mapped:           848984 kB
Shmem:             40136 kB
KReclaimable:     279520 kB
Slab:             222356 kB
SReclaimable:      81156 kB
SUnreclaim:       141200 kB
KernelStack:       47808 kB
PageTables:        64536 kB
NFS_Unstable:          0 kB
Bounce:                0 kB
WritebackTmp:          0 kB
CommitLimit:     9202292 kB
Committed_AS:   66240776 kB
VmallocTotal:   263061440 kB
VmallocUsed:      104888 kB
VmallocChunk:          0 kB
Percpu:             7552 kB
CmaTotal:         294912 kB
CmaFree:              12 kB
MemTotal:       12113140 kB
MemFree:          690704 kB
MemAvailable:    7209208 kB
Buffers:            6640 kB
Cached:          7034848 kB
SwapCached:            0 kB
Active:          4709836 kB
Inactive:        4588500 kB
Active(anon):    2049928 kB
Inactive(anon):   242076 kB
Active(file):    2659908 kB
Inactive(file):  4346424 kB
Unevictable:        5576 kB
Mlocked:            5576 kB
SwapTotal:       3145724 kB
SwapFree:        3142908 kB
Dirty:              3600 kB
Writeback:             0 kB
AnonPages:       2262080 kB
Mapped:           839464 kB
Shmem:             30620 kB
KReclaimable:     279520 kB
Slab:             222316 kB
SReclaimable:      81156 kB
SUnreclaim:       141160 kB
KernelStack:       47776 kB
PageTables:        64476 kB
NFS_Unstable:          0 kB
Bounce:                0 kB
WritebackTmp:          0 kB
CommitLimit:     9202292 kB
Committed_AS:   66231072 kB
VmallocTotal:   263061440 kB
VmallocUsed:      104824 kB
VmallocChunk:          0 kB
Percpu:             7552 kB
CmaTotal:         294912 kB
CmaFree:             100 kB
MemTotal:       12113140 kB
MemFree:          691564 kB
MemAvailable:    7210196 kB
Buffers:            6640 kB
Cached:          7034976 kB
SwapCached:            0 kB
Active:          4708224 kB
Inactive:        4588628 kB
Active(anon):    2048316 kB
Inactive(anon):   242076 kB
Active(file):    2659908 kB
Inactive(file):  4346552 kB
Unevictable:        5576 kB
Mlocked:            5576 kB
SwapTotal:       3145724 kB
SwapFree:        3142908 kB
Dirty:              3740 kB
Writeback:             0 kB
AnonPages:       2260576 kB
Mapped:           839272 kB
Shmem:             30620 kB
KReclaimable:     279520 kB
Slab:             222396 kB
SReclaimable:      81156 kB
SUnreclaim:       141240 kB
KernelStack:       47760 kB
PageTables:        64480 kB
NFS_Unstable:          0 kB
Bounce:                0 kB
WritebackTmp:          0 kB
CommitLimit:     9202292 kB
Committed_AS:   66230676 kB
VmallocTotal:   263061440 kB
VmallocUsed:      104824 kB
VmallocChunk:          0 kB
Percpu:             7552 kB
CmaTotal:         294912 kB
CmaFree:               0 kB
MemTotal:       12113140 kB
MemFree:          689300 kB
MemAvailable:    7208064 kB
Buffers:            6640 kB
Cached:          7035200 kB
SwapCached:            0 kB
Active:          4709940 kB
Inactive:        4588852 kB
Active(anon):    2050032 kB
Inactive(anon):   242168 kB
Active(file):    2659908 kB
Inactive(file):  4346684 kB
Unevictable:        5576 kB
Mlocked:            5576 kB
SwapTotal:       3145724 kB
SwapFree:        3142908 kB
Dirty:              3868 kB
Writeback:             0 kB
AnonPages:       2262108 kB
Mapped:           839296 kB
Shmem:             30712 kB
KReclaimable:     279520 kB
Slab:             222292 kB
SReclaimable:      81156 kB
SUnreclaim:       141136 kB
KernelStack:       47796 kB
PageTables:        64412 kB
NFS_Unstable:          0 kB
Bounce:                0 kB
WritebackTmp:          0 kB
CommitLimit:     9202292 kB
Committed_AS:   66239824 kB
VmallocTotal:   263061440 kB
VmallocUsed:      104808 kB
VmallocChunk:          0 kB
Percpu:             7552 kB
CmaTotal:         294912 kB
CmaFree:               4 kB
MemTotal:       12113140 kB
MemFree:          687084 kB
MemAvailable:    7206104 kB
Buffers:            6640 kB
Cached:          7035364 kB
SwapCached:            0 kB
Active:          4710252 kB
Inactive:        4589016 kB
Active(anon):    2050344 kB
Inactive(anon):   242076 kB
Active(file):    2659908 kB
Inactive(file):  4346940 kB
Unevictable:        5576 kB
Mlocked:            5576 kB
SwapTotal:       3145724 kB
SwapFree:        3142908 kB
Dirty:              4136 kB
Writeback:             0 kB
AnonPages:       2262920 kB
Mapped:           839148 kB
Shmem:             30620 kB
KReclaimable:     279520 kB
Slab:             222356 kB
SReclaimable:      81156 kB
SUnreclaim:       141200 kB
KernelStack:       47680 kB
PageTables:        64660 kB
NFS_Unstable:          0 kB
Bounce:                0 kB
WritebackTmp:          0 kB
CommitLimit:     9202292 kB
Committed_AS:   66239308 kB
VmallocTotal:   263061440 kB
VmallocUsed:      104664 kB
VmallocChunk:          0 kB
Percpu:             7552 kB
CmaTotal:         294912 kB
CmaFree:               0 kB
MemTotal:       12113140 kB
MemFree:          686040 kB
MemAvailable:    7205160 kB
Buffers:            6640 kB
Cached:          7035492 kB
SwapCached:            0 kB
Active:          4710928 kB
Inactive:        4589116 kB
Active(anon):    2051020 kB
Inactive(anon):   242076 kB
Active(file):    2659908 kB
Inactive(file):  4347040 kB
Unevictable:        5576 kB
Mlocked:            5576 kB
SwapTotal:       3145724 kB
SwapFree:        3142908 kB
Dirty:              4264 kB
Writeback:             0 kB
AnonPages:       2263648 kB
Mapped:           839148 kB
Shmem:             30620 kB
KReclaimable:     279520 kB
Slab:             222356 kB
SReclaimable:      81156 kB
SUnreclaim:       141200 kB
KernelStack:       47664 kB
PageTables:        64500 kB
NFS_Unstable:          0 kB
Bounce:                0 kB
WritebackTmp:          0 kB
CommitLimit:     9202292 kB
Committed_AS:   66239404 kB
VmallocTotal:   263061440 kB
VmallocUsed:      104632 kB
VmallocChunk:          0 kB
Percpu:             7552 kB
CmaTotal:         294912 kB
CmaFree:               0 kB
MemTotal:       12113140 kB
MemFree:          676160 kB
MemAvailable:    7205052 kB
Buffers:            6648 kB
Cached:          7045552 kB
SwapCached:            0 kB
Active:          4712440 kB
Inactive:        4599020 kB
Active(anon):    2052568 kB
Inactive(anon):   242076 kB
Active(file):    2659872 kB
Inactive(file):  4356944 kB
Unevictable:        5576 kB
Mlocked:            5576 kB
SwapTotal:       3145724 kB
SwapFree:        3142908 kB
Dirty:             14528 kB
Writeback:             0 kB
AnonPages:       2264996 kB
Mapped:           839228 kB
Shmem:             30620 kB
KReclaimable:     279324 kB
Slab:             222160 kB
SReclaimable:      80960 kB
SUnreclaim:       141200 kB
KernelStack:       47584 kB
PageTables:        64432 kB
NFS_Unstable:          0 kB
Bounce:                0 kB
WritebackTmp:         12 kB
CommitLimit:     9202292 kB
Committed_AS:   66228736 kB
VmallocTotal:   263061440 kB
VmallocUsed:      104568 kB
VmallocChunk:          0 kB
Percpu:             7552 kB
CmaTotal:         294912 kB
CmaFree:               0 kB
MemTotal:       12113140 kB
MemFree:          345084 kB
MemAvailable:    6975116 kB
Buffers:            6648 kB
Cached:          7047712 kB
SwapCached:            0 kB
Active:          4763396 kB
Inactive:        4600440 kB
Active(anon):    2102584 kB
Inactive(anon):   242520 kB
Active(file):    2660812 kB
Inactive(file):  4357920 kB
Unevictable:        5576 kB
Mlocked:            5576 kB
SwapTotal:       3145724 kB
SwapFree:        3142908 kB
Dirty:             14768 kB
Writeback:            20 kB
AnonPages:       2315072 kB
Mapped:           839740 kB
Shmem:             31092 kB
KReclaimable:     477776 kB
Slab:             222812 kB
SReclaimable:      81508 kB
SUnreclaim:       141304 kB
KernelStack:       48032 kB
PageTables:        64408 kB
NFS_Unstable:          0 kB
Bounce:                0 kB
WritebackTmp:          0 kB
CommitLimit:     9202292 kB
Committed_AS:   66227252 kB
VmallocTotal:   263061440 kB
VmallocUsed:      105192 kB
VmallocChunk:          0 kB
Percpu:             7552 kB
CmaTotal:         294912 kB
CmaFree:               0 kB
MemTotal:       12113140 kB
MemFree:          282600 kB
MemAvailable:    6867936 kB
Buffers:            6652 kB
Cached:          7048832 kB
SwapCached:            0 kB
Active:          4771776 kB
Inactive:        4600912 kB
Active(anon):    2110408 kB
Inactive(anon):   242688 kB
Active(file):    2661368 kB
Inactive(file):  4358224 kB
Unevictable:        5576 kB
Mlocked:            5576 kB
SwapTotal:       3145724 kB
SwapFree:        3142908 kB
Dirty:             13824 kB
Writeback:             0 kB
AnonPages:       2322960 kB
Mapped:           839448 kB
Shmem:             31356 kB
KReclaimable:     386664 kB
Slab:             223968 kB
SReclaimable:      81976 kB
SUnreclaim:       141992 kB
KernelStack:       48336 kB
PageTables:        65512 kB
NFS_Unstable:          0 kB
Bounce:                0 kB
WritebackTmp:          0 kB
CommitLimit:     9202292 kB
Committed_AS:   67557564 kB
VmallocTotal:   263061440 kB
VmallocUsed:      105504 kB
VmallocChunk:          0 kB
Percpu:             7552 kB
CmaTotal:         294912 kB
CmaFree:               0 kB
MemTotal:       12113140 kB
MemFree:          286880 kB
MemAvailable:    6870808 kB
Buffers:            6652 kB
Cached:          7048860 kB
SwapCached:            0 kB
Active:          4766880 kB
Inactive:        4600932 kB
Active(anon):    2105512 kB
Inactive(anon):   242708 kB
Active(file):    2661368 kB
Inactive(file):  4358224 kB
Unevictable:        5576 kB
Mlocked:            5576 kB
SwapTotal:       3145724 kB
SwapFree:        3142908 kB
Dirty:             13840 kB
Writeback:             0 kB
AnonPages:       2318024 kB
Mapped:           840004 kB
Shmem:             31384 kB
KReclaimable:     383848 kB
Slab:             223992 kB
SReclaimable:      81976 kB
SUnreclaim:       142016 kB
KernelStack:       48352 kB
PageTables:        65708 kB
NFS_Unstable:          0 kB
Bounce:                0 kB
WritebackTmp:          0 kB
CommitLimit:     9202292 kB
Committed_AS:   67559912 kB
VmallocTotal:   263061440 kB
VmallocUsed:      105488 kB
VmallocChunk:          0 kB
Percpu:             7552 kB
CmaTotal:         294912 kB
CmaFree:               0 kB
MemTotal:       12113140 kB
MemFree:          288400 kB
MemAvailable:    6872336 kB
Buffers:            6652 kB
Cached:          7048832 kB
SwapCached:            0 kB
Active:          4764860 kB
Inactive:        4600904 kB
Active(anon):    2103492 kB
Inactive(anon):   242680 kB
Active(file):    2661368 kB
Inactive(file):  4358224 kB
Unevictable:        5576 kB
Mlocked:            5576 kB
SwapTotal:       3145724 kB
SwapFree:        3142908 kB
Dirty:             13864 kB
Writeback:             0 kB
AnonPages:       2316216 kB
Mapped:           840652 kB
Shmem:             31356 kB
KReclaimable:     383864 kB
Slab:             224012 kB
SReclaimable:      81992 kB
SUnreclaim:       142020 kB
KernelStack:       48384 kB
PageTables:        65604 kB
NFS_Unstable:          0 kB
Bounce:                0 kB
WritebackTmp:          0 kB
CommitLimit:     9202292 kB
Committed_AS:   67558688 kB
VmallocTotal:   263061440 kB
VmallocUsed:      105456 kB
VmallocChunk:          0 kB
Percpu:             7552 kB
CmaTotal:         294912 kB
CmaFree:               0 kB
MemTotal:       12113140 kB
MemFree:          298016 kB
MemAvailable:    6884076 kB
Buffers:            6652 kB
Cached:          7050132 kB
SwapCached:            0 kB
Active:          4754544 kB
Inactive:        4600280 kB
Active(anon):    2091252 kB
Inactive(anon):   241880 kB
Active(file):    2663292 kB
Inactive(file):  4358400 kB
Unevictable:        5576 kB
Mlocked:            5576 kB
SwapTotal:       3145724 kB
SwapFree:        3142908 kB
Dirty:             15296 kB
Writeback:             0 kB
AnonPages:       2303856 kB
Mapped:           840352 kB
Shmem:             30556 kB
KReclaimable:     383912 kB
Slab:             224028 kB
SReclaimable:      82040 kB
SUnreclaim:       141988 kB
KernelStack:       48336 kB
PageTables:        65720 kB
NFS_Unstable:          0 kB
Bounce:                0 kB
WritebackTmp:          0 kB
CommitLimit:     9202292 kB
Committed_AS:   67554316 kB
VmallocTotal:   263061440 kB
VmallocUsed:      105472 kB
VmallocChunk:          0 kB
Percpu:             7552 kB
CmaTotal:         294912 kB
CmaFree:               0 kB
MemTotal:       12113140 kB
MemFree:          292408 kB
MemAvailable:    6884772 kB
Buffers:            6656 kB
Cached:          7049236 kB
SwapCached:            0 kB
Active:          4765968 kB
Inactive:        4594920 kB
Active(anon):    2098692 kB
Inactive(anon):   242340 kB
Active(file):    2667276 kB
Inactive(file):  4352580 kB
Unevictable:        5576 kB
Mlocked:            5576 kB
SwapTotal:       3145724 kB
SwapFree:        3142908 kB
Dirty:              4184 kB
Writeback:            60 kB
AnonPages:       2310744 kB
Mapped:           842228 kB
Shmem:             30992 kB
KReclaimable:     400192 kB
Slab:             224032 kB
SReclaimable:      82088 kB
SUnreclaim:       141944 kB
KernelStack:       48496 kB
PageTables:        65576 kB
NFS_Unstable:          0 kB
Bounce:                0 kB
WritebackTmp:          0 kB
CommitLimit:     9202292 kB
Committed_AS:   67563880 kB
VmallocTotal:   263061440 kB
VmallocUsed:      105568 kB
VmallocChunk:          0 kB
Percpu:             7552 kB
CmaTotal:         294912 kB
CmaFree:              72 kB
MemTotal:       12113140 kB
MemFree:          354460 kB
MemAvailable:    6988128 kB
Buffers:            6656 kB
Cached:          7049176 kB
SwapCached:            0 kB
Active:          4703344 kB
Inactive:        4594988 kB
Active(anon):    2035664 kB
Inactive(anon):   242304 kB
Active(file):    2667680 kB
Inactive(file):  4352684 kB
Unevictable:        5576 kB
Mlocked:            5576 kB
SwapTotal:       3145724 kB
SwapFree:        3142908 kB
Dirty:              4356 kB
Writeback:             0 kB
AnonPages:       2248120 kB
Mapped:           842568 kB
Shmem:             30932 kB
KReclaimable:     481780 kB
Slab:             224000 kB
SReclaimable:      82104 kB
SUnreclaim:       141896 kB
KernelStack:       48480 kB
PageTables:        65444 kB
NFS_Unstable:          0 kB
Bounce:                0 kB
WritebackTmp:          0 kB
CommitLimit:     9202292 kB
Committed_AS:   67560248 kB
VmallocTotal:   263061440 kB
VmallocUsed:      105616 kB
VmallocChunk:          0 kB
Percpu:             7552 kB
CmaTotal:         294912 kB
CmaFree:               0 kB
MemTotal:       12113140 kB
MemFree:          368616 kB
MemAvailable:    7063180 kB
Buffers:            6656 kB
Cached:          7049304 kB
SwapCached:            0 kB
Active:          4688284 kB
Inactive:        4595116 kB
Active(anon):    2020604 kB
Inactive(anon):   242304 kB
Active(file):    2667680 kB
Inactive(file):  4352812 kB
Unevictable:        5576 kB
Mlocked:            5576 kB
SwapTotal:       3145724 kB
SwapFree:        3142908 kB
Dirty:              4508 kB
Writeback:             0 kB
AnonPages:       2232904 kB
Mapped:           843472 kB
Shmem:             30932 kB
KReclaimable:     542776 kB
Slab:             224012 kB
SReclaimable:      82104 kB
SUnreclaim:       141908 kB
KernelStack:       48432 kB
PageTables:        65748 kB
NFS_Unstable:          0 kB
Bounce:                0 kB
WritebackTmp:          0 kB
CommitLimit:     9202292 kB
Committed_AS:   67555276 kB
VmallocTotal:   263061440 kB
VmallocUsed:      105376 kB
VmallocChunk:          0 kB
Percpu:             7552 kB
CmaTotal:         294912 kB
CmaFree:               0 kB
MemTotal:       12113140 kB
MemFree:          368708 kB
MemAvailable:    7063444 kB
Buffers:            6656 kB
Cached:          7049432 kB
SwapCached:            0 kB
Active:          4689796 kB
Inactive:        4595244 kB
Active(anon):    2022116 kB
Inactive(anon):   242304 kB
Active(file):    2667680 kB
Inactive(file):  4352940 kB
Unevictable:        5576 kB
Mlocked:            5576 kB
SwapTotal:       3145724 kB
SwapFree:        3142908 kB
Dirty:              4636 kB
Writeback:             0 kB
AnonPages:       2234536 kB
Mapped:           843068 kB
Shmem:             30932 kB
KReclaimable:     542820 kB
Slab:             223860 kB
SReclaimable:      82088 kB
SUnreclaim:       141772 kB
KernelStack:       48388 kB
PageTables:        65468 kB
NFS_Unstable:          0 kB
Bounce:                0 kB
WritebackTmp:          0 kB
CommitLimit:     9202292 kB
Committed_AS:   67561480 kB
VmallocTotal:   263061440 kB
VmallocUsed:      105344 kB
VmallocChunk:          0 kB
Percpu:             7552 kB
CmaTotal:         294912 kB
CmaFree:               0 kB
MemTotal:       12113140 kB
MemFree:          366412 kB
MemAvailable:    7061272 kB
Buffers:            6656 kB
Cached:          7049424 kB
SwapCached:            0 kB
Active:          4691436 kB
Inactive:        4595368 kB
Active(anon):    2023756 kB
Inactive(anon):   242304 kB
Active(file):    2667680 kB
Inactive(file):  4353064 kB
Unevictable:        5576 kB
Mlocked:            5576 kB
SwapTotal:       3145724 kB
SwapFree:        3142908 kB
Dirty:              4784 kB
Writeback:             0 kB
AnonPages:       2236388 kB
Mapped:           843260 kB
Shmem:             30932 kB
KReclaimable:     542820 kB
Slab:             223856 kB
SReclaimable:      82088 kB
SUnreclaim:       141768 kB
KernelStack:       48388 kB
PageTables:        65652 kB
NFS_Unstable:          0 kB
Bounce:                0 kB
WritebackTmp:          0 kB
CommitLimit:     9202292 kB
Committed_AS:   67557292 kB
VmallocTotal:   263061440 kB
VmallocUsed:      105312 kB
VmallocChunk:          0 kB
Percpu:             7552 kB
CmaTotal:         294912 kB
CmaFree:               0 kB
MemTotal:       12113140 kB
MemFree:          366784 kB
MemAvailable:    7061828 kB
Buffers:            6656 kB
Cached:          7049740 kB
SwapCached:            0 kB
Active:          4690284 kB
Inactive:        4595552 kB
Active(anon):    2022604 kB
Inactive(anon):   242304 kB
Active(file):    2667680 kB
Inactive(file):  4353248 kB
Unevictable:        5576 kB
Mlocked:            5576 kB
SwapTotal:       3145724 kB
SwapFree:        3142908 kB
Dirty:              5004 kB
Writeback:             0 kB
AnonPages:       2234680 kB
Mapped:           843164 kB
Shmem:             30932 kB
KReclaimable:     542820 kB
Slab:             223860 kB
SReclaimable:      82088 kB
SUnreclaim:       141772 kB
KernelStack:       48336 kB
PageTables:        65460 kB
NFS_Unstable:          0 kB
Bounce:                0 kB
WritebackTmp:          0 kB
CommitLimit:     9202292 kB
Committed_AS:   67557468 kB
VmallocTotal:   263061440 kB
VmallocUsed:      105312 kB
VmallocChunk:          0 kB
Percpu:             7552 kB
CmaTotal:         294912 kB
CmaFree:               8 kB
MemTotal:       12113140 kB
MemFree:          369896 kB
MemAvailable:    7084156 kB
Buffers:            6656 kB
Cached:          7049268 kB
SwapCached:            0 kB
Active:          4687316 kB
Inactive:        4595072 kB
Active(anon):    2019632 kB
Inactive(anon):   241688 kB
Active(file):    2667684 kB
Inactive(file):  4353384 kB
Unevictable:        5576 kB
Mlocked:            5576 kB
SwapTotal:       3145724 kB
SwapFree:        3142908 kB
Dirty:              5180 kB
Writeback:             0 kB
AnonPages:       2231980 kB
Mapped:           842544 kB
Shmem:             30320 kB
KReclaimable:     561896 kB
Slab:             223860 kB
SReclaimable:      82088 kB
SUnreclaim:       141772 kB
KernelStack:       48008 kB
PageTables:        65476 kB
NFS_Unstable:          0 kB
Bounce:                0 kB
WritebackTmp:          0 kB
CommitLimit:     9202292 kB
Committed_AS:   67556676 kB
VmallocTotal:   263061440 kB
VmallocUsed:      105008 kB
VmallocChunk:          0 kB
Percpu:             7552 kB
CmaTotal:         294912 kB
CmaFree:               0 kB
MemTotal:       12113140 kB
MemFree:          369764 kB
MemAvailable:    7084172 kB
Buffers:            6656 kB
Cached:          7049412 kB
SwapCached:            0 kB
Active:          4687824 kB
Inactive:        4595216 kB
Active(anon):    2020140 kB
Inactive(anon):   241688 kB
Active(file):    2667684 kB
Inactive(file):  4353528 kB
Unevictable:        5576 kB
Mlocked:            5576 kB
SwapTotal:       3145724 kB
SwapFree:        3142908 kB
Dirty:              5332 kB
Writeback:             0 kB
AnonPages:       2232408 kB
Mapped:           842652 kB
Shmem:             30320 kB
KReclaimable:     561900 kB
Slab:             223860 kB
SReclaimable:      82088 kB
SUnreclaim:       141772 kB
KernelStack:       47988 kB
PageTables:        65416 kB
NFS_Unstable:          0 kB
Bounce:                0 kB
WritebackTmp:          0 kB
CommitLimit:     9202292 kB
Committed_AS:   67559284 kB
VmallocTotal:   263061440 kB
VmallocUsed:      104992 kB
VmallocChunk:          0 kB
Percpu:             7552 kB
CmaTotal:         294912 kB
CmaFree:               0 kB
MemTotal:       12113140 kB
MemFree:          369220 kB
MemAvailable:    7083756 kB
Buffers:            6656 kB
Cached:          7049540 kB
SwapCached:            0 kB
Active:          4687932 kB
Inactive:        4595344 kB
Active(anon):    2020248 kB
Inactive(anon):   241688 kB
Active(file):    2667684 kB
Inactive(file):  4353656 kB
Unevictable:        5576 kB
Mlocked:            5576 kB
SwapTotal:       3145724 kB
SwapFree:        3142908 kB
Dirty:              5460 kB
Writeback:             0 kB
AnonPages:       2232472 kB
Mapped:           842652 kB
Shmem:             30320 kB
KReclaimable:     561900 kB
Slab:             223860 kB
SReclaimable:      82088 kB
SUnreclaim:       141772 kB
KernelStack:       47972 kB
PageTables:        65532 kB
NFS_Unstable:          0 kB
Bounce:                0 kB
WritebackTmp:          0 kB
CommitLimit:     9202292 kB
Committed_AS:   67551124 kB
VmallocTotal:   263061440 kB
VmallocUsed:      104960 kB
VmallocChunk:          0 kB
Percpu:             7552 kB
CmaTotal:         294912 kB
CmaFree:               0 kB
MemTotal:       12113140 kB
MemFree:          369440 kB
MemAvailable:    7084204 kB
Buffers:            6656 kB
Cached:          7049800 kB
SwapCached:            0 kB
Active:          4688736 kB
Inactive:        4595604 kB
Active(anon):    2021052 kB
Inactive(anon):   241688 kB
Active(file):    2667684 kB
Inactive(file):  4353916 kB
Unevictable:        5576 kB
Mlocked:            5576 kB
SwapTotal:       3145724 kB
SwapFree:        3142908 kB
Dirty:              5724 kB
Writeback:             0 kB
AnonPages:       2233436 kB
Mapped:           842488 kB
Shmem:             30320 kB
KReclaimable:     561868 kB
Slab:             223856 kB
SReclaimable:      82088 kB
SUnreclaim:       141768 kB
KernelStack:       47952 kB
PageTables:        65604 kB
NFS_Unstable:          0 kB
Bounce:                0 kB
WritebackTmp:          0 kB
CommitLimit:     9202292 kB
Committed_AS:   67548700 kB
VmallocTotal:   263061440 kB
VmallocUsed:      104928 kB
VmallocChunk:          0 kB
Percpu:             7552 kB
CmaTotal:         294912 kB
CmaFree:               0 kB
MemTotal:       12113140 kB
MemFree:          369060 kB
MemAvailable:    7083952 kB
Buffers:            6656 kB
Cached:          7049928 kB
SwapCached:            0 kB
Active:          4688920 kB
Inactive:        4595728 kB
Active(anon):    2021232 kB
Inactive(anon):   241688 kB
Active(file):    2667688 kB
Inactive(file):  4354040 kB
Unevictable:        5576 kB
Mlocked:            5576 kB
SwapTotal:       3145724 kB
SwapFree:        3142908 kB
Dirty:              5872 kB
Writeback:            12 kB
AnonPages:       2233644 kB
Mapped:           842480 kB
Shmem:             30320 kB
KReclaimable:     561868 kB
Slab:             223856 kB
SReclaimable:      82088 kB
SUnreclaim:       141768 kB
KernelStack:       47888 kB
PageTables:        65500 kB
NFS_Unstable:          0 kB
Bounce:                0 kB
WritebackTmp:          0 kB
CommitLimit:     9202292 kB
Committed_AS:   67555812 kB
VmallocTotal:   263061440 kB
VmallocUsed:      104960 kB
VmallocChunk:          0 kB
Percpu:             7552 kB
CmaTotal:         294912 kB
CmaFree:               0 kB
MemTotal:       12113140 kB
MemFree:          369848 kB
MemAvailable:    7084744 kB
Buffers:            6656 kB
Cached:          7049932 kB
SwapCached:            0 kB
Active:          4689564 kB
Inactive:        4595732 kB
Active(anon):    2021876 kB
Inactive(anon):   241688 kB
Active(file):    2667688 kB
Inactive(file):  4354044 kB
Unevictable:        5576 kB
Mlocked:            5576 kB
SwapTotal:       3145724 kB
SwapFree:        3142908 kB
Dirty:              5868 kB
Writeback:             0 kB
AnonPages:       2233828 kB
Mapped:           842676 kB
Shmem:             30320 kB
KReclaimable:     561868 kB
Slab:             223856 kB
SReclaimable:      82088 kB
SUnreclaim:       141768 kB
KernelStack:       47952 kB
PageTables:        65368 kB
NFS_Unstable:          0 kB
Bounce:                0 kB
WritebackTmp:          0 kB
CommitLimit:     9202292 kB
Committed_AS:   67551188 kB
VmallocTotal:   263061440 kB
VmallocUsed:      104912 kB
VmallocChunk:          0 kB
Percpu:             7552 kB
CmaTotal:         294912 kB
CmaFree:               0 kB
MemTotal:       12113140 kB
MemFree:          368672 kB
MemAvailable:    7083828 kB
Buffers:            6656 kB
Cached:          7050192 kB
SwapCached:            0 kB
Active:          4689944 kB
Inactive:        4595992 kB
Active(anon):    2022256 kB
Inactive(anon):   241688 kB
Active(file):    2667688 kB
Inactive(file):  4354304 kB
Unevictable:        5576 kB
Mlocked:            5576 kB
SwapTotal:       3145724 kB
SwapFree:        3142908 kB
Dirty:              6144 kB
Writeback:             0 kB
AnonPages:       2234584 kB
Mapped:           842704 kB
Shmem:             30320 kB
KReclaimable:     561868 kB
Slab:             223864 kB
SReclaimable:      82088 kB
SUnreclaim:       141776 kB
KernelStack:       47968 kB
PageTables:        65440 kB
NFS_Unstable:          0 kB
Bounce:                0 kB
WritebackTmp:          0 kB
CommitLimit:     9202292 kB
Committed_AS:   67551232 kB
VmallocTotal:   263061440 kB
VmallocUsed:      104912 kB
VmallocChunk:          0 kB
Percpu:             7552 kB
CmaTotal:         294912 kB
CmaFree:               0 kB
MemTotal:       12113140 kB
MemFree:          407020 kB
MemAvailable:    7327556 kB
Buffers:            6656 kB
Cached:          7050196 kB
SwapCached:            0 kB
Active:          4651548 kB
Inactive:        4595996 kB
Active(anon):    1983860 kB
Inactive(anon):   241692 kB
Active(file):    2667688 kB
Inactive(file):  4354304 kB
Unevictable:        5576 kB
Mlocked:            5576 kB
SwapTotal:       3145724 kB
SwapFree:        3142908 kB
Dirty:              6144 kB
Writeback:             0 kB
AnonPages:       2196264 kB
Mapped:           722676 kB
Shmem:             30324 kB
KReclaimable:     767248 kB
Slab:             224136 kB
SReclaimable:      82088 kB
SUnreclaim:       142048 kB
KernelStack:       47936 kB
PageTables:        65364 kB
NFS_Unstable:          0 kB
Bounce:                0 kB
WritebackTmp:          0 kB
CommitLimit:     9202292 kB
Committed_AS:   67533432 kB
VmallocTotal:   263061440 kB
VmallocUsed:      104928 kB
VmallocChunk:          0 kB
Percpu:             7552 kB
CmaTotal:         294912 kB
CmaFree:               0 kB
MemTotal:       12113140 kB
MemFree:          681092 kB
MemAvailable:    7580304 kB
Buffers:            6656 kB
Cached:          7050324 kB
SwapCached:            0 kB
Active:          4381464 kB
Inactive:        4593652 kB
Active(anon):    1711304 kB
Inactive(anon):   241692 kB
Active(file):    2670160 kB
Inactive(file):  4351960 kB
Unevictable:        5576 kB
Mlocked:            5576 kB
SwapTotal:       3145724 kB
SwapFree:        3142908 kB
Dirty:              6284 kB
Writeback:             0 kB
AnonPages:       1923764 kB
Mapped:           733192 kB
Shmem:             30324 kB
KReclaimable:     745796 kB
Slab:             224156 kB
SReclaimable:      82088 kB
SUnreclaim:       142068 kB
KernelStack:       47968 kB
PageTables:        64500 kB
NFS_Unstable:          0 kB
Bounce:                0 kB
WritebackTmp:          0 kB
CommitLimit:     9202292 kB
Committed_AS:   67158004 kB
VmallocTotal:   263061440 kB
VmallocUsed:      104928 kB
VmallocChunk:          0 kB
Percpu:             7552 kB
CmaTotal:         294912 kB
CmaFree:               0 kB
MemTotal:       12113140 kB
MemFree:          745500 kB
MemAvailable:    7419156 kB
Buffers:            6656 kB
Cached:          7050452 kB
SwapCached:            0 kB
Active:          4393528 kB
Inactive:        4516084 kB
Active(anon):    1645672 kB
Inactive(anon):   241692 kB
Active(file):    2747856 kB
Inactive(file):  4274392 kB
Unevictable:        5576 kB
Mlocked:            5576 kB
SwapTotal:       3145724 kB
SwapFree:        3142908 kB
Dirty:              6412 kB
Writeback:             0 kB
AnonPages:       1858164 kB
Mapped:           901100 kB
Shmem:             30324 kB
KReclaimable:     520112 kB
Slab:             224240 kB
SReclaimable:      82088 kB
SUnreclaim:       142152 kB
KernelStack:       47984 kB
PageTables:        65072 kB
NFS_Unstable:          0 kB
Bounce:                0 kB
WritebackTmp:          0 kB
CommitLimit:     9202292 kB
Committed_AS:   67153076 kB
VmallocTotal:   263061440 kB
VmallocUsed:      104928 kB
VmallocChunk:          0 kB
Percpu:             7552 kB
CmaTotal:         294912 kB
CmaFree:               8 kB
MemTotal:       12113140 kB
MemFree:          730680 kB
MemAvailable:    7402776 kB
Buffers:            6656 kB
Cached:          7051120 kB
SwapCached:            0 kB
Active:          4408548 kB
Inactive:        4516072 kB
Active(anon):    1660432 kB
Inactive(anon):   241680 kB
Active(file):    2748116 kB
Inactive(file):  4274392 kB
Unevictable:        5576 kB
Mlocked:            5576 kB
SwapTotal:       3145724 kB
SwapFree:        3142908 kB
Dirty:              6424 kB
Writeback:             0 kB
AnonPages:       1872988 kB
Mapped:           901872 kB
Shmem:             30604 kB
KReclaimable:     518292 kB
Slab:             224216 kB
SReclaimable:      82088 kB
SUnreclaim:       142128 kB
KernelStack:       47904 kB
PageTables:        64940 kB
NFS_Unstable:          0 kB
Bounce:                0 kB
WritebackTmp:          0 kB
CommitLimit:     9202292 kB
Committed_AS:   67162736 kB
VmallocTotal:   263061440 kB
VmallocUsed:      104928 kB
VmallocChunk:          0 kB
Percpu:             7552 kB
CmaTotal:         294912 kB
CmaFree:               0 kB
MemTotal:       12113140 kB
MemFree:          659344 kB
MemAvailable:    7309292 kB
Buffers:            6664 kB
Cached:          7050920 kB
SwapCached:            0 kB
Active:          4406772 kB
Inactive:        4516212 kB
Active(anon):    1658580 kB
Inactive(anon):   241692 kB
Active(file):    2748192 kB
Inactive(file):  4274520 kB
Unevictable:        5576 kB
Mlocked:            5576 kB
SwapTotal:       3145724 kB
SwapFree:        3142908 kB
Dirty:              6552 kB
Writeback:             0 kB
AnonPages:       1871356 kB
Mapped:           910644 kB
Shmem:             30324 kB
KReclaimable:     495940 kB
Slab:             224264 kB
SReclaimable:      82088 kB
SUnreclaim:       142176 kB
KernelStack:       47840 kB
PageTables:        64792 kB
NFS_Unstable:          0 kB
Bounce:                0 kB
WritebackTmp:          0 kB
CommitLimit:     9202292 kB
Committed_AS:   67162504 kB
VmallocTotal:   263061440 kB
VmallocUsed:      104864 kB
VmallocChunk:          0 kB
Percpu:             7552 kB
CmaTotal:         294912 kB
CmaFree:               0 kB
MemTotal:       12113140 kB
MemFree:          580656 kB
MemAvailable:    7230448 kB
Buffers:            6664 kB
Cached:          7051112 kB
SwapCached:            0 kB
Active:          4426232 kB
Inactive:        4516396 kB
Active(anon):    1678024 kB
Inactive(anon):   241844 kB
Active(file):    2748208 kB
Inactive(file):  4274552 kB
Unevictable:        5576 kB
Mlocked:            5576 kB
SwapTotal:       3145724 kB
SwapFree:        3142908 kB
Dirty:              6560 kB
Writeback:             0 kB
AnonPages:       1889932 kB
Mapped:           925452 kB
Shmem:             30480 kB
KReclaimable:     495736 kB
Slab:             224476 kB
SReclaimable:      82088 kB
SUnreclaim:       142388 kB
KernelStack:       47840 kB
PageTables:        65056 kB
NFS_Unstable:          0 kB
Bounce:                0 kB
WritebackTmp:          0 kB
CommitLimit:     9202292 kB
Committed_AS:   67163400 kB
VmallocTotal:   263061440 kB
VmallocUsed:      104848 kB
