MemTotal:       12113136 kB
MemFree:         6098032 kB
MemAvailable:    7720540 kB
Buffers:            5820 kB
Cached:          1844816 kB
SwapCached:            0 kB
Active:          1716412 kB
Inactive:        1604620 kB
Active(anon):    1476752 kB
Inactive(anon):    25544 kB
Active(file):     239660 kB
Inactive(file):  1579076 kB
Unevictable:        5508 kB
Mlocked:            5508 kB
SwapTotal:       3145724 kB
SwapFree:        3145724 kB
Dirty:               304 kB
Writeback:             0 kB
AnonPages:       1475508 kB
Mapped:           863556 kB
Shmem:             27448 kB
KReclaimable:     672476 kB
Slab:             225260 kB
SReclaimable:      77856 kB
SUnreclaim:       147404 kB
KernelStack:       47064 kB
PageTables:        63788 kB
NFS_Unstable:          0 kB
Bounce:                0 kB
WritebackTmp:          0 kB
CommitLimit:     9202292 kB
Committed_AS:   67612172 kB
VmallocTotal:   263061440 kB
VmallocUsed:      104056 kB
VmallocChunk:          0 kB
Percpu:             7616 kB
CmaTotal:         294912 kB
CmaFree:               0 kB
MemTotal:       12113136 kB
MemFree:         6098232 kB
MemAvailable:    7720832 kB
Buffers:            5820 kB
Cached:          1844892 kB
SwapCached:            0 kB
Active:          1717572 kB
Inactive:        1604660 kB
Active(anon):    1477876 kB
Inactive(anon):    25544 kB
Active(file):     239696 kB
Inactive(file):  1579116 kB
Unevictable:        5508 kB
Mlocked:            5508 kB
SwapTotal:       3145724 kB
SwapFree:        3145724 kB
Dirty:               188 kB
Writeback:             0 kB
AnonPages:       1476816 kB
Mapped:           863400 kB
Shmem:             27448 kB
KReclaimable:     672492 kB
Slab:             225300 kB
SReclaimable:      77872 kB
SUnreclaim:       147428 kB
KernelStack:       47088 kB
PageTables:        64096 kB
NFS_Unstable:          0 kB
Bounce:                0 kB
WritebackTmp:          0 kB
CommitLimit:     9202292 kB
Committed_AS:   67611816 kB
VmallocTotal:   263061440 kB
VmallocUsed:      104056 kB
VmallocChunk:          0 kB
Percpu:             7616 kB
CmaTotal:         294912 kB
CmaFree:               0 kB
MemTotal:       12113136 kB
MemFree:         6096484 kB
MemAvailable:    7719100 kB
Buffers:            5820 kB
Cached:          1844908 kB
SwapCached:            0 kB
Active:          1718792 kB
Inactive:        1604668 kB
Active(anon):    1479088 kB
Inactive(anon):    25544 kB
Active(file):     239704 kB
Inactive(file):  1579124 kB
Unevictable:        5508 kB
Mlocked:            5508 kB
SwapTotal:       3145724 kB
SwapFree:        3145724 kB
Dirty:               212 kB
Writeback:             0 kB
AnonPages:       1478308 kB
Mapped:           863400 kB
Shmem:             27448 kB
KReclaimable:     672492 kB
Slab:             225320 kB
SReclaimable:      77872 kB
SUnreclaim:       147448 kB
KernelStack:       47088 kB
PageTables:        64080 kB
NFS_Unstable:          0 kB
Bounce:                0 kB
WritebackTmp:          0 kB
CommitLimit:     9202292 kB
Committed_AS:   67611812 kB
VmallocTotal:   263061440 kB
VmallocUsed:      104040 kB
VmallocChunk:          0 kB
Percpu:             7616 kB
CmaTotal:         294912 kB
CmaFree:               0 kB
MemTotal:       12113136 kB
MemFree:         6095536 kB
MemAvailable:    7716116 kB
Buffers:            5820 kB
Cached:          1845104 kB
SwapCached:            0 kB
Active:          1721852 kB
Inactive:        1604840 kB
Active(anon):    1482148 kB
Inactive(anon):    25700 kB
Active(file):     239704 kB
Inactive(file):  1579140 kB
Unevictable:        5508 kB
Mlocked:            5508 kB
SwapTotal:       3145724 kB
SwapFree:        3145724 kB
Dirty:               256 kB
Writeback:             0 kB
AnonPages:       1481516 kB
Mapped:           864000 kB
Shmem:             27628 kB
KReclaimable:     670440 kB
Slab:             225312 kB
SReclaimable:      77872 kB
SUnreclaim:       147440 kB
KernelStack:       47120 kB
PageTables:        64020 kB
NFS_Unstable:          0 kB
Bounce:                0 kB
WritebackTmp:          0 kB
CommitLimit:     9202292 kB
Committed_AS:   67608664 kB
VmallocTotal:   263061440 kB
VmallocUsed:      104104 kB
VmallocChunk:          0 kB
Percpu:             7616 kB
CmaTotal:         294912 kB
CmaFree:               0 kB
MemTotal:       12113136 kB
MemFree:         6105816 kB
MemAvailable:    7726412 kB
Buffers:            5828 kB
Cached:          1845100 kB
SwapCached:            0 kB
Active:          1707820 kB
Inactive:        1604844 kB
Active(anon):    1468116 kB
Inactive(anon):    25688 kB
Active(file):     239704 kB
Inactive(file):  1579156 kB
Unevictable:        5508 kB
Mlocked:            5508 kB
SwapTotal:       3145724 kB
SwapFree:        3145724 kB
Dirty:               300 kB
Writeback:             0 kB
AnonPages:       1467308 kB
Mapped:           863956 kB
Shmem:             27616 kB
KReclaimable:     670440 kB
Slab:             225304 kB
SReclaimable:      77872 kB
SUnreclaim:       147432 kB
KernelStack:       47188 kB
PageTables:        64112 kB
NFS_Unstable:          0 kB
Bounce:                0 kB
WritebackTmp:          0 kB
CommitLimit:     9202292 kB
Committed_AS:   67607828 kB
VmallocTotal:   263061440 kB
VmallocUsed:      104120 kB
VmallocChunk:          0 kB
Percpu:             7616 kB
CmaTotal:         294912 kB
CmaFree:              84 kB
MemTotal:       12113136 kB
MemFree:         6105864 kB
MemAvailable:    7726500 kB
Buffers:            5828 kB
Cached:          1845140 kB
SwapCached:            0 kB
Active:          1708960 kB
Inactive:        1604876 kB
Active(anon):    1469248 kB
Inactive(anon):    25688 kB
Active(file):     239712 kB
Inactive(file):  1579188 kB
Unevictable:        5508 kB
Mlocked:            5508 kB
SwapTotal:       3145724 kB
SwapFree:        3145724 kB
Dirty:               340 kB
Writeback:             0 kB
AnonPages:       1468276 kB
Mapped:           863868 kB
Shmem:             27616 kB
KReclaimable:     670440 kB
Slab:             225288 kB
SReclaimable:      77872 kB
SUnreclaim:       147416 kB
KernelStack:       47120 kB
PageTables:        64048 kB
NFS_Unstable:          0 kB
Bounce:                0 kB
WritebackTmp:          0 kB
CommitLimit:     9202292 kB
Committed_AS:   67607888 kB
VmallocTotal:   263061440 kB
VmallocUsed:      104104 kB
VmallocChunk:          0 kB
Percpu:             7616 kB
CmaTotal:         294912 kB
CmaFree:             136 kB
MemTotal:       12113136 kB
MemFree:         6104960 kB
MemAvailable:    7725604 kB
Buffers:            5828 kB
Cached:          1845164 kB
SwapCached:            0 kB
Active:          1709340 kB
Inactive:        1604900 kB
Active(anon):    1469628 kB
Inactive(anon):    25704 kB
Active(file):     239712 kB
Inactive(file):  1579196 kB
Unevictable:        5508 kB
Mlocked:            5508 kB
SwapTotal:       3145724 kB
SwapFree:        3145724 kB
Dirty:               432 kB
Writeback:             0 kB
AnonPages:       1468772 kB
Mapped:           864108 kB
Shmem:             27632 kB
KReclaimable:     670440 kB
Slab:             225312 kB
SReclaimable:      77872 kB
SUnreclaim:       147440 kB
KernelStack:       47104 kB
PageTables:        64044 kB
NFS_Unstable:          0 kB
Bounce:                0 kB
WritebackTmp:          0 kB
CommitLimit:     9202292 kB
Committed_AS:   67613208 kB
VmallocTotal:   263061440 kB
VmallocUsed:      104168 kB
VmallocChunk:          0 kB
Percpu:             7616 kB
CmaTotal:         294912 kB
CmaFree:              12 kB
MemTotal:       12113136 kB
MemFree:         6104112 kB
MemAvailable:    7724768 kB
Buffers:            5828 kB
Cached:          1845176 kB
SwapCached:            0 kB
Active:          1710344 kB
Inactive:        1604912 kB
Active(anon):    1470632 kB
Inactive(anon):    25704 kB
Active(file):     239712 kB
Inactive(file):  1579208 kB
Unevictable:        5508 kB
Mlocked:            5508 kB
SwapTotal:       3145724 kB
SwapFree:        3145724 kB
Dirty:               476 kB
Writeback:             0 kB
AnonPages:       1469632 kB
Mapped:           864136 kB
Shmem:             27632 kB
KReclaimable:     670440 kB
Slab:             225304 kB
SReclaimable:      77872 kB
SUnreclaim:       147432 kB
KernelStack:       47172 kB
PageTables:        64028 kB
NFS_Unstable:          0 kB
Bounce:                0 kB
WritebackTmp:          0 kB
CommitLimit:     9202292 kB
Committed_AS:   67617544 kB
VmallocTotal:   263061440 kB
VmallocUsed:      104168 kB
VmallocChunk:          0 kB
Percpu:             7616 kB
CmaTotal:         294912 kB
CmaFree:               0 kB
MemTotal:       12113136 kB
MemFree:         6104024 kB
MemAvailable:    7724696 kB
Buffers:            5828 kB
Cached:          1845192 kB
SwapCached:            0 kB
Active:          1710608 kB
Inactive:        1604928 kB
Active(anon):    1470896 kB
Inactive(anon):    25704 kB
Active(file):     239712 kB
Inactive(file):  1579224 kB
Unevictable:        5508 kB
Mlocked:            5508 kB
SwapTotal:       3145724 kB
SwapFree:        3145724 kB
Dirty:               508 kB
Writeback:             0 kB
AnonPages:       1470144 kB
Mapped:           863976 kB
Shmem:             27632 kB
KReclaimable:     670440 kB
Slab:             225312 kB
SReclaimable:      77872 kB
SUnreclaim:       147440 kB
KernelStack:       47120 kB
PageTables:        64072 kB
NFS_Unstable:          0 kB
Bounce:                0 kB
WritebackTmp:          0 kB
CommitLimit:     9202292 kB
Committed_AS:   67613064 kB
VmallocTotal:   263061440 kB
VmallocUsed:      104136 kB
VmallocChunk:          0 kB
Percpu:             7616 kB
CmaTotal:         294912 kB
CmaFree:               0 kB
MemTotal:       12113136 kB
MemFree:         6114076 kB
MemAvailable:    7734756 kB
Buffers:            5828 kB
Cached:          1844972 kB
SwapCached:            0 kB
Active:          1700988 kB
Inactive:        1604908 kB
Active(anon):    1461276 kB
Inactive(anon):    25676 kB
Active(file):     239712 kB
Inactive(file):  1579232 kB
Unevictable:        5508 kB
Mlocked:            5508 kB
SwapTotal:       3145724 kB
SwapFree:        3145724 kB
Dirty:               540 kB
Writeback:             0 kB
AnonPages:       1460524 kB
Mapped:           864172 kB
Shmem:             27404 kB
KReclaimable:     670440 kB
Slab:             225288 kB
SReclaimable:      77872 kB
SUnreclaim:       147416 kB
KernelStack:       47120 kB
PageTables:        64028 kB
NFS_Unstable:          0 kB
Bounce:                0 kB
WritebackTmp:          0 kB
CommitLimit:     9202292 kB
Committed_AS:   67612640 kB
VmallocTotal:   263061440 kB
VmallocUsed:      104120 kB
VmallocChunk:          0 kB
Percpu:             7616 kB
CmaTotal:         294912 kB
CmaFree:               0 kB
MemTotal:       12113136 kB
MemFree:         6113748 kB
MemAvailable:    7734440 kB
Buffers:            5828 kB
Cached:          1845216 kB
SwapCached:            0 kB
Active:          1702648 kB
Inactive:        1604952 kB
Active(anon):    1462936 kB
Inactive(anon):    25708 kB
Active(file):     239712 kB
Inactive(file):  1579244 kB
Unevictable:        5508 kB
Mlocked:            5508 kB
SwapTotal:       3145724 kB
SwapFree:        3145724 kB
Dirty:               580 kB
Writeback:             0 kB
AnonPages:       1461928 kB
Mapped:           864184 kB
Shmem:             27636 kB
KReclaimable:     670440 kB
Slab:             225308 kB
SReclaimable:      77872 kB
SUnreclaim:       147436 kB
KernelStack:       47164 kB
PageTables:        64132 kB
NFS_Unstable:          0 kB
Bounce:                0 kB
WritebackTmp:          0 kB
CommitLimit:     9202292 kB
Committed_AS:   67612508 kB
VmallocTotal:   263061440 kB
VmallocUsed:      104120 kB
VmallocChunk:          0 kB
Percpu:             7616 kB
CmaTotal:         294912 kB
CmaFree:               0 kB
MemTotal:       12113136 kB
MemFree:         6112668 kB
MemAvailable:    7733368 kB
Buffers:            5828 kB
Cached:          1845228 kB
SwapCached:            0 kB
Active:          1703808 kB
Inactive:        1604964 kB
Active(anon):    1464096 kB
Inactive(anon):    25712 kB
Active(file):     239712 kB
Inactive(file):  1579252 kB
Unevictable:        5508 kB
Mlocked:            5508 kB
SwapTotal:       3145724 kB
SwapFree:        3145724 kB
Dirty:               248 kB
Writeback:             0 kB
AnonPages:       1462680 kB
Mapped:           864128 kB
Shmem:             27640 kB
KReclaimable:     670440 kB
Slab:             225304 kB
SReclaimable:      77872 kB
SUnreclaim:       147432 kB
KernelStack:       47088 kB
PageTables:        64172 kB
NFS_Unstable:          0 kB
Bounce:                0 kB
WritebackTmp:          0 kB
CommitLimit:     9202292 kB
Committed_AS:   67616872 kB
VmallocTotal:   263061440 kB
VmallocUsed:      104168 kB
VmallocChunk:          0 kB
Percpu:             7616 kB
CmaTotal:         294912 kB
CmaFree:               0 kB
MemTotal:       12113136 kB
MemFree:         6108184 kB
MemAvailable:    7728888 kB
Buffers:            5828 kB
Cached:          1845512 kB
SwapCached:            0 kB
Active:          1704660 kB
Inactive:        1605052 kB
Active(anon):    1464948 kB
Inactive(anon):    25796 kB
Active(file):     239712 kB
Inactive(file):  1579256 kB
Unevictable:        5508 kB
Mlocked:            5508 kB
SwapTotal:       3145724 kB
SwapFree:        3145724 kB
Dirty:               360 kB
Writeback:             0 kB
AnonPages:       1463744 kB
Mapped:           864320 kB
Shmem:             27920 kB
KReclaimable:     670440 kB
Slab:             225312 kB
SReclaimable:      77872 kB
SUnreclaim:       147440 kB
KernelStack:       47140 kB
PageTables:        64072 kB
NFS_Unstable:          0 kB
Bounce:                0 kB
WritebackTmp:          0 kB
CommitLimit:     9202292 kB
Committed_AS:   67618508 kB
VmallocTotal:   263061440 kB
VmallocUsed:      104152 kB
VmallocChunk:          0 kB
Percpu:             7616 kB
CmaTotal:         294912 kB
CmaFree:               0 kB
MemTotal:       12113136 kB
MemFree:         6108288 kB
MemAvailable:    7729016 kB
Buffers:            5828 kB
Cached:          1845256 kB
SwapCached:            0 kB
Active:          1707004 kB
Inactive:        1604992 kB
Active(anon):    1467292 kB
Inactive(anon):    25712 kB
Active(file):     239712 kB
Inactive(file):  1579280 kB
Unevictable:        5508 kB
Mlocked:            5508 kB
SwapTotal:       3145724 kB
SwapFree:        3145724 kB
Dirty:               408 kB
Writeback:             0 kB
AnonPages:       1466272 kB
Mapped:           864408 kB
Shmem:             27640 kB
KReclaimable:     670440 kB
Slab:             225296 kB
SReclaimable:      77872 kB
SUnreclaim:       147424 kB
KernelStack:       47200 kB
PageTables:        64096 kB
NFS_Unstable:          0 kB
Bounce:                0 kB
WritebackTmp:          0 kB
CommitLimit:     9202292 kB
Committed_AS:   67618424 kB
VmallocTotal:   263061440 kB
VmallocUsed:      104168 kB
VmallocChunk:          0 kB
Percpu:             7616 kB
CmaTotal:         294912 kB
CmaFree:               8 kB
MemTotal:       12113136 kB
MemFree:         6107840 kB
MemAvailable:    7728580 kB
Buffers:            5828 kB
Cached:          1845268 kB
SwapCached:            0 kB
Active:          1707768 kB
Inactive:        1605004 kB
Active(anon):    1468056 kB
Inactive(anon):    25712 kB
Active(file):     239712 kB
Inactive(file):  1579292 kB
Unevictable:        5508 kB
Mlocked:            5508 kB
SwapTotal:       3145724 kB
SwapFree:        3145724 kB
Dirty:               472 kB
Writeback:             0 kB
AnonPages:       1467332 kB
Mapped:           864296 kB
Shmem:             27640 kB
KReclaimable:     670440 kB
Slab:             225312 kB
SReclaimable:      77872 kB
SUnreclaim:       147440 kB
KernelStack:       47188 kB
PageTables:        63976 kB
NFS_Unstable:          0 kB
Bounce:                0 kB
WritebackTmp:          0 kB
CommitLimit:     9202292 kB
Committed_AS:   67619036 kB
VmallocTotal:   263061440 kB
VmallocUsed:      104152 kB
VmallocChunk:          0 kB
Percpu:             7616 kB
CmaTotal:         294912 kB
CmaFree:              40 kB
MemTotal:       12113136 kB
MemFree:         6160452 kB
MemAvailable:    7781208 kB
Buffers:            5828 kB
Cached:          1845476 kB
SwapCached:            0 kB
Active:          1655644 kB
Inactive:        1605192 kB
Active(anon):    1415932 kB
Inactive(anon):    25884 kB
Active(file):     239712 kB
Inactive(file):  1579308 kB
Unevictable:        5508 kB
Mlocked:            5508 kB
SwapTotal:       3145724 kB
SwapFree:        3145724 kB
Dirty:               540 kB
Writeback:             0 kB
AnonPages:       1414756 kB
Mapped:           864484 kB
Shmem:             27832 kB
KReclaimable:     670440 kB
Slab:             225304 kB
SReclaimable:      77872 kB
SUnreclaim:       147432 kB
KernelStack:       47172 kB
PageTables:        63956 kB
NFS_Unstable:          0 kB
Bounce:                0 kB
WritebackTmp:          0 kB
CommitLimit:     9202292 kB
Committed_AS:   67618824 kB
VmallocTotal:   263061440 kB
VmallocUsed:      104232 kB
VmallocChunk:          0 kB
Percpu:             7616 kB
CmaTotal:         294912 kB
CmaFree:              56 kB
MemTotal:       12113136 kB
MemFree:         6158804 kB
MemAvailable:    7779608 kB
Buffers:            5828 kB
Cached:          1845428 kB
SwapCached:            0 kB
Active:          1657592 kB
Inactive:        1605164 kB
Active(anon):    1417880 kB
Inactive(anon):    25840 kB
Active(file):     239712 kB
Inactive(file):  1579324 kB
Unevictable:        5508 kB
Mlocked:            5508 kB
SwapTotal:       3145724 kB
SwapFree:        3145724 kB
Dirty:               576 kB
Writeback:             0 kB
AnonPages:       1416960 kB
Mapped:           864364 kB
Shmem:             27768 kB
KReclaimable:     670440 kB
Slab:             225312 kB
SReclaimable:      77872 kB
SUnreclaim:       147440 kB
KernelStack:       47200 kB
PageTables:        64088 kB
NFS_Unstable:          0 kB
Bounce:                0 kB
WritebackTmp:          0 kB
CommitLimit:     9202292 kB
Committed_AS:   67618484 kB
VmallocTotal:   263061440 kB
VmallocUsed:      104232 kB
VmallocChunk:          0 kB
Percpu:             7616 kB
CmaTotal:         294912 kB
CmaFree:              52 kB
MemTotal:       12113136 kB
MemFree:         6156660 kB
MemAvailable:    7777436 kB
Buffers:            5828 kB
Cached:          1845436 kB
SwapCached:            0 kB
Active:          1659004 kB
Inactive:        1605172 kB
Active(anon):    1419292 kB
Inactive(anon):    25844 kB
Active(file):     239712 kB
Inactive(file):  1579328 kB
Unevictable:        5508 kB
Mlocked:            5508 kB
SwapTotal:       3145724 kB
SwapFree:        3145724 kB
Dirty:               600 kB
Writeback:             0 kB
AnonPages:       1418516 kB
Mapped:           864524 kB
Shmem:             27772 kB
KReclaimable:     670440 kB
Slab:             225288 kB
SReclaimable:      77872 kB
SUnreclaim:       147416 kB
KernelStack:       47252 kB
PageTables:        64060 kB
NFS_Unstable:          0 kB
Bounce:                0 kB
WritebackTmp:          0 kB
CommitLimit:     9202292 kB
Committed_AS:   67618680 kB
VmallocTotal:   263061440 kB
VmallocUsed:      104232 kB
VmallocChunk:          0 kB
Percpu:             7616 kB
CmaTotal:         294912 kB
CmaFree:               0 kB
MemTotal:       12113136 kB
MemFree:         6151380 kB
MemAvailable:    7772196 kB
Buffers:            5828 kB
Cached:          1854360 kB
SwapCached:            0 kB
Active:          1657112 kB
Inactive:        1614092 kB
Active(anon):    1417396 kB
Inactive(anon):    34728 kB
Active(file):     239716 kB
Inactive(file):  1579364 kB
Unevictable:        5508 kB
Mlocked:            5508 kB
SwapTotal:       3145724 kB
SwapFree:        3145724 kB
Dirty:               676 kB
Writeback:             0 kB
AnonPages:       1416884 kB
Mapped:           873464 kB
Shmem:             36656 kB
KReclaimable:     670440 kB
Slab:             225312 kB
SReclaimable:      77872 kB
SUnreclaim:       147440 kB
KernelStack:       47248 kB
PageTables:        64192 kB
NFS_Unstable:          0 kB
Bounce:                0 kB
WritebackTmp:          0 kB
CommitLimit:     9202292 kB
Committed_AS:   67621296 kB
VmallocTotal:   263061440 kB
VmallocUsed:      104216 kB
VmallocChunk:          0 kB
Percpu:             7616 kB
CmaTotal:         294912 kB
CmaFree:             268 kB
MemTotal:       12113136 kB
MemFree:         6154720 kB
MemAvailable:    7775532 kB
Buffers:            5836 kB
Cached:          1845464 kB
SwapCached:            0 kB
Active:          1661748 kB
Inactive:        1605208 kB
Active(anon):    1422036 kB
Inactive(anon):    25844 kB
Active(file):     239712 kB
Inactive(file):  1579364 kB
Unevictable:        5508 kB
Mlocked:            5508 kB
SwapTotal:       3145724 kB
SwapFree:        3145724 kB
Dirty:               712 kB
Writeback:             0 kB
AnonPages:       1421048 kB
Mapped:           863956 kB
Shmem:             27772 kB
KReclaimable:     670440 kB
Slab:             225304 kB
SReclaimable:      77872 kB
SUnreclaim:       147432 kB
KernelStack:       47200 kB
PageTables:        64044 kB
NFS_Unstable:          0 kB
Bounce:                0 kB
WritebackTmp:          0 kB
CommitLimit:     9202292 kB
Committed_AS:   67612340 kB
VmallocTotal:   263061440 kB
VmallocUsed:      104232 kB
VmallocChunk:          0 kB
Percpu:             7616 kB
CmaTotal:         294912 kB
CmaFree:               0 kB
MemTotal:       12113136 kB
MemFree:         6186924 kB
MemAvailable:    7807768 kB
Buffers:            5836 kB
Cached:          1845504 kB
SwapCached:            0 kB
Active:          1627220 kB
Inactive:        1605240 kB
Active(anon):    1387500 kB
Inactive(anon):    25852 kB
Active(file):     239720 kB
Inactive(file):  1579388 kB
Unevictable:        5508 kB
Mlocked:            5508 kB
SwapTotal:       3145724 kB
SwapFree:        3145724 kB
Dirty:               740 kB
Writeback:             0 kB
AnonPages:       1386568 kB
Mapped:           864000 kB
Shmem:             27780 kB
KReclaimable:     670440 kB
Slab:             225304 kB
SReclaimable:      77872 kB
SUnreclaim:       147432 kB
KernelStack:       47200 kB
PageTables:        64092 kB
NFS_Unstable:          0 kB
Bounce:                0 kB
WritebackTmp:          0 kB
CommitLimit:     9202292 kB
Committed_AS:   67611996 kB
VmallocTotal:   263061440 kB
VmallocUsed:      104232 kB
VmallocChunk:          0 kB
Percpu:             7616 kB
CmaTotal:         294912 kB
CmaFree:              28 kB
MemTotal:       12113136 kB
MemFree:         6150500 kB
MemAvailable:    7771348 kB
Buffers:            5836 kB
Cached:          1845540 kB
SwapCached:            0 kB
Active:          1663748 kB
Inactive:        1605404 kB
Active(anon):    1424028 kB
Inactive(anon):    26012 kB
Active(file):     239720 kB
Inactive(file):  1579392 kB
Unevictable:        5508 kB
Mlocked:            5508 kB
SwapTotal:       3145724 kB
SwapFree:        3145724 kB
Dirty:               532 kB
Writeback:             0 kB
AnonPages:       1423312 kB
Mapped:           864188 kB
Shmem:             27812 kB
KReclaimable:     670440 kB
Slab:             225304 kB
SReclaimable:      77872 kB
SUnreclaim:       147432 kB
KernelStack:       47184 kB
PageTables:        64200 kB
NFS_Unstable:          0 kB
Bounce:                0 kB
WritebackTmp:          0 kB
CommitLimit:     9202292 kB
Committed_AS:   67611720 kB
VmallocTotal:   263061440 kB
VmallocUsed:      104200 kB
VmallocChunk:          0 kB
Percpu:             7616 kB
CmaTotal:         294912 kB
CmaFree:             192 kB
MemTotal:       12113136 kB
MemFree:         6150068 kB
MemAvailable:    7770928 kB
Buffers:            5836 kB
Cached:          1845540 kB
SwapCached:            0 kB
Active:          1665068 kB
Inactive:        1605272 kB
Active(anon):    1425344 kB
Inactive(anon):    25872 kB
Active(file):     239724 kB
Inactive(file):  1579400 kB
Unevictable:        5508 kB
Mlocked:            5508 kB
SwapTotal:       3145724 kB
SwapFree:        3145724 kB
Dirty:               380 kB
Writeback:             0 kB
AnonPages:       1424228 kB
Mapped:           863880 kB
Shmem:             27800 kB
KReclaimable:     670440 kB
Slab:             225320 kB
SReclaimable:      77872 kB
SUnreclaim:       147448 kB
KernelStack:       47116 kB
PageTables:        64140 kB
NFS_Unstable:          0 kB
Bounce:                0 kB
WritebackTmp:          0 kB
CommitLimit:     9202292 kB
Committed_AS:   67604052 kB
VmallocTotal:   263061440 kB
VmallocUsed:      104136 kB
VmallocChunk:          0 kB
Percpu:             7616 kB
CmaTotal:         294912 kB
CmaFree:               0 kB
MemTotal:       12113136 kB
MemFree:         6148236 kB
MemAvailable:    7769140 kB
Buffers:            5836 kB
Cached:          1845584 kB
SwapCached:            0 kB
Active:          1668008 kB
Inactive:        1605312 kB
Active(anon):    1428280 kB
Inactive(anon):    25872 kB
Active(file):     239728 kB
Inactive(file):  1579440 kB
Unevictable:        5508 kB
Mlocked:            5508 kB
SwapTotal:       3145724 kB
SwapFree:        3145724 kB
Dirty:               440 kB
Writeback:             0 kB
AnonPages:       1427188 kB
Mapped:           864184 kB
Shmem:             27800 kB
KReclaimable:     670440 kB
Slab:             225304 kB
SReclaimable:      77872 kB
SUnreclaim:       147432 kB
KernelStack:       47168 kB
PageTables:        64104 kB
NFS_Unstable:          0 kB
Bounce:                0 kB
WritebackTmp:          0 kB
CommitLimit:     9202292 kB
Committed_AS:   67613480 kB
VmallocTotal:   263061440 kB
VmallocUsed:      104088 kB
VmallocChunk:          0 kB
Percpu:             7616 kB
CmaTotal:         294912 kB
CmaFree:               0 kB
MemTotal:       12113136 kB
MemFree:         6143820 kB
MemAvailable:    7764704 kB
Buffers:            5836 kB
Cached:          1854468 kB
SwapCached:            0 kB
Active:          1662796 kB
Inactive:        1614200 kB
Active(anon):    1423072 kB
Inactive(anon):    34776 kB
Active(file):     239724 kB
Inactive(file):  1579424 kB
Unevictable:        5508 kB
Mlocked:            5508 kB
SwapTotal:       3145724 kB
SwapFree:        3145724 kB
Dirty:               532 kB
Writeback:             0 kB
AnonPages:       1421964 kB
Mapped:           873048 kB
Shmem:             36704 kB
KReclaimable:     670440 kB
Slab:             225304 kB
SReclaimable:      77872 kB
SUnreclaim:       147432 kB
KernelStack:       47184 kB
PageTables:        64108 kB
NFS_Unstable:          0 kB
Bounce:                0 kB
WritebackTmp:          0 kB
CommitLimit:     9202292 kB
Committed_AS:   67616272 kB
VmallocTotal:   263061440 kB
VmallocUsed:      104120 kB
VmallocChunk:          0 kB
Percpu:             7616 kB
CmaTotal:         294912 kB
CmaFree:               0 kB
MemTotal:       12113136 kB
MemFree:         6145604 kB
MemAvailable:    7766476 kB
Buffers:            5836 kB
Cached:          1845572 kB
SwapCached:            0 kB
Active:          1668696 kB
Inactive:        1605308 kB
Active(anon):    1428976 kB
Inactive(anon):    25892 kB
Active(file):     239720 kB
Inactive(file):  1579416 kB
Unevictable:        5508 kB
Mlocked:            5508 kB
SwapTotal:       3145724 kB
SwapFree:        3145724 kB
Dirty:               544 kB
Writeback:             0 kB
AnonPages:       1428104 kB
Mapped:           864196 kB
Shmem:             27820 kB
KReclaimable:     670440 kB
Slab:             225296 kB
SReclaimable:      77872 kB
SUnreclaim:       147424 kB
KernelStack:       47204 kB
PageTables:        64040 kB
NFS_Unstable:          0 kB
Bounce:                0 kB
WritebackTmp:          0 kB
CommitLimit:     9202292 kB
Committed_AS:   67611580 kB
VmallocTotal:   263061440 kB
VmallocUsed:      104168 kB
VmallocChunk:          0 kB
Percpu:             7616 kB
CmaTotal:         294912 kB
CmaFree:               0 kB
MemTotal:       12113136 kB
MemFree:         6143236 kB
MemAvailable:    7764148 kB
Buffers:            5836 kB
Cached:          1845612 kB
SwapCached:            0 kB
Active:          1670608 kB
Inactive:        1605340 kB
Active(anon):    1430880 kB
Inactive(anon):    25892 kB
Active(file):     239728 kB
Inactive(file):  1579448 kB
Unevictable:        5508 kB
Mlocked:            5508 kB
SwapTotal:       3145724 kB
SwapFree:        3145724 kB
Dirty:               564 kB
Writeback:             0 kB
AnonPages:       1430032 kB
Mapped:           864192 kB
Shmem:             27820 kB
KReclaimable:     670440 kB
Slab:             225320 kB
SReclaimable:      77872 kB
SUnreclaim:       147448 kB
KernelStack:       47172 kB
PageTables:        64028 kB
NFS_Unstable:          0 kB
Bounce:                0 kB
WritebackTmp:          0 kB
CommitLimit:     9202292 kB
Committed_AS:   67618972 kB
VmallocTotal:   263061440 kB
VmallocUsed:      104152 kB
VmallocChunk:          0 kB
Percpu:             7616 kB
CmaTotal:         294912 kB
CmaFree:               0 kB
MemTotal:       12113136 kB
MemFree:         6143956 kB
MemAvailable:    7764876 kB
Buffers:            5836 kB
Cached:          1854000 kB
SwapCached:            0 kB
Active:          1663236 kB
Inactive:        1613728 kB
Active(anon):    1423512 kB
Inactive(anon):    34268 kB
Active(file):     239724 kB
Inactive(file):  1579460 kB
Unevictable:        5508 kB
Mlocked:            5508 kB
SwapTotal:       3145724 kB
SwapFree:        3145724 kB
Dirty:               584 kB
Writeback:             0 kB
AnonPages:       1423060 kB
Mapped:           872456 kB
Shmem:             36200 kB
KReclaimable:     670440 kB
Slab:             225296 kB
SReclaimable:      77872 kB
SUnreclaim:       147424 kB
KernelStack:       47120 kB
PageTables:        64060 kB
NFS_Unstable:          0 kB
Bounce:                0 kB
WritebackTmp:          0 kB
CommitLimit:     9202292 kB
Committed_AS:   67627772 kB
VmallocTotal:   263061440 kB
VmallocUsed:      104152 kB
VmallocChunk:          0 kB
Percpu:             7616 kB
CmaTotal:         294912 kB
CmaFree:               0 kB
MemTotal:       12113136 kB
MemFree:         6143864 kB
MemAvailable:    7764832 kB
Buffers:            5836 kB
Cached:          1845676 kB
SwapCached:            0 kB
Active:          1673120 kB
Inactive:        1605392 kB
Active(anon):    1433380 kB
Inactive(anon):    25900 kB
Active(file):     239740 kB
Inactive(file):  1579492 kB
Unevictable:        5508 kB
Mlocked:            5508 kB
SwapTotal:       3145724 kB
SwapFree:        3145724 kB
Dirty:               576 kB
Writeback:             0 kB
AnonPages:       1432712 kB
Mapped:           864180 kB
Shmem:             27828 kB
KReclaimable:     670440 kB
Slab:             225296 kB
SReclaimable:      77872 kB
SUnreclaim:       147424 kB
KernelStack:       47132 kB
PageTables:        64196 kB
NFS_Unstable:          0 kB
Bounce:                0 kB
WritebackTmp:          0 kB
CommitLimit:     9202292 kB
Committed_AS:   67618448 kB
VmallocTotal:   263061440 kB
VmallocUsed:      104136 kB
VmallocChunk:          0 kB
Percpu:             7616 kB
CmaTotal:         294912 kB
CmaFree:               0 kB
MemTotal:       12113136 kB
MemFree:         6142924 kB
MemAvailable:    7763864 kB
Buffers:            5836 kB
Cached:          1845652 kB
SwapCached:            0 kB
Active:          1674348 kB
Inactive:        1605376 kB
Active(anon):    1434616 kB
Inactive(anon):    25904 kB
Active(file):     239732 kB
Inactive(file):  1579472 kB
Unevictable:        5508 kB
Mlocked:            5508 kB
SwapTotal:       3145724 kB
SwapFree:        3145724 kB
Dirty:               592 kB
Writeback:             0 kB
AnonPages:       1433432 kB
Mapped:           864156 kB
Shmem:             27832 kB
KReclaimable:     670440 kB
Slab:             225280 kB
SReclaimable:      77872 kB
SUnreclaim:       147408 kB
KernelStack:       47120 kB
PageTables:        64056 kB
NFS_Unstable:          0 kB
Bounce:                0 kB
WritebackTmp:          0 kB
CommitLimit:     9202292 kB
Committed_AS:   67617692 kB
VmallocTotal:   263061440 kB
VmallocUsed:      104120 kB
VmallocChunk:          0 kB
Percpu:             7616 kB
CmaTotal:         294912 kB
CmaFree:               0 kB
MemTotal:       12113136 kB
MemFree:         6131392 kB
MemAvailable:    7752348 kB
Buffers:            5836 kB
Cached:          1854552 kB
SwapCached:            0 kB
Active:          1677884 kB
Inactive:        1613232 kB
Active(anon):    1438148 kB
Inactive(anon):    33748 kB
Active(file):     239736 kB
Inactive(file):  1579484 kB
Unevictable:        5508 kB
Mlocked:            5508 kB
SwapTotal:       3145724 kB
SwapFree:        3145724 kB
Dirty:               672 kB
Writeback:             0 kB
AnonPages:       1436464 kB
Mapped:           872164 kB
Shmem:             36716 kB
KReclaimable:     670440 kB
Slab:             225280 kB
SReclaimable:      77872 kB
SUnreclaim:       147408 kB
KernelStack:       47136 kB
PageTables:        64064 kB
NFS_Unstable:          0 kB
Bounce:                0 kB
WritebackTmp:          0 kB
CommitLimit:     9202292 kB
Committed_AS:   67623060 kB
VmallocTotal:   263061440 kB
VmallocUsed:      104136 kB
VmallocChunk:          0 kB
Percpu:             7616 kB
CmaTotal:         294912 kB
CmaFree:             304 kB
MemTotal:       12113136 kB
MemFree:         6164180 kB
MemAvailable:    7785156 kB
Buffers:            5836 kB
Cached:          1845688 kB
SwapCached:            0 kB
Active:          1650296 kB
Inactive:        1605408 kB
Active(anon):    1410560 kB
Inactive(anon):    25904 kB
Active(file):     239736 kB
Inactive(file):  1579504 kB
Unevictable:        5508 kB
Mlocked:            5508 kB
SwapTotal:       3145724 kB
SwapFree:        3145724 kB
Dirty:               708 kB
Writeback:             0 kB
AnonPages:       1409812 kB
Mapped:           864284 kB
Shmem:             27832 kB
KReclaimable:     670440 kB
Slab:             225244 kB
SReclaimable:      77872 kB
SUnreclaim:       147372 kB
KernelStack:       47136 kB
PageTables:        64144 kB
NFS_Unstable:          0 kB
Bounce:                0 kB
WritebackTmp:          0 kB
CommitLimit:     9202292 kB
Committed_AS:   67614136 kB
VmallocTotal:   263061440 kB
VmallocUsed:      104120 kB
VmallocChunk:          0 kB
Percpu:             7616 kB
CmaTotal:         294912 kB
CmaFree:               0 kB
MemTotal:       12113136 kB
MemFree:         6176080 kB
MemAvailable:    7797052 kB
Buffers:            5836 kB
Cached:          1845692 kB
SwapCached:            0 kB
Active:          1636352 kB
Inactive:        1605416 kB
Active(anon):    1396620 kB
Inactive(anon):    25912 kB
Active(file):     239732 kB
Inactive(file):  1579504 kB
Unevictable:        5508 kB
Mlocked:            5508 kB
SwapTotal:       3145724 kB
SwapFree:        3145724 kB
Dirty:               744 kB
Writeback:             0 kB
AnonPages:       1395696 kB
Mapped:           864376 kB
Shmem:             27840 kB
KReclaimable:     670440 kB
Slab:             225284 kB
SReclaimable:      77872 kB
SUnreclaim:       147412 kB
KernelStack:       47124 kB
PageTables:        63968 kB
NFS_Unstable:          0 kB
Bounce:                0 kB
WritebackTmp:          0 kB
CommitLimit:     9202292 kB
Committed_AS:   67618712 kB
VmallocTotal:   263061440 kB
VmallocUsed:      104152 kB
VmallocChunk:          0 kB
Percpu:             7616 kB
CmaTotal:         294912 kB
CmaFree:               0 kB
MemTotal:       12113136 kB
MemFree:         6149344 kB
MemAvailable:    7772380 kB
Buffers:            5836 kB
Cached:          1854508 kB
SwapCached:            0 kB
Active:          1656320 kB
Inactive:        1614216 kB
Active(anon):    1416580 kB
Inactive(anon):    34676 kB
Active(file):     239740 kB
Inactive(file):  1579540 kB
Unevictable:        5508 kB
Mlocked:            5508 kB
SwapTotal:       3145724 kB
SwapFree:        3145724 kB
Dirty:               824 kB
Writeback:             0 kB
AnonPages:       1416064 kB
Mapped:           872392 kB
Shmem:             36612 kB
KReclaimable:     672460 kB
Slab:             225260 kB
SReclaimable:      77872 kB
SUnreclaim:       147388 kB
KernelStack:       47152 kB
PageTables:        64116 kB
NFS_Unstable:          0 kB
Bounce:                0 kB
WritebackTmp:          0 kB
CommitLimit:     9202292 kB
Committed_AS:   67622676 kB
VmallocTotal:   263061440 kB
VmallocUsed:      104168 kB
VmallocChunk:          0 kB
Percpu:             7616 kB
CmaTotal:         294912 kB
CmaFree:             264 kB
MemTotal:       12113136 kB
MemFree:         6158872 kB
MemAvailable:    7781900 kB
Buffers:            5836 kB
Cached:          1845584 kB
SwapCached:            0 kB
Active:          1656872 kB
Inactive:        1605332 kB
Active(anon):    1417140 kB
Inactive(anon):    25824 kB
Active(file):     239732 kB
Inactive(file):  1579508 kB
Unevictable:        5508 kB
Mlocked:            5508 kB
SwapTotal:       3145724 kB
SwapFree:        3145724 kB
Dirty:               800 kB
Writeback:             0 kB
AnonPages:       1416496 kB
Mapped:           863656 kB
Shmem:             27728 kB
KReclaimable:     672492 kB
Slab:             225272 kB
SReclaimable:      77872 kB
SUnreclaim:       147400 kB
KernelStack:       47252 kB
PageTables:        64444 kB
NFS_Unstable:          0 kB
Bounce:                0 kB
WritebackTmp:          0 kB
CommitLimit:     9202292 kB
Committed_AS:   67610376 kB
VmallocTotal:   263061440 kB
VmallocUsed:      104168 kB
VmallocChunk:          0 kB
Percpu:             7616 kB
CmaTotal:         294912 kB
CmaFree:              16 kB
MemTotal:       12113136 kB
MemFree:         6174712 kB
MemAvailable:    7797820 kB
Buffers:            5844 kB
Cached:          1845656 kB
SwapCached:            0 kB
Active:          1639928 kB
Inactive:        1605400 kB
Active(anon):    1400184 kB
Inactive(anon):    25824 kB
Active(file):     239744 kB
Inactive(file):  1579576 kB
Unevictable:        5508 kB
Mlocked:            5508 kB
SwapTotal:       3145724 kB
SwapFree:        3145724 kB
Dirty:               808 kB
Writeback:             0 kB
AnonPages:       1399440 kB
Mapped:           863500 kB
Shmem:             27728 kB
KReclaimable:     672492 kB
Slab:             225264 kB
SReclaimable:      77872 kB
SUnreclaim:       147392 kB
KernelStack:       47216 kB
PageTables:        64192 kB
NFS_Unstable:          0 kB
Bounce:                0 kB
WritebackTmp:          0 kB
CommitLimit:     9202292 kB
Committed_AS:   67613528 kB
VmallocTotal:   263061440 kB
VmallocUsed:      104152 kB
VmallocChunk:          0 kB
Percpu:             7616 kB
CmaTotal:         294912 kB
CmaFree:               0 kB
MemTotal:       12113136 kB
MemFree:         6137976 kB
MemAvailable:    7761080 kB
Buffers:            5844 kB
Cached:          1854540 kB
SwapCached:            0 kB
Active:          1667356 kB
Inactive:        1614288 kB
Active(anon):    1427620 kB
Inactive(anon):    34708 kB
Active(file):     239736 kB
Inactive(file):  1579580 kB
Unevictable:        5508 kB
Mlocked:            5508 kB
SwapTotal:       3145724 kB
SwapFree:        3145724 kB
Dirty:               816 kB
Writeback:             0 kB
AnonPages:       1426576 kB
Mapped:           872388 kB
Shmem:             36616 kB
KReclaimable:     672492 kB
Slab:             225256 kB
SReclaimable:      77872 kB
SUnreclaim:       147384 kB
KernelStack:       47184 kB
PageTables:        64244 kB
NFS_Unstable:          0 kB
Bounce:                0 kB
WritebackTmp:          0 kB
CommitLimit:     9202292 kB
Committed_AS:   67617736 kB
VmallocTotal:   263061440 kB
VmallocUsed:      104168 kB
VmallocChunk:          0 kB
Percpu:             7616 kB
CmaTotal:         294912 kB
CmaFree:               8 kB
MemTotal:       12113136 kB
MemFree:         6136272 kB
MemAvailable:    7759396 kB
Buffers:            5844 kB
Cached:          1845676 kB
SwapCached:            0 kB
Active:          1676944 kB
Inactive:        1605424 kB
Active(anon):    1437204 kB
Inactive(anon):    25828 kB
Active(file):     239740 kB
Inactive(file):  1579596 kB
Unevictable:        5508 kB
Mlocked:            5508 kB
SwapTotal:       3145724 kB
SwapFree:        3145724 kB
Dirty:               836 kB
Writeback:             0 kB
AnonPages:       1436120 kB
Mapped:           863504 kB
Shmem:             27732 kB
KReclaimable:     672492 kB
Slab:             225264 kB
SReclaimable:      77872 kB
SUnreclaim:       147392 kB
KernelStack:       47184 kB
PageTables:        64176 kB
NFS_Unstable:          0 kB
Bounce:                0 kB
WritebackTmp:          0 kB
CommitLimit:     9202292 kB
Committed_AS:   67613888 kB
VmallocTotal:   263061440 kB
VmallocUsed:      104168 kB
VmallocChunk:          0 kB
Percpu:             7616 kB
CmaTotal:         294912 kB
CmaFree:               0 kB
MemTotal:       12113136 kB
MemFree:         6137484 kB
MemAvailable:    7760612 kB
Buffers:            5844 kB
Cached:          1845684 kB
SwapCached:            0 kB
Active:          1677416 kB
Inactive:        1605428 kB
Active(anon):    1437672 kB
Inactive(anon):    25832 kB
Active(file):     239744 kB
Inactive(file):  1579596 kB
Unevictable:        5508 kB
Mlocked:            5508 kB
SwapTotal:       3145724 kB
SwapFree:        3145724 kB
Dirty:               840 kB
Writeback:             0 kB
AnonPages:       1436840 kB
Mapped:           863632 kB
Shmem:             27736 kB
KReclaimable:     672492 kB
Slab:             225272 kB
SReclaimable:      77872 kB
SUnreclaim:       147400 kB
KernelStack:       47236 kB
PageTables:        64232 kB
NFS_Unstable:          0 kB
Bounce:                0 kB
WritebackTmp:          0 kB
CommitLimit:     9202292 kB
Committed_AS:   67609492 kB
VmallocTotal:   263061440 kB
VmallocUsed:      104152 kB
VmallocChunk:          0 kB
Percpu:             7616 kB
CmaTotal:         294912 kB
CmaFree:               0 kB
MemTotal:       12113136 kB
MemFree:         6128916 kB
MemAvailable:    7752068 kB
Buffers:            5844 kB
Cached:          1854592 kB
SwapCached:            0 kB
Active:          1677788 kB
Inactive:        1614336 kB
Active(anon):    1438044 kB
Inactive(anon):    34716 kB
Active(file):     239744 kB
Inactive(file):  1579620 kB
Unevictable:        5508 kB
Mlocked:            5508 kB
SwapTotal:       3145724 kB
SwapFree:        3145724 kB
Dirty:               876 kB
Writeback:             0 kB
AnonPages:       1437564 kB
Mapped:           872392 kB
Shmem:             36620 kB
KReclaimable:     672492 kB
Slab:             225264 kB
SReclaimable:      77872 kB
SUnreclaim:       147392 kB
KernelStack:       47168 kB
PageTables:        64104 kB
NFS_Unstable:          0 kB
Bounce:                0 kB
WritebackTmp:          0 kB
CommitLimit:     9202292 kB
Committed_AS:   67618868 kB
VmallocTotal:   263061440 kB
VmallocUsed:      104136 kB
VmallocChunk:          0 kB
Percpu:             7616 kB
CmaTotal:         294912 kB
CmaFree:               0 kB
MemTotal:       12113136 kB
MemFree:         6126312 kB
MemAvailable:    7749476 kB
Buffers:            5844 kB
Cached:          1845720 kB
SwapCached:            0 kB
Active:          1687956 kB
Inactive:        1605464 kB
Active(anon):    1448212 kB
Inactive(anon):    25832 kB
Active(file):     239744 kB
Inactive(file):  1579632 kB
Unevictable:        5508 kB
Mlocked:            5508 kB
SwapTotal:       3145724 kB
SwapFree:        3145724 kB
Dirty:               888 kB
Writeback:             0 kB
AnonPages:       1447268 kB
Mapped:           863508 kB
Shmem:             27736 kB
KReclaimable:     672492 kB
Slab:             225264 kB
SReclaimable:      77872 kB
SUnreclaim:       147392 kB
KernelStack:       47184 kB
PageTables:        63956 kB
NFS_Unstable:          0 kB
Bounce:                0 kB
WritebackTmp:          0 kB
CommitLimit:     9202292 kB
Committed_AS:   67608964 kB
VmallocTotal:   263061440 kB
VmallocUsed:      104136 kB
VmallocChunk:          0 kB
Percpu:             7616 kB
CmaTotal:         294912 kB
CmaFree:               0 kB
MemTotal:       12113136 kB
MemFree:         6125564 kB
MemAvailable:    7748764 kB
Buffers:            5844 kB
Cached:          1845756 kB
SwapCached:            0 kB
Active:          1688752 kB
Inactive:        1605496 kB
Active(anon):    1449004 kB
Inactive(anon):    25832 kB
Active(file):     239748 kB
Inactive(file):  1579664 kB
Unevictable:        5508 kB
Mlocked:            5508 kB
SwapTotal:       3145724 kB
SwapFree:        3145724 kB
Dirty:               896 kB
Writeback:             0 kB
AnonPages:       1448132 kB
Mapped:           863584 kB
Shmem:             27736 kB
KReclaimable:     672492 kB
Slab:             225264 kB
SReclaimable:      77872 kB
SUnreclaim:       147392 kB
KernelStack:       47152 kB
PageTables:        64320 kB
NFS_Unstable:          0 kB
Bounce:                0 kB
WritebackTmp:          0 kB
CommitLimit:     9202292 kB
Committed_AS:   67608984 kB
VmallocTotal:   263061440 kB
VmallocUsed:      104184 kB
VmallocChunk:          0 kB
Percpu:             7616 kB
CmaTotal:         294912 kB
CmaFree:               0 kB
MemTotal:       12113136 kB
MemFree:         6116728 kB
MemAvailable:    7739912 kB
Buffers:            5844 kB
Cached:          1854492 kB
SwapCached:            0 kB
Active:          1689704 kB
Inactive:        1614208 kB
Active(anon):    1449960 kB
Inactive(anon):    34556 kB
Active(file):     239744 kB
Inactive(file):  1579652 kB
Unevictable:        5508 kB
Mlocked:            5508 kB
SwapTotal:       3145724 kB
SwapFree:        3145724 kB
Dirty:               908 kB
Writeback:             0 kB
AnonPages:       1448904 kB
Mapped:           872256 kB
Shmem:             36488 kB
KReclaimable:     672492 kB
Slab:             225272 kB
SReclaimable:      77872 kB
SUnreclaim:       147400 kB
KernelStack:       47200 kB
PageTables:        64208 kB
NFS_Unstable:          0 kB
Bounce:                0 kB
WritebackTmp:          0 kB
CommitLimit:     9202292 kB
Committed_AS:   67613760 kB
VmallocTotal:   263061440 kB
VmallocUsed:      104152 kB
VmallocChunk:          0 kB
Percpu:             7616 kB
CmaTotal:         294912 kB
CmaFree:              68 kB
MemTotal:       12113136 kB
MemFree:         6151332 kB
MemAvailable:    7774536 kB
Buffers:            5844 kB
Cached:          1845760 kB
SwapCached:            0 kB
Active:          1663420 kB
Inactive:        1605504 kB
Active(anon):    1423676 kB
Inactive(anon):    25832 kB
Active(file):     239744 kB
Inactive(file):  1579672 kB
Unevictable:        5508 kB
Mlocked:            5508 kB
SwapTotal:       3145724 kB
SwapFree:        3145724 kB
Dirty:               944 kB
Writeback:             0 kB
AnonPages:       1422784 kB
Mapped:           863508 kB
Shmem:             27736 kB
KReclaimable:     672492 kB
Slab:             225272 kB
SReclaimable:      77872 kB
SUnreclaim:       147400 kB
KernelStack:       47200 kB
PageTables:        64096 kB
NFS_Unstable:          0 kB
Bounce:                0 kB
WritebackTmp:          0 kB
CommitLimit:     9202292 kB
Committed_AS:   67609864 kB
VmallocTotal:   263061440 kB
VmallocUsed:      104136 kB
VmallocChunk:          0 kB
Percpu:             7616 kB
CmaTotal:         294912 kB
CmaFree:               8 kB
MemTotal:       12113136 kB
MemFree:         6153672 kB
MemAvailable:    7776888 kB
Buffers:            5844 kB
Cached:          1845772 kB
SwapCached:            0 kB
Active:          1660716 kB
Inactive:        1605516 kB
Active(anon):    1420972 kB
Inactive(anon):    25832 kB
Active(file):     239744 kB
Inactive(file):  1579684 kB
Unevictable:        5508 kB
Mlocked:            5508 kB
SwapTotal:       3145724 kB
SwapFree:        3145724 kB
Dirty:              1024 kB
Writeback:             0 kB
AnonPages:       1420204 kB
Mapped:           863460 kB
Shmem:             27736 kB
KReclaimable:     672492 kB
Slab:             225272 kB
SReclaimable:      77872 kB
SUnreclaim:       147400 kB
KernelStack:       47152 kB
PageTables:        64092 kB
NFS_Unstable:          0 kB
Bounce:                0 kB
WritebackTmp:          0 kB
CommitLimit:     9202292 kB
Committed_AS:   67617228 kB
VmallocTotal:   263061440 kB
VmallocUsed:      104184 kB
VmallocChunk:          0 kB
Percpu:             7616 kB
CmaTotal:         294912 kB
CmaFree:               8 kB
MemTotal:       12113136 kB
MemFree:         6128040 kB
MemAvailable:    7751272 kB
Buffers:            5844 kB
Cached:          1854672 kB
SwapCached:            0 kB
Active:          1679060 kB
Inactive:        1614412 kB
Active(anon):    1439312 kB
Inactive(anon):    34716 kB
Active(file):     239748 kB
Inactive(file):  1579696 kB
Unevictable:        5508 kB
Mlocked:            5508 kB
SwapTotal:       3145724 kB
SwapFree:        3145724 kB
Dirty:              1036 kB
Writeback:             0 kB
AnonPages:       1438520 kB
Mapped:           872664 kB
Shmem:             36620 kB
KReclaimable:     672492 kB
Slab:             225264 kB
SReclaimable:      77872 kB
SUnreclaim:       147392 kB
KernelStack:       47200 kB
PageTables:        64116 kB
NFS_Unstable:          0 kB
Bounce:                0 kB
WritebackTmp:          0 kB
CommitLimit:     9202292 kB
Committed_AS:   67618944 kB
VmallocTotal:   263061440 kB
VmallocUsed:      104152 kB
VmallocChunk:          0 kB
Percpu:             7616 kB
CmaTotal:         294912 kB
CmaFree:              80 kB
MemTotal:       12113136 kB
MemFree:         6136780 kB
MemAvailable:    7760012 kB
Buffers:            5844 kB
Cached:          1845788 kB
SwapCached:            0 kB
Active:          1678824 kB
Inactive:        1605532 kB
Active(anon):    1439080 kB
Inactive(anon):    25832 kB
Active(file):     239744 kB
Inactive(file):  1579700 kB
Unevictable:        5508 kB
Mlocked:            5508 kB
SwapTotal:       3145724 kB
SwapFree:        3145724 kB
Dirty:               284 kB
Writeback:             0 kB
AnonPages:       1438072 kB
Mapped:           863508 kB
Shmem:             27736 kB
KReclaimable:     672492 kB
Slab:             225272 kB
SReclaimable:      77872 kB
SUnreclaim:       147400 kB
KernelStack:       47216 kB
PageTables:        64196 kB
NFS_Unstable:          0 kB
Bounce:                0 kB
WritebackTmp:          0 kB
CommitLimit:     9202292 kB
Committed_AS:   67610396 kB
VmallocTotal:   263061440 kB
VmallocUsed:      104200 kB
VmallocChunk:          0 kB
Percpu:             7616 kB
CmaTotal:         294912 kB
CmaFree:             136 kB
MemTotal:       12113136 kB
MemFree:         6136876 kB
MemAvailable:    7760128 kB
Buffers:            5844 kB
Cached:          1845808 kB
SwapCached:            0 kB
Active:          1679012 kB
Inactive:        1605552 kB
Active(anon):    1439268 kB
Inactive(anon):    25832 kB
Active(file):     239744 kB
Inactive(file):  1579720 kB
Unevictable:        5508 kB
Mlocked:            5508 kB
SwapTotal:       3145724 kB
SwapFree:        3145724 kB
Dirty:               340 kB
Writeback:             0 kB
AnonPages:       1438548 kB
Mapped:           863508 kB
Shmem:             27736 kB
KReclaimable:     672492 kB
Slab:             225272 kB
SReclaimable:      77872 kB
SUnreclaim:       147400 kB
KernelStack:       47216 kB
PageTables:        64176 kB
NFS_Unstable:          0 kB
Bounce:                0 kB
WritebackTmp:          0 kB
CommitLimit:     9202292 kB
Committed_AS:   67607668 kB
VmallocTotal:   263061440 kB
VmallocUsed:      104200 kB
VmallocChunk:          0 kB
Percpu:             7616 kB
CmaTotal:         294912 kB
CmaFree:               0 kB
MemTotal:       12113136 kB
MemFree:         6126284 kB
MemAvailable:    7749540 kB
Buffers:            5844 kB
Cached:          1854696 kB
SwapCached:            0 kB
Active:          1680248 kB
Inactive:        1614424 kB
Active(anon):    1440504 kB
Inactive(anon):    34700 kB
Active(file):     239744 kB
Inactive(file):  1579724 kB
Unevictable:        5508 kB
Mlocked:            5508 kB
SwapTotal:       3145724 kB
SwapFree:        3145724 kB
Dirty:               368 kB
Writeback:             0 kB
AnonPages:       1439532 kB
Mapped:           872532 kB
Shmem:             36620 kB
KReclaimable:     672492 kB
Slab:             225272 kB
SReclaimable:      77872 kB
SUnreclaim:       147400 kB
KernelStack:       47184 kB
PageTables:        64116 kB
NFS_Unstable:          0 kB
Bounce:                0 kB
WritebackTmp:          0 kB
CommitLimit:     9202292 kB
Committed_AS:   67618168 kB
VmallocTotal:   263061440 kB
VmallocUsed:      104136 kB
VmallocChunk:          0 kB
Percpu:             7616 kB
CmaTotal:         294912 kB
CmaFree:               0 kB
MemTotal:       12113136 kB
MemFree:         6125208 kB
MemAvailable:    7748484 kB
Buffers:            5844 kB
Cached:          1845836 kB
SwapCached:            0 kB
Active:          1690040 kB
Inactive:        1605580 kB
Active(anon):    1450296 kB
Inactive(anon):    25836 kB
Active(file):     239744 kB
Inactive(file):  1579744 kB
Unevictable:        5508 kB
Mlocked:            5508 kB
SwapTotal:       3145724 kB
SwapFree:        3145724 kB
Dirty:               388 kB
Writeback:             0 kB
AnonPages:       1449544 kB
Mapped:           863512 kB
Shmem:             27740 kB
KReclaimable:     672492 kB
Slab:             225256 kB
SReclaimable:      77872 kB
SUnreclaim:       147384 kB
KernelStack:       47168 kB
PageTables:        64072 kB
NFS_Unstable:          0 kB
Bounce:                0 kB
WritebackTmp:          0 kB
CommitLimit:     9202292 kB
Committed_AS:   67610464 kB
VmallocTotal:   263061440 kB
VmallocUsed:      104184 kB
VmallocChunk:          0 kB
Percpu:             7616 kB
CmaTotal:         294912 kB
CmaFree:               0 kB
MemTotal:       12113136 kB
MemFree:         6123212 kB
MemAvailable:    7746524 kB
Buffers:            5852 kB
Cached:          1845864 kB
SwapCached:            0 kB
Active:          1690568 kB
Inactive:        1605608 kB
Active(anon):    1450816 kB
Inactive(anon):    25836 kB
Active(file):     239752 kB
Inactive(file):  1579772 kB
Unevictable:        5508 kB
Mlocked:            5508 kB
SwapTotal:       3145724 kB
SwapFree:        3145724 kB
Dirty:               464 kB
Writeback:             0 kB
AnonPages:       1449952 kB
Mapped:           863512 kB
Shmem:             27740 kB
KReclaimable:     672492 kB
Slab:             225272 kB
SReclaimable:      77872 kB
SUnreclaim:       147400 kB
KernelStack:       47152 kB
PageTables:        63968 kB
NFS_Unstable:          0 kB
Bounce:                0 kB
WritebackTmp:          0 kB
CommitLimit:     9202292 kB
Committed_AS:   67612548 kB
VmallocTotal:   263061440 kB
VmallocUsed:      104168 kB
VmallocChunk:          0 kB
Percpu:             7616 kB
CmaTotal:         294912 kB
CmaFree:               0 kB
MemTotal:       12113136 kB
MemFree:         6115540 kB
MemAvailable:    7738860 kB
Buffers:            5852 kB
Cached:          1854544 kB
SwapCached:            0 kB
Active:          1690644 kB
Inactive:        1614328 kB
Active(anon):    1450892 kB
Inactive(anon):    34548 kB
Active(file):     239752 kB
Inactive(file):  1579780 kB
Unevictable:        5508 kB
Mlocked:            5508 kB
SwapTotal:       3145724 kB
SwapFree:        3145724 kB
Dirty:               428 kB
Writeback:             0 kB
AnonPages:       1449716 kB
Mapped:           872220 kB
Shmem:             36412 kB
KReclaimable:     672492 kB
Slab:             225268 kB
SReclaimable:      77872 kB
SUnreclaim:       147396 kB
KernelStack:       47152 kB
PageTables:        64096 kB
NFS_Unstable:          0 kB
Bounce:                0 kB
WritebackTmp:          0 kB
CommitLimit:     9202292 kB
Committed_AS:   67620384 kB
VmallocTotal:   263061440 kB
VmallocUsed:      104168 kB
VmallocChunk:          0 kB
Percpu:             7616 kB
CmaTotal:         294912 kB
CmaFree:              76 kB
MemTotal:       12113136 kB
MemFree:         6122696 kB
MemAvailable:    7746032 kB
Buffers:            5852 kB
Cached:          1845888 kB
SwapCached:            0 kB
Active:          1691168 kB
Inactive:        1605628 kB
Active(anon):    1451412 kB
Inactive(anon):    25836 kB
Active(file):     239756 kB
Inactive(file):  1579792 kB
Unevictable:        5508 kB
Mlocked:            5508 kB
SwapTotal:       3145724 kB
SwapFree:        3145724 kB
Dirty:               444 kB
Writeback:             0 kB
AnonPages:       1450520 kB
Mapped:           863500 kB
Shmem:             27740 kB
KReclaimable:     672492 kB
Slab:             225268 kB
SReclaimable:      77872 kB
SUnreclaim:       147396 kB
KernelStack:       47184 kB
PageTables:        63936 kB
NFS_Unstable:          0 kB
Bounce:                0 kB
WritebackTmp:          0 kB
CommitLimit:     9202292 kB
Committed_AS:   67618564 kB
VmallocTotal:   263061440 kB
VmallocUsed:      104184 kB
VmallocChunk:          0 kB
Percpu:             7616 kB
CmaTotal:         294912 kB
CmaFree:               0 kB
MemTotal:       12113136 kB
MemFree:         6123132 kB
MemAvailable:    7746468 kB
Buffers:            5852 kB
Cached:          1845888 kB
SwapCached:            0 kB
Active:          1692264 kB
Inactive:        1605632 kB
Active(anon):    1452512 kB
Inactive(anon):    25836 kB
Active(file):     239752 kB
Inactive(file):  1579796 kB
Unevictable:        5508 kB
Mlocked:            5508 kB
SwapTotal:       3145724 kB
SwapFree:        3145724 kB
Dirty:               452 kB
Writeback:             0 kB
AnonPages:       1451884 kB
Mapped:           863584 kB
Shmem:             27740 kB
KReclaimable:     672492 kB
Slab:             225268 kB
SReclaimable:      77872 kB
SUnreclaim:       147396 kB
KernelStack:       47152 kB
PageTables:        64320 kB
NFS_Unstable:          0 kB
Bounce:                0 kB
WritebackTmp:          0 kB
CommitLimit:     9202292 kB
Committed_AS:   67608708 kB
VmallocTotal:   263061440 kB
VmallocUsed:      104152 kB
VmallocChunk:          0 kB
Percpu:             7616 kB
CmaTotal:         294912 kB
CmaFree:               0 kB
MemTotal:       12113136 kB
MemFree:         6114104 kB
MemAvailable:    7737452 kB
Buffers:            5852 kB
Cached:          1854784 kB
SwapCached:            0 kB
Active:          1692068 kB
Inactive:        1614428 kB
Active(anon):    1452320 kB
Inactive(anon):    34616 kB
Active(file):     239748 kB
Inactive(file):  1579812 kB
Unevictable:        5508 kB
Mlocked:            5508 kB
SwapTotal:       3145724 kB
SwapFree:        3145724 kB
Dirty:               476 kB
Writeback:             0 kB
AnonPages:       1451520 kB
Mapped:           872816 kB
Shmem:             36624 kB
KReclaimable:     672492 kB
Slab:             225276 kB
SReclaimable:      77872 kB
SUnreclaim:       147404 kB
KernelStack:       47168 kB
PageTables:        64024 kB
NFS_Unstable:          0 kB
Bounce:                0 kB
WritebackTmp:          0 kB
CommitLimit:     9202292 kB
Committed_AS:   67618260 kB
VmallocTotal:   263061440 kB
VmallocUsed:      104168 kB
VmallocChunk:          0 kB
Percpu:             7616 kB
CmaTotal:         294912 kB
CmaFree:               0 kB
MemTotal:       12113136 kB
MemFree:         6122548 kB
MemAvailable:    7745916 kB
Buffers:            5852 kB
Cached:          1845920 kB
SwapCached:            0 kB
Active:          1692700 kB
Inactive:        1605664 kB
Active(anon):    1452948 kB
Inactive(anon):    25836 kB
Active(file):     239752 kB
Inactive(file):  1579828 kB
Unevictable:        5508 kB
Mlocked:            5508 kB
SwapTotal:       3145724 kB
SwapFree:        3145724 kB
Dirty:               496 kB
Writeback:             0 kB
AnonPages:       1451564 kB
Mapped:           863596 kB
Shmem:             27740 kB
KReclaimable:     672492 kB
Slab:             225284 kB
SReclaimable:      77872 kB
SUnreclaim:       147412 kB
KernelStack:       47120 kB
PageTables:        64392 kB
NFS_Unstable:          0 kB
Bounce:                0 kB
WritebackTmp:          0 kB
CommitLimit:     9202292 kB
Committed_AS:   67608836 kB
VmallocTotal:   263061440 kB
VmallocUsed:      104152 kB
VmallocChunk:          0 kB
Percpu:             7616 kB
CmaTotal:         294912 kB
CmaFree:              40 kB
MemTotal:       12113136 kB
MemFree:         6121872 kB
MemAvailable:    7745244 kB
Buffers:            5852 kB
Cached:          1845924 kB
SwapCached:            0 kB
Active:          1692220 kB
Inactive:        1605668 kB
Active(anon):    1452468 kB
Inactive(anon):    25836 kB
Active(file):     239752 kB
Inactive(file):  1579832 kB
Unevictable:        5508 kB
Mlocked:            5508 kB
SwapTotal:       3145724 kB
SwapFree:        3145724 kB
Dirty:               500 kB
Writeback:             0 kB
AnonPages:       1451360 kB
Mapped:           863676 kB
Shmem:             27740 kB
KReclaimable:     672492 kB
Slab:             225268 kB
SReclaimable:      77872 kB
SUnreclaim:       147396 kB
KernelStack:       47184 kB
PageTables:        64060 kB
NFS_Unstable:          0 kB
Bounce:                0 kB
WritebackTmp:          0 kB
CommitLimit:     9202292 kB
Committed_AS:   67607192 kB
VmallocTotal:   263061440 kB
VmallocUsed:      104120 kB
VmallocChunk:          0 kB
Percpu:             7616 kB
CmaTotal:         294912 kB
CmaFree:               0 kB
MemTotal:       12113136 kB
MemFree:         6112548 kB
MemAvailable:    7735940 kB
Buffers:            5852 kB
Cached:          1854716 kB
SwapCached:            0 kB
Active:          1693164 kB
Inactive:        1614456 kB
Active(anon):    1453412 kB
Inactive(anon):    34604 kB
Active(file):     239752 kB
Inactive(file):  1579852 kB
Unevictable:        5508 kB
Mlocked:            5508 kB
SwapTotal:       3145724 kB
SwapFree:        3145724 kB
Dirty:               536 kB
Writeback:             0 kB
AnonPages:       1452492 kB
Mapped:           872432 kB
Shmem:             36512 kB
KReclaimable:     672492 kB
Slab:             225292 kB
SReclaimable:      77872 kB
SUnreclaim:       147420 kB
KernelStack:       47200 kB
PageTables:        64132 kB
NFS_Unstable:          0 kB
Bounce:                0 kB
WritebackTmp:          0 kB
CommitLimit:     9202292 kB
Committed_AS:   67615476 kB
VmallocTotal:   263061440 kB
VmallocUsed:      104136 kB
VmallocChunk:          0 kB
Percpu:             7616 kB
CmaTotal:         294912 kB
CmaFree:              20 kB
MemTotal:       12113136 kB
MemFree:         6154548 kB
MemAvailable:    7777956 kB
Buffers:            5852 kB
Cached:          1845964 kB
SwapCached:            0 kB
Active:          1658516 kB
Inactive:        1605708 kB
Active(anon):    1418764 kB
Inactive(anon):    25840 kB
Active(file):     239752 kB
Inactive(file):  1579868 kB
Unevictable:        5508 kB
Mlocked:            5508 kB
SwapTotal:       3145724 kB
SwapFree:        3145724 kB
Dirty:               552 kB
Writeback:             0 kB
AnonPages:       1417760 kB
Mapped:           863596 kB
Shmem:             27744 kB
KReclaimable:     672492 kB
Slab:             225276 kB
SReclaimable:      77872 kB
SUnreclaim:       147404 kB
KernelStack:       47200 kB
PageTables:        64352 kB
NFS_Unstable:          0 kB
Bounce:                0 kB
WritebackTmp:          0 kB
CommitLimit:     9202292 kB
Committed_AS:   67609504 kB
VmallocTotal:   263061440 kB
VmallocUsed:      104120 kB
VmallocChunk:          0 kB
Percpu:             7616 kB
CmaTotal:         294912 kB
CmaFree:               0 kB
MemTotal:       12113136 kB
MemFree:         6154952 kB
MemAvailable:    7778376 kB
Buffers:            5852 kB
Cached:          1845980 kB
SwapCached:            0 kB
Active:          1658736 kB
Inactive:        1605724 kB
Active(anon):    1418984 kB
Inactive(anon):    25840 kB
Active(file):     239752 kB
Inactive(file):  1579884 kB
Unevictable:        5508 kB
Mlocked:            5508 kB
SwapTotal:       3145724 kB
SwapFree:        3145724 kB
Dirty:               584 kB
Writeback:             0 kB
AnonPages:       1418188 kB
Mapped:           863932 kB
Shmem:             27744 kB
KReclaimable:     672492 kB
Slab:             225284 kB
SReclaimable:      77872 kB
SUnreclaim:       147412 kB
KernelStack:       47168 kB
PageTables:        64024 kB
NFS_Unstable:          0 kB
Bounce:                0 kB
WritebackTmp:          0 kB
CommitLimit:     9202292 kB
Committed_AS:   67609912 kB
VmallocTotal:   263061440 kB
VmallocUsed:      104168 kB
VmallocChunk:          0 kB
Percpu:             7616 kB
CmaTotal:         294912 kB
CmaFree:               0 kB
MemTotal:       12113136 kB
MemFree:         6124100 kB
MemAvailable:    7739356 kB
Buffers:            5852 kB
Cached:          1846048 kB
SwapCached:            0 kB
Active:          1693360 kB
Inactive:        1605700 kB
Active(anon):    1453612 kB
Inactive(anon):    25828 kB
Active(file):     239748 kB
Inactive(file):  1579872 kB
Unevictable:        5508 kB
Mlocked:            5508 kB
SwapTotal:       3145724 kB
SwapFree:        3145724 kB
Dirty:               612 kB
Writeback:             0 kB
AnonPages:       1452552 kB
Mapped:           863812 kB
Shmem:             27828 kB
KReclaimable:     664340 kB
Slab:             225284 kB
SReclaimable:      77872 kB
SUnreclaim:       147412 kB
KernelStack:       47152 kB
PageTables:        64116 kB
NFS_Unstable:          0 kB
Bounce:                0 kB
WritebackTmp:          0 kB
CommitLimit:     9202292 kB
Committed_AS:   67609700 kB
VmallocTotal:   263061440 kB
VmallocUsed:      104136 kB
VmallocChunk:          0 kB
Percpu:             7616 kB
CmaTotal:         294912 kB
CmaFree:               0 kB
MemTotal:       12113136 kB
MemFree:         6123780 kB
MemAvailable:    7738952 kB
Buffers:            5852 kB
Cached:          1846160 kB
SwapCached:            0 kB
Active:          1691136 kB
Inactive:        1605800 kB
Active(anon):    1451384 kB
Inactive(anon):    25888 kB
Active(file):     239752 kB
Inactive(file):  1579912 kB
Unevictable:        5508 kB
Mlocked:            5508 kB
SwapTotal:       3145724 kB
SwapFree:        3145724 kB
Dirty:               292 kB
Writeback:             0 kB
AnonPages:       1450340 kB
Mapped:           864020 kB
Shmem:             27896 kB
KReclaimable:     664212 kB
Slab:             225264 kB
SReclaimable:      77872 kB
SUnreclaim:       147392 kB
KernelStack:       47168 kB
PageTables:        64100 kB
NFS_Unstable:          0 kB
Bounce:                0 kB
WritebackTmp:          0 kB
CommitLimit:     9202292 kB
Committed_AS:   67611940 kB
VmallocTotal:   263061440 kB
VmallocUsed:      104168 kB
VmallocChunk:          0 kB
Percpu:             7616 kB
CmaTotal:         294912 kB
CmaFree:               0 kB
MemTotal:       12113136 kB
MemFree:         6123660 kB
MemAvailable:    7738840 kB
Buffers:            5852 kB
Cached:          1846168 kB
SwapCached:            0 kB
Active:          1691332 kB
Inactive:        1605808 kB
Active(anon):    1451580 kB
Inactive(anon):    25888 kB
Active(file):     239752 kB
Inactive(file):  1579920 kB
Unevictable:        5508 kB
Mlocked:            5508 kB
SwapTotal:       3145724 kB
SwapFree:        3145724 kB
Dirty:               380 kB
Writeback:             0 kB
AnonPages:       1450484 kB
Mapped:           864156 kB
Shmem:             27896 kB
KReclaimable:     664212 kB
Slab:             225264 kB
SReclaimable:      77872 kB
SUnreclaim:       147392 kB
KernelStack:       47136 kB
PageTables:        64140 kB
NFS_Unstable:          0 kB
Bounce:                0 kB
WritebackTmp:          0 kB
CommitLimit:     9202292 kB
Committed_AS:   67613192 kB
VmallocTotal:   263061440 kB
VmallocUsed:      104168 kB
VmallocChunk:          0 kB
Percpu:             7616 kB
CmaTotal:         294912 kB
CmaFree:               0 kB
MemTotal:       12113136 kB
MemFree:         6112896 kB
MemAvailable:    7728084 kB
Buffers:            5852 kB
Cached:          1854996 kB
SwapCached:            0 kB
Active:          1692380 kB
Inactive:        1614564 kB
Active(anon):    1452628 kB
Inactive(anon):    34636 kB
Active(file):     239752 kB
Inactive(file):  1579928 kB
Unevictable:        5508 kB
Mlocked:            5508 kB
SwapTotal:       3145724 kB
SwapFree:        3145724 kB
Dirty:               416 kB
Writeback:             0 kB
AnonPages:       1451616 kB
Mapped:           872784 kB
Shmem:             36716 kB
KReclaimable:     664212 kB
Slab:             225264 kB
SReclaimable:      77872 kB
SUnreclaim:       147392 kB
KernelStack:       47168 kB
PageTables:        64032 kB
NFS_Unstable:          0 kB
Bounce:                0 kB
WritebackTmp:          0 kB
CommitLimit:     9202292 kB
Committed_AS:   67618548 kB
VmallocTotal:   263061440 kB
VmallocUsed:      104184 kB
VmallocChunk:          0 kB
Percpu:             7616 kB
CmaTotal:         294912 kB
CmaFree:               8 kB
MemTotal:       12113136 kB
MemFree:         6125336 kB
MemAvailable:    7740536 kB
Buffers:            5852 kB
Cached:          1846172 kB
SwapCached:            0 kB
Active:          1688568 kB
Inactive:        1605812 kB
Active(anon):    1448816 kB
Inactive(anon):    25872 kB
Active(file):     239752 kB
Inactive(file):  1579940 kB
Unevictable:        5508 kB
Mlocked:            5508 kB
SwapTotal:       3145724 kB
SwapFree:        3145724 kB
Dirty:               432 kB
Writeback:             0 kB
AnonPages:       1447644 kB
Mapped:           864004 kB
Shmem:             27880 kB
KReclaimable:     664212 kB
Slab:             225256 kB
SReclaimable:      77872 kB
SUnreclaim:       147384 kB
KernelStack:       47236 kB
PageTables:        64180 kB
NFS_Unstable:          0 kB
Bounce:                0 kB
WritebackTmp:          0 kB
CommitLimit:     9202292 kB
Committed_AS:   67613008 kB
VmallocTotal:   263061440 kB
VmallocUsed:      104232 kB
VmallocChunk:          0 kB
Percpu:             7616 kB
CmaTotal:         294912 kB
CmaFree:              92 kB
MemTotal:       12113136 kB
MemFree:         6137652 kB
MemAvailable:    7758212 kB
Buffers:            5860 kB
Cached:          1846156 kB
SwapCached:            0 kB
Active:          1676316 kB
Inactive:        1605816 kB
Active(anon):    1436560 kB
Inactive(anon):    25844 kB
Active(file):     239756 kB
Inactive(file):  1579972 kB
Unevictable:        5508 kB
Mlocked:            5508 kB
SwapTotal:       3145724 kB
SwapFree:        3145724 kB
Dirty:               424 kB
Writeback:             0 kB
AnonPages:       1435816 kB
Mapped:           864088 kB
Shmem:             27836 kB
KReclaimable:     669536 kB
Slab:             225272 kB
SReclaimable:      77876 kB
SUnreclaim:       147396 kB
KernelStack:       47344 kB
PageTables:        64068 kB
NFS_Unstable:          0 kB
Bounce:                0 kB
WritebackTmp:          0 kB
CommitLimit:     9202292 kB
Committed_AS:   67611128 kB
VmallocTotal:   263061440 kB
VmallocUsed:      104360 kB
VmallocChunk:          0 kB
Percpu:             7616 kB
CmaTotal:         294912 kB
CmaFree:               0 kB
MemTotal:       12113136 kB
MemFree:         6126640 kB
MemAvailable:    7747216 kB
Buffers:            5860 kB
Cached:          1854880 kB
SwapCached:            0 kB
Active:          1677264 kB
Inactive:        1614404 kB
Active(anon):    1437500 kB
Inactive(anon):    34424 kB
Active(file):     239764 kB
Inactive(file):  1579980 kB
Unevictable:        5508 kB
Mlocked:            5508 kB
SwapTotal:       3145724 kB
SwapFree:        3145724 kB
Dirty:               468 kB
Writeback:             0 kB
AnonPages:       1436612 kB
Mapped:           872676 kB
Shmem:             36540 kB
KReclaimable:     669536 kB
Slab:             225252 kB
SReclaimable:      77876 kB
SUnreclaim:       147376 kB
KernelStack:       47440 kB
PageTables:        64208 kB
NFS_Unstable:          0 kB
Bounce:                0 kB
WritebackTmp:          0 kB
CommitLimit:     9202292 kB
Committed_AS:   67628096 kB
VmallocTotal:   263061440 kB
VmallocUsed:      104408 kB
VmallocChunk:          0 kB
Percpu:             7616 kB
CmaTotal:         294912 kB
CmaFree:             304 kB
MemTotal:       12113136 kB
MemFree:         6127832 kB
MemAvailable:    7748420 kB
Buffers:            5860 kB
Cached:          1846116 kB
SwapCached:            0 kB
Active:          1686616 kB
Inactive:        1605776 kB
Active(anon):    1446852 kB
Inactive(anon):    25784 kB
Active(file):     239764 kB
Inactive(file):  1579992 kB
Unevictable:        5508 kB
Mlocked:            5508 kB
SwapTotal:       3145724 kB
SwapFree:        3145724 kB
Dirty:               504 kB
Writeback:             0 kB
AnonPages:       1445956 kB
Mapped:           864032 kB
Shmem:             27768 kB
KReclaimable:     669536 kB
Slab:             225260 kB
SReclaimable:      77876 kB
SUnreclaim:       147384 kB
KernelStack:       47376 kB
PageTables:        64020 kB
NFS_Unstable:          0 kB
Bounce:                0 kB
WritebackTmp:          0 kB
CommitLimit:     9202292 kB
Committed_AS:   67608852 kB
VmallocTotal:   263061440 kB
VmallocUsed:      104408 kB
VmallocChunk:          0 kB
Percpu:             7616 kB
CmaTotal:         294912 kB
CmaFree:               0 kB
MemTotal:       12113136 kB
MemFree:         6152440 kB
MemAvailable:    7773040 kB
Buffers:            5860 kB
Cached:          1846128 kB
SwapCached:            0 kB
Active:          1660368 kB
Inactive:        1605788 kB
Active(anon):    1420604 kB
Inactive(anon):    25784 kB
Active(file):     239764 kB
Inactive(file):  1580004 kB
Unevictable:        5508 kB
Mlocked:            5508 kB
SwapTotal:       3145724 kB
SwapFree:        3145724 kB
Dirty:               516 kB
Writeback:             0 kB
AnonPages:       1419708 kB
Mapped:           864068 kB
Shmem:             27768 kB
KReclaimable:     669536 kB
Slab:             225276 kB
SReclaimable:      77876 kB
SUnreclaim:       147400 kB
KernelStack:       47456 kB
PageTables:        64224 kB
NFS_Unstable:          0 kB
Bounce:                0 kB
WritebackTmp:          0 kB
CommitLimit:     9202292 kB
Committed_AS:   67613600 kB
VmallocTotal:   263061440 kB
VmallocUsed:      104408 kB
VmallocChunk:          0 kB
Percpu:             7616 kB
CmaTotal:         294912 kB
CmaFree:             128 kB
MemTotal:       12113136 kB
MemFree:         6127388 kB
MemAvailable:    7748004 kB
Buffers:            5860 kB
Cached:          1854920 kB
SwapCached:            0 kB
Active:          1678808 kB
Inactive:        1614496 kB
Active(anon):    1439044 kB
Inactive(anon):    34476 kB
Active(file):     239764 kB
Inactive(file):  1580020 kB
Unevictable:        5508 kB
Mlocked:            5508 kB
SwapTotal:       3145724 kB
SwapFree:        3145724 kB
Dirty:               548 kB
Writeback:             0 kB
AnonPages:       1438412 kB
Mapped:           872844 kB
Shmem:             36544 kB
KReclaimable:     669536 kB
Slab:             225276 kB
SReclaimable:      77876 kB
SUnreclaim:       147400 kB
KernelStack:       47408 kB
PageTables:        64048 kB
NFS_Unstable:          0 kB
Bounce:                0 kB
WritebackTmp:          0 kB
CommitLimit:     9202292 kB
Committed_AS:   67615636 kB
VmallocTotal:   263061440 kB
VmallocUsed:      104376 kB
VmallocChunk:          0 kB
Percpu:             7616 kB
CmaTotal:         294912 kB
CmaFree:               0 kB
MemTotal:       12113136 kB
MemFree:         6126720 kB
MemAvailable:    7747348 kB
Buffers:            5860 kB
Cached:          1846160 kB
SwapCached:            0 kB
Active:          1688736 kB
Inactive:        1605820 kB
Active(anon):    1448972 kB
Inactive(anon):    25788 kB
Active(file):     239764 kB
Inactive(file):  1580032 kB
Unevictable:        5508 kB
Mlocked:            5508 kB
SwapTotal:       3145724 kB
SwapFree:        3145724 kB
Dirty:               564 kB
Writeback:             0 kB
AnonPages:       1448040 kB
Mapped:           864032 kB
Shmem:             27772 kB
KReclaimable:     669536 kB
Slab:             225268 kB
SReclaimable:      77876 kB
SUnreclaim:       147392 kB
KernelStack:       47376 kB
PageTables:        64092 kB
NFS_Unstable:          0 kB
Bounce:                0 kB
WritebackTmp:          0 kB
CommitLimit:     9202292 kB
Committed_AS:   67602928 kB
VmallocTotal:   263061440 kB
VmallocUsed:      104392 kB
VmallocChunk:          0 kB
Percpu:             7616 kB
CmaTotal:         294912 kB
CmaFree:               0 kB
MemTotal:       12113136 kB
MemFree:         6126344 kB
MemAvailable:    7747020 kB
Buffers:            5860 kB
Cached:          1846216 kB
SwapCached:            0 kB
Active:          1688476 kB
Inactive:        1605868 kB
Active(anon):    1448704 kB
Inactive(anon):    25796 kB
Active(file):     239772 kB
Inactive(file):  1580072 kB
Unevictable:        5508 kB
Mlocked:            5508 kB
SwapTotal:       3145724 kB
SwapFree:        3145724 kB
Dirty:               592 kB
Writeback:             0 kB
AnonPages:       1447384 kB
Mapped:           864020 kB
Shmem:             27780 kB
KReclaimable:     669536 kB
Slab:             225260 kB
SReclaimable:      77876 kB
SUnreclaim:       147384 kB
KernelStack:       47344 kB
PageTables:        64192 kB
NFS_Unstable:          0 kB
Bounce:                0 kB
WritebackTmp:          0 kB
CommitLimit:     9202292 kB
Committed_AS:   67614144 kB
VmallocTotal:   263061440 kB
VmallocUsed:      104312 kB
VmallocChunk:          0 kB
Percpu:             7616 kB
CmaTotal:         294912 kB
CmaFree:             136 kB
MemTotal:       12113136 kB
MemFree:         6117508 kB
MemAvailable:    7738160 kB
Buffers:            5860 kB
Cached:          1855076 kB
SwapCached:            0 kB
Active:          1687868 kB
Inactive:        1614720 kB
Active(anon):    1448104 kB
Inactive(anon):    34664 kB
Active(file):     239764 kB
Inactive(file):  1580056 kB
Unevictable:        5508 kB
Mlocked:            5508 kB
SwapTotal:       3145724 kB
SwapFree:        3145724 kB
Dirty:               608 kB
Writeback:             0 kB
AnonPages:       1447460 kB
Mapped:           872924 kB
Shmem:             36664 kB
KReclaimable:     669536 kB
Slab:             225260 kB
SReclaimable:      77876 kB
SUnreclaim:       147384 kB
KernelStack:       47296 kB
PageTables:        63948 kB
NFS_Unstable:          0 kB
Bounce:                0 kB
WritebackTmp:          0 kB
CommitLimit:     9202292 kB
Committed_AS:   67621756 kB
VmallocTotal:   263061440 kB
VmallocUsed:      104328 kB
VmallocChunk:          0 kB
Percpu:             7616 kB
CmaTotal:         294912 kB
CmaFree:             124 kB
MemTotal:       12113136 kB
MemFree:         6127600 kB
MemAvailable:    7748256 kB
Buffers:            5860 kB
Cached:          1846196 kB
SwapCached:            0 kB
Active:          1687996 kB
Inactive:        1605856 kB
Active(anon):    1448232 kB
Inactive(anon):    25796 kB
Active(file):     239764 kB
Inactive(file):  1580060 kB
Unevictable:        5508 kB
Mlocked:            5508 kB
SwapTotal:       3145724 kB
SwapFree:        3145724 kB
Dirty:               612 kB
Writeback:             0 kB
AnonPages:       1447336 kB
Mapped:           864040 kB
Shmem:             27780 kB
KReclaimable:     669536 kB
Slab:             225260 kB
SReclaimable:      77876 kB
SUnreclaim:       147384 kB
KernelStack:       47280 kB
PageTables:        64060 kB
NFS_Unstable:          0 kB
Bounce:                0 kB
WritebackTmp:          0 kB
CommitLimit:     9202292 kB
Committed_AS:   67608592 kB
VmallocTotal:   263061440 kB
VmallocUsed:      104296 kB
VmallocChunk:          0 kB
Percpu:             7616 kB
CmaTotal:         294912 kB
CmaFree:               0 kB
MemTotal:       12113136 kB
MemFree:         6128168 kB
MemAvailable:    7748844 kB
Buffers:            5860 kB
Cached:          1846220 kB
SwapCached:            0 kB
Active:          1686812 kB
Inactive:        1605880 kB
Active(anon):    1447048 kB
Inactive(anon):    25800 kB
Active(file):     239764 kB
Inactive(file):  1580080 kB
Unevictable:        5508 kB
Mlocked:            5508 kB
SwapTotal:       3145724 kB
SwapFree:        3145724 kB
Dirty:               680 kB
Writeback:             0 kB
AnonPages:       1446292 kB
Mapped:           864152 kB
Shmem:             27784 kB
KReclaimable:     669536 kB
Slab:             225252 kB
SReclaimable:      77876 kB
SUnreclaim:       147376 kB
KernelStack:       47248 kB
PageTables:        64164 kB
NFS_Unstable:          0 kB
Bounce:                0 kB
WritebackTmp:          0 kB
CommitLimit:     9202292 kB
Committed_AS:   67614360 kB
VmallocTotal:   263061440 kB
VmallocUsed:      104264 kB
VmallocChunk:          0 kB
Percpu:             7616 kB
CmaTotal:         294912 kB
CmaFree:               0 kB
MemTotal:       12113136 kB
MemFree:         6119200 kB
MemAvailable:    7739900 kB
Buffers:            5860 kB
Cached:          1855008 kB
SwapCached:            0 kB
Active:          1687232 kB
Inactive:        1614668 kB
Active(anon):    1447468 kB
Inactive(anon):    34564 kB
Active(file):     239764 kB
Inactive(file):  1580104 kB
Unevictable:        5508 kB
Mlocked:            5508 kB
SwapTotal:       3145724 kB
SwapFree:        3145724 kB
Dirty:               732 kB
Writeback:             0 kB
AnonPages:       1446416 kB
Mapped:           872804 kB
Shmem:             36548 kB
KReclaimable:     669536 kB
Slab:             225268 kB
SReclaimable:      77876 kB
SUnreclaim:       147392 kB
KernelStack:       47248 kB
PageTables:        64092 kB
NFS_Unstable:          0 kB
Bounce:                0 kB
WritebackTmp:          0 kB
CommitLimit:     9202292 kB
Committed_AS:   67620364 kB
VmallocTotal:   263061440 kB
VmallocUsed:      104280 kB
VmallocChunk:          0 kB
Percpu:             7616 kB
CmaTotal:         294912 kB
CmaFree:               0 kB
MemTotal:       12113136 kB
MemFree:         6126812 kB
MemAvailable:    7747524 kB
Buffers:            5860 kB
Cached:          1846256 kB
SwapCached:            0 kB
Active:          1688308 kB
Inactive:        1605916 kB
Active(anon):    1448544 kB
Inactive(anon):    25800 kB
Active(file):     239764 kB
Inactive(file):  1580116 kB
Unevictable:        5508 kB
Mlocked:            5508 kB
SwapTotal:       3145724 kB
SwapFree:        3145724 kB
Dirty:               292 kB
Writeback:             0 kB
AnonPages:       1447328 kB
Mapped:           864044 kB
Shmem:             27784 kB
KReclaimable:     669536 kB
Slab:             225252 kB
SReclaimable:      77876 kB
SUnreclaim:       147376 kB
KernelStack:       47296 kB
PageTables:        64188 kB
NFS_Unstable:          0 kB
Bounce:                0 kB
WritebackTmp:          0 kB
CommitLimit:     9202292 kB
Committed_AS:   67614036 kB
VmallocTotal:   263061440 kB
VmallocUsed:      104264 kB
VmallocChunk:          0 kB
Percpu:             7616 kB
CmaTotal:         294912 kB
CmaFree:               0 kB
MemTotal:       12113136 kB
MemFree:         6141148 kB
MemAvailable:    7761876 kB
Buffers:            5860 kB
Cached:          1846284 kB
SwapCached:            0 kB
Active:          1670972 kB
Inactive:        1605944 kB
Active(anon):    1431208 kB
Inactive(anon):    25812 kB
Active(file):     239764 kB
Inactive(file):  1580132 kB
Unevictable:        5508 kB
Mlocked:            5508 kB
SwapTotal:       3145724 kB
SwapFree:        3145724 kB
Dirty:               336 kB
Writeback:             0 kB
AnonPages:       1430396 kB
Mapped:           864176 kB
Shmem:             27796 kB
KReclaimable:     669536 kB
Slab:             225260 kB
SReclaimable:      77876 kB
SUnreclaim:       147384 kB
KernelStack:       47280 kB
PageTables:        64084 kB
NFS_Unstable:          0 kB
Bounce:                0 kB
WritebackTmp:          0 kB
CommitLimit:     9202292 kB
Committed_AS:   67608304 kB
VmallocTotal:   263061440 kB
VmallocUsed:      104264 kB
VmallocChunk:          0 kB
Percpu:             7616 kB
CmaTotal:         294912 kB
CmaFree:             252 kB
MemTotal:       12113136 kB
MemFree:         6114628 kB
MemAvailable:    7735364 kB
Buffers:            5860 kB
Cached:          1855176 kB
SwapCached:            0 kB
Active:          1688964 kB
Inactive:        1614836 kB
Active(anon):    1449200 kB
Inactive(anon):    34696 kB
Active(file):     239764 kB
Inactive(file):  1580140 kB
Unevictable:        5508 kB
Mlocked:            5508 kB
SwapTotal:       3145724 kB
SwapFree:        3145724 kB
Dirty:               372 kB
Writeback:             0 kB
AnonPages:       1448356 kB
Mapped:           872924 kB
Shmem:             36680 kB
KReclaimable:     669536 kB
Slab:             225228 kB
SReclaimable:      77876 kB
SUnreclaim:       147352 kB
KernelStack:       47232 kB
PageTables:        64064 kB
NFS_Unstable:          0 kB
Bounce:                0 kB
WritebackTmp:          0 kB
CommitLimit:     9202292 kB
Committed_AS:   67617580 kB
VmallocTotal:   263061440 kB
VmallocUsed:      104216 kB
VmallocChunk:          0 kB
Percpu:             7616 kB
CmaTotal:         294912 kB
CmaFree:             216 kB
MemTotal:       12113136 kB
MemFree:         6114932 kB
MemAvailable:    7735676 kB
Buffers:            5860 kB
Cached:          1846300 kB
SwapCached:            0 kB
Active:          1699648 kB
Inactive:        1605960 kB
Active(anon):    1459884 kB
Inactive(anon):    25812 kB
Active(file):     239764 kB
Inactive(file):  1580148 kB
Unevictable:        5508 kB
Mlocked:            5508 kB
SwapTotal:       3145724 kB
SwapFree:        3145724 kB
Dirty:               420 kB
Writeback:             0 kB
AnonPages:       1458904 kB
Mapped:           864116 kB
Shmem:             27796 kB
KReclaimable:     669536 kB
Slab:             225260 kB
SReclaimable:      77876 kB
SUnreclaim:       147384 kB
KernelStack:       47264 kB
PageTables:        64224 kB
NFS_Unstable:          0 kB
Bounce:                0 kB
WritebackTmp:          0 kB
CommitLimit:     9202292 kB
Committed_AS:   67608476 kB
VmallocTotal:   263061440 kB
VmallocUsed:      104216 kB
VmallocChunk:          0 kB
Percpu:             7616 kB
CmaTotal:         294912 kB
CmaFree:               0 kB
MemTotal:       12113136 kB
MemFree:         6118960 kB
MemAvailable:    7739712 kB
Buffers:            5868 kB
Cached:          1846300 kB
SwapCached:            0 kB
Active:          1694368 kB
Inactive:        1605968 kB
Active(anon):    1454604 kB
Inactive(anon):    25812 kB
Active(file):     239764 kB
Inactive(file):  1580156 kB
Unevictable:        5508 kB
Mlocked:            5508 kB
SwapTotal:       3145724 kB
SwapFree:        3145724 kB
Dirty:               460 kB
Writeback:             0 kB
AnonPages:       1453680 kB
Mapped:           864112 kB
Shmem:             27796 kB
KReclaimable:     669536 kB
Slab:             225260 kB
SReclaimable:      77876 kB
SUnreclaim:       147384 kB
KernelStack:       47216 kB
PageTables:        63992 kB
NFS_Unstable:          0 kB
Bounce:                0 kB
WritebackTmp:          0 kB
CommitLimit:     9202292 kB
Committed_AS:   67613812 kB
VmallocTotal:   263061440 kB
VmallocUsed:      104248 kB
VmallocChunk:          0 kB
Percpu:             7616 kB
CmaTotal:         294912 kB
CmaFree:             368 kB
MemTotal:       12113136 kB
MemFree:         6124268 kB
MemAvailable:    7745064 kB
Buffers:            5868 kB
Cached:          1853160 kB
SwapCached:            0 kB
Active:          1685316 kB
Inactive:        1612724 kB
Active(anon):    1445544 kB
Inactive(anon):    32532 kB
Active(file):     239772 kB
Inactive(file):  1580192 kB
Unevictable:        5508 kB
Mlocked:            5508 kB
SwapTotal:       3145724 kB
SwapFree:        3145724 kB
Dirty:               472 kB
Writeback:             0 kB
AnonPages:       1444352 kB
Mapped:           870916 kB
Shmem:             34612 kB
KReclaimable:     669536 kB
Slab:             225268 kB
SReclaimable:      77876 kB
SUnreclaim:       147392 kB
KernelStack:       47248 kB
PageTables:        64136 kB
NFS_Unstable:          0 kB
Bounce:                0 kB
WritebackTmp:          0 kB
CommitLimit:     9202292 kB
Committed_AS:   67617836 kB
VmallocTotal:   263061440 kB
VmallocUsed:      104232 kB
VmallocChunk:          0 kB
Percpu:             7616 kB
CmaTotal:         294912 kB
CmaFree:             284 kB
MemTotal:       12113136 kB
MemFree:         6137520 kB
MemAvailable:    7758320 kB
Buffers:            5868 kB
Cached:          1846352 kB
SwapCached:            0 kB
Active:          1677704 kB
Inactive:        1606012 kB
Active(anon):    1437932 kB
Inactive(anon):    25816 kB
Active(file):     239772 kB
Inactive(file):  1580196 kB
Unevictable:        5508 kB
Mlocked:            5508 kB
SwapTotal:       3145724 kB
SwapFree:        3145724 kB
Dirty:               480 kB
Writeback:             0 kB
AnonPages:       1436628 kB
Mapped:           864124 kB
Shmem:             27800 kB
KReclaimable:     669536 kB
Slab:             225236 kB
SReclaimable:      77876 kB
SUnreclaim:       147360 kB
KernelStack:       47232 kB
PageTables:        64036 kB
NFS_Unstable:          0 kB
Bounce:                0 kB
WritebackTmp:          0 kB
CommitLimit:     9202292 kB
Committed_AS:   67609140 kB
VmallocTotal:   263061440 kB
VmallocUsed:      104216 kB
VmallocChunk:          0 kB
Percpu:             7616 kB
CmaTotal:         294912 kB
CmaFree:             160 kB
MemTotal:       12113136 kB
MemFree:         6137924 kB
MemAvailable:    7758748 kB
Buffers:            5868 kB
Cached:          1846376 kB
SwapCached:            0 kB
Active:          1677840 kB
Inactive:        1606036 kB
Active(anon):    1438068 kB
Inactive(anon):    25816 kB
Active(file):     239772 kB
Inactive(file):  1580220 kB
Unevictable:        5508 kB
Mlocked:            5508 kB
SwapTotal:       3145724 kB
SwapFree:        3145724 kB
Dirty:               536 kB
Writeback:             0 kB
AnonPages:       1437108 kB
Mapped:           863996 kB
Shmem:             27800 kB
KReclaimable:     669536 kB
Slab:             225228 kB
SReclaimable:      77876 kB
SUnreclaim:       147352 kB
KernelStack:       47232 kB
PageTables:        64268 kB
NFS_Unstable:          0 kB
Bounce:                0 kB
WritebackTmp:          0 kB
CommitLimit:     9202292 kB
Committed_AS:   67607804 kB
VmallocTotal:   263061440 kB
VmallocUsed:      104200 kB
VmallocChunk:          0 kB
Percpu:             7616 kB
CmaTotal:         294912 kB
CmaFree:               8 kB
MemTotal:       12113136 kB
MemFree:         6101380 kB
MemAvailable:    7722208 kB
Buffers:            5868 kB
Cached:          1854940 kB
SwapCached:            0 kB
Active:          1704732 kB
Inactive:        1614652 kB
Active(anon):    1464960 kB
Inactive(anon):    34428 kB
Active(file):     239772 kB
Inactive(file):  1580224 kB
Unevictable:        5508 kB
Mlocked:            5508 kB
SwapTotal:       3145724 kB
SwapFree:        3145724 kB
Dirty:               592 kB
Writeback:             0 kB
AnonPages:       1464092 kB
Mapped:           872732 kB
Shmem:             36360 kB
KReclaimable:     669536 kB
Slab:             225236 kB
SReclaimable:      77876 kB
SUnreclaim:       147360 kB
KernelStack:       47216 kB
PageTables:        64100 kB
NFS_Unstable:          0 kB
Bounce:                0 kB
WritebackTmp:          0 kB
CommitLimit:     9202292 kB
Committed_AS:   67627692 kB
VmallocTotal:   263061440 kB
VmallocUsed:      104248 kB
VmallocChunk:          0 kB
Percpu:             7616 kB
CmaTotal:         294912 kB
CmaFree:              96 kB
MemTotal:       12113136 kB
MemFree:         6099760 kB
MemAvailable:    7720600 kB
Buffers:            5868 kB
Cached:          1846392 kB
SwapCached:            0 kB
Active:          1714412 kB
Inactive:        1606052 kB
Active(anon):    1474640 kB
Inactive(anon):    25816 kB
Active(file):     239772 kB
Inactive(file):  1580236 kB
Unevictable:        5508 kB
Mlocked:            5508 kB
SwapTotal:       3145724 kB
SwapFree:        3145724 kB
Dirty:               608 kB
Writeback:             0 kB
AnonPages:       1473772 kB
Mapped:           863996 kB
Shmem:             27800 kB
KReclaimable:     669536 kB
Slab:             225220 kB
SReclaimable:      77876 kB
SUnreclaim:       147344 kB
KernelStack:       47216 kB
PageTables:        63884 kB
NFS_Unstable:          0 kB
Bounce:                0 kB
WritebackTmp:          0 kB
CommitLimit:     9202292 kB
Committed_AS:   67614308 kB
VmallocTotal:   263061440 kB
VmallocUsed:      104216 kB
VmallocChunk:          0 kB
Percpu:             7616 kB
CmaTotal:         294912 kB
CmaFree:               0 kB
MemTotal:       12113136 kB
MemFree:         6098848 kB
MemAvailable:    7719704 kB
Buffers:            5868 kB
Cached:          1846408 kB
SwapCached:            0 kB
Active:          1715868 kB
Inactive:        1606068 kB
Active(anon):    1476096 kB
Inactive(anon):    25816 kB
Active(file):     239772 kB
Inactive(file):  1580252 kB
Unevictable:        5508 kB
Mlocked:            5508 kB
SwapTotal:       3145724 kB
SwapFree:        3145724 kB
Dirty:               360 kB
Writeback:           260 kB
AnonPages:       1474648 kB
Mapped:           864008 kB
Shmem:             27800 kB
KReclaimable:     669536 kB
Slab:             225244 kB
SReclaimable:      77876 kB
SUnreclaim:       147368 kB
KernelStack:       47328 kB
PageTables:        64196 kB
NFS_Unstable:          0 kB
Bounce:                0 kB
WritebackTmp:          0 kB
CommitLimit:     9202292 kB
Committed_AS:   67607792 kB
VmallocTotal:   263061440 kB
VmallocUsed:      104248 kB
VmallocChunk:          0 kB
Percpu:             7616 kB
CmaTotal:         294912 kB
CmaFree:               0 kB
MemTotal:       12113136 kB
MemFree:         6088956 kB
MemAvailable:    7709824 kB
Buffers:            5868 kB
Cached:          1855124 kB
SwapCached:            0 kB
Active:          1715980 kB
Inactive:        1614748 kB
Active(anon):    1476208 kB
Inactive(anon):    34484 kB
Active(file):     239772 kB
Inactive(file):  1580264 kB
Unevictable:        5508 kB
Mlocked:            5508 kB
SwapTotal:       3145724 kB
SwapFree:        3145724 kB
Dirty:               308 kB
Writeback:             0 kB
AnonPages:       1475248 kB
Mapped:           872816 kB
Shmem:             36504 kB
KReclaimable:     669536 kB
Slab:             225228 kB
SReclaimable:      77876 kB
SUnreclaim:       147352 kB
KernelStack:       47284 kB
PageTables:        64024 kB
NFS_Unstable:          0 kB
Bounce:                0 kB
WritebackTmp:          0 kB
CommitLimit:     9202292 kB
Committed_AS:   67621716 kB
VmallocTotal:   263061440 kB
VmallocUsed:      104280 kB
VmallocChunk:          0 kB
Percpu:             7616 kB
CmaTotal:         294912 kB
CmaFree:               0 kB
MemTotal:       12113136 kB
MemFree:         6099384 kB
MemAvailable:    7720260 kB
Buffers:            5868 kB
Cached:          1846428 kB
SwapCached:            0 kB
Active:          1716212 kB
Inactive:        1606088 kB
Active(anon):    1476440 kB
Inactive(anon):    25816 kB
Active(file):     239772 kB
Inactive(file):  1580272 kB
Unevictable:        5508 kB
Mlocked:            5508 kB
SwapTotal:       3145724 kB
SwapFree:        3145724 kB
Dirty:               336 kB
Writeback:             0 kB
AnonPages:       1475472 kB
Mapped:           864068 kB
Shmem:             27800 kB
KReclaimable:     669536 kB
Slab:             225228 kB
SReclaimable:      77876 kB
SUnreclaim:       147352 kB
KernelStack:       47232 kB
PageTables:        64184 kB
NFS_Unstable:          0 kB
Bounce:                0 kB
WritebackTmp:          0 kB
CommitLimit:     9202292 kB
Committed_AS:   67613088 kB
VmallocTotal:   263061440 kB
VmallocUsed:      104232 kB
VmallocChunk:          0 kB
Percpu:             7616 kB
CmaTotal:         294912 kB
CmaFree:               0 kB
MemTotal:       12113136 kB
MemFree:         6098400 kB
MemAvailable:    7719292 kB
Buffers:            5868 kB
Cached:          1846448 kB
SwapCached:            0 kB
Active:          1716984 kB
Inactive:        1606108 kB
Active(anon):    1477212 kB
Inactive(anon):    25820 kB
Active(file):     239772 kB
Inactive(file):  1580288 kB
Unevictable:        5508 kB
Mlocked:            5508 kB
SwapTotal:       3145724 kB
SwapFree:        3145724 kB
Dirty:               356 kB
Writeback:             0 kB
AnonPages:       1476564 kB
Mapped:           864228 kB
Shmem:             27804 kB
KReclaimable:     669536 kB
Slab:             225220 kB
SReclaimable:      77876 kB
SUnreclaim:       147344 kB
KernelStack:       47296 kB
PageTables:        64188 kB
NFS_Unstable:          0 kB
Bounce:                0 kB
WritebackTmp:          0 kB
CommitLimit:     9202292 kB
Committed_AS:   67614648 kB
VmallocTotal:   263061440 kB
VmallocUsed:      104216 kB
VmallocChunk:          0 kB
Percpu:             7616 kB
CmaTotal:         294912 kB
CmaFree:               4 kB
MemTotal:       12113136 kB
MemFree:         6088528 kB
MemAvailable:    7709428 kB
Buffers:            5868 kB
Cached:          1855284 kB
SwapCached:            0 kB
Active:          1718028 kB
Inactive:        1614920 kB
Active(anon):    1478256 kB
Inactive(anon):    34624 kB
Active(file):     239772 kB
Inactive(file):  1580296 kB
Unevictable:        5508 kB
Mlocked:            5508 kB
SwapTotal:       3145724 kB
SwapFree:        3145724 kB
Dirty:               396 kB
Writeback:             0 kB
AnonPages:       1476960 kB
Mapped:           872988 kB
Shmem:             36632 kB
KReclaimable:     669536 kB
Slab:             225236 kB
SReclaimable:      77876 kB
SUnreclaim:       147360 kB
KernelStack:       47264 kB
PageTables:        64304 kB
NFS_Unstable:          0 kB
Bounce:                0 kB
WritebackTmp:          0 kB
CommitLimit:     9202292 kB
Committed_AS:   67614612 kB
VmallocTotal:   263061440 kB
VmallocUsed:      104216 kB
VmallocChunk:          0 kB
Percpu:             7616 kB
CmaTotal:         294912 kB
CmaFree:               0 kB
MemTotal:       12113136 kB
MemFree:         6098456 kB
MemAvailable:    7719376 kB
Buffers:            5868 kB
Cached:          1846476 kB
SwapCached:            0 kB
Active:          1717320 kB
Inactive:        1606136 kB
Active(anon):    1477548 kB
Inactive(anon):    25820 kB
Active(file):     239772 kB
Inactive(file):  1580316 kB
Unevictable:        5508 kB
Mlocked:            5508 kB
SwapTotal:       3145724 kB
SwapFree:        3145724 kB
Dirty:               432 kB
Writeback:             0 kB
AnonPages:       1476712 kB
Mapped:           864232 kB
Shmem:             27804 kB
KReclaimable:     669536 kB
Slab:             225228 kB
SReclaimable:      77876 kB
SUnreclaim:       147352 kB
KernelStack:       47280 kB
PageTables:        64008 kB
NFS_Unstable:          0 kB
Bounce:                0 kB
WritebackTmp:          0 kB
CommitLimit:     9202292 kB
Committed_AS:   67611448 kB
VmallocTotal:   263061440 kB
VmallocUsed:      104184 kB
VmallocChunk:          0 kB
Percpu:             7616 kB
CmaTotal:         294912 kB
CmaFree:               0 kB
MemTotal:       12113136 kB
MemFree:         6097176 kB
MemAvailable:    7718104 kB
Buffers:            5868 kB
Cached:          1846484 kB
SwapCached:            0 kB
Active:          1717612 kB
Inactive:        1606144 kB
Active(anon):    1477840 kB
Inactive(anon):    25820 kB
Active(file):     239772 kB
Inactive(file):  1580324 kB
Unevictable:        5508 kB
Mlocked:            5508 kB
SwapTotal:       3145724 kB
SwapFree:        3145724 kB
Dirty:               328 kB
Writeback:             0 kB
AnonPages:       1476848 kB
Mapped:           864080 kB
Shmem:             27804 kB
KReclaimable:     669536 kB
Slab:             225196 kB
SReclaimable:      77876 kB
SUnreclaim:       147320 kB
KernelStack:       47248 kB
PageTables:        64056 kB
NFS_Unstable:          0 kB
Bounce:                0 kB
WritebackTmp:          0 kB
CommitLimit:     9202292 kB
Committed_AS:   67607248 kB
VmallocTotal:   263061440 kB
VmallocUsed:      104200 kB
VmallocChunk:          0 kB
Percpu:             7616 kB
CmaTotal:         294912 kB
CmaFree:               0 kB
MemTotal:       12113136 kB
MemFree:         6086948 kB
MemAvailable:    7707916 kB
Buffers:            5868 kB
Cached:          1855324 kB
SwapCached:            0 kB
Active:          1718084 kB
Inactive:        1615036 kB
Active(anon):    1478308 kB
Inactive(anon):    34676 kB
Active(file):     239776 kB
Inactive(file):  1580360 kB
Unevictable:        5508 kB
Mlocked:            5508 kB
SwapTotal:       3145724 kB
SwapFree:        3145724 kB
Dirty:               384 kB
Writeback:             0 kB
AnonPages:       1476948 kB
Mapped:           873004 kB
Shmem:             36604 kB
KReclaimable:     669536 kB
Slab:             225188 kB
SReclaimable:      77876 kB
SUnreclaim:       147312 kB
KernelStack:       47232 kB
PageTables:        64104 kB
NFS_Unstable:          0 kB
Bounce:                0 kB
WritebackTmp:          0 kB
CommitLimit:     9202292 kB
Committed_AS:   67617432 kB
VmallocTotal:   263061440 kB
VmallocUsed:      104232 kB
