MemTotal:        5980404 kB
MemFree:         1200204 kB
MemAvailable:    2890604 kB
Buffers:            6604 kB
Cached:          1685608 kB
SwapCached:            0 kB
Active:          1269676 kB
Inactive:        1459764 kB
Active(anon):    1043384 kB
Inactive(anon):    20572 kB
Active(file):     226292 kB
Inactive(file):  1439192 kB
Unevictable:        5428 kB
Mlocked:            5428 kB
SwapTotal:       3670008 kB
SwapFree:        3670008 kB
Dirty:               540 kB
Writeback:             0 kB
AnonPages:       1043192 kB
Mapped:           777104 kB
Shmem:             22340 kB
KReclaimable:     587348 kB
Slab:             222992 kB
SReclaimable:      68932 kB
SUnreclaim:       154060 kB
KernelStack:       43600 kB
PageTables:        55224 kB
NFS_Unstable:          0 kB
Bounce:                0 kB
WritebackTmp:          0 kB
CommitLimit:     6660208 kB
Committed_AS:   61274756 kB
VmallocTotal:   263061440 kB
VmallocUsed:       83956 kB
VmallocChunk:          0 kB
Percpu:             7616 kB
CmaTotal:         315392 kB
CmaFree:             128 kB
MemTotal:        5980404 kB
MemFree:         1202768 kB
MemAvailable:    2893168 kB
Buffers:            6604 kB
Cached:          1685616 kB
SwapCached:            0 kB
Active:          1267124 kB
Inactive:        1459772 kB
Active(anon):    1040832 kB
Inactive(anon):    20580 kB
Active(file):     226292 kB
Inactive(file):  1439192 kB
Unevictable:        5428 kB
Mlocked:            5428 kB
SwapTotal:       3670008 kB
SwapFree:        3670008 kB
Dirty:               476 kB
Writeback:             0 kB
AnonPages:       1040200 kB
Mapped:           777176 kB
Shmem:             22348 kB
KReclaimable:     587348 kB
Slab:             223028 kB
SReclaimable:      68932 kB
SUnreclaim:       154096 kB
KernelStack:       43664 kB
PageTables:        55376 kB
NFS_Unstable:          0 kB
Bounce:                0 kB
WritebackTmp:          0 kB
CommitLimit:     6660208 kB
Committed_AS:   61277856 kB
VmallocTotal:   263061440 kB
VmallocUsed:       84004 kB
VmallocChunk:          0 kB
Percpu:             7616 kB
CmaTotal:         315392 kB
CmaFree:               0 kB
MemTotal:        5980404 kB
MemFree:         1202452 kB
MemAvailable:    2892864 kB
Buffers:            6604 kB
Cached:          1685624 kB
SwapCached:            0 kB
Active:          1265704 kB
Inactive:        1459780 kB
Active(anon):    1039412 kB
Inactive(anon):    20580 kB
Active(file):     226292 kB
Inactive(file):  1439200 kB
Unevictable:        5428 kB
Mlocked:            5428 kB
SwapTotal:       3670008 kB
SwapFree:        3670008 kB
Dirty:               440 kB
Writeback:             0 kB
AnonPages:       1038756 kB
Mapped:           777152 kB
Shmem:             22348 kB
KReclaimable:     587352 kB
Slab:             223028 kB
SReclaimable:      68936 kB
SUnreclaim:       154092 kB
KernelStack:       43648 kB
PageTables:        55280 kB
NFS_Unstable:          0 kB
Bounce:                0 kB
WritebackTmp:          0 kB
CommitLimit:     6660208 kB
Committed_AS:   61276076 kB
VmallocTotal:   263061440 kB
VmallocUsed:       84020 kB
VmallocChunk:          0 kB
Percpu:             7616 kB
CmaTotal:         315392 kB
CmaFree:               0 kB
MemTotal:        5980404 kB
MemFree:         1201776 kB
MemAvailable:    2892216 kB
Buffers:            6612 kB
Cached:          1685644 kB
SwapCached:            0 kB
Active:          1266740 kB
Inactive:        1459800 kB
Active(anon):    1040440 kB
Inactive(anon):    20580 kB
Active(file):     226300 kB
Inactive(file):  1439220 kB
Unevictable:        5428 kB
Mlocked:            5428 kB
SwapTotal:       3670008 kB
SwapFree:        3670008 kB
Dirty:               488 kB
Writeback:             0 kB
AnonPages:       1039948 kB
Mapped:           777176 kB
Shmem:             22348 kB
KReclaimable:     587352 kB
Slab:             223052 kB
SReclaimable:      68936 kB
SUnreclaim:       154116 kB
KernelStack:       43616 kB
PageTables:        55384 kB
NFS_Unstable:          0 kB
Bounce:                0 kB
WritebackTmp:          0 kB
CommitLimit:     6660208 kB
Committed_AS:   61275456 kB
VmallocTotal:   263061440 kB
VmallocUsed:       84020 kB
VmallocChunk:          0 kB
Percpu:             7616 kB
CmaTotal:         315392 kB
CmaFree:               0 kB
MemTotal:        5980404 kB
MemFree:         1199300 kB
MemAvailable:    2889756 kB
Buffers:            6616 kB
Cached:          1685668 kB
SwapCached:            0 kB
Active:          1270456 kB
Inactive:        1459820 kB
Active(anon):    1044156 kB
Inactive(anon):    20584 kB
Active(file):     226300 kB
Inactive(file):  1439236 kB
Unevictable:        5428 kB
Mlocked:            5428 kB
SwapTotal:       3670008 kB
SwapFree:        3670008 kB
Dirty:               532 kB
Writeback:             0 kB
AnonPages:       1043632 kB
Mapped:           777180 kB
Shmem:             22352 kB
KReclaimable:     587352 kB
Slab:             222984 kB
SReclaimable:      68936 kB
SUnreclaim:       154048 kB
KernelStack:       43456 kB
PageTables:        55368 kB
NFS_Unstable:          0 kB
Bounce:                0 kB
WritebackTmp:          0 kB
CommitLimit:     6660208 kB
Committed_AS:   61276816 kB
VmallocTotal:   263061440 kB
VmallocUsed:       83860 kB
VmallocChunk:          0 kB
Percpu:             7616 kB
CmaTotal:         315392 kB
CmaFree:               0 kB
MemTotal:        5980404 kB
MemFree:         1197380 kB
MemAvailable:    2887856 kB
Buffers:            6616 kB
Cached:          1685680 kB
SwapCached:            0 kB
Active:          1272760 kB
Inactive:        1459836 kB
Active(anon):    1046456 kB
Inactive(anon):    20584 kB
Active(file):     226304 kB
Inactive(file):  1439252 kB
Unevictable:        5428 kB
Mlocked:            5428 kB
SwapTotal:       3670008 kB
SwapFree:        3670008 kB
Dirty:               388 kB
Writeback:             0 kB
AnonPages:       1045604 kB
Mapped:           776952 kB
Shmem:             22352 kB
KReclaimable:     587352 kB
Slab:             222980 kB
SReclaimable:      68936 kB
SUnreclaim:       154044 kB
KernelStack:       43440 kB
PageTables:        55292 kB
NFS_Unstable:          0 kB
Bounce:                0 kB
WritebackTmp:          0 kB
CommitLimit:     6660208 kB
Committed_AS:   61276336 kB
VmallocTotal:   263061440 kB
VmallocUsed:       83892 kB
VmallocChunk:          0 kB
Percpu:             7616 kB
CmaTotal:         315392 kB
CmaFree:               0 kB
MemTotal:        5980404 kB
MemFree:         1196260 kB
MemAvailable:    2886736 kB
Buffers:            6624 kB
Cached:          1685676 kB
SwapCached:            0 kB
Active:          1273080 kB
Inactive:        1459836 kB
Active(anon):    1046776 kB
Inactive(anon):    20584 kB
Active(file):     226304 kB
Inactive(file):  1439252 kB
Unevictable:        5428 kB
Mlocked:            5428 kB
SwapTotal:       3670008 kB
SwapFree:        3670008 kB
Dirty:               460 kB
Writeback:             0 kB
AnonPages:       1045908 kB
Mapped:           777052 kB
Shmem:             22352 kB
KReclaimable:     587352 kB
Slab:             222984 kB
SReclaimable:      68936 kB
SUnreclaim:       154048 kB
KernelStack:       43472 kB
PageTables:        55260 kB
NFS_Unstable:          0 kB
Bounce:                0 kB
WritebackTmp:          0 kB
CommitLimit:     6660208 kB
Committed_AS:   61278504 kB
VmallocTotal:   263061440 kB
VmallocUsed:       83828 kB
VmallocChunk:          0 kB
Percpu:             7616 kB
CmaTotal:         315392 kB
CmaFree:               0 kB
MemTotal:        5980404 kB
MemFree:         1192876 kB
MemAvailable:    2883600 kB
Buffers:            6624 kB
Cached:          1685928 kB
SwapCached:            0 kB
Active:          1276540 kB
Inactive:        1460076 kB
Active(anon):    1050228 kB
Inactive(anon):    20584 kB
Active(file):     226312 kB
Inactive(file):  1439492 kB
Unevictable:        5428 kB
Mlocked:            5428 kB
SwapTotal:       3670008 kB
SwapFree:        3670008 kB
Dirty:               992 kB
Writeback:             0 kB
AnonPages:       1049420 kB
Mapped:           777100 kB
Shmem:             22352 kB
KReclaimable:     587352 kB
Slab:             222992 kB
SReclaimable:      68936 kB
SUnreclaim:       154056 kB
KernelStack:       43472 kB
PageTables:        55252 kB
NFS_Unstable:          0 kB
Bounce:                0 kB
WritebackTmp:          0 kB
CommitLimit:     6660208 kB
Committed_AS:   61275260 kB
VmallocTotal:   263061440 kB
VmallocUsed:       83892 kB
VmallocChunk:          0 kB
Percpu:             7616 kB
CmaTotal:         315392 kB
CmaFree:               0 kB
MemTotal:        5980404 kB
MemFree:         1190004 kB
MemAvailable:    2880808 kB
Buffers:            6628 kB
Cached:          1685996 kB
SwapCached:            0 kB
Active:          1278480 kB
Inactive:        1459900 kB
Active(anon):    1051912 kB
Inactive(anon):    20584 kB
Active(file):     226568 kB
Inactive(file):  1439316 kB
Unevictable:        5428 kB
Mlocked:            5428 kB
SwapTotal:       3670008 kB
SwapFree:        3670008 kB
Dirty:              1092 kB
Writeback:             0 kB
AnonPages:       1051100 kB
Mapped:           777100 kB
Shmem:             22352 kB
KReclaimable:     587352 kB
Slab:             223152 kB
SReclaimable:      68936 kB
SUnreclaim:       154216 kB
KernelStack:       43440 kB
PageTables:        55252 kB
NFS_Unstable:          0 kB
Bounce:                0 kB
WritebackTmp:          0 kB
CommitLimit:     6660208 kB
Committed_AS:   61278040 kB
VmallocTotal:   263061440 kB
VmallocUsed:       83860 kB
VmallocChunk:          0 kB
Percpu:             7616 kB
CmaTotal:         315392 kB
CmaFree:               0 kB
