MemTotal:       12113132 kB
MemFree:         6637996 kB
MemAvailable:    8045712 kB
Buffers:            4808 kB
Cached:          1663428 kB
SwapCached:            0 kB
Active:          1476956 kB
Inactive:        1478520 kB
Active(anon):    1293820 kB
Inactive(anon):    20988 kB
Active(file):     183136 kB
Inactive(file):  1457532 kB
Unevictable:        5552 kB
Mlocked:            5552 kB
SwapTotal:       3145724 kB
SwapFree:        3145724 kB
Dirty:               392 kB
Writeback:             0 kB
AnonPages:       1292700 kB
Mapped:           852844 kB
Shmem:             23068 kB
KReclaimable:     635752 kB
Slab:             222524 kB
SReclaimable:      75316 kB
SUnreclaim:       147208 kB
KernelStack:       49028 kB
PageTables:        67100 kB
NFS_Unstable:          0 kB
Bounce:                0 kB
WritebackTmp:          0 kB
CommitLimit:     9202288 kB
Committed_AS:   75207940 kB
VmallocTotal:   263061440 kB
VmallocUsed:      106052 kB
VmallocChunk:          0 kB
Percpu:             7648 kB
CmaTotal:         294912 kB
CmaFree:               0 kB
MemTotal:       12113132 kB
MemFree:         6636964 kB
MemAvailable:    8044900 kB
Buffers:            4808 kB
Cached:          1663648 kB
SwapCached:            0 kB
Active:          1476864 kB
Inactive:        1478632 kB
Active(anon):    1293620 kB
Inactive(anon):    20992 kB
Active(file):     183244 kB
Inactive(file):  1457640 kB
Unevictable:        5552 kB
Mlocked:            5552 kB
SwapTotal:       3145724 kB
SwapFree:        3145724 kB
Dirty:               500 kB
Writeback:             0 kB
AnonPages:       1292812 kB
Mapped:           852664 kB
Shmem:             23072 kB
KReclaimable:     635756 kB
Slab:             222488 kB
SReclaimable:      75320 kB
SUnreclaim:       147168 kB
KernelStack:       49056 kB
PageTables:        67232 kB
NFS_Unstable:          0 kB
Bounce:                0 kB
WritebackTmp:          0 kB
CommitLimit:     9202288 kB
Committed_AS:   75206656 kB
VmallocTotal:   263061440 kB
VmallocUsed:      106100 kB
VmallocChunk:          0 kB
Percpu:             7648 kB
CmaTotal:         294912 kB
CmaFree:               0 kB
MemTotal:       12113132 kB
MemFree:         6635236 kB
MemAvailable:    8043176 kB
Buffers:            4808 kB
Cached:          1663656 kB
SwapCached:            0 kB
Active:          1477712 kB
Inactive:        1478636 kB
Active(anon):    1294464 kB
Inactive(anon):    20996 kB
Active(file):     183248 kB
Inactive(file):  1457640 kB
Unevictable:        5552 kB
Mlocked:            5552 kB
SwapTotal:       3145724 kB
SwapFree:        3145724 kB
Dirty:               504 kB
Writeback:             0 kB
AnonPages:       1293408 kB
Mapped:           852688 kB
Shmem:             23076 kB
KReclaimable:     635756 kB
Slab:             222464 kB
SReclaimable:      75320 kB
SUnreclaim:       147144 kB
KernelStack:       49072 kB
PageTables:        67164 kB
NFS_Unstable:          0 kB
Bounce:                0 kB
WritebackTmp:          0 kB
CommitLimit:     9202288 kB
Committed_AS:   75209436 kB
VmallocTotal:   263061440 kB
VmallocUsed:      106100 kB
VmallocChunk:          0 kB
Percpu:             7648 kB
CmaTotal:         294912 kB
CmaFree:               0 kB
MemTotal:       12113132 kB
MemFree:         6634704 kB
MemAvailable:    8042656 kB
Buffers:            4808 kB
Cached:          1663672 kB
SwapCached:            0 kB
Active:          1478740 kB
Inactive:        1478644 kB
Active(anon):    1295484 kB
Inactive(anon):    21000 kB
Active(file):     183256 kB
Inactive(file):  1457644 kB
Unevictable:        5552 kB
Mlocked:            5552 kB
SwapTotal:       3145724 kB
SwapFree:        3145724 kB
Dirty:               516 kB
Writeback:             0 kB
AnonPages:       1294524 kB
Mapped:           852692 kB
Shmem:             23080 kB
KReclaimable:     635756 kB
Slab:             222480 kB
SReclaimable:      75320 kB
SUnreclaim:       147160 kB
KernelStack:       49056 kB
PageTables:        67300 kB
NFS_Unstable:          0 kB
Bounce:                0 kB
WritebackTmp:          0 kB
CommitLimit:     9202288 kB
Committed_AS:   75214032 kB
VmallocTotal:   263061440 kB
VmallocUsed:      106100 kB
VmallocChunk:          0 kB
Percpu:             7648 kB
CmaTotal:         294912 kB
CmaFree:               0 kB
MemTotal:       12113132 kB
MemFree:         6633360 kB
MemAvailable:    8041328 kB
Buffers:            4808 kB
Cached:          1663688 kB
SwapCached:            0 kB
Active:          1479192 kB
Inactive:        1478656 kB
Active(anon):    1295932 kB
Inactive(anon):    21000 kB
Active(file):     183260 kB
Inactive(file):  1457656 kB
Unevictable:        5552 kB
Mlocked:            5552 kB
SwapTotal:       3145724 kB
SwapFree:        3145724 kB
Dirty:               544 kB
Writeback:             0 kB
AnonPages:       1294644 kB
Mapped:           852692 kB
Shmem:             23080 kB
KReclaimable:     635756 kB
Slab:             222472 kB
SReclaimable:      75320 kB
SUnreclaim:       147152 kB
KernelStack:       49088 kB
PageTables:        67184 kB
NFS_Unstable:          0 kB
Bounce:                0 kB
WritebackTmp:          0 kB
CommitLimit:     9202288 kB
Committed_AS:   75219344 kB
VmallocTotal:   263061440 kB
VmallocUsed:      106100 kB
VmallocChunk:          0 kB
Percpu:             7648 kB
CmaTotal:         294912 kB
CmaFree:               0 kB
MemTotal:       12113132 kB
MemFree:         6634356 kB
MemAvailable:    8042336 kB
Buffers:            4808 kB
Cached:          1663700 kB
SwapCached:            0 kB
Active:          1479388 kB
Inactive:        1478668 kB
Active(anon):    1296128 kB
Inactive(anon):    21000 kB
Active(file):     183260 kB
Inactive(file):  1457668 kB
Unevictable:        5552 kB
Mlocked:            5552 kB
SwapTotal:       3145724 kB
SwapFree:        3145724 kB
Dirty:               600 kB
Writeback:             0 kB
AnonPages:       1295344 kB
Mapped:           852708 kB
Shmem:             23080 kB
KReclaimable:     635756 kB
Slab:             222480 kB
SReclaimable:      75320 kB
SUnreclaim:       147160 kB
KernelStack:       49088 kB
PageTables:        67188 kB
NFS_Unstable:          0 kB
Bounce:                0 kB
WritebackTmp:          0 kB
CommitLimit:     9202288 kB
Committed_AS:   75214852 kB
VmallocTotal:   263061440 kB
VmallocUsed:      106116 kB
VmallocChunk:          0 kB
Percpu:             7648 kB
CmaTotal:         294912 kB
CmaFree:               0 kB
MemTotal:       12113132 kB
MemFree:         6633036 kB
MemAvailable:    8041024 kB
Buffers:            4808 kB
Cached:          1663716 kB
SwapCached:            0 kB
Active:          1480120 kB
Inactive:        1478684 kB
Active(anon):    1296860 kB
Inactive(anon):    21008 kB
Active(file):     183260 kB
Inactive(file):  1457676 kB
Unevictable:        5552 kB
Mlocked:            5552 kB
SwapTotal:       3145724 kB
SwapFree:        3145724 kB
Dirty:               608 kB
Writeback:             0 kB
AnonPages:       1295776 kB
Mapped:           852716 kB
Shmem:             23088 kB
KReclaimable:     635756 kB
Slab:             222472 kB
SReclaimable:      75320 kB
SUnreclaim:       147152 kB
KernelStack:       49088 kB
PageTables:        67180 kB
NFS_Unstable:          0 kB
Bounce:                0 kB
WritebackTmp:          0 kB
CommitLimit:     9202288 kB
Committed_AS:   75219092 kB
VmallocTotal:   263061440 kB
VmallocUsed:      106116 kB
VmallocChunk:          0 kB
Percpu:             7648 kB
CmaTotal:         294912 kB
CmaFree:               0 kB
MemTotal:       12113132 kB
MemFree:         6631984 kB
MemAvailable:    8040024 kB
Buffers:            4808 kB
Cached:          1663780 kB
SwapCached:            0 kB
Active:          1481296 kB
Inactive:        1478740 kB
Active(anon):    1298028 kB
Inactive(anon):    21020 kB
Active(file):     183268 kB
Inactive(file):  1457720 kB
Unevictable:        5552 kB
Mlocked:            5552 kB
SwapTotal:       3145724 kB
SwapFree:        3145724 kB
Dirty:               652 kB
Writeback:             0 kB
AnonPages:       1297204 kB
Mapped:           852728 kB
Shmem:             23100 kB
KReclaimable:     635756 kB
Slab:             222480 kB
SReclaimable:      75320 kB
SUnreclaim:       147160 kB
KernelStack:       49088 kB
PageTables:        67192 kB
NFS_Unstable:          0 kB
Bounce:                0 kB
WritebackTmp:          0 kB
CommitLimit:     9202288 kB
Committed_AS:   75224736 kB
VmallocTotal:   263061440 kB
VmallocUsed:      106116 kB
VmallocChunk:          0 kB
Percpu:             7648 kB
CmaTotal:         294912 kB
CmaFree:               0 kB
MemTotal:       12113132 kB
MemFree:         6640612 kB
MemAvailable:    8048700 kB
Buffers:            4808 kB
Cached:          1663832 kB
SwapCached:            0 kB
Active:          1471436 kB
Inactive:        1478776 kB
Active(anon):    1288152 kB
Inactive(anon):    21024 kB
Active(file):     183284 kB
Inactive(file):  1457752 kB
Unevictable:        5552 kB
Mlocked:            5552 kB
SwapTotal:       3145724 kB
SwapFree:        3145724 kB
Dirty:               684 kB
Writeback:             0 kB
AnonPages:       1287136 kB
Mapped:           852732 kB
Shmem:             23104 kB
KReclaimable:     635756 kB
Slab:             222464 kB
SReclaimable:      75320 kB
SUnreclaim:       147144 kB
KernelStack:       49072 kB
PageTables:        67184 kB
NFS_Unstable:          0 kB
Bounce:                0 kB
WritebackTmp:          0 kB
CommitLimit:     9202288 kB
Committed_AS:   75221296 kB
VmallocTotal:   263061440 kB
VmallocUsed:      106084 kB
VmallocChunk:          0 kB
Percpu:             7648 kB
CmaTotal:         294912 kB
CmaFree:             332 kB
MemTotal:       12113132 kB
MemFree:         6640852 kB
MemAvailable:    8048920 kB
Buffers:            4808 kB
Cached:          1663820 kB
SwapCached:            0 kB
Active:          1472132 kB
Inactive:        1478768 kB
Active(anon):    1288852 kB
Inactive(anon):    21032 kB
Active(file):     183280 kB
Inactive(file):  1457736 kB
Unevictable:        5552 kB
Mlocked:            5552 kB
SwapTotal:       3145724 kB
SwapFree:        3145724 kB
Dirty:               688 kB
Writeback:             0 kB
AnonPages:       1287664 kB
Mapped:           852740 kB
Shmem:             23112 kB
KReclaimable:     635756 kB
Slab:             222472 kB
SReclaimable:      75320 kB
SUnreclaim:       147152 kB
KernelStack:       49072 kB
PageTables:        67196 kB
NFS_Unstable:          0 kB
Bounce:                0 kB
WritebackTmp:          0 kB
CommitLimit:     9202288 kB
Committed_AS:   75220904 kB
VmallocTotal:   263061440 kB
VmallocUsed:      106068 kB
VmallocChunk:          0 kB
Percpu:             7648 kB
CmaTotal:         294912 kB
CmaFree:               0 kB
MemTotal:       12113132 kB
MemFree:         6640504 kB
MemAvailable:    8048556 kB
Buffers:            4808 kB
Cached:          1663804 kB
SwapCached:            0 kB
Active:          1472272 kB
Inactive:        1478752 kB
Active(anon):    1288992 kB
Inactive(anon):    21032 kB
Active(file):     183280 kB
Inactive(file):  1457720 kB
Unevictable:        5552 kB
Mlocked:            5552 kB
SwapTotal:       3145724 kB
SwapFree:        3145724 kB
Dirty:               704 kB
Writeback:             0 kB
AnonPages:       1288092 kB
Mapped:           852740 kB
Shmem:             23112 kB
KReclaimable:     635756 kB
Slab:             222480 kB
SReclaimable:      75320 kB
SUnreclaim:       147160 kB
KernelStack:       49072 kB
PageTables:        67188 kB
NFS_Unstable:          0 kB
Bounce:                0 kB
WritebackTmp:          0 kB
CommitLimit:     9202288 kB
Committed_AS:   75221040 kB
VmallocTotal:   263061440 kB
VmallocUsed:      106084 kB
VmallocChunk:          0 kB
Percpu:             7648 kB
CmaTotal:         294912 kB
CmaFree:               0 kB
MemTotal:       12113132 kB
MemFree:         6640020 kB
MemAvailable:    8048108 kB
Buffers:            4808 kB
Cached:          1663844 kB
SwapCached:            0 kB
Active:          1473188 kB
Inactive:        1478788 kB
Active(anon):    1289904 kB
Inactive(anon):    21036 kB
Active(file):     183284 kB
Inactive(file):  1457752 kB
Unevictable:        5552 kB
Mlocked:            5552 kB
SwapTotal:       3145724 kB
SwapFree:        3145724 kB
Dirty:               720 kB
Writeback:             0 kB
AnonPages:       1288952 kB
Mapped:           852744 kB
Shmem:             23116 kB
KReclaimable:     635756 kB
Slab:             222512 kB
SReclaimable:      75320 kB
SUnreclaim:       147192 kB
KernelStack:       49088 kB
PageTables:        67200 kB
NFS_Unstable:          0 kB
Bounce:                0 kB
WritebackTmp:          0 kB
CommitLimit:     9202288 kB
Committed_AS:   75220736 kB
VmallocTotal:   263061440 kB
VmallocUsed:      106084 kB
VmallocChunk:          0 kB
Percpu:             7648 kB
CmaTotal:         294912 kB
CmaFree:               0 kB
MemTotal:       12113132 kB
MemFree:         6673340 kB
MemAvailable:    8081448 kB
Buffers:            4812 kB
Cached:          1663860 kB
SwapCached:            0 kB
Active:          1438188 kB
Inactive:        1478804 kB
Active(anon):    1254900 kB
Inactive(anon):    21036 kB
Active(file):     183288 kB
Inactive(file):  1457768 kB
Unevictable:        5552 kB
Mlocked:            5552 kB
SwapTotal:       3145724 kB
SwapFree:        3145724 kB
Dirty:               736 kB
Writeback:             0 kB
AnonPages:       1253952 kB
Mapped:           852744 kB
Shmem:             23116 kB
KReclaimable:     635756 kB
Slab:             222456 kB
SReclaimable:      75320 kB
SUnreclaim:       147136 kB
KernelStack:       49088 kB
PageTables:        67200 kB
NFS_Unstable:          0 kB
Bounce:                0 kB
WritebackTmp:          0 kB
CommitLimit:     9202288 kB
Committed_AS:   75225460 kB
VmallocTotal:   263061440 kB
VmallocUsed:      106148 kB
VmallocChunk:          0 kB
Percpu:             7648 kB
CmaTotal:         294912 kB
CmaFree:               0 kB
MemTotal:       12113132 kB
MemFree:         6672856 kB
MemAvailable:    8080992 kB
Buffers:            4812 kB
Cached:          1663908 kB
SwapCached:            0 kB
Active:          1438808 kB
Inactive:        1478852 kB
Active(anon):    1255520 kB
Inactive(anon):    21056 kB
Active(file):     183288 kB
Inactive(file):  1457796 kB
Unevictable:        5552 kB
Mlocked:            5552 kB
SwapTotal:       3145724 kB
SwapFree:        3145724 kB
Dirty:               728 kB
Writeback:             0 kB
AnonPages:       1254660 kB
Mapped:           852764 kB
Shmem:             23136 kB
KReclaimable:     635756 kB
Slab:             222496 kB
SReclaimable:      75320 kB
SUnreclaim:       147176 kB
KernelStack:       49104 kB
PageTables:        67208 kB
NFS_Unstable:          0 kB
Bounce:                0 kB
WritebackTmp:          0 kB
CommitLimit:     9202288 kB
Committed_AS:   75225528 kB
VmallocTotal:   263061440 kB
VmallocUsed:      106148 kB
VmallocChunk:          0 kB
Percpu:             7648 kB
CmaTotal:         294912 kB
CmaFree:               0 kB
MemTotal:       12113132 kB
MemFree:         6673532 kB
MemAvailable:    8081684 kB
Buffers:            4812 kB
Cached:          1663928 kB
SwapCached:            0 kB
Active:          1439908 kB
Inactive:        1478872 kB
Active(anon):    1256620 kB
Inactive(anon):    21060 kB
Active(file):     183288 kB
Inactive(file):  1457812 kB
Unevictable:        5552 kB
Mlocked:            5552 kB
SwapTotal:       3145724 kB
SwapFree:        3145724 kB
Dirty:               744 kB
Writeback:             0 kB
AnonPages:       1255628 kB
Mapped:           852768 kB
Shmem:             23140 kB
KReclaimable:     635756 kB
Slab:             222464 kB
SReclaimable:      75320 kB
SUnreclaim:       147144 kB
KernelStack:       49152 kB
PageTables:        67328 kB
NFS_Unstable:          0 kB
Bounce:                0 kB
WritebackTmp:          0 kB
CommitLimit:     9202288 kB
Committed_AS:   75216092 kB
VmallocTotal:   263061440 kB
VmallocUsed:      106164 kB
VmallocChunk:          0 kB
Percpu:             7648 kB
CmaTotal:         294912 kB
CmaFree:               0 kB
MemTotal:       12113132 kB
MemFree:         6671172 kB
MemAvailable:    8079332 kB
Buffers:            4812 kB
Cached:          1663940 kB
SwapCached:            0 kB
Active:          1440520 kB
Inactive:        1478884 kB
Active(anon):    1257232 kB
Inactive(anon):    21064 kB
Active(file):     183288 kB
Inactive(file):  1457820 kB
Unevictable:        5552 kB
Mlocked:            5552 kB
SwapTotal:       3145724 kB
SwapFree:        3145724 kB
Dirty:               752 kB
Writeback:             0 kB
AnonPages:       1256036 kB
Mapped:           852772 kB
Shmem:             23144 kB
KReclaimable:     635756 kB
Slab:             222488 kB
SReclaimable:      75320 kB
SUnreclaim:       147168 kB
KernelStack:       49136 kB
PageTables:        67168 kB
NFS_Unstable:          0 kB
Bounce:                0 kB
WritebackTmp:          0 kB
CommitLimit:     9202288 kB
Committed_AS:   75215516 kB
VmallocTotal:   263061440 kB
VmallocUsed:      106148 kB
VmallocChunk:          0 kB
Percpu:             7648 kB
CmaTotal:         294912 kB
CmaFree:               0 kB
MemTotal:       12113132 kB
MemFree:         6670804 kB
MemAvailable:    8078956 kB
Buffers:            4812 kB
Cached:          1663960 kB
SwapCached:            0 kB
Active:          1441184 kB
Inactive:        1478908 kB
Active(anon):    1257900 kB
Inactive(anon):    21092 kB
Active(file):     183284 kB
Inactive(file):  1457816 kB
Unevictable:        5552 kB
Mlocked:            5552 kB
SwapTotal:       3145724 kB
SwapFree:        3145724 kB
Dirty:               780 kB
Writeback:             0 kB
AnonPages:       1256788 kB
Mapped:           852800 kB
Shmem:             23172 kB
KReclaimable:     635756 kB
Slab:             222488 kB
SReclaimable:      75320 kB
SUnreclaim:       147168 kB
KernelStack:       49120 kB
PageTables:        67204 kB
NFS_Unstable:          0 kB
Bounce:                0 kB
WritebackTmp:          0 kB
CommitLimit:     9202288 kB
Committed_AS:   75223772 kB
VmallocTotal:   263061440 kB
VmallocUsed:      106148 kB
VmallocChunk:          0 kB
Percpu:             7648 kB
CmaTotal:         294912 kB
CmaFree:               0 kB
MemTotal:       12113132 kB
MemFree:         6669548 kB
MemAvailable:    8077904 kB
Buffers:            4812 kB
Cached:          1664164 kB
SwapCached:            0 kB
Active:          1441880 kB
Inactive:        1479104 kB
Active(anon):    1258588 kB
Inactive(anon):    21092 kB
Active(file):     183292 kB
Inactive(file):  1458012 kB
Unevictable:        5552 kB
Mlocked:            5552 kB
SwapTotal:       3145724 kB
SwapFree:        3145724 kB
Dirty:               788 kB
Writeback:             0 kB
AnonPages:       1257700 kB
Mapped:           852800 kB
Shmem:             23172 kB
KReclaimable:     635756 kB
Slab:             222472 kB
SReclaimable:      75320 kB
SUnreclaim:       147152 kB
KernelStack:       49120 kB
PageTables:        67212 kB
NFS_Unstable:          0 kB
Bounce:                0 kB
WritebackTmp:          0 kB
CommitLimit:     9202288 kB
Committed_AS:   75224920 kB
VmallocTotal:   263061440 kB
VmallocUsed:      106164 kB
VmallocChunk:          0 kB
Percpu:             7648 kB
CmaTotal:         294912 kB
CmaFree:               0 kB
MemTotal:       12113132 kB
MemFree:         6668052 kB
MemAvailable:    8076412 kB
Buffers:            4812 kB
Cached:          1664168 kB
SwapCached:            0 kB
Active:          1442156 kB
Inactive:        1479108 kB
Active(anon):    1258864 kB
Inactive(anon):    21092 kB
Active(file):     183292 kB
Inactive(file):  1458016 kB
Unevictable:        5552 kB
Mlocked:            5552 kB
SwapTotal:       3145724 kB
SwapFree:        3145724 kB
Dirty:               792 kB
Writeback:             0 kB
AnonPages:       1257632 kB
Mapped:           852800 kB
Shmem:             23172 kB
KReclaimable:     635756 kB
Slab:             222504 kB
SReclaimable:      75320 kB
SUnreclaim:       147184 kB
KernelStack:       49120 kB
PageTables:        67200 kB
NFS_Unstable:          0 kB
Bounce:                0 kB
WritebackTmp:          0 kB
CommitLimit:     9202288 kB
Committed_AS:   75226544 kB
VmallocTotal:   263061440 kB
VmallocUsed:      106148 kB
VmallocChunk:          0 kB
Percpu:             7648 kB
CmaTotal:         294912 kB
CmaFree:               0 kB
MemTotal:       12113132 kB
MemFree:         6668628 kB
MemAvailable:    8077008 kB
Buffers:            4812 kB
Cached:          1664188 kB
SwapCached:            0 kB
Active:          1443464 kB
Inactive:        1479128 kB
Active(anon):    1260172 kB
Inactive(anon):    21092 kB
Active(file):     183292 kB
Inactive(file):  1458036 kB
Unevictable:        5552 kB
Mlocked:            5552 kB
SwapTotal:       3145724 kB
SwapFree:        3145724 kB
Dirty:               176 kB
Writeback:             0 kB
AnonPages:       1259208 kB
Mapped:           852800 kB
Shmem:             23172 kB
KReclaimable:     635756 kB
Slab:             222456 kB
SReclaimable:      75320 kB
SUnreclaim:       147136 kB
KernelStack:       49120 kB
PageTables:        67216 kB
NFS_Unstable:          0 kB
Bounce:                0 kB
WritebackTmp:          0 kB
CommitLimit:     9202288 kB
Committed_AS:   75226156 kB
VmallocTotal:   263061440 kB
VmallocUsed:      106148 kB
VmallocChunk:          0 kB
Percpu:             7648 kB
CmaTotal:         294912 kB
CmaFree:               0 kB
MemTotal:       12113132 kB
MemFree:         6679224 kB
MemAvailable:    8087616 kB
Buffers:            4812 kB
Cached:          1664200 kB
SwapCached:            0 kB
Active:          1430172 kB
Inactive:        1479140 kB
Active(anon):    1246880 kB
Inactive(anon):    21092 kB
Active(file):     183292 kB
Inactive(file):  1458048 kB
Unevictable:        5552 kB
Mlocked:            5552 kB
SwapTotal:       3145724 kB
SwapFree:        3145724 kB
Dirty:               224 kB
Writeback:             0 kB
AnonPages:       1245856 kB
Mapped:           852800 kB
Shmem:             23172 kB
KReclaimable:     635756 kB
Slab:             222496 kB
SReclaimable:      75320 kB
SUnreclaim:       147176 kB
KernelStack:       49120 kB
PageTables:        67200 kB
NFS_Unstable:          0 kB
Bounce:                0 kB
WritebackTmp:          0 kB
CommitLimit:     9202288 kB
Committed_AS:   75231160 kB
VmallocTotal:   263061440 kB
VmallocUsed:      106180 kB
VmallocChunk:          0 kB
Percpu:             7648 kB
CmaTotal:         294912 kB
CmaFree:               4 kB
MemTotal:       12113132 kB
MemFree:         6679380 kB
MemAvailable:    8087784 kB
Buffers:            4812 kB
Cached:          1664220 kB
SwapCached:            0 kB
Active:          1431216 kB
Inactive:        1479160 kB
Active(anon):    1247924 kB
Inactive(anon):    21100 kB
Active(file):     183292 kB
Inactive(file):  1458060 kB
Unevictable:        5552 kB
Mlocked:            5552 kB
SwapTotal:       3145724 kB
SwapFree:        3145724 kB
Dirty:               236 kB
Writeback:             0 kB
AnonPages:       1246732 kB
Mapped:           852808 kB
Shmem:             23180 kB
KReclaimable:     635756 kB
Slab:             222472 kB
SReclaimable:      75320 kB
SUnreclaim:       147152 kB
KernelStack:       49120 kB
PageTables:        67220 kB
NFS_Unstable:          0 kB
Bounce:                0 kB
WritebackTmp:          0 kB
CommitLimit:     9202288 kB
Committed_AS:   75226720 kB
VmallocTotal:   263061440 kB
VmallocUsed:      106196 kB
VmallocChunk:          0 kB
Percpu:             7648 kB
CmaTotal:         294912 kB
CmaFree:               0 kB
MemTotal:       12113132 kB
MemFree:         6678152 kB
MemAvailable:    8086572 kB
Buffers:            4816 kB
Cached:          1664232 kB
SwapCached:            0 kB
Active:          1432348 kB
Inactive:        1479168 kB
Active(anon):    1249048 kB
Inactive(anon):    21100 kB
Active(file):     183300 kB
Inactive(file):  1458068 kB
Unevictable:        5552 kB
Mlocked:            5552 kB
SwapTotal:       3145724 kB
SwapFree:        3145724 kB
Dirty:               276 kB
Writeback:             0 kB
AnonPages:       1247944 kB
Mapped:           852808 kB
Shmem:             23180 kB
KReclaimable:     635756 kB
Slab:             222528 kB
SReclaimable:      75320 kB
SUnreclaim:       147208 kB
KernelStack:       49120 kB
PageTables:        67200 kB
NFS_Unstable:          0 kB
Bounce:                0 kB
WritebackTmp:          0 kB
CommitLimit:     9202288 kB
Committed_AS:   75231512 kB
VmallocTotal:   263061440 kB
VmallocUsed:      106212 kB
VmallocChunk:          0 kB
Percpu:             7648 kB
CmaTotal:         294912 kB
CmaFree:               0 kB
MemTotal:       12113132 kB
MemFree:         6641392 kB
MemAvailable:    8049860 kB
Buffers:            4816 kB
Cached:          1664392 kB
SwapCached:            0 kB
Active:          1469404 kB
Inactive:        1479312 kB
Active(anon):    1286104 kB
Inactive(anon):    21212 kB
Active(file):     183300 kB
Inactive(file):  1458100 kB
Unevictable:        5552 kB
Mlocked:            5552 kB
SwapTotal:       3145724 kB
SwapFree:        3145724 kB
Dirty:               264 kB
Writeback:             0 kB
AnonPages:       1284864 kB
Mapped:           852920 kB
Shmem:             23308 kB
KReclaimable:     635772 kB
Slab:             222552 kB
SReclaimable:      75336 kB
SUnreclaim:       147216 kB
KernelStack:       49120 kB
PageTables:        67212 kB
NFS_Unstable:          0 kB
Bounce:                0 kB
WritebackTmp:          0 kB
CommitLimit:     9202288 kB
Committed_AS:   75231304 kB
VmallocTotal:   263061440 kB
VmallocUsed:      106212 kB
VmallocChunk:          0 kB
Percpu:             7648 kB
CmaTotal:         294912 kB
CmaFree:               0 kB
MemTotal:       12113132 kB
MemFree:         6640684 kB
MemAvailable:    8049164 kB
Buffers:            4816 kB
Cached:          1664276 kB
SwapCached:            0 kB
Active:          1469404 kB
Inactive:        1479212 kB
Active(anon):    1286104 kB
Inactive(anon):    21100 kB
Active(file):     183300 kB
Inactive(file):  1458112 kB
Unevictable:        5552 kB
Mlocked:            5552 kB
SwapTotal:       3145724 kB
SwapFree:        3145724 kB
Dirty:               276 kB
Writeback:             0 kB
AnonPages:       1284884 kB
Mapped:           852808 kB
Shmem:             23180 kB
KReclaimable:     635772 kB
Slab:             222584 kB
SReclaimable:      75336 kB
SUnreclaim:       147248 kB
KernelStack:       49120 kB
PageTables:        67208 kB
NFS_Unstable:          0 kB
Bounce:                0 kB
WritebackTmp:          0 kB
CommitLimit:     9202288 kB
Committed_AS:   75231000 kB
VmallocTotal:   263061440 kB
VmallocUsed:      106196 kB
VmallocChunk:          0 kB
Percpu:             7648 kB
CmaTotal:         294912 kB
CmaFree:               0 kB
MemTotal:       12113132 kB
MemFree:         6657988 kB
MemAvailable:    8066476 kB
Buffers:            4816 kB
Cached:          1664284 kB
SwapCached:            0 kB
Active:          1452152 kB
Inactive:        1479216 kB
Active(anon):    1268848 kB
Inactive(anon):    21100 kB
Active(file):     183304 kB
Inactive(file):  1458116 kB
Unevictable:        5552 kB
Mlocked:            5552 kB
SwapTotal:       3145724 kB
SwapFree:        3145724 kB
Dirty:               296 kB
Writeback:             0 kB
AnonPages:       1267972 kB
Mapped:           852808 kB
Shmem:             23180 kB
KReclaimable:     635772 kB
Slab:             222544 kB
SReclaimable:      75336 kB
SUnreclaim:       147208 kB
KernelStack:       49120 kB
PageTables:        67212 kB
NFS_Unstable:          0 kB
Bounce:                0 kB
WritebackTmp:          0 kB
CommitLimit:     9202288 kB
Committed_AS:   75230560 kB
VmallocTotal:   263061440 kB
VmallocUsed:      106212 kB
VmallocChunk:          0 kB
Percpu:             7648 kB
CmaTotal:         294912 kB
CmaFree:               0 kB
MemTotal:       12113132 kB
MemFree:         6648500 kB
MemAvailable:    8056996 kB
Buffers:            4816 kB
Cached:          1664300 kB
SwapCached:            0 kB
Active:          1463920 kB
Inactive:        1479232 kB
Active(anon):    1280616 kB
Inactive(anon):    21108 kB
Active(file):     183304 kB
Inactive(file):  1458124 kB
Unevictable:        5552 kB
Mlocked:            5552 kB
SwapTotal:       3145724 kB
SwapFree:        3145724 kB
Dirty:               304 kB
Writeback:             0 kB
AnonPages:       1279220 kB
Mapped:           852816 kB
Shmem:             23188 kB
KReclaimable:     635772 kB
Slab:             222400 kB
SReclaimable:      75336 kB
SUnreclaim:       147064 kB
KernelStack:       49120 kB
PageTables:        67200 kB
NFS_Unstable:          0 kB
Bounce:                0 kB
WritebackTmp:          0 kB
CommitLimit:     9202288 kB
Committed_AS:   75234464 kB
VmallocTotal:   263061440 kB
VmallocUsed:      106244 kB
VmallocChunk:          0 kB
Percpu:             7648 kB
CmaTotal:         294912 kB
CmaFree:               0 kB
MemTotal:       12113132 kB
MemFree:         6647156 kB
MemAvailable:    8055668 kB
Buffers:            4816 kB
Cached:          1664320 kB
SwapCached:            0 kB
Active:          1465244 kB
Inactive:        1479256 kB
Active(anon):    1281944 kB
Inactive(anon):    21112 kB
Active(file):     183300 kB
Inactive(file):  1458144 kB
Unevictable:        5552 kB
Mlocked:            5552 kB
SwapTotal:       3145724 kB
SwapFree:        3145724 kB
Dirty:               380 kB
Writeback:             0 kB
AnonPages:       1281028 kB
Mapped:           852880 kB
Shmem:             23192 kB
KReclaimable:     635772 kB
Slab:             222528 kB
SReclaimable:      75336 kB
SUnreclaim:       147192 kB
KernelStack:       49120 kB
PageTables:        67216 kB
NFS_Unstable:          0 kB
Bounce:                0 kB
WritebackTmp:          0 kB
CommitLimit:     9202288 kB
Committed_AS:   75233460 kB
VmallocTotal:   263061440 kB
VmallocUsed:      106244 kB
VmallocChunk:          0 kB
Percpu:             7648 kB
CmaTotal:         294912 kB
CmaFree:               0 kB
MemTotal:       12113132 kB
MemFree:         6645784 kB
MemAvailable:    8054312 kB
Buffers:            4816 kB
Cached:          1664336 kB
SwapCached:            0 kB
Active:          1465924 kB
Inactive:        1479268 kB
Active(anon):    1282620 kB
Inactive(anon):    21112 kB
Active(file):     183304 kB
Inactive(file):  1458156 kB
Unevictable:        5552 kB
Mlocked:            5552 kB
SwapTotal:       3145724 kB
SwapFree:        3145724 kB
Dirty:               408 kB
Writeback:             0 kB
AnonPages:       1281844 kB
Mapped:           852880 kB
Shmem:             23192 kB
KReclaimable:     635772 kB
Slab:             222528 kB
SReclaimable:      75336 kB
SUnreclaim:       147192 kB
KernelStack:       49120 kB
PageTables:        67208 kB
NFS_Unstable:          0 kB
Bounce:                0 kB
WritebackTmp:          0 kB
CommitLimit:     9202288 kB
Committed_AS:   75234360 kB
VmallocTotal:   263061440 kB
VmallocUsed:      106228 kB
VmallocChunk:          0 kB
Percpu:             7648 kB
CmaTotal:         294912 kB
CmaFree:               0 kB
MemTotal:       12113132 kB
MemFree:         6645040 kB
MemAvailable:    8053592 kB
Buffers:            4820 kB
Cached:          1664364 kB
SwapCached:            0 kB
Active:          1466244 kB
Inactive:        1479296 kB
Active(anon):    1282936 kB
Inactive(anon):    21120 kB
Active(file):     183308 kB
Inactive(file):  1458176 kB
Unevictable:        5552 kB
Mlocked:            5552 kB
SwapTotal:       3145724 kB
SwapFree:        3145724 kB
Dirty:               424 kB
Writeback:             0 kB
AnonPages:       1281944 kB
Mapped:           852888 kB
Shmem:             23200 kB
KReclaimable:     635772 kB
Slab:             222528 kB
SReclaimable:      75336 kB
SUnreclaim:       147192 kB
KernelStack:       49120 kB
PageTables:        67204 kB
NFS_Unstable:          0 kB
Bounce:                0 kB
WritebackTmp:          0 kB
CommitLimit:     9202288 kB
Committed_AS:   75231960 kB
VmallocTotal:   263061440 kB
VmallocUsed:      106196 kB
VmallocChunk:          0 kB
Percpu:             7648 kB
CmaTotal:         294912 kB
CmaFree:               0 kB
MemTotal:       12113132 kB
MemFree:         6642512 kB
MemAvailable:    8051080 kB
Buffers:            4820 kB
Cached:          1664392 kB
SwapCached:            0 kB
Active:          1469144 kB
Inactive:        1479320 kB
Active(anon):    1285832 kB
Inactive(anon):    21132 kB
Active(file):     183312 kB
Inactive(file):  1458188 kB
Unevictable:        5552 kB
Mlocked:            5552 kB
SwapTotal:       3145724 kB
SwapFree:        3145724 kB
Dirty:               448 kB
Writeback:             0 kB
AnonPages:       1284796 kB
Mapped:           852900 kB
Shmem:             23212 kB
KReclaimable:     635772 kB
Slab:             222528 kB
SReclaimable:      75336 kB
SUnreclaim:       147192 kB
KernelStack:       49248 kB
PageTables:        67216 kB
NFS_Unstable:          0 kB
Bounce:                0 kB
WritebackTmp:          0 kB
CommitLimit:     9202288 kB
Committed_AS:   75232004 kB
VmallocTotal:   263061440 kB
VmallocUsed:      106228 kB
VmallocChunk:          0 kB
Percpu:             7648 kB
CmaTotal:         294912 kB
CmaFree:               0 kB
MemTotal:       12113132 kB
MemFree:         6641248 kB
MemAvailable:    8049828 kB
Buffers:            4820 kB
Cached:          1664668 kB
SwapCached:            0 kB
Active:          1471964 kB
Inactive:        1479596 kB
Active(anon):    1288652 kB
Inactive(anon):    21396 kB
Active(file):     183312 kB
Inactive(file):  1458200 kB
Unevictable:        5552 kB
Mlocked:            5552 kB
SwapTotal:       3145724 kB
SwapFree:        3145724 kB
Dirty:               472 kB
Writeback:             0 kB
AnonPages:       1287696 kB
Mapped:           853164 kB
Shmem:             23476 kB
KReclaimable:     635772 kB
Slab:             222524 kB
SReclaimable:      75336 kB
SUnreclaim:       147188 kB
KernelStack:       49216 kB
PageTables:        67216 kB
NFS_Unstable:          0 kB
Bounce:                0 kB
WritebackTmp:          0 kB
CommitLimit:     9202288 kB
Committed_AS:   75231680 kB
VmallocTotal:   263061440 kB
VmallocUsed:      106244 kB
VmallocChunk:          0 kB
Percpu:             7648 kB
CmaTotal:         294912 kB
CmaFree:               0 kB
MemTotal:       12113132 kB
MemFree:         6638296 kB
MemAvailable:    8046884 kB
Buffers:            4820 kB
Cached:          1664452 kB
SwapCached:            0 kB
Active:          1474024 kB
Inactive:        1479376 kB
Active(anon):    1290708 kB
Inactive(anon):    21172 kB
Active(file):     183316 kB
Inactive(file):  1458204 kB
Unevictable:        5552 kB
Mlocked:            5552 kB
SwapTotal:       3145724 kB
SwapFree:        3145724 kB
Dirty:               496 kB
Writeback:             0 kB
AnonPages:       1289556 kB
Mapped:           852940 kB
Shmem:             23252 kB
KReclaimable:     635772 kB
Slab:             222524 kB
SReclaimable:      75336 kB
SUnreclaim:       147188 kB
KernelStack:       49264 kB
PageTables:        67220 kB
NFS_Unstable:          0 kB
Bounce:                0 kB
WritebackTmp:          0 kB
CommitLimit:     9202288 kB
Committed_AS:   75233592 kB
VmallocTotal:   263061440 kB
VmallocUsed:      106276 kB
VmallocChunk:          0 kB
Percpu:             7648 kB
CmaTotal:         294912 kB
CmaFree:               0 kB
MemTotal:       12113132 kB
MemFree:         6636036 kB
MemAvailable:    8044640 kB
Buffers:            4820 kB
Cached:          1664468 kB
SwapCached:            0 kB
Active:          1477336 kB
Inactive:        1479388 kB
Active(anon):    1294016 kB
Inactive(anon):    21172 kB
Active(file):     183320 kB
Inactive(file):  1458216 kB
Unevictable:        5552 kB
Mlocked:            5552 kB
SwapTotal:       3145724 kB
SwapFree:        3145724 kB
Dirty:               504 kB
Writeback:             0 kB
AnonPages:       1293092 kB
Mapped:           852832 kB
Shmem:             23252 kB
KReclaimable:     635772 kB
Slab:             222524 kB
SReclaimable:      75336 kB
SUnreclaim:       147188 kB
KernelStack:       49248 kB
PageTables:        67180 kB
NFS_Unstable:          0 kB
Bounce:                0 kB
WritebackTmp:          0 kB
CommitLimit:     9202288 kB
Committed_AS:   75228424 kB
VmallocTotal:   263061440 kB
VmallocUsed:      106292 kB
VmallocChunk:          0 kB
Percpu:             7648 kB
CmaTotal:         294912 kB
CmaFree:               0 kB
MemTotal:       12113132 kB
MemFree:         6637424 kB
MemAvailable:    8046044 kB
Buffers:            4820 kB
Cached:          1664484 kB
SwapCached:            0 kB
Active:          1474152 kB
Inactive:        1479404 kB
Active(anon):    1290832 kB
Inactive(anon):    21172 kB
Active(file):     183320 kB
Inactive(file):  1458232 kB
Unevictable:        5552 kB
Mlocked:            5552 kB
SwapTotal:       3145724 kB
SwapFree:        3145724 kB
Dirty:               556 kB
Writeback:             0 kB
AnonPages:       1289660 kB
Mapped:           852940 kB
Shmem:             23252 kB
KReclaimable:     635772 kB
Slab:             222524 kB
SReclaimable:      75336 kB
SUnreclaim:       147188 kB
KernelStack:       49264 kB
PageTables:        67136 kB
NFS_Unstable:          0 kB
Bounce:                0 kB
WritebackTmp:          0 kB
CommitLimit:     9202288 kB
Committed_AS:   75229256 kB
VmallocTotal:   263061440 kB
VmallocUsed:      106276 kB
VmallocChunk:          0 kB
Percpu:             7648 kB
CmaTotal:         294912 kB
CmaFree:               0 kB
MemTotal:       12113132 kB
MemFree:         6637028 kB
MemAvailable:    8045688 kB
Buffers:            4820 kB
Cached:          1664524 kB
SwapCached:            0 kB
Active:          1474852 kB
Inactive:        1479440 kB
Active(anon):    1291528 kB
Inactive(anon):    21172 kB
Active(file):     183324 kB
Inactive(file):  1458268 kB
Unevictable:        5552 kB
Mlocked:            5552 kB
SwapTotal:       3145724 kB
SwapFree:        3145724 kB
Dirty:               584 kB
Writeback:            24 kB
AnonPages:       1290336 kB
Mapped:           852940 kB
Shmem:             23252 kB
KReclaimable:     635772 kB
Slab:             222524 kB
SReclaimable:      75336 kB
SUnreclaim:       147188 kB
KernelStack:       49264 kB
PageTables:        67224 kB
NFS_Unstable:          0 kB
Bounce:                0 kB
WritebackTmp:          0 kB
CommitLimit:     9202288 kB
Committed_AS:   75225656 kB
VmallocTotal:   263061440 kB
VmallocUsed:      106276 kB
VmallocChunk:          0 kB
Percpu:             7648 kB
CmaTotal:         294912 kB
CmaFree:               0 kB
MemTotal:       12113132 kB
MemFree:         6636164 kB
MemAvailable:    8044800 kB
Buffers:            4820 kB
Cached:          1664500 kB
SwapCached:            0 kB
Active:          1475236 kB
Inactive:        1479420 kB
Active(anon):    1291916 kB
Inactive(anon):    21172 kB
Active(file):     183320 kB
Inactive(file):  1458248 kB
Unevictable:        5552 kB
Mlocked:            5552 kB
SwapTotal:       3145724 kB
SwapFree:        3145724 kB
Dirty:               584 kB
Writeback:             0 kB
AnonPages:       1291048 kB
Mapped:           852940 kB
Shmem:             23252 kB
KReclaimable:     635772 kB
Slab:             222524 kB
SReclaimable:      75336 kB
SUnreclaim:       147188 kB
KernelStack:       49264 kB
PageTables:        67228 kB
NFS_Unstable:          0 kB
Bounce:                0 kB
WritebackTmp:          0 kB
CommitLimit:     9202288 kB
Committed_AS:   75221748 kB
VmallocTotal:   263061440 kB
VmallocUsed:      106324 kB
VmallocChunk:          0 kB
Percpu:             7648 kB
CmaTotal:         294912 kB
CmaFree:               0 kB
MemTotal:       12113132 kB
MemFree:         6636100 kB
MemAvailable:    8044748 kB
Buffers:            4820 kB
Cached:          1664512 kB
SwapCached:            0 kB
Active:          1475400 kB
Inactive:        1479432 kB
Active(anon):    1292080 kB
Inactive(anon):    21172 kB
Active(file):     183320 kB
Inactive(file):  1458260 kB
Unevictable:        5552 kB
Mlocked:            5552 kB
SwapTotal:       3145724 kB
SwapFree:        3145724 kB
Dirty:               528 kB
Writeback:             0 kB
AnonPages:       1291156 kB
Mapped:           852940 kB
Shmem:             23252 kB
KReclaimable:     635772 kB
Slab:             222524 kB
SReclaimable:      75336 kB
SUnreclaim:       147188 kB
KernelStack:       49264 kB
PageTables:        67216 kB
NFS_Unstable:          0 kB
Bounce:                0 kB
WritebackTmp:          0 kB
CommitLimit:     9202288 kB
Committed_AS:   75216008 kB
VmallocTotal:   263061440 kB
VmallocUsed:      106276 kB
VmallocChunk:          0 kB
Percpu:             7648 kB
CmaTotal:         294912 kB
CmaFree:               0 kB
MemTotal:       12113132 kB
MemFree:         6635136 kB
MemAvailable:    8043816 kB
Buffers:            4820 kB
Cached:          1664544 kB
SwapCached:            0 kB
Active:          1476060 kB
Inactive:        1479460 kB
Active(anon):    1292736 kB
Inactive(anon):    21172 kB
Active(file):     183324 kB
Inactive(file):  1458288 kB
Unevictable:        5552 kB
Mlocked:            5552 kB
SwapTotal:       3145724 kB
SwapFree:        3145724 kB
Dirty:               568 kB
Writeback:             0 kB
AnonPages:       1291824 kB
Mapped:           852940 kB
Shmem:             23252 kB
KReclaimable:     635772 kB
Slab:             222516 kB
SReclaimable:      75336 kB
SUnreclaim:       147180 kB
KernelStack:       49264 kB
PageTables:        67228 kB
NFS_Unstable:          0 kB
Bounce:                0 kB
WritebackTmp:          0 kB
CommitLimit:     9202288 kB
Committed_AS:   75221476 kB
VmallocTotal:   263061440 kB
VmallocUsed:      106292 kB
VmallocChunk:          0 kB
Percpu:             7648 kB
CmaTotal:         294912 kB
CmaFree:               0 kB
MemTotal:       12113132 kB
MemFree:         6634248 kB
MemAvailable:    8042940 kB
Buffers:            4820 kB
Cached:          1664556 kB
SwapCached:            0 kB
Active:          1476976 kB
Inactive:        1479468 kB
Active(anon):    1293648 kB
Inactive(anon):    21172 kB
Active(file):     183328 kB
Inactive(file):  1458296 kB
Unevictable:        5552 kB
Mlocked:            5552 kB
SwapTotal:       3145724 kB
SwapFree:        3145724 kB
Dirty:               580 kB
Writeback:             0 kB
AnonPages:       1292672 kB
Mapped:           852940 kB
Shmem:             23252 kB
KReclaimable:     635772 kB
Slab:             222516 kB
SReclaimable:      75336 kB
SUnreclaim:       147180 kB
KernelStack:       49264 kB
PageTables:        67220 kB
NFS_Unstable:          0 kB
Bounce:                0 kB
WritebackTmp:          0 kB
CommitLimit:     9202288 kB
Committed_AS:   75222896 kB
VmallocTotal:   263061440 kB
VmallocUsed:      106324 kB
VmallocChunk:          0 kB
Percpu:             7648 kB
CmaTotal:         294912 kB
CmaFree:               0 kB
MemTotal:       12113132 kB
MemFree:         6634064 kB
MemAvailable:    8042764 kB
Buffers:            4820 kB
Cached:          1664568 kB
SwapCached:            0 kB
Active:          1477556 kB
Inactive:        1479476 kB
Active(anon):    1294224 kB
Inactive(anon):    21176 kB
Active(file):     183332 kB
Inactive(file):  1458300 kB
Unevictable:        5552 kB
Mlocked:            5552 kB
SwapTotal:       3145724 kB
SwapFree:        3145724 kB
Dirty:               640 kB
Writeback:             0 kB
AnonPages:       1293308 kB
Mapped:           852944 kB
Shmem:             23256 kB
KReclaimable:     635772 kB
Slab:             222516 kB
SReclaimable:      75336 kB
SUnreclaim:       147180 kB
KernelStack:       49264 kB
PageTables:        67244 kB
NFS_Unstable:          0 kB
Bounce:                0 kB
WritebackTmp:          0 kB
CommitLimit:     9202288 kB
Committed_AS:   75232408 kB
VmallocTotal:   263061440 kB
VmallocUsed:      106340 kB
VmallocChunk:          0 kB
Percpu:             7648 kB
CmaTotal:         294912 kB
CmaFree:               0 kB
MemTotal:       12113132 kB
MemFree:         6633056 kB
MemAvailable:    8041764 kB
Buffers:            4820 kB
Cached:          1664576 kB
SwapCached:            0 kB
Active:          1478276 kB
Inactive:        1479484 kB
Active(anon):    1294944 kB
Inactive(anon):    21176 kB
Active(file):     183332 kB
Inactive(file):  1458308 kB
Unevictable:        5552 kB
Mlocked:            5552 kB
SwapTotal:       3145724 kB
SwapFree:        3145724 kB
Dirty:               688 kB
Writeback:             0 kB
AnonPages:       1293912 kB
Mapped:           852944 kB
Shmem:             23256 kB
KReclaimable:     635772 kB
Slab:             222524 kB
SReclaimable:      75336 kB
SUnreclaim:       147188 kB
KernelStack:       49264 kB
PageTables:        67224 kB
NFS_Unstable:          0 kB
Bounce:                0 kB
WritebackTmp:          0 kB
CommitLimit:     9202288 kB
Committed_AS:   75232144 kB
VmallocTotal:   263061440 kB
VmallocUsed:      106324 kB
VmallocChunk:          0 kB
Percpu:             7648 kB
CmaTotal:         294912 kB
CmaFree:               0 kB
MemTotal:       12113132 kB
MemFree:         6631984 kB
MemAvailable:    8040716 kB
Buffers:            4820 kB
Cached:          1664604 kB
SwapCached:            0 kB
Active:          1479852 kB
Inactive:        1479512 kB
Active(anon):    1296520 kB
Inactive(anon):    21180 kB
Active(file):     183332 kB
Inactive(file):  1458332 kB
Unevictable:        5552 kB
Mlocked:            5552 kB
SwapTotal:       3145724 kB
SwapFree:        3145724 kB
Dirty:               712 kB
Writeback:             0 kB
AnonPages:       1295280 kB
Mapped:           852948 kB
Shmem:             23260 kB
KReclaimable:     635772 kB
Slab:             222516 kB
SReclaimable:      75336 kB
SUnreclaim:       147180 kB
KernelStack:       49264 kB
PageTables:        67236 kB
NFS_Unstable:          0 kB
Bounce:                0 kB
WritebackTmp:          0 kB
CommitLimit:     9202288 kB
Committed_AS:   75232356 kB
VmallocTotal:   263061440 kB
VmallocUsed:      106324 kB
VmallocChunk:          0 kB
Percpu:             7648 kB
CmaTotal:         294912 kB
CmaFree:               0 kB
MemTotal:       12113132 kB
MemFree:         6631276 kB
MemAvailable:    8040024 kB
Buffers:            4824 kB
Cached:          1664624 kB
SwapCached:            0 kB
Active:          1480260 kB
Inactive:        1479524 kB
Active(anon):    1296920 kB
Inactive(anon):    21184 kB
Active(file):     183340 kB
Inactive(file):  1458340 kB
Unevictable:        5552 kB
Mlocked:            5552 kB
SwapTotal:       3145724 kB
SwapFree:        3145724 kB
Dirty:               776 kB
Writeback:             0 kB
AnonPages:       1296172 kB
Mapped:           852952 kB
Shmem:             23264 kB
KReclaimable:     635772 kB
Slab:             222516 kB
SReclaimable:      75336 kB
SUnreclaim:       147180 kB
KernelStack:       49264 kB
PageTables:        67236 kB
NFS_Unstable:          0 kB
Bounce:                0 kB
WritebackTmp:          0 kB
CommitLimit:     9202288 kB
Committed_AS:   75232228 kB
VmallocTotal:   263061440 kB
VmallocUsed:      106340 kB
VmallocChunk:          0 kB
Percpu:             7648 kB
CmaTotal:         294912 kB
CmaFree:               0 kB
MemTotal:       12113132 kB
MemFree:         6630772 kB
MemAvailable:    8039552 kB
Buffers:            4824 kB
Cached:          1664652 kB
SwapCached:            0 kB
Active:          1480480 kB
Inactive:        1479552 kB
Active(anon):    1297136 kB
Inactive(anon):    21184 kB
Active(file):     183344 kB
Inactive(file):  1458368 kB
Unevictable:        5552 kB
Mlocked:            5552 kB
SwapTotal:       3145724 kB
SwapFree:        3145724 kB
Dirty:               724 kB
Writeback:             0 kB
AnonPages:       1296356 kB
Mapped:           852952 kB
Shmem:             23264 kB
KReclaimable:     635772 kB
Slab:             222516 kB
SReclaimable:      75336 kB
SUnreclaim:       147180 kB
KernelStack:       49264 kB
PageTables:        67224 kB
NFS_Unstable:          0 kB
Bounce:                0 kB
WritebackTmp:          0 kB
CommitLimit:     9202288 kB
Committed_AS:   75231856 kB
VmallocTotal:   263061440 kB
VmallocUsed:      106340 kB
VmallocChunk:          0 kB
Percpu:             7648 kB
CmaTotal:         294912 kB
CmaFree:               0 kB
MemTotal:       12113132 kB
MemFree:         6629476 kB
MemAvailable:    8038268 kB
Buffers:            4824 kB
Cached:          1664664 kB
SwapCached:            0 kB
Active:          1481036 kB
Inactive:        1479560 kB
Active(anon):    1297688 kB
Inactive(anon):    21184 kB
Active(file):     183348 kB
Inactive(file):  1458376 kB
Unevictable:        5552 kB
Mlocked:            5552 kB
SwapTotal:       3145724 kB
SwapFree:        3145724 kB
Dirty:               736 kB
Writeback:             0 kB
AnonPages:       1296460 kB
Mapped:           852976 kB
Shmem:             23264 kB
KReclaimable:     635772 kB
Slab:             222516 kB
SReclaimable:      75336 kB
SUnreclaim:       147180 kB
KernelStack:       49248 kB
PageTables:        67200 kB
NFS_Unstable:          0 kB
Bounce:                0 kB
WritebackTmp:          0 kB
CommitLimit:     9202288 kB
Committed_AS:   75224316 kB
VmallocTotal:   263061440 kB
VmallocUsed:      106340 kB
VmallocChunk:          0 kB
Percpu:             7648 kB
CmaTotal:         294912 kB
CmaFree:               0 kB
MemTotal:       12113132 kB
MemFree:         6629892 kB
MemAvailable:    8038692 kB
Buffers:            4824 kB
Cached:          1664672 kB
SwapCached:            0 kB
Active:          1482168 kB
Inactive:        1479568 kB
Active(anon):    1298820 kB
Inactive(anon):    21184 kB
Active(file):     183348 kB
Inactive(file):  1458384 kB
Unevictable:        5552 kB
Mlocked:            5552 kB
SwapTotal:       3145724 kB
SwapFree:        3145724 kB
Dirty:               756 kB
Writeback:             0 kB
AnonPages:       1297684 kB
Mapped:           852952 kB
Shmem:             23264 kB
KReclaimable:     635772 kB
Slab:             222516 kB
SReclaimable:      75336 kB
SUnreclaim:       147180 kB
KernelStack:       49264 kB
PageTables:        67232 kB
NFS_Unstable:          0 kB
Bounce:                0 kB
WritebackTmp:          0 kB
CommitLimit:     9202288 kB
Committed_AS:   75226100 kB
VmallocTotal:   263061440 kB
VmallocUsed:      106324 kB
VmallocChunk:          0 kB
Percpu:             7648 kB
CmaTotal:         294912 kB
CmaFree:               0 kB
MemTotal:       12113132 kB
MemFree:         6627780 kB
MemAvailable:    8036596 kB
Buffers:            4824 kB
Cached:          1664692 kB
SwapCached:            0 kB
Active:          1482912 kB
Inactive:        1479588 kB
Active(anon):    1299564 kB
Inactive(anon):    21188 kB
Active(file):     183348 kB
Inactive(file):  1458400 kB
Unevictable:        5552 kB
Mlocked:            5552 kB
SwapTotal:       3145724 kB
SwapFree:        3145724 kB
Dirty:               772 kB
Writeback:             0 kB
AnonPages:       1298568 kB
Mapped:           852956 kB
Shmem:             23268 kB
KReclaimable:     635772 kB
Slab:             222528 kB
SReclaimable:      75336 kB
SUnreclaim:       147192 kB
KernelStack:       49264 kB
PageTables:        67236 kB
NFS_Unstable:          0 kB
Bounce:                0 kB
WritebackTmp:          0 kB
CommitLimit:     9202288 kB
Committed_AS:   75226008 kB
VmallocTotal:   263061440 kB
VmallocUsed:      106308 kB
VmallocChunk:          0 kB
Percpu:             7648 kB
CmaTotal:         294912 kB
CmaFree:               0 kB
MemTotal:       12113132 kB
MemFree:         6627840 kB
MemAvailable:    8036660 kB
Buffers:            4824 kB
Cached:          1664696 kB
SwapCached:            0 kB
Active:          1483168 kB
Inactive:        1479596 kB
Active(anon):    1299824 kB
Inactive(anon):    21188 kB
Active(file):     183344 kB
Inactive(file):  1458408 kB
Unevictable:        5552 kB
Mlocked:            5552 kB
SwapTotal:       3145724 kB
SwapFree:        3145724 kB
Dirty:               772 kB
Writeback:             0 kB
AnonPages:       1298916 kB
Mapped:           852956 kB
Shmem:             23268 kB
KReclaimable:     635772 kB
Slab:             222524 kB
SReclaimable:      75336 kB
SUnreclaim:       147188 kB
KernelStack:       49248 kB
PageTables:        67244 kB
NFS_Unstable:          0 kB
Bounce:                0 kB
WritebackTmp:          0 kB
CommitLimit:     9202288 kB
Committed_AS:   75225596 kB
VmallocTotal:   263061440 kB
VmallocUsed:      106340 kB
VmallocChunk:          0 kB
Percpu:             7648 kB
CmaTotal:         294912 kB
CmaFree:               0 kB
MemTotal:       12113132 kB
MemFree:         6639832 kB
MemAvailable:    8048664 kB
Buffers:            4824 kB
Cached:          1664708 kB
SwapCached:            0 kB
Active:          1470672 kB
Inactive:        1479604 kB
Active(anon):    1287324 kB
Inactive(anon):    21188 kB
Active(file):     183348 kB
Inactive(file):  1458416 kB
Unevictable:        5552 kB
Mlocked:            5552 kB
SwapTotal:       3145724 kB
SwapFree:        3145724 kB
Dirty:               800 kB
Writeback:             0 kB
AnonPages:       1286128 kB
Mapped:           852956 kB
Shmem:             23268 kB
KReclaimable:     635772 kB
Slab:             222524 kB
SReclaimable:      75336 kB
SUnreclaim:       147188 kB
KernelStack:       49264 kB
PageTables:        67232 kB
NFS_Unstable:          0 kB
Bounce:                0 kB
WritebackTmp:          0 kB
CommitLimit:     9202288 kB
Committed_AS:   75226732 kB
VmallocTotal:   263061440 kB
VmallocUsed:      106340 kB
VmallocChunk:          0 kB
Percpu:             7648 kB
CmaTotal:         294912 kB
CmaFree:               0 kB
MemTotal:       12113132 kB
MemFree:         6639176 kB
MemAvailable:    8048024 kB
Buffers:            4824 kB
Cached:          1664824 kB
SwapCached:            0 kB
Active:          1471492 kB
Inactive:        1479720 kB
Active(anon):    1288144 kB
Inactive(anon):    21288 kB
Active(file):     183348 kB
Inactive(file):  1458432 kB
Unevictable:        5552 kB
Mlocked:            5552 kB
SwapTotal:       3145724 kB
SwapFree:        3145724 kB
Dirty:               780 kB
Writeback:             0 kB
AnonPages:       1287020 kB
Mapped:           853056 kB
Shmem:             23368 kB
KReclaimable:     635772 kB
Slab:             222536 kB
SReclaimable:      75336 kB
SUnreclaim:       147200 kB
KernelStack:       49264 kB
PageTables:        67236 kB
NFS_Unstable:          0 kB
Bounce:                0 kB
WritebackTmp:          0 kB
CommitLimit:     9202288 kB
Committed_AS:   75231888 kB
VmallocTotal:   263061440 kB
VmallocUsed:      106340 kB
VmallocChunk:          0 kB
Percpu:             7648 kB
CmaTotal:         294912 kB
CmaFree:               0 kB
MemTotal:       12113132 kB
MemFree:         6638476 kB
MemAvailable:    8047332 kB
Buffers:            4824 kB
Cached:          1664840 kB
SwapCached:            0 kB
Active:          1472384 kB
Inactive:        1479732 kB
Active(anon):    1289032 kB
Inactive(anon):    21296 kB
Active(file):     183352 kB
Inactive(file):  1458436 kB
Unevictable:        5552 kB
Mlocked:            5552 kB
SwapTotal:       3145724 kB
SwapFree:        3145724 kB
Dirty:               836 kB
Writeback:             0 kB
AnonPages:       1288208 kB
Mapped:           853064 kB
Shmem:             23376 kB
KReclaimable:     635772 kB
Slab:             222568 kB
SReclaimable:      75336 kB
SUnreclaim:       147232 kB
KernelStack:       49248 kB
PageTables:        67232 kB
NFS_Unstable:          0 kB
Bounce:                0 kB
WritebackTmp:          0 kB
CommitLimit:     9202288 kB
Committed_AS:   75227008 kB
VmallocTotal:   263061440 kB
VmallocUsed:      106308 kB
VmallocChunk:          0 kB
Percpu:             7648 kB
CmaTotal:         294912 kB
CmaFree:               0 kB
MemTotal:       12113132 kB
MemFree:         6636948 kB
MemAvailable:    8045804 kB
Buffers:            4824 kB
Cached:          1664848 kB
SwapCached:            0 kB
Active:          1472908 kB
Inactive:        1479740 kB
Active(anon):    1289556 kB
Inactive(anon):    21304 kB
Active(file):     183352 kB
Inactive(file):  1458436 kB
Unevictable:        5552 kB
Mlocked:            5552 kB
SwapTotal:       3145724 kB
SwapFree:        3145724 kB
Dirty:               856 kB
Writeback:             8 kB
AnonPages:       1288628 kB
Mapped:           853072 kB
Shmem:             23384 kB
KReclaimable:     635772 kB
Slab:             222576 kB
SReclaimable:      75336 kB
SUnreclaim:       147240 kB
KernelStack:       49264 kB
PageTables:        67232 kB
NFS_Unstable:          0 kB
Bounce:                0 kB
WritebackTmp:          0 kB
CommitLimit:     9202288 kB
Committed_AS:   75232076 kB
VmallocTotal:   263061440 kB
VmallocUsed:      106324 kB
VmallocChunk:          0 kB
Percpu:             7648 kB
CmaTotal:         294912 kB
CmaFree:               0 kB
MemTotal:       12113132 kB
MemFree:         6629088 kB
MemAvailable:    8037988 kB
Buffers:            4824 kB
Cached:          1664856 kB
SwapCached:            0 kB
Active:          1482848 kB
Inactive:        1479748 kB
Active(anon):    1299496 kB
Inactive(anon):    21268 kB
Active(file):     183352 kB
Inactive(file):  1458480 kB
Unevictable:        5552 kB
Mlocked:            5552 kB
SwapTotal:       3145724 kB
SwapFree:        3145724 kB
Dirty:               912 kB
Writeback:             0 kB
AnonPages:       1298144 kB
Mapped:           853036 kB
Shmem:             23348 kB
KReclaimable:     635772 kB
Slab:             222548 kB
SReclaimable:      75336 kB
SUnreclaim:       147212 kB
KernelStack:       49280 kB
PageTables:        67336 kB
NFS_Unstable:          0 kB
Bounce:                0 kB
WritebackTmp:          0 kB
CommitLimit:     9202288 kB
Committed_AS:   75226688 kB
VmallocTotal:   263061440 kB
VmallocUsed:      106340 kB
VmallocChunk:          0 kB
Percpu:             7648 kB
CmaTotal:         294912 kB
CmaFree:               0 kB
MemTotal:       12113132 kB
MemFree:         6628368 kB
MemAvailable:    8037276 kB
Buffers:            4824 kB
Cached:          1664908 kB
SwapCached:            0 kB
Active:          1483564 kB
Inactive:        1479800 kB
Active(anon):    1300212 kB
Inactive(anon):    21312 kB
Active(file):     183352 kB
Inactive(file):  1458488 kB
Unevictable:        5552 kB
Mlocked:            5552 kB
SwapTotal:       3145724 kB
SwapFree:        3145724 kB
Dirty:               664 kB
Writeback:             0 kB
AnonPages:       1299128 kB
Mapped:           853080 kB
Shmem:             23392 kB
KReclaimable:     635772 kB
Slab:             222564 kB
SReclaimable:      75336 kB
SUnreclaim:       147228 kB
KernelStack:       49248 kB
PageTables:        67188 kB
NFS_Unstable:          0 kB
Bounce:                0 kB
WritebackTmp:          0 kB
CommitLimit:     9202288 kB
Committed_AS:   75227148 kB
VmallocTotal:   263061440 kB
VmallocUsed:      106356 kB
VmallocChunk:          0 kB
Percpu:             7648 kB
CmaTotal:         294912 kB
CmaFree:               0 kB
MemTotal:       12113132 kB
MemFree:         6626600 kB
MemAvailable:    8035528 kB
Buffers:            4824 kB
Cached:          1664932 kB
SwapCached:            0 kB
Active:          1484072 kB
Inactive:        1479820 kB
Active(anon):    1300716 kB
Inactive(anon):    21316 kB
Active(file):     183356 kB
Inactive(file):  1458504 kB
Unevictable:        5552 kB
Mlocked:            5552 kB
SwapTotal:       3145724 kB
SwapFree:        3145724 kB
Dirty:               492 kB
Writeback:             0 kB
AnonPages:       1299744 kB
Mapped:           853100 kB
Shmem:             23396 kB
KReclaimable:     635772 kB
Slab:             222560 kB
SReclaimable:      75336 kB
SUnreclaim:       147224 kB
KernelStack:       49264 kB
PageTables:        67268 kB
NFS_Unstable:          0 kB
Bounce:                0 kB
WritebackTmp:          0 kB
CommitLimit:     9202288 kB
Committed_AS:   75226324 kB
VmallocTotal:   263061440 kB
VmallocUsed:      106356 kB
VmallocChunk:          0 kB
Percpu:             7648 kB
CmaTotal:         294912 kB
CmaFree:               0 kB
MemTotal:       12113132 kB
MemFree:         6625660 kB
MemAvailable:    8034592 kB
Buffers:            4824 kB
Cached:          1664936 kB
SwapCached:            0 kB
Active:          1484536 kB
Inactive:        1479860 kB
Active(anon):    1301184 kB
Inactive(anon):    21348 kB
Active(file):     183352 kB
Inactive(file):  1458512 kB
Unevictable:        5552 kB
Mlocked:            5552 kB
SwapTotal:       3145724 kB
SwapFree:        3145724 kB
Dirty:               500 kB
Writeback:             0 kB
AnonPages:       1300240 kB
Mapped:           853084 kB
Shmem:             23396 kB
KReclaimable:     635772 kB
Slab:             222448 kB
SReclaimable:      75336 kB
SUnreclaim:       147112 kB
KernelStack:       49264 kB
PageTables:        67232 kB
NFS_Unstable:          0 kB
Bounce:                0 kB
WritebackTmp:          0 kB
CommitLimit:     9202288 kB
Committed_AS:   75236880 kB
VmallocTotal:   263061440 kB
VmallocUsed:      106340 kB
VmallocChunk:          0 kB
Percpu:             7648 kB
CmaTotal:         294912 kB
CmaFree:               0 kB
MemTotal:       12113132 kB
MemFree:         6623960 kB
MemAvailable:    8032888 kB
Buffers:            4824 kB
Cached:          1664932 kB
SwapCached:            0 kB
Active:          1486512 kB
Inactive:        1479824 kB
Active(anon):    1303160 kB
Inactive(anon):    21316 kB
Active(file):     183352 kB
Inactive(file):  1458508 kB
Unevictable:        5552 kB
Mlocked:            5552 kB
SwapTotal:       3145724 kB
SwapFree:        3145724 kB
Dirty:               500 kB
Writeback:             0 kB
AnonPages:       1302576 kB
Mapped:           853112 kB
Shmem:             23396 kB
KReclaimable:     635772 kB
Slab:             222376 kB
SReclaimable:      75336 kB
SUnreclaim:       147040 kB
KernelStack:       49264 kB
PageTables:        67232 kB
NFS_Unstable:          0 kB
Bounce:                0 kB
WritebackTmp:          0 kB
CommitLimit:     9202288 kB
Committed_AS:   75239616 kB
VmallocTotal:   263061440 kB
VmallocUsed:      106292 kB
VmallocChunk:          0 kB
Percpu:             7648 kB
CmaTotal:         294912 kB
CmaFree:               0 kB
MemTotal:       12113132 kB
MemFree:         6624516 kB
MemAvailable:    8033492 kB
Buffers:            4828 kB
Cached:          1664988 kB
SwapCached:            0 kB
Active:          1486192 kB
Inactive:        1479876 kB
Active(anon):    1302832 kB
Inactive(anon):    21328 kB
Active(file):     183360 kB
Inactive(file):  1458548 kB
Unevictable:        5552 kB
Mlocked:            5552 kB
SwapTotal:       3145724 kB
SwapFree:        3145724 kB
Dirty:               572 kB
Writeback:             0 kB
AnonPages:       1302044 kB
Mapped:           853128 kB
Shmem:             23408 kB
KReclaimable:     635772 kB
Slab:             222592 kB
SReclaimable:      75336 kB
SUnreclaim:       147256 kB
KernelStack:       49344 kB
PageTables:        67232 kB
NFS_Unstable:          0 kB
Bounce:                0 kB
WritebackTmp:          0 kB
CommitLimit:     9202288 kB
Committed_AS:   75239504 kB
VmallocTotal:   263061440 kB
VmallocUsed:      106308 kB
VmallocChunk:          0 kB
Percpu:             7648 kB
CmaTotal:         294912 kB
CmaFree:               0 kB
MemTotal:       12113132 kB
MemFree:         6623592 kB
MemAvailable:    8032596 kB
Buffers:            4828 kB
Cached:          1665020 kB
SwapCached:            0 kB
Active:          1487480 kB
Inactive:        1479908 kB
Active(anon):    1304120 kB
Inactive(anon):    21332 kB
Active(file):     183360 kB
Inactive(file):  1458576 kB
Unevictable:        5552 kB
Mlocked:            5552 kB
SwapTotal:       3145724 kB
SwapFree:        3145724 kB
Dirty:               516 kB
Writeback:             0 kB
AnonPages:       1303236 kB
Mapped:           853132 kB
Shmem:             23412 kB
KReclaimable:     635772 kB
Slab:             222592 kB
SReclaimable:      75336 kB
SUnreclaim:       147256 kB
KernelStack:       49344 kB
PageTables:        67232 kB
NFS_Unstable:          0 kB
Bounce:                0 kB
WritebackTmp:          0 kB
CommitLimit:     9202288 kB
Committed_AS:   75239572 kB
VmallocTotal:   263061440 kB
VmallocUsed:      106340 kB
VmallocChunk:          0 kB
Percpu:             7648 kB
CmaTotal:         294912 kB
CmaFree:               0 kB
MemTotal:       12113132 kB
MemFree:         6622876 kB
MemAvailable:    8031896 kB
Buffers:            4828 kB
Cached:          1665036 kB
SwapCached:            0 kB
Active:          1487636 kB
Inactive:        1479924 kB
Active(anon):    1304276 kB
Inactive(anon):    21332 kB
Active(file):     183360 kB
Inactive(file):  1458592 kB
Unevictable:        5552 kB
Mlocked:            5552 kB
SwapTotal:       3145724 kB
SwapFree:        3145724 kB
Dirty:               344 kB
Writeback:             0 kB
AnonPages:       1303496 kB
Mapped:           853132 kB
Shmem:             23412 kB
KReclaimable:     635772 kB
Slab:             222592 kB
SReclaimable:      75336 kB
SUnreclaim:       147256 kB
KernelStack:       49344 kB
PageTables:        67232 kB
NFS_Unstable:          0 kB
Bounce:                0 kB
WritebackTmp:          0 kB
CommitLimit:     9202288 kB
Committed_AS:   75230580 kB
VmallocTotal:   263061440 kB
VmallocUsed:      106356 kB
VmallocChunk:          0 kB
Percpu:             7648 kB
CmaTotal:         294912 kB
CmaFree:               0 kB
MemTotal:       12113132 kB
MemFree:         6621688 kB
MemAvailable:    8030712 kB
Buffers:            4828 kB
Cached:          1665044 kB
SwapCached:            0 kB
Active:          1489336 kB
Inactive:        1479932 kB
Active(anon):    1305976 kB
Inactive(anon):    21336 kB
Active(file):     183360 kB
Inactive(file):  1458596 kB
Unevictable:        5552 kB
Mlocked:            5552 kB
SwapTotal:       3145724 kB
SwapFree:        3145724 kB
Dirty:               404 kB
Writeback:             0 kB
AnonPages:       1304820 kB
Mapped:           853136 kB
Shmem:             23416 kB
KReclaimable:     635772 kB
Slab:             222596 kB
SReclaimable:      75336 kB
SUnreclaim:       147260 kB
KernelStack:       49344 kB
PageTables:        67240 kB
NFS_Unstable:          0 kB
Bounce:                0 kB
WritebackTmp:          0 kB
CommitLimit:     9202288 kB
Committed_AS:   75230236 kB
VmallocTotal:   263061440 kB
VmallocUsed:      106372 kB
VmallocChunk:          0 kB
Percpu:             7648 kB
CmaTotal:         294912 kB
CmaFree:               0 kB
MemTotal:       12113132 kB
MemFree:         6654576 kB
MemAvailable:    8063612 kB
Buffers:            4828 kB
Cached:          1665056 kB
SwapCached:            0 kB
Active:          1456028 kB
Inactive:        1479944 kB
Active(anon):    1272668 kB
Inactive(anon):    21336 kB
Active(file):     183360 kB
Inactive(file):  1458608 kB
Unevictable:        5552 kB
Mlocked:            5552 kB
SwapTotal:       3145724 kB
SwapFree:        3145724 kB
Dirty:               420 kB
Writeback:             0 kB
AnonPages:       1271780 kB
Mapped:           853136 kB
Shmem:             23416 kB
KReclaimable:     635772 kB
Slab:             222596 kB
SReclaimable:      75336 kB
SUnreclaim:       147260 kB
KernelStack:       49360 kB
PageTables:        67216 kB
NFS_Unstable:          0 kB
Bounce:                0 kB
WritebackTmp:          0 kB
CommitLimit:     9202288 kB
Committed_AS:   75225588 kB
VmallocTotal:   263061440 kB
VmallocUsed:      106340 kB
VmallocChunk:          0 kB
Percpu:             7648 kB
CmaTotal:         294912 kB
CmaFree:               0 kB
MemTotal:       12113132 kB
MemFree:         6653496 kB
MemAvailable:    8062556 kB
Buffers:            4828 kB
Cached:          1665080 kB
SwapCached:            0 kB
Active:          1456844 kB
Inactive:        1479964 kB
Active(anon):    1273480 kB
Inactive(anon):    21336 kB
Active(file):     183364 kB
Inactive(file):  1458628 kB
Unevictable:        5552 kB
Mlocked:            5552 kB
SwapTotal:       3145724 kB
SwapFree:        3145724 kB
Dirty:               444 kB
Writeback:             0 kB
AnonPages:       1272196 kB
Mapped:           853136 kB
Shmem:             23416 kB
KReclaimable:     635772 kB
Slab:             222596 kB
SReclaimable:      75336 kB
SUnreclaim:       147260 kB
KernelStack:       49344 kB
PageTables:        67244 kB
NFS_Unstable:          0 kB
Bounce:                0 kB
WritebackTmp:          0 kB
CommitLimit:     9202288 kB
Committed_AS:   75224900 kB
VmallocTotal:   263061440 kB
VmallocUsed:      106372 kB
VmallocChunk:          0 kB
Percpu:             7648 kB
CmaTotal:         294912 kB
CmaFree:               0 kB
MemTotal:       12113132 kB
MemFree:         6653408 kB
MemAvailable:    8062472 kB
Buffers:            4828 kB
Cached:          1665088 kB
SwapCached:            0 kB
Active:          1457304 kB
Inactive:        1479976 kB
Active(anon):    1273944 kB
Inactive(anon):    21340 kB
Active(file):     183360 kB
Inactive(file):  1458636 kB
Unevictable:        5552 kB
Mlocked:            5552 kB
SwapTotal:       3145724 kB
SwapFree:        3145724 kB
Dirty:               460 kB
Writeback:             0 kB
AnonPages:       1273156 kB
Mapped:           853140 kB
Shmem:             23420 kB
KReclaimable:     635772 kB
Slab:             222600 kB
SReclaimable:      75336 kB
SUnreclaim:       147264 kB
KernelStack:       49360 kB
PageTables:        67216 kB
NFS_Unstable:          0 kB
Bounce:                0 kB
WritebackTmp:          0 kB
CommitLimit:     9202288 kB
Committed_AS:   75222164 kB
VmallocTotal:   263061440 kB
VmallocUsed:      106372 kB
VmallocChunk:          0 kB
Percpu:             7648 kB
CmaTotal:         294912 kB
CmaFree:               0 kB
MemTotal:       12113132 kB
MemFree:         6651388 kB
MemAvailable:    8060456 kB
Buffers:            4828 kB
Cached:          1665116 kB
SwapCached:            0 kB
Active:          1457668 kB
Inactive:        1480004 kB
Active(anon):    1274308 kB
Inactive(anon):    21364 kB
Active(file):     183360 kB
Inactive(file):  1458640 kB
Unevictable:        5552 kB
Mlocked:            5552 kB
SwapTotal:       3145724 kB
SwapFree:        3145724 kB
Dirty:               468 kB
Writeback:             0 kB
AnonPages:       1273260 kB
Mapped:           853036 kB
Shmem:             23444 kB
KReclaimable:     635772 kB
Slab:             222600 kB
SReclaimable:      75336 kB
SUnreclaim:       147264 kB
KernelStack:       49344 kB
PageTables:        67208 kB
NFS_Unstable:          0 kB
Bounce:                0 kB
WritebackTmp:          0 kB
CommitLimit:     9202288 kB
Committed_AS:   75222220 kB
VmallocTotal:   263061440 kB
VmallocUsed:      106420 kB
VmallocChunk:          0 kB
Percpu:             7648 kB
CmaTotal:         294912 kB
CmaFree:               0 kB
MemTotal:       12113132 kB
MemFree:         6651488 kB
MemAvailable:    8060572 kB
Buffers:            4828 kB
Cached:          1665132 kB
SwapCached:            0 kB
Active:          1458756 kB
Inactive:        1480020 kB
Active(anon):    1275396 kB
Inactive(anon):    21364 kB
Active(file):     183360 kB
Inactive(file):  1458656 kB
Unevictable:        5552 kB
Mlocked:            5552 kB
SwapTotal:       3145724 kB
SwapFree:        3145724 kB
Dirty:               484 kB
Writeback:             0 kB
AnonPages:       1274424 kB
Mapped:           853164 kB
Shmem:             23444 kB
KReclaimable:     635772 kB
Slab:             222600 kB
SReclaimable:      75336 kB
SUnreclaim:       147264 kB
KernelStack:       49344 kB
PageTables:        67240 kB
NFS_Unstable:          0 kB
Bounce:                0 kB
WritebackTmp:          0 kB
CommitLimit:     9202288 kB
Committed_AS:   75221952 kB
VmallocTotal:   263061440 kB
VmallocUsed:      106404 kB
VmallocChunk:          0 kB
Percpu:             7648 kB
CmaTotal:         294912 kB
CmaFree:               0 kB
MemTotal:       12113132 kB
MemFree:         6649688 kB
MemAvailable:    8058780 kB
Buffers:            4828 kB
Cached:          1665140 kB
SwapCached:            0 kB
Active:          1459600 kB
Inactive:        1480028 kB
Active(anon):    1276240 kB
Inactive(anon):    21364 kB
Active(file):     183360 kB
Inactive(file):  1458664 kB
Unevictable:        5552 kB
Mlocked:            5552 kB
SwapTotal:       3145724 kB
SwapFree:        3145724 kB
Dirty:               504 kB
Writeback:             0 kB
AnonPages:       1274708 kB
Mapped:           853164 kB
Shmem:             23444 kB
KReclaimable:     635772 kB
Slab:             222604 kB
SReclaimable:      75336 kB
SUnreclaim:       147268 kB
KernelStack:       49344 kB
PageTables:        67244 kB
NFS_Unstable:          0 kB
Bounce:                0 kB
WritebackTmp:          0 kB
CommitLimit:     9202288 kB
Committed_AS:   75221748 kB
VmallocTotal:   263061440 kB
VmallocUsed:      106452 kB
VmallocChunk:          0 kB
Percpu:             7648 kB
CmaTotal:         294912 kB
CmaFree:               0 kB
MemTotal:       12113132 kB
MemFree:         6649280 kB
MemAvailable:    8058400 kB
Buffers:            4828 kB
Cached:          1665172 kB
SwapCached:            0 kB
Active:          1460156 kB
Inactive:        1480060 kB
Active(anon):    1276796 kB
Inactive(anon):    21368 kB
Active(file):     183360 kB
Inactive(file):  1458692 kB
Unevictable:        5552 kB
Mlocked:            5552 kB
SwapTotal:       3145724 kB
SwapFree:        3145724 kB
Dirty:               548 kB
Writeback:             0 kB
AnonPages:       1276028 kB
Mapped:           853168 kB
Shmem:             23448 kB
KReclaimable:     635772 kB
Slab:             222604 kB
SReclaimable:      75336 kB
SUnreclaim:       147268 kB
KernelStack:       49328 kB
PageTables:        67252 kB
NFS_Unstable:          0 kB
Bounce:                0 kB
WritebackTmp:          0 kB
CommitLimit:     9202288 kB
Committed_AS:   75226736 kB
VmallocTotal:   263061440 kB
VmallocUsed:      106388 kB
VmallocChunk:          0 kB
Percpu:             7648 kB
CmaTotal:         294912 kB
CmaFree:               0 kB
MemTotal:       12113132 kB
MemFree:         6649016 kB
MemAvailable:    8058160 kB
Buffers:            4828 kB
Cached:          1665196 kB
SwapCached:            0 kB
Active:          1460708 kB
Inactive:        1480080 kB
Active(anon):    1277344 kB
Inactive(anon):    21368 kB
Active(file):     183364 kB
Inactive(file):  1458712 kB
Unevictable:        5552 kB
Mlocked:            5552 kB
SwapTotal:       3145724 kB
SwapFree:        3145724 kB
Dirty:               308 kB
Writeback:             4 kB
AnonPages:       1276680 kB
Mapped:           853172 kB
Shmem:             23448 kB
KReclaimable:     635772 kB
Slab:             222608 kB
SReclaimable:      75336 kB
SUnreclaim:       147272 kB
KernelStack:       49328 kB
PageTables:        67244 kB
NFS_Unstable:          0 kB
Bounce:                0 kB
WritebackTmp:          0 kB
CommitLimit:     9202288 kB
Committed_AS:   75223096 kB
VmallocTotal:   263061440 kB
VmallocUsed:      106388 kB
VmallocChunk:          0 kB
Percpu:             7648 kB
CmaTotal:         294912 kB
CmaFree:               0 kB
MemTotal:       12113132 kB
MemFree:         6649344 kB
MemAvailable:    8058488 kB
Buffers:            4828 kB
Cached:          1665196 kB
SwapCached:            0 kB
Active:          1461956 kB
Inactive:        1480084 kB
Active(anon):    1278596 kB
Inactive(anon):    21368 kB
Active(file):     183360 kB
Inactive(file):  1458716 kB
Unevictable:        5552 kB
Mlocked:            5552 kB
SwapTotal:       3145724 kB
SwapFree:        3145724 kB
Dirty:               284 kB
Writeback:             0 kB
AnonPages:       1277544 kB
Mapped:           853172 kB
Shmem:             23448 kB
KReclaimable:     635772 kB
Slab:             222600 kB
SReclaimable:      75336 kB
SUnreclaim:       147264 kB
KernelStack:       49328 kB
PageTables:        67252 kB
NFS_Unstable:          0 kB
Bounce:                0 kB
WritebackTmp:          0 kB
CommitLimit:     9202288 kB
Committed_AS:   75222504 kB
VmallocTotal:   263061440 kB
VmallocUsed:      106404 kB
VmallocChunk:          0 kB
Percpu:             7648 kB
CmaTotal:         294912 kB
CmaFree:               0 kB
MemTotal:       12113132 kB
MemFree:         6652044 kB
MemAvailable:    8061204 kB
Buffers:            4828 kB
Cached:          1665220 kB
SwapCached:            0 kB
Active:          1458604 kB
Inactive:        1480108 kB
Active(anon):    1275244 kB
Inactive(anon):    21376 kB
Active(file):     183360 kB
Inactive(file):  1458732 kB
Unevictable:        5552 kB
Mlocked:            5552 kB
SwapTotal:       3145724 kB
SwapFree:        3145724 kB
Dirty:               300 kB
Writeback:             0 kB
AnonPages:       1274352 kB
Mapped:           853180 kB
Shmem:             23456 kB
KReclaimable:     635772 kB
Slab:             222608 kB
SReclaimable:      75336 kB
SUnreclaim:       147272 kB
KernelStack:       49328 kB
PageTables:        67260 kB
NFS_Unstable:          0 kB
Bounce:                0 kB
WritebackTmp:          0 kB
CommitLimit:     9202288 kB
Committed_AS:   75237236 kB
VmallocTotal:   263061440 kB
VmallocUsed:      106404 kB
VmallocChunk:          0 kB
Percpu:             7648 kB
CmaTotal:         294912 kB
CmaFree:              64 kB
MemTotal:       12113132 kB
MemFree:         6652536 kB
MemAvailable:    8061708 kB
Buffers:            4828 kB
Cached:          1665232 kB
SwapCached:            0 kB
Active:          1459252 kB
Inactive:        1480116 kB
Active(anon):    1275888 kB
Inactive(anon):    21376 kB
Active(file):     183364 kB
Inactive(file):  1458740 kB
Unevictable:        5552 kB
Mlocked:            5552 kB
SwapTotal:       3145724 kB
SwapFree:        3145724 kB
Dirty:               340 kB
Writeback:             0 kB
AnonPages:       1274540 kB
Mapped:           853180 kB
Shmem:             23456 kB
KReclaimable:     635772 kB
Slab:             222604 kB
SReclaimable:      75336 kB
SUnreclaim:       147268 kB
KernelStack:       49328 kB
PageTables:        67256 kB
NFS_Unstable:          0 kB
Bounce:                0 kB
WritebackTmp:          0 kB
CommitLimit:     9202288 kB
Committed_AS:   75237056 kB
VmallocTotal:   263061440 kB
VmallocUsed:      106420 kB
VmallocChunk:          0 kB
Percpu:             7648 kB
CmaTotal:         294912 kB
CmaFree:               0 kB
MemTotal:       12113132 kB
MemFree:         6651140 kB
MemAvailable:    8060324 kB
Buffers:            4832 kB
Cached:          1665244 kB
SwapCached:            0 kB
Active:          1460360 kB
Inactive:        1480132 kB
Active(anon):    1276996 kB
Inactive(anon):    21380 kB
Active(file):     183364 kB
Inactive(file):  1458752 kB
Unevictable:        5552 kB
Mlocked:            5552 kB
SwapTotal:       3145724 kB
SwapFree:        3145724 kB
Dirty:               368 kB
Writeback:             0 kB
AnonPages:       1275988 kB
Mapped:           853184 kB
Shmem:             23460 kB
KReclaimable:     635772 kB
Slab:             222612 kB
SReclaimable:      75336 kB
SUnreclaim:       147276 kB
KernelStack:       49328 kB
PageTables:        67256 kB
NFS_Unstable:          0 kB
Bounce:                0 kB
WritebackTmp:          0 kB
CommitLimit:     9202288 kB
Committed_AS:   75237680 kB
VmallocTotal:   263061440 kB
VmallocUsed:      106388 kB
VmallocChunk:          0 kB
Percpu:             7648 kB
CmaTotal:         294912 kB
CmaFree:               0 kB
MemTotal:       12113132 kB
MemFree:         6649756 kB
MemAvailable:    8058976 kB
Buffers:            4832 kB
Cached:          1665280 kB
SwapCached:            0 kB
Active:          1460476 kB
Inactive:        1480164 kB
Active(anon):    1277108 kB
Inactive(anon):    21380 kB
Active(file):     183368 kB
Inactive(file):  1458784 kB
Unevictable:        5552 kB
Mlocked:            5552 kB
SwapTotal:       3145724 kB
SwapFree:        3145724 kB
Dirty:               368 kB
Writeback:             0 kB
AnonPages:       1276076 kB
Mapped:           853184 kB
Shmem:             23460 kB
KReclaimable:     635772 kB
Slab:             222608 kB
SReclaimable:      75336 kB
SUnreclaim:       147272 kB
KernelStack:       49328 kB
PageTables:        67252 kB
NFS_Unstable:          0 kB
Bounce:                0 kB
WritebackTmp:          0 kB
CommitLimit:     9202288 kB
Committed_AS:   75237516 kB
VmallocTotal:   263061440 kB
VmallocUsed:      106404 kB
VmallocChunk:          0 kB
Percpu:             7648 kB
CmaTotal:         294912 kB
CmaFree:               0 kB
MemTotal:       12113132 kB
MemFree:         6648036 kB
MemAvailable:    8057268 kB
Buffers:            4832 kB
Cached:          1665296 kB
SwapCached:            0 kB
Active:          1461000 kB
Inactive:        1480176 kB
Active(anon):    1277628 kB
Inactive(anon):    21384 kB
Active(file):     183372 kB
Inactive(file):  1458792 kB
Unevictable:        5552 kB
Mlocked:            5552 kB
SwapTotal:       3145724 kB
SwapFree:        3145724 kB
Dirty:               380 kB
Writeback:             0 kB
AnonPages:       1276160 kB
Mapped:           853188 kB
Shmem:             23464 kB
KReclaimable:     635772 kB
Slab:             222608 kB
SReclaimable:      75336 kB
SUnreclaim:       147272 kB
KernelStack:       49328 kB
PageTables:        67204 kB
NFS_Unstable:          0 kB
Bounce:                0 kB
WritebackTmp:          0 kB
CommitLimit:     9202288 kB
Committed_AS:   75238288 kB
VmallocTotal:   263061440 kB
VmallocUsed:      106436 kB
VmallocChunk:          0 kB
Percpu:             7648 kB
CmaTotal:         294912 kB
CmaFree:               0 kB
MemTotal:       12113132 kB
MemFree:         6647696 kB
MemAvailable:    8056940 kB
Buffers:            4832 kB
Cached:          1665312 kB
SwapCached:            0 kB
Active:          1461376 kB
Inactive:        1480192 kB
Active(anon):    1278004 kB
Inactive(anon):    21388 kB
Active(file):     183372 kB
Inactive(file):  1458804 kB
Unevictable:        5552 kB
Mlocked:            5552 kB
SwapTotal:       3145724 kB
SwapFree:        3145724 kB
Dirty:               408 kB
Writeback:             0 kB
AnonPages:       1277136 kB
Mapped:           853192 kB
Shmem:             23468 kB
KReclaimable:     635772 kB
Slab:             222608 kB
SReclaimable:      75336 kB
SUnreclaim:       147272 kB
KernelStack:       49328 kB
PageTables:        67256 kB
NFS_Unstable:          0 kB
Bounce:                0 kB
WritebackTmp:          0 kB
CommitLimit:     9202288 kB
Committed_AS:   75234456 kB
VmallocTotal:   263061440 kB
VmallocUsed:      106404 kB
VmallocChunk:          0 kB
Percpu:             7648 kB
CmaTotal:         294912 kB
CmaFree:               0 kB
MemTotal:       12113132 kB
MemFree:         6647608 kB
MemAvailable:    8056860 kB
Buffers:            4832 kB
Cached:          1665320 kB
SwapCached:            0 kB
Active:          1462076 kB
Inactive:        1480200 kB
Active(anon):    1278704 kB
Inactive(anon):    21388 kB
Active(file):     183372 kB
Inactive(file):  1458812 kB
Unevictable:        5552 kB
Mlocked:            5552 kB
SwapTotal:       3145724 kB
SwapFree:        3145724 kB
Dirty:               460 kB
Writeback:             0 kB
AnonPages:       1277816 kB
Mapped:           853192 kB
Shmem:             23468 kB
KReclaimable:     635772 kB
Slab:             222604 kB
SReclaimable:      75336 kB
SUnreclaim:       147268 kB
KernelStack:       49328 kB
PageTables:        67268 kB
NFS_Unstable:          0 kB
Bounce:                0 kB
WritebackTmp:          0 kB
CommitLimit:     9202288 kB
Committed_AS:   75238992 kB
VmallocTotal:   263061440 kB
VmallocUsed:      106372 kB
VmallocChunk:          0 kB
Percpu:             7648 kB
CmaTotal:         294912 kB
CmaFree:               0 kB
MemTotal:       12113132 kB
MemFree:         6646972 kB
MemAvailable:    8056240 kB
Buffers:            4832 kB
Cached:          1665336 kB
SwapCached:            0 kB
Active:          1462304 kB
Inactive:        1480216 kB
Active(anon):    1278932 kB
Inactive(anon):    21388 kB
Active(file):     183372 kB
Inactive(file):  1458828 kB
Unevictable:        5552 kB
Mlocked:            5552 kB
SwapTotal:       3145724 kB
SwapFree:        3145724 kB
Dirty:               476 kB
Writeback:             0 kB
AnonPages:       1278264 kB
Mapped:           853192 kB
Shmem:             23468 kB
KReclaimable:     635772 kB
Slab:             222576 kB
SReclaimable:      75336 kB
SUnreclaim:       147240 kB
KernelStack:       49376 kB
PageTables:        67348 kB
NFS_Unstable:          0 kB
Bounce:                0 kB
WritebackTmp:          0 kB
CommitLimit:     9202288 kB
Committed_AS:   75237984 kB
VmallocTotal:   263061440 kB
VmallocUsed:      106404 kB
VmallocChunk:          0 kB
Percpu:             7648 kB
CmaTotal:         294912 kB
CmaFree:               0 kB
MemTotal:       12113132 kB
MemFree:         6647220 kB
MemAvailable:    8056496 kB
Buffers:            4832 kB
Cached:          1665344 kB
SwapCached:            0 kB
Active:          1463592 kB
Inactive:        1480224 kB
Active(anon):    1280220 kB
Inactive(anon):    21388 kB
Active(file):     183372 kB
Inactive(file):  1458836 kB
Unevictable:        5552 kB
Mlocked:            5552 kB
SwapTotal:       3145724 kB
SwapFree:        3145724 kB
Dirty:               236 kB
Writeback:             0 kB
AnonPages:       1279152 kB
Mapped:           853192 kB
Shmem:             23468 kB
KReclaimable:     635772 kB
Slab:             222624 kB
SReclaimable:      75336 kB
SUnreclaim:       147288 kB
KernelStack:       49328 kB
PageTables:        67264 kB
NFS_Unstable:          0 kB
Bounce:                0 kB
WritebackTmp:          0 kB
CommitLimit:     9202288 kB
Committed_AS:   75242812 kB
VmallocTotal:   263061440 kB
VmallocUsed:      106388 kB
VmallocChunk:          0 kB
Percpu:             7648 kB
CmaTotal:         294912 kB
CmaFree:               0 kB
MemTotal:       12113132 kB
MemFree:         6645508 kB
MemAvailable:    8054796 kB
Buffers:            4832 kB
Cached:          1665356 kB
SwapCached:            0 kB
Active:          1464356 kB
Inactive:        1480236 kB
Active(anon):    1280984 kB
Inactive(anon):    21388 kB
Active(file):     183372 kB
Inactive(file):  1458848 kB
Unevictable:        5552 kB
Mlocked:            5552 kB
SwapTotal:       3145724 kB
SwapFree:        3145724 kB
Dirty:               240 kB
Writeback:             0 kB
AnonPages:       1279924 kB
Mapped:           853192 kB
Shmem:             23468 kB
KReclaimable:     635772 kB
Slab:             222580 kB
SReclaimable:      75336 kB
SUnreclaim:       147244 kB
KernelStack:       49328 kB
PageTables:        67260 kB
NFS_Unstable:          0 kB
Bounce:                0 kB
WritebackTmp:          0 kB
CommitLimit:     9202288 kB
Committed_AS:   75242944 kB
VmallocTotal:   263061440 kB
VmallocUsed:      106420 kB
VmallocChunk:          0 kB
Percpu:             7648 kB
CmaTotal:         294912 kB
CmaFree:               0 kB
MemTotal:       12113132 kB
MemFree:         6644484 kB
MemAvailable:    8053788 kB
Buffers:            4832 kB
Cached:          1665372 kB
SwapCached:            0 kB
Active:          1465340 kB
Inactive:        1480252 kB
Active(anon):    1281968 kB
Inactive(anon):    21388 kB
Active(file):     183372 kB
Inactive(file):  1458864 kB
Unevictable:        5552 kB
Mlocked:            5552 kB
SwapTotal:       3145724 kB
SwapFree:        3145724 kB
Dirty:               260 kB
Writeback:             0 kB
AnonPages:       1280852 kB
Mapped:           853192 kB
Shmem:             23468 kB
KReclaimable:     635772 kB
Slab:             222612 kB
SReclaimable:      75336 kB
SUnreclaim:       147276 kB
KernelStack:       49328 kB
PageTables:        67260 kB
NFS_Unstable:          0 kB
Bounce:                0 kB
WritebackTmp:          0 kB
CommitLimit:     9202288 kB
Committed_AS:   75242908 kB
VmallocTotal:   263061440 kB
VmallocUsed:      106420 kB
VmallocChunk:          0 kB
Percpu:             7648 kB
CmaTotal:         294912 kB
CmaFree:               0 kB
MemTotal:       12113132 kB
MemFree:         6656852 kB
MemAvailable:    8066140 kB
Buffers:            4832 kB
Cached:          1665364 kB
SwapCached:            0 kB
Active:          1452892 kB
Inactive:        1480244 kB
Active(anon):    1269520 kB
Inactive(anon):    21396 kB
Active(file):     183372 kB
Inactive(file):  1458848 kB
Unevictable:        5552 kB
Mlocked:            5552 kB
SwapTotal:       3145724 kB
SwapFree:        3145724 kB
Dirty:               296 kB
Writeback:             0 kB
AnonPages:       1268556 kB
Mapped:           853200 kB
Shmem:             23476 kB
KReclaimable:     635772 kB
Slab:             222624 kB
SReclaimable:      75336 kB
SUnreclaim:       147288 kB
KernelStack:       49344 kB
PageTables:        67272 kB
NFS_Unstable:          0 kB
Bounce:                0 kB
WritebackTmp:          0 kB
CommitLimit:     9202288 kB
Committed_AS:   75242732 kB
VmallocTotal:   263061440 kB
VmallocUsed:      106404 kB
VmallocChunk:          0 kB
Percpu:             7648 kB
CmaTotal:         294912 kB
CmaFree:               0 kB
MemTotal:       12113132 kB
MemFree:         6655416 kB
MemAvailable:    8064764 kB
Buffers:            4832 kB
Cached:          1665424 kB
SwapCached:            0 kB
Active:          1453560 kB
Inactive:        1480300 kB
Active(anon):    1270184 kB
Inactive(anon):    21396 kB
Active(file):     183376 kB
Inactive(file):  1458904 kB
Unevictable:        5552 kB
Mlocked:            5552 kB
SwapTotal:       3145724 kB
SwapFree:        3145724 kB
Dirty:               340 kB
Writeback:             0 kB
AnonPages:       1269144 kB
Mapped:           853200 kB
Shmem:             23476 kB
KReclaimable:     635772 kB
Slab:             222620 kB
SReclaimable:      75336 kB
SUnreclaim:       147284 kB
KernelStack:       49328 kB
PageTables:        67264 kB
NFS_Unstable:          0 kB
Bounce:                0 kB
WritebackTmp:          0 kB
CommitLimit:     9202288 kB
Committed_AS:   75241468 kB
VmallocTotal:   263061440 kB
VmallocUsed:      106436 kB
VmallocChunk:          0 kB
Percpu:             7648 kB
CmaTotal:         294912 kB
CmaFree:               0 kB
MemTotal:       12113132 kB
MemFree:         6655700 kB
MemAvailable:    8065052 kB
Buffers:            4832 kB
Cached:          1665428 kB
SwapCached:            0 kB
Active:          1454156 kB
Inactive:        1480308 kB
Active(anon):    1270784 kB
Inactive(anon):    21396 kB
Active(file):     183372 kB
Inactive(file):  1458912 kB
Unevictable:        5552 kB
Mlocked:            5552 kB
SwapTotal:       3145724 kB
SwapFree:        3145724 kB
Dirty:               360 kB
Writeback:             0 kB
AnonPages:       1269780 kB
Mapped:           853200 kB
Shmem:             23476 kB
KReclaimable:     635772 kB
Slab:             222636 kB
SReclaimable:      75336 kB
SUnreclaim:       147300 kB
KernelStack:       49328 kB
PageTables:        67276 kB
NFS_Unstable:          0 kB
Bounce:                0 kB
WritebackTmp:          0 kB
CommitLimit:     9202288 kB
Committed_AS:   75241028 kB
VmallocTotal:   263061440 kB
VmallocUsed:      106388 kB
VmallocChunk:          0 kB
Percpu:             7648 kB
CmaTotal:         294912 kB
CmaFree:               0 kB
MemTotal:       12113132 kB
MemFree:         6655104 kB
MemAvailable:    8064472 kB
Buffers:            4832 kB
Cached:          1665444 kB
SwapCached:            0 kB
Active:          1454608 kB
Inactive:        1480324 kB
Active(anon):    1271236 kB
Inactive(anon):    21396 kB
Active(file):     183372 kB
Inactive(file):  1458928 kB
Unevictable:        5552 kB
Mlocked:            5552 kB
SwapTotal:       3145724 kB
SwapFree:        3145724 kB
Dirty:               388 kB
Writeback:             0 kB
AnonPages:       1270248 kB
Mapped:           853200 kB
Shmem:             23476 kB
KReclaimable:     635772 kB
Slab:             222632 kB
SReclaimable:      75336 kB
SUnreclaim:       147296 kB
KernelStack:       49328 kB
PageTables:        67264 kB
NFS_Unstable:          0 kB
Bounce:                0 kB
WritebackTmp:          0 kB
CommitLimit:     9202288 kB
Committed_AS:   75241864 kB
VmallocTotal:   263061440 kB
VmallocUsed:      106372 kB
VmallocChunk:          0 kB
Percpu:             7648 kB
CmaTotal:         294912 kB
CmaFree:               0 kB
MemTotal:       12113132 kB
MemFree:         6618084 kB
MemAvailable:    8027460 kB
Buffers:            4832 kB
Cached:          1665452 kB
SwapCached:            0 kB
Active:          1492132 kB
Inactive:        1480308 kB
Active(anon):    1308736 kB
Inactive(anon):    21396 kB
Active(file):     183396 kB
Inactive(file):  1458912 kB
Unevictable:        5552 kB
Mlocked:            5552 kB
SwapTotal:       3145724 kB
SwapFree:        3145724 kB
Dirty:               396 kB
Writeback:             0 kB
AnonPages:       1307888 kB
Mapped:           853200 kB
Shmem:             23476 kB
KReclaimable:     635772 kB
Slab:             222632 kB
SReclaimable:      75336 kB
SUnreclaim:       147296 kB
KernelStack:       49328 kB
PageTables:        67256 kB
NFS_Unstable:          0 kB
Bounce:                0 kB
WritebackTmp:          0 kB
CommitLimit:     9202288 kB
Committed_AS:   75241572 kB
VmallocTotal:   263061440 kB
VmallocUsed:      106388 kB
VmallocChunk:          0 kB
Percpu:             7648 kB
CmaTotal:         294912 kB
CmaFree:               0 kB
MemTotal:       12113132 kB
MemFree:         6617580 kB
MemAvailable:    8026972 kB
Buffers:            4832 kB
Cached:          1665468 kB
SwapCached:            0 kB
Active:          1493184 kB
Inactive:        1480324 kB
Active(anon):    1309788 kB
Inactive(anon):    21396 kB
Active(file):     183396 kB
Inactive(file):  1458928 kB
Unevictable:        5552 kB
Mlocked:            5552 kB
SwapTotal:       3145724 kB
SwapFree:        3145724 kB
Dirty:               452 kB
Writeback:             0 kB
AnonPages:       1308868 kB
Mapped:           853256 kB
Shmem:             23476 kB
KReclaimable:     635772 kB
Slab:             222676 kB
SReclaimable:      75336 kB
SUnreclaim:       147340 kB
KernelStack:       49328 kB
PageTables:        67268 kB
NFS_Unstable:          0 kB
Bounce:                0 kB
WritebackTmp:          0 kB
CommitLimit:     9202288 kB
Committed_AS:   75241232 kB
VmallocTotal:   263061440 kB
VmallocUsed:      106404 kB
VmallocChunk:          0 kB
Percpu:             7648 kB
CmaTotal:         294912 kB
CmaFree:               0 kB
MemTotal:       12113132 kB
MemFree:         6615620 kB
MemAvailable:    8025024 kB
Buffers:            4836 kB
Cached:          1665484 kB
SwapCached:            0 kB
Active:          1493804 kB
Inactive:        1480340 kB
Active(anon):    1310404 kB
Inactive(anon):    21404 kB
Active(file):     183400 kB
Inactive(file):  1458936 kB
Unevictable:        5552 kB
Mlocked:            5552 kB
SwapTotal:       3145724 kB
SwapFree:        3145724 kB
Dirty:               488 kB
Writeback:             0 kB
AnonPages:       1309096 kB
Mapped:           853264 kB
Shmem:             23484 kB
KReclaimable:     635772 kB
Slab:             222484 kB
SReclaimable:      75336 kB
SUnreclaim:       147148 kB
KernelStack:       49328 kB
PageTables:        67260 kB
NFS_Unstable:          0 kB
Bounce:                0 kB
WritebackTmp:          0 kB
CommitLimit:     9202288 kB
Committed_AS:   75242068 kB
VmallocTotal:   263061440 kB
VmallocUsed:      106388 kB
VmallocChunk:          0 kB
Percpu:             7648 kB
CmaTotal:         294912 kB
CmaFree:               0 kB
MemTotal:       12113132 kB
MemFree:         6615252 kB
MemAvailable:    8024684 kB
Buffers:            4836 kB
Cached:          1665512 kB
SwapCached:            0 kB
Active:          1494084 kB
Inactive:        1480368 kB
Active(anon):    1310684 kB
Inactive(anon):    21404 kB
Active(file):     183400 kB
Inactive(file):  1458964 kB
Unevictable:        5552 kB
Mlocked:            5552 kB
SwapTotal:       3145724 kB
SwapFree:        3145724 kB
Dirty:               476 kB
Writeback:             0 kB
AnonPages:       1309788 kB
Mapped:           853264 kB
Shmem:             23484 kB
KReclaimable:     635772 kB
Slab:             222668 kB
SReclaimable:      75336 kB
SUnreclaim:       147332 kB
KernelStack:       49328 kB
PageTables:        67272 kB
NFS_Unstable:          0 kB
Bounce:                0 kB
WritebackTmp:          0 kB
CommitLimit:     9202288 kB
Committed_AS:   75240260 kB
VmallocTotal:   263061440 kB
VmallocUsed:      106404 kB
VmallocChunk:          0 kB
Percpu:             7648 kB
CmaTotal:         294912 kB
CmaFree:               0 kB
MemTotal:       12113132 kB
MemFree:         6613320 kB
MemAvailable:    8022768 kB
Buffers:            4836 kB
Cached:          1665528 kB
SwapCached:            0 kB
Active:          1494124 kB
Inactive:        1480384 kB
Active(anon):    1310724 kB
Inactive(anon):    21404 kB
Active(file):     183400 kB
Inactive(file):  1458980 kB
Unevictable:        5552 kB
Mlocked:            5552 kB
SwapTotal:       3145724 kB
SwapFree:        3145724 kB
Dirty:               492 kB
Writeback:             0 kB
AnonPages:       1309948 kB
Mapped:           853264 kB
Shmem:             23484 kB
KReclaimable:     635772 kB
Slab:             222640 kB
SReclaimable:      75336 kB
SUnreclaim:       147304 kB
KernelStack:       49328 kB
PageTables:        67260 kB
NFS_Unstable:          0 kB
Bounce:                0 kB
WritebackTmp:          0 kB
CommitLimit:     9202288 kB
Committed_AS:   75241016 kB
VmallocTotal:   263061440 kB
VmallocUsed:      106372 kB
VmallocChunk:          0 kB
Percpu:             7648 kB
CmaTotal:         294912 kB
CmaFree:               0 kB
MemTotal:       12113132 kB
MemFree:         6626312 kB
MemAvailable:    8035772 kB
Buffers:            4836 kB
Cached:          1665552 kB
SwapCached:            0 kB
Active:          1495488 kB
Inactive:        1480396 kB
Active(anon):    1312076 kB
Inactive(anon):    21416 kB
Active(file):     183412 kB
Inactive(file):  1458980 kB
Unevictable:        5552 kB
Mlocked:            5552 kB
SwapTotal:       3145724 kB
SwapFree:        3145724 kB
Dirty:               516 kB
Writeback:             0 kB
AnonPages:       1310884 kB
Mapped:           853276 kB
Shmem:             23496 kB
KReclaimable:     635772 kB
Slab:             222640 kB
SReclaimable:      75336 kB
SUnreclaim:       147304 kB
KernelStack:       49312 kB
PageTables:        67256 kB
NFS_Unstable:          0 kB
Bounce:                0 kB
WritebackTmp:          0 kB
CommitLimit:     9202288 kB
Committed_AS:   75240708 kB
VmallocTotal:   263061440 kB
VmallocUsed:      106388 kB
VmallocChunk:          0 kB
Percpu:             7648 kB
CmaTotal:         294912 kB
CmaFree:               0 kB
MemTotal:       12113132 kB
MemFree:         6624776 kB
MemAvailable:    8034028 kB
Buffers:            4836 kB
Cached:          1665560 kB
SwapCached:            0 kB
Active:          1496184 kB
Inactive:        1480404 kB
Active(anon):    1312772 kB
Inactive(anon):    21416 kB
Active(file):     183412 kB
Inactive(file):  1458988 kB
Unevictable:        5552 kB
Mlocked:            5552 kB
SwapTotal:       3145724 kB
SwapFree:        3145724 kB
Dirty:               524 kB
Writeback:             0 kB
AnonPages:       1311864 kB
Mapped:           853276 kB
Shmem:             23496 kB
KReclaimable:     635556 kB
Slab:             222428 kB
SReclaimable:      75120 kB
SUnreclaim:       147308 kB
KernelStack:       49296 kB
PageTables:        67260 kB
NFS_Unstable:          0 kB
Bounce:                0 kB
WritebackTmp:          0 kB
CommitLimit:     9202288 kB
Committed_AS:   75241352 kB
VmallocTotal:   263061440 kB
VmallocUsed:      106388 kB
VmallocChunk:          0 kB
Percpu:             7648 kB
CmaTotal:         294912 kB
CmaFree:               0 kB
MemTotal:       12113132 kB
MemFree:         6625464 kB
MemAvailable:    8034724 kB
Buffers:            4836 kB
Cached:          1665568 kB
SwapCached:            0 kB
Active:          1496536 kB
Inactive:        1480412 kB
Active(anon):    1313124 kB
Inactive(anon):    21416 kB
Active(file):     183412 kB
Inactive(file):  1458996 kB
Unevictable:        5552 kB
Mlocked:            5552 kB
SwapTotal:       3145724 kB
SwapFree:        3145724 kB
Dirty:               532 kB
Writeback:             0 kB
AnonPages:       1312076 kB
Mapped:           853276 kB
Shmem:             23496 kB
KReclaimable:     635556 kB
Slab:             222428 kB
SReclaimable:      75120 kB
SUnreclaim:       147308 kB
KernelStack:       49248 kB
PageTables:        67256 kB
NFS_Unstable:          0 kB
Bounce:                0 kB
WritebackTmp:          0 kB
CommitLimit:     9202288 kB
Committed_AS:   75242448 kB
VmallocTotal:   263061440 kB
VmallocUsed:      106372 kB
