MemTotal:       12113136 kB
MemFree:          810252 kB
MemAvailable:    7880484 kB
Buffers:            8516 kB
Cached:          7124724 kB
SwapCached:            0 kB
Active:          2319804 kB
Inactive:        6103536 kB
Active(anon):    1002984 kB
Inactive(anon):   340748 kB
Active(file):    1316820 kB
Inactive(file):  5762788 kB
Unevictable:        5592 kB
Mlocked:            5592 kB
SwapTotal:       3145724 kB
SwapFree:        3145724 kB
Dirty:              1112 kB
Writeback:             0 kB
AnonPages:       1295700 kB
Mapped:           688940 kB
Shmem:             49088 kB
KReclaimable:     875712 kB
Slab:             245688 kB
SReclaimable:      97964 kB
SUnreclaim:       147724 kB
KernelStack:       47280 kB
PageTables:        64456 kB
NFS_Unstable:          0 kB
Bounce:                0 kB
WritebackTmp:          0 kB
CommitLimit:     9202292 kB
Committed_AS:   67539380 kB
VmallocTotal:   263061440 kB
VmallocUsed:      104216 kB
VmallocChunk:          0 kB
Percpu:             7680 kB
CmaTotal:         294912 kB
CmaFree:               0 kB
MemTotal:       12113136 kB
MemFree:          809708 kB
MemAvailable:    7880000 kB
Buffers:            8516 kB
Cached:          7124880 kB
SwapCached:            0 kB
Active:          2320700 kB
Inactive:        6103668 kB
Active(anon):    1003856 kB
Inactive(anon):   340844 kB
Active(file):    1316844 kB
Inactive(file):  5762824 kB
Unevictable:        5592 kB
Mlocked:            5592 kB
SwapTotal:       3145724 kB
SwapFree:        3145724 kB
Dirty:              1172 kB
Writeback:             0 kB
AnonPages:       1296600 kB
Mapped:           689424 kB
Shmem:             49184 kB
KReclaimable:     875712 kB
Slab:             245688 kB
SReclaimable:      97964 kB
SUnreclaim:       147724 kB
KernelStack:       47328 kB
PageTables:        64556 kB
NFS_Unstable:          0 kB
Bounce:                0 kB
WritebackTmp:          0 kB
CommitLimit:     9202292 kB
Committed_AS:   67544808 kB
VmallocTotal:   263061440 kB
VmallocUsed:      104232 kB
VmallocChunk:          0 kB
Percpu:             7680 kB
CmaTotal:         294912 kB
CmaFree:               0 kB
MemTotal:       12113136 kB
MemFree:          809792 kB
MemAvailable:    7880100 kB
Buffers:            8516 kB
Cached:          7125152 kB
SwapCached:            0 kB
Active:          2321504 kB
Inactive:        6103940 kB
Active(anon):    1004660 kB
Inactive(anon):   341100 kB
Active(file):    1316844 kB
Inactive(file):  5762840 kB
Unevictable:        5592 kB
Mlocked:            5592 kB
SwapTotal:       3145724 kB
SwapFree:        3145724 kB
Dirty:              1208 kB
Writeback:             0 kB
AnonPages:       1297324 kB
Mapped:           689264 kB
Shmem:             49440 kB
KReclaimable:     875712 kB
Slab:             245696 kB
SReclaimable:      97964 kB
SUnreclaim:       147732 kB
KernelStack:       47264 kB
PageTables:        64324 kB
NFS_Unstable:          0 kB
Bounce:                0 kB
WritebackTmp:          0 kB
CommitLimit:     9202292 kB
Committed_AS:   67549128 kB
VmallocTotal:   263061440 kB
VmallocUsed:      104200 kB
VmallocChunk:          0 kB
Percpu:             7680 kB
CmaTotal:         294912 kB
CmaFree:               0 kB
MemTotal:       12113136 kB
MemFree:          808784 kB
MemAvailable:    7879108 kB
Buffers:            8516 kB
Cached:          7125456 kB
SwapCached:            0 kB
Active:          2322800 kB
Inactive:        6104244 kB
Active(anon):    1005956 kB
Inactive(anon):   341388 kB
Active(file):    1316844 kB
Inactive(file):  5762856 kB
Unevictable:        5592 kB
Mlocked:            5592 kB
SwapTotal:       3145724 kB
SwapFree:        3145724 kB
Dirty:              1236 kB
Writeback:             0 kB
AnonPages:       1298556 kB
Mapped:           689028 kB
Shmem:             49728 kB
KReclaimable:     875712 kB
Slab:             245696 kB
SReclaimable:      97964 kB
SUnreclaim:       147732 kB
KernelStack:       47280 kB
PageTables:        64348 kB
NFS_Unstable:          0 kB
Bounce:                0 kB
WritebackTmp:          0 kB
CommitLimit:     9202292 kB
Committed_AS:   67549856 kB
VmallocTotal:   263061440 kB
VmallocUsed:      104200 kB
VmallocChunk:          0 kB
Percpu:             7680 kB
CmaTotal:         294912 kB
CmaFree:               0 kB
MemTotal:       12113136 kB
MemFree:          808172 kB
MemAvailable:    7878524 kB
Buffers:            8516 kB
Cached:          7125660 kB
SwapCached:            0 kB
Active:          2322028 kB
Inactive:        6104448 kB
Active(anon):    1005184 kB
Inactive(anon):   341564 kB
Active(file):    1316844 kB
Inactive(file):  5762884 kB
Unevictable:        5592 kB
Mlocked:            5592 kB
SwapTotal:       3145724 kB
SwapFree:        3145724 kB
Dirty:              1272 kB
Writeback:             0 kB
AnonPages:       1297700 kB
Mapped:           689580 kB
Shmem:             49904 kB
KReclaimable:     875712 kB
Slab:             245696 kB
SReclaimable:      97964 kB
SUnreclaim:       147732 kB
KernelStack:       47264 kB
PageTables:        64328 kB
NFS_Unstable:          0 kB
Bounce:                0 kB
WritebackTmp:          0 kB
CommitLimit:     9202292 kB
Committed_AS:   67554712 kB
VmallocTotal:   263061440 kB
VmallocUsed:      104248 kB
VmallocChunk:          0 kB
Percpu:             7680 kB
CmaTotal:         294912 kB
CmaFree:               0 kB
MemTotal:       12113136 kB
MemFree:          807264 kB
MemAvailable:    7877636 kB
Buffers:            8516 kB
Cached:          7125888 kB
SwapCached:            0 kB
Active:          2323252 kB
Inactive:        6104676 kB
Active(anon):    1006408 kB
Inactive(anon):   341772 kB
Active(file):    1316844 kB
Inactive(file):  5762904 kB
Unevictable:        5592 kB
Mlocked:            5592 kB
SwapTotal:       3145724 kB
SwapFree:        3145724 kB
Dirty:              1308 kB
Writeback:             0 kB
AnonPages:       1299204 kB
Mapped:           689356 kB
Shmem:             50112 kB
KReclaimable:     875712 kB
Slab:             245696 kB
SReclaimable:      97964 kB
SUnreclaim:       147732 kB
KernelStack:       47312 kB
PageTables:        64408 kB
NFS_Unstable:          0 kB
Bounce:                0 kB
WritebackTmp:          0 kB
CommitLimit:     9202292 kB
Committed_AS:   67554416 kB
VmallocTotal:   263061440 kB
VmallocUsed:      104264 kB
VmallocChunk:          0 kB
Percpu:             7680 kB
CmaTotal:         294912 kB
CmaFree:               0 kB
MemTotal:       12113136 kB
MemFree:          805968 kB
MemAvailable:    7876352 kB
Buffers:            8516 kB
Cached:          7126188 kB
SwapCached:            0 kB
Active:          2324720 kB
Inactive:        6104976 kB
Active(anon):    1007876 kB
Inactive(anon):   342060 kB
Active(file):    1316844 kB
Inactive(file):  5762916 kB
Unevictable:        5592 kB
Mlocked:            5592 kB
SwapTotal:       3145724 kB
SwapFree:        3145724 kB
Dirty:              1336 kB
Writeback:             0 kB
AnonPages:       1300672 kB
Mapped:           689356 kB
Shmem:             50400 kB
KReclaimable:     875712 kB
Slab:             245696 kB
SReclaimable:      97964 kB
SUnreclaim:       147732 kB
KernelStack:       47264 kB
PageTables:        64328 kB
NFS_Unstable:          0 kB
Bounce:                0 kB
WritebackTmp:          0 kB
CommitLimit:     9202292 kB
Committed_AS:   67554136 kB
VmallocTotal:   263061440 kB
VmallocUsed:      104280 kB
VmallocChunk:          0 kB
Percpu:             7680 kB
CmaTotal:         294912 kB
CmaFree:               0 kB
MemTotal:       12113136 kB
MemFree:          803600 kB
MemAvailable:    7874008 kB
Buffers:            8516 kB
Cached:          7126436 kB
SwapCached:            0 kB
Active:          2325836 kB
Inactive:        6105224 kB
Active(anon):    1008992 kB
Inactive(anon):   342284 kB
Active(file):    1316844 kB
Inactive(file):  5762940 kB
Unevictable:        5592 kB
Mlocked:            5592 kB
SwapTotal:       3145724 kB
SwapFree:        3145724 kB
Dirty:               232 kB
Writeback:             0 kB
AnonPages:       1301644 kB
Mapped:           689384 kB
Shmem:             50624 kB
KReclaimable:     875712 kB
Slab:             245760 kB
SReclaimable:      97964 kB
SUnreclaim:       147796 kB
KernelStack:       47296 kB
PageTables:        64432 kB
NFS_Unstable:          0 kB
Bounce:                0 kB
WritebackTmp:          0 kB
CommitLimit:     9202292 kB
Committed_AS:   67546344 kB
VmallocTotal:   263061440 kB
VmallocUsed:      104280 kB
VmallocChunk:          0 kB
Percpu:             7680 kB
CmaTotal:         294912 kB
CmaFree:               0 kB
MemTotal:       12113136 kB
MemFree:          800832 kB
MemAvailable:    7871264 kB
Buffers:            8516 kB
Cached:          7126748 kB
SwapCached:            0 kB
Active:          2327096 kB
Inactive:        6105536 kB
Active(anon):    1010252 kB
Inactive(anon):   342572 kB
Active(file):    1316844 kB
Inactive(file):  5762964 kB
Unevictable:        5592 kB
Mlocked:            5592 kB
SwapTotal:       3145724 kB
SwapFree:        3145724 kB
Dirty:               332 kB
Writeback:             0 kB
AnonPages:       1303060 kB
Mapped:           689416 kB
Shmem:             50912 kB
KReclaimable:     875712 kB
Slab:             245760 kB
SReclaimable:      97964 kB
SUnreclaim:       147796 kB
KernelStack:       47264 kB
PageTables:        64324 kB
NFS_Unstable:          0 kB
Bounce:                0 kB
WritebackTmp:          0 kB
CommitLimit:     9202292 kB
Committed_AS:   67551200 kB
VmallocTotal:   263061440 kB
VmallocUsed:      104264 kB
VmallocChunk:          0 kB
Percpu:             7680 kB
CmaTotal:         294912 kB
CmaFree:               0 kB
MemTotal:       12113136 kB
MemFree:          799068 kB
MemAvailable:    7869516 kB
Buffers:            8516 kB
Cached:          7127116 kB
SwapCached:            0 kB
Active:          2329080 kB
Inactive:        6105904 kB
Active(anon):    1012236 kB
Inactive(anon):   342924 kB
Active(file):    1316844 kB
Inactive(file):  5762980 kB
Unevictable:        5592 kB
Mlocked:            5592 kB
SwapTotal:       3145724 kB
SwapFree:        3145724 kB
Dirty:               416 kB
Writeback:             0 kB
AnonPages:       1304660 kB
Mapped:           689448 kB
Shmem:             51264 kB
KReclaimable:     875712 kB
Slab:             245760 kB
SReclaimable:      97964 kB
SUnreclaim:       147796 kB
KernelStack:       47296 kB
PageTables:        64348 kB
NFS_Unstable:          0 kB
Bounce:                0 kB
WritebackTmp:          0 kB
CommitLimit:     9202292 kB
Committed_AS:   67555380 kB
VmallocTotal:   263061440 kB
VmallocUsed:      104264 kB
VmallocChunk:          0 kB
Percpu:             7680 kB
CmaTotal:         294912 kB
CmaFree:               0 kB
MemTotal:       12113136 kB
MemFree:          797556 kB
MemAvailable:    7868032 kB
Buffers:            8516 kB
Cached:          7127272 kB
SwapCached:            0 kB
Active:          2330044 kB
Inactive:        6106060 kB
Active(anon):    1013200 kB
Inactive(anon):   343052 kB
Active(file):    1316844 kB
Inactive(file):  5763008 kB
Unevictable:        5592 kB
Mlocked:            5592 kB
SwapTotal:       3145724 kB
SwapFree:        3145724 kB
Dirty:               448 kB
Writeback:             0 kB
AnonPages:       1306072 kB
Mapped:           689472 kB
Shmem:             51392 kB
KReclaimable:     875712 kB
Slab:             245728 kB
SReclaimable:      97964 kB
SUnreclaim:       147764 kB
KernelStack:       47264 kB
PageTables:        64328 kB
NFS_Unstable:          0 kB
Bounce:                0 kB
WritebackTmp:          0 kB
CommitLimit:     9202292 kB
Committed_AS:   67550980 kB
VmallocTotal:   263061440 kB
VmallocUsed:      104296 kB
VmallocChunk:          0 kB
Percpu:             7680 kB
CmaTotal:         294912 kB
CmaFree:               0 kB
MemTotal:       12113136 kB
MemFree:          797928 kB
MemAvailable:    7868420 kB
Buffers:            8516 kB
Cached:          7127544 kB
SwapCached:            0 kB
Active:          2328536 kB
Inactive:        6106332 kB
Active(anon):    1011692 kB
Inactive(anon):   343308 kB
Active(file):    1316844 kB
Inactive(file):  5763024 kB
Unevictable:        5592 kB
Mlocked:            5592 kB
SwapTotal:       3145724 kB
SwapFree:        3145724 kB
Dirty:               500 kB
Writeback:             0 kB
AnonPages:       1304568 kB
Mapped:           687276 kB
Shmem:             51648 kB
KReclaimable:     875712 kB
Slab:             245724 kB
SReclaimable:      97964 kB
SUnreclaim:       147760 kB
KernelStack:       47312 kB
PageTables:        64396 kB
NFS_Unstable:          0 kB
Bounce:                0 kB
WritebackTmp:          0 kB
CommitLimit:     9202292 kB
Committed_AS:   67551072 kB
VmallocTotal:   263061440 kB
VmallocUsed:      104296 kB
VmallocChunk:          0 kB
Percpu:             7680 kB
CmaTotal:         294912 kB
CmaFree:               0 kB
MemTotal:       12113136 kB
MemFree:          797080 kB
MemAvailable:    7867596 kB
Buffers:            8516 kB
Cached:          7127824 kB
SwapCached:            0 kB
Active:          2329908 kB
Inactive:        6106612 kB
Active(anon):    1013064 kB
Inactive(anon):   343564 kB
Active(file):    1316844 kB
Inactive(file):  5763048 kB
Unevictable:        5592 kB
Mlocked:            5592 kB
SwapTotal:       3145724 kB
SwapFree:        3145724 kB
Dirty:               536 kB
Writeback:             0 kB
AnonPages:       1305852 kB
Mapped:           689336 kB
Shmem:             51904 kB
KReclaimable:     875712 kB
Slab:             245724 kB
SReclaimable:      97964 kB
SUnreclaim:       147760 kB
KernelStack:       47248 kB
PageTables:        64300 kB
NFS_Unstable:          0 kB
Bounce:                0 kB
WritebackTmp:          0 kB
CommitLimit:     9202292 kB
Committed_AS:   67552016 kB
VmallocTotal:   263061440 kB
VmallocUsed:      104296 kB
VmallocChunk:          0 kB
Percpu:             7680 kB
CmaTotal:         294912 kB
CmaFree:               0 kB
MemTotal:       12113136 kB
MemFree:          796468 kB
MemAvailable:    7867004 kB
Buffers:            8516 kB
Cached:          7128100 kB
SwapCached:            0 kB
Active:          2331064 kB
Inactive:        6106888 kB
Active(anon):    1014220 kB
Inactive(anon):   343820 kB
Active(file):    1316844 kB
Inactive(file):  5763068 kB
Unevictable:        5592 kB
Mlocked:            5592 kB
SwapTotal:       3145724 kB
SwapFree:        3145724 kB
Dirty:               584 kB
Writeback:             0 kB
AnonPages:       1307044 kB
Mapped:           689488 kB
Shmem:             52160 kB
KReclaimable:     875712 kB
Slab:             245740 kB
SReclaimable:      97964 kB
SUnreclaim:       147776 kB
KernelStack:       47312 kB
PageTables:        64428 kB
NFS_Unstable:          0 kB
Bounce:                0 kB
WritebackTmp:          0 kB
CommitLimit:     9202292 kB
Committed_AS:   67552420 kB
VmallocTotal:   263061440 kB
VmallocUsed:      104280 kB
VmallocChunk:          0 kB
Percpu:             7680 kB
CmaTotal:         294912 kB
CmaFree:               0 kB
MemTotal:       12113136 kB
MemFree:          794264 kB
MemAvailable:    7864824 kB
Buffers:            8516 kB
Cached:          7128380 kB
SwapCached:            0 kB
Active:          2332148 kB
Inactive:        6107168 kB
Active(anon):    1015304 kB
Inactive(anon):   344076 kB
Active(file):    1316844 kB
Inactive(file):  5763092 kB
Unevictable:        5592 kB
Mlocked:            5592 kB
SwapTotal:       3145724 kB
SwapFree:        3145724 kB
Dirty:               640 kB
Writeback:             0 kB
AnonPages:       1308100 kB
Mapped:           689336 kB
Shmem:             52416 kB
KReclaimable:     875712 kB
Slab:             245740 kB
SReclaimable:      97964 kB
SUnreclaim:       147776 kB
KernelStack:       47264 kB
PageTables:        64328 kB
NFS_Unstable:          0 kB
Bounce:                0 kB
WritebackTmp:          0 kB
CommitLimit:     9202292 kB
Committed_AS:   67552176 kB
VmallocTotal:   263061440 kB
VmallocUsed:      104280 kB
VmallocChunk:          0 kB
Percpu:             7680 kB
CmaTotal:         294912 kB
CmaFree:               0 kB
MemTotal:       12113136 kB
MemFree:          791896 kB
MemAvailable:    7862488 kB
Buffers:            8520 kB
Cached:          7128664 kB
SwapCached:            0 kB
Active:          2333548 kB
Inactive:        6107452 kB
Active(anon):    1016700 kB
Inactive(anon):   344332 kB
Active(file):    1316848 kB
Inactive(file):  5763120 kB
Unevictable:        5592 kB
Mlocked:            5592 kB
SwapTotal:       3145724 kB
SwapFree:        3145724 kB
Dirty:               648 kB
Writeback:             0 kB
AnonPages:       1309628 kB
Mapped:           689532 kB
Shmem:             52672 kB
KReclaimable:     875712 kB
Slab:             245756 kB
SReclaimable:      97964 kB
SUnreclaim:       147792 kB
KernelStack:       47328 kB
PageTables:        64428 kB
NFS_Unstable:          0 kB
Bounce:                0 kB
WritebackTmp:          0 kB
CommitLimit:     9202292 kB
Committed_AS:   67553484 kB
VmallocTotal:   263061440 kB
VmallocUsed:      104248 kB
VmallocChunk:          0 kB
Percpu:             7680 kB
CmaTotal:         294912 kB
CmaFree:               0 kB
MemTotal:       12113136 kB
MemFree:          790976 kB
MemAvailable:    7861596 kB
Buffers:            8520 kB
Cached:          7128948 kB
SwapCached:            0 kB
Active:          2334688 kB
Inactive:        6107736 kB
Active(anon):    1017840 kB
Inactive(anon):   344588 kB
Active(file):    1316848 kB
Inactive(file):  5763148 kB
Unevictable:        5592 kB
Mlocked:            5592 kB
SwapTotal:       3145724 kB
SwapFree:        3145724 kB
Dirty:               696 kB
Writeback:             0 kB
AnonPages:       1310544 kB
Mapped:           689580 kB
Shmem:             52928 kB
KReclaimable:     875712 kB
Slab:             245756 kB
SReclaimable:      97964 kB
SUnreclaim:       147792 kB
KernelStack:       47264 kB
PageTables:        64320 kB
NFS_Unstable:          0 kB
Bounce:                0 kB
WritebackTmp:          0 kB
CommitLimit:     9202292 kB
Committed_AS:   67549316 kB
VmallocTotal:   263061440 kB
VmallocUsed:      104296 kB
VmallocChunk:          0 kB
Percpu:             7680 kB
CmaTotal:         294912 kB
CmaFree:               0 kB
MemTotal:       12113136 kB
MemFree:          789676 kB
MemAvailable:    7860300 kB
Buffers:            8520 kB
Cached:          7129224 kB
SwapCached:            0 kB
Active:          2336212 kB
Inactive:        6108012 kB
Active(anon):    1019364 kB
Inactive(anon):   344844 kB
Active(file):    1316848 kB
Inactive(file):  5763168 kB
Unevictable:        5592 kB
Mlocked:            5592 kB
SwapTotal:       3145724 kB
SwapFree:        3145724 kB
Dirty:               252 kB
Writeback:             0 kB
AnonPages:       1312196 kB
Mapped:           689684 kB
Shmem:             53184 kB
KReclaimable:     875696 kB
Slab:             245740 kB
SReclaimable:      97948 kB
SUnreclaim:       147792 kB
KernelStack:       47312 kB
PageTables:        64356 kB
NFS_Unstable:          0 kB
Bounce:                0 kB
WritebackTmp:          0 kB
CommitLimit:     9202292 kB
Committed_AS:   67553712 kB
VmallocTotal:   263061440 kB
VmallocUsed:      104296 kB
VmallocChunk:          0 kB
Percpu:             7680 kB
CmaTotal:         294912 kB
CmaFree:               0 kB
MemTotal:       12113136 kB
MemFree:          788236 kB
MemAvailable:    7858876 kB
Buffers:            8520 kB
Cached:          7129496 kB
SwapCached:            0 kB
Active:          2337792 kB
Inactive:        6108284 kB
Active(anon):    1020944 kB
Inactive(anon):   345100 kB
Active(file):    1316848 kB
Inactive(file):  5763184 kB
Unevictable:        5592 kB
Mlocked:            5592 kB
SwapTotal:       3145724 kB
SwapFree:        3145724 kB
Dirty:               316 kB
Writeback:             0 kB
AnonPages:       1313420 kB
Mapped:           689640 kB
Shmem:             53440 kB
KReclaimable:     875696 kB
Slab:             245732 kB
SReclaimable:      97948 kB
SUnreclaim:       147784 kB
KernelStack:       47280 kB
PageTables:        64324 kB
NFS_Unstable:          0 kB
Bounce:                0 kB
WritebackTmp:          0 kB
CommitLimit:     9202292 kB
Committed_AS:   67546272 kB
VmallocTotal:   263061440 kB
VmallocUsed:      104296 kB
VmallocChunk:          0 kB
Percpu:             7680 kB
CmaTotal:         294912 kB
CmaFree:               0 kB
MemTotal:       12113136 kB
MemFree:          787144 kB
MemAvailable:    7857808 kB
Buffers:            8520 kB
Cached:          7129776 kB
SwapCached:            0 kB
Active:          2337540 kB
Inactive:        6108564 kB
Active(anon):    1020692 kB
Inactive(anon):   345356 kB
Active(file):    1316848 kB
Inactive(file):  5763208 kB
Unevictable:        5592 kB
Mlocked:            5592 kB
SwapTotal:       3145724 kB
SwapFree:        3145724 kB
Dirty:               364 kB
Writeback:             0 kB
AnonPages:       1313320 kB
Mapped:           689496 kB
Shmem:             53696 kB
KReclaimable:     875696 kB
Slab:             245764 kB
SReclaimable:      97948 kB
SUnreclaim:       147816 kB
KernelStack:       47312 kB
PageTables:        64360 kB
NFS_Unstable:          0 kB
Bounce:                0 kB
WritebackTmp:          0 kB
CommitLimit:     9202292 kB
Committed_AS:   67554176 kB
VmallocTotal:   263061440 kB
VmallocUsed:      104280 kB
VmallocChunk:          0 kB
Percpu:             7680 kB
CmaTotal:         294912 kB
CmaFree:               0 kB
MemTotal:       12113136 kB
MemFree:          787140 kB
MemAvailable:    7857828 kB
Buffers:            8520 kB
Cached:          7130056 kB
SwapCached:            0 kB
Active:          2337396 kB
Inactive:        6108844 kB
Active(anon):    1020548 kB
Inactive(anon):   345612 kB
Active(file):    1316848 kB
Inactive(file):  5763232 kB
Unevictable:        5592 kB
Mlocked:            5592 kB
SwapTotal:       3145724 kB
SwapFree:        3145724 kB
Dirty:               420 kB
Writeback:             0 kB
AnonPages:       1313348 kB
Mapped:           689772 kB
Shmem:             53952 kB
KReclaimable:     875696 kB
Slab:             245788 kB
SReclaimable:      97948 kB
SUnreclaim:       147840 kB
KernelStack:       47280 kB
PageTables:        64332 kB
NFS_Unstable:          0 kB
Bounce:                0 kB
WritebackTmp:          0 kB
CommitLimit:     9202292 kB
Committed_AS:   67549044 kB
VmallocTotal:   263061440 kB
VmallocUsed:      104248 kB
VmallocChunk:          0 kB
Percpu:             7680 kB
CmaTotal:         294912 kB
CmaFree:               0 kB
MemTotal:       12113136 kB
MemFree:          786004 kB
MemAvailable:    7856712 kB
Buffers:            8520 kB
Cached:          7130332 kB
SwapCached:            0 kB
Active:          2339012 kB
Inactive:        6109120 kB
Active(anon):    1022164 kB
Inactive(anon):   345868 kB
Active(file):    1316848 kB
Inactive(file):  5763252 kB
Unevictable:        5592 kB
Mlocked:            5592 kB
SwapTotal:       3145724 kB
SwapFree:        3145724 kB
Dirty:               460 kB
Writeback:             0 kB
AnonPages:       1314996 kB
Mapped:           689604 kB
Shmem:             54208 kB
KReclaimable:     875696 kB
Slab:             245820 kB
SReclaimable:      97948 kB
SUnreclaim:       147872 kB
KernelStack:       47328 kB
PageTables:        64412 kB
NFS_Unstable:          0 kB
Bounce:                0 kB
WritebackTmp:          0 kB
CommitLimit:     9202292 kB
Committed_AS:   67544364 kB
VmallocTotal:   263061440 kB
VmallocUsed:      104232 kB
VmallocChunk:          0 kB
Percpu:             7680 kB
CmaTotal:         294912 kB
CmaFree:               0 kB
MemTotal:       12113136 kB
MemFree:          783412 kB
MemAvailable:    7854140 kB
Buffers:            8520 kB
Cached:          7130608 kB
SwapCached:            0 kB
Active:          2340244 kB
Inactive:        6109396 kB
Active(anon):    1023396 kB
Inactive(anon):   346124 kB
Active(file):    1316848 kB
Inactive(file):  5763272 kB
Unevictable:        5592 kB
Mlocked:            5592 kB
SwapTotal:       3145724 kB
SwapFree:        3145724 kB
Dirty:               200 kB
Writeback:             0 kB
AnonPages:       1316212 kB
Mapped:           689572 kB
Shmem:             54464 kB
KReclaimable:     875696 kB
Slab:             245764 kB
SReclaimable:      97948 kB
SUnreclaim:       147816 kB
KernelStack:       47296 kB
PageTables:        64428 kB
NFS_Unstable:          0 kB
Bounce:                0 kB
WritebackTmp:          0 kB
CommitLimit:     9202292 kB
Committed_AS:   67549856 kB
VmallocTotal:   263061440 kB
VmallocUsed:      104232 kB
VmallocChunk:          0 kB
Percpu:             7680 kB
CmaTotal:         294912 kB
CmaFree:               0 kB
MemTotal:       12113136 kB
MemFree:          782928 kB
MemAvailable:    7853676 kB
Buffers:            8520 kB
Cached:          7130884 kB
SwapCached:            0 kB
Active:          2341556 kB
Inactive:        6109672 kB
Active(anon):    1024708 kB
Inactive(anon):   346380 kB
Active(file):    1316848 kB
Inactive(file):  5763292 kB
Unevictable:        5592 kB
Mlocked:            5592 kB
SwapTotal:       3145724 kB
SwapFree:        3145724 kB
Dirty:               320 kB
Writeback:             0 kB
AnonPages:       1317212 kB
Mapped:           689676 kB
Shmem:             54720 kB
KReclaimable:     875696 kB
Slab:             245780 kB
SReclaimable:      97948 kB
SUnreclaim:       147832 kB
KernelStack:       47328 kB
PageTables:        64440 kB
NFS_Unstable:          0 kB
Bounce:                0 kB
WritebackTmp:          0 kB
CommitLimit:     9202292 kB
Committed_AS:   67551488 kB
VmallocTotal:   263061440 kB
VmallocUsed:      104232 kB
VmallocChunk:          0 kB
Percpu:             7680 kB
CmaTotal:         294912 kB
CmaFree:               0 kB
MemTotal:       12113136 kB
MemFree:          780744 kB
MemAvailable:    7851520 kB
Buffers:            8520 kB
Cached:          7131168 kB
SwapCached:            0 kB
Active:          2343176 kB
Inactive:        6109956 kB
Active(anon):    1026328 kB
Inactive(anon):   346636 kB
Active(file):    1316848 kB
Inactive(file):  5763320 kB
Unevictable:        5592 kB
Mlocked:            5592 kB
SwapTotal:       3145724 kB
SwapFree:        3145724 kB
Dirty:               392 kB
Writeback:             0 kB
AnonPages:       1319256 kB
Mapped:           689636 kB
Shmem:             54976 kB
KReclaimable:     875696 kB
Slab:             245788 kB
SReclaimable:      97948 kB
SUnreclaim:       147840 kB
KernelStack:       47280 kB
PageTables:        64336 kB
NFS_Unstable:          0 kB
Bounce:                0 kB
WritebackTmp:          0 kB
CommitLimit:     9202292 kB
Committed_AS:   67559440 kB
VmallocTotal:   263061440 kB
VmallocUsed:      104280 kB
VmallocChunk:          0 kB
Percpu:             7680 kB
CmaTotal:         294912 kB
CmaFree:               0 kB
MemTotal:       12113136 kB
MemFree:          779628 kB
MemAvailable:    7850424 kB
Buffers:            8520 kB
Cached:          7131444 kB
SwapCached:            0 kB
Active:          2344356 kB
Inactive:        6110232 kB
Active(anon):    1027508 kB
Inactive(anon):   346892 kB
Active(file):    1316848 kB
Inactive(file):  5763340 kB
Unevictable:        5592 kB
Mlocked:            5592 kB
SwapTotal:       3145724 kB
SwapFree:        3145724 kB
Dirty:               436 kB
Writeback:             0 kB
AnonPages:       1320320 kB
Mapped:           689824 kB
Shmem:             55232 kB
KReclaimable:     875696 kB
Slab:             245804 kB
SReclaimable:      97948 kB
SUnreclaim:       147856 kB
KernelStack:       47328 kB
PageTables:        64412 kB
NFS_Unstable:          0 kB
Bounce:                0 kB
WritebackTmp:          0 kB
CommitLimit:     9202292 kB
Committed_AS:   67559656 kB
VmallocTotal:   263061440 kB
VmallocUsed:      104312 kB
VmallocChunk:          0 kB
Percpu:             7680 kB
CmaTotal:         294912 kB
CmaFree:               0 kB
MemTotal:       12113136 kB
MemFree:          779744 kB
MemAvailable:    7850560 kB
Buffers:            8520 kB
Cached:          7131592 kB
SwapCached:            0 kB
Active:          2341348 kB
Inactive:        6110380 kB
Active(anon):    1024500 kB
Inactive(anon):   347020 kB
Active(file):    1316848 kB
Inactive(file):  5763360 kB
Unevictable:        5592 kB
Mlocked:            5592 kB
SwapTotal:       3145724 kB
SwapFree:        3145724 kB
Dirty:               464 kB
Writeback:             0 kB
AnonPages:       1317464 kB
Mapped:           689996 kB
Shmem:             55360 kB
KReclaimable:     875696 kB
Slab:             245800 kB
SReclaimable:      97948 kB
SUnreclaim:       147852 kB
KernelStack:       47280 kB
PageTables:        64260 kB
NFS_Unstable:          0 kB
Bounce:                0 kB
WritebackTmp:          0 kB
CommitLimit:     9202292 kB
Committed_AS:   67552032 kB
VmallocTotal:   263061440 kB
VmallocUsed:      104296 kB
VmallocChunk:          0 kB
Percpu:             7680 kB
CmaTotal:         294912 kB
CmaFree:              32 kB
MemTotal:       12113136 kB
MemFree:          779388 kB
MemAvailable:    7850224 kB
Buffers:            8520 kB
Cached:          7131996 kB
SwapCached:            0 kB
Active:          2342288 kB
Inactive:        6110784 kB
Active(anon):    1025440 kB
Inactive(anon):   347404 kB
Active(file):    1316848 kB
Inactive(file):  5763380 kB
Unevictable:        5592 kB
Mlocked:            5592 kB
SwapTotal:       3145724 kB
SwapFree:        3145724 kB
Dirty:               264 kB
Writeback:             0 kB
AnonPages:       1318176 kB
Mapped:           689940 kB
Shmem:             55744 kB
KReclaimable:     875696 kB
Slab:             245840 kB
SReclaimable:      97948 kB
SUnreclaim:       147892 kB
KernelStack:       47312 kB
PageTables:        64360 kB
NFS_Unstable:          0 kB
Bounce:                0 kB
WritebackTmp:          0 kB
CommitLimit:     9202292 kB
Committed_AS:   67553052 kB
VmallocTotal:   263061440 kB
VmallocUsed:      104312 kB
VmallocChunk:          0 kB
Percpu:             7680 kB
CmaTotal:         294912 kB
CmaFree:               0 kB
MemTotal:       12113136 kB
MemFree:          777720 kB
MemAvailable:    7848584 kB
Buffers:            8520 kB
Cached:          7132280 kB
SwapCached:            0 kB
Active:          2343732 kB
Inactive:        6111068 kB
Active(anon):    1026884 kB
Inactive(anon):   347660 kB
Active(file):    1316848 kB
Inactive(file):  5763408 kB
Unevictable:        5592 kB
Mlocked:            5592 kB
SwapTotal:       3145724 kB
SwapFree:        3145724 kB
Dirty:               312 kB
Writeback:             0 kB
AnonPages:       1319760 kB
Mapped:           689680 kB
Shmem:             56000 kB
KReclaimable:     875696 kB
Slab:             245848 kB
SReclaimable:      97948 kB
SUnreclaim:       147900 kB
KernelStack:       47248 kB
PageTables:        64464 kB
NFS_Unstable:          0 kB
Bounce:                0 kB
WritebackTmp:          0 kB
CommitLimit:     9202292 kB
Committed_AS:   67550748 kB
VmallocTotal:   263061440 kB
VmallocUsed:      104264 kB
VmallocChunk:          0 kB
Percpu:             7680 kB
CmaTotal:         294912 kB
CmaFree:               0 kB
MemTotal:       12113136 kB
MemFree:          779432 kB
MemAvailable:    7850312 kB
Buffers:            8524 kB
Cached:          7132552 kB
SwapCached:            0 kB
Active:          2341496 kB
Inactive:        6111336 kB
Active(anon):    1024644 kB
Inactive(anon):   347916 kB
Active(file):    1316852 kB
Inactive(file):  5763420 kB
Unevictable:        5592 kB
Mlocked:            5592 kB
SwapTotal:       3145724 kB
SwapFree:        3145724 kB
Dirty:               364 kB
Writeback:             0 kB
AnonPages:       1317364 kB
Mapped:           689688 kB
Shmem:             56256 kB
KReclaimable:     875696 kB
Slab:             245864 kB
SReclaimable:      97948 kB
SUnreclaim:       147916 kB
KernelStack:       47216 kB
PageTables:        64332 kB
NFS_Unstable:          0 kB
Bounce:                0 kB
WritebackTmp:          0 kB
CommitLimit:     9202292 kB
Committed_AS:   67551488 kB
VmallocTotal:   263061440 kB
VmallocUsed:      104248 kB
VmallocChunk:          0 kB
Percpu:             7680 kB
CmaTotal:         294912 kB
CmaFree:               4 kB
MemTotal:       12113136 kB
MemFree:          804776 kB
MemAvailable:    7875696 kB
Buffers:            8524 kB
Cached:          7124012 kB
SwapCached:            0 kB
Active:          2324876 kB
Inactive:        6102800 kB
Active(anon):    1008024 kB
Inactive(anon):   339340 kB
Active(file):    1316852 kB
Inactive(file):  5763460 kB
Unevictable:        5592 kB
Mlocked:            5592 kB
SwapTotal:       3145724 kB
SwapFree:        3145724 kB
Dirty:               400 kB
Writeback:             0 kB
AnonPages:       1300632 kB
Mapped:           689952 kB
Shmem:             47680 kB
KReclaimable:     875696 kB
Slab:             245616 kB
SReclaimable:      97948 kB
SUnreclaim:       147668 kB
KernelStack:       47216 kB
PageTables:        64332 kB
NFS_Unstable:          0 kB
Bounce:                0 kB
WritebackTmp:          0 kB
CommitLimit:     9202292 kB
Committed_AS:   67539972 kB
VmallocTotal:   263061440 kB
VmallocUsed:      104232 kB
VmallocChunk:          0 kB
Percpu:             7680 kB
CmaTotal:         294912 kB
CmaFree:               0 kB
MemTotal:       12113136 kB
MemFree:          803996 kB
MemAvailable:    7874944 kB
Buffers:            8524 kB
Cached:          7124296 kB
SwapCached:            0 kB
Active:          2325824 kB
Inactive:        6103084 kB
Active(anon):    1008972 kB
Inactive(anon):   339596 kB
Active(file):    1316852 kB
Inactive(file):  5763488 kB
Unevictable:        5592 kB
Mlocked:            5592 kB
SwapTotal:       3145724 kB
SwapFree:        3145724 kB
Dirty:               448 kB
Writeback:             0 kB
AnonPages:       1301784 kB
Mapped:           689948 kB
Shmem:             47936 kB
KReclaimable:     875696 kB
Slab:             245600 kB
SReclaimable:      97948 kB
SUnreclaim:       147652 kB
KernelStack:       47264 kB
PageTables:        64428 kB
NFS_Unstable:          0 kB
Bounce:                0 kB
WritebackTmp:          0 kB
CommitLimit:     9202292 kB
Committed_AS:   67542744 kB
VmallocTotal:   263061440 kB
VmallocUsed:      104200 kB
VmallocChunk:          0 kB
Percpu:             7680 kB
CmaTotal:         294912 kB
CmaFree:               0 kB
MemTotal:       12113136 kB
MemFree:          803288 kB
MemAvailable:    7874240 kB
Buffers:            8524 kB
Cached:          7124572 kB
SwapCached:            0 kB
Active:          2327320 kB
Inactive:        6103360 kB
Active(anon):    1010468 kB
Inactive(anon):   339852 kB
Active(file):    1316852 kB
Inactive(file):  5763508 kB
Unevictable:        5592 kB
Mlocked:            5592 kB
SwapTotal:       3145724 kB
SwapFree:        3145724 kB
Dirty:               236 kB
Writeback:             0 kB
AnonPages:       1303328 kB
Mapped:           689956 kB
Shmem:             48192 kB
KReclaimable:     875680 kB
Slab:             245584 kB
SReclaimable:      97932 kB
SUnreclaim:       147652 kB
KernelStack:       47216 kB
PageTables:        64332 kB
NFS_Unstable:          0 kB
Bounce:                0 kB
WritebackTmp:          0 kB
CommitLimit:     9202292 kB
Committed_AS:   67543332 kB
VmallocTotal:   263061440 kB
VmallocUsed:      104200 kB
VmallocChunk:          0 kB
Percpu:             7680 kB
CmaTotal:         294912 kB
CmaFree:               0 kB
MemTotal:       12113136 kB
MemFree:          801764 kB
MemAvailable:    7872736 kB
Buffers:            8524 kB
Cached:          7124848 kB
SwapCached:            0 kB
Active:          2328200 kB
Inactive:        6103636 kB
Active(anon):    1011348 kB
Inactive(anon):   340108 kB
Active(file):    1316852 kB
Inactive(file):  5763528 kB
Unevictable:        5592 kB
Mlocked:            5592 kB
SwapTotal:       3145724 kB
SwapFree:        3145724 kB
Dirty:               300 kB
Writeback:             0 kB
AnonPages:       1304080 kB
Mapped:           689872 kB
Shmem:             48448 kB
KReclaimable:     875680 kB
Slab:             245584 kB
SReclaimable:      97932 kB
SUnreclaim:       147652 kB
KernelStack:       47232 kB
PageTables:        64424 kB
NFS_Unstable:          0 kB
Bounce:                0 kB
WritebackTmp:          0 kB
CommitLimit:     9202292 kB
Committed_AS:   67543200 kB
VmallocTotal:   263061440 kB
VmallocUsed:      104168 kB
VmallocChunk:          0 kB
Percpu:             7680 kB
CmaTotal:         294912 kB
CmaFree:               0 kB
MemTotal:       12113136 kB
MemFree:          800632 kB
MemAvailable:    7871624 kB
Buffers:            8524 kB
Cached:          7125124 kB
SwapCached:            0 kB
Active:          2329292 kB
Inactive:        6103912 kB
Active(anon):    1012440 kB
Inactive(anon):   340364 kB
Active(file):    1316852 kB
Inactive(file):  5763548 kB
Unevictable:        5592 kB
Mlocked:            5592 kB
SwapTotal:       3145724 kB
SwapFree:        3145724 kB
Dirty:               344 kB
Writeback:             0 kB
AnonPages:       1305344 kB
Mapped:           689964 kB
Shmem:             48704 kB
KReclaimable:     875680 kB
Slab:             245584 kB
SReclaimable:      97932 kB
SUnreclaim:       147652 kB
KernelStack:       47200 kB
PageTables:        64336 kB
NFS_Unstable:          0 kB
Bounce:                0 kB
WritebackTmp:          0 kB
CommitLimit:     9202292 kB
Committed_AS:   67549120 kB
VmallocTotal:   263061440 kB
VmallocUsed:      104200 kB
VmallocChunk:          0 kB
Percpu:             7680 kB
CmaTotal:         294912 kB
CmaFree:               0 kB
MemTotal:       12113136 kB
MemFree:          799556 kB
MemAvailable:    7870572 kB
Buffers:            8524 kB
Cached:          7125404 kB
SwapCached:            0 kB
Active:          2330472 kB
Inactive:        6104192 kB
Active(anon):    1013620 kB
Inactive(anon):   340620 kB
Active(file):    1316852 kB
Inactive(file):  5763572 kB
Unevictable:        5592 kB
Mlocked:            5592 kB
SwapTotal:       3145724 kB
SwapFree:        3145724 kB
Dirty:               428 kB
Writeback:             0 kB
AnonPages:       1306364 kB
Mapped:           689968 kB
Shmem:             48960 kB
KReclaimable:     875680 kB
Slab:             245584 kB
SReclaimable:      97932 kB
SUnreclaim:       147652 kB
KernelStack:       47264 kB
PageTables:        64456 kB
NFS_Unstable:          0 kB
Bounce:                0 kB
WritebackTmp:          0 kB
CommitLimit:     9202292 kB
Committed_AS:   67539552 kB
VmallocTotal:   263061440 kB
VmallocUsed:      104152 kB
VmallocChunk:          0 kB
Percpu:             7680 kB
CmaTotal:         294912 kB
CmaFree:               0 kB
MemTotal:       12113136 kB
MemFree:          797576 kB
MemAvailable:    7868608 kB
Buffers:            8524 kB
Cached:          7125676 kB
SwapCached:            0 kB
Active:          2333084 kB
Inactive:        6104464 kB
Active(anon):    1016232 kB
Inactive(anon):   340876 kB
Active(file):    1316852 kB
Inactive(file):  5763588 kB
Unevictable:        5592 kB
Mlocked:            5592 kB
SwapTotal:       3145724 kB
SwapFree:        3145724 kB
Dirty:               472 kB
Writeback:             0 kB
AnonPages:       1309060 kB
Mapped:           689968 kB
Shmem:             49216 kB
KReclaimable:     875680 kB
Slab:             245584 kB
SReclaimable:      97932 kB
SUnreclaim:       147652 kB
KernelStack:       47280 kB
PageTables:        64332 kB
NFS_Unstable:          0 kB
Bounce:                0 kB
WritebackTmp:          0 kB
CommitLimit:     9202292 kB
Committed_AS:   67544880 kB
VmallocTotal:   263061440 kB
VmallocUsed:      104232 kB
VmallocChunk:          0 kB
Percpu:             7680 kB
CmaTotal:         294912 kB
CmaFree:               0 kB
MemTotal:       12113136 kB
MemFree:          797168 kB
MemAvailable:    7868220 kB
Buffers:            8524 kB
Cached:          7125952 kB
SwapCached:            0 kB
Active:          2334188 kB
Inactive:        6104740 kB
Active(anon):    1017336 kB
Inactive(anon):   341132 kB
Active(file):    1316852 kB
Inactive(file):  5763608 kB
Unevictable:        5592 kB
Mlocked:            5592 kB
SwapTotal:       3145724 kB
SwapFree:        3145724 kB
Dirty:               512 kB
Writeback:             0 kB
AnonPages:       1310132 kB
Mapped:           689808 kB
Shmem:             49472 kB
KReclaimable:     875680 kB
Slab:             245584 kB
SReclaimable:      97932 kB
SUnreclaim:       147652 kB
KernelStack:       47328 kB
PageTables:        64416 kB
NFS_Unstable:          0 kB
Bounce:                0 kB
WritebackTmp:          0 kB
CommitLimit:     9202292 kB
Committed_AS:   67544120 kB
VmallocTotal:   263061440 kB
VmallocUsed:      104264 kB
VmallocChunk:          0 kB
Percpu:             7680 kB
CmaTotal:         294912 kB
CmaFree:               0 kB
MemTotal:       12113136 kB
MemFree:          795240 kB
MemAvailable:    7866308 kB
Buffers:            8524 kB
Cached:          7126224 kB
SwapCached:            0 kB
Active:          2335776 kB
Inactive:        6105012 kB
Active(anon):    1018924 kB
Inactive(anon):   341388 kB
Active(file):    1316852 kB
Inactive(file):  5763624 kB
Unevictable:        5592 kB
Mlocked:            5592 kB
SwapTotal:       3145724 kB
SwapFree:        3145724 kB
Dirty:               288 kB
Writeback:             0 kB
AnonPages:       1311180 kB
Mapped:           689976 kB
Shmem:             49728 kB
KReclaimable:     875680 kB
Slab:             245584 kB
SReclaimable:      97932 kB
SUnreclaim:       147652 kB
KernelStack:       47280 kB
PageTables:        64332 kB
NFS_Unstable:          0 kB
Bounce:                0 kB
WritebackTmp:          0 kB
CommitLimit:     9202292 kB
Committed_AS:   67543252 kB
VmallocTotal:   263061440 kB
VmallocUsed:      104216 kB
VmallocChunk:          0 kB
Percpu:             7680 kB
CmaTotal:         294912 kB
CmaFree:               0 kB
MemTotal:       12113136 kB
MemFree:          792376 kB
MemAvailable:    7863480 kB
Buffers:            8524 kB
Cached:          7126516 kB
SwapCached:            0 kB
Active:          2336348 kB
Inactive:        6105304 kB
Active(anon):    1019496 kB
Inactive(anon):   341644 kB
Active(file):    1316852 kB
Inactive(file):  5763660 kB
Unevictable:        5592 kB
Mlocked:            5592 kB
SwapTotal:       3145724 kB
SwapFree:        3145724 kB
Dirty:               392 kB
Writeback:             0 kB
AnonPages:       1312328 kB
Mapped:           689976 kB
Shmem:             49984 kB
KReclaimable:     875680 kB
Slab:             245580 kB
SReclaimable:      97932 kB
SUnreclaim:       147648 kB
KernelStack:       47312 kB
PageTables:        64384 kB
NFS_Unstable:          0 kB
Bounce:                0 kB
WritebackTmp:          0 kB
CommitLimit:     9202292 kB
Committed_AS:   67549192 kB
VmallocTotal:   263061440 kB
VmallocUsed:      104248 kB
VmallocChunk:          0 kB
Percpu:             7680 kB
CmaTotal:         294912 kB
CmaFree:               0 kB
MemTotal:       12113136 kB
MemFree:          790436 kB
MemAvailable:    7861560 kB
Buffers:            8524 kB
Cached:          7126792 kB
SwapCached:            0 kB
Active:          2337536 kB
Inactive:        6105580 kB
Active(anon):    1020684 kB
Inactive(anon):   341900 kB
Active(file):    1316852 kB
Inactive(file):  5763680 kB
Unevictable:        5592 kB
Mlocked:            5592 kB
SwapTotal:       3145724 kB
SwapFree:        3145724 kB
Dirty:               432 kB
Writeback:             0 kB
AnonPages:       1313464 kB
Mapped:           689724 kB
Shmem:             50240 kB
KReclaimable:     875680 kB
Slab:             245596 kB
SReclaimable:      97932 kB
SUnreclaim:       147664 kB
KernelStack:       47280 kB
PageTables:        64332 kB
NFS_Unstable:          0 kB
Bounce:                0 kB
WritebackTmp:          0 kB
CommitLimit:     9202292 kB
Committed_AS:   67550720 kB
VmallocTotal:   263061440 kB
VmallocUsed:      104296 kB
VmallocChunk:          0 kB
Percpu:             7680 kB
CmaTotal:         294912 kB
CmaFree:               0 kB
MemTotal:       12113136 kB
MemFree:          792956 kB
MemAvailable:    7864096 kB
Buffers:            8524 kB
Cached:          7127064 kB
SwapCached:            0 kB
Active:          2335560 kB
Inactive:        6105856 kB
Active(anon):    1018712 kB
Inactive(anon):   342156 kB
Active(file):    1316848 kB
Inactive(file):  5763700 kB
Unevictable:        5592 kB
Mlocked:            5592 kB
SwapTotal:       3145724 kB
SwapFree:        3145724 kB
Dirty:               476 kB
Writeback:             0 kB
AnonPages:       1311388 kB
Mapped:           686932 kB
Shmem:             50496 kB
KReclaimable:     875680 kB
Slab:             245580 kB
SReclaimable:      97932 kB
SUnreclaim:       147648 kB
KernelStack:       47328 kB
PageTables:        64436 kB
NFS_Unstable:          0 kB
Bounce:                0 kB
WritebackTmp:          0 kB
CommitLimit:     9202292 kB
Committed_AS:   67536820 kB
VmallocTotal:   263061440 kB
VmallocUsed:      104296 kB
VmallocChunk:          0 kB
Percpu:             7680 kB
CmaTotal:         294912 kB
CmaFree:               0 kB
MemTotal:       12113136 kB
MemFree:          791408 kB
MemAvailable:    7862576 kB
Buffers:            8524 kB
Cached:          7127348 kB
SwapCached:            0 kB
Active:          2336556 kB
Inactive:        6106136 kB
Active(anon):    1019704 kB
Inactive(anon):   342412 kB
Active(file):    1316852 kB
Inactive(file):  5763724 kB
Unevictable:        5592 kB
Mlocked:            5592 kB
SwapTotal:       3145724 kB
SwapFree:        3145724 kB
Dirty:               540 kB
Writeback:             0 kB
AnonPages:       1312320 kB
Mapped:           689228 kB
Shmem:             50752 kB
KReclaimable:     875680 kB
Slab:             245580 kB
SReclaimable:      97932 kB
SUnreclaim:       147648 kB
KernelStack:       47280 kB
PageTables:        64340 kB
NFS_Unstable:          0 kB
Bounce:                0 kB
WritebackTmp:          0 kB
CommitLimit:     9202292 kB
Committed_AS:   67549580 kB
VmallocTotal:   263061440 kB
VmallocUsed:      104296 kB
VmallocChunk:          0 kB
Percpu:             7680 kB
CmaTotal:         294912 kB
CmaFree:               0 kB
MemTotal:       12113136 kB
MemFree:          790608 kB
MemAvailable:    7861800 kB
Buffers:            8524 kB
Cached:          7127628 kB
SwapCached:            0 kB
Active:          2337312 kB
Inactive:        6106416 kB
Active(anon):    1020460 kB
Inactive(anon):   342668 kB
Active(file):    1316852 kB
Inactive(file):  5763748 kB
Unevictable:        5592 kB
Mlocked:            5592 kB
SwapTotal:       3145724 kB
SwapFree:        3145724 kB
Dirty:               300 kB
Writeback:             0 kB
AnonPages:       1313300 kB
Mapped:           689032 kB
Shmem:             51008 kB
KReclaimable:     875680 kB
Slab:             245588 kB
SReclaimable:      97932 kB
SUnreclaim:       147656 kB
KernelStack:       47328 kB
PageTables:        64404 kB
NFS_Unstable:          0 kB
Bounce:                0 kB
WritebackTmp:          0 kB
CommitLimit:     9202292 kB
Committed_AS:   67547656 kB
VmallocTotal:   263061440 kB
VmallocUsed:      104280 kB
VmallocChunk:          0 kB
Percpu:             7680 kB
CmaTotal:         294912 kB
CmaFree:               0 kB
MemTotal:       12113136 kB
MemFree:          789664 kB
MemAvailable:    7860876 kB
Buffers:            8524 kB
Cached:          7127908 kB
SwapCached:            0 kB
Active:          2338680 kB
Inactive:        6106696 kB
Active(anon):    1021828 kB
Inactive(anon):   342928 kB
Active(file):    1316852 kB
Inactive(file):  5763768 kB
Unevictable:        5592 kB
Mlocked:            5592 kB
SwapTotal:       3145724 kB
SwapFree:        3145724 kB
Dirty:               352 kB
Writeback:             0 kB
AnonPages:       1314664 kB
Mapped:           688976 kB
Shmem:             51268 kB
KReclaimable:     875680 kB
Slab:             245580 kB
SReclaimable:      97932 kB
SUnreclaim:       147648 kB
KernelStack:       47280 kB
PageTables:        64336 kB
NFS_Unstable:          0 kB
Bounce:                0 kB
WritebackTmp:          0 kB
CommitLimit:     9202292 kB
Committed_AS:   67551348 kB
VmallocTotal:   263061440 kB
VmallocUsed:      104248 kB
VmallocChunk:          0 kB
Percpu:             7680 kB
CmaTotal:         294912 kB
CmaFree:               0 kB
MemTotal:       12113136 kB
MemFree:          801944 kB
MemAvailable:    7873180 kB
Buffers:            8528 kB
Cached:          7128184 kB
SwapCached:            0 kB
Active:          2324428 kB
Inactive:        6106972 kB
Active(anon):    1007572 kB
Inactive(anon):   343184 kB
Active(file):    1316856 kB
Inactive(file):  5763788 kB
Unevictable:        5592 kB
Mlocked:            5592 kB
SwapTotal:       3145724 kB
SwapFree:        3145724 kB
Dirty:               420 kB
Writeback:             0 kB
AnonPages:       1300204 kB
Mapped:           689152 kB
Shmem:             51524 kB
KReclaimable:     875680 kB
Slab:             245580 kB
SReclaimable:      97932 kB
SUnreclaim:       147648 kB
KernelStack:       47328 kB
PageTables:        64404 kB
NFS_Unstable:          0 kB
Bounce:                0 kB
WritebackTmp:          0 kB
CommitLimit:     9202292 kB
Committed_AS:   67550752 kB
VmallocTotal:   263061440 kB
VmallocUsed:      104264 kB
VmallocChunk:          0 kB
Percpu:             7680 kB
CmaTotal:         294912 kB
CmaFree:               0 kB
MemTotal:       12113136 kB
MemFree:          801408 kB
MemAvailable:    7872664 kB
Buffers:            8528 kB
Cached:          7128460 kB
SwapCached:            0 kB
Active:          2326084 kB
Inactive:        6107248 kB
Active(anon):    1009228 kB
Inactive(anon):   343440 kB
Active(file):    1316856 kB
Inactive(file):  5763808 kB
Unevictable:        5592 kB
Mlocked:            5592 kB
SwapTotal:       3145724 kB
SwapFree:        3145724 kB
Dirty:               460 kB
Writeback:             0 kB
AnonPages:       1302020 kB
Mapped:           688980 kB
Shmem:             51780 kB
KReclaimable:     875680 kB
Slab:             245588 kB
SReclaimable:      97932 kB
SUnreclaim:       147656 kB
KernelStack:       47280 kB
PageTables:        64332 kB
NFS_Unstable:          0 kB
Bounce:                0 kB
WritebackTmp:          0 kB
CommitLimit:     9202292 kB
Committed_AS:   67550508 kB
VmallocTotal:   263061440 kB
VmallocUsed:      104296 kB
VmallocChunk:          0 kB
Percpu:             7680 kB
CmaTotal:         294912 kB
CmaFree:               0 kB
MemTotal:       12113136 kB
MemFree:          801588 kB
MemAvailable:    7872868 kB
Buffers:            8528 kB
Cached:          7128740 kB
SwapCached:            0 kB
Active:          2326236 kB
Inactive:        6107528 kB
Active(anon):    1009380 kB
Inactive(anon):   343696 kB
Active(file):    1316856 kB
Inactive(file):  5763832 kB
Unevictable:        5592 kB
Mlocked:            5592 kB
SwapTotal:       3145724 kB
SwapFree:        3145724 kB
Dirty:               704 kB
Writeback:             0 kB
AnonPages:       1302020 kB
Mapped:           689088 kB
Shmem:             52036 kB
KReclaimable:     875680 kB
Slab:             245580 kB
SReclaimable:      97932 kB
SUnreclaim:       147648 kB
KernelStack:       47308 kB
PageTables:        64544 kB
NFS_Unstable:          0 kB
Bounce:                0 kB
WritebackTmp:          0 kB
CommitLimit:     9202292 kB
Committed_AS:   67553556 kB
VmallocTotal:   263061440 kB
VmallocUsed:      104216 kB
VmallocChunk:          0 kB
Percpu:             7680 kB
CmaTotal:         294912 kB
CmaFree:               0 kB
MemTotal:       12113136 kB
MemFree:          798168 kB
MemAvailable:    7869464 kB
Buffers:            8528 kB
Cached:          7129012 kB
SwapCached:            0 kB
Active:          2328240 kB
Inactive:        6107800 kB
Active(anon):    1011384 kB
Inactive(anon):   343952 kB
Active(file):    1316856 kB
Inactive(file):  5763848 kB
Unevictable:        5592 kB
Mlocked:            5592 kB
SwapTotal:       3145724 kB
SwapFree:        3145724 kB
Dirty:               568 kB
Writeback:             0 kB
AnonPages:       1304272 kB
Mapped:           689248 kB
Shmem:             52292 kB
KReclaimable:     875680 kB
Slab:             245624 kB
SReclaimable:      97932 kB
SUnreclaim:       147692 kB
KernelStack:       47296 kB
PageTables:        64332 kB
NFS_Unstable:          0 kB
Bounce:                0 kB
WritebackTmp:          0 kB
CommitLimit:     9202292 kB
Committed_AS:   67553280 kB
VmallocTotal:   263061440 kB
VmallocUsed:      104296 kB
VmallocChunk:          0 kB
Percpu:             7680 kB
CmaTotal:         294912 kB
CmaFree:               0 kB
MemTotal:       12113136 kB
MemFree:          797592 kB
MemAvailable:    7868908 kB
Buffers:            8528 kB
Cached:          7129288 kB
SwapCached:            0 kB
Active:          2328124 kB
Inactive:        6108076 kB
Active(anon):    1011268 kB
Inactive(anon):   344208 kB
Active(file):    1316856 kB
Inactive(file):  5763868 kB
Unevictable:        5592 kB
Mlocked:            5592 kB
SwapTotal:       3145724 kB
SwapFree:        3145724 kB
Dirty:               792 kB
Writeback:             0 kB
AnonPages:       1304072 kB
Mapped:           689188 kB
Shmem:             52548 kB
KReclaimable:     875680 kB
Slab:             245632 kB
SReclaimable:      97932 kB
SUnreclaim:       147700 kB
KernelStack:       47344 kB
PageTables:        64424 kB
NFS_Unstable:          0 kB
Bounce:                0 kB
WritebackTmp:          0 kB
CommitLimit:     9202292 kB
Committed_AS:   67553028 kB
VmallocTotal:   263061440 kB
VmallocUsed:      104264 kB
VmallocChunk:          0 kB
Percpu:             7680 kB
CmaTotal:         294912 kB
CmaFree:               0 kB
MemTotal:       12113136 kB
MemFree:          796676 kB
MemAvailable:    7868016 kB
Buffers:            8528 kB
Cached:          7129568 kB
SwapCached:            0 kB
Active:          2329232 kB
Inactive:        6108356 kB
Active(anon):    1012376 kB
Inactive(anon):   344464 kB
Active(file):    1316856 kB
Inactive(file):  5763892 kB
Unevictable:        5592 kB
Mlocked:            5592 kB
SwapTotal:       3145724 kB
SwapFree:        3145724 kB
Dirty:              1000 kB
Writeback:             0 kB
AnonPages:       1305220 kB
Mapped:           689248 kB
Shmem:             52804 kB
KReclaimable:     875680 kB
Slab:             245656 kB
SReclaimable:      97932 kB
SUnreclaim:       147724 kB
KernelStack:       47296 kB
PageTables:        64336 kB
NFS_Unstable:          0 kB
Bounce:                0 kB
WritebackTmp:          0 kB
CommitLimit:     9202292 kB
Committed_AS:   67549052 kB
VmallocTotal:   263061440 kB
VmallocUsed:      104264 kB
VmallocChunk:          0 kB
Percpu:             7680 kB
CmaTotal:         294912 kB
CmaFree:               0 kB
MemTotal:       12113136 kB
MemFree:          794596 kB
MemAvailable:    7865956 kB
Buffers:            8528 kB
Cached:          7129844 kB
SwapCached:            0 kB
Active:          2330460 kB
Inactive:        6108632 kB
Active(anon):    1013604 kB
Inactive(anon):   344720 kB
Active(file):    1316856 kB
Inactive(file):  5763912 kB
Unevictable:        5592 kB
Mlocked:            5592 kB
SwapTotal:       3145724 kB
SwapFree:        3145724 kB
Dirty:              1056 kB
Writeback:             0 kB
AnonPages:       1306464 kB
Mapped:           689256 kB
Shmem:             53060 kB
KReclaimable:     875680 kB
Slab:             245648 kB
SReclaimable:      97932 kB
SUnreclaim:       147716 kB
KernelStack:       47296 kB
PageTables:        64332 kB
NFS_Unstable:          0 kB
Bounce:                0 kB
WritebackTmp:          0 kB
CommitLimit:     9202292 kB
Committed_AS:   67554260 kB
VmallocTotal:   263061440 kB
VmallocUsed:      104264 kB
VmallocChunk:          0 kB
Percpu:             7680 kB
CmaTotal:         294912 kB
CmaFree:               4 kB
MemTotal:       12113136 kB
MemFree:          793620 kB
MemAvailable:    7864996 kB
Buffers:            8528 kB
Cached:          7130116 kB
SwapCached:            0 kB
Active:          2331768 kB
Inactive:        6108904 kB
Active(anon):    1014912 kB
Inactive(anon):   344976 kB
Active(file):    1316856 kB
Inactive(file):  5763928 kB
Unevictable:        5592 kB
Mlocked:            5592 kB
SwapTotal:       3145724 kB
SwapFree:        3145724 kB
Dirty:              1088 kB
Writeback:             0 kB
AnonPages:       1307784 kB
Mapped:           689276 kB
Shmem:             53316 kB
KReclaimable:     875680 kB
Slab:             245712 kB
SReclaimable:      97932 kB
SUnreclaim:       147780 kB
KernelStack:       47312 kB
PageTables:        64464 kB
NFS_Unstable:          0 kB
Bounce:                0 kB
WritebackTmp:          0 kB
CommitLimit:     9202292 kB
Committed_AS:   67554292 kB
VmallocTotal:   263061440 kB
VmallocUsed:      104232 kB
VmallocChunk:          0 kB
Percpu:             7680 kB
CmaTotal:         294912 kB
CmaFree:               0 kB
MemTotal:       12113136 kB
MemFree:          792644 kB
MemAvailable:    7864040 kB
Buffers:            8528 kB
Cached:          7130392 kB
SwapCached:            0 kB
Active:          2332740 kB
Inactive:        6109180 kB
Active(anon):    1015884 kB
Inactive(anon):   345232 kB
Active(file):    1316856 kB
Inactive(file):  5763948 kB
Unevictable:        5592 kB
Mlocked:            5592 kB
SwapTotal:       3145724 kB
SwapFree:        3145724 kB
Dirty:               288 kB
Writeback:             0 kB
AnonPages:       1308472 kB
Mapped:           689108 kB
Shmem:             53572 kB
KReclaimable:     875680 kB
Slab:             245716 kB
SReclaimable:      97932 kB
SUnreclaim:       147784 kB
KernelStack:       47344 kB
PageTables:        64404 kB
NFS_Unstable:          0 kB
Bounce:                0 kB
WritebackTmp:          0 kB
CommitLimit:     9202292 kB
Committed_AS:   67549180 kB
VmallocTotal:   263061440 kB
VmallocUsed:      104264 kB
VmallocChunk:          0 kB
Percpu:             7680 kB
CmaTotal:         294912 kB
CmaFree:               0 kB
MemTotal:       12113136 kB
MemFree:          791004 kB
MemAvailable:    7862444 kB
Buffers:            8528 kB
Cached:          7130692 kB
SwapCached:            0 kB
Active:          2334604 kB
Inactive:        6109480 kB
Active(anon):    1017748 kB
Inactive(anon):   345488 kB
Active(file):    1316856 kB
Inactive(file):  5763992 kB
Unevictable:        5592 kB
Mlocked:            5592 kB
SwapTotal:       3145724 kB
SwapFree:        3145724 kB
Dirty:               416 kB
Writeback:             0 kB
AnonPages:       1310312 kB
Mapped:           689080 kB
Shmem:             53828 kB
KReclaimable:     875680 kB
Slab:             245716 kB
SReclaimable:      97932 kB
SUnreclaim:       147784 kB
KernelStack:       47312 kB
PageTables:        64464 kB
NFS_Unstable:          0 kB
Bounce:                0 kB
WritebackTmp:          0 kB
CommitLimit:     9202292 kB
Committed_AS:   67549844 kB
VmallocTotal:   263061440 kB
VmallocUsed:      104264 kB
VmallocChunk:          0 kB
Percpu:             7680 kB
CmaTotal:         294912 kB
CmaFree:               0 kB
MemTotal:       12113136 kB
MemFree:          788452 kB
MemAvailable:    7859908 kB
Buffers:            8528 kB
Cached:          7130964 kB
SwapCached:            0 kB
Active:          2335980 kB
Inactive:        6109752 kB
Active(anon):    1019124 kB
Inactive(anon):   345744 kB
Active(file):    1316856 kB
Inactive(file):  5764008 kB
Unevictable:        5592 kB
Mlocked:            5592 kB
SwapTotal:       3145724 kB
SwapFree:        3145724 kB
Dirty:               452 kB
Writeback:             0 kB
AnonPages:       1311980 kB
Mapped:           689172 kB
Shmem:             54084 kB
KReclaimable:     875680 kB
Slab:             245716 kB
SReclaimable:      97932 kB
SUnreclaim:       147784 kB
KernelStack:       47360 kB
PageTables:        64548 kB
NFS_Unstable:          0 kB
Bounce:                0 kB
WritebackTmp:          0 kB
CommitLimit:     9202292 kB
Committed_AS:   67543772 kB
VmallocTotal:   263061440 kB
VmallocUsed:      104280 kB
VmallocChunk:          0 kB
Percpu:             7680 kB
CmaTotal:         294912 kB
CmaFree:               0 kB
MemTotal:       12113136 kB
MemFree:          786940 kB
MemAvailable:    7858420 kB
Buffers:            8528 kB
Cached:          7131244 kB
SwapCached:            0 kB
Active:          2337164 kB
Inactive:        6110032 kB
Active(anon):    1020308 kB
Inactive(anon):   346000 kB
Active(file):    1316856 kB
Inactive(file):  5764032 kB
Unevictable:        5592 kB
Mlocked:            5592 kB
SwapTotal:       3145724 kB
SwapFree:        3145724 kB
Dirty:               492 kB
Writeback:             0 kB
AnonPages:       1313212 kB
Mapped:           689396 kB
Shmem:             54340 kB
KReclaimable:     875680 kB
Slab:             245748 kB
SReclaimable:      97932 kB
SUnreclaim:       147816 kB
KernelStack:       47296 kB
PageTables:        64332 kB
NFS_Unstable:          0 kB
Bounce:                0 kB
WritebackTmp:          0 kB
CommitLimit:     9202292 kB
Committed_AS:   67544492 kB
VmallocTotal:   263061440 kB
VmallocUsed:      104280 kB
VmallocChunk:          0 kB
Percpu:             7680 kB
CmaTotal:         294912 kB
CmaFree:               0 kB
MemTotal:       12113136 kB
MemFree:          785708 kB
MemAvailable:    7857204 kB
Buffers:            8528 kB
Cached:          7131516 kB
SwapCached:            0 kB
Active:          2338332 kB
Inactive:        6110304 kB
Active(anon):    1021476 kB
Inactive(anon):   346256 kB
Active(file):    1316856 kB
Inactive(file):  5764048 kB
Unevictable:        5592 kB
Mlocked:            5592 kB
SwapTotal:       3145724 kB
SwapFree:        3145724 kB
Dirty:               540 kB
Writeback:             0 kB
AnonPages:       1314264 kB
Mapped:           689432 kB
Shmem:             54596 kB
KReclaimable:     875680 kB
Slab:             245780 kB
SReclaimable:      97932 kB
SUnreclaim:       147848 kB
KernelStack:       47296 kB
PageTables:        64332 kB
NFS_Unstable:          0 kB
Bounce:                0 kB
WritebackTmp:          0 kB
CommitLimit:     9202292 kB
Committed_AS:   67541180 kB
VmallocTotal:   263061440 kB
VmallocUsed:      104248 kB
VmallocChunk:          0 kB
Percpu:             7680 kB
CmaTotal:         294912 kB
CmaFree:               0 kB
MemTotal:       12113136 kB
MemFree:          784404 kB
MemAvailable:    7855928 kB
Buffers:            8528 kB
Cached:          7131800 kB
SwapCached:            0 kB
Active:          2339700 kB
Inactive:        6110588 kB
Active(anon):    1022844 kB
Inactive(anon):   346512 kB
Active(file):    1316856 kB
Inactive(file):  5764076 kB
Unevictable:        5592 kB
Mlocked:            5592 kB
SwapTotal:       3145724 kB
SwapFree:        3145724 kB
Dirty:               296 kB
Writeback:             0 kB
AnonPages:       1315736 kB
Mapped:           689196 kB
Shmem:             54852 kB
KReclaimable:     875680 kB
Slab:             245760 kB
SReclaimable:      97932 kB
SUnreclaim:       147828 kB
KernelStack:       47312 kB
PageTables:        64296 kB
NFS_Unstable:          0 kB
Bounce:                0 kB
WritebackTmp:          0 kB
CommitLimit:     9202292 kB
Committed_AS:   67541368 kB
VmallocTotal:   263061440 kB
VmallocUsed:      104280 kB
VmallocChunk:          0 kB
Percpu:             7680 kB
CmaTotal:         294912 kB
CmaFree:               0 kB
MemTotal:       12113136 kB
MemFree:          781496 kB
MemAvailable:    7853036 kB
Buffers:            8528 kB
Cached:          7132072 kB
SwapCached:            0 kB
Active:          2341364 kB
Inactive:        6110860 kB
Active(anon):    1024508 kB
Inactive(anon):   346768 kB
Active(file):    1316856 kB
Inactive(file):  5764092 kB
Unevictable:        5592 kB
Mlocked:            5592 kB
SwapTotal:       3145724 kB
SwapFree:        3145724 kB
Dirty:               352 kB
Writeback:             0 kB
AnonPages:       1317036 kB
Mapped:           689484 kB
Shmem:             55108 kB
KReclaimable:     875680 kB
Slab:             245768 kB
SReclaimable:      97932 kB
SUnreclaim:       147836 kB
KernelStack:       47328 kB
PageTables:        64352 kB
NFS_Unstable:          0 kB
Bounce:                0 kB
WritebackTmp:          0 kB
CommitLimit:     9202292 kB
Committed_AS:   67551488 kB
VmallocTotal:   263061440 kB
VmallocUsed:      104328 kB
VmallocChunk:          0 kB
Percpu:             7680 kB
CmaTotal:         294912 kB
CmaFree:               0 kB
MemTotal:       12113136 kB
MemFree:          779148 kB
MemAvailable:    7850720 kB
Buffers:            8532 kB
Cached:          7132360 kB
SwapCached:            0 kB
Active:          2343228 kB
Inactive:        6111148 kB
Active(anon):    1026368 kB
Inactive(anon):   347028 kB
Active(file):    1316860 kB
Inactive(file):  5764120 kB
Unevictable:        5592 kB
Mlocked:            5592 kB
SwapTotal:       3145724 kB
SwapFree:        3145724 kB
Dirty:               400 kB
Writeback:             0 kB
AnonPages:       1319168 kB
Mapped:           689520 kB
Shmem:             55368 kB
KReclaimable:     875680 kB
Slab:             245792 kB
SReclaimable:      97932 kB
SUnreclaim:       147860 kB
KernelStack:       47296 kB
PageTables:        64332 kB
NFS_Unstable:          0 kB
Bounce:                0 kB
WritebackTmp:          0 kB
CommitLimit:     9202292 kB
Committed_AS:   67556180 kB
VmallocTotal:   263061440 kB
VmallocUsed:      104312 kB
VmallocChunk:          0 kB
Percpu:             7680 kB
CmaTotal:         294912 kB
CmaFree:               0 kB
MemTotal:       12113136 kB
MemFree:          777832 kB
MemAvailable:    7849420 kB
Buffers:            8532 kB
Cached:          7132632 kB
SwapCached:            0 kB
Active:          2344112 kB
Inactive:        6111420 kB
Active(anon):    1027252 kB
Inactive(anon):   347284 kB
Active(file):    1316860 kB
Inactive(file):  5764136 kB
Unevictable:        5592 kB
Mlocked:            5592 kB
SwapTotal:       3145724 kB
SwapFree:        3145724 kB
Dirty:               436 kB
Writeback:             0 kB
AnonPages:       1320156 kB
Mapped:           689552 kB
Shmem:             55624 kB
KReclaimable:     875680 kB
Slab:             245808 kB
SReclaimable:      97932 kB
SUnreclaim:       147876 kB
KernelStack:       47312 kB
PageTables:        64336 kB
NFS_Unstable:          0 kB
Bounce:                0 kB
WritebackTmp:          0 kB
CommitLimit:     9202292 kB
Committed_AS:   67555568 kB
VmallocTotal:   263061440 kB
VmallocUsed:      104280 kB
VmallocChunk:          0 kB
Percpu:             7680 kB
CmaTotal:         294912 kB
CmaFree:               0 kB
MemTotal:       12113136 kB
MemFree:          776212 kB
MemAvailable:    7847824 kB
Buffers:            8532 kB
Cached:          7132912 kB
SwapCached:            0 kB
Active:          2345436 kB
Inactive:        6111700 kB
Active(anon):    1028576 kB
Inactive(anon):   347540 kB
Active(file):    1316860 kB
Inactive(file):  5764160 kB
Unevictable:        5592 kB
Mlocked:            5592 kB
SwapTotal:       3145724 kB
SwapFree:        3145724 kB
Dirty:               480 kB
Writeback:             0 kB
AnonPages:       1321400 kB
Mapped:           689584 kB
Shmem:             55880 kB
KReclaimable:     875680 kB
Slab:             245824 kB
SReclaimable:      97932 kB
SUnreclaim:       147892 kB
KernelStack:       47296 kB
PageTables:        64336 kB
NFS_Unstable:          0 kB
Bounce:                0 kB
WritebackTmp:          0 kB
CommitLimit:     9202292 kB
Committed_AS:   67552144 kB
VmallocTotal:   263061440 kB
VmallocUsed:      104264 kB
VmallocChunk:          0 kB
Percpu:             7680 kB
CmaTotal:         294912 kB
CmaFree:               0 kB
MemTotal:       12113136 kB
MemFree:          800608 kB
MemAvailable:    7872240 kB
Buffers:            8532 kB
Cached:          7124868 kB
SwapCached:            0 kB
Active:          2329060 kB
Inactive:        6103656 kB
Active(anon):    1012200 kB
Inactive(anon):   339476 kB
Active(file):    1316860 kB
Inactive(file):  5764180 kB
Unevictable:        5592 kB
Mlocked:            5592 kB
SwapTotal:       3145724 kB
SwapFree:        3145724 kB
Dirty:               280 kB
Writeback:             0 kB
AnonPages:       1305064 kB
Mapped:           689612 kB
Shmem:             47816 kB
KReclaimable:     875680 kB
Slab:             245612 kB
SReclaimable:      97932 kB
SUnreclaim:       147680 kB
KernelStack:       47280 kB
PageTables:        64332 kB
NFS_Unstable:          0 kB
Bounce:                0 kB
WritebackTmp:          0 kB
CommitLimit:     9202292 kB
Committed_AS:   67550476 kB
VmallocTotal:   263061440 kB
VmallocUsed:      104264 kB
VmallocChunk:          0 kB
Percpu:             7680 kB
CmaTotal:         294912 kB
CmaFree:               0 kB
MemTotal:       12113136 kB
MemFree:          800032 kB
MemAvailable:    7871676 kB
Buffers:            8532 kB
Cached:          7125136 kB
SwapCached:            0 kB
Active:          2331020 kB
Inactive:        6103924 kB
Active(anon):    1014160 kB
Inactive(anon):   339732 kB
Active(file):    1316860 kB
Inactive(file):  5764192 kB
Unevictable:        5592 kB
Mlocked:            5592 kB
SwapTotal:       3145724 kB
SwapFree:        3145724 kB
Dirty:               324 kB
Writeback:             0 kB
AnonPages:       1306948 kB
Mapped:           689640 kB
Shmem:             48072 kB
KReclaimable:     875680 kB
Slab:             245604 kB
SReclaimable:      97932 kB
SUnreclaim:       147672 kB
KernelStack:       47280 kB
PageTables:        64340 kB
NFS_Unstable:          0 kB
Bounce:                0 kB
WritebackTmp:          0 kB
CommitLimit:     9202292 kB
Committed_AS:   67542984 kB
VmallocTotal:   263061440 kB
VmallocUsed:      104264 kB
VmallocChunk:          0 kB
Percpu:             7680 kB
CmaTotal:         294912 kB
CmaFree:               0 kB
MemTotal:       12113136 kB
MemFree:          798708 kB
MemAvailable:    7870380 kB
Buffers:            8532 kB
Cached:          7125424 kB
SwapCached:            0 kB
Active:          2332388 kB
Inactive:        6104208 kB
Active(anon):    1015528 kB
Inactive(anon):   339988 kB
Active(file):    1316860 kB
Inactive(file):  5764220 kB
Unevictable:        5592 kB
Mlocked:            5592 kB
SwapTotal:       3145724 kB
SwapFree:        3145724 kB
Dirty:               388 kB
Writeback:             0 kB
AnonPages:       1308344 kB
Mapped:           689676 kB
Shmem:             48328 kB
KReclaimable:     875680 kB
Slab:             245604 kB
SReclaimable:      97932 kB
SUnreclaim:       147672 kB
KernelStack:       47296 kB
PageTables:        64332 kB
NFS_Unstable:          0 kB
Bounce:                0 kB
WritebackTmp:          0 kB
CommitLimit:     9202292 kB
Committed_AS:   67543628 kB
VmallocTotal:   263061440 kB
VmallocUsed:      104264 kB
VmallocChunk:          0 kB
Percpu:             7680 kB
CmaTotal:         294912 kB
CmaFree:               0 kB
MemTotal:       12113136 kB
MemFree:          797456 kB
MemAvailable:    7869152 kB
Buffers:            8532 kB
Cached:          7125700 kB
SwapCached:            0 kB
Active:          2333900 kB
Inactive:        6104488 kB
Active(anon):    1017040 kB
Inactive(anon):   340244 kB
Active(file):    1316860 kB
Inactive(file):  5764244 kB
Unevictable:        5592 kB
Mlocked:            5592 kB
SwapTotal:       3145724 kB
SwapFree:        3145724 kB
Dirty:               460 kB
Writeback:             0 kB
AnonPages:       1309964 kB
Mapped:           689444 kB
Shmem:             48584 kB
KReclaimable:     875680 kB
Slab:             245612 kB
SReclaimable:      97932 kB
SUnreclaim:       147680 kB
KernelStack:       47296 kB
PageTables:        64332 kB
NFS_Unstable:          0 kB
Bounce:                0 kB
WritebackTmp:          0 kB
CommitLimit:     9202292 kB
Committed_AS:   67540580 kB
VmallocTotal:   263061440 kB
VmallocUsed:      104280 kB
VmallocChunk:          0 kB
Percpu:             7680 kB
CmaTotal:         294912 kB
CmaFree:               0 kB
MemTotal:       12113136 kB
MemFree:          796272 kB
MemAvailable:    7867984 kB
Buffers:            8532 kB
Cached:          7125972 kB
SwapCached:            0 kB
Active:          2335204 kB
Inactive:        6104760 kB
Active(anon):    1018344 kB
Inactive(anon):   340500 kB
Active(file):    1316860 kB
Inactive(file):  5764260 kB
Unevictable:        5592 kB
Mlocked:            5592 kB
SwapTotal:       3145724 kB
SwapFree:        3145724 kB
Dirty:               500 kB
Writeback:             0 kB
AnonPages:       1310908 kB
Mapped:           689540 kB
Shmem:             48840 kB
KReclaimable:     875680 kB
Slab:             245612 kB
SReclaimable:      97932 kB
SUnreclaim:       147680 kB
KernelStack:       47344 kB
PageTables:        64412 kB
NFS_Unstable:          0 kB
Bounce:                0 kB
WritebackTmp:          0 kB
CommitLimit:     9202292 kB
Committed_AS:   67540056 kB
VmallocTotal:   263061440 kB
VmallocUsed:      104280 kB
VmallocChunk:          0 kB
Percpu:             7680 kB
CmaTotal:         294912 kB
CmaFree:               0 kB
MemTotal:       12113136 kB
MemFree:          799316 kB
MemAvailable:    7871048 kB
Buffers:            8532 kB
Cached:          7126248 kB
SwapCached:            0 kB
Active:          2329148 kB
Inactive:        6105036 kB
Active(anon):    1012288 kB
Inactive(anon):   340756 kB
Active(file):    1316860 kB
Inactive(file):  5764280 kB
Unevictable:        5592 kB
Mlocked:            5592 kB
SwapTotal:       3145724 kB
SwapFree:        3145724 kB
Dirty:               316 kB
Writeback:             0 kB
AnonPages:       1304768 kB
Mapped:           689768 kB
Shmem:             49096 kB
KReclaimable:     875680 kB
Slab:             245704 kB
SReclaimable:      97932 kB
SUnreclaim:       147772 kB
KernelStack:       47296 kB
PageTables:        64336 kB
NFS_Unstable:          0 kB
Bounce:                0 kB
WritebackTmp:          0 kB
CommitLimit:     9202292 kB
Committed_AS:   67540064 kB
VmallocTotal:   263061440 kB
VmallocUsed:      104312 kB
VmallocChunk:          0 kB
Percpu:             7680 kB
CmaTotal:         294912 kB
CmaFree:               0 kB
MemTotal:       12113136 kB
MemFree:          798044 kB
MemAvailable:    7869812 kB
Buffers:            8532 kB
Cached:          7126540 kB
SwapCached:            0 kB
Active:          2329248 kB
Inactive:        6105328 kB
Active(anon):    1012388 kB
Inactive(anon):   341012 kB
Active(file):    1316860 kB
Inactive(file):  5764316 kB
Unevictable:        5592 kB
Mlocked:            5592 kB
SwapTotal:       3145724 kB
SwapFree:        3145724 kB
Dirty:               452 kB
Writeback:             0 kB
AnonPages:       1305208 kB
Mapped:           688924 kB
Shmem:             49352 kB
KReclaimable:     875680 kB
Slab:             245704 kB
SReclaimable:      97932 kB
SUnreclaim:       147772 kB
KernelStack:       47312 kB
PageTables:        64396 kB
NFS_Unstable:          0 kB
Bounce:                0 kB
WritebackTmp:          0 kB
CommitLimit:     9202292 kB
Committed_AS:   67544560 kB
VmallocTotal:   263061440 kB
VmallocUsed:      104280 kB
VmallocChunk:          0 kB
Percpu:             7680 kB
CmaTotal:         294912 kB
CmaFree:               0 kB
MemTotal:       12113136 kB
MemFree:          797276 kB
MemAvailable:    7869064 kB
Buffers:            8532 kB
Cached:          7126816 kB
SwapCached:            0 kB
Active:          2330604 kB
Inactive:        6105604 kB
Active(anon):    1013744 kB
Inactive(anon):   341268 kB
Active(file):    1316860 kB
Inactive(file):  5764336 kB
Unevictable:        5592 kB
Mlocked:            5592 kB
SwapTotal:       3145724 kB
SwapFree:        3145724 kB
Dirty:               492 kB
Writeback:             0 kB
AnonPages:       1306516 kB
Mapped:           689212 kB
Shmem:             49608 kB
KReclaimable:     875680 kB
Slab:             245704 kB
SReclaimable:      97932 kB
SUnreclaim:       147772 kB
KernelStack:       47264 kB
PageTables:        64332 kB
NFS_Unstable:          0 kB
Bounce:                0 kB
WritebackTmp:          0 kB
CommitLimit:     9202292 kB
Committed_AS:   67544164 kB
VmallocTotal:   263061440 kB
VmallocUsed:      104280 kB
VmallocChunk:          0 kB
Percpu:             7680 kB
CmaTotal:         294912 kB
CmaFree:               0 kB
MemTotal:       12113136 kB
MemFree:          797396 kB
MemAvailable:    7869204 kB
Buffers:            8532 kB
Cached:          7127092 kB
SwapCached:            0 kB
Active:          2332036 kB
Inactive:        6105880 kB
Active(anon):    1015176 kB
Inactive(anon):   341524 kB
Active(file):    1316860 kB
Inactive(file):  5764356 kB
Unevictable:        5592 kB
Mlocked:            5592 kB
SwapTotal:       3145724 kB
SwapFree:        3145724 kB
Dirty:               532 kB
Writeback:             0 kB
AnonPages:       1307816 kB
Mapped:           689240 kB
Shmem:             49864 kB
KReclaimable:     875680 kB
Slab:             245704 kB
SReclaimable:      97932 kB
SUnreclaim:       147772 kB
KernelStack:       47312 kB
PageTables:        64444 kB
NFS_Unstable:          0 kB
Bounce:                0 kB
WritebackTmp:          0 kB
CommitLimit:     9202292 kB
Committed_AS:   67545468 kB
VmallocTotal:   263061440 kB
VmallocUsed:      104248 kB
VmallocChunk:          0 kB
Percpu:             7680 kB
CmaTotal:         294912 kB
CmaFree:               0 kB
MemTotal:       12113136 kB
MemFree:          797648 kB
MemAvailable:    7869508 kB
Buffers:            8532 kB
Cached:          7127368 kB
SwapCached:            0 kB
Active:          2329916 kB
Inactive:        6106156 kB
Active(anon):    1013056 kB
Inactive(anon):   341780 kB
Active(file):    1316860 kB
Inactive(file):  5764376 kB
Unevictable:        5592 kB
Mlocked:            5592 kB
SwapTotal:       3145724 kB
SwapFree:        3145724 kB
Dirty:               588 kB
Writeback:             0 kB
AnonPages:       1305996 kB
Mapped:           687240 kB
Shmem:             50120 kB
KReclaimable:     875680 kB
Slab:             245712 kB
SReclaimable:      97932 kB
SUnreclaim:       147780 kB
KernelStack:       47264 kB
PageTables:        64324 kB
NFS_Unstable:          0 kB
Bounce:                0 kB
WritebackTmp:          0 kB
CommitLimit:     9202292 kB
Committed_AS:   67545088 kB
VmallocTotal:   263061440 kB
VmallocUsed:      104280 kB
VmallocChunk:          0 kB
Percpu:             7680 kB
CmaTotal:         294912 kB
CmaFree:               0 kB
MemTotal:       12113136 kB
MemFree:          797788 kB
MemAvailable:    7869632 kB
Buffers:            8532 kB
Cached:          7127640 kB
SwapCached:            0 kB
Active:          2330092 kB
Inactive:        6106428 kB
Active(anon):    1013232 kB
Inactive(anon):   342036 kB
Active(file):    1316860 kB
Inactive(file):  5764392 kB
Unevictable:        5592 kB
Mlocked:            5592 kB
SwapTotal:       3145724 kB
SwapFree:        3145724 kB
Dirty:               248 kB
Writeback:             0 kB
AnonPages:       1306056 kB
Mapped:           686772 kB
Shmem:             50376 kB
KReclaimable:     875680 kB
Slab:             245640 kB
SReclaimable:      97932 kB
SUnreclaim:       147708 kB
KernelStack:       47296 kB
PageTables:        64380 kB
NFS_Unstable:          0 kB
Bounce:                0 kB
WritebackTmp:          0 kB
CommitLimit:     9202292 kB
Committed_AS:   67542864 kB
VmallocTotal:   263061440 kB
VmallocUsed:      104248 kB
VmallocChunk:          0 kB
Percpu:             7680 kB
CmaTotal:         294912 kB
CmaFree:               0 kB
MemTotal:       12113136 kB
MemFree:          797344 kB
MemAvailable:    7869216 kB
Buffers:            8532 kB
Cached:          7127924 kB
SwapCached:            0 kB
Active:          2330904 kB
Inactive:        6106712 kB
Active(anon):    1014044 kB
Inactive(anon):   342292 kB
Active(file):    1316860 kB
Inactive(file):  5764420 kB
Unevictable:        5592 kB
Mlocked:            5592 kB
SwapTotal:       3145724 kB
SwapFree:        3145724 kB
Dirty:               352 kB
Writeback:             0 kB
AnonPages:       1306828 kB
Mapped:           687040 kB
Shmem:             50632 kB
KReclaimable:     875680 kB
Slab:             245640 kB
SReclaimable:      97932 kB
SUnreclaim:       147708 kB
KernelStack:       47280 kB
PageTables:        64456 kB
NFS_Unstable:          0 kB
Bounce:                0 kB
WritebackTmp:          0 kB
CommitLimit:     9202292 kB
Committed_AS:   67547768 kB
VmallocTotal:   263061440 kB
VmallocUsed:      104232 kB
VmallocChunk:          0 kB
Percpu:             7680 kB
CmaTotal:         294912 kB
CmaFree:               0 kB
MemTotal:       12113136 kB
MemFree:          794724 kB
MemAvailable:    7866636 kB
Buffers:            8536 kB
Cached:          7128216 kB
SwapCached:            0 kB
Active:          2332868 kB
Inactive:        6107004 kB
Active(anon):    1016004 kB
Inactive(anon):   342548 kB
Active(file):    1316864 kB
Inactive(file):  5764456 kB
Unevictable:        5592 kB
Mlocked:            5592 kB
SwapTotal:       3145724 kB
SwapFree:        3145724 kB
Dirty:               404 kB
Writeback:             0 kB
AnonPages:       1308792 kB
Mapped:           688848 kB
Shmem:             50888 kB
KReclaimable:     875680 kB
Slab:             245648 kB
SReclaimable:      97932 kB
SUnreclaim:       147716 kB
KernelStack:       47312 kB
PageTables:        64372 kB
NFS_Unstable:          0 kB
Bounce:                0 kB
WritebackTmp:          0 kB
CommitLimit:     9202292 kB
Committed_AS:   67546660 kB
VmallocTotal:   263061440 kB
VmallocUsed:      104280 kB
VmallocChunk:          0 kB
Percpu:             7680 kB
CmaTotal:         294912 kB
CmaFree:               0 kB
MemTotal:       12113136 kB
MemFree:          794184 kB
MemAvailable:    7866108 kB
Buffers:            8536 kB
Cached:          7128484 kB
SwapCached:            0 kB
Active:          2334204 kB
Inactive:        6107272 kB
Active(anon):    1017340 kB
Inactive(anon):   342804 kB
Active(file):    1316864 kB
Inactive(file):  5764468 kB
Unevictable:        5592 kB
Mlocked:            5592 kB
SwapTotal:       3145724 kB
SwapFree:        3145724 kB
Dirty:               440 kB
Writeback:             0 kB
AnonPages:       1310228 kB
Mapped:           689136 kB
Shmem:             51144 kB
KReclaimable:     875680 kB
Slab:             245648 kB
SReclaimable:      97932 kB
SUnreclaim:       147716 kB
KernelStack:       47280 kB
PageTables:        64336 kB
NFS_Unstable:          0 kB
Bounce:                0 kB
WritebackTmp:          0 kB
CommitLimit:     9202292 kB
Committed_AS:   67552416 kB
VmallocTotal:   263061440 kB
VmallocUsed:      104296 kB
VmallocChunk:          0 kB
Percpu:             7680 kB
CmaTotal:         294912 kB
CmaFree:               0 kB
MemTotal:       12113136 kB
MemFree:          791164 kB
MemAvailable:    7863116 kB
Buffers:            8536 kB
Cached:          7128768 kB
SwapCached:            0 kB
Active:          2335292 kB
Inactive:        6107556 kB
Active(anon):    1018428 kB
Inactive(anon):   343060 kB
Active(file):    1316864 kB
Inactive(file):  5764496 kB
Unevictable:        5592 kB
Mlocked:            5592 kB
SwapTotal:       3145724 kB
SwapFree:        3145724 kB
Dirty:               496 kB
Writeback:             0 kB
AnonPages:       1310996 kB
Mapped:           689164 kB
Shmem:             51400 kB
KReclaimable:     875680 kB
Slab:             245648 kB
SReclaimable:      97932 kB
SUnreclaim:       147716 kB
KernelStack:       47296 kB
PageTables:        64340 kB
NFS_Unstable:          0 kB
Bounce:                0 kB
WritebackTmp:          0 kB
CommitLimit:     9202292 kB
Committed_AS:   67547352 kB
VmallocTotal:   263061440 kB
VmallocUsed:      104312 kB
VmallocChunk:          0 kB
Percpu:             7680 kB
CmaTotal:         294912 kB
CmaFree:               0 kB
MemTotal:       12113136 kB
MemFree:          789396 kB
MemAvailable:    7861368 kB
Buffers:            8536 kB
Cached:          7129044 kB
SwapCached:            0 kB
Active:          2336848 kB
Inactive:        6107832 kB
Active(anon):    1019984 kB
Inactive(anon):   343316 kB
Active(file):    1316864 kB
Inactive(file):  5764516 kB
Unevictable:        5592 kB
Mlocked:            5592 kB
SwapTotal:       3145724 kB
SwapFree:        3145724 kB
Dirty:               240 kB
Writeback:             0 kB
AnonPages:       1312792 kB
Mapped:           689192 kB
Shmem:             51656 kB
KReclaimable:     875680 kB
Slab:             245680 kB
SReclaimable:      97932 kB
SUnreclaim:       147748 kB
KernelStack:       47312 kB
PageTables:        64336 kB
NFS_Unstable:          0 kB
Bounce:                0 kB
WritebackTmp:          0 kB
CommitLimit:     9202292 kB
Committed_AS:   67552556 kB
VmallocTotal:   263061440 kB
VmallocUsed:      104360 kB
VmallocChunk:          0 kB
Percpu:             7680 kB
CmaTotal:         294912 kB
CmaFree:               0 kB
MemTotal:       12113136 kB
MemFree:          787572 kB
MemAvailable:    7859560 kB
Buffers:            8536 kB
Cached:          7129316 kB
SwapCached:            0 kB
Active:          2338368 kB
Inactive:        6108104 kB
Active(anon):    1021504 kB
Inactive(anon):   343572 kB
Active(file):    1316864 kB
Inactive(file):  5764532 kB
Unevictable:        5592 kB
Mlocked:            5592 kB
SwapTotal:       3145724 kB
SwapFree:        3145724 kB
Dirty:               324 kB
Writeback:             0 kB
AnonPages:       1314248 kB
Mapped:           689028 kB
Shmem:             51912 kB
KReclaimable:     875680 kB
Slab:             245680 kB
SReclaimable:      97932 kB
SUnreclaim:       147748 kB
KernelStack:       47328 kB
PageTables:        64356 kB
NFS_Unstable:          0 kB
Bounce:                0 kB
WritebackTmp:          0 kB
CommitLimit:     9202292 kB
Committed_AS:   67557120 kB
VmallocTotal:   263061440 kB
VmallocUsed:      104312 kB
VmallocChunk:          0 kB
Percpu:             7680 kB
CmaTotal:         294912 kB
CmaFree:               0 kB
MemTotal:       12113136 kB
MemFree:          787004 kB
MemAvailable:    7859016 kB
Buffers:            8536 kB
Cached:          7129596 kB
SwapCached:            0 kB
Active:          2340096 kB
Inactive:        6108384 kB
Active(anon):    1023232 kB
Inactive(anon):   343828 kB
Active(file):    1316864 kB
Inactive(file):  5764556 kB
Unevictable:        5592 kB
Mlocked:            5592 kB
SwapTotal:       3145724 kB
SwapFree:        3145724 kB
Dirty:               376 kB
Writeback:             0 kB
AnonPages:       1315980 kB
Mapped:           689252 kB
Shmem:             52168 kB
KReclaimable:     875680 kB
Slab:             245680 kB
SReclaimable:      97932 kB
SUnreclaim:       147748 kB
KernelStack:       47312 kB
PageTables:        64468 kB
NFS_Unstable:          0 kB
Bounce:                0 kB
WritebackTmp:          0 kB
CommitLimit:     9202292 kB
Committed_AS:   67548132 kB
VmallocTotal:   263061440 kB
VmallocUsed:      104296 kB
VmallocChunk:          0 kB
Percpu:             7680 kB
CmaTotal:         294912 kB
CmaFree:               0 kB
MemTotal:       12113136 kB
MemFree:          785472 kB
MemAvailable:    7857508 kB
Buffers:            8536 kB
Cached:          7129876 kB
SwapCached:            0 kB
Active:          2341076 kB
Inactive:        6108664 kB
Active(anon):    1024212 kB
Inactive(anon):   344084 kB
Active(file):    1316864 kB
Inactive(file):  5764580 kB
Unevictable:        5592 kB
Mlocked:            5592 kB
SwapTotal:       3145724 kB
SwapFree:        3145724 kB
Dirty:               440 kB
Writeback:             0 kB
AnonPages:       1317040 kB
Mapped:           689164 kB
Shmem:             52424 kB
KReclaimable:     875680 kB
Slab:             245680 kB
SReclaimable:      97932 kB
SUnreclaim:       147748 kB
KernelStack:       47376 kB
PageTables:        64292 kB
NFS_Unstable:          0 kB
Bounce:                0 kB
WritebackTmp:          0 kB
CommitLimit:     9202292 kB
Committed_AS:   67541324 kB
VmallocTotal:   263061440 kB
VmallocUsed:      104280 kB
VmallocChunk:          0 kB
Percpu:             7680 kB
CmaTotal:         294912 kB
CmaFree:               0 kB
MemTotal:       12113136 kB
MemFree:          784708 kB
MemAvailable:    7856756 kB
Buffers:            8536 kB
Cached:          7130144 kB
SwapCached:            0 kB
Active:          2342016 kB
Inactive:        6108932 kB
Active(anon):    1025152 kB
Inactive(anon):   344340 kB
Active(file):    1316864 kB
Inactive(file):  5764592 kB
Unevictable:        5592 kB
Mlocked:            5592 kB
SwapTotal:       3145724 kB
SwapFree:        3145724 kB
Dirty:               472 kB
Writeback:             0 kB
AnonPages:       1317940 kB
Mapped:           689316 kB
Shmem:             52680 kB
KReclaimable:     875680 kB
Slab:             245688 kB
SReclaimable:      97932 kB
SUnreclaim:       147756 kB
KernelStack:       47328 kB
PageTables:        64208 kB
NFS_Unstable:          0 kB
Bounce:                0 kB
WritebackTmp:          0 kB
CommitLimit:     9202292 kB
Committed_AS:   67544728 kB
VmallocTotal:   263061440 kB
VmallocUsed:      104232 kB
VmallocChunk:          0 kB
Percpu:             7680 kB
CmaTotal:         294912 kB
CmaFree:               0 kB
MemTotal:       12113136 kB
MemFree:          782940 kB
MemAvailable:    7855008 kB
Buffers:            8536 kB
Cached:          7130420 kB
SwapCached:            0 kB
Active:          2343512 kB
Inactive:        6109208 kB
Active(anon):    1026648 kB
Inactive(anon):   344596 kB
Active(file):    1316864 kB
Inactive(file):  5764612 kB
Unevictable:        5592 kB
Mlocked:            5592 kB
SwapTotal:       3145724 kB
SwapFree:        3145724 kB
Dirty:               520 kB
Writeback:             0 kB
AnonPages:       1319296 kB
Mapped:           689092 kB
Shmem:             52936 kB
KReclaimable:     875680 kB
Slab:             245712 kB
SReclaimable:      97932 kB
SUnreclaim:       147780 kB
KernelStack:       47328 kB
PageTables:        64364 kB
NFS_Unstable:          0 kB
Bounce:                0 kB
WritebackTmp:          0 kB
CommitLimit:     9202292 kB
Committed_AS:   67546424 kB
VmallocTotal:   263061440 kB
VmallocUsed:      104216 kB
VmallocChunk:          0 kB
Percpu:             7680 kB
CmaTotal:         294912 kB
CmaFree:               0 kB
MemTotal:       12113136 kB
MemFree:          782904 kB
MemAvailable:    7855008 kB
Buffers:            8536 kB
Cached:          7130712 kB
SwapCached:            0 kB
Active:          2342964 kB
Inactive:        6109500 kB
Active(anon):    1026100 kB
Inactive(anon):   344852 kB
Active(file):    1316864 kB
Inactive(file):  5764648 kB
Unevictable:        5592 kB
Mlocked:            5592 kB
SwapTotal:       3145724 kB
SwapFree:        3145724 kB
Dirty:               608 kB
Writeback:             0 kB
AnonPages:       1318728 kB
Mapped:           689116 kB
Shmem:             53192 kB
KReclaimable:     875680 kB
Slab:             245712 kB
SReclaimable:      97932 kB
SUnreclaim:       147780 kB
KernelStack:       47296 kB
PageTables:        64336 kB
NFS_Unstable:          0 kB
Bounce:                0 kB
WritebackTmp:          0 kB
CommitLimit:     9202292 kB
Committed_AS:   67541072 kB
VmallocTotal:   263061440 kB
VmallocUsed:      104216 kB
VmallocChunk:          0 kB
Percpu:             7680 kB
CmaTotal:         294912 kB
CmaFree:               0 kB
MemTotal:       12113136 kB
MemFree:          781476 kB
MemAvailable:    7853596 kB
Buffers:            8536 kB
Cached:          7130984 kB
SwapCached:            0 kB
Active:          2344416 kB
Inactive:        6109772 kB
Active(anon):    1027552 kB
Inactive(anon):   345108 kB
Active(file):    1316864 kB
Inactive(file):  5764664 kB
Unevictable:        5592 kB
Mlocked:            5592 kB
SwapTotal:       3145724 kB
SwapFree:        3145724 kB
Dirty:               644 kB
Writeback:             0 kB
AnonPages:       1320416 kB
Mapped:           689208 kB
Shmem:             53448 kB
KReclaimable:     875680 kB
Slab:             245712 kB
SReclaimable:      97932 kB
SUnreclaim:       147780 kB
KernelStack:       47344 kB
PageTables:        64448 kB
NFS_Unstable:          0 kB
Bounce:                0 kB
WritebackTmp:          0 kB
CommitLimit:     9202292 kB
Committed_AS:   67535860 kB
VmallocTotal:   263061440 kB
VmallocUsed:      104248 kB
VmallocChunk:          0 kB
Percpu:             7680 kB
CmaTotal:         294912 kB
CmaFree:               0 kB
MemTotal:       12113136 kB
MemFree:          777876 kB
MemAvailable:    7850024 kB
Buffers:            8536 kB
Cached:          7131268 kB
SwapCached:            0 kB
Active:          2345760 kB
Inactive:        6110056 kB
Active(anon):    1028896 kB
Inactive(anon):   345364 kB
Active(file):    1316864 kB
Inactive(file):  5764692 kB
Unevictable:        5592 kB
Mlocked:            5592 kB
SwapTotal:       3145724 kB
SwapFree:        3145724 kB
Dirty:               692 kB
Writeback:             0 kB
AnonPages:       1321668 kB
Mapped:           689176 kB
Shmem:             53704 kB
KReclaimable:     875680 kB
Slab:             245720 kB
SReclaimable:      97932 kB
SUnreclaim:       147788 kB
KernelStack:       47312 kB
PageTables:        64468 kB
NFS_Unstable:          0 kB
Bounce:                0 kB
WritebackTmp:          0 kB
CommitLimit:     9202292 kB
Committed_AS:   67554204 kB
VmallocTotal:   263061440 kB
VmallocUsed:      104328 kB
VmallocChunk:          0 kB
Percpu:             7680 kB
CmaTotal:         294912 kB
CmaFree:               0 kB
MemTotal:       12113136 kB
MemFree:          776360 kB
MemAvailable:    7848524 kB
Buffers:            8536 kB
Cached:          7131540 kB
SwapCached:            0 kB
Active:          2346752 kB
Inactive:        6110328 kB
Active(anon):    1029888 kB
Inactive(anon):   345620 kB
Active(file):    1316864 kB
Inactive(file):  5764708 kB
Unevictable:        5592 kB
Mlocked:            5592 kB
SwapTotal:       3145724 kB
SwapFree:        3145724 kB
Dirty:               740 kB
Writeback:             0 kB
AnonPages:       1322620 kB
Mapped:           689468 kB
Shmem:             53960 kB
KReclaimable:     875680 kB
Slab:             245752 kB
SReclaimable:      97932 kB
SUnreclaim:       147820 kB
KernelStack:       47344 kB
PageTables:        64416 kB
NFS_Unstable:          0 kB
Bounce:                0 kB
WritebackTmp:          0 kB
CommitLimit:     9202292 kB
Committed_AS:   67554324 kB
VmallocTotal:   263061440 kB
VmallocUsed:      104328 kB
VmallocChunk:          0 kB
Percpu:             7680 kB
CmaTotal:         294912 kB
CmaFree:               0 kB
MemTotal:       12113136 kB
MemFree:          789356 kB
MemAvailable:    7861540 kB
Buffers:            8536 kB
Cached:          7131816 kB
SwapCached:            0 kB
Active:          2333756 kB
Inactive:        6110604 kB
Active(anon):    1016892 kB
Inactive(anon):   345876 kB
Active(file):    1316864 kB
Inactive(file):  5764728 kB
Unevictable:        5592 kB
Mlocked:            5592 kB
SwapTotal:       3145724 kB
SwapFree:        3145724 kB
Dirty:               212 kB
Writeback:             0 kB
AnonPages:       1309484 kB
Mapped:           689496 kB
Shmem:             54216 kB
KReclaimable:     875680 kB
Slab:             245736 kB
SReclaimable:      97932 kB
SUnreclaim:       147804 kB
KernelStack:       47312 kB
PageTables:        64468 kB
NFS_Unstable:          0 kB
Bounce:                0 kB
WritebackTmp:          0 kB
CommitLimit:     9202292 kB
Committed_AS:   67549324 kB
VmallocTotal:   263061440 kB
VmallocUsed:      104296 kB
VmallocChunk:          0 kB
Percpu:             7680 kB
CmaTotal:         294912 kB
CmaFree:               0 kB
MemTotal:       12113136 kB
MemFree:          789580 kB
MemAvailable:    7861784 kB
Buffers:            8536 kB
Cached:          7132092 kB
SwapCached:            0 kB
Active:          2334804 kB
Inactive:        6110880 kB
Active(anon):    1017940 kB
Inactive(anon):   346132 kB
Active(file):    1316864 kB
Inactive(file):  5764748 kB
Unevictable:        5592 kB
Mlocked:            5592 kB
SwapTotal:       3145724 kB
SwapFree:        3145724 kB
Dirty:               312 kB
Writeback:             0 kB
AnonPages:       1310812 kB
Mapped:           689524 kB
Shmem:             54472 kB
KReclaimable:     875680 kB
Slab:             245760 kB
SReclaimable:      97932 kB
SUnreclaim:       147828 kB
KernelStack:       47328 kB
PageTables:        64392 kB
NFS_Unstable:          0 kB
Bounce:                0 kB
WritebackTmp:          0 kB
CommitLimit:     9202292 kB
Committed_AS:   67549000 kB
VmallocTotal:   263061440 kB
VmallocUsed:      104264 kB
VmallocChunk:          0 kB
Percpu:             7680 kB
CmaTotal:         294912 kB
CmaFree:               0 kB
MemTotal:       12113136 kB
MemFree:          787512 kB
MemAvailable:    7859764 kB
Buffers:            8540 kB
Cached:          7132392 kB
SwapCached:            0 kB
Active:          2336704 kB
Inactive:        6111180 kB
Active(anon):    1019836 kB
Inactive(anon):   346388 kB
Active(file):    1316868 kB
Inactive(file):  5764792 kB
Unevictable:        5592 kB
Mlocked:            5592 kB
SwapTotal:       3145724 kB
SwapFree:        3145724 kB
Dirty:               388 kB
Writeback:             0 kB
AnonPages:       1312660 kB
Mapped:           689560 kB
Shmem:             54728 kB
KReclaimable:     875680 kB
Slab:             245784 kB
SReclaimable:      97932 kB
SUnreclaim:       147852 kB
KernelStack:       47296 kB
PageTables:        64336 kB
NFS_Unstable:          0 kB
Bounce:                0 kB
WritebackTmp:          0 kB
CommitLimit:     9202292 kB
Committed_AS:   67552784 kB
VmallocTotal:   263061440 kB
VmallocUsed:      104248 kB
VmallocChunk:          0 kB
Percpu:             7680 kB
CmaTotal:         294912 kB
CmaFree:               0 kB
MemTotal:       12113136 kB
MemFree:          785608 kB
MemAvailable:    7857872 kB
Buffers:            8540 kB
Cached:          7132660 kB
SwapCached:            0 kB
Active:          2337808 kB
Inactive:        6111448 kB
Active(anon):    1020940 kB
Inactive(anon):   346644 kB
Active(file):    1316868 kB
Inactive(file):  5764804 kB
Unevictable:        5592 kB
Mlocked:            5592 kB
SwapTotal:       3145724 kB
SwapFree:        3145724 kB
Dirty:               420 kB
Writeback:             0 kB
AnonPages:       1313808 kB
Mapped:           689568 kB
Shmem:             54984 kB
KReclaimable:     875680 kB
Slab:             245792 kB
SReclaimable:      97932 kB
SUnreclaim:       147860 kB
KernelStack:       47280 kB
PageTables:        64424 kB
NFS_Unstable:          0 kB
Bounce:                0 kB
WritebackTmp:          0 kB
CommitLimit:     9202292 kB
Committed_AS:   67552564 kB
VmallocTotal:   263061440 kB
VmallocUsed:      104200 kB
VmallocChunk:          0 kB
Percpu:             7680 kB
CmaTotal:         294912 kB
CmaFree:               0 kB
MemTotal:       12113136 kB
MemFree:          784636 kB
MemAvailable:    7856924 kB
Buffers:            8540 kB
Cached:          7132940 kB
SwapCached:            0 kB
Active:          2339084 kB
Inactive:        6111728 kB
Active(anon):    1022216 kB
Inactive(anon):   346900 kB
Active(file):    1316868 kB
Inactive(file):  5764828 kB
Unevictable:        5592 kB
Mlocked:            5592 kB
SwapTotal:       3145724 kB
SwapFree:        3145724 kB
Dirty:               464 kB
Writeback:             0 kB
AnonPages:       1314924 kB
Mapped:           689368 kB
Shmem:             55240 kB
KReclaimable:     875680 kB
Slab:             245792 kB
SReclaimable:      97932 kB
SUnreclaim:       147860 kB
KernelStack:       47296 kB
PageTables:        64336 kB
NFS_Unstable:          0 kB
Bounce:                0 kB
WritebackTmp:          0 kB
CommitLimit:     9202292 kB
Committed_AS:   67555988 kB
VmallocTotal:   263061440 kB
VmallocUsed:      104216 kB
VmallocChunk:          0 kB
Percpu:             7680 kB
CmaTotal:         294912 kB
CmaFree:               0 kB
MemTotal:       12113136 kB
MemFree:          782564 kB
MemAvailable:    7854876 kB
Buffers:            8540 kB
Cached:          7133220 kB
SwapCached:            0 kB
Active:          2340176 kB
Inactive:        6112008 kB
Active(anon):    1023308 kB
Inactive(anon):   347156 kB
Active(file):    1316868 kB
Inactive(file):  5764852 kB
Unevictable:        5592 kB
Mlocked:            5592 kB
SwapTotal:       3145724 kB
SwapFree:        3145724 kB
Dirty:               224 kB
Writeback:             0 kB
AnonPages:       1316108 kB
Mapped:           689656 kB
Shmem:             55496 kB
KReclaimable:     875680 kB
Slab:             245840 kB
SReclaimable:      97932 kB
SUnreclaim:       147908 kB
KernelStack:       47328 kB
PageTables:        64360 kB
NFS_Unstable:          0 kB
Bounce:                0 kB
WritebackTmp:          0 kB
CommitLimit:     9202292 kB
Committed_AS:   67555516 kB
VmallocTotal:   263061440 kB
VmallocUsed:      104232 kB
