MemTotal:        5980404 kB
MemFree:         1221936 kB
MemAvailable:    2892028 kB
Buffers:            6188 kB
Cached:          1694188 kB
SwapCached:            0 kB
Active:          1271428 kB
Inactive:        1469300 kB
Active(anon):    1046928 kB
Inactive(anon):    20344 kB
Active(file):     224500 kB
Inactive(file):  1448956 kB
Unevictable:        5576 kB
Mlocked:            5576 kB
SwapTotal:       3670008 kB
SwapFree:        3670008 kB
Dirty:               240 kB
Writeback:             0 kB
AnonPages:       1045720 kB
Mapped:           782420 kB
Shmem:             22384 kB
KReclaimable:     559068 kB
Slab:             222132 kB
SReclaimable:      68644 kB
SUnreclaim:       153488 kB
KernelStack:       43152 kB
PageTables:        55500 kB
NFS_Unstable:          0 kB
Bounce:                0 kB
WritebackTmp:          0 kB
CommitLimit:     6660208 kB
Committed_AS:   61492820 kB
VmallocTotal:   263061440 kB
VmallocUsed:       83552 kB
VmallocChunk:          0 kB
Percpu:             7648 kB
CmaTotal:         315392 kB
CmaFree:               0 kB
MemTotal:        5980404 kB
MemFree:         1215964 kB
MemAvailable:    2886056 kB
Buffers:            6188 kB
Cached:          1694188 kB
SwapCached:            0 kB
Active:          1276388 kB
Inactive:        1469300 kB
Active(anon):    1051888 kB
Inactive(anon):    20344 kB
Active(file):     224500 kB
Inactive(file):  1448956 kB
Unevictable:        5576 kB
Mlocked:            5576 kB
SwapTotal:       3670008 kB
SwapFree:        3670008 kB
Dirty:               240 kB
Writeback:             0 kB
AnonPages:       1050564 kB
Mapped:           781912 kB
Shmem:             22384 kB
KReclaimable:     559068 kB
Slab:             222124 kB
SReclaimable:      68644 kB
SUnreclaim:       153480 kB
KernelStack:       43184 kB
PageTables:        55448 kB
NFS_Unstable:          0 kB
Bounce:                0 kB
WritebackTmp:          0 kB
CommitLimit:     6660208 kB
Committed_AS:   61497036 kB
VmallocTotal:   263061440 kB
VmallocUsed:       83584 kB
VmallocChunk:          0 kB
Percpu:             7648 kB
CmaTotal:         315392 kB
CmaFree:               0 kB
MemTotal:        5980404 kB
MemFree:         1216612 kB
MemAvailable:    2886704 kB
Buffers:            6188 kB
Cached:          1694188 kB
SwapCached:            0 kB
Active:          1276544 kB
Inactive:        1469300 kB
Active(anon):    1052044 kB
Inactive(anon):    20344 kB
Active(file):     224500 kB
Inactive(file):  1448956 kB
Unevictable:        5576 kB
Mlocked:            5576 kB
SwapTotal:       3670008 kB
SwapFree:        3670008 kB
Dirty:               240 kB
Writeback:             0 kB
AnonPages:       1050744 kB
Mapped:           781992 kB
Shmem:             22384 kB
KReclaimable:     559068 kB
Slab:             222076 kB
SReclaimable:      68644 kB
SUnreclaim:       153432 kB
KernelStack:       43168 kB
PageTables:        55536 kB
NFS_Unstable:          0 kB
Bounce:                0 kB
WritebackTmp:          0 kB
CommitLimit:     6660208 kB
Committed_AS:   61494420 kB
VmallocTotal:   263061440 kB
VmallocUsed:       83600 kB
VmallocChunk:          0 kB
Percpu:             7648 kB
CmaTotal:         315392 kB
CmaFree:               0 kB
MemTotal:        5980404 kB
MemFree:         1216596 kB
MemAvailable:    2886688 kB
Buffers:            6188 kB
Cached:          1694188 kB
SwapCached:            0 kB
Active:          1276512 kB
Inactive:        1469300 kB
Active(anon):    1052012 kB
Inactive(anon):    20344 kB
Active(file):     224500 kB
Inactive(file):  1448956 kB
Unevictable:        5576 kB
Mlocked:            5576 kB
SwapTotal:       3670008 kB
SwapFree:        3670008 kB
Dirty:               240 kB
Writeback:             0 kB
AnonPages:       1051232 kB
Mapped:           781684 kB
Shmem:             22384 kB
KReclaimable:     559068 kB
Slab:             222092 kB
SReclaimable:      68644 kB
SUnreclaim:       153448 kB
KernelStack:       43200 kB
PageTables:        55496 kB
NFS_Unstable:          0 kB
Bounce:                0 kB
WritebackTmp:          0 kB
CommitLimit:     6660208 kB
Committed_AS:   61491708 kB
VmallocTotal:   263061440 kB
VmallocUsed:       83600 kB
VmallocChunk:          0 kB
Percpu:             7648 kB
CmaTotal:         315392 kB
CmaFree:               0 kB
MemTotal:        5980404 kB
MemFree:         1216656 kB
MemAvailable:    2886748 kB
Buffers:            6188 kB
Cached:          1694196 kB
SwapCached:            0 kB
Active:          1275484 kB
Inactive:        1469308 kB
Active(anon):    1050984 kB
Inactive(anon):    20352 kB
Active(file):     224500 kB
Inactive(file):  1448956 kB
Unevictable:        5576 kB
Mlocked:            5576 kB
SwapTotal:       3670008 kB
SwapFree:        3670008 kB
Dirty:               240 kB
Writeback:             4 kB
AnonPages:       1049460 kB
Mapped:           781920 kB
Shmem:             22392 kB
KReclaimable:     559068 kB
Slab:             222132 kB
SReclaimable:      68644 kB
SUnreclaim:       153488 kB
KernelStack:       43184 kB
PageTables:        55576 kB
NFS_Unstable:          0 kB
Bounce:                0 kB
WritebackTmp:          0 kB
CommitLimit:     6660208 kB
Committed_AS:   61496596 kB
VmallocTotal:   263061440 kB
VmallocUsed:       83584 kB
VmallocChunk:          0 kB
Percpu:             7648 kB
CmaTotal:         315392 kB
CmaFree:              20 kB
MemTotal:        5980404 kB
MemFree:         1230796 kB
MemAvailable:    2914328 kB
Buffers:            6188 kB
Cached:          1693828 kB
SwapCached:            0 kB
Active:          1259656 kB
Inactive:        1469100 kB
Active(anon):    1035052 kB
Inactive(anon):    20240 kB
Active(file):     224604 kB
Inactive(file):  1448860 kB
Unevictable:        5576 kB
Mlocked:            5576 kB
SwapTotal:       3670008 kB
SwapFree:        3670008 kB
Dirty:               256 kB
Writeback:             0 kB
AnonPages:       1034620 kB
Mapped:           781232 kB
Shmem:             22016 kB
KReclaimable:     572500 kB
Slab:             222148 kB
SReclaimable:      68644 kB
SUnreclaim:       153504 kB
KernelStack:       43168 kB
PageTables:        55384 kB
NFS_Unstable:          0 kB
Bounce:                0 kB
WritebackTmp:          0 kB
CommitLimit:     6660208 kB
Committed_AS:   61495108 kB
VmallocTotal:   263061440 kB
VmallocUsed:       83552 kB
VmallocChunk:          0 kB
Percpu:             7648 kB
CmaTotal:         315392 kB
CmaFree:             336 kB
MemTotal:        5980404 kB
MemFree:         1231348 kB
MemAvailable:    2914880 kB
Buffers:            6188 kB
Cached:          1693828 kB
SwapCached:            0 kB
Active:          1259908 kB
Inactive:        1469100 kB
Active(anon):    1035304 kB
Inactive(anon):    20240 kB
Active(file):     224604 kB
Inactive(file):  1448860 kB
Unevictable:        5576 kB
Mlocked:            5576 kB
SwapTotal:       3670008 kB
SwapFree:        3670008 kB
Dirty:               256 kB
Writeback:             0 kB
AnonPages:       1034504 kB
Mapped:           781020 kB
Shmem:             22016 kB
KReclaimable:     572500 kB
Slab:             222092 kB
SReclaimable:      68644 kB
SUnreclaim:       153448 kB
KernelStack:       43200 kB
PageTables:        55652 kB
NFS_Unstable:          0 kB
Bounce:                0 kB
WritebackTmp:          0 kB
CommitLimit:     6660208 kB
Committed_AS:   61491384 kB
VmallocTotal:   263061440 kB
VmallocUsed:       83520 kB
VmallocChunk:          0 kB
Percpu:             7648 kB
CmaTotal:         315392 kB
CmaFree:               0 kB
MemTotal:        5980404 kB
MemFree:         1232004 kB
MemAvailable:    2915536 kB
Buffers:            6188 kB
Cached:          1693828 kB
SwapCached:            0 kB
Active:          1260316 kB
Inactive:        1469100 kB
Active(anon):    1035712 kB
Inactive(anon):    20240 kB
Active(file):     224604 kB
Inactive(file):  1448860 kB
Unevictable:        5576 kB
Mlocked:            5576 kB
SwapTotal:       3670008 kB
SwapFree:        3670008 kB
Dirty:               256 kB
Writeback:             0 kB
AnonPages:       1035224 kB
Mapped:           781252 kB
Shmem:             22016 kB
KReclaimable:     572500 kB
Slab:             222076 kB
SReclaimable:      68644 kB
SUnreclaim:       153432 kB
KernelStack:       43168 kB
PageTables:        55600 kB
NFS_Unstable:          0 kB
Bounce:                0 kB
WritebackTmp:          0 kB
CommitLimit:     6660208 kB
Committed_AS:   61494324 kB
VmallocTotal:   263061440 kB
VmallocUsed:       83504 kB
VmallocChunk:          0 kB
Percpu:             7648 kB
CmaTotal:         315392 kB
CmaFree:              28 kB
MemTotal:        5980404 kB
MemFree:         1232336 kB
MemAvailable:    2915868 kB
Buffers:            6188 kB
Cached:          1693832 kB
SwapCached:            0 kB
Active:          1260756 kB
Inactive:        1469104 kB
Active(anon):    1036152 kB
Inactive(anon):    20244 kB
Active(file):     224604 kB
Inactive(file):  1448860 kB
Unevictable:        5576 kB
Mlocked:            5576 kB
SwapTotal:       3670008 kB
SwapFree:        3670008 kB
Dirty:               256 kB
Writeback:             0 kB
AnonPages:       1035796 kB
Mapped:           781236 kB
Shmem:             22020 kB
KReclaimable:     572500 kB
Slab:             222068 kB
SReclaimable:      68644 kB
SUnreclaim:       153424 kB
KernelStack:       43216 kB
PageTables:        55644 kB
NFS_Unstable:          0 kB
Bounce:                0 kB
WritebackTmp:          0 kB
CommitLimit:     6660208 kB
Committed_AS:   61495316 kB
VmallocTotal:   263061440 kB
VmallocUsed:       83504 kB
VmallocChunk:          0 kB
Percpu:             7648 kB
CmaTotal:         315392 kB
CmaFree:             128 kB
MemTotal:        5980404 kB
MemFree:         1231488 kB
MemAvailable:    2915020 kB
Buffers:            6188 kB
Cached:          1693832 kB
SwapCached:            0 kB
Active:          1261620 kB
Inactive:        1469104 kB
Active(anon):    1037016 kB
Inactive(anon):    20244 kB
Active(file):     224604 kB
Inactive(file):  1448860 kB
Unevictable:        5576 kB
Mlocked:            5576 kB
SwapTotal:       3670008 kB
SwapFree:        3670008 kB
Dirty:               224 kB
Writeback:             0 kB
AnonPages:       1035948 kB
Mapped:           781408 kB
Shmem:             22020 kB
KReclaimable:     572500 kB
Slab:             222088 kB
SReclaimable:      68644 kB
SUnreclaim:       153444 kB
KernelStack:       43168 kB
PageTables:        55640 kB
NFS_Unstable:          0 kB
Bounce:                0 kB
WritebackTmp:          0 kB
CommitLimit:     6660208 kB
Committed_AS:   61495600 kB
VmallocTotal:   263061440 kB
VmallocUsed:       83488 kB
VmallocChunk:          0 kB
Percpu:             7648 kB
CmaTotal:         315392 kB
CmaFree:               0 kB
MemTotal:        5980404 kB
MemFree:         1231764 kB
MemAvailable:    2915312 kB
Buffers:            6192 kB
Cached:          1693844 kB
SwapCached:            0 kB
Active:          1261408 kB
Inactive:        1469116 kB
Active(anon):    1036800 kB
Inactive(anon):    20244 kB
Active(file):     224608 kB
Inactive(file):  1448872 kB
Unevictable:        5576 kB
Mlocked:            5576 kB
SwapTotal:       3670008 kB
SwapFree:        3670008 kB
Dirty:               244 kB
Writeback:             0 kB
AnonPages:       1036080 kB
Mapped:           781036 kB
Shmem:             22020 kB
KReclaimable:     572500 kB
Slab:             222056 kB
SReclaimable:      68644 kB
SUnreclaim:       153412 kB
KernelStack:       43200 kB
PageTables:        55584 kB
NFS_Unstable:          0 kB
Bounce:                0 kB
WritebackTmp:          0 kB
CommitLimit:     6660208 kB
Committed_AS:   61494100 kB
VmallocTotal:   263061440 kB
VmallocUsed:       83504 kB
VmallocChunk:          0 kB
Percpu:             7648 kB
CmaTotal:         315392 kB
CmaFree:             156 kB
MemTotal:        5980404 kB
MemFree:         1230996 kB
MemAvailable:    2914552 kB
Buffers:            6192 kB
Cached:          1693852 kB
SwapCached:            0 kB
Active:          1262056 kB
Inactive:        1469120 kB
Active(anon):    1037444 kB
Inactive(anon):    20244 kB
Active(file):     224612 kB
Inactive(file):  1448876 kB
Unevictable:        5576 kB
Mlocked:            5576 kB
SwapTotal:       3670008 kB
SwapFree:        3670008 kB
Dirty:               244 kB
Writeback:             0 kB
AnonPages:       1036680 kB
Mapped:           781116 kB
Shmem:             22020 kB
KReclaimable:     572500 kB
Slab:             222072 kB
SReclaimable:      68644 kB
SUnreclaim:       153428 kB
KernelStack:       43216 kB
PageTables:        55684 kB
NFS_Unstable:          0 kB
Bounce:                0 kB
WritebackTmp:          0 kB
CommitLimit:     6660208 kB
Committed_AS:   61489656 kB
VmallocTotal:   263061440 kB
VmallocUsed:       83504 kB
VmallocChunk:          0 kB
Percpu:             7648 kB
CmaTotal:         315392 kB
CmaFree:               0 kB
MemTotal:        5980404 kB
MemFree:         1231312 kB
MemAvailable:    2914860 kB
Buffers:            6192 kB
Cached:          1693844 kB
SwapCached:            0 kB
Active:          1261992 kB
Inactive:        1469116 kB
Active(anon):    1037384 kB
Inactive(anon):    20244 kB
Active(file):     224608 kB
Inactive(file):  1448872 kB
Unevictable:        5576 kB
Mlocked:            5576 kB
SwapTotal:       3670008 kB
SwapFree:        3670008 kB
Dirty:               236 kB
Writeback:             0 kB
AnonPages:       1036732 kB
Mapped:           781264 kB
Shmem:             22020 kB
KReclaimable:     572500 kB
Slab:             222088 kB
SReclaimable:      68644 kB
SUnreclaim:       153444 kB
KernelStack:       43216 kB
PageTables:        55656 kB
NFS_Unstable:          0 kB
Bounce:                0 kB
WritebackTmp:          0 kB
CommitLimit:     6660208 kB
Committed_AS:   61488768 kB
VmallocTotal:   263061440 kB
VmallocUsed:       83488 kB
VmallocChunk:          0 kB
Percpu:             7648 kB
CmaTotal:         315392 kB
CmaFree:               0 kB
MemTotal:        5980404 kB
MemFree:         1229540 kB
MemAvailable:    2913088 kB
Buffers:            6192 kB
Cached:          1693844 kB
SwapCached:            0 kB
Active:          1262444 kB
Inactive:        1469116 kB
Active(anon):    1037836 kB
Inactive(anon):    20244 kB
Active(file):     224608 kB
Inactive(file):  1448872 kB
Unevictable:        5576 kB
Mlocked:            5576 kB
SwapTotal:       3670008 kB
SwapFree:        3670008 kB
Dirty:               236 kB
Writeback:             0 kB
AnonPages:       1036732 kB
Mapped:           781508 kB
Shmem:             22020 kB
KReclaimable:     572500 kB
Slab:             222064 kB
SReclaimable:      68644 kB
SUnreclaim:       153420 kB
KernelStack:       43180 kB
PageTables:        55376 kB
NFS_Unstable:          0 kB
Bounce:                0 kB
WritebackTmp:          0 kB
CommitLimit:     6660208 kB
Committed_AS:   61490780 kB
VmallocTotal:   263061440 kB
VmallocUsed:       83488 kB
VmallocChunk:          0 kB
Percpu:             7648 kB
CmaTotal:         315392 kB
CmaFree:               0 kB
MemTotal:        5980404 kB
MemFree:         1229844 kB
MemAvailable:    2913392 kB
Buffers:            6192 kB
Cached:          1693844 kB
SwapCached:            0 kB
Active:          1262920 kB
Inactive:        1469116 kB
Active(anon):    1038312 kB
Inactive(anon):    20244 kB
Active(file):     224608 kB
Inactive(file):  1448872 kB
Unevictable:        5576 kB
Mlocked:            5576 kB
SwapTotal:       3670008 kB
SwapFree:        3670008 kB
Dirty:               248 kB
Writeback:             0 kB
AnonPages:       1037336 kB
Mapped:           781280 kB
Shmem:             22020 kB
KReclaimable:     572500 kB
Slab:             222096 kB
SReclaimable:      68644 kB
SUnreclaim:       153452 kB
KernelStack:       43228 kB
PageTables:        55516 kB
NFS_Unstable:          0 kB
Bounce:                0 kB
WritebackTmp:          0 kB
CommitLimit:     6660208 kB
Committed_AS:   61490768 kB
VmallocTotal:   263061440 kB
VmallocUsed:       83552 kB
VmallocChunk:          0 kB
Percpu:             7648 kB
CmaTotal:         315392 kB
CmaFree:               0 kB
MemTotal:        5980404 kB
MemFree:         1228972 kB
MemAvailable:    2912520 kB
Buffers:            6192 kB
Cached:          1693848 kB
SwapCached:            0 kB
Active:          1263476 kB
Inactive:        1469120 kB
Active(anon):    1038868 kB
Inactive(anon):    20248 kB
Active(file):     224608 kB
Inactive(file):  1448872 kB
Unevictable:        5576 kB
Mlocked:            5576 kB
SwapTotal:       3670008 kB
SwapFree:        3670008 kB
Dirty:               248 kB
Writeback:             0 kB
AnonPages:       1037792 kB
Mapped:           781016 kB
Shmem:             22024 kB
KReclaimable:     572500 kB
Slab:             222096 kB
SReclaimable:      68644 kB
SUnreclaim:       153452 kB
KernelStack:       43184 kB
PageTables:        55404 kB
NFS_Unstable:          0 kB
Bounce:                0 kB
WritebackTmp:          0 kB
CommitLimit:     6660208 kB
Committed_AS:   61490032 kB
VmallocTotal:   263061440 kB
VmallocUsed:       83568 kB
VmallocChunk:          0 kB
Percpu:             7648 kB
CmaTotal:         315392 kB
CmaFree:             128 kB
MemTotal:        5980404 kB
MemFree:         1229000 kB
MemAvailable:    2912548 kB
Buffers:            6192 kB
Cached:          1693848 kB
SwapCached:            0 kB
Active:          1263496 kB
Inactive:        1469120 kB
Active(anon):    1038888 kB
Inactive(anon):    20248 kB
Active(file):     224608 kB
Inactive(file):  1448872 kB
Unevictable:        5576 kB
Mlocked:            5576 kB
SwapTotal:       3670008 kB
SwapFree:        3670008 kB
Dirty:               248 kB
Writeback:             0 kB
AnonPages:       1038356 kB
Mapped:           781284 kB
Shmem:             22024 kB
KReclaimable:     572500 kB
Slab:             222040 kB
SReclaimable:      68644 kB
SUnreclaim:       153396 kB
KernelStack:       43184 kB
PageTables:        55516 kB
NFS_Unstable:          0 kB
Bounce:                0 kB
WritebackTmp:          0 kB
CommitLimit:     6660208 kB
Committed_AS:   61495204 kB
VmallocTotal:   263061440 kB
VmallocUsed:       83552 kB
VmallocChunk:          0 kB
Percpu:             7648 kB
CmaTotal:         315392 kB
CmaFree:             228 kB
MemTotal:        5980404 kB
MemFree:         1229188 kB
MemAvailable:    2912736 kB
Buffers:            6192 kB
Cached:          1693848 kB
SwapCached:            0 kB
Active:          1263752 kB
Inactive:        1469120 kB
Active(anon):    1039144 kB
Inactive(anon):    20248 kB
Active(file):     224608 kB
Inactive(file):  1448872 kB
Unevictable:        5576 kB
Mlocked:            5576 kB
SwapTotal:       3670008 kB
SwapFree:        3670008 kB
Dirty:               252 kB
Writeback:             0 kB
AnonPages:       1038072 kB
Mapped:           781284 kB
Shmem:             22024 kB
KReclaimable:     572500 kB
Slab:             222088 kB
SReclaimable:      68644 kB
SUnreclaim:       153444 kB
KernelStack:       43228 kB
PageTables:        55736 kB
NFS_Unstable:          0 kB
Bounce:                0 kB
WritebackTmp:          0 kB
CommitLimit:     6660208 kB
Committed_AS:   61492748 kB
VmallocTotal:   263061440 kB
VmallocUsed:       83536 kB
VmallocChunk:          0 kB
Percpu:             7648 kB
CmaTotal:         315392 kB
CmaFree:               0 kB
MemTotal:        5980404 kB
MemFree:         1228508 kB
MemAvailable:    2912056 kB
Buffers:            6192 kB
Cached:          1693852 kB
SwapCached:            0 kB
Active:          1263512 kB
Inactive:        1469124 kB
Active(anon):    1038904 kB
Inactive(anon):    20252 kB
Active(file):     224608 kB
Inactive(file):  1448872 kB
Unevictable:        5576 kB
Mlocked:            5576 kB
SwapTotal:       3670008 kB
SwapFree:        3670008 kB
Dirty:               296 kB
Writeback:             0 kB
AnonPages:       1038024 kB
Mapped:           781288 kB
Shmem:             22028 kB
KReclaimable:     572500 kB
Slab:             222096 kB
SReclaimable:      68644 kB
SUnreclaim:       153452 kB
KernelStack:       43184 kB
PageTables:        55564 kB
NFS_Unstable:          0 kB
Bounce:                0 kB
WritebackTmp:          0 kB
CommitLimit:     6660208 kB
Committed_AS:   61485752 kB
VmallocTotal:   263061440 kB
VmallocUsed:       83488 kB
VmallocChunk:          0 kB
Percpu:             7648 kB
CmaTotal:         315392 kB
CmaFree:               0 kB
MemTotal:        5980404 kB
MemFree:         1229492 kB
MemAvailable:    2913040 kB
Buffers:            6192 kB
Cached:          1693852 kB
SwapCached:            0 kB
Active:          1263452 kB
Inactive:        1469124 kB
Active(anon):    1038844 kB
Inactive(anon):    20252 kB
Active(file):     224608 kB
Inactive(file):  1448872 kB
Unevictable:        5576 kB
Mlocked:            5576 kB
SwapTotal:       3670008 kB
SwapFree:        3670008 kB
Dirty:               172 kB
Writeback:             0 kB
AnonPages:       1037660 kB
Mapped:           781152 kB
Shmem:             22028 kB
KReclaimable:     572500 kB
Slab:             222048 kB
SReclaimable:      68644 kB
SUnreclaim:       153404 kB
KernelStack:       43200 kB
PageTables:        55540 kB
NFS_Unstable:          0 kB
Bounce:                0 kB
WritebackTmp:          0 kB
CommitLimit:     6660208 kB
Committed_AS:   61487960 kB
VmallocTotal:   263061440 kB
VmallocUsed:       83488 kB
VmallocChunk:          0 kB
Percpu:             7648 kB
CmaTotal:         315392 kB
CmaFree:               0 kB
MemTotal:        5980404 kB
MemFree:         1228768 kB
MemAvailable:    2912316 kB
Buffers:            6192 kB
Cached:          1693852 kB
SwapCached:            0 kB
Active:          1263612 kB
Inactive:        1469124 kB
Active(anon):    1039004 kB
Inactive(anon):    20252 kB
Active(file):     224608 kB
Inactive(file):  1448872 kB
Unevictable:        5576 kB
Mlocked:            5576 kB
SwapTotal:       3670008 kB
SwapFree:        3670008 kB
Dirty:               224 kB
Writeback:             0 kB
AnonPages:       1038304 kB
Mapped:           781060 kB
Shmem:             22028 kB
KReclaimable:     572500 kB
Slab:             222080 kB
SReclaimable:      68644 kB
SUnreclaim:       153436 kB
KernelStack:       43212 kB
PageTables:        55384 kB
NFS_Unstable:          0 kB
Bounce:                0 kB
WritebackTmp:          0 kB
CommitLimit:     6660208 kB
Committed_AS:   61489444 kB
VmallocTotal:   263061440 kB
VmallocUsed:       83504 kB
VmallocChunk:          0 kB
Percpu:             7648 kB
CmaTotal:         315392 kB
CmaFree:               0 kB
MemTotal:        5980404 kB
MemFree:         1229456 kB
MemAvailable:    2913004 kB
Buffers:            6192 kB
Cached:          1693852 kB
SwapCached:            0 kB
Active:          1263096 kB
Inactive:        1469124 kB
Active(anon):    1038488 kB
Inactive(anon):    20252 kB
Active(file):     224608 kB
Inactive(file):  1448872 kB
Unevictable:        5576 kB
Mlocked:            5576 kB
SwapTotal:       3670008 kB
SwapFree:        3670008 kB
Dirty:               224 kB
Writeback:             0 kB
AnonPages:       1037664 kB
Mapped:           781288 kB
Shmem:             22028 kB
KReclaimable:     572500 kB
Slab:             222048 kB
SReclaimable:      68644 kB
SUnreclaim:       153404 kB
KernelStack:       43136 kB
PageTables:        55496 kB
NFS_Unstable:          0 kB
Bounce:                0 kB
WritebackTmp:          0 kB
CommitLimit:     6660208 kB
Committed_AS:   61489480 kB
VmallocTotal:   263061440 kB
VmallocUsed:       83472 kB
VmallocChunk:          0 kB
Percpu:             7648 kB
CmaTotal:         315392 kB
CmaFree:               0 kB
MemTotal:        5980404 kB
MemFree:         1228700 kB
MemAvailable:    2912248 kB
Buffers:            6192 kB
Cached:          1693852 kB
SwapCached:            0 kB
Active:          1263108 kB
Inactive:        1469124 kB
Active(anon):    1038500 kB
Inactive(anon):    20252 kB
Active(file):     224608 kB
Inactive(file):  1448872 kB
Unevictable:        5576 kB
Mlocked:            5576 kB
SwapTotal:       3670008 kB
SwapFree:        3670008 kB
Dirty:               236 kB
Writeback:             0 kB
AnonPages:       1037956 kB
Mapped:           781352 kB
Shmem:             22028 kB
KReclaimable:     572500 kB
Slab:             222088 kB
SReclaimable:      68644 kB
SUnreclaim:       153444 kB
KernelStack:       43120 kB
PageTables:        55608 kB
NFS_Unstable:          0 kB
Bounce:                0 kB
WritebackTmp:          0 kB
CommitLimit:     6660208 kB
Committed_AS:   61487704 kB
VmallocTotal:   263061440 kB
VmallocUsed:       83520 kB
VmallocChunk:          0 kB
Percpu:             7648 kB
CmaTotal:         315392 kB
CmaFree:               0 kB
MemTotal:        5980404 kB
MemFree:         1229872 kB
MemAvailable:    2913420 kB
Buffers:            6192 kB
Cached:          1693852 kB
SwapCached:            0 kB
Active:          1263288 kB
Inactive:        1469124 kB
Active(anon):    1038680 kB
Inactive(anon):    20252 kB
Active(file):     224608 kB
Inactive(file):  1448872 kB
Unevictable:        5576 kB
Mlocked:            5576 kB
SwapTotal:       3670008 kB
SwapFree:        3670008 kB
Dirty:               236 kB
Writeback:             0 kB
AnonPages:       1038184 kB
Mapped:           781248 kB
Shmem:             22028 kB
KReclaimable:     572500 kB
Slab:             222056 kB
SReclaimable:      68644 kB
SUnreclaim:       153412 kB
KernelStack:       43216 kB
PageTables:        55480 kB
NFS_Unstable:          0 kB
Bounce:                0 kB
WritebackTmp:          0 kB
CommitLimit:     6660208 kB
Committed_AS:   61494268 kB
VmallocTotal:   263061440 kB
VmallocUsed:       83568 kB
VmallocChunk:          0 kB
Percpu:             7648 kB
CmaTotal:         315392 kB
CmaFree:               0 kB
MemTotal:        5980404 kB
MemFree:         1229300 kB
MemAvailable:    2912848 kB
Buffers:            6192 kB
Cached:          1693852 kB
SwapCached:            0 kB
Active:          1264204 kB
Inactive:        1469124 kB
Active(anon):    1039596 kB
Inactive(anon):    20252 kB
Active(file):     224608 kB
Inactive(file):  1448872 kB
Unevictable:        5576 kB
Mlocked:            5576 kB
SwapTotal:       3670008 kB
SwapFree:        3670008 kB
Dirty:               236 kB
Writeback:             0 kB
AnonPages:       1039092 kB
Mapped:           781140 kB
Shmem:             22028 kB
KReclaimable:     572500 kB
Slab:             222080 kB
SReclaimable:      68644 kB
SUnreclaim:       153436 kB
KernelStack:       43152 kB
PageTables:        55448 kB
NFS_Unstable:          0 kB
Bounce:                0 kB
WritebackTmp:          0 kB
CommitLimit:     6660208 kB
Committed_AS:   61494580 kB
VmallocTotal:   263061440 kB
VmallocUsed:       83520 kB
VmallocChunk:          0 kB
Percpu:             7648 kB
CmaTotal:         315392 kB
CmaFree:               0 kB
MemTotal:        5980404 kB
MemFree:         1228440 kB
MemAvailable:    2911988 kB
Buffers:            6192 kB
Cached:          1693852 kB
SwapCached:            0 kB
Active:          1264768 kB
Inactive:        1469124 kB
Active(anon):    1040160 kB
Inactive(anon):    20252 kB
Active(file):     224608 kB
Inactive(file):  1448872 kB
Unevictable:        5576 kB
Mlocked:            5576 kB
SwapTotal:       3670008 kB
SwapFree:        3670008 kB
Dirty:               236 kB
Writeback:             0 kB
AnonPages:       1039416 kB
Mapped:           781244 kB
Shmem:             22028 kB
KReclaimable:     572500 kB
Slab:             222048 kB
SReclaimable:      68644 kB
SUnreclaim:       153404 kB
KernelStack:       43216 kB
PageTables:        55588 kB
NFS_Unstable:          0 kB
Bounce:                0 kB
WritebackTmp:          0 kB
CommitLimit:     6660208 kB
Committed_AS:   61493772 kB
VmallocTotal:   263061440 kB
VmallocUsed:       83536 kB
VmallocChunk:          0 kB
Percpu:             7648 kB
CmaTotal:         315392 kB
CmaFree:               0 kB
MemTotal:        5980404 kB
MemFree:         1226832 kB
MemAvailable:    2910396 kB
Buffers:            6196 kB
Cached:          1693864 kB
SwapCached:            0 kB
Active:          1265188 kB
Inactive:        1469136 kB
Active(anon):    1040576 kB
Inactive(anon):    20252 kB
Active(file):     224612 kB
Inactive(file):  1448884 kB
Unevictable:        5576 kB
Mlocked:            5576 kB
SwapTotal:       3670008 kB
SwapFree:        3670008 kB
Dirty:               216 kB
Writeback:             0 kB
AnonPages:       1039900 kB
Mapped:           781288 kB
Shmem:             22028 kB
KReclaimable:     572500 kB
Slab:             222080 kB
SReclaimable:      68644 kB
SUnreclaim:       153436 kB
KernelStack:       43168 kB
PageTables:        55304 kB
NFS_Unstable:          0 kB
Bounce:                0 kB
WritebackTmp:          0 kB
CommitLimit:     6660208 kB
Committed_AS:   61492464 kB
VmallocTotal:   263061440 kB
VmallocUsed:       83504 kB
VmallocChunk:          0 kB
Percpu:             7648 kB
CmaTotal:         315392 kB
CmaFree:               0 kB
MemTotal:        5980404 kB
MemFree:         1226368 kB
MemAvailable:    2909932 kB
Buffers:            6196 kB
Cached:          1693864 kB
SwapCached:            0 kB
Active:          1265184 kB
Inactive:        1469136 kB
Active(anon):    1040572 kB
Inactive(anon):    20252 kB
Active(file):     224612 kB
Inactive(file):  1448884 kB
Unevictable:        5576 kB
Mlocked:            5576 kB
SwapTotal:       3670008 kB
SwapFree:        3670008 kB
Dirty:               216 kB
Writeback:             0 kB
AnonPages:       1039920 kB
Mapped:           781288 kB
Shmem:             22028 kB
KReclaimable:     572500 kB
Slab:             222072 kB
SReclaimable:      68644 kB
SUnreclaim:       153428 kB
KernelStack:       43168 kB
PageTables:        55576 kB
NFS_Unstable:          0 kB
Bounce:                0 kB
WritebackTmp:          0 kB
CommitLimit:     6660208 kB
Committed_AS:   61490456 kB
VmallocTotal:   263061440 kB
VmallocUsed:       83504 kB
VmallocChunk:          0 kB
Percpu:             7648 kB
CmaTotal:         315392 kB
CmaFree:               0 kB
MemTotal:        5980404 kB
MemFree:         1232684 kB
MemAvailable:    2916248 kB
Buffers:            6196 kB
Cached:          1693864 kB
SwapCached:            0 kB
Active:          1256960 kB
Inactive:        1469136 kB
Active(anon):    1032348 kB
Inactive(anon):    20252 kB
Active(file):     224612 kB
Inactive(file):  1448884 kB
Unevictable:        5576 kB
Mlocked:            5576 kB
SwapTotal:       3670008 kB
SwapFree:        3670008 kB
Dirty:               220 kB
Writeback:             0 kB
AnonPages:       1032016 kB
Mapped:           781288 kB
Shmem:             22028 kB
KReclaimable:     572500 kB
Slab:             222040 kB
SReclaimable:      68644 kB
SUnreclaim:       153396 kB
KernelStack:       43232 kB
PageTables:        55640 kB
NFS_Unstable:          0 kB
Bounce:                0 kB
WritebackTmp:          0 kB
CommitLimit:     6660208 kB
Committed_AS:   61495756 kB
VmallocTotal:   263061440 kB
VmallocUsed:       83568 kB
VmallocChunk:          0 kB
Percpu:             7648 kB
CmaTotal:         315392 kB
CmaFree:            1236 kB
MemTotal:        5980404 kB
MemFree:         1233540 kB
MemAvailable:    2917104 kB
Buffers:            6196 kB
Cached:          1693864 kB
SwapCached:            0 kB
Active:          1256700 kB
Inactive:        1469136 kB
Active(anon):    1032088 kB
Inactive(anon):    20252 kB
Active(file):     224612 kB
Inactive(file):  1448884 kB
Unevictable:        5576 kB
Mlocked:            5576 kB
SwapTotal:       3670008 kB
SwapFree:        3670008 kB
Dirty:               220 kB
Writeback:             0 kB
AnonPages:       1031544 kB
Mapped:           781288 kB
Shmem:             22028 kB
KReclaimable:     572500 kB
Slab:             222080 kB
SReclaimable:      68644 kB
SUnreclaim:       153436 kB
KernelStack:       43184 kB
PageTables:        55596 kB
NFS_Unstable:          0 kB
Bounce:                0 kB
WritebackTmp:          0 kB
CommitLimit:     6660208 kB
Committed_AS:   61495124 kB
VmallocTotal:   263061440 kB
VmallocUsed:       83536 kB
VmallocChunk:          0 kB
Percpu:             7648 kB
CmaTotal:         315392 kB
CmaFree:             304 kB
MemTotal:        5980404 kB
MemFree:         1233980 kB
MemAvailable:    2917544 kB
Buffers:            6196 kB
Cached:          1693864 kB
SwapCached:            0 kB
Active:          1257056 kB
Inactive:        1469136 kB
Active(anon):    1032444 kB
Inactive(anon):    20252 kB
Active(file):     224612 kB
Inactive(file):  1448884 kB
Unevictable:        5576 kB
Mlocked:            5576 kB
SwapTotal:       3670008 kB
SwapFree:        3670008 kB
Dirty:               252 kB
Writeback:             0 kB
AnonPages:       1031292 kB
Mapped:           781060 kB
Shmem:             22028 kB
KReclaimable:     572500 kB
Slab:             222048 kB
SReclaimable:      68644 kB
SUnreclaim:       153404 kB
KernelStack:       43216 kB
PageTables:        55492 kB
NFS_Unstable:          0 kB
Bounce:                0 kB
WritebackTmp:          0 kB
CommitLimit:     6660208 kB
Committed_AS:   61492408 kB
VmallocTotal:   263061440 kB
VmallocUsed:       83536 kB
VmallocChunk:          0 kB
Percpu:             7648 kB
CmaTotal:         315392 kB
CmaFree:               0 kB
MemTotal:        5980404 kB
MemFree:         1233280 kB
MemAvailable:    2916844 kB
Buffers:            6196 kB
Cached:          1693864 kB
SwapCached:            0 kB
Active:          1257456 kB
Inactive:        1469136 kB
Active(anon):    1032844 kB
Inactive(anon):    20252 kB
Active(file):     224612 kB
Inactive(file):  1448884 kB
Unevictable:        5576 kB
Mlocked:            5576 kB
SwapTotal:       3670008 kB
SwapFree:        3670008 kB
Dirty:               288 kB
Writeback:             0 kB
AnonPages:       1032308 kB
Mapped:           781100 kB
Shmem:             22028 kB
KReclaimable:     572500 kB
Slab:             222088 kB
SReclaimable:      68644 kB
SUnreclaim:       153444 kB
KernelStack:       43216 kB
PageTables:        55540 kB
NFS_Unstable:          0 kB
Bounce:                0 kB
WritebackTmp:          0 kB
CommitLimit:     6660208 kB
Committed_AS:   61493224 kB
VmallocTotal:   263061440 kB
VmallocUsed:       83552 kB
VmallocChunk:          0 kB
Percpu:             7648 kB
CmaTotal:         315392 kB
CmaFree:               0 kB
MemTotal:        5980404 kB
MemFree:         1234508 kB
MemAvailable:    2918072 kB
Buffers:            6196 kB
Cached:          1693864 kB
SwapCached:            0 kB
Active:          1257636 kB
Inactive:        1469136 kB
Active(anon):    1033024 kB
Inactive(anon):    20252 kB
Active(file):     224612 kB
Inactive(file):  1448884 kB
Unevictable:        5576 kB
Mlocked:            5576 kB
SwapTotal:       3670008 kB
SwapFree:        3670008 kB
Dirty:               288 kB
Writeback:             0 kB
AnonPages:       1032236 kB
Mapped:           781288 kB
Shmem:             22028 kB
KReclaimable:     572500 kB
Slab:             222064 kB
SReclaimable:      68644 kB
SUnreclaim:       153420 kB
KernelStack:       43244 kB
PageTables:        55720 kB
NFS_Unstable:          0 kB
Bounce:                0 kB
WritebackTmp:          0 kB
CommitLimit:     6660208 kB
Committed_AS:   61486972 kB
VmallocTotal:   263061440 kB
VmallocUsed:       83568 kB
VmallocChunk:          0 kB
Percpu:             7648 kB
CmaTotal:         315392 kB
CmaFree:             128 kB
MemTotal:        5980404 kB
MemFree:         1234296 kB
MemAvailable:    2917860 kB
Buffers:            6196 kB
Cached:          1693864 kB
SwapCached:            0 kB
Active:          1257868 kB
Inactive:        1469136 kB
Active(anon):    1033256 kB
Inactive(anon):    20252 kB
Active(file):     224612 kB
Inactive(file):  1448884 kB
Unevictable:        5576 kB
Mlocked:            5576 kB
SwapTotal:       3670008 kB
SwapFree:        3670008 kB
Dirty:               288 kB
Writeback:             0 kB
AnonPages:       1032664 kB
Mapped:           781288 kB
Shmem:             22028 kB
KReclaimable:     572500 kB
Slab:             222088 kB
SReclaimable:      68644 kB
SUnreclaim:       153444 kB
KernelStack:       43200 kB
PageTables:        55372 kB
NFS_Unstable:          0 kB
Bounce:                0 kB
WritebackTmp:          0 kB
CommitLimit:     6660208 kB
Committed_AS:   61489296 kB
VmallocTotal:   263061440 kB
VmallocUsed:       83584 kB
VmallocChunk:          0 kB
Percpu:             7648 kB
CmaTotal:         315392 kB
CmaFree:               0 kB
MemTotal:        5980404 kB
MemFree:         1233912 kB
MemAvailable:    2917484 kB
Buffers:            6196 kB
Cached:          1693872 kB
SwapCached:            0 kB
Active:          1258964 kB
Inactive:        1469140 kB
Active(anon):    1034348 kB
Inactive(anon):    20252 kB
Active(file):     224616 kB
Inactive(file):  1448888 kB
Unevictable:        5576 kB
Mlocked:            5576 kB
SwapTotal:       3670008 kB
SwapFree:        3670008 kB
Dirty:               296 kB
Writeback:             0 kB
AnonPages:       1033388 kB
Mapped:           781128 kB
Shmem:             22028 kB
KReclaimable:     572500 kB
Slab:             222080 kB
SReclaimable:      68644 kB
SUnreclaim:       153436 kB
KernelStack:       43264 kB
PageTables:        55780 kB
NFS_Unstable:          0 kB
Bounce:                0 kB
WritebackTmp:          0 kB
CommitLimit:     6660208 kB
Committed_AS:   61493908 kB
VmallocTotal:   263061440 kB
VmallocUsed:       83552 kB
VmallocChunk:          0 kB
Percpu:             7648 kB
CmaTotal:         315392 kB
CmaFree:               0 kB
MemTotal:        5980404 kB
MemFree:         1232300 kB
MemAvailable:    2915884 kB
Buffers:            6196 kB
Cached:          1693884 kB
SwapCached:            0 kB
Active:          1259348 kB
Inactive:        1469152 kB
Active(anon):    1034732 kB
Inactive(anon):    20252 kB
Active(file):     224616 kB
Inactive(file):  1448900 kB
Unevictable:        5576 kB
Mlocked:            5576 kB
SwapTotal:       3670008 kB
SwapFree:        3670008 kB
Dirty:               312 kB
Writeback:             0 kB
AnonPages:       1033908 kB
Mapped:           781288 kB
Shmem:             22028 kB
KReclaimable:     572500 kB
Slab:             222080 kB
SReclaimable:      68644 kB
SUnreclaim:       153436 kB
KernelStack:       43260 kB
PageTables:        55516 kB
NFS_Unstable:          0 kB
Bounce:                0 kB
WritebackTmp:          0 kB
CommitLimit:     6660208 kB
Committed_AS:   61490220 kB
VmallocTotal:   263061440 kB
VmallocUsed:       83600 kB
VmallocChunk:          0 kB
Percpu:             7648 kB
CmaTotal:         315392 kB
CmaFree:               0 kB
MemTotal:        5980404 kB
MemFree:         1231548 kB
MemAvailable:    2915124 kB
Buffers:            6196 kB
Cached:          1693876 kB
SwapCached:            0 kB
Active:          1259456 kB
Inactive:        1469148 kB
Active(anon):    1034844 kB
Inactive(anon):    20252 kB
Active(file):     224612 kB
Inactive(file):  1448896 kB
Unevictable:        5576 kB
Mlocked:            5576 kB
SwapTotal:       3670008 kB
SwapFree:        3670008 kB
Dirty:               308 kB
Writeback:             0 kB
AnonPages:       1034240 kB
Mapped:           781288 kB
Shmem:             22028 kB
KReclaimable:     572500 kB
Slab:             222072 kB
SReclaimable:      68644 kB
SUnreclaim:       153428 kB
KernelStack:       43280 kB
PageTables:        55700 kB
NFS_Unstable:          0 kB
Bounce:                0 kB
WritebackTmp:          0 kB
CommitLimit:     6660208 kB
Committed_AS:   61495276 kB
VmallocTotal:   263061440 kB
VmallocUsed:       83600 kB
VmallocChunk:          0 kB
Percpu:             7648 kB
CmaTotal:         315392 kB
CmaFree:               0 kB
MemTotal:        5980404 kB
MemFree:         1231640 kB
MemAvailable:    2915216 kB
Buffers:            6196 kB
Cached:          1693876 kB
SwapCached:            0 kB
Active:          1259848 kB
Inactive:        1469148 kB
Active(anon):    1035236 kB
Inactive(anon):    20252 kB
Active(file):     224612 kB
Inactive(file):  1448896 kB
Unevictable:        5576 kB
Mlocked:            5576 kB
SwapTotal:       3670008 kB
SwapFree:        3670008 kB
Dirty:               308 kB
Writeback:             0 kB
AnonPages:       1034488 kB
Mapped:           781304 kB
Shmem:             22028 kB
KReclaimable:     572500 kB
Slab:             222088 kB
SReclaimable:      68644 kB
SUnreclaim:       153444 kB
KernelStack:       43200 kB
PageTables:        55484 kB
NFS_Unstable:          0 kB
Bounce:                0 kB
WritebackTmp:          0 kB
CommitLimit:     6660208 kB
Committed_AS:   61497528 kB
VmallocTotal:   263061440 kB
VmallocUsed:       83568 kB
VmallocChunk:          0 kB
Percpu:             7648 kB
CmaTotal:         315392 kB
CmaFree:               0 kB
MemTotal:        5980404 kB
MemFree:         1231496 kB
MemAvailable:    2915072 kB
Buffers:            6196 kB
Cached:          1693876 kB
SwapCached:            0 kB
Active:          1260504 kB
Inactive:        1469148 kB
Active(anon):    1035892 kB
Inactive(anon):    20252 kB
Active(file):     224612 kB
Inactive(file):  1448896 kB
Unevictable:        5576 kB
Mlocked:            5576 kB
SwapTotal:       3670008 kB
SwapFree:        3670008 kB
Dirty:               308 kB
Writeback:             0 kB
AnonPages:       1034712 kB
Mapped:           781304 kB
Shmem:             22028 kB
KReclaimable:     572500 kB
Slab:             222032 kB
SReclaimable:      68644 kB
SUnreclaim:       153388 kB
KernelStack:       43216 kB
PageTables:        55488 kB
NFS_Unstable:          0 kB
Bounce:                0 kB
WritebackTmp:          0 kB
CommitLimit:     6660208 kB
Committed_AS:   61497044 kB
VmallocTotal:   263061440 kB
VmallocUsed:       83584 kB
VmallocChunk:          0 kB
Percpu:             7648 kB
CmaTotal:         315392 kB
CmaFree:               0 kB
MemTotal:        5980404 kB
MemFree:         1231920 kB
MemAvailable:    2915496 kB
Buffers:            6196 kB
Cached:          1693876 kB
SwapCached:            0 kB
Active:          1260104 kB
Inactive:        1469148 kB
Active(anon):    1035492 kB
Inactive(anon):    20252 kB
Active(file):     224612 kB
Inactive(file):  1448896 kB
Unevictable:        5576 kB
Mlocked:            5576 kB
SwapTotal:       3670008 kB
SwapFree:        3670008 kB
Dirty:               308 kB
Writeback:             0 kB
AnonPages:       1034692 kB
Mapped:           781080 kB
Shmem:             22028 kB
KReclaimable:     572500 kB
Slab:             222088 kB
SReclaimable:      68644 kB
SUnreclaim:       153444 kB
KernelStack:       43168 kB
PageTables:        55344 kB
NFS_Unstable:          0 kB
Bounce:                0 kB
WritebackTmp:          0 kB
CommitLimit:     6660208 kB
Committed_AS:   61492812 kB
VmallocTotal:   263061440 kB
VmallocUsed:       83584 kB
VmallocChunk:          0 kB
Percpu:             7648 kB
CmaTotal:         315392 kB
CmaFree:             184 kB
MemTotal:        5980404 kB
MemFree:         1231724 kB
MemAvailable:    2915328 kB
Buffers:            6204 kB
Cached:          1693896 kB
SwapCached:            0 kB
Active:          1260616 kB
Inactive:        1469168 kB
Active(anon):    1035996 kB
Inactive(anon):    20252 kB
Active(file):     224620 kB
Inactive(file):  1448916 kB
Unevictable:        5576 kB
Mlocked:            5576 kB
SwapTotal:       3670008 kB
SwapFree:        3670008 kB
Dirty:               292 kB
Writeback:             0 kB
AnonPages:       1035412 kB
Mapped:           781288 kB
Shmem:             22028 kB
KReclaimable:     572500 kB
Slab:             222088 kB
SReclaimable:      68644 kB
SUnreclaim:       153444 kB
KernelStack:       43200 kB
PageTables:        55508 kB
NFS_Unstable:          0 kB
Bounce:                0 kB
WritebackTmp:          0 kB
CommitLimit:     6660208 kB
Committed_AS:   61493072 kB
VmallocTotal:   263061440 kB
VmallocUsed:       83584 kB
VmallocChunk:          0 kB
Percpu:             7648 kB
CmaTotal:         315392 kB
CmaFree:               0 kB
MemTotal:        5980404 kB
MemFree:         1231360 kB
MemAvailable:    2914964 kB
Buffers:            6204 kB
Cached:          1693896 kB
SwapCached:            0 kB
Active:          1260884 kB
Inactive:        1469168 kB
Active(anon):    1036264 kB
Inactive(anon):    20252 kB
Active(file):     224620 kB
Inactive(file):  1448916 kB
Unevictable:        5576 kB
Mlocked:            5576 kB
SwapTotal:       3670008 kB
SwapFree:        3670008 kB
Dirty:               296 kB
Writeback:             0 kB
AnonPages:       1035636 kB
Mapped:           781288 kB
Shmem:             22028 kB
KReclaimable:     572500 kB
Slab:             222096 kB
SReclaimable:      68644 kB
SUnreclaim:       153452 kB
KernelStack:       43216 kB
PageTables:        55472 kB
NFS_Unstable:          0 kB
Bounce:                0 kB
WritebackTmp:          0 kB
CommitLimit:     6660208 kB
Committed_AS:   61491152 kB
VmallocTotal:   263061440 kB
VmallocUsed:       83584 kB
VmallocChunk:          0 kB
Percpu:             7648 kB
CmaTotal:         315392 kB
CmaFree:             124 kB
MemTotal:        5980404 kB
MemFree:         1231044 kB
MemAvailable:    2914648 kB
Buffers:            6204 kB
Cached:          1693896 kB
SwapCached:            0 kB
Active:          1261668 kB
Inactive:        1469168 kB
Active(anon):    1037048 kB
Inactive(anon):    20252 kB
Active(file):     224620 kB
Inactive(file):  1448916 kB
Unevictable:        5576 kB
Mlocked:            5576 kB
SwapTotal:       3670008 kB
SwapFree:        3670008 kB
Dirty:               292 kB
Writeback:             0 kB
AnonPages:       1036128 kB
Mapped:           781188 kB
Shmem:             22028 kB
KReclaimable:     572500 kB
Slab:             222084 kB
SReclaimable:      68644 kB
SUnreclaim:       153440 kB
KernelStack:       43232 kB
PageTables:        55544 kB
NFS_Unstable:          0 kB
Bounce:                0 kB
WritebackTmp:          0 kB
CommitLimit:     6660208 kB
Committed_AS:   61494076 kB
VmallocTotal:   263061440 kB
VmallocUsed:       83552 kB
VmallocChunk:          0 kB
Percpu:             7648 kB
CmaTotal:         315392 kB
CmaFree:               0 kB
MemTotal:        5980404 kB
MemFree:         1229784 kB
MemAvailable:    2913388 kB
Buffers:            6204 kB
Cached:          1693896 kB
SwapCached:            0 kB
Active:          1261784 kB
Inactive:        1469168 kB
Active(anon):    1037164 kB
Inactive(anon):    20252 kB
Active(file):     224620 kB
Inactive(file):  1448916 kB
Unevictable:        5576 kB
Mlocked:            5576 kB
SwapTotal:       3670008 kB
SwapFree:        3670008 kB
Dirty:               292 kB
Writeback:             0 kB
AnonPages:       1036532 kB
Mapped:           781204 kB
Shmem:             22028 kB
KReclaimable:     572500 kB
Slab:             222092 kB
SReclaimable:      68644 kB
SUnreclaim:       153448 kB
KernelStack:       43216 kB
PageTables:        55624 kB
NFS_Unstable:          0 kB
Bounce:                0 kB
WritebackTmp:          0 kB
CommitLimit:     6660208 kB
Committed_AS:   61492708 kB
VmallocTotal:   263061440 kB
VmallocUsed:       83552 kB
VmallocChunk:          0 kB
Percpu:             7648 kB
CmaTotal:         315392 kB
CmaFree:               0 kB
MemTotal:        5980404 kB
MemFree:         1230620 kB
MemAvailable:    2914224 kB
Buffers:            6204 kB
Cached:          1693896 kB
SwapCached:            0 kB
Active:          1261348 kB
Inactive:        1469168 kB
Active(anon):    1036728 kB
Inactive(anon):    20252 kB
Active(file):     224620 kB
Inactive(file):  1448916 kB
Unevictable:        5576 kB
Mlocked:            5576 kB
SwapTotal:       3670008 kB
SwapFree:        3670008 kB
Dirty:               292 kB
Writeback:             0 kB
AnonPages:       1036240 kB
Mapped:           781288 kB
Shmem:             22028 kB
KReclaimable:     572500 kB
Slab:             222084 kB
SReclaimable:      68644 kB
SUnreclaim:       153440 kB
KernelStack:       43216 kB
PageTables:        55636 kB
NFS_Unstable:          0 kB
Bounce:                0 kB
WritebackTmp:          0 kB
CommitLimit:     6660208 kB
Committed_AS:   61498168 kB
VmallocTotal:   263061440 kB
VmallocUsed:       83584 kB
VmallocChunk:          0 kB
Percpu:             7648 kB
CmaTotal:         315392 kB
CmaFree:             108 kB
MemTotal:        5980404 kB
MemFree:         1230544 kB
MemAvailable:    2914148 kB
Buffers:            6204 kB
Cached:          1693896 kB
SwapCached:            0 kB
Active:          1261696 kB
Inactive:        1469168 kB
Active(anon):    1037076 kB
Inactive(anon):    20252 kB
Active(file):     224620 kB
Inactive(file):  1448916 kB
Unevictable:        5576 kB
Mlocked:            5576 kB
SwapTotal:       3670008 kB
SwapFree:        3670008 kB
Dirty:               292 kB
Writeback:             0 kB
AnonPages:       1036416 kB
Mapped:           781280 kB
Shmem:             22028 kB
KReclaimable:     572500 kB
Slab:             222036 kB
SReclaimable:      68644 kB
SUnreclaim:       153392 kB
KernelStack:       43184 kB
PageTables:        55384 kB
NFS_Unstable:          0 kB
Bounce:                0 kB
WritebackTmp:          0 kB
CommitLimit:     6660208 kB
Committed_AS:   61493604 kB
VmallocTotal:   263061440 kB
VmallocUsed:       83520 kB
VmallocChunk:          0 kB
Percpu:             7648 kB
CmaTotal:         315392 kB
CmaFree:             116 kB
MemTotal:        5980404 kB
MemFree:         1231308 kB
MemAvailable:    2914912 kB
Buffers:            6204 kB
Cached:          1693896 kB
SwapCached:            0 kB
Active:          1261492 kB
Inactive:        1469168 kB
Active(anon):    1036872 kB
Inactive(anon):    20252 kB
Active(file):     224620 kB
Inactive(file):  1448916 kB
Unevictable:        5576 kB
Mlocked:            5576 kB
SwapTotal:       3670008 kB
SwapFree:        3670008 kB
Dirty:               292 kB
Writeback:             0 kB
AnonPages:       1036340 kB
Mapped:           781292 kB
Shmem:             22028 kB
KReclaimable:     572500 kB
Slab:             222092 kB
SReclaimable:      68644 kB
SUnreclaim:       153448 kB
KernelStack:       43184 kB
PageTables:        55492 kB
NFS_Unstable:          0 kB
Bounce:                0 kB
WritebackTmp:          0 kB
CommitLimit:     6660208 kB
Committed_AS:   61494304 kB
VmallocTotal:   263061440 kB
VmallocUsed:       83520 kB
VmallocChunk:          0 kB
Percpu:             7648 kB
CmaTotal:         315392 kB
CmaFree:             128 kB
MemTotal:        5980404 kB
MemFree:         1230428 kB
MemAvailable:    2914032 kB
Buffers:            6204 kB
Cached:          1693896 kB
SwapCached:            0 kB
Active:          1261980 kB
Inactive:        1469168 kB
Active(anon):    1037360 kB
Inactive(anon):    20252 kB
Active(file):     224620 kB
Inactive(file):  1448916 kB
Unevictable:        5576 kB
Mlocked:            5576 kB
SwapTotal:       3670008 kB
SwapFree:        3670008 kB
Dirty:               292 kB
Writeback:             0 kB
AnonPages:       1036512 kB
Mapped:           781060 kB
Shmem:             22028 kB
KReclaimable:     572500 kB
Slab:             222068 kB
SReclaimable:      68644 kB
SUnreclaim:       153424 kB
KernelStack:       43232 kB
PageTables:        55644 kB
NFS_Unstable:          0 kB
Bounce:                0 kB
WritebackTmp:          0 kB
CommitLimit:     6660208 kB
Committed_AS:   61490612 kB
VmallocTotal:   263061440 kB
VmallocUsed:       83520 kB
VmallocChunk:          0 kB
Percpu:             7648 kB
CmaTotal:         315392 kB
CmaFree:               0 kB
MemTotal:        5980404 kB
MemFree:         1230516 kB
MemAvailable:    2914120 kB
Buffers:            6204 kB
Cached:          1693896 kB
SwapCached:            0 kB
Active:          1262028 kB
Inactive:        1469168 kB
Active(anon):    1037408 kB
Inactive(anon):    20252 kB
Active(file):     224620 kB
Inactive(file):  1448916 kB
Unevictable:        5576 kB
Mlocked:            5576 kB
SwapTotal:       3670008 kB
SwapFree:        3670008 kB
Dirty:               292 kB
Writeback:             0 kB
AnonPages:       1036768 kB
Mapped:           781160 kB
Shmem:             22028 kB
KReclaimable:     572500 kB
Slab:             222044 kB
SReclaimable:      68644 kB
SUnreclaim:       153400 kB
KernelStack:       43184 kB
PageTables:        55388 kB
NFS_Unstable:          0 kB
Bounce:                0 kB
WritebackTmp:          0 kB
CommitLimit:     6660208 kB
Committed_AS:   61491076 kB
VmallocTotal:   263061440 kB
VmallocUsed:       83504 kB
VmallocChunk:          0 kB
Percpu:             7648 kB
CmaTotal:         315392 kB
CmaFree:               0 kB
MemTotal:        5980404 kB
MemFree:         1230604 kB
MemAvailable:    2914208 kB
Buffers:            6204 kB
Cached:          1693900 kB
SwapCached:            0 kB
Active:          1262968 kB
Inactive:        1469172 kB
Active(anon):    1038348 kB
Inactive(anon):    20256 kB
Active(file):     224620 kB
Inactive(file):  1448916 kB
Unevictable:        5576 kB
Mlocked:            5576 kB
SwapTotal:       3670008 kB
SwapFree:        3670008 kB
Dirty:               292 kB
Writeback:             0 kB
AnonPages:       1037644 kB
Mapped:           781064 kB
Shmem:             22032 kB
KReclaimable:     572500 kB
Slab:             222100 kB
SReclaimable:      68644 kB
SUnreclaim:       153456 kB
KernelStack:       43200 kB
PageTables:        55516 kB
NFS_Unstable:          0 kB
Bounce:                0 kB
WritebackTmp:          0 kB
CommitLimit:     6660208 kB
Committed_AS:   61489932 kB
VmallocTotal:   263061440 kB
VmallocUsed:       83520 kB
VmallocChunk:          0 kB
Percpu:             7648 kB
CmaTotal:         315392 kB
CmaFree:              36 kB
MemTotal:        5980404 kB
MemFree:         1229496 kB
MemAvailable:    2913104 kB
Buffers:            6204 kB
Cached:          1693904 kB
SwapCached:            0 kB
Active:          1263296 kB
Inactive:        1469176 kB
Active(anon):    1038676 kB
Inactive(anon):    20256 kB
Active(file):     224620 kB
Inactive(file):  1448920 kB
Unevictable:        5576 kB
Mlocked:            5576 kB
SwapTotal:       3670008 kB
SwapFree:        3670008 kB
Dirty:               312 kB
Writeback:             0 kB
AnonPages:       1038236 kB
Mapped:           781292 kB
Shmem:             22032 kB
KReclaimable:     572500 kB
Slab:             222092 kB
SReclaimable:      68644 kB
SUnreclaim:       153448 kB
KernelStack:       43168 kB
PageTables:        55396 kB
NFS_Unstable:          0 kB
Bounce:                0 kB
WritebackTmp:          0 kB
CommitLimit:     6660208 kB
Committed_AS:   61491272 kB
VmallocTotal:   263061440 kB
VmallocUsed:       83568 kB
VmallocChunk:          0 kB
Percpu:             7648 kB
CmaTotal:         315392 kB
CmaFree:               0 kB
MemTotal:        5980404 kB
MemFree:         1228624 kB
MemAvailable:    2912232 kB
Buffers:            6204 kB
Cached:          1693904 kB
SwapCached:            0 kB
Active:          1264104 kB
Inactive:        1469176 kB
Active(anon):    1039484 kB
Inactive(anon):    20256 kB
Active(file):     224620 kB
Inactive(file):  1448920 kB
Unevictable:        5576 kB
Mlocked:            5576 kB
SwapTotal:       3670008 kB
SwapFree:        3670008 kB
Dirty:               312 kB
Writeback:             0 kB
AnonPages:       1038360 kB
Mapped:           781188 kB
Shmem:             22032 kB
KReclaimable:     572500 kB
Slab:             222084 kB
SReclaimable:      68644 kB
SUnreclaim:       153440 kB
KernelStack:       43232 kB
PageTables:        55492 kB
NFS_Unstable:          0 kB
Bounce:                0 kB
WritebackTmp:          0 kB
CommitLimit:     6660208 kB
Committed_AS:   61489976 kB
VmallocTotal:   263061440 kB
VmallocUsed:       83568 kB
VmallocChunk:          0 kB
Percpu:             7648 kB
CmaTotal:         315392 kB
CmaFree:               0 kB
MemTotal:        5980404 kB
MemFree:         1228908 kB
MemAvailable:    2912516 kB
Buffers:            6204 kB
Cached:          1693904 kB
SwapCached:            0 kB
Active:          1264128 kB
Inactive:        1469176 kB
Active(anon):    1039508 kB
Inactive(anon):    20256 kB
Active(file):     224620 kB
Inactive(file):  1448920 kB
Unevictable:        5576 kB
Mlocked:            5576 kB
SwapTotal:       3670008 kB
SwapFree:        3670008 kB
Dirty:               312 kB
Writeback:             0 kB
AnonPages:       1038792 kB
Mapped:           781124 kB
Shmem:             22032 kB
KReclaimable:     572500 kB
Slab:             222084 kB
SReclaimable:      68644 kB
SUnreclaim:       153440 kB
KernelStack:       43200 kB
PageTables:        55564 kB
NFS_Unstable:          0 kB
Bounce:                0 kB
WritebackTmp:          0 kB
CommitLimit:     6660208 kB
Committed_AS:   61489032 kB
VmallocTotal:   263061440 kB
VmallocUsed:       83568 kB
VmallocChunk:          0 kB
Percpu:             7648 kB
CmaTotal:         315392 kB
CmaFree:               0 kB
MemTotal:        5980404 kB
MemFree:         1228840 kB
MemAvailable:    2912448 kB
Buffers:            6204 kB
Cached:          1693904 kB
SwapCached:            0 kB
Active:          1264412 kB
Inactive:        1469176 kB
Active(anon):    1039792 kB
Inactive(anon):    20256 kB
Active(file):     224620 kB
Inactive(file):  1448920 kB
Unevictable:        5576 kB
Mlocked:            5576 kB
SwapTotal:       3670008 kB
SwapFree:        3670008 kB
Dirty:               312 kB
Writeback:             0 kB
AnonPages:       1039048 kB
Mapped:           781504 kB
Shmem:             22032 kB
KReclaimable:     572500 kB
Slab:             222076 kB
SReclaimable:      68644 kB
SUnreclaim:       153432 kB
KernelStack:       43200 kB
PageTables:        55756 kB
NFS_Unstable:          0 kB
Bounce:                0 kB
WritebackTmp:          0 kB
CommitLimit:     6660208 kB
Committed_AS:   61493224 kB
VmallocTotal:   263061440 kB
VmallocUsed:       83536 kB
VmallocChunk:          0 kB
Percpu:             7648 kB
CmaTotal:         315392 kB
CmaFree:               0 kB
MemTotal:        5980404 kB
MemFree:         1227960 kB
MemAvailable:    2911560 kB
Buffers:            6204 kB
Cached:          1693896 kB
SwapCached:            0 kB
Active:          1265260 kB
Inactive:        1469172 kB
Active(anon):    1040644 kB
Inactive(anon):    20256 kB
Active(file):     224616 kB
Inactive(file):  1448916 kB
Unevictable:        5576 kB
Mlocked:            5576 kB
SwapTotal:       3670008 kB
SwapFree:        3670008 kB
Dirty:               216 kB
Writeback:             0 kB
AnonPages:       1040020 kB
Mapped:           781236 kB
Shmem:             22032 kB
KReclaimable:     572500 kB
Slab:             222052 kB
SReclaimable:      68644 kB
SUnreclaim:       153408 kB
KernelStack:       43248 kB
PageTables:        55604 kB
NFS_Unstable:          0 kB
Bounce:                0 kB
WritebackTmp:          0 kB
CommitLimit:     6660208 kB
Committed_AS:   61491896 kB
VmallocTotal:   263061440 kB
VmallocUsed:       83536 kB
VmallocChunk:          0 kB
Percpu:             7648 kB
CmaTotal:         315392 kB
CmaFree:               0 kB
MemTotal:        5980404 kB
MemFree:         1227076 kB
MemAvailable:    2910684 kB
Buffers:            6204 kB
Cached:          1693904 kB
SwapCached:            0 kB
Active:          1265704 kB
Inactive:        1469176 kB
Active(anon):    1041084 kB
Inactive(anon):    20256 kB
Active(file):     224620 kB
Inactive(file):  1448920 kB
Unevictable:        5576 kB
Mlocked:            5576 kB
SwapTotal:       3670008 kB
SwapFree:        3670008 kB
Dirty:               224 kB
Writeback:             0 kB
AnonPages:       1040260 kB
Mapped:           781312 kB
Shmem:             22032 kB
KReclaimable:     572500 kB
Slab:             222084 kB
SReclaimable:      68644 kB
SUnreclaim:       153440 kB
KernelStack:       43260 kB
PageTables:        55436 kB
NFS_Unstable:          0 kB
Bounce:                0 kB
WritebackTmp:          0 kB
CommitLimit:     6660208 kB
Committed_AS:   61496804 kB
VmallocTotal:   263061440 kB
VmallocUsed:       83584 kB
VmallocChunk:          0 kB
Percpu:             7648 kB
CmaTotal:         315392 kB
CmaFree:               0 kB
MemTotal:        5980404 kB
MemFree:         1226892 kB
MemAvailable:    2910516 kB
Buffers:            6208 kB
Cached:          1693920 kB
SwapCached:            0 kB
Active:          1266332 kB
Inactive:        1469192 kB
Active(anon):    1041708 kB
Inactive(anon):    20260 kB
Active(file):     224624 kB
Inactive(file):  1448932 kB
Unevictable:        5576 kB
Mlocked:            5576 kB
SwapTotal:       3670008 kB
SwapFree:        3670008 kB
Dirty:               216 kB
Writeback:             0 kB
AnonPages:       1040924 kB
Mapped:           781296 kB
Shmem:             22036 kB
KReclaimable:     572500 kB
Slab:             222052 kB
SReclaimable:      68644 kB
SUnreclaim:       153408 kB
KernelStack:       43296 kB
PageTables:        55504 kB
NFS_Unstable:          0 kB
Bounce:                0 kB
WritebackTmp:          0 kB
CommitLimit:     6660208 kB
Committed_AS:   61492652 kB
VmallocTotal:   263061440 kB
VmallocUsed:       83632 kB
VmallocChunk:          0 kB
Percpu:             7648 kB
CmaTotal:         315392 kB
CmaFree:               0 kB
MemTotal:        5980404 kB
MemFree:         1226408 kB
MemAvailable:    2910032 kB
Buffers:            6208 kB
Cached:          1693920 kB
SwapCached:            0 kB
Active:          1266956 kB
Inactive:        1469192 kB
Active(anon):    1042332 kB
Inactive(anon):    20260 kB
Active(file):     224624 kB
Inactive(file):  1448932 kB
Unevictable:        5576 kB
Mlocked:            5576 kB
SwapTotal:       3670008 kB
SwapFree:        3670008 kB
Dirty:               216 kB
Writeback:             0 kB
AnonPages:       1041484 kB
Mapped:           781296 kB
Shmem:             22036 kB
KReclaimable:     572500 kB
Slab:             222060 kB
SReclaimable:      68644 kB
SUnreclaim:       153416 kB
KernelStack:       43264 kB
PageTables:        55440 kB
NFS_Unstable:          0 kB
Bounce:                0 kB
WritebackTmp:          0 kB
CommitLimit:     6660208 kB
Committed_AS:   61494308 kB
VmallocTotal:   263061440 kB
VmallocUsed:       83632 kB
VmallocChunk:          0 kB
Percpu:             7648 kB
CmaTotal:         315392 kB
CmaFree:               0 kB
MemTotal:        5980404 kB
MemFree:         1224704 kB
MemAvailable:    2908328 kB
Buffers:            6208 kB
Cached:          1693920 kB
SwapCached:            0 kB
Active:          1266772 kB
Inactive:        1469192 kB
Active(anon):    1042148 kB
Inactive(anon):    20260 kB
Active(file):     224624 kB
Inactive(file):  1448932 kB
Unevictable:        5576 kB
Mlocked:            5576 kB
SwapTotal:       3670008 kB
SwapFree:        3670008 kB
Dirty:               220 kB
Writeback:             0 kB
AnonPages:       1041520 kB
Mapped:           781296 kB
Shmem:             22036 kB
KReclaimable:     572500 kB
Slab:             222076 kB
SReclaimable:      68644 kB
SUnreclaim:       153432 kB
KernelStack:       43312 kB
PageTables:        55308 kB
NFS_Unstable:          0 kB
Bounce:                0 kB
WritebackTmp:          0 kB
CommitLimit:     6660208 kB
Committed_AS:   61495436 kB
VmallocTotal:   263061440 kB
VmallocUsed:       83616 kB
VmallocChunk:          0 kB
Percpu:             7648 kB
CmaTotal:         315392 kB
CmaFree:               0 kB
MemTotal:        5980404 kB
MemFree:         1225280 kB
MemAvailable:    2908904 kB
Buffers:            6208 kB
Cached:          1693920 kB
SwapCached:            0 kB
Active:          1266844 kB
Inactive:        1469192 kB
Active(anon):    1042220 kB
Inactive(anon):    20260 kB
Active(file):     224624 kB
Inactive(file):  1448932 kB
Unevictable:        5576 kB
Mlocked:            5576 kB
SwapTotal:       3670008 kB
SwapFree:        3670008 kB
Dirty:               220 kB
Writeback:             0 kB
AnonPages:       1041404 kB
Mapped:           781232 kB
Shmem:             22036 kB
KReclaimable:     572500 kB
Slab:             222060 kB
SReclaimable:      68644 kB
SUnreclaim:       153416 kB
KernelStack:       43280 kB
PageTables:        55632 kB
NFS_Unstable:          0 kB
Bounce:                0 kB
WritebackTmp:          0 kB
CommitLimit:     6660208 kB
Committed_AS:   61495456 kB
VmallocTotal:   263061440 kB
VmallocUsed:       83600 kB
VmallocChunk:          0 kB
Percpu:             7648 kB
CmaTotal:         315392 kB
CmaFree:               0 kB
MemTotal:        5980404 kB
MemFree:         1225236 kB
MemAvailable:    2908852 kB
Buffers:            6208 kB
Cached:          1693912 kB
SwapCached:            0 kB
Active:          1267028 kB
Inactive:        1469188 kB
Active(anon):    1042408 kB
Inactive(anon):    20260 kB
Active(file):     224620 kB
Inactive(file):  1448928 kB
Unevictable:        5576 kB
Mlocked:            5576 kB
SwapTotal:       3670008 kB
SwapFree:        3670008 kB
Dirty:               212 kB
Writeback:             0 kB
AnonPages:       1042024 kB
Mapped:           781108 kB
Shmem:             22036 kB
KReclaimable:     572500 kB
Slab:             222092 kB
SReclaimable:      68644 kB
SUnreclaim:       153448 kB
KernelStack:       43232 kB
PageTables:        55660 kB
NFS_Unstable:          0 kB
Bounce:                0 kB
WritebackTmp:          0 kB
CommitLimit:     6660208 kB
Committed_AS:   61494380 kB
VmallocTotal:   263061440 kB
VmallocUsed:       83600 kB
VmallocChunk:          0 kB
Percpu:             7648 kB
CmaTotal:         315392 kB
CmaFree:               0 kB
MemTotal:        5980404 kB
MemFree:         1224576 kB
MemAvailable:    2908192 kB
Buffers:            6208 kB
Cached:          1693912 kB
SwapCached:            0 kB
Active:          1267456 kB
Inactive:        1469188 kB
Active(anon):    1042836 kB
Inactive(anon):    20260 kB
Active(file):     224620 kB
Inactive(file):  1448928 kB
Unevictable:        5576 kB
Mlocked:            5576 kB
SwapTotal:       3670008 kB
SwapFree:        3670008 kB
Dirty:               220 kB
Writeback:             0 kB
AnonPages:       1041688 kB
Mapped:           781296 kB
Shmem:             22036 kB
KReclaimable:     572500 kB
Slab:             222052 kB
SReclaimable:      68644 kB
SUnreclaim:       153408 kB
KernelStack:       43264 kB
PageTables:        55500 kB
NFS_Unstable:          0 kB
Bounce:                0 kB
WritebackTmp:          0 kB
CommitLimit:     6660208 kB
Committed_AS:   61494020 kB
VmallocTotal:   263061440 kB
VmallocUsed:       83584 kB
VmallocChunk:          0 kB
Percpu:             7648 kB
CmaTotal:         315392 kB
CmaFree:               0 kB
MemTotal:        5980404 kB
MemFree:         1224268 kB
MemAvailable:    2907892 kB
Buffers:            6208 kB
Cached:          1693920 kB
SwapCached:            0 kB
Active:          1267780 kB
Inactive:        1469192 kB
Active(anon):    1043156 kB
Inactive(anon):    20260 kB
Active(file):     224624 kB
Inactive(file):  1448932 kB
Unevictable:        5576 kB
Mlocked:            5576 kB
SwapTotal:       3670008 kB
SwapFree:        3670008 kB
Dirty:               220 kB
Writeback:             0 kB
AnonPages:       1042192 kB
Mapped:           781004 kB
Shmem:             22036 kB
KReclaimable:     572500 kB
Slab:             222076 kB
SReclaimable:      68644 kB
SUnreclaim:       153432 kB
KernelStack:       43264 kB
PageTables:        55496 kB
NFS_Unstable:          0 kB
Bounce:                0 kB
WritebackTmp:          0 kB
CommitLimit:     6660208 kB
Committed_AS:   61493120 kB
VmallocTotal:   263061440 kB
VmallocUsed:       83600 kB
VmallocChunk:          0 kB
Percpu:             7648 kB
CmaTotal:         315392 kB
CmaFree:              40 kB
MemTotal:        5980404 kB
MemFree:         1223584 kB
MemAvailable:    2907208 kB
Buffers:            6208 kB
Cached:          1693920 kB
SwapCached:            0 kB
Active:          1267808 kB
Inactive:        1469192 kB
Active(anon):    1043184 kB
Inactive(anon):    20260 kB
Active(file):     224624 kB
Inactive(file):  1448932 kB
Unevictable:        5576 kB
Mlocked:            5576 kB
SwapTotal:       3670008 kB
SwapFree:        3670008 kB
Dirty:               220 kB
Writeback:             0 kB
AnonPages:       1042356 kB
Mapped:           781296 kB
Shmem:             22036 kB
KReclaimable:     572500 kB
Slab:             222220 kB
SReclaimable:      68644 kB
SUnreclaim:       153576 kB
KernelStack:       43296 kB
PageTables:        55432 kB
NFS_Unstable:          0 kB
Bounce:                0 kB
WritebackTmp:          0 kB
CommitLimit:     6660208 kB
Committed_AS:   61493800 kB
VmallocTotal:   263061440 kB
VmallocUsed:       83664 kB
VmallocChunk:          0 kB
Percpu:             7648 kB
CmaTotal:         315392 kB
CmaFree:               0 kB
MemTotal:        5980404 kB
MemFree:         1222856 kB
MemAvailable:    2906480 kB
Buffers:            6208 kB
Cached:          1693920 kB
SwapCached:            0 kB
Active:          1268524 kB
Inactive:        1469192 kB
Active(anon):    1043900 kB
Inactive(anon):    20260 kB
Active(file):     224624 kB
Inactive(file):  1448932 kB
Unevictable:        5576 kB
Mlocked:            5576 kB
SwapTotal:       3670008 kB
SwapFree:        3670008 kB
Dirty:               220 kB
Writeback:             0 kB
AnonPages:       1043444 kB
Mapped:           781252 kB
Shmem:             22036 kB
KReclaimable:     572500 kB
Slab:             222228 kB
SReclaimable:      68644 kB
SUnreclaim:       153584 kB
KernelStack:       43312 kB
PageTables:        55724 kB
NFS_Unstable:          0 kB
Bounce:                0 kB
WritebackTmp:          0 kB
CommitLimit:     6660208 kB
Committed_AS:   61490928 kB
VmallocTotal:   263061440 kB
VmallocUsed:       83664 kB
VmallocChunk:          0 kB
Percpu:             7648 kB
CmaTotal:         315392 kB
CmaFree:              20 kB
MemTotal:        5980404 kB
MemFree:         1223188 kB
MemAvailable:    2906820 kB
Buffers:            6208 kB
Cached:          1693928 kB
SwapCached:            0 kB
Active:          1269040 kB
Inactive:        1469200 kB
Active(anon):    1044416 kB
Inactive(anon):    20260 kB
Active(file):     224624 kB
Inactive(file):  1448940 kB
Unevictable:        5576 kB
Mlocked:            5576 kB
SwapTotal:       3670008 kB
SwapFree:        3670008 kB
Dirty:               232 kB
Writeback:             0 kB
AnonPages:       1043356 kB
Mapped:           781044 kB
Shmem:             22036 kB
KReclaimable:     572500 kB
Slab:             222180 kB
SReclaimable:      68644 kB
SUnreclaim:       153536 kB
KernelStack:       43280 kB
PageTables:        55420 kB
NFS_Unstable:          0 kB
Bounce:                0 kB
WritebackTmp:          0 kB
CommitLimit:     6660208 kB
Committed_AS:   61489444 kB
VmallocTotal:   263061440 kB
VmallocUsed:       83600 kB
VmallocChunk:          0 kB
Percpu:             7648 kB
CmaTotal:         315392 kB
CmaFree:               0 kB
MemTotal:        5980404 kB
MemFree:         1223536 kB
MemAvailable:    2907164 kB
Buffers:            6208 kB
Cached:          1693928 kB
SwapCached:            0 kB
Active:          1268832 kB
Inactive:        1469200 kB
Active(anon):    1044208 kB
Inactive(anon):    20260 kB
Active(file):     224624 kB
Inactive(file):  1448940 kB
Unevictable:        5576 kB
Mlocked:            5576 kB
SwapTotal:       3670008 kB
SwapFree:        3670008 kB
Dirty:               232 kB
Writeback:             0 kB
AnonPages:       1043444 kB
Mapped:           781000 kB
Shmem:             22036 kB
KReclaimable:     572496 kB
Slab:             222152 kB
SReclaimable:      68640 kB
SUnreclaim:       153512 kB
KernelStack:       43264 kB
PageTables:        55428 kB
NFS_Unstable:          0 kB
Bounce:                0 kB
WritebackTmp:          0 kB
CommitLimit:     6660208 kB
Committed_AS:   61493468 kB
VmallocTotal:   263061440 kB
VmallocUsed:       83616 kB
VmallocChunk:          0 kB
Percpu:             7648 kB
CmaTotal:         315392 kB
CmaFree:               0 kB
MemTotal:        5980404 kB
MemFree:         1223504 kB
MemAvailable:    2907132 kB
Buffers:            6208 kB
Cached:          1693928 kB
SwapCached:            0 kB
Active:          1269364 kB
Inactive:        1469200 kB
Active(anon):    1044740 kB
Inactive(anon):    20260 kB
Active(file):     224624 kB
Inactive(file):  1448940 kB
Unevictable:        5576 kB
Mlocked:            5576 kB
SwapTotal:       3670008 kB
SwapFree:        3670008 kB
Dirty:               232 kB
Writeback:             0 kB
AnonPages:       1043944 kB
Mapped:           781168 kB
Shmem:             22036 kB
KReclaimable:     572496 kB
Slab:             222168 kB
SReclaimable:      68640 kB
SUnreclaim:       153528 kB
KernelStack:       43280 kB
PageTables:        55516 kB
NFS_Unstable:          0 kB
Bounce:                0 kB
WritebackTmp:          0 kB
CommitLimit:     6660208 kB
Committed_AS:   61493140 kB
VmallocTotal:   263061440 kB
VmallocUsed:       83616 kB
VmallocChunk:          0 kB
Percpu:             7648 kB
CmaTotal:         315392 kB
CmaFree:               0 kB
MemTotal:        5980404 kB
MemFree:         1222556 kB
MemAvailable:    2906184 kB
Buffers:            6208 kB
Cached:          1693928 kB
SwapCached:            0 kB
Active:          1270140 kB
Inactive:        1469200 kB
Active(anon):    1045516 kB
Inactive(anon):    20260 kB
Active(file):     224624 kB
Inactive(file):  1448940 kB
Unevictable:        5576 kB
Mlocked:            5576 kB
SwapTotal:       3670008 kB
SwapFree:        3670008 kB
Dirty:               232 kB
Writeback:             0 kB
AnonPages:       1044308 kB
Mapped:           781168 kB
Shmem:             22036 kB
KReclaimable:     572496 kB
Slab:             222184 kB
SReclaimable:      68640 kB
SUnreclaim:       153544 kB
KernelStack:       43280 kB
PageTables:        55520 kB
NFS_Unstable:          0 kB
Bounce:                0 kB
WritebackTmp:          0 kB
CommitLimit:     6660208 kB
Committed_AS:   61488632 kB
VmallocTotal:   263061440 kB
VmallocUsed:       83600 kB
VmallocChunk:          0 kB
Percpu:             7648 kB
CmaTotal:         315392 kB
CmaFree:               0 kB
MemTotal:        5980404 kB
MemFree:         1222580 kB
MemAvailable:    2906208 kB
Buffers:            6208 kB
Cached:          1693928 kB
SwapCached:            0 kB
Active:          1269608 kB
Inactive:        1469200 kB
Active(anon):    1044984 kB
Inactive(anon):    20260 kB
Active(file):     224624 kB
Inactive(file):  1448940 kB
Unevictable:        5576 kB
Mlocked:            5576 kB
SwapTotal:       3670008 kB
SwapFree:        3670008 kB
Dirty:               252 kB
Writeback:             0 kB
AnonPages:       1044064 kB
Mapped:           780904 kB
Shmem:             22036 kB
KReclaimable:     572496 kB
Slab:             222112 kB
SReclaimable:      68640 kB
SUnreclaim:       153472 kB
KernelStack:       43328 kB
PageTables:        55852 kB
NFS_Unstable:          0 kB
Bounce:                0 kB
WritebackTmp:          0 kB
CommitLimit:     6660208 kB
Committed_AS:   61493188 kB
VmallocTotal:   263061440 kB
VmallocUsed:       83584 kB
VmallocChunk:          0 kB
Percpu:             7648 kB
CmaTotal:         315392 kB
CmaFree:               0 kB
MemTotal:        5980404 kB
MemFree:         1221820 kB
MemAvailable:    2905456 kB
Buffers:            6212 kB
Cached:          1693928 kB
SwapCached:            0 kB
Active:          1269856 kB
Inactive:        1469200 kB
Active(anon):    1045228 kB
Inactive(anon):    20260 kB
Active(file):     224628 kB
Inactive(file):  1448940 kB
Unevictable:        5576 kB
Mlocked:            5576 kB
SwapTotal:       3670008 kB
SwapFree:        3670008 kB
Dirty:               268 kB
Writeback:             0 kB
AnonPages:       1044108 kB
Mapped:           781100 kB
Shmem:             22036 kB
KReclaimable:     572500 kB
Slab:             222148 kB
SReclaimable:      68644 kB
SUnreclaim:       153504 kB
KernelStack:       43328 kB
PageTables:        55684 kB
NFS_Unstable:          0 kB
Bounce:                0 kB
WritebackTmp:          0 kB
CommitLimit:     6660208 kB
Committed_AS:   61490924 kB
VmallocTotal:   263061440 kB
VmallocUsed:       83584 kB
VmallocChunk:          0 kB
Percpu:             7648 kB
CmaTotal:         315392 kB
CmaFree:               0 kB
MemTotal:        5980404 kB
MemFree:         1221292 kB
MemAvailable:    2904940 kB
Buffers:            6212 kB
Cached:          1693940 kB
SwapCached:            0 kB
Active:          1270080 kB
Inactive:        1469212 kB
Active(anon):    1045452 kB
Inactive(anon):    20260 kB
Active(file):     224628 kB
Inactive(file):  1448952 kB
Unevictable:        5576 kB
Mlocked:            5576 kB
SwapTotal:       3670008 kB
SwapFree:        3670008 kB
Dirty:               260 kB
Writeback:             0 kB
AnonPages:       1044736 kB
Mapped:           780984 kB
Shmem:             22036 kB
KReclaimable:     572500 kB
Slab:             222092 kB
SReclaimable:      68644 kB
SUnreclaim:       153448 kB
KernelStack:       43296 kB
PageTables:        55604 kB
NFS_Unstable:          0 kB
Bounce:                0 kB
WritebackTmp:          0 kB
CommitLimit:     6660208 kB
Committed_AS:   61491088 kB
VmallocTotal:   263061440 kB
VmallocUsed:       83584 kB
VmallocChunk:          0 kB
Percpu:             7648 kB
CmaTotal:         315392 kB
CmaFree:               0 kB
MemTotal:        5980404 kB
MemFree:         1221864 kB
MemAvailable:    2905512 kB
Buffers:            6212 kB
Cached:          1693940 kB
SwapCached:            0 kB
Active:          1270276 kB
Inactive:        1469212 kB
Active(anon):    1045648 kB
Inactive(anon):    20260 kB
Active(file):     224628 kB
Inactive(file):  1448952 kB
Unevictable:        5576 kB
Mlocked:            5576 kB
SwapTotal:       3670008 kB
SwapFree:        3670008 kB
Dirty:               264 kB
Writeback:             0 kB
AnonPages:       1044940 kB
Mapped:           781212 kB
Shmem:             22036 kB
KReclaimable:     572500 kB
Slab:             222044 kB
SReclaimable:      68644 kB
SUnreclaim:       153400 kB
KernelStack:       43308 kB
PageTables:        55664 kB
NFS_Unstable:          0 kB
Bounce:                0 kB
WritebackTmp:          0 kB
CommitLimit:     6660208 kB
Committed_AS:   61491896 kB
VmallocTotal:   263061440 kB
VmallocUsed:       83632 kB
VmallocChunk:          0 kB
Percpu:             7648 kB
CmaTotal:         315392 kB
CmaFree:               0 kB
MemTotal:        5980404 kB
MemFree:         1221388 kB
MemAvailable:    2905036 kB
Buffers:            6212 kB
Cached:          1693940 kB
SwapCached:            0 kB
Active:          1270720 kB
Inactive:        1469212 kB
Active(anon):    1046092 kB
Inactive(anon):    20260 kB
Active(file):     224628 kB
Inactive(file):  1448952 kB
Unevictable:        5576 kB
Mlocked:            5576 kB
SwapTotal:       3670008 kB
SwapFree:        3670008 kB
Dirty:               264 kB
Writeback:             0 kB
AnonPages:       1045452 kB
Mapped:           781048 kB
Shmem:             22036 kB
KReclaimable:     572500 kB
Slab:             222076 kB
SReclaimable:      68644 kB
SUnreclaim:       153432 kB
KernelStack:       43296 kB
PageTables:        55408 kB
NFS_Unstable:          0 kB
Bounce:                0 kB
WritebackTmp:          0 kB
CommitLimit:     6660208 kB
Committed_AS:   61489852 kB
VmallocTotal:   263061440 kB
VmallocUsed:       83600 kB
VmallocChunk:          0 kB
Percpu:             7648 kB
CmaTotal:         315392 kB
CmaFree:               0 kB
MemTotal:        5980404 kB
MemFree:         1228308 kB
MemAvailable:    2911956 kB
Buffers:            6212 kB
Cached:          1693940 kB
SwapCached:            0 kB
Active:          1263056 kB
Inactive:        1469212 kB
Active(anon):    1038428 kB
Inactive(anon):    20260 kB
Active(file):     224628 kB
Inactive(file):  1448952 kB
Unevictable:        5576 kB
Mlocked:            5576 kB
SwapTotal:       3670008 kB
SwapFree:        3670008 kB
Dirty:               272 kB
Writeback:             0 kB
AnonPages:       1037604 kB
Mapped:           781396 kB
Shmem:             22036 kB
KReclaimable:     572500 kB
Slab:             222068 kB
SReclaimable:      68644 kB
SUnreclaim:       153424 kB
KernelStack:       43280 kB
PageTables:        55412 kB
NFS_Unstable:          0 kB
Bounce:                0 kB
WritebackTmp:          0 kB
CommitLimit:     6660208 kB
Committed_AS:   61491008 kB
VmallocTotal:   263061440 kB
VmallocUsed:       83600 kB
VmallocChunk:          0 kB
Percpu:             7648 kB
CmaTotal:         315392 kB
CmaFree:               0 kB
MemTotal:        5980404 kB
MemFree:         1228224 kB
MemAvailable:    2911880 kB
Buffers:            6212 kB
Cached:          1693948 kB
SwapCached:            0 kB
Active:          1263464 kB
Inactive:        1469216 kB
Active(anon):    1038832 kB
Inactive(anon):    20260 kB
Active(file):     224632 kB
Inactive(file):  1448956 kB
Unevictable:        5576 kB
Mlocked:            5576 kB
SwapTotal:       3670008 kB
SwapFree:        3670008 kB
Dirty:               280 kB
Writeback:             0 kB
AnonPages:       1038072 kB
Mapped:           780984 kB
Shmem:             22036 kB
KReclaimable:     572500 kB
Slab:             222060 kB
SReclaimable:      68644 kB
SUnreclaim:       153416 kB
KernelStack:       43232 kB
PageTables:        55388 kB
NFS_Unstable:          0 kB
Bounce:                0 kB
WritebackTmp:          0 kB
CommitLimit:     6660208 kB
Committed_AS:   61490220 kB
VmallocTotal:   263061440 kB
VmallocUsed:       83584 kB
VmallocChunk:          0 kB
Percpu:             7648 kB
CmaTotal:         315392 kB
CmaFree:             128 kB
MemTotal:        5980404 kB
MemFree:         1228864 kB
MemAvailable:    2912512 kB
Buffers:            6212 kB
Cached:          1693940 kB
SwapCached:            0 kB
Active:          1263856 kB
Inactive:        1469212 kB
Active(anon):    1039228 kB
Inactive(anon):    20260 kB
Active(file):     224628 kB
Inactive(file):  1448952 kB
Unevictable:        5576 kB
Mlocked:            5576 kB
SwapTotal:       3670008 kB
SwapFree:        3670008 kB
Dirty:               272 kB
Writeback:             0 kB
AnonPages:       1038412 kB
Mapped:           781212 kB
Shmem:             22036 kB
KReclaimable:     572500 kB
Slab:             222068 kB
SReclaimable:      68644 kB
SUnreclaim:       153424 kB
KernelStack:       43248 kB
PageTables:        55512 kB
NFS_Unstable:          0 kB
Bounce:                0 kB
WritebackTmp:          0 kB
CommitLimit:     6660208 kB
Committed_AS:   61497260 kB
VmallocTotal:   263061440 kB
VmallocUsed:       83632 kB
VmallocChunk:          0 kB
Percpu:             7648 kB
CmaTotal:         315392 kB
CmaFree:               0 kB
MemTotal:        5980404 kB
MemFree:         1228164 kB
MemAvailable:    2911812 kB
Buffers:            6212 kB
Cached:          1693940 kB
SwapCached:            0 kB
Active:          1263732 kB
Inactive:        1469212 kB
Active(anon):    1039104 kB
Inactive(anon):    20260 kB
Active(file):     224628 kB
Inactive(file):  1448952 kB
Unevictable:        5576 kB
Mlocked:            5576 kB
SwapTotal:       3670008 kB
SwapFree:        3670008 kB
Dirty:               276 kB
Writeback:             0 kB
AnonPages:       1038412 kB
Mapped:           781148 kB
Shmem:             22036 kB
KReclaimable:     572500 kB
Slab:             222076 kB
SReclaimable:      68644 kB
SUnreclaim:       153432 kB
KernelStack:       43232 kB
PageTables:        55708 kB
NFS_Unstable:          0 kB
Bounce:                0 kB
WritebackTmp:          0 kB
CommitLimit:     6660208 kB
Committed_AS:   61488876 kB
VmallocTotal:   263061440 kB
VmallocUsed:       83632 kB
VmallocChunk:          0 kB
Percpu:             7648 kB
CmaTotal:         315392 kB
CmaFree:             132 kB
MemTotal:        5980404 kB
MemFree:         1228168 kB
MemAvailable:    2911816 kB
Buffers:            6212 kB
Cached:          1693940 kB
SwapCached:            0 kB
Active:          1264048 kB
Inactive:        1469212 kB
Active(anon):    1039420 kB
Inactive(anon):    20260 kB
Active(file):     224628 kB
Inactive(file):  1448952 kB
Unevictable:        5576 kB
Mlocked:            5576 kB
SwapTotal:       3670008 kB
SwapFree:        3670008 kB
Dirty:               320 kB
Writeback:             0 kB
AnonPages:       1038768 kB
Mapped:           781168 kB
Shmem:             22036 kB
KReclaimable:     572500 kB
Slab:             222068 kB
SReclaimable:      68644 kB
SUnreclaim:       153424 kB
KernelStack:       43264 kB
PageTables:        55416 kB
NFS_Unstable:          0 kB
Bounce:                0 kB
WritebackTmp:          0 kB
CommitLimit:     6660208 kB
Committed_AS:   61494648 kB
VmallocTotal:   263061440 kB
VmallocUsed:       83632 kB
VmallocChunk:          0 kB
Percpu:             7648 kB
CmaTotal:         315392 kB
CmaFree:               4 kB
MemTotal:        5980404 kB
MemFree:         1227184 kB
MemAvailable:    2910832 kB
Buffers:            6212 kB
Cached:          1693952 kB
SwapCached:            0 kB
Active:          1264664 kB
Inactive:        1469224 kB
Active(anon):    1040036 kB
Inactive(anon):    20272 kB
Active(file):     224628 kB
Inactive(file):  1448952 kB
Unevictable:        5576 kB
Mlocked:            5576 kB
SwapTotal:       3670008 kB
SwapFree:        3670008 kB
Dirty:               320 kB
Writeback:             0 kB
AnonPages:       1039196 kB
Mapped:           781200 kB
Shmem:             22048 kB
KReclaimable:     572500 kB
Slab:             222068 kB
SReclaimable:      68644 kB
SUnreclaim:       153424 kB
KernelStack:       43280 kB
PageTables:        55516 kB
NFS_Unstable:          0 kB
Bounce:                0 kB
WritebackTmp:          0 kB
CommitLimit:     6660208 kB
Committed_AS:   61491628 kB
VmallocTotal:   263061440 kB
VmallocUsed:       83632 kB
VmallocChunk:          0 kB
Percpu:             7648 kB
CmaTotal:         315392 kB
CmaFree:               0 kB
MemTotal:        5980404 kB
MemFree:         1226736 kB
MemAvailable:    2910392 kB
Buffers:            6212 kB
Cached:          1693960 kB
SwapCached:            0 kB
Active:          1265368 kB
Inactive:        1469232 kB
Active(anon):    1040740 kB
Inactive(anon):    20272 kB
Active(file):     224628 kB
Inactive(file):  1448960 kB
Unevictable:        5576 kB
Mlocked:            5576 kB
SwapTotal:       3670008 kB
SwapFree:        3670008 kB
Dirty:               348 kB
Writeback:             0 kB
AnonPages:       1039936 kB
Mapped:           780996 kB
Shmem:             22048 kB
KReclaimable:     572500 kB
Slab:             222076 kB
SReclaimable:      68644 kB
SUnreclaim:       153432 kB
KernelStack:       43280 kB
PageTables:        55568 kB
NFS_Unstable:          0 kB
Bounce:                0 kB
WritebackTmp:          0 kB
CommitLimit:     6660208 kB
Committed_AS:   61492016 kB
VmallocTotal:   263061440 kB
VmallocUsed:       83632 kB
VmallocChunk:          0 kB
Percpu:             7648 kB
CmaTotal:         315392 kB
CmaFree:               0 kB
MemTotal:        5980404 kB
MemFree:         1225872 kB
MemAvailable:    2909528 kB
Buffers:            6212 kB
Cached:          1693960 kB
SwapCached:            0 kB
Active:          1265128 kB
Inactive:        1469232 kB
Active(anon):    1040500 kB
Inactive(anon):    20272 kB
Active(file):     224628 kB
Inactive(file):  1448960 kB
Unevictable:        5576 kB
Mlocked:            5576 kB
SwapTotal:       3670008 kB
SwapFree:        3670008 kB
Dirty:               352 kB
Writeback:             0 kB
AnonPages:       1039556 kB
Mapped:           781160 kB
Shmem:             22048 kB
KReclaimable:     572500 kB
Slab:             222092 kB
SReclaimable:      68644 kB
SUnreclaim:       153448 kB
KernelStack:       43248 kB
PageTables:        55496 kB
NFS_Unstable:          0 kB
Bounce:                0 kB
WritebackTmp:          0 kB
CommitLimit:     6660208 kB
Committed_AS:   61489804 kB
VmallocTotal:   263061440 kB
VmallocUsed:       83648 kB
VmallocChunk:          0 kB
Percpu:             7648 kB
CmaTotal:         315392 kB
CmaFree:               0 kB
MemTotal:        5980404 kB
MemFree:         1227760 kB
MemAvailable:    2911416 kB
Buffers:            6212 kB
Cached:          1693960 kB
SwapCached:            0 kB
Active:          1265440 kB
Inactive:        1469232 kB
Active(anon):    1040812 kB
Inactive(anon):    20272 kB
Active(file):     224628 kB
Inactive(file):  1448960 kB
Unevictable:        5576 kB
Mlocked:            5576 kB
SwapTotal:       3670008 kB
SwapFree:        3670008 kB
Dirty:               356 kB
Writeback:             0 kB
AnonPages:       1040300 kB
Mapped:           781224 kB
Shmem:             22048 kB
KReclaimable:     572500 kB
Slab:             222036 kB
SReclaimable:      68644 kB
SUnreclaim:       153392 kB
KernelStack:       43296 kB
PageTables:        55644 kB
NFS_Unstable:          0 kB
Bounce:                0 kB
WritebackTmp:          0 kB
CommitLimit:     6660208 kB
Committed_AS:   61488164 kB
VmallocTotal:   263061440 kB
VmallocUsed:       83648 kB
VmallocChunk:          0 kB
Percpu:             7648 kB
CmaTotal:         315392 kB
CmaFree:              96 kB
MemTotal:        5980404 kB
MemFree:         1225920 kB
MemAvailable:    2909576 kB
Buffers:            6212 kB
Cached:          1693960 kB
SwapCached:            0 kB
Active:          1265652 kB
Inactive:        1469232 kB
Active(anon):    1041024 kB
Inactive(anon):    20272 kB
Active(file):     224628 kB
Inactive(file):  1448960 kB
Unevictable:        5576 kB
Mlocked:            5576 kB
SwapTotal:       3670008 kB
SwapFree:        3670008 kB
Dirty:               356 kB
Writeback:             0 kB
AnonPages:       1040292 kB
Mapped:           781224 kB
Shmem:             22048 kB
KReclaimable:     572500 kB
Slab:             222084 kB
SReclaimable:      68644 kB
SUnreclaim:       153440 kB
KernelStack:       43324 kB
PageTables:        55508 kB
NFS_Unstable:          0 kB
Bounce:                0 kB
WritebackTmp:          0 kB
CommitLimit:     6660208 kB
Committed_AS:   61490124 kB
VmallocTotal:   263061440 kB
VmallocUsed:       83664 kB
VmallocChunk:          0 kB
Percpu:             7648 kB
CmaTotal:         315392 kB
CmaFree:               0 kB
MemTotal:        5980404 kB
MemFree:         1226152 kB
MemAvailable:    2909808 kB
Buffers:            6212 kB
Cached:          1693960 kB
SwapCached:            0 kB
Active:          1266552 kB
Inactive:        1469232 kB
Active(anon):    1041924 kB
Inactive(anon):    20272 kB
Active(file):     224628 kB
Inactive(file):  1448960 kB
Unevictable:        5576 kB
Mlocked:            5576 kB
SwapTotal:       3670008 kB
SwapFree:        3670008 kB
Dirty:               368 kB
Writeback:             0 kB
AnonPages:       1041004 kB
Mapped:           780996 kB
Shmem:             22048 kB
KReclaimable:     572500 kB
Slab:             222068 kB
SReclaimable:      68644 kB
SUnreclaim:       153424 kB
KernelStack:       43232 kB
PageTables:        55384 kB
NFS_Unstable:          0 kB
Bounce:                0 kB
WritebackTmp:          0 kB
CommitLimit:     6660208 kB
Committed_AS:   61492740 kB
VmallocTotal:   263061440 kB
VmallocUsed:       83568 kB
VmallocChunk:          0 kB
Percpu:             7648 kB
CmaTotal:         315392 kB
CmaFree:               0 kB
MemTotal:        5980404 kB
MemFree:         1226080 kB
MemAvailable:    2909752 kB
Buffers:            6216 kB
Cached:          1693972 kB
SwapCached:            0 kB
Active:          1266672 kB
Inactive:        1469244 kB
Active(anon):    1042040 kB
Inactive(anon):    20272 kB
Active(file):     224632 kB
Inactive(file):  1448972 kB
Unevictable:        5576 kB
Mlocked:            5576 kB
SwapTotal:       3670008 kB
SwapFree:        3670008 kB
Dirty:               176 kB
Writeback:             0 kB
AnonPages:       1041268 kB
Mapped:           781060 kB
Shmem:             22048 kB
KReclaimable:     572500 kB
Slab:             222076 kB
SReclaimable:      68644 kB
SUnreclaim:       153432 kB
KernelStack:       43264 kB
PageTables:        55400 kB
NFS_Unstable:          0 kB
Bounce:                0 kB
WritebackTmp:          0 kB
CommitLimit:     6660208 kB
Committed_AS:   61492020 kB
VmallocTotal:   263061440 kB
VmallocUsed:       83584 kB
VmallocChunk:          0 kB
Percpu:             7648 kB
CmaTotal:         315392 kB
CmaFree:               0 kB
MemTotal:        5980404 kB
MemFree:         1226068 kB
MemAvailable:    2909740 kB
Buffers:            6216 kB
Cached:          1693972 kB
SwapCached:            0 kB
Active:          1266852 kB
Inactive:        1469244 kB
Active(anon):    1042220 kB
Inactive(anon):    20272 kB
Active(file):     224632 kB
Inactive(file):  1448972 kB
Unevictable:        5576 kB
Mlocked:            5576 kB
SwapTotal:       3670008 kB
SwapFree:        3670008 kB
Dirty:               176 kB
Writeback:             0 kB
AnonPages:       1041412 kB
Mapped:           780996 kB
Shmem:             22048 kB
KReclaimable:     572500 kB
Slab:             222068 kB
SReclaimable:      68644 kB
SUnreclaim:       153424 kB
KernelStack:       43296 kB
PageTables:        55508 kB
NFS_Unstable:          0 kB
Bounce:                0 kB
WritebackTmp:          0 kB
CommitLimit:     6660208 kB
Committed_AS:   61493920 kB
VmallocTotal:   263061440 kB
VmallocUsed:       83584 kB
VmallocChunk:          0 kB
Percpu:             7648 kB
CmaTotal:         315392 kB
CmaFree:               0 kB
MemTotal:        5980404 kB
MemFree:         1226000 kB
MemAvailable:    2909672 kB
Buffers:            6216 kB
Cached:          1693972 kB
SwapCached:            0 kB
Active:          1266444 kB
Inactive:        1469244 kB
Active(anon):    1041812 kB
Inactive(anon):    20272 kB
Active(file):     224632 kB
Inactive(file):  1448972 kB
Unevictable:        5576 kB
Mlocked:            5576 kB
SwapTotal:       3670008 kB
SwapFree:        3670008 kB
Dirty:               176 kB
Writeback:             0 kB
AnonPages:       1041108 kB
Mapped:           780996 kB
Shmem:             22048 kB
KReclaimable:     572500 kB
Slab:             222052 kB
SReclaimable:      68644 kB
SUnreclaim:       153408 kB
KernelStack:       43296 kB
PageTables:        55704 kB
NFS_Unstable:          0 kB
Bounce:                0 kB
WritebackTmp:          0 kB
CommitLimit:     6660208 kB
Committed_AS:   61493624 kB
VmallocTotal:   263061440 kB
VmallocUsed:       83568 kB
VmallocChunk:          0 kB
Percpu:             7648 kB
CmaTotal:         315392 kB
CmaFree:               0 kB
MemTotal:        5980404 kB
MemFree:         1225936 kB
MemAvailable:    2909608 kB
Buffers:            6216 kB
Cached:          1693972 kB
SwapCached:            0 kB
Active:          1266764 kB
Inactive:        1469244 kB
Active(anon):    1042132 kB
Inactive(anon):    20272 kB
Active(file):     224632 kB
Inactive(file):  1448972 kB
Unevictable:        5576 kB
Mlocked:            5576 kB
SwapTotal:       3670008 kB
SwapFree:        3670008 kB
Dirty:               176 kB
Writeback:             0 kB
AnonPages:       1041152 kB
Mapped:           781196 kB
Shmem:             22048 kB
KReclaimable:     572500 kB
Slab:             222076 kB
SReclaimable:      68644 kB
SUnreclaim:       153432 kB
KernelStack:       43308 kB
PageTables:        55732 kB
NFS_Unstable:          0 kB
Bounce:                0 kB
WritebackTmp:          0 kB
CommitLimit:     6660208 kB
Committed_AS:   61492500 kB
VmallocTotal:   263061440 kB
VmallocUsed:       83584 kB
VmallocChunk:          0 kB
Percpu:             7648 kB
CmaTotal:         315392 kB
CmaFree:               0 kB
MemTotal:        5980404 kB
MemFree:         1225160 kB
MemAvailable:    2908832 kB
Buffers:            6216 kB
Cached:          1693972 kB
SwapCached:            0 kB
Active:          1267888 kB
Inactive:        1469244 kB
Active(anon):    1043256 kB
Inactive(anon):    20272 kB
Active(file):     224632 kB
Inactive(file):  1448972 kB
Unevictable:        5576 kB
Mlocked:            5576 kB
SwapTotal:       3670008 kB
SwapFree:        3670008 kB
Dirty:               208 kB
Writeback:             0 kB
AnonPages:       1042436 kB
Mapped:           781116 kB
Shmem:             22048 kB
KReclaimable:     572500 kB
Slab:             222060 kB
SReclaimable:      68644 kB
SUnreclaim:       153416 kB
KernelStack:       43264 kB
PageTables:        55452 kB
NFS_Unstable:          0 kB
Bounce:                0 kB
WritebackTmp:          0 kB
CommitLimit:     6660208 kB
Committed_AS:   61493276 kB
VmallocTotal:   263061440 kB
VmallocUsed:       83616 kB
VmallocChunk:          0 kB
Percpu:             7648 kB
CmaTotal:         315392 kB
CmaFree:               0 kB
MemTotal:        5980404 kB
MemFree:         1224192 kB
MemAvailable:    2907864 kB
Buffers:            6216 kB
Cached:          1693972 kB
SwapCached:            0 kB
Active:          1267652 kB
Inactive:        1469244 kB
Active(anon):    1043020 kB
Inactive(anon):    20272 kB
Active(file):     224632 kB
Inactive(file):  1448972 kB
Unevictable:        5576 kB
Mlocked:            5576 kB
SwapTotal:       3670008 kB
SwapFree:        3670008 kB
Dirty:               268 kB
Writeback:             0 kB
AnonPages:       1042304 kB
Mapped:           781208 kB
Shmem:             22048 kB
KReclaimable:     572500 kB
Slab:             222076 kB
SReclaimable:      68644 kB
SUnreclaim:       153432 kB
KernelStack:       43216 kB
PageTables:        55448 kB
NFS_Unstable:          0 kB
Bounce:                0 kB
WritebackTmp:          0 kB
CommitLimit:     6660208 kB
Committed_AS:   61491804 kB
VmallocTotal:   263061440 kB
VmallocUsed:       83632 kB
VmallocChunk:          0 kB
Percpu:             7648 kB
CmaTotal:         315392 kB
CmaFree:               0 kB
MemTotal:        5980404 kB
MemFree:         1227868 kB
MemAvailable:    2911540 kB
Buffers:            6216 kB
Cached:          1693972 kB
SwapCached:            0 kB
Active:          1264448 kB
Inactive:        1469244 kB
Active(anon):    1039816 kB
Inactive(anon):    20272 kB
Active(file):     224632 kB
Inactive(file):  1448972 kB
Unevictable:        5576 kB
Mlocked:            5576 kB
SwapTotal:       3670008 kB
SwapFree:        3670008 kB
Dirty:               280 kB
Writeback:             0 kB
AnonPages:       1038844 kB
Mapped:           781060 kB
Shmem:             22048 kB
KReclaimable:     572500 kB
Slab:             222052 kB
SReclaimable:      68644 kB
SUnreclaim:       153408 kB
KernelStack:       43264 kB
PageTables:        55404 kB
NFS_Unstable:          0 kB
Bounce:                0 kB
WritebackTmp:          0 kB
CommitLimit:     6660208 kB
Committed_AS:   61489628 kB
VmallocTotal:   263061440 kB
VmallocUsed:       83616 kB
VmallocChunk:          0 kB
Percpu:             7648 kB
CmaTotal:         315392 kB
CmaFree:               0 kB
MemTotal:        5980404 kB
MemFree:         1228120 kB
MemAvailable:    2911792 kB
Buffers:            6216 kB
Cached:          1693972 kB
SwapCached:            0 kB
Active:          1264544 kB
Inactive:        1469244 kB
Active(anon):    1039912 kB
Inactive(anon):    20272 kB
Active(file):     224632 kB
Inactive(file):  1448972 kB
Unevictable:        5576 kB
Mlocked:            5576 kB
SwapTotal:       3670008 kB
SwapFree:        3670008 kB
Dirty:               280 kB
Writeback:             0 kB
AnonPages:       1039324 kB
Mapped:           781224 kB
Shmem:             22048 kB
KReclaimable:     572500 kB
Slab:             222068 kB
SReclaimable:      68644 kB
SUnreclaim:       153424 kB
KernelStack:       43280 kB
PageTables:        55568 kB
NFS_Unstable:          0 kB
Bounce:                0 kB
WritebackTmp:          0 kB
CommitLimit:     6660208 kB
Committed_AS:   61492564 kB
VmallocTotal:   263061440 kB
VmallocUsed:       83568 kB
VmallocChunk:          0 kB
Percpu:             7648 kB
CmaTotal:         315392 kB
CmaFree:               0 kB
MemTotal:        5980404 kB
MemFree:         1227688 kB
MemAvailable:    2911360 kB
Buffers:            6216 kB
Cached:          1693972 kB
SwapCached:            0 kB
Active:          1264888 kB
Inactive:        1469244 kB
Active(anon):    1040256 kB
Inactive(anon):    20272 kB
Active(file):     224632 kB
Inactive(file):  1448972 kB
Unevictable:        5576 kB
Mlocked:            5576 kB
SwapTotal:       3670008 kB
SwapFree:        3670008 kB
Dirty:               280 kB
Writeback:             0 kB
AnonPages:       1039492 kB
Mapped:           780996 kB
Shmem:             22048 kB
KReclaimable:     572500 kB
Slab:             222052 kB
SReclaimable:      68644 kB
SUnreclaim:       153408 kB
KernelStack:       43312 kB
PageTables:        55312 kB
NFS_Unstable:          0 kB
Bounce:                0 kB
WritebackTmp:          0 kB
CommitLimit:     6660208 kB
Committed_AS:   61487812 kB
VmallocTotal:   263061440 kB
VmallocUsed:       83568 kB
