MemTotal:       12113140 kB
MemFree:         1368744 kB
MemAvailable:    8233592 kB
Buffers:            7324 kB
Cached:          6539112 kB
SwapCached:            0 kB
Active:          4185328 kB
Inactive:        3737688 kB
Active(anon):    1103020 kB
Inactive(anon):   309988 kB
Active(file):    3082308 kB
Inactive(file):  3427700 kB
Unevictable:        5576 kB
Mlocked:            5576 kB
SwapTotal:       3145724 kB
SwapFree:        3143276 kB
Dirty:              3748 kB
Writeback:             0 kB
AnonPages:       1382336 kB
Mapped:           676752 kB
Shmem:             31892 kB
KReclaimable:    1411960 kB
Slab:             228908 kB
SReclaimable:      84100 kB
SUnreclaim:       144808 kB
KernelStack:       49308 kB
PageTables:        63992 kB
NFS_Unstable:          0 kB
Bounce:                0 kB
WritebackTmp:          0 kB
CommitLimit:     9202292 kB
Committed_AS:   69997164 kB
VmallocTotal:   263061440 kB
VmallocUsed:      106228 kB
VmallocChunk:          0 kB
Percpu:             7616 kB
CmaTotal:         294912 kB
CmaFree:               0 kB
MemTotal:       12113140 kB
MemFree:         1351808 kB
MemAvailable:    8212652 kB
Buffers:            7324 kB
Cached:          6538084 kB
SwapCached:            0 kB
Active:          4200040 kB
Inactive:        3737504 kB
Active(anon):    1118576 kB
Inactive(anon):   309952 kB
Active(file):    3081464 kB
Inactive(file):  3427552 kB
Unevictable:        5576 kB
Mlocked:            5576 kB
SwapTotal:       3145724 kB
SwapFree:        3143276 kB
Dirty:              2320 kB
Writeback:             0 kB
AnonPages:       1398144 kB
Mapped:           688096 kB
Shmem:             31856 kB
KReclaimable:    1408948 kB
Slab:             229052 kB
SReclaimable:      84224 kB
SUnreclaim:       144828 kB
KernelStack:       49680 kB
PageTables:        64236 kB
NFS_Unstable:          0 kB
Bounce:                0 kB
WritebackTmp:          0 kB
CommitLimit:     9202292 kB
Committed_AS:   70089224 kB
VmallocTotal:   263061440 kB
VmallocUsed:      106612 kB
VmallocChunk:          0 kB
Percpu:             7616 kB
CmaTotal:         294912 kB
CmaFree:               0 kB
MemTotal:       12113140 kB
MemFree:         1202116 kB
MemAvailable:    8109540 kB
Buffers:            7324 kB
Cached:          6538068 kB
SwapCached:            0 kB
Active:          4348588 kB
Inactive:        3737480 kB
Active(anon):    1267116 kB
Inactive(anon):   309936 kB
Active(file):    3081472 kB
Inactive(file):  3427544 kB
Unevictable:        5576 kB
Mlocked:            5576 kB
SwapTotal:       3145724 kB
SwapFree:        3143276 kB
Dirty:              2320 kB
Writeback:             0 kB
AnonPages:       1546312 kB
Mapped:           693944 kB
Shmem:             31840 kB
KReclaimable:    1455528 kB
Slab:             229044 kB
SReclaimable:      84224 kB
SUnreclaim:       144820 kB
KernelStack:       49792 kB
PageTables:        64640 kB
NFS_Unstable:          0 kB
Bounce:                0 kB
WritebackTmp:          0 kB
CommitLimit:     9202292 kB
Committed_AS:   70300448 kB
VmallocTotal:   263061440 kB
VmallocUsed:      106740 kB
VmallocChunk:          0 kB
Percpu:             7616 kB
CmaTotal:         294912 kB
CmaFree:               0 kB
MemTotal:       12113140 kB
MemFree:         1074552 kB
MemAvailable:    7952936 kB
Buffers:            7324 kB
Cached:          6538068 kB
SwapCached:            0 kB
Active:          4475512 kB
Inactive:        3737480 kB
Active(anon):    1394040 kB
Inactive(anon):   309936 kB
Active(file):    3081472 kB
Inactive(file):  3427544 kB
Unevictable:        5576 kB
Mlocked:            5576 kB
SwapTotal:       3145724 kB
SwapFree:        3143276 kB
Dirty:              2320 kB
Writeback:             0 kB
AnonPages:       1673256 kB
Mapped:           694180 kB
Shmem:             31840 kB
KReclaimable:    1426488 kB
Slab:             229028 kB
SReclaimable:      84208 kB
SUnreclaim:       144820 kB
KernelStack:       49776 kB
PageTables:        65192 kB
NFS_Unstable:          0 kB
Bounce:                0 kB
WritebackTmp:          0 kB
CommitLimit:     9202292 kB
Committed_AS:   70422904 kB
VmallocTotal:   263061440 kB
VmallocUsed:      106756 kB
VmallocChunk:          0 kB
Percpu:             7616 kB
CmaTotal:         294912 kB
CmaFree:               0 kB
MemTotal:       12113140 kB
MemFree:         1116224 kB
MemAvailable:    7806028 kB
Buffers:            7324 kB
Cached:          6540156 kB
SwapCached:            0 kB
Active:          4434544 kB
Inactive:        3737392 kB
Active(anon):    1351024 kB
Inactive(anon):   309936 kB
Active(file):    3083520 kB
Inactive(file):  3427456 kB
Unevictable:        5576 kB
Mlocked:            5576 kB
SwapTotal:       3145724 kB
SwapFree:        3143276 kB
Dirty:              2332 kB
Writeback:             0 kB
AnonPages:       1630184 kB
Mapped:           699864 kB
Shmem:             31840 kB
KReclaimable:    1235948 kB
Slab:             229036 kB
SReclaimable:      84208 kB
SUnreclaim:       144828 kB
KernelStack:       49776 kB
PageTables:        65124 kB
NFS_Unstable:          0 kB
Bounce:                0 kB
WritebackTmp:          0 kB
CommitLimit:     9202292 kB
Committed_AS:   70372940 kB
VmallocTotal:   263061440 kB
VmallocUsed:      106772 kB
VmallocChunk:          0 kB
Percpu:             7616 kB
CmaTotal:         294912 kB
CmaFree:               0 kB
MemTotal:       12113140 kB
MemFree:         1065160 kB
MemAvailable:    7649532 kB
Buffers:            7324 kB
Cached:          6565672 kB
SwapCached:            0 kB
Active:          4486888 kB
Inactive:        3735244 kB
Active(anon):    1375552 kB
Inactive(anon):   310096 kB
Active(file):    3111336 kB
Inactive(file):  3425148 kB
Unevictable:        5576 kB
Mlocked:            5576 kB
SwapTotal:       3145724 kB
SwapFree:        3143276 kB
Dirty:              2340 kB
Writeback:             0 kB
AnonPages:       1654820 kB
Mapped:           701924 kB
Shmem:             31984 kB
KReclaimable:    1105008 kB
Slab:             229072 kB
SReclaimable:      84208 kB
SUnreclaim:       144864 kB
KernelStack:       49712 kB
PageTables:        65504 kB
NFS_Unstable:          0 kB
Bounce:                0 kB
WritebackTmp:          0 kB
CommitLimit:     9202292 kB
Committed_AS:   70393540 kB
VmallocTotal:   263061440 kB
VmallocUsed:      106676 kB
VmallocChunk:          0 kB
Percpu:             7616 kB
CmaTotal:         294912 kB
CmaFree:               0 kB
MemTotal:       12113140 kB
MemFree:         1032024 kB
MemAvailable:    7562456 kB
Buffers:            7324 kB
Cached:          6567336 kB
SwapCached:            0 kB
Active:          4519252 kB
Inactive:        3735412 kB
Active(anon):    1406468 kB
Inactive(anon):   310340 kB
Active(file):    3112784 kB
Inactive(file):  3425072 kB
Unevictable:        5576 kB
Mlocked:            5576 kB
SwapTotal:       3145724 kB
SwapFree:        3143276 kB
Dirty:              2684 kB
Writeback:             0 kB
AnonPages:       1685924 kB
Mapped:           704024 kB
Shmem:             32268 kB
KReclaimable:    1049696 kB
Slab:             229184 kB
SReclaimable:      84240 kB
SUnreclaim:       144944 kB
KernelStack:       50080 kB
PageTables:        66032 kB
NFS_Unstable:          0 kB
Bounce:                0 kB
WritebackTmp:          0 kB
CommitLimit:     9202292 kB
Committed_AS:   70437256 kB
VmallocTotal:   263061440 kB
VmallocUsed:      107060 kB
VmallocChunk:          0 kB
Percpu:             7616 kB
CmaTotal:         294912 kB
CmaFree:               0 kB
MemTotal:       12113140 kB
MemFree:         1016800 kB
MemAvailable:    7447060 kB
Buffers:            7324 kB
Cached:          6568992 kB
SwapCached:            0 kB
Active:          4530544 kB
Inactive:        3734432 kB
Active(anon):    1414896 kB
Inactive(anon):   309420 kB
Active(file):    3115648 kB
Inactive(file):  3425012 kB
Unevictable:        5576 kB
Mlocked:            5576 kB
SwapTotal:       3145724 kB
SwapFree:        3143276 kB
Dirty:              2864 kB
Writeback:             0 kB
AnonPages:       1694268 kB
Mapped:           706768 kB
Shmem:             31348 kB
KReclaimable:     946720 kB
Slab:             229324 kB
SReclaimable:      84240 kB
SUnreclaim:       145084 kB
KernelStack:       50176 kB
PageTables:        66008 kB
NFS_Unstable:          0 kB
Bounce:                0 kB
WritebackTmp:          0 kB
CommitLimit:     9202292 kB
Committed_AS:   70484504 kB
VmallocTotal:   263061440 kB
VmallocUsed:      107108 kB
VmallocChunk:          0 kB
Percpu:             7616 kB
CmaTotal:         294912 kB
CmaFree:               0 kB
MemTotal:       12113140 kB
MemFree:          917464 kB
MemAvailable:    7421300 kB
Buffers:            7324 kB
Cached:          6597768 kB
SwapCached:            0 kB
Active:          4635184 kB
Inactive:        3728300 kB
Active(anon):    1484856 kB
Inactive(anon):   309168 kB
Active(file):    3150328 kB
Inactive(file):  3419132 kB
Unevictable:        5576 kB
Mlocked:            5576 kB
SwapTotal:       3145724 kB
SwapFree:        3143276 kB
Dirty:              2864 kB
Writeback:             0 kB
AnonPages:       1764008 kB
Mapped:           706584 kB
Shmem:             31096 kB
KReclaimable:     991496 kB
Slab:             229404 kB
SReclaimable:      84240 kB
SUnreclaim:       145164 kB
KernelStack:       50160 kB
PageTables:        66040 kB
NFS_Unstable:          0 kB
Bounce:                0 kB
WritebackTmp:          0 kB
CommitLimit:     9202292 kB
Committed_AS:   70541332 kB
VmallocTotal:   263061440 kB
VmallocUsed:      107140 kB
VmallocChunk:          0 kB
Percpu:             7616 kB
CmaTotal:         294912 kB
CmaFree:               0 kB
MemTotal:       12113140 kB
MemFree:          904376 kB
MemAvailable:    7356144 kB
Buffers:            7324 kB
Cached:          6601800 kB
SwapCached:            0 kB
Active:          4647332 kB
Inactive:        3728116 kB
Active(anon):    1492788 kB
Inactive(anon):   309232 kB
Active(file):    3154544 kB
Inactive(file):  3418884 kB
Unevictable:        5576 kB
Mlocked:            5576 kB
SwapTotal:       3145724 kB
SwapFree:        3143276 kB
Dirty:              2872 kB
Writeback:             0 kB
AnonPages:       1771728 kB
Mapped:           713992 kB
Shmem:             31160 kB
KReclaimable:     935460 kB
Slab:             229556 kB
SReclaimable:      84240 kB
SUnreclaim:       145316 kB
KernelStack:       50160 kB
PageTables:        65944 kB
NFS_Unstable:          0 kB
Bounce:                0 kB
WritebackTmp:          0 kB
CommitLimit:     9202292 kB
Committed_AS:   70536428 kB
VmallocTotal:   263061440 kB
VmallocUsed:      107156 kB
VmallocChunk:          0 kB
Percpu:             7616 kB
CmaTotal:         294912 kB
CmaFree:               0 kB
MemTotal:       12113140 kB
MemFree:          873188 kB
MemAvailable:    7325448 kB
Buffers:            7324 kB
Cached:          6602292 kB
SwapCached:            0 kB
Active:          4676644 kB
Inactive:        3728088 kB
Active(anon):    1521580 kB
Inactive(anon):   309232 kB
Active(file):    3155064 kB
Inactive(file):  3418856 kB
Unevictable:        5576 kB
Mlocked:            5576 kB
SwapTotal:       3145724 kB
SwapFree:        3143276 kB
Dirty:              3048 kB
Writeback:             0 kB
AnonPages:       1799952 kB
Mapped:           714024 kB
Shmem:             31160 kB
KReclaimable:     935460 kB
Slab:             229556 kB
SReclaimable:      84240 kB
SUnreclaim:       145316 kB
KernelStack:       50224 kB
PageTables:        65944 kB
NFS_Unstable:          0 kB
Bounce:                0 kB
WritebackTmp:          0 kB
CommitLimit:     9202292 kB
Committed_AS:   70535112 kB
VmallocTotal:   263061440 kB
VmallocUsed:      107188 kB
VmallocChunk:          0 kB
Percpu:             7616 kB
CmaTotal:         294912 kB
CmaFree:               0 kB
MemTotal:       12113140 kB
MemFree:          870868 kB
MemAvailable:    7323300 kB
Buffers:            7324 kB
Cached:          6602344 kB
SwapCached:            0 kB
Active:          4676584 kB
Inactive:        3728088 kB
Active(anon):    1521468 kB
Inactive(anon):   309224 kB
Active(file):    3155116 kB
Inactive(file):  3418864 kB
Unevictable:        5576 kB
Mlocked:            5576 kB
SwapTotal:       3145724 kB
SwapFree:        3143276 kB
Dirty:              3108 kB
Writeback:             0 kB
AnonPages:       1800340 kB
Mapped:           714056 kB
Shmem:             31152 kB
KReclaimable:     935572 kB
Slab:             229700 kB
SReclaimable:      84264 kB
SUnreclaim:       145436 kB
KernelStack:       50160 kB
PageTables:        66044 kB
NFS_Unstable:          0 kB
Bounce:                0 kB
WritebackTmp:          0 kB
CommitLimit:     9202292 kB
Committed_AS:   70531172 kB
VmallocTotal:   263061440 kB
VmallocUsed:      107204 kB
VmallocChunk:          0 kB
Percpu:             7616 kB
CmaTotal:         294912 kB
CmaFree:               0 kB
MemTotal:       12113140 kB
MemFree:          875724 kB
MemAvailable:    7328848 kB
Buffers:            7324 kB
Cached:          6603120 kB
SwapCached:            0 kB
Active:          4671028 kB
Inactive:        3728112 kB
Active(anon):    1515160 kB
Inactive(anon):   309280 kB
Active(file):    3155868 kB
Inactive(file):  3418832 kB
Unevictable:        5576 kB
Mlocked:            5576 kB
SwapTotal:       3145724 kB
SwapFree:        3143276 kB
Dirty:              3104 kB
Writeback:             0 kB
AnonPages:       1794028 kB
Mapped:           714152 kB
Shmem:             31208 kB
KReclaimable:     935544 kB
Slab:             229612 kB
SReclaimable:      84264 kB
SUnreclaim:       145348 kB
KernelStack:       50192 kB
PageTables:        66056 kB
NFS_Unstable:          0 kB
Bounce:                0 kB
WritebackTmp:          0 kB
CommitLimit:     9202292 kB
Committed_AS:   70544728 kB
VmallocTotal:   263061440 kB
VmallocUsed:      107172 kB
VmallocChunk:          0 kB
Percpu:             7616 kB
CmaTotal:         294912 kB
CmaFree:               4 kB
MemTotal:       12113140 kB
MemFree:          873672 kB
MemAvailable:    7326820 kB
Buffers:            7324 kB
Cached:          6603128 kB
SwapCached:            0 kB
Active:          4671932 kB
Inactive:        3727964 kB
Active(anon):    1515908 kB
Inactive(anon):   309280 kB
Active(file):    3156024 kB
Inactive(file):  3418684 kB
Unevictable:        5576 kB
Mlocked:            5576 kB
SwapTotal:       3145724 kB
SwapFree:        3143276 kB
Dirty:              3156 kB
Writeback:             0 kB
AnonPages:       1795088 kB
Mapped:           714176 kB
Shmem:             31208 kB
KReclaimable:     935560 kB
Slab:             229716 kB
SReclaimable:      84280 kB
SUnreclaim:       145436 kB
KernelStack:       50192 kB
PageTables:        65952 kB
NFS_Unstable:          0 kB
Bounce:                0 kB
WritebackTmp:          0 kB
CommitLimit:     9202292 kB
Committed_AS:   70544724 kB
VmallocTotal:   263061440 kB
VmallocUsed:      107220 kB
VmallocChunk:          0 kB
Percpu:             7616 kB
CmaTotal:         294912 kB
CmaFree:               0 kB
MemTotal:       12113140 kB
MemFree:          873040 kB
MemAvailable:    7326236 kB
Buffers:            7324 kB
Cached:          6603128 kB
SwapCached:            0 kB
Active:          4672324 kB
Inactive:        3727964 kB
Active(anon):    1516300 kB
Inactive(anon):   309280 kB
Active(file):    3156024 kB
Inactive(file):  3418684 kB
Unevictable:        5576 kB
Mlocked:            5576 kB
SwapTotal:       3145724 kB
SwapFree:        3143276 kB
Dirty:              3184 kB
Writeback:             0 kB
AnonPages:       1795344 kB
Mapped:           714208 kB
Shmem:             31208 kB
KReclaimable:     935608 kB
Slab:             229644 kB
SReclaimable:      84328 kB
SUnreclaim:       145316 kB
KernelStack:       50192 kB
PageTables:        65864 kB
NFS_Unstable:          0 kB
Bounce:                0 kB
WritebackTmp:          0 kB
CommitLimit:     9202292 kB
Committed_AS:   70544808 kB
VmallocTotal:   263061440 kB
VmallocUsed:      107220 kB
VmallocChunk:          0 kB
Percpu:             7616 kB
CmaTotal:         294912 kB
CmaFree:               0 kB
MemTotal:       12113140 kB
MemFree:          874444 kB
MemAvailable:    7327640 kB
Buffers:            7324 kB
Cached:          6603128 kB
SwapCached:            0 kB
Active:          4673168 kB
Inactive:        3727952 kB
Active(anon):    1517132 kB
Inactive(anon):   309280 kB
Active(file):    3156036 kB
Inactive(file):  3418672 kB
Unevictable:        5576 kB
Mlocked:            5576 kB
SwapTotal:       3145724 kB
SwapFree:        3143276 kB
Dirty:              3184 kB
Writeback:             0 kB
AnonPages:       1796312 kB
Mapped:           714232 kB
Shmem:             31208 kB
KReclaimable:     935608 kB
Slab:             229728 kB
SReclaimable:      84328 kB
SUnreclaim:       145400 kB
KernelStack:       50208 kB
PageTables:        66064 kB
NFS_Unstable:          0 kB
Bounce:                0 kB
WritebackTmp:          0 kB
CommitLimit:     9202292 kB
Committed_AS:   70538788 kB
VmallocTotal:   263061440 kB
VmallocUsed:      107204 kB
VmallocChunk:          0 kB
Percpu:             7616 kB
CmaTotal:         294912 kB
CmaFree:               0 kB
MemTotal:       12113140 kB
MemFree:          874284 kB
MemAvailable:    7327912 kB
Buffers:            7324 kB
Cached:          6603560 kB
SwapCached:            0 kB
Active:          4674088 kB
Inactive:        3727896 kB
Active(anon):    1517564 kB
Inactive(anon):   309280 kB
Active(file):    3156524 kB
Inactive(file):  3418616 kB
Unevictable:        5576 kB
Mlocked:            5576 kB
SwapTotal:       3145724 kB
SwapFree:        3143276 kB
Dirty:              3200 kB
Writeback:             0 kB
AnonPages:       1796448 kB
Mapped:           714252 kB
Shmem:             31208 kB
KReclaimable:     935608 kB
Slab:             229688 kB
SReclaimable:      84328 kB
SUnreclaim:       145360 kB
KernelStack:       50208 kB
PageTables:        66056 kB
NFS_Unstable:          0 kB
Bounce:                0 kB
WritebackTmp:          0 kB
CommitLimit:     9202292 kB
Committed_AS:   70543872 kB
VmallocTotal:   263061440 kB
VmallocUsed:      107204 kB
VmallocChunk:          0 kB
Percpu:             7616 kB
CmaTotal:         294912 kB
CmaFree:               0 kB
MemTotal:       12113140 kB
MemFree:          873972 kB
MemAvailable:    7327596 kB
Buffers:            7324 kB
Cached:          6603560 kB
SwapCached:            0 kB
Active:          4674536 kB
Inactive:        3727896 kB
Active(anon):    1518012 kB
Inactive(anon):   309280 kB
Active(file):    3156524 kB
Inactive(file):  3418616 kB
Unevictable:        5576 kB
Mlocked:            5576 kB
SwapTotal:       3145724 kB
SwapFree:        3143276 kB
Dirty:              3200 kB
Writeback:             0 kB
AnonPages:       1797168 kB
Mapped:           714280 kB
Shmem:             31208 kB
KReclaimable:     935604 kB
Slab:             229672 kB
SReclaimable:      84328 kB
SUnreclaim:       145344 kB
KernelStack:       50192 kB
PageTables:        66056 kB
NFS_Unstable:          0 kB
Bounce:                0 kB
WritebackTmp:          0 kB
CommitLimit:     9202292 kB
Committed_AS:   70543500 kB
VmallocTotal:   263061440 kB
VmallocUsed:      107236 kB
VmallocChunk:          0 kB
Percpu:             7616 kB
CmaTotal:         294912 kB
CmaFree:               0 kB
MemTotal:       12113140 kB
MemFree:          876636 kB
MemAvailable:    7330348 kB
Buffers:            7324 kB
Cached:          6603912 kB
SwapCached:            0 kB
Active:          4673572 kB
Inactive:        3727824 kB
Active(anon):    1516624 kB
Inactive(anon):   309280 kB
Active(file):    3156948 kB
Inactive(file):  3418544 kB
Unevictable:        5576 kB
Mlocked:            5576 kB
SwapTotal:       3145724 kB
SwapFree:        3143276 kB
Dirty:              2812 kB
Writeback:             0 kB
AnonPages:       1796152 kB
Mapped:           714832 kB
Shmem:             31208 kB
KReclaimable:     935340 kB
Slab:             229704 kB
SReclaimable:      84328 kB
SUnreclaim:       145376 kB
KernelStack:       50192 kB
PageTables:        66016 kB
NFS_Unstable:          0 kB
Bounce:                0 kB
WritebackTmp:          0 kB
CommitLimit:     9202292 kB
Committed_AS:   70543288 kB
VmallocTotal:   263061440 kB
VmallocUsed:      107252 kB
VmallocChunk:          0 kB
Percpu:             7616 kB
CmaTotal:         294912 kB
CmaFree:               0 kB
MemTotal:       12113140 kB
MemFree:          873312 kB
MemAvailable:    7327344 kB
Buffers:            7324 kB
Cached:          6604504 kB
SwapCached:            0 kB
Active:          4676292 kB
Inactive:        3728244 kB
Active(anon):    1519172 kB
Inactive(anon):   309288 kB
Active(file):    3157120 kB
Inactive(file):  3418956 kB
Unevictable:        5576 kB
Mlocked:            5576 kB
SwapTotal:       3145724 kB
SwapFree:        3143276 kB
Dirty:              2864 kB
Writeback:             0 kB
AnonPages:       1798152 kB
Mapped:           715084 kB
Shmem:             31216 kB
KReclaimable:     935076 kB
Slab:             229724 kB
SReclaimable:      84328 kB
SUnreclaim:       145396 kB
KernelStack:       50208 kB
PageTables:        66028 kB
NFS_Unstable:          0 kB
Bounce:                0 kB
WritebackTmp:          0 kB
CommitLimit:     9202292 kB
Committed_AS:   70542944 kB
VmallocTotal:   263061440 kB
VmallocUsed:      107252 kB
VmallocChunk:          0 kB
Percpu:             7616 kB
CmaTotal:         294912 kB
CmaFree:               0 kB
MemTotal:       12113140 kB
MemFree:          872084 kB
MemAvailable:    7326084 kB
Buffers:            7324 kB
Cached:          6604504 kB
SwapCached:            0 kB
Active:          4677064 kB
Inactive:        3728204 kB
Active(anon):    1519904 kB
Inactive(anon):   309288 kB
Active(file):    3157160 kB
Inactive(file):  3418916 kB
Unevictable:        5576 kB
Mlocked:            5576 kB
SwapTotal:       3145724 kB
SwapFree:        3143276 kB
Dirty:              2872 kB
Writeback:             0 kB
AnonPages:       1799016 kB
Mapped:           715168 kB
Shmem:             31216 kB
KReclaimable:     935044 kB
Slab:             229724 kB
SReclaimable:      84328 kB
SUnreclaim:       145396 kB
KernelStack:       50208 kB
PageTables:        66024 kB
NFS_Unstable:          0 kB
Bounce:                0 kB
WritebackTmp:          0 kB
CommitLimit:     9202292 kB
Committed_AS:   70542512 kB
VmallocTotal:   263061440 kB
VmallocUsed:      107252 kB
VmallocChunk:          0 kB
Percpu:             7616 kB
CmaTotal:         294912 kB
CmaFree:               0 kB
MemTotal:       12113140 kB
MemFree:          874860 kB
MemAvailable:    7328860 kB
Buffers:            7324 kB
Cached:          6604504 kB
SwapCached:            0 kB
Active:          4672012 kB
Inactive:        3728204 kB
Active(anon):    1514852 kB
Inactive(anon):   309288 kB
Active(file):    3157160 kB
Inactive(file):  3418916 kB
Unevictable:        5576 kB
Mlocked:            5576 kB
SwapTotal:       3145724 kB
SwapFree:        3143276 kB
Dirty:              2880 kB
Writeback:             0 kB
AnonPages:       1794040 kB
Mapped:           715240 kB
Shmem:             31216 kB
KReclaimable:     935044 kB
Slab:             229724 kB
SReclaimable:      84328 kB
SUnreclaim:       145396 kB
KernelStack:       50208 kB
PageTables:        66008 kB
NFS_Unstable:          0 kB
Bounce:                0 kB
WritebackTmp:          0 kB
CommitLimit:     9202292 kB
Committed_AS:   70542248 kB
VmallocTotal:   263061440 kB
VmallocUsed:      107268 kB
VmallocChunk:          0 kB
Percpu:             7616 kB
CmaTotal:         294912 kB
CmaFree:              60 kB
MemTotal:       12113140 kB
MemFree:          874584 kB
MemAvailable:    7328876 kB
Buffers:            7324 kB
Cached:          6604796 kB
SwapCached:            0 kB
Active:          4673464 kB
Inactive:        3728176 kB
Active(anon):    1515984 kB
Inactive(anon):   309288 kB
Active(file):    3157480 kB
Inactive(file):  3418888 kB
Unevictable:        5576 kB
Mlocked:            5576 kB
SwapTotal:       3145724 kB
SwapFree:        3143276 kB
Dirty:              2892 kB
Writeback:             0 kB
AnonPages:       1795064 kB
Mapped:           715296 kB
Shmem:             31216 kB
KReclaimable:     935044 kB
Slab:             229732 kB
SReclaimable:      84328 kB
SUnreclaim:       145404 kB
KernelStack:       50208 kB
PageTables:        66024 kB
NFS_Unstable:          0 kB
Bounce:                0 kB
WritebackTmp:          0 kB
CommitLimit:     9202292 kB
Committed_AS:   70542532 kB
VmallocTotal:   263061440 kB
VmallocUsed:      107268 kB
VmallocChunk:          0 kB
Percpu:             7616 kB
CmaTotal:         294912 kB
CmaFree:               0 kB
MemTotal:       12113140 kB
MemFree:          873428 kB
MemAvailable:    7327788 kB
Buffers:            7324 kB
Cached:          6604864 kB
SwapCached:            0 kB
Active:          4673720 kB
Inactive:        3728172 kB
Active(anon):    1516168 kB
Inactive(anon):   309288 kB
Active(file):    3157552 kB
Inactive(file):  3418884 kB
Unevictable:        5576 kB
Mlocked:            5576 kB
SwapTotal:       3145724 kB
SwapFree:        3143276 kB
Dirty:               320 kB
Writeback:             0 kB
AnonPages:       1795304 kB
Mapped:           715360 kB
Shmem:             31216 kB
KReclaimable:     935044 kB
Slab:             229744 kB
SReclaimable:      84328 kB
SUnreclaim:       145416 kB
KernelStack:       50208 kB
PageTables:        66016 kB
NFS_Unstable:          0 kB
Bounce:                0 kB
WritebackTmp:          0 kB
CommitLimit:     9202292 kB
Committed_AS:   70542268 kB
VmallocTotal:   263061440 kB
VmallocUsed:      107268 kB
VmallocChunk:          0 kB
Percpu:             7616 kB
CmaTotal:         294912 kB
CmaFree:               0 kB
MemTotal:       12113140 kB
MemFree:          899784 kB
MemAvailable:    7354144 kB
Buffers:            7324 kB
Cached:          6604864 kB
SwapCached:            0 kB
Active:          4647156 kB
Inactive:        3728144 kB
Active(anon):    1489576 kB
Inactive(anon):   309288 kB
Active(file):    3157580 kB
Inactive(file):  3418856 kB
Unevictable:        5576 kB
Mlocked:            5576 kB
SwapTotal:       3145724 kB
SwapFree:        3143276 kB
Dirty:               320 kB
Writeback:             0 kB
AnonPages:       1768768 kB
Mapped:           715372 kB
Shmem:             31216 kB
KReclaimable:     935044 kB
Slab:             229736 kB
SReclaimable:      84328 kB
SUnreclaim:       145408 kB
KernelStack:       50208 kB
PageTables:        66016 kB
NFS_Unstable:          0 kB
Bounce:                0 kB
WritebackTmp:          0 kB
CommitLimit:     9202292 kB
Committed_AS:   70541948 kB
VmallocTotal:   263061440 kB
VmallocUsed:      107252 kB
VmallocChunk:          0 kB
Percpu:             7616 kB
CmaTotal:         294912 kB
CmaFree:               0 kB
MemTotal:       12113140 kB
MemFree:          899564 kB
MemAvailable:    7353908 kB
Buffers:            7324 kB
Cached:          6604864 kB
SwapCached:            0 kB
Active:          4647472 kB
Inactive:        3728140 kB
Active(anon):    1489888 kB
Inactive(anon):   309288 kB
Active(file):    3157584 kB
Inactive(file):  3418852 kB
Unevictable:        5576 kB
Mlocked:            5576 kB
SwapTotal:       3145724 kB
SwapFree:        3143276 kB
Dirty:               368 kB
Writeback:             0 kB
AnonPages:       1769132 kB
Mapped:           715388 kB
Shmem:             31216 kB
KReclaimable:     935028 kB
Slab:             229696 kB
SReclaimable:      84328 kB
SUnreclaim:       145368 kB
KernelStack:       50208 kB
PageTables:        65928 kB
NFS_Unstable:          0 kB
Bounce:                0 kB
WritebackTmp:          0 kB
CommitLimit:     9202292 kB
Committed_AS:   70541780 kB
VmallocTotal:   263061440 kB
VmallocUsed:      107236 kB
VmallocChunk:          0 kB
Percpu:             7616 kB
CmaTotal:         294912 kB
CmaFree:               0 kB
MemTotal:       12113140 kB
MemFree:          899276 kB
MemAvailable:    7354124 kB
Buffers:            7324 kB
Cached:          6605368 kB
SwapCached:            0 kB
Active:          4648360 kB
Inactive:        3728120 kB
Active(anon):    1490252 kB
Inactive(anon):   309288 kB
Active(file):    3158108 kB
Inactive(file):  3418832 kB
Unevictable:        5576 kB
Mlocked:            5576 kB
SwapTotal:       3145724 kB
SwapFree:        3143276 kB
Dirty:               368 kB
Writeback:             0 kB
AnonPages:       1769356 kB
Mapped:           715388 kB
Shmem:             31216 kB
KReclaimable:     935028 kB
Slab:             229728 kB
SReclaimable:      84328 kB
SUnreclaim:       145400 kB
KernelStack:       50192 kB
PageTables:        66020 kB
NFS_Unstable:          0 kB
Bounce:                0 kB
WritebackTmp:          0 kB
CommitLimit:     9202292 kB
Committed_AS:   70541232 kB
VmallocTotal:   263061440 kB
VmallocUsed:      107252 kB
VmallocChunk:          0 kB
Percpu:             7616 kB
CmaTotal:         294912 kB
CmaFree:               0 kB
MemTotal:       12113140 kB
MemFree:          898920 kB
MemAvailable:    7354328 kB
Buffers:            7324 kB
Cached:          6605928 kB
SwapCached:            0 kB
Active:          4649208 kB
Inactive:        3728308 kB
Active(anon):    1490728 kB
Inactive(anon):   309288 kB
Active(file):    3158480 kB
Inactive(file):  3419020 kB
Unevictable:        5576 kB
Mlocked:            5576 kB
SwapTotal:       3145724 kB
SwapFree:        3143276 kB
Dirty:               400 kB
Writeback:             0 kB
AnonPages:       1769908 kB
Mapped:           715388 kB
Shmem:             31216 kB
KReclaimable:     935028 kB
Slab:             229736 kB
SReclaimable:      84328 kB
SUnreclaim:       145408 kB
KernelStack:       50192 kB
PageTables:        66012 kB
NFS_Unstable:          0 kB
Bounce:                0 kB
WritebackTmp:          0 kB
CommitLimit:     9202292 kB
Committed_AS:   70541200 kB
VmallocTotal:   263061440 kB
VmallocUsed:      107252 kB
VmallocChunk:          0 kB
Percpu:             7616 kB
CmaTotal:         294912 kB
CmaFree:               0 kB
MemTotal:       12113140 kB
MemFree:          897624 kB
MemAvailable:    7353432 kB
Buffers:            7324 kB
Cached:          6606344 kB
SwapCached:            0 kB
Active:          4650176 kB
Inactive:        3728268 kB
Active(anon):    1491240 kB
Inactive(anon):   309288 kB
Active(file):    3158936 kB
Inactive(file):  3418980 kB
Unevictable:        5576 kB
Mlocked:            5576 kB
SwapTotal:       3145724 kB
SwapFree:        3143276 kB
Dirty:               412 kB
Writeback:             0 kB
AnonPages:       1770448 kB
Mapped:           715388 kB
Shmem:             31216 kB
KReclaimable:     935012 kB
Slab:             229728 kB
SReclaimable:      84312 kB
SUnreclaim:       145416 kB
KernelStack:       50192 kB
PageTables:        66020 kB
NFS_Unstable:          0 kB
Bounce:                0 kB
WritebackTmp:          0 kB
CommitLimit:     9202292 kB
Committed_AS:   70540760 kB
VmallocTotal:   263061440 kB
VmallocUsed:      107252 kB
VmallocChunk:          0 kB
Percpu:             7616 kB
CmaTotal:         294912 kB
CmaFree:               0 kB
MemTotal:       12113140 kB
MemFree:          897156 kB
MemAvailable:    7353164 kB
Buffers:            7324 kB
Cached:          6606544 kB
SwapCached:            0 kB
Active:          4650832 kB
Inactive:        3728244 kB
Active(anon):    1491672 kB
Inactive(anon):   309288 kB
Active(file):    3159160 kB
Inactive(file):  3418956 kB
Unevictable:        5576 kB
Mlocked:            5576 kB
SwapTotal:       3145724 kB
SwapFree:        3143276 kB
Dirty:               412 kB
Writeback:             0 kB
AnonPages:       1771040 kB
Mapped:           715388 kB
Shmem:             31216 kB
KReclaimable:     935012 kB
Slab:             229728 kB
SReclaimable:      84312 kB
SUnreclaim:       145416 kB
KernelStack:       50192 kB
PageTables:        66012 kB
NFS_Unstable:          0 kB
Bounce:                0 kB
WritebackTmp:          0 kB
CommitLimit:     9202292 kB
Committed_AS:   70540584 kB
VmallocTotal:   263061440 kB
VmallocUsed:      107252 kB
VmallocChunk:          0 kB
Percpu:             7616 kB
CmaTotal:         294912 kB
CmaFree:               0 kB
MemTotal:       12113140 kB
MemFree:          896636 kB
MemAvailable:    7352988 kB
Buffers:            7324 kB
Cached:          6606872 kB
SwapCached:            0 kB
Active:          4651824 kB
Inactive:        3728188 kB
Active(anon):    1492280 kB
Inactive(anon):   309288 kB
Active(file):    3159544 kB
Inactive(file):  3418900 kB
Unevictable:        5576 kB
Mlocked:            5576 kB
SwapTotal:       3145724 kB
SwapFree:        3143276 kB
Dirty:               416 kB
Writeback:             0 kB
AnonPages:       1771496 kB
Mapped:           715388 kB
Shmem:             31216 kB
KReclaimable:     935028 kB
Slab:             229744 kB
SReclaimable:      84328 kB
SUnreclaim:       145416 kB
KernelStack:       50192 kB
PageTables:        66020 kB
NFS_Unstable:          0 kB
Bounce:                0 kB
WritebackTmp:          0 kB
CommitLimit:     9202292 kB
Committed_AS:   70540132 kB
VmallocTotal:   263061440 kB
VmallocUsed:      107252 kB
VmallocChunk:          0 kB
Percpu:             7616 kB
CmaTotal:         294912 kB
CmaFree:               0 kB
MemTotal:       12113140 kB
MemFree:          897344 kB
MemAvailable:    7353864 kB
Buffers:            7324 kB
Cached:          6607040 kB
SwapCached:            0 kB
Active:          4651076 kB
Inactive:        3728172 kB
Active(anon):    1491348 kB
Inactive(anon):   309288 kB
Active(file):    3159728 kB
Inactive(file):  3418884 kB
Unevictable:        5576 kB
Mlocked:            5576 kB
SwapTotal:       3145724 kB
SwapFree:        3143276 kB
Dirty:               436 kB
Writeback:             0 kB
AnonPages:       1770612 kB
Mapped:           715388 kB
Shmem:             31216 kB
KReclaimable:     935028 kB
Slab:             229744 kB
SReclaimable:      84328 kB
SUnreclaim:       145416 kB
KernelStack:       50192 kB
PageTables:        66016 kB
NFS_Unstable:          0 kB
Bounce:                0 kB
WritebackTmp:          0 kB
CommitLimit:     9202292 kB
Committed_AS:   70539912 kB
VmallocTotal:   263061440 kB
VmallocUsed:      107252 kB
VmallocChunk:          0 kB
Percpu:             7616 kB
CmaTotal:         294912 kB
CmaFree:               0 kB
MemTotal:       12113140 kB
MemFree:          897136 kB
MemAvailable:    7353656 kB
Buffers:            7324 kB
Cached:          6607040 kB
SwapCached:            0 kB
Active:          4651840 kB
Inactive:        3728172 kB
Active(anon):    1492112 kB
Inactive(anon):   309288 kB
Active(file):    3159728 kB
Inactive(file):  3418884 kB
Unevictable:        5576 kB
Mlocked:            5576 kB
SwapTotal:       3145724 kB
SwapFree:        3143276 kB
Dirty:               448 kB
Writeback:             0 kB
AnonPages:       1770808 kB
Mapped:           715388 kB
Shmem:             31216 kB
KReclaimable:     935028 kB
Slab:             229744 kB
SReclaimable:      84328 kB
SUnreclaim:       145416 kB
KernelStack:       50192 kB
PageTables:        66024 kB
NFS_Unstable:          0 kB
Bounce:                0 kB
WritebackTmp:          0 kB
CommitLimit:     9202292 kB
Committed_AS:   70540028 kB
VmallocTotal:   263061440 kB
VmallocUsed:      107236 kB
VmallocChunk:          0 kB
Percpu:             7616 kB
CmaTotal:         294912 kB
CmaFree:               0 kB
MemTotal:       12113140 kB
MemFree:          896088 kB
MemAvailable:    7352676 kB
Buffers:            7324 kB
Cached:          6607108 kB
SwapCached:            0 kB
Active:          4651840 kB
Inactive:        3728140 kB
Active(anon):    1492012 kB
Inactive(anon):   309288 kB
Active(file):    3159828 kB
Inactive(file):  3418852 kB
Unevictable:        5576 kB
Mlocked:            5576 kB
SwapTotal:       3145724 kB
SwapFree:        3143276 kB
Dirty:               456 kB
Writeback:             0 kB
AnonPages:       1771256 kB
Mapped:           715388 kB
Shmem:             31216 kB
KReclaimable:     935028 kB
Slab:             229744 kB
SReclaimable:      84328 kB
SUnreclaim:       145416 kB
KernelStack:       50192 kB
PageTables:        66008 kB
NFS_Unstable:          0 kB
Bounce:                0 kB
WritebackTmp:          0 kB
CommitLimit:     9202292 kB
Committed_AS:   70539352 kB
VmallocTotal:   263061440 kB
VmallocUsed:      107236 kB
VmallocChunk:          0 kB
Percpu:             7616 kB
CmaTotal:         294912 kB
CmaFree:              32 kB
MemTotal:       12113140 kB
MemFree:          896028 kB
MemAvailable:    7352700 kB
Buffers:            7324 kB
Cached:          6607192 kB
SwapCached:            0 kB
Active:          4652556 kB
Inactive:        3728136 kB
Active(anon):    1492640 kB
Inactive(anon):   309288 kB
Active(file):    3159916 kB
Inactive(file):  3418848 kB
Unevictable:        5576 kB
Mlocked:            5576 kB
SwapTotal:       3145724 kB
SwapFree:        3143276 kB
Dirty:               468 kB
Writeback:             0 kB
AnonPages:       1771468 kB
Mapped:           715388 kB
Shmem:             31216 kB
KReclaimable:     935028 kB
Slab:             229744 kB
SReclaimable:      84328 kB
SUnreclaim:       145416 kB
KernelStack:       50192 kB
PageTables:        66024 kB
NFS_Unstable:          0 kB
Bounce:                0 kB
WritebackTmp:          0 kB
CommitLimit:     9202292 kB
Committed_AS:   70539088 kB
VmallocTotal:   263061440 kB
VmallocUsed:      107236 kB
VmallocChunk:          0 kB
Percpu:             7616 kB
CmaTotal:         294912 kB
CmaFree:               0 kB
MemTotal:       12113140 kB
MemFree:          895840 kB
MemAvailable:    7353320 kB
Buffers:            7324 kB
Cached:          6608040 kB
SwapCached:            0 kB
Active:          4653584 kB
Inactive:        3728104 kB
Active(anon):    1492792 kB
Inactive(anon):   309288 kB
Active(file):    3160792 kB
Inactive(file):  3418816 kB
Unevictable:        5576 kB
Mlocked:            5576 kB
SwapTotal:       3145724 kB
SwapFree:        3143276 kB
Dirty:               468 kB
Writeback:             0 kB
AnonPages:       1771988 kB
Mapped:           715412 kB
Shmem:             31216 kB
KReclaimable:     934992 kB
Slab:             229720 kB
SReclaimable:      84312 kB
SUnreclaim:       145408 kB
KernelStack:       50192 kB
PageTables:        66016 kB
NFS_Unstable:          0 kB
Bounce:                0 kB
WritebackTmp:          0 kB
CommitLimit:     9202292 kB
Committed_AS:   70538692 kB
VmallocTotal:   263061440 kB
VmallocUsed:      107236 kB
VmallocChunk:          0 kB
Percpu:             7616 kB
CmaTotal:         294912 kB
CmaFree:               0 kB
MemTotal:       12113140 kB
MemFree:          895408 kB
MemAvailable:    7352892 kB
Buffers:            7324 kB
Cached:          6608040 kB
SwapCached:            0 kB
Active:          4653900 kB
Inactive:        3728080 kB
Active(anon):    1493080 kB
Inactive(anon):   309288 kB
Active(file):    3160820 kB
Inactive(file):  3418792 kB
Unevictable:        5576 kB
Mlocked:            5576 kB
SwapTotal:       3145724 kB
SwapFree:        3143276 kB
Dirty:               468 kB
Writeback:             0 kB
AnonPages:       1772160 kB
Mapped:           715412 kB
Shmem:             31216 kB
KReclaimable:     934992 kB
Slab:             229720 kB
SReclaimable:      84312 kB
SUnreclaim:       145408 kB
KernelStack:       50192 kB
PageTables:        66024 kB
NFS_Unstable:          0 kB
Bounce:                0 kB
WritebackTmp:          0 kB
CommitLimit:     9202292 kB
Committed_AS:   70538348 kB
VmallocTotal:   263061440 kB
VmallocUsed:      107236 kB
VmallocChunk:          0 kB
Percpu:             7616 kB
CmaTotal:         294912 kB
CmaFree:               0 kB
MemTotal:       12113140 kB
MemFree:          895100 kB
MemAvailable:    7352688 kB
Buffers:            7324 kB
Cached:          6608128 kB
SwapCached:            0 kB
Active:          4653916 kB
Inactive:        3728076 kB
Active(anon):    1493004 kB
Inactive(anon):   309288 kB
Active(file):    3160912 kB
Inactive(file):  3418788 kB
Unevictable:        5576 kB
Mlocked:            5576 kB
SwapTotal:       3145724 kB
SwapFree:        3143276 kB
Dirty:               480 kB
Writeback:             0 kB
AnonPages:       1772240 kB
Mapped:           715412 kB
Shmem:             31216 kB
KReclaimable:     935008 kB
Slab:             229744 kB
SReclaimable:      84328 kB
SUnreclaim:       145416 kB
KernelStack:       50192 kB
PageTables:        66020 kB
NFS_Unstable:          0 kB
Bounce:                0 kB
WritebackTmp:          0 kB
CommitLimit:     9202292 kB
Committed_AS:   70538456 kB
VmallocTotal:   263061440 kB
VmallocUsed:      107252 kB
VmallocChunk:          0 kB
Percpu:             7616 kB
CmaTotal:         294912 kB
CmaFree:               0 kB
MemTotal:       12113140 kB
MemFree:          894732 kB
MemAvailable:    7352560 kB
Buffers:            7324 kB
Cached:          6608368 kB
SwapCached:            0 kB
Active:          4653052 kB
Inactive:        3728028 kB
Active(anon):    1491852 kB
Inactive(anon):   309288 kB
Active(file):    3161200 kB
Inactive(file):  3418740 kB
Unevictable:        5576 kB
Mlocked:            5576 kB
SwapTotal:       3145724 kB
SwapFree:        3143276 kB
Dirty:               324 kB
Writeback:             0 kB
AnonPages:       1771076 kB
Mapped:           715408 kB
Shmem:             31216 kB
KReclaimable:     935008 kB
Slab:             229704 kB
SReclaimable:      84328 kB
SUnreclaim:       145376 kB
KernelStack:       50192 kB
PageTables:        66016 kB
NFS_Unstable:          0 kB
Bounce:                0 kB
WritebackTmp:          0 kB
CommitLimit:     9202292 kB
Committed_AS:   70537740 kB
VmallocTotal:   263061440 kB
VmallocUsed:      107252 kB
VmallocChunk:          0 kB
Percpu:             7616 kB
CmaTotal:         294912 kB
CmaFree:               0 kB
MemTotal:       12113140 kB
MemFree:          895156 kB
MemAvailable:    7353620 kB
Buffers:            7324 kB
Cached:          6609004 kB
SwapCached:            0 kB
Active:          4653688 kB
Inactive:        3728088 kB
Active(anon):    1491912 kB
Inactive(anon):   309288 kB
Active(file):    3161776 kB
Inactive(file):  3418800 kB
Unevictable:        5576 kB
Mlocked:            5576 kB
SwapTotal:       3145724 kB
SwapFree:        3143276 kB
Dirty:               324 kB
Writeback:             0 kB
AnonPages:       1771092 kB
Mapped:           715412 kB
Shmem:             31216 kB
KReclaimable:     935008 kB
Slab:             229700 kB
SReclaimable:      84328 kB
SUnreclaim:       145372 kB
KernelStack:       50192 kB
PageTables:        66024 kB
NFS_Unstable:          0 kB
Bounce:                0 kB
WritebackTmp:          0 kB
CommitLimit:     9202292 kB
Committed_AS:   70537912 kB
VmallocTotal:   263061440 kB
VmallocUsed:      107252 kB
VmallocChunk:          0 kB
Percpu:             7616 kB
CmaTotal:         294912 kB
CmaFree:               0 kB
MemTotal:       12113140 kB
MemFree:          895244 kB
MemAvailable:    7353700 kB
Buffers:            7324 kB
Cached:          6609004 kB
SwapCached:            0 kB
Active:          4653360 kB
Inactive:        3728088 kB
Active(anon):    1491584 kB
Inactive(anon):   309288 kB
Active(file):    3161776 kB
Inactive(file):  3418800 kB
Unevictable:        5576 kB
Mlocked:            5576 kB
SwapTotal:       3145724 kB
SwapFree:        3143276 kB
Dirty:               348 kB
Writeback:             0 kB
AnonPages:       1770812 kB
Mapped:           715420 kB
Shmem:             31216 kB
KReclaimable:     935000 kB
Slab:             229700 kB
SReclaimable:      84328 kB
SUnreclaim:       145372 kB
KernelStack:       50192 kB
PageTables:        66020 kB
NFS_Unstable:          0 kB
Bounce:                0 kB
WritebackTmp:          0 kB
CommitLimit:     9202292 kB
Committed_AS:   70537472 kB
VmallocTotal:   263061440 kB
VmallocUsed:      107252 kB
VmallocChunk:          0 kB
Percpu:             7616 kB
CmaTotal:         294912 kB
CmaFree:               0 kB
MemTotal:       12113140 kB
MemFree:          893284 kB
MemAvailable:    7352444 kB
Buffers:            7324 kB
Cached:          6609708 kB
SwapCached:            0 kB
Active:          4654628 kB
Inactive:        3728136 kB
Active(anon):    1492196 kB
Inactive(anon):   309288 kB
Active(file):    3162432 kB
Inactive(file):  3418848 kB
Unevictable:        5576 kB
Mlocked:            5576 kB
SwapTotal:       3145724 kB
SwapFree:        3143276 kB
Dirty:               380 kB
Writeback:             0 kB
AnonPages:       1771304 kB
Mapped:           715420 kB
Shmem:             31216 kB
KReclaimable:     935000 kB
Slab:             229708 kB
SReclaimable:      84328 kB
SUnreclaim:       145380 kB
KernelStack:       50192 kB
PageTables:        66012 kB
NFS_Unstable:          0 kB
Bounce:                0 kB
WritebackTmp:          0 kB
CommitLimit:     9202292 kB
Committed_AS:   70537100 kB
VmallocTotal:   263061440 kB
VmallocUsed:      107252 kB
VmallocChunk:          0 kB
Percpu:             7616 kB
CmaTotal:         294912 kB
CmaFree:               0 kB
MemTotal:       12113140 kB
MemFree:          893148 kB
MemAvailable:    7352412 kB
Buffers:            7324 kB
Cached:          6609828 kB
SwapCached:            0 kB
Active:          4655496 kB
Inactive:        3728088 kB
Active(anon):    1492896 kB
Inactive(anon):   309288 kB
Active(file):    3162600 kB
Inactive(file):  3418800 kB
Unevictable:        5576 kB
Mlocked:            5576 kB
SwapTotal:       3145724 kB
SwapFree:        3143276 kB
Dirty:               380 kB
Writeback:             0 kB
AnonPages:       1772096 kB
Mapped:           715420 kB
Shmem:             31216 kB
KReclaimable:     934984 kB
Slab:             229684 kB
SReclaimable:      84312 kB
SUnreclaim:       145372 kB
KernelStack:       50192 kB
PageTables:        66024 kB
NFS_Unstable:          0 kB
Bounce:                0 kB
WritebackTmp:          0 kB
CommitLimit:     9202292 kB
Committed_AS:   70537100 kB
VmallocTotal:   263061440 kB
VmallocUsed:      107236 kB
VmallocChunk:          0 kB
Percpu:             7616 kB
CmaTotal:         294912 kB
CmaFree:               0 kB
MemTotal:       12113140 kB
MemFree:          892576 kB
MemAvailable:    7351840 kB
Buffers:            7324 kB
Cached:          6609828 kB
SwapCached:            0 kB
Active:          4656056 kB
Inactive:        3728088 kB
Active(anon):    1493456 kB
Inactive(anon):   309288 kB
Active(file):    3162600 kB
Inactive(file):  3418800 kB
Unevictable:        5576 kB
Mlocked:            5576 kB
SwapTotal:       3145724 kB
SwapFree:        3143276 kB
Dirty:               392 kB
Writeback:             0 kB
AnonPages:       1772500 kB
Mapped:           715420 kB
Shmem:             31216 kB
KReclaimable:     934984 kB
Slab:             229692 kB
SReclaimable:      84312 kB
SUnreclaim:       145380 kB
KernelStack:       50192 kB
PageTables:        66016 kB
NFS_Unstable:          0 kB
Bounce:                0 kB
WritebackTmp:          0 kB
CommitLimit:     9202292 kB
Committed_AS:   70532148 kB
VmallocTotal:   263061440 kB
VmallocUsed:      107236 kB
VmallocChunk:          0 kB
Percpu:             7616 kB
CmaTotal:         294912 kB
CmaFree:               0 kB
MemTotal:       12113140 kB
MemFree:          906180 kB
MemAvailable:    7365500 kB
Buffers:            7324 kB
Cached:          6609888 kB
SwapCached:            0 kB
Active:          4643564 kB
Inactive:        3728104 kB
Active(anon):    1480920 kB
Inactive(anon):   309308 kB
Active(file):    3162644 kB
Inactive(file):  3418796 kB
Unevictable:        5576 kB
Mlocked:            5576 kB
SwapTotal:       3145724 kB
SwapFree:        3143276 kB
Dirty:               748 kB
Writeback:             0 kB
AnonPages:       1760176 kB
Mapped:           712524 kB
Shmem:             31236 kB
KReclaimable:     935000 kB
Slab:             229732 kB
SReclaimable:      84328 kB
SUnreclaim:       145404 kB
KernelStack:       50464 kB
PageTables:        66000 kB
NFS_Unstable:          0 kB
Bounce:                0 kB
WritebackTmp:          0 kB
CommitLimit:     9202292 kB
Committed_AS:   70531796 kB
VmallocTotal:   263061440 kB
VmallocUsed:      107428 kB
VmallocChunk:          0 kB
Percpu:             7616 kB
CmaTotal:         294912 kB
CmaFree:               0 kB
MemTotal:       12113140 kB
MemFree:          903836 kB
MemAvailable:    7363388 kB
Buffers:            7324 kB
Cached:          6610096 kB
SwapCached:            0 kB
Active:          4645792 kB
Inactive:        3728112 kB
Active(anon):    1482948 kB
Inactive(anon):   309316 kB
Active(file):    3162844 kB
Inactive(file):  3418796 kB
Unevictable:        5576 kB
Mlocked:            5576 kB
SwapTotal:       3145724 kB
SwapFree:        3143276 kB
Dirty:               964 kB
Writeback:             0 kB
AnonPages:       1762076 kB
Mapped:           715448 kB
Shmem:             31244 kB
KReclaimable:     935032 kB
Slab:             229772 kB
SReclaimable:      84360 kB
SUnreclaim:       145412 kB
KernelStack:       50624 kB
PageTables:        66096 kB
NFS_Unstable:          0 kB
Bounce:                0 kB
WritebackTmp:          0 kB
CommitLimit:     9202292 kB
Committed_AS:   70536640 kB
VmallocTotal:   263061440 kB
VmallocUsed:      107588 kB
VmallocChunk:          0 kB
Percpu:             7616 kB
CmaTotal:         294912 kB
CmaFree:               0 kB
MemTotal:       12113140 kB
MemFree:          902524 kB
MemAvailable:    7362224 kB
Buffers:            7324 kB
Cached:          6610260 kB
SwapCached:            0 kB
Active:          4647664 kB
Inactive:        3728092 kB
Active(anon):    1484636 kB
Inactive(anon):   309316 kB
Active(file):    3163028 kB
Inactive(file):  3418776 kB
Unevictable:        5576 kB
Mlocked:            5576 kB
SwapTotal:       3145724 kB
SwapFree:        3143276 kB
Dirty:               980 kB
Writeback:             0 kB
AnonPages:       1763828 kB
Mapped:           715448 kB
Shmem:             31244 kB
KReclaimable:     935016 kB
Slab:             229764 kB
SReclaimable:      84344 kB
SUnreclaim:       145420 kB
KernelStack:       50624 kB
PageTables:        66104 kB
NFS_Unstable:          0 kB
Bounce:                0 kB
WritebackTmp:          0 kB
CommitLimit:     9202292 kB
Committed_AS:   70536524 kB
VmallocTotal:   263061440 kB
VmallocUsed:      107588 kB
VmallocChunk:          0 kB
Percpu:             7616 kB
CmaTotal:         294912 kB
CmaFree:               0 kB
MemTotal:       12113140 kB
MemFree:          901192 kB
MemAvailable:    7360908 kB
Buffers:            7324 kB
Cached:          6610260 kB
SwapCached:            0 kB
Active:          4648148 kB
Inactive:        3728068 kB
Active(anon):    1485096 kB
Inactive(anon):   309316 kB
Active(file):    3163052 kB
Inactive(file):  3418752 kB
Unevictable:        5576 kB
Mlocked:            5576 kB
SwapTotal:       3145724 kB
SwapFree:        3143276 kB
Dirty:               984 kB
Writeback:             0 kB
AnonPages:       1764084 kB
Mapped:           715448 kB
Shmem:             31244 kB
KReclaimable:     935032 kB
Slab:             229772 kB
SReclaimable:      84360 kB
SUnreclaim:       145412 kB
KernelStack:       50624 kB
PageTables:        66112 kB
NFS_Unstable:          0 kB
Bounce:                0 kB
WritebackTmp:          0 kB
CommitLimit:     9202292 kB
Committed_AS:   70535720 kB
VmallocTotal:   263061440 kB
VmallocUsed:      107588 kB
VmallocChunk:          0 kB
Percpu:             7616 kB
CmaTotal:         294912 kB
CmaFree:               0 kB
MemTotal:       12113140 kB
MemFree:          899932 kB
MemAvailable:    7359704 kB
Buffers:            7324 kB
Cached:          6610316 kB
SwapCached:            0 kB
Active:          4647648 kB
Inactive:        3728056 kB
Active(anon):    1484528 kB
Inactive(anon):   309316 kB
Active(file):    3163120 kB
Inactive(file):  3418740 kB
Unevictable:        5576 kB
Mlocked:            5576 kB
SwapTotal:       3145724 kB
SwapFree:        3143276 kB
Dirty:               984 kB
Writeback:             0 kB
AnonPages:       1763540 kB
Mapped:           715448 kB
Shmem:             31244 kB
KReclaimable:     935032 kB
Slab:             229748 kB
SReclaimable:      84360 kB
SUnreclaim:       145388 kB
KernelStack:       50624 kB
PageTables:        66008 kB
NFS_Unstable:          0 kB
Bounce:                0 kB
WritebackTmp:          0 kB
CommitLimit:     9202292 kB
Committed_AS:   70535852 kB
VmallocTotal:   263061440 kB
VmallocUsed:      107588 kB
VmallocChunk:          0 kB
Percpu:             7616 kB
CmaTotal:         294912 kB
CmaFree:               0 kB
MemTotal:       12113140 kB
MemFree:          900252 kB
MemAvailable:    7360028 kB
Buffers:            7324 kB
Cached:          6610320 kB
SwapCached:            0 kB
Active:          4647928 kB
Inactive:        3728052 kB
Active(anon):    1484800 kB
Inactive(anon):   309316 kB
Active(file):    3163128 kB
Inactive(file):  3418736 kB
Unevictable:        5576 kB
Mlocked:            5576 kB
SwapTotal:       3145724 kB
SwapFree:        3143276 kB
Dirty:              1000 kB
Writeback:             0 kB
AnonPages:       1763936 kB
Mapped:           715448 kB
Shmem:             31244 kB
KReclaimable:     935032 kB
Slab:             229792 kB
SReclaimable:      84360 kB
SUnreclaim:       145432 kB
KernelStack:       50624 kB
PageTables:        66108 kB
NFS_Unstable:          0 kB
Bounce:                0 kB
WritebackTmp:          0 kB
CommitLimit:     9202292 kB
Committed_AS:   70535500 kB
VmallocTotal:   263061440 kB
VmallocUsed:      107588 kB
VmallocChunk:          0 kB
Percpu:             7616 kB
CmaTotal:         294912 kB
CmaFree:               0 kB
MemTotal:       12113140 kB
MemFree:          900068 kB
MemAvailable:    7360256 kB
Buffers:            7324 kB
Cached:          6610732 kB
SwapCached:            0 kB
Active:          4648624 kB
Inactive:        3728032 kB
Active(anon):    1485064 kB
Inactive(anon):   309316 kB
Active(file):    3163560 kB
Inactive(file):  3418716 kB
Unevictable:        5576 kB
Mlocked:            5576 kB
SwapTotal:       3145724 kB
SwapFree:        3143276 kB
Dirty:              1000 kB
Writeback:             0 kB
AnonPages:       1764236 kB
Mapped:           715448 kB
Shmem:             31244 kB
KReclaimable:     935032 kB
Slab:             229776 kB
SReclaimable:      84360 kB
SUnreclaim:       145416 kB
KernelStack:       50608 kB
PageTables:        66112 kB
NFS_Unstable:          0 kB
Bounce:                0 kB
WritebackTmp:          0 kB
CommitLimit:     9202292 kB
Committed_AS:   70530988 kB
VmallocTotal:   263061440 kB
VmallocUsed:      107556 kB
VmallocChunk:          0 kB
Percpu:             7616 kB
CmaTotal:         294912 kB
CmaFree:               0 kB
MemTotal:       12113140 kB
MemFree:          899536 kB
MemAvailable:    7359816 kB
Buffers:            7324 kB
Cached:          6610840 kB
SwapCached:            0 kB
Active:          4648864 kB
Inactive:        3728032 kB
Active(anon):    1485196 kB
Inactive(anon):   309316 kB
Active(file):    3163668 kB
Inactive(file):  3418716 kB
Unevictable:        5576 kB
Mlocked:            5576 kB
SwapTotal:       3145724 kB
SwapFree:        3143276 kB
Dirty:              1004 kB
Writeback:             0 kB
AnonPages:       1764328 kB
Mapped:           715448 kB
Shmem:             31244 kB
KReclaimable:     935016 kB
Slab:             229768 kB
SReclaimable:      84344 kB
SUnreclaim:       145424 kB
KernelStack:       50592 kB
PageTables:        66108 kB
NFS_Unstable:          0 kB
Bounce:                0 kB
WritebackTmp:          0 kB
CommitLimit:     9202292 kB
Committed_AS:   70533824 kB
VmallocTotal:   263061440 kB
VmallocUsed:      107588 kB
VmallocChunk:          0 kB
Percpu:             7616 kB
CmaTotal:         294912 kB
CmaFree:               0 kB
MemTotal:       12113140 kB
MemFree:          899100 kB
MemAvailable:    7359396 kB
Buffers:            7324 kB
Cached:          6610840 kB
SwapCached:            0 kB
Active:          4649228 kB
Inactive:        3728024 kB
Active(anon):    1485552 kB
Inactive(anon):   309316 kB
Active(file):    3163676 kB
Inactive(file):  3418708 kB
Unevictable:        5576 kB
Mlocked:            5576 kB
SwapTotal:       3145724 kB
SwapFree:        3143276 kB
Dirty:              1016 kB
Writeback:             0 kB
AnonPages:       1764672 kB
Mapped:           715448 kB
Shmem:             31244 kB
KReclaimable:     935032 kB
Slab:             229776 kB
SReclaimable:      84360 kB
SUnreclaim:       145416 kB
KernelStack:       50592 kB
PageTables:        66112 kB
NFS_Unstable:          0 kB
Bounce:                0 kB
WritebackTmp:          0 kB
CommitLimit:     9202292 kB
Committed_AS:   70533552 kB
VmallocTotal:   263061440 kB
VmallocUsed:      107588 kB
VmallocChunk:          0 kB
Percpu:             7616 kB
CmaTotal:         294912 kB
CmaFree:               0 kB
MemTotal:       12113140 kB
MemFree:          897860 kB
MemAvailable:    7358268 kB
Buffers:            7324 kB
Cached:          6610952 kB
SwapCached:            0 kB
Active:          4650460 kB
Inactive:        3728008 kB
Active(anon):    1486656 kB
Inactive(anon):   309316 kB
Active(file):    3163804 kB
Inactive(file):  3418692 kB
Unevictable:        5576 kB
Mlocked:            5576 kB
SwapTotal:       3145724 kB
SwapFree:        3143276 kB
Dirty:              1032 kB
Writeback:             0 kB
AnonPages:       1765780 kB
Mapped:           715448 kB
Shmem:             31244 kB
KReclaimable:     935032 kB
Slab:             229776 kB
SReclaimable:      84360 kB
SUnreclaim:       145416 kB
KernelStack:       50592 kB
PageTables:        66104 kB
NFS_Unstable:          0 kB
Bounce:                0 kB
WritebackTmp:          0 kB
CommitLimit:     9202292 kB
Committed_AS:   70529288 kB
VmallocTotal:   263061440 kB
VmallocUsed:      107588 kB
VmallocChunk:          0 kB
Percpu:             7616 kB
CmaTotal:         294912 kB
CmaFree:               0 kB
MemTotal:       12113140 kB
MemFree:          897280 kB
MemAvailable:    7358068 kB
Buffers:            7324 kB
Cached:          6611316 kB
SwapCached:            0 kB
Active:          4651144 kB
Inactive:        3728004 kB
Active(anon):    1486972 kB
Inactive(anon):   309316 kB
Active(file):    3164172 kB
Inactive(file):  3418688 kB
Unevictable:        5576 kB
Mlocked:            5576 kB
SwapTotal:       3145724 kB
SwapFree:        3143276 kB
Dirty:              1028 kB
Writeback:             0 kB
AnonPages:       1766128 kB
Mapped:           715448 kB
Shmem:             31244 kB
KReclaimable:     935048 kB
Slab:             229804 kB
SReclaimable:      84376 kB
SUnreclaim:       145428 kB
KernelStack:       50592 kB
PageTables:        66108 kB
NFS_Unstable:          0 kB
Bounce:                0 kB
WritebackTmp:          0 kB
CommitLimit:     9202292 kB
Committed_AS:   70527944 kB
VmallocTotal:   263061440 kB
VmallocUsed:      107620 kB
VmallocChunk:          0 kB
Percpu:             7616 kB
CmaTotal:         294912 kB
CmaFree:               0 kB
MemTotal:       12113140 kB
MemFree:          895940 kB
MemAvailable:    7356728 kB
Buffers:            7324 kB
Cached:          6611316 kB
SwapCached:            0 kB
Active:          4652012 kB
Inactive:        3727984 kB
Active(anon):    1487820 kB
Inactive(anon):   309316 kB
Active(file):    3164192 kB
Inactive(file):  3418668 kB
Unevictable:        5576 kB
Mlocked:            5576 kB
SwapTotal:       3145724 kB
SwapFree:        3143276 kB
Dirty:               968 kB
Writeback:             0 kB
AnonPages:       1766928 kB
Mapped:           715504 kB
Shmem:             31244 kB
KReclaimable:     935048 kB
Slab:             229792 kB
SReclaimable:      84376 kB
SUnreclaim:       145416 kB
KernelStack:       50560 kB
PageTables:        66100 kB
NFS_Unstable:          0 kB
Bounce:                0 kB
WritebackTmp:          0 kB
CommitLimit:     9202292 kB
Committed_AS:   70527636 kB
VmallocTotal:   263061440 kB
VmallocUsed:      107572 kB
VmallocChunk:          0 kB
Percpu:             7616 kB
CmaTotal:         294912 kB
CmaFree:               0 kB
MemTotal:       12113140 kB
MemFree:          895744 kB
MemAvailable:    7356532 kB
Buffers:            7324 kB
Cached:          6611316 kB
SwapCached:            0 kB
Active:          4652024 kB
Inactive:        3727924 kB
Active(anon):    1487772 kB
Inactive(anon):   309316 kB
Active(file):    3164252 kB
Inactive(file):  3418608 kB
Unevictable:        5576 kB
Mlocked:            5576 kB
SwapTotal:       3145724 kB
SwapFree:        3143276 kB
Dirty:               972 kB
Writeback:             0 kB
AnonPages:       1766880 kB
Mapped:           715504 kB
Shmem:             31244 kB
KReclaimable:     935048 kB
Slab:             229792 kB
SReclaimable:      84376 kB
SUnreclaim:       145416 kB
KernelStack:       50560 kB
PageTables:        66104 kB
NFS_Unstable:          0 kB
Bounce:                0 kB
WritebackTmp:          0 kB
CommitLimit:     9202292 kB
Committed_AS:   70522764 kB
VmallocTotal:   263061440 kB
VmallocUsed:      107588 kB
VmallocChunk:          0 kB
Percpu:             7616 kB
CmaTotal:         294912 kB
CmaFree:               0 kB
MemTotal:       12113140 kB
MemFree:          895256 kB
MemAvailable:    7356044 kB
Buffers:            7324 kB
Cached:          6611700 kB
SwapCached:            0 kB
Active:          4653900 kB
Inactive:        3728308 kB
Active(anon):    1489648 kB
Inactive(anon):   309700 kB
Active(file):    3164252 kB
Inactive(file):  3418608 kB
Unevictable:        5576 kB
Mlocked:            5576 kB
SwapTotal:       3145724 kB
SwapFree:        3143276 kB
Dirty:               980 kB
Writeback:             0 kB
AnonPages:       1768824 kB
Mapped:           715504 kB
Shmem:             31628 kB
KReclaimable:     935048 kB
Slab:             229788 kB
SReclaimable:      84376 kB
SUnreclaim:       145412 kB
KernelStack:       50560 kB
PageTables:        66108 kB
NFS_Unstable:          0 kB
Bounce:                0 kB
WritebackTmp:          0 kB
CommitLimit:     9202292 kB
Committed_AS:   70527936 kB
VmallocTotal:   263061440 kB
VmallocUsed:      107588 kB
VmallocChunk:          0 kB
Percpu:             7616 kB
CmaTotal:         294912 kB
CmaFree:               0 kB
MemTotal:       12113140 kB
MemFree:          893996 kB
MemAvailable:    7354784 kB
Buffers:            7324 kB
Cached:          6611700 kB
SwapCached:            0 kB
Active:          4654380 kB
Inactive:        3728304 kB
Active(anon):    1490124 kB
Inactive(anon):   309700 kB
Active(file):    3164256 kB
Inactive(file):  3418604 kB
Unevictable:        5576 kB
Mlocked:            5576 kB
SwapTotal:       3145724 kB
SwapFree:        3143276 kB
Dirty:              1020 kB
Writeback:             0 kB
AnonPages:       1768984 kB
Mapped:           715504 kB
Shmem:             31628 kB
KReclaimable:     935048 kB
Slab:             229800 kB
SReclaimable:      84376 kB
SUnreclaim:       145424 kB
KernelStack:       50560 kB
PageTables:        66096 kB
NFS_Unstable:          0 kB
Bounce:                0 kB
WritebackTmp:          0 kB
CommitLimit:     9202292 kB
Committed_AS:   70526060 kB
VmallocTotal:   263061440 kB
VmallocUsed:      107588 kB
VmallocChunk:          0 kB
Percpu:             7616 kB
CmaTotal:         294912 kB
CmaFree:               0 kB
MemTotal:       12113140 kB
MemFree:          893460 kB
MemAvailable:    7354288 kB
Buffers:            7324 kB
Cached:          6611756 kB
SwapCached:            0 kB
Active:          4654504 kB
Inactive:        3728272 kB
Active(anon):    1490160 kB
Inactive(anon):   309700 kB
Active(file):    3164344 kB
Inactive(file):  3418572 kB
Unevictable:        5576 kB
Mlocked:            5576 kB
SwapTotal:       3145724 kB
SwapFree:        3143276 kB
Dirty:              1020 kB
Writeback:             0 kB
AnonPages:       1769272 kB
Mapped:           715504 kB
Shmem:             31628 kB
KReclaimable:     935032 kB
Slab:             229780 kB
SReclaimable:      84360 kB
SUnreclaim:       145420 kB
KernelStack:       50560 kB
PageTables:        66100 kB
NFS_Unstable:          0 kB
Bounce:                0 kB
WritebackTmp:          0 kB
CommitLimit:     9202292 kB
Committed_AS:   70533924 kB
VmallocTotal:   263061440 kB
VmallocUsed:      107604 kB
VmallocChunk:          0 kB
Percpu:             7616 kB
CmaTotal:         294912 kB
CmaFree:               0 kB
MemTotal:       12113140 kB
MemFree:          892280 kB
MemAvailable:    7353740 kB
Buffers:            7324 kB
Cached:          6612372 kB
SwapCached:            0 kB
Active:          4655616 kB
Inactive:        3728320 kB
Active(anon):    1490704 kB
Inactive(anon):   309700 kB
Active(file):    3164912 kB
Inactive(file):  3418620 kB
Unevictable:        5576 kB
Mlocked:            5576 kB
SwapTotal:       3145724 kB
SwapFree:        3143276 kB
Dirty:              1020 kB
Writeback:             0 kB
AnonPages:       1769752 kB
Mapped:           715504 kB
Shmem:             31628 kB
KReclaimable:     935048 kB
Slab:             229796 kB
SReclaimable:      84376 kB
SUnreclaim:       145420 kB
KernelStack:       50560 kB
PageTables:        66104 kB
NFS_Unstable:          0 kB
Bounce:                0 kB
WritebackTmp:          0 kB
CommitLimit:     9202292 kB
Committed_AS:   70525280 kB
VmallocTotal:   263061440 kB
VmallocUsed:      107572 kB
VmallocChunk:          0 kB
Percpu:             7616 kB
CmaTotal:         294912 kB
CmaFree:               0 kB
MemTotal:       12113140 kB
MemFree:          890868 kB
MemAvailable:    7352436 kB
Buffers:            7324 kB
Cached:          6612480 kB
SwapCached:            0 kB
Active:          4655992 kB
Inactive:        3728304 kB
Active(anon):    1490956 kB
Inactive(anon):   309700 kB
Active(file):    3165036 kB
Inactive(file):  3418604 kB
Unevictable:        5576 kB
Mlocked:            5576 kB
SwapTotal:       3145724 kB
SwapFree:        3143276 kB
Dirty:              1028 kB
Writeback:             0 kB
AnonPages:       1770112 kB
Mapped:           715504 kB
Shmem:             31628 kB
KReclaimable:     935048 kB
Slab:             229800 kB
SReclaimable:      84376 kB
SUnreclaim:       145424 kB
KernelStack:       50544 kB
PageTables:        66100 kB
NFS_Unstable:          0 kB
Bounce:                0 kB
WritebackTmp:          0 kB
CommitLimit:     9202292 kB
Committed_AS:   70528336 kB
VmallocTotal:   263061440 kB
VmallocUsed:      107572 kB
VmallocChunk:          0 kB
Percpu:             7616 kB
CmaTotal:         294912 kB
CmaFree:               0 kB
MemTotal:       12113140 kB
MemFree:          889900 kB
MemAvailable:    7351844 kB
Buffers:            7324 kB
Cached:          6612856 kB
SwapCached:            0 kB
Active:          4656976 kB
Inactive:        3728264 kB
Active(anon):    1491524 kB
Inactive(anon):   309700 kB
Active(file):    3165452 kB
Inactive(file):  3418564 kB
Unevictable:        5576 kB
Mlocked:            5576 kB
SwapTotal:       3145724 kB
SwapFree:        3143276 kB
Dirty:              1040 kB
Writeback:             0 kB
AnonPages:       1770664 kB
Mapped:           715504 kB
Shmem:             31628 kB
KReclaimable:     935048 kB
Slab:             229792 kB
SReclaimable:      84376 kB
SUnreclaim:       145416 kB
KernelStack:       50544 kB
PageTables:        66100 kB
NFS_Unstable:          0 kB
Bounce:                0 kB
WritebackTmp:          0 kB
CommitLimit:     9202292 kB
Committed_AS:   70528444 kB
VmallocTotal:   263061440 kB
VmallocUsed:      107540 kB
VmallocChunk:          0 kB
Percpu:             7616 kB
CmaTotal:         294912 kB
CmaFree:               0 kB
MemTotal:       12113140 kB
MemFree:          889852 kB
MemAvailable:    7351968 kB
Buffers:            7324 kB
Cached:          6613028 kB
SwapCached:            0 kB
Active:          4657804 kB
Inactive:        3728240 kB
Active(anon):    1492156 kB
Inactive(anon):   309700 kB
Active(file):    3165648 kB
Inactive(file):  3418540 kB
Unevictable:        5576 kB
Mlocked:            5576 kB
SwapTotal:       3145724 kB
SwapFree:        3143276 kB
Dirty:              1040 kB
Writeback:             0 kB
AnonPages:       1771080 kB
Mapped:           715504 kB
Shmem:             31628 kB
KReclaimable:     935048 kB
Slab:             229800 kB
SReclaimable:      84376 kB
SUnreclaim:       145424 kB
KernelStack:       50544 kB
PageTables:        66108 kB
NFS_Unstable:          0 kB
Bounce:                0 kB
WritebackTmp:          0 kB
CommitLimit:     9202292 kB
Committed_AS:   70528304 kB
VmallocTotal:   263061440 kB
VmallocUsed:      107572 kB
VmallocChunk:          0 kB
Percpu:             7616 kB
CmaTotal:         294912 kB
CmaFree:               0 kB
MemTotal:       12113140 kB
MemFree:          888172 kB
MemAvailable:    7350272 kB
Buffers:            7324 kB
Cached:          6613028 kB
SwapCached:            0 kB
Active:          4658796 kB
Inactive:        3728240 kB
Active(anon):    1493148 kB
Inactive(anon):   309700 kB
Active(file):    3165648 kB
Inactive(file):  3418540 kB
Unevictable:        5576 kB
Mlocked:            5576 kB
SwapTotal:       3145724 kB
SwapFree:        3143276 kB
Dirty:              1052 kB
Writeback:             0 kB
AnonPages:       1772436 kB
Mapped:           715504 kB
Shmem:             31628 kB
KReclaimable:     935032 kB
Slab:             229768 kB
SReclaimable:      84360 kB
SUnreclaim:       145408 kB
KernelStack:       50544 kB
PageTables:        66100 kB
NFS_Unstable:          0 kB
Bounce:                0 kB
WritebackTmp:          0 kB
CommitLimit:     9202292 kB
Committed_AS:   70528428 kB
VmallocTotal:   263061440 kB
VmallocUsed:      107572 kB
VmallocChunk:          0 kB
Percpu:             7616 kB
CmaTotal:         294912 kB
CmaFree:               0 kB
MemTotal:       12113140 kB
MemFree:          888660 kB
MemAvailable:    7350776 kB
Buffers:            7324 kB
Cached:          6613028 kB
SwapCached:            0 kB
Active:          4659124 kB
Inactive:        3728208 kB
Active(anon):    1493444 kB
Inactive(anon):   309700 kB
Active(file):    3165680 kB
Inactive(file):  3418508 kB
Unevictable:        5576 kB
Mlocked:            5576 kB
SwapTotal:       3145724 kB
SwapFree:        3143276 kB
Dirty:              1052 kB
Writeback:             0 kB
AnonPages:       1772568 kB
Mapped:           715504 kB
Shmem:             31628 kB
KReclaimable:     935048 kB
Slab:             229800 kB
SReclaimable:      84376 kB
SUnreclaim:       145424 kB
KernelStack:       50544 kB
PageTables:        66104 kB
NFS_Unstable:          0 kB
Bounce:                0 kB
WritebackTmp:          0 kB
CommitLimit:     9202292 kB
Committed_AS:   70528340 kB
VmallocTotal:   263061440 kB
VmallocUsed:      107556 kB
VmallocChunk:          0 kB
Percpu:             7616 kB
CmaTotal:         294912 kB
CmaFree:               0 kB
MemTotal:       12113140 kB
MemFree:          888620 kB
MemAvailable:    7350740 kB
Buffers:            7324 kB
Cached:          6613032 kB
SwapCached:            0 kB
Active:          4658724 kB
Inactive:        3728212 kB
Active(anon):    1493044 kB
Inactive(anon):   309700 kB
Active(file):    3165680 kB
Inactive(file):  3418512 kB
Unevictable:        5576 kB
Mlocked:            5576 kB
SwapTotal:       3145724 kB
SwapFree:        3143276 kB
Dirty:              1056 kB
Writeback:             0 kB
AnonPages:       1772268 kB
Mapped:           715504 kB
Shmem:             31628 kB
KReclaimable:     935048 kB
Slab:             229792 kB
SReclaimable:      84376 kB
SUnreclaim:       145416 kB
KernelStack:       50464 kB
PageTables:        66112 kB
NFS_Unstable:          0 kB
Bounce:                0 kB
WritebackTmp:          0 kB
CommitLimit:     9202292 kB
Committed_AS:   70527892 kB
VmallocTotal:   263061440 kB
VmallocUsed:      107444 kB
VmallocChunk:          0 kB
Percpu:             7616 kB
CmaTotal:         294912 kB
CmaFree:               0 kB
MemTotal:       12113140 kB
MemFree:          889132 kB
MemAvailable:    7351236 kB
Buffers:            7324 kB
Cached:          6613032 kB
SwapCached:            0 kB
Active:          4657804 kB
Inactive:        3728208 kB
Active(anon):    1492120 kB
Inactive(anon):   309700 kB
Active(file):    3165684 kB
Inactive(file):  3418508 kB
Unevictable:        5576 kB
Mlocked:            5576 kB
SwapTotal:       3145724 kB
SwapFree:        3143276 kB
Dirty:              1056 kB
Writeback:             0 kB
AnonPages:       1771368 kB
Mapped:           715504 kB
Shmem:             31628 kB
KReclaimable:     935032 kB
Slab:             229768 kB
SReclaimable:      84360 kB
SUnreclaim:       145408 kB
KernelStack:       50400 kB
PageTables:        65952 kB
NFS_Unstable:          0 kB
Bounce:                0 kB
WritebackTmp:          0 kB
CommitLimit:     9202292 kB
Committed_AS:   70522536 kB
VmallocTotal:   263061440 kB
VmallocUsed:      107428 kB
VmallocChunk:          0 kB
Percpu:             7616 kB
CmaTotal:         294912 kB
CmaFree:               0 kB
MemTotal:       12113140 kB
MemFree:          905028 kB
MemAvailable:    7376816 kB
Buffers:            7324 kB
Cached:          6613256 kB
SwapCached:            0 kB
Active:          4641424 kB
Inactive:        3728156 kB
Active(anon):    1475520 kB
Inactive(anon):   309700 kB
Active(file):    3165904 kB
Inactive(file):  3418456 kB
Unevictable:        5576 kB
Mlocked:            5576 kB
SwapTotal:       3145724 kB
SwapFree:        3143276 kB
Dirty:              1068 kB
Writeback:             0 kB
AnonPages:       1754664 kB
Mapped:           715516 kB
Shmem:             31628 kB
KReclaimable:     944548 kB
Slab:             229788 kB
SReclaimable:      84360 kB
SUnreclaim:       145428 kB
KernelStack:       50432 kB
PageTables:        66072 kB
NFS_Unstable:          0 kB
Bounce:                0 kB
WritebackTmp:          0 kB
CommitLimit:     9202292 kB
Committed_AS:   70515624 kB
VmallocTotal:   263061440 kB
VmallocUsed:      107476 kB
VmallocChunk:          0 kB
Percpu:             7616 kB
CmaTotal:         294912 kB
CmaFree:               0 kB
MemTotal:       12113140 kB
MemFree:          902760 kB
MemAvailable:    7340480 kB
Buffers:            7324 kB
Cached:          6613512 kB
SwapCached:            0 kB
Active:          4646208 kB
Inactive:        3728304 kB
Active(anon):    1480140 kB
Inactive(anon):   309700 kB
Active(file):    3166068 kB
Inactive(file):  3418604 kB
Unevictable:        5576 kB
Mlocked:            5576 kB
SwapTotal:       3145724 kB
SwapFree:        3143276 kB
Dirty:              1068 kB
Writeback:             0 kB
AnonPages:       1759220 kB
Mapped:           715732 kB
Shmem:             31628 kB
KReclaimable:     910168 kB
Slab:             229792 kB
SReclaimable:      84360 kB
SUnreclaim:       145432 kB
KernelStack:       50432 kB
PageTables:        66224 kB
NFS_Unstable:          0 kB
Bounce:                0 kB
WritebackTmp:          0 kB
CommitLimit:     9202292 kB
Committed_AS:   70515272 kB
VmallocTotal:   263061440 kB
VmallocUsed:      107476 kB
VmallocChunk:          0 kB
Percpu:             7616 kB
CmaTotal:         294912 kB
CmaFree:               0 kB
MemTotal:       12113140 kB
MemFree:          902360 kB
MemAvailable:    7340072 kB
Buffers:            7324 kB
Cached:          6613512 kB
SwapCached:            0 kB
Active:          4646556 kB
Inactive:        3728308 kB
Active(anon):    1480492 kB
Inactive(anon):   309700 kB
Active(file):    3166064 kB
Inactive(file):  3418608 kB
Unevictable:        5576 kB
Mlocked:            5576 kB
SwapTotal:       3145724 kB
SwapFree:        3143276 kB
Dirty:              1088 kB
Writeback:             0 kB
AnonPages:       1759648 kB
Mapped:           715740 kB
Shmem:             31628 kB
KReclaimable:     910160 kB
Slab:             229792 kB
SReclaimable:      84360 kB
SUnreclaim:       145432 kB
KernelStack:       50400 kB
PageTables:        66228 kB
NFS_Unstable:          0 kB
Bounce:                0 kB
WritebackTmp:          0 kB
CommitLimit:     9202292 kB
Committed_AS:   70517336 kB
VmallocTotal:   263061440 kB
VmallocUsed:      107444 kB
VmallocChunk:          0 kB
Percpu:             7616 kB
CmaTotal:         294912 kB
CmaFree:               0 kB
MemTotal:       12113140 kB
MemFree:          900416 kB
MemAvailable:    7338128 kB
Buffers:            7324 kB
Cached:          6613512 kB
SwapCached:            0 kB
Active:          4646356 kB
Inactive:        3728284 kB
Active(anon):    1480268 kB
Inactive(anon):   309700 kB
Active(file):    3166088 kB
Inactive(file):  3418584 kB
Unevictable:        5576 kB
Mlocked:            5576 kB
SwapTotal:       3145724 kB
SwapFree:        3143276 kB
Dirty:              1088 kB
Writeback:             0 kB
AnonPages:       1759452 kB
Mapped:           715740 kB
Shmem:             31628 kB
KReclaimable:     910160 kB
Slab:             229792 kB
SReclaimable:      84360 kB
SUnreclaim:       145432 kB
KernelStack:       50336 kB
PageTables:        66220 kB
NFS_Unstable:          0 kB
Bounce:                0 kB
WritebackTmp:          0 kB
CommitLimit:     9202292 kB
Committed_AS:   70516056 kB
VmallocTotal:   263061440 kB
VmallocUsed:      107332 kB
VmallocChunk:          0 kB
Percpu:             7616 kB
CmaTotal:         294912 kB
CmaFree:               0 kB
MemTotal:       12113140 kB
MemFree:          903344 kB
MemAvailable:    7342232 kB
Buffers:            7324 kB
Cached:          6613516 kB
SwapCached:            0 kB
Active:          4643752 kB
Inactive:        3728288 kB
Active(anon):    1477664 kB
Inactive(anon):   309704 kB
Active(file):    3166088 kB
Inactive(file):  3418584 kB
Unevictable:        5576 kB
Mlocked:            5576 kB
SwapTotal:       3145724 kB
SwapFree:        3143276 kB
Dirty:              1088 kB
Writeback:             0 kB
AnonPages:       1756576 kB
Mapped:           715744 kB
Shmem:             31632 kB
KReclaimable:     911336 kB
Slab:             229792 kB
SReclaimable:      84360 kB
SUnreclaim:       145432 kB
KernelStack:       50272 kB
PageTables:        66208 kB
NFS_Unstable:          0 kB
Bounce:                0 kB
WritebackTmp:          0 kB
CommitLimit:     9202292 kB
Committed_AS:   70511036 kB
VmallocTotal:   263061440 kB
VmallocUsed:      107300 kB
VmallocChunk:          0 kB
Percpu:             7616 kB
CmaTotal:         294912 kB
CmaFree:               0 kB
MemTotal:       12113140 kB
MemFree:          902148 kB
MemAvailable:    7341036 kB
Buffers:            7324 kB
Cached:          6613388 kB
SwapCached:            0 kB
Active:          4643936 kB
Inactive:        3728256 kB
Active(anon):    1477848 kB
Inactive(anon):   309672 kB
Active(file):    3166088 kB
Inactive(file):  3418584 kB
Unevictable:        5576 kB
Mlocked:            5576 kB
SwapTotal:       3145724 kB
SwapFree:        3143276 kB
Dirty:              1136 kB
Writeback:             0 kB
AnonPages:       1757200 kB
Mapped:           715640 kB
Shmem:             31504 kB
KReclaimable:     911336 kB
Slab:             229792 kB
SReclaimable:      84360 kB
SUnreclaim:       145432 kB
KernelStack:       50272 kB
PageTables:        66212 kB
NFS_Unstable:          0 kB
Bounce:                0 kB
WritebackTmp:          0 kB
CommitLimit:     9202292 kB
Committed_AS:   70519004 kB
VmallocTotal:   263061440 kB
VmallocUsed:      107300 kB
VmallocChunk:          0 kB
Percpu:             7616 kB
CmaTotal:         294912 kB
CmaFree:               0 kB
MemTotal:       12113140 kB
MemFree:          901964 kB
MemAvailable:    7340852 kB
Buffers:            7324 kB
Cached:          6613388 kB
SwapCached:            0 kB
Active:          4644888 kB
Inactive:        3728228 kB
Active(anon):    1478772 kB
Inactive(anon):   309672 kB
Active(file):    3166116 kB
Inactive(file):  3418556 kB
Unevictable:        5576 kB
Mlocked:            5576 kB
SwapTotal:       3145724 kB
SwapFree:        3143276 kB
Dirty:               940 kB
Writeback:             0 kB
AnonPages:       1758188 kB
Mapped:           715640 kB
Shmem:             31504 kB
KReclaimable:     911336 kB
Slab:             229816 kB
SReclaimable:      84360 kB
SUnreclaim:       145456 kB
KernelStack:       50272 kB
PageTables:        66148 kB
NFS_Unstable:          0 kB
Bounce:                0 kB
WritebackTmp:          0 kB
CommitLimit:     9202292 kB
Committed_AS:   70514012 kB
VmallocTotal:   263061440 kB
VmallocUsed:      107268 kB
VmallocChunk:          0 kB
Percpu:             7616 kB
CmaTotal:         294912 kB
CmaFree:               0 kB
MemTotal:       12113140 kB
MemFree:          902600 kB
MemAvailable:    7341424 kB
Buffers:            7324 kB
Cached:          6613388 kB
SwapCached:            0 kB
Active:          4645536 kB
Inactive:        3728228 kB
Active(anon):    1479420 kB
Inactive(anon):   309672 kB
Active(file):    3166116 kB
Inactive(file):  3418556 kB
Unevictable:        5576 kB
Mlocked:            5576 kB
SwapTotal:       3145724 kB
SwapFree:        3143276 kB
Dirty:               940 kB
Writeback:             0 kB
AnonPages:       1758684 kB
Mapped:           715696 kB
Shmem:             31504 kB
KReclaimable:     911272 kB
Slab:             229816 kB
SReclaimable:      84360 kB
SUnreclaim:       145456 kB
KernelStack:       50256 kB
PageTables:        66212 kB
NFS_Unstable:          0 kB
Bounce:                0 kB
WritebackTmp:          0 kB
CommitLimit:     9202292 kB
Committed_AS:   70514876 kB
VmallocTotal:   263061440 kB
VmallocUsed:      107300 kB
VmallocChunk:          0 kB
Percpu:             7616 kB
CmaTotal:         294912 kB
CmaFree:               0 kB
MemTotal:       12113140 kB
MemFree:          771832 kB
MemAvailable:    7280892 kB
Buffers:            7324 kB
Cached:          6613388 kB
SwapCached:            0 kB
Active:          4774156 kB
Inactive:        3728196 kB
Active(anon):    1608008 kB
Inactive(anon):   309672 kB
Active(file):    3166148 kB
Inactive(file):  3418524 kB
Unevictable:        5576 kB
Mlocked:            5576 kB
SwapTotal:       3145724 kB
SwapFree:        3143276 kB
Dirty:               984 kB
Writeback:             0 kB
AnonPages:       1887128 kB
Mapped:           714860 kB
Shmem:             31504 kB
KReclaimable:     981508 kB
Slab:             229816 kB
SReclaimable:      84360 kB
SUnreclaim:       145456 kB
KernelStack:       50240 kB
PageTables:        66488 kB
NFS_Unstable:          0 kB
Bounce:                0 kB
WritebackTmp:          0 kB
CommitLimit:     9202292 kB
Committed_AS:   70646668 kB
VmallocTotal:   263061440 kB
VmallocUsed:      107268 kB
VmallocChunk:          0 kB
Percpu:             7616 kB
CmaTotal:         294912 kB
CmaFree:               0 kB
MemTotal:       12113140 kB
MemFree:          813568 kB
MemAvailable:    7027580 kB
Buffers:            7324 kB
Cached:          6613032 kB
SwapCached:            0 kB
Active:          4734680 kB
Inactive:        3728072 kB
Active(anon):    1568764 kB
Inactive(anon):   309672 kB
Active(file):    3165916 kB
Inactive(file):  3418400 kB
Unevictable:        5576 kB
Mlocked:            5576 kB
SwapTotal:       3145724 kB
SwapFree:        3143276 kB
Dirty:               980 kB
Writeback:             0 kB
AnonPages:       1848104 kB
Mapped:           719388 kB
Shmem:             31504 kB
KReclaimable:     686816 kB
Slab:             229912 kB
SReclaimable:      84360 kB
SUnreclaim:       145552 kB
KernelStack:       50240 kB
PageTables:        66568 kB
NFS_Unstable:          0 kB
Bounce:                0 kB
WritebackTmp:          0 kB
CommitLimit:     9202292 kB
Committed_AS:   70606548 kB
VmallocTotal:   263061440 kB
VmallocUsed:      107236 kB
VmallocChunk:          0 kB
Percpu:             7616 kB
CmaTotal:         294912 kB
CmaFree:               0 kB
MemTotal:       12113140 kB
MemFree:          786976 kB
MemAvailable:    7001000 kB
Buffers:            7324 kB
Cached:          6612840 kB
SwapCached:            0 kB
Active:          4761240 kB
Inactive:        3728116 kB
Active(anon):    1595320 kB
Inactive(anon):   309708 kB
Active(file):    3165920 kB
Inactive(file):  3418408 kB
Unevictable:        5576 kB
Mlocked:            5576 kB
SwapTotal:       3145724 kB
SwapFree:        3143276 kB
Dirty:               992 kB
Writeback:             0 kB
AnonPages:       1874724 kB
Mapped:           719496 kB
Shmem:             31300 kB
KReclaimable:     686816 kB
Slab:             229912 kB
SReclaimable:      84360 kB
SUnreclaim:       145552 kB
KernelStack:       50240 kB
PageTables:        66532 kB
NFS_Unstable:          0 kB
Bounce:                0 kB
WritebackTmp:          0 kB
CommitLimit:     9202292 kB
Committed_AS:   70611640 kB
VmallocTotal:   263061440 kB
VmallocUsed:      107284 kB
VmallocChunk:          0 kB
Percpu:             7616 kB
CmaTotal:         294912 kB
CmaFree:               0 kB
MemTotal:       12113140 kB
MemFree:          785244 kB
MemAvailable:    6999268 kB
Buffers:            7324 kB
Cached:          6613044 kB
SwapCached:            0 kB
Active:          4762644 kB
Inactive:        3728036 kB
Active(anon):    1596680 kB
Inactive(anon):   309672 kB
Active(file):    3165964 kB
Inactive(file):  3418364 kB
Unevictable:        5576 kB
Mlocked:            5576 kB
SwapTotal:       3145724 kB
SwapFree:        3143276 kB
Dirty:               524 kB
Writeback:             0 kB
AnonPages:       1875912 kB
Mapped:           719468 kB
Shmem:             31504 kB
KReclaimable:     686816 kB
Slab:             229888 kB
SReclaimable:      84360 kB
SUnreclaim:       145528 kB
KernelStack:       50240 kB
PageTables:        66568 kB
NFS_Unstable:          0 kB
Bounce:                0 kB
WritebackTmp:          0 kB
CommitLimit:     9202292 kB
Committed_AS:   70606648 kB
VmallocTotal:   263061440 kB
VmallocUsed:      107268 kB
VmallocChunk:          0 kB
Percpu:             7616 kB
CmaTotal:         294912 kB
CmaFree:               0 kB
MemTotal:       12113140 kB
MemFree:          809408 kB
MemAvailable:    7023432 kB
Buffers:            7324 kB
Cached:          6613044 kB
SwapCached:            0 kB
Active:          4736724 kB
Inactive:        3728036 kB
Active(anon):    1570760 kB
Inactive(anon):   309672 kB
Active(file):    3165964 kB
Inactive(file):  3418364 kB
Unevictable:        5576 kB
Mlocked:            5576 kB
SwapTotal:       3145724 kB
SwapFree:        3143276 kB
Dirty:               528 kB
Writeback:             0 kB
AnonPages:       1850016 kB
Mapped:           719476 kB
Shmem:             31504 kB
KReclaimable:     686816 kB
Slab:             229888 kB
SReclaimable:      84360 kB
SUnreclaim:       145528 kB
KernelStack:       50224 kB
PageTables:        66564 kB
NFS_Unstable:          0 kB
Bounce:                0 kB
WritebackTmp:          0 kB
CommitLimit:     9202292 kB
Committed_AS:   70606544 kB
VmallocTotal:   263061440 kB
VmallocUsed:      107268 kB
VmallocChunk:          0 kB
Percpu:             7616 kB
CmaTotal:         294912 kB
CmaFree:               0 kB
MemTotal:       12113140 kB
MemFree:          802916 kB
MemAvailable:    7017420 kB
Buffers:            7324 kB
Cached:          6613532 kB
SwapCached:            0 kB
Active:          4741624 kB
Inactive:        3728036 kB
Active(anon):    1575172 kB
Inactive(anon):   309680 kB
Active(file):    3166452 kB
Inactive(file):  3418356 kB
Unevictable:        5576 kB
Mlocked:            5576 kB
SwapTotal:       3145724 kB
SwapFree:        3143276 kB
Dirty:               528 kB
Writeback:             0 kB
AnonPages:       1854436 kB
Mapped:           719716 kB
Shmem:             31512 kB
KReclaimable:     686816 kB
Slab:             229888 kB
SReclaimable:      84360 kB
SUnreclaim:       145528 kB
KernelStack:       50224 kB
PageTables:        66564 kB
NFS_Unstable:          0 kB
Bounce:                0 kB
WritebackTmp:          0 kB
CommitLimit:     9202292 kB
Committed_AS:   70611388 kB
VmallocTotal:   263061440 kB
VmallocUsed:      107236 kB
VmallocChunk:          0 kB
Percpu:             7616 kB
CmaTotal:         294912 kB
CmaFree:               0 kB
MemTotal:       12113140 kB
MemFree:          803448 kB
MemAvailable:    7018072 kB
Buffers:            7324 kB
Cached:          6613652 kB
SwapCached:            0 kB
Active:          4741132 kB
Inactive:        3728004 kB
Active(anon):    1574528 kB
Inactive(anon):   309680 kB
Active(file):    3166604 kB
Inactive(file):  3418324 kB
Unevictable:        5576 kB
Mlocked:            5576 kB
SwapTotal:       3145724 kB
SwapFree:        3143276 kB
Dirty:               528 kB
Writeback:             0 kB
AnonPages:       1853496 kB
Mapped:           719728 kB
Shmem:             31512 kB
KReclaimable:     686816 kB
Slab:             229896 kB
SReclaimable:      84360 kB
SUnreclaim:       145536 kB
KernelStack:       50240 kB
PageTables:        66616 kB
NFS_Unstable:          0 kB
Bounce:                0 kB
WritebackTmp:          0 kB
CommitLimit:     9202292 kB
Committed_AS:   70606236 kB
VmallocTotal:   263061440 kB
VmallocUsed:      107236 kB
VmallocChunk:          0 kB
Percpu:             7616 kB
CmaTotal:         294912 kB
CmaFree:               0 kB
MemTotal:       12113140 kB
MemFree:          805848 kB
MemAvailable:    7020484 kB
Buffers:            7324 kB
Cached:          6613664 kB
SwapCached:            0 kB
Active:          4741016 kB
Inactive:        3728016 kB
Active(anon):    1574412 kB
Inactive(anon):   309680 kB
Active(file):    3166604 kB
Inactive(file):  3418336 kB
Unevictable:        5576 kB
Mlocked:            5576 kB
SwapTotal:       3145724 kB
SwapFree:        3143276 kB
Dirty:               596 kB
Writeback:             0 kB
AnonPages:       1853624 kB
Mapped:           719736 kB
Shmem:             31512 kB
KReclaimable:     686816 kB
Slab:             229884 kB
SReclaimable:      84360 kB
SUnreclaim:       145524 kB
KernelStack:       50256 kB
PageTables:        66572 kB
NFS_Unstable:          0 kB
Bounce:                0 kB
WritebackTmp:          0 kB
CommitLimit:     9202292 kB
Committed_AS:   70600360 kB
VmallocTotal:   263061440 kB
VmallocUsed:      107204 kB
VmallocChunk:          0 kB
Percpu:             7616 kB
CmaTotal:         294912 kB
CmaFree:               0 kB
MemTotal:       12113140 kB
MemFree:          805284 kB
MemAvailable:    7020248 kB
Buffers:            7324 kB
Cached:          6613992 kB
SwapCached:            0 kB
Active:          4742108 kB
Inactive:        3727996 kB
Active(anon):    1575156 kB
Inactive(anon):   309680 kB
Active(file):    3166952 kB
Inactive(file):  3418316 kB
Unevictable:        5576 kB
Mlocked:            5576 kB
SwapTotal:       3145724 kB
SwapFree:        3143276 kB
Dirty:               604 kB
Writeback:             0 kB
AnonPages:       1854296 kB
Mapped:           719744 kB
Shmem:             31512 kB
KReclaimable:     686816 kB
Slab:             229892 kB
SReclaimable:      84360 kB
SUnreclaim:       145532 kB
KernelStack:       50224 kB
PageTables:        66564 kB
NFS_Unstable:          0 kB
Bounce:                0 kB
WritebackTmp:          0 kB
CommitLimit:     9202292 kB
Committed_AS:   70601656 kB
VmallocTotal:   263061440 kB
VmallocUsed:      107252 kB
VmallocChunk:          0 kB
Percpu:             7616 kB
CmaTotal:         294912 kB
CmaFree:               0 kB
MemTotal:       12113140 kB
MemFree:          808316 kB
MemAvailable:    7023280 kB
Buffers:            7324 kB
Cached:          6613992 kB
SwapCached:            0 kB
Active:          4738468 kB
Inactive:        3727980 kB
Active(anon):    1571500 kB
Inactive(anon):   309680 kB
Active(file):    3166968 kB
Inactive(file):  3418300 kB
Unevictable:        5576 kB
Mlocked:            5576 kB
SwapTotal:       3145724 kB
SwapFree:        3143276 kB
Dirty:               620 kB
Writeback:             0 kB
AnonPages:       1850756 kB
Mapped:           719752 kB
Shmem:             31512 kB
KReclaimable:     686816 kB
Slab:             229840 kB
SReclaimable:      84360 kB
SUnreclaim:       145480 kB
KernelStack:       50208 kB
PageTables:        66408 kB
NFS_Unstable:          0 kB
Bounce:                0 kB
WritebackTmp:          0 kB
CommitLimit:     9202292 kB
Committed_AS:   70599960 kB
VmallocTotal:   263061440 kB
VmallocUsed:      107252 kB
VmallocChunk:          0 kB
Percpu:             7616 kB
CmaTotal:         294912 kB
CmaFree:               0 kB
MemTotal:       12113140 kB
MemFree:          807808 kB
MemAvailable:    7023092 kB
Buffers:            7324 kB
Cached:          6614060 kB
SwapCached:            0 kB
Active:          4739068 kB
Inactive:        3727980 kB
Active(anon):    1571780 kB
Inactive(anon):   309680 kB
Active(file):    3167288 kB
Inactive(file):  3418300 kB
Unevictable:        5576 kB
Mlocked:            5576 kB
SwapTotal:       3145724 kB
SwapFree:        3143276 kB
Dirty:               620 kB
Writeback:             0 kB
AnonPages:       1851004 kB
Mapped:           719760 kB
Shmem:             31512 kB
KReclaimable:     686816 kB
Slab:             229880 kB
SReclaimable:      84360 kB
SUnreclaim:       145520 kB
KernelStack:       50224 kB
PageTables:        66556 kB
NFS_Unstable:          0 kB
Bounce:                0 kB
WritebackTmp:          0 kB
CommitLimit:     9202292 kB
Committed_AS:   70600176 kB
VmallocTotal:   263061440 kB
VmallocUsed:      107252 kB
VmallocChunk:          0 kB
Percpu:             7616 kB
CmaTotal:         294912 kB
CmaFree:               0 kB
MemTotal:       12113140 kB
MemFree:          807320 kB
MemAvailable:    7022580 kB
Buffers:            7324 kB
Cached:          6614288 kB
SwapCached:            0 kB
Active:          4739340 kB
Inactive:        3727928 kB
Active(anon):    1572024 kB
Inactive(anon):   309680 kB
Active(file):    3167316 kB
Inactive(file):  3418248 kB
Unevictable:        5576 kB
Mlocked:            5576 kB
SwapTotal:       3145724 kB
SwapFree:        3143276 kB
Dirty:               620 kB
Writeback:             0 kB
AnonPages:       1851284 kB
Mapped:           719772 kB
Shmem:             31512 kB
KReclaimable:     686816 kB
Slab:             229880 kB
SReclaimable:      84360 kB
SUnreclaim:       145520 kB
KernelStack:       50224 kB
PageTables:        66568 kB
NFS_Unstable:          0 kB
Bounce:                0 kB
WritebackTmp:          0 kB
CommitLimit:     9202292 kB
Committed_AS:   70599912 kB
VmallocTotal:   263061440 kB
VmallocUsed:      107236 kB
VmallocChunk:          0 kB
Percpu:             7616 kB
CmaTotal:         294912 kB
CmaFree:               0 kB
MemTotal:       12113140 kB
MemFree:          806556 kB
MemAvailable:    7021816 kB
Buffers:            7324 kB
Cached:          6614288 kB
SwapCached:            0 kB
Active:          4739776 kB
Inactive:        3727928 kB
Active(anon):    1572460 kB
Inactive(anon):   309680 kB
Active(file):    3167316 kB
Inactive(file):  3418248 kB
Unevictable:        5576 kB
Mlocked:            5576 kB
SwapTotal:       3145724 kB
SwapFree:        3143276 kB
Dirty:               620 kB
Writeback:             0 kB
AnonPages:       1851760 kB
Mapped:           719776 kB
Shmem:             31512 kB
KReclaimable:     686816 kB
Slab:             229880 kB
SReclaimable:      84360 kB
SUnreclaim:       145520 kB
KernelStack:       50224 kB
PageTables:        66568 kB
NFS_Unstable:          0 kB
Bounce:                0 kB
WritebackTmp:          0 kB
CommitLimit:     9202292 kB
Committed_AS:   70600116 kB
VmallocTotal:   263061440 kB
VmallocUsed:      107220 kB
VmallocChunk:          0 kB
Percpu:             7616 kB
CmaTotal:         294912 kB
CmaFree:               0 kB
MemTotal:       12113140 kB
MemFree:          806516 kB
MemAvailable:    7021776 kB
Buffers:            7324 kB
Cached:          6614288 kB
SwapCached:            0 kB
Active:          4740012 kB
Inactive:        3727928 kB
Active(anon):    1572696 kB
Inactive(anon):   309680 kB
Active(file):    3167316 kB
Inactive(file):  3418248 kB
Unevictable:        5576 kB
Mlocked:            5576 kB
SwapTotal:       3145724 kB
SwapFree:        3143276 kB
Dirty:               636 kB
Writeback:             0 kB
AnonPages:       1851944 kB
Mapped:           719788 kB
Shmem:             31512 kB
KReclaimable:     686816 kB
Slab:             229896 kB
SReclaimable:      84360 kB
SUnreclaim:       145536 kB
KernelStack:       50224 kB
PageTables:        66564 kB
NFS_Unstable:          0 kB
Bounce:                0 kB
WritebackTmp:          0 kB
CommitLimit:     9202292 kB
Committed_AS:   70597716 kB
VmallocTotal:   263061440 kB
VmallocUsed:      107204 kB
VmallocChunk:          0 kB
Percpu:             7616 kB
CmaTotal:         294912 kB
CmaFree:               0 kB
MemTotal:       12113140 kB
MemFree:          806300 kB
MemAvailable:    7021560 kB
Buffers:            7324 kB
Cached:          6614288 kB
SwapCached:            0 kB
Active:          4740508 kB
Inactive:        3727928 kB
Active(anon):    1573192 kB
Inactive(anon):   309680 kB
Active(file):    3167316 kB
Inactive(file):  3418248 kB
Unevictable:        5576 kB
Mlocked:            5576 kB
SwapTotal:       3145724 kB
SwapFree:        3143276 kB
Dirty:               640 kB
Writeback:             0 kB
AnonPages:       1852464 kB
Mapped:           719800 kB
Shmem:             31512 kB
KReclaimable:     686816 kB
Slab:             229892 kB
SReclaimable:      84360 kB
SUnreclaim:       145532 kB
KernelStack:       50224 kB
PageTables:        66568 kB
NFS_Unstable:          0 kB
Bounce:                0 kB
WritebackTmp:          0 kB
CommitLimit:     9202292 kB
Committed_AS:   70597400 kB
VmallocTotal:   263061440 kB
VmallocUsed:      107188 kB
VmallocChunk:          0 kB
Percpu:             7616 kB
CmaTotal:         294912 kB
CmaFree:               0 kB
MemTotal:       12113140 kB
MemFree:          805260 kB
MemAvailable:    7020520 kB
Buffers:            7324 kB
Cached:          6614288 kB
SwapCached:            0 kB
Active:          4740624 kB
Inactive:        3727856 kB
Active(anon):    1573236 kB
Inactive(anon):   309680 kB
Active(file):    3167388 kB
Inactive(file):  3418176 kB
Unevictable:        5576 kB
Mlocked:            5576 kB
SwapTotal:       3145724 kB
SwapFree:        3143276 kB
Dirty:               652 kB
Writeback:             0 kB
AnonPages:       1852620 kB
Mapped:           719808 kB
Shmem:             31512 kB
KReclaimable:     686816 kB
Slab:             229900 kB
SReclaimable:      84360 kB
SUnreclaim:       145540 kB
KernelStack:       50224 kB
PageTables:        66568 kB
NFS_Unstable:          0 kB
Bounce:                0 kB
WritebackTmp:          0 kB
CommitLimit:     9202292 kB
Committed_AS:   70599696 kB
VmallocTotal:   263061440 kB
VmallocUsed:      107220 kB
VmallocChunk:          0 kB
Percpu:             7616 kB
CmaTotal:         294912 kB
CmaFree:               0 kB
MemTotal:       12113140 kB
MemFree:          805300 kB
MemAvailable:    7020560 kB
Buffers:            7324 kB
Cached:          6614288 kB
SwapCached:            0 kB
Active:          4740712 kB
Inactive:        3727856 kB
Active(anon):    1573324 kB
Inactive(anon):   309680 kB
Active(file):    3167388 kB
Inactive(file):  3418176 kB
Unevictable:        5576 kB
Mlocked:            5576 kB
SwapTotal:       3145724 kB
SwapFree:        3143276 kB
Dirty:               652 kB
Writeback:             0 kB
AnonPages:       1852676 kB
Mapped:           719816 kB
Shmem:             31512 kB
KReclaimable:     686816 kB
Slab:             229884 kB
SReclaimable:      84360 kB
SUnreclaim:       145524 kB
KernelStack:       50208 kB
PageTables:        66564 kB
NFS_Unstable:          0 kB
Bounce:                0 kB
WritebackTmp:          0 kB
CommitLimit:     9202292 kB
Committed_AS:   70599624 kB
VmallocTotal:   263061440 kB
VmallocUsed:      107204 kB
VmallocChunk:          0 kB
Percpu:             7616 kB
CmaTotal:         294912 kB
CmaFree:               0 kB
MemTotal:       12113140 kB
MemFree:          805440 kB
MemAvailable:    7020700 kB
Buffers:            7324 kB
Cached:          6614288 kB
SwapCached:            0 kB
Active:          4741128 kB
Inactive:        3727856 kB
Active(anon):    1573740 kB
Inactive(anon):   309680 kB
Active(file):    3167388 kB
Inactive(file):  3418176 kB
Unevictable:        5576 kB
Mlocked:            5576 kB
SwapTotal:       3145724 kB
SwapFree:        3143276 kB
Dirty:               652 kB
Writeback:             0 kB
AnonPages:       1853000 kB
Mapped:           719824 kB
Shmem:             31512 kB
KReclaimable:     686816 kB
Slab:             229884 kB
SReclaimable:      84360 kB
SUnreclaim:       145524 kB
KernelStack:       50208 kB
PageTables:        66564 kB
NFS_Unstable:          0 kB
Bounce:                0 kB
WritebackTmp:          0 kB
CommitLimit:     9202292 kB
Committed_AS:   70600776 kB
VmallocTotal:   263061440 kB
VmallocUsed:      107236 kB
