MemTotal:        5980404 kB
MemFree:         1145016 kB
MemAvailable:    2797552 kB
Buffers:            4904 kB
Cached:          1609240 kB
SwapCached:            0 kB
Active:          1267140 kB
Inactive:        1409644 kB
Active(anon):    1069256 kB
Inactive(anon):    17448 kB
Active(file):     197884 kB
Inactive(file):  1392196 kB
Unevictable:        5628 kB
Mlocked:            5628 kB
SwapTotal:       3670008 kB
SwapFree:        3670008 kB
Dirty:               380 kB
Writeback:             0 kB
AnonPages:       1068352 kB
Mapped:           812548 kB
Shmem:             19476 kB
KReclaimable:     624888 kB
Slab:             223996 kB
SReclaimable:      68020 kB
SUnreclaim:       155976 kB
KernelStack:       46880 kB
PageTables:        59904 kB
NFS_Unstable:          0 kB
Bounce:                0 kB
WritebackTmp:          0 kB
CommitLimit:     6660208 kB
Committed_AS:   71087600 kB
VmallocTotal:   263061440 kB
VmallocUsed:       87308 kB
VmallocChunk:          0 kB
Percpu:             7552 kB
CmaTotal:         315392 kB
CmaFree:               0 kB
MemTotal:        5980404 kB
MemFree:         1139708 kB
MemAvailable:    2792244 kB
Buffers:            4904 kB
Cached:          1609240 kB
SwapCached:            0 kB
Active:          1271904 kB
Inactive:        1409644 kB
Active(anon):    1074020 kB
Inactive(anon):    17448 kB
Active(file):     197884 kB
Inactive(file):  1392196 kB
Unevictable:        5628 kB
Mlocked:            5628 kB
SwapTotal:       3670008 kB
SwapFree:        3670008 kB
Dirty:               448 kB
Writeback:             0 kB
AnonPages:       1073256 kB
Mapped:           812624 kB
Shmem:             19476 kB
KReclaimable:     624888 kB
Slab:             224156 kB
SReclaimable:      68020 kB
SUnreclaim:       156136 kB
KernelStack:       46928 kB
PageTables:        60192 kB
NFS_Unstable:          0 kB
Bounce:                0 kB
WritebackTmp:          0 kB
CommitLimit:     6660208 kB
Committed_AS:   71092260 kB
VmallocTotal:   263061440 kB
VmallocUsed:       87324 kB
VmallocChunk:          0 kB
Percpu:             7552 kB
CmaTotal:         315392 kB
CmaFree:              68 kB
MemTotal:        5980404 kB
MemFree:         1137320 kB
MemAvailable:    2789860 kB
Buffers:            4904 kB
Cached:          1609268 kB
SwapCached:            0 kB
Active:          1273020 kB
Inactive:        1409664 kB
Active(anon):    1075128 kB
Inactive(anon):    17472 kB
Active(file):     197892 kB
Inactive(file):  1392192 kB
Unevictable:        5628 kB
Mlocked:            5628 kB
SwapTotal:       3670008 kB
SwapFree:        3670008 kB
Dirty:               312 kB
Writeback:             0 kB
AnonPages:       1073952 kB
Mapped:           812584 kB
Shmem:             19500 kB
KReclaimable:     624888 kB
Slab:             224156 kB
SReclaimable:      68020 kB
SUnreclaim:       156136 kB
KernelStack:       46896 kB
PageTables:        60068 kB
NFS_Unstable:          0 kB
Bounce:                0 kB
WritebackTmp:          0 kB
CommitLimit:     6660208 kB
Committed_AS:   71102124 kB
VmallocTotal:   263061440 kB
VmallocUsed:       87388 kB
VmallocChunk:          0 kB
Percpu:             7552 kB
CmaTotal:         315392 kB
CmaFree:               0 kB
MemTotal:        5980404 kB
MemFree:         1137392 kB
MemAvailable:    2789932 kB
Buffers:            4904 kB
Cached:          1609268 kB
SwapCached:            0 kB
Active:          1273480 kB
Inactive:        1409664 kB
Active(anon):    1075588 kB
Inactive(anon):    17472 kB
Active(file):     197892 kB
Inactive(file):  1392192 kB
Unevictable:        5628 kB
Mlocked:            5628 kB
SwapTotal:       3670008 kB
SwapFree:        3670008 kB
Dirty:               312 kB
Writeback:             0 kB
AnonPages:       1074340 kB
Mapped:           812556 kB
Shmem:             19500 kB
KReclaimable:     624888 kB
Slab:             224164 kB
SReclaimable:      68020 kB
SUnreclaim:       156144 kB
KernelStack:       46960 kB
PageTables:        60368 kB
NFS_Unstable:          0 kB
Bounce:                0 kB
WritebackTmp:          0 kB
CommitLimit:     6660208 kB
Committed_AS:   71099612 kB
VmallocTotal:   263061440 kB
VmallocUsed:       87420 kB
VmallocChunk:          0 kB
Percpu:             7552 kB
CmaTotal:         315392 kB
CmaFree:               0 kB
MemTotal:        5980404 kB
MemFree:         1137140 kB
MemAvailable:    2789680 kB
Buffers:            4904 kB
Cached:          1609272 kB
SwapCached:            0 kB
Active:          1273244 kB
Inactive:        1409668 kB
Active(anon):    1075352 kB
Inactive(anon):    17476 kB
Active(file):     197892 kB
Inactive(file):  1392192 kB
Unevictable:        5628 kB
Mlocked:            5628 kB
SwapTotal:       3670008 kB
SwapFree:        3670008 kB
Dirty:               312 kB
Writeback:             0 kB
AnonPages:       1074276 kB
Mapped:           812424 kB
Shmem:             19504 kB
KReclaimable:     624888 kB
Slab:             224156 kB
SReclaimable:      68020 kB
SUnreclaim:       156136 kB
KernelStack:       46912 kB
PageTables:        60488 kB
NFS_Unstable:          0 kB
Bounce:                0 kB
WritebackTmp:          0 kB
CommitLimit:     6660208 kB
Committed_AS:   71101380 kB
VmallocTotal:   263061440 kB
VmallocUsed:       87388 kB
VmallocChunk:          0 kB
Percpu:             7552 kB
CmaTotal:         315392 kB
CmaFree:               8 kB
MemTotal:        5980404 kB
MemFree:         1137784 kB
MemAvailable:    2790316 kB
Buffers:            4904 kB
Cached:          1609264 kB
SwapCached:            0 kB
Active:          1273652 kB
Inactive:        1409660 kB
Active(anon):    1075760 kB
Inactive(anon):    17476 kB
Active(file):     197892 kB
Inactive(file):  1392184 kB
Unevictable:        5628 kB
Mlocked:            5628 kB
SwapTotal:       3670008 kB
SwapFree:        3670008 kB
Dirty:               324 kB
Writeback:             0 kB
AnonPages:       1074592 kB
Mapped:           812488 kB
Shmem:             19504 kB
KReclaimable:     624888 kB
Slab:             224148 kB
SReclaimable:      68020 kB
SUnreclaim:       156128 kB
KernelStack:       46912 kB
PageTables:        60220 kB
NFS_Unstable:          0 kB
Bounce:                0 kB
WritebackTmp:          0 kB
CommitLimit:     6660208 kB
Committed_AS:   71100236 kB
VmallocTotal:   263061440 kB
VmallocUsed:       87372 kB
VmallocChunk:          0 kB
Percpu:             7552 kB
CmaTotal:         315392 kB
CmaFree:               0 kB
MemTotal:        5980404 kB
MemFree:         1137764 kB
MemAvailable:    2790304 kB
Buffers:            4904 kB
Cached:          1609272 kB
SwapCached:            0 kB
Active:          1274148 kB
Inactive:        1409664 kB
Active(anon):    1076252 kB
Inactive(anon):    17476 kB
Active(file):     197896 kB
Inactive(file):  1392188 kB
Unevictable:        5628 kB
Mlocked:            5628 kB
SwapTotal:       3670008 kB
SwapFree:        3670008 kB
Dirty:               336 kB
Writeback:             0 kB
AnonPages:       1075180 kB
Mapped:           812652 kB
Shmem:             19504 kB
KReclaimable:     624888 kB
Slab:             224132 kB
SReclaimable:      68020 kB
SUnreclaim:       156112 kB
KernelStack:       46960 kB
PageTables:        60392 kB
NFS_Unstable:          0 kB
Bounce:                0 kB
WritebackTmp:          0 kB
CommitLimit:     6660208 kB
Committed_AS:   71097152 kB
VmallocTotal:   263061440 kB
VmallocUsed:       87420 kB
VmallocChunk:          0 kB
Percpu:             7552 kB
CmaTotal:         315392 kB
CmaFree:               0 kB
MemTotal:        5980404 kB
MemFree:         1136852 kB
MemAvailable:    2789396 kB
Buffers:            4904 kB
Cached:          1609276 kB
SwapCached:            0 kB
Active:          1273872 kB
Inactive:        1409668 kB
Active(anon):    1075976 kB
Inactive(anon):    17476 kB
Active(file):     197896 kB
Inactive(file):  1392192 kB
Unevictable:        5628 kB
Mlocked:            5628 kB
SwapTotal:       3670008 kB
SwapFree:        3670008 kB
Dirty:               308 kB
Writeback:             0 kB
AnonPages:       1075312 kB
Mapped:           812652 kB
Shmem:             19504 kB
KReclaimable:     624888 kB
Slab:             224156 kB
SReclaimable:      68020 kB
SUnreclaim:       156136 kB
KernelStack:       46912 kB
PageTables:        60268 kB
NFS_Unstable:          0 kB
Bounce:                0 kB
WritebackTmp:          0 kB
CommitLimit:     6660208 kB
Committed_AS:   71101012 kB
VmallocTotal:   263061440 kB
VmallocUsed:       87356 kB
VmallocChunk:          0 kB
Percpu:             7552 kB
CmaTotal:         315392 kB
CmaFree:               0 kB
MemTotal:        5980404 kB
MemFree:         1137128 kB
MemAvailable:    2789676 kB
Buffers:            4904 kB
Cached:          1609284 kB
SwapCached:            0 kB
Active:          1274132 kB
Inactive:        1409672 kB
Active(anon):    1076232 kB
Inactive(anon):    17480 kB
Active(file):     197900 kB
Inactive(file):  1392192 kB
Unevictable:        5628 kB
Mlocked:            5628 kB
SwapTotal:       3670008 kB
SwapFree:        3670008 kB
Dirty:               372 kB
Writeback:             0 kB
AnonPages:       1074872 kB
Mapped:           812428 kB
Shmem:             19508 kB
KReclaimable:     624888 kB
Slab:             224148 kB
SReclaimable:      68020 kB
SUnreclaim:       156128 kB
KernelStack:       46944 kB
PageTables:        60352 kB
NFS_Unstable:          0 kB
Bounce:                0 kB
WritebackTmp:          0 kB
CommitLimit:     6660208 kB
Committed_AS:   71099660 kB
VmallocTotal:   263061440 kB
VmallocUsed:       87340 kB
VmallocChunk:          0 kB
Percpu:             7552 kB
CmaTotal:         315392 kB
CmaFree:              24 kB
MemTotal:        5980404 kB
MemFree:         1136024 kB
MemAvailable:    2788572 kB
Buffers:            4904 kB
Cached:          1609284 kB
SwapCached:            0 kB
Active:          1274656 kB
Inactive:        1409672 kB
Active(anon):    1076756 kB
Inactive(anon):    17480 kB
Active(file):     197900 kB
Inactive(file):  1392192 kB
Unevictable:        5628 kB
Mlocked:            5628 kB
SwapTotal:       3670008 kB
SwapFree:        3670008 kB
Dirty:               424 kB
Writeback:             0 kB
AnonPages:       1075252 kB
Mapped:           812656 kB
Shmem:             19508 kB
KReclaimable:     624888 kB
Slab:             224148 kB
SReclaimable:      68020 kB
SUnreclaim:       156128 kB
KernelStack:       46960 kB
PageTables:        60232 kB
NFS_Unstable:          0 kB
Bounce:                0 kB
WritebackTmp:          0 kB
CommitLimit:     6660208 kB
Committed_AS:   71097448 kB
VmallocTotal:   263061440 kB
VmallocUsed:       87340 kB
VmallocChunk:          0 kB
Percpu:             7552 kB
CmaTotal:         315392 kB
CmaFree:               0 kB
MemTotal:        5980404 kB
MemFree:         1137176 kB
MemAvailable:    2789724 kB
Buffers:            4904 kB
Cached:          1609288 kB
SwapCached:            0 kB
Active:          1274240 kB
Inactive:        1409676 kB
Active(anon):    1076340 kB
Inactive(anon):    17484 kB
Active(file):     197900 kB
Inactive(file):  1392192 kB
Unevictable:        5628 kB
Mlocked:            5628 kB
SwapTotal:       3670008 kB
SwapFree:        3670008 kB
Dirty:               492 kB
Writeback:             0 kB
AnonPages:       1075248 kB
Mapped:           812660 kB
Shmem:             19512 kB
KReclaimable:     624888 kB
Slab:             224132 kB
SReclaimable:      68020 kB
SUnreclaim:       156112 kB
KernelStack:       46896 kB
PageTables:        60176 kB
NFS_Unstable:          0 kB
Bounce:                0 kB
WritebackTmp:          0 kB
CommitLimit:     6660208 kB
Committed_AS:   71093564 kB
VmallocTotal:   263061440 kB
VmallocUsed:       87276 kB
VmallocChunk:          0 kB
Percpu:             7552 kB
CmaTotal:         315392 kB
CmaFree:               0 kB
MemTotal:        5980404 kB
MemFree:         1136824 kB
MemAvailable:    2789360 kB
Buffers:            4904 kB
Cached:          1609276 kB
SwapCached:            0 kB
Active:          1274212 kB
Inactive:        1409668 kB
Active(anon):    1076316 kB
Inactive(anon):    17484 kB
Active(file):     197896 kB
Inactive(file):  1392184 kB
Unevictable:        5628 kB
Mlocked:            5628 kB
SwapTotal:       3670008 kB
SwapFree:        3670008 kB
Dirty:               484 kB
Writeback:             0 kB
AnonPages:       1075132 kB
Mapped:           812716 kB
Shmem:             19512 kB
KReclaimable:     624888 kB
Slab:             224148 kB
SReclaimable:      68020 kB
SUnreclaim:       156128 kB
KernelStack:       46956 kB
PageTables:        60056 kB
NFS_Unstable:          0 kB
Bounce:                0 kB
WritebackTmp:          0 kB
CommitLimit:     6660208 kB
Committed_AS:   71097996 kB
VmallocTotal:   263061440 kB
VmallocUsed:       87276 kB
VmallocChunk:          0 kB
Percpu:             7552 kB
CmaTotal:         315392 kB
CmaFree:              96 kB
MemTotal:        5980404 kB
MemFree:         1136624 kB
MemAvailable:    2789172 kB
Buffers:            4904 kB
Cached:          1609288 kB
SwapCached:            0 kB
Active:          1274460 kB
Inactive:        1409676 kB
Active(anon):    1076560 kB
Inactive(anon):    17484 kB
Active(file):     197900 kB
Inactive(file):  1392192 kB
Unevictable:        5628 kB
Mlocked:            5628 kB
SwapTotal:       3670008 kB
SwapFree:        3670008 kB
Dirty:               332 kB
Writeback:             0 kB
AnonPages:       1075264 kB
Mapped:           812660 kB
Shmem:             19512 kB
KReclaimable:     624888 kB
Slab:             224148 kB
SReclaimable:      68020 kB
SUnreclaim:       156128 kB
KernelStack:       46912 kB
PageTables:        60208 kB
NFS_Unstable:          0 kB
Bounce:                0 kB
WritebackTmp:          0 kB
CommitLimit:     6660208 kB
Committed_AS:   71097604 kB
VmallocTotal:   263061440 kB
VmallocUsed:       87260 kB
VmallocChunk:          0 kB
Percpu:             7552 kB
CmaTotal:         315392 kB
CmaFree:               0 kB
MemTotal:        5980404 kB
MemFree:         1136096 kB
MemAvailable:    2788652 kB
Buffers:            4908 kB
Cached:          1609292 kB
SwapCached:            0 kB
Active:          1274844 kB
Inactive:        1409680 kB
Active(anon):    1076940 kB
Inactive(anon):    17484 kB
Active(file):     197904 kB
Inactive(file):  1392196 kB
Unevictable:        5628 kB
Mlocked:            5628 kB
SwapTotal:       3670008 kB
SwapFree:        3670008 kB
Dirty:               344 kB
Writeback:             0 kB
AnonPages:       1075840 kB
Mapped:           812660 kB
Shmem:             19512 kB
KReclaimable:     624888 kB
Slab:             224148 kB
SReclaimable:      68020 kB
SUnreclaim:       156128 kB
KernelStack:       46928 kB
PageTables:        60332 kB
NFS_Unstable:          0 kB
Bounce:                0 kB
WritebackTmp:          0 kB
CommitLimit:     6660208 kB
Committed_AS:   71097248 kB
VmallocTotal:   263061440 kB
VmallocUsed:       87276 kB
VmallocChunk:          0 kB
Percpu:             7552 kB
CmaTotal:         315392 kB
CmaFree:               0 kB
MemTotal:        5980404 kB
MemFree:         1136728 kB
MemAvailable:    2789296 kB
Buffers:            4908 kB
Cached:          1609316 kB
SwapCached:            0 kB
Active:          1274988 kB
Inactive:        1409700 kB
Active(anon):    1077080 kB
Inactive(anon):    17496 kB
Active(file):     197908 kB
Inactive(file):  1392204 kB
Unevictable:        5628 kB
Mlocked:            5628 kB
SwapTotal:       3670008 kB
SwapFree:        3670008 kB
Dirty:               332 kB
Writeback:             0 kB
AnonPages:       1076148 kB
Mapped:           812668 kB
Shmem:             19524 kB
KReclaimable:     624888 kB
Slab:             224148 kB
SReclaimable:      68020 kB
SUnreclaim:       156128 kB
KernelStack:       46928 kB
PageTables:        60176 kB
NFS_Unstable:          0 kB
Bounce:                0 kB
WritebackTmp:          0 kB
CommitLimit:     6660208 kB
Committed_AS:   71096680 kB
VmallocTotal:   263061440 kB
VmallocUsed:       87276 kB
VmallocChunk:          0 kB
Percpu:             7552 kB
CmaTotal:         315392 kB
CmaFree:               0 kB
MemTotal:        5980404 kB
MemFree:         1135648 kB
MemAvailable:    2788228 kB
Buffers:            4908 kB
Cached:          1609332 kB
SwapCached:            0 kB
Active:          1275444 kB
Inactive:        1409712 kB
Active(anon):    1077532 kB
Inactive(anon):    17500 kB
Active(file):     197912 kB
Inactive(file):  1392212 kB
Unevictable:        5628 kB
Mlocked:            5628 kB
SwapTotal:       3670008 kB
SwapFree:        3670008 kB
Dirty:               352 kB
Writeback:             0 kB
AnonPages:       1076336 kB
Mapped:           812676 kB
Shmem:             19528 kB
KReclaimable:     624888 kB
Slab:             224148 kB
SReclaimable:      68020 kB
SUnreclaim:       156128 kB
KernelStack:       46928 kB
PageTables:        60216 kB
NFS_Unstable:          0 kB
Bounce:                0 kB
WritebackTmp:          0 kB
CommitLimit:     6660208 kB
Committed_AS:   71095484 kB
VmallocTotal:   263061440 kB
VmallocUsed:       87228 kB
VmallocChunk:          0 kB
Percpu:             7552 kB
CmaTotal:         315392 kB
CmaFree:               0 kB
MemTotal:        5980404 kB
MemFree:         1136604 kB
MemAvailable:    2789172 kB
Buffers:            4908 kB
Cached:          1609320 kB
SwapCached:            0 kB
Active:          1275312 kB
Inactive:        1409704 kB
Active(anon):    1077404 kB
Inactive(anon):    17500 kB
Active(file):     197908 kB
Inactive(file):  1392204 kB
Unevictable:        5628 kB
Mlocked:            5628 kB
SwapTotal:       3670008 kB
SwapFree:        3670008 kB
Dirty:               340 kB
Writeback:             0 kB
AnonPages:       1076680 kB
Mapped:           812636 kB
Shmem:             19528 kB
KReclaimable:     624888 kB
Slab:             224140 kB
SReclaimable:      68020 kB
SUnreclaim:       156120 kB
KernelStack:       46912 kB
PageTables:        60264 kB
NFS_Unstable:          0 kB
Bounce:                0 kB
WritebackTmp:          0 kB
CommitLimit:     6660208 kB
Committed_AS:   71094256 kB
VmallocTotal:   263061440 kB
VmallocUsed:       87260 kB
VmallocChunk:          0 kB
Percpu:             7552 kB
CmaTotal:         315392 kB
CmaFree:               0 kB
MemTotal:        5980404 kB
MemFree:         1135648 kB
MemAvailable:    2788216 kB
Buffers:            4908 kB
Cached:          1609320 kB
SwapCached:            0 kB
Active:          1276132 kB
Inactive:        1409704 kB
Active(anon):    1078224 kB
Inactive(anon):    17500 kB
Active(file):     197908 kB
Inactive(file):  1392204 kB
Unevictable:        5628 kB
Mlocked:            5628 kB
SwapTotal:       3670008 kB
SwapFree:        3670008 kB
Dirty:               324 kB
Writeback:             0 kB
AnonPages:       1077020 kB
Mapped:           812676 kB
Shmem:             19528 kB
KReclaimable:     624888 kB
Slab:             224148 kB
SReclaimable:      68020 kB
SUnreclaim:       156128 kB
KernelStack:       46944 kB
PageTables:        60268 kB
NFS_Unstable:          0 kB
Bounce:                0 kB
WritebackTmp:          0 kB
CommitLimit:     6660208 kB
Committed_AS:   71100168 kB
VmallocTotal:   263061440 kB
VmallocUsed:       87308 kB
VmallocChunk:          0 kB
Percpu:             7552 kB
CmaTotal:         315392 kB
CmaFree:               0 kB
MemTotal:        5980404 kB
MemFree:         1143548 kB
MemAvailable:    2796116 kB
Buffers:            4908 kB
Cached:          1609320 kB
SwapCached:            0 kB
Active:          1266328 kB
Inactive:        1409704 kB
Active(anon):    1068420 kB
Inactive(anon):    17500 kB
Active(file):     197908 kB
Inactive(file):  1392204 kB
Unevictable:        5628 kB
Mlocked:            5628 kB
SwapTotal:       3670008 kB
SwapFree:        3670008 kB
Dirty:               324 kB
Writeback:             0 kB
AnonPages:       1067076 kB
Mapped:           812676 kB
Shmem:             19528 kB
KReclaimable:     624888 kB
Slab:             224148 kB
SReclaimable:      68020 kB
SUnreclaim:       156128 kB
KernelStack:       46960 kB
PageTables:        60336 kB
NFS_Unstable:          0 kB
Bounce:                0 kB
WritebackTmp:          0 kB
CommitLimit:     6660208 kB
Committed_AS:   71102256 kB
VmallocTotal:   263061440 kB
VmallocUsed:       87292 kB
VmallocChunk:          0 kB
Percpu:             7552 kB
CmaTotal:         315392 kB
CmaFree:             196 kB
MemTotal:        5980404 kB
MemFree:         1144424 kB
MemAvailable:    2796992 kB
Buffers:            4908 kB
Cached:          1609320 kB
SwapCached:            0 kB
Active:          1266108 kB
Inactive:        1409700 kB
Active(anon):    1068196 kB
Inactive(anon):    17500 kB
Active(file):     197912 kB
Inactive(file):  1392200 kB
Unevictable:        5628 kB
Mlocked:            5628 kB
SwapTotal:       3670008 kB
SwapFree:        3670008 kB
Dirty:               324 kB
Writeback:             0 kB
AnonPages:       1067108 kB
Mapped:           812448 kB
Shmem:             19528 kB
KReclaimable:     624888 kB
Slab:             224140 kB
SReclaimable:      68020 kB
SUnreclaim:       156120 kB
KernelStack:       46928 kB
PageTables:        60424 kB
NFS_Unstable:          0 kB
Bounce:                0 kB
WritebackTmp:          0 kB
CommitLimit:     6660208 kB
Committed_AS:   71100444 kB
VmallocTotal:   263061440 kB
VmallocUsed:       87308 kB
VmallocChunk:          0 kB
Percpu:             7552 kB
CmaTotal:         315392 kB
CmaFree:               0 kB
MemTotal:        5980404 kB
MemFree:         1143536 kB
MemAvailable:    2796104 kB
Buffers:            4908 kB
Cached:          1609320 kB
SwapCached:            0 kB
Active:          1266992 kB
Inactive:        1409684 kB
Active(anon):    1069064 kB
Inactive(anon):    17500 kB
Active(file):     197928 kB
Inactive(file):  1392184 kB
Unevictable:        5628 kB
Mlocked:            5628 kB
SwapTotal:       3670008 kB
SwapFree:        3670008 kB
Dirty:               324 kB
Writeback:             0 kB
AnonPages:       1067984 kB
Mapped:           812740 kB
Shmem:             19528 kB
KReclaimable:     624888 kB
Slab:             224140 kB
SReclaimable:      68020 kB
SUnreclaim:       156120 kB
KernelStack:       47008 kB
PageTables:        60336 kB
NFS_Unstable:          0 kB
Bounce:                0 kB
WritebackTmp:          0 kB
CommitLimit:     6660208 kB
Committed_AS:   71099764 kB
VmallocTotal:   263061440 kB
VmallocUsed:       87324 kB
VmallocChunk:          0 kB
Percpu:             7552 kB
CmaTotal:         315392 kB
CmaFree:               0 kB
MemTotal:        5980404 kB
MemFree:         1143288 kB
MemAvailable:    2795856 kB
Buffers:            4908 kB
Cached:          1609320 kB
SwapCached:            0 kB
Active:          1267496 kB
Inactive:        1409684 kB
Active(anon):    1069568 kB
Inactive(anon):    17500 kB
Active(file):     197928 kB
Inactive(file):  1392184 kB
Unevictable:        5628 kB
Mlocked:            5628 kB
SwapTotal:       3670008 kB
SwapFree:        3670008 kB
Dirty:               324 kB
Writeback:             0 kB
AnonPages:       1068316 kB
Mapped:           812676 kB
Shmem:             19528 kB
KReclaimable:     624888 kB
Slab:             224140 kB
SReclaimable:      68020 kB
SUnreclaim:       156120 kB
KernelStack:       47024 kB
PageTables:        60344 kB
NFS_Unstable:          0 kB
Bounce:                0 kB
WritebackTmp:          0 kB
CommitLimit:     6660208 kB
Committed_AS:   71101356 kB
VmallocTotal:   263061440 kB
VmallocUsed:       87324 kB
VmallocChunk:          0 kB
Percpu:             7552 kB
CmaTotal:         315392 kB
CmaFree:               0 kB
MemTotal:        5980404 kB
MemFree:         1143392 kB
MemAvailable:    2795972 kB
Buffers:            4908 kB
Cached:          1609340 kB
SwapCached:            0 kB
Active:          1267520 kB
Inactive:        1409704 kB
Active(anon):    1069592 kB
Inactive(anon):    17508 kB
Active(file):     197928 kB
Inactive(file):  1392196 kB
Unevictable:        5628 kB
Mlocked:            5628 kB
SwapTotal:       3670008 kB
SwapFree:        3670008 kB
Dirty:               316 kB
Writeback:             0 kB
AnonPages:       1068596 kB
Mapped:           812684 kB
Shmem:             19536 kB
KReclaimable:     624888 kB
Slab:             224148 kB
SReclaimable:      68020 kB
SUnreclaim:       156128 kB
KernelStack:       46976 kB
PageTables:        60216 kB
NFS_Unstable:          0 kB
Bounce:                0 kB
WritebackTmp:          0 kB
CommitLimit:     6660208 kB
Committed_AS:   71098208 kB
VmallocTotal:   263061440 kB
VmallocUsed:       87356 kB
VmallocChunk:          0 kB
Percpu:             7552 kB
CmaTotal:         315392 kB
CmaFree:               4 kB
MemTotal:        5980404 kB
MemFree:         1141880 kB
MemAvailable:    2794460 kB
Buffers:            4908 kB
Cached:          1609340 kB
SwapCached:            0 kB
Active:          1268672 kB
Inactive:        1409704 kB
Active(anon):    1070744 kB
Inactive(anon):    17508 kB
Active(file):     197928 kB
Inactive(file):  1392196 kB
Unevictable:        5628 kB
Mlocked:            5628 kB
SwapTotal:       3670008 kB
SwapFree:        3670008 kB
Dirty:               352 kB
Writeback:             0 kB
AnonPages:       1069368 kB
Mapped:           812704 kB
Shmem:             19536 kB
KReclaimable:     624888 kB
Slab:             224172 kB
SReclaimable:      68020 kB
SUnreclaim:       156152 kB
KernelStack:       47052 kB
PageTables:        60324 kB
NFS_Unstable:          0 kB
Bounce:                0 kB
WritebackTmp:          0 kB
CommitLimit:     6660208 kB
Committed_AS:   71098940 kB
VmallocTotal:   263061440 kB
VmallocUsed:       87436 kB
VmallocChunk:          0 kB
Percpu:             7552 kB
CmaTotal:         315392 kB
CmaFree:               0 kB
MemTotal:        5980404 kB
MemFree:         1141440 kB
MemAvailable:    2794020 kB
Buffers:            4908 kB
Cached:          1609340 kB
SwapCached:            0 kB
Active:          1269148 kB
Inactive:        1409704 kB
Active(anon):    1071220 kB
Inactive(anon):    17508 kB
Active(file):     197928 kB
Inactive(file):  1392196 kB
Unevictable:        5628 kB
Mlocked:            5628 kB
SwapTotal:       3670008 kB
SwapFree:        3670008 kB
Dirty:               356 kB
Writeback:             0 kB
AnonPages:       1070176 kB
Mapped:           812684 kB
Shmem:             19536 kB
KReclaimable:     624888 kB
Slab:             224148 kB
SReclaimable:      68020 kB
SUnreclaim:       156128 kB
KernelStack:       47068 kB
PageTables:        60084 kB
NFS_Unstable:          0 kB
Bounce:                0 kB
WritebackTmp:          0 kB
CommitLimit:     6660208 kB
Committed_AS:   71100004 kB
VmallocTotal:   263061440 kB
VmallocUsed:       87452 kB
VmallocChunk:          0 kB
Percpu:             7552 kB
CmaTotal:         315392 kB
CmaFree:              32 kB
MemTotal:        5980404 kB
MemFree:         1141116 kB
MemAvailable:    2793696 kB
Buffers:            4908 kB
Cached:          1609340 kB
SwapCached:            0 kB
Active:          1269808 kB
Inactive:        1409704 kB
Active(anon):    1071880 kB
Inactive(anon):    17508 kB
Active(file):     197928 kB
Inactive(file):  1392196 kB
Unevictable:        5628 kB
Mlocked:            5628 kB
SwapTotal:       3670008 kB
SwapFree:        3670008 kB
Dirty:               564 kB
Writeback:             0 kB
AnonPages:       1070992 kB
Mapped:           812632 kB
Shmem:             19536 kB
KReclaimable:     624888 kB
Slab:             224140 kB
SReclaimable:      68020 kB
SUnreclaim:       156120 kB
KernelStack:       47056 kB
PageTables:        60324 kB
NFS_Unstable:          0 kB
Bounce:                0 kB
WritebackTmp:          0 kB
CommitLimit:     6660208 kB
Committed_AS:   71101688 kB
VmallocTotal:   263061440 kB
VmallocUsed:       87452 kB
VmallocChunk:          0 kB
Percpu:             7552 kB
CmaTotal:         315392 kB
CmaFree:              72 kB
MemTotal:        5980404 kB
MemFree:         1141340 kB
MemAvailable:    2793940 kB
Buffers:            4908 kB
Cached:          1609360 kB
SwapCached:            0 kB
Active:          1269704 kB
Inactive:        1409716 kB
Active(anon):    1071768 kB
Inactive(anon):    17508 kB
Active(file):     197936 kB
Inactive(file):  1392208 kB
Unevictable:        5628 kB
Mlocked:            5628 kB
SwapTotal:       3670008 kB
SwapFree:        3670008 kB
Dirty:               720 kB
Writeback:             0 kB
AnonPages:       1070896 kB
Mapped:           812856 kB
Shmem:             19536 kB
KReclaimable:     624888 kB
Slab:             224140 kB
SReclaimable:      68020 kB
SUnreclaim:       156120 kB
KernelStack:       46992 kB
PageTables:        60156 kB
NFS_Unstable:          0 kB
Bounce:                0 kB
WritebackTmp:          0 kB
CommitLimit:     6660208 kB
Committed_AS:   71102032 kB
VmallocTotal:   263061440 kB
VmallocUsed:       87420 kB
VmallocChunk:          0 kB
Percpu:             7552 kB
CmaTotal:         315392 kB
CmaFree:              36 kB
MemTotal:        5980404 kB
MemFree:         1140352 kB
MemAvailable:    2792940 kB
Buffers:            4908 kB
Cached:          1609348 kB
SwapCached:            0 kB
Active:          1269944 kB
Inactive:        1409712 kB
Active(anon):    1072016 kB
Inactive(anon):    17508 kB
Active(file):     197928 kB
Inactive(file):  1392204 kB
Unevictable:        5628 kB
Mlocked:            5628 kB
SwapTotal:       3670008 kB
SwapFree:        3670008 kB
Dirty:               276 kB
Writeback:             0 kB
AnonPages:       1071116 kB
Mapped:           812620 kB
Shmem:             19536 kB
KReclaimable:     624888 kB
Slab:             224208 kB
SReclaimable:      68020 kB
SUnreclaim:       156188 kB
KernelStack:       46976 kB
PageTables:        60232 kB
NFS_Unstable:          0 kB
Bounce:                0 kB
WritebackTmp:          0 kB
CommitLimit:     6660208 kB
Committed_AS:   71100944 kB
VmallocTotal:   263061440 kB
VmallocUsed:       87372 kB
VmallocChunk:          0 kB
Percpu:             7552 kB
CmaTotal:         315392 kB
CmaFree:               0 kB
MemTotal:        5980404 kB
MemFree:         1140452 kB
MemAvailable:    2793040 kB
Buffers:            4908 kB
Cached:          1609356 kB
SwapCached:            0 kB
Active:          1270932 kB
Inactive:        1409720 kB
Active(anon):    1073004 kB
Inactive(anon):    17516 kB
Active(file):     197928 kB
Inactive(file):  1392204 kB
Unevictable:        5628 kB
Mlocked:            5628 kB
SwapTotal:       3670008 kB
SwapFree:        3670008 kB
Dirty:               304 kB
Writeback:             0 kB
AnonPages:       1071808 kB
Mapped:           812464 kB
Shmem:             19544 kB
KReclaimable:     624888 kB
Slab:             224232 kB
SReclaimable:      68020 kB
SUnreclaim:       156212 kB
KernelStack:       46944 kB
PageTables:        60284 kB
NFS_Unstable:          0 kB
Bounce:                0 kB
WritebackTmp:          0 kB
CommitLimit:     6660208 kB
Committed_AS:   71101088 kB
VmallocTotal:   263061440 kB
VmallocUsed:       87372 kB
VmallocChunk:          0 kB
Percpu:             7552 kB
CmaTotal:         315392 kB
CmaFree:               0 kB
MemTotal:        5980404 kB
MemFree:         1138976 kB
MemAvailable:    2791580 kB
Buffers:            4912 kB
Cached:          1609368 kB
SwapCached:            0 kB
Active:          1271048 kB
Inactive:        1409732 kB
Active(anon):    1073116 kB
Inactive(anon):    17516 kB
Active(file):     197932 kB
Inactive(file):  1392216 kB
Unevictable:        5628 kB
Mlocked:            5628 kB
SwapTotal:       3670008 kB
SwapFree:        3670008 kB
Dirty:               332 kB
Writeback:             0 kB
AnonPages:       1072392 kB
Mapped:           812824 kB
Shmem:             19544 kB
KReclaimable:     624888 kB
Slab:             224176 kB
SReclaimable:      68020 kB
SUnreclaim:       156156 kB
KernelStack:       46972 kB
PageTables:        60428 kB
NFS_Unstable:          0 kB
Bounce:                0 kB
WritebackTmp:          0 kB
CommitLimit:     6660208 kB
Committed_AS:   71097896 kB
VmallocTotal:   263061440 kB
VmallocUsed:       87404 kB
VmallocChunk:          0 kB
Percpu:             7552 kB
CmaTotal:         315392 kB
CmaFree:               0 kB
MemTotal:        5980404 kB
MemFree:         1139520 kB
MemAvailable:    2792124 kB
Buffers:            4912 kB
Cached:          1609368 kB
SwapCached:            0 kB
Active:          1272020 kB
Inactive:        1409732 kB
Active(anon):    1074088 kB
Inactive(anon):    17516 kB
Active(file):     197932 kB
Inactive(file):  1392216 kB
Unevictable:        5628 kB
Mlocked:            5628 kB
SwapTotal:       3670008 kB
SwapFree:        3670008 kB
Dirty:               332 kB
Writeback:             0 kB
AnonPages:       1072716 kB
Mapped:           812932 kB
Shmem:             19544 kB
KReclaimable:     624888 kB
Slab:             224184 kB
SReclaimable:      68020 kB
SUnreclaim:       156164 kB
KernelStack:       46944 kB
PageTables:        59888 kB
NFS_Unstable:          0 kB
Bounce:                0 kB
WritebackTmp:          0 kB
CommitLimit:     6660208 kB
Committed_AS:   71097412 kB
VmallocTotal:   263061440 kB
VmallocUsed:       87388 kB
VmallocChunk:          0 kB
Percpu:             7552 kB
CmaTotal:         315392 kB
CmaFree:               0 kB
MemTotal:        5980404 kB
MemFree:         1139312 kB
MemAvailable:    2791916 kB
Buffers:            4912 kB
Cached:          1609368 kB
SwapCached:            0 kB
Active:          1272244 kB
Inactive:        1409732 kB
Active(anon):    1074312 kB
Inactive(anon):    17516 kB
Active(file):     197932 kB
Inactive(file):  1392216 kB
Unevictable:        5628 kB
Mlocked:            5628 kB
SwapTotal:       3670008 kB
SwapFree:        3670008 kB
Dirty:               332 kB
Writeback:             0 kB
AnonPages:       1073216 kB
Mapped:           812596 kB
Shmem:             19544 kB
KReclaimable:     624888 kB
Slab:             224176 kB
SReclaimable:      68020 kB
SUnreclaim:       156156 kB
KernelStack:       46944 kB
PageTables:        60332 kB
NFS_Unstable:          0 kB
Bounce:                0 kB
WritebackTmp:          0 kB
CommitLimit:     6660208 kB
Committed_AS:   71096956 kB
VmallocTotal:   263061440 kB
VmallocUsed:       87308 kB
VmallocChunk:          0 kB
Percpu:             7552 kB
CmaTotal:         315392 kB
CmaFree:               0 kB
MemTotal:        5980404 kB
MemFree:         1138012 kB
MemAvailable:    2790616 kB
Buffers:            4912 kB
Cached:          1609368 kB
SwapCached:            0 kB
Active:          1272780 kB
Inactive:        1409732 kB
Active(anon):    1074848 kB
Inactive(anon):    17516 kB
Active(file):     197932 kB
Inactive(file):  1392216 kB
Unevictable:        5628 kB
Mlocked:            5628 kB
SwapTotal:       3670008 kB
SwapFree:        3670008 kB
Dirty:               304 kB
Writeback:             0 kB
AnonPages:       1073788 kB
Mapped:           812652 kB
Shmem:             19544 kB
KReclaimable:     624888 kB
Slab:             224208 kB
SReclaimable:      68020 kB
SUnreclaim:       156188 kB
KernelStack:       46960 kB
PageTables:        60244 kB
NFS_Unstable:          0 kB
Bounce:                0 kB
WritebackTmp:          0 kB
CommitLimit:     6660208 kB
Committed_AS:   71099712 kB
VmallocTotal:   263061440 kB
VmallocUsed:       87308 kB
VmallocChunk:          0 kB
Percpu:             7552 kB
CmaTotal:         315392 kB
CmaFree:               0 kB
MemTotal:        5980404 kB
MemFree:         1138596 kB
MemAvailable:    2791200 kB
Buffers:            4912 kB
Cached:          1609368 kB
SwapCached:            0 kB
Active:          1272880 kB
Inactive:        1409732 kB
Active(anon):    1074948 kB
Inactive(anon):    17516 kB
Active(file):     197932 kB
Inactive(file):  1392216 kB
Unevictable:        5628 kB
Mlocked:            5628 kB
SwapTotal:       3670008 kB
SwapFree:        3670008 kB
Dirty:               304 kB
Writeback:             0 kB
AnonPages:       1073904 kB
Mapped:           812824 kB
Shmem:             19544 kB
KReclaimable:     624888 kB
Slab:             224216 kB
SReclaimable:      68020 kB
SUnreclaim:       156196 kB
KernelStack:       46972 kB
PageTables:        60228 kB
NFS_Unstable:          0 kB
Bounce:                0 kB
WritebackTmp:          0 kB
CommitLimit:     6660208 kB
Committed_AS:   71100804 kB
VmallocTotal:   263061440 kB
VmallocUsed:       87308 kB
VmallocChunk:          0 kB
Percpu:             7552 kB
CmaTotal:         315392 kB
CmaFree:               0 kB
MemTotal:        5980404 kB
MemFree:         1137528 kB
MemAvailable:    2790132 kB
Buffers:            4912 kB
Cached:          1609376 kB
SwapCached:            0 kB
Active:          1273612 kB
Inactive:        1409740 kB
Active(anon):    1075680 kB
Inactive(anon):    17524 kB
Active(file):     197932 kB
Inactive(file):  1392216 kB
Unevictable:        5628 kB
Mlocked:            5628 kB
SwapTotal:       3670008 kB
SwapFree:        3670008 kB
Dirty:               304 kB
Writeback:             0 kB
AnonPages:       1074796 kB
Mapped:           812660 kB
Shmem:             19552 kB
KReclaimable:     624888 kB
Slab:             224184 kB
SReclaimable:      68020 kB
SUnreclaim:       156164 kB
KernelStack:       46928 kB
PageTables:        60288 kB
NFS_Unstable:          0 kB
Bounce:                0 kB
WritebackTmp:          0 kB
CommitLimit:     6660208 kB
Committed_AS:   71098540 kB
VmallocTotal:   263061440 kB
VmallocUsed:       87308 kB
VmallocChunk:          0 kB
Percpu:             7552 kB
CmaTotal:         315392 kB
CmaFree:               0 kB
MemTotal:        5980404 kB
MemFree:         1137024 kB
MemAvailable:    2789636 kB
Buffers:            4912 kB
Cached:          1609384 kB
SwapCached:            0 kB
Active:          1274412 kB
Inactive:        1409744 kB
Active(anon):    1076476 kB
Inactive(anon):    17524 kB
Active(file):     197936 kB
Inactive(file):  1392220 kB
Unevictable:        5628 kB
Mlocked:            5628 kB
SwapTotal:       3670008 kB
SwapFree:        3670008 kB
Dirty:               360 kB
Writeback:             0 kB
AnonPages:       1075532 kB
Mapped:           812836 kB
Shmem:             19552 kB
KReclaimable:     624888 kB
Slab:             224184 kB
SReclaimable:      68020 kB
SUnreclaim:       156164 kB
KernelStack:       46944 kB
PageTables:        60348 kB
NFS_Unstable:          0 kB
Bounce:                0 kB
WritebackTmp:          0 kB
CommitLimit:     6660208 kB
Committed_AS:   71097576 kB
VmallocTotal:   263061440 kB
VmallocUsed:       87324 kB
VmallocChunk:          0 kB
Percpu:             7552 kB
CmaTotal:         315392 kB
CmaFree:               0 kB
MemTotal:        5980404 kB
MemFree:         1136588 kB
MemAvailable:    2789192 kB
Buffers:            4912 kB
Cached:          1609380 kB
SwapCached:            0 kB
Active:          1275096 kB
Inactive:        1409744 kB
Active(anon):    1077164 kB
Inactive(anon):    17528 kB
Active(file):     197932 kB
Inactive(file):  1392216 kB
Unevictable:        5628 kB
Mlocked:            5628 kB
SwapTotal:       3670008 kB
SwapFree:        3670008 kB
Dirty:               364 kB
Writeback:             0 kB
AnonPages:       1076092 kB
Mapped:           812880 kB
Shmem:             19556 kB
KReclaimable:     624888 kB
Slab:             224184 kB
SReclaimable:      68020 kB
SUnreclaim:       156164 kB
KernelStack:       46944 kB
PageTables:        60208 kB
NFS_Unstable:          0 kB
Bounce:                0 kB
WritebackTmp:          0 kB
CommitLimit:     6660208 kB
Committed_AS:   71098876 kB
VmallocTotal:   263061440 kB
VmallocUsed:       87324 kB
VmallocChunk:          0 kB
Percpu:             7552 kB
CmaTotal:         315392 kB
CmaFree:               0 kB
MemTotal:        5980404 kB
MemFree:         1135140 kB
MemAvailable:    2787744 kB
Buffers:            4912 kB
Cached:          1609384 kB
SwapCached:            0 kB
Active:          1275324 kB
Inactive:        1409748 kB
Active(anon):    1077392 kB
Inactive(anon):    17532 kB
Active(file):     197932 kB
Inactive(file):  1392216 kB
Unevictable:        5628 kB
Mlocked:            5628 kB
SwapTotal:       3670008 kB
SwapFree:        3670008 kB
Dirty:               304 kB
Writeback:             0 kB
AnonPages:       1076392 kB
Mapped:           812656 kB
Shmem:             19560 kB
KReclaimable:     624888 kB
Slab:             224272 kB
SReclaimable:      68020 kB
SUnreclaim:       156252 kB
KernelStack:       46928 kB
PageTables:        60220 kB
NFS_Unstable:          0 kB
Bounce:                0 kB
WritebackTmp:          0 kB
CommitLimit:     6660208 kB
Committed_AS:   71096104 kB
VmallocTotal:   263061440 kB
VmallocUsed:       87324 kB
VmallocChunk:          0 kB
Percpu:             7552 kB
CmaTotal:         315392 kB
CmaFree:               0 kB
MemTotal:        5980404 kB
MemFree:         1134432 kB
MemAvailable:    2787040 kB
Buffers:            4912 kB
Cached:          1609388 kB
SwapCached:            0 kB
Active:          1275780 kB
Inactive:        1409752 kB
Active(anon):    1077848 kB
Inactive(anon):    17532 kB
Active(file):     197932 kB
Inactive(file):  1392220 kB
Unevictable:        5628 kB
Mlocked:            5628 kB
SwapTotal:       3670008 kB
SwapFree:        3670008 kB
Dirty:               320 kB
Writeback:             0 kB
AnonPages:       1076964 kB
Mapped:           812936 kB
Shmem:             19560 kB
KReclaimable:     624888 kB
Slab:             224240 kB
SReclaimable:      68020 kB
SUnreclaim:       156220 kB
KernelStack:       46956 kB
PageTables:        60552 kB
NFS_Unstable:          0 kB
Bounce:                0 kB
WritebackTmp:          0 kB
CommitLimit:     6660208 kB
Committed_AS:   71098016 kB
VmallocTotal:   263061440 kB
VmallocUsed:       87324 kB
VmallocChunk:          0 kB
Percpu:             7552 kB
CmaTotal:         315392 kB
CmaFree:               0 kB
MemTotal:        5980404 kB
MemFree:         1135672 kB
MemAvailable:    2788280 kB
Buffers:            4912 kB
Cached:          1609388 kB
SwapCached:            0 kB
Active:          1275996 kB
Inactive:        1409752 kB
Active(anon):    1078064 kB
Inactive(anon):    17532 kB
Active(file):     197932 kB
Inactive(file):  1392220 kB
Unevictable:        5628 kB
Mlocked:            5628 kB
SwapTotal:       3670008 kB
SwapFree:        3670008 kB
Dirty:               320 kB
Writeback:             0 kB
AnonPages:       1077148 kB
Mapped:           812884 kB
Shmem:             19560 kB
KReclaimable:     624888 kB
Slab:             224176 kB
SReclaimable:      68020 kB
SUnreclaim:       156156 kB
KernelStack:       46928 kB
PageTables:        60344 kB
NFS_Unstable:          0 kB
Bounce:                0 kB
WritebackTmp:          0 kB
CommitLimit:     6660208 kB
Committed_AS:   71099344 kB
VmallocTotal:   263061440 kB
VmallocUsed:       87292 kB
VmallocChunk:          0 kB
Percpu:             7552 kB
CmaTotal:         315392 kB
CmaFree:               0 kB
MemTotal:        5980404 kB
MemFree:         1135776 kB
MemAvailable:    2788384 kB
Buffers:            4912 kB
Cached:          1609388 kB
SwapCached:            0 kB
Active:          1276632 kB
Inactive:        1409752 kB
Active(anon):    1078700 kB
Inactive(anon):    17532 kB
Active(file):     197932 kB
Inactive(file):  1392220 kB
Unevictable:        5628 kB
Mlocked:            5628 kB
SwapTotal:       3670008 kB
SwapFree:        3670008 kB
Dirty:               320 kB
Writeback:             0 kB
AnonPages:       1077412 kB
Mapped:           812900 kB
Shmem:             19560 kB
KReclaimable:     624888 kB
Slab:             224176 kB
SReclaimable:      68020 kB
SUnreclaim:       156156 kB
KernelStack:       46940 kB
PageTables:        60144 kB
NFS_Unstable:          0 kB
Bounce:                0 kB
WritebackTmp:          0 kB
CommitLimit:     6660208 kB
Committed_AS:   71101964 kB
VmallocTotal:   263061440 kB
VmallocUsed:       87324 kB
VmallocChunk:          0 kB
Percpu:             7552 kB
CmaTotal:         315392 kB
CmaFree:               0 kB
MemTotal:        5980404 kB
MemFree:         1134600 kB
MemAvailable:    2787216 kB
Buffers:            4912 kB
Cached:          1609400 kB
SwapCached:            0 kB
Active:          1276844 kB
Inactive:        1409760 kB
Active(anon):    1078908 kB
Inactive(anon):    17536 kB
Active(file):     197936 kB
Inactive(file):  1392224 kB
Unevictable:        5628 kB
Mlocked:            5628 kB
SwapTotal:       3670008 kB
SwapFree:        3670008 kB
Dirty:               320 kB
Writeback:             0 kB
AnonPages:       1077856 kB
Mapped:           812700 kB
Shmem:             19564 kB
KReclaimable:     624888 kB
Slab:             224208 kB
SReclaimable:      68020 kB
SUnreclaim:       156188 kB
KernelStack:       46928 kB
PageTables:        60212 kB
NFS_Unstable:          0 kB
Bounce:                0 kB
WritebackTmp:          0 kB
CommitLimit:     6660208 kB
Committed_AS:   71098212 kB
VmallocTotal:   263061440 kB
VmallocUsed:       87292 kB
VmallocChunk:          0 kB
Percpu:             7552 kB
CmaTotal:         315392 kB
CmaFree:               0 kB
MemTotal:        5980404 kB
MemFree:         1133552 kB
MemAvailable:    2786160 kB
Buffers:            4912 kB
Cached:          1609392 kB
SwapCached:            0 kB
Active:          1277092 kB
Inactive:        1409756 kB
Active(anon):    1079160 kB
Inactive(anon):    17536 kB
Active(file):     197932 kB
Inactive(file):  1392220 kB
Unevictable:        5628 kB
Mlocked:            5628 kB
SwapTotal:       3670008 kB
SwapFree:        3670008 kB
Dirty:               316 kB
Writeback:             0 kB
AnonPages:       1077820 kB
Mapped:           812900 kB
Shmem:             19564 kB
KReclaimable:     624888 kB
Slab:             224208 kB
SReclaimable:      68020 kB
SUnreclaim:       156188 kB
KernelStack:       46896 kB
PageTables:        60208 kB
NFS_Unstable:          0 kB
Bounce:                0 kB
WritebackTmp:          0 kB
CommitLimit:     6660208 kB
Committed_AS:   71100940 kB
VmallocTotal:   263061440 kB
VmallocUsed:       87276 kB
VmallocChunk:          0 kB
Percpu:             7552 kB
CmaTotal:         315392 kB
CmaFree:               0 kB
MemTotal:        5980404 kB
MemFree:         1132840 kB
MemAvailable:    2785468 kB
Buffers:            4916 kB
Cached:          1609408 kB
SwapCached:            0 kB
Active:          1277672 kB
Inactive:        1409768 kB
Active(anon):    1079732 kB
Inactive(anon):    17536 kB
Active(file):     197940 kB
Inactive(file):  1392232 kB
Unevictable:        5628 kB
Mlocked:            5628 kB
SwapTotal:       3670008 kB
SwapFree:        3670008 kB
Dirty:               304 kB
Writeback:             0 kB
AnonPages:       1078616 kB
Mapped:           812888 kB
Shmem:             19564 kB
KReclaimable:     624888 kB
Slab:             224248 kB
SReclaimable:      68020 kB
SUnreclaim:       156228 kB
KernelStack:       46912 kB
PageTables:        60216 kB
NFS_Unstable:          0 kB
Bounce:                0 kB
WritebackTmp:          0 kB
CommitLimit:     6660208 kB
Committed_AS:   71100736 kB
VmallocTotal:   263061440 kB
VmallocUsed:       87292 kB
VmallocChunk:          0 kB
Percpu:             7552 kB
CmaTotal:         315392 kB
CmaFree:               0 kB
MemTotal:        5980404 kB
MemFree:         1132208 kB
MemAvailable:    2784836 kB
Buffers:            4916 kB
Cached:          1609408 kB
SwapCached:            0 kB
Active:          1277964 kB
Inactive:        1409768 kB
Active(anon):    1080024 kB
Inactive(anon):    17536 kB
Active(file):     197940 kB
Inactive(file):  1392232 kB
Unevictable:        5628 kB
Mlocked:            5628 kB
SwapTotal:       3670008 kB
SwapFree:        3670008 kB
Dirty:               304 kB
Writeback:             0 kB
AnonPages:       1078840 kB
Mapped:           812888 kB
Shmem:             19564 kB
KReclaimable:     624888 kB
Slab:             224216 kB
SReclaimable:      68020 kB
SUnreclaim:       156196 kB
KernelStack:       46912 kB
PageTables:        60228 kB
NFS_Unstable:          0 kB
Bounce:                0 kB
WritebackTmp:          0 kB
CommitLimit:     6660208 kB
Committed_AS:   71100188 kB
VmallocTotal:   263061440 kB
VmallocUsed:       87308 kB
VmallocChunk:          0 kB
Percpu:             7552 kB
CmaTotal:         315392 kB
CmaFree:               0 kB
MemTotal:        5980404 kB
MemFree:         1133556 kB
MemAvailable:    2786184 kB
Buffers:            4916 kB
Cached:          1609408 kB
SwapCached:            0 kB
Active:          1278012 kB
Inactive:        1409768 kB
Active(anon):    1080072 kB
Inactive(anon):    17536 kB
Active(file):     197940 kB
Inactive(file):  1392232 kB
Unevictable:        5628 kB
Mlocked:            5628 kB
SwapTotal:       3670008 kB
SwapFree:        3670008 kB
Dirty:               304 kB
Writeback:             0 kB
AnonPages:       1079008 kB
Mapped:           812700 kB
Shmem:             19564 kB
KReclaimable:     624888 kB
Slab:             224216 kB
SReclaimable:      68020 kB
SUnreclaim:       156196 kB
KernelStack:       46928 kB
PageTables:        59916 kB
NFS_Unstable:          0 kB
Bounce:                0 kB
WritebackTmp:          0 kB
CommitLimit:     6660208 kB
Committed_AS:   71094784 kB
VmallocTotal:   263061440 kB
VmallocUsed:       87308 kB
VmallocChunk:          0 kB
Percpu:             7552 kB
CmaTotal:         315392 kB
CmaFree:               0 kB
MemTotal:        5980404 kB
MemFree:         1132868 kB
MemAvailable:    2785496 kB
Buffers:            4916 kB
Cached:          1609408 kB
SwapCached:            0 kB
Active:          1278644 kB
Inactive:        1409768 kB
Active(anon):    1080704 kB
Inactive(anon):    17536 kB
Active(file):     197940 kB
Inactive(file):  1392232 kB
Unevictable:        5628 kB
Mlocked:            5628 kB
SwapTotal:       3670008 kB
SwapFree:        3670008 kB
Dirty:               332 kB
Writeback:             0 kB
AnonPages:       1079832 kB
Mapped:           813116 kB
Shmem:             19564 kB
KReclaimable:     624888 kB
Slab:             224224 kB
SReclaimable:      68020 kB
SUnreclaim:       156204 kB
KernelStack:       46944 kB
PageTables:        60356 kB
NFS_Unstable:          0 kB
Bounce:                0 kB
WritebackTmp:          0 kB
CommitLimit:     6660208 kB
Committed_AS:   71101432 kB
VmallocTotal:   263061440 kB
VmallocUsed:       87324 kB
VmallocChunk:          0 kB
Percpu:             7552 kB
CmaTotal:         315392 kB
CmaFree:               0 kB
MemTotal:        5980404 kB
MemFree:         1132108 kB
MemAvailable:    2784752 kB
Buffers:            4916 kB
Cached:          1609420 kB
SwapCached:            0 kB
Active:          1278828 kB
Inactive:        1409776 kB
Active(anon):    1080884 kB
Inactive(anon):    17536 kB
Active(file):     197944 kB
Inactive(file):  1392240 kB
Unevictable:        5628 kB
Mlocked:            5628 kB
SwapTotal:       3670008 kB
SwapFree:        3670008 kB
Dirty:               308 kB
Writeback:             0 kB
AnonPages:       1080044 kB
Mapped:           812888 kB
Shmem:             19564 kB
KReclaimable:     624892 kB
Slab:             224188 kB
SReclaimable:      68024 kB
SUnreclaim:       156164 kB
KernelStack:       46928 kB
PageTables:        60228 kB
NFS_Unstable:          0 kB
Bounce:                0 kB
WritebackTmp:          0 kB
CommitLimit:     6660208 kB
Committed_AS:   71100144 kB
VmallocTotal:   263061440 kB
VmallocUsed:       87308 kB
VmallocChunk:          0 kB
Percpu:             7552 kB
CmaTotal:         315392 kB
CmaFree:               0 kB
MemTotal:        5980404 kB
MemFree:         1131384 kB
MemAvailable:    2784016 kB
Buffers:            4916 kB
Cached:          1609408 kB
SwapCached:            0 kB
Active:          1279340 kB
Inactive:        1409768 kB
Active(anon):    1081400 kB
Inactive(anon):    17536 kB
Active(file):     197940 kB
Inactive(file):  1392232 kB
Unevictable:        5628 kB
Mlocked:            5628 kB
SwapTotal:       3670008 kB
SwapFree:        3670008 kB
Dirty:               304 kB
Writeback:             0 kB
AnonPages:       1080652 kB
Mapped:           812660 kB
Shmem:             19564 kB
KReclaimable:     624892 kB
Slab:             224236 kB
SReclaimable:      68024 kB
SUnreclaim:       156212 kB
KernelStack:       46912 kB
PageTables:        60236 kB
NFS_Unstable:          0 kB
Bounce:                0 kB
WritebackTmp:          0 kB
CommitLimit:     6660208 kB
Committed_AS:   71097380 kB
VmallocTotal:   263061440 kB
VmallocUsed:       87276 kB
VmallocChunk:          0 kB
Percpu:             7552 kB
CmaTotal:         315392 kB
CmaFree:               8 kB
MemTotal:        5980404 kB
MemFree:         1130880 kB
MemAvailable:    2783512 kB
Buffers:            4916 kB
Cached:          1609408 kB
SwapCached:            0 kB
Active:          1279492 kB
Inactive:        1409768 kB
Active(anon):    1081552 kB
Inactive(anon):    17536 kB
Active(file):     197940 kB
Inactive(file):  1392232 kB
Unevictable:        5628 kB
Mlocked:            5628 kB
SwapTotal:       3670008 kB
SwapFree:        3670008 kB
Dirty:               304 kB
Writeback:             0 kB
AnonPages:       1080360 kB
Mapped:           812660 kB
Shmem:             19564 kB
KReclaimable:     624892 kB
Slab:             224220 kB
SReclaimable:      68024 kB
SUnreclaim:       156196 kB
KernelStack:       46912 kB
PageTables:        60228 kB
NFS_Unstable:          0 kB
Bounce:                0 kB
WritebackTmp:          0 kB
CommitLimit:     6660208 kB
Committed_AS:   71096812 kB
VmallocTotal:   263061440 kB
VmallocUsed:       87292 kB
VmallocChunk:          0 kB
Percpu:             7552 kB
CmaTotal:         315392 kB
CmaFree:               0 kB
MemTotal:        5980404 kB
MemFree:         1130452 kB
MemAvailable:    2783092 kB
Buffers:            4916 kB
Cached:          1609416 kB
SwapCached:            0 kB
Active:          1280960 kB
Inactive:        1409772 kB
Active(anon):    1083016 kB
Inactive(anon):    17536 kB
Active(file):     197944 kB
Inactive(file):  1392236 kB
Unevictable:        5628 kB
Mlocked:            5628 kB
SwapTotal:       3670008 kB
SwapFree:        3670008 kB
Dirty:               312 kB
Writeback:             0 kB
AnonPages:       1082004 kB
Mapped:           812728 kB
Shmem:             19564 kB
KReclaimable:     624892 kB
Slab:             224188 kB
SReclaimable:      68024 kB
SUnreclaim:       156164 kB
KernelStack:       46960 kB
PageTables:        60256 kB
NFS_Unstable:          0 kB
Bounce:                0 kB
WritebackTmp:          0 kB
CommitLimit:     6660208 kB
Committed_AS:   71098848 kB
VmallocTotal:   263061440 kB
VmallocUsed:       87324 kB
VmallocChunk:          0 kB
Percpu:             7552 kB
CmaTotal:         315392 kB
CmaFree:               0 kB
MemTotal:        5980404 kB
MemFree:         1128544 kB
MemAvailable:    2781176 kB
Buffers:            4916 kB
Cached:          1609428 kB
SwapCached:            0 kB
Active:          1281508 kB
Inactive:        1409788 kB
Active(anon):    1083568 kB
Inactive(anon):    17556 kB
Active(file):     197940 kB
Inactive(file):  1392232 kB
Unevictable:        5628 kB
Mlocked:            5628 kB
SwapTotal:       3670008 kB
SwapFree:        3670008 kB
Dirty:               304 kB
Writeback:             0 kB
AnonPages:       1082508 kB
Mapped:           812680 kB
Shmem:             19584 kB
KReclaimable:     624892 kB
Slab:             224180 kB
SReclaimable:      68024 kB
SUnreclaim:       156156 kB
KernelStack:       47024 kB
PageTables:        60232 kB
NFS_Unstable:          0 kB
Bounce:                0 kB
WritebackTmp:          0 kB
CommitLimit:     6660208 kB
Committed_AS:   71096428 kB
VmallocTotal:   263061440 kB
VmallocUsed:       87404 kB
VmallocChunk:          0 kB
Percpu:             7552 kB
CmaTotal:         315392 kB
CmaFree:               0 kB
MemTotal:        5980404 kB
MemFree:         1128256 kB
MemAvailable:    2781040 kB
Buffers:            4916 kB
Cached:          1609592 kB
SwapCached:            0 kB
Active:          1282064 kB
Inactive:        1409968 kB
Active(anon):    1084140 kB
Inactive(anon):    17556 kB
Active(file):     197924 kB
Inactive(file):  1392412 kB
Unevictable:        5628 kB
Mlocked:            5628 kB
SwapTotal:       3670008 kB
SwapFree:        3670008 kB
Dirty:               428 kB
Writeback:             0 kB
AnonPages:       1082712 kB
Mapped:           813224 kB
Shmem:             19584 kB
KReclaimable:     624880 kB
Slab:             224184 kB
SReclaimable:      68012 kB
SUnreclaim:       156172 kB
KernelStack:       47072 kB
PageTables:        60392 kB
NFS_Unstable:          0 kB
Bounce:                0 kB
WritebackTmp:          0 kB
CommitLimit:     6660208 kB
Committed_AS:   71099068 kB
VmallocTotal:   263061440 kB
VmallocUsed:       87420 kB
VmallocChunk:          0 kB
Percpu:             7552 kB
CmaTotal:         315392 kB
CmaFree:               0 kB
MemTotal:        5980404 kB
MemFree:         1126760 kB
MemAvailable:    2779848 kB
Buffers:            4916 kB
Cached:          1609868 kB
SwapCached:            0 kB
Active:          1282740 kB
Inactive:        1410244 kB
Active(anon):    1084816 kB
Inactive(anon):    17556 kB
Active(file):     197924 kB
Inactive(file):  1392688 kB
Unevictable:        5628 kB
Mlocked:            5628 kB
SwapTotal:       3670008 kB
SwapFree:        3670008 kB
Dirty:               708 kB
Writeback:             0 kB
AnonPages:       1084224 kB
Mapped:           812996 kB
Shmem:             19584 kB
KReclaimable:     624908 kB
Slab:             224228 kB
SReclaimable:      68040 kB
SUnreclaim:       156188 kB
KernelStack:       47056 kB
PageTables:        60444 kB
NFS_Unstable:          0 kB
Bounce:                0 kB
WritebackTmp:          0 kB
CommitLimit:     6660208 kB
Committed_AS:   71102532 kB
VmallocTotal:   263061440 kB
VmallocUsed:       87452 kB
VmallocChunk:          0 kB
Percpu:             7552 kB
CmaTotal:         315392 kB
CmaFree:               0 kB
MemTotal:        5980404 kB
MemFree:         1127356 kB
MemAvailable:    2780660 kB
Buffers:            4916 kB
Cached:          1610064 kB
SwapCached:            0 kB
Active:          1283084 kB
Inactive:        1410440 kB
Active(anon):    1085160 kB
Inactive(anon):    17556 kB
Active(file):     197924 kB
Inactive(file):  1392884 kB
Unevictable:        5628 kB
Mlocked:            5628 kB
SwapTotal:       3670008 kB
SwapFree:        3670008 kB
Dirty:               904 kB
Writeback:             0 kB
AnonPages:       1084112 kB
Mapped:           812768 kB
Shmem:             19584 kB
KReclaimable:     624928 kB
Slab:             224232 kB
SReclaimable:      68060 kB
SUnreclaim:       156172 kB
KernelStack:       47040 kB
PageTables:        60236 kB
NFS_Unstable:          0 kB
Bounce:                0 kB
WritebackTmp:          0 kB
CommitLimit:     6660208 kB
Committed_AS:   71099980 kB
VmallocTotal:   263061440 kB
VmallocUsed:       87420 kB
VmallocChunk:          0 kB
Percpu:             7552 kB
CmaTotal:         315392 kB
CmaFree:               0 kB
MemTotal:        5980404 kB
MemFree:         1126464 kB
MemAvailable:    2779768 kB
Buffers:            4916 kB
Cached:          1610064 kB
SwapCached:            0 kB
Active:          1283892 kB
Inactive:        1410440 kB
Active(anon):    1085968 kB
Inactive(anon):    17556 kB
Active(file):     197924 kB
Inactive(file):  1392884 kB
Unevictable:        5628 kB
Mlocked:            5628 kB
SwapTotal:       3670008 kB
SwapFree:        3670008 kB
Dirty:               904 kB
Writeback:             0 kB
AnonPages:       1084936 kB
Mapped:           812832 kB
Shmem:             19584 kB
KReclaimable:     624928 kB
Slab:             224256 kB
SReclaimable:      68060 kB
SUnreclaim:       156196 kB
KernelStack:       47040 kB
PageTables:        60296 kB
NFS_Unstable:          0 kB
Bounce:                0 kB
WritebackTmp:          0 kB
CommitLimit:     6660208 kB
Committed_AS:   71100280 kB
VmallocTotal:   263061440 kB
VmallocUsed:       87404 kB
VmallocChunk:          0 kB
Percpu:             7552 kB
CmaTotal:         315392 kB
CmaFree:               0 kB
MemTotal:        5980404 kB
MemFree:         1126636 kB
MemAvailable:    2779944 kB
Buffers:            4916 kB
Cached:          1610080 kB
SwapCached:            0 kB
Active:          1283988 kB
Inactive:        1410452 kB
Active(anon):    1086060 kB
Inactive(anon):    17568 kB
Active(file):     197928 kB
Inactive(file):  1392884 kB
Unevictable:        5628 kB
Mlocked:            5628 kB
SwapTotal:       3670008 kB
SwapFree:        3670008 kB
Dirty:               904 kB
Writeback:             0 kB
AnonPages:       1085228 kB
Mapped:           813008 kB
Shmem:             19596 kB
KReclaimable:     624928 kB
Slab:             224244 kB
SReclaimable:      68060 kB
SUnreclaim:       156184 kB
KernelStack:       46992 kB
PageTables:        60464 kB
NFS_Unstable:          0 kB
Bounce:                0 kB
WritebackTmp:          0 kB
CommitLimit:     6660208 kB
Committed_AS:   71099812 kB
VmallocTotal:   263061440 kB
VmallocUsed:       87404 kB
VmallocChunk:          0 kB
Percpu:             7552 kB
CmaTotal:         315392 kB
CmaFree:               0 kB
MemTotal:        5980404 kB
MemFree:         1125768 kB
MemAvailable:    2779076 kB
Buffers:            4920 kB
Cached:          1610080 kB
SwapCached:            0 kB
Active:          1284352 kB
Inactive:        1410456 kB
Active(anon):    1086424 kB
Inactive(anon):    17572 kB
Active(file):     197928 kB
Inactive(file):  1392884 kB
Unevictable:        5628 kB
Mlocked:            5628 kB
SwapTotal:       3670008 kB
SwapFree:        3670008 kB
Dirty:               920 kB
Writeback:             0 kB
AnonPages:       1085284 kB
Mapped:           813012 kB
Shmem:             19600 kB
KReclaimable:     624928 kB
Slab:             224236 kB
SReclaimable:      68060 kB
SUnreclaim:       156176 kB
KernelStack:       47024 kB
PageTables:        60268 kB
NFS_Unstable:          0 kB
Bounce:                0 kB
WritebackTmp:          0 kB
CommitLimit:     6660208 kB
Committed_AS:   71099040 kB
VmallocTotal:   263061440 kB
VmallocUsed:       87420 kB
VmallocChunk:          0 kB
Percpu:             7552 kB
CmaTotal:         315392 kB
CmaFree:               0 kB
MemTotal:        5980404 kB
MemFree:         1125484 kB
MemAvailable:    2778828 kB
Buffers:            4920 kB
Cached:          1610112 kB
SwapCached:            0 kB
Active:          1285220 kB
Inactive:        1410484 kB
Active(anon):    1087288 kB
Inactive(anon):    17572 kB
Active(file):     197932 kB
Inactive(file):  1392912 kB
Unevictable:        5628 kB
Mlocked:            5628 kB
SwapTotal:       3670008 kB
SwapFree:        3670008 kB
Dirty:               924 kB
Writeback:             0 kB
AnonPages:       1086200 kB
Mapped:           812916 kB
Shmem:             19600 kB
KReclaimable:     624932 kB
Slab:             224224 kB
SReclaimable:      68064 kB
SUnreclaim:       156160 kB
KernelStack:       47040 kB
PageTables:        60284 kB
NFS_Unstable:          0 kB
Bounce:                0 kB
WritebackTmp:          0 kB
CommitLimit:     6660208 kB
Committed_AS:   71099576 kB
VmallocTotal:   263061440 kB
VmallocUsed:       87388 kB
VmallocChunk:          0 kB
Percpu:             7552 kB
CmaTotal:         315392 kB
CmaFree:               0 kB
MemTotal:        5980404 kB
MemFree:         1126296 kB
MemAvailable:    2779640 kB
Buffers:            4920 kB
Cached:          1610112 kB
SwapCached:            0 kB
Active:          1285356 kB
Inactive:        1410480 kB
Active(anon):    1087420 kB
Inactive(anon):    17572 kB
Active(file):     197936 kB
Inactive(file):  1392908 kB
Unevictable:        5628 kB
Mlocked:            5628 kB
SwapTotal:       3670008 kB
SwapFree:        3670008 kB
Dirty:               924 kB
Writeback:             0 kB
AnonPages:       1086416 kB
Mapped:           812968 kB
Shmem:             19600 kB
KReclaimable:     624932 kB
Slab:             224240 kB
SReclaimable:      68064 kB
SUnreclaim:       156176 kB
KernelStack:       47024 kB
PageTables:        60284 kB
NFS_Unstable:          0 kB
Bounce:                0 kB
WritebackTmp:          0 kB
CommitLimit:     6660208 kB
Committed_AS:   71100012 kB
VmallocTotal:   263061440 kB
VmallocUsed:       87372 kB
VmallocChunk:          0 kB
Percpu:             7552 kB
CmaTotal:         315392 kB
CmaFree:               0 kB
MemTotal:        5980404 kB
MemFree:         1125800 kB
MemAvailable:    2779144 kB
Buffers:            4920 kB
Cached:          1610112 kB
SwapCached:            0 kB
Active:          1285408 kB
Inactive:        1410480 kB
Active(anon):    1087472 kB
Inactive(anon):    17572 kB
Active(file):     197936 kB
Inactive(file):  1392908 kB
Unevictable:        5628 kB
Mlocked:            5628 kB
SwapTotal:       3670008 kB
SwapFree:        3670008 kB
Dirty:               956 kB
Writeback:             0 kB
AnonPages:       1086716 kB
Mapped:           812848 kB
Shmem:             19600 kB
KReclaimable:     624932 kB
Slab:             224240 kB
SReclaimable:      68064 kB
SUnreclaim:       156176 kB
KernelStack:       47008 kB
PageTables:        60200 kB
NFS_Unstable:          0 kB
Bounce:                0 kB
WritebackTmp:          0 kB
CommitLimit:     6660208 kB
Committed_AS:   71100276 kB
VmallocTotal:   263061440 kB
VmallocUsed:       87404 kB
VmallocChunk:          0 kB
Percpu:             7552 kB
CmaTotal:         315392 kB
CmaFree:               0 kB
MemTotal:        5980404 kB
MemFree:         1122328 kB
MemAvailable:    2776048 kB
Buffers:            4920 kB
Cached:          1610452 kB
SwapCached:            0 kB
Active:          1286728 kB
Inactive:        1410820 kB
Active(anon):    1088792 kB
Inactive(anon):    17572 kB
Active(file):     197936 kB
Inactive(file):  1393248 kB
Unevictable:        5628 kB
Mlocked:            5628 kB
SwapTotal:       3670008 kB
SwapFree:        3670008 kB
Dirty:              2896 kB
Writeback:             0 kB
AnonPages:       1087580 kB
Mapped:           812908 kB
Shmem:             19600 kB
KReclaimable:     624968 kB
Slab:             224308 kB
SReclaimable:      68100 kB
SUnreclaim:       156208 kB
KernelStack:       47008 kB
PageTables:        60052 kB
NFS_Unstable:          0 kB
Bounce:                0 kB
WritebackTmp:          0 kB
CommitLimit:     6660208 kB
Committed_AS:   71098212 kB
VmallocTotal:   263061440 kB
VmallocUsed:       87372 kB
VmallocChunk:          0 kB
Percpu:             7552 kB
CmaTotal:         315392 kB
CmaFree:               0 kB
MemTotal:        5980404 kB
MemFree:         1122108 kB
MemAvailable:    2775864 kB
Buffers:            4920 kB
Cached:          1610488 kB
SwapCached:            0 kB
Active:          1286428 kB
Inactive:        1410856 kB
Active(anon):    1088492 kB
Inactive(anon):    17572 kB
Active(file):     197936 kB
Inactive(file):  1393284 kB
Unevictable:        5628 kB
Mlocked:            5628 kB
SwapTotal:       3670008 kB
SwapFree:        3670008 kB
Dirty:              1052 kB
Writeback:             0 kB
AnonPages:       1087508 kB
Mapped:           813076 kB
Shmem:             19600 kB
KReclaimable:     624968 kB
Slab:             224308 kB
SReclaimable:      68100 kB
SUnreclaim:       156208 kB
KernelStack:       47008 kB
PageTables:        60148 kB
NFS_Unstable:          0 kB
Bounce:                0 kB
WritebackTmp:          0 kB
CommitLimit:     6660208 kB
Committed_AS:   71099556 kB
VmallocTotal:   263061440 kB
VmallocUsed:       87388 kB
VmallocChunk:          0 kB
Percpu:             7552 kB
CmaTotal:         315392 kB
CmaFree:               0 kB
MemTotal:        5980404 kB
MemFree:         1122540 kB
MemAvailable:    2776308 kB
Buffers:            4920 kB
Cached:          1610520 kB
SwapCached:            0 kB
Active:          1287132 kB
Inactive:        1410884 kB
Active(anon):    1089192 kB
Inactive(anon):    17592 kB
Active(file):     197940 kB
Inactive(file):  1393292 kB
Unevictable:        5628 kB
Mlocked:            5628 kB
SwapTotal:       3670008 kB
SwapFree:        3670008 kB
Dirty:              1012 kB
Writeback:             0 kB
AnonPages:       1088308 kB
Mapped:           812724 kB
Shmem:             19620 kB
KReclaimable:     624968 kB
Slab:             224260 kB
SReclaimable:      68100 kB
SUnreclaim:       156160 kB
KernelStack:       47008 kB
PageTables:        60396 kB
NFS_Unstable:          0 kB
Bounce:                0 kB
WritebackTmp:          0 kB
CommitLimit:     6660208 kB
Committed_AS:   71100364 kB
VmallocTotal:   263061440 kB
VmallocUsed:       87388 kB
VmallocChunk:          0 kB
Percpu:             7552 kB
CmaTotal:         315392 kB
CmaFree:               0 kB
MemTotal:        5980404 kB
MemFree:         1121840 kB
MemAvailable:    2775608 kB
Buffers:            4920 kB
Cached:          1610520 kB
SwapCached:            0 kB
Active:          1287768 kB
Inactive:        1410884 kB
Active(anon):    1089828 kB
Inactive(anon):    17592 kB
Active(file):     197940 kB
Inactive(file):  1393292 kB
Unevictable:        5628 kB
Mlocked:            5628 kB
SwapTotal:       3670008 kB
SwapFree:        3670008 kB
Dirty:              1108 kB
Writeback:             0 kB
AnonPages:       1088800 kB
Mapped:           812804 kB
Shmem:             19620 kB
KReclaimable:     624968 kB
Slab:             224284 kB
SReclaimable:      68100 kB
SUnreclaim:       156184 kB
KernelStack:       46992 kB
PageTables:        60264 kB
NFS_Unstable:          0 kB
Bounce:                0 kB
WritebackTmp:          0 kB
CommitLimit:     6660208 kB
Committed_AS:   71097108 kB
VmallocTotal:   263061440 kB
VmallocUsed:       87388 kB
VmallocChunk:          0 kB
Percpu:             7552 kB
CmaTotal:         315392 kB
CmaFree:               0 kB
MemTotal:        5980404 kB
MemFree:         1131984 kB
MemAvailable:    2785604 kB
Buffers:            4920 kB
Cached:          1610520 kB
SwapCached:            0 kB
Active:          1287976 kB
Inactive:        1410884 kB
Active(anon):    1090036 kB
Inactive(anon):    17592 kB
Active(file):     197940 kB
Inactive(file):  1393292 kB
Unevictable:        5628 kB
Mlocked:            5628 kB
SwapTotal:       3670008 kB
SwapFree:        3670008 kB
Dirty:              1116 kB
Writeback:             0 kB
AnonPages:       1089204 kB
Mapped:           813032 kB
Shmem:             19620 kB
KReclaimable:     624820 kB
Slab:             224128 kB
SReclaimable:      67952 kB
SUnreclaim:       156176 kB
KernelStack:       46992 kB
PageTables:        60244 kB
NFS_Unstable:          0 kB
Bounce:                0 kB
WritebackTmp:          0 kB
CommitLimit:     6660208 kB
Committed_AS:   71095640 kB
VmallocTotal:   263061440 kB
VmallocUsed:       87388 kB
VmallocChunk:          0 kB
Percpu:             7552 kB
CmaTotal:         315392 kB
CmaFree:               0 kB
MemTotal:        5980404 kB
MemFree:         1132584 kB
MemAvailable:    2786204 kB
Buffers:            4920 kB
Cached:          1610520 kB
SwapCached:            0 kB
Active:          1288136 kB
Inactive:        1410884 kB
Active(anon):    1090196 kB
Inactive(anon):    17592 kB
Active(file):     197940 kB
Inactive(file):  1393292 kB
Unevictable:        5628 kB
Mlocked:            5628 kB
SwapTotal:       3670008 kB
SwapFree:        3670008 kB
Dirty:              1120 kB
Writeback:             0 kB
AnonPages:       1089516 kB
Mapped:           812868 kB
Shmem:             19620 kB
KReclaimable:     624820 kB
Slab:             224120 kB
SReclaimable:      67952 kB
SUnreclaim:       156168 kB
KernelStack:       47040 kB
PageTables:        60344 kB
NFS_Unstable:          0 kB
Bounce:                0 kB
WritebackTmp:          0 kB
CommitLimit:     6660208 kB
Committed_AS:   71102564 kB
VmallocTotal:   263061440 kB
VmallocUsed:       87372 kB
VmallocChunk:          0 kB
Percpu:             7552 kB
CmaTotal:         315392 kB
CmaFree:               0 kB
MemTotal:        5980404 kB
MemFree:         1131196 kB
MemAvailable:    2784816 kB
Buffers:            4920 kB
Cached:          1610520 kB
SwapCached:            0 kB
Active:          1288720 kB
Inactive:        1410884 kB
Active(anon):    1090780 kB
Inactive(anon):    17592 kB
Active(file):     197940 kB
Inactive(file):  1393292 kB
Unevictable:        5628 kB
Mlocked:            5628 kB
SwapTotal:       3670008 kB
SwapFree:        3670008 kB
Dirty:              1132 kB
Writeback:             0 kB
AnonPages:       1089888 kB
Mapped:           813032 kB
Shmem:             19620 kB
KReclaimable:     624820 kB
Slab:             224136 kB
SReclaimable:      67952 kB
SUnreclaim:       156184 kB
KernelStack:       47052 kB
PageTables:        60264 kB
NFS_Unstable:          0 kB
Bounce:                0 kB
WritebackTmp:          0 kB
CommitLimit:     6660208 kB
Committed_AS:   71099868 kB
VmallocTotal:   263061440 kB
VmallocUsed:       87388 kB
VmallocChunk:          0 kB
Percpu:             7552 kB
CmaTotal:         315392 kB
CmaFree:               0 kB
MemTotal:        5980404 kB
MemFree:         1130960 kB
MemAvailable:    2784696 kB
Buffers:            4924 kB
Cached:          1610648 kB
SwapCached:            0 kB
Active:          1289300 kB
Inactive:        1410988 kB
Active(anon):    1091348 kB
Inactive(anon):    17592 kB
Active(file):     197952 kB
Inactive(file):  1393396 kB
Unevictable:        5628 kB
Mlocked:            5628 kB
SwapTotal:       3670008 kB
SwapFree:        3670008 kB
Dirty:              1124 kB
Writeback:             0 kB
AnonPages:       1090364 kB
Mapped:           813096 kB
Shmem:             19620 kB
KReclaimable:     624820 kB
Slab:             224120 kB
SReclaimable:      67952 kB
SUnreclaim:       156168 kB
KernelStack:       46932 kB
PageTables:        60236 kB
NFS_Unstable:          0 kB
Bounce:                0 kB
WritebackTmp:          0 kB
CommitLimit:     6660208 kB
Committed_AS:   71098444 kB
VmallocTotal:   263061440 kB
VmallocUsed:       87292 kB
VmallocChunk:          0 kB
Percpu:             7552 kB
CmaTotal:         315392 kB
CmaFree:               0 kB
MemTotal:        5980404 kB
MemFree:         1129620 kB
MemAvailable:    2783476 kB
Buffers:            4924 kB
Cached:          1610752 kB
SwapCached:            0 kB
Active:          1289940 kB
Inactive:        1411096 kB
Active(anon):    1091976 kB
Inactive(anon):    17592 kB
Active(file):     197964 kB
Inactive(file):  1393504 kB
Unevictable:        5628 kB
Mlocked:            5628 kB
SwapTotal:       3670008 kB
SwapFree:        3670008 kB
Dirty:              1124 kB
Writeback:             0 kB
AnonPages:       1091012 kB
Mapped:           813080 kB
Shmem:             19620 kB
KReclaimable:     624820 kB
Slab:             224104 kB
SReclaimable:      67952 kB
SUnreclaim:       156152 kB
KernelStack:       46928 kB
PageTables:        60328 kB
NFS_Unstable:          0 kB
Bounce:                0 kB
WritebackTmp:          0 kB
CommitLimit:     6660208 kB
Committed_AS:   71099168 kB
VmallocTotal:   263061440 kB
VmallocUsed:       87260 kB
VmallocChunk:          0 kB
Percpu:             7552 kB
CmaTotal:         315392 kB
CmaFree:               0 kB
MemTotal:        5980404 kB
MemFree:         1129564 kB
MemAvailable:    2783420 kB
Buffers:            4924 kB
Cached:          1610760 kB
SwapCached:            0 kB
Active:          1289880 kB
Inactive:        1411104 kB
Active(anon):    1091916 kB
Inactive(anon):    17600 kB
Active(file):     197964 kB
Inactive(file):  1393504 kB
Unevictable:        5628 kB
Mlocked:            5628 kB
SwapTotal:       3670008 kB
SwapFree:        3670008 kB
Dirty:              1168 kB
Writeback:             0 kB
AnonPages:       1090872 kB
Mapped:           813000 kB
Shmem:             19628 kB
KReclaimable:     624820 kB
Slab:             224136 kB
SReclaimable:      67952 kB
SUnreclaim:       156184 kB
KernelStack:       46896 kB
PageTables:        60120 kB
NFS_Unstable:          0 kB
Bounce:                0 kB
WritebackTmp:          0 kB
CommitLimit:     6660208 kB
Committed_AS:   71099948 kB
VmallocTotal:   263061440 kB
VmallocUsed:       87244 kB
VmallocChunk:          0 kB
Percpu:             7552 kB
CmaTotal:         315392 kB
CmaFree:               0 kB
MemTotal:        5980404 kB
MemFree:         1129976 kB
MemAvailable:    2783832 kB
Buffers:            4924 kB
Cached:          1610760 kB
SwapCached:            0 kB
Active:          1290148 kB
Inactive:        1411104 kB
Active(anon):    1092184 kB
Inactive(anon):    17600 kB
Active(file):     197964 kB
Inactive(file):  1393504 kB
Unevictable:        5628 kB
Mlocked:            5628 kB
SwapTotal:       3670008 kB
SwapFree:        3670008 kB
Dirty:              1168 kB
Writeback:             0 kB
AnonPages:       1091132 kB
Mapped:           813040 kB
Shmem:             19628 kB
KReclaimable:     624820 kB
Slab:             224200 kB
SReclaimable:      67952 kB
SUnreclaim:       156248 kB
KernelStack:       46928 kB
PageTables:        60380 kB
NFS_Unstable:          0 kB
Bounce:                0 kB
WritebackTmp:          0 kB
CommitLimit:     6660208 kB
Committed_AS:   71100060 kB
VmallocTotal:   263061440 kB
VmallocUsed:       87244 kB
VmallocChunk:          0 kB
Percpu:             7552 kB
CmaTotal:         315392 kB
CmaFree:               8 kB
MemTotal:        5980404 kB
MemFree:         1139468 kB
MemAvailable:    2793324 kB
Buffers:            4924 kB
Cached:          1610760 kB
SwapCached:            0 kB
Active:          1279980 kB
Inactive:        1411104 kB
Active(anon):    1082016 kB
Inactive(anon):    17600 kB
Active(file):     197964 kB
Inactive(file):  1393504 kB
Unevictable:        5628 kB
Mlocked:            5628 kB
SwapTotal:       3670008 kB
SwapFree:        3670008 kB
Dirty:              1172 kB
Writeback:             0 kB
AnonPages:       1081124 kB
Mapped:           812812 kB
Shmem:             19628 kB
KReclaimable:     624820 kB
Slab:             224260 kB
SReclaimable:      67952 kB
SUnreclaim:       156308 kB
KernelStack:       46928 kB
PageTables:        60388 kB
NFS_Unstable:          0 kB
Bounce:                0 kB
WritebackTmp:          0 kB
CommitLimit:     6660208 kB
Committed_AS:   71099176 kB
VmallocTotal:   263061440 kB
VmallocUsed:       87244 kB
VmallocChunk:          0 kB
Percpu:             7552 kB
CmaTotal:         315392 kB
CmaFree:               0 kB
MemTotal:        5980404 kB
MemFree:         1138508 kB
MemAvailable:    2792380 kB
Buffers:            4928 kB
Cached:          1610776 kB
SwapCached:            0 kB
Active:          1281604 kB
Inactive:        1411120 kB
Active(anon):    1083636 kB
Inactive(anon):    17604 kB
Active(file):     197968 kB
Inactive(file):  1393516 kB
Unevictable:        5628 kB
Mlocked:            5628 kB
SwapTotal:       3670008 kB
SwapFree:        3670008 kB
Dirty:              1040 kB
Writeback:             0 kB
AnonPages:       1082396 kB
Mapped:           812800 kB
Shmem:             19632 kB
KReclaimable:     624820 kB
Slab:             224180 kB
SReclaimable:      67952 kB
SUnreclaim:       156228 kB
KernelStack:       46960 kB
PageTables:        60080 kB
NFS_Unstable:          0 kB
Bounce:                0 kB
WritebackTmp:          0 kB
CommitLimit:     6660208 kB
Committed_AS:   71099984 kB
VmallocTotal:   263061440 kB
VmallocUsed:       87276 kB
VmallocChunk:          0 kB
Percpu:             7552 kB
CmaTotal:         315392 kB
CmaFree:               4 kB
MemTotal:        5980404 kB
MemFree:         1139040 kB
MemAvailable:    2792916 kB
Buffers:            4928 kB
Cached:          1610784 kB
SwapCached:            0 kB
Active:          1281664 kB
Inactive:        1411124 kB
Active(anon):    1083692 kB
Inactive(anon):    17608 kB
Active(file):     197972 kB
Inactive(file):  1393516 kB
Unevictable:        5628 kB
Mlocked:            5628 kB
SwapTotal:       3670008 kB
SwapFree:        3670008 kB
Dirty:              1036 kB
Writeback:             0 kB
AnonPages:       1082744 kB
Mapped:           813048 kB
Shmem:             19636 kB
KReclaimable:     624820 kB
Slab:             224124 kB
SReclaimable:      67952 kB
SUnreclaim:       156172 kB
KernelStack:       46960 kB
PageTables:        60368 kB
NFS_Unstable:          0 kB
Bounce:                0 kB
WritebackTmp:          0 kB
CommitLimit:     6660208 kB
Committed_AS:   71101624 kB
VmallocTotal:   263061440 kB
VmallocUsed:       87276 kB
VmallocChunk:          0 kB
Percpu:             7552 kB
CmaTotal:         315392 kB
CmaFree:               0 kB
MemTotal:        5980404 kB
MemFree:         1138328 kB
MemAvailable:    2792204 kB
Buffers:            4928 kB
Cached:          1610784 kB
SwapCached:            0 kB
Active:          1282408 kB
Inactive:        1411124 kB
Active(anon):    1084436 kB
Inactive(anon):    17608 kB
Active(file):     197972 kB
Inactive(file):  1393516 kB
Unevictable:        5628 kB
Mlocked:            5628 kB
SwapTotal:       3670008 kB
SwapFree:        3670008 kB
Dirty:              1040 kB
Writeback:             0 kB
AnonPages:       1083504 kB
Mapped:           813008 kB
Shmem:             19636 kB
KReclaimable:     624820 kB
Slab:             224116 kB
SReclaimable:      67952 kB
SUnreclaim:       156164 kB
KernelStack:       46912 kB
PageTables:        60300 kB
NFS_Unstable:          0 kB
Bounce:                0 kB
WritebackTmp:          0 kB
CommitLimit:     6660208 kB
Committed_AS:   71101872 kB
VmallocTotal:   263061440 kB
VmallocUsed:       87276 kB
VmallocChunk:          0 kB
Percpu:             7552 kB
CmaTotal:         315392 kB
CmaFree:               0 kB
MemTotal:        5980404 kB
MemFree:         1129224 kB
MemAvailable:    2782908 kB
Buffers:            4928 kB
Cached:          1610852 kB
SwapCached:            0 kB
Active:          1290344 kB
Inactive:        1411192 kB
Active(anon):    1092372 kB
Inactive(anon):    17608 kB
Active(file):     197972 kB
Inactive(file):  1393584 kB
Unevictable:        5628 kB
Mlocked:            5628 kB
SwapTotal:       3670008 kB
SwapFree:        3670008 kB
Dirty:              1112 kB
Writeback:             4 kB
AnonPages:       1091320 kB
Mapped:           812852 kB
Shmem:             19636 kB
KReclaimable:     624560 kB
Slab:             224128 kB
SReclaimable:      67956 kB
SUnreclaim:       156172 kB
KernelStack:       46992 kB
PageTables:        60220 kB
NFS_Unstable:          0 kB
Bounce:                0 kB
WritebackTmp:          0 kB
CommitLimit:     6660208 kB
Committed_AS:   71102584 kB
VmallocTotal:   263061440 kB
VmallocUsed:       87308 kB
VmallocChunk:          0 kB
Percpu:             7552 kB
CmaTotal:         315392 kB
CmaFree:               0 kB
MemTotal:        5980404 kB
MemFree:         1129796 kB
MemAvailable:    2783224 kB
Buffers:            4928 kB
Cached:          1610852 kB
SwapCached:            0 kB
Active:          1290428 kB
Inactive:        1411192 kB
Active(anon):    1092456 kB
Inactive(anon):    17608 kB
Active(file):     197972 kB
Inactive(file):  1393584 kB
Unevictable:        5628 kB
Mlocked:            5628 kB
SwapTotal:       3670008 kB
SwapFree:        3670008 kB
Dirty:              1124 kB
Writeback:             0 kB
AnonPages:       1091400 kB
Mapped:           813088 kB
Shmem:             19636 kB
KReclaimable:     624304 kB
Slab:             224128 kB
SReclaimable:      67956 kB
SUnreclaim:       156172 kB
KernelStack:       46976 kB
PageTables:        60032 kB
NFS_Unstable:          0 kB
Bounce:                0 kB
WritebackTmp:          0 kB
CommitLimit:     6660208 kB
Committed_AS:   71100256 kB
VmallocTotal:   263061440 kB
VmallocUsed:       87340 kB
VmallocChunk:          0 kB
Percpu:             7552 kB
CmaTotal:         315392 kB
CmaFree:               0 kB
MemTotal:        5980404 kB
MemFree:         1132564 kB
MemAvailable:    2786640 kB
Buffers:            4928 kB
Cached:          1611500 kB
SwapCached:            0 kB
Active:          1284792 kB
Inactive:        1411836 kB
Active(anon):    1086816 kB
Inactive(anon):    17608 kB
Active(file):     197976 kB
Inactive(file):  1394228 kB
Unevictable:        5628 kB
Mlocked:            5628 kB
SwapTotal:       3670008 kB
SwapFree:        3670008 kB
Dirty:              1072 kB
Writeback:             0 kB
AnonPages:       1085544 kB
Mapped:           813104 kB
Shmem:             19636 kB
KReclaimable:     624304 kB
Slab:             224128 kB
SReclaimable:      67956 kB
SUnreclaim:       156172 kB
KernelStack:       46992 kB
PageTables:        60252 kB
NFS_Unstable:          0 kB
Bounce:                0 kB
WritebackTmp:          0 kB
CommitLimit:     6660208 kB
Committed_AS:   71099352 kB
VmallocTotal:   263061440 kB
VmallocUsed:       87372 kB
VmallocChunk:          0 kB
Percpu:             7552 kB
CmaTotal:         315392 kB
CmaFree:               0 kB
MemTotal:        5980404 kB
MemFree:         1132972 kB
MemAvailable:    2787144 kB
Buffers:            4928 kB
Cached:          1611560 kB
SwapCached:            0 kB
Active:          1285308 kB
Inactive:        1411900 kB
Active(anon):    1087336 kB
Inactive(anon):    17612 kB
Active(file):     197972 kB
Inactive(file):  1394288 kB
Unevictable:        5628 kB
Mlocked:            5628 kB
SwapTotal:       3670008 kB
SwapFree:        3670008 kB
Dirty:              1152 kB
Writeback:             0 kB
AnonPages:       1086044 kB
Mapped:           812880 kB
Shmem:             19640 kB
KReclaimable:     624344 kB
Slab:             224200 kB
SReclaimable:      67996 kB
SUnreclaim:       156204 kB
KernelStack:       46912 kB
PageTables:        60260 kB
NFS_Unstable:          0 kB
Bounce:                0 kB
WritebackTmp:          0 kB
CommitLimit:     6660208 kB
Committed_AS:   71100096 kB
VmallocTotal:   263061440 kB
VmallocUsed:       87340 kB
VmallocChunk:          0 kB
Percpu:             7552 kB
CmaTotal:         315392 kB
CmaFree:               0 kB
MemTotal:        5980404 kB
MemFree:         1131712 kB
MemAvailable:    2785884 kB
Buffers:            4928 kB
Cached:          1611564 kB
SwapCached:            0 kB
Active:          1285600 kB
Inactive:        1411904 kB
Active(anon):    1087628 kB
Inactive(anon):    17616 kB
Active(file):     197972 kB
Inactive(file):  1394288 kB
Unevictable:        5628 kB
Mlocked:            5628 kB
SwapTotal:       3670008 kB
SwapFree:        3670008 kB
Dirty:              1152 kB
Writeback:             0 kB
AnonPages:       1086196 kB
Mapped:           813112 kB
Shmem:             19644 kB
KReclaimable:     624344 kB
Slab:             224240 kB
SReclaimable:      67996 kB
SUnreclaim:       156244 kB
KernelStack:       46960 kB
PageTables:        60260 kB
NFS_Unstable:          0 kB
Bounce:                0 kB
WritebackTmp:          0 kB
CommitLimit:     6660208 kB
Committed_AS:   71103816 kB
VmallocTotal:   263061440 kB
VmallocUsed:       87340 kB
VmallocChunk:          0 kB
Percpu:             7552 kB
CmaTotal:         315392 kB
CmaFree:               0 kB
MemTotal:        5980404 kB
MemFree:         1130628 kB
MemAvailable:    2784800 kB
Buffers:            4928 kB
Cached:          1611564 kB
SwapCached:            0 kB
Active:          1285996 kB
Inactive:        1411904 kB
Active(anon):    1088024 kB
Inactive(anon):    17616 kB
Active(file):     197972 kB
Inactive(file):  1394288 kB
Unevictable:        5628 kB
Mlocked:            5628 kB
SwapTotal:       3670008 kB
SwapFree:        3670008 kB
Dirty:              1152 kB
Writeback:             0 kB
AnonPages:       1086844 kB
Mapped:           813112 kB
Shmem:             19644 kB
KReclaimable:     624344 kB
Slab:             224240 kB
SReclaimable:      67996 kB
SUnreclaim:       156244 kB
KernelStack:       46928 kB
PageTables:        60268 kB
NFS_Unstable:          0 kB
Bounce:                0 kB
WritebackTmp:          0 kB
CommitLimit:     6660208 kB
Committed_AS:   71103552 kB
VmallocTotal:   263061440 kB
VmallocUsed:       87308 kB
VmallocChunk:          0 kB
Percpu:             7552 kB
CmaTotal:         315392 kB
CmaFree:               0 kB
MemTotal:        5980404 kB
MemFree:         1131700 kB
MemAvailable:    2785900 kB
Buffers:            4932 kB
Cached:          1611580 kB
SwapCached:            0 kB
Active:          1286236 kB
Inactive:        1411920 kB
Active(anon):    1088260 kB
Inactive(anon):    17616 kB
Active(file):     197976 kB
Inactive(file):  1394304 kB
Unevictable:        5628 kB
Mlocked:            5628 kB
SwapTotal:       3670008 kB
SwapFree:        3670008 kB
Dirty:               392 kB
Writeback:             0 kB
AnonPages:       1087184 kB
Mapped:           813112 kB
Shmem:             19644 kB
KReclaimable:     624352 kB
Slab:             224208 kB
SReclaimable:      68004 kB
SUnreclaim:       156204 kB
KernelStack:       46912 kB
PageTables:        60208 kB
NFS_Unstable:          0 kB
Bounce:                0 kB
WritebackTmp:          0 kB
CommitLimit:     6660208 kB
Committed_AS:   71100788 kB
VmallocTotal:   263061440 kB
VmallocUsed:       87324 kB
VmallocChunk:          0 kB
Percpu:             7552 kB
CmaTotal:         315392 kB
CmaFree:               0 kB
MemTotal:        5980404 kB
MemFree:         1131236 kB
MemAvailable:    2785448 kB
Buffers:            4932 kB
Cached:          1611588 kB
SwapCached:            0 kB
Active:          1285656 kB
Inactive:        1411928 kB
Active(anon):    1087680 kB
Inactive(anon):    17616 kB
Active(file):     197976 kB
Inactive(file):  1394312 kB
Unevictable:        5628 kB
Mlocked:            5628 kB
SwapTotal:       3670008 kB
SwapFree:        3670008 kB
Dirty:               328 kB
Writeback:            96 kB
AnonPages:       1086924 kB
Mapped:           813072 kB
Shmem:             19644 kB
KReclaimable:     624356 kB
Slab:             224180 kB
SReclaimable:      68008 kB
SUnreclaim:       156172 kB
KernelStack:       46912 kB
PageTables:        60188 kB
NFS_Unstable:          0 kB
Bounce:                0 kB
WritebackTmp:          0 kB
CommitLimit:     6660208 kB
Committed_AS:   71102696 kB
VmallocTotal:   263061440 kB
VmallocUsed:       87308 kB
VmallocChunk:          0 kB
Percpu:             7552 kB
CmaTotal:         315392 kB
CmaFree:               0 kB
MemTotal:        5980404 kB
MemFree:         1131652 kB
MemAvailable:    2785932 kB
Buffers:            4932 kB
Cached:          1611656 kB
SwapCached:            0 kB
Active:          1286312 kB
Inactive:        1411996 kB
Active(anon):    1088336 kB
Inactive(anon):    17616 kB
Active(file):     197976 kB
Inactive(file):  1394380 kB
Unevictable:        5628 kB
Mlocked:            5628 kB
SwapTotal:       3670008 kB
SwapFree:        3670008 kB
Dirty:               424 kB
Writeback:             0 kB
AnonPages:       1087392 kB
Mapped:           812924 kB
Shmem:             19644 kB
KReclaimable:     624356 kB
Slab:             224188 kB
SReclaimable:      68008 kB
SUnreclaim:       156180 kB
KernelStack:       46940 kB
PageTables:        60380 kB
NFS_Unstable:          0 kB
Bounce:                0 kB
WritebackTmp:          0 kB
CommitLimit:     6660208 kB
Committed_AS:   71102372 kB
VmallocTotal:   263061440 kB
VmallocUsed:       87356 kB
VmallocChunk:          0 kB
Percpu:             7552 kB
CmaTotal:         315392 kB
CmaFree:               0 kB
MemTotal:        5980404 kB
MemFree:         1130108 kB
MemAvailable:    2784388 kB
Buffers:            4932 kB
Cached:          1611656 kB
SwapCached:            0 kB
Active:          1286612 kB
Inactive:        1411996 kB
Active(anon):    1088636 kB
Inactive(anon):    17616 kB
Active(file):     197976 kB
Inactive(file):  1394380 kB
Unevictable:        5628 kB
Mlocked:            5628 kB
SwapTotal:       3670008 kB
SwapFree:        3670008 kB
Dirty:               544 kB
Writeback:             0 kB
AnonPages:       1087504 kB
Mapped:           813112 kB
Shmem:             19644 kB
KReclaimable:     624356 kB
Slab:             224220 kB
SReclaimable:      68008 kB
SUnreclaim:       156212 kB
KernelStack:       46896 kB
PageTables:        60520 kB
NFS_Unstable:          0 kB
Bounce:                0 kB
WritebackTmp:          0 kB
CommitLimit:     6660208 kB
Committed_AS:   71100816 kB
VmallocTotal:   263061440 kB
VmallocUsed:       87324 kB
VmallocChunk:          0 kB
Percpu:             7552 kB
CmaTotal:         315392 kB
CmaFree:               0 kB
MemTotal:        5980404 kB
MemFree:         1130764 kB
MemAvailable:    2785044 kB
Buffers:            4932 kB
Cached:          1611656 kB
SwapCached:            0 kB
Active:          1287512 kB
Inactive:        1411996 kB
Active(anon):    1089536 kB
Inactive(anon):    17616 kB
Active(file):     197976 kB
Inactive(file):  1394380 kB
Unevictable:        5628 kB
Mlocked:            5628 kB
SwapTotal:       3670008 kB
SwapFree:        3670008 kB
Dirty:               544 kB
Writeback:             0 kB
AnonPages:       1088632 kB
Mapped:           812924 kB
Shmem:             19644 kB
KReclaimable:     624356 kB
Slab:             224204 kB
SReclaimable:      68008 kB
SUnreclaim:       156196 kB
KernelStack:       47024 kB
PageTables:        60280 kB
NFS_Unstable:          0 kB
Bounce:                0 kB
WritebackTmp:          0 kB
CommitLimit:     6660208 kB
Committed_AS:   71098580 kB
VmallocTotal:   263061440 kB
VmallocUsed:       87404 kB
VmallocChunk:          0 kB
Percpu:             7552 kB
CmaTotal:         315392 kB
CmaFree:               0 kB
MemTotal:        5980404 kB
MemFree:         1129728 kB
MemAvailable:    2784008 kB
Buffers:            4932 kB
Cached:          1611656 kB
SwapCached:            0 kB
Active:          1287876 kB
Inactive:        1411996 kB
Active(anon):    1089900 kB
Inactive(anon):    17616 kB
Active(file):     197976 kB
Inactive(file):  1394380 kB
Unevictable:        5628 kB
Mlocked:            5628 kB
SwapTotal:       3670008 kB
SwapFree:        3670008 kB
Dirty:               540 kB
Writeback:             0 kB
AnonPages:       1088480 kB
Mapped:           813036 kB
Shmem:             19644 kB
KReclaimable:     624356 kB
Slab:             224212 kB
SReclaimable:      68008 kB
SUnreclaim:       156204 kB
KernelStack:       47008 kB
PageTables:        60220 kB
NFS_Unstable:          0 kB
Bounce:                0 kB
WritebackTmp:          0 kB
CommitLimit:     6660208 kB
Committed_AS:   71102588 kB
VmallocTotal:   263061440 kB
VmallocUsed:       87420 kB
VmallocChunk:          0 kB
Percpu:             7552 kB
CmaTotal:         315392 kB
CmaFree:               0 kB
MemTotal:        5980404 kB
MemFree:         1128272 kB
MemAvailable:    2782552 kB
Buffers:            4932 kB
Cached:          1611664 kB
SwapCached:            0 kB
Active:          1288580 kB
Inactive:        1412004 kB
Active(anon):    1090604 kB
Inactive(anon):    17624 kB
Active(file):     197976 kB
Inactive(file):  1394380 kB
Unevictable:        5628 kB
Mlocked:            5628 kB
SwapTotal:       3670008 kB
SwapFree:        3670008 kB
Dirty:               292 kB
Writeback:             0 kB
AnonPages:       1089344 kB
Mapped:           813120 kB
Shmem:             19652 kB
KReclaimable:     624356 kB
Slab:             224220 kB
SReclaimable:      68008 kB
SUnreclaim:       156212 kB
KernelStack:       47024 kB
PageTables:        60508 kB
NFS_Unstable:          0 kB
Bounce:                0 kB
WritebackTmp:          0 kB
CommitLimit:     6660208 kB
Committed_AS:   71102632 kB
VmallocTotal:   263061440 kB
VmallocUsed:       87452 kB
VmallocChunk:          0 kB
Percpu:             7552 kB
CmaTotal:         315392 kB
CmaFree:               0 kB
MemTotal:        5980404 kB
MemFree:         1131432 kB
MemAvailable:    2785716 kB
Buffers:            4936 kB
Cached:          1611664 kB
SwapCached:            0 kB
Active:          1285156 kB
Inactive:        1412008 kB
Active(anon):    1087180 kB
Inactive(anon):    17624 kB
Active(file):     197976 kB
Inactive(file):  1394384 kB
Unevictable:        5628 kB
Mlocked:            5628 kB
SwapTotal:       3670008 kB
SwapFree:        3670008 kB
Dirty:               272 kB
Writeback:             0 kB
AnonPages:       1086188 kB
Mapped:           813120 kB
Shmem:             19652 kB
KReclaimable:     624356 kB
Slab:             224244 kB
SReclaimable:      68008 kB
SUnreclaim:       156236 kB
KernelStack:       47024 kB
PageTables:        60320 kB
NFS_Unstable:          0 kB
Bounce:                0 kB
WritebackTmp:          0 kB
CommitLimit:     6660208 kB
Committed_AS:   71099460 kB
VmallocTotal:   263061440 kB
VmallocUsed:       87436 kB
VmallocChunk:          0 kB
Percpu:             7552 kB
CmaTotal:         315392 kB
CmaFree:             104 kB
MemTotal:        5980404 kB
MemFree:         1131664 kB
MemAvailable:    2785964 kB
Buffers:            4936 kB
Cached:          1611680 kB
SwapCached:            0 kB
Active:          1285448 kB
Inactive:        1412020 kB
Active(anon):    1087468 kB
Inactive(anon):    17624 kB
Active(file):     197980 kB
Inactive(file):  1394396 kB
Unevictable:        5628 kB
Mlocked:            5628 kB
SwapTotal:       3670008 kB
SwapFree:        3670008 kB
Dirty:               332 kB
Writeback:             0 kB
AnonPages:       1086536 kB
Mapped:           812956 kB
Shmem:             19652 kB
KReclaimable:     624356 kB
Slab:             224212 kB
SReclaimable:      68008 kB
SUnreclaim:       156204 kB
KernelStack:       47040 kB
PageTables:        60280 kB
NFS_Unstable:          0 kB
Bounce:                0 kB
WritebackTmp:          0 kB
CommitLimit:     6660208 kB
Committed_AS:   71100072 kB
VmallocTotal:   263061440 kB
VmallocUsed:       87452 kB
VmallocChunk:          0 kB
Percpu:             7552 kB
CmaTotal:         315392 kB
CmaFree:             128 kB
MemTotal:        5980404 kB
MemFree:         1131344 kB
MemAvailable:    2785644 kB
Buffers:            4936 kB
Cached:          1611680 kB
SwapCached:            0 kB
Active:          1285668 kB
Inactive:        1412020 kB
Active(anon):    1087688 kB
Inactive(anon):    17624 kB
Active(file):     197980 kB
Inactive(file):  1394396 kB
Unevictable:        5628 kB
Mlocked:            5628 kB
SwapTotal:       3670008 kB
SwapFree:        3670008 kB
Dirty:               332 kB
Writeback:             0 kB
AnonPages:       1086700 kB
Mapped:           813120 kB
Shmem:             19652 kB
KReclaimable:     624356 kB
Slab:             224204 kB
SReclaimable:      68008 kB
SUnreclaim:       156196 kB
KernelStack:       47052 kB
PageTables:        60480 kB
NFS_Unstable:          0 kB
Bounce:                0 kB
WritebackTmp:          0 kB
CommitLimit:     6660208 kB
Committed_AS:   71098492 kB
VmallocTotal:   263061440 kB
VmallocUsed:       87468 kB
VmallocChunk:          0 kB
Percpu:             7552 kB
CmaTotal:         315392 kB
CmaFree:               0 kB
MemTotal:        5980404 kB
MemFree:         1131380 kB
MemAvailable:    2785680 kB
Buffers:            4936 kB
Cached:          1611680 kB
SwapCached:            0 kB
Active:          1286652 kB
Inactive:        1412020 kB
Active(anon):    1088672 kB
Inactive(anon):    17624 kB
Active(file):     197980 kB
Inactive(file):  1394396 kB
Unevictable:        5628 kB
Mlocked:            5628 kB
SwapTotal:       3670008 kB
SwapFree:        3670008 kB
Dirty:               332 kB
Writeback:             0 kB
AnonPages:       1087184 kB
Mapped:           812972 kB
Shmem:             19652 kB
KReclaimable:     624356 kB
Slab:             224292 kB
SReclaimable:      68008 kB
SUnreclaim:       156284 kB
KernelStack:       47008 kB
PageTables:        60336 kB
NFS_Unstable:          0 kB
Bounce:                0 kB
WritebackTmp:          0 kB
CommitLimit:     6660208 kB
Committed_AS:   71100580 kB
VmallocTotal:   263061440 kB
VmallocUsed:       87404 kB
VmallocChunk:          0 kB
Percpu:             7552 kB
CmaTotal:         315392 kB
CmaFree:              56 kB
MemTotal:        5980404 kB
MemFree:         1131832 kB
MemAvailable:    2786120 kB
Buffers:            4936 kB
Cached:          1611668 kB
SwapCached:            0 kB
Active:          1286148 kB
Inactive:        1412012 kB
Active(anon):    1088172 kB
Inactive(anon):    17624 kB
Active(file):     197976 kB
Inactive(file):  1394388 kB
Unevictable:        5628 kB
Mlocked:            5628 kB
SwapTotal:       3670008 kB
SwapFree:        3670008 kB
Dirty:               352 kB
Writeback:             0 kB
AnonPages:       1087296 kB
Mapped:           812764 kB
Shmem:             19652 kB
KReclaimable:     624356 kB
Slab:             224212 kB
SReclaimable:      68008 kB
SUnreclaim:       156204 kB
KernelStack:       47008 kB
PageTables:        60164 kB
NFS_Unstable:          0 kB
Bounce:                0 kB
WritebackTmp:          0 kB
CommitLimit:     6660208 kB
Committed_AS:   71096424 kB
VmallocTotal:   263061440 kB
VmallocUsed:       87372 kB
