MemTotal:        5980404 kB
MemFree:         1273136 kB
MemAvailable:    2843456 kB
Buffers:            4864 kB
Cached:          1593008 kB
SwapCached:            0 kB
Active:          1253344 kB
Inactive:        1420208 kB
Active(anon):    1082244 kB
Inactive(anon):    17776 kB
Active(file):     171100 kB
Inactive(file):  1402432 kB
Unevictable:        5632 kB
Mlocked:            5632 kB
SwapTotal:       3670008 kB
SwapFree:        3670008 kB
Dirty:               308 kB
Writeback:             0 kB
AnonPages:       1081236 kB
Mapped:           813444 kB
Shmem:             19736 kB
KReclaimable:     559220 kB
Slab:             223272 kB
SReclaimable:      68208 kB
SUnreclaim:       155064 kB
KernelStack:       46544 kB
PageTables:        59672 kB
NFS_Unstable:          0 kB
Bounce:                0 kB
WritebackTmp:          0 kB
CommitLimit:     6660208 kB
Committed_AS:   71169648 kB
VmallocTotal:   263061440 kB
VmallocUsed:       86864 kB
VmallocChunk:          0 kB
Percpu:             7648 kB
CmaTotal:         315392 kB
CmaFree:               0 kB
MemTotal:        5980404 kB
MemFree:         1262660 kB
MemAvailable:    2834172 kB
Buffers:            4864 kB
Cached:          1594040 kB
SwapCached:            0 kB
Active:          1259196 kB
Inactive:        1421184 kB
Active(anon):    1088028 kB
Inactive(anon):    17780 kB
Active(file):     171168 kB
Inactive(file):  1403404 kB
Unevictable:        5632 kB
Mlocked:            5632 kB
SwapTotal:       3670008 kB
SwapFree:        3670008 kB
Dirty:               344 kB
Writeback:             0 kB
AnonPages:       1086948 kB
Mapped:           814212 kB
Shmem:             19740 kB
KReclaimable:     559372 kB
Slab:             223732 kB
SReclaimable:      68360 kB
SUnreclaim:       155372 kB
KernelStack:       46672 kB
PageTables:        60056 kB
NFS_Unstable:          0 kB
Bounce:                0 kB
WritebackTmp:          0 kB
CommitLimit:     6660208 kB
Committed_AS:   71177660 kB
VmallocTotal:   263061440 kB
VmallocUsed:       87024 kB
VmallocChunk:          0 kB
Percpu:             7648 kB
CmaTotal:         315392 kB
CmaFree:               0 kB
MemTotal:        5980404 kB
MemFree:         1262108 kB
MemAvailable:    2833628 kB
Buffers:            4864 kB
Cached:          1594032 kB
SwapCached:            0 kB
Active:          1259520 kB
Inactive:        1421180 kB
Active(anon):    1088356 kB
Inactive(anon):    17780 kB
Active(file):     171164 kB
Inactive(file):  1403400 kB
Unevictable:        5632 kB
Mlocked:            5632 kB
SwapTotal:       3670008 kB
SwapFree:        3670008 kB
Dirty:               336 kB
Writeback:             0 kB
AnonPages:       1087516 kB
Mapped:           814192 kB
Shmem:             19740 kB
KReclaimable:     559388 kB
Slab:             223728 kB
SReclaimable:      68376 kB
SUnreclaim:       155352 kB
KernelStack:       46672 kB
PageTables:        59912 kB
NFS_Unstable:          0 kB
Bounce:                0 kB
WritebackTmp:          0 kB
CommitLimit:     6660208 kB
Committed_AS:   71180968 kB
VmallocTotal:   263061440 kB
VmallocUsed:       87008 kB
VmallocChunk:          0 kB
Percpu:             7648 kB
CmaTotal:         315392 kB
CmaFree:               0 kB
MemTotal:        5980404 kB
MemFree:         1272968 kB
MemAvailable:    2844532 kB
Buffers:            4864 kB
Cached:          1594072 kB
SwapCached:            0 kB
Active:          1247444 kB
Inactive:        1421216 kB
Active(anon):    1076276 kB
Inactive(anon):    17780 kB
Active(file):     171168 kB
Inactive(file):  1403436 kB
Unevictable:        5632 kB
Mlocked:            5632 kB
SwapTotal:       3670008 kB
SwapFree:        3670008 kB
Dirty:               168 kB
Writeback:             0 kB
AnonPages:       1075092 kB
Mapped:           814360 kB
Shmem:             19740 kB
KReclaimable:     559392 kB
Slab:             223760 kB
SReclaimable:      68380 kB
SUnreclaim:       155380 kB
KernelStack:       46692 kB
PageTables:        60228 kB
NFS_Unstable:          0 kB
Bounce:                0 kB
WritebackTmp:          0 kB
CommitLimit:     6660208 kB
Committed_AS:   71180224 kB
VmallocTotal:   263061440 kB
VmallocUsed:       87024 kB
VmallocChunk:          0 kB
Percpu:             7648 kB
CmaTotal:         315392 kB
CmaFree:             960 kB
MemTotal:        5980404 kB
MemFree:         1272296 kB
MemAvailable:    2843828 kB
Buffers:            4872 kB
Cached:          1594020 kB
SwapCached:            0 kB
Active:          1248260 kB
Inactive:        1421168 kB
Active(anon):    1077088 kB
Inactive(anon):    17780 kB
Active(file):     171172 kB
Inactive(file):  1403388 kB
Unevictable:        5632 kB
Mlocked:            5632 kB
SwapTotal:       3670008 kB
SwapFree:        3670008 kB
Dirty:               180 kB
Writeback:             0 kB
AnonPages:       1076548 kB
Mapped:           814580 kB
Shmem:             19740 kB
KReclaimable:     559404 kB
Slab:             223820 kB
SReclaimable:      68392 kB
SUnreclaim:       155428 kB
KernelStack:       46704 kB
PageTables:        60136 kB
NFS_Unstable:          0 kB
Bounce:                0 kB
WritebackTmp:          0 kB
CommitLimit:     6660208 kB
Committed_AS:   71180236 kB
VmallocTotal:   263061440 kB
VmallocUsed:       87008 kB
VmallocChunk:          0 kB
Percpu:             7648 kB
CmaTotal:         315392 kB
CmaFree:             240 kB
MemTotal:        5980404 kB
MemFree:         1271352 kB
MemAvailable:    2842920 kB
Buffers:            4872 kB
Cached:          1594056 kB
SwapCached:            0 kB
Active:          1249048 kB
Inactive:        1421200 kB
Active(anon):    1077872 kB
Inactive(anon):    17780 kB
Active(file):     171176 kB
Inactive(file):  1403420 kB
Unevictable:        5632 kB
Mlocked:            5632 kB
SwapTotal:       3670008 kB
SwapFree:        3670008 kB
Dirty:               224 kB
Writeback:             0 kB
AnonPages:       1077052 kB
Mapped:           814316 kB
Shmem:             19740 kB
KReclaimable:     559404 kB
Slab:             223772 kB
SReclaimable:      68392 kB
SUnreclaim:       155380 kB
KernelStack:       46704 kB
PageTables:        60028 kB
NFS_Unstable:          0 kB
Bounce:                0 kB
WritebackTmp:          0 kB
CommitLimit:     6660208 kB
Committed_AS:   71180128 kB
VmallocTotal:   263061440 kB
VmallocUsed:       87072 kB
VmallocChunk:          0 kB
Percpu:             7648 kB
CmaTotal:         315392 kB
CmaFree:               0 kB
MemTotal:        5980404 kB
MemFree:         1272288 kB
MemAvailable:    2843856 kB
Buffers:            4872 kB
Cached:          1594064 kB
SwapCached:            0 kB
Active:          1249572 kB
Inactive:        1421204 kB
Active(anon):    1078392 kB
Inactive(anon):    17788 kB
Active(file):     171180 kB
Inactive(file):  1403416 kB
Unevictable:        5632 kB
Mlocked:            5632 kB
SwapTotal:       3670008 kB
SwapFree:        3670008 kB
Dirty:               200 kB
Writeback:            36 kB
AnonPages:       1077756 kB
Mapped:           814336 kB
Shmem:             19748 kB
KReclaimable:     559404 kB
Slab:             223880 kB
SReclaimable:      68392 kB
SUnreclaim:       155488 kB
KernelStack:       46768 kB
PageTables:        60188 kB
NFS_Unstable:          0 kB
Bounce:                0 kB
WritebackTmp:          0 kB
CommitLimit:     6660208 kB
Committed_AS:   71180876 kB
VmallocTotal:   263061440 kB
VmallocUsed:       87072 kB
VmallocChunk:          0 kB
Percpu:             7648 kB
CmaTotal:         315392 kB
CmaFree:             116 kB
MemTotal:        5980404 kB
MemFree:         1271024 kB
MemAvailable:    2842600 kB
Buffers:            4872 kB
Cached:          1594072 kB
SwapCached:            0 kB
Active:          1250480 kB
Inactive:        1421208 kB
Active(anon):    1079296 kB
Inactive(anon):    17796 kB
Active(file):     171184 kB
Inactive(file):  1403412 kB
Unevictable:        5632 kB
Mlocked:            5632 kB
SwapTotal:       3670008 kB
SwapFree:        3670008 kB
Dirty:               236 kB
Writeback:             0 kB
AnonPages:       1078296 kB
Mapped:           814376 kB
Shmem:             19756 kB
KReclaimable:     559412 kB
Slab:             223888 kB
SReclaimable:      68400 kB
SUnreclaim:       155488 kB
KernelStack:       46704 kB
PageTables:        60016 kB
NFS_Unstable:          0 kB
Bounce:                0 kB
WritebackTmp:          0 kB
CommitLimit:     6660208 kB
Committed_AS:   71182156 kB
VmallocTotal:   263061440 kB
VmallocUsed:       87088 kB
VmallocChunk:          0 kB
Percpu:             7648 kB
CmaTotal:         315392 kB
CmaFree:               0 kB
MemTotal:        5980404 kB
MemFree:         1270188 kB
MemAvailable:    2841776 kB
Buffers:            4872 kB
Cached:          1594084 kB
SwapCached:            0 kB
Active:          1251352 kB
Inactive:        1421220 kB
Active(anon):    1080168 kB
Inactive(anon):    17796 kB
Active(file):     171184 kB
Inactive(file):  1403424 kB
Unevictable:        5632 kB
Mlocked:            5632 kB
SwapTotal:       3670008 kB
SwapFree:        3670008 kB
Dirty:               264 kB
Writeback:             0 kB
AnonPages:       1079004 kB
Mapped:           814380 kB
Shmem:             19756 kB
KReclaimable:     559412 kB
Slab:             223824 kB
SReclaimable:      68400 kB
SUnreclaim:       155424 kB
KernelStack:       46704 kB
PageTables:        60016 kB
NFS_Unstable:          0 kB
Bounce:                0 kB
WritebackTmp:          0 kB
CommitLimit:     6660208 kB
Committed_AS:   71185424 kB
VmallocTotal:   263061440 kB
VmallocUsed:       87072 kB
VmallocChunk:          0 kB
Percpu:             7648 kB
CmaTotal:         315392 kB
CmaFree:               0 kB
MemTotal:        5980404 kB
MemFree:         1271468 kB
MemAvailable:    2843036 kB
Buffers:            4872 kB
Cached:          1594072 kB
SwapCached:            0 kB
Active:          1251460 kB
Inactive:        1421208 kB
Active(anon):    1080276 kB
Inactive(anon):    17796 kB
Active(file):     171184 kB
Inactive(file):  1403412 kB
Unevictable:        5632 kB
Mlocked:            5632 kB
SwapTotal:       3670008 kB
SwapFree:        3670008 kB
Dirty:               252 kB
Writeback:             0 kB
AnonPages:       1079340 kB
Mapped:           814372 kB
Shmem:             19756 kB
KReclaimable:     559404 kB
Slab:             223792 kB
SReclaimable:      68392 kB
SUnreclaim:       155400 kB
KernelStack:       46736 kB
PageTables:        60132 kB
NFS_Unstable:          0 kB
Bounce:                0 kB
WritebackTmp:          0 kB
CommitLimit:     6660208 kB
Committed_AS:   71182776 kB
VmallocTotal:   263061440 kB
VmallocUsed:       87072 kB
VmallocChunk:          0 kB
Percpu:             7648 kB
CmaTotal:         315392 kB
CmaFree:              12 kB
MemTotal:        5980404 kB
MemFree:         1269044 kB
MemAvailable:    2840620 kB
Buffers:            4872 kB
Cached:          1594072 kB
SwapCached:            0 kB
Active:          1252732 kB
Inactive:        1421208 kB
Active(anon):    1081548 kB
Inactive(anon):    17796 kB
Active(file):     171184 kB
Inactive(file):  1403412 kB
Unevictable:        5632 kB
Mlocked:            5632 kB
SwapTotal:       3670008 kB
SwapFree:        3670008 kB
Dirty:               252 kB
Writeback:             0 kB
AnonPages:       1080748 kB
Mapped:           814272 kB
Shmem:             19756 kB
KReclaimable:     559412 kB
Slab:             223856 kB
SReclaimable:      68400 kB
SUnreclaim:       155456 kB
KernelStack:       46672 kB
PageTables:        59952 kB
NFS_Unstable:          0 kB
Bounce:                0 kB
WritebackTmp:          0 kB
CommitLimit:     6660208 kB
Committed_AS:   71180796 kB
VmallocTotal:   263061440 kB
VmallocUsed:       87056 kB
VmallocChunk:          0 kB
Percpu:             7648 kB
CmaTotal:         315392 kB
CmaFree:               0 kB
MemTotal:        5980404 kB
MemFree:         1268884 kB
MemAvailable:    2840660 kB
Buffers:            4872 kB
Cached:          1594076 kB
SwapCached:            0 kB
Active:          1253740 kB
Inactive:        1421212 kB
Active(anon):    1082556 kB
Inactive(anon):    17796 kB
Active(file):     171184 kB
Inactive(file):  1403416 kB
Unevictable:        5632 kB
Mlocked:            5632 kB
SwapTotal:       3670008 kB
SwapFree:        3670008 kB
Dirty:               260 kB
Writeback:             0 kB
AnonPages:       1081736 kB
Mapped:           813496 kB
Shmem:             19756 kB
KReclaimable:     559608 kB
Slab:             223840 kB
SReclaimable:      68400 kB
SUnreclaim:       155440 kB
KernelStack:       46688 kB
PageTables:        60060 kB
NFS_Unstable:          0 kB
Bounce:                0 kB
WritebackTmp:          0 kB
CommitLimit:     6660208 kB
Committed_AS:   71182192 kB
VmallocTotal:   263061440 kB
VmallocUsed:       87088 kB
VmallocChunk:          0 kB
Percpu:             7648 kB
CmaTotal:         315392 kB
CmaFree:               0 kB
MemTotal:        5980404 kB
MemFree:         1268112 kB
MemAvailable:    2839888 kB
Buffers:            4872 kB
Cached:          1594108 kB
SwapCached:            0 kB
Active:          1253924 kB
Inactive:        1421240 kB
Active(anon):    1082736 kB
Inactive(anon):    17828 kB
Active(file):     171188 kB
Inactive(file):  1403412 kB
Unevictable:        5632 kB
Mlocked:            5632 kB
SwapTotal:       3670008 kB
SwapFree:        3670008 kB
Dirty:               272 kB
Writeback:             0 kB
AnonPages:       1081692 kB
Mapped:           813816 kB
Shmem:             19788 kB
KReclaimable:     559608 kB
Slab:             223852 kB
SReclaimable:      68400 kB
SUnreclaim:       155452 kB
KernelStack:       46708 kB
PageTables:        60024 kB
NFS_Unstable:          0 kB
Bounce:                0 kB
WritebackTmp:          0 kB
CommitLimit:     6660208 kB
Committed_AS:   71181540 kB
VmallocTotal:   263061440 kB
VmallocUsed:       87056 kB
VmallocChunk:          0 kB
Percpu:             7648 kB
CmaTotal:         315392 kB
CmaFree:               0 kB
MemTotal:        5980404 kB
MemFree:         1267304 kB
MemAvailable:    2839104 kB
Buffers:            4872 kB
Cached:          1594120 kB
SwapCached:            0 kB
Active:          1255056 kB
Inactive:        1421248 kB
Active(anon):    1083864 kB
Inactive(anon):    17828 kB
Active(file):     171192 kB
Inactive(file):  1403420 kB
Unevictable:        5632 kB
Mlocked:            5632 kB
SwapTotal:       3670008 kB
SwapFree:        3670008 kB
Dirty:               304 kB
Writeback:             0 kB
AnonPages:       1082804 kB
Mapped:           813692 kB
Shmem:             19788 kB
KReclaimable:     559620 kB
Slab:             223860 kB
SReclaimable:      68412 kB
SUnreclaim:       155448 kB
KernelStack:       46720 kB
PageTables:        60132 kB
NFS_Unstable:          0 kB
Bounce:                0 kB
WritebackTmp:          0 kB
CommitLimit:     6660208 kB
Committed_AS:   71178884 kB
VmallocTotal:   263061440 kB
VmallocUsed:       87104 kB
VmallocChunk:          0 kB
Percpu:             7648 kB
CmaTotal:         315392 kB
CmaFree:               0 kB
MemTotal:        5980404 kB
MemFree:         1267496 kB
MemAvailable:    2839292 kB
Buffers:            4872 kB
Cached:          1594116 kB
SwapCached:            0 kB
Active:          1255548 kB
Inactive:        1421244 kB
Active(anon):    1084356 kB
Inactive(anon):    17828 kB
Active(file):     171192 kB
Inactive(file):  1403416 kB
Unevictable:        5632 kB
Mlocked:            5632 kB
SwapTotal:       3670008 kB
SwapFree:        3670008 kB
Dirty:               312 kB
Writeback:             0 kB
AnonPages:       1083592 kB
Mapped:           813572 kB
Shmem:             19788 kB
KReclaimable:     559620 kB
Slab:             223836 kB
SReclaimable:      68412 kB
SUnreclaim:       155424 kB
KernelStack:       46720 kB
PageTables:        60212 kB
NFS_Unstable:          0 kB
Bounce:                0 kB
WritebackTmp:          0 kB
CommitLimit:     6660208 kB
Committed_AS:   71175484 kB
VmallocTotal:   263061440 kB
VmallocUsed:       87104 kB
VmallocChunk:          0 kB
Percpu:             7648 kB
CmaTotal:         315392 kB
CmaFree:               0 kB
MemTotal:        5980404 kB
MemFree:         1265936 kB
MemAvailable:    2837732 kB
Buffers:            4872 kB
Cached:          1594116 kB
SwapCached:            0 kB
Active:          1256972 kB
Inactive:        1421244 kB
Active(anon):    1085780 kB
Inactive(anon):    17828 kB
Active(file):     171192 kB
Inactive(file):  1403416 kB
Unevictable:        5632 kB
Mlocked:            5632 kB
SwapTotal:       3670008 kB
SwapFree:        3670008 kB
Dirty:               312 kB
Writeback:             0 kB
AnonPages:       1084748 kB
Mapped:           813560 kB
Shmem:             19788 kB
KReclaimable:     559620 kB
Slab:             223900 kB
SReclaimable:      68412 kB
SUnreclaim:       155488 kB
KernelStack:       46704 kB
PageTables:        59976 kB
NFS_Unstable:          0 kB
Bounce:                0 kB
WritebackTmp:          0 kB
CommitLimit:     6660208 kB
Committed_AS:   71177364 kB
VmallocTotal:   263061440 kB
VmallocUsed:       87104 kB
VmallocChunk:          0 kB
Percpu:             7648 kB
CmaTotal:         315392 kB
CmaFree:               0 kB
MemTotal:        5980404 kB
MemFree:         1265432 kB
MemAvailable:    2837348 kB
Buffers:            4872 kB
Cached:          1594224 kB
SwapCached:            0 kB
Active:          1257476 kB
Inactive:        1421352 kB
Active(anon):    1086284 kB
Inactive(anon):    17828 kB
Active(file):     171192 kB
Inactive(file):  1403524 kB
Unevictable:        5632 kB
Mlocked:            5632 kB
SwapTotal:       3670008 kB
SwapFree:        3670008 kB
Dirty:               484 kB
Writeback:             0 kB
AnonPages:       1085252 kB
Mapped:           813576 kB
Shmem:             19788 kB
KReclaimable:     559632 kB
Slab:             223832 kB
SReclaimable:      68424 kB
SUnreclaim:       155408 kB
KernelStack:       46704 kB
PageTables:        59972 kB
NFS_Unstable:          0 kB
Bounce:                0 kB
WritebackTmp:          0 kB
CommitLimit:     6660208 kB
Committed_AS:   71179920 kB
VmallocTotal:   263061440 kB
VmallocUsed:       87088 kB
VmallocChunk:          0 kB
Percpu:             7648 kB
CmaTotal:         315392 kB
CmaFree:               0 kB
MemTotal:        5980404 kB
MemFree:         1265868 kB
MemAvailable:    2837784 kB
Buffers:            4872 kB
Cached:          1594248 kB
SwapCached:            0 kB
Active:          1257764 kB
Inactive:        1421376 kB
Active(anon):    1086572 kB
Inactive(anon):    17852 kB
Active(file):     171192 kB
Inactive(file):  1403524 kB
Unevictable:        5632 kB
Mlocked:            5632 kB
SwapTotal:       3670008 kB
SwapFree:        3670008 kB
Dirty:               484 kB
Writeback:             0 kB
AnonPages:       1085836 kB
Mapped:           813412 kB
Shmem:             19812 kB
KReclaimable:     559632 kB
Slab:             223824 kB
SReclaimable:      68424 kB
SUnreclaim:       155400 kB
KernelStack:       46656 kB
PageTables:        59956 kB
NFS_Unstable:          0 kB
Bounce:                0 kB
WritebackTmp:          0 kB
CommitLimit:     6660208 kB
Committed_AS:   71179168 kB
VmallocTotal:   263061440 kB
VmallocUsed:       87088 kB
VmallocChunk:          0 kB
Percpu:             7648 kB
CmaTotal:         315392 kB
CmaFree:               0 kB
MemTotal:        5980404 kB
MemFree:         1264468 kB
MemAvailable:    2836428 kB
Buffers:            4876 kB
Cached:          1594288 kB
SwapCached:            0 kB
Active:          1258412 kB
Inactive:        1421416 kB
Active(anon):    1087220 kB
Inactive(anon):    17852 kB
Active(file):     171192 kB
Inactive(file):  1403564 kB
Unevictable:        5632 kB
Mlocked:            5632 kB
SwapTotal:       3670008 kB
SwapFree:        3670008 kB
Dirty:               556 kB
Writeback:             0 kB
AnonPages:       1086712 kB
Mapped:           813716 kB
Shmem:             19812 kB
KReclaimable:     559636 kB
Slab:             223868 kB
SReclaimable:      68428 kB
SUnreclaim:       155440 kB
KernelStack:       46672 kB
PageTables:        60004 kB
NFS_Unstable:          0 kB
Bounce:                0 kB
WritebackTmp:          0 kB
CommitLimit:     6660208 kB
Committed_AS:   71179180 kB
VmallocTotal:   263061440 kB
VmallocUsed:       87120 kB
VmallocChunk:          0 kB
Percpu:             7648 kB
CmaTotal:         315392 kB
CmaFree:               0 kB
MemTotal:        5980404 kB
MemFree:         1263508 kB
MemAvailable:    2835752 kB
Buffers:            4876 kB
Cached:          1594376 kB
SwapCached:            0 kB
Active:          1259412 kB
Inactive:        1421504 kB
Active(anon):    1088216 kB
Inactive(anon):    17856 kB
Active(file):     171196 kB
Inactive(file):  1403648 kB
Unevictable:        5632 kB
Mlocked:            5632 kB
SwapTotal:       3670008 kB
SwapFree:        3670008 kB
Dirty:               380 kB
Writeback:             0 kB
AnonPages:       1087332 kB
Mapped:           813944 kB
Shmem:             19816 kB
KReclaimable:     559832 kB
Slab:             223836 kB
SReclaimable:      68428 kB
SUnreclaim:       155408 kB
KernelStack:       46704 kB
PageTables:        59928 kB
NFS_Unstable:          0 kB
Bounce:                0 kB
WritebackTmp:          0 kB
CommitLimit:     6660208 kB
Committed_AS:   71178880 kB
VmallocTotal:   263061440 kB
VmallocUsed:       87120 kB
VmallocChunk:          0 kB
Percpu:             7648 kB
CmaTotal:         315392 kB
CmaFree:               0 kB
MemTotal:        5980404 kB
MemFree:         1261264 kB
MemAvailable:    2833516 kB
Buffers:            4876 kB
Cached:          1594384 kB
SwapCached:            0 kB
Active:          1260240 kB
Inactive:        1421500 kB
Active(anon):    1089032 kB
Inactive(anon):    17856 kB
Active(file):     171208 kB
Inactive(file):  1403644 kB
Unevictable:        5632 kB
Mlocked:            5632 kB
SwapTotal:       3670008 kB
SwapFree:        3670008 kB
Dirty:               388 kB
Writeback:             0 kB
AnonPages:       1088008 kB
Mapped:           813752 kB
Shmem:             19816 kB
KReclaimable:     559832 kB
Slab:             223908 kB
SReclaimable:      68428 kB
SUnreclaim:       155480 kB
KernelStack:       46704 kB
PageTables:        59888 kB
NFS_Unstable:          0 kB
Bounce:                0 kB
WritebackTmp:          0 kB
CommitLimit:     6660208 kB
Committed_AS:   71183296 kB
VmallocTotal:   263061440 kB
VmallocUsed:       87152 kB
VmallocChunk:          0 kB
Percpu:             7648 kB
CmaTotal:         315392 kB
CmaFree:               0 kB
MemTotal:        5980404 kB
MemFree:         1261196 kB
MemAvailable:    2833440 kB
Buffers:            4876 kB
Cached:          1594376 kB
SwapCached:            0 kB
Active:          1261308 kB
Inactive:        1421496 kB
Active(anon):    1090104 kB
Inactive(anon):    17856 kB
Active(file):     171204 kB
Inactive(file):  1403640 kB
Unevictable:        5632 kB
Mlocked:            5632 kB
SwapTotal:       3670008 kB
SwapFree:        3670008 kB
Dirty:               380 kB
Writeback:             0 kB
AnonPages:       1089108 kB
Mapped:           814112 kB
Shmem:             19816 kB
KReclaimable:     559832 kB
Slab:             223868 kB
SReclaimable:      68428 kB
SUnreclaim:       155440 kB
KernelStack:       46720 kB
PageTables:        60012 kB
NFS_Unstable:          0 kB
Bounce:                0 kB
WritebackTmp:          0 kB
CommitLimit:     6660208 kB
Committed_AS:   71183812 kB
VmallocTotal:   263061440 kB
VmallocUsed:       87152 kB
VmallocChunk:          0 kB
Percpu:             7648 kB
CmaTotal:         315392 kB
CmaFree:               0 kB
MemTotal:        5980404 kB
MemFree:         1259268 kB
MemAvailable:    2831512 kB
Buffers:            4876 kB
Cached:          1594384 kB
SwapCached:            0 kB
Active:          1262536 kB
Inactive:        1421504 kB
Active(anon):    1091332 kB
Inactive(anon):    17864 kB
Active(file):     171204 kB
Inactive(file):  1403640 kB
Unevictable:        5632 kB
Mlocked:            5632 kB
SwapTotal:       3670008 kB
SwapFree:        3670008 kB
Dirty:               380 kB
Writeback:             0 kB
AnonPages:       1090440 kB
Mapped:           813960 kB
Shmem:             19824 kB
KReclaimable:     559832 kB
Slab:             223884 kB
SReclaimable:      68428 kB
SUnreclaim:       155456 kB
KernelStack:       46720 kB
PageTables:        60060 kB
NFS_Unstable:          0 kB
Bounce:                0 kB
WritebackTmp:          0 kB
CommitLimit:     6660208 kB
Committed_AS:   71185456 kB
VmallocTotal:   263061440 kB
VmallocUsed:       87120 kB
VmallocChunk:          0 kB
Percpu:             7648 kB
CmaTotal:         315392 kB
CmaFree:               0 kB
MemTotal:        5980404 kB
MemFree:         1259024 kB
MemAvailable:    2831276 kB
Buffers:            4876 kB
Cached:          1594392 kB
SwapCached:            0 kB
Active:          1263072 kB
Inactive:        1421508 kB
Active(anon):    1091864 kB
Inactive(anon):    17864 kB
Active(file):     171208 kB
Inactive(file):  1403644 kB
Unevictable:        5632 kB
Mlocked:            5632 kB
SwapTotal:       3670008 kB
SwapFree:        3670008 kB
Dirty:               388 kB
Writeback:             0 kB
AnonPages:       1090904 kB
Mapped:           814140 kB
Shmem:             19824 kB
KReclaimable:     559832 kB
Slab:             223868 kB
SReclaimable:      68428 kB
SUnreclaim:       155440 kB
KernelStack:       46752 kB
PageTables:        60112 kB
NFS_Unstable:          0 kB
Bounce:                0 kB
WritebackTmp:          0 kB
CommitLimit:     6660208 kB
Committed_AS:   71182184 kB
VmallocTotal:   263061440 kB
VmallocUsed:       87152 kB
VmallocChunk:          0 kB
Percpu:             7648 kB
CmaTotal:         315392 kB
CmaFree:               0 kB
MemTotal:        5980404 kB
MemFree:         1259476 kB
MemAvailable:    2831728 kB
Buffers:            4876 kB
Cached:          1594396 kB
SwapCached:            0 kB
Active:          1262796 kB
Inactive:        1421516 kB
Active(anon):    1091592 kB
Inactive(anon):    17876 kB
Active(file):     171204 kB
Inactive(file):  1403640 kB
Unevictable:        5632 kB
Mlocked:            5632 kB
SwapTotal:       3670008 kB
SwapFree:        3670008 kB
Dirty:               380 kB
Writeback:             0 kB
AnonPages:       1091016 kB
Mapped:           813904 kB
Shmem:             19836 kB
KReclaimable:     559840 kB
Slab:             223896 kB
SReclaimable:      68436 kB
SUnreclaim:       155460 kB
KernelStack:       46704 kB
PageTables:        59816 kB
NFS_Unstable:          0 kB
Bounce:                0 kB
WritebackTmp:          0 kB
CommitLimit:     6660208 kB
Committed_AS:   71177892 kB
VmallocTotal:   263061440 kB
VmallocUsed:       87072 kB
VmallocChunk:          0 kB
Percpu:             7648 kB
CmaTotal:         315392 kB
CmaFree:               0 kB
MemTotal:        5980404 kB
MemFree:         1255792 kB
MemAvailable:    2828020 kB
Buffers:            4876 kB
Cached:          1594416 kB
SwapCached:            0 kB
Active:          1265396 kB
Inactive:        1421536 kB
Active(anon):    1094192 kB
Inactive(anon):    17896 kB
Active(file):     171204 kB
Inactive(file):  1403640 kB
Unevictable:        5632 kB
Mlocked:            5632 kB
SwapTotal:       3670008 kB
SwapFree:        3670008 kB
Dirty:               380 kB
Writeback:             0 kB
AnonPages:       1093060 kB
Mapped:           814132 kB
Shmem:             19856 kB
KReclaimable:     559816 kB
Slab:             223880 kB
SReclaimable:      68412 kB
SUnreclaim:       155468 kB
KernelStack:       46752 kB
PageTables:        59996 kB
NFS_Unstable:          0 kB
Bounce:                0 kB
WritebackTmp:          0 kB
CommitLimit:     6660208 kB
Committed_AS:   71183240 kB
VmallocTotal:   263061440 kB
VmallocUsed:       87072 kB
VmallocChunk:          0 kB
Percpu:             7648 kB
CmaTotal:         315392 kB
CmaFree:               0 kB
MemTotal:        5980404 kB
MemFree:         1253480 kB
MemAvailable:    2825724 kB
Buffers:            4876 kB
Cached:          1594492 kB
SwapCached:            0 kB
Active:          1267336 kB
Inactive:        1421612 kB
Active(anon):    1096132 kB
Inactive(anon):    17972 kB
Active(file):     171204 kB
Inactive(file):  1403640 kB
Unevictable:        5632 kB
Mlocked:            5632 kB
SwapTotal:       3670008 kB
SwapFree:        3670008 kB
Dirty:               380 kB
Writeback:             0 kB
AnonPages:       1095088 kB
Mapped:           814232 kB
Shmem:             19932 kB
KReclaimable:     559832 kB
Slab:             223944 kB
SReclaimable:      68428 kB
SUnreclaim:       155516 kB
KernelStack:       46880 kB
PageTables:        59896 kB
NFS_Unstable:          0 kB
Bounce:                0 kB
WritebackTmp:          0 kB
CommitLimit:     6660208 kB
Committed_AS:   71182684 kB
VmallocTotal:   263061440 kB
VmallocUsed:       87200 kB
VmallocChunk:          0 kB
Percpu:             7648 kB
CmaTotal:         315392 kB
CmaFree:               0 kB
MemTotal:        5980404 kB
MemFree:         1265872 kB
MemAvailable:    2838116 kB
Buffers:            4876 kB
Cached:          1594492 kB
SwapCached:            0 kB
Active:          1254436 kB
Inactive:        1421608 kB
Active(anon):    1083228 kB
Inactive(anon):    17972 kB
Active(file):     171208 kB
Inactive(file):  1403636 kB
Unevictable:        5632 kB
Mlocked:            5632 kB
SwapTotal:       3670008 kB
SwapFree:        3670008 kB
Dirty:               380 kB
Writeback:             0 kB
AnonPages:       1082472 kB
Mapped:           814408 kB
Shmem:             19932 kB
KReclaimable:     559832 kB
Slab:             223936 kB
SReclaimable:      68428 kB
SUnreclaim:       155508 kB
KernelStack:       46912 kB
PageTables:        60064 kB
NFS_Unstable:          0 kB
Bounce:                0 kB
WritebackTmp:          0 kB
CommitLimit:     6660208 kB
Committed_AS:   71186616 kB
VmallocTotal:   263061440 kB
VmallocUsed:       87296 kB
VmallocChunk:          0 kB
Percpu:             7648 kB
CmaTotal:         315392 kB
CmaFree:               0 kB
MemTotal:        5980404 kB
MemFree:         1266068 kB
MemAvailable:    2838412 kB
Buffers:            4876 kB
Cached:          1594584 kB
SwapCached:            0 kB
Active:          1255088 kB
Inactive:        1421700 kB
Active(anon):    1083880 kB
Inactive(anon):    17972 kB
Active(file):     171208 kB
Inactive(file):  1403728 kB
Unevictable:        5632 kB
Mlocked:            5632 kB
SwapTotal:       3670008 kB
SwapFree:        3670008 kB
Dirty:               472 kB
Writeback:             0 kB
AnonPages:       1082916 kB
Mapped:           814176 kB
Shmem:             19932 kB
KReclaimable:     559840 kB
Slab:             223920 kB
SReclaimable:      68436 kB
SUnreclaim:       155484 kB
KernelStack:       46896 kB
PageTables:        60024 kB
NFS_Unstable:          0 kB
Bounce:                0 kB
WritebackTmp:          0 kB
CommitLimit:     6660208 kB
Committed_AS:   71186504 kB
VmallocTotal:   263061440 kB
VmallocUsed:       87248 kB
VmallocChunk:          0 kB
Percpu:             7648 kB
CmaTotal:         315392 kB
CmaFree:               0 kB
MemTotal:        5980404 kB
MemFree:         1265616 kB
MemAvailable:    2837964 kB
Buffers:            4876 kB
Cached:          1594588 kB
SwapCached:            0 kB
Active:          1256548 kB
Inactive:        1421700 kB
Active(anon):    1085336 kB
Inactive(anon):    17972 kB
Active(file):     171212 kB
Inactive(file):  1403728 kB
Unevictable:        5632 kB
Mlocked:            5632 kB
SwapTotal:       3670008 kB
SwapFree:        3670008 kB
Dirty:               488 kB
Writeback:             0 kB
AnonPages:       1084388 kB
Mapped:           814532 kB
Shmem:             19932 kB
KReclaimable:     559840 kB
Slab:             223928 kB
SReclaimable:      68436 kB
SUnreclaim:       155492 kB
KernelStack:       46908 kB
PageTables:        60168 kB
NFS_Unstable:          0 kB
Bounce:                0 kB
WritebackTmp:          0 kB
CommitLimit:     6660208 kB
Committed_AS:   71185968 kB
VmallocTotal:   263061440 kB
VmallocUsed:       87280 kB
VmallocChunk:          0 kB
Percpu:             7648 kB
CmaTotal:         315392 kB
CmaFree:               0 kB
MemTotal:        5980404 kB
MemFree:         1265212 kB
MemAvailable:    2837552 kB
Buffers:            4876 kB
Cached:          1594596 kB
SwapCached:            0 kB
Active:          1256524 kB
Inactive:        1421704 kB
Active(anon):    1085308 kB
Inactive(anon):    17972 kB
Active(file):     171216 kB
Inactive(file):  1403732 kB
Unevictable:        5632 kB
Mlocked:            5632 kB
SwapTotal:       3670008 kB
SwapFree:        3670008 kB
Dirty:               496 kB
Writeback:             0 kB
AnonPages:       1084572 kB
Mapped:           814340 kB
Shmem:             19932 kB
KReclaimable:     559824 kB
Slab:             223872 kB
SReclaimable:      68420 kB
SUnreclaim:       155452 kB
KernelStack:       46912 kB
PageTables:        60116 kB
NFS_Unstable:          0 kB
Bounce:                0 kB
WritebackTmp:          0 kB
CommitLimit:     6660208 kB
Committed_AS:   71183988 kB
VmallocTotal:   263061440 kB
VmallocUsed:       87280 kB
VmallocChunk:          0 kB
Percpu:             7648 kB
CmaTotal:         315392 kB
CmaFree:               0 kB
MemTotal:        5980404 kB
MemFree:         1264976 kB
MemAvailable:    2837300 kB
Buffers:            4876 kB
Cached:          1594596 kB
SwapCached:            0 kB
Active:          1257120 kB
Inactive:        1421704 kB
Active(anon):    1085904 kB
Inactive(anon):    17972 kB
Active(file):     171216 kB
Inactive(file):  1403732 kB
Unevictable:        5632 kB
Mlocked:            5632 kB
SwapTotal:       3670008 kB
SwapFree:        3670008 kB
Dirty:               496 kB
Writeback:             0 kB
AnonPages:       1085148 kB
Mapped:           814364 kB
Shmem:             19932 kB
KReclaimable:     559808 kB
Slab:             223960 kB
SReclaimable:      68404 kB
SUnreclaim:       155556 kB
KernelStack:       46864 kB
PageTables:        59932 kB
NFS_Unstable:          0 kB
Bounce:                0 kB
WritebackTmp:          0 kB
CommitLimit:     6660208 kB
Committed_AS:   71185256 kB
VmallocTotal:   263061440 kB
VmallocUsed:       87264 kB
VmallocChunk:          0 kB
Percpu:             7648 kB
CmaTotal:         315392 kB
CmaFree:               0 kB
MemTotal:        5980404 kB
MemFree:         1262040 kB
MemAvailable:    2834376 kB
Buffers:            4876 kB
Cached:          1594612 kB
SwapCached:            0 kB
Active:          1257936 kB
Inactive:        1421712 kB
Active(anon):    1086712 kB
Inactive(anon):    17980 kB
Active(file):     171224 kB
Inactive(file):  1403732 kB
Unevictable:        5632 kB
Mlocked:            5632 kB
SwapTotal:       3670008 kB
SwapFree:        3670008 kB
Dirty:               496 kB
Writeback:             0 kB
AnonPages:       1085788 kB
Mapped:           814344 kB
Shmem:             19940 kB
KReclaimable:     559812 kB
Slab:             223956 kB
SReclaimable:      68408 kB
SUnreclaim:       155548 kB
KernelStack:       46976 kB
PageTables:        60244 kB
NFS_Unstable:          0 kB
Bounce:                0 kB
WritebackTmp:          0 kB
CommitLimit:     6660208 kB
Committed_AS:   71183908 kB
VmallocTotal:   263061440 kB
VmallocUsed:       87280 kB
VmallocChunk:          0 kB
Percpu:             7648 kB
CmaTotal:         315392 kB
CmaFree:               0 kB
MemTotal:        5980404 kB
MemFree:         1262496 kB
MemAvailable:    2834872 kB
Buffers:            4884 kB
Cached:          1594628 kB
SwapCached:            0 kB
Active:          1258540 kB
Inactive:        1421728 kB
Active(anon):    1087308 kB
Inactive(anon):    17980 kB
Active(file):     171232 kB
Inactive(file):  1403748 kB
Unevictable:        5632 kB
Mlocked:            5632 kB
SwapTotal:       3670008 kB
SwapFree:        3670008 kB
Dirty:               464 kB
Writeback:             0 kB
AnonPages:       1086664 kB
Mapped:           814436 kB
Shmem:             19940 kB
KReclaimable:     559828 kB
Slab:             223852 kB
SReclaimable:      68424 kB
SUnreclaim:       155428 kB
KernelStack:       46880 kB
PageTables:        60028 kB
NFS_Unstable:          0 kB
Bounce:                0 kB
WritebackTmp:          0 kB
CommitLimit:     6660208 kB
Committed_AS:   71184964 kB
VmallocTotal:   263061440 kB
VmallocUsed:       87264 kB
VmallocChunk:          0 kB
Percpu:             7648 kB
CmaTotal:         315392 kB
CmaFree:               0 kB
MemTotal:        5980404 kB
MemFree:         1262232 kB
MemAvailable:    2834628 kB
Buffers:            4884 kB
Cached:          1594636 kB
SwapCached:            0 kB
Active:          1259828 kB
Inactive:        1421736 kB
Active(anon):    1088596 kB
Inactive(anon):    17984 kB
Active(file):     171232 kB
Inactive(file):  1403752 kB
Unevictable:        5632 kB
Mlocked:            5632 kB
SwapTotal:       3670008 kB
SwapFree:        3670008 kB
Dirty:               468 kB
Writeback:             0 kB
AnonPages:       1087768 kB
Mapped:           814444 kB
Shmem:             19944 kB
KReclaimable:     559844 kB
Slab:             223892 kB
SReclaimable:      68440 kB
SUnreclaim:       155452 kB
KernelStack:       46864 kB
PageTables:        59976 kB
NFS_Unstable:          0 kB
Bounce:                0 kB
WritebackTmp:          0 kB
CommitLimit:     6660208 kB
Committed_AS:   71186288 kB
VmallocTotal:   263061440 kB
VmallocUsed:       87296 kB
VmallocChunk:          0 kB
Percpu:             7648 kB
CmaTotal:         315392 kB
CmaFree:               8 kB
MemTotal:        5980404 kB
MemFree:         1262468 kB
MemAvailable:    2834864 kB
Buffers:            4884 kB
Cached:          1594636 kB
SwapCached:            0 kB
Active:          1260252 kB
Inactive:        1421736 kB
Active(anon):    1089020 kB
Inactive(anon):    17984 kB
Active(file):     171232 kB
Inactive(file):  1403752 kB
Unevictable:        5632 kB
Mlocked:            5632 kB
SwapTotal:       3670008 kB
SwapFree:        3670008 kB
Dirty:               468 kB
Writeback:             0 kB
AnonPages:       1087992 kB
Mapped:           813928 kB
Shmem:             19944 kB
KReclaimable:     559844 kB
Slab:             223916 kB
SReclaimable:      68440 kB
SUnreclaim:       155476 kB
KernelStack:       46880 kB
PageTables:        60028 kB
NFS_Unstable:          0 kB
Bounce:                0 kB
WritebackTmp:          0 kB
CommitLimit:     6660208 kB
Committed_AS:   71186620 kB
VmallocTotal:   263061440 kB
VmallocUsed:       87280 kB
VmallocChunk:          0 kB
Percpu:             7648 kB
CmaTotal:         315392 kB
CmaFree:               0 kB
MemTotal:        5980404 kB
MemFree:         1260468 kB
MemAvailable:    2832872 kB
Buffers:            4884 kB
Cached:          1594636 kB
SwapCached:            0 kB
Active:          1260932 kB
Inactive:        1421736 kB
Active(anon):    1089700 kB
Inactive(anon):    17984 kB
Active(file):     171232 kB
Inactive(file):  1403752 kB
Unevictable:        5632 kB
Mlocked:            5632 kB
SwapTotal:       3670008 kB
SwapFree:        3670008 kB
Dirty:               468 kB
Writeback:             0 kB
AnonPages:       1088596 kB
Mapped:           813700 kB
Shmem:             19944 kB
KReclaimable:     559852 kB
Slab:             223932 kB
SReclaimable:      68448 kB
SUnreclaim:       155484 kB
KernelStack:       46896 kB
PageTables:        60028 kB
NFS_Unstable:          0 kB
Bounce:                0 kB
WritebackTmp:          0 kB
CommitLimit:     6660208 kB
Committed_AS:   71187056 kB
VmallocTotal:   263061440 kB
VmallocUsed:       87280 kB
VmallocChunk:          0 kB
Percpu:             7648 kB
CmaTotal:         315392 kB
CmaFree:               0 kB
MemTotal:        5980404 kB
MemFree:         1272864 kB
MemAvailable:    2845284 kB
Buffers:            4884 kB
Cached:          1594636 kB
SwapCached:            0 kB
Active:          1248196 kB
Inactive:        1421732 kB
Active(anon):    1076960 kB
Inactive(anon):    17984 kB
Active(file):     171236 kB
Inactive(file):  1403748 kB
Unevictable:        5632 kB
Mlocked:            5632 kB
SwapTotal:       3670008 kB
SwapFree:        3670008 kB
Dirty:               468 kB
Writeback:             0 kB
AnonPages:       1076128 kB
Mapped:           813508 kB
Shmem:             19944 kB
KReclaimable:     559868 kB
Slab:             224012 kB
SReclaimable:      68464 kB
SUnreclaim:       155548 kB
KernelStack:       46880 kB
PageTables:        59900 kB
NFS_Unstable:          0 kB
Bounce:                0 kB
WritebackTmp:          0 kB
CommitLimit:     6660208 kB
Committed_AS:   71185956 kB
VmallocTotal:   263061440 kB
VmallocUsed:       87312 kB
VmallocChunk:          0 kB
Percpu:             7648 kB
CmaTotal:         315392 kB
CmaFree:             360 kB
MemTotal:        5980404 kB
MemFree:         1271836 kB
MemAvailable:    2844256 kB
Buffers:            4884 kB
Cached:          1594640 kB
SwapCached:            0 kB
Active:          1249484 kB
Inactive:        1421736 kB
Active(anon):    1078248 kB
Inactive(anon):    17988 kB
Active(file):     171236 kB
Inactive(file):  1403748 kB
Unevictable:        5632 kB
Mlocked:            5632 kB
SwapTotal:       3670008 kB
SwapFree:        3670008 kB
Dirty:               468 kB
Writeback:             0 kB
AnonPages:       1077384 kB
Mapped:           813756 kB
Shmem:             19948 kB
KReclaimable:     559868 kB
Slab:             223908 kB
SReclaimable:      68464 kB
SUnreclaim:       155444 kB
KernelStack:       46944 kB
PageTables:        60068 kB
NFS_Unstable:          0 kB
Bounce:                0 kB
WritebackTmp:          0 kB
CommitLimit:     6660208 kB
Committed_AS:   71186496 kB
VmallocTotal:   263061440 kB
VmallocUsed:       87296 kB
VmallocChunk:          0 kB
Percpu:             7648 kB
CmaTotal:         315392 kB
CmaFree:               0 kB
MemTotal:        5980404 kB
MemFree:         1270028 kB
MemAvailable:    2842448 kB
Buffers:            4884 kB
Cached:          1594640 kB
SwapCached:            0 kB
Active:          1250804 kB
Inactive:        1421736 kB
Active(anon):    1079568 kB
Inactive(anon):    17988 kB
Active(file):     171236 kB
Inactive(file):  1403748 kB
Unevictable:        5632 kB
Mlocked:            5632 kB
SwapTotal:       3670008 kB
SwapFree:        3670008 kB
Dirty:               296 kB
Writeback:             0 kB
AnonPages:       1078696 kB
Mapped:           813836 kB
Shmem:             19948 kB
KReclaimable:     559868 kB
Slab:             223944 kB
SReclaimable:      68464 kB
SUnreclaim:       155480 kB
KernelStack:       46896 kB
PageTables:        60044 kB
NFS_Unstable:          0 kB
Bounce:                0 kB
WritebackTmp:          0 kB
CommitLimit:     6660208 kB
Committed_AS:   71187204 kB
VmallocTotal:   263061440 kB
VmallocUsed:       87312 kB
VmallocChunk:          0 kB
Percpu:             7648 kB
CmaTotal:         315392 kB
CmaFree:               0 kB
MemTotal:        5980404 kB
MemFree:         1270328 kB
MemAvailable:    2842740 kB
Buffers:            4884 kB
Cached:          1594640 kB
SwapCached:            0 kB
Active:          1251276 kB
Inactive:        1421736 kB
Active(anon):    1080040 kB
Inactive(anon):    17988 kB
Active(file):     171236 kB
Inactive(file):  1403748 kB
Unevictable:        5632 kB
Mlocked:            5632 kB
SwapTotal:       3670008 kB
SwapFree:        3670008 kB
Dirty:               296 kB
Writeback:             0 kB
AnonPages:       1079112 kB
Mapped:           813628 kB
Shmem:             19948 kB
KReclaimable:     559860 kB
Slab:             223976 kB
SReclaimable:      68456 kB
SUnreclaim:       155520 kB
KernelStack:       46928 kB
PageTables:        59948 kB
NFS_Unstable:          0 kB
Bounce:                0 kB
WritebackTmp:          0 kB
CommitLimit:     6660208 kB
Committed_AS:   71183008 kB
VmallocTotal:   263061440 kB
VmallocUsed:       87344 kB
VmallocChunk:          0 kB
Percpu:             7648 kB
CmaTotal:         315392 kB
CmaFree:               0 kB
MemTotal:        5980404 kB
MemFree:         1268924 kB
MemAvailable:    2841320 kB
Buffers:            4884 kB
Cached:          1594640 kB
SwapCached:            0 kB
Active:          1253416 kB
Inactive:        1421736 kB
Active(anon):    1082180 kB
Inactive(anon):    17988 kB
Active(file):     171236 kB
Inactive(file):  1403748 kB
Unevictable:        5632 kB
Mlocked:            5632 kB
SwapTotal:       3670008 kB
SwapFree:        3670008 kB
Dirty:               296 kB
Writeback:             0 kB
AnonPages:       1081020 kB
Mapped:           813652 kB
Shmem:             19948 kB
KReclaimable:     559844 kB
Slab:             223928 kB
SReclaimable:      68440 kB
SUnreclaim:       155488 kB
KernelStack:       46896 kB
PageTables:        60172 kB
NFS_Unstable:          0 kB
Bounce:                0 kB
WritebackTmp:          0 kB
CommitLimit:     6660208 kB
Committed_AS:   71192408 kB
VmallocTotal:   263061440 kB
VmallocUsed:       87360 kB
VmallocChunk:          0 kB
Percpu:             7648 kB
CmaTotal:         315392 kB
CmaFree:             124 kB
MemTotal:        5980404 kB
MemFree:         1267608 kB
MemAvailable:    2840036 kB
Buffers:            4884 kB
Cached:          1594652 kB
SwapCached:            0 kB
Active:          1254276 kB
Inactive:        1421748 kB
Active(anon):    1083040 kB
Inactive(anon):    18000 kB
Active(file):     171236 kB
Inactive(file):  1403748 kB
Unevictable:        5632 kB
Mlocked:            5632 kB
SwapTotal:       3670008 kB
SwapFree:        3670008 kB
Dirty:               296 kB
Writeback:             0 kB
AnonPages:       1082348 kB
Mapped:           813808 kB
Shmem:             19960 kB
KReclaimable:     559876 kB
Slab:             223888 kB
SReclaimable:      68472 kB
SUnreclaim:       155416 kB
KernelStack:       47008 kB
PageTables:        60152 kB
NFS_Unstable:          0 kB
Bounce:                0 kB
WritebackTmp:          0 kB
CommitLimit:     6660208 kB
Committed_AS:   71190120 kB
VmallocTotal:   263061440 kB
VmallocUsed:       87424 kB
VmallocChunk:          0 kB
Percpu:             7648 kB
CmaTotal:         315392 kB
CmaFree:               0 kB
MemTotal:        5980404 kB
MemFree:         1266576 kB
MemAvailable:    2838988 kB
Buffers:            4884 kB
Cached:          1594652 kB
SwapCached:            0 kB
Active:          1255236 kB
Inactive:        1421748 kB
Active(anon):    1084000 kB
Inactive(anon):    18000 kB
Active(file):     171236 kB
Inactive(file):  1403748 kB
Unevictable:        5632 kB
Mlocked:            5632 kB
SwapTotal:       3670008 kB
SwapFree:        3670008 kB
Dirty:               296 kB
Writeback:             0 kB
AnonPages:       1082992 kB
Mapped:           813792 kB
Shmem:             19960 kB
KReclaimable:     559860 kB
Slab:             223904 kB
SReclaimable:      68456 kB
SUnreclaim:       155448 kB
KernelStack:       47024 kB
PageTables:        59984 kB
NFS_Unstable:          0 kB
Bounce:                0 kB
WritebackTmp:          0 kB
CommitLimit:     6660208 kB
Committed_AS:   71191732 kB
VmallocTotal:   263061440 kB
VmallocUsed:       87408 kB
VmallocChunk:          0 kB
Percpu:             7648 kB
CmaTotal:         315392 kB
CmaFree:               0 kB
MemTotal:        5980404 kB
MemFree:         1265008 kB
MemAvailable:    2837412 kB
Buffers:            4884 kB
Cached:          1594660 kB
SwapCached:            0 kB
Active:          1256432 kB
Inactive:        1421756 kB
Active(anon):    1085196 kB
Inactive(anon):    18000 kB
Active(file):     171236 kB
Inactive(file):  1403756 kB
Unevictable:        5632 kB
Mlocked:            5632 kB
SwapTotal:       3670008 kB
SwapFree:        3670008 kB
Dirty:               312 kB
Writeback:             0 kB
AnonPages:       1084136 kB
Mapped:           813764 kB
Shmem:             19960 kB
KReclaimable:     559844 kB
Slab:             223720 kB
SReclaimable:      68440 kB
SUnreclaim:       155280 kB
KernelStack:       46992 kB
PageTables:        60168 kB
NFS_Unstable:          0 kB
Bounce:                0 kB
WritebackTmp:          0 kB
CommitLimit:     6660208 kB
Committed_AS:   71191020 kB
VmallocTotal:   263061440 kB
VmallocUsed:       87424 kB
VmallocChunk:          0 kB
Percpu:             7648 kB
CmaTotal:         315392 kB
CmaFree:               0 kB
MemTotal:        5980404 kB
MemFree:         1264944 kB
MemAvailable:    2837364 kB
Buffers:            4884 kB
Cached:          1594660 kB
SwapCached:            0 kB
Active:          1257004 kB
Inactive:        1421756 kB
Active(anon):    1085768 kB
Inactive(anon):    18000 kB
Active(file):     171236 kB
Inactive(file):  1403756 kB
Unevictable:        5632 kB
Mlocked:            5632 kB
SwapTotal:       3670008 kB
SwapFree:        3670008 kB
Dirty:               312 kB
Writeback:             0 kB
AnonPages:       1084944 kB
Mapped:           813880 kB
Shmem:             19960 kB
KReclaimable:     559860 kB
Slab:             224040 kB
SReclaimable:      68456 kB
SUnreclaim:       155584 kB
KernelStack:       46992 kB
PageTables:        60048 kB
NFS_Unstable:          0 kB
Bounce:                0 kB
WritebackTmp:          0 kB
CommitLimit:     6660208 kB
Committed_AS:   71190828 kB
VmallocTotal:   263061440 kB
VmallocUsed:       87392 kB
VmallocChunk:          0 kB
Percpu:             7648 kB
CmaTotal:         315392 kB
CmaFree:               0 kB
MemTotal:        5980404 kB
MemFree:         1263600 kB
MemAvailable:    2836020 kB
Buffers:            4884 kB
Cached:          1594660 kB
SwapCached:            0 kB
Active:          1257924 kB
Inactive:        1421756 kB
Active(anon):    1086688 kB
Inactive(anon):    18000 kB
Active(file):     171236 kB
Inactive(file):  1403756 kB
Unevictable:        5632 kB
Mlocked:            5632 kB
SwapTotal:       3670008 kB
SwapFree:        3670008 kB
Dirty:               312 kB
Writeback:             0 kB
AnonPages:       1085688 kB
Mapped:           813716 kB
Shmem:             19960 kB
KReclaimable:     559860 kB
Slab:             223896 kB
SReclaimable:      68456 kB
SUnreclaim:       155440 kB
KernelStack:       46988 kB
PageTables:        60160 kB
NFS_Unstable:          0 kB
Bounce:                0 kB
WritebackTmp:          0 kB
CommitLimit:     6660208 kB
Committed_AS:   71191752 kB
VmallocTotal:   263061440 kB
VmallocUsed:       87408 kB
VmallocChunk:          0 kB
Percpu:             7648 kB
CmaTotal:         315392 kB
CmaFree:               0 kB
MemTotal:        5980404 kB
MemFree:         1263748 kB
MemAvailable:    2836204 kB
Buffers:            4884 kB
Cached:          1594700 kB
SwapCached:            0 kB
Active:          1258756 kB
Inactive:        1421792 kB
Active(anon):    1087516 kB
Inactive(anon):    18004 kB
Active(file):     171240 kB
Inactive(file):  1403788 kB
Unevictable:        5632 kB
Mlocked:            5632 kB
SwapTotal:       3670008 kB
SwapFree:        3670008 kB
Dirty:               324 kB
Writeback:             0 kB
AnonPages:       1086620 kB
Mapped:           813884 kB
Shmem:             19964 kB
KReclaimable:     559860 kB
Slab:             224016 kB
SReclaimable:      68456 kB
SUnreclaim:       155560 kB
KernelStack:       47040 kB
PageTables:        60176 kB
NFS_Unstable:          0 kB
Bounce:                0 kB
WritebackTmp:          0 kB
CommitLimit:     6660208 kB
Committed_AS:   71188628 kB
VmallocTotal:   263061440 kB
VmallocUsed:       87392 kB
VmallocChunk:          0 kB
Percpu:             7648 kB
CmaTotal:         315392 kB
CmaFree:              20 kB
MemTotal:        5980404 kB
MemFree:         1262960 kB
MemAvailable:    2835396 kB
Buffers:            4884 kB
Cached:          1594664 kB
SwapCached:            0 kB
Active:          1259200 kB
Inactive:        1421760 kB
Active(anon):    1087964 kB
Inactive(anon):    18004 kB
Active(file):     171236 kB
Inactive(file):  1403756 kB
Unevictable:        5632 kB
Mlocked:            5632 kB
SwapTotal:       3670008 kB
SwapFree:        3670008 kB
Dirty:               328 kB
Writeback:             0 kB
AnonPages:       1086920 kB
Mapped:           813884 kB
Shmem:             19964 kB
KReclaimable:     559876 kB
Slab:             223952 kB
SReclaimable:      68472 kB
SUnreclaim:       155480 kB
KernelStack:       47024 kB
PageTables:        60064 kB
NFS_Unstable:          0 kB
Bounce:                0 kB
WritebackTmp:          0 kB
CommitLimit:     6660208 kB
Committed_AS:   71191948 kB
VmallocTotal:   263061440 kB
VmallocUsed:       87360 kB
VmallocChunk:          0 kB
Percpu:             7648 kB
CmaTotal:         315392 kB
CmaFree:               0 kB
MemTotal:        5980404 kB
MemFree:         1262632 kB
MemAvailable:    2835084 kB
Buffers:            4892 kB
Cached:          1594672 kB
SwapCached:            0 kB
Active:          1259812 kB
Inactive:        1421768 kB
Active(anon):    1088568 kB
Inactive(anon):    18004 kB
Active(file):     171244 kB
Inactive(file):  1403764 kB
Unevictable:        5632 kB
Mlocked:            5632 kB
SwapTotal:       3670008 kB
SwapFree:        3670008 kB
Dirty:               332 kB
Writeback:             0 kB
AnonPages:       1087764 kB
Mapped:           813588 kB
Shmem:             19964 kB
KReclaimable:     559876 kB
Slab:             224000 kB
SReclaimable:      68472 kB
SUnreclaim:       155528 kB
KernelStack:       46992 kB
PageTables:        60008 kB
NFS_Unstable:          0 kB
Bounce:                0 kB
WritebackTmp:          0 kB
CommitLimit:     6660208 kB
Committed_AS:   71192184 kB
VmallocTotal:   263061440 kB
VmallocUsed:       87344 kB
VmallocChunk:          0 kB
Percpu:             7648 kB
CmaTotal:         315392 kB
CmaFree:               0 kB
MemTotal:        5980404 kB
MemFree:         1273008 kB
MemAvailable:    2845448 kB
Buffers:            4892 kB
Cached:          1594676 kB
SwapCached:            0 kB
Active:          1248180 kB
Inactive:        1421772 kB
Active(anon):    1076936 kB
Inactive(anon):    18004 kB
Active(file):     171244 kB
Inactive(file):  1403768 kB
Unevictable:        5632 kB
Mlocked:            5632 kB
SwapTotal:       3670008 kB
SwapFree:        3670008 kB
Dirty:               312 kB
Writeback:             0 kB
AnonPages:       1075892 kB
Mapped:           813656 kB
Shmem:             19964 kB
KReclaimable:     559860 kB
Slab:             223944 kB
SReclaimable:      68456 kB
SUnreclaim:       155488 kB
KernelStack:       47008 kB
PageTables:        60048 kB
NFS_Unstable:          0 kB
Bounce:                0 kB
WritebackTmp:          0 kB
CommitLimit:     6660208 kB
Committed_AS:   71189700 kB
VmallocTotal:   263061440 kB
VmallocUsed:       87408 kB
VmallocChunk:          0 kB
Percpu:             7648 kB
CmaTotal:         315392 kB
CmaFree:              40 kB
MemTotal:        5980404 kB
MemFree:         1271560 kB
MemAvailable:    2844000 kB
Buffers:            4892 kB
Cached:          1594676 kB
SwapCached:            0 kB
Active:          1249108 kB
Inactive:        1421764 kB
Active(anon):    1077856 kB
Inactive(anon):    18004 kB
Active(file):     171252 kB
Inactive(file):  1403760 kB
Unevictable:        5632 kB
Mlocked:            5632 kB
SwapTotal:       3670008 kB
SwapFree:        3670008 kB
Dirty:               308 kB
Writeback:             0 kB
AnonPages:       1077100 kB
Mapped:           813748 kB
Shmem:             19964 kB
KReclaimable:     559860 kB
Slab:             224008 kB
SReclaimable:      68456 kB
SUnreclaim:       155552 kB
KernelStack:       46960 kB
PageTables:        59948 kB
NFS_Unstable:          0 kB
Bounce:                0 kB
WritebackTmp:          0 kB
CommitLimit:     6660208 kB
Committed_AS:   71194416 kB
VmallocTotal:   263061440 kB
VmallocUsed:       87392 kB
VmallocChunk:          0 kB
Percpu:             7648 kB
CmaTotal:         315392 kB
CmaFree:               0 kB
MemTotal:        5980404 kB
MemFree:         1271292 kB
MemAvailable:    2843748 kB
Buffers:            4892 kB
Cached:          1594680 kB
SwapCached:            0 kB
Active:          1249732 kB
Inactive:        1421764 kB
Active(anon):    1078476 kB
Inactive(anon):    18008 kB
Active(file):     171256 kB
Inactive(file):  1403756 kB
Unevictable:        5632 kB
Mlocked:            5632 kB
SwapTotal:       3670008 kB
SwapFree:        3670008 kB
Dirty:               312 kB
Writeback:             0 kB
AnonPages:       1077436 kB
Mapped:           813884 kB
Shmem:             19968 kB
KReclaimable:     559876 kB
Slab:             223952 kB
SReclaimable:      68472 kB
SUnreclaim:       155480 kB
KernelStack:       47008 kB
PageTables:        59984 kB
NFS_Unstable:          0 kB
Bounce:                0 kB
WritebackTmp:          0 kB
CommitLimit:     6660208 kB
Committed_AS:   71191516 kB
VmallocTotal:   263061440 kB
VmallocUsed:       87456 kB
VmallocChunk:          0 kB
Percpu:             7648 kB
CmaTotal:         315392 kB
CmaFree:               0 kB
MemTotal:        5980404 kB
MemFree:         1270448 kB
MemAvailable:    2842888 kB
Buffers:            4892 kB
Cached:          1594680 kB
SwapCached:            0 kB
Active:          1250504 kB
Inactive:        1421764 kB
Active(anon):    1079248 kB
Inactive(anon):    18008 kB
Active(file):     171256 kB
Inactive(file):  1403756 kB
Unevictable:        5632 kB
Mlocked:            5632 kB
SwapTotal:       3670008 kB
SwapFree:        3670008 kB
Dirty:               312 kB
Writeback:             0 kB
AnonPages:       1078300 kB
Mapped:           813952 kB
Shmem:             19968 kB
KReclaimable:     559860 kB
Slab:             223984 kB
SReclaimable:      68456 kB
SUnreclaim:       155528 kB
KernelStack:       46976 kB
PageTables:        59892 kB
NFS_Unstable:          0 kB
Bounce:                0 kB
WritebackTmp:          0 kB
CommitLimit:     6660208 kB
Committed_AS:   71192628 kB
VmallocTotal:   263061440 kB
VmallocUsed:       87456 kB
VmallocChunk:          0 kB
Percpu:             7648 kB
CmaTotal:         315392 kB
CmaFree:               0 kB
MemTotal:        5980404 kB
MemFree:         1270284 kB
MemAvailable:    2842740 kB
Buffers:            4892 kB
Cached:          1594680 kB
SwapCached:            0 kB
Active:          1250276 kB
Inactive:        1421764 kB
Active(anon):    1079020 kB
Inactive(anon):    18008 kB
Active(file):     171256 kB
Inactive(file):  1403756 kB
Unevictable:        5632 kB
Mlocked:            5632 kB
SwapTotal:       3670008 kB
SwapFree:        3670008 kB
Dirty:               312 kB
Writeback:             0 kB
AnonPages:       1078224 kB
Mapped:           813872 kB
Shmem:             19968 kB
KReclaimable:     559876 kB
Slab:             223912 kB
SReclaimable:      68472 kB
SUnreclaim:       155440 kB
KernelStack:       47008 kB
PageTables:        60096 kB
NFS_Unstable:          0 kB
Bounce:                0 kB
WritebackTmp:          0 kB
CommitLimit:     6660208 kB
Committed_AS:   71191096 kB
VmallocTotal:   263061440 kB
VmallocUsed:       87408 kB
VmallocChunk:          0 kB
Percpu:             7648 kB
CmaTotal:         315392 kB
CmaFree:               0 kB
MemTotal:        5980404 kB
MemFree:         1269492 kB
MemAvailable:    2841948 kB
Buffers:            4892 kB
Cached:          1594680 kB
SwapCached:            0 kB
Active:          1251420 kB
Inactive:        1421764 kB
Active(anon):    1080164 kB
Inactive(anon):    18008 kB
Active(file):     171256 kB
Inactive(file):  1403756 kB
Unevictable:        5632 kB
Mlocked:            5632 kB
SwapTotal:       3670008 kB
SwapFree:        3670008 kB
Dirty:               312 kB
Writeback:             0 kB
AnonPages:       1079156 kB
Mapped:           813908 kB
Shmem:             19968 kB
KReclaimable:     559876 kB
Slab:             223952 kB
SReclaimable:      68472 kB
SUnreclaim:       155480 kB
KernelStack:       47040 kB
PageTables:        59992 kB
NFS_Unstable:          0 kB
Bounce:                0 kB
WritebackTmp:          0 kB
CommitLimit:     6660208 kB
Committed_AS:   71191884 kB
VmallocTotal:   263061440 kB
VmallocUsed:       87408 kB
VmallocChunk:          0 kB
Percpu:             7648 kB
CmaTotal:         315392 kB
CmaFree:               0 kB
MemTotal:        5980404 kB
MemFree:         1278536 kB
MemAvailable:    2850844 kB
Buffers:            4892 kB
Cached:          1594680 kB
SwapCached:            0 kB
Active:          1252284 kB
Inactive:        1421764 kB
Active(anon):    1081028 kB
Inactive(anon):    18008 kB
Active(file):     171256 kB
Inactive(file):  1403756 kB
Unevictable:        5632 kB
Mlocked:            5632 kB
SwapTotal:       3670008 kB
SwapFree:        3670008 kB
Dirty:               320 kB
Writeback:             0 kB
AnonPages:       1080140 kB
Mapped:           813996 kB
Shmem:             19968 kB
KReclaimable:     559728 kB
Slab:             223892 kB
SReclaimable:      68324 kB
SUnreclaim:       155568 kB
KernelStack:       46976 kB
PageTables:        60260 kB
NFS_Unstable:          0 kB
Bounce:                0 kB
WritebackTmp:          0 kB
CommitLimit:     6660208 kB
Committed_AS:   71190692 kB
VmallocTotal:   263061440 kB
VmallocUsed:       87328 kB
VmallocChunk:          0 kB
Percpu:             7648 kB
CmaTotal:         315392 kB
CmaFree:               0 kB
MemTotal:        5980404 kB
MemFree:         1278232 kB
MemAvailable:    2850540 kB
Buffers:            4892 kB
Cached:          1594684 kB
SwapCached:            0 kB
Active:          1253684 kB
Inactive:        1421768 kB
Active(anon):    1082428 kB
Inactive(anon):    18012 kB
Active(file):     171256 kB
Inactive(file):  1403756 kB
Unevictable:        5632 kB
Mlocked:            5632 kB
SwapTotal:       3670008 kB
SwapFree:        3670008 kB
Dirty:               332 kB
Writeback:             0 kB
AnonPages:       1081400 kB
Mapped:           813708 kB
Shmem:             19972 kB
KReclaimable:     559728 kB
Slab:             223788 kB
SReclaimable:      68324 kB
SUnreclaim:       155464 kB
KernelStack:       47008 kB
PageTables:        60168 kB
NFS_Unstable:          0 kB
Bounce:                0 kB
WritebackTmp:          0 kB
CommitLimit:     6660208 kB
Committed_AS:   71197236 kB
VmallocTotal:   263061440 kB
VmallocUsed:       87376 kB
VmallocChunk:          0 kB
Percpu:             7648 kB
CmaTotal:         315392 kB
CmaFree:               0 kB
MemTotal:        5980404 kB
MemFree:         1277268 kB
MemAvailable:    2849652 kB
Buffers:            4892 kB
Cached:          1594776 kB
SwapCached:            0 kB
Active:          1254300 kB
Inactive:        1421860 kB
Active(anon):    1083044 kB
Inactive(anon):    18012 kB
Active(file):     171256 kB
Inactive(file):  1403848 kB
Unevictable:        5632 kB
Mlocked:            5632 kB
SwapTotal:       3670008 kB
SwapFree:        3670008 kB
Dirty:               340 kB
Writeback:             0 kB
AnonPages:       1082092 kB
Mapped:           813892 kB
Shmem:             19972 kB
KReclaimable:     559712 kB
Slab:             223796 kB
SReclaimable:      68308 kB
SUnreclaim:       155488 kB
KernelStack:       47008 kB
PageTables:        60188 kB
NFS_Unstable:          0 kB
Bounce:                0 kB
WritebackTmp:          0 kB
CommitLimit:     6660208 kB
Committed_AS:   71195768 kB
VmallocTotal:   263061440 kB
VmallocUsed:       87376 kB
VmallocChunk:          0 kB
Percpu:             7648 kB
CmaTotal:         315392 kB
CmaFree:               0 kB
MemTotal:        5980404 kB
MemFree:         1277368 kB
MemAvailable:    2849812 kB
Buffers:            4892 kB
Cached:          1594820 kB
SwapCached:            0 kB
Active:          1255304 kB
Inactive:        1421900 kB
Active(anon):    1084044 kB
Inactive(anon):    18012 kB
Active(file):     171260 kB
Inactive(file):  1403888 kB
Unevictable:        5632 kB
Mlocked:            5632 kB
SwapTotal:       3670008 kB
SwapFree:        3670008 kB
Dirty:               232 kB
Writeback:             0 kB
AnonPages:       1082908 kB
Mapped:           813844 kB
Shmem:             19972 kB
KReclaimable:     559728 kB
Slab:             223868 kB
SReclaimable:      68324 kB
SUnreclaim:       155544 kB
KernelStack:       47024 kB
PageTables:        59952 kB
NFS_Unstable:          0 kB
Bounce:                0 kB
WritebackTmp:          0 kB
CommitLimit:     6660208 kB
Committed_AS:   71198528 kB
VmallocTotal:   263061440 kB
VmallocUsed:       87376 kB
VmallocChunk:          0 kB
Percpu:             7648 kB
CmaTotal:         315392 kB
CmaFree:               0 kB
MemTotal:        5980404 kB
MemFree:         1275236 kB
MemAvailable:    2847820 kB
Buffers:            4892 kB
Cached:          1594944 kB
SwapCached:            0 kB
Active:          1255988 kB
Inactive:        1422012 kB
Active(anon):    1084716 kB
Inactive(anon):    18012 kB
Active(file):     171272 kB
Inactive(file):  1404000 kB
Unevictable:        5632 kB
Mlocked:            5632 kB
SwapTotal:       3670008 kB
SwapFree:        3670008 kB
Dirty:               220 kB
Writeback:             0 kB
AnonPages:       1083980 kB
Mapped:           813892 kB
Shmem:             19972 kB
KReclaimable:     559744 kB
Slab:             223828 kB
SReclaimable:      68340 kB
SUnreclaim:       155488 kB
KernelStack:       46704 kB
PageTables:        60188 kB
NFS_Unstable:          0 kB
Bounce:                0 kB
WritebackTmp:          0 kB
CommitLimit:     6660208 kB
Committed_AS:   71197876 kB
VmallocTotal:   263061440 kB
VmallocUsed:       87088 kB
VmallocChunk:          0 kB
Percpu:             7648 kB
CmaTotal:         315392 kB
CmaFree:               0 kB
MemTotal:        5980404 kB
MemFree:         1274992 kB
MemAvailable:    2847528 kB
Buffers:            4892 kB
Cached:          1594944 kB
SwapCached:            0 kB
Active:          1256232 kB
Inactive:        1421996 kB
Active(anon):    1084944 kB
Inactive(anon):    18012 kB
Active(file):     171288 kB
Inactive(file):  1403984 kB
Unevictable:        5632 kB
Mlocked:            5632 kB
SwapTotal:       3670008 kB
SwapFree:        3670008 kB
Dirty:               284 kB
Writeback:             0 kB
AnonPages:       1083964 kB
Mapped:           813876 kB
Shmem:             19972 kB
KReclaimable:     559696 kB
Slab:             223764 kB
SReclaimable:      68292 kB
SUnreclaim:       155472 kB
KernelStack:       46608 kB
PageTables:        60144 kB
NFS_Unstable:          0 kB
Bounce:                0 kB
WritebackTmp:          0 kB
CommitLimit:     6660208 kB
Committed_AS:   71197532 kB
VmallocTotal:   263061440 kB
VmallocUsed:       86992 kB
VmallocChunk:          0 kB
Percpu:             7648 kB
CmaTotal:         315392 kB
CmaFree:             128 kB
MemTotal:        5980404 kB
MemFree:         1274684 kB
MemAvailable:    2847220 kB
Buffers:            4892 kB
Cached:          1594944 kB
SwapCached:            0 kB
Active:          1256832 kB
Inactive:        1421996 kB
Active(anon):    1085544 kB
Inactive(anon):    18012 kB
Active(file):     171288 kB
Inactive(file):  1403984 kB
Unevictable:        5632 kB
Mlocked:            5632 kB
SwapTotal:       3670008 kB
SwapFree:        3670008 kB
Dirty:               284 kB
Writeback:             0 kB
AnonPages:       1084540 kB
Mapped:           813724 kB
Shmem:             19972 kB
KReclaimable:     559696 kB
Slab:             223796 kB
SReclaimable:      68292 kB
SUnreclaim:       155504 kB
KernelStack:       46592 kB
PageTables:        59940 kB
NFS_Unstable:          0 kB
Bounce:                0 kB
WritebackTmp:          0 kB
CommitLimit:     6660208 kB
Committed_AS:   71192012 kB
VmallocTotal:   263061440 kB
VmallocUsed:       86976 kB
VmallocChunk:          0 kB
Percpu:             7648 kB
CmaTotal:         315392 kB
CmaFree:               4 kB
MemTotal:        5980404 kB
MemFree:         1274956 kB
MemAvailable:    2847528 kB
Buffers:            4892 kB
Cached:          1594984 kB
SwapCached:            0 kB
Active:          1257516 kB
Inactive:        1422028 kB
Active(anon):    1086220 kB
Inactive(anon):    18016 kB
Active(file):     171296 kB
Inactive(file):  1404012 kB
Unevictable:        5632 kB
Mlocked:            5632 kB
SwapTotal:       3670008 kB
SwapFree:        3670008 kB
Dirty:               292 kB
Writeback:             0 kB
AnonPages:       1085372 kB
Mapped:           813876 kB
Shmem:             19976 kB
KReclaimable:     559696 kB
Slab:             223732 kB
SReclaimable:      68292 kB
SUnreclaim:       155440 kB
KernelStack:       46620 kB
PageTables:        60140 kB
NFS_Unstable:          0 kB
Bounce:                0 kB
WritebackTmp:          0 kB
CommitLimit:     6660208 kB
Committed_AS:   71196788 kB
VmallocTotal:   263061440 kB
VmallocUsed:       86992 kB
VmallocChunk:          0 kB
Percpu:             7648 kB
CmaTotal:         315392 kB
CmaFree:               0 kB
MemTotal:        5980404 kB
MemFree:         1273156 kB
MemAvailable:    2845716 kB
Buffers:            4900 kB
Cached:          1594964 kB
SwapCached:            0 kB
Active:          1258768 kB
Inactive:        1422012 kB
Active(anon):    1087468 kB
Inactive(anon):    18016 kB
Active(file):     171300 kB
Inactive(file):  1403996 kB
Unevictable:        5632 kB
Mlocked:            5632 kB
SwapTotal:       3670008 kB
SwapFree:        3670008 kB
Dirty:               276 kB
Writeback:             0 kB
AnonPages:       1086668 kB
Mapped:           813896 kB
Shmem:             19976 kB
KReclaimable:     559696 kB
Slab:             223788 kB
SReclaimable:      68292 kB
SUnreclaim:       155496 kB
KernelStack:       46608 kB
PageTables:        60072 kB
NFS_Unstable:          0 kB
Bounce:                0 kB
WritebackTmp:          0 kB
CommitLimit:     6660208 kB
Committed_AS:   71196532 kB
VmallocTotal:   263061440 kB
VmallocUsed:       86960 kB
VmallocChunk:          0 kB
Percpu:             7648 kB
CmaTotal:         315392 kB
CmaFree:               0 kB
MemTotal:        5980404 kB
MemFree:         1271732 kB
MemAvailable:    2844292 kB
Buffers:            4900 kB
Cached:          1594964 kB
SwapCached:            0 kB
Active:          1260204 kB
Inactive:        1422012 kB
Active(anon):    1088904 kB
Inactive(anon):    18016 kB
Active(file):     171300 kB
Inactive(file):  1403996 kB
Unevictable:        5632 kB
Mlocked:            5632 kB
SwapTotal:       3670008 kB
SwapFree:        3670008 kB
Dirty:               280 kB
Writeback:             0 kB
AnonPages:       1087684 kB
Mapped:           813796 kB
Shmem:             19976 kB
KReclaimable:     559696 kB
Slab:             223780 kB
SReclaimable:      68292 kB
SUnreclaim:       155488 kB
KernelStack:       46624 kB
PageTables:        60140 kB
NFS_Unstable:          0 kB
Bounce:                0 kB
WritebackTmp:          0 kB
CommitLimit:     6660208 kB
Committed_AS:   71194400 kB
VmallocTotal:   263061440 kB
VmallocUsed:       86992 kB
VmallocChunk:          0 kB
Percpu:             7648 kB
CmaTotal:         315392 kB
CmaFree:               0 kB
MemTotal:        5980404 kB
MemFree:         1271980 kB
MemAvailable:    2844540 kB
Buffers:            4900 kB
Cached:          1594964 kB
SwapCached:            0 kB
Active:          1260968 kB
Inactive:        1422012 kB
Active(anon):    1089668 kB
Inactive(anon):    18016 kB
Active(file):     171300 kB
Inactive(file):  1403996 kB
Unevictable:        5632 kB
Mlocked:            5632 kB
SwapTotal:       3670008 kB
SwapFree:        3670008 kB
Dirty:               284 kB
Writeback:             0 kB
AnonPages:       1088620 kB
Mapped:           813896 kB
Shmem:             19976 kB
KReclaimable:     559696 kB
Slab:             223932 kB
SReclaimable:      68292 kB
SUnreclaim:       155640 kB
KernelStack:       46592 kB
PageTables:        60072 kB
NFS_Unstable:          0 kB
Bounce:                0 kB
WritebackTmp:          0 kB
CommitLimit:     6660208 kB
Committed_AS:   71198364 kB
VmallocTotal:   263061440 kB
VmallocUsed:       86992 kB
VmallocChunk:          0 kB
Percpu:             7648 kB
CmaTotal:         315392 kB
CmaFree:               0 kB
MemTotal:        5980404 kB
MemFree:         1271604 kB
MemAvailable:    2844164 kB
Buffers:            4900 kB
Cached:          1594964 kB
SwapCached:            0 kB
Active:          1261588 kB
Inactive:        1422012 kB
Active(anon):    1090288 kB
Inactive(anon):    18016 kB
Active(file):     171300 kB
Inactive(file):  1403996 kB
Unevictable:        5632 kB
Mlocked:            5632 kB
SwapTotal:       3670008 kB
SwapFree:        3670008 kB
Dirty:               296 kB
Writeback:             0 kB
AnonPages:       1089384 kB
Mapped:           813652 kB
Shmem:             19976 kB
KReclaimable:     559696 kB
Slab:             223780 kB
SReclaimable:      68292 kB
SUnreclaim:       155488 kB
KernelStack:       46608 kB
PageTables:        60072 kB
NFS_Unstable:          0 kB
Bounce:                0 kB
WritebackTmp:          0 kB
CommitLimit:     6660208 kB
Committed_AS:   71195112 kB
VmallocTotal:   263061440 kB
VmallocUsed:       86976 kB
VmallocChunk:          0 kB
Percpu:             7648 kB
CmaTotal:         315392 kB
CmaFree:               0 kB
MemTotal:        5980404 kB
MemFree:         1270220 kB
MemAvailable:    2842780 kB
Buffers:            4900 kB
Cached:          1594964 kB
SwapCached:            0 kB
Active:          1262096 kB
Inactive:        1422012 kB
Active(anon):    1090796 kB
Inactive(anon):    18016 kB
Active(file):     171300 kB
Inactive(file):  1403996 kB
Unevictable:        5632 kB
Mlocked:            5632 kB
SwapTotal:       3670008 kB
SwapFree:        3670008 kB
Dirty:               352 kB
Writeback:             0 kB
AnonPages:       1090212 kB
Mapped:           813696 kB
Shmem:             19976 kB
KReclaimable:     559696 kB
Slab:             223828 kB
SReclaimable:      68292 kB
SUnreclaim:       155536 kB
KernelStack:       46592 kB
PageTables:        60048 kB
NFS_Unstable:          0 kB
Bounce:                0 kB
WritebackTmp:          0 kB
CommitLimit:     6660208 kB
Committed_AS:   71192676 kB
VmallocTotal:   263061440 kB
VmallocUsed:       86928 kB
VmallocChunk:          0 kB
Percpu:             7648 kB
CmaTotal:         315392 kB
CmaFree:               0 kB
MemTotal:        5980404 kB
MemFree:         1269276 kB
MemAvailable:    2841864 kB
Buffers:            4900 kB
Cached:          1594992 kB
SwapCached:            0 kB
Active:          1263340 kB
Inactive:        1422036 kB
Active(anon):    1092036 kB
Inactive(anon):    18016 kB
Active(file):     171304 kB
Inactive(file):  1404020 kB
Unevictable:        5632 kB
Mlocked:            5632 kB
SwapTotal:       3670008 kB
SwapFree:        3670008 kB
Dirty:               312 kB
Writeback:             0 kB
AnonPages:       1090776 kB
Mapped:           813876 kB
Shmem:             19976 kB
KReclaimable:     559696 kB
Slab:             223812 kB
SReclaimable:      68292 kB
SUnreclaim:       155520 kB
KernelStack:       46544 kB
PageTables:        59916 kB
NFS_Unstable:          0 kB
Bounce:                0 kB
WritebackTmp:          0 kB
CommitLimit:     6660208 kB
Committed_AS:   71192128 kB
VmallocTotal:   263061440 kB
VmallocUsed:       86928 kB
VmallocChunk:          0 kB
Percpu:             7648 kB
CmaTotal:         315392 kB
CmaFree:               0 kB
MemTotal:        5980404 kB
MemFree:         1267856 kB
MemAvailable:    2840420 kB
Buffers:            4900 kB
Cached:          1594972 kB
SwapCached:            0 kB
Active:          1264188 kB
Inactive:        1422016 kB
Active(anon):    1092884 kB
Inactive(anon):    18020 kB
Active(file):     171304 kB
Inactive(file):  1403996 kB
Unevictable:        5632 kB
Mlocked:            5632 kB
SwapTotal:       3670008 kB
SwapFree:        3670008 kB
Dirty:               328 kB
Writeback:             0 kB
AnonPages:       1091888 kB
Mapped:           813900 kB
Shmem:             19980 kB
KReclaimable:     559696 kB
Slab:             223860 kB
SReclaimable:      68292 kB
SUnreclaim:       155568 kB
KernelStack:       46592 kB
PageTables:        60072 kB
NFS_Unstable:          0 kB
Bounce:                0 kB
WritebackTmp:          0 kB
CommitLimit:     6660208 kB
Committed_AS:   71194620 kB
VmallocTotal:   263061440 kB
VmallocUsed:       86944 kB
VmallocChunk:          0 kB
Percpu:             7648 kB
CmaTotal:         315392 kB
CmaFree:               0 kB
MemTotal:        5980404 kB
MemFree:         1278836 kB
MemAvailable:    2851400 kB
Buffers:            4900 kB
Cached:          1594972 kB
SwapCached:            0 kB
Active:          1252352 kB
Inactive:        1422016 kB
Active(anon):    1081048 kB
Inactive(anon):    18020 kB
Active(file):     171304 kB
Inactive(file):  1403996 kB
Unevictable:        5632 kB
Mlocked:            5632 kB
SwapTotal:       3670008 kB
SwapFree:        3670008 kB
Dirty:               340 kB
Writeback:             0 kB
AnonPages:       1080212 kB
Mapped:           813056 kB
Shmem:             19980 kB
KReclaimable:     559696 kB
Slab:             223780 kB
SReclaimable:      68292 kB
SUnreclaim:       155488 kB
KernelStack:       46624 kB
PageTables:        60148 kB
NFS_Unstable:          0 kB
Bounce:                0 kB
WritebackTmp:          0 kB
CommitLimit:     6660208 kB
Committed_AS:   71193188 kB
VmallocTotal:   263061440 kB
VmallocUsed:       86976 kB
VmallocChunk:          0 kB
Percpu:             7648 kB
CmaTotal:         315392 kB
CmaFree:               0 kB
MemTotal:        5980404 kB
MemFree:         1277660 kB
MemAvailable:    2850224 kB
Buffers:            4900 kB
Cached:          1594972 kB
SwapCached:            0 kB
Active:          1253172 kB
Inactive:        1422016 kB
Active(anon):    1081868 kB
Inactive(anon):    18020 kB
Active(file):     171304 kB
Inactive(file):  1403996 kB
Unevictable:        5632 kB
Mlocked:            5632 kB
SwapTotal:       3670008 kB
SwapFree:        3670008 kB
Dirty:               348 kB
Writeback:             0 kB
AnonPages:       1081048 kB
Mapped:           813184 kB
Shmem:             19980 kB
KReclaimable:     559696 kB
Slab:             223796 kB
SReclaimable:      68292 kB
SUnreclaim:       155504 kB
KernelStack:       46592 kB
PageTables:        60072 kB
NFS_Unstable:          0 kB
Bounce:                0 kB
WritebackTmp:          0 kB
CommitLimit:     6660208 kB
Committed_AS:   71191104 kB
VmallocTotal:   263061440 kB
VmallocUsed:       86944 kB
VmallocChunk:          0 kB
Percpu:             7648 kB
CmaTotal:         315392 kB
CmaFree:               0 kB
MemTotal:        5980404 kB
MemFree:         1277600 kB
MemAvailable:    2850164 kB
Buffers:            4900 kB
Cached:          1594972 kB
SwapCached:            0 kB
Active:          1253348 kB
Inactive:        1422016 kB
Active(anon):    1082044 kB
Inactive(anon):    18020 kB
Active(file):     171304 kB
Inactive(file):  1403996 kB
Unevictable:        5632 kB
Mlocked:            5632 kB
SwapTotal:       3670008 kB
SwapFree:        3670008 kB
Dirty:               360 kB
Writeback:             0 kB
AnonPages:       1081228 kB
Mapped:           813028 kB
Shmem:             19980 kB
KReclaimable:     559696 kB
Slab:             223804 kB
SReclaimable:      68292 kB
SUnreclaim:       155512 kB
KernelStack:       46592 kB
PageTables:        60136 kB
NFS_Unstable:          0 kB
Bounce:                0 kB
WritebackTmp:          0 kB
CommitLimit:     6660208 kB
Committed_AS:   71194608 kB
VmallocTotal:   263061440 kB
VmallocUsed:       86928 kB
VmallocChunk:          0 kB
Percpu:             7648 kB
CmaTotal:         315392 kB
CmaFree:               0 kB
MemTotal:        5980404 kB
MemFree:         1277932 kB
MemAvailable:    2850508 kB
Buffers:            4900 kB
Cached:          1594984 kB
SwapCached:            0 kB
Active:          1254704 kB
Inactive:        1422028 kB
Active(anon):    1083400 kB
Inactive(anon):    18020 kB
Active(file):     171304 kB
Inactive(file):  1404008 kB
Unevictable:        5632 kB
Mlocked:            5632 kB
SwapTotal:       3670008 kB
SwapFree:        3670008 kB
Dirty:               404 kB
Writeback:             0 kB
AnonPages:       1082772 kB
Mapped:           813180 kB
Shmem:             19980 kB
KReclaimable:     559696 kB
Slab:             223796 kB
SReclaimable:      68292 kB
SUnreclaim:       155504 kB
KernelStack:       46560 kB
PageTables:        60064 kB
NFS_Unstable:          0 kB
Bounce:                0 kB
WritebackTmp:          0 kB
CommitLimit:     6660208 kB
Committed_AS:   71193616 kB
VmallocTotal:   263061440 kB
VmallocUsed:       86928 kB
VmallocChunk:          0 kB
Percpu:             7648 kB
CmaTotal:         315392 kB
CmaFree:              20 kB
MemTotal:        5980404 kB
MemFree:         1276708 kB
MemAvailable:    2849268 kB
Buffers:            4900 kB
Cached:          1594968 kB
SwapCached:            0 kB
Active:          1255648 kB
Inactive:        1422012 kB
Active(anon):    1084344 kB
Inactive(anon):    18020 kB
Active(file):     171304 kB
Inactive(file):  1403992 kB
Unevictable:        5632 kB
Mlocked:            5632 kB
SwapTotal:       3670008 kB
SwapFree:        3670008 kB
Dirty:               448 kB
Writeback:             0 kB
AnonPages:       1083600 kB
Mapped:           813164 kB
Shmem:             19980 kB
KReclaimable:     559696 kB
Slab:             223852 kB
SReclaimable:      68292 kB
SUnreclaim:       155560 kB
KernelStack:       46532 kB
PageTables:        60096 kB
NFS_Unstable:          0 kB
Bounce:                0 kB
WritebackTmp:          0 kB
CommitLimit:     6660208 kB
Committed_AS:   71194220 kB
VmallocTotal:   263061440 kB
VmallocUsed:       86976 kB
VmallocChunk:          0 kB
Percpu:             7648 kB
CmaTotal:         315392 kB
CmaFree:               0 kB
MemTotal:        5980404 kB
MemFree:         1276348 kB
MemAvailable:    2848924 kB
Buffers:            4900 kB
Cached:          1594984 kB
SwapCached:            0 kB
Active:          1256492 kB
Inactive:        1422028 kB
Active(anon):    1085188 kB
Inactive(anon):    18020 kB
Active(file):     171304 kB
Inactive(file):  1404008 kB
Unevictable:        5632 kB
Mlocked:            5632 kB
SwapTotal:       3670008 kB
SwapFree:        3670008 kB
Dirty:               468 kB
Writeback:             0 kB
AnonPages:       1084328 kB
Mapped:           813016 kB
Shmem:             19980 kB
KReclaimable:     559696 kB
Slab:             223756 kB
SReclaimable:      68292 kB
SUnreclaim:       155464 kB
KernelStack:       46608 kB
PageTables:        60056 kB
NFS_Unstable:          0 kB
Bounce:                0 kB
WritebackTmp:          0 kB
CommitLimit:     6660208 kB
Committed_AS:   71190944 kB
VmallocTotal:   263061440 kB
VmallocUsed:       86976 kB
VmallocChunk:          0 kB
Percpu:             7648 kB
CmaTotal:         315392 kB
CmaFree:               0 kB
MemTotal:        5980404 kB
MemFree:         1274584 kB
MemAvailable:    2847160 kB
Buffers:            4900 kB
Cached:          1594984 kB
SwapCached:            0 kB
Active:          1257496 kB
Inactive:        1422028 kB
Active(anon):    1086192 kB
Inactive(anon):    18020 kB
Active(file):     171304 kB
Inactive(file):  1404008 kB
Unevictable:        5632 kB
Mlocked:            5632 kB
SwapTotal:       3670008 kB
SwapFree:        3670008 kB
Dirty:               464 kB
Writeback:             0 kB
AnonPages:       1085164 kB
Mapped:           813280 kB
Shmem:             19980 kB
KReclaimable:     559696 kB
Slab:             223844 kB
SReclaimable:      68292 kB
SUnreclaim:       155552 kB
KernelStack:       46596 kB
PageTables:        60044 kB
NFS_Unstable:          0 kB
Bounce:                0 kB
WritebackTmp:          0 kB
CommitLimit:     6660208 kB
Committed_AS:   71193116 kB
VmallocTotal:   263061440 kB
VmallocUsed:       86944 kB
VmallocChunk:          0 kB
Percpu:             7648 kB
CmaTotal:         315392 kB
CmaFree:               0 kB
MemTotal:        5980404 kB
MemFree:         1274128 kB
MemAvailable:    2846704 kB
Buffers:            4900 kB
Cached:          1594984 kB
SwapCached:            0 kB
Active:          1257496 kB
Inactive:        1422020 kB
Active(anon):    1086184 kB
Inactive(anon):    18020 kB
Active(file):     171312 kB
Inactive(file):  1404000 kB
Unevictable:        5632 kB
Mlocked:            5632 kB
SwapTotal:       3670008 kB
SwapFree:        3670008 kB
Dirty:               468 kB
Writeback:             0 kB
AnonPages:       1085412 kB
Mapped:           813184 kB
Shmem:             19980 kB
KReclaimable:     559696 kB
Slab:             223828 kB
SReclaimable:      68292 kB
SUnreclaim:       155536 kB
KernelStack:       46576 kB
PageTables:        60156 kB
NFS_Unstable:          0 kB
Bounce:                0 kB
WritebackTmp:          0 kB
CommitLimit:     6660208 kB
Committed_AS:   71191608 kB
VmallocTotal:   263061440 kB
VmallocUsed:       86928 kB
VmallocChunk:          0 kB
Percpu:             7648 kB
CmaTotal:         315392 kB
CmaFree:               0 kB
MemTotal:        5980404 kB
MemFree:         1273476 kB
MemAvailable:    2846052 kB
Buffers:            4900 kB
Cached:          1594984 kB
SwapCached:            0 kB
Active:          1258416 kB
Inactive:        1422020 kB
Active(anon):    1087104 kB
Inactive(anon):    18020 kB
Active(file):     171312 kB
Inactive(file):  1404000 kB
Unevictable:        5632 kB
Mlocked:            5632 kB
SwapTotal:       3670008 kB
SwapFree:        3670008 kB
Dirty:               468 kB
Writeback:             0 kB
AnonPages:       1086012 kB
Mapped:           813180 kB
Shmem:             19980 kB
KReclaimable:     559696 kB
Slab:             223772 kB
SReclaimable:      68292 kB
SUnreclaim:       155480 kB
KernelStack:       46544 kB
PageTables:        59992 kB
NFS_Unstable:          0 kB
Bounce:                0 kB
WritebackTmp:          0 kB
CommitLimit:     6660208 kB
Committed_AS:   71191760 kB
VmallocTotal:   263061440 kB
VmallocUsed:       86960 kB
VmallocChunk:          0 kB
Percpu:             7648 kB
CmaTotal:         315392 kB
CmaFree:               0 kB
MemTotal:        5980404 kB
MemFree:         1272008 kB
MemAvailable:    2844588 kB
Buffers:            4904 kB
Cached:          1594984 kB
SwapCached:            0 kB
Active:          1258920 kB
Inactive:        1422020 kB
Active(anon):    1087604 kB
Inactive(anon):    18020 kB
Active(file):     171316 kB
Inactive(file):  1404000 kB
Unevictable:        5632 kB
Mlocked:            5632 kB
SwapTotal:       3670008 kB
SwapFree:        3670008 kB
Dirty:               472 kB
Writeback:             0 kB
AnonPages:       1087004 kB
Mapped:           813296 kB
Shmem:             19980 kB
KReclaimable:     559696 kB
Slab:             223852 kB
SReclaimable:      68292 kB
SUnreclaim:       155560 kB
KernelStack:       46560 kB
PageTables:        59984 kB
NFS_Unstable:          0 kB
Bounce:                0 kB
WritebackTmp:          0 kB
CommitLimit:     6660208 kB
Committed_AS:   71196056 kB
VmallocTotal:   263061440 kB
VmallocUsed:       86960 kB
VmallocChunk:          0 kB
Percpu:             7648 kB
CmaTotal:         315392 kB
CmaFree:               0 kB
MemTotal:        5980404 kB
MemFree:         1271116 kB
MemAvailable:    2843664 kB
Buffers:            4904 kB
Cached:          1594952 kB
SwapCached:            0 kB
Active:          1259628 kB
Inactive:        1421996 kB
Active(anon):    1088320 kB
Inactive(anon):    18020 kB
Active(file):     171308 kB
Inactive(file):  1403976 kB
Unevictable:        5632 kB
Mlocked:            5632 kB
SwapTotal:       3670008 kB
SwapFree:        3670008 kB
Dirty:               412 kB
Writeback:             0 kB
AnonPages:       1087492 kB
Mapped:           813064 kB
Shmem:             19980 kB
KReclaimable:     559696 kB
Slab:             223796 kB
SReclaimable:      68292 kB
SUnreclaim:       155504 kB
KernelStack:       46544 kB
PageTables:        59980 kB
NFS_Unstable:          0 kB
Bounce:                0 kB
WritebackTmp:          0 kB
CommitLimit:     6660208 kB
Committed_AS:   71191896 kB
VmallocTotal:   263061440 kB
VmallocUsed:       86992 kB
VmallocChunk:          0 kB
Percpu:             7648 kB
CmaTotal:         315392 kB
CmaFree:               0 kB
MemTotal:        5980404 kB
MemFree:         1270164 kB
MemAvailable:    2842756 kB
Buffers:            4904 kB
Cached:          1594996 kB
SwapCached:            0 kB
Active:          1260660 kB
Inactive:        1422032 kB
Active(anon):    1089344 kB
Inactive(anon):    18020 kB
Active(file):     171316 kB
Inactive(file):  1404012 kB
Unevictable:        5632 kB
Mlocked:            5632 kB
SwapTotal:       3670008 kB
SwapFree:        3670008 kB
Dirty:               428 kB
Writeback:             0 kB
AnonPages:       1088396 kB
Mapped:           813232 kB
Shmem:             19980 kB
KReclaimable:     559696 kB
Slab:             223836 kB
SReclaimable:      68292 kB
SUnreclaim:       155544 kB
KernelStack:       46560 kB
PageTables:        60268 kB
NFS_Unstable:          0 kB
Bounce:                0 kB
WritebackTmp:          0 kB
CommitLimit:     6660208 kB
Committed_AS:   71195112 kB
VmallocTotal:   263061440 kB
VmallocUsed:       86960 kB
VmallocChunk:          0 kB
Percpu:             7648 kB
CmaTotal:         315392 kB
CmaFree:               0 kB
MemTotal:        5980404 kB
MemFree:         1269240 kB
MemAvailable:    2841948 kB
Buffers:            4904 kB
Cached:          1595108 kB
SwapCached:            0 kB
Active:          1261452 kB
Inactive:        1422144 kB
Active(anon):    1090136 kB
Inactive(anon):    18024 kB
Active(file):     171316 kB
Inactive(file):  1404120 kB
Unevictable:        5632 kB
Mlocked:            5632 kB
SwapTotal:       3670008 kB
SwapFree:        3670008 kB
Dirty:               536 kB
Writeback:             0 kB
AnonPages:       1089072 kB
Mapped:           813124 kB
Shmem:             19984 kB
KReclaimable:     559704 kB
Slab:             223780 kB
SReclaimable:      68300 kB
SUnreclaim:       155480 kB
KernelStack:       46608 kB
PageTables:        60236 kB
NFS_Unstable:          0 kB
Bounce:                0 kB
WritebackTmp:          0 kB
CommitLimit:     6660208 kB
Committed_AS:   71193464 kB
VmallocTotal:   263061440 kB
VmallocUsed:       86944 kB
VmallocChunk:          0 kB
Percpu:             7648 kB
CmaTotal:         315392 kB
CmaFree:               0 kB
MemTotal:        5980404 kB
MemFree:         1268728 kB
MemAvailable:    2841436 kB
Buffers:            4904 kB
Cached:          1595112 kB
SwapCached:            0 kB
Active:          1262592 kB
Inactive:        1422144 kB
Active(anon):    1091272 kB
Inactive(anon):    18028 kB
Active(file):     171320 kB
Inactive(file):  1404116 kB
Unevictable:        5632 kB
Mlocked:            5632 kB
SwapTotal:       3670008 kB
SwapFree:        3670008 kB
Dirty:               536 kB
Writeback:             0 kB
AnonPages:       1090432 kB
Mapped:           813192 kB
Shmem:             19988 kB
KReclaimable:     559704 kB
Slab:             223820 kB
SReclaimable:      68300 kB
SUnreclaim:       155520 kB
KernelStack:       46576 kB
PageTables:        60144 kB
NFS_Unstable:          0 kB
Bounce:                0 kB
WritebackTmp:          0 kB
CommitLimit:     6660208 kB
Committed_AS:   71191832 kB
VmallocTotal:   263061440 kB
VmallocUsed:       86960 kB
VmallocChunk:          0 kB
Percpu:             7648 kB
CmaTotal:         315392 kB
CmaFree:               0 kB
MemTotal:        5980404 kB
MemFree:         1268124 kB
MemAvailable:    2840832 kB
Buffers:            4904 kB
Cached:          1595112 kB
SwapCached:            0 kB
Active:          1262924 kB
Inactive:        1422144 kB
Active(anon):    1091604 kB
Inactive(anon):    18028 kB
Active(file):     171320 kB
Inactive(file):  1404116 kB
Unevictable:        5632 kB
Mlocked:            5632 kB
SwapTotal:       3670008 kB
SwapFree:        3670008 kB
Dirty:               540 kB
Writeback:             0 kB
AnonPages:       1090784 kB
Mapped:           812968 kB
Shmem:             19988 kB
KReclaimable:     559704 kB
Slab:             223884 kB
SReclaimable:      68300 kB
SUnreclaim:       155584 kB
KernelStack:       46560 kB
PageTables:        60000 kB
NFS_Unstable:          0 kB
Bounce:                0 kB
WritebackTmp:          0 kB
CommitLimit:     6660208 kB
Committed_AS:   71191168 kB
VmallocTotal:   263061440 kB
VmallocUsed:       86992 kB
VmallocChunk:          0 kB
Percpu:             7648 kB
CmaTotal:         315392 kB
CmaFree:               0 kB
MemTotal:        5980404 kB
MemFree:         1278540 kB
MemAvailable:    2850788 kB
Buffers:            4904 kB
Cached:          1595112 kB
SwapCached:            0 kB
Active:          1263564 kB
Inactive:        1422144 kB
Active(anon):    1092244 kB
Inactive(anon):    18028 kB
Active(file):     171320 kB
Inactive(file):  1404116 kB
Unevictable:        5632 kB
Mlocked:            5632 kB
SwapTotal:       3670008 kB
SwapFree:        3670008 kB
Dirty:               540 kB
Writeback:             0 kB
AnonPages:       1091428 kB
Mapped:           813192 kB
Shmem:             19988 kB
KReclaimable:     559244 kB
Slab:             223292 kB
SReclaimable:      67840 kB
SUnreclaim:       155452 kB
KernelStack:       46512 kB
PageTables:        60024 kB
NFS_Unstable:          0 kB
Bounce:                0 kB
WritebackTmp:          0 kB
CommitLimit:     6660208 kB
Committed_AS:   71186300 kB
VmallocTotal:   263061440 kB
VmallocUsed:       86880 kB
VmallocChunk:          0 kB
Percpu:             7648 kB
CmaTotal:         315392 kB
CmaFree:               0 kB
MemTotal:        5980404 kB
MemFree:         1277976 kB
MemAvailable:    2850224 kB
Buffers:            4904 kB
Cached:          1595112 kB
SwapCached:            0 kB
Active:          1264720 kB
Inactive:        1422144 kB
Active(anon):    1093400 kB
Inactive(anon):    18028 kB
Active(file):     171320 kB
Inactive(file):  1404116 kB
Unevictable:        5632 kB
Mlocked:            5632 kB
SwapTotal:       3670008 kB
SwapFree:        3670008 kB
Dirty:               540 kB
Writeback:             0 kB
AnonPages:       1092352 kB
Mapped:           813032 kB
Shmem:             19988 kB
KReclaimable:     559244 kB
Slab:             223324 kB
SReclaimable:      67840 kB
SUnreclaim:       155484 kB
KernelStack:       46480 kB
PageTables:        60088 kB
NFS_Unstable:          0 kB
Bounce:                0 kB
WritebackTmp:          0 kB
CommitLimit:     6660208 kB
Committed_AS:   71186988 kB
VmallocTotal:   263061440 kB
VmallocUsed:       86880 kB
VmallocChunk:          0 kB
Percpu:             7648 kB
CmaTotal:         315392 kB
CmaFree:               0 kB
MemTotal:        5980404 kB
MemFree:         1276988 kB
MemAvailable:    2849236 kB
Buffers:            4904 kB
Cached:          1595112 kB
SwapCached:            0 kB
Active:          1265260 kB
Inactive:        1422144 kB
Active(anon):    1093940 kB
Inactive(anon):    18028 kB
Active(file):     171320 kB
Inactive(file):  1404116 kB
Unevictable:        5632 kB
Mlocked:            5632 kB
SwapTotal:       3670008 kB
SwapFree:        3670008 kB
Dirty:               540 kB
Writeback:             0 kB
AnonPages:       1093208 kB
Mapped:           813196 kB
Shmem:             19988 kB
KReclaimable:     559244 kB
Slab:             223304 kB
SReclaimable:      67840 kB
SUnreclaim:       155464 kB
KernelStack:       46496 kB
PageTables:        60196 kB
NFS_Unstable:          0 kB
Bounce:                0 kB
WritebackTmp:          0 kB
CommitLimit:     6660208 kB
Committed_AS:   71188376 kB
VmallocTotal:   263061440 kB
VmallocUsed:       86864 kB
VmallocChunk:          0 kB
Percpu:             7648 kB
CmaTotal:         315392 kB
CmaFree:               0 kB
MemTotal:        5980404 kB
MemFree:         1275624 kB
MemAvailable:    2847900 kB
Buffers:            4912 kB
Cached:          1595136 kB
SwapCached:            0 kB
Active:          1266280 kB
Inactive:        1422168 kB
Active(anon):    1094952 kB
Inactive(anon):    18036 kB
Active(file):     171328 kB
Inactive(file):  1404132 kB
Unevictable:        5632 kB
Mlocked:            5632 kB
SwapTotal:       3670008 kB
SwapFree:        3670008 kB
Dirty:               568 kB
Writeback:             0 kB
AnonPages:       1093988 kB
Mapped:           813236 kB
Shmem:             19996 kB
KReclaimable:     559248 kB
Slab:             223548 kB
SReclaimable:      67844 kB
SUnreclaim:       155704 kB
KernelStack:       46528 kB
PageTables:        60112 kB
NFS_Unstable:          0 kB
Bounce:                0 kB
WritebackTmp:          0 kB
CommitLimit:     6660208 kB
Committed_AS:   71187764 kB
VmallocTotal:   263061440 kB
VmallocUsed:       86848 kB
VmallocChunk:          0 kB
Percpu:             7648 kB
CmaTotal:         315392 kB
CmaFree:               0 kB
MemTotal:        5980404 kB
MemFree:         1275468 kB
MemAvailable:    2847748 kB
Buffers:            4912 kB
Cached:          1595152 kB
SwapCached:            0 kB
Active:          1267136 kB
Inactive:        1422184 kB
Active(anon):    1095808 kB
Inactive(anon):    18048 kB
Active(file):     171328 kB
Inactive(file):  1404136 kB
Unevictable:        5632 kB
Mlocked:            5632 kB
SwapTotal:       3670008 kB
SwapFree:        3670008 kB
Dirty:               572 kB
Writeback:             0 kB
AnonPages:       1095044 kB
Mapped:           813216 kB
Shmem:             20008 kB
KReclaimable:     559248 kB
Slab:             223312 kB
SReclaimable:      67844 kB
SUnreclaim:       155468 kB
KernelStack:       46480 kB
PageTables:        60032 kB
NFS_Unstable:          0 kB
Bounce:                0 kB
WritebackTmp:          0 kB
CommitLimit:     6660208 kB
Committed_AS:   71190852 kB
VmallocTotal:   263061440 kB
VmallocUsed:       86864 kB
VmallocChunk:          0 kB
Percpu:             7648 kB
CmaTotal:         315392 kB
CmaFree:               0 kB
MemTotal:        5980404 kB
MemFree:         1277564 kB
MemAvailable:    2849844 kB
Buffers:            4912 kB
Cached:          1595152 kB
SwapCached:            0 kB
Active:          1263532 kB
Inactive:        1422184 kB
Active(anon):    1092204 kB
Inactive(anon):    18048 kB
Active(file):     171328 kB
Inactive(file):  1404136 kB
Unevictable:        5632 kB
Mlocked:            5632 kB
SwapTotal:       3670008 kB
SwapFree:        3670008 kB
Dirty:               572 kB
Writeback:             0 kB
AnonPages:       1091400 kB
Mapped:           813152 kB
Shmem:             20008 kB
KReclaimable:     559248 kB
Slab:             223344 kB
SReclaimable:      67844 kB
SUnreclaim:       155500 kB
KernelStack:       46400 kB
PageTables:        59916 kB
NFS_Unstable:          0 kB
Bounce:                0 kB
WritebackTmp:          0 kB
CommitLimit:     6660208 kB
Committed_AS:   71200964 kB
VmallocTotal:   263061440 kB
VmallocUsed:       86816 kB
VmallocChunk:          0 kB
Percpu:             7648 kB
CmaTotal:         315392 kB
CmaFree:               0 kB
MemTotal:        5980404 kB
MemFree:         1276288 kB
MemAvailable:    2848568 kB
Buffers:            4912 kB
Cached:          1595152 kB
SwapCached:            0 kB
Active:          1264660 kB
Inactive:        1422184 kB
Active(anon):    1093332 kB
Inactive(anon):    18048 kB
Active(file):     171328 kB
Inactive(file):  1404136 kB
Unevictable:        5632 kB
Mlocked:            5632 kB
SwapTotal:       3670008 kB
SwapFree:        3670008 kB
Dirty:               572 kB
Writeback:             0 kB
AnonPages:       1092068 kB
Mapped:           813496 kB
Shmem:             20008 kB
KReclaimable:     559248 kB
Slab:             223480 kB
SReclaimable:      67844 kB
SUnreclaim:       155636 kB
KernelStack:       46480 kB
PageTables:        60256 kB
NFS_Unstable:          0 kB
Bounce:                0 kB
WritebackTmp:          0 kB
CommitLimit:     6660208 kB
Committed_AS:   71199596 kB
VmallocTotal:   263061440 kB
VmallocUsed:       86816 kB
VmallocChunk:          0 kB
Percpu:             7648 kB
CmaTotal:         315392 kB
CmaFree:               0 kB
MemTotal:        5980404 kB
MemFree:         1276708 kB
MemAvailable:    2848996 kB
Buffers:            4912 kB
Cached:          1595160 kB
SwapCached:            0 kB
Active:          1265132 kB
Inactive:        1422188 kB
Active(anon):    1093800 kB
Inactive(anon):    18048 kB
Active(file):     171332 kB
Inactive(file):  1404140 kB
Unevictable:        5632 kB
Mlocked:            5632 kB
SwapTotal:       3670008 kB
SwapFree:        3670008 kB
Dirty:               580 kB
Writeback:             0 kB
AnonPages:       1092864 kB
Mapped:           813184 kB
Shmem:             20008 kB
KReclaimable:     559248 kB
Slab:             223416 kB
SReclaimable:      67844 kB
SUnreclaim:       155572 kB
KernelStack:       46480 kB
PageTables:        60216 kB
NFS_Unstable:          0 kB
Bounce:                0 kB
WritebackTmp:          0 kB
CommitLimit:     6660208 kB
Committed_AS:   71197920 kB
VmallocTotal:   263061440 kB
VmallocUsed:       86816 kB
