MemTotal:       12113132 kB
MemFree:         6246080 kB
MemAvailable:    7730516 kB
Buffers:            5284 kB
Cached:          1822960 kB
SwapCached:            0 kB
Active:          1608156 kB
Inactive:        1583620 kB
Active(anon):    1369948 kB
Inactive(anon):    24812 kB
Active(file):     238208 kB
Inactive(file):  1558808 kB
Unevictable:        5532 kB
Mlocked:            5532 kB
SwapTotal:       3145724 kB
SwapFree:        3145724 kB
Dirty:               172 kB
Writeback:             0 kB
AnonPages:       1368660 kB
Mapped:           874236 kB
Shmem:             26748 kB
KReclaimable:     556124 kB
Slab:             225504 kB
SReclaimable:      76344 kB
SUnreclaim:       149160 kB
KernelStack:       48548 kB
PageTables:        67776 kB
NFS_Unstable:          0 kB
Bounce:                0 kB
WritebackTmp:          0 kB
CommitLimit:     9202288 kB
Committed_AS:   75050880 kB
VmallocTotal:   263061440 kB
VmallocUsed:      105768 kB
VmallocChunk:          0 kB
Percpu:             7648 kB
CmaTotal:         294912 kB
CmaFree:               0 kB
MemTotal:       12113132 kB
MemFree:         6255804 kB
MemAvailable:    7740336 kB
Buffers:            5284 kB
Cached:          1823060 kB
SwapCached:            0 kB
Active:          1597816 kB
Inactive:        1583672 kB
Active(anon):    1359564 kB
Inactive(anon):    24812 kB
Active(file):     238252 kB
Inactive(file):  1558860 kB
Unevictable:        5532 kB
Mlocked:            5532 kB
SwapTotal:       3145724 kB
SwapFree:        3145724 kB
Dirty:               228 kB
Writeback:             0 kB
AnonPages:       1358812 kB
Mapped:           874104 kB
Shmem:             26748 kB
KReclaimable:     556124 kB
Slab:             225528 kB
SReclaimable:      76344 kB
SUnreclaim:       149184 kB
KernelStack:       48672 kB
PageTables:        67900 kB
NFS_Unstable:          0 kB
Bounce:                0 kB
WritebackTmp:          0 kB
CommitLimit:     9202288 kB
Committed_AS:   75045196 kB
VmallocTotal:   263061440 kB
VmallocUsed:      105736 kB
VmallocChunk:          0 kB
Percpu:             7648 kB
CmaTotal:         294912 kB
CmaFree:               0 kB
MemTotal:       12113132 kB
MemFree:         6256436 kB
MemAvailable:    7740976 kB
Buffers:            5284 kB
Cached:          1823064 kB
SwapCached:            0 kB
Active:          1598264 kB
Inactive:        1583680 kB
Active(anon):    1360012 kB
Inactive(anon):    24812 kB
Active(file):     238252 kB
Inactive(file):  1558868 kB
Unevictable:        5532 kB
Mlocked:            5532 kB
SwapTotal:       3145724 kB
SwapFree:        3145724 kB
Dirty:               232 kB
Writeback:             0 kB
AnonPages:       1359036 kB
Mapped:           874352 kB
Shmem:             26748 kB
KReclaimable:     556124 kB
Slab:             225492 kB
SReclaimable:      76344 kB
SUnreclaim:       149148 kB
KernelStack:       48692 kB
PageTables:        67652 kB
NFS_Unstable:          0 kB
Bounce:                0 kB
WritebackTmp:          0 kB
CommitLimit:     9202288 kB
Committed_AS:   75048672 kB
VmallocTotal:   263061440 kB
VmallocUsed:      105832 kB
VmallocChunk:          0 kB
Percpu:             7648 kB
CmaTotal:         294912 kB
CmaFree:               0 kB
MemTotal:       12113132 kB
MemFree:         6255308 kB
MemAvailable:    7739860 kB
Buffers:            5284 kB
Cached:          1823076 kB
SwapCached:            0 kB
Active:          1599504 kB
Inactive:        1583692 kB
Active(anon):    1361252 kB
Inactive(anon):    24812 kB
Active(file):     238252 kB
Inactive(file):  1558880 kB
Unevictable:        5532 kB
Mlocked:            5532 kB
SwapTotal:       3145724 kB
SwapFree:        3145724 kB
Dirty:               204 kB
Writeback:             0 kB
AnonPages:       1360180 kB
Mapped:           874260 kB
Shmem:             26748 kB
KReclaimable:     556124 kB
Slab:             225532 kB
SReclaimable:      76344 kB
SUnreclaim:       149188 kB
KernelStack:       48624 kB
PageTables:        67552 kB
NFS_Unstable:          0 kB
Bounce:                0 kB
WritebackTmp:          0 kB
CommitLimit:     9202288 kB
Committed_AS:   75054688 kB
VmallocTotal:   263061440 kB
VmallocUsed:      105800 kB
VmallocChunk:          0 kB
Percpu:             7648 kB
CmaTotal:         294912 kB
CmaFree:               0 kB
MemTotal:       12113132 kB
MemFree:         6253936 kB
MemAvailable:    7738504 kB
Buffers:            5284 kB
Cached:          1823092 kB
SwapCached:            0 kB
Active:          1599940 kB
Inactive:        1583708 kB
Active(anon):    1361688 kB
Inactive(anon):    24812 kB
Active(file):     238252 kB
Inactive(file):  1558896 kB
Unevictable:        5532 kB
Mlocked:            5532 kB
SwapTotal:       3145724 kB
SwapFree:        3145724 kB
Dirty:               236 kB
Writeback:             0 kB
AnonPages:       1360692 kB
Mapped:           874308 kB
Shmem:             26748 kB
KReclaimable:     556124 kB
Slab:             225484 kB
SReclaimable:      76344 kB
SUnreclaim:       149140 kB
KernelStack:       48560 kB
PageTables:        67592 kB
NFS_Unstable:          0 kB
Bounce:                0 kB
WritebackTmp:          0 kB
CommitLimit:     9202288 kB
Committed_AS:   75055908 kB
VmallocTotal:   263061440 kB
VmallocUsed:      105800 kB
VmallocChunk:          0 kB
Percpu:             7648 kB
CmaTotal:         294912 kB
CmaFree:               0 kB
MemTotal:       12113132 kB
MemFree:         6253896 kB
MemAvailable:    7738472 kB
Buffers:            5284 kB
Cached:          1823100 kB
SwapCached:            0 kB
Active:          1600632 kB
Inactive:        1583716 kB
Active(anon):    1362380 kB
Inactive(anon):    24812 kB
Active(file):     238252 kB
Inactive(file):  1558904 kB
Unevictable:        5532 kB
Mlocked:            5532 kB
SwapTotal:       3145724 kB
SwapFree:        3145724 kB
Dirty:               256 kB
Writeback:             0 kB
AnonPages:       1361292 kB
Mapped:           874212 kB
Shmem:             26748 kB
KReclaimable:     556124 kB
Slab:             225532 kB
SReclaimable:      76344 kB
SUnreclaim:       149188 kB
KernelStack:       48592 kB
PageTables:        67560 kB
NFS_Unstable:          0 kB
Bounce:                0 kB
WritebackTmp:          0 kB
CommitLimit:     9202288 kB
Committed_AS:   75055732 kB
VmallocTotal:   263061440 kB
VmallocUsed:      105800 kB
VmallocChunk:          0 kB
Percpu:             7648 kB
CmaTotal:         294912 kB
CmaFree:               0 kB
MemTotal:       12113132 kB
MemFree:         6253128 kB
MemAvailable:    7737712 kB
Buffers:            5284 kB
Cached:          1823108 kB
SwapCached:            0 kB
Active:          1601112 kB
Inactive:        1583724 kB
Active(anon):    1362860 kB
Inactive(anon):    24812 kB
Active(file):     238252 kB
Inactive(file):  1558912 kB
Unevictable:        5532 kB
Mlocked:            5532 kB
SwapTotal:       3145724 kB
SwapFree:        3145724 kB
Dirty:               264 kB
Writeback:             0 kB
AnonPages:       1361804 kB
Mapped:           874308 kB
Shmem:             26748 kB
KReclaimable:     556124 kB
Slab:             225524 kB
SReclaimable:      76344 kB
SUnreclaim:       149180 kB
KernelStack:       48624 kB
PageTables:        67652 kB
NFS_Unstable:          0 kB
Bounce:                0 kB
WritebackTmp:          0 kB
CommitLimit:     9202288 kB
Committed_AS:   75052764 kB
VmallocTotal:   263061440 kB
VmallocUsed:      105784 kB
VmallocChunk:          0 kB
Percpu:             7648 kB
CmaTotal:         294912 kB
CmaFree:               0 kB
MemTotal:       12113132 kB
MemFree:         6252156 kB
MemAvailable:    7736752 kB
Buffers:            5284 kB
Cached:          1823120 kB
SwapCached:            0 kB
Active:          1601552 kB
Inactive:        1583736 kB
Active(anon):    1363300 kB
Inactive(anon):    24812 kB
Active(file):     238252 kB
Inactive(file):  1558924 kB
Unevictable:        5532 kB
Mlocked:            5532 kB
SwapTotal:       3145724 kB
SwapFree:        3145724 kB
Dirty:               128 kB
Writeback:             0 kB
AnonPages:       1362420 kB
Mapped:           874092 kB
Shmem:             26748 kB
KReclaimable:     556124 kB
Slab:             225528 kB
SReclaimable:      76344 kB
SUnreclaim:       149184 kB
KernelStack:       48656 kB
PageTables:        67768 kB
NFS_Unstable:          0 kB
Bounce:                0 kB
WritebackTmp:          0 kB
CommitLimit:     9202288 kB
Committed_AS:   75041784 kB
VmallocTotal:   263061440 kB
VmallocUsed:      105784 kB
VmallocChunk:          0 kB
Percpu:             7648 kB
CmaTotal:         294912 kB
CmaFree:               0 kB
MemTotal:       12113132 kB
MemFree:         6251540 kB
MemAvailable:    7736144 kB
Buffers:            5284 kB
Cached:          1823132 kB
SwapCached:            0 kB
Active:          1602408 kB
Inactive:        1583752 kB
Active(anon):    1364160 kB
Inactive(anon):    24816 kB
Active(file):     238248 kB
Inactive(file):  1558936 kB
Unevictable:        5532 kB
Mlocked:            5532 kB
SwapTotal:       3145724 kB
SwapFree:        3145724 kB
Dirty:               216 kB
Writeback:             0 kB
AnonPages:       1363216 kB
Mapped:           874264 kB
Shmem:             26752 kB
KReclaimable:     556124 kB
Slab:             225536 kB
SReclaimable:      76344 kB
SUnreclaim:       149192 kB
KernelStack:       48656 kB
PageTables:        67660 kB
NFS_Unstable:          0 kB
Bounce:                0 kB
WritebackTmp:          0 kB
CommitLimit:     9202288 kB
Committed_AS:   75046920 kB
VmallocTotal:   263061440 kB
VmallocUsed:      105816 kB
VmallocChunk:          0 kB
Percpu:             7648 kB
CmaTotal:         294912 kB
CmaFree:              80 kB
MemTotal:       12113132 kB
MemFree:         6249524 kB
MemAvailable:    7734144 kB
Buffers:            5284 kB
Cached:          1823148 kB
SwapCached:            0 kB
Active:          1603636 kB
Inactive:        1583764 kB
Active(anon):    1365384 kB
Inactive(anon):    24816 kB
Active(file):     238252 kB
Inactive(file):  1558948 kB
Unevictable:        5532 kB
Mlocked:            5532 kB
SwapTotal:       3145724 kB
SwapFree:        3145724 kB
Dirty:               232 kB
Writeback:             0 kB
AnonPages:       1364540 kB
Mapped:           874084 kB
Shmem:             26752 kB
KReclaimable:     556124 kB
Slab:             225512 kB
SReclaimable:      76344 kB
SUnreclaim:       149168 kB
KernelStack:       48656 kB
PageTables:        67760 kB
NFS_Unstable:          0 kB
Bounce:                0 kB
WritebackTmp:          0 kB
CommitLimit:     9202288 kB
Committed_AS:   75053320 kB
VmallocTotal:   263061440 kB
VmallocUsed:      105816 kB
VmallocChunk:          0 kB
Percpu:             7648 kB
CmaTotal:         294912 kB
CmaFree:               0 kB
MemTotal:       12113132 kB
MemFree:         6250696 kB
MemAvailable:    7735324 kB
Buffers:            5284 kB
Cached:          1823156 kB
SwapCached:            0 kB
Active:          1604384 kB
Inactive:        1583768 kB
Active(anon):    1366128 kB
Inactive(anon):    24816 kB
Active(file):     238256 kB
Inactive(file):  1558952 kB
Unevictable:        5532 kB
Mlocked:            5532 kB
SwapTotal:       3145724 kB
SwapFree:        3145724 kB
Dirty:               240 kB
Writeback:             0 kB
AnonPages:       1365016 kB
Mapped:           874284 kB
Shmem:             26752 kB
KReclaimable:     556124 kB
Slab:             225520 kB
SReclaimable:      76344 kB
SUnreclaim:       149176 kB
KernelStack:       48604 kB
PageTables:        67648 kB
NFS_Unstable:          0 kB
Bounce:                0 kB
WritebackTmp:          0 kB
CommitLimit:     9202288 kB
Committed_AS:   75053008 kB
VmallocTotal:   263061440 kB
VmallocUsed:      105784 kB
VmallocChunk:          0 kB
Percpu:             7648 kB
CmaTotal:         294912 kB
CmaFree:               0 kB
MemTotal:       12113132 kB
MemFree:         6250588 kB
MemAvailable:    7735272 kB
Buffers:            5284 kB
Cached:          1823180 kB
SwapCached:            0 kB
Active:          1604852 kB
Inactive:        1583796 kB
Active(anon):    1366600 kB
Inactive(anon):    24816 kB
Active(file):     238252 kB
Inactive(file):  1558980 kB
Unevictable:        5532 kB
Mlocked:            5532 kB
SwapTotal:       3145724 kB
SwapFree:        3145724 kB
Dirty:               292 kB
Writeback:             0 kB
AnonPages:       1365820 kB
Mapped:           874048 kB
Shmem:             26752 kB
KReclaimable:     556124 kB
Slab:             225532 kB
SReclaimable:      76344 kB
SUnreclaim:       149188 kB
KernelStack:       48640 kB
PageTables:        67684 kB
NFS_Unstable:          0 kB
Bounce:                0 kB
WritebackTmp:          0 kB
CommitLimit:     9202288 kB
Committed_AS:   75057736 kB
VmallocTotal:   263061440 kB
VmallocUsed:      105784 kB
VmallocChunk:          0 kB
Percpu:             7648 kB
CmaTotal:         294912 kB
CmaFree:               4 kB
MemTotal:       12113132 kB
MemFree:         6248504 kB
MemAvailable:    7733180 kB
Buffers:            5284 kB
Cached:          1823204 kB
SwapCached:            0 kB
Active:          1605556 kB
Inactive:        1583820 kB
Active(anon):    1367304 kB
Inactive(anon):    24816 kB
Active(file):     238252 kB
Inactive(file):  1559004 kB
Unevictable:        5532 kB
Mlocked:            5532 kB
SwapTotal:       3145724 kB
SwapFree:        3145724 kB
Dirty:               144 kB
Writeback:             0 kB
AnonPages:       1366096 kB
Mapped:           874104 kB
Shmem:             26752 kB
KReclaimable:     556124 kB
Slab:             225524 kB
SReclaimable:      76344 kB
SUnreclaim:       149180 kB
KernelStack:       48640 kB
PageTables:        67692 kB
NFS_Unstable:          0 kB
Bounce:                0 kB
WritebackTmp:          0 kB
CommitLimit:     9202288 kB
Committed_AS:   75054240 kB
VmallocTotal:   263061440 kB
VmallocUsed:      105800 kB
VmallocChunk:          0 kB
Percpu:             7648 kB
CmaTotal:         294912 kB
CmaFree:               0 kB
MemTotal:       12113132 kB
MemFree:         6247732 kB
MemAvailable:    7732416 kB
Buffers:            5284 kB
Cached:          1823212 kB
SwapCached:            0 kB
Active:          1606460 kB
Inactive:        1583828 kB
Active(anon):    1368208 kB
Inactive(anon):    24816 kB
Active(file):     238252 kB
Inactive(file):  1559012 kB
Unevictable:        5532 kB
Mlocked:            5532 kB
SwapTotal:       3145724 kB
SwapFree:        3145724 kB
Dirty:               188 kB
Writeback:             0 kB
AnonPages:       1366948 kB
Mapped:           874276 kB
Shmem:             26752 kB
KReclaimable:     556124 kB
Slab:             225540 kB
SReclaimable:      76344 kB
SUnreclaim:       149196 kB
KernelStack:       48660 kB
PageTables:        67580 kB
NFS_Unstable:          0 kB
Bounce:                0 kB
WritebackTmp:          0 kB
CommitLimit:     9202288 kB
Committed_AS:   75048628 kB
VmallocTotal:   263061440 kB
VmallocUsed:      105800 kB
VmallocChunk:          0 kB
Percpu:             7648 kB
CmaTotal:         294912 kB
CmaFree:              12 kB
MemTotal:       12113132 kB
MemFree:         6247804 kB
MemAvailable:    7732568 kB
Buffers:            5284 kB
Cached:          1823252 kB
SwapCached:            0 kB
Active:          1606736 kB
Inactive:        1583864 kB
Active(anon):    1368480 kB
Inactive(anon):    24816 kB
Active(file):     238256 kB
Inactive(file):  1559048 kB
Unevictable:        5532 kB
Mlocked:            5532 kB
SwapTotal:       3145724 kB
SwapFree:        3145724 kB
Dirty:               224 kB
Writeback:             0 kB
AnonPages:       1367480 kB
Mapped:           874092 kB
Shmem:             26752 kB
KReclaimable:     556164 kB
Slab:             225560 kB
SReclaimable:      76384 kB
SUnreclaim:       149176 kB
KernelStack:       48672 kB
PageTables:        67876 kB
NFS_Unstable:          0 kB
Bounce:                0 kB
WritebackTmp:          0 kB
CommitLimit:     9202288 kB
Committed_AS:   75051000 kB
VmallocTotal:   263061440 kB
VmallocUsed:      105816 kB
VmallocChunk:          0 kB
Percpu:             7648 kB
CmaTotal:         294912 kB
CmaFree:               0 kB
MemTotal:       12113132 kB
MemFree:         6247700 kB
MemAvailable:    7732456 kB
Buffers:            5288 kB
Cached:          1823240 kB
SwapCached:            0 kB
Active:          1607684 kB
Inactive:        1583860 kB
Active(anon):    1369432 kB
Inactive(anon):    24816 kB
Active(file):     238252 kB
Inactive(file):  1559044 kB
Unevictable:        5532 kB
Mlocked:            5532 kB
SwapTotal:       3145724 kB
SwapFree:        3145724 kB
Dirty:               272 kB
Writeback:             0 kB
AnonPages:       1368564 kB
Mapped:           874088 kB
Shmem:             26752 kB
KReclaimable:     556164 kB
Slab:             225572 kB
SReclaimable:      76384 kB
SUnreclaim:       149188 kB
KernelStack:       48672 kB
PageTables:        67760 kB
NFS_Unstable:          0 kB
Bounce:                0 kB
WritebackTmp:          0 kB
CommitLimit:     9202288 kB
Committed_AS:   75056568 kB
VmallocTotal:   263061440 kB
VmallocUsed:      105784 kB
VmallocChunk:          0 kB
Percpu:             7648 kB
CmaTotal:         294912 kB
CmaFree:               0 kB
MemTotal:       12113132 kB
MemFree:         6277156 kB
MemAvailable:    7761948 kB
Buffers:            5288 kB
Cached:          1823268 kB
SwapCached:            0 kB
Active:          1574184 kB
Inactive:        1583884 kB
Active(anon):    1335928 kB
Inactive(anon):    24816 kB
Active(file):     238256 kB
Inactive(file):  1559068 kB
Unevictable:        5532 kB
Mlocked:            5532 kB
SwapTotal:       3145724 kB
SwapFree:        3145724 kB
Dirty:               296 kB
Writeback:             0 kB
AnonPages:       1335292 kB
Mapped:           874276 kB
Shmem:             26752 kB
KReclaimable:     556172 kB
Slab:             225576 kB
SReclaimable:      76392 kB
SUnreclaim:       149184 kB
KernelStack:       48592 kB
PageTables:        67604 kB
NFS_Unstable:          0 kB
Bounce:                0 kB
WritebackTmp:          0 kB
CommitLimit:     9202288 kB
Committed_AS:   75061972 kB
VmallocTotal:   263061440 kB
VmallocUsed:      105832 kB
VmallocChunk:          0 kB
Percpu:             7648 kB
CmaTotal:         294912 kB
CmaFree:               0 kB
MemTotal:       12113132 kB
MemFree:         6253168 kB
MemAvailable:    7737972 kB
Buffers:            5288 kB
Cached:          1823296 kB
SwapCached:            0 kB
Active:          1601780 kB
Inactive:        1583912 kB
Active(anon):    1363524 kB
Inactive(anon):    24840 kB
Active(file):     238256 kB
Inactive(file):  1559072 kB
Unevictable:        5532 kB
Mlocked:            5532 kB
SwapTotal:       3145724 kB
SwapFree:        3145724 kB
Dirty:               232 kB
Writeback:             0 kB
AnonPages:       1362284 kB
Mapped:           874084 kB
Shmem:             26776 kB
KReclaimable:     556180 kB
Slab:             225568 kB
SReclaimable:      76400 kB
SUnreclaim:       149168 kB
KernelStack:       48656 kB
PageTables:        67792 kB
NFS_Unstable:          0 kB
Bounce:                0 kB
WritebackTmp:          0 kB
CommitLimit:     9202288 kB
Committed_AS:   75058072 kB
VmallocTotal:   263061440 kB
VmallocUsed:      105832 kB
VmallocChunk:          0 kB
Percpu:             7648 kB
CmaTotal:         294912 kB
CmaFree:               0 kB
MemTotal:       12113132 kB
MemFree:         6252160 kB
MemAvailable:    7736964 kB
Buffers:            5288 kB
Cached:          1823308 kB
SwapCached:            0 kB
Active:          1601936 kB
Inactive:        1583924 kB
Active(anon):    1363680 kB
Inactive(anon):    24844 kB
Active(file):     238256 kB
Inactive(file):  1559080 kB
Unevictable:        5532 kB
Mlocked:            5532 kB
SwapTotal:       3145724 kB
SwapFree:        3145724 kB
Dirty:               280 kB
Writeback:             0 kB
AnonPages:       1362956 kB
Mapped:           874096 kB
Shmem:             26780 kB
KReclaimable:     556172 kB
Slab:             225560 kB
SReclaimable:      76392 kB
SUnreclaim:       149168 kB
KernelStack:       48592 kB
PageTables:        67632 kB
NFS_Unstable:          0 kB
Bounce:                0 kB
WritebackTmp:          0 kB
CommitLimit:     9202288 kB
Committed_AS:   75056124 kB
VmallocTotal:   263061440 kB
VmallocUsed:      105800 kB
VmallocChunk:          0 kB
Percpu:             7648 kB
CmaTotal:         294912 kB
CmaFree:               0 kB
MemTotal:       12113132 kB
MemFree:         6251268 kB
MemAvailable:    7736084 kB
Buffers:            5288 kB
Cached:          1823320 kB
SwapCached:            0 kB
Active:          1602364 kB
Inactive:        1583936 kB
Active(anon):    1364108 kB
Inactive(anon):    24844 kB
Active(file):     238256 kB
Inactive(file):  1559092 kB
Unevictable:        5532 kB
Mlocked:            5532 kB
SwapTotal:       3145724 kB
SwapFree:        3145724 kB
Dirty:               292 kB
Writeback:             0 kB
AnonPages:       1363196 kB
Mapped:           874188 kB
Shmem:             26780 kB
KReclaimable:     556172 kB
Slab:             225572 kB
SReclaimable:      76392 kB
SUnreclaim:       149180 kB
KernelStack:       48672 kB
PageTables:        67804 kB
NFS_Unstable:          0 kB
Bounce:                0 kB
WritebackTmp:          0 kB
CommitLimit:     9202288 kB
Committed_AS:   75052356 kB
VmallocTotal:   263061440 kB
VmallocUsed:      105832 kB
VmallocChunk:          0 kB
Percpu:             7648 kB
CmaTotal:         294912 kB
CmaFree:               0 kB
MemTotal:       12113132 kB
MemFree:         6245140 kB
MemAvailable:    7729976 kB
Buffers:            5288 kB
Cached:          1823100 kB
SwapCached:            0 kB
Active:          1608760 kB
Inactive:        1583732 kB
Active(anon):    1370500 kB
Inactive(anon):    24624 kB
Active(file):     238260 kB
Inactive(file):  1559108 kB
Unevictable:        5532 kB
Mlocked:            5532 kB
SwapTotal:       3145724 kB
SwapFree:        3145724 kB
Dirty:               332 kB
Writeback:             0 kB
AnonPages:       1369628 kB
Mapped:           873928 kB
Shmem:             26540 kB
KReclaimable:     556172 kB
Slab:             225556 kB
SReclaimable:      76392 kB
SUnreclaim:       149164 kB
KernelStack:       48608 kB
PageTables:        67572 kB
NFS_Unstable:          0 kB
Bounce:                0 kB
WritebackTmp:          0 kB
CommitLimit:     9202288 kB
Committed_AS:   75072128 kB
VmallocTotal:   263061440 kB
VmallocUsed:      105832 kB
VmallocChunk:          0 kB
Percpu:             7648 kB
CmaTotal:         294912 kB
CmaFree:               0 kB
MemTotal:       12113132 kB
MemFree:         6242608 kB
MemAvailable:    7727576 kB
Buffers:            5288 kB
Cached:          1823472 kB
SwapCached:            0 kB
Active:          1611260 kB
Inactive:        1584140 kB
Active(anon):    1373060 kB
Inactive(anon):    24852 kB
Active(file):     238200 kB
Inactive(file):  1559288 kB
Unevictable:        5532 kB
Mlocked:            5532 kB
SwapTotal:       3145724 kB
SwapFree:        3145724 kB
Dirty:               168 kB
Writeback:             0 kB
AnonPages:       1372348 kB
Mapped:           874304 kB
Shmem:             26788 kB
KReclaimable:     556184 kB
Slab:             225572 kB
SReclaimable:      76404 kB
SUnreclaim:       149168 kB
KernelStack:       48608 kB
PageTables:        67736 kB
NFS_Unstable:          0 kB
Bounce:                0 kB
WritebackTmp:          0 kB
CommitLimit:     9202288 kB
Committed_AS:   75067836 kB
VmallocTotal:   263061440 kB
VmallocUsed:      105832 kB
VmallocChunk:          0 kB
Percpu:             7648 kB
CmaTotal:         294912 kB
CmaFree:               0 kB
MemTotal:       12113132 kB
MemFree:         6242008 kB
MemAvailable:    7727052 kB
Buffers:            5288 kB
Cached:          1823540 kB
SwapCached:            0 kB
Active:          1611896 kB
Inactive:        1584152 kB
Active(anon):    1373636 kB
Inactive(anon):    24856 kB
Active(file):     238260 kB
Inactive(file):  1559296 kB
Unevictable:        5532 kB
Mlocked:            5532 kB
SwapTotal:       3145724 kB
SwapFree:        3145724 kB
Dirty:               264 kB
Writeback:             0 kB
AnonPages:       1372832 kB
Mapped:           874300 kB
Shmem:             26792 kB
KReclaimable:     556192 kB
Slab:             225528 kB
SReclaimable:      76412 kB
SUnreclaim:       149116 kB
KernelStack:       48656 kB
PageTables:        67544 kB
NFS_Unstable:          0 kB
Bounce:                0 kB
WritebackTmp:          0 kB
CommitLimit:     9202288 kB
Committed_AS:   75060956 kB
VmallocTotal:   263061440 kB
VmallocUsed:      105816 kB
VmallocChunk:          0 kB
Percpu:             7648 kB
CmaTotal:         294912 kB
CmaFree:               0 kB
MemTotal:       12113132 kB
MemFree:         6253948 kB
MemAvailable:    7739000 kB
Buffers:            5288 kB
Cached:          1823556 kB
SwapCached:            0 kB
Active:          1600864 kB
Inactive:        1584168 kB
Active(anon):    1362604 kB
Inactive(anon):    24856 kB
Active(file):     238260 kB
Inactive(file):  1559312 kB
Unevictable:        5532 kB
Mlocked:            5532 kB
SwapTotal:       3145724 kB
SwapFree:        3145724 kB
Dirty:               304 kB
Writeback:             0 kB
AnonPages:       1361776 kB
Mapped:           874140 kB
Shmem:             26792 kB
KReclaimable:     556184 kB
Slab:             225584 kB
SReclaimable:      76404 kB
SUnreclaim:       149180 kB
KernelStack:       48688 kB
PageTables:        67572 kB
NFS_Unstable:          0 kB
Bounce:                0 kB
WritebackTmp:          0 kB
CommitLimit:     9202288 kB
Committed_AS:   75050104 kB
VmallocTotal:   263061440 kB
VmallocUsed:      105784 kB
VmallocChunk:          0 kB
Percpu:             7648 kB
CmaTotal:         294912 kB
CmaFree:               0 kB
MemTotal:       12113132 kB
MemFree:         6251560 kB
MemAvailable:    7736632 kB
Buffers:            5288 kB
Cached:          1823572 kB
SwapCached:            0 kB
Active:          1601316 kB
Inactive:        1584184 kB
Active(anon):    1363056 kB
Inactive(anon):    24860 kB
Active(file):     238260 kB
Inactive(file):  1559324 kB
Unevictable:        5532 kB
Mlocked:            5532 kB
SwapTotal:       3145724 kB
SwapFree:        3145724 kB
Dirty:               324 kB
Writeback:             0 kB
AnonPages:       1362220 kB
Mapped:           874124 kB
Shmem:             26796 kB
KReclaimable:     556192 kB
Slab:             225596 kB
SReclaimable:      76412 kB
SUnreclaim:       149184 kB
KernelStack:       48608 kB
PageTables:        67652 kB
NFS_Unstable:          0 kB
Bounce:                0 kB
WritebackTmp:          0 kB
CommitLimit:     9202288 kB
Committed_AS:   75060588 kB
VmallocTotal:   263061440 kB
VmallocUsed:      105816 kB
VmallocChunk:          0 kB
Percpu:             7648 kB
CmaTotal:         294912 kB
CmaFree:              84 kB
MemTotal:       12113132 kB
MemFree:         6250920 kB
MemAvailable:    7735980 kB
Buffers:            5288 kB
Cached:          1823568 kB
SwapCached:            0 kB
Active:          1601764 kB
Inactive:        1584184 kB
Active(anon):    1363508 kB
Inactive(anon):    24860 kB
Active(file):     238256 kB
Inactive(file):  1559324 kB
Unevictable:        5532 kB
Mlocked:            5532 kB
SwapTotal:       3145724 kB
SwapFree:        3145724 kB
Dirty:               360 kB
Writeback:             0 kB
AnonPages:       1362836 kB
Mapped:           874136 kB
Shmem:             26796 kB
KReclaimable:     556184 kB
Slab:             225588 kB
SReclaimable:      76404 kB
SUnreclaim:       149184 kB
KernelStack:       48608 kB
PageTables:        67648 kB
NFS_Unstable:          0 kB
Bounce:                0 kB
WritebackTmp:          0 kB
CommitLimit:     9202288 kB
Committed_AS:   75050740 kB
VmallocTotal:   263061440 kB
VmallocUsed:      105784 kB
VmallocChunk:          0 kB
Percpu:             7648 kB
CmaTotal:         294912 kB
CmaFree:               0 kB
MemTotal:       12113132 kB
MemFree:         6251132 kB
MemAvailable:    7736232 kB
Buffers:            5288 kB
Cached:          1823604 kB
SwapCached:            0 kB
Active:          1603340 kB
Inactive:        1584216 kB
Active(anon):    1365080 kB
Inactive(anon):    24864 kB
Active(file):     238260 kB
Inactive(file):  1559352 kB
Unevictable:        5532 kB
Mlocked:            5532 kB
SwapTotal:       3145724 kB
SwapFree:        3145724 kB
Dirty:               412 kB
Writeback:             0 kB
AnonPages:       1364052 kB
Mapped:           874200 kB
Shmem:             26800 kB
KReclaimable:     556192 kB
Slab:             225600 kB
SReclaimable:      76412 kB
SUnreclaim:       149188 kB
KernelStack:       48672 kB
PageTables:        67772 kB
NFS_Unstable:          0 kB
Bounce:                0 kB
WritebackTmp:          0 kB
CommitLimit:     9202288 kB
Committed_AS:   75060536 kB
VmallocTotal:   263061440 kB
VmallocUsed:      105816 kB
VmallocChunk:          0 kB
Percpu:             7648 kB
CmaTotal:         294912 kB
CmaFree:               0 kB
MemTotal:       12113132 kB
MemFree:         6250700 kB
MemAvailable:    7735800 kB
Buffers:            5288 kB
Cached:          1823612 kB
SwapCached:            0 kB
Active:          1601524 kB
Inactive:        1584224 kB
Active(anon):    1363264 kB
Inactive(anon):    24864 kB
Active(file):     238260 kB
Inactive(file):  1559360 kB
Unevictable:        5532 kB
Mlocked:            5532 kB
SwapTotal:       3145724 kB
SwapFree:        3145724 kB
Dirty:               464 kB
Writeback:             0 kB
AnonPages:       1362368 kB
Mapped:           874436 kB
Shmem:             26800 kB
KReclaimable:     556184 kB
Slab:             225592 kB
SReclaimable:      76404 kB
SUnreclaim:       149188 kB
KernelStack:       48624 kB
PageTables:        67696 kB
NFS_Unstable:          0 kB
Bounce:                0 kB
WritebackTmp:          0 kB
CommitLimit:     9202288 kB
Committed_AS:   75060444 kB
VmallocTotal:   263061440 kB
VmallocUsed:      105832 kB
VmallocChunk:          0 kB
Percpu:             7648 kB
CmaTotal:         294912 kB
CmaFree:             156 kB
MemTotal:       12113132 kB
MemFree:         6251800 kB
MemAvailable:    7736932 kB
Buffers:            5288 kB
Cached:          1823640 kB
SwapCached:            0 kB
Active:          1602940 kB
Inactive:        1584252 kB
Active(anon):    1364680 kB
Inactive(anon):    24868 kB
Active(file):     238260 kB
Inactive(file):  1559384 kB
Unevictable:        5532 kB
Mlocked:            5532 kB
SwapTotal:       3145724 kB
SwapFree:        3145724 kB
Dirty:               504 kB
Writeback:             0 kB
AnonPages:       1363716 kB
Mapped:           874396 kB
Shmem:             26804 kB
KReclaimable:     556192 kB
Slab:             225604 kB
SReclaimable:      76412 kB
SUnreclaim:       149192 kB
KernelStack:       48628 kB
PageTables:        67552 kB
NFS_Unstable:          0 kB
Bounce:                0 kB
WritebackTmp:          0 kB
CommitLimit:     9202288 kB
Committed_AS:   75059228 kB
VmallocTotal:   263061440 kB
VmallocUsed:      105832 kB
VmallocChunk:          0 kB
Percpu:             7648 kB
CmaTotal:         294912 kB
CmaFree:               0 kB
MemTotal:       12113132 kB
MemFree:         6250604 kB
MemAvailable:    7735732 kB
Buffers:            5288 kB
Cached:          1823644 kB
SwapCached:            0 kB
Active:          1603396 kB
Inactive:        1584256 kB
Active(anon):    1365136 kB
Inactive(anon):    24868 kB
Active(file):     238260 kB
Inactive(file):  1559388 kB
Unevictable:        5532 kB
Mlocked:            5532 kB
SwapTotal:       3145724 kB
SwapFree:        3145724 kB
Dirty:               516 kB
Writeback:             0 kB
AnonPages:       1364204 kB
Mapped:           874272 kB
Shmem:             26804 kB
KReclaimable:     556184 kB
Slab:             225596 kB
SReclaimable:      76404 kB
SUnreclaim:       149192 kB
KernelStack:       48656 kB
PageTables:        67776 kB
NFS_Unstable:          0 kB
Bounce:                0 kB
WritebackTmp:          0 kB
CommitLimit:     9202288 kB
Committed_AS:   75055992 kB
VmallocTotal:   263061440 kB
VmallocUsed:      105816 kB
VmallocChunk:          0 kB
Percpu:             7648 kB
CmaTotal:         294912 kB
CmaFree:               0 kB
MemTotal:       12113132 kB
MemFree:         6250724 kB
MemAvailable:    7735864 kB
Buffers:            5288 kB
Cached:          1823656 kB
SwapCached:            0 kB
Active:          1603956 kB
Inactive:        1584268 kB
Active(anon):    1365696 kB
Inactive(anon):    24868 kB
Active(file):     238260 kB
Inactive(file):  1559400 kB
Unevictable:        5532 kB
Mlocked:            5532 kB
SwapTotal:       3145724 kB
SwapFree:        3145724 kB
Dirty:               544 kB
Writeback:             0 kB
AnonPages:       1364876 kB
Mapped:           874400 kB
Shmem:             26804 kB
KReclaimable:     556184 kB
Slab:             225596 kB
SReclaimable:      76404 kB
SUnreclaim:       149192 kB
KernelStack:       48644 kB
PageTables:        67580 kB
NFS_Unstable:          0 kB
Bounce:                0 kB
WritebackTmp:          0 kB
CommitLimit:     9202288 kB
Committed_AS:   75055032 kB
VmallocTotal:   263061440 kB
VmallocUsed:      105832 kB
VmallocChunk:          0 kB
Percpu:             7648 kB
CmaTotal:         294912 kB
CmaFree:               0 kB
MemTotal:       12113132 kB
MemFree:         6250444 kB
MemAvailable:    7735628 kB
Buffers:            5296 kB
Cached:          1823684 kB
SwapCached:            0 kB
Active:          1604036 kB
Inactive:        1584304 kB
Active(anon):    1365776 kB
Inactive(anon):    24868 kB
Active(file):     238260 kB
Inactive(file):  1559436 kB
Unevictable:        5532 kB
Mlocked:            5532 kB
SwapTotal:       3145724 kB
SwapFree:        3145724 kB
Dirty:               532 kB
Writeback:             0 kB
AnonPages:       1365044 kB
Mapped:           874216 kB
Shmem:             26804 kB
KReclaimable:     556192 kB
Slab:             225612 kB
SReclaimable:      76412 kB
SUnreclaim:       149200 kB
KernelStack:       48576 kB
PageTables:        67592 kB
NFS_Unstable:          0 kB
Bounce:                0 kB
WritebackTmp:          0 kB
CommitLimit:     9202288 kB
Committed_AS:   75054036 kB
VmallocTotal:   263061440 kB
VmallocUsed:      105800 kB
VmallocChunk:          0 kB
Percpu:             7648 kB
CmaTotal:         294912 kB
CmaFree:               0 kB
MemTotal:       12113132 kB
MemFree:         6249584 kB
MemAvailable:    7734792 kB
Buffers:            5296 kB
Cached:          1823708 kB
SwapCached:            0 kB
Active:          1604976 kB
Inactive:        1584320 kB
Active(anon):    1366708 kB
Inactive(anon):    24868 kB
Active(file):     238268 kB
Inactive(file):  1559452 kB
Unevictable:        5532 kB
Mlocked:            5532 kB
SwapTotal:       3145724 kB
SwapFree:        3145724 kB
Dirty:               236 kB
Writeback:             0 kB
AnonPages:       1365828 kB
Mapped:           874204 kB
Shmem:             26804 kB
KReclaimable:     556192 kB
Slab:             225604 kB
SReclaimable:      76412 kB
SUnreclaim:       149192 kB
KernelStack:       48624 kB
PageTables:        67764 kB
NFS_Unstable:          0 kB
Bounce:                0 kB
WritebackTmp:          0 kB
CommitLimit:     9202288 kB
Committed_AS:   75055704 kB
VmallocTotal:   263061440 kB
VmallocUsed:      105816 kB
VmallocChunk:          0 kB
Percpu:             7648 kB
CmaTotal:         294912 kB
CmaFree:               0 kB
MemTotal:       12113132 kB
MemFree:         6248868 kB
MemAvailable:    7734084 kB
Buffers:            5296 kB
Cached:          1823716 kB
SwapCached:            0 kB
Active:          1605700 kB
Inactive:        1584328 kB
Active(anon):    1367432 kB
Inactive(anon):    24868 kB
Active(file):     238268 kB
Inactive(file):  1559460 kB
Unevictable:        5532 kB
Mlocked:            5532 kB
SwapTotal:       3145724 kB
SwapFree:        3145724 kB
Dirty:               284 kB
Writeback:             0 kB
AnonPages:       1366156 kB
Mapped:           874188 kB
Shmem:             26804 kB
KReclaimable:     556192 kB
Slab:             225612 kB
SReclaimable:      76412 kB
SUnreclaim:       149200 kB
KernelStack:       48560 kB
PageTables:        67668 kB
NFS_Unstable:          0 kB
Bounce:                0 kB
WritebackTmp:          0 kB
CommitLimit:     9202288 kB
Committed_AS:   75052356 kB
VmallocTotal:   263061440 kB
VmallocUsed:      105800 kB
VmallocChunk:          0 kB
Percpu:             7648 kB
CmaTotal:         294912 kB
CmaFree:               0 kB
MemTotal:       12113132 kB
MemFree:         6247528 kB
MemAvailable:    7732744 kB
Buffers:            5296 kB
Cached:          1823724 kB
SwapCached:            0 kB
Active:          1606820 kB
Inactive:        1584336 kB
Active(anon):    1368552 kB
Inactive(anon):    24868 kB
Active(file):     238268 kB
Inactive(file):  1559468 kB
Unevictable:        5532 kB
Mlocked:            5532 kB
SwapTotal:       3145724 kB
SwapFree:        3145724 kB
Dirty:               344 kB
Writeback:             0 kB
AnonPages:       1367692 kB
Mapped:           874388 kB
Shmem:             26804 kB
KReclaimable:     556184 kB
Slab:             225608 kB
SReclaimable:      76404 kB
SUnreclaim:       149204 kB
KernelStack:       48560 kB
PageTables:        67584 kB
NFS_Unstable:          0 kB
Bounce:                0 kB
WritebackTmp:          0 kB
CommitLimit:     9202288 kB
Committed_AS:   75050732 kB
VmallocTotal:   263061440 kB
VmallocUsed:      105832 kB
VmallocChunk:          0 kB
Percpu:             7648 kB
CmaTotal:         294912 kB
CmaFree:               0 kB
MemTotal:       12113132 kB
MemFree:         6246300 kB
MemAvailable:    7731592 kB
Buffers:            5296 kB
Cached:          1823736 kB
SwapCached:            0 kB
Active:          1607512 kB
Inactive:        1584348 kB
Active(anon):    1369244 kB
Inactive(anon):    24868 kB
Active(file):     238268 kB
Inactive(file):  1559480 kB
Unevictable:        5532 kB
Mlocked:            5532 kB
SwapTotal:       3145724 kB
SwapFree:        3145724 kB
Dirty:               388 kB
Writeback:             0 kB
AnonPages:       1368680 kB
Mapped:           874408 kB
Shmem:             26804 kB
KReclaimable:     556184 kB
Slab:             225568 kB
SReclaimable:      76404 kB
SUnreclaim:       149164 kB
KernelStack:       48620 kB
PageTables:        67676 kB
NFS_Unstable:          0 kB
Bounce:                0 kB
WritebackTmp:          0 kB
CommitLimit:     9202288 kB
Committed_AS:   75065812 kB
VmallocTotal:   263061440 kB
VmallocUsed:      105752 kB
VmallocChunk:          0 kB
Percpu:             7648 kB
CmaTotal:         294912 kB
CmaFree:               0 kB
MemTotal:       12113132 kB
MemFree:         6244888 kB
MemAvailable:    7730144 kB
Buffers:            5296 kB
Cached:          1823752 kB
SwapCached:            0 kB
Active:          1607664 kB
Inactive:        1584364 kB
Active(anon):    1369396 kB
Inactive(anon):    24868 kB
Active(file):     238268 kB
Inactive(file):  1559496 kB
Unevictable:        5532 kB
Mlocked:            5532 kB
SwapTotal:       3145724 kB
SwapFree:        3145724 kB
Dirty:               464 kB
Writeback:             0 kB
AnonPages:       1368584 kB
Mapped:           874196 kB
Shmem:             26804 kB
KReclaimable:     556196 kB
Slab:             225604 kB
SReclaimable:      76416 kB
SUnreclaim:       149188 kB
KernelStack:       48624 kB
PageTables:        67824 kB
NFS_Unstable:          0 kB
Bounce:                0 kB
WritebackTmp:          0 kB
CommitLimit:     9202288 kB
Committed_AS:   75066444 kB
VmallocTotal:   263061440 kB
VmallocUsed:      105784 kB
VmallocChunk:          0 kB
Percpu:             7648 kB
CmaTotal:         294912 kB
CmaFree:               0 kB
MemTotal:       12113132 kB
MemFree:         6244696 kB
MemAvailable:    7729952 kB
Buffers:            5296 kB
Cached:          1823760 kB
SwapCached:            0 kB
Active:          1608760 kB
Inactive:        1584376 kB
Active(anon):    1370496 kB
Inactive(anon):    24868 kB
Active(file):     238264 kB
Inactive(file):  1559508 kB
Unevictable:        5532 kB
Mlocked:            5532 kB
SwapTotal:       3145724 kB
SwapFree:        3145724 kB
Dirty:               244 kB
Writeback:             0 kB
AnonPages:       1369532 kB
Mapped:           874352 kB
Shmem:             26804 kB
KReclaimable:     556188 kB
Slab:             225596 kB
SReclaimable:      76408 kB
SUnreclaim:       149188 kB
KernelStack:       48560 kB
PageTables:        67620 kB
NFS_Unstable:          0 kB
Bounce:                0 kB
WritebackTmp:          0 kB
CommitLimit:     9202288 kB
Committed_AS:   75061324 kB
VmallocTotal:   263061440 kB
VmallocUsed:      105816 kB
VmallocChunk:          0 kB
Percpu:             7648 kB
CmaTotal:         294912 kB
CmaFree:               4 kB
MemTotal:       12113132 kB
MemFree:         6276480 kB
MemAvailable:    7761752 kB
Buffers:            5296 kB
Cached:          1823776 kB
SwapCached:            0 kB
Active:          1576404 kB
Inactive:        1584388 kB
Active(anon):    1338136 kB
Inactive(anon):    24868 kB
Active(file):     238268 kB
Inactive(file):  1559520 kB
Unevictable:        5532 kB
Mlocked:            5532 kB
SwapTotal:       3145724 kB
SwapFree:        3145724 kB
Dirty:               296 kB
Writeback:             0 kB
AnonPages:       1337128 kB
Mapped:           874196 kB
Shmem:             26804 kB
KReclaimable:     556188 kB
Slab:             225588 kB
SReclaimable:      76408 kB
SUnreclaim:       149180 kB
KernelStack:       48576 kB
PageTables:        67668 kB
NFS_Unstable:          0 kB
Bounce:                0 kB
WritebackTmp:          0 kB
CommitLimit:     9202288 kB
Committed_AS:   75065696 kB
VmallocTotal:   263061440 kB
VmallocUsed:      105768 kB
VmallocChunk:          0 kB
Percpu:             7648 kB
CmaTotal:         294912 kB
CmaFree:               0 kB
MemTotal:       12113132 kB
MemFree:         6275872 kB
MemAvailable:    7761148 kB
Buffers:            5296 kB
Cached:          1823780 kB
SwapCached:            0 kB
Active:          1576612 kB
Inactive:        1584396 kB
Active(anon):    1338348 kB
Inactive(anon):    24868 kB
Active(file):     238264 kB
Inactive(file):  1559528 kB
Unevictable:        5532 kB
Mlocked:            5532 kB
SwapTotal:       3145724 kB
SwapFree:        3145724 kB
Dirty:               312 kB
Writeback:             0 kB
AnonPages:       1338208 kB
Mapped:           874324 kB
Shmem:             26804 kB
KReclaimable:     556188 kB
Slab:             225616 kB
SReclaimable:      76408 kB
SUnreclaim:       149208 kB
KernelStack:       48576 kB
PageTables:        67704 kB
NFS_Unstable:          0 kB
Bounce:                0 kB
WritebackTmp:          0 kB
CommitLimit:     9202288 kB
Committed_AS:   75060512 kB
VmallocTotal:   263061440 kB
VmallocUsed:      105784 kB
VmallocChunk:          0 kB
Percpu:             7648 kB
CmaTotal:         294912 kB
CmaFree:               4 kB
MemTotal:       12113132 kB
MemFree:         6273088 kB
MemAvailable:    7758416 kB
Buffers:            5296 kB
Cached:          1823804 kB
SwapCached:            0 kB
Active:          1578996 kB
Inactive:        1584420 kB
Active(anon):    1340732 kB
Inactive(anon):    24872 kB
Active(file):     238264 kB
Inactive(file):  1559548 kB
Unevictable:        5532 kB
Mlocked:            5532 kB
SwapTotal:       3145724 kB
SwapFree:        3145724 kB
Dirty:               384 kB
Writeback:             0 kB
AnonPages:       1340136 kB
Mapped:           874216 kB
Shmem:             26808 kB
KReclaimable:     556220 kB
Slab:             225652 kB
SReclaimable:      76440 kB
SUnreclaim:       149212 kB
KernelStack:       48720 kB
PageTables:        68208 kB
NFS_Unstable:          0 kB
Bounce:                0 kB
WritebackTmp:          0 kB
CommitLimit:     9202288 kB
Committed_AS:   76895528 kB
VmallocTotal:   263061440 kB
VmallocUsed:      105936 kB
VmallocChunk:          0 kB
Percpu:             7648 kB
CmaTotal:         294912 kB
CmaFree:               0 kB
MemTotal:       12113132 kB
MemFree:         6272676 kB
MemAvailable:    7758040 kB
Buffers:            5296 kB
Cached:          1823840 kB
SwapCached:            0 kB
Active:          1579488 kB
Inactive:        1584248 kB
Active(anon):    1341016 kB
Inactive(anon):    24888 kB
Active(file):     238472 kB
Inactive(file):  1559360 kB
Unevictable:        5532 kB
Mlocked:            5532 kB
SwapTotal:       3145724 kB
SwapFree:        3145724 kB
Dirty:               496 kB
Writeback:             0 kB
AnonPages:       1339832 kB
Mapped:           874120 kB
Shmem:             26824 kB
KReclaimable:     556236 kB
Slab:             225400 kB
SReclaimable:      76456 kB
SUnreclaim:       148944 kB
KernelStack:       48768 kB
PageTables:        67644 kB
NFS_Unstable:          0 kB
Bounce:                0 kB
WritebackTmp:          0 kB
CommitLimit:     9202288 kB
Committed_AS:   75055188 kB
VmallocTotal:   263061440 kB
VmallocUsed:      106024 kB
VmallocChunk:          0 kB
Percpu:             7648 kB
CmaTotal:         294912 kB
CmaFree:              64 kB
MemTotal:       12113132 kB
MemFree:         6272684 kB
MemAvailable:    7758056 kB
Buffers:            5296 kB
Cached:          1823860 kB
SwapCached:            0 kB
Active:          1579932 kB
Inactive:        1584268 kB
Active(anon):    1341460 kB
Inactive(anon):    24892 kB
Active(file):     238472 kB
Inactive(file):  1559376 kB
Unevictable:        5532 kB
Mlocked:            5532 kB
SwapTotal:       3145724 kB
SwapFree:        3145724 kB
Dirty:               276 kB
Writeback:             0 kB
AnonPages:       1340652 kB
Mapped:           874112 kB
Shmem:             26828 kB
KReclaimable:     556228 kB
Slab:             225412 kB
SReclaimable:      76448 kB
SUnreclaim:       148964 kB
KernelStack:       48720 kB
PageTables:        67636 kB
NFS_Unstable:          0 kB
Bounce:                0 kB
WritebackTmp:          0 kB
CommitLimit:     9202288 kB
Committed_AS:   75054536 kB
VmallocTotal:   263061440 kB
VmallocUsed:      105960 kB
VmallocChunk:          0 kB
Percpu:             7648 kB
CmaTotal:         294912 kB
CmaFree:               0 kB
MemTotal:       12113132 kB
MemFree:         6272320 kB
MemAvailable:    7757708 kB
Buffers:            5296 kB
Cached:          1823876 kB
SwapCached:            0 kB
Active:          1580264 kB
Inactive:        1584284 kB
Active(anon):    1341792 kB
Inactive(anon):    24892 kB
Active(file):     238472 kB
Inactive(file):  1559392 kB
Unevictable:        5532 kB
Mlocked:            5532 kB
SwapTotal:       3145724 kB
SwapFree:        3145724 kB
Dirty:               312 kB
Writeback:             0 kB
AnonPages:       1340832 kB
Mapped:           874228 kB
Shmem:             26828 kB
KReclaimable:     556228 kB
Slab:             225380 kB
SReclaimable:      76448 kB
SUnreclaim:       148932 kB
KernelStack:       48756 kB
PageTables:        67816 kB
NFS_Unstable:          0 kB
Bounce:                0 kB
WritebackTmp:          0 kB
CommitLimit:     9202288 kB
Committed_AS:   75062544 kB
VmallocTotal:   263061440 kB
VmallocUsed:      105992 kB
VmallocChunk:          0 kB
Percpu:             7648 kB
CmaTotal:         294912 kB
CmaFree:              16 kB
MemTotal:       12113132 kB
MemFree:         6272400 kB
MemAvailable:    7757800 kB
Buffers:            5296 kB
Cached:          1823888 kB
SwapCached:            0 kB
Active:          1580932 kB
Inactive:        1584296 kB
Active(anon):    1342460 kB
Inactive(anon):    24892 kB
Active(file):     238472 kB
Inactive(file):  1559404 kB
Unevictable:        5532 kB
Mlocked:            5532 kB
SwapTotal:       3145724 kB
SwapFree:        3145724 kB
Dirty:               364 kB
Writeback:             0 kB
AnonPages:       1341544 kB
Mapped:           874120 kB
Shmem:             26828 kB
KReclaimable:     556228 kB
Slab:             225380 kB
SReclaimable:      76448 kB
SUnreclaim:       148932 kB
KernelStack:       48800 kB
PageTables:        67740 kB
NFS_Unstable:          0 kB
Bounce:                0 kB
WritebackTmp:          0 kB
CommitLimit:     9202288 kB
Committed_AS:   75065008 kB
VmallocTotal:   263061440 kB
VmallocUsed:      106008 kB
VmallocChunk:          0 kB
Percpu:             7648 kB
CmaTotal:         294912 kB
CmaFree:               0 kB
MemTotal:       12113132 kB
MemFree:         6272964 kB
MemAvailable:    7758400 kB
Buffers:            5296 kB
Cached:          1823928 kB
SwapCached:            0 kB
Active:          1581708 kB
Inactive:        1584332 kB
Active(anon):    1343232 kB
Inactive(anon):    24896 kB
Active(file):     238476 kB
Inactive(file):  1559436 kB
Unevictable:        5532 kB
Mlocked:            5532 kB
SwapTotal:       3145724 kB
SwapFree:        3145724 kB
Dirty:               412 kB
Writeback:             4 kB
AnonPages:       1342276 kB
Mapped:           874112 kB
Shmem:             26832 kB
KReclaimable:     556228 kB
Slab:             225396 kB
SReclaimable:      76448 kB
SUnreclaim:       148948 kB
KernelStack:       48816 kB
PageTables:        67728 kB
NFS_Unstable:          0 kB
Bounce:                0 kB
WritebackTmp:          0 kB
CommitLimit:     9202288 kB
Committed_AS:   75060524 kB
VmallocTotal:   263061440 kB
VmallocUsed:      106040 kB
VmallocChunk:          0 kB
Percpu:             7648 kB
CmaTotal:         294912 kB
CmaFree:               4 kB
MemTotal:       12113132 kB
MemFree:         6292528 kB
MemAvailable:    7777564 kB
Buffers:            5296 kB
Cached:          1823912 kB
SwapCached:            0 kB
Active:          1571532 kB
Inactive:        1584320 kB
Active(anon):    1333060 kB
Inactive(anon):    24896 kB
Active(file):     238472 kB
Inactive(file):  1559424 kB
Unevictable:        5532 kB
Mlocked:            5532 kB
SwapTotal:       3145724 kB
SwapFree:        3145724 kB
Dirty:               400 kB
Writeback:             0 kB
AnonPages:       1332276 kB
Mapped:           874140 kB
Shmem:             26832 kB
KReclaimable:     555844 kB
Slab:             224988 kB
SReclaimable:      76064 kB
SUnreclaim:       148924 kB
KernelStack:       48752 kB
PageTables:        67644 kB
NFS_Unstable:          0 kB
Bounce:                0 kB
WritebackTmp:          0 kB
CommitLimit:     9202288 kB
Committed_AS:   75065100 kB
VmallocTotal:   263061440 kB
VmallocUsed:      106056 kB
VmallocChunk:          0 kB
Percpu:             7648 kB
CmaTotal:         294912 kB
CmaFree:              20 kB
MemTotal:       12113132 kB
MemFree:         6291228 kB
MemAvailable:    7776296 kB
Buffers:            5300 kB
Cached:          1823944 kB
SwapCached:            0 kB
Active:          1572424 kB
Inactive:        1584352 kB
Active(anon):    1333948 kB
Inactive(anon):    24900 kB
Active(file):     238476 kB
Inactive(file):  1559452 kB
Unevictable:        5532 kB
Mlocked:            5532 kB
SwapTotal:       3145724 kB
SwapFree:        3145724 kB
Dirty:               212 kB
Writeback:            32 kB
AnonPages:       1333004 kB
Mapped:           874120 kB
Shmem:             26836 kB
KReclaimable:     555844 kB
Slab:             224988 kB
SReclaimable:      76064 kB
SUnreclaim:       148924 kB
KernelStack:       48752 kB
PageTables:        67644 kB
NFS_Unstable:          0 kB
Bounce:                0 kB
WritebackTmp:          0 kB
CommitLimit:     9202288 kB
Committed_AS:   75065712 kB
VmallocTotal:   263061440 kB
VmallocUsed:      106040 kB
VmallocChunk:          0 kB
Percpu:             7648 kB
CmaTotal:         294912 kB
CmaFree:               0 kB
MemTotal:       12113132 kB
MemFree:         6289348 kB
MemAvailable:    7774428 kB
Buffers:            5300 kB
Cached:          1823964 kB
SwapCached:            0 kB
Active:          1573072 kB
Inactive:        1584372 kB
Active(anon):    1334596 kB
Inactive(anon):    24908 kB
Active(file):     238476 kB
Inactive(file):  1559464 kB
Unevictable:        5532 kB
Mlocked:            5532 kB
SwapTotal:       3145724 kB
SwapFree:        3145724 kB
Dirty:               280 kB
Writeback:             0 kB
AnonPages:       1333592 kB
Mapped:           874120 kB
Shmem:             26844 kB
KReclaimable:     555844 kB
Slab:             225016 kB
SReclaimable:      76064 kB
SUnreclaim:       148952 kB
KernelStack:       48800 kB
PageTables:        67708 kB
NFS_Unstable:          0 kB
Bounce:                0 kB
WritebackTmp:          0 kB
CommitLimit:     9202288 kB
Committed_AS:   75057432 kB
VmallocTotal:   263061440 kB
VmallocUsed:      106008 kB
VmallocChunk:          0 kB
Percpu:             7648 kB
CmaTotal:         294912 kB
CmaFree:              44 kB
MemTotal:       12113132 kB
MemFree:         6289360 kB
MemAvailable:    7774452 kB
Buffers:            5300 kB
Cached:          1823976 kB
SwapCached:            0 kB
Active:          1573480 kB
Inactive:        1584384 kB
Active(anon):    1335004 kB
Inactive(anon):    24908 kB
Active(file):     238476 kB
Inactive(file):  1559476 kB
Unevictable:        5532 kB
Mlocked:            5532 kB
SwapTotal:       3145724 kB
SwapFree:        3145724 kB
Dirty:               300 kB
Writeback:             0 kB
AnonPages:       1334180 kB
Mapped:           874160 kB
Shmem:             26844 kB
KReclaimable:     555844 kB
Slab:             224976 kB
SReclaimable:      76064 kB
SUnreclaim:       148912 kB
KernelStack:       48720 kB
PageTables:        67520 kB
NFS_Unstable:          0 kB
Bounce:                0 kB
WritebackTmp:          0 kB
CommitLimit:     9202288 kB
Committed_AS:   75060272 kB
VmallocTotal:   263061440 kB
VmallocUsed:      105976 kB
VmallocChunk:          0 kB
Percpu:             7648 kB
CmaTotal:         294912 kB
CmaFree:               0 kB
MemTotal:       12113132 kB
MemFree:         6251984 kB
MemAvailable:    7737100 kB
Buffers:            5300 kB
Cached:          1823984 kB
SwapCached:            0 kB
Active:          1611704 kB
Inactive:        1584392 kB
Active(anon):    1373228 kB
Inactive(anon):    24908 kB
Active(file):     238476 kB
Inactive(file):  1559484 kB
Unevictable:        5532 kB
Mlocked:            5532 kB
SwapTotal:       3145724 kB
SwapFree:        3145724 kB
Dirty:               308 kB
Writeback:             0 kB
AnonPages:       1372340 kB
Mapped:           874216 kB
Shmem:             26844 kB
KReclaimable:     555860 kB
Slab:             225040 kB
SReclaimable:      76080 kB
SUnreclaim:       148960 kB
KernelStack:       48864 kB
PageTables:        67768 kB
NFS_Unstable:          0 kB
Bounce:                0 kB
WritebackTmp:          0 kB
CommitLimit:     9202288 kB
Committed_AS:   75061424 kB
VmallocTotal:   263061440 kB
VmallocUsed:      105976 kB
VmallocChunk:          0 kB
Percpu:             7648 kB
CmaTotal:         294912 kB
CmaFree:               0 kB
MemTotal:       12113132 kB
MemFree:         6252112 kB
MemAvailable:    7737236 kB
Buffers:            5300 kB
Cached:          1823992 kB
SwapCached:            0 kB
Active:          1611224 kB
Inactive:        1584400 kB
Active(anon):    1372748 kB
Inactive(anon):    24908 kB
Active(file):     238476 kB
Inactive(file):  1559492 kB
Unevictable:        5532 kB
Mlocked:            5532 kB
SwapTotal:       3145724 kB
SwapFree:        3145724 kB
Dirty:               360 kB
Writeback:             0 kB
AnonPages:       1372052 kB
Mapped:           874120 kB
Shmem:             26844 kB
KReclaimable:     555860 kB
Slab:             224912 kB
SReclaimable:      76080 kB
SUnreclaim:       148832 kB
KernelStack:       48832 kB
PageTables:        67660 kB
NFS_Unstable:          0 kB
Bounce:                0 kB
WritebackTmp:          0 kB
CommitLimit:     9202288 kB
Committed_AS:   75051360 kB
VmallocTotal:   263061440 kB
VmallocUsed:      105992 kB
VmallocChunk:          0 kB
Percpu:             7648 kB
CmaTotal:         294912 kB
CmaFree:               0 kB
MemTotal:       12113132 kB
MemFree:         6254832 kB
MemAvailable:    7739964 kB
Buffers:            5300 kB
Cached:          1824000 kB
SwapCached:            0 kB
Active:          1607976 kB
Inactive:        1584408 kB
Active(anon):    1369500 kB
Inactive(anon):    24908 kB
Active(file):     238476 kB
Inactive(file):  1559500 kB
Unevictable:        5532 kB
Mlocked:            5532 kB
SwapTotal:       3145724 kB
SwapFree:        3145724 kB
Dirty:               364 kB
Writeback:             0 kB
AnonPages:       1368632 kB
Mapped:           874124 kB
Shmem:             26844 kB
KReclaimable:     555860 kB
Slab:             225148 kB
SReclaimable:      76080 kB
SUnreclaim:       149068 kB
KernelStack:       48784 kB
PageTables:        67788 kB
NFS_Unstable:          0 kB
Bounce:                0 kB
WritebackTmp:          0 kB
CommitLimit:     9202288 kB
Committed_AS:   75056052 kB
VmallocTotal:   263061440 kB
VmallocUsed:      106008 kB
VmallocChunk:          0 kB
Percpu:             7648 kB
CmaTotal:         294912 kB
CmaFree:               0 kB
MemTotal:       12113132 kB
MemFree:         6249004 kB
MemAvailable:    7734156 kB
Buffers:            5300 kB
Cached:          1824020 kB
SwapCached:            0 kB
Active:          1614032 kB
Inactive:        1584428 kB
Active(anon):    1375556 kB
Inactive(anon):    24908 kB
Active(file):     238476 kB
Inactive(file):  1559520 kB
Unevictable:        5532 kB
Mlocked:            5532 kB
SwapTotal:       3145724 kB
SwapFree:        3145724 kB
Dirty:               248 kB
Writeback:             0 kB
AnonPages:       1374472 kB
Mapped:           874152 kB
Shmem:             26844 kB
KReclaimable:     555860 kB
Slab:             224916 kB
SReclaimable:      76080 kB
SUnreclaim:       148836 kB
KernelStack:       48848 kB
PageTables:        67780 kB
NFS_Unstable:          0 kB
Bounce:                0 kB
WritebackTmp:          0 kB
CommitLimit:     9202288 kB
Committed_AS:   75070120 kB
VmallocTotal:   263061440 kB
VmallocUsed:      106040 kB
VmallocChunk:          0 kB
Percpu:             7648 kB
CmaTotal:         294912 kB
CmaFree:             112 kB
MemTotal:       12113132 kB
MemFree:         6248664 kB
MemAvailable:    7733828 kB
Buffers:            5300 kB
Cached:          1824032 kB
SwapCached:            0 kB
Active:          1614368 kB
Inactive:        1584440 kB
Active(anon):    1375892 kB
Inactive(anon):    24908 kB
Active(file):     238476 kB
Inactive(file):  1559532 kB
Unevictable:        5532 kB
Mlocked:            5532 kB
SwapTotal:       3145724 kB
SwapFree:        3145724 kB
Dirty:               304 kB
Writeback:             0 kB
AnonPages:       1375204 kB
Mapped:           874140 kB
Shmem:             26844 kB
KReclaimable:     555860 kB
Slab:             225032 kB
SReclaimable:      76080 kB
SUnreclaim:       148952 kB
KernelStack:       48832 kB
PageTables:        67752 kB
NFS_Unstable:          0 kB
Bounce:                0 kB
WritebackTmp:          0 kB
CommitLimit:     9202288 kB
Committed_AS:   75055652 kB
VmallocTotal:   263061440 kB
VmallocUsed:      106040 kB
VmallocChunk:          0 kB
Percpu:             7648 kB
CmaTotal:         294912 kB
CmaFree:               0 kB
MemTotal:       12113132 kB
MemFree:         6257724 kB
MemAvailable:    7742892 kB
Buffers:            5300 kB
Cached:          1824036 kB
SwapCached:            0 kB
Active:          1604888 kB
Inactive:        1584444 kB
Active(anon):    1366412 kB
Inactive(anon):    24908 kB
Active(file):     238476 kB
Inactive(file):  1559536 kB
Unevictable:        5532 kB
Mlocked:            5532 kB
SwapTotal:       3145724 kB
SwapFree:        3145724 kB
Dirty:               332 kB
Writeback:             0 kB
AnonPages:       1365880 kB
Mapped:           874152 kB
Shmem:             26844 kB
KReclaimable:     555860 kB
Slab:             225016 kB
SReclaimable:      76080 kB
SUnreclaim:       148936 kB
KernelStack:       48816 kB
PageTables:        67652 kB
NFS_Unstable:          0 kB
Bounce:                0 kB
WritebackTmp:          0 kB
CommitLimit:     9202288 kB
Committed_AS:   75065796 kB
VmallocTotal:   263061440 kB
VmallocUsed:      106008 kB
VmallocChunk:          0 kB
Percpu:             7648 kB
CmaTotal:         294912 kB
CmaFree:              20 kB
MemTotal:       12113132 kB
MemFree:         6258636 kB
MemAvailable:    7743844 kB
Buffers:            5300 kB
Cached:          1824076 kB
SwapCached:            0 kB
Active:          1606108 kB
Inactive:        1584484 kB
Active(anon):    1367632 kB
Inactive(anon):    24908 kB
Active(file):     238476 kB
Inactive(file):  1559576 kB
Unevictable:        5532 kB
Mlocked:            5532 kB
SwapTotal:       3145724 kB
SwapFree:        3145724 kB
Dirty:               384 kB
Writeback:             0 kB
AnonPages:       1366456 kB
Mapped:           874332 kB
Shmem:             26844 kB
KReclaimable:     555860 kB
Slab:             224532 kB
SReclaimable:      76080 kB
SUnreclaim:       148452 kB
KernelStack:       48816 kB
PageTables:        67624 kB
NFS_Unstable:          0 kB
Bounce:                0 kB
WritebackTmp:          0 kB
CommitLimit:     9202288 kB
Committed_AS:   75060984 kB
VmallocTotal:   263061440 kB
VmallocUsed:      106008 kB
VmallocChunk:          0 kB
Percpu:             7648 kB
CmaTotal:         294912 kB
CmaFree:              92 kB
MemTotal:       12113132 kB
MemFree:         6257532 kB
MemAvailable:    7742748 kB
Buffers:            5300 kB
Cached:          1824084 kB
SwapCached:            0 kB
Active:          1606688 kB
Inactive:        1584492 kB
Active(anon):    1368212 kB
Inactive(anon):    24908 kB
Active(file):     238476 kB
Inactive(file):  1559584 kB
Unevictable:        5532 kB
Mlocked:            5532 kB
SwapTotal:       3145724 kB
SwapFree:        3145724 kB
Dirty:               408 kB
Writeback:             0 kB
AnonPages:       1367196 kB
Mapped:           874332 kB
Shmem:             26844 kB
KReclaimable:     555860 kB
Slab:             224524 kB
SReclaimable:      76080 kB
SUnreclaim:       148444 kB
KernelStack:       48784 kB
PageTables:        67704 kB
NFS_Unstable:          0 kB
Bounce:                0 kB
WritebackTmp:          0 kB
CommitLimit:     9202288 kB
Committed_AS:   75065972 kB
VmallocTotal:   263061440 kB
VmallocUsed:      106024 kB
VmallocChunk:          0 kB
Percpu:             7648 kB
CmaTotal:         294912 kB
CmaFree:               0 kB
MemTotal:       12113132 kB
MemFree:         6257448 kB
MemAvailable:    7742700 kB
Buffers:            5300 kB
Cached:          1824120 kB
SwapCached:            0 kB
Active:          1607288 kB
Inactive:        1584528 kB
Active(anon):    1368812 kB
Inactive(anon):    24908 kB
Active(file):     238476 kB
Inactive(file):  1559620 kB
Unevictable:        5532 kB
Mlocked:            5532 kB
SwapTotal:       3145724 kB
SwapFree:        3145724 kB
Dirty:               240 kB
Writeback:             0 kB
AnonPages:       1367748 kB
Mapped:           874152 kB
Shmem:             26844 kB
KReclaimable:     555860 kB
Slab:             224532 kB
SReclaimable:      76080 kB
SUnreclaim:       148452 kB
KernelStack:       48784 kB
PageTables:        67660 kB
NFS_Unstable:          0 kB
Bounce:                0 kB
WritebackTmp:          0 kB
CommitLimit:     9202288 kB
Committed_AS:   75065340 kB
VmallocTotal:   263061440 kB
VmallocUsed:      105992 kB
VmallocChunk:          0 kB
Percpu:             7648 kB
CmaTotal:         294912 kB
CmaFree:               0 kB
MemTotal:       12113132 kB
MemFree:         6257124 kB
MemAvailable:    7742364 kB
Buffers:            5300 kB
Cached:          1824108 kB
SwapCached:            0 kB
Active:          1608176 kB
Inactive:        1584516 kB
Active(anon):    1369700 kB
Inactive(anon):    24908 kB
Active(file):     238476 kB
Inactive(file):  1559608 kB
Unevictable:        5532 kB
Mlocked:            5532 kB
SwapTotal:       3145724 kB
SwapFree:        3145724 kB
Dirty:               312 kB
Writeback:             0 kB
AnonPages:       1368584 kB
Mapped:           874332 kB
Shmem:             26844 kB
KReclaimable:     555860 kB
Slab:             224524 kB
SReclaimable:      76080 kB
SUnreclaim:       148444 kB
KernelStack:       48784 kB
PageTables:        67600 kB
NFS_Unstable:          0 kB
Bounce:                0 kB
WritebackTmp:          0 kB
CommitLimit:     9202288 kB
Committed_AS:   75059248 kB
VmallocTotal:   263061440 kB
VmallocUsed:      105960 kB
VmallocChunk:          0 kB
Percpu:             7648 kB
CmaTotal:         294912 kB
CmaFree:               0 kB
MemTotal:       12113132 kB
MemFree:         6255472 kB
MemAvailable:    7740720 kB
Buffers:            5300 kB
Cached:          1824116 kB
SwapCached:            0 kB
Active:          1609192 kB
Inactive:        1584524 kB
Active(anon):    1370716 kB
Inactive(anon):    24908 kB
Active(file):     238476 kB
Inactive(file):  1559616 kB
Unevictable:        5532 kB
Mlocked:            5532 kB
SwapTotal:       3145724 kB
SwapFree:        3145724 kB
Dirty:               328 kB
Writeback:             0 kB
AnonPages:       1369536 kB
Mapped:           874400 kB
Shmem:             26844 kB
KReclaimable:     555860 kB
Slab:             224532 kB
SReclaimable:      76080 kB
SUnreclaim:       148452 kB
KernelStack:       48836 kB
PageTables:        67648 kB
NFS_Unstable:          0 kB
Bounce:                0 kB
WritebackTmp:          0 kB
CommitLimit:     9202288 kB
Committed_AS:   75066200 kB
VmallocTotal:   263061440 kB
VmallocUsed:      106008 kB
VmallocChunk:          0 kB
Percpu:             7648 kB
CmaTotal:         294912 kB
CmaFree:               0 kB
MemTotal:       12113132 kB
MemFree:         6255200 kB
MemAvailable:    7740484 kB
Buffers:            5304 kB
Cached:          1824148 kB
SwapCached:            0 kB
Active:          1609532 kB
Inactive:        1584556 kB
Active(anon):    1371052 kB
Inactive(anon):    24908 kB
Active(file):     238480 kB
Inactive(file):  1559648 kB
Unevictable:        5532 kB
Mlocked:            5532 kB
SwapTotal:       3145724 kB
SwapFree:        3145724 kB
Dirty:               364 kB
Writeback:             0 kB
AnonPages:       1370492 kB
Mapped:           874172 kB
Shmem:             26844 kB
KReclaimable:     555860 kB
Slab:             224524 kB
SReclaimable:      76080 kB
SUnreclaim:       148444 kB
KernelStack:       48832 kB
PageTables:        67756 kB
NFS_Unstable:          0 kB
Bounce:                0 kB
WritebackTmp:          0 kB
CommitLimit:     9202288 kB
Committed_AS:   75060224 kB
VmallocTotal:   263061440 kB
VmallocUsed:      105960 kB
VmallocChunk:          0 kB
Percpu:             7648 kB
CmaTotal:         294912 kB
CmaFree:               0 kB
MemTotal:       12113132 kB
MemFree:         6253760 kB
MemAvailable:    7739060 kB
Buffers:            5304 kB
Cached:          1824164 kB
SwapCached:            0 kB
Active:          1610116 kB
Inactive:        1584572 kB
Active(anon):    1371636 kB
Inactive(anon):    24908 kB
Active(file):     238480 kB
Inactive(file):  1559664 kB
Unevictable:        5532 kB
Mlocked:            5532 kB
SwapTotal:       3145724 kB
SwapFree:        3145724 kB
Dirty:               424 kB
Writeback:             0 kB
AnonPages:       1370812 kB
Mapped:           874336 kB
Shmem:             26844 kB
KReclaimable:     555860 kB
Slab:             224540 kB
SReclaimable:      76080 kB
SUnreclaim:       148460 kB
KernelStack:       48800 kB
PageTables:        67676 kB
NFS_Unstable:          0 kB
Bounce:                0 kB
WritebackTmp:          0 kB
CommitLimit:     9202288 kB
Committed_AS:   75061596 kB
VmallocTotal:   263061440 kB
VmallocUsed:      106008 kB
VmallocChunk:          0 kB
Percpu:             7648 kB
CmaTotal:         294912 kB
CmaFree:               4 kB
MemTotal:       12113132 kB
MemFree:         6252060 kB
MemAvailable:    7737364 kB
Buffers:            5304 kB
Cached:          1824168 kB
SwapCached:            0 kB
Active:          1610520 kB
Inactive:        1584576 kB
Active(anon):    1372040 kB
Inactive(anon):    24908 kB
Active(file):     238480 kB
Inactive(file):  1559668 kB
Unevictable:        5532 kB
Mlocked:            5532 kB
SwapTotal:       3145724 kB
SwapFree:        3145724 kB
Dirty:               304 kB
Writeback:             0 kB
AnonPages:       1370736 kB
Mapped:           874332 kB
Shmem:             26844 kB
KReclaimable:     555860 kB
Slab:             224548 kB
SReclaimable:      76080 kB
SUnreclaim:       148468 kB
KernelStack:       48784 kB
PageTables:        67604 kB
NFS_Unstable:          0 kB
Bounce:                0 kB
WritebackTmp:          0 kB
CommitLimit:     9202288 kB
Committed_AS:   75061496 kB
VmallocTotal:   263061440 kB
VmallocUsed:      105976 kB
VmallocChunk:          0 kB
Percpu:             7648 kB
CmaTotal:         294912 kB
CmaFree:               0 kB
MemTotal:       12113132 kB
MemFree:         6274248 kB
MemAvailable:    7759572 kB
Buffers:            5304 kB
Cached:          1824192 kB
SwapCached:            0 kB
Active:          1586928 kB
Inactive:        1584600 kB
Active(anon):    1348448 kB
Inactive(anon):    24912 kB
Active(file):     238480 kB
Inactive(file):  1559688 kB
Unevictable:        5532 kB
Mlocked:            5532 kB
SwapTotal:       3145724 kB
SwapFree:        3145724 kB
Dirty:               340 kB
Writeback:             0 kB
AnonPages:       1347616 kB
Mapped:           874404 kB
Shmem:             26848 kB
KReclaimable:     555860 kB
Slab:             224540 kB
SReclaimable:      76080 kB
SUnreclaim:       148460 kB
KernelStack:       48784 kB
PageTables:        67684 kB
NFS_Unstable:          0 kB
Bounce:                0 kB
WritebackTmp:          0 kB
CommitLimit:     9202288 kB
Committed_AS:   75056960 kB
VmallocTotal:   263061440 kB
VmallocUsed:      105992 kB
VmallocChunk:          0 kB
Percpu:             7648 kB
CmaTotal:         294912 kB
CmaFree:             484 kB
MemTotal:       12113132 kB
MemFree:         6274152 kB
MemAvailable:    7759492 kB
Buffers:            5304 kB
Cached:          1824208 kB
SwapCached:            0 kB
Active:          1588320 kB
Inactive:        1584612 kB
Active(anon):    1349836 kB
Inactive(anon):    24912 kB
Active(file):     238484 kB
Inactive(file):  1559700 kB
Unevictable:        5532 kB
Mlocked:            5532 kB
SwapTotal:       3145724 kB
SwapFree:        3145724 kB
Dirty:               368 kB
Writeback:             0 kB
AnonPages:       1348368 kB
Mapped:           874208 kB
Shmem:             26848 kB
KReclaimable:     555860 kB
Slab:             224508 kB
SReclaimable:      76080 kB
SUnreclaim:       148428 kB
KernelStack:       48816 kB
PageTables:        67820 kB
NFS_Unstable:          0 kB
Bounce:                0 kB
WritebackTmp:          0 kB
CommitLimit:     9202288 kB
Committed_AS:   75060700 kB
VmallocTotal:   263061440 kB
VmallocUsed:      105960 kB
VmallocChunk:          0 kB
Percpu:             7648 kB
CmaTotal:         294912 kB
CmaFree:               0 kB
MemTotal:       12113132 kB
MemFree:         6273704 kB
MemAvailable:    7759048 kB
Buffers:            5304 kB
Cached:          1824212 kB
SwapCached:            0 kB
Active:          1589064 kB
Inactive:        1584620 kB
Active(anon):    1350584 kB
Inactive(anon):    24912 kB
Active(file):     238480 kB
Inactive(file):  1559708 kB
Unevictable:        5532 kB
Mlocked:            5532 kB
SwapTotal:       3145724 kB
SwapFree:        3145724 kB
Dirty:               380 kB
Writeback:             0 kB
AnonPages:       1349668 kB
Mapped:           874160 kB
Shmem:             26848 kB
KReclaimable:     555860 kB
Slab:             224516 kB
SReclaimable:      76080 kB
SUnreclaim:       148436 kB
KernelStack:       48784 kB
PageTables:        67660 kB
NFS_Unstable:          0 kB
Bounce:                0 kB
WritebackTmp:          0 kB
CommitLimit:     9202288 kB
Committed_AS:   75054496 kB
VmallocTotal:   263061440 kB
VmallocUsed:      106008 kB
VmallocChunk:          0 kB
Percpu:             7648 kB
CmaTotal:         294912 kB
CmaFree:               0 kB
MemTotal:       12113132 kB
MemFree:         6273664 kB
MemAvailable:    7758988 kB
Buffers:            5304 kB
Cached:          1824200 kB
SwapCached:            0 kB
Active:          1589756 kB
Inactive:        1584600 kB
Active(anon):    1351276 kB
Inactive(anon):    24912 kB
Active(file):     238480 kB
Inactive(file):  1559688 kB
Unevictable:        5532 kB
Mlocked:            5532 kB
SwapTotal:       3145724 kB
SwapFree:        3145724 kB
Dirty:               368 kB
Writeback:             0 kB
AnonPages:       1350056 kB
Mapped:           874148 kB
Shmem:             26848 kB
KReclaimable:     555860 kB
Slab:             224516 kB
SReclaimable:      76080 kB
SUnreclaim:       148436 kB
KernelStack:       48768 kB
PageTables:        67648 kB
NFS_Unstable:          0 kB
Bounce:                0 kB
WritebackTmp:          0 kB
CommitLimit:     9202288 kB
Committed_AS:   75055792 kB
VmallocTotal:   263061440 kB
VmallocUsed:      105992 kB
VmallocChunk:          0 kB
Percpu:             7648 kB
CmaTotal:         294912 kB
CmaFree:              96 kB
MemTotal:       12113132 kB
MemFree:         6273648 kB
MemAvailable:    7759008 kB
Buffers:            5304 kB
Cached:          1824232 kB
SwapCached:            0 kB
Active:          1590336 kB
Inactive:        1584636 kB
Active(anon):    1351856 kB
Inactive(anon):    24912 kB
Active(file):     238480 kB
Inactive(file):  1559724 kB
Unevictable:        5532 kB
Mlocked:            5532 kB
SwapTotal:       3145724 kB
SwapFree:        3145724 kB
Dirty:               420 kB
Writeback:             0 kB
AnonPages:       1350884 kB
Mapped:           874112 kB
Shmem:             26848 kB
KReclaimable:     555860 kB
Slab:             224532 kB
SReclaimable:      76080 kB
SUnreclaim:       148452 kB
KernelStack:       48764 kB
PageTables:        67652 kB
NFS_Unstable:          0 kB
Bounce:                0 kB
WritebackTmp:          0 kB
CommitLimit:     9202288 kB
Committed_AS:   75050140 kB
VmallocTotal:   263061440 kB
VmallocUsed:      105944 kB
VmallocChunk:          0 kB
Percpu:             7648 kB
CmaTotal:         294912 kB
CmaFree:             140 kB
MemTotal:       12113132 kB
MemFree:         6274440 kB
MemAvailable:    7759820 kB
Buffers:            5304 kB
Cached:          1824248 kB
SwapCached:            0 kB
Active:          1590768 kB
Inactive:        1584656 kB
Active(anon):    1352288 kB
Inactive(anon):    24912 kB
Active(file):     238480 kB
Inactive(file):  1559744 kB
Unevictable:        5532 kB
Mlocked:            5532 kB
SwapTotal:       3145724 kB
SwapFree:        3145724 kB
Dirty:               436 kB
Writeback:             0 kB
AnonPages:       1351540 kB
Mapped:           874244 kB
Shmem:             26848 kB
KReclaimable:     555860 kB
Slab:             224524 kB
SReclaimable:      76080 kB
SUnreclaim:       148444 kB
KernelStack:       48768 kB
PageTables:        67732 kB
NFS_Unstable:          0 kB
Bounce:                0 kB
WritebackTmp:          0 kB
CommitLimit:     9202288 kB
Committed_AS:   75050660 kB
VmallocTotal:   263061440 kB
VmallocUsed:      105944 kB
VmallocChunk:          0 kB
Percpu:             7648 kB
CmaTotal:         294912 kB
CmaFree:              36 kB
MemTotal:       12113132 kB
MemFree:         6271728 kB
MemAvailable:    7757116 kB
Buffers:            5304 kB
Cached:          1824256 kB
SwapCached:            0 kB
Active:          1591852 kB
Inactive:        1584664 kB
Active(anon):    1353372 kB
Inactive(anon):    24912 kB
Active(file):     238480 kB
Inactive(file):  1559752 kB
Unevictable:        5532 kB
Mlocked:            5532 kB
SwapTotal:       3145724 kB
SwapFree:        3145724 kB
Dirty:               448 kB
Writeback:             0 kB
AnonPages:       1352388 kB
Mapped:           874328 kB
Shmem:             26848 kB
KReclaimable:     555860 kB
Slab:             224524 kB
SReclaimable:      76080 kB
SUnreclaim:       148444 kB
KernelStack:       48772 kB
PageTables:        67592 kB
NFS_Unstable:          0 kB
Bounce:                0 kB
WritebackTmp:          0 kB
CommitLimit:     9202288 kB
Committed_AS:   75050088 kB
VmallocTotal:   263061440 kB
VmallocUsed:      105960 kB
VmallocChunk:          0 kB
Percpu:             7648 kB
CmaTotal:         294912 kB
CmaFree:               0 kB
MemTotal:       12113132 kB
MemFree:         6271432 kB
MemAvailable:    7756848 kB
Buffers:            5304 kB
Cached:          1824280 kB
SwapCached:            0 kB
Active:          1592224 kB
Inactive:        1584688 kB
Active(anon):    1353744 kB
Inactive(anon):    24912 kB
Active(file):     238480 kB
Inactive(file):  1559776 kB
Unevictable:        5532 kB
Mlocked:            5532 kB
SwapTotal:       3145724 kB
SwapFree:        3145724 kB
Dirty:               492 kB
Writeback:             0 kB
AnonPages:       1352856 kB
Mapped:           874328 kB
Shmem:             26848 kB
KReclaimable:     555864 kB
Slab:             224536 kB
SReclaimable:      76084 kB
SUnreclaim:       148452 kB
KernelStack:       48768 kB
PageTables:        67468 kB
NFS_Unstable:          0 kB
Bounce:                0 kB
WritebackTmp:          0 kB
CommitLimit:     9202288 kB
Committed_AS:   75044376 kB
VmallocTotal:   263061440 kB
VmallocUsed:      105960 kB
VmallocChunk:          0 kB
Percpu:             7648 kB
CmaTotal:         294912 kB
CmaFree:               0 kB
MemTotal:       12113132 kB
MemFree:         6270108 kB
MemAvailable:    7755540 kB
Buffers:            5304 kB
Cached:          1824296 kB
SwapCached:            0 kB
Active:          1592760 kB
Inactive:        1584704 kB
Active(anon):    1354280 kB
Inactive(anon):    24912 kB
Active(file):     238480 kB
Inactive(file):  1559792 kB
Unevictable:        5532 kB
Mlocked:            5532 kB
SwapTotal:       3145724 kB
SwapFree:        3145724 kB
Dirty:               268 kB
Writeback:             0 kB
AnonPages:       1353424 kB
Mapped:           874396 kB
Shmem:             26848 kB
KReclaimable:     555864 kB
Slab:             224536 kB
SReclaimable:      76084 kB
SUnreclaim:       148452 kB
KernelStack:       48784 kB
PageTables:        67780 kB
NFS_Unstable:          0 kB
Bounce:                0 kB
WritebackTmp:          0 kB
CommitLimit:     9202288 kB
Committed_AS:   75044588 kB
VmallocTotal:   263061440 kB
VmallocUsed:      105944 kB
VmallocChunk:          0 kB
Percpu:             7648 kB
CmaTotal:         294912 kB
CmaFree:               0 kB
MemTotal:       12113132 kB
MemFree:         6284308 kB
MemAvailable:    7769748 kB
Buffers:            5304 kB
Cached:          1824312 kB
SwapCached:            0 kB
Active:          1578732 kB
Inactive:        1584720 kB
Active(anon):    1340252 kB
Inactive(anon):    24920 kB
Active(file):     238480 kB
Inactive(file):  1559800 kB
Unevictable:        5532 kB
Mlocked:            5532 kB
SwapTotal:       3145724 kB
SwapFree:        3145724 kB
Dirty:               272 kB
Writeback:             0 kB
AnonPages:       1339076 kB
Mapped:           874156 kB
Shmem:             26856 kB
KReclaimable:     555864 kB
Slab:             224528 kB
SReclaimable:      76084 kB
SUnreclaim:       148444 kB
KernelStack:       48768 kB
PageTables:        67652 kB
NFS_Unstable:          0 kB
Bounce:                0 kB
WritebackTmp:          0 kB
CommitLimit:     9202288 kB
Committed_AS:   75049676 kB
VmallocTotal:   263061440 kB
VmallocUsed:      105960 kB
VmallocChunk:          0 kB
Percpu:             7648 kB
CmaTotal:         294912 kB
CmaFree:               0 kB
MemTotal:       12113132 kB
MemFree:         6284024 kB
MemAvailable:    7769480 kB
Buffers:            5304 kB
Cached:          1824328 kB
SwapCached:            0 kB
Active:          1579068 kB
Inactive:        1584736 kB
Active(anon):    1340588 kB
Inactive(anon):    24920 kB
Active(file):     238480 kB
Inactive(file):  1559816 kB
Unevictable:        5532 kB
Mlocked:            5532 kB
SwapTotal:       3145724 kB
SwapFree:        3145724 kB
Dirty:               316 kB
Writeback:             0 kB
AnonPages:       1339920 kB
Mapped:           874256 kB
Shmem:             26856 kB
KReclaimable:     555864 kB
Slab:             224536 kB
SReclaimable:      76084 kB
SUnreclaim:       148452 kB
KernelStack:       48800 kB
PageTables:        67704 kB
NFS_Unstable:          0 kB
Bounce:                0 kB
WritebackTmp:          0 kB
CommitLimit:     9202288 kB
Committed_AS:   75048544 kB
VmallocTotal:   263061440 kB
VmallocUsed:      105960 kB
VmallocChunk:          0 kB
Percpu:             7648 kB
CmaTotal:         294912 kB
CmaFree:               4 kB
MemTotal:       12113132 kB
MemFree:         6283580 kB
MemAvailable:    7769040 kB
Buffers:            5304 kB
Cached:          1824332 kB
SwapCached:            0 kB
Active:          1579492 kB
Inactive:        1584740 kB
Active(anon):    1341012 kB
Inactive(anon):    24920 kB
Active(file):     238480 kB
Inactive(file):  1559820 kB
Unevictable:        5532 kB
Mlocked:            5532 kB
SwapTotal:       3145724 kB
SwapFree:        3145724 kB
Dirty:               320 kB
Writeback:             0 kB
AnonPages:       1339980 kB
Mapped:           874160 kB
Shmem:             26856 kB
KReclaimable:     555864 kB
Slab:             224536 kB
SReclaimable:      76084 kB
SUnreclaim:       148452 kB
KernelStack:       48768 kB
PageTables:        67412 kB
NFS_Unstable:          0 kB
Bounce:                0 kB
WritebackTmp:          0 kB
CommitLimit:     9202288 kB
Committed_AS:   75042148 kB
VmallocTotal:   263061440 kB
VmallocUsed:      105928 kB
VmallocChunk:          0 kB
Percpu:             7648 kB
CmaTotal:         294912 kB
CmaFree:              88 kB
MemTotal:       12113132 kB
MemFree:         6282580 kB
MemAvailable:    7768060 kB
Buffers:            5308 kB
Cached:          1824352 kB
SwapCached:            0 kB
Active:          1580348 kB
Inactive:        1584764 kB
Active(anon):    1341868 kB
Inactive(anon):    24924 kB
Active(file):     238480 kB
Inactive(file):  1559840 kB
Unevictable:        5532 kB
Mlocked:            5532 kB
SwapTotal:       3145724 kB
SwapFree:        3145724 kB
Dirty:               388 kB
Writeback:             0 kB
AnonPages:       1340920 kB
Mapped:           874352 kB
Shmem:             26860 kB
KReclaimable:     555864 kB
Slab:             224536 kB
SReclaimable:      76084 kB
SUnreclaim:       148452 kB
KernelStack:       48804 kB
PageTables:        67596 kB
NFS_Unstable:          0 kB
Bounce:                0 kB
WritebackTmp:          0 kB
CommitLimit:     9202288 kB
Committed_AS:   75044500 kB
VmallocTotal:   263061440 kB
VmallocUsed:      105976 kB
VmallocChunk:          0 kB
Percpu:             7648 kB
CmaTotal:         294912 kB
CmaFree:               0 kB
MemTotal:       12113132 kB
MemFree:         6282056 kB
MemAvailable:    7767568 kB
Buffers:            5308 kB
Cached:          1824384 kB
SwapCached:            0 kB
Active:          1580928 kB
Inactive:        1584792 kB
Active(anon):    1342444 kB
Inactive(anon):    24924 kB
Active(file):     238484 kB
Inactive(file):  1559868 kB
Unevictable:        5532 kB
Mlocked:            5532 kB
SwapTotal:       3145724 kB
SwapFree:        3145724 kB
Dirty:               392 kB
Writeback:             0 kB
AnonPages:       1341716 kB
Mapped:           874080 kB
Shmem:             26860 kB
KReclaimable:     555864 kB
Slab:             224536 kB
SReclaimable:      76084 kB
SUnreclaim:       148452 kB
KernelStack:       48772 kB
PageTables:        67880 kB
NFS_Unstable:          0 kB
Bounce:                0 kB
WritebackTmp:          0 kB
CommitLimit:     9202288 kB
Committed_AS:   75050364 kB
VmallocTotal:   263061440 kB
VmallocUsed:      105976 kB
VmallocChunk:          0 kB
Percpu:             7648 kB
CmaTotal:         294912 kB
CmaFree:               0 kB
MemTotal:       12113132 kB
MemFree:         6280744 kB
MemAvailable:    7766268 kB
Buffers:            5308 kB
Cached:          1824400 kB
SwapCached:            0 kB
Active:          1581512 kB
Inactive:        1584808 kB
Active(anon):    1343028 kB
Inactive(anon):    24928 kB
Active(file):     238484 kB
Inactive(file):  1559880 kB
Unevictable:        5532 kB
Mlocked:            5532 kB
SwapTotal:       3145724 kB
SwapFree:        3145724 kB
Dirty:               348 kB
Writeback:             0 kB
AnonPages:       1342284 kB
Mapped:           874356 kB
Shmem:             26864 kB
KReclaimable:     555864 kB
Slab:             224536 kB
SReclaimable:      76084 kB
SUnreclaim:       148452 kB
KernelStack:       48804 kB
PageTables:        67672 kB
NFS_Unstable:          0 kB
Bounce:                0 kB
WritebackTmp:          0 kB
CommitLimit:     9202288 kB
Committed_AS:   75044680 kB
VmallocTotal:   263061440 kB
VmallocUsed:      105976 kB
VmallocChunk:          0 kB
Percpu:             7648 kB
CmaTotal:         294912 kB
CmaFree:               0 kB
MemTotal:       12113132 kB
MemFree:         6281656 kB
MemAvailable:    7767188 kB
Buffers:            5308 kB
Cached:          1824408 kB
SwapCached:            0 kB
Active:          1582580 kB
Inactive:        1584816 kB
Active(anon):    1344096 kB
Inactive(anon):    24928 kB
Active(file):     238484 kB
Inactive(file):  1559888 kB
Unevictable:        5532 kB
Mlocked:            5532 kB
SwapTotal:       3145724 kB
SwapFree:        3145724 kB
Dirty:               368 kB
Writeback:             0 kB
AnonPages:       1343040 kB
Mapped:           874308 kB
Shmem:             26864 kB
KReclaimable:     555864 kB
Slab:             224536 kB
SReclaimable:      76084 kB
SUnreclaim:       148452 kB
KernelStack:       48784 kB
PageTables:        67756 kB
NFS_Unstable:          0 kB
Bounce:                0 kB
WritebackTmp:          0 kB
CommitLimit:     9202288 kB
Committed_AS:   75038528 kB
VmallocTotal:   263061440 kB
VmallocUsed:      105928 kB
VmallocChunk:          0 kB
Percpu:             7648 kB
CmaTotal:         294912 kB
CmaFree:               0 kB
MemTotal:       12113132 kB
MemFree:         6266720 kB
MemAvailable:    7752260 kB
Buffers:            5308 kB
Cached:          1824416 kB
SwapCached:            0 kB
Active:          1597184 kB
Inactive:        1584824 kB
Active(anon):    1358700 kB
Inactive(anon):    24928 kB
Active(file):     238484 kB
Inactive(file):  1559896 kB
Unevictable:        5532 kB
Mlocked:            5532 kB
SwapTotal:       3145724 kB
SwapFree:        3145724 kB
Dirty:               380 kB
Writeback:             0 kB
AnonPages:       1357932 kB
Mapped:           874380 kB
Shmem:             26864 kB
KReclaimable:     555864 kB
Slab:             224536 kB
SReclaimable:      76084 kB
SUnreclaim:       148452 kB
KernelStack:       48784 kB
PageTables:        67668 kB
NFS_Unstable:          0 kB
Bounce:                0 kB
WritebackTmp:          0 kB
CommitLimit:     9202288 kB
Committed_AS:   75050316 kB
VmallocTotal:   263061440 kB
VmallocUsed:      105928 kB
VmallocChunk:          0 kB
Percpu:             7648 kB
CmaTotal:         294912 kB
CmaFree:              20 kB
MemTotal:       12113132 kB
MemFree:         6280112 kB
MemAvailable:    7765464 kB
Buffers:            5308 kB
Cached:          1824436 kB
SwapCached:            0 kB
Active:          1583780 kB
Inactive:        1584844 kB
Active(anon):    1345296 kB
Inactive(anon):    24932 kB
Active(file):     238484 kB
Inactive(file):  1559912 kB
Unevictable:        5532 kB
Mlocked:            5532 kB
SwapTotal:       3145724 kB
SwapFree:        3145724 kB
Dirty:               416 kB
Writeback:             0 kB
AnonPages:       1344144 kB
Mapped:           874528 kB
Shmem:             26868 kB
KReclaimable:     555660 kB
Slab:             224532 kB
SReclaimable:      76084 kB
SUnreclaim:       148448 kB
KernelStack:       48788 kB
PageTables:        67668 kB
NFS_Unstable:          0 kB
Bounce:                0 kB
WritebackTmp:          0 kB
CommitLimit:     9202288 kB
Committed_AS:   75060388 kB
VmallocTotal:   263061440 kB
VmallocUsed:      105976 kB
VmallocChunk:          0 kB
Percpu:             7648 kB
CmaTotal:         294912 kB
CmaFree:               0 kB
MemTotal:       12113132 kB
MemFree:         6277912 kB
MemAvailable:    7763268 kB
Buffers:            5308 kB
Cached:          1824440 kB
SwapCached:            0 kB
Active:          1584364 kB
Inactive:        1584848 kB
Active(anon):    1345880 kB
Inactive(anon):    24932 kB
Active(file):     238484 kB
Inactive(file):  1559916 kB
Unevictable:        5532 kB
Mlocked:            5532 kB
SwapTotal:       3145724 kB
SwapFree:        3145724 kB
Dirty:               216 kB
Writeback:             0 kB
AnonPages:       1344980 kB
Mapped:           874320 kB
Shmem:             26868 kB
KReclaimable:     555660 kB
Slab:             224548 kB
SReclaimable:      76084 kB
SUnreclaim:       148464 kB
KernelStack:       48800 kB
PageTables:        67756 kB
NFS_Unstable:          0 kB
Bounce:                0 kB
WritebackTmp:          0 kB
CommitLimit:     9202288 kB
Committed_AS:   75057756 kB
VmallocTotal:   263061440 kB
VmallocUsed:      105960 kB
VmallocChunk:          0 kB
Percpu:             7648 kB
CmaTotal:         294912 kB
CmaFree:               0 kB
MemTotal:       12113132 kB
MemFree:         6277512 kB
MemAvailable:    7762892 kB
Buffers:            5308 kB
Cached:          1824464 kB
SwapCached:            0 kB
Active:          1585700 kB
Inactive:        1584872 kB
Active(anon):    1347216 kB
Inactive(anon):    24932 kB
Active(file):     238484 kB
Inactive(file):  1559940 kB
Unevictable:        5532 kB
Mlocked:            5532 kB
SwapTotal:       3145724 kB
SwapFree:        3145724 kB
Dirty:               300 kB
Writeback:             0 kB
AnonPages:       1346356 kB
Mapped:           874328 kB
Shmem:             26868 kB
KReclaimable:     555660 kB
Slab:             224612 kB
SReclaimable:      76084 kB
SUnreclaim:       148528 kB
KernelStack:       48784 kB
PageTables:        67696 kB
NFS_Unstable:          0 kB
Bounce:                0 kB
WritebackTmp:          0 kB
CommitLimit:     9202288 kB
Committed_AS:   75070948 kB
VmallocTotal:   263061440 kB
VmallocUsed:      105944 kB
VmallocChunk:          0 kB
Percpu:             7648 kB
CmaTotal:         294912 kB
CmaFree:               0 kB
MemTotal:       12113132 kB
MemFree:         6277828 kB
MemAvailable:    7763212 kB
Buffers:            5308 kB
Cached:          1824468 kB
SwapCached:            0 kB
Active:          1586616 kB
Inactive:        1584876 kB
Active(anon):    1348132 kB
Inactive(anon):    24932 kB
Active(file):     238484 kB
Inactive(file):  1559944 kB
Unevictable:        5532 kB
Mlocked:            5532 kB
SwapTotal:       3145724 kB
SwapFree:        3145724 kB
Dirty:               340 kB
Writeback:             0 kB
AnonPages:       1346948 kB
Mapped:           874332 kB
Shmem:             26868 kB
KReclaimable:     555660 kB
Slab:             224572 kB
SReclaimable:      76084 kB
SUnreclaim:       148488 kB
KernelStack:       48752 kB
PageTables:        67652 kB
NFS_Unstable:          0 kB
Bounce:                0 kB
WritebackTmp:          0 kB
CommitLimit:     9202288 kB
Committed_AS:   75066440 kB
VmallocTotal:   263061440 kB
VmallocUsed:      105912 kB
VmallocChunk:          0 kB
Percpu:             7648 kB
CmaTotal:         294912 kB
CmaFree:               0 kB
MemTotal:       12113132 kB
MemFree:         6276832 kB
MemAvailable:    7762236 kB
Buffers:            5308 kB
Cached:          1824488 kB
SwapCached:            0 kB
Active:          1587072 kB
Inactive:        1584896 kB
Active(anon):    1348588 kB
Inactive(anon):    24932 kB
Active(file):     238484 kB
Inactive(file):  1559964 kB
Unevictable:        5532 kB
Mlocked:            5532 kB
SwapTotal:       3145724 kB
SwapFree:        3145724 kB
Dirty:               412 kB
Writeback:             0 kB
AnonPages:       1347728 kB
Mapped:           874328 kB
Shmem:             26868 kB
KReclaimable:     555660 kB
Slab:             224612 kB
SReclaimable:      76084 kB
SUnreclaim:       148528 kB
KernelStack:       48768 kB
PageTables:        67700 kB
NFS_Unstable:          0 kB
Bounce:                0 kB
WritebackTmp:          0 kB
CommitLimit:     9202288 kB
Committed_AS:   75058036 kB
VmallocTotal:   263061440 kB
VmallocUsed:      105928 kB
VmallocChunk:          0 kB
Percpu:             7648 kB
CmaTotal:         294912 kB
CmaFree:               0 kB
MemTotal:       12113132 kB
MemFree:         6276588 kB
MemAvailable:    7762008 kB
Buffers:            5308 kB
Cached:          1824504 kB
SwapCached:            0 kB
Active:          1587696 kB
Inactive:        1584912 kB
Active(anon):    1349212 kB
Inactive(anon):    24932 kB
Active(file):     238484 kB
Inactive(file):  1559980 kB
Unevictable:        5532 kB
Mlocked:            5532 kB
SwapTotal:       3145724 kB
SwapFree:        3145724 kB
Dirty:               436 kB
Writeback:             0 kB
AnonPages:       1348500 kB
Mapped:           874340 kB
Shmem:             26868 kB
KReclaimable:     555660 kB
Slab:             224548 kB
SReclaimable:      76084 kB
SUnreclaim:       148464 kB
KernelStack:       48768 kB
PageTables:        67680 kB
NFS_Unstable:          0 kB
Bounce:                0 kB
WritebackTmp:          0 kB
CommitLimit:     9202288 kB
Committed_AS:   75054504 kB
VmallocTotal:   263061440 kB
VmallocUsed:      105928 kB
VmallocChunk:          0 kB
Percpu:             7648 kB
CmaTotal:         294912 kB
CmaFree:               0 kB
MemTotal:       12113132 kB
MemFree:         6275720 kB
MemAvailable:    7761156 kB
Buffers:            5308 kB
Cached:          1824524 kB
SwapCached:            0 kB
Active:          1589044 kB
Inactive:        1584932 kB
Active(anon):    1350560 kB
Inactive(anon):    24936 kB
Active(file):     238484 kB
Inactive(file):  1559996 kB
Unevictable:        5532 kB
Mlocked:            5532 kB
SwapTotal:       3145724 kB
SwapFree:        3145724 kB
Dirty:               228 kB
Writeback:           260 kB
AnonPages:       1349604 kB
Mapped:           874396 kB
Shmem:             26872 kB
KReclaimable:     555660 kB
Slab:             224540 kB
SReclaimable:      76084 kB
SUnreclaim:       148456 kB
KernelStack:       48752 kB
PageTables:        67796 kB
NFS_Unstable:          0 kB
Bounce:                0 kB
WritebackTmp:          0 kB
CommitLimit:     9202288 kB
Committed_AS:   75058904 kB
VmallocTotal:   263061440 kB
VmallocUsed:      105944 kB
VmallocChunk:          0 kB
Percpu:             7648 kB
CmaTotal:         294912 kB
CmaFree:               0 kB
MemTotal:       12113132 kB
MemFree:         6306532 kB
MemAvailable:    7791980 kB
Buffers:            5308 kB
Cached:          1824536 kB
SwapCached:            0 kB
Active:          1555964 kB
Inactive:        1584944 kB
Active(anon):    1317480 kB
Inactive(anon):    24936 kB
Active(file):     238484 kB
Inactive(file):  1560008 kB
Unevictable:        5532 kB
Mlocked:            5532 kB
SwapTotal:       3145724 kB
SwapFree:        3145724 kB
Dirty:               300 kB
Writeback:             0 kB
AnonPages:       1316692 kB
Mapped:           874464 kB
Shmem:             26872 kB
KReclaimable:     555660 kB
Slab:             224540 kB
SReclaimable:      76084 kB
SUnreclaim:       148456 kB
KernelStack:       48752 kB
PageTables:        67604 kB
NFS_Unstable:          0 kB
Bounce:                0 kB
WritebackTmp:          0 kB
CommitLimit:     9202288 kB
Committed_AS:   75042496 kB
VmallocTotal:   263061440 kB
VmallocUsed:      105960 kB
VmallocChunk:          0 kB
Percpu:             7648 kB
CmaTotal:         294912 kB
CmaFree:               0 kB
MemTotal:       12113132 kB
MemFree:         6306712 kB
MemAvailable:    7792168 kB
Buffers:            5308 kB
Cached:          1824544 kB
SwapCached:            0 kB
Active:          1556592 kB
Inactive:        1584952 kB
Active(anon):    1318108 kB
Inactive(anon):    24936 kB
Active(file):     238484 kB
Inactive(file):  1560016 kB
Unevictable:        5532 kB
Mlocked:            5532 kB
SwapTotal:       3145724 kB
SwapFree:        3145724 kB
Dirty:               312 kB
Writeback:             0 kB
AnonPages:       1317560 kB
Mapped:           874592 kB
Shmem:             26872 kB
KReclaimable:     555660 kB
Slab:             224540 kB
SReclaimable:      76084 kB
SUnreclaim:       148456 kB
KernelStack:       48716 kB
PageTables:        67468 kB
NFS_Unstable:          0 kB
Bounce:                0 kB
WritebackTmp:          0 kB
CommitLimit:     9202288 kB
Committed_AS:   75039328 kB
VmallocTotal:   263061440 kB
VmallocUsed:      105912 kB
VmallocChunk:          0 kB
Percpu:             7648 kB
CmaTotal:         294912 kB
CmaFree:              44 kB
MemTotal:       12113132 kB
MemFree:         6306576 kB
MemAvailable:    7792044 kB
Buffers:            5308 kB
Cached:          1824560 kB
SwapCached:            0 kB
Active:          1557688 kB
Inactive:        1584964 kB
Active(anon):    1319204 kB
Inactive(anon):    24936 kB
Active(file):     238484 kB
Inactive(file):  1560028 kB
Unevictable:        5532 kB
Mlocked:            5532 kB
SwapTotal:       3145724 kB
SwapFree:        3145724 kB
Dirty:               364 kB
Writeback:             0 kB
AnonPages:       1317756 kB
Mapped:           874672 kB
Shmem:             26872 kB
KReclaimable:     555660 kB
Slab:             224540 kB
SReclaimable:      76084 kB
SUnreclaim:       148456 kB
KernelStack:       48788 kB
PageTables:        67624 kB
NFS_Unstable:          0 kB
Bounce:                0 kB
WritebackTmp:          0 kB
CommitLimit:     9202288 kB
Committed_AS:   75048452 kB
VmallocTotal:   263061440 kB
VmallocUsed:      105928 kB
VmallocChunk:          0 kB
Percpu:             7648 kB
CmaTotal:         294912 kB
CmaFree:               0 kB
MemTotal:       12113132 kB
MemFree:         6306320 kB
MemAvailable:    7791800 kB
Buffers:            5316 kB
Cached:          1824560 kB
SwapCached:            0 kB
Active:          1558036 kB
Inactive:        1584976 kB
Active(anon):    1319552 kB
Inactive(anon):    24936 kB
Active(file):     238484 kB
Inactive(file):  1560040 kB
Unevictable:        5532 kB
Mlocked:            5532 kB
SwapTotal:       3145724 kB
SwapFree:        3145724 kB
Dirty:               368 kB
Writeback:             0 kB
AnonPages:       1318544 kB
Mapped:           874568 kB
Shmem:             26872 kB
KReclaimable:     555660 kB
Slab:             224540 kB
SReclaimable:      76084 kB
SUnreclaim:       148456 kB
KernelStack:       48736 kB
PageTables:        67736 kB
NFS_Unstable:          0 kB
Bounce:                0 kB
WritebackTmp:          0 kB
CommitLimit:     9202288 kB
Committed_AS:   75045940 kB
VmallocTotal:   263061440 kB
VmallocUsed:      105896 kB
VmallocChunk:          0 kB
Percpu:             7648 kB
CmaTotal:         294912 kB
CmaFree:               4 kB
MemTotal:       12113132 kB
MemFree:         6305612 kB
MemAvailable:    7791128 kB
Buffers:            5316 kB
Cached:          1824596 kB
SwapCached:            0 kB
Active:          1558260 kB
Inactive:        1585004 kB
Active(anon):    1319768 kB
Inactive(anon):    24936 kB
Active(file):     238492 kB
Inactive(file):  1560068 kB
Unevictable:        5532 kB
Mlocked:            5532 kB
SwapTotal:       3145724 kB
SwapFree:        3145724 kB
Dirty:               376 kB
Writeback:             0 kB
AnonPages:       1319476 kB
Mapped:           874596 kB
Shmem:             26872 kB
KReclaimable:     555660 kB
Slab:             224540 kB
SReclaimable:      76084 kB
SUnreclaim:       148456 kB
KernelStack:       48704 kB
PageTables:        67604 kB
NFS_Unstable:          0 kB
Bounce:                0 kB
WritebackTmp:          0 kB
CommitLimit:     9202288 kB
Committed_AS:   75045032 kB
VmallocTotal:   263061440 kB
VmallocUsed:      105928 kB
VmallocChunk:          0 kB
Percpu:             7648 kB
CmaTotal:         294912 kB
CmaFree:               0 kB
MemTotal:       12113132 kB
MemFree:         6304640 kB
MemAvailable:    7790172 kB
Buffers:            5316 kB
Cached:          1824612 kB
SwapCached:            0 kB
Active:          1560012 kB
Inactive:        1585020 kB
Active(anon):    1321520 kB
Inactive(anon):    24936 kB
Active(file):     238492 kB
Inactive(file):  1560084 kB
Unevictable:        5532 kB
Mlocked:            5532 kB
SwapTotal:       3145724 kB
SwapFree:        3145724 kB
Dirty:               256 kB
Writeback:             0 kB
AnonPages:       1320412 kB
Mapped:           874432 kB
Shmem:             26872 kB
KReclaimable:     555660 kB
Slab:             224540 kB
SReclaimable:      76084 kB
SUnreclaim:       148456 kB
KernelStack:       48736 kB
PageTables:        67652 kB
NFS_Unstable:          0 kB
Bounce:                0 kB
WritebackTmp:          0 kB
CommitLimit:     9202288 kB
Committed_AS:   75045644 kB
VmallocTotal:   263061440 kB
VmallocUsed:      105880 kB
