MemTotal:       12113136 kB
MemFree:         6063552 kB
MemAvailable:    7870320 kB
Buffers:            6264 kB
Cached:          1877172 kB
SwapCached:            0 kB
Active:          1625408 kB
Inactive:        1551592 kB
Active(anon):    1300620 kB
Inactive(anon):    26772 kB
Active(file):     324788 kB
Inactive(file):  1524820 kB
Unevictable:        5508 kB
Mlocked:            5508 kB
SwapTotal:       3145724 kB
SwapFree:        3145724 kB
Dirty:               148 kB
Writeback:             0 kB
AnonPages:       1299124 kB
Mapped:           882440 kB
Shmem:             29376 kB
KReclaimable:     825864 kB
Slab:             224532 kB
SReclaimable:      78292 kB
SUnreclaim:       146240 kB
KernelStack:       47256 kB
PageTables:        64864 kB
NFS_Unstable:          0 kB
Bounce:                0 kB
WritebackTmp:          0 kB
CommitLimit:     9202292 kB
Committed_AS:   67744028 kB
VmallocTotal:   263061440 kB
VmallocUsed:      104216 kB
VmallocChunk:          0 kB
Percpu:             7616 kB
CmaTotal:         294912 kB
CmaFree:               0 kB
MemTotal:       12113136 kB
MemFree:         6063312 kB
MemAvailable:    7870160 kB
Buffers:            6264 kB
Cached:          1877252 kB
SwapCached:            0 kB
Active:          1626628 kB
Inactive:        1551640 kB
Active(anon):    1301808 kB
Inactive(anon):    26772 kB
Active(file):     324820 kB
Inactive(file):  1524868 kB
Unevictable:        5508 kB
Mlocked:            5508 kB
SwapTotal:       3145724 kB
SwapFree:        3145724 kB
Dirty:               240 kB
Writeback:             0 kB
AnonPages:       1300176 kB
Mapped:           882280 kB
Shmem:             29376 kB
KReclaimable:     825864 kB
Slab:             224540 kB
SReclaimable:      78292 kB
SUnreclaim:       146248 kB
KernelStack:       47264 kB
PageTables:        64748 kB
NFS_Unstable:          0 kB
Bounce:                0 kB
WritebackTmp:          0 kB
CommitLimit:     9202292 kB
Committed_AS:   67743816 kB
VmallocTotal:   263061440 kB
VmallocUsed:      104216 kB
VmallocChunk:          0 kB
Percpu:             7616 kB
CmaTotal:         294912 kB
CmaFree:              24 kB
MemTotal:       12113136 kB
MemFree:         6062424 kB
MemAvailable:    7869276 kB
Buffers:            6264 kB
Cached:          1877256 kB
SwapCached:            0 kB
Active:          1627436 kB
Inactive:        1551644 kB
Active(anon):    1302616 kB
Inactive(anon):    26772 kB
Active(file):     324820 kB
Inactive(file):  1524872 kB
Unevictable:        5508 kB
Mlocked:            5508 kB
SwapTotal:       3145724 kB
SwapFree:        3145724 kB
Dirty:               248 kB
Writeback:             0 kB
AnonPages:       1300996 kB
Mapped:           882280 kB
Shmem:             29376 kB
KReclaimable:     825864 kB
Slab:             224540 kB
SReclaimable:      78292 kB
SUnreclaim:       146248 kB
KernelStack:       47248 kB
PageTables:        64760 kB
NFS_Unstable:          0 kB
Bounce:                0 kB
WritebackTmp:          0 kB
CommitLimit:     9202292 kB
Committed_AS:   67748796 kB
VmallocTotal:   263061440 kB
VmallocUsed:      104232 kB
VmallocChunk:          0 kB
Percpu:             7616 kB
CmaTotal:         294912 kB
CmaFree:               0 kB
MemTotal:       12113136 kB
MemFree:         6062188 kB
MemAvailable:    7869056 kB
Buffers:            6264 kB
Cached:          1877272 kB
SwapCached:            0 kB
Active:          1627776 kB
Inactive:        1551660 kB
Active(anon):    1302956 kB
Inactive(anon):    26772 kB
Active(file):     324820 kB
Inactive(file):  1524888 kB
Unevictable:        5508 kB
Mlocked:            5508 kB
SwapTotal:       3145724 kB
SwapFree:        3145724 kB
Dirty:               260 kB
Writeback:             0 kB
AnonPages:       1301248 kB
Mapped:           882316 kB
Shmem:             29376 kB
KReclaimable:     825864 kB
Slab:             224540 kB
SReclaimable:      78292 kB
SUnreclaim:       146248 kB
KernelStack:       47296 kB
PageTables:        64800 kB
NFS_Unstable:          0 kB
Bounce:                0 kB
WritebackTmp:          0 kB
CommitLimit:     9202292 kB
Committed_AS:   67748576 kB
VmallocTotal:   263061440 kB
VmallocUsed:      104232 kB
VmallocChunk:          0 kB
Percpu:             7616 kB
CmaTotal:         294912 kB
CmaFree:               0 kB
MemTotal:       12113136 kB
MemFree:         6061588 kB
MemAvailable:    7868492 kB
Buffers:            6264 kB
Cached:          1877308 kB
SwapCached:            0 kB
Active:          1628484 kB
Inactive:        1551692 kB
Active(anon):    1303660 kB
Inactive(anon):    26772 kB
Active(file):     324824 kB
Inactive(file):  1524920 kB
Unevictable:        5508 kB
Mlocked:            5508 kB
SwapTotal:       3145724 kB
SwapFree:        3145724 kB
Dirty:               328 kB
Writeback:             0 kB
AnonPages:       1302104 kB
Mapped:           882468 kB
Shmem:             29376 kB
KReclaimable:     825864 kB
Slab:             224540 kB
SReclaimable:      78292 kB
SUnreclaim:       146248 kB
KernelStack:       47232 kB
PageTables:        64692 kB
NFS_Unstable:          0 kB
Bounce:                0 kB
WritebackTmp:          0 kB
CommitLimit:     9202292 kB
Committed_AS:   67748180 kB
VmallocTotal:   263061440 kB
VmallocUsed:      104264 kB
VmallocChunk:          0 kB
Percpu:             7616 kB
CmaTotal:         294912 kB
CmaFree:               0 kB
MemTotal:       12113136 kB
MemFree:         6060324 kB
MemAvailable:    7867244 kB
Buffers:            6264 kB
Cached:          1877324 kB
SwapCached:            0 kB
Active:          1628932 kB
Inactive:        1551708 kB
Active(anon):    1304108 kB
Inactive(anon):    26772 kB
Active(file):     324824 kB
Inactive(file):  1524936 kB
Unevictable:        5508 kB
Mlocked:            5508 kB
SwapTotal:       3145724 kB
SwapFree:        3145724 kB
Dirty:               344 kB
Writeback:             0 kB
AnonPages:       1302520 kB
Mapped:           882276 kB
Shmem:             29376 kB
KReclaimable:     825864 kB
Slab:             224540 kB
SReclaimable:      78292 kB
SUnreclaim:       146248 kB
KernelStack:       47248 kB
PageTables:        64756 kB
NFS_Unstable:          0 kB
Bounce:                0 kB
WritebackTmp:          0 kB
CommitLimit:     9202292 kB
Committed_AS:   67748400 kB
VmallocTotal:   263061440 kB
VmallocUsed:      104280 kB
VmallocChunk:          0 kB
Percpu:             7616 kB
CmaTotal:         294912 kB
CmaFree:               0 kB
MemTotal:       12113136 kB
MemFree:         6059532 kB
MemAvailable:    7866460 kB
Buffers:            6264 kB
Cached:          1877332 kB
SwapCached:            0 kB
Active:          1629524 kB
Inactive:        1551716 kB
Active(anon):    1304700 kB
Inactive(anon):    26772 kB
Active(file):     324824 kB
Inactive(file):  1524944 kB
Unevictable:        5508 kB
Mlocked:            5508 kB
SwapTotal:       3145724 kB
SwapFree:        3145724 kB
Dirty:               352 kB
Writeback:             0 kB
AnonPages:       1302896 kB
Mapped:           882280 kB
Shmem:             29376 kB
KReclaimable:     825864 kB
Slab:             224540 kB
SReclaimable:      78292 kB
SUnreclaim:       146248 kB
KernelStack:       47296 kB
PageTables:        64756 kB
NFS_Unstable:          0 kB
Bounce:                0 kB
WritebackTmp:          0 kB
CommitLimit:     9202292 kB
Committed_AS:   67748188 kB
VmallocTotal:   263061440 kB
VmallocUsed:      104264 kB
VmallocChunk:          0 kB
Percpu:             7616 kB
CmaTotal:         294912 kB
CmaFree:              24 kB
MemTotal:       12113136 kB
MemFree:         6058332 kB
MemAvailable:    7865272 kB
Buffers:            6264 kB
Cached:          1877344 kB
SwapCached:            0 kB
Active:          1630448 kB
Inactive:        1551728 kB
Active(anon):    1305624 kB
Inactive(anon):    26772 kB
Active(file):     324824 kB
Inactive(file):  1524956 kB
Unevictable:        5508 kB
Mlocked:            5508 kB
SwapTotal:       3145724 kB
SwapFree:        3145724 kB
Dirty:               376 kB
Writeback:             0 kB
AnonPages:       1303836 kB
Mapped:           882280 kB
Shmem:             29376 kB
KReclaimable:     825864 kB
Slab:             224540 kB
SReclaimable:      78292 kB
SUnreclaim:       146248 kB
KernelStack:       47296 kB
PageTables:        64816 kB
NFS_Unstable:          0 kB
Bounce:                0 kB
WritebackTmp:          0 kB
CommitLimit:     9202292 kB
Committed_AS:   67753448 kB
VmallocTotal:   263061440 kB
VmallocUsed:      104264 kB
VmallocChunk:          0 kB
Percpu:             7616 kB
CmaTotal:         294912 kB
CmaFree:               0 kB
MemTotal:       12113136 kB
MemFree:         6058524 kB
MemAvailable:    7865480 kB
Buffers:            6264 kB
Cached:          1877360 kB
SwapCached:            0 kB
Active:          1630924 kB
Inactive:        1551748 kB
Active(anon):    1306104 kB
Inactive(anon):    26772 kB
Active(file):     324820 kB
Inactive(file):  1524976 kB
Unevictable:        5508 kB
Mlocked:            5508 kB
SwapTotal:       3145724 kB
SwapFree:        3145724 kB
Dirty:               388 kB
Writeback:             0 kB
AnonPages:       1304360 kB
Mapped:           882280 kB
Shmem:             29376 kB
KReclaimable:     825864 kB
Slab:             224540 kB
SReclaimable:      78292 kB
SUnreclaim:       146248 kB
KernelStack:       47264 kB
PageTables:        64752 kB
NFS_Unstable:          0 kB
Bounce:                0 kB
WritebackTmp:          0 kB
CommitLimit:     9202292 kB
Committed_AS:   67753488 kB
VmallocTotal:   263061440 kB
VmallocUsed:      104280 kB
VmallocChunk:          0 kB
Percpu:             7616 kB
CmaTotal:         294912 kB
CmaFree:               0 kB
MemTotal:       12113136 kB
MemFree:         6057588 kB
MemAvailable:    7864560 kB
Buffers:            6264 kB
Cached:          1877612 kB
SwapCached:            0 kB
Active:          1632072 kB
Inactive:        1551916 kB
Active(anon):    1307248 kB
Inactive(anon):    26928 kB
Active(file):     324824 kB
Inactive(file):  1524988 kB
Unevictable:        5508 kB
Mlocked:            5508 kB
SwapTotal:       3145724 kB
SwapFree:        3145724 kB
Dirty:               412 kB
Writeback:             0 kB
AnonPages:       1305400 kB
Mapped:           882508 kB
Shmem:             29612 kB
KReclaimable:     825864 kB
Slab:             224532 kB
SReclaimable:      78292 kB
SUnreclaim:       146240 kB
KernelStack:       47264 kB
PageTables:        64764 kB
NFS_Unstable:          0 kB
Bounce:                0 kB
WritebackTmp:          0 kB
CommitLimit:     9202292 kB
Committed_AS:   67753428 kB
VmallocTotal:   263061440 kB
VmallocUsed:      104296 kB
VmallocChunk:          0 kB
Percpu:             7616 kB
CmaTotal:         294912 kB
CmaFree:               0 kB
MemTotal:       12113136 kB
MemFree:         6055464 kB
MemAvailable:    7862488 kB
Buffers:            6268 kB
Cached:          1877420 kB
SwapCached:            0 kB
Active:          1632640 kB
Inactive:        1551804 kB
Active(anon):    1307812 kB
Inactive(anon):    26772 kB
Active(file):     324828 kB
Inactive(file):  1525032 kB
Unevictable:        5508 kB
Mlocked:            5508 kB
SwapTotal:       3145724 kB
SwapFree:        3145724 kB
Dirty:               416 kB
Writeback:             0 kB
AnonPages:       1306464 kB
Mapped:           882280 kB
Shmem:             29376 kB
KReclaimable:     825868 kB
Slab:             224544 kB
SReclaimable:      78296 kB
SUnreclaim:       146248 kB
KernelStack:       47184 kB
PageTables:        64756 kB
NFS_Unstable:          0 kB
Bounce:                0 kB
WritebackTmp:          0 kB
CommitLimit:     9202292 kB
Committed_AS:   67749852 kB
VmallocTotal:   263061440 kB
VmallocUsed:      104168 kB
VmallocChunk:          0 kB
Percpu:             7616 kB
CmaTotal:         294912 kB
CmaFree:               0 kB
MemTotal:       12113136 kB
MemFree:         6055032 kB
MemAvailable:    7862068 kB
Buffers:            6268 kB
Cached:          1877432 kB
SwapCached:            0 kB
Active:          1633696 kB
Inactive:        1551816 kB
Active(anon):    1308868 kB
Inactive(anon):    26772 kB
Active(file):     324828 kB
Inactive(file):  1525044 kB
Unevictable:        5508 kB
Mlocked:            5508 kB
SwapTotal:       3145724 kB
SwapFree:        3145724 kB
Dirty:               432 kB
Writeback:             0 kB
AnonPages:       1307352 kB
Mapped:           882276 kB
Shmem:             29376 kB
KReclaimable:     825868 kB
Slab:             224544 kB
SReclaimable:      78296 kB
SUnreclaim:       146248 kB
KernelStack:       47168 kB
PageTables:        64752 kB
NFS_Unstable:          0 kB
Bounce:                0 kB
WritebackTmp:          0 kB
CommitLimit:     9202292 kB
Committed_AS:   67754480 kB
VmallocTotal:   263061440 kB
VmallocUsed:      104200 kB
VmallocChunk:          0 kB
Percpu:             7616 kB
CmaTotal:         294912 kB
CmaFree:               0 kB
MemTotal:       12113136 kB
MemFree:         6053720 kB
MemAvailable:    7860780 kB
Buffers:            6268 kB
Cached:          1877456 kB
SwapCached:            0 kB
Active:          1633808 kB
Inactive:        1551840 kB
Active(anon):    1308980 kB
Inactive(anon):    26772 kB
Active(file):     324828 kB
Inactive(file):  1525068 kB
Unevictable:        5508 kB
Mlocked:            5508 kB
SwapTotal:       3145724 kB
SwapFree:        3145724 kB
Dirty:               456 kB
Writeback:             0 kB
AnonPages:       1307648 kB
Mapped:           882468 kB
Shmem:             29376 kB
KReclaimable:     825868 kB
Slab:             224544 kB
SReclaimable:      78296 kB
SUnreclaim:       146248 kB
KernelStack:       47204 kB
PageTables:        64684 kB
NFS_Unstable:          0 kB
Bounce:                0 kB
WritebackTmp:          0 kB
CommitLimit:     9202292 kB
Committed_AS:   67753344 kB
VmallocTotal:   263061440 kB
VmallocUsed:      104216 kB
VmallocChunk:          0 kB
Percpu:             7616 kB
CmaTotal:         294912 kB
CmaFree:               0 kB
MemTotal:       12113136 kB
MemFree:         6054120 kB
MemAvailable:    7861192 kB
Buffers:            6268 kB
Cached:          1877468 kB
SwapCached:            0 kB
Active:          1633440 kB
Inactive:        1551852 kB
Active(anon):    1308612 kB
Inactive(anon):    26772 kB
Active(file):     324828 kB
Inactive(file):  1525080 kB
Unevictable:        5508 kB
Mlocked:            5508 kB
SwapTotal:       3145724 kB
SwapFree:        3145724 kB
Dirty:               480 kB
Writeback:             0 kB
AnonPages:       1307012 kB
Mapped:           882276 kB
Shmem:             29376 kB
KReclaimable:     825868 kB
Slab:             224544 kB
SReclaimable:      78296 kB
SUnreclaim:       146248 kB
KernelStack:       47168 kB
PageTables:        64744 kB
NFS_Unstable:          0 kB
Bounce:                0 kB
WritebackTmp:          0 kB
CommitLimit:     9202292 kB
Committed_AS:   67753212 kB
VmallocTotal:   263061440 kB
VmallocUsed:      104216 kB
VmallocChunk:          0 kB
Percpu:             7616 kB
CmaTotal:         294912 kB
CmaFree:               0 kB
MemTotal:       12113136 kB
MemFree:         6054716 kB
MemAvailable:    7861800 kB
Buffers:            6268 kB
Cached:          1877480 kB
SwapCached:            0 kB
Active:          1634388 kB
Inactive:        1551864 kB
Active(anon):    1309560 kB
Inactive(anon):    26772 kB
Active(file):     324828 kB
Inactive(file):  1525092 kB
Unevictable:        5508 kB
Mlocked:            5508 kB
SwapTotal:       3145724 kB
SwapFree:        3145724 kB
Dirty:               496 kB
Writeback:             0 kB
AnonPages:       1307848 kB
Mapped:           882280 kB
Shmem:             29376 kB
KReclaimable:     825868 kB
Slab:             224544 kB
SReclaimable:      78296 kB
SUnreclaim:       146248 kB
KernelStack:       47184 kB
PageTables:        64752 kB
NFS_Unstable:          0 kB
Bounce:                0 kB
WritebackTmp:          0 kB
CommitLimit:     9202292 kB
Committed_AS:   67754432 kB
VmallocTotal:   263061440 kB
VmallocUsed:      104184 kB
VmallocChunk:          0 kB
Percpu:             7616 kB
CmaTotal:         294912 kB
CmaFree:               0 kB
MemTotal:       12113136 kB
MemFree:         6054116 kB
MemAvailable:    7861220 kB
Buffers:            6268 kB
Cached:          1877500 kB
SwapCached:            0 kB
Active:          1634892 kB
Inactive:        1551884 kB
Active(anon):    1310064 kB
Inactive(anon):    26772 kB
Active(file):     324828 kB
Inactive(file):  1525112 kB
Unevictable:        5508 kB
Mlocked:            5508 kB
SwapTotal:       3145724 kB
SwapFree:        3145724 kB
Dirty:               516 kB
Writeback:             0 kB
AnonPages:       1308772 kB
Mapped:           882300 kB
Shmem:             29376 kB
KReclaimable:     825868 kB
Slab:             224544 kB
SReclaimable:      78296 kB
SUnreclaim:       146248 kB
KernelStack:       47200 kB
PageTables:        64804 kB
NFS_Unstable:          0 kB
Bounce:                0 kB
WritebackTmp:          0 kB
CommitLimit:     9202292 kB
Committed_AS:   67754212 kB
VmallocTotal:   263061440 kB
VmallocUsed:      104168 kB
VmallocChunk:          0 kB
Percpu:             7616 kB
CmaTotal:         294912 kB
CmaFree:               0 kB
MemTotal:       12113136 kB
MemFree:         6054440 kB
MemAvailable:    7861532 kB
Buffers:            6268 kB
Cached:          1877488 kB
SwapCached:            0 kB
Active:          1634704 kB
Inactive:        1551876 kB
Active(anon):    1309880 kB
Inactive(anon):    26772 kB
Active(file):     324824 kB
Inactive(file):  1525104 kB
Unevictable:        5508 kB
Mlocked:            5508 kB
SwapTotal:       3145724 kB
SwapFree:        3145724 kB
Dirty:               540 kB
Writeback:             0 kB
AnonPages:       1308780 kB
Mapped:           882468 kB
Shmem:             29376 kB
KReclaimable:     825868 kB
Slab:             224544 kB
SReclaimable:      78296 kB
SUnreclaim:       146248 kB
KernelStack:       47152 kB
PageTables:        64988 kB
NFS_Unstable:          0 kB
Bounce:                0 kB
WritebackTmp:          0 kB
CommitLimit:     9202292 kB
Committed_AS:   67754344 kB
VmallocTotal:   263061440 kB
VmallocUsed:      104136 kB
VmallocChunk:          0 kB
Percpu:             7616 kB
CmaTotal:         294912 kB
CmaFree:               0 kB
MemTotal:       12113136 kB
MemFree:         6053348 kB
MemAvailable:    7860484 kB
Buffers:            6268 kB
Cached:          1877532 kB
SwapCached:            0 kB
Active:          1636052 kB
Inactive:        1551916 kB
Active(anon):    1311224 kB
Inactive(anon):    26772 kB
Active(file):     324828 kB
Inactive(file):  1525144 kB
Unevictable:        5508 kB
Mlocked:            5508 kB
SwapTotal:       3145724 kB
SwapFree:        3145724 kB
Dirty:               568 kB
Writeback:             0 kB
AnonPages:       1309764 kB
Mapped:           882348 kB
Shmem:             29376 kB
KReclaimable:     825868 kB
Slab:             224544 kB
SReclaimable:      78296 kB
SUnreclaim:       146248 kB
KernelStack:       47200 kB
PageTables:        64860 kB
NFS_Unstable:          0 kB
Bounce:                0 kB
WritebackTmp:          0 kB
CommitLimit:     9202292 kB
Committed_AS:   67760952 kB
VmallocTotal:   263061440 kB
VmallocUsed:      104136 kB
VmallocChunk:          0 kB
Percpu:             7616 kB
CmaTotal:         294912 kB
CmaFree:               0 kB
MemTotal:       12113136 kB
MemFree:         6052420 kB
MemAvailable:    7859568 kB
Buffers:            6268 kB
Cached:          1877756 kB
SwapCached:            0 kB
Active:          1637236 kB
Inactive:        1552376 kB
Active(anon):    1312404 kB
Inactive(anon):    27224 kB
Active(file):     324832 kB
Inactive(file):  1525152 kB
Unevictable:        5508 kB
Mlocked:            5508 kB
SwapTotal:       3145724 kB
SwapFree:        3145724 kB
Dirty:               584 kB
Writeback:             0 kB
AnonPages:       1310796 kB
Mapped:           882732 kB
Shmem:             29588 kB
KReclaimable:     825868 kB
Slab:             224544 kB
SReclaimable:      78296 kB
SUnreclaim:       146248 kB
KernelStack:       47152 kB
PageTables:        64780 kB
NFS_Unstable:          0 kB
Bounce:                0 kB
WritebackTmp:          0 kB
CommitLimit:     9202292 kB
Committed_AS:   67754140 kB
VmallocTotal:   263061440 kB
VmallocUsed:      104136 kB
VmallocChunk:          0 kB
Percpu:             7616 kB
CmaTotal:         294912 kB
CmaFree:               0 kB
MemTotal:       12113136 kB
MemFree:         6078820 kB
MemAvailable:    7885984 kB
Buffers:            6268 kB
Cached:          1877560 kB
SwapCached:            0 kB
Active:          1608496 kB
Inactive:        1551944 kB
Active(anon):    1283668 kB
Inactive(anon):    26772 kB
Active(file):     324828 kB
Inactive(file):  1525172 kB
Unevictable:        5508 kB
Mlocked:            5508 kB
SwapTotal:       3145724 kB
SwapFree:        3145724 kB
Dirty:               176 kB
Writeback:            56 kB
AnonPages:       1282352 kB
Mapped:           882276 kB
Shmem:             29376 kB
KReclaimable:     825868 kB
Slab:             224576 kB
SReclaimable:      78296 kB
SUnreclaim:       146280 kB
KernelStack:       47168 kB
PageTables:        64744 kB
NFS_Unstable:          0 kB
Bounce:                0 kB
WritebackTmp:          0 kB
CommitLimit:     9202292 kB
Committed_AS:   67747564 kB
VmallocTotal:   263061440 kB
VmallocUsed:      104152 kB
VmallocChunk:          0 kB
Percpu:             7616 kB
CmaTotal:         294912 kB
CmaFree:             296 kB
MemTotal:       12113136 kB
MemFree:         6062360 kB
MemAvailable:    7869544 kB
Buffers:            6268 kB
Cached:          1877340 kB
SwapCached:            0 kB
Active:          1626388 kB
Inactive:        1552244 kB
Active(anon):    1301560 kB
Inactive(anon):    27052 kB
Active(file):     324828 kB
Inactive(file):  1525192 kB
Unevictable:        5508 kB
Mlocked:            5508 kB
SwapTotal:       3145724 kB
SwapFree:        3145724 kB
Dirty:               232 kB
Writeback:             0 kB
AnonPages:       1299896 kB
Mapped:           882744 kB
Shmem:             29136 kB
KReclaimable:     825868 kB
Slab:             224544 kB
SReclaimable:      78296 kB
SUnreclaim:       146248 kB
KernelStack:       47120 kB
PageTables:        64708 kB
NFS_Unstable:          0 kB
Bounce:                0 kB
WritebackTmp:          0 kB
CommitLimit:     9202292 kB
Committed_AS:   67758968 kB
VmallocTotal:   263061440 kB
VmallocUsed:      104184 kB
VmallocChunk:          0 kB
Percpu:             7616 kB
CmaTotal:         294912 kB
CmaFree:               0 kB
MemTotal:       12113136 kB
MemFree:         6041868 kB
MemAvailable:    7849064 kB
Buffers:            6268 kB
Cached:          1877608 kB
SwapCached:            0 kB
Active:          1645952 kB
Inactive:        1551916 kB
Active(anon):    1321124 kB
Inactive(anon):    26712 kB
Active(file):     324828 kB
Inactive(file):  1525204 kB
Unevictable:        5508 kB
Mlocked:            5508 kB
SwapTotal:       3145724 kB
SwapFree:        3145724 kB
Dirty:               252 kB
Writeback:             0 kB
AnonPages:       1319508 kB
Mapped:           882216 kB
Shmem:             29392 kB
KReclaimable:     825868 kB
Slab:             224536 kB
SReclaimable:      78296 kB
SUnreclaim:       146240 kB
KernelStack:       47152 kB
PageTables:        64772 kB
NFS_Unstable:          0 kB
Bounce:                0 kB
WritebackTmp:          0 kB
CommitLimit:     9202292 kB
Committed_AS:   67758660 kB
VmallocTotal:   263061440 kB
VmallocUsed:      104168 kB
VmallocChunk:          0 kB
Percpu:             7616 kB
CmaTotal:         294912 kB
CmaFree:               0 kB
MemTotal:       12113136 kB
MemFree:         6040984 kB
MemAvailable:    7848200 kB
Buffers:            6268 kB
Cached:          1877612 kB
SwapCached:            0 kB
Active:          1646716 kB
Inactive:        1551996 kB
Active(anon):    1321888 kB
Inactive(anon):    26772 kB
Active(file):     324828 kB
Inactive(file):  1525224 kB
Unevictable:        5508 kB
Mlocked:            5508 kB
SwapTotal:       3145724 kB
SwapFree:        3145724 kB
Dirty:               296 kB
Writeback:             0 kB
AnonPages:       1320380 kB
Mapped:           882468 kB
Shmem:             29376 kB
KReclaimable:     825868 kB
Slab:             224536 kB
SReclaimable:      78296 kB
SUnreclaim:       146240 kB
KernelStack:       47104 kB
PageTables:        64684 kB
NFS_Unstable:          0 kB
Bounce:                0 kB
WritebackTmp:          0 kB
CommitLimit:     9202292 kB
Committed_AS:   67758496 kB
VmallocTotal:   263061440 kB
VmallocUsed:      104152 kB
VmallocChunk:          0 kB
Percpu:             7616 kB
CmaTotal:         294912 kB
CmaFree:               0 kB
MemTotal:       12113136 kB
MemFree:         6056600 kB
MemAvailable:    7863792 kB
Buffers:            6268 kB
Cached:          1877568 kB
SwapCached:            0 kB
Active:          1633316 kB
Inactive:        1551956 kB
Active(anon):    1308496 kB
Inactive(anon):    26748 kB
Active(file):     324820 kB
Inactive(file):  1525208 kB
Unevictable:        5508 kB
Mlocked:            5508 kB
SwapTotal:       3145724 kB
SwapFree:        3145724 kB
Dirty:               296 kB
Writeback:             0 kB
AnonPages:       1306932 kB
Mapped:           882444 kB
Shmem:             29356 kB
KReclaimable:     825868 kB
Slab:             224544 kB
SReclaimable:      78296 kB
SUnreclaim:       146248 kB
KernelStack:       47120 kB
PageTables:        64716 kB
NFS_Unstable:          0 kB
Bounce:                0 kB
WritebackTmp:          0 kB
CommitLimit:     9202292 kB
Committed_AS:   67758188 kB
VmallocTotal:   263061440 kB
VmallocUsed:      104168 kB
VmallocChunk:          0 kB
Percpu:             7616 kB
CmaTotal:         294912 kB
CmaFree:             196 kB
MemTotal:       12113136 kB
MemFree:         6043716 kB
MemAvailable:    7850964 kB
Buffers:            6272 kB
Cached:          1877804 kB
SwapCached:            0 kB
Active:          1643500 kB
Inactive:        1552024 kB
Active(anon):    1318668 kB
Inactive(anon):    26772 kB
Active(file):     324832 kB
Inactive(file):  1525252 kB
Unevictable:        5508 kB
Mlocked:            5508 kB
SwapTotal:       3145724 kB
SwapFree:        3145724 kB
Dirty:               332 kB
Writeback:             0 kB
AnonPages:       1317148 kB
Mapped:           882468 kB
Shmem:             29540 kB
KReclaimable:     825868 kB
Slab:             224536 kB
SReclaimable:      78296 kB
SUnreclaim:       146240 kB
KernelStack:       47104 kB
PageTables:        64612 kB
NFS_Unstable:          0 kB
Bounce:                0 kB
WritebackTmp:          0 kB
CommitLimit:     9202292 kB
Committed_AS:   67747976 kB
VmallocTotal:   263061440 kB
VmallocUsed:      104152 kB
VmallocChunk:          0 kB
Percpu:             7616 kB
CmaTotal:         294912 kB
CmaFree:              16 kB
MemTotal:       12113136 kB
MemFree:         6043396 kB
MemAvailable:    7850680 kB
Buffers:            6272 kB
Cached:          1877676 kB
SwapCached:            0 kB
Active:          1644628 kB
Inactive:        1552060 kB
Active(anon):    1319796 kB
Inactive(anon):    26772 kB
Active(file):     324832 kB
Inactive(file):  1525288 kB
Unevictable:        5508 kB
Mlocked:            5508 kB
SwapTotal:       3145724 kB
SwapFree:        3145724 kB
Dirty:               364 kB
Writeback:             0 kB
AnonPages:       1318012 kB
Mapped:           882468 kB
Shmem:             29376 kB
KReclaimable:     825868 kB
Slab:             224552 kB
SReclaimable:      78296 kB
SUnreclaim:       146256 kB
KernelStack:       47168 kB
PageTables:        64756 kB
NFS_Unstable:          0 kB
Bounce:                0 kB
WritebackTmp:          0 kB
CommitLimit:     9202292 kB
Committed_AS:   67748992 kB
VmallocTotal:   263061440 kB
VmallocUsed:      104152 kB
VmallocChunk:          0 kB
Percpu:             7616 kB
CmaTotal:         294912 kB
CmaFree:               0 kB
MemTotal:       12113136 kB
MemFree:         6043632 kB
MemAvailable:    7850924 kB
Buffers:            6272 kB
Cached:          1877684 kB
SwapCached:            0 kB
Active:          1645572 kB
Inactive:        1552068 kB
Active(anon):    1320740 kB
Inactive(anon):    26772 kB
Active(file):     324832 kB
Inactive(file):  1525296 kB
Unevictable:        5508 kB
Mlocked:            5508 kB
SwapTotal:       3145724 kB
SwapFree:        3145724 kB
Dirty:               376 kB
Writeback:             0 kB
AnonPages:       1319060 kB
Mapped:           882276 kB
Shmem:             29376 kB
KReclaimable:     825868 kB
Slab:             224544 kB
SReclaimable:      78296 kB
SUnreclaim:       146248 kB
KernelStack:       47152 kB
PageTables:        64884 kB
NFS_Unstable:          0 kB
Bounce:                0 kB
WritebackTmp:          0 kB
CommitLimit:     9202292 kB
Committed_AS:   67750604 kB
VmallocTotal:   263061440 kB
VmallocUsed:      104168 kB
VmallocChunk:          0 kB
Percpu:             7616 kB
CmaTotal:         294912 kB
CmaFree:               0 kB
MemTotal:       12113136 kB
MemFree:         6041788 kB
MemAvailable:    7849108 kB
Buffers:            6272 kB
Cached:          1877876 kB
SwapCached:            0 kB
Active:          1645916 kB
Inactive:        1551960 kB
Active(anon):    1321080 kB
Inactive(anon):    26640 kB
Active(file):     324836 kB
Inactive(file):  1525320 kB
Unevictable:        5508 kB
Mlocked:            5508 kB
SwapTotal:       3145724 kB
SwapFree:        3145724 kB
Dirty:               416 kB
Writeback:             0 kB
AnonPages:       1319656 kB
Mapped:           882280 kB
Shmem:             29540 kB
KReclaimable:     825868 kB
Slab:             224536 kB
SReclaimable:      78296 kB
SUnreclaim:       146240 kB
KernelStack:       47152 kB
PageTables:        64792 kB
NFS_Unstable:          0 kB
Bounce:                0 kB
WritebackTmp:          0 kB
CommitLimit:     9202292 kB
Committed_AS:   67744188 kB
VmallocTotal:   263061440 kB
VmallocUsed:      104152 kB
VmallocChunk:          0 kB
Percpu:             7616 kB
CmaTotal:         294912 kB
CmaFree:               0 kB
MemTotal:       12113136 kB
MemFree:         6074032 kB
MemAvailable:    7881364 kB
Buffers:            6272 kB
Cached:          1877724 kB
SwapCached:            0 kB
Active:          1612724 kB
Inactive:        1552108 kB
Active(anon):    1287892 kB
Inactive(anon):    26772 kB
Active(file):     324832 kB
Inactive(file):  1525336 kB
Unevictable:        5508 kB
Mlocked:            5508 kB
SwapTotal:       3145724 kB
SwapFree:        3145724 kB
Dirty:               444 kB
Writeback:             0 kB
AnonPages:       1286544 kB
Mapped:           882280 kB
Shmem:             29376 kB
KReclaimable:     825868 kB
Slab:             224536 kB
SReclaimable:      78296 kB
SUnreclaim:       146240 kB
KernelStack:       47136 kB
PageTables:        64760 kB
NFS_Unstable:          0 kB
Bounce:                0 kB
WritebackTmp:          0 kB
CommitLimit:     9202292 kB
Committed_AS:   67743924 kB
VmallocTotal:   263061440 kB
VmallocUsed:      104120 kB
VmallocChunk:          0 kB
Percpu:             7616 kB
CmaTotal:         294912 kB
CmaFree:               0 kB
MemTotal:       12113136 kB
MemFree:         6074308 kB
MemAvailable:    7881656 kB
Buffers:            6272 kB
Cached:          1877740 kB
SwapCached:            0 kB
Active:          1612828 kB
Inactive:        1552124 kB
Active(anon):    1287996 kB
Inactive(anon):    26772 kB
Active(file):     324832 kB
Inactive(file):  1525352 kB
Unevictable:        5508 kB
Mlocked:            5508 kB
SwapTotal:       3145724 kB
SwapFree:        3145724 kB
Dirty:               212 kB
Writeback:             0 kB
AnonPages:       1286844 kB
Mapped:           882468 kB
Shmem:             29376 kB
KReclaimable:     825868 kB
Slab:             224536 kB
SReclaimable:      78296 kB
SUnreclaim:       146240 kB
KernelStack:       47120 kB
PageTables:        64688 kB
NFS_Unstable:          0 kB
Bounce:                0 kB
WritebackTmp:          0 kB
CommitLimit:     9202292 kB
Committed_AS:   67743500 kB
VmallocTotal:   263061440 kB
VmallocUsed:      104152 kB
VmallocChunk:          0 kB
Percpu:             7616 kB
CmaTotal:         294912 kB
CmaFree:               0 kB
MemTotal:       12113136 kB
MemFree:         6046432 kB
MemAvailable:    7853792 kB
Buffers:            6272 kB
Cached:          1877752 kB
SwapCached:            0 kB
Active:          1642040 kB
Inactive:        1552140 kB
Active(anon):    1317212 kB
Inactive(anon):    26772 kB
Active(file):     324828 kB
Inactive(file):  1525368 kB
Unevictable:        5508 kB
Mlocked:            5508 kB
SwapTotal:       3145724 kB
SwapFree:        3145724 kB
Dirty:               240 kB
Writeback:             0 kB
AnonPages:       1315676 kB
Mapped:           882468 kB
Shmem:             29376 kB
KReclaimable:     825868 kB
Slab:             224552 kB
SReclaimable:      78296 kB
SUnreclaim:       146256 kB
KernelStack:       47152 kB
PageTables:        64824 kB
NFS_Unstable:          0 kB
Bounce:                0 kB
WritebackTmp:          0 kB
CommitLimit:     9202292 kB
Committed_AS:   67750108 kB
VmallocTotal:   263061440 kB
VmallocUsed:      104104 kB
VmallocChunk:          0 kB
Percpu:             7616 kB
CmaTotal:         294912 kB
CmaFree:               0 kB
MemTotal:       12113136 kB
MemFree:         6045604 kB
MemAvailable:    7852988 kB
Buffers:            6272 kB
Cached:          1877788 kB
SwapCached:            0 kB
Active:          1643972 kB
Inactive:        1552172 kB
Active(anon):    1319140 kB
Inactive(anon):    26784 kB
Active(file):     324832 kB
Inactive(file):  1525388 kB
Unevictable:        5508 kB
Mlocked:            5508 kB
SwapTotal:       3145724 kB
SwapFree:        3145724 kB
Dirty:               296 kB
Writeback:             0 kB
AnonPages:       1317560 kB
Mapped:           882456 kB
Shmem:             29388 kB
KReclaimable:     825868 kB
Slab:             224608 kB
SReclaimable:      78296 kB
SUnreclaim:       146312 kB
KernelStack:       47136 kB
PageTables:        64740 kB
NFS_Unstable:          0 kB
Bounce:                0 kB
WritebackTmp:          0 kB
CommitLimit:     9202292 kB
Committed_AS:   67754560 kB
VmallocTotal:   263061440 kB
VmallocUsed:      104120 kB
VmallocChunk:          0 kB
Percpu:             7616 kB
CmaTotal:         294912 kB
CmaFree:               0 kB
MemTotal:       12113136 kB
MemFree:         6042612 kB
MemAvailable:    7850012 kB
Buffers:            6272 kB
Cached:          1877804 kB
SwapCached:            0 kB
Active:          1644524 kB
Inactive:        1552188 kB
Active(anon):    1319692 kB
Inactive(anon):    26784 kB
Active(file):     324832 kB
Inactive(file):  1525404 kB
Unevictable:        5508 kB
Mlocked:            5508 kB
SwapTotal:       3145724 kB
SwapFree:        3145724 kB
Dirty:               336 kB
Writeback:             0 kB
AnonPages:       1318000 kB
Mapped:           882644 kB
Shmem:             29388 kB
KReclaimable:     825868 kB
Slab:             224576 kB
SReclaimable:      78296 kB
SUnreclaim:       146280 kB
KernelStack:       47104 kB
PageTables:        64676 kB
NFS_Unstable:          0 kB
Bounce:                0 kB
WritebackTmp:          0 kB
CommitLimit:     9202292 kB
Committed_AS:   67754164 kB
VmallocTotal:   263061440 kB
VmallocUsed:      104152 kB
VmallocChunk:          0 kB
Percpu:             7616 kB
CmaTotal:         294912 kB
CmaFree:               0 kB
MemTotal:       12113136 kB
MemFree:         6043104 kB
MemAvailable:    7850508 kB
Buffers:            6272 kB
Cached:          1878228 kB
SwapCached:            0 kB
Active:          1645052 kB
Inactive:        1552092 kB
Active(anon):    1320224 kB
Inactive(anon):    26680 kB
Active(file):     324828 kB
Inactive(file):  1525412 kB
Unevictable:        5508 kB
Mlocked:            5508 kB
SwapTotal:       3145724 kB
SwapFree:        3145724 kB
Dirty:               344 kB
Writeback:             0 kB
AnonPages:       1318740 kB
Mapped:           882556 kB
Shmem:             29808 kB
KReclaimable:     825868 kB
Slab:             224584 kB
SReclaimable:      78296 kB
SUnreclaim:       146288 kB
KernelStack:       47136 kB
PageTables:        64732 kB
NFS_Unstable:          0 kB
Bounce:                0 kB
WritebackTmp:          0 kB
CommitLimit:     9202292 kB
Committed_AS:   67754612 kB
VmallocTotal:   263061440 kB
VmallocUsed:      104136 kB
VmallocChunk:          0 kB
Percpu:             7616 kB
CmaTotal:         294912 kB
CmaFree:               0 kB
MemTotal:       12113136 kB
MemFree:         6081172 kB
MemAvailable:    7888620 kB
Buffers:            6272 kB
Cached:          1877852 kB
SwapCached:            0 kB
Active:          1606728 kB
Inactive:        1552236 kB
Active(anon):    1281896 kB
Inactive(anon):    26784 kB
Active(file):     324832 kB
Inactive(file):  1525452 kB
Unevictable:        5508 kB
Mlocked:            5508 kB
SwapTotal:       3145724 kB
SwapFree:        3145724 kB
Dirty:               424 kB
Writeback:             0 kB
AnonPages:       1280548 kB
Mapped:           882456 kB
Shmem:             29388 kB
KReclaimable:     825868 kB
Slab:             224568 kB
SReclaimable:      78296 kB
SUnreclaim:       146272 kB
KernelStack:       47136 kB
PageTables:        64752 kB
NFS_Unstable:          0 kB
Bounce:                0 kB
WritebackTmp:          0 kB
CommitLimit:     9202292 kB
Committed_AS:   67754220 kB
VmallocTotal:   263061440 kB
VmallocUsed:      104120 kB
VmallocChunk:          0 kB
Percpu:             7616 kB
CmaTotal:         294912 kB
CmaFree:              92 kB
MemTotal:       12113136 kB
MemFree:         6080492 kB
MemAvailable:    7887952 kB
Buffers:            6272 kB
Cached:          1877864 kB
SwapCached:            0 kB
Active:          1607196 kB
Inactive:        1552248 kB
Active(anon):    1282364 kB
Inactive(anon):    26784 kB
Active(file):     324832 kB
Inactive(file):  1525464 kB
Unevictable:        5508 kB
Mlocked:            5508 kB
SwapTotal:       3145724 kB
SwapFree:        3145724 kB
Dirty:               436 kB
Writeback:             0 kB
AnonPages:       1280928 kB
Mapped:           882644 kB
Shmem:             29388 kB
KReclaimable:     825868 kB
Slab:             224576 kB
SReclaimable:      78296 kB
SUnreclaim:       146280 kB
KernelStack:       47136 kB
PageTables:        64712 kB
NFS_Unstable:          0 kB
Bounce:                0 kB
WritebackTmp:          0 kB
CommitLimit:     9202292 kB
Committed_AS:   67748724 kB
VmallocTotal:   263061440 kB
VmallocUsed:      104120 kB
VmallocChunk:          0 kB
Percpu:             7616 kB
CmaTotal:         294912 kB
CmaFree:               0 kB
MemTotal:       12113136 kB
MemFree:         6053336 kB
MemAvailable:    7860808 kB
Buffers:            6272 kB
Cached:          1877944 kB
SwapCached:            0 kB
Active:          1635752 kB
Inactive:        1552148 kB
Active(anon):    1310920 kB
Inactive(anon):    26672 kB
Active(file):     324832 kB
Inactive(file):  1525476 kB
Unevictable:        5508 kB
Mlocked:            5508 kB
SwapTotal:       3145724 kB
SwapFree:        3145724 kB
Dirty:               452 kB
Writeback:             0 kB
AnonPages:       1309540 kB
Mapped:           882528 kB
Shmem:             29456 kB
KReclaimable:     825868 kB
Slab:             224576 kB
SReclaimable:      78296 kB
SUnreclaim:       146280 kB
KernelStack:       47104 kB
PageTables:        64696 kB
NFS_Unstable:          0 kB
Bounce:                0 kB
WritebackTmp:          0 kB
CommitLimit:     9202292 kB
Committed_AS:   67748460 kB
VmallocTotal:   263061440 kB
VmallocUsed:      104152 kB
VmallocChunk:          0 kB
Percpu:             7616 kB
CmaTotal:         294912 kB
CmaFree:              64 kB
MemTotal:       12113136 kB
MemFree:         6052248 kB
MemAvailable:    7859732 kB
Buffers:            6272 kB
Cached:          1877888 kB
SwapCached:            0 kB
Active:          1636860 kB
Inactive:        1552272 kB
Active(anon):    1312028 kB
Inactive(anon):    26784 kB
Active(file):     324832 kB
Inactive(file):  1525488 kB
Unevictable:        5508 kB
Mlocked:            5508 kB
SwapTotal:       3145724 kB
SwapFree:        3145724 kB
Dirty:               432 kB
Writeback:             0 kB
AnonPages:       1310556 kB
Mapped:           882452 kB
Shmem:             29388 kB
KReclaimable:     825868 kB
Slab:             224568 kB
SReclaimable:      78296 kB
SUnreclaim:       146272 kB
KernelStack:       47120 kB
PageTables:        64748 kB
NFS_Unstable:          0 kB
Bounce:                0 kB
WritebackTmp:          0 kB
CommitLimit:     9202292 kB
Committed_AS:   67744448 kB
VmallocTotal:   263061440 kB
VmallocUsed:      104152 kB
VmallocChunk:          0 kB
Percpu:             7616 kB
CmaTotal:         294912 kB
CmaFree:               0 kB
MemTotal:       12113136 kB
MemFree:         6050028 kB
MemAvailable:    7857528 kB
Buffers:            6272 kB
Cached:          1877904 kB
SwapCached:            0 kB
Active:          1637776 kB
Inactive:        1552288 kB
Active(anon):    1312944 kB
Inactive(anon):    26784 kB
Active(file):     324832 kB
Inactive(file):  1525504 kB
Unevictable:        5508 kB
Mlocked:            5508 kB
SwapTotal:       3145724 kB
SwapFree:        3145724 kB
Dirty:               448 kB
Writeback:             0 kB
AnonPages:       1311552 kB
Mapped:           882644 kB
Shmem:             29388 kB
KReclaimable:     825868 kB
Slab:             224568 kB
SReclaimable:      78296 kB
SUnreclaim:       146272 kB
KernelStack:       47104 kB
PageTables:        64684 kB
NFS_Unstable:          0 kB
Bounce:                0 kB
WritebackTmp:          0 kB
CommitLimit:     9202292 kB
Committed_AS:   67745628 kB
VmallocTotal:   263061440 kB
VmallocUsed:      104152 kB
VmallocChunk:          0 kB
Percpu:             7616 kB
CmaTotal:         294912 kB
CmaFree:               0 kB
MemTotal:       12113136 kB
MemFree:         6039684 kB
MemAvailable:    7847204 kB
Buffers:            6276 kB
Cached:          1877872 kB
SwapCached:            0 kB
Active:          1647892 kB
Inactive:        1552260 kB
Active(anon):    1323060 kB
Inactive(anon):    26736 kB
Active(file):     324832 kB
Inactive(file):  1525524 kB
Unevictable:        5508 kB
Mlocked:            5508 kB
SwapTotal:       3145724 kB
SwapFree:        3145724 kB
Dirty:               480 kB
Writeback:             0 kB
AnonPages:       1321248 kB
Mapped:           882592 kB
Shmem:             29340 kB
KReclaimable:     825868 kB
Slab:             224564 kB
SReclaimable:      78296 kB
SUnreclaim:       146268 kB
KernelStack:       47104 kB
PageTables:        64660 kB
NFS_Unstable:          0 kB
Bounce:                0 kB
WritebackTmp:          0 kB
CommitLimit:     9202292 kB
Committed_AS:   67750452 kB
VmallocTotal:   263061440 kB
VmallocUsed:      104168 kB
VmallocChunk:          0 kB
Percpu:             7616 kB
CmaTotal:         294912 kB
CmaFree:               0 kB
MemTotal:       12113136 kB
MemFree:         6038888 kB
MemAvailable:    7846440 kB
Buffers:            6276 kB
Cached:          1877952 kB
SwapCached:            0 kB
Active:          1648416 kB
Inactive:        1552332 kB
Active(anon):    1323576 kB
Inactive(anon):    26784 kB
Active(file):     324840 kB
Inactive(file):  1525548 kB
Unevictable:        5508 kB
Mlocked:            5508 kB
SwapTotal:       3145724 kB
SwapFree:        3145724 kB
Dirty:               536 kB
Writeback:             0 kB
AnonPages:       1321816 kB
Mapped:           882644 kB
Shmem:             29388 kB
KReclaimable:     825868 kB
Slab:             224564 kB
SReclaimable:      78296 kB
SUnreclaim:       146268 kB
KernelStack:       47104 kB
PageTables:        64684 kB
NFS_Unstable:          0 kB
Bounce:                0 kB
WritebackTmp:          0 kB
CommitLimit:     9202292 kB
Committed_AS:   67754472 kB
VmallocTotal:   263061440 kB
VmallocUsed:      104136 kB
VmallocChunk:          0 kB
Percpu:             7616 kB
CmaTotal:         294912 kB
CmaFree:               0 kB
MemTotal:       12113136 kB
MemFree:         6039872 kB
MemAvailable:    7847440 kB
Buffers:            6276 kB
Cached:          1877968 kB
SwapCached:            0 kB
Active:          1648296 kB
Inactive:        1552348 kB
Active(anon):    1323456 kB
Inactive(anon):    26784 kB
Active(file):     324840 kB
Inactive(file):  1525564 kB
Unevictable:        5508 kB
Mlocked:            5508 kB
SwapTotal:       3145724 kB
SwapFree:        3145724 kB
Dirty:               552 kB
Writeback:             0 kB
AnonPages:       1321936 kB
Mapped:           882456 kB
Shmem:             29388 kB
KReclaimable:     825868 kB
Slab:             224564 kB
SReclaimable:      78296 kB
SUnreclaim:       146268 kB
KernelStack:       47120 kB
PageTables:        64708 kB
NFS_Unstable:          0 kB
Bounce:                0 kB
WritebackTmp:          0 kB
CommitLimit:     9202292 kB
Committed_AS:   67754528 kB
VmallocTotal:   263061440 kB
VmallocUsed:      104136 kB
VmallocChunk:          0 kB
Percpu:             7616 kB
CmaTotal:         294912 kB
CmaFree:               8 kB
MemTotal:       12113136 kB
MemFree:         6029912 kB
MemAvailable:    7837496 kB
Buffers:            6276 kB
Cached:          1878092 kB
SwapCached:            0 kB
Active:          1658000 kB
Inactive:        1552572 kB
Active(anon):    1333160 kB
Inactive(anon):    26992 kB
Active(file):     324840 kB
Inactive(file):  1525580 kB
Unevictable:        5508 kB
Mlocked:            5508 kB
SwapTotal:       3145724 kB
SwapFree:        3145724 kB
Dirty:               576 kB
Writeback:             0 kB
AnonPages:       1331516 kB
Mapped:           882660 kB
Shmem:             29492 kB
KReclaimable:     825868 kB
Slab:             224556 kB
SReclaimable:      78296 kB
SUnreclaim:       146260 kB
KernelStack:       47120 kB
PageTables:        64760 kB
NFS_Unstable:          0 kB
Bounce:                0 kB
WritebackTmp:          0 kB
CommitLimit:     9202292 kB
Committed_AS:   67765852 kB
VmallocTotal:   263061440 kB
VmallocUsed:      104136 kB
VmallocChunk:          0 kB
Percpu:             7616 kB
CmaTotal:         294912 kB
CmaFree:              88 kB
MemTotal:       12113136 kB
MemFree:         6071584 kB
MemAvailable:    7879188 kB
Buffers:            6276 kB
Cached:          1878004 kB
SwapCached:            0 kB
Active:          1614960 kB
Inactive:        1552384 kB
Active(anon):    1290120 kB
Inactive(anon):    26784 kB
Active(file):     324840 kB
Inactive(file):  1525600 kB
Unevictable:        5508 kB
Mlocked:            5508 kB
SwapTotal:       3145724 kB
SwapFree:        3145724 kB
Dirty:               620 kB
Writeback:             0 kB
AnonPages:       1288380 kB
Mapped:           882696 kB
Shmem:             29388 kB
KReclaimable:     825868 kB
Slab:             224548 kB
SReclaimable:      78296 kB
SUnreclaim:       146252 kB
KernelStack:       47120 kB
PageTables:        64668 kB
NFS_Unstable:          0 kB
Bounce:                0 kB
WritebackTmp:          0 kB
CommitLimit:     9202292 kB
Committed_AS:   67755108 kB
VmallocTotal:   263061440 kB
VmallocUsed:      104136 kB
VmallocChunk:          0 kB
Percpu:             7616 kB
CmaTotal:         294912 kB
CmaFree:               0 kB
MemTotal:       12113136 kB
MemFree:         6072036 kB
MemAvailable:    7879660 kB
Buffers:            6276 kB
Cached:          1878024 kB
SwapCached:            0 kB
Active:          1615536 kB
Inactive:        1552404 kB
Active(anon):    1290696 kB
Inactive(anon):    26784 kB
Active(file):     324840 kB
Inactive(file):  1525620 kB
Unevictable:        5508 kB
Mlocked:            5508 kB
SwapTotal:       3145724 kB
SwapFree:        3145724 kB
Dirty:               232 kB
Writeback:             0 kB
AnonPages:       1289088 kB
Mapped:           882504 kB
Shmem:             29388 kB
KReclaimable:     825868 kB
Slab:             224564 kB
SReclaimable:      78296 kB
SUnreclaim:       146268 kB
KernelStack:       47120 kB
PageTables:        64740 kB
NFS_Unstable:          0 kB
Bounce:                0 kB
WritebackTmp:          0 kB
CommitLimit:     9202292 kB
Committed_AS:   67753968 kB
VmallocTotal:   263061440 kB
VmallocUsed:      104136 kB
VmallocChunk:          0 kB
Percpu:             7616 kB
CmaTotal:         294912 kB
CmaFree:               0 kB
MemTotal:       12113136 kB
MemFree:         6045184 kB
MemAvailable:    7852820 kB
Buffers:            6276 kB
Cached:          1877988 kB
SwapCached:            0 kB
Active:          1643580 kB
Inactive:        1552368 kB
Active(anon):    1318740 kB
Inactive(anon):    26736 kB
Active(file):     324840 kB
Inactive(file):  1525632 kB
Unevictable:        5508 kB
Mlocked:            5508 kB
SwapTotal:       3145724 kB
SwapFree:        3145724 kB
Dirty:               280 kB
Writeback:             0 kB
AnonPages:       1317348 kB
Mapped:           882444 kB
Shmem:             29340 kB
KReclaimable:     825868 kB
Slab:             224548 kB
SReclaimable:      78296 kB
SUnreclaim:       146252 kB
KernelStack:       47152 kB
PageTables:        64804 kB
NFS_Unstable:          0 kB
Bounce:                0 kB
WritebackTmp:          0 kB
CommitLimit:     9202292 kB
Committed_AS:   67759476 kB
VmallocTotal:   263061440 kB
VmallocUsed:      104152 kB
VmallocChunk:          0 kB
Percpu:             7616 kB
CmaTotal:         294912 kB
CmaFree:               0 kB
MemTotal:       12113136 kB
MemFree:         6041428 kB
MemAvailable:    7849096 kB
Buffers:            6276 kB
Cached:          1878080 kB
SwapCached:            0 kB
Active:          1646000 kB
Inactive:        1552440 kB
Active(anon):    1321140 kB
Inactive(anon):    26796 kB
Active(file):     324860 kB
Inactive(file):  1525644 kB
Unevictable:        5508 kB
Mlocked:            5508 kB
SwapTotal:       3145724 kB
SwapFree:        3145724 kB
Dirty:               428 kB
Writeback:             0 kB
AnonPages:       1319496 kB
Mapped:           882708 kB
Shmem:             29400 kB
KReclaimable:     825868 kB
Slab:             224548 kB
SReclaimable:      78296 kB
SUnreclaim:       146252 kB
KernelStack:       47184 kB
PageTables:        64696 kB
NFS_Unstable:          0 kB
Bounce:                0 kB
WritebackTmp:          0 kB
CommitLimit:     9202292 kB
Committed_AS:   67758388 kB
VmallocTotal:   263061440 kB
VmallocUsed:      104184 kB
VmallocChunk:          0 kB
Percpu:             7616 kB
CmaTotal:         294912 kB
CmaFree:               0 kB
MemTotal:       12113136 kB
MemFree:         6039968 kB
MemAvailable:    7847640 kB
Buffers:            6276 kB
Cached:          1878084 kB
SwapCached:            0 kB
Active:          1647480 kB
Inactive:        1552452 kB
Active(anon):    1322628 kB
Inactive(anon):    26796 kB
Active(file):     324852 kB
Inactive(file):  1525656 kB
Unevictable:        5508 kB
Mlocked:            5508 kB
SwapTotal:       3145724 kB
SwapFree:        3145724 kB
Dirty:               484 kB
Writeback:             0 kB
AnonPages:       1320956 kB
Mapped:           882708 kB
Shmem:             29400 kB
KReclaimable:     825868 kB
Slab:             224556 kB
SReclaimable:      78296 kB
SUnreclaim:       146260 kB
KernelStack:       47184 kB
PageTables:        64708 kB
NFS_Unstable:          0 kB
Bounce:                0 kB
WritebackTmp:          0 kB
CommitLimit:     9202292 kB
Committed_AS:   67758252 kB
VmallocTotal:   263061440 kB
VmallocUsed:      104232 kB
VmallocChunk:          0 kB
Percpu:             7616 kB
CmaTotal:         294912 kB
CmaFree:               0 kB
MemTotal:       12113136 kB
MemFree:         6037484 kB
MemAvailable:    7845168 kB
Buffers:            6276 kB
Cached:          1878440 kB
SwapCached:            0 kB
Active:          1648620 kB
Inactive:        1552212 kB
Active(anon):    1323768 kB
Inactive(anon):    26544 kB
Active(file):     324852 kB
Inactive(file):  1525668 kB
Unevictable:        5508 kB
Mlocked:            5508 kB
SwapTotal:       3145724 kB
SwapFree:        3145724 kB
Dirty:               496 kB
Writeback:             0 kB
AnonPages:       1321900 kB
Mapped:           882268 kB
Shmem:             29744 kB
KReclaimable:     825868 kB
Slab:             224556 kB
SReclaimable:      78296 kB
SUnreclaim:       146260 kB
KernelStack:       47296 kB
PageTables:        64840 kB
NFS_Unstable:          0 kB
Bounce:                0 kB
WritebackTmp:          0 kB
CommitLimit:     9202292 kB
Committed_AS:   67766792 kB
VmallocTotal:   263061440 kB
VmallocUsed:      104184 kB
VmallocChunk:          0 kB
Percpu:             7616 kB
CmaTotal:         294912 kB
CmaFree:               0 kB
MemTotal:       12113136 kB
MemFree:         6038380 kB
MemAvailable:    7846092 kB
Buffers:            6276 kB
Cached:          1878124 kB
SwapCached:            0 kB
Active:          1649472 kB
Inactive:        1552492 kB
Active(anon):    1324620 kB
Inactive(anon):    26796 kB
Active(file):     324852 kB
Inactive(file):  1525696 kB
Unevictable:        5508 kB
Mlocked:            5508 kB
SwapTotal:       3145724 kB
SwapFree:        3145724 kB
Dirty:               588 kB
Writeback:             0 kB
AnonPages:       1323216 kB
Mapped:           882520 kB
Shmem:             29400 kB
KReclaimable:     825868 kB
Slab:             224548 kB
SReclaimable:      78296 kB
SUnreclaim:       146252 kB
KernelStack:       47248 kB
PageTables:        64820 kB
NFS_Unstable:          0 kB
Bounce:                0 kB
WritebackTmp:          0 kB
CommitLimit:     9202292 kB
Committed_AS:   67760764 kB
VmallocTotal:   263061440 kB
VmallocUsed:      104168 kB
VmallocChunk:          0 kB
Percpu:             7616 kB
CmaTotal:         294912 kB
CmaFree:               0 kB
MemTotal:       12113136 kB
MemFree:         6048500 kB
MemAvailable:    7856232 kB
Buffers:            6276 kB
Cached:          1878144 kB
SwapCached:            0 kB
Active:          1636704 kB
Inactive:        1552512 kB
Active(anon):    1311852 kB
Inactive(anon):    26796 kB
Active(file):     324852 kB
Inactive(file):  1525716 kB
Unevictable:        5508 kB
Mlocked:            5508 kB
SwapTotal:       3145724 kB
SwapFree:        3145724 kB
Dirty:               648 kB
Writeback:             0 kB
AnonPages:       1310092 kB
Mapped:           882516 kB
Shmem:             29400 kB
KReclaimable:     825868 kB
Slab:             224548 kB
SReclaimable:      78296 kB
SUnreclaim:       146252 kB
KernelStack:       47200 kB
PageTables:        64740 kB
NFS_Unstable:          0 kB
Bounce:                0 kB
WritebackTmp:          0 kB
CommitLimit:     9202292 kB
Committed_AS:   67755116 kB
VmallocTotal:   263061440 kB
VmallocUsed:      104200 kB
VmallocChunk:          0 kB
Percpu:             7616 kB
CmaTotal:         294912 kB
CmaFree:             332 kB
MemTotal:       12113136 kB
MemFree:         6048712 kB
MemAvailable:    7856460 kB
Buffers:            6276 kB
Cached:          1878128 kB
SwapCached:            0 kB
Active:          1637764 kB
Inactive:        1552492 kB
Active(anon):    1312912 kB
Inactive(anon):    26760 kB
Active(file):     324852 kB
Inactive(file):  1525732 kB
Unevictable:        5508 kB
Mlocked:            5508 kB
SwapTotal:       3145724 kB
SwapFree:        3145724 kB
Dirty:               660 kB
Writeback:             0 kB
AnonPages:       1311336 kB
Mapped:           882480 kB
Shmem:             29368 kB
KReclaimable:     825868 kB
Slab:             224556 kB
SReclaimable:      78296 kB
SUnreclaim:       146260 kB
KernelStack:       47248 kB
PageTables:        64800 kB
NFS_Unstable:          0 kB
Bounce:                0 kB
WritebackTmp:          0 kB
CommitLimit:     9202292 kB
Committed_AS:   67749716 kB
VmallocTotal:   263061440 kB
VmallocUsed:      104200 kB
VmallocChunk:          0 kB
Percpu:             7616 kB
CmaTotal:         294912 kB
CmaFree:             472 kB
MemTotal:       12113136 kB
MemFree:         6065812 kB
MemAvailable:    7873568 kB
Buffers:            6276 kB
Cached:          1878168 kB
SwapCached:            0 kB
Active:          1620372 kB
Inactive:        1552536 kB
Active(anon):    1295520 kB
Inactive(anon):    26796 kB
Active(file):     324852 kB
Inactive(file):  1525740 kB
Unevictable:        5508 kB
Mlocked:            5508 kB
SwapTotal:       3145724 kB
SwapFree:        3145724 kB
Dirty:               684 kB
Writeback:             0 kB
AnonPages:       1293896 kB
Mapped:           882708 kB
Shmem:             29400 kB
KReclaimable:     825868 kB
Slab:             224572 kB
SReclaimable:      78296 kB
SUnreclaim:       146276 kB
KernelStack:       47252 kB
PageTables:        64832 kB
NFS_Unstable:          0 kB
Bounce:                0 kB
WritebackTmp:          0 kB
CommitLimit:     9202292 kB
Committed_AS:   67749080 kB
VmallocTotal:   263061440 kB
VmallocUsed:      104248 kB
VmallocChunk:          0 kB
Percpu:             7616 kB
CmaTotal:         294912 kB
CmaFree:               8 kB
MemTotal:       12113136 kB
MemFree:         6065820 kB
MemAvailable:    7873596 kB
Buffers:            6276 kB
Cached:          1878188 kB
SwapCached:            0 kB
Active:          1620868 kB
Inactive:        1552556 kB
Active(anon):    1296016 kB
Inactive(anon):    26796 kB
Active(file):     324852 kB
Inactive(file):  1525760 kB
Unevictable:        5508 kB
Mlocked:            5508 kB
SwapTotal:       3145724 kB
SwapFree:        3145724 kB
Dirty:               704 kB
Writeback:             0 kB
AnonPages:       1294656 kB
Mapped:           882516 kB
Shmem:             29400 kB
KReclaimable:     825868 kB
Slab:             224556 kB
SReclaimable:      78296 kB
SUnreclaim:       146260 kB
KernelStack:       47184 kB
PageTables:        64752 kB
NFS_Unstable:          0 kB
Bounce:                0 kB
WritebackTmp:          0 kB
CommitLimit:     9202292 kB
Committed_AS:   67748992 kB
VmallocTotal:   263061440 kB
VmallocUsed:      104248 kB
VmallocChunk:          0 kB
Percpu:             7616 kB
CmaTotal:         294912 kB
CmaFree:               0 kB
MemTotal:       12113136 kB
MemFree:         6036884 kB
MemAvailable:    7844680 kB
Buffers:            6280 kB
Cached:          1878208 kB
SwapCached:            0 kB
Active:          1649964 kB
Inactive:        1552700 kB
Active(anon):    1325108 kB
Inactive(anon):    26924 kB
Active(file):     324856 kB
Inactive(file):  1525776 kB
Unevictable:        5508 kB
Mlocked:            5508 kB
SwapTotal:       3145724 kB
SwapFree:        3145724 kB
Dirty:               464 kB
Writeback:             0 kB
AnonPages:       1323324 kB
Mapped:           882648 kB
Shmem:             29404 kB
KReclaimable:     825868 kB
Slab:             224556 kB
SReclaimable:      78296 kB
SUnreclaim:       146260 kB
KernelStack:       47200 kB
PageTables:        64732 kB
NFS_Unstable:          0 kB
Bounce:                0 kB
WritebackTmp:          0 kB
CommitLimit:     9202292 kB
Committed_AS:   67756096 kB
VmallocTotal:   263061440 kB
VmallocUsed:      104216 kB
VmallocChunk:          0 kB
Percpu:             7616 kB
CmaTotal:         294912 kB
CmaFree:               0 kB
MemTotal:       12113136 kB
MemFree:         6035816 kB
MemAvailable:    7843644 kB
Buffers:            6280 kB
Cached:          1878236 kB
SwapCached:            0 kB
Active:          1650724 kB
Inactive:        1552604 kB
Active(anon):    1325868 kB
Inactive(anon):    26796 kB
Active(file):     324856 kB
Inactive(file):  1525808 kB
Unevictable:        5508 kB
Mlocked:            5508 kB
SwapTotal:       3145724 kB
SwapFree:        3145724 kB
Dirty:               312 kB
Writeback:             0 kB
AnonPages:       1324360 kB
Mapped:           882468 kB
Shmem:             29400 kB
KReclaimable:     825868 kB
Slab:             224532 kB
SReclaimable:      78296 kB
SUnreclaim:       146236 kB
KernelStack:       47232 kB
PageTables:        64740 kB
NFS_Unstable:          0 kB
Bounce:                0 kB
WritebackTmp:          0 kB
CommitLimit:     9202292 kB
Committed_AS:   67750284 kB
VmallocTotal:   263061440 kB
VmallocUsed:      104232 kB
VmallocChunk:          0 kB
Percpu:             7616 kB
CmaTotal:         294912 kB
CmaFree:               0 kB
MemTotal:       12113136 kB
MemFree:         6035960 kB
MemAvailable:    7843844 kB
Buffers:            6280 kB
Cached:          1878280 kB
SwapCached:            0 kB
Active:          1652084 kB
Inactive:        1552648 kB
Active(anon):    1327228 kB
Inactive(anon):    26816 kB
Active(file):     324856 kB
Inactive(file):  1525832 kB
Unevictable:        5508 kB
Mlocked:            5508 kB
SwapTotal:       3145724 kB
SwapFree:        3145724 kB
Dirty:               368 kB
Writeback:             0 kB
AnonPages:       1325664 kB
Mapped:           882728 kB
Shmem:             29420 kB
KReclaimable:     825868 kB
Slab:             224556 kB
SReclaimable:      78296 kB
SUnreclaim:       146260 kB
KernelStack:       47168 kB
PageTables:        64716 kB
NFS_Unstable:          0 kB
Bounce:                0 kB
WritebackTmp:          0 kB
CommitLimit:     9202292 kB
Committed_AS:   67750008 kB
VmallocTotal:   263061440 kB
VmallocUsed:      104216 kB
VmallocChunk:          0 kB
Percpu:             7616 kB
CmaTotal:         294912 kB
CmaFree:               0 kB
MemTotal:       12113136 kB
MemFree:         6026944 kB
MemAvailable:    7834804 kB
Buffers:            6280 kB
Cached:          1878084 kB
SwapCached:            0 kB
Active:          1661576 kB
Inactive:        1552452 kB
Active(anon):    1336720 kB
Inactive(anon):    26612 kB
Active(file):     324856 kB
Inactive(file):  1525840 kB
Unevictable:        5508 kB
Mlocked:            5508 kB
SwapTotal:       3145724 kB
SwapFree:        3145724 kB
Dirty:               376 kB
Writeback:             0 kB
AnonPages:       1335288 kB
Mapped:           882392 kB
Shmem:             29216 kB
KReclaimable:     825868 kB
Slab:             224556 kB
SReclaimable:      78296 kB
SUnreclaim:       146260 kB
KernelStack:       47232 kB
PageTables:        64856 kB
NFS_Unstable:          0 kB
Bounce:                0 kB
WritebackTmp:          0 kB
CommitLimit:     9202292 kB
Committed_AS:   67761024 kB
VmallocTotal:   263061440 kB
VmallocUsed:      104216 kB
VmallocChunk:          0 kB
Percpu:             7616 kB
CmaTotal:         294912 kB
CmaFree:               0 kB
MemTotal:       12113136 kB
MemFree:         6025968 kB
MemAvailable:    7833884 kB
Buffers:            6280 kB
Cached:          1878312 kB
SwapCached:            0 kB
Active:          1662896 kB
Inactive:        1552680 kB
Active(anon):    1338040 kB
Inactive(anon):    26816 kB
Active(file):     324856 kB
Inactive(file):  1525864 kB
Unevictable:        5508 kB
Mlocked:            5508 kB
SwapTotal:       3145724 kB
SwapFree:        3145724 kB
Dirty:               416 kB
Writeback:             0 kB
AnonPages:       1336460 kB
Mapped:           882540 kB
Shmem:             29420 kB
KReclaimable:     825868 kB
Slab:             224548 kB
SReclaimable:      78296 kB
SUnreclaim:       146252 kB
KernelStack:       47200 kB
PageTables:        64768 kB
NFS_Unstable:          0 kB
Bounce:                0 kB
WritebackTmp:          0 kB
CommitLimit:     9202292 kB
Committed_AS:   67760780 kB
VmallocTotal:   263061440 kB
VmallocUsed:      104184 kB
VmallocChunk:          0 kB
Percpu:             7616 kB
CmaTotal:         294912 kB
CmaFree:               0 kB
MemTotal:       12113136 kB
MemFree:         6023996 kB
MemAvailable:    7831892 kB
Buffers:            6280 kB
Cached:          1878324 kB
SwapCached:            0 kB
Active:          1663412 kB
Inactive:        1552692 kB
Active(anon):    1338556 kB
Inactive(anon):    26816 kB
Active(file):     324856 kB
Inactive(file):  1525876 kB
Unevictable:        5508 kB
Mlocked:            5508 kB
SwapTotal:       3145724 kB
SwapFree:        3145724 kB
Dirty:               436 kB
Writeback:             0 kB
AnonPages:       1337020 kB
Mapped:           882576 kB
Shmem:             29420 kB
KReclaimable:     825868 kB
Slab:             224556 kB
SReclaimable:      78296 kB
SUnreclaim:       146260 kB
KernelStack:       47248 kB
PageTables:        64800 kB
NFS_Unstable:          0 kB
Bounce:                0 kB
WritebackTmp:          0 kB
CommitLimit:     9202292 kB
Committed_AS:   67761160 kB
VmallocTotal:   263061440 kB
VmallocUsed:      104200 kB
VmallocChunk:          0 kB
Percpu:             7616 kB
CmaTotal:         294912 kB
CmaFree:               0 kB
MemTotal:       12113136 kB
MemFree:         6024648 kB
MemAvailable:    7832560 kB
Buffers:            6280 kB
Cached:          1878340 kB
SwapCached:            0 kB
Active:          1663888 kB
Inactive:        1552708 kB
Active(anon):    1339032 kB
Inactive(anon):    26816 kB
Active(file):     324856 kB
Inactive(file):  1525892 kB
Unevictable:        5508 kB
Mlocked:            5508 kB
SwapTotal:       3145724 kB
SwapFree:        3145724 kB
Dirty:               452 kB
Writeback:             0 kB
AnonPages:       1337780 kB
Mapped:           882728 kB
Shmem:             29420 kB
KReclaimable:     825868 kB
Slab:             224548 kB
SReclaimable:      78296 kB
SUnreclaim:       146252 kB
KernelStack:       47220 kB
PageTables:        64708 kB
NFS_Unstable:          0 kB
Bounce:                0 kB
WritebackTmp:          0 kB
CommitLimit:     9202292 kB
Committed_AS:   67764820 kB
VmallocTotal:   263061440 kB
VmallocUsed:      104216 kB
VmallocChunk:          0 kB
Percpu:             7616 kB
CmaTotal:         294912 kB
CmaFree:               0 kB
MemTotal:       12113136 kB
MemFree:         6023940 kB
MemAvailable:    7831864 kB
Buffers:            6280 kB
Cached:          1878352 kB
SwapCached:            0 kB
Active:          1663904 kB
Inactive:        1552720 kB
Active(anon):    1339048 kB
Inactive(anon):    26816 kB
Active(file):     324856 kB
Inactive(file):  1525904 kB
Unevictable:        5508 kB
Mlocked:            5508 kB
SwapTotal:       3145724 kB
SwapFree:        3145724 kB
Dirty:               476 kB
Writeback:             0 kB
AnonPages:       1337668 kB
Mapped:           882728 kB
Shmem:             29420 kB
KReclaimable:     825868 kB
Slab:             224556 kB
SReclaimable:      78296 kB
SUnreclaim:       146260 kB
KernelStack:       47168 kB
PageTables:        64692 kB
NFS_Unstable:          0 kB
Bounce:                0 kB
WritebackTmp:          0 kB
CommitLimit:     9202292 kB
Committed_AS:   67759252 kB
VmallocTotal:   263061440 kB
VmallocUsed:      104216 kB
VmallocChunk:          0 kB
Percpu:             7616 kB
CmaTotal:         294912 kB
CmaFree:               0 kB
MemTotal:       12113136 kB
MemFree:         6022468 kB
MemAvailable:    7830408 kB
Buffers:            6280 kB
Cached:          1878368 kB
SwapCached:            0 kB
Active:          1664888 kB
Inactive:        1552736 kB
Active(anon):    1340032 kB
Inactive(anon):    26816 kB
Active(file):     324856 kB
Inactive(file):  1525920 kB
Unevictable:        5508 kB
Mlocked:            5508 kB
SwapTotal:       3145724 kB
SwapFree:        3145724 kB
Dirty:               500 kB
Writeback:             0 kB
AnonPages:       1338500 kB
Mapped:           882468 kB
Shmem:             29420 kB
KReclaimable:     825868 kB
Slab:             224564 kB
SReclaimable:      78296 kB
SUnreclaim:       146268 kB
KernelStack:       47200 kB
PageTables:        64952 kB
NFS_Unstable:          0 kB
Bounce:                0 kB
WritebackTmp:          0 kB
CommitLimit:     9202292 kB
Committed_AS:   67755372 kB
VmallocTotal:   263061440 kB
VmallocUsed:      104200 kB
VmallocChunk:          0 kB
Percpu:             7616 kB
CmaTotal:         294912 kB
CmaFree:               0 kB
MemTotal:       12113136 kB
MemFree:         6020988 kB
MemAvailable:    7828944 kB
Buffers:            6280 kB
Cached:          1878496 kB
SwapCached:            0 kB
Active:          1665276 kB
Inactive:        1552644 kB
Active(anon):    1340420 kB
Inactive(anon):    26708 kB
Active(file):     324856 kB
Inactive(file):  1525936 kB
Unevictable:        5508 kB
Mlocked:            5508 kB
SwapTotal:       3145724 kB
SwapFree:        3145724 kB
Dirty:               516 kB
Writeback:             0 kB
AnonPages:       1338932 kB
Mapped:           882524 kB
Shmem:             29532 kB
KReclaimable:     825868 kB
Slab:             224556 kB
SReclaimable:      78296 kB
SUnreclaim:       146260 kB
KernelStack:       47216 kB
PageTables:        64768 kB
NFS_Unstable:          0 kB
Bounce:                0 kB
WritebackTmp:          0 kB
CommitLimit:     9202292 kB
Committed_AS:   67753536 kB
VmallocTotal:   263061440 kB
VmallocUsed:      104168 kB
VmallocChunk:          0 kB
Percpu:             7616 kB
CmaTotal:         294912 kB
CmaFree:               0 kB
MemTotal:       12113136 kB
MemFree:         6021156 kB
MemAvailable:    7829116 kB
Buffers:            6280 kB
Cached:          1878404 kB
SwapCached:            0 kB
Active:          1666156 kB
Inactive:        1552772 kB
Active(anon):    1341300 kB
Inactive(anon):    26816 kB
Active(file):     324856 kB
Inactive(file):  1525956 kB
Unevictable:        5508 kB
Mlocked:            5508 kB
SwapTotal:       3145724 kB
SwapFree:        3145724 kB
Dirty:               344 kB
Writeback:             0 kB
AnonPages:       1339868 kB
Mapped:           882540 kB
Shmem:             29420 kB
KReclaimable:     825852 kB
Slab:             224532 kB
SReclaimable:      78280 kB
SUnreclaim:       146252 kB
KernelStack:       47184 kB
PageTables:        64760 kB
NFS_Unstable:          0 kB
Bounce:                0 kB
WritebackTmp:          0 kB
CommitLimit:     9202292 kB
Committed_AS:   67755832 kB
VmallocTotal:   263061440 kB
VmallocUsed:      104152 kB
VmallocChunk:          0 kB
Percpu:             7616 kB
CmaTotal:         294912 kB
CmaFree:               0 kB
MemTotal:       12113136 kB
MemFree:         6021224 kB
MemAvailable:    7829204 kB
Buffers:            6280 kB
Cached:          1878424 kB
SwapCached:            0 kB
Active:          1666448 kB
Inactive:        1552792 kB
Active(anon):    1341592 kB
Inactive(anon):    26816 kB
Active(file):     324856 kB
Inactive(file):  1525976 kB
Unevictable:        5508 kB
Mlocked:            5508 kB
SwapTotal:       3145724 kB
SwapFree:        3145724 kB
Dirty:               336 kB
Writeback:             0 kB
AnonPages:       1339904 kB
Mapped:           882500 kB
Shmem:             29420 kB
KReclaimable:     825852 kB
Slab:             224556 kB
SReclaimable:      78280 kB
SUnreclaim:       146276 kB
KernelStack:       47232 kB
PageTables:        64792 kB
NFS_Unstable:          0 kB
Bounce:                0 kB
WritebackTmp:          0 kB
CommitLimit:     9202292 kB
Committed_AS:   67755616 kB
VmallocTotal:   263061440 kB
VmallocUsed:      104200 kB
VmallocChunk:          0 kB
Percpu:             7616 kB
CmaTotal:         294912 kB
CmaFree:              12 kB
MemTotal:       12113136 kB
MemFree:         6020484 kB
MemAvailable:    7828480 kB
Buffers:            6280 kB
Cached:          1878244 kB
SwapCached:            0 kB
Active:          1667252 kB
Inactive:        1552616 kB
Active(anon):    1342396 kB
Inactive(anon):    26624 kB
Active(file):     324856 kB
Inactive(file):  1525992 kB
Unevictable:        5508 kB
Mlocked:            5508 kB
SwapTotal:       3145724 kB
SwapFree:        3145724 kB
Dirty:               360 kB
Writeback:             0 kB
AnonPages:       1340920 kB
Mapped:           882532 kB
Shmem:             29224 kB
KReclaimable:     825852 kB
Slab:             224572 kB
SReclaimable:      78280 kB
SUnreclaim:       146292 kB
KernelStack:       47168 kB
PageTables:        64676 kB
NFS_Unstable:          0 kB
Bounce:                0 kB
WritebackTmp:          0 kB
CommitLimit:     9202292 kB
Committed_AS:   67755348 kB
VmallocTotal:   263061440 kB
VmallocUsed:      104232 kB
VmallocChunk:          0 kB
Percpu:             7616 kB
CmaTotal:         294912 kB
CmaFree:              40 kB
MemTotal:       12113136 kB
MemFree:         6041768 kB
MemAvailable:    7849772 kB
Buffers:            6280 kB
Cached:          1878448 kB
SwapCached:            0 kB
Active:          1644644 kB
Inactive:        1552816 kB
Active(anon):    1319788 kB
Inactive(anon):    26816 kB
Active(file):     324856 kB
Inactive(file):  1526000 kB
Unevictable:        5508 kB
Mlocked:            5508 kB
SwapTotal:       3145724 kB
SwapFree:        3145724 kB
Dirty:               396 kB
Writeback:             0 kB
AnonPages:       1318124 kB
Mapped:           882536 kB
Shmem:             29420 kB
KReclaimable:     825852 kB
Slab:             224572 kB
SReclaimable:      78280 kB
SUnreclaim:       146292 kB
KernelStack:       47184 kB
PageTables:        64756 kB
NFS_Unstable:          0 kB
Bounce:                0 kB
WritebackTmp:          0 kB
CommitLimit:     9202292 kB
Committed_AS:   67755480 kB
VmallocTotal:   263061440 kB
VmallocUsed:      104216 kB
VmallocChunk:          0 kB
Percpu:             7616 kB
CmaTotal:         294912 kB
CmaFree:               0 kB
MemTotal:       12113136 kB
MemFree:         6041640 kB
MemAvailable:    7849668 kB
Buffers:            6280 kB
Cached:          1878472 kB
SwapCached:            0 kB
Active:          1644924 kB
Inactive:        1552840 kB
Active(anon):    1320068 kB
Inactive(anon):    26816 kB
Active(file):     324856 kB
Inactive(file):  1526024 kB
Unevictable:        5508 kB
Mlocked:            5508 kB
SwapTotal:       3145724 kB
SwapFree:        3145724 kB
Dirty:               432 kB
Writeback:             0 kB
AnonPages:       1318624 kB
Mapped:           882728 kB
Shmem:             29420 kB
KReclaimable:     825852 kB
Slab:             224556 kB
SReclaimable:      78280 kB
SUnreclaim:       146276 kB
KernelStack:       47168 kB
PageTables:        64696 kB
NFS_Unstable:          0 kB
Bounce:                0 kB
WritebackTmp:          0 kB
CommitLimit:     9202292 kB
Committed_AS:   67755128 kB
VmallocTotal:   263061440 kB
VmallocUsed:      104200 kB
VmallocChunk:          0 kB
Percpu:             7616 kB
CmaTotal:         294912 kB
CmaFree:              84 kB
MemTotal:       12113136 kB
MemFree:         6033528 kB
MemAvailable:    7841592 kB
Buffers:            6284 kB
Cached:          1878500 kB
SwapCached:            0 kB
Active:          1654888 kB
Inactive:        1552868 kB
Active(anon):    1330028 kB
Inactive(anon):    26812 kB
Active(file):     324860 kB
Inactive(file):  1526056 kB
Unevictable:        5508 kB
Mlocked:            5508 kB
SwapTotal:       3145724 kB
SwapFree:        3145724 kB
Dirty:               488 kB
Writeback:            24 kB
AnonPages:       1328572 kB
Mapped:           882284 kB
Shmem:             29416 kB
KReclaimable:     825852 kB
Slab:             224572 kB
SReclaimable:      78280 kB
SUnreclaim:       146292 kB
KernelStack:       47152 kB
PageTables:        64736 kB
NFS_Unstable:          0 kB
Bounce:                0 kB
WritebackTmp:          0 kB
CommitLimit:     9202292 kB
Committed_AS:   67760192 kB
VmallocTotal:   263061440 kB
VmallocUsed:      104200 kB
VmallocChunk:          0 kB
Percpu:             7616 kB
CmaTotal:         294912 kB
CmaFree:              68 kB
MemTotal:       12113136 kB
MemFree:         6032144 kB
MemAvailable:    7840228 kB
Buffers:            6284 kB
Cached:          1878524 kB
SwapCached:            0 kB
Active:          1654972 kB
Inactive:        1552892 kB
Active(anon):    1330112 kB
Inactive(anon):    26816 kB
Active(file):     324860 kB
Inactive(file):  1526076 kB
Unevictable:        5508 kB
Mlocked:            5508 kB
SwapTotal:       3145724 kB
SwapFree:        3145724 kB
Dirty:               496 kB
Writeback:             0 kB
AnonPages:       1328184 kB
Mapped:           882728 kB
Shmem:             29420 kB
KReclaimable:     825852 kB
Slab:             224564 kB
SReclaimable:      78280 kB
SUnreclaim:       146284 kB
KernelStack:       47136 kB
PageTables:        64700 kB
NFS_Unstable:          0 kB
Bounce:                0 kB
WritebackTmp:          0 kB
CommitLimit:     9202292 kB
Committed_AS:   67749964 kB
VmallocTotal:   263061440 kB
VmallocUsed:      104168 kB
VmallocChunk:          0 kB
Percpu:             7616 kB
CmaTotal:         294912 kB
CmaFree:               0 kB
MemTotal:       12113136 kB
MemFree:         6032392 kB
MemAvailable:    7840488 kB
Buffers:            6284 kB
Cached:          1878536 kB
SwapCached:            0 kB
Active:          1656196 kB
Inactive:        1552904 kB
Active(anon):    1331336 kB
Inactive(anon):    26816 kB
Active(file):     324860 kB
Inactive(file):  1526088 kB
Unevictable:        5508 kB
Mlocked:            5508 kB
SwapTotal:       3145724 kB
SwapFree:        3145724 kB
Dirty:               516 kB
Writeback:             0 kB
AnonPages:       1329824 kB
Mapped:           882540 kB
Shmem:             29420 kB
KReclaimable:     825852 kB
Slab:             224576 kB
SReclaimable:      78280 kB
SUnreclaim:       146296 kB
KernelStack:       47168 kB
PageTables:        64516 kB
NFS_Unstable:          0 kB
Bounce:                0 kB
WritebackTmp:          0 kB
CommitLimit:     9202292 kB
Committed_AS:   67739400 kB
VmallocTotal:   263061440 kB
VmallocUsed:      104136 kB
VmallocChunk:          0 kB
Percpu:             7616 kB
CmaTotal:         294912 kB
CmaFree:               0 kB
MemTotal:       12113136 kB
MemFree:         6031208 kB
MemAvailable:    7839324 kB
Buffers:            6284 kB
Cached:          1878556 kB
SwapCached:            0 kB
Active:          1656828 kB
Inactive:        1552924 kB
Active(anon):    1331968 kB
Inactive(anon):    26816 kB
Active(file):     324860 kB
Inactive(file):  1526108 kB
Unevictable:        5508 kB
Mlocked:            5508 kB
SwapTotal:       3145724 kB
SwapFree:        3145724 kB
Dirty:               536 kB
Writeback:             0 kB
AnonPages:       1330316 kB
Mapped:           882728 kB
Shmem:             29420 kB
KReclaimable:     825852 kB
Slab:             224576 kB
SReclaimable:      78280 kB
SUnreclaim:       146296 kB
KernelStack:       47188 kB
PageTables:        64692 kB
NFS_Unstable:          0 kB
Bounce:                0 kB
WritebackTmp:          0 kB
CommitLimit:     9202292 kB
Committed_AS:   67754808 kB
VmallocTotal:   263061440 kB
VmallocUsed:      104200 kB
VmallocChunk:          0 kB
Percpu:             7616 kB
CmaTotal:         294912 kB
CmaFree:               0 kB
MemTotal:       12113136 kB
MemFree:         6029820 kB
MemAvailable:    7837948 kB
Buffers:            6284 kB
Cached:          1878568 kB
SwapCached:            0 kB
Active:          1658548 kB
Inactive:        1552936 kB
Active(anon):    1333688 kB
Inactive(anon):    26816 kB
Active(file):     324860 kB
Inactive(file):  1526120 kB
Unevictable:        5508 kB
Mlocked:            5508 kB
SwapTotal:       3145724 kB
SwapFree:        3145724 kB
Dirty:               560 kB
Writeback:             0 kB
AnonPages:       1331656 kB
Mapped:           882560 kB
Shmem:             29420 kB
KReclaimable:     825852 kB
Slab:             224576 kB
SReclaimable:      78280 kB
SUnreclaim:       146296 kB
KernelStack:       47216 kB
PageTables:        64840 kB
NFS_Unstable:          0 kB
Bounce:                0 kB
WritebackTmp:          0 kB
CommitLimit:     9202292 kB
Committed_AS:   67760564 kB
VmallocTotal:   263061440 kB
VmallocUsed:      104152 kB
VmallocChunk:          0 kB
Percpu:             7616 kB
CmaTotal:         294912 kB
CmaFree:               0 kB
MemTotal:       12113136 kB
MemFree:         6030588 kB
MemAvailable:    7838732 kB
Buffers:            6284 kB
Cached:          1878584 kB
SwapCached:            0 kB
Active:          1658516 kB
Inactive:        1552952 kB
Active(anon):    1333656 kB
Inactive(anon):    26816 kB
Active(file):     324860 kB
Inactive(file):  1526136 kB
Unevictable:        5508 kB
Mlocked:            5508 kB
SwapTotal:       3145724 kB
SwapFree:        3145724 kB
Dirty:               316 kB
Writeback:             0 kB
AnonPages:       1332084 kB
Mapped:           882540 kB
Shmem:             29420 kB
KReclaimable:     825852 kB
Slab:             224580 kB
SReclaimable:      78280 kB
SUnreclaim:       146300 kB
KernelStack:       47152 kB
PageTables:        64760 kB
NFS_Unstable:          0 kB
Bounce:                0 kB
WritebackTmp:          0 kB
CommitLimit:     9202292 kB
Committed_AS:   67760864 kB
VmallocTotal:   263061440 kB
VmallocUsed:      104152 kB
VmallocChunk:          0 kB
Percpu:             7616 kB
CmaTotal:         294912 kB
CmaFree:               0 kB
MemTotal:       12113136 kB
MemFree:         6029332 kB
MemAvailable:    7837504 kB
Buffers:            6284 kB
Cached:          1878712 kB
SwapCached:            0 kB
Active:          1659516 kB
Inactive:        1553080 kB
Active(anon):    1334656 kB
Inactive(anon):    26916 kB
Active(file):     324860 kB
Inactive(file):  1526164 kB
Unevictable:        5508 kB
Mlocked:            5508 kB
SwapTotal:       3145724 kB
SwapFree:        3145724 kB
Dirty:               324 kB
Writeback:             0 kB
AnonPages:       1333152 kB
Mapped:           882632 kB
Shmem:             29520 kB
KReclaimable:     825852 kB
Slab:             224540 kB
SReclaimable:      78280 kB
SUnreclaim:       146260 kB
KernelStack:       47152 kB
PageTables:        64768 kB
NFS_Unstable:          0 kB
Bounce:                0 kB
WritebackTmp:          0 kB
CommitLimit:     9202292 kB
Committed_AS:   67749708 kB
VmallocTotal:   263061440 kB
VmallocUsed:      104168 kB
VmallocChunk:          0 kB
Percpu:             7616 kB
CmaTotal:         294912 kB
CmaFree:               0 kB
MemTotal:       12113136 kB
MemFree:         6025624 kB
MemAvailable:    7833804 kB
Buffers:            6284 kB
Cached:          1878620 kB
SwapCached:            0 kB
Active:          1660632 kB
Inactive:        1552988 kB
Active(anon):    1335772 kB
Inactive(anon):    26816 kB
Active(file):     324860 kB
Inactive(file):  1526172 kB
Unevictable:        5508 kB
Mlocked:            5508 kB
SwapTotal:       3145724 kB
SwapFree:        3145724 kB
Dirty:               360 kB
Writeback:             0 kB
AnonPages:       1333940 kB
Mapped:           882728 kB
Shmem:             29420 kB
KReclaimable:     825852 kB
Slab:             224560 kB
SReclaimable:      78280 kB
SUnreclaim:       146280 kB
KernelStack:       47204 kB
PageTables:        64692 kB
NFS_Unstable:          0 kB
Bounce:                0 kB
WritebackTmp:          0 kB
CommitLimit:     9202292 kB
Committed_AS:   67749516 kB
VmallocTotal:   263061440 kB
VmallocUsed:      104168 kB
VmallocChunk:          0 kB
Percpu:             7616 kB
CmaTotal:         294912 kB
CmaFree:               0 kB
MemTotal:       12113136 kB
MemFree:         6025772 kB
MemAvailable:    7833968 kB
Buffers:            6284 kB
Cached:          1878636 kB
SwapCached:            0 kB
Active:          1660980 kB
Inactive:        1553004 kB
Active(anon):    1336120 kB
Inactive(anon):    26816 kB
Active(file):     324860 kB
Inactive(file):  1526188 kB
Unevictable:        5508 kB
Mlocked:            5508 kB
SwapTotal:       3145724 kB
SwapFree:        3145724 kB
Dirty:               380 kB
Writeback:             0 kB
AnonPages:       1334808 kB
Mapped:           882488 kB
Shmem:             29420 kB
KReclaimable:     825852 kB
Slab:             224560 kB
SReclaimable:      78280 kB
SUnreclaim:       146280 kB
KernelStack:       47168 kB
PageTables:        64768 kB
NFS_Unstable:          0 kB
Bounce:                0 kB
WritebackTmp:          0 kB
CommitLimit:     9202292 kB
Committed_AS:   67754764 kB
VmallocTotal:   263061440 kB
VmallocUsed:      104168 kB
VmallocChunk:          0 kB
Percpu:             7616 kB
CmaTotal:         294912 kB
CmaFree:               0 kB
MemTotal:       12113136 kB
MemFree:         6023660 kB
MemAvailable:    7831872 kB
Buffers:            6284 kB
Cached:          1878880 kB
SwapCached:            0 kB
Active:          1661952 kB
Inactive:        1553184 kB
Active(anon):    1337092 kB
Inactive(anon):    26980 kB
Active(file):     324860 kB
Inactive(file):  1526204 kB
Unevictable:        5508 kB
Mlocked:            5508 kB
SwapTotal:       3145724 kB
SwapFree:        3145724 kB
Dirty:               408 kB
Writeback:             0 kB
AnonPages:       1335788 kB
Mapped:           882892 kB
Shmem:             29648 kB
KReclaimable:     825852 kB
Slab:             224560 kB
SReclaimable:      78280 kB
SUnreclaim:       146280 kB
KernelStack:       47136 kB
PageTables:        64688 kB
NFS_Unstable:          0 kB
Bounce:                0 kB
WritebackTmp:          0 kB
CommitLimit:     9202292 kB
Committed_AS:   67765148 kB
VmallocTotal:   263061440 kB
VmallocUsed:      104152 kB
VmallocChunk:          0 kB
Percpu:             7616 kB
CmaTotal:         294912 kB
CmaFree:               8 kB
MemTotal:       12113136 kB
MemFree:         6035480 kB
MemAvailable:    7843700 kB
Buffers:            6284 kB
Cached:          1878660 kB
SwapCached:            0 kB
Active:          1649692 kB
Inactive:        1553028 kB
Active(anon):    1324832 kB
Inactive(anon):    26816 kB
Active(file):     324860 kB
Inactive(file):  1526212 kB
Unevictable:        5508 kB
Mlocked:            5508 kB
SwapTotal:       3145724 kB
SwapFree:        3145724 kB
Dirty:               472 kB
Writeback:             0 kB
AnonPages:       1323000 kB
Mapped:           882728 kB
Shmem:             29420 kB
KReclaimable:     825852 kB
Slab:             224556 kB
SReclaimable:      78280 kB
SUnreclaim:       146276 kB
KernelStack:       47168 kB
PageTables:        64752 kB
NFS_Unstable:          0 kB
Bounce:                0 kB
WritebackTmp:          0 kB
CommitLimit:     9202292 kB
Committed_AS:   67747952 kB
VmallocTotal:   263061440 kB
VmallocUsed:      104152 kB
VmallocChunk:          0 kB
Percpu:             7616 kB
CmaTotal:         294912 kB
CmaFree:              36 kB
MemTotal:       12113136 kB
MemFree:         6035424 kB
MemAvailable:    7843664 kB
Buffers:            6284 kB
Cached:          1878680 kB
SwapCached:            0 kB
Active:          1650940 kB
Inactive:        1553048 kB
Active(anon):    1326080 kB
Inactive(anon):    26816 kB
Active(file):     324860 kB
Inactive(file):  1526232 kB
Unevictable:        5508 kB
Mlocked:            5508 kB
SwapTotal:       3145724 kB
SwapFree:        3145724 kB
Dirty:               492 kB
Writeback:             0 kB
AnonPages:       1324516 kB
Mapped:           882728 kB
Shmem:             29420 kB
KReclaimable:     825852 kB
Slab:             224572 kB
SReclaimable:      78280 kB
SUnreclaim:       146292 kB
KernelStack:       47136 kB
PageTables:        64704 kB
NFS_Unstable:          0 kB
Bounce:                0 kB
WritebackTmp:          0 kB
CommitLimit:     9202292 kB
Committed_AS:   67754272 kB
VmallocTotal:   263061440 kB
VmallocUsed:      104168 kB
VmallocChunk:          0 kB
Percpu:             7616 kB
CmaTotal:         294912 kB
CmaFree:               0 kB
MemTotal:       12113136 kB
MemFree:         6036568 kB
MemAvailable:    7844824 kB
Buffers:            6284 kB
Cached:          1878448 kB
SwapCached:            0 kB
Active:          1651332 kB
Inactive:        1552816 kB
Active(anon):    1326472 kB
Inactive(anon):    26568 kB
Active(file):     324860 kB
Inactive(file):  1526248 kB
Unevictable:        5508 kB
Mlocked:            5508 kB
SwapTotal:       3145724 kB
SwapFree:        3145724 kB
Dirty:               512 kB
Writeback:             0 kB
AnonPages:       1325004 kB
Mapped:           882240 kB
Shmem:             29172 kB
KReclaimable:     825852 kB
Slab:             224572 kB
SReclaimable:      78280 kB
SUnreclaim:       146292 kB
KernelStack:       47200 kB
PageTables:        64828 kB
NFS_Unstable:          0 kB
Bounce:                0 kB
WritebackTmp:          0 kB
CommitLimit:     9202292 kB
Committed_AS:   67761512 kB
VmallocTotal:   263061440 kB
VmallocUsed:      104184 kB
VmallocChunk:          0 kB
Percpu:             7616 kB
CmaTotal:         294912 kB
CmaFree:              92 kB
MemTotal:       12113136 kB
MemFree:         6035832 kB
MemAvailable:    7844100 kB
Buffers:            6284 kB
Cached:          1878708 kB
SwapCached:            0 kB
Active:          1650044 kB
Inactive:        1553076 kB
Active(anon):    1325184 kB
Inactive(anon):    26816 kB
Active(file):     324860 kB
Inactive(file):  1526260 kB
Unevictable:        5508 kB
Mlocked:            5508 kB
SwapTotal:       3145724 kB
SwapFree:        3145724 kB
Dirty:               544 kB
Writeback:             0 kB
AnonPages:       1323432 kB
Mapped:           882540 kB
Shmem:             29420 kB
KReclaimable:     825852 kB
Slab:             224560 kB
SReclaimable:      78280 kB
SUnreclaim:       146280 kB
KernelStack:       47168 kB
PageTables:        64760 kB
NFS_Unstable:          0 kB
Bounce:                0 kB
WritebackTmp:          0 kB
CommitLimit:     9202292 kB
Committed_AS:   67765800 kB
VmallocTotal:   263061440 kB
VmallocUsed:      104152 kB
VmallocChunk:          0 kB
Percpu:             7616 kB
CmaTotal:         294912 kB
CmaFree:               0 kB
MemTotal:       12113136 kB
MemFree:         6036816 kB
MemAvailable:    7845104 kB
Buffers:            6284 kB
Cached:          1878728 kB
SwapCached:            0 kB
Active:          1650636 kB
Inactive:        1553096 kB
Active(anon):    1325776 kB
Inactive(anon):    26816 kB
Active(file):     324860 kB
Inactive(file):  1526280 kB
Unevictable:        5508 kB
Mlocked:            5508 kB
SwapTotal:       3145724 kB
SwapFree:        3145724 kB
Dirty:               560 kB
Writeback:             0 kB
AnonPages:       1324216 kB
Mapped:           882536 kB
Shmem:             29420 kB
KReclaimable:     825852 kB
Slab:             224560 kB
SReclaimable:      78280 kB
SUnreclaim:       146280 kB
KernelStack:       47152 kB
PageTables:        64764 kB
NFS_Unstable:          0 kB
Bounce:                0 kB
WritebackTmp:          0 kB
CommitLimit:     9202292 kB
Committed_AS:   67760132 kB
VmallocTotal:   263061440 kB
VmallocUsed:      104152 kB
VmallocChunk:          0 kB
Percpu:             7616 kB
CmaTotal:         294912 kB
CmaFree:               4 kB
MemTotal:       12113136 kB
MemFree:         6052092 kB
MemAvailable:    7860424 kB
Buffers:            6288 kB
Cached:          1878588 kB
SwapCached:            0 kB
Active:          1636376 kB
Inactive:        1552956 kB
Active(anon):    1311508 kB
Inactive(anon):    26640 kB
Active(file):     324868 kB
Inactive(file):  1526316 kB
Unevictable:        5508 kB
Mlocked:            5508 kB
SwapTotal:       3145724 kB
SwapFree:        3145724 kB
Dirty:               592 kB
Writeback:            24 kB
AnonPages:       1309824 kB
Mapped:           882552 kB
Shmem:             29240 kB
KReclaimable:     825852 kB
Slab:             224564 kB
SReclaimable:      78280 kB
SUnreclaim:       146284 kB
KernelStack:       47136 kB
PageTables:        64704 kB
NFS_Unstable:          0 kB
Bounce:                0 kB
WritebackTmp:          0 kB
CommitLimit:     9202292 kB
Committed_AS:   67771372 kB
VmallocTotal:   263061440 kB
VmallocUsed:      104184 kB
VmallocChunk:          0 kB
Percpu:             7616 kB
CmaTotal:         294912 kB
CmaFree:              96 kB
MemTotal:       12113136 kB
MemFree:         6051216 kB
MemAvailable:    7859588 kB
Buffers:            6288 kB
Cached:          1878872 kB
SwapCached:            0 kB
Active:          1636172 kB
Inactive:        1553244 kB
Active(anon):    1311312 kB
Inactive(anon):    26880 kB
Active(file):     324860 kB
Inactive(file):  1526364 kB
Unevictable:        5508 kB
Mlocked:            5508 kB
SwapTotal:       3145724 kB
SwapFree:        3145724 kB
Dirty:               576 kB
Writeback:             0 kB
AnonPages:       1309508 kB
Mapped:           882600 kB
Shmem:             29484 kB
KReclaimable:     825852 kB
Slab:             224588 kB
SReclaimable:      78280 kB
SUnreclaim:       146308 kB
KernelStack:       47152 kB
PageTables:        64764 kB
NFS_Unstable:          0 kB
Bounce:                0 kB
WritebackTmp:          0 kB
CommitLimit:     9202292 kB
Committed_AS:   67770520 kB
VmallocTotal:   263061440 kB
VmallocUsed:      104184 kB
VmallocChunk:          0 kB
Percpu:             7616 kB
CmaTotal:         294912 kB
CmaFree:               0 kB
MemTotal:       12113136 kB
MemFree:         6051116 kB
MemAvailable:    7859504 kB
Buffers:            6288 kB
Cached:          1878888 kB
SwapCached:            0 kB
Active:          1635568 kB
Inactive:        1553256 kB
Active(anon):    1310704 kB
Inactive(anon):    26880 kB
Active(file):     324864 kB
Inactive(file):  1526376 kB
Unevictable:        5508 kB
Mlocked:            5508 kB
SwapTotal:       3145724 kB
SwapFree:        3145724 kB
Dirty:               592 kB
Writeback:             0 kB
AnonPages:       1309092 kB
Mapped:           882792 kB
Shmem:             29484 kB
KReclaimable:     825852 kB
Slab:             224588 kB
SReclaimable:      78280 kB
SUnreclaim:       146308 kB
KernelStack:       47188 kB
PageTables:        64692 kB
NFS_Unstable:          0 kB
Bounce:                0 kB
WritebackTmp:          0 kB
CommitLimit:     9202292 kB
Committed_AS:   67766276 kB
VmallocTotal:   263061440 kB
VmallocUsed:      104200 kB
VmallocChunk:          0 kB
Percpu:             7616 kB
CmaTotal:         294912 kB
CmaFree:               0 kB
MemTotal:       12113136 kB
MemFree:         6043148 kB
MemAvailable:    7851560 kB
Buffers:            6288 kB
Cached:          1879060 kB
SwapCached:            0 kB
Active:          1645200 kB
Inactive:        1553704 kB
Active(anon):    1320336 kB
Inactive(anon):    27304 kB
Active(file):     324864 kB
Inactive(file):  1526400 kB
Unevictable:        5508 kB
Mlocked:            5508 kB
SwapTotal:       3145724 kB
SwapFree:        3145724 kB
Dirty:               616 kB
Writeback:             0 kB
AnonPages:       1318976 kB
Mapped:           883032 kB
Shmem:             29632 kB
KReclaimable:     825852 kB
Slab:             224592 kB
SReclaimable:      78280 kB
SUnreclaim:       146312 kB
KernelStack:       47200 kB
PageTables:        64796 kB
NFS_Unstable:          0 kB
Bounce:                0 kB
WritebackTmp:          0 kB
CommitLimit:     9202292 kB
Committed_AS:   67760196 kB
VmallocTotal:   263061440 kB
VmallocUsed:      104184 kB
VmallocChunk:          0 kB
Percpu:             7616 kB
CmaTotal:         294912 kB
CmaFree:               0 kB
MemTotal:       12113136 kB
MemFree:         6041036 kB
MemAvailable:    7849460 kB
Buffers:            6288 kB
Cached:          1878924 kB
SwapCached:            0 kB
Active:          1646756 kB
Inactive:        1552972 kB
Active(anon):    1321572 kB
Inactive(anon):    26880 kB
Active(file):     325184 kB
Inactive(file):  1526092 kB
Unevictable:        5508 kB
Mlocked:            5508 kB
SwapTotal:       3145724 kB
SwapFree:        3145724 kB
Dirty:               648 kB
Writeback:             0 kB
AnonPages:       1319740 kB
Mapped:           882792 kB
Shmem:             29484 kB
KReclaimable:     825852 kB
Slab:             224576 kB
SReclaimable:      78280 kB
SUnreclaim:       146296 kB
KernelStack:       47168 kB
PageTables:        64720 kB
NFS_Unstable:          0 kB
Bounce:                0 kB
WritebackTmp:          0 kB
CommitLimit:     9202292 kB
Committed_AS:   67754992 kB
VmallocTotal:   263061440 kB
VmallocUsed:      104184 kB
VmallocChunk:          0 kB
Percpu:             7616 kB
CmaTotal:         294912 kB
CmaFree:               0 kB
MemTotal:       12113136 kB
MemFree:         6040672 kB
MemAvailable:    7849112 kB
Buffers:            6288 kB
Cached:          1878940 kB
SwapCached:            0 kB
Active:          1647964 kB
Inactive:        1552988 kB
Active(anon):    1322780 kB
Inactive(anon):    26880 kB
Active(file):     325184 kB
Inactive(file):  1526108 kB
Unevictable:        5508 kB
Mlocked:            5508 kB
SwapTotal:       3145724 kB
SwapFree:        3145724 kB
Dirty:               404 kB
Writeback:             0 kB
AnonPages:       1321104 kB
Mapped:           882792 kB
Shmem:             29484 kB
KReclaimable:     825852 kB
Slab:             224572 kB
SReclaimable:      78280 kB
SUnreclaim:       146292 kB
KernelStack:       47184 kB
PageTables:        64772 kB
NFS_Unstable:          0 kB
Bounce:                0 kB
WritebackTmp:          0 kB
CommitLimit:     9202292 kB
Committed_AS:   67749812 kB
VmallocTotal:   263061440 kB
VmallocUsed:      104184 kB
VmallocChunk:          0 kB
Percpu:             7616 kB
CmaTotal:         294912 kB
CmaFree:               0 kB
MemTotal:       12113136 kB
MemFree:         6038724 kB
MemAvailable:    7847184 kB
Buffers:            6288 kB
Cached:          1878964 kB
SwapCached:            0 kB
Active:          1648860 kB
Inactive:        1553012 kB
Active(anon):    1323676 kB
Inactive(anon):    26884 kB
Active(file):     325184 kB
Inactive(file):  1526128 kB
Unevictable:        5508 kB
Mlocked:            5508 kB
SwapTotal:       3145724 kB
SwapFree:        3145724 kB
Dirty:               340 kB
Writeback:             0 kB
AnonPages:       1322068 kB
Mapped:           882608 kB
Shmem:             29488 kB
KReclaimable:     825852 kB
Slab:             224580 kB
SReclaimable:      78280 kB
SUnreclaim:       146300 kB
KernelStack:       47152 kB
PageTables:        64772 kB
NFS_Unstable:          0 kB
Bounce:                0 kB
WritebackTmp:          0 kB
CommitLimit:     9202292 kB
Committed_AS:   67760748 kB
VmallocTotal:   263061440 kB
VmallocUsed:      104184 kB
VmallocChunk:          0 kB
Percpu:             7616 kB
CmaTotal:         294912 kB
CmaFree:               0 kB
MemTotal:       12113136 kB
MemFree:         6038252 kB
MemAvailable:    7846588 kB
Buffers:            6288 kB
Cached:          1878840 kB
SwapCached:            0 kB
Active:          1649036 kB
Inactive:        1552888 kB
Active(anon):    1323852 kB
Inactive(anon):    26884 kB
Active(file):     325184 kB
Inactive(file):  1526004 kB
Unevictable:        5508 kB
Mlocked:            5508 kB
SwapTotal:       3145724 kB
SwapFree:        3145724 kB
Dirty:               392 kB
Writeback:             0 kB
AnonPages:       1322440 kB
Mapped:           882736 kB
Shmem:             29488 kB
KReclaimable:     825852 kB
Slab:             224616 kB
SReclaimable:      78280 kB
SUnreclaim:       146336 kB
KernelStack:       47184 kB
PageTables:        64784 kB
NFS_Unstable:          0 kB
Bounce:                0 kB
WritebackTmp:          0 kB
CommitLimit:     9202292 kB
Committed_AS:   67760572 kB
VmallocTotal:   263061440 kB
VmallocUsed:      104184 kB
VmallocChunk:          0 kB
Percpu:             7616 kB
CmaTotal:         294912 kB
CmaFree:               0 kB
MemTotal:       12113136 kB
MemFree:         6038312 kB
MemAvailable:    7846664 kB
Buffers:            6288 kB
Cached:          1878856 kB
SwapCached:            0 kB
Active:          1650096 kB
Inactive:        1552904 kB
Active(anon):    1324912 kB
Inactive(anon):    26884 kB
Active(file):     325184 kB
Inactive(file):  1526020 kB
Unevictable:        5508 kB
Mlocked:            5508 kB
SwapTotal:       3145724 kB
SwapFree:        3145724 kB
Dirty:               432 kB
Writeback:             0 kB
AnonPages:       1323484 kB
Mapped:           882796 kB
Shmem:             29488 kB
KReclaimable:     825852 kB
Slab:             224612 kB
SReclaimable:      78280 kB
SUnreclaim:       146332 kB
KernelStack:       47120 kB
PageTables:        64708 kB
NFS_Unstable:          0 kB
Bounce:                0 kB
WritebackTmp:          0 kB
CommitLimit:     9202292 kB
Committed_AS:   67756400 kB
VmallocTotal:   263061440 kB
VmallocUsed:      104120 kB
VmallocChunk:          0 kB
Percpu:             7616 kB
CmaTotal:         294912 kB
CmaFree:               0 kB
MemTotal:       12113136 kB
MemFree:         6036984 kB
MemAvailable:    7845432 kB
Buffers:            6288 kB
Cached:          1879040 kB
SwapCached:            0 kB
Active:          1650276 kB
Inactive:        1553056 kB
Active(anon):    1325060 kB
Inactive(anon):    26976 kB
Active(file):     325216 kB
Inactive(file):  1526080 kB
Unevictable:        5508 kB
Mlocked:            5508 kB
SwapTotal:       3145724 kB
SwapFree:        3145724 kB
Dirty:               204 kB
Writeback:             0 kB
AnonPages:       1323356 kB
Mapped:           882756 kB
Shmem:             29580 kB
KReclaimable:     825856 kB
Slab:             224624 kB
SReclaimable:      78284 kB
SUnreclaim:       146340 kB
KernelStack:       47168 kB
PageTables:        64880 kB
NFS_Unstable:          0 kB
Bounce:                0 kB
WritebackTmp:          0 kB
CommitLimit:     9202292 kB
Committed_AS:   67760928 kB
VmallocTotal:   263061440 kB
VmallocUsed:      104120 kB
