MemTotal:       12113132 kB
MemFree:         6691904 kB
MemAvailable:    8214248 kB
Buffers:            5224 kB
Cached:          1875872 kB
SwapCached:            0 kB
Active:          1641668 kB
Inactive:        1636928 kB
Active(anon):    1403976 kB
Inactive(anon):    24036 kB
Active(file):     237692 kB
Inactive(file):  1612892 kB
Unevictable:        5508 kB
Mlocked:            5508 kB
SwapTotal:       3145724 kB
SwapFree:        3145724 kB
Dirty:              1416 kB
Writeback:             0 kB
AnonPages:       1403312 kB
Mapped:           895484 kB
Shmem:             26056 kB
KReclaimable:     540464 kB
Slab:             225420 kB
SReclaimable:      77928 kB
SUnreclaim:       147492 kB
KernelStack:       48272 kB
PageTables:        66948 kB
NFS_Unstable:          0 kB
Bounce:                0 kB
WritebackTmp:          0 kB
CommitLimit:     9202288 kB
Committed_AS:   76489216 kB
VmallocTotal:   263061440 kB
VmallocUsed:      105384 kB
VmallocChunk:          0 kB
Percpu:             7552 kB
CmaTotal:         294912 kB
CmaFree:               0 kB
MemTotal:       12113132 kB
MemFree:         6522196 kB
MemAvailable:    8059020 kB
Buffers:            5224 kB
Cached:          1928728 kB
SwapCached:            0 kB
Active:          1657884 kB
Inactive:        1687948 kB
Active(anon):    1418116 kB
Inactive(anon):    24156 kB
Active(file):     239768 kB
Inactive(file):  1663792 kB
Unevictable:        5508 kB
Mlocked:            5508 kB
SwapTotal:       3145724 kB
SwapFree:        3145724 kB
Dirty:              1560 kB
Writeback:             0 kB
AnonPages:       1417420 kB
Mapped:           911180 kB
Shmem:             26152 kB
KReclaimable:     501968 kB
Slab:             225620 kB
SReclaimable:      78068 kB
SUnreclaim:       147552 kB
KernelStack:       48464 kB
PageTables:        67184 kB
NFS_Unstable:          0 kB
Bounce:                0 kB
WritebackTmp:          0 kB
CommitLimit:     9202288 kB
Committed_AS:   76543872 kB
VmallocTotal:   263061440 kB
VmallocUsed:      105624 kB
VmallocChunk:          0 kB
Percpu:             7552 kB
CmaTotal:         294912 kB
CmaFree:               0 kB
MemTotal:       12113132 kB
MemFree:         6077120 kB
MemAvailable:    7884712 kB
Buffers:            5228 kB
Cached:          2147996 kB
SwapCached:            0 kB
Active:          1824840 kB
Inactive:        1864960 kB
Active(anon):    1543028 kB
Inactive(anon):    24176 kB
Active(file):     281812 kB
Inactive(file):  1840784 kB
Unevictable:        5508 kB
Mlocked:            5508 kB
SwapTotal:       3145724 kB
SwapFree:        3145724 kB
Dirty:              1676 kB
Writeback:             0 kB
AnonPages:       1542324 kB
Mapped:           921600 kB
Shmem:             26172 kB
KReclaimable:     553700 kB
Slab:             225920 kB
SReclaimable:      78560 kB
SUnreclaim:       147360 kB
KernelStack:       48400 kB
PageTables:        67516 kB
NFS_Unstable:          0 kB
Bounce:                0 kB
WritebackTmp:          0 kB
CommitLimit:     9202288 kB
Committed_AS:   76705100 kB
VmallocTotal:   263061440 kB
VmallocUsed:      105464 kB
VmallocChunk:          0 kB
Percpu:             7552 kB
CmaTotal:         294912 kB
CmaFree:               0 kB
MemTotal:       12113132 kB
MemFree:         5394884 kB
MemAvailable:    7202908 kB
Buffers:            5228 kB
Cached:          2148352 kB
SwapCached:            0 kB
Active:          2520992 kB
Inactive:        1845896 kB
Active(anon):    2219760 kB
Inactive(anon):    24176 kB
Active(file):     301232 kB
Inactive(file):  1821720 kB
Unevictable:        5508 kB
Mlocked:            5508 kB
SwapTotal:       3145724 kB
SwapFree:        3145724 kB
Dirty:              1716 kB
Writeback:             0 kB
AnonPages:       2218936 kB
Mapped:           922276 kB
Shmem:             26172 kB
KReclaimable:     553776 kB
Slab:             225928 kB
SReclaimable:      78576 kB
SUnreclaim:       147352 kB
KernelStack:       48432 kB
PageTables:        68976 kB
NFS_Unstable:          0 kB
Bounce:                0 kB
WritebackTmp:          0 kB
CommitLimit:     9202288 kB
Committed_AS:   77360436 kB
VmallocTotal:   263061440 kB
VmallocUsed:      105448 kB
VmallocChunk:          0 kB
Percpu:             7552 kB
CmaTotal:         294912 kB
CmaFree:               0 kB
MemTotal:       12113132 kB
MemFree:         5582164 kB
MemAvailable:    7394820 kB
Buffers:            5228 kB
Cached:          2175512 kB
SwapCached:            0 kB
Active:          2231184 kB
Inactive:        1863532 kB
Active(anon):    1920452 kB
Inactive(anon):    24228 kB
Active(file):     310732 kB
Inactive(file):  1839304 kB
Unevictable:        5508 kB
Mlocked:            5508 kB
SwapTotal:       3145724 kB
SwapFree:        3145724 kB
Dirty:              1776 kB
Writeback:             0 kB
AnonPages:       1919512 kB
Mapped:           936228 kB
Shmem:             26224 kB
KReclaimable:     531324 kB
Slab:             226256 kB
SReclaimable:      78684 kB
SUnreclaim:       147572 kB
KernelStack:       48976 kB
PageTables:        69016 kB
NFS_Unstable:          0 kB
Bounce:                0 kB
WritebackTmp:          0 kB
CommitLimit:     9202288 kB
Committed_AS:   77129124 kB
VmallocTotal:   263061440 kB
VmallocUsed:      105976 kB
VmallocChunk:          0 kB
Percpu:             7552 kB
CmaTotal:         294912 kB
CmaFree:               0 kB
MemTotal:       12113132 kB
MemFree:         5519772 kB
MemAvailable:    7372936 kB
Buffers:            5256 kB
Cached:          2214724 kB
SwapCached:            0 kB
Active:          2243152 kB
Inactive:        1899220 kB
Active(anon):    1928884 kB
Inactive(anon):    24236 kB
Active(file):     314268 kB
Inactive(file):  1874984 kB
Unevictable:        5508 kB
Mlocked:            5508 kB
SwapTotal:       3145724 kB
SwapFree:        3145724 kB
Dirty:             11724 kB
Writeback:             0 kB
AnonPages:       1927624 kB
Mapped:           938264 kB
Shmem:             26256 kB
KReclaimable:     532616 kB
Slab:             227424 kB
SReclaimable:      79800 kB
SUnreclaim:       147624 kB
KernelStack:       49036 kB
PageTables:        69004 kB
NFS_Unstable:          0 kB
Bounce:                0 kB
WritebackTmp:          0 kB
CommitLimit:     9202288 kB
Committed_AS:   77197416 kB
VmallocTotal:   263061440 kB
VmallocUsed:      106024 kB
VmallocChunk:          0 kB
Percpu:             7552 kB
CmaTotal:         294912 kB
CmaFree:               0 kB
MemTotal:       12113132 kB
MemFree:         5539164 kB
MemAvailable:    7411880 kB
Buffers:            5256 kB
Cached:          2215100 kB
SwapCached:            0 kB
Active:          2225556 kB
Inactive:        1899516 kB
Active(anon):    1911168 kB
Inactive(anon):    24204 kB
Active(file):     314388 kB
Inactive(file):  1875312 kB
Unevictable:        5508 kB
Mlocked:            5508 kB
SwapTotal:       3145724 kB
SwapFree:        3145724 kB
Dirty:             12104 kB
Writeback:             0 kB
AnonPages:       1910468 kB
Mapped:           953528 kB
Shmem:             26200 kB
KReclaimable:     551720 kB
Slab:             227612 kB
SReclaimable:      79864 kB
SUnreclaim:       147748 kB
KernelStack:       48928 kB
PageTables:        69016 kB
NFS_Unstable:          0 kB
Bounce:                0 kB
WritebackTmp:          0 kB
CommitLimit:     9202288 kB
Committed_AS:   77194400 kB
VmallocTotal:   263061440 kB
VmallocUsed:      105912 kB
VmallocChunk:          0 kB
Percpu:             7552 kB
CmaTotal:         294912 kB
CmaFree:               0 kB
MemTotal:       12113132 kB
MemFree:         5535880 kB
MemAvailable:    7408768 kB
Buffers:            5256 kB
Cached:          2215304 kB
SwapCached:            0 kB
Active:          2226664 kB
Inactive:        1899712 kB
Active(anon):    1912268 kB
Inactive(anon):    24204 kB
Active(file):     314396 kB
Inactive(file):  1875508 kB
Unevictable:        5508 kB
Mlocked:            5508 kB
SwapTotal:       3145724 kB
SwapFree:        3145724 kB
Dirty:             12128 kB
Writeback:             0 kB
AnonPages:       1911232 kB
Mapped:           954084 kB
Shmem:             26200 kB
KReclaimable:     551688 kB
Slab:             227576 kB
SReclaimable:      79840 kB
SUnreclaim:       147736 kB
KernelStack:       48928 kB
PageTables:        69008 kB
NFS_Unstable:          0 kB
Bounce:                0 kB
WritebackTmp:          0 kB
CommitLimit:     9202288 kB
Committed_AS:   77202036 kB
VmallocTotal:   263061440 kB
VmallocUsed:      105944 kB
VmallocChunk:          0 kB
Percpu:             7552 kB
CmaTotal:         294912 kB
CmaFree:               0 kB
MemTotal:       12113132 kB
MemFree:         5514976 kB
MemAvailable:    7295788 kB
Buffers:            5256 kB
Cached:          2215336 kB
SwapCached:            0 kB
Active:          2246852 kB
Inactive:        1899736 kB
Active(anon):    1932448 kB
Inactive(anon):    24204 kB
Active(file):     314404 kB
Inactive(file):  1875532 kB
Unevictable:        5508 kB
Mlocked:            5508 kB
SwapTotal:       3145724 kB
SwapFree:        3145724 kB
Dirty:             12180 kB
Writeback:             0 kB
AnonPages:       1931124 kB
Mapped:           954516 kB
Shmem:             26200 kB
KReclaimable:     436928 kB
Slab:             227824 kB
SReclaimable:      79872 kB
SUnreclaim:       147952 kB
KernelStack:       49248 kB
PageTables:        69404 kB
NFS_Unstable:          0 kB
Bounce:                0 kB
WritebackTmp:          0 kB
CommitLimit:     9202288 kB
Committed_AS:   77202108 kB
VmallocTotal:   263061440 kB
VmallocUsed:      106392 kB
VmallocChunk:          0 kB
Percpu:             7552 kB
CmaTotal:         294912 kB
CmaFree:               0 kB
MemTotal:       12113132 kB
MemFree:         5491256 kB
MemAvailable:    7307288 kB
Buffers:            5256 kB
Cached:          2215696 kB
SwapCached:            0 kB
Active:          2270988 kB
Inactive:        1898936 kB
Active(anon):    1955424 kB
Inactive(anon):    24204 kB
Active(file):     315564 kB
Inactive(file):  1874732 kB
Unevictable:        5508 kB
Mlocked:            5508 kB
SwapTotal:       3145724 kB
SwapFree:        3145724 kB
Dirty:             12540 kB
Writeback:             0 kB
AnonPages:       1954472 kB
Mapped:           953068 kB
Shmem:             26200 kB
KReclaimable:     494440 kB
Slab:             227844 kB
SReclaimable:      79904 kB
SUnreclaim:       147940 kB
KernelStack:       49200 kB
PageTables:        69268 kB
NFS_Unstable:          0 kB
Bounce:                0 kB
WritebackTmp:          0 kB
CommitLimit:     9202288 kB
Committed_AS:   77223160 kB
VmallocTotal:   263061440 kB
VmallocUsed:      106360 kB
VmallocChunk:          0 kB
Percpu:             7552 kB
CmaTotal:         294912 kB
CmaFree:               0 kB
MemTotal:       12113132 kB
MemFree:         5462824 kB
MemAvailable:    7316616 kB
Buffers:            5256 kB
Cached:          2216260 kB
SwapCached:            0 kB
Active:          2298752 kB
Inactive:        1898976 kB
Active(anon):    1982668 kB
Inactive(anon):    24388 kB
Active(file):     316084 kB
Inactive(file):  1874588 kB
Unevictable:        5508 kB
Mlocked:            5508 kB
SwapTotal:       3145724 kB
SwapFree:        3145724 kB
Dirty:             12912 kB
Writeback:             0 kB
AnonPages:       1982152 kB
Mapped:           952684 kB
Shmem:             26388 kB
KReclaimable:     531824 kB
Slab:             227816 kB
SReclaimable:      79936 kB
SUnreclaim:       147880 kB
KernelStack:       49072 kB
PageTables:        69148 kB
NFS_Unstable:          0 kB
Bounce:                0 kB
WritebackTmp:          0 kB
CommitLimit:     9202288 kB
Committed_AS:   77231596 kB
VmallocTotal:   263061440 kB
VmallocUsed:      106184 kB
VmallocChunk:          0 kB
Percpu:             7552 kB
CmaTotal:         294912 kB
CmaFree:               0 kB
MemTotal:       12113132 kB
MemFree:         5463096 kB
MemAvailable:    7317572 kB
Buffers:            5260 kB
Cached:          2216708 kB
SwapCached:            0 kB
Active:          2292632 kB
Inactive:        1899332 kB
Active(anon):    1976456 kB
Inactive(anon):    24212 kB
Active(file):     316176 kB
Inactive(file):  1875120 kB
Unevictable:        5508 kB
Mlocked:            5508 kB
SwapTotal:       3145724 kB
SwapFree:        3145724 kB
Dirty:              4148 kB
Writeback:             0 kB
AnonPages:       1975404 kB
Mapped:           953076 kB
Shmem:             26208 kB
KReclaimable:     531884 kB
Slab:             227896 kB
SReclaimable:      79996 kB
SUnreclaim:       147900 kB
KernelStack:       49056 kB
PageTables:        69168 kB
NFS_Unstable:          0 kB
Bounce:                0 kB
WritebackTmp:          0 kB
CommitLimit:     9202288 kB
Committed_AS:   77230888 kB
VmallocTotal:   263061440 kB
VmallocUsed:      106088 kB
VmallocChunk:          0 kB
Percpu:             7552 kB
CmaTotal:         294912 kB
CmaFree:               0 kB
MemTotal:       12113132 kB
MemFree:         5356408 kB
MemAvailable:    7157732 kB
Buffers:            5260 kB
Cached:          2217348 kB
SwapCached:            0 kB
Active:          2365056 kB
Inactive:        1886392 kB
Active(anon):    2035292 kB
Inactive(anon):    24216 kB
Active(file):     329764 kB
Inactive(file):  1862176 kB
Unevictable:        5508 kB
Mlocked:            5508 kB
SwapTotal:       3145724 kB
SwapFree:        3145724 kB
Dirty:              4340 kB
Writeback:             4 kB
AnonPages:       2034304 kB
Mapped:           953392 kB
Shmem:             26212 kB
KReclaimable:     473940 kB
Slab:             228324 kB
SReclaimable:      80104 kB
SUnreclaim:       148220 kB
KernelStack:       49120 kB
PageTables:        69056 kB
NFS_Unstable:          0 kB
Bounce:                0 kB
WritebackTmp:          0 kB
CommitLimit:     9202288 kB
Committed_AS:   77269016 kB
VmallocTotal:   263061440 kB
VmallocUsed:      106328 kB
VmallocChunk:          0 kB
Percpu:             7552 kB
CmaTotal:         294912 kB
CmaFree:               0 kB
MemTotal:       12113132 kB
MemFree:         5264920 kB
MemAvailable:    7157168 kB
Buffers:            5260 kB
Cached:          2217428 kB
SwapCached:            0 kB
Active:          2367260 kB
Inactive:        1886440 kB
Active(anon):    2037464 kB
Inactive(anon):    24244 kB
Active(file):     329796 kB
Inactive(file):  1862196 kB
Unevictable:        5508 kB
Mlocked:            5508 kB
SwapTotal:       3145724 kB
SwapFree:        3145724 kB
Dirty:              4392 kB
Writeback:             0 kB
AnonPages:       2036540 kB
Mapped:           953852 kB
Shmem:             26240 kB
KReclaimable:     568960 kB
Slab:             228292 kB
SReclaimable:      80128 kB
SUnreclaim:       148164 kB
KernelStack:       49184 kB
PageTables:        69480 kB
NFS_Unstable:          0 kB
Bounce:                0 kB
WritebackTmp:          0 kB
CommitLimit:     9202288 kB
Committed_AS:   77276736 kB
VmallocTotal:   263061440 kB
VmallocUsed:      106376 kB
VmallocChunk:          0 kB
Percpu:             7552 kB
CmaTotal:         294912 kB
CmaFree:               0 kB
MemTotal:       12113132 kB
MemFree:         5294424 kB
MemAvailable:    7196608 kB
Buffers:            5260 kB
Cached:          2218188 kB
SwapCached:            0 kB
Active:          2337096 kB
Inactive:        1887200 kB
Active(anon):    2007300 kB
Inactive(anon):    24248 kB
Active(file):     329796 kB
Inactive(file):  1862952 kB
Unevictable:        5508 kB
Mlocked:            5508 kB
SwapTotal:       3145724 kB
SwapFree:        3145724 kB
Dirty:              5172 kB
Writeback:             0 kB
AnonPages:       2006412 kB
Mapped:           953924 kB
Shmem:             26244 kB
KReclaimable:     578140 kB
Slab:             228292 kB
SReclaimable:      80128 kB
SUnreclaim:       148164 kB
KernelStack:       49184 kB
PageTables:        69500 kB
NFS_Unstable:          0 kB
Bounce:                0 kB
WritebackTmp:          0 kB
CommitLimit:     9202288 kB
Committed_AS:   77276872 kB
VmallocTotal:   263061440 kB
VmallocUsed:      106376 kB
VmallocChunk:          0 kB
Percpu:             7552 kB
CmaTotal:         294912 kB
CmaFree:               0 kB
MemTotal:       12113132 kB
MemFree:         5306704 kB
MemAvailable:    7294048 kB
Buffers:            5260 kB
Cached:          2218208 kB
SwapCached:            0 kB
Active:          2326296 kB
Inactive:        1887212 kB
Active(anon):    1996492 kB
Inactive(anon):    24248 kB
Active(file):     329804 kB
Inactive(file):  1862964 kB
Unevictable:        5508 kB
Mlocked:            5508 kB
SwapTotal:       3145724 kB
SwapFree:        3145724 kB
Dirty:              5192 kB
Writeback:             0 kB
AnonPages:       1995672 kB
Mapped:           954060 kB
Shmem:             26244 kB
KReclaimable:     663280 kB
Slab:             228220 kB
SReclaimable:      80160 kB
SUnreclaim:       148060 kB
KernelStack:       49184 kB
PageTables:        69360 kB
NFS_Unstable:          0 kB
Bounce:                0 kB
WritebackTmp:          0 kB
CommitLimit:     9202288 kB
Committed_AS:   77271828 kB
VmallocTotal:   263061440 kB
VmallocUsed:      106168 kB
VmallocChunk:          0 kB
Percpu:             7552 kB
CmaTotal:         294912 kB
CmaFree:               0 kB
MemTotal:       12113132 kB
MemFree:         5304524 kB
MemAvailable:    7291824 kB
Buffers:            5260 kB
Cached:          2218256 kB
SwapCached:            0 kB
Active:          2325960 kB
Inactive:        1887252 kB
Active(anon):    1996148 kB
Inactive(anon):    24260 kB
Active(file):     329812 kB
Inactive(file):  1862992 kB
Unevictable:        5508 kB
Mlocked:            5508 kB
SwapTotal:       3145724 kB
SwapFree:        3145724 kB
Dirty:              5228 kB
Writeback:             0 kB
AnonPages:       1995240 kB
Mapped:           954724 kB
Shmem:             26256 kB
KReclaimable:     663200 kB
Slab:             228208 kB
SReclaimable:      80144 kB
SUnreclaim:       148064 kB
KernelStack:       49088 kB
PageTables:        69204 kB
NFS_Unstable:          0 kB
Bounce:                0 kB
WritebackTmp:          0 kB
CommitLimit:     9202288 kB
Committed_AS:   77278556 kB
VmallocTotal:   263061440 kB
VmallocUsed:      106184 kB
VmallocChunk:          0 kB
Percpu:             7552 kB
CmaTotal:         294912 kB
CmaFree:               0 kB
MemTotal:       12113132 kB
MemFree:         5305852 kB
MemAvailable:    7293296 kB
Buffers:            5260 kB
Cached:          2218368 kB
SwapCached:            0 kB
Active:          2326220 kB
Inactive:        1887364 kB
Active(anon):    1996408 kB
Inactive(anon):    24260 kB
Active(file):     329812 kB
Inactive(file):  1863104 kB
Unevictable:        5508 kB
Mlocked:            5508 kB
SwapTotal:       3145724 kB
SwapFree:        3145724 kB
Dirty:              5352 kB
Writeback:             0 kB
AnonPages:       1995536 kB
Mapped:           954968 kB
Shmem:             26256 kB
KReclaimable:     663232 kB
Slab:             228240 kB
SReclaimable:      80176 kB
SUnreclaim:       148064 kB
KernelStack:       49104 kB
PageTables:        69248 kB
NFS_Unstable:          0 kB
Bounce:                0 kB
WritebackTmp:          0 kB
CommitLimit:     9202288 kB
Committed_AS:   77278432 kB
VmallocTotal:   263061440 kB
VmallocUsed:      106168 kB
VmallocChunk:          0 kB
Percpu:             7552 kB
CmaTotal:         294912 kB
CmaFree:               0 kB
MemTotal:       12113132 kB
MemFree:         5306400 kB
MemAvailable:    7293828 kB
Buffers:            5260 kB
Cached:          2218384 kB
SwapCached:            0 kB
Active:          2326916 kB
Inactive:        1887380 kB
Active(anon):    1997104 kB
Inactive(anon):    24260 kB
Active(file):     329812 kB
Inactive(file):  1863120 kB
Unevictable:        5508 kB
Mlocked:            5508 kB
SwapTotal:       3145724 kB
SwapFree:        3145724 kB
Dirty:              5368 kB
Writeback:             0 kB
AnonPages:       1995996 kB
Mapped:           955016 kB
Shmem:             26256 kB
KReclaimable:     663200 kB
Slab:             228212 kB
SReclaimable:      80144 kB
SUnreclaim:       148068 kB
KernelStack:       49232 kB
PageTables:        69380 kB
NFS_Unstable:          0 kB
Bounce:                0 kB
WritebackTmp:          0 kB
CommitLimit:     9202288 kB
Committed_AS:   77278188 kB
VmallocTotal:   263061440 kB
VmallocUsed:      106232 kB
VmallocChunk:          0 kB
Percpu:             7552 kB
CmaTotal:         294912 kB
CmaFree:               0 kB
MemTotal:       12113132 kB
MemFree:         5307716 kB
MemAvailable:    7314128 kB
Buffers:            5260 kB
Cached:          2218416 kB
SwapCached:            0 kB
Active:          2326168 kB
Inactive:        1887412 kB
Active(anon):    1996356 kB
Inactive(anon):    24260 kB
Active(file):     329812 kB
Inactive(file):  1863152 kB
Unevictable:        5508 kB
Mlocked:            5508 kB
SwapTotal:       3145724 kB
SwapFree:        3145724 kB
Dirty:              5400 kB
Writeback:             0 kB
AnonPages:       1995488 kB
Mapped:           955332 kB
Shmem:             26256 kB
KReclaimable:     682152 kB
Slab:             228228 kB
SReclaimable:      80160 kB
SUnreclaim:       148068 kB
KernelStack:       48944 kB
PageTables:        69216 kB
NFS_Unstable:          0 kB
Bounce:                0 kB
WritebackTmp:          0 kB
CommitLimit:     9202288 kB
Committed_AS:   77288216 kB
VmallocTotal:   263061440 kB
VmallocUsed:      106024 kB
VmallocChunk:          0 kB
Percpu:             7552 kB
CmaTotal:         294912 kB
CmaFree:               0 kB
MemTotal:       12113132 kB
MemFree:         5307544 kB
MemAvailable:    7313952 kB
Buffers:            5260 kB
Cached:          2218432 kB
SwapCached:            0 kB
Active:          2325736 kB
Inactive:        1887428 kB
Active(anon):    1995924 kB
Inactive(anon):    24264 kB
Active(file):     329812 kB
Inactive(file):  1863164 kB
Unevictable:        5508 kB
Mlocked:            5508 kB
SwapTotal:       3145724 kB
SwapFree:        3145724 kB
Dirty:              5420 kB
Writeback:             0 kB
AnonPages:       1994880 kB
Mapped:           955356 kB
Shmem:             26260 kB
KReclaimable:     682136 kB
Slab:             228212 kB
SReclaimable:      80144 kB
SUnreclaim:       148068 kB
KernelStack:       48944 kB
PageTables:        69212 kB
NFS_Unstable:          0 kB
Bounce:                0 kB
WritebackTmp:          0 kB
CommitLimit:     9202288 kB
Committed_AS:   77288084 kB
VmallocTotal:   263061440 kB
VmallocUsed:      105992 kB
VmallocChunk:          0 kB
Percpu:             7552 kB
CmaTotal:         294912 kB
CmaFree:               0 kB
MemTotal:       12113132 kB
MemFree:         5306776 kB
MemAvailable:    7313216 kB
Buffers:            5260 kB
Cached:          2218468 kB
SwapCached:            0 kB
Active:          2327508 kB
Inactive:        1887460 kB
Active(anon):    1997692 kB
Inactive(anon):    24268 kB
Active(file):     329816 kB
Inactive(file):  1863192 kB
Unevictable:        5508 kB
Mlocked:            5508 kB
SwapTotal:       3145724 kB
SwapFree:        3145724 kB
Dirty:              5476 kB
Writeback:             0 kB
AnonPages:       1996764 kB
Mapped:           955816 kB
Shmem:             26264 kB
KReclaimable:     682136 kB
Slab:             228212 kB
SReclaimable:      80144 kB
SUnreclaim:       148068 kB
KernelStack:       48976 kB
PageTables:        69352 kB
NFS_Unstable:          0 kB
Bounce:                0 kB
WritebackTmp:          0 kB
CommitLimit:     9202288 kB
Committed_AS:   77277764 kB
VmallocTotal:   263061440 kB
VmallocUsed:      105976 kB
VmallocChunk:          0 kB
Percpu:             7552 kB
CmaTotal:         294912 kB
CmaFree:               0 kB
MemTotal:       12113132 kB
MemFree:         5306708 kB
MemAvailable:    7313184 kB
Buffers:            5260 kB
Cached:          2218484 kB
SwapCached:            0 kB
Active:          2327416 kB
Inactive:        1887476 kB
Active(anon):    1997600 kB
Inactive(anon):    24272 kB
Active(file):     329816 kB
Inactive(file):  1863204 kB
Unevictable:        5508 kB
Mlocked:            5508 kB
SwapTotal:       3145724 kB
SwapFree:        3145724 kB
Dirty:              5492 kB
Writeback:             0 kB
AnonPages:       1997000 kB
Mapped:           956384 kB
Shmem:             26268 kB
KReclaimable:     682160 kB
Slab:             228236 kB
SReclaimable:      80168 kB
SUnreclaim:       148068 kB
KernelStack:       48896 kB
PageTables:        69204 kB
NFS_Unstable:          0 kB
Bounce:                0 kB
WritebackTmp:          0 kB
CommitLimit:     9202288 kB
Committed_AS:   77282556 kB
VmallocTotal:   263061440 kB
VmallocUsed:      105960 kB
VmallocChunk:          0 kB
Percpu:             7552 kB
CmaTotal:         294912 kB
CmaFree:               0 kB
MemTotal:       12113132 kB
MemFree:         5306164 kB
MemAvailable:    7312676 kB
Buffers:            5264 kB
Cached:          2218528 kB
SwapCached:            0 kB
Active:          2328432 kB
Inactive:        1887520 kB
Active(anon):    1998612 kB
Inactive(anon):    24272 kB
Active(file):     329820 kB
Inactive(file):  1863248 kB
Unevictable:        5508 kB
Mlocked:            5508 kB
SwapTotal:       3145724 kB
SwapFree:        3145724 kB
Dirty:              5504 kB
Writeback:             0 kB
AnonPages:       1997696 kB
Mapped:           957252 kB
Shmem:             26268 kB
KReclaimable:     682148 kB
Slab:             228224 kB
SReclaimable:      80156 kB
SUnreclaim:       148068 kB
KernelStack:       48912 kB
PageTables:        69184 kB
NFS_Unstable:          0 kB
Bounce:                0 kB
WritebackTmp:          0 kB
CommitLimit:     9202288 kB
Committed_AS:   77277156 kB
VmallocTotal:   263061440 kB
VmallocUsed:      105960 kB
VmallocChunk:          0 kB
Percpu:             7552 kB
CmaTotal:         294912 kB
CmaFree:               0 kB
MemTotal:       12113132 kB
MemFree:         5310720 kB
MemAvailable:    7317240 kB
Buffers:            5264 kB
Cached:          2218552 kB
SwapCached:            0 kB
Active:          2322100 kB
Inactive:        1887540 kB
Active(anon):    1992276 kB
Inactive(anon):    24288 kB
Active(file):     329824 kB
Inactive(file):  1863252 kB
Unevictable:        5508 kB
Mlocked:            5508 kB
SwapTotal:       3145724 kB
SwapFree:        3145724 kB
Dirty:              5512 kB
Writeback:             0 kB
AnonPages:       1991344 kB
Mapped:           957292 kB
Shmem:             26284 kB
KReclaimable:     682148 kB
Slab:             228232 kB
SReclaimable:      80156 kB
SUnreclaim:       148076 kB
KernelStack:       48928 kB
PageTables:        69200 kB
NFS_Unstable:          0 kB
Bounce:                0 kB
WritebackTmp:          0 kB
CommitLimit:     9202288 kB
Committed_AS:   77281168 kB
VmallocTotal:   263061440 kB
VmallocUsed:      105976 kB
VmallocChunk:          0 kB
Percpu:             7552 kB
CmaTotal:         294912 kB
CmaFree:               0 kB
MemTotal:       12113132 kB
MemFree:         5332712 kB
MemAvailable:    7339532 kB
Buffers:            5264 kB
Cached:          2218964 kB
SwapCached:            0 kB
Active:          2300004 kB
Inactive:        1887824 kB
Active(anon):    1970180 kB
Inactive(anon):    24288 kB
Active(file):     329824 kB
Inactive(file):  1863536 kB
Unevictable:        5508 kB
Mlocked:            5508 kB
SwapTotal:       3145724 kB
SwapFree:        3145724 kB
Dirty:              5536 kB
Writeback:             0 kB
AnonPages:       1968936 kB
Mapped:           957456 kB
Shmem:             26284 kB
KReclaimable:     682164 kB
Slab:             228248 kB
SReclaimable:      80172 kB
SUnreclaim:       148076 kB
KernelStack:       48896 kB
PageTables:        69148 kB
NFS_Unstable:          0 kB
Bounce:                0 kB
WritebackTmp:          0 kB
CommitLimit:     9202288 kB
Committed_AS:   77268396 kB
VmallocTotal:   263061440 kB
VmallocUsed:      105944 kB
VmallocChunk:          0 kB
Percpu:             7552 kB
CmaTotal:         294912 kB
CmaFree:               0 kB
MemTotal:       12113132 kB
MemFree:         5324816 kB
MemAvailable:    7342516 kB
Buffers:            5264 kB
Cached:          2229868 kB
SwapCached:            0 kB
Active:          2297784 kB
Inactive:        1898024 kB
Active(anon):    1967280 kB
Inactive(anon):    24272 kB
Active(file):     330504 kB
Inactive(file):  1873752 kB
Unevictable:        5508 kB
Mlocked:            5508 kB
SwapTotal:       3145724 kB
SwapFree:        3145724 kB
Dirty:              5564 kB
Writeback:             0 kB
AnonPages:       1966404 kB
Mapped:           957356 kB
Shmem:             26268 kB
KReclaimable:     682148 kB
Slab:             227920 kB
SReclaimable:      80156 kB
SUnreclaim:       147764 kB
KernelStack:       48672 kB
PageTables:        68612 kB
NFS_Unstable:          0 kB
Bounce:                0 kB
WritebackTmp:          0 kB
CommitLimit:     9202288 kB
Committed_AS:   75946300 kB
VmallocTotal:   263061440 kB
VmallocUsed:      105672 kB
VmallocChunk:          0 kB
Percpu:             7552 kB
CmaTotal:         294912 kB
CmaFree:               0 kB
MemTotal:       12113132 kB
MemFree:         5324728 kB
MemAvailable:    7343964 kB
Buffers:            5264 kB
Cached:          2231256 kB
SwapCached:            0 kB
Active:          2297480 kB
Inactive:        1899540 kB
Active(anon):    1966952 kB
Inactive(anon):    24276 kB
Active(file):     330528 kB
Inactive(file):  1875264 kB
Unevictable:        5508 kB
Mlocked:            5508 kB
SwapTotal:       3145724 kB
SwapFree:        3145724 kB
Dirty:               908 kB
Writeback:             0 kB
AnonPages:       1966316 kB
Mapped:           957472 kB
Shmem:             26272 kB
KReclaimable:     682148 kB
Slab:             227780 kB
SReclaimable:      80156 kB
SUnreclaim:       147624 kB
KernelStack:       48576 kB
PageTables:        68524 kB
NFS_Unstable:          0 kB
Bounce:                0 kB
WritebackTmp:          0 kB
CommitLimit:     9202288 kB
Committed_AS:   75950156 kB
VmallocTotal:   263061440 kB
VmallocUsed:      105616 kB
VmallocChunk:          0 kB
Percpu:             7552 kB
CmaTotal:         294912 kB
CmaFree:               0 kB
MemTotal:       12113132 kB
MemFree:         5324908 kB
MemAvailable:    7344176 kB
Buffers:            5264 kB
Cached:          2231284 kB
SwapCached:            0 kB
Active:          2298476 kB
Inactive:        1899568 kB
Active(anon):    1967948 kB
Inactive(anon):    24276 kB
Active(file):     330528 kB
Inactive(file):  1875292 kB
Unevictable:        5508 kB
Mlocked:            5508 kB
SwapTotal:       3145724 kB
SwapFree:        3145724 kB
Dirty:               780 kB
Writeback:             0 kB
AnonPages:       1967116 kB
Mapped:           957480 kB
Shmem:             26272 kB
KReclaimable:     682152 kB
Slab:             227784 kB
SReclaimable:      80160 kB
SUnreclaim:       147624 kB
KernelStack:       48576 kB
PageTables:        68524 kB
NFS_Unstable:          0 kB
Bounce:                0 kB
WritebackTmp:          0 kB
CommitLimit:     9202288 kB
Committed_AS:   75961080 kB
VmallocTotal:   263061440 kB
VmallocUsed:      105616 kB
VmallocChunk:          0 kB
Percpu:             7552 kB
CmaTotal:         294912 kB
CmaFree:               0 kB
MemTotal:       12113132 kB
MemFree:         5323404 kB
MemAvailable:    7342680 kB
Buffers:            5264 kB
Cached:          2231292 kB
SwapCached:            0 kB
Active:          2299140 kB
Inactive:        1899576 kB
Active(anon):    1968612 kB
Inactive(anon):    24276 kB
Active(file):     330528 kB
Inactive(file):  1875300 kB
Unevictable:        5508 kB
Mlocked:            5508 kB
SwapTotal:       3145724 kB
SwapFree:        3145724 kB
Dirty:               840 kB
Writeback:             0 kB
AnonPages:       1967500 kB
Mapped:           957496 kB
Shmem:             26272 kB
KReclaimable:     682152 kB
Slab:             227784 kB
SReclaimable:      80160 kB
SUnreclaim:       147624 kB
KernelStack:       48576 kB
PageTables:        68524 kB
NFS_Unstable:          0 kB
Bounce:                0 kB
WritebackTmp:          0 kB
CommitLimit:     9202288 kB
Committed_AS:   75963448 kB
VmallocTotal:   263061440 kB
VmallocUsed:      105648 kB
VmallocChunk:          0 kB
Percpu:             7552 kB
CmaTotal:         294912 kB
CmaFree:               0 kB
MemTotal:       12113132 kB
MemFree:         5339156 kB
MemAvailable:    7358440 kB
Buffers:            5264 kB
Cached:          2231192 kB
SwapCached:            0 kB
Active:          2283660 kB
Inactive:        1899476 kB
Active(anon):    1953132 kB
Inactive(anon):    24168 kB
Active(file):     330528 kB
Inactive(file):  1875308 kB
Unevictable:        5508 kB
Mlocked:            5508 kB
SwapTotal:       3145724 kB
SwapFree:        3145724 kB
Dirty:               852 kB
Writeback:             0 kB
AnonPages:       1952380 kB
Mapped:           957708 kB
Shmem:             26164 kB
KReclaimable:     682152 kB
Slab:             227792 kB
SReclaimable:      80160 kB
SUnreclaim:       147632 kB
KernelStack:       48576 kB
PageTables:        68552 kB
NFS_Unstable:          0 kB
Bounce:                0 kB
WritebackTmp:          0 kB
CommitLimit:     9202288 kB
Committed_AS:   75954608 kB
VmallocTotal:   263061440 kB
VmallocUsed:      105616 kB
VmallocChunk:          0 kB
Percpu:             7552 kB
CmaTotal:         294912 kB
CmaFree:               0 kB
MemTotal:       12113132 kB
MemFree:         5309656 kB
MemAvailable:    7328960 kB
Buffers:            5264 kB
Cached:          2230928 kB
SwapCached:            0 kB
Active:          2314496 kB
Inactive:        1899212 kB
Active(anon):    1983968 kB
Inactive(anon):    23884 kB
Active(file):     330528 kB
Inactive(file):  1875328 kB
Unevictable:        5508 kB
Mlocked:            5508 kB
SwapTotal:       3145724 kB
SwapFree:        3145724 kB
Dirty:               940 kB
Writeback:             0 kB
AnonPages:       1981308 kB
Mapped:           957512 kB
Shmem:             25880 kB
KReclaimable:     682152 kB
Slab:             227792 kB
SReclaimable:      80160 kB
SUnreclaim:       147632 kB
KernelStack:       48576 kB
PageTables:        68524 kB
NFS_Unstable:          0 kB
Bounce:                0 kB
WritebackTmp:          0 kB
CommitLimit:     9202288 kB
Committed_AS:   75954500 kB
VmallocTotal:   263061440 kB
VmallocUsed:      105600 kB
VmallocChunk:          0 kB
Percpu:             7552 kB
CmaTotal:         294912 kB
CmaFree:              76 kB
MemTotal:       12113132 kB
MemFree:         5314240 kB
MemAvailable:    7333548 kB
Buffers:            5268 kB
Cached:          2231236 kB
SwapCached:            0 kB
Active:          2306772 kB
Inactive:        1899520 kB
Active(anon):    1976240 kB
Inactive(anon):    24176 kB
Active(file):     330532 kB
Inactive(file):  1875344 kB
Unevictable:        5508 kB
Mlocked:            5508 kB
SwapTotal:       3145724 kB
SwapFree:        3145724 kB
Dirty:               904 kB
Writeback:             0 kB
AnonPages:       1975504 kB
Mapped:           957988 kB
Shmem:             26172 kB
KReclaimable:     682136 kB
Slab:             227424 kB
SReclaimable:      80144 kB
SUnreclaim:       147280 kB
KernelStack:       48576 kB
PageTables:        68544 kB
NFS_Unstable:          0 kB
Bounce:                0 kB
WritebackTmp:          0 kB
CommitLimit:     9202288 kB
Committed_AS:   75961196 kB
VmallocTotal:   263061440 kB
VmallocUsed:      105584 kB
VmallocChunk:          0 kB
Percpu:             7552 kB
CmaTotal:         294912 kB
CmaFree:               0 kB
MemTotal:       12113132 kB
MemFree:         5313488 kB
MemAvailable:    7332804 kB
Buffers:            5268 kB
Cached:          2231248 kB
SwapCached:            0 kB
Active:          2307404 kB
Inactive:        1899532 kB
Active(anon):    1976872 kB
Inactive(anon):    24180 kB
Active(file):     330532 kB
Inactive(file):  1875352 kB
Unevictable:        5508 kB
Mlocked:            5508 kB
SwapTotal:       3145724 kB
SwapFree:        3145724 kB
Dirty:               956 kB
Writeback:             0 kB
AnonPages:       1976032 kB
Mapped:           958156 kB
Shmem:             26176 kB
KReclaimable:     682136 kB
Slab:             227708 kB
SReclaimable:      80144 kB
SUnreclaim:       147564 kB
KernelStack:       48576 kB
PageTables:        68536 kB
NFS_Unstable:          0 kB
Bounce:                0 kB
WritebackTmp:          0 kB
CommitLimit:     9202288 kB
Committed_AS:   75958756 kB
VmallocTotal:   263061440 kB
VmallocUsed:      105616 kB
VmallocChunk:          0 kB
Percpu:             7552 kB
CmaTotal:         294912 kB
CmaFree:               0 kB
MemTotal:       12113132 kB
MemFree:         5305164 kB
MemAvailable:    7324500 kB
Buffers:            5268 kB
Cached:          2231256 kB
SwapCached:            0 kB
Active:          2315608 kB
Inactive:        1899540 kB
Active(anon):    1985076 kB
Inactive(anon):    24168 kB
Active(file):     330532 kB
Inactive(file):  1875372 kB
Unevictable:        5508 kB
Mlocked:            5508 kB
SwapTotal:       3145724 kB
SwapFree:        3145724 kB
Dirty:               984 kB
Writeback:             0 kB
AnonPages:       1983760 kB
Mapped:           958156 kB
Shmem:             26164 kB
KReclaimable:     682136 kB
Slab:             227708 kB
SReclaimable:      80144 kB
SUnreclaim:       147564 kB
KernelStack:       48640 kB
PageTables:        68620 kB
NFS_Unstable:          0 kB
Bounce:                0 kB
WritebackTmp:          0 kB
CommitLimit:     9202288 kB
Committed_AS:   75963808 kB
VmallocTotal:   263061440 kB
VmallocUsed:      105632 kB
VmallocChunk:          0 kB
Percpu:             7552 kB
CmaTotal:         294912 kB
CmaFree:               0 kB
MemTotal:       12113132 kB
MemFree:         5270472 kB
MemAvailable:    7270448 kB
Buffers:            5268 kB
Cached:          2235196 kB
SwapCached:            0 kB
Active:          2366816 kB
Inactive:        1884760 kB
Active(anon):    2017560 kB
Inactive(anon):    23736 kB
Active(file):     349256 kB
Inactive(file):  1861024 kB
Unevictable:        5508 kB
Mlocked:            5508 kB
SwapTotal:       3145724 kB
SwapFree:        3145724 kB
Dirty:              1036 kB
Writeback:             0 kB
AnonPages:       2016760 kB
Mapped:           956376 kB
Shmem:             25732 kB
KReclaimable:     658400 kB
Slab:             227664 kB
SReclaimable:      80160 kB
SUnreclaim:       147504 kB
KernelStack:       48592 kB
PageTables:        68600 kB
NFS_Unstable:          0 kB
Bounce:                0 kB
WritebackTmp:          0 kB
CommitLimit:     9202288 kB
Committed_AS:   75987436 kB
VmallocTotal:   263061440 kB
VmallocUsed:      105632 kB
VmallocChunk:          0 kB
Percpu:             7552 kB
CmaTotal:         294912 kB
CmaFree:               0 kB
MemTotal:       12113132 kB
MemFree:         5212664 kB
MemAvailable:    7131316 kB
Buffers:            5268 kB
Cached:          2235348 kB
SwapCached:            0 kB
Active:          2396820 kB
Inactive:        1884880 kB
Active(anon):    2047536 kB
Inactive(anon):    23744 kB
Active(file):     349284 kB
Inactive(file):  1861136 kB
Unevictable:        5508 kB
Mlocked:            5508 kB
SwapTotal:       3145724 kB
SwapFree:        3145724 kB
Dirty:              1184 kB
Writeback:             0 kB
AnonPages:       2046672 kB
Mapped:           956328 kB
Shmem:             25740 kB
KReclaimable:     576936 kB
Slab:             227760 kB
SReclaimable:      80160 kB
SUnreclaim:       147600 kB
KernelStack:       48672 kB
PageTables:        69084 kB
NFS_Unstable:          0 kB
Bounce:                0 kB
WritebackTmp:          0 kB
CommitLimit:     9202288 kB
Committed_AS:   76014688 kB
VmallocTotal:   263061440 kB
VmallocUsed:      105632 kB
VmallocChunk:          0 kB
Percpu:             7552 kB
CmaTotal:         294912 kB
CmaFree:               0 kB
MemTotal:       12113132 kB
MemFree:         5203036 kB
MemAvailable:    7242568 kB
Buffers:            5268 kB
Cached:          2235456 kB
SwapCached:            0 kB
Active:          2395416 kB
Inactive:        1884964 kB
Active(anon):    2046108 kB
Inactive(anon):    23744 kB
Active(file):     349308 kB
Inactive(file):  1861220 kB
Unevictable:        5508 kB
Mlocked:            5508 kB
SwapTotal:       3145724 kB
SwapFree:        3145724 kB
Dirty:              1296 kB
Writeback:             0 kB
AnonPages:       2045200 kB
Mapped:           956364 kB
Shmem:             25740 kB
KReclaimable:     697708 kB
Slab:             227720 kB
SReclaimable:      80176 kB
SUnreclaim:       147544 kB
KernelStack:       48640 kB
PageTables:        68672 kB
NFS_Unstable:          0 kB
Bounce:                0 kB
WritebackTmp:          0 kB
CommitLimit:     9202288 kB
Committed_AS:   76004868 kB
VmallocTotal:   263061440 kB
VmallocUsed:      105648 kB
VmallocChunk:          0 kB
Percpu:             7552 kB
CmaTotal:         294912 kB
CmaFree:               0 kB
MemTotal:       12113132 kB
MemFree:         5217380 kB
MemAvailable:    7254844 kB
Buffers:            5268 kB
Cached:          2235472 kB
SwapCached:            0 kB
Active:          2381056 kB
Inactive:        1884980 kB
Active(anon):    2031748 kB
Inactive(anon):    23744 kB
Active(file):     349308 kB
Inactive(file):  1861236 kB
Unevictable:        5508 kB
Mlocked:            5508 kB
SwapTotal:       3145724 kB
SwapFree:        3145724 kB
Dirty:              1324 kB
Writeback:             0 kB
AnonPages:       2030664 kB
Mapped:           956640 kB
Shmem:             25740 kB
KReclaimable:     695624 kB
Slab:             227720 kB
SReclaimable:      80176 kB
SUnreclaim:       147544 kB
KernelStack:       48560 kB
PageTables:        68544 kB
NFS_Unstable:          0 kB
Bounce:                0 kB
WritebackTmp:          0 kB
CommitLimit:     9202288 kB
Committed_AS:   76006572 kB
VmallocTotal:   263061440 kB
VmallocUsed:      105648 kB
VmallocChunk:          0 kB
Percpu:             7552 kB
CmaTotal:         294912 kB
CmaFree:            1464 kB
MemTotal:       12113132 kB
MemFree:         5218392 kB
MemAvailable:    7255880 kB
Buffers:            5268 kB
Cached:          2235492 kB
SwapCached:            0 kB
Active:          2379860 kB
Inactive:        1885000 kB
Active(anon):    2030552 kB
Inactive(anon):    23744 kB
Active(file):     349308 kB
Inactive(file):  1861256 kB
Unevictable:        5508 kB
Mlocked:            5508 kB
SwapTotal:       3145724 kB
SwapFree:        3145724 kB
Dirty:              1348 kB
Writeback:             0 kB
AnonPages:       2029668 kB
Mapped:           956648 kB
Shmem:             25740 kB
KReclaimable:     695628 kB
Slab:             227724 kB
SReclaimable:      80180 kB
SUnreclaim:       147544 kB
KernelStack:       48560 kB
PageTables:        68560 kB
NFS_Unstable:          0 kB
Bounce:                0 kB
WritebackTmp:          0 kB
CommitLimit:     9202288 kB
Committed_AS:   76001160 kB
VmallocTotal:   263061440 kB
VmallocUsed:      105632 kB
VmallocChunk:          0 kB
Percpu:             7552 kB
CmaTotal:         294912 kB
CmaFree:             780 kB
MemTotal:       12113132 kB
MemFree:         5217996 kB
MemAvailable:    7255744 kB
Buffers:            5268 kB
Cached:          2235752 kB
SwapCached:            0 kB
Active:          2380404 kB
Inactive:        1885260 kB
Active(anon):    2031096 kB
Inactive(anon):    23744 kB
Active(file):     349308 kB
Inactive(file):  1861516 kB
Unevictable:        5508 kB
Mlocked:            5508 kB
SwapTotal:       3145724 kB
SwapFree:        3145724 kB
Dirty:              2824 kB
Writeback:             0 kB
AnonPages:       2030176 kB
Mapped:           956660 kB
Shmem:             25740 kB
KReclaimable:     695628 kB
Slab:             227724 kB
SReclaimable:      80180 kB
SUnreclaim:       147544 kB
KernelStack:       48576 kB
PageTables:        68656 kB
NFS_Unstable:          0 kB
Bounce:                0 kB
WritebackTmp:          0 kB
CommitLimit:     9202288 kB
Committed_AS:   75997980 kB
VmallocTotal:   263061440 kB
VmallocUsed:      105568 kB
VmallocChunk:          0 kB
Percpu:             7552 kB
CmaTotal:         294912 kB
CmaFree:             396 kB
MemTotal:       12113132 kB
MemFree:         5218088 kB
MemAvailable:    7255864 kB
Buffers:            5272 kB
Cached:          2235784 kB
SwapCached:            0 kB
Active:          2380696 kB
Inactive:        1885292 kB
Active(anon):    2031384 kB
Inactive(anon):    23744 kB
Active(file):     349312 kB
Inactive(file):  1861548 kB
Unevictable:        5508 kB
Mlocked:            5508 kB
SwapTotal:       3145724 kB
SwapFree:        3145724 kB
Dirty:              2844 kB
Writeback:             0 kB
AnonPages:       2030484 kB
Mapped:           956680 kB
Shmem:             25740 kB
KReclaimable:     695620 kB
Slab:             227724 kB
SReclaimable:      80180 kB
SUnreclaim:       147544 kB
KernelStack:       48528 kB
PageTables:        68552 kB
NFS_Unstable:          0 kB
Bounce:                0 kB
WritebackTmp:          0 kB
CommitLimit:     9202288 kB
Committed_AS:   75996736 kB
VmallocTotal:   263061440 kB
VmallocUsed:      105552 kB
VmallocChunk:          0 kB
Percpu:             7552 kB
CmaTotal:         294912 kB
CmaFree:             256 kB
MemTotal:       12113132 kB
MemFree:         5218204 kB
MemAvailable:    7255992 kB
Buffers:            5272 kB
Cached:          2235796 kB
SwapCached:            0 kB
Active:          2380884 kB
Inactive:        1885304 kB
Active(anon):    2031572 kB
Inactive(anon):    23744 kB
Active(file):     349312 kB
Inactive(file):  1861560 kB
Unevictable:        5508 kB
Mlocked:            5508 kB
SwapTotal:       3145724 kB
SwapFree:        3145724 kB
Dirty:              2868 kB
Writeback:             0 kB
AnonPages:       2030820 kB
Mapped:           956692 kB
Shmem:             25740 kB
KReclaimable:     695620 kB
Slab:             227724 kB
SReclaimable:      80180 kB
SUnreclaim:       147544 kB
KernelStack:       48544 kB
PageTables:        68700 kB
NFS_Unstable:          0 kB
Bounce:                0 kB
WritebackTmp:          0 kB
CommitLimit:     9202288 kB
Committed_AS:   76001736 kB
VmallocTotal:   263061440 kB
VmallocUsed:      105584 kB
VmallocChunk:          0 kB
Percpu:             7552 kB
CmaTotal:         294912 kB
CmaFree:             132 kB
MemTotal:       12113132 kB
MemFree:         5219404 kB
MemAvailable:    7257216 kB
Buffers:            5272 kB
Cached:          2235816 kB
SwapCached:            0 kB
Active:          2380988 kB
Inactive:        1885320 kB
Active(anon):    2031672 kB
Inactive(anon):    23744 kB
Active(file):     349316 kB
Inactive(file):  1861576 kB
Unevictable:        5508 kB
Mlocked:            5508 kB
SwapTotal:       3145724 kB
SwapFree:        3145724 kB
Dirty:               836 kB
Writeback:             0 kB
AnonPages:       2030728 kB
Mapped:           956700 kB
Shmem:             25740 kB
KReclaimable:     695624 kB
Slab:             227728 kB
SReclaimable:      80184 kB
SUnreclaim:       147544 kB
KernelStack:       48544 kB
PageTables:        68656 kB
NFS_Unstable:          0 kB
Bounce:                0 kB
WritebackTmp:          0 kB
CommitLimit:     9202288 kB
Committed_AS:   76001304 kB
VmallocTotal:   263061440 kB
VmallocUsed:      105568 kB
VmallocChunk:          0 kB
Percpu:             7552 kB
CmaTotal:         294912 kB
CmaFree:             124 kB
MemTotal:       12113132 kB
MemFree:         5220248 kB
MemAvailable:    7258076 kB
Buffers:            5272 kB
Cached:          2235832 kB
SwapCached:            0 kB
Active:          2380836 kB
Inactive:        1885336 kB
Active(anon):    2031520 kB
Inactive(anon):    23744 kB
Active(file):     349316 kB
Inactive(file):  1861592 kB
Unevictable:        5508 kB
Mlocked:            5508 kB
SwapTotal:       3145724 kB
SwapFree:        3145724 kB
Dirty:               900 kB
Writeback:             0 kB
AnonPages:       2030596 kB
Mapped:           956712 kB
Shmem:             25740 kB
KReclaimable:     695624 kB
Slab:             227728 kB
SReclaimable:      80184 kB
SUnreclaim:       147544 kB
KernelStack:       48352 kB
PageTables:        68552 kB
NFS_Unstable:          0 kB
Bounce:                0 kB
WritebackTmp:          0 kB
CommitLimit:     9202288 kB
Committed_AS:   76000948 kB
VmallocTotal:   263061440 kB
VmallocUsed:      105456 kB
VmallocChunk:          0 kB
Percpu:             7552 kB
CmaTotal:         294912 kB
CmaFree:             256 kB
MemTotal:       12113132 kB
MemFree:         5219928 kB
MemAvailable:    7257760 kB
Buffers:            5272 kB
Cached:          2235836 kB
SwapCached:            0 kB
Active:          2381164 kB
Inactive:        1885340 kB
Active(anon):    2031848 kB
Inactive(anon):    23744 kB
Active(file):     349316 kB
Inactive(file):  1861596 kB
Unevictable:        5508 kB
Mlocked:            5508 kB
SwapTotal:       3145724 kB
SwapFree:        3145724 kB
Dirty:               932 kB
Writeback:             0 kB
AnonPages:       2031040 kB
Mapped:           956728 kB
Shmem:             25740 kB
KReclaimable:     695624 kB
Slab:             227728 kB
SReclaimable:      80184 kB
SUnreclaim:       147544 kB
KernelStack:       48336 kB
PageTables:        68612 kB
NFS_Unstable:          0 kB
Bounce:                0 kB
WritebackTmp:          0 kB
CommitLimit:     9202288 kB
Committed_AS:   76000932 kB
VmallocTotal:   263061440 kB
VmallocUsed:      105376 kB
VmallocChunk:          0 kB
Percpu:             7552 kB
CmaTotal:         294912 kB
CmaFree:               0 kB
MemTotal:       12113132 kB
MemFree:         5221204 kB
MemAvailable:    7259056 kB
Buffers:            5272 kB
Cached:          2235856 kB
SwapCached:            0 kB
Active:          2380712 kB
Inactive:        1885360 kB
Active(anon):    2031396 kB
Inactive(anon):    23744 kB
Active(file):     349316 kB
Inactive(file):  1861616 kB
Unevictable:        5508 kB
Mlocked:            5508 kB
SwapTotal:       3145724 kB
SwapFree:        3145724 kB
Dirty:               952 kB
Writeback:             0 kB
AnonPages:       2030352 kB
Mapped:           956728 kB
Shmem:             25740 kB
KReclaimable:     695624 kB
Slab:             227728 kB
SReclaimable:      80184 kB
SUnreclaim:       147544 kB
KernelStack:       48336 kB
PageTables:        68536 kB
NFS_Unstable:          0 kB
Bounce:                0 kB
WritebackTmp:          0 kB
CommitLimit:     9202288 kB
Committed_AS:   76005896 kB
VmallocTotal:   263061440 kB
VmallocUsed:      105408 kB
VmallocChunk:          0 kB
Percpu:             7552 kB
CmaTotal:         294912 kB
CmaFree:             280 kB
MemTotal:       12113132 kB
MemFree:         5220748 kB
MemAvailable:    7258612 kB
Buffers:            5272 kB
Cached:          2235876 kB
SwapCached:            0 kB
Active:          2381796 kB
Inactive:        1885380 kB
Active(anon):    2032480 kB
Inactive(anon):    23752 kB
Active(file):     349316 kB
Inactive(file):  1861628 kB
Unevictable:        5508 kB
Mlocked:            5508 kB
SwapTotal:       3145724 kB
SwapFree:        3145724 kB
Dirty:               944 kB
Writeback:             0 kB
AnonPages:       2031420 kB
Mapped:           956736 kB
Shmem:             25748 kB
KReclaimable:     695624 kB
Slab:             227728 kB
SReclaimable:      80184 kB
SUnreclaim:       147544 kB
KernelStack:       48372 kB
PageTables:        68436 kB
NFS_Unstable:          0 kB
Bounce:                0 kB
WritebackTmp:          0 kB
CommitLimit:     9202288 kB
Committed_AS:   76005536 kB
VmallocTotal:   263061440 kB
VmallocUsed:      105376 kB
VmallocChunk:          0 kB
Percpu:             7552 kB
CmaTotal:         294912 kB
CmaFree:               0 kB
MemTotal:       12113132 kB
MemFree:         5241728 kB
MemAvailable:    7279600 kB
Buffers:            5272 kB
Cached:          2235888 kB
SwapCached:            0 kB
Active:          2358856 kB
Inactive:        1885392 kB
Active(anon):    2009540 kB
Inactive(anon):    23756 kB
Active(file):     349316 kB
Inactive(file):  1861636 kB
Unevictable:        5508 kB
Mlocked:            5508 kB
SwapTotal:       3145724 kB
SwapFree:        3145724 kB
Dirty:               952 kB
Writeback:             0 kB
AnonPages:       2008928 kB
Mapped:           956740 kB
Shmem:             25752 kB
KReclaimable:     695624 kB
Slab:             227728 kB
SReclaimable:      80184 kB
SUnreclaim:       147544 kB
KernelStack:       48304 kB
PageTables:        68508 kB
NFS_Unstable:          0 kB
Bounce:                0 kB
WritebackTmp:          0 kB
CommitLimit:     9202288 kB
Committed_AS:   76000804 kB
VmallocTotal:   263061440 kB
VmallocUsed:      105344 kB
VmallocChunk:          0 kB
Percpu:             7552 kB
CmaTotal:         294912 kB
CmaFree:              84 kB
MemTotal:       12113132 kB
MemFree:         5242000 kB
MemAvailable:    7279892 kB
Buffers:            5272 kB
Cached:          2235908 kB
SwapCached:            0 kB
Active:          2359112 kB
Inactive:        1885412 kB
Active(anon):    2009796 kB
Inactive(anon):    23756 kB
Active(file):     349316 kB
Inactive(file):  1861656 kB
Unevictable:        5508 kB
Mlocked:            5508 kB
SwapTotal:       3145724 kB
SwapFree:        3145724 kB
Dirty:               976 kB
Writeback:             0 kB
AnonPages:       2008824 kB
Mapped:           956740 kB
Shmem:             25752 kB
KReclaimable:     695624 kB
Slab:             227728 kB
SReclaimable:      80184 kB
SUnreclaim:       147544 kB
KernelStack:       48288 kB
PageTables:        68544 kB
NFS_Unstable:          0 kB
Bounce:                0 kB
WritebackTmp:          0 kB
CommitLimit:     9202288 kB
Committed_AS:   76005740 kB
VmallocTotal:   263061440 kB
VmallocUsed:      105328 kB
VmallocChunk:          0 kB
Percpu:             7552 kB
CmaTotal:         294912 kB
CmaFree:               0 kB
MemTotal:       12113132 kB
MemFree:         5242072 kB
MemAvailable:    7279976 kB
Buffers:            5272 kB
Cached:          2235944 kB
SwapCached:            0 kB
Active:          2359876 kB
Inactive:        1885448 kB
Active(anon):    2010560 kB
Inactive(anon):    23780 kB
Active(file):     349316 kB
Inactive(file):  1861668 kB
Unevictable:        5508 kB
Mlocked:            5508 kB
SwapTotal:       3145724 kB
SwapFree:        3145724 kB
Dirty:               984 kB
Writeback:             0 kB
AnonPages:       2009424 kB
Mapped:           956764 kB
Shmem:             25776 kB
KReclaimable:     695624 kB
Slab:             227728 kB
SReclaimable:      80184 kB
SUnreclaim:       147544 kB
KernelStack:       48288 kB
PageTables:        68544 kB
NFS_Unstable:          0 kB
Bounce:                0 kB
WritebackTmp:          0 kB
CommitLimit:     9202288 kB
Committed_AS:   76004984 kB
VmallocTotal:   263061440 kB
VmallocUsed:      105344 kB
VmallocChunk:          0 kB
Percpu:             7552 kB
CmaTotal:         294912 kB
CmaFree:               0 kB
MemTotal:       12113132 kB
MemFree:         5242664 kB
MemAvailable:    7280592 kB
Buffers:            5272 kB
Cached:          2235968 kB
SwapCached:            0 kB
Active:          2360044 kB
Inactive:        1885468 kB
Active(anon):    2010724 kB
Inactive(anon):    23780 kB
Active(file):     349320 kB
Inactive(file):  1861688 kB
Unevictable:        5508 kB
Mlocked:            5508 kB
SwapTotal:       3145724 kB
SwapFree:        3145724 kB
Dirty:              1060 kB
Writeback:             0 kB
AnonPages:       2009860 kB
Mapped:           956764 kB
Shmem:             25776 kB
KReclaimable:     695624 kB
Slab:             227728 kB
SReclaimable:      80184 kB
SUnreclaim:       147544 kB
KernelStack:       48288 kB
PageTables:        68552 kB
NFS_Unstable:          0 kB
Bounce:                0 kB
WritebackTmp:          0 kB
CommitLimit:     9202288 kB
Committed_AS:   76006328 kB
VmallocTotal:   263061440 kB
VmallocUsed:      105328 kB
VmallocChunk:          0 kB
Percpu:             7552 kB
CmaTotal:         294912 kB
CmaFree:               0 kB
MemTotal:       12113132 kB
MemFree:         5242324 kB
MemAvailable:    7280260 kB
Buffers:            5272 kB
Cached:          2235976 kB
SwapCached:            0 kB
Active:          2360072 kB
Inactive:        1885476 kB
Active(anon):    2010752 kB
Inactive(anon):    23780 kB
Active(file):     349320 kB
Inactive(file):  1861696 kB
Unevictable:        5508 kB
Mlocked:            5508 kB
SwapTotal:       3145724 kB
SwapFree:        3145724 kB
Dirty:              1068 kB
Writeback:             0 kB
AnonPages:       2009848 kB
Mapped:           956764 kB
Shmem:             25776 kB
KReclaimable:     695624 kB
Slab:             227728 kB
SReclaimable:      80184 kB
SUnreclaim:       147544 kB
KernelStack:       48288 kB
PageTables:        68544 kB
NFS_Unstable:          0 kB
Bounce:                0 kB
WritebackTmp:          0 kB
CommitLimit:     9202288 kB
Committed_AS:   76005816 kB
VmallocTotal:   263061440 kB
VmallocUsed:      105312 kB
VmallocChunk:          0 kB
Percpu:             7552 kB
CmaTotal:         294912 kB
CmaFree:               0 kB
MemTotal:       12113132 kB
MemFree:         5242188 kB
MemAvailable:    7280136 kB
Buffers:            5272 kB
Cached:          2235988 kB
SwapCached:            0 kB
Active:          2360444 kB
Inactive:        1885488 kB
Active(anon):    2011124 kB
Inactive(anon):    23780 kB
Active(file):     349320 kB
Inactive(file):  1861708 kB
Unevictable:        5508 kB
Mlocked:            5508 kB
SwapTotal:       3145724 kB
SwapFree:        3145724 kB
Dirty:              1092 kB
Writeback:             0 kB
AnonPages:       2010220 kB
Mapped:           956764 kB
Shmem:             25776 kB
KReclaimable:     695624 kB
Slab:             227728 kB
SReclaimable:      80184 kB
SUnreclaim:       147544 kB
KernelStack:       48288 kB
PageTables:        68548 kB
NFS_Unstable:          0 kB
Bounce:                0 kB
WritebackTmp:          0 kB
CommitLimit:     9202288 kB
Committed_AS:   76003608 kB
VmallocTotal:   263061440 kB
VmallocUsed:      105312 kB
VmallocChunk:          0 kB
Percpu:             7552 kB
CmaTotal:         294912 kB
CmaFree:               0 kB
MemTotal:       12113132 kB
MemFree:         5241572 kB
MemAvailable:    7279536 kB
Buffers:            5272 kB
Cached:          2236004 kB
SwapCached:            0 kB
Active:          2360724 kB
Inactive:        1885504 kB
Active(anon):    2011404 kB
Inactive(anon):    23780 kB
Active(file):     349320 kB
Inactive(file):  1861724 kB
Unevictable:        5508 kB
Mlocked:            5508 kB
SwapTotal:       3145724 kB
SwapFree:        3145724 kB
Dirty:              1108 kB
Writeback:             0 kB
AnonPages:       2010360 kB
Mapped:           956764 kB
Shmem:             25776 kB
KReclaimable:     695624 kB
Slab:             227728 kB
SReclaimable:      80184 kB
SUnreclaim:       147544 kB
KernelStack:       48288 kB
PageTables:        68508 kB
NFS_Unstable:          0 kB
Bounce:                0 kB
WritebackTmp:          0 kB
CommitLimit:     9202288 kB
Committed_AS:   76003496 kB
VmallocTotal:   263061440 kB
VmallocUsed:      105312 kB
VmallocChunk:          0 kB
Percpu:             7552 kB
CmaTotal:         294912 kB
CmaFree:               0 kB
MemTotal:       12113132 kB
MemFree:         5241580 kB
MemAvailable:    7279552 kB
Buffers:            5272 kB
Cached:          2236012 kB
SwapCached:            0 kB
Active:          2360856 kB
Inactive:        1885512 kB
Active(anon):    2011536 kB
Inactive(anon):    23780 kB
Active(file):     349320 kB
Inactive(file):  1861732 kB
Unevictable:        5508 kB
Mlocked:            5508 kB
SwapTotal:       3145724 kB
SwapFree:        3145724 kB
Dirty:              1116 kB
Writeback:             0 kB
AnonPages:       2010716 kB
Mapped:           956764 kB
Shmem:             25776 kB
KReclaimable:     695624 kB
Slab:             227728 kB
SReclaimable:      80184 kB
SUnreclaim:       147544 kB
KernelStack:       48288 kB
PageTables:        68680 kB
NFS_Unstable:          0 kB
Bounce:                0 kB
WritebackTmp:          0 kB
CommitLimit:     9202288 kB
Committed_AS:   76000880 kB
VmallocTotal:   263061440 kB
VmallocUsed:      105312 kB
VmallocChunk:          0 kB
Percpu:             7552 kB
CmaTotal:         294912 kB
CmaFree:               0 kB
MemTotal:       12113132 kB
MemFree:         5240880 kB
MemAvailable:    7278868 kB
Buffers:            5272 kB
Cached:          2236028 kB
SwapCached:            0 kB
Active:          2360880 kB
Inactive:        1885524 kB
Active(anon):    2011556 kB
Inactive(anon):    23780 kB
Active(file):     349324 kB
Inactive(file):  1861744 kB
Unevictable:        5508 kB
Mlocked:            5508 kB
SwapTotal:       3145724 kB
SwapFree:        3145724 kB
Dirty:              1132 kB
Writeback:             0 kB
AnonPages:       2010604 kB
Mapped:           956764 kB
Shmem:             25776 kB
KReclaimable:     695624 kB
Slab:             227728 kB
SReclaimable:      80184 kB
SUnreclaim:       147544 kB
KernelStack:       48256 kB
PageTables:        68548 kB
NFS_Unstable:          0 kB
Bounce:                0 kB
WritebackTmp:          0 kB
CommitLimit:     9202288 kB
Committed_AS:   75999968 kB
VmallocTotal:   263061440 kB
VmallocUsed:      105280 kB
VmallocChunk:          0 kB
Percpu:             7552 kB
CmaTotal:         294912 kB
CmaFree:               0 kB
MemTotal:       12113132 kB
MemFree:         5241308 kB
MemAvailable:    7279336 kB
Buffers:            5276 kB
Cached:          2236068 kB
SwapCached:            0 kB
Active:          2361064 kB
Inactive:        1885564 kB
Active(anon):    2011736 kB
Inactive(anon):    23784 kB
Active(file):     349328 kB
Inactive(file):  1861780 kB
Unevictable:        5508 kB
Mlocked:            5508 kB
SwapTotal:       3145724 kB
SwapFree:        3145724 kB
Dirty:              1136 kB
Writeback:             0 kB
AnonPages:       2010548 kB
Mapped:           956768 kB
Shmem:             25780 kB
KReclaimable:     695624 kB
Slab:             227724 kB
SReclaimable:      80184 kB
SUnreclaim:       147540 kB
KernelStack:       48256 kB
PageTables:        68668 kB
NFS_Unstable:          0 kB
Bounce:                0 kB
WritebackTmp:          0 kB
CommitLimit:     9202288 kB
Committed_AS:   75994264 kB
VmallocTotal:   263061440 kB
VmallocUsed:      105232 kB
VmallocChunk:          0 kB
Percpu:             7552 kB
CmaTotal:         294912 kB
CmaFree:               0 kB
MemTotal:       12113132 kB
MemFree:         5240928 kB
MemAvailable:    7278964 kB
Buffers:            5276 kB
Cached:          2236076 kB
SwapCached:            0 kB
Active:          2362500 kB
Inactive:        1885572 kB
Active(anon):    2013172 kB
Inactive(anon):    23784 kB
Active(file):     349328 kB
Inactive(file):  1861788 kB
Unevictable:        5508 kB
Mlocked:            5508 kB
SwapTotal:       3145724 kB
SwapFree:        3145724 kB
Dirty:               844 kB
Writeback:             0 kB
AnonPages:       2011948 kB
Mapped:           956768 kB
Shmem:             25780 kB
KReclaimable:     695624 kB
Slab:             227724 kB
SReclaimable:      80184 kB
SUnreclaim:       147540 kB
KernelStack:       48240 kB
PageTables:        68532 kB
NFS_Unstable:          0 kB
Bounce:                0 kB
WritebackTmp:          0 kB
CommitLimit:     9202288 kB
Committed_AS:   76000808 kB
VmallocTotal:   263061440 kB
VmallocUsed:      105296 kB
VmallocChunk:          0 kB
Percpu:             7552 kB
CmaTotal:         294912 kB
CmaFree:               0 kB
MemTotal:       12113132 kB
MemFree:         5238452 kB
MemAvailable:    7275896 kB
Buffers:            5276 kB
Cached:          2236052 kB
SwapCached:            0 kB
Active:          2363024 kB
Inactive:        1885544 kB
Active(anon):    2013692 kB
Inactive(anon):    23744 kB
Active(file):     349332 kB
Inactive(file):  1861800 kB
Unevictable:        5508 kB
Mlocked:            5508 kB
SwapTotal:       3145724 kB
SwapFree:        3145724 kB
Dirty:               924 kB
Writeback:             0 kB
AnonPages:       2012808 kB
Mapped:           957108 kB
Shmem:             25740 kB
KReclaimable:     695016 kB
Slab:             227732 kB
SReclaimable:      80184 kB
SUnreclaim:       147548 kB
KernelStack:       48224 kB
PageTables:        68544 kB
NFS_Unstable:          0 kB
Bounce:                0 kB
WritebackTmp:          0 kB
CommitLimit:     9202288 kB
Committed_AS:   76005980 kB
VmallocTotal:   263061440 kB
VmallocUsed:      105280 kB
VmallocChunk:          0 kB
Percpu:             7552 kB
CmaTotal:         294912 kB
CmaFree:               0 kB
MemTotal:       12113132 kB
MemFree:         5238516 kB
MemAvailable:    7275968 kB
Buffers:            5276 kB
Cached:          2236060 kB
SwapCached:            0 kB
Active:          2362564 kB
Inactive:        1885552 kB
Active(anon):    2013232 kB
Inactive(anon):    23744 kB
Active(file):     349332 kB
Inactive(file):  1861808 kB
Unevictable:        5508 kB
Mlocked:            5508 kB
SwapTotal:       3145724 kB
SwapFree:        3145724 kB
Dirty:               932 kB
Writeback:             0 kB
AnonPages:       2012368 kB
Mapped:           957112 kB
Shmem:             25740 kB
KReclaimable:     695016 kB
Slab:             227732 kB
SReclaimable:      80184 kB
SUnreclaim:       147548 kB
KernelStack:       48208 kB
PageTables:        68536 kB
NFS_Unstable:          0 kB
Bounce:                0 kB
WritebackTmp:          0 kB
CommitLimit:     9202288 kB
Committed_AS:   76010980 kB
VmallocTotal:   263061440 kB
VmallocUsed:      105280 kB
VmallocChunk:          0 kB
Percpu:             7552 kB
CmaTotal:         294912 kB
CmaFree:               0 kB
MemTotal:       12113132 kB
MemFree:         5238252 kB
MemAvailable:    7275716 kB
Buffers:            5276 kB
Cached:          2236072 kB
SwapCached:            0 kB
Active:          2362880 kB
Inactive:        1885564 kB
Active(anon):    2013548 kB
Inactive(anon):    23744 kB
Active(file):     349332 kB
Inactive(file):  1861820 kB
Unevictable:        5508 kB
Mlocked:            5508 kB
SwapTotal:       3145724 kB
SwapFree:        3145724 kB
Dirty:               944 kB
Writeback:             0 kB
AnonPages:       2012600 kB
Mapped:           957124 kB
Shmem:             25740 kB
KReclaimable:     695016 kB
Slab:             227732 kB
SReclaimable:      80184 kB
SUnreclaim:       147548 kB
KernelStack:       48256 kB
PageTables:        68628 kB
NFS_Unstable:          0 kB
Bounce:                0 kB
WritebackTmp:          0 kB
CommitLimit:     9202288 kB
Committed_AS:   76006832 kB
VmallocTotal:   263061440 kB
VmallocUsed:      105264 kB
VmallocChunk:          0 kB
Percpu:             7552 kB
CmaTotal:         294912 kB
CmaFree:               0 kB
MemTotal:       12113132 kB
MemFree:         5238092 kB
MemAvailable:    7275572 kB
Buffers:            5276 kB
Cached:          2236088 kB
SwapCached:            0 kB
Active:          2363640 kB
Inactive:        1885580 kB
Active(anon):    2014308 kB
Inactive(anon):    23744 kB
Active(file):     349332 kB
Inactive(file):  1861836 kB
Unevictable:        5508 kB
Mlocked:            5508 kB
SwapTotal:       3145724 kB
SwapFree:        3145724 kB
Dirty:               980 kB
Writeback:             0 kB
AnonPages:       2013212 kB
Mapped:           957128 kB
Shmem:             25740 kB
KReclaimable:     695016 kB
Slab:             227732 kB
SReclaimable:      80184 kB
SUnreclaim:       147548 kB
KernelStack:       48192 kB
PageTables:        68532 kB
NFS_Unstable:          0 kB
Bounce:                0 kB
WritebackTmp:          0 kB
CommitLimit:     9202288 kB
Committed_AS:   76011140 kB
VmallocTotal:   263061440 kB
VmallocUsed:      105296 kB
VmallocChunk:          0 kB
Percpu:             7552 kB
CmaTotal:         294912 kB
CmaFree:               0 kB
MemTotal:       12113132 kB
MemFree:         5238956 kB
MemAvailable:    7276444 kB
Buffers:            5276 kB
Cached:          2236100 kB
SwapCached:            0 kB
Active:          2363416 kB
Inactive:        1885592 kB
Active(anon):    2014084 kB
Inactive(anon):    23748 kB
Active(file):     349332 kB
Inactive(file):  1861844 kB
Unevictable:        5508 kB
Mlocked:            5508 kB
SwapTotal:       3145724 kB
SwapFree:        3145724 kB
Dirty:               784 kB
Writeback:             0 kB
AnonPages:       2013128 kB
Mapped:           957140 kB
Shmem:             25744 kB
KReclaimable:     695016 kB
Slab:             227732 kB
SReclaimable:      80184 kB
SUnreclaim:       147548 kB
KernelStack:       48208 kB
PageTables:        68628 kB
NFS_Unstable:          0 kB
Bounce:                0 kB
WritebackTmp:          0 kB
CommitLimit:     9202288 kB
Committed_AS:   76006664 kB
VmallocTotal:   263061440 kB
VmallocUsed:      105216 kB
VmallocChunk:          0 kB
Percpu:             7552 kB
CmaTotal:         294912 kB
CmaFree:               0 kB
MemTotal:       12113132 kB
MemFree:         5209792 kB
MemAvailable:    7247380 kB
Buffers:            5276 kB
Cached:          2236076 kB
SwapCached:            0 kB
Active:          2396324 kB
Inactive:        1885564 kB
Active(anon):    2046992 kB
Inactive(anon):    23600 kB
Active(file):     349332 kB
Inactive(file):  1861964 kB
Unevictable:        5508 kB
Mlocked:            5508 kB
SwapTotal:       3145724 kB
SwapFree:        3145724 kB
Dirty:               944 kB
Writeback:             0 kB
AnonPages:       2046188 kB
Mapped:           957016 kB
Shmem:             25600 kB
KReclaimable:     694996 kB
Slab:             227744 kB
SReclaimable:      80196 kB
SUnreclaim:       147548 kB
KernelStack:       48144 kB
PageTables:        68544 kB
NFS_Unstable:          0 kB
Bounce:                0 kB
WritebackTmp:          0 kB
CommitLimit:     9202288 kB
Committed_AS:   76011488 kB
VmallocTotal:   263061440 kB
VmallocUsed:      105216 kB
VmallocChunk:          0 kB
Percpu:             7552 kB
CmaTotal:         294912 kB
CmaFree:               0 kB
MemTotal:       12113132 kB
MemFree:         5221492 kB
MemAvailable:    7259084 kB
Buffers:            5276 kB
Cached:          2236228 kB
SwapCached:            0 kB
Active:          2378884 kB
Inactive:        1885720 kB
Active(anon):    2029552 kB
Inactive(anon):    23748 kB
Active(file):     349332 kB
Inactive(file):  1861972 kB
Unevictable:        5508 kB
Mlocked:            5508 kB
SwapTotal:       3145724 kB
SwapFree:        3145724 kB
Dirty:               996 kB
Writeback:             0 kB
AnonPages:       2028224 kB
Mapped:           957184 kB
Shmem:             25744 kB
KReclaimable:     694992 kB
Slab:             227712 kB
SReclaimable:      80196 kB
SUnreclaim:       147516 kB
KernelStack:       48128 kB
PageTables:        68680 kB
NFS_Unstable:          0 kB
Bounce:                0 kB
WritebackTmp:          0 kB
CommitLimit:     9202288 kB
Committed_AS:   76000924 kB
VmallocTotal:   263061440 kB
VmallocUsed:      105152 kB
VmallocChunk:          0 kB
Percpu:             7552 kB
CmaTotal:         294912 kB
CmaFree:               0 kB
MemTotal:       12113132 kB
MemFree:         5221616 kB
MemAvailable:    7259208 kB
Buffers:            5276 kB
Cached:          2236264 kB
SwapCached:            0 kB
Active:          2379148 kB
Inactive:        1885736 kB
Active(anon):    2029796 kB
Inactive(anon):    23748 kB
Active(file):     349352 kB
Inactive(file):  1861988 kB
Unevictable:        5508 kB
Mlocked:            5508 kB
SwapTotal:       3145724 kB
SwapFree:        3145724 kB
Dirty:              1040 kB
Writeback:             0 kB
AnonPages:       2028924 kB
Mapped:           957216 kB
Shmem:             25744 kB
KReclaimable:     694956 kB
Slab:             227776 kB
SReclaimable:      80196 kB
SUnreclaim:       147580 kB
KernelStack:       48128 kB
PageTables:        68624 kB
NFS_Unstable:          0 kB
Bounce:                0 kB
WritebackTmp:          0 kB
CommitLimit:     9202288 kB
Committed_AS:   76006772 kB
VmallocTotal:   263061440 kB
VmallocUsed:      105104 kB
VmallocChunk:          0 kB
Percpu:             7552 kB
CmaTotal:         294912 kB
CmaFree:               0 kB
MemTotal:       12113132 kB
MemFree:         5209620 kB
MemAvailable:    7247224 kB
Buffers:            5276 kB
Cached:          2236520 kB
SwapCached:            0 kB
Active:          2391144 kB
Inactive:        1885924 kB
Active(anon):    2041792 kB
Inactive(anon):    23924 kB
Active(file):     349352 kB
Inactive(file):  1862000 kB
Unevictable:        5508 kB
Mlocked:            5508 kB
SwapTotal:       3145724 kB
SwapFree:        3145724 kB
Dirty:              1104 kB
Writeback:             0 kB
AnonPages:       2040200 kB
Mapped:           957408 kB
Shmem:             25988 kB
KReclaimable:     694956 kB
Slab:             227648 kB
SReclaimable:      80196 kB
SUnreclaim:       147452 kB
KernelStack:       48016 kB
PageTables:        68540 kB
NFS_Unstable:          0 kB
Bounce:                0 kB
WritebackTmp:          0 kB
CommitLimit:     9202288 kB
Committed_AS:   76013864 kB
VmallocTotal:   263061440 kB
VmallocUsed:      105088 kB
VmallocChunk:          0 kB
Percpu:             7552 kB
CmaTotal:         294912 kB
CmaFree:               0 kB
MemTotal:       12113132 kB
MemFree:         5208572 kB
MemAvailable:    7246188 kB
Buffers:            5276 kB
Cached:          2236288 kB
SwapCached:            0 kB
Active:          2391744 kB
Inactive:        1885760 kB
Active(anon):    2042392 kB
Inactive(anon):    23748 kB
Active(file):     349352 kB
Inactive(file):  1862012 kB
Unevictable:        5508 kB
Mlocked:            5508 kB
SwapTotal:       3145724 kB
SwapFree:        3145724 kB
Dirty:               916 kB
Writeback:             0 kB
AnonPages:       2041836 kB
Mapped:           957244 kB
Shmem:             25744 kB
KReclaimable:     694956 kB
Slab:             227840 kB
SReclaimable:      80196 kB
SUnreclaim:       147644 kB
KernelStack:       48048 kB
PageTables:        68628 kB
NFS_Unstable:          0 kB
Bounce:                0 kB
WritebackTmp:          0 kB
CommitLimit:     9202288 kB
Committed_AS:   76009716 kB
VmallocTotal:   263061440 kB
VmallocUsed:      105040 kB
VmallocChunk:          0 kB
Percpu:             7552 kB
CmaTotal:         294912 kB
CmaFree:               0 kB
MemTotal:       12113132 kB
MemFree:         5207472 kB
MemAvailable:    7245112 kB
Buffers:            5280 kB
Cached:          2236328 kB
SwapCached:            0 kB
Active:          2392640 kB
Inactive:        1885796 kB
Active(anon):    2043280 kB
Inactive(anon):    23748 kB
Active(file):     349360 kB
Inactive(file):  1862048 kB
Unevictable:        5508 kB
Mlocked:            5508 kB
SwapTotal:       3145724 kB
SwapFree:        3145724 kB
Dirty:              1012 kB
Writeback:             0 kB
AnonPages:       2042452 kB
Mapped:           957272 kB
Shmem:             25744 kB
KReclaimable:     694936 kB
Slab:             227780 kB
SReclaimable:      80200 kB
SUnreclaim:       147580 kB
KernelStack:       48016 kB
PageTables:        68576 kB
NFS_Unstable:          0 kB
Bounce:                0 kB
WritebackTmp:          0 kB
CommitLimit:     9202288 kB
Committed_AS:   76009504 kB
VmallocTotal:   263061440 kB
VmallocUsed:      105024 kB
VmallocChunk:          0 kB
Percpu:             7552 kB
CmaTotal:         294912 kB
CmaFree:               0 kB
MemTotal:       12113132 kB
MemFree:         5206936 kB
MemAvailable:    7244588 kB
Buffers:            5280 kB
Cached:          2236340 kB
SwapCached:            0 kB
Active:          2393388 kB
Inactive:        1885808 kB
Active(anon):    2044028 kB
Inactive(anon):    23748 kB
Active(file):     349360 kB
Inactive(file):  1862060 kB
Unevictable:        5508 kB
Mlocked:            5508 kB
SwapTotal:       3145724 kB
SwapFree:        3145724 kB
Dirty:              1024 kB
Writeback:             0 kB
AnonPages:       2043148 kB
Mapped:           957272 kB
Shmem:             25744 kB
KReclaimable:     694936 kB
Slab:             227780 kB
SReclaimable:      80200 kB
SUnreclaim:       147580 kB
KernelStack:       47984 kB
PageTables:        68532 kB
NFS_Unstable:          0 kB
Bounce:                0 kB
WritebackTmp:          0 kB
CommitLimit:     9202288 kB
Committed_AS:   76009028 kB
VmallocTotal:   263061440 kB
VmallocUsed:      105008 kB
VmallocChunk:          0 kB
Percpu:             7552 kB
CmaTotal:         294912 kB
CmaFree:               0 kB
MemTotal:       12113132 kB
MemFree:         5205196 kB
MemAvailable:    7242852 kB
Buffers:            5280 kB
Cached:          2236344 kB
SwapCached:            0 kB
Active:          2393744 kB
Inactive:        1885812 kB
Active(anon):    2044384 kB
Inactive(anon):    23748 kB
Active(file):     349360 kB
Inactive(file):  1862064 kB
Unevictable:        5508 kB
Mlocked:            5508 kB
SwapTotal:       3145724 kB
SwapFree:        3145724 kB
Dirty:              1068 kB
Writeback:             0 kB
AnonPages:       2043496 kB
Mapped:           957332 kB
Shmem:             25744 kB
KReclaimable:     694936 kB
Slab:             227780 kB
SReclaimable:      80200 kB
SUnreclaim:       147580 kB
KernelStack:       47920 kB
PageTables:        68520 kB
NFS_Unstable:          0 kB
Bounce:                0 kB
WritebackTmp:          0 kB
CommitLimit:     9202288 kB
Committed_AS:   76009316 kB
VmallocTotal:   263061440 kB
VmallocUsed:      104992 kB
VmallocChunk:          0 kB
Percpu:             7552 kB
CmaTotal:         294912 kB
CmaFree:               0 kB
MemTotal:       12113132 kB
MemFree:         5204936 kB
MemAvailable:    7242612 kB
Buffers:            5280 kB
Cached:          2236364 kB
SwapCached:            0 kB
Active:          2393636 kB
Inactive:        1885832 kB
Active(anon):    2044276 kB
Inactive(anon):    23748 kB
Active(file):     349360 kB
Inactive(file):  1862084 kB
Unevictable:        5508 kB
Mlocked:            5508 kB
SwapTotal:       3145724 kB
SwapFree:        3145724 kB
Dirty:              1104 kB
Writeback:             0 kB
AnonPages:       2043372 kB
Mapped:           957332 kB
Shmem:             25744 kB
KReclaimable:     694936 kB
Slab:             227780 kB
SReclaimable:      80200 kB
SUnreclaim:       147580 kB
KernelStack:       47920 kB
PageTables:        68524 kB
NFS_Unstable:          0 kB
Bounce:                0 kB
WritebackTmp:          0 kB
CommitLimit:     9202288 kB
Committed_AS:   76009008 kB
VmallocTotal:   263061440 kB
VmallocUsed:      104976 kB
VmallocChunk:          0 kB
Percpu:             7552 kB
CmaTotal:         294912 kB
CmaFree:               0 kB
MemTotal:       12113132 kB
MemFree:         5206144 kB
MemAvailable:    7243828 kB
Buffers:            5280 kB
Cached:          2236372 kB
SwapCached:            0 kB
Active:          2394044 kB
Inactive:        1885836 kB
Active(anon):    2044680 kB
Inactive(anon):    23748 kB
Active(file):     349364 kB
Inactive(file):  1862088 kB
Unevictable:        5508 kB
Mlocked:            5508 kB
SwapTotal:       3145724 kB
SwapFree:        3145724 kB
Dirty:               928 kB
Writeback:             0 kB
AnonPages:       2043692 kB
Mapped:           957332 kB
Shmem:             25744 kB
KReclaimable:     694936 kB
Slab:             227780 kB
SReclaimable:      80200 kB
SUnreclaim:       147580 kB
KernelStack:       47968 kB
PageTables:        68616 kB
NFS_Unstable:          0 kB
Bounce:                0 kB
WritebackTmp:          0 kB
CommitLimit:     9202288 kB
Committed_AS:   76009656 kB
VmallocTotal:   263061440 kB
VmallocUsed:      104960 kB
VmallocChunk:          0 kB
Percpu:             7552 kB
CmaTotal:         294912 kB
CmaFree:               0 kB
MemTotal:       12113132 kB
MemFree:         5217648 kB
MemAvailable:    7255348 kB
Buffers:            5280 kB
Cached:          2236388 kB
SwapCached:            0 kB
Active:          2381480 kB
Inactive:        1885852 kB
Active(anon):    2032116 kB
Inactive(anon):    23748 kB
Active(file):     349364 kB
Inactive(file):  1862104 kB
Unevictable:        5508 kB
Mlocked:            5508 kB
SwapTotal:       3145724 kB
SwapFree:        3145724 kB
Dirty:              1004 kB
Writeback:             0 kB
AnonPages:       2031384 kB
Mapped:           957332 kB
Shmem:             25744 kB
KReclaimable:     694936 kB
Slab:             227780 kB
SReclaimable:      80200 kB
SUnreclaim:       147580 kB
KernelStack:       47952 kB
PageTables:        68660 kB
NFS_Unstable:          0 kB
Bounce:                0 kB
WritebackTmp:          0 kB
CommitLimit:     9202288 kB
Committed_AS:   76019236 kB
VmallocTotal:   263061440 kB
VmallocUsed:      104960 kB
VmallocChunk:          0 kB
Percpu:             7552 kB
CmaTotal:         294912 kB
CmaFree:             136 kB
MemTotal:       12113132 kB
MemFree:         5245404 kB
MemAvailable:    7283120 kB
Buffers:            5280 kB
Cached:          2236404 kB
SwapCached:            0 kB
Active:          2354252 kB
Inactive:        1885868 kB
Active(anon):    2004888 kB
Inactive(anon):    23748 kB
Active(file):     349364 kB
Inactive(file):  1862120 kB
Unevictable:        5508 kB
Mlocked:            5508 kB
SwapTotal:       3145724 kB
SwapFree:        3145724 kB
Dirty:              1056 kB
Writeback:             0 kB
AnonPages:       2004224 kB
Mapped:           957396 kB
Shmem:             25744 kB
KReclaimable:     694936 kB
Slab:             227780 kB
SReclaimable:      80200 kB
SUnreclaim:       147580 kB
KernelStack:       47920 kB
PageTables:        68540 kB
NFS_Unstable:          0 kB
Bounce:                0 kB
WritebackTmp:          0 kB
CommitLimit:     9202288 kB
Committed_AS:   76014644 kB
VmallocTotal:   263061440 kB
VmallocUsed:      104960 kB
VmallocChunk:          0 kB
Percpu:             7552 kB
CmaTotal:         294912 kB
CmaFree:               8 kB
MemTotal:       12113132 kB
MemFree:         5246940 kB
MemAvailable:    7284664 kB
Buffers:            5280 kB
Cached:          2236412 kB
SwapCached:            0 kB
Active:          2354520 kB
Inactive:        1885876 kB
Active(anon):    2005156 kB
Inactive(anon):    23748 kB
Active(file):     349364 kB
Inactive(file):  1862128 kB
Unevictable:        5508 kB
Mlocked:            5508 kB
SwapTotal:       3145724 kB
SwapFree:        3145724 kB
Dirty:              1064 kB
Writeback:             0 kB
AnonPages:       2004188 kB
Mapped:           957396 kB
Shmem:             25744 kB
KReclaimable:     694936 kB
Slab:             227780 kB
SReclaimable:      80200 kB
SUnreclaim:       147580 kB
KernelStack:       47936 kB
PageTables:        68624 kB
NFS_Unstable:          0 kB
Bounce:                0 kB
WritebackTmp:          0 kB
CommitLimit:     9202288 kB
Committed_AS:   76013816 kB
VmallocTotal:   263061440 kB
VmallocUsed:      104912 kB
VmallocChunk:          0 kB
Percpu:             7552 kB
CmaTotal:         294912 kB
CmaFree:             376 kB
MemTotal:       12113132 kB
MemFree:         5246336 kB
MemAvailable:    7284084 kB
Buffers:            5280 kB
Cached:          2236440 kB
SwapCached:            0 kB
Active:          2354668 kB
Inactive:        1885896 kB
Active(anon):    2005296 kB
Inactive(anon):    23752 kB
Active(file):     349372 kB
Inactive(file):  1862144 kB
Unevictable:        5508 kB
Mlocked:            5508 kB
SwapTotal:       3145724 kB
SwapFree:        3145724 kB
Dirty:              1108 kB
Writeback:             0 kB
AnonPages:       2004160 kB
Mapped:           957400 kB
Shmem:             25748 kB
KReclaimable:     694936 kB
Slab:             227780 kB
SReclaimable:      80200 kB
SUnreclaim:       147580 kB
KernelStack:       47904 kB
PageTables:        68500 kB
NFS_Unstable:          0 kB
Bounce:                0 kB
WritebackTmp:          0 kB
CommitLimit:     9202288 kB
Committed_AS:   76013328 kB
VmallocTotal:   263061440 kB
VmallocUsed:      104896 kB
VmallocChunk:          0 kB
Percpu:             7552 kB
CmaTotal:         294912 kB
CmaFree:             116 kB
MemTotal:       12113132 kB
MemFree:         5245708 kB
MemAvailable:    7283464 kB
Buffers:            5280 kB
Cached:          2236452 kB
SwapCached:            0 kB
Active:          2354692 kB
Inactive:        1885904 kB
Active(anon):    2005316 kB
Inactive(anon):    23756 kB
Active(file):     349376 kB
Inactive(file):  1862148 kB
Unevictable:        5508 kB
Mlocked:            5508 kB
SwapTotal:       3145724 kB
SwapFree:        3145724 kB
Dirty:               928 kB
Writeback:             0 kB
AnonPages:       2004380 kB
Mapped:           957404 kB
Shmem:             25752 kB
KReclaimable:     694936 kB
Slab:             227780 kB
SReclaimable:      80200 kB
SUnreclaim:       147580 kB
KernelStack:       47872 kB
PageTables:        68528 kB
NFS_Unstable:          0 kB
Bounce:                0 kB
WritebackTmp:          0 kB
CommitLimit:     9202288 kB
Committed_AS:   76014832 kB
VmallocTotal:   263061440 kB
VmallocUsed:      104912 kB
VmallocChunk:          0 kB
Percpu:             7552 kB
CmaTotal:         294912 kB
CmaFree:              36 kB
MemTotal:       12113132 kB
MemFree:         5245404 kB
MemAvailable:    7283172 kB
Buffers:            5280 kB
Cached:          2236464 kB
SwapCached:            0 kB
Active:          2355724 kB
Inactive:        1885912 kB
Active(anon):    2006344 kB
Inactive(anon):    23756 kB
Active(file):     349380 kB
Inactive(file):  1862156 kB
Unevictable:        5508 kB
Mlocked:            5508 kB
SwapTotal:       3145724 kB
SwapFree:        3145724 kB
Dirty:               976 kB
Writeback:             0 kB
AnonPages:       2005208 kB
Mapped:           957412 kB
Shmem:             25752 kB
KReclaimable:     694936 kB
Slab:             227780 kB
SReclaimable:      80200 kB
SUnreclaim:       147580 kB
KernelStack:       47888 kB
PageTables:        68528 kB
NFS_Unstable:          0 kB
Bounce:                0 kB
WritebackTmp:          0 kB
CommitLimit:     9202288 kB
Committed_AS:   76014524 kB
VmallocTotal:   263061440 kB
VmallocUsed:      104960 kB
VmallocChunk:          0 kB
Percpu:             7552 kB
CmaTotal:         294912 kB
CmaFree:             160 kB
MemTotal:       12113132 kB
MemFree:         5260340 kB
MemAvailable:    7298120 kB
Buffers:            5280 kB
Cached:          2236480 kB
SwapCached:            0 kB
Active:          2339224 kB
Inactive:        1885928 kB
Active(anon):    1989844 kB
Inactive(anon):    23760 kB
Active(file):     349380 kB
Inactive(file):  1862168 kB
Unevictable:        5508 kB
Mlocked:            5508 kB
SwapTotal:       3145724 kB
SwapFree:        3145724 kB
Dirty:              1004 kB
Writeback:             0 kB
AnonPages:       1989224 kB
Mapped:           957416 kB
Shmem:             25756 kB
KReclaimable:     694936 kB
Slab:             227780 kB
SReclaimable:      80200 kB
SUnreclaim:       147580 kB
KernelStack:       47888 kB
PageTables:        68660 kB
NFS_Unstable:          0 kB
Bounce:                0 kB
WritebackTmp:          0 kB
CommitLimit:     9202288 kB
Committed_AS:   76010556 kB
VmallocTotal:   263061440 kB
VmallocUsed:      104912 kB
VmallocChunk:          0 kB
Percpu:             7552 kB
CmaTotal:         294912 kB
CmaFree:             216 kB
MemTotal:       12113132 kB
MemFree:         5261280 kB
MemAvailable:    7299068 kB
Buffers:            5280 kB
Cached:          2236504 kB
SwapCached:            0 kB
Active:          2339636 kB
Inactive:        1885852 kB
Active(anon):    1990156 kB
Inactive(anon):    23760 kB
Active(file):     349480 kB
Inactive(file):  1862092 kB
Unevictable:        5508 kB
Mlocked:            5508 kB
SwapTotal:       3145724 kB
SwapFree:        3145724 kB
Dirty:              1108 kB
Writeback:             0 kB
AnonPages:       1989304 kB
Mapped:           957424 kB
Shmem:             25756 kB
KReclaimable:     694920 kB
Slab:             227764 kB
SReclaimable:      80184 kB
SUnreclaim:       147580 kB
KernelStack:       47856 kB
PageTables:        68488 kB
NFS_Unstable:          0 kB
Bounce:                0 kB
WritebackTmp:          0 kB
CommitLimit:     9202288 kB
Committed_AS:   76015532 kB
VmallocTotal:   263061440 kB
VmallocUsed:      104912 kB
VmallocChunk:          0 kB
Percpu:             7552 kB
CmaTotal:         294912 kB
CmaFree:             128 kB
MemTotal:       12113132 kB
MemFree:         5260784 kB
MemAvailable:    7298584 kB
Buffers:            5280 kB
Cached:          2236516 kB
SwapCached:            0 kB
Active:          2339960 kB
Inactive:        1885864 kB
Active(anon):    1990480 kB
Inactive(anon):    23760 kB
Active(file):     349480 kB
Inactive(file):  1862104 kB
Unevictable:        5508 kB
Mlocked:            5508 kB
SwapTotal:       3145724 kB
SwapFree:        3145724 kB
Dirty:              1124 kB
Writeback:             0 kB
AnonPages:       1989472 kB
Mapped:           957428 kB
Shmem:             25756 kB
KReclaimable:     694920 kB
Slab:             227760 kB
SReclaimable:      80184 kB
SUnreclaim:       147576 kB
KernelStack:       47872 kB
PageTables:        68508 kB
NFS_Unstable:          0 kB
Bounce:                0 kB
WritebackTmp:          0 kB
CommitLimit:     9202288 kB
Committed_AS:   76010436 kB
VmallocTotal:   263061440 kB
VmallocUsed:      104896 kB
VmallocChunk:          0 kB
Percpu:             7552 kB
CmaTotal:         294912 kB
CmaFree:               0 kB
MemTotal:       12113132 kB
MemFree:         5260404 kB
MemAvailable:    7298224 kB
Buffers:            5280 kB
Cached:          2236536 kB
SwapCached:            0 kB
Active:          2339960 kB
Inactive:        1885884 kB
Active(anon):    1990480 kB
Inactive(anon):    23760 kB
Active(file):     349480 kB
Inactive(file):  1862124 kB
Unevictable:        5508 kB
Mlocked:            5508 kB
SwapTotal:       3145724 kB
SwapFree:        3145724 kB
Dirty:               924 kB
Writeback:             0 kB
AnonPages:       1989452 kB
Mapped:           957432 kB
Shmem:             25756 kB
KReclaimable:     694920 kB
Slab:             227760 kB
SReclaimable:      80184 kB
SUnreclaim:       147576 kB
KernelStack:       47872 kB
PageTables:        68524 kB
NFS_Unstable:          0 kB
Bounce:                0 kB
WritebackTmp:          0 kB
CommitLimit:     9202288 kB
Committed_AS:   76015804 kB
VmallocTotal:   263061440 kB
VmallocUsed:      104928 kB
VmallocChunk:          0 kB
Percpu:             7552 kB
CmaTotal:         294912 kB
CmaFree:             136 kB
MemTotal:       12113132 kB
MemFree:         5259928 kB
MemAvailable:    7297756 kB
Buffers:            5280 kB
Cached:          2236548 kB
SwapCached:            0 kB
Active:          2340080 kB
Inactive:        1885896 kB
Active(anon):    1990600 kB
Inactive(anon):    23764 kB
Active(file):     349480 kB
Inactive(file):  1862132 kB
Unevictable:        5508 kB
Mlocked:            5508 kB
SwapTotal:       3145724 kB
SwapFree:        3145724 kB
Dirty:              1028 kB
Writeback:             0 kB
AnonPages:       1989744 kB
Mapped:           957440 kB
Shmem:             25760 kB
KReclaimable:     694920 kB
Slab:             227760 kB
SReclaimable:      80184 kB
SUnreclaim:       147576 kB
KernelStack:       47872 kB
PageTables:        68532 kB
NFS_Unstable:          0 kB
Bounce:                0 kB
WritebackTmp:          0 kB
CommitLimit:     9202288 kB
Committed_AS:   76020068 kB
VmallocTotal:   263061440 kB
VmallocUsed:      104912 kB
VmallocChunk:          0 kB
Percpu:             7552 kB
CmaTotal:         294912 kB
CmaFree:             256 kB
MemTotal:       12113132 kB
MemFree:         5260036 kB
MemAvailable:    7297880 kB
Buffers:            5280 kB
Cached:          2236568 kB
SwapCached:            0 kB
Active:          2340744 kB
Inactive:        1885916 kB
Active(anon):    1991264 kB
Inactive(anon):    23768 kB
Active(file):     349480 kB
Inactive(file):  1862148 kB
Unevictable:        5508 kB
Mlocked:            5508 kB
SwapTotal:       3145724 kB
SwapFree:        3145724 kB
Dirty:              1044 kB
Writeback:             0 kB
AnonPages:       1990300 kB
Mapped:           957452 kB
Shmem:             25764 kB
KReclaimable:     694920 kB
Slab:             227760 kB
SReclaimable:      80184 kB
SUnreclaim:       147576 kB
KernelStack:       47920 kB
PageTables:        68628 kB
NFS_Unstable:          0 kB
Bounce:                0 kB
WritebackTmp:          0 kB
CommitLimit:     9202288 kB
Committed_AS:   76025948 kB
VmallocTotal:   263061440 kB
VmallocUsed:      104944 kB
VmallocChunk:          0 kB
Percpu:             7552 kB
CmaTotal:         294912 kB
CmaFree:             128 kB
MemTotal:       12113132 kB
MemFree:         5259384 kB
MemAvailable:    7297232 kB
Buffers:            5280 kB
Cached:          2236572 kB
SwapCached:            0 kB
Active:          2340932 kB
Inactive:        1885920 kB
Active(anon):    1991452 kB
Inactive(anon):    23768 kB
Active(file):     349480 kB
Inactive(file):  1862152 kB
Unevictable:        5508 kB
Mlocked:            5508 kB
SwapTotal:       3145724 kB
SwapFree:        3145724 kB
Dirty:              1048 kB
Writeback:             0 kB
AnonPages:       1990632 kB
Mapped:           957460 kB
Shmem:             25764 kB
KReclaimable:     694920 kB
Slab:             227760 kB
SReclaimable:      80184 kB
SUnreclaim:       147576 kB
KernelStack:       47872 kB
PageTables:        68548 kB
NFS_Unstable:          0 kB
Bounce:                0 kB
WritebackTmp:          0 kB
CommitLimit:     9202288 kB
Committed_AS:   76025468 kB
VmallocTotal:   263061440 kB
VmallocUsed:      104976 kB
VmallocChunk:          0 kB
Percpu:             7552 kB
CmaTotal:         294912 kB
CmaFree:               0 kB
MemTotal:       12113132 kB
MemFree:         5259748 kB
MemAvailable:    7297636 kB
Buffers:            5284 kB
Cached:          2236608 kB
SwapCached:            0 kB
Active:          2341444 kB
Inactive:        1885956 kB
Active(anon):    1991960 kB
Inactive(anon):    23768 kB
Active(file):     349484 kB
Inactive(file):  1862188 kB
Unevictable:        5508 kB
Mlocked:            5508 kB
SwapTotal:       3145724 kB
SwapFree:        3145724 kB
Dirty:              1068 kB
Writeback:             0 kB
AnonPages:       1991004 kB
Mapped:           957464 kB
Shmem:             25764 kB
KReclaimable:     694920 kB
Slab:             227760 kB
SReclaimable:      80184 kB
SUnreclaim:       147576 kB
KernelStack:       47952 kB
PageTables:        68636 kB
NFS_Unstable:          0 kB
Bounce:                0 kB
WritebackTmp:          0 kB
CommitLimit:     9202288 kB
Committed_AS:   76019900 kB
VmallocTotal:   263061440 kB
VmallocUsed:      104976 kB
VmallocChunk:          0 kB
Percpu:             7552 kB
CmaTotal:         294912 kB
CmaFree:              52 kB
MemTotal:       12113132 kB
MemFree:         5259444 kB
MemAvailable:    7297344 kB
Buffers:            5284 kB
Cached:          2236624 kB
SwapCached:            0 kB
Active:          2341428 kB
Inactive:        1885972 kB
Active(anon):    1991944 kB
Inactive(anon):    23772 kB
Active(file):     349484 kB
Inactive(file):  1862200 kB
Unevictable:        5508 kB
Mlocked:            5508 kB
SwapTotal:       3145724 kB
SwapFree:        3145724 kB
Dirty:               928 kB
Writeback:             0 kB
AnonPages:       1990820 kB
Mapped:           957472 kB
Shmem:             25768 kB
KReclaimable:     694920 kB
Slab:             227760 kB
SReclaimable:      80184 kB
SUnreclaim:       147576 kB
KernelStack:       47920 kB
PageTables:        68240 kB
NFS_Unstable:          0 kB
Bounce:                0 kB
WritebackTmp:          0 kB
CommitLimit:     9202288 kB
Committed_AS:   76010204 kB
VmallocTotal:   263061440 kB
VmallocUsed:      104944 kB
VmallocChunk:          0 kB
Percpu:             7552 kB
CmaTotal:         294912 kB
CmaFree:               0 kB
MemTotal:       12113132 kB
MemFree:         5260276 kB
MemAvailable:    7298184 kB
Buffers:            5284 kB
Cached:          2236632 kB
SwapCached:            0 kB
Active:          2341588 kB
Inactive:        1885980 kB
Active(anon):    1992104 kB
Inactive(anon):    23772 kB
Active(file):     349484 kB
Inactive(file):  1862208 kB
Unevictable:        5508 kB
Mlocked:            5508 kB
SwapTotal:       3145724 kB
SwapFree:        3145724 kB
Dirty:               976 kB
Writeback:             0 kB
AnonPages:       1991208 kB
Mapped:           957480 kB
Shmem:             25768 kB
KReclaimable:     694920 kB
Slab:             227760 kB
SReclaimable:      80184 kB
SUnreclaim:       147576 kB
KernelStack:       47952 kB
PageTables:        68636 kB
NFS_Unstable:          0 kB
Bounce:                0 kB
WritebackTmp:          0 kB
CommitLimit:     9202288 kB
Committed_AS:   76019960 kB
VmallocTotal:   263061440 kB
VmallocUsed:      104992 kB
VmallocChunk:          0 kB
Percpu:             7552 kB
CmaTotal:         294912 kB
CmaFree:              48 kB
MemTotal:       12113132 kB
MemFree:         5259084 kB
MemAvailable:    7297004 kB
Buffers:            5284 kB
Cached:          2236648 kB
SwapCached:            0 kB
Active:          2342760 kB
Inactive:        1885996 kB
Active(anon):    1993276 kB
Inactive(anon):    23776 kB
Active(file):     349484 kB
Inactive(file):  1862220 kB
Unevictable:        5508 kB
Mlocked:            5508 kB
SwapTotal:       3145724 kB
SwapFree:        3145724 kB
Dirty:              1032 kB
Writeback:             0 kB
AnonPages:       1992452 kB
Mapped:           957496 kB
Shmem:             25772 kB
KReclaimable:     694920 kB
Slab:             227760 kB
SReclaimable:      80184 kB
SUnreclaim:       147576 kB
KernelStack:       47904 kB
PageTables:        68536 kB
NFS_Unstable:          0 kB
Bounce:                0 kB
WritebackTmp:          0 kB
CommitLimit:     9202288 kB
Committed_AS:   76004680 kB
VmallocTotal:   263061440 kB
VmallocUsed:      104960 kB
VmallocChunk:          0 kB
Percpu:             7552 kB
CmaTotal:         294912 kB
CmaFree:               0 kB
MemTotal:       12113132 kB
MemFree:         5258220 kB
MemAvailable:    7296440 kB
Buffers:            5284 kB
Cached:          2236948 kB
SwapCached:            0 kB
Active:          2342700 kB
Inactive:        1886296 kB
Active(anon):    1993216 kB
Inactive(anon):    23776 kB
Active(file):     349484 kB
Inactive(file):  1862520 kB
Unevictable:        5508 kB
Mlocked:            5508 kB
SwapTotal:       3145724 kB
SwapFree:        3145724 kB
Dirty:              1120 kB
Writeback:             0 kB
AnonPages:       1992256 kB
Mapped:           957544 kB
Shmem:             25772 kB
KReclaimable:     694920 kB
Slab:             227728 kB
SReclaimable:      80184 kB
SUnreclaim:       147544 kB
KernelStack:       47920 kB
PageTables:        68536 kB
NFS_Unstable:          0 kB
Bounce:                0 kB
WritebackTmp:          0 kB
CommitLimit:     9202288 kB
Committed_AS:   76019476 kB
VmallocTotal:   263061440 kB
VmallocUsed:      104928 kB
VmallocChunk:          0 kB
Percpu:             7552 kB
CmaTotal:         294912 kB
CmaFree:               0 kB
MemTotal:       12113132 kB
MemFree:         5258884 kB
MemAvailable:    7297112 kB
Buffers:            5284 kB
Cached:          2236956 kB
SwapCached:            0 kB
Active:          2342732 kB
Inactive:        1886300 kB
Active(anon):    1993244 kB
Inactive(anon):    23776 kB
Active(file):     349488 kB
Inactive(file):  1862524 kB
Unevictable:        5508 kB
Mlocked:            5508 kB
SwapTotal:       3145724 kB
SwapFree:        3145724 kB
Dirty:              1128 kB
Writeback:             0 kB
AnonPages:       1992408 kB
Mapped:           957552 kB
Shmem:             25772 kB
KReclaimable:     694920 kB
Slab:             227728 kB
SReclaimable:      80184 kB
SUnreclaim:       147544 kB
KernelStack:       47888 kB
PageTables:        68568 kB
NFS_Unstable:          0 kB
Bounce:                0 kB
WritebackTmp:          0 kB
CommitLimit:     9202288 kB
Committed_AS:   76008248 kB
VmallocTotal:   263061440 kB
VmallocUsed:      104944 kB
VmallocChunk:          0 kB
Percpu:             7552 kB
CmaTotal:         294912 kB
CmaFree:               0 kB
MemTotal:       12113132 kB
MemFree:         5258984 kB
MemAvailable:    7297228 kB
Buffers:            5284 kB
Cached:          2236972 kB
SwapCached:            0 kB
Active:          2343016 kB
Inactive:        1886316 kB
Active(anon):    1993528 kB
Inactive(anon):    23776 kB
Active(file):     349488 kB
Inactive(file):  1862540 kB
Unevictable:        5508 kB
Mlocked:            5508 kB
SwapTotal:       3145724 kB
SwapFree:        3145724 kB
Dirty:               924 kB
Writeback:             0 kB
AnonPages:       1992584 kB
Mapped:           957556 kB
Shmem:             25772 kB
KReclaimable:     694920 kB
Slab:             227728 kB
SReclaimable:      80184 kB
SUnreclaim:       147544 kB
KernelStack:       47952 kB
PageTables:        68648 kB
NFS_Unstable:          0 kB
Bounce:                0 kB
WritebackTmp:          0 kB
CommitLimit:     9202288 kB
Committed_AS:   76003808 kB
VmallocTotal:   263061440 kB
VmallocUsed:      104928 kB
