MemTotal:       12113132 kB
MemFree:         6365880 kB
MemAvailable:    8098644 kB
Buffers:            6824 kB
Cached:          1924544 kB
SwapCached:            0 kB
Active:          1506876 kB
Inactive:        1678356 kB
Active(anon):    1260312 kB
Inactive(anon):    26268 kB
Active(file):     246564 kB
Inactive(file):  1652088 kB
Unevictable:        5552 kB
Mlocked:            5552 kB
SwapTotal:       3145724 kB
SwapFree:        3145724 kB
Dirty:               528 kB
Writeback:             0 kB
AnonPages:       1259320 kB
Mapped:           857756 kB
Shmem:             28216 kB
KReclaimable:     702816 kB
Slab:             224484 kB
SReclaimable:      80240 kB
SUnreclaim:       144244 kB
KernelStack:       46388 kB
PageTables:        62908 kB
NFS_Unstable:          0 kB
Bounce:                0 kB
WritebackTmp:          0 kB
CommitLimit:     9202288 kB
Committed_AS:   66137436 kB
VmallocTotal:   263061440 kB
VmallocUsed:      103324 kB
VmallocChunk:          0 kB
Percpu:             7648 kB
CmaTotal:         294912 kB
CmaFree:              52 kB
MemTotal:       12113132 kB
MemFree:         6363776 kB
MemAvailable:    8096608 kB
Buffers:            6824 kB
Cached:          1924612 kB
SwapCached:            0 kB
Active:          1507400 kB
Inactive:        1678392 kB
Active(anon):    1260804 kB
Inactive(anon):    26268 kB
Active(file):     246596 kB
Inactive(file):  1652124 kB
Unevictable:        5552 kB
Mlocked:            5552 kB
SwapTotal:       3145724 kB
SwapFree:        3145724 kB
Dirty:               636 kB
Writeback:             0 kB
AnonPages:       1259852 kB
Mapped:           857776 kB
Shmem:             28216 kB
KReclaimable:     702816 kB
Slab:             224500 kB
SReclaimable:      80240 kB
SUnreclaim:       144260 kB
KernelStack:       46368 kB
PageTables:        62908 kB
NFS_Unstable:          0 kB
Bounce:                0 kB
WritebackTmp:          0 kB
CommitLimit:     9202288 kB
Committed_AS:   66142480 kB
VmallocTotal:   263061440 kB
VmallocUsed:      103372 kB
VmallocChunk:          0 kB
Percpu:             7648 kB
CmaTotal:         294912 kB
CmaFree:               0 kB
MemTotal:       12113132 kB
MemFree:         6364464 kB
MemAvailable:    8097276 kB
Buffers:            6824 kB
Cached:          1924592 kB
SwapCached:            0 kB
Active:          1505816 kB
Inactive:        1678372 kB
Active(anon):    1259220 kB
Inactive(anon):    26268 kB
Active(file):     246596 kB
Inactive(file):  1652104 kB
Unevictable:        5552 kB
Mlocked:            5552 kB
SwapTotal:       3145724 kB
SwapFree:        3145724 kB
Dirty:               636 kB
Writeback:             0 kB
AnonPages:       1258180 kB
Mapped:           857756 kB
Shmem:             28216 kB
KReclaimable:     702816 kB
Slab:             224508 kB
SReclaimable:      80240 kB
SUnreclaim:       144268 kB
KernelStack:       46352 kB
PageTables:        62928 kB
NFS_Unstable:          0 kB
Bounce:                0 kB
WritebackTmp:          0 kB
CommitLimit:     9202288 kB
Committed_AS:   66147788 kB
VmallocTotal:   263061440 kB
VmallocUsed:      103356 kB
VmallocChunk:          0 kB
Percpu:             7648 kB
CmaTotal:         294912 kB
CmaFree:               0 kB
MemTotal:       12113132 kB
MemFree:         6363528 kB
MemAvailable:    8096656 kB
Buffers:            6824 kB
Cached:          1924908 kB
SwapCached:            0 kB
Active:          1507400 kB
Inactive:        1678688 kB
Active(anon):    1260804 kB
Inactive(anon):    26268 kB
Active(file):     246596 kB
Inactive(file):  1652420 kB
Unevictable:        5552 kB
Mlocked:            5552 kB
SwapTotal:       3145724 kB
SwapFree:        3145724 kB
Dirty:               660 kB
Writeback:             0 kB
AnonPages:       1260208 kB
Mapped:           857756 kB
Shmem:             28216 kB
KReclaimable:     702816 kB
Slab:             224476 kB
SReclaimable:      80240 kB
SUnreclaim:       144236 kB
KernelStack:       46400 kB
PageTables:        63028 kB
NFS_Unstable:          0 kB
Bounce:                0 kB
WritebackTmp:          0 kB
CommitLimit:     9202288 kB
Committed_AS:   66137940 kB
VmallocTotal:   263061440 kB
VmallocUsed:      103324 kB
VmallocChunk:          0 kB
Percpu:             7648 kB
CmaTotal:         294912 kB
CmaFree:               4 kB
MemTotal:       12113132 kB
MemFree:         6398568 kB
MemAvailable:    8131708 kB
Buffers:            6824 kB
Cached:          1924920 kB
SwapCached:            0 kB
Active:          1473676 kB
Inactive:        1678700 kB
Active(anon):    1227080 kB
Inactive(anon):    26268 kB
Active(file):     246596 kB
Inactive(file):  1652432 kB
Unevictable:        5552 kB
Mlocked:            5552 kB
SwapTotal:       3145724 kB
SwapFree:        3145724 kB
Dirty:               684 kB
Writeback:             0 kB
AnonPages:       1226264 kB
Mapped:           857756 kB
Shmem:             28216 kB
KReclaimable:     702816 kB
Slab:             224476 kB
SReclaimable:      80240 kB
SUnreclaim:       144236 kB
KernelStack:       46352 kB
PageTables:        62928 kB
NFS_Unstable:          0 kB
Bounce:                0 kB
WritebackTmp:          0 kB
CommitLimit:     9202288 kB
Committed_AS:   66142208 kB
VmallocTotal:   263061440 kB
VmallocUsed:      103324 kB
VmallocChunk:          0 kB
Percpu:             7648 kB
CmaTotal:         294912 kB
CmaFree:              12 kB
MemTotal:       12113132 kB
MemFree:         6396988 kB
MemAvailable:    8130140 kB
Buffers:            6824 kB
Cached:          1924932 kB
SwapCached:            0 kB
Active:          1473328 kB
Inactive:        1678712 kB
Active(anon):    1226732 kB
Inactive(anon):    26268 kB
Active(file):     246596 kB
Inactive(file):  1652444 kB
Unevictable:        5552 kB
Mlocked:            5552 kB
SwapTotal:       3145724 kB
SwapFree:        3145724 kB
Dirty:               696 kB
Writeback:             0 kB
AnonPages:       1225864 kB
Mapped:           857756 kB
Shmem:             28216 kB
KReclaimable:     702816 kB
Slab:             224468 kB
SReclaimable:      80240 kB
SUnreclaim:       144228 kB
KernelStack:       46336 kB
PageTables:        62872 kB
NFS_Unstable:          0 kB
Bounce:                0 kB
WritebackTmp:          0 kB
CommitLimit:     9202288 kB
Committed_AS:   66147784 kB
VmallocTotal:   263061440 kB
VmallocUsed:      103340 kB
VmallocChunk:          0 kB
Percpu:             7648 kB
CmaTotal:         294912 kB
CmaFree:               0 kB
MemTotal:       12113132 kB
MemFree:         6396848 kB
MemAvailable:    8130032 kB
Buffers:            6824 kB
Cached:          1924964 kB
SwapCached:            0 kB
Active:          1473792 kB
Inactive:        1678740 kB
Active(anon):    1227192 kB
Inactive(anon):    26268 kB
Active(file):     246600 kB
Inactive(file):  1652472 kB
Unevictable:        5552 kB
Mlocked:            5552 kB
SwapTotal:       3145724 kB
SwapFree:        3145724 kB
Dirty:               708 kB
Writeback:             0 kB
AnonPages:       1226196 kB
Mapped:           857756 kB
Shmem:             28216 kB
KReclaimable:     702816 kB
Slab:             224412 kB
SReclaimable:      80240 kB
SUnreclaim:       144172 kB
KernelStack:       46352 kB
PageTables:        62920 kB
NFS_Unstable:          0 kB
Bounce:                0 kB
WritebackTmp:          0 kB
CommitLimit:     9202288 kB
Committed_AS:   66143688 kB
VmallocTotal:   263061440 kB
VmallocUsed:      103324 kB
VmallocChunk:          0 kB
Percpu:             7648 kB
CmaTotal:         294912 kB
CmaFree:               0 kB
MemTotal:       12113132 kB
MemFree:         6395636 kB
MemAvailable:    8128804 kB
Buffers:            6824 kB
Cached:          1924948 kB
SwapCached:            0 kB
Active:          1474400 kB
Inactive:        1678728 kB
Active(anon):    1227804 kB
Inactive(anon):    26268 kB
Active(file):     246596 kB
Inactive(file):  1652460 kB
Unevictable:        5552 kB
Mlocked:            5552 kB
SwapTotal:       3145724 kB
SwapFree:        3145724 kB
Dirty:               728 kB
Writeback:             0 kB
AnonPages:       1226868 kB
Mapped:           857756 kB
Shmem:             28216 kB
KReclaimable:     702816 kB
Slab:             224428 kB
SReclaimable:      80240 kB
SUnreclaim:       144188 kB
KernelStack:       46352 kB
PageTables:        62928 kB
NFS_Unstable:          0 kB
Bounce:                0 kB
WritebackTmp:          0 kB
CommitLimit:     9202288 kB
Committed_AS:   66143596 kB
VmallocTotal:   263061440 kB
VmallocUsed:      103340 kB
VmallocChunk:          0 kB
Percpu:             7648 kB
CmaTotal:         294912 kB
CmaFree:               0 kB
MemTotal:       12113132 kB
MemFree:         6395352 kB
MemAvailable:    8128536 kB
Buffers:            6828 kB
Cached:          1924960 kB
SwapCached:            0 kB
Active:          1474844 kB
Inactive:        1678744 kB
Active(anon):    1228248 kB
Inactive(anon):    26268 kB
Active(file):     246596 kB
Inactive(file):  1652476 kB
Unevictable:        5552 kB
Mlocked:            5552 kB
SwapTotal:       3145724 kB
SwapFree:        3145724 kB
Dirty:               484 kB
Writeback:             0 kB
AnonPages:       1227548 kB
Mapped:           857756 kB
Shmem:             28216 kB
KReclaimable:     702816 kB
Slab:             224420 kB
SReclaimable:      80240 kB
SUnreclaim:       144180 kB
KernelStack:       46352 kB
PageTables:        62920 kB
NFS_Unstable:          0 kB
Bounce:                0 kB
WritebackTmp:          0 kB
CommitLimit:     9202288 kB
Committed_AS:   66146032 kB
VmallocTotal:   263061440 kB
VmallocUsed:      103356 kB
VmallocChunk:          0 kB
Percpu:             7648 kB
CmaTotal:         294912 kB
CmaFree:               0 kB
MemTotal:       12113132 kB
MemFree:         6394420 kB
MemAvailable:    8127620 kB
Buffers:            6828 kB
Cached:          1924976 kB
SwapCached:            0 kB
Active:          1476208 kB
Inactive:        1678756 kB
Active(anon):    1229608 kB
Inactive(anon):    26268 kB
Active(file):     246600 kB
Inactive(file):  1652488 kB
Unevictable:        5552 kB
Mlocked:            5552 kB
SwapTotal:       3145724 kB
SwapFree:        3145724 kB
Dirty:               396 kB
Writeback:             0 kB
AnonPages:       1229012 kB
Mapped:           857756 kB
Shmem:             28216 kB
KReclaimable:     702816 kB
Slab:             224420 kB
SReclaimable:      80240 kB
SUnreclaim:       144180 kB
KernelStack:       46368 kB
PageTables:        62924 kB
NFS_Unstable:          0 kB
Bounce:                0 kB
WritebackTmp:          0 kB
CommitLimit:     9202288 kB
Committed_AS:   66145720 kB
VmallocTotal:   263061440 kB
VmallocUsed:      103356 kB
VmallocChunk:          0 kB
Percpu:             7648 kB
CmaTotal:         294912 kB
CmaFree:               0 kB
MemTotal:       12113132 kB
MemFree:         6367572 kB
MemAvailable:    8100788 kB
Buffers:            6828 kB
Cached:          1924992 kB
SwapCached:            0 kB
Active:          1504032 kB
Inactive:        1678772 kB
Active(anon):    1257432 kB
Inactive(anon):    26268 kB
Active(file):     246600 kB
Inactive(file):  1652504 kB
Unevictable:        5552 kB
Mlocked:            5552 kB
SwapTotal:       3145724 kB
SwapFree:        3145724 kB
Dirty:               424 kB
Writeback:             0 kB
AnonPages:       1256612 kB
Mapped:           857756 kB
Shmem:             28216 kB
KReclaimable:     702816 kB
Slab:             224420 kB
SReclaimable:      80240 kB
SUnreclaim:       144180 kB
KernelStack:       46368 kB
PageTables:        62924 kB
NFS_Unstable:          0 kB
Bounce:                0 kB
WritebackTmp:          0 kB
CommitLimit:     9202288 kB
Committed_AS:   66146016 kB
VmallocTotal:   263061440 kB
VmallocUsed:      103372 kB
VmallocChunk:          0 kB
Percpu:             7648 kB
CmaTotal:         294912 kB
CmaFree:               0 kB
MemTotal:       12113132 kB
MemFree:         6366748 kB
MemAvailable:    8099968 kB
Buffers:            6828 kB
Cached:          1924996 kB
SwapCached:            0 kB
Active:          1504516 kB
Inactive:        1678776 kB
Active(anon):    1257916 kB
Inactive(anon):    26268 kB
Active(file):     246600 kB
Inactive(file):  1652508 kB
Unevictable:        5552 kB
Mlocked:            5552 kB
SwapTotal:       3145724 kB
SwapFree:        3145724 kB
Dirty:               428 kB
Writeback:             0 kB
AnonPages:       1257224 kB
Mapped:           857756 kB
Shmem:             28216 kB
KReclaimable:     702816 kB
Slab:             224420 kB
SReclaimable:      80240 kB
SUnreclaim:       144180 kB
KernelStack:       46400 kB
PageTables:        62968 kB
NFS_Unstable:          0 kB
Bounce:                0 kB
WritebackTmp:          0 kB
CommitLimit:     9202288 kB
Committed_AS:   66146316 kB
VmallocTotal:   263061440 kB
VmallocUsed:      103372 kB
VmallocChunk:          0 kB
Percpu:             7648 kB
CmaTotal:         294912 kB
CmaFree:               0 kB
MemTotal:       12113132 kB
MemFree:         6366120 kB
MemAvailable:    8099348 kB
Buffers:            6828 kB
Cached:          1925004 kB
SwapCached:            0 kB
Active:          1505180 kB
Inactive:        1678788 kB
Active(anon):    1258584 kB
Inactive(anon):    26268 kB
Active(file):     246596 kB
Inactive(file):  1652520 kB
Unevictable:        5552 kB
Mlocked:            5552 kB
SwapTotal:       3145724 kB
SwapFree:        3145724 kB
Dirty:               440 kB
Writeback:             0 kB
AnonPages:       1257836 kB
Mapped:           857756 kB
Shmem:             28216 kB
KReclaimable:     702816 kB
Slab:             224420 kB
SReclaimable:      80240 kB
SUnreclaim:       144180 kB
KernelStack:       46368 kB
PageTables:        62920 kB
NFS_Unstable:          0 kB
Bounce:                0 kB
WritebackTmp:          0 kB
CommitLimit:     9202288 kB
Committed_AS:   66146304 kB
VmallocTotal:   263061440 kB
VmallocUsed:      103372 kB
VmallocChunk:          0 kB
Percpu:             7648 kB
CmaTotal:         294912 kB
CmaFree:               0 kB
MemTotal:       12113132 kB
MemFree:         6365272 kB
MemAvailable:    8098520 kB
Buffers:            6828 kB
Cached:          1925024 kB
SwapCached:            0 kB
Active:          1506068 kB
Inactive:        1678804 kB
Active(anon):    1259468 kB
Inactive(anon):    26268 kB
Active(file):     246600 kB
Inactive(file):  1652536 kB
Unevictable:        5552 kB
Mlocked:            5552 kB
SwapTotal:       3145724 kB
SwapFree:        3145724 kB
Dirty:               496 kB
Writeback:             0 kB
AnonPages:       1258580 kB
Mapped:           857736 kB
Shmem:             28216 kB
KReclaimable:     702816 kB
Slab:             224420 kB
SReclaimable:      80240 kB
SUnreclaim:       144180 kB
KernelStack:       46384 kB
PageTables:        62968 kB
NFS_Unstable:          0 kB
Bounce:                0 kB
WritebackTmp:          0 kB
CommitLimit:     9202288 kB
Committed_AS:   66141560 kB
VmallocTotal:   263061440 kB
VmallocUsed:      103372 kB
VmallocChunk:          0 kB
Percpu:             7648 kB
CmaTotal:         294912 kB
CmaFree:               0 kB
MemTotal:       12113132 kB
MemFree:         6365400 kB
MemAvailable:    8098660 kB
Buffers:            6828 kB
Cached:          1925036 kB
SwapCached:            0 kB
Active:          1506524 kB
Inactive:        1678816 kB
Active(anon):    1259924 kB
Inactive(anon):    26268 kB
Active(file):     246600 kB
Inactive(file):  1652548 kB
Unevictable:        5552 kB
Mlocked:            5552 kB
SwapTotal:       3145724 kB
SwapFree:        3145724 kB
Dirty:               508 kB
Writeback:             0 kB
AnonPages:       1259108 kB
Mapped:           857756 kB
Shmem:             28216 kB
KReclaimable:     702816 kB
Slab:             224420 kB
SReclaimable:      80240 kB
SUnreclaim:       144180 kB
KernelStack:       46352 kB
PageTables:        62924 kB
NFS_Unstable:          0 kB
Bounce:                0 kB
WritebackTmp:          0 kB
CommitLimit:     9202288 kB
Committed_AS:   66141764 kB
VmallocTotal:   263061440 kB
VmallocUsed:      103356 kB
VmallocChunk:          0 kB
Percpu:             7648 kB
CmaTotal:         294912 kB
CmaFree:               0 kB
MemTotal:       12113132 kB
MemFree:         6364084 kB
MemAvailable:    8097356 kB
Buffers:            6828 kB
Cached:          1925048 kB
SwapCached:            0 kB
Active:          1506660 kB
Inactive:        1678828 kB
Active(anon):    1260060 kB
Inactive(anon):    26268 kB
Active(file):     246600 kB
Inactive(file):  1652560 kB
Unevictable:        5552 kB
Mlocked:            5552 kB
SwapTotal:       3145724 kB
SwapFree:        3145724 kB
Dirty:               520 kB
Writeback:             0 kB
AnonPages:       1259176 kB
Mapped:           857756 kB
Shmem:             28216 kB
KReclaimable:     702816 kB
Slab:             224420 kB
SReclaimable:      80240 kB
SUnreclaim:       144180 kB
KernelStack:       46352 kB
PageTables:        62920 kB
NFS_Unstable:          0 kB
Bounce:                0 kB
WritebackTmp:          0 kB
CommitLimit:     9202288 kB
Committed_AS:   66145692 kB
VmallocTotal:   263061440 kB
VmallocUsed:      103388 kB
VmallocChunk:          0 kB
Percpu:             7648 kB
CmaTotal:         294912 kB
CmaFree:               0 kB
MemTotal:       12113132 kB
MemFree:         6364628 kB
MemAvailable:    8097916 kB
Buffers:            6828 kB
Cached:          1925064 kB
SwapCached:            0 kB
Active:          1507548 kB
Inactive:        1678844 kB
Active(anon):    1260948 kB
Inactive(anon):    26268 kB
Active(file):     246600 kB
Inactive(file):  1652576 kB
Unevictable:        5552 kB
Mlocked:            5552 kB
SwapTotal:       3145724 kB
SwapFree:        3145724 kB
Dirty:               548 kB
Writeback:             0 kB
AnonPages:       1259724 kB
Mapped:           857756 kB
Shmem:             28216 kB
KReclaimable:     702816 kB
Slab:             224412 kB
SReclaimable:      80240 kB
SUnreclaim:       144172 kB
KernelStack:       46352 kB
PageTables:        62920 kB
NFS_Unstable:          0 kB
Bounce:                0 kB
WritebackTmp:          0 kB
CommitLimit:     9202288 kB
Committed_AS:   66145416 kB
VmallocTotal:   263061440 kB
VmallocUsed:      103372 kB
VmallocChunk:          0 kB
Percpu:             7648 kB
CmaTotal:         294912 kB
CmaFree:               0 kB
MemTotal:       12113132 kB
MemFree:         6362408 kB
MemAvailable:    8095708 kB
Buffers:            6828 kB
Cached:          1925076 kB
SwapCached:            0 kB
Active:          1507804 kB
Inactive:        1678856 kB
Active(anon):    1261204 kB
Inactive(anon):    26268 kB
Active(file):     246600 kB
Inactive(file):  1652588 kB
Unevictable:        5552 kB
Mlocked:            5552 kB
SwapTotal:       3145724 kB
SwapFree:        3145724 kB
Dirty:               560 kB
Writeback:             0 kB
AnonPages:       1260408 kB
Mapped:           857756 kB
Shmem:             28216 kB
KReclaimable:     702816 kB
Slab:             224420 kB
SReclaimable:      80240 kB
SUnreclaim:       144180 kB
KernelStack:       46352 kB
PageTables:        62820 kB
NFS_Unstable:          0 kB
Bounce:                0 kB
WritebackTmp:          0 kB
CommitLimit:     9202288 kB
Committed_AS:   66140864 kB
VmallocTotal:   263061440 kB
VmallocUsed:      103340 kB
VmallocChunk:          0 kB
Percpu:             7648 kB
CmaTotal:         294912 kB
CmaFree:               0 kB
MemTotal:       12113132 kB
MemFree:         6362188 kB
MemAvailable:    8095504 kB
Buffers:            6832 kB
Cached:          1925088 kB
SwapCached:            0 kB
Active:          1508456 kB
Inactive:        1678868 kB
Active(anon):    1261852 kB
Inactive(anon):    26268 kB
Active(file):     246604 kB
Inactive(file):  1652600 kB
Unevictable:        5552 kB
Mlocked:            5552 kB
SwapTotal:       3145724 kB
SwapFree:        3145724 kB
Dirty:               604 kB
Writeback:             0 kB
AnonPages:       1261140 kB
Mapped:           857756 kB
Shmem:             28216 kB
KReclaimable:     702816 kB
Slab:             224428 kB
SReclaimable:      80240 kB
SUnreclaim:       144188 kB
KernelStack:       46352 kB
PageTables:        62920 kB
NFS_Unstable:          0 kB
Bounce:                0 kB
WritebackTmp:          0 kB
CommitLimit:     9202288 kB
Committed_AS:   66145280 kB
VmallocTotal:   263061440 kB
VmallocUsed:      103340 kB
VmallocChunk:          0 kB
Percpu:             7648 kB
CmaTotal:         294912 kB
CmaFree:               0 kB
MemTotal:       12113132 kB
MemFree:         6362456 kB
MemAvailable:    8095792 kB
Buffers:            6832 kB
Cached:          1925108 kB
SwapCached:            0 kB
Active:          1509292 kB
Inactive:        1678892 kB
Active(anon):    1262692 kB
Inactive(anon):    26268 kB
Active(file):     246600 kB
Inactive(file):  1652624 kB
Unevictable:        5552 kB
Mlocked:            5552 kB
SwapTotal:       3145724 kB
SwapFree:        3145724 kB
Dirty:               588 kB
Writeback:             0 kB
AnonPages:       1261996 kB
Mapped:           857756 kB
Shmem:             28216 kB
KReclaimable:     702816 kB
Slab:             224420 kB
SReclaimable:      80240 kB
SUnreclaim:       144180 kB
KernelStack:       46352 kB
PageTables:        62932 kB
NFS_Unstable:          0 kB
Bounce:                0 kB
WritebackTmp:          0 kB
CommitLimit:     9202288 kB
Committed_AS:   66141812 kB
VmallocTotal:   263061440 kB
VmallocUsed:      103356 kB
VmallocChunk:          0 kB
Percpu:             7648 kB
CmaTotal:         294912 kB
CmaFree:               0 kB
MemTotal:       12113132 kB
MemFree:         6361284 kB
MemAvailable:    8094644 kB
Buffers:            6832 kB
Cached:          1925132 kB
SwapCached:            0 kB
Active:          1509904 kB
Inactive:        1678912 kB
Active(anon):    1263300 kB
Inactive(anon):    26268 kB
Active(file):     246604 kB
Inactive(file):  1652644 kB
Unevictable:        5552 kB
Mlocked:            5552 kB
SwapTotal:       3145724 kB
SwapFree:        3145724 kB
Dirty:               612 kB
Writeback:             0 kB
AnonPages:       1262388 kB
Mapped:           857756 kB
Shmem:             28216 kB
KReclaimable:     702816 kB
Slab:             224420 kB
SReclaimable:      80240 kB
SUnreclaim:       144180 kB
KernelStack:       46352 kB
PageTables:        62932 kB
NFS_Unstable:          0 kB
Bounce:                0 kB
WritebackTmp:          0 kB
CommitLimit:     9202288 kB
Committed_AS:   66141372 kB
VmallocTotal:   263061440 kB
VmallocUsed:      103356 kB
VmallocChunk:          0 kB
Percpu:             7648 kB
CmaTotal:         294912 kB
CmaFree:               0 kB
MemTotal:       12113132 kB
MemFree:         6361512 kB
MemAvailable:    8094852 kB
Buffers:            6832 kB
Cached:          1925112 kB
SwapCached:            0 kB
Active:          1510480 kB
Inactive:        1678896 kB
Active(anon):    1263880 kB
Inactive(anon):    26268 kB
Active(file):     246600 kB
Inactive(file):  1652628 kB
Unevictable:        5552 kB
Mlocked:            5552 kB
SwapTotal:       3145724 kB
SwapFree:        3145724 kB
Dirty:               612 kB
Writeback:             0 kB
AnonPages:       1262920 kB
Mapped:           857828 kB
Shmem:             28216 kB
KReclaimable:     702816 kB
Slab:             224420 kB
SReclaimable:      80240 kB
SUnreclaim:       144180 kB
KernelStack:       46416 kB
PageTables:        63044 kB
NFS_Unstable:          0 kB
Bounce:                0 kB
WritebackTmp:          0 kB
CommitLimit:     9202288 kB
Committed_AS:   66136340 kB
VmallocTotal:   263061440 kB
VmallocUsed:      103356 kB
VmallocChunk:          0 kB
Percpu:             7648 kB
CmaTotal:         294912 kB
CmaFree:               0 kB
MemTotal:       12113132 kB
MemFree:         6359932 kB
MemAvailable:    8093312 kB
Buffers:            6832 kB
Cached:          1925152 kB
SwapCached:            0 kB
Active:          1510832 kB
Inactive:        1678932 kB
Active(anon):    1264228 kB
Inactive(anon):    26268 kB
Active(file):     246604 kB
Inactive(file):  1652664 kB
Unevictable:        5552 kB
Mlocked:            5552 kB
SwapTotal:       3145724 kB
SwapFree:        3145724 kB
Dirty:               644 kB
Writeback:             0 kB
AnonPages:       1263472 kB
Mapped:           857756 kB
Shmem:             28216 kB
KReclaimable:     702816 kB
Slab:             224420 kB
SReclaimable:      80240 kB
SUnreclaim:       144180 kB
KernelStack:       46352 kB
PageTables:        62928 kB
NFS_Unstable:          0 kB
Bounce:                0 kB
WritebackTmp:          0 kB
CommitLimit:     9202288 kB
Committed_AS:   66141684 kB
VmallocTotal:   263061440 kB
VmallocUsed:      103356 kB
VmallocChunk:          0 kB
Percpu:             7648 kB
CmaTotal:         294912 kB
CmaFree:               0 kB
MemTotal:       12113132 kB
MemFree:         6373428 kB
MemAvailable:    8106820 kB
Buffers:            6832 kB
Cached:          1925164 kB
SwapCached:            0 kB
Active:          1497276 kB
Inactive:        1678944 kB
Active(anon):    1250672 kB
Inactive(anon):    26268 kB
Active(file):     246604 kB
Inactive(file):  1652676 kB
Unevictable:        5552 kB
Mlocked:            5552 kB
SwapTotal:       3145724 kB
SwapFree:        3145724 kB
Dirty:               444 kB
Writeback:             0 kB
AnonPages:       1249724 kB
Mapped:           857948 kB
Shmem:             28216 kB
KReclaimable:     702816 kB
Slab:             224420 kB
SReclaimable:      80240 kB
SUnreclaim:       144180 kB
KernelStack:       46352 kB
PageTables:        63012 kB
NFS_Unstable:          0 kB
Bounce:                0 kB
WritebackTmp:          0 kB
CommitLimit:     9202288 kB
Committed_AS:   66141684 kB
VmallocTotal:   263061440 kB
VmallocUsed:      103340 kB
VmallocChunk:          0 kB
Percpu:             7648 kB
CmaTotal:         294912 kB
CmaFree:               0 kB
MemTotal:       12113132 kB
MemFree:         6371952 kB
MemAvailable:    8105496 kB
Buffers:            6832 kB
Cached:          1925276 kB
SwapCached:            0 kB
Active:          1498300 kB
Inactive:        1679056 kB
Active(anon):    1251696 kB
Inactive(anon):    26268 kB
Active(file):     246604 kB
Inactive(file):  1652788 kB
Unevictable:        5552 kB
Mlocked:            5552 kB
SwapTotal:       3145724 kB
SwapFree:        3145724 kB
Dirty:               556 kB
Writeback:             0 kB
AnonPages:       1250928 kB
Mapped:           857760 kB
Shmem:             28216 kB
KReclaimable:     702856 kB
Slab:             224452 kB
SReclaimable:      80280 kB
SUnreclaim:       144172 kB
KernelStack:       46336 kB
PageTables:        62920 kB
NFS_Unstable:          0 kB
Bounce:                0 kB
WritebackTmp:          0 kB
CommitLimit:     9202288 kB
Committed_AS:   66141000 kB
VmallocTotal:   263061440 kB
VmallocUsed:      103372 kB
VmallocChunk:          0 kB
Percpu:             7648 kB
CmaTotal:         294912 kB
CmaFree:               0 kB
MemTotal:       12113132 kB
MemFree:         6371412 kB
MemAvailable:    8104972 kB
Buffers:            6832 kB
Cached:          1925300 kB
SwapCached:            0 kB
Active:          1500476 kB
Inactive:        1679076 kB
Active(anon):    1253868 kB
Inactive(anon):    26276 kB
Active(file):     246608 kB
Inactive(file):  1652800 kB
Unevictable:        5552 kB
Mlocked:            5552 kB
SwapTotal:       3145724 kB
SwapFree:        3145724 kB
Dirty:               728 kB
Writeback:             0 kB
AnonPages:       1252928 kB
Mapped:           857828 kB
Shmem:             28224 kB
KReclaimable:     702856 kB
Slab:             224468 kB
SReclaimable:      80280 kB
SUnreclaim:       144188 kB
KernelStack:       46432 kB
PageTables:        62936 kB
NFS_Unstable:          0 kB
Bounce:                0 kB
WritebackTmp:          0 kB
CommitLimit:     9202288 kB
Committed_AS:   66141332 kB
VmallocTotal:   263061440 kB
VmallocUsed:      103452 kB
VmallocChunk:          0 kB
Percpu:             7648 kB
CmaTotal:         294912 kB
CmaFree:               0 kB
MemTotal:       12113132 kB
MemFree:         6370264 kB
MemAvailable:    8103828 kB
Buffers:            6832 kB
Cached:          1925324 kB
SwapCached:            0 kB
Active:          1502028 kB
Inactive:        1679096 kB
Active(anon):    1255416 kB
Inactive(anon):    26296 kB
Active(file):     246612 kB
Inactive(file):  1652800 kB
Unevictable:        5552 kB
Mlocked:            5552 kB
SwapTotal:       3145724 kB
SwapFree:        3145724 kB
Dirty:               840 kB
Writeback:             0 kB
AnonPages:       1254648 kB
Mapped:           870904 kB
Shmem:             28244 kB
KReclaimable:     702856 kB
Slab:             224460 kB
SReclaimable:      80280 kB
SUnreclaim:       144180 kB
KernelStack:       46432 kB
PageTables:        62940 kB
NFS_Unstable:          0 kB
Bounce:                0 kB
WritebackTmp:          0 kB
CommitLimit:     9202288 kB
Committed_AS:   66141372 kB
VmallocTotal:   263061440 kB
VmallocUsed:      103436 kB
VmallocChunk:          0 kB
Percpu:             7648 kB
CmaTotal:         294912 kB
CmaFree:               0 kB
MemTotal:       12113132 kB
MemFree:         6369036 kB
MemAvailable:    8102620 kB
Buffers:            6832 kB
Cached:          1925344 kB
SwapCached:            0 kB
Active:          1502976 kB
Inactive:        1679116 kB
Active(anon):    1256364 kB
Inactive(anon):    26296 kB
Active(file):     246612 kB
Inactive(file):  1652820 kB
Unevictable:        5552 kB
Mlocked:            5552 kB
SwapTotal:       3145724 kB
SwapFree:        3145724 kB
Dirty:               860 kB
Writeback:             0 kB
AnonPages:       1255536 kB
Mapped:           871464 kB
Shmem:             28244 kB
KReclaimable:     702856 kB
Slab:             224468 kB
SReclaimable:      80280 kB
SUnreclaim:       144188 kB
KernelStack:       46432 kB
PageTables:        62980 kB
NFS_Unstable:          0 kB
Bounce:                0 kB
WritebackTmp:          0 kB
CommitLimit:     9202288 kB
Committed_AS:   66146224 kB
VmallocTotal:   263061440 kB
VmallocUsed:      103468 kB
VmallocChunk:          0 kB
Percpu:             7648 kB
CmaTotal:         294912 kB
CmaFree:               0 kB
MemTotal:       12113132 kB
MemFree:         6368812 kB
MemAvailable:    8102408 kB
Buffers:            6832 kB
Cached:          1925360 kB
SwapCached:            0 kB
Active:          1503140 kB
Inactive:        1679128 kB
Active(anon):    1256528 kB
Inactive(anon):    26296 kB
Active(file):     246612 kB
Inactive(file):  1652832 kB
Unevictable:        5552 kB
Mlocked:            5552 kB
SwapTotal:       3145724 kB
SwapFree:        3145724 kB
Dirty:               888 kB
Writeback:             0 kB
AnonPages:       1255636 kB
Mapped:           871464 kB
Shmem:             28244 kB
KReclaimable:     702856 kB
Slab:             224476 kB
SReclaimable:      80280 kB
SUnreclaim:       144196 kB
KernelStack:       46432 kB
PageTables:        62976 kB
NFS_Unstable:          0 kB
Bounce:                0 kB
WritebackTmp:          0 kB
CommitLimit:     9202288 kB
Committed_AS:   66145732 kB
VmallocTotal:   263061440 kB
VmallocUsed:      103452 kB
VmallocChunk:          0 kB
Percpu:             7648 kB
CmaTotal:         294912 kB
CmaFree:               0 kB
MemTotal:       12113132 kB
MemFree:         6367552 kB
MemAvailable:    8101296 kB
Buffers:            6836 kB
Cached:          1925500 kB
SwapCached:            0 kB
Active:          1503728 kB
Inactive:        1679276 kB
Active(anon):    1257116 kB
Inactive(anon):    26296 kB
Active(file):     246612 kB
Inactive(file):  1652980 kB
Unevictable:        5552 kB
Mlocked:            5552 kB
SwapTotal:       3145724 kB
SwapFree:        3145724 kB
Dirty:               808 kB
Writeback:             0 kB
AnonPages:       1256356 kB
Mapped:           871476 kB
Shmem:             28244 kB
KReclaimable:     702856 kB
Slab:             224456 kB
SReclaimable:      80280 kB
SUnreclaim:       144176 kB
KernelStack:       46464 kB
PageTables:        63012 kB
NFS_Unstable:          0 kB
Bounce:                0 kB
WritebackTmp:          0 kB
CommitLimit:     9202288 kB
Committed_AS:   66140260 kB
VmallocTotal:   263061440 kB
VmallocUsed:      103484 kB
VmallocChunk:          0 kB
Percpu:             7648 kB
CmaTotal:         294912 kB
CmaFree:               0 kB
MemTotal:       12113132 kB
MemFree:         6366160 kB
MemAvailable:    8099912 kB
Buffers:            6836 kB
Cached:          1925508 kB
SwapCached:            0 kB
Active:          1504684 kB
Inactive:        1679280 kB
Active(anon):    1258068 kB
Inactive(anon):    26296 kB
Active(file):     246616 kB
Inactive(file):  1652984 kB
Unevictable:        5552 kB
Mlocked:            5552 kB
SwapTotal:       3145724 kB
SwapFree:        3145724 kB
Dirty:               816 kB
Writeback:             0 kB
AnonPages:       1257208 kB
Mapped:           871464 kB
Shmem:             28244 kB
KReclaimable:     702856 kB
Slab:             224456 kB
SReclaimable:      80280 kB
SUnreclaim:       144176 kB
KernelStack:       46432 kB
PageTables:        62976 kB
NFS_Unstable:          0 kB
Bounce:                0 kB
WritebackTmp:          0 kB
CommitLimit:     9202288 kB
Committed_AS:   66140036 kB
VmallocTotal:   263061440 kB
VmallocUsed:      103468 kB
VmallocChunk:          0 kB
Percpu:             7648 kB
CmaTotal:         294912 kB
CmaFree:               0 kB
MemTotal:       12113132 kB
MemFree:         6365320 kB
MemAvailable:    8099084 kB
Buffers:            6836 kB
Cached:          1925720 kB
SwapCached:            0 kB
Active:          1505532 kB
Inactive:        1679232 kB
Active(anon):    1258916 kB
Inactive(anon):    26236 kB
Active(file):     246616 kB
Inactive(file):  1652996 kB
Unevictable:        5552 kB
Mlocked:            5552 kB
SwapTotal:       3145724 kB
SwapFree:        3145724 kB
Dirty:               860 kB
Writeback:             0 kB
AnonPages:       1257904 kB
Mapped:           871508 kB
Shmem:             28444 kB
KReclaimable:     702856 kB
Slab:             224460 kB
SReclaimable:      80280 kB
SUnreclaim:       144180 kB
KernelStack:       46464 kB
PageTables:        63008 kB
NFS_Unstable:          0 kB
Bounce:                0 kB
WritebackTmp:          0 kB
CommitLimit:     9202288 kB
Committed_AS:   66146492 kB
VmallocTotal:   263061440 kB
VmallocUsed:      103452 kB
VmallocChunk:          0 kB
Percpu:             7648 kB
CmaTotal:         294912 kB
CmaFree:               0 kB
MemTotal:       12113132 kB
MemFree:         6364628 kB
MemAvailable:    8098408 kB
Buffers:            6836 kB
Cached:          1925536 kB
SwapCached:            0 kB
Active:          1505484 kB
Inactive:        1679308 kB
Active(anon):    1258868 kB
Inactive(anon):    26296 kB
Active(file):     246616 kB
Inactive(file):  1653012 kB
Unevictable:        5552 kB
Mlocked:            5552 kB
SwapTotal:       3145724 kB
SwapFree:        3145724 kB
Dirty:               876 kB
Writeback:             0 kB
AnonPages:       1257740 kB
Mapped:           871620 kB
Shmem:             28244 kB
KReclaimable:     702856 kB
Slab:             224468 kB
SReclaimable:      80280 kB
SUnreclaim:       144188 kB
KernelStack:       46432 kB
PageTables:        62976 kB
NFS_Unstable:          0 kB
Bounce:                0 kB
WritebackTmp:          0 kB
CommitLimit:     9202288 kB
Committed_AS:   66140980 kB
VmallocTotal:   263061440 kB
VmallocUsed:      103452 kB
VmallocChunk:          0 kB
Percpu:             7648 kB
CmaTotal:         294912 kB
CmaFree:               0 kB
MemTotal:       12113132 kB
MemFree:         6364668 kB
MemAvailable:    8098456 kB
Buffers:            6836 kB
Cached:          1925544 kB
SwapCached:            0 kB
Active:          1506340 kB
Inactive:        1679316 kB
Active(anon):    1259724 kB
Inactive(anon):    26296 kB
Active(file):     246616 kB
Inactive(file):  1653020 kB
Unevictable:        5552 kB
Mlocked:            5552 kB
SwapTotal:       3145724 kB
SwapFree:        3145724 kB
Dirty:               508 kB
Writeback:             0 kB
AnonPages:       1258932 kB
Mapped:           871620 kB
Shmem:             28244 kB
KReclaimable:     702856 kB
Slab:             224468 kB
SReclaimable:      80280 kB
SUnreclaim:       144188 kB
KernelStack:       46432 kB
PageTables:        62992 kB
NFS_Unstable:          0 kB
Bounce:                0 kB
WritebackTmp:          0 kB
CommitLimit:     9202288 kB
Committed_AS:   66126444 kB
VmallocTotal:   263061440 kB
VmallocUsed:      103420 kB
VmallocChunk:          0 kB
Percpu:             7648 kB
CmaTotal:         294912 kB
CmaFree:               0 kB
MemTotal:       12113132 kB
MemFree:         6354780 kB
MemAvailable:    8088588 kB
Buffers:            6836 kB
Cached:          1925716 kB
SwapCached:            0 kB
Active:          1515244 kB
Inactive:        1679360 kB
Active(anon):    1268628 kB
Inactive(anon):    26320 kB
Active(file):     246616 kB
Inactive(file):  1653040 kB
Unevictable:        5552 kB
Mlocked:            5552 kB
SwapTotal:       3145724 kB
SwapFree:        3145724 kB
Dirty:               556 kB
Writeback:             0 kB
AnonPages:       1268324 kB
Mapped:           871648 kB
Shmem:             28396 kB
KReclaimable:     702856 kB
Slab:             224468 kB
SReclaimable:      80280 kB
SUnreclaim:       144188 kB
KernelStack:       46432 kB
PageTables:        62992 kB
NFS_Unstable:          0 kB
Bounce:                0 kB
WritebackTmp:          0 kB
CommitLimit:     9202288 kB
Committed_AS:   66145136 kB
VmallocTotal:   263061440 kB
VmallocUsed:      103420 kB
VmallocChunk:          0 kB
Percpu:             7648 kB
CmaTotal:         294912 kB
CmaFree:               0 kB
MemTotal:       12113132 kB
MemFree:         6354532 kB
MemAvailable:    8088348 kB
Buffers:            6836 kB
Cached:          1925572 kB
SwapCached:            0 kB
Active:          1516656 kB
Inactive:        1679344 kB
Active(anon):    1270040 kB
Inactive(anon):    26296 kB
Active(file):     246616 kB
Inactive(file):  1653048 kB
Unevictable:        5552 kB
Mlocked:            5552 kB
SwapTotal:       3145724 kB
SwapFree:        3145724 kB
Dirty:               568 kB
Writeback:             0 kB
AnonPages:       1268732 kB
Mapped:           871692 kB
Shmem:             28244 kB
KReclaimable:     702856 kB
Slab:             224468 kB
SReclaimable:      80280 kB
SUnreclaim:       144188 kB
KernelStack:       46496 kB
PageTables:        63096 kB
NFS_Unstable:          0 kB
Bounce:                0 kB
WritebackTmp:          0 kB
CommitLimit:     9202288 kB
Committed_AS:   66140784 kB
VmallocTotal:   263061440 kB
VmallocUsed:      103404 kB
VmallocChunk:          0 kB
Percpu:             7648 kB
CmaTotal:         294912 kB
CmaFree:               0 kB
MemTotal:       12113132 kB
MemFree:         6353660 kB
MemAvailable:    8087484 kB
Buffers:            6836 kB
Cached:          1925580 kB
SwapCached:            0 kB
Active:          1516164 kB
Inactive:        1679352 kB
Active(anon):    1269548 kB
Inactive(anon):    26296 kB
Active(file):     246616 kB
Inactive(file):  1653056 kB
Unevictable:        5552 kB
Mlocked:            5552 kB
SwapTotal:       3145724 kB
SwapFree:        3145724 kB
Dirty:               576 kB
Writeback:             0 kB
AnonPages:       1268784 kB
Mapped:           871620 kB
Shmem:             28244 kB
KReclaimable:     702856 kB
Slab:             224460 kB
SReclaimable:      80280 kB
SUnreclaim:       144180 kB
KernelStack:       46432 kB
PageTables:        62980 kB
NFS_Unstable:          0 kB
Bounce:                0 kB
WritebackTmp:          0 kB
CommitLimit:     9202288 kB
Committed_AS:   66146772 kB
VmallocTotal:   263061440 kB
VmallocUsed:      103420 kB
VmallocChunk:          0 kB
Percpu:             7648 kB
CmaTotal:         294912 kB
CmaFree:              12 kB
MemTotal:       12113132 kB
MemFree:         6354380 kB
MemAvailable:    8088212 kB
Buffers:            6836 kB
Cached:          1925588 kB
SwapCached:            0 kB
Active:          1516136 kB
Inactive:        1679360 kB
Active(anon):    1269520 kB
Inactive(anon):    26296 kB
Active(file):     246616 kB
Inactive(file):  1653064 kB
Unevictable:        5552 kB
Mlocked:            5552 kB
SwapTotal:       3145724 kB
SwapFree:        3145724 kB
Dirty:               600 kB
Writeback:             0 kB
AnonPages:       1268732 kB
Mapped:           871620 kB
Shmem:             28244 kB
KReclaimable:     702856 kB
Slab:             224468 kB
SReclaimable:      80280 kB
SUnreclaim:       144188 kB
KernelStack:       46432 kB
PageTables:        62976 kB
NFS_Unstable:          0 kB
Bounce:                0 kB
WritebackTmp:          0 kB
CommitLimit:     9202288 kB
Committed_AS:   66154120 kB
VmallocTotal:   263061440 kB
VmallocUsed:      103388 kB
VmallocChunk:          0 kB
Percpu:             7648 kB
CmaTotal:         294912 kB
CmaFree:               0 kB
MemTotal:       12113132 kB
MemFree:         6352472 kB
MemAvailable:    8086324 kB
Buffers:            6836 kB
Cached:          1925608 kB
SwapCached:            0 kB
Active:          1517216 kB
Inactive:        1679380 kB
Active(anon):    1270600 kB
Inactive(anon):    26296 kB
Active(file):     246616 kB
Inactive(file):  1653084 kB
Unevictable:        5552 kB
Mlocked:            5552 kB
SwapTotal:       3145724 kB
SwapFree:        3145724 kB
Dirty:               636 kB
Writeback:             0 kB
AnonPages:       1270080 kB
Mapped:           871620 kB
Shmem:             28244 kB
KReclaimable:     702856 kB
Slab:             224468 kB
SReclaimable:      80280 kB
SUnreclaim:       144188 kB
KernelStack:       46432 kB
PageTables:        62988 kB
NFS_Unstable:          0 kB
Bounce:                0 kB
WritebackTmp:          0 kB
CommitLimit:     9202288 kB
Committed_AS:   66150208 kB
VmallocTotal:   263061440 kB
VmallocUsed:      103452 kB
VmallocChunk:          0 kB
Percpu:             7648 kB
CmaTotal:         294912 kB
CmaFree:               0 kB
MemTotal:       12113132 kB
MemFree:         6352136 kB
MemAvailable:    8086000 kB
Buffers:            6836 kB
Cached:          1925620 kB
SwapCached:            0 kB
Active:          1517404 kB
Inactive:        1679392 kB
Active(anon):    1270788 kB
Inactive(anon):    26296 kB
Active(file):     246616 kB
Inactive(file):  1653096 kB
Unevictable:        5552 kB
Mlocked:            5552 kB
SwapTotal:       3145724 kB
SwapFree:        3145724 kB
Dirty:               648 kB
Writeback:             0 kB
AnonPages:       1269904 kB
Mapped:           871620 kB
Shmem:             28244 kB
KReclaimable:     702856 kB
Slab:             224468 kB
SReclaimable:      80280 kB
SUnreclaim:       144188 kB
KernelStack:       46432 kB
PageTables:        62972 kB
NFS_Unstable:          0 kB
Bounce:                0 kB
WritebackTmp:          0 kB
CommitLimit:     9202288 kB
Committed_AS:   66150384 kB
VmallocTotal:   263061440 kB
VmallocUsed:      103452 kB
VmallocChunk:          0 kB
Percpu:             7648 kB
CmaTotal:         294912 kB
CmaFree:               0 kB
MemTotal:       12113132 kB
MemFree:         6352052 kB
MemAvailable:    8085924 kB
Buffers:            6836 kB
Cached:          1925628 kB
SwapCached:            0 kB
Active:          1518300 kB
Inactive:        1679400 kB
Active(anon):    1271684 kB
Inactive(anon):    26296 kB
Active(file):     246616 kB
Inactive(file):  1653104 kB
Unevictable:        5552 kB
Mlocked:            5552 kB
SwapTotal:       3145724 kB
SwapFree:        3145724 kB
Dirty:               656 kB
Writeback:             0 kB
AnonPages:       1270872 kB
Mapped:           871620 kB
Shmem:             28244 kB
KReclaimable:     702856 kB
Slab:             224468 kB
SReclaimable:      80280 kB
SUnreclaim:       144188 kB
KernelStack:       46432 kB
PageTables:        62976 kB
NFS_Unstable:          0 kB
Bounce:                0 kB
WritebackTmp:          0 kB
CommitLimit:     9202288 kB
Committed_AS:   66150520 kB
VmallocTotal:   263061440 kB
VmallocUsed:      103420 kB
VmallocChunk:          0 kB
Percpu:             7648 kB
CmaTotal:         294912 kB
CmaFree:               0 kB
MemTotal:       12113132 kB
MemFree:         6351916 kB
MemAvailable:    8085828 kB
Buffers:            6836 kB
Cached:          1925668 kB
SwapCached:            0 kB
Active:          1519196 kB
Inactive:        1679436 kB
Active(anon):    1272576 kB
Inactive(anon):    26296 kB
Active(file):     246620 kB
Inactive(file):  1653140 kB
Unevictable:        5552 kB
Mlocked:            5552 kB
SwapTotal:       3145724 kB
SwapFree:        3145724 kB
Dirty:               688 kB
Writeback:             0 kB
AnonPages:       1271996 kB
Mapped:           871656 kB
Shmem:             28244 kB
KReclaimable:     702856 kB
Slab:             224468 kB
SReclaimable:      80280 kB
SUnreclaim:       144188 kB
KernelStack:       46464 kB
PageTables:        63012 kB
NFS_Unstable:          0 kB
Bounce:                0 kB
WritebackTmp:          0 kB
CommitLimit:     9202288 kB
Committed_AS:   66149992 kB
VmallocTotal:   263061440 kB
VmallocUsed:      103468 kB
VmallocChunk:          0 kB
Percpu:             7648 kB
CmaTotal:         294912 kB
CmaFree:               0 kB
MemTotal:       12113132 kB
MemFree:         6350780 kB
MemAvailable:    8084676 kB
Buffers:            6836 kB
Cached:          1925652 kB
SwapCached:            0 kB
Active:          1519868 kB
Inactive:        1679424 kB
Active(anon):    1273252 kB
Inactive(anon):    26296 kB
Active(file):     246616 kB
Inactive(file):  1653128 kB
Unevictable:        5552 kB
Mlocked:            5552 kB
SwapTotal:       3145724 kB
SwapFree:        3145724 kB
Dirty:               692 kB
Writeback:             0 kB
AnonPages:       1272876 kB
Mapped:           871620 kB
Shmem:             28244 kB
KReclaimable:     702856 kB
Slab:             224468 kB
SReclaimable:      80280 kB
SUnreclaim:       144188 kB
KernelStack:       46432 kB
PageTables:        62976 kB
NFS_Unstable:          0 kB
Bounce:                0 kB
WritebackTmp:          0 kB
CommitLimit:     9202288 kB
Committed_AS:   66150124 kB
VmallocTotal:   263061440 kB
VmallocUsed:      103452 kB
VmallocChunk:          0 kB
Percpu:             7648 kB
CmaTotal:         294912 kB
CmaFree:               0 kB
MemTotal:       12113132 kB
MemFree:         6349424 kB
MemAvailable:    8083336 kB
Buffers:            6836 kB
Cached:          1925668 kB
SwapCached:            0 kB
Active:          1520916 kB
Inactive:        1679440 kB
Active(anon):    1274300 kB
Inactive(anon):    26296 kB
Active(file):     246616 kB
Inactive(file):  1653144 kB
Unevictable:        5552 kB
Mlocked:            5552 kB
SwapTotal:       3145724 kB
SwapFree:        3145724 kB
Dirty:               720 kB
Writeback:             0 kB
AnonPages:       1273844 kB
Mapped:           871712 kB
Shmem:             28244 kB
KReclaimable:     702856 kB
Slab:             224468 kB
SReclaimable:      80280 kB
SUnreclaim:       144188 kB
KernelStack:       46448 kB
PageTables:        62968 kB
NFS_Unstable:          0 kB
Bounce:                0 kB
WritebackTmp:          0 kB
CommitLimit:     9202288 kB
Committed_AS:   66146864 kB
VmallocTotal:   263061440 kB
VmallocUsed:      103452 kB
VmallocChunk:          0 kB
Percpu:             7648 kB
CmaTotal:         294912 kB
CmaFree:               0 kB
MemTotal:       12113132 kB
MemFree:         6347156 kB
MemAvailable:    8081084 kB
Buffers:            6836 kB
Cached:          1925688 kB
SwapCached:            0 kB
Active:          1522428 kB
Inactive:        1679456 kB
Active(anon):    1275812 kB
Inactive(anon):    26296 kB
Active(file):     246616 kB
Inactive(file):  1653160 kB
Unevictable:        5552 kB
Mlocked:            5552 kB
SwapTotal:       3145724 kB
SwapFree:        3145724 kB
Dirty:               764 kB
Writeback:             0 kB
AnonPages:       1274820 kB
Mapped:           871620 kB
Shmem:             28244 kB
KReclaimable:     702856 kB
Slab:             224468 kB
SReclaimable:      80280 kB
SUnreclaim:       144188 kB
KernelStack:       46400 kB
PageTables:        62976 kB
NFS_Unstable:          0 kB
Bounce:                0 kB
WritebackTmp:          0 kB
CommitLimit:     9202288 kB
Committed_AS:   66146688 kB
VmallocTotal:   263061440 kB
VmallocUsed:      103404 kB
VmallocChunk:          0 kB
Percpu:             7648 kB
CmaTotal:         294912 kB
CmaFree:               0 kB
MemTotal:       12113132 kB
MemFree:         6347600 kB
MemAvailable:    8081540 kB
Buffers:            6836 kB
Cached:          1925700 kB
SwapCached:            0 kB
Active:          1523060 kB
Inactive:        1679468 kB
Active(anon):    1276444 kB
Inactive(anon):    26296 kB
Active(file):     246616 kB
Inactive(file):  1653172 kB
Unevictable:        5552 kB
Mlocked:            5552 kB
SwapTotal:       3145724 kB
SwapFree:        3145724 kB
Dirty:               776 kB
Writeback:             0 kB
AnonPages:       1275520 kB
Mapped:           871624 kB
Shmem:             28244 kB
KReclaimable:     702856 kB
Slab:             224468 kB
SReclaimable:      80280 kB
SUnreclaim:       144188 kB
KernelStack:       46400 kB
PageTables:        62980 kB
NFS_Unstable:          0 kB
Bounce:                0 kB
WritebackTmp:          0 kB
CommitLimit:     9202288 kB
Committed_AS:   66146424 kB
VmallocTotal:   263061440 kB
VmallocUsed:      103388 kB
VmallocChunk:          0 kB
Percpu:             7648 kB
CmaTotal:         294912 kB
CmaFree:               0 kB
MemTotal:       12113132 kB
MemFree:         6346404 kB
MemAvailable:    8080380 kB
Buffers:            6836 kB
Cached:          1925736 kB
SwapCached:            0 kB
Active:          1523564 kB
Inactive:        1679500 kB
Active(anon):    1276944 kB
Inactive(anon):    26296 kB
Active(file):     246620 kB
Inactive(file):  1653204 kB
Unevictable:        5552 kB
Mlocked:            5552 kB
SwapTotal:       3145724 kB
SwapFree:        3145724 kB
Dirty:               804 kB
Writeback:             0 kB
AnonPages:       1276060 kB
Mapped:           871620 kB
Shmem:             28244 kB
KReclaimable:     702856 kB
Slab:             224468 kB
SReclaimable:      80280 kB
SUnreclaim:       144188 kB
KernelStack:       46384 kB
PageTables:        62976 kB
NFS_Unstable:          0 kB
Bounce:                0 kB
WritebackTmp:          0 kB
CommitLimit:     9202288 kB
Committed_AS:   66147104 kB
VmallocTotal:   263061440 kB
VmallocUsed:      103388 kB
VmallocChunk:          0 kB
Percpu:             7648 kB
CmaTotal:         294912 kB
CmaFree:               0 kB
MemTotal:       12113132 kB
MemFree:         6346408 kB
MemAvailable:    8080376 kB
Buffers:            6836 kB
Cached:          1925724 kB
SwapCached:            0 kB
Active:          1524352 kB
Inactive:        1679496 kB
Active(anon):    1277736 kB
Inactive(anon):    26296 kB
Active(file):     246616 kB
Inactive(file):  1653200 kB
Unevictable:        5552 kB
Mlocked:            5552 kB
SwapTotal:       3145724 kB
SwapFree:        3145724 kB
Dirty:               900 kB
Writeback:             0 kB
AnonPages:       1276940 kB
Mapped:           871620 kB
Shmem:             28244 kB
KReclaimable:     702856 kB
Slab:             224452 kB
SReclaimable:      80280 kB
SUnreclaim:       144172 kB
KernelStack:       46384 kB
PageTables:        62976 kB
NFS_Unstable:          0 kB
Bounce:                0 kB
WritebackTmp:          0 kB
CommitLimit:     9202288 kB
Committed_AS:   66146900 kB
VmallocTotal:   263061440 kB
VmallocUsed:      103404 kB
VmallocChunk:          0 kB
Percpu:             7648 kB
CmaTotal:         294912 kB
CmaFree:               0 kB
MemTotal:       12113132 kB
MemFree:         6345336 kB
MemAvailable:    8079316 kB
Buffers:            6836 kB
Cached:          1925736 kB
SwapCached:            0 kB
Active:          1524544 kB
Inactive:        1679504 kB
Active(anon):    1277924 kB
Inactive(anon):    26296 kB
Active(file):     246620 kB
Inactive(file):  1653208 kB
Unevictable:        5552 kB
Mlocked:            5552 kB
SwapTotal:       3145724 kB
SwapFree:        3145724 kB
Dirty:               916 kB
Writeback:             0 kB
AnonPages:       1277272 kB
Mapped:           871620 kB
Shmem:             28244 kB
KReclaimable:     702856 kB
Slab:             224452 kB
SReclaimable:      80280 kB
SUnreclaim:       144172 kB
KernelStack:       46384 kB
PageTables:        62956 kB
NFS_Unstable:          0 kB
Bounce:                0 kB
WritebackTmp:          0 kB
CommitLimit:     9202288 kB
Committed_AS:   66145688 kB
VmallocTotal:   263061440 kB
VmallocUsed:      103372 kB
VmallocChunk:          0 kB
Percpu:             7648 kB
CmaTotal:         294912 kB
CmaFree:               0 kB
MemTotal:       12113132 kB
MemFree:         6345796 kB
MemAvailable:    8079792 kB
Buffers:            6840 kB
Cached:          1925752 kB
SwapCached:            0 kB
Active:          1522648 kB
Inactive:        1679520 kB
Active(anon):    1276028 kB
Inactive(anon):    26296 kB
Active(file):     246620 kB
Inactive(file):  1653224 kB
Unevictable:        5552 kB
Mlocked:            5552 kB
SwapTotal:       3145724 kB
SwapFree:        3145724 kB
Dirty:               916 kB
Writeback:            52 kB
AnonPages:       1275048 kB
Mapped:           871620 kB
Shmem:             28244 kB
KReclaimable:     702856 kB
Slab:             224460 kB
SReclaimable:      80280 kB
SUnreclaim:       144180 kB
KernelStack:       46384 kB
PageTables:        63036 kB
NFS_Unstable:          0 kB
Bounce:                0 kB
WritebackTmp:          0 kB
CommitLimit:     9202288 kB
Committed_AS:   66141492 kB
VmallocTotal:   263061440 kB
VmallocUsed:      103372 kB
VmallocChunk:          0 kB
Percpu:             7648 kB
CmaTotal:         294912 kB
CmaFree:               8 kB
MemTotal:       12113132 kB
MemFree:         6346144 kB
MemAvailable:    8080164 kB
Buffers:            6840 kB
Cached:          1925772 kB
SwapCached:            0 kB
Active:          1523400 kB
Inactive:        1679544 kB
Active(anon):    1276780 kB
Inactive(anon):    26296 kB
Active(file):     246620 kB
Inactive(file):  1653248 kB
Unevictable:        5552 kB
Mlocked:            5552 kB
SwapTotal:       3145724 kB
SwapFree:        3145724 kB
Dirty:               920 kB
Writeback:             0 kB
AnonPages:       1275824 kB
Mapped:           871620 kB
Shmem:             28244 kB
KReclaimable:     702856 kB
Slab:             224468 kB
SReclaimable:      80280 kB
SUnreclaim:       144188 kB
KernelStack:       46352 kB
PageTables:        62988 kB
NFS_Unstable:          0 kB
Bounce:                0 kB
WritebackTmp:          0 kB
CommitLimit:     9202288 kB
Committed_AS:   66141068 kB
VmallocTotal:   263061440 kB
VmallocUsed:      103372 kB
VmallocChunk:          0 kB
Percpu:             7648 kB
CmaTotal:         294912 kB
CmaFree:               0 kB
MemTotal:       12113132 kB
MemFree:         6345508 kB
MemAvailable:    8079536 kB
Buffers:            6840 kB
Cached:          1925780 kB
SwapCached:            0 kB
Active:          1523700 kB
Inactive:        1679552 kB
Active(anon):    1277080 kB
Inactive(anon):    26296 kB
Active(file):     246620 kB
Inactive(file):  1653256 kB
Unevictable:        5552 kB
Mlocked:            5552 kB
SwapTotal:       3145724 kB
SwapFree:        3145724 kB
Dirty:               928 kB
Writeback:             0 kB
AnonPages:       1276224 kB
Mapped:           871692 kB
Shmem:             28244 kB
KReclaimable:     702856 kB
Slab:             224468 kB
SReclaimable:      80280 kB
SUnreclaim:       144188 kB
KernelStack:       46416 kB
PageTables:        63108 kB
NFS_Unstable:          0 kB
Bounce:                0 kB
WritebackTmp:          0 kB
CommitLimit:     9202288 kB
Committed_AS:   66141016 kB
VmallocTotal:   263061440 kB
VmallocUsed:      103356 kB
VmallocChunk:          0 kB
Percpu:             7648 kB
CmaTotal:         294912 kB
CmaFree:               0 kB
MemTotal:       12113132 kB
MemFree:         6357924 kB
MemAvailable:    8091960 kB
Buffers:            6840 kB
Cached:          1925788 kB
SwapCached:            0 kB
Active:          1510816 kB
Inactive:        1679560 kB
Active(anon):    1264196 kB
Inactive(anon):    26296 kB
Active(file):     246620 kB
Inactive(file):  1653264 kB
Unevictable:        5552 kB
Mlocked:            5552 kB
SwapTotal:       3145724 kB
SwapFree:        3145724 kB
Dirty:               936 kB
Writeback:             0 kB
AnonPages:       1263432 kB
Mapped:           858004 kB
Shmem:             28244 kB
KReclaimable:     702856 kB
Slab:             224452 kB
SReclaimable:      80280 kB
SUnreclaim:       144172 kB
KernelStack:       46352 kB
PageTables:        62936 kB
NFS_Unstable:          0 kB
Bounce:                0 kB
WritebackTmp:          0 kB
CommitLimit:     9202288 kB
Committed_AS:   66141676 kB
VmallocTotal:   263061440 kB
VmallocUsed:      103356 kB
VmallocChunk:          0 kB
Percpu:             7648 kB
CmaTotal:         294912 kB
CmaFree:             128 kB
MemTotal:       12113132 kB
MemFree:         6358232 kB
MemAvailable:    8092284 kB
Buffers:            6840 kB
Cached:          1925804 kB
SwapCached:            0 kB
Active:          1510708 kB
Inactive:        1679576 kB
Active(anon):    1264088 kB
Inactive(anon):    26296 kB
Active(file):     246620 kB
Inactive(file):  1653280 kB
Unevictable:        5552 kB
Mlocked:            5552 kB
SwapTotal:       3145724 kB
SwapFree:        3145724 kB
Dirty:               964 kB
Writeback:             0 kB
AnonPages:       1263108 kB
Mapped:           858176 kB
Shmem:             28244 kB
KReclaimable:     702856 kB
Slab:             224468 kB
SReclaimable:      80280 kB
SUnreclaim:       144188 kB
KernelStack:       46400 kB
PageTables:        62952 kB
NFS_Unstable:          0 kB
Bounce:                0 kB
WritebackTmp:          0 kB
CommitLimit:     9202288 kB
Committed_AS:   66137612 kB
VmallocTotal:   263061440 kB
VmallocUsed:      103356 kB
VmallocChunk:          0 kB
Percpu:             7648 kB
CmaTotal:         294912 kB
CmaFree:               0 kB
MemTotal:       12113132 kB
MemFree:         6377260 kB
MemAvailable:    8111328 kB
Buffers:            6840 kB
Cached:          1925820 kB
SwapCached:            0 kB
Active:          1493112 kB
Inactive:        1679592 kB
Active(anon):    1246492 kB
Inactive(anon):    26296 kB
Active(file):     246620 kB
Inactive(file):  1653296 kB
Unevictable:        5552 kB
Mlocked:            5552 kB
SwapTotal:       3145724 kB
SwapFree:        3145724 kB
Dirty:               984 kB
Writeback:             0 kB
AnonPages:       1245720 kB
Mapped:           858004 kB
Shmem:             28244 kB
KReclaimable:     702856 kB
Slab:             224452 kB
SReclaimable:      80280 kB
SUnreclaim:       144172 kB
KernelStack:       46352 kB
PageTables:        62932 kB
NFS_Unstable:          0 kB
Bounce:                0 kB
WritebackTmp:          0 kB
CommitLimit:     9202288 kB
Committed_AS:   66140944 kB
VmallocTotal:   263061440 kB
VmallocUsed:      103388 kB
VmallocChunk:          0 kB
Percpu:             7648 kB
CmaTotal:         294912 kB
CmaFree:               0 kB
MemTotal:       12113132 kB
MemFree:         6376604 kB
MemAvailable:    8110676 kB
Buffers:            6840 kB
Cached:          1925824 kB
SwapCached:            0 kB
Active:          1494008 kB
Inactive:        1679596 kB
Active(anon):    1247388 kB
Inactive(anon):    26296 kB
Active(file):     246620 kB
Inactive(file):  1653300 kB
Unevictable:        5552 kB
Mlocked:            5552 kB
SwapTotal:       3145724 kB
SwapFree:        3145724 kB
Dirty:              1000 kB
Writeback:             0 kB
AnonPages:       1246304 kB
Mapped:           858196 kB
Shmem:             28244 kB
KReclaimable:     702856 kB
Slab:             224460 kB
SReclaimable:      80280 kB
SUnreclaim:       144180 kB
KernelStack:       46384 kB
PageTables:        62968 kB
NFS_Unstable:          0 kB
Bounce:                0 kB
WritebackTmp:          0 kB
CommitLimit:     9202288 kB
Committed_AS:   66146036 kB
VmallocTotal:   263061440 kB
VmallocUsed:      103388 kB
VmallocChunk:          0 kB
Percpu:             7648 kB
CmaTotal:         294912 kB
CmaFree:               0 kB
MemTotal:       12113132 kB
MemFree:         6375384 kB
MemAvailable:    8109476 kB
Buffers:            6840 kB
Cached:          1925848 kB
SwapCached:            0 kB
Active:          1494136 kB
Inactive:        1679620 kB
Active(anon):    1247516 kB
Inactive(anon):    26300 kB
Active(file):     246620 kB
Inactive(file):  1653320 kB
Unevictable:        5552 kB
Mlocked:            5552 kB
SwapTotal:       3145724 kB
SwapFree:        3145724 kB
Dirty:              1020 kB
Writeback:             0 kB
AnonPages:       1246700 kB
Mapped:           858008 kB
Shmem:             28248 kB
KReclaimable:     702856 kB
Slab:             224460 kB
SReclaimable:      80280 kB
SUnreclaim:       144180 kB
KernelStack:       46356 kB
PageTables:        62864 kB
NFS_Unstable:          0 kB
Bounce:                0 kB
WritebackTmp:          0 kB
CommitLimit:     9202288 kB
Committed_AS:   66146564 kB
VmallocTotal:   263061440 kB
VmallocUsed:      103356 kB
VmallocChunk:          0 kB
Percpu:             7648 kB
CmaTotal:         294912 kB
CmaFree:               0 kB
MemTotal:       12113132 kB
MemFree:         6395984 kB
MemAvailable:    8130084 kB
Buffers:            6840 kB
Cached:          1925856 kB
SwapCached:            0 kB
Active:          1473100 kB
Inactive:        1679628 kB
Active(anon):    1226480 kB
Inactive(anon):    26300 kB
Active(file):     246620 kB
Inactive(file):  1653328 kB
Unevictable:        5552 kB
Mlocked:            5552 kB
SwapTotal:       3145724 kB
SwapFree:        3145724 kB
Dirty:              1076 kB
Writeback:             0 kB
AnonPages:       1225488 kB
Mapped:           858080 kB
Shmem:             28248 kB
KReclaimable:     702856 kB
Slab:             224468 kB
SReclaimable:      80280 kB
SUnreclaim:       144188 kB
KernelStack:       46400 kB
PageTables:        63044 kB
NFS_Unstable:          0 kB
Bounce:                0 kB
WritebackTmp:          0 kB
CommitLimit:     9202288 kB
Committed_AS:   66146864 kB
VmallocTotal:   263061440 kB
VmallocUsed:      103308 kB
VmallocChunk:          0 kB
Percpu:             7648 kB
CmaTotal:         294912 kB
CmaFree:               0 kB
MemTotal:       12113132 kB
MemFree:         6396084 kB
MemAvailable:    8130200 kB
Buffers:            6840 kB
Cached:          1925872 kB
SwapCached:            0 kB
Active:          1473860 kB
Inactive:        1679644 kB
Active(anon):    1227240 kB
Inactive(anon):    26300 kB
Active(file):     246620 kB
Inactive(file):  1653344 kB
Unevictable:        5552 kB
Mlocked:            5552 kB
SwapTotal:       3145724 kB
SwapFree:        3145724 kB
Dirty:               572 kB
Writeback:             0 kB
AnonPages:       1226196 kB
Mapped:           858004 kB
Shmem:             28248 kB
KReclaimable:     702856 kB
Slab:             224472 kB
SReclaimable:      80280 kB
SUnreclaim:       144192 kB
KernelStack:       46304 kB
PageTables:        62920 kB
NFS_Unstable:          0 kB
Bounce:                0 kB
WritebackTmp:          0 kB
CommitLimit:     9202288 kB
Committed_AS:   66146136 kB
VmallocTotal:   263061440 kB
VmallocUsed:      103324 kB
VmallocChunk:          0 kB
Percpu:             7648 kB
CmaTotal:         294912 kB
CmaFree:               0 kB
MemTotal:       12113132 kB
MemFree:         6395444 kB
MemAvailable:    8129568 kB
Buffers:            6840 kB
Cached:          1925880 kB
SwapCached:            0 kB
Active:          1474816 kB
Inactive:        1679652 kB
Active(anon):    1228196 kB
Inactive(anon):    26300 kB
Active(file):     246620 kB
Inactive(file):  1653352 kB
Unevictable:        5552 kB
Mlocked:            5552 kB
SwapTotal:       3145724 kB
SwapFree:        3145724 kB
Dirty:               676 kB
Writeback:             0 kB
AnonPages:       1227040 kB
Mapped:           858008 kB
Shmem:             28248 kB
KReclaimable:     702856 kB
Slab:             224464 kB
SReclaimable:      80280 kB
SUnreclaim:       144184 kB
KernelStack:       46368 kB
PageTables:        62980 kB
NFS_Unstable:          0 kB
Bounce:                0 kB
WritebackTmp:          0 kB
CommitLimit:     9202288 kB
Committed_AS:   66140296 kB
VmallocTotal:   263061440 kB
VmallocUsed:      103356 kB
VmallocChunk:          0 kB
Percpu:             7648 kB
CmaTotal:         294912 kB
CmaFree:               4 kB
MemTotal:       12113132 kB
MemFree:         6395748 kB
MemAvailable:    8129892 kB
Buffers:            6840 kB
Cached:          1925900 kB
SwapCached:            0 kB
Active:          1475428 kB
Inactive:        1679668 kB
Active(anon):    1228804 kB
Inactive(anon):    26300 kB
Active(file):     246624 kB
Inactive(file):  1653368 kB
Unevictable:        5552 kB
Mlocked:            5552 kB
SwapTotal:       3145724 kB
SwapFree:        3145724 kB
Dirty:               660 kB
Writeback:             0 kB
AnonPages:       1227676 kB
Mapped:           858008 kB
Shmem:             28248 kB
KReclaimable:     702856 kB
Slab:             224464 kB
SReclaimable:      80280 kB
SUnreclaim:       144184 kB
KernelStack:       46336 kB
PageTables:        63036 kB
NFS_Unstable:          0 kB
Bounce:                0 kB
WritebackTmp:          0 kB
CommitLimit:     9202288 kB
Committed_AS:   66141632 kB
VmallocTotal:   263061440 kB
VmallocUsed:      103276 kB
VmallocChunk:          0 kB
Percpu:             7648 kB
CmaTotal:         294912 kB
CmaFree:               0 kB
MemTotal:       12113132 kB
MemFree:         6394848 kB
MemAvailable:    8128992 kB
Buffers:            6840 kB
Cached:          1925900 kB
SwapCached:            0 kB
Active:          1475780 kB
Inactive:        1679672 kB
Active(anon):    1229160 kB
Inactive(anon):    26300 kB
Active(file):     246620 kB
Inactive(file):  1653372 kB
Unevictable:        5552 kB
Mlocked:            5552 kB
SwapTotal:       3145724 kB
SwapFree:        3145724 kB
Dirty:               676 kB
Writeback:             0 kB
AnonPages:       1228404 kB
Mapped:           858008 kB
Shmem:             28248 kB
KReclaimable:     702856 kB
Slab:             224472 kB
SReclaimable:      80280 kB
SUnreclaim:       144192 kB
KernelStack:       46288 kB
PageTables:        62928 kB
NFS_Unstable:          0 kB
Bounce:                0 kB
WritebackTmp:          0 kB
CommitLimit:     9202288 kB
Committed_AS:   66140004 kB
VmallocTotal:   263061440 kB
VmallocUsed:      103308 kB
VmallocChunk:          0 kB
Percpu:             7648 kB
CmaTotal:         294912 kB
CmaFree:               0 kB
MemTotal:       12113132 kB
MemFree:         6393676 kB
MemAvailable:    8127832 kB
Buffers:            6840 kB
Cached:          1925912 kB
SwapCached:            0 kB
Active:          1476012 kB
Inactive:        1679684 kB
Active(anon):    1229392 kB
Inactive(anon):    26300 kB
Active(file):     246620 kB
Inactive(file):  1653384 kB
Unevictable:        5552 kB
Mlocked:            5552 kB
SwapTotal:       3145724 kB
SwapFree:        3145724 kB
Dirty:               688 kB
Writeback:             0 kB
AnonPages:       1228680 kB
Mapped:           858008 kB
Shmem:             28248 kB
KReclaimable:     702856 kB
Slab:             224480 kB
SReclaimable:      80280 kB
SUnreclaim:       144200 kB
KernelStack:       46288 kB
PageTables:        62924 kB
NFS_Unstable:          0 kB
Bounce:                0 kB
WritebackTmp:          0 kB
CommitLimit:     9202288 kB
Committed_AS:   66143688 kB
VmallocTotal:   263061440 kB
VmallocUsed:      103308 kB
VmallocChunk:          0 kB
Percpu:             7648 kB
CmaTotal:         294912 kB
CmaFree:               0 kB
MemTotal:       12113132 kB
MemFree:         6392364 kB
MemAvailable:    8126532 kB
Buffers:            6840 kB
Cached:          1925924 kB
SwapCached:            0 kB
Active:          1477296 kB
Inactive:        1679696 kB
Active(anon):    1230676 kB
Inactive(anon):    26300 kB
Active(file):     246620 kB
Inactive(file):  1653396 kB
Unevictable:        5552 kB
Mlocked:            5552 kB
SwapTotal:       3145724 kB
SwapFree:        3145724 kB
Dirty:               436 kB
Writeback:             0 kB
AnonPages:       1230004 kB
Mapped:           858108 kB
Shmem:             28248 kB
KReclaimable:     702856 kB
Slab:             224464 kB
SReclaimable:      80280 kB
SUnreclaim:       144184 kB
KernelStack:       46320 kB
PageTables:        62968 kB
NFS_Unstable:          0 kB
Bounce:                0 kB
WritebackTmp:          0 kB
CommitLimit:     9202288 kB
Committed_AS:   66146324 kB
VmallocTotal:   263061440 kB
VmallocUsed:      103324 kB
VmallocChunk:          0 kB
Percpu:             7648 kB
CmaTotal:         294912 kB
CmaFree:               0 kB
MemTotal:       12113132 kB
MemFree:         6367196 kB
MemAvailable:    8101384 kB
Buffers:            6848 kB
Cached:          1925852 kB
SwapCached:            0 kB
Active:          1505300 kB
Inactive:        1679624 kB
Active(anon):    1258672 kB
Inactive(anon):    26216 kB
Active(file):     246628 kB
Inactive(file):  1653408 kB
Unevictable:        5552 kB
Mlocked:            5552 kB
SwapTotal:       3145724 kB
SwapFree:        3145724 kB
Dirty:               500 kB
Writeback:             0 kB
AnonPages:       1257920 kB
Mapped:           857928 kB
Shmem:             28164 kB
KReclaimable:     702856 kB
Slab:             224464 kB
SReclaimable:      80280 kB
SUnreclaim:       144184 kB
KernelStack:       46288 kB
PageTables:        62912 kB
NFS_Unstable:          0 kB
Bounce:                0 kB
WritebackTmp:          0 kB
CommitLimit:     9202288 kB
Committed_AS:   66142156 kB
VmallocTotal:   263061440 kB
VmallocUsed:      103324 kB
VmallocChunk:          0 kB
Percpu:             7648 kB
CmaTotal:         294912 kB
CmaFree:               0 kB
MemTotal:       12113132 kB
MemFree:         6365460 kB
MemAvailable:    8099684 kB
Buffers:            6848 kB
Cached:          1925972 kB
SwapCached:            0 kB
Active:          1505864 kB
Inactive:        1679744 kB
Active(anon):    1259236 kB
Inactive(anon):    26300 kB
Active(file):     246628 kB
Inactive(file):  1653444 kB
Unevictable:        5552 kB
Mlocked:            5552 kB
SwapTotal:       3145724 kB
SwapFree:        3145724 kB
Dirty:               504 kB
Writeback:             0 kB
AnonPages:       1258532 kB
Mapped:           858008 kB
Shmem:             28248 kB
KReclaimable:     702856 kB
Slab:             224464 kB
SReclaimable:      80280 kB
SUnreclaim:       144184 kB
KernelStack:       46256 kB
PageTables:        62924 kB
NFS_Unstable:          0 kB
Bounce:                0 kB
WritebackTmp:          0 kB
CommitLimit:     9202288 kB
Committed_AS:   66142104 kB
VmallocTotal:   263061440 kB
VmallocUsed:      103292 kB
VmallocChunk:          0 kB
Percpu:             7648 kB
CmaTotal:         294912 kB
CmaFree:               0 kB
MemTotal:       12113132 kB
MemFree:         6364028 kB
MemAvailable:    8098260 kB
Buffers:            6848 kB
Cached:          1925980 kB
SwapCached:            0 kB
Active:          1507076 kB
Inactive:        1679752 kB
Active(anon):    1260448 kB
Inactive(anon):    26300 kB
Active(file):     246628 kB
Inactive(file):  1653452 kB
Unevictable:        5552 kB
Mlocked:            5552 kB
SwapTotal:       3145724 kB
SwapFree:        3145724 kB
Dirty:               516 kB
Writeback:             0 kB
AnonPages:       1259516 kB
Mapped:           858116 kB
Shmem:             28248 kB
KReclaimable:     702856 kB
Slab:             224480 kB
SReclaimable:      80280 kB
SUnreclaim:       144200 kB
KernelStack:       46256 kB
PageTables:        62904 kB
NFS_Unstable:          0 kB
Bounce:                0 kB
WritebackTmp:          0 kB
CommitLimit:     9202288 kB
Committed_AS:   66136848 kB
VmallocTotal:   263061440 kB
VmallocUsed:      103292 kB
VmallocChunk:          0 kB
Percpu:             7648 kB
CmaTotal:         294912 kB
CmaFree:               0 kB
MemTotal:       12113132 kB
MemFree:         6367728 kB
MemAvailable:    8101968 kB
Buffers:            6848 kB
Cached:          1926168 kB
SwapCached:            0 kB
Active:          1503156 kB
Inactive:        1679760 kB
Active(anon):    1256528 kB
Inactive(anon):    26300 kB
Active(file):     246628 kB
Inactive(file):  1653460 kB
Unevictable:        5552 kB
Mlocked:            5552 kB
SwapTotal:       3145724 kB
SwapFree:        3145724 kB
Dirty:               524 kB
Writeback:             0 kB
AnonPages:       1255948 kB
Mapped:           858200 kB
Shmem:             28428 kB
KReclaimable:     702856 kB
Slab:             224472 kB
SReclaimable:      80280 kB
SUnreclaim:       144192 kB
KernelStack:       46292 kB
PageTables:        62868 kB
NFS_Unstable:          0 kB
Bounce:                0 kB
WritebackTmp:          0 kB
CommitLimit:     9202288 kB
Committed_AS:   66149216 kB
VmallocTotal:   263061440 kB
VmallocUsed:      103292 kB
VmallocChunk:          0 kB
Percpu:             7648 kB
CmaTotal:         294912 kB
CmaFree:              32 kB
MemTotal:       12113132 kB
MemFree:         6366676 kB
MemAvailable:    8100932 kB
Buffers:            6848 kB
Cached:          1926004 kB
SwapCached:            0 kB
Active:          1503196 kB
Inactive:        1679776 kB
Active(anon):    1256568 kB
Inactive(anon):    26300 kB
Active(file):     246628 kB
Inactive(file):  1653476 kB
Unevictable:        5552 kB
Mlocked:            5552 kB
SwapTotal:       3145724 kB
SwapFree:        3145724 kB
Dirty:               404 kB
Writeback:             0 kB
AnonPages:       1255700 kB
Mapped:           858008 kB
Shmem:             28248 kB
KReclaimable:     702856 kB
Slab:             224464 kB
SReclaimable:      80280 kB
SUnreclaim:       144184 kB
KernelStack:       46256 kB
PageTables:        62924 kB
NFS_Unstable:          0 kB
Bounce:                0 kB
WritebackTmp:          0 kB
CommitLimit:     9202288 kB
Committed_AS:   66151256 kB
VmallocTotal:   263061440 kB
VmallocUsed:      103276 kB
VmallocChunk:          0 kB
Percpu:             7648 kB
CmaTotal:         294912 kB
CmaFree:               0 kB
MemTotal:       12113132 kB
MemFree:         6367136 kB
MemAvailable:    8101404 kB
Buffers:            6848 kB
Cached:          1926020 kB
SwapCached:            0 kB
Active:          1504060 kB
Inactive:        1679792 kB
Active(anon):    1257432 kB
Inactive(anon):    26304 kB
Active(file):     246628 kB
Inactive(file):  1653488 kB
Unevictable:        5552 kB
Mlocked:            5552 kB
SwapTotal:       3145724 kB
SwapFree:        3145724 kB
Dirty:               440 kB
Writeback:             0 kB
AnonPages:       1256660 kB
Mapped:           858012 kB
Shmem:             28252 kB
KReclaimable:     702856 kB
Slab:             224472 kB
SReclaimable:      80280 kB
SUnreclaim:       144192 kB
KernelStack:       46176 kB
PageTables:        62932 kB
NFS_Unstable:          0 kB
Bounce:                0 kB
WritebackTmp:          0 kB
CommitLimit:     9202288 kB
Committed_AS:   66153640 kB
VmallocTotal:   263061440 kB
VmallocUsed:      103196 kB
VmallocChunk:          0 kB
Percpu:             7648 kB
CmaTotal:         294912 kB
CmaFree:               0 kB
MemTotal:       12113132 kB
MemFree:         6365740 kB
MemAvailable:    8100020 kB
Buffers:            6848 kB
Cached:          1926032 kB
SwapCached:            0 kB
Active:          1504532 kB
Inactive:        1679804 kB
Active(anon):    1257904 kB
Inactive(anon):    26304 kB
Active(file):     246628 kB
Inactive(file):  1653500 kB
Unevictable:        5552 kB
Mlocked:            5552 kB
SwapTotal:       3145724 kB
SwapFree:        3145724 kB
Dirty:               468 kB
Writeback:             0 kB
AnonPages:       1257208 kB
Mapped:           858012 kB
Shmem:             28252 kB
KReclaimable:     702856 kB
Slab:             224472 kB
SReclaimable:      80280 kB
SUnreclaim:       144192 kB
KernelStack:       46176 kB
PageTables:        62924 kB
NFS_Unstable:          0 kB
Bounce:                0 kB
WritebackTmp:          0 kB
CommitLimit:     9202288 kB
Committed_AS:   66149504 kB
VmallocTotal:   263061440 kB
VmallocUsed:      103196 kB
VmallocChunk:          0 kB
Percpu:             7648 kB
CmaTotal:         294912 kB
CmaFree:               0 kB
MemTotal:       12113132 kB
MemFree:         6365272 kB
MemAvailable:    8099560 kB
Buffers:            6848 kB
Cached:          1926040 kB
SwapCached:            0 kB
Active:          1504948 kB
Inactive:        1679812 kB
Active(anon):    1258320 kB
Inactive(anon):    26304 kB
Active(file):     246628 kB
Inactive(file):  1653508 kB
Unevictable:        5552 kB
Mlocked:            5552 kB
SwapTotal:       3145724 kB
SwapFree:        3145724 kB
Dirty:               476 kB
Writeback:             0 kB
AnonPages:       1257248 kB
Mapped:           857964 kB
Shmem:             28252 kB
KReclaimable:     702856 kB
Slab:             224472 kB
SReclaimable:      80280 kB
SUnreclaim:       144192 kB
KernelStack:       46208 kB
PageTables:        62948 kB
NFS_Unstable:          0 kB
Bounce:                0 kB
WritebackTmp:          0 kB
CommitLimit:     9202288 kB
Committed_AS:   66149100 kB
VmallocTotal:   263061440 kB
VmallocUsed:      103212 kB
VmallocChunk:          0 kB
Percpu:             7648 kB
CmaTotal:         294912 kB
CmaFree:               0 kB
MemTotal:       12113132 kB
MemFree:         6363812 kB
MemAvailable:    8098116 kB
Buffers:            6848 kB
Cached:          1926056 kB
SwapCached:            0 kB
Active:          1505672 kB
Inactive:        1679828 kB
Active(anon):    1259044 kB
Inactive(anon):    26304 kB
Active(file):     246628 kB
Inactive(file):  1653524 kB
Unevictable:        5552 kB
Mlocked:            5552 kB
SwapTotal:       3145724 kB
SwapFree:        3145724 kB
Dirty:               492 kB
Writeback:             0 kB
AnonPages:       1258048 kB
Mapped:           858012 kB
Shmem:             28252 kB
KReclaimable:     702856 kB
Slab:             224472 kB
SReclaimable:      80280 kB
SUnreclaim:       144192 kB
KernelStack:       46208 kB
PageTables:        62808 kB
NFS_Unstable:          0 kB
Bounce:                0 kB
WritebackTmp:          0 kB
CommitLimit:     9202288 kB
Committed_AS:   66134588 kB
VmallocTotal:   263061440 kB
VmallocUsed:      103164 kB
VmallocChunk:          0 kB
Percpu:             7648 kB
CmaTotal:         294912 kB
CmaFree:               0 kB
MemTotal:       12113132 kB
MemFree:         6364184 kB
MemAvailable:    8098496 kB
Buffers:            6848 kB
Cached:          1926064 kB
SwapCached:            0 kB
Active:          1505968 kB
Inactive:        1679836 kB
Active(anon):    1259340 kB
Inactive(anon):    26304 kB
Active(file):     246628 kB
Inactive(file):  1653532 kB
Unevictable:        5552 kB
Mlocked:            5552 kB
SwapTotal:       3145724 kB
SwapFree:        3145724 kB
Dirty:               528 kB
Writeback:             0 kB
AnonPages:       1258756 kB
Mapped:           858012 kB
Shmem:             28252 kB
KReclaimable:     702856 kB
Slab:             224472 kB
SReclaimable:      80280 kB
SUnreclaim:       144192 kB
KernelStack:       46176 kB
PageTables:        62936 kB
NFS_Unstable:          0 kB
Bounce:                0 kB
WritebackTmp:          0 kB
CommitLimit:     9202288 kB
Committed_AS:   66140164 kB
VmallocTotal:   263061440 kB
VmallocUsed:      103212 kB
VmallocChunk:          0 kB
Percpu:             7648 kB
CmaTotal:         294912 kB
CmaFree:               0 kB
MemTotal:       12113132 kB
MemFree:         6363736 kB
MemAvailable:    8098092 kB
Buffers:            6848 kB
Cached:          1926108 kB
SwapCached:            0 kB
Active:          1505868 kB
Inactive:        1679876 kB
Active(anon):    1259236 kB
Inactive(anon):    26304 kB
Active(file):     246632 kB
Inactive(file):  1653572 kB
Unevictable:        5552 kB
Mlocked:            5552 kB
SwapTotal:       3145724 kB
SwapFree:        3145724 kB
Dirty:               552 kB
Writeback:             0 kB
AnonPages:       1258280 kB
Mapped:           858012 kB
Shmem:             28252 kB
KReclaimable:     702856 kB
Slab:             224472 kB
SReclaimable:      80280 kB
SUnreclaim:       144192 kB
KernelStack:       46192 kB
PageTables:        63064 kB
NFS_Unstable:          0 kB
Bounce:                0 kB
WritebackTmp:          0 kB
CommitLimit:     9202288 kB
Committed_AS:   66139600 kB
VmallocTotal:   263061440 kB
VmallocUsed:      103180 kB
VmallocChunk:          0 kB
Percpu:             7648 kB
CmaTotal:         294912 kB
CmaFree:               0 kB
MemTotal:       12113132 kB
MemFree:         6363680 kB
MemAvailable:    8098024 kB
Buffers:            6848 kB
Cached:          1926096 kB
SwapCached:            0 kB
Active:          1506508 kB
Inactive:        1679868 kB
Active(anon):    1259880 kB
Inactive(anon):    26304 kB
Active(file):     246628 kB
Inactive(file):  1653564 kB
Unevictable:        5552 kB
Mlocked:            5552 kB
SwapTotal:       3145724 kB
SwapFree:        3145724 kB
Dirty:               568 kB
Writeback:             0 kB
AnonPages:       1259060 kB
Mapped:           858036 kB
Shmem:             28252 kB
KReclaimable:     702856 kB
Slab:             224472 kB
SReclaimable:      80280 kB
SUnreclaim:       144192 kB
KernelStack:       46208 kB
PageTables:        62964 kB
NFS_Unstable:          0 kB
Bounce:                0 kB
WritebackTmp:          0 kB
CommitLimit:     9202288 kB
Committed_AS:   66139392 kB
VmallocTotal:   263061440 kB
VmallocUsed:      103148 kB
VmallocChunk:          0 kB
Percpu:             7648 kB
CmaTotal:         294912 kB
CmaFree:               0 kB
MemTotal:       12113132 kB
MemFree:         6363324 kB
MemAvailable:    8097672 kB
Buffers:            6848 kB
Cached:          1926100 kB
SwapCached:            0 kB
Active:          1507336 kB
Inactive:        1679880 kB
Active(anon):    1260716 kB
Inactive(anon):    26304 kB
Active(file):     246620 kB
Inactive(file):  1653576 kB
Unevictable:        5552 kB
Mlocked:            5552 kB
SwapTotal:       3145724 kB
SwapFree:        3145724 kB
Dirty:               576 kB
Writeback:             0 kB
AnonPages:       1259720 kB
Mapped:           858012 kB
Shmem:             28252 kB
KReclaimable:     702856 kB
Slab:             224472 kB
SReclaimable:      80280 kB
SUnreclaim:       144192 kB
KernelStack:       46176 kB
PageTables:        62928 kB
NFS_Unstable:          0 kB
Bounce:                0 kB
WritebackTmp:          0 kB
CommitLimit:     9202288 kB
Committed_AS:   66139168 kB
VmallocTotal:   263061440 kB
VmallocUsed:      103180 kB
VmallocChunk:          0 kB
Percpu:             7648 kB
CmaTotal:         294912 kB
CmaFree:               0 kB
MemTotal:       12113132 kB
MemFree:         6363944 kB
MemAvailable:    8098312 kB
Buffers:            6848 kB
Cached:          1926120 kB
SwapCached:            0 kB
Active:          1506452 kB
Inactive:        1679892 kB
Active(anon):    1259824 kB
Inactive(anon):    26304 kB
Active(file):     246628 kB
Inactive(file):  1653588 kB
Unevictable:        5552 kB
Mlocked:            5552 kB
SwapTotal:       3145724 kB
SwapFree:        3145724 kB
Dirty:               644 kB
Writeback:             0 kB
AnonPages:       1259108 kB
Mapped:           858012 kB
Shmem:             28252 kB
KReclaimable:     702856 kB
Slab:             224472 kB
SReclaimable:      80280 kB
SUnreclaim:       144192 kB
KernelStack:       46192 kB
PageTables:        62940 kB
NFS_Unstable:          0 kB
Bounce:                0 kB
WritebackTmp:          0 kB
CommitLimit:     9202288 kB
Committed_AS:   66144344 kB
VmallocTotal:   263061440 kB
VmallocUsed:      103164 kB
VmallocChunk:          0 kB
Percpu:             7648 kB
CmaTotal:         294912 kB
CmaFree:               0 kB
MemTotal:       12113132 kB
MemFree:         6361888 kB
MemAvailable:    8096268 kB
Buffers:            6848 kB
Cached:          1926132 kB
SwapCached:            0 kB
Active:          1507520 kB
Inactive:        1679904 kB
Active(anon):    1260892 kB
Inactive(anon):    26304 kB
Active(file):     246628 kB
Inactive(file):  1653600 kB
Unevictable:        5552 kB
Mlocked:            5552 kB
SwapTotal:       3145724 kB
SwapFree:        3145724 kB
Dirty:               656 kB
Writeback:             0 kB
AnonPages:       1259864 kB
Mapped:           858012 kB
Shmem:             28252 kB
KReclaimable:     702856 kB
Slab:             224472 kB
SReclaimable:      80280 kB
SUnreclaim:       144192 kB
KernelStack:       46176 kB
PageTables:        62928 kB
NFS_Unstable:          0 kB
Bounce:                0 kB
WritebackTmp:          0 kB
CommitLimit:     9202288 kB
Committed_AS:   66146292 kB
VmallocTotal:   263061440 kB
VmallocUsed:      103180 kB
VmallocChunk:          0 kB
Percpu:             7648 kB
CmaTotal:         294912 kB
CmaFree:               0 kB
MemTotal:       12113132 kB
MemFree:         6361544 kB
MemAvailable:    8095936 kB
Buffers:            6848 kB
Cached:          1926144 kB
SwapCached:            0 kB
Active:          1508180 kB
Inactive:        1679912 kB
Active(anon):    1261552 kB
Inactive(anon):    26304 kB
Active(file):     246628 kB
Inactive(file):  1653608 kB
Unevictable:        5552 kB
Mlocked:            5552 kB
SwapTotal:       3145724 kB
SwapFree:        3145724 kB
Dirty:               668 kB
Writeback:             0 kB
AnonPages:       1260772 kB
Mapped:           858084 kB
Shmem:             28252 kB
KReclaimable:     702860 kB
Slab:             224468 kB
SReclaimable:      80284 kB
SUnreclaim:       144184 kB
KernelStack:       46224 kB
PageTables:        63048 kB
NFS_Unstable:          0 kB
Bounce:                0 kB
WritebackTmp:          0 kB
CommitLimit:     9202288 kB
Committed_AS:   66142828 kB
VmallocTotal:   263061440 kB
VmallocUsed:      103196 kB
VmallocChunk:          0 kB
Percpu:             7648 kB
CmaTotal:         294912 kB
CmaFree:               0 kB
MemTotal:       12113132 kB
MemFree:         6361104 kB
MemAvailable:    8095532 kB
Buffers:            6852 kB
Cached:          1926176 kB
SwapCached:            0 kB
Active:          1509516 kB
Inactive:        1679948 kB
Active(anon):    1262884 kB
Inactive(anon):    26308 kB
Active(file):     246632 kB
Inactive(file):  1653640 kB
Unevictable:        5552 kB
Mlocked:            5552 kB
SwapTotal:       3145724 kB
SwapFree:        3145724 kB
Dirty:               660 kB
Writeback:             0 kB
AnonPages:       1261960 kB
Mapped:           858016 kB
Shmem:             28256 kB
KReclaimable:     702860 kB
Slab:             224468 kB
SReclaimable:      80284 kB
SUnreclaim:       144184 kB
KernelStack:       46176 kB
PageTables:        62940 kB
NFS_Unstable:          0 kB
Bounce:                0 kB
WritebackTmp:          0 kB
CommitLimit:     9202288 kB
Committed_AS:   66142344 kB
VmallocTotal:   263061440 kB
VmallocUsed:      103180 kB
VmallocChunk:          0 kB
Percpu:             7648 kB
CmaTotal:         294912 kB
CmaFree:               0 kB
MemTotal:       12113132 kB
MemFree:         6360472 kB
MemAvailable:    8094912 kB
Buffers:            6852 kB
Cached:          1926188 kB
SwapCached:            0 kB
Active:          1509232 kB
Inactive:        1679960 kB
Active(anon):    1262600 kB
Inactive(anon):    26308 kB
Active(file):     246632 kB
Inactive(file):  1653652 kB
Unevictable:        5552 kB
Mlocked:            5552 kB
SwapTotal:       3145724 kB
SwapFree:        3145724 kB
Dirty:               672 kB
Writeback:             0 kB
AnonPages:       1261888 kB
Mapped:           858116 kB
Shmem:             28256 kB
KReclaimable:     702860 kB
Slab:             224476 kB
SReclaimable:      80284 kB
SUnreclaim:       144192 kB
KernelStack:       46208 kB
PageTables:        62964 kB
NFS_Unstable:          0 kB
Bounce:                0 kB
WritebackTmp:          0 kB
CommitLimit:     9202288 kB
Committed_AS:   66142148 kB
VmallocTotal:   263061440 kB
VmallocUsed:      103212 kB
VmallocChunk:          0 kB
Percpu:             7648 kB
CmaTotal:         294912 kB
CmaFree:               0 kB
MemTotal:       12113132 kB
MemFree:         6360280 kB
MemAvailable:    8094728 kB
Buffers:            6852 kB
Cached:          1926196 kB
SwapCached:            0 kB
Active:          1510104 kB
Inactive:        1679968 kB
Active(anon):    1263472 kB
Inactive(anon):    26308 kB
Active(file):     246632 kB
Inactive(file):  1653660 kB
Unevictable:        5552 kB
Mlocked:            5552 kB
SwapTotal:       3145724 kB
SwapFree:        3145724 kB
Dirty:               692 kB
Writeback:             0 kB
AnonPages:       1262932 kB
Mapped:           858016 kB
Shmem:             28256 kB
KReclaimable:     702860 kB
Slab:             224468 kB
SReclaimable:      80284 kB
SUnreclaim:       144184 kB
KernelStack:       46176 kB
PageTables:        62936 kB
NFS_Unstable:          0 kB
Bounce:                0 kB
WritebackTmp:          0 kB
CommitLimit:     9202288 kB
Committed_AS:   66145912 kB
VmallocTotal:   263061440 kB
VmallocUsed:      103164 kB
VmallocChunk:          0 kB
Percpu:             7648 kB
CmaTotal:         294912 kB
CmaFree:               0 kB
MemTotal:       12113132 kB
MemFree:         6359676 kB
MemAvailable:    8094140 kB
Buffers:            6852 kB
Cached:          1926224 kB
SwapCached:            0 kB
Active:          1510300 kB
Inactive:        1679996 kB
Active(anon):    1263668 kB
Inactive(anon):    26320 kB
Active(file):     246632 kB
Inactive(file):  1653676 kB
Unevictable:        5552 kB
Mlocked:            5552 kB
SwapTotal:       3145724 kB
SwapFree:        3145724 kB
Dirty:               708 kB
Writeback:             0 kB
AnonPages:       1263196 kB
Mapped:           858220 kB
Shmem:             28268 kB
KReclaimable:     702860 kB
Slab:             224468 kB
SReclaimable:      80284 kB
SUnreclaim:       144184 kB
KernelStack:       46160 kB
PageTables:        62876 kB
NFS_Unstable:          0 kB
Bounce:                0 kB
WritebackTmp:          0 kB
CommitLimit:     9202288 kB
Committed_AS:   66145644 kB
VmallocTotal:   263061440 kB
VmallocUsed:      103196 kB
VmallocChunk:          0 kB
Percpu:             7648 kB
CmaTotal:         294912 kB
CmaFree:               0 kB
MemTotal:       12113132 kB
MemFree:         6359096 kB
MemAvailable:    8093568 kB
Buffers:            6852 kB
Cached:          1926232 kB
SwapCached:            0 kB
Active:          1510892 kB
Inactive:        1680004 kB
Active(anon):    1264260 kB
Inactive(anon):    26320 kB
Active(file):     246632 kB
Inactive(file):  1653684 kB
Unevictable:        5552 kB
Mlocked:            5552 kB
SwapTotal:       3145724 kB
SwapFree:        3145724 kB
Dirty:               716 kB
Writeback:             0 kB
AnonPages:       1263572 kB
Mapped:           858092 kB
Shmem:             28268 kB
KReclaimable:     702860 kB
Slab:             224468 kB
SReclaimable:      80284 kB
SUnreclaim:       144184 kB
KernelStack:       46176 kB
PageTables:        62944 kB
NFS_Unstable:          0 kB
Bounce:                0 kB
WritebackTmp:          0 kB
CommitLimit:     9202288 kB
Committed_AS:   66145636 kB
VmallocTotal:   263061440 kB
VmallocUsed:      103196 kB
VmallocChunk:          0 kB
Percpu:             7648 kB
CmaTotal:         294912 kB
CmaFree:               0 kB
MemTotal:       12113132 kB
MemFree:         6370788 kB
MemAvailable:    8105276 kB
Buffers:            6852 kB
Cached:          1926248 kB
SwapCached:            0 kB
Active:          1498708 kB
Inactive:        1680020 kB
Active(anon):    1252076 kB
Inactive(anon):    26320 kB
Active(file):     246632 kB
Inactive(file):  1653700 kB
Unevictable:        5552 kB
Mlocked:            5552 kB
SwapTotal:       3145724 kB
SwapFree:        3145724 kB
Dirty:               748 kB
Writeback:             0 kB
AnonPages:       1250996 kB
Mapped:           858096 kB
Shmem:             28268 kB
KReclaimable:     702860 kB
Slab:             224484 kB
SReclaimable:      80284 kB
SUnreclaim:       144200 kB
KernelStack:       46176 kB
PageTables:        62984 kB
NFS_Unstable:          0 kB
Bounce:                0 kB
WritebackTmp:          0 kB
CommitLimit:     9202288 kB
Committed_AS:   66146076 kB
VmallocTotal:   263061440 kB
VmallocUsed:      103212 kB
VmallocChunk:          0 kB
Percpu:             7648 kB
CmaTotal:         294912 kB
CmaFree:               0 kB
MemTotal:       12113132 kB
MemFree:         6370832 kB
MemAvailable:    8105328 kB
Buffers:            6852 kB
Cached:          1926256 kB
SwapCached:            0 kB
Active:          1499068 kB
Inactive:        1680028 kB
Active(anon):    1252436 kB
Inactive(anon):    26320 kB
Active(file):     246632 kB
Inactive(file):  1653708 kB
Unevictable:        5552 kB
Mlocked:            5552 kB
SwapTotal:       3145724 kB
SwapFree:        3145724 kB
Dirty:               768 kB
Writeback:             0 kB
AnonPages:       1251588 kB
Mapped:           858096 kB
Shmem:             28268 kB
KReclaimable:     702860 kB
Slab:             224468 kB
SReclaimable:      80284 kB
SUnreclaim:       144184 kB
KernelStack:       46144 kB
PageTables:        62928 kB
NFS_Unstable:          0 kB
Bounce:                0 kB
WritebackTmp:          0 kB
CommitLimit:     9202288 kB
Committed_AS:   66145812 kB
VmallocTotal:   263061440 kB
VmallocUsed:      103180 kB
VmallocChunk:          0 kB
Percpu:             7648 kB
CmaTotal:         294912 kB
CmaFree:               0 kB
MemTotal:       12113132 kB
MemFree:         6369552 kB
MemAvailable:    8104068 kB
Buffers:            6852 kB
Cached:          1926276 kB
SwapCached:            0 kB
Active:          1499520 kB
Inactive:        1680048 kB
Active(anon):    1252888 kB
Inactive(anon):    26320 kB
Active(file):     246632 kB
Inactive(file):  1653728 kB
Unevictable:        5552 kB
Mlocked:            5552 kB
SwapTotal:       3145724 kB
SwapFree:        3145724 kB
Dirty:               788 kB
Writeback:             0 kB
AnonPages:       1252312 kB
Mapped:           858084 kB
Shmem:             28268 kB
KReclaimable:     702860 kB
Slab:             224468 kB
SReclaimable:      80284 kB
SUnreclaim:       144184 kB
KernelStack:       46176 kB
PageTables:        62980 kB
NFS_Unstable:          0 kB
Bounce:                0 kB
WritebackTmp:          0 kB
CommitLimit:     9202288 kB
Committed_AS:   66141368 kB
VmallocTotal:   263061440 kB
VmallocUsed:      103164 kB
VmallocChunk:          0 kB
Percpu:             7648 kB
CmaTotal:         294912 kB
CmaFree:               0 kB
MemTotal:       12113132 kB
MemFree:         6369568 kB
MemAvailable:    8104088 kB
Buffers:            6852 kB
Cached:          1926280 kB
SwapCached:            0 kB
Active:          1500216 kB
Inactive:        1680052 kB
Active(anon):    1253584 kB
Inactive(anon):    26320 kB
Active(file):     246632 kB
Inactive(file):  1653732 kB
Unevictable:        5552 kB
Mlocked:            5552 kB
SwapTotal:       3145724 kB
SwapFree:        3145724 kB
Dirty:               808 kB
Writeback:             4 kB
AnonPages:       1252756 kB
Mapped:           858096 kB
Shmem:             28268 kB
KReclaimable:     702860 kB
Slab:             224468 kB
SReclaimable:      80284 kB
SUnreclaim:       144184 kB
KernelStack:       46144 kB
PageTables:        62936 kB
NFS_Unstable:          0 kB
Bounce:                0 kB
WritebackTmp:          0 kB
CommitLimit:     9202288 kB
Committed_AS:   66145828 kB
VmallocTotal:   263061440 kB
VmallocUsed:      103132 kB
VmallocChunk:          0 kB
Percpu:             7648 kB
CmaTotal:         294912 kB
CmaFree:               0 kB
MemTotal:       12113132 kB
MemFree:         6369344 kB
MemAvailable:    8103856 kB
Buffers:            6852 kB
Cached:          1926272 kB
SwapCached:            0 kB
Active:          1500892 kB
Inactive:        1680048 kB
Active(anon):    1254264 kB
Inactive(anon):    26320 kB
Active(file):     246628 kB
Inactive(file):  1653728 kB
Unevictable:        5552 kB
Mlocked:            5552 kB
SwapTotal:       3145724 kB
SwapFree:        3145724 kB
Dirty:               840 kB
Writeback:             0 kB
AnonPages:       1253252 kB
Mapped:           858100 kB
Shmem:             28268 kB
KReclaimable:     702860 kB
Slab:             224468 kB
SReclaimable:      80284 kB
SUnreclaim:       144184 kB
KernelStack:       46160 kB
PageTables:        62940 kB
NFS_Unstable:          0 kB
Bounce:                0 kB
WritebackTmp:          0 kB
CommitLimit:     9202288 kB
Committed_AS:   66145608 kB
VmallocTotal:   263061440 kB
VmallocUsed:      103132 kB
VmallocChunk:          0 kB
Percpu:             7648 kB
CmaTotal:         294912 kB
CmaFree:               0 kB
MemTotal:       12113132 kB
MemFree:         6371932 kB
MemAvailable:    8106484 kB
Buffers:            6852 kB
Cached:          1926312 kB
SwapCached:            0 kB
Active:          1498316 kB
Inactive:        1680084 kB
Active(anon):    1251684 kB
Inactive(anon):    26320 kB
Active(file):     246632 kB
Inactive(file):  1653764 kB
Unevictable:        5552 kB
Mlocked:            5552 kB
SwapTotal:       3145724 kB
SwapFree:        3145724 kB
Dirty:               860 kB
Writeback:             0 kB
AnonPages:       1250868 kB
Mapped:           858096 kB
Shmem:             28268 kB
KReclaimable:     702860 kB
Slab:             224476 kB
SReclaimable:      80284 kB
SUnreclaim:       144192 kB
KernelStack:       46112 kB
PageTables:        62928 kB
NFS_Unstable:          0 kB
Bounce:                0 kB
WritebackTmp:          0 kB
CommitLimit:     9202288 kB
Committed_AS:   66146132 kB
VmallocTotal:   263061440 kB
VmallocUsed:      103116 kB
VmallocChunk:          0 kB
Percpu:             7648 kB
CmaTotal:         294912 kB
CmaFree:             128 kB
MemTotal:       12113132 kB
MemFree:         6370132 kB
MemAvailable:    8104688 kB
Buffers:            6852 kB
Cached:          1926316 kB
SwapCached:            0 kB
Active:          1498844 kB
Inactive:        1680088 kB
Active(anon):    1252212 kB
Inactive(anon):    26320 kB
Active(file):     246632 kB
Inactive(file):  1653768 kB
Unevictable:        5552 kB
Mlocked:            5552 kB
SwapTotal:       3145724 kB
SwapFree:        3145724 kB
Dirty:               876 kB
Writeback:             0 kB
AnonPages:       1251440 kB
Mapped:           858128 kB
Shmem:             28268 kB
KReclaimable:     702860 kB
Slab:             224468 kB
SReclaimable:      80284 kB
SUnreclaim:       144184 kB
KernelStack:       46160 kB
PageTables:        62996 kB
NFS_Unstable:          0 kB
Bounce:                0 kB
WritebackTmp:          0 kB
CommitLimit:     9202288 kB
Committed_AS:   66145800 kB
VmallocTotal:   263061440 kB
VmallocUsed:      103100 kB
VmallocChunk:          0 kB
Percpu:             7648 kB
CmaTotal:         294912 kB
CmaFree:               0 kB
MemTotal:       12113132 kB
MemFree:         6370904 kB
MemAvailable:    8105472 kB
Buffers:            6852 kB
Cached:          1926328 kB
SwapCached:            0 kB
Active:          1499648 kB
Inactive:        1680100 kB
Active(anon):    1253016 kB
Inactive(anon):    26320 kB
Active(file):     246632 kB
Inactive(file):  1653780 kB
Unevictable:        5552 kB
Mlocked:            5552 kB
SwapTotal:       3145724 kB
SwapFree:        3145724 kB
Dirty:               888 kB
Writeback:             0 kB
AnonPages:       1251856 kB
Mapped:           858096 kB
Shmem:             28268 kB
KReclaimable:     702860 kB
Slab:             224468 kB
SReclaimable:      80284 kB
SUnreclaim:       144184 kB
KernelStack:       46080 kB
PageTables:        62876 kB
NFS_Unstable:          0 kB
Bounce:                0 kB
WritebackTmp:          0 kB
CommitLimit:     9202288 kB
Committed_AS:   66146416 kB
VmallocTotal:   263061440 kB
VmallocUsed:      103100 kB
VmallocChunk:          0 kB
Percpu:             7648 kB
CmaTotal:         294912 kB
CmaFree:               0 kB
MemTotal:       12113132 kB
MemFree:         6369752 kB
MemAvailable:    8104332 kB
Buffers:            6852 kB
Cached:          1926356 kB
SwapCached:            0 kB
Active:          1499960 kB
Inactive:        1680128 kB
Active(anon):    1253328 kB
Inactive(anon):    26336 kB
Active(file):     246632 kB
Inactive(file):  1653792 kB
Unevictable:        5552 kB
Mlocked:            5552 kB
SwapTotal:       3145724 kB
SwapFree:        3145724 kB
Dirty:               644 kB
Writeback:             0 kB
AnonPages:       1252468 kB
Mapped:           858112 kB
Shmem:             28284 kB
KReclaimable:     702860 kB
Slab:             224468 kB
SReclaimable:      80284 kB
SUnreclaim:       144184 kB
KernelStack:       46096 kB
PageTables:        62928 kB
NFS_Unstable:          0 kB
Bounce:                0 kB
WritebackTmp:          0 kB
CommitLimit:     9202288 kB
Committed_AS:   66140504 kB
VmallocTotal:   263061440 kB
VmallocUsed:      103100 kB
