MemTotal:       12113144 kB
MemFree:         6594416 kB
MemAvailable:    8059712 kB
Buffers:            6732 kB
Cached:          1664984 kB
SwapCached:            0 kB
Active:          1559644 kB
Inactive:        1379904 kB
Active(anon):    1275108 kB
Inactive(anon):    23220 kB
Active(file):     284536 kB
Inactive(file):  1356684 kB
Unevictable:        5864 kB
Mlocked:            5864 kB
SwapTotal:       3145724 kB
SwapFree:        3145724 kB
Dirty:               420 kB
Writeback:             0 kB
AnonPages:       1273716 kB
Mapped:           808488 kB
Shmem:             25664 kB
KReclaimable:     692780 kB
Slab:             204260 kB
SReclaimable:      67848 kB
SUnreclaim:       136412 kB
KernelStack:       42272 kB
PageTables:        56788 kB
NFS_Unstable:          0 kB
Bounce:                0 kB
WritebackTmp:          0 kB
CommitLimit:     9202296 kB
Committed_AS:   57873752 kB
VmallocTotal:   263061440 kB
VmallocUsed:       99120 kB
VmallocChunk:          0 kB
Percpu:             7616 kB
CmaTotal:         294912 kB
CmaFree:               0 kB
MemTotal:       12113144 kB
MemFree:         6590032 kB
MemAvailable:    8055328 kB
Buffers:            6732 kB
Cached:          1664984 kB
SwapCached:            0 kB
Active:          1564920 kB
Inactive:        1379904 kB
Active(anon):    1280384 kB
Inactive(anon):    23220 kB
Active(file):     284536 kB
Inactive(file):  1356684 kB
Unevictable:        5864 kB
Mlocked:            5864 kB
SwapTotal:       3145724 kB
SwapFree:        3145724 kB
Dirty:               420 kB
Writeback:             0 kB
AnonPages:       1279132 kB
Mapped:           807236 kB
Shmem:             25664 kB
KReclaimable:     692780 kB
Slab:             204284 kB
SReclaimable:      67848 kB
SUnreclaim:       136436 kB
KernelStack:       42304 kB
PageTables:        57072 kB
NFS_Unstable:          0 kB
Bounce:                0 kB
WritebackTmp:          0 kB
CommitLimit:     9202296 kB
Committed_AS:   57886804 kB
VmallocTotal:   263061440 kB
VmallocUsed:       99168 kB
VmallocChunk:          0 kB
Percpu:             7616 kB
CmaTotal:         294912 kB
CmaFree:               0 kB
MemTotal:       12113144 kB
MemFree:         6588456 kB
MemAvailable:    8053752 kB
Buffers:            6732 kB
Cached:          1664984 kB
SwapCached:            0 kB
Active:          1564920 kB
Inactive:        1379904 kB
Active(anon):    1280384 kB
Inactive(anon):    23220 kB
Active(file):     284536 kB
Inactive(file):  1356684 kB
Unevictable:        5864 kB
Mlocked:            5864 kB
SwapTotal:       3145724 kB
SwapFree:        3145724 kB
Dirty:               420 kB
Writeback:             0 kB
AnonPages:       1279236 kB
Mapped:           807236 kB
Shmem:             25664 kB
KReclaimable:     692780 kB
Slab:             204252 kB
SReclaimable:      67848 kB
SUnreclaim:       136404 kB
KernelStack:       42304 kB
PageTables:        57064 kB
NFS_Unstable:          0 kB
Bounce:                0 kB
WritebackTmp:          0 kB
CommitLimit:     9202296 kB
Committed_AS:   57887680 kB
VmallocTotal:   263061440 kB
VmallocUsed:       99184 kB
VmallocChunk:          0 kB
Percpu:             7616 kB
CmaTotal:         294912 kB
CmaFree:               0 kB
MemTotal:       12113144 kB
MemFree:         6589396 kB
MemAvailable:    8054692 kB
Buffers:            6732 kB
Cached:          1664984 kB
SwapCached:            0 kB
Active:          1564840 kB
Inactive:        1379904 kB
Active(anon):    1280304 kB
Inactive(anon):    23220 kB
Active(file):     284536 kB
Inactive(file):  1356684 kB
Unevictable:        5864 kB
Mlocked:            5864 kB
SwapTotal:       3145724 kB
SwapFree:        3145724 kB
Dirty:               420 kB
Writeback:             0 kB
AnonPages:       1278944 kB
Mapped:           807236 kB
Shmem:             25664 kB
KReclaimable:     692780 kB
Slab:             204284 kB
SReclaimable:      67848 kB
SUnreclaim:       136436 kB
KernelStack:       42304 kB
PageTables:        57076 kB
NFS_Unstable:          0 kB
Bounce:                0 kB
WritebackTmp:          0 kB
CommitLimit:     9202296 kB
Committed_AS:   57887348 kB
VmallocTotal:   263061440 kB
VmallocUsed:       99184 kB
VmallocChunk:          0 kB
Percpu:             7616 kB
CmaTotal:         294912 kB
CmaFree:               0 kB
MemTotal:       12113144 kB
MemFree:         6589540 kB
MemAvailable:    8054836 kB
Buffers:            6732 kB
Cached:          1664984 kB
SwapCached:            0 kB
Active:          1564916 kB
Inactive:        1379904 kB
Active(anon):    1280380 kB
Inactive(anon):    23220 kB
Active(file):     284536 kB
Inactive(file):  1356684 kB
Unevictable:        5864 kB
Mlocked:            5864 kB
SwapTotal:       3145724 kB
SwapFree:        3145724 kB
Dirty:               436 kB
Writeback:             0 kB
AnonPages:       1279284 kB
Mapped:           807236 kB
Shmem:             25664 kB
KReclaimable:     692780 kB
Slab:             204268 kB
SReclaimable:      67848 kB
SUnreclaim:       136420 kB
KernelStack:       42304 kB
PageTables:        57064 kB
NFS_Unstable:          0 kB
Bounce:                0 kB
WritebackTmp:          0 kB
CommitLimit:     9202296 kB
Committed_AS:   57886952 kB
VmallocTotal:   263061440 kB
VmallocUsed:       99168 kB
VmallocChunk:          0 kB
Percpu:             7616 kB
CmaTotal:         294912 kB
CmaFree:               0 kB
MemTotal:       12113144 kB
MemFree:         6590324 kB
MemAvailable:    8055620 kB
Buffers:            6732 kB
Cached:          1664984 kB
SwapCached:            0 kB
Active:          1564112 kB
Inactive:        1379904 kB
Active(anon):    1279576 kB
Inactive(anon):    23220 kB
Active(file):     284536 kB
Inactive(file):  1356684 kB
Unevictable:        5864 kB
Mlocked:            5864 kB
SwapTotal:       3145724 kB
SwapFree:        3145724 kB
Dirty:               440 kB
Writeback:             0 kB
AnonPages:       1278312 kB
Mapped:           807236 kB
Shmem:             25664 kB
KReclaimable:     692780 kB
Slab:             204284 kB
SReclaimable:      67848 kB
SUnreclaim:       136436 kB
KernelStack:       42320 kB
PageTables:        57076 kB
NFS_Unstable:          0 kB
Bounce:                0 kB
WritebackTmp:          0 kB
CommitLimit:     9202296 kB
Committed_AS:   57886908 kB
VmallocTotal:   263061440 kB
VmallocUsed:       99168 kB
VmallocChunk:          0 kB
Percpu:             7616 kB
CmaTotal:         294912 kB
CmaFree:              12 kB
MemTotal:       12113144 kB
MemFree:         6589788 kB
MemAvailable:    8055084 kB
Buffers:            6732 kB
Cached:          1664984 kB
SwapCached:            0 kB
Active:          1564756 kB
Inactive:        1379904 kB
Active(anon):    1280220 kB
Inactive(anon):    23220 kB
Active(file):     284536 kB
Inactive(file):  1356684 kB
Unevictable:        5864 kB
Mlocked:            5864 kB
SwapTotal:       3145724 kB
SwapFree:        3145724 kB
Dirty:               440 kB
Writeback:             0 kB
AnonPages:       1278764 kB
Mapped:           807236 kB
Shmem:             25664 kB
KReclaimable:     692780 kB
Slab:             204244 kB
SReclaimable:      67848 kB
SUnreclaim:       136396 kB
KernelStack:       42320 kB
PageTables:        57064 kB
NFS_Unstable:          0 kB
Bounce:                0 kB
WritebackTmp:          0 kB
CommitLimit:     9202296 kB
Committed_AS:   57893048 kB
VmallocTotal:   263061440 kB
VmallocUsed:       99184 kB
VmallocChunk:          0 kB
Percpu:             7616 kB
CmaTotal:         294912 kB
CmaFree:               0 kB
MemTotal:       12113144 kB
MemFree:         6597624 kB
MemAvailable:    8062920 kB
Buffers:            6732 kB
Cached:          1664984 kB
SwapCached:            0 kB
Active:          1555852 kB
Inactive:        1379904 kB
Active(anon):    1271316 kB
Inactive(anon):    23220 kB
Active(file):     284536 kB
Inactive(file):  1356684 kB
Unevictable:        5864 kB
Mlocked:            5864 kB
SwapTotal:       3145724 kB
SwapFree:        3145724 kB
Dirty:               440 kB
Writeback:             0 kB
AnonPages:       1269888 kB
Mapped:           807532 kB
Shmem:             25664 kB
KReclaimable:     692780 kB
Slab:             204292 kB
SReclaimable:      67848 kB
SUnreclaim:       136444 kB
KernelStack:       42320 kB
PageTables:        57064 kB
NFS_Unstable:          0 kB
Bounce:                0 kB
WritebackTmp:          0 kB
CommitLimit:     9202296 kB
Committed_AS:   57892608 kB
VmallocTotal:   263061440 kB
VmallocUsed:       99184 kB
VmallocChunk:          0 kB
Percpu:             7616 kB
CmaTotal:         294912 kB
CmaFree:               0 kB
MemTotal:       12113144 kB
MemFree:         6597248 kB
MemAvailable:    8062536 kB
Buffers:            6732 kB
Cached:          1664976 kB
SwapCached:            0 kB
Active:          1556276 kB
Inactive:        1379900 kB
Active(anon):    1271744 kB
Inactive(anon):    23220 kB
Active(file):     284532 kB
Inactive(file):  1356680 kB
Unevictable:        5864 kB
Mlocked:            5864 kB
SwapTotal:       3145724 kB
SwapFree:        3145724 kB
Dirty:               432 kB
Writeback:             0 kB
AnonPages:       1270104 kB
Mapped:           807532 kB
Shmem:             25664 kB
KReclaimable:     692780 kB
Slab:             204252 kB
SReclaimable:      67848 kB
SUnreclaim:       136404 kB
KernelStack:       42320 kB
PageTables:        57064 kB
NFS_Unstable:          0 kB
Bounce:                0 kB
WritebackTmp:          0 kB
CommitLimit:     9202296 kB
Committed_AS:   57892388 kB
VmallocTotal:   263061440 kB
VmallocUsed:       99168 kB
VmallocChunk:          0 kB
Percpu:             7616 kB
CmaTotal:         294912 kB
CmaFree:               0 kB
MemTotal:       12113144 kB
MemFree:         6597332 kB
MemAvailable:    8062628 kB
Buffers:            6732 kB
Cached:          1664984 kB
SwapCached:            0 kB
Active:          1556508 kB
Inactive:        1379904 kB
Active(anon):    1271972 kB
Inactive(anon):    23220 kB
Active(file):     284536 kB
Inactive(file):  1356684 kB
Unevictable:        5864 kB
Mlocked:            5864 kB
SwapTotal:       3145724 kB
SwapFree:        3145724 kB
Dirty:               440 kB
Writeback:             0 kB
AnonPages:       1270752 kB
Mapped:           807272 kB
Shmem:             25664 kB
KReclaimable:     692780 kB
Slab:             204316 kB
SReclaimable:      67848 kB
SUnreclaim:       136468 kB
KernelStack:       42320 kB
PageTables:        57064 kB
NFS_Unstable:          0 kB
Bounce:                0 kB
WritebackTmp:          0 kB
CommitLimit:     9202296 kB
Committed_AS:   57892756 kB
VmallocTotal:   263061440 kB
VmallocUsed:       99168 kB
VmallocChunk:          0 kB
Percpu:             7616 kB
CmaTotal:         294912 kB
CmaFree:               0 kB
MemTotal:       12113144 kB
MemFree:         6598856 kB
MemAvailable:    8064168 kB
Buffers:            6736 kB
Cached:          1664996 kB
SwapCached:            0 kB
Active:          1555368 kB
Inactive:        1379916 kB
Active(anon):    1270828 kB
Inactive(anon):    23220 kB
Active(file):     284540 kB
Inactive(file):  1356696 kB
Unevictable:        5864 kB
Mlocked:            5864 kB
SwapTotal:       3145724 kB
SwapFree:        3145724 kB
Dirty:               424 kB
Writeback:             0 kB
AnonPages:       1269300 kB
Mapped:           807532 kB
Shmem:             25664 kB
KReclaimable:     692780 kB
Slab:             204260 kB
SReclaimable:      67848 kB
SUnreclaim:       136412 kB
KernelStack:       42320 kB
PageTables:        57064 kB
NFS_Unstable:          0 kB
Bounce:                0 kB
WritebackTmp:          0 kB
CommitLimit:     9202296 kB
Committed_AS:   57892544 kB
VmallocTotal:   263061440 kB
VmallocUsed:       99168 kB
VmallocChunk:          0 kB
Percpu:             7616 kB
CmaTotal:         294912 kB
CmaFree:               0 kB
MemTotal:       12113144 kB
MemFree:         6598892 kB
MemAvailable:    8064200 kB
Buffers:            6736 kB
Cached:          1664996 kB
SwapCached:            0 kB
Active:          1555824 kB
Inactive:        1379916 kB
Active(anon):    1271288 kB
Inactive(anon):    23220 kB
Active(file):     284536 kB
Inactive(file):  1356696 kB
Unevictable:        5864 kB
Mlocked:            5864 kB
SwapTotal:       3145724 kB
SwapFree:        3145724 kB
Dirty:               424 kB
Writeback:             0 kB
AnonPages:       1269748 kB
Mapped:           807532 kB
Shmem:             25664 kB
KReclaimable:     692780 kB
Slab:             204284 kB
SReclaimable:      67848 kB
SUnreclaim:       136436 kB
KernelStack:       42320 kB
PageTables:        57072 kB
NFS_Unstable:          0 kB
Bounce:                0 kB
WritebackTmp:          0 kB
CommitLimit:     9202296 kB
Committed_AS:   57892280 kB
VmallocTotal:   263061440 kB
VmallocUsed:       99152 kB
VmallocChunk:          0 kB
Percpu:             7616 kB
CmaTotal:         294912 kB
CmaFree:               0 kB
MemTotal:       12113144 kB
MemFree:         6598332 kB
MemAvailable:    8063652 kB
Buffers:            6736 kB
Cached:          1665004 kB
SwapCached:            0 kB
Active:          1556152 kB
Inactive:        1379920 kB
Active(anon):    1271608 kB
Inactive(anon):    23220 kB
Active(file):     284544 kB
Inactive(file):  1356700 kB
Unevictable:        5864 kB
Mlocked:            5864 kB
SwapTotal:       3145724 kB
SwapFree:        3145724 kB
Dirty:               432 kB
Writeback:             0 kB
AnonPages:       1270336 kB
Mapped:           807532 kB
Shmem:             25664 kB
KReclaimable:     692780 kB
Slab:             204228 kB
SReclaimable:      67848 kB
SUnreclaim:       136380 kB
KernelStack:       42320 kB
PageTables:        57072 kB
NFS_Unstable:          0 kB
Bounce:                0 kB
WritebackTmp:          0 kB
CommitLimit:     9202296 kB
Committed_AS:   57892016 kB
VmallocTotal:   263061440 kB
VmallocUsed:       99152 kB
VmallocChunk:          0 kB
Percpu:             7616 kB
CmaTotal:         294912 kB
CmaFree:               0 kB
MemTotal:       12113144 kB
MemFree:         6598196 kB
MemAvailable:    8063508 kB
Buffers:            6736 kB
Cached:          1664996 kB
SwapCached:            0 kB
Active:          1556828 kB
Inactive:        1379916 kB
Active(anon):    1272288 kB
Inactive(anon):    23220 kB
Active(file):     284540 kB
Inactive(file):  1356696 kB
Unevictable:        5864 kB
Mlocked:            5864 kB
SwapTotal:       3145724 kB
SwapFree:        3145724 kB
Dirty:               424 kB
Writeback:             0 kB
AnonPages:       1271004 kB
Mapped:           807532 kB
Shmem:             25664 kB
KReclaimable:     692780 kB
Slab:             204308 kB
SReclaimable:      67848 kB
SUnreclaim:       136460 kB
KernelStack:       42320 kB
PageTables:        57064 kB
NFS_Unstable:          0 kB
Bounce:                0 kB
WritebackTmp:          0 kB
CommitLimit:     9202296 kB
Committed_AS:   57891972 kB
VmallocTotal:   263061440 kB
VmallocUsed:       99184 kB
VmallocChunk:          0 kB
Percpu:             7616 kB
CmaTotal:         294912 kB
CmaFree:               0 kB
MemTotal:       12113144 kB
MemFree:         6597428 kB
MemAvailable:    8062752 kB
Buffers:            6736 kB
Cached:          1665008 kB
SwapCached:            0 kB
Active:          1557316 kB
Inactive:        1379924 kB
Active(anon):    1272772 kB
Inactive(anon):    23220 kB
Active(file):     284544 kB
Inactive(file):  1356704 kB
Unevictable:        5864 kB
Mlocked:            5864 kB
SwapTotal:       3145724 kB
SwapFree:        3145724 kB
Dirty:               432 kB
Writeback:             0 kB
AnonPages:       1271448 kB
Mapped:           807532 kB
Shmem:             25664 kB
KReclaimable:     692780 kB
Slab:             204292 kB
SReclaimable:      67848 kB
SUnreclaim:       136444 kB
KernelStack:       42336 kB
PageTables:        57060 kB
NFS_Unstable:          0 kB
Bounce:                0 kB
WritebackTmp:          0 kB
CommitLimit:     9202296 kB
Committed_AS:   57891664 kB
VmallocTotal:   263061440 kB
VmallocUsed:       99184 kB
VmallocChunk:          0 kB
Percpu:             7616 kB
CmaTotal:         294912 kB
CmaFree:               0 kB
MemTotal:       12113144 kB
MemFree:         6597752 kB
MemAvailable:    8063064 kB
Buffers:            6736 kB
Cached:          1664996 kB
SwapCached:            0 kB
Active:          1557812 kB
Inactive:        1379916 kB
Active(anon):    1273272 kB
Inactive(anon):    23220 kB
Active(file):     284540 kB
Inactive(file):  1356696 kB
Unevictable:        5864 kB
Mlocked:            5864 kB
SwapTotal:       3145724 kB
SwapFree:        3145724 kB
Dirty:               424 kB
Writeback:             0 kB
AnonPages:       1271172 kB
Mapped:           807272 kB
Shmem:             25664 kB
KReclaimable:     692780 kB
Slab:             204276 kB
SReclaimable:      67848 kB
SUnreclaim:       136428 kB
KernelStack:       42352 kB
PageTables:        57068 kB
NFS_Unstable:          0 kB
Bounce:                0 kB
WritebackTmp:          0 kB
CommitLimit:     9202296 kB
Committed_AS:   57891168 kB
VmallocTotal:   263061440 kB
VmallocUsed:       99184 kB
VmallocChunk:          0 kB
Percpu:             7616 kB
CmaTotal:         294912 kB
CmaFree:               0 kB
MemTotal:       12113144 kB
MemFree:         6596492 kB
MemAvailable:    8061804 kB
Buffers:            6736 kB
Cached:          1664996 kB
SwapCached:            0 kB
Active:          1557736 kB
Inactive:        1379916 kB
Active(anon):    1273196 kB
Inactive(anon):    23220 kB
Active(file):     284540 kB
Inactive(file):  1356696 kB
Unevictable:        5864 kB
Mlocked:            5864 kB
SwapTotal:       3145724 kB
SwapFree:        3145724 kB
Dirty:               424 kB
Writeback:             0 kB
AnonPages:       1271424 kB
Mapped:           807532 kB
Shmem:             25664 kB
KReclaimable:     692780 kB
Slab:             204268 kB
SReclaimable:      67848 kB
SUnreclaim:       136420 kB
KernelStack:       42352 kB
PageTables:        57068 kB
NFS_Unstable:          0 kB
Bounce:                0 kB
WritebackTmp:          0 kB
CommitLimit:     9202296 kB
Committed_AS:   57890940 kB
VmallocTotal:   263061440 kB
VmallocUsed:       99184 kB
VmallocChunk:          0 kB
Percpu:             7616 kB
CmaTotal:         294912 kB
CmaFree:               0 kB
MemTotal:       12113144 kB
MemFree:         6596752 kB
MemAvailable:    8062064 kB
Buffers:            6736 kB
Cached:          1664996 kB
SwapCached:            0 kB
Active:          1557072 kB
Inactive:        1379916 kB
Active(anon):    1272532 kB
Inactive(anon):    23220 kB
Active(file):     284540 kB
Inactive(file):  1356696 kB
Unevictable:        5864 kB
Mlocked:            5864 kB
SwapTotal:       3145724 kB
SwapFree:        3145724 kB
Dirty:               320 kB
Writeback:             0 kB
AnonPages:       1270880 kB
Mapped:           807532 kB
Shmem:             25664 kB
KReclaimable:     692780 kB
Slab:             204260 kB
SReclaimable:      67848 kB
SUnreclaim:       136412 kB
KernelStack:       42352 kB
PageTables:        57068 kB
NFS_Unstable:          0 kB
Bounce:                0 kB
WritebackTmp:          0 kB
CommitLimit:     9202296 kB
Committed_AS:   57890692 kB
VmallocTotal:   263061440 kB
VmallocUsed:       99200 kB
VmallocChunk:          0 kB
Percpu:             7616 kB
CmaTotal:         294912 kB
CmaFree:               0 kB
MemTotal:       12113144 kB
MemFree:         6596484 kB
MemAvailable:    8061940 kB
Buffers:            6736 kB
Cached:          1665120 kB
SwapCached:            0 kB
Active:          1556996 kB
Inactive:        1380080 kB
Active(anon):    1272496 kB
Inactive(anon):    23220 kB
Active(file):     284500 kB
Inactive(file):  1356860 kB
Unevictable:        5864 kB
Mlocked:            5864 kB
SwapTotal:       3145724 kB
SwapFree:        3145724 kB
Dirty:              3988 kB
Writeback:             0 kB
AnonPages:       1271288 kB
Mapped:           807532 kB
Shmem:             25664 kB
KReclaimable:     692800 kB
Slab:             204296 kB
SReclaimable:      67868 kB
SUnreclaim:       136428 kB
KernelStack:       42352 kB
PageTables:        57056 kB
NFS_Unstable:          0 kB
Bounce:                0 kB
WritebackTmp:          0 kB
CommitLimit:     9202296 kB
Committed_AS:   57890692 kB
VmallocTotal:   263061440 kB
VmallocUsed:       99200 kB
VmallocChunk:          0 kB
Percpu:             7616 kB
CmaTotal:         294912 kB
CmaFree:               0 kB
MemTotal:       12113144 kB
MemFree:         6595928 kB
MemAvailable:    8061388 kB
Buffers:            6736 kB
Cached:          1665124 kB
SwapCached:            0 kB
Active:          1557324 kB
Inactive:        1380084 kB
Active(anon):    1272824 kB
Inactive(anon):    23220 kB
Active(file):     284500 kB
Inactive(file):  1356864 kB
Unevictable:        5864 kB
Mlocked:            5864 kB
SwapTotal:       3145724 kB
SwapFree:        3145724 kB
Dirty:              4008 kB
Writeback:             0 kB
AnonPages:       1271596 kB
Mapped:           807272 kB
Shmem:             25664 kB
KReclaimable:     692800 kB
Slab:             204280 kB
SReclaimable:      67868 kB
SUnreclaim:       136412 kB
KernelStack:       42352 kB
PageTables:        57056 kB
NFS_Unstable:          0 kB
Bounce:                0 kB
WritebackTmp:          0 kB
CommitLimit:     9202296 kB
Committed_AS:   57890560 kB
VmallocTotal:   263061440 kB
VmallocUsed:       99200 kB
VmallocChunk:          0 kB
Percpu:             7616 kB
CmaTotal:         294912 kB
CmaFree:               0 kB
MemTotal:       12113144 kB
MemFree:         6595416 kB
MemAvailable:    8060876 kB
Buffers:            6736 kB
Cached:          1665124 kB
SwapCached:            0 kB
Active:          1558032 kB
Inactive:        1380084 kB
Active(anon):    1273532 kB
Inactive(anon):    23220 kB
Active(file):     284500 kB
Inactive(file):  1356864 kB
Unevictable:        5864 kB
Mlocked:            5864 kB
SwapTotal:       3145724 kB
SwapFree:        3145724 kB
Dirty:              4008 kB
Writeback:             0 kB
AnonPages:       1272364 kB
Mapped:           807272 kB
Shmem:             25664 kB
KReclaimable:     692800 kB
Slab:             204296 kB
SReclaimable:      67868 kB
SUnreclaim:       136428 kB
KernelStack:       42352 kB
PageTables:        57056 kB
NFS_Unstable:          0 kB
Bounce:                0 kB
WritebackTmp:          0 kB
CommitLimit:     9202296 kB
Committed_AS:   57890340 kB
VmallocTotal:   263061440 kB
VmallocUsed:       99200 kB
VmallocChunk:          0 kB
Percpu:             7616 kB
CmaTotal:         294912 kB
CmaFree:               0 kB
MemTotal:       12113144 kB
MemFree:         6594468 kB
MemAvailable:    8059928 kB
Buffers:            6736 kB
Cached:          1665124 kB
SwapCached:            0 kB
Active:          1558488 kB
Inactive:        1380084 kB
Active(anon):    1273988 kB
Inactive(anon):    23220 kB
Active(file):     284500 kB
Inactive(file):  1356864 kB
Unevictable:        5864 kB
Mlocked:            5864 kB
SwapTotal:       3145724 kB
SwapFree:        3145724 kB
Dirty:              4008 kB
Writeback:             0 kB
AnonPages:       1272688 kB
Mapped:           807532 kB
Shmem:             25664 kB
KReclaimable:     692800 kB
Slab:             204288 kB
SReclaimable:      67868 kB
SUnreclaim:       136420 kB
KernelStack:       42352 kB
PageTables:        57056 kB
NFS_Unstable:          0 kB
Bounce:                0 kB
WritebackTmp:          0 kB
CommitLimit:     9202296 kB
Committed_AS:   57890252 kB
VmallocTotal:   263061440 kB
VmallocUsed:       99200 kB
VmallocChunk:          0 kB
Percpu:             7616 kB
CmaTotal:         294912 kB
CmaFree:               0 kB
MemTotal:       12113144 kB
MemFree:         6594564 kB
MemAvailable:    8060024 kB
Buffers:            6736 kB
Cached:          1665124 kB
SwapCached:            0 kB
Active:          1559104 kB
Inactive:        1380084 kB
Active(anon):    1274604 kB
Inactive(anon):    23220 kB
Active(file):     284500 kB
Inactive(file):  1356864 kB
Unevictable:        5864 kB
Mlocked:            5864 kB
SwapTotal:       3145724 kB
SwapFree:        3145724 kB
Dirty:              4000 kB
Writeback:             0 kB
AnonPages:       1273284 kB
Mapped:           807532 kB
Shmem:             25664 kB
KReclaimable:     692800 kB
Slab:             204304 kB
SReclaimable:      67868 kB
SUnreclaim:       136436 kB
KernelStack:       42368 kB
PageTables:        57056 kB
NFS_Unstable:          0 kB
Bounce:                0 kB
WritebackTmp:          0 kB
CommitLimit:     9202296 kB
Committed_AS:   57890076 kB
VmallocTotal:   263061440 kB
VmallocUsed:       99200 kB
VmallocChunk:          0 kB
Percpu:             7616 kB
CmaTotal:         294912 kB
CmaFree:               0 kB
MemTotal:       12113144 kB
MemFree:         6593724 kB
MemAvailable:    8059208 kB
Buffers:            6740 kB
Cached:          1665144 kB
SwapCached:            0 kB
Active:          1559488 kB
Inactive:        1380104 kB
Active(anon):    1274984 kB
Inactive(anon):    23220 kB
Active(file):     284504 kB
Inactive(file):  1356884 kB
Unevictable:        5864 kB
Mlocked:            5864 kB
SwapTotal:       3145724 kB
SwapFree:        3145724 kB
Dirty:              4028 kB
Writeback:             0 kB
AnonPages:       1273908 kB
Mapped:           807272 kB
Shmem:             25664 kB
KReclaimable:     692800 kB
Slab:             204320 kB
SReclaimable:      67868 kB
SUnreclaim:       136452 kB
KernelStack:       42384 kB
PageTables:        57056 kB
NFS_Unstable:          0 kB
Bounce:                0 kB
WritebackTmp:          0 kB
CommitLimit:     9202296 kB
Committed_AS:   57889776 kB
VmallocTotal:   263061440 kB
VmallocUsed:       99216 kB
VmallocChunk:          0 kB
Percpu:             7616 kB
CmaTotal:         294912 kB
CmaFree:               0 kB
MemTotal:       12113144 kB
MemFree:         6593792 kB
MemAvailable:    8059276 kB
Buffers:            6740 kB
Cached:          1665144 kB
SwapCached:            0 kB
Active:          1559988 kB
Inactive:        1380104 kB
Active(anon):    1275484 kB
Inactive(anon):    23220 kB
Active(file):     284504 kB
Inactive(file):  1356884 kB
Unevictable:        5864 kB
Mlocked:            5864 kB
SwapTotal:       3145724 kB
SwapFree:        3145724 kB
Dirty:              4028 kB
Writeback:             0 kB
AnonPages:       1273816 kB
Mapped:           807532 kB
Shmem:             25664 kB
KReclaimable:     692800 kB
Slab:             204288 kB
SReclaimable:      67868 kB
SUnreclaim:       136420 kB
KernelStack:       42416 kB
PageTables:        57056 kB
NFS_Unstable:          0 kB
Bounce:                0 kB
WritebackTmp:          0 kB
CommitLimit:     9202296 kB
Committed_AS:   57884292 kB
VmallocTotal:   263061440 kB
VmallocUsed:       99216 kB
VmallocChunk:          0 kB
Percpu:             7616 kB
CmaTotal:         294912 kB
CmaFree:               0 kB
MemTotal:       12113144 kB
MemFree:         6601832 kB
MemAvailable:    8067316 kB
Buffers:            6740 kB
Cached:          1665144 kB
SwapCached:            0 kB
Active:          1549600 kB
Inactive:        1380104 kB
Active(anon):    1265096 kB
Inactive(anon):    23220 kB
Active(file):     284504 kB
Inactive(file):  1356884 kB
Unevictable:        5864 kB
Mlocked:            5864 kB
SwapTotal:       3145724 kB
SwapFree:        3145724 kB
Dirty:              4064 kB
Writeback:             0 kB
AnonPages:       1263880 kB
Mapped:           807272 kB
Shmem:             25664 kB
KReclaimable:     692800 kB
Slab:             204328 kB
SReclaimable:      67868 kB
SUnreclaim:       136460 kB
KernelStack:       42384 kB
PageTables:        57056 kB
NFS_Unstable:          0 kB
Bounce:                0 kB
WritebackTmp:          0 kB
CommitLimit:     9202296 kB
Committed_AS:   57889284 kB
VmallocTotal:   263061440 kB
VmallocUsed:       99216 kB
VmallocChunk:          0 kB
Percpu:             7616 kB
CmaTotal:         294912 kB
CmaFree:               0 kB
MemTotal:       12113144 kB
MemFree:         6600868 kB
MemAvailable:    8066344 kB
Buffers:            6740 kB
Cached:          1665136 kB
SwapCached:            0 kB
Active:          1549956 kB
Inactive:        1380100 kB
Active(anon):    1265456 kB
Inactive(anon):    23220 kB
Active(file):     284500 kB
Inactive(file):  1356880 kB
Unevictable:        5864 kB
Mlocked:            5864 kB
SwapTotal:       3145724 kB
SwapFree:        3145724 kB
Dirty:              4020 kB
Writeback:             0 kB
AnonPages:       1264432 kB
Mapped:           807272 kB
Shmem:             25664 kB
KReclaimable:     692800 kB
Slab:             204304 kB
SReclaimable:      67868 kB
SUnreclaim:       136436 kB
KernelStack:       42432 kB
PageTables:        57056 kB
NFS_Unstable:          0 kB
Bounce:                0 kB
WritebackTmp:          0 kB
CommitLimit:     9202296 kB
Committed_AS:   57883928 kB
VmallocTotal:   263061440 kB
VmallocUsed:       99232 kB
VmallocChunk:          0 kB
Percpu:             7616 kB
CmaTotal:         294912 kB
CmaFree:               0 kB
MemTotal:       12113144 kB
MemFree:         6601480 kB
MemAvailable:    8066964 kB
Buffers:            6740 kB
Cached:          1665144 kB
SwapCached:            0 kB
Active:          1550104 kB
Inactive:        1380104 kB
Active(anon):    1265600 kB
Inactive(anon):    23220 kB
Active(file):     284504 kB
Inactive(file):  1356884 kB
Unevictable:        5864 kB
Mlocked:            5864 kB
SwapTotal:       3145724 kB
SwapFree:        3145724 kB
Dirty:              4028 kB
Writeback:             0 kB
AnonPages:       1264200 kB
Mapped:           807532 kB
Shmem:             25664 kB
KReclaimable:     692800 kB
Slab:             204304 kB
SReclaimable:      67868 kB
SUnreclaim:       136436 kB
KernelStack:       42480 kB
PageTables:        57064 kB
NFS_Unstable:          0 kB
Bounce:                0 kB
WritebackTmp:          0 kB
CommitLimit:     9202296 kB
Committed_AS:   57888920 kB
VmallocTotal:   263061440 kB
VmallocUsed:       99248 kB
VmallocChunk:          0 kB
Percpu:             7616 kB
CmaTotal:         294912 kB
CmaFree:               0 kB
MemTotal:       12113144 kB
MemFree:         6602208 kB
MemAvailable:    8067692 kB
Buffers:            6740 kB
Cached:          1665144 kB
SwapCached:            0 kB
Active:          1550040 kB
Inactive:        1380104 kB
Active(anon):    1265536 kB
Inactive(anon):    23220 kB
Active(file):     284504 kB
Inactive(file):  1356884 kB
Unevictable:        5864 kB
Mlocked:            5864 kB
SwapTotal:       3145724 kB
SwapFree:        3145724 kB
Dirty:              4028 kB
Writeback:             0 kB
AnonPages:       1264272 kB
Mapped:           807532 kB
Shmem:             25664 kB
KReclaimable:     692800 kB
Slab:             204304 kB
SReclaimable:      67868 kB
SUnreclaim:       136436 kB
KernelStack:       42480 kB
PageTables:        57064 kB
NFS_Unstable:          0 kB
Bounce:                0 kB
WritebackTmp:          0 kB
CommitLimit:     9202296 kB
Committed_AS:   57888760 kB
VmallocTotal:   263061440 kB
VmallocUsed:       99280 kB
VmallocChunk:          0 kB
Percpu:             7616 kB
CmaTotal:         294912 kB
CmaFree:               0 kB
MemTotal:       12113144 kB
MemFree:         6601888 kB
MemAvailable:    8067372 kB
Buffers:            6740 kB
Cached:          1665144 kB
SwapCached:            0 kB
Active:          1550736 kB
Inactive:        1380104 kB
Active(anon):    1266232 kB
Inactive(anon):    23220 kB
Active(file):     284504 kB
Inactive(file):  1356884 kB
Unevictable:        5864 kB
Mlocked:            5864 kB
SwapTotal:       3145724 kB
SwapFree:        3145724 kB
Dirty:              4028 kB
Writeback:             0 kB
AnonPages:       1264632 kB
Mapped:           807532 kB
Shmem:             25664 kB
KReclaimable:     692800 kB
Slab:             204304 kB
SReclaimable:      67868 kB
SUnreclaim:       136436 kB
KernelStack:       42480 kB
PageTables:        57064 kB
NFS_Unstable:          0 kB
Bounce:                0 kB
WritebackTmp:          0 kB
CommitLimit:     9202296 kB
Committed_AS:   57888364 kB
VmallocTotal:   263061440 kB
VmallocUsed:       99296 kB
VmallocChunk:          0 kB
Percpu:             7616 kB
CmaTotal:         294912 kB
CmaFree:               0 kB
MemTotal:       12113144 kB
MemFree:         6601836 kB
MemAvailable:    8067320 kB
Buffers:            6740 kB
Cached:          1665144 kB
SwapCached:            0 kB
Active:          1551164 kB
Inactive:        1380104 kB
Active(anon):    1266660 kB
Inactive(anon):    23220 kB
Active(file):     284504 kB
Inactive(file):  1356884 kB
Unevictable:        5864 kB
Mlocked:            5864 kB
SwapTotal:       3145724 kB
SwapFree:        3145724 kB
Dirty:              4028 kB
Writeback:             0 kB
AnonPages:       1265180 kB
Mapped:           807532 kB
Shmem:             25664 kB
KReclaimable:     692800 kB
Slab:             204296 kB
SReclaimable:      67868 kB
SUnreclaim:       136428 kB
KernelStack:       42480 kB
PageTables:        57064 kB
NFS_Unstable:          0 kB
Bounce:                0 kB
WritebackTmp:          0 kB
CommitLimit:     9202296 kB
Committed_AS:   57888160 kB
VmallocTotal:   263061440 kB
VmallocUsed:       99328 kB
VmallocChunk:          0 kB
Percpu:             7616 kB
CmaTotal:         294912 kB
CmaFree:               0 kB
MemTotal:       12113144 kB
MemFree:         6601392 kB
MemAvailable:    8066876 kB
Buffers:            6740 kB
Cached:          1665144 kB
SwapCached:            0 kB
Active:          1551344 kB
Inactive:        1380104 kB
Active(anon):    1266840 kB
Inactive(anon):    23220 kB
Active(file):     284504 kB
Inactive(file):  1356884 kB
Unevictable:        5864 kB
Mlocked:            5864 kB
SwapTotal:       3145724 kB
SwapFree:        3145724 kB
Dirty:              4056 kB
Writeback:             0 kB
AnonPages:       1265616 kB
Mapped:           807532 kB
Shmem:             25664 kB
KReclaimable:     692800 kB
Slab:             204296 kB
SReclaimable:      67868 kB
SUnreclaim:       136428 kB
KernelStack:       42480 kB
PageTables:        57064 kB
NFS_Unstable:          0 kB
Bounce:                0 kB
WritebackTmp:          0 kB
CommitLimit:     9202296 kB
Committed_AS:   57887852 kB
VmallocTotal:   263061440 kB
VmallocUsed:       99328 kB
VmallocChunk:          0 kB
Percpu:             7616 kB
CmaTotal:         294912 kB
CmaFree:               0 kB
MemTotal:       12113144 kB
MemFree:         6600628 kB
MemAvailable:    8066112 kB
Buffers:            6740 kB
Cached:          1665144 kB
SwapCached:            0 kB
Active:          1551848 kB
Inactive:        1380104 kB
Active(anon):    1267344 kB
Inactive(anon):    23220 kB
Active(file):     284504 kB
Inactive(file):  1356884 kB
Unevictable:        5864 kB
Mlocked:            5864 kB
SwapTotal:       3145724 kB
SwapFree:        3145724 kB
Dirty:              4056 kB
Writeback:             0 kB
AnonPages:       1266116 kB
Mapped:           807532 kB
Shmem:             25664 kB
KReclaimable:     692800 kB
Slab:             204296 kB
SReclaimable:      67868 kB
SUnreclaim:       136428 kB
KernelStack:       42480 kB
PageTables:        57064 kB
NFS_Unstable:          0 kB
Bounce:                0 kB
WritebackTmp:          0 kB
CommitLimit:     9202296 kB
Committed_AS:   57887736 kB
VmallocTotal:   263061440 kB
VmallocUsed:       99328 kB
VmallocChunk:          0 kB
Percpu:             7616 kB
CmaTotal:         294912 kB
CmaFree:               0 kB
MemTotal:       12113144 kB
MemFree:         6600428 kB
MemAvailable:    8065912 kB
Buffers:            6740 kB
Cached:          1665144 kB
SwapCached:            0 kB
Active:          1552692 kB
Inactive:        1380104 kB
Active(anon):    1268188 kB
Inactive(anon):    23220 kB
Active(file):     284504 kB
Inactive(file):  1356884 kB
Unevictable:        5864 kB
Mlocked:            5864 kB
SwapTotal:       3145724 kB
SwapFree:        3145724 kB
Dirty:              4056 kB
Writeback:             0 kB
AnonPages:       1266524 kB
Mapped:           807272 kB
Shmem:             25664 kB
KReclaimable:     692800 kB
Slab:             204312 kB
SReclaimable:      67868 kB
SUnreclaim:       136444 kB
KernelStack:       42480 kB
PageTables:        57064 kB
NFS_Unstable:          0 kB
Bounce:                0 kB
WritebackTmp:          0 kB
CommitLimit:     9202296 kB
Committed_AS:   57887576 kB
VmallocTotal:   263061440 kB
VmallocUsed:       99328 kB
VmallocChunk:          0 kB
Percpu:             7616 kB
CmaTotal:         294912 kB
CmaFree:               0 kB
MemTotal:       12113144 kB
MemFree:         6600068 kB
MemAvailable:    8065552 kB
Buffers:            6740 kB
Cached:          1665144 kB
SwapCached:            0 kB
Active:          1552792 kB
Inactive:        1380104 kB
Active(anon):    1268288 kB
Inactive(anon):    23220 kB
Active(file):     284504 kB
Inactive(file):  1356884 kB
Unevictable:        5864 kB
Mlocked:            5864 kB
SwapTotal:       3145724 kB
SwapFree:        3145724 kB
Dirty:              4076 kB
Writeback:             0 kB
AnonPages:       1266960 kB
Mapped:           807532 kB
Shmem:             25664 kB
KReclaimable:     692800 kB
Slab:             204264 kB
SReclaimable:      67868 kB
SUnreclaim:       136396 kB
KernelStack:       42480 kB
PageTables:        57064 kB
NFS_Unstable:          0 kB
Bounce:                0 kB
WritebackTmp:          0 kB
CommitLimit:     9202296 kB
Committed_AS:   57887224 kB
VmallocTotal:   263061440 kB
VmallocUsed:       99328 kB
VmallocChunk:          0 kB
Percpu:             7616 kB
CmaTotal:         294912 kB
CmaFree:               0 kB
MemTotal:       12113144 kB
MemFree:         6598340 kB
MemAvailable:    8063812 kB
Buffers:            6740 kB
Cached:          1665132 kB
SwapCached:            0 kB
Active:          1553464 kB
Inactive:        1380096 kB
Active(anon):    1268964 kB
Inactive(anon):    23220 kB
Active(file):     284500 kB
Inactive(file):  1356876 kB
Unevictable:        5864 kB
Mlocked:            5864 kB
SwapTotal:       3145724 kB
SwapFree:        3145724 kB
Dirty:              4072 kB
Writeback:             0 kB
AnonPages:       1267520 kB
Mapped:           807532 kB
Shmem:             25664 kB
KReclaimable:     692800 kB
Slab:             204328 kB
SReclaimable:      67868 kB
SUnreclaim:       136460 kB
KernelStack:       42480 kB
PageTables:        57060 kB
NFS_Unstable:          0 kB
Bounce:                0 kB
WritebackTmp:          0 kB
CommitLimit:     9202296 kB
Committed_AS:   57886632 kB
VmallocTotal:   263061440 kB
VmallocUsed:       99344 kB
VmallocChunk:          0 kB
Percpu:             7616 kB
CmaTotal:         294912 kB
CmaFree:               0 kB
MemTotal:       12113144 kB
MemFree:         6599336 kB
MemAvailable:    8064820 kB
Buffers:            6740 kB
Cached:          1665148 kB
SwapCached:            0 kB
Active:          1553740 kB
Inactive:        1380108 kB
Active(anon):    1269236 kB
Inactive(anon):    23224 kB
Active(file):     284504 kB
Inactive(file):  1356884 kB
Unevictable:        5864 kB
Mlocked:            5864 kB
SwapTotal:       3145724 kB
SwapFree:        3145724 kB
Dirty:              4032 kB
Writeback:             0 kB
AnonPages:       1267708 kB
Mapped:           807536 kB
Shmem:             25668 kB
KReclaimable:     692800 kB
Slab:             204280 kB
SReclaimable:      67868 kB
SUnreclaim:       136412 kB
KernelStack:       42480 kB
PageTables:        57064 kB
NFS_Unstable:          0 kB
Bounce:                0 kB
WritebackTmp:          0 kB
CommitLimit:     9202296 kB
Committed_AS:   57886792 kB
VmallocTotal:   263061440 kB
VmallocUsed:       99344 kB
VmallocChunk:          0 kB
Percpu:             7616 kB
CmaTotal:         294912 kB
CmaFree:               0 kB
MemTotal:       12113144 kB
MemFree:         6598896 kB
MemAvailable:    8064380 kB
Buffers:            6740 kB
Cached:          1665148 kB
SwapCached:            0 kB
Active:          1554492 kB
Inactive:        1380108 kB
Active(anon):    1269988 kB
Inactive(anon):    23224 kB
Active(file):     284504 kB
Inactive(file):  1356884 kB
Unevictable:        5864 kB
Mlocked:            5864 kB
SwapTotal:       3145724 kB
SwapFree:        3145724 kB
Dirty:              4032 kB
Writeback:             0 kB
AnonPages:       1268828 kB
Mapped:           807536 kB
Shmem:             25668 kB
KReclaimable:     692800 kB
Slab:             204304 kB
SReclaimable:      67868 kB
SUnreclaim:       136436 kB
KernelStack:       42480 kB
PageTables:        57064 kB
NFS_Unstable:          0 kB
Bounce:                0 kB
WritebackTmp:          0 kB
CommitLimit:     9202296 kB
Committed_AS:   57881360 kB
VmallocTotal:   263061440 kB
VmallocUsed:       99296 kB
VmallocChunk:          0 kB
Percpu:             7616 kB
CmaTotal:         294912 kB
CmaFree:               0 kB
MemTotal:       12113144 kB
MemFree:         6597792 kB
MemAvailable:    8063276 kB
Buffers:            6740 kB
Cached:          1665148 kB
SwapCached:            0 kB
Active:          1554640 kB
Inactive:        1380108 kB
Active(anon):    1270136 kB
Inactive(anon):    23224 kB
Active(file):     284504 kB
Inactive(file):  1356884 kB
Unevictable:        5864 kB
Mlocked:            5864 kB
SwapTotal:       3145724 kB
SwapFree:        3145724 kB
Dirty:              3796 kB
Writeback:             0 kB
AnonPages:       1269084 kB
Mapped:           807276 kB
Shmem:             25668 kB
KReclaimable:     692800 kB
Slab:             204276 kB
SReclaimable:      67868 kB
SUnreclaim:       136408 kB
KernelStack:       42480 kB
PageTables:        57064 kB
NFS_Unstable:          0 kB
Bounce:                0 kB
WritebackTmp:          0 kB
CommitLimit:     9202296 kB
Committed_AS:   57885984 kB
VmallocTotal:   263061440 kB
VmallocUsed:       99312 kB
VmallocChunk:          0 kB
Percpu:             7616 kB
CmaTotal:         294912 kB
CmaFree:               0 kB
MemTotal:       12113144 kB
MemFree:         6586548 kB
MemAvailable:    8052064 kB
Buffers:            6748 kB
Cached:          1664988 kB
SwapCached:            0 kB
Active:          1566248 kB
Inactive:        1379948 kB
Active(anon):    1281736 kB
Inactive(anon):    23044 kB
Active(file):     284512 kB
Inactive(file):  1356904 kB
Unevictable:        5864 kB
Mlocked:            5864 kB
SwapTotal:       3145724 kB
SwapFree:        3145724 kB
Dirty:               360 kB
Writeback:             0 kB
AnonPages:       1280332 kB
Mapped:           807352 kB
Shmem:             25488 kB
KReclaimable:     692804 kB
Slab:             204312 kB
SReclaimable:      67872 kB
SUnreclaim:       136440 kB
KernelStack:       42480 kB
PageTables:        57068 kB
NFS_Unstable:          0 kB
Bounce:                0 kB
WritebackTmp:          0 kB
CommitLimit:     9202296 kB
Committed_AS:   57895340 kB
VmallocTotal:   263061440 kB
VmallocUsed:       99312 kB
VmallocChunk:          0 kB
Percpu:             7616 kB
CmaTotal:         294912 kB
CmaFree:               0 kB
MemTotal:       12113144 kB
MemFree:         6585668 kB
MemAvailable:    8051172 kB
Buffers:            6748 kB
Cached:          1665156 kB
SwapCached:            0 kB
Active:          1566508 kB
Inactive:        1380120 kB
Active(anon):    1282000 kB
Inactive(anon):    23224 kB
Active(file):     284508 kB
Inactive(file):  1356896 kB
Unevictable:        5864 kB
Mlocked:            5864 kB
SwapTotal:       3145724 kB
SwapFree:        3145724 kB
Dirty:               360 kB
Writeback:             0 kB
AnonPages:       1280568 kB
Mapped:           807536 kB
Shmem:             25668 kB
KReclaimable:     692804 kB
Slab:             204304 kB
SReclaimable:      67872 kB
SUnreclaim:       136432 kB
KernelStack:       42480 kB
PageTables:        57068 kB
NFS_Unstable:          0 kB
Bounce:                0 kB
WritebackTmp:          0 kB
CommitLimit:     9202296 kB
Committed_AS:   57895216 kB
VmallocTotal:   263061440 kB
VmallocUsed:       99328 kB
VmallocChunk:          0 kB
Percpu:             7616 kB
CmaTotal:         294912 kB
CmaFree:               0 kB
MemTotal:       12113144 kB
MemFree:         6586336 kB
MemAvailable:    8051852 kB
Buffers:            6748 kB
Cached:          1665168 kB
SwapCached:            0 kB
Active:          1567244 kB
Inactive:        1380128 kB
Active(anon):    1282732 kB
Inactive(anon):    23224 kB
Active(file):     284512 kB
Inactive(file):  1356904 kB
Unevictable:        5864 kB
Mlocked:            5864 kB
SwapTotal:       3145724 kB
SwapFree:        3145724 kB
Dirty:               380 kB
Writeback:             0 kB
AnonPages:       1281088 kB
Mapped:           807536 kB
Shmem:             25668 kB
KReclaimable:     692804 kB
Slab:             204264 kB
SReclaimable:      67872 kB
SUnreclaim:       136392 kB
KernelStack:       42480 kB
PageTables:        57072 kB
NFS_Unstable:          0 kB
Bounce:                0 kB
WritebackTmp:          0 kB
CommitLimit:     9202296 kB
Committed_AS:   57894952 kB
VmallocTotal:   263061440 kB
VmallocUsed:       99328 kB
VmallocChunk:          0 kB
Percpu:             7616 kB
CmaTotal:         294912 kB
CmaFree:               0 kB
MemTotal:       12113144 kB
MemFree:         6585548 kB
MemAvailable:    8051064 kB
Buffers:            6748 kB
Cached:          1665168 kB
SwapCached:            0 kB
Active:          1566924 kB
Inactive:        1380128 kB
Active(anon):    1282412 kB
Inactive(anon):    23224 kB
Active(file):     284512 kB
Inactive(file):  1356904 kB
Unevictable:        5864 kB
Mlocked:            5864 kB
SwapTotal:       3145724 kB
SwapFree:        3145724 kB
Dirty:               380 kB
Writeback:             0 kB
AnonPages:       1281660 kB
Mapped:           807276 kB
Shmem:             25668 kB
KReclaimable:     692804 kB
Slab:             204320 kB
SReclaimable:      67872 kB
SUnreclaim:       136448 kB
KernelStack:       42480 kB
PageTables:        57064 kB
NFS_Unstable:          0 kB
Bounce:                0 kB
WritebackTmp:          0 kB
CommitLimit:     9202296 kB
Committed_AS:   57894688 kB
VmallocTotal:   263061440 kB
VmallocUsed:       99328 kB
VmallocChunk:          0 kB
Percpu:             7616 kB
CmaTotal:         294912 kB
CmaFree:               0 kB
MemTotal:       12113144 kB
MemFree:         6584928 kB
MemAvailable:    8050444 kB
Buffers:            6748 kB
Cached:          1665168 kB
SwapCached:            0 kB
Active:          1567456 kB
Inactive:        1380128 kB
Active(anon):    1282944 kB
Inactive(anon):    23224 kB
Active(file):     284512 kB
Inactive(file):  1356904 kB
Unevictable:        5864 kB
Mlocked:            5864 kB
SwapTotal:       3145724 kB
SwapFree:        3145724 kB
Dirty:               380 kB
Writeback:             0 kB
AnonPages:       1281516 kB
Mapped:           807324 kB
Shmem:             25668 kB
KReclaimable:     692804 kB
Slab:             204280 kB
SReclaimable:      67872 kB
SUnreclaim:       136408 kB
KernelStack:       42480 kB
PageTables:        57080 kB
NFS_Unstable:          0 kB
Bounce:                0 kB
WritebackTmp:          0 kB
CommitLimit:     9202296 kB
Committed_AS:   57895660 kB
VmallocTotal:   263061440 kB
VmallocUsed:       99360 kB
VmallocChunk:          0 kB
Percpu:             7616 kB
CmaTotal:         294912 kB
CmaFree:               0 kB
MemTotal:       12113144 kB
MemFree:         6584556 kB
MemAvailable:    8050072 kB
Buffers:            6748 kB
Cached:          1665168 kB
SwapCached:            0 kB
Active:          1567800 kB
Inactive:        1380128 kB
Active(anon):    1283288 kB
Inactive(anon):    23224 kB
Active(file):     284512 kB
Inactive(file):  1356904 kB
Unevictable:        5864 kB
Mlocked:            5864 kB
SwapTotal:       3145724 kB
SwapFree:        3145724 kB
Dirty:               380 kB
Writeback:             0 kB
AnonPages:       1282084 kB
Mapped:           807320 kB
Shmem:             25668 kB
KReclaimable:     692804 kB
Slab:             204312 kB
SReclaimable:      67872 kB
SUnreclaim:       136440 kB
KernelStack:       42480 kB
PageTables:        57076 kB
NFS_Unstable:          0 kB
Bounce:                0 kB
WritebackTmp:          0 kB
CommitLimit:     9202296 kB
Committed_AS:   57895536 kB
VmallocTotal:   263061440 kB
VmallocUsed:       99344 kB
VmallocChunk:          0 kB
Percpu:             7616 kB
CmaTotal:         294912 kB
CmaFree:               0 kB
MemTotal:       12113144 kB
MemFree:         6584228 kB
MemAvailable:    8049744 kB
Buffers:            6748 kB
Cached:          1665168 kB
SwapCached:            0 kB
Active:          1568348 kB
Inactive:        1380128 kB
Active(anon):    1283836 kB
Inactive(anon):    23224 kB
Active(file):     284512 kB
Inactive(file):  1356904 kB
Unevictable:        5864 kB
Mlocked:            5864 kB
SwapTotal:       3145724 kB
SwapFree:        3145724 kB
Dirty:               384 kB
Writeback:             0 kB
AnonPages:       1282652 kB
Mapped:           807580 kB
Shmem:             25668 kB
KReclaimable:     692804 kB
Slab:             204296 kB
SReclaimable:      67872 kB
SUnreclaim:       136424 kB
KernelStack:       42480 kB
PageTables:        57076 kB
NFS_Unstable:          0 kB
Bounce:                0 kB
WritebackTmp:          0 kB
CommitLimit:     9202296 kB
Committed_AS:   57895264 kB
VmallocTotal:   263061440 kB
VmallocUsed:       99344 kB
VmallocChunk:          0 kB
Percpu:             7616 kB
CmaTotal:         294912 kB
CmaFree:               0 kB
MemTotal:       12113144 kB
MemFree:         6583876 kB
MemAvailable:    8049392 kB
Buffers:            6748 kB
Cached:          1665168 kB
SwapCached:            0 kB
Active:          1568460 kB
Inactive:        1380128 kB
Active(anon):    1283948 kB
Inactive(anon):    23224 kB
Active(file):     284512 kB
Inactive(file):  1356904 kB
Unevictable:        5864 kB
Mlocked:            5864 kB
SwapTotal:       3145724 kB
SwapFree:        3145724 kB
Dirty:               384 kB
Writeback:             0 kB
AnonPages:       1282736 kB
Mapped:           807580 kB
Shmem:             25668 kB
KReclaimable:     692804 kB
Slab:             204288 kB
SReclaimable:      67872 kB
SUnreclaim:       136416 kB
KernelStack:       42480 kB
PageTables:        57064 kB
NFS_Unstable:          0 kB
Bounce:                0 kB
WritebackTmp:          0 kB
CommitLimit:     9202296 kB
Committed_AS:   57895220 kB
VmallocTotal:   263061440 kB
VmallocUsed:       99344 kB
VmallocChunk:          0 kB
Percpu:             7616 kB
CmaTotal:         294912 kB
CmaFree:               0 kB
MemTotal:       12113144 kB
MemFree:         6578432 kB
MemAvailable:    8043948 kB
Buffers:            6748 kB
Cached:          1668724 kB
SwapCached:            0 kB
Active:          1569396 kB
Inactive:        1383660 kB
Active(anon):    1284880 kB
Inactive(anon):    26760 kB
Active(file):     284516 kB
Inactive(file):  1356900 kB
Unevictable:        5864 kB
Mlocked:            5864 kB
SwapTotal:       3145724 kB
SwapFree:        3145724 kB
Dirty:               400 kB
Writeback:             0 kB
AnonPages:       1284100 kB
Mapped:           811132 kB
Shmem:             29224 kB
KReclaimable:     692804 kB
Slab:             204320 kB
SReclaimable:      67872 kB
SUnreclaim:       136448 kB
KernelStack:       42480 kB
PageTables:        57072 kB
NFS_Unstable:          0 kB
Bounce:                0 kB
WritebackTmp:          0 kB
CommitLimit:     9202296 kB
Committed_AS:   57895396 kB
VmallocTotal:   263061440 kB
VmallocUsed:       99328 kB
VmallocChunk:          0 kB
Percpu:             7616 kB
CmaTotal:         294912 kB
CmaFree:               0 kB
MemTotal:       12113144 kB
MemFree:         6590664 kB
MemAvailable:    8056180 kB
Buffers:            6748 kB
Cached:          1665168 kB
SwapCached:            0 kB
Active:          1560860 kB
Inactive:        1380124 kB
Active(anon):    1276344 kB
Inactive(anon):    23224 kB
Active(file):     284516 kB
Inactive(file):  1356900 kB
Unevictable:        5864 kB
Mlocked:            5864 kB
SwapTotal:       3145724 kB
SwapFree:        3145724 kB
Dirty:               400 kB
Writeback:             0 kB
AnonPages:       1275080 kB
Mapped:           807580 kB
Shmem:             25668 kB
KReclaimable:     692804 kB
Slab:             204296 kB
SReclaimable:      67872 kB
SUnreclaim:       136424 kB
KernelStack:       42480 kB
PageTables:        57064 kB
NFS_Unstable:          0 kB
Bounce:                0 kB
WritebackTmp:          0 kB
CommitLimit:     9202296 kB
Committed_AS:   57894680 kB
VmallocTotal:   263061440 kB
VmallocUsed:       99344 kB
VmallocChunk:          0 kB
Percpu:             7616 kB
CmaTotal:         294912 kB
CmaFree:               0 kB
MemTotal:       12113144 kB
MemFree:         6590408 kB
MemAvailable:    8055928 kB
Buffers:            6748 kB
Cached:          1665172 kB
SwapCached:            0 kB
Active:          1561280 kB
Inactive:        1380128 kB
Active(anon):    1276764 kB
Inactive(anon):    23224 kB
Active(file):     284516 kB
Inactive(file):  1356904 kB
Unevictable:        5864 kB
Mlocked:            5864 kB
SwapTotal:       3145724 kB
SwapFree:        3145724 kB
Dirty:               404 kB
Writeback:             8 kB
AnonPages:       1275480 kB
Mapped:           807580 kB
Shmem:             25668 kB
KReclaimable:     692804 kB
Slab:             204304 kB
SReclaimable:      67872 kB
SUnreclaim:       136432 kB
KernelStack:       42480 kB
PageTables:        57064 kB
NFS_Unstable:          0 kB
Bounce:                0 kB
WritebackTmp:          0 kB
CommitLimit:     9202296 kB
Committed_AS:   57894740 kB
VmallocTotal:   263061440 kB
VmallocUsed:       99344 kB
VmallocChunk:          0 kB
Percpu:             7616 kB
CmaTotal:         294912 kB
CmaFree:               0 kB
MemTotal:       12113144 kB
MemFree:         6590732 kB
MemAvailable:    8056252 kB
Buffers:            6748 kB
Cached:          1665172 kB
SwapCached:            0 kB
Active:          1561792 kB
Inactive:        1380128 kB
Active(anon):    1277276 kB
Inactive(anon):    23224 kB
Active(file):     284516 kB
Inactive(file):  1356904 kB
Unevictable:        5864 kB
Mlocked:            5864 kB
SwapTotal:       3145724 kB
SwapFree:        3145724 kB
Dirty:               428 kB
Writeback:             0 kB
AnonPages:       1275912 kB
Mapped:           807580 kB
Shmem:             25668 kB
KReclaimable:     692804 kB
Slab:             204304 kB
SReclaimable:      67872 kB
SUnreclaim:       136432 kB
KernelStack:       42480 kB
PageTables:        57068 kB
NFS_Unstable:          0 kB
Bounce:                0 kB
WritebackTmp:          0 kB
CommitLimit:     9202296 kB
Committed_AS:   57895124 kB
VmallocTotal:   263061440 kB
VmallocUsed:       99376 kB
VmallocChunk:          0 kB
Percpu:             7616 kB
CmaTotal:         294912 kB
CmaFree:               0 kB
MemTotal:       12113144 kB
MemFree:         6589940 kB
MemAvailable:    8055460 kB
Buffers:            6748 kB
Cached:          1665172 kB
SwapCached:            0 kB
Active:          1562112 kB
Inactive:        1380128 kB
Active(anon):    1277596 kB
Inactive(anon):    23224 kB
Active(file):     284516 kB
Inactive(file):  1356904 kB
Unevictable:        5864 kB
Mlocked:            5864 kB
SwapTotal:       3145724 kB
SwapFree:        3145724 kB
Dirty:               428 kB
Writeback:             0 kB
AnonPages:       1276092 kB
Mapped:           807580 kB
Shmem:             25668 kB
KReclaimable:     692804 kB
Slab:             204312 kB
SReclaimable:      67872 kB
SUnreclaim:       136440 kB
KernelStack:       42432 kB
PageTables:        57064 kB
NFS_Unstable:          0 kB
Bounce:                0 kB
WritebackTmp:          0 kB
CommitLimit:     9202296 kB
Committed_AS:   57895220 kB
VmallocTotal:   263061440 kB
VmallocUsed:       99328 kB
VmallocChunk:          0 kB
Percpu:             7616 kB
CmaTotal:         294912 kB
CmaFree:               0 kB
MemTotal:       12113144 kB
MemFree:         6590476 kB
MemAvailable:    8055996 kB
Buffers:            6748 kB
Cached:          1665172 kB
SwapCached:            0 kB
Active:          1562236 kB
Inactive:        1380128 kB
Active(anon):    1277720 kB
Inactive(anon):    23224 kB
Active(file):     284516 kB
Inactive(file):  1356904 kB
Unevictable:        5864 kB
Mlocked:            5864 kB
SwapTotal:       3145724 kB
SwapFree:        3145724 kB
Dirty:               460 kB
Writeback:             0 kB
AnonPages:       1276416 kB
Mapped:           807320 kB
Shmem:             25668 kB
KReclaimable:     692804 kB
Slab:             204304 kB
SReclaimable:      67872 kB
SUnreclaim:       136432 kB
KernelStack:       42432 kB
PageTables:        57064 kB
NFS_Unstable:          0 kB
Bounce:                0 kB
WritebackTmp:          0 kB
CommitLimit:     9202296 kB
Committed_AS:   57895168 kB
VmallocTotal:   263061440 kB
VmallocUsed:       99312 kB
VmallocChunk:          0 kB
Percpu:             7616 kB
CmaTotal:         294912 kB
CmaFree:               0 kB
MemTotal:       12113144 kB
MemFree:         6590520 kB
MemAvailable:    8056040 kB
Buffers:            6748 kB
Cached:          1665172 kB
SwapCached:            0 kB
Active:          1562496 kB
Inactive:        1380128 kB
Active(anon):    1277980 kB
Inactive(anon):    23224 kB
Active(file):     284516 kB
Inactive(file):  1356904 kB
Unevictable:        5864 kB
Mlocked:            5864 kB
SwapTotal:       3145724 kB
SwapFree:        3145724 kB
Dirty:               460 kB
Writeback:             0 kB
AnonPages:       1276920 kB
Mapped:           807564 kB
Shmem:             25668 kB
KReclaimable:     692804 kB
Slab:             204304 kB
SReclaimable:      67872 kB
SUnreclaim:       136432 kB
KernelStack:       42432 kB
PageTables:        56968 kB
NFS_Unstable:          0 kB
Bounce:                0 kB
WritebackTmp:          0 kB
CommitLimit:     9202296 kB
Committed_AS:   57892872 kB
VmallocTotal:   263061440 kB
VmallocUsed:       99296 kB
VmallocChunk:          0 kB
Percpu:             7616 kB
CmaTotal:         294912 kB
CmaFree:               0 kB
MemTotal:       12113144 kB
MemFree:         6589752 kB
MemAvailable:    8055272 kB
Buffers:            6748 kB
Cached:          1665172 kB
SwapCached:            0 kB
Active:          1563236 kB
Inactive:        1380128 kB
Active(anon):    1278720 kB
Inactive(anon):    23224 kB
Active(file):     284516 kB
Inactive(file):  1356904 kB
Unevictable:        5864 kB
Mlocked:            5864 kB
SwapTotal:       3145724 kB
SwapFree:        3145724 kB
Dirty:               460 kB
Writeback:             0 kB
AnonPages:       1277356 kB
Mapped:           807580 kB
Shmem:             25668 kB
KReclaimable:     692804 kB
Slab:             204304 kB
SReclaimable:      67872 kB
SUnreclaim:       136432 kB
KernelStack:       42448 kB
PageTables:        57208 kB
NFS_Unstable:          0 kB
Bounce:                0 kB
WritebackTmp:          0 kB
CommitLimit:     9202296 kB
Committed_AS:   57887388 kB
VmallocTotal:   263061440 kB
VmallocUsed:       99296 kB
VmallocChunk:          0 kB
Percpu:             7616 kB
CmaTotal:         294912 kB
CmaFree:               0 kB
MemTotal:       12113144 kB
MemFree:         6590160 kB
MemAvailable:    8055692 kB
Buffers:            6756 kB
Cached:          1665176 kB
SwapCached:            0 kB
Active:          1563660 kB
Inactive:        1380140 kB
Active(anon):    1279144 kB
Inactive(anon):    23224 kB
Active(file):     284516 kB
Inactive(file):  1356916 kB
Unevictable:        5864 kB
Mlocked:            5864 kB
SwapTotal:       3145724 kB
SwapFree:        3145724 kB
Dirty:               468 kB
Writeback:             0 kB
AnonPages:       1277736 kB
Mapped:           807580 kB
Shmem:             25668 kB
KReclaimable:     692804 kB
Slab:             204304 kB
SReclaimable:      67872 kB
SUnreclaim:       136432 kB
KernelStack:       42432 kB
PageTables:        57068 kB
NFS_Unstable:          0 kB
Bounce:                0 kB
WritebackTmp:          0 kB
CommitLimit:     9202296 kB
Committed_AS:   57887220 kB
VmallocTotal:   263061440 kB
VmallocUsed:       99312 kB
VmallocChunk:          0 kB
Percpu:             7616 kB
CmaTotal:         294912 kB
CmaFree:               0 kB
MemTotal:       12113144 kB
MemFree:         6589884 kB
MemAvailable:    8055420 kB
Buffers:            6756 kB
Cached:          1665180 kB
SwapCached:            0 kB
Active:          1563920 kB
Inactive:        1380140 kB
Active(anon):    1279400 kB
Inactive(anon):    23224 kB
Active(file):     284520 kB
Inactive(file):  1356916 kB
Unevictable:        5864 kB
Mlocked:            5864 kB
SwapTotal:       3145724 kB
SwapFree:        3145724 kB
Dirty:               464 kB
Writeback:             0 kB
AnonPages:       1278052 kB
Mapped:           807580 kB
Shmem:             25668 kB
KReclaimable:     692804 kB
Slab:             204304 kB
SReclaimable:      67872 kB
SUnreclaim:       136432 kB
KernelStack:       42432 kB
PageTables:        57064 kB
NFS_Unstable:          0 kB
Bounce:                0 kB
WritebackTmp:          0 kB
CommitLimit:     9202296 kB
Committed_AS:   57890076 kB
VmallocTotal:   263061440 kB
VmallocUsed:       99312 kB
VmallocChunk:          0 kB
Percpu:             7616 kB
CmaTotal:         294912 kB
CmaFree:               0 kB
MemTotal:       12113144 kB
MemFree:         6589176 kB
MemAvailable:    8054720 kB
Buffers:            6756 kB
Cached:          1665192 kB
SwapCached:            0 kB
Active:          1563448 kB
Inactive:        1380148 kB
Active(anon):    1278924 kB
Inactive(anon):    23228 kB
Active(file):     284524 kB
Inactive(file):  1356920 kB
Unevictable:        5864 kB
Mlocked:            5864 kB
SwapTotal:       3145724 kB
SwapFree:        3145724 kB
Dirty:               352 kB
Writeback:             0 kB
AnonPages:       1277664 kB
Mapped:           807584 kB
Shmem:             25672 kB
KReclaimable:     692804 kB
Slab:             204304 kB
SReclaimable:      67872 kB
SUnreclaim:       136432 kB
KernelStack:       42432 kB
PageTables:        57064 kB
NFS_Unstable:          0 kB
Bounce:                0 kB
WritebackTmp:          0 kB
CommitLimit:     9202296 kB
Committed_AS:   57891468 kB
VmallocTotal:   263061440 kB
VmallocUsed:       99280 kB
VmallocChunk:          0 kB
Percpu:             7616 kB
CmaTotal:         294912 kB
CmaFree:               0 kB
MemTotal:       12113144 kB
MemFree:         6589100 kB
MemAvailable:    8054644 kB
Buffers:            6756 kB
Cached:          1665192 kB
SwapCached:            0 kB
Active:          1563740 kB
Inactive:        1380148 kB
Active(anon):    1279216 kB
Inactive(anon):    23228 kB
Active(file):     284524 kB
Inactive(file):  1356920 kB
Unevictable:        5864 kB
Mlocked:            5864 kB
SwapTotal:       3145724 kB
SwapFree:        3145724 kB
Dirty:               408 kB
Writeback:             0 kB
AnonPages:       1277908 kB
Mapped:           807324 kB
Shmem:             25672 kB
KReclaimable:     692804 kB
Slab:             204312 kB
SReclaimable:      67872 kB
SUnreclaim:       136440 kB
KernelStack:       42448 kB
PageTables:        57064 kB
NFS_Unstable:          0 kB
Bounce:                0 kB
WritebackTmp:          0 kB
CommitLimit:     9202296 kB
Committed_AS:   57886048 kB
VmallocTotal:   263061440 kB
VmallocUsed:       99264 kB
VmallocChunk:          0 kB
Percpu:             7616 kB
CmaTotal:         294912 kB
CmaFree:               0 kB
MemTotal:       12113144 kB
MemFree:         6589348 kB
MemAvailable:    8054892 kB
Buffers:            6756 kB
Cached:          1665192 kB
SwapCached:            0 kB
Active:          1564264 kB
Inactive:        1380148 kB
Active(anon):    1279740 kB
Inactive(anon):    23228 kB
Active(file):     284524 kB
Inactive(file):  1356920 kB
Unevictable:        5864 kB
Mlocked:            5864 kB
SwapTotal:       3145724 kB
SwapFree:        3145724 kB
Dirty:               408 kB
Writeback:             0 kB
AnonPages:       1278152 kB
Mapped:           807584 kB
Shmem:             25672 kB
KReclaimable:     692804 kB
Slab:             204296 kB
SReclaimable:      67872 kB
SUnreclaim:       136424 kB
KernelStack:       42432 kB
PageTables:        57064 kB
NFS_Unstable:          0 kB
Bounce:                0 kB
WritebackTmp:          0 kB
CommitLimit:     9202296 kB
Committed_AS:   57885696 kB
VmallocTotal:   263061440 kB
VmallocUsed:       99280 kB
VmallocChunk:          0 kB
Percpu:             7616 kB
CmaTotal:         294912 kB
CmaFree:               0 kB
MemTotal:       12113144 kB
MemFree:         6588788 kB
MemAvailable:    8054332 kB
Buffers:            6756 kB
Cached:          1665192 kB
SwapCached:            0 kB
Active:          1564600 kB
Inactive:        1380148 kB
Active(anon):    1280076 kB
Inactive(anon):    23228 kB
Active(file):     284524 kB
Inactive(file):  1356920 kB
Unevictable:        5864 kB
Mlocked:            5864 kB
SwapTotal:       3145724 kB
SwapFree:        3145724 kB
Dirty:               408 kB
Writeback:             0 kB
AnonPages:       1278820 kB
Mapped:           807584 kB
Shmem:             25672 kB
KReclaimable:     692804 kB
Slab:             204312 kB
SReclaimable:      67872 kB
SUnreclaim:       136440 kB
KernelStack:       42432 kB
PageTables:        57064 kB
NFS_Unstable:          0 kB
Bounce:                0 kB
WritebackTmp:          0 kB
CommitLimit:     9202296 kB
Committed_AS:   57886360 kB
VmallocTotal:   263061440 kB
VmallocUsed:       99264 kB
VmallocChunk:          0 kB
Percpu:             7616 kB
CmaTotal:         294912 kB
CmaFree:               0 kB
MemTotal:       12113144 kB
MemFree:         6588132 kB
MemAvailable:    8053676 kB
Buffers:            6756 kB
Cached:          1665192 kB
SwapCached:            0 kB
Active:          1564708 kB
Inactive:        1380148 kB
Active(anon):    1280184 kB
Inactive(anon):    23228 kB
Active(file):     284524 kB
Inactive(file):  1356920 kB
Unevictable:        5864 kB
Mlocked:            5864 kB
SwapTotal:       3145724 kB
SwapFree:        3145724 kB
Dirty:               408 kB
Writeback:             0 kB
AnonPages:       1278900 kB
Mapped:           807584 kB
Shmem:             25672 kB
KReclaimable:     692804 kB
Slab:             204296 kB
SReclaimable:      67872 kB
SUnreclaim:       136424 kB
KernelStack:       42432 kB
PageTables:        57064 kB
NFS_Unstable:          0 kB
Bounce:                0 kB
WritebackTmp:          0 kB
CommitLimit:     9202296 kB
Committed_AS:   57886132 kB
VmallocTotal:   263061440 kB
VmallocUsed:       99280 kB
VmallocChunk:          0 kB
Percpu:             7616 kB
CmaTotal:         294912 kB
CmaFree:               0 kB
MemTotal:       12113144 kB
MemFree:         6588736 kB
MemAvailable:    8054280 kB
Buffers:            6756 kB
Cached:          1665196 kB
SwapCached:            0 kB
Active:          1564672 kB
Inactive:        1380152 kB
Active(anon):    1280148 kB
Inactive(anon):    23232 kB
Active(file):     284524 kB
Inactive(file):  1356920 kB
Unevictable:        5864 kB
Mlocked:            5864 kB
SwapTotal:       3145724 kB
SwapFree:        3145724 kB
Dirty:               340 kB
Writeback:             0 kB
AnonPages:       1278864 kB
Mapped:           807588 kB
Shmem:             25676 kB
KReclaimable:     692804 kB
Slab:             204336 kB
SReclaimable:      67872 kB
SUnreclaim:       136464 kB
KernelStack:       42432 kB
PageTables:        57068 kB
NFS_Unstable:          0 kB
Bounce:                0 kB
WritebackTmp:          0 kB
CommitLimit:     9202296 kB
Committed_AS:   57885780 kB
VmallocTotal:   263061440 kB
VmallocUsed:       99264 kB
VmallocChunk:          0 kB
Percpu:             7616 kB
CmaTotal:         294912 kB
CmaFree:               0 kB
MemTotal:       12113144 kB
MemFree:         6588376 kB
MemAvailable:    8053920 kB
Buffers:            6756 kB
Cached:          1665196 kB
SwapCached:            0 kB
Active:          1565328 kB
Inactive:        1380152 kB
Active(anon):    1280804 kB
Inactive(anon):    23232 kB
Active(file):     284524 kB
Inactive(file):  1356920 kB
Unevictable:        5864 kB
Mlocked:            5864 kB
SwapTotal:       3145724 kB
SwapFree:        3145724 kB
Dirty:               340 kB
Writeback:             0 kB
AnonPages:       1279488 kB
Mapped:           807372 kB
Shmem:             25676 kB
KReclaimable:     692804 kB
Slab:             204300 kB
SReclaimable:      67872 kB
SUnreclaim:       136428 kB
KernelStack:       42480 kB
PageTables:        57128 kB
NFS_Unstable:          0 kB
Bounce:                0 kB
WritebackTmp:          0 kB
CommitLimit:     9202296 kB
Committed_AS:   57890964 kB
VmallocTotal:   263061440 kB
VmallocUsed:       99248 kB
VmallocChunk:          0 kB
Percpu:             7616 kB
CmaTotal:         294912 kB
CmaFree:               0 kB
MemTotal:       12113144 kB
MemFree:         6587500 kB
MemAvailable:    8053044 kB
Buffers:            6756 kB
Cached:          1665196 kB
SwapCached:            0 kB
Active:          1565084 kB
Inactive:        1380152 kB
Active(anon):    1280560 kB
Inactive(anon):    23232 kB
Active(file):     284524 kB
Inactive(file):  1356920 kB
Unevictable:        5864 kB
Mlocked:            5864 kB
SwapTotal:       3145724 kB
SwapFree:        3145724 kB
Dirty:               340 kB
Writeback:             0 kB
AnonPages:       1279196 kB
Mapped:           807328 kB
Shmem:             25676 kB
KReclaimable:     692804 kB
Slab:             204308 kB
SReclaimable:      67872 kB
SUnreclaim:       136436 kB
KernelStack:       42464 kB
PageTables:        57124 kB
NFS_Unstable:          0 kB
Bounce:                0 kB
WritebackTmp:          0 kB
CommitLimit:     9202296 kB
Committed_AS:   57890748 kB
VmallocTotal:   263061440 kB
VmallocUsed:       99280 kB
VmallocChunk:          0 kB
Percpu:             7616 kB
CmaTotal:         294912 kB
CmaFree:               0 kB
MemTotal:       12113144 kB
MemFree:         6586176 kB
MemAvailable:    8051720 kB
Buffers:            6756 kB
Cached:          1665196 kB
SwapCached:            0 kB
Active:          1565960 kB
Inactive:        1380152 kB
Active(anon):    1281436 kB
Inactive(anon):    23232 kB
Active(file):     284524 kB
Inactive(file):  1356920 kB
Unevictable:        5864 kB
Mlocked:            5864 kB
SwapTotal:       3145724 kB
SwapFree:        3145724 kB
Dirty:               364 kB
Writeback:             0 kB
AnonPages:       1279940 kB
Mapped:           807328 kB
Shmem:             25676 kB
KReclaimable:     692804 kB
Slab:             204308 kB
SReclaimable:      67872 kB
SUnreclaim:       136436 kB
KernelStack:       42432 kB
PageTables:        57196 kB
NFS_Unstable:          0 kB
Bounce:                0 kB
WritebackTmp:          0 kB
CommitLimit:     9202296 kB
Committed_AS:   57890608 kB
VmallocTotal:   263061440 kB
VmallocUsed:       99264 kB
VmallocChunk:          0 kB
Percpu:             7616 kB
CmaTotal:         294912 kB
CmaFree:               0 kB
MemTotal:       12113144 kB
MemFree:         6586752 kB
MemAvailable:    8052296 kB
Buffers:            6756 kB
Cached:          1665196 kB
SwapCached:            0 kB
Active:          1566624 kB
Inactive:        1380152 kB
Active(anon):    1282100 kB
Inactive(anon):    23232 kB
Active(file):     284524 kB
Inactive(file):  1356920 kB
Unevictable:        5864 kB
Mlocked:            5864 kB
SwapTotal:       3145724 kB
SwapFree:        3145724 kB
Dirty:               388 kB
Writeback:             0 kB
AnonPages:       1280728 kB
Mapped:           807368 kB
Shmem:             25676 kB
KReclaimable:     692804 kB
Slab:             204300 kB
SReclaimable:      67872 kB
SUnreclaim:       136428 kB
KernelStack:       42416 kB
PageTables:        57068 kB
NFS_Unstable:          0 kB
Bounce:                0 kB
WritebackTmp:          0 kB
CommitLimit:     9202296 kB
Committed_AS:   57890344 kB
VmallocTotal:   263061440 kB
VmallocUsed:       99248 kB
VmallocChunk:          0 kB
Percpu:             7616 kB
CmaTotal:         294912 kB
CmaFree:               0 kB
MemTotal:       12113144 kB
MemFree:         6586972 kB
MemAvailable:    8052516 kB
Buffers:            6756 kB
Cached:          1665196 kB
SwapCached:            0 kB
Active:          1567524 kB
Inactive:        1380152 kB
Active(anon):    1283000 kB
Inactive(anon):    23232 kB
Active(file):     284524 kB
Inactive(file):  1356920 kB
Unevictable:        5864 kB
Mlocked:            5864 kB
SwapTotal:       3145724 kB
SwapFree:        3145724 kB
Dirty:               384 kB
Writeback:             0 kB
AnonPages:       1281856 kB
Mapped:           807368 kB
Shmem:             25676 kB
KReclaimable:     692804 kB
Slab:             204300 kB
SReclaimable:      67872 kB
SUnreclaim:       136428 kB
KernelStack:       42416 kB
PageTables:        57068 kB
NFS_Unstable:          0 kB
Bounce:                0 kB
WritebackTmp:          0 kB
CommitLimit:     9202296 kB
Committed_AS:   57890432 kB
VmallocTotal:   263061440 kB
VmallocUsed:       99264 kB
VmallocChunk:          0 kB
Percpu:             7616 kB
CmaTotal:         294912 kB
CmaFree:               0 kB
MemTotal:       12113144 kB
MemFree:         6586808 kB
MemAvailable:    8052352 kB
Buffers:            6756 kB
Cached:          1665196 kB
SwapCached:            0 kB
Active:          1567656 kB
Inactive:        1380152 kB
Active(anon):    1283132 kB
Inactive(anon):    23232 kB
Active(file):     284524 kB
Inactive(file):  1356920 kB
Unevictable:        5864 kB
Mlocked:            5864 kB
SwapTotal:       3145724 kB
SwapFree:        3145724 kB
Dirty:               396 kB
Writeback:             0 kB
AnonPages:       1281772 kB
Mapped:           807368 kB
Shmem:             25676 kB
KReclaimable:     692804 kB
Slab:             204300 kB
SReclaimable:      67872 kB
SUnreclaim:       136428 kB
KernelStack:       42416 kB
PageTables:        57068 kB
NFS_Unstable:          0 kB
Bounce:                0 kB
WritebackTmp:          0 kB
CommitLimit:     9202296 kB
Committed_AS:   57890080 kB
VmallocTotal:   263061440 kB
VmallocUsed:       99264 kB
VmallocChunk:          0 kB
Percpu:             7616 kB
CmaTotal:         294912 kB
CmaFree:               0 kB
MemTotal:       12113144 kB
MemFree:         6585612 kB
MemAvailable:    8051156 kB
Buffers:            6756 kB
Cached:          1665196 kB
SwapCached:            0 kB
Active:          1567884 kB
Inactive:        1380152 kB
Active(anon):    1283360 kB
Inactive(anon):    23232 kB
Active(file):     284524 kB
Inactive(file):  1356920 kB
Unevictable:        5864 kB
Mlocked:            5864 kB
SwapTotal:       3145724 kB
SwapFree:        3145724 kB
Dirty:               396 kB
Writeback:             0 kB
AnonPages:       1281724 kB
Mapped:           807628 kB
Shmem:             25676 kB
KReclaimable:     692804 kB
Slab:             204316 kB
SReclaimable:      67872 kB
SUnreclaim:       136444 kB
KernelStack:       42416 kB
PageTables:        57068 kB
NFS_Unstable:          0 kB
Bounce:                0 kB
WritebackTmp:          0 kB
CommitLimit:     9202296 kB
Committed_AS:   57889728 kB
VmallocTotal:   263061440 kB
VmallocUsed:       99248 kB
VmallocChunk:          0 kB
Percpu:             7616 kB
CmaTotal:         294912 kB
CmaFree:               0 kB
MemTotal:       12113144 kB
MemFree:         6585356 kB
MemAvailable:    8050904 kB
Buffers:            6760 kB
Cached:          1665196 kB
SwapCached:            0 kB
Active:          1568120 kB
Inactive:        1380156 kB
Active(anon):    1283596 kB
Inactive(anon):    23232 kB
Active(file):     284524 kB
Inactive(file):  1356924 kB
Unevictable:        5864 kB
Mlocked:            5864 kB
SwapTotal:       3145724 kB
SwapFree:        3145724 kB
Dirty:               376 kB
Writeback:             0 kB
AnonPages:       1282168 kB
Mapped:           807368 kB
Shmem:             25676 kB
KReclaimable:     692804 kB
Slab:             204308 kB
SReclaimable:      67872 kB
SUnreclaim:       136436 kB
KernelStack:       42416 kB
PageTables:        57072 kB
NFS_Unstable:          0 kB
Bounce:                0 kB
WritebackTmp:          0 kB
CommitLimit:     9202296 kB
Committed_AS:   57885848 kB
VmallocTotal:   263061440 kB
VmallocUsed:       99264 kB
VmallocChunk:          0 kB
Percpu:             7616 kB
CmaTotal:         294912 kB
CmaFree:               0 kB
MemTotal:       12113144 kB
MemFree:         6585300 kB
MemAvailable:    8050860 kB
Buffers:            6760 kB
Cached:          1665208 kB
SwapCached:            0 kB
Active:          1568640 kB
Inactive:        1380164 kB
Active(anon):    1284112 kB
Inactive(anon):    23232 kB
Active(file):     284528 kB
Inactive(file):  1356932 kB
Unevictable:        5864 kB
Mlocked:            5864 kB
SwapTotal:       3145724 kB
SwapFree:        3145724 kB
Dirty:               380 kB
Writeback:             0 kB
AnonPages:       1282824 kB
Mapped:           807400 kB
Shmem:             25676 kB
KReclaimable:     692804 kB
Slab:             204308 kB
SReclaimable:      67872 kB
SUnreclaim:       136436 kB
KernelStack:       42448 kB
PageTables:        57124 kB
NFS_Unstable:          0 kB
Bounce:                0 kB
WritebackTmp:          0 kB
CommitLimit:     9202296 kB
Committed_AS:   57885716 kB
VmallocTotal:   263061440 kB
VmallocUsed:       99264 kB
VmallocChunk:          0 kB
Percpu:             7616 kB
CmaTotal:         294912 kB
CmaFree:               0 kB
MemTotal:       12113144 kB
MemFree:         6584772 kB
MemAvailable:    8050320 kB
Buffers:            6760 kB
Cached:          1665196 kB
SwapCached:            0 kB
Active:          1569064 kB
Inactive:        1380156 kB
Active(anon):    1284540 kB
Inactive(anon):    23232 kB
Active(file):     284524 kB
Inactive(file):  1356924 kB
Unevictable:        5864 kB
Mlocked:            5864 kB
SwapTotal:       3145724 kB
SwapFree:        3145724 kB
Dirty:               328 kB
Writeback:             0 kB
AnonPages:       1283280 kB
Mapped:           807368 kB
Shmem:             25676 kB
KReclaimable:     692804 kB
Slab:             204300 kB
SReclaimable:      67872 kB
SUnreclaim:       136428 kB
KernelStack:       42416 kB
PageTables:        57068 kB
NFS_Unstable:          0 kB
Bounce:                0 kB
WritebackTmp:          0 kB
CommitLimit:     9202296 kB
Committed_AS:   57885504 kB
VmallocTotal:   263061440 kB
VmallocUsed:       99264 kB
VmallocChunk:          0 kB
Percpu:             7616 kB
CmaTotal:         294912 kB
CmaFree:               0 kB
MemTotal:       12113144 kB
MemFree:         6584376 kB
MemAvailable:    8049924 kB
Buffers:            6760 kB
Cached:          1665196 kB
SwapCached:            0 kB
Active:          1569472 kB
Inactive:        1380156 kB
Active(anon):    1284948 kB
Inactive(anon):    23232 kB
Active(file):     284524 kB
Inactive(file):  1356924 kB
Unevictable:        5864 kB
Mlocked:            5864 kB
SwapTotal:       3145724 kB
SwapFree:        3145724 kB
Dirty:               328 kB
Writeback:             0 kB
AnonPages:       1283612 kB
Mapped:           807416 kB
Shmem:             25676 kB
KReclaimable:     692804 kB
Slab:             204308 kB
SReclaimable:      67872 kB
SUnreclaim:       136436 kB
KernelStack:       42448 kB
PageTables:        57096 kB
NFS_Unstable:          0 kB
Bounce:                0 kB
WritebackTmp:          0 kB
CommitLimit:     9202296 kB
Committed_AS:   57885108 kB
VmallocTotal:   263061440 kB
VmallocUsed:       99264 kB
VmallocChunk:          0 kB
Percpu:             7616 kB
CmaTotal:         294912 kB
CmaFree:               0 kB
MemTotal:       12113144 kB
MemFree:         6584636 kB
MemAvailable:    8050196 kB
Buffers:            6760 kB
Cached:          1665208 kB
SwapCached:            0 kB
Active:          1569076 kB
Inactive:        1380164 kB
Active(anon):    1284548 kB
Inactive(anon):    23232 kB
Active(file):     284528 kB
Inactive(file):  1356932 kB
Unevictable:        5864 kB
Mlocked:            5864 kB
SwapTotal:       3145724 kB
SwapFree:        3145724 kB
Dirty:               336 kB
Writeback:             0 kB
AnonPages:       1283264 kB
Mapped:           807368 kB
Shmem:             25676 kB
KReclaimable:     692804 kB
Slab:             204300 kB
SReclaimable:      67872 kB
SUnreclaim:       136428 kB
KernelStack:       42416 kB
PageTables:        57080 kB
NFS_Unstable:          0 kB
Bounce:                0 kB
WritebackTmp:          0 kB
CommitLimit:     9202296 kB
Committed_AS:   57885020 kB
VmallocTotal:   263061440 kB
VmallocUsed:       99264 kB
VmallocChunk:          0 kB
Percpu:             7616 kB
CmaTotal:         294912 kB
CmaFree:               0 kB
MemTotal:       12113144 kB
MemFree:         6586148 kB
MemAvailable:    8051708 kB
Buffers:            6760 kB
Cached:          1665208 kB
SwapCached:            0 kB
Active:          1565592 kB
Inactive:        1380164 kB
Active(anon):    1281064 kB
Inactive(anon):    23232 kB
Active(file):     284528 kB
Inactive(file):  1356932 kB
Unevictable:        5864 kB
Mlocked:            5864 kB
SwapTotal:       3145724 kB
SwapFree:        3145724 kB
Dirty:               336 kB
Writeback:             0 kB
AnonPages:       1279672 kB
Mapped:           807368 kB
Shmem:             25676 kB
KReclaimable:     692804 kB
Slab:             204300 kB
SReclaimable:      67872 kB
SUnreclaim:       136428 kB
KernelStack:       42416 kB
PageTables:        57068 kB
NFS_Unstable:          0 kB
Bounce:                0 kB
WritebackTmp:          0 kB
CommitLimit:     9202296 kB
Committed_AS:   57885124 kB
VmallocTotal:   263061440 kB
VmallocUsed:       99264 kB
VmallocChunk:          0 kB
Percpu:             7616 kB
CmaTotal:         294912 kB
CmaFree:               0 kB
MemTotal:       12113144 kB
MemFree:         6586468 kB
MemAvailable:    8052028 kB
Buffers:            6760 kB
Cached:          1665208 kB
SwapCached:            0 kB
Active:          1565972 kB
Inactive:        1380164 kB
Active(anon):    1281444 kB
Inactive(anon):    23232 kB
Active(file):     284528 kB
Inactive(file):  1356932 kB
Unevictable:        5864 kB
Mlocked:            5864 kB
SwapTotal:       3145724 kB
SwapFree:        3145724 kB
Dirty:               336 kB
Writeback:             0 kB
AnonPages:       1280148 kB
Mapped:           807368 kB
Shmem:             25676 kB
KReclaimable:     692804 kB
Slab:             204300 kB
SReclaimable:      67872 kB
SUnreclaim:       136428 kB
KernelStack:       42416 kB
PageTables:        57080 kB
NFS_Unstable:          0 kB
Bounce:                0 kB
WritebackTmp:          0 kB
CommitLimit:     9202296 kB
Committed_AS:   57884816 kB
VmallocTotal:   263061440 kB
VmallocUsed:       99264 kB
VmallocChunk:          0 kB
Percpu:             7616 kB
CmaTotal:         294912 kB
CmaFree:               0 kB
MemTotal:       12113144 kB
MemFree:         6586052 kB
MemAvailable:    8051612 kB
Buffers:            6760 kB
Cached:          1665208 kB
SwapCached:            0 kB
Active:          1566572 kB
Inactive:        1380164 kB
Active(anon):    1282044 kB
Inactive(anon):    23232 kB
Active(file):     284528 kB
Inactive(file):  1356932 kB
Unevictable:        5864 kB
Mlocked:            5864 kB
SwapTotal:       3145724 kB
SwapFree:        3145724 kB
Dirty:               332 kB
Writeback:             0 kB
AnonPages:       1280748 kB
Mapped:           807368 kB
Shmem:             25676 kB
KReclaimable:     692804 kB
Slab:             204300 kB
SReclaimable:      67872 kB
SUnreclaim:       136428 kB
KernelStack:       42448 kB
PageTables:        57064 kB
NFS_Unstable:          0 kB
Bounce:                0 kB
WritebackTmp:          0 kB
CommitLimit:     9202296 kB
Committed_AS:   57884632 kB
VmallocTotal:   263061440 kB
VmallocUsed:       99264 kB
VmallocChunk:          0 kB
Percpu:             7616 kB
CmaTotal:         294912 kB
CmaFree:               0 kB
MemTotal:       12113144 kB
MemFree:         6584928 kB
MemAvailable:    8050488 kB
Buffers:            6760 kB
Cached:          1665208 kB
SwapCached:            0 kB
Active:          1567104 kB
Inactive:        1380164 kB
Active(anon):    1282576 kB
Inactive(anon):    23232 kB
Active(file):     284528 kB
Inactive(file):  1356932 kB
Unevictable:        5864 kB
Mlocked:            5864 kB
SwapTotal:       3145724 kB
SwapFree:        3145724 kB
Dirty:               332 kB
Writeback:             0 kB
AnonPages:       1281160 kB
Mapped:           807572 kB
Shmem:             25676 kB
KReclaimable:     692804 kB
Slab:             204292 kB
SReclaimable:      67872 kB
SUnreclaim:       136420 kB
KernelStack:       42448 kB
PageTables:        57104 kB
NFS_Unstable:          0 kB
Bounce:                0 kB
WritebackTmp:          0 kB
CommitLimit:     9202296 kB
Committed_AS:   57881008 kB
VmallocTotal:   263061440 kB
VmallocUsed:       99280 kB
VmallocChunk:          0 kB
Percpu:             7616 kB
CmaTotal:         294912 kB
CmaFree:               0 kB
MemTotal:       12113144 kB
MemFree:         6585436 kB
MemAvailable:    8050996 kB
Buffers:            6760 kB
Cached:          1665208 kB
SwapCached:            0 kB
Active:          1567496 kB
Inactive:        1380164 kB
Active(anon):    1282968 kB
Inactive(anon):    23232 kB
Active(file):     284528 kB
Inactive(file):  1356932 kB
Unevictable:        5864 kB
Mlocked:            5864 kB
SwapTotal:       3145724 kB
SwapFree:        3145724 kB
Dirty:               332 kB
Writeback:             0 kB
AnonPages:       1281688 kB
Mapped:           807368 kB
Shmem:             25676 kB
KReclaimable:     692804 kB
Slab:             204292 kB
SReclaimable:      67872 kB
SUnreclaim:       136420 kB
KernelStack:       42448 kB
PageTables:        57084 kB
NFS_Unstable:          0 kB
Bounce:                0 kB
WritebackTmp:          0 kB
CommitLimit:     9202296 kB
Committed_AS:   57880372 kB
VmallocTotal:   263061440 kB
VmallocUsed:       99296 kB
VmallocChunk:          0 kB
Percpu:             7616 kB
CmaTotal:         294912 kB
CmaFree:               0 kB
MemTotal:       12113144 kB
MemFree:         6585300 kB
MemAvailable:    8050868 kB
Buffers:            6760 kB
Cached:          1665216 kB
SwapCached:            0 kB
Active:          1567796 kB
Inactive:        1380172 kB
Active(anon):    1283268 kB
Inactive(anon):    23232 kB
Active(file):     284528 kB
Inactive(file):  1356940 kB
Unevictable:        5864 kB
Mlocked:            5864 kB
SwapTotal:       3145724 kB
SwapFree:        3145724 kB
Dirty:               344 kB
Writeback:             0 kB
AnonPages:       1281876 kB
Mapped:           807612 kB
Shmem:             25676 kB
KReclaimable:     692804 kB
Slab:             204300 kB
SReclaimable:      67872 kB
SUnreclaim:       136428 kB
KernelStack:       42464 kB
PageTables:        57132 kB
NFS_Unstable:          0 kB
Bounce:                0 kB
WritebackTmp:          0 kB
CommitLimit:     9202296 kB
Committed_AS:   57880960 kB
VmallocTotal:   263061440 kB
VmallocUsed:       99296 kB
VmallocChunk:          0 kB
Percpu:             7616 kB
CmaTotal:         294912 kB
CmaFree:               0 kB
MemTotal:       12113144 kB
MemFree:         6585204 kB
MemAvailable:    8050772 kB
Buffers:            6760 kB
Cached:          1665216 kB
SwapCached:            0 kB
Active:          1568004 kB
Inactive:        1380172 kB
Active(anon):    1283476 kB
Inactive(anon):    23232 kB
Active(file):     284528 kB
Inactive(file):  1356940 kB
Unevictable:        5864 kB
Mlocked:            5864 kB
SwapTotal:       3145724 kB
SwapFree:        3145724 kB
Dirty:               344 kB
Writeback:             0 kB
AnonPages:       1282100 kB
Mapped:           807628 kB
Shmem:             25676 kB
KReclaimable:     692804 kB
Slab:             204284 kB
SReclaimable:      67872 kB
SUnreclaim:       136412 kB
KernelStack:       42448 kB
PageTables:        57072 kB
NFS_Unstable:          0 kB
Bounce:                0 kB
WritebackTmp:          0 kB
CommitLimit:     9202296 kB
Committed_AS:   57875596 kB
VmallocTotal:   263061440 kB
VmallocUsed:       99296 kB
VmallocChunk:          0 kB
Percpu:             7616 kB
CmaTotal:         294912 kB
CmaFree:               0 kB
MemTotal:       12113144 kB
MemFree:         6585108 kB
MemAvailable:    8050676 kB
Buffers:            6760 kB
Cached:          1665216 kB
SwapCached:            0 kB
Active:          1568764 kB
Inactive:        1380172 kB
Active(anon):    1284236 kB
Inactive(anon):    23232 kB
Active(file):     284528 kB
Inactive(file):  1356940 kB
Unevictable:        5864 kB
Mlocked:            5864 kB
SwapTotal:       3145724 kB
SwapFree:        3145724 kB
Dirty:               336 kB
Writeback:             0 kB
AnonPages:       1282952 kB
Mapped:           807368 kB
Shmem:             25676 kB
KReclaimable:     692804 kB
Slab:             204296 kB
SReclaimable:      67872 kB
SUnreclaim:       136424 kB
KernelStack:       42448 kB
PageTables:        57072 kB
NFS_Unstable:          0 kB
Bounce:                0 kB
WritebackTmp:          0 kB
CommitLimit:     9202296 kB
Committed_AS:   57871604 kB
VmallocTotal:   263061440 kB
VmallocUsed:       99296 kB
VmallocChunk:          0 kB
Percpu:             7616 kB
CmaTotal:         294912 kB
CmaFree:               0 kB
MemTotal:       12113144 kB
MemFree:         6583352 kB
MemAvailable:    8048920 kB
Buffers:            6760 kB
Cached:          1665216 kB
SwapCached:            0 kB
Active:          1569452 kB
Inactive:        1380172 kB
Active(anon):    1284924 kB
Inactive(anon):    23232 kB
Active(file):     284528 kB
Inactive(file):  1356940 kB
Unevictable:        5864 kB
Mlocked:            5864 kB
SwapTotal:       3145724 kB
SwapFree:        3145724 kB
Dirty:               336 kB
Writeback:             0 kB
AnonPages:       1283464 kB
Mapped:           807600 kB
Shmem:             25676 kB
KReclaimable:     692804 kB
Slab:             204288 kB
SReclaimable:      67872 kB
SUnreclaim:       136416 kB
KernelStack:       42480 kB
PageTables:        57040 kB
NFS_Unstable:          0 kB
Bounce:                0 kB
WritebackTmp:          0 kB
CommitLimit:     9202296 kB
Committed_AS:   57874836 kB
VmallocTotal:   263061440 kB
VmallocUsed:       99328 kB
VmallocChunk:          0 kB
Percpu:             7616 kB
CmaTotal:         294912 kB
CmaFree:               0 kB
MemTotal:       12113144 kB
MemFree:         6597848 kB
MemAvailable:    8063436 kB
Buffers:            6760 kB
Cached:          1665236 kB
SwapCached:            0 kB
Active:          1553992 kB
Inactive:        1380184 kB
Active(anon):    1269456 kB
Inactive(anon):    23232 kB
Active(file):     284536 kB
Inactive(file):  1356952 kB
Unevictable:        5864 kB
Mlocked:            5864 kB
SwapTotal:       3145724 kB
SwapFree:        3145724 kB
Dirty:               348 kB
Writeback:             0 kB
AnonPages:       1267752 kB
Mapped:           807628 kB
Shmem:             25676 kB
KReclaimable:     692804 kB
Slab:             204312 kB
SReclaimable:      67872 kB
SUnreclaim:       136440 kB
KernelStack:       42480 kB
PageTables:        57072 kB
NFS_Unstable:          0 kB
Bounce:                0 kB
WritebackTmp:          0 kB
CommitLimit:     9202296 kB
Committed_AS:   57879808 kB
VmallocTotal:   263061440 kB
VmallocUsed:       99344 kB
VmallocChunk:          0 kB
Percpu:             7616 kB
CmaTotal:         294912 kB
CmaFree:               0 kB
MemTotal:       12113144 kB
MemFree:         6597780 kB
MemAvailable:    8063368 kB
Buffers:            6768 kB
Cached:          1665228 kB
SwapCached:            0 kB
Active:          1554264 kB
Inactive:        1380184 kB
Active(anon):    1269728 kB
Inactive(anon):    23232 kB
Active(file):     284536 kB
Inactive(file):  1356952 kB
Unevictable:        5864 kB
Mlocked:            5864 kB
SwapTotal:       3145724 kB
SwapFree:        3145724 kB
Dirty:               340 kB
Writeback:             0 kB
AnonPages:       1268268 kB
Mapped:           807628 kB
Shmem:             25676 kB
KReclaimable:     692804 kB
Slab:             204248 kB
SReclaimable:      67872 kB
SUnreclaim:       136376 kB
KernelStack:       42480 kB
PageTables:        57072 kB
NFS_Unstable:          0 kB
Bounce:                0 kB
WritebackTmp:          0 kB
CommitLimit:     9202296 kB
Committed_AS:   57879556 kB
VmallocTotal:   263061440 kB
VmallocUsed:       99344 kB
VmallocChunk:          0 kB
Percpu:             7616 kB
CmaTotal:         294912 kB
CmaFree:               0 kB
MemTotal:       12113144 kB
MemFree:         6597356 kB
MemAvailable:    8062944 kB
Buffers:            6768 kB
Cached:          1665228 kB
SwapCached:            0 kB
Active:          1554468 kB
Inactive:        1380184 kB
Active(anon):    1269932 kB
Inactive(anon):    23232 kB
Active(file):     284536 kB
Inactive(file):  1356952 kB
Unevictable:        5864 kB
Mlocked:            5864 kB
SwapTotal:       3145724 kB
SwapFree:        3145724 kB
Dirty:               332 kB
Writeback:             0 kB
AnonPages:       1268572 kB
Mapped:           807368 kB
Shmem:             25676 kB
KReclaimable:     692804 kB
Slab:             204304 kB
SReclaimable:      67872 kB
SUnreclaim:       136432 kB
KernelStack:       42480 kB
PageTables:        57072 kB
NFS_Unstable:          0 kB
Bounce:                0 kB
WritebackTmp:          0 kB
CommitLimit:     9202296 kB
Committed_AS:   57873896 kB
VmallocTotal:   263061440 kB
VmallocUsed:       99312 kB
VmallocChunk:          0 kB
Percpu:             7616 kB
CmaTotal:         294912 kB
CmaFree:               0 kB
MemTotal:       12113144 kB
MemFree:         6597644 kB
MemAvailable:    8063244 kB
Buffers:            6768 kB
Cached:          1665240 kB
SwapCached:            0 kB
Active:          1554580 kB
Inactive:        1380192 kB
Active(anon):    1270040 kB
Inactive(anon):    23232 kB
Active(file):     284540 kB
Inactive(file):  1356960 kB
Unevictable:        5864 kB
Mlocked:            5864 kB
SwapTotal:       3145724 kB
SwapFree:        3145724 kB
Dirty:               340 kB
Writeback:             0 kB
AnonPages:       1268788 kB
Mapped:           807628 kB
Shmem:             25676 kB
KReclaimable:     692804 kB
Slab:             204256 kB
SReclaimable:      67872 kB
SUnreclaim:       136384 kB
KernelStack:       42496 kB
PageTables:        57208 kB
NFS_Unstable:          0 kB
Bounce:                0 kB
WritebackTmp:          0 kB
CommitLimit:     9202296 kB
Committed_AS:   57869444 kB
VmallocTotal:   263061440 kB
VmallocUsed:       99328 kB
VmallocChunk:          0 kB
Percpu:             7616 kB
CmaTotal:         294912 kB
CmaFree:               0 kB
MemTotal:       12113144 kB
MemFree:         6598340 kB
MemAvailable:    8063928 kB
Buffers:            6768 kB
Cached:          1665228 kB
SwapCached:            0 kB
Active:          1554668 kB
Inactive:        1380184 kB
Active(anon):    1270132 kB
Inactive(anon):    23232 kB
Active(file):     284536 kB
Inactive(file):  1356952 kB
Unevictable:        5864 kB
Mlocked:            5864 kB
SwapTotal:       3145724 kB
SwapFree:        3145724 kB
Dirty:               336 kB
Writeback:             0 kB
AnonPages:       1268928 kB
Mapped:           807412 kB
Shmem:             25676 kB
KReclaimable:     692804 kB
Slab:             204320 kB
SReclaimable:      67872 kB
SUnreclaim:       136448 kB
KernelStack:       42512 kB
PageTables:        57100 kB
NFS_Unstable:          0 kB
Bounce:                0 kB
WritebackTmp:          0 kB
CommitLimit:     9202296 kB
Committed_AS:   57869364 kB
VmallocTotal:   263061440 kB
VmallocUsed:       99312 kB
VmallocChunk:          0 kB
Percpu:             7616 kB
CmaTotal:         294912 kB
CmaFree:               0 kB
MemTotal:       12113144 kB
MemFree:         6597188 kB
MemAvailable:    8062764 kB
Buffers:            6768 kB
Cached:          1665216 kB
SwapCached:            0 kB
Active:          1555420 kB
Inactive:        1380176 kB
Active(anon):    1270888 kB
Inactive(anon):    23232 kB
Active(file):     284532 kB
Inactive(file):  1356944 kB
Unevictable:        5864 kB
Mlocked:            5864 kB
SwapTotal:       3145724 kB
SwapFree:        3145724 kB
Dirty:               324 kB
Writeback:             0 kB
AnonPages:       1269548 kB
Mapped:           807368 kB
Shmem:             25676 kB
KReclaimable:     692804 kB
Slab:             204248 kB
SReclaimable:      67872 kB
SUnreclaim:       136376 kB
KernelStack:       42480 kB
PageTables:        57072 kB
NFS_Unstable:          0 kB
Bounce:                0 kB
WritebackTmp:          0 kB
CommitLimit:     9202296 kB
Committed_AS:   57874356 kB
VmallocTotal:   263061440 kB
VmallocUsed:       99328 kB
VmallocChunk:          0 kB
Percpu:             7616 kB
CmaTotal:         294912 kB
CmaFree:               0 kB
MemTotal:       12113144 kB
MemFree:         6597080 kB
MemAvailable:    8062668 kB
Buffers:            6768 kB
Cached:          1665228 kB
SwapCached:            0 kB
Active:          1555892 kB
Inactive:        1380184 kB
Active(anon):    1271356 kB
Inactive(anon):    23232 kB
Active(file):     284536 kB
Inactive(file):  1356952 kB
Unevictable:        5864 kB
Mlocked:            5864 kB
SwapTotal:       3145724 kB
SwapFree:        3145724 kB
Dirty:               332 kB
Writeback:             0 kB
AnonPages:       1270064 kB
Mapped:           807612 kB
Shmem:             25676 kB
KReclaimable:     692804 kB
Slab:             204304 kB
SReclaimable:      67872 kB
SUnreclaim:       136432 kB
KernelStack:       42480 kB
PageTables:        56992 kB
NFS_Unstable:          0 kB
Bounce:                0 kB
WritebackTmp:          0 kB
CommitLimit:     9202296 kB
Committed_AS:   57870404 kB
VmallocTotal:   263061440 kB
VmallocUsed:       99328 kB
VmallocChunk:          0 kB
Percpu:             7616 kB
CmaTotal:         294912 kB
CmaFree:               0 kB
MemTotal:       12113144 kB
MemFree:         6600316 kB
MemAvailable:    8065904 kB
Buffers:            6768 kB
Cached:          1665228 kB
SwapCached:            0 kB
Active:          1552376 kB
Inactive:        1380184 kB
Active(anon):    1267840 kB
Inactive(anon):    23232 kB
Active(file):     284536 kB
Inactive(file):  1356952 kB
Unevictable:        5864 kB
Mlocked:            5864 kB
SwapTotal:       3145724 kB
SwapFree:        3145724 kB
Dirty:               332 kB
Writeback:             0 kB
AnonPages:       1266452 kB
Mapped:           807368 kB
Shmem:             25676 kB
KReclaimable:     692804 kB
Slab:             204272 kB
SReclaimable:      67872 kB
SUnreclaim:       136400 kB
KernelStack:       42480 kB
PageTables:        57076 kB
NFS_Unstable:          0 kB
Bounce:                0 kB
WritebackTmp:          0 kB
CommitLimit:     9202296 kB
Committed_AS:   57870236 kB
VmallocTotal:   263061440 kB
VmallocUsed:       99328 kB
VmallocChunk:          0 kB
Percpu:             7616 kB
CmaTotal:         294912 kB
CmaFree:               0 kB
MemTotal:       12113144 kB
MemFree:         6598624 kB
MemAvailable:    8064232 kB
Buffers:            6768 kB
Cached:          1665376 kB
SwapCached:            0 kB
Active:          1554296 kB
Inactive:        1380204 kB
Active(anon):    1269760 kB
Inactive(anon):    23232 kB
Active(file):     284536 kB
Inactive(file):  1356972 kB
Unevictable:        5864 kB
Mlocked:            5864 kB
SwapTotal:       3145724 kB
SwapFree:        3145724 kB
Dirty:               596 kB
Writeback:           124 kB
AnonPages:       1268408 kB
Mapped:           807368 kB
Shmem:             25676 kB
KReclaimable:     692804 kB
Slab:             204356 kB
SReclaimable:      67872 kB
SUnreclaim:       136484 kB
KernelStack:       42480 kB
PageTables:        57072 kB
NFS_Unstable:          0 kB
Bounce:                0 kB
WritebackTmp:          0 kB
CommitLimit:     9202296 kB
Committed_AS:   57875716 kB
VmallocTotal:   263061440 kB
VmallocUsed:       99344 kB
VmallocChunk:          0 kB
Percpu:             7616 kB
CmaTotal:         294912 kB
CmaFree:               0 kB
MemTotal:       12113144 kB
MemFree:         6598444 kB
MemAvailable:    8064060 kB
Buffers:            6768 kB
Cached:          1665256 kB
SwapCached:            0 kB
Active:          1554340 kB
Inactive:        1380212 kB
Active(anon):    1269804 kB
Inactive(anon):    23232 kB
Active(file):     284536 kB
Inactive(file):  1356980 kB
Unevictable:        5864 kB
Mlocked:            5864 kB
SwapTotal:       3145724 kB
SwapFree:        3145724 kB
Dirty:               340 kB
Writeback:             0 kB
AnonPages:       1268324 kB
Mapped:           807628 kB
Shmem:             25676 kB
KReclaimable:     692804 kB
Slab:             204308 kB
SReclaimable:      67872 kB
SUnreclaim:       136436 kB
KernelStack:       42480 kB
PageTables:        57076 kB
NFS_Unstable:          0 kB
Bounce:                0 kB
WritebackTmp:          0 kB
CommitLimit:     9202296 kB
Committed_AS:   57875320 kB
VmallocTotal:   263061440 kB
VmallocUsed:       99344 kB
