MemTotal:       12113132 kB
MemFree:         6327668 kB
MemAvailable:    7813952 kB
Buffers:            5756 kB
Cached:          1827600 kB
SwapCached:            0 kB
Active:          1551992 kB
Inactive:        1580240 kB
Active(anon):    1305296 kB
Inactive(anon):    25696 kB
Active(file):     246696 kB
Inactive(file):  1554544 kB
Unevictable:        5532 kB
Mlocked:            5532 kB
SwapTotal:       3145724 kB
SwapFree:        3145724 kB
Dirty:               208 kB
Writeback:             0 kB
AnonPages:       1304292 kB
Mapped:           857420 kB
Shmem:             27636 kB
KReclaimable:     553748 kB
Slab:             221368 kB
SReclaimable:      76212 kB
SUnreclaim:       145156 kB
KernelStack:       46896 kB
PageTables:        62980 kB
NFS_Unstable:          0 kB
Bounce:                0 kB
WritebackTmp:          0 kB
CommitLimit:     9202288 kB
Committed_AS:   65808080 kB
VmallocTotal:   263061440 kB
VmallocUsed:      103968 kB
VmallocChunk:          0 kB
Percpu:             7648 kB
CmaTotal:         294912 kB
CmaFree:               0 kB
MemTotal:       12113132 kB
MemFree:         6326232 kB
MemAvailable:    7812580 kB
Buffers:            5756 kB
Cached:          1827664 kB
SwapCached:            0 kB
Active:          1552600 kB
Inactive:        1580276 kB
Active(anon):    1305876 kB
Inactive(anon):    25696 kB
Active(file):     246724 kB
Inactive(file):  1554580 kB
Unevictable:        5532 kB
Mlocked:            5532 kB
SwapTotal:       3145724 kB
SwapFree:        3145724 kB
Dirty:               316 kB
Writeback:             0 kB
AnonPages:       1304996 kB
Mapped:           857440 kB
Shmem:             27636 kB
KReclaimable:     553748 kB
Slab:             221368 kB
SReclaimable:      76212 kB
SUnreclaim:       145156 kB
KernelStack:       46896 kB
PageTables:        62780 kB
NFS_Unstable:          0 kB
Bounce:                0 kB
WritebackTmp:          0 kB
CommitLimit:     9202288 kB
Committed_AS:   65807752 kB
VmallocTotal:   263061440 kB
VmallocUsed:      103968 kB
VmallocChunk:          0 kB
Percpu:             7648 kB
CmaTotal:         294912 kB
CmaFree:               0 kB
MemTotal:       12113132 kB
MemFree:         6325620 kB
MemAvailable:    7811972 kB
Buffers:            5756 kB
Cached:          1827668 kB
SwapCached:            0 kB
Active:          1553328 kB
Inactive:        1580280 kB
Active(anon):    1306604 kB
Inactive(anon):    25696 kB
Active(file):     246724 kB
Inactive(file):  1554584 kB
Unevictable:        5532 kB
Mlocked:            5532 kB
SwapTotal:       3145724 kB
SwapFree:        3145724 kB
Dirty:               320 kB
Writeback:             0 kB
AnonPages:       1305612 kB
Mapped:           857416 kB
Shmem:             27636 kB
KReclaimable:     553748 kB
Slab:             221368 kB
SReclaimable:      76212 kB
SUnreclaim:       145156 kB
KernelStack:       46864 kB
PageTables:        62784 kB
NFS_Unstable:          0 kB
Bounce:                0 kB
WritebackTmp:          0 kB
CommitLimit:     9202288 kB
Committed_AS:   65814296 kB
VmallocTotal:   263061440 kB
VmallocUsed:      103968 kB
VmallocChunk:          0 kB
Percpu:             7648 kB
CmaTotal:         294912 kB
CmaFree:               0 kB
MemTotal:       12113132 kB
MemFree:         6325040 kB
MemAvailable:    7811404 kB
Buffers:            5756 kB
Cached:          1827680 kB
SwapCached:            0 kB
Active:          1554024 kB
Inactive:        1580292 kB
Active(anon):    1307300 kB
Inactive(anon):    25696 kB
Active(file):     246724 kB
Inactive(file):  1554596 kB
Unevictable:        5532 kB
Mlocked:            5532 kB
SwapTotal:       3145724 kB
SwapFree:        3145724 kB
Dirty:               332 kB
Writeback:             0 kB
AnonPages:       1306344 kB
Mapped:           857424 kB
Shmem:             27636 kB
KReclaimable:     553748 kB
Slab:             221368 kB
SReclaimable:      76212 kB
SUnreclaim:       145156 kB
KernelStack:       46912 kB
PageTables:        62832 kB
NFS_Unstable:          0 kB
Bounce:                0 kB
WritebackTmp:          0 kB
CommitLimit:     9202288 kB
Committed_AS:   65820772 kB
VmallocTotal:   263061440 kB
VmallocUsed:      104000 kB
VmallocChunk:          0 kB
Percpu:             7648 kB
CmaTotal:         294912 kB
CmaFree:               0 kB
MemTotal:       12113132 kB
MemFree:         6325008 kB
MemAvailable:    7811388 kB
Buffers:            5756 kB
Cached:          1827696 kB
SwapCached:            0 kB
Active:          1555024 kB
Inactive:        1580308 kB
Active(anon):    1308300 kB
Inactive(anon):    25696 kB
Active(file):     246724 kB
Inactive(file):  1554612 kB
Unevictable:        5532 kB
Mlocked:            5532 kB
SwapTotal:       3145724 kB
SwapFree:        3145724 kB
Dirty:               360 kB
Writeback:             0 kB
AnonPages:       1307492 kB
Mapped:           857420 kB
Shmem:             27636 kB
KReclaimable:     553748 kB
Slab:             221364 kB
SReclaimable:      76212 kB
SUnreclaim:       145152 kB
KernelStack:       46880 kB
PageTables:        62852 kB
NFS_Unstable:          0 kB
Bounce:                0 kB
WritebackTmp:          0 kB
CommitLimit:     9202288 kB
Committed_AS:   65816660 kB
VmallocTotal:   263061440 kB
VmallocUsed:      104000 kB
VmallocChunk:          0 kB
Percpu:             7648 kB
CmaTotal:         294912 kB
CmaFree:               0 kB
MemTotal:       12113132 kB
MemFree:         6323276 kB
MemAvailable:    7809668 kB
Buffers:            5756 kB
Cached:          1827708 kB
SwapCached:            0 kB
Active:          1555660 kB
Inactive:        1580320 kB
Active(anon):    1308936 kB
Inactive(anon):    25696 kB
Active(file):     246724 kB
Inactive(file):  1554624 kB
Unevictable:        5532 kB
Mlocked:            5532 kB
SwapTotal:       3145724 kB
SwapFree:        3145724 kB
Dirty:               372 kB
Writeback:             0 kB
AnonPages:       1308304 kB
Mapped:           857420 kB
Shmem:             27636 kB
KReclaimable:     553748 kB
Slab:             221364 kB
SReclaimable:      76212 kB
SUnreclaim:       145152 kB
KernelStack:       46912 kB
PageTables:        62800 kB
NFS_Unstable:          0 kB
Bounce:                0 kB
WritebackTmp:          0 kB
CommitLimit:     9202288 kB
Committed_AS:   65816660 kB
VmallocTotal:   263061440 kB
VmallocUsed:      104000 kB
VmallocChunk:          0 kB
Percpu:             7648 kB
CmaTotal:         294912 kB
CmaFree:               0 kB
MemTotal:       12113132 kB
MemFree:         6322000 kB
MemAvailable:    7808396 kB
Buffers:            5756 kB
Cached:          1827712 kB
SwapCached:            0 kB
Active:          1555992 kB
Inactive:        1580324 kB
Active(anon):    1309268 kB
Inactive(anon):    25696 kB
Active(file):     246724 kB
Inactive(file):  1554628 kB
Unevictable:        5532 kB
Mlocked:            5532 kB
SwapTotal:       3145724 kB
SwapFree:        3145724 kB
Dirty:               388 kB
Writeback:             0 kB
AnonPages:       1308284 kB
Mapped:           857420 kB
Shmem:             27636 kB
KReclaimable:     553748 kB
Slab:             221364 kB
SReclaimable:      76212 kB
SUnreclaim:       145152 kB
KernelStack:       46864 kB
PageTables:        62728 kB
NFS_Unstable:          0 kB
Bounce:                0 kB
WritebackTmp:          0 kB
CommitLimit:     9202288 kB
Committed_AS:   65820088 kB
VmallocTotal:   263061440 kB
VmallocUsed:      103984 kB
VmallocChunk:          0 kB
Percpu:             7648 kB
CmaTotal:         294912 kB
CmaFree:               0 kB
MemTotal:       12113132 kB
MemFree:         6322080 kB
MemAvailable:    7808516 kB
Buffers:            5764 kB
Cached:          1827744 kB
SwapCached:            0 kB
Active:          1556848 kB
Inactive:        1580356 kB
Active(anon):    1310116 kB
Inactive(anon):    25696 kB
Active(file):     246732 kB
Inactive(file):  1554660 kB
Unevictable:        5532 kB
Mlocked:            5532 kB
SwapTotal:       3145724 kB
SwapFree:        3145724 kB
Dirty:               384 kB
Writeback:             0 kB
AnonPages:       1309196 kB
Mapped:           857528 kB
Shmem:             27636 kB
KReclaimable:     553748 kB
Slab:             221364 kB
SReclaimable:      76212 kB
SUnreclaim:       145152 kB
KernelStack:       46928 kB
PageTables:        62940 kB
NFS_Unstable:          0 kB
Bounce:                0 kB
WritebackTmp:          0 kB
CommitLimit:     9202288 kB
Committed_AS:   65807900 kB
VmallocTotal:   263061440 kB
VmallocUsed:      103984 kB
VmallocChunk:          0 kB
Percpu:             7648 kB
CmaTotal:         294912 kB
CmaFree:               0 kB
MemTotal:       12113132 kB
MemFree:         6321312 kB
MemAvailable:    7807764 kB
Buffers:            5764 kB
Cached:          1827760 kB
SwapCached:            0 kB
Active:          1557736 kB
Inactive:        1580372 kB
Active(anon):    1311004 kB
Inactive(anon):    25696 kB
Active(file):     246732 kB
Inactive(file):  1554676 kB
Unevictable:        5532 kB
Mlocked:            5532 kB
SwapTotal:       3145724 kB
SwapFree:        3145724 kB
Dirty:               192 kB
Writeback:             0 kB
AnonPages:       1310052 kB
Mapped:           857420 kB
Shmem:             27636 kB
KReclaimable:     553748 kB
Slab:             221364 kB
SReclaimable:      76212 kB
SUnreclaim:       145152 kB
KernelStack:       46864 kB
PageTables:        62728 kB
NFS_Unstable:          0 kB
Bounce:                0 kB
WritebackTmp:          0 kB
CommitLimit:     9202288 kB
Committed_AS:   65810808 kB
VmallocTotal:   263061440 kB
VmallocUsed:      104000 kB
VmallocChunk:          0 kB
Percpu:             7648 kB
CmaTotal:         294912 kB
CmaFree:               0 kB
MemTotal:       12113132 kB
MemFree:         6320936 kB
MemAvailable:    7807396 kB
Buffers:            5764 kB
Cached:          1827772 kB
SwapCached:            0 kB
Active:          1558440 kB
Inactive:        1580384 kB
Active(anon):    1311708 kB
Inactive(anon):    25700 kB
Active(file):     246732 kB
Inactive(file):  1554684 kB
Unevictable:        5532 kB
Mlocked:            5532 kB
SwapTotal:       3145724 kB
SwapFree:        3145724 kB
Dirty:               236 kB
Writeback:             0 kB
AnonPages:       1310800 kB
Mapped:           857524 kB
Shmem:             27640 kB
KReclaimable:     553748 kB
Slab:             221364 kB
SReclaimable:      76212 kB
SUnreclaim:       145152 kB
KernelStack:       46896 kB
PageTables:        62712 kB
NFS_Unstable:          0 kB
Bounce:                0 kB
WritebackTmp:          0 kB
CommitLimit:     9202288 kB
Committed_AS:   65806440 kB
VmallocTotal:   263061440 kB
VmallocUsed:      103984 kB
VmallocChunk:          0 kB
Percpu:             7648 kB
CmaTotal:         294912 kB
CmaFree:               0 kB
MemTotal:       12113132 kB
MemFree:         6320168 kB
MemAvailable:    7806644 kB
Buffers:            5764 kB
Cached:          1827792 kB
SwapCached:            0 kB
Active:          1558992 kB
Inactive:        1580404 kB
Active(anon):    1312260 kB
Inactive(anon):    25704 kB
Active(file):     246732 kB
Inactive(file):  1554700 kB
Unevictable:        5532 kB
Mlocked:            5532 kB
SwapTotal:       3145724 kB
SwapFree:        3145724 kB
Dirty:               284 kB
Writeback:             0 kB
AnonPages:       1311424 kB
Mapped:           857428 kB
Shmem:             27644 kB
KReclaimable:     553748 kB
Slab:             221364 kB
SReclaimable:      76212 kB
SUnreclaim:       145152 kB
KernelStack:       46864 kB
PageTables:        62720 kB
NFS_Unstable:          0 kB
Bounce:                0 kB
WritebackTmp:          0 kB
CommitLimit:     9202288 kB
Committed_AS:   65803472 kB
VmallocTotal:   263061440 kB
VmallocUsed:      103952 kB
VmallocChunk:          0 kB
Percpu:             7648 kB
CmaTotal:         294912 kB
CmaFree:               8 kB
MemTotal:       12113132 kB
MemFree:         6319552 kB
MemAvailable:    7806032 kB
Buffers:            5764 kB
Cached:          1827796 kB
SwapCached:            0 kB
Active:          1559764 kB
Inactive:        1580408 kB
Active(anon):    1313032 kB
Inactive(anon):    25704 kB
Active(file):     246732 kB
Inactive(file):  1554704 kB
Unevictable:        5532 kB
Mlocked:            5532 kB
SwapTotal:       3145724 kB
SwapFree:        3145724 kB
Dirty:               296 kB
Writeback:             0 kB
AnonPages:       1311920 kB
Mapped:           857428 kB
Shmem:             27644 kB
KReclaimable:     553748 kB
Slab:             221360 kB
SReclaimable:      76212 kB
SUnreclaim:       145148 kB
KernelStack:       46912 kB
PageTables:        62776 kB
NFS_Unstable:          0 kB
Bounce:                0 kB
WritebackTmp:          0 kB
CommitLimit:     9202288 kB
Committed_AS:   65808568 kB
VmallocTotal:   263061440 kB
VmallocUsed:      104016 kB
VmallocChunk:          0 kB
Percpu:             7648 kB
CmaTotal:         294912 kB
CmaFree:               0 kB
MemTotal:       12113132 kB
MemFree:         6318940 kB
MemAvailable:    7805436 kB
Buffers:            5764 kB
Cached:          1827812 kB
SwapCached:            0 kB
Active:          1559984 kB
Inactive:        1580424 kB
Active(anon):    1313252 kB
Inactive(anon):    25704 kB
Active(file):     246732 kB
Inactive(file):  1554720 kB
Unevictable:        5532 kB
Mlocked:            5532 kB
SwapTotal:       3145724 kB
SwapFree:        3145724 kB
Dirty:               312 kB
Writeback:             0 kB
AnonPages:       1312296 kB
Mapped:           857428 kB
Shmem:             27644 kB
KReclaimable:     553748 kB
Slab:             221360 kB
SReclaimable:      76212 kB
SUnreclaim:       145148 kB
KernelStack:       46896 kB
PageTables:        62944 kB
NFS_Unstable:          0 kB
Bounce:                0 kB
WritebackTmp:          0 kB
CommitLimit:     9202288 kB
Committed_AS:   65816472 kB
VmallocTotal:   263061440 kB
VmallocUsed:      104016 kB
VmallocChunk:          0 kB
Percpu:             7648 kB
CmaTotal:         294912 kB
CmaFree:               0 kB
MemTotal:       12113132 kB
MemFree:         6318460 kB
MemAvailable:    7804968 kB
Buffers:            5764 kB
Cached:          1827824 kB
SwapCached:            0 kB
Active:          1560572 kB
Inactive:        1580436 kB
Active(anon):    1313840 kB
Inactive(anon):    25704 kB
Active(file):     246732 kB
Inactive(file):  1554732 kB
Unevictable:        5532 kB
Mlocked:            5532 kB
SwapTotal:       3145724 kB
SwapFree:        3145724 kB
Dirty:               340 kB
Writeback:             0 kB
AnonPages:       1312868 kB
Mapped:           857428 kB
Shmem:             27644 kB
KReclaimable:     553748 kB
Slab:             221360 kB
SReclaimable:      76212 kB
SUnreclaim:       145148 kB
KernelStack:       46896 kB
PageTables:        62780 kB
NFS_Unstable:          0 kB
Bounce:                0 kB
WritebackTmp:          0 kB
CommitLimit:     9202288 kB
Committed_AS:   65807356 kB
VmallocTotal:   263061440 kB
VmallocUsed:      104016 kB
VmallocChunk:          0 kB
Percpu:             7648 kB
CmaTotal:         294912 kB
CmaFree:               0 kB
MemTotal:       12113132 kB
MemFree:         6318256 kB
MemAvailable:    7804776 kB
Buffers:            5764 kB
Cached:          1827836 kB
SwapCached:            0 kB
Active:          1561268 kB
Inactive:        1580448 kB
Active(anon):    1314536 kB
Inactive(anon):    25704 kB
Active(file):     246732 kB
Inactive(file):  1554744 kB
Unevictable:        5532 kB
Mlocked:            5532 kB
SwapTotal:       3145724 kB
SwapFree:        3145724 kB
Dirty:               356 kB
Writeback:             0 kB
AnonPages:       1313588 kB
Mapped:           857428 kB
Shmem:             27644 kB
KReclaimable:     553748 kB
Slab:             221360 kB
SReclaimable:      76212 kB
SUnreclaim:       145148 kB
KernelStack:       46896 kB
PageTables:        62776 kB
NFS_Unstable:          0 kB
Bounce:                0 kB
WritebackTmp:          0 kB
CommitLimit:     9202288 kB
Committed_AS:   65810824 kB
VmallocTotal:   263061440 kB
VmallocUsed:      104000 kB
VmallocChunk:          0 kB
Percpu:             7648 kB
CmaTotal:         294912 kB
CmaFree:               0 kB
MemTotal:       12113132 kB
MemFree:         6358048 kB
MemAvailable:    7844580 kB
Buffers:            5764 kB
Cached:          1827848 kB
SwapCached:            0 kB
Active:          1519948 kB
Inactive:        1580460 kB
Active(anon):    1273216 kB
Inactive(anon):    25704 kB
Active(file):     246732 kB
Inactive(file):  1554756 kB
Unevictable:        5532 kB
Mlocked:            5532 kB
SwapTotal:       3145724 kB
SwapFree:        3145724 kB
Dirty:               368 kB
Writeback:             0 kB
AnonPages:       1272204 kB
Mapped:           857428 kB
Shmem:             27644 kB
KReclaimable:     553748 kB
Slab:             221360 kB
SReclaimable:      76212 kB
SUnreclaim:       145148 kB
KernelStack:       46912 kB
PageTables:        62796 kB
NFS_Unstable:          0 kB
Bounce:                0 kB
WritebackTmp:          0 kB
CommitLimit:     9202288 kB
Committed_AS:   65806556 kB
VmallocTotal:   263061440 kB
VmallocUsed:      103984 kB
VmallocChunk:          0 kB
Percpu:             7648 kB
CmaTotal:         294912 kB
CmaFree:               0 kB
MemTotal:       12113132 kB
MemFree:         6357672 kB
MemAvailable:    7844232 kB
Buffers:            5764 kB
Cached:          1827876 kB
SwapCached:            0 kB
Active:          1520512 kB
Inactive:        1580488 kB
Active(anon):    1273780 kB
Inactive(anon):    25704 kB
Active(file):     246732 kB
Inactive(file):  1554784 kB
Unevictable:        5532 kB
Mlocked:            5532 kB
SwapTotal:       3145724 kB
SwapFree:        3145724 kB
Dirty:               420 kB
Writeback:             0 kB
AnonPages:       1272848 kB
Mapped:           857428 kB
Shmem:             27644 kB
KReclaimable:     553748 kB
Slab:             221360 kB
SReclaimable:      76212 kB
SUnreclaim:       145148 kB
KernelStack:       46864 kB
PageTables:        62724 kB
NFS_Unstable:          0 kB
Bounce:                0 kB
WritebackTmp:          0 kB
CommitLimit:     9202288 kB
Committed_AS:   65816420 kB
VmallocTotal:   263061440 kB
VmallocUsed:      104000 kB
VmallocChunk:          0 kB
Percpu:             7648 kB
CmaTotal:         294912 kB
CmaFree:               0 kB
MemTotal:       12113132 kB
MemFree:         6356932 kB
MemAvailable:    7843496 kB
Buffers:            5764 kB
Cached:          1827880 kB
SwapCached:            0 kB
Active:          1521232 kB
Inactive:        1580492 kB
Active(anon):    1274500 kB
Inactive(anon):    25704 kB
Active(file):     246732 kB
Inactive(file):  1554788 kB
Unevictable:        5532 kB
Mlocked:            5532 kB
SwapTotal:       3145724 kB
SwapFree:        3145724 kB
Dirty:               428 kB
Writeback:             0 kB
AnonPages:       1273680 kB
Mapped:           857428 kB
Shmem:             27644 kB
KReclaimable:     553748 kB
Slab:             221360 kB
SReclaimable:      76212 kB
SUnreclaim:       145148 kB
KernelStack:       46864 kB
PageTables:        62724 kB
NFS_Unstable:          0 kB
Bounce:                0 kB
WritebackTmp:          0 kB
CommitLimit:     9202288 kB
Committed_AS:   65816608 kB
VmallocTotal:   263061440 kB
VmallocUsed:      104000 kB
VmallocChunk:          0 kB
Percpu:             7648 kB
CmaTotal:         294912 kB
CmaFree:               0 kB
MemTotal:       12113132 kB
MemFree:         6356060 kB
MemAvailable:    7842636 kB
Buffers:            5764 kB
Cached:          1827892 kB
SwapCached:            0 kB
Active:          1521976 kB
Inactive:        1580504 kB
Active(anon):    1275244 kB
Inactive(anon):    25704 kB
Active(file):     246732 kB
Inactive(file):  1554800 kB
Unevictable:        5532 kB
Mlocked:            5532 kB
SwapTotal:       3145724 kB
SwapFree:        3145724 kB
Dirty:               444 kB
Writeback:             0 kB
AnonPages:       1274356 kB
Mapped:           857428 kB
Shmem:             27644 kB
KReclaimable:     553748 kB
Slab:             221360 kB
SReclaimable:      76212 kB
SUnreclaim:       145148 kB
KernelStack:       46864 kB
PageTables:        62728 kB
NFS_Unstable:          0 kB
Bounce:                0 kB
WritebackTmp:          0 kB
CommitLimit:     9202288 kB
Committed_AS:   65821060 kB
VmallocTotal:   263061440 kB
VmallocUsed:      104016 kB
VmallocChunk:          0 kB
Percpu:             7648 kB
CmaTotal:         294912 kB
CmaFree:               0 kB
MemTotal:       12113132 kB
MemFree:         6355956 kB
MemAvailable:    7842544 kB
Buffers:            5764 kB
Cached:          1827904 kB
SwapCached:            0 kB
Active:          1523116 kB
Inactive:        1580516 kB
Active(anon):    1276384 kB
Inactive(anon):    25704 kB
Active(file):     246732 kB
Inactive(file):  1554812 kB
Unevictable:        5532 kB
Mlocked:            5532 kB
SwapTotal:       3145724 kB
SwapFree:        3145724 kB
Dirty:               472 kB
Writeback:             0 kB
AnonPages:       1275540 kB
Mapped:           857428 kB
Shmem:             27644 kB
KReclaimable:     553748 kB
Slab:             221360 kB
SReclaimable:      76212 kB
SUnreclaim:       145148 kB
KernelStack:       46912 kB
PageTables:        62824 kB
NFS_Unstable:          0 kB
Bounce:                0 kB
WritebackTmp:          0 kB
CommitLimit:     9202288 kB
Committed_AS:   65826108 kB
VmallocTotal:   263061440 kB
VmallocUsed:      104064 kB
VmallocChunk:          0 kB
Percpu:             7648 kB
CmaTotal:         294912 kB
CmaFree:               0 kB
MemTotal:       12113132 kB
MemFree:         6355640 kB
MemAvailable:    7842240 kB
Buffers:            5764 kB
Cached:          1827916 kB
SwapCached:            0 kB
Active:          1523792 kB
Inactive:        1580528 kB
Active(anon):    1277060 kB
Inactive(anon):    25704 kB
Active(file):     246732 kB
Inactive(file):  1554824 kB
Unevictable:        5532 kB
Mlocked:            5532 kB
SwapTotal:       3145724 kB
SwapFree:        3145724 kB
Dirty:               488 kB
Writeback:             0 kB
AnonPages:       1276172 kB
Mapped:           857428 kB
Shmem:             27644 kB
KReclaimable:     553748 kB
Slab:             221360 kB
SReclaimable:      76212 kB
SUnreclaim:       145148 kB
KernelStack:       46896 kB
PageTables:        62824 kB
NFS_Unstable:          0 kB
Bounce:                0 kB
WritebackTmp:          0 kB
CommitLimit:     9202288 kB
Committed_AS:   65826236 kB
VmallocTotal:   263061440 kB
VmallocUsed:      104048 kB
VmallocChunk:          0 kB
Percpu:             7648 kB
CmaTotal:         294912 kB
CmaFree:               0 kB
MemTotal:       12113132 kB
MemFree:         6354000 kB
MemAvailable:    7840616 kB
Buffers:            5764 kB
Cached:          1827932 kB
SwapCached:            0 kB
Active:          1524340 kB
Inactive:        1580544 kB
Active(anon):    1277608 kB
Inactive(anon):    25704 kB
Active(file):     246732 kB
Inactive(file):  1554840 kB
Unevictable:        5532 kB
Mlocked:            5532 kB
SwapTotal:       3145724 kB
SwapFree:        3145724 kB
Dirty:               504 kB
Writeback:             0 kB
AnonPages:       1276764 kB
Mapped:           857428 kB
Shmem:             27644 kB
KReclaimable:     553748 kB
Slab:             221360 kB
SReclaimable:      76212 kB
SUnreclaim:       145148 kB
KernelStack:       46912 kB
PageTables:        62788 kB
NFS_Unstable:          0 kB
Bounce:                0 kB
WritebackTmp:          0 kB
CommitLimit:     9202288 kB
Committed_AS:   65822376 kB
VmallocTotal:   263061440 kB
VmallocUsed:      104032 kB
VmallocChunk:          0 kB
Percpu:             7648 kB
CmaTotal:         294912 kB
CmaFree:               0 kB
MemTotal:       12113132 kB
MemFree:         6353824 kB
MemAvailable:    7840472 kB
Buffers:            5768 kB
Cached:          1827960 kB
SwapCached:            0 kB
Active:          1524912 kB
Inactive:        1580572 kB
Active(anon):    1278176 kB
Inactive(anon):    25704 kB
Active(file):     246736 kB
Inactive(file):  1554868 kB
Unevictable:        5532 kB
Mlocked:            5532 kB
SwapTotal:       3145724 kB
SwapFree:        3145724 kB
Dirty:               504 kB
Writeback:             0 kB
AnonPages:       1277292 kB
Mapped:           857428 kB
Shmem:             27644 kB
KReclaimable:     553748 kB
Slab:             221360 kB
SReclaimable:      76212 kB
SUnreclaim:       145148 kB
KernelStack:       46880 kB
PageTables:        62848 kB
NFS_Unstable:          0 kB
Bounce:                0 kB
WritebackTmp:          0 kB
CommitLimit:     9202288 kB
Committed_AS:   65814808 kB
VmallocTotal:   263061440 kB
VmallocUsed:      103984 kB
VmallocChunk:          0 kB
Percpu:             7648 kB
CmaTotal:         294912 kB
CmaFree:               0 kB
MemTotal:       12113132 kB
MemFree:         6353692 kB
MemAvailable:    7840352 kB
Buffers:            5768 kB
Cached:          1827972 kB
SwapCached:            0 kB
Active:          1525532 kB
Inactive:        1580584 kB
Active(anon):    1278796 kB
Inactive(anon):    25704 kB
Active(file):     246736 kB
Inactive(file):  1554880 kB
Unevictable:        5532 kB
Mlocked:            5532 kB
SwapTotal:       3145724 kB
SwapFree:        3145724 kB
Dirty:               520 kB
Writeback:             0 kB
AnonPages:       1277932 kB
Mapped:           857428 kB
Shmem:             27644 kB
KReclaimable:     553748 kB
Slab:             221360 kB
SReclaimable:      76212 kB
SUnreclaim:       145148 kB
KernelStack:       46864 kB
PageTables:        62724 kB
NFS_Unstable:          0 kB
Bounce:                0 kB
WritebackTmp:          0 kB
CommitLimit:     9202288 kB
Committed_AS:   65804704 kB
VmallocTotal:   263061440 kB
VmallocUsed:      103984 kB
VmallocChunk:          0 kB
Percpu:             7648 kB
CmaTotal:         294912 kB
CmaFree:               0 kB
MemTotal:       12113132 kB
MemFree:         6351128 kB
MemAvailable:    7837800 kB
Buffers:            5768 kB
Cached:          1827984 kB
SwapCached:            0 kB
Active:          1526300 kB
Inactive:        1580596 kB
Active(anon):    1279564 kB
Inactive(anon):    25704 kB
Active(file):     246736 kB
Inactive(file):  1554892 kB
Unevictable:        5532 kB
Mlocked:            5532 kB
SwapTotal:       3145724 kB
SwapFree:        3145724 kB
Dirty:               536 kB
Writeback:             0 kB
AnonPages:       1278704 kB
Mapped:           857428 kB
Shmem:             27644 kB
KReclaimable:     553748 kB
Slab:             221360 kB
SReclaimable:      76212 kB
SUnreclaim:       145148 kB
KernelStack:       46864 kB
PageTables:        62724 kB
NFS_Unstable:          0 kB
Bounce:                0 kB
WritebackTmp:          0 kB
CommitLimit:     9202288 kB
Committed_AS:   65808908 kB
VmallocTotal:   263061440 kB
VmallocUsed:      103984 kB
VmallocChunk:          0 kB
Percpu:             7648 kB
CmaTotal:         294912 kB
CmaFree:               0 kB
MemTotal:       12113132 kB
MemFree:         6351276 kB
MemAvailable:    7837960 kB
Buffers:            5768 kB
Cached:          1827996 kB
SwapCached:            0 kB
Active:          1527400 kB
Inactive:        1580608 kB
Active(anon):    1280664 kB
Inactive(anon):    25704 kB
Active(file):     246736 kB
Inactive(file):  1554904 kB
Unevictable:        5532 kB
Mlocked:            5532 kB
SwapTotal:       3145724 kB
SwapFree:        3145724 kB
Dirty:               564 kB
Writeback:             0 kB
AnonPages:       1279588 kB
Mapped:           857428 kB
Shmem:             27644 kB
KReclaimable:     553748 kB
Slab:             221360 kB
SReclaimable:      76212 kB
SUnreclaim:       145148 kB
KernelStack:       46912 kB
PageTables:        62844 kB
NFS_Unstable:          0 kB
Bounce:                0 kB
WritebackTmp:          0 kB
CommitLimit:     9202288 kB
Committed_AS:   65802976 kB
VmallocTotal:   263061440 kB
VmallocUsed:      103952 kB
VmallocChunk:          0 kB
Percpu:             7648 kB
CmaTotal:         294912 kB
CmaFree:               0 kB
MemTotal:       12113132 kB
MemFree:         6351392 kB
MemAvailable:    7838080 kB
Buffers:            5768 kB
Cached:          1828000 kB
SwapCached:            0 kB
Active:          1528188 kB
Inactive:        1580612 kB
Active(anon):    1281452 kB
Inactive(anon):    25704 kB
Active(file):     246736 kB
Inactive(file):  1554908 kB
Unevictable:        5532 kB
Mlocked:            5532 kB
SwapTotal:       3145724 kB
SwapFree:        3145724 kB
Dirty:               568 kB
Writeback:             0 kB
AnonPages:       1280588 kB
Mapped:           857432 kB
Shmem:             27644 kB
KReclaimable:     553748 kB
Slab:             221360 kB
SReclaimable:      76212 kB
SUnreclaim:       145148 kB
KernelStack:       46880 kB
PageTables:        62852 kB
NFS_Unstable:          0 kB
Bounce:                0 kB
WritebackTmp:          0 kB
CommitLimit:     9202288 kB
Committed_AS:   65825188 kB
VmallocTotal:   263061440 kB
VmallocUsed:      103936 kB
VmallocChunk:          0 kB
Percpu:             7648 kB
CmaTotal:         294912 kB
CmaFree:               0 kB
MemTotal:       12113132 kB
MemFree:         6350124 kB
MemAvailable:    7836628 kB
Buffers:            5768 kB
Cached:          1828020 kB
SwapCached:            0 kB
Active:          1528828 kB
Inactive:        1580632 kB
Active(anon):    1282092 kB
Inactive(anon):    25704 kB
Active(file):     246736 kB
Inactive(file):  1554928 kB
Unevictable:        5532 kB
Mlocked:            5532 kB
SwapTotal:       3145724 kB
SwapFree:        3145724 kB
Dirty:               592 kB
Writeback:             0 kB
AnonPages:       1281396 kB
Mapped:           857432 kB
Shmem:             27644 kB
KReclaimable:     553544 kB
Slab:             221360 kB
SReclaimable:      76212 kB
SUnreclaim:       145148 kB
KernelStack:       46896 kB
PageTables:        62748 kB
NFS_Unstable:          0 kB
Bounce:                0 kB
WritebackTmp:          0 kB
CommitLimit:     9202288 kB
Committed_AS:   65824852 kB
VmallocTotal:   263061440 kB
VmallocUsed:      104048 kB
VmallocChunk:          0 kB
Percpu:             7648 kB
CmaTotal:         294912 kB
CmaFree:               0 kB
MemTotal:       12113132 kB
MemFree:         6321960 kB
MemAvailable:    7808476 kB
Buffers:            5768 kB
Cached:          1828032 kB
SwapCached:            0 kB
Active:          1556012 kB
Inactive:        1580644 kB
Active(anon):    1309276 kB
Inactive(anon):    25704 kB
Active(file):     246736 kB
Inactive(file):  1554940 kB
Unevictable:        5532 kB
Mlocked:            5532 kB
SwapTotal:       3145724 kB
SwapFree:        3145724 kB
Dirty:               632 kB
Writeback:             0 kB
AnonPages:       1308536 kB
Mapped:           857428 kB
Shmem:             27644 kB
KReclaimable:     553544 kB
Slab:             221368 kB
SReclaimable:      76212 kB
SUnreclaim:       145156 kB
KernelStack:       46848 kB
PageTables:        62672 kB
NFS_Unstable:          0 kB
Bounce:                0 kB
WritebackTmp:          0 kB
CommitLimit:     9202288 kB
Committed_AS:   65827244 kB
VmallocTotal:   263061440 kB
VmallocUsed:      104048 kB
VmallocChunk:          0 kB
Percpu:             7648 kB
CmaTotal:         294912 kB
CmaFree:               0 kB
MemTotal:       12113132 kB
MemFree:         6324300 kB
MemAvailable:    7810824 kB
Buffers:            5768 kB
Cached:          1828040 kB
SwapCached:            0 kB
Active:          1555872 kB
Inactive:        1580652 kB
Active(anon):    1309136 kB
Inactive(anon):    25704 kB
Active(file):     246736 kB
Inactive(file):  1554948 kB
Unevictable:        5532 kB
Mlocked:            5532 kB
SwapTotal:       3145724 kB
SwapFree:        3145724 kB
Dirty:               668 kB
Writeback:             0 kB
AnonPages:       1308136 kB
Mapped:           857428 kB
Shmem:             27644 kB
KReclaimable:     553544 kB
Slab:             221368 kB
SReclaimable:      76212 kB
SUnreclaim:       145156 kB
KernelStack:       46896 kB
PageTables:        62772 kB
NFS_Unstable:          0 kB
Bounce:                0 kB
WritebackTmp:          0 kB
CommitLimit:     9202288 kB
Committed_AS:   65827484 kB
VmallocTotal:   263061440 kB
VmallocUsed:      104048 kB
VmallocChunk:          0 kB
Percpu:             7648 kB
CmaTotal:         294912 kB
CmaFree:               0 kB
MemTotal:       12113132 kB
MemFree:         6326288 kB
MemAvailable:    7812824 kB
Buffers:            5768 kB
Cached:          1828052 kB
SwapCached:            0 kB
Active:          1552228 kB
Inactive:        1580664 kB
Active(anon):    1305492 kB
Inactive(anon):    25704 kB
Active(file):     246736 kB
Inactive(file):  1554960 kB
Unevictable:        5532 kB
Mlocked:            5532 kB
SwapTotal:       3145724 kB
SwapFree:        3145724 kB
Dirty:               688 kB
Writeback:             0 kB
AnonPages:       1304544 kB
Mapped:           857432 kB
Shmem:             27644 kB
KReclaimable:     553544 kB
Slab:             221360 kB
SReclaimable:      76212 kB
SUnreclaim:       145148 kB
KernelStack:       46880 kB
PageTables:        62704 kB
NFS_Unstable:          0 kB
Bounce:                0 kB
WritebackTmp:          0 kB
CommitLimit:     9202288 kB
Committed_AS:   65819748 kB
VmallocTotal:   263061440 kB
VmallocUsed:      104032 kB
VmallocChunk:          0 kB
Percpu:             7648 kB
CmaTotal:         294912 kB
CmaFree:               0 kB
MemTotal:       12113132 kB
MemFree:         6325192 kB
MemAvailable:    7811756 kB
Buffers:            5768 kB
Cached:          1828080 kB
SwapCached:            0 kB
Active:          1553804 kB
Inactive:        1580692 kB
Active(anon):    1307068 kB
Inactive(anon):    25704 kB
Active(file):     246736 kB
Inactive(file):  1554988 kB
Unevictable:        5532 kB
Mlocked:            5532 kB
SwapTotal:       3145724 kB
SwapFree:        3145724 kB
Dirty:               744 kB
Writeback:             0 kB
AnonPages:       1306148 kB
Mapped:           857428 kB
Shmem:             27644 kB
KReclaimable:     553544 kB
Slab:             221360 kB
SReclaimable:      76212 kB
SUnreclaim:       145148 kB
KernelStack:       46928 kB
PageTables:        62784 kB
NFS_Unstable:          0 kB
Bounce:                0 kB
WritebackTmp:          0 kB
CommitLimit:     9202288 kB
Committed_AS:   65828740 kB
VmallocTotal:   263061440 kB
VmallocUsed:      104016 kB
VmallocChunk:          0 kB
Percpu:             7648 kB
CmaTotal:         294912 kB
CmaFree:               0 kB
MemTotal:       12113132 kB
MemFree:         6323976 kB
MemAvailable:    7810556 kB
Buffers:            5768 kB
Cached:          1828096 kB
SwapCached:            0 kB
Active:          1554124 kB
Inactive:        1580708 kB
Active(anon):    1307388 kB
Inactive(anon):    25704 kB
Active(file):     246736 kB
Inactive(file):  1555004 kB
Unevictable:        5532 kB
Mlocked:            5532 kB
SwapTotal:       3145724 kB
SwapFree:        3145724 kB
Dirty:               760 kB
Writeback:             0 kB
AnonPages:       1306684 kB
Mapped:           857428 kB
Shmem:             27644 kB
KReclaimable:     553544 kB
Slab:             221352 kB
SReclaimable:      76212 kB
SUnreclaim:       145140 kB
KernelStack:       46864 kB
PageTables:        62724 kB
NFS_Unstable:          0 kB
Bounce:                0 kB
WritebackTmp:          0 kB
CommitLimit:     9202288 kB
Committed_AS:   65822980 kB
VmallocTotal:   263061440 kB
VmallocUsed:      104000 kB
VmallocChunk:          0 kB
Percpu:             7648 kB
CmaTotal:         294912 kB
CmaFree:               0 kB
MemTotal:       12113132 kB
MemFree:         6324828 kB
MemAvailable:    7811416 kB
Buffers:            5768 kB
Cached:          1828104 kB
SwapCached:            0 kB
Active:          1554960 kB
Inactive:        1580716 kB
Active(anon):    1308224 kB
Inactive(anon):    25704 kB
Active(file):     246736 kB
Inactive(file):  1555012 kB
Unevictable:        5532 kB
Mlocked:            5532 kB
SwapTotal:       3145724 kB
SwapFree:        3145724 kB
Dirty:               168 kB
Writeback:             0 kB
AnonPages:       1307172 kB
Mapped:           857428 kB
Shmem:             27644 kB
KReclaimable:     553544 kB
Slab:             221456 kB
SReclaimable:      76212 kB
SUnreclaim:       145244 kB
KernelStack:       46912 kB
PageTables:        62772 kB
NFS_Unstable:          0 kB
Bounce:                0 kB
WritebackTmp:          0 kB
CommitLimit:     9202288 kB
Committed_AS:   65817820 kB
VmallocTotal:   263061440 kB
VmallocUsed:      103952 kB
VmallocChunk:          0 kB
Percpu:             7648 kB
CmaTotal:         294912 kB
CmaFree:               0 kB
MemTotal:       12113132 kB
MemFree:         6323756 kB
MemAvailable:    7810360 kB
Buffers:            5768 kB
Cached:          1828120 kB
SwapCached:            0 kB
Active:          1554904 kB
Inactive:        1580732 kB
Active(anon):    1308168 kB
Inactive(anon):    25704 kB
Active(file):     246736 kB
Inactive(file):  1555028 kB
Unevictable:        5532 kB
Mlocked:            5532 kB
SwapTotal:       3145724 kB
SwapFree:        3145724 kB
Dirty:               276 kB
Writeback:             0 kB
AnonPages:       1307320 kB
Mapped:           857428 kB
Shmem:             27644 kB
KReclaimable:     553544 kB
Slab:             221456 kB
SReclaimable:      76212 kB
SUnreclaim:       145244 kB
KernelStack:       46912 kB
PageTables:        62820 kB
NFS_Unstable:          0 kB
Bounce:                0 kB
WritebackTmp:          0 kB
CommitLimit:     9202288 kB
Committed_AS:   65823572 kB
VmallocTotal:   263061440 kB
VmallocUsed:      103936 kB
VmallocChunk:          0 kB
Percpu:             7648 kB
CmaTotal:         294912 kB
CmaFree:               0 kB
MemTotal:       12113132 kB
MemFree:         6322040 kB
MemAvailable:    7808656 kB
Buffers:            5768 kB
Cached:          1828132 kB
SwapCached:            0 kB
Active:          1556228 kB
Inactive:        1580744 kB
Active(anon):    1309492 kB
Inactive(anon):    25704 kB
Active(file):     246736 kB
Inactive(file):  1555040 kB
Unevictable:        5532 kB
Mlocked:            5532 kB
SwapTotal:       3145724 kB
SwapFree:        3145724 kB
Dirty:               304 kB
Writeback:             0 kB
AnonPages:       1308644 kB
Mapped:           857428 kB
Shmem:             27644 kB
KReclaimable:     553544 kB
Slab:             221456 kB
SReclaimable:      76212 kB
SUnreclaim:       145244 kB
KernelStack:       46912 kB
PageTables:        62828 kB
NFS_Unstable:          0 kB
Bounce:                0 kB
WritebackTmp:          0 kB
CommitLimit:     9202288 kB
Committed_AS:   65828140 kB
VmallocTotal:   263061440 kB
VmallocUsed:      104000 kB
VmallocChunk:          0 kB
Percpu:             7648 kB
CmaTotal:         294912 kB
CmaFree:               0 kB
MemTotal:       12113132 kB
MemFree:         6325084 kB
MemAvailable:    7811708 kB
Buffers:            5768 kB
Cached:          1828140 kB
SwapCached:            0 kB
Active:          1552648 kB
Inactive:        1580752 kB
Active(anon):    1305912 kB
Inactive(anon):    25704 kB
Active(file):     246736 kB
Inactive(file):  1555048 kB
Unevictable:        5532 kB
Mlocked:            5532 kB
SwapTotal:       3145724 kB
SwapFree:        3145724 kB
Dirty:               364 kB
Writeback:             0 kB
AnonPages:       1305068 kB
Mapped:           857488 kB
Shmem:             27644 kB
KReclaimable:     553544 kB
Slab:             221456 kB
SReclaimable:      76212 kB
SUnreclaim:       145244 kB
KernelStack:       46864 kB
PageTables:        62720 kB
NFS_Unstable:          0 kB
Bounce:                0 kB
WritebackTmp:          0 kB
CommitLimit:     9202288 kB
Committed_AS:   65832556 kB
VmallocTotal:   263061440 kB
VmallocUsed:      104000 kB
VmallocChunk:          0 kB
Percpu:             7648 kB
CmaTotal:         294912 kB
CmaFree:               0 kB
MemTotal:       12113132 kB
MemFree:         6323296 kB
MemAvailable:    7809960 kB
Buffers:            5776 kB
Cached:          1828172 kB
SwapCached:            0 kB
Active:          1553160 kB
Inactive:        1580784 kB
Active(anon):    1306416 kB
Inactive(anon):    25704 kB
Active(file):     246744 kB
Inactive(file):  1555080 kB
Unevictable:        5532 kB
Mlocked:            5532 kB
SwapTotal:       3145724 kB
SwapFree:        3145724 kB
Dirty:               372 kB
Writeback:             0 kB
AnonPages:       1305712 kB
Mapped:           857488 kB
Shmem:             27644 kB
KReclaimable:     553544 kB
Slab:             221456 kB
SReclaimable:      76212 kB
SUnreclaim:       145244 kB
KernelStack:       46864 kB
PageTables:        62748 kB
NFS_Unstable:          0 kB
Bounce:                0 kB
WritebackTmp:          0 kB
CommitLimit:     9202288 kB
Committed_AS:   65822204 kB
VmallocTotal:   263061440 kB
VmallocUsed:      104000 kB
VmallocChunk:          0 kB
Percpu:             7648 kB
CmaTotal:         294912 kB
CmaFree:               0 kB
MemTotal:       12113132 kB
MemFree:         6324440 kB
MemAvailable:    7811120 kB
Buffers:            5776 kB
Cached:          1828188 kB
SwapCached:            0 kB
Active:          1553944 kB
Inactive:        1580800 kB
Active(anon):    1307200 kB
Inactive(anon):    25704 kB
Active(file):     246744 kB
Inactive(file):  1555096 kB
Unevictable:        5532 kB
Mlocked:            5532 kB
SwapTotal:       3145724 kB
SwapFree:        3145724 kB
Dirty:               396 kB
Writeback:             0 kB
AnonPages:       1306296 kB
Mapped:           857488 kB
Shmem:             27644 kB
KReclaimable:     553544 kB
Slab:             221456 kB
SReclaimable:      76212 kB
SUnreclaim:       145244 kB
KernelStack:       46864 kB
PageTables:        62836 kB
NFS_Unstable:          0 kB
Bounce:                0 kB
WritebackTmp:          0 kB
CommitLimit:     9202288 kB
Committed_AS:   65817504 kB
VmallocTotal:   263061440 kB
VmallocUsed:      103968 kB
VmallocChunk:          0 kB
Percpu:             7648 kB
CmaTotal:         294912 kB
CmaFree:               0 kB
MemTotal:       12113132 kB
MemFree:         6323988 kB
MemAvailable:    7810680 kB
Buffers:            5776 kB
Cached:          1828204 kB
SwapCached:            0 kB
Active:          1554660 kB
Inactive:        1580816 kB
Active(anon):    1307916 kB
Inactive(anon):    25708 kB
Active(file):     246744 kB
Inactive(file):  1555108 kB
Unevictable:        5532 kB
Mlocked:            5532 kB
SwapTotal:       3145724 kB
SwapFree:        3145724 kB
Dirty:               452 kB
Writeback:             0 kB
AnonPages:       1306920 kB
Mapped:           857508 kB
Shmem:             27648 kB
KReclaimable:     553544 kB
Slab:             221456 kB
SReclaimable:      76212 kB
SUnreclaim:       145244 kB
KernelStack:       46864 kB
PageTables:        62788 kB
NFS_Unstable:          0 kB
Bounce:                0 kB
WritebackTmp:          0 kB
CommitLimit:     9202288 kB
Committed_AS:   65818972 kB
VmallocTotal:   263061440 kB
VmallocUsed:      103984 kB
VmallocChunk:          0 kB
Percpu:             7648 kB
CmaTotal:         294912 kB
CmaFree:               0 kB
MemTotal:       12113132 kB
MemFree:         6322524 kB
MemAvailable:    7809224 kB
Buffers:            5776 kB
Cached:          1828212 kB
SwapCached:            0 kB
Active:          1554576 kB
Inactive:        1580824 kB
Active(anon):    1307832 kB
Inactive(anon):    25708 kB
Active(file):     246744 kB
Inactive(file):  1555116 kB
Unevictable:        5532 kB
Mlocked:            5532 kB
SwapTotal:       3145724 kB
SwapFree:        3145724 kB
Dirty:               496 kB
Writeback:             0 kB
AnonPages:       1307056 kB
Mapped:           857492 kB
Shmem:             27648 kB
KReclaimable:     553544 kB
Slab:             221456 kB
SReclaimable:      76212 kB
SUnreclaim:       145244 kB
KernelStack:       46848 kB
PageTables:        62928 kB
NFS_Unstable:          0 kB
Bounce:                0 kB
WritebackTmp:          0 kB
CommitLimit:     9202288 kB
Committed_AS:   65819324 kB
VmallocTotal:   263061440 kB
VmallocUsed:      104016 kB
VmallocChunk:          0 kB
Percpu:             7648 kB
CmaTotal:         294912 kB
CmaFree:               0 kB
MemTotal:       12113132 kB
MemFree:         6322788 kB
MemAvailable:    7809468 kB
Buffers:            5776 kB
Cached:          1828192 kB
SwapCached:            0 kB
Active:          1555268 kB
Inactive:        1580808 kB
Active(anon):    1308528 kB
Inactive(anon):    25708 kB
Active(file):     246740 kB
Inactive(file):  1555100 kB
Unevictable:        5532 kB
Mlocked:            5532 kB
SwapTotal:       3145724 kB
SwapFree:        3145724 kB
Dirty:               500 kB
Writeback:             0 kB
AnonPages:       1307596 kB
Mapped:           857472 kB
Shmem:             27648 kB
KReclaimable:     553544 kB
Slab:             221456 kB
SReclaimable:      76212 kB
SUnreclaim:       145244 kB
KernelStack:       46864 kB
PageTables:        62832 kB
NFS_Unstable:          0 kB
Bounce:                0 kB
WritebackTmp:          0 kB
CommitLimit:     9202288 kB
Committed_AS:   65820460 kB
VmallocTotal:   263061440 kB
VmallocUsed:      104000 kB
VmallocChunk:          0 kB
Percpu:             7648 kB
CmaTotal:         294912 kB
CmaFree:               0 kB
MemTotal:       12113132 kB
MemFree:         6322360 kB
MemAvailable:    7809084 kB
Buffers:            5776 kB
Cached:          1828236 kB
SwapCached:            0 kB
Active:          1555512 kB
Inactive:        1580848 kB
Active(anon):    1308768 kB
Inactive(anon):    25708 kB
Active(file):     246744 kB
Inactive(file):  1555140 kB
Unevictable:        5532 kB
Mlocked:            5532 kB
SwapTotal:       3145724 kB
SwapFree:        3145724 kB
Dirty:               528 kB
Writeback:             0 kB
AnonPages:       1307788 kB
Mapped:           857492 kB
Shmem:             27648 kB
KReclaimable:     553544 kB
Slab:             221456 kB
SReclaimable:      76212 kB
SUnreclaim:       145244 kB
KernelStack:       46784 kB
PageTables:        62724 kB
NFS_Unstable:          0 kB
Bounce:                0 kB
WritebackTmp:          0 kB
CommitLimit:     9202288 kB
Committed_AS:   65814372 kB
VmallocTotal:   263061440 kB
VmallocUsed:      103952 kB
VmallocChunk:          0 kB
Percpu:             7648 kB
CmaTotal:         294912 kB
CmaFree:               0 kB
MemTotal:       12113132 kB
MemFree:         6356664 kB
MemAvailable:    7843408 kB
Buffers:            5776 kB
Cached:          1828256 kB
SwapCached:            0 kB
Active:          1519616 kB
Inactive:        1580868 kB
Active(anon):    1272872 kB
Inactive(anon):    25708 kB
Active(file):     246744 kB
Inactive(file):  1555160 kB
Unevictable:        5532 kB
Mlocked:            5532 kB
SwapTotal:       3145724 kB
SwapFree:        3145724 kB
Dirty:               228 kB
Writeback:             0 kB
AnonPages:       1272232 kB
Mapped:           857492 kB
Shmem:             27648 kB
KReclaimable:     553544 kB
Slab:             221464 kB
SReclaimable:      76212 kB
SUnreclaim:       145252 kB
KernelStack:       46816 kB
PageTables:        62776 kB
NFS_Unstable:          0 kB
Bounce:                0 kB
WritebackTmp:          0 kB
CommitLimit:     9202288 kB
Committed_AS:   65819308 kB
VmallocTotal:   263061440 kB
VmallocUsed:      103936 kB
VmallocChunk:          0 kB
Percpu:             7648 kB
CmaTotal:         294912 kB
CmaFree:               0 kB
MemTotal:       12113132 kB
MemFree:         6356908 kB
MemAvailable:    7843660 kB
Buffers:            5776 kB
Cached:          1828264 kB
SwapCached:            0 kB
Active:          1520840 kB
Inactive:        1580876 kB
Active(anon):    1274096 kB
Inactive(anon):    25708 kB
Active(file):     246744 kB
Inactive(file):  1555168 kB
Unevictable:        5532 kB
Mlocked:            5532 kB
SwapTotal:       3145724 kB
SwapFree:        3145724 kB
Dirty:               296 kB
Writeback:             0 kB
AnonPages:       1273160 kB
Mapped:           857492 kB
Shmem:             27648 kB
KReclaimable:     553544 kB
Slab:             221464 kB
SReclaimable:      76212 kB
SUnreclaim:       145252 kB
KernelStack:       46784 kB
PageTables:        62724 kB
NFS_Unstable:          0 kB
Bounce:                0 kB
WritebackTmp:          0 kB
CommitLimit:     9202288 kB
Committed_AS:   65824992 kB
VmallocTotal:   263061440 kB
VmallocUsed:      103968 kB
VmallocChunk:          0 kB
Percpu:             7648 kB
CmaTotal:         294912 kB
CmaFree:               0 kB
MemTotal:       12113132 kB
MemFree:         6356964 kB
MemAvailable:    7843732 kB
Buffers:            5776 kB
Cached:          1828280 kB
SwapCached:            0 kB
Active:          1521336 kB
Inactive:        1580892 kB
Active(anon):    1274592 kB
Inactive(anon):    25708 kB
Active(file):     246744 kB
Inactive(file):  1555184 kB
Unevictable:        5532 kB
Mlocked:            5532 kB
SwapTotal:       3145724 kB
SwapFree:        3145724 kB
Dirty:               316 kB
Writeback:             0 kB
AnonPages:       1273660 kB
Mapped:           857492 kB
Shmem:             27648 kB
KReclaimable:     553544 kB
Slab:             221464 kB
SReclaimable:      76212 kB
SUnreclaim:       145252 kB
KernelStack:       46816 kB
PageTables:        62780 kB
NFS_Unstable:          0 kB
Bounce:                0 kB
WritebackTmp:          0 kB
CommitLimit:     9202288 kB
Committed_AS:   65828380 kB
VmallocTotal:   263061440 kB
VmallocUsed:      103952 kB
VmallocChunk:          0 kB
Percpu:             7648 kB
CmaTotal:         294912 kB
CmaFree:               0 kB
MemTotal:       12113132 kB
MemFree:         6355200 kB
MemAvailable:    7841988 kB
Buffers:            5776 kB
Cached:          1828300 kB
SwapCached:            0 kB
Active:          1522736 kB
Inactive:        1580912 kB
Active(anon):    1275992 kB
Inactive(anon):    25708 kB
Active(file):     246744 kB
Inactive(file):  1555204 kB
Unevictable:        5532 kB
Mlocked:            5532 kB
SwapTotal:       3145724 kB
SwapFree:        3145724 kB
Dirty:               376 kB
Writeback:             0 kB
AnonPages:       1275108 kB
Mapped:           857500 kB
Shmem:             27648 kB
KReclaimable:     553544 kB
Slab:             221464 kB
SReclaimable:      76212 kB
SUnreclaim:       145252 kB
KernelStack:       46784 kB
PageTables:        62728 kB
NFS_Unstable:          0 kB
Bounce:                0 kB
WritebackTmp:          0 kB
CommitLimit:     9202288 kB
Committed_AS:   65824488 kB
VmallocTotal:   263061440 kB
VmallocUsed:      103936 kB
VmallocChunk:          0 kB
Percpu:             7648 kB
CmaTotal:         294912 kB
CmaFree:               8 kB
MemTotal:       12113132 kB
MemFree:         6355300 kB
MemAvailable:    7842108 kB
Buffers:            5776 kB
Cached:          1828320 kB
SwapCached:            0 kB
Active:          1523228 kB
Inactive:        1580932 kB
Active(anon):    1276484 kB
Inactive(anon):    25708 kB
Active(file):     246744 kB
Inactive(file):  1555224 kB
Unevictable:        5532 kB
Mlocked:            5532 kB
SwapTotal:       3145724 kB
SwapFree:        3145724 kB
Dirty:               456 kB
Writeback:             0 kB
AnonPages:       1275548 kB
Mapped:           857496 kB
Shmem:             27648 kB
KReclaimable:     553544 kB
Slab:             221464 kB
SReclaimable:      76212 kB
SUnreclaim:       145252 kB
KernelStack:       46816 kB
PageTables:        62772 kB
NFS_Unstable:          0 kB
Bounce:                0 kB
WritebackTmp:          0 kB
CommitLimit:     9202288 kB
Committed_AS:   65830180 kB
VmallocTotal:   263061440 kB
VmallocUsed:      103968 kB
VmallocChunk:          0 kB
Percpu:             7648 kB
CmaTotal:         294912 kB
CmaFree:               0 kB
MemTotal:       12113132 kB
MemFree:         6355192 kB
MemAvailable:    7842004 kB
Buffers:            5776 kB
Cached:          1828324 kB
SwapCached:            0 kB
Active:          1523048 kB
Inactive:        1580936 kB
Active(anon):    1276304 kB
Inactive(anon):    25708 kB
Active(file):     246744 kB
Inactive(file):  1555228 kB
Unevictable:        5532 kB
Mlocked:            5532 kB
SwapTotal:       3145724 kB
SwapFree:        3145724 kB
Dirty:               460 kB
Writeback:             0 kB
AnonPages:       1275360 kB
Mapped:           857496 kB
Shmem:             27648 kB
KReclaimable:     553544 kB
Slab:             221464 kB
SReclaimable:      76212 kB
SUnreclaim:       145252 kB
KernelStack:       46784 kB
PageTables:        62724 kB
NFS_Unstable:          0 kB
Bounce:                0 kB
WritebackTmp:          0 kB
CommitLimit:     9202288 kB
Committed_AS:   65820096 kB
VmallocTotal:   263061440 kB
VmallocUsed:      103936 kB
VmallocChunk:          0 kB
Percpu:             7648 kB
CmaTotal:         294912 kB
CmaFree:               0 kB
MemTotal:       12113132 kB
MemFree:         6353948 kB
MemAvailable:    7840780 kB
Buffers:            5776 kB
Cached:          1828344 kB
SwapCached:            0 kB
Active:          1524452 kB
Inactive:        1580956 kB
Active(anon):    1277708 kB
Inactive(anon):    25708 kB
Active(file):     246744 kB
Inactive(file):  1555248 kB
Unevictable:        5532 kB
Mlocked:            5532 kB
SwapTotal:       3145724 kB
SwapFree:        3145724 kB
Dirty:               488 kB
Writeback:             0 kB
AnonPages:       1276844 kB
Mapped:           857488 kB
Shmem:             27648 kB
KReclaimable:     553544 kB
Slab:             221468 kB
SReclaimable:      76212 kB
SUnreclaim:       145256 kB
KernelStack:       46784 kB
PageTables:        62728 kB
NFS_Unstable:          0 kB
Bounce:                0 kB
WritebackTmp:          0 kB
CommitLimit:     9202288 kB
Committed_AS:   65829812 kB
VmallocTotal:   263061440 kB
VmallocUsed:      103952 kB
VmallocChunk:          0 kB
Percpu:             7648 kB
CmaTotal:         294912 kB
CmaFree:               0 kB
MemTotal:       12113132 kB
MemFree:         6352608 kB
MemAvailable:    7839448 kB
Buffers:            5776 kB
Cached:          1828352 kB
SwapCached:            0 kB
Active:          1525344 kB
Inactive:        1580964 kB
Active(anon):    1278600 kB
Inactive(anon):    25708 kB
Active(file):     246744 kB
Inactive(file):  1555256 kB
Unevictable:        5532 kB
Mlocked:            5532 kB
SwapTotal:       3145724 kB
SwapFree:        3145724 kB
Dirty:               524 kB
Writeback:             0 kB
AnonPages:       1277620 kB
Mapped:           857656 kB
Shmem:             27648 kB
KReclaimable:     553544 kB
Slab:             221460 kB
SReclaimable:      76212 kB
SUnreclaim:       145248 kB
KernelStack:       46784 kB
PageTables:        62728 kB
NFS_Unstable:          0 kB
Bounce:                0 kB
WritebackTmp:          0 kB
CommitLimit:     9202288 kB
Committed_AS:   65830620 kB
VmallocTotal:   263061440 kB
VmallocUsed:      103984 kB
VmallocChunk:          0 kB
Percpu:             7648 kB
CmaTotal:         294912 kB
CmaFree:               0 kB
MemTotal:       12113132 kB
MemFree:         6352516 kB
MemAvailable:    7839360 kB
Buffers:            5776 kB
Cached:          1828360 kB
SwapCached:            0 kB
Active:          1526240 kB
Inactive:        1580976 kB
Active(anon):    1279500 kB
Inactive(anon):    25712 kB
Active(file):     246740 kB
Inactive(file):  1555264 kB
Unevictable:        5532 kB
Mlocked:            5532 kB
SwapTotal:       3145724 kB
SwapFree:        3145724 kB
Dirty:               532 kB
Writeback:             0 kB
AnonPages:       1278860 kB
Mapped:           857800 kB
Shmem:             27652 kB
KReclaimable:     553544 kB
Slab:             221468 kB
SReclaimable:      76212 kB
SUnreclaim:       145256 kB
KernelStack:       46832 kB
PageTables:        62812 kB
NFS_Unstable:          0 kB
Bounce:                0 kB
WritebackTmp:          0 kB
CommitLimit:     9202288 kB
Committed_AS:   65826912 kB
VmallocTotal:   263061440 kB
VmallocUsed:      103968 kB
VmallocChunk:          0 kB
Percpu:             7648 kB
CmaTotal:         294912 kB
CmaFree:               0 kB
MemTotal:       12113132 kB
MemFree:         6354820 kB
MemAvailable:    7841696 kB
Buffers:            5780 kB
Cached:          1828392 kB
SwapCached:            0 kB
Active:          1523044 kB
Inactive:        1581000 kB
Active(anon):    1276292 kB
Inactive(anon):    25716 kB
Active(file):     246752 kB
Inactive(file):  1555284 kB
Unevictable:        5532 kB
Mlocked:            5532 kB
SwapTotal:       3145724 kB
SwapFree:        3145724 kB
Dirty:               536 kB
Writeback:             0 kB
AnonPages:       1275408 kB
Mapped:           857660 kB
Shmem:             27656 kB
KReclaimable:     553544 kB
Slab:             221468 kB
SReclaimable:      76212 kB
SUnreclaim:       145256 kB
KernelStack:       46784 kB
PageTables:        62724 kB
NFS_Unstable:          0 kB
Bounce:                0 kB
WritebackTmp:          0 kB
CommitLimit:     9202288 kB
Committed_AS:   65828136 kB
VmallocTotal:   263061440 kB
VmallocUsed:      103984 kB
VmallocChunk:          0 kB
Percpu:             7648 kB
CmaTotal:         294912 kB
CmaFree:               0 kB
MemTotal:       12113132 kB
MemFree:         6354464 kB
MemAvailable:    7841352 kB
Buffers:            5780 kB
Cached:          1828404 kB
SwapCached:            0 kB
Active:          1523676 kB
Inactive:        1581012 kB
Active(anon):    1276924 kB
Inactive(anon):    25716 kB
Active(file):     246752 kB
Inactive(file):  1555296 kB
Unevictable:        5532 kB
Mlocked:            5532 kB
SwapTotal:       3145724 kB
SwapFree:        3145724 kB
Dirty:               200 kB
Writeback:             0 kB
AnonPages:       1276092 kB
Mapped:           857808 kB
Shmem:             27656 kB
KReclaimable:     553544 kB
Slab:             221428 kB
SReclaimable:      76212 kB
SUnreclaim:       145216 kB
KernelStack:       46832 kB
PageTables:        62824 kB
NFS_Unstable:          0 kB
Bounce:                0 kB
WritebackTmp:          0 kB
CommitLimit:     9202288 kB
Committed_AS:   65819340 kB
VmallocTotal:   263061440 kB
VmallocUsed:      103952 kB
VmallocChunk:          0 kB
Percpu:             7648 kB
CmaTotal:         294912 kB
CmaFree:               0 kB
MemTotal:       12113132 kB
MemFree:         6353096 kB
MemAvailable:    7840004 kB
Buffers:            5780 kB
Cached:          1828424 kB
SwapCached:            0 kB
Active:          1524392 kB
Inactive:        1581032 kB
Active(anon):    1277640 kB
Inactive(anon):    25716 kB
Active(file):     246752 kB
Inactive(file):  1555316 kB
Unevictable:        5532 kB
Mlocked:            5532 kB
SwapTotal:       3145724 kB
SwapFree:        3145724 kB
Dirty:               296 kB
Writeback:             0 kB
AnonPages:       1276648 kB
Mapped:           857656 kB
Shmem:             27656 kB
KReclaimable:     553544 kB
Slab:             221420 kB
SReclaimable:      76212 kB
SUnreclaim:       145208 kB
KernelStack:       46800 kB
PageTables:        62776 kB
NFS_Unstable:          0 kB
Bounce:                0 kB
WritebackTmp:          0 kB
CommitLimit:     9202288 kB
Committed_AS:   65825112 kB
VmallocTotal:   263061440 kB
VmallocUsed:      103936 kB
VmallocChunk:          0 kB
Percpu:             7648 kB
CmaTotal:         294912 kB
CmaFree:               0 kB
MemTotal:       12113132 kB
MemFree:         6352828 kB
MemAvailable:    7839740 kB
Buffers:            5780 kB
Cached:          1828432 kB
SwapCached:            0 kB
Active:          1524860 kB
Inactive:        1581040 kB
Active(anon):    1278108 kB
Inactive(anon):    25720 kB
Active(file):     246752 kB
Inactive(file):  1555320 kB
Unevictable:        5532 kB
Mlocked:            5532 kB
SwapTotal:       3145724 kB
SwapFree:        3145724 kB
Dirty:               300 kB
Writeback:             0 kB
AnonPages:       1277384 kB
Mapped:           857664 kB
Shmem:             27660 kB
KReclaimable:     553544 kB
Slab:             221428 kB
SReclaimable:      76212 kB
SUnreclaim:       145216 kB
KernelStack:       46848 kB
PageTables:        62956 kB
NFS_Unstable:          0 kB
Bounce:                0 kB
WritebackTmp:          0 kB
CommitLimit:     9202288 kB
Committed_AS:   65819900 kB
VmallocTotal:   263061440 kB
VmallocUsed:      103904 kB
VmallocChunk:          0 kB
Percpu:             7648 kB
CmaTotal:         294912 kB
CmaFree:               0 kB
MemTotal:       12113132 kB
MemFree:         6352260 kB
MemAvailable:    7839188 kB
Buffers:            5780 kB
Cached:          1828448 kB
SwapCached:            0 kB
Active:          1526144 kB
Inactive:        1581056 kB
Active(anon):    1279392 kB
Inactive(anon):    25720 kB
Active(file):     246752 kB
Inactive(file):  1555336 kB
Unevictable:        5532 kB
Mlocked:            5532 kB
SwapTotal:       3145724 kB
SwapFree:        3145724 kB
Dirty:               348 kB
Writeback:             0 kB
AnonPages:       1278524 kB
Mapped:           857660 kB
Shmem:             27660 kB
KReclaimable:     553544 kB
Slab:             221428 kB
SReclaimable:      76212 kB
SUnreclaim:       145216 kB
KernelStack:       46800 kB
PageTables:        62852 kB
NFS_Unstable:          0 kB
Bounce:                0 kB
WritebackTmp:          0 kB
CommitLimit:     9202288 kB
Committed_AS:   65818836 kB
VmallocTotal:   263061440 kB
VmallocUsed:      103952 kB
VmallocChunk:          0 kB
Percpu:             7648 kB
CmaTotal:         294912 kB
CmaFree:               0 kB
MemTotal:       12113132 kB
MemFree:         6351300 kB
MemAvailable:    7838240 kB
Buffers:            5780 kB
Cached:          1828460 kB
SwapCached:            0 kB
Active:          1526964 kB
Inactive:        1581068 kB
Active(anon):    1280212 kB
Inactive(anon):    25720 kB
Active(file):     246752 kB
Inactive(file):  1555348 kB
Unevictable:        5532 kB
Mlocked:            5532 kB
SwapTotal:       3145724 kB
SwapFree:        3145724 kB
Dirty:               364 kB
Writeback:             0 kB
AnonPages:       1279272 kB
Mapped:           857664 kB
Shmem:             27660 kB
KReclaimable:     553544 kB
Slab:             221428 kB
SReclaimable:      76212 kB
SUnreclaim:       145216 kB
KernelStack:       46832 kB
PageTables:        62800 kB
NFS_Unstable:          0 kB
Bounce:                0 kB
WritebackTmp:          0 kB
CommitLimit:     9202288 kB
Committed_AS:   65823716 kB
VmallocTotal:   263061440 kB
VmallocUsed:      103984 kB
VmallocChunk:          0 kB
Percpu:             7648 kB
CmaTotal:         294912 kB
CmaFree:               0 kB
MemTotal:       12113132 kB
MemFree:         6362984 kB
MemAvailable:    7849936 kB
Buffers:            5780 kB
Cached:          1828472 kB
SwapCached:            0 kB
Active:          1513988 kB
Inactive:        1581080 kB
Active(anon):    1267236 kB
Inactive(anon):    25720 kB
Active(file):     246752 kB
Inactive(file):  1555360 kB
Unevictable:        5532 kB
Mlocked:            5532 kB
SwapTotal:       3145724 kB
SwapFree:        3145724 kB
Dirty:               212 kB
Writeback:             0 kB
AnonPages:       1266520 kB
Mapped:           857688 kB
Shmem:             27660 kB
KReclaimable:     553544 kB
Slab:             221428 kB
SReclaimable:      76212 kB
SUnreclaim:       145216 kB
KernelStack:       46832 kB
PageTables:        62756 kB
NFS_Unstable:          0 kB
Bounce:                0 kB
WritebackTmp:          0 kB
CommitLimit:     9202288 kB
Committed_AS:   65819568 kB
VmallocTotal:   263061440 kB
VmallocUsed:      103952 kB
VmallocChunk:          0 kB
Percpu:             7648 kB
CmaTotal:         294912 kB
CmaFree:               0 kB
MemTotal:       12113132 kB
MemFree:         6351980 kB
MemAvailable:    7838944 kB
Buffers:            5780 kB
Cached:          1828484 kB
SwapCached:            0 kB
Active:          1527488 kB
Inactive:        1581092 kB
Active(anon):    1280736 kB
Inactive(anon):    25720 kB
Active(file):     246752 kB
Inactive(file):  1555372 kB
Unevictable:        5532 kB
Mlocked:            5532 kB
SwapTotal:       3145724 kB
SwapFree:        3145724 kB
Dirty:               288 kB
Writeback:             0 kB
AnonPages:       1279964 kB
Mapped:           857736 kB
Shmem:             27660 kB
KReclaimable:     553544 kB
Slab:             221420 kB
SReclaimable:      76212 kB
SUnreclaim:       145208 kB
KernelStack:       46848 kB
PageTables:        62772 kB
NFS_Unstable:          0 kB
Bounce:                0 kB
WritebackTmp:          0 kB
CommitLimit:     9202288 kB
Committed_AS:   65818044 kB
VmallocTotal:   263061440 kB
VmallocUsed:      103920 kB
VmallocChunk:          0 kB
Percpu:             7648 kB
CmaTotal:         294912 kB
CmaFree:               0 kB
MemTotal:       12113132 kB
MemFree:         6336304 kB
MemAvailable:    7823276 kB
Buffers:            5780 kB
Cached:          1828492 kB
SwapCached:            0 kB
Active:          1542884 kB
Inactive:        1581104 kB
Active(anon):    1296136 kB
Inactive(anon):    25720 kB
Active(file):     246748 kB
Inactive(file):  1555384 kB
Unevictable:        5532 kB
Mlocked:            5532 kB
SwapTotal:       3145724 kB
SwapFree:        3145724 kB
Dirty:               312 kB
Writeback:             0 kB
AnonPages:       1295256 kB
Mapped:           857660 kB
Shmem:             27660 kB
KReclaimable:     553544 kB
Slab:             221428 kB
SReclaimable:      76212 kB
SUnreclaim:       145216 kB
KernelStack:       46784 kB
PageTables:        62688 kB
NFS_Unstable:          0 kB
Bounce:                0 kB
WritebackTmp:          0 kB
CommitLimit:     9202288 kB
Committed_AS:   65813904 kB
VmallocTotal:   263061440 kB
VmallocUsed:      103936 kB
VmallocChunk:          0 kB
Percpu:             7648 kB
CmaTotal:         294912 kB
CmaFree:               0 kB
MemTotal:       12113132 kB
MemFree:         6327896 kB
MemAvailable:    7814900 kB
Buffers:            5780 kB
Cached:          1828520 kB
SwapCached:            0 kB
Active:          1551472 kB
Inactive:        1581132 kB
Active(anon):    1304724 kB
Inactive(anon):    25720 kB
Active(file):     246748 kB
Inactive(file):  1555412 kB
Unevictable:        5532 kB
Mlocked:            5532 kB
SwapTotal:       3145724 kB
SwapFree:        3145724 kB
Dirty:               364 kB
Writeback:             0 kB
AnonPages:       1303848 kB
Mapped:           857664 kB
Shmem:             27660 kB
KReclaimable:     553548 kB
Slab:             221432 kB
SReclaimable:      76216 kB
SUnreclaim:       145216 kB
KernelStack:       46784 kB
PageTables:        62728 kB
NFS_Unstable:          0 kB
Bounce:                0 kB
WritebackTmp:          0 kB
CommitLimit:     9202288 kB
Committed_AS:   65819348 kB
VmallocTotal:   263061440 kB
VmallocUsed:      103952 kB
VmallocChunk:          0 kB
Percpu:             7648 kB
CmaTotal:         294912 kB
CmaFree:               0 kB
MemTotal:       12113132 kB
MemFree:         6325948 kB
MemAvailable:    7812960 kB
Buffers:            5780 kB
Cached:          1828528 kB
SwapCached:            0 kB
Active:          1552484 kB
Inactive:        1581136 kB
Active(anon):    1305732 kB
Inactive(anon):    25720 kB
Active(file):     246752 kB
Inactive(file):  1555416 kB
Unevictable:        5532 kB
Mlocked:            5532 kB
SwapTotal:       3145724 kB
SwapFree:        3145724 kB
Dirty:               384 kB
Writeback:             0 kB
AnonPages:       1305060 kB
Mapped:           857748 kB
Shmem:             27660 kB
KReclaimable:     553548 kB
Slab:             221424 kB
SReclaimable:      76216 kB
SUnreclaim:       145208 kB
KernelStack:       46784 kB
PageTables:        62644 kB
NFS_Unstable:          0 kB
Bounce:                0 kB
WritebackTmp:          0 kB
CommitLimit:     9202288 kB
Committed_AS:   65816688 kB
VmallocTotal:   263061440 kB
VmallocUsed:      103936 kB
VmallocChunk:          0 kB
Percpu:             7648 kB
CmaTotal:         294912 kB
CmaFree:               8 kB
MemTotal:       12113132 kB
MemFree:         6324412 kB
MemAvailable:    7811460 kB
Buffers:            5780 kB
Cached:          1828564 kB
SwapCached:            0 kB
Active:          1553268 kB
Inactive:        1581168 kB
Active(anon):    1306512 kB
Inactive(anon):    25720 kB
Active(file):     246756 kB
Inactive(file):  1555448 kB
Unevictable:        5532 kB
Mlocked:            5532 kB
SwapTotal:       3145724 kB
SwapFree:        3145724 kB
Dirty:               400 kB
Writeback:             0 kB
AnonPages:       1305848 kB
Mapped:           857944 kB
Shmem:             27660 kB
KReclaimable:     553548 kB
Slab:             221432 kB
SReclaimable:      76216 kB
SUnreclaim:       145216 kB
KernelStack:       46764 kB
PageTables:        62660 kB
NFS_Unstable:          0 kB
Bounce:                0 kB
WritebackTmp:          0 kB
CommitLimit:     9202288 kB
Committed_AS:   65813696 kB
VmallocTotal:   263061440 kB
VmallocUsed:      103856 kB
VmallocChunk:          0 kB
Percpu:             7648 kB
CmaTotal:         294912 kB
CmaFree:               0 kB
MemTotal:       12113132 kB
MemFree:         6322928 kB
MemAvailable:    7809960 kB
Buffers:            5780 kB
Cached:          1828548 kB
SwapCached:            0 kB
Active:          1554396 kB
Inactive:        1581156 kB
Active(anon):    1307644 kB
Inactive(anon):    25720 kB
Active(file):     246752 kB
Inactive(file):  1555436 kB
Unevictable:        5532 kB
Mlocked:            5532 kB
SwapTotal:       3145724 kB
SwapFree:        3145724 kB
Dirty:               408 kB
Writeback:             0 kB
AnonPages:       1306692 kB
Mapped:           857668 kB
Shmem:             27660 kB
KReclaimable:     553548 kB
Slab:             221424 kB
SReclaimable:      76216 kB
SUnreclaim:       145208 kB
KernelStack:       46784 kB
PageTables:        62724 kB
NFS_Unstable:          0 kB
Bounce:                0 kB
WritebackTmp:          0 kB
CommitLimit:     9202288 kB
Committed_AS:   65819208 kB
VmallocTotal:   263061440 kB
VmallocUsed:      103952 kB
VmallocChunk:          0 kB
Percpu:             7648 kB
CmaTotal:         294912 kB
CmaFree:               0 kB
MemTotal:       12113132 kB
MemFree:         6360908 kB
MemAvailable:    7847956 kB
Buffers:            5780 kB
Cached:          1828564 kB
SwapCached:            0 kB
Active:          1514784 kB
Inactive:        1581172 kB
Active(anon):    1268032 kB
Inactive(anon):    25720 kB
Active(file):     246752 kB
Inactive(file):  1555452 kB
Unevictable:        5532 kB
Mlocked:            5532 kB
SwapTotal:       3145724 kB
SwapFree:        3145724 kB
Dirty:               440 kB
Writeback:             0 kB
AnonPages:       1267192 kB
Mapped:           857660 kB
Shmem:             27660 kB
KReclaimable:     553548 kB
Slab:             221440 kB
SReclaimable:      76216 kB
SUnreclaim:       145224 kB
KernelStack:       46784 kB
PageTables:        62724 kB
NFS_Unstable:          0 kB
Bounce:                0 kB
WritebackTmp:          0 kB
CommitLimit:     9202288 kB
Committed_AS:   65824528 kB
VmallocTotal:   263061440 kB
VmallocUsed:      103984 kB
VmallocChunk:          0 kB
Percpu:             7648 kB
CmaTotal:         294912 kB
CmaFree:               0 kB
MemTotal:       12113132 kB
MemFree:         6360948 kB
MemAvailable:    7848008 kB
Buffers:            5780 kB
Cached:          1828576 kB
SwapCached:            0 kB
Active:          1515820 kB
Inactive:        1581184 kB
Active(anon):    1269068 kB
Inactive(anon):    25720 kB
Active(file):     246752 kB
Inactive(file):  1555464 kB
Unevictable:        5532 kB
Mlocked:            5532 kB
SwapTotal:       3145724 kB
SwapFree:        3145724 kB
Dirty:               472 kB
Writeback:             0 kB
AnonPages:       1267824 kB
Mapped:           857664 kB
Shmem:             27660 kB
KReclaimable:     553548 kB
Slab:             221440 kB
SReclaimable:      76216 kB
SUnreclaim:       145224 kB
KernelStack:       46784 kB
PageTables:        62724 kB
NFS_Unstable:          0 kB
Bounce:                0 kB
WritebackTmp:          0 kB
CommitLimit:     9202288 kB
Committed_AS:   65812892 kB
VmallocTotal:   263061440 kB
VmallocUsed:      103904 kB
VmallocChunk:          0 kB
Percpu:             7648 kB
CmaTotal:         294912 kB
CmaFree:               0 kB
MemTotal:       12113132 kB
MemFree:         6361612 kB
MemAvailable:    7848712 kB
Buffers:            5788 kB
Cached:          1828608 kB
SwapCached:            0 kB
Active:          1516452 kB
Inactive:        1581216 kB
Active(anon):    1269692 kB
Inactive(anon):    25720 kB
Active(file):     246760 kB
Inactive(file):  1555496 kB
Unevictable:        5532 kB
Mlocked:            5532 kB
SwapTotal:       3145724 kB
SwapFree:        3145724 kB
Dirty:               464 kB
Writeback:             0 kB
AnonPages:       1268832 kB
Mapped:           857664 kB
Shmem:             27660 kB
KReclaimable:     553548 kB
Slab:             221440 kB
SReclaimable:      76216 kB
SUnreclaim:       145224 kB
KernelStack:       46768 kB
PageTables:        62788 kB
NFS_Unstable:          0 kB
Bounce:                0 kB
WritebackTmp:          0 kB
CommitLimit:     9202288 kB
Committed_AS:   65819500 kB
VmallocTotal:   263061440 kB
VmallocUsed:      103920 kB
VmallocChunk:          0 kB
Percpu:             7648 kB
CmaTotal:         294912 kB
CmaFree:               0 kB
MemTotal:       12113132 kB
MemFree:         6362608 kB
MemAvailable:    7849716 kB
Buffers:            5788 kB
Cached:          1828616 kB
SwapCached:            0 kB
Active:          1514116 kB
Inactive:        1581224 kB
Active(anon):    1267356 kB
Inactive(anon):    25720 kB
Active(file):     246760 kB
Inactive(file):  1555504 kB
Unevictable:        5532 kB
Mlocked:            5532 kB
SwapTotal:       3145724 kB
SwapFree:        3145724 kB
Dirty:               196 kB
Writeback:             0 kB
AnonPages:       1266436 kB
Mapped:           857668 kB
Shmem:             27660 kB
KReclaimable:     553548 kB
Slab:             221440 kB
SReclaimable:      76216 kB
SUnreclaim:       145224 kB
KernelStack:       46784 kB
PageTables:        62724 kB
NFS_Unstable:          0 kB
Bounce:                0 kB
WritebackTmp:          0 kB
CommitLimit:     9202288 kB
Committed_AS:   65823792 kB
VmallocTotal:   263061440 kB
VmallocUsed:      103952 kB
VmallocChunk:          0 kB
Percpu:             7648 kB
CmaTotal:         294912 kB
CmaFree:               0 kB
MemTotal:       12113132 kB
MemFree:         6363980 kB
MemAvailable:    7851100 kB
Buffers:            5788 kB
Cached:          1828628 kB
SwapCached:            0 kB
Active:          1514524 kB
Inactive:        1581236 kB
Active(anon):    1267764 kB
Inactive(anon):    25720 kB
Active(file):     246760 kB
Inactive(file):  1555516 kB
Unevictable:        5532 kB
Mlocked:            5532 kB
SwapTotal:       3145724 kB
SwapFree:        3145724 kB
Dirty:               264 kB
Writeback:             0 kB
AnonPages:       1266836 kB
Mapped:           857772 kB
Shmem:             27660 kB
KReclaimable:     553548 kB
Slab:             221440 kB
SReclaimable:      76216 kB
SUnreclaim:       145224 kB
KernelStack:       46736 kB
PageTables:        62812 kB
NFS_Unstable:          0 kB
Bounce:                0 kB
WritebackTmp:          0 kB
CommitLimit:     9202288 kB
Committed_AS:   65819376 kB
VmallocTotal:   263061440 kB
VmallocUsed:      103904 kB
VmallocChunk:          0 kB
Percpu:             7648 kB
CmaTotal:         294912 kB
CmaFree:               0 kB
MemTotal:       12113132 kB
MemFree:         6363484 kB
MemAvailable:    7850616 kB
Buffers:            5788 kB
Cached:          1828640 kB
SwapCached:            0 kB
Active:          1515548 kB
Inactive:        1581248 kB
Active(anon):    1268788 kB
Inactive(anon):    25720 kB
Active(file):     246760 kB
Inactive(file):  1555528 kB
Unevictable:        5532 kB
Mlocked:            5532 kB
SwapTotal:       3145724 kB
SwapFree:        3145724 kB
Dirty:               276 kB
Writeback:             0 kB
AnonPages:       1267712 kB
Mapped:           857680 kB
Shmem:             27660 kB
KReclaimable:     553548 kB
Slab:             221440 kB
SReclaimable:      76216 kB
SUnreclaim:       145224 kB
KernelStack:       46672 kB
PageTables:        62616 kB
NFS_Unstable:          0 kB
Bounce:                0 kB
WritebackTmp:          0 kB
CommitLimit:     9202288 kB
Committed_AS:   65819744 kB
VmallocTotal:   263061440 kB
VmallocUsed:      103872 kB
VmallocChunk:          0 kB
Percpu:             7648 kB
CmaTotal:         294912 kB
CmaFree:               0 kB
MemTotal:       12113132 kB
MemFree:         6362332 kB
MemAvailable:    7849476 kB
Buffers:            5788 kB
Cached:          1828652 kB
SwapCached:            0 kB
Active:          1516296 kB
Inactive:        1581260 kB
Active(anon):    1269536 kB
Inactive(anon):    25720 kB
Active(file):     246760 kB
Inactive(file):  1555540 kB
Unevictable:        5532 kB
Mlocked:            5532 kB
SwapTotal:       3145724 kB
SwapFree:        3145724 kB
Dirty:               324 kB
Writeback:             0 kB
AnonPages:       1268688 kB
Mapped:           857668 kB
Shmem:             27660 kB
KReclaimable:     553548 kB
Slab:             221440 kB
SReclaimable:      76216 kB
SUnreclaim:       145224 kB
KernelStack:       46752 kB
PageTables:        62724 kB
NFS_Unstable:          0 kB
Bounce:                0 kB
WritebackTmp:          0 kB
CommitLimit:     9202288 kB
Committed_AS:   65814908 kB
VmallocTotal:   263061440 kB
VmallocUsed:      103872 kB
VmallocChunk:          0 kB
Percpu:             7648 kB
CmaTotal:         294912 kB
CmaFree:               0 kB
MemTotal:       12113132 kB
MemFree:         6361716 kB
MemAvailable:    7848876 kB
Buffers:            5788 kB
Cached:          1828668 kB
SwapCached:            0 kB
Active:          1517124 kB
Inactive:        1581276 kB
Active(anon):    1270364 kB
Inactive(anon):    25720 kB
Active(file):     246760 kB
Inactive(file):  1555556 kB
Unevictable:        5532 kB
Mlocked:            5532 kB
SwapTotal:       3145724 kB
SwapFree:        3145724 kB
Dirty:               344 kB
Writeback:             0 kB
AnonPages:       1269476 kB
Mapped:           857664 kB
Shmem:             27660 kB
KReclaimable:     553548 kB
Slab:             221440 kB
SReclaimable:      76216 kB
SUnreclaim:       145224 kB
KernelStack:       46800 kB
PageTables:        62820 kB
NFS_Unstable:          0 kB
Bounce:                0 kB
WritebackTmp:          0 kB
CommitLimit:     9202288 kB
Committed_AS:   65818000 kB
VmallocTotal:   263061440 kB
VmallocUsed:      103856 kB
VmallocChunk:          0 kB
Percpu:             7648 kB
CmaTotal:         294912 kB
CmaFree:               0 kB
MemTotal:       12113132 kB
MemFree:         6360300 kB
MemAvailable:    7847464 kB
Buffers:            5788 kB
Cached:          1828672 kB
SwapCached:            0 kB
Active:          1517660 kB
Inactive:        1581280 kB
Active(anon):    1270900 kB
Inactive(anon):    25720 kB
Active(file):     246760 kB
Inactive(file):  1555560 kB
Unevictable:        5532 kB
Mlocked:            5532 kB
SwapTotal:       3145724 kB
SwapFree:        3145724 kB
Dirty:               348 kB
Writeback:             0 kB
AnonPages:       1270072 kB
Mapped:           857664 kB
Shmem:             27660 kB
KReclaimable:     553548 kB
Slab:             221440 kB
SReclaimable:      76216 kB
SUnreclaim:       145224 kB
KernelStack:       46752 kB
PageTables:        62724 kB
NFS_Unstable:          0 kB
Bounce:                0 kB
WritebackTmp:          0 kB
CommitLimit:     9202288 kB
Committed_AS:   65820088 kB
VmallocTotal:   263061440 kB
VmallocUsed:      103856 kB
VmallocChunk:          0 kB
Percpu:             7648 kB
CmaTotal:         294912 kB
CmaFree:               0 kB
MemTotal:       12113132 kB
MemFree:         6360216 kB
MemAvailable:    7847400 kB
Buffers:            5788 kB
Cached:          1828700 kB
SwapCached:            0 kB
Active:          1517852 kB
Inactive:        1581308 kB
Active(anon):    1271092 kB
Inactive(anon):    25728 kB
Active(file):     246760 kB
Inactive(file):  1555580 kB
Unevictable:        5532 kB
Mlocked:            5532 kB
SwapTotal:       3145724 kB
SwapFree:        3145724 kB
Dirty:               380 kB
Writeback:             0 kB
AnonPages:       1270120 kB
Mapped:           857672 kB
Shmem:             27668 kB
KReclaimable:     553548 kB
Slab:             221440 kB
SReclaimable:      76216 kB
SUnreclaim:       145224 kB
KernelStack:       46784 kB
PageTables:        62780 kB
NFS_Unstable:          0 kB
Bounce:                0 kB
WritebackTmp:          0 kB
CommitLimit:     9202288 kB
Committed_AS:   65818832 kB
VmallocTotal:   263061440 kB
VmallocUsed:      103856 kB
VmallocChunk:          0 kB
Percpu:             7648 kB
CmaTotal:         294912 kB
CmaFree:               0 kB
MemTotal:       12113132 kB
MemFree:         6359372 kB
MemAvailable:    7846568 kB
Buffers:            5788 kB
Cached:          1828712 kB
SwapCached:            0 kB
Active:          1518048 kB
Inactive:        1581320 kB
Active(anon):    1271288 kB
Inactive(anon):    25728 kB
Active(file):     246760 kB
Inactive(file):  1555592 kB
Unevictable:        5532 kB
Mlocked:            5532 kB
SwapTotal:       3145724 kB
SwapFree:        3145724 kB
Dirty:               396 kB
Writeback:             0 kB
AnonPages:       1270432 kB
Mapped:           857676 kB
Shmem:             27668 kB
KReclaimable:     553548 kB
Slab:             221440 kB
SReclaimable:      76216 kB
SUnreclaim:       145224 kB
KernelStack:       46768 kB
PageTables:        62708 kB
NFS_Unstable:          0 kB
Bounce:                0 kB
WritebackTmp:          0 kB
CommitLimit:     9202288 kB
Committed_AS:   65818920 kB
VmallocTotal:   263061440 kB
VmallocUsed:      103856 kB
VmallocChunk:          0 kB
Percpu:             7648 kB
CmaTotal:         294912 kB
CmaFree:               0 kB
MemTotal:       12113132 kB
MemFree:         6359684 kB
MemAvailable:    7846912 kB
Buffers:            5788 kB
Cached:          1828744 kB
SwapCached:            0 kB
Active:          1518588 kB
Inactive:        1581352 kB
Active(anon):    1271828 kB
Inactive(anon):    25728 kB
Active(file):     246760 kB
Inactive(file):  1555624 kB
Unevictable:        5532 kB
Mlocked:            5532 kB
SwapTotal:       3145724 kB
SwapFree:        3145724 kB
Dirty:               440 kB
Writeback:             0 kB
AnonPages:       1270932 kB
Mapped:           857672 kB
Shmem:             27668 kB
KReclaimable:     553548 kB
Slab:             221440 kB
SReclaimable:      76216 kB
SUnreclaim:       145224 kB
KernelStack:       46752 kB
PageTables:        62740 kB
NFS_Unstable:          0 kB
Bounce:                0 kB
WritebackTmp:          0 kB
CommitLimit:     9202288 kB
Committed_AS:   65820564 kB
VmallocTotal:   263061440 kB
VmallocUsed:      103872 kB
VmallocChunk:          0 kB
Percpu:             7648 kB
CmaTotal:         294912 kB
CmaFree:               0 kB
MemTotal:       12113132 kB
MemFree:         6358500 kB
MemAvailable:    7845736 kB
Buffers:            5788 kB
Cached:          1828752 kB
SwapCached:            0 kB
Active:          1519604 kB
Inactive:        1581360 kB
Active(anon):    1272844 kB
Inactive(anon):    25728 kB
Active(file):     246760 kB
Inactive(file):  1555632 kB
Unevictable:        5532 kB
Mlocked:            5532 kB
SwapTotal:       3145724 kB
SwapFree:        3145724 kB
Dirty:               460 kB
Writeback:             0 kB
AnonPages:       1271936 kB
Mapped:           857824 kB
Shmem:             27668 kB
KReclaimable:     553548 kB
Slab:             221440 kB
SReclaimable:      76216 kB
SUnreclaim:       145224 kB
KernelStack:       46800 kB
PageTables:        62824 kB
NFS_Unstable:          0 kB
Bounce:                0 kB
WritebackTmp:          0 kB
CommitLimit:     9202288 kB
Committed_AS:   65821920 kB
VmallocTotal:   263061440 kB
VmallocUsed:      103904 kB
VmallocChunk:          0 kB
Percpu:             7648 kB
CmaTotal:         294912 kB
CmaFree:               0 kB
MemTotal:       12113132 kB
MemFree:         6357576 kB
MemAvailable:    7844828 kB
Buffers:            5788 kB
Cached:          1828768 kB
SwapCached:            0 kB
Active:          1520172 kB
Inactive:        1581376 kB
Active(anon):    1273412 kB
Inactive(anon):    25728 kB
Active(file):     246760 kB
Inactive(file):  1555648 kB
Unevictable:        5532 kB
Mlocked:            5532 kB
SwapTotal:       3145724 kB
SwapFree:        3145724 kB
Dirty:               492 kB
Writeback:             0 kB
AnonPages:       1272552 kB
Mapped:           857676 kB
Shmem:             27668 kB
KReclaimable:     553548 kB
Slab:             221440 kB
SReclaimable:      76216 kB
SUnreclaim:       145224 kB
KernelStack:       46784 kB
PageTables:        62972 kB
NFS_Unstable:          0 kB
Bounce:                0 kB
WritebackTmp:          0 kB
CommitLimit:     9202288 kB
Committed_AS:   65817164 kB
VmallocTotal:   263061440 kB
VmallocUsed:      103872 kB
VmallocChunk:          0 kB
Percpu:             7648 kB
CmaTotal:         294912 kB
CmaFree:               0 kB
MemTotal:       12113132 kB
MemFree:         6356860 kB
MemAvailable:    7844120 kB
Buffers:            5788 kB
Cached:          1828776 kB
SwapCached:            0 kB
Active:          1520692 kB
Inactive:        1581384 kB
Active(anon):    1273932 kB
Inactive(anon):    25728 kB
Active(file):     246760 kB
Inactive(file):  1555656 kB
Unevictable:        5532 kB
Mlocked:            5532 kB
SwapTotal:       3145724 kB
SwapFree:        3145724 kB
Dirty:               504 kB
Writeback:             0 kB
AnonPages:       1272960 kB
Mapped:           857672 kB
Shmem:             27668 kB
KReclaimable:     553548 kB
Slab:             221440 kB
SReclaimable:      76216 kB
SUnreclaim:       145224 kB
KernelStack:       46800 kB
PageTables:        62784 kB
NFS_Unstable:          0 kB
Bounce:                0 kB
WritebackTmp:          0 kB
CommitLimit:     9202288 kB
Committed_AS:   65827372 kB
VmallocTotal:   263061440 kB
VmallocUsed:      103920 kB
VmallocChunk:          0 kB
Percpu:             7648 kB
CmaTotal:         294912 kB
CmaFree:               0 kB
MemTotal:       12113132 kB
MemFree:         6358112 kB
MemAvailable:    7845376 kB
Buffers:            5788 kB
Cached:          1828780 kB
SwapCached:            0 kB
Active:          1520816 kB
Inactive:        1581388 kB
Active(anon):    1274056 kB
Inactive(anon):    25728 kB
Active(file):     246760 kB
Inactive(file):  1555660 kB
Unevictable:        5532 kB
Mlocked:            5532 kB
SwapTotal:       3145724 kB
SwapFree:        3145724 kB
Dirty:               520 kB
Writeback:             0 kB
AnonPages:       1273080 kB
Mapped:           857680 kB
Shmem:             27668 kB
KReclaimable:     553548 kB
Slab:             221440 kB
SReclaimable:      76216 kB
SUnreclaim:       145224 kB
KernelStack:       46768 kB
PageTables:        62696 kB
NFS_Unstable:          0 kB
Bounce:                0 kB
WritebackTmp:          0 kB
CommitLimit:     9202288 kB
Committed_AS:   65818308 kB
VmallocTotal:   263061440 kB
VmallocUsed:      103936 kB
VmallocChunk:          0 kB
Percpu:             7648 kB
CmaTotal:         294912 kB
CmaFree:               0 kB
MemTotal:       12113132 kB
MemFree:         6357016 kB
MemAvailable:    7844300 kB
Buffers:            5788 kB
Cached:          1828800 kB
SwapCached:            0 kB
Active:          1521040 kB
Inactive:        1581408 kB
Active(anon):    1274280 kB
Inactive(anon):    25728 kB
Active(file):     246760 kB
Inactive(file):  1555680 kB
Unevictable:        5532 kB
Mlocked:            5532 kB
SwapTotal:       3145724 kB
SwapFree:        3145724 kB
Dirty:               544 kB
Writeback:             0 kB
AnonPages:       1273488 kB
Mapped:           857672 kB
Shmem:             27668 kB
KReclaimable:     553548 kB
Slab:             221440 kB
SReclaimable:      76216 kB
SUnreclaim:       145224 kB
KernelStack:       46752 kB
PageTables:        62724 kB
NFS_Unstable:          0 kB
Bounce:                0 kB
WritebackTmp:          0 kB
CommitLimit:     9202288 kB
Committed_AS:   65822336 kB
VmallocTotal:   263061440 kB
VmallocUsed:      103936 kB
VmallocChunk:          0 kB
Percpu:             7648 kB
CmaTotal:         294912 kB
CmaFree:               0 kB
MemTotal:       12113132 kB
MemFree:         6355264 kB
MemAvailable:    7842572 kB
Buffers:            5792 kB
Cached:          1828820 kB
SwapCached:            0 kB
Active:          1521696 kB
Inactive:        1581428 kB
Active(anon):    1274932 kB
Inactive(anon):    25728 kB
Active(file):     246764 kB
Inactive(file):  1555700 kB
Unevictable:        5532 kB
Mlocked:            5532 kB
SwapTotal:       3145724 kB
SwapFree:        3145724 kB
Dirty:               540 kB
Writeback:             0 kB
AnonPages:       1274044 kB
Mapped:           857672 kB
Shmem:             27668 kB
KReclaimable:     553548 kB
Slab:             221440 kB
SReclaimable:      76216 kB
SUnreclaim:       145224 kB
KernelStack:       46768 kB
PageTables:        62720 kB
NFS_Unstable:          0 kB
Bounce:                0 kB
WritebackTmp:          0 kB
CommitLimit:     9202288 kB
Committed_AS:   65827132 kB
VmallocTotal:   263061440 kB
VmallocUsed:      103936 kB
VmallocChunk:          0 kB
Percpu:             7648 kB
CmaTotal:         294912 kB
CmaFree:               0 kB
MemTotal:       12113132 kB
MemFree:         6356420 kB
MemAvailable:    7843752 kB
Buffers:            5792 kB
Cached:          1828844 kB
SwapCached:            0 kB
Active:          1522628 kB
Inactive:        1581452 kB
Active(anon):    1275864 kB
Inactive(anon):    25728 kB
Active(file):     246764 kB
Inactive(file):  1555724 kB
Unevictable:        5532 kB
Mlocked:            5532 kB
SwapTotal:       3145724 kB
SwapFree:        3145724 kB
Dirty:               196 kB
Writeback:           120 kB
AnonPages:       1274888 kB
Mapped:           857780 kB
Shmem:             27668 kB
KReclaimable:     553548 kB
Slab:             221440 kB
SReclaimable:      76216 kB
SUnreclaim:       145224 kB
KernelStack:       46800 kB
PageTables:        62824 kB
NFS_Unstable:          0 kB
Bounce:                0 kB
WritebackTmp:          0 kB
CommitLimit:     9202288 kB
Committed_AS:   65827512 kB
VmallocTotal:   263061440 kB
VmallocUsed:      103920 kB
VmallocChunk:          0 kB
Percpu:             7648 kB
CmaTotal:         294912 kB
CmaFree:               0 kB
MemTotal:       12113132 kB
MemFree:         6355540 kB
MemAvailable:    7842880 kB
Buffers:            5792 kB
Cached:          1828852 kB
SwapCached:            0 kB
Active:          1521420 kB
Inactive:        1581460 kB
Active(anon):    1274656 kB
Inactive(anon):    25728 kB
Active(file):     246764 kB
Inactive(file):  1555732 kB
Unevictable:        5532 kB
Mlocked:            5532 kB
SwapTotal:       3145724 kB
SwapFree:        3145724 kB
Dirty:               288 kB
Writeback:             0 kB
AnonPages:       1273668 kB
Mapped:           857668 kB
Shmem:             27668 kB
KReclaimable:     553548 kB
Slab:             221440 kB
SReclaimable:      76216 kB
SUnreclaim:       145224 kB
KernelStack:       46752 kB
PageTables:        62724 kB
NFS_Unstable:          0 kB
Bounce:                0 kB
WritebackTmp:          0 kB
CommitLimit:     9202288 kB
Committed_AS:   65826932 kB
VmallocTotal:   263061440 kB
VmallocUsed:      103920 kB
VmallocChunk:          0 kB
Percpu:             7648 kB
CmaTotal:         294912 kB
CmaFree:               0 kB
MemTotal:       12113132 kB
MemFree:         6355936 kB
MemAvailable:    7843276 kB
Buffers:            5792 kB
Cached:          1828852 kB
SwapCached:            0 kB
Active:          1522268 kB
Inactive:        1581460 kB
Active(anon):    1275504 kB
Inactive(anon):    25728 kB
Active(file):     246764 kB
Inactive(file):  1555732 kB
Unevictable:        5532 kB
Mlocked:            5532 kB
SwapTotal:       3145724 kB
SwapFree:        3145724 kB
Dirty:               288 kB
Writeback:             0 kB
AnonPages:       1274344 kB
Mapped:           857844 kB
Shmem:             27668 kB
KReclaimable:     553548 kB
Slab:             221440 kB
SReclaimable:      76216 kB
SUnreclaim:       145224 kB
KernelStack:       46752 kB
PageTables:        62740 kB
NFS_Unstable:          0 kB
Bounce:                0 kB
WritebackTmp:          0 kB
CommitLimit:     9202288 kB
Committed_AS:   65822684 kB
VmallocTotal:   263061440 kB
VmallocUsed:      103920 kB
VmallocChunk:          0 kB
Percpu:             7648 kB
CmaTotal:         294912 kB
CmaFree:               0 kB
MemTotal:       12113132 kB
MemFree:         6355892 kB
MemAvailable:    7843248 kB
Buffers:            5792 kB
Cached:          1828868 kB
SwapCached:            0 kB
Active:          1523096 kB
Inactive:        1581476 kB
Active(anon):    1276332 kB
Inactive(anon):    25728 kB
Active(file):     246764 kB
Inactive(file):  1555748 kB
Unevictable:        5532 kB
Mlocked:            5532 kB
SwapTotal:       3145724 kB
SwapFree:        3145724 kB
Dirty:               332 kB
Writeback:             0 kB
AnonPages:       1275368 kB
Mapped:           857800 kB
Shmem:             27668 kB
KReclaimable:     553548 kB
Slab:             221440 kB
SReclaimable:      76216 kB
SUnreclaim:       145224 kB
KernelStack:       46820 kB
PageTables:        62884 kB
NFS_Unstable:          0 kB
Bounce:                0 kB
WritebackTmp:          0 kB
CommitLimit:     9202288 kB
Committed_AS:   65817568 kB
VmallocTotal:   263061440 kB
VmallocUsed:      103936 kB
VmallocChunk:          0 kB
Percpu:             7648 kB
CmaTotal:         294912 kB
CmaFree:               0 kB
MemTotal:       12113132 kB
MemFree:         6355080 kB
MemAvailable:    7842452 kB
Buffers:            5792 kB
Cached:          1828884 kB
SwapCached:            0 kB
Active:          1523292 kB
Inactive:        1581496 kB
Active(anon):    1276532 kB
Inactive(anon):    25728 kB
Active(file):     246760 kB
Inactive(file):  1555768 kB
Unevictable:        5532 kB
Mlocked:            5532 kB
SwapTotal:       3145724 kB
SwapFree:        3145724 kB
Dirty:               352 kB
Writeback:             0 kB
AnonPages:       1275372 kB
Mapped:           857688 kB
Shmem:             27668 kB
KReclaimable:     553548 kB
Slab:             221440 kB
SReclaimable:      76216 kB
SUnreclaim:       145224 kB
KernelStack:       46768 kB
PageTables:        62648 kB
NFS_Unstable:          0 kB
Bounce:                0 kB
WritebackTmp:          0 kB
CommitLimit:     9202288 kB
Committed_AS:   65821716 kB
VmallocTotal:   263061440 kB
VmallocUsed:      103952 kB
VmallocChunk:          0 kB
Percpu:             7648 kB
CmaTotal:         294912 kB
CmaFree:             100 kB
MemTotal:       12113132 kB
MemFree:         6353704 kB
MemAvailable:    7841092 kB
Buffers:            5792 kB
Cached:          1828900 kB
SwapCached:            0 kB
Active:          1523104 kB
Inactive:        1581508 kB
Active(anon):    1276340 kB
Inactive(anon):    25728 kB
Active(file):     246764 kB
Inactive(file):  1555780 kB
Unevictable:        5532 kB
Mlocked:            5532 kB
SwapTotal:       3145724 kB
SwapFree:        3145724 kB
Dirty:               372 kB
Writeback:             0 kB
AnonPages:       1275516 kB
Mapped:           857676 kB
Shmem:             27668 kB
KReclaimable:     553548 kB
Slab:             221440 kB
SReclaimable:      76216 kB
SUnreclaim:       145224 kB
KernelStack:       46768 kB
PageTables:        62720 kB
NFS_Unstable:          0 kB
Bounce:                0 kB
WritebackTmp:          0 kB
CommitLimit:     9202288 kB
Committed_AS:   65816860 kB
VmallocTotal:   263061440 kB
VmallocUsed:      103920 kB
VmallocChunk:          0 kB
Percpu:             7648 kB
CmaTotal:         294912 kB
CmaFree:               0 kB
MemTotal:       12113132 kB
MemFree:         6366320 kB
MemAvailable:    7853720 kB
Buffers:            5792 kB
Cached:          1828912 kB
SwapCached:            0 kB
Active:          1510908 kB
Inactive:        1581520 kB
Active(anon):    1264144 kB
Inactive(anon):    25728 kB
Active(file):     246764 kB
Inactive(file):  1555792 kB
Unevictable:        5532 kB
Mlocked:            5532 kB
SwapTotal:       3145724 kB
SwapFree:        3145724 kB
Dirty:               456 kB
Writeback:             0 kB
AnonPages:       1263280 kB
Mapped:           857672 kB
Shmem:             27668 kB
KReclaimable:     553548 kB
Slab:             221440 kB
SReclaimable:      76216 kB
SUnreclaim:       145224 kB
KernelStack:       46768 kB
PageTables:        62720 kB
NFS_Unstable:          0 kB
Bounce:                0 kB
WritebackTmp:          0 kB
CommitLimit:     9202288 kB
Committed_AS:   65820696 kB
VmallocTotal:   263061440 kB
VmallocUsed:      103952 kB
VmallocChunk:          0 kB
Percpu:             7648 kB
CmaTotal:         294912 kB
CmaFree:               0 kB
MemTotal:       12113132 kB
MemFree:         6365740 kB
MemAvailable:    7853152 kB
Buffers:            5792 kB
Cached:          1828924 kB
SwapCached:            0 kB
Active:          1511804 kB
Inactive:        1581532 kB
Active(anon):    1265040 kB
Inactive(anon):    25728 kB
Active(file):     246764 kB
Inactive(file):  1555804 kB
Unevictable:        5532 kB
Mlocked:            5532 kB
SwapTotal:       3145724 kB
SwapFree:        3145724 kB
Dirty:               476 kB
Writeback:             0 kB
AnonPages:       1264136 kB
Mapped:           857672 kB
Shmem:             27668 kB
KReclaimable:     553548 kB
Slab:             221440 kB
SReclaimable:      76216 kB
SUnreclaim:       145224 kB
KernelStack:       46816 kB
PageTables:        62832 kB
NFS_Unstable:          0 kB
Bounce:                0 kB
WritebackTmp:          0 kB
CommitLimit:     9202288 kB
Committed_AS:   65822452 kB
VmallocTotal:   263061440 kB
VmallocUsed:      103968 kB
VmallocChunk:          0 kB
Percpu:             7648 kB
CmaTotal:         294912 kB
CmaFree:               0 kB
MemTotal:       12113132 kB
MemFree:         6338968 kB
MemAvailable:    7826400 kB
Buffers:            5792 kB
Cached:          1828944 kB
SwapCached:            0 kB
Active:          1538144 kB
Inactive:        1581552 kB
Active(anon):    1291380 kB
Inactive(anon):    25728 kB
Active(file):     246764 kB
Inactive(file):  1555824 kB
Unevictable:        5532 kB
Mlocked:            5532 kB
SwapTotal:       3145724 kB
SwapFree:        3145724 kB
Dirty:               508 kB
Writeback:             0 kB
AnonPages:       1290740 kB
Mapped:           857672 kB
Shmem:             27668 kB
KReclaimable:     553548 kB
Slab:             221440 kB
SReclaimable:      76216 kB
SUnreclaim:       145224 kB
KernelStack:       46800 kB
PageTables:        62712 kB
NFS_Unstable:          0 kB
Bounce:                0 kB
WritebackTmp:          0 kB
CommitLimit:     9202288 kB
Committed_AS:   65824928 kB
VmallocTotal:   263061440 kB
VmallocUsed:      103968 kB
VmallocChunk:          0 kB
Percpu:             7648 kB
CmaTotal:         294912 kB
CmaFree:               0 kB
MemTotal:       12113132 kB
MemFree:         6328768 kB
MemAvailable:    7816212 kB
Buffers:            5792 kB
Cached:          1828956 kB
SwapCached:            0 kB
Active:          1548852 kB
Inactive:        1581564 kB
Active(anon):    1302088 kB
Inactive(anon):    25728 kB
Active(file):     246764 kB
Inactive(file):  1555836 kB
Unevictable:        5532 kB
Mlocked:            5532 kB
SwapTotal:       3145724 kB
SwapFree:        3145724 kB
Dirty:               540 kB
Writeback:             0 kB
AnonPages:       1301324 kB
Mapped:           857672 kB
Shmem:             27668 kB
KReclaimable:     553548 kB
Slab:             221432 kB
SReclaimable:      76216 kB
SUnreclaim:       145216 kB
KernelStack:       46768 kB
PageTables:        62720 kB
NFS_Unstable:          0 kB
Bounce:                0 kB
WritebackTmp:          0 kB
CommitLimit:     9202288 kB
Committed_AS:   65820168 kB
VmallocTotal:   263061440 kB
VmallocUsed:      103936 kB
VmallocChunk:          0 kB
Percpu:             7648 kB
CmaTotal:         294912 kB
CmaFree:               0 kB
MemTotal:       12113132 kB
MemFree:         6328432 kB
MemAvailable:    7815888 kB
Buffers:            5792 kB
Cached:          1828968 kB
SwapCached:            0 kB
Active:          1549400 kB
Inactive:        1581576 kB
Active(anon):    1302636 kB
Inactive(anon):    25728 kB
Active(file):     246764 kB
Inactive(file):  1555848 kB
Unevictable:        5532 kB
Mlocked:            5532 kB
SwapTotal:       3145724 kB
SwapFree:        3145724 kB
Dirty:               556 kB
Writeback:             0 kB
AnonPages:       1301664 kB
Mapped:           857672 kB
Shmem:             27668 kB
KReclaimable:     553548 kB
Slab:             221440 kB
SReclaimable:      76216 kB
SUnreclaim:       145224 kB
KernelStack:       46768 kB
PageTables:        62724 kB
NFS_Unstable:          0 kB
Bounce:                0 kB
WritebackTmp:          0 kB
CommitLimit:     9202288 kB
Committed_AS:   65824176 kB
VmallocTotal:   263061440 kB
VmallocUsed:      103952 kB
