MemTotal:       12113136 kB
MemFree:          442612 kB
MemAvailable:    7820764 kB
Buffers:            6352 kB
Cached:          7815424 kB
SwapCached:            0 kB
Active:          2128828 kB
Inactive:        6973236 kB
Active(anon):    1189804 kB
Inactive(anon):   127348 kB
Active(file):     939024 kB
Inactive(file):  6845888 kB
Unevictable:        5716 kB
Mlocked:            5716 kB
SwapTotal:       3145724 kB
SwapFree:        3145724 kB
Dirty:               164 kB
Writeback:             0 kB
AnonPages:       1286092 kB
Mapped:           767344 kB
Shmem:             32196 kB
KReclaimable:     441656 kB
Slab:             225728 kB
SReclaimable:      78716 kB
SUnreclaim:       147012 kB
KernelStack:       47632 kB
PageTables:        63584 kB
NFS_Unstable:          0 kB
Bounce:                0 kB
WritebackTmp:          0 kB
CommitLimit:     9202292 kB
Committed_AS:   67462576 kB
VmallocTotal:   263061440 kB
VmallocUsed:      104744 kB
VmallocChunk:          0 kB
Percpu:             7648 kB
CmaTotal:         294912 kB
CmaFree:               0 kB
MemTotal:       12113136 kB
MemFree:          441116 kB
MemAvailable:    7819328 kB
Buffers:            6352 kB
Cached:          7815476 kB
SwapCached:            0 kB
Active:          2129032 kB
Inactive:        6973264 kB
Active(anon):    1189984 kB
Inactive(anon):   127348 kB
Active(file):     939048 kB
Inactive(file):  6845916 kB
Unevictable:        5716 kB
Mlocked:            5716 kB
SwapTotal:       3145724 kB
SwapFree:        3145724 kB
Dirty:               240 kB
Writeback:             0 kB
AnonPages:       1286244 kB
Mapped:           767476 kB
Shmem:             32196 kB
KReclaimable:     441672 kB
Slab:             225736 kB
SReclaimable:      78732 kB
SUnreclaim:       147004 kB
KernelStack:       47648 kB
PageTables:        63612 kB
NFS_Unstable:          0 kB
Bounce:                0 kB
WritebackTmp:          0 kB
CommitLimit:     9202292 kB
Committed_AS:   67461440 kB
VmallocTotal:   263061440 kB
VmallocUsed:      104792 kB
VmallocChunk:          0 kB
Percpu:             7648 kB
CmaTotal:         294912 kB
CmaFree:               0 kB
MemTotal:       12113136 kB
MemFree:          440300 kB
MemAvailable:    7818528 kB
Buffers:            6352 kB
Cached:          7815484 kB
SwapCached:            0 kB
Active:          2129732 kB
Inactive:        6973272 kB
Active(anon):    1190684 kB
Inactive(anon):   127348 kB
Active(file):     939048 kB
Inactive(file):  6845924 kB
Unevictable:        5716 kB
Mlocked:            5716 kB
SwapTotal:       3145724 kB
SwapFree:        3145724 kB
Dirty:               248 kB
Writeback:             0 kB
AnonPages:       1286604 kB
Mapped:           767452 kB
Shmem:             32196 kB
KReclaimable:     441688 kB
Slab:             225752 kB
SReclaimable:      78748 kB
SUnreclaim:       147004 kB
KernelStack:       47664 kB
PageTables:        63744 kB
NFS_Unstable:          0 kB
Bounce:                0 kB
WritebackTmp:          0 kB
CommitLimit:     9202292 kB
Committed_AS:   67463280 kB
VmallocTotal:   263061440 kB
VmallocUsed:      104792 kB
VmallocChunk:          0 kB
Percpu:             7648 kB
CmaTotal:         294912 kB
CmaFree:               0 kB
MemTotal:       12113136 kB
MemFree:          440828 kB
MemAvailable:    7819064 kB
Buffers:            6352 kB
Cached:          7815432 kB
SwapCached:            0 kB
Active:          2129044 kB
Inactive:        6973220 kB
Active(anon):    1189996 kB
Inactive(anon):   127288 kB
Active(file):     939048 kB
Inactive(file):  6845932 kB
Unevictable:        5716 kB
Mlocked:            5716 kB
SwapTotal:       3145724 kB
SwapFree:        3145724 kB
Dirty:               300 kB
Writeback:             0 kB
AnonPages:       1286080 kB
Mapped:           767404 kB
Shmem:             32136 kB
KReclaimable:     441688 kB
Slab:             225768 kB
SReclaimable:      78748 kB
SUnreclaim:       147020 kB
KernelStack:       47696 kB
PageTables:        63984 kB
NFS_Unstable:          0 kB
Bounce:                0 kB
WritebackTmp:          0 kB
CommitLimit:     9202292 kB
Committed_AS:   67464284 kB
VmallocTotal:   263061440 kB
VmallocUsed:      104760 kB
VmallocChunk:          0 kB
Percpu:             7648 kB
CmaTotal:         294912 kB
CmaFree:               0 kB
MemTotal:       12113136 kB
MemFree:          442096 kB
MemAvailable:    7820352 kB
Buffers:            6352 kB
Cached:          7815452 kB
SwapCached:            0 kB
Active:          2128452 kB
Inactive:        6973240 kB
Active(anon):    1189404 kB
Inactive(anon):   127288 kB
Active(file):     939048 kB
Inactive(file):  6845952 kB
Unevictable:        5716 kB
Mlocked:            5716 kB
SwapTotal:       3145724 kB
SwapFree:        3145724 kB
Dirty:               368 kB
Writeback:             0 kB
AnonPages:       1285632 kB
Mapped:           767404 kB
Shmem:             32136 kB
KReclaimable:     441688 kB
Slab:             225760 kB
SReclaimable:      78748 kB
SUnreclaim:       147012 kB
KernelStack:       47680 kB
PageTables:        63932 kB
NFS_Unstable:          0 kB
Bounce:                0 kB
WritebackTmp:          0 kB
CommitLimit:     9202292 kB
Committed_AS:   67461088 kB
VmallocTotal:   263061440 kB
VmallocUsed:      104792 kB
VmallocChunk:          0 kB
Percpu:             7648 kB
CmaTotal:         294912 kB
CmaFree:              52 kB
MemTotal:       12113136 kB
MemFree:          441008 kB
MemAvailable:    7819272 kB
Buffers:            6352 kB
Cached:          7815460 kB
SwapCached:            0 kB
Active:          2128728 kB
Inactive:        6973248 kB
Active(anon):    1189680 kB
Inactive(anon):   127288 kB
Active(file):     939048 kB
Inactive(file):  6845960 kB
Unevictable:        5716 kB
Mlocked:            5716 kB
SwapTotal:       3145724 kB
SwapFree:        3145724 kB
Dirty:               376 kB
Writeback:             0 kB
AnonPages:       1286088 kB
Mapped:           767428 kB
Shmem:             32136 kB
KReclaimable:     441688 kB
Slab:             225752 kB
SReclaimable:      78748 kB
SUnreclaim:       147004 kB
KernelStack:       47664 kB
PageTables:        63820 kB
NFS_Unstable:          0 kB
Bounce:                0 kB
WritebackTmp:          0 kB
CommitLimit:     9202292 kB
Committed_AS:   67463804 kB
VmallocTotal:   263061440 kB
VmallocUsed:      104776 kB
VmallocChunk:          0 kB
Percpu:             7648 kB
CmaTotal:         294912 kB
CmaFree:               0 kB
MemTotal:       12113136 kB
MemFree:          440056 kB
MemAvailable:    7818320 kB
Buffers:            6352 kB
Cached:          7815460 kB
SwapCached:            0 kB
Active:          2129776 kB
Inactive:        6973248 kB
Active(anon):    1190728 kB
Inactive(anon):   127288 kB
Active(file):     939048 kB
Inactive(file):  6845960 kB
Unevictable:        5716 kB
Mlocked:            5716 kB
SwapTotal:       3145724 kB
SwapFree:        3145724 kB
Dirty:               380 kB
Writeback:             0 kB
AnonPages:       1286824 kB
Mapped:           767536 kB
Shmem:             32136 kB
KReclaimable:     441688 kB
Slab:             225816 kB
SReclaimable:      78748 kB
SUnreclaim:       147068 kB
KernelStack:       47712 kB
PageTables:        63844 kB
NFS_Unstable:          0 kB
Bounce:                0 kB
WritebackTmp:          0 kB
CommitLimit:     9202292 kB
Committed_AS:   67460848 kB
VmallocTotal:   263061440 kB
VmallocUsed:      104792 kB
VmallocChunk:          0 kB
Percpu:             7648 kB
CmaTotal:         294912 kB
CmaFree:               0 kB
MemTotal:       12113136 kB
MemFree:          438576 kB
MemAvailable:    7816868 kB
Buffers:            6352 kB
Cached:          7815480 kB
SwapCached:            0 kB
Active:          2130512 kB
Inactive:        6973268 kB
Active(anon):    1191464 kB
Inactive(anon):   127288 kB
Active(file):     939048 kB
Inactive(file):  6845980 kB
Unevictable:        5716 kB
Mlocked:            5716 kB
SwapTotal:       3145724 kB
SwapFree:        3145724 kB
Dirty:               416 kB
Writeback:             0 kB
AnonPages:       1287364 kB
Mapped:           767424 kB
Shmem:             32136 kB
KReclaimable:     441704 kB
Slab:             225776 kB
SReclaimable:      78764 kB
SUnreclaim:       147012 kB
KernelStack:       47664 kB
PageTables:        64044 kB
NFS_Unstable:          0 kB
Bounce:                0 kB
WritebackTmp:          0 kB
CommitLimit:     9202292 kB
Committed_AS:   67466368 kB
VmallocTotal:   263061440 kB
VmallocUsed:      104792 kB
VmallocChunk:          0 kB
Percpu:             7648 kB
CmaTotal:         294912 kB
CmaFree:               0 kB
MemTotal:       12113136 kB
MemFree:          449980 kB
MemAvailable:    7828280 kB
Buffers:            6352 kB
Cached:          7815496 kB
SwapCached:            0 kB
Active:          2118900 kB
Inactive:        6973284 kB
Active(anon):    1179852 kB
Inactive(anon):   127288 kB
Active(file):     939048 kB
Inactive(file):  6845996 kB
Unevictable:        5716 kB
Mlocked:            5716 kB
SwapTotal:       3145724 kB
SwapFree:        3145724 kB
Dirty:               432 kB
Writeback:             0 kB
AnonPages:       1276108 kB
Mapped:           767424 kB
Shmem:             32136 kB
KReclaimable:     441688 kB
Slab:             225768 kB
SReclaimable:      78748 kB
SUnreclaim:       147020 kB
KernelStack:       47680 kB
PageTables:        63804 kB
NFS_Unstable:          0 kB
Bounce:                0 kB
WritebackTmp:          0 kB
CommitLimit:     9202292 kB
Committed_AS:   67462812 kB
VmallocTotal:   263061440 kB
VmallocUsed:      104792 kB
VmallocChunk:          0 kB
Percpu:             7648 kB
CmaTotal:         294912 kB
CmaFree:              16 kB
MemTotal:       12113136 kB
MemFree:          450152 kB
MemAvailable:    7828468 kB
Buffers:            6352 kB
Cached:          7815576 kB
SwapCached:            0 kB
Active:          2119676 kB
Inactive:        6973364 kB
Active(anon):    1180628 kB
Inactive(anon):   127352 kB
Active(file):     939048 kB
Inactive(file):  6846012 kB
Unevictable:        5716 kB
Mlocked:            5716 kB
SwapTotal:       3145724 kB
SwapFree:        3145724 kB
Dirty:               216 kB
Writeback:             0 kB
AnonPages:       1276864 kB
Mapped:           767428 kB
Shmem:             32200 kB
KReclaimable:     441688 kB
Slab:             225768 kB
SReclaimable:      78748 kB
SUnreclaim:       147020 kB
KernelStack:       47664 kB
PageTables:        63772 kB
NFS_Unstable:          0 kB
Bounce:                0 kB
WritebackTmp:          0 kB
CommitLimit:     9202292 kB
Committed_AS:   67468132 kB
VmallocTotal:   263061440 kB
VmallocUsed:      104840 kB
VmallocChunk:          0 kB
Percpu:             7648 kB
CmaTotal:         294912 kB
CmaFree:               0 kB
MemTotal:       12113136 kB
MemFree:          449996 kB
MemAvailable:    7828320 kB
Buffers:            6352 kB
Cached:          7815712 kB
SwapCached:            0 kB
Active:          2120312 kB
Inactive:        6973500 kB
Active(anon):    1181264 kB
Inactive(anon):   127480 kB
Active(file):     939048 kB
Inactive(file):  6846020 kB
Unevictable:        5716 kB
Mlocked:            5716 kB
SwapTotal:       3145724 kB
SwapFree:        3145724 kB
Dirty:               276 kB
Writeback:             0 kB
AnonPages:       1277524 kB
Mapped:           767532 kB
Shmem:             32328 kB
KReclaimable:     441688 kB
Slab:             225760 kB
SReclaimable:      78748 kB
SUnreclaim:       147012 kB
KernelStack:       47664 kB
PageTables:        63720 kB
NFS_Unstable:          0 kB
Bounce:                0 kB
WritebackTmp:          0 kB
CommitLimit:     9202292 kB
Committed_AS:   67462960 kB
VmallocTotal:   263061440 kB
VmallocUsed:      104808 kB
VmallocChunk:          0 kB
Percpu:             7648 kB
CmaTotal:         294912 kB
CmaFree:               0 kB
MemTotal:       12113136 kB
MemFree:          448580 kB
MemAvailable:    7826912 kB
Buffers:            6352 kB
Cached:          7815720 kB
SwapCached:            0 kB
Active:          2120756 kB
Inactive:        6973508 kB
Active(anon):    1181708 kB
Inactive(anon):   127480 kB
Active(file):     939048 kB
Inactive(file):  6846028 kB
Unevictable:        5716 kB
Mlocked:            5716 kB
SwapTotal:       3145724 kB
SwapFree:        3145724 kB
Dirty:               284 kB
Writeback:             0 kB
AnonPages:       1277768 kB
Mapped:           767424 kB
Shmem:             32328 kB
KReclaimable:     441688 kB
Slab:             225760 kB
SReclaimable:      78748 kB
SUnreclaim:       147012 kB
KernelStack:       47680 kB
PageTables:        63672 kB
NFS_Unstable:          0 kB
Bounce:                0 kB
WritebackTmp:          0 kB
CommitLimit:     9202292 kB
Committed_AS:   67462224 kB
VmallocTotal:   263061440 kB
VmallocUsed:      104808 kB
VmallocChunk:          0 kB
Percpu:             7648 kB
CmaTotal:         294912 kB
CmaFree:              60 kB
MemTotal:       12113136 kB
MemFree:          447904 kB
MemAvailable:    7826260 kB
Buffers:            6352 kB
Cached:          7815744 kB
SwapCached:            0 kB
Active:          2121096 kB
Inactive:        6973532 kB
Active(anon):    1182048 kB
Inactive(anon):   127480 kB
Active(file):     939048 kB
Inactive(file):  6846052 kB
Unevictable:        5716 kB
Mlocked:            5716 kB
SwapTotal:       3145724 kB
SwapFree:        3145724 kB
Dirty:               328 kB
Writeback:             0 kB
AnonPages:       1278336 kB
Mapped:           767424 kB
Shmem:             32328 kB
KReclaimable:     441688 kB
Slab:             225760 kB
SReclaimable:      78748 kB
SUnreclaim:       147012 kB
KernelStack:       47712 kB
PageTables:        63868 kB
NFS_Unstable:          0 kB
Bounce:                0 kB
WritebackTmp:          0 kB
CommitLimit:     9202292 kB
Committed_AS:   67471848 kB
VmallocTotal:   263061440 kB
VmallocUsed:      104808 kB
VmallocChunk:          0 kB
Percpu:             7648 kB
CmaTotal:         294912 kB
CmaFree:               0 kB
MemTotal:       12113136 kB
MemFree:          436436 kB
MemAvailable:    7814800 kB
Buffers:            6352 kB
Cached:          7824812 kB
SwapCached:            0 kB
Active:          2123164 kB
Inactive:        6982568 kB
Active(anon):    1184116 kB
Inactive(anon):   136508 kB
Active(file):     939048 kB
Inactive(file):  6846060 kB
Unevictable:        5716 kB
Mlocked:            5716 kB
SwapTotal:       3145724 kB
SwapFree:        3145724 kB
Dirty:               356 kB
Writeback:             0 kB
AnonPages:       1280260 kB
Mapped:           776484 kB
Shmem:             41388 kB
KReclaimable:     441688 kB
Slab:             225760 kB
SReclaimable:      78748 kB
SUnreclaim:       147012 kB
KernelStack:       47680 kB
PageTables:        63844 kB
NFS_Unstable:          0 kB
Bounce:                0 kB
WritebackTmp:          0 kB
CommitLimit:     9202292 kB
Committed_AS:   67472356 kB
VmallocTotal:   263061440 kB
VmallocUsed:      104792 kB
VmallocChunk:          0 kB
Percpu:             7648 kB
CmaTotal:         294912 kB
CmaFree:               0 kB
MemTotal:       12113136 kB
MemFree:          436688 kB
MemAvailable:    7815052 kB
Buffers:            6352 kB
Cached:          7815752 kB
SwapCached:            0 kB
Active:          2132128 kB
Inactive:        6973540 kB
Active(anon):    1193080 kB
Inactive(anon):   127480 kB
Active(file):     939048 kB
Inactive(file):  6846060 kB
Unevictable:        5716 kB
Mlocked:            5716 kB
SwapTotal:       3145724 kB
SwapFree:        3145724 kB
Dirty:               372 kB
Writeback:             0 kB
AnonPages:       1289412 kB
Mapped:           767660 kB
Shmem:             32328 kB
KReclaimable:     441688 kB
Slab:             225712 kB
SReclaimable:      78748 kB
SUnreclaim:       146964 kB
KernelStack:       47732 kB
PageTables:        63384 kB
NFS_Unstable:          0 kB
Bounce:                0 kB
WritebackTmp:          0 kB
CommitLimit:     9202292 kB
Committed_AS:   67459524 kB
VmallocTotal:   263061440 kB
VmallocUsed:      104856 kB
VmallocChunk:          0 kB
Percpu:             7648 kB
CmaTotal:         294912 kB
CmaFree:               8 kB
MemTotal:       12113136 kB
MemFree:          437232 kB
MemAvailable:    7815624 kB
Buffers:            6352 kB
Cached:          7815780 kB
SwapCached:            0 kB
Active:          2131972 kB
Inactive:        6973568 kB
Active(anon):    1192924 kB
Inactive(anon):   127480 kB
Active(file):     939048 kB
Inactive(file):  6846088 kB
Unevictable:        5716 kB
Mlocked:            5716 kB
SwapTotal:       3145724 kB
SwapFree:        3145724 kB
Dirty:               400 kB
Writeback:             0 kB
AnonPages:       1289068 kB
Mapped:           767520 kB
Shmem:             32328 kB
KReclaimable:     441688 kB
Slab:             225704 kB
SReclaimable:      78748 kB
SUnreclaim:       146956 kB
KernelStack:       47728 kB
PageTables:        63952 kB
NFS_Unstable:          0 kB
Bounce:                0 kB
WritebackTmp:          0 kB
CommitLimit:     9202292 kB
Committed_AS:   67452572 kB
VmallocTotal:   263061440 kB
VmallocUsed:      104856 kB
VmallocChunk:          0 kB
Percpu:             7648 kB
CmaTotal:         294912 kB
CmaFree:               0 kB
MemTotal:       12113136 kB
MemFree:          427780 kB
MemAvailable:    7806184 kB
Buffers:            6352 kB
Cached:          7815792 kB
SwapCached:            0 kB
Active:          2142732 kB
Inactive:        6973580 kB
Active(anon):    1203684 kB
Inactive(anon):   127480 kB
Active(file):     939048 kB
Inactive(file):  6846100 kB
Unevictable:        5716 kB
Mlocked:            5716 kB
SwapTotal:       3145724 kB
SwapFree:        3145724 kB
Dirty:               428 kB
Writeback:             0 kB
AnonPages:       1299872 kB
Mapped:           767628 kB
Shmem:             32328 kB
KReclaimable:     441688 kB
Slab:             225712 kB
SReclaimable:      78748 kB
SUnreclaim:       146964 kB
KernelStack:       47712 kB
PageTables:        63884 kB
NFS_Unstable:          0 kB
Bounce:                0 kB
WritebackTmp:          0 kB
CommitLimit:     9202292 kB
Committed_AS:   67454552 kB
VmallocTotal:   263061440 kB
VmallocUsed:      104808 kB
VmallocChunk:          0 kB
Percpu:             7648 kB
CmaTotal:         294912 kB
CmaFree:               0 kB
MemTotal:       12113136 kB
MemFree:          426204 kB
MemAvailable:    7804620 kB
Buffers:            6352 kB
Cached:          7815804 kB
SwapCached:            0 kB
Active:          2143400 kB
Inactive:        6973592 kB
Active(anon):    1204352 kB
Inactive(anon):   127480 kB
Active(file):     939048 kB
Inactive(file):  6846112 kB
Unevictable:        5716 kB
Mlocked:            5716 kB
SwapTotal:       3145724 kB
SwapFree:        3145724 kB
Dirty:               440 kB
Writeback:             0 kB
AnonPages:       1300640 kB
Mapped:           767620 kB
Shmem:             32328 kB
KReclaimable:     441688 kB
Slab:             225696 kB
SReclaimable:      78748 kB
SUnreclaim:       146948 kB
KernelStack:       47696 kB
PageTables:        63656 kB
NFS_Unstable:          0 kB
Bounce:                0 kB
WritebackTmp:          0 kB
CommitLimit:     9202292 kB
Committed_AS:   67450668 kB
VmallocTotal:   263061440 kB
VmallocUsed:      104824 kB
VmallocChunk:          0 kB
Percpu:             7648 kB
CmaTotal:         294912 kB
CmaFree:               0 kB
MemTotal:       12113136 kB
MemFree:          426080 kB
MemAvailable:    7804536 kB
Buffers:            6360 kB
Cached:          7815836 kB
SwapCached:            0 kB
Active:          2143920 kB
Inactive:        6973624 kB
Active(anon):    1204864 kB
Inactive(anon):   127480 kB
Active(file):     939056 kB
Inactive(file):  6846144 kB
Unevictable:        5716 kB
Mlocked:            5716 kB
SwapTotal:       3145724 kB
SwapFree:        3145724 kB
Dirty:               452 kB
Writeback:             0 kB
AnonPages:       1301164 kB
Mapped:           767844 kB
Shmem:             32328 kB
KReclaimable:     441688 kB
Slab:             225696 kB
SReclaimable:      78748 kB
SUnreclaim:       146948 kB
KernelStack:       47696 kB
PageTables:        63820 kB
NFS_Unstable:          0 kB
Bounce:                0 kB
WritebackTmp:          0 kB
CommitLimit:     9202292 kB
Committed_AS:   67461768 kB
VmallocTotal:   263061440 kB
VmallocUsed:      104840 kB
VmallocChunk:          0 kB
Percpu:             7648 kB
CmaTotal:         294912 kB
CmaFree:               0 kB
MemTotal:       12113136 kB
MemFree:          424108 kB
MemAvailable:    7802572 kB
Buffers:            6360 kB
Cached:          7815844 kB
SwapCached:            0 kB
Active:          2144828 kB
Inactive:        6973632 kB
Active(anon):    1205772 kB
Inactive(anon):   127480 kB
Active(file):     939056 kB
Inactive(file):  6846152 kB
Unevictable:        5716 kB
Mlocked:            5716 kB
SwapTotal:       3145724 kB
SwapFree:        3145724 kB
Dirty:               420 kB
Writeback:             0 kB
AnonPages:       1301984 kB
Mapped:           767024 kB
Shmem:             32328 kB
KReclaimable:     441688 kB
Slab:             225704 kB
SReclaimable:      78748 kB
SUnreclaim:       146956 kB
KernelStack:       47664 kB
PageTables:        63772 kB
NFS_Unstable:          0 kB
Bounce:                0 kB
WritebackTmp:          0 kB
CommitLimit:     9202292 kB
Committed_AS:   67448368 kB
VmallocTotal:   263061440 kB
VmallocUsed:      104824 kB
VmallocChunk:          0 kB
Percpu:             7648 kB
CmaTotal:         294912 kB
CmaFree:               0 kB
MemTotal:       12113136 kB
MemFree:          424568 kB
MemAvailable:    7803052 kB
Buffers:            6360 kB
Cached:          7815864 kB
SwapCached:            0 kB
Active:          2145748 kB
Inactive:        6973652 kB
Active(anon):    1206692 kB
Inactive(anon):   127480 kB
Active(file):     939056 kB
Inactive(file):  6846172 kB
Unevictable:        5716 kB
Mlocked:            5716 kB
SwapTotal:       3145724 kB
SwapFree:        3145724 kB
Dirty:               464 kB
Writeback:             0 kB
AnonPages:       1302456 kB
Mapped:           767024 kB
Shmem:             32328 kB
KReclaimable:     441688 kB
Slab:             225696 kB
SReclaimable:      78748 kB
SUnreclaim:       146948 kB
KernelStack:       47680 kB
PageTables:        63748 kB
NFS_Unstable:          0 kB
Bounce:                0 kB
WritebackTmp:          0 kB
CommitLimit:     9202292 kB
Committed_AS:   67441300 kB
VmallocTotal:   263061440 kB
VmallocUsed:      104824 kB
VmallocChunk:          0 kB
Percpu:             7648 kB
CmaTotal:         294912 kB
CmaFree:               0 kB
MemTotal:       12113136 kB
MemFree:          423388 kB
MemAvailable:    7801884 kB
Buffers:            6360 kB
Cached:          7815876 kB
SwapCached:            0 kB
Active:          2145656 kB
Inactive:        6973664 kB
Active(anon):    1206600 kB
Inactive(anon):   127480 kB
Active(file):     939056 kB
Inactive(file):  6846184 kB
Unevictable:        5716 kB
Mlocked:            5716 kB
SwapTotal:       3145724 kB
SwapFree:        3145724 kB
Dirty:               488 kB
Writeback:             0 kB
AnonPages:       1302768 kB
Mapped:           767024 kB
Shmem:             32328 kB
KReclaimable:     441688 kB
Slab:             225696 kB
SReclaimable:      78748 kB
SUnreclaim:       146948 kB
KernelStack:       47664 kB
PageTables:        63804 kB
NFS_Unstable:          0 kB
Bounce:                0 kB
WritebackTmp:          0 kB
CommitLimit:     9202292 kB
Committed_AS:   67449364 kB
VmallocTotal:   263061440 kB
VmallocUsed:      104824 kB
VmallocChunk:          0 kB
Percpu:             7648 kB
CmaTotal:         294912 kB
CmaFree:               0 kB
MemTotal:       12113136 kB
MemFree:          422996 kB
MemAvailable:    7801500 kB
Buffers:            6360 kB
Cached:          7815888 kB
SwapCached:            0 kB
Active:          2146324 kB
Inactive:        6973676 kB
Active(anon):    1207268 kB
Inactive(anon):   127484 kB
Active(file):     939056 kB
Inactive(file):  6846192 kB
Unevictable:        5716 kB
Mlocked:            5716 kB
SwapTotal:       3145724 kB
SwapFree:        3145724 kB
Dirty:               652 kB
Writeback:             0 kB
AnonPages:       1303612 kB
Mapped:           767032 kB
Shmem:             32332 kB
KReclaimable:     441688 kB
Slab:             225704 kB
SReclaimable:      78748 kB
SUnreclaim:       146956 kB
KernelStack:       47808 kB
PageTables:        63880 kB
NFS_Unstable:          0 kB
Bounce:                0 kB
WritebackTmp:          0 kB
CommitLimit:     9202292 kB
Committed_AS:   67441516 kB
VmallocTotal:   263061440 kB
VmallocUsed:      104840 kB
VmallocChunk:          0 kB
Percpu:             7648 kB
CmaTotal:         294912 kB
CmaFree:               0 kB
MemTotal:       12113136 kB
MemFree:          419944 kB
MemAvailable:    7798460 kB
Buffers:            6360 kB
Cached:          7815916 kB
SwapCached:            0 kB
Active:          2148624 kB
Inactive:        6973700 kB
Active(anon):    1209564 kB
Inactive(anon):   127500 kB
Active(file):     939060 kB
Inactive(file):  6846200 kB
Unevictable:        5716 kB
Mlocked:            5716 kB
SwapTotal:       3145724 kB
SwapFree:        3145724 kB
Dirty:               732 kB
Writeback:             0 kB
AnonPages:       1305976 kB
Mapped:           776044 kB
Shmem:             32348 kB
KReclaimable:     441688 kB
Slab:             225696 kB
SReclaimable:      78748 kB
SUnreclaim:       146948 kB
KernelStack:       47792 kB
PageTables:        64000 kB
NFS_Unstable:          0 kB
Bounce:                0 kB
WritebackTmp:          0 kB
CommitLimit:     9202292 kB
Committed_AS:   67449112 kB
VmallocTotal:   263061440 kB
VmallocUsed:      104840 kB
VmallocChunk:          0 kB
Percpu:             7648 kB
CmaTotal:         294912 kB
CmaFree:               0 kB
MemTotal:       12113136 kB
MemFree:          420016 kB
MemAvailable:    7798536 kB
Buffers:            6360 kB
Cached:          7815928 kB
SwapCached:            0 kB
Active:          2149320 kB
Inactive:        6973712 kB
Active(anon):    1210260 kB
Inactive(anon):   127500 kB
Active(file):     939060 kB
Inactive(file):  6846212 kB
Unevictable:        5716 kB
Mlocked:            5716 kB
SwapTotal:       3145724 kB
SwapFree:        3145724 kB
Dirty:               756 kB
Writeback:             0 kB
AnonPages:       1306408 kB
Mapped:           776052 kB
Shmem:             32348 kB
KReclaimable:     441672 kB
Slab:             225680 kB
SReclaimable:      78732 kB
SUnreclaim:       146948 kB
KernelStack:       47776 kB
PageTables:        63960 kB
NFS_Unstable:          0 kB
Bounce:                0 kB
WritebackTmp:          0 kB
CommitLimit:     9202292 kB
Committed_AS:   67448804 kB
VmallocTotal:   263061440 kB
VmallocUsed:      104840 kB
VmallocChunk:          0 kB
Percpu:             7648 kB
CmaTotal:         294912 kB
CmaFree:               4 kB
MemTotal:       12113136 kB
MemFree:          419748 kB
MemAvailable:    7798280 kB
Buffers:            6360 kB
Cached:          7815940 kB
SwapCached:            0 kB
Active:          2149184 kB
Inactive:        6973724 kB
Active(anon):    1210124 kB
Inactive(anon):   127500 kB
Active(file):     939060 kB
Inactive(file):  6846224 kB
Unevictable:        5716 kB
Mlocked:            5716 kB
SwapTotal:       3145724 kB
SwapFree:        3145724 kB
Dirty:               780 kB
Writeback:             0 kB
AnonPages:       1306412 kB
Mapped:           776040 kB
Shmem:             32348 kB
KReclaimable:     441672 kB
Slab:             225680 kB
SReclaimable:      78732 kB
SUnreclaim:       146948 kB
KernelStack:       47776 kB
PageTables:        63940 kB
NFS_Unstable:          0 kB
Bounce:                0 kB
WritebackTmp:          0 kB
CommitLimit:     9202292 kB
Committed_AS:   67453184 kB
VmallocTotal:   263061440 kB
VmallocUsed:      104856 kB
VmallocChunk:          0 kB
Percpu:             7648 kB
CmaTotal:         294912 kB
CmaFree:               0 kB
MemTotal:       12113136 kB
MemFree:          419916 kB
MemAvailable:    7798452 kB
Buffers:            6360 kB
Cached:          7815952 kB
SwapCached:            0 kB
Active:          2151392 kB
Inactive:        6973736 kB
Active(anon):    1212332 kB
Inactive(anon):   127508 kB
Active(file):     939060 kB
Inactive(file):  6846228 kB
Unevictable:        5716 kB
Mlocked:            5716 kB
SwapTotal:       3145724 kB
SwapFree:        3145724 kB
Dirty:               784 kB
Writeback:             0 kB
AnonPages:       1308508 kB
Mapped:           776052 kB
Shmem:             32356 kB
KReclaimable:     441672 kB
Slab:             225680 kB
SReclaimable:      78732 kB
SUnreclaim:       146948 kB
KernelStack:       47744 kB
PageTables:        63804 kB
NFS_Unstable:          0 kB
Bounce:                0 kB
WritebackTmp:          0 kB
CommitLimit:     9202292 kB
Committed_AS:   67444828 kB
VmallocTotal:   263061440 kB
VmallocUsed:      104856 kB
VmallocChunk:          0 kB
Percpu:             7648 kB
CmaTotal:         294912 kB
CmaFree:               0 kB
MemTotal:       12113136 kB
MemFree:          418836 kB
MemAvailable:    7797396 kB
Buffers:            6360 kB
Cached:          7815976 kB
SwapCached:            0 kB
Active:          2151016 kB
Inactive:        6973660 kB
Active(anon):    1211856 kB
Inactive(anon):   127508 kB
Active(file):     939160 kB
Inactive(file):  6846152 kB
Unevictable:        5716 kB
Mlocked:            5716 kB
SwapTotal:       3145724 kB
SwapFree:        3145724 kB
Dirty:               828 kB
Writeback:             0 kB
AnonPages:       1308084 kB
Mapped:           776056 kB
Shmem:             32356 kB
KReclaimable:     441672 kB
Slab:             225680 kB
SReclaimable:      78732 kB
SUnreclaim:       146948 kB
KernelStack:       47680 kB
PageTables:        63736 kB
NFS_Unstable:          0 kB
Bounce:                0 kB
WritebackTmp:          0 kB
CommitLimit:     9202292 kB
Committed_AS:   67441920 kB
VmallocTotal:   263061440 kB
VmallocUsed:      104840 kB
VmallocChunk:          0 kB
Percpu:             7648 kB
CmaTotal:         294912 kB
CmaFree:               0 kB
MemTotal:       12113136 kB
MemFree:          437692 kB
MemAvailable:    7816276 kB
Buffers:            6360 kB
Cached:          7815992 kB
SwapCached:            0 kB
Active:          2131768 kB
Inactive:        6973676 kB
Active(anon):    1192608 kB
Inactive(anon):   127508 kB
Active(file):     939160 kB
Inactive(file):  6846168 kB
Unevictable:        5716 kB
Mlocked:            5716 kB
SwapTotal:       3145724 kB
SwapFree:        3145724 kB
Dirty:               900 kB
Writeback:             0 kB
AnonPages:       1288788 kB
Mapped:           776056 kB
Shmem:             32356 kB
KReclaimable:     441688 kB
Slab:             225704 kB
SReclaimable:      78748 kB
SUnreclaim:       146956 kB
KernelStack:       47744 kB
PageTables:        63936 kB
NFS_Unstable:          0 kB
Bounce:                0 kB
WritebackTmp:          0 kB
CommitLimit:     9202292 kB
Committed_AS:   67436456 kB
VmallocTotal:   263061440 kB
VmallocUsed:      104872 kB
VmallocChunk:          0 kB
Percpu:             7648 kB
CmaTotal:         294912 kB
CmaFree:               0 kB
MemTotal:       12113136 kB
MemFree:          436544 kB
MemAvailable:    7815136 kB
Buffers:            6360 kB
Cached:          7816000 kB
SwapCached:            0 kB
Active:          2132336 kB
Inactive:        6973684 kB
Active(anon):    1193176 kB
Inactive(anon):   127508 kB
Active(file):     939160 kB
Inactive(file):  6846176 kB
Unevictable:        5716 kB
Mlocked:            5716 kB
SwapTotal:       3145724 kB
SwapFree:        3145724 kB
Dirty:               212 kB
Writeback:             0 kB
AnonPages:       1289412 kB
Mapped:           776052 kB
Shmem:             32356 kB
KReclaimable:     441688 kB
Slab:             225712 kB
SReclaimable:      78748 kB
SUnreclaim:       146964 kB
KernelStack:       47744 kB
PageTables:        63948 kB
NFS_Unstable:          0 kB
Bounce:                0 kB
WritebackTmp:          0 kB
CommitLimit:     9202292 kB
Committed_AS:   67446488 kB
VmallocTotal:   263061440 kB
VmallocUsed:      104856 kB
VmallocChunk:          0 kB
Percpu:             7648 kB
CmaTotal:         294912 kB
CmaFree:               0 kB
MemTotal:       12113136 kB
MemFree:          436528 kB
MemAvailable:    7815144 kB
Buffers:            6360 kB
Cached:          7816016 kB
SwapCached:            0 kB
Active:          2132888 kB
Inactive:        6973700 kB
Active(anon):    1193728 kB
Inactive(anon):   127508 kB
Active(file):     939160 kB
Inactive(file):  6846192 kB
Unevictable:        5716 kB
Mlocked:            5716 kB
SwapTotal:       3145724 kB
SwapFree:        3145724 kB
Dirty:               296 kB
Writeback:             0 kB
AnonPages:       1289908 kB
Mapped:           776160 kB
Shmem:             32356 kB
KReclaimable:     441704 kB
Slab:             225712 kB
SReclaimable:      78764 kB
SUnreclaim:       146948 kB
KernelStack:       47744 kB
PageTables:        63920 kB
NFS_Unstable:          0 kB
Bounce:                0 kB
WritebackTmp:          0 kB
CommitLimit:     9202292 kB
Committed_AS:   67450304 kB
VmallocTotal:   263061440 kB
VmallocUsed:      104904 kB
VmallocChunk:          0 kB
Percpu:             7648 kB
CmaTotal:         294912 kB
CmaFree:               0 kB
MemTotal:       12113136 kB
MemFree:          435264 kB
MemAvailable:    7813876 kB
Buffers:            6360 kB
Cached:          7816028 kB
SwapCached:            0 kB
Active:          2133876 kB
Inactive:        6973712 kB
Active(anon):    1194716 kB
Inactive(anon):   127508 kB
Active(file):     939160 kB
Inactive(file):  6846204 kB
Unevictable:        5716 kB
Mlocked:            5716 kB
SwapTotal:       3145724 kB
SwapFree:        3145724 kB
Dirty:               356 kB
Writeback:             0 kB
AnonPages:       1291016 kB
Mapped:           776244 kB
Shmem:             32356 kB
KReclaimable:     441672 kB
Slab:             225688 kB
SReclaimable:      78732 kB
SUnreclaim:       146956 kB
KernelStack:       47744 kB
PageTables:        64060 kB
NFS_Unstable:          0 kB
Bounce:                0 kB
WritebackTmp:          0 kB
CommitLimit:     9202292 kB
Committed_AS:   67452624 kB
VmallocTotal:   263061440 kB
VmallocUsed:      104888 kB
VmallocChunk:          0 kB
Percpu:             7648 kB
CmaTotal:         294912 kB
CmaFree:               0 kB
MemTotal:       12113136 kB
MemFree:          434632 kB
MemAvailable:    7813256 kB
Buffers:            6360 kB
Cached:          7816040 kB
SwapCached:            0 kB
Active:          2134144 kB
Inactive:        6973724 kB
Active(anon):    1194984 kB
Inactive(anon):   127508 kB
Active(file):     939160 kB
Inactive(file):  6846216 kB
Unevictable:        5716 kB
Mlocked:            5716 kB
SwapTotal:       3145724 kB
SwapFree:        3145724 kB
Dirty:               412 kB
Writeback:             0 kB
AnonPages:       1290888 kB
Mapped:           776148 kB
Shmem:             32356 kB
KReclaimable:     441672 kB
Slab:             225688 kB
SReclaimable:      78732 kB
SUnreclaim:       146956 kB
KernelStack:       47776 kB
PageTables:        63944 kB
NFS_Unstable:          0 kB
Bounce:                0 kB
WritebackTmp:          0 kB
CommitLimit:     9202292 kB
Committed_AS:   67459688 kB
VmallocTotal:   263061440 kB
VmallocUsed:      104872 kB
VmallocChunk:          0 kB
Percpu:             7648 kB
CmaTotal:         294912 kB
CmaFree:               0 kB
MemTotal:       12113136 kB
MemFree:          434872 kB
MemAvailable:    7813504 kB
Buffers:            6360 kB
Cached:          7816048 kB
SwapCached:            0 kB
Active:          2135008 kB
Inactive:        6973732 kB
Active(anon):    1195848 kB
Inactive(anon):   127508 kB
Active(file):     939160 kB
Inactive(file):  6846224 kB
Unevictable:        5716 kB
Mlocked:            5716 kB
SwapTotal:       3145724 kB
SwapFree:        3145724 kB
Dirty:               420 kB
Writeback:             0 kB
AnonPages:       1292156 kB
Mapped:           776152 kB
Shmem:             32356 kB
KReclaimable:     441672 kB
Slab:             225688 kB
SReclaimable:      78732 kB
SUnreclaim:       146956 kB
KernelStack:       47712 kB
PageTables:        63788 kB
NFS_Unstable:          0 kB
Bounce:                0 kB
WritebackTmp:          0 kB
CommitLimit:     9202292 kB
Committed_AS:   67459680 kB
VmallocTotal:   263061440 kB
VmallocUsed:      104872 kB
VmallocChunk:          0 kB
Percpu:             7648 kB
CmaTotal:         294912 kB
CmaFree:               0 kB
MemTotal:       12113136 kB
MemFree:          433388 kB
MemAvailable:    7812060 kB
Buffers:            6364 kB
Cached:          7816084 kB
SwapCached:            0 kB
Active:          2135736 kB
Inactive:        6973768 kB
Active(anon):    1196572 kB
Inactive(anon):   127508 kB
Active(file):     939164 kB
Inactive(file):  6846260 kB
Unevictable:        5716 kB
Mlocked:            5716 kB
SwapTotal:       3145724 kB
SwapFree:        3145724 kB
Dirty:               460 kB
Writeback:             0 kB
AnonPages:       1292692 kB
Mapped:           776152 kB
Shmem:             32356 kB
KReclaimable:     441672 kB
Slab:             225688 kB
SReclaimable:      78732 kB
SUnreclaim:       146956 kB
KernelStack:       47728 kB
PageTables:        63844 kB
NFS_Unstable:          0 kB
Bounce:                0 kB
WritebackTmp:          0 kB
CommitLimit:     9202292 kB
Committed_AS:   67457624 kB
VmallocTotal:   263061440 kB
VmallocUsed:      104920 kB
VmallocChunk:          0 kB
Percpu:             7648 kB
CmaTotal:         294912 kB
CmaFree:               0 kB
MemTotal:       12113136 kB
MemFree:          443332 kB
MemAvailable:    7822024 kB
Buffers:            6364 kB
Cached:          7816096 kB
SwapCached:            0 kB
Active:          2124488 kB
Inactive:        6973780 kB
Active(anon):    1185324 kB
Inactive(anon):   127508 kB
Active(file):     939164 kB
Inactive(file):  6846272 kB
Unevictable:        5716 kB
Mlocked:            5716 kB
SwapTotal:       3145724 kB
SwapFree:        3145724 kB
Dirty:               472 kB
Writeback:             0 kB
AnonPages:       1281484 kB
Mapped:           767192 kB
Shmem:             32356 kB
KReclaimable:     441688 kB
Slab:             225704 kB
SReclaimable:      78748 kB
SUnreclaim:       146956 kB
KernelStack:       47776 kB
PageTables:        63816 kB
NFS_Unstable:          0 kB
Bounce:                0 kB
WritebackTmp:          0 kB
CommitLimit:     9202292 kB
Committed_AS:   67451032 kB
VmallocTotal:   263061440 kB
VmallocUsed:      104904 kB
VmallocChunk:          0 kB
Percpu:             7648 kB
CmaTotal:         294912 kB
CmaFree:               4 kB
MemTotal:       12113136 kB
MemFree:          443032 kB
MemAvailable:    7821732 kB
Buffers:            6364 kB
Cached:          7816104 kB
SwapCached:            0 kB
Active:          2124848 kB
Inactive:        6973788 kB
Active(anon):    1185684 kB
Inactive(anon):   127508 kB
Active(file):     939164 kB
Inactive(file):  6846280 kB
Unevictable:        5716 kB
Mlocked:            5716 kB
SwapTotal:       3145724 kB
SwapFree:        3145724 kB
Dirty:               480 kB
Writeback:             0 kB
AnonPages:       1281900 kB
Mapped:           767152 kB
Shmem:             32356 kB
KReclaimable:     441688 kB
Slab:             225696 kB
SReclaimable:      78748 kB
SUnreclaim:       146948 kB
KernelStack:       47744 kB
PageTables:        63648 kB
NFS_Unstable:          0 kB
Bounce:                0 kB
WritebackTmp:          0 kB
CommitLimit:     9202292 kB
Committed_AS:   67441312 kB
VmallocTotal:   263061440 kB
VmallocUsed:      104856 kB
VmallocChunk:          0 kB
Percpu:             7648 kB
CmaTotal:         294912 kB
CmaFree:               0 kB
MemTotal:       12113136 kB
MemFree:          444672 kB
MemAvailable:    7823380 kB
Buffers:            6364 kB
Cached:          7816112 kB
SwapCached:            0 kB
Active:          2125076 kB
Inactive:        6973796 kB
Active(anon):    1185912 kB
Inactive(anon):   127508 kB
Active(file):     939164 kB
Inactive(file):  6846288 kB
Unevictable:        5716 kB
Mlocked:            5716 kB
SwapTotal:       3145724 kB
SwapFree:        3145724 kB
Dirty:               504 kB
Writeback:             0 kB
AnonPages:       1282176 kB
Mapped:           767152 kB
Shmem:             32356 kB
KReclaimable:     441688 kB
Slab:             225704 kB
SReclaimable:      78748 kB
SUnreclaim:       146956 kB
KernelStack:       47728 kB
PageTables:        63756 kB
NFS_Unstable:          0 kB
Bounce:                0 kB
WritebackTmp:          0 kB
CommitLimit:     9202292 kB
Committed_AS:   67452020 kB
VmallocTotal:   263061440 kB
VmallocUsed:      104888 kB
VmallocChunk:          0 kB
Percpu:             7648 kB
CmaTotal:         294912 kB
CmaFree:               0 kB
MemTotal:       12113136 kB
MemFree:          429076 kB
MemAvailable:    7807796 kB
Buffers:            6364 kB
Cached:          7816124 kB
SwapCached:            0 kB
Active:          2141728 kB
Inactive:        6973808 kB
Active(anon):    1202564 kB
Inactive(anon):   127508 kB
Active(file):     939164 kB
Inactive(file):  6846300 kB
Unevictable:        5716 kB
Mlocked:            5716 kB
SwapTotal:       3145724 kB
SwapFree:        3145724 kB
Dirty:               516 kB
Writeback:             0 kB
AnonPages:       1298700 kB
Mapped:           767276 kB
Shmem:             32356 kB
KReclaimable:     441688 kB
Slab:             225696 kB
SReclaimable:      78748 kB
SUnreclaim:       146948 kB
KernelStack:       47760 kB
PageTables:        63880 kB
NFS_Unstable:          0 kB
Bounce:                0 kB
WritebackTmp:          0 kB
CommitLimit:     9202292 kB
Committed_AS:   67457528 kB
VmallocTotal:   263061440 kB
VmallocUsed:      104888 kB
VmallocChunk:          0 kB
Percpu:             7648 kB
CmaTotal:         294912 kB
CmaFree:              40 kB
MemTotal:       12113136 kB
MemFree:          414304 kB
MemAvailable:    7793040 kB
Buffers:            6364 kB
Cached:          7816140 kB
SwapCached:            0 kB
Active:          2154196 kB
Inactive:        6973824 kB
Active(anon):    1215032 kB
Inactive(anon):   127508 kB
Active(file):     939164 kB
Inactive(file):  6846316 kB
Unevictable:        5716 kB
Mlocked:            5716 kB
SwapTotal:       3145724 kB
SwapFree:        3145724 kB
Dirty:               532 kB
Writeback:             0 kB
AnonPages:       1311276 kB
Mapped:           767148 kB
Shmem:             32356 kB
KReclaimable:     441688 kB
Slab:             225704 kB
SReclaimable:      78748 kB
SUnreclaim:       146956 kB
KernelStack:       47744 kB
PageTables:        63864 kB
NFS_Unstable:          0 kB
Bounce:                0 kB
WritebackTmp:          0 kB
CommitLimit:     9202292 kB
Committed_AS:   67453260 kB
VmallocTotal:   263061440 kB
VmallocUsed:      104872 kB
VmallocChunk:          0 kB
Percpu:             7648 kB
CmaTotal:         294912 kB
CmaFree:               0 kB
MemTotal:       12113136 kB
MemFree:          414440 kB
MemAvailable:    7793184 kB
Buffers:            6364 kB
Cached:          7816148 kB
SwapCached:            0 kB
Active:          2154688 kB
Inactive:        6973832 kB
Active(anon):    1215524 kB
Inactive(anon):   127508 kB
Active(file):     939164 kB
Inactive(file):  6846324 kB
Unevictable:        5716 kB
Mlocked:            5716 kB
SwapTotal:       3145724 kB
SwapFree:        3145724 kB
Dirty:               552 kB
Writeback:             0 kB
AnonPages:       1311780 kB
Mapped:           767152 kB
Shmem:             32356 kB
KReclaimable:     441688 kB
Slab:             225704 kB
SReclaimable:      78748 kB
SUnreclaim:       146956 kB
KernelStack:       47760 kB
PageTables:        63884 kB
NFS_Unstable:          0 kB
Bounce:                0 kB
WritebackTmp:          0 kB
CommitLimit:     9202292 kB
Committed_AS:   67452872 kB
VmallocTotal:   263061440 kB
VmallocUsed:      104856 kB
VmallocChunk:          0 kB
Percpu:             7648 kB
CmaTotal:         294912 kB
CmaFree:               0 kB
MemTotal:       12113136 kB
MemFree:          413296 kB
MemAvailable:    7792060 kB
Buffers:            6364 kB
Cached:          7816164 kB
SwapCached:            0 kB
Active:          2155892 kB
Inactive:        6973848 kB
Active(anon):    1216728 kB
Inactive(anon):   127512 kB
Active(file):     939164 kB
Inactive(file):  6846336 kB
Unevictable:        5716 kB
Mlocked:            5716 kB
SwapTotal:       3145724 kB
SwapFree:        3145724 kB
Dirty:               564 kB
Writeback:             0 kB
AnonPages:       1312764 kB
Mapped:           767156 kB
Shmem:             32360 kB
KReclaimable:     441704 kB
Slab:             225704 kB
SReclaimable:      78764 kB
SUnreclaim:       146940 kB
KernelStack:       47760 kB
PageTables:        63892 kB
NFS_Unstable:          0 kB
Bounce:                0 kB
WritebackTmp:          0 kB
CommitLimit:     9202292 kB
Committed_AS:   67446380 kB
VmallocTotal:   263061440 kB
VmallocUsed:      104888 kB
VmallocChunk:          0 kB
Percpu:             7648 kB
CmaTotal:         294912 kB
CmaFree:               0 kB
MemTotal:       12113136 kB
MemFree:          411940 kB
MemAvailable:    7790716 kB
Buffers:            6364 kB
Cached:          7816184 kB
SwapCached:            0 kB
Active:          2156300 kB
Inactive:        6973868 kB
Active(anon):    1217136 kB
Inactive(anon):   127512 kB
Active(file):     939164 kB
Inactive(file):  6846356 kB
Unevictable:        5716 kB
Mlocked:            5716 kB
SwapTotal:       3145724 kB
SwapFree:        3145724 kB
Dirty:               584 kB
Writeback:             0 kB
AnonPages:       1313340 kB
Mapped:           767160 kB
Shmem:             32360 kB
KReclaimable:     441688 kB
Slab:             225696 kB
SReclaimable:      78748 kB
SUnreclaim:       146948 kB
KernelStack:       47712 kB
PageTables:        63780 kB
NFS_Unstable:          0 kB
Bounce:                0 kB
WritebackTmp:          0 kB
CommitLimit:     9202292 kB
Committed_AS:   67458620 kB
VmallocTotal:   263061440 kB
VmallocUsed:      104920 kB
VmallocChunk:          0 kB
Percpu:             7648 kB
CmaTotal:         294912 kB
CmaFree:               0 kB
MemTotal:       12113136 kB
MemFree:          413148 kB
MemAvailable:    7791944 kB
Buffers:            6364 kB
Cached:          7816204 kB
SwapCached:            0 kB
Active:          2156936 kB
Inactive:        6973884 kB
Active(anon):    1217768 kB
Inactive(anon):   127512 kB
Active(file):     939168 kB
Inactive(file):  6846372 kB
Unevictable:        5716 kB
Mlocked:            5716 kB
SwapTotal:       3145724 kB
SwapFree:        3145724 kB
Dirty:               636 kB
Writeback:             0 kB
AnonPages:       1313748 kB
Mapped:           767228 kB
Shmem:             32360 kB
KReclaimable:     441688 kB
Slab:             225688 kB
SReclaimable:      78748 kB
SUnreclaim:       146940 kB
KernelStack:       47728 kB
PageTables:        63960 kB
NFS_Unstable:          0 kB
Bounce:                0 kB
WritebackTmp:          0 kB
CommitLimit:     9202292 kB
Committed_AS:   67448748 kB
VmallocTotal:   263061440 kB
VmallocUsed:      104904 kB
VmallocChunk:          0 kB
Percpu:             7648 kB
CmaTotal:         294912 kB
CmaFree:               0 kB
MemTotal:       12113136 kB
MemFree:          413360 kB
MemAvailable:    7792164 kB
Buffers:            6364 kB
Cached:          7816212 kB
SwapCached:            0 kB
Active:          2156012 kB
Inactive:        6973896 kB
Active(anon):    1216848 kB
Inactive(anon):   127512 kB
Active(file):     939164 kB
Inactive(file):  6846384 kB
Unevictable:        5716 kB
Mlocked:            5716 kB
SwapTotal:       3145724 kB
SwapFree:        3145724 kB
Dirty:               648 kB
Writeback:             0 kB
AnonPages:       1313308 kB
Mapped:           767180 kB
Shmem:             32360 kB
KReclaimable:     441688 kB
Slab:             225712 kB
SReclaimable:      78748 kB
SUnreclaim:       146964 kB
KernelStack:       47744 kB
PageTables:        63884 kB
NFS_Unstable:          0 kB
Bounce:                0 kB
WritebackTmp:          0 kB
CommitLimit:     9202292 kB
Committed_AS:   67443980 kB
VmallocTotal:   263061440 kB
VmallocUsed:      104856 kB
VmallocChunk:          0 kB
Percpu:             7648 kB
CmaTotal:         294912 kB
CmaFree:              88 kB
MemTotal:       12113136 kB
MemFree:          413460 kB
MemAvailable:    7792272 kB
Buffers:            6364 kB
Cached:          7816220 kB
SwapCached:            0 kB
Active:          2157028 kB
Inactive:        6973904 kB
Active(anon):    1217864 kB
Inactive(anon):   127512 kB
Active(file):     939164 kB
Inactive(file):  6846392 kB
Unevictable:        5716 kB
Mlocked:            5716 kB
SwapTotal:       3145724 kB
SwapFree:        3145724 kB
Dirty:               660 kB
Writeback:             0 kB
AnonPages:       1313912 kB
Mapped:           767156 kB
Shmem:             32360 kB
KReclaimable:     441688 kB
Slab:             225704 kB
SReclaimable:      78748 kB
SUnreclaim:       146956 kB
KernelStack:       47728 kB
PageTables:        63920 kB
NFS_Unstable:          0 kB
Bounce:                0 kB
WritebackTmp:          0 kB
CommitLimit:     9202292 kB
Committed_AS:   67439156 kB
VmallocTotal:   263061440 kB
VmallocUsed:      104856 kB
VmallocChunk:          0 kB
Percpu:             7648 kB
CmaTotal:         294912 kB
CmaFree:               0 kB
MemTotal:       12113136 kB
MemFree:          412476 kB
MemAvailable:    7791300 kB
Buffers:            6364 kB
Cached:          7816232 kB
SwapCached:            0 kB
Active:          2157868 kB
Inactive:        6973916 kB
Active(anon):    1218704 kB
Inactive(anon):   127512 kB
Active(file):     939164 kB
Inactive(file):  6846404 kB
Unevictable:        5716 kB
Mlocked:            5716 kB
SwapTotal:       3145724 kB
SwapFree:        3145724 kB
Dirty:               684 kB
Writeback:             0 kB
AnonPages:       1314760 kB
Mapped:           767156 kB
Shmem:             32360 kB
KReclaimable:     441688 kB
Slab:             225696 kB
SReclaimable:      78748 kB
SUnreclaim:       146948 kB
KernelStack:       47760 kB
PageTables:        63880 kB
NFS_Unstable:          0 kB
Bounce:                0 kB
WritebackTmp:          0 kB
CommitLimit:     9202292 kB
Committed_AS:   67440628 kB
VmallocTotal:   263061440 kB
VmallocUsed:      104872 kB
VmallocChunk:          0 kB
Percpu:             7648 kB
CmaTotal:         294912 kB
CmaFree:               0 kB
MemTotal:       12113136 kB
MemFree:          412008 kB
MemAvailable:    7790844 kB
Buffers:            6364 kB
Cached:          7816244 kB
SwapCached:            0 kB
Active:          2157856 kB
Inactive:        6973928 kB
Active(anon):    1218692 kB
Inactive(anon):   127512 kB
Active(file):     939164 kB
Inactive(file):  6846416 kB
Unevictable:        5716 kB
Mlocked:            5716 kB
SwapTotal:       3145724 kB
SwapFree:        3145724 kB
Dirty:               696 kB
Writeback:             0 kB
AnonPages:       1314896 kB
Mapped:           767152 kB
Shmem:             32360 kB
KReclaimable:     441688 kB
Slab:             225696 kB
SReclaimable:      78748 kB
SUnreclaim:       146948 kB
KernelStack:       47760 kB
PageTables:        63888 kB
NFS_Unstable:          0 kB
Bounce:                0 kB
WritebackTmp:          0 kB
CommitLimit:     9202292 kB
Committed_AS:   67439768 kB
VmallocTotal:   263061440 kB
VmallocUsed:      104888 kB
VmallocChunk:          0 kB
Percpu:             7648 kB
CmaTotal:         294912 kB
CmaFree:               0 kB
MemTotal:       12113136 kB
MemFree:          412016 kB
MemAvailable:    7790864 kB
Buffers:            6364 kB
Cached:          7816256 kB
SwapCached:            0 kB
Active:          2158560 kB
Inactive:        6973940 kB
Active(anon):    1219396 kB
Inactive(anon):   127512 kB
Active(file):     939164 kB
Inactive(file):  6846428 kB
Unevictable:        5716 kB
Mlocked:            5716 kB
SwapTotal:       3145724 kB
SwapFree:        3145724 kB
Dirty:               708 kB
Writeback:             0 kB
AnonPages:       1315524 kB
Mapped:           767156 kB
Shmem:             32360 kB
KReclaimable:     441688 kB
Slab:             225696 kB
SReclaimable:      78748 kB
SUnreclaim:       146948 kB
KernelStack:       47712 kB
PageTables:        63784 kB
NFS_Unstable:          0 kB
Bounce:                0 kB
WritebackTmp:          0 kB
CommitLimit:     9202292 kB
Committed_AS:   67440480 kB
VmallocTotal:   263061440 kB
VmallocUsed:      104856 kB
VmallocChunk:          0 kB
Percpu:             7648 kB
CmaTotal:         294912 kB
CmaFree:               0 kB
MemTotal:       12113136 kB
MemFree:          411084 kB
MemAvailable:    7789980 kB
Buffers:            6372 kB
Cached:          7816288 kB
SwapCached:            0 kB
Active:          2159804 kB
Inactive:        6973972 kB
Active(anon):    1220632 kB
Inactive(anon):   127512 kB
Active(file):     939172 kB
Inactive(file):  6846460 kB
Unevictable:        5716 kB
Mlocked:            5716 kB
SwapTotal:       3145724 kB
SwapFree:        3145724 kB
Dirty:               704 kB
Writeback:             0 kB
AnonPages:       1317184 kB
Mapped:           767320 kB
Shmem:             32360 kB
KReclaimable:     441704 kB
Slab:             225700 kB
SReclaimable:      78764 kB
SUnreclaim:       146936 kB
KernelStack:       47740 kB
PageTables:        64100 kB
NFS_Unstable:          0 kB
Bounce:                0 kB
WritebackTmp:          0 kB
CommitLimit:     9202292 kB
Committed_AS:   67443468 kB
VmallocTotal:   263061440 kB
VmallocUsed:      104808 kB
VmallocChunk:          0 kB
Percpu:             7648 kB
CmaTotal:         294912 kB
CmaFree:               0 kB
MemTotal:       12113136 kB
MemFree:          409904 kB
MemAvailable:    7788820 kB
Buffers:            6372 kB
Cached:          7816300 kB
SwapCached:            0 kB
Active:          2159812 kB
Inactive:        6973984 kB
Active(anon):    1220640 kB
Inactive(anon):   127512 kB
Active(file):     939172 kB
Inactive(file):  6846472 kB
Unevictable:        5716 kB
Mlocked:            5716 kB
SwapTotal:       3145724 kB
SwapFree:        3145724 kB
Dirty:               716 kB
Writeback:             0 kB
AnonPages:       1316824 kB
Mapped:           767428 kB
Shmem:             32360 kB
KReclaimable:     441720 kB
Slab:             225716 kB
SReclaimable:      78780 kB
SUnreclaim:       146936 kB
KernelStack:       47744 kB
PageTables:        63828 kB
NFS_Unstable:          0 kB
Bounce:                0 kB
WritebackTmp:          0 kB
CommitLimit:     9202292 kB
Committed_AS:   67446756 kB
VmallocTotal:   263061440 kB
VmallocUsed:      104872 kB
VmallocChunk:          0 kB
Percpu:             7648 kB
CmaTotal:         294912 kB
CmaFree:               0 kB
MemTotal:       12113136 kB
MemFree:          408252 kB
MemAvailable:    7787180 kB
Buffers:            6372 kB
Cached:          7816312 kB
SwapCached:            0 kB
Active:          2160612 kB
Inactive:        6973996 kB
Active(anon):    1221440 kB
Inactive(anon):   127512 kB
Active(file):     939172 kB
Inactive(file):  6846484 kB
Unevictable:        5716 kB
Mlocked:            5716 kB
SwapTotal:       3145724 kB
SwapFree:        3145724 kB
Dirty:               728 kB
Writeback:             0 kB
AnonPages:       1317636 kB
Mapped:           767324 kB
Shmem:             32360 kB
KReclaimable:     441720 kB
Slab:             225724 kB
SReclaimable:      78780 kB
SUnreclaim:       146944 kB
KernelStack:       47664 kB
PageTables:        63700 kB
NFS_Unstable:          0 kB
Bounce:                0 kB
WritebackTmp:          0 kB
CommitLimit:     9202292 kB
Committed_AS:   67450916 kB
VmallocTotal:   263061440 kB
VmallocUsed:      104824 kB
VmallocChunk:          0 kB
Percpu:             7648 kB
CmaTotal:         294912 kB
CmaFree:               8 kB
MemTotal:       12113136 kB
MemFree:          435356 kB
MemAvailable:    7814288 kB
Buffers:            6372 kB
Cached:          7816316 kB
SwapCached:            0 kB
Active:          2133688 kB
Inactive:        6974000 kB
Active(anon):    1194516 kB
Inactive(anon):   127512 kB
Active(file):     939172 kB
Inactive(file):  6846488 kB
Unevictable:        5716 kB
Mlocked:            5716 kB
SwapTotal:       3145724 kB
SwapFree:        3145724 kB
Dirty:               752 kB
Writeback:             0 kB
AnonPages:       1290800 kB
Mapped:           767316 kB
Shmem:             32360 kB
KReclaimable:     441720 kB
Slab:             225724 kB
SReclaimable:      78780 kB
SUnreclaim:       146944 kB
KernelStack:       47728 kB
PageTables:        63896 kB
NFS_Unstable:          0 kB
Bounce:                0 kB
WritebackTmp:          0 kB
CommitLimit:     9202292 kB
Committed_AS:   67438316 kB
VmallocTotal:   263061440 kB
VmallocUsed:      104856 kB
VmallocChunk:          0 kB
Percpu:             7648 kB
CmaTotal:         294912 kB
CmaFree:               0 kB
MemTotal:       12113136 kB
MemFree:          438440 kB
MemAvailable:    7817396 kB
Buffers:            6372 kB
Cached:          7816340 kB
SwapCached:            0 kB
Active:          2129848 kB
Inactive:        6974024 kB
Active(anon):    1190676 kB
Inactive(anon):   127512 kB
Active(file):     939172 kB
Inactive(file):  6846512 kB
Unevictable:        5716 kB
Mlocked:            5716 kB
SwapTotal:       3145724 kB
SwapFree:        3145724 kB
Dirty:               776 kB
Writeback:             0 kB
AnonPages:       1287012 kB
Mapped:           767324 kB
Shmem:             32360 kB
KReclaimable:     441720 kB
Slab:             225716 kB
SReclaimable:      78780 kB
SUnreclaim:       146936 kB
KernelStack:       47712 kB
PageTables:        63892 kB
NFS_Unstable:          0 kB
Bounce:                0 kB
WritebackTmp:          0 kB
CommitLimit:     9202292 kB
Committed_AS:   67448924 kB
VmallocTotal:   263061440 kB
VmallocUsed:      104872 kB
VmallocChunk:          0 kB
Percpu:             7648 kB
CmaTotal:         294912 kB
CmaFree:               0 kB
MemTotal:       12113136 kB
MemFree:          438220 kB
MemAvailable:    7817188 kB
Buffers:            6372 kB
Cached:          7816352 kB
SwapCached:            0 kB
Active:          2130780 kB
Inactive:        6974036 kB
Active(anon):    1191608 kB
Inactive(anon):   127512 kB
Active(file):     939172 kB
Inactive(file):  6846524 kB
Unevictable:        5716 kB
Mlocked:            5716 kB
SwapTotal:       3145724 kB
SwapFree:        3145724 kB
Dirty:               788 kB
Writeback:             0 kB
AnonPages:       1287776 kB
Mapped:           767320 kB
Shmem:             32360 kB
KReclaimable:     441720 kB
Slab:             225716 kB
SReclaimable:      78780 kB
SUnreclaim:       146936 kB
KernelStack:       47680 kB
PageTables:        63788 kB
NFS_Unstable:          0 kB
Bounce:                0 kB
WritebackTmp:          0 kB
CommitLimit:     9202292 kB
Committed_AS:   67451888 kB
VmallocTotal:   263061440 kB
VmallocUsed:      104872 kB
VmallocChunk:          0 kB
Percpu:             7648 kB
CmaTotal:         294912 kB
CmaFree:               0 kB
MemTotal:       12113136 kB
MemFree:          438348 kB
MemAvailable:    7817320 kB
Buffers:            6372 kB
Cached:          7816356 kB
SwapCached:            0 kB
Active:          2131496 kB
Inactive:        6974040 kB
Active(anon):    1192324 kB
Inactive(anon):   127512 kB
Active(file):     939172 kB
Inactive(file):  6846528 kB
Unevictable:        5716 kB
Mlocked:            5716 kB
SwapTotal:       3145724 kB
SwapFree:        3145724 kB
Dirty:               820 kB
Writeback:             0 kB
AnonPages:       1288312 kB
Mapped:           767316 kB
Shmem:             32360 kB
KReclaimable:     441720 kB
Slab:             225716 kB
SReclaimable:      78780 kB
SUnreclaim:       146936 kB
KernelStack:       47696 kB
PageTables:        63400 kB
NFS_Unstable:          0 kB
Bounce:                0 kB
WritebackTmp:          0 kB
CommitLimit:     9202292 kB
Committed_AS:   67446360 kB
VmallocTotal:   263061440 kB
VmallocUsed:      104824 kB
VmallocChunk:          0 kB
Percpu:             7648 kB
CmaTotal:         294912 kB
CmaFree:              12 kB
MemTotal:       12113136 kB
MemFree:          435004 kB
MemAvailable:    7812108 kB
Buffers:            6372 kB
Cached:          7816716 kB
SwapCached:            0 kB
Active:          2135088 kB
Inactive:        6974376 kB
Active(anon):    1195916 kB
Inactive(anon):   127828 kB
Active(file):     939172 kB
Inactive(file):  6846548 kB
Unevictable:        5716 kB
Mlocked:            5716 kB
SwapTotal:       3145724 kB
SwapFree:        3145724 kB
Dirty:               872 kB
Writeback:             0 kB
AnonPages:       1292092 kB
Mapped:           767436 kB
Shmem:             32700 kB
KReclaimable:     437944 kB
Slab:             225724 kB
SReclaimable:      78780 kB
SUnreclaim:       146944 kB
KernelStack:       47728 kB
PageTables:        63920 kB
NFS_Unstable:          0 kB
Bounce:                0 kB
WritebackTmp:          0 kB
CommitLimit:     9202292 kB
Committed_AS:   67443556 kB
VmallocTotal:   263061440 kB
VmallocUsed:      104856 kB
VmallocChunk:          0 kB
Percpu:             7648 kB
CmaTotal:         294912 kB
CmaFree:               0 kB
MemTotal:       12113136 kB
MemFree:          432412 kB
MemAvailable:    7809524 kB
Buffers:            6372 kB
Cached:          7816904 kB
SwapCached:            0 kB
Active:          2136348 kB
Inactive:        6974564 kB
Active(anon):    1197176 kB
Inactive(anon):   128008 kB
Active(file):     939172 kB
Inactive(file):  6846556 kB
Unevictable:        5716 kB
Mlocked:            5716 kB
SwapTotal:       3145724 kB
SwapFree:        3145724 kB
Dirty:               896 kB
Writeback:             0 kB
AnonPages:       1293172 kB
Mapped:           767452 kB
Shmem:             32880 kB
KReclaimable:     437944 kB
Slab:             225700 kB
SReclaimable:      78780 kB
SUnreclaim:       146920 kB
KernelStack:       47776 kB
PageTables:        63900 kB
NFS_Unstable:          0 kB
Bounce:                0 kB
WritebackTmp:          0 kB
CommitLimit:     9202292 kB
Committed_AS:   67439076 kB
VmallocTotal:   263061440 kB
VmallocUsed:      104808 kB
VmallocChunk:          0 kB
Percpu:             7648 kB
CmaTotal:         294912 kB
CmaFree:               0 kB
MemTotal:       12113136 kB
MemFree:          429840 kB
MemAvailable:    7806976 kB
Buffers:            6372 kB
Cached:          7817140 kB
SwapCached:            0 kB
Active:          2138132 kB
Inactive:        6974800 kB
Active(anon):    1198960 kB
Inactive(anon):   128220 kB
Active(file):     939172 kB
Inactive(file):  6846580 kB
Unevictable:        5716 kB
Mlocked:            5716 kB
SwapTotal:       3145724 kB
SwapFree:        3145724 kB
Dirty:               980 kB
Writeback:             0 kB
AnonPages:       1295364 kB
Mapped:           767496 kB
Shmem:             33092 kB
KReclaimable:     437944 kB
Slab:             225700 kB
SReclaimable:      78780 kB
SUnreclaim:       146920 kB
KernelStack:       47776 kB
PageTables:        63900 kB
NFS_Unstable:          0 kB
Bounce:                0 kB
WritebackTmp:          0 kB
CommitLimit:     9202292 kB
Committed_AS:   67451908 kB
VmallocTotal:   263061440 kB
VmallocUsed:      104840 kB
VmallocChunk:          0 kB
Percpu:             7648 kB
CmaTotal:         294912 kB
CmaFree:               0 kB
MemTotal:       12113136 kB
MemFree:          429852 kB
MemAvailable:    7806992 kB
Buffers:            6372 kB
Cached:          7817344 kB
SwapCached:            0 kB
Active:          2138720 kB
Inactive:        6975004 kB
Active(anon):    1199548 kB
Inactive(anon):   128420 kB
Active(file):     939172 kB
Inactive(file):  6846584 kB
Unevictable:        5716 kB
Mlocked:            5716 kB
SwapTotal:       3145724 kB
SwapFree:        3145724 kB
Dirty:               940 kB
Writeback:             0 kB
AnonPages:       1295632 kB
Mapped:           767540 kB
Shmem:             33292 kB
KReclaimable:     437944 kB
Slab:             225692 kB
SReclaimable:      78780 kB
SUnreclaim:       146912 kB
KernelStack:       47776 kB
PageTables:        63880 kB
NFS_Unstable:          0 kB
Bounce:                0 kB
WritebackTmp:          0 kB
CommitLimit:     9202292 kB
Committed_AS:   67437012 kB
VmallocTotal:   263061440 kB
VmallocUsed:      104872 kB
VmallocChunk:          0 kB
Percpu:             7648 kB
CmaTotal:         294912 kB
CmaFree:               0 kB
MemTotal:       12113136 kB
MemFree:          427324 kB
MemAvailable:    7804480 kB
Buffers:            6372 kB
Cached:          7817568 kB
SwapCached:            0 kB
Active:          2139888 kB
Inactive:        6975228 kB
Active(anon):    1200716 kB
Inactive(anon):   128628 kB
Active(file):     939172 kB
Inactive(file):  6846600 kB
Unevictable:        5716 kB
Mlocked:            5716 kB
SwapTotal:       3145724 kB
SwapFree:        3145724 kB
Dirty:               988 kB
Writeback:             0 kB
AnonPages:       1296912 kB
Mapped:           767572 kB
Shmem:             33500 kB
KReclaimable:     437944 kB
Slab:             225692 kB
SReclaimable:      78780 kB
SUnreclaim:       146912 kB
KernelStack:       47744 kB
PageTables:        63908 kB
NFS_Unstable:          0 kB
Bounce:                0 kB
WritebackTmp:          0 kB
CommitLimit:     9202292 kB
Committed_AS:   67446932 kB
VmallocTotal:   263061440 kB
VmallocUsed:      104888 kB
VmallocChunk:          0 kB
Percpu:             7648 kB
CmaTotal:         294912 kB
CmaFree:               0 kB
MemTotal:       12113136 kB
MemFree:          435860 kB
MemAvailable:    7813028 kB
Buffers:            6372 kB
Cached:          7815884 kB
SwapCached:            0 kB
Active:          2133136 kB
Inactive:        6973548 kB
Active(anon):    1193968 kB
Inactive(anon):   126932 kB
Active(file):     939168 kB
Inactive(file):  6846616 kB
Unevictable:        5716 kB
Mlocked:            5716 kB
SwapTotal:       3145724 kB
SwapFree:        3145724 kB
Dirty:              1036 kB
Writeback:             0 kB
AnonPages:       1290208 kB
Mapped:           767612 kB
Shmem:             31804 kB
KReclaimable:     437944 kB
Slab:             225700 kB
SReclaimable:      78780 kB
SUnreclaim:       146920 kB
KernelStack:       47728 kB
PageTables:        63788 kB
NFS_Unstable:          0 kB
Bounce:                0 kB
WritebackTmp:          0 kB
CommitLimit:     9202292 kB
Committed_AS:   67451220 kB
VmallocTotal:   263061440 kB
VmallocUsed:      104888 kB
VmallocChunk:          0 kB
Percpu:             7648 kB
CmaTotal:         294912 kB
CmaFree:               0 kB
MemTotal:       12113136 kB
MemFree:          434420 kB
MemAvailable:    7811596 kB
Buffers:            6372 kB
Cached:          7816084 kB
SwapCached:            0 kB
Active:          2134752 kB
Inactive:        6973744 kB
Active(anon):    1195580 kB
Inactive(anon):   127124 kB
Active(file):     939172 kB
Inactive(file):  6846620 kB
Unevictable:        5716 kB
Mlocked:            5716 kB
SwapTotal:       3145724 kB
SwapFree:        3145724 kB
Dirty:              1060 kB
Writeback:             0 kB
AnonPages:       1291664 kB
Mapped:           767648 kB
Shmem:             31996 kB
KReclaimable:     437944 kB
Slab:             225700 kB
SReclaimable:      78780 kB
SUnreclaim:       146920 kB
KernelStack:       47728 kB
PageTables:        63796 kB
NFS_Unstable:          0 kB
Bounce:                0 kB
WritebackTmp:          0 kB
CommitLimit:     9202292 kB
Committed_AS:   67448676 kB
VmallocTotal:   263061440 kB
VmallocUsed:      104856 kB
VmallocChunk:          0 kB
Percpu:             7648 kB
CmaTotal:         294912 kB
CmaFree:               0 kB
MemTotal:       12113136 kB
MemFree:          434756 kB
MemAvailable:    7811940 kB
Buffers:            6372 kB
Cached:          7816156 kB
SwapCached:            0 kB
Active:          2135012 kB
Inactive:        6973816 kB
Active(anon):    1195840 kB
Inactive(anon):   127188 kB
Active(file):     939172 kB
Inactive(file):  6846628 kB
Unevictable:        5716 kB
Mlocked:            5716 kB
SwapTotal:       3145724 kB
SwapFree:        3145724 kB
Dirty:              1084 kB
Writeback:             0 kB
AnonPages:       1292040 kB
Mapped:           767684 kB
Shmem:             32060 kB
KReclaimable:     437944 kB
Slab:             225708 kB
SReclaimable:      78780 kB
SUnreclaim:       146928 kB
KernelStack:       47744 kB
PageTables:        63764 kB
NFS_Unstable:          0 kB
Bounce:                0 kB
WritebackTmp:          0 kB
CommitLimit:     9202292 kB
Committed_AS:   67444388 kB
VmallocTotal:   263061440 kB
VmallocUsed:      104888 kB
VmallocChunk:          0 kB
Percpu:             7648 kB
CmaTotal:         294912 kB
CmaFree:               0 kB
MemTotal:       12113136 kB
MemFree:          449584 kB
MemAvailable:    7826808 kB
Buffers:            6376 kB
Cached:          7816516 kB
SwapCached:            0 kB
Active:          2120128 kB
Inactive:        6974176 kB
Active(anon):    1180952 kB
Inactive(anon):   127512 kB
Active(file):     939176 kB
Inactive(file):  6846664 kB
Unevictable:        5716 kB
Mlocked:            5716 kB
SwapTotal:       3145724 kB
SwapFree:        3145724 kB
Dirty:              1116 kB
Writeback:             0 kB
AnonPages:       1277096 kB
Mapped:           767684 kB
Shmem:             32384 kB
KReclaimable:     437944 kB
Slab:             225708 kB
SReclaimable:      78780 kB
SUnreclaim:       146928 kB
KernelStack:       47760 kB
PageTables:        63928 kB
NFS_Unstable:          0 kB
Bounce:                0 kB
WritebackTmp:          0 kB
CommitLimit:     9202292 kB
Committed_AS:   67444132 kB
VmallocTotal:   263061440 kB
VmallocUsed:      104872 kB
VmallocChunk:          0 kB
Percpu:             7648 kB
CmaTotal:         294912 kB
CmaFree:              76 kB
MemTotal:       12113136 kB
MemFree:          447464 kB
MemAvailable:    7824700 kB
Buffers:            6376 kB
Cached:          7816720 kB
SwapCached:            0 kB
Active:          2120992 kB
Inactive:        6974380 kB
Active(anon):    1181816 kB
Inactive(anon):   127704 kB
Active(file):     939176 kB
Inactive(file):  6846676 kB
Unevictable:        5716 kB
Mlocked:            5716 kB
SwapTotal:       3145724 kB
SwapFree:        3145724 kB
Dirty:               328 kB
Writeback:             0 kB
AnonPages:       1277956 kB
Mapped:           767736 kB
Shmem:             32576 kB
KReclaimable:     437944 kB
Slab:             225736 kB
SReclaimable:      78780 kB
SUnreclaim:       146956 kB
KernelStack:       47744 kB
PageTables:        63932 kB
NFS_Unstable:          0 kB
Bounce:                0 kB
WritebackTmp:          0 kB
CommitLimit:     9202292 kB
Committed_AS:   67438848 kB
VmallocTotal:   263061440 kB
VmallocUsed:      104872 kB
VmallocChunk:          0 kB
Percpu:             7648 kB
CmaTotal:         294912 kB
CmaFree:               0 kB
MemTotal:       12113136 kB
MemFree:          446108 kB
MemAvailable:    7823352 kB
Buffers:            6376 kB
Cached:          7816920 kB
SwapCached:            0 kB
Active:          2122612 kB
Inactive:        6974580 kB
Active(anon):    1183436 kB
Inactive(anon):   127896 kB
Active(file):     939176 kB
Inactive(file):  6846684 kB
Unevictable:        5716 kB
Mlocked:            5716 kB
SwapTotal:       3145724 kB
SwapFree:        3145724 kB
Dirty:               360 kB
Writeback:             0 kB
AnonPages:       1279620 kB
Mapped:           767772 kB
Shmem:             32768 kB
KReclaimable:     437944 kB
Slab:             225736 kB
SReclaimable:      78780 kB
SUnreclaim:       146956 kB
KernelStack:       47760 kB
PageTables:        63868 kB
NFS_Unstable:          0 kB
Bounce:                0 kB
WritebackTmp:          0 kB
CommitLimit:     9202292 kB
Committed_AS:   67448620 kB
VmallocTotal:   263061440 kB
VmallocUsed:      104888 kB
VmallocChunk:          0 kB
Percpu:             7648 kB
CmaTotal:         294912 kB
CmaFree:               0 kB
MemTotal:       12113136 kB
MemFree:          444412 kB
MemAvailable:    7821656 kB
Buffers:            6376 kB
Cached:          7816952 kB
SwapCached:            0 kB
Active:          2122988 kB
Inactive:        6974612 kB
Active(anon):    1183812 kB
Inactive(anon):   127928 kB
Active(file):     939176 kB
Inactive(file):  6846684 kB
Unevictable:        5716 kB
Mlocked:            5716 kB
SwapTotal:       3145724 kB
SwapFree:        3145724 kB
Dirty:               400 kB
Writeback:             0 kB
AnonPages:       1279452 kB
Mapped:           767836 kB
Shmem:             32800 kB
KReclaimable:     437944 kB
Slab:             225744 kB
SReclaimable:      78780 kB
SUnreclaim:       146964 kB
KernelStack:       47792 kB
PageTables:        64056 kB
NFS_Unstable:          0 kB
Bounce:                0 kB
WritebackTmp:          0 kB
CommitLimit:     9202292 kB
Committed_AS:   67442372 kB
VmallocTotal:   263061440 kB
VmallocUsed:      104872 kB
VmallocChunk:          0 kB
Percpu:             7648 kB
CmaTotal:         294912 kB
CmaFree:             176 kB
MemTotal:       12113136 kB
MemFree:          445100 kB
MemAvailable:    7822372 kB
Buffers:            6376 kB
Cached:          7817332 kB
SwapCached:            0 kB
Active:          2121972 kB
Inactive:        6974992 kB
Active(anon):    1182796 kB
Inactive(anon):   128280 kB
Active(file):     939176 kB
Inactive(file):  6846712 kB
Unevictable:        5716 kB
Mlocked:            5716 kB
SwapTotal:       3145724 kB
SwapFree:        3145724 kB
Dirty:               448 kB
Writeback:             0 kB
AnonPages:       1279076 kB
Mapped:           767940 kB
Shmem:             33152 kB
KReclaimable:     437944 kB
Slab:             225740 kB
SReclaimable:      78780 kB
SUnreclaim:       146960 kB
KernelStack:       47760 kB
PageTables:        63888 kB
NFS_Unstable:          0 kB
Bounce:                0 kB
WritebackTmp:          0 kB
CommitLimit:     9202292 kB
Committed_AS:   67445780 kB
VmallocTotal:   263061440 kB
VmallocUsed:      104872 kB
VmallocChunk:          0 kB
Percpu:             7648 kB
CmaTotal:         294912 kB
CmaFree:               0 kB
MemTotal:       12113136 kB
MemFree:          444820 kB
MemAvailable:    7822100 kB
Buffers:            6376 kB
Cached:          7817536 kB
SwapCached:            0 kB
Active:          2123008 kB
Inactive:        6975196 kB
Active(anon):    1183832 kB
Inactive(anon):   128476 kB
Active(file):     939176 kB
Inactive(file):  6846720 kB
Unevictable:        5716 kB
Mlocked:            5716 kB
SwapTotal:       3145724 kB
SwapFree:        3145724 kB
Dirty:               476 kB
Writeback:             0 kB
AnonPages:       1279988 kB
Mapped:           767860 kB
Shmem:             33348 kB
KReclaimable:     437944 kB
Slab:             225740 kB
SReclaimable:      78780 kB
SUnreclaim:       146960 kB
KernelStack:       47760 kB
PageTables:        63900 kB
NFS_Unstable:          0 kB
Bounce:                0 kB
WritebackTmp:          0 kB
CommitLimit:     9202292 kB
Committed_AS:   67444272 kB
VmallocTotal:   263061440 kB
VmallocUsed:      104872 kB
VmallocChunk:          0 kB
Percpu:             7648 kB
CmaTotal:         294912 kB
CmaFree:               0 kB
MemTotal:       12113136 kB
MemFree:          444328 kB
MemAvailable:    7821624 kB
Buffers:            6376 kB
Cached:          7817744 kB
SwapCached:            0 kB
Active:          2124448 kB
Inactive:        6975404 kB
Active(anon):    1185272 kB
Inactive(anon):   128668 kB
Active(file):     939176 kB
Inactive(file):  6846736 kB
Unevictable:        5716 kB
Mlocked:            5716 kB
SwapTotal:       3145724 kB
SwapFree:        3145724 kB
Dirty:               508 kB
Writeback:             0 kB
AnonPages:       1281352 kB
Mapped:           767888 kB
Shmem:             33540 kB
KReclaimable:     437944 kB
Slab:             225740 kB
SReclaimable:      78780 kB
SUnreclaim:       146960 kB
KernelStack:       47728 kB
PageTables:        63924 kB
NFS_Unstable:          0 kB
Bounce:                0 kB
WritebackTmp:          0 kB
CommitLimit:     9202292 kB
Committed_AS:   67441032 kB
VmallocTotal:   263061440 kB
VmallocUsed:      104824 kB
VmallocChunk:          0 kB
Percpu:             7648 kB
CmaTotal:         294912 kB
CmaFree:               0 kB
MemTotal:       12113136 kB
MemFree:          442292 kB
MemAvailable:    7819592 kB
Buffers:            6376 kB
Cached:          7817940 kB
SwapCached:            0 kB
Active:          2126120 kB
Inactive:        6975600 kB
Active(anon):    1186944 kB
Inactive(anon):   128860 kB
Active(file):     939176 kB
Inactive(file):  6846740 kB
Unevictable:        5716 kB
Mlocked:            5716 kB
SwapTotal:       3145724 kB
SwapFree:        3145724 kB
Dirty:               564 kB
Writeback:             0 kB
AnonPages:       1282880 kB
Mapped:           767920 kB
Shmem:             33732 kB
KReclaimable:     437944 kB
Slab:             225740 kB
SReclaimable:      78780 kB
SUnreclaim:       146960 kB
KernelStack:       47728 kB
PageTables:        63836 kB
NFS_Unstable:          0 kB
Bounce:                0 kB
WritebackTmp:          0 kB
CommitLimit:     9202292 kB
Committed_AS:   67447128 kB
VmallocTotal:   263061440 kB
VmallocUsed:      104840 kB
VmallocChunk:          0 kB
Percpu:             7648 kB
CmaTotal:         294912 kB
CmaFree:               0 kB
MemTotal:       12113136 kB
MemFree:          439668 kB
MemAvailable:    7816992 kB
Buffers:            6376 kB
Cached:          7818156 kB
SwapCached:            0 kB
Active:          2127136 kB
Inactive:        6975816 kB
Active(anon):    1187960 kB
Inactive(anon):   129052 kB
Active(file):     939176 kB
Inactive(file):  6846764 kB
Unevictable:        5716 kB
Mlocked:            5716 kB
SwapTotal:       3145724 kB
SwapFree:        3145724 kB
Dirty:               608 kB
Writeback:             0 kB
AnonPages:       1284120 kB
Mapped:           767952 kB
Shmem:             33924 kB
KReclaimable:     437944 kB
Slab:             225740 kB
SReclaimable:      78780 kB
SUnreclaim:       146960 kB
KernelStack:       47728 kB
PageTables:        63800 kB
NFS_Unstable:          0 kB
Bounce:                0 kB
WritebackTmp:          0 kB
CommitLimit:     9202292 kB
Committed_AS:   67452524 kB
VmallocTotal:   263061440 kB
VmallocUsed:      104824 kB
VmallocChunk:          0 kB
Percpu:             7648 kB
CmaTotal:         294912 kB
CmaFree:               0 kB
MemTotal:       12113136 kB
MemFree:          438208 kB
MemAvailable:    7815544 kB
Buffers:            6376 kB
Cached:          7818368 kB
SwapCached:            0 kB
Active:          2128116 kB
Inactive:        6976028 kB
Active(anon):    1188940 kB
Inactive(anon):   129252 kB
Active(file):     939176 kB
Inactive(file):  6846776 kB
Unevictable:        5716 kB
Mlocked:            5716 kB
SwapTotal:       3145724 kB
SwapFree:        3145724 kB
Dirty:               664 kB
Writeback:             0 kB
AnonPages:       1285068 kB
Mapped:           768004 kB
Shmem:             34124 kB
KReclaimable:     437944 kB
Slab:             225748 kB
SReclaimable:      78780 kB
SUnreclaim:       146968 kB
KernelStack:       47760 kB
PageTables:        63808 kB
NFS_Unstable:          0 kB
Bounce:                0 kB
WritebackTmp:          0 kB
CommitLimit:     9202292 kB
Committed_AS:   67445724 kB
VmallocTotal:   263061440 kB
VmallocUsed:      104824 kB
VmallocChunk:          0 kB
Percpu:             7648 kB
CmaTotal:         294912 kB
CmaFree:               0 kB
MemTotal:       12113136 kB
MemFree:          437372 kB
MemAvailable:    7814724 kB
Buffers:            6376 kB
Cached:          7818576 kB
SwapCached:            0 kB
Active:          2129792 kB
Inactive:        6976236 kB
Active(anon):    1190616 kB
Inactive(anon):   129444 kB
Active(file):     939176 kB
Inactive(file):  6846792 kB
Unevictable:        5716 kB
Mlocked:            5716 kB
SwapTotal:       3145724 kB
SwapFree:        3145724 kB
Dirty:               764 kB
Writeback:             0 kB
AnonPages:       1286748 kB
Mapped:           768016 kB
Shmem:             34316 kB
KReclaimable:     437944 kB
Slab:             225756 kB
SReclaimable:      78780 kB
SUnreclaim:       146976 kB
KernelStack:       47744 kB
PageTables:        63792 kB
NFS_Unstable:          0 kB
Bounce:                0 kB
WritebackTmp:          0 kB
CommitLimit:     9202292 kB
Committed_AS:   67452916 kB
VmallocTotal:   263061440 kB
VmallocUsed:      104904 kB
VmallocChunk:          0 kB
Percpu:             7648 kB
CmaTotal:         294912 kB
CmaFree:              20 kB
MemTotal:       12113136 kB
MemFree:          435984 kB
MemAvailable:    7813368 kB
Buffers:            6376 kB
Cached:          7818792 kB
SwapCached:            0 kB
Active:          2131092 kB
Inactive:        6976452 kB
Active(anon):    1191916 kB
Inactive(anon):   129636 kB
Active(file):     939176 kB
Inactive(file):  6846816 kB
Unevictable:        5716 kB
Mlocked:            5716 kB
SwapTotal:       3145724 kB
SwapFree:        3145724 kB
Dirty:               804 kB
Writeback:             4 kB
AnonPages:       1288188 kB
Mapped:           768044 kB
Shmem:             34508 kB
KReclaimable:     437960 kB
Slab:             225756 kB
SReclaimable:      78796 kB
SUnreclaim:       146960 kB
KernelStack:       47760 kB
PageTables:        63892 kB
NFS_Unstable:          0 kB
Bounce:                0 kB
WritebackTmp:          0 kB
CommitLimit:     9202292 kB
Committed_AS:   67448176 kB
VmallocTotal:   263061440 kB
VmallocUsed:      104856 kB
VmallocChunk:          0 kB
Percpu:             7648 kB
CmaTotal:         294912 kB
CmaFree:               0 kB
MemTotal:       12113136 kB
MemFree:          435080 kB
MemAvailable:    7812468 kB
Buffers:            6376 kB
Cached:          7818996 kB
SwapCached:            0 kB
Active:          2132212 kB
Inactive:        6976656 kB
Active(anon):    1193036 kB
Inactive(anon):   129836 kB
Active(file):     939176 kB
Inactive(file):  6846820 kB
Unevictable:        5716 kB
Mlocked:            5716 kB
SwapTotal:       3145724 kB
SwapFree:        3145724 kB
Dirty:               832 kB
Writeback:             0 kB
AnonPages:       1289268 kB
Mapped:           768088 kB
Shmem:             34708 kB
KReclaimable:     437960 kB
Slab:             225764 kB
SReclaimable:      78796 kB
SUnreclaim:       146968 kB
KernelStack:       47760 kB
PageTables:        63900 kB
NFS_Unstable:          0 kB
Bounce:                0 kB
WritebackTmp:          0 kB
CommitLimit:     9202292 kB
Committed_AS:   67452352 kB
VmallocTotal:   263061440 kB
VmallocUsed:      104904 kB
VmallocChunk:          0 kB
Percpu:             7648 kB
CmaTotal:         294912 kB
CmaFree:               0 kB
MemTotal:       12113136 kB
MemFree:          433396 kB
MemAvailable:    7810820 kB
Buffers:            6376 kB
Cached:          7819208 kB
SwapCached:            0 kB
Active:          2133480 kB
Inactive:        6976868 kB
Active(anon):    1194304 kB
Inactive(anon):   130028 kB
Active(file):     939176 kB
Inactive(file):  6846840 kB
Unevictable:        5716 kB
Mlocked:            5716 kB
SwapTotal:       3145724 kB
SwapFree:        3145724 kB
Dirty:               884 kB
Writeback:             0 kB
AnonPages:       1290452 kB
Mapped:           768180 kB
Shmem:             34900 kB
KReclaimable:     437992 kB
Slab:             225812 kB
SReclaimable:      78828 kB
SUnreclaim:       146984 kB
KernelStack:       47760 kB
PageTables:        63988 kB
NFS_Unstable:          0 kB
Bounce:                0 kB
WritebackTmp:          0 kB
CommitLimit:     9202292 kB
Committed_AS:   67447448 kB
VmallocTotal:   263061440 kB
VmallocUsed:      104888 kB
VmallocChunk:          0 kB
Percpu:             7648 kB
CmaTotal:         294912 kB
CmaFree:               0 kB
MemTotal:       12113136 kB
MemFree:          431152 kB
MemAvailable:    7808580 kB
Buffers:            6376 kB
Cached:          7819404 kB
SwapCached:            0 kB
Active:          2135696 kB
Inactive:        6977064 kB
Active(anon):    1196520 kB
Inactive(anon):   130220 kB
Active(file):     939176 kB
Inactive(file):  6846844 kB
Unevictable:        5716 kB
Mlocked:            5716 kB
SwapTotal:       3145724 kB
SwapFree:        3145724 kB
Dirty:               928 kB
Writeback:             0 kB
AnonPages:       1292876 kB
Mapped:           768148 kB
Shmem:             35092 kB
KReclaimable:     437992 kB
Slab:             225844 kB
SReclaimable:      78828 kB
SUnreclaim:       147016 kB
KernelStack:       47760 kB
PageTables:        63896 kB
NFS_Unstable:          0 kB
Bounce:                0 kB
WritebackTmp:          0 kB
CommitLimit:     9202292 kB
Committed_AS:   67452204 kB
VmallocTotal:   263061440 kB
VmallocUsed:      104872 kB
VmallocChunk:          0 kB
Percpu:             7648 kB
CmaTotal:         294912 kB
CmaFree:               0 kB
MemTotal:       12113136 kB
MemFree:          429768 kB
MemAvailable:    7807236 kB
Buffers:            6384 kB
Cached:          7819628 kB
SwapCached:            0 kB
Active:          2137076 kB
Inactive:        6977288 kB
Active(anon):    1197892 kB
Inactive(anon):   130412 kB
Active(file):     939184 kB
Inactive(file):  6846876 kB
Unevictable:        5716 kB
Mlocked:            5716 kB
SwapTotal:       3145724 kB
SwapFree:        3145724 kB
Dirty:               928 kB
Writeback:             0 kB
AnonPages:       1294116 kB
Mapped:           767480 kB
Shmem:             35284 kB
KReclaimable:     437992 kB
Slab:             225836 kB
SReclaimable:      78828 kB
SUnreclaim:       147008 kB
KernelStack:       47776 kB
PageTables:        63848 kB
NFS_Unstable:          0 kB
Bounce:                0 kB
WritebackTmp:          0 kB
CommitLimit:     9202292 kB
Committed_AS:   67442288 kB
VmallocTotal:   263061440 kB
VmallocUsed:      104840 kB
VmallocChunk:          0 kB
Percpu:             7648 kB
CmaTotal:         294912 kB
CmaFree:               0 kB
MemTotal:       12113136 kB
MemFree:          439896 kB
MemAvailable:    7817372 kB
Buffers:            6384 kB
Cached:          7816164 kB
SwapCached:            0 kB
Active:          2128784 kB
Inactive:        6973824 kB
Active(anon):    1189600 kB
Inactive(anon):   126940 kB
Active(file):     939184 kB
Inactive(file):  6846884 kB
Unevictable:        5716 kB
Mlocked:            5716 kB
SwapTotal:       3145724 kB
SwapFree:        3145724 kB
Dirty:               992 kB
Writeback:             0 kB
AnonPages:       1285624 kB
Mapped:           767508 kB
Shmem:             31812 kB
KReclaimable:     437992 kB
Slab:             225852 kB
SReclaimable:      78828 kB
SUnreclaim:       147024 kB
KernelStack:       47760 kB
PageTables:        63900 kB
NFS_Unstable:          0 kB
Bounce:                0 kB
WritebackTmp:          0 kB
CommitLimit:     9202292 kB
Committed_AS:   67458164 kB
VmallocTotal:   263061440 kB
VmallocUsed:      104856 kB
VmallocChunk:          0 kB
Percpu:             7648 kB
CmaTotal:         294912 kB
CmaFree:               0 kB
MemTotal:       12113136 kB
MemFree:          439824 kB
MemAvailable:    7817308 kB
Buffers:            6384 kB
Cached:          7816364 kB
SwapCached:            0 kB
Active:          2129396 kB
Inactive:        6974028 kB
Active(anon):    1190216 kB
Inactive(anon):   127132 kB
Active(file):     939180 kB
Inactive(file):  6846896 kB
Unevictable:        5716 kB
Mlocked:            5716 kB
SwapTotal:       3145724 kB
SwapFree:        3145724 kB
Dirty:              1028 kB
Writeback:             0 kB
AnonPages:       1286220 kB
Mapped:           767528 kB
Shmem:             32004 kB
KReclaimable:     437992 kB
Slab:             225844 kB
SReclaimable:      78828 kB
SUnreclaim:       147016 kB
KernelStack:       47712 kB
PageTables:        63804 kB
NFS_Unstable:          0 kB
Bounce:                0 kB
WritebackTmp:          0 kB
CommitLimit:     9202292 kB
Committed_AS:   67437684 kB
VmallocTotal:   263061440 kB
VmallocUsed:      104872 kB
VmallocChunk:          0 kB
Percpu:             7648 kB
CmaTotal:         294912 kB
CmaFree:               0 kB
MemTotal:       12113136 kB
MemFree:          421648 kB
MemAvailable:    7799152 kB
Buffers:            6384 kB
Cached:          7825636 kB
SwapCached:            0 kB
Active:          2139444 kB
Inactive:        6983236 kB
Active(anon):    1200260 kB
Inactive(anon):   136324 kB
Active(file):     939184 kB
Inactive(file):  6846912 kB
Unevictable:        5716 kB
Mlocked:            5716 kB
SwapTotal:       3145724 kB
SwapFree:        3145724 kB
Dirty:              1080 kB
Writeback:             0 kB
AnonPages:       1290952 kB
Mapped:           776616 kB
Shmem:             41256 kB
KReclaimable:     437992 kB
Slab:             225844 kB
SReclaimable:      78828 kB
SUnreclaim:       147016 kB
KernelStack:       47728 kB
PageTables:        63608 kB
NFS_Unstable:          0 kB
Bounce:                0 kB
WritebackTmp:          0 kB
CommitLimit:     9202292 kB
Committed_AS:   67450504 kB
VmallocTotal:   263061440 kB
VmallocUsed:      104856 kB
VmallocChunk:          0 kB
Percpu:             7648 kB
CmaTotal:         294912 kB
CmaFree:               0 kB
MemTotal:       12113136 kB
MemFree:          408828 kB
MemAvailable:    7786348 kB
Buffers:            6384 kB
Cached:          7816784 kB
SwapCached:            0 kB
Active:          2159516 kB
Inactive:        6974444 kB
Active(anon):    1220332 kB
Inactive(anon):   127516 kB
Active(file):     939184 kB
Inactive(file):  6846928 kB
Unevictable:        5716 kB
Mlocked:            5716 kB
SwapTotal:       3145724 kB
SwapFree:        3145724 kB
Dirty:              1128 kB
Writeback:             0 kB
AnonPages:       1316668 kB
Mapped:           767596 kB
Shmem:             32388 kB
KReclaimable:     437992 kB
Slab:             225852 kB
SReclaimable:      78828 kB
SUnreclaim:       147024 kB
KernelStack:       47680 kB
PageTables:        63884 kB
NFS_Unstable:          0 kB
Bounce:                0 kB
WritebackTmp:          0 kB
CommitLimit:     9202292 kB
Committed_AS:   67444292 kB
VmallocTotal:   263061440 kB
VmallocUsed:      104872 kB
VmallocChunk:          0 kB
Percpu:             7648 kB
CmaTotal:         294912 kB
CmaFree:               0 kB
MemTotal:       12113136 kB
MemFree:          409196 kB
MemAvailable:    7786728 kB
Buffers:            6384 kB
Cached:          7816988 kB
SwapCached:            0 kB
Active:          2161196 kB
Inactive:        6974648 kB
Active(anon):    1222012 kB
Inactive(anon):   127708 kB
Active(file):     939184 kB
Inactive(file):  6846940 kB
Unevictable:        5716 kB
Mlocked:            5716 kB
SwapTotal:       3145724 kB
SwapFree:        3145724 kB
Dirty:              1164 kB
Writeback:             0 kB
AnonPages:       1318180 kB
Mapped:           767628 kB
Shmem:             32580 kB
KReclaimable:     437992 kB
Slab:             225844 kB
SReclaimable:      78828 kB
SUnreclaim:       147016 kB
KernelStack:       47696 kB
PageTables:        63892 kB
NFS_Unstable:          0 kB
Bounce:                0 kB
WritebackTmp:          0 kB
CommitLimit:     9202292 kB
Committed_AS:   67443024 kB
VmallocTotal:   263061440 kB
VmallocUsed:      104824 kB
VmallocChunk:          0 kB
Percpu:             7648 kB
CmaTotal:         294912 kB
CmaFree:               8 kB
MemTotal:       12113136 kB
MemFree:          406008 kB
MemAvailable:    7783552 kB
Buffers:            6384 kB
Cached:          7817196 kB
SwapCached:            0 kB
Active:          2162108 kB
Inactive:        6974856 kB
Active(anon):    1222924 kB
Inactive(anon):   127904 kB
Active(file):     939184 kB
Inactive(file):  6846952 kB
Unevictable:        5716 kB
Mlocked:            5716 kB
SwapTotal:       3145724 kB
SwapFree:        3145724 kB
Dirty:              1208 kB
Writeback:             0 kB
AnonPages:       1319192 kB
Mapped:           767656 kB
Shmem:             32776 kB
KReclaimable:     437992 kB
Slab:             225844 kB
SReclaimable:      78828 kB
SUnreclaim:       147016 kB
KernelStack:       47696 kB
PageTables:        63924 kB
NFS_Unstable:          0 kB
Bounce:                0 kB
WritebackTmp:          0 kB
CommitLimit:     9202292 kB
Committed_AS:   67455448 kB
VmallocTotal:   263061440 kB
VmallocUsed:      104856 kB
VmallocChunk:          0 kB
Percpu:             7648 kB
CmaTotal:         294912 kB
CmaFree:               0 kB
MemTotal:       12113136 kB
MemFree:          405304 kB
MemAvailable:    7782856 kB
Buffers:            6384 kB
Cached:          7817400 kB
SwapCached:            0 kB
Active:          2162916 kB
Inactive:        6975060 kB
Active(anon):    1223732 kB
Inactive(anon):   128100 kB
Active(file):     939184 kB
Inactive(file):  6846960 kB
Unevictable:        5716 kB
Mlocked:            5716 kB
SwapTotal:       3145724 kB
SwapFree:        3145724 kB
Dirty:              1248 kB
Writeback:             0 kB
AnonPages:       1320152 kB
Mapped:           767692 kB
Shmem:             32972 kB
KReclaimable:     437992 kB
Slab:             225844 kB
SReclaimable:      78828 kB
SUnreclaim:       147016 kB
KernelStack:       47712 kB
PageTables:        63904 kB
NFS_Unstable:          0 kB
Bounce:                0 kB
WritebackTmp:          0 kB
CommitLimit:     9202292 kB
Committed_AS:   67454344 kB
VmallocTotal:   263061440 kB
VmallocUsed:      104856 kB
VmallocChunk:          0 kB
Percpu:             7648 kB
CmaTotal:         294912 kB
CmaFree:               0 kB
MemTotal:       12113136 kB
MemFree:          404052 kB
MemAvailable:    7781620 kB
Buffers:            6384 kB
Cached:          7817612 kB
SwapCached:            0 kB
Active:          2164284 kB
Inactive:        6975272 kB
Active(anon):    1225100 kB
Inactive(anon):   128296 kB
Active(file):     939184 kB
Inactive(file):  6846976 kB
Unevictable:        5716 kB
Mlocked:            5716 kB
SwapTotal:       3145724 kB
SwapFree:        3145724 kB
Dirty:              1280 kB
Writeback:             0 kB
AnonPages:       1321384 kB
Mapped:           767724 kB
Shmem:             33168 kB
KReclaimable:     437992 kB
Slab:             225844 kB
SReclaimable:      78828 kB
SUnreclaim:       147016 kB
KernelStack:       47696 kB
PageTables:        63884 kB
NFS_Unstable:          0 kB
Bounce:                0 kB
WritebackTmp:          0 kB
CommitLimit:     9202292 kB
Committed_AS:   67441884 kB
VmallocTotal:   263061440 kB
VmallocUsed:      104776 kB
VmallocChunk:          0 kB
Percpu:             7648 kB
CmaTotal:         294912 kB
CmaFree:               0 kB
MemTotal:       12113136 kB
MemFree:          402688 kB
MemAvailable:    7780260 kB
Buffers:            6384 kB
Cached:          7817816 kB
SwapCached:            0 kB
Active:          2164756 kB
Inactive:        6975476 kB
Active(anon):    1225572 kB
Inactive(anon):   128488 kB
Active(file):     939184 kB
Inactive(file):  6846988 kB
Unevictable:        5716 kB
Mlocked:            5716 kB
SwapTotal:       3145724 kB
SwapFree:        3145724 kB
Dirty:              1364 kB
Writeback:             0 kB
AnonPages:       1322064 kB
Mapped:           767756 kB
Shmem:             33360 kB
KReclaimable:     437976 kB
Slab:             225844 kB
SReclaimable:      78812 kB
SUnreclaim:       147032 kB
KernelStack:       47680 kB
PageTables:        63896 kB
NFS_Unstable:          0 kB
Bounce:                0 kB
WritebackTmp:          0 kB
CommitLimit:     9202292 kB
Committed_AS:   67457180 kB
VmallocTotal:   263061440 kB
VmallocUsed:      104792 kB
VmallocChunk:          0 kB
Percpu:             7648 kB
CmaTotal:         294912 kB
CmaFree:              68 kB
MemTotal:       12113136 kB
MemFree:          401888 kB
MemAvailable:    7779476 kB
Buffers:            6384 kB
Cached:          7818024 kB
SwapCached:            0 kB
Active:          2166260 kB
Inactive:        6975684 kB
Active(anon):    1227076 kB
Inactive(anon):   128680 kB
Active(file):     939184 kB
Inactive(file):  6847004 kB
Unevictable:        5716 kB
Mlocked:            5716 kB
SwapTotal:       3145724 kB
SwapFree:        3145724 kB
Dirty:              1408 kB
Writeback:             0 kB
AnonPages:       1323172 kB
Mapped:           767784 kB
Shmem:             33552 kB
KReclaimable:     437976 kB
Slab:             225828 kB
SReclaimable:      78812 kB
SUnreclaim:       147016 kB
KernelStack:       47712 kB
PageTables:        63904 kB
NFS_Unstable:          0 kB
Bounce:                0 kB
WritebackTmp:          0 kB
CommitLimit:     9202292 kB
Committed_AS:   67447640 kB
VmallocTotal:   263061440 kB
VmallocUsed:      104760 kB
VmallocChunk:          0 kB
Percpu:             7648 kB
CmaTotal:         294912 kB
CmaFree:               0 kB
MemTotal:       12113136 kB
MemFree:          400048 kB
MemAvailable:    7777548 kB
Buffers:            6384 kB
Cached:          7818332 kB
SwapCached:            0 kB
Active:          2167608 kB
Inactive:        6975992 kB
Active(anon):    1228424 kB
Inactive(anon):   128976 kB
Active(file):     939184 kB
Inactive(file):  6847016 kB
Unevictable:        5716 kB
Mlocked:            5716 kB
SwapTotal:       3145724 kB
SwapFree:        3145724 kB
Dirty:              1448 kB
Writeback:             0 kB
AnonPages:       1324672 kB
Mapped:           767924 kB
Shmem:             33848 kB
KReclaimable:     437772 kB
Slab:             225828 kB
SReclaimable:      78812 kB
SUnreclaim:       147016 kB
KernelStack:       47680 kB
PageTables:        63908 kB
NFS_Unstable:          0 kB
Bounce:                0 kB
WritebackTmp:          0 kB
CommitLimit:     9202292 kB
Committed_AS:   67433504 kB
VmallocTotal:   263061440 kB
VmallocUsed:      104744 kB
VmallocChunk:          0 kB
Percpu:             7648 kB
CmaTotal:         294912 kB
CmaFree:               0 kB
MemTotal:       12113136 kB
MemFree:          398068 kB
MemAvailable:    7775576 kB
Buffers:            6384 kB
Cached:          7818532 kB
SwapCached:            0 kB
Active:          2169128 kB
Inactive:        6976192 kB
Active(anon):    1229944 kB
Inactive(anon):   129168 kB
Active(file):     939184 kB
Inactive(file):  6847024 kB
Unevictable:        5716 kB
Mlocked:            5716 kB
SwapTotal:       3145724 kB
SwapFree:        3145724 kB
Dirty:              1492 kB
Writeback:             0 kB
AnonPages:       1326164 kB
Mapped:           768084 kB
Shmem:             34040 kB
KReclaimable:     437772 kB
Slab:             225828 kB
SReclaimable:      78812 kB
SUnreclaim:       147016 kB
KernelStack:       47664 kB
PageTables:        63888 kB
NFS_Unstable:          0 kB
Bounce:                0 kB
WritebackTmp:          0 kB
CommitLimit:     9202292 kB
Committed_AS:   67431576 kB
VmallocTotal:   263061440 kB
VmallocUsed:      104744 kB
VmallocChunk:          0 kB
Percpu:             7648 kB
CmaTotal:         294912 kB
CmaFree:               0 kB
MemTotal:       12113136 kB
MemFree:          400472 kB
MemAvailable:    7777988 kB
Buffers:            6384 kB
Cached:          7818732 kB
SwapCached:            0 kB
Active:          2166808 kB
Inactive:        6976392 kB
Active(anon):    1227624 kB
Inactive(anon):   129360 kB
Active(file):     939184 kB
Inactive(file):  6847032 kB
Unevictable:        5716 kB
Mlocked:            5716 kB
SwapTotal:       3145724 kB
SwapFree:        3145724 kB
Dirty:              1516 kB
Writeback:             0 kB
AnonPages:       1323568 kB
Mapped:           767980 kB
Shmem:             34232 kB
KReclaimable:     437772 kB
Slab:             225796 kB
SReclaimable:      78812 kB
SUnreclaim:       146984 kB
KernelStack:       47660 kB
PageTables:        63984 kB
NFS_Unstable:          0 kB
Bounce:                0 kB
WritebackTmp:          0 kB
CommitLimit:     9202292 kB
Committed_AS:   67441476 kB
VmallocTotal:   263061440 kB
VmallocUsed:      104744 kB
VmallocChunk:          0 kB
Percpu:             7648 kB
CmaTotal:         294912 kB
CmaFree:               0 kB
MemTotal:       12113136 kB
MemFree:          397292 kB
MemAvailable:    7774824 kB
Buffers:            6384 kB
Cached:          7818948 kB
SwapCached:            0 kB
Active:          2168448 kB
Inactive:        6976608 kB
Active(anon):    1229264 kB
Inactive(anon):   129560 kB
Active(file):     939184 kB
Inactive(file):  6847048 kB
Unevictable:        5716 kB
Mlocked:            5716 kB
SwapTotal:       3145724 kB
SwapFree:        3145724 kB
Dirty:              1532 kB
Writeback:             0 kB
AnonPages:       1325604 kB
Mapped:           768128 kB
Shmem:             34432 kB
KReclaimable:     437772 kB
Slab:             225800 kB
SReclaimable:      78812 kB
SUnreclaim:       146988 kB
KernelStack:       47664 kB
PageTables:        63920 kB
NFS_Unstable:          0 kB
Bounce:                0 kB
WritebackTmp:          0 kB
CommitLimit:     9202292 kB
Committed_AS:   67437112 kB
VmallocTotal:   263061440 kB
VmallocUsed:      104760 kB
