MemTotal:       12113136 kB
MemFree:         6232036 kB
MemAvailable:    7848312 kB
Buffers:            5212 kB
Cached:          1837120 kB
SwapCached:            0 kB
Active:          1561936 kB
Inactive:        1604396 kB
Active(anon):    1330340 kB
Inactive(anon):    23012 kB
Active(file):     231596 kB
Inactive(file):  1581384 kB
Unevictable:        5508 kB
Mlocked:            5508 kB
SwapTotal:       3145724 kB
SwapFree:        3145724 kB
Dirty:                84 kB
Writeback:             4 kB
AnonPages:       1329472 kB
Mapped:           877136 kB
Shmem:             24900 kB
KReclaimable:     672000 kB
Slab:             229048 kB
SReclaimable:      78168 kB
SUnreclaim:       150880 kB
KernelStack:       48628 kB
PageTables:        68424 kB
NFS_Unstable:          0 kB
Bounce:                0 kB
WritebackTmp:          0 kB
CommitLimit:     9202292 kB
Committed_AS:   76599212 kB
VmallocTotal:   263061440 kB
VmallocUsed:      105616 kB
VmallocChunk:          0 kB
Percpu:             7616 kB
CmaTotal:         294912 kB
CmaFree:               0 kB
MemTotal:       12113136 kB
MemFree:         6230264 kB
MemAvailable:    7846644 kB
Buffers:            5212 kB
Cached:          1837192 kB
SwapCached:            0 kB
Active:          1561608 kB
Inactive:        1604436 kB
Active(anon):    1329980 kB
Inactive(anon):    23012 kB
Active(file):     231628 kB
Inactive(file):  1581424 kB
Unevictable:        5508 kB
Mlocked:            5508 kB
SwapTotal:       3145724 kB
SwapFree:        3145724 kB
Dirty:               192 kB
Writeback:             0 kB
AnonPages:       1329508 kB
Mapped:           877332 kB
Shmem:             24900 kB
KReclaimable:     672032 kB
Slab:             229084 kB
SReclaimable:      78200 kB
SUnreclaim:       150884 kB
KernelStack:       48592 kB
PageTables:        68464 kB
NFS_Unstable:          0 kB
Bounce:                0 kB
WritebackTmp:          0 kB
CommitLimit:     9202292 kB
Committed_AS:   76600160 kB
VmallocTotal:   263061440 kB
VmallocUsed:      105616 kB
VmallocChunk:          0 kB
Percpu:             7616 kB
CmaTotal:         294912 kB
CmaFree:              24 kB
MemTotal:       12113136 kB
MemFree:         6243312 kB
MemAvailable:    7859716 kB
Buffers:            5212 kB
Cached:          1837216 kB
SwapCached:            0 kB
Active:          1549468 kB
Inactive:        1604456 kB
Active(anon):    1317836 kB
Inactive(anon):    23012 kB
Active(file):     231632 kB
Inactive(file):  1581444 kB
Unevictable:        5508 kB
Mlocked:            5508 kB
SwapTotal:       3145724 kB
SwapFree:        3145724 kB
Dirty:               244 kB
Writeback:             0 kB
AnonPages:       1316888 kB
Mapped:           877144 kB
Shmem:             24900 kB
KReclaimable:     672032 kB
Slab:             229072 kB
SReclaimable:      78200 kB
SUnreclaim:       150872 kB
KernelStack:       48624 kB
PageTables:        68536 kB
NFS_Unstable:          0 kB
Bounce:                0 kB
WritebackTmp:          0 kB
CommitLimit:     9202292 kB
Committed_AS:   76594544 kB
VmallocTotal:   263061440 kB
VmallocUsed:      105600 kB
VmallocChunk:          0 kB
Percpu:             7616 kB
CmaTotal:         294912 kB
CmaFree:             108 kB
MemTotal:       12113136 kB
MemFree:         6241948 kB
MemAvailable:    7858368 kB
Buffers:            5212 kB
Cached:          1837232 kB
SwapCached:            0 kB
Active:          1549488 kB
Inactive:        1604472 kB
Active(anon):    1317856 kB
Inactive(anon):    23012 kB
Active(file):     231632 kB
Inactive(file):  1581460 kB
Unevictable:        5508 kB
Mlocked:            5508 kB
SwapTotal:       3145724 kB
SwapFree:        3145724 kB
Dirty:               260 kB
Writeback:             0 kB
AnonPages:       1317204 kB
Mapped:           877328 kB
Shmem:             24900 kB
KReclaimable:     672032 kB
Slab:             229084 kB
SReclaimable:      78200 kB
SUnreclaim:       150884 kB
KernelStack:       48576 kB
PageTables:        68472 kB
NFS_Unstable:          0 kB
Bounce:                0 kB
WritebackTmp:          0 kB
CommitLimit:     9202292 kB
Committed_AS:   76594492 kB
VmallocTotal:   263061440 kB
VmallocUsed:      105648 kB
VmallocChunk:          0 kB
Percpu:             7616 kB
CmaTotal:         294912 kB
CmaFree:               4 kB
MemTotal:       12113136 kB
MemFree:         6241676 kB
MemAvailable:    7858108 kB
Buffers:            5212 kB
Cached:          1837244 kB
SwapCached:            0 kB
Active:          1550572 kB
Inactive:        1604484 kB
Active(anon):    1318940 kB
Inactive(anon):    23012 kB
Active(file):     231632 kB
Inactive(file):  1581472 kB
Unevictable:        5508 kB
Mlocked:            5508 kB
SwapTotal:       3145724 kB
SwapFree:        3145724 kB
Dirty:               272 kB
Writeback:             0 kB
AnonPages:       1318080 kB
Mapped:           877332 kB
Shmem:             24900 kB
KReclaimable:     672032 kB
Slab:             229080 kB
SReclaimable:      78200 kB
SUnreclaim:       150880 kB
KernelStack:       48592 kB
PageTables:        68468 kB
NFS_Unstable:          0 kB
Bounce:                0 kB
WritebackTmp:          0 kB
CommitLimit:     9202292 kB
Committed_AS:   76594448 kB
VmallocTotal:   263061440 kB
VmallocUsed:      105664 kB
VmallocChunk:          0 kB
Percpu:             7616 kB
CmaTotal:         294912 kB
CmaFree:               0 kB
MemTotal:       12113136 kB
MemFree:         6241252 kB
MemAvailable:    7857696 kB
Buffers:            5212 kB
Cached:          1837256 kB
SwapCached:            0 kB
Active:          1550672 kB
Inactive:        1604496 kB
Active(anon):    1319040 kB
Inactive(anon):    23012 kB
Active(file):     231632 kB
Inactive(file):  1581484 kB
Unevictable:        5508 kB
Mlocked:            5508 kB
SwapTotal:       3145724 kB
SwapFree:        3145724 kB
Dirty:               296 kB
Writeback:             0 kB
AnonPages:       1318364 kB
Mapped:           877328 kB
Shmem:             24900 kB
KReclaimable:     672032 kB
Slab:             229100 kB
SReclaimable:      78200 kB
SUnreclaim:       150900 kB
KernelStack:       48608 kB
PageTables:        68528 kB
NFS_Unstable:          0 kB
Bounce:                0 kB
WritebackTmp:          0 kB
CommitLimit:     9202292 kB
Committed_AS:   76591520 kB
VmallocTotal:   263061440 kB
VmallocUsed:      105680 kB
VmallocChunk:          0 kB
Percpu:             7616 kB
CmaTotal:         294912 kB
CmaFree:              64 kB
MemTotal:       12113136 kB
MemFree:         6239968 kB
MemAvailable:    7856420 kB
Buffers:            5212 kB
Cached:          1837264 kB
SwapCached:            0 kB
Active:          1551656 kB
Inactive:        1604504 kB
Active(anon):    1320024 kB
Inactive(anon):    23012 kB
Active(file):     231632 kB
Inactive(file):  1581492 kB
Unevictable:        5508 kB
Mlocked:            5508 kB
SwapTotal:       3145724 kB
SwapFree:        3145724 kB
Dirty:               308 kB
Writeback:             0 kB
AnonPages:       1319208 kB
Mapped:           877260 kB
Shmem:             24900 kB
KReclaimable:     672032 kB
Slab:             229100 kB
SReclaimable:      78200 kB
SUnreclaim:       150900 kB
KernelStack:       48660 kB
PageTables:        68772 kB
NFS_Unstable:          0 kB
Bounce:                0 kB
WritebackTmp:          0 kB
CommitLimit:     9202292 kB
Committed_AS:   76599188 kB
VmallocTotal:   263061440 kB
VmallocUsed:      105680 kB
VmallocChunk:          0 kB
Percpu:             7616 kB
CmaTotal:         294912 kB
CmaFree:               0 kB
MemTotal:       12113136 kB
MemFree:         6238648 kB
MemAvailable:    7855104 kB
Buffers:            5220 kB
Cached:          1837268 kB
SwapCached:            0 kB
Active:          1552136 kB
Inactive:        1604508 kB
Active(anon):    1320504 kB
Inactive(anon):    23012 kB
Active(file):     231632 kB
Inactive(file):  1581496 kB
Unevictable:        5508 kB
Mlocked:            5508 kB
SwapTotal:       3145724 kB
SwapFree:        3145724 kB
Dirty:               324 kB
Writeback:             0 kB
AnonPages:       1319636 kB
Mapped:           877112 kB
Shmem:             24900 kB
KReclaimable:     672032 kB
Slab:             229124 kB
SReclaimable:      78200 kB
SUnreclaim:       150924 kB
KernelStack:       48624 kB
PageTables:        68496 kB
NFS_Unstable:          0 kB
Bounce:                0 kB
WritebackTmp:          0 kB
CommitLimit:     9202292 kB
Committed_AS:   76603960 kB
VmallocTotal:   263061440 kB
VmallocUsed:      105696 kB
VmallocChunk:          0 kB
Percpu:             7616 kB
CmaTotal:         294912 kB
CmaFree:               0 kB
MemTotal:       12113136 kB
MemFree:         6239444 kB
MemAvailable:    7855944 kB
Buffers:            5220 kB
Cached:          1837312 kB
SwapCached:            0 kB
Active:          1553044 kB
Inactive:        1604552 kB
Active(anon):    1321404 kB
Inactive(anon):    23016 kB
Active(file):     231640 kB
Inactive(file):  1581536 kB
Unevictable:        5508 kB
Mlocked:            5508 kB
SwapTotal:       3145724 kB
SwapFree:        3145724 kB
Dirty:               332 kB
Writeback:             0 kB
AnonPages:       1320616 kB
Mapped:           877264 kB
Shmem:             24904 kB
KReclaimable:     672028 kB
Slab:             229084 kB
SReclaimable:      78196 kB
SUnreclaim:       150888 kB
KernelStack:       48628 kB
PageTables:        68428 kB
NFS_Unstable:          0 kB
Bounce:                0 kB
WritebackTmp:          0 kB
CommitLimit:     9202292 kB
Committed_AS:   76603560 kB
VmallocTotal:   263061440 kB
VmallocUsed:      105728 kB
VmallocChunk:          0 kB
Percpu:             7616 kB
CmaTotal:         294912 kB
CmaFree:               0 kB
MemTotal:       12113136 kB
MemFree:         6239756 kB
MemAvailable:    7856264 kB
Buffers:            5220 kB
Cached:          1837320 kB
SwapCached:            0 kB
Active:          1553516 kB
Inactive:        1604560 kB
Active(anon):    1321876 kB
Inactive(anon):    23016 kB
Active(file):     231640 kB
Inactive(file):  1581544 kB
Unevictable:        5508 kB
Mlocked:            5508 kB
SwapTotal:       3145724 kB
SwapFree:        3145724 kB
Dirty:               340 kB
Writeback:             0 kB
AnonPages:       1320996 kB
Mapped:           877144 kB
Shmem:             24904 kB
KReclaimable:     672028 kB
Slab:             229108 kB
SReclaimable:      78196 kB
SUnreclaim:       150912 kB
KernelStack:       48608 kB
PageTables:        68532 kB
NFS_Unstable:          0 kB
Bounce:                0 kB
WritebackTmp:          0 kB
CommitLimit:     9202292 kB
Committed_AS:   76603392 kB
VmallocTotal:   263061440 kB
VmallocUsed:      105680 kB
VmallocChunk:          0 kB
Percpu:             7616 kB
CmaTotal:         294912 kB
CmaFree:               0 kB
MemTotal:       12113136 kB
MemFree:         6239280 kB
MemAvailable:    7855800 kB
Buffers:            5220 kB
Cached:          1837336 kB
SwapCached:            0 kB
Active:          1554756 kB
Inactive:        1604576 kB
Active(anon):    1323116 kB
Inactive(anon):    23020 kB
Active(file):     231640 kB
Inactive(file):  1581556 kB
Unevictable:        5508 kB
Mlocked:            5508 kB
SwapTotal:       3145724 kB
SwapFree:        3145724 kB
Dirty:               352 kB
Writeback:             0 kB
AnonPages:       1322412 kB
Mapped:           877340 kB
Shmem:             24908 kB
KReclaimable:     672028 kB
Slab:             229076 kB
SReclaimable:      78196 kB
SUnreclaim:       150880 kB
KernelStack:       48592 kB
PageTables:        68456 kB
NFS_Unstable:          0 kB
Bounce:                0 kB
WritebackTmp:          0 kB
CommitLimit:     9202292 kB
Committed_AS:   76598948 kB
VmallocTotal:   263061440 kB
VmallocUsed:      105648 kB
VmallocChunk:          0 kB
Percpu:             7616 kB
CmaTotal:         294912 kB
CmaFree:               0 kB
MemTotal:       12113136 kB
MemFree:         6239752 kB
MemAvailable:    7856284 kB
Buffers:            5220 kB
Cached:          1837348 kB
SwapCached:            0 kB
Active:          1553504 kB
Inactive:        1604588 kB
Active(anon):    1321864 kB
Inactive(anon):    23020 kB
Active(file):     231640 kB
Inactive(file):  1581568 kB
Unevictable:        5508 kB
Mlocked:            5508 kB
SwapTotal:       3145724 kB
SwapFree:        3145724 kB
Dirty:               380 kB
Writeback:             0 kB
AnonPages:       1320828 kB
Mapped:           877396 kB
Shmem:             24908 kB
KReclaimable:     672028 kB
Slab:             229120 kB
SReclaimable:      78196 kB
SUnreclaim:       150924 kB
KernelStack:       48624 kB
PageTables:        68572 kB
NFS_Unstable:          0 kB
Bounce:                0 kB
WritebackTmp:          0 kB
CommitLimit:     9202292 kB
Committed_AS:   76598724 kB
VmallocTotal:   263061440 kB
VmallocUsed:      105664 kB
VmallocChunk:          0 kB
Percpu:             7616 kB
CmaTotal:         294912 kB
CmaFree:               0 kB
MemTotal:       12113136 kB
MemFree:         6238944 kB
MemAvailable:    7855488 kB
Buffers:            5220 kB
Cached:          1837360 kB
SwapCached:            0 kB
Active:          1554720 kB
Inactive:        1604600 kB
Active(anon):    1323080 kB
Inactive(anon):    23020 kB
Active(file):     231640 kB
Inactive(file):  1581580 kB
Unevictable:        5508 kB
Mlocked:            5508 kB
SwapTotal:       3145724 kB
SwapFree:        3145724 kB
Dirty:               396 kB
Writeback:             0 kB
AnonPages:       1321748 kB
Mapped:           877340 kB
Shmem:             24908 kB
KReclaimable:     672028 kB
Slab:             229088 kB
SReclaimable:      78196 kB
SUnreclaim:       150892 kB
KernelStack:       48628 kB
PageTables:        68476 kB
NFS_Unstable:          0 kB
Bounce:                0 kB
WritebackTmp:          0 kB
CommitLimit:     9202292 kB
Committed_AS:   76599084 kB
VmallocTotal:   263061440 kB
VmallocUsed:      105664 kB
VmallocChunk:          0 kB
Percpu:             7616 kB
CmaTotal:         294912 kB
CmaFree:               0 kB
MemTotal:       12113136 kB
MemFree:         6237852 kB
MemAvailable:    7854388 kB
Buffers:            5220 kB
Cached:          1837352 kB
SwapCached:            0 kB
Active:          1555184 kB
Inactive:        1604592 kB
Active(anon):    1323544 kB
Inactive(anon):    23020 kB
Active(file):     231640 kB
Inactive(file):  1581572 kB
Unevictable:        5508 kB
Mlocked:            5508 kB
SwapTotal:       3145724 kB
SwapFree:        3145724 kB
Dirty:               124 kB
Writeback:           104 kB
AnonPages:       1322464 kB
Mapped:           877336 kB
Shmem:             24908 kB
KReclaimable:     672028 kB
Slab:             229148 kB
SReclaimable:      78196 kB
SUnreclaim:       150952 kB
KernelStack:       48592 kB
PageTables:        68516 kB
NFS_Unstable:          0 kB
Bounce:                0 kB
WritebackTmp:          0 kB
CommitLimit:     9202292 kB
Committed_AS:   76603984 kB
VmallocTotal:   263061440 kB
VmallocUsed:      105648 kB
VmallocChunk:          0 kB
Percpu:             7616 kB
CmaTotal:         294912 kB
CmaFree:               4 kB
MemTotal:       12113136 kB
MemFree:         6237660 kB
MemAvailable:    7854236 kB
Buffers:            5220 kB
Cached:          1837392 kB
SwapCached:            0 kB
Active:          1556136 kB
Inactive:        1604624 kB
Active(anon):    1324488 kB
Inactive(anon):    23020 kB
Active(file):     231648 kB
Inactive(file):  1581604 kB
Unevictable:        5508 kB
Mlocked:            5508 kB
SwapTotal:       3145724 kB
SwapFree:        3145724 kB
Dirty:               208 kB
Writeback:             0 kB
AnonPages:       1323660 kB
Mapped:           877268 kB
Shmem:             24908 kB
KReclaimable:     672028 kB
Slab:             229092 kB
SReclaimable:      78196 kB
SUnreclaim:       150896 kB
KernelStack:       48612 kB
PageTables:        68420 kB
NFS_Unstable:          0 kB
Bounce:                0 kB
WritebackTmp:          0 kB
CommitLimit:     9202292 kB
Committed_AS:   76603808 kB
VmallocTotal:   263061440 kB
VmallocUsed:      105616 kB
VmallocChunk:          0 kB
Percpu:             7616 kB
CmaTotal:         294912 kB
CmaFree:               0 kB
MemTotal:       12113136 kB
MemFree:         6236412 kB
MemAvailable:    7852992 kB
Buffers:            5220 kB
Cached:          1837400 kB
SwapCached:            0 kB
Active:          1556844 kB
Inactive:        1604636 kB
Active(anon):    1325200 kB
Inactive(anon):    23024 kB
Active(file):     231644 kB
Inactive(file):  1581612 kB
Unevictable:        5508 kB
Mlocked:            5508 kB
SwapTotal:       3145724 kB
SwapFree:        3145724 kB
Dirty:               252 kB
Writeback:             0 kB
AnonPages:       1324436 kB
Mapped:           877148 kB
Shmem:             24912 kB
KReclaimable:     672028 kB
Slab:             229112 kB
SReclaimable:      78196 kB
SUnreclaim:       150916 kB
KernelStack:       48576 kB
PageTables:        68512 kB
NFS_Unstable:          0 kB
Bounce:                0 kB
WritebackTmp:          0 kB
CommitLimit:     9202292 kB
Committed_AS:   76603896 kB
VmallocTotal:   263061440 kB
VmallocUsed:      105680 kB
VmallocChunk:          0 kB
Percpu:             7616 kB
CmaTotal:         294912 kB
CmaFree:               0 kB
MemTotal:       12113136 kB
MemFree:         6234996 kB
MemAvailable:    7851592 kB
Buffers:            5220 kB
Cached:          1837416 kB
SwapCached:            0 kB
Active:          1556952 kB
Inactive:        1604652 kB
Active(anon):    1325308 kB
Inactive(anon):    23024 kB
Active(file):     231644 kB
Inactive(file):  1581628 kB
Unevictable:        5508 kB
Mlocked:            5508 kB
SwapTotal:       3145724 kB
SwapFree:        3145724 kB
Dirty:               268 kB
Writeback:             0 kB
AnonPages:       1324540 kB
Mapped:           877272 kB
Shmem:             24912 kB
KReclaimable:     672028 kB
Slab:             229092 kB
SReclaimable:      78196 kB
SUnreclaim:       150896 kB
KernelStack:       48576 kB
PageTables:        68412 kB
NFS_Unstable:          0 kB
Bounce:                0 kB
WritebackTmp:          0 kB
CommitLimit:     9202292 kB
Committed_AS:   76603272 kB
VmallocTotal:   263061440 kB
VmallocUsed:      105648 kB
VmallocChunk:          0 kB
Percpu:             7616 kB
CmaTotal:         294912 kB
CmaFree:               0 kB
MemTotal:       12113136 kB
MemFree:         6235400 kB
MemAvailable:    7852020 kB
Buffers:            5220 kB
Cached:          1837444 kB
SwapCached:            0 kB
Active:          1557784 kB
Inactive:        1604680 kB
Active(anon):    1326140 kB
Inactive(anon):    23028 kB
Active(file):     231644 kB
Inactive(file):  1581652 kB
Unevictable:        5508 kB
Mlocked:            5508 kB
SwapTotal:       3145724 kB
SwapFree:        3145724 kB
Dirty:               320 kB
Writeback:             0 kB
AnonPages:       1325404 kB
Mapped:           877344 kB
Shmem:             24916 kB
KReclaimable:     672028 kB
Slab:             229116 kB
SReclaimable:      78196 kB
SUnreclaim:       150920 kB
KernelStack:       48560 kB
PageTables:        68452 kB
NFS_Unstable:          0 kB
Bounce:                0 kB
WritebackTmp:          0 kB
CommitLimit:     9202292 kB
Committed_AS:   76602836 kB
VmallocTotal:   263061440 kB
VmallocUsed:      105680 kB
VmallocChunk:          0 kB
Percpu:             7616 kB
CmaTotal:         294912 kB
CmaFree:               0 kB
MemTotal:       12113136 kB
MemFree:         6235152 kB
MemAvailable:    7851780 kB
Buffers:            5220 kB
Cached:          1837452 kB
SwapCached:            0 kB
Active:          1558820 kB
Inactive:        1604692 kB
Active(anon):    1327180 kB
Inactive(anon):    23028 kB
Active(file):     231640 kB
Inactive(file):  1581664 kB
Unevictable:        5508 kB
Mlocked:            5508 kB
SwapTotal:       3145724 kB
SwapFree:        3145724 kB
Dirty:               332 kB
Writeback:             0 kB
AnonPages:       1325872 kB
Mapped:           877348 kB
Shmem:             24916 kB
KReclaimable:     672028 kB
Slab:             229092 kB
SReclaimable:      78196 kB
SUnreclaim:       150896 kB
KernelStack:       48608 kB
PageTables:        68732 kB
NFS_Unstable:          0 kB
Bounce:                0 kB
WritebackTmp:          0 kB
CommitLimit:     9202292 kB
Committed_AS:   76589864 kB
VmallocTotal:   263061440 kB
VmallocUsed:      105632 kB
VmallocChunk:          0 kB
Percpu:             7616 kB
CmaTotal:         294912 kB
CmaFree:               0 kB
MemTotal:       12113136 kB
MemFree:         6234540 kB
MemAvailable:    7851184 kB
Buffers:            5220 kB
Cached:          1837468 kB
SwapCached:            0 kB
Active:          1558800 kB
Inactive:        1604704 kB
Active(anon):    1327156 kB
Inactive(anon):    23028 kB
Active(file):     231644 kB
Inactive(file):  1581676 kB
Unevictable:        5508 kB
Mlocked:            5508 kB
SwapTotal:       3145724 kB
SwapFree:        3145724 kB
Dirty:               204 kB
Writeback:             0 kB
AnonPages:       1326268 kB
Mapped:           877152 kB
Shmem:             24916 kB
KReclaimable:     672028 kB
Slab:             229120 kB
SReclaimable:      78196 kB
SUnreclaim:       150924 kB
KernelStack:       48576 kB
PageTables:        68516 kB
NFS_Unstable:          0 kB
Bounce:                0 kB
WritebackTmp:          0 kB
CommitLimit:     9202292 kB
Committed_AS:   76590560 kB
VmallocTotal:   263061440 kB
VmallocUsed:      105648 kB
VmallocChunk:          0 kB
Percpu:             7616 kB
CmaTotal:         294912 kB
CmaFree:               0 kB
MemTotal:       12113136 kB
MemFree:         6196220 kB
MemAvailable:    7812872 kB
Buffers:            5220 kB
Cached:          1841220 kB
SwapCached:            0 kB
Active:          1595196 kB
Inactive:        1608456 kB
Active(anon):    1363552 kB
Inactive(anon):    26772 kB
Active(file):     231644 kB
Inactive(file):  1581684 kB
Unevictable:        5508 kB
Mlocked:            5508 kB
SwapTotal:       3145724 kB
SwapFree:        3145724 kB
Dirty:               256 kB
Writeback:             0 kB
AnonPages:       1362600 kB
Mapped:           880896 kB
Shmem:             28660 kB
KReclaimable:     672028 kB
Slab:             229096 kB
SReclaimable:      78196 kB
SUnreclaim:       150900 kB
KernelStack:       48576 kB
PageTables:        68504 kB
NFS_Unstable:          0 kB
Bounce:                0 kB
WritebackTmp:          0 kB
CommitLimit:     9202292 kB
Committed_AS:   76607632 kB
VmallocTotal:   263061440 kB
VmallocUsed:      105648 kB
VmallocChunk:          0 kB
Percpu:             7616 kB
CmaTotal:         294912 kB
CmaFree:               0 kB
MemTotal:       12113136 kB
MemFree:         6197996 kB
MemAvailable:    7814680 kB
Buffers:            5220 kB
Cached:          1837496 kB
SwapCached:            0 kB
Active:          1595544 kB
Inactive:        1604732 kB
Active(anon):    1363900 kB
Inactive(anon):    23032 kB
Active(file):     231644 kB
Inactive(file):  1581700 kB
Unevictable:        5508 kB
Mlocked:            5508 kB
SwapTotal:       3145724 kB
SwapFree:        3145724 kB
Dirty:               300 kB
Writeback:             0 kB
AnonPages:       1363432 kB
Mapped:           877300 kB
Shmem:             24920 kB
KReclaimable:     672044 kB
Slab:             229024 kB
SReclaimable:      78212 kB
SUnreclaim:       150812 kB
KernelStack:       48576 kB
PageTables:        68468 kB
NFS_Unstable:          0 kB
Bounce:                0 kB
WritebackTmp:          0 kB
CommitLimit:     9202292 kB
Committed_AS:   76604212 kB
VmallocTotal:   263061440 kB
VmallocUsed:      105648 kB
VmallocChunk:          0 kB
Percpu:             7616 kB
CmaTotal:         294912 kB
CmaFree:               0 kB
MemTotal:       12113136 kB
MemFree:         6198244 kB
MemAvailable:    7814960 kB
Buffers:            5228 kB
Cached:          1837520 kB
SwapCached:            0 kB
Active:          1596344 kB
Inactive:        1604764 kB
Active(anon):    1364700 kB
Inactive(anon):    23032 kB
Active(file):     231644 kB
Inactive(file):  1581732 kB
Unevictable:        5508 kB
Mlocked:            5508 kB
SwapTotal:       3145724 kB
SwapFree:        3145724 kB
Dirty:               304 kB
Writeback:             0 kB
AnonPages:       1363832 kB
Mapped:           877156 kB
Shmem:             24920 kB
KReclaimable:     672044 kB
Slab:             229020 kB
SReclaimable:      78212 kB
SUnreclaim:       150808 kB
KernelStack:       48576 kB
PageTables:        68520 kB
NFS_Unstable:          0 kB
Bounce:                0 kB
WritebackTmp:          0 kB
CommitLimit:     9202292 kB
Committed_AS:   76604120 kB
VmallocTotal:   263061440 kB
VmallocUsed:      105648 kB
VmallocChunk:          0 kB
Percpu:             7616 kB
CmaTotal:         294912 kB
CmaFree:               0 kB
MemTotal:       12113136 kB
MemFree:         6195956 kB
MemAvailable:    7812696 kB
Buffers:            5228 kB
Cached:          1837544 kB
SwapCached:            0 kB
Active:          1598052 kB
Inactive:        1604780 kB
Active(anon):    1366400 kB
Inactive(anon):    23032 kB
Active(file):     231652 kB
Inactive(file):  1581748 kB
Unevictable:        5508 kB
Mlocked:            5508 kB
SwapTotal:       3145724 kB
SwapFree:        3145724 kB
Dirty:               360 kB
Writeback:             0 kB
AnonPages:       1365316 kB
Mapped:           877348 kB
Shmem:             24920 kB
KReclaimable:     672044 kB
Slab:             229048 kB
SReclaimable:      78212 kB
SUnreclaim:       150836 kB
KernelStack:       48560 kB
PageTables:        68472 kB
NFS_Unstable:          0 kB
Bounce:                0 kB
WritebackTmp:          0 kB
CommitLimit:     9202292 kB
Committed_AS:   76604684 kB
VmallocTotal:   263061440 kB
VmallocUsed:      105616 kB
VmallocChunk:          0 kB
Percpu:             7616 kB
CmaTotal:         294912 kB
CmaFree:               0 kB
MemTotal:       12113136 kB
MemFree:         6194484 kB
MemAvailable:    7811232 kB
Buffers:            5228 kB
Cached:          1837552 kB
SwapCached:            0 kB
Active:          1598928 kB
Inactive:        1604788 kB
Active(anon):    1367276 kB
Inactive(anon):    23032 kB
Active(file):     231652 kB
Inactive(file):  1581756 kB
Unevictable:        5508 kB
Mlocked:            5508 kB
SwapTotal:       3145724 kB
SwapFree:        3145724 kB
Dirty:               384 kB
Writeback:             0 kB
AnonPages:       1366308 kB
Mapped:           877280 kB
Shmem:             24920 kB
KReclaimable:     672044 kB
Slab:             229044 kB
SReclaimable:      78212 kB
SUnreclaim:       150832 kB
KernelStack:       48612 kB
PageTables:        68728 kB
NFS_Unstable:          0 kB
Bounce:                0 kB
WritebackTmp:          0 kB
CommitLimit:     9202292 kB
Committed_AS:   76605488 kB
VmallocTotal:   263061440 kB
VmallocUsed:      105632 kB
VmallocChunk:          0 kB
Percpu:             7616 kB
CmaTotal:         294912 kB
CmaFree:               0 kB
MemTotal:       12113136 kB
MemFree:         6193736 kB
MemAvailable:    7810492 kB
Buffers:            5228 kB
Cached:          1837560 kB
SwapCached:            0 kB
Active:          1599864 kB
Inactive:        1604796 kB
Active(anon):    1368212 kB
Inactive(anon):    23032 kB
Active(file):     231652 kB
Inactive(file):  1581764 kB
Unevictable:        5508 kB
Mlocked:            5508 kB
SwapTotal:       3145724 kB
SwapFree:        3145724 kB
Dirty:               392 kB
Writeback:             0 kB
AnonPages:       1367520 kB
Mapped:           877352 kB
Shmem:             24920 kB
KReclaimable:     672044 kB
Slab:             229052 kB
SReclaimable:      78212 kB
SUnreclaim:       150840 kB
KernelStack:       48624 kB
PageTables:        68584 kB
NFS_Unstable:          0 kB
Bounce:                0 kB
WritebackTmp:          0 kB
CommitLimit:     9202292 kB
Committed_AS:   76603428 kB
VmallocTotal:   263061440 kB
VmallocUsed:      105648 kB
VmallocChunk:          0 kB
Percpu:             7616 kB
CmaTotal:         294912 kB
CmaFree:               0 kB
MemTotal:       12113136 kB
MemFree:         6193012 kB
MemAvailable:    7809780 kB
Buffers:            5228 kB
Cached:          1837576 kB
SwapCached:            0 kB
Active:          1600376 kB
Inactive:        1604812 kB
Active(anon):    1368724 kB
Inactive(anon):    23036 kB
Active(file):     231652 kB
Inactive(file):  1581776 kB
Unevictable:        5508 kB
Mlocked:            5508 kB
SwapTotal:       3145724 kB
SwapFree:        3145724 kB
Dirty:               416 kB
Writeback:             0 kB
AnonPages:       1367856 kB
Mapped:           877280 kB
Shmem:             24924 kB
KReclaimable:     672044 kB
Slab:             229056 kB
SReclaimable:      78212 kB
SUnreclaim:       150844 kB
KernelStack:       48580 kB
PageTables:        68428 kB
NFS_Unstable:          0 kB
Bounce:                0 kB
WritebackTmp:          0 kB
CommitLimit:     9202292 kB
Committed_AS:   76603052 kB
VmallocTotal:   263061440 kB
VmallocUsed:      105600 kB
VmallocChunk:          0 kB
Percpu:             7616 kB
CmaTotal:         294912 kB
CmaFree:               0 kB
MemTotal:       12113136 kB
MemFree:         6190792 kB
MemAvailable:    7807544 kB
Buffers:            5228 kB
Cached:          1837560 kB
SwapCached:            0 kB
Active:          1600696 kB
Inactive:        1604800 kB
Active(anon):    1369048 kB
Inactive(anon):    23036 kB
Active(file):     231648 kB
Inactive(file):  1581764 kB
Unevictable:        5508 kB
Mlocked:            5508 kB
SwapTotal:       3145724 kB
SwapFree:        3145724 kB
Dirty:               428 kB
Writeback:             0 kB
AnonPages:       1368316 kB
Mapped:           877132 kB
Shmem:             24924 kB
KReclaimable:     672044 kB
Slab:             229060 kB
SReclaimable:      78212 kB
SUnreclaim:       150848 kB
KernelStack:       48608 kB
PageTables:        68508 kB
NFS_Unstable:          0 kB
Bounce:                0 kB
WritebackTmp:          0 kB
CommitLimit:     9202292 kB
Committed_AS:   76602700 kB
VmallocTotal:   263061440 kB
VmallocUsed:      105632 kB
VmallocChunk:          0 kB
Percpu:             7616 kB
CmaTotal:         294912 kB
CmaFree:               0 kB
MemTotal:       12113136 kB
MemFree:         6201796 kB
MemAvailable:    7818596 kB
Buffers:            5228 kB
Cached:          1837608 kB
SwapCached:            0 kB
Active:          1590284 kB
Inactive:        1604844 kB
Active(anon):    1358632 kB
Inactive(anon):    23036 kB
Active(file):     231652 kB
Inactive(file):  1581808 kB
Unevictable:        5508 kB
Mlocked:            5508 kB
SwapTotal:       3145724 kB
SwapFree:        3145724 kB
Dirty:               220 kB
Writeback:             0 kB
AnonPages:       1357912 kB
Mapped:           877352 kB
Shmem:             24924 kB
KReclaimable:     672044 kB
Slab:             229060 kB
SReclaimable:      78212 kB
SUnreclaim:       150848 kB
KernelStack:       48612 kB
PageTables:        68436 kB
NFS_Unstable:          0 kB
Bounce:                0 kB
WritebackTmp:          0 kB
CommitLimit:     9202292 kB
Committed_AS:   76595932 kB
VmallocTotal:   263061440 kB
VmallocUsed:      105696 kB
VmallocChunk:          0 kB
Percpu:             7616 kB
CmaTotal:         294912 kB
CmaFree:               0 kB
MemTotal:       12113136 kB
MemFree:         6201324 kB
MemAvailable:    7818160 kB
Buffers:            5228 kB
Cached:          1837644 kB
SwapCached:            0 kB
Active:          1591288 kB
Inactive:        1604872 kB
Active(anon):    1359628 kB
Inactive(anon):    23036 kB
Active(file):     231660 kB
Inactive(file):  1581836 kB
Unevictable:        5508 kB
Mlocked:            5508 kB
SwapTotal:       3145724 kB
SwapFree:        3145724 kB
Dirty:               252 kB
Writeback:             0 kB
AnonPages:       1358700 kB
Mapped:           877376 kB
Shmem:             24924 kB
KReclaimable:     672044 kB
Slab:             229064 kB
SReclaimable:      78212 kB
SUnreclaim:       150852 kB
KernelStack:       48624 kB
PageTables:        68568 kB
NFS_Unstable:          0 kB
Bounce:                0 kB
WritebackTmp:          0 kB
CommitLimit:     9202292 kB
Committed_AS:   76590484 kB
VmallocTotal:   263061440 kB
VmallocUsed:      105648 kB
VmallocChunk:          0 kB
Percpu:             7616 kB
CmaTotal:         294912 kB
CmaFree:               0 kB
MemTotal:       12113136 kB
MemFree:         6201404 kB
MemAvailable:    7818220 kB
Buffers:            5228 kB
Cached:          1837636 kB
SwapCached:            0 kB
Active:          1590552 kB
Inactive:        1604872 kB
Active(anon):    1358900 kB
Inactive(anon):    23048 kB
Active(file):     231652 kB
Inactive(file):  1581824 kB
Unevictable:        5508 kB
Mlocked:            5508 kB
SwapTotal:       3145724 kB
SwapFree:        3145724 kB
Dirty:               288 kB
Writeback:             0 kB
AnonPages:       1358572 kB
Mapped:           877364 kB
Shmem:             24936 kB
KReclaimable:     672044 kB
Slab:             229064 kB
SReclaimable:      78212 kB
SUnreclaim:       150852 kB
KernelStack:       48544 kB
PageTables:        68420 kB
NFS_Unstable:          0 kB
Bounce:                0 kB
WritebackTmp:          0 kB
CommitLimit:     9202292 kB
Committed_AS:   76593552 kB
VmallocTotal:   263061440 kB
VmallocUsed:      105632 kB
VmallocChunk:          0 kB
Percpu:             7616 kB
CmaTotal:         294912 kB
CmaFree:               0 kB
MemTotal:       12113136 kB
MemFree:         6201356 kB
MemAvailable:    7818184 kB
Buffers:            5228 kB
Cached:          1837648 kB
SwapCached:            0 kB
Active:          1591248 kB
Inactive:        1604884 kB
Active(anon):    1359596 kB
Inactive(anon):    23048 kB
Active(file):     231652 kB
Inactive(file):  1581836 kB
Unevictable:        5508 kB
Mlocked:            5508 kB
SwapTotal:       3145724 kB
SwapFree:        3145724 kB
Dirty:               300 kB
Writeback:             0 kB
AnonPages:       1358992 kB
Mapped:           877364 kB
Shmem:             24936 kB
KReclaimable:     672044 kB
Slab:             229064 kB
SReclaimable:      78212 kB
SUnreclaim:       150852 kB
KernelStack:       48496 kB
PageTables:        68480 kB
NFS_Unstable:          0 kB
Bounce:                0 kB
WritebackTmp:          0 kB
CommitLimit:     9202292 kB
Committed_AS:   76598268 kB
VmallocTotal:   263061440 kB
VmallocUsed:      105616 kB
VmallocChunk:          0 kB
Percpu:             7616 kB
CmaTotal:         294912 kB
CmaFree:               8 kB
MemTotal:       12113136 kB
MemFree:         6201172 kB
MemAvailable:    7818008 kB
Buffers:            5228 kB
Cached:          1837656 kB
SwapCached:            0 kB
Active:          1592528 kB
Inactive:        1604892 kB
Active(anon):    1360876 kB
Inactive(anon):    23048 kB
Active(file):     231652 kB
Inactive(file):  1581844 kB
Unevictable:        5508 kB
Mlocked:            5508 kB
SwapTotal:       3145724 kB
SwapFree:        3145724 kB
Dirty:               324 kB
Writeback:             0 kB
AnonPages:       1359844 kB
Mapped:           877180 kB
Shmem:             24936 kB
KReclaimable:     672044 kB
Slab:             229072 kB
SReclaimable:      78212 kB
SUnreclaim:       150860 kB
KernelStack:       48624 kB
PageTables:        68520 kB
NFS_Unstable:          0 kB
Bounce:                0 kB
WritebackTmp:          0 kB
CommitLimit:     9202292 kB
Committed_AS:   76593584 kB
VmallocTotal:   263061440 kB
VmallocUsed:      105600 kB
VmallocChunk:          0 kB
Percpu:             7616 kB
CmaTotal:         294912 kB
CmaFree:               0 kB
MemTotal:       12113136 kB
MemFree:         6200092 kB
MemAvailable:    7816964 kB
Buffers:            5228 kB
Cached:          1837692 kB
SwapCached:            0 kB
Active:          1592692 kB
Inactive:        1604928 kB
Active(anon):    1361040 kB
Inactive(anon):    23048 kB
Active(file):     231652 kB
Inactive(file):  1581880 kB
Unevictable:        5508 kB
Mlocked:            5508 kB
SwapTotal:       3145724 kB
SwapFree:        3145724 kB
Dirty:               380 kB
Writeback:             0 kB
AnonPages:       1360236 kB
Mapped:           877364 kB
Shmem:             24936 kB
KReclaimable:     672044 kB
Slab:             229072 kB
SReclaimable:      78212 kB
SUnreclaim:       150860 kB
KernelStack:       48560 kB
PageTables:        68476 kB
NFS_Unstable:          0 kB
Bounce:                0 kB
WritebackTmp:          0 kB
CommitLimit:     9202292 kB
Committed_AS:   76598616 kB
VmallocTotal:   263061440 kB
VmallocUsed:      105648 kB
VmallocChunk:          0 kB
Percpu:             7616 kB
CmaTotal:         294912 kB
CmaFree:               0 kB
MemTotal:       12113136 kB
MemFree:         6200032 kB
MemAvailable:    7816908 kB
Buffers:            5228 kB
Cached:          1837696 kB
SwapCached:            0 kB
Active:          1593684 kB
Inactive:        1604932 kB
Active(anon):    1362032 kB
Inactive(anon):    23048 kB
Active(file):     231652 kB
Inactive(file):  1581884 kB
Unevictable:        5508 kB
Mlocked:            5508 kB
SwapTotal:       3145724 kB
SwapFree:        3145724 kB
Dirty:               384 kB
Writeback:             0 kB
AnonPages:       1360888 kB
Mapped:           877296 kB
Shmem:             24936 kB
KReclaimable:     672044 kB
Slab:             229072 kB
SReclaimable:      78212 kB
SUnreclaim:       150860 kB
KernelStack:       48612 kB
PageTables:        68432 kB
NFS_Unstable:          0 kB
Bounce:                0 kB
WritebackTmp:          0 kB
CommitLimit:     9202292 kB
Committed_AS:   76598484 kB
VmallocTotal:   263061440 kB
VmallocUsed:      105664 kB
VmallocChunk:          0 kB
Percpu:             7616 kB
CmaTotal:         294912 kB
CmaFree:               4 kB
MemTotal:       12113136 kB
MemFree:         6198160 kB
MemAvailable:    7815032 kB
Buffers:            5228 kB
Cached:          1837696 kB
SwapCached:            0 kB
Active:          1594604 kB
Inactive:        1604932 kB
Active(anon):    1362952 kB
Inactive(anon):    23052 kB
Active(file):     231652 kB
Inactive(file):  1581880 kB
Unevictable:        5508 kB
Mlocked:            5508 kB
SwapTotal:       3145724 kB
SwapFree:        3145724 kB
Dirty:               416 kB
Writeback:             0 kB
AnonPages:       1362512 kB
Mapped:           877368 kB
Shmem:             24940 kB
KReclaimable:     672044 kB
Slab:             229076 kB
SReclaimable:      78212 kB
SUnreclaim:       150864 kB
KernelStack:       48592 kB
PageTables:        68536 kB
NFS_Unstable:          0 kB
Bounce:                0 kB
WritebackTmp:          0 kB
CommitLimit:     9202292 kB
Committed_AS:   76598732 kB
VmallocTotal:   263061440 kB
VmallocUsed:      105680 kB
VmallocChunk:          0 kB
Percpu:             7616 kB
CmaTotal:         294912 kB
CmaFree:               0 kB
MemTotal:       12113136 kB
MemFree:         6206860 kB
MemAvailable:    7823764 kB
Buffers:            5228 kB
Cached:          1837732 kB
SwapCached:            0 kB
Active:          1586120 kB
Inactive:        1604968 kB
Active(anon):    1354468 kB
Inactive(anon):    23056 kB
Active(file):     231652 kB
Inactive(file):  1581912 kB
Unevictable:        5508 kB
Mlocked:            5508 kB
SwapTotal:       3145724 kB
SwapFree:        3145724 kB
Dirty:               432 kB
Writeback:             0 kB
AnonPages:       1353600 kB
Mapped:           877376 kB
Shmem:             24944 kB
KReclaimable:     672044 kB
Slab:             229076 kB
SReclaimable:      78212 kB
SUnreclaim:       150864 kB
KernelStack:       48560 kB
PageTables:        68472 kB
NFS_Unstable:          0 kB
Bounce:                0 kB
WritebackTmp:          0 kB
CommitLimit:     9202292 kB
Committed_AS:   76598512 kB
VmallocTotal:   263061440 kB
VmallocUsed:      105648 kB
VmallocChunk:          0 kB
Percpu:             7616 kB
CmaTotal:         294912 kB
CmaFree:               0 kB
MemTotal:       12113136 kB
MemFree:         6205540 kB
MemAvailable:    7822452 kB
Buffers:            5228 kB
Cached:          1837740 kB
SwapCached:            0 kB
Active:          1586748 kB
Inactive:        1604976 kB
Active(anon):    1355096 kB
Inactive(anon):    23056 kB
Active(file):     231652 kB
Inactive(file):  1581920 kB
Unevictable:        5508 kB
Mlocked:            5508 kB
SwapTotal:       3145724 kB
SwapFree:        3145724 kB
Dirty:               440 kB
Writeback:             0 kB
AnonPages:       1354376 kB
Mapped:           877372 kB
Shmem:             24944 kB
KReclaimable:     672044 kB
Slab:             229080 kB
SReclaimable:      78212 kB
SUnreclaim:       150868 kB
KernelStack:       48608 kB
PageTables:        68532 kB
NFS_Unstable:          0 kB
Bounce:                0 kB
WritebackTmp:          0 kB
CommitLimit:     9202292 kB
Committed_AS:   76603488 kB
VmallocTotal:   263061440 kB
VmallocUsed:      105648 kB
VmallocChunk:          0 kB
Percpu:             7616 kB
CmaTotal:         294912 kB
CmaFree:               0 kB
MemTotal:       12113136 kB
MemFree:         6205356 kB
MemAvailable:    7822308 kB
Buffers:            5236 kB
Cached:          1837772 kB
SwapCached:            0 kB
Active:          1587544 kB
Inactive:        1605008 kB
Active(anon):    1355884 kB
Inactive(anon):    23056 kB
Active(file):     231660 kB
Inactive(file):  1581952 kB
Unevictable:        5508 kB
Mlocked:            5508 kB
SwapTotal:       3145724 kB
SwapFree:        3145724 kB
Dirty:               196 kB
Writeback:             0 kB
AnonPages:       1354956 kB
Mapped:           877376 kB
Shmem:             24944 kB
KReclaimable:     672044 kB
Slab:             229080 kB
SReclaimable:      78212 kB
SUnreclaim:       150868 kB
KernelStack:       48560 kB
PageTables:        68484 kB
NFS_Unstable:          0 kB
Bounce:                0 kB
WritebackTmp:          0 kB
CommitLimit:     9202292 kB
Committed_AS:   76603408 kB
VmallocTotal:   263061440 kB
VmallocUsed:      105664 kB
VmallocChunk:          0 kB
Percpu:             7616 kB
CmaTotal:         294912 kB
CmaFree:               0 kB
MemTotal:       12113136 kB
MemFree:         6204412 kB
MemAvailable:    7821388 kB
Buffers:            5236 kB
Cached:          1837796 kB
SwapCached:            0 kB
Active:          1588144 kB
Inactive:        1605024 kB
Active(anon):    1356476 kB
Inactive(anon):    23056 kB
Active(file):     231668 kB
Inactive(file):  1581968 kB
Unevictable:        5508 kB
Mlocked:            5508 kB
SwapTotal:       3145724 kB
SwapFree:        3145724 kB
Dirty:               252 kB
Writeback:             0 kB
AnonPages:       1355568 kB
Mapped:           877372 kB
Shmem:             24944 kB
KReclaimable:     672044 kB
Slab:             229080 kB
SReclaimable:      78212 kB
SUnreclaim:       150868 kB
KernelStack:       48560 kB
PageTables:        68664 kB
NFS_Unstable:          0 kB
Bounce:                0 kB
WritebackTmp:          0 kB
CommitLimit:     9202292 kB
Committed_AS:   76598740 kB
VmallocTotal:   263061440 kB
VmallocUsed:      105632 kB
VmallocChunk:          0 kB
Percpu:             7616 kB
CmaTotal:         294912 kB
CmaFree:               0 kB
MemTotal:       12113136 kB
MemFree:         6203624 kB
MemAvailable:    7820604 kB
Buffers:            5236 kB
Cached:          1837800 kB
SwapCached:            0 kB
Active:          1589772 kB
Inactive:        1605032 kB
Active(anon):    1358108 kB
Inactive(anon):    23056 kB
Active(file):     231664 kB
Inactive(file):  1581976 kB
Unevictable:        5508 kB
Mlocked:            5508 kB
SwapTotal:       3145724 kB
SwapFree:        3145724 kB
Dirty:               312 kB
Writeback:             0 kB
AnonPages:       1356984 kB
Mapped:           877304 kB
Shmem:             24944 kB
KReclaimable:     672044 kB
Slab:             229084 kB
SReclaimable:      78212 kB
SUnreclaim:       150872 kB
KernelStack:       48544 kB
PageTables:        68544 kB
NFS_Unstable:          0 kB
Bounce:                0 kB
WritebackTmp:          0 kB
CommitLimit:     9202292 kB
Committed_AS:   76598580 kB
VmallocTotal:   263061440 kB
VmallocUsed:      105664 kB
VmallocChunk:          0 kB
Percpu:             7616 kB
CmaTotal:         294912 kB
CmaFree:               0 kB
MemTotal:       12113136 kB
MemFree:         6203864 kB
MemAvailable:    7820848 kB
Buffers:            5236 kB
Cached:          1837804 kB
SwapCached:            0 kB
Active:          1589920 kB
Inactive:        1605040 kB
Active(anon):    1358260 kB
Inactive(anon):    23056 kB
Active(file):     231660 kB
Inactive(file):  1581984 kB
Unevictable:        5508 kB
Mlocked:            5508 kB
SwapTotal:       3145724 kB
SwapFree:        3145724 kB
Dirty:               328 kB
Writeback:             0 kB
AnonPages:       1357400 kB
Mapped:           877180 kB
Shmem:             24944 kB
KReclaimable:     672044 kB
Slab:             229084 kB
SReclaimable:      78212 kB
SUnreclaim:       150872 kB
KernelStack:       48576 kB
PageTables:        68524 kB
NFS_Unstable:          0 kB
Bounce:                0 kB
WritebackTmp:          0 kB
CommitLimit:     9202292 kB
Committed_AS:   76597904 kB
VmallocTotal:   263061440 kB
VmallocUsed:      105648 kB
VmallocChunk:          0 kB
Percpu:             7616 kB
CmaTotal:         294912 kB
CmaFree:               0 kB
MemTotal:       12113136 kB
MemFree:         6202580 kB
MemAvailable:    7819572 kB
Buffers:            5236 kB
Cached:          1837812 kB
SwapCached:            0 kB
Active:          1590744 kB
Inactive:        1605052 kB
Active(anon):    1359088 kB
Inactive(anon):    23056 kB
Active(file):     231656 kB
Inactive(file):  1581996 kB
Unevictable:        5508 kB
Mlocked:            5508 kB
SwapTotal:       3145724 kB
SwapFree:        3145724 kB
Dirty:               348 kB
Writeback:             0 kB
AnonPages:       1358256 kB
Mapped:           877372 kB
Shmem:             24944 kB
KReclaimable:     672044 kB
Slab:             229084 kB
SReclaimable:      78212 kB
SUnreclaim:       150872 kB
KernelStack:       48612 kB
PageTables:        68424 kB
NFS_Unstable:          0 kB
Bounce:                0 kB
WritebackTmp:          0 kB
CommitLimit:     9202292 kB
Committed_AS:   76599432 kB
VmallocTotal:   263061440 kB
VmallocUsed:      105680 kB
VmallocChunk:          0 kB
Percpu:             7616 kB
CmaTotal:         294912 kB
CmaFree:               0 kB
MemTotal:       12113136 kB
MemFree:         6201132 kB
MemAvailable:    7818144 kB
Buffers:            5236 kB
Cached:          1837832 kB
SwapCached:            0 kB
Active:          1591004 kB
Inactive:        1605068 kB
Active(anon):    1359344 kB
Inactive(anon):    23056 kB
Active(file):     231660 kB
Inactive(file):  1582012 kB
Unevictable:        5508 kB
Mlocked:            5508 kB
SwapTotal:       3145724 kB
SwapFree:        3145724 kB
Dirty:               368 kB
Writeback:             0 kB
AnonPages:       1358612 kB
Mapped:           877372 kB
Shmem:             24944 kB
KReclaimable:     672044 kB
Slab:             229088 kB
SReclaimable:      78212 kB
SUnreclaim:       150876 kB
KernelStack:       48592 kB
PageTables:        68544 kB
NFS_Unstable:          0 kB
Bounce:                0 kB
WritebackTmp:          0 kB
CommitLimit:     9202292 kB
Committed_AS:   76603748 kB
VmallocTotal:   263061440 kB
VmallocUsed:      105664 kB
VmallocChunk:          0 kB
Percpu:             7616 kB
CmaTotal:         294912 kB
CmaFree:               0 kB
MemTotal:       12113136 kB
MemFree:         6199708 kB
MemAvailable:    7816736 kB
Buffers:            5236 kB
Cached:          1837848 kB
SwapCached:            0 kB
Active:          1592012 kB
Inactive:        1605084 kB
Active(anon):    1360352 kB
Inactive(anon):    23056 kB
Active(file):     231660 kB
Inactive(file):  1582028 kB
Unevictable:        5508 kB
Mlocked:            5508 kB
SwapTotal:       3145724 kB
SwapFree:        3145724 kB
Dirty:               252 kB
Writeback:             0 kB
AnonPages:       1359640 kB
Mapped:           877304 kB
Shmem:             24944 kB
KReclaimable:     672044 kB
Slab:             229088 kB
SReclaimable:      78212 kB
SUnreclaim:       150876 kB
KernelStack:       48612 kB
PageTables:        68408 kB
NFS_Unstable:          0 kB
Bounce:                0 kB
WritebackTmp:          0 kB
CommitLimit:     9202292 kB
Committed_AS:   76603500 kB
VmallocTotal:   263061440 kB
VmallocUsed:      105680 kB
VmallocChunk:          0 kB
Percpu:             7616 kB
CmaTotal:         294912 kB
CmaFree:               0 kB
MemTotal:       12113136 kB
MemFree:         6199996 kB
MemAvailable:    7817032 kB
Buffers:            5236 kB
Cached:          1837872 kB
SwapCached:            0 kB
Active:          1592952 kB
Inactive:        1605108 kB
Active(anon):    1361292 kB
Inactive(anon):    23072 kB
Active(file):     231660 kB
Inactive(file):  1582036 kB
Unevictable:        5508 kB
Mlocked:            5508 kB
SwapTotal:       3145724 kB
SwapFree:        3145724 kB
Dirty:               300 kB
Writeback:             0 kB
AnonPages:       1360720 kB
Mapped:           877200 kB
Shmem:             24960 kB
KReclaimable:     672044 kB
Slab:             229088 kB
SReclaimable:      78212 kB
SUnreclaim:       150876 kB
KernelStack:       48576 kB
PageTables:        68548 kB
NFS_Unstable:          0 kB
Bounce:                0 kB
WritebackTmp:          0 kB
CommitLimit:     9202292 kB
Committed_AS:   76603296 kB
VmallocTotal:   263061440 kB
VmallocUsed:      105664 kB
VmallocChunk:          0 kB
Percpu:             7616 kB
CmaTotal:         294912 kB
CmaFree:               0 kB
MemTotal:       12113136 kB
MemFree:         6199584 kB
MemAvailable:    7816624 kB
Buffers:            5236 kB
Cached:          1837876 kB
SwapCached:            0 kB
Active:          1593684 kB
Inactive:        1605112 kB
Active(anon):    1362024 kB
Inactive(anon):    23072 kB
Active(file):     231660 kB
Inactive(file):  1582040 kB
Unevictable:        5508 kB
Mlocked:            5508 kB
SwapTotal:       3145724 kB
SwapFree:        3145724 kB
Dirty:               312 kB
Writeback:             0 kB
AnonPages:       1361300 kB
Mapped:           877392 kB
Shmem:             24960 kB
KReclaimable:     672044 kB
Slab:             229092 kB
SReclaimable:      78212 kB
SUnreclaim:       150880 kB
KernelStack:       48576 kB
PageTables:        68488 kB
NFS_Unstable:          0 kB
Bounce:                0 kB
WritebackTmp:          0 kB
CommitLimit:     9202292 kB
Committed_AS:   76598984 kB
VmallocTotal:   263061440 kB
VmallocUsed:      105616 kB
VmallocChunk:          0 kB
Percpu:             7616 kB
CmaTotal:         294912 kB
CmaFree:               0 kB
MemTotal:       12113136 kB
MemFree:         6198856 kB
MemAvailable:    7815904 kB
Buffers:            5236 kB
Cached:          1837884 kB
SwapCached:            0 kB
Active:          1594596 kB
Inactive:        1605120 kB
Active(anon):    1362936 kB
Inactive(anon):    23072 kB
Active(file):     231660 kB
Inactive(file):  1582048 kB
Unevictable:        5508 kB
Mlocked:            5508 kB
SwapTotal:       3145724 kB
SwapFree:        3145724 kB
Dirty:               364 kB
Writeback:             0 kB
AnonPages:       1362192 kB
Mapped:           877152 kB
Shmem:             24960 kB
KReclaimable:     672044 kB
Slab:             229092 kB
SReclaimable:      78212 kB
SUnreclaim:       150880 kB
KernelStack:       48608 kB
PageTables:        68552 kB
NFS_Unstable:          0 kB
Bounce:                0 kB
WritebackTmp:          0 kB
CommitLimit:     9202292 kB
Committed_AS:   76598984 kB
VmallocTotal:   263061440 kB
VmallocUsed:      105584 kB
VmallocChunk:          0 kB
Percpu:             7616 kB
CmaTotal:         294912 kB
CmaFree:               0 kB
MemTotal:       12113136 kB
MemFree:         6224124 kB
MemAvailable:    7841200 kB
Buffers:            5236 kB
Cached:          1837912 kB
SwapCached:            0 kB
Active:          1567688 kB
Inactive:        1605152 kB
Active(anon):    1336032 kB
Inactive(anon):    23072 kB
Active(file):     231656 kB
Inactive(file):  1582080 kB
Unevictable:        5508 kB
Mlocked:            5508 kB
SwapTotal:       3145724 kB
SwapFree:        3145724 kB
Dirty:               404 kB
Writeback:             0 kB
AnonPages:       1335168 kB
Mapped:           877320 kB
Shmem:             24960 kB
KReclaimable:     672044 kB
Slab:             229092 kB
SReclaimable:      78212 kB
SUnreclaim:       150880 kB
KernelStack:       48580 kB
PageTables:        68428 kB
NFS_Unstable:          0 kB
Bounce:                0 kB
WritebackTmp:          0 kB
CommitLimit:     9202292 kB
Committed_AS:   76603480 kB
VmallocTotal:   263061440 kB
VmallocUsed:      105616 kB
VmallocChunk:          0 kB
Percpu:             7616 kB
CmaTotal:         294912 kB
CmaFree:               4 kB
MemTotal:       12113136 kB
MemFree:         6223624 kB
MemAvailable:    7840716 kB
Buffers:            5236 kB
Cached:          1837928 kB
SwapCached:            0 kB
Active:          1567972 kB
Inactive:        1605164 kB
Active(anon):    1336312 kB
Inactive(anon):    23072 kB
Active(file):     231660 kB
Inactive(file):  1582092 kB
Unevictable:        5508 kB
Mlocked:            5508 kB
SwapTotal:       3145724 kB
SwapFree:        3145724 kB
Dirty:               428 kB
Writeback:             0 kB
AnonPages:       1335752 kB
Mapped:           877248 kB
Shmem:             24960 kB
KReclaimable:     672044 kB
Slab:             229096 kB
SReclaimable:      78212 kB
SUnreclaim:       150884 kB
KernelStack:       48496 kB
PageTables:        68520 kB
NFS_Unstable:          0 kB
Bounce:                0 kB
WritebackTmp:          0 kB
CommitLimit:     9202292 kB
Committed_AS:   76603596 kB
VmallocTotal:   263061440 kB
VmallocUsed:      105568 kB
VmallocChunk:          0 kB
Percpu:             7616 kB
CmaTotal:         294912 kB
CmaFree:               0 kB
MemTotal:       12113136 kB
MemFree:         6207500 kB
MemAvailable:    7824612 kB
Buffers:            5236 kB
Cached:          1837948 kB
SwapCached:            0 kB
Active:          1587604 kB
Inactive:        1605184 kB
Active(anon):    1355944 kB
Inactive(anon):    23076 kB
Active(file):     231660 kB
Inactive(file):  1582108 kB
Unevictable:        5508 kB
Mlocked:            5508 kB
SwapTotal:       3145724 kB
SwapFree:        3145724 kB
Dirty:               464 kB
Writeback:             0 kB
AnonPages:       1355308 kB
Mapped:           877204 kB
Shmem:             24964 kB
KReclaimable:     672048 kB
Slab:             229148 kB
SReclaimable:      78216 kB
SUnreclaim:       150932 kB
KernelStack:       48492 kB
PageTables:        68544 kB
NFS_Unstable:          0 kB
Bounce:                0 kB
WritebackTmp:          0 kB
CommitLimit:     9202292 kB
Committed_AS:   76599064 kB
VmallocTotal:   263061440 kB
VmallocUsed:      105536 kB
VmallocChunk:          0 kB
Percpu:             7616 kB
CmaTotal:         294912 kB
CmaFree:               4 kB
MemTotal:       12113136 kB
MemFree:         6199336 kB
MemAvailable:    7816460 kB
Buffers:            5236 kB
Cached:          1837960 kB
SwapCached:            0 kB
Active:          1591372 kB
Inactive:        1605196 kB
Active(anon):    1359712 kB
Inactive(anon):    23076 kB
Active(file):     231660 kB
Inactive(file):  1582120 kB
Unevictable:        5508 kB
Mlocked:            5508 kB
SwapTotal:       3145724 kB
SwapFree:        3145724 kB
Dirty:               480 kB
Writeback:             0 kB
AnonPages:       1358704 kB
Mapped:           877360 kB
Shmem:             24964 kB
KReclaimable:     672048 kB
Slab:             229144 kB
SReclaimable:      78216 kB
SUnreclaim:       150928 kB
KernelStack:       48560 kB
PageTables:        68576 kB
NFS_Unstable:          0 kB
Bounce:                0 kB
WritebackTmp:          0 kB
CommitLimit:     9202292 kB
Committed_AS:   76598644 kB
VmallocTotal:   263061440 kB
VmallocUsed:      105616 kB
VmallocChunk:          0 kB
Percpu:             7616 kB
CmaTotal:         294912 kB
CmaFree:               0 kB
MemTotal:       12113136 kB
MemFree:         6217556 kB
MemAvailable:    7834684 kB
Buffers:            5236 kB
Cached:          1837964 kB
SwapCached:            0 kB
Active:          1574180 kB
Inactive:        1605196 kB
Active(anon):    1342516 kB
Inactive(anon):    23076 kB
Active(file):     231664 kB
Inactive(file):  1582120 kB
Unevictable:        5508 kB
Mlocked:            5508 kB
SwapTotal:       3145724 kB
SwapFree:        3145724 kB
Dirty:               488 kB
Writeback:             0 kB
AnonPages:       1341740 kB
Mapped:           877556 kB
Shmem:             24964 kB
KReclaimable:     672048 kB
Slab:             229144 kB
SReclaimable:      78216 kB
SUnreclaim:       150928 kB
KernelStack:       48528 kB
PageTables:        68492 kB
NFS_Unstable:          0 kB
Bounce:                0 kB
WritebackTmp:          0 kB
CommitLimit:     9202292 kB
Committed_AS:   76603736 kB
VmallocTotal:   263061440 kB
VmallocUsed:      105600 kB
VmallocChunk:          0 kB
Percpu:             7616 kB
CmaTotal:         294912 kB
CmaFree:               4 kB
MemTotal:       12113136 kB
MemFree:         6200652 kB
MemAvailable:    7817800 kB
Buffers:            5236 kB
Cached:          1838012 kB
SwapCached:            0 kB
Active:          1592196 kB
Inactive:        1605292 kB
Active(anon):    1360528 kB
Inactive(anon):    23156 kB
Active(file):     231668 kB
Inactive(file):  1582136 kB
Unevictable:        5508 kB
Mlocked:            5508 kB
SwapTotal:       3145724 kB
SwapFree:        3145724 kB
Dirty:               508 kB
Writeback:             0 kB
AnonPages:       1359776 kB
Mapped:           877564 kB
Shmem:             24992 kB
KReclaimable:     672048 kB
Slab:             229148 kB
SReclaimable:      78216 kB
SUnreclaim:       150932 kB
KernelStack:       48528 kB
PageTables:        68576 kB
NFS_Unstable:          0 kB
Bounce:                0 kB
WritebackTmp:          0 kB
CommitLimit:     9202292 kB
Committed_AS:   76609888 kB
VmallocTotal:   263061440 kB
VmallocUsed:      105552 kB
VmallocChunk:          0 kB
Percpu:             7616 kB
CmaTotal:         294912 kB
CmaFree:               4 kB
MemTotal:       12113136 kB
MemFree:         6210212 kB
MemAvailable:    7827380 kB
Buffers:            5244 kB
Cached:          1837992 kB
SwapCached:            0 kB
Active:          1582088 kB
Inactive:        1605224 kB
Active(anon):    1350416 kB
Inactive(anon):    23076 kB
Active(file):     231672 kB
Inactive(file):  1582148 kB
Unevictable:        5508 kB
Mlocked:            5508 kB
SwapTotal:       3145724 kB
SwapFree:        3145724 kB
Dirty:               512 kB
Writeback:             0 kB
AnonPages:       1349004 kB
Mapped:           877360 kB
Shmem:             24964 kB
KReclaimable:     672052 kB
Slab:             229148 kB
SReclaimable:      78220 kB
SUnreclaim:       150928 kB
KernelStack:       48464 kB
PageTables:        68604 kB
NFS_Unstable:          0 kB
Bounce:                0 kB
WritebackTmp:          0 kB
CommitLimit:     9202292 kB
Committed_AS:   76602164 kB
VmallocTotal:   263061440 kB
VmallocUsed:      105536 kB
VmallocChunk:          0 kB
Percpu:             7616 kB
CmaTotal:         294912 kB
CmaFree:             104 kB
MemTotal:       12113136 kB
MemFree:         6227156 kB
MemAvailable:    7844352 kB
Buffers:            5244 kB
Cached:          1838024 kB
SwapCached:            0 kB
Active:          1564908 kB
Inactive:        1605256 kB
Active(anon):    1333236 kB
Inactive(anon):    23080 kB
Active(file):     231672 kB
Inactive(file):  1582176 kB
Unevictable:        5508 kB
Mlocked:            5508 kB
SwapTotal:       3145724 kB
SwapFree:        3145724 kB
Dirty:               552 kB
Writeback:             0 kB
AnonPages:       1332216 kB
Mapped:           877432 kB
Shmem:             24968 kB
KReclaimable:     672052 kB
Slab:             229156 kB
SReclaimable:      78220 kB
SUnreclaim:       150936 kB
KernelStack:       48496 kB
PageTables:        68540 kB
NFS_Unstable:          0 kB
Bounce:                0 kB
WritebackTmp:          0 kB
CommitLimit:     9202292 kB
Committed_AS:   76601728 kB
VmallocTotal:   263061440 kB
VmallocUsed:      105536 kB
VmallocChunk:          0 kB
Percpu:             7616 kB
CmaTotal:         294912 kB
CmaFree:              60 kB
MemTotal:       12113136 kB
MemFree:         6227228 kB
MemAvailable:    7844436 kB
Buffers:            5244 kB
Cached:          1838036 kB
SwapCached:            0 kB
Active:          1565428 kB
Inactive:        1605268 kB
Active(anon):    1333756 kB
Inactive(anon):    23080 kB
Active(file):     231672 kB
Inactive(file):  1582188 kB
Unevictable:        5508 kB
Mlocked:            5508 kB
SwapTotal:       3145724 kB
SwapFree:        3145724 kB
Dirty:               588 kB
Writeback:             0 kB
AnonPages:       1332464 kB
Mapped:           877624 kB
Shmem:             24968 kB
KReclaimable:     672052 kB
Slab:             229160 kB
SReclaimable:      78220 kB
SUnreclaim:       150940 kB
KernelStack:       48564 kB
PageTables:        68552 kB
NFS_Unstable:          0 kB
Bounce:                0 kB
WritebackTmp:          0 kB
CommitLimit:     9202292 kB
Committed_AS:   76605364 kB
VmallocTotal:   263061440 kB
VmallocUsed:      105552 kB
VmallocChunk:          0 kB
Percpu:             7616 kB
CmaTotal:         294912 kB
CmaFree:               0 kB
MemTotal:       12113136 kB
MemFree:         6225636 kB
MemAvailable:    7842860 kB
Buffers:            5244 kB
Cached:          1838052 kB
SwapCached:            0 kB
Active:          1565916 kB
Inactive:        1605284 kB
Active(anon):    1334244 kB
Inactive(anon):    23080 kB
Active(file):     231672 kB
Inactive(file):  1582204 kB
Unevictable:        5508 kB
Mlocked:            5508 kB
SwapTotal:       3145724 kB
SwapFree:        3145724 kB
Dirty:               616 kB
Writeback:             0 kB
AnonPages:       1333276 kB
Mapped:           877620 kB
Shmem:             24968 kB
KReclaimable:     672052 kB
Slab:             229160 kB
SReclaimable:      78220 kB
SUnreclaim:       150940 kB
KernelStack:       48496 kB
PageTables:        68452 kB
NFS_Unstable:          0 kB
Bounce:                0 kB
WritebackTmp:          0 kB
CommitLimit:     9202292 kB
Committed_AS:   76600776 kB
VmallocTotal:   263061440 kB
VmallocUsed:      105536 kB
VmallocChunk:          0 kB
Percpu:             7616 kB
CmaTotal:         294912 kB
CmaFree:               0 kB
MemTotal:       12113136 kB
MemFree:         6225212 kB
MemAvailable:    7842448 kB
Buffers:            5244 kB
Cached:          1838064 kB
SwapCached:            0 kB
Active:          1566368 kB
Inactive:        1605296 kB
Active(anon):    1334696 kB
Inactive(anon):    23080 kB
Active(file):     231672 kB
Inactive(file):  1582216 kB
Unevictable:        5508 kB
Mlocked:            5508 kB
SwapTotal:       3145724 kB
SwapFree:        3145724 kB
Dirty:               412 kB
Writeback:             0 kB
AnonPages:       1333000 kB
Mapped:           877624 kB
Shmem:             24968 kB
KReclaimable:     672052 kB
Slab:             229160 kB
SReclaimable:      78220 kB
SUnreclaim:       150940 kB
KernelStack:       48548 kB
PageTables:        68484 kB
NFS_Unstable:          0 kB
Bounce:                0 kB
WritebackTmp:          0 kB
CommitLimit:     9202292 kB
Committed_AS:   76601352 kB
VmallocTotal:   263061440 kB
VmallocUsed:      105568 kB
VmallocChunk:          0 kB
Percpu:             7616 kB
CmaTotal:         294912 kB
CmaFree:               0 kB
MemTotal:       12113136 kB
MemFree:         6226360 kB
MemAvailable:    7843612 kB
Buffers:            5244 kB
Cached:          1838080 kB
SwapCached:            0 kB
Active:          1566796 kB
Inactive:        1605312 kB
Active(anon):    1335124 kB
Inactive(anon):    23080 kB
Active(file):     231672 kB
Inactive(file):  1582232 kB
Unevictable:        5508 kB
Mlocked:            5508 kB
SwapTotal:       3145724 kB
SwapFree:        3145724 kB
Dirty:               232 kB
Writeback:             0 kB
AnonPages:       1334392 kB
Mapped:           877592 kB
Shmem:             24968 kB
KReclaimable:     672052 kB
Slab:             229168 kB
SReclaimable:      78220 kB
SUnreclaim:       150948 kB
KernelStack:       48512 kB
PageTables:        68516 kB
NFS_Unstable:          0 kB
Bounce:                0 kB
WritebackTmp:          0 kB
CommitLimit:     9202292 kB
Committed_AS:   76598820 kB
VmallocTotal:   263061440 kB
VmallocUsed:      105536 kB
VmallocChunk:          0 kB
Percpu:             7616 kB
CmaTotal:         294912 kB
CmaFree:               0 kB
MemTotal:       12113136 kB
MemFree:         6225560 kB
MemAvailable:    7842824 kB
Buffers:            5244 kB
Cached:          1838096 kB
SwapCached:            0 kB
Active:          1567640 kB
Inactive:        1605328 kB
Active(anon):    1335968 kB
Inactive(anon):    23084 kB
Active(file):     231672 kB
Inactive(file):  1582244 kB
Unevictable:        5508 kB
Mlocked:            5508 kB
SwapTotal:       3145724 kB
SwapFree:        3145724 kB
Dirty:               276 kB
Writeback:             0 kB
AnonPages:       1335028 kB
Mapped:           877556 kB
Shmem:             24972 kB
KReclaimable:     672052 kB
Slab:             229168 kB
SReclaimable:      78220 kB
SUnreclaim:       150948 kB
KernelStack:       48532 kB
PageTables:        68432 kB
NFS_Unstable:          0 kB
Bounce:                0 kB
WritebackTmp:          0 kB
CommitLimit:     9202292 kB
Committed_AS:   76598172 kB
VmallocTotal:   263061440 kB
VmallocUsed:      105520 kB
VmallocChunk:          0 kB
Percpu:             7616 kB
CmaTotal:         294912 kB
CmaFree:               4 kB
MemTotal:       12113136 kB
MemFree:         6223364 kB
MemAvailable:    7840636 kB
Buffers:            5244 kB
Cached:          1838104 kB
SwapCached:            0 kB
Active:          1568088 kB
Inactive:        1605336 kB
Active(anon):    1336416 kB
Inactive(anon):    23084 kB
Active(file):     231672 kB
Inactive(file):  1582252 kB
Unevictable:        5508 kB
Mlocked:            5508 kB
SwapTotal:       3145724 kB
SwapFree:        3145724 kB
Dirty:               316 kB
Writeback:             0 kB
AnonPages:       1335732 kB
Mapped:           877624 kB
Shmem:             24972 kB
KReclaimable:     672052 kB
Slab:             229172 kB
SReclaimable:      78220 kB
SUnreclaim:       150952 kB
KernelStack:       48464 kB
PageTables:        68488 kB
NFS_Unstable:          0 kB
Bounce:                0 kB
WritebackTmp:          0 kB
CommitLimit:     9202292 kB
Committed_AS:   76597008 kB
VmallocTotal:   263061440 kB
VmallocUsed:      105488 kB
VmallocChunk:          0 kB
Percpu:             7616 kB
CmaTotal:         294912 kB
CmaFree:               0 kB
MemTotal:       12113136 kB
MemFree:         6222828 kB
MemAvailable:    7840136 kB
Buffers:            5244 kB
Cached:          1838136 kB
SwapCached:            0 kB
Active:          1569332 kB
Inactive:        1605368 kB
Active(anon):    1337660 kB
Inactive(anon):    23084 kB
Active(file):     231672 kB
Inactive(file):  1582284 kB
Unevictable:        5508 kB
Mlocked:            5508 kB
SwapTotal:       3145724 kB
SwapFree:        3145724 kB
Dirty:               360 kB
Writeback:             0 kB
AnonPages:       1336784 kB
Mapped:           877432 kB
Shmem:             24972 kB
KReclaimable:     672056 kB
Slab:             229176 kB
SReclaimable:      78224 kB
SUnreclaim:       150952 kB
KernelStack:       48496 kB
PageTables:        68624 kB
NFS_Unstable:          0 kB
Bounce:                0 kB
WritebackTmp:          0 kB
CommitLimit:     9202292 kB
Committed_AS:   76598592 kB
VmallocTotal:   263061440 kB
VmallocUsed:      105520 kB
VmallocChunk:          0 kB
Percpu:             7616 kB
CmaTotal:         294912 kB
CmaFree:               0 kB
MemTotal:       12113136 kB
MemFree:         6222892 kB
MemAvailable:    7840208 kB
Buffers:            5244 kB
Cached:          1838144 kB
SwapCached:            0 kB
Active:          1569476 kB
Inactive:        1605376 kB
Active(anon):    1337804 kB
Inactive(anon):    23084 kB
Active(file):     231672 kB
Inactive(file):  1582292 kB
Unevictable:        5508 kB
Mlocked:            5508 kB
SwapTotal:       3145724 kB
SwapFree:        3145724 kB
Dirty:               380 kB
Writeback:             0 kB
AnonPages:       1337052 kB
Mapped:           877432 kB
Shmem:             24972 kB
KReclaimable:     672056 kB
Slab:             229176 kB
SReclaimable:      78224 kB
SUnreclaim:       150952 kB
KernelStack:       48464 kB
PageTables:        68536 kB
NFS_Unstable:          0 kB
Bounce:                0 kB
WritebackTmp:          0 kB
CommitLimit:     9202292 kB
Committed_AS:   76598336 kB
VmallocTotal:   263061440 kB
VmallocUsed:      105520 kB
VmallocChunk:          0 kB
Percpu:             7616 kB
CmaTotal:         294912 kB
CmaFree:               0 kB
MemTotal:       12113136 kB
MemFree:         6222384 kB
MemAvailable:    7839716 kB
Buffers:            5244 kB
Cached:          1838160 kB
SwapCached:            0 kB
Active:          1569800 kB
Inactive:        1605392 kB
Active(anon):    1338128 kB
Inactive(anon):    23084 kB
Active(file):     231672 kB
Inactive(file):  1582308 kB
Unevictable:        5508 kB
Mlocked:            5508 kB
SwapTotal:       3145724 kB
SwapFree:        3145724 kB
Dirty:               400 kB
Writeback:             0 kB
AnonPages:       1337372 kB
Mapped:           877628 kB
Shmem:             24972 kB
KReclaimable:     672056 kB
Slab:             229180 kB
SReclaimable:      78224 kB
SUnreclaim:       150956 kB
KernelStack:       48516 kB
PageTables:        68488 kB
NFS_Unstable:          0 kB
Bounce:                0 kB
WritebackTmp:          0 kB
CommitLimit:     9202292 kB
Committed_AS:   76593592 kB
VmallocTotal:   263061440 kB
VmallocUsed:      105568 kB
VmallocChunk:          0 kB
Percpu:             7616 kB
CmaTotal:         294912 kB
CmaFree:               0 kB
MemTotal:       12113136 kB
MemFree:         6221244 kB
MemAvailable:    7838584 kB
Buffers:            5244 kB
Cached:          1838172 kB
SwapCached:            0 kB
Active:          1571160 kB
Inactive:        1605404 kB
Active(anon):    1339488 kB
Inactive(anon):    23088 kB
Active(file):     231672 kB
Inactive(file):  1582316 kB
Unevictable:        5508 kB
Mlocked:            5508 kB
SwapTotal:       3145724 kB
SwapFree:        3145724 kB
Dirty:               428 kB
Writeback:             0 kB
AnonPages:       1338768 kB
Mapped:           877628 kB
Shmem:             24976 kB
KReclaimable:     672056 kB
Slab:             229180 kB
SReclaimable:      78224 kB
SUnreclaim:       150956 kB
KernelStack:       48512 kB
PageTables:        68544 kB
NFS_Unstable:          0 kB
Bounce:                0 kB
WritebackTmp:          0 kB
CommitLimit:     9202292 kB
Committed_AS:   76598256 kB
VmallocTotal:   263061440 kB
VmallocUsed:      105504 kB
VmallocChunk:          0 kB
Percpu:             7616 kB
CmaTotal:         294912 kB
CmaFree:               0 kB
MemTotal:       12113136 kB
MemFree:         6223732 kB
MemAvailable:    7841088 kB
Buffers:            5244 kB
Cached:          1838188 kB
SwapCached:            0 kB
Active:          1567888 kB
Inactive:        1605416 kB
Active(anon):    1336212 kB
Inactive(anon):    23088 kB
Active(file):     231676 kB
Inactive(file):  1582328 kB
Unevictable:        5508 kB
Mlocked:            5508 kB
SwapTotal:       3145724 kB
SwapFree:        3145724 kB
Dirty:               448 kB
Writeback:             0 kB
AnonPages:       1335368 kB
Mapped:           877560 kB
Shmem:             24976 kB
KReclaimable:     672056 kB
Slab:             229180 kB
SReclaimable:      78224 kB
SUnreclaim:       150956 kB
KernelStack:       48484 kB
PageTables:        68428 kB
NFS_Unstable:          0 kB
Bounce:                0 kB
WritebackTmp:          0 kB
CommitLimit:     9202292 kB
Committed_AS:   76603416 kB
VmallocTotal:   263061440 kB
VmallocUsed:      105536 kB
VmallocChunk:          0 kB
Percpu:             7616 kB
CmaTotal:         294912 kB
CmaFree:              28 kB
MemTotal:       12113136 kB
MemFree:         6223560 kB
MemAvailable:    7840924 kB
Buffers:            5244 kB
Cached:          1838196 kB
SwapCached:            0 kB
Active:          1568756 kB
Inactive:        1605424 kB
Active(anon):    1337080 kB
Inactive(anon):    23088 kB
Active(file):     231676 kB
Inactive(file):  1582336 kB
Unevictable:        5508 kB
Mlocked:            5508 kB
SwapTotal:       3145724 kB
SwapFree:        3145724 kB
Dirty:               468 kB
Writeback:             0 kB
AnonPages:       1336352 kB
Mapped:           877492 kB
Shmem:             24976 kB
KReclaimable:     672056 kB
Slab:             229184 kB
SReclaimable:      78224 kB
SUnreclaim:       150960 kB
KernelStack:       48512 kB
PageTables:        68624 kB
NFS_Unstable:          0 kB
Bounce:                0 kB
WritebackTmp:          0 kB
CommitLimit:     9202292 kB
Committed_AS:   76603972 kB
VmallocTotal:   263061440 kB
VmallocUsed:      105536 kB
VmallocChunk:          0 kB
Percpu:             7616 kB
CmaTotal:         294912 kB
CmaFree:               8 kB
MemTotal:       12113136 kB
MemFree:         6222512 kB
MemAvailable:    7839888 kB
Buffers:            5252 kB
Cached:          1838200 kB
SwapCached:            0 kB
Active:          1569896 kB
Inactive:        1605428 kB
Active(anon):    1338212 kB
Inactive(anon):    23088 kB
Active(file):     231684 kB
Inactive(file):  1582340 kB
Unevictable:        5508 kB
Mlocked:            5508 kB
SwapTotal:       3145724 kB
SwapFree:        3145724 kB
Dirty:               528 kB
Writeback:             0 kB
AnonPages:       1337412 kB
Mapped:           877632 kB
Shmem:             24976 kB
KReclaimable:     672056 kB
Slab:             229184 kB
SReclaimable:      78224 kB
SUnreclaim:       150960 kB
KernelStack:       48464 kB
PageTables:        68488 kB
NFS_Unstable:          0 kB
Bounce:                0 kB
WritebackTmp:          0 kB
CommitLimit:     9202292 kB
Committed_AS:   76603708 kB
VmallocTotal:   263061440 kB
VmallocUsed:      105520 kB
VmallocChunk:          0 kB
Percpu:             7616 kB
CmaTotal:         294912 kB
CmaFree:               0 kB
MemTotal:       12113136 kB
MemFree:         6222852 kB
MemAvailable:    7840272 kB
Buffers:            5252 kB
Cached:          1838244 kB
SwapCached:            0 kB
Active:          1570316 kB
Inactive:        1605472 kB
Active(anon):    1338632 kB
Inactive(anon):    23088 kB
Active(file):     231684 kB
Inactive(file):  1582384 kB
Unevictable:        5508 kB
Mlocked:            5508 kB
SwapTotal:       3145724 kB
SwapFree:        3145724 kB
Dirty:               504 kB
Writeback:             0 kB
AnonPages:       1337480 kB
Mapped:           877628 kB
Shmem:             24976 kB
KReclaimable:     672056 kB
Slab:             229188 kB
SReclaimable:      78224 kB
SUnreclaim:       150964 kB
KernelStack:       48448 kB
PageTables:        68556 kB
NFS_Unstable:          0 kB
Bounce:                0 kB
WritebackTmp:          0 kB
CommitLimit:     9202292 kB
Committed_AS:   76603500 kB
VmallocTotal:   263061440 kB
VmallocUsed:      105520 kB
VmallocChunk:          0 kB
Percpu:             7616 kB
CmaTotal:         294912 kB
CmaFree:               0 kB
MemTotal:       12113136 kB
MemFree:         6220800 kB
MemAvailable:    7838224 kB
Buffers:            5252 kB
Cached:          1838248 kB
SwapCached:            0 kB
Active:          1570700 kB
Inactive:        1605476 kB
Active(anon):    1339016 kB
Inactive(anon):    23088 kB
Active(file):     231684 kB
Inactive(file):  1582388 kB
Unevictable:        5508 kB
Mlocked:            5508 kB
SwapTotal:       3145724 kB
SwapFree:        3145724 kB
Dirty:               508 kB
Writeback:             0 kB
AnonPages:       1337936 kB
Mapped:           877560 kB
Shmem:             24976 kB
KReclaimable:     672056 kB
Slab:             229188 kB
SReclaimable:      78224 kB
SUnreclaim:       150964 kB
KernelStack:       48448 kB
PageTables:        68708 kB
NFS_Unstable:          0 kB
Bounce:                0 kB
WritebackTmp:          0 kB
CommitLimit:     9202292 kB
Committed_AS:   76592312 kB
VmallocTotal:   263061440 kB
VmallocUsed:      105504 kB
VmallocChunk:          0 kB
Percpu:             7616 kB
CmaTotal:         294912 kB
CmaFree:               0 kB
MemTotal:       12113136 kB
MemFree:         6220828 kB
MemAvailable:    7838264 kB
Buffers:            5252 kB
Cached:          1838260 kB
SwapCached:            0 kB
Active:          1571656 kB
Inactive:        1605488 kB
Active(anon):    1339972 kB
Inactive(anon):    23088 kB
Active(file):     231684 kB
Inactive(file):  1582400 kB
Unevictable:        5508 kB
Mlocked:            5508 kB
SwapTotal:       3145724 kB
SwapFree:        3145724 kB
Dirty:               532 kB
Writeback:             0 kB
AnonPages:       1339184 kB
Mapped:           877628 kB
Shmem:             24976 kB
KReclaimable:     672056 kB
Slab:             229188 kB
SReclaimable:      78224 kB
SUnreclaim:       150964 kB
KernelStack:       48496 kB
PageTables:        68676 kB
NFS_Unstable:          0 kB
Bounce:                0 kB
WritebackTmp:          0 kB
CommitLimit:     9202292 kB
Committed_AS:   76592568 kB
VmallocTotal:   263061440 kB
VmallocUsed:      105488 kB
VmallocChunk:          0 kB
Percpu:             7616 kB
CmaTotal:         294912 kB
CmaFree:               0 kB
MemTotal:       12113136 kB
MemFree:         6220348 kB
MemAvailable:    7837800 kB
Buffers:            5252 kB
Cached:          1838276 kB
SwapCached:            0 kB
Active:          1572036 kB
Inactive:        1605504 kB
Active(anon):    1340352 kB
Inactive(anon):    23088 kB
Active(file):     231684 kB
Inactive(file):  1582416 kB
Unevictable:        5508 kB
Mlocked:            5508 kB
SwapTotal:       3145724 kB
SwapFree:        3145724 kB
Dirty:               556 kB
Writeback:             0 kB
AnonPages:       1339692 kB
Mapped:           877632 kB
Shmem:             24976 kB
KReclaimable:     672056 kB
Slab:             229192 kB
SReclaimable:      78224 kB
SUnreclaim:       150968 kB
KernelStack:       48416 kB
PageTables:        68484 kB
NFS_Unstable:          0 kB
Bounce:                0 kB
WritebackTmp:          0 kB
CommitLimit:     9202292 kB
Committed_AS:   76587948 kB
VmallocTotal:   263061440 kB
VmallocUsed:      105488 kB
VmallocChunk:          0 kB
Percpu:             7616 kB
CmaTotal:         294912 kB
CmaFree:               0 kB
MemTotal:       12113136 kB
MemFree:         6219884 kB
MemAvailable:    7837344 kB
Buffers:            5252 kB
Cached:          1838284 kB
SwapCached:            0 kB
Active:          1573164 kB
Inactive:        1605512 kB
Active(anon):    1341480 kB
Inactive(anon):    23088 kB
Active(file):     231684 kB
Inactive(file):  1582424 kB
Unevictable:        5508 kB
Mlocked:            5508 kB
SwapTotal:       3145724 kB
SwapFree:        3145724 kB
Dirty:               304 kB
Writeback:             0 kB
AnonPages:       1340860 kB
Mapped:           877628 kB
Shmem:             24976 kB
KReclaimable:     672056 kB
Slab:             229192 kB
SReclaimable:      78224 kB
SUnreclaim:       150968 kB
KernelStack:       48416 kB
PageTables:        68492 kB
NFS_Unstable:          0 kB
Bounce:                0 kB
WritebackTmp:          0 kB
CommitLimit:     9202292 kB
Committed_AS:   76593256 kB
VmallocTotal:   263061440 kB
VmallocUsed:      105504 kB
VmallocChunk:          0 kB
Percpu:             7616 kB
CmaTotal:         294912 kB
CmaFree:               0 kB
MemTotal:       12113136 kB
MemFree:         6230632 kB
MemAvailable:    7848108 kB
Buffers:            5252 kB
Cached:          1838300 kB
SwapCached:            0 kB
Active:          1561060 kB
Inactive:        1605528 kB
Active(anon):    1329376 kB
Inactive(anon):    23088 kB
Active(file):     231684 kB
Inactive(file):  1582440 kB
Unevictable:        5508 kB
Mlocked:            5508 kB
SwapTotal:       3145724 kB
SwapFree:        3145724 kB
Dirty:               260 kB
Writeback:             0 kB
AnonPages:       1328056 kB
Mapped:           877436 kB
Shmem:             24976 kB
KReclaimable:     672056 kB
Slab:             229192 kB
SReclaimable:      78224 kB
SUnreclaim:       150968 kB
KernelStack:       48432 kB
PageTables:        68448 kB
NFS_Unstable:          0 kB
Bounce:                0 kB
WritebackTmp:          0 kB
CommitLimit:     9202292 kB
Committed_AS:   76592628 kB
VmallocTotal:   263061440 kB
VmallocUsed:      105552 kB
VmallocChunk:          0 kB
Percpu:             7616 kB
CmaTotal:         294912 kB
CmaFree:             972 kB
MemTotal:       12113136 kB
MemFree:         6230708 kB
MemAvailable:    7848196 kB
Buffers:            5252 kB
Cached:          1838312 kB
SwapCached:            0 kB
Active:          1560512 kB
Inactive:        1605540 kB
Active(anon):    1328828 kB
Inactive(anon):    23088 kB
Active(file):     231684 kB
Inactive(file):  1582452 kB
Unevictable:        5508 kB
Mlocked:            5508 kB
SwapTotal:       3145724 kB
SwapFree:        3145724 kB
Dirty:               328 kB
Writeback:             0 kB
AnonPages:       1327976 kB
Mapped:           877440 kB
Shmem:             24976 kB
KReclaimable:     672056 kB
Slab:             229192 kB
SReclaimable:      78224 kB
SUnreclaim:       150968 kB
KernelStack:       48432 kB
PageTables:        68500 kB
NFS_Unstable:          0 kB
Bounce:                0 kB
WritebackTmp:          0 kB
CommitLimit:     9202292 kB
Committed_AS:   76595764 kB
VmallocTotal:   263061440 kB
VmallocUsed:      105504 kB
VmallocChunk:          0 kB
Percpu:             7616 kB
CmaTotal:         294912 kB
CmaFree:               0 kB
MemTotal:       12113136 kB
MemFree:         6229956 kB
MemAvailable:    7847460 kB
Buffers:            5252 kB
Cached:          1838328 kB
SwapCached:            0 kB
Active:          1561084 kB
Inactive:        1605556 kB
Active(anon):    1329400 kB
Inactive(anon):    23088 kB
Active(file):     231684 kB
Inactive(file):  1582468 kB
Unevictable:        5508 kB
Mlocked:            5508 kB
SwapTotal:       3145724 kB
SwapFree:        3145724 kB
Dirty:               344 kB
Writeback:             0 kB
AnonPages:       1327988 kB
Mapped:           877632 kB
Shmem:             24976 kB
KReclaimable:     672056 kB
Slab:             229192 kB
SReclaimable:      78224 kB
SUnreclaim:       150968 kB
KernelStack:       48432 kB
PageTables:        68484 kB
NFS_Unstable:          0 kB
Bounce:                0 kB
WritebackTmp:          0 kB
CommitLimit:     9202292 kB
Committed_AS:   76603412 kB
VmallocTotal:   263061440 kB
VmallocUsed:      105504 kB
VmallocChunk:          0 kB
Percpu:             7616 kB
CmaTotal:         294912 kB
CmaFree:               0 kB
MemTotal:       12113136 kB
MemFree:         6229960 kB
MemAvailable:    7847472 kB
Buffers:            5252 kB
Cached:          1838336 kB
SwapCached:            0 kB
Active:          1561444 kB
Inactive:        1605564 kB
Active(anon):    1329760 kB
Inactive(anon):    23088 kB
Active(file):     231684 kB
Inactive(file):  1582476 kB
Unevictable:        5508 kB
Mlocked:            5508 kB
SwapTotal:       3145724 kB
SwapFree:        3145724 kB
Dirty:               364 kB
Writeback:             0 kB
AnonPages:       1329132 kB
Mapped:           877632 kB
Shmem:             24976 kB
KReclaimable:     672056 kB
Slab:             229200 kB
SReclaimable:      78224 kB
SUnreclaim:       150976 kB
KernelStack:       48484 kB
PageTables:        68504 kB
NFS_Unstable:          0 kB
Bounce:                0 kB
WritebackTmp:          0 kB
CommitLimit:     9202292 kB
Committed_AS:   76594948 kB
VmallocTotal:   263061440 kB
VmallocUsed:      105488 kB
VmallocChunk:          0 kB
Percpu:             7616 kB
CmaTotal:         294912 kB
CmaFree:              28 kB
MemTotal:       12113136 kB
MemFree:         6229852 kB
MemAvailable:    7847388 kB
Buffers:            5252 kB
Cached:          1838360 kB
SwapCached:            0 kB
Active:          1561840 kB
Inactive:        1605588 kB
Active(anon):    1330156 kB
Inactive(anon):    23088 kB
Active(file):     231684 kB
Inactive(file):  1582500 kB
Unevictable:        5508 kB
Mlocked:            5508 kB
SwapTotal:       3145724 kB
SwapFree:        3145724 kB
Dirty:               396 kB
Writeback:             0 kB
AnonPages:       1329324 kB
Mapped:           877560 kB
Shmem:             24976 kB
KReclaimable:     672056 kB
Slab:             229200 kB
SReclaimable:      78224 kB
SUnreclaim:       150976 kB
KernelStack:       48452 kB
PageTables:        68420 kB
NFS_Unstable:          0 kB
Bounce:                0 kB
WritebackTmp:          0 kB
CommitLimit:     9202292 kB
Committed_AS:   76593176 kB
VmallocTotal:   263061440 kB
VmallocUsed:      105488 kB
VmallocChunk:          0 kB
Percpu:             7616 kB
CmaTotal:         294912 kB
CmaFree:               0 kB
MemTotal:       12113136 kB
MemFree:         6228948 kB
MemAvailable:    7846500 kB
Buffers:            5252 kB
Cached:          1838376 kB
SwapCached:            0 kB
Active:          1562576 kB
Inactive:        1605604 kB
Active(anon):    1330892 kB
Inactive(anon):    23088 kB
Active(file):     231684 kB
Inactive(file):  1582516 kB
Unevictable:        5508 kB
Mlocked:            5508 kB
SwapTotal:       3145724 kB
SwapFree:        3145724 kB
Dirty:               416 kB
Writeback:             0 kB
AnonPages:       1330580 kB
Mapped:           877436 kB
Shmem:             24976 kB
KReclaimable:     672056 kB
Slab:             229200 kB
SReclaimable:      78224 kB
SUnreclaim:       150976 kB
KernelStack:       48432 kB
PageTables:        68612 kB
NFS_Unstable:          0 kB
Bounce:                0 kB
WritebackTmp:          0 kB
CommitLimit:     9202292 kB
Committed_AS:   76600872 kB
VmallocTotal:   263061440 kB
VmallocUsed:      105520 kB
VmallocChunk:          0 kB
Percpu:             7616 kB
CmaTotal:         294912 kB
CmaFree:               0 kB
MemTotal:       12113136 kB
MemFree:         6240696 kB
MemAvailable:    7858244 kB
Buffers:            5252 kB
Cached:          1838376 kB
SwapCached:            0 kB
Active:          1550528 kB
Inactive:        1605608 kB
Active(anon):    1318848 kB
Inactive(anon):    23092 kB
Active(file):     231680 kB
Inactive(file):  1582516 kB
Unevictable:        5508 kB
Mlocked:            5508 kB
SwapTotal:       3145724 kB
SwapFree:        3145724 kB
Dirty:               408 kB
Writeback:             0 kB
AnonPages:       1318280 kB
Mapped:           877564 kB
Shmem:             24980 kB
KReclaimable:     672056 kB
Slab:             229204 kB
SReclaimable:      78224 kB
SUnreclaim:       150980 kB
KernelStack:       48452 kB
PageTables:        68416 kB
NFS_Unstable:          0 kB
Bounce:                0 kB
WritebackTmp:          0 kB
CommitLimit:     9202292 kB
Committed_AS:   76600448 kB
VmallocTotal:   263061440 kB
VmallocUsed:      105520 kB
VmallocChunk:          0 kB
Percpu:             7616 kB
CmaTotal:         294912 kB
CmaFree:             204 kB
MemTotal:       12113136 kB
MemFree:         6240504 kB
MemAvailable:    7858072 kB
Buffers:            5252 kB
Cached:          1838404 kB
SwapCached:            0 kB
Active:          1551056 kB
Inactive:        1605632 kB
Active(anon):    1319372 kB
Inactive(anon):    23100 kB
Active(file):     231684 kB
Inactive(file):  1582532 kB
Unevictable:        5508 kB
Mlocked:            5508 kB
SwapTotal:       3145724 kB
SwapFree:        3145724 kB
Dirty:               408 kB
Writeback:             0 kB
AnonPages:       1318360 kB
Mapped:           877380 kB
Shmem:             24988 kB
KReclaimable:     672056 kB
Slab:             229204 kB
SReclaimable:      78224 kB
SUnreclaim:       150980 kB
KernelStack:       48448 kB
PageTables:        68496 kB
NFS_Unstable:          0 kB
Bounce:                0 kB
WritebackTmp:          0 kB
CommitLimit:     9202292 kB
Committed_AS:   76603488 kB
VmallocTotal:   263061440 kB
VmallocUsed:      105520 kB
VmallocChunk:          0 kB
Percpu:             7616 kB
CmaTotal:         294912 kB
CmaFree:               0 kB
MemTotal:       12113136 kB
MemFree:         6240244 kB
MemAvailable:    7857824 kB
Buffers:            5252 kB
Cached:          1838416 kB
SwapCached:            0 kB
Active:          1551284 kB
Inactive:        1605644 kB
Active(anon):    1319600 kB
Inactive(anon):    23100 kB
Active(file):     231684 kB
Inactive(file):  1582544 kB
Unevictable:        5508 kB
Mlocked:            5508 kB
SwapTotal:       3145724 kB
SwapFree:        3145724 kB
Dirty:               420 kB
Writeback:             0 kB
AnonPages:       1318264 kB
Mapped:           877592 kB
Shmem:             24988 kB
KReclaimable:     672056 kB
Slab:             229208 kB
SReclaimable:      78224 kB
SUnreclaim:       150984 kB
KernelStack:       48400 kB
PageTables:        68736 kB
NFS_Unstable:          0 kB
Bounce:                0 kB
WritebackTmp:          0 kB
CommitLimit:     9202292 kB
Committed_AS:   76598504 kB
VmallocTotal:   263061440 kB
VmallocUsed:      105536 kB
VmallocChunk:          0 kB
Percpu:             7616 kB
CmaTotal:         294912 kB
CmaFree:             100 kB
MemTotal:       12113136 kB
MemFree:         6212084 kB
MemAvailable:    7829684 kB
Buffers:            5260 kB
Cached:          1838428 kB
SwapCached:            0 kB
Active:          1582172 kB
Inactive:        1605656 kB
Active(anon):    1350480 kB
Inactive(anon):    23100 kB
Active(file):     231692 kB
Inactive(file):  1582556 kB
Unevictable:        5508 kB
Mlocked:            5508 kB
SwapTotal:       3145724 kB
SwapFree:        3145724 kB
Dirty:               472 kB
Writeback:             0 kB
AnonPages:       1349840 kB
Mapped:           877616 kB
Shmem:             24988 kB
KReclaimable:     672056 kB
Slab:             229200 kB
SReclaimable:      78224 kB
SUnreclaim:       150976 kB
KernelStack:       48448 kB
PageTables:        68504 kB
NFS_Unstable:          0 kB
Bounce:                0 kB
WritebackTmp:          0 kB
CommitLimit:     9202292 kB
Committed_AS:   76601712 kB
VmallocTotal:   263061440 kB
VmallocUsed:      105536 kB
VmallocChunk:          0 kB
Percpu:             7616 kB
CmaTotal:         294912 kB
CmaFree:               0 kB
MemTotal:       12113136 kB
MemFree:         6213872 kB
MemAvailable:    7831508 kB
Buffers:            5260 kB
Cached:          1838468 kB
SwapCached:            0 kB
Active:          1579192 kB
Inactive:        1605696 kB
Active(anon):    1347500 kB
Inactive(anon):    23104 kB
Active(file):     231692 kB
Inactive(file):  1582592 kB
Unevictable:        5508 kB
Mlocked:            5508 kB
SwapTotal:       3145724 kB
SwapFree:        3145724 kB
Dirty:               468 kB
Writeback:             0 kB
AnonPages:       1346780 kB
Mapped:           877776 kB
Shmem:             24992 kB
KReclaimable:     672056 kB
Slab:             229200 kB
SReclaimable:      78224 kB
SUnreclaim:       150976 kB
KernelStack:       48432 kB
PageTables:        68488 kB
NFS_Unstable:          0 kB
Bounce:                0 kB
WritebackTmp:          0 kB
CommitLimit:     9202292 kB
Committed_AS:   76593548 kB
VmallocTotal:   263061440 kB
VmallocUsed:      105488 kB
VmallocChunk:          0 kB
Percpu:             7616 kB
CmaTotal:         294912 kB
CmaFree:               0 kB
MemTotal:       12113136 kB
MemFree:         6212764 kB
MemAvailable:    7830412 kB
Buffers:            5260 kB
Cached:          1838480 kB
SwapCached:            0 kB
Active:          1580612 kB
Inactive:        1605708 kB
Active(anon):    1348920 kB
Inactive(anon):    23104 kB
Active(file):     231692 kB
Inactive(file):  1582604 kB
Unevictable:        5508 kB
Mlocked:            5508 kB
SwapTotal:       3145724 kB
SwapFree:        3145724 kB
Dirty:               480 kB
Writeback:             0 kB
AnonPages:       1348372 kB
Mapped:           877644 kB
Shmem:             24992 kB
KReclaimable:     672056 kB
Slab:             229208 kB
SReclaimable:      78224 kB
SUnreclaim:       150984 kB
KernelStack:       48416 kB
PageTables:        68500 kB
NFS_Unstable:          0 kB
Bounce:                0 kB
WritebackTmp:          0 kB
CommitLimit:     9202292 kB
Committed_AS:   76598636 kB
VmallocTotal:   263061440 kB
VmallocUsed:      105520 kB
VmallocChunk:          0 kB
Percpu:             7616 kB
CmaTotal:         294912 kB
CmaFree:               4 kB
MemTotal:       12113136 kB
MemFree:         6210420 kB
MemAvailable:    7828072 kB
Buffers:            5260 kB
Cached:          1838484 kB
SwapCached:            0 kB
Active:          1582260 kB
Inactive:        1605712 kB
Active(anon):    1350568 kB
Inactive(anon):    23104 kB
Active(file):     231692 kB
Inactive(file):  1582608 kB
Unevictable:        5508 kB
Mlocked:            5508 kB
SwapTotal:       3145724 kB
SwapFree:        3145724 kB
Dirty:               484 kB
Writeback:             0 kB
AnonPages:       1350084 kB
Mapped:           877576 kB
Shmem:             24992 kB
KReclaimable:     672056 kB
Slab:             229216 kB
SReclaimable:      78224 kB
SUnreclaim:       150992 kB
KernelStack:       48452 kB
PageTables:        68440 kB
NFS_Unstable:          0 kB
Bounce:                0 kB
WritebackTmp:          0 kB
CommitLimit:     9202292 kB
Committed_AS:   76604960 kB
VmallocTotal:   263061440 kB
VmallocUsed:      105520 kB
VmallocChunk:          0 kB
Percpu:             7616 kB
CmaTotal:         294912 kB
CmaFree:               4 kB
MemTotal:       12113136 kB
MemFree:         6210244 kB
MemAvailable:    7827904 kB
Buffers:            5260 kB
Cached:          1838492 kB
SwapCached:            0 kB
Active:          1583068 kB
Inactive:        1605724 kB
Active(anon):    1351380 kB
Inactive(anon):    23104 kB
Active(file):     231688 kB
Inactive(file):  1582620 kB
Unevictable:        5508 kB
Mlocked:            5508 kB
SwapTotal:       3145724 kB
SwapFree:        3145724 kB
Dirty:               504 kB
Writeback:             0 kB
AnonPages:       1350676 kB
Mapped:           877452 kB
Shmem:             24992 kB
KReclaimable:     672056 kB
Slab:             229208 kB
SReclaimable:      78224 kB
SUnreclaim:       150984 kB
KernelStack:       48512 kB
PageTables:        68660 kB
NFS_Unstable:          0 kB
Bounce:                0 kB
WritebackTmp:          0 kB
CommitLimit:     9202292 kB
Committed_AS:   76604760 kB
VmallocTotal:   263061440 kB
VmallocUsed:      105504 kB
VmallocChunk:          0 kB
Percpu:             7616 kB
CmaTotal:         294912 kB
CmaFree:               0 kB
MemTotal:       12113136 kB
MemFree:         6209096 kB
MemAvailable:    7826776 kB
Buffers:            5260 kB
Cached:          1838512 kB
SwapCached:            0 kB
Active:          1583748 kB
Inactive:        1605740 kB
Active(anon):    1352056 kB
Inactive(anon):    23104 kB
Active(file):     231692 kB
Inactive(file):  1582636 kB
Unevictable:        5508 kB
Mlocked:            5508 kB
SwapTotal:       3145724 kB
SwapFree:        3145724 kB
Dirty:               532 kB
Writeback:             0 kB
AnonPages:       1351116 kB
Mapped:           877648 kB
Shmem:             24992 kB
KReclaimable:     672056 kB
Slab:             229212 kB
SReclaimable:      78224 kB
SUnreclaim:       150988 kB
KernelStack:       48468 kB
PageTables:        68484 kB
NFS_Unstable:          0 kB
Bounce:                0 kB
WritebackTmp:          0 kB
CommitLimit:     9202292 kB
Committed_AS:   76592952 kB
VmallocTotal:   263061440 kB
VmallocUsed:      105520 kB
VmallocChunk:          0 kB
Percpu:             7616 kB
CmaTotal:         294912 kB
CmaFree:               0 kB
MemTotal:       12113136 kB
MemFree:         6207468 kB
MemAvailable:    7825132 kB
Buffers:            5260 kB
Cached:          1838496 kB
SwapCached:            0 kB
Active:          1584324 kB
Inactive:        1605728 kB
Active(anon):    1352636 kB
Inactive(anon):    23104 kB
Active(file):     231688 kB
Inactive(file):  1582624 kB
Unevictable:        5508 kB
Mlocked:            5508 kB
SwapTotal:       3145724 kB
SwapFree:        3145724 kB
Dirty:               552 kB
Writeback:             0 kB
AnonPages:       1351696 kB
Mapped:           877644 kB
Shmem:             24992 kB
KReclaimable:     672056 kB
Slab:             229212 kB
SReclaimable:      78224 kB
SUnreclaim:       150988 kB
KernelStack:       48448 kB
PageTables:        68484 kB
NFS_Unstable:          0 kB
Bounce:                0 kB
WritebackTmp:          0 kB
CommitLimit:     9202292 kB
Committed_AS:   76593180 kB
VmallocTotal:   263061440 kB
VmallocUsed:      105504 kB
VmallocChunk:          0 kB
Percpu:             7616 kB
CmaTotal:         294912 kB
CmaFree:               0 kB
MemTotal:       12113136 kB
MemFree:         6206868 kB
MemAvailable:    7824576 kB
Buffers:            5260 kB
Cached:          1838540 kB
SwapCached:            0 kB
Active:          1584864 kB
Inactive:        1605768 kB
Active(anon):    1353172 kB
Inactive(anon):    23104 kB
Active(file):     231692 kB
Inactive(file):  1582664 kB
Unevictable:        5508 kB
Mlocked:            5508 kB
SwapTotal:       3145724 kB
SwapFree:        3145724 kB
Dirty:               576 kB
Writeback:             0 kB
AnonPages:       1352172 kB
Mapped:           877452 kB
Shmem:             24992 kB
KReclaimable:     672056 kB
Slab:             229208 kB
SReclaimable:      78224 kB
SUnreclaim:       150984 kB
KernelStack:       48432 kB
PageTables:        68544 kB
NFS_Unstable:          0 kB
Bounce:                0 kB
WritebackTmp:          0 kB
CommitLimit:     9202292 kB
Committed_AS:   76599448 kB
VmallocTotal:   263061440 kB
VmallocUsed:      105520 kB
VmallocChunk:          0 kB
Percpu:             7616 kB
CmaTotal:         294912 kB
CmaFree:               0 kB
MemTotal:       12113136 kB
MemFree:         6206068 kB
MemAvailable:    7823780 kB
Buffers:            5260 kB
Cached:          1838552 kB
SwapCached:            0 kB
Active:          1585356 kB
Inactive:        1605780 kB
Active(anon):    1353664 kB
Inactive(anon):    23112 kB
Active(file):     231692 kB
Inactive(file):  1582668 kB
Unevictable:        5508 kB
Mlocked:            5508 kB
SwapTotal:       3145724 kB
SwapFree:        3145724 kB
Dirty:               584 kB
Writeback:             0 kB
AnonPages:       1353000 kB
Mapped:           877652 kB
Shmem:             25000 kB
KReclaimable:     672056 kB
Slab:             229208 kB
SReclaimable:      78224 kB
SUnreclaim:       150984 kB
KernelStack:       48416 kB
PageTables:        68492 kB
NFS_Unstable:          0 kB
Bounce:                0 kB
WritebackTmp:          0 kB
CommitLimit:     9202292 kB
Committed_AS:   76599580 kB
VmallocTotal:   263061440 kB
VmallocUsed:      105536 kB
VmallocChunk:          0 kB
Percpu:             7616 kB
CmaTotal:         294912 kB
CmaFree:               0 kB
MemTotal:       12113136 kB
MemFree:         6204716 kB
MemAvailable:    7822432 kB
Buffers:            5260 kB
Cached:          1838556 kB
SwapCached:            0 kB
Active:          1586276 kB
Inactive:        1605784 kB
Active(anon):    1354584 kB
Inactive(anon):    23112 kB
Active(file):     231692 kB
Inactive(file):  1582672 kB
Unevictable:        5508 kB
Mlocked:            5508 kB
SwapTotal:       3145724 kB
SwapFree:        3145724 kB
Dirty:               588 kB
Writeback:             0 kB
AnonPages:       1353620 kB
Mapped:           877584 kB
Shmem:             25000 kB
KReclaimable:     672056 kB
Slab:             229240 kB
SReclaimable:      78224 kB
SUnreclaim:       151016 kB
KernelStack:       48468 kB
PageTables:        68428 kB
NFS_Unstable:          0 kB
Bounce:                0 kB
WritebackTmp:          0 kB
CommitLimit:     9202292 kB
Committed_AS:   76603480 kB
VmallocTotal:   263061440 kB
VmallocUsed:      105536 kB
VmallocChunk:          0 kB
Percpu:             7616 kB
CmaTotal:         294912 kB
CmaFree:               0 kB
MemTotal:       12113136 kB
MemFree:         6205744 kB
MemAvailable:    7823528 kB
Buffers:            5260 kB
Cached:          1838624 kB
SwapCached:            0 kB
Active:          1586868 kB
Inactive:        1605844 kB
Active(anon):    1355168 kB
Inactive(anon):    23112 kB
Active(file):     231700 kB
Inactive(file):  1582732 kB
Unevictable:        5508 kB
Mlocked:            5508 kB
SwapTotal:       3145724 kB
SwapFree:        3145724 kB
Dirty:               416 kB
Writeback:             4 kB
AnonPages:       1354448 kB
Mapped:           877464 kB
Shmem:             25000 kB
KReclaimable:     672056 kB
Slab:             229204 kB
SReclaimable:      78224 kB
SUnreclaim:       150980 kB
KernelStack:       48448 kB
PageTables:        68556 kB
NFS_Unstable:          0 kB
Bounce:                0 kB
WritebackTmp:          0 kB
CommitLimit:     9202292 kB
Committed_AS:   76602672 kB
VmallocTotal:   263061440 kB
VmallocUsed:      105504 kB
