MemTotal:       12113136 kB
MemFree:         6444808 kB
MemAvailable:    7873636 kB
Buffers:            4784 kB
Cached:          1662020 kB
SwapCached:            0 kB
Active:          1487364 kB
Inactive:        1484612 kB
Active(anon):    1311632 kB
Inactive(anon):    22772 kB
Active(file):     175732 kB
Inactive(file):  1461840 kB
Unevictable:        5508 kB
Mlocked:            5508 kB
SwapTotal:       3145724 kB
SwapFree:        3145724 kB
Dirty:               208 kB
Writeback:             0 kB
AnonPages:       1310756 kB
Mapped:           876620 kB
Shmem:             24780 kB
KReclaimable:     659960 kB
Slab:             224044 kB
SReclaimable:      73264 kB
SUnreclaim:       150780 kB
KernelStack:       49172 kB
PageTables:        68492 kB
NFS_Unstable:          0 kB
Bounce:                0 kB
WritebackTmp:          0 kB
CommitLimit:     9202292 kB
Committed_AS:   76586012 kB
VmallocTotal:   263061440 kB
VmallocUsed:      106224 kB
VmallocChunk:          0 kB
Percpu:             7616 kB
CmaTotal:         294912 kB
CmaFree:               0 kB
MemTotal:       12113136 kB
MemFree:         6444616 kB
MemAvailable:    7873508 kB
Buffers:            4784 kB
Cached:          1662084 kB
SwapCached:            0 kB
Active:          1487972 kB
Inactive:        1484648 kB
Active(anon):    1312212 kB
Inactive(anon):    22772 kB
Active(file):     175760 kB
Inactive(file):  1461876 kB
Unevictable:        5508 kB
Mlocked:            5508 kB
SwapTotal:       3145724 kB
SwapFree:        3145724 kB
Dirty:               284 kB
Writeback:             0 kB
AnonPages:       1311456 kB
Mapped:           876816 kB
Shmem:             24780 kB
KReclaimable:     659960 kB
Slab:             224028 kB
SReclaimable:      73264 kB
SUnreclaim:       150764 kB
KernelStack:       49184 kB
PageTables:        68592 kB
NFS_Unstable:          0 kB
Bounce:                0 kB
WritebackTmp:          0 kB
CommitLimit:     9202292 kB
Committed_AS:   76585544 kB
VmallocTotal:   263061440 kB
VmallocUsed:      106208 kB
VmallocChunk:          0 kB
Percpu:             7616 kB
CmaTotal:         294912 kB
CmaFree:              32 kB
MemTotal:       12113136 kB
MemFree:         6444024 kB
MemAvailable:    7872932 kB
Buffers:            4784 kB
Cached:          1662100 kB
SwapCached:            0 kB
Active:          1488940 kB
Inactive:        1484656 kB
Active(anon):    1313172 kB
Inactive(anon):    22772 kB
Active(file):     175768 kB
Inactive(file):  1461884 kB
Unevictable:        5508 kB
Mlocked:            5508 kB
SwapTotal:       3145724 kB
SwapFree:        3145724 kB
Dirty:               300 kB
Writeback:             0 kB
AnonPages:       1312304 kB
Mapped:           876644 kB
Shmem:             24780 kB
KReclaimable:     659960 kB
Slab:             224036 kB
SReclaimable:      73264 kB
SUnreclaim:       150772 kB
KernelStack:       49200 kB
PageTables:        68688 kB
NFS_Unstable:          0 kB
Bounce:                0 kB
WritebackTmp:          0 kB
CommitLimit:     9202292 kB
Committed_AS:   76589284 kB
VmallocTotal:   263061440 kB
VmallocUsed:      106192 kB
VmallocChunk:          0 kB
Percpu:             7616 kB
CmaTotal:         294912 kB
CmaFree:               0 kB
MemTotal:       12113136 kB
MemFree:         6442856 kB
MemAvailable:    7871776 kB
Buffers:            4784 kB
Cached:          1662112 kB
SwapCached:            0 kB
Active:          1489852 kB
Inactive:        1484668 kB
Active(anon):    1314084 kB
Inactive(anon):    22772 kB
Active(file):     175768 kB
Inactive(file):  1461896 kB
Unevictable:        5508 kB
Mlocked:            5508 kB
SwapTotal:       3145724 kB
SwapFree:        3145724 kB
Dirty:               312 kB
Writeback:             0 kB
AnonPages:       1313092 kB
Mapped:           876624 kB
Shmem:             24780 kB
KReclaimable:     659960 kB
Slab:             224032 kB
SReclaimable:      73264 kB
SUnreclaim:       150768 kB
KernelStack:       49152 kB
PageTables:        68620 kB
NFS_Unstable:          0 kB
Bounce:                0 kB
WritebackTmp:          0 kB
CommitLimit:     9202292 kB
Committed_AS:   76590760 kB
VmallocTotal:   263061440 kB
VmallocUsed:      106176 kB
VmallocChunk:          0 kB
Percpu:             7616 kB
CmaTotal:         294912 kB
CmaFree:               0 kB
MemTotal:       12113136 kB
MemFree:         6440616 kB
MemAvailable:    7869552 kB
Buffers:            4784 kB
Cached:          1662128 kB
SwapCached:            0 kB
Active:          1491336 kB
Inactive:        1484680 kB
Active(anon):    1315564 kB
Inactive(anon):    22772 kB
Active(file):     175772 kB
Inactive(file):  1461908 kB
Unevictable:        5508 kB
Mlocked:            5508 kB
SwapTotal:       3145724 kB
SwapFree:        3145724 kB
Dirty:               368 kB
Writeback:             0 kB
AnonPages:       1314520 kB
Mapped:           876684 kB
Shmem:             24780 kB
KReclaimable:     659960 kB
Slab:             224040 kB
SReclaimable:      73264 kB
SUnreclaim:       150776 kB
KernelStack:       49152 kB
PageTables:        68604 kB
NFS_Unstable:          0 kB
Bounce:                0 kB
WritebackTmp:          0 kB
CommitLimit:     9202292 kB
Committed_AS:   76596384 kB
VmallocTotal:   263061440 kB
VmallocUsed:      106208 kB
VmallocChunk:          0 kB
Percpu:             7616 kB
CmaTotal:         294912 kB
CmaFree:               0 kB
MemTotal:       12113136 kB
MemFree:         6440936 kB
MemAvailable:    7869872 kB
Buffers:            4784 kB
Cached:          1662128 kB
SwapCached:            0 kB
Active:          1492312 kB
Inactive:        1484684 kB
Active(anon):    1316544 kB
Inactive(anon):    22772 kB
Active(file):     175768 kB
Inactive(file):  1461912 kB
Unevictable:        5508 kB
Mlocked:            5508 kB
SwapTotal:       3145724 kB
SwapFree:        3145724 kB
Dirty:               380 kB
Writeback:             0 kB
AnonPages:       1315704 kB
Mapped:           876872 kB
Shmem:             24780 kB
KReclaimable:     659960 kB
Slab:             224024 kB
SReclaimable:      73264 kB
SUnreclaim:       150760 kB
KernelStack:       49136 kB
PageTables:        68556 kB
NFS_Unstable:          0 kB
Bounce:                0 kB
WritebackTmp:          0 kB
CommitLimit:     9202292 kB
Committed_AS:   76596076 kB
VmallocTotal:   263061440 kB
VmallocUsed:      106176 kB
VmallocChunk:          0 kB
Percpu:             7616 kB
CmaTotal:         294912 kB
CmaFree:               0 kB
MemTotal:       12113136 kB
MemFree:         6439616 kB
MemAvailable:    7868568 kB
Buffers:            4784 kB
Cached:          1662144 kB
SwapCached:            0 kB
Active:          1492064 kB
Inactive:        1484696 kB
Active(anon):    1316292 kB
Inactive(anon):    22772 kB
Active(file):     175772 kB
Inactive(file):  1461924 kB
Unevictable:        5508 kB
Mlocked:            5508 kB
SwapTotal:       3145724 kB
SwapFree:        3145724 kB
Dirty:               408 kB
Writeback:             0 kB
AnonPages:       1315648 kB
Mapped:           876684 kB
Shmem:             24780 kB
KReclaimable:     659960 kB
Slab:             224048 kB
SReclaimable:      73264 kB
SUnreclaim:       150784 kB
KernelStack:       49184 kB
PageTables:        68620 kB
NFS_Unstable:          0 kB
Bounce:                0 kB
WritebackTmp:          0 kB
CommitLimit:     9202292 kB
Committed_AS:   76596780 kB
VmallocTotal:   263061440 kB
VmallocUsed:      106160 kB
VmallocChunk:          0 kB
Percpu:             7616 kB
CmaTotal:         294912 kB
CmaFree:               0 kB
MemTotal:       12113136 kB
MemFree:         6437796 kB
MemAvailable:    7866760 kB
Buffers:            4784 kB
Cached:          1662156 kB
SwapCached:            0 kB
Active:          1492532 kB
Inactive:        1484708 kB
Active(anon):    1316760 kB
Inactive(anon):    22772 kB
Active(file):     175772 kB
Inactive(file):  1461936 kB
Unevictable:        5508 kB
Mlocked:            5508 kB
SwapTotal:       3145724 kB
SwapFree:        3145724 kB
Dirty:               468 kB
Writeback:             0 kB
AnonPages:       1316144 kB
Mapped:           876872 kB
Shmem:             24780 kB
KReclaimable:     659960 kB
Slab:             224032 kB
SReclaimable:      73264 kB
SUnreclaim:       150768 kB
KernelStack:       49120 kB
PageTables:        68544 kB
NFS_Unstable:          0 kB
Bounce:                0 kB
WritebackTmp:          0 kB
CommitLimit:     9202292 kB
Committed_AS:   76596796 kB
VmallocTotal:   263061440 kB
VmallocUsed:      106176 kB
VmallocChunk:          0 kB
Percpu:             7616 kB
CmaTotal:         294912 kB
CmaFree:               0 kB
MemTotal:       12113136 kB
MemFree:         6437648 kB
MemAvailable:    7866624 kB
Buffers:            4784 kB
Cached:          1662168 kB
SwapCached:            0 kB
Active:          1493836 kB
Inactive:        1484720 kB
Active(anon):    1318064 kB
Inactive(anon):    22772 kB
Active(file):     175772 kB
Inactive(file):  1461948 kB
Unevictable:        5508 kB
Mlocked:            5508 kB
SwapTotal:       3145724 kB
SwapFree:        3145724 kB
Dirty:               480 kB
Writeback:             0 kB
AnonPages:       1317028 kB
Mapped:           876704 kB
Shmem:             24780 kB
KReclaimable:     659960 kB
Slab:             223992 kB
SReclaimable:      73264 kB
SUnreclaim:       150728 kB
KernelStack:       49168 kB
PageTables:        68660 kB
NFS_Unstable:          0 kB
Bounce:                0 kB
WritebackTmp:          0 kB
CommitLimit:     9202292 kB
Committed_AS:   76596472 kB
VmallocTotal:   263061440 kB
VmallocUsed:      106176 kB
VmallocChunk:          0 kB
Percpu:             7616 kB
CmaTotal:         294912 kB
CmaFree:               0 kB
MemTotal:       12113136 kB
MemFree:         6438084 kB
MemAvailable:    7867096 kB
Buffers:            4784 kB
Cached:          1662212 kB
SwapCached:            0 kB
Active:          1493604 kB
Inactive:        1484760 kB
Active(anon):    1317828 kB
Inactive(anon):    22780 kB
Active(file):     175776 kB
Inactive(file):  1461980 kB
Unevictable:        5508 kB
Mlocked:            5508 kB
SwapTotal:       3145724 kB
SwapFree:        3145724 kB
Dirty:               532 kB
Writeback:             0 kB
AnonPages:       1316916 kB
Mapped:           876880 kB
Shmem:             24788 kB
KReclaimable:     659960 kB
Slab:             223992 kB
SReclaimable:      73264 kB
SUnreclaim:       150728 kB
KernelStack:       49172 kB
PageTables:        68544 kB
NFS_Unstable:          0 kB
Bounce:                0 kB
WritebackTmp:          0 kB
CommitLimit:     9202292 kB
Committed_AS:   76596868 kB
VmallocTotal:   263061440 kB
VmallocUsed:      106208 kB
VmallocChunk:          0 kB
Percpu:             7616 kB
CmaTotal:         294912 kB
CmaFree:               0 kB
MemTotal:       12113136 kB
MemFree:         6437352 kB
MemAvailable:    7866372 kB
Buffers:            4784 kB
Cached:          1662224 kB
SwapCached:            0 kB
Active:          1494732 kB
Inactive:        1484776 kB
Active(anon):    1318960 kB
Inactive(anon):    22784 kB
Active(file):     175772 kB
Inactive(file):  1461992 kB
Unevictable:        5508 kB
Mlocked:            5508 kB
SwapTotal:       3145724 kB
SwapFree:        3145724 kB
Dirty:               548 kB
Writeback:             0 kB
AnonPages:       1317992 kB
Mapped:           876712 kB
Shmem:             24792 kB
KReclaimable:     659960 kB
Slab:             224008 kB
SReclaimable:      73264 kB
SUnreclaim:       150744 kB
KernelStack:       49120 kB
PageTables:        68580 kB
NFS_Unstable:          0 kB
Bounce:                0 kB
WritebackTmp:          0 kB
CommitLimit:     9202292 kB
Committed_AS:   76597044 kB
VmallocTotal:   263061440 kB
VmallocUsed:      106208 kB
VmallocChunk:          0 kB
Percpu:             7616 kB
CmaTotal:         294912 kB
CmaFree:               0 kB
MemTotal:       12113136 kB
MemFree:         6437016 kB
MemAvailable:    7866044 kB
Buffers:            4784 kB
Cached:          1662232 kB
SwapCached:            0 kB
Active:          1495180 kB
Inactive:        1484784 kB
Active(anon):    1319408 kB
Inactive(anon):    22784 kB
Active(file):     175772 kB
Inactive(file):  1462000 kB
Unevictable:        5508 kB
Mlocked:            5508 kB
SwapTotal:       3145724 kB
SwapFree:        3145724 kB
Dirty:               556 kB
Writeback:             0 kB
AnonPages:       1318392 kB
Mapped:           876696 kB
Shmem:             24792 kB
KReclaimable:     659960 kB
Slab:             223968 kB
SReclaimable:      73264 kB
SUnreclaim:       150704 kB
KernelStack:       49104 kB
PageTables:        68600 kB
NFS_Unstable:          0 kB
Bounce:                0 kB
WritebackTmp:          0 kB
CommitLimit:     9202292 kB
Committed_AS:   76597084 kB
VmallocTotal:   263061440 kB
VmallocUsed:      106192 kB
VmallocChunk:          0 kB
Percpu:             7616 kB
CmaTotal:         294912 kB
CmaFree:               4 kB
MemTotal:       12113136 kB
MemFree:         6435648 kB
MemAvailable:    7864688 kB
Buffers:            4784 kB
Cached:          1662244 kB
SwapCached:            0 kB
Active:          1495824 kB
Inactive:        1484796 kB
Active(anon):    1320052 kB
Inactive(anon):    22784 kB
Active(file):     175772 kB
Inactive(file):  1462012 kB
Unevictable:        5508 kB
Mlocked:            5508 kB
SwapTotal:       3145724 kB
SwapFree:        3145724 kB
Dirty:               568 kB
Writeback:             0 kB
AnonPages:       1319044 kB
Mapped:           876884 kB
Shmem:             24792 kB
KReclaimable:     659960 kB
Slab:             223992 kB
SReclaimable:      73264 kB
SUnreclaim:       150728 kB
KernelStack:       49024 kB
PageTables:        68536 kB
NFS_Unstable:          0 kB
Bounce:                0 kB
WritebackTmp:          0 kB
CommitLimit:     9202292 kB
Committed_AS:   76591204 kB
VmallocTotal:   263061440 kB
VmallocUsed:      106160 kB
VmallocChunk:          0 kB
Percpu:             7616 kB
CmaTotal:         294912 kB
CmaFree:               0 kB
MemTotal:       12113136 kB
MemFree:         6434852 kB
MemAvailable:    7863908 kB
Buffers:            4784 kB
Cached:          1662260 kB
SwapCached:            0 kB
Active:          1496716 kB
Inactive:        1484812 kB
Active(anon):    1320944 kB
Inactive(anon):    22784 kB
Active(file):     175772 kB
Inactive(file):  1462028 kB
Unevictable:        5508 kB
Mlocked:            5508 kB
SwapTotal:       3145724 kB
SwapFree:        3145724 kB
Dirty:               596 kB
Writeback:             0 kB
AnonPages:       1319652 kB
Mapped:           876744 kB
Shmem:             24792 kB
KReclaimable:     659960 kB
Slab:             224000 kB
SReclaimable:      73264 kB
SUnreclaim:       150736 kB
KernelStack:       49072 kB
PageTables:        68576 kB
NFS_Unstable:          0 kB
Bounce:                0 kB
WritebackTmp:          0 kB
CommitLimit:     9202292 kB
Committed_AS:   76590888 kB
VmallocTotal:   263061440 kB
VmallocUsed:      106080 kB
VmallocChunk:          0 kB
Percpu:             7616 kB
CmaTotal:         294912 kB
CmaFree:               0 kB
MemTotal:       12113136 kB
MemFree:         6433604 kB
MemAvailable:    7862684 kB
Buffers:            4788 kB
Cached:          1662280 kB
SwapCached:            0 kB
Active:          1497652 kB
Inactive:        1484828 kB
Active(anon):    1321872 kB
Inactive(anon):    22784 kB
Active(file):     175780 kB
Inactive(file):  1462044 kB
Unevictable:        5508 kB
Mlocked:            5508 kB
SwapTotal:       3145724 kB
SwapFree:        3145724 kB
Dirty:               620 kB
Writeback:             0 kB
AnonPages:       1320944 kB
Mapped:           876884 kB
Shmem:             24792 kB
KReclaimable:     659960 kB
Slab:             223992 kB
SReclaimable:      73264 kB
SUnreclaim:       150728 kB
KernelStack:       48944 kB
PageTables:        68536 kB
NFS_Unstable:          0 kB
Bounce:                0 kB
WritebackTmp:          0 kB
CommitLimit:     9202292 kB
Committed_AS:   76590124 kB
VmallocTotal:   263061440 kB
VmallocUsed:      106032 kB
VmallocChunk:          0 kB
Percpu:             7616 kB
CmaTotal:         294912 kB
CmaFree:               0 kB
MemTotal:       12113136 kB
MemFree:         6399484 kB
MemAvailable:    7828592 kB
Buffers:            4788 kB
Cached:          1662408 kB
SwapCached:            0 kB
Active:          1533108 kB
Inactive:        1484860 kB
Active(anon):    1357328 kB
Inactive(anon):    22788 kB
Active(file):     175780 kB
Inactive(file):  1462072 kB
Unevictable:        5508 kB
Mlocked:            5508 kB
SwapTotal:       3145724 kB
SwapFree:        3145724 kB
Dirty:               600 kB
Writeback:             0 kB
AnonPages:       1356280 kB
Mapped:           876888 kB
Shmem:             24892 kB
KReclaimable:     659960 kB
Slab:             223968 kB
SReclaimable:      73264 kB
SUnreclaim:       150704 kB
KernelStack:       48896 kB
PageTables:        68536 kB
NFS_Unstable:          0 kB
Bounce:                0 kB
WritebackTmp:          0 kB
CommitLimit:     9202292 kB
Committed_AS:   76596264 kB
VmallocTotal:   263061440 kB
VmallocUsed:      106016 kB
VmallocChunk:          0 kB
Percpu:             7616 kB
CmaTotal:         294912 kB
CmaFree:               0 kB
MemTotal:       12113136 kB
MemFree:         6398688 kB
MemAvailable:    7827772 kB
Buffers:            4788 kB
Cached:          1662324 kB
SwapCached:            0 kB
Active:          1534588 kB
Inactive:        1484872 kB
Active(anon):    1358808 kB
Inactive(anon):    22784 kB
Active(file):     175780 kB
Inactive(file):  1462088 kB
Unevictable:        5508 kB
Mlocked:            5508 kB
SwapTotal:       3145724 kB
SwapFree:        3145724 kB
Dirty:               628 kB
Writeback:             0 kB
AnonPages:       1358060 kB
Mapped:           876696 kB
Shmem:             24792 kB
KReclaimable:     659920 kB
Slab:             223928 kB
SReclaimable:      73224 kB
SUnreclaim:       150704 kB
KernelStack:       48828 kB
PageTables:        68640 kB
NFS_Unstable:          0 kB
Bounce:                0 kB
WritebackTmp:          0 kB
CommitLimit:     9202292 kB
Committed_AS:   76581516 kB
VmallocTotal:   263061440 kB
VmallocUsed:      105872 kB
VmallocChunk:          0 kB
Percpu:             7616 kB
CmaTotal:         294912 kB
CmaFree:               0 kB
MemTotal:       12113136 kB
MemFree:         6397064 kB
MemAvailable:    7826140 kB
Buffers:            4788 kB
Cached:          1662332 kB
SwapCached:            0 kB
Active:          1535164 kB
Inactive:        1484880 kB
Active(anon):    1359384 kB
Inactive(anon):    22784 kB
Active(file):     175780 kB
Inactive(file):  1462096 kB
Unevictable:        5508 kB
Mlocked:            5508 kB
SwapTotal:       3145724 kB
SwapFree:        3145724 kB
Dirty:               640 kB
Writeback:             0 kB
AnonPages:       1358452 kB
Mapped:           876884 kB
Shmem:             24792 kB
KReclaimable:     659904 kB
Slab:             223904 kB
SReclaimable:      73208 kB
SUnreclaim:       150696 kB
KernelStack:       48784 kB
PageTables:        68476 kB
NFS_Unstable:          0 kB
Bounce:                0 kB
WritebackTmp:          0 kB
CommitLimit:     9202292 kB
Committed_AS:   76585960 kB
VmallocTotal:   263061440 kB
VmallocUsed:      105808 kB
VmallocChunk:          0 kB
Percpu:             7616 kB
CmaTotal:         294912 kB
CmaFree:               0 kB
MemTotal:       12113136 kB
MemFree:         6398528 kB
MemAvailable:    7827612 kB
Buffers:            4788 kB
Cached:          1662340 kB
SwapCached:            0 kB
Active:          1536388 kB
Inactive:        1484892 kB
Active(anon):    1360612 kB
Inactive(anon):    22784 kB
Active(file):     175776 kB
Inactive(file):  1462108 kB
Unevictable:        5508 kB
Mlocked:            5508 kB
SwapTotal:       3145724 kB
SwapFree:        3145724 kB
Dirty:               644 kB
Writeback:             0 kB
AnonPages:       1359452 kB
Mapped:           876884 kB
Shmem:             24792 kB
KReclaimable:     659904 kB
Slab:             223888 kB
SReclaimable:      73208 kB
SUnreclaim:       150680 kB
KernelStack:       48624 kB
PageTables:        68456 kB
NFS_Unstable:          0 kB
Bounce:                0 kB
WritebackTmp:          0 kB
CommitLimit:     9202292 kB
Committed_AS:   76597120 kB
VmallocTotal:   263061440 kB
VmallocUsed:      105728 kB
VmallocChunk:          0 kB
Percpu:             7616 kB
CmaTotal:         294912 kB
CmaFree:               0 kB
MemTotal:       12113136 kB
MemFree:         6398068 kB
MemAvailable:    7827164 kB
Buffers:            4788 kB
Cached:          1662352 kB
SwapCached:            0 kB
Active:          1536912 kB
Inactive:        1484900 kB
Active(anon):    1361132 kB
Inactive(anon):    22784 kB
Active(file):     175780 kB
Inactive(file):  1462116 kB
Unevictable:        5508 kB
Mlocked:            5508 kB
SwapTotal:       3145724 kB
SwapFree:        3145724 kB
Dirty:               668 kB
Writeback:             0 kB
AnonPages:       1360224 kB
Mapped:           876696 kB
Shmem:             24792 kB
KReclaimable:     659904 kB
Slab:             223912 kB
SReclaimable:      73208 kB
SUnreclaim:       150704 kB
KernelStack:       48544 kB
PageTables:        68468 kB
NFS_Unstable:          0 kB
Bounce:                0 kB
WritebackTmp:          0 kB
CommitLimit:     9202292 kB
Committed_AS:   76592976 kB
VmallocTotal:   263061440 kB
VmallocUsed:      105664 kB
VmallocChunk:          0 kB
Percpu:             7616 kB
CmaTotal:         294912 kB
CmaFree:               0 kB
MemTotal:       12113136 kB
MemFree:         6397144 kB
MemAvailable:    7826256 kB
Buffers:            4788 kB
Cached:          1662364 kB
SwapCached:            0 kB
Active:          1537796 kB
Inactive:        1484912 kB
Active(anon):    1362016 kB
Inactive(anon):    22784 kB
Active(file):     175780 kB
Inactive(file):  1462128 kB
Unevictable:        5508 kB
Mlocked:            5508 kB
SwapTotal:       3145724 kB
SwapFree:        3145724 kB
Dirty:               680 kB
Writeback:             0 kB
AnonPages:       1360924 kB
Mapped:           876884 kB
Shmem:             24792 kB
KReclaimable:     659908 kB
Slab:             223892 kB
SReclaimable:      73212 kB
SUnreclaim:       150680 kB
KernelStack:       48512 kB
PageTables:        68456 kB
NFS_Unstable:          0 kB
Bounce:                0 kB
WritebackTmp:          0 kB
CommitLimit:     9202292 kB
Committed_AS:   76589628 kB
VmallocTotal:   263061440 kB
VmallocUsed:      105584 kB
VmallocChunk:          0 kB
Percpu:             7616 kB
CmaTotal:         294912 kB
CmaFree:               0 kB
MemTotal:       12113136 kB
MemFree:         6396856 kB
MemAvailable:    7825964 kB
Buffers:            4788 kB
Cached:          1662376 kB
SwapCached:            0 kB
Active:          1538028 kB
Inactive:        1484924 kB
Active(anon):    1362248 kB
Inactive(anon):    22784 kB
Active(file):     175780 kB
Inactive(file):  1462140 kB
Unevictable:        5508 kB
Mlocked:            5508 kB
SwapTotal:       3145724 kB
SwapFree:        3145724 kB
Dirty:               692 kB
Writeback:             0 kB
AnonPages:       1361268 kB
Mapped:           876884 kB
Shmem:             24792 kB
KReclaimable:     659892 kB
Slab:             223892 kB
SReclaimable:      73196 kB
SUnreclaim:       150696 kB
KernelStack:       48448 kB
PageTables:        68348 kB
NFS_Unstable:          0 kB
Bounce:                0 kB
WritebackTmp:          0 kB
CommitLimit:     9202292 kB
Committed_AS:   76584588 kB
VmallocTotal:   263061440 kB
VmallocUsed:      105584 kB
VmallocChunk:          0 kB
Percpu:             7616 kB
CmaTotal:         294912 kB
CmaFree:               0 kB
MemTotal:       12113136 kB
MemFree:         6407800 kB
MemAvailable:    7836924 kB
Buffers:            4788 kB
Cached:          1662392 kB
SwapCached:            0 kB
Active:          1525420 kB
Inactive:        1484940 kB
Active(anon):    1349640 kB
Inactive(anon):    22788 kB
Active(file):     175780 kB
Inactive(file):  1462152 kB
Unevictable:        5508 kB
Mlocked:            5508 kB
SwapTotal:       3145724 kB
SwapFree:        3145724 kB
Dirty:               716 kB
Writeback:             0 kB
AnonPages:       1349192 kB
Mapped:           876648 kB
Shmem:             24796 kB
KReclaimable:     659896 kB
Slab:             223904 kB
SReclaimable:      73200 kB
SUnreclaim:       150704 kB
KernelStack:       48432 kB
PageTables:        68436 kB
NFS_Unstable:          0 kB
Bounce:                0 kB
WritebackTmp:          0 kB
CommitLimit:     9202292 kB
Committed_AS:   76595044 kB
VmallocTotal:   263061440 kB
VmallocUsed:      105536 kB
VmallocChunk:          0 kB
Percpu:             7616 kB
CmaTotal:         294912 kB
CmaFree:               0 kB
MemTotal:       12113136 kB
MemFree:         6406976 kB
MemAvailable:    7836084 kB
Buffers:            4788 kB
Cached:          1662380 kB
SwapCached:            0 kB
Active:          1526660 kB
Inactive:        1484928 kB
Active(anon):    1350880 kB
Inactive(anon):    22792 kB
Active(file):     175780 kB
Inactive(file):  1462136 kB
Unevictable:        5508 kB
Mlocked:            5508 kB
SwapTotal:       3145724 kB
SwapFree:        3145724 kB
Dirty:               724 kB
Writeback:             0 kB
AnonPages:       1350120 kB
Mapped:           876700 kB
Shmem:             24800 kB
KReclaimable:     659896 kB
Slab:             223896 kB
SReclaimable:      73200 kB
SUnreclaim:       150696 kB
KernelStack:       48400 kB
PageTables:        68428 kB
NFS_Unstable:          0 kB
Bounce:                0 kB
WritebackTmp:          0 kB
CommitLimit:     9202292 kB
Committed_AS:   76594716 kB
VmallocTotal:   263061440 kB
VmallocUsed:      105568 kB
VmallocChunk:          0 kB
Percpu:             7616 kB
CmaTotal:         294912 kB
CmaFree:               0 kB
MemTotal:       12113136 kB
MemFree:         6406040 kB
MemAvailable:    7835204 kB
Buffers:            4788 kB
Cached:          1662440 kB
SwapCached:            0 kB
Active:          1527972 kB
Inactive:        1484984 kB
Active(anon):    1352188 kB
Inactive(anon):    22796 kB
Active(file):     175784 kB
Inactive(file):  1462188 kB
Unevictable:        5508 kB
Mlocked:            5508 kB
SwapTotal:       3145724 kB
SwapFree:        3145724 kB
Dirty:               764 kB
Writeback:             0 kB
AnonPages:       1351216 kB
Mapped:           876896 kB
Shmem:             24804 kB
KReclaimable:     659896 kB
Slab:             223896 kB
SReclaimable:      73200 kB
SUnreclaim:       150696 kB
KernelStack:       48432 kB
PageTables:        68488 kB
NFS_Unstable:          0 kB
Bounce:                0 kB
WritebackTmp:          0 kB
CommitLimit:     9202292 kB
Committed_AS:   76594292 kB
VmallocTotal:   263061440 kB
VmallocUsed:      105520 kB
VmallocChunk:          0 kB
Percpu:             7616 kB
CmaTotal:         294912 kB
CmaFree:               0 kB
MemTotal:       12113136 kB
MemFree:         6421124 kB
MemAvailable:    7857432 kB
Buffers:            4788 kB
Cached:          1662264 kB
SwapCached:            0 kB
Active:          1510520 kB
Inactive:        1484812 kB
Active(anon):    1334620 kB
Inactive(anon):    22732 kB
Active(file):     175900 kB
Inactive(file):  1462080 kB
Unevictable:        5508 kB
Mlocked:            5508 kB
SwapTotal:       3145724 kB
SwapFree:        3145724 kB
Dirty:               268 kB
Writeback:             0 kB
AnonPages:       1333516 kB
Mapped:           876728 kB
Shmem:             24620 kB
KReclaimable:     667032 kB
Slab:             223920 kB
SReclaimable:      73200 kB
SUnreclaim:       150720 kB
KernelStack:       48432 kB
PageTables:        68352 kB
NFS_Unstable:          0 kB
Bounce:                0 kB
WritebackTmp:          0 kB
CommitLimit:     9202292 kB
Committed_AS:   76592728 kB
VmallocTotal:   263061440 kB
VmallocUsed:      105520 kB
VmallocChunk:          0 kB
Percpu:             7616 kB
CmaTotal:         294912 kB
CmaFree:               0 kB
MemTotal:       12113136 kB
MemFree:         6421396 kB
MemAvailable:    7857716 kB
Buffers:            4788 kB
Cached:          1662276 kB
SwapCached:            0 kB
Active:          1510588 kB
Inactive:        1484824 kB
Active(anon):    1334688 kB
Inactive(anon):    22732 kB
Active(file):     175900 kB
Inactive(file):  1462092 kB
Unevictable:        5508 kB
Mlocked:            5508 kB
SwapTotal:       3145724 kB
SwapFree:        3145724 kB
Dirty:               260 kB
Writeback:             0 kB
AnonPages:       1334256 kB
Mapped:           876728 kB
Shmem:             24620 kB
KReclaimable:     667032 kB
Slab:             223892 kB
SReclaimable:      73200 kB
SUnreclaim:       150692 kB
KernelStack:       48480 kB
PageTables:        68420 kB
NFS_Unstable:          0 kB
Bounce:                0 kB
WritebackTmp:          0 kB
CommitLimit:     9202292 kB
Committed_AS:   76593728 kB
VmallocTotal:   263061440 kB
VmallocUsed:      105584 kB
VmallocChunk:          0 kB
Percpu:             7616 kB
CmaTotal:         294912 kB
CmaFree:               0 kB
MemTotal:       12113136 kB
MemFree:         6419476 kB
MemAvailable:    7855808 kB
Buffers:            4788 kB
Cached:          1662292 kB
SwapCached:            0 kB
Active:          1511516 kB
Inactive:        1484840 kB
Active(anon):    1335616 kB
Inactive(anon):    22736 kB
Active(file):     175900 kB
Inactive(file):  1462104 kB
Unevictable:        5508 kB
Mlocked:            5508 kB
SwapTotal:       3145724 kB
SwapFree:        3145724 kB
Dirty:               272 kB
Writeback:             0 kB
AnonPages:       1334948 kB
Mapped:           876732 kB
Shmem:             24624 kB
KReclaimable:     667032 kB
Slab:             223900 kB
SReclaimable:      73200 kB
SUnreclaim:       150700 kB
KernelStack:       48400 kB
PageTables:        68368 kB
NFS_Unstable:          0 kB
Bounce:                0 kB
WritebackTmp:          0 kB
CommitLimit:     9202292 kB
Committed_AS:   76594560 kB
VmallocTotal:   263061440 kB
VmallocUsed:      105520 kB
VmallocChunk:          0 kB
Percpu:             7616 kB
CmaTotal:         294912 kB
CmaFree:               0 kB
MemTotal:       12113136 kB
MemFree:         6419952 kB
MemAvailable:    7856300 kB
Buffers:            4788 kB
Cached:          1662308 kB
SwapCached:            0 kB
Active:          1512028 kB
Inactive:        1484856 kB
Active(anon):    1336128 kB
Inactive(anon):    22736 kB
Active(file):     175900 kB
Inactive(file):  1462120 kB
Unevictable:        5508 kB
Mlocked:            5508 kB
SwapTotal:       3145724 kB
SwapFree:        3145724 kB
Dirty:               340 kB
Writeback:             0 kB
AnonPages:       1335268 kB
Mapped:           876732 kB
Shmem:             24624 kB
KReclaimable:     667032 kB
Slab:             223900 kB
SReclaimable:      73200 kB
SUnreclaim:       150700 kB
KernelStack:       48416 kB
PageTables:        68380 kB
NFS_Unstable:          0 kB
Bounce:                0 kB
WritebackTmp:          0 kB
CommitLimit:     9202292 kB
Committed_AS:   76594424 kB
VmallocTotal:   263061440 kB
VmallocUsed:      105520 kB
VmallocChunk:          0 kB
Percpu:             7616 kB
CmaTotal:         294912 kB
CmaFree:               0 kB
MemTotal:       12113136 kB
MemFree:         6419168 kB
MemAvailable:    7855500 kB
Buffers:            4792 kB
Cached:          1662288 kB
SwapCached:            0 kB
Active:          1512724 kB
Inactive:        1484840 kB
Active(anon):    1336824 kB
Inactive(anon):    22736 kB
Active(file):     175900 kB
Inactive(file):  1462104 kB
Unevictable:        5508 kB
Mlocked:            5508 kB
SwapTotal:       3145724 kB
SwapFree:        3145724 kB
Dirty:               344 kB
Writeback:             0 kB
AnonPages:       1336012 kB
Mapped:           876732 kB
Shmem:             24624 kB
KReclaimable:     667032 kB
Slab:             223908 kB
SReclaimable:      73200 kB
SUnreclaim:       150708 kB
KernelStack:       48400 kB
PageTables:        68508 kB
NFS_Unstable:          0 kB
Bounce:                0 kB
WritebackTmp:          0 kB
CommitLimit:     9202292 kB
Committed_AS:   76589052 kB
VmallocTotal:   263061440 kB
VmallocUsed:      105504 kB
VmallocChunk:          0 kB
Percpu:             7616 kB
CmaTotal:         294912 kB
CmaFree:             192 kB
MemTotal:       12113136 kB
MemFree:         6418892 kB
MemAvailable:    7855304 kB
Buffers:            4792 kB
Cached:          1662368 kB
SwapCached:            0 kB
Active:          1513620 kB
Inactive:        1484916 kB
Active(anon):    1337716 kB
Inactive(anon):    22736 kB
Active(file):     175904 kB
Inactive(file):  1462180 kB
Unevictable:        5508 kB
Mlocked:            5508 kB
SwapTotal:       3145724 kB
SwapFree:        3145724 kB
Dirty:               344 kB
Writeback:             0 kB
AnonPages:       1336612 kB
Mapped:           876544 kB
Shmem:             24624 kB
KReclaimable:     667032 kB
Slab:             223892 kB
SReclaimable:      73200 kB
SUnreclaim:       150692 kB
KernelStack:       48496 kB
PageTables:        68424 kB
NFS_Unstable:          0 kB
Bounce:                0 kB
WritebackTmp:          0 kB
CommitLimit:     9202292 kB
Committed_AS:   76593832 kB
VmallocTotal:   263061440 kB
VmallocUsed:      105488 kB
VmallocChunk:          0 kB
Percpu:             7616 kB
CmaTotal:         294912 kB
CmaFree:               0 kB
MemTotal:       12113136 kB
MemFree:         6417500 kB
MemAvailable:    7853908 kB
Buffers:            4792 kB
Cached:          1662368 kB
SwapCached:            0 kB
Active:          1514168 kB
Inactive:        1484916 kB
Active(anon):    1338264 kB
Inactive(anon):    22740 kB
Active(file):     175904 kB
Inactive(file):  1462176 kB
Unevictable:        5508 kB
Mlocked:            5508 kB
SwapTotal:       3145724 kB
SwapFree:        3145724 kB
Dirty:               380 kB
Writeback:             0 kB
AnonPages:       1337640 kB
Mapped:           876736 kB
Shmem:             24628 kB
KReclaimable:     667032 kB
Slab:             223900 kB
SReclaimable:      73200 kB
SUnreclaim:       150700 kB
KernelStack:       48400 kB
PageTables:        68360 kB
NFS_Unstable:          0 kB
Bounce:                0 kB
WritebackTmp:          0 kB
CommitLimit:     9202292 kB
Committed_AS:   76593888 kB
VmallocTotal:   263061440 kB
VmallocUsed:      105504 kB
VmallocChunk:          0 kB
Percpu:             7616 kB
CmaTotal:         294912 kB
CmaFree:               4 kB
MemTotal:       12113136 kB
MemFree:         6426448 kB
MemAvailable:    7862868 kB
Buffers:            4792 kB
Cached:          1662380 kB
SwapCached:            0 kB
Active:          1505660 kB
Inactive:        1484928 kB
Active(anon):    1329756 kB
Inactive(anon):    22740 kB
Active(file):     175904 kB
Inactive(file):  1462188 kB
Unevictable:        5508 kB
Mlocked:            5508 kB
SwapTotal:       3145724 kB
SwapFree:        3145724 kB
Dirty:               392 kB
Writeback:             0 kB
AnonPages:       1329008 kB
Mapped:           876736 kB
Shmem:             24628 kB
KReclaimable:     667032 kB
Slab:             223900 kB
SReclaimable:      73200 kB
SUnreclaim:       150700 kB
KernelStack:       48480 kB
PageTables:        68508 kB
NFS_Unstable:          0 kB
Bounce:                0 kB
WritebackTmp:          0 kB
CommitLimit:     9202292 kB
Committed_AS:   76593904 kB
VmallocTotal:   263061440 kB
VmallocUsed:      105520 kB
VmallocChunk:          0 kB
Percpu:             7616 kB
CmaTotal:         294912 kB
CmaFree:               0 kB
MemTotal:       12113136 kB
MemFree:         6424940 kB
MemAvailable:    7861376 kB
Buffers:            4792 kB
Cached:          1662392 kB
SwapCached:            0 kB
Active:          1506460 kB
Inactive:        1484940 kB
Active(anon):    1330556 kB
Inactive(anon):    22740 kB
Active(file):     175904 kB
Inactive(file):  1462200 kB
Unevictable:        5508 kB
Mlocked:            5508 kB
SwapTotal:       3145724 kB
SwapFree:        3145724 kB
Dirty:               404 kB
Writeback:             0 kB
AnonPages:       1329812 kB
Mapped:           876736 kB
Shmem:             24628 kB
KReclaimable:     667036 kB
Slab:             223928 kB
SReclaimable:      73204 kB
SUnreclaim:       150724 kB
KernelStack:       48516 kB
PageTables:        68332 kB
NFS_Unstable:          0 kB
Bounce:                0 kB
WritebackTmp:          0 kB
CommitLimit:     9202292 kB
Committed_AS:   76594244 kB
VmallocTotal:   263061440 kB
VmallocUsed:      105536 kB
VmallocChunk:          0 kB
Percpu:             7616 kB
CmaTotal:         294912 kB
CmaFree:               0 kB
MemTotal:       12113136 kB
MemFree:         6424376 kB
MemAvailable:    7860824 kB
Buffers:            4792 kB
Cached:          1662404 kB
SwapCached:            0 kB
Active:          1507696 kB
Inactive:        1484952 kB
Active(anon):    1331792 kB
Inactive(anon):    22740 kB
Active(file):     175904 kB
Inactive(file):  1462212 kB
Unevictable:        5508 kB
Mlocked:            5508 kB
SwapTotal:       3145724 kB
SwapFree:        3145724 kB
Dirty:               432 kB
Writeback:             0 kB
AnonPages:       1331052 kB
Mapped:           876544 kB
Shmem:             24628 kB
KReclaimable:     667036 kB
Slab:             223888 kB
SReclaimable:      73204 kB
SUnreclaim:       150684 kB
KernelStack:       48464 kB
PageTables:        68416 kB
NFS_Unstable:          0 kB
Bounce:                0 kB
WritebackTmp:          0 kB
CommitLimit:     9202292 kB
Committed_AS:   76594232 kB
VmallocTotal:   263061440 kB
VmallocUsed:      105568 kB
VmallocChunk:          0 kB
Percpu:             7616 kB
CmaTotal:         294912 kB
CmaFree:               0 kB
MemTotal:       12113136 kB
MemFree:         6424080 kB
MemAvailable:    7860544 kB
Buffers:            4792 kB
Cached:          1662420 kB
SwapCached:            0 kB
Active:          1508400 kB
Inactive:        1484968 kB
Active(anon):    1332496 kB
Inactive(anon):    22740 kB
Active(file):     175904 kB
Inactive(file):  1462228 kB
Unevictable:        5508 kB
Mlocked:            5508 kB
SwapTotal:       3145724 kB
SwapFree:        3145724 kB
Dirty:               452 kB
Writeback:             0 kB
AnonPages:       1331460 kB
Mapped:           876736 kB
Shmem:             24628 kB
KReclaimable:     667036 kB
Slab:             223928 kB
SReclaimable:      73204 kB
SUnreclaim:       150724 kB
KernelStack:       48448 kB
PageTables:        68372 kB
NFS_Unstable:          0 kB
Bounce:                0 kB
WritebackTmp:          0 kB
CommitLimit:     9202292 kB
Committed_AS:   76594936 kB
VmallocTotal:   263061440 kB
VmallocUsed:      105568 kB
VmallocChunk:          0 kB
Percpu:             7616 kB
CmaTotal:         294912 kB
CmaFree:               4 kB
MemTotal:       12113136 kB
MemFree:         6423360 kB
MemAvailable:    7859860 kB
Buffers:            4792 kB
Cached:          1662456 kB
SwapCached:            0 kB
Active:          1508900 kB
Inactive:        1485000 kB
Active(anon):    1332992 kB
Inactive(anon):    22740 kB
Active(file):     175908 kB
Inactive(file):  1462260 kB
Unevictable:        5508 kB
Mlocked:            5508 kB
SwapTotal:       3145724 kB
SwapFree:        3145724 kB
Dirty:               468 kB
Writeback:             0 kB
AnonPages:       1332196 kB
Mapped:           876736 kB
Shmem:             24628 kB
KReclaimable:     667036 kB
Slab:             223896 kB
SReclaimable:      73204 kB
SUnreclaim:       150692 kB
KernelStack:       48464 kB
PageTables:        68656 kB
NFS_Unstable:          0 kB
Bounce:                0 kB
WritebackTmp:          0 kB
CommitLimit:     9202292 kB
Committed_AS:   76580076 kB
VmallocTotal:   263061440 kB
VmallocUsed:      105536 kB
VmallocChunk:          0 kB
Percpu:             7616 kB
CmaTotal:         294912 kB
CmaFree:               0 kB
MemTotal:       12113136 kB
MemFree:         6423052 kB
MemAvailable:    7859532 kB
Buffers:            4792 kB
Cached:          1662436 kB
SwapCached:            0 kB
Active:          1509628 kB
Inactive:        1484984 kB
Active(anon):    1333724 kB
Inactive(anon):    22740 kB
Active(file):     175904 kB
Inactive(file):  1462244 kB
Unevictable:        5508 kB
Mlocked:            5508 kB
SwapTotal:       3145724 kB
SwapFree:        3145724 kB
Dirty:               496 kB
Writeback:             0 kB
AnonPages:       1333096 kB
Mapped:           876548 kB
Shmem:             24628 kB
KReclaimable:     667036 kB
Slab:             223904 kB
SReclaimable:      73204 kB
SUnreclaim:       150700 kB
KernelStack:       48480 kB
PageTables:        68440 kB
NFS_Unstable:          0 kB
Bounce:                0 kB
WritebackTmp:          0 kB
CommitLimit:     9202292 kB
Committed_AS:   76584748 kB
VmallocTotal:   263061440 kB
VmallocUsed:      105520 kB
VmallocChunk:          0 kB
Percpu:             7616 kB
CmaTotal:         294912 kB
CmaFree:               0 kB
MemTotal:       12113136 kB
MemFree:         6421568 kB
MemAvailable:    7858060 kB
Buffers:            4792 kB
Cached:          1662448 kB
SwapCached:            0 kB
Active:          1510528 kB
Inactive:        1484996 kB
Active(anon):    1334624 kB
Inactive(anon):    22740 kB
Active(file):     175904 kB
Inactive(file):  1462256 kB
Unevictable:        5508 kB
Mlocked:            5508 kB
SwapTotal:       3145724 kB
SwapFree:        3145724 kB
Dirty:               508 kB
Writeback:             0 kB
AnonPages:       1333844 kB
Mapped:           876736 kB
Shmem:             24628 kB
KReclaimable:     667036 kB
Slab:             223904 kB
SReclaimable:      73204 kB
SUnreclaim:       150700 kB
KernelStack:       48432 kB
PageTables:        68364 kB
NFS_Unstable:          0 kB
Bounce:                0 kB
WritebackTmp:          0 kB
CommitLimit:     9202292 kB
Committed_AS:   76586180 kB
VmallocTotal:   263061440 kB
VmallocUsed:      105536 kB
VmallocChunk:          0 kB
Percpu:             7616 kB
CmaTotal:         294912 kB
CmaFree:               0 kB
MemTotal:       12113136 kB
MemFree:         6422080 kB
MemAvailable:    7858608 kB
Buffers:            4792 kB
Cached:          1662488 kB
SwapCached:            0 kB
Active:          1511452 kB
Inactive:        1485032 kB
Active(anon):    1335544 kB
Inactive(anon):    22748 kB
Active(file):     175908 kB
Inactive(file):  1462284 kB
Unevictable:        5508 kB
Mlocked:            5508 kB
SwapTotal:       3145724 kB
SwapFree:        3145724 kB
Dirty:               552 kB
Writeback:             0 kB
AnonPages:       1334828 kB
Mapped:           876712 kB
Shmem:             24636 kB
KReclaimable:     667040 kB
Slab:             223932 kB
SReclaimable:      73208 kB
SUnreclaim:       150724 kB
KernelStack:       48476 kB
PageTables:        68532 kB
NFS_Unstable:          0 kB
Bounce:                0 kB
WritebackTmp:          0 kB
CommitLimit:     9202292 kB
Committed_AS:   76586296 kB
VmallocTotal:   263061440 kB
VmallocUsed:      105536 kB
VmallocChunk:          0 kB
Percpu:             7616 kB
CmaTotal:         294912 kB
CmaFree:               0 kB
MemTotal:       12113136 kB
MemFree:         6420376 kB
MemAvailable:    7856916 kB
Buffers:            4792 kB
Cached:          1662504 kB
SwapCached:            0 kB
Active:          1512348 kB
Inactive:        1485044 kB
Active(anon):    1336436 kB
Inactive(anon):    22752 kB
Active(file):     175912 kB
Inactive(file):  1462292 kB
Unevictable:        5508 kB
Mlocked:            5508 kB
SwapTotal:       3145724 kB
SwapFree:        3145724 kB
Dirty:               576 kB
Writeback:             0 kB
AnonPages:       1335572 kB
Mapped:           876748 kB
Shmem:             24640 kB
KReclaimable:     667040 kB
Slab:             223892 kB
SReclaimable:      73208 kB
SUnreclaim:       150684 kB
KernelStack:       48448 kB
PageTables:        68372 kB
NFS_Unstable:          0 kB
Bounce:                0 kB
WritebackTmp:          0 kB
CommitLimit:     9202292 kB
Committed_AS:   76589496 kB
VmallocTotal:   263061440 kB
VmallocUsed:      105568 kB
VmallocChunk:          0 kB
Percpu:             7616 kB
CmaTotal:         294912 kB
CmaFree:               0 kB
MemTotal:       12113136 kB
MemFree:         6419896 kB
MemAvailable:    7856444 kB
Buffers:            4792 kB
Cached:          1662512 kB
SwapCached:            0 kB
Active:          1513052 kB
Inactive:        1485052 kB
Active(anon):    1337140 kB
Inactive(anon):    22752 kB
Active(file):     175912 kB
Inactive(file):  1462300 kB
Unevictable:        5508 kB
Mlocked:            5508 kB
SwapTotal:       3145724 kB
SwapFree:        3145724 kB
Dirty:               584 kB
Writeback:             0 kB
AnonPages:       1336264 kB
Mapped:           876752 kB
Shmem:             24640 kB
KReclaimable:     667040 kB
Slab:             223940 kB
SReclaimable:      73208 kB
SUnreclaim:       150732 kB
KernelStack:       48448 kB
PageTables:        68380 kB
NFS_Unstable:          0 kB
Bounce:                0 kB
WritebackTmp:          0 kB
CommitLimit:     9202292 kB
Committed_AS:   76588904 kB
VmallocTotal:   263061440 kB
VmallocUsed:      105536 kB
VmallocChunk:          0 kB
Percpu:             7616 kB
CmaTotal:         294912 kB
CmaFree:               0 kB
MemTotal:       12113136 kB
MemFree:         6419312 kB
MemAvailable:    7855872 kB
Buffers:            4792 kB
Cached:          1662524 kB
SwapCached:            0 kB
Active:          1513124 kB
Inactive:        1485068 kB
Active(anon):    1337216 kB
Inactive(anon):    22752 kB
Active(file):     175908 kB
Inactive(file):  1462316 kB
Unevictable:        5508 kB
Mlocked:            5508 kB
SwapTotal:       3145724 kB
SwapFree:        3145724 kB
Dirty:               596 kB
Writeback:             0 kB
AnonPages:       1336724 kB
Mapped:           876748 kB
Shmem:             24640 kB
KReclaimable:     667040 kB
Slab:             223940 kB
SReclaimable:      73208 kB
SUnreclaim:       150732 kB
KernelStack:       48448 kB
PageTables:        68364 kB
NFS_Unstable:          0 kB
Bounce:                0 kB
WritebackTmp:          0 kB
CommitLimit:     9202292 kB
Committed_AS:   76589040 kB
VmallocTotal:   263061440 kB
VmallocUsed:      105536 kB
VmallocChunk:          0 kB
Percpu:             7616 kB
CmaTotal:         294912 kB
CmaFree:               0 kB
MemTotal:       12113136 kB
MemFree:         6419032 kB
MemAvailable:    7855616 kB
Buffers:            4792 kB
Cached:          1662548 kB
SwapCached:            0 kB
Active:          1514156 kB
Inactive:        1485084 kB
Active(anon):    1338240 kB
Inactive(anon):    22752 kB
Active(file):     175916 kB
Inactive(file):  1462332 kB
Unevictable:        5508 kB
Mlocked:            5508 kB
SwapTotal:       3145724 kB
SwapFree:        3145724 kB
Dirty:               632 kB
Writeback:             0 kB
AnonPages:       1337604 kB
Mapped:           876748 kB
Shmem:             24640 kB
KReclaimable:     667040 kB
Slab:             223916 kB
SReclaimable:      73208 kB
SUnreclaim:       150708 kB
KernelStack:       48448 kB
PageTables:        68372 kB
NFS_Unstable:          0 kB
Bounce:                0 kB
WritebackTmp:          0 kB
CommitLimit:     9202292 kB
Committed_AS:   76588560 kB
VmallocTotal:   263061440 kB
VmallocUsed:      105552 kB
VmallocChunk:          0 kB
Percpu:             7616 kB
CmaTotal:         294912 kB
CmaFree:               0 kB
MemTotal:       12113136 kB
MemFree:         6417792 kB
MemAvailable:    7854396 kB
Buffers:            4796 kB
Cached:          1662568 kB
SwapCached:            0 kB
Active:          1515412 kB
Inactive:        1485108 kB
Active(anon):    1339496 kB
Inactive(anon):    22756 kB
Active(file):     175916 kB
Inactive(file):  1462352 kB
Unevictable:        5508 kB
Mlocked:            5508 kB
SwapTotal:       3145724 kB
SwapFree:        3145724 kB
Dirty:               660 kB
Writeback:             0 kB
AnonPages:       1338772 kB
Mapped:           876772 kB
Shmem:             24644 kB
KReclaimable:     667040 kB
Slab:             223876 kB
SReclaimable:      73208 kB
SUnreclaim:       150668 kB
KernelStack:       48496 kB
PageTables:        68440 kB
NFS_Unstable:          0 kB
Bounce:                0 kB
WritebackTmp:          0 kB
CommitLimit:     9202292 kB
Committed_AS:   76584036 kB
VmallocTotal:   263061440 kB
VmallocUsed:      105552 kB
VmallocChunk:          0 kB
Percpu:             7616 kB
CmaTotal:         294912 kB
CmaFree:               0 kB
MemTotal:       12113136 kB
MemFree:         6416008 kB
MemAvailable:    7852636 kB
Buffers:            4796 kB
Cached:          1662780 kB
SwapCached:            0 kB
Active:          1516728 kB
Inactive:        1485160 kB
Active(anon):    1340812 kB
Inactive(anon):    22784 kB
Active(file):     175916 kB
Inactive(file):  1462376 kB
Unevictable:        5508 kB
Mlocked:            5508 kB
SwapTotal:       3145724 kB
SwapFree:        3145724 kB
Dirty:               368 kB
Writeback:             0 kB
AnonPages:       1339372 kB
Mapped:           876852 kB
Shmem:             24832 kB
KReclaimable:     667040 kB
Slab:             223892 kB
SReclaimable:      73208 kB
SUnreclaim:       150684 kB
KernelStack:       48432 kB
PageTables:        68452 kB
NFS_Unstable:          0 kB
Bounce:                0 kB
WritebackTmp:          0 kB
CommitLimit:     9202292 kB
Committed_AS:   76594624 kB
VmallocTotal:   263061440 kB
VmallocUsed:      105520 kB
VmallocChunk:          0 kB
Percpu:             7616 kB
CmaTotal:         294912 kB
CmaFree:               0 kB
MemTotal:       12113136 kB
MemFree:         6434916 kB
MemAvailable:    7871552 kB
Buffers:            4796 kB
Cached:          1662600 kB
SwapCached:            0 kB
Active:          1497640 kB
Inactive:        1485140 kB
Active(anon):    1321724 kB
Inactive(anon):    22756 kB
Active(file):     175916 kB
Inactive(file):  1462384 kB
Unevictable:        5508 kB
Mlocked:            5508 kB
SwapTotal:       3145724 kB
SwapFree:        3145724 kB
Dirty:               272 kB
Writeback:             0 kB
AnonPages:       1321156 kB
Mapped:           876632 kB
Shmem:             24644 kB
KReclaimable:     667040 kB
Slab:             223924 kB
SReclaimable:      73208 kB
SUnreclaim:       150716 kB
KernelStack:       48464 kB
PageTables:        68440 kB
NFS_Unstable:          0 kB
Bounce:                0 kB
WritebackTmp:          0 kB
CommitLimit:     9202292 kB
Committed_AS:   76594744 kB
VmallocTotal:   263061440 kB
VmallocUsed:      105504 kB
VmallocChunk:          0 kB
Percpu:             7616 kB
CmaTotal:         294912 kB
CmaFree:               0 kB
MemTotal:       12113136 kB
MemFree:         6435148 kB
MemAvailable:    7871800 kB
Buffers:            4796 kB
Cached:          1662616 kB
SwapCached:            0 kB
Active:          1498220 kB
Inactive:        1485156 kB
Active(anon):    1322304 kB
Inactive(anon):    22756 kB
Active(file):     175916 kB
Inactive(file):  1462400 kB
Unevictable:        5508 kB
Mlocked:            5508 kB
SwapTotal:       3145724 kB
SwapFree:        3145724 kB
Dirty:               288 kB
Writeback:             0 kB
AnonPages:       1321764 kB
Mapped:           876752 kB
Shmem:             24644 kB
KReclaimable:     667040 kB
Slab:             223916 kB
SReclaimable:      73208 kB
SUnreclaim:       150708 kB
KernelStack:       48448 kB
PageTables:        68372 kB
NFS_Unstable:          0 kB
Bounce:                0 kB
WritebackTmp:          0 kB
CommitLimit:     9202292 kB
Committed_AS:   76594696 kB
VmallocTotal:   263061440 kB
VmallocUsed:      105536 kB
VmallocChunk:          0 kB
Percpu:             7616 kB
CmaTotal:         294912 kB
CmaFree:               0 kB
MemTotal:       12113136 kB
MemFree:         6414872 kB
MemAvailable:    7851528 kB
Buffers:            4796 kB
Cached:          1662588 kB
SwapCached:            0 kB
Active:          1518072 kB
Inactive:        1485128 kB
Active(anon):    1342156 kB
Inactive(anon):    22724 kB
Active(file):     175916 kB
Inactive(file):  1462404 kB
Unevictable:        5508 kB
Mlocked:            5508 kB
SwapTotal:       3145724 kB
SwapFree:        3145724 kB
Dirty:               312 kB
Writeback:             0 kB
AnonPages:       1341336 kB
Mapped:           876480 kB
Shmem:             24612 kB
KReclaimable:     667040 kB
Slab:             223908 kB
SReclaimable:      73208 kB
SUnreclaim:       150700 kB
KernelStack:       48496 kB
PageTables:        68464 kB
NFS_Unstable:          0 kB
Bounce:                0 kB
WritebackTmp:          0 kB
CommitLimit:     9202292 kB
Committed_AS:   76601128 kB
VmallocTotal:   263061440 kB
VmallocUsed:      105568 kB
VmallocChunk:          0 kB
Percpu:             7616 kB
CmaTotal:         294912 kB
CmaFree:               0 kB
MemTotal:       12113136 kB
MemFree:         6416216 kB
MemAvailable:    7852904 kB
Buffers:            4796 kB
Cached:          1662636 kB
SwapCached:            0 kB
Active:          1518240 kB
Inactive:        1485176 kB
Active(anon):    1342324 kB
Inactive(anon):    22756 kB
Active(file):     175916 kB
Inactive(file):  1462420 kB
Unevictable:        5508 kB
Mlocked:            5508 kB
SwapTotal:       3145724 kB
SwapFree:        3145724 kB
Dirty:               364 kB
Writeback:             0 kB
AnonPages:       1341688 kB
Mapped:           876564 kB
Shmem:             24644 kB
KReclaimable:     667056 kB
Slab:             223924 kB
SReclaimable:      73224 kB
SUnreclaim:       150700 kB
KernelStack:       48480 kB
PageTables:        68436 kB
NFS_Unstable:          0 kB
Bounce:                0 kB
WritebackTmp:          0 kB
CommitLimit:     9202292 kB
Committed_AS:   76596044 kB
VmallocTotal:   263061440 kB
VmallocUsed:      105536 kB
VmallocChunk:          0 kB
Percpu:             7616 kB
CmaTotal:         294912 kB
CmaFree:               0 kB
MemTotal:       12113136 kB
MemFree:         6433004 kB
MemAvailable:    7869696 kB
Buffers:            4796 kB
Cached:          1662640 kB
SwapCached:            0 kB
Active:          1500496 kB
Inactive:        1485184 kB
Active(anon):    1324584 kB
Inactive(anon):    22756 kB
Active(file):     175912 kB
Inactive(file):  1462428 kB
Unevictable:        5508 kB
Mlocked:            5508 kB
SwapTotal:       3145724 kB
SwapFree:        3145724 kB
Dirty:               372 kB
Writeback:             0 kB
AnonPages:       1323548 kB
Mapped:           876752 kB
Shmem:             24644 kB
KReclaimable:     667056 kB
Slab:             223924 kB
SReclaimable:      73224 kB
SUnreclaim:       150700 kB
KernelStack:       48496 kB
PageTables:        68492 kB
NFS_Unstable:          0 kB
Bounce:                0 kB
WritebackTmp:          0 kB
CommitLimit:     9202292 kB
Committed_AS:   76592756 kB
VmallocTotal:   263061440 kB
VmallocUsed:      105568 kB
VmallocChunk:          0 kB
Percpu:             7616 kB
CmaTotal:         294912 kB
CmaFree:               0 kB
MemTotal:       12113136 kB
MemFree:         6432160 kB
MemAvailable:    7868860 kB
Buffers:            4796 kB
Cached:          1662648 kB
SwapCached:            0 kB
Active:          1500872 kB
Inactive:        1485192 kB
Active(anon):    1324960 kB
Inactive(anon):    22756 kB
Active(file):     175912 kB
Inactive(file):  1462436 kB
Unevictable:        5508 kB
Mlocked:            5508 kB
SwapTotal:       3145724 kB
SwapFree:        3145724 kB
Dirty:               380 kB
Writeback:             0 kB
AnonPages:       1324088 kB
Mapped:           876752 kB
Shmem:             24644 kB
KReclaimable:     667056 kB
Slab:             223916 kB
SReclaimable:      73224 kB
SUnreclaim:       150692 kB
KernelStack:       48464 kB
PageTables:        68380 kB
NFS_Unstable:          0 kB
Bounce:                0 kB
WritebackTmp:          0 kB
CommitLimit:     9202292 kB
Committed_AS:   76584684 kB
VmallocTotal:   263061440 kB
VmallocUsed:      105552 kB
VmallocChunk:          0 kB
Percpu:             7616 kB
CmaTotal:         294912 kB
CmaFree:               0 kB
MemTotal:       12113136 kB
MemFree:         6442684 kB
MemAvailable:    7879408 kB
Buffers:            4796 kB
Cached:          1662676 kB
SwapCached:            0 kB
Active:          1489292 kB
Inactive:        1485212 kB
Active(anon):    1313372 kB
Inactive(anon):    22760 kB
Active(file):     175920 kB
Inactive(file):  1462452 kB
Unevictable:        5508 kB
Mlocked:            5508 kB
SwapTotal:       3145724 kB
SwapFree:        3145724 kB
Dirty:               420 kB
Writeback:             0 kB
AnonPages:       1312080 kB
Mapped:           876760 kB
Shmem:             24648 kB
KReclaimable:     667056 kB
Slab:             223924 kB
SReclaimable:      73224 kB
SUnreclaim:       150700 kB
KernelStack:       48496 kB
PageTables:        68428 kB
NFS_Unstable:          0 kB
Bounce:                0 kB
WritebackTmp:          0 kB
CommitLimit:     9202292 kB
Committed_AS:   76584420 kB
VmallocTotal:   263061440 kB
VmallocUsed:      105584 kB
VmallocChunk:          0 kB
Percpu:             7616 kB
CmaTotal:         294912 kB
CmaFree:             528 kB
MemTotal:       12113136 kB
MemFree:         6441892 kB
MemAvailable:    7878624 kB
Buffers:            4796 kB
Cached:          1662684 kB
SwapCached:            0 kB
Active:          1489468 kB
Inactive:        1485224 kB
Active(anon):    1313552 kB
Inactive(anon):    22760 kB
Active(file):     175916 kB
Inactive(file):  1462464 kB
Unevictable:        5508 kB
Mlocked:            5508 kB
SwapTotal:       3145724 kB
SwapFree:        3145724 kB
Dirty:               428 kB
Writeback:             0 kB
AnonPages:       1312712 kB
Mapped:           876756 kB
Shmem:             24648 kB
KReclaimable:     667056 kB
Slab:             223932 kB
SReclaimable:      73224 kB
SUnreclaim:       150708 kB
KernelStack:       48512 kB
PageTables:        68564 kB
NFS_Unstable:          0 kB
Bounce:                0 kB
WritebackTmp:          0 kB
CommitLimit:     9202292 kB
Committed_AS:   76583668 kB
VmallocTotal:   263061440 kB
VmallocUsed:      105568 kB
VmallocChunk:          0 kB
Percpu:             7616 kB
CmaTotal:         294912 kB
CmaFree:             128 kB
MemTotal:       12113136 kB
MemFree:         6442144 kB
MemAvailable:    7878908 kB
Buffers:            4796 kB
Cached:          1662716 kB
SwapCached:            0 kB
Active:          1490252 kB
Inactive:        1485256 kB
Active(anon):    1314336 kB
Inactive(anon):    22760 kB
Active(file):     175916 kB
Inactive(file):  1462496 kB
Unevictable:        5508 kB
Mlocked:            5508 kB
SwapTotal:       3145724 kB
SwapFree:        3145724 kB
Dirty:               488 kB
Writeback:             0 kB
AnonPages:       1313756 kB
Mapped:           876564 kB
Shmem:             24648 kB
KReclaimable:     667056 kB
Slab:             223924 kB
SReclaimable:      73224 kB
SUnreclaim:       150700 kB
KernelStack:       48464 kB
PageTables:        68424 kB
NFS_Unstable:          0 kB
Bounce:                0 kB
WritebackTmp:          0 kB
CommitLimit:     9202292 kB
Committed_AS:   76594572 kB
VmallocTotal:   263061440 kB
VmallocUsed:      105584 kB
VmallocChunk:          0 kB
Percpu:             7616 kB
CmaTotal:         294912 kB
CmaFree:               8 kB
MemTotal:       12113136 kB
MemFree:         6441252 kB
MemAvailable:    7878020 kB
Buffers:            4796 kB
Cached:          1662724 kB
SwapCached:            0 kB
Active:          1491372 kB
Inactive:        1485256 kB
Active(anon):    1315448 kB
Inactive(anon):    22764 kB
Active(file):     175924 kB
Inactive(file):  1462492 kB
Unevictable:        5508 kB
Mlocked:            5508 kB
SwapTotal:       3145724 kB
SwapFree:        3145724 kB
Dirty:               504 kB
Writeback:             0 kB
AnonPages:       1314432 kB
Mapped:           876760 kB
Shmem:             24652 kB
KReclaimable:     667056 kB
Slab:             223964 kB
SReclaimable:      73224 kB
SUnreclaim:       150740 kB
KernelStack:       48464 kB
PageTables:        68360 kB
NFS_Unstable:          0 kB
Bounce:                0 kB
WritebackTmp:          0 kB
CommitLimit:     9202292 kB
Committed_AS:   76594440 kB
VmallocTotal:   263061440 kB
VmallocUsed:      105552 kB
VmallocChunk:          0 kB
Percpu:             7616 kB
CmaTotal:         294912 kB
CmaFree:               0 kB
MemTotal:       12113136 kB
MemFree:         6441412 kB
MemAvailable:    7878196 kB
Buffers:            4796 kB
Cached:          1662740 kB
SwapCached:            0 kB
Active:          1491420 kB
Inactive:        1485272 kB
Active(anon):    1315496 kB
Inactive(anon):    22764 kB
Active(file):     175924 kB
Inactive(file):  1462508 kB
Unevictable:        5508 kB
Mlocked:            5508 kB
SwapTotal:       3145724 kB
SwapFree:        3145724 kB
Dirty:               544 kB
Writeback:             0 kB
AnonPages:       1314584 kB
Mapped:           876760 kB
Shmem:             24652 kB
KReclaimable:     667056 kB
Slab:             223884 kB
SReclaimable:      73224 kB
SUnreclaim:       150660 kB
KernelStack:       48464 kB
PageTables:        68380 kB
NFS_Unstable:          0 kB
Bounce:                0 kB
WritebackTmp:          0 kB
CommitLimit:     9202292 kB
Committed_AS:   76594448 kB
VmallocTotal:   263061440 kB
VmallocUsed:      105568 kB
VmallocChunk:          0 kB
Percpu:             7616 kB
CmaTotal:         294912 kB
CmaFree:               0 kB
MemTotal:       12113136 kB
MemFree:         6440640 kB
MemAvailable:    7877444 kB
Buffers:            4796 kB
Cached:          1662764 kB
SwapCached:            0 kB
Active:          1491764 kB
Inactive:        1485292 kB
Active(anon):    1315836 kB
Inactive(anon):    22768 kB
Active(file):     175928 kB
Inactive(file):  1462524 kB
Unevictable:        5508 kB
Mlocked:            5508 kB
SwapTotal:       3145724 kB
SwapFree:        3145724 kB
Dirty:               568 kB
Writeback:             0 kB
AnonPages:       1315120 kB
Mapped:           876572 kB
Shmem:             24656 kB
KReclaimable:     667056 kB
Slab:             223932 kB
SReclaimable:      73224 kB
SUnreclaim:       150708 kB
KernelStack:       48480 kB
PageTables:        68420 kB
NFS_Unstable:          0 kB
Bounce:                0 kB
WritebackTmp:          0 kB
CommitLimit:     9202292 kB
Committed_AS:   76594144 kB
VmallocTotal:   263061440 kB
VmallocUsed:      105568 kB
VmallocChunk:          0 kB
Percpu:             7616 kB
CmaTotal:         294912 kB
CmaFree:               0 kB
MemTotal:       12113136 kB
MemFree:         6440616 kB
MemAvailable:    7877424 kB
Buffers:            4796 kB
Cached:          1662768 kB
SwapCached:            0 kB
Active:          1492796 kB
Inactive:        1485300 kB
Active(anon):    1316872 kB
Inactive(anon):    22768 kB
Active(file):     175924 kB
Inactive(file):  1462532 kB
Unevictable:        5508 kB
Mlocked:            5508 kB
SwapTotal:       3145724 kB
SwapFree:        3145724 kB
Dirty:               604 kB
Writeback:             0 kB
AnonPages:       1316000 kB
Mapped:           876576 kB
Shmem:             24656 kB
KReclaimable:     667056 kB
Slab:             223924 kB
SReclaimable:      73224 kB
SUnreclaim:       150700 kB
KernelStack:       48528 kB
PageTables:        68464 kB
NFS_Unstable:          0 kB
Bounce:                0 kB
WritebackTmp:          0 kB
CommitLimit:     9202292 kB
Committed_AS:   76593928 kB
VmallocTotal:   263061440 kB
VmallocUsed:      105536 kB
VmallocChunk:          0 kB
Percpu:             7616 kB
CmaTotal:         294912 kB
CmaFree:               0 kB
MemTotal:       12113136 kB
MemFree:         6438068 kB
MemAvailable:    7874884 kB
Buffers:            4800 kB
Cached:          1662776 kB
SwapCached:            0 kB
Active:          1493464 kB
Inactive:        1485312 kB
Active(anon):    1317540 kB
Inactive(anon):    22772 kB
Active(file):     175924 kB
Inactive(file):  1462540 kB
Unevictable:        5508 kB
Mlocked:            5508 kB
SwapTotal:       3145724 kB
SwapFree:        3145724 kB
Dirty:               616 kB
Writeback:             0 kB
AnonPages:       1316484 kB
Mapped:           876768 kB
Shmem:             24660 kB
KReclaimable:     667056 kB
Slab:             223912 kB
SReclaimable:      73224 kB
SUnreclaim:       150688 kB
KernelStack:       48464 kB
PageTables:        68368 kB
NFS_Unstable:          0 kB
Bounce:                0 kB
WritebackTmp:          0 kB
CommitLimit:     9202292 kB
Committed_AS:   76593552 kB
VmallocTotal:   263061440 kB
VmallocUsed:      105536 kB
VmallocChunk:          0 kB
Percpu:             7616 kB
CmaTotal:         294912 kB
CmaFree:               0 kB
MemTotal:       12113136 kB
MemFree:         6449748 kB
MemAvailable:    7886604 kB
Buffers:            4800 kB
Cached:          1662820 kB
SwapCached:            0 kB
Active:          1481416 kB
Inactive:        1485348 kB
Active(anon):    1305484 kB
Inactive(anon):    22776 kB
Active(file):     175932 kB
Inactive(file):  1462572 kB
Unevictable:        5508 kB
Mlocked:            5508 kB
SwapTotal:       3145724 kB
SwapFree:        3145724 kB
Dirty:               604 kB
Writeback:             0 kB
AnonPages:       1304736 kB
Mapped:           876772 kB
Shmem:             24664 kB
KReclaimable:     667056 kB
Slab:             223920 kB
SReclaimable:      73224 kB
SUnreclaim:       150696 kB
KernelStack:       48496 kB
PageTables:        68388 kB
NFS_Unstable:          0 kB
Bounce:                0 kB
WritebackTmp:          0 kB
CommitLimit:     9202292 kB
Committed_AS:   76590276 kB
VmallocTotal:   263061440 kB
VmallocUsed:      105568 kB
VmallocChunk:          0 kB
Percpu:             7616 kB
CmaTotal:         294912 kB
CmaFree:              48 kB
MemTotal:       12113136 kB
MemFree:         6448132 kB
MemAvailable:    7884992 kB
Buffers:            4800 kB
Cached:          1662824 kB
SwapCached:            0 kB
Active:          1482104 kB
Inactive:        1485352 kB
Active(anon):    1306172 kB
Inactive(anon):    22776 kB
Active(file):     175932 kB
Inactive(file):  1462576 kB
Unevictable:        5508 kB
Mlocked:            5508 kB
SwapTotal:       3145724 kB
SwapFree:        3145724 kB
Dirty:               620 kB
Writeback:             0 kB
AnonPages:       1305092 kB
Mapped:           876772 kB
Shmem:             24664 kB
KReclaimable:     667056 kB
Slab:             223920 kB
SReclaimable:      73224 kB
SUnreclaim:       150696 kB
KernelStack:       48464 kB
PageTables:        68372 kB
NFS_Unstable:          0 kB
Bounce:                0 kB
WritebackTmp:          0 kB
CommitLimit:     9202292 kB
Committed_AS:   76594904 kB
VmallocTotal:   263061440 kB
VmallocUsed:      105536 kB
VmallocChunk:          0 kB
Percpu:             7616 kB
CmaTotal:         294912 kB
CmaFree:             312 kB
MemTotal:       12113136 kB
MemFree:         6448156 kB
MemAvailable:    7885028 kB
Buffers:            4800 kB
Cached:          1662836 kB
SwapCached:            0 kB
Active:          1482664 kB
Inactive:        1485364 kB
Active(anon):    1306732 kB
Inactive(anon):    22776 kB
Active(file):     175932 kB
Inactive(file):  1462588 kB
Unevictable:        5508 kB
Mlocked:            5508 kB
SwapTotal:       3145724 kB
SwapFree:        3145724 kB
Dirty:               636 kB
Writeback:             0 kB
AnonPages:       1306080 kB
Mapped:           876792 kB
Shmem:             24664 kB
KReclaimable:     667056 kB
Slab:             223912 kB
SReclaimable:      73224 kB
SUnreclaim:       150688 kB
KernelStack:       48496 kB
PageTables:        68452 kB
NFS_Unstable:          0 kB
Bounce:                0 kB
WritebackTmp:          0 kB
CommitLimit:     9202292 kB
Committed_AS:   76594860 kB
VmallocTotal:   263061440 kB
VmallocUsed:      105520 kB
VmallocChunk:          0 kB
Percpu:             7616 kB
CmaTotal:         294912 kB
CmaFree:               0 kB
MemTotal:       12113136 kB
MemFree:         6448020 kB
MemAvailable:    7884904 kB
Buffers:            4800 kB
Cached:          1662848 kB
SwapCached:            0 kB
Active:          1483460 kB
Inactive:        1485376 kB
Active(anon):    1307528 kB
Inactive(anon):    22776 kB
Active(file):     175932 kB
Inactive(file):  1462600 kB
Unevictable:        5508 kB
Mlocked:            5508 kB
SwapTotal:       3145724 kB
SwapFree:        3145724 kB
Dirty:               648 kB
Writeback:             0 kB
AnonPages:       1306748 kB
Mapped:           876704 kB
Shmem:             24664 kB
KReclaimable:     667056 kB
Slab:             223912 kB
SReclaimable:      73224 kB
SUnreclaim:       150688 kB
KernelStack:       48464 kB
PageTables:        68416 kB
NFS_Unstable:          0 kB
Bounce:                0 kB
WritebackTmp:          0 kB
CommitLimit:     9202292 kB
Committed_AS:   76594556 kB
VmallocTotal:   263061440 kB
VmallocUsed:      105520 kB
VmallocChunk:          0 kB
Percpu:             7616 kB
CmaTotal:         294912 kB
CmaFree:             232 kB
MemTotal:       12113136 kB
MemFree:         6447596 kB
MemAvailable:    7884492 kB
Buffers:            4800 kB
Cached:          1662868 kB
SwapCached:            0 kB
Active:          1484732 kB
Inactive:        1485396 kB
Active(anon):    1308800 kB
Inactive(anon):    22784 kB
Active(file):     175932 kB
Inactive(file):  1462612 kB
Unevictable:        5508 kB
Mlocked:            5508 kB
SwapTotal:       3145724 kB
SwapFree:        3145724 kB
Dirty:               716 kB
Writeback:             0 kB
AnonPages:       1308120 kB
Mapped:           876844 kB
Shmem:             24672 kB
KReclaimable:     667056 kB
Slab:             223928 kB
SReclaimable:      73224 kB
SUnreclaim:       150704 kB
KernelStack:       48448 kB
PageTables:        68360 kB
NFS_Unstable:          0 kB
Bounce:                0 kB
WritebackTmp:          0 kB
CommitLimit:     9202292 kB
Committed_AS:   76594332 kB
VmallocTotal:   263061440 kB
VmallocUsed:      105552 kB
VmallocChunk:          0 kB
Percpu:             7616 kB
CmaTotal:         294912 kB
CmaFree:               0 kB
MemTotal:       12113136 kB
MemFree:         6448336 kB
MemAvailable:    7885244 kB
Buffers:            4800 kB
Cached:          1662880 kB
SwapCached:            0 kB
Active:          1485844 kB
Inactive:        1485408 kB
Active(anon):    1309912 kB
Inactive(anon):    22784 kB
Active(file):     175932 kB
Inactive(file):  1462624 kB
Unevictable:        5508 kB
Mlocked:            5508 kB
SwapTotal:       3145724 kB
SwapFree:        3145724 kB
Dirty:               740 kB
Writeback:             0 kB
AnonPages:       1308916 kB
Mapped:           876760 kB
Shmem:             24672 kB
KReclaimable:     667056 kB
Slab:             223928 kB
SReclaimable:      73224 kB
SUnreclaim:       150704 kB
KernelStack:       48480 kB
PageTables:        68400 kB
NFS_Unstable:          0 kB
Bounce:                0 kB
WritebackTmp:          0 kB
CommitLimit:     9202292 kB
Committed_AS:   76584764 kB
VmallocTotal:   263061440 kB
VmallocUsed:      105504 kB
VmallocChunk:          0 kB
Percpu:             7616 kB
CmaTotal:         294912 kB
CmaFree:              40 kB
MemTotal:       12113136 kB
MemFree:         6451084 kB
MemAvailable:    7888004 kB
Buffers:            4800 kB
Cached:          1662892 kB
SwapCached:            0 kB
Active:          1481964 kB
Inactive:        1485420 kB
Active(anon):    1306032 kB
Inactive(anon):    22784 kB
Active(file):     175932 kB
Inactive(file):  1462636 kB
Unevictable:        5508 kB
Mlocked:            5508 kB
SwapTotal:       3145724 kB
SwapFree:        3145724 kB
Dirty:               796 kB
Writeback:             0 kB
AnonPages:       1305248 kB
Mapped:           876604 kB
Shmem:             24672 kB
KReclaimable:     667056 kB
Slab:             223896 kB
SReclaimable:      73224 kB
SUnreclaim:       150672 kB
KernelStack:       48460 kB
PageTables:        68500 kB
NFS_Unstable:          0 kB
Bounce:                0 kB
WritebackTmp:          0 kB
CommitLimit:     9202292 kB
Committed_AS:   76583472 kB
VmallocTotal:   263061440 kB
VmallocUsed:      105520 kB
VmallocChunk:          0 kB
Percpu:             7616 kB
CmaTotal:         294912 kB
CmaFree:             104 kB
MemTotal:       12113136 kB
MemFree:         6449372 kB
MemAvailable:    7886304 kB
Buffers:            4800 kB
Cached:          1662904 kB
SwapCached:            0 kB
Active:          1482740 kB
Inactive:        1485432 kB
Active(anon):    1306808 kB
Inactive(anon):    22784 kB
Active(file):     175932 kB
Inactive(file):  1462648 kB
Unevictable:        5508 kB
Mlocked:            5508 kB
SwapTotal:       3145724 kB
SwapFree:        3145724 kB
Dirty:               820 kB
Writeback:             0 kB
AnonPages:       1305736 kB
Mapped:           876844 kB
Shmem:             24672 kB
KReclaimable:     667056 kB
Slab:             223920 kB
SReclaimable:      73224 kB
SUnreclaim:       150696 kB
KernelStack:       48448 kB
PageTables:        68360 kB
NFS_Unstable:          0 kB
Bounce:                0 kB
WritebackTmp:          0 kB
CommitLimit:     9202292 kB
Committed_AS:   76584424 kB
VmallocTotal:   263061440 kB
VmallocUsed:      105504 kB
VmallocChunk:          0 kB
Percpu:             7616 kB
CmaTotal:         294912 kB
CmaFree:               0 kB
MemTotal:       12113136 kB
MemFree:         6448504 kB
MemAvailable:    7885444 kB
Buffers:            4800 kB
Cached:          1662912 kB
SwapCached:            0 kB
Active:          1483756 kB
Inactive:        1485440 kB
Active(anon):    1307824 kB
Inactive(anon):    22784 kB
Active(file):     175932 kB
Inactive(file):  1462656 kB
Unevictable:        5508 kB
Mlocked:            5508 kB
SwapTotal:       3145724 kB
SwapFree:        3145724 kB
Dirty:               828 kB
Writeback:             0 kB
AnonPages:       1307024 kB
Mapped:           876656 kB
Shmem:             24672 kB
KReclaimable:     667056 kB
Slab:             223904 kB
SReclaimable:      73224 kB
SUnreclaim:       150680 kB
KernelStack:       48480 kB
PageTables:        68436 kB
NFS_Unstable:          0 kB
Bounce:                0 kB
WritebackTmp:          0 kB
CommitLimit:     9202292 kB
Committed_AS:   76584116 kB
VmallocTotal:   263061440 kB
VmallocUsed:      105520 kB
VmallocChunk:          0 kB
Percpu:             7616 kB
CmaTotal:         294912 kB
CmaFree:               0 kB
MemTotal:       12113136 kB
MemFree:         6447728 kB
MemAvailable:    7884692 kB
Buffers:            4800 kB
Cached:          1662936 kB
SwapCached:            0 kB
Active:          1484388 kB
Inactive:        1485468 kB
Active(anon):    1308460 kB
Inactive(anon):    22784 kB
Active(file):     175928 kB
Inactive(file):  1462684 kB
Unevictable:        5508 kB
Mlocked:            5508 kB
SwapTotal:       3145724 kB
SwapFree:        3145724 kB
Dirty:               868 kB
Writeback:             0 kB
AnonPages:       1307456 kB
Mapped:           876752 kB
Shmem:             24672 kB
KReclaimable:     667056 kB
Slab:             223928 kB
SReclaimable:      73224 kB
SUnreclaim:       150704 kB
KernelStack:       48480 kB
PageTables:        68400 kB
NFS_Unstable:          0 kB
Bounce:                0 kB
WritebackTmp:          0 kB
CommitLimit:     9202292 kB
Committed_AS:   76592088 kB
VmallocTotal:   263061440 kB
VmallocUsed:      105536 kB
VmallocChunk:          0 kB
Percpu:             7616 kB
CmaTotal:         294912 kB
CmaFree:              12 kB
MemTotal:       12113136 kB
MemFree:         6446340 kB
MemAvailable:    7883340 kB
Buffers:            4800 kB
Cached:          1662972 kB
SwapCached:            0 kB
Active:          1485036 kB
Inactive:        1485500 kB
Active(anon):    1309104 kB
Inactive(anon):    22784 kB
Active(file):     175932 kB
Inactive(file):  1462716 kB
Unevictable:        5508 kB
Mlocked:            5508 kB
SwapTotal:       3145724 kB
SwapFree:        3145724 kB
Dirty:               900 kB
Writeback:             0 kB
AnonPages:       1308412 kB
Mapped:           876744 kB
Shmem:             24672 kB
KReclaimable:     667056 kB
Slab:             223912 kB
SReclaimable:      73224 kB
SUnreclaim:       150688 kB
KernelStack:       48448 kB
PageTables:        68452 kB
NFS_Unstable:          0 kB
Bounce:                0 kB
WritebackTmp:          0 kB
CommitLimit:     9202292 kB
Committed_AS:   76589548 kB
VmallocTotal:   263061440 kB
VmallocUsed:      105504 kB
VmallocChunk:          0 kB
Percpu:             7616 kB
CmaTotal:         294912 kB
CmaFree:               0 kB
MemTotal:       12113136 kB
MemFree:         6446140 kB
MemAvailable:    7883124 kB
Buffers:            4800 kB
Cached:          1662956 kB
SwapCached:            0 kB
Active:          1486032 kB
Inactive:        1485484 kB
Active(anon):    1310100 kB
Inactive(anon):    22784 kB
Active(file):     175932 kB
Inactive(file):  1462700 kB
Unevictable:        5508 kB
Mlocked:            5508 kB
SwapTotal:       3145724 kB
SwapFree:        3145724 kB
Dirty:               904 kB
Writeback:             0 kB
AnonPages:       1309184 kB
Mapped:           876844 kB
Shmem:             24672 kB
KReclaimable:     667056 kB
Slab:             223928 kB
SReclaimable:      73224 kB
SUnreclaim:       150704 kB
KernelStack:       48352 kB
PageTables:        68356 kB
NFS_Unstable:          0 kB
Bounce:                0 kB
WritebackTmp:          0 kB
CommitLimit:     9202292 kB
Committed_AS:   76594768 kB
VmallocTotal:   263061440 kB
VmallocUsed:      105488 kB
VmallocChunk:          0 kB
Percpu:             7616 kB
CmaTotal:         294912 kB
CmaFree:               0 kB
MemTotal:       12113136 kB
MemFree:         6445456 kB
MemAvailable:    7882460 kB
Buffers:            4800 kB
Cached:          1662976 kB
SwapCached:            0 kB
Active:          1486252 kB
Inactive:        1485504 kB
Active(anon):    1310320 kB
Inactive(anon):    22784 kB
Active(file):     175932 kB
Inactive(file):  1462720 kB
Unevictable:        5508 kB
Mlocked:            5508 kB
SwapTotal:       3145724 kB
SwapFree:        3145724 kB
Dirty:               924 kB
Writeback:             0 kB
AnonPages:       1309348 kB
Mapped:           876844 kB
Shmem:             24672 kB
KReclaimable:     667056 kB
Slab:             223888 kB
SReclaimable:      73224 kB
SUnreclaim:       150664 kB
KernelStack:       48400 kB
PageTables:        68348 kB
NFS_Unstable:          0 kB
Bounce:                0 kB
WritebackTmp:          0 kB
CommitLimit:     9202292 kB
Committed_AS:   76594468 kB
VmallocTotal:   263061440 kB
VmallocUsed:      105488 kB
VmallocChunk:          0 kB
Percpu:             7616 kB
CmaTotal:         294912 kB
CmaFree:               0 kB
MemTotal:       12113136 kB
MemFree:         6444876 kB
MemAvailable:    7881888 kB
Buffers:            4800 kB
Cached:          1662984 kB
SwapCached:            0 kB
Active:          1487124 kB
Inactive:        1485512 kB
Active(anon):    1311192 kB
Inactive(anon):    22784 kB
Active(file):     175932 kB
Inactive(file):  1462728 kB
Unevictable:        5508 kB
Mlocked:            5508 kB
SwapTotal:       3145724 kB
SwapFree:        3145724 kB
Dirty:               944 kB
Writeback:             0 kB
AnonPages:       1310216 kB
Mapped:           876656 kB
Shmem:             24672 kB
KReclaimable:     667056 kB
Slab:             223896 kB
SReclaimable:      73224 kB
SUnreclaim:       150672 kB
KernelStack:       48432 kB
PageTables:        68416 kB
NFS_Unstable:          0 kB
Bounce:                0 kB
WritebackTmp:          0 kB
CommitLimit:     9202292 kB
Committed_AS:   76594460 kB
VmallocTotal:   263061440 kB
VmallocUsed:      105456 kB
VmallocChunk:          0 kB
Percpu:             7616 kB
CmaTotal:         294912 kB
CmaFree:               0 kB
MemTotal:       12113136 kB
MemFree:         6445764 kB
MemAvailable:    7882792 kB
Buffers:            4804 kB
Cached:          1663000 kB
SwapCached:            0 kB
Active:          1487072 kB
Inactive:        1485532 kB
Active(anon):    1311140 kB
Inactive(anon):    22788 kB
Active(file):     175932 kB
Inactive(file):  1462744 kB
Unevictable:        5508 kB
Mlocked:            5508 kB
SwapTotal:       3145724 kB
SwapFree:        3145724 kB
Dirty:               960 kB
Writeback:             0 kB
AnonPages:       1310632 kB
Mapped:           876624 kB
Shmem:             24676 kB
KReclaimable:     667056 kB
Slab:             223904 kB
SReclaimable:      73224 kB
SUnreclaim:       150680 kB
KernelStack:       48416 kB
PageTables:        68380 kB
NFS_Unstable:          0 kB
Bounce:                0 kB
WritebackTmp:          0 kB
CommitLimit:     9202292 kB
Committed_AS:   76588184 kB
VmallocTotal:   263061440 kB
VmallocUsed:      105488 kB
VmallocChunk:          0 kB
Percpu:             7616 kB
CmaTotal:         294912 kB
CmaFree:               0 kB
MemTotal:       12113136 kB
MemFree:         6444432 kB
MemAvailable:    7881512 kB
Buffers:            4804 kB
Cached:          1663052 kB
SwapCached:            0 kB
Active:          1488192 kB
Inactive:        1485572 kB
Active(anon):    1312248 kB
Inactive(anon):    22788 kB
Active(file):     175944 kB
Inactive(file):  1462784 kB
Unevictable:        5508 kB
Mlocked:            5508 kB
SwapTotal:       3145724 kB
SwapFree:        3145724 kB
Dirty:               956 kB
Writeback:             0 kB
AnonPages:       1311724 kB
Mapped:           876848 kB
Shmem:             24676 kB
KReclaimable:     667056 kB
Slab:             223856 kB
SReclaimable:      73224 kB
SUnreclaim:       150632 kB
KernelStack:       48368 kB
PageTables:        68368 kB
NFS_Unstable:          0 kB
Bounce:                0 kB
WritebackTmp:          0 kB
CommitLimit:     9202292 kB
Committed_AS:   76590524 kB
VmallocTotal:   263061440 kB
VmallocUsed:      105472 kB
VmallocChunk:          0 kB
Percpu:             7616 kB
CmaTotal:         294912 kB
CmaFree:               0 kB
MemTotal:       12113136 kB
MemFree:         6442516 kB
MemAvailable:    7879588 kB
Buffers:            4804 kB
Cached:          1663044 kB
SwapCached:            0 kB
Active:          1489084 kB
Inactive:        1485572 kB
Active(anon):    1313148 kB
Inactive(anon):    22788 kB
Active(file):     175936 kB
Inactive(file):  1462784 kB
Unevictable:        5508 kB
Mlocked:            5508 kB
SwapTotal:       3145724 kB
SwapFree:        3145724 kB
Dirty:               944 kB
Writeback:             0 kB
AnonPages:       1312240 kB
Mapped:           876848 kB
Shmem:             24676 kB
KReclaimable:     667056 kB
Slab:             223904 kB
SReclaimable:      73224 kB
SUnreclaim:       150680 kB
KernelStack:       48416 kB
PageTables:        68404 kB
NFS_Unstable:          0 kB
Bounce:                0 kB
WritebackTmp:          0 kB
CommitLimit:     9202292 kB
Committed_AS:   76590312 kB
VmallocTotal:   263061440 kB
VmallocUsed:      105488 kB
VmallocChunk:          0 kB
Percpu:             7616 kB
CmaTotal:         294912 kB
CmaFree:               0 kB
MemTotal:       12113136 kB
MemFree:         6442176 kB
MemAvailable:    7879272 kB
Buffers:            4804 kB
Cached:          1663068 kB
SwapCached:            0 kB
Active:          1489656 kB
Inactive:        1485592 kB
Active(anon):    1313716 kB
Inactive(anon):    22788 kB
Active(file):     175940 kB
Inactive(file):  1462804 kB
Unevictable:        5508 kB
Mlocked:            5508 kB
SwapTotal:       3145724 kB
SwapFree:        3145724 kB
Dirty:               996 kB
Writeback:             0 kB
AnonPages:       1312808 kB
Mapped:           876852 kB
Shmem:             24676 kB
KReclaimable:     667056 kB
Slab:             223888 kB
SReclaimable:      73224 kB
SUnreclaim:       150664 kB
KernelStack:       48416 kB
PageTables:        68516 kB
NFS_Unstable:          0 kB
Bounce:                0 kB
WritebackTmp:          0 kB
CommitLimit:     9202292 kB
Committed_AS:   76588688 kB
VmallocTotal:   263061440 kB
VmallocUsed:      105472 kB
VmallocChunk:          0 kB
Percpu:             7616 kB
CmaTotal:         294912 kB
CmaFree:               0 kB
MemTotal:       12113136 kB
MemFree:         6407108 kB
MemAvailable:    7844212 kB
Buffers:            4804 kB
Cached:          1662816 kB
SwapCached:            0 kB
Active:          1525084 kB
Inactive:        1485476 kB
Active(anon):    1349144 kB
Inactive(anon):    22664 kB
Active(file):     175940 kB
Inactive(file):  1462812 kB
Unevictable:        5508 kB
Mlocked:            5508 kB
SwapTotal:       3145724 kB
SwapFree:        3145724 kB
Dirty:              1004 kB
Writeback:             0 kB
AnonPages:       1348392 kB
Mapped:           876492 kB
Shmem:             24416 kB
KReclaimable:     667056 kB
Slab:             223936 kB
SReclaimable:      73224 kB
SUnreclaim:       150712 kB
KernelStack:       48432 kB
PageTables:        68432 kB
NFS_Unstable:          0 kB
Bounce:                0 kB
WritebackTmp:          0 kB
CommitLimit:     9202292 kB
Committed_AS:   76593980 kB
VmallocTotal:   263061440 kB
VmallocUsed:      105456 kB
VmallocChunk:          0 kB
Percpu:             7616 kB
CmaTotal:         294912 kB
CmaFree:               0 kB
MemTotal:       12113136 kB
MemFree:         6405900 kB
MemAvailable:    7843012 kB
Buffers:            4804 kB
Cached:          1663084 kB
SwapCached:            0 kB
Active:          1526572 kB
Inactive:        1485608 kB
Active(anon):    1350632 kB
Inactive(anon):    22788 kB
Active(file):     175940 kB
Inactive(file):  1462820 kB
Unevictable:        5508 kB
Mlocked:            5508 kB
SwapTotal:       3145724 kB
SwapFree:        3145724 kB
Dirty:              1012 kB
Writeback:             0 kB
AnonPages:       1349688 kB
Mapped:           876660 kB
Shmem:             24676 kB
KReclaimable:     667056 kB
Slab:             223984 kB
SReclaimable:      73224 kB
SUnreclaim:       150760 kB
KernelStack:       48416 kB
PageTables:        68436 kB
NFS_Unstable:          0 kB
Bounce:                0 kB
WritebackTmp:          0 kB
CommitLimit:     9202292 kB
Committed_AS:   76592992 kB
VmallocTotal:   263061440 kB
VmallocUsed:      105440 kB
VmallocChunk:          0 kB
Percpu:             7616 kB
CmaTotal:         294912 kB
CmaFree:               0 kB
MemTotal:       12113136 kB
MemFree:         6405104 kB
MemAvailable:    7842228 kB
Buffers:            4804 kB
Cached:          1663096 kB
SwapCached:            0 kB
Active:          1526880 kB
Inactive:        1485620 kB
Active(anon):    1350940 kB
Inactive(anon):    22788 kB
Active(file):     175940 kB
Inactive(file):  1462832 kB
Unevictable:        5508 kB
Mlocked:            5508 kB
SwapTotal:       3145724 kB
SwapFree:        3145724 kB
Dirty:               256 kB
Writeback:             0 kB
AnonPages:       1350276 kB
Mapped:           876760 kB
Shmem:             24676 kB
KReclaimable:     667056 kB
Slab:             223824 kB
SReclaimable:      73224 kB
SUnreclaim:       150600 kB
KernelStack:       48416 kB
PageTables:        68464 kB
NFS_Unstable:          0 kB
Bounce:                0 kB
WritebackTmp:          0 kB
CommitLimit:     9202292 kB
Committed_AS:   76592992 kB
VmallocTotal:   263061440 kB
VmallocUsed:      105472 kB
VmallocChunk:          0 kB
Percpu:             7616 kB
CmaTotal:         294912 kB
CmaFree:               0 kB
MemTotal:       12113136 kB
MemFree:         6403704 kB
MemAvailable:    7840848 kB
Buffers:            4804 kB
Cached:          1663116 kB
SwapCached:            0 kB
Active:          1528660 kB
Inactive:        1485640 kB
Active(anon):    1352720 kB
Inactive(anon):    22788 kB
Active(file):     175940 kB
Inactive(file):  1462852 kB
Unevictable:        5508 kB
Mlocked:            5508 kB
SwapTotal:       3145724 kB
SwapFree:        3145724 kB
Dirty:               284 kB
Writeback:             0 kB
AnonPages:       1351836 kB
Mapped:           876848 kB
Shmem:             24676 kB
KReclaimable:     667056 kB
Slab:             223948 kB
SReclaimable:      73224 kB
SUnreclaim:       150724 kB
KernelStack:       48384 kB
PageTables:        68384 kB
NFS_Unstable:          0 kB
Bounce:                0 kB
WritebackTmp:          0 kB
CommitLimit:     9202292 kB
Committed_AS:   76594112 kB
VmallocTotal:   263061440 kB
VmallocUsed:      105456 kB
VmallocChunk:          0 kB
Percpu:             7616 kB
CmaTotal:         294912 kB
CmaFree:               0 kB
MemTotal:       12113136 kB
MemFree:         6402500 kB
MemAvailable:    7839680 kB
Buffers:            4804 kB
Cached:          1663152 kB
SwapCached:            0 kB
Active:          1529188 kB
Inactive:        1485672 kB
Active(anon):    1353244 kB
Inactive(anon):    22788 kB
Active(file):     175944 kB
Inactive(file):  1462884 kB
Unevictable:        5508 kB
Mlocked:            5508 kB
SwapTotal:       3145724 kB
SwapFree:        3145724 kB
Dirty:               300 kB
Writeback:             0 kB
AnonPages:       1352340 kB
Mapped:           876848 kB
Shmem:             24676 kB
KReclaimable:     667056 kB
Slab:             223884 kB
SReclaimable:      73224 kB
SUnreclaim:       150660 kB
KernelStack:       48432 kB
PageTables:        68440 kB
NFS_Unstable:          0 kB
Bounce:                0 kB
WritebackTmp:          0 kB
CommitLimit:     9202292 kB
Committed_AS:   76594200 kB
VmallocTotal:   263061440 kB
VmallocUsed:      105488 kB
VmallocChunk:          0 kB
Percpu:             7616 kB
CmaTotal:         294912 kB
CmaFree:               0 kB
MemTotal:       12113136 kB
MemFree:         6414040 kB
MemAvailable:    7851208 kB
Buffers:            4804 kB
Cached:          1663140 kB
SwapCached:            0 kB
Active:          1517264 kB
Inactive:        1485664 kB
Active(anon):    1341324 kB
Inactive(anon):    22788 kB
Active(file):     175940 kB
Inactive(file):  1462876 kB
Unevictable:        5508 kB
Mlocked:            5508 kB
SwapTotal:       3145724 kB
SwapFree:        3145724 kB
Dirty:               364 kB
Writeback:             0 kB
AnonPages:       1340720 kB
Mapped:           876848 kB
Shmem:             24676 kB
KReclaimable:     667056 kB
Slab:             223868 kB
SReclaimable:      73224 kB
SUnreclaim:       150644 kB
KernelStack:       48384 kB
PageTables:        68384 kB
NFS_Unstable:          0 kB
Bounce:                0 kB
WritebackTmp:          0 kB
CommitLimit:     9202292 kB
Committed_AS:   76594156 kB
VmallocTotal:   263061440 kB
VmallocUsed:      105456 kB
VmallocChunk:          0 kB
Percpu:             7616 kB
CmaTotal:         294912 kB
CmaFree:             240 kB
MemTotal:       12113136 kB
MemFree:         6413396 kB
MemAvailable:    7850572 kB
Buffers:            4804 kB
Cached:          1663148 kB
SwapCached:            0 kB
Active:          1517948 kB
Inactive:        1485672 kB
Active(anon):    1342008 kB
Inactive(anon):    22788 kB
Active(file):     175940 kB
Inactive(file):  1462884 kB
Unevictable:        5508 kB
Mlocked:            5508 kB
SwapTotal:       3145724 kB
SwapFree:        3145724 kB
Dirty:               372 kB
Writeback:             0 kB
AnonPages:       1341084 kB
Mapped:           876680 kB
Shmem:             24676 kB
KReclaimable:     667056 kB
Slab:             223884 kB
SReclaimable:      73224 kB
SUnreclaim:       150660 kB
KernelStack:       48448 kB
PageTables:        68504 kB
NFS_Unstable:          0 kB
Bounce:                0 kB
WritebackTmp:          0 kB
CommitLimit:     9202292 kB
Committed_AS:   76594556 kB
VmallocTotal:   263061440 kB
VmallocUsed:      105440 kB
VmallocChunk:          0 kB
Percpu:             7616 kB
CmaTotal:         294912 kB
CmaFree:               0 kB
MemTotal:       12113136 kB
MemFree:         6413832 kB
MemAvailable:    7851044 kB
Buffers:            4804 kB
Cached:          1663188 kB
SwapCached:            0 kB
Active:          1518512 kB
Inactive:        1485712 kB
Active(anon):    1342572 kB
Inactive(anon):    22792 kB
Active(file):     175940 kB
Inactive(file):  1462920 kB
Unevictable:        5508 kB
Mlocked:            5508 kB
SwapTotal:       3145724 kB
SwapFree:        3145724 kB
Dirty:               456 kB
Writeback:             0 kB
AnonPages:       1342000 kB
Mapped:           876664 kB
Shmem:             24680 kB
KReclaimable:     667056 kB
Slab:             223868 kB
SReclaimable:      73224 kB
SUnreclaim:       150644 kB
KernelStack:       48384 kB
PageTables:        68388 kB
NFS_Unstable:          0 kB
Bounce:                0 kB
WritebackTmp:          0 kB
CommitLimit:     9202292 kB
Committed_AS:   76594208 kB
VmallocTotal:   263061440 kB
VmallocUsed:      105456 kB
VmallocChunk:          0 kB
Percpu:             7616 kB
CmaTotal:         294912 kB
CmaFree:               0 kB
MemTotal:       12113136 kB
MemFree:         6412480 kB
MemAvailable:    7849700 kB
Buffers:            4804 kB
Cached:          1663196 kB
SwapCached:            0 kB
Active:          1519236 kB
Inactive:        1485716 kB
Active(anon):    1343292 kB
Inactive(anon):    22792 kB
Active(file):     175944 kB
Inactive(file):  1462924 kB
Unevictable:        5508 kB
Mlocked:            5508 kB
SwapTotal:       3145724 kB
SwapFree:        3145724 kB
Dirty:               468 kB
Writeback:             0 kB
AnonPages:       1342608 kB
Mapped:           876872 kB
Shmem:             24680 kB
KReclaimable:     667056 kB
Slab:             223884 kB
SReclaimable:      73224 kB
SUnreclaim:       150660 kB
KernelStack:       48432 kB
PageTables:        68452 kB
NFS_Unstable:          0 kB
Bounce:                0 kB
WritebackTmp:          0 kB
CommitLimit:     9202292 kB
Committed_AS:   76594704 kB
VmallocTotal:   263061440 kB
VmallocUsed:      105488 kB
VmallocChunk:          0 kB
Percpu:             7616 kB
CmaTotal:         294912 kB
CmaFree:               0 kB
MemTotal:       12113136 kB
MemFree:         6412280 kB
MemAvailable:    7849512 kB
Buffers:            4804 kB
Cached:          1663208 kB
SwapCached:            0 kB
Active:          1520028 kB
Inactive:        1485728 kB
Active(anon):    1344084 kB
Inactive(anon):    22792 kB
Active(file):     175944 kB
Inactive(file):  1462936 kB
Unevictable:        5508 kB
Mlocked:            5508 kB
SwapTotal:       3145724 kB
SwapFree:        3145724 kB
Dirty:               480 kB
Writeback:             0 kB
AnonPages:       1343500 kB
Mapped:           876852 kB
Shmem:             24680 kB
KReclaimable:     667056 kB
Slab:             223884 kB
SReclaimable:      73224 kB
SUnreclaim:       150660 kB
KernelStack:       48368 kB
PageTables:        68384 kB
NFS_Unstable:          0 kB
Bounce:                0 kB
WritebackTmp:          0 kB
CommitLimit:     9202292 kB
Committed_AS:   76594500 kB
VmallocTotal:   263061440 kB
VmallocUsed:      105504 kB
VmallocChunk:          0 kB
Percpu:             7616 kB
CmaTotal:         294912 kB
CmaFree:               0 kB
MemTotal:       12113136 kB
MemFree:         6410652 kB
MemAvailable:    7847896 kB
Buffers:            4804 kB
Cached:          1663220 kB
SwapCached:            0 kB
Active:          1520588 kB
Inactive:        1485740 kB
Active(anon):    1344644 kB
Inactive(anon):    22792 kB
Active(file):     175944 kB
Inactive(file):  1462948 kB
Unevictable:        5508 kB
Mlocked:            5508 kB
SwapTotal:       3145724 kB
SwapFree:        3145724 kB
Dirty:               504 kB
Writeback:             0 kB
AnonPages:       1343688 kB
Mapped:           877108 kB
Shmem:             24680 kB
KReclaimable:     667056 kB
Slab:             223884 kB
SReclaimable:      73224 kB
SUnreclaim:       150660 kB
KernelStack:       48384 kB
PageTables:        68424 kB
NFS_Unstable:          0 kB
Bounce:                0 kB
WritebackTmp:          0 kB
CommitLimit:     9202292 kB
Committed_AS:   76594424 kB
VmallocTotal:   263061440 kB
VmallocUsed:      105520 kB
VmallocChunk:          0 kB
Percpu:             7616 kB
CmaTotal:         294912 kB
CmaFree:               0 kB
MemTotal:       12113136 kB
MemFree:         6410908 kB
MemAvailable:    7848160 kB
Buffers:            4808 kB
Cached:          1663232 kB
SwapCached:            0 kB
Active:          1521520 kB
Inactive:        1485752 kB
Active(anon):    1345576 kB
Inactive(anon):    22796 kB
Active(file):     175944 kB
Inactive(file):  1462956 kB
Unevictable:        5508 kB
Mlocked:            5508 kB
SwapTotal:       3145724 kB
SwapFree:        3145724 kB
Dirty:               520 kB
Writeback:             0 kB
AnonPages:       1344812 kB
Mapped:           877044 kB
Shmem:             24684 kB
KReclaimable:     667056 kB
Slab:             223896 kB
SReclaimable:      73224 kB
SUnreclaim:       150672 kB
KernelStack:       48400 kB
PageTables:        68384 kB
NFS_Unstable:          0 kB
Bounce:                0 kB
WritebackTmp:          0 kB
CommitLimit:     9202292 kB
Committed_AS:   76594072 kB
VmallocTotal:   263061440 kB
VmallocUsed:      105504 kB
VmallocChunk:          0 kB
Percpu:             7616 kB
CmaTotal:         294912 kB
CmaFree:              48 kB
MemTotal:       12113136 kB
MemFree:         6409864 kB
MemAvailable:    7847160 kB
Buffers:            4808 kB
Cached:          1663272 kB
SwapCached:            0 kB
Active:          1521816 kB
Inactive:        1485792 kB
Active(anon):    1345868 kB
Inactive(anon):    22796 kB
Active(file):     175948 kB
Inactive(file):  1462996 kB
Unevictable:        5508 kB
Mlocked:            5508 kB
SwapTotal:       3145724 kB
SwapFree:        3145724 kB
Dirty:               512 kB
Writeback:             0 kB
AnonPages:       1344856 kB
Mapped:           876948 kB
Shmem:             24684 kB
KReclaimable:     667056 kB
Slab:             223916 kB
SReclaimable:      73224 kB
SUnreclaim:       150692 kB
KernelStack:       48432 kB
PageTables:        68476 kB
NFS_Unstable:          0 kB
Bounce:                0 kB
WritebackTmp:          0 kB
CommitLimit:     9202292 kB
Committed_AS:   76593796 kB
VmallocTotal:   263061440 kB
VmallocUsed:      105520 kB
VmallocChunk:          0 kB
Percpu:             7616 kB
CmaTotal:         294912 kB
CmaFree:               0 kB
MemTotal:       12113136 kB
MemFree:         6410016 kB
MemAvailable:    7847316 kB
Buffers:            4808 kB
Cached:          1663276 kB
SwapCached:            0 kB
Active:          1522508 kB
Inactive:        1485796 kB
Active(anon):    1346560 kB
Inactive(anon):    22796 kB
Active(file):     175948 kB
Inactive(file):  1463000 kB
Unevictable:        5508 kB
Mlocked:            5508 kB
SwapTotal:       3145724 kB
SwapFree:        3145724 kB
Dirty:               520 kB
Writeback:             0 kB
AnonPages:       1345792 kB
Mapped:           877000 kB
Shmem:             24684 kB
KReclaimable:     667056 kB
Slab:             223908 kB
SReclaimable:      73224 kB
SUnreclaim:       150684 kB
KernelStack:       48384 kB
PageTables:        68300 kB
NFS_Unstable:          0 kB
Bounce:                0 kB
WritebackTmp:          0 kB
CommitLimit:     9202292 kB
Committed_AS:   76588636 kB
VmallocTotal:   263061440 kB
VmallocUsed:      105456 kB
VmallocChunk:          0 kB
Percpu:             7616 kB
CmaTotal:         294912 kB
CmaFree:               0 kB
MemTotal:       12113136 kB
MemFree:         6408732 kB
MemAvailable:    7846040 kB
Buffers:            4808 kB
Cached:          1663284 kB
SwapCached:            0 kB
Active:          1522596 kB
Inactive:        1485804 kB
Active(anon):    1346648 kB
Inactive(anon):    22796 kB
Active(file):     175948 kB
Inactive(file):  1463008 kB
Unevictable:        5508 kB
Mlocked:            5508 kB
SwapTotal:       3145724 kB
SwapFree:        3145724 kB
Dirty:               540 kB
Writeback:             0 kB
AnonPages:       1346052 kB
Mapped:           877004 kB
Shmem:             24684 kB
KReclaimable:     667056 kB
Slab:             223924 kB
SReclaimable:      73224 kB
SUnreclaim:       150700 kB
KernelStack:       48416 kB
PageTables:        68432 kB
NFS_Unstable:          0 kB
Bounce:                0 kB
WritebackTmp:          0 kB
CommitLimit:     9202292 kB
Committed_AS:   76583992 kB
VmallocTotal:   263061440 kB
VmallocUsed:      105440 kB
VmallocChunk:          0 kB
Percpu:             7616 kB
CmaTotal:         294912 kB
CmaFree:               0 kB
MemTotal:       12113136 kB
MemFree:         6408156 kB
MemAvailable:    7845480 kB
Buffers:            4808 kB
Cached:          1663300 kB
SwapCached:            0 kB
Active:          1523568 kB
Inactive:        1485820 kB
Active(anon):    1347620 kB
Inactive(anon):    22796 kB
Active(file):     175948 kB
Inactive(file):  1463024 kB
Unevictable:        5508 kB
Mlocked:            5508 kB
SwapTotal:       3145724 kB
SwapFree:        3145724 kB
Dirty:               556 kB
Writeback:             0 kB
AnonPages:       1346848 kB
Mapped:           877000 kB
Shmem:             24684 kB
KReclaimable:     667056 kB
Slab:             223908 kB
SReclaimable:      73224 kB
SUnreclaim:       150684 kB
KernelStack:       48416 kB
PageTables:        68564 kB
NFS_Unstable:          0 kB
Bounce:                0 kB
WritebackTmp:          0 kB
CommitLimit:     9202292 kB
Committed_AS:   76594224 kB
VmallocTotal:   263061440 kB
VmallocUsed:      105504 kB
