MemTotal:        7922396 kB
MemFree:          715544 kB
MemAvailable:    3926308 kB
Buffers:           72744 kB
Cached:          2320704 kB
SwapCached:         1880 kB
Active:          1822860 kB
Inactive:        1934664 kB
Active(anon):      98980 kB
Inactive(anon):  1300396 kB
Active(file):    1723880 kB
Inactive(file):   634268 kB
Unevictable:        6048 kB
Mlocked:            5608 kB
SwapTotal:       4718584 kB
SwapFree:        4562424 kB
Dirty:              7216 kB
Writeback:            20 kB
AnonPages:       1368268 kB
Mapped:           582948 kB
Shmem:             30752 kB
KReclaimable:    1242888 kB
Slab:             293700 kB
SReclaimable:      76116 kB
SUnreclaim:       217584 kB
KernelStack:       45968 kB
ShadowCallStack:   11560 kB
PageTables:        64416 kB
NFS_Unstable:          0 kB
Bounce:                0 kB
WritebackTmp:          0 kB
CommitLimit:     8679780 kB
Committed_AS:   63708804 kB
VmallocTotal:   263061440 kB
VmallocUsed:      127180 kB
VmallocChunk:          0 kB
Percpu:             6264 kB
CmaTotal:         405504 kB
CmaFree:           33884 kB
MemTotal:        7922396 kB
MemFree:          680040 kB
MemAvailable:    3905872 kB
Buffers:           72824 kB
Cached:          2333532 kB
SwapCached:         1880 kB
Active:          1830772 kB
Inactive:        1961128 kB
Active(anon):      99104 kB
Inactive(anon):  1321832 kB
Active(file):    1731668 kB
Inactive(file):   639296 kB
Unevictable:        6048 kB
Mlocked:            5608 kB
SwapTotal:       4718584 kB
SwapFree:        4562424 kB
Dirty:             12476 kB
Writeback:             0 kB
AnonPages:       1389808 kB
Mapped:           647564 kB
Shmem:             30840 kB
KReclaimable:    1245140 kB
Slab:             294580 kB
SReclaimable:      76264 kB
SUnreclaim:       218316 kB
KernelStack:       46288 kB
ShadowCallStack:   11596 kB
PageTables:        65672 kB
NFS_Unstable:          0 kB
Bounce:                0 kB
WritebackTmp:          0 kB
CommitLimit:     8679780 kB
Committed_AS:   65065376 kB
VmallocTotal:   263061440 kB
VmallocUsed:      127540 kB
VmallocChunk:          0 kB
Percpu:             6264 kB
CmaTotal:         405504 kB
CmaFree:           33884 kB
MemTotal:        7922396 kB
MemFree:          864044 kB
MemAvailable:    4084288 kB
Buffers:           72880 kB
Cached:          2335196 kB
SwapCached:         1880 kB
Active:          1832892 kB
Inactive:        1773864 kB
Active(anon):      99104 kB
Inactive(anon):  1135052 kB
Active(file):    1733788 kB
Inactive(file):   638812 kB
Unevictable:        6048 kB
Mlocked:            5608 kB
SwapTotal:       4718584 kB
SwapFree:        4562424 kB
Dirty:             12588 kB
Writeback:            12 kB
AnonPages:       1203056 kB
Mapped:           666724 kB
Shmem:             30924 kB
KReclaimable:    1237916 kB
Slab:             294836 kB
SReclaimable:      76268 kB
SUnreclaim:       218568 kB
KernelStack:       47296 kB
ShadowCallStack:   11856 kB
PageTables:        65972 kB
NFS_Unstable:          0 kB
Bounce:                0 kB
WritebackTmp:          0 kB
CommitLimit:     8679780 kB
Committed_AS:   65183540 kB
VmallocTotal:   263061440 kB
VmallocUsed:      128852 kB
VmallocChunk:          0 kB
Percpu:             6264 kB
CmaTotal:         405504 kB
CmaFree:           33864 kB
MemTotal:        7922396 kB
MemFree:          813592 kB
MemAvailable:    4394636 kB
Buffers:           72888 kB
Cached:          2335028 kB
SwapCached:         1880 kB
Active:          1832908 kB
Inactive:        1825812 kB
Active(anon):      99108 kB
Inactive(anon):  1186988 kB
Active(file):    1733800 kB
Inactive(file):   638824 kB
Unevictable:        6048 kB
Mlocked:            5608 kB
SwapTotal:       4718584 kB
SwapFree:        4562424 kB
Dirty:             12604 kB
Writeback:             4 kB
AnonPages:       1255080 kB
Mapped:           674656 kB
Shmem:             30740 kB
KReclaimable:    1598692 kB
Slab:             294492 kB
SReclaimable:      76316 kB
SUnreclaim:       218176 kB
KernelStack:       47440 kB
ShadowCallStack:   11872 kB
PageTables:        65684 kB
NFS_Unstable:          0 kB
Bounce:                0 kB
WritebackTmp:          0 kB
CommitLimit:     8679780 kB
Committed_AS:   65375844 kB
VmallocTotal:   263061440 kB
VmallocUsed:      128924 kB
VmallocChunk:          0 kB
Percpu:             6264 kB
CmaTotal:         405504 kB
CmaFree:           33968 kB
MemTotal:        7922396 kB
MemFree:          653440 kB
MemAvailable:    4197604 kB
Buffers:           72888 kB
Cached:          2335044 kB
SwapCached:         1880 kB
Active:          1832908 kB
Inactive:        1983640 kB
Active(anon):      99108 kB
Inactive(anon):  1344800 kB
Active(file):    1733800 kB
Inactive(file):   638840 kB
Unevictable:        6048 kB
Mlocked:            5608 kB
SwapTotal:       4718584 kB
SwapFree:        4562424 kB
Dirty:             12624 kB
Writeback:             0 kB
AnonPages:       1412836 kB
Mapped:           677260 kB
Shmem:             30740 kB
KReclaimable:    1561796 kB
Slab:             294732 kB
SReclaimable:      76348 kB
SUnreclaim:       218384 kB
KernelStack:       47408 kB
ShadowCallStack:   11880 kB
PageTables:        66280 kB
NFS_Unstable:          0 kB
Bounce:                0 kB
WritebackTmp:          0 kB
CommitLimit:     8679780 kB
Committed_AS:   65537136 kB
VmallocTotal:   263061440 kB
VmallocUsed:      128956 kB
VmallocChunk:          0 kB
Percpu:             6264 kB
CmaTotal:         405504 kB
CmaFree:           34052 kB
MemTotal:        7922396 kB
MemFree:          709000 kB
MemAvailable:    4010772 kB
Buffers:           72896 kB
Cached:          2335056 kB
SwapCached:         1880 kB
Active:          1832920 kB
Inactive:        1929344 kB
Active(anon):      99112 kB
Inactive(anon):  1290492 kB
Active(file):    1733808 kB
Inactive(file):   638852 kB
Unevictable:        6048 kB
Mlocked:            5608 kB
SwapTotal:       4718584 kB
SwapFree:        4562424 kB
Dirty:             12660 kB
Writeback:             0 kB
AnonPages:       1358568 kB
Mapped:           725532 kB
Shmem:             30740 kB
KReclaimable:    1319384 kB
Slab:             295312 kB
SReclaimable:      76380 kB
SUnreclaim:       218932 kB
KernelStack:       47184 kB
ShadowCallStack:   11832 kB
PageTables:        66272 kB
NFS_Unstable:          0 kB
Bounce:                0 kB
WritebackTmp:          0 kB
CommitLimit:     8679780 kB
Committed_AS:   65492132 kB
VmallocTotal:   263061440 kB
VmallocUsed:      128684 kB
VmallocChunk:          0 kB
Percpu:             6264 kB
CmaTotal:         405504 kB
CmaFree:           34052 kB
MemTotal:        7922396 kB
MemFree:          686300 kB
MemAvailable:    3870008 kB
Buffers:           72992 kB
Cached:          2336540 kB
SwapCached:         1880 kB
Active:          1833732 kB
Inactive:        1947036 kB
Active(anon):      99068 kB
Inactive(anon):  1308080 kB
Active(file):    1734664 kB
Inactive(file):   638956 kB
Unevictable:        6048 kB
Mlocked:            5608 kB
SwapTotal:       4718584 kB
SwapFree:        4562424 kB
Dirty:             12996 kB
Writeback:             0 kB
AnonPages:       1375660 kB
Mapped:           725304 kB
Shmem:             31360 kB
KReclaimable:    1200360 kB
Slab:             295692 kB
SReclaimable:      76384 kB
SUnreclaim:       219308 kB
KernelStack:       47472 kB
ShadowCallStack:   11924 kB
PageTables:        66736 kB
NFS_Unstable:          0 kB
Bounce:                0 kB
WritebackTmp:          0 kB
CommitLimit:     8679780 kB
Committed_AS:   65510228 kB
VmallocTotal:   263061440 kB
VmallocUsed:      128736 kB
VmallocChunk:          0 kB
Percpu:             6264 kB
CmaTotal:         405504 kB
CmaFree:           34052 kB
MemTotal:        7922396 kB
MemFree:          636240 kB
MemAvailable:    3721956 kB
Buffers:           73204 kB
Cached:          2336776 kB
SwapCached:         1880 kB
Active:          1833948 kB
Inactive:        1996916 kB
Active(anon):      99072 kB
Inactive(anon):  1357916 kB
Active(file):    1734876 kB
Inactive(file):   639000 kB
Unevictable:        6048 kB
Mlocked:            5608 kB
SwapTotal:       4718584 kB
SwapFree:        4562424 kB
Dirty:             13060 kB
Writeback:             0 kB
AnonPages:       1425132 kB
Mapped:           697612 kB
Shmem:             31552 kB
KReclaimable:    1102112 kB
Slab:             296132 kB
SReclaimable:      76372 kB
SUnreclaim:       219760 kB
KernelStack:       47296 kB
ShadowCallStack:   11836 kB
PageTables:        66896 kB
NFS_Unstable:          0 kB
Bounce:                0 kB
WritebackTmp:          0 kB
CommitLimit:     8679780 kB
Committed_AS:   65568140 kB
VmallocTotal:   263061440 kB
VmallocUsed:      128256 kB
VmallocChunk:          0 kB
Percpu:             6264 kB
CmaTotal:         405504 kB
CmaFree:           34308 kB
MemTotal:        7922396 kB
MemFree:          507156 kB
MemAvailable:    3571568 kB
Buffers:           73204 kB
Cached:          2336800 kB
SwapCached:         1880 kB
Active:          1833940 kB
Inactive:        2126796 kB
Active(anon):      99064 kB
Inactive(anon):  1487776 kB
Active(file):    1734876 kB
Inactive(file):   639020 kB
Unevictable:        6048 kB
Mlocked:            5608 kB
SwapTotal:       4718584 kB
SwapFree:        4562424 kB
Dirty:             13080 kB
Writeback:             0 kB
AnonPages:       1555036 kB
Mapped:           685420 kB
Shmem:             31556 kB
KReclaimable:    1080788 kB
Slab:             296408 kB
SReclaimable:      76356 kB
SUnreclaim:       220052 kB
KernelStack:       47296 kB
ShadowCallStack:   11852 kB
PageTables:        67192 kB
NFS_Unstable:          0 kB
Bounce:                0 kB
WritebackTmp:          0 kB
CommitLimit:     8679780 kB
Committed_AS:   65708352 kB
VmallocTotal:   263061440 kB
VmallocUsed:      128220 kB
VmallocChunk:          0 kB
Percpu:             6264 kB
CmaTotal:         405504 kB
CmaFree:           34308 kB
MemTotal:        7922396 kB
MemFree:          509640 kB
MemAvailable:    3549332 kB
Buffers:           73204 kB
Cached:          2336804 kB
SwapCached:         1880 kB
Active:          1833984 kB
Inactive:        2123744 kB
Active(anon):      99108 kB
Inactive(anon):  1484720 kB
Active(file):    1734876 kB
Inactive(file):   639024 kB
Unevictable:        6048 kB
Mlocked:            5608 kB
SwapTotal:       4718584 kB
SwapFree:        4562424 kB
Dirty:             13084 kB
Writeback:             0 kB
AnonPages:       1552112 kB
Mapped:           693988 kB
Shmem:             31556 kB
KReclaimable:    1056064 kB
Slab:             296620 kB
SReclaimable:      76388 kB
SUnreclaim:       220232 kB
KernelStack:       47280 kB
ShadowCallStack:   11856 kB
PageTables:        67252 kB
NFS_Unstable:          0 kB
Bounce:                0 kB
WritebackTmp:          0 kB
CommitLimit:     8679780 kB
Committed_AS:   65701764 kB
VmallocTotal:   263061440 kB
VmallocUsed:      128252 kB
VmallocChunk:          0 kB
Percpu:             6264 kB
CmaTotal:         405504 kB
CmaFree:           34308 kB
MemTotal:        7922396 kB
MemFree:          507960 kB
MemAvailable:    3550820 kB
Buffers:           73204 kB
Cached:          2336848 kB
SwapCached:         1880 kB
Active:          1833980 kB
Inactive:        2124844 kB
Active(anon):      99104 kB
Inactive(anon):  1485808 kB
Active(file):    1734876 kB
Inactive(file):   639036 kB
Unevictable:        6048 kB
Mlocked:            5608 kB
SwapTotal:       4718584 kB
SwapFree:        4562424 kB
Dirty:             13096 kB
Writeback:             0 kB
AnonPages:       1552992 kB
Mapped:           695880 kB
Shmem:             31588 kB
KReclaimable:    1059220 kB
Slab:             296916 kB
SReclaimable:      76420 kB
SUnreclaim:       220496 kB
KernelStack:       47280 kB
ShadowCallStack:   11836 kB
PageTables:        67128 kB
NFS_Unstable:          0 kB
Bounce:                0 kB
WritebackTmp:          0 kB
CommitLimit:     8679780 kB
Committed_AS:   65701792 kB
VmallocTotal:   263061440 kB
VmallocUsed:      128256 kB
VmallocChunk:          0 kB
Percpu:             6264 kB
CmaTotal:         405504 kB
CmaFree:           34312 kB
MemTotal:        7922396 kB
MemFree:          505244 kB
MemAvailable:    3548380 kB
Buffers:           73228 kB
Cached:          2337064 kB
SwapCached:         1880 kB
Active:          1834400 kB
Inactive:        2126188 kB
Active(anon):      99320 kB
Inactive(anon):  1487112 kB
Active(file):    1735080 kB
Inactive(file):   639076 kB
Unevictable:        6048 kB
Mlocked:            5608 kB
SwapTotal:       4718584 kB
SwapFree:        4562424 kB
Dirty:             13136 kB
Writeback:             0 kB
AnonPages:       1554656 kB
Mapped:           695896 kB
Shmem:             31584 kB
KReclaimable:    1059252 kB
Slab:             296964 kB
SReclaimable:      76460 kB
SUnreclaim:       220504 kB
KernelStack:       47216 kB
ShadowCallStack:   11820 kB
PageTables:        67296 kB
NFS_Unstable:          0 kB
Bounce:                0 kB
WritebackTmp:          0 kB
CommitLimit:     8679780 kB
Committed_AS:   65694384 kB
VmallocTotal:   263061440 kB
VmallocUsed:      128204 kB
VmallocChunk:          0 kB
Percpu:             6264 kB
CmaTotal:         405504 kB
CmaFree:           34308 kB
MemTotal:        7922396 kB
MemFree:          503012 kB
MemAvailable:    3546180 kB
Buffers:           73244 kB
Cached:          2337120 kB
SwapCached:         1880 kB
Active:          1834976 kB
Inactive:        2128124 kB
Active(anon):      99476 kB
Inactive(anon):  1489400 kB
Active(file):    1735500 kB
Inactive(file):   638724 kB
Unevictable:        6048 kB
Mlocked:            5608 kB
SwapTotal:       4718584 kB
SwapFree:        4562424 kB
Dirty:             13280 kB
Writeback:             4 kB
AnonPages:       1556940 kB
Mapped:           695816 kB
Shmem:             31588 kB
KReclaimable:    1059216 kB
Slab:             296808 kB
SReclaimable:      76460 kB
SUnreclaim:       220348 kB
KernelStack:       47184 kB
ShadowCallStack:   11848 kB
PageTables:        67064 kB
NFS_Unstable:          0 kB
Bounce:                0 kB
WritebackTmp:          0 kB
CommitLimit:     8679780 kB
Committed_AS:   65694392 kB
VmallocTotal:   263061440 kB
VmallocUsed:      128156 kB
VmallocChunk:          0 kB
Percpu:             6264 kB
CmaTotal:         405504 kB
CmaFree:           34316 kB
MemTotal:        7922396 kB
MemFree:          504420 kB
MemAvailable:    3547552 kB
Buffers:           73252 kB
Cached:          2337108 kB
SwapCached:         1880 kB
Active:          1835380 kB
Inactive:        2127216 kB
Active(anon):      99484 kB
Inactive(anon):  1488892 kB
Active(file):    1735896 kB
Inactive(file):   638324 kB
Unevictable:        6048 kB
Mlocked:            5608 kB
SwapTotal:       4718584 kB
SwapFree:        4562424 kB
Dirty:             13300 kB
Writeback:             0 kB
AnonPages:       1556400 kB
Mapped:           695804 kB
Shmem:             31588 kB
KReclaimable:    1059184 kB
Slab:             296868 kB
SReclaimable:      76428 kB
SUnreclaim:       220440 kB
KernelStack:       47232 kB
ShadowCallStack:   11828 kB
PageTables:        67148 kB
NFS_Unstable:          0 kB
Bounce:                0 kB
WritebackTmp:          0 kB
CommitLimit:     8679780 kB
Committed_AS:   65694388 kB
VmallocTotal:   263061440 kB
VmallocUsed:      128168 kB
VmallocChunk:          0 kB
Percpu:             6264 kB
CmaTotal:         405504 kB
CmaFree:           34308 kB
MemTotal:        7922396 kB
MemFree:          504848 kB
MemAvailable:    3548036 kB
Buffers:           73284 kB
Cached:          2337116 kB
SwapCached:         1880 kB
Active:          1835796 kB
Inactive:        2125580 kB
Active(anon):      99468 kB
Inactive(anon):  1487648 kB
Active(file):    1736328 kB
Inactive(file):   637932 kB
Unevictable:        6048 kB
Mlocked:            5608 kB
SwapTotal:       4718584 kB
SwapFree:        4562424 kB
Dirty:             13320 kB
Writeback:             0 kB
AnonPages:       1555352 kB
Mapped:           695792 kB
Shmem:             31588 kB
KReclaimable:    1059200 kB
Slab:             297016 kB
SReclaimable:      76444 kB
SUnreclaim:       220572 kB
KernelStack:       47216 kB
ShadowCallStack:   11828 kB
PageTables:        67208 kB
NFS_Unstable:          0 kB
Bounce:                0 kB
WritebackTmp:          0 kB
CommitLimit:     8679780 kB
Committed_AS:   65694388 kB
VmallocTotal:   263061440 kB
VmallocUsed:      128184 kB
VmallocChunk:          0 kB
Percpu:             6264 kB
CmaTotal:         405504 kB
CmaFree:           34308 kB
MemTotal:        7922396 kB
MemFree:          504124 kB
MemAvailable:    3547260 kB
Buffers:           73284 kB
Cached:          2337140 kB
SwapCached:         1880 kB
Active:          1836140 kB
Inactive:        2126608 kB
Active(anon):      99480 kB
Inactive(anon):  1488992 kB
Active(file):    1736660 kB
Inactive(file):   637616 kB
Unevictable:        6048 kB
Mlocked:            5608 kB
SwapTotal:       4718584 kB
SwapFree:        4562424 kB
Dirty:             13368 kB
Writeback:             0 kB
AnonPages:       1556768 kB
Mapped:           696180 kB
Shmem:             31596 kB
KReclaimable:    1059132 kB
Slab:             296824 kB
SReclaimable:      76412 kB
SUnreclaim:       220412 kB
KernelStack:       47248 kB
ShadowCallStack:   11820 kB
PageTables:        67240 kB
NFS_Unstable:          0 kB
Bounce:                0 kB
WritebackTmp:          0 kB
CommitLimit:     8679780 kB
Committed_AS:   65694400 kB
VmallocTotal:   263061440 kB
VmallocUsed:      128172 kB
VmallocChunk:          0 kB
Percpu:             6264 kB
CmaTotal:         405504 kB
CmaFree:           34304 kB
MemTotal:        7922396 kB
MemFree:          503904 kB
MemAvailable:    3547052 kB
Buffers:           73284 kB
Cached:          2337152 kB
SwapCached:         1880 kB
Active:          1836252 kB
Inactive:        2126588 kB
Active(anon):      99472 kB
Inactive(anon):  1489080 kB
Active(file):    1736780 kB
Inactive(file):   637508 kB
Unevictable:        6048 kB
Mlocked:            5608 kB
SwapTotal:       4718584 kB
SwapFree:        4562424 kB
Dirty:             13388 kB
Writeback:             0 kB
AnonPages:       1556712 kB
Mapped:           696140 kB
Shmem:             31596 kB
KReclaimable:    1059132 kB
Slab:             296888 kB
SReclaimable:      76412 kB
SUnreclaim:       220476 kB
KernelStack:       47232 kB
ShadowCallStack:   11824 kB
PageTables:        67220 kB
NFS_Unstable:          0 kB
Bounce:                0 kB
WritebackTmp:          0 kB
CommitLimit:     8679780 kB
Committed_AS:   65694400 kB
VmallocTotal:   263061440 kB
VmallocUsed:      128188 kB
VmallocChunk:          0 kB
Percpu:             6264 kB
CmaTotal:         405504 kB
CmaFree:           34308 kB
MemTotal:        7922396 kB
MemFree:          501032 kB
MemAvailable:    3544088 kB
Buffers:           73284 kB
Cached:          2337156 kB
SwapCached:         1880 kB
Active:          1836252 kB
Inactive:        2130552 kB
Active(anon):      99472 kB
Inactive(anon):  1493040 kB
Active(file):    1736780 kB
Inactive(file):   637512 kB
Unevictable:        6048 kB
Mlocked:            5608 kB
SwapTotal:       4718584 kB
SwapFree:        4562424 kB
Dirty:             13428 kB
Writeback:             0 kB
AnonPages:       1560612 kB
Mapped:           696344 kB
Shmem:             31596 kB
KReclaimable:    1059036 kB
Slab:             296740 kB
SReclaimable:      76412 kB
SUnreclaim:       220328 kB
KernelStack:       47216 kB
ShadowCallStack:   11828 kB
PageTables:        67232 kB
NFS_Unstable:          0 kB
Bounce:                0 kB
WritebackTmp:          0 kB
CommitLimit:     8679780 kB
Committed_AS:   65694356 kB
VmallocTotal:   263061440 kB
VmallocUsed:      128172 kB
VmallocChunk:          0 kB
Percpu:             6264 kB
CmaTotal:         405504 kB
CmaFree:           34308 kB
MemTotal:        7922396 kB
MemFree:          517700 kB
MemAvailable:    3559884 kB
Buffers:           73284 kB
Cached:          2335956 kB
SwapCached:         1880 kB
Active:          1836256 kB
Inactive:        2113016 kB
Active(anon):      99476 kB
Inactive(anon):  1475496 kB
Active(file):    1736780 kB
Inactive(file):   637520 kB
Unevictable:        6048 kB
Mlocked:            5608 kB
SwapTotal:       4718584 kB
SwapFree:        4562424 kB
Dirty:             13436 kB
Writeback:             0 kB
AnonPages:       1544352 kB
Mapped:           695704 kB
Shmem:             30388 kB
KReclaimable:    1058156 kB
Slab:             296752 kB
SReclaimable:      76396 kB
SUnreclaim:       220356 kB
KernelStack:       47216 kB
ShadowCallStack:   11828 kB
PageTables:        67236 kB
NFS_Unstable:          0 kB
Bounce:                0 kB
WritebackTmp:          0 kB
CommitLimit:     8679780 kB
Committed_AS:   65685952 kB
VmallocTotal:   263061440 kB
VmallocUsed:      128156 kB
VmallocChunk:          0 kB
Percpu:             6264 kB
CmaTotal:         405504 kB
CmaFree:           34312 kB
MemTotal:        7922396 kB
MemFree:          513144 kB
MemAvailable:    3554892 kB
Buffers:           73388 kB
Cached:          2335868 kB
SwapCached:         1880 kB
Active:          1836284 kB
Inactive:        2116784 kB
Active(anon):      99472 kB
Inactive(anon):  1479284 kB
Active(file):    1736812 kB
Inactive(file):   637500 kB
Unevictable:        6048 kB
Mlocked:            5608 kB
SwapTotal:       4718584 kB
SwapFree:        4562424 kB
Dirty:             13448 kB
Writeback:            32 kB
AnonPages:       1547896 kB
Mapped:           696508 kB
Shmem:             30392 kB
KReclaimable:    1057708 kB
Slab:             296756 kB
SReclaimable:      76396 kB
SUnreclaim:       220360 kB
KernelStack:       47200 kB
ShadowCallStack:   11828 kB
PageTables:        66924 kB
NFS_Unstable:          0 kB
Bounce:                0 kB
WritebackTmp:          0 kB
CommitLimit:     8679780 kB
Committed_AS:   65689540 kB
VmallocTotal:   263061440 kB
VmallocUsed:      128172 kB
VmallocChunk:          0 kB
Percpu:             6264 kB
CmaTotal:         405504 kB
CmaFree:           34308 kB
MemTotal:        7922396 kB
MemFree:          512348 kB
MemAvailable:    3554124 kB
Buffers:           73396 kB
Cached:          2335980 kB
SwapCached:         1880 kB
Active:          1836368 kB
Inactive:        2117660 kB
Active(anon):      99476 kB
Inactive(anon):  1480120 kB
Active(file):    1736892 kB
Inactive(file):   637540 kB
Unevictable:        6048 kB
Mlocked:            5608 kB
SwapTotal:       4718584 kB
SwapFree:        4562424 kB
Dirty:             13456 kB
Writeback:             0 kB
AnonPages:       1548980 kB
Mapped:           696608 kB
Shmem:             30392 kB
KReclaimable:    1057616 kB
Slab:             296820 kB
SReclaimable:      76396 kB
SUnreclaim:       220424 kB
KernelStack:       47216 kB
ShadowCallStack:   11828 kB
PageTables:        67104 kB
NFS_Unstable:          0 kB
Bounce:                0 kB
WritebackTmp:          0 kB
CommitLimit:     8679780 kB
Committed_AS:   65689540 kB
VmallocTotal:   263061440 kB
VmallocUsed:      128156 kB
VmallocChunk:          0 kB
Percpu:             6264 kB
CmaTotal:         405504 kB
CmaFree:           34308 kB
MemTotal:        7922396 kB
MemFree:          417492 kB
MemAvailable:    3332712 kB
Buffers:           73396 kB
Cached:          2336140 kB
SwapCached:         1880 kB
Active:          1836372 kB
Inactive:        2208296 kB
Active(anon):      99480 kB
Inactive(anon):  1570756 kB
Active(file):    1736892 kB
Inactive(file):   637540 kB
Unevictable:        6048 kB
Mlocked:            5608 kB
SwapTotal:       4718584 kB
SwapFree:        4562424 kB
Dirty:             13404 kB
Writeback:             0 kB
AnonPages:       1639244 kB
Mapped:           697012 kB
Shmem:             30552 kB
KReclaimable:     931060 kB
Slab:             297148 kB
SReclaimable:      76396 kB
SUnreclaim:       220752 kB
KernelStack:       47328 kB
ShadowCallStack:   11852 kB
PageTables:        67376 kB
NFS_Unstable:          0 kB
Bounce:                0 kB
WritebackTmp:          0 kB
CommitLimit:     8679780 kB
Committed_AS:   65689888 kB
VmallocTotal:   263061440 kB
VmallocUsed:      128256 kB
VmallocChunk:          0 kB
Percpu:             6264 kB
CmaTotal:         405504 kB
CmaFree:               0 kB
MemTotal:        7922396 kB
MemFree:          509672 kB
MemAvailable:    3557696 kB
Buffers:           73412 kB
Cached:          2336132 kB
SwapCached:         1880 kB
Active:          1836364 kB
Inactive:        2115424 kB
Active(anon):      99472 kB
Inactive(anon):  1477876 kB
Active(file):    1736892 kB
Inactive(file):   637548 kB
Unevictable:        6048 kB
Mlocked:            5608 kB
SwapTotal:       4718584 kB
SwapFree:        4562424 kB
Dirty:             13412 kB
Writeback:             0 kB
AnonPages:       1546752 kB
Mapped:           696852 kB
Shmem:             30552 kB
KReclaimable:    1063856 kB
Slab:             296952 kB
SReclaimable:      76380 kB
SUnreclaim:       220572 kB
KernelStack:       47200 kB
ShadowCallStack:   11844 kB
PageTables:        67028 kB
NFS_Unstable:          0 kB
Bounce:                0 kB
WritebackTmp:          0 kB
CommitLimit:     8679780 kB
Committed_AS:   65689608 kB
VmallocTotal:   263061440 kB
VmallocUsed:      128188 kB
VmallocChunk:          0 kB
Percpu:             6264 kB
CmaTotal:         405504 kB
CmaFree:           30856 kB
MemTotal:        7922396 kB
MemFree:          509596 kB
MemAvailable:    3557872 kB
Buffers:           73412 kB
Cached:          2336012 kB
SwapCached:         1880 kB
Active:          1836384 kB
Inactive:        2116196 kB
Active(anon):      99476 kB
Inactive(anon):  1478640 kB
Active(file):    1736908 kB
Inactive(file):   637556 kB
Unevictable:        6048 kB
Mlocked:            5608 kB
SwapTotal:       4718584 kB
SwapFree:        4562424 kB
Dirty:             13420 kB
Writeback:             0 kB
AnonPages:       1547400 kB
Mapped:           696576 kB
Shmem:             30408 kB
KReclaimable:    1064084 kB
Slab:             296904 kB
SReclaimable:      76396 kB
SUnreclaim:       220508 kB
KernelStack:       47232 kB
ShadowCallStack:   11832 kB
PageTables:        67172 kB
NFS_Unstable:          0 kB
Bounce:                0 kB
WritebackTmp:          0 kB
CommitLimit:     8679780 kB
Committed_AS:   65689608 kB
VmallocTotal:   263061440 kB
VmallocUsed:      128168 kB
VmallocChunk:          0 kB
Percpu:             6264 kB
CmaTotal:         405504 kB
CmaFree:           30900 kB
MemTotal:        7922396 kB
MemFree:          508836 kB
MemAvailable:    3557120 kB
Buffers:           73412 kB
Cached:          2336020 kB
SwapCached:         1880 kB
Active:          1836388 kB
Inactive:        2116552 kB
Active(anon):      99480 kB
Inactive(anon):  1478988 kB
Active(file):    1736908 kB
Inactive(file):   637564 kB
Unevictable:        6048 kB
Mlocked:            5608 kB
SwapTotal:       4718584 kB
SwapFree:        4562424 kB
Dirty:             13428 kB
Writeback:             0 kB
AnonPages:       1547772 kB
Mapped:           696604 kB
Shmem:             30408 kB
KReclaimable:    1064084 kB
Slab:             296920 kB
SReclaimable:      76396 kB
SUnreclaim:       220524 kB
KernelStack:       47216 kB
ShadowCallStack:   11836 kB
PageTables:        67192 kB
NFS_Unstable:          0 kB
Bounce:                0 kB
WritebackTmp:          0 kB
CommitLimit:     8679780 kB
Committed_AS:   65689608 kB
VmallocTotal:   263061440 kB
VmallocUsed:      128176 kB
VmallocChunk:          0 kB
Percpu:             6264 kB
CmaTotal:         405504 kB
CmaFree:           30900 kB
MemTotal:        7922396 kB
MemFree:          508864 kB
MemAvailable:    3557136 kB
Buffers:           73412 kB
Cached:          2336024 kB
SwapCached:         1880 kB
Active:          1836376 kB
Inactive:        2117468 kB
Active(anon):      99468 kB
Inactive(anon):  1479900 kB
Active(file):    1736908 kB
Inactive(file):   637568 kB
Unevictable:        6048 kB
Mlocked:            5608 kB
SwapTotal:       4718584 kB
SwapFree:        4562424 kB
Dirty:             13432 kB
Writeback:             0 kB
AnonPages:       1548728 kB
Mapped:           696484 kB
Shmem:             30408 kB
KReclaimable:    1064068 kB
Slab:             296932 kB
SReclaimable:      76396 kB
SUnreclaim:       220536 kB
KernelStack:       47216 kB
ShadowCallStack:   11828 kB
PageTables:        67224 kB
NFS_Unstable:          0 kB
Bounce:                0 kB
WritebackTmp:          0 kB
CommitLimit:     8679780 kB
Committed_AS:   65689608 kB
VmallocTotal:   263061440 kB
VmallocUsed:      128192 kB
VmallocChunk:          0 kB
Percpu:             6264 kB
CmaTotal:         405504 kB
CmaFree:           30900 kB
MemTotal:        7922396 kB
MemFree:          505304 kB
MemAvailable:    3553600 kB
Buffers:           73412 kB
Cached:          2336064 kB
SwapCached:         1880 kB
Active:          1836384 kB
Inactive:        2121492 kB
Active(anon):      99476 kB
Inactive(anon):  1483912 kB
Active(file):    1736908 kB
Inactive(file):   637580 kB
Unevictable:        6048 kB
Mlocked:            5608 kB
SwapTotal:       4718584 kB
SwapFree:        4562424 kB
Dirty:             13444 kB
Writeback:             0 kB
AnonPages:       1552632 kB
Mapped:           696820 kB
Shmem:             30436 kB
KReclaimable:    1064080 kB
Slab:             296944 kB
SReclaimable:      76396 kB
SUnreclaim:       220548 kB
KernelStack:       47232 kB
ShadowCallStack:   11832 kB
PageTables:        67196 kB
NFS_Unstable:          0 kB
Bounce:                0 kB
WritebackTmp:          0 kB
CommitLimit:     8679780 kB
Committed_AS:   65689644 kB
VmallocTotal:   263061440 kB
VmallocUsed:      128204 kB
VmallocChunk:          0 kB
Percpu:             6264 kB
CmaTotal:         405504 kB
CmaFree:           30900 kB
MemTotal:        7922396 kB
MemFree:          502656 kB
MemAvailable:    3550980 kB
Buffers:           73420 kB
Cached:          2336084 kB
SwapCached:         1880 kB
Active:          1836388 kB
Inactive:        2123364 kB
Active(anon):      99476 kB
Inactive(anon):  1485776 kB
Active(file):    1736912 kB
Inactive(file):   637588 kB
Unevictable:        6048 kB
Mlocked:            5608 kB
SwapTotal:       4718584 kB
SwapFree:        4562424 kB
Dirty:             13452 kB
Writeback:             0 kB
AnonPages:       1554388 kB
Mapped:           697128 kB
Shmem:             30452 kB
KReclaimable:    1064096 kB
Slab:             296948 kB
SReclaimable:      76412 kB
SUnreclaim:       220536 kB
KernelStack:       47264 kB
ShadowCallStack:   11844 kB
PageTables:        67188 kB
NFS_Unstable:          0 kB
Bounce:                0 kB
WritebackTmp:          0 kB
CommitLimit:     8679780 kB
Committed_AS:   65689668 kB
VmallocTotal:   263061440 kB
VmallocUsed:      128160 kB
VmallocChunk:          0 kB
Percpu:             6264 kB
CmaTotal:         405504 kB
CmaFree:           30900 kB
MemTotal:        7922396 kB
MemFree:          502968 kB
MemAvailable:    3551320 kB
Buffers:           73420 kB
Cached:          2336096 kB
SwapCached:         1880 kB
Active:          1836392 kB
Inactive:        2123796 kB
Active(anon):      99476 kB
Inactive(anon):  1486200 kB
Active(file):    1736916 kB
Inactive(file):   637596 kB
Unevictable:        6048 kB
Mlocked:            5608 kB
SwapTotal:       4718584 kB
SwapFree:        4562424 kB
Dirty:             13460 kB
Writeback:             0 kB
AnonPages:       1555012 kB
Mapped:           697156 kB
Shmem:             30452 kB
KReclaimable:    1064112 kB
Slab:             296844 kB
SReclaimable:      76428 kB
SUnreclaim:       220416 kB
KernelStack:       47232 kB
ShadowCallStack:   11832 kB
PageTables:        67228 kB
NFS_Unstable:          0 kB
Bounce:                0 kB
WritebackTmp:          0 kB
CommitLimit:     8679780 kB
Committed_AS:   65689668 kB
VmallocTotal:   263061440 kB
VmallocUsed:      128156 kB
VmallocChunk:          0 kB
Percpu:             6264 kB
CmaTotal:         405504 kB
CmaFree:           30900 kB
MemTotal:        7922396 kB
MemFree:          501036 kB
MemAvailable:    3549380 kB
Buffers:           73420 kB
Cached:          2336104 kB
SwapCached:         1880 kB
Active:          1836392 kB
Inactive:        2124396 kB
Active(anon):      99476 kB
Inactive(anon):  1486792 kB
Active(file):    1736916 kB
Inactive(file):   637604 kB
Unevictable:        6048 kB
Mlocked:            5608 kB
SwapTotal:       4718584 kB
SwapFree:        4562424 kB
Dirty:             13468 kB
Writeback:             0 kB
AnonPages:       1555528 kB
Mapped:           697152 kB
Shmem:             30452 kB
KReclaimable:    1064096 kB
Slab:             296836 kB
SReclaimable:      76412 kB
SUnreclaim:       220424 kB
KernelStack:       47216 kB
ShadowCallStack:   11824 kB
PageTables:        67272 kB
NFS_Unstable:          0 kB
Bounce:                0 kB
WritebackTmp:          0 kB
CommitLimit:     8679780 kB
Committed_AS:   65689668 kB
VmallocTotal:   263061440 kB
VmallocUsed:      128156 kB
VmallocChunk:          0 kB
Percpu:             6264 kB
CmaTotal:         405504 kB
CmaFree:           30900 kB
MemTotal:        7922396 kB
MemFree:          500188 kB
MemAvailable:    3548548 kB
Buffers:           73420 kB
Cached:          2336120 kB
SwapCached:         1880 kB
Active:          1836392 kB
Inactive:        2125144 kB
Active(anon):      99476 kB
Inactive(anon):  1487524 kB
Active(file):    1736916 kB
Inactive(file):   637620 kB
Unevictable:        6048 kB
Mlocked:            5608 kB
SwapTotal:       4718584 kB
SwapFree:        4562424 kB
Dirty:             13484 kB
Writeback:             0 kB
AnonPages:       1556288 kB
Mapped:           697064 kB
Shmem:             30452 kB
KReclaimable:    1064096 kB
Slab:             296860 kB
SReclaimable:      76412 kB
SUnreclaim:       220448 kB
KernelStack:       47200 kB
ShadowCallStack:   11832 kB
PageTables:        67260 kB
NFS_Unstable:          0 kB
Bounce:                0 kB
WritebackTmp:          0 kB
CommitLimit:     8679780 kB
Committed_AS:   65689672 kB
VmallocTotal:   263061440 kB
VmallocUsed:      128192 kB
VmallocChunk:          0 kB
Percpu:             6264 kB
CmaTotal:         405504 kB
CmaFree:           30900 kB
MemTotal:        7922396 kB
MemFree:          500944 kB
MemAvailable:    3549308 kB
Buffers:           73424 kB
Cached:          2336120 kB
SwapCached:         1880 kB
Active:          1836384 kB
Inactive:        2125920 kB
Active(anon):      99468 kB
Inactive(anon):  1488296 kB
Active(file):    1736916 kB
Inactive(file):   637624 kB
Unevictable:        6048 kB
Mlocked:            5608 kB
SwapTotal:       4718584 kB
SwapFree:        4562424 kB
Dirty:              1248 kB
Writeback:             0 kB
AnonPages:       1557092 kB
Mapped:           697092 kB
Shmem:             30452 kB
KReclaimable:    1064096 kB
Slab:             296872 kB
SReclaimable:      76412 kB
SUnreclaim:       220460 kB
KernelStack:       47232 kB
ShadowCallStack:   11820 kB
PageTables:        67248 kB
NFS_Unstable:          0 kB
Bounce:                0 kB
WritebackTmp:          0 kB
CommitLimit:     8679780 kB
Committed_AS:   65689672 kB
VmallocTotal:   263061440 kB
VmallocUsed:      128208 kB
VmallocChunk:          0 kB
Percpu:             6264 kB
CmaTotal:         405504 kB
CmaFree:           30900 kB
MemTotal:        7922396 kB
MemFree:          501260 kB
MemAvailable:    3549636 kB
Buffers:           73424 kB
Cached:          2336132 kB
SwapCached:         1880 kB
Active:          1836392 kB
Inactive:        2125000 kB
Active(anon):      99472 kB
Inactive(anon):  1487368 kB
Active(file):    1736920 kB
Inactive(file):   637632 kB
Unevictable:        6048 kB
Mlocked:            5608 kB
SwapTotal:       4718584 kB
SwapFree:        4562424 kB
Dirty:              1192 kB
Writeback:             0 kB
AnonPages:       1556244 kB
Mapped:           697116 kB
Shmem:             30452 kB
KReclaimable:    1064096 kB
Slab:             296896 kB
SReclaimable:      76412 kB
SUnreclaim:       220484 kB
KernelStack:       47232 kB
ShadowCallStack:   11828 kB
PageTables:        67308 kB
NFS_Unstable:          0 kB
Bounce:                0 kB
WritebackTmp:          0 kB
CommitLimit:     8679780 kB
Committed_AS:   65689672 kB
VmallocTotal:   263061440 kB
VmallocUsed:      128188 kB
VmallocChunk:          0 kB
Percpu:             6264 kB
CmaTotal:         405504 kB
CmaFree:           30900 kB
MemTotal:        7922396 kB
MemFree:          498328 kB
MemAvailable:    3546760 kB
Buffers:           73448 kB
Cached:          2336148 kB
SwapCached:         1880 kB
Active:          1836428 kB
Inactive:        2128076 kB
Active(anon):      99484 kB
Inactive(anon):  1490432 kB
Active(file):    1736944 kB
Inactive(file):   637644 kB
Unevictable:        6048 kB
Mlocked:            5608 kB
SwapTotal:       4718584 kB
SwapFree:        4562424 kB
Dirty:              1208 kB
Writeback:             0 kB
AnonPages:       1559036 kB
Mapped:           697168 kB
Shmem:             30456 kB
KReclaimable:    1064116 kB
Slab:             296832 kB
SReclaimable:      76432 kB
SUnreclaim:       220400 kB
KernelStack:       47264 kB
ShadowCallStack:   11832 kB
PageTables:        67220 kB
NFS_Unstable:          0 kB
Bounce:                0 kB
WritebackTmp:          0 kB
CommitLimit:     8679780 kB
Committed_AS:   65689672 kB
VmallocTotal:   263061440 kB
VmallocUsed:      128188 kB
VmallocChunk:          0 kB
Percpu:             6264 kB
CmaTotal:         405504 kB
CmaFree:           30900 kB
MemTotal:        7922396 kB
MemFree:          497760 kB
MemAvailable:    3546200 kB
Buffers:           73448 kB
Cached:          2336156 kB
SwapCached:         1880 kB
Active:          1836408 kB
Inactive:        2128200 kB
Active(anon):      99464 kB
Inactive(anon):  1490548 kB
Active(file):    1736944 kB
Inactive(file):   637652 kB
Unevictable:        6048 kB
Mlocked:            5608 kB
SwapTotal:       4718584 kB
SwapFree:        4562424 kB
Dirty:              1216 kB
Writeback:             0 kB
AnonPages:       1559240 kB
Mapped:           697220 kB
Shmem:             30456 kB
KReclaimable:    1064116 kB
Slab:             296816 kB
SReclaimable:      76432 kB
SUnreclaim:       220384 kB
KernelStack:       47232 kB
ShadowCallStack:   11828 kB
PageTables:        67256 kB
NFS_Unstable:          0 kB
Bounce:                0 kB
WritebackTmp:          0 kB
CommitLimit:     8679780 kB
Committed_AS:   65689672 kB
VmallocTotal:   263061440 kB
VmallocUsed:      128172 kB
VmallocChunk:          0 kB
Percpu:             6264 kB
CmaTotal:         405504 kB
CmaFree:           30900 kB
MemTotal:        7922396 kB
MemFree:          497568 kB
MemAvailable:    3546020 kB
Buffers:           73456 kB
Cached:          2336160 kB
SwapCached:         1880 kB
Active:          1836428 kB
Inactive:        2127828 kB
Active(anon):      99476 kB
Inactive(anon):  1490172 kB
Active(file):    1736952 kB
Inactive(file):   637656 kB
Unevictable:        6048 kB
Mlocked:            5608 kB
SwapTotal:       4718584 kB
SwapFree:        4562424 kB
Dirty:              1272 kB
Writeback:             0 kB
AnonPages:       1558880 kB
Mapped:           697288 kB
Shmem:             30456 kB
KReclaimable:    1064116 kB
Slab:             296848 kB
SReclaimable:      76432 kB
SUnreclaim:       220416 kB
KernelStack:       47232 kB
ShadowCallStack:   11832 kB
PageTables:        67200 kB
NFS_Unstable:          0 kB
Bounce:                0 kB
WritebackTmp:          0 kB
CommitLimit:     8679780 kB
Committed_AS:   65689672 kB
VmallocTotal:   263061440 kB
VmallocUsed:      128200 kB
VmallocChunk:          0 kB
Percpu:             6264 kB
CmaTotal:         405504 kB
CmaFree:           30900 kB
MemTotal:        7922396 kB
MemFree:          497800 kB
MemAvailable:    3546260 kB
Buffers:           73456 kB
Cached:          2336168 kB
SwapCached:         1880 kB
Active:          1836428 kB
Inactive:        2128428 kB
Active(anon):      99476 kB
Inactive(anon):  1490764 kB
Active(file):    1736952 kB
Inactive(file):   637664 kB
Unevictable:        6048 kB
Mlocked:            5608 kB
SwapTotal:       4718584 kB
SwapFree:        4562424 kB
Dirty:               160 kB
Writeback:             0 kB
AnonPages:       1559508 kB
Mapped:           697132 kB
Shmem:             30456 kB
KReclaimable:    1064116 kB
Slab:             296732 kB
SReclaimable:      76432 kB
SUnreclaim:       220300 kB
KernelStack:       47232 kB
ShadowCallStack:   11832 kB
PageTables:        67196 kB
NFS_Unstable:          0 kB
Bounce:                0 kB
WritebackTmp:          0 kB
CommitLimit:     8679780 kB
Committed_AS:   65689672 kB
VmallocTotal:   263061440 kB
VmallocUsed:      128172 kB
VmallocChunk:          0 kB
Percpu:             6264 kB
CmaTotal:         405504 kB
CmaFree:           30900 kB
MemTotal:        7922396 kB
MemFree:          492952 kB
MemAvailable:    3541420 kB
Buffers:           73456 kB
Cached:          2336180 kB
SwapCached:         1880 kB
Active:          1836428 kB
Inactive:        2132024 kB
Active(anon):      99476 kB
Inactive(anon):  1494352 kB
Active(file):    1736952 kB
Inactive(file):   637672 kB
Unevictable:        6048 kB
Mlocked:            5608 kB
SwapTotal:       4718584 kB
SwapFree:        4562424 kB
Dirty:               208 kB
Writeback:             0 kB
AnonPages:       1563124 kB
Mapped:           697264 kB
Shmem:             30460 kB
KReclaimable:    1064116 kB
Slab:             296796 kB
SReclaimable:      76432 kB
SUnreclaim:       220364 kB
KernelStack:       47216 kB
ShadowCallStack:   11828 kB
PageTables:        67220 kB
NFS_Unstable:          0 kB
Bounce:                0 kB
WritebackTmp:          0 kB
CommitLimit:     8679780 kB
Committed_AS:   65689676 kB
VmallocTotal:   263061440 kB
VmallocUsed:      128192 kB
VmallocChunk:          0 kB
Percpu:             6264 kB
CmaTotal:         405504 kB
CmaFree:           30900 kB
MemTotal:        7922396 kB
MemFree:          493408 kB
MemAvailable:    3541888 kB
Buffers:           73464 kB
Cached:          2336184 kB
SwapCached:         1880 kB
Active:          1836436 kB
Inactive:        2132588 kB
Active(anon):      99476 kB
Inactive(anon):  1494912 kB
Active(file):    1736960 kB
Inactive(file):   637676 kB
Unevictable:        6048 kB
Mlocked:            5608 kB
SwapTotal:       4718584 kB
SwapFree:        4562424 kB
Dirty:               260 kB
Writeback:             0 kB
AnonPages:       1563564 kB
Mapped:           697148 kB
Shmem:             30460 kB
KReclaimable:    1064116 kB
Slab:             296704 kB
SReclaimable:      76432 kB
SUnreclaim:       220272 kB
KernelStack:       47184 kB
ShadowCallStack:   11832 kB
PageTables:        67348 kB
NFS_Unstable:          0 kB
Bounce:                0 kB
WritebackTmp:          0 kB
CommitLimit:     8679780 kB
Committed_AS:   65689676 kB
VmallocTotal:   263061440 kB
VmallocUsed:      128172 kB
VmallocChunk:          0 kB
Percpu:             6264 kB
CmaTotal:         405504 kB
CmaFree:           30900 kB
MemTotal:        7922396 kB
MemFree:          493736 kB
MemAvailable:    3542228 kB
Buffers:           73464 kB
Cached:          2336196 kB
SwapCached:         1880 kB
Active:          1836432 kB
Inactive:        2132688 kB
Active(anon):      99472 kB
Inactive(anon):  1495000 kB
Active(file):    1736960 kB
Inactive(file):   637688 kB
Unevictable:        6048 kB
Mlocked:            5608 kB
SwapTotal:       4718584 kB
SwapFree:        4562424 kB
Dirty:               276 kB
Writeback:             0 kB
AnonPages:       1563844 kB
Mapped:           697152 kB
Shmem:             30460 kB
KReclaimable:    1064116 kB
Slab:             296692 kB
SReclaimable:      76432 kB
SUnreclaim:       220260 kB
KernelStack:       47232 kB
ShadowCallStack:   11832 kB
PageTables:        67240 kB
NFS_Unstable:          0 kB
Bounce:                0 kB
WritebackTmp:          0 kB
CommitLimit:     8679780 kB
Committed_AS:   65689680 kB
VmallocTotal:   263061440 kB
VmallocUsed:      128172 kB
VmallocChunk:          0 kB
Percpu:             6264 kB
CmaTotal:         405504 kB
CmaFree:           30900 kB
MemTotal:        7922396 kB
MemFree:          492600 kB
MemAvailable:    3541080 kB
Buffers:           73464 kB
Cached:          2336200 kB
SwapCached:         1880 kB
Active:          1836440 kB
Inactive:        2132024 kB
Active(anon):      99480 kB
Inactive(anon):  1494332 kB
Active(file):    1736960 kB
Inactive(file):   637692 kB
Unevictable:        6048 kB
Mlocked:            5608 kB
SwapTotal:       4718584 kB
SwapFree:        4562424 kB
Dirty:               288 kB
Writeback:             0 kB
AnonPages:       1562836 kB
Mapped:           697032 kB
Shmem:             30460 kB
KReclaimable:    1064100 kB
Slab:             296680 kB
SReclaimable:      76416 kB
SUnreclaim:       220264 kB
KernelStack:       47216 kB
ShadowCallStack:   11816 kB
PageTables:        67360 kB
NFS_Unstable:          0 kB
Bounce:                0 kB
WritebackTmp:          0 kB
CommitLimit:     8679780 kB
Committed_AS:   65689676 kB
VmallocTotal:   263061440 kB
VmallocUsed:      128172 kB
VmallocChunk:          0 kB
Percpu:             6264 kB
CmaTotal:         405504 kB
CmaFree:           30900 kB
MemTotal:        7922396 kB
MemFree:          495144 kB
MemAvailable:    3543648 kB
Buffers:           73464 kB
Cached:          2336216 kB
SwapCached:         1880 kB
Active:          1836432 kB
Inactive:        2131224 kB
Active(anon):      99472 kB
Inactive(anon):  1493512 kB
Active(file):    1736960 kB
Inactive(file):   637712 kB
Unevictable:        6048 kB
Mlocked:            5608 kB
SwapTotal:       4718584 kB
SwapFree:        4562424 kB
Dirty:               296 kB
Writeback:             0 kB
AnonPages:       1562320 kB
Mapped:           697332 kB
Shmem:             30460 kB
KReclaimable:    1064104 kB
Slab:             296748 kB
SReclaimable:      76420 kB
SUnreclaim:       220328 kB
KernelStack:       47232 kB
ShadowCallStack:   11832 kB
PageTables:        67216 kB
NFS_Unstable:          0 kB
Bounce:                0 kB
WritebackTmp:          0 kB
CommitLimit:     8679780 kB
Committed_AS:   65689676 kB
VmallocTotal:   263061440 kB
VmallocUsed:      128172 kB
VmallocChunk:          0 kB
Percpu:             6264 kB
CmaTotal:         405504 kB
CmaFree:           30900 kB
MemTotal:        7922396 kB
MemFree:          406820 kB
MemAvailable:    3323164 kB
Buffers:           73464 kB
Cached:          2336292 kB
SwapCached:         1880 kB
Active:          1836444 kB
Inactive:        2220016 kB
Active(anon):      99484 kB
Inactive(anon):  1582296 kB
Active(file):    1736960 kB
Inactive(file):   637720 kB
Unevictable:        6048 kB
Mlocked:            5608 kB
SwapTotal:       4718584 kB
SwapFree:        4562424 kB
Dirty:               312 kB
Writeback:             0 kB
AnonPages:       1650872 kB
Mapped:           697632 kB
Shmem:             30524 kB
KReclaimable:     931936 kB
Slab:             296812 kB
SReclaimable:      76452 kB
SUnreclaim:       220360 kB
KernelStack:       47312 kB
ShadowCallStack:   11856 kB
PageTables:        67160 kB
NFS_Unstable:          0 kB
Bounce:                0 kB
WritebackTmp:          0 kB
CommitLimit:     8679780 kB
Committed_AS:   65690056 kB
VmallocTotal:   263061440 kB
VmallocUsed:      128288 kB
VmallocChunk:          0 kB
Percpu:             6264 kB
CmaTotal:         405504 kB
CmaFree:               0 kB
MemTotal:        7922396 kB
MemFree:          490876 kB
MemAvailable:    3539352 kB
Buffers:           73488 kB
Cached:          2336232 kB
SwapCached:         1880 kB
Active:          1836456 kB
Inactive:        2133832 kB
Active(anon):      99472 kB
Inactive(anon):  1496108 kB
Active(file):    1736984 kB
Inactive(file):   637724 kB
Unevictable:        6048 kB
Mlocked:            5608 kB
SwapTotal:       4718584 kB
SwapFree:        4562424 kB
Dirty:               428 kB
Writeback:             0 kB
AnonPages:       1564864 kB
Mapped:           697208 kB
Shmem:             30460 kB
KReclaimable:    1064040 kB
Slab:             296912 kB
SReclaimable:      76456 kB
SUnreclaim:       220456 kB
KernelStack:       47232 kB
ShadowCallStack:   11828 kB
PageTables:        67236 kB
NFS_Unstable:          0 kB
Bounce:                0 kB
WritebackTmp:          0 kB
CommitLimit:     8679780 kB
Committed_AS:   65689700 kB
VmallocTotal:   263061440 kB
VmallocUsed:      128176 kB
VmallocChunk:          0 kB
Percpu:             6264 kB
CmaTotal:         405504 kB
CmaFree:           29824 kB
MemTotal:        7922396 kB
MemFree:          490340 kB
MemAvailable:    3538928 kB
Buffers:           73488 kB
Cached:          2336244 kB
SwapCached:         1880 kB
Active:          1836436 kB
Inactive:        2134108 kB
Active(anon):      99452 kB
Inactive(anon):  1496372 kB
Active(file):    1736984 kB
Inactive(file):   637736 kB
Unevictable:        6048 kB
Mlocked:            5608 kB
SwapTotal:       4718584 kB
SwapFree:        4562424 kB
Dirty:               444 kB
Writeback:             0 kB
AnonPages:       1565136 kB
Mapped:           697264 kB
Shmem:             30460 kB
KReclaimable:    1064140 kB
Slab:             296844 kB
SReclaimable:      76456 kB
SUnreclaim:       220388 kB
KernelStack:       47184 kB
ShadowCallStack:   11820 kB
PageTables:        67072 kB
NFS_Unstable:          0 kB
Bounce:                0 kB
WritebackTmp:          0 kB
CommitLimit:     8679780 kB
Committed_AS:   65689676 kB
VmallocTotal:   263061440 kB
VmallocUsed:      128160 kB
VmallocChunk:          0 kB
Percpu:             6264 kB
CmaTotal:         405504 kB
CmaFree:           29840 kB
MemTotal:        7922396 kB
MemFree:          490140 kB
MemAvailable:    3538752 kB
Buffers:           73488 kB
Cached:          2336252 kB
SwapCached:         1880 kB
Active:          1836452 kB
Inactive:        2134608 kB
Active(anon):      99468 kB
Inactive(anon):  1496864 kB
Active(file):    1736984 kB
Inactive(file):   637744 kB
Unevictable:        6048 kB
Mlocked:            5608 kB
SwapTotal:       4718584 kB
SwapFree:        4562424 kB
Dirty:               452 kB
Writeback:             0 kB
AnonPages:       1565396 kB
Mapped:           697148 kB
Shmem:             30460 kB
KReclaimable:    1064156 kB
Slab:             296832 kB
SReclaimable:      76472 kB
SUnreclaim:       220360 kB
KernelStack:       47184 kB
ShadowCallStack:   11824 kB
PageTables:        67308 kB
NFS_Unstable:          0 kB
Bounce:                0 kB
WritebackTmp:          0 kB
CommitLimit:     8679780 kB
Committed_AS:   65689680 kB
VmallocTotal:   263061440 kB
VmallocUsed:      128192 kB
VmallocChunk:          0 kB
Percpu:             6264 kB
CmaTotal:         405504 kB
CmaFree:           29824 kB
MemTotal:        7922396 kB
MemFree:          488388 kB
MemAvailable:    3537028 kB
Buffers:           73488 kB
Cached:          2336272 kB
SwapCached:         1880 kB
Active:          1836456 kB
Inactive:        2136996 kB
Active(anon):      99472 kB
Inactive(anon):  1499240 kB
Active(file):    1736984 kB
Inactive(file):   637756 kB
Unevictable:        6048 kB
Mlocked:            5608 kB
SwapTotal:       4718584 kB
SwapFree:        4562424 kB
Dirty:               464 kB
Writeback:             0 kB
AnonPages:       1567744 kB
Mapped:           697184 kB
Shmem:             30468 kB
KReclaimable:    1064172 kB
Slab:             296812 kB
SReclaimable:      76488 kB
SUnreclaim:       220324 kB
KernelStack:       47184 kB
ShadowCallStack:   11832 kB
PageTables:        67360 kB
NFS_Unstable:          0 kB
Bounce:                0 kB
WritebackTmp:          0 kB
CommitLimit:     8679780 kB
Committed_AS:   65689684 kB
VmallocTotal:   263061440 kB
VmallocUsed:      128184 kB
VmallocChunk:          0 kB
Percpu:             6264 kB
CmaTotal:         405504 kB
CmaFree:           29824 kB
MemTotal:        7922396 kB
MemFree:          487496 kB
MemAvailable:    3536104 kB
Buffers:           73488 kB
Cached:          2336276 kB
SwapCached:         1880 kB
Active:          1836452 kB
Inactive:        2136800 kB
Active(anon):      99468 kB
Inactive(anon):  1499040 kB
Active(file):    1736984 kB
Inactive(file):   637760 kB
Unevictable:        6048 kB
Mlocked:            5608 kB
SwapTotal:       4718584 kB
SwapFree:        4562424 kB
Dirty:               468 kB
Writeback:             0 kB
AnonPages:       1567744 kB
Mapped:           697192 kB
Shmem:             30468 kB
KReclaimable:    1064136 kB
Slab:             296772 kB
SReclaimable:      76472 kB
SUnreclaim:       220300 kB
KernelStack:       47248 kB
ShadowCallStack:   11824 kB
PageTables:        67232 kB
NFS_Unstable:          0 kB
Bounce:                0 kB
WritebackTmp:          0 kB
CommitLimit:     8679780 kB
Committed_AS:   65691412 kB
VmallocTotal:   263061440 kB
VmallocUsed:      128224 kB
VmallocChunk:          0 kB
Percpu:             6264 kB
CmaTotal:         405504 kB
CmaFree:           29824 kB
MemTotal:        7922396 kB
MemFree:          489748 kB
MemAvailable:    3538372 kB
Buffers:           73496 kB
Cached:          2336284 kB
SwapCached:         1880 kB
Active:          1836464 kB
Inactive:        2137016 kB
Active(anon):      99472 kB
Inactive(anon):  1499248 kB
Active(file):    1736992 kB
Inactive(file):   637768 kB
Unevictable:        6048 kB
Mlocked:            5608 kB
SwapTotal:       4718584 kB
SwapFree:        4562424 kB
Dirty:               484 kB
Writeback:             0 kB
AnonPages:       1568064 kB
Mapped:           697192 kB
Shmem:             30468 kB
KReclaimable:    1064136 kB
Slab:             296736 kB
SReclaimable:      76472 kB
SUnreclaim:       220264 kB
KernelStack:       47232 kB
ShadowCallStack:   11828 kB
PageTables:        67240 kB
NFS_Unstable:          0 kB
Bounce:                0 kB
WritebackTmp:          0 kB
CommitLimit:     8679780 kB
Committed_AS:   65691412 kB
VmallocTotal:   263061440 kB
VmallocUsed:      128188 kB
VmallocChunk:          0 kB
Percpu:             6264 kB
CmaTotal:         405504 kB
CmaFree:           29828 kB
MemTotal:        7922396 kB
MemFree:          488720 kB
MemAvailable:    3537352 kB
Buffers:           73496 kB
Cached:          2336292 kB
SwapCached:         1880 kB
Active:          1836468 kB
Inactive:        2137496 kB
Active(anon):      99476 kB
Inactive(anon):  1499720 kB
Active(file):    1736992 kB
Inactive(file):   637776 kB
Unevictable:        6048 kB
Mlocked:            5608 kB
SwapTotal:       4718584 kB
SwapFree:        4562424 kB
Dirty:               492 kB
Writeback:             0 kB
AnonPages:       1568504 kB
Mapped:           697220 kB
Shmem:             30468 kB
KReclaimable:    1064136 kB
Slab:             296828 kB
SReclaimable:      76472 kB
SUnreclaim:       220356 kB
KernelStack:       47232 kB
ShadowCallStack:   11832 kB
PageTables:        67244 kB
NFS_Unstable:          0 kB
Bounce:                0 kB
WritebackTmp:          0 kB
CommitLimit:     8679780 kB
Committed_AS:   65691412 kB
VmallocTotal:   263061440 kB
VmallocUsed:      128192 kB
VmallocChunk:          0 kB
Percpu:             6264 kB
CmaTotal:         405504 kB
CmaFree:           29824 kB
MemTotal:        7922396 kB
MemFree:          488156 kB
MemAvailable:    3536804 kB
Buffers:           73504 kB
Cached:          2336300 kB
SwapCached:         1880 kB
Active:          1836480 kB
Inactive:        2137128 kB
Active(anon):      99480 kB
Inactive(anon):  1499344 kB
Active(file):    1737000 kB
Inactive(file):   637784 kB
Unevictable:        6048 kB
Mlocked:            5608 kB
SwapTotal:       4718584 kB
SwapFree:        4562424 kB
Dirty:               500 kB
Writeback:             0 kB
AnonPages:       1568200 kB
Mapped:           697364 kB
Shmem:             30468 kB
KReclaimable:    1064136 kB
Slab:             296780 kB
SReclaimable:      76472 kB
SUnreclaim:       220308 kB
KernelStack:       47232 kB
ShadowCallStack:   11828 kB
PageTables:        67268 kB
NFS_Unstable:          0 kB
Bounce:                0 kB
WritebackTmp:          0 kB
CommitLimit:     8679780 kB
Committed_AS:   65691412 kB
VmallocTotal:   263061440 kB
VmallocUsed:      128204 kB
VmallocChunk:          0 kB
Percpu:             6264 kB
CmaTotal:         405504 kB
CmaFree:           29824 kB
MemTotal:        7922396 kB
MemFree:          489564 kB
MemAvailable:    3538172 kB
Buffers:           73504 kB
Cached:          2336308 kB
SwapCached:         1880 kB
Active:          1836472 kB
Inactive:        2135568 kB
Active(anon):      99472 kB
Inactive(anon):  1497776 kB
Active(file):    1737000 kB
Inactive(file):   637792 kB
Unevictable:        6048 kB
Mlocked:            5608 kB
SwapTotal:       4718584 kB
SwapFree:        4562424 kB
Dirty:               508 kB
Writeback:             0 kB
AnonPages:       1566744 kB
Mapped:           697232 kB
Shmem:             30468 kB
KReclaimable:    1064088 kB
Slab:             296724 kB
SReclaimable:      76424 kB
SUnreclaim:       220300 kB
KernelStack:       47168 kB
ShadowCallStack:   11820 kB
PageTables:        67268 kB
NFS_Unstable:          0 kB
Bounce:                0 kB
WritebackTmp:          0 kB
CommitLimit:     8679780 kB
Committed_AS:   65689512 kB
VmallocTotal:   263061440 kB
VmallocUsed:      128136 kB
VmallocChunk:          0 kB
Percpu:             6264 kB
CmaTotal:         405504 kB
CmaFree:           29824 kB
MemTotal:        7922396 kB
MemFree:          490452 kB
MemAvailable:    3539068 kB
Buffers:           73504 kB
Cached:          2336316 kB
SwapCached:         1880 kB
Active:          1836468 kB
Inactive:        2135344 kB
Active(anon):      99468 kB
Inactive(anon):  1497544 kB
Active(file):    1737000 kB
Inactive(file):   637800 kB
Unevictable:        6048 kB
Mlocked:            5608 kB
SwapTotal:       4718584 kB
SwapFree:        4562424 kB
Dirty:               516 kB
Writeback:             0 kB
AnonPages:       1566228 kB
Mapped:           697364 kB
Shmem:             30468 kB
KReclaimable:    1064088 kB
Slab:             296712 kB
SReclaimable:      76424 kB
SUnreclaim:       220288 kB
KernelStack:       47200 kB
ShadowCallStack:   11824 kB
PageTables:        67308 kB
NFS_Unstable:          0 kB
Bounce:                0 kB
WritebackTmp:          0 kB
CommitLimit:     8679780 kB
Committed_AS:   65689000 kB
VmallocTotal:   263061440 kB
VmallocUsed:      128164 kB
VmallocChunk:          0 kB
Percpu:             6264 kB
CmaTotal:         405504 kB
CmaFree:           29824 kB
MemTotal:        7922396 kB
MemFree:          505196 kB
MemAvailable:    3553860 kB
Buffers:           73512 kB
Cached:          2336324 kB
SwapCached:         1880 kB
Active:          1836476 kB
Inactive:        2119140 kB
Active(anon):      99464 kB
Inactive(anon):  1481336 kB
Active(file):    1737012 kB
Inactive(file):   637804 kB
Unevictable:        6048 kB
Mlocked:            5608 kB
SwapTotal:       4718584 kB
SwapFree:        4562424 kB
Dirty:               524 kB
Writeback:             0 kB
AnonPages:       1550080 kB
Mapped:           694240 kB
Shmem:             30468 kB
KReclaimable:    1064120 kB
Slab:             296740 kB
SReclaimable:      76456 kB
SUnreclaim:       220284 kB
KernelStack:       47216 kB
ShadowCallStack:   11824 kB
PageTables:        67228 kB
NFS_Unstable:          0 kB
Bounce:                0 kB
WritebackTmp:          0 kB
CommitLimit:     8679780 kB
Committed_AS:   65689000 kB
VmallocTotal:   263061440 kB
VmallocUsed:      128184 kB
VmallocChunk:          0 kB
Percpu:             6264 kB
CmaTotal:         405504 kB
CmaFree:           29896 kB
MemTotal:        7922396 kB
MemFree:          504428 kB
MemAvailable:    3553132 kB
Buffers:           73528 kB
Cached:          2336332 kB
SwapCached:         1880 kB
Active:          1836500 kB
Inactive:        2120620 kB
Active(anon):      99472 kB
Inactive(anon):  1482808 kB
Active(file):    1737028 kB
Inactive(file):   637812 kB
Unevictable:        6048 kB
Mlocked:            5608 kB
SwapTotal:       4718584 kB
SwapFree:        4562424 kB
Dirty:               532 kB
Writeback:             0 kB
AnonPages:       1551480 kB
Mapped:           694260 kB
Shmem:             30468 kB
KReclaimable:    1064136 kB
Slab:             296788 kB
SReclaimable:      76472 kB
SUnreclaim:       220316 kB
KernelStack:       47216 kB
ShadowCallStack:   11828 kB
PageTables:        67176 kB
NFS_Unstable:          0 kB
Bounce:                0 kB
WritebackTmp:          0 kB
CommitLimit:     8679780 kB
Committed_AS:   65689000 kB
VmallocTotal:   263061440 kB
VmallocUsed:      128164 kB
VmallocChunk:          0 kB
Percpu:             6264 kB
CmaTotal:         405504 kB
CmaFree:           30180 kB
MemTotal:        7922396 kB
MemFree:          503336 kB
MemAvailable:    3552068 kB
Buffers:           73528 kB
Cached:          2336340 kB
SwapCached:         1880 kB
Active:          1836504 kB
Inactive:        2121080 kB
Active(anon):      99476 kB
Inactive(anon):  1483260 kB
Active(file):    1737028 kB
Inactive(file):   637820 kB
Unevictable:        6048 kB
Mlocked:            5608 kB
SwapTotal:       4718584 kB
SwapFree:        4562424 kB
Dirty:               540 kB
Writeback:             0 kB
AnonPages:       1551908 kB
Mapped:           694268 kB
Shmem:             30468 kB
KReclaimable:    1064156 kB
Slab:             296764 kB
SReclaimable:      76492 kB
SUnreclaim:       220272 kB
KernelStack:       47200 kB
ShadowCallStack:   11820 kB
PageTables:        67272 kB
NFS_Unstable:          0 kB
Bounce:                0 kB
WritebackTmp:          0 kB
CommitLimit:     8679780 kB
Committed_AS:   65689004 kB
VmallocTotal:   263061440 kB
VmallocUsed:      128188 kB
VmallocChunk:          0 kB
Percpu:             6264 kB
CmaTotal:         405504 kB
CmaFree:           30308 kB
MemTotal:        7922396 kB
MemFree:          502928 kB
MemAvailable:    3551668 kB
Buffers:           73528 kB
Cached:          2336348 kB
SwapCached:         1880 kB
Active:          1836504 kB
Inactive:        2121324 kB
Active(anon):      99476 kB
Inactive(anon):  1483496 kB
Active(file):    1737028 kB
Inactive(file):   637828 kB
Unevictable:        6048 kB
Mlocked:            5608 kB
SwapTotal:       4718584 kB
SwapFree:        4562424 kB
Dirty:               548 kB
Writeback:             0 kB
AnonPages:       1552128 kB
Mapped:           694300 kB
Shmem:             30468 kB
KReclaimable:    1064156 kB
Slab:             296760 kB
SReclaimable:      76492 kB
SUnreclaim:       220268 kB
KernelStack:       47184 kB
ShadowCallStack:   11820 kB
PageTables:        67028 kB
NFS_Unstable:          0 kB
Bounce:                0 kB
WritebackTmp:          0 kB
CommitLimit:     8679780 kB
Committed_AS:   65689008 kB
VmallocTotal:   263061440 kB
VmallocUsed:      128172 kB
VmallocChunk:          0 kB
Percpu:             6264 kB
CmaTotal:         405504 kB
CmaFree:           30308 kB
MemTotal:        7922396 kB
MemFree:          501152 kB
MemAvailable:    3549756 kB
Buffers:           73528 kB
Cached:          2336360 kB
SwapCached:         1880 kB
Active:          1836504 kB
Inactive:        2124384 kB
Active(anon):      99476 kB
Inactive(anon):  1486552 kB
Active(file):    1737028 kB
Inactive(file):   637832 kB
Unevictable:        6048 kB
Mlocked:            5608 kB
SwapTotal:       4718584 kB
SwapFree:        4562424 kB
Dirty:               564 kB
Writeback:             0 kB
AnonPages:       1555284 kB
Mapped:           694324 kB
Shmem:             30476 kB
KReclaimable:    1064016 kB
Slab:             296756 kB
SReclaimable:      76460 kB
SUnreclaim:       220296 kB
KernelStack:       47216 kB
ShadowCallStack:   11828 kB
PageTables:        67144 kB
NFS_Unstable:          0 kB
Bounce:                0 kB
WritebackTmp:          0 kB
CommitLimit:     8679780 kB
Committed_AS:   65689016 kB
VmallocTotal:   263061440 kB
VmallocUsed:      128172 kB
VmallocChunk:          0 kB
Percpu:             6264 kB
CmaTotal:         405504 kB
CmaFree:           30308 kB
MemTotal:        7922396 kB
MemFree:          501956 kB
MemAvailable:    3551320 kB
Buffers:           73528 kB
Cached:          2336368 kB
SwapCached:         1880 kB
Active:          1836504 kB
Inactive:        2123660 kB
Active(anon):      99476 kB
Inactive(anon):  1485820 kB
Active(file):    1737028 kB
Inactive(file):   637840 kB
Unevictable:        6048 kB
Mlocked:            5608 kB
SwapTotal:       4718584 kB
SwapFree:        4562424 kB
Dirty:               580 kB
Writeback:             0 kB
AnonPages:       1554620 kB
Mapped:           693684 kB
Shmem:             30476 kB
KReclaimable:    1064768 kB
Slab:             296748 kB
SReclaimable:      76444 kB
SUnreclaim:       220304 kB
KernelStack:       47184 kB
ShadowCallStack:   11816 kB
PageTables:        67144 kB
NFS_Unstable:          0 kB
Bounce:                0 kB
WritebackTmp:          0 kB
CommitLimit:     8679780 kB
Committed_AS:   65689016 kB
VmallocTotal:   263061440 kB
VmallocUsed:      128172 kB
VmallocChunk:          0 kB
Percpu:             6264 kB
CmaTotal:         405504 kB
CmaFree:           30308 kB
MemTotal:        7922396 kB
MemFree:          500032 kB
MemAvailable:    3549420 kB
Buffers:           73544 kB
Cached:          2336376 kB
SwapCached:         1880 kB
Active:          1836528 kB
Inactive:        2125380 kB
Active(anon):      99484 kB
Inactive(anon):  1487532 kB
Active(file):    1737044 kB
Inactive(file):   637848 kB
Unevictable:        6048 kB
Mlocked:            5608 kB
SwapTotal:       4718584 kB
SwapFree:        4562424 kB
Dirty:               648 kB
Writeback:             0 kB
AnonPages:       1556388 kB
Mapped:           693568 kB
Shmem:             30476 kB
KReclaimable:    1064768 kB
Slab:             296740 kB
SReclaimable:      76444 kB
SUnreclaim:       220296 kB
KernelStack:       47216 kB
ShadowCallStack:   11836 kB
PageTables:        67276 kB
NFS_Unstable:          0 kB
Bounce:                0 kB
WritebackTmp:          0 kB
CommitLimit:     8679780 kB
Committed_AS:   65689020 kB
VmallocTotal:   263061440 kB
VmallocUsed:      128172 kB
VmallocChunk:          0 kB
Percpu:             6264 kB
CmaTotal:         405504 kB
CmaFree:           30308 kB
MemTotal:        7922396 kB
MemFree:          497140 kB
MemAvailable:    3545788 kB
Buffers:           73544 kB
Cached:          2336580 kB
SwapCached:         1880 kB
Active:          1836520 kB
Inactive:        2128440 kB
Active(anon):      99476 kB
Inactive(anon):  1490580 kB
Active(file):    1737044 kB
Inactive(file):   637860 kB
Unevictable:        6048 kB
Mlocked:            5608 kB
SwapTotal:       4718584 kB
SwapFree:        4562424 kB
Dirty:               692 kB
Writeback:             0 kB
AnonPages:       1559180 kB
Mapped:           693920 kB
Shmem:             30668 kB
KReclaimable:    1064016 kB
Slab:             296768 kB
SReclaimable:      76460 kB
SUnreclaim:       220308 kB
KernelStack:       47232 kB
ShadowCallStack:   11832 kB
PageTables:        67156 kB
NFS_Unstable:          0 kB
Bounce:                0 kB
WritebackTmp:          0 kB
CommitLimit:     8679780 kB
Committed_AS:   65689268 kB
VmallocTotal:   263061440 kB
VmallocUsed:      128188 kB
VmallocChunk:          0 kB
Percpu:             6264 kB
CmaTotal:         405504 kB
CmaFree:           30308 kB
MemTotal:        7922396 kB
MemFree:          496208 kB
MemAvailable:    3544884 kB
Buffers:           73544 kB
Cached:          2336592 kB
SwapCached:         1880 kB
Active:          1836516 kB
Inactive:        2128796 kB
Active(anon):      99472 kB
Inactive(anon):  1490924 kB
Active(file):    1737044 kB
Inactive(file):   637872 kB
Unevictable:        6048 kB
Mlocked:            5608 kB
SwapTotal:       4718584 kB
SwapFree:        4562424 kB
Dirty:               708 kB
Writeback:             0 kB
AnonPages:       1559296 kB
Mapped:           693800 kB
Shmem:             30668 kB
KReclaimable:    1064032 kB
Slab:             296756 kB
SReclaimable:      76476 kB
SUnreclaim:       220280 kB
KernelStack:       47216 kB
ShadowCallStack:   11832 kB
PageTables:        67072 kB
NFS_Unstable:          0 kB
Bounce:                0 kB
WritebackTmp:          0 kB
CommitLimit:     8679780 kB
Committed_AS:   65689212 kB
VmallocTotal:   263061440 kB
VmallocUsed:      128172 kB
VmallocChunk:          0 kB
Percpu:             6264 kB
CmaTotal:         405504 kB
CmaFree:           30308 kB
MemTotal:        7922396 kB
MemFree:          496508 kB
MemAvailable:    3545200 kB
Buffers:           73544 kB
Cached:          2336592 kB
SwapCached:         1880 kB
Active:          1836512 kB
Inactive:        2128768 kB
Active(anon):      99468 kB
Inactive(anon):  1490896 kB
Active(file):    1737044 kB
Inactive(file):   637872 kB
Unevictable:        6048 kB
Mlocked:            5608 kB
SwapTotal:       4718584 kB
SwapFree:        4562424 kB
Dirty:               460 kB
Writeback:             0 kB
AnonPages:       1559520 kB
Mapped:           693804 kB
Shmem:             30668 kB
KReclaimable:    1064048 kB
Slab:             296800 kB
SReclaimable:      76492 kB
SUnreclaim:       220308 kB
KernelStack:       47184 kB
ShadowCallStack:   11840 kB
PageTables:        67204 kB
NFS_Unstable:          0 kB
Bounce:                0 kB
WritebackTmp:          0 kB
CommitLimit:     8679780 kB
Committed_AS:   65689212 kB
VmallocTotal:   263061440 kB
VmallocUsed:      128172 kB
VmallocChunk:          0 kB
Percpu:             6264 kB
CmaTotal:         405504 kB
CmaFree:           30308 kB
MemTotal:        7922396 kB
MemFree:          459684 kB
MemAvailable:    3379340 kB
Buffers:           73544 kB
Cached:          2336632 kB
SwapCached:         1880 kB
Active:          1836512 kB
Inactive:        2166920 kB
Active(anon):      99468 kB
Inactive(anon):  1529032 kB
Active(file):    1737044 kB
Inactive(file):   637888 kB
Unevictable:        6048 kB
Mlocked:            5608 kB
SwapTotal:       4718584 kB
SwapFree:        4562424 kB
Dirty:               504 kB
Writeback:             0 kB
AnonPages:       1597588 kB
Mapped:           694064 kB
Shmem:             30692 kB
KReclaimable:     934996 kB
Slab:             296876 kB
SReclaimable:      76492 kB
SUnreclaim:       220384 kB
KernelStack:       47280 kB
ShadowCallStack:   11844 kB
PageTables:        67152 kB
NFS_Unstable:          0 kB
Bounce:                0 kB
WritebackTmp:          0 kB
CommitLimit:     8679780 kB
Committed_AS:   65689548 kB
VmallocTotal:   263061440 kB
VmallocUsed:      128204 kB
VmallocChunk:          0 kB
Percpu:             6264 kB
CmaTotal:         405504 kB
CmaFree:           18064 kB
MemTotal:        7922396 kB
MemFree:          407020 kB
MemAvailable:    3322740 kB
Buffers:           73568 kB
Cached:          2336752 kB
SwapCached:         1880 kB
Active:          1836536 kB
Inactive:        2219012 kB
Active(anon):      99468 kB
Inactive(anon):  1581120 kB
Active(file):    1737068 kB
Inactive(file):   637892 kB
Unevictable:        6048 kB
Mlocked:            5608 kB
SwapTotal:       4718584 kB
SwapFree:        4562424 kB
Dirty:               524 kB
Writeback:             0 kB
AnonPages:       1649408 kB
Mapped:           694412 kB
Shmem:             30812 kB
KReclaimable:     931032 kB
Slab:             297164 kB
SReclaimable:      76508 kB
SUnreclaim:       220656 kB
KernelStack:       47312 kB
ShadowCallStack:   11848 kB
PageTables:        67248 kB
NFS_Unstable:          0 kB
Bounce:                0 kB
WritebackTmp:          0 kB
CommitLimit:     8679780 kB
Committed_AS:   65689592 kB
VmallocTotal:   263061440 kB
VmallocUsed:      128288 kB
VmallocChunk:          0 kB
Percpu:             6264 kB
CmaTotal:         405504 kB
CmaFree:               0 kB
MemTotal:        7922396 kB
MemFree:          494580 kB
MemAvailable:    3543348 kB
Buffers:           73576 kB
Cached:          2336620 kB
SwapCached:         1880 kB
Active:          1836548 kB
Inactive:        2131088 kB
Active(anon):      99472 kB
Inactive(anon):  1493188 kB
Active(file):    1737076 kB
Inactive(file):   637900 kB
Unevictable:        6048 kB
Mlocked:            5608 kB
SwapTotal:       4718584 kB
SwapFree:        4562424 kB
Dirty:               544 kB
Writeback:             0 kB
AnonPages:       1561692 kB
Mapped:           693816 kB
Shmem:             30668 kB
KReclaimable:    1064064 kB
Slab:             296988 kB
SReclaimable:      76508 kB
SUnreclaim:       220480 kB
KernelStack:       47216 kB
ShadowCallStack:   11828 kB
PageTables:        67188 kB
NFS_Unstable:          0 kB
Bounce:                0 kB
WritebackTmp:          0 kB
CommitLimit:     8679780 kB
Committed_AS:   65689212 kB
VmallocTotal:   263061440 kB
VmallocUsed:      128172 kB
VmallocChunk:          0 kB
Percpu:             6264 kB
CmaTotal:         405504 kB
CmaFree:           29136 kB
MemTotal:        7922396 kB
MemFree:          494272 kB
MemAvailable:    3543044 kB
Buffers:           73576 kB
Cached:          2336624 kB
SwapCached:         1880 kB
Active:          1836532 kB
Inactive:        2131176 kB
Active(anon):      99456 kB
Inactive(anon):  1493272 kB
Active(file):    1737076 kB
Inactive(file):   637904 kB
Unevictable:        6048 kB
Mlocked:            5608 kB
SwapTotal:       4718584 kB
SwapFree:        4562424 kB
Dirty:               496 kB
Writeback:             0 kB
AnonPages:       1561868 kB
Mapped:           693932 kB
Shmem:             30668 kB
KReclaimable:    1064064 kB
Slab:             296996 kB
SReclaimable:      76508 kB
SUnreclaim:       220488 kB
KernelStack:       47104 kB
ShadowCallStack:   11824 kB
PageTables:        67140 kB
NFS_Unstable:          0 kB
Bounce:                0 kB
WritebackTmp:          0 kB
CommitLimit:     8679780 kB
Committed_AS:   65688952 kB
VmallocTotal:   263061440 kB
VmallocUsed:      128084 kB
VmallocChunk:          0 kB
Percpu:             6264 kB
CmaTotal:         405504 kB
CmaFree:           29264 kB
MemTotal:        7922396 kB
MemFree:          504136 kB
MemAvailable:    3553692 kB
Buffers:           73576 kB
Cached:          2336472 kB
SwapCached:         1880 kB
Active:          1836528 kB
Inactive:        2120592 kB
Active(anon):      99452 kB
Inactive(anon):  1482672 kB
Active(file):    1737076 kB
Inactive(file):   637920 kB
Unevictable:        6048 kB
Mlocked:            5608 kB
SwapTotal:       4718584 kB
SwapFree:        4562424 kB
Dirty:               288 kB
Writeback:            12 kB
AnonPages:       1551240 kB
Mapped:           693396 kB
Shmem:             30500 kB
KReclaimable:    1064832 kB
Slab:             296920 kB
SReclaimable:      76508 kB
SUnreclaim:       220412 kB
KernelStack:       47088 kB
ShadowCallStack:   11804 kB
PageTables:        67288 kB
NFS_Unstable:          0 kB
Bounce:                0 kB
WritebackTmp:          0 kB
CommitLimit:     8679780 kB
Committed_AS:   65688636 kB
VmallocTotal:   263061440 kB
VmallocUsed:      128008 kB
VmallocChunk:          0 kB
Percpu:             6264 kB
CmaTotal:         405504 kB
CmaFree:           29468 kB
MemTotal:        7922396 kB
MemFree:          518656 kB
MemAvailable:    3592808 kB
Buffers:           73576 kB
Cached:          2336456 kB
SwapCached:         1880 kB
Active:          1836540 kB
Inactive:        2105944 kB
Active(anon):      99464 kB
Inactive(anon):  1468020 kB
Active(file):    1737076 kB
Inactive(file):   637924 kB
Unevictable:        6048 kB
Mlocked:            5608 kB
SwapTotal:       4718584 kB
SwapFree:        4562424 kB
Dirty:               340 kB
Writeback:             0 kB
AnonPages:       1536764 kB
Mapped:           693540 kB
Shmem:             30480 kB
KReclaimable:    1089424 kB
Slab:             296832 kB
SReclaimable:      76460 kB
SUnreclaim:       220372 kB
KernelStack:       47088 kB
ShadowCallStack:   11800 kB
PageTables:        67292 kB
NFS_Unstable:          0 kB
Bounce:                0 kB
WritebackTmp:          0 kB
CommitLimit:     8679780 kB
Committed_AS:   65673276 kB
VmallocTotal:   263061440 kB
VmallocUsed:      128016 kB
VmallocChunk:          0 kB
Percpu:             6264 kB
CmaTotal:         405504 kB
CmaFree:           29476 kB
MemTotal:        7922396 kB
MemFree:          514112 kB
MemAvailable:    3553428 kB
Buffers:           73584 kB
Cached:          2336460 kB
SwapCached:         1880 kB
Active:          1836652 kB
Inactive:        2111468 kB
Active(anon):      99460 kB
Inactive(anon):  1473648 kB
Active(file):    1737192 kB
Inactive(file):   637820 kB
Unevictable:        6048 kB
Mlocked:            5608 kB
SwapTotal:       4718584 kB
SwapFree:        4562424 kB
Dirty:               344 kB
Writeback:             0 kB
AnonPages:       1542272 kB
Mapped:           694136 kB
Shmem:             30480 kB
KReclaimable:    1054576 kB
Slab:             296880 kB
SReclaimable:      76460 kB
SUnreclaim:       220420 kB
KernelStack:       47072 kB
ShadowCallStack:   11792 kB
PageTables:        67280 kB
NFS_Unstable:          0 kB
Bounce:                0 kB
WritebackTmp:          0 kB
CommitLimit:     8679780 kB
Committed_AS:   65681424 kB
VmallocTotal:   263061440 kB
VmallocUsed:      128032 kB
VmallocChunk:          0 kB
Percpu:             6264 kB
CmaTotal:         405504 kB
CmaFree:           29476 kB
MemTotal:        7922396 kB
MemFree:          513032 kB
MemAvailable:    3552268 kB
Buffers:           73584 kB
Cached:          2336468 kB
SwapCached:         1880 kB
Active:          1836652 kB
Inactive:        2111336 kB
Active(anon):      99460 kB
Inactive(anon):  1473508 kB
Active(file):    1737192 kB
Inactive(file):   637828 kB
Unevictable:        6048 kB
Mlocked:            5608 kB
SwapTotal:       4718584 kB
SwapFree:        4562424 kB
Dirty:               356 kB
Writeback:             0 kB
AnonPages:       1542128 kB
Mapped:           693964 kB
Shmem:             30480 kB
KReclaimable:    1054488 kB
Slab:             296848 kB
SReclaimable:      76460 kB
SUnreclaim:       220388 kB
KernelStack:       47072 kB
ShadowCallStack:   11796 kB
PageTables:        67360 kB
NFS_Unstable:          0 kB
Bounce:                0 kB
WritebackTmp:          0 kB
CommitLimit:     8679780 kB
Committed_AS:   65681424 kB
VmallocTotal:   263061440 kB
VmallocUsed:      128032 kB
VmallocChunk:          0 kB
Percpu:             6264 kB
CmaTotal:         405504 kB
CmaFree:           29476 kB
MemTotal:        7922396 kB
MemFree:          513616 kB
MemAvailable:    3552856 kB
Buffers:           73584 kB
Cached:          2336472 kB
SwapCached:         1880 kB
Active:          1836644 kB
Inactive:        2110976 kB
Active(anon):      99452 kB
Inactive(anon):  1473144 kB
Active(file):    1737192 kB
Inactive(file):   637832 kB
Unevictable:        6048 kB
Mlocked:            5608 kB
SwapTotal:       4718584 kB
SwapFree:        4562424 kB
Dirty:               360 kB
Writeback:             0 kB
AnonPages:       1542032 kB
Mapped:           693996 kB
Shmem:             30480 kB
KReclaimable:    1054488 kB
Slab:             296852 kB
SReclaimable:      76460 kB
SUnreclaim:       220392 kB
KernelStack:       47008 kB
ShadowCallStack:   11800 kB
PageTables:        67376 kB
NFS_Unstable:          0 kB
Bounce:                0 kB
WritebackTmp:          0 kB
CommitLimit:     8679780 kB
Committed_AS:   65681224 kB
VmallocTotal:   263061440 kB
VmallocUsed:      127952 kB
VmallocChunk:          0 kB
Percpu:             6264 kB
CmaTotal:         405504 kB
CmaFree:           29480 kB
MemTotal:        7922396 kB
MemFree:          513548 kB
MemAvailable:    3552776 kB
Buffers:           73584 kB
Cached:          2336492 kB
SwapCached:         1880 kB
Active:          1836632 kB
Inactive:        2110996 kB
Active(anon):      99440 kB
Inactive(anon):  1473144 kB
Active(file):    1737192 kB
Inactive(file):   637852 kB
Unevictable:        6048 kB
Mlocked:            5608 kB
SwapTotal:       4718584 kB
SwapFree:        4562424 kB
Dirty:               196 kB
Writeback:             0 kB
AnonPages:       1541728 kB
Mapped:           693896 kB
Shmem:             30480 kB
KReclaimable:    1054456 kB
Slab:             296804 kB
SReclaimable:      76428 kB
SUnreclaim:       220376 kB
KernelStack:       46928 kB
ShadowCallStack:   11760 kB
PageTables:        67324 kB
NFS_Unstable:          0 kB
Bounce:                0 kB
WritebackTmp:          0 kB
CommitLimit:     8679780 kB
Committed_AS:   65681008 kB
VmallocTotal:   263061440 kB
VmallocUsed:      127852 kB
VmallocChunk:          0 kB
Percpu:             6264 kB
CmaTotal:         405504 kB
CmaFree:           29476 kB
MemTotal:        7922396 kB
MemFree:          513972 kB
MemAvailable:    3553204 kB
Buffers:           73584 kB
Cached:          2336496 kB
SwapCached:         1880 kB
Active:          1836628 kB
Inactive:        2111328 kB
Active(anon):      99436 kB
Inactive(anon):  1473472 kB
Active(file):    1737192 kB
Inactive(file):   637856 kB
Unevictable:        6048 kB
Mlocked:            5608 kB
SwapTotal:       4718584 kB
SwapFree:        4562424 kB
Dirty:               208 kB
Writeback:             0 kB
AnonPages:       1542108 kB
Mapped:           693912 kB
Shmem:             30480 kB
KReclaimable:    1054456 kB
Slab:             296816 kB
SReclaimable:      76428 kB
SUnreclaim:       220388 kB
KernelStack:       46976 kB
ShadowCallStack:   11764 kB
PageTables:        67360 kB
NFS_Unstable:          0 kB
Bounce:                0 kB
WritebackTmp:          0 kB
CommitLimit:     8679780 kB
Committed_AS:   65681012 kB
VmallocTotal:   263061440 kB
VmallocUsed:      127852 kB
VmallocChunk:          0 kB
Percpu:             6264 kB
CmaTotal:         405504 kB
CmaFree:           29476 kB
MemTotal:        7922396 kB
MemFree:          512712 kB
MemAvailable:    3551956 kB
Buffers:           73592 kB
Cached:          2336500 kB
SwapCached:         1880 kB
Active:          1836652 kB
Inactive:        2111356 kB
Active(anon):      99452 kB
Inactive(anon):  1473496 kB
Active(file):    1737200 kB
Inactive(file):   637860 kB
Unevictable:        6048 kB
Mlocked:            5608 kB
SwapTotal:       4718584 kB
SwapFree:        4562424 kB
Dirty:               264 kB
Writeback:             0 kB
AnonPages:       1542260 kB
Mapped:           694112 kB
Shmem:             30480 kB
KReclaimable:    1054456 kB
Slab:             296828 kB
SReclaimable:      76428 kB
SUnreclaim:       220400 kB
KernelStack:       46976 kB
ShadowCallStack:   11768 kB
PageTables:        67316 kB
NFS_Unstable:          0 kB
Bounce:                0 kB
WritebackTmp:          0 kB
CommitLimit:     8679780 kB
Committed_AS:   65681008 kB
VmallocTotal:   263061440 kB
VmallocUsed:      127872 kB
VmallocChunk:          0 kB
Percpu:             6264 kB
CmaTotal:         405504 kB
CmaFree:           29476 kB
MemTotal:        7922396 kB
MemFree:          514668 kB
MemAvailable:    3553944 kB
Buffers:           73608 kB
Cached:          2336520 kB
SwapCached:         1880 kB
Active:          1836664 kB
Inactive:        2109616 kB
Active(anon):      99448 kB
Inactive(anon):  1471740 kB
Active(file):    1737216 kB
Inactive(file):   637876 kB
Unevictable:        6048 kB
Mlocked:            5608 kB
SwapTotal:       4718584 kB
SwapFree:        4562424 kB
Dirty:               304 kB
Writeback:             0 kB
AnonPages:       1540504 kB
Mapped:           693976 kB
Shmem:             30484 kB
KReclaimable:    1054456 kB
Slab:             296820 kB
SReclaimable:      76428 kB
SUnreclaim:       220392 kB
KernelStack:       46960 kB
ShadowCallStack:   11764 kB
PageTables:        67340 kB
NFS_Unstable:          0 kB
Bounce:                0 kB
WritebackTmp:          0 kB
CommitLimit:     8679780 kB
Committed_AS:   65681012 kB
VmallocTotal:   263061440 kB
VmallocUsed:      127840 kB
VmallocChunk:          0 kB
Percpu:             6264 kB
CmaTotal:         405504 kB
CmaFree:           29712 kB
MemTotal:        7922396 kB
MemFree:          520060 kB
MemAvailable:    3616292 kB
Buffers:           73640 kB
Cached:          2336520 kB
SwapCached:         1880 kB
Active:          1836692 kB
Inactive:        2104988 kB
Active(anon):      99444 kB
Inactive(anon):  1467112 kB
Active(file):    1737248 kB
Inactive(file):   637876 kB
Unevictable:        6048 kB
Mlocked:            5608 kB
SwapTotal:       4718584 kB
SwapFree:        4562424 kB
Dirty:               328 kB
Writeback:             0 kB
AnonPages:       1535892 kB
Mapped:           691800 kB
Shmem:             30484 kB
KReclaimable:    1111380 kB
Slab:             297052 kB
SReclaimable:      76444 kB
SUnreclaim:       220608 kB
KernelStack:       46976 kB
ShadowCallStack:   11760 kB
PageTables:        67288 kB
NFS_Unstable:          0 kB
Bounce:                0 kB
WritebackTmp:          0 kB
CommitLimit:     8679780 kB
Committed_AS:   65671968 kB
VmallocTotal:   263061440 kB
VmallocUsed:      127868 kB
VmallocChunk:          0 kB
Percpu:             6264 kB
CmaTotal:         405504 kB
CmaFree:           29860 kB
MemTotal:        7922396 kB
MemFree:          485664 kB
MemAvailable:    3249984 kB
Buffers:           73656 kB
Cached:          2336428 kB
SwapCached:         1880 kB
Active:          1836712 kB
Inactive:        2136984 kB
Active(anon):      99448 kB
Inactive(anon):  1499240 kB
Active(file):    1737264 kB
Inactive(file):   637744 kB
Unevictable:        6048 kB
Mlocked:            5608 kB
SwapTotal:       4718584 kB
SwapFree:        4562424 kB
Dirty:               384 kB
Writeback:             0 kB
AnonPages:       1567804 kB
Mapped:           700948 kB
Shmem:             30524 kB
KReclaimable:     779584 kB
Slab:             298196 kB
SReclaimable:      76476 kB
SUnreclaim:       221720 kB
KernelStack:       46976 kB
ShadowCallStack:   11768 kB
PageTables:        67472 kB
NFS_Unstable:          0 kB
Bounce:                0 kB
WritebackTmp:          0 kB
CommitLimit:     8679780 kB
Committed_AS:   65698248 kB
VmallocTotal:   263061440 kB
VmallocUsed:      127884 kB
VmallocChunk:          0 kB
Percpu:             6264 kB
CmaTotal:         405504 kB
CmaFree:           18664 kB
MemTotal:        7922396 kB
MemFree:          484656 kB
MemAvailable:    3248976 kB
Buffers:           73656 kB
Cached:          2336428 kB
SwapCached:         1880 kB
Active:          1836712 kB
Inactive:        2137700 kB
Active(anon):      99448 kB
Inactive(anon):  1499956 kB
Active(file):    1737264 kB
Inactive(file):   637744 kB
Unevictable:        6048 kB
Mlocked:            5608 kB
SwapTotal:       4718584 kB
SwapFree:        4562424 kB
Dirty:               384 kB
Writeback:             0 kB
AnonPages:       1568496 kB
Mapped:           701012 kB
Shmem:             30524 kB
KReclaimable:     779584 kB
Slab:             298156 kB
SReclaimable:      76476 kB
SUnreclaim:       221680 kB
KernelStack:       46960 kB
ShadowCallStack:   11760 kB
PageTables:        67444 kB
NFS_Unstable:          0 kB
Bounce:                0 kB
WritebackTmp:          0 kB
CommitLimit:     8679780 kB
Committed_AS:   65698248 kB
VmallocTotal:   263061440 kB
VmallocUsed:      127884 kB
VmallocChunk:          0 kB
Percpu:             6264 kB
CmaTotal:         405504 kB
CmaFree:           18792 kB
MemTotal:        7922396 kB
MemFree:          484404 kB
MemAvailable:    3248676 kB
Buffers:           73656 kB
Cached:          2336444 kB
SwapCached:         1880 kB
Active:          1836704 kB
Inactive:        2137984 kB
Active(anon):      99440 kB
Inactive(anon):  1500224 kB
Active(file):    1737264 kB
Inactive(file):   637760 kB
Unevictable:        6048 kB
Mlocked:            5608 kB
SwapTotal:       4718584 kB
SwapFree:        4562424 kB
Dirty:               404 kB
Writeback:             0 kB
AnonPages:       1568772 kB
Mapped:           701028 kB
Shmem:             30524 kB
KReclaimable:     779520 kB
Slab:             298120 kB
SReclaimable:      76476 kB
SUnreclaim:       221644 kB
KernelStack:       46960 kB
ShadowCallStack:   11752 kB
PageTables:        67464 kB
NFS_Unstable:          0 kB
Bounce:                0 kB
WritebackTmp:          0 kB
CommitLimit:     8679780 kB
Committed_AS:   65698300 kB
VmallocTotal:   263061440 kB
VmallocUsed:      127904 kB
VmallocChunk:          0 kB
Percpu:             6264 kB
CmaTotal:         405504 kB
CmaFree:           18792 kB
MemTotal:        7922396 kB
MemFree:          484096 kB
MemAvailable:    3248392 kB
Buffers:           73664 kB
Cached:          2336444 kB
SwapCached:         1880 kB
Active:          1836716 kB
Inactive:        2137328 kB
Active(anon):      99448 kB
Inactive(anon):  1499564 kB
Active(file):    1737268 kB
Inactive(file):   637764 kB
Unevictable:        6048 kB
Mlocked:            5608 kB
SwapTotal:       4718584 kB
SwapFree:        4562424 kB
Dirty:               460 kB
Writeback:             0 kB
AnonPages:       1568400 kB
Mapped:           701064 kB
Shmem:             30524 kB
KReclaimable:     779536 kB
Slab:             298064 kB
SReclaimable:      76492 kB
SUnreclaim:       221572 kB
KernelStack:       46976 kB
ShadowCallStack:   11780 kB
PageTables:        67508 kB
NFS_Unstable:          0 kB
Bounce:                0 kB
WritebackTmp:          0 kB
CommitLimit:     8679780 kB
Committed_AS:   65698300 kB
VmallocTotal:   263061440 kB
VmallocUsed:      127892 kB
VmallocChunk:          0 kB
Percpu:             6264 kB
CmaTotal:         405504 kB
CmaFree:           18960 kB
MemTotal:        7922396 kB
MemFree:          483956 kB
MemAvailable:    3248248 kB
Buffers:           73696 kB
Cached:          2336460 kB
SwapCached:         1880 kB
Active:          1836752 kB
Inactive:        2138048 kB
Active(anon):      99448 kB
Inactive(anon):  1500276 kB
Active(file):    1737304 kB
Inactive(file):   637772 kB
Unevictable:        6048 kB
Mlocked:            5608 kB
SwapTotal:       4718584 kB
SwapFree:        4562424 kB
Dirty:               496 kB
Writeback:             0 kB
AnonPages:       1568820 kB
Mapped:           701196 kB
Shmem:             30528 kB
KReclaimable:     779488 kB
Slab:             298092 kB
SReclaimable:      76444 kB
SUnreclaim:       221648 kB
KernelStack:       46992 kB
ShadowCallStack:   11772 kB
PageTables:        67472 kB
NFS_Unstable:          0 kB
Bounce:                0 kB
WritebackTmp:          0 kB
CommitLimit:     8679780 kB
Committed_AS:   65698304 kB
VmallocTotal:   263061440 kB
VmallocUsed:      127908 kB
VmallocChunk:          0 kB
Percpu:             6264 kB
CmaTotal:         405504 kB
CmaFree:           18920 kB
MemTotal:        7922396 kB
MemFree:          484676 kB
MemAvailable:    3248980 kB
Buffers:           73696 kB
Cached:          2336472 kB
SwapCached:         1880 kB
Active:          1836764 kB
Inactive:        2138244 kB
Active(anon):      99460 kB
Inactive(anon):  1500460 kB
Active(file):    1737304 kB
Inactive(file):   637784 kB
Unevictable:        6048 kB
Mlocked:            5608 kB
SwapTotal:       4718584 kB
SwapFree:        4562424 kB
Dirty:               168 kB
Writeback:           172 kB
AnonPages:       1569108 kB
Mapped:           701096 kB
Shmem:             30528 kB
KReclaimable:     779488 kB
Slab:             298048 kB
SReclaimable:      76444 kB
SUnreclaim:       221604 kB
KernelStack:       46928 kB
ShadowCallStack:   11760 kB
PageTables:        67616 kB
NFS_Unstable:          0 kB
Bounce:                0 kB
WritebackTmp:          0 kB
CommitLimit:     8679780 kB
Committed_AS:   65698308 kB
VmallocTotal:   263061440 kB
VmallocUsed:      127884 kB
VmallocChunk:          0 kB
Percpu:             6264 kB
CmaTotal:         405504 kB
CmaFree:           18920 kB
MemTotal:        7922396 kB
MemFree:          483452 kB
MemAvailable:    3247780 kB
Buffers:           73696 kB
Cached:          2336480 kB
SwapCached:         1880 kB
Active:          1836748 kB
Inactive:        2138320 kB
Active(anon):      99444 kB
Inactive(anon):  1500528 kB
Active(file):    1737304 kB
Inactive(file):   637792 kB
Unevictable:        6048 kB
Mlocked:            5608 kB
SwapTotal:       4718584 kB
SwapFree:        4562424 kB
Dirty:               124 kB
Writeback:             0 kB
AnonPages:       1569044 kB
Mapped:           701096 kB
Shmem:             30528 kB
KReclaimable:     779504 kB
Slab:             298152 kB
SReclaimable:      76460 kB
SUnreclaim:       221692 kB
KernelStack:       47008 kB
ShadowCallStack:   11772 kB
PageTables:        67400 kB
NFS_Unstable:          0 kB
Bounce:                0 kB
WritebackTmp:          0 kB
CommitLimit:     8679780 kB
Committed_AS:   65698304 kB
VmallocTotal:   263061440 kB
VmallocUsed:      127892 kB
VmallocChunk:          0 kB
Percpu:             6264 kB
CmaTotal:         405504 kB
CmaFree:           18920 kB
MemTotal:        7922396 kB
MemFree:          483932 kB
MemAvailable:    3248372 kB
Buffers:           73696 kB
Cached:          2336560 kB
SwapCached:         1880 kB
Active:          1836756 kB
Inactive:        2139044 kB
Active(anon):      99452 kB
Inactive(anon):  1501172 kB
Active(file):    1737304 kB
Inactive(file):   637872 kB
Unevictable:        6048 kB
Mlocked:            5608 kB
SwapTotal:       4718584 kB
SwapFree:        4562424 kB
Dirty:               152 kB
Writeback:             0 kB
AnonPages:       1569764 kB
Mapped:           701112 kB
Shmem:             30528 kB
KReclaimable:     779536 kB
Slab:             298052 kB
SReclaimable:      76492 kB
SUnreclaim:       221560 kB
KernelStack:       46992 kB
ShadowCallStack:   11772 kB
PageTables:        67476 kB
NFS_Unstable:          0 kB
Bounce:                0 kB
WritebackTmp:          0 kB
CommitLimit:     8679780 kB
Committed_AS:   65698432 kB
VmallocTotal:   263061440 kB
VmallocUsed:      127860 kB
VmallocChunk:          0 kB
Percpu:             6264 kB
CmaTotal:         405504 kB
CmaFree:           18920 kB
MemTotal:        7922396 kB
MemFree:          394708 kB
MemAvailable:    3024768 kB
Buffers:           73712 kB
Cached:          2336684 kB
SwapCached:         1880 kB
Active:          1836760 kB
Inactive:        2228344 kB
Active(anon):      99440 kB
Inactive(anon):  1590488 kB
Active(file):    1737320 kB
Inactive(file):   637856 kB
Unevictable:        6048 kB
Mlocked:            5608 kB
SwapTotal:       4718584 kB
SwapFree:        4562424 kB
Dirty:               264 kB
Writeback:             0 kB
AnonPages:       1659136 kB
Mapped:           701688 kB
Shmem:             30668 kB
KReclaimable:     645156 kB
Slab:             298316 kB
SReclaimable:      76496 kB
SUnreclaim:       221820 kB
KernelStack:       47056 kB
ShadowCallStack:   11780 kB
PageTables:        67592 kB
NFS_Unstable:          0 kB
Bounce:                0 kB
WritebackTmp:          0 kB
CommitLimit:     8679780 kB
Committed_AS:   65698812 kB
VmallocTotal:   263061440 kB
VmallocUsed:      127992 kB
VmallocChunk:          0 kB
Percpu:             6264 kB
CmaTotal:         405504 kB
CmaFree:               0 kB
MemTotal:        7922396 kB
MemFree:          482816 kB
MemAvailable:    3247152 kB
Buffers:           73712 kB
Cached:          2336568 kB
SwapCached:         1880 kB
Active:          1836840 kB
Inactive:        2141868 kB
Active(anon):      99456 kB
Inactive(anon):  1504052 kB
Active(file):    1737384 kB
Inactive(file):   637816 kB
Unevictable:        6048 kB
Mlocked:            5608 kB
SwapTotal:       4718584 kB
SwapFree:        4562424 kB
Dirty:               276 kB
Writeback:             0 kB
AnonPages:       1572736 kB
Mapped:           701120 kB
Shmem:             30528 kB
KReclaimable:     779408 kB
Slab:             298192 kB
SReclaimable:      76496 kB
SUnreclaim:       221696 kB
KernelStack:       46976 kB
ShadowCallStack:   11760 kB
PageTables:        67348 kB
NFS_Unstable:          0 kB
Bounce:                0 kB
WritebackTmp:          0 kB
CommitLimit:     8679780 kB
Committed_AS:   65698432 kB
VmallocTotal:   263061440 kB
VmallocUsed:      127888 kB
VmallocChunk:          0 kB
Percpu:             6264 kB
CmaTotal:         405504 kB
CmaFree:           19724 kB
MemTotal:        7922396 kB
MemFree:          479596 kB
MemAvailable:    3243272 kB
Buffers:           73712 kB
Cached:          2336580 kB
SwapCached:         1880 kB
Active:          1836828 kB
Inactive:        2143620 kB
Active(anon):      99444 kB
Inactive(anon):  1505796 kB
Active(file):    1737384 kB
Inactive(file):   637824 kB
Unevictable:        6048 kB
Mlocked:            5608 kB
SwapTotal:       4718584 kB
SwapFree:        4562424 kB
Dirty:                56 kB
Writeback:             0 kB
AnonPages:       1574604 kB
Mapped:           701396 kB
Shmem:             30532 kB
KReclaimable:     778740 kB
Slab:             298152 kB
SReclaimable:      76464 kB
SUnreclaim:       221688 kB
KernelStack:       46976 kB
ShadowCallStack:   11764 kB
PageTables:        67540 kB
NFS_Unstable:          0 kB
Bounce:                0 kB
WritebackTmp:          0 kB
CommitLimit:     8679780 kB
Committed_AS:   65698444 kB
VmallocTotal:   263061440 kB
VmallocUsed:      127868 kB
VmallocChunk:          0 kB
Percpu:             6264 kB
CmaTotal:         405504 kB
CmaFree:           19860 kB
MemTotal:        7922396 kB
MemFree:          479596 kB
MemAvailable:    3243280 kB
Buffers:           73712 kB
Cached:          2336588 kB
SwapCached:         1880 kB
Active:          1836832 kB
Inactive:        2143852 kB
Active(anon):      99448 kB
Inactive(anon):  1506020 kB
Active(file):    1737384 kB
Inactive(file):   637832 kB
Unevictable:        6048 kB
Mlocked:            5608 kB
SwapTotal:       4718584 kB
SwapFree:        4562424 kB
Dirty:               132 kB
Writeback:             0 kB
AnonPages:       1574620 kB
Mapped:           701412 kB
Shmem:             30532 kB
KReclaimable:     778740 kB
Slab:             298180 kB
SReclaimable:      76464 kB
SUnreclaim:       221716 kB
KernelStack:       46976 kB
ShadowCallStack:   11768 kB
PageTables:        67464 kB
NFS_Unstable:          0 kB
Bounce:                0 kB
WritebackTmp:          0 kB
CommitLimit:     8679780 kB
Committed_AS:   65698444 kB
VmallocTotal:   263061440 kB
VmallocUsed:      127868 kB
VmallocChunk:          0 kB
Percpu:             6264 kB
CmaTotal:         405504 kB
CmaFree:           19860 kB
MemTotal:        7922396 kB
MemFree:          480176 kB
MemAvailable:    3243880 kB
Buffers:           73712 kB
Cached:          2336592 kB
SwapCached:         1880 kB
Active:          1836844 kB
Inactive:        2143168 kB
Active(anon):      99460 kB
Inactive(anon):  1505332 kB
Active(file):    1737384 kB
Inactive(file):   637836 kB
Unevictable:        6048 kB
Mlocked:            5608 kB
SwapTotal:       4718584 kB
SwapFree:        4562424 kB
Dirty:               140 kB
Writeback:             0 kB
AnonPages:       1573956 kB
Mapped:           701536 kB
Shmem:             30532 kB
KReclaimable:     778756 kB
Slab:             298132 kB
SReclaimable:      76480 kB
SUnreclaim:       221652 kB
KernelStack:       46944 kB
ShadowCallStack:   11756 kB
PageTables:        67348 kB
NFS_Unstable:          0 kB
Bounce:                0 kB
WritebackTmp:          0 kB
CommitLimit:     8679780 kB
Committed_AS:   65698448 kB
VmallocTotal:   263061440 kB
VmallocUsed:      127840 kB
VmallocChunk:          0 kB
Percpu:             6264 kB
CmaTotal:         405504 kB
CmaFree:           19860 kB
MemTotal:        7922396 kB
MemFree:          479528 kB
MemAvailable:    3243252 kB
Buffers:           73720 kB
Cached:          2336604 kB
SwapCached:         1880 kB
Active:          1836840 kB
Inactive:        2143784 kB
Active(anon):      99448 kB
Inactive(anon):  1505936 kB
Active(file):    1737392 kB
Inactive(file):   637848 kB
Unevictable:        6048 kB
Mlocked:            5608 kB
SwapTotal:       4718584 kB
SwapFree:        4562424 kB
Dirty:               204 kB
Writeback:             0 kB
AnonPages:       1574548 kB
Mapped:           701460 kB
Shmem:             30532 kB
KReclaimable:     778756 kB
Slab:             298084 kB
SReclaimable:      76480 kB
SUnreclaim:       221604 kB
KernelStack:       46976 kB
ShadowCallStack:   11768 kB
PageTables:        67520 kB
NFS_Unstable:          0 kB
Bounce:                0 kB
WritebackTmp:          0 kB
CommitLimit:     8679780 kB
Committed_AS:   65698444 kB
VmallocTotal:   263061440 kB
VmallocUsed:      127888 kB
VmallocChunk:          0 kB
Percpu:             6264 kB
CmaTotal:         405504 kB
CmaFree:           19860 kB
MemTotal:        7922396 kB
MemFree:          480456 kB
MemAvailable:    3244168 kB
Buffers:           73720 kB
Cached:          2336608 kB
SwapCached:         1880 kB
Active:          1836852 kB
Inactive:        2144140 kB
Active(anon):      99460 kB
Inactive(anon):  1506288 kB
Active(file):    1737392 kB
Inactive(file):   637852 kB
Unevictable:        6048 kB
Mlocked:            5608 kB
SwapTotal:       4718584 kB
SwapFree:        4562424 kB
Dirty:               212 kB
Writeback:             0 kB
AnonPages:       1574888 kB
