MemTotal:        7922396 kB
MemFree:          970796 kB
MemAvailable:    3948120 kB
Buffers:           75492 kB
Cached:          1982356 kB
SwapCached:         1880 kB
Active:          1586768 kB
Inactive:        1843124 kB
Active(anon):     123288 kB
Inactive(anon):  1286688 kB
Active(file):    1463480 kB
Inactive(file):   556436 kB
Unevictable:        6048 kB
Mlocked:            5608 kB
SwapTotal:       4718584 kB
SwapFree:        4538360 kB
Dirty:               164 kB
Writeback:             0 kB
AnonPages:       1376296 kB
Mapped:           546688 kB
Shmem:             33380 kB
KReclaimable:    1347680 kB
Slab:             294256 kB
SReclaimable:      74500 kB
SUnreclaim:       219756 kB
KernelStack:       45840 kB
ShadowCallStack:   11492 kB
PageTables:        64560 kB
NFS_Unstable:          0 kB
Bounce:                0 kB
WritebackTmp:          0 kB
CommitLimit:     8679780 kB
Committed_AS:   63702152 kB
VmallocTotal:   263061440 kB
VmallocUsed:      126956 kB
VmallocChunk:          0 kB
Percpu:             6264 kB
CmaTotal:         405504 kB
CmaFree:           49644 kB
MemTotal:        7922396 kB
MemFree:          973224 kB
MemAvailable:    3951312 kB
Buffers:           75492 kB
Cached:          1983088 kB
SwapCached:         1880 kB
Active:          1587472 kB
Inactive:        1840452 kB
Active(anon):     123288 kB
Inactive(anon):  1283988 kB
Active(file):    1464184 kB
Inactive(file):   556464 kB
Unevictable:        6048 kB
Mlocked:            5608 kB
SwapTotal:       4718584 kB
SwapFree:        4538360 kB
Dirty:               116 kB
Writeback:             0 kB
AnonPages:       1373596 kB
Mapped:           546764 kB
Shmem:             33380 kB
KReclaimable:    1347712 kB
Slab:             294276 kB
SReclaimable:      74532 kB
SUnreclaim:       219744 kB
KernelStack:       45760 kB
ShadowCallStack:   11464 kB
PageTables:        64572 kB
NFS_Unstable:          0 kB
Bounce:                0 kB
WritebackTmp:          0 kB
CommitLimit:     8679780 kB
Committed_AS:   63701848 kB
VmallocTotal:   263061440 kB
VmallocUsed:      126860 kB
VmallocChunk:          0 kB
Percpu:             6264 kB
CmaTotal:         405504 kB
CmaFree:           49652 kB
MemTotal:        7922396 kB
MemFree:          974580 kB
MemAvailable:    3952668 kB
Buffers:           75492 kB
Cached:          1983088 kB
SwapCached:         1880 kB
Active:          1587468 kB
Inactive:        1840824 kB
Active(anon):     123284 kB
Inactive(anon):  1284360 kB
Active(file):    1464184 kB
Inactive(file):   556464 kB
Unevictable:        6048 kB
Mlocked:            5608 kB
SwapTotal:       4718584 kB
SwapFree:        4538360 kB
Dirty:               132 kB
Writeback:             0 kB
AnonPages:       1373976 kB
Mapped:           546760 kB
Shmem:             33380 kB
KReclaimable:    1347712 kB
Slab:             294248 kB
SReclaimable:      74532 kB
SUnreclaim:       219716 kB
KernelStack:       45744 kB
ShadowCallStack:   11468 kB
PageTables:        64584 kB
NFS_Unstable:          0 kB
Bounce:                0 kB
WritebackTmp:          0 kB
CommitLimit:     8679780 kB
Committed_AS:   63701840 kB
VmallocTotal:   263061440 kB
VmallocUsed:      126848 kB
VmallocChunk:          0 kB
Percpu:             6264 kB
CmaTotal:         405504 kB
CmaFree:           49652 kB
MemTotal:        7922396 kB
MemFree:          972912 kB
MemAvailable:    3951008 kB
Buffers:           75492 kB
Cached:          1983096 kB
SwapCached:         1880 kB
Active:          1587472 kB
Inactive:        1841396 kB
Active(anon):     123288 kB
Inactive(anon):  1284924 kB
Active(file):    1464184 kB
Inactive(file):   556472 kB
Unevictable:        6048 kB
Mlocked:            5608 kB
SwapTotal:       4718584 kB
SwapFree:        4538360 kB
Dirty:               140 kB
Writeback:             0 kB
AnonPages:       1374564 kB
Mapped:           546764 kB
Shmem:             33380 kB
KReclaimable:    1347712 kB
Slab:             294244 kB
SReclaimable:      74532 kB
SUnreclaim:       219712 kB
KernelStack:       45744 kB
ShadowCallStack:   11460 kB
PageTables:        64552 kB
NFS_Unstable:          0 kB
Bounce:                0 kB
WritebackTmp:          0 kB
CommitLimit:     8679780 kB
Committed_AS:   63701796 kB
VmallocTotal:   263061440 kB
VmallocUsed:      126844 kB
VmallocChunk:          0 kB
Percpu:             6264 kB
CmaTotal:         405504 kB
CmaFree:           49652 kB
MemTotal:        7922396 kB
MemFree:          973568 kB
MemAvailable:    3951684 kB
Buffers:           75500 kB
Cached:          1983108 kB
SwapCached:         1880 kB
Active:          1587480 kB
Inactive:        1841780 kB
Active(anon):     123288 kB
Inactive(anon):  1285296 kB
Active(file):    1464192 kB
Inactive(file):   556484 kB
Unevictable:        6048 kB
Mlocked:            5608 kB
SwapTotal:       4718584 kB
SwapFree:        4538360 kB
Dirty:               244 kB
Writeback:             0 kB
AnonPages:       1374864 kB
Mapped:           546768 kB
Shmem:             33380 kB
KReclaimable:    1347712 kB
Slab:             294240 kB
SReclaimable:      74532 kB
SUnreclaim:       219708 kB
KernelStack:       45744 kB
ShadowCallStack:   11460 kB
PageTables:        64544 kB
NFS_Unstable:          0 kB
Bounce:                0 kB
WritebackTmp:          0 kB
CommitLimit:     8679780 kB
Committed_AS:   63701800 kB
VmallocTotal:   263061440 kB
VmallocUsed:      126844 kB
VmallocChunk:          0 kB
Percpu:             6264 kB
CmaTotal:         405504 kB
CmaFree:           49652 kB
MemTotal:        7922396 kB
MemFree:          970760 kB
MemAvailable:    3949704 kB
Buffers:           75500 kB
Cached:          1983120 kB
SwapCached:         1880 kB
Active:          1587480 kB
Inactive:        1842432 kB
Active(anon):     123288 kB
Inactive(anon):  1285936 kB
Active(file):    1464192 kB
Inactive(file):   556496 kB
Unevictable:        6048 kB
Mlocked:            5608 kB
SwapTotal:       4718584 kB
SwapFree:        4538360 kB
Dirty:               108 kB
Writeback:           172 kB
AnonPages:       1375624 kB
Mapped:           545964 kB
Shmem:             33380 kB
KReclaimable:    1348528 kB
Slab:             294292 kB
SReclaimable:      74516 kB
SUnreclaim:       219776 kB
KernelStack:       45712 kB
ShadowCallStack:   11480 kB
PageTables:        64360 kB
NFS_Unstable:          0 kB
Bounce:                0 kB
WritebackTmp:          0 kB
CommitLimit:     8679780 kB
Committed_AS:   63701796 kB
VmallocTotal:   263061440 kB
VmallocUsed:      126840 kB
VmallocChunk:          0 kB
Percpu:             6264 kB
CmaTotal:         405504 kB
CmaFree:           49652 kB
MemTotal:        7922396 kB
MemFree:          970952 kB
MemAvailable:    3949932 kB
Buffers:           75500 kB
Cached:          1983124 kB
SwapCached:         1880 kB
Active:          1587484 kB
Inactive:        1842884 kB
Active(anon):     123292 kB
Inactive(anon):  1286384 kB
Active(file):    1464192 kB
Inactive(file):   556500 kB
Unevictable:        6048 kB
Mlocked:            5608 kB
SwapTotal:       4718584 kB
SwapFree:        4538360 kB
Dirty:               136 kB
Writeback:             0 kB
AnonPages:       1376080 kB
Mapped:           545972 kB
Shmem:             33380 kB
KReclaimable:    1348560 kB
Slab:             294268 kB
SReclaimable:      74548 kB
SUnreclaim:       219720 kB
KernelStack:       45728 kB
ShadowCallStack:   11448 kB
PageTables:        64568 kB
NFS_Unstable:          0 kB
Bounce:                0 kB
WritebackTmp:          0 kB
CommitLimit:     8679780 kB
Committed_AS:   63701796 kB
VmallocTotal:   263061440 kB
VmallocUsed:      126808 kB
VmallocChunk:          0 kB
Percpu:             6264 kB
CmaTotal:         405504 kB
CmaFree:           49648 kB
MemTotal:        7922396 kB
MemFree:          970920 kB
MemAvailable:    3949904 kB
Buffers:           75500 kB
Cached:          1983128 kB
SwapCached:         1880 kB
Active:          1587476 kB
Inactive:        1843100 kB
Active(anon):     123284 kB
Inactive(anon):  1286596 kB
Active(file):    1464192 kB
Inactive(file):   556504 kB
Unevictable:        6048 kB
Mlocked:            5608 kB
SwapTotal:       4718584 kB
SwapFree:        4538360 kB
Dirty:               148 kB
Writeback:             0 kB
AnonPages:       1376152 kB
Mapped:           546028 kB
Shmem:             33380 kB
KReclaimable:    1348560 kB
Slab:             294264 kB
SReclaimable:      74548 kB
SUnreclaim:       219716 kB
KernelStack:       45728 kB
ShadowCallStack:   11452 kB
PageTables:        64364 kB
NFS_Unstable:          0 kB
Bounce:                0 kB
WritebackTmp:          0 kB
CommitLimit:     8679780 kB
Committed_AS:   63701796 kB
VmallocTotal:   263061440 kB
VmallocUsed:      126840 kB
VmallocChunk:          0 kB
Percpu:             6264 kB
CmaTotal:         405504 kB
CmaFree:           49656 kB
MemTotal:        7922396 kB
MemFree:          970620 kB
MemAvailable:    3949644 kB
Buffers:           75508 kB
Cached:          1983148 kB
SwapCached:         1880 kB
Active:          1587492 kB
Inactive:        1842924 kB
Active(anon):     123292 kB
Inactive(anon):  1286404 kB
Active(file):    1464200 kB
Inactive(file):   556520 kB
Unevictable:        6048 kB
Mlocked:            5608 kB
SwapTotal:       4718584 kB
SwapFree:        4538360 kB
Dirty:               172 kB
Writeback:             0 kB
AnonPages:       1375920 kB
Mapped:           546040 kB
Shmem:             33384 kB
KReclaimable:    1348576 kB
Slab:             294280 kB
SReclaimable:      74564 kB
SUnreclaim:       219716 kB
KernelStack:       45776 kB
ShadowCallStack:   11460 kB
PageTables:        64676 kB
NFS_Unstable:          0 kB
Bounce:                0 kB
WritebackTmp:          0 kB
CommitLimit:     8679780 kB
Committed_AS:   63701800 kB
VmallocTotal:   263061440 kB
VmallocUsed:      126812 kB
VmallocChunk:          0 kB
Percpu:             6264 kB
CmaTotal:         405504 kB
CmaFree:           49644 kB
MemTotal:        7922396 kB
MemFree:          970864 kB
MemAvailable:    3949892 kB
Buffers:           75516 kB
Cached:          1983144 kB
SwapCached:         1880 kB
Active:          1587492 kB
Inactive:        1843764 kB
Active(anon):     123292 kB
Inactive(anon):  1287240 kB
Active(file):    1464200 kB
Inactive(file):   556524 kB
Unevictable:        6048 kB
Mlocked:            5608 kB
SwapTotal:       4718584 kB
SwapFree:        4538360 kB
Dirty:               180 kB
Writeback:             0 kB
AnonPages:       1376772 kB
Mapped:           546116 kB
Shmem:             33384 kB
KReclaimable:    1348576 kB
Slab:             294284 kB
SReclaimable:      74564 kB
SUnreclaim:       219720 kB
KernelStack:       45744 kB
ShadowCallStack:   11464 kB
PageTables:        64620 kB
NFS_Unstable:          0 kB
Bounce:                0 kB
WritebackTmp:          0 kB
CommitLimit:     8679780 kB
Committed_AS:   63701800 kB
VmallocTotal:   263061440 kB
VmallocUsed:      126812 kB
VmallocChunk:          0 kB
Percpu:             6264 kB
CmaTotal:         405504 kB
CmaFree:           49648 kB
MemTotal:        7922396 kB
MemFree:          969972 kB
MemAvailable:    3949016 kB
Buffers:           75516 kB
Cached:          1983224 kB
SwapCached:         1880 kB
Active:          1587488 kB
Inactive:        1844600 kB
Active(anon):     123280 kB
Inactive(anon):  1288068 kB
Active(file):    1464208 kB
Inactive(file):   556532 kB
Unevictable:        6048 kB
Mlocked:            5608 kB
SwapTotal:       4718584 kB
SwapFree:        4538360 kB
Dirty:               248 kB
Writeback:             0 kB
AnonPages:       1377724 kB
Mapped:           546004 kB
Shmem:             33448 kB
KReclaimable:    1348576 kB
Slab:             294284 kB
SReclaimable:      74564 kB
SUnreclaim:       219720 kB
KernelStack:       45696 kB
ShadowCallStack:   11468 kB
PageTables:        64440 kB
NFS_Unstable:          0 kB
Bounce:                0 kB
WritebackTmp:          0 kB
CommitLimit:     8679780 kB
Committed_AS:   63701820 kB
VmallocTotal:   263061440 kB
VmallocUsed:      126840 kB
VmallocChunk:          0 kB
Percpu:             6264 kB
CmaTotal:         405504 kB
CmaFree:           49652 kB
MemTotal:        7922396 kB
MemFree:          969572 kB
MemAvailable:    3948624 kB
Buffers:           75516 kB
Cached:          1983232 kB
SwapCached:         1880 kB
Active:          1587496 kB
Inactive:        1844856 kB
Active(anon):     123288 kB
Inactive(anon):  1288316 kB
Active(file):    1464208 kB
Inactive(file):   556540 kB
Unevictable:        6048 kB
Mlocked:            5608 kB
SwapTotal:       4718584 kB
SwapFree:        4538360 kB
Dirty:                92 kB
Writeback:             0 kB
AnonPages:       1377688 kB
Mapped:           546148 kB
Shmem:             33448 kB
KReclaimable:    1348576 kB
Slab:             294284 kB
SReclaimable:      74564 kB
SUnreclaim:       219720 kB
KernelStack:       45696 kB
ShadowCallStack:   11476 kB
PageTables:        64380 kB
NFS_Unstable:          0 kB
Bounce:                0 kB
WritebackTmp:          0 kB
CommitLimit:     8679780 kB
Committed_AS:   63701820 kB
VmallocTotal:   263061440 kB
VmallocUsed:      126816 kB
VmallocChunk:          0 kB
Percpu:             6264 kB
CmaTotal:         405504 kB
CmaFree:           49652 kB
MemTotal:        7922396 kB
MemFree:          968100 kB
MemAvailable:    3947164 kB
Buffers:           75516 kB
Cached:          1983244 kB
SwapCached:         1880 kB
Active:          1587496 kB
Inactive:        1844968 kB
Active(anon):     123288 kB
Inactive(anon):  1288416 kB
Active(file):    1464208 kB
Inactive(file):   556552 kB
Unevictable:        6048 kB
Mlocked:            5608 kB
SwapTotal:       4718584 kB
SwapFree:        4538360 kB
Dirty:               144 kB
Writeback:             0 kB
AnonPages:       1378000 kB
Mapped:           546000 kB
Shmem:             33448 kB
KReclaimable:    1348576 kB
Slab:             294284 kB
SReclaimable:      74564 kB
SUnreclaim:       219720 kB
KernelStack:       45712 kB
ShadowCallStack:   11452 kB
PageTables:        64560 kB
NFS_Unstable:          0 kB
Bounce:                0 kB
WritebackTmp:          0 kB
CommitLimit:     8679780 kB
Committed_AS:   63701820 kB
VmallocTotal:   263061440 kB
VmallocUsed:      126780 kB
VmallocChunk:          0 kB
Percpu:             6264 kB
CmaTotal:         405504 kB
CmaFree:           49652 kB
MemTotal:        7922396 kB
MemFree:          971364 kB
MemAvailable:    3950432 kB
Buffers:           75516 kB
Cached:          1983248 kB
SwapCached:         1880 kB
Active:          1587492 kB
Inactive:        1843540 kB
Active(anon):     123284 kB
Inactive(anon):  1286984 kB
Active(file):    1464208 kB
Inactive(file):   556556 kB
Unevictable:        6048 kB
Mlocked:            5608 kB
SwapTotal:       4718584 kB
SwapFree:        4538360 kB
Dirty:               152 kB
Writeback:             0 kB
AnonPages:       1376496 kB
Mapped:           546024 kB
Shmem:             33448 kB
KReclaimable:    1348576 kB
Slab:             294284 kB
SReclaimable:      74564 kB
SUnreclaim:       219720 kB
KernelStack:       45712 kB
ShadowCallStack:   11452 kB
PageTables:        64508 kB
NFS_Unstable:          0 kB
Bounce:                0 kB
WritebackTmp:          0 kB
CommitLimit:     8679780 kB
Committed_AS:   63701820 kB
VmallocTotal:   263061440 kB
VmallocUsed:      126788 kB
VmallocChunk:          0 kB
Percpu:             6264 kB
CmaTotal:         405504 kB
CmaFree:           49652 kB
MemTotal:        7922396 kB
MemFree:          969764 kB
MemAvailable:    3948796 kB
Buffers:           75524 kB
Cached:          1983260 kB
SwapCached:         1880 kB
Active:          1587504 kB
Inactive:        1844428 kB
Active(anon):     123288 kB
Inactive(anon):  1287868 kB
Active(file):    1464216 kB
Inactive(file):   556560 kB
Unevictable:        6048 kB
Mlocked:            5608 kB
SwapTotal:       4718584 kB
SwapFree:        4538360 kB
Dirty:               204 kB
Writeback:             0 kB
AnonPages:       1377372 kB
Mapped:           546080 kB
Shmem:             33456 kB
KReclaimable:    1348528 kB
Slab:             294236 kB
SReclaimable:      74516 kB
SUnreclaim:       219720 kB
KernelStack:       45728 kB
ShadowCallStack:   11452 kB
PageTables:        64500 kB
NFS_Unstable:          0 kB
Bounce:                0 kB
WritebackTmp:          0 kB
CommitLimit:     8679780 kB
Committed_AS:   63701828 kB
VmallocTotal:   263061440 kB
VmallocUsed:      126792 kB
VmallocChunk:          0 kB
Percpu:             6264 kB
CmaTotal:         405504 kB
CmaFree:           49652 kB
MemTotal:        7922396 kB
MemFree:          969228 kB
MemAvailable:    3948276 kB
Buffers:           75524 kB
Cached:          1983276 kB
SwapCached:         1880 kB
Active:          1587504 kB
Inactive:        1844792 kB
Active(anon):     123288 kB
Inactive(anon):  1288216 kB
Active(file):    1464216 kB
Inactive(file):   556576 kB
Unevictable:        6048 kB
Mlocked:            5608 kB
SwapTotal:       4718584 kB
SwapFree:        4538360 kB
Dirty:               224 kB
Writeback:             0 kB
AnonPages:       1377756 kB
Mapped:           546024 kB
Shmem:             33456 kB
KReclaimable:    1348528 kB
Slab:             294240 kB
SReclaimable:      74516 kB
SUnreclaim:       219724 kB
KernelStack:       45744 kB
ShadowCallStack:   11460 kB
PageTables:        64560 kB
NFS_Unstable:          0 kB
Bounce:                0 kB
WritebackTmp:          0 kB
CommitLimit:     8679780 kB
Committed_AS:   63701828 kB
VmallocTotal:   263061440 kB
VmallocUsed:      126808 kB
VmallocChunk:          0 kB
Percpu:             6264 kB
CmaTotal:         405504 kB
CmaFree:           49652 kB
MemTotal:        7922396 kB
MemFree:          968680 kB
MemAvailable:    3947752 kB
Buffers:           75524 kB
Cached:          1983284 kB
SwapCached:         1880 kB
Active:          1587500 kB
Inactive:        1844868 kB
Active(anon):     123284 kB
Inactive(anon):  1288284 kB
Active(file):    1464216 kB
Inactive(file):   556584 kB
Unevictable:        6048 kB
Mlocked:            5608 kB
SwapTotal:       4718584 kB
SwapFree:        4538360 kB
Dirty:               100 kB
Writeback:             0 kB
AnonPages:       1377804 kB
Mapped:           546004 kB
Shmem:             33456 kB
KReclaimable:    1348544 kB
Slab:             294224 kB
SReclaimable:      74532 kB
SUnreclaim:       219692 kB
KernelStack:       45744 kB
ShadowCallStack:   11460 kB
PageTables:        64572 kB
NFS_Unstable:          0 kB
Bounce:                0 kB
WritebackTmp:          0 kB
CommitLimit:     8679780 kB
Committed_AS:   63701828 kB
VmallocTotal:   263061440 kB
VmallocUsed:      126840 kB
VmallocChunk:          0 kB
Percpu:             6264 kB
CmaTotal:         405504 kB
CmaFree:           49652 kB
MemTotal:        7922396 kB
MemFree:          967940 kB
MemAvailable:    3947000 kB
Buffers:           75524 kB
Cached:          1983288 kB
SwapCached:         1880 kB
Active:          1587500 kB
Inactive:        1844976 kB
Active(anon):     123284 kB
Inactive(anon):  1288388 kB
Active(file):    1464216 kB
Inactive(file):   556588 kB
Unevictable:        6048 kB
Mlocked:            5608 kB
SwapTotal:       4718584 kB
SwapFree:        4538360 kB
Dirty:               120 kB
Writeback:             0 kB
AnonPages:       1377936 kB
Mapped:           546008 kB
Shmem:             33456 kB
KReclaimable:    1348528 kB
Slab:             294212 kB
SReclaimable:      74516 kB
SUnreclaim:       219696 kB
KernelStack:       45744 kB
ShadowCallStack:   11460 kB
PageTables:        64568 kB
NFS_Unstable:          0 kB
Bounce:                0 kB
WritebackTmp:          0 kB
CommitLimit:     8679780 kB
Committed_AS:   63701828 kB
VmallocTotal:   263061440 kB
VmallocUsed:      126860 kB
VmallocChunk:          0 kB
Percpu:             6264 kB
CmaTotal:         405504 kB
CmaFree:           49652 kB
MemTotal:        7922396 kB
MemFree:          969536 kB
MemAvailable:    3948600 kB
Buffers:           75524 kB
Cached:          1983292 kB
SwapCached:         1880 kB
Active:          1587492 kB
Inactive:        1843932 kB
Active(anon):     123276 kB
Inactive(anon):  1287340 kB
Active(file):    1464216 kB
Inactive(file):   556592 kB
Unevictable:        6048 kB
Mlocked:            5608 kB
SwapTotal:       4718584 kB
SwapFree:        4538360 kB
Dirty:               140 kB
Writeback:             0 kB
AnonPages:       1376896 kB
Mapped:           546008 kB
Shmem:             33456 kB
KReclaimable:    1348528 kB
Slab:             294220 kB
SReclaimable:      74516 kB
SUnreclaim:       219704 kB
KernelStack:       45712 kB
ShadowCallStack:   11452 kB
PageTables:        64612 kB
NFS_Unstable:          0 kB
Bounce:                0 kB
WritebackTmp:          0 kB
CommitLimit:     8679780 kB
Committed_AS:   63701828 kB
VmallocTotal:   263061440 kB
VmallocUsed:      126828 kB
VmallocChunk:          0 kB
Percpu:             6264 kB
CmaTotal:         405504 kB
CmaFree:           49636 kB
MemTotal:        7922396 kB
MemFree:          970928 kB
MemAvailable:    3950028 kB
Buffers:           75532 kB
Cached:          1983304 kB
SwapCached:         1880 kB
Active:          1587512 kB
Inactive:        1844488 kB
Active(anon):     123288 kB
Inactive(anon):  1287884 kB
Active(file):    1464224 kB
Inactive(file):   556604 kB
Unevictable:        6048 kB
Mlocked:            5608 kB
SwapTotal:       4718584 kB
SwapFree:        4538360 kB
Dirty:               200 kB
Writeback:             0 kB
AnonPages:       1377460 kB
Mapped:           546008 kB
Shmem:             33456 kB
KReclaimable:    1348544 kB
Slab:             294240 kB
SReclaimable:      74532 kB
SUnreclaim:       219708 kB
KernelStack:       45744 kB
ShadowCallStack:   11460 kB
PageTables:        64536 kB
NFS_Unstable:          0 kB
Bounce:                0 kB
WritebackTmp:          0 kB
CommitLimit:     8679780 kB
Committed_AS:   63701832 kB
VmallocTotal:   263061440 kB
VmallocUsed:      126824 kB
VmallocChunk:          0 kB
Percpu:             6264 kB
CmaTotal:         405504 kB
CmaFree:           49652 kB
MemTotal:        7922396 kB
MemFree:          968336 kB
MemAvailable:    3947476 kB
Buffers:           75532 kB
Cached:          1983312 kB
SwapCached:         1880 kB
Active:          1587512 kB
Inactive:        1845364 kB
Active(anon):     123288 kB
Inactive(anon):  1288752 kB
Active(file):    1464224 kB
Inactive(file):   556612 kB
Unevictable:        6048 kB
Mlocked:            5608 kB
SwapTotal:       4718584 kB
SwapFree:        4538360 kB
Dirty:               212 kB
Writeback:             0 kB
AnonPages:       1378272 kB
Mapped:           546008 kB
Shmem:             33456 kB
KReclaimable:    1348576 kB
Slab:             294272 kB
SReclaimable:      74564 kB
SUnreclaim:       219708 kB
KernelStack:       45744 kB
ShadowCallStack:   11472 kB
PageTables:        64448 kB
NFS_Unstable:          0 kB
Bounce:                0 kB
WritebackTmp:          0 kB
CommitLimit:     8679780 kB
Committed_AS:   63701828 kB
VmallocTotal:   263061440 kB
VmallocUsed:      126844 kB
VmallocChunk:          0 kB
Percpu:             6264 kB
CmaTotal:         405504 kB
CmaFree:           49652 kB
MemTotal:        7922396 kB
MemFree:          968284 kB
MemAvailable:    3947476 kB
Buffers:           75532 kB
Cached:          1983316 kB
SwapCached:         1880 kB
Active:          1587512 kB
Inactive:        1845752 kB
Active(anon):     123288 kB
Inactive(anon):  1289136 kB
Active(file):    1464224 kB
Inactive(file):   556616 kB
Unevictable:        6048 kB
Mlocked:            5608 kB
SwapTotal:       4718584 kB
SwapFree:        4538360 kB
Dirty:                92 kB
Writeback:             0 kB
AnonPages:       1378624 kB
Mapped:           546008 kB
Shmem:             33456 kB
KReclaimable:    1348624 kB
Slab:             294328 kB
SReclaimable:      74612 kB
SUnreclaim:       219716 kB
KernelStack:       45744 kB
ShadowCallStack:   11460 kB
PageTables:        64528 kB
NFS_Unstable:          0 kB
Bounce:                0 kB
WritebackTmp:          0 kB
CommitLimit:     8679780 kB
Committed_AS:   63701828 kB
VmallocTotal:   263061440 kB
VmallocUsed:      126844 kB
VmallocChunk:          0 kB
Percpu:             6264 kB
CmaTotal:         405504 kB
CmaFree:           49652 kB
MemTotal:        7922396 kB
MemFree:          968408 kB
MemAvailable:    3947608 kB
Buffers:           75532 kB
Cached:          1983324 kB
SwapCached:         1880 kB
Active:          1587508 kB
Inactive:        1845704 kB
Active(anon):     123284 kB
Inactive(anon):  1289080 kB
Active(file):    1464224 kB
Inactive(file):   556624 kB
Unevictable:        6048 kB
Mlocked:            5608 kB
SwapTotal:       4718584 kB
SwapFree:        4538360 kB
Dirty:               132 kB
Writeback:             0 kB
AnonPages:       1378720 kB
Mapped:           546208 kB
Shmem:             33456 kB
KReclaimable:    1348624 kB
Slab:             294332 kB
SReclaimable:      74612 kB
SUnreclaim:       219720 kB
KernelStack:       45744 kB
ShadowCallStack:   11448 kB
PageTables:        64636 kB
NFS_Unstable:          0 kB
Bounce:                0 kB
WritebackTmp:          0 kB
CommitLimit:     8679780 kB
Committed_AS:   63701828 kB
VmallocTotal:   263061440 kB
VmallocUsed:      126824 kB
VmallocChunk:          0 kB
Percpu:             6264 kB
CmaTotal:         405504 kB
CmaFree:           49652 kB
MemTotal:        7922396 kB
MemFree:          967968 kB
MemAvailable:    3947120 kB
Buffers:           75540 kB
Cached:          1983332 kB
SwapCached:         1880 kB
Active:          1587520 kB
Inactive:        1846076 kB
Active(anon):     123288 kB
Inactive(anon):  1289444 kB
Active(file):    1464232 kB
Inactive(file):   556632 kB
Unevictable:        6048 kB
Mlocked:            5608 kB
SwapTotal:       4718584 kB
SwapFree:        4538360 kB
Dirty:               140 kB
Writeback:             0 kB
AnonPages:       1378936 kB
Mapped:           546008 kB
Shmem:             33456 kB
KReclaimable:    1348560 kB
Slab:             294280 kB
SReclaimable:      74548 kB
SUnreclaim:       219732 kB
KernelStack:       45760 kB
ShadowCallStack:   11464 kB
PageTables:        64512 kB
NFS_Unstable:          0 kB
Bounce:                0 kB
WritebackTmp:          0 kB
CommitLimit:     8679780 kB
Committed_AS:   63701872 kB
VmallocTotal:   263061440 kB
VmallocUsed:      126864 kB
VmallocChunk:          0 kB
Percpu:             6264 kB
CmaTotal:         405504 kB
CmaFree:           49652 kB
MemTotal:        7922396 kB
MemFree:          967256 kB
MemAvailable:    3946420 kB
Buffers:           75540 kB
Cached:          1983344 kB
SwapCached:         1880 kB
Active:          1587512 kB
Inactive:        1847044 kB
Active(anon):     123280 kB
Inactive(anon):  1290400 kB
Active(file):    1464232 kB
Inactive(file):   556644 kB
Unevictable:        6048 kB
Mlocked:            5608 kB
SwapTotal:       4718584 kB
SwapFree:        4538360 kB
Dirty:               100 kB
Writeback:             0 kB
AnonPages:       1380092 kB
Mapped:           546008 kB
Shmem:             33456 kB
KReclaimable:    1348560 kB
Slab:             294288 kB
SReclaimable:      74548 kB
SUnreclaim:       219740 kB
KernelStack:       45744 kB
ShadowCallStack:   11448 kB
PageTables:        64320 kB
NFS_Unstable:          0 kB
Bounce:                0 kB
WritebackTmp:          0 kB
CommitLimit:     8679780 kB
Committed_AS:   63701828 kB
VmallocTotal:   263061440 kB
VmallocUsed:      126856 kB
VmallocChunk:          0 kB
Percpu:             6264 kB
CmaTotal:         405504 kB
CmaFree:           49652 kB
MemTotal:        7922396 kB
MemFree:          965064 kB
MemAvailable:    3944284 kB
Buffers:           75548 kB
Cached:          1983344 kB
SwapCached:         1880 kB
Active:          1587524 kB
Inactive:        1848264 kB
Active(anon):     123284 kB
Inactive(anon):  1291620 kB
Active(file):    1464240 kB
Inactive(file):   556644 kB
Unevictable:        6048 kB
Mlocked:            5608 kB
SwapTotal:       4718584 kB
SwapFree:        4538360 kB
Dirty:               160 kB
Writeback:             0 kB
AnonPages:       1381100 kB
Mapped:           546008 kB
Shmem:             33456 kB
KReclaimable:    1348608 kB
Slab:             294332 kB
SReclaimable:      74596 kB
SUnreclaim:       219736 kB
KernelStack:       45744 kB
ShadowCallStack:   11460 kB
PageTables:        64568 kB
NFS_Unstable:          0 kB
Bounce:                0 kB
WritebackTmp:          0 kB
CommitLimit:     8679780 kB
Committed_AS:   63701832 kB
VmallocTotal:   263061440 kB
VmallocUsed:      126860 kB
VmallocChunk:          0 kB
Percpu:             6264 kB
CmaTotal:         405504 kB
CmaFree:           49652 kB
MemTotal:        7922396 kB
MemFree:          965300 kB
MemAvailable:    3944468 kB
Buffers:           75548 kB
Cached:          1983356 kB
SwapCached:         1880 kB
Active:          1587500 kB
Inactive:        1847928 kB
Active(anon):     123260 kB
Inactive(anon):  1291272 kB
Active(file):    1464240 kB
Inactive(file):   556656 kB
Unevictable:        6048 kB
Mlocked:            5608 kB
SwapTotal:       4718584 kB
SwapFree:        4538360 kB
Dirty:               196 kB
Writeback:             0 kB
AnonPages:       1380784 kB
Mapped:           546084 kB
Shmem:             33456 kB
KReclaimable:    1348544 kB
Slab:             294264 kB
SReclaimable:      74532 kB
SUnreclaim:       219732 kB
KernelStack:       45552 kB
ShadowCallStack:   11416 kB
PageTables:        64532 kB
NFS_Unstable:          0 kB
Bounce:                0 kB
WritebackTmp:          0 kB
CommitLimit:     8679780 kB
Committed_AS:   63701260 kB
VmallocTotal:   263061440 kB
VmallocUsed:      126640 kB
VmallocChunk:          0 kB
Percpu:             6264 kB
CmaTotal:         405504 kB
CmaFree:           49652 kB
MemTotal:        7922396 kB
MemFree:          966292 kB
MemAvailable:    3945468 kB
Buffers:           75548 kB
Cached:          1983364 kB
SwapCached:         1880 kB
Active:          1587460 kB
Inactive:        1847692 kB
Active(anon):     123220 kB
Inactive(anon):  1291028 kB
Active(file):    1464240 kB
Inactive(file):   556664 kB
Unevictable:        6048 kB
Mlocked:            5608 kB
SwapTotal:       4718584 kB
SwapFree:        4538360 kB
Dirty:               208 kB
Writeback:             0 kB
AnonPages:       1380544 kB
Mapped:           546156 kB
Shmem:             33456 kB
KReclaimable:    1348544 kB
Slab:             294264 kB
SReclaimable:      74532 kB
SUnreclaim:       219732 kB
KernelStack:       45344 kB
ShadowCallStack:   11368 kB
PageTables:        64516 kB
NFS_Unstable:          0 kB
Bounce:                0 kB
WritebackTmp:          0 kB
CommitLimit:     8679780 kB
Committed_AS:   63700736 kB
VmallocTotal:   263061440 kB
VmallocUsed:      126388 kB
VmallocChunk:          0 kB
Percpu:             6264 kB
CmaTotal:         405504 kB
CmaFree:           49652 kB
MemTotal:        7922396 kB
MemFree:          966760 kB
MemAvailable:    3945944 kB
Buffers:           75548 kB
Cached:          1983372 kB
SwapCached:         1880 kB
Active:          1587464 kB
Inactive:        1847712 kB
Active(anon):     123224 kB
Inactive(anon):  1291040 kB
Active(file):    1464240 kB
Inactive(file):   556672 kB
Unevictable:        6048 kB
Mlocked:            5608 kB
SwapTotal:       4718584 kB
SwapFree:        4538360 kB
Dirty:               224 kB
Writeback:             0 kB
AnonPages:       1380460 kB
Mapped:           546008 kB
Shmem:             33456 kB
KReclaimable:    1348544 kB
Slab:             294264 kB
SReclaimable:      74532 kB
SUnreclaim:       219732 kB
KernelStack:       45408 kB
ShadowCallStack:   11376 kB
PageTables:        64548 kB
NFS_Unstable:          0 kB
Bounce:                0 kB
WritebackTmp:          0 kB
CommitLimit:     8679780 kB
Committed_AS:   63700736 kB
VmallocTotal:   263061440 kB
VmallocUsed:      126420 kB
VmallocChunk:          0 kB
Percpu:             6264 kB
CmaTotal:         405504 kB
CmaFree:           49652 kB
MemTotal:        7922396 kB
MemFree:          966440 kB
MemAvailable:    3945632 kB
Buffers:           75548 kB
Cached:          1983380 kB
SwapCached:         1880 kB
Active:          1587464 kB
Inactive:        1848216 kB
Active(anon):     123224 kB
Inactive(anon):  1291536 kB
Active(file):    1464240 kB
Inactive(file):   556680 kB
Unevictable:        6048 kB
Mlocked:            5608 kB
SwapTotal:       4718584 kB
SwapFree:        4538360 kB
Dirty:               252 kB
Writeback:             0 kB
AnonPages:       1380980 kB
Mapped:           546132 kB
Shmem:             33456 kB
KReclaimable:    1348544 kB
Slab:             294264 kB
SReclaimable:      74532 kB
SUnreclaim:       219732 kB
KernelStack:       45392 kB
ShadowCallStack:   11360 kB
PageTables:        64448 kB
NFS_Unstable:          0 kB
Bounce:                0 kB
WritebackTmp:          0 kB
CommitLimit:     8679780 kB
Committed_AS:   63700740 kB
VmallocTotal:   263061440 kB
VmallocUsed:      126420 kB
VmallocChunk:          0 kB
Percpu:             6264 kB
CmaTotal:         405504 kB
CmaFree:           49624 kB
MemTotal:        7922396 kB
MemFree:          965604 kB
MemAvailable:    3944812 kB
Buffers:           75556 kB
Cached:          1983388 kB
SwapCached:         1880 kB
Active:          1587472 kB
Inactive:        1848728 kB
Active(anon):     123224 kB
Inactive(anon):  1292040 kB
Active(file):    1464248 kB
Inactive(file):   556688 kB
Unevictable:        6048 kB
Mlocked:            5608 kB
SwapTotal:       4718584 kB
SwapFree:        4538360 kB
Dirty:               284 kB
Writeback:             0 kB
AnonPages:       1381408 kB
Mapped:           546008 kB
Shmem:             33456 kB
KReclaimable:    1348544 kB
Slab:             294264 kB
SReclaimable:      74532 kB
SUnreclaim:       219732 kB
KernelStack:       45360 kB
ShadowCallStack:   11384 kB
PageTables:        64432 kB
NFS_Unstable:          0 kB
Bounce:                0 kB
WritebackTmp:          0 kB
CommitLimit:     8679780 kB
Committed_AS:   63700764 kB
VmallocTotal:   263061440 kB
VmallocUsed:      126392 kB
VmallocChunk:          0 kB
Percpu:             6264 kB
CmaTotal:         405504 kB
CmaFree:           49656 kB
MemTotal:        7922396 kB
MemFree:          967420 kB
MemAvailable:    3946636 kB
Buffers:           75556 kB
Cached:          1983396 kB
SwapCached:         1880 kB
Active:          1587452 kB
Inactive:        1847856 kB
Active(anon):     123204 kB
Inactive(anon):  1291160 kB
Active(file):    1464248 kB
Inactive(file):   556696 kB
Unevictable:        6048 kB
Mlocked:            5608 kB
SwapTotal:       4718584 kB
SwapFree:        4538360 kB
Dirty:               296 kB
Writeback:             0 kB
AnonPages:       1380672 kB
Mapped:           546008 kB
Shmem:             33456 kB
KReclaimable:    1348544 kB
Slab:             294264 kB
SReclaimable:      74532 kB
SUnreclaim:       219732 kB
KernelStack:       45200 kB
ShadowCallStack:   11324 kB
PageTables:        64444 kB
NFS_Unstable:          0 kB
Bounce:                0 kB
WritebackTmp:          0 kB
CommitLimit:     8679780 kB
Committed_AS:   63700112 kB
VmallocTotal:   263061440 kB
VmallocUsed:      126232 kB
VmallocChunk:          0 kB
Percpu:             6264 kB
CmaTotal:         405504 kB
CmaFree:           49652 kB
MemTotal:        7922396 kB
MemFree:          965000 kB
MemAvailable:    3944208 kB
Buffers:           75556 kB
Cached:          1983408 kB
SwapCached:         1880 kB
Active:          1587456 kB
Inactive:        1849500 kB
Active(anon):     123208 kB
Inactive(anon):  1292796 kB
Active(file):    1464248 kB
Inactive(file):   556704 kB
Unevictable:        6048 kB
Mlocked:            5608 kB
SwapTotal:       4718584 kB
SwapFree:        4538360 kB
Dirty:               304 kB
Writeback:             0 kB
AnonPages:       1382300 kB
Mapped:           546132 kB
Shmem:             33460 kB
KReclaimable:    1348528 kB
Slab:             294248 kB
SReclaimable:      74516 kB
SUnreclaim:       219732 kB
KernelStack:       45216 kB
ShadowCallStack:   11348 kB
PageTables:        64636 kB
NFS_Unstable:          0 kB
Bounce:                0 kB
WritebackTmp:          0 kB
CommitLimit:     8679780 kB
Committed_AS:   63700124 kB
VmallocTotal:   263061440 kB
VmallocUsed:      126196 kB
VmallocChunk:          0 kB
Percpu:             6264 kB
CmaTotal:         405504 kB
CmaFree:           49652 kB
MemTotal:        7922396 kB
MemFree:          964920 kB
MemAvailable:    3944112 kB
Buffers:           75556 kB
Cached:          1983432 kB
SwapCached:         1880 kB
Active:          1587456 kB
Inactive:        1850420 kB
Active(anon):     123208 kB
Inactive(anon):  1293700 kB
Active(file):    1464248 kB
Inactive(file):   556720 kB
Unevictable:        6048 kB
Mlocked:            5608 kB
SwapTotal:       4718584 kB
SwapFree:        4538360 kB
Dirty:               324 kB
Writeback:             0 kB
AnonPages:       1383092 kB
Mapped:           546164 kB
Shmem:             33468 kB
KReclaimable:    1348496 kB
Slab:             294216 kB
SReclaimable:      74484 kB
SUnreclaim:       219732 kB
KernelStack:       45232 kB
ShadowCallStack:   11336 kB
PageTables:        64528 kB
NFS_Unstable:          0 kB
Bounce:                0 kB
WritebackTmp:          0 kB
CommitLimit:     8679780 kB
Committed_AS:   63700124 kB
VmallocTotal:   263061440 kB
VmallocUsed:      126236 kB
VmallocChunk:          0 kB
Percpu:             6264 kB
CmaTotal:         405504 kB
CmaFree:           49652 kB
MemTotal:        7922396 kB
MemFree:          964076 kB
MemAvailable:    3943272 kB
Buffers:           75556 kB
Cached:          1983436 kB
SwapCached:         1880 kB
Active:          1587452 kB
Inactive:        1850452 kB
Active(anon):     123204 kB
Inactive(anon):  1293728 kB
Active(file):    1464248 kB
Inactive(file):   556724 kB
Unevictable:        6048 kB
Mlocked:            5608 kB
SwapTotal:       4718584 kB
SwapFree:        4538360 kB
Dirty:               328 kB
Writeback:             0 kB
AnonPages:       1383196 kB
Mapped:           546044 kB
Shmem:             33468 kB
KReclaimable:    1348496 kB
Slab:             294216 kB
SReclaimable:      74484 kB
SUnreclaim:       219732 kB
KernelStack:       45216 kB
ShadowCallStack:   11328 kB
PageTables:        64468 kB
NFS_Unstable:          0 kB
Bounce:                0 kB
WritebackTmp:          0 kB
CommitLimit:     8679780 kB
Committed_AS:   63700128 kB
VmallocTotal:   263061440 kB
VmallocUsed:      126204 kB
VmallocChunk:          0 kB
Percpu:             6264 kB
CmaTotal:         405504 kB
CmaFree:           49652 kB
MemTotal:        7922396 kB
MemFree:          964776 kB
MemAvailable:    3943984 kB
Buffers:           75564 kB
Cached:          1983440 kB
SwapCached:         1880 kB
Active:          1587456 kB
Inactive:        1850776 kB
Active(anon):     123200 kB
Inactive(anon):  1294048 kB
Active(file):    1464256 kB
Inactive(file):   556728 kB
Unevictable:        6048 kB
Mlocked:            5608 kB
SwapTotal:       4718584 kB
SwapFree:        4538360 kB
Dirty:               332 kB
Writeback:             0 kB
AnonPages:       1383320 kB
Mapped:           546176 kB
Shmem:             33468 kB
KReclaimable:    1348496 kB
Slab:             294212 kB
SReclaimable:      74484 kB
SUnreclaim:       219728 kB
KernelStack:       45232 kB
ShadowCallStack:   11312 kB
PageTables:        64472 kB
NFS_Unstable:          0 kB
Bounce:                0 kB
WritebackTmp:          0 kB
CommitLimit:     8679780 kB
Committed_AS:   63700124 kB
VmallocTotal:   263061440 kB
VmallocUsed:      126188 kB
VmallocChunk:          0 kB
Percpu:             6264 kB
CmaTotal:         405504 kB
CmaFree:           49644 kB
MemTotal:        7922396 kB
MemFree:          964544 kB
MemAvailable:    3943792 kB
Buffers:           75564 kB
Cached:          1983448 kB
SwapCached:         1880 kB
Active:          1587464 kB
Inactive:        1850960 kB
Active(anon):     123208 kB
Inactive(anon):  1294224 kB
Active(file):    1464256 kB
Inactive(file):   556736 kB
Unevictable:        6048 kB
Mlocked:            5608 kB
SwapTotal:       4718584 kB
SwapFree:        4538360 kB
Dirty:               348 kB
Writeback:             0 kB
AnonPages:       1383608 kB
Mapped:           546148 kB
Shmem:             33468 kB
KReclaimable:    1348528 kB
Slab:             294244 kB
SReclaimable:      74516 kB
SUnreclaim:       219728 kB
KernelStack:       45232 kB
ShadowCallStack:   11328 kB
PageTables:        64472 kB
NFS_Unstable:          0 kB
Bounce:                0 kB
WritebackTmp:          0 kB
CommitLimit:     8679780 kB
Committed_AS:   63700124 kB
VmallocTotal:   263061440 kB
VmallocUsed:      126184 kB
VmallocChunk:          0 kB
Percpu:             6264 kB
CmaTotal:         405504 kB
CmaFree:           49652 kB
MemTotal:        7922396 kB
MemFree:          963948 kB
MemAvailable:    3943204 kB
Buffers:           75564 kB
Cached:          1983456 kB
SwapCached:         1880 kB
Active:          1587452 kB
Inactive:        1851240 kB
Active(anon):     123196 kB
Inactive(anon):  1294496 kB
Active(file):    1464256 kB
Inactive(file):   556744 kB
Unevictable:        6048 kB
Mlocked:            5608 kB
SwapTotal:       4718584 kB
SwapFree:        4538360 kB
Dirty:               360 kB
Writeback:             0 kB
AnonPages:       1383800 kB
Mapped:           546056 kB
Shmem:             33468 kB
KReclaimable:    1348528 kB
Slab:             294244 kB
SReclaimable:      74516 kB
SUnreclaim:       219728 kB
KernelStack:       45232 kB
ShadowCallStack:   11328 kB
PageTables:        64500 kB
NFS_Unstable:          0 kB
Bounce:                0 kB
WritebackTmp:          0 kB
CommitLimit:     8679780 kB
Committed_AS:   63700124 kB
VmallocTotal:   263061440 kB
VmallocUsed:      126200 kB
VmallocChunk:          0 kB
Percpu:             6264 kB
CmaTotal:         405504 kB
CmaFree:           49652 kB
MemTotal:        7922396 kB
MemFree:          963848 kB
MemAvailable:    3943132 kB
Buffers:           75572 kB
Cached:          1983460 kB
SwapCached:         1880 kB
Active:          1587468 kB
Inactive:        1851008 kB
Active(anon):     123208 kB
Inactive(anon):  1294256 kB
Active(file):    1464260 kB
Inactive(file):   556752 kB
Unevictable:        6048 kB
Mlocked:            5608 kB
SwapTotal:       4718584 kB
SwapFree:        4538360 kB
Dirty:               372 kB
Writeback:             0 kB
AnonPages:       1383704 kB
Mapped:           546096 kB
Shmem:             33468 kB
KReclaimable:    1348544 kB
Slab:             294260 kB
SReclaimable:      74532 kB
SUnreclaim:       219728 kB
KernelStack:       45232 kB
ShadowCallStack:   11348 kB
PageTables:        64588 kB
NFS_Unstable:          0 kB
Bounce:                0 kB
WritebackTmp:          0 kB
CommitLimit:     8679780 kB
Committed_AS:   63700124 kB
VmallocTotal:   263061440 kB
VmallocUsed:      126200 kB
VmallocChunk:          0 kB
Percpu:             6264 kB
CmaTotal:         405504 kB
CmaFree:           49656 kB
MemTotal:        7922396 kB
MemFree:          963420 kB
MemAvailable:    3942728 kB
Buffers:           75572 kB
Cached:          1983468 kB
SwapCached:         1880 kB
Active:          1587472 kB
Inactive:        1851656 kB
Active(anon):     123208 kB
Inactive(anon):  1294900 kB
Active(file):    1464264 kB
Inactive(file):   556756 kB
Unevictable:        6048 kB
Mlocked:            5608 kB
SwapTotal:       4718584 kB
SwapFree:        4538360 kB
Dirty:               428 kB
Writeback:             0 kB
AnonPages:       1384336 kB
Mapped:           546156 kB
Shmem:             33468 kB
KReclaimable:    1348560 kB
Slab:             294276 kB
SReclaimable:      74548 kB
SUnreclaim:       219728 kB
KernelStack:       45232 kB
ShadowCallStack:   11332 kB
PageTables:        64532 kB
NFS_Unstable:          0 kB
Bounce:                0 kB
WritebackTmp:          0 kB
CommitLimit:     8679780 kB
Committed_AS:   63700128 kB
VmallocTotal:   263061440 kB
VmallocUsed:      126216 kB
VmallocChunk:          0 kB
Percpu:             6264 kB
CmaTotal:         405504 kB
CmaFree:           49652 kB
MemTotal:        7922396 kB
MemFree:          963512 kB
MemAvailable:    3942824 kB
Buffers:           75580 kB
Cached:          1983480 kB
SwapCached:         1880 kB
Active:          1587476 kB
Inactive:        1851552 kB
Active(anon):     123204 kB
Inactive(anon):  1294784 kB
Active(file):    1464272 kB
Inactive(file):   556768 kB
Unevictable:        6048 kB
Mlocked:            5608 kB
SwapTotal:       4718584 kB
SwapFree:        4538360 kB
Dirty:               444 kB
Writeback:             0 kB
AnonPages:       1384232 kB
Mapped:           546016 kB
Shmem:             33468 kB
KReclaimable:    1348544 kB
Slab:             294260 kB
SReclaimable:      74532 kB
SUnreclaim:       219728 kB
KernelStack:       45184 kB
ShadowCallStack:   11348 kB
PageTables:        64656 kB
NFS_Unstable:          0 kB
Bounce:                0 kB
WritebackTmp:          0 kB
CommitLimit:     8679780 kB
Committed_AS:   63700124 kB
VmallocTotal:   263061440 kB
VmallocUsed:      126164 kB
VmallocChunk:          0 kB
Percpu:             6264 kB
CmaTotal:         405504 kB
CmaFree:           49652 kB
MemTotal:        7922396 kB
MemFree:          979280 kB
MemAvailable:    3958600 kB
Buffers:           75580 kB
Cached:          1983488 kB
SwapCached:         1880 kB
Active:          1587480 kB
Inactive:        1834120 kB
Active(anon):     123208 kB
Inactive(anon):  1277344 kB
Active(file):    1464272 kB
Inactive(file):   556776 kB
Unevictable:        6048 kB
Mlocked:            5608 kB
SwapTotal:       4718584 kB
SwapFree:        4538360 kB
Dirty:               456 kB
Writeback:             0 kB
AnonPages:       1366780 kB
Mapped:           543620 kB
Shmem:             33468 kB
KReclaimable:    1348544 kB
Slab:             294260 kB
SReclaimable:      74532 kB
SUnreclaim:       219728 kB
KernelStack:       45232 kB
ShadowCallStack:   11332 kB
PageTables:        64468 kB
NFS_Unstable:          0 kB
Bounce:                0 kB
WritebackTmp:          0 kB
CommitLimit:     8679780 kB
Committed_AS:   63700128 kB
VmallocTotal:   263061440 kB
VmallocUsed:      126188 kB
VmallocChunk:          0 kB
Percpu:             6264 kB
CmaTotal:         405504 kB
CmaFree:           49652 kB
MemTotal:        7922396 kB
MemFree:          982964 kB
MemAvailable:    3962256 kB
Buffers:           75580 kB
Cached:          1983492 kB
SwapCached:         1880 kB
Active:          1587484 kB
Inactive:        1831944 kB
Active(anon):     123212 kB
Inactive(anon):  1275164 kB
Active(file):    1464272 kB
Inactive(file):   556780 kB
Unevictable:        6048 kB
Mlocked:            5608 kB
SwapTotal:       4718584 kB
SwapFree:        4538360 kB
Dirty:               476 kB
Writeback:             0 kB
AnonPages:       1364692 kB
Mapped:           543640 kB
Shmem:             33468 kB
KReclaimable:    1348512 kB
Slab:             294228 kB
SReclaimable:      74500 kB
SUnreclaim:       219728 kB
KernelStack:       45216 kB
ShadowCallStack:   11340 kB
PageTables:        64432 kB
NFS_Unstable:          0 kB
Bounce:                0 kB
WritebackTmp:          0 kB
CommitLimit:     8679780 kB
Committed_AS:   63700124 kB
VmallocTotal:   263061440 kB
VmallocUsed:      126188 kB
VmallocChunk:          0 kB
Percpu:             6264 kB
CmaTotal:         405504 kB
CmaFree:           49628 kB
MemTotal:        7922396 kB
MemFree:          982932 kB
MemAvailable:    3962240 kB
Buffers:           75580 kB
Cached:          1983508 kB
SwapCached:         1880 kB
Active:          1587472 kB
Inactive:        1832936 kB
Active(anon):     123200 kB
Inactive(anon):  1276140 kB
Active(file):    1464272 kB
Inactive(file):   556796 kB
Unevictable:        6048 kB
Mlocked:            5608 kB
SwapTotal:       4718584 kB
SwapFree:        4538360 kB
Dirty:               520 kB
Writeback:             0 kB
AnonPages:       1365576 kB
Mapped:           543620 kB
Shmem:             33468 kB
KReclaimable:    1348512 kB
Slab:             294228 kB
SReclaimable:      74500 kB
SUnreclaim:       219728 kB
KernelStack:       45200 kB
ShadowCallStack:   11324 kB
PageTables:        64412 kB
NFS_Unstable:          0 kB
Bounce:                0 kB
WritebackTmp:          0 kB
CommitLimit:     8679780 kB
Committed_AS:   63700128 kB
VmallocTotal:   263061440 kB
VmallocUsed:      126200 kB
VmallocChunk:          0 kB
Percpu:             6264 kB
CmaTotal:         405504 kB
CmaFree:           49652 kB
MemTotal:        7922396 kB
MemFree:          981628 kB
MemAvailable:    3960940 kB
Buffers:           75580 kB
Cached:          1983512 kB
SwapCached:         1880 kB
Active:          1587476 kB
Inactive:        1833532 kB
Active(anon):     123204 kB
Inactive(anon):  1276732 kB
Active(file):    1464272 kB
Inactive(file):   556800 kB
Unevictable:        6048 kB
Mlocked:            5608 kB
SwapTotal:       4718584 kB
SwapFree:        4538360 kB
Dirty:               528 kB
Writeback:             0 kB
AnonPages:       1366128 kB
Mapped:           543736 kB
Shmem:             33468 kB
KReclaimable:    1348512 kB
Slab:             294228 kB
SReclaimable:      74500 kB
SUnreclaim:       219728 kB
KernelStack:       45232 kB
ShadowCallStack:   11324 kB
PageTables:        64328 kB
NFS_Unstable:          0 kB
Bounce:                0 kB
WritebackTmp:          0 kB
CommitLimit:     8679780 kB
Committed_AS:   63700168 kB
VmallocTotal:   263061440 kB
VmallocUsed:      126224 kB
VmallocChunk:          0 kB
Percpu:             6264 kB
CmaTotal:         405504 kB
CmaFree:           49652 kB
MemTotal:        7922396 kB
MemFree:          981920 kB
MemAvailable:    3961252 kB
Buffers:           75588 kB
Cached:          1983528 kB
SwapCached:         1880 kB
Active:          1587484 kB
Inactive:        1833608 kB
Active(anon):     123204 kB
Inactive(anon):  1276796 kB
Active(file):    1464280 kB
Inactive(file):   556812 kB
Unevictable:        6048 kB
Mlocked:            5608 kB
SwapTotal:       4718584 kB
SwapFree:        4538360 kB
Dirty:               544 kB
Writeback:             0 kB
AnonPages:       1366076 kB
Mapped:           543596 kB
Shmem:             33472 kB
KReclaimable:    1348512 kB
Slab:             294228 kB
SReclaimable:      74500 kB
SUnreclaim:       219728 kB
KernelStack:       45232 kB
ShadowCallStack:   11340 kB
PageTables:        64480 kB
NFS_Unstable:          0 kB
Bounce:                0 kB
WritebackTmp:          0 kB
CommitLimit:     8679780 kB
Committed_AS:   63700172 kB
VmallocTotal:   263061440 kB
VmallocUsed:      126208 kB
VmallocChunk:          0 kB
Percpu:             6264 kB
CmaTotal:         405504 kB
CmaFree:           49652 kB
MemTotal:        7922396 kB
MemFree:          980216 kB
MemAvailable:    3959592 kB
Buffers:           75608 kB
Cached:          1983520 kB
SwapCached:         1880 kB
Active:          1587492 kB
Inactive:        1833220 kB
Active(anon):     123204 kB
Inactive(anon):  1276404 kB
Active(file):    1464288 kB
Inactive(file):   556816 kB
Unevictable:        6048 kB
Mlocked:            5608 kB
SwapTotal:       4718584 kB
SwapFree:        4538360 kB
Dirty:                84 kB
Writeback:            44 kB
AnonPages:       1365916 kB
Mapped:           543596 kB
Shmem:             33472 kB
KReclaimable:    1348544 kB
Slab:             294260 kB
SReclaimable:      74532 kB
SUnreclaim:       219728 kB
KernelStack:       45184 kB
ShadowCallStack:   11344 kB
PageTables:        64240 kB
NFS_Unstable:          0 kB
Bounce:                0 kB
WritebackTmp:          0 kB
CommitLimit:     8679780 kB
Committed_AS:   63700136 kB
VmallocTotal:   263061440 kB
VmallocUsed:      126200 kB
VmallocChunk:          0 kB
Percpu:             6264 kB
CmaTotal:         405504 kB
CmaFree:           49652 kB
MemTotal:        7922396 kB
MemFree:          980544 kB
MemAvailable:    3959908 kB
Buffers:           75608 kB
Cached:          1983540 kB
SwapCached:         1880 kB
Active:          1587512 kB
Inactive:        1833280 kB
Active(anon):     123212 kB
Inactive(anon):  1276456 kB
Active(file):    1464300 kB
Inactive(file):   556824 kB
Unevictable:        6048 kB
Mlocked:            5608 kB
SwapTotal:       4718584 kB
SwapFree:        4538360 kB
Dirty:               120 kB
Writeback:             0 kB
AnonPages:       1365964 kB
Mapped:           543584 kB
Shmem:             33472 kB
KReclaimable:    1348512 kB
Slab:             294228 kB
SReclaimable:      74500 kB
SUnreclaim:       219728 kB
KernelStack:       45264 kB
ShadowCallStack:   11324 kB
PageTables:        64628 kB
NFS_Unstable:          0 kB
Bounce:                0 kB
WritebackTmp:          0 kB
CommitLimit:     8679780 kB
Committed_AS:   63700128 kB
VmallocTotal:   263061440 kB
VmallocUsed:      126204 kB
VmallocChunk:          0 kB
Percpu:             6264 kB
CmaTotal:         405504 kB
CmaFree:           49652 kB
MemTotal:        7922396 kB
MemFree:          979824 kB
MemAvailable:    3959196 kB
Buffers:           75608 kB
Cached:          1983552 kB
SwapCached:         1880 kB
Active:          1587504 kB
Inactive:        1834428 kB
Active(anon):     123204 kB
Inactive(anon):  1277596 kB
Active(file):    1464300 kB
Inactive(file):   556832 kB
Unevictable:        6048 kB
Mlocked:            5608 kB
SwapTotal:       4718584 kB
SwapFree:        4538360 kB
Dirty:               176 kB
Writeback:             0 kB
AnonPages:       1367028 kB
Mapped:           543600 kB
Shmem:             33476 kB
KReclaimable:    1348512 kB
Slab:             294252 kB
SReclaimable:      74500 kB
SUnreclaim:       219752 kB
KernelStack:       45232 kB
ShadowCallStack:   11344 kB
PageTables:        64360 kB
NFS_Unstable:          0 kB
Bounce:                0 kB
WritebackTmp:          0 kB
CommitLimit:     8679780 kB
Committed_AS:   63700132 kB
VmallocTotal:   263061440 kB
VmallocUsed:      126184 kB
VmallocChunk:          0 kB
Percpu:             6264 kB
CmaTotal:         405504 kB
CmaFree:           49652 kB
MemTotal:        7922396 kB
MemFree:          979136 kB
MemAvailable:    3958512 kB
Buffers:           75608 kB
Cached:          1983556 kB
SwapCached:         1880 kB
Active:          1587508 kB
Inactive:        1834740 kB
Active(anon):     123208 kB
Inactive(anon):  1277904 kB
Active(file):    1464300 kB
Inactive(file):   556836 kB
Unevictable:        6048 kB
Mlocked:            5608 kB
SwapTotal:       4718584 kB
SwapFree:        4538360 kB
Dirty:               184 kB
Writeback:             0 kB
AnonPages:       1367448 kB
Mapped:           543692 kB
Shmem:             33476 kB
KReclaimable:    1348512 kB
Slab:             294248 kB
SReclaimable:      74500 kB
SUnreclaim:       219748 kB
KernelStack:       45184 kB
ShadowCallStack:   11328 kB
PageTables:        64360 kB
NFS_Unstable:          0 kB
Bounce:                0 kB
WritebackTmp:          0 kB
CommitLimit:     8679780 kB
Committed_AS:   63700132 kB
VmallocTotal:   263061440 kB
VmallocUsed:      126204 kB
VmallocChunk:          0 kB
Percpu:             6264 kB
CmaTotal:         405504 kB
CmaFree:           49652 kB
MemTotal:        7922396 kB
MemFree:          980656 kB
MemAvailable:    3960028 kB
Buffers:           75616 kB
Cached:          1983560 kB
SwapCached:         1880 kB
Active:          1587516 kB
Inactive:        1834456 kB
Active(anon):     123208 kB
Inactive(anon):  1277616 kB
Active(file):    1464308 kB
Inactive(file):   556840 kB
Unevictable:        6048 kB
Mlocked:            5608 kB
SwapTotal:       4718584 kB
SwapFree:        4538360 kB
Dirty:               280 kB
Writeback:             0 kB
AnonPages:       1366896 kB
Mapped:           543640 kB
Shmem:             33476 kB
KReclaimable:    1348496 kB
Slab:             294232 kB
SReclaimable:      74484 kB
SUnreclaim:       219748 kB
KernelStack:       45232 kB
ShadowCallStack:   11324 kB
PageTables:        64620 kB
NFS_Unstable:          0 kB
Bounce:                0 kB
WritebackTmp:          0 kB
CommitLimit:     8679780 kB
Committed_AS:   63700132 kB
VmallocTotal:   263061440 kB
VmallocUsed:      126204 kB
VmallocChunk:          0 kB
Percpu:             6264 kB
CmaTotal:         405504 kB
CmaFree:           49652 kB
MemTotal:        7922396 kB
MemFree:          979612 kB
MemAvailable:    3959012 kB
Buffers:           75616 kB
Cached:          1983572 kB
SwapCached:         1880 kB
Active:          1587516 kB
Inactive:        1834552 kB
Active(anon):     123208 kB
Inactive(anon):  1277700 kB
Active(file):    1464308 kB
Inactive(file):   556852 kB
Unevictable:        6048 kB
Mlocked:            5608 kB
SwapTotal:       4718584 kB
SwapFree:        4538360 kB
Dirty:               292 kB
Writeback:             0 kB
AnonPages:       1367112 kB
Mapped:           543600 kB
Shmem:             33476 kB
KReclaimable:    1348512 kB
Slab:             294228 kB
SReclaimable:      74500 kB
SUnreclaim:       219728 kB
KernelStack:       45232 kB
ShadowCallStack:   11332 kB
PageTables:        64484 kB
NFS_Unstable:          0 kB
Bounce:                0 kB
WritebackTmp:          0 kB
CommitLimit:     8679780 kB
Committed_AS:   63700136 kB
VmallocTotal:   263061440 kB
VmallocUsed:      126200 kB
VmallocChunk:          0 kB
Percpu:             6264 kB
CmaTotal:         405504 kB
CmaFree:           49652 kB
MemTotal:        7922396 kB
MemFree:          980040 kB
MemAvailable:    3959448 kB
Buffers:           75616 kB
Cached:          1983580 kB
SwapCached:         1880 kB
Active:          1587512 kB
Inactive:        1834208 kB
Active(anon):     123204 kB
Inactive(anon):  1277348 kB
Active(file):    1464308 kB
Inactive(file):   556860 kB
Unevictable:        6048 kB
Mlocked:            5608 kB
SwapTotal:       4718584 kB
SwapFree:        4538360 kB
Dirty:               300 kB
Writeback:             0 kB
AnonPages:       1366704 kB
Mapped:           543616 kB
Shmem:             33476 kB
KReclaimable:    1348512 kB
Slab:             294228 kB
SReclaimable:      74500 kB
SUnreclaim:       219728 kB
KernelStack:       45248 kB
ShadowCallStack:   11332 kB
PageTables:        64404 kB
NFS_Unstable:          0 kB
Bounce:                0 kB
WritebackTmp:          0 kB
CommitLimit:     8679780 kB
Committed_AS:   63700132 kB
VmallocTotal:   263061440 kB
VmallocUsed:      126220 kB
VmallocChunk:          0 kB
Percpu:             6264 kB
CmaTotal:         405504 kB
CmaFree:           49692 kB
MemTotal:        7922396 kB
MemFree:          980292 kB
MemAvailable:    3959732 kB
Buffers:           75624 kB
Cached:          1983588 kB
SwapCached:         1880 kB
Active:          1587520 kB
Inactive:        1835028 kB
Active(anon):     123204 kB
Inactive(anon):  1278160 kB
Active(file):    1464316 kB
Inactive(file):   556868 kB
Unevictable:        6048 kB
Mlocked:            5608 kB
SwapTotal:       4718584 kB
SwapFree:        4538360 kB
Dirty:               348 kB
Writeback:             0 kB
AnonPages:       1367612 kB
Mapped:           543748 kB
Shmem:             33476 kB
KReclaimable:    1348528 kB
Slab:             294244 kB
SReclaimable:      74516 kB
SUnreclaim:       219728 kB
KernelStack:       45248 kB
ShadowCallStack:   11328 kB
PageTables:        64448 kB
NFS_Unstable:          0 kB
Bounce:                0 kB
WritebackTmp:          0 kB
CommitLimit:     8679780 kB
Committed_AS:   63700176 kB
VmallocTotal:   263061440 kB
VmallocUsed:      126220 kB
VmallocChunk:          0 kB
Percpu:             6264 kB
CmaTotal:         405504 kB
CmaFree:           49652 kB
MemTotal:        7922396 kB
MemFree:          979976 kB
MemAvailable:    3959440 kB
Buffers:           75632 kB
Cached:          1983624 kB
SwapCached:         1880 kB
Active:          1587532 kB
Inactive:        1835548 kB
Active(anon):     123208 kB
Inactive(anon):  1278664 kB
Active(file):    1464324 kB
Inactive(file):   556884 kB
Unevictable:        6048 kB
Mlocked:            5608 kB
SwapTotal:       4718584 kB
SwapFree:        4538360 kB
Dirty:               400 kB
Writeback:             0 kB
AnonPages:       1368168 kB
Mapped:           543620 kB
Shmem:             33496 kB
KReclaimable:    1348528 kB
Slab:             294268 kB
SReclaimable:      74516 kB
SUnreclaim:       219752 kB
KernelStack:       45216 kB
ShadowCallStack:   11328 kB
PageTables:        64452 kB
NFS_Unstable:          0 kB
Bounce:                0 kB
WritebackTmp:          0 kB
CommitLimit:     8679780 kB
Committed_AS:   63700156 kB
VmallocTotal:   263061440 kB
VmallocUsed:      126204 kB
VmallocChunk:          0 kB
Percpu:             6264 kB
CmaTotal:         405504 kB
CmaFree:           49652 kB
MemTotal:        7922396 kB
MemFree:          979132 kB
MemAvailable:    3958576 kB
Buffers:           75632 kB
Cached:          1983632 kB
SwapCached:         1880 kB
Active:          1587532 kB
Inactive:        1835876 kB
Active(anon):     123208 kB
Inactive(anon):  1278984 kB
Active(file):    1464324 kB
Inactive(file):   556892 kB
Unevictable:        6048 kB
Mlocked:            5608 kB
SwapTotal:       4718584 kB
SwapFree:        4538360 kB
Dirty:               408 kB
Writeback:             0 kB
AnonPages:       1368416 kB
Mapped:           543648 kB
Shmem:             33496 kB
KReclaimable:    1348500 kB
Slab:             294316 kB
SReclaimable:      74564 kB
SUnreclaim:       219752 kB
KernelStack:       45216 kB
ShadowCallStack:   11340 kB
PageTables:        64452 kB
NFS_Unstable:          0 kB
Bounce:                0 kB
WritebackTmp:          0 kB
CommitLimit:     8679780 kB
Committed_AS:   63700152 kB
VmallocTotal:   263061440 kB
VmallocUsed:      126204 kB
VmallocChunk:          0 kB
Percpu:             6264 kB
CmaTotal:         405504 kB
CmaFree:           49652 kB
MemTotal:        7922396 kB
MemFree:          978184 kB
MemAvailable:    3957680 kB
Buffers:           75632 kB
Cached:          1983636 kB
SwapCached:         1880 kB
Active:          1587532 kB
Inactive:        1836236 kB
Active(anon):     123208 kB
Inactive(anon):  1279340 kB
Active(file):    1464324 kB
Inactive(file):   556896 kB
Unevictable:        6048 kB
Mlocked:            5608 kB
SwapTotal:       4718584 kB
SwapFree:        4538360 kB
Dirty:               412 kB
Writeback:             0 kB
AnonPages:       1368888 kB
Mapped:           543648 kB
Shmem:             33496 kB
KReclaimable:    1348548 kB
Slab:             294364 kB
SReclaimable:      74612 kB
SUnreclaim:       219752 kB
KernelStack:       45200 kB
ShadowCallStack:   11340 kB
PageTables:        64340 kB
NFS_Unstable:          0 kB
Bounce:                0 kB
WritebackTmp:          0 kB
CommitLimit:     8679780 kB
Committed_AS:   63700152 kB
VmallocTotal:   263061440 kB
VmallocUsed:      126192 kB
VmallocChunk:          0 kB
Percpu:             6264 kB
CmaTotal:         405504 kB
CmaFree:           49652 kB
MemTotal:        7922396 kB
MemFree:          979156 kB
MemAvailable:    3958704 kB
Buffers:           75632 kB
Cached:          1983720 kB
SwapCached:         1880 kB
Active:          1587524 kB
Inactive:        1836640 kB
Active(anon):     123200 kB
Inactive(anon):  1279660 kB
Active(file):    1464324 kB
Inactive(file):   556980 kB
Unevictable:        6048 kB
Mlocked:            5608 kB
SwapTotal:       4718584 kB
SwapFree:        4538360 kB
Dirty:               172 kB
Writeback:             0 kB
AnonPages:       1369036 kB
Mapped:           543648 kB
Shmem:             33496 kB
KReclaimable:    1348516 kB
Slab:             294332 kB
SReclaimable:      74580 kB
SUnreclaim:       219752 kB
KernelStack:       45216 kB
ShadowCallStack:   11328 kB
PageTables:        64568 kB
NFS_Unstable:          0 kB
Bounce:                0 kB
WritebackTmp:          0 kB
CommitLimit:     8679780 kB
Committed_AS:   63700156 kB
VmallocTotal:   263061440 kB
VmallocUsed:      126172 kB
VmallocChunk:          0 kB
Percpu:             6264 kB
CmaTotal:         405504 kB
CmaFree:           49652 kB
MemTotal:        7922396 kB
MemFree:          978148 kB
MemAvailable:    3957672 kB
Buffers:           75632 kB
Cached:          1983728 kB
SwapCached:         1880 kB
Active:          1587532 kB
Inactive:        1837592 kB
Active(anon):     123208 kB
Inactive(anon):  1280604 kB
Active(file):    1464324 kB
Inactive(file):   556988 kB
Unevictable:        6048 kB
Mlocked:            5608 kB
SwapTotal:       4718584 kB
SwapFree:        4538360 kB
Dirty:               192 kB
Writeback:             0 kB
AnonPages:       1370008 kB
Mapped:           543820 kB
Shmem:             33496 kB
KReclaimable:    1348484 kB
Slab:             294300 kB
SReclaimable:      74548 kB
SUnreclaim:       219752 kB
KernelStack:       45248 kB
ShadowCallStack:   11352 kB
PageTables:        64348 kB
NFS_Unstable:          0 kB
Bounce:                0 kB
WritebackTmp:          0 kB
CommitLimit:     8679780 kB
Committed_AS:   63700152 kB
VmallocTotal:   263061440 kB
VmallocUsed:      126220 kB
VmallocChunk:          0 kB
Percpu:             6264 kB
CmaTotal:         405504 kB
CmaFree:           49656 kB
MemTotal:        7922396 kB
MemFree:          977796 kB
MemAvailable:    3957336 kB
Buffers:           75640 kB
Cached:          1983736 kB
SwapCached:         1880 kB
Active:          1587540 kB
Inactive:        1837508 kB
Active(anon):     123208 kB
Inactive(anon):  1280512 kB
Active(file):    1464332 kB
Inactive(file):   556996 kB
Unevictable:        6048 kB
Mlocked:            5608 kB
SwapTotal:       4718584 kB
SwapFree:        4538360 kB
Dirty:               328 kB
Writeback:             0 kB
AnonPages:       1369932 kB
Mapped:           543652 kB
Shmem:             33496 kB
KReclaimable:    1348484 kB
Slab:             294300 kB
SReclaimable:      74548 kB
SUnreclaim:       219752 kB
KernelStack:       45184 kB
ShadowCallStack:   11328 kB
PageTables:        64456 kB
NFS_Unstable:          0 kB
Bounce:                0 kB
WritebackTmp:          0 kB
CommitLimit:     8679780 kB
Committed_AS:   63700152 kB
VmallocTotal:   263061440 kB
VmallocUsed:      126196 kB
VmallocChunk:          0 kB
Percpu:             6264 kB
CmaTotal:         405504 kB
CmaFree:           49636 kB
MemTotal:        7922396 kB
MemFree:          976844 kB
MemAvailable:    3956392 kB
Buffers:           75640 kB
Cached:          1983744 kB
SwapCached:         1880 kB
Active:          1587540 kB
Inactive:        1837916 kB
Active(anon):     123208 kB
Inactive(anon):  1280912 kB
Active(file):    1464332 kB
Inactive(file):   557004 kB
Unevictable:        6048 kB
Mlocked:            5608 kB
SwapTotal:       4718584 kB
SwapFree:        4538360 kB
Dirty:               336 kB
Writeback:             0 kB
AnonPages:       1370360 kB
Mapped:           543652 kB
Shmem:             33496 kB
KReclaimable:    1348484 kB
Slab:             294304 kB
SReclaimable:      74548 kB
SUnreclaim:       219756 kB
KernelStack:       45216 kB
ShadowCallStack:   11328 kB
PageTables:        64496 kB
NFS_Unstable:          0 kB
Bounce:                0 kB
WritebackTmp:          0 kB
CommitLimit:     8679780 kB
Committed_AS:   63700152 kB
VmallocTotal:   263061440 kB
VmallocUsed:      126180 kB
VmallocChunk:          0 kB
Percpu:             6264 kB
CmaTotal:         405504 kB
CmaFree:           49652 kB
MemTotal:        7922396 kB
MemFree:          975736 kB
MemAvailable:    3955308 kB
Buffers:           75640 kB
Cached:          1983752 kB
SwapCached:         1880 kB
Active:          1587536 kB
Inactive:        1838040 kB
Active(anon):     123204 kB
Inactive(anon):  1281028 kB
Active(file):    1464332 kB
Inactive(file):   557012 kB
Unevictable:        6048 kB
Mlocked:            5608 kB
SwapTotal:       4718584 kB
SwapFree:        4538360 kB
Dirty:               344 kB
Writeback:             0 kB
AnonPages:       1370492 kB
Mapped:           543652 kB
Shmem:             33496 kB
KReclaimable:    1348500 kB
Slab:             294320 kB
SReclaimable:      74564 kB
SUnreclaim:       219756 kB
KernelStack:       45200 kB
ShadowCallStack:   11344 kB
PageTables:        64616 kB
NFS_Unstable:          0 kB
Bounce:                0 kB
WritebackTmp:          0 kB
CommitLimit:     8679780 kB
Committed_AS:   63700152 kB
VmallocTotal:   263061440 kB
VmallocUsed:      126168 kB
VmallocChunk:          0 kB
Percpu:             6264 kB
CmaTotal:         405504 kB
CmaFree:           49652 kB
MemTotal:        7922396 kB
MemFree:          976844 kB
MemAvailable:    3956396 kB
Buffers:           75648 kB
Cached:          1983756 kB
SwapCached:         1880 kB
Active:          1587548 kB
Inactive:        1838448 kB
Active(anon):     123208 kB
Inactive(anon):  1281432 kB
Active(file):    1464340 kB
Inactive(file):   557016 kB
Unevictable:        6048 kB
Mlocked:            5608 kB
SwapTotal:       4718584 kB
SwapFree:        4538360 kB
Dirty:               368 kB
Writeback:             0 kB
AnonPages:       1371016 kB
Mapped:           543736 kB
Shmem:             33496 kB
KReclaimable:    1348468 kB
Slab:             294288 kB
SReclaimable:      74532 kB
SUnreclaim:       219756 kB
KernelStack:       45232 kB
ShadowCallStack:   11324 kB
PageTables:        64512 kB
NFS_Unstable:          0 kB
Bounce:                0 kB
WritebackTmp:          0 kB
CommitLimit:     8679780 kB
Committed_AS:   63700176 kB
VmallocTotal:   263061440 kB
VmallocUsed:      126184 kB
VmallocChunk:          0 kB
Percpu:             6264 kB
CmaTotal:         405504 kB
CmaFree:           49652 kB
MemTotal:        7922396 kB
MemFree:          976608 kB
MemAvailable:    3956168 kB
Buffers:           75648 kB
Cached:          1983764 kB
SwapCached:         1880 kB
Active:          1587544 kB
Inactive:        1837592 kB
Active(anon):     123204 kB
Inactive(anon):  1280568 kB
Active(file):    1464340 kB
Inactive(file):   557024 kB
Unevictable:        6048 kB
Mlocked:            5608 kB
SwapTotal:       4718584 kB
SwapFree:        4538360 kB
Dirty:               376 kB
Writeback:            20 kB
AnonPages:       1369912 kB
Mapped:           543652 kB
Shmem:             33496 kB
KReclaimable:    1348468 kB
Slab:             294272 kB
SReclaimable:      74532 kB
SUnreclaim:       219740 kB
KernelStack:       45232 kB
ShadowCallStack:   11328 kB
PageTables:        64536 kB
NFS_Unstable:          0 kB
Bounce:                0 kB
WritebackTmp:          0 kB
CommitLimit:     8679780 kB
Committed_AS:   63700152 kB
VmallocTotal:   263061440 kB
VmallocUsed:      126188 kB
VmallocChunk:          0 kB
Percpu:             6264 kB
CmaTotal:         405504 kB
CmaFree:           49652 kB
MemTotal:        7922396 kB
MemFree:          976952 kB
MemAvailable:    3956532 kB
Buffers:           75656 kB
Cached:          1983776 kB
SwapCached:         1880 kB
Active:          1587556 kB
Inactive:        1838100 kB
Active(anon):     123208 kB
Inactive(anon):  1281064 kB
Active(file):    1464348 kB
Inactive(file):   557036 kB
Unevictable:        6048 kB
Mlocked:            5608 kB
SwapTotal:       4718584 kB
SwapFree:        4538360 kB
Dirty:               392 kB
Writeback:             0 kB
AnonPages:       1370412 kB
Mapped:           543764 kB
Shmem:             33496 kB
KReclaimable:    1348468 kB
Slab:             294272 kB
SReclaimable:      74532 kB
SUnreclaim:       219740 kB
KernelStack:       45232 kB
ShadowCallStack:   11336 kB
PageTables:        64456 kB
NFS_Unstable:          0 kB
Bounce:                0 kB
WritebackTmp:          0 kB
CommitLimit:     8679780 kB
Committed_AS:   63700152 kB
VmallocTotal:   263061440 kB
VmallocUsed:      126184 kB
VmallocChunk:          0 kB
Percpu:             6264 kB
CmaTotal:         405504 kB
CmaFree:           49664 kB
MemTotal:        7922396 kB
MemFree:          976916 kB
MemAvailable:    3956532 kB
Buffers:           75656 kB
Cached:          1983780 kB
SwapCached:         1880 kB
Active:          1587552 kB
Inactive:        1838012 kB
Active(anon):     123204 kB
Inactive(anon):  1280972 kB
Active(file):    1464348 kB
Inactive(file):   557040 kB
Unevictable:        6048 kB
Mlocked:            5608 kB
SwapTotal:       4718584 kB
SwapFree:        4538360 kB
Dirty:               400 kB
Writeback:             0 kB
AnonPages:       1370452 kB
Mapped:           543660 kB
Shmem:             33496 kB
KReclaimable:    1348500 kB
Slab:             294304 kB
SReclaimable:      74564 kB
SUnreclaim:       219740 kB
KernelStack:       45216 kB
ShadowCallStack:   11332 kB
PageTables:        64456 kB
NFS_Unstable:          0 kB
Bounce:                0 kB
WritebackTmp:          0 kB
CommitLimit:     8679780 kB
Committed_AS:   63700156 kB
VmallocTotal:   263061440 kB
VmallocUsed:      126192 kB
VmallocChunk:          0 kB
Percpu:             6264 kB
CmaTotal:         405504 kB
CmaFree:           49652 kB
MemTotal:        7922396 kB
MemFree:          977532 kB
MemAvailable:    3957156 kB
Buffers:           75656 kB
Cached:          1983788 kB
SwapCached:         1880 kB
Active:          1587552 kB
Inactive:        1838112 kB
Active(anon):     123204 kB
Inactive(anon):  1281064 kB
Active(file):    1464348 kB
Inactive(file):   557048 kB
Unevictable:        6048 kB
Mlocked:            5608 kB
SwapTotal:       4718584 kB
SwapFree:        4538360 kB
Dirty:               420 kB
Writeback:             0 kB
AnonPages:       1370284 kB
Mapped:           543804 kB
Shmem:             33496 kB
KReclaimable:    1348500 kB
Slab:             294304 kB
SReclaimable:      74564 kB
SUnreclaim:       219740 kB
KernelStack:       45248 kB
ShadowCallStack:   11328 kB
PageTables:        64516 kB
NFS_Unstable:          0 kB
Bounce:                0 kB
WritebackTmp:          0 kB
CommitLimit:     8679780 kB
Committed_AS:   63700200 kB
VmallocTotal:   263061440 kB
VmallocUsed:      126220 kB
VmallocChunk:          0 kB
Percpu:             6264 kB
CmaTotal:         405504 kB
CmaFree:           49652 kB
MemTotal:        7922396 kB
MemFree:          978104 kB
MemAvailable:    3957724 kB
Buffers:           75656 kB
Cached:          1983800 kB
SwapCached:         1880 kB
Active:          1587548 kB
Inactive:        1837840 kB
Active(anon):     123200 kB
Inactive(anon):  1280780 kB
Active(file):    1464348 kB
Inactive(file):   557060 kB
Unevictable:        6048 kB
Mlocked:            5608 kB
SwapTotal:       4718584 kB
SwapFree:        4538360 kB
Dirty:               192 kB
Writeback:             0 kB
AnonPages:       1370200 kB
Mapped:           543660 kB
Shmem:             33496 kB
KReclaimable:    1348484 kB
Slab:             294288 kB
SReclaimable:      74548 kB
SUnreclaim:       219740 kB
KernelStack:       45216 kB
ShadowCallStack:   11328 kB
PageTables:        64568 kB
NFS_Unstable:          0 kB
Bounce:                0 kB
WritebackTmp:          0 kB
CommitLimit:     8679780 kB
Committed_AS:   63700152 kB
VmallocTotal:   263061440 kB
VmallocUsed:      126204 kB
VmallocChunk:          0 kB
Percpu:             6264 kB
CmaTotal:         405504 kB
CmaFree:           49652 kB
MemTotal:        7922396 kB
MemFree:          976852 kB
MemAvailable:    3956480 kB
Buffers:           75656 kB
Cached:          1983808 kB
SwapCached:         1880 kB
Active:          1587552 kB
Inactive:        1838700 kB
Active(anon):     123204 kB
Inactive(anon):  1281632 kB
Active(file):    1464348 kB
Inactive(file):   557068 kB
Unevictable:        6048 kB
Mlocked:            5608 kB
SwapTotal:       4718584 kB
SwapFree:        4538360 kB
Dirty:               232 kB
Writeback:             0 kB
AnonPages:       1371032 kB
Mapped:           543660 kB
Shmem:             33496 kB
KReclaimable:    1348484 kB
Slab:             294288 kB
SReclaimable:      74548 kB
SUnreclaim:       219740 kB
KernelStack:       45200 kB
ShadowCallStack:   11352 kB
PageTables:        64568 kB
NFS_Unstable:          0 kB
Bounce:                0 kB
WritebackTmp:          0 kB
CommitLimit:     8679780 kB
Committed_AS:   63700152 kB
VmallocTotal:   263061440 kB
VmallocUsed:      126152 kB
VmallocChunk:          0 kB
Percpu:             6264 kB
CmaTotal:         405504 kB
CmaFree:           49648 kB
MemTotal:        7922396 kB
MemFree:          975408 kB
MemAvailable:    3955056 kB
Buffers:           75672 kB
Cached:          1983812 kB
SwapCached:         1880 kB
Active:          1587568 kB
Inactive:        1838276 kB
Active(anon):     123208 kB
Inactive(anon):  1281200 kB
Active(file):    1464360 kB
Inactive(file):   557076 kB
Unevictable:        6048 kB
Mlocked:            5608 kB
SwapTotal:       4718584 kB
SwapFree:        4538360 kB
Dirty:               320 kB
Writeback:             0 kB
AnonPages:       1370624 kB
Mapped:           543660 kB
Shmem:             33496 kB
KReclaimable:    1348484 kB
Slab:             294288 kB
SReclaimable:      74548 kB
SUnreclaim:       219740 kB
KernelStack:       45200 kB
ShadowCallStack:   11332 kB
PageTables:        64516 kB
NFS_Unstable:          0 kB
Bounce:                0 kB
WritebackTmp:          0 kB
CommitLimit:     8679780 kB
Committed_AS:   63700156 kB
VmallocTotal:   263061440 kB
VmallocUsed:      126204 kB
VmallocChunk:          0 kB
Percpu:             6264 kB
CmaTotal:         405504 kB
CmaFree:           49652 kB
MemTotal:        7922396 kB
MemFree:          976680 kB
MemAvailable:    3956412 kB
Buffers:           75672 kB
Cached:          1983816 kB
SwapCached:         1880 kB
Active:          1587560 kB
Inactive:        1838440 kB
Active(anon):     123196 kB
Inactive(anon):  1281364 kB
Active(file):    1464364 kB
Inactive(file):   557076 kB
Unevictable:        6048 kB
Mlocked:            5608 kB
SwapTotal:       4718584 kB
SwapFree:        4538360 kB
Dirty:               252 kB
Writeback:             0 kB
AnonPages:       1370640 kB
Mapped:           543660 kB
Shmem:             33496 kB
KReclaimable:    1348564 kB
Slab:             294368 kB
SReclaimable:      74628 kB
SUnreclaim:       219740 kB
KernelStack:       45200 kB
ShadowCallStack:   11320 kB
PageTables:        64556 kB
NFS_Unstable:          0 kB
Bounce:                0 kB
WritebackTmp:          0 kB
CommitLimit:     8679780 kB
Committed_AS:   63699996 kB
VmallocTotal:   263061440 kB
VmallocUsed:      126160 kB
VmallocChunk:          0 kB
Percpu:             6264 kB
CmaTotal:         405504 kB
CmaFree:           49652 kB
MemTotal:        7922396 kB
MemFree:          977372 kB
MemAvailable:    3957068 kB
Buffers:           75672 kB
Cached:          1983828 kB
SwapCached:         1880 kB
Active:          1587560 kB
Inactive:        1838420 kB
Active(anon):     123196 kB
Inactive(anon):  1281332 kB
Active(file):    1464364 kB
Inactive(file):   557088 kB
Unevictable:        6048 kB
Mlocked:            5608 kB
SwapTotal:       4718584 kB
SwapFree:        4538360 kB
Dirty:               268 kB
Writeback:             0 kB
AnonPages:       1370804 kB
Mapped:           543660 kB
Shmem:             33496 kB
KReclaimable:    1348516 kB
Slab:             294320 kB
SReclaimable:      74580 kB
SUnreclaim:       219740 kB
KernelStack:       45168 kB
ShadowCallStack:   11316 kB
PageTables:        64484 kB
NFS_Unstable:          0 kB
Bounce:                0 kB
WritebackTmp:          0 kB
CommitLimit:     8679780 kB
Committed_AS:   63699996 kB
VmallocTotal:   263061440 kB
VmallocUsed:      126140 kB
VmallocChunk:          0 kB
Percpu:             6264 kB
CmaTotal:         405504 kB
CmaFree:           49652 kB
MemTotal:        7922396 kB
MemFree:          976184 kB
MemAvailable:    3955884 kB
Buffers:           75672 kB
Cached:          1983832 kB
SwapCached:         1880 kB
Active:          1587560 kB
Inactive:        1838880 kB
Active(anon):     123196 kB
Inactive(anon):  1281788 kB
Active(file):    1464364 kB
Inactive(file):   557092 kB
Unevictable:        6048 kB
Mlocked:            5608 kB
SwapTotal:       4718584 kB
SwapFree:        4538360 kB
Dirty:               272 kB
Writeback:             0 kB
AnonPages:       1371144 kB
Mapped:           543784 kB
Shmem:             33496 kB
KReclaimable:    1348516 kB
Slab:             294320 kB
SReclaimable:      74580 kB
SUnreclaim:       219740 kB
KernelStack:       45152 kB
ShadowCallStack:   11320 kB
PageTables:        64512 kB
NFS_Unstable:          0 kB
Bounce:                0 kB
WritebackTmp:          0 kB
CommitLimit:     8679780 kB
Committed_AS:   63699996 kB
VmallocTotal:   263061440 kB
VmallocUsed:      126124 kB
VmallocChunk:          0 kB
Percpu:             6264 kB
CmaTotal:         405504 kB
CmaFree:           49648 kB
MemTotal:        7922396 kB
MemFree:          975356 kB
MemAvailable:    3955072 kB
Buffers:           75672 kB
Cached:          1983848 kB
SwapCached:         1880 kB
Active:          1587556 kB
Inactive:        1839828 kB
Active(anon):     123192 kB
Inactive(anon):  1282720 kB
Active(file):    1464364 kB
Inactive(file):   557108 kB
Unevictable:        6048 kB
Mlocked:            5608 kB
SwapTotal:       4718584 kB
SwapFree:        4538360 kB
Dirty:               288 kB
Writeback:             0 kB
AnonPages:       1372184 kB
Mapped:           543660 kB
Shmem:             33496 kB
KReclaimable:    1348516 kB
Slab:             294320 kB
SReclaimable:      74580 kB
SUnreclaim:       219740 kB
KernelStack:       45184 kB
ShadowCallStack:   11320 kB
PageTables:        64492 kB
NFS_Unstable:          0 kB
Bounce:                0 kB
WritebackTmp:          0 kB
CommitLimit:     8679780 kB
Committed_AS:   63699996 kB
VmallocTotal:   263061440 kB
VmallocUsed:      126112 kB
VmallocChunk:          0 kB
Percpu:             6264 kB
CmaTotal:         405504 kB
CmaFree:           49652 kB
MemTotal:        7922396 kB
MemFree:          974924 kB
MemAvailable:    3954616 kB
Buffers:           75680 kB
Cached:          1983848 kB
SwapCached:         1880 kB
Active:          1587568 kB
Inactive:        1840312 kB
Active(anon):     123196 kB
Inactive(anon):  1283204 kB
Active(file):    1464372 kB
Inactive(file):   557108 kB
Unevictable:        6048 kB
Mlocked:            5608 kB
SwapTotal:       4718584 kB
SwapFree:        4538360 kB
Dirty:               292 kB
Writeback:             0 kB
AnonPages:       1372812 kB
Mapped:           543704 kB
Shmem:             33496 kB
KReclaimable:    1348484 kB
Slab:             294288 kB
SReclaimable:      74548 kB
SUnreclaim:       219740 kB
KernelStack:       45184 kB
ShadowCallStack:   11348 kB
PageTables:        64308 kB
NFS_Unstable:          0 kB
Bounce:                0 kB
WritebackTmp:          0 kB
CommitLimit:     8679780 kB
Committed_AS:   63700000 kB
VmallocTotal:   263061440 kB
VmallocUsed:      126160 kB
VmallocChunk:          0 kB
Percpu:             6264 kB
CmaTotal:         405504 kB
CmaFree:           49652 kB
MemTotal:        7922396 kB
MemFree:          974248 kB
MemAvailable:    3953956 kB
Buffers:           75680 kB
Cached:          1983864 kB
SwapCached:         1880 kB
Active:          1587564 kB
Inactive:        1840388 kB
Active(anon):     123192 kB
Inactive(anon):  1283264 kB
Active(file):    1464372 kB
Inactive(file):   557124 kB
Unevictable:        6048 kB
Mlocked:            5608 kB
SwapTotal:       4718584 kB
SwapFree:        4538360 kB
Dirty:               312 kB
Writeback:             0 kB
AnonPages:       1372604 kB
Mapped:           543660 kB
Shmem:             33496 kB
KReclaimable:    1348484 kB
Slab:             294288 kB
SReclaimable:      74548 kB
SUnreclaim:       219740 kB
KernelStack:       45152 kB
ShadowCallStack:   11328 kB
PageTables:        64376 kB
NFS_Unstable:          0 kB
Bounce:                0 kB
WritebackTmp:          0 kB
CommitLimit:     8679780 kB
Committed_AS:   63700000 kB
VmallocTotal:   263061440 kB
VmallocUsed:      126132 kB
VmallocChunk:          0 kB
Percpu:             6264 kB
CmaTotal:         405504 kB
CmaFree:           49652 kB
MemTotal:        7922396 kB
MemFree:          974676 kB
MemAvailable:    3954380 kB
Buffers:           75680 kB
Cached:          1983876 kB
SwapCached:         1880 kB
Active:          1587568 kB
Inactive:        1840720 kB
Active(anon):     123196 kB
Inactive(anon):  1283584 kB
Active(file):    1464372 kB
Inactive(file):   557136 kB
Unevictable:        6048 kB
Mlocked:            5608 kB
SwapTotal:       4718584 kB
SwapFree:        4538360 kB
Dirty:               328 kB
Writeback:             0 kB
AnonPages:       1373112 kB
Mapped:           543780 kB
Shmem:             33496 kB
KReclaimable:    1348468 kB
Slab:             294272 kB
SReclaimable:      74532 kB
SUnreclaim:       219740 kB
KernelStack:       45184 kB
ShadowCallStack:   11320 kB
PageTables:        64464 kB
NFS_Unstable:          0 kB
Bounce:                0 kB
WritebackTmp:          0 kB
CommitLimit:     8679780 kB
Committed_AS:   63699996 kB
VmallocTotal:   263061440 kB
VmallocUsed:      126160 kB
VmallocChunk:          0 kB
Percpu:             6264 kB
CmaTotal:         405504 kB
CmaFree:           49652 kB
MemTotal:        7922396 kB
MemFree:          974972 kB
MemAvailable:    3954692 kB
Buffers:           75680 kB
Cached:          1983876 kB
SwapCached:         1880 kB
Active:          1587568 kB
Inactive:        1840840 kB
Active(anon):     123196 kB
Inactive(anon):  1283704 kB
Active(file):    1464372 kB
Inactive(file):   557136 kB
Unevictable:        6048 kB
Mlocked:            5608 kB
SwapTotal:       4718584 kB
SwapFree:        4538360 kB
Dirty:                80 kB
Writeback:             0 kB
AnonPages:       1373080 kB
Mapped:           543824 kB
Shmem:             33496 kB
KReclaimable:    1348484 kB
Slab:             294320 kB
SReclaimable:      74548 kB
SUnreclaim:       219772 kB
KernelStack:       45184 kB
ShadowCallStack:   11312 kB
PageTables:        64456 kB
NFS_Unstable:          0 kB
Bounce:                0 kB
WritebackTmp:          0 kB
CommitLimit:     8679780 kB
Committed_AS:   63699996 kB
VmallocTotal:   263061440 kB
VmallocUsed:      126112 kB
VmallocChunk:          0 kB
Percpu:             6264 kB
CmaTotal:         405504 kB
CmaFree:           49652 kB
MemTotal:        7922396 kB
MemFree:          973560 kB
MemAvailable:    3953324 kB
Buffers:           75680 kB
Cached:          1983888 kB
SwapCached:         1880 kB
Active:          1587568 kB
Inactive:        1842004 kB
Active(anon):     123196 kB
Inactive(anon):  1284856 kB
Active(file):    1464372 kB
Inactive(file):   557148 kB
Unevictable:        6048 kB
Mlocked:            5608 kB
SwapTotal:       4718584 kB
SwapFree:        4538360 kB
Dirty:               132 kB
Writeback:             8 kB
AnonPages:       1374432 kB
Mapped:           543636 kB
Shmem:             33496 kB
KReclaimable:    1348516 kB
Slab:             294352 kB
SReclaimable:      74580 kB
SUnreclaim:       219772 kB
KernelStack:       45184 kB
ShadowCallStack:   11300 kB
PageTables:        64380 kB
NFS_Unstable:          0 kB
Bounce:                0 kB
WritebackTmp:          0 kB
CommitLimit:     8679780 kB
Committed_AS:   63699996 kB
VmallocTotal:   263061440 kB
VmallocUsed:      126144 kB
VmallocChunk:          0 kB
Percpu:             6264 kB
CmaTotal:         405504 kB
CmaFree:           49652 kB
MemTotal:        7922396 kB
MemFree:          971780 kB
MemAvailable:    3951572 kB
Buffers:           75688 kB
Cached:          1983892 kB
SwapCached:         1880 kB
Active:          1587572 kB
Inactive:        1842280 kB
Active(anon):     123192 kB
Inactive(anon):  1285128 kB
Active(file):    1464380 kB
Inactive(file):   557152 kB
Unevictable:        6048 kB
Mlocked:            5608 kB
SwapTotal:       4718584 kB
SwapFree:        4538360 kB
Dirty:               220 kB
Writeback:             0 kB
AnonPages:       1374532 kB
Mapped:           543660 kB
Shmem:             33496 kB
KReclaimable:    1348532 kB
Slab:             294368 kB
SReclaimable:      74596 kB
SUnreclaim:       219772 kB
KernelStack:       45184 kB
ShadowCallStack:   11320 kB
PageTables:        64500 kB
NFS_Unstable:          0 kB
Bounce:                0 kB
WritebackTmp:          0 kB
CommitLimit:     8679780 kB
Committed_AS:   63700000 kB
VmallocTotal:   263061440 kB
VmallocUsed:      126144 kB
VmallocChunk:          0 kB
Percpu:             6264 kB
CmaTotal:         405504 kB
CmaFree:           49652 kB
MemTotal:        7922396 kB
MemFree:          971524 kB
MemAvailable:    3951264 kB
Buffers:           75688 kB
Cached:          1983904 kB
SwapCached:         1880 kB
Active:          1587576 kB
Inactive:        1842568 kB
Active(anon):     123196 kB
Inactive(anon):  1285404 kB
Active(file):    1464380 kB
Inactive(file):   557164 kB
Unevictable:        6048 kB
Mlocked:            5608 kB
SwapTotal:       4718584 kB
SwapFree:        4538360 kB
Dirty:               248 kB
Writeback:             0 kB
AnonPages:       1374796 kB
Mapped:           543756 kB
Shmem:             33496 kB
KReclaimable:    1348468 kB
Slab:             294304 kB
SReclaimable:      74532 kB
SUnreclaim:       219772 kB
KernelStack:       45184 kB
ShadowCallStack:   11320 kB
PageTables:        64460 kB
NFS_Unstable:          0 kB
Bounce:                0 kB
WritebackTmp:          0 kB
CommitLimit:     8679780 kB
Committed_AS:   63700000 kB
VmallocTotal:   263061440 kB
VmallocUsed:      126160 kB
VmallocChunk:          0 kB
Percpu:             6264 kB
CmaTotal:         405504 kB
CmaFree:           49652 kB
MemTotal:        7922396 kB
MemFree:          971828 kB
MemAvailable:    3951572 kB
Buffers:           75688 kB
Cached:          1983908 kB
SwapCached:         1880 kB
Active:          1587572 kB
Inactive:        1842716 kB
Active(anon):     123192 kB
Inactive(anon):  1285548 kB
Active(file):    1464380 kB
Inactive(file):   557168 kB
Unevictable:        6048 kB
Mlocked:            5608 kB
SwapTotal:       4718584 kB
SwapFree:        4538360 kB
Dirty:               256 kB
Writeback:             0 kB
AnonPages:       1374932 kB
Mapped:           543660 kB
Shmem:             33496 kB
KReclaimable:    1348468 kB
Slab:             294304 kB
SReclaimable:      74532 kB
SUnreclaim:       219772 kB
KernelStack:       45168 kB
ShadowCallStack:   11316 kB
PageTables:        64492 kB
NFS_Unstable:          0 kB
Bounce:                0 kB
WritebackTmp:          0 kB
CommitLimit:     8679780 kB
Committed_AS:   63699996 kB
VmallocTotal:   263061440 kB
VmallocUsed:      126144 kB
VmallocChunk:          0 kB
Percpu:             6264 kB
CmaTotal:         405504 kB
CmaFree:           49652 kB
MemTotal:        7922396 kB
MemFree:          971464 kB
MemAvailable:    3951228 kB
Buffers:           75688 kB
Cached:          1983912 kB
SwapCached:         1880 kB
Active:          1587576 kB
Inactive:        1843500 kB
Active(anon):     123196 kB
Inactive(anon):  1286328 kB
Active(file):    1464380 kB
Inactive(file):   557172 kB
Unevictable:        6048 kB
Mlocked:            5608 kB
SwapTotal:       4718584 kB
SwapFree:        4538360 kB
Dirty:               264 kB
Writeback:             0 kB
AnonPages:       1375552 kB
Mapped:           543764 kB
Shmem:             33496 kB
KReclaimable:    1348484 kB
Slab:             294320 kB
SReclaimable:      74548 kB
SUnreclaim:       219772 kB
KernelStack:       45168 kB
ShadowCallStack:   11316 kB
PageTables:        64252 kB
NFS_Unstable:          0 kB
Bounce:                0 kB
WritebackTmp:          0 kB
CommitLimit:     8679780 kB
Committed_AS:   63699996 kB
VmallocTotal:   263061440 kB
VmallocUsed:      126160 kB
VmallocChunk:          0 kB
Percpu:             6264 kB
CmaTotal:         405504 kB
CmaFree:           49652 kB
MemTotal:        7922396 kB
MemFree:          970472 kB
MemAvailable:    3950248 kB
Buffers:           75688 kB
Cached:          1983924 kB
SwapCached:         1880 kB
Active:          1587568 kB
Inactive:        1843792 kB
Active(anon):     123188 kB
Inactive(anon):  1286608 kB
Active(file):    1464380 kB
Inactive(file):   557184 kB
Unevictable:        6048 kB
Mlocked:            5608 kB
SwapTotal:       4718584 kB
SwapFree:        4538360 kB
Dirty:               276 kB
Writeback:             0 kB
AnonPages:       1376052 kB
Mapped:           543820 kB
Shmem:             33496 kB
KReclaimable:    1348484 kB
Slab:             294320 kB
SReclaimable:      74548 kB
SUnreclaim:       219772 kB
KernelStack:       45136 kB
ShadowCallStack:   11324 kB
PageTables:        64416 kB
NFS_Unstable:          0 kB
Bounce:                0 kB
WritebackTmp:          0 kB
CommitLimit:     8679780 kB
Committed_AS:   63699996 kB
VmallocTotal:   263061440 kB
VmallocUsed:      126132 kB
VmallocChunk:          0 kB
Percpu:             6264 kB
CmaTotal:         405504 kB
CmaFree:           49652 kB
MemTotal:        7922396 kB
MemFree:          971248 kB
MemAvailable:    3951048 kB
Buffers:           75704 kB
Cached:          1983932 kB
SwapCached:         1880 kB
Active:          1587588 kB
Inactive:        1843932 kB
Active(anon):     123192 kB
Inactive(anon):  1286740 kB
Active(file):    1464396 kB
Inactive(file):   557192 kB
Unevictable:        6048 kB
Mlocked:            5608 kB
SwapTotal:       4718584 kB
SwapFree:        4538360 kB
Dirty:               336 kB
Writeback:             0 kB
AnonPages:       1376196 kB
Mapped:           543660 kB
Shmem:             33496 kB
KReclaimable:    1348484 kB
Slab:             294320 kB
SReclaimable:      74548 kB
SUnreclaim:       219772 kB
KernelStack:       45168 kB
ShadowCallStack:   11316 kB
PageTables:        64384 kB
NFS_Unstable:          0 kB
Bounce:                0 kB
WritebackTmp:          0 kB
CommitLimit:     8679780 kB
Committed_AS:   63699996 kB
VmallocTotal:   263061440 kB
VmallocUsed:      126128 kB
VmallocChunk:          0 kB
Percpu:             6264 kB
CmaTotal:         405504 kB
CmaFree:           49652 kB
MemTotal:        7922396 kB
MemFree:          969832 kB
MemAvailable:    3949604 kB
Buffers:           75704 kB
Cached:          1983936 kB
SwapCached:         1880 kB
Active:          1587592 kB
Inactive:        1845164 kB
Active(anon):     123196 kB
Inactive(anon):  1287968 kB
Active(file):    1464396 kB
Inactive(file):   557196 kB
Unevictable:        6048 kB
Mlocked:            5608 kB
SwapTotal:       4718584 kB
SwapFree:        4538360 kB
Dirty:               348 kB
Writeback:             0 kB
AnonPages:       1377380 kB
Mapped:           543652 kB
Shmem:             33496 kB
KReclaimable:    1348452 kB
Slab:             294352 kB
SReclaimable:      74516 kB
SUnreclaim:       219836 kB
KernelStack:       45184 kB
ShadowCallStack:   11316 kB
PageTables:        64368 kB
NFS_Unstable:          0 kB
Bounce:                0 kB
WritebackTmp:          0 kB
CommitLimit:     8679780 kB
Committed_AS:   63699996 kB
VmallocTotal:   263061440 kB
VmallocUsed:      126136 kB
VmallocChunk:          0 kB
Percpu:             6264 kB
CmaTotal:         405504 kB
CmaFree:           49640 kB
MemTotal:        7922396 kB
MemFree:          967616 kB
MemAvailable:    3947380 kB
Buffers:           75704 kB
Cached:          1984040 kB
SwapCached:         1880 kB
Active:          1587568 kB
Inactive:        1848088 kB
Active(anon):     123172 kB
Inactive(anon):  1290884 kB
Active(file):    1464396 kB
Inactive(file):   557204 kB
Unevictable:        6048 kB
Mlocked:            5608 kB
SwapTotal:       4718584 kB
SwapFree:        4538360 kB
Dirty:               376 kB
Writeback:             0 kB
AnonPages:       1380124 kB
Mapped:           543764 kB
Shmem:             33592 kB
KReclaimable:    1348436 kB
Slab:             294272 kB
SReclaimable:      74500 kB
SUnreclaim:       219772 kB
KernelStack:       45344 kB
ShadowCallStack:   11328 kB
PageTables:        64356 kB
NFS_Unstable:          0 kB
Bounce:                0 kB
WritebackTmp:          0 kB
CommitLimit:     8679780 kB
Committed_AS:   63700764 kB
VmallocTotal:   263061440 kB
VmallocUsed:      126284 kB
VmallocChunk:          0 kB
Percpu:             6264 kB
CmaTotal:         405504 kB
CmaFree:           49652 kB
MemTotal:        7922396 kB
MemFree:          978304 kB
MemAvailable:    3958116 kB
Buffers:           75704 kB
Cached:          1983324 kB
SwapCached:         1880 kB
Active:          1587588 kB
Inactive:        1836216 kB
Active(anon):     123192 kB
Inactive(anon):  1278996 kB
Active(file):    1464396 kB
Inactive(file):   557220 kB
Unevictable:        6048 kB
Mlocked:            5608 kB
SwapTotal:       4718584 kB
SwapFree:        4538360 kB
Dirty:               408 kB
Writeback:             0 kB
AnonPages:       1369020 kB
Mapped:           543664 kB
Shmem:             32860 kB
KReclaimable:    1348468 kB
Slab:             294304 kB
SReclaimable:      74532 kB
SUnreclaim:       219772 kB
KernelStack:       45392 kB
ShadowCallStack:   11372 kB
PageTables:        64420 kB
NFS_Unstable:          0 kB
Bounce:                0 kB
WritebackTmp:          0 kB
CommitLimit:     8679780 kB
Committed_AS:   63700072 kB
VmallocTotal:   263061440 kB
VmallocUsed:      126444 kB
VmallocChunk:          0 kB
Percpu:             6264 kB
CmaTotal:         405504 kB
CmaFree:           49652 kB
MemTotal:        7922396 kB
MemFree:          977556 kB
MemAvailable:    3957404 kB
Buffers:           75704 kB
Cached:          1983328 kB
SwapCached:         1880 kB
Active:          1587588 kB
Inactive:        1836696 kB
Active(anon):     123192 kB
Inactive(anon):  1279472 kB
Active(file):    1464396 kB
Inactive(file):   557224 kB
Unevictable:        6048 kB
Mlocked:            5608 kB
SwapTotal:       4718584 kB
SwapFree:        4538360 kB
Dirty:               420 kB
Writeback:             0 kB
AnonPages:       1369464 kB
Mapped:           543664 kB
Shmem:             32860 kB
KReclaimable:    1348500 kB
Slab:             294336 kB
SReclaimable:      74564 kB
SUnreclaim:       219772 kB
KernelStack:       45392 kB
ShadowCallStack:   11372 kB
PageTables:        64496 kB
NFS_Unstable:          0 kB
Bounce:                0 kB
WritebackTmp:          0 kB
CommitLimit:     8679780 kB
Committed_AS:   63700028 kB
VmallocTotal:   263061440 kB
VmallocUsed:      126400 kB
VmallocChunk:          0 kB
Percpu:             6264 kB
CmaTotal:         405504 kB
CmaFree:           49652 kB
MemTotal:        7922396 kB
MemFree:          978216 kB
MemAvailable:    3958036 kB
Buffers:           75712 kB
Cached:          1983324 kB
SwapCached:         1880 kB
Active:          1587648 kB
Inactive:        1835816 kB
Active(anon):     123248 kB
Inactive(anon):  1278592 kB
Active(file):    1464400 kB
Inactive(file):   557224 kB
Unevictable:        6048 kB
Mlocked:            5608 kB
SwapTotal:       4718584 kB
SwapFree:        4538360 kB
Dirty:               432 kB
Writeback:             0 kB
AnonPages:       1368752 kB
Mapped:           543780 kB
Shmem:             32860 kB
KReclaimable:    1348468 kB
Slab:             294304 kB
SReclaimable:      74532 kB
SUnreclaim:       219772 kB
KernelStack:       45344 kB
ShadowCallStack:   11388 kB
PageTables:        64592 kB
NFS_Unstable:          0 kB
Bounce:                0 kB
WritebackTmp:          0 kB
CommitLimit:     8679780 kB
Committed_AS:   63700032 kB
VmallocTotal:   263061440 kB
VmallocUsed:      126420 kB
VmallocChunk:          0 kB
Percpu:             6264 kB
CmaTotal:         405504 kB
CmaFree:           49652 kB
MemTotal:        7922396 kB
MemFree:          979612 kB
MemAvailable:    3959452 kB
Buffers:           75712 kB
Cached:          1983344 kB
SwapCached:         1880 kB
Active:          1587644 kB
Inactive:        1836084 kB
Active(anon):     123240 kB
Inactive(anon):  1278844 kB
Active(file):    1464404 kB
Inactive(file):   557240 kB
Unevictable:        6048 kB
Mlocked:            5608 kB
SwapTotal:       4718584 kB
SwapFree:        4538360 kB
Dirty:               484 kB
Writeback:             0 kB
AnonPages:       1368924 kB
Mapped:           543664 kB
Shmem:             32860 kB
KReclaimable:    1348468 kB
Slab:             294304 kB
SReclaimable:      74532 kB
SUnreclaim:       219772 kB
KernelStack:       45376 kB
ShadowCallStack:   11364 kB
PageTables:        64396 kB
NFS_Unstable:          0 kB
Bounce:                0 kB
WritebackTmp:          0 kB
CommitLimit:     8679780 kB
Committed_AS:   63700032 kB
VmallocTotal:   263061440 kB
VmallocUsed:      126400 kB
VmallocChunk:          0 kB
Percpu:             6264 kB
CmaTotal:         405504 kB
CmaFree:           49652 kB
MemTotal:        7922396 kB
MemFree:          978048 kB
MemAvailable:    3957908 kB
Buffers:           75712 kB
Cached:          1983348 kB
SwapCached:         1880 kB
Active:          1587652 kB
Inactive:        1836480 kB
Active(anon):     123248 kB
Inactive(anon):  1279236 kB
Active(file):    1464404 kB
Inactive(file):   557244 kB
Unevictable:        6048 kB
Mlocked:            5608 kB
SwapTotal:       4718584 kB
SwapFree:        4538360 kB
Dirty:               412 kB
Writeback:             0 kB
AnonPages:       1369272 kB
