MemTotal:        7922396 kB
MemFree:         1188752 kB
MemAvailable:    3707004 kB
Buffers:           18536 kB
Cached:          2131284 kB
SwapCached:         2240 kB
Active:          1767492 kB
Inactive:        1745972 kB
Active(anon):     128848 kB
Inactive(anon):  1260608 kB
Active(file):    1638644 kB
Inactive(file):   485364 kB
Unevictable:        6136 kB
Mlocked:            5696 kB
SwapTotal:       4718584 kB
SwapFree:        4565240 kB
Dirty:             35928 kB
Writeback:             0 kB
AnonPages:       1367704 kB
Mapped:           412412 kB
Shmem:             21092 kB
KReclaimable:    1005700 kB
Slab:             315508 kB
SReclaimable:      90744 kB
SUnreclaim:       224764 kB
KernelStack:       47520 kB
ShadowCallStack:   11916 kB
PageTables:        68160 kB
NFS_Unstable:          0 kB
Bounce:                0 kB
WritebackTmp:          0 kB
CommitLimit:     8679780 kB
Committed_AS:   72936244 kB
VmallocTotal:   263061440 kB
VmallocUsed:      129000 kB
VmallocChunk:          0 kB
Percpu:             6288 kB
CmaTotal:         405504 kB
CmaFree:           11464 kB
MemTotal:        7922396 kB
MemFree:         1143016 kB
MemAvailable:    3705892 kB
Buffers:           19048 kB
Cached:          2174212 kB
SwapCached:         2304 kB
Active:          1803924 kB
Inactive:        1751788 kB
Active(anon):     128932 kB
Inactive(anon):  1259864 kB
Active(file):    1674992 kB
Inactive(file):   491924 kB
Unevictable:        6136 kB
Mlocked:            5696 kB
SwapTotal:       4718584 kB
SwapFree:        4565240 kB
Dirty:             37672 kB
Writeback:             0 kB
AnonPages:       1366368 kB
Mapped:           461088 kB
Shmem:             21700 kB
KReclaimable:    1007416 kB
Slab:             315704 kB
SReclaimable:      90856 kB
SUnreclaim:       224848 kB
KernelStack:       47840 kB
ShadowCallStack:   11984 kB
PageTables:        69936 kB
NFS_Unstable:          0 kB
Bounce:                0 kB
WritebackTmp:          0 kB
CommitLimit:     8679780 kB
Committed_AS:   75636712 kB
VmallocTotal:   263061440 kB
VmallocUsed:      129348 kB
VmallocChunk:          0 kB
Percpu:             6288 kB
CmaTotal:         405504 kB
CmaFree:           11464 kB
MemTotal:        7922396 kB
MemFree:         1299844 kB
MemAvailable:    4108632 kB
Buffers:           19564 kB
Cached:          2278776 kB
SwapCached:         2304 kB
Active:          1863744 kB
Inactive:        1532336 kB
Active(anon):     129088 kB
Inactive(anon):   994980 kB
Active(file):    1734656 kB
Inactive(file):   537356 kB
Unevictable:        6136 kB
Mlocked:            5696 kB
SwapTotal:       4718584 kB
SwapFree:        4565240 kB
Dirty:             27600 kB
Writeback:             0 kB
AnonPages:       1101656 kB
Mapped:           529848 kB
Shmem:             21684 kB
KReclaimable:    1148232 kB
Slab:             316872 kB
SReclaimable:      90912 kB
SUnreclaim:       225960 kB
KernelStack:       48192 kB
ShadowCallStack:   12076 kB
PageTables:        71112 kB
NFS_Unstable:          0 kB
Bounce:                0 kB
WritebackTmp:          0 kB
CommitLimit:     8679780 kB
Committed_AS:   77129760 kB
VmallocTotal:   263061440 kB
VmallocUsed:      129896 kB
VmallocChunk:          0 kB
Percpu:             6288 kB
CmaTotal:         405504 kB
CmaFree:           11464 kB
MemTotal:        7922396 kB
MemFree:         1105852 kB
MemAvailable:    4022792 kB
Buffers:           19828 kB
Cached:          2335516 kB
SwapCached:         2304 kB
Active:          1882112 kB
Inactive:        1706892 kB
Active(anon):     129108 kB
Inactive(anon):  1131264 kB
Active(file):    1753004 kB
Inactive(file):   575628 kB
Unevictable:        6136 kB
Mlocked:            5696 kB
SwapTotal:       4718584 kB
SwapFree:        4565240 kB
Dirty:             27784 kB
Writeback:             0 kB
AnonPages:       1237620 kB
Mapped:           560284 kB
Shmem:             22068 kB
KReclaimable:    1199764 kB
Slab:             316756 kB
SReclaimable:      90880 kB
SUnreclaim:       225876 kB
KernelStack:       48992 kB
ShadowCallStack:   12280 kB
PageTables:        71292 kB
NFS_Unstable:          0 kB
Bounce:                0 kB
WritebackTmp:          0 kB
CommitLimit:     8679780 kB
Committed_AS:   77235988 kB
VmallocTotal:   263061440 kB
VmallocUsed:      130784 kB
VmallocChunk:          0 kB
Percpu:             6288 kB
CmaTotal:         405504 kB
CmaFree:           11464 kB
MemTotal:        7922396 kB
MemFree:         1153212 kB
MemAvailable:    4230268 kB
Buffers:           19908 kB
Cached:          2365156 kB
SwapCached:         2304 kB
Active:          1889504 kB
Inactive:        1654352 kB
Active(anon):     129044 kB
Inactive(anon):  1056936 kB
Active(file):    1760460 kB
Inactive(file):   597416 kB
Unevictable:        6136 kB
Mlocked:            5696 kB
SwapTotal:       4718584 kB
SwapFree:        4565240 kB
Dirty:             28076 kB
Writeback:             0 kB
AnonPages:       1162800 kB
Mapped:           573064 kB
Shmem:             22544 kB
KReclaimable:    1330636 kB
Slab:             316380 kB
SReclaimable:      91104 kB
SUnreclaim:       225276 kB
KernelStack:       49040 kB
ShadowCallStack:   12288 kB
PageTables:        70680 kB
NFS_Unstable:          0 kB
Bounce:                0 kB
WritebackTmp:          0 kB
CommitLimit:     8679780 kB
Committed_AS:   75949376 kB
VmallocTotal:   263061440 kB
VmallocUsed:      130860 kB
VmallocChunk:          0 kB
Percpu:             6288 kB
CmaTotal:         405504 kB
CmaFree:           11656 kB
MemTotal:        7922396 kB
MemFree:         1099196 kB
MemAvailable:    4175936 kB
Buffers:           19924 kB
Cached:          2364824 kB
SwapCached:         2304 kB
Active:          1889528 kB
Inactive:        1708384 kB
Active(anon):     129048 kB
Inactive(anon):  1110860 kB
Active(file):    1760480 kB
Inactive(file):   597524 kB
Unevictable:        6136 kB
Mlocked:            5696 kB
SwapTotal:       4718584 kB
SwapFree:        4565240 kB
Dirty:             28208 kB
Writeback:             0 kB
AnonPages:       1217120 kB
Mapped:           579716 kB
Shmem:             22100 kB
KReclaimable:    1330192 kB
Slab:             316292 kB
SReclaimable:      91120 kB
SUnreclaim:       225172 kB
KernelStack:       49040 kB
ShadowCallStack:   12284 kB
PageTables:        70784 kB
NFS_Unstable:          0 kB
Bounce:                0 kB
WritebackTmp:          0 kB
CommitLimit:     8679780 kB
Committed_AS:   76001664 kB
VmallocTotal:   263061440 kB
VmallocUsed:      130876 kB
VmallocChunk:          0 kB
Percpu:             6288 kB
CmaTotal:         405504 kB
CmaFree:           11656 kB
MemTotal:        7922396 kB
MemFree:          793992 kB
MemAvailable:    3649108 kB
Buffers:           20056 kB
Cached:          2377052 kB
SwapCached:         2304 kB
Active:          1896188 kB
Inactive:        2003548 kB
Active(anon):     129056 kB
Inactive(anon):  1400316 kB
Active(file):    1767132 kB
Inactive(file):   603232 kB
Unevictable:        6136 kB
Mlocked:            5696 kB
SwapTotal:       4718584 kB
SwapFree:        4565240 kB
Dirty:             28304 kB
Writeback:             0 kB
AnonPages:       1506692 kB
Mapped:           589604 kB
Shmem:             22100 kB
KReclaimable:    1096208 kB
Slab:             316828 kB
SReclaimable:      91184 kB
SUnreclaim:       225644 kB
KernelStack:       48768 kB
ShadowCallStack:   12220 kB
PageTables:        71764 kB
NFS_Unstable:          0 kB
Bounce:                0 kB
WritebackTmp:          0 kB
CommitLimit:     8679780 kB
Committed_AS:   76285964 kB
VmallocTotal:   263061440 kB
VmallocUsed:      130092 kB
VmallocChunk:          0 kB
Percpu:             6288 kB
CmaTotal:         405504 kB
CmaFree:           11656 kB
MemTotal:        7922396 kB
MemFree:          600096 kB
MemAvailable:    3330456 kB
Buffers:           20056 kB
Cached:          2383892 kB
SwapCached:         2304 kB
Active:          1905892 kB
Inactive:        2187312 kB
Active(anon):     129092 kB
Inactive(anon):  1586908 kB
Active(file):    1776800 kB
Inactive(file):   600404 kB
Unevictable:        6136 kB
Mlocked:            5696 kB
SwapTotal:       4718584 kB
SwapFree:        4565240 kB
Dirty:             28256 kB
Writeback:             0 kB
AnonPages:       1693380 kB
Mapped:           606736 kB
Shmem:             22100 kB
KReclaimable:     964612 kB
Slab:             316884 kB
SReclaimable:      91216 kB
SUnreclaim:       225668 kB
KernelStack:       48816 kB
ShadowCallStack:   12228 kB
PageTables:        72300 kB
NFS_Unstable:          0 kB
Bounce:                0 kB
WritebackTmp:          0 kB
CommitLimit:     8679780 kB
Committed_AS:   76488224 kB
VmallocTotal:   263061440 kB
VmallocUsed:      130092 kB
VmallocChunk:          0 kB
Percpu:             6288 kB
CmaTotal:         405504 kB
CmaFree:           11656 kB
MemTotal:        7922396 kB
MemFree:          479028 kB
MemAvailable:    3172160 kB
Buffers:           20056 kB
Cached:          2409876 kB
SwapCached:         2304 kB
Active:          1931812 kB
Inactive:        2283836 kB
Active(anon):     129100 kB
Inactive(anon):  1683412 kB
Active(file):    1802712 kB
Inactive(file):   600424 kB
Unevictable:        6136 kB
Mlocked:            5696 kB
SwapTotal:       4718584 kB
SwapFree:        4565240 kB
Dirty:             28224 kB
Writeback:             0 kB
AnonPages:       1789700 kB
Mapped:           640740 kB
Shmem:             22100 kB
KReclaimable:     901452 kB
Slab:             316760 kB
SReclaimable:      91168 kB
SUnreclaim:       225592 kB
KernelStack:       48784 kB
ShadowCallStack:   12224 kB
PageTables:        72560 kB
NFS_Unstable:          0 kB
Bounce:                0 kB
WritebackTmp:          0 kB
CommitLimit:     8679780 kB
Committed_AS:   76667432 kB
VmallocTotal:   263061440 kB
VmallocUsed:      130096 kB
VmallocChunk:          0 kB
Percpu:             6288 kB
CmaTotal:         405504 kB
CmaFree:           11656 kB
MemTotal:        7922396 kB
MemFree:          528308 kB
MemAvailable:    3170608 kB
Buffers:           20068 kB
Cached:          2410584 kB
SwapCached:         2304 kB
Active:          1935332 kB
Inactive:        2233724 kB
Active(anon):     129116 kB
Inactive(anon):  1636028 kB
Active(file):    1806216 kB
Inactive(file):   597696 kB
Unevictable:        6136 kB
Mlocked:            5696 kB
SwapTotal:       4718584 kB
SwapFree:        4565240 kB
Dirty:             28308 kB
Writeback:             0 kB
AnonPages:       1742444 kB
Mapped:           643116 kB
Shmem:             22096 kB
KReclaimable:     849844 kB
Slab:             316844 kB
SReclaimable:      91168 kB
SUnreclaim:       225676 kB
KernelStack:       48752 kB
ShadowCallStack:   12216 kB
PageTables:        72904 kB
NFS_Unstable:          0 kB
Bounce:                0 kB
WritebackTmp:          0 kB
CommitLimit:     8679780 kB
Committed_AS:   76727096 kB
VmallocTotal:   263061440 kB
VmallocUsed:      130016 kB
VmallocChunk:          0 kB
Percpu:             6288 kB
CmaTotal:         405504 kB
CmaFree:               0 kB
MemTotal:        7922396 kB
MemFree:          473672 kB
MemAvailable:    3171160 kB
Buffers:           20196 kB
Cached:          2422344 kB
SwapCached:         2324 kB
Active:          1946252 kB
Inactive:        2276184 kB
Active(anon):     129120 kB
Inactive(anon):  1677668 kB
Active(file):    1817132 kB
Inactive(file):   598516 kB
Unevictable:        6136 kB
Mlocked:            5696 kB
SwapTotal:       4718584 kB
SwapFree:        4565240 kB
Dirty:             28416 kB
Writeback:             0 kB
AnonPages:       1783904 kB
Mapped:           646956 kB
Shmem:             22248 kB
KReclaimable:     893296 kB
Slab:             316808 kB
SReclaimable:      91152 kB
SUnreclaim:       225656 kB
KernelStack:       48784 kB
ShadowCallStack:   12224 kB
PageTables:        73000 kB
NFS_Unstable:          0 kB
Bounce:                0 kB
WritebackTmp:          0 kB
CommitLimit:     8679780 kB
Committed_AS:   76766480 kB
VmallocTotal:   263061440 kB
VmallocUsed:      129972 kB
VmallocChunk:          0 kB
Percpu:             6288 kB
CmaTotal:         405504 kB
CmaFree:               0 kB
MemTotal:        7922396 kB
MemFree:          402060 kB
MemAvailable:    3096964 kB
Buffers:           20384 kB
Cached:          2429596 kB
SwapCached:         2324 kB
Active:          1952972 kB
Inactive:        2341576 kB
Active(anon):     129216 kB
Inactive(anon):  1742248 kB
Active(file):    1823756 kB
Inactive(file):   599328 kB
Unevictable:        6136 kB
Mlocked:            5696 kB
SwapTotal:       4718584 kB
SwapFree:        4565240 kB
Dirty:             28460 kB
Writeback:            20 kB
AnonPages:       1848916 kB
Mapped:           655404 kB
Shmem:             22252 kB
KReclaimable:     883276 kB
Slab:             316600 kB
SReclaimable:      91152 kB
SUnreclaim:       225448 kB
KernelStack:       48864 kB
ShadowCallStack:   12224 kB
PageTables:        73156 kB
NFS_Unstable:          0 kB
Bounce:                0 kB
WritebackTmp:          0 kB
CommitLimit:     8679780 kB
Committed_AS:   76832716 kB
VmallocTotal:   263061440 kB
VmallocUsed:      130144 kB
VmallocChunk:          0 kB
Percpu:             6288 kB
CmaTotal:         405504 kB
CmaFree:              52 kB
MemTotal:        7922396 kB
MemFree:          390744 kB
MemAvailable:    3089768 kB
Buffers:           20392 kB
Cached:          2433952 kB
SwapCached:         2324 kB
Active:          1959636 kB
Inactive:        2344708 kB
Active(anon):     129452 kB
Inactive(anon):  1747496 kB
Active(file):    1830184 kB
Inactive(file):   597212 kB
Unevictable:        6136 kB
Mlocked:            5696 kB
SwapTotal:       4718584 kB
SwapFree:        4565240 kB
Dirty:             28540 kB
Writeback:             0 kB
AnonPages:       1854032 kB
Mapped:           619024 kB
Shmem:             22260 kB
KReclaimable:     883084 kB
Slab:             316724 kB
SReclaimable:      91152 kB
SUnreclaim:       225572 kB
KernelStack:       48960 kB
ShadowCallStack:   12268 kB
PageTables:        72820 kB
NFS_Unstable:          0 kB
Bounce:                0 kB
WritebackTmp:          0 kB
CommitLimit:     8679780 kB
Committed_AS:   76844216 kB
VmallocTotal:   263061440 kB
VmallocUsed:      130276 kB
VmallocChunk:          0 kB
Percpu:             6288 kB
CmaTotal:         405504 kB
CmaFree:               0 kB
MemTotal:        7922396 kB
MemFree:          376244 kB
MemAvailable:    3074104 kB
Buffers:           20416 kB
Cached:          2434368 kB
SwapCached:         2324 kB
Active:          1959748 kB
Inactive:        2357892 kB
Active(anon):     129476 kB
Inactive(anon):  1760296 kB
Active(file):    1830272 kB
Inactive(file):   597596 kB
Unevictable:        6136 kB
Mlocked:            5696 kB
SwapTotal:       4718584 kB
SwapFree:        4565240 kB
Dirty:             28596 kB
Writeback:             0 kB
AnonPages:       1866864 kB
Mapped:           623588 kB
Shmem:             22272 kB
KReclaimable:     881448 kB
Slab:             316980 kB
SReclaimable:      91200 kB
SUnreclaim:       225780 kB
KernelStack:       49392 kB
ShadowCallStack:   12376 kB
PageTables:        72952 kB
NFS_Unstable:          0 kB
Bounce:                0 kB
WritebackTmp:          0 kB
CommitLimit:     8679780 kB
Committed_AS:   76850544 kB
VmallocTotal:   263061440 kB
VmallocUsed:      130820 kB
VmallocChunk:          0 kB
Percpu:             6288 kB
CmaTotal:         405504 kB
CmaFree:               0 kB
MemTotal:        7922396 kB
MemFree:          374480 kB
MemAvailable:    3072884 kB
Buffers:           20424 kB
Cached:          2434948 kB
SwapCached:         2324 kB
Active:          1960316 kB
Inactive:        2357612 kB
Active(anon):     129476 kB
Inactive(anon):  1760008 kB
Active(file):    1830840 kB
Inactive(file):   597604 kB
Unevictable:        6136 kB
Mlocked:            5696 kB
SwapTotal:       4718584 kB
SwapFree:        4565240 kB
Dirty:             28604 kB
Writeback:             0 kB
AnonPages:       1866588 kB
Mapped:           624076 kB
Shmem:             22284 kB
KReclaimable:     881416 kB
Slab:             317020 kB
SReclaimable:      91200 kB
SUnreclaim:       225820 kB
KernelStack:       49376 kB
ShadowCallStack:   12372 kB
PageTables:        72916 kB
NFS_Unstable:          0 kB
Bounce:                0 kB
WritebackTmp:          0 kB
CommitLimit:     8679780 kB
Committed_AS:   76850564 kB
VmallocTotal:   263061440 kB
VmallocUsed:      130828 kB
VmallocChunk:          0 kB
Percpu:             6288 kB
CmaTotal:         405504 kB
CmaFree:               0 kB
MemTotal:        7922396 kB
MemFree:          368172 kB
MemAvailable:    3068472 kB
Buffers:           20448 kB
Cached:          2436860 kB
SwapCached:         2324 kB
Active:          1961536 kB
Inactive:        2362584 kB
Active(anon):     129456 kB
Inactive(anon):  1764284 kB
Active(file):    1832080 kB
Inactive(file):   598300 kB
Unevictable:        6136 kB
Mlocked:            5696 kB
SwapTotal:       4718584 kB
SwapFree:        4565240 kB
Dirty:             28608 kB
Writeback:            40 kB
AnonPages:       1870688 kB
Mapped:           626604 kB
Shmem:             22284 kB
KReclaimable:     881376 kB
Slab:             317068 kB
SReclaimable:      91200 kB
SUnreclaim:       225868 kB
KernelStack:       49440 kB
ShadowCallStack:   12388 kB
PageTables:        72904 kB
NFS_Unstable:          0 kB
Bounce:                0 kB
WritebackTmp:          0 kB
CommitLimit:     8679780 kB
Committed_AS:   76850908 kB
VmallocTotal:   263061440 kB
VmallocUsed:      130904 kB
VmallocChunk:          0 kB
Percpu:             6288 kB
CmaTotal:         405504 kB
CmaFree:               0 kB
MemTotal:        7922396 kB
MemFree:          379400 kB
MemAvailable:    3079860 kB
Buffers:           20456 kB
Cached:          2436984 kB
SwapCached:         2324 kB
Active:          1961564 kB
Inactive:        2353740 kB
Active(anon):     129476 kB
Inactive(anon):  1755320 kB
Active(file):    1832088 kB
Inactive(file):   598420 kB
Unevictable:        6136 kB
Mlocked:            5696 kB
SwapTotal:       4718584 kB
SwapFree:        4565240 kB
Dirty:             28720 kB
Writeback:             0 kB
AnonPages:       1861880 kB
Mapped:           628372 kB
Shmem:             22288 kB
KReclaimable:     881408 kB
Slab:             316952 kB
SReclaimable:      91232 kB
SUnreclaim:       225720 kB
KernelStack:       49392 kB
ShadowCallStack:   12376 kB
PageTables:        72980 kB
NFS_Unstable:          0 kB
Bounce:                0 kB
WritebackTmp:          0 kB
CommitLimit:     8679780 kB
Committed_AS:   76850948 kB
VmallocTotal:   263061440 kB
VmallocUsed:      130800 kB
VmallocChunk:          0 kB
Percpu:             6288 kB
CmaTotal:         405504 kB
CmaFree:               0 kB
MemTotal:        7922396 kB
MemFree:          341400 kB
MemAvailable:    3061576 kB
Buffers:           20480 kB
Cached:          2456508 kB
SwapCached:         2324 kB
Active:          1977940 kB
Inactive:        2376924 kB
Active(anon):     129572 kB
Inactive(anon):  1775068 kB
Active(file):    1848368 kB
Inactive(file):   601856 kB
Unevictable:        6136 kB
Mlocked:            5696 kB
SwapTotal:       4718584 kB
SwapFree:        4565240 kB
Dirty:             28724 kB
Writeback:             0 kB
AnonPages:       1881564 kB
Mapped:           636340 kB
Shmem:             22292 kB
KReclaimable:     881408 kB
Slab:             317016 kB
SReclaimable:      91232 kB
SUnreclaim:       225784 kB
KernelStack:       49392 kB
ShadowCallStack:   12368 kB
PageTables:        73056 kB
NFS_Unstable:          0 kB
Bounce:                0 kB
WritebackTmp:          0 kB
CommitLimit:     8679780 kB
Committed_AS:   76882192 kB
VmallocTotal:   263061440 kB
VmallocUsed:      130800 kB
VmallocChunk:          0 kB
Percpu:             6288 kB
CmaTotal:         405504 kB
CmaFree:               0 kB
MemTotal:        7922396 kB
MemFree:          259544 kB
MemAvailable:    2980696 kB
Buffers:           20488 kB
Cached:          2457648 kB
SwapCached:         2324 kB
Active:          1978308 kB
Inactive:        2457520 kB
Active(anon):     129592 kB
Inactive(anon):  1855036 kB
Active(file):    1848716 kB
Inactive(file):   602484 kB
Unevictable:        6136 kB
Mlocked:            5696 kB
SwapTotal:       4718584 kB
SwapFree:        4565240 kB
Dirty:             28792 kB
Writeback:             0 kB
AnonPages:       1961720 kB
Mapped:           637648 kB
Shmem:             22292 kB
KReclaimable:     881408 kB
Slab:             316968 kB
SReclaimable:      91232 kB
SUnreclaim:       225736 kB
KernelStack:       49520 kB
ShadowCallStack:   12408 kB
PageTables:        73292 kB
NFS_Unstable:          0 kB
Bounce:                0 kB
WritebackTmp:          0 kB
CommitLimit:     8679780 kB
Committed_AS:   76979708 kB
VmallocTotal:   263061440 kB
VmallocUsed:      130960 kB
VmallocChunk:          0 kB
Percpu:             6288 kB
CmaTotal:         405504 kB
CmaFree:               0 kB
MemTotal:        7922396 kB
MemFree:          209672 kB
MemAvailable:    3151332 kB
Buffers:           20500 kB
Cached:          2458640 kB
SwapCached:         2324 kB
Active:          1979288 kB
Inactive:        2505900 kB
Active(anon):     129660 kB
Inactive(anon):  1903324 kB
Active(file):    1849628 kB
Inactive(file):   602576 kB
Unevictable:        6136 kB
Mlocked:            5696 kB
SwapTotal:       4718584 kB
SwapFree:        4565240 kB
Dirty:             28852 kB
Writeback:             0 kB
AnonPages:       2010068 kB
Mapped:           638632 kB
Shmem:             22292 kB
KReclaimable:     879728 kB
Slab:             316380 kB
SReclaimable:      90640 kB
SUnreclaim:       225740 kB
KernelStack:       49472 kB
ShadowCallStack:   12396 kB
PageTables:        73416 kB
NFS_Unstable:          0 kB
Bounce:                0 kB
WritebackTmp:          0 kB
CommitLimit:     8679780 kB
Committed_AS:   77060600 kB
VmallocTotal:   263061440 kB
VmallocUsed:      130912 kB
VmallocChunk:          0 kB
Percpu:             6288 kB
CmaTotal:         405504 kB
CmaFree:               0 kB
MemTotal:        7922396 kB
MemFree:          198100 kB
MemAvailable:    3139732 kB
Buffers:           20500 kB
Cached:          2458652 kB
SwapCached:         2324 kB
Active:          1979316 kB
Inactive:        2517936 kB
Active(anon):     129688 kB
Inactive(anon):  1915348 kB
Active(file):    1849628 kB
Inactive(file):   602588 kB
Unevictable:        6136 kB
Mlocked:            5696 kB
SwapTotal:       4718584 kB
SwapFree:        4565240 kB
Dirty:             28860 kB
Writeback:             0 kB
AnonPages:       2022072 kB
Mapped:           638868 kB
Shmem:             22292 kB
KReclaimable:     879688 kB
Slab:             316432 kB
SReclaimable:      90640 kB
SUnreclaim:       225792 kB
KernelStack:       49536 kB
ShadowCallStack:   12396 kB
PageTables:        73524 kB
NFS_Unstable:          0 kB
Bounce:                0 kB
WritebackTmp:          0 kB
CommitLimit:     8679780 kB
Committed_AS:   77061116 kB
VmallocTotal:   263061440 kB
VmallocUsed:      130996 kB
VmallocChunk:          0 kB
Percpu:             6288 kB
CmaTotal:         405504 kB
CmaFree:               0 kB
MemTotal:        7922396 kB
MemFree:          197728 kB
MemAvailable:    3139360 kB
Buffers:           20500 kB
Cached:          2458652 kB
SwapCached:         2324 kB
Active:          1979284 kB
Inactive:        2518788 kB
Active(anon):     129656 kB
Inactive(anon):  1916200 kB
Active(file):    1849628 kB
Inactive(file):   602588 kB
Unevictable:        6136 kB
Mlocked:            5696 kB
SwapTotal:       4718584 kB
SwapFree:        4565240 kB
Dirty:             28864 kB
Writeback:             0 kB
AnonPages:       2022952 kB
Mapped:           639252 kB
Shmem:             22292 kB
KReclaimable:     879688 kB
Slab:             316492 kB
SReclaimable:      90640 kB
SUnreclaim:       225852 kB
KernelStack:       49520 kB
ShadowCallStack:   12408 kB
PageTables:        73484 kB
NFS_Unstable:          0 kB
Bounce:                0 kB
WritebackTmp:          0 kB
CommitLimit:     8679780 kB
Committed_AS:   77061084 kB
VmallocTotal:   263061440 kB
VmallocUsed:      130976 kB
VmallocChunk:          0 kB
Percpu:             6288 kB
CmaTotal:         405504 kB
CmaFree:               0 kB
MemTotal:        7922396 kB
MemFree:          180868 kB
MemAvailable:    3117340 kB
Buffers:           20500 kB
Cached:          2463516 kB
SwapCached:         2324 kB
Active:          1981480 kB
Inactive:        2533104 kB
Active(anon):     129652 kB
Inactive(anon):  1927852 kB
Active(file):    1851828 kB
Inactive(file):   605252 kB
Unevictable:        6136 kB
Mlocked:            5696 kB
SwapTotal:       4718584 kB
SwapFree:        4565240 kB
Dirty:             29468 kB
Writeback:             0 kB
AnonPages:       2034572 kB
Mapped:           644620 kB
Shmem:             22292 kB
KReclaimable:     869664 kB
Slab:             316440 kB
SReclaimable:      90640 kB
SUnreclaim:       225800 kB
KernelStack:       49424 kB
ShadowCallStack:   12384 kB
PageTables:        73496 kB
NFS_Unstable:          0 kB
Bounce:                0 kB
WritebackTmp:          0 kB
CommitLimit:     8679780 kB
Committed_AS:   77077408 kB
VmallocTotal:   263061440 kB
VmallocUsed:      130892 kB
VmallocChunk:          0 kB
Percpu:             6288 kB
CmaTotal:         405504 kB
CmaFree:               0 kB
MemTotal:        7922396 kB
MemFree:          190088 kB
MemAvailable:    3126124 kB
Buffers:           20528 kB
Cached:          2463836 kB
SwapCached:         2324 kB
Active:          1981536 kB
Inactive:        2523316 kB
Active(anon):     129636 kB
Inactive(anon):  1917788 kB
Active(file):    1851900 kB
Inactive(file):   605528 kB
Unevictable:        6136 kB
Mlocked:            5696 kB
SwapTotal:       4718584 kB
SwapFree:        4565240 kB
Dirty:             29768 kB
Writeback:            20 kB
AnonPages:       2024508 kB
Mapped:           645060 kB
Shmem:             22292 kB
KReclaimable:     868880 kB
Slab:             316648 kB
SReclaimable:      90896 kB
SUnreclaim:       225752 kB
KernelStack:       49296 kB
ShadowCallStack:   12372 kB
PageTables:        73564 kB
NFS_Unstable:          0 kB
Bounce:                0 kB
WritebackTmp:          0 kB
CommitLimit:     8679780 kB
Committed_AS:   77101400 kB
VmallocTotal:   263061440 kB
VmallocUsed:      130704 kB
VmallocChunk:          0 kB
Percpu:             6288 kB
CmaTotal:         405504 kB
CmaFree:            2220 kB
MemTotal:        7922396 kB
MemFree:          149820 kB
MemAvailable:    2952144 kB
Buffers:           20532 kB
Cached:          2463772 kB
SwapCached:         2324 kB
Active:          1983440 kB
Inactive:        2561640 kB
Active(anon):     130212 kB
Inactive(anon):  1957628 kB
Active(file):    1853228 kB
Inactive(file):   604012 kB
Unevictable:        6136 kB
Mlocked:            5696 kB
SwapTotal:       4718584 kB
SwapFree:        4564728 kB
Dirty:             30360 kB
Writeback:             0 kB
AnonPages:       2064884 kB
Mapped:           645572 kB
Shmem:             22364 kB
KReclaimable:     735356 kB
Slab:             316972 kB
SReclaimable:      90880 kB
SUnreclaim:       226092 kB
KernelStack:       49360 kB
ShadowCallStack:   12368 kB
PageTables:        73620 kB
NFS_Unstable:          0 kB
Bounce:                0 kB
WritebackTmp:          0 kB
CommitLimit:     8679780 kB
Committed_AS:   77106028 kB
VmallocTotal:   263061440 kB
VmallocUsed:      130764 kB
VmallocChunk:          0 kB
Percpu:             6288 kB
CmaTotal:         405504 kB
CmaFree:               0 kB
MemTotal:        7922396 kB
MemFree:          149368 kB
MemAvailable:    2919544 kB
Buffers:           20532 kB
Cached:          2475184 kB
SwapCached:         2324 kB
Active:          1985772 kB
Inactive:        2600912 kB
Active(anon):     132520 kB
Inactive(anon):  1985588 kB
Active(file):    1853252 kB
Inactive(file):   615324 kB
Unevictable:        6136 kB
Mlocked:            5696 kB
SwapTotal:       4718584 kB
SwapFree:        4563448 kB
Dirty:             50908 kB
Writeback:             0 kB
AnonPages:       2095024 kB
Mapped:           641768 kB
Shmem:             22440 kB
KReclaimable:     691872 kB
Slab:             315372 kB
SReclaimable:      88704 kB
SUnreclaim:       226668 kB
KernelStack:       49376 kB
ShadowCallStack:   12372 kB
PageTables:        73644 kB
NFS_Unstable:          0 kB
Bounce:                0 kB
WritebackTmp:          0 kB
CommitLimit:     8679780 kB
Committed_AS:   77106024 kB
VmallocTotal:   263061440 kB
VmallocUsed:      130784 kB
VmallocChunk:          0 kB
Percpu:             6288 kB
CmaTotal:         405504 kB
CmaFree:             132 kB
MemTotal:        7922396 kB
MemFree:          195312 kB
MemAvailable:    3141420 kB
Buffers:           20624 kB
Cached:          2524700 kB
SwapCached:         2324 kB
Active:          1986392 kB
Inactive:        2561536 kB
Active(anon):     133056 kB
Inactive(anon):  1896516 kB
Active(file):    1853336 kB
Inactive(file):   665020 kB
Unevictable:        6136 kB
Mlocked:            5696 kB
SwapTotal:       4718584 kB
SwapFree:        4562168 kB
Dirty:            102216 kB
Writeback:             0 kB
AnonPages:       2006644 kB
Mapped:           641240 kB
Shmem:             22296 kB
KReclaimable:     818024 kB
Slab:             315272 kB
SReclaimable:      88704 kB
SUnreclaim:       226568 kB
KernelStack:       49264 kB
ShadowCallStack:   12344 kB
PageTables:        73588 kB
NFS_Unstable:          0 kB
Bounce:                0 kB
WritebackTmp:          0 kB
CommitLimit:     8679780 kB
Committed_AS:   77105604 kB
VmallocTotal:   263061440 kB
VmallocUsed:      130644 kB
VmallocChunk:          0 kB
Percpu:             6288 kB
CmaTotal:         405504 kB
CmaFree:            2316 kB
MemTotal:        7922396 kB
MemFree:          208600 kB
MemAvailable:    3131628 kB
Buffers:           20660 kB
Cached:          2500500 kB
SwapCached:         2324 kB
Active:          1987804 kB
Inactive:        2545536 kB
Active(anon):     133096 kB
Inactive(anon):  1906032 kB
Active(file):    1854708 kB
Inactive(file):   639504 kB
Unevictable:        6136 kB
Mlocked:            5696 kB
SwapTotal:       4718584 kB
SwapFree:        4562168 kB
Dirty:             78016 kB
Writeback:             0 kB
AnonPages:       2016192 kB
Mapped:           640364 kB
Shmem:             22304 kB
KReclaimable:     819088 kB
Slab:             315224 kB
SReclaimable:      88704 kB
SUnreclaim:       226520 kB
KernelStack:       49232 kB
ShadowCallStack:   12336 kB
PageTables:        73556 kB
NFS_Unstable:          0 kB
Bounce:                0 kB
WritebackTmp:          0 kB
CommitLimit:     8679780 kB
Committed_AS:   77124616 kB
VmallocTotal:   263061440 kB
VmallocUsed:      130632 kB
VmallocChunk:          0 kB
Percpu:             6288 kB
CmaTotal:         405504 kB
CmaFree:            2784 kB
MemTotal:        7922396 kB
MemFree:          184124 kB
MemAvailable:    3085216 kB
Buffers:           20660 kB
Cached:          2500544 kB
SwapCached:         2324 kB
Active:          1993300 kB
Inactive:        2565860 kB
Active(anon):     133096 kB
Inactive(anon):  1931812 kB
Active(file):    1860204 kB
Inactive(file):   634048 kB
Unevictable:        6136 kB
Mlocked:            5696 kB
SwapTotal:       4718584 kB
SwapFree:        4562168 kB
Dirty:             78056 kB
Writeback:             0 kB
AnonPages:       2041952 kB
Mapped:           638324 kB
Shmem:             22308 kB
KReclaimable:     797112 kB
Slab:             315224 kB
SReclaimable:      88708 kB
SUnreclaim:       226516 kB
KernelStack:       49264 kB
ShadowCallStack:   12344 kB
PageTables:        73636 kB
NFS_Unstable:          0 kB
Bounce:                0 kB
WritebackTmp:          0 kB
CommitLimit:     8679780 kB
Committed_AS:   77141156 kB
VmallocTotal:   263061440 kB
VmallocUsed:      130636 kB
VmallocChunk:          0 kB
Percpu:             6288 kB
CmaTotal:         405504 kB
CmaFree:            2784 kB
MemTotal:        7922396 kB
MemFree:          155712 kB
MemAvailable:    2953284 kB
Buffers:           20660 kB
Cached:          2498936 kB
SwapCached:         2324 kB
Active:          2010432 kB
Inactive:        2580360 kB
Active(anon):     133940 kB
Inactive(anon):  1964232 kB
Active(file):    1876492 kB
Inactive(file):   616128 kB
Unevictable:        6136 kB
Mlocked:            5696 kB
SwapTotal:       4718584 kB
SwapFree:        4561400 kB
Dirty:             78056 kB
Writeback:             0 kB
AnonPages:       2075512 kB
Mapped:           654784 kB
Shmem:             22308 kB
KReclaimable:     695224 kB
Slab:             315412 kB
SReclaimable:      88772 kB
SUnreclaim:       226640 kB
KernelStack:       49232 kB
ShadowCallStack:   12336 kB
PageTables:        73740 kB
NFS_Unstable:          0 kB
Bounce:                0 kB
WritebackTmp:          0 kB
CommitLimit:     8679780 kB
Committed_AS:   77162768 kB
VmallocTotal:   263061440 kB
VmallocUsed:      130640 kB
VmallocChunk:          0 kB
Percpu:             6288 kB
CmaTotal:         405504 kB
CmaFree:               0 kB
MemTotal:        7922396 kB
MemFree:          166076 kB
MemAvailable:    2923804 kB
Buffers:           20656 kB
Cached:          2497232 kB
SwapCached:         2324 kB
Active:          2021472 kB
Inactive:        2578576 kB
Active(anon):     137560 kB
Inactive(anon):  1971552 kB
Active(file):    1883912 kB
Inactive(file):   607024 kB
Unevictable:        6136 kB
Mlocked:            5696 kB
SwapTotal:       4718584 kB
SwapFree:        4558840 kB
Dirty:             78096 kB
Writeback:             0 kB
AnonPages:       2086044 kB
Mapped:           659164 kB
Shmem:             22308 kB
KReclaimable:     657064 kB
Slab:             315268 kB
SReclaimable:      88548 kB
SUnreclaim:       226720 kB
KernelStack:       49248 kB
ShadowCallStack:   12348 kB
PageTables:        73880 kB
NFS_Unstable:          0 kB
Bounce:                0 kB
WritebackTmp:          0 kB
CommitLimit:     8679780 kB
Committed_AS:   77196580 kB
VmallocTotal:   263061440 kB
VmallocUsed:      130672 kB
VmallocChunk:          0 kB
Percpu:             6288 kB
CmaTotal:         405504 kB
CmaFree:              28 kB
MemTotal:        7922396 kB
MemFree:          154732 kB
MemAvailable:    2913812 kB
Buffers:           20692 kB
Cached:          2524256 kB
SwapCached:         2324 kB
Active:          2009744 kB
Inactive:        2621920 kB
Active(anon):     143036 kB
Inactive(anon):  1970640 kB
Active(file):    1866708 kB
Inactive(file):   651280 kB
Unevictable:        6136 kB
Mlocked:            5696 kB
SwapTotal:       4718584 kB
SwapFree:        4555256 kB
Dirty:             78196 kB
Writeback:             0 kB
AnonPages:       2090776 kB
Mapped:           659564 kB
Shmem:             22308 kB
KReclaimable:     631364 kB
Slab:             315284 kB
SReclaimable:      88480 kB
SUnreclaim:       226804 kB
KernelStack:       49248 kB
ShadowCallStack:   12352 kB
PageTables:        73844 kB
NFS_Unstable:          0 kB
Bounce:                0 kB
WritebackTmp:          0 kB
CommitLimit:     8679780 kB
Committed_AS:   77196584 kB
VmallocTotal:   263061440 kB
VmallocUsed:      130672 kB
VmallocChunk:          0 kB
Percpu:             6288 kB
CmaTotal:         405504 kB
CmaFree:             384 kB
MemTotal:        7922396 kB
MemFree:          151700 kB
MemAvailable:    2918124 kB
Buffers:           20700 kB
Cached:          2523932 kB
SwapCached:         2324 kB
Active:          2010132 kB
Inactive:        2627336 kB
Active(anon):     143460 kB
Inactive(anon):  1976328 kB
Active(file):    1866672 kB
Inactive(file):   651008 kB
Unevictable:        6136 kB
Mlocked:            5696 kB
SwapTotal:       4718584 kB
SwapFree:        4554744 kB
Dirty:             51260 kB
Writeback:         18660 kB
AnonPages:       2096884 kB
Mapped:           644800 kB
Shmem:             22308 kB
KReclaimable:     639016 kB
Slab:             315248 kB
SReclaimable:      88396 kB
SUnreclaim:       226852 kB
KernelStack:       49200 kB
ShadowCallStack:   12348 kB
PageTables:        73988 kB
NFS_Unstable:          0 kB
Bounce:                0 kB
WritebackTmp:          0 kB
CommitLimit:     8679780 kB
Committed_AS:   77212944 kB
VmallocTotal:   263061440 kB
VmallocUsed:      130632 kB
VmallocChunk:          0 kB
Percpu:             6288 kB
CmaTotal:         405504 kB
CmaFree:            1456 kB
MemTotal:        7922396 kB
MemFree:          163600 kB
MemAvailable:    2804708 kB
Buffers:           20724 kB
Cached:          2506352 kB
SwapCached:         2324 kB
Active:          2016120 kB
Inactive:        2648596 kB
Active(anon):     148600 kB
Inactive(anon):  2016004 kB
Active(file):    1867520 kB
Inactive(file):   632592 kB
Unevictable:        6136 kB
Mlocked:            5696 kB
SwapTotal:       4718584 kB
SwapFree:        4551928 kB
Dirty:             51480 kB
Writeback:             0 kB
AnonPages:       2141664 kB
Mapped:           655704 kB
Shmem:             22320 kB
KReclaimable:     531268 kB
Slab:             315044 kB
SReclaimable:      88076 kB
SUnreclaim:       226968 kB
KernelStack:       49264 kB
ShadowCallStack:   12344 kB
PageTables:        73972 kB
NFS_Unstable:          0 kB
Bounce:                0 kB
WritebackTmp:          0 kB
CommitLimit:     8679780 kB
Committed_AS:   77255188 kB
VmallocTotal:   263061440 kB
VmallocUsed:      130684 kB
VmallocChunk:          0 kB
Percpu:             6288 kB
CmaTotal:         405504 kB
CmaFree:               0 kB
MemTotal:        7922396 kB
MemFree:          170784 kB
MemAvailable:    2802212 kB
Buffers:           20884 kB
Cached:          2497916 kB
SwapCached:         2324 kB
Active:          2004904 kB
Inactive:        2673640 kB
Active(anon):     148668 kB
Inactive(anon):  2038088 kB
Active(file):    1856236 kB
Inactive(file):   635552 kB
Unevictable:        6136 kB
Mlocked:            5696 kB
SwapTotal:       4718584 kB
SwapFree:        4552184 kB
Dirty:             51680 kB
Writeback:             0 kB
AnonPages:       2163896 kB
Mapped:           654488 kB
Shmem:             22364 kB
KReclaimable:     529912 kB
Slab:             314632 kB
SReclaimable:      87708 kB
SUnreclaim:       226924 kB
KernelStack:       49360 kB
ShadowCallStack:   12368 kB
PageTables:        74088 kB
NFS_Unstable:          0 kB
Bounce:                0 kB
WritebackTmp:          0 kB
CommitLimit:     8679780 kB
Committed_AS:   77286160 kB
VmallocTotal:   263061440 kB
VmallocUsed:      130776 kB
VmallocChunk:          0 kB
Percpu:             6288 kB
CmaTotal:         405504 kB
CmaFree:               0 kB
MemTotal:        7922396 kB
MemFree:          174376 kB
MemAvailable:    2718168 kB
Buffers:           20924 kB
Cached:          2489036 kB
SwapCached:         2324 kB
Active:          1986528 kB
Inactive:        2693604 kB
Active(anon):     150780 kB
Inactive(anon):  2046400 kB
Active(file):    1835748 kB
Inactive(file):   647204 kB
Unevictable:        6136 kB
Mlocked:            5696 kB
SwapTotal:       4718584 kB
SwapFree:        4551416 kB
Dirty:             51908 kB
Writeback:             0 kB
AnonPages:       2174236 kB
Mapped:           675044 kB
Shmem:             22364 kB
KReclaimable:     451112 kB
Slab:             314904 kB
SReclaimable:      87708 kB
SUnreclaim:       227196 kB
KernelStack:       49328 kB
ShadowCallStack:   12364 kB
PageTables:        74120 kB
NFS_Unstable:          0 kB
Bounce:                0 kB
WritebackTmp:          0 kB
CommitLimit:     8679780 kB
Committed_AS:   77323148 kB
VmallocTotal:   263061440 kB
VmallocUsed:      130772 kB
VmallocChunk:          0 kB
Percpu:             6288 kB
CmaTotal:         405504 kB
CmaFree:            1860 kB
MemTotal:        7922396 kB
MemFree:          171504 kB
MemAvailable:    2715664 kB
Buffers:           20948 kB
Cached:          2489384 kB
SwapCached:         2324 kB
Active:          1986544 kB
Inactive:        2693904 kB
Active(anon):     150776 kB
Inactive(anon):  2046348 kB
Active(file):    1835768 kB
Inactive(file):   647556 kB
Unevictable:        6136 kB
Mlocked:            5696 kB
SwapTotal:       4718584 kB
SwapFree:        4551416 kB
Dirty:             52268 kB
Writeback:             0 kB
AnonPages:       2174252 kB
Mapped:           675064 kB
Shmem:             22364 kB
KReclaimable:     451108 kB
Slab:             314860 kB
SReclaimable:      87704 kB
SUnreclaim:       227156 kB
KernelStack:       49344 kB
ShadowCallStack:   12364 kB
PageTables:        74240 kB
NFS_Unstable:          0 kB
Bounce:                0 kB
WritebackTmp:          0 kB
CommitLimit:     8679780 kB
Committed_AS:   77323120 kB
VmallocTotal:   263061440 kB
VmallocUsed:      130756 kB
VmallocChunk:          0 kB
Percpu:             6288 kB
CmaTotal:         405504 kB
CmaFree:            1988 kB
MemTotal:        7922396 kB
MemFree:          171312 kB
MemAvailable:    2715512 kB
Buffers:           20948 kB
Cached:          2489396 kB
SwapCached:         2324 kB
Active:          1986576 kB
Inactive:        2696240 kB
Active(anon):     150792 kB
Inactive(anon):  2048692 kB
Active(file):    1835784 kB
Inactive(file):   647548 kB
Unevictable:        6136 kB
Mlocked:            5696 kB
SwapTotal:       4718584 kB
SwapFree:        4551416 kB
Dirty:             52280 kB
Writeback:             0 kB
AnonPages:       2176660 kB
Mapped:           675084 kB
Shmem:             22368 kB
KReclaimable:     451140 kB
Slab:             314868 kB
SReclaimable:      87736 kB
SUnreclaim:       227132 kB
KernelStack:       49344 kB
ShadowCallStack:   12364 kB
PageTables:        74124 kB
NFS_Unstable:          0 kB
Bounce:                0 kB
WritebackTmp:          0 kB
CommitLimit:     8679780 kB
Committed_AS:   77323168 kB
VmallocTotal:   263061440 kB
VmallocUsed:      130760 kB
VmallocChunk:          0 kB
Percpu:             6288 kB
CmaTotal:         405504 kB
CmaFree:             376 kB
MemTotal:        7922396 kB
MemFree:          171728 kB
MemAvailable:    2715916 kB
Buffers:           20952 kB
Cached:          2489444 kB
SwapCached:         2324 kB
Active:          1986500 kB
Inactive:        2695100 kB
Active(anon):     150792 kB
Inactive(anon):  2047424 kB
Active(file):    1835708 kB
Inactive(file):   647676 kB
Unevictable:        6136 kB
Mlocked:            5696 kB
SwapTotal:       4718584 kB
SwapFree:        4551416 kB
Dirty:             51860 kB
Writeback:             0 kB
AnonPages:       2175204 kB
Mapped:           675124 kB
Shmem:             22368 kB
KReclaimable:     451076 kB
Slab:             314852 kB
SReclaimable:      87752 kB
SUnreclaim:       227100 kB
KernelStack:       49360 kB
ShadowCallStack:   12368 kB
PageTables:        74128 kB
NFS_Unstable:          0 kB
Bounce:                0 kB
WritebackTmp:          0 kB
CommitLimit:     8679780 kB
Committed_AS:   77323172 kB
VmallocTotal:   263061440 kB
VmallocUsed:      130776 kB
VmallocChunk:          0 kB
Percpu:             6288 kB
CmaTotal:         405504 kB
CmaFree:             648 kB
MemTotal:        7922396 kB
MemFree:          172500 kB
MemAvailable:    2716724 kB
Buffers:           20952 kB
Cached:          2489448 kB
SwapCached:         2324 kB
Active:          1986500 kB
Inactive:        2695556 kB
Active(anon):     150792 kB
Inactive(anon):  2047876 kB
Active(file):    1835708 kB
Inactive(file):   647680 kB
Unevictable:        6136 kB
Mlocked:            5696 kB
SwapTotal:       4718584 kB
SwapFree:        4551416 kB
Dirty:             51876 kB
Writeback:             0 kB
AnonPages:       2175676 kB
Mapped:           675008 kB
Shmem:             22368 kB
KReclaimable:     451108 kB
Slab:             314856 kB
SReclaimable:      87784 kB
SUnreclaim:       227072 kB
KernelStack:       49360 kB
ShadowCallStack:   12368 kB
PageTables:        74144 kB
NFS_Unstable:          0 kB
Bounce:                0 kB
WritebackTmp:          0 kB
CommitLimit:     8679780 kB
Committed_AS:   77323168 kB
VmallocTotal:   263061440 kB
VmallocUsed:      130772 kB
VmallocChunk:          0 kB
Percpu:             6288 kB
CmaTotal:         405504 kB
CmaFree:            1300 kB
MemTotal:        7922396 kB
MemFree:          173176 kB
MemAvailable:    2717568 kB
Buffers:           20952 kB
Cached:          2489456 kB
SwapCached:         2324 kB
Active:          1986496 kB
Inactive:        2695664 kB
Active(anon):     150788 kB
Inactive(anon):  2047976 kB
Active(file):    1835708 kB
Inactive(file):   647688 kB
Unevictable:        6136 kB
Mlocked:            5696 kB
SwapTotal:       4718584 kB
SwapFree:        4551416 kB
Dirty:             51884 kB
Writeback:             0 kB
AnonPages:       2175772 kB
Mapped:           675012 kB
Shmem:             22368 kB
KReclaimable:     451268 kB
Slab:             315040 kB
SReclaimable:      87944 kB
SUnreclaim:       227096 kB
KernelStack:       49328 kB
ShadowCallStack:   12360 kB
PageTables:        74120 kB
NFS_Unstable:          0 kB
Bounce:                0 kB
WritebackTmp:          0 kB
CommitLimit:     8679780 kB
Committed_AS:   77323172 kB
VmallocTotal:   263061440 kB
VmallocUsed:      130788 kB
VmallocChunk:          0 kB
Percpu:             6288 kB
CmaTotal:         405504 kB
CmaFree:            1700 kB
MemTotal:        7922396 kB
MemFree:          172584 kB
MemAvailable:    2717128 kB
Buffers:           20960 kB
Cached:          2489604 kB
SwapCached:         2324 kB
Active:          1986680 kB
Inactive:        2695972 kB
Active(anon):     150792 kB
Inactive(anon):  2048312 kB
Active(file):    1835888 kB
Inactive(file):   647660 kB
Unevictable:        6136 kB
Mlocked:            5696 kB
SwapTotal:       4718584 kB
SwapFree:        4551416 kB
Dirty:             51880 kB
Writeback:             0 kB
AnonPages:       2175952 kB
Mapped:           675004 kB
Shmem:             22372 kB
KReclaimable:     451268 kB
Slab:             314952 kB
SReclaimable:      87944 kB
SUnreclaim:       227008 kB
KernelStack:       49312 kB
ShadowCallStack:   12360 kB
PageTables:        74080 kB
NFS_Unstable:          0 kB
Bounce:                0 kB
WritebackTmp:          0 kB
CommitLimit:     8679780 kB
Committed_AS:   77323144 kB
VmallocTotal:   263061440 kB
VmallocUsed:      130736 kB
VmallocChunk:          0 kB
Percpu:             6288 kB
CmaTotal:         405504 kB
CmaFree:            1084 kB
MemTotal:        7922396 kB
MemFree:          172984 kB
MemAvailable:    2717652 kB
Buffers:           20960 kB
Cached:          2489736 kB
SwapCached:         2324 kB
Active:          1986692 kB
Inactive:        2696304 kB
Active(anon):     150792 kB
Inactive(anon):  2048532 kB
Active(file):    1835900 kB
Inactive(file):   647772 kB
Unevictable:        6136 kB
Mlocked:            5696 kB
SwapTotal:       4718584 kB
SwapFree:        4551416 kB
Dirty:             52012 kB
Writeback:             0 kB
AnonPages:       2176264 kB
Mapped:           675176 kB
Shmem:             22380 kB
KReclaimable:     451268 kB
Slab:             314944 kB
SReclaimable:      87944 kB
SUnreclaim:       227000 kB
KernelStack:       49344 kB
ShadowCallStack:   12364 kB
PageTables:        74124 kB
NFS_Unstable:          0 kB
Bounce:                0 kB
WritebackTmp:          0 kB
CommitLimit:     8679780 kB
Committed_AS:   77323152 kB
VmallocTotal:   263061440 kB
VmallocUsed:      130752 kB
VmallocChunk:          0 kB
Percpu:             6288 kB
CmaTotal:         405504 kB
CmaFree:             480 kB
MemTotal:        7922396 kB
MemFree:          172044 kB
MemAvailable:    2716724 kB
Buffers:           20968 kB
Cached:          2489740 kB
SwapCached:         2324 kB
Active:          1986692 kB
Inactive:        2696392 kB
Active(anon):     150784 kB
Inactive(anon):  2048616 kB
Active(file):    1835908 kB
Inactive(file):   647776 kB
Unevictable:        6136 kB
Mlocked:            5696 kB
SwapTotal:       4718584 kB
SwapFree:        4551416 kB
Dirty:             51952 kB
Writeback:             0 kB
AnonPages:       2176416 kB
Mapped:           675264 kB
Shmem:             22380 kB
KReclaimable:     451268 kB
Slab:             314944 kB
SReclaimable:      87944 kB
SUnreclaim:       227000 kB
KernelStack:       49328 kB
ShadowCallStack:   12356 kB
PageTables:        74168 kB
NFS_Unstable:          0 kB
Bounce:                0 kB
WritebackTmp:          0 kB
CommitLimit:     8679780 kB
Committed_AS:   77323152 kB
VmallocTotal:   263061440 kB
VmallocUsed:      130788 kB
VmallocChunk:          0 kB
Percpu:             6288 kB
CmaTotal:         405504 kB
CmaFree:             612 kB
MemTotal:        7922396 kB
MemFree:          171292 kB
MemAvailable:    2716428 kB
Buffers:           20968 kB
Cached:          2489748 kB
SwapCached:         2324 kB
Active:          1986696 kB
Inactive:        2696636 kB
Active(anon):     150788 kB
Inactive(anon):  2048852 kB
Active(file):    1835908 kB
Inactive(file):   647784 kB
Unevictable:        6136 kB
Mlocked:            5696 kB
SwapTotal:       4718584 kB
SwapFree:        4551416 kB
Dirty:             51964 kB
Writeback:             0 kB
AnonPages:       2176756 kB
Mapped:           675268 kB
Shmem:             22380 kB
KReclaimable:     451716 kB
Slab:             315392 kB
SReclaimable:      88392 kB
SUnreclaim:       227000 kB
KernelStack:       49312 kB
ShadowCallStack:   12364 kB
PageTables:        73868 kB
NFS_Unstable:          0 kB
Bounce:                0 kB
WritebackTmp:          0 kB
CommitLimit:     8679780 kB
Committed_AS:   77323208 kB
VmallocTotal:   263061440 kB
VmallocUsed:      130800 kB
VmallocChunk:          0 kB
Percpu:             6288 kB
CmaTotal:         405504 kB
CmaFree:               0 kB
MemTotal:        7922396 kB
MemFree:          172268 kB
MemAvailable:    2717432 kB
Buffers:           20968 kB
Cached:          2489760 kB
SwapCached:         2324 kB
Active:          1986692 kB
Inactive:        2696020 kB
Active(anon):     150784 kB
Inactive(anon):  2048224 kB
Active(file):    1835908 kB
Inactive(file):   647796 kB
Unevictable:        6136 kB
Mlocked:            5696 kB
SwapTotal:       4718584 kB
SwapFree:        4551416 kB
Dirty:             51988 kB
Writeback:             0 kB
AnonPages:       2175960 kB
Mapped:           675116 kB
Shmem:             22380 kB
KReclaimable:     451732 kB
Slab:             315460 kB
SReclaimable:      88408 kB
SUnreclaim:       227052 kB
KernelStack:       49328 kB
ShadowCallStack:   12364 kB
PageTables:        74168 kB
NFS_Unstable:          0 kB
Bounce:                0 kB
WritebackTmp:          0 kB
CommitLimit:     8679780 kB
Committed_AS:   77323160 kB
VmallocTotal:   263061440 kB
VmallocUsed:      130772 kB
VmallocChunk:          0 kB
Percpu:             6288 kB
CmaTotal:         405504 kB
CmaFree:             384 kB
MemTotal:        7922396 kB
MemFree:          163176 kB
MemAvailable:    2489704 kB
Buffers:           20984 kB
Cached:          2438100 kB
SwapCached:         2324 kB
Active:          1996148 kB
Inactive:        2707772 kB
Active(anon):     172168 kB
Inactive(anon):  2099732 kB
Active(file):    1823980 kB
Inactive(file):   608040 kB
Unevictable:        6136 kB
Mlocked:            5696 kB
SwapTotal:       4718584 kB
SwapFree:        4535544 kB
Dirty:             52000 kB
Writeback:             0 kB
AnonPages:       2248876 kB
Mapped:           674900 kB
Shmem:             22420 kB
KReclaimable:     301164 kB
Slab:             315140 kB
SReclaimable:      87792 kB
SUnreclaim:       227348 kB
KernelStack:       49424 kB
ShadowCallStack:   12392 kB
PageTables:        74088 kB
NFS_Unstable:          0 kB
Bounce:                0 kB
WritebackTmp:          0 kB
CommitLimit:     8679780 kB
Committed_AS:   77323552 kB
VmallocTotal:   263061440 kB
VmallocUsed:      130824 kB
VmallocChunk:          0 kB
Percpu:             6288 kB
CmaTotal:         405504 kB
CmaFree:               0 kB
MemTotal:        7922396 kB
MemFree:          248324 kB
MemAvailable:    2708820 kB
Buffers:           20984 kB
Cached:          2438228 kB
SwapCached:         2324 kB
Active:          1996436 kB
Inactive:        2619772 kB
Active(anon):     172168 kB
Inactive(anon):  2011748 kB
Active(file):    1824268 kB
Inactive(file):   608024 kB
Unevictable:        6136 kB
Mlocked:            5696 kB
SwapTotal:       4718584 kB
SwapFree:        4535544 kB
Dirty:             52012 kB
Writeback:             0 kB
AnonPages:       2161004 kB
Mapped:           674580 kB
Shmem:             22276 kB
KReclaimable:     434860 kB
Slab:             314932 kB
SReclaimable:      87840 kB
SUnreclaim:       227092 kB
KernelStack:       49360 kB
ShadowCallStack:   12368 kB
PageTables:        74124 kB
NFS_Unstable:          0 kB
Bounce:                0 kB
WritebackTmp:          0 kB
CommitLimit:     8679780 kB
Committed_AS:   77323168 kB
VmallocTotal:   263061440 kB
VmallocUsed:      130756 kB
VmallocChunk:          0 kB
Percpu:             6288 kB
CmaTotal:         405504 kB
CmaFree:           16696 kB
MemTotal:        7922396 kB
MemFree:          249144 kB
MemAvailable:    2709660 kB
Buffers:           20992 kB
Cached:          2438240 kB
SwapCached:         2324 kB
Active:          1996444 kB
Inactive:        2620068 kB
Active(anon):     172168 kB
Inactive(anon):  2012032 kB
Active(file):    1824276 kB
Inactive(file):   608036 kB
Unevictable:        6136 kB
Mlocked:            5696 kB
SwapTotal:       4718584 kB
SwapFree:        4535544 kB
Dirty:             51964 kB
Writeback:             0 kB
AnonPages:       2161268 kB
Mapped:           674600 kB
Shmem:             22276 kB
KReclaimable:     434860 kB
Slab:             314772 kB
SReclaimable:      87840 kB
SUnreclaim:       226932 kB
KernelStack:       49344 kB
ShadowCallStack:   12364 kB
PageTables:        74124 kB
NFS_Unstable:          0 kB
Bounce:                0 kB
WritebackTmp:          0 kB
CommitLimit:     8679780 kB
Committed_AS:   77323168 kB
VmallocTotal:   263061440 kB
VmallocUsed:      130760 kB
VmallocChunk:          0 kB
Percpu:             6288 kB
CmaTotal:         405504 kB
CmaFree:           16696 kB
MemTotal:        7922396 kB
MemFree:          248876 kB
MemAvailable:    2709416 kB
Buffers:           20992 kB
Cached:          2438248 kB
SwapCached:         2324 kB
Active:          1996448 kB
Inactive:        2620008 kB
Active(anon):     172172 kB
Inactive(anon):  2011964 kB
Active(file):    1824276 kB
Inactive(file):   608044 kB
Unevictable:        6136 kB
Mlocked:            5696 kB
SwapTotal:       4718584 kB
SwapFree:        4535544 kB
Dirty:             51972 kB
Writeback:             0 kB
AnonPages:       2161240 kB
Mapped:           674616 kB
Shmem:             22276 kB
KReclaimable:     434876 kB
Slab:             314792 kB
SReclaimable:      87856 kB
SUnreclaim:       226936 kB
KernelStack:       49360 kB
ShadowCallStack:   12368 kB
PageTables:        74152 kB
NFS_Unstable:          0 kB
Bounce:                0 kB
WritebackTmp:          0 kB
CommitLimit:     8679780 kB
Committed_AS:   77323124 kB
VmallocTotal:   263061440 kB
VmallocUsed:      130756 kB
VmallocChunk:          0 kB
Percpu:             6288 kB
CmaTotal:         405504 kB
CmaFree:           16696 kB
MemTotal:        7922396 kB
MemFree:          248936 kB
MemAvailable:    2709424 kB
Buffers:           20992 kB
Cached:          2438264 kB
SwapCached:         2324 kB
Active:          1996444 kB
Inactive:        2620316 kB
Active(anon):     172168 kB
Inactive(anon):  2012260 kB
Active(file):    1824276 kB
Inactive(file):   608056 kB
Unevictable:        6136 kB
Mlocked:            5696 kB
SwapTotal:       4718584 kB
SwapFree:        4535544 kB
Dirty:             52004 kB
Writeback:             0 kB
AnonPages:       2161512 kB
Mapped:           674476 kB
Shmem:             22280 kB
KReclaimable:     434812 kB
Slab:             314724 kB
SReclaimable:      87792 kB
SUnreclaim:       226932 kB
KernelStack:       49136 kB
ShadowCallStack:   12312 kB
PageTables:        74112 kB
NFS_Unstable:          0 kB
Bounce:                0 kB
WritebackTmp:          0 kB
CommitLimit:     8679780 kB
Committed_AS:   77323128 kB
VmallocTotal:   263061440 kB
VmallocUsed:      130496 kB
VmallocChunk:          0 kB
Percpu:             6288 kB
CmaTotal:         405504 kB
CmaFree:           16824 kB
MemTotal:        7922396 kB
MemFree:          248816 kB
MemAvailable:    2709316 kB
Buffers:           21000 kB
Cached:          2438268 kB
SwapCached:         2324 kB
Active:          1996448 kB
Inactive:        2620616 kB
Active(anon):     172164 kB
Inactive(anon):  2012556 kB
Active(file):    1824284 kB
Inactive(file):   608060 kB
Unevictable:        6136 kB
Mlocked:            5696 kB
SwapTotal:       4718584 kB
SwapFree:        4535544 kB
Dirty:             52012 kB
Writeback:             0 kB
AnonPages:       2161784 kB
Mapped:           683944 kB
Shmem:             22280 kB
KReclaimable:     434812 kB
Slab:             314716 kB
SReclaimable:      87792 kB
SUnreclaim:       226924 kB
KernelStack:       49104 kB
ShadowCallStack:   12304 kB
PageTables:        74504 kB
NFS_Unstable:          0 kB
Bounce:                0 kB
WritebackTmp:          0 kB
CommitLimit:     8679780 kB
Committed_AS:   77323136 kB
VmallocTotal:   263061440 kB
VmallocUsed:      130500 kB
VmallocChunk:          0 kB
Percpu:             6288 kB
CmaTotal:         405504 kB
CmaFree:           16824 kB
MemTotal:        7922396 kB
MemFree:          249616 kB
MemAvailable:    2710128 kB
Buffers:           21000 kB
Cached:          2438280 kB
SwapCached:         2324 kB
Active:          1996460 kB
Inactive:        2618672 kB
Active(anon):     172168 kB
Inactive(anon):  2010608 kB
Active(file):    1824292 kB
Inactive(file):   608064 kB
Unevictable:        6136 kB
Mlocked:            5696 kB
SwapTotal:       4718584 kB
SwapFree:        4535544 kB
Dirty:             52028 kB
Writeback:             0 kB
AnonPages:       2160020 kB
Mapped:           674600 kB
Shmem:             22280 kB
KReclaimable:     434812 kB
Slab:             314732 kB
SReclaimable:      87792 kB
SUnreclaim:       226940 kB
KernelStack:       49152 kB
ShadowCallStack:   12316 kB
PageTables:        74132 kB
NFS_Unstable:          0 kB
Bounce:                0 kB
WritebackTmp:          0 kB
CommitLimit:     8679780 kB
Committed_AS:   77323136 kB
VmallocTotal:   263061440 kB
VmallocUsed:      130532 kB
VmallocChunk:          0 kB
Percpu:             6288 kB
CmaTotal:         405504 kB
CmaFree:           16952 kB
MemTotal:        7922396 kB
MemFree:          250548 kB
MemAvailable:    2710888 kB
Buffers:           21000 kB
Cached:          2438284 kB
SwapCached:         2324 kB
Active:          1996460 kB
Inactive:        2619044 kB
Active(anon):     172168 kB
Inactive(anon):  2010976 kB
Active(file):    1824292 kB
Inactive(file):   608068 kB
Unevictable:        6136 kB
Mlocked:            5696 kB
SwapTotal:       4718584 kB
SwapFree:        4535544 kB
Dirty:             51176 kB
Writeback:             0 kB
AnonPages:       2160180 kB
Mapped:           674484 kB
Shmem:             22280 kB
KReclaimable:     434636 kB
Slab:             314516 kB
SReclaimable:      87616 kB
SUnreclaim:       226900 kB
KernelStack:       49136 kB
ShadowCallStack:   12312 kB
PageTables:        74108 kB
NFS_Unstable:          0 kB
Bounce:                0 kB
WritebackTmp:          0 kB
CommitLimit:     8679780 kB
Committed_AS:   77323136 kB
VmallocTotal:   263061440 kB
VmallocUsed:      130512 kB
VmallocChunk:          0 kB
Percpu:             6288 kB
CmaTotal:         405504 kB
CmaFree:           16952 kB
MemTotal:        7922396 kB
MemFree:          250548 kB
MemAvailable:    2710892 kB
Buffers:           21000 kB
Cached:          2438288 kB
SwapCached:         2324 kB
Active:          1996456 kB
Inactive:        2619612 kB
Active(anon):     172164 kB
Inactive(anon):  2011540 kB
Active(file):    1824292 kB
Inactive(file):   608072 kB
Unevictable:        6136 kB
Mlocked:            5696 kB
SwapTotal:       4718584 kB
SwapFree:        4535544 kB
Dirty:             51180 kB
Writeback:             0 kB
AnonPages:       2160704 kB
Mapped:           674484 kB
Shmem:             22280 kB
KReclaimable:     434636 kB
Slab:             314540 kB
SReclaimable:      87616 kB
SUnreclaim:       226924 kB
KernelStack:       49152 kB
ShadowCallStack:   12316 kB
PageTables:        74280 kB
NFS_Unstable:          0 kB
Bounce:                0 kB
WritebackTmp:          0 kB
CommitLimit:     8679780 kB
Committed_AS:   77323136 kB
VmallocTotal:   263061440 kB
VmallocUsed:      130500 kB
VmallocChunk:          0 kB
Percpu:             6288 kB
CmaTotal:         405504 kB
CmaFree:           16952 kB
MemTotal:        7922396 kB
MemFree:          249824 kB
MemAvailable:    2710180 kB
Buffers:           21000 kB
Cached:          2438300 kB
SwapCached:         2324 kB
Active:          1996460 kB
Inactive:        2618828 kB
Active(anon):     172168 kB
Inactive(anon):  2010744 kB
Active(file):    1824292 kB
Inactive(file):   608084 kB
Unevictable:        6136 kB
Mlocked:            5696 kB
SwapTotal:       4718584 kB
SwapFree:        4535544 kB
Dirty:             51196 kB
Writeback:             0 kB
AnonPages:       2159968 kB
Mapped:           674484 kB
Shmem:             22280 kB
KReclaimable:     434636 kB
Slab:             314512 kB
SReclaimable:      87616 kB
SUnreclaim:       226896 kB
KernelStack:       49136 kB
ShadowCallStack:   12316 kB
PageTables:        74092 kB
NFS_Unstable:          0 kB
Bounce:                0 kB
WritebackTmp:          0 kB
CommitLimit:     8679780 kB
Committed_AS:   77323136 kB
VmallocTotal:   263061440 kB
VmallocUsed:      130516 kB
VmallocChunk:          0 kB
Percpu:             6288 kB
CmaTotal:         405504 kB
CmaFree:           17080 kB
MemTotal:        7922396 kB
MemFree:          248840 kB
MemAvailable:    2709220 kB
Buffers:           21008 kB
Cached:          2438316 kB
SwapCached:         2324 kB
Active:          1996544 kB
Inactive:        2619464 kB
Active(anon):     172168 kB
Inactive(anon):  2011440 kB
Active(file):    1824376 kB
Inactive(file):   608024 kB
Unevictable:        6136 kB
Mlocked:            5696 kB
SwapTotal:       4718584 kB
SwapFree:        4535544 kB
Dirty:             51236 kB
Writeback:             0 kB
AnonPages:       2160660 kB
Mapped:           674492 kB
Shmem:             22280 kB
KReclaimable:     434636 kB
Slab:             314532 kB
SReclaimable:      87616 kB
SUnreclaim:       226916 kB
KernelStack:       49152 kB
ShadowCallStack:   12316 kB
PageTables:        74116 kB
NFS_Unstable:          0 kB
Bounce:                0 kB
WritebackTmp:          0 kB
CommitLimit:     8679780 kB
Committed_AS:   77323148 kB
VmallocTotal:   263061440 kB
VmallocUsed:      130512 kB
VmallocChunk:          0 kB
Percpu:             6288 kB
CmaTotal:         405504 kB
CmaFree:           17080 kB
MemTotal:        7922396 kB
MemFree:          247968 kB
MemAvailable:    2708384 kB
Buffers:           21024 kB
Cached:          2438336 kB
SwapCached:         2324 kB
Active:          1996556 kB
Inactive:        2620608 kB
Active(anon):     172164 kB
Inactive(anon):  2012564 kB
Active(file):    1824392 kB
Inactive(file):   608044 kB
Unevictable:        6136 kB
Mlocked:            5696 kB
SwapTotal:       4718584 kB
SwapFree:        4535544 kB
Dirty:             51268 kB
Writeback:             0 kB
AnonPages:       2161816 kB
Mapped:           674488 kB
Shmem:             22280 kB
KReclaimable:     434636 kB
Slab:             314544 kB
SReclaimable:      87616 kB
SUnreclaim:       226928 kB
KernelStack:       49152 kB
ShadowCallStack:   12328 kB
PageTables:        74152 kB
NFS_Unstable:          0 kB
Bounce:                0 kB
WritebackTmp:          0 kB
CommitLimit:     8679780 kB
Committed_AS:   77323144 kB
VmallocTotal:   263061440 kB
VmallocUsed:      130516 kB
VmallocChunk:          0 kB
Percpu:             6288 kB
CmaTotal:         405504 kB
CmaFree:           17080 kB
MemTotal:        7922396 kB
MemFree:          247532 kB
MemAvailable:    2707956 kB
Buffers:           21028 kB
Cached:          2438340 kB
SwapCached:         2324 kB
Active:          1996556 kB
Inactive:        2620924 kB
Active(anon):     172160 kB
Inactive(anon):  2012876 kB
Active(file):    1824396 kB
Inactive(file):   608048 kB
Unevictable:        6136 kB
Mlocked:            5696 kB
SwapTotal:       4718584 kB
SwapFree:        4535544 kB
Dirty:              3088 kB
Writeback:             0 kB
AnonPages:       2162080 kB
Mapped:           674488 kB
Shmem:             22280 kB
KReclaimable:     434636 kB
Slab:             314532 kB
SReclaimable:      87616 kB
SUnreclaim:       226916 kB
KernelStack:       49136 kB
ShadowCallStack:   12312 kB
PageTables:        74176 kB
NFS_Unstable:          0 kB
Bounce:                0 kB
WritebackTmp:          0 kB
CommitLimit:     8679780 kB
Committed_AS:   77323144 kB
VmallocTotal:   263061440 kB
VmallocUsed:      130500 kB
VmallocChunk:          0 kB
Percpu:             6288 kB
CmaTotal:         405504 kB
CmaFree:           17212 kB
MemTotal:        7922396 kB
MemFree:          248668 kB
MemAvailable:    2709152 kB
Buffers:           21028 kB
Cached:          2438368 kB
SwapCached:         2324 kB
Active:          1996564 kB
Inactive:        2619932 kB
Active(anon):     172168 kB
Inactive(anon):  2011856 kB
Active(file):    1824396 kB
Inactive(file):   608076 kB
Unevictable:        6136 kB
Mlocked:            5696 kB
SwapTotal:       4718584 kB
SwapFree:        4535544 kB
Dirty:              3136 kB
Writeback:             0 kB
AnonPages:       2161116 kB
Mapped:           674504 kB
Shmem:             22280 kB
KReclaimable:     434668 kB
Slab:             314564 kB
SReclaimable:      87648 kB
SUnreclaim:       226916 kB
KernelStack:       49136 kB
ShadowCallStack:   12312 kB
PageTables:        74152 kB
NFS_Unstable:          0 kB
Bounce:                0 kB
WritebackTmp:          0 kB
CommitLimit:     8679780 kB
Committed_AS:   77323400 kB
VmallocTotal:   263061440 kB
VmallocUsed:      130516 kB
VmallocChunk:          0 kB
Percpu:             6288 kB
CmaTotal:         405504 kB
CmaFree:           17336 kB
MemTotal:        7922396 kB
MemFree:          249108 kB
MemAvailable:    2709624 kB
Buffers:           21028 kB
Cached:          2438384 kB
SwapCached:         2324 kB
Active:          1996556 kB
Inactive:        2620212 kB
Active(anon):     172160 kB
Inactive(anon):  2012120 kB
Active(file):    1824396 kB
Inactive(file):   608092 kB
Unevictable:        6136 kB
Mlocked:            5696 kB
SwapTotal:       4718584 kB
SwapFree:        4535544 kB
Dirty:              3152 kB
Writeback:             0 kB
AnonPages:       2161304 kB
Mapped:           674616 kB
Shmem:             22280 kB
KReclaimable:     434684 kB
Slab:             314572 kB
SReclaimable:      87664 kB
SUnreclaim:       226908 kB
KernelStack:       49136 kB
ShadowCallStack:   12312 kB
PageTables:        74180 kB
NFS_Unstable:          0 kB
Bounce:                0 kB
WritebackTmp:          0 kB
CommitLimit:     8679780 kB
Committed_AS:   77323404 kB
VmallocTotal:   263061440 kB
VmallocUsed:      130548 kB
VmallocChunk:          0 kB
Percpu:             6288 kB
CmaTotal:         405504 kB
CmaFree:           17336 kB
MemTotal:        7922396 kB
MemFree:          249256 kB
MemAvailable:    2709792 kB
Buffers:           21028 kB
Cached:          2438388 kB
SwapCached:         2324 kB
Active:          1996572 kB
Inactive:        2620384 kB
Active(anon):     172176 kB
Inactive(anon):  2012288 kB
Active(file):    1824396 kB
Inactive(file):   608096 kB
Unevictable:        6136 kB
Mlocked:            5696 kB
SwapTotal:       4718584 kB
SwapFree:        4535544 kB
Dirty:              3156 kB
Writeback:             0 kB
AnonPages:       2161544 kB
Mapped:           674604 kB
Shmem:             22280 kB
KReclaimable:     434700 kB
Slab:             314608 kB
SReclaimable:      87680 kB
SUnreclaim:       226928 kB
KernelStack:       49200 kB
ShadowCallStack:   12320 kB
PageTables:        74216 kB
NFS_Unstable:          0 kB
Bounce:                0 kB
WritebackTmp:          0 kB
CommitLimit:     8679780 kB
Committed_AS:   77323408 kB
VmallocTotal:   263061440 kB
VmallocUsed:      130516 kB
VmallocChunk:          0 kB
Percpu:             6288 kB
CmaTotal:         405504 kB
CmaFree:           17336 kB
MemTotal:        7922396 kB
MemFree:          247868 kB
MemAvailable:    2708560 kB
Buffers:           21156 kB
Cached:          2438404 kB
SwapCached:         2324 kB
Active:          1996696 kB
Inactive:        2622016 kB
Active(anon):     172164 kB
Inactive(anon):  2013916 kB
Active(file):    1824532 kB
Inactive(file):   608100 kB
Unevictable:        6136 kB
Mlocked:            5696 kB
SwapTotal:       4718584 kB
SwapFree:        4535544 kB
Dirty:              3172 kB
Writeback:             0 kB
AnonPages:       2163124 kB
Mapped:           674536 kB
Shmem:             22284 kB
KReclaimable:     434716 kB
Slab:             314608 kB
SReclaimable:      87696 kB
SUnreclaim:       226912 kB
KernelStack:       49136 kB
ShadowCallStack:   12312 kB
PageTables:        74000 kB
NFS_Unstable:          0 kB
Bounce:                0 kB
WritebackTmp:          0 kB
CommitLimit:     8679780 kB
Committed_AS:   77323412 kB
VmallocTotal:   263061440 kB
VmallocUsed:      130536 kB
VmallocChunk:          0 kB
Percpu:             6288 kB
CmaTotal:         405504 kB
CmaFree:           17336 kB
MemTotal:        7922396 kB
MemFree:          245016 kB
MemAvailable:    2705740 kB
Buffers:           21156 kB
Cached:          2438420 kB
SwapCached:         2324 kB
Active:          1996700 kB
Inactive:        2623520 kB
Active(anon):     172168 kB
Inactive(anon):  2015404 kB
Active(file):    1824532 kB
Inactive(file):   608116 kB
Unevictable:        6136 kB
Mlocked:            5696 kB
SwapTotal:       4718584 kB
SwapFree:        4535544 kB
Dirty:              1808 kB
Writeback:             0 kB
AnonPages:       2164640 kB
Mapped:           674508 kB
Shmem:             22284 kB
KReclaimable:     434732 kB
Slab:             314684 kB
SReclaimable:      87712 kB
SUnreclaim:       226972 kB
KernelStack:       49136 kB
ShadowCallStack:   12312 kB
PageTables:        73952 kB
NFS_Unstable:          0 kB
Bounce:                0 kB
WritebackTmp:          0 kB
CommitLimit:     8679780 kB
Committed_AS:   77323412 kB
VmallocTotal:   263061440 kB
VmallocUsed:      130548 kB
VmallocChunk:          0 kB
Percpu:             6288 kB
CmaTotal:         405504 kB
CmaFree:           17336 kB
MemTotal:        7922396 kB
MemFree:          243976 kB
MemAvailable:    2704752 kB
Buffers:           21164 kB
Cached:          2438432 kB
SwapCached:         2324 kB
Active:          1996704 kB
Inactive:        2625072 kB
Active(anon):     172164 kB
Inactive(anon):  2016944 kB
Active(file):    1824540 kB
Inactive(file):   608128 kB
Unevictable:        6136 kB
Mlocked:            5696 kB
SwapTotal:       4718584 kB
SwapFree:        4535544 kB
Dirty:              1880 kB
Writeback:             0 kB
AnonPages:       2166196 kB
Mapped:           674644 kB
Shmem:             22284 kB
KReclaimable:     434764 kB
Slab:             314704 kB
SReclaimable:      87744 kB
SUnreclaim:       226960 kB
KernelStack:       49136 kB
ShadowCallStack:   12316 kB
PageTables:        74144 kB
NFS_Unstable:          0 kB
Bounce:                0 kB
WritebackTmp:          0 kB
CommitLimit:     8679780 kB
Committed_AS:   77323360 kB
VmallocTotal:   263061440 kB
VmallocUsed:      130500 kB
VmallocChunk:          0 kB
Percpu:             6288 kB
CmaTotal:         405504 kB
CmaFree:           17336 kB
MemTotal:        7922396 kB
MemFree:          242788 kB
MemAvailable:    2704020 kB
Buffers:           21164 kB
Cached:          2438440 kB
SwapCached:         2324 kB
Active:          1996680 kB
Inactive:        2626668 kB
Active(anon):     172140 kB
Inactive(anon):  2018532 kB
Active(file):    1824540 kB
Inactive(file):   608136 kB
Unevictable:        6136 kB
Mlocked:            5696 kB
SwapTotal:       4718584 kB
SwapFree:        4535544 kB
Dirty:              1888 kB
Writeback:             0 kB
AnonPages:       2167488 kB
Mapped:           674504 kB
Shmem:             22284 kB
KReclaimable:     435212 kB
Slab:             315124 kB
SReclaimable:      88192 kB
SUnreclaim:       226932 kB
KernelStack:       49040 kB
ShadowCallStack:   12288 kB
PageTables:        74300 kB
NFS_Unstable:          0 kB
Bounce:                0 kB
WritebackTmp:          0 kB
CommitLimit:     8679780 kB
Committed_AS:   77323252 kB
VmallocTotal:   263061440 kB
VmallocUsed:      130388 kB
VmallocChunk:          0 kB
Percpu:             6288 kB
CmaTotal:         405504 kB
CmaFree:           17336 kB
MemTotal:        7922396 kB
MemFree:          240568 kB
MemAvailable:    2701808 kB
Buffers:           21164 kB
Cached:          2438448 kB
SwapCached:         2324 kB
Active:          1996688 kB
Inactive:        2628288 kB
Active(anon):     172148 kB
Inactive(anon):  2020144 kB
Active(file):    1824540 kB
Inactive(file):   608144 kB
Unevictable:        6136 kB
Mlocked:            5696 kB
SwapTotal:       4718584 kB
SwapFree:        4535544 kB
Dirty:              1896 kB
Writeback:             0 kB
AnonPages:       2169368 kB
Mapped:           674524 kB
Shmem:             22284 kB
KReclaimable:     435212 kB
Slab:             315128 kB
SReclaimable:      88192 kB
SUnreclaim:       226936 kB
KernelStack:       49008 kB
ShadowCallStack:   12280 kB
PageTables:        73948 kB
NFS_Unstable:          0 kB
Bounce:                0 kB
WritebackTmp:          0 kB
CommitLimit:     8679780 kB
Committed_AS:   77323260 kB
VmallocTotal:   263061440 kB
VmallocUsed:      130360 kB
VmallocChunk:          0 kB
Percpu:             6288 kB
CmaTotal:         405504 kB
CmaFree:           17336 kB
MemTotal:        7922396 kB
MemFree:          159792 kB
MemAvailable:    2489652 kB
Buffers:           21188 kB
Cached:          2435944 kB
SwapCached:         2328 kB
Active:          1991652 kB
Inactive:        2702080 kB
Active(anon):     173132 kB
Inactive(anon):  2090656 kB
Active(file):    1818520 kB
Inactive(file):   611424 kB
Unevictable:        6136 kB
Mlocked:            5696 kB
SwapTotal:       4718584 kB
SwapFree:        4533496 kB
Dirty:              1936 kB
Writeback:             4 kB
AnonPages:       2240772 kB
Mapped:           674916 kB
Shmem:             22380 kB
KReclaimable:     314764 kB
Slab:             315436 kB
SReclaimable:      88208 kB
SUnreclaim:       227228 kB
KernelStack:       49104 kB
ShadowCallStack:   12304 kB
PageTables:        74256 kB
NFS_Unstable:          0 kB
Bounce:                0 kB
WritebackTmp:          0 kB
CommitLimit:     8679780 kB
Committed_AS:   77323640 kB
VmallocTotal:   263061440 kB
VmallocUsed:      130468 kB
VmallocChunk:          0 kB
Percpu:             6288 kB
CmaTotal:         405504 kB
CmaFree:               0 kB
MemTotal:        7922396 kB
MemFree:          157504 kB
MemAvailable:    2496380 kB
Buffers:           21188 kB
Cached:          2426020 kB
SwapCached:         2324 kB
Active:          1987780 kB
Inactive:        2713856 kB
Active(anon):     173324 kB
Inactive(anon):  2108168 kB
Active(file):    1814456 kB
Inactive(file):   605688 kB
Unevictable:        6136 kB
Mlocked:            5696 kB
SwapTotal:       4718584 kB
SwapFree:        4532728 kB
Dirty:              1244 kB
Writeback:             0 kB
AnonPages:       2258376 kB
Mapped:           675052 kB
Shmem:             22420 kB
KReclaimable:     309004 kB
Slab:             314752 kB
SReclaimable:      87568 kB
SUnreclaim:       227184 kB
KernelStack:       49088 kB
ShadowCallStack:   12300 kB
PageTables:        74236 kB
NFS_Unstable:          0 kB
Bounce:                0 kB
WritebackTmp:          0 kB
CommitLimit:     8679780 kB
Committed_AS:   77323500 kB
VmallocTotal:   263061440 kB
VmallocUsed:      130448 kB
VmallocChunk:          0 kB
Percpu:             6288 kB
CmaTotal:         405504 kB
CmaFree:               0 kB
MemTotal:        7922396 kB
MemFree:          245544 kB
MemAvailable:    2717460 kB
Buffers:           21188 kB
Cached:          2425884 kB
SwapCached:         2324 kB
Active:          1987784 kB
Inactive:        2625260 kB
Active(anon):     173328 kB
Inactive(anon):  2019564 kB
Active(file):    1814456 kB
Inactive(file):   605696 kB
Unevictable:        6136 kB
Mlocked:            5696 kB
SwapTotal:       4718584 kB
SwapFree:        4532728 kB
Dirty:              1272 kB
Writeback:             0 kB
AnonPages:       2169924 kB
Mapped:           674484 kB
Shmem:             22276 kB
KReclaimable:     442036 kB
Slab:             314536 kB
SReclaimable:      87568 kB
SUnreclaim:       226968 kB
KernelStack:       48992 kB
ShadowCallStack:   12276 kB
PageTables:        73968 kB
NFS_Unstable:          0 kB
Bounce:                0 kB
WritebackTmp:          0 kB
CommitLimit:     8679780 kB
Committed_AS:   77323208 kB
VmallocTotal:   263061440 kB
VmallocUsed:      130376 kB
VmallocChunk:          0 kB
Percpu:             6288 kB
CmaTotal:         405504 kB
CmaFree:           15352 kB
MemTotal:        7922396 kB
MemFree:          246212 kB
MemAvailable:    2718140 kB
Buffers:           21188 kB
Cached:          2425896 kB
SwapCached:         2324 kB
Active:          1987772 kB
Inactive:        2625236 kB
Active(anon):     173316 kB
Inactive(anon):  2019528 kB
Active(file):    1814456 kB
Inactive(file):   605708 kB
Unevictable:        6136 kB
Mlocked:            5696 kB
SwapTotal:       4718584 kB
SwapFree:        4532728 kB
Dirty:              1284 kB
Writeback:             0 kB
AnonPages:       2169944 kB
Mapped:           674640 kB
Shmem:             22276 kB
KReclaimable:     442036 kB
Slab:             314536 kB
SReclaimable:      87568 kB
SUnreclaim:       226968 kB
KernelStack:       48912 kB
ShadowCallStack:   12256 kB
PageTables:        74144 kB
NFS_Unstable:          0 kB
Bounce:                0 kB
WritebackTmp:          0 kB
CommitLimit:     8679780 kB
Committed_AS:   77322844 kB
VmallocTotal:   263061440 kB
VmallocUsed:      130240 kB
VmallocChunk:          0 kB
Percpu:             6288 kB
CmaTotal:         405504 kB
CmaFree:            1088 kB
MemTotal:        7922396 kB
MemFree:          244696 kB
MemAvailable:    2716636 kB
Buffers:           21188 kB
Cached:          2425908 kB
SwapCached:         2324 kB
Active:          1987768 kB
Inactive:        2625320 kB
Active(anon):     173312 kB
Inactive(anon):  2019600 kB
Active(file):    1814456 kB
Inactive(file):   605720 kB
Unevictable:        6136 kB
Mlocked:            5696 kB
SwapTotal:       4718584 kB
SwapFree:        4532728 kB
Dirty:              1296 kB
Writeback:             0 kB
AnonPages:       2170148 kB
Mapped:           674608 kB
Shmem:             22276 kB
KReclaimable:     442036 kB
Slab:             314532 kB
SReclaimable:      87568 kB
SUnreclaim:       226964 kB
KernelStack:       48896 kB
ShadowCallStack:   12252 kB
PageTables:        74148 kB
NFS_Unstable:          0 kB
Bounce:                0 kB
WritebackTmp:          0 kB
CommitLimit:     8679780 kB
Committed_AS:   77322856 kB
VmallocTotal:   263061440 kB
VmallocUsed:      130176 kB
VmallocChunk:          0 kB
Percpu:             6288 kB
CmaTotal:         405504 kB
CmaFree:            1088 kB
MemTotal:        7922396 kB
MemFree:          245828 kB
MemAvailable:    2717788 kB
Buffers:           21196 kB
Cached:          2425920 kB
SwapCached:         2324 kB
Active:          1987780 kB
Inactive:        2624720 kB
Active(anon):     173316 kB
Inactive(anon):  2018988 kB
Active(file):    1814464 kB
Inactive(file):   605732 kB
Unevictable:        6136 kB
Mlocked:            5696 kB
SwapTotal:       4718584 kB
SwapFree:        4532728 kB
Dirty:              1408 kB
Writeback:             0 kB
AnonPages:       2169368 kB
Mapped:           674492 kB
Shmem:             22276 kB
KReclaimable:     442036 kB
Slab:             314520 kB
SReclaimable:      87568 kB
SUnreclaim:       226952 kB
KernelStack:       48880 kB
ShadowCallStack:   12248 kB
PageTables:        74144 kB
NFS_Unstable:          0 kB
Bounce:                0 kB
WritebackTmp:          0 kB
CommitLimit:     8679780 kB
Committed_AS:   77322748 kB
VmallocTotal:   263061440 kB
VmallocUsed:      130192 kB
VmallocChunk:          0 kB
Percpu:             6288 kB
CmaTotal:         405504 kB
CmaFree:            1216 kB
MemTotal:        7922396 kB
MemFree:          246312 kB
MemAvailable:    2718404 kB
Buffers:           21200 kB
Cached:          2425940 kB
SwapCached:         2324 kB
Active:          1987796 kB
Inactive:        2625312 kB
Active(anon):     173320 kB
Inactive(anon):  2019572 kB
Active(file):    1814476 kB
Inactive(file):   605740 kB
Unevictable:        6136 kB
Mlocked:            5696 kB
SwapTotal:       4718584 kB
SwapFree:        4532728 kB
Dirty:               292 kB
Writeback:             0 kB
AnonPages:       2169956 kB
Mapped:           674492 kB
Shmem:             22280 kB
KReclaimable:     442148 kB
Slab:             314636 kB
SReclaimable:      87680 kB
SUnreclaim:       226956 kB
KernelStack:       48880 kB
ShadowCallStack:   12248 kB
PageTables:        74120 kB
NFS_Unstable:          0 kB
Bounce:                0 kB
WritebackTmp:          0 kB
CommitLimit:     8679780 kB
Committed_AS:   77322752 kB
VmallocTotal:   263061440 kB
VmallocUsed:      130160 kB
VmallocChunk:          0 kB
Percpu:             6288 kB
CmaTotal:         405504 kB
CmaFree:            1216 kB
MemTotal:        7922396 kB
MemFree:          246032 kB
MemAvailable:    2718268 kB
Buffers:           21200 kB
Cached:          2426036 kB
SwapCached:         2324 kB
Active:          1987792 kB
Inactive:        2625260 kB
Active(anon):     173316 kB
Inactive(anon):  2019424 kB
Active(file):    1814476 kB
Inactive(file):   605836 kB
Unevictable:        6136 kB
Mlocked:            5696 kB
SwapTotal:       4718584 kB
SwapFree:        4532728 kB
Dirty:               440 kB
Writeback:             0 kB
AnonPages:       2169872 kB
Mapped:           674516 kB
Shmem:             22280 kB
KReclaimable:     442196 kB
Slab:             314644 kB
SReclaimable:      87728 kB
SUnreclaim:       226916 kB
KernelStack:       48864 kB
ShadowCallStack:   12244 kB
PageTables:        74092 kB
NFS_Unstable:          0 kB
Bounce:                0 kB
WritebackTmp:          0 kB
CommitLimit:     8679780 kB
Committed_AS:   77322756 kB
VmallocTotal:   263061440 kB
VmallocUsed:      130172 kB
VmallocChunk:          0 kB
Percpu:             6288 kB
CmaTotal:         405504 kB
CmaFree:            1216 kB
MemTotal:        7922396 kB
MemFree:          196516 kB
MemAvailable:    2541836 kB
Buffers:           21216 kB
Cached:          2426352 kB
SwapCached:         2324 kB
Active:          1988032 kB
Inactive:        2626524 kB
Active(anon):     173316 kB
Inactive(anon):  2020596 kB
Active(file):    1814716 kB
Inactive(file):   605928 kB
Unevictable:        6136 kB
Mlocked:            5696 kB
SwapTotal:       4718584 kB
SwapFree:        4532728 kB
Dirty:               532 kB
Writeback:             0 kB
AnonPages:       2170968 kB
Mapped:           674624 kB
Shmem:             22280 kB
KReclaimable:     405060 kB
Slab:             314916 kB
SReclaimable:      87744 kB
SUnreclaim:       227172 kB
KernelStack:       48880 kB
ShadowCallStack:   12248 kB
PageTables:        74128 kB
NFS_Unstable:          0 kB
Bounce:                0 kB
WritebackTmp:          0 kB
CommitLimit:     8679780 kB
Committed_AS:   77322744 kB
VmallocTotal:   263061440 kB
VmallocUsed:      130172 kB
VmallocChunk:          0 kB
Percpu:             6288 kB
CmaTotal:         405504 kB
CmaFree:               8 kB
MemTotal:        7922396 kB
MemFree:          197916 kB
MemAvailable:    2556992 kB
Buffers:           21216 kB
Cached:          2426356 kB
SwapCached:         2324 kB
Active:          1988028 kB
Inactive:        2626200 kB
Active(anon):     173312 kB
Inactive(anon):  2020268 kB
Active(file):    1814716 kB
Inactive(file):   605932 kB
Unevictable:        6136 kB
Mlocked:            5696 kB
SwapTotal:       4718584 kB
SwapFree:        4532728 kB
Dirty:               536 kB
Writeback:             0 kB
AnonPages:       2170672 kB
Mapped:           663680 kB
Shmem:             22280 kB
KReclaimable:     418812 kB
Slab:             314808 kB
SReclaimable:      87696 kB
SUnreclaim:       227112 kB
KernelStack:       48880 kB
ShadowCallStack:   12248 kB
PageTables:        74148 kB
NFS_Unstable:          0 kB
Bounce:                0 kB
WritebackTmp:          0 kB
CommitLimit:     8679780 kB
Committed_AS:   77322752 kB
VmallocTotal:   263061440 kB
VmallocUsed:      130156 kB
VmallocChunk:          0 kB
Percpu:             6288 kB
CmaTotal:         405504 kB
CmaFree:              52 kB
MemTotal:        7922396 kB
MemFree:          196632 kB
MemAvailable:    2555716 kB
Buffers:           21216 kB
Cached:          2426376 kB
SwapCached:         2324 kB
Active:          1988032 kB
Inactive:        2626724 kB
Active(anon):     173308 kB
Inactive(anon):  2020792 kB
Active(file):    1814724 kB
Inactive(file):   605932 kB
Unevictable:        6136 kB
Mlocked:            5696 kB
SwapTotal:       4718584 kB
SwapFree:        4532728 kB
Dirty:               544 kB
Writeback:             0 kB
AnonPages:       2171124 kB
Mapped:           664104 kB
Shmem:             22292 kB
KReclaimable:     418812 kB
Slab:             314804 kB
SReclaimable:      87696 kB
SUnreclaim:       227108 kB
KernelStack:       48864 kB
ShadowCallStack:   12244 kB
PageTables:        74068 kB
NFS_Unstable:          0 kB
Bounce:                0 kB
WritebackTmp:          0 kB
CommitLimit:     8679780 kB
Committed_AS:   77322768 kB
VmallocTotal:   263061440 kB
VmallocUsed:      130172 kB
VmallocChunk:          0 kB
Percpu:             6288 kB
CmaTotal:         405504 kB
CmaFree:             116 kB
MemTotal:        7922396 kB
MemFree:          193908 kB
MemAvailable:    2553020 kB
Buffers:           21248 kB
Cached:          2426760 kB
SwapCached:         2324 kB
Active:          1988060 kB
Inactive:        2629760 kB
Active(anon):     173312 kB
Inactive(anon):  2023824 kB
Active(file):    1814748 kB
Inactive(file):   605936 kB
Unevictable:        6136 kB
Mlocked:            5696 kB
SwapTotal:       4718584 kB
SwapFree:        4532728 kB
Dirty:               612 kB
Writeback:             0 kB
AnonPages:       2173772 kB
Mapped:           663992 kB
Shmem:             22680 kB
KReclaimable:     418812 kB
Slab:             314804 kB
SReclaimable:      87696 kB
SUnreclaim:       227108 kB
KernelStack:       48864 kB
ShadowCallStack:   12244 kB
PageTables:        74160 kB
NFS_Unstable:          0 kB
Bounce:                0 kB
WritebackTmp:          0 kB
CommitLimit:     8679780 kB
Committed_AS:   77323208 kB
VmallocTotal:   263061440 kB
VmallocUsed:      130176 kB
VmallocChunk:          0 kB
Percpu:             6288 kB
CmaTotal:         405504 kB
CmaFree:               8 kB
MemTotal:        7922396 kB
MemFree:          198640 kB
MemAvailable:    2644724 kB
Buffers:           21248 kB
Cached:          2425688 kB
SwapCached:         2324 kB
Active:          1983660 kB
Inactive:        2632964 kB
Active(anon):     173772 kB
Inactive(anon):  2023624 kB
Active(file):    1809888 kB
Inactive(file):   609340 kB
Unevictable:        6136 kB
Mlocked:            5696 kB
SwapTotal:       4718584 kB
SwapFree:        4531448 kB
Dirty:              1744 kB
Writeback:             0 kB
AnonPages:       2173636 kB
Mapped:           664004 kB
Shmem:             23064 kB
KReclaimable:     417128 kB
Slab:             314664 kB
SReclaimable:      87548 kB
SUnreclaim:       227116 kB
KernelStack:       48912 kB
ShadowCallStack:   12256 kB
PageTables:        74244 kB
NFS_Unstable:          0 kB
Bounce:                0 kB
WritebackTmp:          0 kB
CommitLimit:     8679780 kB
Committed_AS:   77323656 kB
VmallocTotal:   263061440 kB
VmallocUsed:      130208 kB
VmallocChunk:          0 kB
Percpu:             6288 kB
CmaTotal:         405504 kB
CmaFree:              24 kB
MemTotal:        7922396 kB
MemFree:          198508 kB
MemAvailable:    2644596 kB
Buffers:           21248 kB
Cached:          2425692 kB
SwapCached:         2324 kB
Active:          1983668 kB
Inactive:        2632812 kB
Active(anon):     173780 kB
Inactive(anon):  2023468 kB
Active(file):    1809888 kB
Inactive(file):   609344 kB
Unevictable:        6136 kB
Mlocked:            5696 kB
SwapTotal:       4718584 kB
SwapFree:        4531448 kB
Dirty:              1748 kB
Writeback:             0 kB
AnonPages:       2173548 kB
Mapped:           663996 kB
Shmem:             23064 kB
KReclaimable:     417128 kB
Slab:             314664 kB
SReclaimable:      87548 kB
SUnreclaim:       227116 kB
KernelStack:       48912 kB
ShadowCallStack:   12256 kB
PageTables:        74108 kB
NFS_Unstable:          0 kB
Bounce:                0 kB
WritebackTmp:          0 kB
CommitLimit:     8679780 kB
Committed_AS:   77323656 kB
VmallocTotal:   263061440 kB
VmallocUsed:      130200 kB
VmallocChunk:          0 kB
Percpu:             6288 kB
CmaTotal:         405504 kB
CmaFree:              24 kB
MemTotal:        7922396 kB
MemFree:          197484 kB
MemAvailable:    2643576 kB
Buffers:           21248 kB
Cached:          2425696 kB
SwapCached:         2324 kB
Active:          1983672 kB
Inactive:        2633328 kB
Active(anon):     173780 kB
Inactive(anon):  2023984 kB
Active(file):    1809892 kB
Inactive(file):   609344 kB
Unevictable:        6136 kB
Mlocked:            5696 kB
SwapTotal:       4718584 kB
SwapFree:        4531448 kB
Dirty:              1752 kB
Writeback:             0 kB
AnonPages:       2174044 kB
Mapped:           664004 kB
Shmem:             23064 kB
KReclaimable:     417128 kB
Slab:             314664 kB
SReclaimable:      87548 kB
SUnreclaim:       227116 kB
KernelStack:       48928 kB
ShadowCallStack:   12252 kB
PageTables:        74320 kB
NFS_Unstable:          0 kB
Bounce:                0 kB
WritebackTmp:          0 kB
CommitLimit:     8679780 kB
Committed_AS:   77323664 kB
VmallocTotal:   263061440 kB
VmallocUsed:      130224 kB
VmallocChunk:          0 kB
Percpu:             6288 kB
CmaTotal:         405504 kB
CmaFree:              24 kB
MemTotal:        7922396 kB
MemFree:          198644 kB
MemAvailable:    2644744 kB
Buffers:           21248 kB
Cached:          2425704 kB
SwapCached:         2324 kB
Active:          1983672 kB
Inactive:        2633100 kB
Active(anon):     173780 kB
Inactive(anon):  2023748 kB
Active(file):    1809892 kB
Inactive(file):   609352 kB
Unevictable:        6136 kB
Mlocked:            5696 kB
SwapTotal:       4718584 kB
SwapFree:        4531448 kB
Dirty:              1760 kB
Writeback:             0 kB
AnonPages:       2173580 kB
Mapped:           664192 kB
Shmem:             23064 kB
KReclaimable:     417128 kB
Slab:             314664 kB
SReclaimable:      87548 kB
SUnreclaim:       227116 kB
KernelStack:       48880 kB
ShadowCallStack:   12260 kB
PageTables:        74228 kB
NFS_Unstable:          0 kB
Bounce:                0 kB
WritebackTmp:          0 kB
CommitLimit:     8679780 kB
Committed_AS:   77323668 kB
VmallocTotal:   263061440 kB
VmallocUsed:      130224 kB
VmallocChunk:          0 kB
Percpu:             6288 kB
CmaTotal:         405504 kB
CmaFree:              80 kB
MemTotal:        7922396 kB
MemFree:          197920 kB
MemAvailable:    2644044 kB
Buffers:           21256 kB
Cached:          2425720 kB
SwapCached:         2324 kB
Active:          1983676 kB
Inactive:        2633080 kB
Active(anon):     173776 kB
Inactive(anon):  2023712 kB
Active(file):    1809900 kB
Inactive(file):   609368 kB
Unevictable:        6136 kB
Mlocked:            5696 kB
SwapTotal:       4718584 kB
SwapFree:        4531448 kB
Dirty:              1788 kB
Writeback:             0 kB
AnonPages:       2173804 kB
Mapped:           663996 kB
Shmem:             23064 kB
KReclaimable:     417128 kB
Slab:             314664 kB
SReclaimable:      87548 kB
SUnreclaim:       227116 kB
KernelStack:       48880 kB
ShadowCallStack:   12248 kB
PageTables:        74144 kB
NFS_Unstable:          0 kB
Bounce:                0 kB
WritebackTmp:          0 kB
CommitLimit:     8679780 kB
Committed_AS:   77323664 kB
VmallocTotal:   263061440 kB
VmallocUsed:      130228 kB
VmallocChunk:          0 kB
Percpu:             6288 kB
CmaTotal:         405504 kB
CmaFree:              80 kB
MemTotal:        7922396 kB
MemFree:          198108 kB
MemAvailable:    2644304 kB
Buffers:           21256 kB
Cached:          2425728 kB
SwapCached:         2324 kB
Active:          1983680 kB
Inactive:        2633580 kB
Active(anon):     173780 kB
Inactive(anon):  2024204 kB
Active(file):    1809900 kB
Inactive(file):   609376 kB
Unevictable:        6136 kB
Mlocked:            5696 kB
SwapTotal:       4718584 kB
SwapFree:        4531448 kB
Dirty:              1796 kB
Writeback:             0 kB
AnonPages:       2174228 kB
Mapped:           663996 kB
Shmem:             23064 kB
KReclaimable:     417192 kB
Slab:             314744 kB
SReclaimable:      87612 kB
SUnreclaim:       227132 kB
KernelStack:       48880 kB
ShadowCallStack:   12248 kB
PageTables:        73956 kB
NFS_Unstable:          0 kB
Bounce:                0 kB
WritebackTmp:          0 kB
CommitLimit:     8679780 kB
Committed_AS:   77323668 kB
VmallocTotal:   263061440 kB
VmallocUsed:      130216 kB
VmallocChunk:          0 kB
Percpu:             6288 kB
CmaTotal:         405504 kB
CmaFree:              80 kB
MemTotal:        7922396 kB
MemFree:          197472 kB
MemAvailable:    2644040 kB
Buffers:           21256 kB
Cached:          2425732 kB
SwapCached:         2324 kB
Active:          1983672 kB
Inactive:        2633572 kB
Active(anon):     173772 kB
Inactive(anon):  2024192 kB
Active(file):    1809900 kB
Inactive(file):   609380 kB
Unevictable:        6136 kB
Mlocked:            5696 kB
SwapTotal:       4718584 kB
SwapFree:        4531448 kB
Dirty:              1800 kB
Writeback:             0 kB
AnonPages:       2174196 kB
Mapped:           664168 kB
Shmem:             23064 kB
KReclaimable:     417560 kB
Slab:             315112 kB
SReclaimable:      87980 kB
SUnreclaim:       227132 kB
KernelStack:       48912 kB
ShadowCallStack:   12248 kB
PageTables:        74288 kB
NFS_Unstable:          0 kB
Bounce:                0 kB
WritebackTmp:          0 kB
CommitLimit:     8679780 kB
Committed_AS:   77323664 kB
VmallocTotal:   263061440 kB
VmallocUsed:      130216 kB
VmallocChunk:          0 kB
Percpu:             6288 kB
CmaTotal:         405504 kB
CmaFree:              80 kB
MemTotal:        7922396 kB
MemFree:          196556 kB
MemAvailable:    2643272 kB
Buffers:           21256 kB
Cached:          2425736 kB
SwapCached:         2324 kB
Active:          1983680 kB
Inactive:        2633896 kB
Active(anon):     173780 kB
Inactive(anon):  2024512 kB
Active(file):    1809900 kB
Inactive(file):   609384 kB
Unevictable:        6136 kB
Mlocked:            5696 kB
SwapTotal:       4718584 kB
SwapFree:        4531448 kB
Dirty:              1804 kB
Writeback:             0 kB
AnonPages:       2174548 kB
Mapped:           664000 kB
Shmem:             23064 kB
KReclaimable:     417704 kB
Slab:             315272 kB
SReclaimable:      88124 kB
SUnreclaim:       227148 kB
KernelStack:       48912 kB
ShadowCallStack:   12264 kB
PageTables:        74156 kB
NFS_Unstable:          0 kB
Bounce:                0 kB
WritebackTmp:          0 kB
CommitLimit:     8679780 kB
Committed_AS:   77323676 kB
VmallocTotal:   263061440 kB
VmallocUsed:      130200 kB
VmallocChunk:          0 kB
Percpu:             6288 kB
CmaTotal:         405504 kB
CmaFree:              80 kB
MemTotal:        7922396 kB
MemFree:          197288 kB
MemAvailable:    2644032 kB
Buffers:           21256 kB
Cached:          2425748 kB
SwapCached:         2324 kB
Active:          1983680 kB
Inactive:        2633956 kB
Active(anon):     173772 kB
Inactive(anon):  2024568 kB
Active(file):    1809908 kB
Inactive(file):   609388 kB
Unevictable:        6136 kB
Mlocked:            5696 kB
SwapTotal:       4718584 kB
SwapFree:        4531448 kB
Dirty:              1816 kB
Writeback:             0 kB
AnonPages:       2174596 kB
Mapped:           663996 kB
Shmem:             23064 kB
KReclaimable:     417720 kB
Slab:             315284 kB
SReclaimable:      88140 kB
SUnreclaim:       227144 kB
KernelStack:       48896 kB
ShadowCallStack:   12252 kB
PageTables:        74176 kB
NFS_Unstable:          0 kB
Bounce:                0 kB
WritebackTmp:          0 kB
CommitLimit:     8679780 kB
Committed_AS:   77323672 kB
VmallocTotal:   263061440 kB
VmallocUsed:      130216 kB
VmallocChunk:          0 kB
Percpu:             6288 kB
CmaTotal:         405504 kB
CmaFree:              80 kB
MemTotal:        7922396 kB
MemFree:          197960 kB
MemAvailable:    2644736 kB
Buffers:           21280 kB
Cached:          2425764 kB
SwapCached:         2324 kB
Active:          1983708 kB
Inactive:        2633376 kB
Active(anon):     173776 kB
Inactive(anon):  2023980 kB
Active(file):    1809932 kB
Inactive(file):   609396 kB
Unevictable:        6136 kB
Mlocked:            5696 kB
SwapTotal:       4718584 kB
SwapFree:        4531448 kB
Dirty:              1824 kB
Writeback:             0 kB
AnonPages:       2174036 kB
Mapped:           664004 kB
Shmem:             23072 kB
KReclaimable:     417720 kB
Slab:             315304 kB
SReclaimable:      88140 kB
SUnreclaim:       227164 kB
KernelStack:       48912 kB
ShadowCallStack:   12256 kB
PageTables:        74040 kB
NFS_Unstable:          0 kB
Bounce:                0 kB
WritebackTmp:          0 kB
CommitLimit:     8679780 kB
Committed_AS:   77323792 kB
VmallocTotal:   263061440 kB
VmallocUsed:      130252 kB
VmallocChunk:          0 kB
Percpu:             6288 kB
CmaTotal:         405504 kB
CmaFree:             348 kB
MemTotal:        7922396 kB
MemFree:          159476 kB
MemAvailable:    2415980 kB
Buffers:           21280 kB
Cached:          2398400 kB
SwapCached:         2324 kB
Active:          1992836 kB
Inactive:        2672124 kB
Active(anon):     182892 kB
Inactive(anon):  2090204 kB
Active(file):    1809944 kB
Inactive(file):   581920 kB
Unevictable:        6136 kB
Mlocked:            5696 kB
SwapTotal:       4718584 kB
SwapFree:        4517880 kB
Dirty:              1828 kB
Writeback:             0 kB
AnonPages:       2249328 kB
Mapped:           664212 kB
Shmem:             23172 kB
KReclaimable:     271296 kB
Slab:             315212 kB
SReclaimable:      87868 kB
SUnreclaim:       227344 kB
KernelStack:       48992 kB
ShadowCallStack:   12276 kB
PageTables:        74244 kB
NFS_Unstable:          0 kB
Bounce:                0 kB
WritebackTmp:          0 kB
CommitLimit:     8679780 kB
Committed_AS:   77324056 kB
VmallocTotal:   263061440 kB
VmallocUsed:      130300 kB
VmallocChunk:          0 kB
Percpu:             6288 kB
CmaTotal:         405504 kB
CmaFree:               0 kB
MemTotal:        7922396 kB
MemFree:          249112 kB
MemAvailable:    2637924 kB
Buffers:           21280 kB
Cached:          2398268 kB
SwapCached:         2324 kB
Active:          1992836 kB
Inactive:        2584180 kB
Active(anon):     182892 kB
Inactive(anon):  2002248 kB
Active(file):    1809944 kB
Inactive(file):   581932 kB
Unevictable:        6136 kB
Mlocked:            5696 kB
SwapTotal:       4718584 kB
SwapFree:        4517880 kB
Dirty:              1840 kB
Writeback:             0 kB
AnonPages:       2161424 kB
Mapped:           663644 kB
Shmem:             23028 kB
KReclaimable:     403592 kB
Slab:             315044 kB
SReclaimable:      87868 kB
SUnreclaim:       227176 kB
KernelStack:       48912 kB
ShadowCallStack:   12256 kB
PageTables:        74152 kB
NFS_Unstable:          0 kB
Bounce:                0 kB
WritebackTmp:          0 kB
CommitLimit:     8679780 kB
Committed_AS:   77323676 kB
VmallocTotal:   263061440 kB
VmallocUsed:      130216 kB
VmallocChunk:          0 kB
Percpu:             6288 kB
CmaTotal:         405504 kB
CmaFree:             484 kB
MemTotal:        7922396 kB
MemFree:          249348 kB
MemAvailable:    2638164 kB
Buffers:           21280 kB
Cached:          2398276 kB
SwapCached:         2324 kB
Active:          1992832 kB
Inactive:        2584464 kB
Active(anon):     182888 kB
Inactive(anon):  2002528 kB
Active(file):    1809944 kB
Inactive(file):   581936 kB
Unevictable:        6136 kB
Mlocked:            5696 kB
SwapTotal:       4718584 kB
SwapFree:        4517880 kB
Dirty:              1844 kB
Writeback:             0 kB
AnonPages:       2161684 kB
