MemTotal:       12113132 kB
MemFree:         6422400 kB
MemAvailable:    8142452 kB
Buffers:            6408 kB
Cached:          1910428 kB
SwapCached:            0 kB
Active:          1463408 kB
Inactive:        1665380 kB
Active(anon):    1218396 kB
Inactive(anon):    25856 kB
Active(file):     245012 kB
Inactive(file):  1639524 kB
Unevictable:        5552 kB
Mlocked:            5552 kB
SwapTotal:       3145724 kB
SwapFree:        3145724 kB
Dirty:                76 kB
Writeback:             0 kB
AnonPages:       1217628 kB
Mapped:           866424 kB
Shmem:             27800 kB
KReclaimable:     704220 kB
Slab:             224636 kB
SReclaimable:      80016 kB
SUnreclaim:       144620 kB
KernelStack:       46548 kB
PageTables:        62852 kB
NFS_Unstable:          0 kB
Bounce:                0 kB
WritebackTmp:          0 kB
CommitLimit:     9202288 kB
Committed_AS:   66044812 kB
VmallocTotal:   263061440 kB
VmallocUsed:      103500 kB
VmallocChunk:          0 kB
Percpu:             7648 kB
CmaTotal:         294912 kB
CmaFree:               0 kB
MemTotal:       12113132 kB
MemFree:         6420788 kB
MemAvailable:    8140916 kB
Buffers:            6408 kB
Cached:          1910504 kB
SwapCached:            0 kB
Active:          1464036 kB
Inactive:        1665416 kB
Active(anon):    1218984 kB
Inactive(anon):    25856 kB
Active(file):     245052 kB
Inactive(file):  1639560 kB
Unevictable:        5552 kB
Mlocked:            5552 kB
SwapTotal:       3145724 kB
SwapFree:        3145724 kB
Dirty:               208 kB
Writeback:             0 kB
AnonPages:       1218116 kB
Mapped:           866424 kB
Shmem:             27800 kB
KReclaimable:     704220 kB
Slab:             224644 kB
SReclaimable:      80016 kB
SUnreclaim:       144628 kB
KernelStack:       46480 kB
PageTables:        62928 kB
NFS_Unstable:          0 kB
Bounce:                0 kB
WritebackTmp:          0 kB
CommitLimit:     9202288 kB
Committed_AS:   66054172 kB
VmallocTotal:   263061440 kB
VmallocUsed:      103484 kB
VmallocChunk:          0 kB
Percpu:             7648 kB
CmaTotal:         294912 kB
CmaFree:               0 kB
MemTotal:       12113132 kB
MemFree:         6420540 kB
MemAvailable:    8140672 kB
Buffers:            6408 kB
Cached:          1910508 kB
SwapCached:            0 kB
Active:          1464028 kB
Inactive:        1665420 kB
Active(anon):    1218976 kB
Inactive(anon):    25856 kB
Active(file):     245052 kB
Inactive(file):  1639564 kB
Unevictable:        5552 kB
Mlocked:            5552 kB
SwapTotal:       3145724 kB
SwapFree:        3145724 kB
Dirty:               240 kB
Writeback:             0 kB
AnonPages:       1218000 kB
Mapped:           866424 kB
Shmem:             27800 kB
KReclaimable:     704220 kB
Slab:             224636 kB
SReclaimable:      80016 kB
SUnreclaim:       144620 kB
KernelStack:       46480 kB
PageTables:        62944 kB
NFS_Unstable:          0 kB
Bounce:                0 kB
WritebackTmp:          0 kB
CommitLimit:     9202288 kB
Committed_AS:   66049620 kB
VmallocTotal:   263061440 kB
VmallocUsed:      103468 kB
VmallocChunk:          0 kB
Percpu:             7648 kB
CmaTotal:         294912 kB
CmaFree:               0 kB
MemTotal:       12113132 kB
MemFree:         6419568 kB
MemAvailable:    8139712 kB
Buffers:            6408 kB
Cached:          1910520 kB
SwapCached:            0 kB
Active:          1464500 kB
Inactive:        1665432 kB
Active(anon):    1219448 kB
Inactive(anon):    25856 kB
Active(file):     245052 kB
Inactive(file):  1639576 kB
Unevictable:        5552 kB
Mlocked:            5552 kB
SwapTotal:       3145724 kB
SwapFree:        3145724 kB
Dirty:               252 kB
Writeback:             0 kB
AnonPages:       1218620 kB
Mapped:           866424 kB
Shmem:             27800 kB
KReclaimable:     704220 kB
Slab:             224644 kB
SReclaimable:      80016 kB
SUnreclaim:       144628 kB
KernelStack:       46480 kB
PageTables:        62940 kB
NFS_Unstable:          0 kB
Bounce:                0 kB
WritebackTmp:          0 kB
CommitLimit:     9202288 kB
Committed_AS:   66053844 kB
VmallocTotal:   263061440 kB
VmallocUsed:      103468 kB
VmallocChunk:          0 kB
Percpu:             7648 kB
CmaTotal:         294912 kB
CmaFree:               0 kB
MemTotal:       12113132 kB
MemFree:         6420364 kB
MemAvailable:    8140528 kB
Buffers:            6408 kB
Cached:          1910540 kB
SwapCached:            0 kB
Active:          1465356 kB
Inactive:        1665452 kB
Active(anon):    1220304 kB
Inactive(anon):    25856 kB
Active(file):     245052 kB
Inactive(file):  1639596 kB
Unevictable:        5552 kB
Mlocked:            5552 kB
SwapTotal:       3145724 kB
SwapFree:        3145724 kB
Dirty:               312 kB
Writeback:             0 kB
AnonPages:       1219420 kB
Mapped:           866424 kB
Shmem:             27800 kB
KReclaimable:     704220 kB
Slab:             224636 kB
SReclaimable:      80016 kB
SUnreclaim:       144620 kB
KernelStack:       46480 kB
PageTables:        62936 kB
NFS_Unstable:          0 kB
Bounce:                0 kB
WritebackTmp:          0 kB
CommitLimit:     9202288 kB
Committed_AS:   66053672 kB
VmallocTotal:   263061440 kB
VmallocUsed:      103452 kB
VmallocChunk:          0 kB
Percpu:             7648 kB
CmaTotal:         294912 kB
CmaFree:               0 kB
MemTotal:       12113132 kB
MemFree:         6417864 kB
MemAvailable:    8138048 kB
Buffers:            6408 kB
Cached:          1910560 kB
SwapCached:            0 kB
Active:          1465820 kB
Inactive:        1665468 kB
Active(anon):    1220764 kB
Inactive(anon):    25856 kB
Active(file):     245056 kB
Inactive(file):  1639612 kB
Unevictable:        5552 kB
Mlocked:            5552 kB
SwapTotal:       3145724 kB
SwapFree:        3145724 kB
Dirty:               332 kB
Writeback:             0 kB
AnonPages:       1220136 kB
Mapped:           866424 kB
Shmem:             27800 kB
KReclaimable:     704220 kB
Slab:             224644 kB
SReclaimable:      80016 kB
SUnreclaim:       144628 kB
KernelStack:       46480 kB
PageTables:        62928 kB
NFS_Unstable:          0 kB
Bounce:                0 kB
WritebackTmp:          0 kB
CommitLimit:     9202288 kB
Committed_AS:   66059128 kB
VmallocTotal:   263061440 kB
VmallocUsed:      103484 kB
VmallocChunk:          0 kB
Percpu:             7648 kB
CmaTotal:         294912 kB
CmaFree:               0 kB
MemTotal:       12113132 kB
MemFree:         6417760 kB
MemAvailable:    8137940 kB
Buffers:            6408 kB
Cached:          1910556 kB
SwapCached:            0 kB
Active:          1466748 kB
Inactive:        1665468 kB
Active(anon):    1221696 kB
Inactive(anon):    25856 kB
Active(file):     245052 kB
Inactive(file):  1639612 kB
Unevictable:        5552 kB
Mlocked:            5552 kB
SwapTotal:       3145724 kB
SwapFree:        3145724 kB
Dirty:               348 kB
Writeback:             0 kB
AnonPages:       1220880 kB
Mapped:           866424 kB
Shmem:             27800 kB
KReclaimable:     704220 kB
Slab:             224628 kB
SReclaimable:      80016 kB
SUnreclaim:       144612 kB
KernelStack:       46464 kB
PageTables:        62860 kB
NFS_Unstable:          0 kB
Bounce:                0 kB
WritebackTmp:          0 kB
CommitLimit:     9202288 kB
Committed_AS:   66052000 kB
VmallocTotal:   263061440 kB
VmallocUsed:      103452 kB
VmallocChunk:          0 kB
Percpu:             7648 kB
CmaTotal:         294912 kB
CmaFree:               0 kB
MemTotal:       12113132 kB
MemFree:         6417440 kB
MemAvailable:    8137632 kB
Buffers:            6408 kB
Cached:          1910568 kB
SwapCached:            0 kB
Active:          1467316 kB
Inactive:        1665480 kB
Active(anon):    1222264 kB
Inactive(anon):    25856 kB
Active(file):     245052 kB
Inactive(file):  1639624 kB
Unevictable:        5552 kB
Mlocked:            5552 kB
SwapTotal:       3145724 kB
SwapFree:        3145724 kB
Dirty:               372 kB
Writeback:             0 kB
AnonPages:       1221392 kB
Mapped:           866424 kB
Shmem:             27800 kB
KReclaimable:     704220 kB
Slab:             224652 kB
SReclaimable:      80016 kB
SUnreclaim:       144636 kB
KernelStack:       46464 kB
PageTables:        62928 kB
NFS_Unstable:          0 kB
Bounce:                0 kB
WritebackTmp:          0 kB
CommitLimit:     9202288 kB
Committed_AS:   66051624 kB
VmallocTotal:   263061440 kB
VmallocUsed:      103436 kB
VmallocChunk:          0 kB
Percpu:             7648 kB
CmaTotal:         294912 kB
CmaFree:               0 kB
MemTotal:       12113132 kB
MemFree:         6407380 kB
MemAvailable:    8127588 kB
Buffers:            6408 kB
Cached:          1910584 kB
SwapCached:            0 kB
Active:          1477936 kB
Inactive:        1665496 kB
Active(anon):    1232884 kB
Inactive(anon):    25856 kB
Active(file):     245052 kB
Inactive(file):  1639640 kB
Unevictable:        5552 kB
Mlocked:            5552 kB
SwapTotal:       3145724 kB
SwapFree:        3145724 kB
Dirty:               388 kB
Writeback:             0 kB
AnonPages:       1232064 kB
Mapped:           866424 kB
Shmem:             27800 kB
KReclaimable:     704220 kB
Slab:             224636 kB
SReclaimable:      80016 kB
SUnreclaim:       144620 kB
KernelStack:       46464 kB
PageTables:        62940 kB
NFS_Unstable:          0 kB
Bounce:                0 kB
WritebackTmp:          0 kB
CommitLimit:     9202288 kB
Committed_AS:   66060104 kB
VmallocTotal:   263061440 kB
VmallocUsed:      103468 kB
VmallocChunk:          0 kB
Percpu:             7648 kB
CmaTotal:         294912 kB
CmaFree:               0 kB
MemTotal:       12113132 kB
MemFree:         6388404 kB
MemAvailable:    8108660 kB
Buffers:            6412 kB
Cached:          1910612 kB
SwapCached:            0 kB
Active:          1496288 kB
Inactive:        1665524 kB
Active(anon):    1251232 kB
Inactive(anon):    25856 kB
Active(file):     245056 kB
Inactive(file):  1639668 kB
Unevictable:        5552 kB
Mlocked:            5552 kB
SwapTotal:       3145724 kB
SwapFree:        3145724 kB
Dirty:               368 kB
Writeback:             0 kB
AnonPages:       1250272 kB
Mapped:           866424 kB
Shmem:             27800 kB
KReclaimable:     704236 kB
Slab:             224652 kB
SReclaimable:      80032 kB
SUnreclaim:       144620 kB
KernelStack:       46464 kB
PageTables:        62928 kB
NFS_Unstable:          0 kB
Bounce:                0 kB
WritebackTmp:          0 kB
CommitLimit:     9202288 kB
Committed_AS:   66060048 kB
VmallocTotal:   263061440 kB
VmallocUsed:      103452 kB
VmallocChunk:          0 kB
Percpu:             7648 kB
CmaTotal:         294912 kB
CmaFree:               0 kB
MemTotal:       12113132 kB
MemFree:         6378748 kB
MemAvailable:    8099020 kB
Buffers:            6412 kB
Cached:          1910628 kB
SwapCached:            0 kB
Active:          1506552 kB
Inactive:        1665540 kB
Active(anon):    1261496 kB
Inactive(anon):    25856 kB
Active(file):     245056 kB
Inactive(file):  1639684 kB
Unevictable:        5552 kB
Mlocked:            5552 kB
SwapTotal:       3145724 kB
SwapFree:        3145724 kB
Dirty:               396 kB
Writeback:             0 kB
AnonPages:       1260652 kB
Mapped:           866424 kB
Shmem:             27800 kB
KReclaimable:     704236 kB
Slab:             224660 kB
SReclaimable:      80032 kB
SUnreclaim:       144628 kB
KernelStack:       46480 kB
PageTables:        62928 kB
NFS_Unstable:          0 kB
Bounce:                0 kB
WritebackTmp:          0 kB
CommitLimit:     9202288 kB
Committed_AS:   66055000 kB
VmallocTotal:   263061440 kB
VmallocUsed:      103484 kB
VmallocChunk:          0 kB
Percpu:             7648 kB
CmaTotal:         294912 kB
CmaFree:               0 kB
MemTotal:       12113132 kB
MemFree:         6371120 kB
MemAvailable:    8091396 kB
Buffers:            6412 kB
Cached:          1910632 kB
SwapCached:            0 kB
Active:          1516076 kB
Inactive:        1665544 kB
Active(anon):    1271020 kB
Inactive(anon):    25856 kB
Active(file):     245056 kB
Inactive(file):  1639688 kB
Unevictable:        5552 kB
Mlocked:            5552 kB
SwapTotal:       3145724 kB
SwapFree:        3145724 kB
Dirty:               404 kB
Writeback:             0 kB
AnonPages:       1270108 kB
Mapped:           866424 kB
Shmem:             27800 kB
KReclaimable:     704236 kB
Slab:             224660 kB
SReclaimable:      80032 kB
SUnreclaim:       144628 kB
KernelStack:       46480 kB
PageTables:        62928 kB
NFS_Unstable:          0 kB
Bounce:                0 kB
WritebackTmp:          0 kB
CommitLimit:     9202288 kB
Committed_AS:   66060196 kB
VmallocTotal:   263061440 kB
VmallocUsed:      103500 kB
VmallocChunk:          0 kB
Percpu:             7648 kB
CmaTotal:         294912 kB
CmaFree:               0 kB
MemTotal:       12113132 kB
MemFree:         6384464 kB
MemAvailable:    8104812 kB
Buffers:            6412 kB
Cached:          1910704 kB
SwapCached:            0 kB
Active:          1500212 kB
Inactive:        1665608 kB
Active(anon):    1255148 kB
Inactive(anon):    25856 kB
Active(file):     245064 kB
Inactive(file):  1639752 kB
Unevictable:        5552 kB
Mlocked:            5552 kB
SwapTotal:       3145724 kB
SwapFree:        3145724 kB
Dirty:               484 kB
Writeback:             0 kB
AnonPages:       1254420 kB
Mapped:           866424 kB
Shmem:             27800 kB
KReclaimable:     704236 kB
Slab:             224652 kB
SReclaimable:      80032 kB
SUnreclaim:       144620 kB
KernelStack:       46496 kB
PageTables:        62944 kB
NFS_Unstable:          0 kB
Bounce:                0 kB
WritebackTmp:          0 kB
CommitLimit:     9202288 kB
Committed_AS:   66059844 kB
VmallocTotal:   263061440 kB
VmallocUsed:      103500 kB
VmallocChunk:          0 kB
Percpu:             7648 kB
CmaTotal:         294912 kB
CmaFree:               0 kB
MemTotal:       12113132 kB
MemFree:         6382216 kB
MemAvailable:    8102652 kB
Buffers:            6412 kB
Cached:          1910792 kB
SwapCached:            0 kB
Active:          1504544 kB
Inactive:        1665692 kB
Active(anon):    1259476 kB
Inactive(anon):    25856 kB
Active(file):     245068 kB
Inactive(file):  1639836 kB
Unevictable:        5552 kB
Mlocked:            5552 kB
SwapTotal:       3145724 kB
SwapFree:        3145724 kB
Dirty:               596 kB
Writeback:             0 kB
AnonPages:       1258532 kB
Mapped:           866424 kB
Shmem:             27800 kB
KReclaimable:     704236 kB
Slab:             224660 kB
SReclaimable:      80032 kB
SUnreclaim:       144628 kB
KernelStack:       46560 kB
PageTables:        63148 kB
NFS_Unstable:          0 kB
Bounce:                0 kB
WritebackTmp:          0 kB
CommitLimit:     9202288 kB
Committed_AS:   67900476 kB
VmallocTotal:   263061440 kB
VmallocUsed:      103620 kB
VmallocChunk:          0 kB
Percpu:             7648 kB
CmaTotal:         294912 kB
CmaFree:               0 kB
MemTotal:       12113132 kB
MemFree:         6370348 kB
MemAvailable:    8090804 kB
Buffers:            6412 kB
Cached:          1910812 kB
SwapCached:            0 kB
Active:          1517800 kB
Inactive:        1664840 kB
Active(anon):    1271864 kB
Inactive(anon):    25852 kB
Active(file):     245936 kB
Inactive(file):  1638988 kB
Unevictable:        5552 kB
Mlocked:            5552 kB
SwapTotal:       3145724 kB
SwapFree:        3145724 kB
Dirty:               648 kB
Writeback:             0 kB
AnonPages:       1270128 kB
Mapped:           870100 kB
Shmem:             27800 kB
KReclaimable:     704236 kB
Slab:             224296 kB
SReclaimable:      80032 kB
SUnreclaim:       144264 kB
KernelStack:       46464 kB
PageTables:        62828 kB
NFS_Unstable:          0 kB
Bounce:                0 kB
WritebackTmp:          0 kB
CommitLimit:     9202288 kB
Committed_AS:   66046464 kB
VmallocTotal:   263061440 kB
VmallocUsed:      103500 kB
VmallocChunk:          0 kB
Percpu:             7648 kB
CmaTotal:         294912 kB
CmaFree:              24 kB
MemTotal:       12113132 kB
MemFree:         6377484 kB
MemAvailable:    8097968 kB
Buffers:            6412 kB
Cached:          1910824 kB
SwapCached:            0 kB
Active:          1507728 kB
Inactive:        1664756 kB
Active(anon):    1261696 kB
Inactive(anon):    25852 kB
Active(file):     246032 kB
Inactive(file):  1638904 kB
Unevictable:        5552 kB
Mlocked:            5552 kB
SwapTotal:       3145724 kB
SwapFree:        3145724 kB
Dirty:               684 kB
Writeback:             0 kB
AnonPages:       1260820 kB
Mapped:           870100 kB
Shmem:             27800 kB
KReclaimable:     704252 kB
Slab:             224188 kB
SReclaimable:      80048 kB
SUnreclaim:       144140 kB
KernelStack:       46464 kB
PageTables:        62820 kB
NFS_Unstable:          0 kB
Bounce:                0 kB
WritebackTmp:          0 kB
CommitLimit:     9202288 kB
Committed_AS:   66055764 kB
VmallocTotal:   263061440 kB
VmallocUsed:      103500 kB
VmallocChunk:          0 kB
Percpu:             7648 kB
CmaTotal:         294912 kB
CmaFree:               0 kB
MemTotal:       12113132 kB
MemFree:         6395868 kB
MemAvailable:    8116368 kB
Buffers:            6412 kB
Cached:          1910840 kB
SwapCached:            0 kB
Active:          1489180 kB
Inactive:        1664772 kB
Active(anon):    1243148 kB
Inactive(anon):    25852 kB
Active(file):     246032 kB
Inactive(file):  1638920 kB
Unevictable:        5552 kB
Mlocked:            5552 kB
SwapTotal:       3145724 kB
SwapFree:        3145724 kB
Dirty:               712 kB
Writeback:             0 kB
AnonPages:       1242164 kB
Mapped:           856484 kB
Shmem:             27800 kB
KReclaimable:     704252 kB
Slab:             224196 kB
SReclaimable:      80048 kB
SUnreclaim:       144148 kB
KernelStack:       46480 kB
PageTables:        62764 kB
NFS_Unstable:          0 kB
Bounce:                0 kB
WritebackTmp:          0 kB
CommitLimit:     9202288 kB
Committed_AS:   66051484 kB
VmallocTotal:   263061440 kB
VmallocUsed:      103484 kB
VmallocChunk:          0 kB
Percpu:             7648 kB
CmaTotal:         294912 kB
CmaFree:               0 kB
MemTotal:       12113132 kB
MemFree:         6385148 kB
MemAvailable:    8105656 kB
Buffers:            6412 kB
Cached:          1910848 kB
SwapCached:            0 kB
Active:          1501984 kB
Inactive:        1664780 kB
Active(anon):    1255952 kB
Inactive(anon):    25852 kB
Active(file):     246032 kB
Inactive(file):  1638928 kB
Unevictable:        5552 kB
Mlocked:            5552 kB
SwapTotal:       3145724 kB
SwapFree:        3145724 kB
Dirty:               724 kB
Writeback:             0 kB
AnonPages:       1255240 kB
Mapped:           856484 kB
Shmem:             27800 kB
KReclaimable:     704252 kB
Slab:             224196 kB
SReclaimable:      80048 kB
SUnreclaim:       144148 kB
KernelStack:       46464 kB
PageTables:        62776 kB
NFS_Unstable:          0 kB
Bounce:                0 kB
WritebackTmp:          0 kB
CommitLimit:     9202288 kB
Committed_AS:   66046236 kB
VmallocTotal:   263061440 kB
VmallocUsed:      103452 kB
VmallocChunk:          0 kB
Percpu:             7648 kB
CmaTotal:         294912 kB
CmaFree:               0 kB
MemTotal:       12113132 kB
MemFree:         6393744 kB
MemAvailable:    8114268 kB
Buffers:            6412 kB
Cached:          1910864 kB
SwapCached:            0 kB
Active:          1491700 kB
Inactive:        1664796 kB
Active(anon):    1245668 kB
Inactive(anon):    25852 kB
Active(file):     246032 kB
Inactive(file):  1638944 kB
Unevictable:        5552 kB
Mlocked:            5552 kB
SwapTotal:       3145724 kB
SwapFree:        3145724 kB
Dirty:               748 kB
Writeback:             0 kB
AnonPages:       1245088 kB
Mapped:           856484 kB
Shmem:             27800 kB
KReclaimable:     704252 kB
Slab:             224196 kB
SReclaimable:      80048 kB
SUnreclaim:       144148 kB
KernelStack:       46464 kB
PageTables:        62780 kB
NFS_Unstable:          0 kB
Bounce:                0 kB
WritebackTmp:          0 kB
CommitLimit:     9202288 kB
Committed_AS:   66050936 kB
VmallocTotal:   263061440 kB
VmallocUsed:      103500 kB
VmallocChunk:          0 kB
Percpu:             7648 kB
CmaTotal:         294912 kB
CmaFree:               4 kB
MemTotal:       12113132 kB
MemFree:         6401180 kB
MemAvailable:    8121700 kB
Buffers:            6412 kB
Cached:          1910876 kB
SwapCached:            0 kB
Active:          1483528 kB
Inactive:        1664784 kB
Active(anon):    1237492 kB
Inactive(anon):    25848 kB
Active(file):     246036 kB
Inactive(file):  1638936 kB
Unevictable:        5552 kB
Mlocked:            5552 kB
SwapTotal:       3145724 kB
SwapFree:        3145724 kB
Dirty:               840 kB
Writeback:             0 kB
AnonPages:       1236580 kB
Mapped:           856548 kB
Shmem:             27796 kB
KReclaimable:     704252 kB
Slab:             224196 kB
SReclaimable:      80048 kB
SUnreclaim:       144148 kB
KernelStack:       46368 kB
PageTables:        62664 kB
NFS_Unstable:          0 kB
Bounce:                0 kB
WritebackTmp:          0 kB
CommitLimit:     9202288 kB
Committed_AS:   66042752 kB
VmallocTotal:   263061440 kB
VmallocUsed:      103388 kB
VmallocChunk:          0 kB
Percpu:             7648 kB
CmaTotal:         294912 kB
CmaFree:               8 kB
MemTotal:       12113132 kB
MemFree:         6417508 kB
MemAvailable:    8138064 kB
Buffers:            6412 kB
Cached:          1910892 kB
SwapCached:            0 kB
Active:          1469240 kB
Inactive:        1664812 kB
Active(anon):    1223196 kB
Inactive(anon):    25848 kB
Active(file):     246044 kB
Inactive(file):  1638964 kB
Unevictable:        5552 kB
Mlocked:            5552 kB
SwapTotal:       3145724 kB
SwapFree:        3145724 kB
Dirty:               856 kB
Writeback:             0 kB
AnonPages:       1222088 kB
Mapped:           857152 kB
Shmem:             27796 kB
KReclaimable:     704252 kB
Slab:             224188 kB
SReclaimable:      80048 kB
SUnreclaim:       144140 kB
KernelStack:       46400 kB
PageTables:        62784 kB
NFS_Unstable:          0 kB
Bounce:                0 kB
WritebackTmp:          0 kB
CommitLimit:     9202288 kB
Committed_AS:   66045928 kB
VmallocTotal:   263061440 kB
VmallocUsed:      103404 kB
VmallocChunk:          0 kB
Percpu:             7648 kB
CmaTotal:         294912 kB
CmaFree:              72 kB
MemTotal:       12113132 kB
MemFree:         6409108 kB
MemAvailable:    8129672 kB
Buffers:            6412 kB
Cached:          1910900 kB
SwapCached:            0 kB
Active:          1475736 kB
Inactive:        1664820 kB
Active(anon):    1229692 kB
Inactive(anon):    25848 kB
Active(file):     246044 kB
Inactive(file):  1638972 kB
Unevictable:        5552 kB
Mlocked:            5552 kB
SwapTotal:       3145724 kB
SwapFree:        3145724 kB
Dirty:               868 kB
Writeback:             0 kB
AnonPages:       1228896 kB
Mapped:           857152 kB
Shmem:             27796 kB
KReclaimable:     704252 kB
Slab:             224172 kB
SReclaimable:      80048 kB
SUnreclaim:       144124 kB
KernelStack:       46400 kB
PageTables:        62788 kB
NFS_Unstable:          0 kB
Bounce:                0 kB
WritebackTmp:          0 kB
CommitLimit:     9202288 kB
Committed_AS:   66051248 kB
VmallocTotal:   263061440 kB
VmallocUsed:      103420 kB
VmallocChunk:          0 kB
Percpu:             7648 kB
CmaTotal:         294912 kB
CmaFree:               0 kB
MemTotal:       12113132 kB
MemFree:         6410400 kB
MemAvailable:    8130976 kB
Buffers:            6412 kB
Cached:          1910912 kB
SwapCached:            0 kB
Active:          1474424 kB
Inactive:        1664832 kB
Active(anon):    1228380 kB
Inactive(anon):    25848 kB
Active(file):     246044 kB
Inactive(file):  1638984 kB
Unevictable:        5552 kB
Mlocked:            5552 kB
SwapTotal:       3145724 kB
SwapFree:        3145724 kB
Dirty:               892 kB
Writeback:             0 kB
AnonPages:       1227468 kB
Mapped:           857260 kB
Shmem:             27796 kB
KReclaimable:     704252 kB
Slab:             224156 kB
SReclaimable:      80048 kB
SUnreclaim:       144108 kB
KernelStack:       46400 kB
PageTables:        62812 kB
NFS_Unstable:          0 kB
Bounce:                0 kB
WritebackTmp:          0 kB
CommitLimit:     9202288 kB
Committed_AS:   66050292 kB
VmallocTotal:   263061440 kB
VmallocUsed:      103420 kB
VmallocChunk:          0 kB
Percpu:             7648 kB
CmaTotal:         294912 kB
CmaFree:               0 kB
MemTotal:       12113132 kB
MemFree:         6401856 kB
MemAvailable:    8122444 kB
Buffers:            6412 kB
Cached:          1910924 kB
SwapCached:            0 kB
Active:          1484160 kB
Inactive:        1664844 kB
Active(anon):    1238116 kB
Inactive(anon):    25848 kB
Active(file):     246044 kB
Inactive(file):  1638996 kB
Unevictable:        5552 kB
Mlocked:            5552 kB
SwapTotal:       3145724 kB
SwapFree:        3145724 kB
Dirty:               908 kB
Writeback:             0 kB
AnonPages:       1237372 kB
Mapped:           857152 kB
Shmem:             27796 kB
KReclaimable:     704252 kB
Slab:             224164 kB
SReclaimable:      80048 kB
SUnreclaim:       144116 kB
KernelStack:       46400 kB
PageTables:        62784 kB
NFS_Unstable:          0 kB
Bounce:                0 kB
WritebackTmp:          0 kB
CommitLimit:     9202288 kB
Committed_AS:   66046108 kB
VmallocTotal:   263061440 kB
VmallocUsed:      103420 kB
VmallocChunk:          0 kB
Percpu:             7648 kB
CmaTotal:         294912 kB
CmaFree:               0 kB
MemTotal:       12113132 kB
MemFree:         6389664 kB
MemAvailable:    8110244 kB
Buffers:            6412 kB
Cached:          1910932 kB
SwapCached:            0 kB
Active:          1494860 kB
Inactive:        1664852 kB
Active(anon):    1248816 kB
Inactive(anon):    25848 kB
Active(file):     246044 kB
Inactive(file):  1639004 kB
Unevictable:        5552 kB
Mlocked:            5552 kB
SwapTotal:       3145724 kB
SwapFree:        3145724 kB
Dirty:               920 kB
Writeback:             0 kB
AnonPages:       1247480 kB
Mapped:           857152 kB
Shmem:             27796 kB
KReclaimable:     704236 kB
Slab:             224148 kB
SReclaimable:      80032 kB
SUnreclaim:       144116 kB
KernelStack:       46496 kB
PageTables:        62796 kB
NFS_Unstable:          0 kB
Bounce:                0 kB
WritebackTmp:          0 kB
CommitLimit:     9202288 kB
Committed_AS:   66055164 kB
VmallocTotal:   263061440 kB
VmallocUsed:      103484 kB
VmallocChunk:          0 kB
Percpu:             7648 kB
CmaTotal:         294912 kB
CmaFree:               0 kB
MemTotal:       12113132 kB
MemFree:         6389304 kB
MemAvailable:    8109924 kB
Buffers:            6416 kB
Cached:          1910968 kB
SwapCached:            0 kB
Active:          1495660 kB
Inactive:        1664888 kB
Active(anon):    1249612 kB
Inactive(anon):    25848 kB
Active(file):     246048 kB
Inactive(file):  1639040 kB
Unevictable:        5552 kB
Mlocked:            5552 kB
SwapTotal:       3145724 kB
SwapFree:        3145724 kB
Dirty:               968 kB
Writeback:             0 kB
AnonPages:       1248500 kB
Mapped:           857152 kB
Shmem:             27796 kB
KReclaimable:     704236 kB
Slab:             224140 kB
SReclaimable:      80032 kB
SUnreclaim:       144108 kB
KernelStack:       46560 kB
PageTables:        62888 kB
NFS_Unstable:          0 kB
Bounce:                0 kB
WritebackTmp:          0 kB
CommitLimit:     9202288 kB
Committed_AS:   66051216 kB
VmallocTotal:   263061440 kB
VmallocUsed:      103500 kB
VmallocChunk:          0 kB
Percpu:             7648 kB
CmaTotal:         294912 kB
CmaFree:               0 kB
MemTotal:       12113132 kB
MemFree:         6378984 kB
MemAvailable:    8099608 kB
Buffers:            6416 kB
Cached:          1910972 kB
SwapCached:            0 kB
Active:          1506428 kB
Inactive:        1664892 kB
Active(anon):    1260380 kB
Inactive(anon):    25848 kB
Active(file):     246048 kB
Inactive(file):  1639044 kB
Unevictable:        5552 kB
Mlocked:            5552 kB
SwapTotal:       3145724 kB
SwapFree:        3145724 kB
Dirty:               980 kB
Writeback:             0 kB
AnonPages:       1257588 kB
Mapped:           857316 kB
Shmem:             27796 kB
KReclaimable:     704236 kB
Slab:             224144 kB
SReclaimable:      80032 kB
SUnreclaim:       144112 kB
KernelStack:       46512 kB
PageTables:        62928 kB
NFS_Unstable:          0 kB
Bounce:                0 kB
WritebackTmp:          0 kB
CommitLimit:     9202288 kB
Committed_AS:   66041604 kB
VmallocTotal:   263061440 kB
VmallocUsed:      103484 kB
VmallocChunk:          0 kB
Percpu:             7648 kB
CmaTotal:         294912 kB
CmaFree:               0 kB
MemTotal:       12113132 kB
MemFree:         6389224 kB
MemAvailable:    8109868 kB
Buffers:            6416 kB
Cached:          1910992 kB
SwapCached:            0 kB
Active:          1496212 kB
Inactive:        1664912 kB
Active(anon):    1250164 kB
Inactive(anon):    25848 kB
Active(file):     246048 kB
Inactive(file):  1639064 kB
Unevictable:        5552 kB
Mlocked:            5552 kB
SwapTotal:       3145724 kB
SwapFree:        3145724 kB
Dirty:              1004 kB
Writeback:             0 kB
AnonPages:       1249392 kB
Mapped:           857316 kB
Shmem:             27796 kB
KReclaimable:     704236 kB
Slab:             224140 kB
SReclaimable:      80032 kB
SUnreclaim:       144108 kB
KernelStack:       46464 kB
PageTables:        62792 kB
NFS_Unstable:          0 kB
Bounce:                0 kB
WritebackTmp:          0 kB
CommitLimit:     9202288 kB
Committed_AS:   66051988 kB
VmallocTotal:   263061440 kB
VmallocUsed:      103468 kB
VmallocChunk:          0 kB
Percpu:             7648 kB
CmaTotal:         294912 kB
CmaFree:               0 kB
MemTotal:       12113132 kB
MemFree:         6388452 kB
MemAvailable:    8109112 kB
Buffers:            6416 kB
Cached:          1911008 kB
SwapCached:            0 kB
Active:          1496880 kB
Inactive:        1664928 kB
Active(anon):    1250832 kB
Inactive(anon):    25848 kB
Active(file):     246048 kB
Inactive(file):  1639080 kB
Unevictable:        5552 kB
Mlocked:            5552 kB
SwapTotal:       3145724 kB
SwapFree:        3145724 kB
Dirty:              1036 kB
Writeback:             0 kB
AnonPages:       1250140 kB
Mapped:           857316 kB
Shmem:             27796 kB
KReclaimable:     704236 kB
Slab:             224140 kB
SReclaimable:      80032 kB
SUnreclaim:       144108 kB
KernelStack:       46480 kB
PageTables:        62904 kB
NFS_Unstable:          0 kB
Bounce:                0 kB
WritebackTmp:          0 kB
CommitLimit:     9202288 kB
Committed_AS:   66046636 kB
VmallocTotal:   263061440 kB
VmallocUsed:      103420 kB
VmallocChunk:          0 kB
Percpu:             7648 kB
CmaTotal:         294912 kB
CmaFree:               0 kB
MemTotal:       12113132 kB
MemFree:         6382156 kB
MemAvailable:    8102828 kB
Buffers:            6416 kB
Cached:          1911048 kB
SwapCached:            0 kB
Active:          1504236 kB
Inactive:        1664972 kB
Active(anon):    1258192 kB
Inactive(anon):    25876 kB
Active(file):     246044 kB
Inactive(file):  1639096 kB
Unevictable:        5552 kB
Mlocked:            5552 kB
SwapTotal:       3145724 kB
SwapFree:        3145724 kB
Dirty:              1072 kB
Writeback:             0 kB
AnonPages:       1257420 kB
Mapped:           857344 kB
Shmem:             27824 kB
KReclaimable:     704236 kB
Slab:             224140 kB
SReclaimable:      80032 kB
SUnreclaim:       144108 kB
KernelStack:       46448 kB
PageTables:        62788 kB
NFS_Unstable:          0 kB
Bounce:                0 kB
WritebackTmp:          0 kB
CommitLimit:     9202288 kB
Committed_AS:   66046796 kB
VmallocTotal:   263061440 kB
VmallocUsed:      103420 kB
VmallocChunk:          0 kB
Percpu:             7648 kB
CmaTotal:         294912 kB
CmaFree:               0 kB
MemTotal:       12113132 kB
MemFree:         6414096 kB
MemAvailable:    8134776 kB
Buffers:            6416 kB
Cached:          1911056 kB
SwapCached:            0 kB
Active:          1469592 kB
Inactive:        1664976 kB
Active(anon):    1223544 kB
Inactive(anon):    25876 kB
Active(file):     246048 kB
Inactive(file):  1639100 kB
Unevictable:        5552 kB
Mlocked:            5552 kB
SwapTotal:       3145724 kB
SwapFree:        3145724 kB
Dirty:              1076 kB
Writeback:             0 kB
AnonPages:       1222400 kB
Mapped:           857344 kB
Shmem:             27824 kB
KReclaimable:     704236 kB
Slab:             224132 kB
SReclaimable:      80032 kB
SUnreclaim:       144100 kB
KernelStack:       46464 kB
PageTables:        62796 kB
NFS_Unstable:          0 kB
Bounce:                0 kB
WritebackTmp:          0 kB
CommitLimit:     9202288 kB
Committed_AS:   66044400 kB
VmallocTotal:   263061440 kB
VmallocUsed:      103452 kB
VmallocChunk:          0 kB
Percpu:             7648 kB
CmaTotal:         294912 kB
CmaFree:               0 kB
MemTotal:       12113132 kB
MemFree:         6414764 kB
MemAvailable:    8135456 kB
Buffers:            6416 kB
Cached:          1911068 kB
SwapCached:            0 kB
Active:          1469816 kB
Inactive:        1664988 kB
Active(anon):    1223768 kB
Inactive(anon):    25876 kB
Active(file):     246048 kB
Inactive(file):  1639112 kB
Unevictable:        5552 kB
Mlocked:            5552 kB
SwapTotal:       3145724 kB
SwapFree:        3145724 kB
Dirty:              1100 kB
Writeback:             0 kB
AnonPages:       1222820 kB
Mapped:           857344 kB
Shmem:             27824 kB
KReclaimable:     704236 kB
Slab:             224132 kB
SReclaimable:      80032 kB
SUnreclaim:       144100 kB
KernelStack:       46464 kB
PageTables:        62796 kB
NFS_Unstable:          0 kB
Bounce:                0 kB
WritebackTmp:          0 kB
CommitLimit:     9202288 kB
Committed_AS:   66044576 kB
VmallocTotal:   263061440 kB
VmallocUsed:      103468 kB
VmallocChunk:          0 kB
Percpu:             7648 kB
CmaTotal:         294912 kB
CmaFree:               0 kB
MemTotal:       12113132 kB
MemFree:         6407236 kB
MemAvailable:    8127656 kB
Buffers:            6416 kB
Cached:          1911084 kB
SwapCached:            0 kB
Active:          1479628 kB
Inactive:        1665004 kB
Active(anon):    1233580 kB
Inactive(anon):    25876 kB
Active(file):     246048 kB
Inactive(file):  1639128 kB
Unevictable:        5552 kB
Mlocked:            5552 kB
SwapTotal:       3145724 kB
SwapFree:        3145724 kB
Dirty:              1116 kB
Writeback:             0 kB
AnonPages:       1232796 kB
Mapped:           857420 kB
Shmem:             27824 kB
KReclaimable:     704236 kB
Slab:             224132 kB
SReclaimable:      80032 kB
SUnreclaim:       144100 kB
KernelStack:       46464 kB
PageTables:        62804 kB
NFS_Unstable:          0 kB
Bounce:                0 kB
WritebackTmp:          0 kB
CommitLimit:     9202288 kB
Committed_AS:   66052216 kB
VmallocTotal:   263061440 kB
VmallocUsed:      103468 kB
VmallocChunk:          0 kB
Percpu:             7648 kB
CmaTotal:         294912 kB
CmaFree:               4 kB
MemTotal:       12113132 kB
MemFree:         6394812 kB
MemAvailable:    8115536 kB
Buffers:            6416 kB
Cached:          1911100 kB
SwapCached:            0 kB
Active:          1489148 kB
Inactive:        1665020 kB
Active(anon):    1243100 kB
Inactive(anon):    25876 kB
Active(file):     246048 kB
Inactive(file):  1639144 kB
Unevictable:        5552 kB
Mlocked:            5552 kB
SwapTotal:       3145724 kB
SwapFree:        3145724 kB
Dirty:              1156 kB
Writeback:             0 kB
AnonPages:       1242296 kB
Mapped:           857344 kB
Shmem:             27824 kB
KReclaimable:     704236 kB
Slab:             224132 kB
SReclaimable:      80032 kB
SUnreclaim:       144100 kB
KernelStack:       46512 kB
PageTables:        62900 kB
NFS_Unstable:          0 kB
Bounce:                0 kB
WritebackTmp:          0 kB
CommitLimit:     9202288 kB
Committed_AS:   66063652 kB
VmallocTotal:   263061440 kB
VmallocUsed:      103468 kB
VmallocChunk:          0 kB
Percpu:             7648 kB
CmaTotal:         294912 kB
CmaFree:               0 kB
MemTotal:       12113132 kB
MemFree:         6395480 kB
MemAvailable:    8116232 kB
Buffers:            6416 kB
Cached:          1911128 kB
SwapCached:            0 kB
Active:          1489008 kB
Inactive:        1665048 kB
Active(anon):    1242960 kB
Inactive(anon):    25876 kB
Active(file):     246048 kB
Inactive(file):  1639172 kB
Unevictable:        5552 kB
Mlocked:            5552 kB
SwapTotal:       3145724 kB
SwapFree:        3145724 kB
Dirty:               536 kB
Writeback:             0 kB
AnonPages:       1242356 kB
Mapped:           857344 kB
Shmem:             27824 kB
KReclaimable:     704236 kB
Slab:             224132 kB
SReclaimable:      80032 kB
SUnreclaim:       144100 kB
KernelStack:       46432 kB
PageTables:        62788 kB
NFS_Unstable:          0 kB
Bounce:                0 kB
WritebackTmp:          0 kB
CommitLimit:     9202288 kB
Committed_AS:   66063892 kB
VmallocTotal:   263061440 kB
VmallocUsed:      103420 kB
VmallocChunk:          0 kB
Percpu:             7648 kB
CmaTotal:         294912 kB
CmaFree:               0 kB
MemTotal:       12113132 kB
MemFree:         6384360 kB
MemAvailable:    8105120 kB
Buffers:            6416 kB
Cached:          1911136 kB
SwapCached:            0 kB
Active:          1503152 kB
Inactive:        1665052 kB
Active(anon):    1257100 kB
Inactive(anon):    25876 kB
Active(file):     246052 kB
Inactive(file):  1639176 kB
Unevictable:        5552 kB
Mlocked:            5552 kB
SwapTotal:       3145724 kB
SwapFree:        3145724 kB
Dirty:               560 kB
Writeback:             0 kB
AnonPages:       1256564 kB
Mapped:           857344 kB
Shmem:             27824 kB
KReclaimable:     704236 kB
Slab:             224140 kB
SReclaimable:      80032 kB
SUnreclaim:       144108 kB
KernelStack:       46432 kB
PageTables:        62804 kB
NFS_Unstable:          0 kB
Bounce:                0 kB
WritebackTmp:          0 kB
CommitLimit:     9202288 kB
Committed_AS:   66054232 kB
VmallocTotal:   263061440 kB
VmallocUsed:      103436 kB
VmallocChunk:          0 kB
Percpu:             7648 kB
CmaTotal:         294912 kB
CmaFree:               0 kB
MemTotal:       12113132 kB
MemFree:         6393572 kB
MemAvailable:    8114340 kB
Buffers:            6416 kB
Cached:          1911144 kB
SwapCached:            0 kB
Active:          1491088 kB
Inactive:        1665060 kB
Active(anon):    1245036 kB
Inactive(anon):    25876 kB
Active(file):     246052 kB
Inactive(file):  1639184 kB
Unevictable:        5552 kB
Mlocked:            5552 kB
SwapTotal:       3145724 kB
SwapFree:        3145724 kB
Dirty:               568 kB
Writeback:             0 kB
AnonPages:       1244128 kB
Mapped:           857344 kB
Shmem:             27824 kB
KReclaimable:     704236 kB
Slab:             224140 kB
SReclaimable:      80032 kB
SUnreclaim:       144108 kB
KernelStack:       46432 kB
PageTables:        62792 kB
NFS_Unstable:          0 kB
Bounce:                0 kB
WritebackTmp:          0 kB
CommitLimit:     9202288 kB
Committed_AS:   66059056 kB
VmallocTotal:   263061440 kB
VmallocUsed:      103420 kB
VmallocChunk:          0 kB
Percpu:             7648 kB
CmaTotal:         294912 kB
CmaFree:               0 kB
MemTotal:       12113132 kB
MemFree:         6394148 kB
MemAvailable:    8114952 kB
Buffers:            6416 kB
Cached:          1911180 kB
SwapCached:            0 kB
Active:          1491700 kB
Inactive:        1665092 kB
Active(anon):    1245644 kB
Inactive(anon):    25876 kB
Active(file):     246056 kB
Inactive(file):  1639216 kB
Unevictable:        5552 kB
Mlocked:            5552 kB
SwapTotal:       3145724 kB
SwapFree:        3145724 kB
Dirty:               596 kB
Writeback:             0 kB
AnonPages:       1244848 kB
Mapped:           857344 kB
Shmem:             27824 kB
KReclaimable:     704236 kB
Slab:             224140 kB
SReclaimable:      80032 kB
SUnreclaim:       144108 kB
KernelStack:       46432 kB
PageTables:        62792 kB
NFS_Unstable:          0 kB
Bounce:                0 kB
WritebackTmp:          0 kB
CommitLimit:     9202288 kB
Committed_AS:   66059144 kB
VmallocTotal:   263061440 kB
VmallocUsed:      103420 kB
VmallocChunk:          0 kB
Percpu:             7648 kB
CmaTotal:         294912 kB
CmaFree:               0 kB
MemTotal:       12113132 kB
MemFree:         6402476 kB
MemAvailable:    8123268 kB
Buffers:            6416 kB
Cached:          1911168 kB
SwapCached:            0 kB
Active:          1485952 kB
Inactive:        1665084 kB
Active(anon):    1239900 kB
Inactive(anon):    25876 kB
Active(file):     246052 kB
Inactive(file):  1639208 kB
Unevictable:        5552 kB
Mlocked:            5552 kB
SwapTotal:       3145724 kB
SwapFree:        3145724 kB
Dirty:               624 kB
Writeback:             0 kB
AnonPages:       1239028 kB
Mapped:           857344 kB
Shmem:             27824 kB
KReclaimable:     704236 kB
Slab:             224140 kB
SReclaimable:      80032 kB
SUnreclaim:       144108 kB
KernelStack:       46432 kB
PageTables:        62804 kB
NFS_Unstable:          0 kB
Bounce:                0 kB
WritebackTmp:          0 kB
CommitLimit:     9202288 kB
Committed_AS:   66053792 kB
VmallocTotal:   263061440 kB
VmallocUsed:      103420 kB
VmallocChunk:          0 kB
Percpu:             7648 kB
CmaTotal:         294912 kB
CmaFree:               0 kB
MemTotal:       12113132 kB
MemFree:         6392228 kB
MemAvailable:    8113032 kB
Buffers:            6416 kB
Cached:          1911180 kB
SwapCached:            0 kB
Active:          1493100 kB
Inactive:        1665096 kB
Active(anon):    1247048 kB
Inactive(anon):    25876 kB
Active(file):     246052 kB
Inactive(file):  1639220 kB
Unevictable:        5552 kB
Mlocked:            5552 kB
SwapTotal:       3145724 kB
SwapFree:        3145724 kB
Dirty:               640 kB
Writeback:             0 kB
AnonPages:       1246092 kB
Mapped:           857344 kB
Shmem:             27824 kB
KReclaimable:     704236 kB
Slab:             224140 kB
SReclaimable:      80032 kB
SUnreclaim:       144108 kB
KernelStack:       46416 kB
PageTables:        62800 kB
NFS_Unstable:          0 kB
Bounce:                0 kB
WritebackTmp:          0 kB
CommitLimit:     9202288 kB
Committed_AS:   66067248 kB
VmallocTotal:   263061440 kB
VmallocUsed:      103404 kB
VmallocChunk:          0 kB
Percpu:             7648 kB
CmaTotal:         294912 kB
CmaFree:               0 kB
MemTotal:       12113132 kB
MemFree:         6391488 kB
MemAvailable:    8112320 kB
Buffers:            6420 kB
Cached:          1911204 kB
SwapCached:            0 kB
Active:          1493936 kB
Inactive:        1665120 kB
Active(anon):    1247880 kB
Inactive(anon):    25876 kB
Active(file):     246056 kB
Inactive(file):  1639244 kB
Unevictable:        5552 kB
Mlocked:            5552 kB
SwapTotal:       3145724 kB
SwapFree:        3145724 kB
Dirty:               644 kB
Writeback:             0 kB
AnonPages:       1247488 kB
Mapped:           857344 kB
Shmem:             27824 kB
KReclaimable:     704236 kB
Slab:             224140 kB
SReclaimable:      80032 kB
SUnreclaim:       144108 kB
KernelStack:       46416 kB
PageTables:        62796 kB
NFS_Unstable:          0 kB
Bounce:                0 kB
WritebackTmp:          0 kB
CommitLimit:     9202288 kB
Committed_AS:   66067428 kB
VmallocTotal:   263061440 kB
VmallocUsed:      103404 kB
VmallocChunk:          0 kB
Percpu:             7648 kB
CmaTotal:         294912 kB
CmaFree:               0 kB
MemTotal:       12113132 kB
MemFree:         6401556 kB
MemAvailable:    8122396 kB
Buffers:            6420 kB
Cached:          1911212 kB
SwapCached:            0 kB
Active:          1485396 kB
Inactive:        1665128 kB
Active(anon):    1239340 kB
Inactive(anon):    25876 kB
Active(file):     246056 kB
Inactive(file):  1639252 kB
Unevictable:        5552 kB
Mlocked:            5552 kB
SwapTotal:       3145724 kB
SwapFree:        3145724 kB
Dirty:               656 kB
Writeback:             0 kB
AnonPages:       1238896 kB
Mapped:           857344 kB
Shmem:             27824 kB
KReclaimable:     704236 kB
Slab:             224140 kB
SReclaimable:      80032 kB
SUnreclaim:       144108 kB
KernelStack:       46416 kB
PageTables:        62800 kB
NFS_Unstable:          0 kB
Bounce:                0 kB
WritebackTmp:          0 kB
CommitLimit:     9202288 kB
Committed_AS:   66059744 kB
VmallocTotal:   263061440 kB
VmallocUsed:      103420 kB
VmallocChunk:          0 kB
Percpu:             7648 kB
CmaTotal:         294912 kB
CmaFree:               4 kB
MemTotal:       12113132 kB
MemFree:         6390580 kB
MemAvailable:    8111436 kB
Buffers:            6420 kB
Cached:          1911228 kB
SwapCached:            0 kB
Active:          1495588 kB
Inactive:        1665144 kB
Active(anon):    1249532 kB
Inactive(anon):    25876 kB
Active(file):     246056 kB
Inactive(file):  1639268 kB
Unevictable:        5552 kB
Mlocked:            5552 kB
SwapTotal:       3145724 kB
SwapFree:        3145724 kB
Dirty:               672 kB
Writeback:             0 kB
AnonPages:       1249056 kB
Mapped:           857344 kB
Shmem:             27824 kB
KReclaimable:     704236 kB
Slab:             224132 kB
SReclaimable:      80032 kB
SUnreclaim:       144100 kB
KernelStack:       46416 kB
PageTables:        62800 kB
NFS_Unstable:          0 kB
Bounce:                0 kB
WritebackTmp:          0 kB
CommitLimit:     9202288 kB
Committed_AS:   66063456 kB
VmallocTotal:   263061440 kB
VmallocUsed:      103420 kB
VmallocChunk:          0 kB
Percpu:             7648 kB
CmaTotal:         294912 kB
CmaFree:               0 kB
MemTotal:       12113132 kB
MemFree:         6388952 kB
MemAvailable:    8109828 kB
Buffers:            6420 kB
Cached:          1911248 kB
SwapCached:            0 kB
Active:          1496504 kB
Inactive:        1665164 kB
Active(anon):    1250448 kB
Inactive(anon):    25876 kB
Active(file):     246056 kB
Inactive(file):  1639288 kB
Unevictable:        5552 kB
Mlocked:            5552 kB
SwapTotal:       3145724 kB
SwapFree:        3145724 kB
Dirty:               620 kB
Writeback:             0 kB
AnonPages:       1249552 kB
Mapped:           857344 kB
Shmem:             27824 kB
KReclaimable:     704236 kB
Slab:             224124 kB
SReclaimable:      80032 kB
SUnreclaim:       144092 kB
KernelStack:       46416 kB
PageTables:        62804 kB
NFS_Unstable:          0 kB
Bounce:                0 kB
WritebackTmp:          0 kB
CommitLimit:     9202288 kB
Committed_AS:   66063628 kB
VmallocTotal:   263061440 kB
VmallocUsed:      103436 kB
VmallocChunk:          0 kB
Percpu:             7648 kB
CmaTotal:         294912 kB
CmaFree:               0 kB
MemTotal:       12113132 kB
MemFree:         6379304 kB
MemAvailable:    8100192 kB
Buffers:            6420 kB
Cached:          1911260 kB
SwapCached:            0 kB
Active:          1506016 kB
Inactive:        1665176 kB
Active(anon):    1259960 kB
Inactive(anon):    25876 kB
Active(file):     246056 kB
Inactive(file):  1639300 kB
Unevictable:        5552 kB
Mlocked:            5552 kB
SwapTotal:       3145724 kB
SwapFree:        3145724 kB
Dirty:               536 kB
Writeback:             0 kB
AnonPages:       1259212 kB
Mapped:           857344 kB
Shmem:             27824 kB
KReclaimable:     704236 kB
Slab:             224132 kB
SReclaimable:      80032 kB
SUnreclaim:       144100 kB
KernelStack:       46384 kB
PageTables:        62800 kB
NFS_Unstable:          0 kB
Bounce:                0 kB
WritebackTmp:          0 kB
CommitLimit:     9202288 kB
Committed_AS:   66064312 kB
VmallocTotal:   263061440 kB
VmallocUsed:      103404 kB
VmallocChunk:          0 kB
Percpu:             7648 kB
CmaTotal:         294912 kB
CmaFree:               0 kB
MemTotal:       12113132 kB
MemFree:         6401320 kB
MemAvailable:    8122228 kB
Buffers:            6420 kB
Cached:          1911284 kB
SwapCached:            0 kB
Active:          1483212 kB
Inactive:        1665196 kB
Active(anon):    1237152 kB
Inactive(anon):    25880 kB
Active(file):     246060 kB
Inactive(file):  1639316 kB
Unevictable:        5552 kB
Mlocked:            5552 kB
SwapTotal:       3145724 kB
SwapFree:        3145724 kB
Dirty:               556 kB
Writeback:             0 kB
AnonPages:       1236360 kB
Mapped:           857348 kB
Shmem:             27828 kB
KReclaimable:     704236 kB
Slab:             224132 kB
SReclaimable:      80032 kB
SUnreclaim:       144100 kB
KernelStack:       46432 kB
PageTables:        62892 kB
NFS_Unstable:          0 kB
Bounce:                0 kB
WritebackTmp:          0 kB
CommitLimit:     9202288 kB
Committed_AS:   66064140 kB
VmallocTotal:   263061440 kB
VmallocUsed:      103420 kB
VmallocChunk:          0 kB
Percpu:             7648 kB
CmaTotal:         294912 kB
CmaFree:             232 kB
MemTotal:       12113132 kB
MemFree:         6400964 kB
MemAvailable:    8121872 kB
Buffers:            6420 kB
Cached:          1911284 kB
SwapCached:            0 kB
Active:          1483012 kB
Inactive:        1665200 kB
Active(anon):    1236956 kB
Inactive(anon):    25880 kB
Active(file):     246056 kB
Inactive(file):  1639320 kB
Unevictable:        5552 kB
Mlocked:            5552 kB
SwapTotal:       3145724 kB
SwapFree:        3145724 kB
Dirty:               600 kB
Writeback:             0 kB
AnonPages:       1236376 kB
Mapped:           857348 kB
Shmem:             27828 kB
KReclaimable:     704236 kB
Slab:             224132 kB
SReclaimable:      80032 kB
SUnreclaim:       144100 kB
KernelStack:       46384 kB
PageTables:        62792 kB
NFS_Unstable:          0 kB
Bounce:                0 kB
WritebackTmp:          0 kB
CommitLimit:     9202288 kB
Committed_AS:   66064136 kB
VmallocTotal:   263061440 kB
VmallocUsed:      103404 kB
VmallocChunk:          0 kB
Percpu:             7648 kB
CmaTotal:         294912 kB
CmaFree:               0 kB
MemTotal:       12113132 kB
MemFree:         6398240 kB
MemAvailable:    8119164 kB
Buffers:            6420 kB
Cached:          1911300 kB
SwapCached:            0 kB
Active:          1489664 kB
Inactive:        1665216 kB
Active(anon):    1243608 kB
Inactive(anon):    25880 kB
Active(file):     246056 kB
Inactive(file):  1639336 kB
Unevictable:        5552 kB
Mlocked:            5552 kB
SwapTotal:       3145724 kB
SwapFree:        3145724 kB
Dirty:               616 kB
Writeback:             0 kB
AnonPages:       1242752 kB
Mapped:           857240 kB
Shmem:             27828 kB
KReclaimable:     704236 kB
Slab:             224140 kB
SReclaimable:      80032 kB
SUnreclaim:       144108 kB
KernelStack:       46320 kB
PageTables:        62684 kB
NFS_Unstable:          0 kB
Bounce:                0 kB
WritebackTmp:          0 kB
CommitLimit:     9202288 kB
Committed_AS:   66054280 kB
VmallocTotal:   263061440 kB
VmallocUsed:      103308 kB
VmallocChunk:          0 kB
Percpu:             7648 kB
CmaTotal:         294912 kB
CmaFree:             188 kB
MemTotal:       12113132 kB
MemFree:         6404664 kB
MemAvailable:    8125592 kB
Buffers:            6420 kB
Cached:          1911304 kB
SwapCached:            0 kB
Active:          1480076 kB
Inactive:        1665220 kB
Active(anon):    1234020 kB
Inactive(anon):    25880 kB
Active(file):     246056 kB
Inactive(file):  1639340 kB
Unevictable:        5552 kB
Mlocked:            5552 kB
SwapTotal:       3145724 kB
SwapFree:        3145724 kB
Dirty:               628 kB
Writeback:             0 kB
AnonPages:       1232976 kB
Mapped:           857348 kB
Shmem:             27828 kB
KReclaimable:     704236 kB
Slab:             224132 kB
SReclaimable:      80032 kB
SUnreclaim:       144100 kB
KernelStack:       46320 kB
PageTables:        62796 kB
NFS_Unstable:          0 kB
Bounce:                0 kB
WritebackTmp:          0 kB
CommitLimit:     9202288 kB
Committed_AS:   66058136 kB
VmallocTotal:   263061440 kB
VmallocUsed:      103276 kB
VmallocChunk:          0 kB
Percpu:             7648 kB
CmaTotal:         294912 kB
CmaFree:               0 kB
MemTotal:       12113132 kB
MemFree:         6404388 kB
MemAvailable:    8125336 kB
Buffers:            6420 kB
Cached:          1911324 kB
SwapCached:            0 kB
Active:          1480648 kB
Inactive:        1665240 kB
Active(anon):    1234592 kB
Inactive(anon):    25880 kB
Active(file):     246056 kB
Inactive(file):  1639360 kB
Unevictable:        5552 kB
Mlocked:            5552 kB
SwapTotal:       3145724 kB
SwapFree:        3145724 kB
Dirty:               708 kB
Writeback:             0 kB
AnonPages:       1233908 kB
Mapped:           857348 kB
Shmem:             27828 kB
KReclaimable:     704236 kB
Slab:             224132 kB
SReclaimable:      80032 kB
SUnreclaim:       144100 kB
KernelStack:       46368 kB
PageTables:        62908 kB
NFS_Unstable:          0 kB
Bounce:                0 kB
WritebackTmp:          0 kB
CommitLimit:     9202288 kB
Committed_AS:   66054096 kB
VmallocTotal:   263061440 kB
VmallocUsed:      103292 kB
VmallocChunk:          0 kB
Percpu:             7648 kB
CmaTotal:         294912 kB
CmaFree:               0 kB
MemTotal:       12113132 kB
MemFree:         6395880 kB
MemAvailable:    8116840 kB
Buffers:            6420 kB
Cached:          1911336 kB
SwapCached:            0 kB
Active:          1489884 kB
Inactive:        1665252 kB
Active(anon):    1243828 kB
Inactive(anon):    25880 kB
Active(file):     246056 kB
Inactive(file):  1639372 kB
Unevictable:        5552 kB
Mlocked:            5552 kB
SwapTotal:       3145724 kB
SwapFree:        3145724 kB
Dirty:               720 kB
Writeback:             0 kB
AnonPages:       1243384 kB
Mapped:           857348 kB
Shmem:             27828 kB
KReclaimable:     704236 kB
Slab:             224132 kB
SReclaimable:      80032 kB
SUnreclaim:       144100 kB
KernelStack:       46320 kB
PageTables:        62792 kB
NFS_Unstable:          0 kB
Bounce:                0 kB
WritebackTmp:          0 kB
CommitLimit:     9202288 kB
Committed_AS:   66058496 kB
VmallocTotal:   263061440 kB
VmallocUsed:      103324 kB
VmallocChunk:          0 kB
Percpu:             7648 kB
CmaTotal:         294912 kB
CmaFree:               0 kB
MemTotal:       12113132 kB
MemFree:         6403068 kB
MemAvailable:    8124036 kB
Buffers:            6420 kB
Cached:          1911344 kB
SwapCached:            0 kB
Active:          1482200 kB
Inactive:        1665260 kB
Active(anon):    1236144 kB
Inactive(anon):    25880 kB
Active(file):     246056 kB
Inactive(file):  1639380 kB
Unevictable:        5552 kB
Mlocked:            5552 kB
SwapTotal:       3145724 kB
SwapFree:        3145724 kB
Dirty:               728 kB
Writeback:             0 kB
AnonPages:       1235272 kB
Mapped:           857348 kB
Shmem:             27828 kB
KReclaimable:     704236 kB
Slab:             224140 kB
SReclaimable:      80032 kB
SUnreclaim:       144108 kB
KernelStack:       46320 kB
PageTables:        62804 kB
NFS_Unstable:          0 kB
Bounce:                0 kB
WritebackTmp:          0 kB
CommitLimit:     9202288 kB
Committed_AS:   66058368 kB
VmallocTotal:   263061440 kB
VmallocUsed:      103356 kB
VmallocChunk:          0 kB
Percpu:             7648 kB
CmaTotal:         294912 kB
CmaFree:               0 kB
MemTotal:       12113132 kB
MemFree:         6415972 kB
MemAvailable:    8136948 kB
Buffers:            6420 kB
Cached:          1911352 kB
SwapCached:            0 kB
Active:          1469372 kB
Inactive:        1665268 kB
Active(anon):    1223316 kB
Inactive(anon):    25880 kB
Active(file):     246056 kB
Inactive(file):  1639388 kB
Unevictable:        5552 kB
Mlocked:            5552 kB
SwapTotal:       3145724 kB
SwapFree:        3145724 kB
Dirty:               756 kB
Writeback:             0 kB
AnonPages:       1222468 kB
Mapped:           857348 kB
Shmem:             27828 kB
KReclaimable:     704236 kB
Slab:             224140 kB
SReclaimable:      80032 kB
SUnreclaim:       144108 kB
KernelStack:       46320 kB
PageTables:        62800 kB
NFS_Unstable:          0 kB
Bounce:                0 kB
WritebackTmp:          0 kB
CommitLimit:     9202288 kB
Committed_AS:   66058228 kB
VmallocTotal:   263061440 kB
VmallocUsed:      103340 kB
VmallocChunk:          0 kB
Percpu:             7648 kB
CmaTotal:         294912 kB
CmaFree:               0 kB
MemTotal:       12113132 kB
MemFree:         6406784 kB
MemAvailable:    8127800 kB
Buffers:            6420 kB
Cached:          1911392 kB
SwapCached:            0 kB
Active:          1479136 kB
Inactive:        1665304 kB
Active(anon):    1233076 kB
Inactive(anon):    25880 kB
Active(file):     246060 kB
Inactive(file):  1639424 kB
Unevictable:        5552 kB
Mlocked:            5552 kB
SwapTotal:       3145724 kB
SwapFree:        3145724 kB
Dirty:               772 kB
Writeback:             4 kB
AnonPages:       1232284 kB
Mapped:           857348 kB
Shmem:             27828 kB
KReclaimable:     704236 kB
Slab:             224140 kB
SReclaimable:      80032 kB
SUnreclaim:       144108 kB
KernelStack:       46320 kB
PageTables:        62804 kB
NFS_Unstable:          0 kB
Bounce:                0 kB
WritebackTmp:          0 kB
CommitLimit:     9202288 kB
Committed_AS:   66053976 kB
VmallocTotal:   263061440 kB
VmallocUsed:      103324 kB
VmallocChunk:          0 kB
Percpu:             7648 kB
CmaTotal:         294912 kB
CmaFree:              20 kB
MemTotal:       12113132 kB
MemFree:         6396376 kB
MemAvailable:    8117384 kB
Buffers:            6420 kB
Cached:          1911384 kB
SwapCached:            0 kB
Active:          1488616 kB
Inactive:        1665300 kB
Active(anon):    1242560 kB
Inactive(anon):    25880 kB
Active(file):     246056 kB
Inactive(file):  1639420 kB
Unevictable:        5552 kB
Mlocked:            5552 kB
SwapTotal:       3145724 kB
SwapFree:        3145724 kB
Dirty:               824 kB
Writeback:             0 kB
AnonPages:       1241292 kB
Mapped:           857348 kB
Shmem:             27828 kB
KReclaimable:     704236 kB
Slab:             224132 kB
SReclaimable:      80032 kB
SUnreclaim:       144100 kB
KernelStack:       46320 kB
PageTables:        62796 kB
NFS_Unstable:          0 kB
Bounce:                0 kB
WritebackTmp:          0 kB
CommitLimit:     9202288 kB
Committed_AS:   66054088 kB
VmallocTotal:   263061440 kB
VmallocUsed:      103292 kB
VmallocChunk:          0 kB
Percpu:             7648 kB
CmaTotal:         294912 kB
CmaFree:               0 kB
MemTotal:       12113132 kB
MemFree:         6395336 kB
MemAvailable:    8116376 kB
Buffers:            6428 kB
Cached:          1911408 kB
SwapCached:            0 kB
Active:          1489440 kB
Inactive:        1665324 kB
Active(anon):    1243376 kB
Inactive(anon):    25880 kB
Active(file):     246064 kB
Inactive(file):  1639444 kB
Unevictable:        5552 kB
Mlocked:            5552 kB
SwapTotal:       3145724 kB
SwapFree:        3145724 kB
Dirty:               840 kB
Writeback:             0 kB
AnonPages:       1242668 kB
Mapped:           857400 kB
Shmem:             27828 kB
KReclaimable:     704236 kB
Slab:             224140 kB
SReclaimable:      80032 kB
SUnreclaim:       144108 kB
KernelStack:       46272 kB
PageTables:        62796 kB
NFS_Unstable:          0 kB
Bounce:                0 kB
WritebackTmp:          0 kB
CommitLimit:     9202288 kB
Committed_AS:   66063724 kB
VmallocTotal:   263061440 kB
VmallocUsed:      103308 kB
VmallocChunk:          0 kB
Percpu:             7648 kB
CmaTotal:         294912 kB
CmaFree:               0 kB
MemTotal:       12113132 kB
MemFree:         6389416 kB
MemAvailable:    8110476 kB
Buffers:            6428 kB
Cached:          1911428 kB
SwapCached:            0 kB
Active:          1498308 kB
Inactive:        1665344 kB
Active(anon):    1252244 kB
Inactive(anon):    25880 kB
Active(file):     246064 kB
Inactive(file):  1639464 kB
Unevictable:        5552 kB
Mlocked:            5552 kB
SwapTotal:       3145724 kB
SwapFree:        3145724 kB
Dirty:               876 kB
Writeback:             0 kB
AnonPages:       1251328 kB
Mapped:           857400 kB
Shmem:             27828 kB
KReclaimable:     704236 kB
Slab:             224132 kB
SReclaimable:      80032 kB
SUnreclaim:       144100 kB
KernelStack:       46272 kB
PageTables:        62788 kB
NFS_Unstable:          0 kB
Bounce:                0 kB
WritebackTmp:          0 kB
CommitLimit:     9202288 kB
Committed_AS:   66059692 kB
VmallocTotal:   263061440 kB
VmallocUsed:      103276 kB
VmallocChunk:          0 kB
Percpu:             7648 kB
CmaTotal:         294912 kB
CmaFree:               0 kB
MemTotal:       12113132 kB
MemFree:         6393640 kB
MemAvailable:    8114708 kB
Buffers:            6428 kB
Cached:          1911436 kB
SwapCached:            0 kB
Active:          1490784 kB
Inactive:        1665352 kB
Active(anon):    1244720 kB
Inactive(anon):    25880 kB
Active(file):     246064 kB
Inactive(file):  1639472 kB
Unevictable:        5552 kB
Mlocked:            5552 kB
SwapTotal:       3145724 kB
SwapFree:        3145724 kB
Dirty:               888 kB
Writeback:             0 kB
AnonPages:       1243880 kB
Mapped:           857400 kB
Shmem:             27828 kB
KReclaimable:     704236 kB
Slab:             224132 kB
SReclaimable:      80032 kB
SUnreclaim:       144100 kB
KernelStack:       46272 kB
PageTables:        62800 kB
NFS_Unstable:          0 kB
Bounce:                0 kB
WritebackTmp:          0 kB
CommitLimit:     9202288 kB
Committed_AS:   66063304 kB
VmallocTotal:   263061440 kB
VmallocUsed:      103244 kB
VmallocChunk:          0 kB
Percpu:             7648 kB
CmaTotal:         294912 kB
CmaFree:               0 kB
MemTotal:       12113132 kB
MemFree:         6393636 kB
MemAvailable:    8114720 kB
Buffers:            6428 kB
Cached:          1911452 kB
SwapCached:            0 kB
Active:          1491396 kB
Inactive:        1665368 kB
Active(anon):    1245332 kB
Inactive(anon):    25880 kB
Active(file):     246064 kB
Inactive(file):  1639488 kB
Unevictable:        5552 kB
Mlocked:            5552 kB
SwapTotal:       3145724 kB
SwapFree:        3145724 kB
Dirty:               916 kB
Writeback:             0 kB
AnonPages:       1244344 kB
Mapped:           857400 kB
Shmem:             27828 kB
KReclaimable:     704236 kB
Slab:             224132 kB
SReclaimable:      80032 kB
SUnreclaim:       144100 kB
KernelStack:       46272 kB
PageTables:        62792 kB
NFS_Unstable:          0 kB
Bounce:                0 kB
WritebackTmp:          0 kB
CommitLimit:     9202288 kB
Committed_AS:   66063260 kB
VmallocTotal:   263061440 kB
VmallocUsed:      103260 kB
VmallocChunk:          0 kB
Percpu:             7648 kB
CmaTotal:         294912 kB
CmaFree:               0 kB
MemTotal:       12113132 kB
MemFree:         6385740 kB
MemAvailable:    8106832 kB
Buffers:            6428 kB
Cached:          1911460 kB
SwapCached:            0 kB
Active:          1500736 kB
Inactive:        1665376 kB
Active(anon):    1254672 kB
Inactive(anon):    25880 kB
Active(file):     246064 kB
Inactive(file):  1639496 kB
Unevictable:        5552 kB
Mlocked:            5552 kB
SwapTotal:       3145724 kB
SwapFree:        3145724 kB
Dirty:               420 kB
Writeback:             0 kB
AnonPages:       1253856 kB
Mapped:           857400 kB
Shmem:             27828 kB
KReclaimable:     704236 kB
Slab:             224132 kB
SReclaimable:      80032 kB
SUnreclaim:       144100 kB
KernelStack:       46288 kB
PageTables:        62740 kB
NFS_Unstable:          0 kB
Bounce:                0 kB
WritebackTmp:          0 kB
CommitLimit:     9202288 kB
Committed_AS:   66050528 kB
VmallocTotal:   263061440 kB
VmallocUsed:      103244 kB
VmallocChunk:          0 kB
Percpu:             7648 kB
CmaTotal:         294912 kB
CmaFree:               0 kB
MemTotal:       12113132 kB
MemFree:         6394524 kB
MemAvailable:    8115628 kB
Buffers:            6428 kB
Cached:          1911472 kB
SwapCached:            0 kB
Active:          1492780 kB
Inactive:        1665388 kB
Active(anon):    1246716 kB
Inactive(anon):    25880 kB
Active(file):     246064 kB
Inactive(file):  1639508 kB
Unevictable:        5552 kB
Mlocked:            5552 kB
SwapTotal:       3145724 kB
SwapFree:        3145724 kB
Dirty:               476 kB
Writeback:             0 kB
AnonPages:       1245444 kB
Mapped:           857400 kB
Shmem:             27828 kB
KReclaimable:     704236 kB
Slab:             224124 kB
SReclaimable:      80032 kB
SUnreclaim:       144092 kB
KernelStack:       46240 kB
PageTables:        62796 kB
NFS_Unstable:          0 kB
Bounce:                0 kB
WritebackTmp:          0 kB
CommitLimit:     9202288 kB
Committed_AS:   66057056 kB
VmallocTotal:   263061440 kB
VmallocUsed:      103292 kB
VmallocChunk:          0 kB
Percpu:             7648 kB
CmaTotal:         294912 kB
CmaFree:               0 kB
MemTotal:       12113132 kB
MemFree:         6392500 kB
MemAvailable:    8113604 kB
Buffers:            6428 kB
Cached:          1911472 kB
SwapCached:            0 kB
Active:          1493252 kB
Inactive:        1665392 kB
Active(anon):    1247192 kB
Inactive(anon):    25880 kB
Active(file):     246060 kB
Inactive(file):  1639512 kB
Unevictable:        5552 kB
Mlocked:            5552 kB
SwapTotal:       3145724 kB
SwapFree:        3145724 kB
Dirty:               512 kB
Writeback:             0 kB
AnonPages:       1246072 kB
Mapped:           857400 kB
Shmem:             27828 kB
KReclaimable:     704236 kB
Slab:             224132 kB
SReclaimable:      80032 kB
SUnreclaim:       144100 kB
KernelStack:       46240 kB
PageTables:        62800 kB
NFS_Unstable:          0 kB
Bounce:                0 kB
WritebackTmp:          0 kB
CommitLimit:     9202288 kB
Committed_AS:   66053280 kB
VmallocTotal:   263061440 kB
VmallocUsed:      103276 kB
VmallocChunk:          0 kB
Percpu:             7648 kB
CmaTotal:         294912 kB
CmaFree:               0 kB
MemTotal:       12113132 kB
MemFree:         6385176 kB
MemAvailable:    8106300 kB
Buffers:            6428 kB
Cached:          1911492 kB
SwapCached:            0 kB
Active:          1502500 kB
Inactive:        1665408 kB
Active(anon):    1256436 kB
Inactive(anon):    25880 kB
Active(file):     246064 kB
Inactive(file):  1639528 kB
Unevictable:        5552 kB
Mlocked:            5552 kB
SwapTotal:       3145724 kB
SwapFree:        3145724 kB
Dirty:               532 kB
Writeback:             0 kB
AnonPages:       1255440 kB
Mapped:           857400 kB
Shmem:             27828 kB
KReclaimable:     704236 kB
Slab:             224132 kB
SReclaimable:      80032 kB
SUnreclaim:       144100 kB
KernelStack:       46240 kB
PageTables:        62796 kB
NFS_Unstable:          0 kB
Bounce:                0 kB
WritebackTmp:          0 kB
CommitLimit:     9202288 kB
Committed_AS:   66058968 kB
VmallocTotal:   263061440 kB
VmallocUsed:      103244 kB
VmallocChunk:          0 kB
Percpu:             7648 kB
CmaTotal:         294912 kB
CmaFree:               0 kB
MemTotal:       12113132 kB
MemFree:         6391520 kB
MemAvailable:    8112656 kB
Buffers:            6428 kB
Cached:          1911504 kB
SwapCached:            0 kB
Active:          1494760 kB
Inactive:        1665420 kB
Active(anon):    1248696 kB
Inactive(anon):    25880 kB
Active(file):     246064 kB
Inactive(file):  1639540 kB
Unevictable:        5552 kB
Mlocked:            5552 kB
SwapTotal:       3145724 kB
SwapFree:        3145724 kB
Dirty:               548 kB
Writeback:             0 kB
AnonPages:       1247644 kB
Mapped:           857400 kB
Shmem:             27828 kB
KReclaimable:     704236 kB
Slab:             224124 kB
SReclaimable:      80032 kB
SUnreclaim:       144092 kB
KernelStack:       46240 kB
PageTables:        62796 kB
NFS_Unstable:          0 kB
Bounce:                0 kB
WritebackTmp:          0 kB
CommitLimit:     9202288 kB
Committed_AS:   66058528 kB
VmallocTotal:   263061440 kB
VmallocUsed:      103244 kB
VmallocChunk:          0 kB
Percpu:             7648 kB
CmaTotal:         294912 kB
CmaFree:               0 kB
MemTotal:       12113132 kB
MemFree:         6390460 kB
MemAvailable:    8111608 kB
Buffers:            6428 kB
Cached:          1911516 kB
SwapCached:            0 kB
Active:          1495524 kB
Inactive:        1665432 kB
Active(anon):    1249460 kB
Inactive(anon):    25880 kB
Active(file):     246064 kB
Inactive(file):  1639552 kB
Unevictable:        5552 kB
Mlocked:            5552 kB
SwapTotal:       3145724 kB
SwapFree:        3145724 kB
Dirty:               588 kB
Writeback:             0 kB
AnonPages:       1248704 kB
Mapped:           857400 kB
Shmem:             27828 kB
KReclaimable:     704236 kB
Slab:             224140 kB
SReclaimable:      80032 kB
SUnreclaim:       144108 kB
KernelStack:       46224 kB
PageTables:        62784 kB
NFS_Unstable:          0 kB
Bounce:                0 kB
WritebackTmp:          0 kB
CommitLimit:     9202288 kB
Committed_AS:   66058400 kB
VmallocTotal:   263061440 kB
VmallocUsed:      103244 kB
VmallocChunk:          0 kB
Percpu:             7648 kB
CmaTotal:         294912 kB
CmaFree:               0 kB
MemTotal:       12113132 kB
MemFree:         6383956 kB
MemAvailable:    8105120 kB
Buffers:            6428 kB
Cached:          1911532 kB
SwapCached:            0 kB
Active:          1503616 kB
Inactive:        1665448 kB
Active(anon):    1257552 kB
Inactive(anon):    25880 kB
Active(file):     246064 kB
Inactive(file):  1639568 kB
Unevictable:        5552 kB
Mlocked:            5552 kB
SwapTotal:       3145724 kB
SwapFree:        3145724 kB
Dirty:               620 kB
Writeback:             0 kB
AnonPages:       1256520 kB
Mapped:           857400 kB
Shmem:             27828 kB
KReclaimable:     704236 kB
Slab:             224132 kB
SReclaimable:      80032 kB
SUnreclaim:       144100 kB
KernelStack:       46272 kB
PageTables:        62912 kB
NFS_Unstable:          0 kB
Bounce:                0 kB
WritebackTmp:          0 kB
CommitLimit:     9202288 kB
Committed_AS:   66057812 kB
VmallocTotal:   263061440 kB
VmallocUsed:      103276 kB
VmallocChunk:          0 kB
Percpu:             7648 kB
CmaTotal:         294912 kB
CmaFree:               0 kB
MemTotal:       12113132 kB
MemFree:         6389140 kB
MemAvailable:    8110316 kB
Buffers:            6428 kB
Cached:          1911544 kB
SwapCached:            0 kB
Active:          1496868 kB
Inactive:        1665460 kB
Active(anon):    1250804 kB
Inactive(anon):    25880 kB
Active(file):     246064 kB
Inactive(file):  1639580 kB
Unevictable:        5552 kB
Mlocked:            5552 kB
SwapTotal:       3145724 kB
SwapFree:        3145724 kB
Dirty:               652 kB
Writeback:             0 kB
AnonPages:       1249980 kB
Mapped:           857400 kB
Shmem:             27828 kB
KReclaimable:     704236 kB
Slab:             224124 kB
SReclaimable:      80032 kB
SUnreclaim:       144092 kB
KernelStack:       46272 kB
PageTables:        62788 kB
NFS_Unstable:          0 kB
Bounce:                0 kB
WritebackTmp:          0 kB
CommitLimit:     9202288 kB
Committed_AS:   66057084 kB
VmallocTotal:   263061440 kB
VmallocUsed:      103276 kB
VmallocChunk:          0 kB
Percpu:             7648 kB
CmaTotal:         294912 kB
CmaFree:               0 kB
MemTotal:       12113132 kB
MemFree:         6392020 kB
MemAvailable:    8113204 kB
Buffers:            6428 kB
Cached:          1911552 kB
SwapCached:            0 kB
Active:          1492796 kB
Inactive:        1665468 kB
Active(anon):    1246732 kB
Inactive(anon):    25880 kB
Active(file):     246064 kB
Inactive(file):  1639588 kB
Unevictable:        5552 kB
Mlocked:            5552 kB
SwapTotal:       3145724 kB
SwapFree:        3145724 kB
Dirty:               724 kB
Writeback:             0 kB
AnonPages:       1245828 kB
Mapped:           857400 kB
Shmem:             27828 kB
KReclaimable:     704236 kB
Slab:             224140 kB
SReclaimable:      80032 kB
SUnreclaim:       144108 kB
KernelStack:       46272 kB
PageTables:        62784 kB
NFS_Unstable:          0 kB
Bounce:                0 kB
WritebackTmp:          0 kB
CommitLimit:     9202288 kB
Committed_AS:   66056996 kB
VmallocTotal:   263061440 kB
VmallocUsed:      103260 kB
VmallocChunk:          0 kB
Percpu:             7648 kB
CmaTotal:         294912 kB
CmaFree:               0 kB
MemTotal:       12113132 kB
MemFree:         6407868 kB
MemAvailable:    8129068 kB
Buffers:            6428 kB
Cached:          1911568 kB
SwapCached:            0 kB
Active:          1481088 kB
Inactive:        1665484 kB
Active(anon):    1235024 kB
Inactive(anon):    25880 kB
Active(file):     246064 kB
Inactive(file):  1639604 kB
Unevictable:        5552 kB
Mlocked:            5552 kB
SwapTotal:       3145724 kB
SwapFree:        3145724 kB
Dirty:               740 kB
Writeback:             0 kB
AnonPages:       1234604 kB
Mapped:           857400 kB
Shmem:             27828 kB
KReclaimable:     704236 kB
Slab:             224140 kB
SReclaimable:      80032 kB
SUnreclaim:       144108 kB
KernelStack:       46272 kB
PageTables:        62784 kB
NFS_Unstable:          0 kB
Bounce:                0 kB
WritebackTmp:          0 kB
CommitLimit:     9202288 kB
Committed_AS:   66059720 kB
VmallocTotal:   263061440 kB
VmallocUsed:      103244 kB
VmallocChunk:          0 kB
Percpu:             7648 kB
CmaTotal:         294912 kB
CmaFree:               0 kB
MemTotal:       12113132 kB
MemFree:         6395172 kB
MemAvailable:    8116376 kB
Buffers:            6428 kB
Cached:          1911572 kB
SwapCached:            0 kB
Active:          1489996 kB
Inactive:        1665488 kB
Active(anon):    1243932 kB
Inactive(anon):    25880 kB
Active(file):     246064 kB
Inactive(file):  1639608 kB
Unevictable:        5552 kB
Mlocked:            5552 kB
SwapTotal:       3145724 kB
SwapFree:        3145724 kB
Dirty:               416 kB
Writeback:             0 kB
AnonPages:       1243064 kB
Mapped:           857400 kB
Shmem:             27828 kB
KReclaimable:     704236 kB
Slab:             224132 kB
SReclaimable:      80032 kB
SUnreclaim:       144100 kB
KernelStack:       46272 kB
PageTables:        62784 kB
NFS_Unstable:          0 kB
Bounce:                0 kB
WritebackTmp:          0 kB
CommitLimit:     9202288 kB
Committed_AS:   66055872 kB
VmallocTotal:   263061440 kB
VmallocUsed:      103260 kB
VmallocChunk:          0 kB
Percpu:             7648 kB
CmaTotal:         294912 kB
CmaFree:               0 kB
MemTotal:       12113132 kB
MemFree:         6411032 kB
MemAvailable:    8132268 kB
Buffers:            6432 kB
Cached:          1911600 kB
SwapCached:            0 kB
Active:          1472672 kB
Inactive:        1665516 kB
Active(anon):    1226604 kB
Inactive(anon):    25880 kB
Active(file):     246068 kB
Inactive(file):  1639636 kB
Unevictable:        5552 kB
Mlocked:            5552 kB
SwapTotal:       3145724 kB
SwapFree:        3145724 kB
Dirty:               500 kB
Writeback:             0 kB
AnonPages:       1225680 kB
Mapped:           857400 kB
Shmem:             27828 kB
KReclaimable:     704236 kB
Slab:             224140 kB
SReclaimable:      80032 kB
SUnreclaim:       144108 kB
KernelStack:       46240 kB
PageTables:        62780 kB
NFS_Unstable:          0 kB
Bounce:                0 kB
WritebackTmp:          0 kB
CommitLimit:     9202288 kB
Committed_AS:   66055548 kB
VmallocTotal:   263061440 kB
VmallocUsed:      103244 kB
VmallocChunk:          0 kB
Percpu:             7648 kB
CmaTotal:         294912 kB
CmaFree:               0 kB
MemTotal:       12113132 kB
MemFree:         6404868 kB
MemAvailable:    8126128 kB
Buffers:            6432 kB
Cached:          1911624 kB
SwapCached:            0 kB
Active:          1481328 kB
Inactive:        1665536 kB
Active(anon):    1235256 kB
Inactive(anon):    25880 kB
Active(file):     246072 kB
Inactive(file):  1639656 kB
Unevictable:        5552 kB
Mlocked:            5552 kB
SwapTotal:       3145724 kB
SwapFree:        3145724 kB
Dirty:               536 kB
Writeback:             0 kB
AnonPages:       1234964 kB
Mapped:           857400 kB
Shmem:             27828 kB
KReclaimable:     704236 kB
Slab:             224136 kB
SReclaimable:      80032 kB
SUnreclaim:       144104 kB
KernelStack:       46240 kB
PageTables:        62792 kB
NFS_Unstable:          0 kB
Bounce:                0 kB
WritebackTmp:          0 kB
CommitLimit:     9202288 kB
Committed_AS:   66055680 kB
VmallocTotal:   263061440 kB
VmallocUsed:      103244 kB
VmallocChunk:          0 kB
Percpu:             7648 kB
CmaTotal:         294912 kB
CmaFree:               0 kB
MemTotal:       12113132 kB
MemFree:         6392960 kB
MemAvailable:    8114232 kB
Buffers:            6432 kB
Cached:          1911636 kB
SwapCached:            0 kB
Active:          1492048 kB
Inactive:        1665548 kB
Active(anon):    1245976 kB
Inactive(anon):    25880 kB
Active(file):     246072 kB
Inactive(file):  1639668 kB
Unevictable:        5552 kB
Mlocked:            5552 kB
SwapTotal:       3145724 kB
SwapFree:        3145724 kB
Dirty:               548 kB
Writeback:             0 kB
AnonPages:       1244928 kB
Mapped:           857400 kB
Shmem:             27828 kB
KReclaimable:     704236 kB
Slab:             224136 kB
SReclaimable:      80032 kB
SUnreclaim:       144104 kB
KernelStack:       46256 kB
PageTables:        62740 kB
NFS_Unstable:          0 kB
Bounce:                0 kB
WritebackTmp:          0 kB
CommitLimit:     9202288 kB
Committed_AS:   66058856 kB
VmallocTotal:   263061440 kB
VmallocUsed:      103228 kB
VmallocChunk:          0 kB
Percpu:             7648 kB
CmaTotal:         294912 kB
CmaFree:               0 kB
MemTotal:       12113132 kB
MemFree:         6392864 kB
MemAvailable:    8114148 kB
Buffers:            6432 kB
Cached:          1911648 kB
SwapCached:            0 kB
Active:          1492620 kB
Inactive:        1665560 kB
Active(anon):    1246548 kB
Inactive(anon):    25880 kB
Active(file):     246072 kB
Inactive(file):  1639680 kB
Unevictable:        5552 kB
Mlocked:            5552 kB
SwapTotal:       3145724 kB
SwapFree:        3145724 kB
Dirty:               564 kB
Writeback:             0 kB
AnonPages:       1245728 kB
Mapped:           857400 kB
Shmem:             27828 kB
KReclaimable:     704236 kB
Slab:             224128 kB
SReclaimable:      80032 kB
SUnreclaim:       144096 kB
KernelStack:       46224 kB
PageTables:        62788 kB
NFS_Unstable:          0 kB
Bounce:                0 kB
WritebackTmp:          0 kB
CommitLimit:     9202288 kB
Committed_AS:   66059520 kB
VmallocTotal:   263061440 kB
VmallocUsed:      103212 kB
VmallocChunk:          0 kB
Percpu:             7648 kB
CmaTotal:         294912 kB
CmaFree:               0 kB
MemTotal:       12113132 kB
MemFree:         6385948 kB
MemAvailable:    8107248 kB
Buffers:            6432 kB
Cached:          1911664 kB
SwapCached:            0 kB
Active:          1502120 kB
Inactive:        1665576 kB
Active(anon):    1256048 kB
Inactive(anon):    25880 kB
Active(file):     246072 kB
Inactive(file):  1639696 kB
Unevictable:        5552 kB
Mlocked:            5552 kB
SwapTotal:       3145724 kB
SwapFree:        3145724 kB
Dirty:               456 kB
Writeback:             0 kB
AnonPages:       1255504 kB
Mapped:           857400 kB
Shmem:             27828 kB
KReclaimable:     704236 kB
Slab:             224136 kB
SReclaimable:      80032 kB
SUnreclaim:       144104 kB
KernelStack:       46208 kB
PageTables:        62776 kB
NFS_Unstable:          0 kB
Bounce:                0 kB
WritebackTmp:          0 kB
CommitLimit:     9202288 kB
Committed_AS:   66060156 kB
VmallocTotal:   263061440 kB
VmallocUsed:      103212 kB
VmallocChunk:          0 kB
Percpu:             7648 kB
CmaTotal:         294912 kB
CmaFree:              76 kB
MemTotal:       12113132 kB
MemFree:         6392352 kB
MemAvailable:    8113668 kB
Buffers:            6432 kB
Cached:          1911680 kB
SwapCached:            0 kB
Active:          1492872 kB
Inactive:        1665592 kB
Active(anon):    1246800 kB
Inactive(anon):    25880 kB
Active(file):     246072 kB
Inactive(file):  1639712 kB
Unevictable:        5552 kB
Mlocked:            5552 kB
SwapTotal:       3145724 kB
SwapFree:        3145724 kB
Dirty:               536 kB
Writeback:             0 kB
AnonPages:       1245636 kB
Mapped:           857400 kB
Shmem:             27828 kB
KReclaimable:     704236 kB
Slab:             224128 kB
SReclaimable:      80032 kB
SUnreclaim:       144096 kB
KernelStack:       46208 kB
PageTables:        62784 kB
NFS_Unstable:          0 kB
Bounce:                0 kB
WritebackTmp:          0 kB
CommitLimit:     9202288 kB
Committed_AS:   66059988 kB
VmallocTotal:   263061440 kB
VmallocUsed:      103212 kB
VmallocChunk:          0 kB
Percpu:             7648 kB
CmaTotal:         294912 kB
CmaFree:               0 kB
MemTotal:       12113132 kB
MemFree:         6393068 kB
MemAvailable:    8114392 kB
Buffers:            6432 kB
Cached:          1911688 kB
SwapCached:            0 kB
Active:          1492700 kB
Inactive:        1665600 kB
Active(anon):    1246628 kB
Inactive(anon):    25880 kB
Active(file):     246072 kB
Inactive(file):  1639720 kB
Unevictable:        5552 kB
Mlocked:            5552 kB
SwapTotal:       3145724 kB
SwapFree:        3145724 kB
Dirty:               548 kB
Writeback:             0 kB
AnonPages:       1245420 kB
Mapped:           857400 kB
Shmem:             27828 kB
KReclaimable:     704236 kB
Slab:             224128 kB
SReclaimable:      80032 kB
SUnreclaim:       144096 kB
KernelStack:       46208 kB
PageTables:        62780 kB
NFS_Unstable:          0 kB
Bounce:                0 kB
WritebackTmp:          0 kB
CommitLimit:     9202288 kB
Committed_AS:   66055228 kB
VmallocTotal:   263061440 kB
VmallocUsed:      103180 kB
VmallocChunk:          0 kB
Percpu:             7648 kB
CmaTotal:         294912 kB
CmaFree:               0 kB
MemTotal:       12113132 kB
MemFree:         6384656 kB
MemAvailable:    8105988 kB
Buffers:            6432 kB
Cached:          1911696 kB
SwapCached:            0 kB
Active:          1500964 kB
Inactive:        1665608 kB
Active(anon):    1254892 kB
Inactive(anon):    25880 kB
Active(file):     246072 kB
Inactive(file):  1639728 kB
Unevictable:        5552 kB
Mlocked:            5552 kB
SwapTotal:       3145724 kB
SwapFree:        3145724 kB
Dirty:               584 kB
Writeback:             0 kB
AnonPages:       1253696 kB
Mapped:           857400 kB
Shmem:             27828 kB
KReclaimable:     704236 kB
Slab:             224128 kB
SReclaimable:      80032 kB
SUnreclaim:       144096 kB
KernelStack:       46224 kB
PageTables:        62920 kB
NFS_Unstable:          0 kB
Bounce:                0 kB
WritebackTmp:          0 kB
CommitLimit:     9202288 kB
Committed_AS:   66046028 kB
VmallocTotal:   263061440 kB
VmallocUsed:      103196 kB
VmallocChunk:          0 kB
Percpu:             7648 kB
CmaTotal:         294912 kB
CmaFree:               0 kB
MemTotal:       12113132 kB
MemFree:         6402496 kB
MemAvailable:    8123864 kB
Buffers:            6432 kB
Cached:          1911732 kB
SwapCached:            0 kB
Active:          1481284 kB
Inactive:        1665636 kB
Active(anon):    1235204 kB
Inactive(anon):    25880 kB
Active(file):     246080 kB
Inactive(file):  1639756 kB
Unevictable:        5552 kB
Mlocked:            5552 kB
SwapTotal:       3145724 kB
SwapFree:        3145724 kB
Dirty:               624 kB
Writeback:             0 kB
AnonPages:       1234076 kB
Mapped:           857400 kB
Shmem:             27828 kB
KReclaimable:     704236 kB
Slab:             224136 kB
SReclaimable:      80032 kB
SUnreclaim:       144104 kB
KernelStack:       46224 kB
PageTables:        62780 kB
NFS_Unstable:          0 kB
Bounce:                0 kB
WritebackTmp:          0 kB
CommitLimit:     9202288 kB
Committed_AS:   66050212 kB
VmallocTotal:   263061440 kB
VmallocUsed:      103164 kB
VmallocChunk:          0 kB
Percpu:             7648 kB
CmaTotal:         294912 kB
CmaFree:             180 kB
MemTotal:       12113132 kB
MemFree:         6403220 kB
MemAvailable:    8124580 kB
Buffers:            6432 kB
Cached:          1911724 kB
SwapCached:            0 kB
Active:          1481252 kB
Inactive:        1665636 kB
Active(anon):    1235180 kB
Inactive(anon):    25880 kB
Active(file):     246072 kB
Inactive(file):  1639756 kB
Unevictable:        5552 kB
Mlocked:            5552 kB
SwapTotal:       3145724 kB
SwapFree:        3145724 kB
Dirty:               652 kB
Writeback:             0 kB
AnonPages:       1234540 kB
Mapped:           857400 kB
Shmem:             27828 kB
KReclaimable:     704236 kB
Slab:             224128 kB
SReclaimable:      80032 kB
SUnreclaim:       144096 kB
KernelStack:       46064 kB
PageTables:        62784 kB
NFS_Unstable:          0 kB
Bounce:                0 kB
WritebackTmp:          0 kB
CommitLimit:     9202288 kB
Committed_AS:   66054476 kB
VmallocTotal:   263061440 kB
VmallocUsed:      103116 kB
VmallocChunk:          0 kB
Percpu:             7648 kB
CmaTotal:         294912 kB
CmaFree:               0 kB
MemTotal:       12113132 kB
MemFree:         6396152 kB
MemAvailable:    8117524 kB
Buffers:            6432 kB
Cached:          1911736 kB
SwapCached:            0 kB
Active:          1490068 kB
Inactive:        1665648 kB
Active(anon):    1243996 kB
Inactive(anon):    25880 kB
Active(file):     246072 kB
Inactive(file):  1639768 kB
Unevictable:        5552 kB
Mlocked:            5552 kB
SwapTotal:       3145724 kB
SwapFree:        3145724 kB
Dirty:               664 kB
Writeback:             0 kB
AnonPages:       1241632 kB
Mapped:           857400 kB
Shmem:             27828 kB
KReclaimable:     704236 kB
Slab:             224136 kB
SReclaimable:      80032 kB
SUnreclaim:       144104 kB
KernelStack:       46064 kB
PageTables:        62788 kB
NFS_Unstable:          0 kB
Bounce:                0 kB
WritebackTmp:          0 kB
CommitLimit:     9202288 kB
Committed_AS:   66054212 kB
VmallocTotal:   263061440 kB
VmallocUsed:      103084 kB
VmallocChunk:          0 kB
Percpu:             7648 kB
CmaTotal:         294912 kB
CmaFree:               0 kB
MemTotal:       12113132 kB
MemFree:         6403048 kB
MemAvailable:    8124432 kB
Buffers:            6432 kB
Cached:          1911748 kB
SwapCached:            0 kB
Active:          1482480 kB
Inactive:        1665660 kB
Active(anon):    1236408 kB
Inactive(anon):    25880 kB
Active(file):     246072 kB
Inactive(file):  1639780 kB
Unevictable:        5552 kB
Mlocked:            5552 kB
SwapTotal:       3145724 kB
SwapFree:        3145724 kB
Dirty:               680 kB
Writeback:             0 kB
AnonPages:       1235688 kB
Mapped:           857400 kB
Shmem:             27828 kB
KReclaimable:     704236 kB
Slab:             224136 kB
SReclaimable:      80032 kB
SUnreclaim:       144104 kB
KernelStack:       46064 kB
PageTables:        62788 kB
NFS_Unstable:          0 kB
Bounce:                0 kB
WritebackTmp:          0 kB
CommitLimit:     9202288 kB
Committed_AS:   66053764 kB
VmallocTotal:   263061440 kB
VmallocUsed:      103068 kB
VmallocChunk:          0 kB
Percpu:             7648 kB
CmaTotal:         294912 kB
CmaFree:              36 kB
MemTotal:       12113132 kB
MemFree:         6402208 kB
MemAvailable:    8123596 kB
Buffers:            6432 kB
Cached:          1911752 kB
SwapCached:            0 kB
Active:          1483552 kB
Inactive:        1665664 kB
Active(anon):    1237480 kB
Inactive(anon):    25880 kB
Active(file):     246072 kB
Inactive(file):  1639784 kB
Unevictable:        5552 kB
Mlocked:            5552 kB
SwapTotal:       3145724 kB
SwapFree:        3145724 kB
Dirty:               696 kB
Writeback:             0 kB
AnonPages:       1236820 kB
Mapped:           857400 kB
Shmem:             27828 kB
KReclaimable:     704236 kB
Slab:             224120 kB
SReclaimable:      80032 kB
SUnreclaim:       144088 kB
KernelStack:       46064 kB
PageTables:        62776 kB
NFS_Unstable:          0 kB
Bounce:                0 kB
WritebackTmp:          0 kB
CommitLimit:     9202288 kB
Committed_AS:   66048244 kB
VmallocTotal:   263061440 kB
VmallocUsed:      103068 kB
VmallocChunk:          0 kB
Percpu:             7648 kB
CmaTotal:         294912 kB
CmaFree:               0 kB
MemTotal:       12113132 kB
MemFree:         6394672 kB
MemAvailable:    8116080 kB
Buffers:            6432 kB
Cached:          1911772 kB
SwapCached:            0 kB
Active:          1493484 kB
Inactive:        1665684 kB
Active(anon):    1247412 kB
Inactive(anon):    25880 kB
Active(file):     246072 kB
Inactive(file):  1639804 kB
Unevictable:        5552 kB
Mlocked:            5552 kB
SwapTotal:       3145724 kB
SwapFree:        3145724 kB
Dirty:               720 kB
Writeback:             0 kB
AnonPages:       1246532 kB
Mapped:           857400 kB
Shmem:             27828 kB
KReclaimable:     704236 kB
Slab:             224136 kB
SReclaimable:      80032 kB
SUnreclaim:       144104 kB
KernelStack:       46064 kB
PageTables:        62788 kB
NFS_Unstable:          0 kB
Bounce:                0 kB
WritebackTmp:          0 kB
CommitLimit:     9202288 kB
Committed_AS:   66048400 kB
VmallocTotal:   263061440 kB
VmallocUsed:      103068 kB
VmallocChunk:          0 kB
Percpu:             7648 kB
CmaTotal:         294912 kB
CmaFree:               0 kB
MemTotal:       12113132 kB
MemFree:         6400972 kB
MemAvailable:    8122408 kB
Buffers:            6436 kB
Cached:          1911796 kB
SwapCached:            0 kB
Active:          1485424 kB
Inactive:        1665712 kB
Active(anon):    1239352 kB
Inactive(anon):    25880 kB
Active(file):     246072 kB
Inactive(file):  1639832 kB
Unevictable:        5552 kB
Mlocked:            5552 kB
SwapTotal:       3145724 kB
SwapFree:        3145724 kB
Dirty:               452 kB
Writeback:             0 kB
AnonPages:       1238424 kB
Mapped:           857400 kB
Shmem:             27828 kB
KReclaimable:     704236 kB
Slab:             224128 kB
SReclaimable:      80032 kB
SUnreclaim:       144096 kB
KernelStack:       46064 kB
PageTables:        62772 kB
NFS_Unstable:          0 kB
Bounce:                0 kB
WritebackTmp:          0 kB
CommitLimit:     9202288 kB
Committed_AS:   66066260 kB
VmallocTotal:   263061440 kB
VmallocUsed:      103068 kB
VmallocChunk:          0 kB
Percpu:             7648 kB
CmaTotal:         294912 kB
CmaFree:               0 kB
MemTotal:       12113132 kB
MemFree:         6398944 kB
MemAvailable:    8120400 kB
Buffers:            6436 kB
Cached:          1911816 kB
SwapCached:            0 kB
Active:          1485484 kB
Inactive:        1665728 kB
Active(anon):    1239408 kB
Inactive(anon):    25880 kB
Active(file):     246076 kB
Inactive(file):  1639848 kB
Unevictable:        5552 kB
Mlocked:            5552 kB
SwapTotal:       3145724 kB
SwapFree:        3145724 kB
Dirty:               580 kB
Writeback:             0 kB
AnonPages:       1238564 kB
Mapped:           857400 kB
Shmem:             27828 kB
KReclaimable:     704236 kB
Slab:             224124 kB
SReclaimable:      80032 kB
SUnreclaim:       144092 kB
KernelStack:       46048 kB
PageTables:        62728 kB
NFS_Unstable:          0 kB
Bounce:                0 kB
WritebackTmp:          0 kB
CommitLimit:     9202288 kB
Committed_AS:   66062472 kB
VmallocTotal:   263061440 kB
VmallocUsed:      103036 kB
VmallocChunk:          0 kB
Percpu:             7648 kB
CmaTotal:         294912 kB
CmaFree:               0 kB
MemTotal:       12113132 kB
MemFree:         6392752 kB
MemAvailable:    8114220 kB
Buffers:            6436 kB
Cached:          1911828 kB
SwapCached:            0 kB
Active:          1494420 kB
Inactive:        1665740 kB
Active(anon):    1248344 kB
Inactive(anon):    25880 kB
Active(file):     246076 kB
Inactive(file):  1639860 kB
Unevictable:        5552 kB
Mlocked:            5552 kB
SwapTotal:       3145724 kB
SwapFree:        3145724 kB
Dirty:               624 kB
Writeback:             0 kB
AnonPages:       1247616 kB
Mapped:           857400 kB
Shmem:             27828 kB
KReclaimable:     704236 kB
Slab:             224116 kB
SReclaimable:      80032 kB
SUnreclaim:       144084 kB
KernelStack:       46112 kB
PageTables:        62880 kB
NFS_Unstable:          0 kB
Bounce:                0 kB
WritebackTmp:          0 kB
CommitLimit:     9202288 kB
Committed_AS:   66057772 kB
VmallocTotal:   263061440 kB
VmallocUsed:      103020 kB
VmallocChunk:          0 kB
Percpu:             7648 kB
CmaTotal:         294912 kB
CmaFree:               0 kB
MemTotal:       12113132 kB
MemFree:         6397624 kB
MemAvailable:    8119108 kB
Buffers:            6436 kB
Cached:          1911844 kB
SwapCached:            0 kB
Active:          1486888 kB
Inactive:        1665756 kB
Active(anon):    1240812 kB
Inactive(anon):    25880 kB
Active(file):     246076 kB
Inactive(file):  1639876 kB
Unevictable:        5552 kB
Mlocked:            5552 kB
SwapTotal:       3145724 kB
SwapFree:        3145724 kB
Dirty:               640 kB
Writeback:             0 kB
AnonPages:       1239936 kB
Mapped:           857400 kB
Shmem:             27828 kB
KReclaimable:     704236 kB
Slab:             224124 kB
SReclaimable:      80032 kB
SUnreclaim:       144092 kB
KernelStack:       46064 kB
PageTables:        62780 kB
NFS_Unstable:          0 kB
Bounce:                0 kB
WritebackTmp:          0 kB
CommitLimit:     9202288 kB
Committed_AS:   66058988 kB
VmallocTotal:   263061440 kB
VmallocUsed:      103052 kB
VmallocChunk:          0 kB
Percpu:             7648 kB
CmaTotal:         294912 kB
CmaFree:               0 kB
MemTotal:       12113132 kB
MemFree:         6397740 kB
MemAvailable:    8119228 kB
Buffers:            6436 kB
Cached:          1911848 kB
SwapCached:            0 kB
Active:          1487808 kB
Inactive:        1665760 kB
Active(anon):    1241732 kB
Inactive(anon):    25880 kB
Active(file):     246076 kB
Inactive(file):  1639880 kB
Unevictable:        5552 kB
Mlocked:            5552 kB
SwapTotal:       3145724 kB
SwapFree:        3145724 kB
Dirty:               644 kB
Writeback:             0 kB
AnonPages:       1240788 kB
Mapped:           857564 kB
Shmem:             27828 kB
KReclaimable:     704236 kB
Slab:             224124 kB
SReclaimable:      80032 kB
SUnreclaim:       144092 kB
KernelStack:       46064 kB
PageTables:        62780 kB
NFS_Unstable:          0 kB
Bounce:                0 kB
WritebackTmp:          0 kB
CommitLimit:     9202288 kB
Committed_AS:   66058512 kB
VmallocTotal:   263061440 kB
VmallocUsed:      103068 kB
VmallocChunk:          0 kB
Percpu:             7648 kB
CmaTotal:         294912 kB
CmaFree:               0 kB
MemTotal:       12113132 kB
MemFree:         6390208 kB
MemAvailable:    8111708 kB
Buffers:            6436 kB
Cached:          1911860 kB
SwapCached:            0 kB
Active:          1496580 kB
Inactive:        1665772 kB
Active(anon):    1250504 kB
Inactive(anon):    25880 kB
Active(file):     246076 kB
Inactive(file):  1639892 kB
Unevictable:        5552 kB
Mlocked:            5552 kB
SwapTotal:       3145724 kB
SwapFree:        3145724 kB
Dirty:               672 kB
Writeback:             0 kB
AnonPages:       1249876 kB
Mapped:           857564 kB
Shmem:             27828 kB
KReclaimable:     704236 kB
Slab:             224132 kB
SReclaimable:      80032 kB
SUnreclaim:       144100 kB
KernelStack:       46048 kB
PageTables:        62780 kB
NFS_Unstable:          0 kB
Bounce:                0 kB
WritebackTmp:          0 kB
CommitLimit:     9202288 kB
Committed_AS:   66058680 kB
VmallocTotal:   263061440 kB
VmallocUsed:      102988 kB
VmallocChunk:          0 kB
Percpu:             7648 kB
CmaTotal:         294912 kB
CmaFree:               0 kB
MemTotal:       12113132 kB
MemFree:         6395348 kB
MemAvailable:    8116864 kB
Buffers:            6436 kB
Cached:          1911876 kB
SwapCached:            0 kB
Active:          1489464 kB
Inactive:        1665788 kB
Active(anon):    1243388 kB
Inactive(anon):    25880 kB
Active(file):     246076 kB
Inactive(file):  1639908 kB
Unevictable:        5552 kB
Mlocked:            5552 kB
SwapTotal:       3145724 kB
SwapFree:        3145724 kB
Dirty:               700 kB
Writeback:             0 kB
AnonPages:       1241916 kB
Mapped:           857564 kB
Shmem:             27828 kB
KReclaimable:     704236 kB
Slab:             224132 kB
SReclaimable:      80032 kB
SUnreclaim:       144100 kB
KernelStack:       46048 kB
PageTables:        62772 kB
NFS_Unstable:          0 kB
Bounce:                0 kB
WritebackTmp:          0 kB
CommitLimit:     9202288 kB
Committed_AS:   66061736 kB
VmallocTotal:   263061440 kB
VmallocUsed:      103052 kB
VmallocChunk:          0 kB
Percpu:             7648 kB
CmaTotal:         294912 kB
CmaFree:               0 kB
MemTotal:       12113132 kB
MemFree:         6395036 kB
MemAvailable:    8116560 kB
Buffers:            6436 kB
Cached:          1911884 kB
SwapCached:            0 kB
Active:          1490160 kB
Inactive:        1665796 kB
Active(anon):    1244084 kB
Inactive(anon):    25880 kB
Active(file):     246076 kB
Inactive(file):  1639916 kB
Unevictable:        5552 kB
Mlocked:            5552 kB
SwapTotal:       3145724 kB
SwapFree:        3145724 kB
Dirty:               720 kB
Writeback:             0 kB
AnonPages:       1243292 kB
Mapped:           857564 kB
Shmem:             27828 kB
KReclaimable:     704236 kB
Slab:             224132 kB
SReclaimable:      80032 kB
SUnreclaim:       144100 kB
KernelStack:       46048 kB
PageTables:        62788 kB
NFS_Unstable:          0 kB
Bounce:                0 kB
WritebackTmp:          0 kB
CommitLimit:     9202288 kB
Committed_AS:   66057756 kB
VmallocTotal:   263061440 kB
VmallocUsed:      103084 kB
VmallocChunk:          0 kB
Percpu:             7648 kB
CmaTotal:         294912 kB
CmaFree:               0 kB
MemTotal:       12113132 kB
MemFree:         6387732 kB
MemAvailable:    8109268 kB
Buffers:            6436 kB
Cached:          1911896 kB
SwapCached:            0 kB
Active:          1497792 kB
Inactive:        1665808 kB
Active(anon):    1251716 kB
Inactive(anon):    25880 kB
Active(file):     246076 kB
Inactive(file):  1639928 kB
Unevictable:        5552 kB
Mlocked:            5552 kB
SwapTotal:       3145724 kB
SwapFree:        3145724 kB
Dirty:               732 kB
Writeback:             0 kB
AnonPages:       1250708 kB
Mapped:           857564 kB
Shmem:             27828 kB
KReclaimable:     704236 kB
Slab:             224132 kB
SReclaimable:      80032 kB
SUnreclaim:       144100 kB
KernelStack:       46048 kB
PageTables:        62764 kB
NFS_Unstable:          0 kB
Bounce:                0 kB
WritebackTmp:          0 kB
CommitLimit:     9202288 kB
Committed_AS:   66063028 kB
VmallocTotal:   263061440 kB
VmallocUsed:      103068 kB
VmallocChunk:          0 kB
Percpu:             7648 kB
CmaTotal:         294912 kB
CmaFree:               4 kB
MemTotal:       12113132 kB
MemFree:         6393616 kB
MemAvailable:    8115160 kB
Buffers:            6436 kB
Cached:          1911904 kB
SwapCached:            0 kB
Active:          1491428 kB
Inactive:        1665816 kB
Active(anon):    1245352 kB
Inactive(anon):    25880 kB
Active(file):     246076 kB
Inactive(file):  1639936 kB
Unevictable:        5552 kB
Mlocked:            5552 kB
SwapTotal:       3145724 kB
SwapFree:        3145724 kB
Dirty:               744 kB
Writeback:             0 kB
AnonPages:       1244244 kB
Mapped:           857564 kB
Shmem:             27828 kB
KReclaimable:     704236 kB
Slab:             224132 kB
SReclaimable:      80032 kB
SUnreclaim:       144100 kB
KernelStack:       46064 kB
PageTables:        62792 kB
NFS_Unstable:          0 kB
Bounce:                0 kB
WritebackTmp:          0 kB
CommitLimit:     9202288 kB
Committed_AS:   66051432 kB
VmallocTotal:   263061440 kB
VmallocUsed:      103084 kB
