MemTotal:       12113136 kB
MemFree:          457780 kB
MemAvailable:    7921916 kB
Buffers:            6840 kB
Cached:          7824252 kB
SwapCached:            0 kB
Active:          2103904 kB
Inactive:        6982624 kB
Active(anon):    1162520 kB
Inactive(anon):   131796 kB
Active(file):     941384 kB
Inactive(file):  6850828 kB
Unevictable:        5716 kB
Mlocked:            5716 kB
SwapTotal:       3145724 kB
SwapFree:        3145724 kB
Dirty:               324 kB
Writeback:             0 kB
AnonPages:       1261492 kB
Mapped:           780396 kB
Shmem:             34212 kB
KReclaimable:     540628 kB
Slab:             226200 kB
SReclaimable:      79204 kB
SUnreclaim:       146996 kB
KernelStack:       47216 kB
PageTables:        63564 kB
NFS_Unstable:          0 kB
Bounce:                0 kB
WritebackTmp:          0 kB
CommitLimit:     9202292 kB
Committed_AS:   67489872 kB
VmallocTotal:   263061440 kB
VmallocUsed:      104152 kB
VmallocChunk:          0 kB
Percpu:             7648 kB
CmaTotal:         294912 kB
CmaFree:               0 kB
MemTotal:       12113136 kB
MemFree:          458220 kB
MemAvailable:    7922452 kB
Buffers:            6840 kB
Cached:          7824316 kB
SwapCached:            0 kB
Active:          2103432 kB
Inactive:        6982660 kB
Active(anon):    1162020 kB
Inactive(anon):   131796 kB
Active(file):     941412 kB
Inactive(file):  6850864 kB
Unevictable:        5716 kB
Mlocked:            5716 kB
SwapTotal:       3145724 kB
SwapFree:        3145724 kB
Dirty:               396 kB
Writeback:             0 kB
AnonPages:       1260660 kB
Mapped:           780436 kB
Shmem:             34212 kB
KReclaimable:     540660 kB
Slab:             226224 kB
SReclaimable:      79236 kB
SUnreclaim:       146988 kB
KernelStack:       47280 kB
PageTables:        63780 kB
NFS_Unstable:          0 kB
Bounce:                0 kB
WritebackTmp:          0 kB
CommitLimit:     9202292 kB
Committed_AS:   67487212 kB
VmallocTotal:   263061440 kB
VmallocUsed:      104200 kB
VmallocChunk:          0 kB
Percpu:             7648 kB
CmaTotal:         294912 kB
CmaFree:             116 kB
MemTotal:       12113136 kB
MemFree:          458752 kB
MemAvailable:    7922992 kB
Buffers:            6840 kB
Cached:          7824324 kB
SwapCached:            0 kB
Active:          2103104 kB
Inactive:        6982668 kB
Active(anon):    1161692 kB
Inactive(anon):   131796 kB
Active(file):     941412 kB
Inactive(file):  6850872 kB
Unevictable:        5716 kB
Mlocked:            5716 kB
SwapTotal:       3145724 kB
SwapFree:        3145724 kB
Dirty:               436 kB
Writeback:             0 kB
AnonPages:       1260496 kB
Mapped:           780396 kB
Shmem:             34212 kB
KReclaimable:     540660 kB
Slab:             226224 kB
SReclaimable:      79236 kB
SUnreclaim:       146988 kB
KernelStack:       47200 kB
PageTables:        63712 kB
NFS_Unstable:          0 kB
Bounce:                0 kB
WritebackTmp:          0 kB
CommitLimit:     9202292 kB
Committed_AS:   67492980 kB
VmallocTotal:   263061440 kB
VmallocUsed:      104216 kB
VmallocChunk:          0 kB
Percpu:             7648 kB
CmaTotal:         294912 kB
CmaFree:              16 kB
MemTotal:       12113136 kB
MemFree:          457640 kB
MemAvailable:    7921892 kB
Buffers:            6840 kB
Cached:          7824336 kB
SwapCached:            0 kB
Active:          2103884 kB
Inactive:        6982680 kB
Active(anon):    1162472 kB
Inactive(anon):   131796 kB
Active(file):     941412 kB
Inactive(file):  6850884 kB
Unevictable:        5716 kB
Mlocked:            5716 kB
SwapTotal:       3145724 kB
SwapFree:        3145724 kB
Dirty:               460 kB
Writeback:             0 kB
AnonPages:       1261032 kB
Mapped:           780396 kB
Shmem:             34212 kB
KReclaimable:     540660 kB
Slab:             226224 kB
SReclaimable:      79236 kB
SUnreclaim:       146988 kB
KernelStack:       47232 kB
PageTables:        63748 kB
NFS_Unstable:          0 kB
Bounce:                0 kB
WritebackTmp:          0 kB
CommitLimit:     9202292 kB
Committed_AS:   67490848 kB
VmallocTotal:   263061440 kB
VmallocUsed:      104200 kB
VmallocChunk:          0 kB
Percpu:             7648 kB
CmaTotal:         294912 kB
CmaFree:               0 kB
MemTotal:       12113136 kB
MemFree:          478116 kB
MemAvailable:    7942384 kB
Buffers:            6840 kB
Cached:          7824352 kB
SwapCached:            0 kB
Active:          2082936 kB
Inactive:        6982696 kB
Active(anon):    1141524 kB
Inactive(anon):   131796 kB
Active(file):     941412 kB
Inactive(file):  6850900 kB
Unevictable:        5716 kB
Mlocked:            5716 kB
SwapTotal:       3145724 kB
SwapFree:        3145724 kB
Dirty:               476 kB
Writeback:             0 kB
AnonPages:       1240256 kB
Mapped:           771468 kB
Shmem:             34212 kB
KReclaimable:     540660 kB
Slab:             226224 kB
SReclaimable:      79236 kB
SUnreclaim:       146988 kB
KernelStack:       47232 kB
PageTables:        63640 kB
NFS_Unstable:          0 kB
Bounce:                0 kB
WritebackTmp:          0 kB
CommitLimit:     9202292 kB
Committed_AS:   67481024 kB
VmallocTotal:   263061440 kB
VmallocUsed:      104152 kB
VmallocChunk:          0 kB
Percpu:             7648 kB
CmaTotal:         294912 kB
CmaFree:             228 kB
MemTotal:       12113136 kB
MemFree:          478288 kB
MemAvailable:    7942564 kB
Buffers:            6840 kB
Cached:          7824360 kB
SwapCached:            0 kB
Active:          2083852 kB
Inactive:        6982704 kB
Active(anon):    1142440 kB
Inactive(anon):   131796 kB
Active(file):     941412 kB
Inactive(file):  6850908 kB
Unevictable:        5716 kB
Mlocked:            5716 kB
SwapTotal:       3145724 kB
SwapFree:        3145724 kB
Dirty:               484 kB
Writeback:             0 kB
AnonPages:       1240984 kB
Mapped:           771580 kB
Shmem:             34212 kB
KReclaimable:     540660 kB
Slab:             226224 kB
SReclaimable:      79236 kB
SUnreclaim:       146988 kB
KernelStack:       47200 kB
PageTables:        63536 kB
NFS_Unstable:          0 kB
Bounce:                0 kB
WritebackTmp:          0 kB
CommitLimit:     9202292 kB
Committed_AS:   67492800 kB
VmallocTotal:   263061440 kB
VmallocUsed:      104184 kB
VmallocChunk:          0 kB
Percpu:             7648 kB
CmaTotal:         294912 kB
CmaFree:               0 kB
MemTotal:       12113136 kB
MemFree:          477480 kB
MemAvailable:    7941768 kB
Buffers:            6840 kB
Cached:          7824372 kB
SwapCached:            0 kB
Active:          2083988 kB
Inactive:        6982716 kB
Active(anon):    1142576 kB
Inactive(anon):   131796 kB
Active(file):     941412 kB
Inactive(file):  6850920 kB
Unevictable:        5716 kB
Mlocked:            5716 kB
SwapTotal:       3145724 kB
SwapFree:        3145724 kB
Dirty:               508 kB
Writeback:             0 kB
AnonPages:       1241264 kB
Mapped:           771556 kB
Shmem:             34212 kB
KReclaimable:     540660 kB
Slab:             226232 kB
SReclaimable:      79236 kB
SUnreclaim:       146996 kB
KernelStack:       47184 kB
PageTables:        63672 kB
NFS_Unstable:          0 kB
Bounce:                0 kB
WritebackTmp:          0 kB
CommitLimit:     9202292 kB
Committed_AS:   67489408 kB
VmallocTotal:   263061440 kB
VmallocUsed:      104168 kB
VmallocChunk:          0 kB
Percpu:             7648 kB
CmaTotal:         294912 kB
CmaFree:               0 kB
MemTotal:       12113136 kB
MemFree:          477188 kB
MemAvailable:    7941460 kB
Buffers:            6840 kB
Cached:          7824356 kB
SwapCached:            0 kB
Active:          2084680 kB
Inactive:        6982704 kB
Active(anon):    1143272 kB
Inactive(anon):   131796 kB
Active(file):     941408 kB
Inactive(file):  6850908 kB
Unevictable:        5716 kB
Mlocked:            5716 kB
SwapTotal:       3145724 kB
SwapFree:        3145724 kB
Dirty:               508 kB
Writeback:             0 kB
AnonPages:       1241692 kB
Mapped:           771576 kB
Shmem:             34212 kB
KReclaimable:     540660 kB
Slab:             226224 kB
SReclaimable:      79236 kB
SUnreclaim:       146988 kB
KernelStack:       47232 kB
PageTables:        63808 kB
NFS_Unstable:          0 kB
Bounce:                0 kB
WritebackTmp:          0 kB
CommitLimit:     9202292 kB
Committed_AS:   67488072 kB
VmallocTotal:   263061440 kB
VmallocUsed:      104136 kB
VmallocChunk:          0 kB
Percpu:             7648 kB
CmaTotal:         294912 kB
CmaFree:               0 kB
MemTotal:       12113136 kB
MemFree:          476640 kB
MemAvailable:    7940952 kB
Buffers:            6844 kB
Cached:          7824392 kB
SwapCached:            0 kB
Active:          2085188 kB
Inactive:        6982740 kB
Active(anon):    1143776 kB
Inactive(anon):   131796 kB
Active(file):     941412 kB
Inactive(file):  6850944 kB
Unevictable:        5716 kB
Mlocked:            5716 kB
SwapTotal:       3145724 kB
SwapFree:        3145724 kB
Dirty:               532 kB
Writeback:             0 kB
AnonPages:       1242672 kB
Mapped:           771576 kB
Shmem:             34212 kB
KReclaimable:     540660 kB
Slab:             226224 kB
SReclaimable:      79236 kB
SUnreclaim:       146988 kB
KernelStack:       47168 kB
PageTables:        63564 kB
NFS_Unstable:          0 kB
Bounce:                0 kB
WritebackTmp:          0 kB
CommitLimit:     9202292 kB
Committed_AS:   67491772 kB
VmallocTotal:   263061440 kB
VmallocUsed:      104168 kB
VmallocChunk:          0 kB
Percpu:             7648 kB
CmaTotal:         294912 kB
CmaFree:               0 kB
MemTotal:       12113136 kB
MemFree:          474500 kB
MemAvailable:    7938844 kB
Buffers:            6844 kB
Cached:          7824424 kB
SwapCached:            0 kB
Active:          2085828 kB
Inactive:        6982768 kB
Active(anon):    1144412 kB
Inactive(anon):   131796 kB
Active(file):     941416 kB
Inactive(file):  6850972 kB
Unevictable:        5716 kB
Mlocked:            5716 kB
SwapTotal:       3145724 kB
SwapFree:        3145724 kB
Dirty:               544 kB
Writeback:             0 kB
AnonPages:       1242956 kB
Mapped:           771576 kB
Shmem:             34212 kB
KReclaimable:     540660 kB
Slab:             226224 kB
SReclaimable:      79236 kB
SUnreclaim:       146988 kB
KernelStack:       47136 kB
PageTables:        63544 kB
NFS_Unstable:          0 kB
Bounce:                0 kB
WritebackTmp:          0 kB
CommitLimit:     9202292 kB
Committed_AS:   67494088 kB
VmallocTotal:   263061440 kB
VmallocUsed:      104168 kB
VmallocChunk:          0 kB
Percpu:             7648 kB
CmaTotal:         294912 kB
CmaFree:               0 kB
MemTotal:       12113136 kB
MemFree:          475472 kB
MemAvailable:    7939828 kB
Buffers:            6844 kB
Cached:          7824564 kB
SwapCached:            0 kB
Active:          2086328 kB
Inactive:        6982908 kB
Active(anon):    1144912 kB
Inactive(anon):   131924 kB
Active(file):     941416 kB
Inactive(file):  6850984 kB
Unevictable:        5716 kB
Mlocked:            5716 kB
SwapTotal:       3145724 kB
SwapFree:        3145724 kB
Dirty:               568 kB
Writeback:             0 kB
AnonPages:       1243548 kB
Mapped:           771576 kB
Shmem:             34340 kB
KReclaimable:     540660 kB
Slab:             226224 kB
SReclaimable:      79236 kB
SUnreclaim:       146988 kB
KernelStack:       47152 kB
PageTables:        63652 kB
NFS_Unstable:          0 kB
Bounce:                0 kB
WritebackTmp:          0 kB
CommitLimit:     9202292 kB
Committed_AS:   67489860 kB
VmallocTotal:   263061440 kB
VmallocUsed:      104136 kB
VmallocChunk:          0 kB
Percpu:             7648 kB
CmaTotal:         294912 kB
CmaFree:               0 kB
MemTotal:       12113136 kB
MemFree:          474584 kB
MemAvailable:    7938964 kB
Buffers:            6844 kB
Cached:          7824572 kB
SwapCached:            0 kB
Active:          2087532 kB
Inactive:        6982916 kB
Active(anon):    1146116 kB
Inactive(anon):   131924 kB
Active(file):     941416 kB
Inactive(file):  6850992 kB
Unevictable:        5716 kB
Mlocked:            5716 kB
SwapTotal:       3145724 kB
SwapFree:        3145724 kB
Dirty:               580 kB
Writeback:             0 kB
AnonPages:       1244188 kB
Mapped:           771576 kB
Shmem:             34340 kB
KReclaimable:     540676 kB
Slab:             226240 kB
SReclaimable:      79252 kB
SUnreclaim:       146988 kB
KernelStack:       47168 kB
PageTables:        63580 kB
NFS_Unstable:          0 kB
Bounce:                0 kB
WritebackTmp:          0 kB
CommitLimit:     9202292 kB
Committed_AS:   67498640 kB
VmallocTotal:   263061440 kB
VmallocUsed:      104168 kB
VmallocChunk:          0 kB
Percpu:             7648 kB
CmaTotal:         294912 kB
CmaFree:               0 kB
MemTotal:       12113136 kB
MemFree:          474832 kB
MemAvailable:    7939232 kB
Buffers:            6844 kB
Cached:          7824592 kB
SwapCached:            0 kB
Active:          2087656 kB
Inactive:        6982936 kB
Active(anon):    1146240 kB
Inactive(anon):   131924 kB
Active(file):     941416 kB
Inactive(file):  6851012 kB
Unevictable:        5716 kB
Mlocked:            5716 kB
SwapTotal:       3145724 kB
SwapFree:        3145724 kB
Dirty:               612 kB
Writeback:             0 kB
AnonPages:       1245152 kB
Mapped:           771460 kB
Shmem:             34340 kB
KReclaimable:     540676 kB
Slab:             226240 kB
SReclaimable:      79252 kB
SUnreclaim:       146988 kB
KernelStack:       47152 kB
PageTables:        63696 kB
NFS_Unstable:          0 kB
Bounce:                0 kB
WritebackTmp:          0 kB
CommitLimit:     9202292 kB
Committed_AS:   67488064 kB
VmallocTotal:   263061440 kB
VmallocUsed:      104152 kB
VmallocChunk:          0 kB
Percpu:             7648 kB
CmaTotal:         294912 kB
CmaFree:               0 kB
MemTotal:       12113136 kB
MemFree:          475688 kB
MemAvailable:    7940104 kB
Buffers:            6844 kB
Cached:          7824608 kB
SwapCached:            0 kB
Active:          2088072 kB
Inactive:        6982948 kB
Active(anon):    1146652 kB
Inactive(anon):   131924 kB
Active(file):     941420 kB
Inactive(file):  6851024 kB
Unevictable:        5716 kB
Mlocked:            5716 kB
SwapTotal:       3145724 kB
SwapFree:        3145724 kB
Dirty:               628 kB
Writeback:             0 kB
AnonPages:       1245616 kB
Mapped:           771576 kB
Shmem:             34340 kB
KReclaimable:     540676 kB
Slab:             226240 kB
SReclaimable:      79252 kB
SUnreclaim:       146988 kB
KernelStack:       47136 kB
PageTables:        63800 kB
NFS_Unstable:          0 kB
Bounce:                0 kB
WritebackTmp:          0 kB
CommitLimit:     9202292 kB
Committed_AS:   67484236 kB
VmallocTotal:   263061440 kB
VmallocUsed:      104136 kB
VmallocChunk:          0 kB
Percpu:             7648 kB
CmaTotal:         294912 kB
CmaFree:              16 kB
MemTotal:       12113136 kB
MemFree:          474728 kB
MemAvailable:    7939148 kB
Buffers:            6844 kB
Cached:          7824548 kB
SwapCached:            0 kB
Active:          2088332 kB
Inactive:        6982892 kB
Active(anon):    1146916 kB
Inactive(anon):   131860 kB
Active(file):     941416 kB
Inactive(file):  6851032 kB
Unevictable:        5716 kB
Mlocked:            5716 kB
SwapTotal:       3145724 kB
SwapFree:        3145724 kB
Dirty:               632 kB
Writeback:             0 kB
AnonPages:       1245428 kB
Mapped:           771664 kB
Shmem:             34276 kB
KReclaimable:     540676 kB
Slab:             226240 kB
SReclaimable:      79252 kB
SUnreclaim:       146988 kB
KernelStack:       47152 kB
PageTables:        63516 kB
NFS_Unstable:          0 kB
Bounce:                0 kB
WritebackTmp:          0 kB
CommitLimit:     9202292 kB
Committed_AS:   67489172 kB
VmallocTotal:   263061440 kB
VmallocUsed:      104152 kB
VmallocChunk:          0 kB
Percpu:             7648 kB
CmaTotal:         294912 kB
CmaFree:               0 kB
MemTotal:       12113136 kB
MemFree:          473484 kB
MemAvailable:    7937916 kB
Buffers:            6844 kB
Cached:          7824560 kB
SwapCached:            0 kB
Active:          2088424 kB
Inactive:        6982904 kB
Active(anon):    1147008 kB
Inactive(anon):   131860 kB
Active(file):     941416 kB
Inactive(file):  6851044 kB
Unevictable:        5716 kB
Mlocked:            5716 kB
SwapTotal:       3145724 kB
SwapFree:        3145724 kB
Dirty:               644 kB
Writeback:             0 kB
AnonPages:       1245156 kB
Mapped:           771544 kB
Shmem:             34276 kB
KReclaimable:     540676 kB
Slab:             226240 kB
SReclaimable:      79252 kB
SUnreclaim:       146988 kB
KernelStack:       47232 kB
PageTables:        63792 kB
NFS_Unstable:          0 kB
Bounce:                0 kB
WritebackTmp:          0 kB
CommitLimit:     9202292 kB
Committed_AS:   67486280 kB
VmallocTotal:   263061440 kB
VmallocUsed:      104168 kB
VmallocChunk:          0 kB
Percpu:             7648 kB
CmaTotal:         294912 kB
CmaFree:               0 kB
MemTotal:       12113136 kB
MemFree:          473652 kB
MemAvailable:    7938100 kB
Buffers:            6844 kB
Cached:          7824576 kB
SwapCached:            0 kB
Active:          2089104 kB
Inactive:        6982920 kB
Active(anon):    1147688 kB
Inactive(anon):   131860 kB
Active(file):     941416 kB
Inactive(file):  6851060 kB
Unevictable:        5716 kB
Mlocked:            5716 kB
SwapTotal:       3145724 kB
SwapFree:        3145724 kB
Dirty:               676 kB
Writeback:             0 kB
AnonPages:       1246456 kB
Mapped:           771548 kB
Shmem:             34276 kB
KReclaimable:     540676 kB
Slab:             226240 kB
SReclaimable:      79252 kB
SUnreclaim:       146988 kB
KernelStack:       47152 kB
PageTables:        63612 kB
NFS_Unstable:          0 kB
Bounce:                0 kB
WritebackTmp:          0 kB
CommitLimit:     9202292 kB
Committed_AS:   67490276 kB
VmallocTotal:   263061440 kB
VmallocUsed:      104168 kB
VmallocChunk:          0 kB
Percpu:             7648 kB
CmaTotal:         294912 kB
CmaFree:               0 kB
MemTotal:       12113136 kB
MemFree:          446196 kB
MemAvailable:    7910652 kB
Buffers:            6844 kB
Cached:          7824584 kB
SwapCached:            0 kB
Active:          2117812 kB
Inactive:        6982928 kB
Active(anon):    1176396 kB
Inactive(anon):   131860 kB
Active(file):     941416 kB
Inactive(file):  6851068 kB
Unevictable:        5716 kB
Mlocked:            5716 kB
SwapTotal:       3145724 kB
SwapFree:        3145724 kB
Dirty:               688 kB
Writeback:             0 kB
AnonPages:       1275056 kB
Mapped:           771544 kB
Shmem:             34276 kB
KReclaimable:     540676 kB
Slab:             226248 kB
SReclaimable:      79252 kB
SUnreclaim:       146996 kB
KernelStack:       47168 kB
PageTables:        63612 kB
NFS_Unstable:          0 kB
Bounce:                0 kB
WritebackTmp:          0 kB
CommitLimit:     9202292 kB
Committed_AS:   67484756 kB
VmallocTotal:   263061440 kB
VmallocUsed:      104168 kB
VmallocChunk:          0 kB
Percpu:             7648 kB
CmaTotal:         294912 kB
CmaFree:               0 kB
MemTotal:       12113136 kB
MemFree:          444696 kB
MemAvailable:    7909368 kB
Buffers:            6844 kB
Cached:          7824800 kB
SwapCached:            0 kB
Active:          2118320 kB
Inactive:        6983144 kB
Active(anon):    1176904 kB
Inactive(anon):   131860 kB
Active(file):     941416 kB
Inactive(file):  6851284 kB
Unevictable:        5716 kB
Mlocked:            5716 kB
SwapTotal:       3145724 kB
SwapFree:        3145724 kB
Dirty:               744 kB
Writeback:             0 kB
AnonPages:       1275404 kB
Mapped:           771544 kB
Shmem:             34276 kB
KReclaimable:     540676 kB
Slab:             226248 kB
SReclaimable:      79252 kB
SUnreclaim:       146996 kB
KernelStack:       47200 kB
PageTables:        63588 kB
NFS_Unstable:          0 kB
Bounce:                0 kB
WritebackTmp:          0 kB
CommitLimit:     9202292 kB
Committed_AS:   67489400 kB
VmallocTotal:   263061440 kB
VmallocUsed:      104200 kB
VmallocChunk:          0 kB
Percpu:             7648 kB
CmaTotal:         294912 kB
CmaFree:               0 kB
MemTotal:       12113136 kB
MemFree:          439664 kB
MemAvailable:    7904348 kB
Buffers:            6844 kB
Cached:          7824812 kB
SwapCached:            0 kB
Active:          2124940 kB
Inactive:        6983156 kB
Active(anon):    1183524 kB
Inactive(anon):   131860 kB
Active(file):     941416 kB
Inactive(file):  6851296 kB
Unevictable:        5716 kB
Mlocked:            5716 kB
SwapTotal:       3145724 kB
SwapFree:        3145724 kB
Dirty:               756 kB
Writeback:             0 kB
AnonPages:       1282004 kB
Mapped:           771544 kB
Shmem:             34276 kB
KReclaimable:     540676 kB
Slab:             226240 kB
SReclaimable:      79252 kB
SUnreclaim:       146988 kB
KernelStack:       47184 kB
PageTables:        63524 kB
NFS_Unstable:          0 kB
Bounce:                0 kB
WritebackTmp:          0 kB
CommitLimit:     9202292 kB
Committed_AS:   67489420 kB
VmallocTotal:   263061440 kB
VmallocUsed:      104168 kB
VmallocChunk:          0 kB
Percpu:             7648 kB
CmaTotal:         294912 kB
CmaFree:               0 kB
MemTotal:       12113136 kB
MemFree:          444664 kB
MemAvailable:    7909340 kB
Buffers:            6844 kB
Cached:          7824804 kB
SwapCached:            0 kB
Active:          2119560 kB
Inactive:        6983152 kB
Active(anon):    1178148 kB
Inactive(anon):   131860 kB
Active(file):     941412 kB
Inactive(file):  6851292 kB
Unevictable:        5716 kB
Mlocked:            5716 kB
SwapTotal:       3145724 kB
SwapFree:        3145724 kB
Dirty:               748 kB
Writeback:             0 kB
AnonPages:       1276408 kB
Mapped:           771544 kB
Shmem:             34276 kB
KReclaimable:     540676 kB
Slab:             226248 kB
SReclaimable:      79252 kB
SUnreclaim:       146996 kB
KernelStack:       47200 kB
PageTables:        63648 kB
NFS_Unstable:          0 kB
Bounce:                0 kB
WritebackTmp:          0 kB
CommitLimit:     9202292 kB
Committed_AS:   67493952 kB
VmallocTotal:   263061440 kB
VmallocUsed:      104216 kB
VmallocChunk:          0 kB
Percpu:             7648 kB
CmaTotal:         294912 kB
CmaFree:               0 kB
MemTotal:       12113136 kB
MemFree:          443584 kB
MemAvailable:    7908296 kB
Buffers:            6844 kB
Cached:          7824840 kB
SwapCached:            0 kB
Active:          2119904 kB
Inactive:        6983184 kB
Active(anon):    1178488 kB
Inactive(anon):   131860 kB
Active(file):     941416 kB
Inactive(file):  6851324 kB
Unevictable:        5716 kB
Mlocked:            5716 kB
SwapTotal:       3145724 kB
SwapFree:        3145724 kB
Dirty:               800 kB
Writeback:             0 kB
AnonPages:       1277384 kB
Mapped:           771544 kB
Shmem:             34276 kB
KReclaimable:     540676 kB
Slab:             226248 kB
SReclaimable:      79252 kB
SUnreclaim:       146996 kB
KernelStack:       47184 kB
PageTables:        63588 kB
NFS_Unstable:          0 kB
Bounce:                0 kB
WritebackTmp:          0 kB
CommitLimit:     9202292 kB
Committed_AS:   67489588 kB
VmallocTotal:   263061440 kB
VmallocUsed:      104168 kB
VmallocChunk:          0 kB
Percpu:             7648 kB
CmaTotal:         294912 kB
CmaFree:               0 kB
MemTotal:       12113136 kB
MemFree:          442292 kB
MemAvailable:    7907016 kB
Buffers:            6844 kB
Cached:          7824852 kB
SwapCached:            0 kB
Active:          2120780 kB
Inactive:        6983196 kB
Active(anon):    1179364 kB
Inactive(anon):   131860 kB
Active(file):     941416 kB
Inactive(file):  6851336 kB
Unevictable:        5716 kB
Mlocked:            5716 kB
SwapTotal:       3145724 kB
SwapFree:        3145724 kB
Dirty:               812 kB
Writeback:             0 kB
AnonPages:       1278072 kB
Mapped:           771580 kB
Shmem:             34276 kB
KReclaimable:     540676 kB
Slab:             226240 kB
SReclaimable:      79252 kB
SUnreclaim:       146988 kB
KernelStack:       47184 kB
PageTables:        63492 kB
NFS_Unstable:          0 kB
Bounce:                0 kB
WritebackTmp:          0 kB
CommitLimit:     9202292 kB
Committed_AS:   67490352 kB
VmallocTotal:   263061440 kB
VmallocUsed:      104152 kB
VmallocChunk:          0 kB
Percpu:             7648 kB
CmaTotal:         294912 kB
CmaFree:               0 kB
MemTotal:       12113136 kB
MemFree:          441060 kB
MemAvailable:    7905828 kB
Buffers:            6852 kB
Cached:          7824888 kB
SwapCached:            0 kB
Active:          2120784 kB
Inactive:        6983232 kB
Active(anon):    1179360 kB
Inactive(anon):   131860 kB
Active(file):     941424 kB
Inactive(file):  6851372 kB
Unevictable:        5716 kB
Mlocked:            5716 kB
SwapTotal:       3145724 kB
SwapFree:        3145724 kB
Dirty:               600 kB
Writeback:             0 kB
AnonPages:       1278256 kB
Mapped:           771568 kB
Shmem:             34276 kB
KReclaimable:     540676 kB
Slab:             226224 kB
SReclaimable:      79252 kB
SUnreclaim:       146972 kB
KernelStack:       47168 kB
PageTables:        63540 kB
NFS_Unstable:          0 kB
Bounce:                0 kB
WritebackTmp:          0 kB
CommitLimit:     9202292 kB
Committed_AS:   67496392 kB
VmallocTotal:   263061440 kB
VmallocUsed:      104216 kB
VmallocChunk:          0 kB
Percpu:             7648 kB
CmaTotal:         294912 kB
CmaFree:               0 kB
MemTotal:       12113136 kB
MemFree:          439628 kB
MemAvailable:    7904408 kB
Buffers:            6852 kB
Cached:          7824900 kB
SwapCached:            0 kB
Active:          2120572 kB
Inactive:        6983244 kB
Active(anon):    1179148 kB
Inactive(anon):   131860 kB
Active(file):     941424 kB
Inactive(file):  6851384 kB
Unevictable:        5716 kB
Mlocked:            5716 kB
SwapTotal:       3145724 kB
SwapFree:        3145724 kB
Dirty:               652 kB
Writeback:             0 kB
AnonPages:       1278056 kB
Mapped:           771548 kB
Shmem:             34276 kB
KReclaimable:     540676 kB
Slab:             226228 kB
SReclaimable:      79252 kB
SUnreclaim:       146976 kB
KernelStack:       47168 kB
PageTables:        63668 kB
NFS_Unstable:          0 kB
Bounce:                0 kB
WritebackTmp:          0 kB
CommitLimit:     9202292 kB
Committed_AS:   67493436 kB
VmallocTotal:   263061440 kB
VmallocUsed:      104168 kB
VmallocChunk:          0 kB
Percpu:             7648 kB
CmaTotal:         294912 kB
CmaFree:               0 kB
MemTotal:       12113136 kB
MemFree:          438940 kB
MemAvailable:    7903732 kB
Buffers:            6852 kB
Cached:          7824912 kB
SwapCached:            0 kB
Active:          2121604 kB
Inactive:        6983256 kB
Active(anon):    1180180 kB
Inactive(anon):   131860 kB
Active(file):     941424 kB
Inactive(file):  6851396 kB
Unevictable:        5716 kB
Mlocked:            5716 kB
SwapTotal:       3145724 kB
SwapFree:        3145724 kB
Dirty:               668 kB
Writeback:             0 kB
AnonPages:       1278740 kB
Mapped:           771644 kB
Shmem:             34276 kB
KReclaimable:     540676 kB
Slab:             226220 kB
SReclaimable:      79252 kB
SUnreclaim:       146968 kB
KernelStack:       47184 kB
PageTables:        63644 kB
NFS_Unstable:          0 kB
Bounce:                0 kB
WritebackTmp:          0 kB
CommitLimit:     9202292 kB
Committed_AS:   67498032 kB
VmallocTotal:   263061440 kB
VmallocUsed:      104184 kB
VmallocChunk:          0 kB
Percpu:             7648 kB
CmaTotal:         294912 kB
CmaFree:               0 kB
MemTotal:       12113136 kB
MemFree:          438868 kB
MemAvailable:    7903664 kB
Buffers:            6852 kB
Cached:          7824916 kB
SwapCached:            0 kB
Active:          2122384 kB
Inactive:        6983260 kB
Active(anon):    1180960 kB
Inactive(anon):   131860 kB
Active(file):     941424 kB
Inactive(file):  6851400 kB
Unevictable:        5716 kB
Mlocked:            5716 kB
SwapTotal:       3145724 kB
SwapFree:        3145724 kB
Dirty:               676 kB
Writeback:             0 kB
AnonPages:       1279660 kB
Mapped:           771724 kB
Shmem:             34276 kB
KReclaimable:     540676 kB
Slab:             226212 kB
SReclaimable:      79252 kB
SUnreclaim:       146960 kB
KernelStack:       47184 kB
PageTables:        63660 kB
NFS_Unstable:          0 kB
Bounce:                0 kB
WritebackTmp:          0 kB
CommitLimit:     9202292 kB
Committed_AS:   67502556 kB
VmallocTotal:   263061440 kB
VmallocUsed:      104168 kB
VmallocChunk:          0 kB
Percpu:             7648 kB
CmaTotal:         294912 kB
CmaFree:               0 kB
MemTotal:       12113136 kB
MemFree:          439492 kB
MemAvailable:    7904308 kB
Buffers:            6852 kB
Cached:          7824936 kB
SwapCached:            0 kB
Active:          2123152 kB
Inactive:        6983280 kB
Active(anon):    1181728 kB
Inactive(anon):   131860 kB
Active(file):     941424 kB
Inactive(file):  6851420 kB
Unevictable:        5716 kB
Mlocked:            5716 kB
SwapTotal:       3145724 kB
SwapFree:        3145724 kB
Dirty:               728 kB
Writeback:             0 kB
AnonPages:       1280272 kB
Mapped:           771704 kB
Shmem:             34276 kB
KReclaimable:     540676 kB
Slab:             226212 kB
SReclaimable:      79252 kB
SUnreclaim:       146960 kB
KernelStack:       47184 kB
PageTables:        63284 kB
NFS_Unstable:          0 kB
Bounce:                0 kB
WritebackTmp:          0 kB
CommitLimit:     9202292 kB
Committed_AS:   67495180 kB
VmallocTotal:   263061440 kB
VmallocUsed:      104168 kB
VmallocChunk:          0 kB
Percpu:             7648 kB
CmaTotal:         294912 kB
CmaFree:               0 kB
MemTotal:       12113136 kB
MemFree:          438616 kB
MemAvailable:    7903464 kB
Buffers:            6852 kB
Cached:          7824968 kB
SwapCached:            0 kB
Active:          2123608 kB
Inactive:        6983312 kB
Active(anon):    1182184 kB
Inactive(anon):   131860 kB
Active(file):     941424 kB
Inactive(file):  6851452 kB
Unevictable:        5716 kB
Mlocked:            5716 kB
SwapTotal:       3145724 kB
SwapFree:        3145724 kB
Dirty:               752 kB
Writeback:             0 kB
AnonPages:       1280668 kB
Mapped:           771704 kB
Shmem:             34276 kB
KReclaimable:     540676 kB
Slab:             226212 kB
SReclaimable:      79252 kB
SUnreclaim:       146960 kB
KernelStack:       47168 kB
PageTables:        63696 kB
NFS_Unstable:          0 kB
Bounce:                0 kB
WritebackTmp:          0 kB
CommitLimit:     9202292 kB
Committed_AS:   67498336 kB
VmallocTotal:   263061440 kB
VmallocUsed:      104168 kB
VmallocChunk:          0 kB
Percpu:             7648 kB
CmaTotal:         294912 kB
CmaFree:               0 kB
MemTotal:       12113136 kB
MemFree:          446080 kB
MemAvailable:    7910920 kB
Buffers:            6852 kB
Cached:          7823808 kB
SwapCached:            0 kB
Active:          2116128 kB
Inactive:        6982152 kB
Active(anon):    1174704 kB
Inactive(anon):   130708 kB
Active(file):     941424 kB
Inactive(file):  6851444 kB
Unevictable:        5716 kB
Mlocked:            5716 kB
SwapTotal:       3145724 kB
SwapFree:        3145724 kB
Dirty:               604 kB
Writeback:             0 kB
AnonPages:       1273528 kB
Mapped:           771792 kB
Shmem:             33124 kB
KReclaimable:     540676 kB
Slab:             226212 kB
SReclaimable:      79252 kB
SUnreclaim:       146960 kB
KernelStack:       47232 kB
PageTables:        63796 kB
NFS_Unstable:          0 kB
Bounce:                0 kB
WritebackTmp:          0 kB
CommitLimit:     9202292 kB
Committed_AS:   67499572 kB
VmallocTotal:   263061440 kB
VmallocUsed:      104184 kB
VmallocChunk:          0 kB
Percpu:             7648 kB
CmaTotal:         294912 kB
CmaFree:               0 kB
MemTotal:       12113136 kB
MemFree:          445904 kB
MemAvailable:    7910756 kB
Buffers:            6852 kB
Cached:          7823820 kB
SwapCached:            0 kB
Active:          2116992 kB
Inactive:        6982164 kB
Active(anon):    1175568 kB
Inactive(anon):   130708 kB
Active(file):     941424 kB
Inactive(file):  6851456 kB
Unevictable:        5716 kB
Mlocked:            5716 kB
SwapTotal:       3145724 kB
SwapFree:        3145724 kB
Dirty:               692 kB
Writeback:             0 kB
AnonPages:       1274256 kB
Mapped:           771764 kB
Shmem:             33124 kB
KReclaimable:     540676 kB
Slab:             226204 kB
SReclaimable:      79252 kB
SUnreclaim:       146952 kB
KernelStack:       47168 kB
PageTables:        63884 kB
NFS_Unstable:          0 kB
Bounce:                0 kB
WritebackTmp:          0 kB
CommitLimit:     9202292 kB
Committed_AS:   67497920 kB
VmallocTotal:   263061440 kB
VmallocUsed:      104136 kB
VmallocChunk:          0 kB
Percpu:             7648 kB
CmaTotal:         294912 kB
CmaFree:               0 kB
MemTotal:       12113136 kB
MemFree:          444480 kB
MemAvailable:    7909348 kB
Buffers:            6852 kB
Cached:          7823836 kB
SwapCached:            0 kB
Active:          2117424 kB
Inactive:        6982180 kB
Active(anon):    1176000 kB
Inactive(anon):   130708 kB
Active(file):     941424 kB
Inactive(file):  6851472 kB
Unevictable:        5716 kB
Mlocked:            5716 kB
SwapTotal:       3145724 kB
SwapFree:        3145724 kB
Dirty:               756 kB
Writeback:             0 kB
AnonPages:       1274844 kB
Mapped:           771760 kB
Shmem:             33124 kB
KReclaimable:     540676 kB
Slab:             226236 kB
SReclaimable:      79252 kB
SUnreclaim:       146984 kB
KernelStack:       47120 kB
PageTables:        63592 kB
NFS_Unstable:          0 kB
Bounce:                0 kB
WritebackTmp:          0 kB
CommitLimit:     9202292 kB
Committed_AS:   67492840 kB
VmallocTotal:   263061440 kB
VmallocUsed:      104136 kB
VmallocChunk:          0 kB
Percpu:             7648 kB
CmaTotal:         294912 kB
CmaFree:               0 kB
MemTotal:       12113136 kB
MemFree:          476764 kB
MemAvailable:    7941644 kB
Buffers:            6852 kB
Cached:          7823852 kB
SwapCached:            0 kB
Active:          2084000 kB
Inactive:        6982196 kB
Active(anon):    1142576 kB
Inactive(anon):   130712 kB
Active(file):     941424 kB
Inactive(file):  6851484 kB
Unevictable:        5716 kB
Mlocked:            5716 kB
SwapTotal:       3145724 kB
SwapFree:        3145724 kB
Dirty:               772 kB
Writeback:             0 kB
AnonPages:       1241240 kB
Mapped:           771764 kB
Shmem:             33128 kB
KReclaimable:     540676 kB
Slab:             226172 kB
SReclaimable:      79252 kB
SUnreclaim:       146920 kB
KernelStack:       47120 kB
PageTables:        63592 kB
NFS_Unstable:          0 kB
Bounce:                0 kB
WritebackTmp:          0 kB
CommitLimit:     9202292 kB
Committed_AS:   67494504 kB
VmallocTotal:   263061440 kB
VmallocUsed:      104152 kB
VmallocChunk:          0 kB
Percpu:             7648 kB
CmaTotal:         294912 kB
CmaFree:               0 kB
MemTotal:       12113136 kB
MemFree:          476740 kB
MemAvailable:    7941632 kB
Buffers:            6852 kB
Cached:          7823864 kB
SwapCached:            0 kB
Active:          2084244 kB
Inactive:        6982208 kB
Active(anon):    1142820 kB
Inactive(anon):   130712 kB
Active(file):     941424 kB
Inactive(file):  6851496 kB
Unevictable:        5716 kB
Mlocked:            5716 kB
SwapTotal:       3145724 kB
SwapFree:        3145724 kB
Dirty:               828 kB
Writeback:             0 kB
AnonPages:       1241372 kB
Mapped:           771764 kB
Shmem:             33128 kB
KReclaimable:     540676 kB
Slab:             226244 kB
SReclaimable:      79252 kB
SUnreclaim:       146992 kB
KernelStack:       47120 kB
PageTables:        63584 kB
NFS_Unstable:          0 kB
Bounce:                0 kB
WritebackTmp:          0 kB
CommitLimit:     9202292 kB
Committed_AS:   67490356 kB
VmallocTotal:   263061440 kB
VmallocUsed:      104168 kB
VmallocChunk:          0 kB
Percpu:             7648 kB
CmaTotal:         294912 kB
CmaFree:              76 kB
MemTotal:       12113136 kB
MemFree:          476676 kB
MemAvailable:    7941592 kB
Buffers:            6852 kB
Cached:          7823888 kB
SwapCached:            0 kB
Active:          2085632 kB
Inactive:        6982232 kB
Active(anon):    1144208 kB
Inactive(anon):   130712 kB
Active(file):     941424 kB
Inactive(file):  6851520 kB
Unevictable:        5716 kB
Mlocked:            5716 kB
SwapTotal:       3145724 kB
SwapFree:        3145724 kB
Dirty:               424 kB
Writeback:             0 kB
AnonPages:       1242796 kB
Mapped:           771804 kB
Shmem:             33128 kB
KReclaimable:     540676 kB
Slab:             226180 kB
SReclaimable:      79252 kB
SUnreclaim:       146928 kB
KernelStack:       47172 kB
PageTables:        63860 kB
NFS_Unstable:          0 kB
Bounce:                0 kB
WritebackTmp:          0 kB
CommitLimit:     9202292 kB
Committed_AS:   67498040 kB
VmallocTotal:   263061440 kB
VmallocUsed:      104168 kB
VmallocChunk:          0 kB
Percpu:             7648 kB
CmaTotal:         294912 kB
CmaFree:               0 kB
MemTotal:       12113136 kB
MemFree:          476604 kB
MemAvailable:    7941528 kB
Buffers:            6852 kB
Cached:          7823896 kB
SwapCached:            0 kB
Active:          2085588 kB
Inactive:        6982240 kB
Active(anon):    1144164 kB
Inactive(anon):   130712 kB
Active(file):     941424 kB
Inactive(file):  6851528 kB
Unevictable:        5716 kB
Mlocked:            5716 kB
SwapTotal:       3145724 kB
SwapFree:        3145724 kB
Dirty:               468 kB
Writeback:             0 kB
AnonPages:       1242864 kB
Mapped:           771744 kB
Shmem:             33128 kB
KReclaimable:     540676 kB
Slab:             226180 kB
SReclaimable:      79252 kB
SUnreclaim:       146928 kB
KernelStack:       47056 kB
PageTables:        63268 kB
NFS_Unstable:          0 kB
Bounce:                0 kB
WritebackTmp:          0 kB
CommitLimit:     9202292 kB
Committed_AS:   67492836 kB
VmallocTotal:   263061440 kB
VmallocUsed:      104120 kB
VmallocChunk:          0 kB
Percpu:             7648 kB
CmaTotal:         294912 kB
CmaFree:             116 kB
MemTotal:       12113136 kB
MemFree:          476000 kB
MemAvailable:    7940932 kB
Buffers:            6852 kB
Cached:          7823904 kB
SwapCached:            0 kB
Active:          2086548 kB
Inactive:        6982248 kB
Active(anon):    1145124 kB
Inactive(anon):   130712 kB
Active(file):     941424 kB
Inactive(file):  6851536 kB
Unevictable:        5716 kB
Mlocked:            5716 kB
SwapTotal:       3145724 kB
SwapFree:        3145724 kB
Dirty:               492 kB
Writeback:             0 kB
AnonPages:       1243728 kB
Mapped:           772024 kB
Shmem:             33128 kB
KReclaimable:     540676 kB
Slab:             226148 kB
SReclaimable:      79252 kB
SUnreclaim:       146896 kB
KernelStack:       47104 kB
PageTables:        63580 kB
NFS_Unstable:          0 kB
Bounce:                0 kB
WritebackTmp:          0 kB
CommitLimit:     9202292 kB
Committed_AS:   67493484 kB
VmallocTotal:   263061440 kB
VmallocUsed:      104136 kB
VmallocChunk:          0 kB
Percpu:             7648 kB
CmaTotal:         294912 kB
CmaFree:               0 kB
MemTotal:       12113136 kB
MemFree:          475824 kB
MemAvailable:    7940764 kB
Buffers:            6852 kB
Cached:          7823912 kB
SwapCached:            0 kB
Active:          2086864 kB
Inactive:        6982256 kB
Active(anon):    1145440 kB
Inactive(anon):   130712 kB
Active(file):     941424 kB
Inactive(file):  6851544 kB
Unevictable:        5716 kB
Mlocked:            5716 kB
SwapTotal:       3145724 kB
SwapFree:        3145724 kB
Dirty:               500 kB
Writeback:             0 kB
AnonPages:       1244404 kB
Mapped:           771664 kB
Shmem:             33128 kB
KReclaimable:     540676 kB
Slab:             226188 kB
SReclaimable:      79252 kB
SUnreclaim:       146936 kB
KernelStack:       47120 kB
PageTables:        63676 kB
NFS_Unstable:          0 kB
Bounce:                0 kB
WritebackTmp:          0 kB
CommitLimit:     9202292 kB
Committed_AS:   67492120 kB
VmallocTotal:   263061440 kB
VmallocUsed:      104152 kB
VmallocChunk:          0 kB
Percpu:             7648 kB
CmaTotal:         294912 kB
CmaFree:               0 kB
MemTotal:       12113136 kB
MemFree:          474788 kB
MemAvailable:    7939740 kB
Buffers:            6852 kB
Cached:          7823924 kB
SwapCached:            0 kB
Active:          2087472 kB
Inactive:        6982268 kB
Active(anon):    1146048 kB
Inactive(anon):   130712 kB
Active(file):     941424 kB
Inactive(file):  6851556 kB
Unevictable:        5716 kB
Mlocked:            5716 kB
SwapTotal:       3145724 kB
SwapFree:        3145724 kB
Dirty:               512 kB
Writeback:             0 kB
AnonPages:       1244896 kB
Mapped:           771764 kB
Shmem:             33128 kB
KReclaimable:     540676 kB
Slab:             226156 kB
SReclaimable:      79252 kB
SUnreclaim:       146904 kB
KernelStack:       47120 kB
PageTables:        63580 kB
NFS_Unstable:          0 kB
Bounce:                0 kB
WritebackTmp:          0 kB
CommitLimit:     9202292 kB
Committed_AS:   67493388 kB
VmallocTotal:   263061440 kB
VmallocUsed:      104120 kB
VmallocChunk:          0 kB
Percpu:             7648 kB
CmaTotal:         294912 kB
CmaFree:               0 kB
MemTotal:       12113136 kB
MemFree:          473560 kB
MemAvailable:    7938548 kB
Buffers:            6856 kB
Cached:          7823956 kB
SwapCached:            0 kB
Active:          2088916 kB
Inactive:        6982300 kB
Active(anon):    1147488 kB
Inactive(anon):   130712 kB
Active(file):     941428 kB
Inactive(file):  6851588 kB
Unevictable:        5716 kB
Mlocked:            5716 kB
SwapTotal:       3145724 kB
SwapFree:        3145724 kB
Dirty:               500 kB
Writeback:             0 kB
AnonPages:       1246068 kB
Mapped:           771764 kB
Shmem:             33128 kB
KReclaimable:     540676 kB
Slab:             226220 kB
SReclaimable:      79252 kB
SUnreclaim:       146968 kB
KernelStack:       47088 kB
PageTables:        63600 kB
NFS_Unstable:          0 kB
Bounce:                0 kB
WritebackTmp:          0 kB
CommitLimit:     9202292 kB
Committed_AS:   67491956 kB
VmallocTotal:   263061440 kB
VmallocUsed:      104120 kB
VmallocChunk:          0 kB
Percpu:             7648 kB
CmaTotal:         294912 kB
CmaFree:               0 kB
MemTotal:       12113136 kB
MemFree:          473660 kB
MemAvailable:    7938652 kB
Buffers:            6856 kB
Cached:          7823960 kB
SwapCached:            0 kB
Active:          2089992 kB
Inactive:        6982304 kB
Active(anon):    1148564 kB
Inactive(anon):   130712 kB
Active(file):     941428 kB
Inactive(file):  6851592 kB
Unevictable:        5716 kB
Mlocked:            5716 kB
SwapTotal:       3145724 kB
SwapFree:        3145724 kB
Dirty:               552 kB
Writeback:             0 kB
AnonPages:       1246956 kB
Mapped:           771764 kB
Shmem:             33128 kB
KReclaimable:     540676 kB
Slab:             226196 kB
SReclaimable:      79252 kB
SUnreclaim:       146944 kB
KernelStack:       47120 kB
PageTables:        63596 kB
NFS_Unstable:          0 kB
Bounce:                0 kB
WritebackTmp:          0 kB
CommitLimit:     9202292 kB
Committed_AS:   67481432 kB
VmallocTotal:   263061440 kB
VmallocUsed:      104136 kB
VmallocChunk:          0 kB
Percpu:             7648 kB
CmaTotal:         294912 kB
CmaFree:               0 kB
MemTotal:       12113136 kB
MemFree:          473416 kB
MemAvailable:    7938416 kB
Buffers:            6856 kB
Cached:          7823968 kB
SwapCached:            0 kB
Active:          2090444 kB
Inactive:        6982316 kB
Active(anon):    1149020 kB
Inactive(anon):   130712 kB
Active(file):     941424 kB
Inactive(file):  6851604 kB
Unevictable:        5716 kB
Mlocked:            5716 kB
SwapTotal:       3145724 kB
SwapFree:        3145724 kB
Dirty:               576 kB
Writeback:             0 kB
AnonPages:       1247492 kB
Mapped:           771764 kB
Shmem:             33128 kB
KReclaimable:     540676 kB
Slab:             226164 kB
SReclaimable:      79252 kB
SUnreclaim:       146912 kB
KernelStack:       47072 kB
PageTables:        63592 kB
NFS_Unstable:          0 kB
Bounce:                0 kB
WritebackTmp:          0 kB
CommitLimit:     9202292 kB
Committed_AS:   67486340 kB
VmallocTotal:   263061440 kB
VmallocUsed:      104120 kB
VmallocChunk:          0 kB
Percpu:             7648 kB
CmaTotal:         294912 kB
CmaFree:               0 kB
MemTotal:       12113136 kB
MemFree:          472368 kB
MemAvailable:    7937392 kB
Buffers:            6856 kB
Cached:          7823992 kB
SwapCached:            0 kB
Active:          2090232 kB
Inactive:        6982336 kB
Active(anon):    1148804 kB
Inactive(anon):   130712 kB
Active(file):     941428 kB
Inactive(file):  6851624 kB
Unevictable:        5716 kB
Mlocked:            5716 kB
SwapTotal:       3145724 kB
SwapFree:        3145724 kB
Dirty:               648 kB
Writeback:             0 kB
AnonPages:       1247568 kB
Mapped:           771960 kB
Shmem:             33128 kB
KReclaimable:     540676 kB
Slab:             226180 kB
SReclaimable:      79252 kB
SUnreclaim:       146928 kB
KernelStack:       47088 kB
PageTables:        63588 kB
NFS_Unstable:          0 kB
Bounce:                0 kB
WritebackTmp:          0 kB
CommitLimit:     9202292 kB
Committed_AS:   67487008 kB
VmallocTotal:   263061440 kB
VmallocUsed:      104104 kB
VmallocChunk:          0 kB
Percpu:             7648 kB
CmaTotal:         294912 kB
CmaFree:               0 kB
MemTotal:       12113136 kB
MemFree:          471784 kB
MemAvailable:    7936824 kB
Buffers:            6856 kB
Cached:          7824008 kB
SwapCached:            0 kB
Active:          2090436 kB
Inactive:        6982352 kB
Active(anon):    1149008 kB
Inactive(anon):   130712 kB
Active(file):     941428 kB
Inactive(file):  6851640 kB
Unevictable:        5716 kB
Mlocked:            5716 kB
SwapTotal:       3145724 kB
SwapFree:        3145724 kB
Dirty:               664 kB
Writeback:             0 kB
AnonPages:       1247708 kB
Mapped:           771764 kB
Shmem:             33128 kB
KReclaimable:     540676 kB
Slab:             226164 kB
SReclaimable:      79252 kB
SUnreclaim:       146912 kB
KernelStack:       47088 kB
PageTables:        63592 kB
NFS_Unstable:          0 kB
Bounce:                0 kB
WritebackTmp:          0 kB
CommitLimit:     9202292 kB
Committed_AS:   67491992 kB
VmallocTotal:   263061440 kB
VmallocUsed:      104104 kB
VmallocChunk:          0 kB
Percpu:             7648 kB
CmaTotal:         294912 kB
CmaFree:               0 kB
MemTotal:       12113136 kB
MemFree:          484764 kB
MemAvailable:    7949816 kB
Buffers:            6856 kB
Cached:          7824020 kB
SwapCached:            0 kB
Active:          2075884 kB
Inactive:        6982364 kB
Active(anon):    1134456 kB
Inactive(anon):   130712 kB
Active(file):     941428 kB
Inactive(file):  6851652 kB
Unevictable:        5716 kB
Mlocked:            5716 kB
SwapTotal:       3145724 kB
SwapFree:        3145724 kB
Dirty:               676 kB
Writeback:             0 kB
AnonPages:       1233140 kB
Mapped:           771764 kB
Shmem:             33128 kB
KReclaimable:     540676 kB
Slab:             226188 kB
SReclaimable:      79252 kB
SUnreclaim:       146936 kB
KernelStack:       47088 kB
PageTables:        63592 kB
NFS_Unstable:          0 kB
Bounce:                0 kB
WritebackTmp:          0 kB
CommitLimit:     9202292 kB
Committed_AS:   67486332 kB
VmallocTotal:   263061440 kB
VmallocUsed:      104088 kB
VmallocChunk:          0 kB
Percpu:             7648 kB
CmaTotal:         294912 kB
CmaFree:               0 kB
MemTotal:       12113136 kB
MemFree:          485780 kB
MemAvailable:    7950840 kB
Buffers:            6856 kB
Cached:          7824048 kB
SwapCached:            0 kB
Active:          2074536 kB
Inactive:        6982392 kB
Active(anon):    1133108 kB
Inactive(anon):   130732 kB
Active(file):     941428 kB
Inactive(file):  6851660 kB
Unevictable:        5716 kB
Mlocked:            5716 kB
SwapTotal:       3145724 kB
SwapFree:        3145724 kB
Dirty:               684 kB
Writeback:             0 kB
AnonPages:       1231928 kB
Mapped:           771784 kB
Shmem:             33148 kB
KReclaimable:     540676 kB
Slab:             226148 kB
SReclaimable:      79252 kB
SUnreclaim:       146896 kB
KernelStack:       47088 kB
PageTables:        63600 kB
NFS_Unstable:          0 kB
Bounce:                0 kB
WritebackTmp:          0 kB
CommitLimit:     9202292 kB
Committed_AS:   67490232 kB
VmallocTotal:   263061440 kB
VmallocUsed:      104088 kB
VmallocChunk:          0 kB
Percpu:             7648 kB
CmaTotal:         294912 kB
CmaFree:               0 kB
MemTotal:       12113136 kB
MemFree:          484872 kB
MemAvailable:    7949968 kB
Buffers:            6856 kB
Cached:          7824084 kB
SwapCached:            0 kB
Active:          2075220 kB
Inactive:        6982424 kB
Active(anon):    1133788 kB
Inactive(anon):   130732 kB
Active(file):     941432 kB
Inactive(file):  6851692 kB
Unevictable:        5716 kB
Mlocked:            5716 kB
SwapTotal:       3145724 kB
SwapFree:        3145724 kB
Dirty:               720 kB
Writeback:             0 kB
AnonPages:       1232524 kB
Mapped:           771784 kB
Shmem:             33148 kB
KReclaimable:     540676 kB
Slab:             226196 kB
SReclaimable:      79252 kB
SUnreclaim:       146944 kB
KernelStack:       47072 kB
PageTables:        63592 kB
NFS_Unstable:          0 kB
Bounce:                0 kB
WritebackTmp:          0 kB
CommitLimit:     9202292 kB
Committed_AS:   67489948 kB
VmallocTotal:   263061440 kB
VmallocUsed:      104120 kB
VmallocChunk:          0 kB
Percpu:             7648 kB
CmaTotal:         294912 kB
CmaFree:               0 kB
MemTotal:       12113136 kB
MemFree:          485232 kB
MemAvailable:    7950308 kB
Buffers:            6856 kB
Cached:          7824064 kB
SwapCached:            0 kB
Active:          2075160 kB
Inactive:        6982412 kB
Active(anon):    1133736 kB
Inactive(anon):   130732 kB
Active(file):     941424 kB
Inactive(file):  6851680 kB
Unevictable:        5716 kB
Mlocked:            5716 kB
SwapTotal:       3145724 kB
SwapFree:        3145724 kB
Dirty:               724 kB
Writeback:             0 kB
AnonPages:       1232712 kB
Mapped:           771784 kB
Shmem:             33148 kB
KReclaimable:     540676 kB
Slab:             226188 kB
SReclaimable:      79252 kB
SUnreclaim:       146936 kB
KernelStack:       47088 kB
PageTables:        63560 kB
NFS_Unstable:          0 kB
Bounce:                0 kB
WritebackTmp:          0 kB
CommitLimit:     9202292 kB
Committed_AS:   67487176 kB
VmallocTotal:   263061440 kB
VmallocUsed:      104104 kB
VmallocChunk:          0 kB
Percpu:             7648 kB
CmaTotal:         294912 kB
CmaFree:               0 kB
MemTotal:       12113136 kB
MemFree:          487688 kB
MemAvailable:    7952784 kB
Buffers:            6856 kB
Cached:          7824084 kB
SwapCached:            0 kB
Active:          2074468 kB
Inactive:        6982428 kB
Active(anon):    1133040 kB
Inactive(anon):   130732 kB
Active(file):     941428 kB
Inactive(file):  6851696 kB
Unevictable:        5716 kB
Mlocked:            5716 kB
SwapTotal:       3145724 kB
SwapFree:        3145724 kB
Dirty:               776 kB
Writeback:             0 kB
AnonPages:       1231604 kB
Mapped:           771784 kB
Shmem:             33148 kB
KReclaimable:     540676 kB
Slab:             226164 kB
SReclaimable:      79252 kB
SUnreclaim:       146912 kB
KernelStack:       47088 kB
PageTables:        63688 kB
NFS_Unstable:          0 kB
Bounce:                0 kB
WritebackTmp:          0 kB
CommitLimit:     9202292 kB
Committed_AS:   67485608 kB
VmallocTotal:   263061440 kB
VmallocUsed:      104136 kB
VmallocChunk:          0 kB
Percpu:             7648 kB
CmaTotal:         294912 kB
CmaFree:               0 kB
MemTotal:       12113136 kB
MemFree:          483720 kB
MemAvailable:    7948832 kB
Buffers:            6856 kB
Cached:          7824100 kB
SwapCached:            0 kB
Active:          2080600 kB
Inactive:        6982444 kB
Active(anon):    1139172 kB
Inactive(anon):   130732 kB
Active(file):     941428 kB
Inactive(file):  6851712 kB
Unevictable:        5716 kB
Mlocked:            5716 kB
SwapTotal:       3145724 kB
SwapFree:        3145724 kB
Dirty:               180 kB
Writeback:           156 kB
AnonPages:       1237712 kB
Mapped:           771784 kB
Shmem:             33148 kB
KReclaimable:     540676 kB
Slab:             226388 kB
SReclaimable:      79252 kB
SUnreclaim:       147136 kB
KernelStack:       47024 kB
PageTables:        63588 kB
NFS_Unstable:          0 kB
Bounce:                0 kB
WritebackTmp:          0 kB
CommitLimit:     9202292 kB
Committed_AS:   67486516 kB
VmallocTotal:   263061440 kB
VmallocUsed:      104072 kB
VmallocChunk:          0 kB
Percpu:             7648 kB
CmaTotal:         294912 kB
CmaFree:             136 kB
MemTotal:       12113136 kB
MemFree:          450240 kB
MemAvailable:    7915368 kB
Buffers:            6856 kB
Cached:          7824184 kB
SwapCached:            0 kB
Active:          2112704 kB
Inactive:        6982460 kB
Active(anon):    1171276 kB
Inactive(anon):   130732 kB
Active(file):     941428 kB
Inactive(file):  6851728 kB
Unevictable:        5716 kB
Mlocked:            5716 kB
SwapTotal:       3145724 kB
SwapFree:        3145724 kB
Dirty:               236 kB
Writeback:             0 kB
AnonPages:       1269656 kB
Mapped:           771784 kB
Shmem:             33216 kB
KReclaimable:     540676 kB
Slab:             226168 kB
SReclaimable:      79252 kB
SUnreclaim:       146916 kB
KernelStack:       47024 kB
PageTables:        63484 kB
NFS_Unstable:          0 kB
Bounce:                0 kB
WritebackTmp:          0 kB
CommitLimit:     9202292 kB
Committed_AS:   67485488 kB
VmallocTotal:   263061440 kB
VmallocUsed:      104024 kB
VmallocChunk:          0 kB
Percpu:             7648 kB
CmaTotal:         294912 kB
CmaFree:               0 kB
MemTotal:       12113136 kB
MemFree:          450040 kB
MemAvailable:    7915176 kB
Buffers:            6856 kB
Cached:          7824124 kB
SwapCached:            0 kB
Active:          2113272 kB
Inactive:        6982468 kB
Active(anon):    1171844 kB
Inactive(anon):   130732 kB
Active(file):     941428 kB
Inactive(file):  6851736 kB
Unevictable:        5716 kB
Mlocked:            5716 kB
SwapTotal:       3145724 kB
SwapFree:        3145724 kB
Dirty:               264 kB
Writeback:             0 kB
AnonPages:       1270480 kB
Mapped:           771784 kB
Shmem:             33148 kB
KReclaimable:     540676 kB
Slab:             226160 kB
SReclaimable:      79252 kB
SUnreclaim:       146908 kB
KernelStack:       47024 kB
PageTables:        63592 kB
NFS_Unstable:          0 kB
Bounce:                0 kB
WritebackTmp:          0 kB
CommitLimit:     9202292 kB
Committed_AS:   67481432 kB
VmallocTotal:   263061440 kB
VmallocUsed:      104008 kB
VmallocChunk:          0 kB
Percpu:             7648 kB
CmaTotal:         294912 kB
CmaFree:               0 kB
MemTotal:       12113136 kB
MemFree:          444396 kB
MemAvailable:    7909536 kB
Buffers:            6856 kB
Cached:          7824128 kB
SwapCached:            0 kB
Active:          2122072 kB
Inactive:        6982472 kB
Active(anon):    1180644 kB
Inactive(anon):   130732 kB
Active(file):     941428 kB
Inactive(file):  6851740 kB
Unevictable:        5716 kB
Mlocked:            5716 kB
SwapTotal:       3145724 kB
SwapFree:        3145724 kB
Dirty:               312 kB
Writeback:             0 kB
AnonPages:       1279316 kB
Mapped:           771784 kB
Shmem:             33148 kB
KReclaimable:     540676 kB
Slab:             226168 kB
SReclaimable:      79252 kB
SUnreclaim:       146916 kB
KernelStack:       47008 kB
PageTables:        63592 kB
NFS_Unstable:          0 kB
Bounce:                0 kB
WritebackTmp:          0 kB
CommitLimit:     9202292 kB
Committed_AS:   67481136 kB
VmallocTotal:   263061440 kB
VmallocUsed:      104008 kB
VmallocChunk:          0 kB
Percpu:             7648 kB
CmaTotal:         294912 kB
CmaFree:               0 kB
MemTotal:       12113136 kB
MemFree:          448008 kB
MemAvailable:    7913168 kB
Buffers:            6860 kB
Cached:          7824144 kB
SwapCached:            0 kB
Active:          2114572 kB
Inactive:        6982492 kB
Active(anon):    1173144 kB
Inactive(anon):   130732 kB
Active(file):     941428 kB
Inactive(file):  6851760 kB
Unevictable:        5716 kB
Mlocked:            5716 kB
SwapTotal:       3145724 kB
SwapFree:        3145724 kB
Dirty:               336 kB
Writeback:             0 kB
AnonPages:       1272004 kB
Mapped:           771784 kB
Shmem:             33148 kB
KReclaimable:     540676 kB
Slab:             226164 kB
SReclaimable:      79252 kB
SUnreclaim:       146912 kB
KernelStack:       47008 kB
PageTables:        63588 kB
NFS_Unstable:          0 kB
Bounce:                0 kB
WritebackTmp:          0 kB
CommitLimit:     9202292 kB
Committed_AS:   67499372 kB
VmallocTotal:   263061440 kB
VmallocUsed:      104024 kB
VmallocChunk:          0 kB
Percpu:             7648 kB
CmaTotal:         294912 kB
CmaFree:               0 kB
MemTotal:       12113136 kB
MemFree:          445736 kB
MemAvailable:    7911052 kB
Buffers:            6860 kB
Cached:          7824300 kB
SwapCached:            0 kB
Active:          2115912 kB
Inactive:        6982644 kB
Active(anon):    1174480 kB
Inactive(anon):   130732 kB
Active(file):     941432 kB
Inactive(file):  6851912 kB
Unevictable:        5716 kB
Mlocked:            5716 kB
SwapTotal:       3145724 kB
SwapFree:        3145724 kB
Dirty:               240 kB
Writeback:           168 kB
AnonPages:       1273348 kB
Mapped:           771848 kB
Shmem:             33148 kB
KReclaimable:     540676 kB
Slab:             226180 kB
SReclaimable:      79252 kB
SUnreclaim:       146928 kB
KernelStack:       47008 kB
PageTables:        63588 kB
NFS_Unstable:          0 kB
Bounce:                0 kB
WritebackTmp:          0 kB
CommitLimit:     9202292 kB
Committed_AS:   67499188 kB
VmallocTotal:   263061440 kB
VmallocUsed:      104024 kB
VmallocChunk:          0 kB
Percpu:             7648 kB
CmaTotal:         294912 kB
CmaFree:               0 kB
MemTotal:       12113136 kB
MemFree:          445664 kB
MemAvailable:    7910992 kB
Buffers:            6860 kB
Cached:          7824312 kB
SwapCached:            0 kB
Active:          2116240 kB
Inactive:        6982656 kB
Active(anon):    1174808 kB
Inactive(anon):   130732 kB
Active(file):     941432 kB
Inactive(file):  6851924 kB
Unevictable:        5716 kB
Mlocked:            5716 kB
SwapTotal:       3145724 kB
SwapFree:        3145724 kB
Dirty:               288 kB
Writeback:             0 kB
AnonPages:       1273468 kB
Mapped:           771848 kB
Shmem:             33148 kB
KReclaimable:     540676 kB
Slab:             226180 kB
SReclaimable:      79252 kB
SUnreclaim:       146928 kB
KernelStack:       47008 kB
PageTables:        63584 kB
NFS_Unstable:          0 kB
Bounce:                0 kB
WritebackTmp:          0 kB
CommitLimit:     9202292 kB
Committed_AS:   67496836 kB
VmallocTotal:   263061440 kB
VmallocUsed:      104008 kB
VmallocChunk:          0 kB
Percpu:             7648 kB
CmaTotal:         294912 kB
CmaFree:               0 kB
MemTotal:       12113136 kB
MemFree:          444728 kB
MemAvailable:    7910072 kB
Buffers:            6860 kB
Cached:          7824328 kB
SwapCached:            0 kB
Active:          2116528 kB
Inactive:        6982672 kB
Active(anon):    1175096 kB
Inactive(anon):   130732 kB
Active(file):     941432 kB
Inactive(file):  6851940 kB
Unevictable:        5716 kB
Mlocked:            5716 kB
SwapTotal:       3145724 kB
SwapFree:        3145724 kB
Dirty:               308 kB
Writeback:             0 kB
AnonPages:       1273692 kB
Mapped:           771956 kB
Shmem:             33148 kB
KReclaimable:     540676 kB
Slab:             226164 kB
SReclaimable:      79252 kB
SUnreclaim:       146912 kB
KernelStack:       46992 kB
PageTables:        63596 kB
NFS_Unstable:          0 kB
Bounce:                0 kB
WritebackTmp:          0 kB
CommitLimit:     9202292 kB
Committed_AS:   67487356 kB
VmallocTotal:   263061440 kB
VmallocUsed:      103992 kB
VmallocChunk:          0 kB
Percpu:             7648 kB
CmaTotal:         294912 kB
CmaFree:               0 kB
MemTotal:       12113136 kB
MemFree:          444416 kB
MemAvailable:    7909768 kB
Buffers:            6860 kB
Cached:          7824336 kB
SwapCached:            0 kB
Active:          2117264 kB
Inactive:        6982680 kB
Active(anon):    1175832 kB
Inactive(anon):   130732 kB
Active(file):     941432 kB
Inactive(file):  6851948 kB
Unevictable:        5716 kB
Mlocked:            5716 kB
SwapTotal:       3145724 kB
SwapFree:        3145724 kB
Dirty:               316 kB
Writeback:             0 kB
AnonPages:       1274564 kB
Mapped:           771848 kB
Shmem:             33148 kB
KReclaimable:     540676 kB
Slab:             226164 kB
SReclaimable:      79252 kB
SUnreclaim:       146912 kB
KernelStack:       46976 kB
PageTables:        63508 kB
NFS_Unstable:          0 kB
Bounce:                0 kB
WritebackTmp:          0 kB
CommitLimit:     9202292 kB
Committed_AS:   67478368 kB
VmallocTotal:   263061440 kB
VmallocUsed:      103944 kB
VmallocChunk:          0 kB
Percpu:             7648 kB
CmaTotal:         294912 kB
CmaFree:               0 kB
MemTotal:       12113136 kB
MemFree:          443876 kB
MemAvailable:    7909244 kB
Buffers:            6860 kB
Cached:          7824352 kB
SwapCached:            0 kB
Active:          2118040 kB
Inactive:        6982696 kB
Active(anon):    1176608 kB
Inactive(anon):   130732 kB
Active(file):     941432 kB
Inactive(file):  6851964 kB
Unevictable:        5716 kB
Mlocked:            5716 kB
SwapTotal:       3145724 kB
SwapFree:        3145724 kB
Dirty:               348 kB
Writeback:             0 kB
AnonPages:       1275404 kB
Mapped:           771848 kB
Shmem:             33148 kB
KReclaimable:     540676 kB
Slab:             226164 kB
SReclaimable:      79252 kB
SUnreclaim:       146912 kB
KernelStack:       46976 kB
PageTables:        63592 kB
NFS_Unstable:          0 kB
Bounce:                0 kB
WritebackTmp:          0 kB
CommitLimit:     9202292 kB
Committed_AS:   67481052 kB
VmallocTotal:   263061440 kB
VmallocUsed:      103960 kB
VmallocChunk:          0 kB
Percpu:             7648 kB
CmaTotal:         294912 kB
CmaFree:               0 kB
MemTotal:       12113136 kB
MemFree:          443776 kB
MemAvailable:    7909152 kB
Buffers:            6860 kB
Cached:          7824360 kB
SwapCached:            0 kB
Active:          2117696 kB
Inactive:        6982704 kB
Active(anon):    1176264 kB
Inactive(anon):   130732 kB
Active(file):     941432 kB
Inactive(file):  6851972 kB
Unevictable:        5716 kB
Mlocked:            5716 kB
SwapTotal:       3145724 kB
SwapFree:        3145724 kB
Dirty:               356 kB
Writeback:             0 kB
AnonPages:       1275320 kB
Mapped:           771848 kB
Shmem:             33148 kB
KReclaimable:     540676 kB
Slab:             226172 kB
SReclaimable:      79252 kB
SUnreclaim:       146920 kB
KernelStack:       46976 kB
PageTables:        63584 kB
NFS_Unstable:          0 kB
Bounce:                0 kB
WritebackTmp:          0 kB
CommitLimit:     9202292 kB
Committed_AS:   67485180 kB
VmallocTotal:   263061440 kB
VmallocUsed:      103992 kB
VmallocChunk:          0 kB
Percpu:             7648 kB
CmaTotal:         294912 kB
CmaFree:               0 kB
MemTotal:       12113136 kB
MemFree:          442176 kB
MemAvailable:    7907568 kB
Buffers:            6860 kB
Cached:          7824376 kB
SwapCached:            0 kB
Active:          2118608 kB
Inactive:        6982720 kB
Active(anon):    1177176 kB
Inactive(anon):   130732 kB
Active(file):     941432 kB
Inactive(file):  6851988 kB
Unevictable:        5716 kB
Mlocked:            5716 kB
SwapTotal:       3145724 kB
SwapFree:        3145724 kB
Dirty:               372 kB
Writeback:             0 kB
AnonPages:       1275700 kB
Mapped:           771848 kB
Shmem:             33148 kB
KReclaimable:     540676 kB
Slab:             226156 kB
SReclaimable:      79252 kB
SUnreclaim:       146904 kB
KernelStack:       46976 kB
PageTables:        63588 kB
NFS_Unstable:          0 kB
Bounce:                0 kB
WritebackTmp:          0 kB
CommitLimit:     9202292 kB
Committed_AS:   67487360 kB
VmallocTotal:   263061440 kB
VmallocUsed:      103992 kB
VmallocChunk:          0 kB
Percpu:             7648 kB
CmaTotal:         294912 kB
CmaFree:               0 kB
MemTotal:       12113136 kB
MemFree:          441648 kB
MemAvailable:    7907036 kB
Buffers:            6860 kB
Cached:          7824372 kB
SwapCached:            0 kB
Active:          2119252 kB
Inactive:        6982720 kB
Active(anon):    1177824 kB
Inactive(anon):   130732 kB
Active(file):     941428 kB
Inactive(file):  6851988 kB
Unevictable:        5716 kB
Mlocked:            5716 kB
SwapTotal:       3145724 kB
SwapFree:        3145724 kB
Dirty:               380 kB
Writeback:             0 kB
AnonPages:       1276244 kB
Mapped:           771848 kB
Shmem:             33148 kB
KReclaimable:     540676 kB
Slab:             226168 kB
SReclaimable:      79252 kB
SUnreclaim:       146916 kB
KernelStack:       46976 kB
PageTables:        63580 kB
NFS_Unstable:          0 kB
Bounce:                0 kB
WritebackTmp:          0 kB
CommitLimit:     9202292 kB
Committed_AS:   67489960 kB
VmallocTotal:   263061440 kB
VmallocUsed:      104008 kB
VmallocChunk:          0 kB
Percpu:             7648 kB
CmaTotal:         294912 kB
CmaFree:               0 kB
MemTotal:       12113136 kB
MemFree:          440608 kB
MemAvailable:    7906024 kB
Buffers:            6860 kB
Cached:          7824400 kB
SwapCached:            0 kB
Active:          2120176 kB
Inactive:        6982744 kB
Active(anon):    1178744 kB
Inactive(anon):   130732 kB
Active(file):     941432 kB
Inactive(file):  6852012 kB
Unevictable:        5716 kB
Mlocked:            5716 kB
SwapTotal:       3145724 kB
SwapFree:        3145724 kB
Dirty:               408 kB
Writeback:             0 kB
AnonPages:       1277100 kB
Mapped:           771848 kB
Shmem:             33148 kB
KReclaimable:     540676 kB
Slab:             226168 kB
SReclaimable:      79252 kB
SUnreclaim:       146916 kB
KernelStack:       46976 kB
PageTables:        63596 kB
NFS_Unstable:          0 kB
Bounce:                0 kB
WritebackTmp:          0 kB
CommitLimit:     9202292 kB
Committed_AS:   67491328 kB
VmallocTotal:   263061440 kB
VmallocUsed:      104024 kB
VmallocChunk:          0 kB
Percpu:             7648 kB
CmaTotal:         294912 kB
CmaFree:               0 kB
MemTotal:       12113136 kB
MemFree:          439780 kB
MemAvailable:    7905204 kB
Buffers:            6860 kB
Cached:          7824408 kB
SwapCached:            0 kB
Active:          2120724 kB
Inactive:        6982752 kB
Active(anon):    1179292 kB
Inactive(anon):   130732 kB
Active(file):     941432 kB
Inactive(file):  6852020 kB
Unevictable:        5716 kB
Mlocked:            5716 kB
SwapTotal:       3145724 kB
SwapFree:        3145724 kB
Dirty:               444 kB
Writeback:             0 kB
AnonPages:       1278260 kB
Mapped:           771848 kB
Shmem:             33148 kB
KReclaimable:     540676 kB
Slab:             226160 kB
SReclaimable:      79252 kB
SUnreclaim:       146908 kB
KernelStack:       47072 kB
PageTables:        63324 kB
NFS_Unstable:          0 kB
Bounce:                0 kB
WritebackTmp:          0 kB
CommitLimit:     9202292 kB
Committed_AS:   67480400 kB
VmallocTotal:   263061440 kB
VmallocUsed:      104024 kB
VmallocChunk:          0 kB
Percpu:             7648 kB
CmaTotal:         294912 kB
CmaFree:               0 kB
MemTotal:       12113136 kB
MemFree:          439432 kB
MemAvailable:    7904868 kB
Buffers:            6860 kB
Cached:          7824420 kB
SwapCached:            0 kB
Active:          2121448 kB
Inactive:        6982764 kB
Active(anon):    1180016 kB
Inactive(anon):   130732 kB
Active(file):     941432 kB
Inactive(file):  6852032 kB
Unevictable:        5716 kB
Mlocked:            5716 kB
SwapTotal:       3145724 kB
SwapFree:        3145724 kB
Dirty:               408 kB
Writeback:             0 kB
AnonPages:       1278648 kB
Mapped:           771848 kB
Shmem:             33148 kB
KReclaimable:     540676 kB
Slab:             226160 kB
SReclaimable:      79252 kB
SUnreclaim:       146908 kB
KernelStack:       47056 kB
PageTables:        63588 kB
NFS_Unstable:          0 kB
Bounce:                0 kB
WritebackTmp:          0 kB
CommitLimit:     9202292 kB
Committed_AS:   67482828 kB
VmallocTotal:   263061440 kB
VmallocUsed:      104056 kB
VmallocChunk:          0 kB
Percpu:             7648 kB
CmaTotal:         294912 kB
CmaFree:               0 kB
MemTotal:       12113136 kB
MemFree:          439204 kB
MemAvailable:    7904656 kB
Buffers:            6860 kB
Cached:          7824436 kB
SwapCached:            0 kB
Active:          2122380 kB
Inactive:        6982780 kB
Active(anon):    1180948 kB
Inactive(anon):   130732 kB
Active(file):     941432 kB
Inactive(file):  6852048 kB
Unevictable:        5716 kB
Mlocked:            5716 kB
SwapTotal:       3145724 kB
SwapFree:        3145724 kB
Dirty:               424 kB
Writeback:             0 kB
AnonPages:       1279880 kB
Mapped:           771848 kB
Shmem:             33148 kB
KReclaimable:     540676 kB
Slab:             226160 kB
SReclaimable:      79252 kB
SUnreclaim:       146908 kB
KernelStack:       47056 kB
PageTables:        63584 kB
NFS_Unstable:          0 kB
Bounce:                0 kB
WritebackTmp:          0 kB
CommitLimit:     9202292 kB
Committed_AS:   67488324 kB
VmallocTotal:   263061440 kB
VmallocUsed:      104040 kB
VmallocChunk:          0 kB
Percpu:             7648 kB
CmaTotal:         294912 kB
CmaFree:               0 kB
MemTotal:       12113136 kB
MemFree:          438616 kB
MemAvailable:    7904076 kB
Buffers:            6860 kB
Cached:          7824444 kB
SwapCached:            0 kB
Active:          2122856 kB
Inactive:        6982788 kB
Active(anon):    1181424 kB
Inactive(anon):   130732 kB
Active(file):     941432 kB
Inactive(file):  6852056 kB
Unevictable:        5716 kB
Mlocked:            5716 kB
SwapTotal:       3145724 kB
SwapFree:        3145724 kB
Dirty:               432 kB
Writeback:             0 kB
AnonPages:       1280116 kB
Mapped:           771848 kB
Shmem:             33148 kB
KReclaimable:     540676 kB
Slab:             226168 kB
SReclaimable:      79252 kB
SUnreclaim:       146916 kB
KernelStack:       47056 kB
PageTables:        63584 kB
NFS_Unstable:          0 kB
Bounce:                0 kB
WritebackTmp:          0 kB
CommitLimit:     9202292 kB
Committed_AS:   67491416 kB
VmallocTotal:   263061440 kB
VmallocUsed:      104056 kB
VmallocChunk:          0 kB
Percpu:             7648 kB
CmaTotal:         294912 kB
CmaFree:               0 kB
MemTotal:       12113136 kB
MemFree:          475692 kB
MemAvailable:    7941164 kB
Buffers:            6860 kB
Cached:          7824456 kB
SwapCached:            0 kB
Active:          2082856 kB
Inactive:        6982800 kB
Active(anon):    1141424 kB
Inactive(anon):   130732 kB
Active(file):     941432 kB
Inactive(file):  6852068 kB
Unevictable:        5716 kB
Mlocked:            5716 kB
SwapTotal:       3145724 kB
SwapFree:        3145724 kB
Dirty:               492 kB
Writeback:             0 kB
AnonPages:       1240008 kB
Mapped:           771848 kB
Shmem:             33148 kB
KReclaimable:     540676 kB
Slab:             226160 kB
SReclaimable:      79252 kB
SUnreclaim:       146908 kB
KernelStack:       47056 kB
PageTables:        63584 kB
NFS_Unstable:          0 kB
Bounce:                0 kB
WritebackTmp:          0 kB
CommitLimit:     9202292 kB
Committed_AS:   67491496 kB
VmallocTotal:   263061440 kB
VmallocUsed:      104072 kB
VmallocChunk:          0 kB
Percpu:             7648 kB
CmaTotal:         294912 kB
CmaFree:              96 kB
MemTotal:       12113136 kB
MemFree:          477368 kB
MemAvailable:    7942852 kB
Buffers:            6860 kB
Cached:          7824468 kB
SwapCached:            0 kB
Active:          2082176 kB
Inactive:        6982812 kB
Active(anon):    1140744 kB
Inactive(anon):   130732 kB
Active(file):     941432 kB
Inactive(file):  6852080 kB
Unevictable:        5716 kB
Mlocked:            5716 kB
SwapTotal:       3145724 kB
SwapFree:        3145724 kB
Dirty:               504 kB
Writeback:             0 kB
AnonPages:       1239544 kB
Mapped:           771848 kB
Shmem:             33148 kB
KReclaimable:     540676 kB
Slab:             226160 kB
SReclaimable:      79252 kB
SUnreclaim:       146908 kB
KernelStack:       47056 kB
PageTables:        63596 kB
NFS_Unstable:          0 kB
Bounce:                0 kB
WritebackTmp:          0 kB
CommitLimit:     9202292 kB
Committed_AS:   67491628 kB
VmallocTotal:   263061440 kB
VmallocUsed:      104056 kB
VmallocChunk:          0 kB
Percpu:             7648 kB
CmaTotal:         294912 kB
CmaFree:               0 kB
MemTotal:       12113136 kB
MemFree:          476144 kB
MemAvailable:    7941660 kB
Buffers:            6864 kB
Cached:          7824496 kB
SwapCached:            0 kB
Active:          2082668 kB
Inactive:        6982840 kB
Active(anon):    1141232 kB
Inactive(anon):   130732 kB
Active(file):     941436 kB
Inactive(file):  6852108 kB
Unevictable:        5716 kB
Mlocked:            5716 kB
SwapTotal:       3145724 kB
SwapFree:        3145724 kB
Dirty:               492 kB
Writeback:             0 kB
AnonPages:       1240104 kB
Mapped:           771848 kB
Shmem:             33148 kB
KReclaimable:     540676 kB
Slab:             226160 kB
SReclaimable:      79252 kB
SUnreclaim:       146908 kB
KernelStack:       47040 kB
PageTables:        63588 kB
NFS_Unstable:          0 kB
Bounce:                0 kB
WritebackTmp:          0 kB
CommitLimit:     9202292 kB
Committed_AS:   67491452 kB
VmallocTotal:   263061440 kB
VmallocUsed:      104088 kB
VmallocChunk:          0 kB
Percpu:             7648 kB
CmaTotal:         294912 kB
CmaFree:               0 kB
MemTotal:       12113136 kB
MemFree:          475840 kB
MemAvailable:    7941372 kB
Buffers:            6864 kB
Cached:          7824512 kB
SwapCached:            0 kB
Active:          2083208 kB
Inactive:        6982856 kB
Active(anon):    1141772 kB
Inactive(anon):   130732 kB
Active(file):     941436 kB
Inactive(file):  6852124 kB
Unevictable:        5716 kB
Mlocked:            5716 kB
SwapTotal:       3145724 kB
SwapFree:        3145724 kB
Dirty:               520 kB
Writeback:             0 kB
AnonPages:       1240384 kB
Mapped:           771848 kB
Shmem:             33148 kB
KReclaimable:     540676 kB
Slab:             226160 kB
SReclaimable:      79252 kB
SUnreclaim:       146908 kB
KernelStack:       47040 kB
PageTables:        63592 kB
NFS_Unstable:          0 kB
Bounce:                0 kB
WritebackTmp:          0 kB
CommitLimit:     9202292 kB
Committed_AS:   67491312 kB
VmallocTotal:   263061440 kB
VmallocUsed:      104088 kB
VmallocChunk:          0 kB
Percpu:             7648 kB
CmaTotal:         294912 kB
CmaFree:               0 kB
MemTotal:       12113136 kB
MemFree:          475796 kB
MemAvailable:    7941336 kB
Buffers:            6864 kB
Cached:          7824520 kB
SwapCached:            0 kB
Active:          2083716 kB
Inactive:        6982864 kB
Active(anon):    1142280 kB
Inactive(anon):   130732 kB
Active(file):     941436 kB
Inactive(file):  6852132 kB
Unevictable:        5716 kB
Mlocked:            5716 kB
SwapTotal:       3145724 kB
SwapFree:        3145724 kB
Dirty:               528 kB
Writeback:             0 kB
AnonPages:       1240952 kB
Mapped:           771848 kB
Shmem:             33148 kB
KReclaimable:     540676 kB
Slab:             226168 kB
SReclaimable:      79252 kB
SUnreclaim:       146916 kB
KernelStack:       47040 kB
PageTables:        63584 kB
NFS_Unstable:          0 kB
Bounce:                0 kB
WritebackTmp:          0 kB
CommitLimit:     9202292 kB
Committed_AS:   67491400 kB
VmallocTotal:   263061440 kB
VmallocUsed:      104072 kB
VmallocChunk:          0 kB
Percpu:             7648 kB
CmaTotal:         294912 kB
CmaFree:               0 kB
MemTotal:       12113136 kB
MemFree:          475556 kB
MemAvailable:    7941116 kB
Buffers:            6864 kB
Cached:          7824540 kB
SwapCached:            0 kB
Active:          2084364 kB
Inactive:        6982884 kB
Active(anon):    1142928 kB
Inactive(anon):   130732 kB
Active(file):     941436 kB
Inactive(file):  6852152 kB
Unevictable:        5716 kB
Mlocked:            5716 kB
SwapTotal:       3145724 kB
SwapFree:        3145724 kB
Dirty:               548 kB
Writeback:             0 kB
AnonPages:       1241604 kB
Mapped:           771848 kB
Shmem:             33148 kB
KReclaimable:     540676 kB
Slab:             226160 kB
SReclaimable:      79252 kB
SUnreclaim:       146908 kB
KernelStack:       47040 kB
PageTables:        63584 kB
NFS_Unstable:          0 kB
Bounce:                0 kB
WritebackTmp:          0 kB
CommitLimit:     9202292 kB
Committed_AS:   67491400 kB
VmallocTotal:   263061440 kB
VmallocUsed:      104072 kB
VmallocChunk:          0 kB
Percpu:             7648 kB
CmaTotal:         294912 kB
CmaFree:               0 kB
MemTotal:       12113136 kB
MemFree:          475604 kB
MemAvailable:    7941168 kB
Buffers:            6864 kB
Cached:          7824544 kB
SwapCached:            0 kB
Active:          2084896 kB
Inactive:        6982888 kB
Active(anon):    1143460 kB
Inactive(anon):   130732 kB
Active(file):     941436 kB
Inactive(file):  6852156 kB
Unevictable:        5716 kB
Mlocked:            5716 kB
SwapTotal:       3145724 kB
SwapFree:        3145724 kB
Dirty:               564 kB
Writeback:             0 kB
AnonPages:       1242308 kB
Mapped:           771848 kB
Shmem:             33148 kB
KReclaimable:     540676 kB
Slab:             226160 kB
SReclaimable:      79252 kB
SUnreclaim:       146908 kB
KernelStack:       47024 kB
PageTables:        63592 kB
NFS_Unstable:          0 kB
Bounce:                0 kB
WritebackTmp:          0 kB
CommitLimit:     9202292 kB
Committed_AS:   67491092 kB
VmallocTotal:   263061440 kB
VmallocUsed:      104056 kB
VmallocChunk:          0 kB
Percpu:             7648 kB
CmaTotal:         294912 kB
CmaFree:               0 kB
MemTotal:       12113136 kB
MemFree:          474508 kB
MemAvailable:    7940080 kB
Buffers:            6864 kB
Cached:          7824552 kB
SwapCached:            0 kB
Active:          2085468 kB
Inactive:        6982900 kB
Active(anon):    1144036 kB
Inactive(anon):   130732 kB
Active(file):     941432 kB
Inactive(file):  6852168 kB
Unevictable:        5716 kB
Mlocked:            5716 kB
SwapTotal:       3145724 kB
SwapFree:        3145724 kB
Dirty:               316 kB
Writeback:             0 kB
AnonPages:       1242776 kB
Mapped:           771848 kB
Shmem:             33148 kB
KReclaimable:     540676 kB
Slab:             226168 kB
SReclaimable:      79252 kB
SUnreclaim:       146916 kB
KernelStack:       47040 kB
PageTables:        63596 kB
NFS_Unstable:          0 kB
Bounce:                0 kB
WritebackTmp:          0 kB
CommitLimit:     9202292 kB
Committed_AS:   67491228 kB
VmallocTotal:   263061440 kB
VmallocUsed:      104072 kB
VmallocChunk:          0 kB
Percpu:             7648 kB
CmaTotal:         294912 kB
CmaFree:               0 kB
MemTotal:       12113136 kB
MemFree:          474968 kB
MemAvailable:    7940564 kB
Buffers:            6864 kB
Cached:          7824576 kB
SwapCached:            0 kB
Active:          2086016 kB
Inactive:        6982920 kB
Active(anon):    1144580 kB
Inactive(anon):   130732 kB
Active(file):     941436 kB
Inactive(file):  6852188 kB
Unevictable:        5716 kB
Mlocked:            5716 kB
SwapTotal:       3145724 kB
SwapFree:        3145724 kB
Dirty:               252 kB
Writeback:             0 kB
AnonPages:       1243252 kB
Mapped:           771848 kB
Shmem:             33148 kB
KReclaimable:     540676 kB
Slab:             226160 kB
SReclaimable:      79252 kB
SUnreclaim:       146908 kB
KernelStack:       47040 kB
PageTables:        63584 kB
NFS_Unstable:          0 kB
Bounce:                0 kB
WritebackTmp:          0 kB
CommitLimit:     9202292 kB
Committed_AS:   67486584 kB
VmallocTotal:   263061440 kB
VmallocUsed:      104040 kB
VmallocChunk:          0 kB
Percpu:             7648 kB
CmaTotal:         294912 kB
CmaFree:               0 kB
MemTotal:       12113136 kB
MemFree:          474136 kB
MemAvailable:    7939740 kB
Buffers:            6864 kB
Cached:          7824584 kB
SwapCached:            0 kB
Active:          2086368 kB
Inactive:        6982932 kB
Active(anon):    1144936 kB
Inactive(anon):   130732 kB
Active(file):     941432 kB
Inactive(file):  6852200 kB
Unevictable:        5716 kB
Mlocked:            5716 kB
SwapTotal:       3145724 kB
SwapFree:        3145724 kB
Dirty:               292 kB
Writeback:             0 kB
AnonPages:       1243696 kB
Mapped:           771848 kB
Shmem:             33148 kB
KReclaimable:     540676 kB
Slab:             226176 kB
SReclaimable:      79252 kB
SUnreclaim:       146924 kB
KernelStack:       47040 kB
PageTables:        63596 kB
NFS_Unstable:          0 kB
Bounce:                0 kB
WritebackTmp:          0 kB
CommitLimit:     9202292 kB
Committed_AS:   67488252 kB
VmallocTotal:   263061440 kB
VmallocUsed:      104056 kB
VmallocChunk:          0 kB
Percpu:             7648 kB
CmaTotal:         294912 kB
CmaFree:               0 kB
MemTotal:       12113136 kB
MemFree:          474028 kB
MemAvailable:    7939648 kB
Buffers:            6864 kB
Cached:          7824600 kB
SwapCached:            0 kB
Active:          2086016 kB
Inactive:        6982944 kB
Active(anon):    1144580 kB
Inactive(anon):   130732 kB
Active(file):     941436 kB
Inactive(file):  6852212 kB
Unevictable:        5716 kB
Mlocked:            5716 kB
SwapTotal:       3145724 kB
SwapFree:        3145724 kB
Dirty:               308 kB
Writeback:             0 kB
AnonPages:       1243276 kB
Mapped:           771956 kB
Shmem:             33148 kB
KReclaimable:     540676 kB
Slab:             226152 kB
SReclaimable:      79252 kB
SUnreclaim:       146900 kB
KernelStack:       47040 kB
PageTables:        63584 kB
NFS_Unstable:          0 kB
Bounce:                0 kB
WritebackTmp:          0 kB
CommitLimit:     9202292 kB
Committed_AS:   67483620 kB
VmallocTotal:   263061440 kB
VmallocUsed:      104072 kB
VmallocChunk:          0 kB
Percpu:             7648 kB
CmaTotal:         294912 kB
CmaFree:               0 kB
MemTotal:       12113136 kB
MemFree:          473204 kB
MemAvailable:    7938832 kB
Buffers:            6864 kB
Cached:          7824608 kB
SwapCached:            0 kB
Active:          2086616 kB
Inactive:        6982952 kB
Active(anon):    1145180 kB
Inactive(anon):   130732 kB
Active(file):     941436 kB
Inactive(file):  6852220 kB
Unevictable:        5716 kB
Mlocked:            5716 kB
SwapTotal:       3145724 kB
SwapFree:        3145724 kB
Dirty:               380 kB
Writeback:             0 kB
AnonPages:       1243840 kB
Mapped:           771848 kB
Shmem:             33148 kB
KReclaimable:     540676 kB
Slab:             226168 kB
SReclaimable:      79252 kB
SUnreclaim:       146916 kB
KernelStack:       47040 kB
PageTables:        63596 kB
NFS_Unstable:          0 kB
Bounce:                0 kB
WritebackTmp:          0 kB
CommitLimit:     9202292 kB
Committed_AS:   67483360 kB
VmallocTotal:   263061440 kB
VmallocUsed:      104072 kB
VmallocChunk:          0 kB
Percpu:             7648 kB
CmaTotal:         294912 kB
CmaFree:               0 kB
MemTotal:       12113136 kB
MemFree:          473072 kB
MemAvailable:    7938716 kB
Buffers:            6864 kB
Cached:          7824624 kB
SwapCached:            0 kB
Active:          2087584 kB
Inactive:        6982968 kB
Active(anon):    1146148 kB
Inactive(anon):   130732 kB
Active(file):     941436 kB
Inactive(file):  6852236 kB
Unevictable:        5716 kB
Mlocked:            5716 kB
SwapTotal:       3145724 kB
SwapFree:        3145724 kB
Dirty:               408 kB
Writeback:             0 kB
AnonPages:       1244804 kB
Mapped:           771848 kB
Shmem:             33148 kB
KReclaimable:     540676 kB
Slab:             226160 kB
SReclaimable:      79252 kB
SUnreclaim:       146908 kB
KernelStack:       47040 kB
PageTables:        63584 kB
NFS_Unstable:          0 kB
Bounce:                0 kB
WritebackTmp:          0 kB
CommitLimit:     9202292 kB
Committed_AS:   67483268 kB
VmallocTotal:   263061440 kB
VmallocUsed:      104072 kB
VmallocChunk:          0 kB
Percpu:             7648 kB
CmaTotal:         294912 kB
CmaFree:               0 kB
MemTotal:       12113136 kB
MemFree:          446764 kB
MemAvailable:    7912412 kB
Buffers:            6864 kB
Cached:          7824580 kB
SwapCached:            0 kB
Active:          2116400 kB
Inactive:        6982924 kB
Active(anon):    1174964 kB
Inactive(anon):   130684 kB
Active(file):     941436 kB
Inactive(file):  6852240 kB
Unevictable:        5716 kB
Mlocked:            5716 kB
SwapTotal:       3145724 kB
SwapFree:        3145724 kB
Dirty:               412 kB
Writeback:             0 kB
AnonPages:       1273556 kB
Mapped:           771800 kB
Shmem:             33100 kB
KReclaimable:     540676 kB
Slab:             226160 kB
SReclaimable:      79252 kB
SUnreclaim:       146908 kB
KernelStack:       47040 kB
PageTables:        63624 kB
NFS_Unstable:          0 kB
Bounce:                0 kB
WritebackTmp:          0 kB
CommitLimit:     9202292 kB
Committed_AS:   67491184 kB
VmallocTotal:   263061440 kB
VmallocUsed:      104072 kB
VmallocChunk:          0 kB
Percpu:             7648 kB
CmaTotal:         294912 kB
CmaFree:               8 kB
MemTotal:       12113136 kB
MemFree:          443936 kB
MemAvailable:    7909604 kB
Buffers:            6864 kB
Cached:          7824648 kB
SwapCached:            0 kB
Active:          2116452 kB
Inactive:        6982992 kB
Active(anon):    1175016 kB
Inactive(anon):   130732 kB
Active(file):     941436 kB
Inactive(file):  6852260 kB
Unevictable:        5716 kB
Mlocked:            5716 kB
SwapTotal:       3145724 kB
SwapFree:        3145724 kB
Dirty:               432 kB
Writeback:             0 kB
AnonPages:       1274016 kB
Mapped:           771848 kB
Shmem:             33148 kB
KReclaimable:     540676 kB
Slab:             226160 kB
SReclaimable:      79252 kB
SUnreclaim:       146908 kB
KernelStack:       47040 kB
PageTables:        63584 kB
NFS_Unstable:          0 kB
Bounce:                0 kB
WritebackTmp:          0 kB
CommitLimit:     9202292 kB
Committed_AS:   67491012 kB
VmallocTotal:   263061440 kB
VmallocUsed:      104104 kB
VmallocChunk:          0 kB
Percpu:             7648 kB
CmaTotal:         294912 kB
CmaFree:               0 kB
MemTotal:       12113136 kB
MemFree:          453556 kB
MemAvailable:    7919228 kB
Buffers:            6864 kB
Cached:          7824652 kB
SwapCached:            0 kB
Active:          2110408 kB
Inactive:        6982996 kB
Active(anon):    1168972 kB
Inactive(anon):   130732 kB
Active(file):     941436 kB
Inactive(file):  6852264 kB
Unevictable:        5716 kB
Mlocked:            5716 kB
SwapTotal:       3145724 kB
SwapFree:        3145724 kB
Dirty:               448 kB
Writeback:             0 kB
AnonPages:       1264316 kB
Mapped:           771848 kB
Shmem:             33148 kB
KReclaimable:     540676 kB
Slab:             226168 kB
SReclaimable:      79252 kB
SUnreclaim:       146916 kB
KernelStack:       47040 kB
PageTables:        63596 kB
NFS_Unstable:          0 kB
Bounce:                0 kB
WritebackTmp:          0 kB
CommitLimit:     9202292 kB
Committed_AS:   67486056 kB
VmallocTotal:   263061440 kB
VmallocUsed:      104040 kB
VmallocChunk:          0 kB
Percpu:             7648 kB
CmaTotal:         294912 kB
CmaFree:             232 kB
MemTotal:       12113136 kB
MemFree:          468932 kB
MemAvailable:    7934620 kB
Buffers:            6868 kB
Cached:          7824664 kB
SwapCached:            0 kB
Active:          2088980 kB
Inactive:        6983012 kB
Active(anon):    1147544 kB
Inactive(anon):   130732 kB
Active(file):     941436 kB
Inactive(file):  6852280 kB
Unevictable:        5716 kB
Mlocked:            5716 kB
SwapTotal:       3145724 kB
SwapFree:        3145724 kB
Dirty:               468 kB
Writeback:             0 kB
AnonPages:       1246104 kB
Mapped:           771848 kB
Shmem:             33148 kB
KReclaimable:     540676 kB
Slab:             226168 kB
SReclaimable:      79252 kB
SUnreclaim:       146916 kB
KernelStack:       47040 kB
PageTables:        63588 kB
NFS_Unstable:          0 kB
Bounce:                0 kB
WritebackTmp:          0 kB
CommitLimit:     9202292 kB
Committed_AS:   67491316 kB
VmallocTotal:   263061440 kB
VmallocUsed:      104056 kB
VmallocChunk:          0 kB
Percpu:             7648 kB
CmaTotal:         294912 kB
CmaFree:             212 kB
MemTotal:       12113136 kB
MemFree:          468916 kB
MemAvailable:    7934640 kB
Buffers:            6868 kB
Cached:          7824700 kB
SwapCached:            0 kB
Active:          2089688 kB
Inactive:        6983044 kB
Active(anon):    1148248 kB
Inactive(anon):   130732 kB
Active(file):     941440 kB
Inactive(file):  6852312 kB
Unevictable:        5716 kB
Mlocked:            5716 kB
SwapTotal:       3145724 kB
SwapFree:        3145724 kB
Dirty:               456 kB
Writeback:             0 kB
AnonPages:       1246944 kB
Mapped:           771848 kB
Shmem:             33148 kB
KReclaimable:     540676 kB
Slab:             226168 kB
SReclaimable:      79252 kB
SUnreclaim:       146916 kB
KernelStack:       47040 kB
PageTables:        63592 kB
NFS_Unstable:          0 kB
Bounce:                0 kB
WritebackTmp:          0 kB
CommitLimit:     9202292 kB
Committed_AS:   67491228 kB
VmallocTotal:   263061440 kB
VmallocUsed:      104056 kB
VmallocChunk:          0 kB
Percpu:             7648 kB
CmaTotal:         294912 kB
CmaFree:               4 kB
MemTotal:       12113136 kB
MemFree:          468316 kB
MemAvailable:    7934052 kB
Buffers:            6868 kB
Cached:          7824712 kB
SwapCached:            0 kB
Active:          2090484 kB
Inactive:        6983060 kB
Active(anon):    1149048 kB
Inactive(anon):   130732 kB
Active(file):     941436 kB
Inactive(file):  6852328 kB
Unevictable:        5716 kB
Mlocked:            5716 kB
SwapTotal:       3145724 kB
SwapFree:        3145724 kB
Dirty:               288 kB
Writeback:             0 kB
AnonPages:       1247804 kB
Mapped:           771848 kB
Shmem:             33148 kB
KReclaimable:     540676 kB
Slab:             226168 kB
SReclaimable:      79252 kB
SUnreclaim:       146916 kB
KernelStack:       47040 kB
PageTables:        63588 kB
NFS_Unstable:          0 kB
Bounce:                0 kB
WritebackTmp:          0 kB
CommitLimit:     9202292 kB
Committed_AS:   67491184 kB
VmallocTotal:   263061440 kB
VmallocUsed:      104056 kB
VmallocChunk:          0 kB
Percpu:             7648 kB
CmaTotal:         294912 kB
CmaFree:               0 kB
MemTotal:       12113136 kB
MemFree:          469068 kB
MemAvailable:    7934816 kB
Buffers:            6868 kB
Cached:          7824728 kB
SwapCached:            0 kB
Active:          2091012 kB
Inactive:        6983068 kB
Active(anon):    1149572 kB
Inactive(anon):   130732 kB
Active(file):     941440 kB
Inactive(file):  6852336 kB
Unevictable:        5716 kB
Mlocked:            5716 kB
SwapTotal:       3145724 kB
SwapFree:        3145724 kB
Dirty:               304 kB
Writeback:             0 kB
AnonPages:       1248188 kB
Mapped:           771848 kB
Shmem:             33148 kB
KReclaimable:     540676 kB
Slab:             226168 kB
SReclaimable:      79252 kB
SUnreclaim:       146916 kB
KernelStack:       47040 kB
PageTables:        63592 kB
NFS_Unstable:          0 kB
Bounce:                0 kB
WritebackTmp:          0 kB
CommitLimit:     9202292 kB
Committed_AS:   67487284 kB
VmallocTotal:   263061440 kB
VmallocUsed:      104040 kB
VmallocChunk:          0 kB
Percpu:             7648 kB
CmaTotal:         294912 kB
CmaFree:               4 kB
MemTotal:       12113136 kB
MemFree:          468912 kB
MemAvailable:    7934676 kB
Buffers:            6868 kB
Cached:          7824740 kB
SwapCached:            0 kB
Active:          2091908 kB
Inactive:        6983084 kB
Active(anon):    1150468 kB
Inactive(anon):   130732 kB
Active(file):     941440 kB
Inactive(file):  6852352 kB
Unevictable:        5716 kB
Mlocked:            5716 kB
SwapTotal:       3145724 kB
SwapFree:        3145724 kB
Dirty:               332 kB
Writeback:             0 kB
AnonPages:       1248768 kB
Mapped:           771848 kB
Shmem:             33148 kB
KReclaimable:     540676 kB
Slab:             226168 kB
SReclaimable:      79252 kB
SUnreclaim:       146916 kB
KernelStack:       47040 kB
PageTables:        63584 kB
NFS_Unstable:          0 kB
Bounce:                0 kB
WritebackTmp:          0 kB
CommitLimit:     9202292 kB
Committed_AS:   67486832 kB
VmallocTotal:   263061440 kB
VmallocUsed:      104056 kB
VmallocChunk:          0 kB
Percpu:             7648 kB
CmaTotal:         294912 kB
CmaFree:               0 kB
MemTotal:       12113136 kB
MemFree:          468264 kB
MemAvailable:    7934036 kB
Buffers:            6868 kB
Cached:          7824748 kB
SwapCached:            0 kB
Active:          2092080 kB
Inactive:        6983092 kB
Active(anon):    1150640 kB
Inactive(anon):   130732 kB
Active(file):     941440 kB
Inactive(file):  6852360 kB
Unevictable:        5716 kB
Mlocked:            5716 kB
SwapTotal:       3145724 kB
SwapFree:        3145724 kB
Dirty:               360 kB
Writeback:             0 kB
AnonPages:       1249404 kB
Mapped:           771848 kB
Shmem:             33148 kB
KReclaimable:     540676 kB
Slab:             226168 kB
SReclaimable:      79252 kB
SUnreclaim:       146916 kB
KernelStack:       47040 kB
PageTables:        63588 kB
NFS_Unstable:          0 kB
Bounce:                0 kB
WritebackTmp:          0 kB
CommitLimit:     9202292 kB
Committed_AS:   67482052 kB
VmallocTotal:   263061440 kB
VmallocUsed:      104056 kB
VmallocChunk:          0 kB
Percpu:             7648 kB
CmaTotal:         294912 kB
CmaFree:               0 kB
MemTotal:       12113136 kB
MemFree:          467752 kB
MemAvailable:    7933536 kB
Buffers:            6868 kB
Cached:          7824764 kB
SwapCached:            0 kB
Active:          2092736 kB
Inactive:        6983108 kB
Active(anon):    1151296 kB
Inactive(anon):   130736 kB
Active(file):     941440 kB
Inactive(file):  6852372 kB
Unevictable:        5716 kB
Mlocked:            5716 kB
SwapTotal:       3145724 kB
SwapFree:        3145724 kB
Dirty:               376 kB
Writeback:             0 kB
AnonPages:       1249696 kB
Mapped:           771920 kB
Shmem:             33152 kB
KReclaimable:     540676 kB
Slab:             226168 kB
SReclaimable:      79252 kB
SUnreclaim:       146916 kB
KernelStack:       47040 kB
PageTables:        63596 kB
NFS_Unstable:          0 kB
Bounce:                0 kB
WritebackTmp:          0 kB
CommitLimit:     9202292 kB
Committed_AS:   67486728 kB
VmallocTotal:   263061440 kB
VmallocUsed:      104088 kB
VmallocChunk:          0 kB
Percpu:             7648 kB
CmaTotal:         294912 kB
CmaFree:               0 kB
MemTotal:       12113136 kB
MemFree:          468252 kB
MemAvailable:    7934052 kB
Buffers:            6868 kB
Cached:          7824780 kB
SwapCached:            0 kB
Active:          2092736 kB
Inactive:        6983124 kB
Active(anon):    1151296 kB
Inactive(anon):   130736 kB
Active(file):     941440 kB
Inactive(file):  6852388 kB
Unevictable:        5716 kB
Mlocked:            5716 kB
SwapTotal:       3145724 kB
SwapFree:        3145724 kB
Dirty:               328 kB
Writeback:             0 kB
AnonPages:       1250004 kB
Mapped:           771920 kB
Shmem:             33152 kB
KReclaimable:     540676 kB
Slab:             226168 kB
SReclaimable:      79252 kB
SUnreclaim:       146916 kB
KernelStack:       47040 kB
PageTables:        63584 kB
NFS_Unstable:          0 kB
Bounce:                0 kB
WritebackTmp:          0 kB
CommitLimit:     9202292 kB
Committed_AS:   67486280 kB
VmallocTotal:   263061440 kB
VmallocUsed:      104104 kB
VmallocChunk:          0 kB
Percpu:             7648 kB
CmaTotal:         294912 kB
CmaFree:             124 kB
MemTotal:       12113136 kB
MemFree:          467560 kB
MemAvailable:    7933372 kB
Buffers:            6868 kB
Cached:          7824792 kB
SwapCached:            0 kB
Active:          2093540 kB
Inactive:        6983136 kB
Active(anon):    1152100 kB
Inactive(anon):   130736 kB
Active(file):     941440 kB
Inactive(file):  6852400 kB
Unevictable:        5716 kB
Mlocked:            5716 kB
SwapTotal:       3145724 kB
SwapFree:        3145724 kB
Dirty:               372 kB
Writeback:             0 kB
AnonPages:       1250996 kB
Mapped:           771920 kB
Shmem:             33152 kB
KReclaimable:     540676 kB
Slab:             226168 kB
SReclaimable:      79252 kB
SUnreclaim:       146916 kB
KernelStack:       47040 kB
PageTables:        63592 kB
NFS_Unstable:          0 kB
Bounce:                0 kB
WritebackTmp:          0 kB
CommitLimit:     9202292 kB
Committed_AS:   67485840 kB
VmallocTotal:   263061440 kB
VmallocUsed:      104088 kB
VmallocChunk:          0 kB
Percpu:             7648 kB
CmaTotal:         294912 kB
CmaFree:               0 kB
MemTotal:       12113136 kB
MemFree:          466104 kB
MemAvailable:    7931920 kB
Buffers:            6868 kB
Cached:          7824796 kB
SwapCached:            0 kB
Active:          2093808 kB
Inactive:        6983140 kB
Active(anon):    1152368 kB
Inactive(anon):   130736 kB
Active(file):     941440 kB
Inactive(file):  6852404 kB
Unevictable:        5716 kB
Mlocked:            5716 kB
SwapTotal:       3145724 kB
SwapFree:        3145724 kB
Dirty:               380 kB
Writeback:             0 kB
AnonPages:       1251292 kB
Mapped:           771920 kB
Shmem:             33152 kB
KReclaimable:     540676 kB
Slab:             226168 kB
SReclaimable:      79252 kB
SUnreclaim:       146916 kB
KernelStack:       47056 kB
PageTables:        63712 kB
NFS_Unstable:          0 kB
Bounce:                0 kB
WritebackTmp:          0 kB
CommitLimit:     9202292 kB
Committed_AS:   67480756 kB
VmallocTotal:   263061440 kB
VmallocUsed:      104088 kB
VmallocChunk:          0 kB
Percpu:             7648 kB
CmaTotal:         294912 kB
CmaFree:               0 kB
MemTotal:       12113136 kB
MemFree:          465352 kB
MemAvailable:    7931188 kB
Buffers:            6868 kB
Cached:          7824816 kB
SwapCached:            0 kB
Active:          2094492 kB
Inactive:        6983160 kB
Active(anon):    1153052 kB
Inactive(anon):   130736 kB
Active(file):     941440 kB
Inactive(file):  6852424 kB
Unevictable:        5716 kB
Mlocked:            5716 kB
SwapTotal:       3145724 kB
SwapFree:        3145724 kB
Dirty:               400 kB
Writeback:             0 kB
AnonPages:       1251728 kB
Mapped:           771920 kB
Shmem:             33152 kB
KReclaimable:     540676 kB
Slab:             226168 kB
SReclaimable:      79252 kB
SUnreclaim:       146916 kB
KernelStack:       47040 kB
PageTables:        63600 kB
NFS_Unstable:          0 kB
Bounce:                0 kB
WritebackTmp:          0 kB
CommitLimit:     9202292 kB
Committed_AS:   67480536 kB
VmallocTotal:   263061440 kB
VmallocUsed:      104088 kB
