MemTotal:       12113144 kB
MemFree:         7007508 kB
MemAvailable:    8310340 kB
Buffers:            4536 kB
Cached:          1507204 kB
SwapCached:            0 kB
Active:          1280196 kB
Inactive:        1338040 kB
Active(anon):    1113044 kB
Inactive(anon):    16460 kB
Active(file):     167152 kB
Inactive(file):  1321580 kB
Unevictable:        5528 kB
Mlocked:            5528 kB
SwapTotal:       3145724 kB
SwapFree:        3145724 kB
Dirty:               428 kB
Writeback:             0 kB
AnonPages:       1112052 kB
Mapped:           806656 kB
Shmem:             18516 kB
KReclaimable:     682804 kB
Slab:             205404 kB
SReclaimable:      65644 kB
SUnreclaim:       139760 kB
KernelStack:       44480 kB
PageTables:        60152 kB
NFS_Unstable:          0 kB
Bounce:                0 kB
WritebackTmp:          0 kB
CommitLimit:     9202296 kB
Committed_AS:   66950304 kB
VmallocTotal:   263061440 kB
VmallocUsed:      101480 kB
VmallocChunk:          0 kB
Percpu:             7616 kB
CmaTotal:         294912 kB
CmaFree:               0 kB
MemTotal:       12113144 kB
MemFree:         7001052 kB
MemAvailable:    8308696 kB
Buffers:            4544 kB
Cached:          1511984 kB
SwapCached:            0 kB
Active:          1280080 kB
Inactive:        1342728 kB
Active(anon):    1112828 kB
Inactive(anon):    16468 kB
Active(file):     167252 kB
Inactive(file):  1326260 kB
Unevictable:        5528 kB
Mlocked:            5528 kB
SwapTotal:       3145724 kB
SwapFree:        3145724 kB
Dirty:               428 kB
Writeback:             0 kB
AnonPages:       1111988 kB
Mapped:           807684 kB
Shmem:             18524 kB
KReclaimable:     682836 kB
Slab:             205504 kB
SReclaimable:      65676 kB
SUnreclaim:       139828 kB
KernelStack:       44656 kB
PageTables:        60696 kB
NFS_Unstable:          0 kB
Bounce:                0 kB
WritebackTmp:          0 kB
CommitLimit:     9202296 kB
Committed_AS:   66971068 kB
VmallocTotal:   263061440 kB
VmallocUsed:      101544 kB
VmallocChunk:          0 kB
Percpu:             7616 kB
CmaTotal:         294912 kB
CmaFree:              96 kB
MemTotal:       12113144 kB
MemFree:         7000596 kB
MemAvailable:    8308240 kB
Buffers:            4544 kB
Cached:          1511984 kB
SwapCached:            0 kB
Active:          1280476 kB
Inactive:        1342724 kB
Active(anon):    1113220 kB
Inactive(anon):    16468 kB
Active(file):     167256 kB
Inactive(file):  1326256 kB
Unevictable:        5528 kB
Mlocked:            5528 kB
SwapTotal:       3145724 kB
SwapFree:        3145724 kB
Dirty:               428 kB
Writeback:             0 kB
AnonPages:       1112588 kB
Mapped:           807948 kB
Shmem:             18524 kB
KReclaimable:     682836 kB
Slab:             205496 kB
SReclaimable:      65676 kB
SUnreclaim:       139820 kB
KernelStack:       44672 kB
PageTables:        60696 kB
NFS_Unstable:          0 kB
Bounce:                0 kB
WritebackTmp:          0 kB
CommitLimit:     9202296 kB
Committed_AS:   66970432 kB
VmallocTotal:   263061440 kB
VmallocUsed:      101560 kB
VmallocChunk:          0 kB
Percpu:             7616 kB
CmaTotal:         294912 kB
CmaFree:               0 kB
MemTotal:       12113144 kB
MemFree:         6999280 kB
MemAvailable:    8306928 kB
Buffers:            4544 kB
Cached:          1512000 kB
SwapCached:            0 kB
Active:          1281996 kB
Inactive:        1342736 kB
Active(anon):    1114736 kB
Inactive(anon):    16480 kB
Active(file):     167260 kB
Inactive(file):  1326256 kB
Unevictable:        5528 kB
Mlocked:            5528 kB
SwapTotal:       3145724 kB
SwapFree:        3145724 kB
Dirty:               460 kB
Writeback:             0 kB
AnonPages:       1113820 kB
Mapped:           807972 kB
Shmem:             18536 kB
KReclaimable:     682836 kB
Slab:             205552 kB
SReclaimable:      65676 kB
SUnreclaim:       139876 kB
KernelStack:       44640 kB
PageTables:        60688 kB
NFS_Unstable:          0 kB
Bounce:                0 kB
WritebackTmp:          0 kB
CommitLimit:     9202296 kB
Committed_AS:   66982948 kB
VmallocTotal:   263061440 kB
VmallocUsed:      101608 kB
VmallocChunk:          0 kB
Percpu:             7616 kB
CmaTotal:         294912 kB
CmaFree:               0 kB
MemTotal:       12113144 kB
MemFree:         6998140 kB
MemAvailable:    8305788 kB
Buffers:            4544 kB
Cached:          1512000 kB
SwapCached:            0 kB
Active:          1282816 kB
Inactive:        1342732 kB
Active(anon):    1115552 kB
Inactive(anon):    16480 kB
Active(file):     167264 kB
Inactive(file):  1326252 kB
Unevictable:        5528 kB
Mlocked:            5528 kB
SwapTotal:       3145724 kB
SwapFree:        3145724 kB
Dirty:               464 kB
Writeback:             0 kB
AnonPages:       1114480 kB
Mapped:           807964 kB
Shmem:             18536 kB
KReclaimable:     682836 kB
Slab:             205528 kB
SReclaimable:      65676 kB
SUnreclaim:       139852 kB
KernelStack:       44656 kB
PageTables:        60684 kB
NFS_Unstable:          0 kB
Bounce:                0 kB
WritebackTmp:          0 kB
CommitLimit:     9202296 kB
Committed_AS:   66986288 kB
VmallocTotal:   263061440 kB
VmallocUsed:      101624 kB
VmallocChunk:          0 kB
Percpu:             7616 kB
CmaTotal:         294912 kB
CmaFree:               0 kB
MemTotal:       12113144 kB
MemFree:         6996364 kB
MemAvailable:    8304012 kB
Buffers:            4544 kB
Cached:          1512000 kB
SwapCached:            0 kB
Active:          1283664 kB
Inactive:        1342728 kB
Active(anon):    1116396 kB
Inactive(anon):    16480 kB
Active(file):     167268 kB
Inactive(file):  1326248 kB
Unevictable:        5528 kB
Mlocked:            5528 kB
SwapTotal:       3145724 kB
SwapFree:        3145724 kB
Dirty:               468 kB
Writeback:             0 kB
AnonPages:       1115436 kB
Mapped:           807904 kB
Shmem:             18536 kB
KReclaimable:     682836 kB
Slab:             205528 kB
SReclaimable:      65676 kB
SUnreclaim:       139852 kB
KernelStack:       44676 kB
PageTables:        60632 kB
NFS_Unstable:          0 kB
Bounce:                0 kB
WritebackTmp:          0 kB
CommitLimit:     9202296 kB
Committed_AS:   66986252 kB
VmallocTotal:   263061440 kB
VmallocUsed:      101656 kB
VmallocChunk:          0 kB
Percpu:             7616 kB
CmaTotal:         294912 kB
CmaFree:               0 kB
MemTotal:       12113144 kB
MemFree:         6978548 kB
MemAvailable:    8286200 kB
Buffers:            4544 kB
Cached:          1511876 kB
SwapCached:            0 kB
Active:          1301936 kB
Inactive:        1342592 kB
Active(anon):    1134652 kB
Inactive(anon):    16356 kB
Active(file):     167284 kB
Inactive(file):  1326236 kB
Unevictable:        5528 kB
Mlocked:            5528 kB
SwapTotal:       3145724 kB
SwapFree:        3145724 kB
Dirty:               500 kB
Writeback:             0 kB
AnonPages:       1133492 kB
Mapped:           807780 kB
Shmem:             18408 kB
KReclaimable:     682836 kB
Slab:             205528 kB
SReclaimable:      65676 kB
SUnreclaim:       139852 kB
KernelStack:       44672 kB
PageTables:        60636 kB
NFS_Unstable:          0 kB
Bounce:                0 kB
WritebackTmp:          0 kB
CommitLimit:     9202296 kB
Committed_AS:   66997764 kB
VmallocTotal:   263061440 kB
VmallocUsed:      101656 kB
VmallocChunk:          0 kB
Percpu:             7616 kB
CmaTotal:         294912 kB
CmaFree:               0 kB
MemTotal:       12113144 kB
MemFree:         6983488 kB
MemAvailable:    8291132 kB
Buffers:            4544 kB
Cached:          1512016 kB
SwapCached:            0 kB
Active:          1297208 kB
Inactive:        1342732 kB
Active(anon):    1129928 kB
Inactive(anon):    16500 kB
Active(file):     167280 kB
Inactive(file):  1326232 kB
Unevictable:        5528 kB
Mlocked:            5528 kB
SwapTotal:       3145724 kB
SwapFree:        3145724 kB
Dirty:               500 kB
Writeback:             0 kB
AnonPages:       1128996 kB
Mapped:           807980 kB
Shmem:             18556 kB
KReclaimable:     682836 kB
Slab:             205528 kB
SReclaimable:      65676 kB
SUnreclaim:       139852 kB
KernelStack:       44704 kB
PageTables:        60684 kB
NFS_Unstable:          0 kB
Bounce:                0 kB
WritebackTmp:          0 kB
CommitLimit:     9202296 kB
Committed_AS:   66997588 kB
VmallocTotal:   263061440 kB
VmallocUsed:      101704 kB
VmallocChunk:          0 kB
Percpu:             7616 kB
CmaTotal:         294912 kB
CmaFree:               0 kB
MemTotal:       12113144 kB
MemFree:         6983156 kB
MemAvailable:    8290828 kB
Buffers:            4548 kB
Cached:          1512040 kB
SwapCached:            0 kB
Active:          1297500 kB
Inactive:        1342752 kB
Active(anon):    1130212 kB
Inactive(anon):    16500 kB
Active(file):     167288 kB
Inactive(file):  1326252 kB
Unevictable:        5528 kB
Mlocked:            5528 kB
SwapTotal:       3145724 kB
SwapFree:        3145724 kB
Dirty:               496 kB
Writeback:             0 kB
AnonPages:       1129340 kB
Mapped:           807808 kB
Shmem:             18556 kB
KReclaimable:     682836 kB
Slab:             205536 kB
SReclaimable:      65676 kB
SUnreclaim:       139860 kB
KernelStack:       44704 kB
PageTables:        60692 kB
NFS_Unstable:          0 kB
Bounce:                0 kB
WritebackTmp:          0 kB
CommitLimit:     9202296 kB
Committed_AS:   66997412 kB
VmallocTotal:   263061440 kB
VmallocUsed:      101688 kB
VmallocChunk:          0 kB
Percpu:             7616 kB
CmaTotal:         294912 kB
CmaFree:               0 kB
MemTotal:       12113144 kB
MemFree:         6994088 kB
MemAvailable:    8301764 kB
Buffers:            4548 kB
Cached:          1512040 kB
SwapCached:            0 kB
Active:          1287044 kB
Inactive:        1342752 kB
Active(anon):    1119756 kB
Inactive(anon):    16500 kB
Active(file):     167288 kB
Inactive(file):  1326252 kB
Unevictable:        5528 kB
Mlocked:            5528 kB
SwapTotal:       3145724 kB
SwapFree:        3145724 kB
Dirty:               500 kB
Writeback:             0 kB
AnonPages:       1118652 kB
Mapped:           808000 kB
Shmem:             18556 kB
KReclaimable:     682840 kB
Slab:             205540 kB
SReclaimable:      65680 kB
SUnreclaim:       139860 kB
KernelStack:       44688 kB
PageTables:        60648 kB
NFS_Unstable:          0 kB
Bounce:                0 kB
WritebackTmp:          0 kB
CommitLimit:     9202296 kB
Committed_AS:   66997816 kB
VmallocTotal:   263061440 kB
VmallocUsed:      101656 kB
VmallocChunk:          0 kB
Percpu:             7616 kB
CmaTotal:         294912 kB
CmaFree:               8 kB
MemTotal:       12113144 kB
MemFree:         7006076 kB
MemAvailable:    8313208 kB
Buffers:            4548 kB
Cached:          1512040 kB
SwapCached:            0 kB
Active:          1286628 kB
Inactive:        1342748 kB
Active(anon):    1119336 kB
Inactive(anon):    16500 kB
Active(file):     167292 kB
Inactive(file):  1326248 kB
Unevictable:        5528 kB
Mlocked:            5528 kB
SwapTotal:       3145724 kB
SwapFree:        3145724 kB
Dirty:               512 kB
Writeback:             0 kB
AnonPages:       1118244 kB
Mapped:           808068 kB
Shmem:             18556 kB
KReclaimable:     682296 kB
Slab:             204996 kB
SReclaimable:      65136 kB
SUnreclaim:       139860 kB
KernelStack:       44720 kB
PageTables:        60696 kB
NFS_Unstable:          0 kB
Bounce:                0 kB
WritebackTmp:          0 kB
CommitLimit:     9202296 kB
Committed_AS:   66997748 kB
VmallocTotal:   263061440 kB
VmallocUsed:      101656 kB
VmallocChunk:          0 kB
Percpu:             7616 kB
CmaTotal:         294912 kB
CmaFree:               0 kB
MemTotal:       12113144 kB
MemFree:         7005992 kB
MemAvailable:    8313124 kB
Buffers:            4548 kB
Cached:          1512040 kB
SwapCached:            0 kB
Active:          1287300 kB
Inactive:        1342748 kB
Active(anon):    1120008 kB
Inactive(anon):    16500 kB
Active(file):     167292 kB
Inactive(file):  1326248 kB
Unevictable:        5528 kB
Mlocked:            5528 kB
SwapTotal:       3145724 kB
SwapFree:        3145724 kB
Dirty:               512 kB
Writeback:             0 kB
AnonPages:       1118920 kB
Mapped:           808004 kB
Shmem:             18556 kB
KReclaimable:     682296 kB
Slab:             204996 kB
SReclaimable:      65136 kB
SUnreclaim:       139860 kB
KernelStack:       44772 kB
PageTables:        60640 kB
NFS_Unstable:          0 kB
Bounce:                0 kB
WritebackTmp:          0 kB
CommitLimit:     9202296 kB
Committed_AS:   66997528 kB
VmallocTotal:   263061440 kB
VmallocUsed:      101672 kB
VmallocChunk:          0 kB
Percpu:             7616 kB
CmaTotal:         294912 kB
CmaFree:               0 kB
MemTotal:       12113144 kB
MemFree:         7004848 kB
MemAvailable:    8311980 kB
Buffers:            4548 kB
Cached:          1512040 kB
SwapCached:            0 kB
Active:          1287736 kB
Inactive:        1342744 kB
Active(anon):    1120440 kB
Inactive(anon):    16500 kB
Active(file):     167296 kB
Inactive(file):  1326244 kB
Unevictable:        5528 kB
Mlocked:            5528 kB
SwapTotal:       3145724 kB
SwapFree:        3145724 kB
Dirty:               520 kB
Writeback:             0 kB
AnonPages:       1119500 kB
Mapped:           808044 kB
Shmem:             18556 kB
KReclaimable:     682296 kB
Slab:             204996 kB
SReclaimable:      65136 kB
SUnreclaim:       139860 kB
KernelStack:       44720 kB
PageTables:        60784 kB
NFS_Unstable:          0 kB
Bounce:                0 kB
WritebackTmp:          0 kB
CommitLimit:     9202296 kB
Committed_AS:   66986596 kB
VmallocTotal:   263061440 kB
VmallocUsed:      101640 kB
VmallocChunk:          0 kB
Percpu:             7616 kB
CmaTotal:         294912 kB
CmaFree:               0 kB
MemTotal:       12113144 kB
MemFree:         7004784 kB
MemAvailable:    8311916 kB
Buffers:            4548 kB
Cached:          1512044 kB
SwapCached:            0 kB
Active:          1287932 kB
Inactive:        1342748 kB
Active(anon):    1120636 kB
Inactive(anon):    16504 kB
Active(file):     167296 kB
Inactive(file):  1326244 kB
Unevictable:        5528 kB
Mlocked:            5528 kB
SwapTotal:       3145724 kB
SwapFree:        3145724 kB
Dirty:               464 kB
Writeback:             0 kB
AnonPages:       1119408 kB
Mapped:           808016 kB
Shmem:             18560 kB
KReclaimable:     682296 kB
Slab:             205004 kB
SReclaimable:      65136 kB
SUnreclaim:       139868 kB
KernelStack:       44720 kB
PageTables:        60608 kB
NFS_Unstable:          0 kB
Bounce:                0 kB
WritebackTmp:          0 kB
CommitLimit:     9202296 kB
Committed_AS:   66986676 kB
VmallocTotal:   263061440 kB
VmallocUsed:      101624 kB
VmallocChunk:          0 kB
Percpu:             7616 kB
CmaTotal:         294912 kB
CmaFree:               0 kB
MemTotal:       12113144 kB
MemFree:         7003268 kB
MemAvailable:    8310392 kB
Buffers:            4548 kB
Cached:          1512044 kB
SwapCached:            0 kB
Active:          1288484 kB
Inactive:        1342752 kB
Active(anon):    1121192 kB
Inactive(anon):    16512 kB
Active(file):     167292 kB
Inactive(file):  1326240 kB
Unevictable:        5528 kB
Mlocked:            5528 kB
SwapTotal:       3145724 kB
SwapFree:        3145724 kB
Dirty:               460 kB
Writeback:             0 kB
AnonPages:       1120104 kB
Mapped:           808060 kB
Shmem:             18568 kB
KReclaimable:     682296 kB
Slab:             204996 kB
SReclaimable:      65136 kB
SUnreclaim:       139860 kB
KernelStack:       44688 kB
PageTables:        60652 kB
NFS_Unstable:          0 kB
Bounce:                0 kB
WritebackTmp:          0 kB
CommitLimit:     9202296 kB
Committed_AS:   66992020 kB
VmallocTotal:   263061440 kB
VmallocUsed:      101624 kB
VmallocChunk:          0 kB
Percpu:             7616 kB
CmaTotal:         294912 kB
CmaFree:               0 kB
MemTotal:       12113144 kB
MemFree:         7003568 kB
MemAvailable:    8310700 kB
Buffers:            4548 kB
Cached:          1512052 kB
SwapCached:            0 kB
Active:          1290112 kB
Inactive:        1342756 kB
Active(anon):    1122816 kB
Inactive(anon):    16512 kB
Active(file):     167296 kB
Inactive(file):  1326244 kB
Unevictable:        5528 kB
Mlocked:            5528 kB
SwapTotal:       3145724 kB
SwapFree:        3145724 kB
Dirty:               464 kB
Writeback:             0 kB
AnonPages:       1121768 kB
Mapped:           807988 kB
Shmem:             18568 kB
KReclaimable:     682296 kB
Slab:             204996 kB
SReclaimable:      65136 kB
SUnreclaim:       139860 kB
KernelStack:       44740 kB
PageTables:        60612 kB
NFS_Unstable:          0 kB
Bounce:                0 kB
WritebackTmp:          0 kB
CommitLimit:     9202296 kB
Committed_AS:   66991940 kB
VmallocTotal:   263061440 kB
VmallocUsed:      101656 kB
VmallocChunk:          0 kB
Percpu:             7616 kB
CmaTotal:         294912 kB
CmaFree:               0 kB
MemTotal:       12113144 kB
MemFree:         7003888 kB
MemAvailable:    8311020 kB
Buffers:            4548 kB
Cached:          1512052 kB
SwapCached:            0 kB
Active:          1289828 kB
Inactive:        1342756 kB
Active(anon):    1122532 kB
Inactive(anon):    16512 kB
Active(file):     167296 kB
Inactive(file):  1326244 kB
Unevictable:        5528 kB
Mlocked:            5528 kB
SwapTotal:       3145724 kB
SwapFree:        3145724 kB
Dirty:               464 kB
Writeback:             0 kB
AnonPages:       1121596 kB
Mapped:           808180 kB
Shmem:             18568 kB
KReclaimable:     682296 kB
Slab:             204996 kB
SReclaimable:      65136 kB
SUnreclaim:       139860 kB
KernelStack:       44768 kB
PageTables:        60664 kB
NFS_Unstable:          0 kB
Bounce:                0 kB
WritebackTmp:          0 kB
CommitLimit:     9202296 kB
Committed_AS:   66986216 kB
VmallocTotal:   263061440 kB
VmallocUsed:      101640 kB
VmallocChunk:          0 kB
Percpu:             7616 kB
CmaTotal:         294912 kB
CmaFree:               0 kB
MemTotal:       12113144 kB
MemFree:         7002748 kB
MemAvailable:    8309876 kB
Buffers:            4548 kB
Cached:          1512072 kB
SwapCached:            0 kB
Active:          1290420 kB
Inactive:        1342776 kB
Active(anon):    1123124 kB
Inactive(anon):    16532 kB
Active(file):     167296 kB
Inactive(file):  1326244 kB
Unevictable:        5528 kB
Mlocked:            5528 kB
SwapTotal:       3145724 kB
SwapFree:        3145724 kB
Dirty:               468 kB
Writeback:             0 kB
AnonPages:       1122056 kB
Mapped:           808060 kB
Shmem:             18588 kB
KReclaimable:     682292 kB
Slab:             204992 kB
SReclaimable:      65132 kB
SUnreclaim:       139860 kB
KernelStack:       44768 kB
PageTables:        60820 kB
NFS_Unstable:          0 kB
Bounce:                0 kB
WritebackTmp:          0 kB
CommitLimit:     9202296 kB
Committed_AS:   66980944 kB
VmallocTotal:   263061440 kB
VmallocUsed:      101672 kB
VmallocChunk:          0 kB
Percpu:             7616 kB
CmaTotal:         294912 kB
CmaFree:               0 kB
MemTotal:       12113144 kB
MemFree:         7003756 kB
MemAvailable:    8310876 kB
Buffers:            4548 kB
Cached:          1512068 kB
SwapCached:            0 kB
Active:          1290320 kB
Inactive:        1342772 kB
Active(anon):    1123024 kB
Inactive(anon):    16536 kB
Active(file):     167296 kB
Inactive(file):  1326236 kB
Unevictable:        5528 kB
Mlocked:            5528 kB
SwapTotal:       3145724 kB
SwapFree:        3145724 kB
Dirty:               380 kB
Writeback:             0 kB
AnonPages:       1122272 kB
Mapped:           807884 kB
Shmem:             18592 kB
KReclaimable:     682292 kB
Slab:             204992 kB
SReclaimable:      65132 kB
SUnreclaim:       139860 kB
KernelStack:       44704 kB
PageTables:        60700 kB
NFS_Unstable:          0 kB
Bounce:                0 kB
WritebackTmp:          0 kB
CommitLimit:     9202296 kB
Committed_AS:   66980636 kB
VmallocTotal:   263061440 kB
VmallocUsed:      101656 kB
VmallocChunk:          0 kB
Percpu:             7616 kB
CmaTotal:         294912 kB
CmaFree:               0 kB
MemTotal:       12113144 kB
MemFree:         7001716 kB
MemAvailable:    8308844 kB
Buffers:            4548 kB
Cached:          1512076 kB
SwapCached:            0 kB
Active:          1290476 kB
Inactive:        1342776 kB
Active(anon):    1123176 kB
Inactive(anon):    16536 kB
Active(file):     167300 kB
Inactive(file):  1326240 kB
Unevictable:        5528 kB
Mlocked:            5528 kB
SwapTotal:       3145724 kB
SwapFree:        3145724 kB
Dirty:               388 kB
Writeback:             0 kB
AnonPages:       1122436 kB
Mapped:           807880 kB
Shmem:             18592 kB
KReclaimable:     682292 kB
Slab:             204992 kB
SReclaimable:      65132 kB
SUnreclaim:       139860 kB
KernelStack:       44720 kB
PageTables:        60704 kB
NFS_Unstable:          0 kB
Bounce:                0 kB
WritebackTmp:          0 kB
CommitLimit:     9202296 kB
Committed_AS:   66980460 kB
VmallocTotal:   263061440 kB
VmallocUsed:      101656 kB
VmallocChunk:          0 kB
Percpu:             7616 kB
CmaTotal:         294912 kB
CmaFree:               0 kB
MemTotal:       12113144 kB
MemFree:         7001200 kB
MemAvailable:    8308328 kB
Buffers:            4548 kB
Cached:          1512076 kB
SwapCached:            0 kB
Active:          1290968 kB
Inactive:        1342776 kB
Active(anon):    1123668 kB
Inactive(anon):    16536 kB
Active(file):     167300 kB
Inactive(file):  1326240 kB
Unevictable:        5528 kB
Mlocked:            5528 kB
SwapTotal:       3145724 kB
SwapFree:        3145724 kB
Dirty:               388 kB
Writeback:             0 kB
AnonPages:       1122860 kB
Mapped:           807884 kB
Shmem:             18592 kB
KReclaimable:     682292 kB
Slab:             204992 kB
SReclaimable:      65132 kB
SUnreclaim:       139860 kB
KernelStack:       44752 kB
PageTables:        60712 kB
NFS_Unstable:          0 kB
Bounce:                0 kB
WritebackTmp:          0 kB
CommitLimit:     9202296 kB
Committed_AS:   66982644 kB
VmallocTotal:   263061440 kB
VmallocUsed:      101656 kB
VmallocChunk:          0 kB
Percpu:             7616 kB
CmaTotal:         294912 kB
CmaFree:               0 kB
MemTotal:       12113144 kB
MemFree:         6992772 kB
MemAvailable:    8299920 kB
Buffers:            4548 kB
Cached:          1512096 kB
SwapCached:            0 kB
Active:          1301096 kB
Inactive:        1342792 kB
Active(anon):    1133792 kB
Inactive(anon):    16536 kB
Active(file):     167304 kB
Inactive(file):  1326256 kB
Unevictable:        5528 kB
Mlocked:            5528 kB
SwapTotal:       3145724 kB
SwapFree:        3145724 kB
Dirty:               408 kB
Writeback:             0 kB
AnonPages:       1133156 kB
Mapped:           807884 kB
Shmem:             18592 kB
KReclaimable:     682292 kB
Slab:             205000 kB
SReclaimable:      65132 kB
SUnreclaim:       139868 kB
KernelStack:       44752 kB
PageTables:        60712 kB
NFS_Unstable:          0 kB
Bounce:                0 kB
WritebackTmp:          0 kB
CommitLimit:     9202296 kB
Committed_AS:   66986476 kB
VmallocTotal:   263061440 kB
VmallocUsed:      101672 kB
VmallocChunk:          0 kB
Percpu:             7616 kB
CmaTotal:         294912 kB
CmaFree:               0 kB
MemTotal:       12113144 kB
MemFree:         6982876 kB
MemAvailable:    8290004 kB
Buffers:            4548 kB
Cached:          1512080 kB
SwapCached:            0 kB
Active:          1309812 kB
Inactive:        1342784 kB
Active(anon):    1142516 kB
Inactive(anon):    16540 kB
Active(file):     167296 kB
Inactive(file):  1326244 kB
Unevictable:        5528 kB
Mlocked:            5528 kB
SwapTotal:       3145724 kB
SwapFree:        3145724 kB
Dirty:               408 kB
Writeback:             0 kB
AnonPages:       1141376 kB
Mapped:           808084 kB
Shmem:             18596 kB
KReclaimable:     682292 kB
Slab:             204992 kB
SReclaimable:      65132 kB
SUnreclaim:       139860 kB
KernelStack:       44772 kB
PageTables:        60660 kB
NFS_Unstable:          0 kB
Bounce:                0 kB
WritebackTmp:          0 kB
CommitLimit:     9202296 kB
Committed_AS:   66986752 kB
VmallocTotal:   263061440 kB
VmallocUsed:      101672 kB
VmallocChunk:          0 kB
Percpu:             7616 kB
CmaTotal:         294912 kB
CmaFree:               0 kB
MemTotal:       12113144 kB
MemFree:         6982588 kB
MemAvailable:    8289724 kB
Buffers:            4548 kB
Cached:          1512088 kB
SwapCached:            0 kB
Active:          1310432 kB
Inactive:        1342788 kB
Active(anon):    1143132 kB
Inactive(anon):    16540 kB
Active(file):     167300 kB
Inactive(file):  1326248 kB
Unevictable:        5528 kB
Mlocked:            5528 kB
SwapTotal:       3145724 kB
SwapFree:        3145724 kB
Dirty:               408 kB
Writeback:             0 kB
AnonPages:       1142108 kB
Mapped:           808052 kB
Shmem:             18596 kB
KReclaimable:     682292 kB
Slab:             204992 kB
SReclaimable:      65132 kB
SUnreclaim:       139860 kB
KernelStack:       44772 kB
PageTables:        60616 kB
NFS_Unstable:          0 kB
Bounce:                0 kB
WritebackTmp:          0 kB
CommitLimit:     9202296 kB
Committed_AS:   66986840 kB
VmallocTotal:   263061440 kB
VmallocUsed:      101672 kB
VmallocChunk:          0 kB
Percpu:             7616 kB
CmaTotal:         294912 kB
CmaFree:               0 kB
MemTotal:       12113144 kB
MemFree:         6982344 kB
MemAvailable:    8289480 kB
Buffers:            4548 kB
Cached:          1512092 kB
SwapCached:            0 kB
Active:          1311196 kB
Inactive:        1342792 kB
Active(anon):    1143896 kB
Inactive(anon):    16544 kB
Active(file):     167300 kB
Inactive(file):  1326248 kB
Unevictable:        5528 kB
Mlocked:            5528 kB
SwapTotal:       3145724 kB
SwapFree:        3145724 kB
Dirty:               408 kB
Writeback:             0 kB
AnonPages:       1142380 kB
Mapped:           808012 kB
Shmem:             18600 kB
KReclaimable:     682292 kB
Slab:             204984 kB
SReclaimable:      65132 kB
SUnreclaim:       139852 kB
KernelStack:       44720 kB
PageTables:        60612 kB
NFS_Unstable:          0 kB
Bounce:                0 kB
WritebackTmp:          0 kB
CommitLimit:     9202296 kB
Committed_AS:   66986888 kB
VmallocTotal:   263061440 kB
VmallocUsed:      101656 kB
VmallocChunk:          0 kB
Percpu:             7616 kB
CmaTotal:         294912 kB
CmaFree:               0 kB
MemTotal:       12113144 kB
MemFree:         6982652 kB
MemAvailable:    8289788 kB
Buffers:            4548 kB
Cached:          1512092 kB
SwapCached:            0 kB
Active:          1311076 kB
Inactive:        1342792 kB
Active(anon):    1143776 kB
Inactive(anon):    16544 kB
Active(file):     167300 kB
Inactive(file):  1326248 kB
Unevictable:        5528 kB
Mlocked:            5528 kB
SwapTotal:       3145724 kB
SwapFree:        3145724 kB
Dirty:               408 kB
Writeback:             0 kB
AnonPages:       1142356 kB
Mapped:           808016 kB
Shmem:             18600 kB
KReclaimable:     682292 kB
Slab:             204992 kB
SReclaimable:      65132 kB
SUnreclaim:       139860 kB
KernelStack:       44740 kB
PageTables:        60608 kB
NFS_Unstable:          0 kB
Bounce:                0 kB
WritebackTmp:          0 kB
CommitLimit:     9202296 kB
Committed_AS:   66986932 kB
VmallocTotal:   263061440 kB
VmallocUsed:      101688 kB
VmallocChunk:          0 kB
Percpu:             7616 kB
CmaTotal:         294912 kB
CmaFree:               0 kB
MemTotal:       12113144 kB
MemFree:         6980888 kB
MemAvailable:    8288040 kB
Buffers:            4552 kB
Cached:          1512104 kB
SwapCached:            0 kB
Active:          1312288 kB
Inactive:        1342804 kB
Active(anon):    1144984 kB
Inactive(anon):    16544 kB
Active(file):     167304 kB
Inactive(file):  1326260 kB
Unevictable:        5528 kB
Mlocked:            5528 kB
SwapTotal:       3145724 kB
SwapFree:        3145724 kB
Dirty:               412 kB
Writeback:             0 kB
AnonPages:       1143972 kB
Mapped:           808152 kB
Shmem:             18600 kB
KReclaimable:     682292 kB
Slab:             204992 kB
SReclaimable:      65132 kB
SUnreclaim:       139860 kB
KernelStack:       44752 kB
PageTables:        60704 kB
NFS_Unstable:          0 kB
Bounce:                0 kB
WritebackTmp:          0 kB
CommitLimit:     9202296 kB
Committed_AS:   66986756 kB
VmallocTotal:   263061440 kB
VmallocUsed:      101704 kB
VmallocChunk:          0 kB
Percpu:             7616 kB
CmaTotal:         294912 kB
CmaFree:               0 kB
MemTotal:       12113144 kB
MemFree:         6980396 kB
MemAvailable:    8287552 kB
Buffers:            4552 kB
Cached:          1512108 kB
SwapCached:            0 kB
Active:          1311956 kB
Inactive:        1342808 kB
Active(anon):    1144652 kB
Inactive(anon):    16544 kB
Active(file):     167304 kB
Inactive(file):  1326264 kB
Unevictable:        5528 kB
Mlocked:            5528 kB
SwapTotal:       3145724 kB
SwapFree:        3145724 kB
Dirty:               420 kB
Writeback:             0 kB
AnonPages:       1143192 kB
Mapped:           808016 kB
Shmem:             18600 kB
KReclaimable:     682292 kB
Slab:             204984 kB
SReclaimable:      65132 kB
SUnreclaim:       139852 kB
KernelStack:       44788 kB
PageTables:        60616 kB
NFS_Unstable:          0 kB
Bounce:                0 kB
WritebackTmp:          0 kB
CommitLimit:     9202296 kB
Committed_AS:   66986772 kB
VmallocTotal:   263061440 kB
VmallocUsed:      101704 kB
VmallocChunk:          0 kB
Percpu:             7616 kB
CmaTotal:         294912 kB
CmaFree:               0 kB
MemTotal:       12113144 kB
MemFree:         6978840 kB
MemAvailable:    8286004 kB
Buffers:            4552 kB
Cached:          1512116 kB
SwapCached:            0 kB
Active:          1312688 kB
Inactive:        1342812 kB
Active(anon):    1145380 kB
Inactive(anon):    16544 kB
Active(file):     167308 kB
Inactive(file):  1326268 kB
Unevictable:        5528 kB
Mlocked:            5528 kB
SwapTotal:       3145724 kB
SwapFree:        3145724 kB
Dirty:               400 kB
Writeback:             0 kB
AnonPages:       1144476 kB
Mapped:           808092 kB
Shmem:             18600 kB
KReclaimable:     682292 kB
Slab:             204992 kB
SReclaimable:      65132 kB
SUnreclaim:       139860 kB
KernelStack:       44720 kB
PageTables:        60676 kB
NFS_Unstable:          0 kB
Bounce:                0 kB
WritebackTmp:          0 kB
CommitLimit:     9202296 kB
Committed_AS:   66986604 kB
VmallocTotal:   263061440 kB
VmallocUsed:      101704 kB
VmallocChunk:          0 kB
Percpu:             7616 kB
CmaTotal:         294912 kB
CmaFree:               0 kB
MemTotal:       12113144 kB
MemFree:         6979276 kB
MemAvailable:    8286432 kB
Buffers:            4552 kB
Cached:          1512108 kB
SwapCached:            0 kB
Active:          1313268 kB
Inactive:        1342808 kB
Active(anon):    1145964 kB
Inactive(anon):    16544 kB
Active(file):     167304 kB
Inactive(file):  1326264 kB
Unevictable:        5528 kB
Mlocked:            5528 kB
SwapTotal:       3145724 kB
SwapFree:        3145724 kB
Dirty:               392 kB
Writeback:             0 kB
AnonPages:       1144928 kB
Mapped:           808000 kB
Shmem:             18600 kB
KReclaimable:     682292 kB
Slab:             204992 kB
SReclaimable:      65132 kB
SUnreclaim:       139860 kB
KernelStack:       44768 kB
PageTables:        60704 kB
NFS_Unstable:          0 kB
Bounce:                0 kB
WritebackTmp:          0 kB
CommitLimit:     9202296 kB
Committed_AS:   66986668 kB
VmallocTotal:   263061440 kB
VmallocUsed:      101704 kB
VmallocChunk:          0 kB
Percpu:             7616 kB
CmaTotal:         294912 kB
CmaFree:               8 kB
MemTotal:       12113144 kB
MemFree:         6978660 kB
MemAvailable:    8285816 kB
Buffers:            4552 kB
Cached:          1512112 kB
SwapCached:            0 kB
Active:          1313940 kB
Inactive:        1342812 kB
Active(anon):    1146636 kB
Inactive(anon):    16548 kB
Active(file):     167304 kB
Inactive(file):  1326264 kB
Unevictable:        5528 kB
Mlocked:            5528 kB
SwapTotal:       3145724 kB
SwapFree:        3145724 kB
Dirty:               452 kB
Writeback:             0 kB
AnonPages:       1145436 kB
Mapped:           808100 kB
Shmem:             18604 kB
KReclaimable:     682292 kB
Slab:             204992 kB
SReclaimable:      65132 kB
SUnreclaim:       139860 kB
KernelStack:       44820 kB
PageTables:        60660 kB
NFS_Unstable:          0 kB
Bounce:                0 kB
WritebackTmp:          0 kB
CommitLimit:     9202296 kB
Committed_AS:   66986076 kB
VmallocTotal:   263061440 kB
VmallocUsed:      101688 kB
VmallocChunk:          0 kB
Percpu:             7616 kB
CmaTotal:         294912 kB
CmaFree:               4 kB
MemTotal:       12113144 kB
MemFree:         6977416 kB
MemAvailable:    8284556 kB
Buffers:            4552 kB
Cached:          1512096 kB
SwapCached:            0 kB
Active:          1313952 kB
Inactive:        1342804 kB
Active(anon):    1146656 kB
Inactive(anon):    16548 kB
Active(file):     167296 kB
Inactive(file):  1326256 kB
Unevictable:        5528 kB
Mlocked:            5528 kB
SwapTotal:       3145724 kB
SwapFree:        3145724 kB
Dirty:               440 kB
Writeback:             0 kB
AnonPages:       1145956 kB
Mapped:           808160 kB
Shmem:             18604 kB
KReclaimable:     682292 kB
Slab:             204992 kB
SReclaimable:      65132 kB
SUnreclaim:       139860 kB
KernelStack:       44752 kB
PageTables:        60716 kB
NFS_Unstable:          0 kB
Bounce:                0 kB
WritebackTmp:          0 kB
CommitLimit:     9202296 kB
Committed_AS:   66985636 kB
VmallocTotal:   263061440 kB
VmallocUsed:      101688 kB
VmallocChunk:          0 kB
Percpu:             7616 kB
CmaTotal:         294912 kB
CmaFree:               0 kB
MemTotal:       12113144 kB
MemFree:         6977640 kB
MemAvailable:    8284800 kB
Buffers:            4552 kB
Cached:          1512116 kB
SwapCached:            0 kB
Active:          1315356 kB
Inactive:        1342816 kB
Active(anon):    1148052 kB
Inactive(anon):    16548 kB
Active(file):     167304 kB
Inactive(file):  1326268 kB
Unevictable:        5528 kB
Mlocked:            5528 kB
SwapTotal:       3145724 kB
SwapFree:        3145724 kB
Dirty:               460 kB
Writeback:             0 kB
AnonPages:       1147096 kB
Mapped:           808100 kB
Shmem:             18604 kB
KReclaimable:     682292 kB
Slab:             204992 kB
SReclaimable:      65132 kB
SUnreclaim:       139860 kB
KernelStack:       44784 kB
PageTables:        60676 kB
NFS_Unstable:          0 kB
Bounce:                0 kB
WritebackTmp:          0 kB
CommitLimit:     9202296 kB
Committed_AS:   66985548 kB
VmallocTotal:   263061440 kB
VmallocUsed:      101672 kB
VmallocChunk:          0 kB
Percpu:             7616 kB
CmaTotal:         294912 kB
CmaFree:               0 kB
MemTotal:       12113144 kB
MemFree:         6977492 kB
MemAvailable:    8284648 kB
Buffers:            4552 kB
Cached:          1512124 kB
SwapCached:            0 kB
Active:          1315904 kB
Inactive:        1342824 kB
Active(anon):    1148600 kB
Inactive(anon):    16560 kB
Active(file):     167304 kB
Inactive(file):  1326264 kB
Unevictable:        5528 kB
Mlocked:            5528 kB
SwapTotal:       3145724 kB
SwapFree:        3145724 kB
Dirty:               464 kB
Writeback:             0 kB
AnonPages:       1147592 kB
Mapped:           807920 kB
Shmem:             18616 kB
KReclaimable:     682292 kB
Slab:             204992 kB
SReclaimable:      65132 kB
SUnreclaim:       139860 kB
KernelStack:       44816 kB
PageTables:        60732 kB
NFS_Unstable:          0 kB
Bounce:                0 kB
WritebackTmp:          0 kB
CommitLimit:     9202296 kB
Committed_AS:   66985424 kB
VmallocTotal:   263061440 kB
VmallocUsed:      101688 kB
VmallocChunk:          0 kB
Percpu:             7616 kB
CmaTotal:         294912 kB
CmaFree:               0 kB
MemTotal:       12113144 kB
MemFree:         6975944 kB
MemAvailable:    8283100 kB
Buffers:            4552 kB
Cached:          1512128 kB
SwapCached:            0 kB
Active:          1316156 kB
Inactive:        1342828 kB
Active(anon):    1148852 kB
Inactive(anon):    16564 kB
Active(file):     167304 kB
Inactive(file):  1326264 kB
Unevictable:        5528 kB
Mlocked:            5528 kB
SwapTotal:       3145724 kB
SwapFree:        3145724 kB
Dirty:               464 kB
Writeback:             0 kB
AnonPages:       1147712 kB
Mapped:           807928 kB
Shmem:             18620 kB
KReclaimable:     682292 kB
Slab:             204992 kB
SReclaimable:      65132 kB
SUnreclaim:       139860 kB
KernelStack:       44848 kB
PageTables:        60740 kB
NFS_Unstable:          0 kB
Bounce:                0 kB
WritebackTmp:          0 kB
CommitLimit:     9202296 kB
Committed_AS:   66984984 kB
VmallocTotal:   263061440 kB
VmallocUsed:      101688 kB
VmallocChunk:          0 kB
Percpu:             7616 kB
CmaTotal:         294912 kB
CmaFree:               0 kB
MemTotal:       12113144 kB
MemFree:         6976100 kB
MemAvailable:    8283256 kB
Buffers:            4552 kB
Cached:          1512128 kB
SwapCached:            0 kB
Active:          1316604 kB
Inactive:        1342824 kB
Active(anon):    1149296 kB
Inactive(anon):    16564 kB
Active(file):     167308 kB
Inactive(file):  1326260 kB
Unevictable:        5528 kB
Mlocked:            5528 kB
SwapTotal:       3145724 kB
SwapFree:        3145724 kB
Dirty:               464 kB
Writeback:             0 kB
AnonPages:       1148456 kB
Mapped:           808172 kB
Shmem:             18620 kB
KReclaimable:     682292 kB
Slab:             204992 kB
SReclaimable:      65132 kB
SUnreclaim:       139860 kB
KernelStack:       44800 kB
PageTables:        60724 kB
NFS_Unstable:          0 kB
Bounce:                0 kB
WritebackTmp:          0 kB
CommitLimit:     9202296 kB
Committed_AS:   66984724 kB
VmallocTotal:   263061440 kB
VmallocUsed:      101720 kB
VmallocChunk:          0 kB
Percpu:             7616 kB
CmaTotal:         294912 kB
CmaFree:               0 kB
MemTotal:       12113144 kB
MemFree:         6976228 kB
MemAvailable:    8283384 kB
Buffers:            4552 kB
Cached:          1512216 kB
SwapCached:            0 kB
Active:          1316480 kB
Inactive:        1342912 kB
Active(anon):    1149172 kB
Inactive(anon):    16652 kB
Active(file):     167308 kB
Inactive(file):  1326260 kB
Unevictable:        5528 kB
Mlocked:            5528 kB
SwapTotal:       3145724 kB
SwapFree:        3145724 kB
Dirty:               476 kB
Writeback:             0 kB
AnonPages:       1148188 kB
Mapped:           808188 kB
Shmem:             18708 kB
KReclaimable:     682292 kB
Slab:             204992 kB
SReclaimable:      65132 kB
SUnreclaim:       139860 kB
KernelStack:       44784 kB
PageTables:        60688 kB
NFS_Unstable:          0 kB
Bounce:                0 kB
WritebackTmp:          0 kB
CommitLimit:     9202296 kB
Committed_AS:   66994832 kB
VmallocTotal:   263061440 kB
VmallocUsed:      101720 kB
VmallocChunk:          0 kB
Percpu:             7616 kB
CmaTotal:         294912 kB
CmaFree:               0 kB
MemTotal:       12113144 kB
MemFree:         6976304 kB
MemAvailable:    8283452 kB
Buffers:            4552 kB
Cached:          1512120 kB
SwapCached:            0 kB
Active:          1316652 kB
Inactive:        1342820 kB
Active(anon):    1149348 kB
Inactive(anon):    16564 kB
Active(file):     167304 kB
Inactive(file):  1326256 kB
Unevictable:        5528 kB
Mlocked:            5528 kB
SwapTotal:       3145724 kB
SwapFree:        3145724 kB
Dirty:               468 kB
Writeback:             0 kB
AnonPages:       1148228 kB
Mapped:           808112 kB
Shmem:             18620 kB
KReclaimable:     682292 kB
Slab:             204992 kB
SReclaimable:      65132 kB
SUnreclaim:       139860 kB
KernelStack:       44768 kB
PageTables:        60668 kB
NFS_Unstable:          0 kB
Bounce:                0 kB
WritebackTmp:          0 kB
CommitLimit:     9202296 kB
Committed_AS:   66994632 kB
VmallocTotal:   263061440 kB
VmallocUsed:      101720 kB
VmallocChunk:          0 kB
Percpu:             7616 kB
CmaTotal:         294912 kB
CmaFree:               0 kB
MemTotal:       12113144 kB
MemFree:         6975824 kB
MemAvailable:    8282980 kB
Buffers:            4552 kB
Cached:          1512128 kB
SwapCached:            0 kB
Active:          1318156 kB
Inactive:        1342824 kB
Active(anon):    1150848 kB
Inactive(anon):    16564 kB
Active(file):     167308 kB
Inactive(file):  1326260 kB
Unevictable:        5528 kB
Mlocked:            5528 kB
SwapTotal:       3145724 kB
SwapFree:        3145724 kB
Dirty:               500 kB
Writeback:             0 kB
AnonPages:       1149768 kB
Mapped:           808112 kB
Shmem:             18620 kB
KReclaimable:     682292 kB
Slab:             205000 kB
SReclaimable:      65132 kB
SUnreclaim:       139868 kB
KernelStack:       44768 kB
PageTables:        60668 kB
NFS_Unstable:          0 kB
Bounce:                0 kB
WritebackTmp:          0 kB
CommitLimit:     9202296 kB
Committed_AS:   66994456 kB
VmallocTotal:   263061440 kB
VmallocUsed:      101736 kB
VmallocChunk:          0 kB
Percpu:             7616 kB
CmaTotal:         294912 kB
CmaFree:               0 kB
MemTotal:       12113144 kB
MemFree:         6980280 kB
MemAvailable:    8287440 kB
Buffers:            4552 kB
Cached:          1512136 kB
SwapCached:            0 kB
Active:          1311500 kB
Inactive:        1342832 kB
Active(anon):    1144192 kB
Inactive(anon):    16568 kB
Active(file):     167308 kB
Inactive(file):  1326264 kB
Unevictable:        5528 kB
Mlocked:            5528 kB
SwapTotal:       3145724 kB
SwapFree:        3145724 kB
Dirty:               424 kB
Writeback:             0 kB
AnonPages:       1142868 kB
Mapped:           808176 kB
Shmem:             18624 kB
KReclaimable:     682292 kB
Slab:             204992 kB
SReclaimable:      65132 kB
SUnreclaim:       139860 kB
KernelStack:       44784 kB
PageTables:        60724 kB
NFS_Unstable:          0 kB
Bounce:                0 kB
WritebackTmp:          0 kB
CommitLimit:     9202296 kB
Committed_AS:   66994468 kB
VmallocTotal:   263061440 kB
VmallocUsed:      101752 kB
VmallocChunk:          0 kB
Percpu:             7616 kB
CmaTotal:         294912 kB
CmaFree:               0 kB
MemTotal:       12113144 kB
MemFree:         6990340 kB
MemAvailable:    8297456 kB
Buffers:            4552 kB
Cached:          1512144 kB
SwapCached:            0 kB
Active:          1303380 kB
Inactive:        1342840 kB
Active(anon):    1136072 kB
Inactive(anon):    16572 kB
Active(file):     167308 kB
Inactive(file):  1326268 kB
Unevictable:        5528 kB
Mlocked:            5528 kB
SwapTotal:       3145724 kB
SwapFree:        3145724 kB
Dirty:               428 kB
Writeback:             0 kB
AnonPages:       1134984 kB
Mapped:           808124 kB
Shmem:             18628 kB
KReclaimable:     682244 kB
Slab:             204904 kB
SReclaimable:      65084 kB
SUnreclaim:       139820 kB
KernelStack:       44784 kB
PageTables:        60688 kB
NFS_Unstable:          0 kB
Bounce:                0 kB
WritebackTmp:          0 kB
CommitLimit:     9202296 kB
Committed_AS:   66994120 kB
VmallocTotal:   263061440 kB
VmallocUsed:      101752 kB
VmallocChunk:          0 kB
Percpu:             7616 kB
CmaTotal:         294912 kB
CmaFree:               0 kB
MemTotal:       12113144 kB
MemFree:         6988560 kB
MemAvailable:    8295672 kB
Buffers:            4556 kB
Cached:          1512136 kB
SwapCached:            0 kB
Active:          1303488 kB
Inactive:        1342836 kB
Active(anon):    1136180 kB
Inactive(anon):    16572 kB
Active(file):     167308 kB
Inactive(file):  1326264 kB
Unevictable:        5528 kB
Mlocked:            5528 kB
SwapTotal:       3145724 kB
SwapFree:        3145724 kB
Dirty:               424 kB
Writeback:             0 kB
AnonPages:       1135776 kB
Mapped:           807932 kB
Shmem:             18628 kB
KReclaimable:     682244 kB
Slab:             204952 kB
SReclaimable:      65084 kB
SUnreclaim:       139868 kB
KernelStack:       44800 kB
PageTables:        60744 kB
NFS_Unstable:          0 kB
Bounce:                0 kB
WritebackTmp:          0 kB
CommitLimit:     9202296 kB
Committed_AS:   66993944 kB
VmallocTotal:   263061440 kB
VmallocUsed:      101752 kB
VmallocChunk:          0 kB
Percpu:             7616 kB
CmaTotal:         294912 kB
CmaFree:               0 kB
MemTotal:       12113144 kB
MemFree:         6987488 kB
MemAvailable:    8294624 kB
Buffers:            4556 kB
Cached:          1512156 kB
SwapCached:            0 kB
Active:          1304176 kB
Inactive:        1342852 kB
Active(anon):    1136864 kB
Inactive(anon):    16572 kB
Active(file):     167312 kB
Inactive(file):  1326280 kB
Unevictable:        5528 kB
Mlocked:            5528 kB
SwapTotal:       3145724 kB
SwapFree:        3145724 kB
Dirty:               436 kB
Writeback:             0 kB
AnonPages:       1135860 kB
Mapped:           808120 kB
Shmem:             18628 kB
KReclaimable:     682248 kB
Slab:             204924 kB
SReclaimable:      65088 kB
SUnreclaim:       139836 kB
KernelStack:       44784 kB
PageTables:        60820 kB
NFS_Unstable:          0 kB
Bounce:                0 kB
WritebackTmp:          0 kB
CommitLimit:     9202296 kB
Committed_AS:   66990564 kB
VmallocTotal:   263061440 kB
VmallocUsed:      101752 kB
VmallocChunk:          0 kB
Percpu:             7616 kB
CmaTotal:         294912 kB
CmaFree:               0 kB
MemTotal:       12113144 kB
MemFree:         6987716 kB
MemAvailable:    8294852 kB
Buffers:            4556 kB
Cached:          1512156 kB
SwapCached:            0 kB
Active:          1304824 kB
Inactive:        1342852 kB
Active(anon):    1137512 kB
Inactive(anon):    16572 kB
Active(file):     167312 kB
Inactive(file):  1326280 kB
Unevictable:        5528 kB
Mlocked:            5528 kB
SwapTotal:       3145724 kB
SwapFree:        3145724 kB
Dirty:               424 kB
Writeback:             0 kB
AnonPages:       1136156 kB
Mapped:           808044 kB
Shmem:             18628 kB
KReclaimable:     682248 kB
Slab:             204980 kB
SReclaimable:      65088 kB
SUnreclaim:       139892 kB
KernelStack:       44864 kB
PageTables:        60856 kB
NFS_Unstable:          0 kB
Bounce:                0 kB
WritebackTmp:          0 kB
CommitLimit:     9202296 kB
Committed_AS:   66995132 kB
VmallocTotal:   263061440 kB
VmallocUsed:      101752 kB
VmallocChunk:          0 kB
Percpu:             7616 kB
CmaTotal:         294912 kB
CmaFree:              60 kB
MemTotal:       12113144 kB
MemFree:         6985340 kB
MemAvailable:    8292464 kB
Buffers:            4556 kB
Cached:          1512144 kB
SwapCached:            0 kB
Active:          1306244 kB
Inactive:        1342844 kB
Active(anon):    1138936 kB
Inactive(anon):    16572 kB
Active(file):     167308 kB
Inactive(file):  1326272 kB
Unevictable:        5528 kB
Mlocked:            5528 kB
SwapTotal:       3145724 kB
SwapFree:        3145724 kB
Dirty:               420 kB
Writeback:             0 kB
AnonPages:       1138116 kB
Mapped:           808252 kB
Shmem:             18628 kB
KReclaimable:     682248 kB
Slab:             205012 kB
SReclaimable:      65088 kB
SUnreclaim:       139924 kB
KernelStack:       44816 kB
PageTables:        60808 kB
NFS_Unstable:          0 kB
Bounce:                0 kB
WritebackTmp:          0 kB
CommitLimit:     9202296 kB
Committed_AS:   66994912 kB
VmallocTotal:   263061440 kB
VmallocUsed:      101752 kB
VmallocChunk:          0 kB
Percpu:             7616 kB
CmaTotal:         294912 kB
CmaFree:              60 kB
MemTotal:       12113144 kB
MemFree:         6987212 kB
MemAvailable:    8294340 kB
Buffers:            4556 kB
Cached:          1512148 kB
SwapCached:            0 kB
Active:          1305424 kB
Inactive:        1342848 kB
Active(anon):    1138116 kB
Inactive(anon):    16572 kB
Active(file):     167308 kB
Inactive(file):  1326276 kB
Unevictable:        5528 kB
Mlocked:            5528 kB
SwapTotal:       3145724 kB
SwapFree:        3145724 kB
Dirty:               416 kB
Writeback:             0 kB
AnonPages:       1137228 kB
Mapped:           807996 kB
Shmem:             18628 kB
KReclaimable:     682248 kB
Slab:             204900 kB
SReclaimable:      65088 kB
SUnreclaim:       139812 kB
KernelStack:       44816 kB
PageTables:        60804 kB
NFS_Unstable:          0 kB
Bounce:                0 kB
WritebackTmp:          0 kB
CommitLimit:     9202296 kB
Committed_AS:   66994736 kB
VmallocTotal:   263061440 kB
VmallocUsed:      101752 kB
VmallocChunk:          0 kB
Percpu:             7616 kB
CmaTotal:         294912 kB
CmaFree:               0 kB
MemTotal:       12113144 kB
MemFree:         6986524 kB
MemAvailable:    8293660 kB
Buffers:            4556 kB
Cached:          1512156 kB
SwapCached:            0 kB
Active:          1306464 kB
Inactive:        1342852 kB
Active(anon):    1139152 kB
Inactive(anon):    16572 kB
Active(file):     167312 kB
Inactive(file):  1326280 kB
Unevictable:        5528 kB
Mlocked:            5528 kB
SwapTotal:       3145724 kB
SwapFree:        3145724 kB
Dirty:               424 kB
Writeback:             0 kB
AnonPages:       1137812 kB
Mapped:           808184 kB
Shmem:             18628 kB
KReclaimable:     682248 kB
Slab:             204988 kB
SReclaimable:      65088 kB
SUnreclaim:       139900 kB
KernelStack:       44800 kB
PageTables:        60748 kB
NFS_Unstable:          0 kB
Bounce:                0 kB
WritebackTmp:          0 kB
CommitLimit:     9202296 kB
Committed_AS:   66994428 kB
VmallocTotal:   263061440 kB
VmallocUsed:      101720 kB
VmallocChunk:          0 kB
Percpu:             7616 kB
CmaTotal:         294912 kB
CmaFree:               0 kB
MemTotal:       12113144 kB
MemFree:         6985940 kB
MemAvailable:    8293076 kB
Buffers:            4556 kB
Cached:          1512156 kB
SwapCached:            0 kB
Active:          1306556 kB
Inactive:        1342852 kB
Active(anon):    1139244 kB
Inactive(anon):    16572 kB
Active(file):     167312 kB
Inactive(file):  1326280 kB
Unevictable:        5528 kB
Mlocked:            5528 kB
SwapTotal:       3145724 kB
SwapFree:        3145724 kB
Dirty:               424 kB
Writeback:             0 kB
AnonPages:       1138096 kB
Mapped:           808180 kB
Shmem:             18628 kB
KReclaimable:     682248 kB
Slab:             204900 kB
SReclaimable:      65088 kB
SUnreclaim:       139812 kB
KernelStack:       44816 kB
PageTables:        61128 kB
NFS_Unstable:          0 kB
Bounce:                0 kB
WritebackTmp:          0 kB
CommitLimit:     9202296 kB
Committed_AS:   66989340 kB
VmallocTotal:   263061440 kB
VmallocUsed:      101704 kB
VmallocChunk:          0 kB
Percpu:             7616 kB
CmaTotal:         294912 kB
CmaFree:               4 kB
MemTotal:       12113144 kB
MemFree:         6996556 kB
MemAvailable:    8303692 kB
Buffers:            4556 kB
Cached:          1512156 kB
SwapCached:            0 kB
Active:          1296772 kB
Inactive:        1342852 kB
Active(anon):    1129460 kB
Inactive(anon):    16572 kB
Active(file):     167312 kB
Inactive(file):  1326280 kB
Unevictable:        5528 kB
Mlocked:            5528 kB
SwapTotal:       3145724 kB
SwapFree:        3145724 kB
Dirty:               396 kB
Writeback:             0 kB
AnonPages:       1128304 kB
Mapped:           807924 kB
Shmem:             18628 kB
KReclaimable:     682248 kB
Slab:             204964 kB
SReclaimable:      65088 kB
SUnreclaim:       139876 kB
KernelStack:       44816 kB
PageTables:        60752 kB
NFS_Unstable:          0 kB
Bounce:                0 kB
WritebackTmp:          0 kB
CommitLimit:     9202296 kB
Committed_AS:   66995448 kB
VmallocTotal:   263061440 kB
VmallocUsed:      101736 kB
VmallocChunk:          0 kB
Percpu:             7616 kB
CmaTotal:         294912 kB
CmaFree:               0 kB
MemTotal:       12113144 kB
MemFree:         6995580 kB
MemAvailable:    8302716 kB
Buffers:            4556 kB
Cached:          1512160 kB
SwapCached:            0 kB
Active:          1297444 kB
Inactive:        1342856 kB
Active(anon):    1130132 kB
Inactive(anon):    16576 kB
Active(file):     167312 kB
Inactive(file):  1326280 kB
Unevictable:        5528 kB
Mlocked:            5528 kB
SwapTotal:       3145724 kB
SwapFree:        3145724 kB
Dirty:               424 kB
Writeback:             0 kB
AnonPages:       1128880 kB
Mapped:           807936 kB
Shmem:             18632 kB
KReclaimable:     682248 kB
Slab:             204908 kB
SReclaimable:      65088 kB
SUnreclaim:       139820 kB
KernelStack:       44800 kB
PageTables:        60768 kB
NFS_Unstable:          0 kB
Bounce:                0 kB
WritebackTmp:          0 kB
CommitLimit:     9202296 kB
Committed_AS:   66995432 kB
VmallocTotal:   263061440 kB
VmallocUsed:      101720 kB
VmallocChunk:          0 kB
Percpu:             7616 kB
CmaTotal:         294912 kB
CmaFree:               0 kB
MemTotal:       12113144 kB
MemFree:         6995016 kB
MemAvailable:    8302152 kB
Buffers:            4556 kB
Cached:          1512160 kB
SwapCached:            0 kB
Active:          1297788 kB
Inactive:        1342848 kB
Active(anon):    1130468 kB
Inactive(anon):    16576 kB
Active(file):     167320 kB
Inactive(file):  1326272 kB
Unevictable:        5528 kB
Mlocked:            5528 kB
SwapTotal:       3145724 kB
SwapFree:        3145724 kB
Dirty:               428 kB
Writeback:             0 kB
AnonPages:       1129096 kB
Mapped:           807928 kB
Shmem:             18632 kB
KReclaimable:     682248 kB
Slab:             204936 kB
SReclaimable:      65088 kB
SUnreclaim:       139848 kB
KernelStack:       44784 kB
PageTables:        60748 kB
NFS_Unstable:          0 kB
Bounce:                0 kB
WritebackTmp:          0 kB
CommitLimit:     9202296 kB
Committed_AS:   66989204 kB
VmallocTotal:   263061440 kB
VmallocUsed:      101720 kB
VmallocChunk:          0 kB
Percpu:             7616 kB
CmaTotal:         294912 kB
CmaFree:               0 kB
MemTotal:       12113144 kB
MemFree:         6989120 kB
MemAvailable:    8296264 kB
Buffers:            4556 kB
Cached:          1512168 kB
SwapCached:            0 kB
Active:          1306244 kB
Inactive:        1342852 kB
Active(anon):    1138920 kB
Inactive(anon):    16576 kB
Active(file):     167324 kB
Inactive(file):  1326276 kB
Unevictable:        5528 kB
Mlocked:            5528 kB
SwapTotal:       3145724 kB
SwapFree:        3145724 kB
Dirty:               428 kB
Writeback:             0 kB
AnonPages:       1137712 kB
Mapped:           808048 kB
Shmem:             18632 kB
KReclaimable:     682248 kB
Slab:             204952 kB
SReclaimable:      65088 kB
SUnreclaim:       139864 kB
KernelStack:       44804 kB
PageTables:        60716 kB
NFS_Unstable:          0 kB
Bounce:                0 kB
WritebackTmp:          0 kB
CommitLimit:     9202296 kB
Committed_AS:   66992284 kB
VmallocTotal:   263061440 kB
VmallocUsed:      101704 kB
VmallocChunk:          0 kB
Percpu:             7616 kB
CmaTotal:         294912 kB
CmaFree:               0 kB
MemTotal:       12113144 kB
MemFree:         6982088 kB
MemAvailable:    8289224 kB
Buffers:            4556 kB
Cached:          1512160 kB
SwapCached:            0 kB
Active:          1311424 kB
Inactive:        1342848 kB
Active(anon):    1144104 kB
Inactive(anon):    16576 kB
Active(file):     167320 kB
Inactive(file):  1326272 kB
Unevictable:        5528 kB
Mlocked:            5528 kB
SwapTotal:       3145724 kB
SwapFree:        3145724 kB
Dirty:               456 kB
Writeback:             0 kB
AnonPages:       1143092 kB
Mapped:           808192 kB
Shmem:             18632 kB
KReclaimable:     682248 kB
Slab:             204960 kB
SReclaimable:      65088 kB
SUnreclaim:       139872 kB
KernelStack:       44816 kB
PageTables:        60768 kB
NFS_Unstable:          0 kB
Bounce:                0 kB
WritebackTmp:          0 kB
CommitLimit:     9202296 kB
Committed_AS:   66998456 kB
VmallocTotal:   263061440 kB
VmallocUsed:      101704 kB
VmallocChunk:          0 kB
Percpu:             7616 kB
CmaTotal:         294912 kB
CmaFree:               0 kB
MemTotal:       12113144 kB
MemFree:         6981164 kB
MemAvailable:    8288300 kB
Buffers:            4556 kB
Cached:          1512168 kB
SwapCached:            0 kB
Active:          1311988 kB
Inactive:        1342856 kB
Active(anon):    1144668 kB
Inactive(anon):    16584 kB
Active(file):     167320 kB
Inactive(file):  1326272 kB
Unevictable:        5528 kB
Mlocked:            5528 kB
SwapTotal:       3145724 kB
SwapFree:        3145724 kB
Dirty:               396 kB
Writeback:             0 kB
AnonPages:       1143612 kB
Mapped:           808192 kB
Shmem:             18640 kB
KReclaimable:     682248 kB
Slab:             204952 kB
SReclaimable:      65088 kB
SUnreclaim:       139864 kB
KernelStack:       44800 kB
PageTables:        60756 kB
NFS_Unstable:          0 kB
Bounce:                0 kB
WritebackTmp:          0 kB
CommitLimit:     9202296 kB
Committed_AS:   66998448 kB
VmallocTotal:   263061440 kB
VmallocUsed:      101704 kB
VmallocChunk:          0 kB
Percpu:             7616 kB
CmaTotal:         294912 kB
CmaFree:               0 kB
MemTotal:       12113144 kB
MemFree:         6980004 kB
MemAvailable:    8287140 kB
Buffers:            4556 kB
Cached:          1512168 kB
SwapCached:            0 kB
Active:          1312768 kB
Inactive:        1342856 kB
Active(anon):    1145448 kB
Inactive(anon):    16584 kB
Active(file):     167320 kB
Inactive(file):  1326272 kB
Unevictable:        5528 kB
Mlocked:            5528 kB
SwapTotal:       3145724 kB
SwapFree:        3145724 kB
Dirty:               396 kB
Writeback:             0 kB
AnonPages:       1144592 kB
Mapped:           807944 kB
Shmem:             18640 kB
KReclaimable:     682248 kB
Slab:             204952 kB
SReclaimable:      65088 kB
SUnreclaim:       139864 kB
KernelStack:       44752 kB
PageTables:        60772 kB
NFS_Unstable:          0 kB
Bounce:                0 kB
WritebackTmp:          0 kB
CommitLimit:     9202296 kB
Committed_AS:   66998360 kB
VmallocTotal:   263061440 kB
VmallocUsed:      101704 kB
VmallocChunk:          0 kB
Percpu:             7616 kB
CmaTotal:         294912 kB
CmaFree:               0 kB
MemTotal:       12113144 kB
MemFree:         6979608 kB
MemAvailable:    8286744 kB
Buffers:            4556 kB
Cached:          1512168 kB
SwapCached:            0 kB
Active:          1313480 kB
Inactive:        1342856 kB
Active(anon):    1146160 kB
Inactive(anon):    16584 kB
Active(file):     167320 kB
Inactive(file):  1326272 kB
Unevictable:        5528 kB
Mlocked:            5528 kB
SwapTotal:       3145724 kB
SwapFree:        3145724 kB
Dirty:               424 kB
Writeback:             0 kB
AnonPages:       1144776 kB
Mapped:           808120 kB
Shmem:             18640 kB
KReclaimable:     682248 kB
Slab:             204952 kB
SReclaimable:      65088 kB
SUnreclaim:       139864 kB
KernelStack:       44800 kB
PageTables:        61040 kB
NFS_Unstable:          0 kB
Bounce:                0 kB
WritebackTmp:          0 kB
CommitLimit:     9202296 kB
Committed_AS:   66998872 kB
VmallocTotal:   263061440 kB
VmallocUsed:      101720 kB
VmallocChunk:          0 kB
Percpu:             7616 kB
CmaTotal:         294912 kB
CmaFree:               0 kB
MemTotal:       12113144 kB
MemFree:         6979012 kB
MemAvailable:    8286156 kB
Buffers:            4564 kB
Cached:          1512168 kB
SwapCached:            0 kB
Active:          1313704 kB
Inactive:        1342864 kB
Active(anon):    1146384 kB
Inactive(anon):    16584 kB
Active(file):     167320 kB
Inactive(file):  1326280 kB
Unevictable:        5528 kB
Mlocked:            5528 kB
SwapTotal:       3145724 kB
SwapFree:        3145724 kB
Dirty:               416 kB
Writeback:             0 kB
AnonPages:       1145348 kB
Mapped:           808196 kB
Shmem:             18640 kB
KReclaimable:     682248 kB
Slab:             204952 kB
SReclaimable:      65088 kB
SUnreclaim:       139864 kB
KernelStack:       44784 kB
PageTables:        60880 kB
NFS_Unstable:          0 kB
Bounce:                0 kB
WritebackTmp:          0 kB
CommitLimit:     9202296 kB
Committed_AS:   66998608 kB
VmallocTotal:   263061440 kB
VmallocUsed:      101768 kB
VmallocChunk:          0 kB
Percpu:             7616 kB
CmaTotal:         294912 kB
CmaFree:               0 kB
MemTotal:       12113144 kB
MemFree:         6979184 kB
MemAvailable:    8286340 kB
Buffers:            4564 kB
Cached:          1512180 kB
SwapCached:            0 kB
Active:          1313904 kB
Inactive:        1342868 kB
Active(anon):    1146576 kB
Inactive(anon):    16584 kB
Active(file):     167328 kB
Inactive(file):  1326284 kB
Unevictable:        5528 kB
Mlocked:            5528 kB
SwapTotal:       3145724 kB
SwapFree:        3145724 kB
Dirty:               424 kB
Writeback:             0 kB
AnonPages:       1145860 kB
Mapped:           808196 kB
Shmem:             18640 kB
KReclaimable:     682248 kB
Slab:             204952 kB
SReclaimable:      65088 kB
SUnreclaim:       139864 kB
KernelStack:       44752 kB
PageTables:        60744 kB
NFS_Unstable:          0 kB
Bounce:                0 kB
WritebackTmp:          0 kB
CommitLimit:     9202296 kB
Committed_AS:   66998564 kB
VmallocTotal:   263061440 kB
VmallocUsed:      101752 kB
VmallocChunk:          0 kB
Percpu:             7616 kB
CmaTotal:         294912 kB
CmaFree:               0 kB
MemTotal:       12113144 kB
MemFree:         6977000 kB
MemAvailable:    8284156 kB
Buffers:            4564 kB
Cached:          1512180 kB
SwapCached:            0 kB
Active:          1314972 kB
Inactive:        1342868 kB
Active(anon):    1147644 kB
Inactive(anon):    16584 kB
Active(file):     167328 kB
Inactive(file):  1326284 kB
Unevictable:        5528 kB
Mlocked:            5528 kB
SwapTotal:       3145724 kB
SwapFree:        3145724 kB
Dirty:               424 kB
Writeback:             0 kB
AnonPages:       1146416 kB
Mapped:           807948 kB
Shmem:             18640 kB
KReclaimable:     682248 kB
Slab:             204952 kB
SReclaimable:      65088 kB
SUnreclaim:       139864 kB
KernelStack:       44768 kB
PageTables:        60756 kB
NFS_Unstable:          0 kB
Bounce:                0 kB
WritebackTmp:          0 kB
CommitLimit:     9202296 kB
Committed_AS:   66998124 kB
VmallocTotal:   263061440 kB
VmallocUsed:      101752 kB
VmallocChunk:          0 kB
Percpu:             7616 kB
CmaTotal:         294912 kB
CmaFree:               0 kB
MemTotal:       12113144 kB
MemFree:         6977168 kB
MemAvailable:    8284324 kB
Buffers:            4564 kB
Cached:          1512180 kB
SwapCached:            0 kB
Active:          1315396 kB
Inactive:        1342868 kB
Active(anon):    1148068 kB
Inactive(anon):    16584 kB
Active(file):     167328 kB
Inactive(file):  1326284 kB
Unevictable:        5528 kB
Mlocked:            5528 kB
SwapTotal:       3145724 kB
SwapFree:        3145724 kB
Dirty:               392 kB
Writeback:             0 kB
AnonPages:       1146772 kB
Mapped:           808192 kB
Shmem:             18640 kB
KReclaimable:     682248 kB
Slab:             204952 kB
SReclaimable:      65088 kB
SUnreclaim:       139864 kB
KernelStack:       44736 kB
PageTables:        60744 kB
NFS_Unstable:          0 kB
Bounce:                0 kB
WritebackTmp:          0 kB
CommitLimit:     9202296 kB
Committed_AS:   66998344 kB
VmallocTotal:   263061440 kB
VmallocUsed:      101688 kB
VmallocChunk:          0 kB
Percpu:             7616 kB
CmaTotal:         294912 kB
CmaFree:               0 kB
MemTotal:       12113144 kB
MemFree:         6977480 kB
MemAvailable:    8284636 kB
Buffers:            4564 kB
Cached:          1512180 kB
SwapCached:            0 kB
Active:          1315852 kB
Inactive:        1342868 kB
Active(anon):    1148524 kB
Inactive(anon):    16584 kB
Active(file):     167328 kB
Inactive(file):  1326284 kB
Unevictable:        5528 kB
Mlocked:            5528 kB
SwapTotal:       3145724 kB
SwapFree:        3145724 kB
Dirty:               392 kB
Writeback:             0 kB
AnonPages:       1147628 kB
Mapped:           808196 kB
Shmem:             18640 kB
KReclaimable:     682248 kB
Slab:             204952 kB
SReclaimable:      65088 kB
SUnreclaim:       139864 kB
KernelStack:       44640 kB
PageTables:        60728 kB
NFS_Unstable:          0 kB
Bounce:                0 kB
WritebackTmp:          0 kB
CommitLimit:     9202296 kB
Committed_AS:   66997744 kB
VmallocTotal:   263061440 kB
VmallocUsed:      101640 kB
VmallocChunk:          0 kB
Percpu:             7616 kB
CmaTotal:         294912 kB
CmaFree:               0 kB
MemTotal:       12113144 kB
MemFree:         6975836 kB
MemAvailable:    8282992 kB
Buffers:            4564 kB
Cached:          1512184 kB
SwapCached:            0 kB
Active:          1316276 kB
Inactive:        1342872 kB
Active(anon):    1148948 kB
Inactive(anon):    16588 kB
Active(file):     167328 kB
Inactive(file):  1326284 kB
Unevictable:        5528 kB
Mlocked:            5528 kB
SwapTotal:       3145724 kB
SwapFree:        3145724 kB
Dirty:               392 kB
Writeback:             0 kB
AnonPages:       1148020 kB
Mapped:           807944 kB
Shmem:             18644 kB
KReclaimable:     682248 kB
Slab:             204952 kB
SReclaimable:      65088 kB
SUnreclaim:       139864 kB
KernelStack:       44640 kB
PageTables:        60728 kB
NFS_Unstable:          0 kB
Bounce:                0 kB
WritebackTmp:          0 kB
CommitLimit:     9202296 kB
Committed_AS:   66997396 kB
VmallocTotal:   263061440 kB
VmallocUsed:      101656 kB
VmallocChunk:          0 kB
Percpu:             7616 kB
CmaTotal:         294912 kB
CmaFree:               0 kB
MemTotal:       12113144 kB
MemFree:         6975656 kB
MemAvailable:    8282808 kB
Buffers:            4564 kB
Cached:          1512184 kB
SwapCached:            0 kB
Active:          1317168 kB
Inactive:        1342872 kB
Active(anon):    1149844 kB
Inactive(anon):    16588 kB
Active(file):     167324 kB
Inactive(file):  1326284 kB
Unevictable:        5528 kB
Mlocked:            5528 kB
SwapTotal:       3145724 kB
SwapFree:        3145724 kB
Dirty:               404 kB
Writeback:             0 kB
AnonPages:       1149044 kB
Mapped:           808200 kB
Shmem:             18644 kB
KReclaimable:     682248 kB
Slab:             204952 kB
SReclaimable:      65088 kB
SUnreclaim:       139864 kB
KernelStack:       44624 kB
PageTables:        60728 kB
NFS_Unstable:          0 kB
Bounce:                0 kB
WritebackTmp:          0 kB
CommitLimit:     9202296 kB
Committed_AS:   66997352 kB
VmallocTotal:   263061440 kB
VmallocUsed:      101656 kB
VmallocChunk:          0 kB
Percpu:             7616 kB
CmaTotal:         294912 kB
CmaFree:               0 kB
MemTotal:       12113144 kB
MemFree:         6975140 kB
MemAvailable:    8282304 kB
Buffers:            4564 kB
Cached:          1512200 kB
SwapCached:            0 kB
Active:          1316968 kB
Inactive:        1342880 kB
Active(anon):    1149632 kB
Inactive(anon):    16596 kB
Active(file):     167336 kB
Inactive(file):  1326284 kB
Unevictable:        5528 kB
Mlocked:            5528 kB
SwapTotal:       3145724 kB
SwapFree:        3145724 kB
Dirty:               456 kB
Writeback:             0 kB
AnonPages:       1148812 kB
Mapped:           808208 kB
Shmem:             18652 kB
KReclaimable:     682248 kB
Slab:             204952 kB
SReclaimable:      65088 kB
SUnreclaim:       139864 kB
KernelStack:       44608 kB
PageTables:        60728 kB
NFS_Unstable:          0 kB
Bounce:                0 kB
WritebackTmp:          0 kB
CommitLimit:     9202296 kB
Committed_AS:   66991712 kB
VmallocTotal:   263061440 kB
VmallocUsed:      101640 kB
VmallocChunk:          0 kB
Percpu:             7616 kB
CmaTotal:         294912 kB
CmaFree:               0 kB
MemTotal:       12113144 kB
MemFree:         6974112 kB
MemAvailable:    8281268 kB
Buffers:            4564 kB
Cached:          1512192 kB
SwapCached:            0 kB
Active:          1318600 kB
Inactive:        1342876 kB
Active(anon):    1151268 kB
Inactive(anon):    16596 kB
Active(file):     167332 kB
Inactive(file):  1326280 kB
Unevictable:        5528 kB
Mlocked:            5528 kB
SwapTotal:       3145724 kB
SwapFree:        3145724 kB
Dirty:               404 kB
Writeback:             0 kB
AnonPages:       1150388 kB
Mapped:           808212 kB
Shmem:             18652 kB
KReclaimable:     682248 kB
Slab:             204952 kB
SReclaimable:      65088 kB
SUnreclaim:       139864 kB
KernelStack:       44640 kB
PageTables:        60704 kB
NFS_Unstable:          0 kB
Bounce:                0 kB
WritebackTmp:          0 kB
CommitLimit:     9202296 kB
Committed_AS:   66991448 kB
VmallocTotal:   263061440 kB
VmallocUsed:      101608 kB
VmallocChunk:          0 kB
Percpu:             7616 kB
CmaTotal:         294912 kB
CmaFree:              32 kB
MemTotal:       12113144 kB
MemFree:         6973160 kB
MemAvailable:    8280316 kB
Buffers:            4564 kB
Cached:          1512196 kB
SwapCached:            0 kB
Active:          1318304 kB
Inactive:        1342880 kB
Active(anon):    1150972 kB
Inactive(anon):    16600 kB
Active(file):     167332 kB
Inactive(file):  1326280 kB
Unevictable:        5528 kB
Mlocked:            5528 kB
SwapTotal:       3145724 kB
SwapFree:        3145724 kB
Dirty:               404 kB
Writeback:             0 kB
AnonPages:       1149660 kB
Mapped:           808204 kB
Shmem:             18656 kB
KReclaimable:     682248 kB
Slab:             204952 kB
SReclaimable:      65088 kB
SUnreclaim:       139864 kB
KernelStack:       44624 kB
PageTables:        60680 kB
NFS_Unstable:          0 kB
Bounce:                0 kB
WritebackTmp:          0 kB
CommitLimit:     9202296 kB
Committed_AS:   66993304 kB
VmallocTotal:   263061440 kB
VmallocUsed:      101560 kB
VmallocChunk:          0 kB
Percpu:             7616 kB
CmaTotal:         294912 kB
CmaFree:               0 kB
MemTotal:       12113144 kB
MemFree:         6974448 kB
MemAvailable:    8281616 kB
Buffers:            4564 kB
Cached:          1512208 kB
SwapCached:            0 kB
Active:          1318732 kB
Inactive:        1342888 kB
Active(anon):    1151396 kB
Inactive(anon):    16600 kB
Active(file):     167336 kB
Inactive(file):  1326288 kB
Unevictable:        5528 kB
Mlocked:            5528 kB
SwapTotal:       3145724 kB
SwapFree:        3145724 kB
Dirty:               432 kB
Writeback:             0 kB
AnonPages:       1150368 kB
Mapped:           807964 kB
Shmem:             18656 kB
KReclaimable:     682248 kB
Slab:             204952 kB
SReclaimable:      65088 kB
SUnreclaim:       139864 kB
KernelStack:       44656 kB
PageTables:        60800 kB
NFS_Unstable:          0 kB
Bounce:                0 kB
WritebackTmp:          0 kB
CommitLimit:     9202296 kB
Committed_AS:   67003896 kB
VmallocTotal:   263061440 kB
VmallocUsed:      101544 kB
VmallocChunk:          0 kB
Percpu:             7616 kB
CmaTotal:         294912 kB
CmaFree:               0 kB
MemTotal:       12113144 kB
MemFree:         6974008 kB
MemAvailable:    8281176 kB
Buffers:            4564 kB
Cached:          1512212 kB
SwapCached:            0 kB
Active:          1318904 kB
Inactive:        1342896 kB
Active(anon):    1151572 kB
Inactive(anon):    16604 kB
Active(file):     167332 kB
Inactive(file):  1326292 kB
Unevictable:        5528 kB
Mlocked:            5528 kB
SwapTotal:       3145724 kB
SwapFree:        3145724 kB
Dirty:               436 kB
Writeback:             0 kB
AnonPages:       1150912 kB
Mapped:           807956 kB
Shmem:             18660 kB
KReclaimable:     682248 kB
Slab:             204944 kB
SReclaimable:      65088 kB
SUnreclaim:       139856 kB
KernelStack:       44624 kB
PageTables:        60732 kB
NFS_Unstable:          0 kB
Bounce:                0 kB
WritebackTmp:          0 kB
CommitLimit:     9202296 kB
Committed_AS:   67003588 kB
VmallocTotal:   263061440 kB
VmallocUsed:      101560 kB
VmallocChunk:          0 kB
Percpu:             7616 kB
CmaTotal:         294912 kB
CmaFree:               0 kB
MemTotal:       12113144 kB
MemFree:         6972880 kB
MemAvailable:    8280048 kB
Buffers:            4564 kB
Cached:          1512212 kB
SwapCached:            0 kB
Active:          1319964 kB
Inactive:        1342892 kB
Active(anon):    1152628 kB
Inactive(anon):    16604 kB
Active(file):     167336 kB
Inactive(file):  1326288 kB
Unevictable:        5528 kB
Mlocked:            5528 kB
SwapTotal:       3145724 kB
SwapFree:        3145724 kB
Dirty:               440 kB
Writeback:             0 kB
AnonPages:       1151396 kB
Mapped:           808256 kB
Shmem:             18660 kB
KReclaimable:     682248 kB
Slab:             204944 kB
SReclaimable:      65088 kB
SUnreclaim:       139856 kB
KernelStack:       44656 kB
PageTables:        60860 kB
NFS_Unstable:          0 kB
Bounce:                0 kB
WritebackTmp:          0 kB
CommitLimit:     9202296 kB
Committed_AS:   67003608 kB
VmallocTotal:   263061440 kB
VmallocUsed:      101544 kB
VmallocChunk:          0 kB
Percpu:             7616 kB
CmaTotal:         294912 kB
CmaFree:               0 kB
MemTotal:       12113144 kB
MemFree:         6976576 kB
MemAvailable:    8283744 kB
Buffers:            4564 kB
Cached:          1512212 kB
SwapCached:            0 kB
Active:          1317200 kB
Inactive:        1342892 kB
Active(anon):    1149864 kB
Inactive(anon):    16604 kB
Active(file):     167336 kB
Inactive(file):  1326288 kB
Unevictable:        5528 kB
Mlocked:            5528 kB
SwapTotal:       3145724 kB
SwapFree:        3145724 kB
Dirty:               464 kB
Writeback:             0 kB
AnonPages:       1148896 kB
Mapped:           808196 kB
Shmem:             18660 kB
KReclaimable:     682248 kB
Slab:             204944 kB
SReclaimable:      65088 kB
SUnreclaim:       139856 kB
KernelStack:       44676 kB
PageTables:        60696 kB
NFS_Unstable:          0 kB
Bounce:                0 kB
WritebackTmp:          0 kB
CommitLimit:     9202296 kB
Committed_AS:   67010144 kB
VmallocTotal:   263061440 kB
VmallocUsed:      101560 kB
VmallocChunk:          0 kB
Percpu:             7616 kB
CmaTotal:         294912 kB
CmaFree:             152 kB
MemTotal:       12113144 kB
MemFree:         6975316 kB
MemAvailable:    8282484 kB
Buffers:            4564 kB
Cached:          1512212 kB
SwapCached:            0 kB
Active:          1317388 kB
Inactive:        1342888 kB
Active(anon):    1150048 kB
Inactive(anon):    16604 kB
Active(file):     167340 kB
Inactive(file):  1326284 kB
Unevictable:        5528 kB
Mlocked:            5528 kB
SwapTotal:       3145724 kB
SwapFree:        3145724 kB
Dirty:               468 kB
Writeback:             0 kB
AnonPages:       1149024 kB
Mapped:           808260 kB
Shmem:             18660 kB
KReclaimable:     682248 kB
Slab:             204944 kB
SReclaimable:      65088 kB
SUnreclaim:       139856 kB
KernelStack:       44640 kB
PageTables:        60740 kB
NFS_Unstable:          0 kB
Bounce:                0 kB
WritebackTmp:          0 kB
CommitLimit:     9202296 kB
Committed_AS:   67010084 kB
VmallocTotal:   263061440 kB
VmallocUsed:      101576 kB
VmallocChunk:          0 kB
Percpu:             7616 kB
CmaTotal:         294912 kB
CmaFree:               0 kB
MemTotal:       12113144 kB
MemFree:         6975448 kB
MemAvailable:    8282572 kB
Buffers:            4564 kB
Cached:          1512212 kB
SwapCached:            0 kB
Active:          1317940 kB
Inactive:        1342888 kB
Active(anon):    1150600 kB
Inactive(anon):    16604 kB
Active(file):     167340 kB
Inactive(file):  1326284 kB
Unevictable:        5528 kB
Mlocked:            5528 kB
SwapTotal:       3145724 kB
SwapFree:        3145724 kB
Dirty:               468 kB
Writeback:             0 kB
AnonPages:       1149600 kB
Mapped:           808256 kB
Shmem:             18660 kB
KReclaimable:     682204 kB
Slab:             204900 kB
SReclaimable:      65044 kB
SUnreclaim:       139856 kB
KernelStack:       44608 kB
PageTables:        60680 kB
NFS_Unstable:          0 kB
Bounce:                0 kB
WritebackTmp:          0 kB
CommitLimit:     9202296 kB
Committed_AS:   67010280 kB
VmallocTotal:   263061440 kB
VmallocUsed:      101560 kB
VmallocChunk:          0 kB
Percpu:             7616 kB
CmaTotal:         294912 kB
CmaFree:               0 kB
MemTotal:       12113144 kB
MemFree:         6975004 kB
MemAvailable:    8282128 kB
Buffers:            4568 kB
Cached:          1512208 kB
SwapCached:            0 kB
Active:          1318552 kB
Inactive:        1342888 kB
Active(anon):    1151212 kB
Inactive(anon):    16604 kB
Active(file):     167340 kB
Inactive(file):  1326284 kB
Unevictable:        5528 kB
Mlocked:            5528 kB
SwapTotal:       3145724 kB
SwapFree:        3145724 kB
Dirty:               472 kB
Writeback:             0 kB
AnonPages:       1149844 kB
Mapped:           808196 kB
Shmem:             18660 kB
KReclaimable:     682204 kB
Slab:             204900 kB
SReclaimable:      65044 kB
SUnreclaim:       139856 kB
KernelStack:       44576 kB
PageTables:        60712 kB
NFS_Unstable:          0 kB
Bounce:                0 kB
WritebackTmp:          0 kB
CommitLimit:     9202296 kB
Committed_AS:   66999644 kB
VmallocTotal:   263061440 kB
VmallocUsed:      101544 kB
VmallocChunk:          0 kB
Percpu:             7616 kB
CmaTotal:         294912 kB
CmaFree:               0 kB
MemTotal:       12113144 kB
MemFree:         6986724 kB
MemAvailable:    8293860 kB
Buffers:            4568 kB
Cached:          1512220 kB
SwapCached:            0 kB
Active:          1306120 kB
Inactive:        1342892 kB
Active(anon):    1138772 kB
Inactive(anon):    16604 kB
Active(file):     167348 kB
Inactive(file):  1326288 kB
Unevictable:        5528 kB
Mlocked:            5528 kB
SwapTotal:       3145724 kB
SwapFree:        3145724 kB
Dirty:               508 kB
Writeback:             0 kB
AnonPages:       1137444 kB
Mapped:           808168 kB
Shmem:             18660 kB
KReclaimable:     682204 kB
Slab:             204900 kB
SReclaimable:      65044 kB
SUnreclaim:       139856 kB
KernelStack:       44644 kB
PageTables:        60672 kB
NFS_Unstable:          0 kB
Bounce:                0 kB
WritebackTmp:          0 kB
CommitLimit:     9202296 kB
Committed_AS:   66999088 kB
VmallocTotal:   263061440 kB
VmallocUsed:      101560 kB
VmallocChunk:          0 kB
Percpu:             7616 kB
CmaTotal:         294912 kB
CmaFree:               4 kB
MemTotal:       12113144 kB
MemFree:         6986372 kB
MemAvailable:    8293508 kB
Buffers:            4568 kB
Cached:          1512220 kB
SwapCached:            0 kB
Active:          1305736 kB
Inactive:        1342892 kB
Active(anon):    1138388 kB
Inactive(anon):    16604 kB
Active(file):     167348 kB
Inactive(file):  1326288 kB
Unevictable:        5528 kB
Mlocked:            5528 kB
SwapTotal:       3145724 kB
SwapFree:        3145724 kB
Dirty:               512 kB
Writeback:             0 kB
AnonPages:       1137284 kB
Mapped:           808244 kB
Shmem:             18660 kB
KReclaimable:     682204 kB
Slab:             204924 kB
SReclaimable:      65044 kB
SUnreclaim:       139880 kB
KernelStack:       44656 kB
PageTables:        60812 kB
NFS_Unstable:          0 kB
Bounce:                0 kB
WritebackTmp:          0 kB
CommitLimit:     9202296 kB
Committed_AS:   66999080 kB
VmallocTotal:   263061440 kB
VmallocUsed:      101544 kB
VmallocChunk:          0 kB
Percpu:             7616 kB
CmaTotal:         294912 kB
CmaFree:               0 kB
MemTotal:       12113144 kB
MemFree:         6986448 kB
MemAvailable:    8293584 kB
Buffers:            4568 kB
Cached:          1512220 kB
SwapCached:            0 kB
Active:          1306976 kB
Inactive:        1342892 kB
Active(anon):    1139628 kB
Inactive(anon):    16604 kB
Active(file):     167348 kB
Inactive(file):  1326288 kB
Unevictable:        5528 kB
Mlocked:            5528 kB
SwapTotal:       3145724 kB
SwapFree:        3145724 kB
Dirty:               516 kB
Writeback:             0 kB
AnonPages:       1138400 kB
Mapped:           808128 kB
Shmem:             18660 kB
KReclaimable:     682204 kB
Slab:             204940 kB
SReclaimable:      65044 kB
SUnreclaim:       139896 kB
KernelStack:       44660 kB
PageTables:        60748 kB
NFS_Unstable:          0 kB
Bounce:                0 kB
WritebackTmp:          0 kB
CommitLimit:     9202296 kB
Committed_AS:   66999116 kB
VmallocTotal:   263061440 kB
VmallocUsed:      101560 kB
VmallocChunk:          0 kB
Percpu:             7616 kB
CmaTotal:         294912 kB
CmaFree:               0 kB
MemTotal:       12113144 kB
MemFree:         6986376 kB
MemAvailable:    8293512 kB
Buffers:            4568 kB
Cached:          1512220 kB
SwapCached:            0 kB
Active:          1306676 kB
Inactive:        1342892 kB
Active(anon):    1139328 kB
Inactive(anon):    16604 kB
Active(file):     167348 kB
Inactive(file):  1326288 kB
Unevictable:        5528 kB
Mlocked:            5528 kB
SwapTotal:       3145724 kB
SwapFree:        3145724 kB
Dirty:               516 kB
Writeback:             0 kB
AnonPages:       1138448 kB
Mapped:           807996 kB
Shmem:             18660 kB
KReclaimable:     682204 kB
Slab:             204932 kB
SReclaimable:      65044 kB
SUnreclaim:       139888 kB
KernelStack:       44608 kB
PageTables:        60732 kB
NFS_Unstable:          0 kB
Bounce:                0 kB
WritebackTmp:          0 kB
CommitLimit:     9202296 kB
Committed_AS:   67004280 kB
VmallocTotal:   263061440 kB
VmallocUsed:      101560 kB
VmallocChunk:          0 kB
Percpu:             7616 kB
CmaTotal:         294912 kB
CmaFree:               0 kB
MemTotal:       12113144 kB
MemFree:         6992792 kB
MemAvailable:    8299928 kB
Buffers:            4568 kB
Cached:          1512224 kB
SwapCached:            0 kB
Active:          1299192 kB
Inactive:        1342896 kB
Active(anon):    1131844 kB
Inactive(anon):    16608 kB
Active(file):     167348 kB
Inactive(file):  1326288 kB
Unevictable:        5528 kB
Mlocked:            5528 kB
SwapTotal:       3145724 kB
SwapFree:        3145724 kB
Dirty:               508 kB
Writeback:             0 kB
AnonPages:       1130996 kB
Mapped:           808004 kB
Shmem:             18664 kB
KReclaimable:     682204 kB
Slab:             204932 kB
SReclaimable:      65044 kB
SUnreclaim:       139888 kB
KernelStack:       44624 kB
PageTables:        60736 kB
NFS_Unstable:          0 kB
Bounce:                0 kB
WritebackTmp:          0 kB
CommitLimit:     9202296 kB
Committed_AS:   67004360 kB
VmallocTotal:   263061440 kB
VmallocUsed:      101560 kB
VmallocChunk:          0 kB
Percpu:             7616 kB
CmaTotal:         294912 kB
CmaFree:              40 kB
MemTotal:       12113144 kB
MemFree:         6993868 kB
MemAvailable:    8301004 kB
Buffers:            4568 kB
Cached:          1512224 kB
SwapCached:            0 kB
Active:          1300016 kB
Inactive:        1342896 kB
Active(anon):    1132668 kB
Inactive(anon):    16608 kB
Active(file):     167348 kB
Inactive(file):  1326288 kB
Unevictable:        5528 kB
Mlocked:            5528 kB
SwapTotal:       3145724 kB
SwapFree:        3145724 kB
Dirty:               516 kB
Writeback:             0 kB
AnonPages:       1131552 kB
Mapped:           808244 kB
Shmem:             18664 kB
KReclaimable:     682204 kB
Slab:             204932 kB
SReclaimable:      65044 kB
SUnreclaim:       139888 kB
KernelStack:       44640 kB
PageTables:        60712 kB
NFS_Unstable:          0 kB
Bounce:                0 kB
WritebackTmp:          0 kB
CommitLimit:     9202296 kB
Committed_AS:   67004096 kB
VmallocTotal:   263061440 kB
VmallocUsed:      101544 kB
VmallocChunk:          0 kB
Percpu:             7616 kB
CmaTotal:         294912 kB
CmaFree:               0 kB
MemTotal:       12113144 kB
MemFree:         6991768 kB
MemAvailable:    8298904 kB
Buffers:            4568 kB
Cached:          1512224 kB
SwapCached:            0 kB
Active:          1300476 kB
Inactive:        1342896 kB
Active(anon):    1133128 kB
Inactive(anon):    16608 kB
Active(file):     167348 kB
Inactive(file):  1326288 kB
Unevictable:        5528 kB
Mlocked:            5528 kB
SwapTotal:       3145724 kB
SwapFree:        3145724 kB
Dirty:               392 kB
Writeback:             0 kB
AnonPages:       1132268 kB
Mapped:           808204 kB
Shmem:             18664 kB
KReclaimable:     682204 kB
Slab:             204932 kB
SReclaimable:      65044 kB
SUnreclaim:       139888 kB
KernelStack:       44576 kB
PageTables:        60692 kB
NFS_Unstable:          0 kB
Bounce:                0 kB
WritebackTmp:          0 kB
CommitLimit:     9202296 kB
Committed_AS:   67004132 kB
VmallocTotal:   263061440 kB
VmallocUsed:      101560 kB
VmallocChunk:          0 kB
Percpu:             7616 kB
CmaTotal:         294912 kB
CmaFree:               0 kB
MemTotal:       12113144 kB
MemFree:         6991352 kB
MemAvailable:    8298480 kB
Buffers:            4568 kB
Cached:          1512220 kB
SwapCached:            0 kB
Active:          1301848 kB
Inactive:        1342896 kB
Active(anon):    1134504 kB
Inactive(anon):    16612 kB
Active(file):     167344 kB
Inactive(file):  1326284 kB
Unevictable:        5528 kB
Mlocked:            5528 kB
SwapTotal:       3145724 kB
SwapFree:        3145724 kB
Dirty:               400 kB
Writeback:             0 kB
AnonPages:       1133344 kB
Mapped:           808268 kB
Shmem:             18668 kB
KReclaimable:     682204 kB
Slab:             204932 kB
SReclaimable:      65044 kB
SUnreclaim:       139888 kB
KernelStack:       44624 kB
PageTables:        60748 kB
NFS_Unstable:          0 kB
Bounce:                0 kB
WritebackTmp:          0 kB
CommitLimit:     9202296 kB
Committed_AS:   67004060 kB
VmallocTotal:   263061440 kB
VmallocUsed:      101576 kB
VmallocChunk:          0 kB
Percpu:             7616 kB
CmaTotal:         294912 kB
CmaFree:               0 kB
MemTotal:       12113144 kB
MemFree:         6991136 kB
MemAvailable:    8298272 kB
Buffers:            4568 kB
Cached:          1512228 kB
SwapCached:            0 kB
Active:          1303348 kB
Inactive:        1342900 kB
Active(anon):    1136000 kB
Inactive(anon):    16612 kB
Active(file):     167348 kB
Inactive(file):  1326288 kB
Unevictable:        5528 kB
Mlocked:            5528 kB
SwapTotal:       3145724 kB
SwapFree:        3145724 kB
Dirty:               424 kB
Writeback:             0 kB
AnonPages:       1135016 kB
Mapped:           808264 kB
Shmem:             18668 kB
KReclaimable:     682204 kB
Slab:             204932 kB
SReclaimable:      65044 kB
SUnreclaim:       139888 kB
KernelStack:       44656 kB
PageTables:        60732 kB
NFS_Unstable:          0 kB
Bounce:                0 kB
WritebackTmp:          0 kB
CommitLimit:     9202296 kB
Committed_AS:   67003760 kB
VmallocTotal:   263061440 kB
VmallocUsed:      101576 kB
VmallocChunk:          0 kB
Percpu:             7616 kB
CmaTotal:         294912 kB
CmaFree:               0 kB
MemTotal:       12113144 kB
MemFree:         6978984 kB
MemAvailable:    8286120 kB
Buffers:            4568 kB
Cached:          1512228 kB
SwapCached:            0 kB
Active:          1314512 kB
Inactive:        1342900 kB
Active(anon):    1147164 kB
Inactive(anon):    16612 kB
Active(file):     167348 kB
Inactive(file):  1326288 kB
Unevictable:        5528 kB
Mlocked:            5528 kB
SwapTotal:       3145724 kB
SwapFree:        3145724 kB
Dirty:               428 kB
Writeback:             0 kB
AnonPages:       1145764 kB
Mapped:           808248 kB
Shmem:             18668 kB
KReclaimable:     682204 kB
Slab:             205068 kB
SReclaimable:      65044 kB
SUnreclaim:       140024 kB
KernelStack:       44640 kB
PageTables:        60736 kB
NFS_Unstable:          0 kB
Bounce:                0 kB
WritebackTmp:          0 kB
CommitLimit:     9202296 kB
Committed_AS:   67019020 kB
VmallocTotal:   263061440 kB
VmallocUsed:      101576 kB
VmallocChunk:          0 kB
Percpu:             7616 kB
CmaTotal:         294912 kB
CmaFree:               0 kB
MemTotal:       12113144 kB
MemFree:         6978268 kB
MemAvailable:    8285404 kB
Buffers:            4568 kB
Cached:          1512228 kB
SwapCached:            0 kB
Active:          1315448 kB
Inactive:        1342900 kB
Active(anon):    1148100 kB
Inactive(anon):    16612 kB
Active(file):     167348 kB
Inactive(file):  1326288 kB
Unevictable:        5528 kB
Mlocked:            5528 kB
SwapTotal:       3145724 kB
SwapFree:        3145724 kB
Dirty:               432 kB
Writeback:             0 kB
AnonPages:       1147076 kB
Mapped:           808268 kB
Shmem:             18668 kB
KReclaimable:     682204 kB
Slab:             204972 kB
SReclaimable:      65044 kB
SUnreclaim:       139928 kB
KernelStack:       44624 kB
PageTables:        60736 kB
NFS_Unstable:          0 kB
Bounce:                0 kB
WritebackTmp:          0 kB
CommitLimit:     9202296 kB
Committed_AS:   67019312 kB
VmallocTotal:   263061440 kB
VmallocUsed:      101560 kB
VmallocChunk:          0 kB
Percpu:             7616 kB
CmaTotal:         294912 kB
CmaFree:               0 kB
MemTotal:       12113144 kB
MemFree:         6977336 kB
MemAvailable:    8284472 kB
Buffers:            4568 kB
Cached:          1512228 kB
SwapCached:            0 kB
Active:          1315540 kB
Inactive:        1342900 kB
Active(anon):    1148192 kB
Inactive(anon):    16612 kB
Active(file):     167348 kB
Inactive(file):  1326288 kB
Unevictable:        5528 kB
Mlocked:            5528 kB
SwapTotal:       3145724 kB
SwapFree:        3145724 kB
Dirty:               432 kB
Writeback:             0 kB
AnonPages:       1147528 kB
Mapped:           808080 kB
Shmem:             18668 kB
KReclaimable:     682204 kB
Slab:             204980 kB
SReclaimable:      65044 kB
SUnreclaim:       139936 kB
KernelStack:       44672 kB
PageTables:        60804 kB
NFS_Unstable:          0 kB
Bounce:                0 kB
WritebackTmp:          0 kB
CommitLimit:     9202296 kB
Committed_AS:   67019796 kB
VmallocTotal:   263061440 kB
VmallocUsed:      101592 kB
VmallocChunk:          0 kB
Percpu:             7616 kB
CmaTotal:         294912 kB
CmaFree:               0 kB
MemTotal:       12113144 kB
MemFree:         6977104 kB
MemAvailable:    8284236 kB
Buffers:            4568 kB
Cached:          1512240 kB
SwapCached:            0 kB
Active:          1316676 kB
Inactive:        1342912 kB
Active(anon):    1149328 kB
Inactive(anon):    16624 kB
Active(file):     167348 kB
Inactive(file):  1326288 kB
Unevictable:        5528 kB
Mlocked:            5528 kB
SwapTotal:       3145724 kB
SwapFree:        3145724 kB
Dirty:               432 kB
Writeback:             0 kB
AnonPages:       1148424 kB
Mapped:           808316 kB
Shmem:             18680 kB
KReclaimable:     682200 kB
Slab:             204976 kB
SReclaimable:      65040 kB
SUnreclaim:       139936 kB
KernelStack:       44608 kB
PageTables:        60744 kB
NFS_Unstable:          0 kB
Bounce:                0 kB
WritebackTmp:          0 kB
CommitLimit:     9202296 kB
Committed_AS:   67019628 kB
VmallocTotal:   263061440 kB
VmallocUsed:      101592 kB
VmallocChunk:          0 kB
Percpu:             7616 kB
CmaTotal:         294912 kB
CmaFree:               0 kB
MemTotal:       12113144 kB
MemFree:         6975908 kB
MemAvailable:    8283040 kB
Buffers:            4568 kB
Cached:          1512252 kB
SwapCached:            0 kB
Active:          1317552 kB
Inactive:        1342924 kB
Active(anon):    1150204 kB
Inactive(anon):    16636 kB
Active(file):     167348 kB
Inactive(file):  1326288 kB
Unevictable:        5528 kB
Mlocked:            5528 kB
SwapTotal:       3145724 kB
SwapFree:        3145724 kB
Dirty:               432 kB
Writeback:             0 kB
AnonPages:       1149276 kB
Mapped:           808328 kB
Shmem:             18692 kB
KReclaimable:     682200 kB
Slab:             204980 kB
SReclaimable:      65040 kB
SUnreclaim:       139940 kB
KernelStack:       44640 kB
PageTables:        60744 kB
NFS_Unstable:          0 kB
Bounce:                0 kB
WritebackTmp:          0 kB
CommitLimit:     9202296 kB
Committed_AS:   67019452 kB
VmallocTotal:   263061440 kB
VmallocUsed:      101592 kB
VmallocChunk:          0 kB
Percpu:             7616 kB
CmaTotal:         294912 kB
CmaFree:               0 kB
MemTotal:       12113144 kB
MemFree:         6974768 kB
MemAvailable:    8281904 kB
Buffers:            4572 kB
Cached:          1512256 kB
SwapCached:            0 kB
Active:          1317408 kB
Inactive:        1342928 kB
Active(anon):    1150056 kB
Inactive(anon):    16640 kB
Active(file):     167352 kB
Inactive(file):  1326288 kB
Unevictable:        5528 kB
Mlocked:            5528 kB
SwapTotal:       3145724 kB
SwapFree:        3145724 kB
Dirty:               448 kB
Writeback:             0 kB
AnonPages:       1148948 kB
Mapped:           808204 kB
Shmem:             18696 kB
KReclaimable:     682200 kB
Slab:             204988 kB
SReclaimable:      65040 kB
SUnreclaim:       139948 kB
KernelStack:       44656 kB
PageTables:        60748 kB
NFS_Unstable:          0 kB
Bounce:                0 kB
WritebackTmp:          0 kB
CommitLimit:     9202296 kB
Committed_AS:   67019208 kB
VmallocTotal:   263061440 kB
VmallocUsed:      101576 kB
VmallocChunk:          0 kB
Percpu:             7616 kB
CmaTotal:         294912 kB
CmaFree:               0 kB
MemTotal:       12113144 kB
MemFree:         6975172 kB
MemAvailable:    8282296 kB
Buffers:            4572 kB
Cached:          1512248 kB
SwapCached:            0 kB
Active:          1317708 kB
Inactive:        1342928 kB
Active(anon):    1150364 kB
Inactive(anon):    16644 kB
Active(file):     167344 kB
Inactive(file):  1326284 kB
Unevictable:        5528 kB
Mlocked:            5528 kB
SwapTotal:       3145724 kB
SwapFree:        3145724 kB
Dirty:               412 kB
Writeback:             0 kB
AnonPages:       1149440 kB
Mapped:           808264 kB
Shmem:             18700 kB
KReclaimable:     682200 kB
Slab:             204984 kB
SReclaimable:      65040 kB
SUnreclaim:       139944 kB
KernelStack:       44608 kB
PageTables:        60756 kB
NFS_Unstable:          0 kB
Bounce:                0 kB
WritebackTmp:          0 kB
CommitLimit:     9202296 kB
Committed_AS:   67019220 kB
VmallocTotal:   263061440 kB
VmallocUsed:      101608 kB
VmallocChunk:          0 kB
Percpu:             7616 kB
CmaTotal:         294912 kB
CmaFree:               0 kB
MemTotal:       12113144 kB
MemFree:         6974036 kB
MemAvailable:    8281180 kB
Buffers:            4572 kB
Cached:          1512272 kB
SwapCached:            0 kB
Active:          1317808 kB
Inactive:        1342944 kB
Active(anon):    1150456 kB
Inactive(anon):    16648 kB
Active(file):     167352 kB
Inactive(file):  1326296 kB
Unevictable:        5528 kB
Mlocked:            5528 kB
SwapTotal:       3145724 kB
SwapFree:        3145724 kB
Dirty:               420 kB
Writeback:             0 kB
AnonPages:       1149788 kB
Mapped:           808284 kB
Shmem:             18704 kB
KReclaimable:     682200 kB
Slab:             205012 kB
SReclaimable:      65040 kB
SUnreclaim:       139972 kB
KernelStack:       44608 kB
PageTables:        60704 kB
NFS_Unstable:          0 kB
Bounce:                0 kB
WritebackTmp:          0 kB
CommitLimit:     9202296 kB
Committed_AS:   67019608 kB
VmallocTotal:   263061440 kB
VmallocUsed:      101576 kB
VmallocChunk:          0 kB
Percpu:             7616 kB
CmaTotal:         294912 kB
CmaFree:               0 kB
MemTotal:       12113144 kB
MemFree:         6975176 kB
MemAvailable:    8282320 kB
Buffers:            4572 kB
Cached:          1512272 kB
SwapCached:            0 kB
Active:          1318588 kB
Inactive:        1342944 kB
Active(anon):    1151236 kB
Inactive(anon):    16648 kB
Active(file):     167352 kB
Inactive(file):  1326296 kB
Unevictable:        5528 kB
Mlocked:            5528 kB
SwapTotal:       3145724 kB
SwapFree:        3145724 kB
Dirty:               420 kB
Writeback:             0 kB
AnonPages:       1149916 kB
Mapped:           808280 kB
Shmem:             18704 kB
KReclaimable:     682200 kB
Slab:             204980 kB
SReclaimable:      65040 kB
SUnreclaim:       139940 kB
KernelStack:       44572 kB
PageTables:        60760 kB
NFS_Unstable:          0 kB
Bounce:                0 kB
WritebackTmp:          0 kB
CommitLimit:     9202296 kB
Committed_AS:   67019616 kB
VmallocTotal:   263061440 kB
VmallocUsed:      101496 kB
VmallocChunk:          0 kB
Percpu:             7616 kB
CmaTotal:         294912 kB
CmaFree:               0 kB
MemTotal:       12113144 kB
MemFree:         6974172 kB
MemAvailable:    8281320 kB
Buffers:            4572 kB
Cached:          1512276 kB
SwapCached:            0 kB
Active:          1318964 kB
Inactive:        1342944 kB
Active(anon):    1151608 kB
Inactive(anon):    16648 kB
Active(file):     167356 kB
Inactive(file):  1326296 kB
Unevictable:        5528 kB
Mlocked:            5528 kB
SwapTotal:       3145724 kB
SwapFree:        3145724 kB
Dirty:               420 kB
Writeback:             0 kB
AnonPages:       1150396 kB
Mapped:           808304 kB
Shmem:             18704 kB
KReclaimable:     682200 kB
Slab:             204988 kB
SReclaimable:      65040 kB
SUnreclaim:       139948 kB
KernelStack:       44512 kB
PageTables:        60724 kB
NFS_Unstable:          0 kB
Bounce:                0 kB
WritebackTmp:          0 kB
CommitLimit:     9202296 kB
Committed_AS:   67019396 kB
VmallocTotal:   263061440 kB
VmallocUsed:      101480 kB
VmallocChunk:          0 kB
Percpu:             7616 kB
CmaTotal:         294912 kB
CmaFree:               0 kB
MemTotal:       12113144 kB
MemFree:         6981948 kB
MemAvailable:    8289096 kB
Buffers:            4572 kB
Cached:          1512276 kB
SwapCached:            0 kB
Active:          1310820 kB
Inactive:        1342944 kB
Active(anon):    1143464 kB
Inactive(anon):    16648 kB
Active(file):     167356 kB
Inactive(file):  1326296 kB
Unevictable:        5528 kB
Mlocked:            5528 kB
SwapTotal:       3145724 kB
SwapFree:        3145724 kB
Dirty:               420 kB
Writeback:             0 kB
AnonPages:       1142608 kB
Mapped:           808284 kB
Shmem:             18704 kB
KReclaimable:     682200 kB
Slab:             204992 kB
SReclaimable:      65040 kB
SUnreclaim:       139952 kB
KernelStack:       44564 kB
PageTables:        60700 kB
NFS_Unstable:          0 kB
Bounce:                0 kB
WritebackTmp:          0 kB
CommitLimit:     9202296 kB
Committed_AS:   67019124 kB
VmallocTotal:   263061440 kB
VmallocUsed:      101496 kB
VmallocChunk:          0 kB
Percpu:             7616 kB
CmaTotal:         294912 kB
CmaFree:               0 kB
MemTotal:       12113144 kB
MemFree:         6981508 kB
MemAvailable:    8288656 kB
Buffers:            4572 kB
Cached:          1512276 kB
SwapCached:            0 kB
Active:          1311660 kB
Inactive:        1342944 kB
Active(anon):    1144304 kB
Inactive(anon):    16648 kB
Active(file):     167356 kB
Inactive(file):  1326296 kB
Unevictable:        5528 kB
Mlocked:            5528 kB
SwapTotal:       3145724 kB
SwapFree:        3145724 kB
Dirty:               428 kB
Writeback:             0 kB
AnonPages:       1143216 kB
Mapped:           808080 kB
Shmem:             18704 kB
KReclaimable:     682200 kB
Slab:             204992 kB
SReclaimable:      65040 kB
SUnreclaim:       139952 kB
KernelStack:       44528 kB
PageTables:        60748 kB
NFS_Unstable:          0 kB
Bounce:                0 kB
WritebackTmp:          0 kB
CommitLimit:     9202296 kB
Committed_AS:   67018948 kB
VmallocTotal:   263061440 kB
VmallocUsed:      101496 kB
