MemTotal:       12113132 kB
MemFree:         6328292 kB
MemAvailable:    7813892 kB
Buffers:            5668 kB
Cached:          1826464 kB
SwapCached:            0 kB
Active:          1550856 kB
Inactive:        1579148 kB
Active(anon):    1304292 kB
Inactive(anon):    25560 kB
Active(file):     246564 kB
Inactive(file):  1553588 kB
Unevictable:        5532 kB
Mlocked:            5532 kB
SwapTotal:       3145724 kB
SwapFree:        3145724 kB
Dirty:               228 kB
Writeback:             0 kB
AnonPages:       1303612 kB
Mapped:           856716 kB
Shmem:             27500 kB
KReclaimable:     554152 kB
Slab:             221616 kB
SReclaimable:      76208 kB
SUnreclaim:       145408 kB
KernelStack:       46724 kB
PageTables:        62716 kB
NFS_Unstable:          0 kB
Bounce:                0 kB
WritebackTmp:          0 kB
CommitLimit:     9202288 kB
Committed_AS:   65806656 kB
VmallocTotal:   263061440 kB
VmallocUsed:      103840 kB
VmallocChunk:          0 kB
Percpu:             7648 kB
CmaTotal:         294912 kB
CmaFree:               0 kB
MemTotal:       12113132 kB
MemFree:         6329172 kB
MemAvailable:    7814840 kB
Buffers:            5668 kB
Cached:          1826532 kB
SwapCached:            0 kB
Active:          1551536 kB
Inactive:        1579184 kB
Active(anon):    1304940 kB
Inactive(anon):    25560 kB
Active(file):     246596 kB
Inactive(file):  1553624 kB
Unevictable:        5532 kB
Mlocked:            5532 kB
SwapTotal:       3145724 kB
SwapFree:        3145724 kB
Dirty:               308 kB
Writeback:             0 kB
AnonPages:       1304140 kB
Mapped:           856892 kB
Shmem:             27500 kB
KReclaimable:     554152 kB
Slab:             221620 kB
SReclaimable:      76208 kB
SUnreclaim:       145412 kB
KernelStack:       46672 kB
PageTables:        62804 kB
NFS_Unstable:          0 kB
Bounce:                0 kB
WritebackTmp:          0 kB
CommitLimit:     9202288 kB
Committed_AS:   65812112 kB
VmallocTotal:   263061440 kB
VmallocUsed:      103856 kB
VmallocChunk:          0 kB
Percpu:             7648 kB
CmaTotal:         294912 kB
CmaFree:             132 kB
MemTotal:       12113132 kB
MemFree:         6336876 kB
MemAvailable:    7822552 kB
Buffers:            5668 kB
Cached:          1826544 kB
SwapCached:            0 kB
Active:          1543588 kB
Inactive:        1579192 kB
Active(anon):    1296988 kB
Inactive(anon):    25564 kB
Active(file):     246600 kB
Inactive(file):  1553628 kB
Unevictable:        5532 kB
Mlocked:            5532 kB
SwapTotal:       3145724 kB
SwapFree:        3145724 kB
Dirty:               328 kB
Writeback:             0 kB
AnonPages:       1296020 kB
Mapped:           856700 kB
Shmem:             27504 kB
KReclaimable:     554152 kB
Slab:             221620 kB
SReclaimable:      76208 kB
SUnreclaim:       145412 kB
KernelStack:       46752 kB
PageTables:        62976 kB
NFS_Unstable:          0 kB
Bounce:                0 kB
WritebackTmp:          0 kB
CommitLimit:     9202288 kB
Committed_AS:   65817116 kB
VmallocTotal:   263061440 kB
VmallocUsed:      103888 kB
VmallocChunk:          0 kB
Percpu:             7648 kB
CmaTotal:         294912 kB
CmaFree:               0 kB
MemTotal:       12113132 kB
MemFree:         6336596 kB
MemAvailable:    7822304 kB
Buffers:            5672 kB
Cached:          1826572 kB
SwapCached:            0 kB
Active:          1543720 kB
Inactive:        1579224 kB
Active(anon):    1297120 kB
Inactive(anon):    25564 kB
Active(file):     246600 kB
Inactive(file):  1553660 kB
Unevictable:        5532 kB
Mlocked:            5532 kB
SwapTotal:       3145724 kB
SwapFree:        3145724 kB
Dirty:               352 kB
Writeback:             0 kB
AnonPages:       1296420 kB
Mapped:           856692 kB
Shmem:             27504 kB
KReclaimable:     554152 kB
Slab:             221624 kB
SReclaimable:      76208 kB
SUnreclaim:       145416 kB
KernelStack:       46672 kB
PageTables:        62748 kB
NFS_Unstable:          0 kB
Bounce:                0 kB
WritebackTmp:          0 kB
CommitLimit:     9202288 kB
Committed_AS:   65818152 kB
VmallocTotal:   263061440 kB
VmallocUsed:      103920 kB
VmallocChunk:          0 kB
Percpu:             7648 kB
CmaTotal:         294912 kB
CmaFree:               4 kB
MemTotal:       12113132 kB
MemFree:         6335416 kB
MemAvailable:    7821172 kB
Buffers:            5672 kB
Cached:          1826620 kB
SwapCached:            0 kB
Active:          1544820 kB
Inactive:        1579264 kB
Active(anon):    1298212 kB
Inactive(anon):    25564 kB
Active(file):     246608 kB
Inactive(file):  1553700 kB
Unevictable:        5532 kB
Mlocked:            5532 kB
SwapTotal:       3145724 kB
SwapFree:        3145724 kB
Dirty:               384 kB
Writeback:             0 kB
AnonPages:       1297336 kB
Mapped:           856692 kB
Shmem:             27504 kB
KReclaimable:     554152 kB
Slab:             221624 kB
SReclaimable:      76208 kB
SUnreclaim:       145416 kB
KernelStack:       46672 kB
PageTables:        62684 kB
NFS_Unstable:          0 kB
Bounce:                0 kB
WritebackTmp:          0 kB
CommitLimit:     9202288 kB
Committed_AS:   65818028 kB
VmallocTotal:   263061440 kB
VmallocUsed:      103888 kB
VmallocChunk:          0 kB
Percpu:             7648 kB
CmaTotal:         294912 kB
CmaFree:               0 kB
MemTotal:       12113132 kB
MemFree:         6334672 kB
MemAvailable:    7820412 kB
Buffers:            5672 kB
Cached:          1826608 kB
SwapCached:            0 kB
Active:          1545304 kB
Inactive:        1579256 kB
Active(anon):    1298700 kB
Inactive(anon):    25568 kB
Active(file):     246604 kB
Inactive(file):  1553688 kB
Unevictable:        5532 kB
Mlocked:            5532 kB
SwapTotal:       3145724 kB
SwapFree:        3145724 kB
Dirty:               224 kB
Writeback:             0 kB
AnonPages:       1298044 kB
Mapped:           856632 kB
Shmem:             27508 kB
KReclaimable:     554152 kB
Slab:             221584 kB
SReclaimable:      76208 kB
SUnreclaim:       145376 kB
KernelStack:       46704 kB
PageTables:        62704 kB
NFS_Unstable:          0 kB
Bounce:                0 kB
WritebackTmp:          0 kB
CommitLimit:     9202288 kB
Committed_AS:   65817768 kB
VmallocTotal:   263061440 kB
VmallocUsed:      103888 kB
VmallocChunk:          0 kB
Percpu:             7648 kB
CmaTotal:         294912 kB
CmaFree:              32 kB
MemTotal:       12113132 kB
MemFree:         6334964 kB
MemAvailable:    7820708 kB
Buffers:            5672 kB
Cached:          1826612 kB
SwapCached:            0 kB
Active:          1544796 kB
Inactive:        1579260 kB
Active(anon):    1298192 kB
Inactive(anon):    25568 kB
Active(file):     246604 kB
Inactive(file):  1553692 kB
Unevictable:        5532 kB
Mlocked:            5532 kB
SwapTotal:       3145724 kB
SwapFree:        3145724 kB
Dirty:               256 kB
Writeback:             0 kB
AnonPages:       1297344 kB
Mapped:           856712 kB
Shmem:             27508 kB
KReclaimable:     554152 kB
Slab:             221592 kB
SReclaimable:      76208 kB
SUnreclaim:       145384 kB
KernelStack:       46688 kB
PageTables:        62736 kB
NFS_Unstable:          0 kB
Bounce:                0 kB
WritebackTmp:          0 kB
CommitLimit:     9202288 kB
Committed_AS:   65818240 kB
VmallocTotal:   263061440 kB
VmallocUsed:      103856 kB
VmallocChunk:          0 kB
Percpu:             7648 kB
CmaTotal:         294912 kB
CmaFree:               0 kB
MemTotal:       12113132 kB
MemFree:         6349516 kB
MemAvailable:    7835272 kB
Buffers:            5672 kB
Cached:          1826624 kB
SwapCached:            0 kB
Active:          1528864 kB
Inactive:        1579272 kB
Active(anon):    1282260 kB
Inactive(anon):    25568 kB
Active(file):     246604 kB
Inactive(file):  1553704 kB
Unevictable:        5532 kB
Mlocked:            5532 kB
SwapTotal:       3145724 kB
SwapFree:        3145724 kB
Dirty:               284 kB
Writeback:             0 kB
AnonPages:       1281568 kB
Mapped:           856496 kB
Shmem:             27508 kB
KReclaimable:     554152 kB
Slab:             221592 kB
SReclaimable:      76208 kB
SUnreclaim:       145384 kB
KernelStack:       46736 kB
PageTables:        62848 kB
NFS_Unstable:          0 kB
Bounce:                0 kB
WritebackTmp:          0 kB
CommitLimit:     9202288 kB
Committed_AS:   65818284 kB
VmallocTotal:   263061440 kB
VmallocUsed:      103840 kB
VmallocChunk:          0 kB
Percpu:             7648 kB
CmaTotal:         294912 kB
CmaFree:              16 kB
MemTotal:       12113132 kB
MemFree:         6381104 kB
MemAvailable:    7866876 kB
Buffers:            5672 kB
Cached:          1826640 kB
SwapCached:            0 kB
Active:          1496656 kB
Inactive:        1579288 kB
Active(anon):    1250052 kB
Inactive(anon):    25568 kB
Active(file):     246604 kB
Inactive(file):  1553720 kB
Unevictable:        5532 kB
Mlocked:            5532 kB
SwapTotal:       3145724 kB
SwapFree:        3145724 kB
Dirty:               316 kB
Writeback:             0 kB
AnonPages:       1249164 kB
Mapped:           856536 kB
Shmem:             27508 kB
KReclaimable:     554152 kB
Slab:             221596 kB
SReclaimable:      76208 kB
SUnreclaim:       145388 kB
KernelStack:       46768 kB
PageTables:        62868 kB
NFS_Unstable:          0 kB
Bounce:                0 kB
WritebackTmp:          0 kB
CommitLimit:     9202288 kB
Committed_AS:   65809316 kB
VmallocTotal:   263061440 kB
VmallocUsed:      103840 kB
VmallocChunk:          0 kB
Percpu:             7648 kB
CmaTotal:         294912 kB
CmaFree:               0 kB
MemTotal:       12113132 kB
MemFree:         6381100 kB
MemAvailable:    7866888 kB
Buffers:            5672 kB
Cached:          1826660 kB
SwapCached:            0 kB
Active:          1498088 kB
Inactive:        1579308 kB
Active(anon):    1251484 kB
Inactive(anon):    25572 kB
Active(file):     246604 kB
Inactive(file):  1553736 kB
Unevictable:        5532 kB
Mlocked:            5532 kB
SwapTotal:       3145724 kB
SwapFree:        3145724 kB
Dirty:               192 kB
Writeback:             0 kB
AnonPages:       1250288 kB
Mapped:           856512 kB
Shmem:             27512 kB
KReclaimable:     554152 kB
Slab:             221604 kB
SReclaimable:      76208 kB
SUnreclaim:       145396 kB
KernelStack:       46736 kB
PageTables:        62828 kB
NFS_Unstable:          0 kB
Bounce:                0 kB
WritebackTmp:          0 kB
CommitLimit:     9202288 kB
Committed_AS:   65812112 kB
VmallocTotal:   263061440 kB
VmallocUsed:      103808 kB
VmallocChunk:          0 kB
Percpu:             7648 kB
CmaTotal:         294912 kB
CmaFree:               0 kB
MemTotal:       12113132 kB
MemFree:         6379040 kB
MemAvailable:    7864836 kB
Buffers:            5672 kB
Cached:          1826668 kB
SwapCached:            0 kB
Active:          1498652 kB
Inactive:        1579316 kB
Active(anon):    1252048 kB
Inactive(anon):    25572 kB
Active(file):     246604 kB
Inactive(file):  1553744 kB
Unevictable:        5532 kB
Mlocked:            5532 kB
SwapTotal:       3145724 kB
SwapFree:        3145724 kB
Dirty:               236 kB
Writeback:             0 kB
AnonPages:       1251160 kB
Mapped:           856480 kB
Shmem:             27512 kB
KReclaimable:     554152 kB
Slab:             221604 kB
SReclaimable:      76208 kB
SUnreclaim:       145396 kB
KernelStack:       46688 kB
PageTables:        62728 kB
NFS_Unstable:          0 kB
Bounce:                0 kB
WritebackTmp:          0 kB
CommitLimit:     9202288 kB
Committed_AS:   65821280 kB
VmallocTotal:   263061440 kB
VmallocUsed:      103856 kB
VmallocChunk:          0 kB
Percpu:             7648 kB
CmaTotal:         294912 kB
CmaFree:             120 kB
MemTotal:       12113132 kB
MemFree:         6371328 kB
MemAvailable:    7857128 kB
Buffers:            5672 kB
Cached:          1826672 kB
SwapCached:            0 kB
Active:          1508936 kB
Inactive:        1579320 kB
Active(anon):    1262332 kB
Inactive(anon):    25572 kB
Active(file):     246604 kB
Inactive(file):  1553748 kB
Unevictable:        5532 kB
Mlocked:            5532 kB
SwapTotal:       3145724 kB
SwapFree:        3145724 kB
Dirty:               268 kB
Writeback:             0 kB
AnonPages:       1261276 kB
Mapped:           856496 kB
Shmem:             27512 kB
KReclaimable:     554152 kB
Slab:             221608 kB
SReclaimable:      76208 kB
SUnreclaim:       145400 kB
KernelStack:       46724 kB
PageTables:        62632 kB
NFS_Unstable:          0 kB
Bounce:                0 kB
WritebackTmp:          0 kB
CommitLimit:     9202288 kB
Committed_AS:   65816280 kB
VmallocTotal:   263061440 kB
VmallocUsed:      103824 kB
VmallocChunk:          0 kB
Percpu:             7648 kB
CmaTotal:         294912 kB
CmaFree:               0 kB
MemTotal:       12113132 kB
MemFree:         6352212 kB
MemAvailable:    7838032 kB
Buffers:            5672 kB
Cached:          1826692 kB
SwapCached:            0 kB
Active:          1525936 kB
Inactive:        1579340 kB
Active(anon):    1279332 kB
Inactive(anon):    25572 kB
Active(file):     246604 kB
Inactive(file):  1553768 kB
Unevictable:        5532 kB
Mlocked:            5532 kB
SwapTotal:       3145724 kB
SwapFree:        3145724 kB
Dirty:               300 kB
Writeback:             0 kB
AnonPages:       1278340 kB
Mapped:           856548 kB
Shmem:             27512 kB
KReclaimable:     554152 kB
Slab:             221560 kB
SReclaimable:      76208 kB
SUnreclaim:       145352 kB
KernelStack:       46736 kB
PageTables:        62860 kB
NFS_Unstable:          0 kB
Bounce:                0 kB
WritebackTmp:          0 kB
CommitLimit:     9202288 kB
Committed_AS:   65823892 kB
VmallocTotal:   263061440 kB
VmallocUsed:      103840 kB
VmallocChunk:          0 kB
Percpu:             7648 kB
CmaTotal:         294912 kB
CmaFree:              64 kB
MemTotal:       12113132 kB
MemFree:         6353716 kB
MemAvailable:    7839560 kB
Buffers:            5672 kB
Cached:          1826716 kB
SwapCached:            0 kB
Active:          1526508 kB
Inactive:        1579364 kB
Active(anon):    1279904 kB
Inactive(anon):    25572 kB
Active(file):     246604 kB
Inactive(file):  1553792 kB
Unevictable:        5532 kB
Mlocked:            5532 kB
SwapTotal:       3145724 kB
SwapFree:        3145724 kB
Dirty:               320 kB
Writeback:             0 kB
AnonPages:       1278780 kB
Mapped:           856604 kB
Shmem:             27512 kB
KReclaimable:     554152 kB
Slab:             221580 kB
SReclaimable:      76208 kB
SUnreclaim:       145372 kB
KernelStack:       46720 kB
PageTables:        62688 kB
NFS_Unstable:          0 kB
Bounce:                0 kB
WritebackTmp:          0 kB
CommitLimit:     9202288 kB
Committed_AS:   65814144 kB
VmallocTotal:   263061440 kB
VmallocUsed:      103808 kB
VmallocChunk:          0 kB
Percpu:             7648 kB
CmaTotal:         294912 kB
CmaFree:               0 kB
MemTotal:       12113132 kB
MemFree:         6341456 kB
MemAvailable:    7827312 kB
Buffers:            5672 kB
Cached:          1835752 kB
SwapCached:            0 kB
Active:          1528128 kB
Inactive:        1588400 kB
Active(anon):    1281524 kB
Inactive(anon):    34596 kB
Active(file):     246604 kB
Inactive(file):  1553804 kB
Unevictable:        5532 kB
Mlocked:            5532 kB
SwapTotal:       3145724 kB
SwapFree:        3145724 kB
Dirty:               356 kB
Writeback:             0 kB
AnonPages:       1280628 kB
Mapped:           865528 kB
Shmem:             36536 kB
KReclaimable:     554152 kB
Slab:             221572 kB
SReclaimable:      76208 kB
SUnreclaim:       145364 kB
KernelStack:       46736 kB
PageTables:        62796 kB
NFS_Unstable:          0 kB
Bounce:                0 kB
WritebackTmp:          0 kB
CommitLimit:     9202288 kB
Committed_AS:   65827200 kB
VmallocTotal:   263061440 kB
VmallocUsed:      103824 kB
VmallocChunk:          0 kB
Percpu:             7648 kB
CmaTotal:         294912 kB
CmaFree:               0 kB
MemTotal:       12113132 kB
MemFree:         6347800 kB
MemAvailable:    7833464 kB
Buffers:            5672 kB
Cached:          1826740 kB
SwapCached:            0 kB
Active:          1530672 kB
Inactive:        1579388 kB
Active(anon):    1284068 kB
Inactive(anon):    25572 kB
Active(file):     246604 kB
Inactive(file):  1553816 kB
Unevictable:        5532 kB
Mlocked:            5532 kB
SwapTotal:       3145724 kB
SwapFree:        3145724 kB
Dirty:               212 kB
Writeback:             0 kB
AnonPages:       1283192 kB
Mapped:           856696 kB
Shmem:             27512 kB
KReclaimable:     553948 kB
Slab:             221572 kB
SReclaimable:      76208 kB
SUnreclaim:       145364 kB
KernelStack:       46672 kB
PageTables:        62676 kB
NFS_Unstable:          0 kB
Bounce:                0 kB
WritebackTmp:          0 kB
CommitLimit:     9202288 kB
Committed_AS:   65845324 kB
VmallocTotal:   263061440 kB
VmallocUsed:      103840 kB
VmallocChunk:          0 kB
Percpu:             7648 kB
CmaTotal:         294912 kB
CmaFree:             364 kB
MemTotal:       12113132 kB
MemFree:         6347444 kB
MemAvailable:    7833124 kB
Buffers:            5672 kB
Cached:          1826756 kB
SwapCached:            0 kB
Active:          1531956 kB
Inactive:        1579404 kB
Active(anon):    1285352 kB
Inactive(anon):    25572 kB
Active(file):     246604 kB
Inactive(file):  1553832 kB
Unevictable:        5532 kB
Mlocked:            5532 kB
SwapTotal:       3145724 kB
SwapFree:        3145724 kB
Dirty:               272 kB
Writeback:             0 kB
AnonPages:       1284624 kB
Mapped:           856516 kB
Shmem:             27512 kB
KReclaimable:     553948 kB
Slab:             221580 kB
SReclaimable:      76208 kB
SUnreclaim:       145372 kB
KernelStack:       46720 kB
PageTables:        62792 kB
NFS_Unstable:          0 kB
Bounce:                0 kB
WritebackTmp:          0 kB
CommitLimit:     9202288 kB
Committed_AS:   65845788 kB
VmallocTotal:   263061440 kB
VmallocUsed:      103824 kB
VmallocChunk:          0 kB
Percpu:             7648 kB
CmaTotal:         294912 kB
CmaFree:               0 kB
MemTotal:       12113132 kB
MemFree:         6347172 kB
MemAvailable:    7832856 kB
Buffers:            5672 kB
Cached:          1826760 kB
SwapCached:            0 kB
Active:          1532060 kB
Inactive:        1579408 kB
Active(anon):    1285456 kB
Inactive(anon):    25572 kB
Active(file):     246604 kB
Inactive(file):  1553836 kB
Unevictable:        5532 kB
Mlocked:            5532 kB
SwapTotal:       3145724 kB
SwapFree:        3145724 kB
Dirty:               308 kB
Writeback:             0 kB
AnonPages:       1285080 kB
Mapped:           856588 kB
Shmem:             27512 kB
KReclaimable:     553948 kB
Slab:             221584 kB
SReclaimable:      76208 kB
SUnreclaim:       145376 kB
KernelStack:       46704 kB
PageTables:        62748 kB
NFS_Unstable:          0 kB
Bounce:                0 kB
WritebackTmp:          0 kB
CommitLimit:     9202288 kB
Committed_AS:   65834832 kB
VmallocTotal:   263061440 kB
VmallocUsed:      103824 kB
VmallocChunk:          0 kB
Percpu:             7648 kB
CmaTotal:         294912 kB
CmaFree:              68 kB
MemTotal:       12113132 kB
MemFree:         6345744 kB
MemAvailable:    7831452 kB
Buffers:            5676 kB
Cached:          1826780 kB
SwapCached:            0 kB
Active:          1533032 kB
Inactive:        1579428 kB
Active(anon):    1286424 kB
Inactive(anon):    25572 kB
Active(file):     246608 kB
Inactive(file):  1553856 kB
Unevictable:        5532 kB
Mlocked:            5532 kB
SwapTotal:       3145724 kB
SwapFree:        3145724 kB
Dirty:               328 kB
Writeback:             0 kB
AnonPages:       1285600 kB
Mapped:           856676 kB
Shmem:             27512 kB
KReclaimable:     553948 kB
Slab:             221576 kB
SReclaimable:      76208 kB
SUnreclaim:       145368 kB
KernelStack:       46684 kB
PageTables:        62992 kB
NFS_Unstable:          0 kB
Bounce:                0 kB
WritebackTmp:          0 kB
CommitLimit:     9202288 kB
Committed_AS:   65827728 kB
VmallocTotal:   263061440 kB
VmallocUsed:      103776 kB
VmallocChunk:          0 kB
Percpu:             7648 kB
CmaTotal:         294912 kB
CmaFree:               0 kB
MemTotal:       12113132 kB
MemFree:         6346296 kB
MemAvailable:    7832024 kB
Buffers:            5676 kB
Cached:          1826800 kB
SwapCached:            0 kB
Active:          1532964 kB
Inactive:        1579448 kB
Active(anon):    1286356 kB
Inactive(anon):    25572 kB
Active(file):     246608 kB
Inactive(file):  1553876 kB
Unevictable:        5532 kB
Mlocked:            5532 kB
SwapTotal:       3145724 kB
SwapFree:        3145724 kB
Dirty:               328 kB
Writeback:             0 kB
AnonPages:       1285368 kB
Mapped:           856548 kB
Shmem:             27512 kB
KReclaimable:     553948 kB
Slab:             221596 kB
SReclaimable:      76208 kB
SUnreclaim:       145388 kB
KernelStack:       46720 kB
PageTables:        62884 kB
NFS_Unstable:          0 kB
Bounce:                0 kB
WritebackTmp:          0 kB
CommitLimit:     9202288 kB
Committed_AS:   65824748 kB
VmallocTotal:   263061440 kB
VmallocUsed:      103808 kB
VmallocChunk:          0 kB
Percpu:             7648 kB
CmaTotal:         294912 kB
CmaFree:               0 kB
MemTotal:       12113132 kB
MemFree:         6346560 kB
MemAvailable:    7832304 kB
Buffers:            5676 kB
Cached:          1826820 kB
SwapCached:            0 kB
Active:          1533852 kB
Inactive:        1579468 kB
Active(anon):    1287244 kB
Inactive(anon):    25576 kB
Active(file):     246608 kB
Inactive(file):  1553892 kB
Unevictable:        5532 kB
Mlocked:            5532 kB
SwapTotal:       3145724 kB
SwapFree:        3145724 kB
Dirty:               260 kB
Writeback:             0 kB
AnonPages:       1286304 kB
Mapped:           856512 kB
Shmem:             27516 kB
KReclaimable:     553948 kB
Slab:             221600 kB
SReclaimable:      76208 kB
SUnreclaim:       145392 kB
KernelStack:       46688 kB
PageTables:        62772 kB
NFS_Unstable:          0 kB
Bounce:                0 kB
WritebackTmp:          0 kB
CommitLimit:     9202288 kB
Committed_AS:   65829544 kB
VmallocTotal:   263061440 kB
VmallocUsed:      103808 kB
VmallocChunk:          0 kB
Percpu:             7648 kB
CmaTotal:         294912 kB
CmaFree:              44 kB
MemTotal:       12113132 kB
MemFree:         6345216 kB
MemAvailable:    7830968 kB
Buffers:            5676 kB
Cached:          1826828 kB
SwapCached:            0 kB
Active:          1534540 kB
Inactive:        1579476 kB
Active(anon):    1287932 kB
Inactive(anon):    25576 kB
Active(file):     246608 kB
Inactive(file):  1553900 kB
Unevictable:        5532 kB
Mlocked:            5532 kB
SwapTotal:       3145724 kB
SwapFree:        3145724 kB
Dirty:               292 kB
Writeback:             0 kB
AnonPages:       1287128 kB
Mapped:           856532 kB
Shmem:             27516 kB
KReclaimable:     553948 kB
Slab:             221604 kB
SReclaimable:      76208 kB
SUnreclaim:       145396 kB
KernelStack:       46668 kB
PageTables:        62700 kB
NFS_Unstable:          0 kB
Bounce:                0 kB
WritebackTmp:          0 kB
CommitLimit:     9202288 kB
Committed_AS:   65835128 kB
VmallocTotal:   263061440 kB
VmallocUsed:      103808 kB
VmallocChunk:          0 kB
Percpu:             7648 kB
CmaTotal:         294912 kB
CmaFree:               0 kB
MemTotal:       12113132 kB
MemFree:         6344388 kB
MemAvailable:    7830152 kB
Buffers:            5676 kB
Cached:          1826840 kB
SwapCached:            0 kB
Active:          1535304 kB
Inactive:        1579488 kB
Active(anon):    1288696 kB
Inactive(anon):    25576 kB
Active(file):     246608 kB
Inactive(file):  1553912 kB
Unevictable:        5532 kB
Mlocked:            5532 kB
SwapTotal:       3145724 kB
SwapFree:        3145724 kB
Dirty:               304 kB
Writeback:             0 kB
AnonPages:       1287456 kB
Mapped:           856708 kB
Shmem:             27516 kB
KReclaimable:     553948 kB
Slab:             221604 kB
SReclaimable:      76208 kB
SUnreclaim:       145396 kB
KernelStack:       46736 kB
PageTables:        62916 kB
NFS_Unstable:          0 kB
Bounce:                0 kB
WritebackTmp:          0 kB
CommitLimit:     9202288 kB
Committed_AS:   65829784 kB
VmallocTotal:   263061440 kB
VmallocUsed:      103792 kB
VmallocChunk:          0 kB
Percpu:             7648 kB
CmaTotal:         294912 kB
CmaFree:               0 kB
MemTotal:       12113132 kB
MemFree:         6343488 kB
MemAvailable:    7829260 kB
Buffers:            5676 kB
Cached:          1826848 kB
SwapCached:            0 kB
Active:          1535812 kB
Inactive:        1579496 kB
Active(anon):    1289204 kB
Inactive(anon):    25576 kB
Active(file):     246608 kB
Inactive(file):  1553920 kB
Unevictable:        5532 kB
Mlocked:            5532 kB
SwapTotal:       3145724 kB
SwapFree:        3145724 kB
Dirty:               324 kB
Writeback:             0 kB
AnonPages:       1288612 kB
Mapped:           856580 kB
Shmem:             27516 kB
KReclaimable:     553948 kB
Slab:             221604 kB
SReclaimable:      76208 kB
SUnreclaim:       145396 kB
KernelStack:       46700 kB
PageTables:        62856 kB
NFS_Unstable:          0 kB
Bounce:                0 kB
WritebackTmp:          0 kB
CommitLimit:     9202288 kB
Committed_AS:   65825108 kB
VmallocTotal:   263061440 kB
VmallocUsed:      103824 kB
VmallocChunk:          0 kB
Percpu:             7648 kB
CmaTotal:         294912 kB
CmaFree:               0 kB
MemTotal:       12113132 kB
MemFree:         6343340 kB
MemAvailable:    7829128 kB
Buffers:            5676 kB
Cached:          1826864 kB
SwapCached:            0 kB
Active:          1536720 kB
Inactive:        1579512 kB
Active(anon):    1290112 kB
Inactive(anon):    25576 kB
Active(file):     246608 kB
Inactive(file):  1553936 kB
Unevictable:        5532 kB
Mlocked:            5532 kB
SwapTotal:       3145724 kB
SwapFree:        3145724 kB
Dirty:               344 kB
Writeback:             0 kB
AnonPages:       1289088 kB
Mapped:           856504 kB
Shmem:             27516 kB
KReclaimable:     553948 kB
Slab:             221608 kB
SReclaimable:      76208 kB
SUnreclaim:       145400 kB
KernelStack:       46656 kB
PageTables:        62832 kB
NFS_Unstable:          0 kB
Bounce:                0 kB
WritebackTmp:          0 kB
CommitLimit:     9202288 kB
Committed_AS:   65829096 kB
VmallocTotal:   263061440 kB
VmallocUsed:      103792 kB
VmallocChunk:          0 kB
Percpu:             7648 kB
CmaTotal:         294912 kB
CmaFree:               0 kB
MemTotal:       12113132 kB
MemFree:         6342152 kB
MemAvailable:    7827960 kB
Buffers:            5676 kB
Cached:          1826884 kB
SwapCached:            0 kB
Active:          1537272 kB
Inactive:        1579528 kB
Active(anon):    1290660 kB
Inactive(anon):    25576 kB
Active(file):     246612 kB
Inactive(file):  1553952 kB
Unevictable:        5532 kB
Mlocked:            5532 kB
SwapTotal:       3145724 kB
SwapFree:        3145724 kB
Dirty:               240 kB
Writeback:             0 kB
AnonPages:       1289828 kB
Mapped:           856508 kB
Shmem:             27516 kB
KReclaimable:     553948 kB
Slab:             221608 kB
SReclaimable:      76208 kB
SUnreclaim:       145400 kB
KernelStack:       46688 kB
PageTables:        62720 kB
NFS_Unstable:          0 kB
Bounce:                0 kB
WritebackTmp:          0 kB
CommitLimit:     9202288 kB
Committed_AS:   65829272 kB
VmallocTotal:   263061440 kB
VmallocUsed:      103824 kB
VmallocChunk:          0 kB
Percpu:             7648 kB
CmaTotal:         294912 kB
CmaFree:               0 kB
MemTotal:       12113132 kB
MemFree:         6342836 kB
MemAvailable:    7828644 kB
Buffers:            5676 kB
Cached:          1826884 kB
SwapCached:            0 kB
Active:          1537884 kB
Inactive:        1579532 kB
Active(anon):    1291276 kB
Inactive(anon):    25576 kB
Active(file):     246608 kB
Inactive(file):  1553956 kB
Unevictable:        5532 kB
Mlocked:            5532 kB
SwapTotal:       3145724 kB
SwapFree:        3145724 kB
Dirty:               292 kB
Writeback:             0 kB
AnonPages:       1290168 kB
Mapped:           856512 kB
Shmem:             27516 kB
KReclaimable:     553948 kB
Slab:             221608 kB
SReclaimable:      76208 kB
SUnreclaim:       145400 kB
KernelStack:       46704 kB
PageTables:        62592 kB
NFS_Unstable:          0 kB
Bounce:                0 kB
WritebackTmp:          0 kB
CommitLimit:     9202288 kB
Committed_AS:   65815448 kB
VmallocTotal:   263061440 kB
VmallocUsed:      103808 kB
VmallocChunk:          0 kB
Percpu:             7648 kB
CmaTotal:         294912 kB
CmaFree:               0 kB
MemTotal:       12113132 kB
MemFree:         6341080 kB
MemAvailable:    7826912 kB
Buffers:            5676 kB
Cached:          1826912 kB
SwapCached:            0 kB
Active:          1539036 kB
Inactive:        1579556 kB
Active(anon):    1292428 kB
Inactive(anon):    25576 kB
Active(file):     246608 kB
Inactive(file):  1553980 kB
Unevictable:        5532 kB
Mlocked:            5532 kB
SwapTotal:       3145724 kB
SwapFree:        3145724 kB
Dirty:               328 kB
Writeback:             0 kB
AnonPages:       1290980 kB
Mapped:           856468 kB
Shmem:             27516 kB
KReclaimable:     553948 kB
Slab:             221608 kB
SReclaimable:      76208 kB
SUnreclaim:       145400 kB
KernelStack:       46656 kB
PageTables:        62660 kB
NFS_Unstable:          0 kB
Bounce:                0 kB
WritebackTmp:          0 kB
CommitLimit:     9202288 kB
Committed_AS:   65820044 kB
VmallocTotal:   263061440 kB
VmallocUsed:      103824 kB
VmallocChunk:          0 kB
Percpu:             7648 kB
CmaTotal:         294912 kB
CmaFree:               0 kB
MemTotal:       12113132 kB
MemFree:         6339860 kB
MemAvailable:    7825716 kB
Buffers:            5676 kB
Cached:          1826932 kB
SwapCached:            0 kB
Active:          1539436 kB
Inactive:        1579580 kB
Active(anon):    1292828 kB
Inactive(anon):    25576 kB
Active(file):     246608 kB
Inactive(file):  1554004 kB
Unevictable:        5532 kB
Mlocked:            5532 kB
SwapTotal:       3145724 kB
SwapFree:        3145724 kB
Dirty:               388 kB
Writeback:             0 kB
AnonPages:       1291940 kB
Mapped:           856552 kB
Shmem:             27516 kB
KReclaimable:     553948 kB
Slab:             221608 kB
SReclaimable:      76208 kB
SUnreclaim:       145400 kB
KernelStack:       46704 kB
PageTables:        62784 kB
NFS_Unstable:          0 kB
Bounce:                0 kB
WritebackTmp:          0 kB
CommitLimit:     9202288 kB
Committed_AS:   65814248 kB
VmallocTotal:   263061440 kB
VmallocUsed:      103792 kB
VmallocChunk:          0 kB
Percpu:             7648 kB
CmaTotal:         294912 kB
CmaFree:               0 kB
MemTotal:       12113132 kB
MemFree:         6339560 kB
MemAvailable:    7825424 kB
Buffers:            5676 kB
Cached:          1826944 kB
SwapCached:            0 kB
Active:          1540380 kB
Inactive:        1579592 kB
Active(anon):    1293772 kB
Inactive(anon):    25580 kB
Active(file):     246608 kB
Inactive(file):  1554012 kB
Unevictable:        5532 kB
Mlocked:            5532 kB
SwapTotal:       3145724 kB
SwapFree:        3145724 kB
Dirty:               408 kB
Writeback:             0 kB
AnonPages:       1293120 kB
Mapped:           856516 kB
Shmem:             27520 kB
KReclaimable:     553948 kB
Slab:             221608 kB
SReclaimable:      76208 kB
SUnreclaim:       145400 kB
KernelStack:       46656 kB
PageTables:        62692 kB
NFS_Unstable:          0 kB
Bounce:                0 kB
WritebackTmp:          0 kB
CommitLimit:     9202288 kB
Committed_AS:   65822176 kB
VmallocTotal:   263061440 kB
VmallocUsed:      103808 kB
VmallocChunk:          0 kB
Percpu:             7648 kB
CmaTotal:         294912 kB
CmaFree:               0 kB
MemTotal:       12113132 kB
MemFree:         6338024 kB
MemAvailable:    7823900 kB
Buffers:            5676 kB
Cached:          1826956 kB
SwapCached:            0 kB
Active:          1541324 kB
Inactive:        1579604 kB
Active(anon):    1294716 kB
Inactive(anon):    25580 kB
Active(file):     246608 kB
Inactive(file):  1554024 kB
Unevictable:        5532 kB
Mlocked:            5532 kB
SwapTotal:       3145724 kB
SwapFree:        3145724 kB
Dirty:               244 kB
Writeback:             0 kB
AnonPages:       1293660 kB
Mapped:           856528 kB
Shmem:             27520 kB
KReclaimable:     553948 kB
Slab:             221608 kB
SReclaimable:      76208 kB
SUnreclaim:       145400 kB
KernelStack:       46672 kB
PageTables:        62740 kB
NFS_Unstable:          0 kB
Bounce:                0 kB
WritebackTmp:          0 kB
CommitLimit:     9202288 kB
Committed_AS:   65824788 kB
VmallocTotal:   263061440 kB
VmallocUsed:      103840 kB
VmallocChunk:          0 kB
Percpu:             7648 kB
CmaTotal:         294912 kB
CmaFree:               0 kB
MemTotal:       12113132 kB
MemFree:         6338068 kB
MemAvailable:    7823960 kB
Buffers:            5676 kB
Cached:          1826972 kB
SwapCached:            0 kB
Active:          1541828 kB
Inactive:        1579620 kB
Active(anon):    1295220 kB
Inactive(anon):    25580 kB
Active(file):     246608 kB
Inactive(file):  1554040 kB
Unevictable:        5532 kB
Mlocked:            5532 kB
SwapTotal:       3145724 kB
SwapFree:        3145724 kB
Dirty:               280 kB
Writeback:             0 kB
AnonPages:       1294560 kB
Mapped:           856520 kB
Shmem:             27520 kB
KReclaimable:     553948 kB
Slab:             221612 kB
SReclaimable:      76208 kB
SUnreclaim:       145404 kB
KernelStack:       46672 kB
PageTables:        62732 kB
NFS_Unstable:          0 kB
Bounce:                0 kB
WritebackTmp:          0 kB
CommitLimit:     9202288 kB
Committed_AS:   65821308 kB
VmallocTotal:   263061440 kB
VmallocUsed:      103808 kB
VmallocChunk:          0 kB
Percpu:             7648 kB
CmaTotal:         294912 kB
CmaFree:              12 kB
MemTotal:       12113132 kB
MemFree:         6336500 kB
MemAvailable:    7822404 kB
Buffers:            5676 kB
Cached:          1826984 kB
SwapCached:            0 kB
Active:          1543036 kB
Inactive:        1579632 kB
Active(anon):    1296428 kB
Inactive(anon):    25580 kB
Active(file):     246608 kB
Inactive(file):  1554052 kB
Unevictable:        5532 kB
Mlocked:            5532 kB
SwapTotal:       3145724 kB
SwapFree:        3145724 kB
Dirty:               324 kB
Writeback:             0 kB
AnonPages:       1295212 kB
Mapped:           856548 kB
Shmem:             27520 kB
KReclaimable:     553948 kB
Slab:             221616 kB
SReclaimable:      76208 kB
SUnreclaim:       145408 kB
KernelStack:       46688 kB
PageTables:        62760 kB
NFS_Unstable:          0 kB
Bounce:                0 kB
WritebackTmp:          0 kB
CommitLimit:     9202288 kB
Committed_AS:   65824156 kB
VmallocTotal:   263061440 kB
VmallocUsed:      103840 kB
VmallocChunk:          0 kB
Percpu:             7648 kB
CmaTotal:         294912 kB
CmaFree:               0 kB
MemTotal:       12113132 kB
MemFree:         6335648 kB
MemAvailable:    7821564 kB
Buffers:            5680 kB
Cached:          1826992 kB
SwapCached:            0 kB
Active:          1543140 kB
Inactive:        1579644 kB
Active(anon):    1296532 kB
Inactive(anon):    25580 kB
Active(file):     246608 kB
Inactive(file):  1554064 kB
Unevictable:        5532 kB
Mlocked:            5532 kB
SwapTotal:       3145724 kB
SwapFree:        3145724 kB
Dirty:               352 kB
Writeback:             4 kB
AnonPages:       1295724 kB
Mapped:           856472 kB
Shmem:             27520 kB
KReclaimable:     553948 kB
Slab:             221616 kB
SReclaimable:      76208 kB
SUnreclaim:       145408 kB
KernelStack:       46656 kB
PageTables:        62840 kB
NFS_Unstable:          0 kB
Bounce:                0 kB
WritebackTmp:          0 kB
CommitLimit:     9202288 kB
Committed_AS:   65813040 kB
VmallocTotal:   263061440 kB
VmallocUsed:      103824 kB
VmallocChunk:          0 kB
Percpu:             7648 kB
CmaTotal:         294912 kB
CmaFree:               0 kB
MemTotal:       12113132 kB
MemFree:         6335392 kB
MemAvailable:    7821336 kB
Buffers:            5680 kB
Cached:          1827020 kB
SwapCached:            0 kB
Active:          1544516 kB
Inactive:        1579668 kB
Active(anon):    1297904 kB
Inactive(anon):    25580 kB
Active(file):     246612 kB
Inactive(file):  1554088 kB
Unevictable:        5532 kB
Mlocked:            5532 kB
SwapTotal:       3145724 kB
SwapFree:        3145724 kB
Dirty:               364 kB
Writeback:             0 kB
AnonPages:       1296828 kB
Mapped:           856676 kB
Shmem:             27520 kB
KReclaimable:     553948 kB
Slab:             221616 kB
SReclaimable:      76208 kB
SUnreclaim:       145408 kB
KernelStack:       46736 kB
PageTables:        62828 kB
NFS_Unstable:          0 kB
Bounce:                0 kB
WritebackTmp:          0 kB
CommitLimit:     9202288 kB
Committed_AS:   65816628 kB
VmallocTotal:   263061440 kB
VmallocUsed:      103808 kB
VmallocChunk:          0 kB
Percpu:             7648 kB
CmaTotal:         294912 kB
CmaFree:               8 kB
MemTotal:       12113132 kB
MemFree:         6334740 kB
MemAvailable:    7820700 kB
Buffers:            5680 kB
Cached:          1827036 kB
SwapCached:            0 kB
Active:          1544248 kB
Inactive:        1579684 kB
Active(anon):    1297636 kB
Inactive(anon):    25580 kB
Active(file):     246612 kB
Inactive(file):  1554104 kB
Unevictable:        5532 kB
Mlocked:            5532 kB
SwapTotal:       3145724 kB
SwapFree:        3145724 kB
Dirty:               264 kB
Writeback:             0 kB
AnonPages:       1296504 kB
Mapped:           856524 kB
Shmem:             27520 kB
KReclaimable:     553948 kB
Slab:             221612 kB
SReclaimable:      76208 kB
SUnreclaim:       145404 kB
KernelStack:       46656 kB
PageTables:        62728 kB
NFS_Unstable:          0 kB
Bounce:                0 kB
WritebackTmp:          0 kB
CommitLimit:     9202288 kB
Committed_AS:   65808696 kB
VmallocTotal:   263061440 kB
VmallocUsed:      103776 kB
VmallocChunk:          0 kB
Percpu:             7648 kB
CmaTotal:         294912 kB
CmaFree:              44 kB
MemTotal:       12113132 kB
MemFree:         6334800 kB
MemAvailable:    7820768 kB
Buffers:            5680 kB
Cached:          1827044 kB
SwapCached:            0 kB
Active:          1544640 kB
Inactive:        1579692 kB
Active(anon):    1298028 kB
Inactive(anon):    25580 kB
Active(file):     246612 kB
Inactive(file):  1554112 kB
Unevictable:        5532 kB
Mlocked:            5532 kB
SwapTotal:       3145724 kB
SwapFree:        3145724 kB
Dirty:               296 kB
Writeback:             0 kB
AnonPages:       1297200 kB
Mapped:           856584 kB
Shmem:             27520 kB
KReclaimable:     553948 kB
Slab:             221612 kB
SReclaimable:      76208 kB
SUnreclaim:       145404 kB
KernelStack:       46688 kB
PageTables:        62860 kB
NFS_Unstable:          0 kB
Bounce:                0 kB
WritebackTmp:          0 kB
CommitLimit:     9202288 kB
Committed_AS:   65803152 kB
VmallocTotal:   263061440 kB
VmallocUsed:      103776 kB
VmallocChunk:          0 kB
Percpu:             7648 kB
CmaTotal:         294912 kB
CmaFree:               0 kB
MemTotal:       12113132 kB
MemFree:         6363552 kB
MemAvailable:    7849532 kB
Buffers:            5680 kB
Cached:          1827056 kB
SwapCached:            0 kB
Active:          1513664 kB
Inactive:        1579704 kB
Active(anon):    1267052 kB
Inactive(anon):    25580 kB
Active(file):     246612 kB
Inactive(file):  1554124 kB
Unevictable:        5532 kB
Mlocked:            5532 kB
SwapTotal:       3145724 kB
SwapFree:        3145724 kB
Dirty:               348 kB
Writeback:             0 kB
AnonPages:       1266188 kB
Mapped:           856564 kB
Shmem:             27520 kB
KReclaimable:     553948 kB
Slab:             221612 kB
SReclaimable:      76208 kB
SUnreclaim:       145404 kB
KernelStack:       46592 kB
PageTables:        62684 kB
NFS_Unstable:          0 kB
Bounce:                0 kB
WritebackTmp:          0 kB
CommitLimit:     9202288 kB
Committed_AS:   65808180 kB
VmallocTotal:   263061440 kB
VmallocUsed:      103792 kB
VmallocChunk:          0 kB
Percpu:             7648 kB
CmaTotal:         294912 kB
CmaFree:               0 kB
MemTotal:       12113132 kB
MemFree:         6365776 kB
MemAvailable:    7851764 kB
Buffers:            5680 kB
Cached:          1827064 kB
SwapCached:            0 kB
Active:          1514376 kB
Inactive:        1579712 kB
Active(anon):    1267764 kB
Inactive(anon):    25580 kB
Active(file):     246612 kB
Inactive(file):  1554132 kB
Unevictable:        5532 kB
Mlocked:            5532 kB
SwapTotal:       3145724 kB
SwapFree:        3145724 kB
Dirty:               372 kB
Writeback:             0 kB
AnonPages:       1266728 kB
Mapped:           856644 kB
Shmem:             27520 kB
KReclaimable:     553948 kB
Slab:             221616 kB
SReclaimable:      76208 kB
SUnreclaim:       145408 kB
KernelStack:       46688 kB
PageTables:        62844 kB
NFS_Unstable:          0 kB
Bounce:                0 kB
WritebackTmp:          0 kB
CommitLimit:     9202288 kB
Committed_AS:   65803332 kB
VmallocTotal:   263061440 kB
VmallocUsed:      103808 kB
VmallocChunk:          0 kB
Percpu:             7648 kB
CmaTotal:         294912 kB
CmaFree:               0 kB
MemTotal:       12113132 kB
MemFree:         6364716 kB
MemAvailable:    7850716 kB
Buffers:            5680 kB
Cached:          1827076 kB
SwapCached:            0 kB
Active:          1514404 kB
Inactive:        1579724 kB
Active(anon):    1267792 kB
Inactive(anon):    25580 kB
Active(file):     246612 kB
Inactive(file):  1554144 kB
Unevictable:        5532 kB
Mlocked:            5532 kB
SwapTotal:       3145724 kB
SwapFree:        3145724 kB
Dirty:               392 kB
Writeback:             0 kB
AnonPages:       1267200 kB
Mapped:           856452 kB
Shmem:             27520 kB
KReclaimable:     553948 kB
Slab:             221616 kB
SReclaimable:      76208 kB
SUnreclaim:       145408 kB
KernelStack:       46692 kB
PageTables:        62664 kB
NFS_Unstable:          0 kB
Bounce:                0 kB
WritebackTmp:          0 kB
CommitLimit:     9202288 kB
Committed_AS:   65814728 kB
VmallocTotal:   263061440 kB
VmallocUsed:      103808 kB
VmallocChunk:          0 kB
Percpu:             7648 kB
CmaTotal:         294912 kB
CmaFree:               0 kB
MemTotal:       12113132 kB
MemFree:         6364076 kB
MemAvailable:    7850088 kB
Buffers:            5680 kB
Cached:          1827088 kB
SwapCached:            0 kB
Active:          1514820 kB
Inactive:        1579736 kB
Active(anon):    1268208 kB
Inactive(anon):    25580 kB
Active(file):     246612 kB
Inactive(file):  1554156 kB
Unevictable:        5532 kB
Mlocked:            5532 kB
SwapTotal:       3145724 kB
SwapFree:        3145724 kB
Dirty:               412 kB
Writeback:             0 kB
AnonPages:       1267356 kB
Mapped:           856576 kB
Shmem:             27520 kB
KReclaimable:     553948 kB
Slab:             221620 kB
SReclaimable:      76208 kB
SUnreclaim:       145412 kB
KernelStack:       46704 kB
PageTables:        62848 kB
NFS_Unstable:          0 kB
Bounce:                0 kB
WritebackTmp:          0 kB
CommitLimit:     9202288 kB
Committed_AS:   65812724 kB
VmallocTotal:   263061440 kB
VmallocUsed:      103840 kB
VmallocChunk:          0 kB
Percpu:             7648 kB
CmaTotal:         294912 kB
CmaFree:               0 kB
MemTotal:       12113132 kB
MemFree:         6376712 kB
MemAvailable:    7862732 kB
Buffers:            5680 kB
Cached:          1827096 kB
SwapCached:            0 kB
Active:          1500752 kB
Inactive:        1579744 kB
Active(anon):    1254140 kB
Inactive(anon):    25580 kB
Active(file):     246612 kB
Inactive(file):  1554164 kB
Unevictable:        5532 kB
Mlocked:            5532 kB
SwapTotal:       3145724 kB
SwapFree:        3145724 kB
Dirty:               432 kB
Writeback:             0 kB
AnonPages:       1253264 kB
Mapped:           856592 kB
Shmem:             27520 kB
KReclaimable:     553948 kB
Slab:             221620 kB
SReclaimable:      76208 kB
SUnreclaim:       145412 kB
KernelStack:       46704 kB
PageTables:        62836 kB
NFS_Unstable:          0 kB
Bounce:                0 kB
WritebackTmp:          0 kB
CommitLimit:     9202288 kB
Committed_AS:   65809532 kB
VmallocTotal:   263061440 kB
VmallocUsed:      103792 kB
VmallocChunk:          0 kB
Percpu:             7648 kB
CmaTotal:         294912 kB
CmaFree:             124 kB
MemTotal:       12113132 kB
MemFree:         6376668 kB
MemAvailable:    7862708 kB
Buffers:            5680 kB
Cached:          1827116 kB
SwapCached:            0 kB
Active:          1501912 kB
Inactive:        1579760 kB
Active(anon):    1255296 kB
Inactive(anon):    25580 kB
Active(file):     246616 kB
Inactive(file):  1554180 kB
Unevictable:        5532 kB
Mlocked:            5532 kB
SwapTotal:       3145724 kB
SwapFree:        3145724 kB
Dirty:               452 kB
Writeback:             0 kB
AnonPages:       1254480 kB
Mapped:           856672 kB
Shmem:             27520 kB
KReclaimable:     553948 kB
Slab:             221620 kB
SReclaimable:      76208 kB
SUnreclaim:       145412 kB
KernelStack:       46688 kB
PageTables:        62896 kB
NFS_Unstable:          0 kB
Bounce:                0 kB
WritebackTmp:          0 kB
CommitLimit:     9202288 kB
Committed_AS:   65808416 kB
VmallocTotal:   263061440 kB
VmallocUsed:      103776 kB
VmallocChunk:          0 kB
Percpu:             7648 kB
CmaTotal:         294912 kB
CmaFree:              28 kB
MemTotal:       12113132 kB
MemFree:         6377008 kB
MemAvailable:    7863080 kB
Buffers:            5680 kB
Cached:          1827152 kB
SwapCached:            0 kB
Active:          1502680 kB
Inactive:        1579796 kB
Active(anon):    1256064 kB
Inactive(anon):    25580 kB
Active(file):     246616 kB
Inactive(file):  1554216 kB
Unevictable:        5532 kB
Mlocked:            5532 kB
SwapTotal:       3145724 kB
SwapFree:        3145724 kB
Dirty:               508 kB
Writeback:             0 kB
AnonPages:       1255272 kB
Mapped:           856776 kB
Shmem:             27520 kB
KReclaimable:     553944 kB
Slab:             221620 kB
SReclaimable:      76204 kB
SUnreclaim:       145416 kB
KernelStack:       46672 kB
PageTables:        62668 kB
NFS_Unstable:          0 kB
Bounce:                0 kB
WritebackTmp:          0 kB
CommitLimit:     9202288 kB
Committed_AS:   65811616 kB
VmallocTotal:   263061440 kB
VmallocUsed:      103776 kB
VmallocChunk:          0 kB
Percpu:             7648 kB
CmaTotal:         294912 kB
CmaFree:               0 kB
MemTotal:       12113132 kB
MemFree:         6338784 kB
MemAvailable:    7824860 kB
Buffers:            5680 kB
Cached:          1836180 kB
SwapCached:            0 kB
Active:          1532948 kB
Inactive:        1588828 kB
Active(anon):    1286336 kB
Inactive(anon):    34604 kB
Active(file):     246612 kB
Inactive(file):  1554224 kB
Unevictable:        5532 kB
Mlocked:            5532 kB
SwapTotal:       3145724 kB
SwapFree:        3145724 kB
Dirty:               528 kB
Writeback:             0 kB
AnonPages:       1285576 kB
Mapped:           865608 kB
Shmem:             36544 kB
KReclaimable:     553944 kB
Slab:             221624 kB
SReclaimable:      76204 kB
SUnreclaim:       145420 kB
KernelStack:       46656 kB
PageTables:        62776 kB
NFS_Unstable:          0 kB
Bounce:                0 kB
WritebackTmp:          0 kB
CommitLimit:     9202288 kB
Committed_AS:   65831108 kB
VmallocTotal:   263061440 kB
VmallocUsed:      103792 kB
VmallocChunk:          0 kB
Percpu:             7648 kB
CmaTotal:         294912 kB
CmaFree:               0 kB
MemTotal:       12113132 kB
MemFree:         6339104 kB
MemAvailable:    7825192 kB
Buffers:            5680 kB
Cached:          1827168 kB
SwapCached:            0 kB
Active:          1539712 kB
Inactive:        1579816 kB
Active(anon):    1293100 kB
Inactive(anon):    25580 kB
Active(file):     246612 kB
Inactive(file):  1554236 kB
Unevictable:        5532 kB
Mlocked:            5532 kB
SwapTotal:       3145724 kB
SwapFree:        3145724 kB
Dirty:               272 kB
Writeback:             0 kB
AnonPages:       1292124 kB
Mapped:           856580 kB
Shmem:             27520 kB
KReclaimable:     553944 kB
Slab:             221636 kB
SReclaimable:      76204 kB
SUnreclaim:       145432 kB
KernelStack:       46656 kB
PageTables:        62732 kB
NFS_Unstable:          0 kB
Bounce:                0 kB
WritebackTmp:          0 kB
CommitLimit:     9202288 kB
Committed_AS:   65821220 kB
VmallocTotal:   263061440 kB
VmallocUsed:      103792 kB
VmallocChunk:          0 kB
Percpu:             7648 kB
CmaTotal:         294912 kB
CmaFree:              36 kB
MemTotal:       12113132 kB
MemFree:         6338844 kB
MemAvailable:    7824936 kB
Buffers:            5680 kB
Cached:          1827172 kB
SwapCached:            0 kB
Active:          1539292 kB
Inactive:        1579820 kB
Active(anon):    1292680 kB
Inactive(anon):    25580 kB
Active(file):     246612 kB
Inactive(file):  1554240 kB
Unevictable:        5532 kB
Mlocked:            5532 kB
SwapTotal:       3145724 kB
SwapFree:        3145724 kB
Dirty:               336 kB
Writeback:             0 kB
AnonPages:       1292116 kB
Mapped:           856564 kB
Shmem:             27520 kB
KReclaimable:     553944 kB
Slab:             221628 kB
SReclaimable:      76204 kB
SUnreclaim:       145424 kB
KernelStack:       46656 kB
PageTables:        62732 kB
NFS_Unstable:          0 kB
Bounce:                0 kB
WritebackTmp:          0 kB
CommitLimit:     9202288 kB
Committed_AS:   65820332 kB
VmallocTotal:   263061440 kB
VmallocUsed:      103824 kB
VmallocChunk:          0 kB
Percpu:             7648 kB
CmaTotal:         294912 kB
CmaFree:              56 kB
MemTotal:       12113132 kB
MemFree:         6332000 kB
MemAvailable:    7818112 kB
Buffers:            5680 kB
Cached:          1826940 kB
SwapCached:            0 kB
Active:          1545752 kB
Inactive:        1579588 kB
Active(anon):    1299140 kB
Inactive(anon):    25328 kB
Active(file):     246612 kB
Inactive(file):  1554260 kB
Unevictable:        5532 kB
Mlocked:            5532 kB
SwapTotal:       3145724 kB
SwapFree:        3145724 kB
Dirty:               388 kB
Writeback:             0 kB
AnonPages:       1298476 kB
Mapped:           856588 kB
Shmem:             27268 kB
KReclaimable:     553944 kB
Slab:             221616 kB
SReclaimable:      76204 kB
SUnreclaim:       145412 kB
KernelStack:       46640 kB
PageTables:        62632 kB
NFS_Unstable:          0 kB
Bounce:                0 kB
WritebackTmp:          0 kB
CommitLimit:     9202288 kB
Committed_AS:   65839808 kB
VmallocTotal:   263061440 kB
VmallocUsed:      103840 kB
VmallocChunk:          0 kB
Percpu:             7648 kB
CmaTotal:         294912 kB
CmaFree:              80 kB
MemTotal:       12113132 kB
MemFree:         6332692 kB
MemAvailable:    7818824 kB
Buffers:            5688 kB
Cached:          1827208 kB
SwapCached:            0 kB
Active:          1546772 kB
Inactive:        1579864 kB
Active(anon):    1300160 kB
Inactive(anon):    25584 kB
Active(file):     246612 kB
Inactive(file):  1554280 kB
Unevictable:        5532 kB
Mlocked:            5532 kB
SwapTotal:       3145724 kB
SwapFree:        3145724 kB
Dirty:               368 kB
Writeback:             0 kB
AnonPages:       1299172 kB
Mapped:           856608 kB
Shmem:             27524 kB
KReclaimable:     553944 kB
Slab:             221616 kB
SReclaimable:      76204 kB
SUnreclaim:       145412 kB
KernelStack:       46688 kB
PageTables:        62832 kB
NFS_Unstable:          0 kB
Bounce:                0 kB
WritebackTmp:          0 kB
CommitLimit:     9202288 kB
Committed_AS:   65823316 kB
VmallocTotal:   263061440 kB
VmallocUsed:      103808 kB
VmallocChunk:          0 kB
Percpu:             7648 kB
CmaTotal:         294912 kB
CmaFree:              28 kB
MemTotal:       12113132 kB
MemFree:         6331116 kB
MemAvailable:    7817276 kB
Buffers:            5688 kB
Cached:          1827236 kB
SwapCached:            0 kB
Active:          1547392 kB
Inactive:        1579884 kB
Active(anon):    1300772 kB
Inactive(anon):    25584 kB
Active(file):     246620 kB
Inactive(file):  1554300 kB
Unevictable:        5532 kB
Mlocked:            5532 kB
SwapTotal:       3145724 kB
SwapFree:        3145724 kB
Dirty:               428 kB
Writeback:             0 kB
AnonPages:       1299476 kB
Mapped:           856596 kB
Shmem:             27524 kB
KReclaimable:     553944 kB
Slab:             221596 kB
SReclaimable:      76204 kB
SUnreclaim:       145392 kB
KernelStack:       46656 kB
PageTables:        62780 kB
NFS_Unstable:          0 kB
Bounce:                0 kB
WritebackTmp:          0 kB
CommitLimit:     9202288 kB
Committed_AS:   65823848 kB
VmallocTotal:   263061440 kB
VmallocUsed:      103824 kB
VmallocChunk:          0 kB
Percpu:             7648 kB
CmaTotal:         294912 kB
CmaFree:               0 kB
MemTotal:       12113132 kB
MemFree:         6332924 kB
MemAvailable:    7819096 kB
Buffers:            5688 kB
Cached:          1827248 kB
SwapCached:            0 kB
Active:          1548296 kB
Inactive:        1579896 kB
Active(anon):    1301676 kB
Inactive(anon):    25584 kB
Active(file):     246620 kB
Inactive(file):  1554312 kB
Unevictable:        5532 kB
Mlocked:            5532 kB
SwapTotal:       3145724 kB
SwapFree:        3145724 kB
Dirty:               248 kB
Writeback:             0 kB
AnonPages:       1300456 kB
Mapped:           856580 kB
Shmem:             27524 kB
KReclaimable:     553944 kB
Slab:             221596 kB
SReclaimable:      76204 kB
SUnreclaim:       145392 kB
KernelStack:       46688 kB
PageTables:        62856 kB
NFS_Unstable:          0 kB
Bounce:                0 kB
WritebackTmp:          0 kB
CommitLimit:     9202288 kB
Committed_AS:   65813924 kB
VmallocTotal:   263061440 kB
VmallocUsed:      103792 kB
VmallocChunk:          0 kB
Percpu:             7648 kB
CmaTotal:         294912 kB
CmaFree:               4 kB
MemTotal:       12113132 kB
MemFree:         6364976 kB
MemAvailable:    7851152 kB
Buffers:            5688 kB
Cached:          1827252 kB
SwapCached:            0 kB
Active:          1512576 kB
Inactive:        1579900 kB
Active(anon):    1265956 kB
Inactive(anon):    25584 kB
Active(file):     246620 kB
Inactive(file):  1554316 kB
Unevictable:        5532 kB
Mlocked:            5532 kB
SwapTotal:       3145724 kB
SwapFree:        3145724 kB
Dirty:               328 kB
Writeback:             0 kB
AnonPages:       1264444 kB
Mapped:           856604 kB
Shmem:             27524 kB
KReclaimable:     553944 kB
Slab:             221596 kB
SReclaimable:      76204 kB
SUnreclaim:       145392 kB
KernelStack:       46704 kB
PageTables:        62832 kB
NFS_Unstable:          0 kB
Bounce:                0 kB
WritebackTmp:          0 kB
CommitLimit:     9202288 kB
Committed_AS:   65819116 kB
VmallocTotal:   263061440 kB
VmallocUsed:      103840 kB
VmallocChunk:          0 kB
Percpu:             7648 kB
CmaTotal:         294912 kB
CmaFree:               0 kB
MemTotal:       12113132 kB
MemFree:         6373204 kB
MemAvailable:    7859388 kB
Buffers:            5688 kB
Cached:          1827264 kB
SwapCached:            0 kB
Active:          1503716 kB
Inactive:        1579912 kB
Active(anon):    1257100 kB
Inactive(anon):    25584 kB
Active(file):     246616 kB
Inactive(file):  1554328 kB
Unevictable:        5532 kB
Mlocked:            5532 kB
SwapTotal:       3145724 kB
SwapFree:        3145724 kB
Dirty:               344 kB
Writeback:             0 kB
AnonPages:       1256272 kB
Mapped:           856600 kB
Shmem:             27524 kB
KReclaimable:     553944 kB
Slab:             221600 kB
SReclaimable:      76204 kB
SUnreclaim:       145396 kB
KernelStack:       46688 kB
PageTables:        62868 kB
NFS_Unstable:          0 kB
Bounce:                0 kB
WritebackTmp:          0 kB
CommitLimit:     9202288 kB
Committed_AS:   65823076 kB
VmallocTotal:   263061440 kB
VmallocUsed:      103840 kB
VmallocChunk:          0 kB
Percpu:             7648 kB
CmaTotal:         294912 kB
CmaFree:               0 kB
MemTotal:       12113132 kB
MemFree:         6372908 kB
MemAvailable:    7859112 kB
Buffers:            5688 kB
Cached:          1827280 kB
SwapCached:            0 kB
Active:          1504300 kB
Inactive:        1579928 kB
Active(anon):    1257680 kB
Inactive(anon):    25584 kB
Active(file):     246620 kB
Inactive(file):  1554344 kB
Unevictable:        5532 kB
Mlocked:            5532 kB
SwapTotal:       3145724 kB
SwapFree:        3145724 kB
Dirty:               376 kB
Writeback:             0 kB
AnonPages:       1256704 kB
Mapped:           856584 kB
Shmem:             27524 kB
KReclaimable:     553944 kB
Slab:             221600 kB
SReclaimable:      76204 kB
SUnreclaim:       145396 kB
KernelStack:       46656 kB
PageTables:        62728 kB
NFS_Unstable:          0 kB
Bounce:                0 kB
WritebackTmp:          0 kB
CommitLimit:     9202288 kB
Committed_AS:   65823784 kB
VmallocTotal:   263061440 kB
VmallocUsed:      103840 kB
VmallocChunk:          0 kB
Percpu:             7648 kB
CmaTotal:         294912 kB
CmaFree:             132 kB
MemTotal:       12113132 kB
MemFree:         6374528 kB
MemAvailable:    7860748 kB
Buffers:            5688 kB
Cached:          1827296 kB
SwapCached:            0 kB
Active:          1505120 kB
Inactive:        1579944 kB
Active(anon):    1258500 kB
Inactive(anon):    25584 kB
Active(file):     246620 kB
Inactive(file):  1554360 kB
Unevictable:        5532 kB
Mlocked:            5532 kB
SwapTotal:       3145724 kB
SwapFree:        3145724 kB
Dirty:               396 kB
Writeback:             0 kB
AnonPages:       1257496 kB
Mapped:           856596 kB
Shmem:             27524 kB
KReclaimable:     553944 kB
Slab:             221600 kB
SReclaimable:      76204 kB
SUnreclaim:       145396 kB
KernelStack:       46688 kB
PageTables:        62868 kB
NFS_Unstable:          0 kB
Bounce:                0 kB
WritebackTmp:          0 kB
CommitLimit:     9202288 kB
Committed_AS:   65821764 kB
VmallocTotal:   263061440 kB
VmallocUsed:      103808 kB
VmallocChunk:          0 kB
Percpu:             7648 kB
CmaTotal:         294912 kB
CmaFree:               0 kB
MemTotal:       12113132 kB
MemFree:         6372928 kB
MemAvailable:    7859152 kB
Buffers:            5688 kB
Cached:          1827300 kB
SwapCached:            0 kB
Active:          1505532 kB
Inactive:        1579948 kB
Active(anon):    1258912 kB
Inactive(anon):    25584 kB
Active(file):     246620 kB
Inactive(file):  1554364 kB
Unevictable:        5532 kB
Mlocked:            5532 kB
SwapTotal:       3145724 kB
SwapFree:        3145724 kB
Dirty:               212 kB
Writeback:             0 kB
AnonPages:       1258036 kB
Mapped:           856592 kB
Shmem:             27524 kB
KReclaimable:     553944 kB
Slab:             221604 kB
SReclaimable:      76204 kB
SUnreclaim:       145400 kB
KernelStack:       46672 kB
PageTables:        62756 kB
NFS_Unstable:          0 kB
Bounce:                0 kB
WritebackTmp:          0 kB
CommitLimit:     9202288 kB
Committed_AS:   65817580 kB
VmallocTotal:   263061440 kB
VmallocUsed:      103760 kB
VmallocChunk:          0 kB
Percpu:             7648 kB
CmaTotal:         294912 kB
CmaFree:               0 kB
MemTotal:       12113132 kB
MemFree:         6371616 kB
MemAvailable:    7857856 kB
Buffers:            5688 kB
Cached:          1827316 kB
SwapCached:            0 kB
Active:          1506436 kB
Inactive:        1579964 kB
Active(anon):    1259816 kB
Inactive(anon):    25584 kB
Active(file):     246620 kB
Inactive(file):  1554380 kB
Unevictable:        5532 kB
Mlocked:            5532 kB
SwapTotal:       3145724 kB
SwapFree:        3145724 kB
Dirty:               308 kB
Writeback:             0 kB
AnonPages:       1259344 kB
Mapped:           856572 kB
Shmem:             27524 kB
KReclaimable:     553944 kB
Slab:             221604 kB
SReclaimable:      76204 kB
SUnreclaim:       145400 kB
KernelStack:       46656 kB
PageTables:        62696 kB
NFS_Unstable:          0 kB
Bounce:                0 kB
WritebackTmp:          0 kB
CommitLimit:     9202288 kB
Committed_AS:   65817368 kB
VmallocTotal:   263061440 kB
VmallocUsed:      103808 kB
VmallocChunk:          0 kB
Percpu:             7648 kB
CmaTotal:         294912 kB
CmaFree:               0 kB
MemTotal:       12113132 kB
MemFree:         6369880 kB
MemAvailable:    7856132 kB
Buffers:            5688 kB
Cached:          1827328 kB
SwapCached:            0 kB
Active:          1507328 kB
Inactive:        1579976 kB
Active(anon):    1260708 kB
Inactive(anon):    25584 kB
Active(file):     246620 kB
Inactive(file):  1554392 kB
Unevictable:        5532 kB
Mlocked:            5532 kB
SwapTotal:       3145724 kB
SwapFree:        3145724 kB
Dirty:               328 kB
Writeback:             0 kB
AnonPages:       1260248 kB
Mapped:           856872 kB
Shmem:             27524 kB
KReclaimable:     553944 kB
Slab:             221616 kB
SReclaimable:      76204 kB
SUnreclaim:       145412 kB
KernelStack:       46640 kB
PageTables:        62764 kB
NFS_Unstable:          0 kB
Bounce:                0 kB
WritebackTmp:          0 kB
CommitLimit:     9202288 kB
Committed_AS:   65821240 kB
VmallocTotal:   263061440 kB
VmallocUsed:      103808 kB
VmallocChunk:          0 kB
Percpu:             7648 kB
CmaTotal:         294912 kB
CmaFree:               0 kB
MemTotal:       12113132 kB
MemFree:         6371072 kB
MemAvailable:    7857336 kB
Buffers:            5688 kB
Cached:          1827348 kB
SwapCached:            0 kB
Active:          1506968 kB
Inactive:        1579988 kB
Active(anon):    1260348 kB
Inactive(anon):    25584 kB
Active(file):     246620 kB
Inactive(file):  1554404 kB
Unevictable:        5532 kB
Mlocked:            5532 kB
SwapTotal:       3145724 kB
SwapFree:        3145724 kB
Dirty:               376 kB
Writeback:             0 kB
AnonPages:       1259172 kB
Mapped:           856776 kB
Shmem:             27524 kB
KReclaimable:     553944 kB
Slab:             221628 kB
SReclaimable:      76204 kB
SUnreclaim:       145424 kB
KernelStack:       46704 kB
PageTables:        62812 kB
NFS_Unstable:          0 kB
Bounce:                0 kB
WritebackTmp:          0 kB
CommitLimit:     9202288 kB
Committed_AS:   65821332 kB
VmallocTotal:   263061440 kB
VmallocUsed:      103856 kB
VmallocChunk:          0 kB
Percpu:             7648 kB
CmaTotal:         294912 kB
CmaFree:             180 kB
MemTotal:       12113132 kB
MemFree:         6370740 kB
MemAvailable:    7857024 kB
Buffers:            5688 kB
Cached:          1827360 kB
SwapCached:            0 kB
Active:          1507448 kB
Inactive:        1580008 kB
Active(anon):    1260828 kB
Inactive(anon):    25584 kB
Active(file):     246620 kB
Inactive(file):  1554424 kB
Unevictable:        5532 kB
Mlocked:            5532 kB
SwapTotal:       3145724 kB
SwapFree:        3145724 kB
Dirty:               404 kB
Writeback:             0 kB
AnonPages:       1259984 kB
Mapped:           856944 kB
Shmem:             27524 kB
KReclaimable:     553944 kB
Slab:             221628 kB
SReclaimable:      76204 kB
SUnreclaim:       145424 kB
KernelStack:       46640 kB
PageTables:        62688 kB
NFS_Unstable:          0 kB
Bounce:                0 kB
WritebackTmp:          0 kB
CommitLimit:     9202288 kB
Committed_AS:   65815836 kB
VmallocTotal:   263061440 kB
VmallocUsed:      103808 kB
VmallocChunk:          0 kB
Percpu:             7648 kB
CmaTotal:         294912 kB
CmaFree:               0 kB
MemTotal:       12113132 kB
MemFree:         6369912 kB
MemAvailable:    7855996 kB
Buffers:            5688 kB
Cached:          1827368 kB
SwapCached:            0 kB
Active:          1508064 kB
Inactive:        1580012 kB
Active(anon):    1261440 kB
Inactive(anon):    25584 kB
Active(file):     246624 kB
Inactive(file):  1554428 kB
Unevictable:        5532 kB
Mlocked:            5532 kB
SwapTotal:       3145724 kB
SwapFree:        3145724 kB
Dirty:               256 kB
Writeback:             0 kB
AnonPages:       1260552 kB
Mapped:           856720 kB
Shmem:             27524 kB
KReclaimable:     553736 kB
Slab:             221628 kB
SReclaimable:      76204 kB
SUnreclaim:       145424 kB
KernelStack:       46668 kB
PageTables:        62748 kB
NFS_Unstable:          0 kB
Bounce:                0 kB
WritebackTmp:          0 kB
CommitLimit:     9202288 kB
Committed_AS:   65816728 kB
VmallocTotal:   263061440 kB
VmallocUsed:      103808 kB
VmallocChunk:          0 kB
Percpu:             7648 kB
CmaTotal:         294912 kB
CmaFree:               0 kB
MemTotal:       12113132 kB
MemFree:         6370044 kB
MemAvailable:    7856344 kB
Buffers:            5688 kB
Cached:          1827376 kB
SwapCached:            0 kB
Active:          1508636 kB
Inactive:        1580020 kB
Active(anon):    1262012 kB
Inactive(anon):    25584 kB
Active(file):     246624 kB
Inactive(file):  1554436 kB
Unevictable:        5532 kB
Mlocked:            5532 kB
SwapTotal:       3145724 kB
SwapFree:        3145724 kB
Dirty:               296 kB
Writeback:             0 kB
AnonPages:       1261164 kB
Mapped:           856752 kB
Shmem:             27524 kB
KReclaimable:     553944 kB
Slab:             221632 kB
SReclaimable:      76204 kB
SUnreclaim:       145428 kB
KernelStack:       46656 kB
PageTables:        62736 kB
NFS_Unstable:          0 kB
Bounce:                0 kB
WritebackTmp:          0 kB
CommitLimit:     9202288 kB
Committed_AS:   65821268 kB
VmallocTotal:   263061440 kB
VmallocUsed:      103808 kB
VmallocChunk:          0 kB
Percpu:             7648 kB
CmaTotal:         294912 kB
CmaFree:               0 kB
MemTotal:       12113132 kB
MemFree:         6370832 kB
MemAvailable:    7857148 kB
Buffers:            5688 kB
Cached:          1827392 kB
SwapCached:            0 kB
Active:          1509768 kB
Inactive:        1580036 kB
Active(anon):    1263144 kB
Inactive(anon):    25584 kB
Active(file):     246624 kB
Inactive(file):  1554452 kB
Unevictable:        5532 kB
Mlocked:            5532 kB
SwapTotal:       3145724 kB
SwapFree:        3145724 kB
Dirty:               340 kB
Writeback:             0 kB
AnonPages:       1262236 kB
Mapped:           856748 kB
Shmem:             27524 kB
KReclaimable:     553944 kB
Slab:             221632 kB
SReclaimable:      76204 kB
SUnreclaim:       145428 kB
KernelStack:       46720 kB
PageTables:        62748 kB
NFS_Unstable:          0 kB
Bounce:                0 kB
WritebackTmp:          0 kB
CommitLimit:     9202288 kB
Committed_AS:   65806032 kB
VmallocTotal:   263061440 kB
VmallocUsed:      103792 kB
VmallocChunk:          0 kB
Percpu:             7648 kB
CmaTotal:         294912 kB
CmaFree:               0 kB
MemTotal:       12113132 kB
MemFree:         6368072 kB
MemAvailable:    7854396 kB
Buffers:            5688 kB
Cached:          1827400 kB
SwapCached:            0 kB
Active:          1511488 kB
Inactive:        1580044 kB
Active(anon):    1264864 kB
Inactive(anon):    25584 kB
Active(file):     246624 kB
Inactive(file):  1554460 kB
Unevictable:        5532 kB
Mlocked:            5532 kB
SwapTotal:       3145724 kB
SwapFree:        3145724 kB
Dirty:               368 kB
Writeback:             0 kB
AnonPages:       1263984 kB
Mapped:           856684 kB
Shmem:             27524 kB
KReclaimable:     553944 kB
Slab:             221636 kB
SReclaimable:      76204 kB
SUnreclaim:       145432 kB
KernelStack:       46640 kB
PageTables:        62692 kB
NFS_Unstable:          0 kB
Bounce:                0 kB
WritebackTmp:          0 kB
CommitLimit:     9202288 kB
Committed_AS:   65801208 kB
VmallocTotal:   263061440 kB
VmallocUsed:      103760 kB
VmallocChunk:          0 kB
Percpu:             7648 kB
CmaTotal:         294912 kB
CmaFree:               4 kB
MemTotal:       12113132 kB
MemFree:         6367156 kB
MemAvailable:    7853516 kB
Buffers:            5692 kB
Cached:          1827432 kB
SwapCached:            0 kB
Active:          1511008 kB
Inactive:        1580076 kB
Active(anon):    1264380 kB
Inactive(anon):    25588 kB
Active(file):     246628 kB
Inactive(file):  1554488 kB
Unevictable:        5532 kB
Mlocked:            5532 kB
SwapTotal:       3145724 kB
SwapFree:        3145724 kB
Dirty:               368 kB
Writeback:             0 kB
AnonPages:       1263340 kB
Mapped:           856736 kB
Shmem:             27528 kB
KReclaimable:     553948 kB
Slab:             221640 kB
SReclaimable:      76208 kB
SUnreclaim:       145432 kB
KernelStack:       46656 kB
PageTables:        62744 kB
NFS_Unstable:          0 kB
Bounce:                0 kB
WritebackTmp:          0 kB
CommitLimit:     9202288 kB
Committed_AS:   65805856 kB
VmallocTotal:   263061440 kB
VmallocUsed:      103808 kB
VmallocChunk:          0 kB
Percpu:             7648 kB
CmaTotal:         294912 kB
CmaFree:               0 kB
MemTotal:       12113132 kB
MemFree:         6367124 kB
MemAvailable:    7853500 kB
Buffers:            5692 kB
Cached:          1827448 kB
SwapCached:            0 kB
Active:          1511036 kB
Inactive:        1580092 kB
Active(anon):    1264408 kB
Inactive(anon):    25588 kB
Active(file):     246628 kB
Inactive(file):  1554504 kB
Unevictable:        5532 kB
Mlocked:            5532 kB
SwapTotal:       3145724 kB
SwapFree:        3145724 kB
Dirty:               400 kB
Writeback:             0 kB
AnonPages:       1263404 kB
Mapped:           856736 kB
Shmem:             27528 kB
KReclaimable:     553948 kB
Slab:             221644 kB
SReclaimable:      76208 kB
SUnreclaim:       145436 kB
KernelStack:       46640 kB
PageTables:        62604 kB
NFS_Unstable:          0 kB
Bounce:                0 kB
WritebackTmp:          0 kB
CommitLimit:     9202288 kB
Committed_AS:   65800220 kB
VmallocTotal:   263061440 kB
VmallocUsed:      103760 kB
VmallocChunk:          0 kB
Percpu:             7648 kB
CmaTotal:         294912 kB
CmaFree:               0 kB
MemTotal:       12113132 kB
MemFree:         6367896 kB
MemAvailable:    7854284 kB
Buffers:            5692 kB
Cached:          1827460 kB
SwapCached:            0 kB
Active:          1511600 kB
Inactive:        1580104 kB
Active(anon):    1264972 kB
Inactive(anon):    25588 kB
Active(file):     246628 kB
Inactive(file):  1554516 kB
Unevictable:        5532 kB
Mlocked:            5532 kB
SwapTotal:       3145724 kB
SwapFree:        3145724 kB
Dirty:               468 kB
Writeback:             0 kB
AnonPages:       1263968 kB
Mapped:           856768 kB
Shmem:             27528 kB
KReclaimable:     553948 kB
Slab:             221648 kB
SReclaimable:      76208 kB
SUnreclaim:       145440 kB
KernelStack:       46672 kB
PageTables:        62748 kB
NFS_Unstable:          0 kB
Bounce:                0 kB
WritebackTmp:          0 kB
CommitLimit:     9202288 kB
Committed_AS:   65802164 kB
VmallocTotal:   263061440 kB
VmallocUsed:      103760 kB
VmallocChunk:          0 kB
Percpu:             7648 kB
CmaTotal:         294912 kB
CmaFree:              24 kB
MemTotal:       12113132 kB
MemFree:         6367364 kB
MemAvailable:    7853724 kB
Buffers:            5692 kB
Cached:          1827432 kB
SwapCached:            0 kB
Active:          1512980 kB
Inactive:        1580076 kB
Active(anon):    1266352 kB
Inactive(anon):    25588 kB
Active(file):     246628 kB
Inactive(file):  1554488 kB
Unevictable:        5532 kB
Mlocked:            5532 kB
SwapTotal:       3145724 kB
SwapFree:        3145724 kB
Dirty:               492 kB
Writeback:             0 kB
AnonPages:       1265208 kB
Mapped:           856744 kB
Shmem:             27528 kB
KReclaimable:     553948 kB
Slab:             221640 kB
SReclaimable:      76208 kB
SUnreclaim:       145432 kB
KernelStack:       46688 kB
PageTables:        62848 kB
NFS_Unstable:          0 kB
Bounce:                0 kB
WritebackTmp:          0 kB
CommitLimit:     9202288 kB
Committed_AS:   65810416 kB
VmallocTotal:   263061440 kB
VmallocUsed:      103776 kB
VmallocChunk:          0 kB
Percpu:             7648 kB
CmaTotal:         294912 kB
CmaFree:               0 kB
MemTotal:       12113132 kB
MemFree:         6366736 kB
MemAvailable:    7853152 kB
Buffers:            5692 kB
Cached:          1827492 kB
SwapCached:            0 kB
Active:          1512728 kB
Inactive:        1580132 kB
Active(anon):    1266096 kB
Inactive(anon):    25592 kB
Active(file):     246632 kB
Inactive(file):  1554540 kB
Unevictable:        5532 kB
Mlocked:            5532 kB
SwapTotal:       3145724 kB
SwapFree:        3145724 kB
Dirty:               528 kB
Writeback:             0 kB
AnonPages:       1265136 kB
Mapped:           856756 kB
Shmem:             27532 kB
KReclaimable:     553948 kB
Slab:             221644 kB
SReclaimable:      76208 kB
SUnreclaim:       145436 kB
KernelStack:       46656 kB
PageTables:        62736 kB
NFS_Unstable:          0 kB
Bounce:                0 kB
WritebackTmp:          0 kB
CommitLimit:     9202288 kB
Committed_AS:   65806204 kB
VmallocTotal:   263061440 kB
VmallocUsed:      103808 kB
VmallocChunk:          0 kB
Percpu:             7648 kB
CmaTotal:         294912 kB
CmaFree:               0 kB
MemTotal:       12113132 kB
MemFree:         6365584 kB
MemAvailable:    7852016 kB
Buffers:            5692 kB
Cached:          1827508 kB
SwapCached:            0 kB
Active:          1513576 kB
Inactive:        1580148 kB
Active(anon):    1266944 kB
Inactive(anon):    25592 kB
Active(file):     246632 kB
Inactive(file):  1554556 kB
Unevictable:        5532 kB
Mlocked:            5532 kB
SwapTotal:       3145724 kB
SwapFree:        3145724 kB
Dirty:               556 kB
Writeback:             0 kB
AnonPages:       1266276 kB
Mapped:           856744 kB
Shmem:             27532 kB
KReclaimable:     553948 kB
Slab:             221656 kB
SReclaimable:      76208 kB
SUnreclaim:       145448 kB
KernelStack:       46704 kB
PageTables:        62948 kB
NFS_Unstable:          0 kB
Bounce:                0 kB
WritebackTmp:          0 kB
CommitLimit:     9202288 kB
Committed_AS:   65821536 kB
VmallocTotal:   263061440 kB
VmallocUsed:      103776 kB
VmallocChunk:          0 kB
Percpu:             7648 kB
CmaTotal:         294912 kB
CmaFree:               0 kB
MemTotal:       12113132 kB
MemFree:         6365120 kB
MemAvailable:    7851552 kB
Buffers:            5692 kB
Cached:          1827508 kB
SwapCached:            0 kB
Active:          1513908 kB
Inactive:        1580152 kB
Active(anon):    1267280 kB
Inactive(anon):    25592 kB
Active(file):     246628 kB
Inactive(file):  1554560 kB
Unevictable:        5532 kB
Mlocked:            5532 kB
SwapTotal:       3145724 kB
SwapFree:        3145724 kB
Dirty:               228 kB
Writeback:             0 kB
AnonPages:       1266496 kB
Mapped:           856760 kB
Shmem:             27532 kB
KReclaimable:     553948 kB
Slab:             221632 kB
SReclaimable:      76208 kB
SUnreclaim:       145424 kB
KernelStack:       46640 kB
PageTables:        62804 kB
NFS_Unstable:          0 kB
Bounce:                0 kB
WritebackTmp:          0 kB
CommitLimit:     9202288 kB
Committed_AS:   65816816 kB
VmallocTotal:   263061440 kB
VmallocUsed:      103792 kB
VmallocChunk:          0 kB
Percpu:             7648 kB
CmaTotal:         294912 kB
CmaFree:               0 kB
MemTotal:       12113132 kB
MemFree:         6363200 kB
MemAvailable:    7849656 kB
Buffers:            5692 kB
Cached:          1827536 kB
SwapCached:            0 kB
Active:          1515180 kB
Inactive:        1580172 kB
Active(anon):    1268544 kB
Inactive(anon):    25596 kB
Active(file):     246636 kB
Inactive(file):  1554576 kB
Unevictable:        5532 kB
Mlocked:            5532 kB
SwapTotal:       3145724 kB
SwapFree:        3145724 kB
Dirty:               328 kB
Writeback:             0 kB
AnonPages:       1267368 kB
Mapped:           856944 kB
Shmem:             27536 kB
KReclaimable:     553948 kB
Slab:             221664 kB
SReclaimable:      76208 kB
SUnreclaim:       145456 kB
KernelStack:       46672 kB
PageTables:        62872 kB
NFS_Unstable:          0 kB
Bounce:                0 kB
WritebackTmp:          0 kB
CommitLimit:     9202288 kB
Committed_AS:   65813732 kB
VmallocTotal:   263061440 kB
VmallocUsed:      103744 kB
VmallocChunk:          0 kB
Percpu:             7648 kB
CmaTotal:         294912 kB
CmaFree:               4 kB
MemTotal:       12113132 kB
MemFree:         6363344 kB
MemAvailable:    7849812 kB
Buffers:            5692 kB
Cached:          1827548 kB
SwapCached:            0 kB
Active:          1515600 kB
Inactive:        1580188 kB
Active(anon):    1268968 kB
Inactive(anon):    25596 kB
Active(file):     246632 kB
Inactive(file):  1554592 kB
Unevictable:        5532 kB
Mlocked:            5532 kB
SwapTotal:       3145724 kB
SwapFree:        3145724 kB
Dirty:               348 kB
Writeback:             0 kB
AnonPages:       1268220 kB
Mapped:           856720 kB
Shmem:             27536 kB
KReclaimable:     553948 kB
Slab:             221620 kB
SReclaimable:      76208 kB
SUnreclaim:       145412 kB
KernelStack:       46640 kB
PageTables:        62628 kB
NFS_Unstable:          0 kB
Bounce:                0 kB
WritebackTmp:          0 kB
CommitLimit:     9202288 kB
Committed_AS:   65818304 kB
VmallocTotal:   263061440 kB
VmallocUsed:      103760 kB
VmallocChunk:          0 kB
Percpu:             7648 kB
CmaTotal:         294912 kB
CmaFree:               0 kB
MemTotal:       12113132 kB
MemFree:         6361696 kB
MemAvailable:    7848180 kB
Buffers:            5692 kB
Cached:          1827564 kB
SwapCached:            0 kB
Active:          1516260 kB
Inactive:        1580204 kB
Active(anon):    1269628 kB
Inactive(anon):    25596 kB
Active(file):     246632 kB
Inactive(file):  1554608 kB
Unevictable:        5532 kB
Mlocked:            5532 kB
SwapTotal:       3145724 kB
SwapFree:        3145724 kB
Dirty:               376 kB
Writeback:             0 kB
AnonPages:       1269020 kB
Mapped:           856776 kB
Shmem:             27536 kB
KReclaimable:     553948 kB
Slab:             221660 kB
SReclaimable:      76208 kB
SUnreclaim:       145452 kB
KernelStack:       46704 kB
PageTables:        62852 kB
NFS_Unstable:          0 kB
Bounce:                0 kB
WritebackTmp:          0 kB
CommitLimit:     9202288 kB
Committed_AS:   65818036 kB
VmallocTotal:   263061440 kB
VmallocUsed:      103760 kB
VmallocChunk:          0 kB
Percpu:             7648 kB
CmaTotal:         294912 kB
CmaFree:               0 kB
MemTotal:       12113132 kB
MemFree:         6368720 kB
MemAvailable:    7855220 kB
Buffers:            5692 kB
Cached:          1827584 kB
SwapCached:            0 kB
Active:          1508616 kB
Inactive:        1580224 kB
Active(anon):    1261984 kB
Inactive(anon):    25600 kB
Active(file):     246632 kB
Inactive(file):  1554624 kB
Unevictable:        5532 kB
Mlocked:            5532 kB
SwapTotal:       3145724 kB
SwapFree:        3145724 kB
Dirty:               404 kB
Writeback:             0 kB
AnonPages:       1261652 kB
Mapped:           856880 kB
Shmem:             27540 kB
KReclaimable:     553948 kB
Slab:             221652 kB
SReclaimable:      76208 kB
SUnreclaim:       145444 kB
KernelStack:       46688 kB
PageTables:        62880 kB
NFS_Unstable:          0 kB
Bounce:                0 kB
WritebackTmp:          0 kB
CommitLimit:     9202288 kB
Committed_AS:   65822104 kB
VmallocTotal:   263061440 kB
VmallocUsed:      103792 kB
VmallocChunk:          0 kB
Percpu:             7648 kB
CmaTotal:         294912 kB
CmaFree:               0 kB
MemTotal:       12113132 kB
MemFree:         6347736 kB
MemAvailable:    7834308 kB
Buffers:            5692 kB
Cached:          1827592 kB
SwapCached:            0 kB
Active:          1529432 kB
Inactive:        1580236 kB
Active(anon):    1282804 kB
Inactive(anon):    25600 kB
Active(file):     246628 kB
Inactive(file):  1554636 kB
Unevictable:        5532 kB
Mlocked:            5532 kB
SwapTotal:       3145724 kB
SwapFree:        3145724 kB
Dirty:               232 kB
Writeback:             0 kB
AnonPages:       1281800 kB
Mapped:           856740 kB
Shmem:             27540 kB
KReclaimable:     553948 kB
Slab:             221664 kB
SReclaimable:      76208 kB
SUnreclaim:       145456 kB
KernelStack:       46640 kB
PageTables:        62768 kB
NFS_Unstable:          0 kB
Bounce:                0 kB
WritebackTmp:          0 kB
CommitLimit:     9202288 kB
Committed_AS:   65818236 kB
VmallocTotal:   263061440 kB
VmallocUsed:      103792 kB
VmallocChunk:          0 kB
Percpu:             7648 kB
CmaTotal:         294912 kB
CmaFree:              76 kB
MemTotal:       12113132 kB
MemFree:         6348236 kB
MemAvailable:    7834764 kB
Buffers:            5692 kB
Cached:          1827612 kB
SwapCached:            0 kB
Active:          1529852 kB
Inactive:        1580252 kB
Active(anon):    1283220 kB
Inactive(anon):    25600 kB
Active(file):     246632 kB
Inactive(file):  1554652 kB
Unevictable:        5532 kB
Mlocked:            5532 kB
SwapTotal:       3145724 kB
SwapFree:        3145724 kB
Dirty:               316 kB
Writeback:             0 kB
AnonPages:       1282452 kB
Mapped:           856804 kB
Shmem:             27540 kB
KReclaimable:     553948 kB
Slab:             221648 kB
SReclaimable:      76208 kB
SUnreclaim:       145440 kB
KernelStack:       46704 kB
PageTables:        62836 kB
NFS_Unstable:          0 kB
Bounce:                0 kB
WritebackTmp:          0 kB
CommitLimit:     9202288 kB
Committed_AS:   65826912 kB
VmallocTotal:   263061440 kB
VmallocUsed:      103792 kB
VmallocChunk:          0 kB
Percpu:             7648 kB
CmaTotal:         294912 kB
CmaFree:               0 kB
MemTotal:       12113132 kB
MemFree:         6333992 kB
MemAvailable:    7820540 kB
Buffers:            5692 kB
Cached:          1836660 kB
SwapCached:            0 kB
Active:          1536464 kB
Inactive:        1589296 kB
Active(anon):    1289828 kB
Inactive(anon):    34628 kB
Active(file):     246636 kB
Inactive(file):  1554668 kB
Unevictable:        5532 kB
Mlocked:            5532 kB
SwapTotal:       3145724 kB
SwapFree:        3145724 kB
Dirty:               348 kB
Writeback:             0 kB
AnonPages:       1288928 kB
Mapped:           865820 kB
Shmem:             36568 kB
KReclaimable:     553948 kB
Slab:             221672 kB
SReclaimable:      76208 kB
SUnreclaim:       145464 kB
KernelStack:       46640 kB
PageTables:        62776 kB
NFS_Unstable:          0 kB
Bounce:                0 kB
WritebackTmp:          0 kB
CommitLimit:     9202288 kB
Committed_AS:   65834116 kB
VmallocTotal:   263061440 kB
VmallocUsed:      103808 kB
VmallocChunk:          0 kB
Percpu:             7648 kB
CmaTotal:         294912 kB
CmaFree:               0 kB
MemTotal:       12113132 kB
MemFree:         6341904 kB
MemAvailable:    7828476 kB
Buffers:            5700 kB
Cached:          1827652 kB
SwapCached:            0 kB
Active:          1537048 kB
Inactive:        1580296 kB
Active(anon):    1290412 kB
Inactive(anon):    25604 kB
Active(file):     246636 kB
Inactive(file):  1554692 kB
Unevictable:        5532 kB
Mlocked:            5532 kB
SwapTotal:       3145724 kB
SwapFree:        3145724 kB
Dirty:               340 kB
Writeback:             0 kB
AnonPages:       1289344 kB
Mapped:           856740 kB
Shmem:             27544 kB
KReclaimable:     553948 kB
Slab:             221684 kB
SReclaimable:      76208 kB
SUnreclaim:       145476 kB
KernelStack:       46624 kB
PageTables:        62728 kB
NFS_Unstable:          0 kB
Bounce:                0 kB
WritebackTmp:          0 kB
CommitLimit:     9202288 kB
Committed_AS:   65830012 kB
VmallocTotal:   263061440 kB
VmallocUsed:      103808 kB
VmallocChunk:          0 kB
Percpu:             7648 kB
CmaTotal:         294912 kB
CmaFree:               0 kB
MemTotal:       12113132 kB
MemFree:         6340896 kB
MemAvailable:    7827484 kB
Buffers:            5700 kB
Cached:          1827668 kB
SwapCached:            0 kB
Active:          1537836 kB
Inactive:        1580308 kB
Active(anon):    1291196 kB
Inactive(anon):    25604 kB
Active(file):     246640 kB
Inactive(file):  1554704 kB
Unevictable:        5532 kB
Mlocked:            5532 kB
SwapTotal:       3145724 kB
SwapFree:        3145724 kB
Dirty:               360 kB
Writeback:             0 kB
AnonPages:       1290424 kB
Mapped:           856760 kB
Shmem:             27544 kB
KReclaimable:     553948 kB
Slab:             221684 kB
SReclaimable:      76208 kB
SUnreclaim:       145476 kB
KernelStack:       46656 kB
PageTables:        62800 kB
NFS_Unstable:          0 kB
Bounce:                0 kB
WritebackTmp:          0 kB
CommitLimit:     9202288 kB
Committed_AS:   65830364 kB
VmallocTotal:   263061440 kB
VmallocUsed:      103808 kB
VmallocChunk:          0 kB
Percpu:             7648 kB
CmaTotal:         294912 kB
CmaFree:               0 kB
MemTotal:       12113132 kB
MemFree:         6339756 kB
MemAvailable:    7826348 kB
Buffers:            5700 kB
Cached:          1827692 kB
SwapCached:            0 kB
Active:          1538720 kB
Inactive:        1580328 kB
Active(anon):    1292076 kB
Inactive(anon):    25624 kB
Active(file):     246644 kB
Inactive(file):  1554704 kB
Unevictable:        5532 kB
Mlocked:            5532 kB
SwapTotal:       3145724 kB
SwapFree:        3145724 kB
Dirty:               404 kB
Writeback:             0 kB
AnonPages:       1290984 kB
Mapped:           856792 kB
Shmem:             27564 kB
KReclaimable:     553948 kB
Slab:             221688 kB
SReclaimable:      76208 kB
SUnreclaim:       145480 kB
KernelStack:       46624 kB
PageTables:        62732 kB
NFS_Unstable:          0 kB
Bounce:                0 kB
WritebackTmp:          0 kB
CommitLimit:     9202288 kB
Committed_AS:   65834872 kB
VmallocTotal:   263061440 kB
VmallocUsed:      103824 kB
VmallocChunk:          0 kB
Percpu:             7648 kB
CmaTotal:         294912 kB
CmaFree:              16 kB
MemTotal:       12113132 kB
MemFree:         6338604 kB
MemAvailable:    7825216 kB
Buffers:            5700 kB
Cached:          1827712 kB
SwapCached:            0 kB
Active:          1539448 kB
Inactive:        1580348 kB
Active(anon):    1292804 kB
Inactive(anon):    25624 kB
Active(file):     246644 kB
Inactive(file):  1554724 kB
Unevictable:        5532 kB
Mlocked:            5532 kB
SwapTotal:       3145724 kB
SwapFree:        3145724 kB
Dirty:               292 kB
Writeback:             0 kB
AnonPages:       1292188 kB
Mapped:           856784 kB
Shmem:             27564 kB
KReclaimable:     553948 kB
Slab:             221676 kB
SReclaimable:      76208 kB
SUnreclaim:       145468 kB
KernelStack:       46624 kB
PageTables:        62740 kB
NFS_Unstable:          0 kB
Bounce:                0 kB
WritebackTmp:          0 kB
CommitLimit:     9202288 kB
Committed_AS:   65839056 kB
VmallocTotal:   263061440 kB
VmallocUsed:      103824 kB
VmallocChunk:          0 kB
Percpu:             7648 kB
CmaTotal:         294912 kB
CmaFree:               4 kB
MemTotal:       12113132 kB
MemFree:         6339100 kB
MemAvailable:    7825716 kB
Buffers:            5700 kB
Cached:          1827720 kB
SwapCached:            0 kB
Active:          1539776 kB
Inactive:        1580356 kB
Active(anon):    1293132 kB
Inactive(anon):    25628 kB
Active(file):     246644 kB
Inactive(file):  1554728 kB
Unevictable:        5532 kB
Mlocked:            5532 kB
SwapTotal:       3145724 kB
SwapFree:        3145724 kB
Dirty:               300 kB
Writeback:             0 kB
AnonPages:       1292008 kB
Mapped:           856776 kB
Shmem:             27568 kB
KReclaimable:     553948 kB
Slab:             221676 kB
SReclaimable:      76208 kB
SUnreclaim:       145468 kB
KernelStack:       46656 kB
PageTables:        62780 kB
NFS_Unstable:          0 kB
Bounce:                0 kB
WritebackTmp:          0 kB
CommitLimit:     9202288 kB
Committed_AS:   65829740 kB
VmallocTotal:   263061440 kB
VmallocUsed:      103856 kB
VmallocChunk:          0 kB
Percpu:             7648 kB
CmaTotal:         294912 kB
CmaFree:              48 kB
MemTotal:       12113132 kB
MemFree:         6338188 kB
MemAvailable:    7824824 kB
Buffers:            5700 kB
Cached:          1827740 kB
SwapCached:            0 kB
Active:          1540256 kB
Inactive:        1580376 kB
Active(anon):    1293612 kB
Inactive(anon):    25628 kB
Active(file):     246644 kB
Inactive(file):  1554748 kB
Unevictable:        5532 kB
Mlocked:            5532 kB
SwapTotal:       3145724 kB
SwapFree:        3145724 kB
Dirty:               352 kB
Writeback:             0 kB
AnonPages:       1292980 kB
Mapped:           856980 kB
Shmem:             27568 kB
KReclaimable:     553948 kB
Slab:             221676 kB
SReclaimable:      76208 kB
SUnreclaim:       145468 kB
KernelStack:       46608 kB
PageTables:        62696 kB
NFS_Unstable:          0 kB
Bounce:                0 kB
WritebackTmp:          0 kB
CommitLimit:     9202288 kB
Committed_AS:   65834976 kB
VmallocTotal:   263061440 kB
VmallocUsed:      103824 kB
VmallocChunk:          0 kB
Percpu:             7648 kB
CmaTotal:         294912 kB
CmaFree:               8 kB
MemTotal:       12113132 kB
MemFree:         6337760 kB
MemAvailable:    7824404 kB
Buffers:            5700 kB
Cached:          1827748 kB
SwapCached:            0 kB
Active:          1540640 kB
Inactive:        1580384 kB
Active(anon):    1293996 kB
Inactive(anon):    25628 kB
Active(file):     246644 kB
Inactive(file):  1554756 kB
Unevictable:        5532 kB
Mlocked:            5532 kB
SwapTotal:       3145724 kB
SwapFree:        3145724 kB
Dirty:               360 kB
Writeback:             0 kB
AnonPages:       1293544 kB
Mapped:           856804 kB
Shmem:             27568 kB
KReclaimable:     553948 kB
Slab:             221680 kB
SReclaimable:      76208 kB
SUnreclaim:       145472 kB
KernelStack:       46624 kB
PageTables:        62764 kB
NFS_Unstable:          0 kB
Bounce:                0 kB
WritebackTmp:          0 kB
CommitLimit:     9202288 kB
Committed_AS:   65825072 kB
VmallocTotal:   263061440 kB
VmallocUsed:      103760 kB
VmallocChunk:          0 kB
Percpu:             7648 kB
CmaTotal:         294912 kB
CmaFree:              36 kB
MemTotal:       12113132 kB
MemFree:         6338824 kB
MemAvailable:    7825480 kB
Buffers:            5700 kB
Cached:          1827760 kB
SwapCached:            0 kB
Active:          1541892 kB
Inactive:        1580396 kB
Active(anon):    1295248 kB
Inactive(anon):    25628 kB
Active(file):     246644 kB
Inactive(file):  1554768 kB
Unevictable:        5532 kB
Mlocked:            5532 kB
SwapTotal:       3145724 kB
SwapFree:        3145724 kB
Dirty:               228 kB
Writeback:             0 kB
AnonPages:       1294436 kB
Mapped:           856872 kB
Shmem:             27568 kB
KReclaimable:     553948 kB
Slab:             221680 kB
SReclaimable:      76208 kB
SUnreclaim:       145472 kB
KernelStack:       46640 kB
PageTables:        62680 kB
NFS_Unstable:          0 kB
Bounce:                0 kB
WritebackTmp:          0 kB
CommitLimit:     9202288 kB
Committed_AS:   65830444 kB
VmallocTotal:   263061440 kB
VmallocUsed:      103760 kB
VmallocChunk:          0 kB
Percpu:             7648 kB
CmaTotal:         294912 kB
CmaFree:               0 kB
MemTotal:       12113132 kB
MemFree:         6337740 kB
MemAvailable:    7824408 kB
Buffers:            5700 kB
Cached:          1827772 kB
SwapCached:            0 kB
Active:          1542408 kB
Inactive:        1580408 kB
Active(anon):    1295764 kB
Inactive(anon):    25628 kB
Active(file):     246644 kB
Inactive(file):  1554780 kB
Unevictable:        5532 kB
Mlocked:            5532 kB
SwapTotal:       3145724 kB
SwapFree:        3145724 kB
Dirty:               288 kB
Writeback:             0 kB
AnonPages:       1294592 kB
Mapped:           856784 kB
Shmem:             27568 kB
KReclaimable:     553948 kB
Slab:             221680 kB
SReclaimable:      76208 kB
SUnreclaim:       145472 kB
KernelStack:       46656 kB
PageTables:        62848 kB
NFS_Unstable:          0 kB
Bounce:                0 kB
WritebackTmp:          0 kB
CommitLimit:     9202288 kB
Committed_AS:   65830276 kB
VmallocTotal:   263061440 kB
VmallocUsed:      103744 kB
VmallocChunk:          0 kB
Percpu:             7648 kB
CmaTotal:         294912 kB
CmaFree:              20 kB
MemTotal:       12113132 kB
MemFree:         6335724 kB
MemAvailable:    7822408 kB
Buffers:            5700 kB
Cached:          1827788 kB
SwapCached:            0 kB
Active:          1543504 kB
Inactive:        1580424 kB
Active(anon):    1296860 kB
Inactive(anon):    25628 kB
Active(file):     246644 kB
Inactive(file):  1554796 kB
Unevictable:        5532 kB
Mlocked:            5532 kB
SwapTotal:       3145724 kB
SwapFree:        3145724 kB
Dirty:               344 kB
Writeback:             0 kB
AnonPages:       1295840 kB
Mapped:           856808 kB
Shmem:             27568 kB
KReclaimable:     553948 kB
Slab:             221684 kB
SReclaimable:      76208 kB
SUnreclaim:       145476 kB
KernelStack:       46656 kB
PageTables:        62732 kB
NFS_Unstable:          0 kB
Bounce:                0 kB
WritebackTmp:          0 kB
CommitLimit:     9202288 kB
Committed_AS:   65818864 kB
VmallocTotal:   263061440 kB
VmallocUsed:      103776 kB
VmallocChunk:          0 kB
Percpu:             7648 kB
CmaTotal:         294912 kB
CmaFree:               0 kB
MemTotal:       12113132 kB
MemFree:         6335204 kB
MemAvailable:    7821912 kB
Buffers:            5700 kB
Cached:          1827812 kB
SwapCached:            0 kB
Active:          1543544 kB
Inactive:        1580448 kB
Active(anon):    1296900 kB
Inactive(anon):    25628 kB
Active(file):     246644 kB
Inactive(file):  1554820 kB
Unevictable:        5532 kB
Mlocked:            5532 kB
SwapTotal:       3145724 kB
SwapFree:        3145724 kB
Dirty:               392 kB
Writeback:             0 kB
AnonPages:       1295920 kB
Mapped:           856932 kB
Shmem:             27568 kB
KReclaimable:     553948 kB
Slab:             221684 kB
SReclaimable:      76208 kB
SUnreclaim:       145476 kB
KernelStack:       46608 kB
PageTables:        62676 kB
NFS_Unstable:          0 kB
Bounce:                0 kB
WritebackTmp:          0 kB
CommitLimit:     9202288 kB
Committed_AS:   65817956 kB
VmallocTotal:   263061440 kB
VmallocUsed:      103776 kB
VmallocChunk:          0 kB
Percpu:             7648 kB
CmaTotal:         294912 kB
CmaFree:               0 kB
MemTotal:       12113132 kB
MemFree:         6333612 kB
MemAvailable:    7820332 kB
Buffers:            5700 kB
Cached:          1827824 kB
SwapCached:            0 kB
Active:          1544828 kB
Inactive:        1580460 kB
Active(anon):    1298184 kB
Inactive(anon):    25628 kB
Active(file):     246644 kB
Inactive(file):  1554832 kB
Unevictable:        5532 kB
Mlocked:            5532 kB
SwapTotal:       3145724 kB
SwapFree:        3145724 kB
Dirty:               416 kB
Writeback:             0 kB
AnonPages:       1297276 kB
Mapped:           856788 kB
Shmem:             27568 kB
KReclaimable:     553948 kB
Slab:             221684 kB
SReclaimable:      76208 kB
SUnreclaim:       145476 kB
KernelStack:       46576 kB
PageTables:        62804 kB
NFS_Unstable:          0 kB
Bounce:                0 kB
WritebackTmp:          0 kB
CommitLimit:     9202288 kB
Committed_AS:   65829488 kB
VmallocTotal:   263061440 kB
VmallocUsed:      103776 kB
VmallocChunk:          0 kB
Percpu:             7648 kB
CmaTotal:         294912 kB
CmaFree:               0 kB
MemTotal:       12113132 kB
MemFree:         6333592 kB
MemAvailable:    7820320 kB
Buffers:            5700 kB
Cached:          1827832 kB
SwapCached:            0 kB
Active:          1544708 kB
Inactive:        1580468 kB
Active(anon):    1298064 kB
Inactive(anon):    25628 kB
Active(file):     246644 kB
Inactive(file):  1554840 kB
Unevictable:        5532 kB
Mlocked:            5532 kB
SwapTotal:       3145724 kB
SwapFree:        3145724 kB
Dirty:               196 kB
Writeback:             0 kB
AnonPages:       1297420 kB
Mapped:           856800 kB
Shmem:             27568 kB
KReclaimable:     553948 kB
Slab:             221688 kB
SReclaimable:      76208 kB
SUnreclaim:       145480 kB
KernelStack:       46608 kB
PageTables:        62788 kB
NFS_Unstable:          0 kB
Bounce:                0 kB
WritebackTmp:          0 kB
CommitLimit:     9202288 kB
Committed_AS:   65829724 kB
VmallocTotal:   263061440 kB
VmallocUsed:      103792 kB
VmallocChunk:          0 kB
Percpu:             7648 kB
CmaTotal:         294912 kB
CmaFree:              40 kB
MemTotal:       12113132 kB
MemFree:         6333276 kB
MemAvailable:    7819988 kB
Buffers:            5700 kB
Cached:          1827816 kB
SwapCached:            0 kB
Active:          1545632 kB
Inactive:        1580456 kB
Active(anon):    1298992 kB
Inactive(anon):    25628 kB
Active(file):     246640 kB
Inactive(file):  1554828 kB
Unevictable:        5532 kB
Mlocked:            5532 kB
SwapTotal:       3145724 kB
SwapFree:        3145724 kB
Dirty:               280 kB
Writeback:             0 kB
AnonPages:       1297984 kB
Mapped:           856784 kB
Shmem:             27568 kB
KReclaimable:     553948 kB
Slab:             221688 kB
SReclaimable:      76208 kB
SUnreclaim:       145480 kB
KernelStack:       46624 kB
PageTables:        62744 kB
NFS_Unstable:          0 kB
Bounce:                0 kB
WritebackTmp:          0 kB
CommitLimit:     9202288 kB
Committed_AS:   65823612 kB
VmallocTotal:   263061440 kB
VmallocUsed:      103760 kB
VmallocChunk:          0 kB
Percpu:             7648 kB
CmaTotal:         294912 kB
CmaFree:               0 kB
MemTotal:       12113132 kB
MemFree:         6331728 kB
MemAvailable:    7818480 kB
Buffers:            5700 kB
Cached:          1827856 kB
SwapCached:            0 kB
Active:          1545892 kB
Inactive:        1580492 kB
Active(anon):    1299248 kB
Inactive(anon):    25628 kB
Active(file):     246644 kB
Inactive(file):  1554864 kB
Unevictable:        5532 kB
Mlocked:            5532 kB
SwapTotal:       3145724 kB
SwapFree:        3145724 kB
Dirty:               328 kB
Writeback:             0 kB
AnonPages:       1298624 kB
Mapped:           856796 kB
Shmem:             27568 kB
KReclaimable:     553948 kB
Slab:             221688 kB
SReclaimable:      76208 kB
SUnreclaim:       145480 kB
KernelStack:       46672 kB
PageTables:        62840 kB
NFS_Unstable:          0 kB
Bounce:                0 kB
WritebackTmp:          0 kB
CommitLimit:     9202288 kB
Committed_AS:   65817964 kB
VmallocTotal:   263061440 kB
VmallocUsed:      103776 kB
VmallocChunk:          0 kB
Percpu:             7648 kB
CmaTotal:         294912 kB
CmaFree:               0 kB
MemTotal:       12113132 kB
MemFree:         6331540 kB
MemAvailable:    7818308 kB
Buffers:            5700 kB
Cached:          1827872 kB
SwapCached:            0 kB
Active:          1546364 kB
Inactive:        1580508 kB
Active(anon):    1299720 kB
Inactive(anon):    25628 kB
Active(file):     246644 kB
Inactive(file):  1554880 kB
Unevictable:        5532 kB
Mlocked:            5532 kB
SwapTotal:       3145724 kB
SwapFree:        3145724 kB
Dirty:               360 kB
Writeback:             0 kB
AnonPages:       1298924 kB
Mapped:           857024 kB
Shmem:             27568 kB
KReclaimable:     553948 kB
Slab:             221688 kB
SReclaimable:      76208 kB
SUnreclaim:       145480 kB
KernelStack:       46624 kB
PageTables:        62808 kB
NFS_Unstable:          0 kB
Bounce:                0 kB
WritebackTmp:          0 kB
CommitLimit:     9202288 kB
Committed_AS:   65818044 kB
VmallocTotal:   263061440 kB
VmallocUsed:      103744 kB
