MemTotal:       12113132 kB
MemFree:         6398024 kB
MemAvailable:    7979092 kB
Buffers:            6024 kB
Cached:          1885084 kB
SwapCached:            0 kB
Active:          1512012 kB
Inactive:        1640660 kB
Active(anon):    1268008 kB
Inactive(anon):    25132 kB
Active(file):     244004 kB
Inactive(file):  1615528 kB
Unevictable:        5552 kB
Mlocked:            5552 kB
SwapTotal:       3145724 kB
SwapFree:        3145724 kB
Dirty:               572 kB
Writeback:             4 kB
AnonPages:       1267176 kB
Mapped:           852352 kB
Shmem:             27076 kB
KReclaimable:     590240 kB
Slab:             224964 kB
SReclaimable:      79792 kB
SUnreclaim:       145172 kB
KernelStack:       46324 kB
PageTables:        62856 kB
NFS_Unstable:          0 kB
Bounce:                0 kB
WritebackTmp:          0 kB
CommitLimit:     9202288 kB
Committed_AS:   65993792 kB
VmallocTotal:   263061440 kB
VmallocUsed:      103404 kB
VmallocChunk:          0 kB
Percpu:             7648 kB
CmaTotal:         294912 kB
CmaFree:               0 kB
MemTotal:       12113132 kB
MemFree:         6396324 kB
MemAvailable:    7977460 kB
Buffers:            6024 kB
Cached:          1885152 kB
SwapCached:            0 kB
Active:          1512356 kB
Inactive:        1640696 kB
Active(anon):    1268320 kB
Inactive(anon):    25132 kB
Active(file):     244036 kB
Inactive(file):  1615564 kB
Unevictable:        5552 kB
Mlocked:            5552 kB
SwapTotal:       3145724 kB
SwapFree:        3145724 kB
Dirty:               684 kB
Writeback:             0 kB
AnonPages:       1267676 kB
Mapped:           852364 kB
Shmem:             27076 kB
KReclaimable:     590240 kB
Slab:             224988 kB
SReclaimable:      79792 kB
SUnreclaim:       145196 kB
KernelStack:       46320 kB
PageTables:        62948 kB
NFS_Unstable:          0 kB
Bounce:                0 kB
WritebackTmp:          0 kB
CommitLimit:     9202288 kB
Committed_AS:   65994072 kB
VmallocTotal:   263061440 kB
VmallocUsed:      103436 kB
VmallocChunk:          0 kB
Percpu:             7648 kB
CmaTotal:         294912 kB
CmaFree:               4 kB
MemTotal:       12113132 kB
MemFree:         6395752 kB
MemAvailable:    7976920 kB
Buffers:            6024 kB
Cached:          1885184 kB
SwapCached:            0 kB
Active:          1513128 kB
Inactive:        1640724 kB
Active(anon):    1269088 kB
Inactive(anon):    25132 kB
Active(file):     244040 kB
Inactive(file):  1615592 kB
Unevictable:        5552 kB
Mlocked:            5552 kB
SwapTotal:       3145724 kB
SwapFree:        3145724 kB
Dirty:               688 kB
Writeback:             0 kB
AnonPages:       1268092 kB
Mapped:           852376 kB
Shmem:             27076 kB
KReclaimable:     590240 kB
Slab:             224984 kB
SReclaimable:      79792 kB
SUnreclaim:       145192 kB
KernelStack:       46320 kB
PageTables:        62944 kB
NFS_Unstable:          0 kB
Bounce:                0 kB
WritebackTmp:          0 kB
CommitLimit:     9202288 kB
Committed_AS:   65987676 kB
VmallocTotal:   263061440 kB
VmallocUsed:      103420 kB
VmallocChunk:          0 kB
Percpu:             7648 kB
CmaTotal:         294912 kB
CmaFree:               0 kB
MemTotal:       12113132 kB
MemFree:         6396580 kB
MemAvailable:    7977740 kB
Buffers:            6024 kB
Cached:          1885176 kB
SwapCached:            0 kB
Active:          1513544 kB
Inactive:        1640716 kB
Active(anon):    1269504 kB
Inactive(anon):    25132 kB
Active(file):     244040 kB
Inactive(file):  1615584 kB
Unevictable:        5552 kB
Mlocked:            5552 kB
SwapTotal:       3145724 kB
SwapFree:        3145724 kB
Dirty:               700 kB
Writeback:             0 kB
AnonPages:       1268540 kB
Mapped:           852436 kB
Shmem:             27076 kB
KReclaimable:     590240 kB
Slab:             224720 kB
SReclaimable:      79792 kB
SUnreclaim:       144928 kB
KernelStack:       46288 kB
PageTables:        62956 kB
NFS_Unstable:          0 kB
Bounce:                0 kB
WritebackTmp:          0 kB
CommitLimit:     9202288 kB
Committed_AS:   65976468 kB
VmallocTotal:   263061440 kB
VmallocUsed:      103420 kB
VmallocChunk:          0 kB
Percpu:             7648 kB
CmaTotal:         294912 kB
CmaFree:               0 kB
MemTotal:       12113132 kB
MemFree:         6392564 kB
MemAvailable:    7974996 kB
Buffers:            6024 kB
Cached:          1885196 kB
SwapCached:            0 kB
Active:          1515812 kB
Inactive:        1640740 kB
Active(anon):    1271776 kB
Inactive(anon):    25144 kB
Active(file):     244036 kB
Inactive(file):  1615596 kB
Unevictable:        5552 kB
Mlocked:            5552 kB
SwapTotal:       3145724 kB
SwapFree:        3145724 kB
Dirty:               712 kB
Writeback:             0 kB
AnonPages:       1270804 kB
Mapped:           852372 kB
Shmem:             27088 kB
KReclaimable:     591504 kB
Slab:             224720 kB
SReclaimable:      79792 kB
SUnreclaim:       144928 kB
KernelStack:       46288 kB
PageTables:        62944 kB
NFS_Unstable:          0 kB
Bounce:                0 kB
WritebackTmp:          0 kB
CommitLimit:     9202288 kB
Committed_AS:   65979164 kB
VmallocTotal:   263061440 kB
VmallocUsed:      103388 kB
VmallocChunk:          0 kB
Percpu:             7648 kB
CmaTotal:         294912 kB
CmaFree:               0 kB
MemTotal:       12113132 kB
MemFree:         6393012 kB
MemAvailable:    7971792 kB
Buffers:            6024 kB
Cached:          1885344 kB
SwapCached:            0 kB
Active:          1516600 kB
Inactive:        1640860 kB
Active(anon):    1272560 kB
Inactive(anon):    25248 kB
Active(file):     244040 kB
Inactive(file):  1615612 kB
Unevictable:        5552 kB
Mlocked:            5552 kB
SwapTotal:       3145724 kB
SwapFree:        3145724 kB
Dirty:               760 kB
Writeback:             0 kB
AnonPages:       1271788 kB
Mapped:           852780 kB
Shmem:             27216 kB
KReclaimable:     587832 kB
Slab:             224728 kB
SReclaimable:      79792 kB
SUnreclaim:       144936 kB
KernelStack:       46368 kB
PageTables:        62948 kB
NFS_Unstable:          0 kB
Bounce:                0 kB
WritebackTmp:          0 kB
CommitLimit:     9202288 kB
Committed_AS:   65987364 kB
VmallocTotal:   263061440 kB
VmallocUsed:      103452 kB
VmallocChunk:          0 kB
Percpu:             7648 kB
CmaTotal:         294912 kB
CmaFree:               0 kB
MemTotal:       12113132 kB
MemFree:         6392164 kB
MemAvailable:    7970956 kB
Buffers:            6024 kB
Cached:          1885352 kB
SwapCached:            0 kB
Active:          1517768 kB
Inactive:        1640868 kB
Active(anon):    1273728 kB
Inactive(anon):    25248 kB
Active(file):     244040 kB
Inactive(file):  1615620 kB
Unevictable:        5552 kB
Mlocked:            5552 kB
SwapTotal:       3145724 kB
SwapFree:        3145724 kB
Dirty:               528 kB
Writeback:             0 kB
AnonPages:       1272728 kB
Mapped:           852776 kB
Shmem:             27216 kB
KReclaimable:     587836 kB
Slab:             224728 kB
SReclaimable:      79796 kB
SUnreclaim:       144932 kB
KernelStack:       46384 kB
PageTables:        62948 kB
NFS_Unstable:          0 kB
Bounce:                0 kB
WritebackTmp:          0 kB
CommitLimit:     9202288 kB
Committed_AS:   65984816 kB
VmallocTotal:   263061440 kB
VmallocUsed:      103484 kB
VmallocChunk:          0 kB
Percpu:             7648 kB
CmaTotal:         294912 kB
CmaFree:              56 kB
MemTotal:       12113132 kB
MemFree:         6391000 kB
MemAvailable:    7969828 kB
Buffers:            6028 kB
Cached:          1885388 kB
SwapCached:            0 kB
Active:          1518332 kB
Inactive:        1640904 kB
Active(anon):    1274288 kB
Inactive(anon):    25252 kB
Active(file):     244044 kB
Inactive(file):  1615652 kB
Unevictable:        5552 kB
Mlocked:            5552 kB
SwapTotal:       3145724 kB
SwapFree:        3145724 kB
Dirty:               624 kB
Writeback:             0 kB
AnonPages:       1273140 kB
Mapped:           852796 kB
Shmem:             27220 kB
KReclaimable:     587836 kB
Slab:             224728 kB
SReclaimable:      79796 kB
SUnreclaim:       144932 kB
KernelStack:       46400 kB
PageTables:        62964 kB
NFS_Unstable:          0 kB
Bounce:                0 kB
WritebackTmp:          0 kB
CommitLimit:     9202288 kB
Committed_AS:   65970696 kB
VmallocTotal:   263061440 kB
VmallocUsed:      103484 kB
VmallocChunk:          0 kB
Percpu:             7648 kB
CmaTotal:         294912 kB
CmaFree:               0 kB
MemTotal:       12113132 kB
MemFree:         6390096 kB
MemAvailable:    7968940 kB
Buffers:            6028 kB
Cached:          1885404 kB
SwapCached:            0 kB
Active:          1519624 kB
Inactive:        1640920 kB
Active(anon):    1275580 kB
Inactive(anon):    25252 kB
Active(file):     244044 kB
Inactive(file):  1615668 kB
Unevictable:        5552 kB
Mlocked:            5552 kB
SwapTotal:       3145724 kB
SwapFree:        3145724 kB
Dirty:               656 kB
Writeback:             0 kB
AnonPages:       1274896 kB
Mapped:           852856 kB
Shmem:             27220 kB
KReclaimable:     587836 kB
Slab:             224728 kB
SReclaimable:      79796 kB
SUnreclaim:       144932 kB
KernelStack:       46384 kB
PageTables:        62936 kB
NFS_Unstable:          0 kB
Bounce:                0 kB
WritebackTmp:          0 kB
CommitLimit:     9202288 kB
Committed_AS:   65966260 kB
VmallocTotal:   263061440 kB
VmallocUsed:      103484 kB
VmallocChunk:          0 kB
Percpu:             7648 kB
CmaTotal:         294912 kB
CmaFree:               0 kB
MemTotal:       12113132 kB
MemFree:         6370396 kB
MemAvailable:    7949264 kB
Buffers:            6028 kB
Cached:          1885336 kB
SwapCached:            0 kB
Active:          1538268 kB
Inactive:        1641056 kB
Active(anon):    1294220 kB
Inactive(anon):    25368 kB
Active(file):     244048 kB
Inactive(file):  1615688 kB
Unevictable:        5552 kB
Mlocked:            5552 kB
SwapTotal:       3145724 kB
SwapFree:        3145724 kB
Dirty:               736 kB
Writeback:             0 kB
AnonPages:       1293416 kB
Mapped:           852972 kB
Shmem:             27128 kB
KReclaimable:     587836 kB
Slab:             224728 kB
SReclaimable:      79796 kB
SUnreclaim:       144932 kB
KernelStack:       46368 kB
PageTables:        63068 kB
NFS_Unstable:          0 kB
Bounce:                0 kB
WritebackTmp:          0 kB
CommitLimit:     9202288 kB
Committed_AS:   65989208 kB
VmallocTotal:   263061440 kB
VmallocUsed:      103532 kB
VmallocChunk:          0 kB
Percpu:             7648 kB
CmaTotal:         294912 kB
CmaFree:              64 kB
MemTotal:       12113132 kB
MemFree:         6368880 kB
MemAvailable:    7947764 kB
Buffers:            6028 kB
Cached:          1885444 kB
SwapCached:            0 kB
Active:          1540580 kB
Inactive:        1640960 kB
Active(anon):    1296536 kB
Inactive(anon):    25252 kB
Active(file):     244044 kB
Inactive(file):  1615708 kB
Unevictable:        5552 kB
Mlocked:            5552 kB
SwapTotal:       3145724 kB
SwapFree:        3145724 kB
Dirty:               528 kB
Writeback:             0 kB
AnonPages:       1295372 kB
Mapped:           852316 kB
Shmem:             27220 kB
KReclaimable:     587836 kB
Slab:             224728 kB
SReclaimable:      79796 kB
SUnreclaim:       144932 kB
KernelStack:       46480 kB
PageTables:        63072 kB
NFS_Unstable:          0 kB
Bounce:                0 kB
WritebackTmp:          0 kB
CommitLimit:     9202288 kB
Committed_AS:   65985888 kB
VmallocTotal:   263061440 kB
VmallocUsed:      103612 kB
VmallocChunk:          0 kB
Percpu:             7648 kB
CmaTotal:         294912 kB
CmaFree:               0 kB
MemTotal:       12113132 kB
MemFree:         6368512 kB
MemAvailable:    7949544 kB
Buffers:            6028 kB
Cached:          1885412 kB
SwapCached:            0 kB
Active:          1541316 kB
Inactive:        1640952 kB
Active(anon):    1297272 kB
Inactive(anon):    25156 kB
Active(file):     244044 kB
Inactive(file):  1615796 kB
Unevictable:        5552 kB
Mlocked:            5552 kB
SwapTotal:       3145724 kB
SwapFree:        3145724 kB
Dirty:               220 kB
Writeback:             0 kB
AnonPages:       1296628 kB
Mapped:           852340 kB
Shmem:             27100 kB
KReclaimable:     589896 kB
Slab:             224744 kB
SReclaimable:      79796 kB
SUnreclaim:       144948 kB
KernelStack:       46464 kB
PageTables:        62968 kB
NFS_Unstable:          0 kB
Bounce:                0 kB
WritebackTmp:          0 kB
CommitLimit:     9202288 kB
Committed_AS:   65972700 kB
VmallocTotal:   263061440 kB
VmallocUsed:      103612 kB
VmallocChunk:          0 kB
Percpu:             7648 kB
CmaTotal:         294912 kB
CmaFree:               0 kB
MemTotal:       12113132 kB
MemFree:         6356360 kB
MemAvailable:    7937408 kB
Buffers:            6028 kB
Cached:          1885488 kB
SwapCached:            0 kB
Active:          1551464 kB
Inactive:        1641136 kB
Active(anon):    1307420 kB
Inactive(anon):    25324 kB
Active(file):     244044 kB
Inactive(file):  1615812 kB
Unevictable:        5552 kB
Mlocked:            5552 kB
SwapTotal:       3145724 kB
SwapFree:        3145724 kB
Dirty:               284 kB
Writeback:             0 kB
AnonPages:       1306380 kB
Mapped:           852408 kB
Shmem:             27160 kB
KReclaimable:     589896 kB
Slab:             224736 kB
SReclaimable:      79796 kB
SUnreclaim:       144940 kB
KernelStack:       46560 kB
PageTables:        62936 kB
NFS_Unstable:          0 kB
Bounce:                0 kB
WritebackTmp:          0 kB
CommitLimit:     9202288 kB
Committed_AS:   65985260 kB
VmallocTotal:   263061440 kB
VmallocUsed:      103676 kB
VmallocChunk:          0 kB
Percpu:             7648 kB
CmaTotal:         294912 kB
CmaFree:             104 kB
MemTotal:       12113132 kB
MemFree:         6368260 kB
MemAvailable:    7949320 kB
Buffers:            6028 kB
Cached:          1885440 kB
SwapCached:            0 kB
Active:          1540564 kB
Inactive:        1640980 kB
Active(anon):    1296520 kB
Inactive(anon):    25156 kB
Active(file):     244044 kB
Inactive(file):  1615824 kB
Unevictable:        5552 kB
Mlocked:            5552 kB
SwapTotal:       3145724 kB
SwapFree:        3145724 kB
Dirty:               324 kB
Writeback:             0 kB
AnonPages:       1295816 kB
Mapped:           852220 kB
Shmem:             27100 kB
KReclaimable:     589896 kB
Slab:             224740 kB
SReclaimable:      79796 kB
SUnreclaim:       144944 kB
KernelStack:       46592 kB
PageTables:        63088 kB
NFS_Unstable:          0 kB
Bounce:                0 kB
WritebackTmp:          0 kB
CommitLimit:     9202288 kB
Committed_AS:   65983600 kB
VmallocTotal:   263061440 kB
VmallocUsed:      103740 kB
VmallocChunk:          0 kB
Percpu:             7648 kB
CmaTotal:         294912 kB
CmaFree:               0 kB
MemTotal:       12113132 kB
MemFree:         6367696 kB
MemAvailable:    7948768 kB
Buffers:            6028 kB
Cached:          1885452 kB
SwapCached:            0 kB
Active:          1541424 kB
Inactive:        1640992 kB
Active(anon):    1297380 kB
Inactive(anon):    25156 kB
Active(file):     244044 kB
Inactive(file):  1615836 kB
Unevictable:        5552 kB
Mlocked:            5552 kB
SwapTotal:       3145724 kB
SwapFree:        3145724 kB
Dirty:               340 kB
Writeback:             0 kB
AnonPages:       1296392 kB
Mapped:           852312 kB
Shmem:             27100 kB
KReclaimable:     589896 kB
Slab:             224748 kB
SReclaimable:      79796 kB
SUnreclaim:       144952 kB
KernelStack:       46608 kB
PageTables:        62700 kB
NFS_Unstable:          0 kB
Bounce:                0 kB
WritebackTmp:          0 kB
CommitLimit:     9202288 kB
Committed_AS:   65979280 kB
VmallocTotal:   263061440 kB
VmallocUsed:      103724 kB
VmallocChunk:          0 kB
Percpu:             7648 kB
CmaTotal:         294912 kB
CmaFree:               0 kB
MemTotal:       12113132 kB
MemFree:         6376448 kB
MemAvailable:    7957536 kB
Buffers:            6028 kB
Cached:          1885468 kB
SwapCached:            0 kB
Active:          1531700 kB
Inactive:        1641008 kB
Active(anon):    1287656 kB
Inactive(anon):    25156 kB
Active(file):     244044 kB
Inactive(file):  1615852 kB
Unevictable:        5552 kB
Mlocked:            5552 kB
SwapTotal:       3145724 kB
SwapFree:        3145724 kB
Dirty:               360 kB
Writeback:             0 kB
AnonPages:       1286932 kB
Mapped:           852224 kB
Shmem:             27100 kB
KReclaimable:     589896 kB
Slab:             224740 kB
SReclaimable:      79796 kB
SUnreclaim:       144944 kB
KernelStack:       46608 kB
PageTables:        63372 kB
NFS_Unstable:          0 kB
Bounce:                0 kB
WritebackTmp:          0 kB
CommitLimit:     9202288 kB
Committed_AS:   65989232 kB
VmallocTotal:   263061440 kB
VmallocUsed:      103756 kB
VmallocChunk:          0 kB
Percpu:             7648 kB
CmaTotal:         294912 kB
CmaFree:               0 kB
MemTotal:       12113132 kB
MemFree:         6374856 kB
MemAvailable:    7955984 kB
Buffers:            6032 kB
Cached:          1885504 kB
SwapCached:            0 kB
Active:          1532128 kB
Inactive:        1641044 kB
Active(anon):    1288080 kB
Inactive(anon):    25156 kB
Active(file):     244048 kB
Inactive(file):  1615888 kB
Unevictable:        5552 kB
Mlocked:            5552 kB
SwapTotal:       3145724 kB
SwapFree:        3145724 kB
Dirty:               400 kB
Writeback:             0 kB
AnonPages:       1287440 kB
Mapped:           852224 kB
Shmem:             27100 kB
KReclaimable:     589896 kB
Slab:             224740 kB
SReclaimable:      79796 kB
SUnreclaim:       144944 kB
KernelStack:       46672 kB
PageTables:        63076 kB
NFS_Unstable:          0 kB
Bounce:                0 kB
WritebackTmp:          0 kB
CommitLimit:     9202288 kB
Committed_AS:   65993280 kB
VmallocTotal:   263061440 kB
VmallocUsed:      103756 kB
VmallocChunk:          0 kB
Percpu:             7648 kB
CmaTotal:         294912 kB
CmaFree:               0 kB
MemTotal:       12113132 kB
MemFree:         6375748 kB
MemAvailable:    7956880 kB
Buffers:            6032 kB
Cached:          1885508 kB
SwapCached:            0 kB
Active:          1532508 kB
Inactive:        1641048 kB
Active(anon):    1288460 kB
Inactive(anon):    25156 kB
Active(file):     244048 kB
Inactive(file):  1615892 kB
Unevictable:        5552 kB
Mlocked:            5552 kB
SwapTotal:       3145724 kB
SwapFree:        3145724 kB
Dirty:               412 kB
Writeback:             0 kB
AnonPages:       1287876 kB
Mapped:           852248 kB
Shmem:             27100 kB
KReclaimable:     589896 kB
Slab:             224740 kB
SReclaimable:      79796 kB
SUnreclaim:       144944 kB
KernelStack:       46640 kB
PageTables:        63380 kB
NFS_Unstable:          0 kB
Bounce:                0 kB
WritebackTmp:          0 kB
CommitLimit:     9202288 kB
Committed_AS:   65988336 kB
VmallocTotal:   263061440 kB
VmallocUsed:      103788 kB
VmallocChunk:          0 kB
Percpu:             7648 kB
CmaTotal:         294912 kB
CmaFree:               0 kB
MemTotal:       12113132 kB
MemFree:         6383316 kB
MemAvailable:    7964464 kB
Buffers:            6032 kB
Cached:          1885524 kB
SwapCached:            0 kB
Active:          1524376 kB
Inactive:        1641064 kB
Active(anon):    1280328 kB
Inactive(anon):    25156 kB
Active(file):     244048 kB
Inactive(file):  1615908 kB
Unevictable:        5552 kB
Mlocked:            5552 kB
SwapTotal:       3145724 kB
SwapFree:        3145724 kB
Dirty:               432 kB
Writeback:             0 kB
AnonPages:       1279496 kB
Mapped:           852264 kB
Shmem:             27100 kB
KReclaimable:     589896 kB
Slab:             224748 kB
SReclaimable:      79796 kB
SUnreclaim:       144952 kB
KernelStack:       46640 kB
PageTables:        62860 kB
NFS_Unstable:          0 kB
Bounce:                0 kB
WritebackTmp:          0 kB
CommitLimit:     9202288 kB
Committed_AS:   65980128 kB
VmallocTotal:   263061440 kB
VmallocUsed:      103756 kB
VmallocChunk:          0 kB
Percpu:             7648 kB
CmaTotal:         294912 kB
CmaFree:             148 kB
MemTotal:       12113132 kB
MemFree:         6396228 kB
MemAvailable:    7977384 kB
Buffers:            6032 kB
Cached:          1885532 kB
SwapCached:            0 kB
Active:          1510452 kB
Inactive:        1641072 kB
Active(anon):    1266404 kB
Inactive(anon):    25156 kB
Active(file):     244048 kB
Inactive(file):  1615916 kB
Unevictable:        5552 kB
Mlocked:            5552 kB
SwapTotal:       3145724 kB
SwapFree:        3145724 kB
Dirty:               440 kB
Writeback:             0 kB
AnonPages:       1265328 kB
Mapped:           852328 kB
Shmem:             27100 kB
KReclaimable:     589896 kB
Slab:             224740 kB
SReclaimable:      79796 kB
SUnreclaim:       144944 kB
KernelStack:       46656 kB
PageTables:        63068 kB
NFS_Unstable:          0 kB
Bounce:                0 kB
WritebackTmp:          0 kB
CommitLimit:     9202288 kB
Committed_AS:   65976152 kB
VmallocTotal:   263061440 kB
VmallocUsed:      103756 kB
VmallocChunk:          0 kB
Percpu:             7648 kB
CmaTotal:         294912 kB
CmaFree:             184 kB
MemTotal:       12113132 kB
MemFree:         6398308 kB
MemAvailable:    7979476 kB
Buffers:            6032 kB
Cached:          1885544 kB
SwapCached:            0 kB
Active:          1511412 kB
Inactive:        1641084 kB
Active(anon):    1267364 kB
Inactive(anon):    25156 kB
Active(file):     244048 kB
Inactive(file):  1615928 kB
Unevictable:        5552 kB
Mlocked:            5552 kB
SwapTotal:       3145724 kB
SwapFree:        3145724 kB
Dirty:               488 kB
Writeback:             0 kB
AnonPages:       1266744 kB
Mapped:           852220 kB
Shmem:             27100 kB
KReclaimable:     589896 kB
Slab:             224748 kB
SReclaimable:      79796 kB
SUnreclaim:       144952 kB
KernelStack:       46608 kB
PageTables:        63064 kB
NFS_Unstable:          0 kB
Bounce:                0 kB
WritebackTmp:          0 kB
CommitLimit:     9202288 kB
Committed_AS:   65981404 kB
VmallocTotal:   263061440 kB
VmallocUsed:      103740 kB
VmallocChunk:          0 kB
Percpu:             7648 kB
CmaTotal:         294912 kB
CmaFree:             120 kB
MemTotal:       12113132 kB
MemFree:         6387584 kB
MemAvailable:    7968788 kB
Buffers:            6040 kB
Cached:          1885760 kB
SwapCached:            0 kB
Active:          1521644 kB
Inactive:        1641304 kB
Active(anon):    1277588 kB
Inactive(anon):    25348 kB
Active(file):     244056 kB
Inactive(file):  1615956 kB
Unevictable:        5552 kB
Mlocked:            5552 kB
SwapTotal:       3145724 kB
SwapFree:        3145724 kB
Dirty:               196 kB
Writeback:             0 kB
AnonPages:       1276832 kB
Mapped:           852428 kB
Shmem:             27288 kB
KReclaimable:     589896 kB
Slab:             224716 kB
SReclaimable:      79796 kB
SUnreclaim:       144920 kB
KernelStack:       46624 kB
PageTables:        63136 kB
NFS_Unstable:          0 kB
Bounce:                0 kB
WritebackTmp:          0 kB
CommitLimit:     9202288 kB
Committed_AS:   65981376 kB
VmallocTotal:   263061440 kB
VmallocUsed:      103772 kB
VmallocChunk:          0 kB
Percpu:             7648 kB
CmaTotal:         294912 kB
CmaFree:               0 kB
MemTotal:       12113132 kB
MemFree:         6411964 kB
MemAvailable:    7993180 kB
Buffers:            6040 kB
Cached:          1885596 kB
SwapCached:            0 kB
Active:          1494468 kB
Inactive:        1641136 kB
Active(anon):    1250412 kB
Inactive(anon):    25168 kB
Active(file):     244056 kB
Inactive(file):  1615968 kB
Unevictable:        5552 kB
Mlocked:            5552 kB
SwapTotal:       3145724 kB
SwapFree:        3145724 kB
Dirty:               300 kB
Writeback:             0 kB
AnonPages:       1249524 kB
Mapped:           852240 kB
Shmem:             27112 kB
KReclaimable:     589896 kB
Slab:             224708 kB
SReclaimable:      79796 kB
SUnreclaim:       144912 kB
KernelStack:       46624 kB
PageTables:        62900 kB
NFS_Unstable:          0 kB
Bounce:                0 kB
WritebackTmp:          0 kB
CommitLimit:     9202288 kB
Committed_AS:   65972480 kB
VmallocTotal:   263061440 kB
VmallocUsed:      103724 kB
VmallocChunk:          0 kB
Percpu:             7648 kB
CmaTotal:         294912 kB
CmaFree:               0 kB
MemTotal:       12113132 kB
MemFree:         6412964 kB
MemAvailable:    7994192 kB
Buffers:            6040 kB
Cached:          1885608 kB
SwapCached:            0 kB
Active:          1495432 kB
Inactive:        1641148 kB
Active(anon):    1251376 kB
Inactive(anon):    25168 kB
Active(file):     244056 kB
Inactive(file):  1615980 kB
Unevictable:        5552 kB
Mlocked:            5552 kB
SwapTotal:       3145724 kB
SwapFree:        3145724 kB
Dirty:               316 kB
Writeback:             0 kB
AnonPages:       1250608 kB
Mapped:           852256 kB
Shmem:             27112 kB
KReclaimable:     589896 kB
Slab:             224708 kB
SReclaimable:      79796 kB
SUnreclaim:       144912 kB
KernelStack:       46656 kB
PageTables:        62976 kB
NFS_Unstable:          0 kB
Bounce:                0 kB
WritebackTmp:          0 kB
CommitLimit:     9202288 kB
Committed_AS:   65974628 kB
VmallocTotal:   263061440 kB
VmallocUsed:      103788 kB
VmallocChunk:          0 kB
Percpu:             7648 kB
CmaTotal:         294912 kB
CmaFree:               0 kB
MemTotal:       12113132 kB
MemFree:         6395296 kB
MemAvailable:    7976540 kB
Buffers:            6040 kB
Cached:          1885440 kB
SwapCached:            0 kB
Active:          1514168 kB
Inactive:        1641292 kB
Active(anon):    1270108 kB
Inactive(anon):    25300 kB
Active(file):     244060 kB
Inactive(file):  1615992 kB
Unevictable:        5552 kB
Mlocked:            5552 kB
SwapTotal:       3145724 kB
SwapFree:        3145724 kB
Dirty:               332 kB
Writeback:             0 kB
AnonPages:       1269232 kB
Mapped:           852264 kB
Shmem:             26928 kB
KReclaimable:     589896 kB
Slab:             224716 kB
SReclaimable:      79796 kB
SUnreclaim:       144920 kB
KernelStack:       46672 kB
PageTables:        62936 kB
NFS_Unstable:          0 kB
Bounce:                0 kB
WritebackTmp:          0 kB
CommitLimit:     9202288 kB
Committed_AS:   65980440 kB
VmallocTotal:   263061440 kB
VmallocUsed:      103756 kB
VmallocChunk:          0 kB
Percpu:             7648 kB
CmaTotal:         294912 kB
CmaFree:               0 kB
MemTotal:       12113132 kB
MemFree:         6394212 kB
MemAvailable:    7975464 kB
Buffers:            6040 kB
Cached:          1885632 kB
SwapCached:            0 kB
Active:          1514548 kB
Inactive:        1641172 kB
Active(anon):    1270492 kB
Inactive(anon):    25168 kB
Active(file):     244056 kB
Inactive(file):  1616004 kB
Unevictable:        5552 kB
Mlocked:            5552 kB
SwapTotal:       3145724 kB
SwapFree:        3145724 kB
Dirty:               376 kB
Writeback:             0 kB
AnonPages:       1269704 kB
Mapped:           852236 kB
Shmem:             27112 kB
KReclaimable:     589896 kB
Slab:             224716 kB
SReclaimable:      79796 kB
SUnreclaim:       144920 kB
KernelStack:       46592 kB
PageTables:        63284 kB
NFS_Unstable:          0 kB
Bounce:                0 kB
WritebackTmp:          0 kB
CommitLimit:     9202288 kB
Committed_AS:   65973720 kB
VmallocTotal:   263061440 kB
VmallocUsed:      103788 kB
VmallocChunk:          0 kB
Percpu:             7648 kB
CmaTotal:         294912 kB
CmaFree:               0 kB
MemTotal:       12113132 kB
MemFree:         6392832 kB
MemAvailable:    7974088 kB
Buffers:            6040 kB
Cached:          1885636 kB
SwapCached:            0 kB
Active:          1515404 kB
Inactive:        1641164 kB
Active(anon):    1271336 kB
Inactive(anon):    25168 kB
Active(file):     244068 kB
Inactive(file):  1615996 kB
Unevictable:        5552 kB
Mlocked:            5552 kB
SwapTotal:       3145724 kB
SwapFree:        3145724 kB
Dirty:               196 kB
Writeback:             0 kB
AnonPages:       1270492 kB
Mapped:           852380 kB
Shmem:             27112 kB
KReclaimable:     589896 kB
Slab:             224716 kB
SReclaimable:      79796 kB
SUnreclaim:       144920 kB
KernelStack:       46624 kB
PageTables:        62964 kB
NFS_Unstable:          0 kB
Bounce:                0 kB
WritebackTmp:          0 kB
CommitLimit:     9202288 kB
Committed_AS:   65977180 kB
VmallocTotal:   263061440 kB
VmallocUsed:      103772 kB
VmallocChunk:          0 kB
Percpu:             7648 kB
CmaTotal:         294912 kB
CmaFree:               0 kB
MemTotal:       12113132 kB
MemFree:         6393036 kB
MemAvailable:    7974312 kB
Buffers:            6040 kB
Cached:          1885464 kB
SwapCached:            0 kB
Active:          1515912 kB
Inactive:        1640996 kB
Active(anon):    1271844 kB
Inactive(anon):    24980 kB
Active(file):     244068 kB
Inactive(file):  1616016 kB
Unevictable:        5552 kB
Mlocked:            5552 kB
SwapTotal:       3145724 kB
SwapFree:        3145724 kB
Dirty:               276 kB
Writeback:             0 kB
AnonPages:       1270884 kB
Mapped:           852056 kB
Shmem:             26920 kB
KReclaimable:     589896 kB
Slab:             224724 kB
SReclaimable:      79796 kB
SUnreclaim:       144928 kB
KernelStack:       46672 kB
PageTables:        63068 kB
NFS_Unstable:          0 kB
Bounce:                0 kB
WritebackTmp:          0 kB
CommitLimit:     9202288 kB
Committed_AS:   65981580 kB
VmallocTotal:   263061440 kB
VmallocUsed:      103772 kB
VmallocChunk:          0 kB
Percpu:             7648 kB
CmaTotal:         294912 kB
CmaFree:              16 kB
MemTotal:       12113132 kB
MemFree:         6392720 kB
MemAvailable:    7974008 kB
Buffers:            6040 kB
Cached:          1885668 kB
SwapCached:            0 kB
Active:          1515308 kB
Inactive:        1641196 kB
Active(anon):    1271240 kB
Inactive(anon):    25168 kB
Active(file):     244068 kB
Inactive(file):  1616028 kB
Unevictable:        5552 kB
Mlocked:            5552 kB
SwapTotal:       3145724 kB
SwapFree:        3145724 kB
Dirty:               288 kB
Writeback:             0 kB
AnonPages:       1270668 kB
Mapped:           852244 kB
Shmem:             27112 kB
KReclaimable:     589896 kB
Slab:             224716 kB
SReclaimable:      79796 kB
SUnreclaim:       144920 kB
KernelStack:       46640 kB
PageTables:        62900 kB
NFS_Unstable:          0 kB
Bounce:                0 kB
WritebackTmp:          0 kB
CommitLimit:     9202288 kB
Committed_AS:   65981156 kB
VmallocTotal:   263061440 kB
VmallocUsed:      103740 kB
VmallocChunk:          0 kB
Percpu:             7648 kB
CmaTotal:         294912 kB
CmaFree:               0 kB
MemTotal:       12113132 kB
MemFree:         6392524 kB
MemAvailable:    7973820 kB
Buffers:            6040 kB
Cached:          1885676 kB
SwapCached:            0 kB
Active:          1515672 kB
Inactive:        1641204 kB
Active(anon):    1271604 kB
Inactive(anon):    25168 kB
Active(file):     244068 kB
Inactive(file):  1616036 kB
Unevictable:        5552 kB
Mlocked:            5552 kB
SwapTotal:       3145724 kB
SwapFree:        3145724 kB
Dirty:               372 kB
Writeback:             0 kB
AnonPages:       1270640 kB
Mapped:           852304 kB
Shmem:             27112 kB
KReclaimable:     589896 kB
Slab:             224708 kB
SReclaimable:      79796 kB
SUnreclaim:       144912 kB
KernelStack:       46624 kB
PageTables:        62924 kB
NFS_Unstable:          0 kB
Bounce:                0 kB
WritebackTmp:          0 kB
CommitLimit:     9202288 kB
Committed_AS:   65984016 kB
VmallocTotal:   263061440 kB
VmallocUsed:      103772 kB
VmallocChunk:          0 kB
Percpu:             7648 kB
CmaTotal:         294912 kB
CmaFree:               0 kB
MemTotal:       12113132 kB
MemFree:         6382244 kB
MemAvailable:    7963560 kB
Buffers:            6040 kB
Cached:          1885696 kB
SwapCached:            0 kB
Active:          1525388 kB
Inactive:        1641224 kB
Active(anon):    1281320 kB
Inactive(anon):    25168 kB
Active(file):     244068 kB
Inactive(file):  1616056 kB
Unevictable:        5552 kB
Mlocked:            5552 kB
SwapTotal:       3145724 kB
SwapFree:        3145724 kB
Dirty:               396 kB
Writeback:             0 kB
AnonPages:       1280380 kB
Mapped:           852244 kB
Shmem:             27112 kB
KReclaimable:     589896 kB
Slab:             224724 kB
SReclaimable:      79796 kB
SUnreclaim:       144928 kB
KernelStack:       46796 kB
PageTables:        63116 kB
NFS_Unstable:          0 kB
Bounce:                0 kB
WritebackTmp:          0 kB
CommitLimit:     9202288 kB
Committed_AS:   65979444 kB
VmallocTotal:   263061440 kB
VmallocUsed:      103948 kB
VmallocChunk:          0 kB
Percpu:             7648 kB
CmaTotal:         294912 kB
CmaFree:              80 kB
MemTotal:       12113132 kB
MemFree:         6383380 kB
MemAvailable:    7964712 kB
Buffers:            6040 kB
Cached:          1885712 kB
SwapCached:            0 kB
Active:          1525464 kB
Inactive:        1641240 kB
Active(anon):    1281396 kB
Inactive(anon):    25168 kB
Active(file):     244068 kB
Inactive(file):  1616072 kB
Unevictable:        5552 kB
Mlocked:            5552 kB
SwapTotal:       3145724 kB
SwapFree:        3145724 kB
Dirty:               468 kB
Writeback:             0 kB
AnonPages:       1280520 kB
Mapped:           852296 kB
Shmem:             27112 kB
KReclaimable:     589896 kB
Slab:             224728 kB
SReclaimable:      79796 kB
SUnreclaim:       144932 kB
KernelStack:       46864 kB
PageTables:        63064 kB
NFS_Unstable:          0 kB
Bounce:                0 kB
WritebackTmp:          0 kB
CommitLimit:     9202288 kB
Committed_AS:   65976064 kB
VmallocTotal:   263061440 kB
VmallocUsed:      103980 kB
VmallocChunk:          0 kB
Percpu:             7648 kB
CmaTotal:         294912 kB
CmaFree:               0 kB
MemTotal:       12113132 kB
MemFree:         6382092 kB
MemAvailable:    7963412 kB
Buffers:            6040 kB
Cached:          1885700 kB
SwapCached:            0 kB
Active:          1526536 kB
Inactive:        1641232 kB
Active(anon):    1282472 kB
Inactive(anon):    25168 kB
Active(file):     244064 kB
Inactive(file):  1616064 kB
Unevictable:        5552 kB
Mlocked:            5552 kB
SwapTotal:       3145724 kB
SwapFree:        3145724 kB
Dirty:               480 kB
Writeback:             0 kB
AnonPages:       1281304 kB
Mapped:           852528 kB
Shmem:             27112 kB
KReclaimable:     589896 kB
Slab:             224728 kB
SReclaimable:      79796 kB
SUnreclaim:       144932 kB
KernelStack:       46832 kB
PageTables:        62952 kB
NFS_Unstable:          0 kB
Bounce:                0 kB
WritebackTmp:          0 kB
CommitLimit:     9202288 kB
Committed_AS:   65984792 kB
VmallocTotal:   263061440 kB
VmallocUsed:      103932 kB
VmallocChunk:          0 kB
Percpu:             7648 kB
CmaTotal:         294912 kB
CmaFree:               8 kB
MemTotal:       12113132 kB
MemFree:         6380072 kB
MemAvailable:    7961432 kB
Buffers:            6040 kB
Cached:          1885544 kB
SwapCached:            0 kB
Active:          1527396 kB
Inactive:        1641076 kB
Active(anon):    1283328 kB
Inactive(anon):    24976 kB
Active(file):     244068 kB
Inactive(file):  1616100 kB
Unevictable:        5552 kB
Mlocked:            5552 kB
SwapTotal:       3145724 kB
SwapFree:        3145724 kB
Dirty:               504 kB
Writeback:             0 kB
AnonPages:       1282404 kB
Mapped:           852220 kB
Shmem:             26916 kB
KReclaimable:     589896 kB
Slab:             224728 kB
SReclaimable:      79796 kB
SUnreclaim:       144932 kB
KernelStack:       46864 kB
PageTables:        63028 kB
NFS_Unstable:          0 kB
Bounce:                0 kB
WritebackTmp:          0 kB
CommitLimit:     9202288 kB
Committed_AS:   65975636 kB
VmallocTotal:   263061440 kB
VmallocUsed:      103980 kB
VmallocChunk:          0 kB
Percpu:             7648 kB
CmaTotal:         294912 kB
CmaFree:               0 kB
MemTotal:       12113132 kB
MemFree:         6382120 kB
MemAvailable:    7963492 kB
Buffers:            6040 kB
Cached:          1885756 kB
SwapCached:            0 kB
Active:          1526516 kB
Inactive:        1641284 kB
Active(anon):    1282448 kB
Inactive(anon):    25172 kB
Active(file):     244068 kB
Inactive(file):  1616112 kB
Unevictable:        5552 kB
Mlocked:            5552 kB
SwapTotal:       3145724 kB
SwapFree:        3145724 kB
Dirty:               524 kB
Writeback:             0 kB
AnonPages:       1281488 kB
Mapped:           852288 kB
Shmem:             27116 kB
KReclaimable:     589896 kB
Slab:             224728 kB
SReclaimable:      79796 kB
SUnreclaim:       144932 kB
KernelStack:       46832 kB
PageTables:        63012 kB
NFS_Unstable:          0 kB
Bounce:                0 kB
WritebackTmp:          0 kB
CommitLimit:     9202288 kB
Committed_AS:   65972324 kB
VmallocTotal:   263061440 kB
VmallocUsed:      103932 kB
VmallocChunk:          0 kB
Percpu:             7648 kB
CmaTotal:         294912 kB
CmaFree:               0 kB
MemTotal:       12113132 kB
MemFree:         6378456 kB
MemAvailable:    7959856 kB
Buffers:            6040 kB
Cached:          1885784 kB
SwapCached:            0 kB
Active:          1527996 kB
Inactive:        1641304 kB
Active(anon):    1283920 kB
Inactive(anon):    25172 kB
Active(file):     244076 kB
Inactive(file):  1616132 kB
Unevictable:        5552 kB
Mlocked:            5552 kB
SwapTotal:       3145724 kB
SwapFree:        3145724 kB
Dirty:               552 kB
Writeback:             0 kB
AnonPages:       1283028 kB
Mapped:           852312 kB
Shmem:             27116 kB
KReclaimable:     589896 kB
Slab:             224736 kB
SReclaimable:      79796 kB
SUnreclaim:       144940 kB
KernelStack:       46848 kB
PageTables:        63008 kB
NFS_Unstable:          0 kB
Bounce:                0 kB
WritebackTmp:          0 kB
CommitLimit:     9202288 kB
Committed_AS:   65985704 kB
VmallocTotal:   263061440 kB
VmallocUsed:      103980 kB
VmallocChunk:          0 kB
Percpu:             7648 kB
CmaTotal:         294912 kB
CmaFree:              36 kB
MemTotal:       12113132 kB
MemFree:         6366496 kB
MemAvailable:    7945876 kB
Buffers:            6044 kB
Cached:          1895008 kB
SwapCached:            0 kB
Active:          1531192 kB
Inactive:        1650508 kB
Active(anon):    1287116 kB
Inactive(anon):    34348 kB
Active(file):     244076 kB
Inactive(file):  1616160 kB
Unevictable:        5552 kB
Mlocked:            5552 kB
SwapTotal:       3145724 kB
SwapFree:        3145724 kB
Dirty:               248 kB
Writeback:             0 kB
AnonPages:       1286024 kB
Mapped:           861920 kB
Shmem:             36316 kB
KReclaimable:     587848 kB
Slab:             224768 kB
SReclaimable:      79796 kB
SUnreclaim:       144972 kB
KernelStack:       46800 kB
PageTables:        63436 kB
NFS_Unstable:          0 kB
Bounce:                0 kB
WritebackTmp:          0 kB
CommitLimit:     9202288 kB
Committed_AS:   65993708 kB
VmallocTotal:   263061440 kB
VmallocUsed:      104012 kB
VmallocChunk:          0 kB
Percpu:             7648 kB
CmaTotal:         294912 kB
CmaFree:               0 kB
MemTotal:       12113132 kB
MemFree:         6365832 kB
MemAvailable:    7945228 kB
Buffers:            6044 kB
Cached:          1885948 kB
SwapCached:            0 kB
Active:          1541344 kB
Inactive:        1641444 kB
Active(anon):    1297264 kB
Inactive(anon):    25272 kB
Active(file):     244080 kB
Inactive(file):  1616172 kB
Unevictable:        5552 kB
Mlocked:            5552 kB
SwapTotal:       3145724 kB
SwapFree:        3145724 kB
Dirty:               344 kB
Writeback:             0 kB
AnonPages:       1296504 kB
Mapped:           852544 kB
Shmem:             27240 kB
KReclaimable:     587848 kB
Slab:             224768 kB
SReclaimable:      79796 kB
SUnreclaim:       144972 kB
KernelStack:       46880 kB
PageTables:        62976 kB
NFS_Unstable:          0 kB
Bounce:                0 kB
WritebackTmp:          0 kB
CommitLimit:     9202288 kB
Committed_AS:   65979892 kB
VmallocTotal:   263061440 kB
VmallocUsed:      104012 kB
VmallocChunk:          0 kB
Percpu:             7648 kB
CmaTotal:         294912 kB
CmaFree:               0 kB
MemTotal:       12113132 kB
MemFree:         6363700 kB
MemAvailable:    7943108 kB
Buffers:            6044 kB
Cached:          1885960 kB
SwapCached:            0 kB
Active:          1542440 kB
Inactive:        1641456 kB
Active(anon):    1298360 kB
Inactive(anon):    25272 kB
Active(file):     244080 kB
Inactive(file):  1616184 kB
Unevictable:        5552 kB
Mlocked:            5552 kB
SwapTotal:       3145724 kB
SwapFree:        3145724 kB
Dirty:               376 kB
Writeback:             0 kB
AnonPages:       1297240 kB
Mapped:           852716 kB
Shmem:             27240 kB
KReclaimable:     587848 kB
Slab:             224752 kB
SReclaimable:      79796 kB
SUnreclaim:       144956 kB
KernelStack:       46864 kB
PageTables:        63124 kB
NFS_Unstable:          0 kB
Bounce:                0 kB
WritebackTmp:          0 kB
CommitLimit:     9202288 kB
Committed_AS:   65983224 kB
VmallocTotal:   263061440 kB
VmallocUsed:      104012 kB
VmallocChunk:          0 kB
Percpu:             7648 kB
CmaTotal:         294912 kB
CmaFree:               0 kB
MemTotal:       12113132 kB
MemFree:         6363292 kB
MemAvailable:    7942712 kB
Buffers:            6044 kB
Cached:          1885976 kB
SwapCached:            0 kB
Active:          1544360 kB
Inactive:        1641476 kB
Active(anon):    1300284 kB
Inactive(anon):    25276 kB
Active(file):     244076 kB
Inactive(file):  1616200 kB
Unevictable:        5552 kB
Mlocked:            5552 kB
SwapTotal:       3145724 kB
SwapFree:        3145724 kB
Dirty:               436 kB
Writeback:             0 kB
AnonPages:       1299380 kB
Mapped:           852756 kB
Shmem:             27244 kB
KReclaimable:     587848 kB
Slab:             224752 kB
SReclaimable:      79796 kB
SUnreclaim:       144956 kB
KernelStack:       46880 kB
PageTables:        63092 kB
NFS_Unstable:          0 kB
Bounce:                0 kB
WritebackTmp:          0 kB
CommitLimit:     9202288 kB
Committed_AS:   65978100 kB
VmallocTotal:   263061440 kB
VmallocUsed:      103980 kB
VmallocChunk:          0 kB
Percpu:             7648 kB
CmaTotal:         294912 kB
CmaFree:               0 kB
MemTotal:       12113132 kB
MemFree:         6360708 kB
MemAvailable:    7940136 kB
Buffers:            6044 kB
Cached:          1885984 kB
SwapCached:            0 kB
Active:          1545260 kB
Inactive:        1641484 kB
Active(anon):    1301184 kB
Inactive(anon):    25276 kB
Active(file):     244076 kB
Inactive(file):  1616208 kB
Unevictable:        5552 kB
Mlocked:            5552 kB
SwapTotal:       3145724 kB
SwapFree:        3145724 kB
Dirty:               520 kB
Writeback:             0 kB
AnonPages:       1300416 kB
Mapped:           852796 kB
Shmem:             27244 kB
KReclaimable:     587848 kB
Slab:             224768 kB
SReclaimable:      79796 kB
SUnreclaim:       144972 kB
KernelStack:       46900 kB
PageTables:        63032 kB
NFS_Unstable:          0 kB
Bounce:                0 kB
WritebackTmp:          0 kB
CommitLimit:     9202288 kB
Committed_AS:   65978108 kB
VmallocTotal:   263061440 kB
VmallocUsed:      103964 kB
VmallocChunk:          0 kB
Percpu:             7648 kB
CmaTotal:         294912 kB
CmaFree:               0 kB
MemTotal:       12113132 kB
MemFree:         6360180 kB
MemAvailable:    7939596 kB
Buffers:            6044 kB
Cached:          1885992 kB
SwapCached:            0 kB
Active:          1546628 kB
Inactive:        1641488 kB
Active(anon):    1302548 kB
Inactive(anon):    25276 kB
Active(file):     244080 kB
Inactive(file):  1616212 kB
Unevictable:        5552 kB
Mlocked:            5552 kB
SwapTotal:       3145724 kB
SwapFree:        3145724 kB
Dirty:               564 kB
Writeback:             0 kB
AnonPages:       1301260 kB
Mapped:           852832 kB
Shmem:             27244 kB
KReclaimable:     587828 kB
Slab:             224748 kB
SReclaimable:      79776 kB
SUnreclaim:       144972 kB
KernelStack:       46896 kB
PageTables:        63244 kB
NFS_Unstable:          0 kB
Bounce:                0 kB
WritebackTmp:          0 kB
CommitLimit:     9202288 kB
Committed_AS:   65985312 kB
VmallocTotal:   263061440 kB
VmallocUsed:      103980 kB
VmallocChunk:          0 kB
Percpu:             7648 kB
CmaTotal:         294912 kB
CmaFree:               0 kB
MemTotal:       12113132 kB
MemFree:         6359272 kB
MemAvailable:    7938720 kB
Buffers:            6044 kB
Cached:          1885896 kB
SwapCached:            0 kB
Active:          1546664 kB
Inactive:        1641396 kB
Active(anon):    1302584 kB
Inactive(anon):    25168 kB
Active(file):     244080 kB
Inactive(file):  1616228 kB
Unevictable:        5552 kB
Mlocked:            5552 kB
SwapTotal:       3145724 kB
SwapFree:        3145724 kB
Dirty:               612 kB
Writeback:             0 kB
AnonPages:       1301840 kB
Mapped:           852776 kB
Shmem:             27132 kB
KReclaimable:     587844 kB
Slab:             224764 kB
SReclaimable:      79792 kB
SUnreclaim:       144972 kB
KernelStack:       46848 kB
PageTables:        62916 kB
NFS_Unstable:          0 kB
Bounce:                0 kB
WritebackTmp:          0 kB
CommitLimit:     9202288 kB
Committed_AS:   65985164 kB
VmallocTotal:   263061440 kB
VmallocUsed:      103996 kB
VmallocChunk:          0 kB
Percpu:             7648 kB
CmaTotal:         294912 kB
CmaFree:             192 kB
MemTotal:       12113132 kB
MemFree:         6358976 kB
MemAvailable:    7938440 kB
Buffers:            6044 kB
Cached:          1886024 kB
SwapCached:            0 kB
Active:          1547644 kB
Inactive:        1641520 kB
Active(anon):    1303564 kB
Inactive(anon):    25276 kB
Active(file):     244080 kB
Inactive(file):  1616244 kB
Unevictable:        5552 kB
Mlocked:            5552 kB
SwapTotal:       3145724 kB
SwapFree:        3145724 kB
Dirty:               676 kB
Writeback:             0 kB
AnonPages:       1302772 kB
Mapped:           852952 kB
Shmem:             27244 kB
KReclaimable:     587844 kB
Slab:             224764 kB
SReclaimable:      79792 kB
SUnreclaim:       144972 kB
KernelStack:       46832 kB
PageTables:        63012 kB
NFS_Unstable:          0 kB
Bounce:                0 kB
WritebackTmp:          0 kB
CommitLimit:     9202288 kB
Committed_AS:   65976320 kB
VmallocTotal:   263061440 kB
VmallocUsed:      103996 kB
VmallocChunk:          0 kB
Percpu:             7648 kB
CmaTotal:         294912 kB
CmaFree:               0 kB
MemTotal:       12113132 kB
MemFree:         6355228 kB
MemAvailable:    7934704 kB
Buffers:            6044 kB
Cached:          1886036 kB
SwapCached:            0 kB
Active:          1549736 kB
Inactive:        1641532 kB
Active(anon):    1305656 kB
Inactive(anon):    25276 kB
Active(file):     244080 kB
Inactive(file):  1616256 kB
Unevictable:        5552 kB
Mlocked:            5552 kB
SwapTotal:       3145724 kB
SwapFree:        3145724 kB
Dirty:               760 kB
Writeback:             0 kB
AnonPages:       1304552 kB
Mapped:           852948 kB
Shmem:             27244 kB
KReclaimable:     587844 kB
Slab:             224756 kB
SReclaimable:      79792 kB
SUnreclaim:       144964 kB
KernelStack:       46864 kB
PageTables:        62960 kB
NFS_Unstable:          0 kB
Bounce:                0 kB
WritebackTmp:          0 kB
CommitLimit:     9202288 kB
Committed_AS:   65985736 kB
VmallocTotal:   263061440 kB
VmallocUsed:      103996 kB
VmallocChunk:          0 kB
Percpu:             7648 kB
CmaTotal:         294912 kB
CmaFree:               0 kB
MemTotal:       12113132 kB
MemFree:         6353872 kB
MemAvailable:    7933364 kB
Buffers:            6044 kB
Cached:          1886192 kB
SwapCached:            0 kB
Active:          1550704 kB
Inactive:        1641368 kB
Active(anon):    1306624 kB
Inactive(anon):    25096 kB
Active(file):     244080 kB
Inactive(file):  1616272 kB
Unevictable:        5552 kB
Mlocked:            5552 kB
SwapTotal:       3145724 kB
SwapFree:        3145724 kB
Dirty:               808 kB
Writeback:             0 kB
AnonPages:       1305660 kB
Mapped:           852716 kB
Shmem:             27384 kB
KReclaimable:     587844 kB
Slab:             224764 kB
SReclaimable:      79792 kB
SUnreclaim:       144972 kB
KernelStack:       46912 kB
PageTables:        62984 kB
NFS_Unstable:          0 kB
Bounce:                0 kB
WritebackTmp:          0 kB
CommitLimit:     9202288 kB
Committed_AS:   65976328 kB
VmallocTotal:   263061440 kB
VmallocUsed:      104044 kB
VmallocChunk:          0 kB
Percpu:             7648 kB
CmaTotal:         294912 kB
CmaFree:               0 kB
MemTotal:       12113132 kB
MemFree:         6354860 kB
MemAvailable:    7934364 kB
Buffers:            6044 kB
Cached:          1886064 kB
SwapCached:            0 kB
Active:          1551524 kB
Inactive:        1641560 kB
Active(anon):    1307444 kB
Inactive(anon):    25276 kB
Active(file):     244080 kB
Inactive(file):  1616284 kB
Unevictable:        5552 kB
Mlocked:            5552 kB
SwapTotal:       3145724 kB
SwapFree:        3145724 kB
Dirty:               864 kB
Writeback:             0 kB
AnonPages:       1306228 kB
Mapped:           853128 kB
Shmem:             27244 kB
KReclaimable:     587844 kB
Slab:             224764 kB
SReclaimable:      79792 kB
SUnreclaim:       144972 kB
KernelStack:       46960 kB
PageTables:        63048 kB
NFS_Unstable:          0 kB
Bounce:                0 kB
WritebackTmp:          0 kB
CommitLimit:     9202288 kB
Committed_AS:   65977928 kB
VmallocTotal:   263061440 kB
VmallocUsed:      104060 kB
VmallocChunk:          0 kB
Percpu:             7648 kB
CmaTotal:         294912 kB
CmaFree:               0 kB
MemTotal:       12113132 kB
MemFree:         6354068 kB
MemAvailable:    7933588 kB
Buffers:            6044 kB
Cached:          1886092 kB
SwapCached:            0 kB
Active:          1553328 kB
Inactive:        1641588 kB
Active(anon):    1309248 kB
Inactive(anon):    25288 kB
Active(file):     244080 kB
Inactive(file):  1616300 kB
Unevictable:        5552 kB
Mlocked:            5552 kB
SwapTotal:       3145724 kB
SwapFree:        3145724 kB
Dirty:               920 kB
Writeback:             0 kB
AnonPages:       1308176 kB
Mapped:           853260 kB
Shmem:             27256 kB
KReclaimable:     587844 kB
Slab:             224764 kB
SReclaimable:      79792 kB
SUnreclaim:       144972 kB
KernelStack:       46928 kB
PageTables:        62956 kB
NFS_Unstable:          0 kB
Bounce:                0 kB
WritebackTmp:          0 kB
CommitLimit:     9202288 kB
Committed_AS:   65980360 kB
VmallocTotal:   263061440 kB
VmallocUsed:      104092 kB
VmallocChunk:          0 kB
Percpu:             7648 kB
CmaTotal:         294912 kB
CmaFree:               0 kB
MemTotal:       12113132 kB
MemFree:         6351220 kB
MemAvailable:    7930744 kB
Buffers:            6044 kB
Cached:          1886156 kB
SwapCached:            0 kB
Active:          1554860 kB
Inactive:        1641296 kB
Active(anon):    1310684 kB
Inactive(anon):    25088 kB
Active(file):     244176 kB
Inactive(file):  1616208 kB
Unevictable:        5552 kB
Mlocked:            5552 kB
SwapTotal:       3145724 kB
SwapFree:        3145724 kB
Dirty:               972 kB
Writeback:             0 kB
AnonPages:       1309676 kB
Mapped:           852916 kB
Shmem:             27316 kB
KReclaimable:     587844 kB
Slab:             224764 kB
SReclaimable:      79792 kB
SUnreclaim:       144972 kB
KernelStack:       46896 kB
PageTables:        63024 kB
NFS_Unstable:          0 kB
Bounce:                0 kB
WritebackTmp:          0 kB
CommitLimit:     9202288 kB
Committed_AS:   65986776 kB
VmallocTotal:   263061440 kB
VmallocUsed:      104092 kB
VmallocChunk:          0 kB
Percpu:             7648 kB
CmaTotal:         294912 kB
CmaFree:               0 kB
MemTotal:       12113132 kB
MemFree:         6350316 kB
MemAvailable:    7929856 kB
Buffers:            6044 kB
Cached:          1886116 kB
SwapCached:            0 kB
Active:          1556808 kB
Inactive:        1641512 kB
Active(anon):    1312628 kB
Inactive(anon):    25292 kB
Active(file):     244180 kB
Inactive(file):  1616220 kB
Unevictable:        5552 kB
Mlocked:            5552 kB
SwapTotal:       3145724 kB
SwapFree:        3145724 kB
Dirty:              1036 kB
Writeback:             0 kB
AnonPages:       1312016 kB
Mapped:           853124 kB
Shmem:             27260 kB
KReclaimable:     587844 kB
Slab:             224764 kB
SReclaimable:      79792 kB
SUnreclaim:       144972 kB
KernelStack:       46896 kB
PageTables:        63360 kB
NFS_Unstable:          0 kB
Bounce:                0 kB
WritebackTmp:          0 kB
CommitLimit:     9202288 kB
Committed_AS:   65989528 kB
VmallocTotal:   263061440 kB
VmallocUsed:      104060 kB
VmallocChunk:          0 kB
Percpu:             7648 kB
CmaTotal:         294912 kB
CmaFree:               0 kB
MemTotal:       12113132 kB
MemFree:         6363272 kB
MemAvailable:    7942824 kB
Buffers:            6044 kB
Cached:          1886132 kB
SwapCached:            0 kB
Active:          1543192 kB
Inactive:        1641528 kB
Active(anon):    1299012 kB
Inactive(anon):    25296 kB
Active(file):     244180 kB
Inactive(file):  1616232 kB
Unevictable:        5552 kB
Mlocked:            5552 kB
SwapTotal:       3145724 kB
SwapFree:        3145724 kB
Dirty:              1088 kB
Writeback:             0 kB
AnonPages:       1297924 kB
Mapped:           853160 kB
Shmem:             27264 kB
KReclaimable:     587844 kB
Slab:             224756 kB
SReclaimable:      79792 kB
SUnreclaim:       144964 kB
KernelStack:       46880 kB
PageTables:        62896 kB
NFS_Unstable:          0 kB
Bounce:                0 kB
WritebackTmp:          0 kB
CommitLimit:     9202288 kB
Committed_AS:   65989980 kB
VmallocTotal:   263061440 kB
VmallocUsed:      104044 kB
VmallocChunk:          0 kB
Percpu:             7648 kB
CmaTotal:         294912 kB
CmaFree:               0 kB
MemTotal:       12113132 kB
MemFree:         6363768 kB
MemAvailable:    7943308 kB
Buffers:            6044 kB
Cached:          1886136 kB
SwapCached:            0 kB
Active:          1540992 kB
Inactive:        1641532 kB
Active(anon):    1296812 kB
Inactive(anon):    25296 kB
Active(file):     244180 kB
Inactive(file):  1616236 kB
Unevictable:        5552 kB
Mlocked:            5552 kB
SwapTotal:       3145724 kB
SwapFree:        3145724 kB
Dirty:              1116 kB
Writeback:             0 kB
AnonPages:       1295692 kB
Mapped:           853196 kB
Shmem:             27264 kB
KReclaimable:     587828 kB
Slab:             224740 kB
SReclaimable:      79776 kB
SUnreclaim:       144964 kB
KernelStack:       46880 kB
PageTables:        63276 kB
NFS_Unstable:          0 kB
Bounce:                0 kB
WritebackTmp:          0 kB
CommitLimit:     9202288 kB
Committed_AS:   65985860 kB
VmallocTotal:   263061440 kB
VmallocUsed:      104076 kB
VmallocChunk:          0 kB
Percpu:             7648 kB
CmaTotal:         294912 kB
CmaFree:             268 kB
MemTotal:       12113132 kB
MemFree:         6363748 kB
MemAvailable:    7943328 kB
Buffers:            6048 kB
Cached:          1886176 kB
SwapCached:            0 kB
Active:          1542116 kB
Inactive:        1641572 kB
Active(anon):    1297932 kB
Inactive(anon):    25300 kB
Active(file):     244184 kB
Inactive(file):  1616272 kB
Unevictable:        5552 kB
Mlocked:            5552 kB
SwapTotal:       3145724 kB
SwapFree:        3145724 kB
Dirty:              1124 kB
Writeback:             0 kB
AnonPages:       1296584 kB
Mapped:           853416 kB
Shmem:             27268 kB
KReclaimable:     587828 kB
Slab:             224708 kB
SReclaimable:      79776 kB
SUnreclaim:       144932 kB
KernelStack:       46944 kB
PageTables:        63192 kB
NFS_Unstable:          0 kB
Bounce:                0 kB
WritebackTmp:          0 kB
CommitLimit:     9202288 kB
Committed_AS:   65986308 kB
VmallocTotal:   263061440 kB
VmallocUsed:      104076 kB
VmallocChunk:          0 kB
Percpu:             7648 kB
CmaTotal:         294912 kB
CmaFree:             292 kB
MemTotal:       12113132 kB
MemFree:         6362512 kB
MemAvailable:    7942100 kB
Buffers:            6048 kB
Cached:          1886188 kB
SwapCached:            0 kB
Active:          1542708 kB
Inactive:        1641584 kB
Active(anon):    1298524 kB
Inactive(anon):    25304 kB
Active(file):     244184 kB
Inactive(file):  1616280 kB
Unevictable:        5552 kB
Mlocked:            5552 kB
SwapTotal:       3145724 kB
SwapFree:        3145724 kB
Dirty:              1168 kB
Writeback:             0 kB
AnonPages:       1297236 kB
Mapped:           853384 kB
Shmem:             27272 kB
KReclaimable:     587828 kB
Slab:             224716 kB
SReclaimable:      79776 kB
SUnreclaim:       144940 kB
KernelStack:       46944 kB
PageTables:        63216 kB
NFS_Unstable:          0 kB
Bounce:                0 kB
WritebackTmp:          0 kB
CommitLimit:     9202288 kB
Committed_AS:   65978524 kB
VmallocTotal:   263061440 kB
VmallocUsed:      104076 kB
VmallocChunk:          0 kB
Percpu:             7648 kB
CmaTotal:         294912 kB
CmaFree:               0 kB
MemTotal:       12113132 kB
MemFree:         6386104 kB
MemAvailable:    7965712 kB
Buffers:            6048 kB
Cached:          1886216 kB
SwapCached:            0 kB
Active:          1518452 kB
Inactive:        1641612 kB
Active(anon):    1274268 kB
Inactive(anon):    25312 kB
Active(file):     244184 kB
Inactive(file):  1616300 kB
Unevictable:        5552 kB
Mlocked:            5552 kB
SwapTotal:       3145724 kB
SwapFree:        3145724 kB
Dirty:              1216 kB
Writeback:             0 kB
AnonPages:       1273364 kB
Mapped:           853308 kB
Shmem:             27280 kB
KReclaimable:     587828 kB
Slab:             224708 kB
SReclaimable:      79776 kB
SUnreclaim:       144932 kB
KernelStack:       46944 kB
PageTables:        63108 kB
NFS_Unstable:          0 kB
Bounce:                0 kB
WritebackTmp:          0 kB
CommitLimit:     9202288 kB
Committed_AS:   65982672 kB
VmallocTotal:   263061440 kB
VmallocUsed:      104092 kB
VmallocChunk:          0 kB
Percpu:             7648 kB
CmaTotal:         294912 kB
CmaFree:               0 kB
MemTotal:       12113132 kB
MemFree:         6386592 kB
MemAvailable:    7966216 kB
Buffers:            6048 kB
Cached:          1886232 kB
SwapCached:            0 kB
Active:          1519632 kB
Inactive:        1641624 kB
Active(anon):    1275444 kB
Inactive(anon):    25312 kB
Active(file):     244188 kB
Inactive(file):  1616312 kB
Unevictable:        5552 kB
Mlocked:            5552 kB
SwapTotal:       3145724 kB
SwapFree:        3145724 kB
Dirty:              1256 kB
Writeback:             4 kB
AnonPages:       1274496 kB
Mapped:           853468 kB
Shmem:             27280 kB
KReclaimable:     587828 kB
Slab:             224716 kB
SReclaimable:      79776 kB
SUnreclaim:       144940 kB
KernelStack:       46912 kB
PageTables:        63000 kB
NFS_Unstable:          0 kB
Bounce:                0 kB
WritebackTmp:          0 kB
CommitLimit:     9202288 kB
Committed_AS:   65986488 kB
VmallocTotal:   263061440 kB
VmallocUsed:      104060 kB
VmallocChunk:          0 kB
Percpu:             7648 kB
CmaTotal:         294912 kB
CmaFree:               0 kB
MemTotal:       12113132 kB
MemFree:         6384004 kB
MemAvailable:    7963640 kB
Buffers:            6048 kB
Cached:          1886244 kB
SwapCached:            0 kB
Active:          1521168 kB
Inactive:        1641640 kB
Active(anon):    1276984 kB
Inactive(anon):    25312 kB
Active(file):     244184 kB
Inactive(file):  1616328 kB
Unevictable:        5552 kB
Mlocked:            5552 kB
SwapTotal:       3145724 kB
SwapFree:        3145724 kB
Dirty:               268 kB
Writeback:             0 kB
AnonPages:       1276076 kB
Mapped:           853368 kB
Shmem:             27280 kB
KReclaimable:     587828 kB
Slab:             224788 kB
SReclaimable:      79776 kB
SUnreclaim:       145012 kB
KernelStack:       46928 kB
PageTables:        63184 kB
NFS_Unstable:          0 kB
Bounce:                0 kB
WritebackTmp:          0 kB
CommitLimit:     9202288 kB
Committed_AS:   65980932 kB
VmallocTotal:   263061440 kB
VmallocUsed:      104076 kB
VmallocChunk:          0 kB
Percpu:             7648 kB
CmaTotal:         294912 kB
CmaFree:               0 kB
MemTotal:       12113132 kB
MemFree:         6365340 kB
MemAvailable:    7944984 kB
Buffers:            6048 kB
Cached:          1886252 kB
SwapCached:            0 kB
Active:          1541204 kB
Inactive:        1641648 kB
Active(anon):    1297020 kB
Inactive(anon):    25312 kB
Active(file):     244184 kB
Inactive(file):  1616336 kB
Unevictable:        5552 kB
Mlocked:            5552 kB
SwapTotal:       3145724 kB
SwapFree:        3145724 kB
Dirty:               356 kB
Writeback:             0 kB
AnonPages:       1296276 kB
Mapped:           853412 kB
Shmem:             27280 kB
KReclaimable:     587828 kB
Slab:             224780 kB
SReclaimable:      79776 kB
SUnreclaim:       145004 kB
KernelStack:       46912 kB
PageTables:        62956 kB
NFS_Unstable:          0 kB
Bounce:                0 kB
WritebackTmp:          0 kB
CommitLimit:     9202288 kB
Committed_AS:   65969844 kB
VmallocTotal:   263061440 kB
VmallocUsed:      104044 kB
VmallocChunk:          0 kB
Percpu:             7648 kB
CmaTotal:         294912 kB
CmaFree:               0 kB
MemTotal:       12113132 kB
MemFree:         6365392 kB
MemAvailable:    7945048 kB
Buffers:            6048 kB
Cached:          1886268 kB
SwapCached:            0 kB
Active:          1542656 kB
Inactive:        1641664 kB
Active(anon):    1298472 kB
Inactive(anon):    25316 kB
Active(file):     244184 kB
Inactive(file):  1616348 kB
Unevictable:        5552 kB
Mlocked:            5552 kB
SwapTotal:       3145724 kB
SwapFree:        3145724 kB
Dirty:               408 kB
Writeback:             0 kB
AnonPages:       1297436 kB
Mapped:           853524 kB
Shmem:             27284 kB
KReclaimable:     587828 kB
Slab:             224772 kB
SReclaimable:      79776 kB
SUnreclaim:       144996 kB
KernelStack:       46912 kB
PageTables:        62948 kB
NFS_Unstable:          0 kB
Bounce:                0 kB
WritebackTmp:          0 kB
CommitLimit:     9202288 kB
Committed_AS:   65971752 kB
VmallocTotal:   263061440 kB
VmallocUsed:      104028 kB
VmallocChunk:          0 kB
Percpu:             7648 kB
CmaTotal:         294912 kB
CmaFree:               0 kB
MemTotal:       12113132 kB
MemFree:         6361132 kB
MemAvailable:    7940800 kB
Buffers:            6048 kB
Cached:          1886280 kB
SwapCached:            0 kB
Active:          1544356 kB
Inactive:        1641676 kB
Active(anon):    1300172 kB
Inactive(anon):    25316 kB
Active(file):     244184 kB
Inactive(file):  1616360 kB
Unevictable:        5552 kB
Mlocked:            5552 kB
SwapTotal:       3145724 kB
SwapFree:        3145724 kB
Dirty:               472 kB
Writeback:             0 kB
AnonPages:       1299108 kB
Mapped:           853480 kB
Shmem:             27284 kB
KReclaimable:     587828 kB
Slab:             224796 kB
SReclaimable:      79776 kB
SUnreclaim:       145020 kB
KernelStack:       46912 kB
PageTables:        63008 kB
NFS_Unstable:          0 kB
Bounce:                0 kB
WritebackTmp:          0 kB
CommitLimit:     9202288 kB
Committed_AS:   65981184 kB
VmallocTotal:   263061440 kB
VmallocUsed:      104028 kB
VmallocChunk:          0 kB
Percpu:             7648 kB
CmaTotal:         294912 kB
CmaFree:               4 kB
MemTotal:       12113132 kB
MemFree:         6356956 kB
MemAvailable:    7936632 kB
Buffers:            6048 kB
Cached:          1886560 kB
SwapCached:            0 kB
Active:          1546532 kB
Inactive:        1641476 kB
Active(anon):    1302348 kB
Inactive(anon):    25108 kB
Active(file):     244184 kB
Inactive(file):  1616368 kB
Unevictable:        5552 kB
Mlocked:            5552 kB
SwapTotal:       3145724 kB
SwapFree:        3145724 kB
Dirty:               556 kB
Writeback:             0 kB
AnonPages:       1301260 kB
Mapped:           853296 kB
Shmem:             27556 kB
KReclaimable:     587828 kB
Slab:             224780 kB
SReclaimable:      79776 kB
SUnreclaim:       145004 kB
KernelStack:       46944 kB
PageTables:        63080 kB
NFS_Unstable:          0 kB
Bounce:                0 kB
WritebackTmp:          0 kB
CommitLimit:     9202288 kB
Committed_AS:   65991636 kB
VmallocTotal:   263061440 kB
VmallocUsed:      104012 kB
VmallocChunk:          0 kB
Percpu:             7648 kB
CmaTotal:         294912 kB
CmaFree:               0 kB
MemTotal:       12113132 kB
MemFree:         6358028 kB
MemAvailable:    7937728 kB
Buffers:            6048 kB
Cached:          1886328 kB
SwapCached:            0 kB
Active:          1547300 kB
Inactive:        1641724 kB
Active(anon):    1303116 kB
Inactive(anon):    25332 kB
Active(file):     244184 kB
Inactive(file):  1616392 kB
Unevictable:        5552 kB
Mlocked:            5552 kB
SwapTotal:       3145724 kB
SwapFree:        3145724 kB
Dirty:               592 kB
Writeback:             0 kB
AnonPages:       1301936 kB
Mapped:           853536 kB
Shmem:             27300 kB
KReclaimable:     587828 kB
Slab:             224788 kB
SReclaimable:      79776 kB
SUnreclaim:       145012 kB
KernelStack:       46912 kB
PageTables:        63132 kB
NFS_Unstable:          0 kB
Bounce:                0 kB
WritebackTmp:          0 kB
CommitLimit:     9202288 kB
Committed_AS:   65983696 kB
VmallocTotal:   263061440 kB
VmallocUsed:      103980 kB
VmallocChunk:          0 kB
Percpu:             7648 kB
CmaTotal:         294912 kB
CmaFree:               0 kB
MemTotal:       12113132 kB
MemFree:         6357144 kB
MemAvailable:    7936856 kB
Buffers:            6048 kB
Cached:          1886344 kB
SwapCached:            0 kB
Active:          1548860 kB
Inactive:        1641740 kB
Active(anon):    1304676 kB
Inactive(anon):    25336 kB
Active(file):     244184 kB
Inactive(file):  1616404 kB
Unevictable:        5552 kB
Mlocked:            5552 kB
SwapTotal:       3145724 kB
SwapFree:        3145724 kB
Dirty:               620 kB
Writeback:             0 kB
AnonPages:       1303300 kB
Mapped:           853468 kB
Shmem:             27304 kB
KReclaimable:     587828 kB
Slab:             224792 kB
SReclaimable:      79776 kB
SUnreclaim:       145016 kB
KernelStack:       46912 kB
PageTables:        62764 kB
NFS_Unstable:          0 kB
Bounce:                0 kB
WritebackTmp:          0 kB
CommitLimit:     9202288 kB
Committed_AS:   65979972 kB
VmallocTotal:   263061440 kB
VmallocUsed:      104012 kB
VmallocChunk:          0 kB
Percpu:             7648 kB
CmaTotal:         294912 kB
CmaFree:               0 kB
MemTotal:       12113132 kB
MemFree:         6348032 kB
MemAvailable:    7927780 kB
Buffers:            6048 kB
Cached:          1886380 kB
SwapCached:            0 kB
Active:          1559296 kB
Inactive:        1641772 kB
Active(anon):    1315108 kB
Inactive(anon):    25336 kB
Active(file):     244188 kB
Inactive(file):  1616436 kB
Unevictable:        5552 kB
Mlocked:            5552 kB
SwapTotal:       3145724 kB
SwapFree:        3145724 kB
Dirty:               644 kB
Writeback:             0 kB
AnonPages:       1314104 kB
Mapped:           852648 kB
Shmem:             27304 kB
KReclaimable:     587828 kB
Slab:             224792 kB
SReclaimable:      79776 kB
SUnreclaim:       145016 kB
KernelStack:       46992 kB
PageTables:        63104 kB
NFS_Unstable:          0 kB
Bounce:                0 kB
WritebackTmp:          0 kB
CommitLimit:     9202288 kB
Committed_AS:   66003648 kB
VmallocTotal:   263061440 kB
VmallocUsed:      104060 kB
VmallocChunk:          0 kB
Percpu:             7648 kB
CmaTotal:         294912 kB
CmaFree:               0 kB
MemTotal:       12113132 kB
MemFree:         6344596 kB
MemAvailable:    7924296 kB
Buffers:            6048 kB
Cached:          1886336 kB
SwapCached:            0 kB
Active:          1561088 kB
Inactive:        1641740 kB
Active(anon):    1316912 kB
Inactive(anon):    25340 kB
Active(file):     244176 kB
Inactive(file):  1616400 kB
Unevictable:        5552 kB
Mlocked:            5552 kB
SwapTotal:       3145724 kB
SwapFree:        3145724 kB
Dirty:               668 kB
Writeback:             0 kB
AnonPages:       1316136 kB
Mapped:           852796 kB
Shmem:             27308 kB
KReclaimable:     587828 kB
Slab:             224800 kB
SReclaimable:      79776 kB
SUnreclaim:       145024 kB
KernelStack:       46992 kB
PageTables:        63008 kB
NFS_Unstable:          0 kB
Bounce:                0 kB
WritebackTmp:          0 kB
CommitLimit:     9202288 kB
Committed_AS:   65998692 kB
VmallocTotal:   263061440 kB
VmallocUsed:      104108 kB
VmallocChunk:          0 kB
Percpu:             7648 kB
CmaTotal:         294912 kB
CmaFree:               0 kB
MemTotal:       12113132 kB
MemFree:         6342132 kB
MemAvailable:    7921880 kB
Buffers:            6048 kB
Cached:          1886384 kB
SwapCached:            0 kB
Active:          1562724 kB
Inactive:        1641780 kB
Active(anon):    1318540 kB
Inactive(anon):    25340 kB
Active(file):     244184 kB
Inactive(file):  1616440 kB
Unevictable:        5552 kB
Mlocked:            5552 kB
SwapTotal:       3145724 kB
SwapFree:        3145724 kB
Dirty:               760 kB
Writeback:             0 kB
AnonPages:       1317716 kB
Mapped:           852816 kB
Shmem:             27308 kB
KReclaimable:     587828 kB
Slab:             224800 kB
SReclaimable:      79776 kB
SUnreclaim:       145024 kB
KernelStack:       46960 kB
PageTables:        62884 kB
NFS_Unstable:          0 kB
Bounce:                0 kB
WritebackTmp:          0 kB
CommitLimit:     9202288 kB
Committed_AS:   66003216 kB
VmallocTotal:   263061440 kB
VmallocUsed:      104108 kB
VmallocChunk:          0 kB
Percpu:             7648 kB
CmaTotal:         294912 kB
CmaFree:               0 kB
MemTotal:       12113132 kB
MemFree:         6342692 kB
MemAvailable:    7924504 kB
Buffers:            6052 kB
Cached:          1886176 kB
SwapCached:            0 kB
Active:          1564128 kB
Inactive:        1641596 kB
Active(anon):    1319944 kB
Inactive(anon):    25144 kB
Active(file):     244184 kB
Inactive(file):  1616452 kB
Unevictable:        5552 kB
Mlocked:            5552 kB
SwapTotal:       3145724 kB
SwapFree:        3145724 kB
Dirty:               784 kB
Writeback:             0 kB
AnonPages:       1319080 kB
Mapped:           851992 kB
Shmem:             27092 kB
KReclaimable:     589880 kB
Slab:             224792 kB
SReclaimable:      79776 kB
SUnreclaim:       145016 kB
KernelStack:       47124 kB
PageTables:        62928 kB
NFS_Unstable:          0 kB
Bounce:                0 kB
WritebackTmp:          0 kB
CommitLimit:     9202288 kB
Committed_AS:   66000764 kB
VmallocTotal:   263061440 kB
VmallocUsed:      104204 kB
VmallocChunk:          0 kB
Percpu:             7648 kB
CmaTotal:         294912 kB
CmaFree:               0 kB
MemTotal:       12113132 kB
MemFree:         6341536 kB
MemAvailable:    7923380 kB
Buffers:            6052 kB
Cached:          1886320 kB
SwapCached:            0 kB
Active:          1564676 kB
Inactive:        1641740 kB
Active(anon):    1320488 kB
Inactive(anon):    25260 kB
Active(file):     244188 kB
Inactive(file):  1616480 kB
Unevictable:        5552 kB
Mlocked:            5552 kB
SwapTotal:       3145724 kB
SwapFree:        3145724 kB
Dirty:               840 kB
Writeback:             0 kB
AnonPages:       1319484 kB
Mapped:           852116 kB
Shmem:             27204 kB
KReclaimable:     589880 kB
Slab:             224800 kB
SReclaimable:      79776 kB
SUnreclaim:       145024 kB
KernelStack:       47168 kB
PageTables:        62928 kB
NFS_Unstable:          0 kB
Bounce:                0 kB
WritebackTmp:          0 kB
CommitLimit:     9202288 kB
Committed_AS:   65999996 kB
VmallocTotal:   263061440 kB
VmallocUsed:      104236 kB
VmallocChunk:          0 kB
Percpu:             7648 kB
CmaTotal:         294912 kB
CmaFree:              12 kB
MemTotal:       12113132 kB
MemFree:         6339452 kB
MemAvailable:    7921304 kB
Buffers:            6052 kB
Cached:          1886328 kB
SwapCached:            0 kB
Active:          1566168 kB
Inactive:        1641748 kB
Active(anon):    1321980 kB
Inactive(anon):    25260 kB
Active(file):     244188 kB
Inactive(file):  1616488 kB
Unevictable:        5552 kB
Mlocked:            5552 kB
SwapTotal:       3145724 kB
SwapFree:        3145724 kB
Dirty:               860 kB
Writeback:             0 kB
AnonPages:       1320852 kB
Mapped:           852092 kB
Shmem:             27204 kB
KReclaimable:     589880 kB
Slab:             224784 kB
SReclaimable:      79776 kB
SUnreclaim:       145008 kB
KernelStack:       47184 kB
PageTables:        63156 kB
NFS_Unstable:          0 kB
Bounce:                0 kB
WritebackTmp:          0 kB
CommitLimit:     9202288 kB
Committed_AS:   66008660 kB
VmallocTotal:   263061440 kB
VmallocUsed:      104236 kB
VmallocChunk:          0 kB
Percpu:             7648 kB
CmaTotal:         294912 kB
CmaFree:               0 kB
MemTotal:       12113132 kB
MemFree:         6339024 kB
MemAvailable:    7920892 kB
Buffers:            6052 kB
Cached:          1886344 kB
SwapCached:            0 kB
Active:          1566832 kB
Inactive:        1641764 kB
Active(anon):    1322644 kB
Inactive(anon):    25260 kB
Active(file):     244188 kB
Inactive(file):  1616504 kB
Unevictable:        5552 kB
Mlocked:            5552 kB
SwapTotal:       3145724 kB
SwapFree:        3145724 kB
Dirty:               892 kB
Writeback:             0 kB
AnonPages:       1321856 kB
Mapped:           852040 kB
Shmem:             27204 kB
KReclaimable:     589880 kB
Slab:             224800 kB
SReclaimable:      79776 kB
SUnreclaim:       145024 kB
KernelStack:       47136 kB
PageTables:        63116 kB
NFS_Unstable:          0 kB
Bounce:                0 kB
WritebackTmp:          0 kB
CommitLimit:     9202288 kB
Committed_AS:   66009652 kB
VmallocTotal:   263061440 kB
VmallocUsed:      104188 kB
VmallocChunk:          0 kB
Percpu:             7648 kB
CmaTotal:         294912 kB
CmaFree:               8 kB
MemTotal:       12113132 kB
MemFree:         6339392 kB
MemAvailable:    7921268 kB
Buffers:            6052 kB
Cached:          1886360 kB
SwapCached:            0 kB
Active:          1566928 kB
Inactive:        1641780 kB
Active(anon):    1322740 kB
Inactive(anon):    25268 kB
Active(file):     244188 kB
Inactive(file):  1616512 kB
Unevictable:        5552 kB
Mlocked:            5552 kB
SwapTotal:       3145724 kB
SwapFree:        3145724 kB
Dirty:               916 kB
Writeback:             0 kB
AnonPages:       1321780 kB
Mapped:           852204 kB
Shmem:             27212 kB
KReclaimable:     589880 kB
Slab:             224800 kB
SReclaimable:      79776 kB
SUnreclaim:       145024 kB
KernelStack:       47120 kB
PageTables:        62932 kB
NFS_Unstable:          0 kB
Bounce:                0 kB
WritebackTmp:          0 kB
CommitLimit:     9202288 kB
Committed_AS:   66010056 kB
VmallocTotal:   263061440 kB
VmallocUsed:      104204 kB
VmallocChunk:          0 kB
Percpu:             7648 kB
CmaTotal:         294912 kB
CmaFree:               4 kB
MemTotal:       12113132 kB
MemFree:         6337080 kB
MemAvailable:    7918964 kB
Buffers:            6052 kB
Cached:          1886368 kB
SwapCached:            0 kB
Active:          1567700 kB
Inactive:        1641788 kB
Active(anon):    1323512 kB
Inactive(anon):    25268 kB
Active(file):     244188 kB
Inactive(file):  1616520 kB
Unevictable:        5552 kB
Mlocked:            5552 kB
SwapTotal:       3145724 kB
SwapFree:        3145724 kB
Dirty:               420 kB
Writeback:             0 kB
AnonPages:       1323080 kB
Mapped:           852376 kB
Shmem:             27212 kB
KReclaimable:     589880 kB
Slab:             224800 kB
SReclaimable:      79776 kB
SUnreclaim:       145024 kB
KernelStack:       47104 kB
PageTables:        63204 kB
NFS_Unstable:          0 kB
Bounce:                0 kB
WritebackTmp:          0 kB
CommitLimit:     9202288 kB
Committed_AS:   66014156 kB
VmallocTotal:   263061440 kB
VmallocUsed:      104204 kB
VmallocChunk:          0 kB
Percpu:             7648 kB
CmaTotal:         294912 kB
CmaFree:               0 kB
MemTotal:       12113132 kB
MemFree:         6336060 kB
MemAvailable:    7917964 kB
Buffers:            6052 kB
Cached:          1886388 kB
SwapCached:            0 kB
Active:          1568968 kB
Inactive:        1641808 kB
Active(anon):    1324780 kB
Inactive(anon):    25268 kB
Active(file):     244188 kB
Inactive(file):  1616540 kB
Unevictable:        5552 kB
Mlocked:            5552 kB
SwapTotal:       3145724 kB
SwapFree:        3145724 kB
Dirty:               324 kB
Writeback:             0 kB
AnonPages:       1324168 kB
Mapped:           852100 kB
Shmem:             27212 kB
KReclaimable:     589880 kB
Slab:             224868 kB
SReclaimable:      79776 kB
SUnreclaim:       145092 kB
KernelStack:       47152 kB
PageTables:        63104 kB
NFS_Unstable:          0 kB
Bounce:                0 kB
WritebackTmp:          0 kB
CommitLimit:     9202288 kB
Committed_AS:   66010824 kB
VmallocTotal:   263061440 kB
VmallocUsed:      104188 kB
VmallocChunk:          0 kB
Percpu:             7648 kB
CmaTotal:         294912 kB
CmaFree:               0 kB
MemTotal:       12113132 kB
MemFree:         6350012 kB
MemAvailable:    7931924 kB
Buffers:            6052 kB
Cached:          1886396 kB
SwapCached:            0 kB
Active:          1555996 kB
Inactive:        1641816 kB
Active(anon):    1311808 kB
Inactive(anon):    25268 kB
Active(file):     244188 kB
Inactive(file):  1616548 kB
Unevictable:        5552 kB
Mlocked:            5552 kB
SwapTotal:       3145724 kB
SwapFree:        3145724 kB
Dirty:               332 kB
Writeback:             0 kB
AnonPages:       1310284 kB
Mapped:           852092 kB
Shmem:             27212 kB
KReclaimable:     589880 kB
Slab:             224868 kB
SReclaimable:      79776 kB
SUnreclaim:       145092 kB
KernelStack:       47088 kB
PageTables:        62984 kB
NFS_Unstable:          0 kB
Bounce:                0 kB
WritebackTmp:          0 kB
CommitLimit:     9202288 kB
Committed_AS:   66016192 kB
VmallocTotal:   263061440 kB
VmallocUsed:      104220 kB
VmallocChunk:          0 kB
Percpu:             7648 kB
CmaTotal:         294912 kB
CmaFree:               0 kB
MemTotal:       12113132 kB
MemFree:         6350856 kB
MemAvailable:    7932784 kB
Buffers:            6052 kB
Cached:          1886412 kB
SwapCached:            0 kB
Active:          1554840 kB
Inactive:        1641832 kB
Active(anon):    1310652 kB
Inactive(anon):    25268 kB
Active(file):     244188 kB
Inactive(file):  1616564 kB
Unevictable:        5552 kB
Mlocked:            5552 kB
SwapTotal:       3145724 kB
SwapFree:        3145724 kB
Dirty:               376 kB
Writeback:             0 kB
AnonPages:       1309832 kB
Mapped:           852096 kB
Shmem:             27212 kB
KReclaimable:     589880 kB
Slab:             224860 kB
SReclaimable:      79776 kB
SUnreclaim:       145084 kB
KernelStack:       47168 kB
PageTables:        63124 kB
NFS_Unstable:          0 kB
Bounce:                0 kB
WritebackTmp:          0 kB
CommitLimit:     9202288 kB
Committed_AS:   66019424 kB
VmallocTotal:   263061440 kB
VmallocUsed:      104236 kB
VmallocChunk:          0 kB
Percpu:             7648 kB
CmaTotal:         294912 kB
CmaFree:               0 kB
MemTotal:       12113132 kB
MemFree:         6331832 kB
MemAvailable:    7913772 kB
Buffers:            6052 kB
Cached:          1886416 kB
SwapCached:            0 kB
Active:          1574044 kB
Inactive:        1641836 kB
Active(anon):    1329856 kB
Inactive(anon):    25260 kB
Active(file):     244188 kB
Inactive(file):  1616576 kB
Unevictable:        5552 kB
Mlocked:            5552 kB
SwapTotal:       3145724 kB
SwapFree:        3145724 kB
Dirty:               396 kB
Writeback:             0 kB
AnonPages:       1329024 kB
Mapped:           852364 kB
Shmem:             27204 kB
KReclaimable:     589880 kB
Slab:             224868 kB
SReclaimable:      79776 kB
SUnreclaim:       145092 kB
KernelStack:       47136 kB
PageTables:        63172 kB
NFS_Unstable:          0 kB
Bounce:                0 kB
WritebackTmp:          0 kB
CommitLimit:     9202288 kB
Committed_AS:   66014136 kB
VmallocTotal:   263061440 kB
VmallocUsed:      104204 kB
VmallocChunk:          0 kB
Percpu:             7648 kB
CmaTotal:         294912 kB
CmaFree:              56 kB
MemTotal:       12113132 kB
MemFree:         6331596 kB
MemAvailable:    7913556 kB
Buffers:            6052 kB
Cached:          1886448 kB
SwapCached:            0 kB
Active:          1573540 kB
Inactive:        1641868 kB
Active(anon):    1329352 kB
Inactive(anon):    25272 kB
Active(file):     244188 kB
Inactive(file):  1616596 kB
Unevictable:        5552 kB
Mlocked:            5552 kB
SwapTotal:       3145724 kB
SwapFree:        3145724 kB
Dirty:               440 kB
Writeback:             0 kB
AnonPages:       1328428 kB
Mapped:           852004 kB
Shmem:             27216 kB
KReclaimable:     589880 kB
Slab:             224868 kB
SReclaimable:      79776 kB
SUnreclaim:       145092 kB
KernelStack:       47104 kB
PageTables:        63176 kB
NFS_Unstable:          0 kB
Bounce:                0 kB
WritebackTmp:          0 kB
CommitLimit:     9202288 kB
Committed_AS:   66013628 kB
VmallocTotal:   263061440 kB
VmallocUsed:      104188 kB
VmallocChunk:          0 kB
Percpu:             7648 kB
CmaTotal:         294912 kB
CmaFree:               0 kB
MemTotal:       12113132 kB
MemFree:         6334216 kB
MemAvailable:    7916192 kB
Buffers:            6052 kB
Cached:          1886468 kB
SwapCached:            0 kB
Active:          1571324 kB
Inactive:        1641888 kB
Active(anon):    1327136 kB
Inactive(anon):    25276 kB
Active(file):     244188 kB
Inactive(file):  1616612 kB
Unevictable:        5552 kB
Mlocked:            5552 kB
SwapTotal:       3145724 kB
SwapFree:        3145724 kB
Dirty:               432 kB
Writeback:             0 kB
AnonPages:       1326296 kB
Mapped:           852136 kB
Shmem:             27220 kB
KReclaimable:     589880 kB
Slab:             224868 kB
SReclaimable:      79776 kB
SUnreclaim:       145092 kB
KernelStack:       47072 kB
PageTables:        62880 kB
NFS_Unstable:          0 kB
Bounce:                0 kB
WritebackTmp:          0 kB
CommitLimit:     9202288 kB
Committed_AS:   66015056 kB
VmallocTotal:   263061440 kB
VmallocUsed:      104188 kB
VmallocChunk:          0 kB
Percpu:             7648 kB
CmaTotal:         294912 kB
CmaFree:              36 kB
MemTotal:       12113132 kB
MemFree:         6349020 kB
MemAvailable:    7931008 kB
Buffers:            6052 kB
Cached:          1886388 kB
SwapCached:            0 kB
Active:          1557328 kB
Inactive:        1641808 kB
Active(anon):    1313140 kB
Inactive(anon):    25184 kB
Active(file):     244188 kB
Inactive(file):  1616624 kB
Unevictable:        5552 kB
Mlocked:            5552 kB
SwapTotal:       3145724 kB
SwapFree:        3145724 kB
Dirty:               448 kB
Writeback:             0 kB
AnonPages:       1312312 kB
Mapped:           852284 kB
Shmem:             27128 kB
KReclaimable:     589880 kB
Slab:             224860 kB
SReclaimable:      79776 kB
SUnreclaim:       145084 kB
KernelStack:       47088 kB
PageTables:        63348 kB
NFS_Unstable:          0 kB
Bounce:                0 kB
WritebackTmp:          0 kB
CommitLimit:     9202288 kB
Committed_AS:   66015484 kB
VmallocTotal:   263061440 kB
VmallocUsed:      104188 kB
VmallocChunk:          0 kB
Percpu:             7648 kB
CmaTotal:         294912 kB
CmaFree:               0 kB
MemTotal:       12113132 kB
MemFree:         6348256 kB
MemAvailable:    7930252 kB
Buffers:            6052 kB
Cached:          1886488 kB
SwapCached:            0 kB
Active:          1558240 kB
Inactive:        1641908 kB
Active(anon):    1314052 kB
Inactive(anon):    25276 kB
Active(file):     244188 kB
Inactive(file):  1616632 kB
Unevictable:        5552 kB
Mlocked:            5552 kB
SwapTotal:       3145724 kB
SwapFree:        3145724 kB
Dirty:               456 kB
Writeback:             0 kB
AnonPages:       1313132 kB
Mapped:           852116 kB
Shmem:             27220 kB
KReclaimable:     589880 kB
Slab:             224868 kB
SReclaimable:      79776 kB
SUnreclaim:       145092 kB
KernelStack:       47104 kB
PageTables:        63024 kB
NFS_Unstable:          0 kB
Bounce:                0 kB
WritebackTmp:          0 kB
CommitLimit:     9202288 kB
Committed_AS:   66010392 kB
VmallocTotal:   263061440 kB
VmallocUsed:      104188 kB
VmallocChunk:          0 kB
Percpu:             7648 kB
CmaTotal:         294912 kB
CmaFree:               0 kB
MemTotal:       12113132 kB
MemFree:         6347008 kB
MemAvailable:    7929012 kB
Buffers:            6052 kB
Cached:          1886496 kB
SwapCached:            0 kB
Active:          1559028 kB
Inactive:        1641912 kB
Active(anon):    1314836 kB
Inactive(anon):    25276 kB
Active(file):     244192 kB
Inactive(file):  1616636 kB
Unevictable:        5552 kB
Mlocked:            5552 kB
SwapTotal:       3145724 kB
SwapFree:        3145724 kB
Dirty:               504 kB
Writeback:             0 kB
AnonPages:       1313832 kB
Mapped:           852112 kB
Shmem:             27220 kB
KReclaimable:     589880 kB
Slab:             224864 kB
SReclaimable:      79776 kB
SUnreclaim:       145088 kB
KernelStack:       47104 kB
PageTables:        63028 kB
NFS_Unstable:          0 kB
Bounce:                0 kB
WritebackTmp:          0 kB
CommitLimit:     9202288 kB
Committed_AS:   66010880 kB
VmallocTotal:   263061440 kB
VmallocUsed:      104156 kB
VmallocChunk:          0 kB
Percpu:             7648 kB
CmaTotal:         294912 kB
CmaFree:              48 kB
MemTotal:       12113132 kB
MemFree:         6345396 kB
MemAvailable:    7927424 kB
Buffers:            6052 kB
Cached:          1886520 kB
SwapCached:            0 kB
Active:          1559440 kB
Inactive:        1641932 kB
Active(anon):    1315244 kB
Inactive(anon):    25276 kB
Active(file):     244196 kB
Inactive(file):  1616656 kB
Unevictable:        5552 kB
Mlocked:            5552 kB
SwapTotal:       3145724 kB
SwapFree:        3145724 kB
Dirty:               528 kB
Writeback:             0 kB
AnonPages:       1314400 kB
Mapped:           852108 kB
Shmem:             27220 kB
KReclaimable:     589880 kB
Slab:             224872 kB
SReclaimable:      79776 kB
SUnreclaim:       145096 kB
KernelStack:       47104 kB
PageTables:        63160 kB
NFS_Unstable:          0 kB
Bounce:                0 kB
WritebackTmp:          0 kB
CommitLimit:     9202288 kB
Committed_AS:   66011808 kB
VmallocTotal:   263061440 kB
VmallocUsed:      104188 kB
VmallocChunk:          0 kB
Percpu:             7648 kB
CmaTotal:         294912 kB
CmaFree:               0 kB
MemTotal:       12113132 kB
MemFree:         6345436 kB
MemAvailable:    7927488 kB
Buffers:            6060 kB
Cached:          1886536 kB
SwapCached:            0 kB
Active:          1559872 kB
Inactive:        1641952 kB
Active(anon):    1315672 kB
Inactive(anon):    25276 kB
Active(file):     244200 kB
Inactive(file):  1616676 kB
Unevictable:        5552 kB
Mlocked:            5552 kB
SwapTotal:       3145724 kB
SwapFree:        3145724 kB
Dirty:               508 kB
Writeback:             0 kB
AnonPages:       1314432 kB
Mapped:           852148 kB
Shmem:             27220 kB
KReclaimable:     589880 kB
Slab:             224864 kB
SReclaimable:      79776 kB
SUnreclaim:       145088 kB
KernelStack:       47072 kB
PageTables:        63000 kB
NFS_Unstable:          0 kB
Bounce:                0 kB
WritebackTmp:          0 kB
CommitLimit:     9202288 kB
Committed_AS:   66012488 kB
VmallocTotal:   263061440 kB
VmallocUsed:      104204 kB
VmallocChunk:          0 kB
Percpu:             7648 kB
CmaTotal:         294912 kB
CmaFree:               0 kB
MemTotal:       12113132 kB
MemFree:         6344672 kB
MemAvailable:    7926748 kB
Buffers:            6060 kB
Cached:          1886560 kB
SwapCached:            0 kB
Active:          1560788 kB
Inactive:        1641976 kB
Active(anon):    1316588 kB
Inactive(anon):    25276 kB
Active(file):     244200 kB
Inactive(file):  1616700 kB
Unevictable:        5552 kB
Mlocked:            5552 kB
SwapTotal:       3145724 kB
SwapFree:        3145724 kB
Dirty:               552 kB
Writeback:             0 kB
AnonPages:       1315740 kB
Mapped:           852108 kB
Shmem:             27220 kB
KReclaimable:     589880 kB
Slab:             224864 kB
SReclaimable:      79776 kB
SUnreclaim:       145088 kB
KernelStack:       47104 kB
PageTables:        63088 kB
NFS_Unstable:          0 kB
Bounce:                0 kB
WritebackTmp:          0 kB
CommitLimit:     9202288 kB
Committed_AS:   66002924 kB
VmallocTotal:   263061440 kB
VmallocUsed:      104188 kB
VmallocChunk:          0 kB
Percpu:             7648 kB
CmaTotal:         294912 kB
CmaFree:               0 kB
MemTotal:       12113132 kB
MemFree:         6345428 kB
MemAvailable:    7927508 kB
Buffers:            6060 kB
Cached:          1886564 kB
SwapCached:            0 kB
Active:          1561376 kB
Inactive:        1641980 kB
Active(anon):    1317176 kB
Inactive(anon):    25276 kB
Active(file):     244200 kB
Inactive(file):  1616704 kB
Unevictable:        5552 kB
Mlocked:            5552 kB
SwapTotal:       3145724 kB
SwapFree:        3145724 kB
Dirty:               560 kB
Writeback:             0 kB
AnonPages:       1316412 kB
Mapped:           852112 kB
Shmem:             27220 kB
KReclaimable:     589880 kB
Slab:             224864 kB
SReclaimable:      79776 kB
SUnreclaim:       145088 kB
KernelStack:       47088 kB
PageTables:        62896 kB
NFS_Unstable:          0 kB
Bounce:                0 kB
WritebackTmp:          0 kB
CommitLimit:     9202288 kB
Committed_AS:   66007280 kB
VmallocTotal:   263061440 kB
VmallocUsed:      104188 kB
VmallocChunk:          0 kB
Percpu:             7648 kB
CmaTotal:         294912 kB
CmaFree:               0 kB
MemTotal:       12113132 kB
MemFree:         6343792 kB
MemAvailable:    7925884 kB
Buffers:            6060 kB
Cached:          1886576 kB
SwapCached:            0 kB
Active:          1562136 kB
Inactive:        1641992 kB
Active(anon):    1317936 kB
Inactive(anon):    25276 kB
Active(file):     244200 kB
Inactive(file):  1616716 kB
Unevictable:        5552 kB
Mlocked:            5552 kB
SwapTotal:       3145724 kB
SwapFree:        3145724 kB
Dirty:               576 kB
Writeback:             0 kB
AnonPages:       1317028 kB
Mapped:           852264 kB
Shmem:             27220 kB
KReclaimable:     589880 kB
Slab:             224864 kB
SReclaimable:      79776 kB
SUnreclaim:       145088 kB
KernelStack:       47168 kB
PageTables:        63036 kB
NFS_Unstable:          0 kB
Bounce:                0 kB
WritebackTmp:          0 kB
CommitLimit:     9202288 kB
Committed_AS:   66013872 kB
VmallocTotal:   263061440 kB
VmallocUsed:      104204 kB
VmallocChunk:          0 kB
Percpu:             7648 kB
CmaTotal:         294912 kB
CmaFree:               0 kB
MemTotal:       12113132 kB
MemFree:         6343124 kB
MemAvailable:    7925228 kB
Buffers:            6060 kB
Cached:          1886588 kB
SwapCached:            0 kB
Active:          1561960 kB
Inactive:        1642004 kB
Active(anon):    1317760 kB
Inactive(anon):    25276 kB
Active(file):     244200 kB
Inactive(file):  1616728 kB
Unevictable:        5552 kB
Mlocked:            5552 kB
SwapTotal:       3145724 kB
SwapFree:        3145724 kB
Dirty:               644 kB
Writeback:             0 kB
AnonPages:       1316932 kB
Mapped:           852104 kB
Shmem:             27220 kB
KReclaimable:     589880 kB
Slab:             224864 kB
SReclaimable:      79776 kB
SUnreclaim:       145088 kB
KernelStack:       47136 kB
PageTables:        63076 kB
NFS_Unstable:          0 kB
Bounce:                0 kB
WritebackTmp:          0 kB
CommitLimit:     9202288 kB
Committed_AS:   66014820 kB
VmallocTotal:   263061440 kB
VmallocUsed:      104188 kB
VmallocChunk:          0 kB
Percpu:             7648 kB
CmaTotal:         294912 kB
CmaFree:               0 kB
MemTotal:       12113132 kB
MemFree:         6341532 kB
MemAvailable:    7923652 kB
Buffers:            6060 kB
Cached:          1886496 kB
SwapCached:            0 kB
Active:          1562704 kB
Inactive:        1642136 kB
Active(anon):    1318504 kB
Inactive(anon):    25392 kB
Active(file):     244200 kB
Inactive(file):  1616744 kB
Unevictable:        5552 kB
Mlocked:            5552 kB
SwapTotal:       3145724 kB
SwapFree:        3145724 kB
Dirty:               624 kB
Writeback:             0 kB
AnonPages:       1317656 kB
Mapped:           852240 kB
Shmem:             27112 kB
KReclaimable:     589880 kB
Slab:             224864 kB
SReclaimable:      79776 kB
SUnreclaim:       145088 kB
KernelStack:       47120 kB
PageTables:        62840 kB
NFS_Unstable:          0 kB
Bounce:                0 kB
WritebackTmp:          0 kB
CommitLimit:     9202288 kB
Committed_AS:   66010756 kB
VmallocTotal:   263061440 kB
VmallocUsed:      104220 kB
VmallocChunk:          0 kB
Percpu:             7648 kB
CmaTotal:         294912 kB
CmaFree:              56 kB
MemTotal:       12113132 kB
MemFree:         6342744 kB
MemAvailable:    7924872 kB
Buffers:            6060 kB
Cached:          1886612 kB
SwapCached:            0 kB
Active:          1562248 kB
Inactive:        1642028 kB
Active(anon):    1318048 kB
Inactive(anon):    25276 kB
Active(file):     244200 kB
Inactive(file):  1616752 kB
Unevictable:        5552 kB
Mlocked:            5552 kB
SwapTotal:       3145724 kB
SwapFree:        3145724 kB
Dirty:               632 kB
Writeback:             0 kB
AnonPages:       1317216 kB
Mapped:           852096 kB
Shmem:             27220 kB
KReclaimable:     589880 kB
Slab:             224860 kB
SReclaimable:      79776 kB
SUnreclaim:       145084 kB
KernelStack:       47120 kB
PageTables:        63160 kB
NFS_Unstable:          0 kB
Bounce:                0 kB
WritebackTmp:          0 kB
CommitLimit:     9202288 kB
Committed_AS:   66013652 kB
VmallocTotal:   263061440 kB
VmallocUsed:      104220 kB
VmallocChunk:          0 kB
Percpu:             7648 kB
CmaTotal:         294912 kB
CmaFree:               0 kB
MemTotal:       12113132 kB
MemFree:         6341768 kB
MemAvailable:    7923704 kB
Buffers:            6060 kB
Cached:          1886624 kB
SwapCached:            0 kB
Active:          1563088 kB
Inactive:        1642040 kB
Active(anon):    1318888 kB
Inactive(anon):    25276 kB
Active(file):     244200 kB
Inactive(file):  1616764 kB
Unevictable:        5552 kB
Mlocked:            5552 kB
SwapTotal:       3145724 kB
SwapFree:        3145724 kB
Dirty:               656 kB
Writeback:             0 kB
AnonPages:       1318008 kB
Mapped:           852168 kB
Shmem:             27220 kB
KReclaimable:     589676 kB
Slab:             224852 kB
SReclaimable:      79776 kB
SUnreclaim:       145076 kB
KernelStack:       47104 kB
PageTables:        62720 kB
NFS_Unstable:          0 kB
Bounce:                0 kB
WritebackTmp:          0 kB
CommitLimit:     9202288 kB
Committed_AS:   66019788 kB
VmallocTotal:   263061440 kB
VmallocUsed:      104220 kB
VmallocChunk:          0 kB
Percpu:             7648 kB
CmaTotal:         294912 kB
CmaFree:               0 kB
MemTotal:       12113132 kB
MemFree:         6340184 kB
MemAvailable:    7922136 kB
Buffers:            6060 kB
Cached:          1886796 kB
SwapCached:            0 kB
Active:          1564160 kB
Inactive:        1642064 kB
Active(anon):    1319960 kB
Inactive(anon):    25284 kB
Active(file):     244200 kB
Inactive(file):  1616780 kB
Unevictable:        5552 kB
Mlocked:            5552 kB
SwapTotal:       3145724 kB
SwapFree:        3145724 kB
Dirty:               676 kB
Writeback:             0 kB
AnonPages:       1319256 kB
Mapped:           852180 kB
Shmem:             27376 kB
KReclaimable:     589676 kB
Slab:             224860 kB
SReclaimable:      79776 kB
SUnreclaim:       145084 kB
KernelStack:       47136 kB
PageTables:        63184 kB
NFS_Unstable:          0 kB
Bounce:                0 kB
WritebackTmp:          0 kB
CommitLimit:     9202288 kB
Committed_AS:   66014956 kB
VmallocTotal:   263061440 kB
VmallocUsed:      104204 kB
VmallocChunk:          0 kB
Percpu:             7648 kB
CmaTotal:         294912 kB
CmaFree:              68 kB
MemTotal:       12113132 kB
MemFree:         6339900 kB
MemAvailable:    7921876 kB
Buffers:            6060 kB
Cached:          1886664 kB
SwapCached:            0 kB
Active:          1565232 kB
Inactive:        1642080 kB
Active(anon):    1321032 kB
Inactive(anon):    25276 kB
Active(file):     244200 kB
Inactive(file):  1616804 kB
Unevictable:        5552 kB
Mlocked:            5552 kB
SwapTotal:       3145724 kB
SwapFree:        3145724 kB
Dirty:               232 kB
Writeback:             0 kB
AnonPages:       1320024 kB
Mapped:           852364 kB
Shmem:             27220 kB
KReclaimable:     589676 kB
Slab:             224816 kB
SReclaimable:      79776 kB
SUnreclaim:       145040 kB
KernelStack:       47200 kB
PageTables:        63328 kB
NFS_Unstable:          0 kB
Bounce:                0 kB
WritebackTmp:          0 kB
CommitLimit:     9202288 kB
Committed_AS:   66018576 kB
VmallocTotal:   263061440 kB
VmallocUsed:      104252 kB
VmallocChunk:          0 kB
Percpu:             7648 kB
CmaTotal:         294912 kB
CmaFree:               0 kB
MemTotal:       12113132 kB
MemFree:         6339864 kB
MemAvailable:    7921848 kB
Buffers:            6060 kB
Cached:          1886672 kB
SwapCached:            0 kB
Active:          1565720 kB
Inactive:        1642088 kB
Active(anon):    1321520 kB
Inactive(anon):    25276 kB
Active(file):     244200 kB
Inactive(file):  1616812 kB
Unevictable:        5552 kB
Mlocked:            5552 kB
SwapTotal:       3145724 kB
SwapFree:        3145724 kB
Dirty:               340 kB
Writeback:             0 kB
AnonPages:       1320812 kB
Mapped:           852136 kB
Shmem:             27220 kB
KReclaimable:     589676 kB
Slab:             224824 kB
SReclaimable:      79776 kB
SUnreclaim:       145048 kB
KernelStack:       47152 kB
PageTables:        62988 kB
NFS_Unstable:          0 kB
Bounce:                0 kB
WritebackTmp:          0 kB
CommitLimit:     9202288 kB
Committed_AS:   66006216 kB
VmallocTotal:   263061440 kB
VmallocUsed:      104236 kB
VmallocChunk:          0 kB
Percpu:             7648 kB
CmaTotal:         294912 kB
CmaFree:               4 kB
MemTotal:       12113132 kB
MemFree:         6337724 kB
MemAvailable:    7919724 kB
Buffers:            6060 kB
Cached:          1886692 kB
SwapCached:            0 kB
Active:          1566324 kB
Inactive:        1642108 kB
Active(anon):    1322124 kB
Inactive(anon):    25280 kB
Active(file):     244200 kB
Inactive(file):  1616828 kB
Unevictable:        5552 kB
Mlocked:            5552 kB
SwapTotal:       3145724 kB
SwapFree:        3145724 kB
Dirty:               364 kB
Writeback:             0 kB
AnonPages:       1321116 kB
Mapped:           852272 kB
Shmem:             27224 kB
KReclaimable:     589676 kB
Slab:             224816 kB
SReclaimable:      79776 kB
SUnreclaim:       145040 kB
KernelStack:       47136 kB
PageTables:        63172 kB
NFS_Unstable:          0 kB
Bounce:                0 kB
WritebackTmp:          0 kB
CommitLimit:     9202288 kB
Committed_AS:   66012448 kB
VmallocTotal:   263061440 kB
VmallocUsed:      104268 kB
