MemTotal:        5980404 kB
MemFree:         1171744 kB
MemAvailable:    2841936 kB
Buffers:            5992 kB
Cached:          1695240 kB
SwapCached:            0 kB
Active:          1324404 kB
Inactive:        1467660 kB
Active(anon):    1097440 kB
Inactive(anon):    19712 kB
Active(file):     226964 kB
Inactive(file):  1447948 kB
Unevictable:        5636 kB
Mlocked:            5636 kB
SwapTotal:       3670008 kB
SwapFree:        3670008 kB
Dirty:               504 kB
Writeback:             0 kB
AnonPages:       1096320 kB
Mapped:           776344 kB
Shmem:             21720 kB
KReclaimable:     557712 kB
Slab:             222376 kB
SReclaimable:      69840 kB
SUnreclaim:       152536 kB
KernelStack:       43164 kB
PageTables:        55756 kB
NFS_Unstable:          0 kB
Bounce:                0 kB
WritebackTmp:          0 kB
CommitLimit:     6660208 kB
Committed_AS:   61460888 kB
VmallocTotal:   263061440 kB
VmallocUsed:       83524 kB
VmallocChunk:          0 kB
Percpu:             7552 kB
CmaTotal:         315392 kB
CmaFree:               0 kB
MemTotal:        5980404 kB
MemFree:         1166152 kB
MemAvailable:    2836344 kB
Buffers:            5992 kB
Cached:          1695240 kB
SwapCached:            0 kB
Active:          1330148 kB
Inactive:        1467652 kB
Active(anon):    1103176 kB
Inactive(anon):    19712 kB
Active(file):     226972 kB
Inactive(file):  1447940 kB
Unevictable:        5636 kB
Mlocked:            5636 kB
SwapTotal:       3670008 kB
SwapFree:        3670008 kB
Dirty:               252 kB
Writeback:             0 kB
AnonPages:       1102428 kB
Mapped:           776364 kB
Shmem:             21720 kB
KReclaimable:     557712 kB
Slab:             222392 kB
SReclaimable:      69840 kB
SUnreclaim:       152552 kB
KernelStack:       43168 kB
PageTables:        56036 kB
NFS_Unstable:          0 kB
Bounce:                0 kB
WritebackTmp:          0 kB
CommitLimit:     6660208 kB
Committed_AS:   61475480 kB
VmallocTotal:   263061440 kB
VmallocUsed:       83508 kB
VmallocChunk:          0 kB
Percpu:             7552 kB
CmaTotal:         315392 kB
CmaFree:               0 kB
MemTotal:        5980404 kB
MemFree:         1165564 kB
MemAvailable:    2835756 kB
Buffers:            5992 kB
Cached:          1695252 kB
SwapCached:            0 kB
Active:          1331068 kB
Inactive:        1467664 kB
Active(anon):    1104096 kB
Inactive(anon):    19724 kB
Active(file):     226972 kB
Inactive(file):  1447940 kB
Unevictable:        5636 kB
Mlocked:            5636 kB
SwapTotal:       3670008 kB
SwapFree:        3670008 kB
Dirty:               272 kB
Writeback:             0 kB
AnonPages:       1103352 kB
Mapped:           776336 kB
Shmem:             21732 kB
KReclaimable:     557712 kB
Slab:             222396 kB
SReclaimable:      69840 kB
SUnreclaim:       152556 kB
KernelStack:       43168 kB
PageTables:        55700 kB
NFS_Unstable:          0 kB
Bounce:                0 kB
WritebackTmp:          0 kB
CommitLimit:     6660208 kB
Committed_AS:   61479264 kB
VmallocTotal:   263061440 kB
VmallocUsed:       83476 kB
VmallocChunk:          0 kB
Percpu:             7552 kB
CmaTotal:         315392 kB
CmaFree:               0 kB
MemTotal:        5980404 kB
MemFree:         1164780 kB
MemAvailable:    2834972 kB
Buffers:            5992 kB
Cached:          1695252 kB
SwapCached:            0 kB
Active:          1332296 kB
Inactive:        1467664 kB
Active(anon):    1105324 kB
Inactive(anon):    19724 kB
Active(file):     226972 kB
Inactive(file):  1447940 kB
Unevictable:        5636 kB
Mlocked:            5636 kB
SwapTotal:       3670008 kB
SwapFree:        3670008 kB
Dirty:               304 kB
Writeback:             0 kB
AnonPages:       1104208 kB
Mapped:           776148 kB
Shmem:             21732 kB
KReclaimable:     557712 kB
Slab:             222388 kB
SReclaimable:      69840 kB
SUnreclaim:       152548 kB
KernelStack:       43120 kB
PageTables:        55648 kB
NFS_Unstable:          0 kB
Bounce:                0 kB
WritebackTmp:          0 kB
CommitLimit:     6660208 kB
Committed_AS:   61479192 kB
VmallocTotal:   263061440 kB
VmallocUsed:       83508 kB
VmallocChunk:          0 kB
Percpu:             7552 kB
CmaTotal:         315392 kB
CmaFree:               0 kB
MemTotal:        5980404 kB
MemFree:         1162100 kB
MemAvailable:    2832300 kB
Buffers:            5992 kB
Cached:          1695260 kB
SwapCached:            0 kB
Active:          1332648 kB
Inactive:        1467672 kB
Active(anon):    1105676 kB
Inactive(anon):    19724 kB
Active(file):     226972 kB
Inactive(file):  1447948 kB
Unevictable:        5636 kB
Mlocked:            5636 kB
SwapTotal:       3670008 kB
SwapFree:        3670008 kB
Dirty:               328 kB
Writeback:             0 kB
AnonPages:       1104888 kB
Mapped:           776376 kB
Shmem:             21732 kB
KReclaimable:     557712 kB
Slab:             222392 kB
SReclaimable:      69840 kB
SUnreclaim:       152552 kB
KernelStack:       43184 kB
PageTables:        56044 kB
NFS_Unstable:          0 kB
Bounce:                0 kB
WritebackTmp:          0 kB
CommitLimit:     6660208 kB
Committed_AS:   61481732 kB
VmallocTotal:   263061440 kB
VmallocUsed:       83572 kB
VmallocChunk:          0 kB
Percpu:             7552 kB
CmaTotal:         315392 kB
CmaFree:               0 kB
MemTotal:        5980404 kB
MemFree:         1162388 kB
MemAvailable:    2832588 kB
Buffers:            5992 kB
Cached:          1695264 kB
SwapCached:            0 kB
Active:          1332532 kB
Inactive:        1467676 kB
Active(anon):    1105560 kB
Inactive(anon):    19728 kB
Active(file):     226972 kB
Inactive(file):  1447948 kB
Unevictable:        5636 kB
Mlocked:            5636 kB
SwapTotal:       3670008 kB
SwapFree:        3670008 kB
Dirty:               336 kB
Writeback:             0 kB
AnonPages:       1104384 kB
Mapped:           776212 kB
Shmem:             21736 kB
KReclaimable:     557712 kB
Slab:             222392 kB
SReclaimable:      69840 kB
SUnreclaim:       152552 kB
KernelStack:       43152 kB
PageTables:        55804 kB
NFS_Unstable:          0 kB
Bounce:                0 kB
WritebackTmp:          0 kB
CommitLimit:     6660208 kB
Committed_AS:   61477760 kB
VmallocTotal:   263061440 kB
VmallocUsed:       83476 kB
VmallocChunk:          0 kB
Percpu:             7552 kB
CmaTotal:         315392 kB
CmaFree:               0 kB
MemTotal:        5980404 kB
MemFree:         1161480 kB
MemAvailable:    2831704 kB
Buffers:            6000 kB
Cached:          1695280 kB
SwapCached:            0 kB
Active:          1333132 kB
Inactive:        1467692 kB
Active(anon):    1106152 kB
Inactive(anon):    19728 kB
Active(file):     226980 kB
Inactive(file):  1447964 kB
Unevictable:        5636 kB
Mlocked:            5636 kB
SwapTotal:       3670008 kB
SwapFree:        3670008 kB
Dirty:               252 kB
Writeback:             0 kB
AnonPages:       1105080 kB
Mapped:           776216 kB
Shmem:             21736 kB
KReclaimable:     557712 kB
Slab:             222384 kB
SReclaimable:      69840 kB
SUnreclaim:       152544 kB
KernelStack:       43168 kB
PageTables:        55948 kB
NFS_Unstable:          0 kB
Bounce:                0 kB
WritebackTmp:          0 kB
CommitLimit:     6660208 kB
Committed_AS:   61481320 kB
VmallocTotal:   263061440 kB
VmallocUsed:       83492 kB
VmallocChunk:          0 kB
Percpu:             7552 kB
CmaTotal:         315392 kB
CmaFree:               0 kB
MemTotal:        5980404 kB
MemFree:         1162164 kB
MemAvailable:    2832388 kB
Buffers:            6000 kB
Cached:          1695280 kB
SwapCached:            0 kB
Active:          1333120 kB
Inactive:        1467692 kB
Active(anon):    1106140 kB
Inactive(anon):    19728 kB
Active(file):     226980 kB
Inactive(file):  1447964 kB
Unevictable:        5636 kB
Mlocked:            5636 kB
SwapTotal:       3670008 kB
SwapFree:        3670008 kB
Dirty:               256 kB
Writeback:             0 kB
AnonPages:       1105128 kB
Mapped:           776228 kB
Shmem:             21736 kB
KReclaimable:     557712 kB
Slab:             222384 kB
SReclaimable:      69840 kB
SUnreclaim:       152544 kB
KernelStack:       43168 kB
PageTables:        55960 kB
NFS_Unstable:          0 kB
Bounce:                0 kB
WritebackTmp:          0 kB
CommitLimit:     6660208 kB
Committed_AS:   61481360 kB
VmallocTotal:   263061440 kB
VmallocUsed:       83444 kB
VmallocChunk:          0 kB
Percpu:             7552 kB
CmaTotal:         315392 kB
CmaFree:               0 kB
MemTotal:        5980404 kB
MemFree:         1160308 kB
MemAvailable:    2830532 kB
Buffers:            6000 kB
Cached:          1695284 kB
SwapCached:            0 kB
Active:          1334472 kB
Inactive:        1467696 kB
Active(anon):    1107492 kB
Inactive(anon):    19732 kB
Active(file):     226980 kB
Inactive(file):  1447964 kB
Unevictable:        5636 kB
Mlocked:            5636 kB
SwapTotal:       3670008 kB
SwapFree:        3670008 kB
Dirty:               320 kB
Writeback:             0 kB
AnonPages:       1106664 kB
Mapped:           776428 kB
Shmem:             21740 kB
KReclaimable:     557712 kB
Slab:             222384 kB
SReclaimable:      69840 kB
SUnreclaim:       152544 kB
KernelStack:       43120 kB
PageTables:        55916 kB
NFS_Unstable:          0 kB
Bounce:                0 kB
WritebackTmp:          0 kB
CommitLimit:     6660208 kB
Committed_AS:   61478184 kB
VmallocTotal:   263061440 kB
VmallocUsed:       83508 kB
VmallocChunk:          0 kB
Percpu:             7552 kB
CmaTotal:         315392 kB
CmaFree:               0 kB
MemTotal:        5980404 kB
MemFree:         1160460 kB
MemAvailable:    2830688 kB
Buffers:            6000 kB
Cached:          1695288 kB
SwapCached:            0 kB
Active:          1334876 kB
Inactive:        1467696 kB
Active(anon):    1107892 kB
Inactive(anon):    19736 kB
Active(file):     226984 kB
Inactive(file):  1447960 kB
Unevictable:        5636 kB
Mlocked:            5636 kB
SwapTotal:       3670008 kB
SwapFree:        3670008 kB
Dirty:               440 kB
Writeback:             0 kB
AnonPages:       1106984 kB
Mapped:           776432 kB
Shmem:             21744 kB
KReclaimable:     557716 kB
Slab:             222392 kB
SReclaimable:      69844 kB
SUnreclaim:       152548 kB
KernelStack:       43152 kB
PageTables:        56052 kB
NFS_Unstable:          0 kB
Bounce:                0 kB
WritebackTmp:          0 kB
CommitLimit:     6660208 kB
Committed_AS:   61475532 kB
VmallocTotal:   263061440 kB
VmallocUsed:       83476 kB
VmallocChunk:          0 kB
Percpu:             7552 kB
CmaTotal:         315392 kB
CmaFree:               0 kB
MemTotal:        5980404 kB
MemFree:         1160252 kB
MemAvailable:    2830492 kB
Buffers:            6000 kB
Cached:          1695296 kB
SwapCached:            0 kB
Active:          1336072 kB
Inactive:        1467704 kB
Active(anon):    1109088 kB
Inactive(anon):    19736 kB
Active(file):     226984 kB
Inactive(file):  1447968 kB
Unevictable:        5636 kB
Mlocked:            5636 kB
SwapTotal:       3670008 kB
SwapFree:        3670008 kB
Dirty:               460 kB
Writeback:             0 kB
AnonPages:       1107908 kB
Mapped:           776432 kB
Shmem:             21744 kB
KReclaimable:     557720 kB
Slab:             222408 kB
SReclaimable:      69848 kB
SUnreclaim:       152560 kB
KernelStack:       43184 kB
PageTables:        56052 kB
NFS_Unstable:          0 kB
Bounce:                0 kB
WritebackTmp:          0 kB
CommitLimit:     6660208 kB
Committed_AS:   61477352 kB
VmallocTotal:   263061440 kB
VmallocUsed:       83460 kB
VmallocChunk:          0 kB
Percpu:             7552 kB
CmaTotal:         315392 kB
CmaFree:               0 kB
MemTotal:        5980404 kB
MemFree:         1168984 kB
MemAvailable:    2839240 kB
Buffers:            6004 kB
Cached:          1695308 kB
SwapCached:            0 kB
Active:          1325816 kB
Inactive:        1467716 kB
Active(anon):    1098828 kB
Inactive(anon):    19736 kB
Active(file):     226988 kB
Inactive(file):  1447980 kB
Unevictable:        5636 kB
Mlocked:            5636 kB
SwapTotal:       3670008 kB
SwapFree:        3670008 kB
Dirty:               316 kB
Writeback:             0 kB
AnonPages:       1097896 kB
Mapped:           776392 kB
Shmem:             21744 kB
KReclaimable:     557720 kB
Slab:             222436 kB
SReclaimable:      69848 kB
SUnreclaim:       152588 kB
KernelStack:       43136 kB
PageTables:        56024 kB
NFS_Unstable:          0 kB
Bounce:                0 kB
WritebackTmp:          0 kB
CommitLimit:     6660208 kB
Committed_AS:   61477044 kB
VmallocTotal:   263061440 kB
VmallocUsed:       83460 kB
VmallocChunk:          0 kB
Percpu:             7552 kB
CmaTotal:         315392 kB
CmaFree:             176 kB
MemTotal:        5980404 kB
MemFree:         1168372 kB
MemAvailable:    2838628 kB
Buffers:            6004 kB
Cached:          1695308 kB
SwapCached:            0 kB
Active:          1326452 kB
Inactive:        1467716 kB
Active(anon):    1099464 kB
Inactive(anon):    19736 kB
Active(file):     226988 kB
Inactive(file):  1447980 kB
Unevictable:        5636 kB
Mlocked:            5636 kB
SwapTotal:       3670008 kB
SwapFree:        3670008 kB
Dirty:               336 kB
Writeback:             0 kB
AnonPages:       1098484 kB
Mapped:           776432 kB
Shmem:             21744 kB
KReclaimable:     557720 kB
Slab:             222444 kB
SReclaimable:      69848 kB
SUnreclaim:       152596 kB
KernelStack:       43248 kB
PageTables:        56052 kB
NFS_Unstable:          0 kB
Bounce:                0 kB
WritebackTmp:          0 kB
CommitLimit:     6660208 kB
Committed_AS:   61481684 kB
VmallocTotal:   263061440 kB
VmallocUsed:       83572 kB
VmallocChunk:          0 kB
Percpu:             7552 kB
CmaTotal:         315392 kB
CmaFree:               0 kB
MemTotal:        5980404 kB
MemFree:         1167968 kB
MemAvailable:    2838224 kB
Buffers:            6004 kB
Cached:          1695308 kB
SwapCached:            0 kB
Active:          1326204 kB
Inactive:        1467716 kB
Active(anon):    1099216 kB
Inactive(anon):    19736 kB
Active(file):     226988 kB
Inactive(file):  1447980 kB
Unevictable:        5636 kB
Mlocked:            5636 kB
SwapTotal:       3670008 kB
SwapFree:        3670008 kB
Dirty:               340 kB
Writeback:             0 kB
AnonPages:       1098428 kB
Mapped:           776432 kB
Shmem:             21744 kB
KReclaimable:     557720 kB
Slab:             222444 kB
SReclaimable:      69848 kB
SUnreclaim:       152596 kB
KernelStack:       43248 kB
PageTables:        56052 kB
NFS_Unstable:          0 kB
Bounce:                0 kB
WritebackTmp:          0 kB
CommitLimit:     6660208 kB
Committed_AS:   61481216 kB
VmallocTotal:   263061440 kB
VmallocUsed:       83588 kB
VmallocChunk:          0 kB
Percpu:             7552 kB
CmaTotal:         315392 kB
CmaFree:               0 kB
MemTotal:        5980404 kB
MemFree:         1166904 kB
MemAvailable:    2837160 kB
Buffers:            6004 kB
Cached:          1695312 kB
SwapCached:            0 kB
Active:          1327536 kB
Inactive:        1467720 kB
Active(anon):    1100548 kB
Inactive(anon):    19740 kB
Active(file):     226988 kB
Inactive(file):  1447980 kB
Unevictable:        5636 kB
Mlocked:            5636 kB
SwapTotal:       3670008 kB
SwapFree:        3670008 kB
Dirty:               504 kB
Writeback:             0 kB
AnonPages:       1099652 kB
Mapped:           776436 kB
Shmem:             21748 kB
KReclaimable:     557720 kB
Slab:             222448 kB
SReclaimable:      69848 kB
SUnreclaim:       152600 kB
KernelStack:       43328 kB
PageTables:        55980 kB
NFS_Unstable:          0 kB
Bounce:                0 kB
WritebackTmp:          0 kB
CommitLimit:     6660208 kB
Committed_AS:   61478976 kB
VmallocTotal:   263061440 kB
VmallocUsed:       83652 kB
VmallocChunk:          0 kB
Percpu:             7552 kB
CmaTotal:         315392 kB
CmaFree:               0 kB
MemTotal:        5980404 kB
MemFree:         1155944 kB
MemAvailable:    2826276 kB
Buffers:            6004 kB
Cached:          1695480 kB
SwapCached:            0 kB
Active:          1338216 kB
Inactive:        1467880 kB
Active(anon):    1111220 kB
Inactive(anon):    19832 kB
Active(file):     226996 kB
Inactive(file):  1448048 kB
Unevictable:        5636 kB
Mlocked:            5636 kB
SwapTotal:       3670008 kB
SwapFree:        3670008 kB
Dirty:              1308 kB
Writeback:             0 kB
AnonPages:       1110136 kB
Mapped:           789828 kB
Shmem:             21840 kB
KReclaimable:     557720 kB
Slab:             222436 kB
SReclaimable:      69848 kB
SUnreclaim:       152588 kB
KernelStack:       43696 kB
PageTables:        56036 kB
NFS_Unstable:          0 kB
Bounce:                0 kB
WritebackTmp:          0 kB
CommitLimit:     6660208 kB
Committed_AS:   61481824 kB
VmallocTotal:   263061440 kB
VmallocUsed:       84068 kB
VmallocChunk:          0 kB
Percpu:             7552 kB
CmaTotal:         315392 kB
CmaFree:               0 kB
MemTotal:        5980404 kB
MemFree:         1155140 kB
MemAvailable:    2825488 kB
Buffers:            6008 kB
Cached:          1695492 kB
SwapCached:            0 kB
Active:          1338312 kB
Inactive:        1467892 kB
Active(anon):    1111312 kB
Inactive(anon):    19832 kB
Active(file):     227000 kB
Inactive(file):  1448060 kB
Unevictable:        5636 kB
Mlocked:            5636 kB
SwapTotal:       3670008 kB
SwapFree:        3670008 kB
Dirty:               728 kB
Writeback:             0 kB
AnonPages:       1110532 kB
Mapped:           789840 kB
Shmem:             21840 kB
KReclaimable:     557720 kB
Slab:             222440 kB
SReclaimable:      69848 kB
SUnreclaim:       152592 kB
KernelStack:       43760 kB
PageTables:        56096 kB
NFS_Unstable:          0 kB
Bounce:                0 kB
WritebackTmp:          0 kB
CommitLimit:     6660208 kB
Committed_AS:   61480328 kB
VmallocTotal:   263061440 kB
VmallocUsed:       84068 kB
VmallocChunk:          0 kB
Percpu:             7552 kB
CmaTotal:         315392 kB
CmaFree:               0 kB
MemTotal:        5980404 kB
MemFree:         1156144 kB
MemAvailable:    2826492 kB
Buffers:            6008 kB
Cached:          1695492 kB
SwapCached:            0 kB
Active:          1338620 kB
Inactive:        1467892 kB
Active(anon):    1111620 kB
Inactive(anon):    19832 kB
Active(file):     227000 kB
Inactive(file):  1448060 kB
Unevictable:        5636 kB
Mlocked:            5636 kB
SwapTotal:       3670008 kB
SwapFree:        3670008 kB
Dirty:               756 kB
Writeback:             0 kB
AnonPages:       1110696 kB
Mapped:           789600 kB
Shmem:             21840 kB
KReclaimable:     557720 kB
Slab:             222444 kB
SReclaimable:      69848 kB
SUnreclaim:       152596 kB
KernelStack:       43664 kB
PageTables:        55968 kB
NFS_Unstable:          0 kB
Bounce:                0 kB
WritebackTmp:          0 kB
CommitLimit:     6660208 kB
Committed_AS:   61476736 kB
VmallocTotal:   263061440 kB
VmallocUsed:       84052 kB
VmallocChunk:          0 kB
Percpu:             7552 kB
CmaTotal:         315392 kB
CmaFree:               0 kB
MemTotal:        5980404 kB
MemFree:         1154364 kB
MemAvailable:    2824704 kB
Buffers:            6008 kB
Cached:          1695484 kB
SwapCached:            0 kB
Active:          1339224 kB
Inactive:        1467888 kB
Active(anon):    1112228 kB
Inactive(anon):    19832 kB
Active(file):     226996 kB
Inactive(file):  1448056 kB
Unevictable:        5636 kB
Mlocked:            5636 kB
SwapTotal:       3670008 kB
SwapFree:        3670008 kB
Dirty:               800 kB
Writeback:             0 kB
AnonPages:       1111356 kB
Mapped:           789932 kB
Shmem:             21840 kB
KReclaimable:     557720 kB
Slab:             222448 kB
SReclaimable:      69848 kB
SUnreclaim:       152600 kB
KernelStack:       43936 kB
PageTables:        56168 kB
NFS_Unstable:          0 kB
Bounce:                0 kB
WritebackTmp:          0 kB
CommitLimit:     6660208 kB
Committed_AS:   61482996 kB
VmallocTotal:   263061440 kB
VmallocUsed:       84276 kB
VmallocChunk:          0 kB
Percpu:             7552 kB
CmaTotal:         315392 kB
CmaFree:               0 kB
MemTotal:        5980404 kB
MemFree:         1154596 kB
MemAvailable:    2824944 kB
Buffers:            6008 kB
Cached:          1695492 kB
SwapCached:            0 kB
Active:          1338016 kB
Inactive:        1467892 kB
Active(anon):    1111016 kB
Inactive(anon):    19832 kB
Active(file):     227000 kB
Inactive(file):  1448060 kB
Unevictable:        5636 kB
Mlocked:            5636 kB
SwapTotal:       3670008 kB
SwapFree:        3670008 kB
Dirty:               852 kB
Writeback:             0 kB
AnonPages:       1110312 kB
Mapped:           789984 kB
Shmem:             21840 kB
KReclaimable:     557720 kB
Slab:             222448 kB
SReclaimable:      69848 kB
SUnreclaim:       152600 kB
KernelStack:       43920 kB
PageTables:        55904 kB
NFS_Unstable:          0 kB
Bounce:                0 kB
WritebackTmp:          0 kB
CommitLimit:     6660208 kB
Committed_AS:   61479592 kB
VmallocTotal:   263061440 kB
VmallocUsed:       84308 kB
VmallocChunk:          0 kB
Percpu:             7552 kB
CmaTotal:         315392 kB
CmaFree:               0 kB
MemTotal:        5980404 kB
MemFree:         1154420 kB
MemAvailable:    2824772 kB
Buffers:            6008 kB
Cached:          1695496 kB
SwapCached:            0 kB
Active:          1339424 kB
Inactive:        1467896 kB
Active(anon):    1112424 kB
Inactive(anon):    19832 kB
Active(file):     227000 kB
Inactive(file):  1448064 kB
Unevictable:        5636 kB
Mlocked:            5636 kB
SwapTotal:       3670008 kB
SwapFree:        3670008 kB
Dirty:               924 kB
Writeback:             0 kB
AnonPages:       1111628 kB
Mapped:           789704 kB
Shmem:             21840 kB
KReclaimable:     557720 kB
Slab:             222452 kB
SReclaimable:      69848 kB
SUnreclaim:       152604 kB
KernelStack:       43872 kB
PageTables:        55896 kB
NFS_Unstable:          0 kB
Bounce:                0 kB
WritebackTmp:          0 kB
CommitLimit:     6660208 kB
Committed_AS:   61482180 kB
VmallocTotal:   263061440 kB
VmallocUsed:       84228 kB
VmallocChunk:          0 kB
Percpu:             7552 kB
CmaTotal:         315392 kB
CmaFree:               0 kB
MemTotal:        5980404 kB
MemFree:         1153512 kB
MemAvailable:    2823876 kB
Buffers:            6008 kB
Cached:          1695508 kB
SwapCached:            0 kB
Active:          1340624 kB
Inactive:        1467904 kB
Active(anon):    1113620 kB
Inactive(anon):    19832 kB
Active(file):     227004 kB
Inactive(file):  1448072 kB
Unevictable:        5636 kB
Mlocked:            5636 kB
SwapTotal:       3670008 kB
SwapFree:        3670008 kB
Dirty:               940 kB
Writeback:             0 kB
AnonPages:       1112600 kB
Mapped:           789932 kB
Shmem:             21840 kB
KReclaimable:     557720 kB
Slab:             222456 kB
SReclaimable:      69848 kB
SUnreclaim:       152608 kB
KernelStack:       43888 kB
PageTables:        56048 kB
NFS_Unstable:          0 kB
Bounce:                0 kB
WritebackTmp:          0 kB
CommitLimit:     6660208 kB
Committed_AS:   61481952 kB
VmallocTotal:   263061440 kB
VmallocUsed:       84276 kB
VmallocChunk:          0 kB
Percpu:             7552 kB
CmaTotal:         315392 kB
CmaFree:               0 kB
MemTotal:        5980404 kB
MemFree:         1153680 kB
MemAvailable:    2824048 kB
Buffers:            6012 kB
Cached:          1695508 kB
SwapCached:            0 kB
Active:          1340744 kB
Inactive:        1467912 kB
Active(anon):    1113744 kB
Inactive(anon):    19832 kB
Active(file):     227000 kB
Inactive(file):  1448080 kB
Unevictable:        5636 kB
Mlocked:            5636 kB
SwapTotal:       3670008 kB
SwapFree:        3670008 kB
Dirty:               320 kB
Writeback:             0 kB
AnonPages:       1113040 kB
Mapped:           789932 kB
Shmem:             21840 kB
KReclaimable:     557720 kB
Slab:             222496 kB
SReclaimable:      69848 kB
SUnreclaim:       152648 kB
KernelStack:       43888 kB
PageTables:        56168 kB
NFS_Unstable:          0 kB
Bounce:                0 kB
WritebackTmp:          0 kB
CommitLimit:     6660208 kB
Committed_AS:   61481764 kB
VmallocTotal:   263061440 kB
VmallocUsed:       84244 kB
VmallocChunk:          0 kB
Percpu:             7552 kB
CmaTotal:         315392 kB
CmaFree:               0 kB
MemTotal:        5980404 kB
MemFree:         1153780 kB
MemAvailable:    2824152 kB
Buffers:            6012 kB
Cached:          1695512 kB
SwapCached:            0 kB
Active:          1340016 kB
Inactive:        1467912 kB
Active(anon):    1113012 kB
Inactive(anon):    19832 kB
Active(file):     227004 kB
Inactive(file):  1448080 kB
Unevictable:        5636 kB
Mlocked:            5636 kB
SwapTotal:       3670008 kB
SwapFree:        3670008 kB
Dirty:               392 kB
Writeback:             0 kB
AnonPages:       1112004 kB
Mapped:           789932 kB
Shmem:             21840 kB
KReclaimable:     557720 kB
Slab:             222516 kB
SReclaimable:      69848 kB
SUnreclaim:       152668 kB
KernelStack:       43856 kB
PageTables:        55904 kB
NFS_Unstable:          0 kB
Bounce:                0 kB
WritebackTmp:          0 kB
CommitLimit:     6660208 kB
Committed_AS:   61479052 kB
VmallocTotal:   263061440 kB
VmallocUsed:       84228 kB
VmallocChunk:          0 kB
Percpu:             7552 kB
CmaTotal:         315392 kB
CmaFree:               0 kB
MemTotal:        5980404 kB
MemFree:         1153316 kB
MemAvailable:    2823688 kB
Buffers:            6012 kB
Cached:          1695512 kB
SwapCached:            0 kB
Active:          1340360 kB
Inactive:        1467912 kB
Active(anon):    1113356 kB
Inactive(anon):    19832 kB
Active(file):     227004 kB
Inactive(file):  1448080 kB
Unevictable:        5636 kB
Mlocked:            5636 kB
SwapTotal:       3670008 kB
SwapFree:        3670008 kB
Dirty:               344 kB
Writeback:             0 kB
AnonPages:       1112484 kB
Mapped:           789804 kB
Shmem:             21840 kB
KReclaimable:     557720 kB
Slab:             222492 kB
SReclaimable:      69848 kB
SUnreclaim:       152644 kB
KernelStack:       43932 kB
PageTables:        56104 kB
NFS_Unstable:          0 kB
Bounce:                0 kB
WritebackTmp:          0 kB
CommitLimit:     6660208 kB
Committed_AS:   61478656 kB
VmallocTotal:   263061440 kB
VmallocUsed:       84260 kB
VmallocChunk:          0 kB
Percpu:             7552 kB
CmaTotal:         315392 kB
CmaFree:               4 kB
MemTotal:        5980404 kB
MemFree:         1153884 kB
MemAvailable:    2824256 kB
Buffers:            6012 kB
Cached:          1695516 kB
SwapCached:            0 kB
Active:          1339952 kB
Inactive:        1467916 kB
Active(anon):    1112948 kB
Inactive(anon):    19836 kB
Active(file):     227004 kB
Inactive(file):  1448080 kB
Unevictable:        5636 kB
Mlocked:            5636 kB
SwapTotal:       3670008 kB
SwapFree:        3670008 kB
Dirty:               472 kB
Writeback:             0 kB
AnonPages:       1111916 kB
Mapped:           789932 kB
Shmem:             21844 kB
KReclaimable:     557720 kB
Slab:             222468 kB
SReclaimable:      69848 kB
SUnreclaim:       152620 kB
KernelStack:       43920 kB
PageTables:        56188 kB
NFS_Unstable:          0 kB
Bounce:                0 kB
WritebackTmp:          0 kB
CommitLimit:     6660208 kB
Committed_AS:   61486132 kB
VmallocTotal:   263061440 kB
VmallocUsed:       84196 kB
VmallocChunk:          0 kB
Percpu:             7552 kB
CmaTotal:         315392 kB
CmaFree:               0 kB
MemTotal:        5980404 kB
MemFree:         1153120 kB
MemAvailable:    2823492 kB
Buffers:            6012 kB
Cached:          1695524 kB
SwapCached:            0 kB
Active:          1340260 kB
Inactive:        1467924 kB
Active(anon):    1113256 kB
Inactive(anon):    19844 kB
Active(file):     227004 kB
Inactive(file):  1448080 kB
Unevictable:        5636 kB
Mlocked:            5636 kB
SwapTotal:       3670008 kB
SwapFree:        3670008 kB
Dirty:               524 kB
Writeback:             0 kB
AnonPages:       1112368 kB
Mapped:           789984 kB
Shmem:             21852 kB
KReclaimable:     557720 kB
Slab:             222480 kB
SReclaimable:      69848 kB
SUnreclaim:       152632 kB
KernelStack:       43872 kB
PageTables:        56060 kB
NFS_Unstable:          0 kB
Bounce:                0 kB
WritebackTmp:          0 kB
CommitLimit:     6660208 kB
Committed_AS:   61481580 kB
VmallocTotal:   263061440 kB
VmallocUsed:       84196 kB
VmallocChunk:          0 kB
Percpu:             7552 kB
CmaTotal:         315392 kB
CmaFree:               0 kB
MemTotal:        5980404 kB
MemFree:         1152712 kB
MemAvailable:    2823092 kB
Buffers:            6012 kB
Cached:          1695532 kB
SwapCached:            0 kB
Active:          1340876 kB
Inactive:        1467932 kB
Active(anon):    1113872 kB
Inactive(anon):    19844 kB
Active(file):     227004 kB
Inactive(file):  1448088 kB
Unevictable:        5636 kB
Mlocked:            5636 kB
SwapTotal:       3670008 kB
SwapFree:        3670008 kB
Dirty:               544 kB
Writeback:             0 kB
AnonPages:       1113108 kB
Mapped:           789944 kB
Shmem:             21852 kB
KReclaimable:     557720 kB
Slab:             222480 kB
SReclaimable:      69848 kB
SUnreclaim:       152632 kB
KernelStack:       43904 kB
PageTables:        56168 kB
NFS_Unstable:          0 kB
Bounce:                0 kB
WritebackTmp:          0 kB
CommitLimit:     6660208 kB
Committed_AS:   61485968 kB
VmallocTotal:   263061440 kB
VmallocUsed:       84212 kB
VmallocChunk:          0 kB
Percpu:             7552 kB
CmaTotal:         315392 kB
CmaFree:               0 kB
MemTotal:        5980404 kB
MemFree:         1152396 kB
MemAvailable:    2822776 kB
Buffers:            6012 kB
Cached:          1695536 kB
SwapCached:            0 kB
Active:          1342232 kB
Inactive:        1467936 kB
Active(anon):    1115228 kB
Inactive(anon):    19848 kB
Active(file):     227004 kB
Inactive(file):  1448088 kB
Unevictable:        5636 kB
Mlocked:            5636 kB
SwapTotal:       3670008 kB
SwapFree:        3670008 kB
Dirty:               348 kB
Writeback:             0 kB
AnonPages:       1114336 kB
Mapped:           789888 kB
Shmem:             21856 kB
KReclaimable:     557720 kB
Slab:             222444 kB
SReclaimable:      69848 kB
SUnreclaim:       152596 kB
KernelStack:       43904 kB
PageTables:        56252 kB
NFS_Unstable:          0 kB
Bounce:                0 kB
WritebackTmp:          0 kB
CommitLimit:     6660208 kB
Committed_AS:   61482864 kB
VmallocTotal:   263061440 kB
VmallocUsed:       84228 kB
VmallocChunk:          0 kB
Percpu:             7552 kB
CmaTotal:         315392 kB
CmaFree:               0 kB
MemTotal:        5980404 kB
MemFree:         1153092 kB
MemAvailable:    2823472 kB
Buffers:            6012 kB
Cached:          1695536 kB
SwapCached:            0 kB
Active:          1342352 kB
Inactive:        1467936 kB
Active(anon):    1115348 kB
Inactive(anon):    19848 kB
Active(file):     227004 kB
Inactive(file):  1448088 kB
Unevictable:        5636 kB
Mlocked:            5636 kB
SwapTotal:       3670008 kB
SwapFree:        3670008 kB
Dirty:               348 kB
Writeback:             0 kB
AnonPages:       1114608 kB
Mapped:           789788 kB
Shmem:             21856 kB
KReclaimable:     557720 kB
Slab:             222436 kB
SReclaimable:      69848 kB
SUnreclaim:       152588 kB
KernelStack:       43904 kB
PageTables:        55904 kB
NFS_Unstable:          0 kB
Bounce:                0 kB
WritebackTmp:          0 kB
CommitLimit:     6660208 kB
Committed_AS:   61480124 kB
VmallocTotal:   263061440 kB
VmallocUsed:       84244 kB
VmallocChunk:          0 kB
Percpu:             7552 kB
CmaTotal:         315392 kB
CmaFree:               0 kB
MemTotal:        5980404 kB
MemFree:         1151832 kB
MemAvailable:    2822232 kB
Buffers:            6020 kB
Cached:          1695548 kB
SwapCached:            0 kB
Active:          1343288 kB
Inactive:        1467948 kB
Active(anon):    1116276 kB
Inactive(anon):    19848 kB
Active(file):     227012 kB
Inactive(file):  1448100 kB
Unevictable:        5636 kB
Mlocked:            5636 kB
SwapTotal:       3670008 kB
SwapFree:        3670008 kB
Dirty:               380 kB
Writeback:             0 kB
AnonPages:       1115152 kB
Mapped:           789948 kB
Shmem:             21856 kB
KReclaimable:     557720 kB
Slab:             222440 kB
SReclaimable:      69848 kB
SUnreclaim:       152592 kB
KernelStack:       43920 kB
PageTables:        56228 kB
NFS_Unstable:          0 kB
Bounce:                0 kB
WritebackTmp:          0 kB
CommitLimit:     6660208 kB
Committed_AS:   61484884 kB
VmallocTotal:   263061440 kB
VmallocUsed:       84244 kB
VmallocChunk:          0 kB
Percpu:             7552 kB
CmaTotal:         315392 kB
CmaFree:               0 kB
MemTotal:        5980404 kB
MemFree:         1151552 kB
MemAvailable:    2821952 kB
Buffers:            6020 kB
Cached:          1695548 kB
SwapCached:            0 kB
Active:          1344368 kB
Inactive:        1467940 kB
Active(anon):    1117348 kB
Inactive(anon):    19848 kB
Active(file):     227020 kB
Inactive(file):  1448092 kB
Unevictable:        5636 kB
Mlocked:            5636 kB
SwapTotal:       3670008 kB
SwapFree:        3670008 kB
Dirty:               432 kB
Writeback:             0 kB
AnonPages:       1116392 kB
Mapped:           789736 kB
Shmem:             21856 kB
KReclaimable:     557720 kB
Slab:             222440 kB
SReclaimable:      69848 kB
SUnreclaim:       152592 kB
KernelStack:       43888 kB
PageTables:        56036 kB
NFS_Unstable:          0 kB
Bounce:                0 kB
WritebackTmp:          0 kB
CommitLimit:     6660208 kB
Committed_AS:   61483384 kB
VmallocTotal:   263061440 kB
VmallocUsed:       84276 kB
VmallocChunk:          0 kB
Percpu:             7552 kB
CmaTotal:         315392 kB
CmaFree:               0 kB
MemTotal:        5980404 kB
MemFree:         1150180 kB
MemAvailable:    2820580 kB
Buffers:            6020 kB
Cached:          1695548 kB
SwapCached:            0 kB
Active:          1344416 kB
Inactive:        1467940 kB
Active(anon):    1117396 kB
Inactive(anon):    19848 kB
Active(file):     227020 kB
Inactive(file):  1448092 kB
Unevictable:        5636 kB
Mlocked:            5636 kB
SwapTotal:       3670008 kB
SwapFree:        3670008 kB
Dirty:               480 kB
Writeback:             0 kB
AnonPages:       1116588 kB
Mapped:           789508 kB
Shmem:             21856 kB
KReclaimable:     557720 kB
Slab:             222440 kB
SReclaimable:      69848 kB
SUnreclaim:       152592 kB
KernelStack:       43872 kB
PageTables:        56044 kB
NFS_Unstable:          0 kB
Bounce:                0 kB
WritebackTmp:          0 kB
CommitLimit:     6660208 kB
Committed_AS:   61481280 kB
VmallocTotal:   263061440 kB
VmallocUsed:       84276 kB
VmallocChunk:          0 kB
Percpu:             7552 kB
CmaTotal:         315392 kB
CmaFree:               0 kB
MemTotal:        5980404 kB
MemFree:         1150876 kB
MemAvailable:    2821276 kB
Buffers:            6020 kB
Cached:          1695556 kB
SwapCached:            0 kB
Active:          1344372 kB
Inactive:        1467948 kB
Active(anon):    1117352 kB
Inactive(anon):    19856 kB
Active(file):     227020 kB
Inactive(file):  1448092 kB
Unevictable:        5636 kB
Mlocked:            5636 kB
SwapTotal:       3670008 kB
SwapFree:        3670008 kB
Dirty:               624 kB
Writeback:             0 kB
AnonPages:       1116572 kB
Mapped:           789908 kB
Shmem:             21864 kB
KReclaimable:     557720 kB
Slab:             222432 kB
SReclaimable:      69848 kB
SUnreclaim:       152584 kB
KernelStack:       43872 kB
PageTables:        56132 kB
NFS_Unstable:          0 kB
Bounce:                0 kB
WritebackTmp:          0 kB
CommitLimit:     6660208 kB
Committed_AS:   61482252 kB
VmallocTotal:   263061440 kB
VmallocUsed:       84260 kB
VmallocChunk:          0 kB
Percpu:             7552 kB
CmaTotal:         315392 kB
CmaFree:               0 kB
MemTotal:        5980404 kB
MemFree:         1150236 kB
MemAvailable:    2820648 kB
Buffers:            6020 kB
Cached:          1695568 kB
SwapCached:            0 kB
Active:          1345784 kB
Inactive:        1467960 kB
Active(anon):    1118764 kB
Inactive(anon):    19856 kB
Active(file):     227020 kB
Inactive(file):  1448104 kB
Unevictable:        5636 kB
Mlocked:            5636 kB
SwapTotal:       3670008 kB
SwapFree:        3670008 kB
Dirty:               756 kB
Writeback:             0 kB
AnonPages:       1117716 kB
Mapped:           789744 kB
Shmem:             21864 kB
KReclaimable:     557720 kB
Slab:             222416 kB
SReclaimable:      69848 kB
SUnreclaim:       152568 kB
KernelStack:       43872 kB
PageTables:        56036 kB
NFS_Unstable:          0 kB
Bounce:                0 kB
WritebackTmp:          0 kB
CommitLimit:     6660208 kB
Committed_AS:   61483040 kB
VmallocTotal:   263061440 kB
VmallocUsed:       84244 kB
VmallocChunk:          0 kB
Percpu:             7552 kB
CmaTotal:         315392 kB
CmaFree:               0 kB
MemTotal:        5980404 kB
MemFree:         1148184 kB
MemAvailable:    2818596 kB
Buffers:            6020 kB
Cached:          1695568 kB
SwapCached:            0 kB
Active:          1347236 kB
Inactive:        1467960 kB
Active(anon):    1120216 kB
Inactive(anon):    19856 kB
Active(file):     227020 kB
Inactive(file):  1448104 kB
Unevictable:        5636 kB
Mlocked:            5636 kB
SwapTotal:       3670008 kB
SwapFree:        3670008 kB
Dirty:               820 kB
Writeback:             0 kB
AnonPages:       1119364 kB
Mapped:           789628 kB
Shmem:             21864 kB
KReclaimable:     557720 kB
Slab:             222440 kB
SReclaimable:      69848 kB
SUnreclaim:       152592 kB
KernelStack:       43872 kB
PageTables:        56076 kB
NFS_Unstable:          0 kB
Bounce:                0 kB
WritebackTmp:          0 kB
CommitLimit:     6660208 kB
Committed_AS:   61486188 kB
VmallocTotal:   263061440 kB
VmallocUsed:       84228 kB
VmallocChunk:          0 kB
Percpu:             7552 kB
CmaTotal:         315392 kB
CmaFree:               0 kB
MemTotal:        5980404 kB
MemFree:         1158572 kB
MemAvailable:    2829004 kB
Buffers:            6028 kB
Cached:          1695584 kB
SwapCached:            0 kB
Active:          1336252 kB
Inactive:        1467976 kB
Active(anon):    1109224 kB
Inactive(anon):    19856 kB
Active(file):     227028 kB
Inactive(file):  1448120 kB
Unevictable:        5636 kB
Mlocked:            5636 kB
SwapTotal:       3670008 kB
SwapFree:        3670008 kB
Dirty:               820 kB
Writeback:             0 kB
AnonPages:       1108280 kB
Mapped:           776528 kB
Shmem:             21864 kB
KReclaimable:     557716 kB
Slab:             222424 kB
SReclaimable:      69844 kB
SUnreclaim:       152580 kB
KernelStack:       43840 kB
PageTables:        56108 kB
NFS_Unstable:          0 kB
Bounce:                0 kB
WritebackTmp:          0 kB
CommitLimit:     6660208 kB
Committed_AS:   61488284 kB
VmallocTotal:   263061440 kB
VmallocUsed:       84228 kB
VmallocChunk:          0 kB
Percpu:             7552 kB
CmaTotal:         315392 kB
CmaFree:               0 kB
MemTotal:        5980404 kB
MemFree:         1158436 kB
MemAvailable:    2828868 kB
Buffers:            6028 kB
Cached:          1695584 kB
SwapCached:            0 kB
Active:          1336532 kB
Inactive:        1467976 kB
Active(anon):    1109504 kB
Inactive(anon):    19856 kB
Active(file):     227028 kB
Inactive(file):  1448120 kB
Unevictable:        5636 kB
Mlocked:            5636 kB
SwapTotal:       3670008 kB
SwapFree:        3670008 kB
Dirty:               828 kB
Writeback:             0 kB
AnonPages:       1108740 kB
Mapped:           776700 kB
Shmem:             21864 kB
KReclaimable:     557716 kB
Slab:             222424 kB
SReclaimable:      69844 kB
SUnreclaim:       152580 kB
KernelStack:       43824 kB
PageTables:        56004 kB
NFS_Unstable:          0 kB
Bounce:                0 kB
WritebackTmp:          0 kB
CommitLimit:     6660208 kB
Committed_AS:   61487888 kB
VmallocTotal:   263061440 kB
VmallocUsed:       84196 kB
VmallocChunk:          0 kB
Percpu:             7552 kB
CmaTotal:         315392 kB
CmaFree:               0 kB
MemTotal:        5980404 kB
MemFree:         1158312 kB
MemAvailable:    2828744 kB
Buffers:            6028 kB
Cached:          1695584 kB
SwapCached:            0 kB
Active:          1336664 kB
Inactive:        1467976 kB
Active(anon):    1109636 kB
Inactive(anon):    19856 kB
Active(file):     227028 kB
Inactive(file):  1448120 kB
Unevictable:        5636 kB
Mlocked:            5636 kB
SwapTotal:       3670008 kB
SwapFree:        3670008 kB
Dirty:               828 kB
Writeback:             0 kB
AnonPages:       1108816 kB
Mapped:           776472 kB
Shmem:             21864 kB
KReclaimable:     557716 kB
Slab:             222428 kB
SReclaimable:      69844 kB
SUnreclaim:       152584 kB
KernelStack:       43840 kB
PageTables:        55884 kB
NFS_Unstable:          0 kB
Bounce:                0 kB
WritebackTmp:          0 kB
CommitLimit:     6660208 kB
Committed_AS:   61489380 kB
VmallocTotal:   263061440 kB
VmallocUsed:       84212 kB
VmallocChunk:          0 kB
Percpu:             7552 kB
CmaTotal:         315392 kB
CmaFree:               0 kB
MemTotal:        5980404 kB
MemFree:         1159112 kB
MemAvailable:    2829544 kB
Buffers:            6028 kB
Cached:          1695584 kB
SwapCached:            0 kB
Active:          1336816 kB
Inactive:        1467976 kB
Active(anon):    1109788 kB
Inactive(anon):    19856 kB
Active(file):     227028 kB
Inactive(file):  1448120 kB
Unevictable:        5636 kB
Mlocked:            5636 kB
SwapTotal:       3670008 kB
SwapFree:        3670008 kB
Dirty:               836 kB
Writeback:             0 kB
AnonPages:       1108876 kB
Mapped:           776520 kB
Shmem:             21864 kB
KReclaimable:     557716 kB
Slab:             222428 kB
SReclaimable:      69844 kB
SUnreclaim:       152584 kB
KernelStack:       43808 kB
PageTables:        56080 kB
NFS_Unstable:          0 kB
Bounce:                0 kB
WritebackTmp:          0 kB
CommitLimit:     6660208 kB
Committed_AS:   61487220 kB
VmallocTotal:   263061440 kB
VmallocUsed:       84164 kB
VmallocChunk:          0 kB
Percpu:             7552 kB
CmaTotal:         315392 kB
CmaFree:               0 kB
MemTotal:        5980404 kB
MemFree:         1158644 kB
MemAvailable:    2829076 kB
Buffers:            6028 kB
Cached:          1695584 kB
SwapCached:            0 kB
Active:          1336192 kB
Inactive:        1467976 kB
Active(anon):    1109164 kB
Inactive(anon):    19856 kB
Active(file):     227028 kB
Inactive(file):  1448120 kB
Unevictable:        5636 kB
Mlocked:            5636 kB
SwapTotal:       3670008 kB
SwapFree:        3670008 kB
Dirty:               836 kB
Writeback:             0 kB
AnonPages:       1108384 kB
Mapped:           776432 kB
Shmem:             21864 kB
KReclaimable:     557716 kB
Slab:             222428 kB
SReclaimable:      69844 kB
SUnreclaim:       152584 kB
KernelStack:       43760 kB
PageTables:        55920 kB
NFS_Unstable:          0 kB
Bounce:                0 kB
WritebackTmp:          0 kB
CommitLimit:     6660208 kB
Committed_AS:   61486540 kB
VmallocTotal:   263061440 kB
VmallocUsed:       84100 kB
VmallocChunk:          0 kB
Percpu:             7552 kB
CmaTotal:         315392 kB
CmaFree:               0 kB
MemTotal:        5980404 kB
MemFree:         1158656 kB
MemAvailable:    2829096 kB
Buffers:            6028 kB
Cached:          1695592 kB
SwapCached:            0 kB
Active:          1336512 kB
Inactive:        1467984 kB
Active(anon):    1109484 kB
Inactive(anon):    19856 kB
Active(file):     227028 kB
Inactive(file):  1448128 kB
Unevictable:        5636 kB
Mlocked:            5636 kB
SwapTotal:       3670008 kB
SwapFree:        3670008 kB
Dirty:               308 kB
Writeback:             0 kB
AnonPages:       1108400 kB
Mapped:           776528 kB
Shmem:             21864 kB
KReclaimable:     557716 kB
Slab:             222440 kB
SReclaimable:      69844 kB
SUnreclaim:       152596 kB
KernelStack:       43680 kB
PageTables:        55960 kB
NFS_Unstable:          0 kB
Bounce:                0 kB
WritebackTmp:          0 kB
CommitLimit:     6660208 kB
Committed_AS:   61485712 kB
VmallocTotal:   263061440 kB
VmallocUsed:       84084 kB
VmallocChunk:          0 kB
Percpu:             7552 kB
CmaTotal:         315392 kB
CmaFree:               0 kB
MemTotal:        5980404 kB
MemFree:         1162980 kB
MemAvailable:    2833428 kB
Buffers:            6028 kB
Cached:          1695600 kB
SwapCached:            0 kB
Active:          1331796 kB
Inactive:        1467992 kB
Active(anon):    1104768 kB
Inactive(anon):    19856 kB
Active(file):     227028 kB
Inactive(file):  1448136 kB
Unevictable:        5636 kB
Mlocked:            5636 kB
SwapTotal:       3670008 kB
SwapFree:        3670008 kB
Dirty:               620 kB
Writeback:             0 kB
AnonPages:       1103876 kB
Mapped:           776528 kB
Shmem:             21864 kB
KReclaimable:     557716 kB
Slab:             222440 kB
SReclaimable:      69844 kB
SUnreclaim:       152596 kB
KernelStack:       43632 kB
PageTables:        55956 kB
NFS_Unstable:          0 kB
Bounce:                0 kB
WritebackTmp:          0 kB
CommitLimit:     6660208 kB
Committed_AS:   61484344 kB
VmallocTotal:   263061440 kB
VmallocUsed:       84020 kB
VmallocChunk:          0 kB
Percpu:             7552 kB
CmaTotal:         315392 kB
CmaFree:               0 kB
MemTotal:        5980404 kB
MemFree:         1163700 kB
MemAvailable:    2834148 kB
Buffers:            6028 kB
Cached:          1695600 kB
SwapCached:            0 kB
Active:          1331484 kB
Inactive:        1467992 kB
Active(anon):    1104456 kB
Inactive(anon):    19856 kB
Active(file):     227028 kB
Inactive(file):  1448136 kB
Unevictable:        5636 kB
Mlocked:            5636 kB
SwapTotal:       3670008 kB
SwapFree:        3670008 kB
Dirty:               364 kB
Writeback:             0 kB
AnonPages:       1103584 kB
Mapped:           776528 kB
Shmem:             21864 kB
KReclaimable:     557716 kB
Slab:             222688 kB
SReclaimable:      69844 kB
SUnreclaim:       152844 kB
KernelStack:       43648 kB
PageTables:        56084 kB
NFS_Unstable:          0 kB
Bounce:                0 kB
WritebackTmp:          0 kB
CommitLimit:     6660208 kB
Committed_AS:   61486964 kB
VmallocTotal:   263061440 kB
VmallocUsed:       83988 kB
VmallocChunk:          0 kB
Percpu:             7552 kB
CmaTotal:         315392 kB
CmaFree:               0 kB
MemTotal:        5980404 kB
MemFree:         1164156 kB
MemAvailable:    2834632 kB
Buffers:            6032 kB
Cached:          1695624 kB
SwapCached:            0 kB
Active:          1331196 kB
Inactive:        1468012 kB
Active(anon):    1104160 kB
Inactive(anon):    19856 kB
Active(file):     227036 kB
Inactive(file):  1448156 kB
Unevictable:        5636 kB
Mlocked:            5636 kB
SwapTotal:       3670008 kB
SwapFree:        3670008 kB
Dirty:               384 kB
Writeback:             0 kB
AnonPages:       1103076 kB
Mapped:           776528 kB
Shmem:             21864 kB
KReclaimable:     557716 kB
Slab:             222532 kB
SReclaimable:      69844 kB
SUnreclaim:       152688 kB
KernelStack:       43504 kB
PageTables:        55940 kB
NFS_Unstable:          0 kB
Bounce:                0 kB
WritebackTmp:          0 kB
CommitLimit:     6660208 kB
Committed_AS:   61482328 kB
VmallocTotal:   263061440 kB
VmallocUsed:       83956 kB
VmallocChunk:          0 kB
Percpu:             7552 kB
CmaTotal:         315392 kB
CmaFree:               0 kB
MemTotal:        5980404 kB
MemFree:         1162856 kB
MemAvailable:    2833320 kB
Buffers:            6032 kB
Cached:          1695612 kB
SwapCached:            0 kB
Active:          1332260 kB
Inactive:        1468004 kB
Active(anon):    1105228 kB
Inactive(anon):    19856 kB
Active(file):     227032 kB
Inactive(file):  1448148 kB
Unevictable:        5636 kB
Mlocked:            5636 kB
SwapTotal:       3670008 kB
SwapFree:        3670008 kB
Dirty:               600 kB
Writeback:             0 kB
AnonPages:       1104376 kB
Mapped:           776528 kB
Shmem:             21864 kB
KReclaimable:     557716 kB
Slab:             222532 kB
SReclaimable:      69844 kB
SUnreclaim:       152688 kB
KernelStack:       43520 kB
PageTables:        56072 kB
NFS_Unstable:          0 kB
Bounce:                0 kB
WritebackTmp:          0 kB
CommitLimit:     6660208 kB
Committed_AS:   61486276 kB
VmallocTotal:   263061440 kB
VmallocUsed:       83940 kB
VmallocChunk:          0 kB
Percpu:             7552 kB
CmaTotal:         315392 kB
CmaFree:               0 kB
MemTotal:        5980404 kB
MemFree:         1162332 kB
MemAvailable:    2832804 kB
Buffers:            6032 kB
Cached:          1695620 kB
SwapCached:            0 kB
Active:          1333120 kB
Inactive:        1468008 kB
Active(anon):    1106084 kB
Inactive(anon):    19856 kB
Active(file):     227036 kB
Inactive(file):  1448152 kB
Unevictable:        5636 kB
Mlocked:            5636 kB
SwapTotal:       3670008 kB
SwapFree:        3670008 kB
Dirty:               680 kB
Writeback:             0 kB
AnonPages:       1105424 kB
Mapped:           776528 kB
Shmem:             21864 kB
KReclaimable:     557716 kB
Slab:             222536 kB
SReclaimable:      69844 kB
SUnreclaim:       152692 kB
KernelStack:       43552 kB
PageTables:        56212 kB
NFS_Unstable:          0 kB
Bounce:                0 kB
WritebackTmp:          0 kB
CommitLimit:     6660208 kB
Committed_AS:   61485892 kB
VmallocTotal:   263061440 kB
VmallocUsed:       83940 kB
VmallocChunk:          0 kB
Percpu:             7552 kB
CmaTotal:         315392 kB
CmaFree:               0 kB
MemTotal:        5980404 kB
MemFree:         1161604 kB
MemAvailable:    2832072 kB
Buffers:            6032 kB
Cached:          1695616 kB
SwapCached:            0 kB
Active:          1334268 kB
Inactive:        1468008 kB
Active(anon):    1107236 kB
Inactive(anon):    19856 kB
Active(file):     227032 kB
Inactive(file):  1448152 kB
Unevictable:        5636 kB
Mlocked:            5636 kB
SwapTotal:       3670008 kB
SwapFree:        3670008 kB
Dirty:               448 kB
Writeback:             0 kB
AnonPages:       1106204 kB
Mapped:           776444 kB
Shmem:             21864 kB
KReclaimable:     557716 kB
Slab:             222468 kB
SReclaimable:      69844 kB
SUnreclaim:       152624 kB
KernelStack:       43520 kB
PageTables:        55964 kB
NFS_Unstable:          0 kB
Bounce:                0 kB
WritebackTmp:          0 kB
CommitLimit:     6660208 kB
Committed_AS:   61482652 kB
VmallocTotal:   263061440 kB
VmallocUsed:       83908 kB
VmallocChunk:          0 kB
Percpu:             7552 kB
CmaTotal:         315392 kB
CmaFree:               0 kB
MemTotal:        5980404 kB
MemFree:         1162080 kB
MemAvailable:    2832556 kB
Buffers:            6032 kB
Cached:          1695628 kB
SwapCached:            0 kB
Active:          1334064 kB
Inactive:        1468020 kB
Active(anon):    1107032 kB
Inactive(anon):    19860 kB
Active(file):     227032 kB
Inactive(file):  1448160 kB
Unevictable:        5636 kB
Mlocked:            5636 kB
SwapTotal:       3670008 kB
SwapFree:        3670008 kB
Dirty:               568 kB
Writeback:             0 kB
AnonPages:       1106264 kB
Mapped:           776532 kB
Shmem:             21868 kB
KReclaimable:     557716 kB
Slab:             222476 kB
SReclaimable:      69844 kB
SUnreclaim:       152632 kB
KernelStack:       43488 kB
PageTables:        55940 kB
NFS_Unstable:          0 kB
Bounce:                0 kB
WritebackTmp:          0 kB
CommitLimit:     6660208 kB
Committed_AS:   61482336 kB
VmallocTotal:   263061440 kB
VmallocUsed:       83876 kB
VmallocChunk:          0 kB
Percpu:             7552 kB
CmaTotal:         315392 kB
CmaFree:               0 kB
MemTotal:        5980404 kB
MemFree:         1161036 kB
MemAvailable:    2831512 kB
Buffers:            6032 kB
Cached:          1695628 kB
SwapCached:            0 kB
Active:          1334688 kB
Inactive:        1468020 kB
Active(anon):    1107656 kB
Inactive(anon):    19860 kB
Active(file):     227032 kB
Inactive(file):  1448160 kB
Unevictable:        5636 kB
Mlocked:            5636 kB
SwapTotal:       3670008 kB
SwapFree:        3670008 kB
Dirty:               568 kB
Writeback:             0 kB
AnonPages:       1106164 kB
Mapped:           776668 kB
Shmem:             21868 kB
KReclaimable:     557716 kB
Slab:             222476 kB
SReclaimable:      69844 kB
SUnreclaim:       152632 kB
KernelStack:       43472 kB
PageTables:        55992 kB
NFS_Unstable:          0 kB
Bounce:                0 kB
WritebackTmp:          0 kB
CommitLimit:     6660208 kB
Committed_AS:   61486024 kB
VmallocTotal:   263061440 kB
VmallocUsed:       83892 kB
VmallocChunk:          0 kB
Percpu:             7552 kB
CmaTotal:         315392 kB
CmaFree:               0 kB
MemTotal:        5980404 kB
MemFree:         1161404 kB
MemAvailable:    2831880 kB
Buffers:            6032 kB
Cached:          1695628 kB
SwapCached:            0 kB
Active:          1334432 kB
Inactive:        1468020 kB
Active(anon):    1107400 kB
Inactive(anon):    19860 kB
Active(file):     227032 kB
Inactive(file):  1448160 kB
Unevictable:        5636 kB
Mlocked:            5636 kB
SwapTotal:       3670008 kB
SwapFree:        3670008 kB
Dirty:               568 kB
Writeback:             0 kB
AnonPages:       1106584 kB
Mapped:           776532 kB
Shmem:             21868 kB
KReclaimable:     557716 kB
Slab:             222480 kB
SReclaimable:      69844 kB
SUnreclaim:       152636 kB
KernelStack:       43488 kB
PageTables:        55860 kB
NFS_Unstable:          0 kB
Bounce:                0 kB
WritebackTmp:          0 kB
CommitLimit:     6660208 kB
Committed_AS:   61484124 kB
VmallocTotal:   263061440 kB
VmallocUsed:       83892 kB
VmallocChunk:          0 kB
Percpu:             7552 kB
CmaTotal:         315392 kB
CmaFree:               0 kB
MemTotal:        5980404 kB
MemFree:         1166580 kB
MemAvailable:    2837076 kB
Buffers:            6036 kB
Cached:          1695644 kB
SwapCached:            0 kB
Active:          1328780 kB
Inactive:        1468036 kB
Active(anon):    1101744 kB
Inactive(anon):    19864 kB
Active(file):     227036 kB
Inactive(file):  1448172 kB
Unevictable:        5636 kB
Mlocked:            5636 kB
SwapTotal:       3670008 kB
SwapFree:        3670008 kB
Dirty:               516 kB
Writeback:             0 kB
AnonPages:       1100748 kB
Mapped:           776308 kB
Shmem:             21872 kB
KReclaimable:     557720 kB
Slab:             222488 kB
SReclaimable:      69848 kB
SUnreclaim:       152640 kB
KernelStack:       43504 kB
PageTables:        55936 kB
NFS_Unstable:          0 kB
Bounce:                0 kB
WritebackTmp:          0 kB
CommitLimit:     6660208 kB
Committed_AS:   61486332 kB
VmallocTotal:   263061440 kB
VmallocUsed:       83860 kB
VmallocChunk:          0 kB
Percpu:             7552 kB
CmaTotal:         315392 kB
CmaFree:              64 kB
MemTotal:        5980404 kB
MemFree:         1165532 kB
MemAvailable:    2836032 kB
Buffers:            6036 kB
Cached:          1695648 kB
SwapCached:            0 kB
Active:          1329880 kB
Inactive:        1468040 kB
Active(anon):    1102844 kB
Inactive(anon):    19864 kB
Active(file):     227036 kB
Inactive(file):  1448176 kB
Unevictable:        5636 kB
Mlocked:            5636 kB
SwapTotal:       3670008 kB
SwapFree:        3670008 kB
Dirty:               356 kB
Writeback:             0 kB
AnonPages:       1102044 kB
Mapped:           776536 kB
Shmem:             21872 kB
KReclaimable:     557720 kB
Slab:             222492 kB
SReclaimable:      69848 kB
SUnreclaim:       152644 kB
KernelStack:       43488 kB
PageTables:        56068 kB
NFS_Unstable:          0 kB
Bounce:                0 kB
WritebackTmp:          0 kB
CommitLimit:     6660208 kB
Committed_AS:   61484960 kB
VmallocTotal:   263061440 kB
VmallocUsed:       83876 kB
VmallocChunk:          0 kB
Percpu:             7552 kB
CmaTotal:         315392 kB
CmaFree:               0 kB
MemTotal:        5980404 kB
MemFree:         1165676 kB
MemAvailable:    2836176 kB
Buffers:            6036 kB
Cached:          1695648 kB
SwapCached:            0 kB
Active:          1330580 kB
Inactive:        1468040 kB
Active(anon):    1103544 kB
Inactive(anon):    19864 kB
Active(file):     227036 kB
Inactive(file):  1448176 kB
Unevictable:        5636 kB
Mlocked:            5636 kB
SwapTotal:       3670008 kB
SwapFree:        3670008 kB
Dirty:               444 kB
Writeback:             0 kB
AnonPages:       1102600 kB
Mapped:           776552 kB
Shmem:             21872 kB
KReclaimable:     557720 kB
Slab:             222500 kB
SReclaimable:      69848 kB
SUnreclaim:       152652 kB
KernelStack:       43488 kB
PageTables:        55964 kB
NFS_Unstable:          0 kB
Bounce:                0 kB
WritebackTmp:          0 kB
CommitLimit:     6660208 kB
Committed_AS:   61486848 kB
VmallocTotal:   263061440 kB
VmallocUsed:       83860 kB
VmallocChunk:          0 kB
Percpu:             7552 kB
CmaTotal:         315392 kB
CmaFree:               0 kB
MemTotal:        5980404 kB
MemFree:         1165300 kB
MemAvailable:    2835800 kB
Buffers:            6036 kB
Cached:          1695648 kB
SwapCached:            0 kB
Active:          1331588 kB
Inactive:        1468040 kB
Active(anon):    1104552 kB
Inactive(anon):    19864 kB
Active(file):     227036 kB
Inactive(file):  1448176 kB
Unevictable:        5636 kB
Mlocked:            5636 kB
SwapTotal:       3670008 kB
SwapFree:        3670008 kB
Dirty:               504 kB
Writeback:             0 kB
AnonPages:       1103704 kB
Mapped:           776372 kB
Shmem:             21872 kB
KReclaimable:     557720 kB
Slab:             222500 kB
SReclaimable:      69848 kB
SUnreclaim:       152652 kB
KernelStack:       43456 kB
PageTables:        55820 kB
NFS_Unstable:          0 kB
Bounce:                0 kB
WritebackTmp:          0 kB
CommitLimit:     6660208 kB
Committed_AS:   61475884 kB
VmallocTotal:   263061440 kB
VmallocUsed:       83812 kB
VmallocChunk:          0 kB
Percpu:             7552 kB
CmaTotal:         315392 kB
CmaFree:               0 kB
MemTotal:        5980404 kB
MemFree:         1163420 kB
MemAvailable:    2833928 kB
Buffers:            6036 kB
Cached:          1695660 kB
SwapCached:            0 kB
Active:          1331952 kB
Inactive:        1468052 kB
Active(anon):    1104916 kB
Inactive(anon):    19868 kB
Active(file):     227036 kB
Inactive(file):  1448184 kB
Unevictable:        5636 kB
Mlocked:            5636 kB
SwapTotal:       3670008 kB
SwapFree:        3670008 kB
Dirty:               736 kB
Writeback:             0 kB
AnonPages:       1104084 kB
Mapped:           776540 kB
Shmem:             21876 kB
KReclaimable:     557720 kB
Slab:             222500 kB
SReclaimable:      69848 kB
SUnreclaim:       152652 kB
KernelStack:       43488 kB
PageTables:        56068 kB
NFS_Unstable:          0 kB
Bounce:                0 kB
WritebackTmp:          0 kB
CommitLimit:     6660208 kB
Committed_AS:   61481996 kB
VmallocTotal:   263061440 kB
VmallocUsed:       83828 kB
VmallocChunk:          0 kB
Percpu:             7552 kB
CmaTotal:         315392 kB
CmaFree:               0 kB
MemTotal:        5980404 kB
MemFree:         1163164 kB
MemAvailable:    2833672 kB
Buffers:            6036 kB
Cached:          1695660 kB
SwapCached:            0 kB
Active:          1331640 kB
Inactive:        1468052 kB
Active(anon):    1104604 kB
Inactive(anon):    19868 kB
Active(file):     227036 kB
Inactive(file):  1448184 kB
Unevictable:        5636 kB
Mlocked:            5636 kB
SwapTotal:       3670008 kB
SwapFree:        3670008 kB
Dirty:               792 kB
Writeback:             0 kB
AnonPages:       1103564 kB
Mapped:           776312 kB
Shmem:             21876 kB
KReclaimable:     557720 kB
Slab:             222492 kB
SReclaimable:      69848 kB
SUnreclaim:       152644 kB
KernelStack:       43456 kB
PageTables:        55936 kB
NFS_Unstable:          0 kB
Bounce:                0 kB
WritebackTmp:          0 kB
CommitLimit:     6660208 kB
Committed_AS:   61478696 kB
VmallocTotal:   263061440 kB
VmallocUsed:       83796 kB
VmallocChunk:          0 kB
Percpu:             7552 kB
CmaTotal:         315392 kB
CmaFree:               0 kB
MemTotal:        5980404 kB
MemFree:         1162172 kB
MemAvailable:    2832696 kB
Buffers:            6040 kB
Cached:          1695680 kB
SwapCached:            0 kB
Active:          1333284 kB
Inactive:        1468072 kB
Active(anon):    1106244 kB
Inactive(anon):    19876 kB
Active(file):     227040 kB
Inactive(file):  1448196 kB
Unevictable:        5636 kB
Mlocked:            5636 kB
SwapTotal:       3670008 kB
SwapFree:        3670008 kB
Dirty:               364 kB
Writeback:             0 kB
AnonPages:       1105352 kB
Mapped:           776548 kB
Shmem:             21884 kB
KReclaimable:     557720 kB
Slab:             222496 kB
SReclaimable:      69848 kB
SUnreclaim:       152648 kB
KernelStack:       43456 kB
PageTables:        55932 kB
NFS_Unstable:          0 kB
Bounce:                0 kB
WritebackTmp:          0 kB
CommitLimit:     6660208 kB
Committed_AS:   61489108 kB
VmallocTotal:   263061440 kB
VmallocUsed:       83780 kB
VmallocChunk:          0 kB
Percpu:             7552 kB
CmaTotal:         315392 kB
CmaFree:               0 kB
MemTotal:        5980404 kB
MemFree:         1161484 kB
MemAvailable:    2832008 kB
Buffers:            6040 kB
Cached:          1695684 kB
SwapCached:            0 kB
Active:          1334352 kB
Inactive:        1468076 kB
Active(anon):    1107312 kB
Inactive(anon):    19880 kB
Active(file):     227040 kB
Inactive(file):  1448196 kB
Unevictable:        5636 kB
Mlocked:            5636 kB
SwapTotal:       3670008 kB
SwapFree:        3670008 kB
Dirty:               500 kB
Writeback:             0 kB
AnonPages:       1106344 kB
Mapped:           776536 kB
Shmem:             21888 kB
KReclaimable:     557720 kB
Slab:             222504 kB
SReclaimable:      69848 kB
SUnreclaim:       152656 kB
KernelStack:       43488 kB
PageTables:        55952 kB
NFS_Unstable:          0 kB
Bounce:                0 kB
WritebackTmp:          0 kB
CommitLimit:     6660208 kB
Committed_AS:   61485036 kB
VmallocTotal:   263061440 kB
VmallocUsed:       83812 kB
VmallocChunk:          0 kB
Percpu:             7552 kB
CmaTotal:         315392 kB
CmaFree:               0 kB
MemTotal:        5980404 kB
MemFree:         1161164 kB
MemAvailable:    2831688 kB
Buffers:            6040 kB
Cached:          1695684 kB
SwapCached:            0 kB
Active:          1334908 kB
Inactive:        1468076 kB
Active(anon):    1107868 kB
Inactive(anon):    19880 kB
Active(file):     227040 kB
Inactive(file):  1448196 kB
Unevictable:        5636 kB
Mlocked:            5636 kB
SwapTotal:       3670008 kB
SwapFree:        3670008 kB
Dirty:               568 kB
Writeback:             0 kB
AnonPages:       1107084 kB
Mapped:           776596 kB
Shmem:             21888 kB
KReclaimable:     557720 kB
Slab:             222500 kB
SReclaimable:      69848 kB
SUnreclaim:       152652 kB
KernelStack:       43472 kB
PageTables:        55944 kB
NFS_Unstable:          0 kB
Bounce:                0 kB
WritebackTmp:          0 kB
CommitLimit:     6660208 kB
Committed_AS:   61485980 kB
VmallocTotal:   263061440 kB
VmallocUsed:       83860 kB
VmallocChunk:          0 kB
Percpu:             7552 kB
CmaTotal:         315392 kB
CmaFree:               0 kB
MemTotal:        5980404 kB
MemFree:         1159392 kB
MemAvailable:    2829924 kB
Buffers:            6040 kB
Cached:          1695692 kB
SwapCached:            0 kB
Active:          1335440 kB
Inactive:        1468084 kB
Active(anon):    1108400 kB
Inactive(anon):    19880 kB
Active(file):     227040 kB
Inactive(file):  1448204 kB
Unevictable:        5636 kB
Mlocked:            5636 kB
SwapTotal:       3670008 kB
SwapFree:        3670008 kB
Dirty:               348 kB
Writeback:             0 kB
AnonPages:       1107368 kB
Mapped:           776596 kB
Shmem:             21888 kB
KReclaimable:     557720 kB
Slab:             222524 kB
SReclaimable:      69848 kB
SUnreclaim:       152676 kB
KernelStack:       43488 kB
PageTables:        55944 kB
NFS_Unstable:          0 kB
Bounce:                0 kB
WritebackTmp:          0 kB
CommitLimit:     6660208 kB
Committed_AS:   61483152 kB
VmallocTotal:   263061440 kB
VmallocUsed:       83844 kB
VmallocChunk:          0 kB
Percpu:             7552 kB
CmaTotal:         315392 kB
CmaFree:               0 kB
MemTotal:        5980404 kB
MemFree:         1159616 kB
MemAvailable:    2830148 kB
Buffers:            6040 kB
Cached:          1695692 kB
SwapCached:            0 kB
Active:          1336100 kB
Inactive:        1468084 kB
Active(anon):    1109060 kB
Inactive(anon):    19880 kB
Active(file):     227040 kB
Inactive(file):  1448204 kB
Unevictable:        5636 kB
Mlocked:            5636 kB
SwapTotal:       3670008 kB
SwapFree:        3670008 kB
Dirty:               412 kB
Writeback:             0 kB
AnonPages:       1108196 kB
Mapped:           776292 kB
Shmem:             21888 kB
KReclaimable:     557720 kB
Slab:             222524 kB
SReclaimable:      69848 kB
SUnreclaim:       152676 kB
KernelStack:       43520 kB
PageTables:        56164 kB
NFS_Unstable:          0 kB
Bounce:                0 kB
WritebackTmp:          0 kB
CommitLimit:     6660208 kB
Committed_AS:   61486252 kB
VmallocTotal:   263061440 kB
VmallocUsed:       83860 kB
VmallocChunk:          0 kB
Percpu:             7552 kB
CmaTotal:         315392 kB
CmaFree:               0 kB
MemTotal:        5980404 kB
MemFree:         1158040 kB
MemAvailable:    2828572 kB
Buffers:            6040 kB
Cached:          1695692 kB
SwapCached:            0 kB
Active:          1337252 kB
Inactive:        1468084 kB
Active(anon):    1110212 kB
Inactive(anon):    19880 kB
Active(file):     227040 kB
Inactive(file):  1448204 kB
Unevictable:        5636 kB
Mlocked:            5636 kB
SwapTotal:       3670008 kB
SwapFree:        3670008 kB
Dirty:               656 kB
Writeback:             0 kB
AnonPages:       1109292 kB
Mapped:           776596 kB
Shmem:             21888 kB
KReclaimable:     557720 kB
Slab:             222520 kB
SReclaimable:      69848 kB
SUnreclaim:       152672 kB
KernelStack:       43504 kB
PageTables:        56004 kB
NFS_Unstable:          0 kB
Bounce:                0 kB
WritebackTmp:          0 kB
CommitLimit:     6660208 kB
Committed_AS:   61487516 kB
VmallocTotal:   263061440 kB
VmallocUsed:       83908 kB
VmallocChunk:          0 kB
Percpu:             7552 kB
CmaTotal:         315392 kB
CmaFree:               0 kB
MemTotal:        5980404 kB
MemFree:         1157824 kB
MemAvailable:    2828372 kB
Buffers:            6044 kB
Cached:          1695712 kB
SwapCached:            0 kB
Active:          1337568 kB
Inactive:        1468104 kB
Active(anon):    1110524 kB
Inactive(anon):    19888 kB
Active(file):     227044 kB
Inactive(file):  1448216 kB
Unevictable:        5636 kB
Mlocked:            5636 kB
SwapTotal:       3670008 kB
SwapFree:        3670008 kB
Dirty:               800 kB
Writeback:             0 kB
AnonPages:       1109676 kB
Mapped:           776604 kB
Shmem:             21896 kB
KReclaimable:     557720 kB
Slab:             222520 kB
SReclaimable:      69848 kB
SUnreclaim:       152672 kB
KernelStack:       43488 kB
PageTables:        55948 kB
NFS_Unstable:          0 kB
Bounce:                0 kB
WritebackTmp:          0 kB
CommitLimit:     6660208 kB
Committed_AS:   61487212 kB
VmallocTotal:   263061440 kB
VmallocUsed:       83876 kB
VmallocChunk:          0 kB
Percpu:             7552 kB
CmaTotal:         315392 kB
CmaFree:               0 kB
MemTotal:        5980404 kB
MemFree:         1157800 kB
MemAvailable:    2828348 kB
Buffers:            6044 kB
Cached:          1695712 kB
SwapCached:            0 kB
Active:          1337440 kB
Inactive:        1468104 kB
Active(anon):    1110396 kB
Inactive(anon):    19888 kB
Active(file):     227044 kB
Inactive(file):  1448216 kB
Unevictable:        5636 kB
Mlocked:            5636 kB
SwapTotal:       3670008 kB
SwapFree:        3670008 kB
Dirty:               884 kB
Writeback:             0 kB
AnonPages:       1109508 kB
Mapped:           776440 kB
Shmem:             21896 kB
KReclaimable:     557720 kB
Slab:             222520 kB
SReclaimable:      69848 kB
SUnreclaim:       152672 kB
KernelStack:       43488 kB
PageTables:        55828 kB
NFS_Unstable:          0 kB
Bounce:                0 kB
WritebackTmp:          0 kB
CommitLimit:     6660208 kB
Committed_AS:   61488712 kB
VmallocTotal:   263061440 kB
VmallocUsed:       83844 kB
VmallocChunk:          0 kB
Percpu:             7552 kB
CmaTotal:         315392 kB
CmaFree:               0 kB
MemTotal:        5980404 kB
MemFree:         1157388 kB
MemAvailable:    2827936 kB
Buffers:            6044 kB
Cached:          1695712 kB
SwapCached:            0 kB
Active:          1337640 kB
Inactive:        1468104 kB
Active(anon):    1110596 kB
Inactive(anon):    19888 kB
Active(file):     227044 kB
Inactive(file):  1448216 kB
Unevictable:        5636 kB
Mlocked:            5636 kB
SwapTotal:       3670008 kB
SwapFree:        3670008 kB
Dirty:               916 kB
Writeback:             0 kB
AnonPages:       1110084 kB
Mapped:           776664 kB
Shmem:             21896 kB
KReclaimable:     557720 kB
Slab:             222512 kB
SReclaimable:      69848 kB
SUnreclaim:       152664 kB
KernelStack:       43536 kB
PageTables:        55948 kB
NFS_Unstable:          0 kB
Bounce:                0 kB
WritebackTmp:          0 kB
CommitLimit:     6660208 kB
Committed_AS:   61487564 kB
VmallocTotal:   263061440 kB
VmallocUsed:       83876 kB
VmallocChunk:          0 kB
Percpu:             7552 kB
CmaTotal:         315392 kB
CmaFree:               0 kB
MemTotal:        5980404 kB
MemFree:         1156496 kB
MemAvailable:    2827048 kB
Buffers:            6044 kB
Cached:          1695720 kB
SwapCached:            0 kB
Active:          1339096 kB
Inactive:        1468112 kB
Active(anon):    1112052 kB
Inactive(anon):    19892 kB
Active(file):     227044 kB
Inactive(file):  1448220 kB
Unevictable:        5636 kB
Mlocked:            5636 kB
SwapTotal:       3670008 kB
SwapFree:        3670008 kB
Dirty:              1028 kB
Writeback:             0 kB
AnonPages:       1110992 kB
Mapped:           776552 kB
Shmem:             21900 kB
KReclaimable:     557720 kB
Slab:             222532 kB
SReclaimable:      69848 kB
SUnreclaim:       152684 kB
KernelStack:       43632 kB
PageTables:        55992 kB
NFS_Unstable:          0 kB
Bounce:                0 kB
WritebackTmp:          0 kB
CommitLimit:     6660208 kB
Committed_AS:   61485264 kB
VmallocTotal:   263061440 kB
VmallocUsed:       83924 kB
VmallocChunk:          0 kB
Percpu:             7552 kB
CmaTotal:         315392 kB
CmaFree:               0 kB
MemTotal:        5980404 kB
MemFree:         1155448 kB
MemAvailable:    2826000 kB
Buffers:            6044 kB
Cached:          1695724 kB
SwapCached:            0 kB
Active:          1340488 kB
Inactive:        1468116 kB
Active(anon):    1113444 kB
Inactive(anon):    19896 kB
Active(file):     227044 kB
Inactive(file):  1448220 kB
Unevictable:        5636 kB
Mlocked:            5636 kB
SwapTotal:       3670008 kB
SwapFree:        3670008 kB
Dirty:              1156 kB
Writeback:             0 kB
AnonPages:       1112804 kB
Mapped:           776808 kB
Shmem:             21904 kB
KReclaimable:     557720 kB
Slab:             222540 kB
SReclaimable:      69848 kB
SUnreclaim:       152692 kB
KernelStack:       43600 kB
PageTables:        55960 kB
NFS_Unstable:          0 kB
Bounce:                0 kB
WritebackTmp:          0 kB
CommitLimit:     6660208 kB
Committed_AS:   61492432 kB
VmallocTotal:   263061440 kB
VmallocUsed:       83956 kB
VmallocChunk:          0 kB
Percpu:             7552 kB
CmaTotal:         315392 kB
CmaFree:               0 kB
MemTotal:        5980404 kB
MemFree:         1153980 kB
MemAvailable:    2824540 kB
Buffers:            6044 kB
Cached:          1695740 kB
SwapCached:            0 kB
Active:          1342872 kB
Inactive:        1468132 kB
Active(anon):    1115828 kB
Inactive(anon):    19904 kB
Active(file):     227044 kB
Inactive(file):  1448228 kB
Unevictable:        5636 kB
Mlocked:            5636 kB
SwapTotal:       3670008 kB
SwapFree:        3670008 kB
Dirty:               536 kB
Writeback:             0 kB
AnonPages:       1114888 kB
Mapped:           776588 kB
Shmem:             21912 kB
KReclaimable:     557720 kB
Slab:             222492 kB
SReclaimable:      69848 kB
SUnreclaim:       152644 kB
KernelStack:       43584 kB
PageTables:        55948 kB
NFS_Unstable:          0 kB
Bounce:                0 kB
WritebackTmp:          0 kB
CommitLimit:     6660208 kB
Committed_AS:   61490192 kB
VmallocTotal:   263061440 kB
VmallocUsed:       83940 kB
VmallocChunk:          0 kB
Percpu:             7552 kB
CmaTotal:         315392 kB
CmaFree:               0 kB
MemTotal:        5980404 kB
MemFree:         1152284 kB
MemAvailable:    2822844 kB
Buffers:            6044 kB
Cached:          1695744 kB
SwapCached:            0 kB
Active:          1342480 kB
Inactive:        1468136 kB
Active(anon):    1115436 kB
Inactive(anon):    19908 kB
Active(file):     227044 kB
Inactive(file):  1448228 kB
Unevictable:        5636 kB
Mlocked:            5636 kB
SwapTotal:       3670008 kB
SwapFree:        3670008 kB
Dirty:               856 kB
Writeback:             0 kB
AnonPages:       1114404 kB
Mapped:           776692 kB
Shmem:             21916 kB
KReclaimable:     557720 kB
Slab:             222508 kB
SReclaimable:      69848 kB
SUnreclaim:       152660 kB
KernelStack:       43632 kB
PageTables:        55828 kB
NFS_Unstable:          0 kB
Bounce:                0 kB
WritebackTmp:          0 kB
CommitLimit:     6660208 kB
Committed_AS:   61488464 kB
VmallocTotal:   263061440 kB
VmallocUsed:       83940 kB
VmallocChunk:          0 kB
Percpu:             7552 kB
CmaTotal:         315392 kB
CmaFree:               0 kB
MemTotal:        5980404 kB
MemFree:         1153996 kB
MemAvailable:    2824556 kB
Buffers:            6044 kB
Cached:          1695744 kB
SwapCached:            0 kB
Active:          1342368 kB
Inactive:        1468136 kB
Active(anon):    1115324 kB
Inactive(anon):    19908 kB
Active(file):     227044 kB
Inactive(file):  1448228 kB
Unevictable:        5636 kB
Mlocked:            5636 kB
SwapTotal:       3670008 kB
SwapFree:        3670008 kB
Dirty:              1176 kB
Writeback:             0 kB
AnonPages:       1114620 kB
Mapped:           776632 kB
Shmem:             21916 kB
KReclaimable:     557720 kB
Slab:             222520 kB
SReclaimable:      69848 kB
SUnreclaim:       152672 kB
KernelStack:       43584 kB
PageTables:        55812 kB
NFS_Unstable:          0 kB
Bounce:                0 kB
WritebackTmp:          0 kB
CommitLimit:     6660208 kB
Committed_AS:   61484788 kB
VmallocTotal:   263061440 kB
VmallocUsed:       83988 kB
VmallocChunk:          0 kB
Percpu:             7552 kB
CmaTotal:         315392 kB
CmaFree:               0 kB
MemTotal:        5980404 kB
MemFree:         1150976 kB
MemAvailable:    2821552 kB
Buffers:            6048 kB
Cached:          1695756 kB
SwapCached:            0 kB
Active:          1342308 kB
Inactive:        1468148 kB
Active(anon):    1115260 kB
Inactive(anon):    19908 kB
Active(file):     227048 kB
Inactive(file):  1448240 kB
Unevictable:        5636 kB
Mlocked:            5636 kB
SwapTotal:       3670008 kB
SwapFree:        3670008 kB
Dirty:              1360 kB
Writeback:             0 kB
AnonPages:       1114468 kB
Mapped:           776820 kB
Shmem:             21916 kB
KReclaimable:     557720 kB
Slab:             222520 kB
SReclaimable:      69848 kB
SUnreclaim:       152672 kB
KernelStack:       43600 kB
PageTables:        55980 kB
NFS_Unstable:          0 kB
Bounce:                0 kB
WritebackTmp:          0 kB
CommitLimit:     6660208 kB
Committed_AS:   61487400 kB
VmallocTotal:   263061440 kB
VmallocUsed:       83972 kB
VmallocChunk:          0 kB
Percpu:             7552 kB
CmaTotal:         315392 kB
CmaFree:               0 kB
MemTotal:        5980404 kB
MemFree:         1152248 kB
MemAvailable:    2822824 kB
Buffers:            6048 kB
Cached:          1695756 kB
SwapCached:            0 kB
Active:          1341544 kB
Inactive:        1468148 kB
Active(anon):    1114496 kB
Inactive(anon):    19908 kB
Active(file):     227048 kB
Inactive(file):  1448240 kB
Unevictable:        5636 kB
Mlocked:            5636 kB
SwapTotal:       3670008 kB
SwapFree:        3670008 kB
Dirty:              1380 kB
Writeback:             0 kB
AnonPages:       1113776 kB
Mapped:           776932 kB
Shmem:             21916 kB
KReclaimable:     557720 kB
Slab:             222504 kB
SReclaimable:      69848 kB
SUnreclaim:       152656 kB
KernelStack:       43600 kB
PageTables:        56012 kB
NFS_Unstable:          0 kB
Bounce:                0 kB
WritebackTmp:          0 kB
CommitLimit:     6660208 kB
Committed_AS:   61484880 kB
VmallocTotal:   263061440 kB
VmallocUsed:       83956 kB
VmallocChunk:          0 kB
Percpu:             7552 kB
CmaTotal:         315392 kB
CmaFree:             132 kB
MemTotal:        5980404 kB
MemFree:         1160980 kB
MemAvailable:    2831556 kB
Buffers:            6048 kB
Cached:          1695764 kB
SwapCached:            0 kB
Active:          1332712 kB
Inactive:        1468156 kB
Active(anon):    1105664 kB
Inactive(anon):    19916 kB
Active(file):     227048 kB
Inactive(file):  1448240 kB
Unevictable:        5636 kB
Mlocked:            5636 kB
SwapTotal:       3670008 kB
SwapFree:        3670008 kB
Dirty:              1504 kB
Writeback:             0 kB
AnonPages:       1104624 kB
Mapped:           776900 kB
Shmem:             21924 kB
KReclaimable:     557720 kB
Slab:             222512 kB
SReclaimable:      69848 kB
SUnreclaim:       152664 kB
KernelStack:       43600 kB
PageTables:        55888 kB
NFS_Unstable:          0 kB
Bounce:                0 kB
WritebackTmp:          0 kB
CommitLimit:     6660208 kB
Committed_AS:   61487868 kB
VmallocTotal:   263061440 kB
VmallocUsed:       83956 kB
VmallocChunk:          0 kB
Percpu:             7552 kB
CmaTotal:         315392 kB
CmaFree:             228 kB
MemTotal:        5980404 kB
MemFree:         1162648 kB
MemAvailable:    2833240 kB
Buffers:            6048 kB
Cached:          1695784 kB
SwapCached:            0 kB
Active:          1332828 kB
Inactive:        1468176 kB
Active(anon):    1105780 kB
Inactive(anon):    19920 kB
Active(file):     227048 kB
Inactive(file):  1448256 kB
Unevictable:        5636 kB
Mlocked:            5636 kB
SwapTotal:       3670008 kB
SwapFree:        3670008 kB
Dirty:              1980 kB
Writeback:             0 kB
AnonPages:       1104724 kB
Mapped:           776832 kB
Shmem:             21928 kB
KReclaimable:     557720 kB
Slab:             222520 kB
SReclaimable:      69848 kB
SUnreclaim:       152672 kB
KernelStack:       43584 kB
PageTables:        55956 kB
NFS_Unstable:          0 kB
Bounce:                0 kB
WritebackTmp:          0 kB
CommitLimit:     6660208 kB
Committed_AS:   61491508 kB
VmallocTotal:   263061440 kB
VmallocUsed:       84004 kB
VmallocChunk:          0 kB
Percpu:             7552 kB
CmaTotal:         315392 kB
CmaFree:               0 kB
MemTotal:        5980404 kB
MemFree:         1162144 kB
MemAvailable:    2832736 kB
Buffers:            6048 kB
Cached:          1695784 kB
SwapCached:            0 kB
Active:          1332896 kB
Inactive:        1468176 kB
Active(anon):    1105848 kB
Inactive(anon):    19920 kB
Active(file):     227048 kB
Inactive(file):  1448256 kB
Unevictable:        5636 kB
Mlocked:            5636 kB
SwapTotal:       3670008 kB
SwapFree:        3670008 kB
Dirty:              1980 kB
Writeback:             0 kB
AnonPages:       1104884 kB
Mapped:           776932 kB
Shmem:             21928 kB
KReclaimable:     557720 kB
Slab:             222504 kB
SReclaimable:      69848 kB
SUnreclaim:       152656 kB
KernelStack:       43584 kB
PageTables:        55896 kB
NFS_Unstable:          0 kB
Bounce:                0 kB
WritebackTmp:          0 kB
CommitLimit:     6660208 kB
Committed_AS:   61486648 kB
VmallocTotal:   263061440 kB
VmallocUsed:       83972 kB
VmallocChunk:          0 kB
Percpu:             7552 kB
CmaTotal:         315392 kB
CmaFree:               0 kB
MemTotal:        5980404 kB
MemFree:         1161604 kB
MemAvailable:    2832196 kB
Buffers:            6048 kB
Cached:          1695784 kB
SwapCached:            0 kB
Active:          1333444 kB
Inactive:        1468176 kB
Active(anon):    1106396 kB
Inactive(anon):    19920 kB
Active(file):     227048 kB
Inactive(file):  1448256 kB
Unevictable:        5636 kB
Mlocked:            5636 kB
SwapTotal:       3670008 kB
SwapFree:        3670008 kB
Dirty:              1980 kB
Writeback:             0 kB
AnonPages:       1105360 kB
Mapped:           776704 kB
Shmem:             21928 kB
KReclaimable:     557720 kB
Slab:             222516 kB
SReclaimable:      69848 kB
SUnreclaim:       152668 kB
KernelStack:       43584 kB
PageTables:        56056 kB
NFS_Unstable:          0 kB
Bounce:                0 kB
WritebackTmp:          0 kB
CommitLimit:     6660208 kB
Committed_AS:   61487500 kB
VmallocTotal:   263061440 kB
VmallocUsed:       83940 kB
VmallocChunk:          0 kB
Percpu:             7552 kB
CmaTotal:         315392 kB
CmaFree:               0 kB
MemTotal:        5980404 kB
MemFree:         1161696 kB
MemAvailable:    2832304 kB
Buffers:            6052 kB
Cached:          1695796 kB
SwapCached:            0 kB
Active:          1333740 kB
Inactive:        1468188 kB
Active(anon):    1106688 kB
Inactive(anon):    19920 kB
Active(file):     227052 kB
Inactive(file):  1448268 kB
Unevictable:        5636 kB
Mlocked:            5636 kB
SwapTotal:       3670008 kB
SwapFree:        3670008 kB
Dirty:              2004 kB
Writeback:             0 kB
AnonPages:       1105920 kB
Mapped:           776832 kB
Shmem:             21928 kB
KReclaimable:     557720 kB
Slab:             222516 kB
SReclaimable:      69848 kB
SUnreclaim:       152668 kB
KernelStack:       43584 kB
PageTables:        55956 kB
NFS_Unstable:          0 kB
Bounce:                0 kB
WritebackTmp:          0 kB
CommitLimit:     6660208 kB
Committed_AS:   61488036 kB
VmallocTotal:   263061440 kB
VmallocUsed:       83956 kB
VmallocChunk:          0 kB
Percpu:             7552 kB
CmaTotal:         315392 kB
CmaFree:               0 kB
MemTotal:        5980404 kB
MemFree:         1160540 kB
MemAvailable:    2831148 kB
Buffers:            6052 kB
Cached:          1695796 kB
SwapCached:            0 kB
Active:          1334856 kB
Inactive:        1468188 kB
Active(anon):    1107804 kB
Inactive(anon):    19920 kB
Active(file):     227052 kB
Inactive(file):  1448268 kB
Unevictable:        5636 kB
Mlocked:            5636 kB
SwapTotal:       3670008 kB
SwapFree:        3670008 kB
Dirty:              2044 kB
Writeback:             0 kB
AnonPages:       1107040 kB
Mapped:           776832 kB
Shmem:             21928 kB
KReclaimable:     557720 kB
Slab:             222512 kB
SReclaimable:      69848 kB
SUnreclaim:       152664 kB
KernelStack:       43632 kB
PageTables:        56076 kB
NFS_Unstable:          0 kB
Bounce:                0 kB
WritebackTmp:          0 kB
CommitLimit:     6660208 kB
Committed_AS:   61491956 kB
VmallocTotal:   263061440 kB
VmallocUsed:       83940 kB
VmallocChunk:          0 kB
Percpu:             7552 kB
CmaTotal:         315392 kB
CmaFree:               0 kB
MemTotal:        5980404 kB
MemFree:         1162344 kB
MemAvailable:    2832952 kB
Buffers:            6052 kB
Cached:          1695796 kB
SwapCached:            0 kB
Active:          1331780 kB
Inactive:        1468188 kB
Active(anon):    1104728 kB
Inactive(anon):    19920 kB
Active(file):     227052 kB
Inactive(file):  1448268 kB
Unevictable:        5636 kB
Mlocked:            5636 kB
SwapTotal:       3670008 kB
SwapFree:        3670008 kB
Dirty:              2052 kB
Writeback:             0 kB
AnonPages:       1103836 kB
Mapped:           776856 kB
Shmem:             21928 kB
KReclaimable:     557720 kB
Slab:             222520 kB
SReclaimable:      69848 kB
SUnreclaim:       152672 kB
KernelStack:       43600 kB
PageTables:        55996 kB
NFS_Unstable:          0 kB
Bounce:                0 kB
WritebackTmp:          0 kB
CommitLimit:     6660208 kB
Committed_AS:   61489600 kB
VmallocTotal:   263061440 kB
VmallocUsed:       83940 kB
VmallocChunk:          0 kB
Percpu:             7552 kB
CmaTotal:         315392 kB
CmaFree:               0 kB
MemTotal:        5980404 kB
MemFree:         1163856 kB
MemAvailable:    2834464 kB
Buffers:            6052 kB
Cached:          1695796 kB
SwapCached:            0 kB
Active:          1331840 kB
Inactive:        1468188 kB
Active(anon):    1104788 kB
Inactive(anon):    19920 kB
Active(file):     227052 kB
Inactive(file):  1448268 kB
Unevictable:        5636 kB
Mlocked:            5636 kB
SwapTotal:       3670008 kB
SwapFree:        3670008 kB
Dirty:              2072 kB
Writeback:             0 kB
AnonPages:       1103660 kB
Mapped:           776832 kB
Shmem:             21928 kB
KReclaimable:     557720 kB
Slab:             222520 kB
SReclaimable:      69848 kB
SUnreclaim:       152672 kB
KernelStack:       43552 kB
PageTables:        56032 kB
NFS_Unstable:          0 kB
Bounce:                0 kB
WritebackTmp:          0 kB
CommitLimit:     6660208 kB
Committed_AS:   61484932 kB
VmallocTotal:   263061440 kB
VmallocUsed:       83892 kB
VmallocChunk:          0 kB
Percpu:             7552 kB
CmaTotal:         315392 kB
CmaFree:               0 kB
MemTotal:        5980404 kB
MemFree:         1162356 kB
MemAvailable:    2832976 kB
Buffers:            6052 kB
Cached:          1695808 kB
SwapCached:            0 kB
Active:          1332892 kB
Inactive:        1468200 kB
Active(anon):    1105840 kB
Inactive(anon):    19920 kB
Active(file):     227052 kB
Inactive(file):  1448280 kB
Unevictable:        5636 kB
Mlocked:            5636 kB
SwapTotal:       3670008 kB
SwapFree:        3670008 kB
Dirty:               440 kB
Writeback:             0 kB
AnonPages:       1104880 kB
Mapped:           776788 kB
Shmem:             21928 kB
KReclaimable:     557720 kB
Slab:             222564 kB
SReclaimable:      69848 kB
SUnreclaim:       152716 kB
KernelStack:       43600 kB
PageTables:        55992 kB
NFS_Unstable:          0 kB
Bounce:                0 kB
WritebackTmp:          0 kB
CommitLimit:     6660208 kB
Committed_AS:   61487880 kB
VmallocTotal:   263061440 kB
VmallocUsed:       83924 kB
VmallocChunk:          0 kB
Percpu:             7552 kB
CmaTotal:         315392 kB
CmaFree:               0 kB
MemTotal:        5980404 kB
MemFree:         1160720 kB
MemAvailable:    2831360 kB
Buffers:            6060 kB
Cached:          1695820 kB
SwapCached:            0 kB
Active:          1334488 kB
Inactive:        1468216 kB
Active(anon):    1107432 kB
Inactive(anon):    19920 kB
Active(file):     227056 kB
Inactive(file):  1448296 kB
Unevictable:        5636 kB
Mlocked:            5636 kB
SwapTotal:       3670008 kB
SwapFree:        3670008 kB
Dirty:               460 kB
Writeback:             0 kB
AnonPages:       1106360 kB
Mapped:           776896 kB
Shmem:             21928 kB
KReclaimable:     557720 kB
Slab:             222564 kB
SReclaimable:      69848 kB
SUnreclaim:       152716 kB
KernelStack:       43632 kB
PageTables:        56136 kB
NFS_Unstable:          0 kB
Bounce:                0 kB
WritebackTmp:          0 kB
CommitLimit:     6660208 kB
Committed_AS:   61483800 kB
VmallocTotal:   263061440 kB
VmallocUsed:       84004 kB
VmallocChunk:          0 kB
Percpu:             7552 kB
CmaTotal:         315392 kB
CmaFree:               0 kB
MemTotal:        5980404 kB
MemFree:         1159620 kB
MemAvailable:    2830264 kB
Buffers:            6060 kB
Cached:          1695824 kB
SwapCached:            0 kB
Active:          1334836 kB
Inactive:        1468216 kB
Active(anon):    1107776 kB
Inactive(anon):    19920 kB
Active(file):     227060 kB
Inactive(file):  1448296 kB
Unevictable:        5636 kB
Mlocked:            5636 kB
SwapTotal:       3670008 kB
SwapFree:        3670008 kB
Dirty:               560 kB
Writeback:             0 kB
AnonPages:       1106884 kB
Mapped:           776668 kB
Shmem:             21928 kB
KReclaimable:     557720 kB
Slab:             222564 kB
SReclaimable:      69848 kB
SUnreclaim:       152716 kB
KernelStack:       43600 kB
PageTables:        55972 kB
NFS_Unstable:          0 kB
Bounce:                0 kB
WritebackTmp:          0 kB
CommitLimit:     6660208 kB
Committed_AS:   61486480 kB
VmallocTotal:   263061440 kB
VmallocUsed:       83988 kB
VmallocChunk:          0 kB
Percpu:             7552 kB
CmaTotal:         315392 kB
CmaFree:               0 kB
MemTotal:        5980404 kB
MemFree:         1159340 kB
MemAvailable:    2829984 kB
Buffers:            6060 kB
Cached:          1695824 kB
SwapCached:            0 kB
Active:          1335564 kB
Inactive:        1468216 kB
Active(anon):    1108504 kB
Inactive(anon):    19920 kB
Active(file):     227060 kB
Inactive(file):  1448296 kB
Unevictable:        5636 kB
Mlocked:            5636 kB
SwapTotal:       3670008 kB
SwapFree:        3670008 kB
Dirty:               660 kB
Writeback:             0 kB
AnonPages:       1107492 kB
Mapped:           776908 kB
Shmem:             21928 kB
KReclaimable:     557720 kB
Slab:             222564 kB
SReclaimable:      69848 kB
SUnreclaim:       152716 kB
KernelStack:       43584 kB
PageTables:        55876 kB
NFS_Unstable:          0 kB
Bounce:                0 kB
WritebackTmp:          0 kB
CommitLimit:     6660208 kB
Committed_AS:   61487600 kB
VmallocTotal:   263061440 kB
VmallocUsed:       83956 kB
VmallocChunk:          0 kB
Percpu:             7552 kB
CmaTotal:         315392 kB
CmaFree:               0 kB
MemTotal:        5980404 kB
MemFree:         1159276 kB
MemAvailable:    2829920 kB
Buffers:            6060 kB
Cached:          1695824 kB
SwapCached:            0 kB
Active:          1335276 kB
Inactive:        1468216 kB
Active(anon):    1108216 kB
Inactive(anon):    19920 kB
Active(file):     227060 kB
Inactive(file):  1448296 kB
Unevictable:        5636 kB
Mlocked:            5636 kB
SwapTotal:       3670008 kB
SwapFree:        3670008 kB
Dirty:               748 kB
Writeback:             0 kB
AnonPages:       1107204 kB
Mapped:           776944 kB
Shmem:             21928 kB
KReclaimable:     557720 kB
Slab:             222564 kB
SReclaimable:      69848 kB
SUnreclaim:       152716 kB
KernelStack:       43616 kB
PageTables:        56004 kB
NFS_Unstable:          0 kB
Bounce:                0 kB
WritebackTmp:          0 kB
CommitLimit:     6660208 kB
Committed_AS:   61490420 kB
VmallocTotal:   263061440 kB
VmallocUsed:       83988 kB
VmallocChunk:          0 kB
Percpu:             7552 kB
CmaTotal:         315392 kB
CmaFree:               0 kB
MemTotal:        5980404 kB
MemFree:         1159236 kB
MemAvailable:    2829896 kB
Buffers:            6060 kB
Cached:          1695840 kB
SwapCached:            0 kB
Active:          1336060 kB
Inactive:        1468228 kB
Active(anon):    1108996 kB
Inactive(anon):    19920 kB
Active(file):     227064 kB
Inactive(file):  1448308 kB
Unevictable:        5636 kB
Mlocked:            5636 kB
SwapTotal:       3670008 kB
SwapFree:        3670008 kB
Dirty:               416 kB
Writeback:             0 kB
AnonPages:       1108108 kB
Mapped:           776880 kB
Shmem:             21928 kB
KReclaimable:     557720 kB
Slab:             222576 kB
SReclaimable:      69848 kB
SUnreclaim:       152728 kB
KernelStack:       43584 kB
PageTables:        55956 kB
NFS_Unstable:          0 kB
Bounce:                0 kB
WritebackTmp:          0 kB
CommitLimit:     6660208 kB
Committed_AS:   61487876 kB
VmallocTotal:   263061440 kB
VmallocUsed:       83956 kB
VmallocChunk:          0 kB
Percpu:             7552 kB
CmaTotal:         315392 kB
CmaFree:               0 kB
MemTotal:        5980404 kB
MemFree:         1158280 kB
MemAvailable:    2828936 kB
Buffers:            6060 kB
Cached:          1695836 kB
SwapCached:            0 kB
Active:          1337284 kB
Inactive:        1468228 kB
Active(anon):    1110224 kB
Inactive(anon):    19920 kB
Active(file):     227060 kB
Inactive(file):  1448308 kB
Unevictable:        5636 kB
Mlocked:            5636 kB
SwapTotal:       3670008 kB
SwapFree:        3670008 kB
Dirty:               464 kB
Writeback:             0 kB
AnonPages:       1108904 kB
Mapped:           777108 kB
Shmem:             21928 kB
KReclaimable:     557720 kB
Slab:             222568 kB
SReclaimable:      69848 kB
SUnreclaim:       152720 kB
KernelStack:       43584 kB
PageTables:        55964 kB
NFS_Unstable:          0 kB
Bounce:                0 kB
WritebackTmp:          0 kB
CommitLimit:     6660208 kB
Committed_AS:   61490292 kB
VmallocTotal:   263061440 kB
VmallocUsed:       83988 kB
VmallocChunk:          0 kB
Percpu:             7552 kB
CmaTotal:         315392 kB
CmaFree:               0 kB
MemTotal:        5980404 kB
MemFree:         1158524 kB
MemAvailable:    2829180 kB
Buffers:            6060 kB
Cached:          1695840 kB
SwapCached:            0 kB
Active:          1336416 kB
Inactive:        1468232 kB
Active(anon):    1109356 kB
Inactive(anon):    19924 kB
Active(file):     227060 kB
Inactive(file):  1448308 kB
Unevictable:        5636 kB
Mlocked:            5636 kB
SwapTotal:       3670008 kB
SwapFree:        3670008 kB
Dirty:               560 kB
Writeback:             0 kB
AnonPages:       1108516 kB
Mapped:           776884 kB
Shmem:             21932 kB
KReclaimable:     557720 kB
Slab:             222568 kB
SReclaimable:      69848 kB
SUnreclaim:       152720 kB
KernelStack:       43660 kB
PageTables:        55948 kB
NFS_Unstable:          0 kB
Bounce:                0 kB
WritebackTmp:          0 kB
CommitLimit:     6660208 kB
Committed_AS:   61484988 kB
VmallocTotal:   263061440 kB
VmallocUsed:       84004 kB
VmallocChunk:          0 kB
Percpu:             7552 kB
CmaTotal:         315392 kB
CmaFree:               0 kB
MemTotal:        5980404 kB
MemFree:         1157696 kB
MemAvailable:    2828364 kB
Buffers:            6064 kB
Cached:          1695848 kB
SwapCached:            0 kB
Active:          1337108 kB
Inactive:        1468240 kB
Active(anon):    1110044 kB
Inactive(anon):    19924 kB
Active(file):     227064 kB
Inactive(file):  1448316 kB
Unevictable:        5636 kB
Mlocked:            5636 kB
SwapTotal:       3670008 kB
SwapFree:        3670008 kB
Dirty:               588 kB
Writeback:             0 kB
AnonPages:       1109300 kB
Mapped:           776904 kB
Shmem:             21932 kB
KReclaimable:     557720 kB
Slab:             222572 kB
SReclaimable:      69848 kB
SUnreclaim:       152724 kB
KernelStack:       43584 kB
PageTables:        55836 kB
NFS_Unstable:          0 kB
Bounce:                0 kB
WritebackTmp:          0 kB
CommitLimit:     6660208 kB
Committed_AS:   61486252 kB
VmallocTotal:   263061440 kB
VmallocUsed:       83972 kB
VmallocChunk:          0 kB
Percpu:             7552 kB
CmaTotal:         315392 kB
CmaFree:               0 kB
MemTotal:        5980404 kB
MemFree:         1156608 kB
MemAvailable:    2827276 kB
Buffers:            6064 kB
Cached:          1695852 kB
SwapCached:            0 kB
Active:          1338180 kB
Inactive:        1468244 kB
Active(anon):    1111116 kB
Inactive(anon):    19924 kB
Active(file):     227064 kB
Inactive(file):  1448320 kB
Unevictable:        5636 kB
Mlocked:            5636 kB
SwapTotal:       3670008 kB
SwapFree:        3670008 kB
Dirty:               764 kB
Writeback:             0 kB
AnonPages:       1110304 kB
Mapped:           776884 kB
Shmem:             21932 kB
KReclaimable:     557716 kB
Slab:             222588 kB
SReclaimable:      69844 kB
SUnreclaim:       152744 kB
KernelStack:       43600 kB
PageTables:        56088 kB
NFS_Unstable:          0 kB
Bounce:                0 kB
WritebackTmp:          0 kB
CommitLimit:     6660208 kB
Committed_AS:   61487224 kB
VmallocTotal:   263061440 kB
VmallocUsed:       83956 kB
VmallocChunk:          0 kB
Percpu:             7552 kB
CmaTotal:         315392 kB
CmaFree:               0 kB
MemTotal:        5980404 kB
MemFree:         1157096 kB
MemAvailable:    2827764 kB
Buffers:            6064 kB
Cached:          1695856 kB
SwapCached:            0 kB
Active:          1340052 kB
Inactive:        1468248 kB
Active(anon):    1112988 kB
Inactive(anon):    19928 kB
Active(file):     227064 kB
Inactive(file):  1448320 kB
Unevictable:        5636 kB
Mlocked:            5636 kB
SwapTotal:       3670008 kB
SwapFree:        3670008 kB
Dirty:               904 kB
Writeback:             0 kB
AnonPages:       1111608 kB
Mapped:           776992 kB
Shmem:             21936 kB
KReclaimable:     557716 kB
Slab:             222576 kB
SReclaimable:      69844 kB
SUnreclaim:       152732 kB
KernelStack:       43536 kB
PageTables:        56008 kB
NFS_Unstable:          0 kB
Bounce:                0 kB
WritebackTmp:          0 kB
CommitLimit:     6660208 kB
Committed_AS:   61487348 kB
VmallocTotal:   263061440 kB
VmallocUsed:       83908 kB
VmallocChunk:          0 kB
Percpu:             7552 kB
CmaTotal:         315392 kB
CmaFree:               0 kB
MemTotal:        5980404 kB
MemFree:         1153780 kB
MemAvailable:    2824456 kB
Buffers:            6064 kB
Cached:          1695880 kB
SwapCached:            0 kB
Active:          1342096 kB
Inactive:        1468272 kB
Active(anon):    1115032 kB
Inactive(anon):    19944 kB
Active(file):     227064 kB
Inactive(file):  1448328 kB
Unevictable:        5636 kB
Mlocked:            5636 kB
SwapTotal:       3670008 kB
SwapFree:        3670008 kB
Dirty:               724 kB
Writeback:             0 kB
AnonPages:       1114184 kB
Mapped:           776752 kB
Shmem:             21952 kB
KReclaimable:     557716 kB
Slab:             222588 kB
SReclaimable:      69844 kB
SUnreclaim:       152744 kB
KernelStack:       43440 kB
PageTables:        55848 kB
NFS_Unstable:          0 kB
Bounce:                0 kB
WritebackTmp:          0 kB
CommitLimit:     6660208 kB
Committed_AS:   61490960 kB
VmallocTotal:   263061440 kB
VmallocUsed:       83844 kB
VmallocChunk:          0 kB
Percpu:             7552 kB
CmaTotal:         315392 kB
CmaFree:               0 kB
MemTotal:        5980404 kB
MemFree:         1153372 kB
MemAvailable:    2824052 kB
Buffers:            6064 kB
Cached:          1695884 kB
SwapCached:            0 kB
Active:          1341672 kB
Inactive:        1468276 kB
Active(anon):    1114608 kB
Inactive(anon):    19944 kB
Active(file):     227064 kB
Inactive(file):  1448332 kB
Unevictable:        5636 kB
Mlocked:            5636 kB
SwapTotal:       3670008 kB
SwapFree:        3670008 kB
Dirty:              1352 kB
Writeback:             0 kB
AnonPages:       1113820 kB
Mapped:           776904 kB
Shmem:             21952 kB
KReclaimable:     557716 kB
Slab:             222592 kB
SReclaimable:      69844 kB
SUnreclaim:       152748 kB
KernelStack:       43488 kB
PageTables:        55948 kB
NFS_Unstable:          0 kB
Bounce:                0 kB
WritebackTmp:          0 kB
CommitLimit:     6660208 kB
Committed_AS:   61489392 kB
VmallocTotal:   263061440 kB
VmallocUsed:       83940 kB
