MemTotal:        5980404 kB
MemFree:         1141456 kB
MemAvailable:    2798788 kB
Buffers:            5472 kB
Cached:          1681964 kB
SwapCached:            0 kB
Active:          1333972 kB
Inactive:        1462932 kB
Active(anon):    1116072 kB
Inactive(anon):    18656 kB
Active(file):     217900 kB
Inactive(file):  1444276 kB
Unevictable:        5636 kB
Mlocked:            5636 kB
SwapTotal:       3670008 kB
SwapFree:        3670008 kB
Dirty:               540 kB
Writeback:             0 kB
AnonPages:       1115172 kB
Mapped:           813544 kB
Shmem:             20660 kB
KReclaimable:     557588 kB
Slab:             225892 kB
SReclaimable:      69716 kB
SUnreclaim:       156176 kB
KernelStack:       45984 kB
PageTables:        61112 kB
NFS_Unstable:          0 kB
Bounce:                0 kB
WritebackTmp:          0 kB
CommitLimit:     6660208 kB
Committed_AS:   71297044 kB
VmallocTotal:   263061440 kB
VmallocUsed:       86444 kB
VmallocChunk:          0 kB
Percpu:             7552 kB
CmaTotal:         315392 kB
CmaFree:               0 kB
MemTotal:        5980404 kB
MemFree:         1140352 kB
MemAvailable:    2797688 kB
Buffers:            5472 kB
Cached:          1681976 kB
SwapCached:            0 kB
Active:          1334384 kB
Inactive:        1462944 kB
Active(anon):    1116484 kB
Inactive(anon):    18664 kB
Active(file):     217900 kB
Inactive(file):  1444280 kB
Unevictable:        5636 kB
Mlocked:            5636 kB
SwapTotal:       3670008 kB
SwapFree:        3670008 kB
Dirty:               408 kB
Writeback:             0 kB
AnonPages:       1115720 kB
Mapped:           813552 kB
Shmem:             20668 kB
KReclaimable:     557588 kB
Slab:             225876 kB
SReclaimable:      69716 kB
SUnreclaim:       156160 kB
KernelStack:       45968 kB
PageTables:        61192 kB
NFS_Unstable:          0 kB
Bounce:                0 kB
WritebackTmp:          0 kB
CommitLimit:     6660208 kB
Committed_AS:   71297968 kB
VmallocTotal:   263061440 kB
VmallocUsed:       86412 kB
VmallocChunk:          0 kB
Percpu:             7552 kB
CmaTotal:         315392 kB
CmaFree:               0 kB
MemTotal:        5980404 kB
MemFree:         1139392 kB
MemAvailable:    2796728 kB
Buffers:            5472 kB
Cached:          1681976 kB
SwapCached:            0 kB
Active:          1335516 kB
Inactive:        1462944 kB
Active(anon):    1117616 kB
Inactive(anon):    18664 kB
Active(file):     217900 kB
Inactive(file):  1444280 kB
Unevictable:        5636 kB
Mlocked:            5636 kB
SwapTotal:       3670008 kB
SwapFree:        3670008 kB
Dirty:               544 kB
Writeback:             0 kB
AnonPages:       1116536 kB
Mapped:           813552 kB
Shmem:             20668 kB
KReclaimable:     557588 kB
Slab:             225876 kB
SReclaimable:      69716 kB
SUnreclaim:       156160 kB
KernelStack:       45952 kB
PageTables:        61060 kB
NFS_Unstable:          0 kB
Bounce:                0 kB
WritebackTmp:          0 kB
CommitLimit:     6660208 kB
Committed_AS:   71299960 kB
VmallocTotal:   263061440 kB
VmallocUsed:       86412 kB
VmallocChunk:          0 kB
Percpu:             7552 kB
CmaTotal:         315392 kB
CmaFree:               0 kB
MemTotal:        5980404 kB
MemFree:         1148684 kB
MemAvailable:    2806032 kB
Buffers:            5472 kB
Cached:          1681876 kB
SwapCached:            0 kB
Active:          1324816 kB
Inactive:        1462844 kB
Active(anon):    1106916 kB
Inactive(anon):    18552 kB
Active(file):     217900 kB
Inactive(file):  1444292 kB
Unevictable:        5636 kB
Mlocked:            5636 kB
SwapTotal:       3670008 kB
SwapFree:        3670008 kB
Dirty:               432 kB
Writeback:             0 kB
AnonPages:       1106132 kB
Mapped:           813568 kB
Shmem:             20556 kB
KReclaimable:     557588 kB
Slab:             225900 kB
SReclaimable:      69716 kB
SUnreclaim:       156184 kB
KernelStack:       45968 kB
PageTables:        61068 kB
NFS_Unstable:          0 kB
Bounce:                0 kB
WritebackTmp:          0 kB
CommitLimit:     6660208 kB
Committed_AS:   71297292 kB
VmallocTotal:   263061440 kB
VmallocUsed:       86444 kB
VmallocChunk:          0 kB
Percpu:             7552 kB
CmaTotal:         315392 kB
CmaFree:             440 kB
MemTotal:        5980404 kB
MemFree:         1149300 kB
MemAvailable:    2806664 kB
Buffers:            5476 kB
Cached:          1681888 kB
SwapCached:            0 kB
Active:          1325512 kB
Inactive:        1462856 kB
Active(anon):    1107608 kB
Inactive(anon):    18552 kB
Active(file):     217904 kB
Inactive(file):  1444304 kB
Unevictable:        5636 kB
Mlocked:            5636 kB
SwapTotal:       3670008 kB
SwapFree:        3670008 kB
Dirty:               484 kB
Writeback:             0 kB
AnonPages:       1106152 kB
Mapped:           813568 kB
Shmem:             20556 kB
KReclaimable:     557588 kB
Slab:             225900 kB
SReclaimable:      69716 kB
SUnreclaim:       156184 kB
KernelStack:       45968 kB
PageTables:        61100 kB
NFS_Unstable:          0 kB
Bounce:                0 kB
WritebackTmp:          0 kB
CommitLimit:     6660208 kB
Committed_AS:   71297220 kB
VmallocTotal:   263061440 kB
VmallocUsed:       86364 kB
VmallocChunk:          0 kB
Percpu:             7552 kB
CmaTotal:         315392 kB
CmaFree:               0 kB
MemTotal:        5980404 kB
MemFree:         1149332 kB
MemAvailable:    2806708 kB
Buffers:            5476 kB
Cached:          1681900 kB
SwapCached:            0 kB
Active:          1324872 kB
Inactive:        1462864 kB
Active(anon):    1106964 kB
Inactive(anon):    18552 kB
Active(file):     217908 kB
Inactive(file):  1444312 kB
Unevictable:        5636 kB
Mlocked:            5636 kB
SwapTotal:       3670008 kB
SwapFree:        3670008 kB
Dirty:               668 kB
Writeback:             0 kB
AnonPages:       1105760 kB
Mapped:           813760 kB
Shmem:             20556 kB
KReclaimable:     557588 kB
Slab:             225900 kB
SReclaimable:      69716 kB
SUnreclaim:       156184 kB
KernelStack:       45952 kB
PageTables:        61104 kB
NFS_Unstable:          0 kB
Bounce:                0 kB
WritebackTmp:          0 kB
CommitLimit:     6660208 kB
Committed_AS:   71295492 kB
VmallocTotal:   263061440 kB
VmallocUsed:       86380 kB
VmallocChunk:          0 kB
Percpu:             7552 kB
CmaTotal:         315392 kB
CmaFree:               0 kB
MemTotal:        5980404 kB
MemFree:         1148692 kB
MemAvailable:    2806240 kB
Buffers:            5476 kB
Cached:          1681948 kB
SwapCached:            0 kB
Active:          1325892 kB
Inactive:        1462908 kB
Active(anon):    1107980 kB
Inactive(anon):    18552 kB
Active(file):     217912 kB
Inactive(file):  1444356 kB
Unevictable:        5636 kB
Mlocked:            5636 kB
SwapTotal:       3670008 kB
SwapFree:        3670008 kB
Dirty:               532 kB
Writeback:             0 kB
AnonPages:       1106988 kB
Mapped:           813420 kB
Shmem:             20556 kB
KReclaimable:     557712 kB
Slab:             225952 kB
SReclaimable:      69840 kB
SUnreclaim:       156112 kB
KernelStack:       45952 kB
PageTables:        60980 kB
NFS_Unstable:          0 kB
Bounce:                0 kB
WritebackTmp:          0 kB
CommitLimit:     6660208 kB
Committed_AS:   71297160 kB
VmallocTotal:   263061440 kB
VmallocUsed:       86428 kB
VmallocChunk:          0 kB
Percpu:             7552 kB
CmaTotal:         315392 kB
CmaFree:               0 kB
MemTotal:        5980404 kB
MemFree:         1140432 kB
MemAvailable:    2798056 kB
Buffers:            5476 kB
Cached:          1682036 kB
SwapCached:            0 kB
Active:          1334532 kB
Inactive:        1462972 kB
Active(anon):    1116596 kB
Inactive(anon):    18584 kB
Active(file):     217936 kB
Inactive(file):  1444388 kB
Unevictable:        5636 kB
Mlocked:            5636 kB
SwapTotal:       3670008 kB
SwapFree:        3670008 kB
Dirty:               748 kB
Writeback:             0 kB
AnonPages:       1115156 kB
Mapped:           813736 kB
Shmem:             20588 kB
KReclaimable:     557732 kB
Slab:             226372 kB
SReclaimable:      69860 kB
SUnreclaim:       156512 kB
KernelStack:       46320 kB
PageTables:        61760 kB
NFS_Unstable:          0 kB
Bounce:                0 kB
WritebackTmp:          0 kB
CommitLimit:     6660208 kB
Committed_AS:   72626976 kB
VmallocTotal:   263061440 kB
VmallocUsed:       86724 kB
VmallocChunk:          0 kB
Percpu:             7552 kB
CmaTotal:         315392 kB
CmaFree:               0 kB
MemTotal:        5980404 kB
MemFree:         1148300 kB
MemAvailable:    2805948 kB
Buffers:            5484 kB
Cached:          1682048 kB
SwapCached:            0 kB
Active:          1327476 kB
Inactive:        1462848 kB
Active(anon):    1109396 kB
Inactive(anon):    18580 kB
Active(file):     218080 kB
Inactive(file):  1444268 kB
Unevictable:        5636 kB
Mlocked:            5636 kB
SwapTotal:       3670008 kB
SwapFree:        3670008 kB
Dirty:              1436 kB
Writeback:             0 kB
AnonPages:       1108292 kB
Mapped:           813272 kB
Shmem:             20584 kB
KReclaimable:     557732 kB
Slab:             225840 kB
SReclaimable:      69860 kB
SUnreclaim:       155980 kB
KernelStack:       46208 kB
PageTables:        61096 kB
NFS_Unstable:          0 kB
Bounce:                0 kB
WritebackTmp:          0 kB
CommitLimit:     6660208 kB
Committed_AS:   71303692 kB
VmallocTotal:   263061440 kB
VmallocUsed:       86604 kB
VmallocChunk:          0 kB
Percpu:             7552 kB
CmaTotal:         315392 kB
CmaFree:             192 kB
MemTotal:        5980404 kB
MemFree:         1144340 kB
MemAvailable:    2801996 kB
Buffers:            5484 kB
Cached:          1682064 kB
SwapCached:            0 kB
Active:          1329884 kB
Inactive:        1462860 kB
Active(anon):    1111800 kB
Inactive(anon):    18588 kB
Active(file):     218084 kB
Inactive(file):  1444272 kB
Unevictable:        5636 kB
Mlocked:            5636 kB
SwapTotal:       3670008 kB
SwapFree:        3670008 kB
Dirty:               188 kB
Writeback:             0 kB
AnonPages:       1110660 kB
Mapped:           813280 kB
Shmem:             20592 kB
KReclaimable:     557732 kB
Slab:             225908 kB
SReclaimable:      69860 kB
SUnreclaim:       156048 kB
KernelStack:       46096 kB
PageTables:        61092 kB
NFS_Unstable:          0 kB
Bounce:                0 kB
WritebackTmp:          0 kB
CommitLimit:     6660208 kB
Committed_AS:   71301952 kB
VmallocTotal:   263061440 kB
VmallocUsed:       86572 kB
VmallocChunk:          0 kB
Percpu:             7552 kB
CmaTotal:         315392 kB
CmaFree:               0 kB
MemTotal:        5980404 kB
MemFree:         1142476 kB
MemAvailable:    2800132 kB
Buffers:            5484 kB
Cached:          1682064 kB
SwapCached:            0 kB
Active:          1331812 kB
Inactive:        1462864 kB
Active(anon):    1113732 kB
Inactive(anon):    18588 kB
Active(file):     218080 kB
Inactive(file):  1444276 kB
Unevictable:        5636 kB
Mlocked:            5636 kB
SwapTotal:       3670008 kB
SwapFree:        3670008 kB
Dirty:               424 kB
Writeback:             0 kB
AnonPages:       1112748 kB
Mapped:           813280 kB
Shmem:             20592 kB
KReclaimable:     557732 kB
Slab:             225896 kB
SReclaimable:      69860 kB
SUnreclaim:       156036 kB
KernelStack:       46128 kB
PageTables:        61436 kB
NFS_Unstable:          0 kB
Bounce:                0 kB
WritebackTmp:          0 kB
CommitLimit:     6660208 kB
Committed_AS:   71300860 kB
VmallocTotal:   263061440 kB
VmallocUsed:       86556 kB
VmallocChunk:          0 kB
Percpu:             7552 kB
CmaTotal:         315392 kB
CmaFree:               0 kB
MemTotal:        5980404 kB
MemFree:         1140772 kB
MemAvailable:    2798444 kB
Buffers:            5488 kB
Cached:          1682092 kB
SwapCached:            0 kB
Active:          1333840 kB
Inactive:        1462892 kB
Active(anon):    1115756 kB
Inactive(anon):    18604 kB
Active(file):     218084 kB
Inactive(file):  1444288 kB
Unevictable:        5636 kB
Mlocked:            5636 kB
SwapTotal:       3670008 kB
SwapFree:        3670008 kB
Dirty:               676 kB
Writeback:             0 kB
AnonPages:       1115140 kB
Mapped:           813296 kB
Shmem:             20608 kB
KReclaimable:     557732 kB
Slab:             225896 kB
SReclaimable:      69860 kB
SUnreclaim:       156036 kB
KernelStack:       46128 kB
PageTables:        61232 kB
NFS_Unstable:          0 kB
Bounce:                0 kB
WritebackTmp:          0 kB
CommitLimit:     6660208 kB
Committed_AS:   71303236 kB
VmallocTotal:   263061440 kB
VmallocUsed:       86572 kB
VmallocChunk:          0 kB
Percpu:             7552 kB
CmaTotal:         315392 kB
CmaFree:               0 kB
MemTotal:        5980404 kB
MemFree:         1139720 kB
MemAvailable:    2797392 kB
Buffers:            5488 kB
Cached:          1682116 kB
SwapCached:            0 kB
Active:          1334400 kB
Inactive:        1462916 kB
Active(anon):    1116316 kB
Inactive(anon):    18628 kB
Active(file):     218084 kB
Inactive(file):  1444288 kB
Unevictable:        5636 kB
Mlocked:            5636 kB
SwapTotal:       3670008 kB
SwapFree:        3670008 kB
Dirty:               848 kB
Writeback:             0 kB
AnonPages:       1115396 kB
Mapped:           813320 kB
Shmem:             20632 kB
KReclaimable:     557732 kB
Slab:             225896 kB
SReclaimable:      69860 kB
SUnreclaim:       156036 kB
KernelStack:       46096 kB
PageTables:        61100 kB
NFS_Unstable:          0 kB
Bounce:                0 kB
WritebackTmp:          0 kB
CommitLimit:     6660208 kB
Committed_AS:   71300100 kB
VmallocTotal:   263061440 kB
VmallocUsed:       86572 kB
VmallocChunk:          0 kB
Percpu:             7552 kB
CmaTotal:         315392 kB
CmaFree:              88 kB
MemTotal:        5980404 kB
MemFree:         1138916 kB
MemAvailable:    2796608 kB
Buffers:            5488 kB
Cached:          1682164 kB
SwapCached:            0 kB
Active:          1336440 kB
Inactive:        1462964 kB
Active(anon):    1118356 kB
Inactive(anon):    18656 kB
Active(file):     218084 kB
Inactive(file):  1444308 kB
Unevictable:        5636 kB
Mlocked:            5636 kB
SwapTotal:       3670008 kB
SwapFree:        3670008 kB
Dirty:               220 kB
Writeback:             0 kB
AnonPages:       1117256 kB
Mapped:           813180 kB
Shmem:             20660 kB
KReclaimable:     557732 kB
Slab:             225928 kB
SReclaimable:      69860 kB
SUnreclaim:       156068 kB
KernelStack:       46064 kB
PageTables:        61008 kB
NFS_Unstable:          0 kB
Bounce:                0 kB
WritebackTmp:          0 kB
CommitLimit:     6660208 kB
Committed_AS:   71302556 kB
VmallocTotal:   263061440 kB
VmallocUsed:       86540 kB
VmallocChunk:          0 kB
Percpu:             7552 kB
CmaTotal:         315392 kB
CmaFree:               0 kB
MemTotal:        5980404 kB
MemFree:         1137820 kB
MemAvailable:    2795540 kB
Buffers:            5496 kB
Cached:          1682180 kB
SwapCached:            0 kB
Active:          1336816 kB
Inactive:        1462980 kB
Active(anon):    1118724 kB
Inactive(anon):    18656 kB
Active(file):     218092 kB
Inactive(file):  1444324 kB
Unevictable:        5636 kB
Mlocked:            5636 kB
SwapTotal:       3670008 kB
SwapFree:        3670008 kB
Dirty:               164 kB
Writeback:             0 kB
AnonPages:       1117776 kB
Mapped:           813348 kB
Shmem:             20660 kB
KReclaimable:     557736 kB
Slab:             225860 kB
SReclaimable:      69864 kB
SUnreclaim:       155996 kB
KernelStack:       46096 kB
PageTables:        61220 kB
NFS_Unstable:          0 kB
Bounce:                0 kB
WritebackTmp:          0 kB
CommitLimit:     6660208 kB
Committed_AS:   71302968 kB
VmallocTotal:   263061440 kB
VmallocUsed:       86524 kB
VmallocChunk:          0 kB
Percpu:             7552 kB
CmaTotal:         315392 kB
CmaFree:               0 kB
MemTotal:        5980404 kB
MemFree:         1145120 kB
MemAvailable:    2802840 kB
Buffers:            5496 kB
Cached:          1682192 kB
SwapCached:            0 kB
Active:          1327880 kB
Inactive:        1462988 kB
Active(anon):    1109784 kB
Inactive(anon):    18668 kB
Active(file):     218096 kB
Inactive(file):  1444320 kB
Unevictable:        5636 kB
Mlocked:            5636 kB
SwapTotal:       3670008 kB
SwapFree:        3670008 kB
Dirty:               292 kB
Writeback:             0 kB
AnonPages:       1109108 kB
Mapped:           813360 kB
Shmem:             20672 kB
KReclaimable:     557736 kB
Slab:             225860 kB
SReclaimable:      69864 kB
SUnreclaim:       155996 kB
KernelStack:       46064 kB
PageTables:        61244 kB
NFS_Unstable:          0 kB
Bounce:                0 kB
WritebackTmp:          0 kB
CommitLimit:     6660208 kB
Committed_AS:   71300424 kB
VmallocTotal:   263061440 kB
VmallocUsed:       86492 kB
VmallocChunk:          0 kB
Percpu:             7552 kB
CmaTotal:         315392 kB
CmaFree:               0 kB
MemTotal:        5980404 kB
MemFree:         1145424 kB
MemAvailable:    2803152 kB
Buffers:            5496 kB
Cached:          1682204 kB
SwapCached:            0 kB
Active:          1328636 kB
Inactive:        1463000 kB
Active(anon):    1110540 kB
Inactive(anon):    18672 kB
Active(file):     218096 kB
Inactive(file):  1444328 kB
Unevictable:        5636 kB
Mlocked:            5636 kB
SwapTotal:       3670008 kB
SwapFree:        3670008 kB
Dirty:               176 kB
Writeback:             0 kB
AnonPages:       1109612 kB
Mapped:           813364 kB
Shmem:             20676 kB
KReclaimable:     557736 kB
Slab:             225868 kB
SReclaimable:      69864 kB
SUnreclaim:       156004 kB
KernelStack:       46048 kB
PageTables:        61104 kB
NFS_Unstable:          0 kB
Bounce:                0 kB
WritebackTmp:          0 kB
CommitLimit:     6660208 kB
Committed_AS:   71298964 kB
VmallocTotal:   263061440 kB
VmallocUsed:       86492 kB
VmallocChunk:          0 kB
Percpu:             7552 kB
CmaTotal:         315392 kB
CmaFree:               0 kB
MemTotal:        5980404 kB
MemFree:         1145096 kB
MemAvailable:    2802824 kB
Buffers:            5496 kB
Cached:          1682204 kB
SwapCached:            0 kB
Active:          1329480 kB
Inactive:        1463000 kB
Active(anon):    1111384 kB
Inactive(anon):    18672 kB
Active(file):     218096 kB
Inactive(file):  1444328 kB
Unevictable:        5636 kB
Mlocked:            5636 kB
SwapTotal:       3670008 kB
SwapFree:        3670008 kB
Dirty:               288 kB
Writeback:             0 kB
AnonPages:       1109856 kB
Mapped:           813364 kB
Shmem:             20676 kB
KReclaimable:     557736 kB
Slab:             225868 kB
SReclaimable:      69864 kB
SUnreclaim:       156004 kB
KernelStack:       46048 kB
PageTables:        61096 kB
NFS_Unstable:          0 kB
Bounce:                0 kB
WritebackTmp:          0 kB
CommitLimit:     6660208 kB
Committed_AS:   71300964 kB
VmallocTotal:   263061440 kB
VmallocUsed:       86524 kB
VmallocChunk:          0 kB
Percpu:             7552 kB
CmaTotal:         315392 kB
CmaFree:             128 kB
MemTotal:        5980404 kB
MemFree:         1156784 kB
MemAvailable:    2814072 kB
Buffers:            5500 kB
Cached:          1682224 kB
SwapCached:            0 kB
Active:          1331376 kB
Inactive:        1463020 kB
Active(anon):    1113276 kB
Inactive(anon):    18676 kB
Active(file):     218100 kB
Inactive(file):  1444344 kB
Unevictable:        5636 kB
Mlocked:            5636 kB
SwapTotal:       3670008 kB
SwapFree:        3670008 kB
Dirty:               284 kB
Writeback:             0 kB
AnonPages:       1111668 kB
Mapped:           813416 kB
Shmem:             20680 kB
KReclaimable:     557276 kB
Slab:             225408 kB
SReclaimable:      69404 kB
SUnreclaim:       156004 kB
KernelStack:       46064 kB
PageTables:        61096 kB
NFS_Unstable:          0 kB
Bounce:                0 kB
WritebackTmp:          0 kB
CommitLimit:     6660208 kB
Committed_AS:   71300200 kB
VmallocTotal:   263061440 kB
VmallocUsed:       86508 kB
VmallocChunk:          0 kB
Percpu:             7552 kB
CmaTotal:         315392 kB
CmaFree:              16 kB
MemTotal:        5980404 kB
MemFree:         1156916 kB
MemAvailable:    2814204 kB
Buffers:            5500 kB
Cached:          1682228 kB
SwapCached:            0 kB
Active:          1331412 kB
Inactive:        1463024 kB
Active(anon):    1113312 kB
Inactive(anon):    18680 kB
Active(file):     218100 kB
Inactive(file):  1444344 kB
Unevictable:        5636 kB
Mlocked:            5636 kB
SwapTotal:       3670008 kB
SwapFree:        3670008 kB
Dirty:               320 kB
Writeback:             0 kB
AnonPages:       1112508 kB
Mapped:           813420 kB
Shmem:             20684 kB
KReclaimable:     557276 kB
Slab:             225396 kB
SReclaimable:      69404 kB
SUnreclaim:       155992 kB
KernelStack:       46064 kB
PageTables:        61240 kB
NFS_Unstable:          0 kB
Bounce:                0 kB
WritebackTmp:          0 kB
CommitLimit:     6660208 kB
Committed_AS:   71297672 kB
VmallocTotal:   263061440 kB
VmallocUsed:       86508 kB
VmallocChunk:          0 kB
Percpu:             7552 kB
CmaTotal:         315392 kB
CmaFree:               0 kB
MemTotal:        5980404 kB
MemFree:         1161468 kB
MemAvailable:    2818772 kB
Buffers:            5500 kB
Cached:          1682256 kB
SwapCached:            0 kB
Active:          1327108 kB
Inactive:        1463052 kB
Active(anon):    1109008 kB
Inactive(anon):    18692 kB
Active(file):     218100 kB
Inactive(file):  1444360 kB
Unevictable:        5636 kB
Mlocked:            5636 kB
SwapTotal:       3670008 kB
SwapFree:        3670008 kB
Dirty:               244 kB
Writeback:             0 kB
AnonPages:       1107896 kB
Mapped:           813384 kB
Shmem:             20696 kB
KReclaimable:     557276 kB
Slab:             225448 kB
SReclaimable:      69404 kB
SUnreclaim:       156044 kB
KernelStack:       46048 kB
PageTables:        61128 kB
NFS_Unstable:          0 kB
Bounce:                0 kB
WritebackTmp:          0 kB
CommitLimit:     6660208 kB
Committed_AS:   71299752 kB
VmallocTotal:   263061440 kB
VmallocUsed:       86524 kB
VmallocChunk:          0 kB
Percpu:             7552 kB
CmaTotal:         315392 kB
CmaFree:               0 kB
MemTotal:        5980404 kB
MemFree:         1171300 kB
MemAvailable:    2828620 kB
Buffers:            5504 kB
Cached:          1682268 kB
SwapCached:            0 kB
Active:          1316112 kB
Inactive:        1463064 kB
Active(anon):    1098008 kB
Inactive(anon):    18692 kB
Active(file):     218104 kB
Inactive(file):  1444372 kB
Unevictable:        5636 kB
Mlocked:            5636 kB
SwapTotal:       3670008 kB
SwapFree:        3670008 kB
Dirty:               324 kB
Writeback:             0 kB
AnonPages:       1096884 kB
Mapped:           813556 kB
Shmem:             20696 kB
KReclaimable:     557276 kB
Slab:             225432 kB
SReclaimable:      69404 kB
SUnreclaim:       156028 kB
KernelStack:       46064 kB
PageTables:        61224 kB
NFS_Unstable:          0 kB
Bounce:                0 kB
WritebackTmp:          0 kB
CommitLimit:     6660208 kB
Committed_AS:   71300228 kB
VmallocTotal:   263061440 kB
VmallocUsed:       86508 kB
VmallocChunk:          0 kB
Percpu:             7552 kB
CmaTotal:         315392 kB
CmaFree:               0 kB
MemTotal:        5980404 kB
MemFree:         1172624 kB
MemAvailable:    2829944 kB
Buffers:            5504 kB
Cached:          1682276 kB
SwapCached:            0 kB
Active:          1316376 kB
Inactive:        1463072 kB
Active(anon):    1098272 kB
Inactive(anon):    18700 kB
Active(file):     218104 kB
Inactive(file):  1444372 kB
Unevictable:        5636 kB
Mlocked:            5636 kB
SwapTotal:       3670008 kB
SwapFree:        3670008 kB
Dirty:               396 kB
Writeback:             0 kB
AnonPages:       1097528 kB
Mapped:           813564 kB
Shmem:             20704 kB
KReclaimable:     557276 kB
Slab:             225436 kB
SReclaimable:      69404 kB
SUnreclaim:       156032 kB
KernelStack:       46032 kB
PageTables:        61196 kB
NFS_Unstable:          0 kB
Bounce:                0 kB
WritebackTmp:          0 kB
CommitLimit:     6660208 kB
Committed_AS:   71301304 kB
VmallocTotal:   263061440 kB
VmallocUsed:       86476 kB
VmallocChunk:          0 kB
Percpu:             7552 kB
CmaTotal:         315392 kB
CmaFree:               0 kB
MemTotal:        5980404 kB
MemFree:         1172160 kB
MemAvailable:    2829488 kB
Buffers:            5504 kB
Cached:          1682292 kB
SwapCached:            0 kB
Active:          1317564 kB
Inactive:        1463088 kB
Active(anon):    1099460 kB
Inactive(anon):    18708 kB
Active(file):     218104 kB
Inactive(file):  1444380 kB
Unevictable:        5636 kB
Mlocked:            5636 kB
SwapTotal:       3670008 kB
SwapFree:        3670008 kB
Dirty:               488 kB
Writeback:             0 kB
AnonPages:       1098044 kB
Mapped:           813572 kB
Shmem:             20712 kB
KReclaimable:     557276 kB
Slab:             225380 kB
SReclaimable:      69404 kB
SUnreclaim:       155976 kB
KernelStack:       46012 kB
PageTables:        61088 kB
NFS_Unstable:          0 kB
Bounce:                0 kB
WritebackTmp:          0 kB
CommitLimit:     6660208 kB
Committed_AS:   71304336 kB
VmallocTotal:   263061440 kB
VmallocUsed:       86476 kB
VmallocChunk:          0 kB
Percpu:             7552 kB
CmaTotal:         315392 kB
CmaFree:              96 kB
MemTotal:        5980404 kB
MemFree:         1172156 kB
MemAvailable:    2829488 kB
Buffers:            5504 kB
Cached:          1682296 kB
SwapCached:            0 kB
Active:          1318016 kB
Inactive:        1463092 kB
Active(anon):    1099912 kB
Inactive(anon):    18708 kB
Active(file):     218104 kB
Inactive(file):  1444384 kB
Unevictable:        5636 kB
Mlocked:            5636 kB
SwapTotal:       3670008 kB
SwapFree:        3670008 kB
Dirty:               836 kB
Writeback:             0 kB
AnonPages:       1099168 kB
Mapped:           813512 kB
Shmem:             20712 kB
KReclaimable:     557276 kB
Slab:             225388 kB
SReclaimable:      69404 kB
SUnreclaim:       155984 kB
KernelStack:       46000 kB
PageTables:        61044 kB
NFS_Unstable:          0 kB
Bounce:                0 kB
WritebackTmp:          0 kB
CommitLimit:     6660208 kB
Committed_AS:   71299352 kB
VmallocTotal:   263061440 kB
VmallocUsed:       86476 kB
VmallocChunk:          0 kB
Percpu:             7552 kB
CmaTotal:         315392 kB
CmaFree:               0 kB
MemTotal:        5980404 kB
MemFree:         1170660 kB
MemAvailable:    2828016 kB
Buffers:            5512 kB
Cached:          1682320 kB
SwapCached:            0 kB
Active:          1318576 kB
Inactive:        1463116 kB
Active(anon):    1100464 kB
Inactive(anon):    18716 kB
Active(file):     218112 kB
Inactive(file):  1444400 kB
Unevictable:        5636 kB
Mlocked:            5636 kB
SwapTotal:       3670008 kB
SwapFree:        3670008 kB
Dirty:               884 kB
Writeback:             0 kB
AnonPages:       1099180 kB
Mapped:           813580 kB
Shmem:             20720 kB
KReclaimable:     557276 kB
Slab:             225388 kB
SReclaimable:      69404 kB
SUnreclaim:       155984 kB
KernelStack:       46016 kB
PageTables:        61096 kB
NFS_Unstable:          0 kB
Bounce:                0 kB
WritebackTmp:          0 kB
CommitLimit:     6660208 kB
Committed_AS:   71300312 kB
VmallocTotal:   263061440 kB
VmallocUsed:       86444 kB
VmallocChunk:          0 kB
Percpu:             7552 kB
CmaTotal:         315392 kB
CmaFree:               0 kB
MemTotal:        5980404 kB
MemFree:         1170096 kB
MemAvailable:    2827452 kB
Buffers:            5512 kB
Cached:          1682320 kB
SwapCached:            0 kB
Active:          1319532 kB
Inactive:        1463112 kB
Active(anon):    1101416 kB
Inactive(anon):    18716 kB
Active(file):     218116 kB
Inactive(file):  1444396 kB
Unevictable:        5636 kB
Mlocked:            5636 kB
SwapTotal:       3670008 kB
SwapFree:        3670008 kB
Dirty:               184 kB
Writeback:             0 kB
AnonPages:       1100328 kB
Mapped:           813580 kB
Shmem:             20720 kB
KReclaimable:     557276 kB
Slab:             225392 kB
SReclaimable:      69404 kB
SUnreclaim:       155988 kB
KernelStack:       46016 kB
PageTables:        61124 kB
NFS_Unstable:          0 kB
Bounce:                0 kB
WritebackTmp:          0 kB
CommitLimit:     6660208 kB
Committed_AS:   71296796 kB
VmallocTotal:   263061440 kB
VmallocUsed:       86492 kB
VmallocChunk:          0 kB
Percpu:             7552 kB
CmaTotal:         315392 kB
CmaFree:               0 kB
MemTotal:        5980404 kB
MemFree:         1169552 kB
MemAvailable:    2826908 kB
Buffers:            5512 kB
Cached:          1682324 kB
SwapCached:            0 kB
Active:          1320680 kB
Inactive:        1463116 kB
Active(anon):    1102564 kB
Inactive(anon):    18720 kB
Active(file):     218116 kB
Inactive(file):  1444396 kB
Unevictable:        5636 kB
Mlocked:            5636 kB
SwapTotal:       3670008 kB
SwapFree:        3670008 kB
Dirty:               304 kB
Writeback:             0 kB
AnonPages:       1101608 kB
Mapped:           813520 kB
Shmem:             20724 kB
KReclaimable:     557276 kB
Slab:             225400 kB
SReclaimable:      69404 kB
SUnreclaim:       155996 kB
KernelStack:       45936 kB
PageTables:        61024 kB
NFS_Unstable:          0 kB
Bounce:                0 kB
WritebackTmp:          0 kB
CommitLimit:     6660208 kB
Committed_AS:   71303276 kB
VmallocTotal:   263061440 kB
VmallocUsed:       86380 kB
VmallocChunk:          0 kB
Percpu:             7552 kB
CmaTotal:         315392 kB
CmaFree:               0 kB
MemTotal:        5980404 kB
MemFree:         1168124 kB
MemAvailable:    2825500 kB
Buffers:            5512 kB
Cached:          1682348 kB
SwapCached:            0 kB
Active:          1322384 kB
Inactive:        1463132 kB
Active(anon):    1104260 kB
Inactive(anon):    18724 kB
Active(file):     218124 kB
Inactive(file):  1444408 kB
Unevictable:        5636 kB
Mlocked:            5636 kB
SwapTotal:       3670008 kB
SwapFree:        3670008 kB
Dirty:               292 kB
Writeback:             0 kB
AnonPages:       1102992 kB
Mapped:           813588 kB
Shmem:             20728 kB
KReclaimable:     557276 kB
Slab:             225436 kB
SReclaimable:      69404 kB
SUnreclaim:       156032 kB
KernelStack:       45920 kB
PageTables:        61064 kB
NFS_Unstable:          0 kB
Bounce:                0 kB
WritebackTmp:          0 kB
CommitLimit:     6660208 kB
Committed_AS:   71300872 kB
VmallocTotal:   263061440 kB
VmallocUsed:       86380 kB
VmallocChunk:          0 kB
Percpu:             7552 kB
CmaTotal:         315392 kB
CmaFree:               0 kB
MemTotal:        5980404 kB
MemFree:         1166204 kB
MemAvailable:    2823592 kB
Buffers:            5516 kB
Cached:          1682368 kB
SwapCached:            0 kB
Active:          1323596 kB
Inactive:        1463156 kB
Active(anon):    1105472 kB
Inactive(anon):    18736 kB
Active(file):     218124 kB
Inactive(file):  1444420 kB
Unevictable:        5636 kB
Mlocked:            5636 kB
SwapTotal:       3670008 kB
SwapFree:        3670008 kB
Dirty:               188 kB
Writeback:             0 kB
AnonPages:       1104404 kB
Mapped:           813600 kB
Shmem:             20740 kB
KReclaimable:     557276 kB
Slab:             225476 kB
SReclaimable:      69404 kB
SUnreclaim:       156072 kB
KernelStack:       45904 kB
PageTables:        61068 kB
NFS_Unstable:          0 kB
Bounce:                0 kB
WritebackTmp:          0 kB
CommitLimit:     6660208 kB
Committed_AS:   71297760 kB
VmallocTotal:   263061440 kB
VmallocUsed:       86316 kB
VmallocChunk:          0 kB
Percpu:             7552 kB
CmaTotal:         315392 kB
CmaFree:               0 kB
MemTotal:        5980404 kB
MemFree:         1165392 kB
MemAvailable:    2822780 kB
Buffers:            5516 kB
Cached:          1682368 kB
SwapCached:            0 kB
Active:          1324588 kB
Inactive:        1463156 kB
Active(anon):    1106464 kB
Inactive(anon):    18736 kB
Active(file):     218124 kB
Inactive(file):  1444420 kB
Unevictable:        5636 kB
Mlocked:            5636 kB
SwapTotal:       3670008 kB
SwapFree:        3670008 kB
Dirty:               316 kB
Writeback:             0 kB
AnonPages:       1105432 kB
Mapped:           813600 kB
Shmem:             20740 kB
KReclaimable:     557276 kB
Slab:             225476 kB
SReclaimable:      69404 kB
SUnreclaim:       156072 kB
KernelStack:       45936 kB
PageTables:        61176 kB
NFS_Unstable:          0 kB
Bounce:                0 kB
WritebackTmp:          0 kB
CommitLimit:     6660208 kB
Committed_AS:   71297596 kB
VmallocTotal:   263061440 kB
VmallocUsed:       86332 kB
VmallocChunk:          0 kB
Percpu:             7552 kB
CmaTotal:         315392 kB
CmaFree:               0 kB
MemTotal:        5980404 kB
MemFree:         1162656 kB
MemAvailable:    2820056 kB
Buffers:            5516 kB
Cached:          1682384 kB
SwapCached:            0 kB
Active:          1325228 kB
Inactive:        1463172 kB
Active(anon):    1107104 kB
Inactive(anon):    18740 kB
Active(file):     218124 kB
Inactive(file):  1444432 kB
Unevictable:        5636 kB
Mlocked:            5636 kB
SwapTotal:       3670008 kB
SwapFree:        3670008 kB
Dirty:               492 kB
Writeback:             0 kB
AnonPages:       1106396 kB
Mapped:           813604 kB
Shmem:             20744 kB
KReclaimable:     557276 kB
Slab:             225480 kB
SReclaimable:      69404 kB
SUnreclaim:       156076 kB
KernelStack:       45904 kB
PageTables:        61064 kB
NFS_Unstable:          0 kB
Bounce:                0 kB
WritebackTmp:          0 kB
CommitLimit:     6660208 kB
Committed_AS:   71298380 kB
VmallocTotal:   263061440 kB
VmallocUsed:       86364 kB
VmallocChunk:          0 kB
Percpu:             7552 kB
CmaTotal:         315392 kB
CmaFree:               0 kB
MemTotal:        5980404 kB
MemFree:         1171368 kB
MemAvailable:    2828784 kB
Buffers:            5520 kB
Cached:          1682400 kB
SwapCached:            0 kB
Active:          1317132 kB
Inactive:        1463188 kB
Active(anon):    1099004 kB
Inactive(anon):    18744 kB
Active(file):     218128 kB
Inactive(file):  1444444 kB
Unevictable:        5636 kB
Mlocked:            5636 kB
SwapTotal:       3670008 kB
SwapFree:        3670008 kB
Dirty:               652 kB
Writeback:             0 kB
AnonPages:       1097976 kB
Mapped:           813656 kB
Shmem:             20748 kB
KReclaimable:     557276 kB
Slab:             225484 kB
SReclaimable:      69404 kB
SUnreclaim:       156080 kB
KernelStack:       45920 kB
PageTables:        61200 kB
NFS_Unstable:          0 kB
Bounce:                0 kB
WritebackTmp:          0 kB
CommitLimit:     6660208 kB
Committed_AS:   71297772 kB
VmallocTotal:   263061440 kB
VmallocUsed:       86316 kB
VmallocChunk:          0 kB
Percpu:             7552 kB
CmaTotal:         315392 kB
CmaFree:               0 kB
MemTotal:        5980404 kB
MemFree:         1171664 kB
MemAvailable:    2829080 kB
Buffers:            5520 kB
Cached:          1682404 kB
SwapCached:            0 kB
Active:          1317252 kB
Inactive:        1463192 kB
Active(anon):    1099124 kB
Inactive(anon):    18748 kB
Active(file):     218128 kB
Inactive(file):  1444444 kB
Unevictable:        5636 kB
Mlocked:            5636 kB
SwapTotal:       3670008 kB
SwapFree:        3670008 kB
Dirty:               804 kB
Writeback:             0 kB
AnonPages:       1098408 kB
Mapped:           813472 kB
Shmem:             20752 kB
KReclaimable:     557276 kB
Slab:             225484 kB
SReclaimable:      69404 kB
SUnreclaim:       156080 kB
KernelStack:       45936 kB
PageTables:        61116 kB
NFS_Unstable:          0 kB
Bounce:                0 kB
WritebackTmp:          0 kB
CommitLimit:     6660208 kB
Committed_AS:   71299064 kB
VmallocTotal:   263061440 kB
VmallocUsed:       86364 kB
VmallocChunk:          0 kB
Percpu:             7552 kB
CmaTotal:         315392 kB
CmaFree:               0 kB
MemTotal:        5980404 kB
MemFree:         1170892 kB
MemAvailable:    2828312 kB
Buffers:            5520 kB
Cached:          1682408 kB
SwapCached:            0 kB
Active:          1317104 kB
Inactive:        1463196 kB
Active(anon):    1098976 kB
Inactive(anon):    18748 kB
Active(file):     218128 kB
Inactive(file):  1444448 kB
Unevictable:        5636 kB
Mlocked:            5636 kB
SwapTotal:       3670008 kB
SwapFree:        3670008 kB
Dirty:              1136 kB
Writeback:             0 kB
AnonPages:       1098084 kB
Mapped:           813432 kB
Shmem:             20752 kB
KReclaimable:     557276 kB
Slab:             225484 kB
SReclaimable:      69404 kB
SUnreclaim:       156080 kB
KernelStack:       45952 kB
PageTables:        61084 kB
NFS_Unstable:          0 kB
Bounce:                0 kB
WritebackTmp:          0 kB
CommitLimit:     6660208 kB
Committed_AS:   71298284 kB
VmallocTotal:   263061440 kB
VmallocUsed:       86396 kB
VmallocChunk:          0 kB
Percpu:             7552 kB
CmaTotal:         315392 kB
CmaFree:              36 kB
MemTotal:        5980404 kB
MemFree:         1170912 kB
MemAvailable:    2828356 kB
Buffers:            5528 kB
Cached:          1682440 kB
SwapCached:            0 kB
Active:          1319456 kB
Inactive:        1463232 kB
Active(anon):    1101324 kB
Inactive(anon):    18764 kB
Active(file):     218132 kB
Inactive(file):  1444468 kB
Unevictable:        5636 kB
Mlocked:            5636 kB
SwapTotal:       3670008 kB
SwapFree:        3670008 kB
Dirty:              1272 kB
Writeback:             0 kB
AnonPages:       1100324 kB
Mapped:           813448 kB
Shmem:             20768 kB
KReclaimable:     557276 kB
Slab:             225476 kB
SReclaimable:      69404 kB
SUnreclaim:       156072 kB
KernelStack:       45872 kB
PageTables:        61200 kB
NFS_Unstable:          0 kB
Bounce:                0 kB
WritebackTmp:          0 kB
CommitLimit:     6660208 kB
Committed_AS:   71294792 kB
VmallocTotal:   263061440 kB
VmallocUsed:       86284 kB
VmallocChunk:          0 kB
Percpu:             7552 kB
CmaTotal:         315392 kB
CmaFree:               0 kB
MemTotal:        5980404 kB
MemFree:         1168924 kB
MemAvailable:    2826388 kB
Buffers:            5528 kB
Cached:          1682464 kB
SwapCached:            0 kB
Active:          1321484 kB
Inactive:        1463256 kB
Active(anon):    1103352 kB
Inactive(anon):    18768 kB
Active(file):     218132 kB
Inactive(file):  1444488 kB
Unevictable:        5636 kB
Mlocked:            5636 kB
SwapTotal:       3670008 kB
SwapFree:        3670008 kB
Dirty:              1156 kB
Writeback:             0 kB
AnonPages:       1102500 kB
Mapped:           813808 kB
Shmem:             20772 kB
KReclaimable:     557276 kB
Slab:             225496 kB
SReclaimable:      69404 kB
SUnreclaim:       156092 kB
KernelStack:       45808 kB
PageTables:        61196 kB
NFS_Unstable:          0 kB
Bounce:                0 kB
WritebackTmp:          0 kB
CommitLimit:     6660208 kB
Committed_AS:   71300800 kB
VmallocTotal:   263061440 kB
VmallocUsed:       86268 kB
VmallocChunk:          0 kB
Percpu:             7552 kB
CmaTotal:         315392 kB
CmaFree:               0 kB
MemTotal:        5980404 kB
MemFree:         1166436 kB
MemAvailable:    2823920 kB
Buffers:            5532 kB
Cached:          1682492 kB
SwapCached:            0 kB
Active:          1323376 kB
Inactive:        1463284 kB
Active(anon):    1105244 kB
Inactive(anon):    18776 kB
Active(file):     218132 kB
Inactive(file):  1444508 kB
Unevictable:        5636 kB
Mlocked:            5636 kB
SwapTotal:       3670008 kB
SwapFree:        3670008 kB
Dirty:              1592 kB
Writeback:             0 kB
AnonPages:       1104196 kB
Mapped:           813628 kB
Shmem:             20780 kB
KReclaimable:     557276 kB
Slab:             225468 kB
SReclaimable:      69404 kB
SUnreclaim:       156064 kB
KernelStack:       45840 kB
PageTables:        61076 kB
NFS_Unstable:          0 kB
Bounce:                0 kB
WritebackTmp:          0 kB
CommitLimit:     6660208 kB
Committed_AS:   71296236 kB
VmallocTotal:   263061440 kB
VmallocUsed:       86268 kB
VmallocChunk:          0 kB
Percpu:             7552 kB
CmaTotal:         315392 kB
CmaFree:               0 kB
MemTotal:        5980404 kB
MemFree:         1165368 kB
MemAvailable:    2822868 kB
Buffers:            5532 kB
Cached:          1682512 kB
SwapCached:            0 kB
Active:          1325316 kB
Inactive:        1463304 kB
Active(anon):    1107180 kB
Inactive(anon):    18784 kB
Active(file):     218136 kB
Inactive(file):  1444520 kB
Unevictable:        5636 kB
Mlocked:            5636 kB
SwapTotal:       3670008 kB
SwapFree:        3670008 kB
Dirty:               312 kB
Writeback:             0 kB
AnonPages:       1106300 kB
Mapped:           813824 kB
Shmem:             20788 kB
KReclaimable:     557276 kB
Slab:             225496 kB
SReclaimable:      69404 kB
SUnreclaim:       156092 kB
KernelStack:       45824 kB
PageTables:        61200 kB
NFS_Unstable:          0 kB
Bounce:                0 kB
WritebackTmp:          0 kB
CommitLimit:     6660208 kB
Committed_AS:   71298604 kB
VmallocTotal:   263061440 kB
VmallocUsed:       86284 kB
VmallocChunk:          0 kB
Percpu:             7552 kB
CmaTotal:         315392 kB
CmaFree:               0 kB
MemTotal:        5980404 kB
MemFree:         1163072 kB
MemAvailable:    2820560 kB
Buffers:            5532 kB
Cached:          1682500 kB
SwapCached:            0 kB
Active:          1326340 kB
Inactive:        1463292 kB
Active(anon):    1108204 kB
Inactive(anon):    18784 kB
Active(file):     218136 kB
Inactive(file):  1444508 kB
Unevictable:        5636 kB
Mlocked:            5636 kB
SwapTotal:       3670008 kB
SwapFree:        3670008 kB
Dirty:               324 kB
Writeback:             0 kB
AnonPages:       1107096 kB
Mapped:           813596 kB
Shmem:             20788 kB
KReclaimable:     557276 kB
Slab:             225500 kB
SReclaimable:      69404 kB
SUnreclaim:       156096 kB
KernelStack:       45804 kB
PageTables:        61132 kB
NFS_Unstable:          0 kB
Bounce:                0 kB
WritebackTmp:          0 kB
CommitLimit:     6660208 kB
Committed_AS:   71300384 kB
VmallocTotal:   263061440 kB
VmallocUsed:       86284 kB
VmallocChunk:          0 kB
Percpu:             7552 kB
CmaTotal:         315392 kB
CmaFree:               0 kB
MemTotal:        5980404 kB
MemFree:         1164136 kB
MemAvailable:    2821664 kB
Buffers:            5536 kB
Cached:          1682548 kB
SwapCached:            0 kB
Active:          1324740 kB
Inactive:        1463336 kB
Active(anon):    1106596 kB
Inactive(anon):    18800 kB
Active(file):     218144 kB
Inactive(file):  1444536 kB
Unevictable:        5636 kB
Mlocked:            5636 kB
SwapTotal:       3670008 kB
SwapFree:        3670008 kB
Dirty:               464 kB
Writeback:             0 kB
AnonPages:       1105772 kB
Mapped:           813840 kB
Shmem:             20804 kB
KReclaimable:     557280 kB
Slab:             225508 kB
SReclaimable:      69408 kB
SUnreclaim:       156100 kB
KernelStack:       45840 kB
PageTables:        61204 kB
NFS_Unstable:          0 kB
Bounce:                0 kB
WritebackTmp:          0 kB
CommitLimit:     6660208 kB
Committed_AS:   71299136 kB
VmallocTotal:   263061440 kB
VmallocUsed:       86284 kB
VmallocChunk:          0 kB
Percpu:             7552 kB
CmaTotal:         315392 kB
CmaFree:               0 kB
MemTotal:        5980404 kB
MemFree:         1163664 kB
MemAvailable:    2821204 kB
Buffers:            5536 kB
Cached:          1682580 kB
SwapCached:            0 kB
Active:          1326360 kB
Inactive:        1463368 kB
Active(anon):    1108216 kB
Inactive(anon):    18820 kB
Active(file):     218144 kB
Inactive(file):  1444548 kB
Unevictable:        5636 kB
Mlocked:            5636 kB
SwapTotal:       3670008 kB
SwapFree:        3670008 kB
Dirty:               564 kB
Writeback:             0 kB
AnonPages:       1107012 kB
Mapped:           813860 kB
Shmem:             20824 kB
KReclaimable:     557280 kB
Slab:             225512 kB
SReclaimable:      69408 kB
SUnreclaim:       156104 kB
KernelStack:       45808 kB
PageTables:        61060 kB
NFS_Unstable:          0 kB
Bounce:                0 kB
WritebackTmp:          0 kB
CommitLimit:     6660208 kB
Committed_AS:   71300868 kB
VmallocTotal:   263061440 kB
VmallocUsed:       86220 kB
VmallocChunk:          0 kB
Percpu:             7552 kB
CmaTotal:         315392 kB
CmaFree:               0 kB
MemTotal:        5980404 kB
MemFree:         1161336 kB
MemAvailable:    2818896 kB
Buffers:            5544 kB
Cached:          1682592 kB
SwapCached:            0 kB
Active:          1327912 kB
Inactive:        1463388 kB
Active(anon):    1109768 kB
Inactive(anon):    18824 kB
Active(file):     218144 kB
Inactive(file):  1444564 kB
Unevictable:        5636 kB
Mlocked:            5636 kB
SwapTotal:       3670008 kB
SwapFree:        3670008 kB
Dirty:               224 kB
Writeback:             0 kB
AnonPages:       1108472 kB
Mapped:           813992 kB
Shmem:             20828 kB
KReclaimable:     557284 kB
Slab:             225520 kB
SReclaimable:      69412 kB
SUnreclaim:       156108 kB
KernelStack:       45808 kB
PageTables:        61068 kB
NFS_Unstable:          0 kB
Bounce:                0 kB
WritebackTmp:          0 kB
CommitLimit:     6660208 kB
Committed_AS:   71300148 kB
VmallocTotal:   263061440 kB
VmallocUsed:       86204 kB
VmallocChunk:          0 kB
Percpu:             7552 kB
CmaTotal:         315392 kB
CmaFree:               0 kB
MemTotal:        5980404 kB
MemFree:         1161284 kB
MemAvailable:    2818852 kB
Buffers:            5544 kB
Cached:          1682604 kB
SwapCached:            0 kB
Active:          1327876 kB
Inactive:        1463392 kB
Active(anon):    1109724 kB
Inactive(anon):    18828 kB
Active(file):     218152 kB
Inactive(file):  1444564 kB
Unevictable:        5636 kB
Mlocked:            5636 kB
SwapTotal:       3670008 kB
SwapFree:        3670008 kB
Dirty:               424 kB
Writeback:             0 kB
AnonPages:       1108668 kB
Mapped:           814056 kB
Shmem:             20832 kB
KReclaimable:     557284 kB
Slab:             225520 kB
SReclaimable:      69412 kB
SUnreclaim:       156108 kB
KernelStack:       45808 kB
PageTables:        60988 kB
NFS_Unstable:          0 kB
Bounce:                0 kB
WritebackTmp:          0 kB
CommitLimit:     6660208 kB
Committed_AS:   71294884 kB
VmallocTotal:   263061440 kB
VmallocUsed:       86220 kB
VmallocChunk:          0 kB
Percpu:             7552 kB
CmaTotal:         315392 kB
CmaFree:               0 kB
MemTotal:        5980404 kB
MemFree:         1164840 kB
MemAvailable:    2822408 kB
Buffers:            5544 kB
Cached:          1682612 kB
SwapCached:            0 kB
Active:          1323184 kB
Inactive:        1463400 kB
Active(anon):    1105032 kB
Inactive(anon):    18836 kB
Active(file):     218152 kB
Inactive(file):  1444564 kB
Unevictable:        5636 kB
Mlocked:            5636 kB
SwapTotal:       3670008 kB
SwapFree:        3670008 kB
Dirty:               312 kB
Writeback:             0 kB
AnonPages:       1104236 kB
Mapped:           814048 kB
Shmem:             20840 kB
KReclaimable:     557284 kB
Slab:             225524 kB
SReclaimable:      69412 kB
SUnreclaim:       156112 kB
KernelStack:       45824 kB
PageTables:        61200 kB
NFS_Unstable:          0 kB
Bounce:                0 kB
WritebackTmp:          0 kB
CommitLimit:     6660208 kB
Committed_AS:   71294880 kB
VmallocTotal:   263061440 kB
VmallocUsed:       86268 kB
VmallocChunk:          0 kB
Percpu:             7552 kB
CmaTotal:         315392 kB
CmaFree:             128 kB
MemTotal:        5980404 kB
MemFree:         1164600 kB
MemAvailable:    2822184 kB
Buffers:            5544 kB
Cached:          1682624 kB
SwapCached:            0 kB
Active:          1324304 kB
Inactive:        1463412 kB
Active(anon):    1106152 kB
Inactive(anon):    18836 kB
Active(file):     218152 kB
Inactive(file):  1444576 kB
Unevictable:        5636 kB
Mlocked:            5636 kB
SwapTotal:       3670008 kB
SwapFree:        3670008 kB
Dirty:               272 kB
Writeback:             0 kB
AnonPages:       1105324 kB
Mapped:           814048 kB
Shmem:             20840 kB
KReclaimable:     557288 kB
Slab:             225452 kB
SReclaimable:      69416 kB
SUnreclaim:       156036 kB
KernelStack:       45824 kB
PageTables:        61208 kB
NFS_Unstable:          0 kB
Bounce:                0 kB
WritebackTmp:          0 kB
CommitLimit:     6660208 kB
Committed_AS:   71294532 kB
VmallocTotal:   263061440 kB
VmallocUsed:       86220 kB
VmallocChunk:          0 kB
Percpu:             7552 kB
CmaTotal:         315392 kB
CmaFree:               4 kB
MemTotal:        5980404 kB
MemFree:         1162232 kB
MemAvailable:    2819816 kB
Buffers:            5544 kB
Cached:          1682640 kB
SwapCached:            0 kB
Active:          1325964 kB
Inactive:        1463428 kB
Active(anon):    1107812 kB
Inactive(anon):    18852 kB
Active(file):     218152 kB
Inactive(file):  1444576 kB
Unevictable:        5636 kB
Mlocked:            5636 kB
SwapTotal:       3670008 kB
SwapFree:        3670008 kB
Dirty:               448 kB
Writeback:             0 kB
AnonPages:       1106928 kB
Mapped:           814080 kB
Shmem:             20856 kB
KReclaimable:     557288 kB
Slab:             225452 kB
SReclaimable:      69416 kB
SUnreclaim:       156036 kB
KernelStack:       45904 kB
PageTables:        61132 kB
NFS_Unstable:          0 kB
Bounce:                0 kB
WritebackTmp:          0 kB
CommitLimit:     6660208 kB
Committed_AS:   71299420 kB
VmallocTotal:   263061440 kB
VmallocUsed:       86396 kB
VmallocChunk:          0 kB
Percpu:             7552 kB
CmaTotal:         315392 kB
CmaFree:               0 kB
MemTotal:        5980404 kB
MemFree:         1170684 kB
MemAvailable:    2828292 kB
Buffers:            5548 kB
Cached:          1682664 kB
SwapCached:            0 kB
Active:          1317860 kB
Inactive:        1463452 kB
Active(anon):    1099704 kB
Inactive(anon):    18856 kB
Active(file):     218156 kB
Inactive(file):  1444596 kB
Unevictable:        5636 kB
Mlocked:            5636 kB
SwapTotal:       3670008 kB
SwapFree:        3670008 kB
Dirty:               168 kB
Writeback:             0 kB
AnonPages:       1098840 kB
Mapped:           814068 kB
Shmem:             20860 kB
KReclaimable:     557288 kB
Slab:             225460 kB
SReclaimable:      69416 kB
SUnreclaim:       156044 kB
KernelStack:       45904 kB
PageTables:        61080 kB
NFS_Unstable:          0 kB
Bounce:                0 kB
WritebackTmp:          0 kB
CommitLimit:     6660208 kB
Committed_AS:   71300236 kB
VmallocTotal:   263061440 kB
VmallocUsed:       86396 kB
VmallocChunk:          0 kB
Percpu:             7552 kB
CmaTotal:         315392 kB
CmaFree:               0 kB
MemTotal:        5980404 kB
MemFree:         1169004 kB
MemAvailable:    2826612 kB
Buffers:            5548 kB
Cached:          1682676 kB
SwapCached:            0 kB
Active:          1319304 kB
Inactive:        1463456 kB
Active(anon):    1101148 kB
Inactive(anon):    18860 kB
Active(file):     218156 kB
Inactive(file):  1444596 kB
Unevictable:        5636 kB
Mlocked:            5636 kB
SwapTotal:       3670008 kB
SwapFree:        3670008 kB
Dirty:              1384 kB
Writeback:             0 kB
AnonPages:       1099652 kB
Mapped:           814072 kB
Shmem:             20864 kB
KReclaimable:     557288 kB
Slab:             225464 kB
SReclaimable:      69416 kB
SUnreclaim:       156048 kB
KernelStack:       45888 kB
PageTables:        61072 kB
NFS_Unstable:          0 kB
Bounce:                0 kB
WritebackTmp:          0 kB
CommitLimit:     6660208 kB
Committed_AS:   71299144 kB
VmallocTotal:   263061440 kB
VmallocUsed:       86364 kB
VmallocChunk:          0 kB
Percpu:             7552 kB
CmaTotal:         315392 kB
CmaFree:             156 kB
MemTotal:        5980404 kB
MemFree:         1168428 kB
MemAvailable:    2826044 kB
Buffers:            5548 kB
Cached:          1682696 kB
SwapCached:            0 kB
Active:          1320252 kB
Inactive:        1463484 kB
Active(anon):    1102096 kB
Inactive(anon):    18880 kB
Active(file):     218156 kB
Inactive(file):  1444604 kB
Unevictable:        5636 kB
Mlocked:            5636 kB
SwapTotal:       3670008 kB
SwapFree:        3670008 kB
Dirty:              1468 kB
Writeback:             0 kB
AnonPages:       1101208 kB
Mapped:           813928 kB
Shmem:             20884 kB
KReclaimable:     557288 kB
Slab:             225464 kB
SReclaimable:      69416 kB
SUnreclaim:       156048 kB
KernelStack:       45936 kB
PageTables:        61100 kB
NFS_Unstable:          0 kB
Bounce:                0 kB
WritebackTmp:          0 kB
CommitLimit:     6660208 kB
Committed_AS:   71301724 kB
VmallocTotal:   263061440 kB
VmallocUsed:       86364 kB
VmallocChunk:          0 kB
Percpu:             7552 kB
CmaTotal:         315392 kB
CmaFree:               0 kB
MemTotal:        5980404 kB
MemFree:         1167828 kB
MemAvailable:    2825460 kB
Buffers:            5552 kB
Cached:          1682708 kB
SwapCached:            0 kB
Active:          1320820 kB
Inactive:        1463496 kB
Active(anon):    1102660 kB
Inactive(anon):    18880 kB
Active(file):     218160 kB
Inactive(file):  1444616 kB
Unevictable:        5636 kB
Mlocked:            5636 kB
SwapTotal:       3670008 kB
SwapFree:        3670008 kB
Dirty:               408 kB
Writeback:             0 kB
AnonPages:       1101872 kB
Mapped:           814092 kB
Shmem:             20884 kB
KReclaimable:     557288 kB
Slab:             225532 kB
SReclaimable:      69416 kB
SUnreclaim:       156116 kB
KernelStack:       45920 kB
PageTables:        61080 kB
NFS_Unstable:          0 kB
Bounce:                0 kB
WritebackTmp:          0 kB
CommitLimit:     6660208 kB
Committed_AS:   71298236 kB
VmallocTotal:   263061440 kB
VmallocUsed:       86396 kB
VmallocChunk:          0 kB
Percpu:             7552 kB
CmaTotal:         315392 kB
CmaFree:               0 kB
MemTotal:        5980404 kB
MemFree:         1167720 kB
MemAvailable:    2825352 kB
Buffers:            5552 kB
Cached:          1682716 kB
SwapCached:            0 kB
Active:          1321260 kB
Inactive:        1463504 kB
Active(anon):    1103100 kB
Inactive(anon):    18888 kB
Active(file):     218160 kB
Inactive(file):  1444616 kB
Unevictable:        5636 kB
Mlocked:            5636 kB
SwapTotal:       3670008 kB
SwapFree:        3670008 kB
Dirty:               544 kB
Writeback:             0 kB
AnonPages:       1101856 kB
Mapped:           814100 kB
Shmem:             20892 kB
KReclaimable:     557288 kB
Slab:             225532 kB
SReclaimable:      69416 kB
SUnreclaim:       156116 kB
KernelStack:       45920 kB
PageTables:        61084 kB
NFS_Unstable:          0 kB
Bounce:                0 kB
WritebackTmp:          0 kB
CommitLimit:     6660208 kB
Committed_AS:   71297200 kB
VmallocTotal:   263061440 kB
VmallocUsed:       86348 kB
VmallocChunk:          0 kB
Percpu:             7552 kB
CmaTotal:         315392 kB
CmaFree:               0 kB
MemTotal:        5980404 kB
MemFree:         1166208 kB
MemAvailable:    2823836 kB
Buffers:            5552 kB
Cached:          1682720 kB
SwapCached:            0 kB
Active:          1322024 kB
Inactive:        1463504 kB
Active(anon):    1103868 kB
Inactive(anon):    18888 kB
Active(file):     218156 kB
Inactive(file):  1444616 kB
Unevictable:        5636 kB
Mlocked:            5636 kB
SwapTotal:       3670008 kB
SwapFree:        3670008 kB
Dirty:               252 kB
Writeback:             0 kB
AnonPages:       1102532 kB
Mapped:           813992 kB
Shmem:             20892 kB
KReclaimable:     557288 kB
Slab:             225540 kB
SReclaimable:      69416 kB
SUnreclaim:       156124 kB
KernelStack:       45952 kB
PageTables:        61196 kB
NFS_Unstable:          0 kB
Bounce:                0 kB
WritebackTmp:          0 kB
CommitLimit:     6660208 kB
Committed_AS:   71299232 kB
VmallocTotal:   263061440 kB
VmallocUsed:       86348 kB
VmallocChunk:          0 kB
Percpu:             7552 kB
CmaTotal:         315392 kB
CmaFree:               0 kB
MemTotal:        5980404 kB
MemFree:         1166716 kB
MemAvailable:    2824360 kB
Buffers:            5552 kB
Cached:          1682728 kB
SwapCached:            0 kB
Active:          1322048 kB
Inactive:        1463516 kB
Active(anon):    1103888 kB
Inactive(anon):    18888 kB
Active(file):     218160 kB
Inactive(file):  1444628 kB
Unevictable:        5636 kB
Mlocked:            5636 kB
SwapTotal:       3670008 kB
SwapFree:        3670008 kB
Dirty:               456 kB
Writeback:             0 kB
AnonPages:       1102884 kB
Mapped:           814100 kB
Shmem:             20892 kB
KReclaimable:     557288 kB
Slab:             225540 kB
SReclaimable:      69416 kB
SUnreclaim:       156124 kB
KernelStack:       45920 kB
PageTables:        61052 kB
NFS_Unstable:          0 kB
Bounce:                0 kB
WritebackTmp:          0 kB
CommitLimit:     6660208 kB
Committed_AS:   71296588 kB
VmallocTotal:   263061440 kB
VmallocUsed:       86332 kB
VmallocChunk:          0 kB
Percpu:             7552 kB
CmaTotal:         315392 kB
CmaFree:               0 kB
MemTotal:        5980404 kB
MemFree:         1164384 kB
MemAvailable:    2822052 kB
Buffers:            5560 kB
Cached:          1682752 kB
SwapCached:            0 kB
Active:          1323564 kB
Inactive:        1463540 kB
Active(anon):    1105396 kB
Inactive(anon):    18896 kB
Active(file):     218168 kB
Inactive(file):  1444644 kB
Unevictable:        5636 kB
Mlocked:            5636 kB
SwapTotal:       3670008 kB
SwapFree:        3670008 kB
Dirty:               212 kB
Writeback:             0 kB
AnonPages:       1104036 kB
Mapped:           813880 kB
Shmem:             20900 kB
KReclaimable:     557288 kB
Slab:             225496 kB
SReclaimable:      69416 kB
SUnreclaim:       156080 kB
KernelStack:       46048 kB
PageTables:        61224 kB
NFS_Unstable:          0 kB
Bounce:                0 kB
WritebackTmp:          0 kB
CommitLimit:     6660208 kB
Committed_AS:   71295712 kB
VmallocTotal:   263061440 kB
VmallocUsed:       86428 kB
VmallocChunk:          0 kB
Percpu:             7552 kB
CmaTotal:         315392 kB
CmaFree:               0 kB
MemTotal:        5980404 kB
MemFree:         1164512 kB
MemAvailable:    2822184 kB
Buffers:            5560 kB
Cached:          1682776 kB
SwapCached:            0 kB
Active:          1324100 kB
Inactive:        1463564 kB
Active(anon):    1105932 kB
Inactive(anon):    18916 kB
Active(file):     218168 kB
Inactive(file):  1444648 kB
Unevictable:        5636 kB
Mlocked:            5636 kB
SwapTotal:       3670008 kB
SwapFree:        3670008 kB
Dirty:               392 kB
Writeback:             0 kB
AnonPages:       1105048 kB
Mapped:           813988 kB
Shmem:             20920 kB
KReclaimable:     557288 kB
Slab:             225500 kB
SReclaimable:      69416 kB
SUnreclaim:       156084 kB
KernelStack:       46016 kB
PageTables:        61176 kB
NFS_Unstable:          0 kB
Bounce:                0 kB
WritebackTmp:          0 kB
CommitLimit:     6660208 kB
Committed_AS:   71301152 kB
VmallocTotal:   263061440 kB
VmallocUsed:       86412 kB
VmallocChunk:          0 kB
Percpu:             7552 kB
CmaTotal:         315392 kB
CmaFree:              28 kB
MemTotal:        5980404 kB
MemFree:         1164804 kB
MemAvailable:    2822476 kB
Buffers:            5560 kB
Cached:          1682776 kB
SwapCached:            0 kB
Active:          1324724 kB
Inactive:        1463564 kB
Active(anon):    1106556 kB
Inactive(anon):    18916 kB
Active(file):     218168 kB
Inactive(file):  1444648 kB
Unevictable:        5636 kB
Mlocked:            5636 kB
SwapTotal:       3670008 kB
SwapFree:        3670008 kB
Dirty:               432 kB
Writeback:             0 kB
AnonPages:       1105628 kB
Mapped:           814084 kB
Shmem:             20920 kB
KReclaimable:     557288 kB
Slab:             225500 kB
SReclaimable:      69416 kB
SUnreclaim:       156084 kB
KernelStack:       46016 kB
PageTables:        61060 kB
NFS_Unstable:          0 kB
Bounce:                0 kB
WritebackTmp:          0 kB
CommitLimit:     6660208 kB
Committed_AS:   71295648 kB
VmallocTotal:   263061440 kB
VmallocUsed:       86412 kB
VmallocChunk:          0 kB
Percpu:             7552 kB
CmaTotal:         315392 kB
CmaFree:               0 kB
