MemTotal:       12113136 kB
MemFree:          484164 kB
MemAvailable:    7928988 kB
Buffers:            7180 kB
Cached:          7818116 kB
SwapCached:            0 kB
Active:          2092580 kB
Inactive:        6978464 kB
Active(anon):    1150468 kB
Inactive(anon):   134128 kB
Active(file):     942112 kB
Inactive(file):  6844336 kB
Unevictable:        5716 kB
Mlocked:            5716 kB
SwapTotal:       3145724 kB
SwapFree:        3145724 kB
Dirty:                60 kB
Writeback:             0 kB
AnonPages:       1251224 kB
Mapped:           781072 kB
Shmem:             34180 kB
KReclaimable:     527080 kB
Slab:             226672 kB
SReclaimable:      79580 kB
SUnreclaim:       147092 kB
KernelStack:       47144 kB
PageTables:        63964 kB
NFS_Unstable:          0 kB
Bounce:                0 kB
WritebackTmp:          0 kB
CommitLimit:     9202292 kB
Committed_AS:   67505268 kB
VmallocTotal:   263061440 kB
VmallocUsed:      104136 kB
VmallocChunk:          0 kB
Percpu:             7648 kB
CmaTotal:         294912 kB
CmaFree:               0 kB
MemTotal:       12113136 kB
MemFree:          482976 kB
MemAvailable:    7927892 kB
Buffers:            7180 kB
Cached:          7818208 kB
SwapCached:            0 kB
Active:          2092460 kB
Inactive:        6978516 kB
Active(anon):    1150308 kB
Inactive(anon):   134128 kB
Active(file):     942152 kB
Inactive(file):  6844388 kB
Unevictable:        5716 kB
Mlocked:            5716 kB
SwapTotal:       3145724 kB
SwapFree:        3145724 kB
Dirty:               204 kB
Writeback:             0 kB
AnonPages:       1251404 kB
Mapped:           780760 kB
Shmem:             34180 kB
KReclaimable:     527080 kB
Slab:             226664 kB
SReclaimable:      79580 kB
SUnreclaim:       147084 kB
KernelStack:       47200 kB
PageTables:        63624 kB
NFS_Unstable:          0 kB
Bounce:                0 kB
WritebackTmp:          0 kB
CommitLimit:     9202292 kB
Committed_AS:   67501684 kB
VmallocTotal:   263061440 kB
VmallocUsed:      104168 kB
VmallocChunk:          0 kB
Percpu:             7648 kB
CmaTotal:         294912 kB
CmaFree:               0 kB
MemTotal:       12113136 kB
MemFree:          481948 kB
MemAvailable:    7926860 kB
Buffers:            7180 kB
Cached:          7818204 kB
SwapCached:            0 kB
Active:          2093936 kB
Inactive:        6978516 kB
Active(anon):    1151788 kB
Inactive(anon):   134128 kB
Active(file):     942148 kB
Inactive(file):  6844388 kB
Unevictable:        5716 kB
Mlocked:            5716 kB
SwapTotal:       3145724 kB
SwapFree:        3145724 kB
Dirty:               204 kB
Writeback:             0 kB
AnonPages:       1252280 kB
Mapped:           780836 kB
Shmem:             34180 kB
KReclaimable:     527080 kB
Slab:             226664 kB
SReclaimable:      79580 kB
SUnreclaim:       147084 kB
KernelStack:       47184 kB
PageTables:        63424 kB
NFS_Unstable:          0 kB
Bounce:                0 kB
WritebackTmp:          0 kB
CommitLimit:     9202292 kB
Committed_AS:   67499168 kB
VmallocTotal:   263061440 kB
VmallocUsed:      104152 kB
VmallocChunk:          0 kB
Percpu:             7648 kB
CmaTotal:         294912 kB
CmaFree:               0 kB
MemTotal:       12113136 kB
MemFree:          481656 kB
MemAvailable:    7926592 kB
Buffers:            7180 kB
Cached:          7818228 kB
SwapCached:            0 kB
Active:          2094880 kB
Inactive:        6978536 kB
Active(anon):    1152728 kB
Inactive(anon):   134128 kB
Active(file):     942152 kB
Inactive(file):  6844408 kB
Unevictable:        5716 kB
Mlocked:            5716 kB
SwapTotal:       3145724 kB
SwapFree:        3145724 kB
Dirty:               248 kB
Writeback:             0 kB
AnonPages:       1253836 kB
Mapped:           781012 kB
Shmem:             34180 kB
KReclaimable:     527080 kB
Slab:             226664 kB
SReclaimable:      79580 kB
SUnreclaim:       147084 kB
KernelStack:       47136 kB
PageTables:        63648 kB
NFS_Unstable:          0 kB
Bounce:                0 kB
WritebackTmp:          0 kB
CommitLimit:     9202292 kB
Committed_AS:   67492844 kB
VmallocTotal:   263061440 kB
VmallocUsed:      104104 kB
VmallocChunk:          0 kB
Percpu:             7648 kB
CmaTotal:         294912 kB
CmaFree:               0 kB
MemTotal:       12113136 kB
MemFree:          480596 kB
MemAvailable:    7925516 kB
Buffers:            7180 kB
Cached:          7818212 kB
SwapCached:            0 kB
Active:          2095748 kB
Inactive:        6978524 kB
Active(anon):    1153600 kB
Inactive(anon):   134128 kB
Active(file):     942148 kB
Inactive(file):  6844396 kB
Unevictable:        5716 kB
Mlocked:            5716 kB
SwapTotal:       3145724 kB
SwapFree:        3145724 kB
Dirty:               284 kB
Writeback:             0 kB
AnonPages:       1254140 kB
Mapped:           781032 kB
Shmem:             34180 kB
KReclaimable:     527080 kB
Slab:             226640 kB
SReclaimable:      79580 kB
SUnreclaim:       147060 kB
KernelStack:       47204 kB
PageTables:        64156 kB
NFS_Unstable:          0 kB
Bounce:                0 kB
WritebackTmp:          0 kB
CommitLimit:     9202292 kB
Committed_AS:   67501812 kB
VmallocTotal:   263061440 kB
VmallocUsed:      104152 kB
VmallocChunk:          0 kB
Percpu:             7648 kB
CmaTotal:         294912 kB
CmaFree:               0 kB
MemTotal:       12113136 kB
MemFree:          482704 kB
MemAvailable:    7927648 kB
Buffers:            7180 kB
Cached:          7818240 kB
SwapCached:            0 kB
Active:          2094504 kB
Inactive:        6978548 kB
Active(anon):    1152352 kB
Inactive(anon):   134132 kB
Active(file):     942152 kB
Inactive(file):  6844416 kB
Unevictable:        5716 kB
Mlocked:            5716 kB
SwapTotal:       3145724 kB
SwapFree:        3145724 kB
Dirty:               308 kB
Writeback:             0 kB
AnonPages:       1253836 kB
Mapped:           780936 kB
Shmem:             34184 kB
KReclaimable:     527080 kB
Slab:             226664 kB
SReclaimable:      79580 kB
SUnreclaim:       147084 kB
KernelStack:       47120 kB
PageTables:        63476 kB
NFS_Unstable:          0 kB
Bounce:                0 kB
WritebackTmp:          0 kB
CommitLimit:     9202292 kB
Committed_AS:   67500116 kB
VmallocTotal:   263061440 kB
VmallocUsed:      104152 kB
VmallocChunk:          0 kB
Percpu:             7648 kB
CmaTotal:         294912 kB
CmaFree:             108 kB
MemTotal:       12113136 kB
MemFree:          480856 kB
MemAvailable:    7925832 kB
Buffers:            7180 kB
Cached:          7818272 kB
SwapCached:            0 kB
Active:          2095472 kB
Inactive:        6978580 kB
Active(anon):    1153320 kB
Inactive(anon):   134132 kB
Active(file):     942152 kB
Inactive(file):  6844448 kB
Unevictable:        5716 kB
Mlocked:            5716 kB
SwapTotal:       3145724 kB
SwapFree:        3145724 kB
Dirty:               328 kB
Writeback:             0 kB
AnonPages:       1253992 kB
Mapped:           780928 kB
Shmem:             34184 kB
KReclaimable:     527080 kB
Slab:             226664 kB
SReclaimable:      79580 kB
SUnreclaim:       147084 kB
KernelStack:       47168 kB
PageTables:        63684 kB
NFS_Unstable:          0 kB
Bounce:                0 kB
WritebackTmp:          0 kB
CommitLimit:     9202292 kB
Committed_AS:   67500520 kB
VmallocTotal:   263061440 kB
VmallocUsed:      104120 kB
VmallocChunk:          0 kB
Percpu:             7648 kB
CmaTotal:         294912 kB
CmaFree:               0 kB
MemTotal:       12113136 kB
MemFree:          481204 kB
MemAvailable:    7926188 kB
Buffers:            7180 kB
Cached:          7818280 kB
SwapCached:            0 kB
Active:          2096284 kB
Inactive:        6978588 kB
Active(anon):    1154132 kB
Inactive(anon):   134132 kB
Active(file):     942152 kB
Inactive(file):  6844456 kB
Unevictable:        5716 kB
Mlocked:            5716 kB
SwapTotal:       3145724 kB
SwapFree:        3145724 kB
Dirty:               348 kB
Writeback:             0 kB
AnonPages:       1255768 kB
Mapped:           780852 kB
Shmem:             34184 kB
KReclaimable:     527080 kB
Slab:             226696 kB
SReclaimable:      79580 kB
SUnreclaim:       147116 kB
KernelStack:       47136 kB
PageTables:        63668 kB
NFS_Unstable:          0 kB
Bounce:                0 kB
WritebackTmp:          0 kB
CommitLimit:     9202292 kB
Committed_AS:   67496936 kB
VmallocTotal:   263061440 kB
VmallocUsed:      104168 kB
VmallocChunk:          0 kB
Percpu:             7648 kB
CmaTotal:         294912 kB
CmaFree:               0 kB
MemTotal:       12113136 kB
MemFree:          480132 kB
MemAvailable:    7925132 kB
Buffers:            7180 kB
Cached:          7818296 kB
SwapCached:            0 kB
Active:          2097496 kB
Inactive:        6978604 kB
Active(anon):    1155344 kB
Inactive(anon):   134132 kB
Active(file):     942152 kB
Inactive(file):  6844472 kB
Unevictable:        5716 kB
Mlocked:            5716 kB
SwapTotal:       3145724 kB
SwapFree:        3145724 kB
Dirty:               364 kB
Writeback:             0 kB
AnonPages:       1256308 kB
Mapped:           780880 kB
Shmem:             34184 kB
KReclaimable:     527080 kB
Slab:             226624 kB
SReclaimable:      79580 kB
SUnreclaim:       147044 kB
KernelStack:       47200 kB
PageTables:        63436 kB
NFS_Unstable:          0 kB
Bounce:                0 kB
WritebackTmp:          0 kB
CommitLimit:     9202292 kB
Committed_AS:   67500436 kB
VmallocTotal:   263061440 kB
VmallocUsed:      104168 kB
VmallocChunk:          0 kB
Percpu:             7648 kB
CmaTotal:         294912 kB
CmaFree:               0 kB
MemTotal:       12113136 kB
MemFree:          462424 kB
MemAvailable:    7907456 kB
Buffers:            7184 kB
Cached:          7818320 kB
SwapCached:            0 kB
Active:          2115436 kB
Inactive:        6978628 kB
Active(anon):    1173280 kB
Inactive(anon):   134128 kB
Active(file):     942156 kB
Inactive(file):  6844500 kB
Unevictable:        5716 kB
Mlocked:            5716 kB
SwapTotal:       3145724 kB
SwapFree:        3145724 kB
Dirty:               356 kB
Writeback:             0 kB
AnonPages:       1274320 kB
Mapped:           780660 kB
Shmem:             34180 kB
KReclaimable:     527080 kB
Slab:             226672 kB
SReclaimable:      79580 kB
SUnreclaim:       147092 kB
KernelStack:       47168 kB
PageTables:        63756 kB
NFS_Unstable:          0 kB
Bounce:                0 kB
WritebackTmp:          0 kB
CommitLimit:     9202292 kB
Committed_AS:   67496688 kB
VmallocTotal:   263061440 kB
VmallocUsed:      104136 kB
VmallocChunk:          0 kB
Percpu:             7648 kB
CmaTotal:         294912 kB
CmaFree:               0 kB
MemTotal:       12113136 kB
MemFree:          460724 kB
MemAvailable:    7905768 kB
Buffers:            7184 kB
Cached:          7818528 kB
SwapCached:            0 kB
Active:          2116356 kB
Inactive:        6978836 kB
Active(anon):    1174200 kB
Inactive(anon):   134324 kB
Active(file):     942156 kB
Inactive(file):  6844512 kB
Unevictable:        5716 kB
Mlocked:            5716 kB
SwapTotal:       3145724 kB
SwapFree:        3145724 kB
Dirty:               380 kB
Writeback:             0 kB
AnonPages:       1275040 kB
Mapped:           780964 kB
Shmem:             34376 kB
KReclaimable:     527080 kB
Slab:             226664 kB
SReclaimable:      79580 kB
SUnreclaim:       147084 kB
KernelStack:       47200 kB
PageTables:        63924 kB
NFS_Unstable:          0 kB
Bounce:                0 kB
WritebackTmp:          0 kB
CommitLimit:     9202292 kB
Committed_AS:   67493828 kB
VmallocTotal:   263061440 kB
VmallocUsed:      104136 kB
VmallocChunk:          0 kB
Percpu:             7648 kB
CmaTotal:         294912 kB
CmaFree:               0 kB
MemTotal:       12113136 kB
MemFree:          458232 kB
MemAvailable:    7903276 kB
Buffers:            7184 kB
Cached:          7818340 kB
SwapCached:            0 kB
Active:          2118004 kB
Inactive:        6978644 kB
Active(anon):    1175848 kB
Inactive(anon):   134132 kB
Active(file):     942156 kB
Inactive(file):  6844512 kB
Unevictable:        5716 kB
Mlocked:            5716 kB
SwapTotal:       3145724 kB
SwapFree:        3145724 kB
Dirty:               380 kB
Writeback:             0 kB
AnonPages:       1276960 kB
Mapped:           780688 kB
Shmem:             34188 kB
KReclaimable:     527080 kB
Slab:             226688 kB
SReclaimable:      79580 kB
SUnreclaim:       147108 kB
KernelStack:       47144 kB
PageTables:        63660 kB
NFS_Unstable:          0 kB
Bounce:                0 kB
WritebackTmp:          0 kB
CommitLimit:     9202292 kB
Committed_AS:   67490892 kB
VmallocTotal:   263061440 kB
VmallocUsed:      104152 kB
VmallocChunk:          0 kB
Percpu:             7648 kB
CmaTotal:         294912 kB
CmaFree:               0 kB
MemTotal:       12113136 kB
MemFree:          458760 kB
MemAvailable:    7903848 kB
Buffers:            7184 kB
Cached:          7818556 kB
SwapCached:            0 kB
Active:          2116912 kB
Inactive:        6978876 kB
Active(anon):    1174768 kB
Inactive(anon):   134324 kB
Active(file):     942144 kB
Inactive(file):  6844552 kB
Unevictable:        5716 kB
Mlocked:            5716 kB
SwapTotal:       3145724 kB
SwapFree:        3145724 kB
Dirty:               436 kB
Writeback:             0 kB
AnonPages:       1275100 kB
Mapped:           780868 kB
Shmem:             34376 kB
KReclaimable:     527096 kB
Slab:             226696 kB
SReclaimable:      79596 kB
SUnreclaim:       147100 kB
KernelStack:       47200 kB
PageTables:        63592 kB
NFS_Unstable:          0 kB
Bounce:                0 kB
WritebackTmp:          0 kB
CommitLimit:     9202292 kB
Committed_AS:   67496912 kB
VmallocTotal:   263061440 kB
VmallocUsed:      104184 kB
VmallocChunk:          0 kB
Percpu:             7648 kB
CmaTotal:         294912 kB
CmaFree:               0 kB
MemTotal:       12113136 kB
MemFree:          471600 kB
MemAvailable:    7916680 kB
Buffers:            7184 kB
Cached:          7818564 kB
SwapCached:            0 kB
Active:          2103104 kB
Inactive:        6978884 kB
Active(anon):    1160960 kB
Inactive(anon):   134324 kB
Active(file):     942144 kB
Inactive(file):  6844560 kB
Unevictable:        5716 kB
Mlocked:            5716 kB
SwapTotal:       3145724 kB
SwapFree:        3145724 kB
Dirty:               468 kB
Writeback:             0 kB
AnonPages:       1261896 kB
Mapped:           771856 kB
Shmem:             34376 kB
KReclaimable:     527080 kB
Slab:             226656 kB
SReclaimable:      79580 kB
SUnreclaim:       147076 kB
KernelStack:       47216 kB
PageTables:        63696 kB
NFS_Unstable:          0 kB
Bounce:                0 kB
WritebackTmp:          0 kB
CommitLimit:     9202292 kB
Committed_AS:   67496244 kB
VmallocTotal:   263061440 kB
VmallocUsed:      104200 kB
VmallocChunk:          0 kB
Percpu:             7648 kB
CmaTotal:         294912 kB
CmaFree:             156 kB
MemTotal:       12113136 kB
MemFree:          471020 kB
MemAvailable:    7916104 kB
Buffers:            7184 kB
Cached:          7818568 kB
SwapCached:            0 kB
Active:          2103584 kB
Inactive:        6978888 kB
Active(anon):    1161440 kB
Inactive(anon):   134324 kB
Active(file):     942144 kB
Inactive(file):  6844564 kB
Unevictable:        5716 kB
Mlocked:            5716 kB
SwapTotal:       3145724 kB
SwapFree:        3145724 kB
Dirty:               472 kB
Writeback:             0 kB
AnonPages:       1262412 kB
Mapped:           771960 kB
Shmem:             34376 kB
KReclaimable:     527080 kB
Slab:             226664 kB
SReclaimable:      79580 kB
SUnreclaim:       147084 kB
KernelStack:       47184 kB
PageTables:        63540 kB
NFS_Unstable:          0 kB
Bounce:                0 kB
WritebackTmp:          0 kB
CommitLimit:     9202292 kB
Committed_AS:   67501760 kB
VmallocTotal:   263061440 kB
VmallocUsed:      104232 kB
VmallocChunk:          0 kB
Percpu:             7648 kB
CmaTotal:         294912 kB
CmaFree:              76 kB
MemTotal:       12113136 kB
MemFree:          470656 kB
MemAvailable:    7915760 kB
Buffers:            7184 kB
Cached:          7818588 kB
SwapCached:            0 kB
Active:          2104180 kB
Inactive:        6978908 kB
Active(anon):    1162036 kB
Inactive(anon):   134324 kB
Active(file):     942144 kB
Inactive(file):  6844584 kB
Unevictable:        5716 kB
Mlocked:            5716 kB
SwapTotal:       3145724 kB
SwapFree:        3145724 kB
Dirty:               492 kB
Writeback:             0 kB
AnonPages:       1262984 kB
Mapped:           772020 kB
Shmem:             34376 kB
KReclaimable:     527080 kB
Slab:             226656 kB
SReclaimable:      79580 kB
SUnreclaim:       147076 kB
KernelStack:       47216 kB
PageTables:        63752 kB
NFS_Unstable:          0 kB
Bounce:                0 kB
WritebackTmp:          0 kB
CommitLimit:     9202292 kB
Committed_AS:   67492776 kB
VmallocTotal:   263061440 kB
VmallocUsed:      104200 kB
VmallocChunk:          0 kB
Percpu:             7648 kB
CmaTotal:         294912 kB
CmaFree:               8 kB
MemTotal:       12113136 kB
MemFree:          470236 kB
MemAvailable:    7915356 kB
Buffers:            7184 kB
Cached:          7818604 kB
SwapCached:            0 kB
Active:          2105092 kB
Inactive:        6978924 kB
Active(anon):    1162948 kB
Inactive(anon):   134324 kB
Active(file):     942144 kB
Inactive(file):  6844600 kB
Unevictable:        5716 kB
Mlocked:            5716 kB
SwapTotal:       3145724 kB
SwapFree:        3145724 kB
Dirty:               524 kB
Writeback:             0 kB
AnonPages:       1264032 kB
Mapped:           771856 kB
Shmem:             34376 kB
KReclaimable:     527080 kB
Slab:             226696 kB
SReclaimable:      79580 kB
SUnreclaim:       147116 kB
KernelStack:       47232 kB
PageTables:        63692 kB
NFS_Unstable:          0 kB
Bounce:                0 kB
WritebackTmp:          0 kB
CommitLimit:     9202292 kB
Committed_AS:   67495544 kB
VmallocTotal:   263061440 kB
VmallocUsed:      104216 kB
VmallocChunk:          0 kB
Percpu:             7648 kB
CmaTotal:         294912 kB
CmaFree:               0 kB
MemTotal:       12113136 kB
MemFree:          471564 kB
MemAvailable:    7916696 kB
Buffers:            7184 kB
Cached:          7818616 kB
SwapCached:            0 kB
Active:          2104316 kB
Inactive:        6978932 kB
Active(anon):    1162168 kB
Inactive(anon):   134324 kB
Active(file):     942148 kB
Inactive(file):  6844608 kB
Unevictable:        5716 kB
Mlocked:            5716 kB
SwapTotal:       3145724 kB
SwapFree:        3145724 kB
Dirty:               540 kB
Writeback:             0 kB
AnonPages:       1262760 kB
Mapped:           771976 kB
Shmem:             34376 kB
KReclaimable:     527080 kB
Slab:             226648 kB
SReclaimable:      79580 kB
SUnreclaim:       147068 kB
KernelStack:       47184 kB
PageTables:        63676 kB
NFS_Unstable:          0 kB
Bounce:                0 kB
WritebackTmp:          0 kB
CommitLimit:     9202292 kB
Committed_AS:   67491268 kB
VmallocTotal:   263061440 kB
VmallocUsed:      104200 kB
VmallocChunk:          0 kB
Percpu:             7648 kB
CmaTotal:         294912 kB
CmaFree:              80 kB
MemTotal:       12113136 kB
MemFree:          485572 kB
MemAvailable:    7930716 kB
Buffers:            7184 kB
Cached:          7818628 kB
SwapCached:            0 kB
Active:          2088472 kB
Inactive:        6978948 kB
Active(anon):    1146328 kB
Inactive(anon):   134324 kB
Active(file):     942144 kB
Inactive(file):  6844624 kB
Unevictable:        5716 kB
Mlocked:            5716 kB
SwapTotal:       3145724 kB
SwapFree:        3145724 kB
Dirty:               148 kB
Writeback:             0 kB
AnonPages:       1247340 kB
Mapped:           771848 kB
Shmem:             34376 kB
KReclaimable:     527080 kB
Slab:             226712 kB
SReclaimable:      79580 kB
SUnreclaim:       147132 kB
KernelStack:       47280 kB
PageTables:        63676 kB
NFS_Unstable:          0 kB
Bounce:                0 kB
WritebackTmp:          0 kB
CommitLimit:     9202292 kB
Committed_AS:   67493128 kB
VmallocTotal:   263061440 kB
VmallocUsed:      104200 kB
VmallocChunk:          0 kB
Percpu:             7648 kB
CmaTotal:         294912 kB
CmaFree:               0 kB
MemTotal:       12113136 kB
MemFree:          485688 kB
MemAvailable:    7930820 kB
Buffers:            7184 kB
Cached:          7818616 kB
SwapCached:            0 kB
Active:          2088936 kB
Inactive:        6978940 kB
Active(anon):    1146796 kB
Inactive(anon):   134324 kB
Active(file):     942140 kB
Inactive(file):  6844616 kB
Unevictable:        5716 kB
Mlocked:            5716 kB
SwapTotal:       3145724 kB
SwapFree:        3145724 kB
Dirty:               192 kB
Writeback:             0 kB
AnonPages:       1247660 kB
Mapped:           771856 kB
Shmem:             34376 kB
KReclaimable:     527080 kB
Slab:             226672 kB
SReclaimable:      79580 kB
SUnreclaim:       147092 kB
KernelStack:       47200 kB
PageTables:        63756 kB
NFS_Unstable:          0 kB
Bounce:                0 kB
WritebackTmp:          0 kB
CommitLimit:     9202292 kB
Committed_AS:   67491476 kB
VmallocTotal:   263061440 kB
VmallocUsed:      104184 kB
VmallocChunk:          0 kB
Percpu:             7648 kB
CmaTotal:         294912 kB
CmaFree:               0 kB
MemTotal:       12113136 kB
MemFree:          484564 kB
MemAvailable:    7929740 kB
Buffers:            7184 kB
Cached:          7818660 kB
SwapCached:            0 kB
Active:          2089540 kB
Inactive:        6978976 kB
Active(anon):    1147392 kB
Inactive(anon):   134324 kB
Active(file):     942148 kB
Inactive(file):  6844652 kB
Unevictable:        5716 kB
Mlocked:            5716 kB
SwapTotal:       3145724 kB
SwapFree:        3145724 kB
Dirty:               244 kB
Writeback:             0 kB
AnonPages:       1248328 kB
Mapped:           771856 kB
Shmem:             34376 kB
KReclaimable:     527080 kB
Slab:             226712 kB
SReclaimable:      79580 kB
SUnreclaim:       147132 kB
KernelStack:       47216 kB
PageTables:        63728 kB
NFS_Unstable:          0 kB
Bounce:                0 kB
WritebackTmp:          0 kB
CommitLimit:     9202292 kB
Committed_AS:   67497244 kB
VmallocTotal:   263061440 kB
VmallocUsed:      104168 kB
VmallocChunk:          0 kB
Percpu:             7648 kB
CmaTotal:         294912 kB
CmaFree:               0 kB
MemTotal:       12113136 kB
MemFree:          485960 kB
MemAvailable:    7931144 kB
Buffers:            7184 kB
Cached:          7818668 kB
SwapCached:            0 kB
Active:          2089532 kB
Inactive:        6978988 kB
Active(anon):    1147388 kB
Inactive(anon):   134324 kB
Active(file):     942144 kB
Inactive(file):  6844664 kB
Unevictable:        5716 kB
Mlocked:            5716 kB
SwapTotal:       3145724 kB
SwapFree:        3145724 kB
Dirty:               256 kB
Writeback:             0 kB
AnonPages:       1248548 kB
Mapped:           771956 kB
Shmem:             34376 kB
KReclaimable:     527080 kB
Slab:             226680 kB
SReclaimable:      79580 kB
SUnreclaim:       147100 kB
KernelStack:       47232 kB
PageTables:        63832 kB
NFS_Unstable:          0 kB
Bounce:                0 kB
WritebackTmp:          0 kB
CommitLimit:     9202292 kB
Committed_AS:   67499108 kB
VmallocTotal:   263061440 kB
VmallocUsed:      104216 kB
VmallocChunk:          0 kB
Percpu:             7648 kB
CmaTotal:         294912 kB
CmaFree:               0 kB
MemTotal:       12113136 kB
MemFree:          486288 kB
MemAvailable:    7931480 kB
Buffers:            7184 kB
Cached:          7818676 kB
SwapCached:            0 kB
Active:          2090664 kB
Inactive:        6978996 kB
Active(anon):    1148520 kB
Inactive(anon):   134324 kB
Active(file):     942144 kB
Inactive(file):  6844672 kB
Unevictable:        5716 kB
Mlocked:            5716 kB
SwapTotal:       3145724 kB
SwapFree:        3145724 kB
Dirty:               316 kB
Writeback:             0 kB
AnonPages:       1249552 kB
Mapped:           771840 kB
Shmem:             34376 kB
KReclaimable:     527080 kB
Slab:             226712 kB
SReclaimable:      79580 kB
SUnreclaim:       147132 kB
KernelStack:       47248 kB
PageTables:        63812 kB
NFS_Unstable:          0 kB
Bounce:                0 kB
WritebackTmp:          0 kB
CommitLimit:     9202292 kB
Committed_AS:   67494760 kB
VmallocTotal:   263061440 kB
VmallocUsed:      104200 kB
VmallocChunk:          0 kB
Percpu:             7648 kB
CmaTotal:         294912 kB
CmaFree:               0 kB
MemTotal:       12113136 kB
MemFree:          485960 kB
MemAvailable:    7931164 kB
Buffers:            7184 kB
Cached:          7818688 kB
SwapCached:            0 kB
Active:          2090412 kB
Inactive:        6979008 kB
Active(anon):    1148268 kB
Inactive(anon):   134324 kB
Active(file):     942144 kB
Inactive(file):  6844684 kB
Unevictable:        5716 kB
Mlocked:            5716 kB
SwapTotal:       3145724 kB
SwapFree:        3145724 kB
Dirty:               336 kB
Writeback:             0 kB
AnonPages:       1249260 kB
Mapped:           772000 kB
Shmem:             34376 kB
KReclaimable:     527080 kB
Slab:             226688 kB
SReclaimable:      79580 kB
SUnreclaim:       147108 kB
KernelStack:       47216 kB
PageTables:        64016 kB
NFS_Unstable:          0 kB
Bounce:                0 kB
WritebackTmp:          0 kB
CommitLimit:     9202292 kB
Committed_AS:   67492568 kB
VmallocTotal:   263061440 kB
VmallocUsed:      104200 kB
VmallocChunk:          0 kB
Percpu:             7648 kB
CmaTotal:         294912 kB
CmaFree:               0 kB
MemTotal:       12113136 kB
MemFree:          484524 kB
MemAvailable:    7929772 kB
Buffers:            7192 kB
Cached:          7818724 kB
SwapCached:            0 kB
Active:          2090968 kB
Inactive:        6979044 kB
Active(anon):    1148816 kB
Inactive(anon):   134324 kB
Active(file):     942152 kB
Inactive(file):  6844720 kB
Unevictable:        5716 kB
Mlocked:            5716 kB
SwapTotal:       3145724 kB
SwapFree:        3145724 kB
Dirty:               360 kB
Writeback:             0 kB
AnonPages:       1250056 kB
Mapped:           771820 kB
Shmem:             34376 kB
KReclaimable:     527080 kB
Slab:             226688 kB
SReclaimable:      79580 kB
SUnreclaim:       147108 kB
KernelStack:       47248 kB
PageTables:        63716 kB
NFS_Unstable:          0 kB
Bounce:                0 kB
WritebackTmp:          0 kB
CommitLimit:     9202292 kB
Committed_AS:   67491540 kB
VmallocTotal:   263061440 kB
VmallocUsed:      104184 kB
VmallocChunk:          0 kB
Percpu:             7648 kB
CmaTotal:         294912 kB
CmaFree:               8 kB
MemTotal:       12113136 kB
MemFree:          483180 kB
MemAvailable:    7928456 kB
Buffers:            7192 kB
Cached:          7818752 kB
SwapCached:            0 kB
Active:          2091916 kB
Inactive:        6979068 kB
Active(anon):    1149760 kB
Inactive(anon):   134324 kB
Active(file):     942156 kB
Inactive(file):  6844744 kB
Unevictable:        5716 kB
Mlocked:            5716 kB
SwapTotal:       3145724 kB
SwapFree:        3145724 kB
Dirty:               404 kB
Writeback:             0 kB
AnonPages:       1250848 kB
Mapped:           771652 kB
Shmem:             34376 kB
KReclaimable:     527080 kB
Slab:             226704 kB
SReclaimable:      79580 kB
SUnreclaim:       147124 kB
KernelStack:       47184 kB
PageTables:        63664 kB
NFS_Unstable:          0 kB
Bounce:                0 kB
WritebackTmp:          0 kB
CommitLimit:     9202292 kB
Committed_AS:   67491904 kB
VmallocTotal:   263061440 kB
VmallocUsed:      104200 kB
VmallocChunk:          0 kB
Percpu:             7648 kB
CmaTotal:         294912 kB
CmaFree:               0 kB
MemTotal:       12113136 kB
MemFree:          483144 kB
MemAvailable:    7928404 kB
Buffers:            7192 kB
Cached:          7818736 kB
SwapCached:            0 kB
Active:          2092796 kB
Inactive:        6979052 kB
Active(anon):    1150640 kB
Inactive(anon):   134324 kB
Active(file):     942156 kB
Inactive(file):  6844728 kB
Unevictable:        5716 kB
Mlocked:            5716 kB
SwapTotal:       3145724 kB
SwapFree:        3145724 kB
Dirty:               388 kB
Writeback:             0 kB
AnonPages:       1251708 kB
Mapped:           771916 kB
Shmem:             34376 kB
KReclaimable:     527080 kB
Slab:             226696 kB
SReclaimable:      79580 kB
SUnreclaim:       147116 kB
KernelStack:       47216 kB
PageTables:        63552 kB
NFS_Unstable:          0 kB
Bounce:                0 kB
WritebackTmp:          0 kB
CommitLimit:     9202292 kB
Committed_AS:   67492380 kB
VmallocTotal:   263061440 kB
VmallocUsed:      104200 kB
VmallocChunk:          0 kB
Percpu:             7648 kB
CmaTotal:         294912 kB
CmaFree:               0 kB
MemTotal:       12113136 kB
MemFree:          483028 kB
MemAvailable:    7928312 kB
Buffers:            7192 kB
Cached:          7818760 kB
SwapCached:            0 kB
Active:          2093136 kB
Inactive:        6979076 kB
Active(anon):    1150980 kB
Inactive(anon):   134324 kB
Active(file):     942156 kB
Inactive(file):  6844752 kB
Unevictable:        5716 kB
Mlocked:            5716 kB
SwapTotal:       3145724 kB
SwapFree:        3145724 kB
Dirty:               412 kB
Writeback:             0 kB
AnonPages:       1251988 kB
Mapped:           771856 kB
Shmem:             34376 kB
KReclaimable:     527080 kB
Slab:             226688 kB
SReclaimable:      79580 kB
SUnreclaim:       147108 kB
KernelStack:       47216 kB
PageTables:        63672 kB
NFS_Unstable:          0 kB
Bounce:                0 kB
WritebackTmp:          0 kB
CommitLimit:     9202292 kB
Committed_AS:   67491120 kB
VmallocTotal:   263061440 kB
VmallocUsed:      104200 kB
VmallocChunk:          0 kB
Percpu:             7648 kB
CmaTotal:         294912 kB
CmaFree:               0 kB
MemTotal:       12113136 kB
MemFree:          480972 kB
MemAvailable:    7926268 kB
Buffers:            7192 kB
Cached:          7818772 kB
SwapCached:            0 kB
Active:          2094540 kB
Inactive:        6979088 kB
Active(anon):    1152384 kB
Inactive(anon):   134324 kB
Active(file):     942156 kB
Inactive(file):  6844764 kB
Unevictable:        5716 kB
Mlocked:            5716 kB
SwapTotal:       3145724 kB
SwapFree:        3145724 kB
Dirty:               436 kB
Writeback:             0 kB
AnonPages:       1252840 kB
Mapped:           771940 kB
Shmem:             34376 kB
KReclaimable:     527080 kB
Slab:             226680 kB
SReclaimable:      79580 kB
SUnreclaim:       147100 kB
KernelStack:       47280 kB
PageTables:        63988 kB
NFS_Unstable:          0 kB
Bounce:                0 kB
WritebackTmp:          0 kB
CommitLimit:     9202292 kB
Committed_AS:   67499016 kB
VmallocTotal:   263061440 kB
VmallocUsed:      104216 kB
VmallocChunk:          0 kB
Percpu:             7648 kB
CmaTotal:         294912 kB
CmaFree:               0 kB
MemTotal:       12113136 kB
MemFree:          481604 kB
MemAvailable:    7926908 kB
Buffers:            7192 kB
Cached:          7818780 kB
SwapCached:            0 kB
Active:          2094556 kB
Inactive:        6979096 kB
Active(anon):    1152400 kB
Inactive(anon):   134324 kB
Active(file):     942156 kB
Inactive(file):  6844772 kB
Unevictable:        5716 kB
Mlocked:            5716 kB
SwapTotal:       3145724 kB
SwapFree:        3145724 kB
Dirty:               228 kB
Writeback:             0 kB
AnonPages:       1253488 kB
Mapped:           771856 kB
Shmem:             34376 kB
KReclaimable:     527080 kB
Slab:             226664 kB
SReclaimable:      79580 kB
SUnreclaim:       147084 kB
KernelStack:       47184 kB
PageTables:        63508 kB
NFS_Unstable:          0 kB
Bounce:                0 kB
WritebackTmp:          0 kB
CommitLimit:     9202292 kB
Committed_AS:   67490368 kB
VmallocTotal:   263061440 kB
VmallocUsed:      104168 kB
VmallocChunk:          0 kB
Percpu:             7648 kB
CmaTotal:         294912 kB
CmaFree:               0 kB
MemTotal:       12113136 kB
MemFree:          480928 kB
MemAvailable:    7926232 kB
Buffers:            7192 kB
Cached:          7818780 kB
SwapCached:            0 kB
Active:          2095888 kB
Inactive:        6979096 kB
Active(anon):    1153732 kB
Inactive(anon):   134324 kB
Active(file):     942156 kB
Inactive(file):  6844772 kB
Unevictable:        5716 kB
Mlocked:            5716 kB
SwapTotal:       3145724 kB
SwapFree:        3145724 kB
Dirty:               236 kB
Writeback:             0 kB
AnonPages:       1254476 kB
Mapped:           772092 kB
Shmem:             34376 kB
KReclaimable:     527080 kB
Slab:             226664 kB
SReclaimable:      79580 kB
SUnreclaim:       147084 kB
KernelStack:       47168 kB
PageTables:        63540 kB
NFS_Unstable:          0 kB
Bounce:                0 kB
WritebackTmp:          0 kB
CommitLimit:     9202292 kB
Committed_AS:   67496900 kB
VmallocTotal:   263061440 kB
VmallocUsed:      104216 kB
VmallocChunk:          0 kB
Percpu:             7648 kB
CmaTotal:         294912 kB
CmaFree:               0 kB
MemTotal:       12113136 kB
MemFree:          479980 kB
MemAvailable:    7925312 kB
Buffers:            7192 kB
Cached:          7818808 kB
SwapCached:            0 kB
Active:          2094820 kB
Inactive:        6979124 kB
Active(anon):    1152664 kB
Inactive(anon):   134324 kB
Active(file):     942156 kB
Inactive(file):  6844800 kB
Unevictable:        5716 kB
Mlocked:            5716 kB
SwapTotal:       3145724 kB
SwapFree:        3145724 kB
Dirty:               288 kB
Writeback:             0 kB
AnonPages:       1253812 kB
Mapped:           771748 kB
Shmem:             34376 kB
KReclaimable:     527080 kB
Slab:             226688 kB
SReclaimable:      79580 kB
SUnreclaim:       147108 kB
KernelStack:       47264 kB
PageTables:        63736 kB
NFS_Unstable:          0 kB
Bounce:                0 kB
WritebackTmp:          0 kB
CommitLimit:     9202292 kB
Committed_AS:   67490296 kB
VmallocTotal:   263061440 kB
VmallocUsed:      104216 kB
VmallocChunk:          0 kB
Percpu:             7648 kB
CmaTotal:         294912 kB
CmaFree:               0 kB
MemTotal:       12113136 kB
MemFree:          479060 kB
MemAvailable:    7924408 kB
Buffers:            7192 kB
Cached:          7818824 kB
SwapCached:            0 kB
Active:          2096012 kB
Inactive:        6979136 kB
Active(anon):    1153852 kB
Inactive(anon):   134324 kB
Active(file):     942160 kB
Inactive(file):  6844812 kB
Unevictable:        5716 kB
Mlocked:            5716 kB
SwapTotal:       3145724 kB
SwapFree:        3145724 kB
Dirty:               312 kB
Writeback:             0 kB
AnonPages:       1254780 kB
Mapped:           771896 kB
Shmem:             34376 kB
KReclaimable:     527080 kB
Slab:             226656 kB
SReclaimable:      79580 kB
SUnreclaim:       147076 kB
KernelStack:       47200 kB
PageTables:        63756 kB
NFS_Unstable:          0 kB
Bounce:                0 kB
WritebackTmp:          0 kB
CommitLimit:     9202292 kB
Committed_AS:   67495608 kB
VmallocTotal:   263061440 kB
VmallocUsed:      104232 kB
VmallocChunk:          0 kB
Percpu:             7648 kB
CmaTotal:         294912 kB
CmaFree:               0 kB
MemTotal:       12113136 kB
MemFree:          478704 kB
MemAvailable:    7924064 kB
Buffers:            7192 kB
Cached:          7818836 kB
SwapCached:            0 kB
Active:          2096272 kB
Inactive:        6979148 kB
Active(anon):    1154112 kB
Inactive(anon):   134324 kB
Active(file):     942160 kB
Inactive(file):  6844824 kB
Unevictable:        5716 kB
Mlocked:            5716 kB
SwapTotal:       3145724 kB
SwapFree:        3145724 kB
Dirty:               348 kB
Writeback:             0 kB
AnonPages:       1255236 kB
Mapped:           772008 kB
Shmem:             34376 kB
KReclaimable:     527080 kB
Slab:             226664 kB
SReclaimable:      79580 kB
SUnreclaim:       147084 kB
KernelStack:       47232 kB
PageTables:        63528 kB
NFS_Unstable:          0 kB
Bounce:                0 kB
WritebackTmp:          0 kB
CommitLimit:     9202292 kB
Committed_AS:   67498752 kB
VmallocTotal:   263061440 kB
VmallocUsed:      104216 kB
VmallocChunk:          0 kB
Percpu:             7648 kB
CmaTotal:         294912 kB
CmaFree:               0 kB
MemTotal:       12113136 kB
MemFree:          479108 kB
MemAvailable:    7924488 kB
Buffers:            7192 kB
Cached:          7818856 kB
SwapCached:            0 kB
Active:          2096540 kB
Inactive:        6979168 kB
Active(anon):    1154380 kB
Inactive(anon):   134324 kB
Active(file):     942160 kB
Inactive(file):  6844844 kB
Unevictable:        5716 kB
Mlocked:            5716 kB
SwapTotal:       3145724 kB
SwapFree:        3145724 kB
Dirty:               384 kB
Writeback:             0 kB
AnonPages:       1255600 kB
Mapped:           771760 kB
Shmem:             34376 kB
KReclaimable:     527080 kB
Slab:             226664 kB
SReclaimable:      79580 kB
SUnreclaim:       147084 kB
KernelStack:       47264 kB
PageTables:        63740 kB
NFS_Unstable:          0 kB
Bounce:                0 kB
WritebackTmp:          0 kB
CommitLimit:     9202292 kB
Committed_AS:   67492748 kB
VmallocTotal:   263061440 kB
VmallocUsed:      104216 kB
VmallocChunk:          0 kB
Percpu:             7648 kB
CmaTotal:         294912 kB
CmaFree:               0 kB
MemTotal:       12113136 kB
MemFree:          477808 kB
MemAvailable:    7923192 kB
Buffers:            7192 kB
Cached:          7818860 kB
SwapCached:            0 kB
Active:          2097464 kB
Inactive:        6979172 kB
Active(anon):    1155304 kB
Inactive(anon):   134324 kB
Active(file):     942160 kB
Inactive(file):  6844848 kB
Unevictable:        5716 kB
Mlocked:            5716 kB
SwapTotal:       3145724 kB
SwapFree:        3145724 kB
Dirty:               388 kB
Writeback:             0 kB
AnonPages:       1256328 kB
Mapped:           772136 kB
Shmem:             34376 kB
KReclaimable:     527080 kB
Slab:             226672 kB
SReclaimable:      79580 kB
SUnreclaim:       147092 kB
KernelStack:       47236 kB
PageTables:        63732 kB
NFS_Unstable:          0 kB
Bounce:                0 kB
WritebackTmp:          0 kB
CommitLimit:     9202292 kB
Committed_AS:   67492544 kB
VmallocTotal:   263061440 kB
VmallocUsed:      104216 kB
VmallocChunk:          0 kB
Percpu:             7648 kB
CmaTotal:         294912 kB
CmaFree:               0 kB
MemTotal:       12113136 kB
MemFree:          478948 kB
MemAvailable:    7924344 kB
Buffers:            7192 kB
Cached:          7818872 kB
SwapCached:            0 kB
Active:          2097968 kB
Inactive:        6979188 kB
Active(anon):    1155812 kB
Inactive(anon):   134324 kB
Active(file):     942156 kB
Inactive(file):  6844864 kB
Unevictable:        5716 kB
Mlocked:            5716 kB
SwapTotal:       3145724 kB
SwapFree:        3145724 kB
Dirty:               396 kB
Writeback:             0 kB
AnonPages:       1257240 kB
Mapped:           771864 kB
Shmem:             34376 kB
KReclaimable:     527080 kB
Slab:             226656 kB
SReclaimable:      79580 kB
SUnreclaim:       147076 kB
KernelStack:       47232 kB
PageTables:        63568 kB
NFS_Unstable:          0 kB
Bounce:                0 kB
WritebackTmp:          0 kB
CommitLimit:     9202292 kB
Committed_AS:   67490624 kB
VmallocTotal:   263061440 kB
VmallocUsed:      104216 kB
VmallocChunk:          0 kB
Percpu:             7648 kB
CmaTotal:         294912 kB
CmaFree:               0 kB
MemTotal:       12113136 kB
MemFree:          477812 kB
MemAvailable:    7923224 kB
Buffers:            7192 kB
Cached:          7818888 kB
SwapCached:            0 kB
Active:          2099332 kB
Inactive:        6979200 kB
Active(anon):    1157172 kB
Inactive(anon):   134324 kB
Active(file):     942160 kB
Inactive(file):  6844876 kB
Unevictable:        5716 kB
Mlocked:            5716 kB
SwapTotal:       3145724 kB
SwapFree:        3145724 kB
Dirty:               432 kB
Writeback:             0 kB
AnonPages:       1258492 kB
Mapped:           771916 kB
Shmem:             34376 kB
KReclaimable:     527080 kB
Slab:             226672 kB
SReclaimable:      79580 kB
SUnreclaim:       147092 kB
KernelStack:       47248 kB
PageTables:        63732 kB
NFS_Unstable:          0 kB
Bounce:                0 kB
WritebackTmp:          0 kB
CommitLimit:     9202292 kB
Committed_AS:   67495140 kB
VmallocTotal:   263061440 kB
VmallocUsed:      104216 kB
VmallocChunk:          0 kB
Percpu:             7648 kB
CmaTotal:         294912 kB
CmaFree:               0 kB
MemTotal:       12113136 kB
MemFree:          476656 kB
MemAvailable:    7922076 kB
Buffers:            7192 kB
Cached:          7818896 kB
SwapCached:            0 kB
Active:          2099296 kB
Inactive:        6979208 kB
Active(anon):    1157136 kB
Inactive(anon):   134324 kB
Active(file):     942160 kB
Inactive(file):  6844884 kB
Unevictable:        5716 kB
Mlocked:            5716 kB
SwapTotal:       3145724 kB
SwapFree:        3145724 kB
Dirty:               496 kB
Writeback:             0 kB
AnonPages:       1258076 kB
Mapped:           772032 kB
Shmem:             34376 kB
KReclaimable:     527080 kB
Slab:             226656 kB
SReclaimable:      79580 kB
SUnreclaim:       147076 kB
KernelStack:       47296 kB
PageTables:        63728 kB
NFS_Unstable:          0 kB
Bounce:                0 kB
WritebackTmp:          0 kB
CommitLimit:     9202292 kB
Committed_AS:   67490888 kB
VmallocTotal:   263061440 kB
VmallocUsed:      104216 kB
VmallocChunk:          0 kB
Percpu:             7648 kB
CmaTotal:         294912 kB
CmaFree:               0 kB
MemTotal:       12113136 kB
MemFree:          447612 kB
MemAvailable:    7893048 kB
Buffers:            7196 kB
Cached:          7819060 kB
SwapCached:            0 kB
Active:          2128192 kB
Inactive:        6979376 kB
Active(anon):    1186032 kB
Inactive(anon):   134476 kB
Active(file):     942160 kB
Inactive(file):  6844900 kB
Unevictable:        5716 kB
Mlocked:            5716 kB
SwapTotal:       3145724 kB
SwapFree:        3145724 kB
Dirty:               524 kB
Writeback:             0 kB
AnonPages:       1286968 kB
Mapped:           772332 kB
Shmem:             34528 kB
KReclaimable:     527080 kB
Slab:             226672 kB
SReclaimable:      79580 kB
SUnreclaim:       147092 kB
KernelStack:       47168 kB
PageTables:        63668 kB
NFS_Unstable:          0 kB
Bounce:                0 kB
WritebackTmp:          0 kB
CommitLimit:     9202292 kB
Committed_AS:   67489060 kB
VmallocTotal:   263061440 kB
VmallocUsed:      104216 kB
VmallocChunk:          0 kB
Percpu:             7648 kB
CmaTotal:         294912 kB
CmaFree:               0 kB
MemTotal:       12113136 kB
MemFree:          447896 kB
MemAvailable:    7893384 kB
Buffers:            7196 kB
Cached:          7818960 kB
SwapCached:            0 kB
Active:          2128508 kB
Inactive:        6979268 kB
Active(anon):    1186340 kB
Inactive(anon):   134324 kB
Active(file):     942168 kB
Inactive(file):  6844944 kB
Unevictable:        5716 kB
Mlocked:            5716 kB
SwapTotal:       3145724 kB
SwapFree:        3145724 kB
Dirty:               508 kB
Writeback:             0 kB
AnonPages:       1287812 kB
Mapped:           771992 kB
Shmem:             34376 kB
KReclaimable:     527080 kB
Slab:             226656 kB
SReclaimable:      79580 kB
SUnreclaim:       147076 kB
KernelStack:       47184 kB
PageTables:        63632 kB
NFS_Unstable:          0 kB
Bounce:                0 kB
WritebackTmp:          0 kB
CommitLimit:     9202292 kB
Committed_AS:   67489380 kB
VmallocTotal:   263061440 kB
VmallocUsed:      104200 kB
VmallocChunk:          0 kB
Percpu:             7648 kB
CmaTotal:         294912 kB
CmaFree:               0 kB
MemTotal:       12113136 kB
MemFree:          434616 kB
MemAvailable:    7880096 kB
Buffers:            7196 kB
Cached:          7818952 kB
SwapCached:            0 kB
Active:          2143080 kB
Inactive:        6979264 kB
Active(anon):    1200916 kB
Inactive(anon):   134324 kB
Active(file):     942164 kB
Inactive(file):  6844940 kB
Unevictable:        5716 kB
Mlocked:            5716 kB
SwapTotal:       3145724 kB
SwapFree:        3145724 kB
Dirty:               556 kB
Writeback:             0 kB
AnonPages:       1301988 kB
Mapped:           771924 kB
Shmem:             34376 kB
KReclaimable:     527080 kB
Slab:             226672 kB
SReclaimable:      79580 kB
SUnreclaim:       147092 kB
KernelStack:       47184 kB
PageTables:        63652 kB
NFS_Unstable:          0 kB
Bounce:                0 kB
WritebackTmp:          0 kB
CommitLimit:     9202292 kB
Committed_AS:   67484536 kB
VmallocTotal:   263061440 kB
VmallocUsed:      104168 kB
VmallocChunk:          0 kB
Percpu:             7648 kB
CmaTotal:         294912 kB
CmaFree:               0 kB
MemTotal:       12113136 kB
MemFree:          446092 kB
MemAvailable:    7891576 kB
Buffers:            7196 kB
Cached:          7819216 kB
SwapCached:            0 kB
Active:          2130800 kB
Inactive:        6979268 kB
Active(anon):    1188636 kB
Inactive(anon):   134324 kB
Active(file):     942164 kB
Inactive(file):  6844944 kB
Unevictable:        5716 kB
Mlocked:            5716 kB
SwapTotal:       3145724 kB
SwapFree:        3145724 kB
Dirty:               560 kB
Writeback:             0 kB
AnonPages:       1289736 kB
Mapped:           772040 kB
Shmem:             34636 kB
KReclaimable:     527080 kB
Slab:             226672 kB
SReclaimable:      79580 kB
SUnreclaim:       147092 kB
KernelStack:       47168 kB
PageTables:        63528 kB
NFS_Unstable:          0 kB
Bounce:                0 kB
WritebackTmp:          0 kB
CommitLimit:     9202292 kB
Committed_AS:   67496596 kB
VmallocTotal:   263061440 kB
VmallocUsed:      104168 kB
VmallocChunk:          0 kB
Percpu:             7648 kB
CmaTotal:         294912 kB
CmaFree:               0 kB
MemTotal:       12113136 kB
MemFree:          444332 kB
MemAvailable:    7889852 kB
Buffers:            7196 kB
Cached:          7818992 kB
SwapCached:            0 kB
Active:          2131708 kB
Inactive:        6979300 kB
Active(anon):    1189540 kB
Inactive(anon):   134324 kB
Active(file):     942168 kB
Inactive(file):  6844976 kB
Unevictable:        5716 kB
Mlocked:            5716 kB
SwapTotal:       3145724 kB
SwapFree:        3145724 kB
Dirty:               608 kB
Writeback:             0 kB
AnonPages:       1290580 kB
Mapped:           772112 kB
Shmem:             34376 kB
KReclaimable:     527080 kB
Slab:             226672 kB
SReclaimable:      79580 kB
SUnreclaim:       147092 kB
KernelStack:       47220 kB
PageTables:        63588 kB
NFS_Unstable:          0 kB
Bounce:                0 kB
WritebackTmp:          0 kB
CommitLimit:     9202292 kB
Committed_AS:   67499684 kB
VmallocTotal:   263061440 kB
VmallocUsed:      104184 kB
VmallocChunk:          0 kB
Percpu:             7648 kB
CmaTotal:         294912 kB
CmaFree:               0 kB
MemTotal:       12113136 kB
MemFree:          462024 kB
MemAvailable:    7907540 kB
Buffers:            7196 kB
Cached:          7818988 kB
SwapCached:            0 kB
Active:          2113244 kB
Inactive:        6979300 kB
Active(anon):    1171080 kB
Inactive(anon):   134324 kB
Active(file):     942164 kB
Inactive(file):  6844976 kB
Unevictable:        5716 kB
Mlocked:            5716 kB
SwapTotal:       3145724 kB
SwapFree:        3145724 kB
Dirty:               192 kB
Writeback:             0 kB
AnonPages:       1271640 kB
Mapped:           772216 kB
Shmem:             34376 kB
KReclaimable:     527080 kB
Slab:             226656 kB
SReclaimable:      79580 kB
SUnreclaim:       147076 kB
KernelStack:       47232 kB
PageTables:        63788 kB
NFS_Unstable:          0 kB
Bounce:                0 kB
WritebackTmp:          0 kB
CommitLimit:     9202292 kB
Committed_AS:   67493992 kB
VmallocTotal:   263061440 kB
VmallocUsed:      104184 kB
VmallocChunk:          0 kB
Percpu:             7648 kB
CmaTotal:         294912 kB
CmaFree:               0 kB
MemTotal:       12113136 kB
MemFree:          461540 kB
MemAvailable:    7907072 kB
Buffers:            7196 kB
Cached:          7819004 kB
SwapCached:            0 kB
Active:          2112804 kB
Inactive:        6979316 kB
Active(anon):    1170640 kB
Inactive(anon):   134324 kB
Active(file):     942164 kB
Inactive(file):  6844992 kB
Unevictable:        5716 kB
Mlocked:            5716 kB
SwapTotal:       3145724 kB
SwapFree:        3145724 kB
Dirty:               260 kB
Writeback:             0 kB
AnonPages:       1271900 kB
Mapped:           772112 kB
Shmem:             34376 kB
KReclaimable:     527080 kB
Slab:             226672 kB
SReclaimable:      79580 kB
SUnreclaim:       147092 kB
KernelStack:       47220 kB
PageTables:        63576 kB
NFS_Unstable:          0 kB
Bounce:                0 kB
WritebackTmp:          0 kB
CommitLimit:     9202292 kB
Committed_AS:   67493816 kB
VmallocTotal:   263061440 kB
VmallocUsed:      104168 kB
VmallocChunk:          0 kB
Percpu:             7648 kB
CmaTotal:         294912 kB
CmaFree:              12 kB
MemTotal:       12113136 kB
MemFree:          461684 kB
MemAvailable:    7907224 kB
Buffers:            7196 kB
Cached:          7819016 kB
SwapCached:            0 kB
Active:          2113912 kB
Inactive:        6979324 kB
Active(anon):    1171748 kB
Inactive(anon):   134324 kB
Active(file):     942164 kB
Inactive(file):  6845000 kB
Unevictable:        5716 kB
Mlocked:            5716 kB
SwapTotal:       3145724 kB
SwapFree:        3145724 kB
Dirty:               280 kB
Writeback:             0 kB
AnonPages:       1272732 kB
Mapped:           772116 kB
Shmem:             34376 kB
KReclaimable:     527080 kB
Slab:             226672 kB
SReclaimable:      79580 kB
SUnreclaim:       147092 kB
KernelStack:       47172 kB
PageTables:        63596 kB
NFS_Unstable:          0 kB
Bounce:                0 kB
WritebackTmp:          0 kB
CommitLimit:     9202292 kB
Committed_AS:   67493596 kB
VmallocTotal:   263061440 kB
VmallocUsed:      104136 kB
VmallocChunk:          0 kB
Percpu:             7648 kB
CmaTotal:         294912 kB
CmaFree:               0 kB
MemTotal:       12113136 kB
MemFree:          461300 kB
MemAvailable:    7906852 kB
Buffers:            7196 kB
Cached:          7819028 kB
SwapCached:            0 kB
Active:          2113984 kB
Inactive:        6979344 kB
Active(anon):    1171824 kB
Inactive(anon):   134328 kB
Active(file):     942160 kB
Inactive(file):  6845016 kB
Unevictable:        5716 kB
Mlocked:            5716 kB
SwapTotal:       3145724 kB
SwapFree:        3145724 kB
Dirty:               328 kB
Writeback:             0 kB
AnonPages:       1272628 kB
Mapped:           772048 kB
Shmem:             34380 kB
KReclaimable:     527080 kB
Slab:             226672 kB
SReclaimable:      79580 kB
SUnreclaim:       147092 kB
KernelStack:       47172 kB
PageTables:        63512 kB
NFS_Unstable:          0 kB
Bounce:                0 kB
WritebackTmp:          0 kB
CommitLimit:     9202292 kB
Committed_AS:   67489360 kB
VmallocTotal:   263061440 kB
VmallocUsed:      104104 kB
VmallocChunk:          0 kB
Percpu:             7648 kB
CmaTotal:         294912 kB
CmaFree:               0 kB
MemTotal:       12113136 kB
MemFree:          460624 kB
MemAvailable:    7906196 kB
Buffers:            7196 kB
Cached:          7819048 kB
SwapCached:            0 kB
Active:          2115172 kB
Inactive:        6979360 kB
Active(anon):    1173008 kB
Inactive(anon):   134328 kB
Active(file):     942164 kB
Inactive(file):  6845032 kB
Unevictable:        5716 kB
Mlocked:            5716 kB
SwapTotal:       3145724 kB
SwapFree:        3145724 kB
Dirty:               348 kB
Writeback:             0 kB
AnonPages:       1273716 kB
Mapped:           771976 kB
Shmem:             34380 kB
KReclaimable:     527080 kB
Slab:             226672 kB
SReclaimable:      79580 kB
SUnreclaim:       147092 kB
KernelStack:       47040 kB
PageTables:        63604 kB
NFS_Unstable:          0 kB
Bounce:                0 kB
WritebackTmp:          0 kB
CommitLimit:     9202292 kB
Committed_AS:   67489256 kB
VmallocTotal:   263061440 kB
VmallocUsed:      104088 kB
VmallocChunk:          0 kB
Percpu:             7648 kB
CmaTotal:         294912 kB
CmaFree:               0 kB
MemTotal:       12113136 kB
MemFree:          459440 kB
MemAvailable:    7905024 kB
Buffers:            7196 kB
Cached:          7819060 kB
SwapCached:            0 kB
Active:          2115312 kB
Inactive:        6979372 kB
Active(anon):    1173148 kB
Inactive(anon):   134328 kB
Active(file):     942164 kB
Inactive(file):  6845044 kB
Unevictable:        5716 kB
Mlocked:            5716 kB
SwapTotal:       3145724 kB
SwapFree:        3145724 kB
Dirty:               492 kB
Writeback:             0 kB
AnonPages:       1273532 kB
Mapped:           772136 kB
Shmem:             34380 kB
KReclaimable:     527080 kB
Slab:             226672 kB
SReclaimable:      79580 kB
SUnreclaim:       147092 kB
KernelStack:       47088 kB
PageTables:        63784 kB
NFS_Unstable:          0 kB
Bounce:                0 kB
WritebackTmp:          0 kB
CommitLimit:     9202292 kB
Committed_AS:   67486004 kB
VmallocTotal:   263061440 kB
VmallocUsed:      104008 kB
VmallocChunk:          0 kB
Percpu:             7648 kB
CmaTotal:         294912 kB
CmaFree:               0 kB
MemTotal:       12113136 kB
MemFree:          459148 kB
MemAvailable:    7904748 kB
Buffers:            7196 kB
Cached:          7819076 kB
SwapCached:            0 kB
Active:          2116016 kB
Inactive:        6979388 kB
Active(anon):    1173852 kB
Inactive(anon):   134328 kB
Active(file):     942164 kB
Inactive(file):  6845060 kB
Unevictable:        5716 kB
Mlocked:            5716 kB
SwapTotal:       3145724 kB
SwapFree:        3145724 kB
Dirty:               516 kB
Writeback:             0 kB
AnonPages:       1274344 kB
Mapped:           772072 kB
Shmem:             34380 kB
KReclaimable:     527080 kB
Slab:             226672 kB
SReclaimable:      79580 kB
SUnreclaim:       147092 kB
KernelStack:       47076 kB
PageTables:        63584 kB
NFS_Unstable:          0 kB
Bounce:                0 kB
WritebackTmp:          0 kB
CommitLimit:     9202292 kB
Committed_AS:   67490964 kB
VmallocTotal:   263061440 kB
VmallocUsed:      104040 kB
VmallocChunk:          0 kB
Percpu:             7648 kB
CmaTotal:         294912 kB
CmaFree:               0 kB
MemTotal:       12113136 kB
MemFree:          471968 kB
MemAvailable:    7917576 kB
Buffers:            7196 kB
Cached:          7819084 kB
SwapCached:            0 kB
Active:          2102028 kB
Inactive:        6979396 kB
Active(anon):    1159864 kB
Inactive(anon):   134328 kB
Active(file):     942164 kB
Inactive(file):  6845068 kB
Unevictable:        5716 kB
Mlocked:            5716 kB
SwapTotal:       3145724 kB
SwapFree:        3145724 kB
Dirty:               524 kB
Writeback:             0 kB
AnonPages:       1261084 kB
Mapped:           772008 kB
Shmem:             34380 kB
KReclaimable:     527080 kB
Slab:             226672 kB
SReclaimable:      79580 kB
SUnreclaim:       147092 kB
KernelStack:       47108 kB
PageTables:        63968 kB
NFS_Unstable:          0 kB
Bounce:                0 kB
WritebackTmp:          0 kB
CommitLimit:     9202292 kB
Committed_AS:   67491360 kB
VmallocTotal:   263061440 kB
VmallocUsed:      104088 kB
VmallocChunk:          0 kB
Percpu:             7648 kB
CmaTotal:         294912 kB
CmaFree:              76 kB
MemTotal:       12113136 kB
MemFree:          470976 kB
MemAvailable:    7916588 kB
Buffers:            7196 kB
Cached:          7819088 kB
SwapCached:            0 kB
Active:          2102800 kB
Inactive:        6979400 kB
Active(anon):    1160636 kB
Inactive(anon):   134328 kB
Active(file):     942164 kB
Inactive(file):  6845072 kB
Unevictable:        5716 kB
Mlocked:            5716 kB
SwapTotal:       3145724 kB
SwapFree:        3145724 kB
Dirty:               540 kB
Writeback:             0 kB
AnonPages:       1261592 kB
Mapped:           771992 kB
Shmem:             34380 kB
KReclaimable:     527080 kB
Slab:             226672 kB
SReclaimable:      79580 kB
SUnreclaim:       147092 kB
KernelStack:       47088 kB
PageTables:        63856 kB
NFS_Unstable:          0 kB
Bounce:                0 kB
WritebackTmp:          0 kB
CommitLimit:     9202292 kB
Committed_AS:   67485820 kB
VmallocTotal:   263061440 kB
VmallocUsed:      104056 kB
VmallocChunk:          0 kB
Percpu:             7648 kB
CmaTotal:         294912 kB
CmaFree:               0 kB
MemTotal:       12113136 kB
MemFree:          470652 kB
MemAvailable:    7916272 kB
Buffers:            7196 kB
Cached:          7819096 kB
SwapCached:            0 kB
Active:          2103696 kB
Inactive:        6979408 kB
Active(anon):    1161532 kB
Inactive(anon):   134328 kB
Active(file):     942164 kB
Inactive(file):  6845080 kB
Unevictable:        5716 kB
Mlocked:            5716 kB
SwapTotal:       3145724 kB
SwapFree:        3145724 kB
Dirty:               548 kB
Writeback:             0 kB
AnonPages:       1262508 kB
Mapped:           772048 kB
Shmem:             34380 kB
KReclaimable:     527080 kB
Slab:             226672 kB
SReclaimable:      79580 kB
SUnreclaim:       147092 kB
KernelStack:       47040 kB
PageTables:        63552 kB
NFS_Unstable:          0 kB
Bounce:                0 kB
WritebackTmp:          0 kB
CommitLimit:     9202292 kB
Committed_AS:   67489884 kB
VmallocTotal:   263061440 kB
VmallocUsed:      104056 kB
VmallocChunk:          0 kB
Percpu:             7648 kB
CmaTotal:         294912 kB
CmaFree:               0 kB
MemTotal:       12113136 kB
MemFree:          470860 kB
MemAvailable:    7916504 kB
Buffers:            7200 kB
Cached:          7819116 kB
SwapCached:            0 kB
Active:          2104040 kB
Inactive:        6979432 kB
Active(anon):    1161876 kB
Inactive(anon):   134328 kB
Active(file):     942164 kB
Inactive(file):  6845104 kB
Unevictable:        5716 kB
Mlocked:            5716 kB
SwapTotal:       3145724 kB
SwapFree:        3145724 kB
Dirty:               572 kB
Writeback:             0 kB
AnonPages:       1263020 kB
Mapped:           772044 kB
Shmem:             34380 kB
KReclaimable:     527080 kB
Slab:             226672 kB
SReclaimable:      79580 kB
SUnreclaim:       147092 kB
KernelStack:       47092 kB
PageTables:        63500 kB
NFS_Unstable:          0 kB
Bounce:                0 kB
WritebackTmp:          0 kB
CommitLimit:     9202292 kB
Committed_AS:   67489620 kB
VmallocTotal:   263061440 kB
VmallocUsed:      104056 kB
VmallocChunk:          0 kB
Percpu:             7648 kB
CmaTotal:         294912 kB
CmaFree:               4 kB
MemTotal:       12113136 kB
MemFree:          469972 kB
MemAvailable:    7915652 kB
Buffers:            7200 kB
Cached:          7819152 kB
SwapCached:            0 kB
Active:          2104548 kB
Inactive:        6979464 kB
Active(anon):    1162380 kB
Inactive(anon):   134328 kB
Active(file):     942168 kB
Inactive(file):  6845136 kB
Unevictable:        5716 kB
Mlocked:            5716 kB
SwapTotal:       3145724 kB
SwapFree:        3145724 kB
Dirty:               552 kB
Writeback:             0 kB
AnonPages:       1263348 kB
Mapped:           772044 kB
Shmem:             34380 kB
KReclaimable:     527080 kB
Slab:             226672 kB
SReclaimable:      79580 kB
SUnreclaim:       147092 kB
KernelStack:       47076 kB
PageTables:        63864 kB
NFS_Unstable:          0 kB
Bounce:                0 kB
WritebackTmp:          0 kB
CommitLimit:     9202292 kB
Committed_AS:   67493244 kB
VmallocTotal:   263061440 kB
VmallocUsed:      104040 kB
VmallocChunk:          0 kB
Percpu:             7648 kB
CmaTotal:         294912 kB
CmaFree:               0 kB
MemTotal:       12113136 kB
MemFree:          470092 kB
MemAvailable:    7915780 kB
Buffers:            7200 kB
Cached:          7819160 kB
SwapCached:            0 kB
Active:          2104140 kB
Inactive:        6979476 kB
Active(anon):    1161976 kB
Inactive(anon):   134328 kB
Active(file):     942164 kB
Inactive(file):  6845148 kB
Unevictable:        5716 kB
Mlocked:            5716 kB
SwapTotal:       3145724 kB
SwapFree:        3145724 kB
Dirty:               580 kB
Writeback:             0 kB
AnonPages:       1262980 kB
Mapped:           772000 kB
Shmem:             34380 kB
KReclaimable:     527080 kB
Slab:             226672 kB
SReclaimable:      79580 kB
SUnreclaim:       147092 kB
KernelStack:       47072 kB
PageTables:        63632 kB
NFS_Unstable:          0 kB
Bounce:                0 kB
WritebackTmp:          0 kB
CommitLimit:     9202292 kB
Committed_AS:   67485476 kB
VmallocTotal:   263061440 kB
VmallocUsed:      104056 kB
VmallocChunk:          0 kB
Percpu:             7648 kB
CmaTotal:         294912 kB
CmaFree:               0 kB
MemTotal:       12113136 kB
MemFree:          474820 kB
MemAvailable:    7920528 kB
Buffers:            7200 kB
Cached:          7819180 kB
SwapCached:            0 kB
Active:          2099744 kB
Inactive:        6979492 kB
Active(anon):    1157576 kB
Inactive(anon):   134328 kB
Active(file):     942168 kB
Inactive(file):  6845164 kB
Unevictable:        5716 kB
Mlocked:            5716 kB
SwapTotal:       3145724 kB
SwapFree:        3145724 kB
Dirty:               596 kB
Writeback:             0 kB
AnonPages:       1258180 kB
Mapped:           772112 kB
Shmem:             34380 kB
KReclaimable:     527080 kB
Slab:             226672 kB
SReclaimable:      79580 kB
SUnreclaim:       147092 kB
KernelStack:       47072 kB
PageTables:        63664 kB
NFS_Unstable:          0 kB
Bounce:                0 kB
WritebackTmp:          0 kB
CommitLimit:     9202292 kB
Committed_AS:   67485008 kB
VmallocTotal:   263061440 kB
VmallocUsed:      104056 kB
VmallocChunk:          0 kB
Percpu:             7648 kB
CmaTotal:         294912 kB
CmaFree:             244 kB
MemTotal:       12113136 kB
MemFree:          474880 kB
MemAvailable:    7920600 kB
Buffers:            7200 kB
Cached:          7819192 kB
SwapCached:            0 kB
Active:          2098880 kB
Inactive:        6979504 kB
Active(anon):    1156712 kB
Inactive(anon):   134328 kB
Active(file):     942168 kB
Inactive(file):  6845176 kB
Unevictable:        5716 kB
Mlocked:            5716 kB
SwapTotal:       3145724 kB
SwapFree:        3145724 kB
Dirty:               620 kB
Writeback:             0 kB
AnonPages:       1257500 kB
Mapped:           771968 kB
Shmem:             34380 kB
KReclaimable:     527080 kB
Slab:             226672 kB
SReclaimable:      79580 kB
SUnreclaim:       147092 kB
KernelStack:       47008 kB
PageTables:        63484 kB
NFS_Unstable:          0 kB
Bounce:                0 kB
WritebackTmp:          0 kB
CommitLimit:     9202292 kB
Committed_AS:   67490424 kB
VmallocTotal:   263061440 kB
VmallocUsed:      104056 kB
VmallocChunk:          0 kB
Percpu:             7648 kB
CmaTotal:         294912 kB
CmaFree:               0 kB
MemTotal:       12113136 kB
MemFree:          433236 kB
MemAvailable:    7799196 kB
Buffers:            7200 kB
Cached:          7819200 kB
SwapCached:            0 kB
Active:          2141612 kB
Inactive:        6979512 kB
Active(anon):    1199444 kB
Inactive(anon):   134328 kB
Active(file):     942168 kB
Inactive(file):  6845184 kB
Unevictable:        5716 kB
Mlocked:            5716 kB
SwapTotal:       3145724 kB
SwapFree:        3145724 kB
Dirty:               208 kB
Writeback:             0 kB
AnonPages:       1300324 kB
Mapped:           772252 kB
Shmem:             34380 kB
KReclaimable:     412388 kB
Slab:             226736 kB
SReclaimable:      79580 kB
SUnreclaim:       147156 kB
KernelStack:       47296 kB
PageTables:        63816 kB
NFS_Unstable:          0 kB
Bounce:                0 kB
WritebackTmp:          0 kB
CommitLimit:     9202292 kB
Committed_AS:   67481080 kB
VmallocTotal:   263061440 kB
VmallocUsed:      104440 kB
VmallocChunk:          0 kB
Percpu:             7648 kB
CmaTotal:         294912 kB
CmaFree:               0 kB
MemTotal:       12113136 kB
MemFree:          460792 kB
MemAvailable:    7826748 kB
Buffers:            7200 kB
Cached:          7819212 kB
SwapCached:            0 kB
Active:          2114680 kB
Inactive:        6979524 kB
Active(anon):    1172512 kB
Inactive(anon):   134328 kB
Active(file):     942168 kB
Inactive(file):  6845196 kB
Unevictable:        5716 kB
Mlocked:            5716 kB
SwapTotal:       3145724 kB
SwapFree:        3145724 kB
Dirty:               256 kB
Writeback:             0 kB
AnonPages:       1273708 kB
Mapped:           772144 kB
Shmem:             34380 kB
KReclaimable:     412360 kB
Slab:             226800 kB
SReclaimable:      79580 kB
SUnreclaim:       147220 kB
KernelStack:       47344 kB
PageTables:        63896 kB
NFS_Unstable:          0 kB
Bounce:                0 kB
WritebackTmp:          0 kB
CommitLimit:     9202292 kB
Committed_AS:   67491396 kB
VmallocTotal:   263061440 kB
VmallocUsed:      104504 kB
VmallocChunk:          0 kB
Percpu:             7648 kB
CmaTotal:         294912 kB
CmaFree:               0 kB
MemTotal:       12113136 kB
MemFree:          479820 kB
MemAvailable:    7905708 kB
Buffers:            7200 kB
Cached:          7819224 kB
SwapCached:            0 kB
Active:          2093368 kB
Inactive:        6979536 kB
Active(anon):    1151200 kB
Inactive(anon):   134332 kB
Active(file):     942168 kB
Inactive(file):  6845204 kB
Unevictable:        5716 kB
Mlocked:            5716 kB
SwapTotal:       3145724 kB
SwapFree:        3145724 kB
Dirty:               364 kB
Writeback:             0 kB
AnonPages:       1252108 kB
Mapped:           771920 kB
Shmem:             34384 kB
KReclaimable:     507220 kB
Slab:             226672 kB
SReclaimable:      79580 kB
SUnreclaim:       147092 kB
KernelStack:       47232 kB
PageTables:        63712 kB
NFS_Unstable:          0 kB
Bounce:                0 kB
WritebackTmp:          0 kB
CommitLimit:     9202292 kB
Committed_AS:   67491136 kB
VmallocTotal:   263061440 kB
VmallocUsed:      104280 kB
VmallocChunk:          0 kB
Percpu:             7648 kB
CmaTotal:         294912 kB
CmaFree:              32 kB
MemTotal:       12113136 kB
MemFree:          480044 kB
MemAvailable:    7906004 kB
Buffers:            7200 kB
Cached:          7819244 kB
SwapCached:            0 kB
Active:          2094488 kB
Inactive:        6979548 kB
Active(anon):    1152320 kB
Inactive(anon):   134332 kB
Active(file):     942168 kB
Inactive(file):  6845216 kB
Unevictable:        5716 kB
Mlocked:            5716 kB
SwapTotal:       3145724 kB
SwapFree:        3145724 kB
Dirty:               388 kB
Writeback:             0 kB
AnonPages:       1253076 kB
Mapped:           771996 kB
Shmem:             34384 kB
KReclaimable:     507280 kB
Slab:             226652 kB
SReclaimable:      79580 kB
SUnreclaim:       147072 kB
KernelStack:       47248 kB
PageTables:        63756 kB
NFS_Unstable:          0 kB
Bounce:                0 kB
WritebackTmp:          0 kB
CommitLimit:     9202292 kB
Committed_AS:   67490644 kB
VmallocTotal:   263061440 kB
VmallocUsed:      104248 kB
VmallocChunk:          0 kB
Percpu:             7648 kB
CmaTotal:         294912 kB
CmaFree:               0 kB
MemTotal:       12113136 kB
MemFree:          479428 kB
MemAvailable:    7905404 kB
Buffers:            7200 kB
Cached:          7819256 kB
SwapCached:            0 kB
Active:          2094896 kB
Inactive:        6979568 kB
Active(anon):    1152728 kB
Inactive(anon):   134332 kB
Active(file):     942168 kB
Inactive(file):  6845236 kB
Unevictable:        5716 kB
Mlocked:            5716 kB
SwapTotal:       3145724 kB
SwapFree:        3145724 kB
Dirty:               420 kB
Writeback:             0 kB
AnonPages:       1253852 kB
Mapped:           772100 kB
Shmem:             34384 kB
KReclaimable:     507276 kB
Slab:             226664 kB
SReclaimable:      79576 kB
SUnreclaim:       147088 kB
KernelStack:       47296 kB
PageTables:        63592 kB
NFS_Unstable:          0 kB
Bounce:                0 kB
WritebackTmp:          0 kB
CommitLimit:     9202292 kB
Committed_AS:   67482736 kB
VmallocTotal:   263061440 kB
VmallocUsed:      104232 kB
VmallocChunk:          0 kB
Percpu:             7648 kB
CmaTotal:         294912 kB
CmaFree:               0 kB
MemTotal:       12113136 kB
MemFree:          480796 kB
MemAvailable:    7906812 kB
Buffers:            7200 kB
Cached:          7819264 kB
SwapCached:            0 kB
Active:          2094036 kB
Inactive:        6979576 kB
Active(anon):    1151868 kB
Inactive(anon):   134332 kB
Active(file):     942168 kB
Inactive(file):  6845244 kB
Unevictable:        5716 kB
Mlocked:            5716 kB
SwapTotal:       3145724 kB
SwapFree:        3145724 kB
Dirty:               432 kB
Writeback:             0 kB
AnonPages:       1252872 kB
Mapped:           772048 kB
Shmem:             34384 kB
KReclaimable:     507276 kB
Slab:             226640 kB
SReclaimable:      79576 kB
SUnreclaim:       147064 kB
KernelStack:       47248 kB
PageTables:        63564 kB
NFS_Unstable:          0 kB
Bounce:                0 kB
WritebackTmp:          0 kB
CommitLimit:     9202292 kB
Committed_AS:   67490768 kB
VmallocTotal:   263061440 kB
VmallocUsed:      104280 kB
VmallocChunk:          0 kB
Percpu:             7648 kB
CmaTotal:         294912 kB
CmaFree:               0 kB
MemTotal:       12113136 kB
MemFree:          481708 kB
MemAvailable:    7926744 kB
Buffers:            7200 kB
Cached:          7819284 kB
SwapCached:            0 kB
Active:          2092344 kB
Inactive:        6979596 kB
Active(anon):    1150176 kB
Inactive(anon):   134332 kB
Active(file):     942168 kB
Inactive(file):  6845264 kB
Unevictable:        5716 kB
Mlocked:            5716 kB
SwapTotal:       3145724 kB
SwapFree:        3145724 kB
Dirty:               272 kB
Writeback:             0 kB
AnonPages:       1251076 kB
Mapped:           771996 kB
Shmem:             34384 kB
KReclaimable:     526308 kB
Slab:             226704 kB
SReclaimable:      79576 kB
SUnreclaim:       147128 kB
KernelStack:       47056 kB
PageTables:        63668 kB
NFS_Unstable:          0 kB
Bounce:                0 kB
WritebackTmp:          0 kB
CommitLimit:     9202292 kB
Committed_AS:   67485876 kB
VmallocTotal:   263061440 kB
VmallocUsed:      104040 kB
VmallocChunk:          0 kB
Percpu:             7648 kB
CmaTotal:         294912 kB
CmaFree:              32 kB
MemTotal:       12113136 kB
MemFree:          483980 kB
MemAvailable:    7929024 kB
Buffers:            7200 kB
Cached:          7819292 kB
SwapCached:            0 kB
Active:          2089300 kB
Inactive:        6979604 kB
Active(anon):    1147132 kB
Inactive(anon):   134332 kB
Active(file):     942168 kB
Inactive(file):  6845272 kB
Unevictable:        5716 kB
Mlocked:            5716 kB
SwapTotal:       3145724 kB
SwapFree:        3145724 kB
Dirty:               284 kB
Writeback:             0 kB
AnonPages:       1248100 kB
Mapped:           771976 kB
Shmem:             34384 kB
KReclaimable:     526308 kB
Slab:             226696 kB
SReclaimable:      79576 kB
SUnreclaim:       147120 kB
KernelStack:       47060 kB
PageTables:        63592 kB
NFS_Unstable:          0 kB
Bounce:                0 kB
WritebackTmp:          0 kB
CommitLimit:     9202292 kB
Committed_AS:   67490128 kB
VmallocTotal:   263061440 kB
VmallocUsed:      104056 kB
VmallocChunk:          0 kB
Percpu:             7648 kB
CmaTotal:         294912 kB
CmaFree:             172 kB
MemTotal:       12113136 kB
MemFree:          485044 kB
MemAvailable:    7930100 kB
Buffers:            7200 kB
Cached:          7819304 kB
SwapCached:            0 kB
Active:          2089300 kB
Inactive:        6979616 kB
Active(anon):    1147132 kB
Inactive(anon):   134332 kB
Active(file):     942168 kB
Inactive(file):  6845284 kB
Unevictable:        5716 kB
Mlocked:            5716 kB
SwapTotal:       3145724 kB
SwapFree:        3145724 kB
Dirty:               324 kB
Writeback:             0 kB
AnonPages:       1248020 kB
Mapped:           772124 kB
Shmem:             34384 kB
KReclaimable:     526308 kB
Slab:             226712 kB
SReclaimable:      79576 kB
SUnreclaim:       147136 kB
KernelStack:       47060 kB
PageTables:        63928 kB
NFS_Unstable:          0 kB
Bounce:                0 kB
WritebackTmp:          0 kB
CommitLimit:     9202292 kB
Committed_AS:   67485340 kB
VmallocTotal:   263061440 kB
VmallocUsed:      104056 kB
VmallocChunk:          0 kB
Percpu:             7648 kB
CmaTotal:         294912 kB
CmaFree:               0 kB
MemTotal:       12113136 kB
MemFree:          484076 kB
MemAvailable:    7929136 kB
Buffers:            7200 kB
Cached:          7819308 kB
SwapCached:            0 kB
Active:          2088968 kB
Inactive:        6979620 kB
Active(anon):    1146800 kB
Inactive(anon):   134332 kB
Active(file):     942168 kB
Inactive(file):  6845288 kB
Unevictable:        5716 kB
Mlocked:            5716 kB
SwapTotal:       3145724 kB
SwapFree:        3145724 kB
Dirty:               344 kB
Writeback:             0 kB
AnonPages:       1247428 kB
Mapped:           772220 kB
Shmem:             34384 kB
KReclaimable:     526308 kB
Slab:             226672 kB
SReclaimable:      79576 kB
SUnreclaim:       147096 kB
KernelStack:       47104 kB
PageTables:        63784 kB
NFS_Unstable:          0 kB
Bounce:                0 kB
WritebackTmp:          0 kB
CommitLimit:     9202292 kB
Committed_AS:   67484964 kB
VmallocTotal:   263061440 kB
VmallocUsed:      104040 kB
VmallocChunk:          0 kB
Percpu:             7648 kB
CmaTotal:         294912 kB
CmaFree:               0 kB
MemTotal:       12113136 kB
MemFree:          484060 kB
MemAvailable:    7929144 kB
Buffers:            7204 kB
Cached:          7819328 kB
SwapCached:            0 kB
Active:          2089472 kB
Inactive:        6979640 kB
Active(anon):    1147300 kB
Inactive(anon):   134332 kB
Active(file):     942172 kB
Inactive(file):  6845308 kB
Unevictable:        5716 kB
Mlocked:            5716 kB
SwapTotal:       3145724 kB
SwapFree:        3145724 kB
Dirty:               400 kB
Writeback:             0 kB
AnonPages:       1248500 kB
Mapped:           772048 kB
Shmem:             34384 kB
KReclaimable:     526308 kB
Slab:             226704 kB
SReclaimable:      79576 kB
SUnreclaim:       147128 kB
KernelStack:       47008 kB
PageTables:        63520 kB
NFS_Unstable:          0 kB
Bounce:                0 kB
WritebackTmp:          0 kB
CommitLimit:     9202292 kB
Committed_AS:   67484520 kB
VmallocTotal:   263061440 kB
VmallocUsed:      104040 kB
VmallocChunk:          0 kB
Percpu:             7648 kB
CmaTotal:         294912 kB
CmaFree:               0 kB
MemTotal:       12113136 kB
MemFree:          483928 kB
MemAvailable:    7929060 kB
Buffers:            7204 kB
Cached:          7819376 kB
SwapCached:            0 kB
Active:          2089612 kB
Inactive:        6979684 kB
Active(anon):    1147436 kB
Inactive(anon):   134332 kB
Active(file):     942176 kB
Inactive(file):  6845352 kB
Unevictable:        5716 kB
Mlocked:            5716 kB
SwapTotal:       3145724 kB
SwapFree:        3145724 kB
Dirty:               264 kB
Writeback:             0 kB
AnonPages:       1248272 kB
Mapped:           772048 kB
Shmem:             34384 kB
KReclaimable:     526308 kB
Slab:             226680 kB
SReclaimable:      79576 kB
SUnreclaim:       147104 kB
KernelStack:       47040 kB
PageTables:        63596 kB
NFS_Unstable:          0 kB
Bounce:                0 kB
WritebackTmp:          0 kB
CommitLimit:     9202292 kB
Committed_AS:   67490212 kB
VmallocTotal:   263061440 kB
VmallocUsed:      104056 kB
VmallocChunk:          0 kB
Percpu:             7648 kB
CmaTotal:         294912 kB
CmaFree:               0 kB
MemTotal:       12113136 kB
MemFree:          466248 kB
MemAvailable:    7911372 kB
Buffers:            7204 kB
Cached:          7819368 kB
SwapCached:            0 kB
Active:          2109904 kB
Inactive:        6979680 kB
Active(anon):    1167732 kB
Inactive(anon):   134332 kB
Active(file):     942172 kB
Inactive(file):  6845348 kB
Unevictable:        5716 kB
Mlocked:            5716 kB
SwapTotal:       3145724 kB
SwapFree:        3145724 kB
Dirty:               312 kB
Writeback:             0 kB
AnonPages:       1268828 kB
Mapped:           772052 kB
Shmem:             34384 kB
KReclaimable:     526308 kB
Slab:             226624 kB
SReclaimable:      79576 kB
SUnreclaim:       147048 kB
KernelStack:       47028 kB
PageTables:        63520 kB
NFS_Unstable:          0 kB
Bounce:                0 kB
WritebackTmp:          0 kB
CommitLimit:     9202292 kB
Committed_AS:   67490080 kB
VmallocTotal:   263061440 kB
VmallocUsed:      104024 kB
VmallocChunk:          0 kB
Percpu:             7648 kB
CmaTotal:         294912 kB
CmaFree:               0 kB
MemTotal:       12113136 kB
MemFree:          447768 kB
MemAvailable:    7892908 kB
Buffers:            7204 kB
Cached:          7819384 kB
SwapCached:            0 kB
Active:          2126036 kB
Inactive:        6979696 kB
Active(anon):    1183864 kB
Inactive(anon):   134332 kB
Active(file):     942172 kB
Inactive(file):  6845364 kB
Unevictable:        5716 kB
Mlocked:            5716 kB
SwapTotal:       3145724 kB
SwapFree:        3145724 kB
Dirty:               328 kB
Writeback:             0 kB
AnonPages:       1285116 kB
Mapped:           772080 kB
Shmem:             34384 kB
KReclaimable:     526308 kB
Slab:             226664 kB
SReclaimable:      79576 kB
SUnreclaim:       147088 kB
KernelStack:       46976 kB
PageTables:        63640 kB
NFS_Unstable:          0 kB
Bounce:                0 kB
WritebackTmp:          0 kB
CommitLimit:     9202292 kB
Committed_AS:   67494184 kB
VmallocTotal:   263061440 kB
VmallocUsed:      103992 kB
VmallocChunk:          0 kB
Percpu:             7648 kB
CmaTotal:         294912 kB
CmaFree:               0 kB
MemTotal:       12113136 kB
MemFree:          464648 kB
MemAvailable:    7909792 kB
Buffers:            7204 kB
Cached:          7819388 kB
SwapCached:            0 kB
Active:          2108460 kB
Inactive:        6979700 kB
Active(anon):    1166288 kB
Inactive(anon):   134332 kB
Active(file):     942172 kB
Inactive(file):  6845368 kB
Unevictable:        5716 kB
Mlocked:            5716 kB
SwapTotal:       3145724 kB
SwapFree:        3145724 kB
Dirty:               332 kB
Writeback:             0 kB
AnonPages:       1266884 kB
Mapped:           772116 kB
Shmem:             34384 kB
KReclaimable:     526308 kB
Slab:             226656 kB
SReclaimable:      79576 kB
SUnreclaim:       147080 kB
KernelStack:       46980 kB
PageTables:        63912 kB
NFS_Unstable:          0 kB
Bounce:                0 kB
WritebackTmp:          0 kB
CommitLimit:     9202292 kB
Committed_AS:   67486672 kB
VmallocTotal:   263061440 kB
VmallocUsed:      103960 kB
VmallocChunk:          0 kB
Percpu:             7648 kB
CmaTotal:         294912 kB
CmaFree:               0 kB
MemTotal:       12113136 kB
MemFree:          450924 kB
MemAvailable:    7896088 kB
Buffers:            7204 kB
Cached:          7819408 kB
SwapCached:            0 kB
Active:          2124272 kB
Inactive:        6979720 kB
Active(anon):    1182100 kB
Inactive(anon):   134332 kB
Active(file):     942172 kB
Inactive(file):  6845388 kB
Unevictable:        5716 kB
Mlocked:            5716 kB
SwapTotal:       3145724 kB
SwapFree:        3145724 kB
Dirty:               372 kB
Writeback:             0 kB
AnonPages:       1282972 kB
Mapped:           772116 kB
Shmem:             34384 kB
KReclaimable:     526308 kB
Slab:             226664 kB
SReclaimable:      79576 kB
SUnreclaim:       147088 kB
KernelStack:       46960 kB
PageTables:        63688 kB
NFS_Unstable:          0 kB
Bounce:                0 kB
WritebackTmp:          0 kB
CommitLimit:     9202292 kB
Committed_AS:   67501280 kB
VmallocTotal:   263061440 kB
VmallocUsed:      103944 kB
VmallocChunk:          0 kB
Percpu:             7648 kB
CmaTotal:         294912 kB
CmaFree:               4 kB
MemTotal:       12113136 kB
MemFree:          449660 kB
MemAvailable:    7894832 kB
Buffers:            7204 kB
Cached:          7819416 kB
SwapCached:            0 kB
Active:          2125208 kB
Inactive:        6979728 kB
Active(anon):    1183036 kB
Inactive(anon):   134332 kB
Active(file):     942172 kB
Inactive(file):  6845396 kB
Unevictable:        5716 kB
Mlocked:            5716 kB
SwapTotal:       3145724 kB
SwapFree:        3145724 kB
Dirty:               380 kB
Writeback:             0 kB
AnonPages:       1283440 kB
Mapped:           772044 kB
Shmem:             34384 kB
KReclaimable:     526308 kB
Slab:             226648 kB
SReclaimable:      79576 kB
SUnreclaim:       147072 kB
KernelStack:       47028 kB
PageTables:        63548 kB
NFS_Unstable:          0 kB
Bounce:                0 kB
WritebackTmp:          0 kB
CommitLimit:     9202292 kB
Committed_AS:   67505416 kB
VmallocTotal:   263061440 kB
VmallocUsed:      103976 kB
VmallocChunk:          0 kB
Percpu:             7648 kB
CmaTotal:         294912 kB
CmaFree:               0 kB
MemTotal:       12113136 kB
MemFree:          449748 kB
MemAvailable:    7894940 kB
Buffers:            7204 kB
Cached:          7819436 kB
SwapCached:            0 kB
Active:          2125104 kB
Inactive:        6979748 kB
Active(anon):    1182932 kB
Inactive(anon):   134332 kB
Active(file):     942172 kB
Inactive(file):  6845416 kB
Unevictable:        5716 kB
Mlocked:            5716 kB
SwapTotal:       3145724 kB
SwapFree:        3145724 kB
Dirty:               416 kB
Writeback:             0 kB
AnonPages:       1284172 kB
Mapped:           772048 kB
Shmem:             34384 kB
KReclaimable:     526308 kB
Slab:             226664 kB
SReclaimable:      79576 kB
SUnreclaim:       147088 kB
KernelStack:       46944 kB
PageTables:        63616 kB
NFS_Unstable:          0 kB
Bounce:                0 kB
WritebackTmp:          0 kB
CommitLimit:     9202292 kB
Committed_AS:   67495084 kB
VmallocTotal:   263061440 kB
VmallocUsed:      103944 kB
VmallocChunk:          0 kB
Percpu:             7648 kB
CmaTotal:         294912 kB
CmaFree:               0 kB
MemTotal:       12113136 kB
MemFree:          448580 kB
MemAvailable:    7893792 kB
Buffers:            7204 kB
Cached:          7819456 kB
SwapCached:            0 kB
Active:          2126012 kB
Inactive:        6979764 kB
Active(anon):    1183836 kB
Inactive(anon):   134332 kB
Active(file):     942176 kB
Inactive(file):  6845432 kB
Unevictable:        5716 kB
Mlocked:            5716 kB
SwapTotal:       3145724 kB
SwapFree:        3145724 kB
Dirty:               436 kB
Writeback:             0 kB
AnonPages:       1284992 kB
Mapped:           772120 kB
Shmem:             34384 kB
KReclaimable:     526308 kB
Slab:             226664 kB
SReclaimable:      79576 kB
SUnreclaim:       147088 kB
KernelStack:       47012 kB
PageTables:        63536 kB
NFS_Unstable:          0 kB
Bounce:                0 kB
WritebackTmp:          0 kB
CommitLimit:     9202292 kB
Committed_AS:   67495076 kB
VmallocTotal:   263061440 kB
VmallocUsed:      103912 kB
VmallocChunk:          0 kB
Percpu:             7648 kB
CmaTotal:         294912 kB
CmaFree:               0 kB
MemTotal:       12113136 kB
MemFree:          446600 kB
MemAvailable:    7891804 kB
Buffers:            7204 kB
Cached:          7819448 kB
SwapCached:            0 kB
Active:          2126908 kB
Inactive:        6979760 kB
Active(anon):    1184736 kB
Inactive(anon):   134332 kB
Active(file):     942172 kB
Inactive(file):  6845428 kB
Unevictable:        5716 kB
Mlocked:            5716 kB
SwapTotal:       3145724 kB
SwapFree:        3145724 kB
Dirty:               432 kB
Writeback:            20 kB
AnonPages:       1285704 kB
Mapped:           772196 kB
Shmem:             34384 kB
KReclaimable:     526308 kB
Slab:             226664 kB
SReclaimable:      79576 kB
SUnreclaim:       147088 kB
KernelStack:       46912 kB
PageTables:        63636 kB
NFS_Unstable:          0 kB
Bounce:                0 kB
WritebackTmp:          0 kB
CommitLimit:     9202292 kB
Committed_AS:   67494936 kB
VmallocTotal:   263061440 kB
VmallocUsed:      103960 kB
VmallocChunk:          0 kB
Percpu:             7648 kB
CmaTotal:         294912 kB
CmaFree:               0 kB
MemTotal:       12113136 kB
MemFree:          446948 kB
MemAvailable:    7892180 kB
Buffers:            7204 kB
Cached:          7819476 kB
SwapCached:            0 kB
Active:          2127888 kB
Inactive:        6979788 kB
Active(anon):    1185716 kB
Inactive(anon):   134332 kB
Active(file):     942172 kB
Inactive(file):  6845456 kB
Unevictable:        5716 kB
Mlocked:            5716 kB
SwapTotal:       3145724 kB
SwapFree:        3145724 kB
Dirty:               240 kB
Writeback:             0 kB
AnonPages:       1286476 kB
Mapped:           772148 kB
Shmem:             34384 kB
KReclaimable:     526308 kB
Slab:             226664 kB
SReclaimable:      79576 kB
SUnreclaim:       147088 kB
KernelStack:       46928 kB
PageTables:        63628 kB
NFS_Unstable:          0 kB
Bounce:                0 kB
WritebackTmp:          0 kB
CommitLimit:     9202292 kB
Committed_AS:   67494444 kB
VmallocTotal:   263061440 kB
VmallocUsed:      103944 kB
VmallocChunk:          0 kB
Percpu:             7648 kB
CmaTotal:         294912 kB
CmaFree:               0 kB
MemTotal:       12113136 kB
MemFree:          468628 kB
MemAvailable:    7913900 kB
Buffers:            7204 kB
Cached:          7819516 kB
SwapCached:            0 kB
Active:          2104580 kB
Inactive:        6979820 kB
Active(anon):    1162400 kB
Inactive(anon):   134332 kB
Active(file):     942180 kB
Inactive(file):  6845488 kB
Unevictable:        5716 kB
Mlocked:            5716 kB
SwapTotal:       3145724 kB
SwapFree:        3145724 kB
Dirty:               324 kB
Writeback:             0 kB
AnonPages:       1263600 kB
Mapped:           772044 kB
Shmem:             34384 kB
KReclaimable:     526308 kB
Slab:             226664 kB
SReclaimable:      79576 kB
SUnreclaim:       147088 kB
KernelStack:       46912 kB
PageTables:        63552 kB
NFS_Unstable:          0 kB
Bounce:                0 kB
WritebackTmp:          0 kB
CommitLimit:     9202292 kB
Committed_AS:   67494904 kB
VmallocTotal:   263061440 kB
VmallocUsed:      103944 kB
VmallocChunk:          0 kB
Percpu:             7648 kB
CmaTotal:         294912 kB
CmaFree:               0 kB
MemTotal:       12113136 kB
MemFree:          468588 kB
MemAvailable:    7913840 kB
Buffers:            7204 kB
Cached:          7819496 kB
SwapCached:            0 kB
Active:          2104764 kB
Inactive:        6979808 kB
Active(anon):    1162592 kB
Inactive(anon):   134332 kB
Active(file):     942172 kB
Inactive(file):  6845476 kB
Unevictable:        5716 kB
Mlocked:            5716 kB
SwapTotal:       3145724 kB
SwapFree:        3145724 kB
Dirty:               320 kB
Writeback:             0 kB
AnonPages:       1263700 kB
Mapped:           772044 kB
Shmem:             34384 kB
KReclaimable:     526308 kB
Slab:             226664 kB
SReclaimable:      79576 kB
SUnreclaim:       147088 kB
KernelStack:       46948 kB
PageTables:        63892 kB
NFS_Unstable:          0 kB
Bounce:                0 kB
WritebackTmp:          0 kB
CommitLimit:     9202292 kB
Committed_AS:   67494772 kB
VmallocTotal:   263061440 kB
VmallocUsed:      103976 kB
VmallocChunk:          0 kB
Percpu:             7648 kB
CmaTotal:         294912 kB
CmaFree:               0 kB
MemTotal:       12113136 kB
MemFree:          468340 kB
MemAvailable:    7913604 kB
Buffers:            7204 kB
Cached:          7819508 kB
SwapCached:            0 kB
Active:          2105728 kB
Inactive:        6979820 kB
Active(anon):    1163556 kB
Inactive(anon):   134332 kB
Active(file):     942172 kB
Inactive(file):  6845488 kB
Unevictable:        5716 kB
Mlocked:            5716 kB
SwapTotal:       3145724 kB
SwapFree:        3145724 kB
Dirty:               344 kB
Writeback:             0 kB
AnonPages:       1264356 kB
Mapped:           771900 kB
Shmem:             34384 kB
KReclaimable:     526308 kB
Slab:             226664 kB
SReclaimable:      79576 kB
SUnreclaim:       147088 kB
KernelStack:       46928 kB
PageTables:        63608 kB
NFS_Unstable:          0 kB
Bounce:                0 kB
WritebackTmp:          0 kB
CommitLimit:     9202292 kB
Committed_AS:   67494728 kB
VmallocTotal:   263061440 kB
VmallocUsed:      103944 kB
VmallocChunk:          0 kB
Percpu:             7648 kB
CmaTotal:         294912 kB
CmaFree:               0 kB
MemTotal:       12113136 kB
MemFree:          467580 kB
MemAvailable:    7912868 kB
Buffers:            7204 kB
Cached:          7819532 kB
SwapCached:            0 kB
Active:          2106536 kB
Inactive:        6979840 kB
Active(anon):    1164360 kB
Inactive(anon):   134332 kB
Active(file):     942176 kB
Inactive(file):  6845508 kB
Unevictable:        5716 kB
Mlocked:            5716 kB
SwapTotal:       3145724 kB
SwapFree:        3145724 kB
Dirty:               380 kB
Writeback:             0 kB
AnonPages:       1265276 kB
Mapped:           771996 kB
Shmem:             34384 kB
KReclaimable:     526308 kB
Slab:             226664 kB
SReclaimable:      79576 kB
SUnreclaim:       147088 kB
KernelStack:       46928 kB
PageTables:        63672 kB
NFS_Unstable:          0 kB
Bounce:                0 kB
WritebackTmp:          0 kB
CommitLimit:     9202292 kB
Committed_AS:   67494772 kB
VmallocTotal:   263061440 kB
VmallocUsed:      103928 kB
VmallocChunk:          0 kB
Percpu:             7648 kB
CmaTotal:         294912 kB
CmaFree:               0 kB
MemTotal:       12113136 kB
MemFree:          466764 kB
MemAvailable:    7912068 kB
Buffers:            7212 kB
Cached:          7819540 kB
SwapCached:            0 kB
Active:          2106868 kB
Inactive:        6979860 kB
Active(anon):    1164696 kB
Inactive(anon):   134332 kB
Active(file):     942172 kB
Inactive(file):  6845528 kB
Unevictable:        5716 kB
Mlocked:            5716 kB
SwapTotal:       3145724 kB
SwapFree:        3145724 kB
Dirty:               368 kB
Writeback:             0 kB
AnonPages:       1266124 kB
Mapped:           771920 kB
Shmem:             34384 kB
KReclaimable:     526308 kB
Slab:             226664 kB
SReclaimable:      79576 kB
SUnreclaim:       147088 kB
KernelStack:       46960 kB
PageTables:        63692 kB
NFS_Unstable:          0 kB
Bounce:                0 kB
WritebackTmp:          0 kB
CommitLimit:     9202292 kB
Committed_AS:   67495040 kB
VmallocTotal:   263061440 kB
VmallocUsed:      103928 kB
VmallocChunk:          0 kB
Percpu:             7648 kB
CmaTotal:         294912 kB
CmaFree:               0 kB
MemTotal:       12113136 kB
MemFree:          466352 kB
MemAvailable:    7911680 kB
Buffers:            7212 kB
Cached:          7819564 kB
SwapCached:            0 kB
Active:          2108144 kB
Inactive:        6979876 kB
Active(anon):    1165964 kB
Inactive(anon):   134332 kB
Active(file):     942180 kB
Inactive(file):  6845544 kB
Unevictable:        5716 kB
Mlocked:            5716 kB
SwapTotal:       3145724 kB
SwapFree:        3145724 kB
Dirty:               388 kB
Writeback:             0 kB
AnonPages:       1266896 kB
Mapped:           772192 kB
Shmem:             34384 kB
KReclaimable:     526308 kB
Slab:             226664 kB
SReclaimable:      79576 kB
SUnreclaim:       147088 kB
KernelStack:       46964 kB
PageTables:        64020 kB
NFS_Unstable:          0 kB
Bounce:                0 kB
WritebackTmp:          0 kB
CommitLimit:     9202292 kB
Committed_AS:   67494996 kB
VmallocTotal:   263061440 kB
VmallocUsed:      103912 kB
VmallocChunk:          0 kB
Percpu:             7648 kB
CmaTotal:         294912 kB
CmaFree:               0 kB
MemTotal:       12113136 kB
MemFree:          465984 kB
MemAvailable:    7911300 kB
Buffers:            7212 kB
Cached:          7819552 kB
SwapCached:            0 kB
Active:          2107864 kB
Inactive:        6979872 kB
Active(anon):    1165692 kB
Inactive(anon):   134332 kB
Active(file):     942172 kB
Inactive(file):  6845540 kB
Unevictable:        5716 kB
Mlocked:            5716 kB
SwapTotal:       3145724 kB
SwapFree:        3145724 kB
Dirty:               392 kB
Writeback:             0 kB
AnonPages:       1267064 kB
Mapped:           771980 kB
Shmem:             34384 kB
KReclaimable:     526308 kB
Slab:             226664 kB
SReclaimable:      79576 kB
SUnreclaim:       147088 kB
KernelStack:       46964 kB
PageTables:        63840 kB
NFS_Unstable:          0 kB
Bounce:                0 kB
WritebackTmp:          0 kB
CommitLimit:     9202292 kB
Committed_AS:   67495076 kB
VmallocTotal:   263061440 kB
VmallocUsed:      103928 kB
VmallocChunk:          0 kB
Percpu:             7648 kB
CmaTotal:         294912 kB
CmaFree:               0 kB
MemTotal:       12113136 kB
MemFree:          479688 kB
MemAvailable:    7925032 kB
Buffers:            7212 kB
Cached:          7819580 kB
SwapCached:            0 kB
Active:          2093132 kB
Inactive:        6979900 kB
Active(anon):    1150960 kB
Inactive(anon):   134332 kB
Active(file):     942172 kB
Inactive(file):  6845568 kB
Unevictable:        5716 kB
Mlocked:            5716 kB
SwapTotal:       3145724 kB
SwapFree:        3145724 kB
Dirty:               404 kB
Writeback:             0 kB
AnonPages:       1251740 kB
Mapped:           772060 kB
Shmem:             34384 kB
KReclaimable:     526308 kB
Slab:             226656 kB
SReclaimable:      79576 kB
SUnreclaim:       147080 kB
KernelStack:       46976 kB
PageTables:        63804 kB
NFS_Unstable:          0 kB
Bounce:                0 kB
WritebackTmp:          0 kB
CommitLimit:     9202292 kB
Committed_AS:   67495160 kB
VmallocTotal:   263061440 kB
VmallocUsed:      103912 kB
VmallocChunk:          0 kB
Percpu:             7648 kB
CmaTotal:         294912 kB
CmaFree:             420 kB
MemTotal:       12113136 kB
MemFree:          479292 kB
MemAvailable:    7924664 kB
Buffers:            7212 kB
Cached:          7819608 kB
SwapCached:            0 kB
Active:          2093924 kB
Inactive:        6979920 kB
Active(anon):    1151744 kB
Inactive(anon):   134332 kB
Active(file):     942180 kB
Inactive(file):  6845588 kB
Unevictable:        5716 kB
Mlocked:            5716 kB
SwapTotal:       3145724 kB
SwapFree:        3145724 kB
Dirty:               428 kB
Writeback:             0 kB
AnonPages:       1252452 kB
Mapped:           772052 kB
Shmem:             34384 kB
KReclaimable:     526308 kB
Slab:             226656 kB
SReclaimable:      79576 kB
SUnreclaim:       147080 kB
KernelStack:       46964 kB
PageTables:        63512 kB
NFS_Unstable:          0 kB
Bounce:                0 kB
WritebackTmp:          0 kB
CommitLimit:     9202292 kB
Committed_AS:   67494984 kB
VmallocTotal:   263061440 kB
VmallocUsed:      103912 kB
VmallocChunk:          0 kB
Percpu:             7648 kB
CmaTotal:         294912 kB
CmaFree:             180 kB
MemTotal:       12113136 kB
MemFree:          479180 kB
MemAvailable:    7924556 kB
Buffers:            7212 kB
Cached:          7819612 kB
SwapCached:            0 kB
Active:          2094412 kB
Inactive:        6979924 kB
Active(anon):    1152232 kB
Inactive(anon):   134332 kB
Active(file):     942180 kB
Inactive(file):  6845592 kB
Unevictable:        5716 kB
Mlocked:            5716 kB
SwapTotal:       3145724 kB
SwapFree:        3145724 kB
Dirty:               388 kB
Writeback:             0 kB
AnonPages:       1253196 kB
Mapped:           772044 kB
Shmem:             34384 kB
KReclaimable:     526308 kB
Slab:             226664 kB
SReclaimable:      79576 kB
SUnreclaim:       147088 kB
KernelStack:       46916 kB
PageTables:        63904 kB
NFS_Unstable:          0 kB
Bounce:                0 kB
WritebackTmp:          0 kB
CommitLimit:     9202292 kB
Committed_AS:   67494852 kB
VmallocTotal:   263061440 kB
VmallocUsed:      103928 kB
VmallocChunk:          0 kB
Percpu:             7648 kB
CmaTotal:         294912 kB
CmaFree:               8 kB
MemTotal:       12113136 kB
MemFree:          479820 kB
MemAvailable:    7925212 kB
Buffers:            7212 kB
Cached:          7819636 kB
SwapCached:            0 kB
Active:          2094868 kB
Inactive:        6979940 kB
Active(anon):    1152688 kB
Inactive(anon):   134332 kB
Active(file):     942180 kB
Inactive(file):  6845608 kB
Unevictable:        5716 kB
Mlocked:            5716 kB
SwapTotal:       3145724 kB
SwapFree:        3145724 kB
Dirty:               260 kB
Writeback:             0 kB
AnonPages:       1253352 kB
Mapped:           771924 kB
Shmem:             34384 kB
KReclaimable:     526308 kB
Slab:             226656 kB
SReclaimable:      79576 kB
SUnreclaim:       147080 kB
KernelStack:       46928 kB
PageTables:        63592 kB
NFS_Unstable:          0 kB
Bounce:                0 kB
WritebackTmp:          0 kB
CommitLimit:     9202292 kB
Committed_AS:   67494456 kB
VmallocTotal:   263061440 kB
VmallocUsed:      103912 kB
VmallocChunk:          0 kB
Percpu:             7648 kB
CmaTotal:         294912 kB
CmaFree:               0 kB
MemTotal:       12113136 kB
MemFree:          479444 kB
MemAvailable:    7924848 kB
Buffers:            7212 kB
Cached:          7819640 kB
SwapCached:            0 kB
Active:          2095856 kB
Inactive:        6979952 kB
Active(anon):    1153676 kB
Inactive(anon):   134332 kB
Active(file):     942180 kB
Inactive(file):  6845620 kB
Unevictable:        5716 kB
Mlocked:            5716 kB
SwapTotal:       3145724 kB
SwapFree:        3145724 kB
Dirty:               268 kB
Writeback:             0 kB
AnonPages:       1254864 kB
Mapped:           772144 kB
Shmem:             34384 kB
KReclaimable:     526308 kB
Slab:             226640 kB
SReclaimable:      79576 kB
SUnreclaim:       147064 kB
KernelStack:       46912 kB
PageTables:        63752 kB
NFS_Unstable:          0 kB
Bounce:                0 kB
WritebackTmp:          0 kB
CommitLimit:     9202292 kB
Committed_AS:   67494416 kB
VmallocTotal:   263061440 kB
VmallocUsed:      103944 kB
VmallocChunk:          0 kB
Percpu:             7648 kB
CmaTotal:         294912 kB
CmaFree:               0 kB
MemTotal:       12113136 kB
MemFree:          479296 kB
MemAvailable:    7924712 kB
Buffers:            7212 kB
Cached:          7819652 kB
SwapCached:            0 kB
Active:          2095824 kB
Inactive:        6979964 kB
Active(anon):    1153644 kB
Inactive(anon):   134332 kB
Active(file):     942180 kB
Inactive(file):  6845632 kB
Unevictable:        5716 kB
Mlocked:            5716 kB
SwapTotal:       3145724 kB
SwapFree:        3145724 kB
Dirty:               376 kB
Writeback:             0 kB
AnonPages:       1254780 kB
Mapped:           772120 kB
Shmem:             34384 kB
KReclaimable:     526308 kB
Slab:             226664 kB
SReclaimable:      79576 kB
SUnreclaim:       147088 kB
KernelStack:       46960 kB
PageTables:        63728 kB
NFS_Unstable:          0 kB
Bounce:                0 kB
WritebackTmp:          0 kB
CommitLimit:     9202292 kB
Committed_AS:   67493952 kB
VmallocTotal:   263061440 kB
VmallocUsed:      103928 kB
VmallocChunk:          0 kB
Percpu:             7648 kB
CmaTotal:         294912 kB
CmaFree:               0 kB
MemTotal:       12113136 kB
MemFree:          488548 kB
MemAvailable:    7933984 kB
Buffers:            7212 kB
Cached:          7819672 kB
SwapCached:            0 kB
Active:          2086492 kB
Inactive:        6979984 kB
Active(anon):    1144312 kB
Inactive(anon):   134332 kB
Active(file):     942180 kB
Inactive(file):  6845652 kB
Unevictable:        5716 kB
Mlocked:            5716 kB
SwapTotal:       3145724 kB
SwapFree:        3145724 kB
Dirty:               408 kB
Writeback:             0 kB
AnonPages:       1245244 kB
Mapped:           772048 kB
Shmem:             34384 kB
KReclaimable:     526308 kB
Slab:             226648 kB
SReclaimable:      79576 kB
SUnreclaim:       147072 kB
KernelStack:       46932 kB
PageTables:        63820 kB
NFS_Unstable:          0 kB
Bounce:                0 kB
WritebackTmp:          0 kB
CommitLimit:     9202292 kB
Committed_AS:   67495296 kB
VmallocTotal:   263061440 kB
VmallocUsed:      103912 kB
