MemTotal:       12113136 kB
MemFree:          793200 kB
MemAvailable:    7863904 kB
Buffers:            8572 kB
Cached:          7124212 kB
SwapCached:            0 kB
Active:          2338228 kB
Inactive:        6103028 kB
Active(anon):    1021356 kB
Inactive(anon):   339808 kB
Active(file):    1316872 kB
Inactive(file):  5763220 kB
Unevictable:        5592 kB
Mlocked:            5592 kB
SwapTotal:       3145724 kB
SwapFree:        3145724 kB
Dirty:               204 kB
Writeback:             0 kB
AnonPages:       1314136 kB
Mapped:           687216 kB
Shmem:             48148 kB
KReclaimable:     875700 kB
Slab:             245616 kB
SReclaimable:      97952 kB
SUnreclaim:       147664 kB
KernelStack:       47428 kB
PageTables:        64232 kB
NFS_Unstable:          0 kB
Bounce:                0 kB
WritebackTmp:          0 kB
CommitLimit:     9202292 kB
Committed_AS:   67543264 kB
VmallocTotal:   263061440 kB
VmallocUsed:      104360 kB
VmallocChunk:          0 kB
Percpu:             7680 kB
CmaTotal:         294912 kB
CmaFree:               0 kB
MemTotal:       12113136 kB
MemFree:          804896 kB
MemAvailable:    7875680 kB
Buffers:            8572 kB
Cached:          7124644 kB
SwapCached:            0 kB
Active:          2326516 kB
Inactive:        6103424 kB
Active(anon):    1009608 kB
Inactive(anon):   340160 kB
Active(file):    1316908 kB
Inactive(file):  5763264 kB
Unevictable:        5592 kB
Mlocked:            5592 kB
SwapTotal:       3145724 kB
SwapFree:        3145724 kB
Dirty:               376 kB
Writeback:             0 kB
AnonPages:       1302132 kB
Mapped:           687460 kB
Shmem:             48500 kB
KReclaimable:     875700 kB
Slab:             245640 kB
SReclaimable:      97952 kB
SUnreclaim:       147688 kB
KernelStack:       47392 kB
PageTables:        64336 kB
NFS_Unstable:          0 kB
Bounce:                0 kB
WritebackTmp:          0 kB
CommitLimit:     9202292 kB
Committed_AS:   67546952 kB
VmallocTotal:   263061440 kB
VmallocUsed:      104344 kB
VmallocChunk:          0 kB
Percpu:             7680 kB
CmaTotal:         294912 kB
CmaFree:             144 kB
MemTotal:       12113136 kB
MemFree:          803280 kB
MemAvailable:    7874080 kB
Buffers:            8572 kB
Cached:          7124696 kB
SwapCached:            0 kB
Active:          2327600 kB
Inactive:        6103476 kB
Active(anon):    1010692 kB
Inactive(anon):   340196 kB
Active(file):    1316908 kB
Inactive(file):  5763280 kB
Unevictable:        5592 kB
Mlocked:            5592 kB
SwapTotal:       3145724 kB
SwapFree:        3145724 kB
Dirty:               396 kB
Writeback:             0 kB
AnonPages:       1303568 kB
Mapped:           687208 kB
Shmem:             48536 kB
KReclaimable:     875700 kB
Slab:             245616 kB
SReclaimable:      97952 kB
SUnreclaim:       147664 kB
KernelStack:       47392 kB
PageTables:        64336 kB
NFS_Unstable:          0 kB
Bounce:                0 kB
WritebackTmp:          0 kB
CommitLimit:     9202292 kB
Committed_AS:   67548096 kB
VmallocTotal:   263061440 kB
VmallocUsed:      104344 kB
VmallocChunk:          0 kB
Percpu:             7680 kB
CmaTotal:         294912 kB
CmaFree:               0 kB
MemTotal:       12113136 kB
MemFree:          802696 kB
MemAvailable:    7873512 kB
Buffers:            8572 kB
Cached:          7125192 kB
SwapCached:            0 kB
Active:          2328752 kB
Inactive:        6103972 kB
Active(anon):    1011844 kB
Inactive(anon):   340676 kB
Active(file):    1316908 kB
Inactive(file):  5763296 kB
Unevictable:        5592 kB
Mlocked:            5592 kB
SwapTotal:       3145724 kB
SwapFree:        3145724 kB
Dirty:               460 kB
Writeback:             0 kB
AnonPages:       1304604 kB
Mapped:           689504 kB
Shmem:             49016 kB
KReclaimable:     875700 kB
Slab:             245616 kB
SReclaimable:      97952 kB
SUnreclaim:       147664 kB
KernelStack:       47392 kB
PageTables:        64344 kB
NFS_Unstable:          0 kB
Bounce:                0 kB
WritebackTmp:          0 kB
CommitLimit:     9202292 kB
Committed_AS:   67553732 kB
VmallocTotal:   263061440 kB
VmallocUsed:      104376 kB
VmallocChunk:          0 kB
Percpu:             7680 kB
CmaTotal:         294912 kB
CmaFree:               0 kB
MemTotal:       12113136 kB
MemFree:          801688 kB
MemAvailable:    7872532 kB
Buffers:            8580 kB
Cached:          7125420 kB
SwapCached:            0 kB
Active:          2329408 kB
Inactive:        6104208 kB
Active(anon):    1012500 kB
Inactive(anon):   340884 kB
Active(file):    1316908 kB
Inactive(file):  5763324 kB
Unevictable:        5592 kB
Mlocked:            5592 kB
SwapTotal:       3145724 kB
SwapFree:        3145724 kB
Dirty:               464 kB
Writeback:             0 kB
AnonPages:       1305120 kB
Mapped:           689284 kB
Shmem:             49224 kB
KReclaimable:     875700 kB
Slab:             245616 kB
SReclaimable:      97952 kB
SUnreclaim:       147664 kB
KernelStack:       47424 kB
PageTables:        64324 kB
NFS_Unstable:          0 kB
Bounce:                0 kB
WritebackTmp:          0 kB
CommitLimit:     9202292 kB
Committed_AS:   67549156 kB
VmallocTotal:   263061440 kB
VmallocUsed:      104376 kB
VmallocChunk:          0 kB
Percpu:             7680 kB
CmaTotal:         294912 kB
CmaFree:             112 kB
MemTotal:       12113136 kB
MemFree:          801372 kB
MemAvailable:    7872264 kB
Buffers:            8580 kB
Cached:          7125692 kB
SwapCached:            0 kB
Active:          2329580 kB
Inactive:        6104472 kB
Active(anon):    1012664 kB
Inactive(anon):   341108 kB
Active(file):    1316916 kB
Inactive(file):  5763364 kB
Unevictable:        5592 kB
Mlocked:            5592 kB
SwapTotal:       3145724 kB
SwapFree:        3145724 kB
Dirty:               752 kB
Writeback:             0 kB
AnonPages:       1305596 kB
Mapped:           689548 kB
Shmem:             49448 kB
KReclaimable:     875700 kB
Slab:             245616 kB
SReclaimable:      97952 kB
SUnreclaim:       147664 kB
KernelStack:       47360 kB
PageTables:        64340 kB
NFS_Unstable:          0 kB
Bounce:                0 kB
WritebackTmp:          0 kB
CommitLimit:     9202292 kB
Committed_AS:   67553980 kB
VmallocTotal:   263061440 kB
VmallocUsed:      104312 kB
VmallocChunk:          0 kB
Percpu:             7680 kB
CmaTotal:         294912 kB
CmaFree:               0 kB
MemTotal:       12113136 kB
MemFree:          798536 kB
MemAvailable:    7869440 kB
Buffers:            8580 kB
Cached:          7126024 kB
SwapCached:            0 kB
Active:          2330944 kB
Inactive:        6104804 kB
Active(anon):    1014028 kB
Inactive(anon):   341428 kB
Active(file):    1316916 kB
Inactive(file):  5763376 kB
Unevictable:        5592 kB
Mlocked:            5592 kB
SwapTotal:       3145724 kB
SwapFree:        3145724 kB
Dirty:              1032 kB
Writeback:             0 kB
AnonPages:       1306828 kB
Mapped:           689572 kB
Shmem:             49768 kB
KReclaimable:     875700 kB
Slab:             245616 kB
SReclaimable:      97952 kB
SUnreclaim:       147664 kB
KernelStack:       47392 kB
PageTables:        64340 kB
NFS_Unstable:          0 kB
Bounce:                0 kB
WritebackTmp:          0 kB
CommitLimit:     9202292 kB
Committed_AS:   67559056 kB
VmallocTotal:   263061440 kB
VmallocUsed:      104328 kB
VmallocChunk:          0 kB
Percpu:             7680 kB
CmaTotal:         294912 kB
CmaFree:               0 kB
MemTotal:       12113136 kB
MemFree:          796552 kB
MemAvailable:    7867480 kB
Buffers:            8580 kB
Cached:          7126148 kB
SwapCached:            0 kB
Active:          2332828 kB
Inactive:        6104932 kB
Active(anon):    1015912 kB
Inactive(anon):   341532 kB
Active(file):    1316916 kB
Inactive(file):  5763400 kB
Unevictable:        5592 kB
Mlocked:            5592 kB
SwapTotal:       3145724 kB
SwapFree:        3145724 kB
Dirty:               512 kB
Writeback:             0 kB
AnonPages:       1308692 kB
Mapped:           689348 kB
Shmem:             49868 kB
KReclaimable:     875700 kB
Slab:             245884 kB
SReclaimable:      97952 kB
SUnreclaim:       147932 kB
KernelStack:       47376 kB
PageTables:        64340 kB
NFS_Unstable:          0 kB
Bounce:                0 kB
WritebackTmp:          0 kB
CommitLimit:     9202292 kB
Committed_AS:   67550736 kB
VmallocTotal:   263061440 kB
VmallocUsed:      104296 kB
VmallocChunk:          0 kB
Percpu:             7680 kB
CmaTotal:         294912 kB
CmaFree:               0 kB
MemTotal:       12113136 kB
MemFree:          795136 kB
MemAvailable:    7866088 kB
Buffers:            8580 kB
Cached:          7126588 kB
SwapCached:            0 kB
Active:          2333752 kB
Inactive:        6105368 kB
Active(anon):    1016836 kB
Inactive(anon):   341944 kB
Active(file):    1316916 kB
Inactive(file):  5763424 kB
Unevictable:        5592 kB
Mlocked:            5592 kB
SwapTotal:       3145724 kB
SwapFree:        3145724 kB
Dirty:               512 kB
Writeback:             0 kB
AnonPages:       1309732 kB
Mapped:           689376 kB
Shmem:             50284 kB
KReclaimable:     875700 kB
Slab:             245676 kB
SReclaimable:      97952 kB
SUnreclaim:       147724 kB
KernelStack:       47344 kB
PageTables:        64344 kB
NFS_Unstable:          0 kB
Bounce:                0 kB
WritebackTmp:          0 kB
CommitLimit:     9202292 kB
Committed_AS:   67550896 kB
VmallocTotal:   263061440 kB
VmallocUsed:      104360 kB
VmallocChunk:          0 kB
Percpu:             7680 kB
CmaTotal:         294912 kB
CmaFree:               0 kB
MemTotal:       12113136 kB
MemFree:          793336 kB
MemAvailable:    7864304 kB
Buffers:            8580 kB
Cached:          7126812 kB
SwapCached:            0 kB
Active:          2335272 kB
Inactive:        6105592 kB
Active(anon):    1018356 kB
Inactive(anon):   342152 kB
Active(file):    1316916 kB
Inactive(file):  5763440 kB
Unevictable:        5592 kB
Mlocked:            5592 kB
SwapTotal:       3145724 kB
SwapFree:        3145724 kB
Dirty:               588 kB
Writeback:             0 kB
AnonPages:       1311012 kB
Mapped:           689652 kB
Shmem:             50492 kB
KReclaimable:     875700 kB
Slab:             245676 kB
SReclaimable:      97952 kB
SUnreclaim:       147724 kB
KernelStack:       47360 kB
PageTables:        64340 kB
NFS_Unstable:          0 kB
Bounce:                0 kB
WritebackTmp:          0 kB
CommitLimit:     9202292 kB
Committed_AS:   67551544 kB
VmallocTotal:   263061440 kB
VmallocUsed:      104376 kB
VmallocChunk:          0 kB
Percpu:             7680 kB
CmaTotal:         294912 kB
CmaFree:               0 kB
MemTotal:       12113136 kB
MemFree:          791916 kB
MemAvailable:    7862908 kB
Buffers:            8580 kB
Cached:          7127172 kB
SwapCached:            0 kB
Active:          2336552 kB
Inactive:        6105952 kB
Active(anon):    1019636 kB
Inactive(anon):   342488 kB
Active(file):    1316916 kB
Inactive(file):  5763464 kB
Unevictable:        5592 kB
Mlocked:            5592 kB
SwapTotal:       3145724 kB
SwapFree:        3145724 kB
Dirty:               612 kB
Writeback:             0 kB
AnonPages:       1312288 kB
Mapped:           689460 kB
Shmem:             50828 kB
KReclaimable:     875700 kB
Slab:             245676 kB
SReclaimable:      97952 kB
SUnreclaim:       147724 kB
KernelStack:       47440 kB
PageTables:        64316 kB
NFS_Unstable:          0 kB
Bounce:                0 kB
WritebackTmp:          0 kB
CommitLimit:     9202292 kB
Committed_AS:   67546808 kB
VmallocTotal:   263061440 kB
VmallocUsed:      104392 kB
VmallocChunk:          0 kB
Percpu:             7680 kB
CmaTotal:         294912 kB
CmaFree:               0 kB
MemTotal:       12113136 kB
MemFree:          791256 kB
MemAvailable:    7862264 kB
Buffers:            8580 kB
Cached:          7127444 kB
SwapCached:            0 kB
Active:          2337484 kB
Inactive:        6106224 kB
Active(anon):    1020568 kB
Inactive(anon):   342744 kB
Active(file):    1316916 kB
Inactive(file):  5763480 kB
Unevictable:        5592 kB
Mlocked:            5592 kB
SwapTotal:       3145724 kB
SwapFree:        3145724 kB
Dirty:               628 kB
Writeback:             0 kB
AnonPages:       1313452 kB
Mapped:           689756 kB
Shmem:             51084 kB
KReclaimable:     875700 kB
Slab:             245676 kB
SReclaimable:      97952 kB
SUnreclaim:       147724 kB
KernelStack:       47424 kB
PageTables:        64348 kB
NFS_Unstable:          0 kB
Bounce:                0 kB
WritebackTmp:          0 kB
CommitLimit:     9202292 kB
Committed_AS:   67546452 kB
VmallocTotal:   263061440 kB
VmallocUsed:      104408 kB
VmallocChunk:          0 kB
Percpu:             7680 kB
CmaTotal:         294912 kB
CmaFree:               0 kB
MemTotal:       12113136 kB
MemFree:          790628 kB
MemAvailable:    7861660 kB
Buffers:            8580 kB
Cached:          7127628 kB
SwapCached:            0 kB
Active:          2337692 kB
Inactive:        6106408 kB
Active(anon):    1020776 kB
Inactive(anon):   342904 kB
Active(file):    1316916 kB
Inactive(file):  5763504 kB
Unevictable:        5592 kB
Mlocked:            5592 kB
SwapTotal:       3145724 kB
SwapFree:        3145724 kB
Dirty:               668 kB
Writeback:             0 kB
AnonPages:       1313404 kB
Mapped:           689784 kB
Shmem:             51244 kB
KReclaimable:     875700 kB
Slab:             245668 kB
SReclaimable:      97952 kB
SUnreclaim:       147716 kB
KernelStack:       47424 kB
PageTables:        64344 kB
NFS_Unstable:          0 kB
Bounce:                0 kB
WritebackTmp:          0 kB
CommitLimit:     9202292 kB
Committed_AS:   67552080 kB
VmallocTotal:   263061440 kB
VmallocUsed:      104424 kB
VmallocChunk:          0 kB
Percpu:             7680 kB
CmaTotal:         294912 kB
CmaFree:               4 kB
MemTotal:       12113136 kB
MemFree:          789164 kB
MemAvailable:    7860216 kB
Buffers:            8580 kB
Cached:          7127880 kB
SwapCached:            0 kB
Active:          2339124 kB
Inactive:        6106664 kB
Active(anon):    1022208 kB
Inactive(anon):   343140 kB
Active(file):    1316916 kB
Inactive(file):  5763524 kB
Unevictable:        5592 kB
Mlocked:            5592 kB
SwapTotal:       3145724 kB
SwapFree:        3145724 kB
Dirty:               704 kB
Writeback:             0 kB
AnonPages:       1315096 kB
Mapped:           689808 kB
Shmem:             51476 kB
KReclaimable:     875700 kB
Slab:             245676 kB
SReclaimable:      97952 kB
SUnreclaim:       147724 kB
KernelStack:       47440 kB
PageTables:        64344 kB
NFS_Unstable:          0 kB
Bounce:                0 kB
WritebackTmp:          0 kB
CommitLimit:     9202292 kB
Committed_AS:   67552424 kB
VmallocTotal:   263061440 kB
VmallocUsed:      104424 kB
VmallocChunk:          0 kB
Percpu:             7680 kB
CmaTotal:         294912 kB
CmaFree:               0 kB
MemTotal:       12113136 kB
MemFree:          787384 kB
MemAvailable:    7858468 kB
Buffers:            8580 kB
Cached:          7128208 kB
SwapCached:            0 kB
Active:          2340344 kB
Inactive:        6106984 kB
Active(anon):    1023428 kB
Inactive(anon):   343428 kB
Active(file):    1316916 kB
Inactive(file):  5763556 kB
Unevictable:        5592 kB
Mlocked:            5592 kB
SwapTotal:       3145724 kB
SwapFree:        3145724 kB
Dirty:               768 kB
Writeback:             0 kB
AnonPages:       1316264 kB
Mapped:           689860 kB
Shmem:             51772 kB
KReclaimable:     875700 kB
Slab:             245684 kB
SReclaimable:      97952 kB
SUnreclaim:       147732 kB
KernelStack:       47424 kB
PageTables:        64344 kB
NFS_Unstable:          0 kB
Bounce:                0 kB
WritebackTmp:          0 kB
CommitLimit:     9202292 kB
Committed_AS:   67551972 kB
VmallocTotal:   263061440 kB
VmallocUsed:      104424 kB
VmallocChunk:          0 kB
Percpu:             7680 kB
CmaTotal:         294912 kB
CmaFree:               0 kB
MemTotal:       12113136 kB
MemFree:          785748 kB
MemAvailable:    7856844 kB
Buffers:            8580 kB
Cached:          7128460 kB
SwapCached:            0 kB
Active:          2341384 kB
Inactive:        6107240 kB
Active(anon):    1024468 kB
Inactive(anon):   343672 kB
Active(file):    1316916 kB
Inactive(file):  5763568 kB
Unevictable:        5592 kB
Mlocked:            5592 kB
SwapTotal:       3145724 kB
SwapFree:        3145724 kB
Dirty:               800 kB
Writeback:             0 kB
AnonPages:       1317452 kB
Mapped:           689852 kB
Shmem:             52012 kB
KReclaimable:     875700 kB
Slab:             245692 kB
SReclaimable:      97952 kB
SUnreclaim:       147740 kB
KernelStack:       47424 kB
PageTables:        64348 kB
NFS_Unstable:          0 kB
Bounce:                0 kB
WritebackTmp:          0 kB
CommitLimit:     9202292 kB
Committed_AS:   67552248 kB
VmallocTotal:   263061440 kB
VmallocUsed:      104440 kB
VmallocChunk:          0 kB
Percpu:             7680 kB
CmaTotal:         294912 kB
CmaFree:               0 kB
MemTotal:       12113136 kB
MemFree:          784124 kB
MemAvailable:    7855248 kB
Buffers:            8580 kB
Cached:          7128800 kB
SwapCached:            0 kB
Active:          2342636 kB
Inactive:        6107580 kB
Active(anon):    1025720 kB
Inactive(anon):   343984 kB
Active(file):    1316916 kB
Inactive(file):  5763596 kB
Unevictable:        5592 kB
Mlocked:            5592 kB
SwapTotal:       3145724 kB
SwapFree:        3145724 kB
Dirty:               840 kB
Writeback:             0 kB
AnonPages:       1318344 kB
Mapped:           689676 kB
Shmem:             52324 kB
KReclaimable:     875700 kB
Slab:             245692 kB
SReclaimable:      97952 kB
SUnreclaim:       147740 kB
KernelStack:       47424 kB
PageTables:        64316 kB
NFS_Unstable:          0 kB
Bounce:                0 kB
WritebackTmp:          0 kB
CommitLimit:     9202292 kB
Committed_AS:   67541940 kB
VmallocTotal:   263061440 kB
VmallocUsed:      104456 kB
VmallocChunk:          0 kB
Percpu:             7680 kB
CmaTotal:         294912 kB
CmaFree:               0 kB
MemTotal:       12113136 kB
MemFree:          781800 kB
MemAvailable:    7852948 kB
Buffers:            8580 kB
Cached:          7128896 kB
SwapCached:            0 kB
Active:          2344116 kB
Inactive:        6107676 kB
Active(anon):    1027200 kB
Inactive(anon):   344056 kB
Active(file):    1316916 kB
Inactive(file):  5763620 kB
Unevictable:        5592 kB
Mlocked:            5592 kB
SwapTotal:       3145724 kB
SwapFree:        3145724 kB
Dirty:               200 kB
Writeback:             0 kB
AnonPages:       1320248 kB
Mapped:           689904 kB
Shmem:             52396 kB
KReclaimable:     875700 kB
Slab:             245640 kB
SReclaimable:      97952 kB
SUnreclaim:       147688 kB
KernelStack:       47424 kB
PageTables:        64344 kB
NFS_Unstable:          0 kB
Bounce:                0 kB
WritebackTmp:          0 kB
CommitLimit:     9202292 kB
Committed_AS:   67547736 kB
VmallocTotal:   263061440 kB
VmallocUsed:      104424 kB
VmallocChunk:          0 kB
Percpu:             7680 kB
CmaTotal:         294912 kB
CmaFree:               0 kB
MemTotal:       12113136 kB
MemFree:          781812 kB
MemAvailable:    7852972 kB
Buffers:            8580 kB
Cached:          7129356 kB
SwapCached:            0 kB
Active:          2346112 kB
Inactive:        6108136 kB
Active(anon):    1029196 kB
Inactive(anon):   344504 kB
Active(file):    1316916 kB
Inactive(file):  5763632 kB
Unevictable:        5592 kB
Mlocked:            5592 kB
SwapTotal:       3145724 kB
SwapFree:        3145724 kB
Dirty:               328 kB
Writeback:             0 kB
AnonPages:       1321920 kB
Mapped:           689968 kB
Shmem:             52844 kB
KReclaimable:     875700 kB
Slab:             245664 kB
SReclaimable:      97952 kB
SUnreclaim:       147712 kB
KernelStack:       47456 kB
PageTables:        64312 kB
NFS_Unstable:          0 kB
Bounce:                0 kB
WritebackTmp:          0 kB
CommitLimit:     9202292 kB
Committed_AS:   67549332 kB
VmallocTotal:   263061440 kB
VmallocUsed:      104424 kB
VmallocChunk:          0 kB
Percpu:             7680 kB
CmaTotal:         294912 kB
CmaFree:               0 kB
MemTotal:       12113136 kB
MemFree:          778892 kB
MemAvailable:    7850080 kB
Buffers:            8584 kB
Cached:          7129604 kB
SwapCached:            0 kB
Active:          2346868 kB
Inactive:        6108384 kB
Active(anon):    1029948 kB
Inactive(anon):   344728 kB
Active(file):    1316920 kB
Inactive(file):  5763656 kB
Unevictable:        5592 kB
Mlocked:            5592 kB
SwapTotal:       3145724 kB
SwapFree:        3145724 kB
Dirty:               376 kB
Writeback:             0 kB
AnonPages:       1322832 kB
Mapped:           690000 kB
Shmem:             53068 kB
KReclaimable:     875700 kB
Slab:             245704 kB
SReclaimable:      97952 kB
SUnreclaim:       147752 kB
KernelStack:       47440 kB
PageTables:        64344 kB
NFS_Unstable:          0 kB
Bounce:                0 kB
WritebackTmp:          0 kB
CommitLimit:     9202292 kB
Committed_AS:   67553916 kB
VmallocTotal:   263061440 kB
VmallocUsed:      104424 kB
VmallocChunk:          0 kB
Percpu:             7680 kB
CmaTotal:         294912 kB
CmaFree:               0 kB
MemTotal:       12113136 kB
MemFree:          779952 kB
MemAvailable:    7851180 kB
Buffers:            8584 kB
Cached:          7129772 kB
SwapCached:            0 kB
Active:          2346900 kB
Inactive:        6108552 kB
Active(anon):    1029980 kB
Inactive(anon):   344856 kB
Active(file):    1316920 kB
Inactive(file):  5763696 kB
Unevictable:        5592 kB
Mlocked:            5592 kB
SwapTotal:       3145724 kB
SwapFree:        3145724 kB
Dirty:               408 kB
Writeback:             0 kB
AnonPages:       1322656 kB
Mapped:           690028 kB
Shmem:             53196 kB
KReclaimable:     875700 kB
Slab:             245696 kB
SReclaimable:      97952 kB
SUnreclaim:       147744 kB
KernelStack:       47440 kB
PageTables:        64344 kB
NFS_Unstable:          0 kB
Bounce:                0 kB
WritebackTmp:          0 kB
CommitLimit:     9202292 kB
Committed_AS:   67549380 kB
VmallocTotal:   263061440 kB
VmallocUsed:      104424 kB
VmallocChunk:          0 kB
Percpu:             7680 kB
CmaTotal:         294912 kB
CmaFree:             128 kB
MemTotal:       12113136 kB
MemFree:          794012 kB
MemAvailable:    7865260 kB
Buffers:            8584 kB
Cached:          7124312 kB
SwapCached:            0 kB
Active:          2336636 kB
Inactive:        6103092 kB
Active(anon):    1019716 kB
Inactive(anon):   339376 kB
Active(file):    1316920 kB
Inactive(file):  5763716 kB
Unevictable:        5592 kB
Mlocked:            5592 kB
SwapTotal:       3145724 kB
SwapFree:        3145724 kB
Dirty:               460 kB
Writeback:             0 kB
AnonPages:       1312236 kB
Mapped:           690032 kB
Shmem:             47716 kB
KReclaimable:     875700 kB
Slab:             245632 kB
SReclaimable:      97952 kB
SUnreclaim:       147680 kB
KernelStack:       47440 kB
PageTables:        64344 kB
NFS_Unstable:          0 kB
Bounce:                0 kB
WritebackTmp:          0 kB
CommitLimit:     9202292 kB
Committed_AS:   67544116 kB
VmallocTotal:   263061440 kB
VmallocUsed:      104408 kB
VmallocChunk:          0 kB
Percpu:             7680 kB
CmaTotal:         294912 kB
CmaFree:             480 kB
MemTotal:       12113136 kB
MemFree:          792912 kB
MemAvailable:    7864180 kB
Buffers:            8584 kB
Cached:          7124580 kB
SwapCached:            0 kB
Active:          2337624 kB
Inactive:        6103360 kB
Active(anon):    1020704 kB
Inactive(anon):   339624 kB
Active(file):    1316920 kB
Inactive(file):  5763736 kB
Unevictable:        5592 kB
Mlocked:            5592 kB
SwapTotal:       3145724 kB
SwapFree:        3145724 kB
Dirty:               196 kB
Writeback:             0 kB
AnonPages:       1313300 kB
Mapped:           690084 kB
Shmem:             47964 kB
KReclaimable:     875700 kB
Slab:             245620 kB
SReclaimable:      97952 kB
SUnreclaim:       147668 kB
KernelStack:       47488 kB
PageTables:        64440 kB
NFS_Unstable:          0 kB
Bounce:                0 kB
WritebackTmp:          0 kB
CommitLimit:     9202292 kB
Committed_AS:   67543440 kB
VmallocTotal:   263061440 kB
VmallocUsed:      104392 kB
VmallocChunk:          0 kB
Percpu:             7680 kB
CmaTotal:         294912 kB
CmaFree:               0 kB
MemTotal:       12113136 kB
MemFree:          792404 kB
MemAvailable:    7863696 kB
Buffers:            8584 kB
Cached:          7124952 kB
SwapCached:            0 kB
Active:          2339320 kB
Inactive:        6103732 kB
Active(anon):    1022400 kB
Inactive(anon):   339972 kB
Active(file):    1316920 kB
Inactive(file):  5763760 kB
Unevictable:        5592 kB
Mlocked:            5592 kB
SwapTotal:       3145724 kB
SwapFree:        3145724 kB
Dirty:               308 kB
Writeback:             0 kB
AnonPages:       1315288 kB
Mapped:           689852 kB
Shmem:             48312 kB
KReclaimable:     875700 kB
Slab:             245620 kB
SReclaimable:      97952 kB
SUnreclaim:       147668 kB
KernelStack:       47440 kB
PageTables:        64348 kB
NFS_Unstable:          0 kB
Bounce:                0 kB
WritebackTmp:          0 kB
CommitLimit:     9202292 kB
Committed_AS:   67543000 kB
VmallocTotal:   263061440 kB
VmallocUsed:      104392 kB
VmallocChunk:          0 kB
Percpu:             7680 kB
CmaTotal:         294912 kB
CmaFree:               0 kB
MemTotal:       12113136 kB
MemFree:          791144 kB
MemAvailable:    7862452 kB
Buffers:            8584 kB
Cached:          7125188 kB
SwapCached:            0 kB
Active:          2340928 kB
Inactive:        6103968 kB
Active(anon):    1024008 kB
Inactive(anon):   340192 kB
Active(file):    1316920 kB
Inactive(file):  5763776 kB
Unevictable:        5592 kB
Mlocked:            5592 kB
SwapTotal:       3145724 kB
SwapFree:        3145724 kB
Dirty:               340 kB
Writeback:             0 kB
AnonPages:       1316392 kB
Mapped:           690112 kB
Shmem:             48532 kB
KReclaimable:     875700 kB
Slab:             245620 kB
SReclaimable:      97952 kB
SUnreclaim:       147668 kB
KernelStack:       47440 kB
PageTables:        64348 kB
NFS_Unstable:          0 kB
Bounce:                0 kB
WritebackTmp:          0 kB
CommitLimit:     9202292 kB
Committed_AS:   67548344 kB
VmallocTotal:   263061440 kB
VmallocUsed:      104408 kB
VmallocChunk:          0 kB
Percpu:             7680 kB
CmaTotal:         294912 kB
CmaFree:               0 kB
MemTotal:       12113136 kB
MemFree:          789876 kB
MemAvailable:    7861204 kB
Buffers:            8584 kB
Cached:          7125488 kB
SwapCached:            0 kB
Active:          2341404 kB
Inactive:        6104268 kB
Active(anon):    1024484 kB
Inactive(anon):   340472 kB
Active(file):    1316920 kB
Inactive(file):  5763796 kB
Unevictable:        5592 kB
Mlocked:            5592 kB
SwapTotal:       3145724 kB
SwapFree:        3145724 kB
Dirty:               420 kB
Writeback:             0 kB
AnonPages:       1317496 kB
Mapped:           690180 kB
Shmem:             48812 kB
KReclaimable:     875700 kB
Slab:             245620 kB
SReclaimable:      97952 kB
SUnreclaim:       147668 kB
KernelStack:       47440 kB
PageTables:        64232 kB
NFS_Unstable:          0 kB
Bounce:                0 kB
WritebackTmp:          0 kB
CommitLimit:     9202292 kB
Committed_AS:   67543168 kB
VmallocTotal:   263061440 kB
VmallocUsed:      104376 kB
VmallocChunk:          0 kB
Percpu:             7680 kB
CmaTotal:         294912 kB
CmaFree:               0 kB
MemTotal:       12113136 kB
MemFree:          790652 kB
MemAvailable:    7862000 kB
Buffers:            8584 kB
Cached:          7125764 kB
SwapCached:            0 kB
Active:          2339296 kB
Inactive:        6104544 kB
Active(anon):    1022376 kB
Inactive(anon):   340728 kB
Active(file):    1316920 kB
Inactive(file):  5763816 kB
Unevictable:        5592 kB
Mlocked:            5592 kB
SwapTotal:       3145724 kB
SwapFree:        3145724 kB
Dirty:               448 kB
Writeback:             0 kB
AnonPages:       1314808 kB
Mapped:           689948 kB
Shmem:             49068 kB
KReclaimable:     875700 kB
Slab:             245620 kB
SReclaimable:      97952 kB
SUnreclaim:       147668 kB
KernelStack:       47472 kB
PageTables:        64476 kB
NFS_Unstable:          0 kB
Bounce:                0 kB
WritebackTmp:          0 kB
CommitLimit:     9202292 kB
Committed_AS:   67539484 kB
VmallocTotal:   263061440 kB
VmallocUsed:      104408 kB
VmallocChunk:          0 kB
Percpu:             7680 kB
CmaTotal:         294912 kB
CmaFree:             392 kB
MemTotal:       12113136 kB
MemFree:          788480 kB
MemAvailable:    7859848 kB
Buffers:            8584 kB
Cached:          7126008 kB
SwapCached:            0 kB
Active:          2340076 kB
Inactive:        6104788 kB
Active(anon):    1023156 kB
Inactive(anon):   340952 kB
Active(file):    1316920 kB
Inactive(file):  5763836 kB
Unevictable:        5592 kB
Mlocked:            5592 kB
SwapTotal:       3145724 kB
SwapFree:        3145724 kB
Dirty:               516 kB
Writeback:             0 kB
AnonPages:       1316188 kB
Mapped:           690236 kB
Shmem:             49292 kB
KReclaimable:     875700 kB
Slab:             245620 kB
SReclaimable:      97952 kB
SUnreclaim:       147668 kB
KernelStack:       47440 kB
PageTables:        64344 kB
NFS_Unstable:          0 kB
Bounce:                0 kB
WritebackTmp:          0 kB
CommitLimit:     9202292 kB
Committed_AS:   67540188 kB
VmallocTotal:   263061440 kB
VmallocUsed:      104424 kB
VmallocChunk:          0 kB
Percpu:             7680 kB
CmaTotal:         294912 kB
CmaFree:               0 kB
MemTotal:       12113136 kB
MemFree:          788228 kB
MemAvailable:    7859624 kB
Buffers:            8584 kB
Cached:          7126260 kB
SwapCached:            0 kB
Active:          2341748 kB
Inactive:        6105040 kB
Active(anon):    1024828 kB
Inactive(anon):   341176 kB
Active(file):    1316920 kB
Inactive(file):  5763864 kB
Unevictable:        5592 kB
Mlocked:            5592 kB
SwapTotal:       3145724 kB
SwapFree:        3145724 kB
Dirty:               568 kB
Writeback:             0 kB
AnonPages:       1317684 kB
Mapped:           690264 kB
Shmem:             49516 kB
KReclaimable:     875700 kB
Slab:             245620 kB
SReclaimable:      97952 kB
SUnreclaim:       147668 kB
KernelStack:       47440 kB
PageTables:        64340 kB
NFS_Unstable:          0 kB
Bounce:                0 kB
WritebackTmp:          0 kB
CommitLimit:     9202292 kB
Committed_AS:   67535812 kB
VmallocTotal:   263061440 kB
VmallocUsed:      104424 kB
VmallocChunk:          0 kB
Percpu:             7680 kB
CmaTotal:         294912 kB
CmaFree:               0 kB
MemTotal:       12113136 kB
MemFree:          788036 kB
MemAvailable:    7859464 kB
Buffers:            8584 kB
Cached:          7126588 kB
SwapCached:            0 kB
Active:          2343660 kB
Inactive:        6105364 kB
Active(anon):    1026736 kB
Inactive(anon):   341472 kB
Active(file):    1316924 kB
Inactive(file):  5763892 kB
Unevictable:        5592 kB
Mlocked:            5592 kB
SwapTotal:       3145724 kB
SwapFree:        3145724 kB
Dirty:               652 kB
Writeback:             0 kB
AnonPages:       1319492 kB
Mapped:           690280 kB
Shmem:             49812 kB
KReclaimable:     875700 kB
Slab:             245620 kB
SReclaimable:      97952 kB
SUnreclaim:       147668 kB
KernelStack:       47440 kB
PageTables:        64348 kB
NFS_Unstable:          0 kB
Bounce:                0 kB
WritebackTmp:          0 kB
CommitLimit:     9202292 kB
Committed_AS:   67540404 kB
VmallocTotal:   263061440 kB
VmallocUsed:      104440 kB
VmallocChunk:          0 kB
Percpu:             7680 kB
CmaTotal:         294912 kB
CmaFree:               0 kB
MemTotal:       12113136 kB
MemFree:          785800 kB
MemAvailable:    7857228 kB
Buffers:            8584 kB
Cached:          7126840 kB
SwapCached:            0 kB
Active:          2344924 kB
Inactive:        6105624 kB
Active(anon):    1028008 kB
Inactive(anon):   341724 kB
Active(file):    1316916 kB
Inactive(file):  5763900 kB
Unevictable:        5592 kB
Mlocked:            5592 kB
SwapTotal:       3145724 kB
SwapFree:        3145724 kB
Dirty:               672 kB
Writeback:             0 kB
AnonPages:       1320584 kB
Mapped:           690328 kB
Shmem:             50064 kB
KReclaimable:     875700 kB
Slab:             245620 kB
SReclaimable:      97952 kB
SUnreclaim:       147668 kB
KernelStack:       47440 kB
PageTables:        64344 kB
NFS_Unstable:          0 kB
Bounce:                0 kB
WritebackTmp:          0 kB
CommitLimit:     9202292 kB
Committed_AS:   67540364 kB
VmallocTotal:   263061440 kB
VmallocUsed:      104456 kB
VmallocChunk:          0 kB
Percpu:             7680 kB
CmaTotal:         294912 kB
CmaFree:               0 kB
MemTotal:       12113136 kB
MemFree:          783440 kB
MemAvailable:    7854904 kB
Buffers:            8584 kB
Cached:          7127256 kB
SwapCached:            0 kB
Active:          2344716 kB
Inactive:        6106036 kB
Active(anon):    1027796 kB
Inactive(anon):   342104 kB
Active(file):    1316920 kB
Inactive(file):  5763932 kB
Unevictable:        5592 kB
Mlocked:            5592 kB
SwapTotal:       3145724 kB
SwapFree:        3145724 kB
Dirty:               744 kB
Writeback:             0 kB
AnonPages:       1320688 kB
Mapped:           690072 kB
Shmem:             50444 kB
KReclaimable:     875700 kB
Slab:             245620 kB
SReclaimable:      97952 kB
SUnreclaim:       147668 kB
KernelStack:       47440 kB
PageTables:        64344 kB
NFS_Unstable:          0 kB
Bounce:                0 kB
WritebackTmp:          0 kB
CommitLimit:     9202292 kB
Committed_AS:   67545752 kB
VmallocTotal:   263061440 kB
VmallocUsed:      104472 kB
VmallocChunk:          0 kB
Percpu:             7680 kB
CmaTotal:         294912 kB
CmaFree:               0 kB
MemTotal:       12113136 kB
MemFree:          782468 kB
MemAvailable:    7853948 kB
Buffers:            8584 kB
Cached:          7127432 kB
SwapCached:            0 kB
Active:          2346076 kB
Inactive:        6106212 kB
Active(anon):    1029156 kB
Inactive(anon):   342264 kB
Active(file):    1316920 kB
Inactive(file):  5763948 kB
Unevictable:        5592 kB
Mlocked:            5592 kB
SwapTotal:       3145724 kB
SwapFree:        3145724 kB
Dirty:               256 kB
Writeback:             0 kB
AnonPages:       1321796 kB
Mapped:           690372 kB
Shmem:             50604 kB
KReclaimable:     875700 kB
Slab:             245628 kB
SReclaimable:      97952 kB
SUnreclaim:       147676 kB
KernelStack:       47440 kB
PageTables:        64344 kB
NFS_Unstable:          0 kB
Bounce:                0 kB
WritebackTmp:          0 kB
CommitLimit:     9202292 kB
Committed_AS:   67551816 kB
VmallocTotal:   263061440 kB
VmallocUsed:      104488 kB
VmallocChunk:          0 kB
Percpu:             7680 kB
CmaTotal:         294912 kB
CmaFree:               0 kB
MemTotal:       12113136 kB
MemFree:          783332 kB
MemAvailable:    7854836 kB
Buffers:            8584 kB
Cached:          7127808 kB
SwapCached:            0 kB
Active:          2344716 kB
Inactive:        6106588 kB
Active(anon):    1027796 kB
Inactive(anon):   342616 kB
Active(file):    1316920 kB
Inactive(file):  5763972 kB
Unevictable:        5592 kB
Mlocked:            5592 kB
SwapTotal:       3145724 kB
SwapFree:        3145724 kB
Dirty:               324 kB
Writeback:             0 kB
AnonPages:       1320468 kB
Mapped:           690136 kB
Shmem:             50956 kB
KReclaimable:     875700 kB
Slab:             245624 kB
SReclaimable:      97952 kB
SUnreclaim:       147672 kB
KernelStack:       47440 kB
PageTables:        64404 kB
NFS_Unstable:          0 kB
Bounce:                0 kB
WritebackTmp:          0 kB
CommitLimit:     9202292 kB
Committed_AS:   67547848 kB
VmallocTotal:   263061440 kB
VmallocUsed:      104456 kB
VmallocChunk:          0 kB
Percpu:             7680 kB
CmaTotal:         294912 kB
CmaFree:               0 kB
MemTotal:       12113136 kB
MemFree:          782352 kB
MemAvailable:    7853884 kB
Buffers:            8592 kB
Cached:          7128084 kB
SwapCached:            0 kB
Active:          2345180 kB
Inactive:        6106868 kB
Active(anon):    1028256 kB
Inactive(anon):   342872 kB
Active(file):    1316924 kB
Inactive(file):  5763996 kB
Unevictable:        5592 kB
Mlocked:            5592 kB
SwapTotal:       3145724 kB
SwapFree:        3145724 kB
Dirty:               380 kB
Writeback:             0 kB
AnonPages:       1321244 kB
Mapped:           690376 kB
Shmem:             51212 kB
KReclaimable:     875700 kB
Slab:             245624 kB
SReclaimable:      97952 kB
SUnreclaim:       147672 kB
KernelStack:       47440 kB
PageTables:        64344 kB
NFS_Unstable:          0 kB
Bounce:                0 kB
WritebackTmp:          0 kB
CommitLimit:     9202292 kB
Committed_AS:   67553508 kB
VmallocTotal:   263061440 kB
VmallocUsed:      104488 kB
VmallocChunk:          0 kB
Percpu:             7680 kB
CmaTotal:         294912 kB
CmaFree:               0 kB
MemTotal:       12113136 kB
MemFree:          781256 kB
MemAvailable:    7852832 kB
Buffers:            8592 kB
Cached:          7128140 kB
SwapCached:            0 kB
Active:          2346308 kB
Inactive:        6106920 kB
Active(anon):    1029380 kB
Inactive(anon):   342888 kB
Active(file):    1316928 kB
Inactive(file):  5764032 kB
Unevictable:        5592 kB
Mlocked:            5592 kB
SwapTotal:       3145724 kB
SwapFree:        3145724 kB
Dirty:               392 kB
Writeback:             0 kB
AnonPages:       1322296 kB
Mapped:           690120 kB
Shmem:             51228 kB
KReclaimable:     875704 kB
Slab:             245628 kB
SReclaimable:      97956 kB
SUnreclaim:       147672 kB
KernelStack:       47440 kB
PageTables:        64348 kB
NFS_Unstable:          0 kB
Bounce:                0 kB
WritebackTmp:          0 kB
CommitLimit:     9202292 kB
Committed_AS:   67550392 kB
VmallocTotal:   263061440 kB
VmallocUsed:      104504 kB
VmallocChunk:          0 kB
Percpu:             7680 kB
CmaTotal:         294912 kB
CmaFree:               0 kB
MemTotal:       12113136 kB
MemFree:          779924 kB
MemAvailable:    7851516 kB
Buffers:            8592 kB
Cached:          7128508 kB
SwapCached:            0 kB
Active:          2348096 kB
Inactive:        6107288 kB
Active(anon):    1031168 kB
Inactive(anon):   343240 kB
Active(file):    1316928 kB
Inactive(file):  5764048 kB
Unevictable:        5592 kB
Mlocked:            5592 kB
SwapTotal:       3145724 kB
SwapFree:        3145724 kB
Dirty:               448 kB
Writeback:             0 kB
AnonPages:       1324080 kB
Mapped:           690120 kB
Shmem:             51580 kB
KReclaimable:     875704 kB
Slab:             245628 kB
SReclaimable:      97956 kB
SUnreclaim:       147672 kB
KernelStack:       47456 kB
PageTables:        64396 kB
NFS_Unstable:          0 kB
Bounce:                0 kB
WritebackTmp:          0 kB
CommitLimit:     9202292 kB
Committed_AS:   67554844 kB
VmallocTotal:   263061440 kB
VmallocUsed:      104488 kB
VmallocChunk:          0 kB
Percpu:             7680 kB
CmaTotal:         294912 kB
CmaFree:               0 kB
MemTotal:       12113136 kB
MemFree:          779108 kB
MemAvailable:    7850720 kB
Buffers:            8592 kB
Cached:          7128928 kB
SwapCached:            0 kB
Active:          2348444 kB
Inactive:        6107708 kB
Active(anon):    1031516 kB
Inactive(anon):   343640 kB
Active(file):    1316928 kB
Inactive(file):  5764068 kB
Unevictable:        5592 kB
Mlocked:            5592 kB
SwapTotal:       3145724 kB
SwapFree:        3145724 kB
Dirty:               252 kB
Writeback:             0 kB
AnonPages:       1324372 kB
Mapped:           690188 kB
Shmem:             51980 kB
KReclaimable:     875704 kB
Slab:             245636 kB
SReclaimable:      97956 kB
SUnreclaim:       147680 kB
KernelStack:       47424 kB
PageTables:        64312 kB
NFS_Unstable:          0 kB
Bounce:                0 kB
WritebackTmp:          0 kB
CommitLimit:     9202292 kB
Committed_AS:   67552400 kB
VmallocTotal:   263061440 kB
VmallocUsed:      104472 kB
VmallocChunk:          0 kB
Percpu:             7680 kB
CmaTotal:         294912 kB
CmaFree:               0 kB
MemTotal:       12113136 kB
MemFree:          776940 kB
MemAvailable:    7848568 kB
Buffers:            8592 kB
Cached:          7129040 kB
SwapCached:            0 kB
Active:          2348600 kB
Inactive:        6107820 kB
Active(anon):    1031672 kB
Inactive(anon):   343736 kB
Active(file):    1316928 kB
Inactive(file):  5764084 kB
Unevictable:        5592 kB
Mlocked:            5592 kB
SwapTotal:       3145724 kB
SwapFree:        3145724 kB
Dirty:               288 kB
Writeback:             0 kB
AnonPages:       1324340 kB
Mapped:           690384 kB
Shmem:             52076 kB
KReclaimable:     875704 kB
Slab:             245640 kB
SReclaimable:      97956 kB
SUnreclaim:       147684 kB
KernelStack:       47424 kB
PageTables:        64344 kB
NFS_Unstable:          0 kB
Bounce:                0 kB
WritebackTmp:          0 kB
CommitLimit:     9202292 kB
Committed_AS:   67558056 kB
VmallocTotal:   263061440 kB
VmallocUsed:      104424 kB
VmallocChunk:          0 kB
Percpu:             7680 kB
CmaTotal:         294912 kB
CmaFree:              60 kB
MemTotal:       12113136 kB
MemFree:          776436 kB
MemAvailable:    7848088 kB
Buffers:            8592 kB
Cached:          7129432 kB
SwapCached:            0 kB
Active:          2350296 kB
Inactive:        6108212 kB
Active(anon):    1033368 kB
Inactive(anon):   344104 kB
Active(file):    1316928 kB
Inactive(file):  5764108 kB
Unevictable:        5592 kB
Mlocked:            5592 kB
SwapTotal:       3145724 kB
SwapFree:        3145724 kB
Dirty:               340 kB
Writeback:             0 kB
AnonPages:       1326444 kB
Mapped:           690284 kB
Shmem:             52444 kB
KReclaimable:     875704 kB
Slab:             245648 kB
SReclaimable:      97956 kB
SUnreclaim:       147692 kB
KernelStack:       47408 kB
PageTables:        64320 kB
NFS_Unstable:          0 kB
Bounce:                0 kB
WritebackTmp:          0 kB
CommitLimit:     9202292 kB
Committed_AS:   67558392 kB
VmallocTotal:   263061440 kB
VmallocUsed:      104472 kB
VmallocChunk:          0 kB
Percpu:             7680 kB
CmaTotal:         294912 kB
CmaFree:               0 kB
MemTotal:       12113136 kB
MemFree:          774788 kB
MemAvailable:    7846468 kB
Buffers:            8592 kB
Cached:          7129764 kB
SwapCached:            0 kB
Active:          2351476 kB
Inactive:        6108540 kB
Active(anon):    1034544 kB
Inactive(anon):   344408 kB
Active(file):    1316932 kB
Inactive(file):  5764132 kB
Unevictable:        5592 kB
Mlocked:            5592 kB
SwapTotal:       3145724 kB
SwapFree:        3145724 kB
Dirty:               428 kB
Writeback:             4 kB
AnonPages:       1327324 kB
Mapped:           690392 kB
Shmem:             52748 kB
KReclaimable:     875704 kB
Slab:             245656 kB
SReclaimable:      97956 kB
SUnreclaim:       147700 kB
KernelStack:       47424 kB
PageTables:        64344 kB
NFS_Unstable:          0 kB
Bounce:                0 kB
WritebackTmp:          0 kB
CommitLimit:     9202292 kB
Committed_AS:   67554552 kB
VmallocTotal:   263061440 kB
VmallocUsed:      104456 kB
VmallocChunk:          0 kB
Percpu:             7680 kB
CmaTotal:         294912 kB
CmaFree:               0 kB
MemTotal:       12113136 kB
MemFree:          773404 kB
MemAvailable:    7845092 kB
Buffers:            8592 kB
Cached:          7129940 kB
SwapCached:            0 kB
Active:          2352780 kB
Inactive:        6108720 kB
Active(anon):    1035852 kB
Inactive(anon):   344576 kB
Active(file):    1316928 kB
Inactive(file):  5764144 kB
Unevictable:        5592 kB
Mlocked:            5592 kB
SwapTotal:       3145724 kB
SwapFree:        3145724 kB
Dirty:               448 kB
Writeback:             0 kB
AnonPages:       1328748 kB
Mapped:           690404 kB
Shmem:             52916 kB
KReclaimable:     875704 kB
Slab:             245656 kB
SReclaimable:      97956 kB
SUnreclaim:       147700 kB
KernelStack:       47424 kB
PageTables:        64344 kB
NFS_Unstable:          0 kB
Bounce:                0 kB
WritebackTmp:          0 kB
CommitLimit:     9202292 kB
Committed_AS:   67554468 kB
VmallocTotal:   263061440 kB
VmallocUsed:      104456 kB
VmallocChunk:          0 kB
Percpu:             7680 kB
CmaTotal:         294912 kB
CmaFree:               0 kB
MemTotal:       12113136 kB
MemFree:          782196 kB
MemAvailable:    7853912 kB
Buffers:            8592 kB
Cached:          7130136 kB
SwapCached:            0 kB
Active:          2341628 kB
Inactive:        6108916 kB
Active(anon):    1024700 kB
Inactive(anon):   344744 kB
Active(file):    1316928 kB
Inactive(file):  5764172 kB
Unevictable:        5592 kB
Mlocked:            5592 kB
SwapTotal:       3145724 kB
SwapFree:        3145724 kB
Dirty:               240 kB
Writeback:             0 kB
AnonPages:       1317608 kB
Mapped:           690396 kB
Shmem:             53084 kB
KReclaimable:     875704 kB
Slab:             245656 kB
SReclaimable:      97956 kB
SUnreclaim:       147700 kB
KernelStack:       47424 kB
PageTables:        64348 kB
NFS_Unstable:          0 kB
Bounce:                0 kB
WritebackTmp:          0 kB
CommitLimit:     9202292 kB
Committed_AS:   67554488 kB
VmallocTotal:   263061440 kB
VmallocUsed:      104440 kB
VmallocChunk:          0 kB
Percpu:             7680 kB
CmaTotal:         294912 kB
CmaFree:               0 kB
MemTotal:       12113136 kB
MemFree:          798320 kB
MemAvailable:    7870064 kB
Buffers:            8592 kB
Cached:          7125172 kB
SwapCached:            0 kB
Active:          2331136 kB
Inactive:        6103952 kB
Active(anon):    1014208 kB
Inactive(anon):   339752 kB
Active(file):    1316928 kB
Inactive(file):  5764200 kB
Unevictable:        5592 kB
Mlocked:            5592 kB
SwapTotal:       3145724 kB
SwapFree:        3145724 kB
Dirty:               304 kB
Writeback:             0 kB
AnonPages:       1307036 kB
Mapped:           690140 kB
Shmem:             48092 kB
KReclaimable:     875704 kB
Slab:             245680 kB
SReclaimable:      97956 kB
SUnreclaim:       147724 kB
KernelStack:       47424 kB
PageTables:        64344 kB
NFS_Unstable:          0 kB
Bounce:                0 kB
WritebackTmp:          0 kB
CommitLimit:     9202292 kB
Committed_AS:   67554920 kB
VmallocTotal:   263061440 kB
VmallocUsed:      104440 kB
VmallocChunk:          0 kB
Percpu:             7680 kB
CmaTotal:         294912 kB
CmaFree:             112 kB
MemTotal:       12113136 kB
MemFree:          797264 kB
MemAvailable:    7869040 kB
Buffers:            8592 kB
Cached:          7124996 kB
SwapCached:            0 kB
Active:          2332568 kB
Inactive:        6103776 kB
Active(anon):    1015640 kB
Inactive(anon):   339544 kB
Active(file):    1316928 kB
Inactive(file):  5764232 kB
Unevictable:        5592 kB
Mlocked:            5592 kB
SwapTotal:       3145724 kB
SwapFree:        3145724 kB
Dirty:               356 kB
Writeback:             0 kB
AnonPages:       1307728 kB
Mapped:           690400 kB
Shmem:             47884 kB
KReclaimable:     875704 kB
Slab:             245616 kB
SReclaimable:      97956 kB
SUnreclaim:       147660 kB
KernelStack:       47424 kB
PageTables:        64344 kB
NFS_Unstable:          0 kB
Bounce:                0 kB
WritebackTmp:          0 kB
CommitLimit:     9202292 kB
Committed_AS:   67557248 kB
VmallocTotal:   263061440 kB
VmallocUsed:      104456 kB
VmallocChunk:          0 kB
Percpu:             7680 kB
CmaTotal:         294912 kB
CmaFree:               0 kB
MemTotal:       12113136 kB
MemFree:          797444 kB
MemAvailable:    7869236 kB
Buffers:            8592 kB
Cached:          7125524 kB
SwapCached:            0 kB
Active:          2333496 kB
Inactive:        6104304 kB
Active(anon):    1016568 kB
Inactive(anon):   340056 kB
Active(file):    1316928 kB
Inactive(file):  5764248 kB
Unevictable:        5592 kB
Mlocked:            5592 kB
SwapTotal:       3145724 kB
SwapFree:        3145724 kB
Dirty:               408 kB
Writeback:             0 kB
AnonPages:       1309532 kB
Mapped:           690144 kB
Shmem:             48396 kB
KReclaimable:     875704 kB
Slab:             245616 kB
SReclaimable:      97956 kB
SUnreclaim:       147660 kB
KernelStack:       47488 kB
PageTables:        64700 kB
NFS_Unstable:          0 kB
Bounce:                0 kB
WritebackTmp:          0 kB
CommitLimit:     9202292 kB
Committed_AS:   67538720 kB
VmallocTotal:   263061440 kB
VmallocUsed:      104408 kB
VmallocChunk:          0 kB
Percpu:             7680 kB
CmaTotal:         294912 kB
CmaFree:               0 kB
MemTotal:       12113136 kB
MemFree:          795508 kB
MemAvailable:    7867324 kB
Buffers:            8592 kB
Cached:          7125676 kB
SwapCached:            0 kB
Active:          2334316 kB
Inactive:        6104456 kB
Active(anon):    1017388 kB
Inactive(anon):   340184 kB
Active(file):    1316928 kB
Inactive(file):  5764272 kB
Unevictable:        5592 kB
Mlocked:            5592 kB
SwapTotal:       3145724 kB
SwapFree:        3145724 kB
Dirty:               460 kB
Writeback:             0 kB
AnonPages:       1310340 kB
Mapped:           690412 kB
Shmem:             48524 kB
KReclaimable:     875704 kB
Slab:             245616 kB
SReclaimable:      97956 kB
SUnreclaim:       147660 kB
KernelStack:       47424 kB
PageTables:        64344 kB
NFS_Unstable:          0 kB
Bounce:                0 kB
WritebackTmp:          0 kB
CommitLimit:     9202292 kB
Committed_AS:   67540012 kB
VmallocTotal:   263061440 kB
VmallocUsed:      104424 kB
VmallocChunk:          0 kB
Percpu:             7680 kB
CmaTotal:         294912 kB
CmaFree:               0 kB
MemTotal:       12113136 kB
MemFree:          793880 kB
MemAvailable:    7865716 kB
Buffers:            8592 kB
Cached:          7125924 kB
SwapCached:            0 kB
Active:          2336392 kB
Inactive:        6104704 kB
Active(anon):    1019464 kB
Inactive(anon):   340412 kB
Active(file):    1316928 kB
Inactive(file):  5764292 kB
Unevictable:        5592 kB
Mlocked:            5592 kB
SwapTotal:       3145724 kB
SwapFree:        3145724 kB
Dirty:               244 kB
Writeback:             0 kB
AnonPages:       1312324 kB
Mapped:           690416 kB
Shmem:             48752 kB
KReclaimable:     875704 kB
Slab:             245616 kB
SReclaimable:      97956 kB
SUnreclaim:       147660 kB
KernelStack:       47424 kB
PageTables:        64344 kB
NFS_Unstable:          0 kB
Bounce:                0 kB
WritebackTmp:          0 kB
CommitLimit:     9202292 kB
Committed_AS:   67545192 kB
VmallocTotal:   263061440 kB
VmallocUsed:      104440 kB
VmallocChunk:          0 kB
Percpu:             7680 kB
CmaTotal:         294912 kB
CmaFree:               0 kB
MemTotal:       12113136 kB
MemFree:          792172 kB
MemAvailable:    7864024 kB
Buffers:            8592 kB
Cached:          7126276 kB
SwapCached:            0 kB
Active:          2337976 kB
Inactive:        6105060 kB
Active(anon):    1021052 kB
Inactive(anon):   340748 kB
Active(file):    1316924 kB
Inactive(file):  5764312 kB
Unevictable:        5592 kB
Mlocked:            5592 kB
SwapTotal:       3145724 kB
SwapFree:        3145724 kB
Dirty:               244 kB
Writeback:             0 kB
AnonPages:       1313948 kB
Mapped:           690416 kB
Shmem:             49088 kB
KReclaimable:     875704 kB
Slab:             245616 kB
SReclaimable:      97956 kB
SUnreclaim:       147660 kB
KernelStack:       47456 kB
PageTables:        64400 kB
NFS_Unstable:          0 kB
Bounce:                0 kB
WritebackTmp:          0 kB
CommitLimit:     9202292 kB
Committed_AS:   67545368 kB
VmallocTotal:   263061440 kB
VmallocUsed:      104472 kB
VmallocChunk:          0 kB
Percpu:             7680 kB
CmaTotal:         294912 kB
CmaFree:               0 kB
MemTotal:       12113136 kB
MemFree:          790792 kB
MemAvailable:    7862672 kB
Buffers:            8596 kB
Cached:          7126620 kB
SwapCached:            0 kB
Active:          2339336 kB
Inactive:        6105400 kB
Active(anon):    1022404 kB
Inactive(anon):   341068 kB
Active(file):    1316932 kB
Inactive(file):  5764332 kB
Unevictable:        5592 kB
Mlocked:            5592 kB
SwapTotal:       3145724 kB
SwapFree:        3145724 kB
Dirty:               388 kB
Writeback:             0 kB
AnonPages:       1315104 kB
Mapped:           690164 kB
Shmem:             49408 kB
KReclaimable:     875704 kB
Slab:             245616 kB
SReclaimable:      97956 kB
SUnreclaim:       147660 kB
KernelStack:       47424 kB
PageTables:        64344 kB
NFS_Unstable:          0 kB
Bounce:                0 kB
WritebackTmp:          0 kB
CommitLimit:     9202292 kB
Committed_AS:   67550708 kB
VmallocTotal:   263061440 kB
VmallocUsed:      104440 kB
VmallocChunk:          0 kB
Percpu:             7680 kB
CmaTotal:         294912 kB
CmaFree:               0 kB
MemTotal:       12113136 kB
MemFree:          788456 kB
MemAvailable:    7860372 kB
Buffers:            8596 kB
Cached:          7126800 kB
SwapCached:            0 kB
Active:          2339732 kB
Inactive:        6105580 kB
Active(anon):    1022800 kB
Inactive(anon):   341212 kB
Active(file):    1316932 kB
Inactive(file):  5764368 kB
Unevictable:        5592 kB
Mlocked:            5592 kB
SwapTotal:       3145724 kB
SwapFree:        3145724 kB
Dirty:               400 kB
Writeback:             0 kB
AnonPages:       1315768 kB
Mapped:           690164 kB
Shmem:             49552 kB
KReclaimable:     875704 kB
Slab:             245616 kB
SReclaimable:      97956 kB
SUnreclaim:       147660 kB
KernelStack:       47424 kB
PageTables:        64344 kB
NFS_Unstable:          0 kB
Bounce:                0 kB
WritebackTmp:          0 kB
CommitLimit:     9202292 kB
Committed_AS:   67556076 kB
VmallocTotal:   263061440 kB
VmallocUsed:      104472 kB
VmallocChunk:          0 kB
Percpu:             7680 kB
CmaTotal:         294912 kB
CmaFree:               0 kB
MemTotal:       12113136 kB
MemFree:          788208 kB
MemAvailable:    7860144 kB
Buffers:            8596 kB
Cached:          7127124 kB
SwapCached:            0 kB
Active:          2341340 kB
Inactive:        6105904 kB
Active(anon):    1024408 kB
Inactive(anon):   341516 kB
Active(file):    1316932 kB
Inactive(file):  5764388 kB
Unevictable:        5592 kB
Mlocked:            5592 kB
SwapTotal:       3145724 kB
SwapFree:        3145724 kB
Dirty:               448 kB
Writeback:             0 kB
AnonPages:       1317236 kB
Mapped:           690432 kB
Shmem:             49856 kB
KReclaimable:     875704 kB
Slab:             245616 kB
SReclaimable:      97956 kB
SUnreclaim:       147660 kB
KernelStack:       47424 kB
PageTables:        64344 kB
NFS_Unstable:          0 kB
Bounce:                0 kB
WritebackTmp:          0 kB
CommitLimit:     9202292 kB
Committed_AS:   67556212 kB
VmallocTotal:   263061440 kB
VmallocUsed:      104472 kB
VmallocChunk:          0 kB
Percpu:             7680 kB
CmaTotal:         294912 kB
CmaFree:               0 kB
MemTotal:       12113136 kB
MemFree:          786764 kB
MemAvailable:    7858720 kB
Buffers:            8596 kB
Cached:          7127416 kB
SwapCached:            0 kB
Active:          2342716 kB
Inactive:        6106196 kB
Active(anon):    1025784 kB
Inactive(anon):   341788 kB
Active(file):    1316932 kB
Inactive(file):  5764408 kB
Unevictable:        5592 kB
Mlocked:            5592 kB
SwapTotal:       3145724 kB
SwapFree:        3145724 kB
Dirty:               208 kB
Writeback:             0 kB
AnonPages:       1318560 kB
Mapped:           690436 kB
Shmem:             50128 kB
KReclaimable:     875704 kB
Slab:             245616 kB
SReclaimable:      97956 kB
SUnreclaim:       147660 kB
KernelStack:       47424 kB
PageTables:        64344 kB
NFS_Unstable:          0 kB
Bounce:                0 kB
WritebackTmp:          0 kB
CommitLimit:     9202292 kB
Committed_AS:   67551696 kB
VmallocTotal:   263061440 kB
VmallocUsed:      104456 kB
VmallocChunk:          0 kB
Percpu:             7680 kB
CmaTotal:         294912 kB
CmaFree:              28 kB
MemTotal:       12113136 kB
MemFree:          784348 kB
MemAvailable:    7856324 kB
Buffers:            8596 kB
Cached:          7127628 kB
SwapCached:            0 kB
Active:          2344036 kB
Inactive:        6106408 kB
Active(anon):    1027104 kB
Inactive(anon):   341980 kB
Active(file):    1316932 kB
Inactive(file):  5764428 kB
Unevictable:        5592 kB
Mlocked:            5592 kB
SwapTotal:       3145724 kB
SwapFree:        3145724 kB
Dirty:               264 kB
Writeback:             0 kB
AnonPages:       1319636 kB
Mapped:           690436 kB
Shmem:             50320 kB
KReclaimable:     875704 kB
Slab:             245616 kB
SReclaimable:      97956 kB
SUnreclaim:       147660 kB
KernelStack:       47460 kB
PageTables:        64544 kB
NFS_Unstable:          0 kB
Bounce:                0 kB
WritebackTmp:          0 kB
CommitLimit:     9202292 kB
Committed_AS:   67551064 kB
VmallocTotal:   263061440 kB
VmallocUsed:      104424 kB
VmallocChunk:          0 kB
Percpu:             7680 kB
CmaTotal:         294912 kB
CmaFree:               0 kB
MemTotal:       12113136 kB
MemFree:          783364 kB
MemAvailable:    7855368 kB
Buffers:            8596 kB
Cached:          7127948 kB
SwapCached:            0 kB
Active:          2345360 kB
Inactive:        6106728 kB
Active(anon):    1028428 kB
Inactive(anon):   342272 kB
Active(file):    1316932 kB
Inactive(file):  5764456 kB
Unevictable:        5592 kB
Mlocked:            5592 kB
SwapTotal:       3145724 kB
SwapFree:        3145724 kB
Dirty:               324 kB
Writeback:             0 kB
AnonPages:       1321104 kB
Mapped:           690632 kB
Shmem:             50612 kB
KReclaimable:     875704 kB
Slab:             245608 kB
SReclaimable:      97956 kB
SUnreclaim:       147652 kB
KernelStack:       47376 kB
PageTables:        64336 kB
NFS_Unstable:          0 kB
Bounce:                0 kB
WritebackTmp:          0 kB
CommitLimit:     9202292 kB
Committed_AS:   67547904 kB
VmallocTotal:   263061440 kB
VmallocUsed:      104360 kB
VmallocChunk:          0 kB
Percpu:             7680 kB
CmaTotal:         294912 kB
CmaFree:               0 kB
MemTotal:       12113136 kB
MemFree:          781688 kB
MemAvailable:    7853708 kB
Buffers:            8596 kB
Cached:          7128204 kB
SwapCached:            0 kB
Active:          2346584 kB
Inactive:        6106984 kB
Active(anon):    1029652 kB
Inactive(anon):   342512 kB
Active(file):    1316932 kB
Inactive(file):  5764472 kB
Unevictable:        5592 kB
Mlocked:            5592 kB
SwapTotal:       3145724 kB
SwapFree:        3145724 kB
Dirty:               420 kB
Writeback:             0 kB
AnonPages:       1322516 kB
Mapped:           690444 kB
Shmem:             50852 kB
KReclaimable:     875704 kB
Slab:             245608 kB
SReclaimable:      97956 kB
SUnreclaim:       147652 kB
KernelStack:       47408 kB
PageTables:        64344 kB
NFS_Unstable:          0 kB
Bounce:                0 kB
WritebackTmp:          0 kB
CommitLimit:     9202292 kB
Committed_AS:   67557224 kB
VmallocTotal:   263061440 kB
VmallocUsed:      104392 kB
VmallocChunk:          0 kB
Percpu:             7680 kB
CmaTotal:         294912 kB
CmaFree:               0 kB
MemTotal:       12113136 kB
MemFree:          780960 kB
MemAvailable:    7852996 kB
Buffers:            8596 kB
Cached:          7128588 kB
SwapCached:            0 kB
Active:          2346544 kB
Inactive:        6107372 kB
Active(anon):    1029616 kB
Inactive(anon):   342880 kB
Active(file):    1316928 kB
Inactive(file):  5764492 kB
Unevictable:        5592 kB
Mlocked:            5592 kB
SwapTotal:       3145724 kB
SwapFree:        3145724 kB
Dirty:               476 kB
Writeback:             0 kB
AnonPages:       1322360 kB
Mapped:           690448 kB
Shmem:             51220 kB
KReclaimable:     875704 kB
Slab:             245624 kB
SReclaimable:      97956 kB
SUnreclaim:       147668 kB
KernelStack:       47376 kB
PageTables:        64288 kB
NFS_Unstable:          0 kB
Bounce:                0 kB
WritebackTmp:          0 kB
CommitLimit:     9202292 kB
Committed_AS:   67552520 kB
VmallocTotal:   263061440 kB
VmallocUsed:      104392 kB
VmallocChunk:          0 kB
Percpu:             7680 kB
CmaTotal:         294912 kB
CmaFree:              56 kB
MemTotal:       12113136 kB
MemFree:          780008 kB
MemAvailable:    7852068 kB
Buffers:            8596 kB
Cached:          7128708 kB
SwapCached:            0 kB
Active:          2347284 kB
Inactive:        6107488 kB
Active(anon):    1030352 kB
Inactive(anon):   342976 kB
Active(file):    1316932 kB
Inactive(file):  5764512 kB
Unevictable:        5592 kB
Mlocked:            5592 kB
SwapTotal:       3145724 kB
SwapFree:        3145724 kB
Dirty:               244 kB
Writeback:             0 kB
AnonPages:       1322908 kB
Mapped:           690456 kB
Shmem:             51316 kB
KReclaimable:     875704 kB
Slab:             245608 kB
SReclaimable:      97956 kB
SUnreclaim:       147652 kB
KernelStack:       47392 kB
PageTables:        64708 kB
NFS_Unstable:          0 kB
Bounce:                0 kB
WritebackTmp:          0 kB
CommitLimit:     9202292 kB
Committed_AS:   67547604 kB
VmallocTotal:   263061440 kB
VmallocUsed:      104376 kB
VmallocChunk:          0 kB
Percpu:             7680 kB
CmaTotal:         294912 kB
CmaFree:               0 kB
MemTotal:       12113136 kB
MemFree:          777844 kB
MemAvailable:    7849928 kB
Buffers:            8596 kB
Cached:          7129148 kB
SwapCached:            0 kB
Active:          2349072 kB
Inactive:        6107928 kB
Active(anon):    1032140 kB
Inactive(anon):   343392 kB
Active(file):    1316932 kB
Inactive(file):  5764536 kB
Unevictable:        5592 kB
Mlocked:            5592 kB
SwapTotal:       3145724 kB
SwapFree:        3145724 kB
Dirty:               340 kB
Writeback:             0 kB
AnonPages:       1325192 kB
Mapped:           689508 kB
Shmem:             51732 kB
KReclaimable:     875704 kB
Slab:             245624 kB
SReclaimable:      97956 kB
SUnreclaim:       147668 kB
KernelStack:       47424 kB
PageTables:        64332 kB
NFS_Unstable:          0 kB
Bounce:                0 kB
WritebackTmp:          0 kB
CommitLimit:     9202292 kB
Committed_AS:   67553896 kB
VmallocTotal:   263061440 kB
VmallocUsed:      104408 kB
VmallocChunk:          0 kB
Percpu:             7680 kB
CmaTotal:         294912 kB
CmaFree:               0 kB
MemTotal:       12113136 kB
MemFree:          776060 kB
MemAvailable:    7848160 kB
Buffers:            8596 kB
Cached:          7129276 kB
SwapCached:            0 kB
Active:          2350844 kB
Inactive:        6108060 kB
Active(anon):    1033916 kB
Inactive(anon):   343504 kB
Active(file):    1316928 kB
Inactive(file):  5764556 kB
Unevictable:        5592 kB
Mlocked:            5592 kB
SwapTotal:       3145724 kB
SwapFree:        3145724 kB
Dirty:               400 kB
Writeback:             0 kB
AnonPages:       1326488 kB
Mapped:           689744 kB
Shmem:             51844 kB
KReclaimable:     875704 kB
Slab:             245624 kB
SReclaimable:      97956 kB
SUnreclaim:       147668 kB
KernelStack:       47440 kB
PageTables:        64460 kB
NFS_Unstable:          0 kB
Bounce:                0 kB
WritebackTmp:          0 kB
CommitLimit:     9202292 kB
Committed_AS:   67549716 kB
VmallocTotal:   263061440 kB
VmallocUsed:      104408 kB
VmallocChunk:          0 kB
Percpu:             7680 kB
CmaTotal:         294912 kB
CmaFree:               0 kB
MemTotal:       12113136 kB
MemFree:          777964 kB
MemAvailable:    7850092 kB
Buffers:            8596 kB
Cached:          7129704 kB
SwapCached:            0 kB
Active:          2348292 kB
Inactive:        6108484 kB
Active(anon):    1031360 kB
Inactive(anon):   343904 kB
Active(file):    1316932 kB
Inactive(file):  5764580 kB
Unevictable:        5592 kB
Mlocked:            5592 kB
SwapTotal:       3145724 kB
SwapFree:        3145724 kB
Dirty:               456 kB
Writeback:             0 kB
AnonPages:       1324012 kB
Mapped:           687448 kB
Shmem:             52244 kB
KReclaimable:     875704 kB
Slab:             245624 kB
SReclaimable:      97956 kB
SUnreclaim:       147668 kB
KernelStack:       47392 kB
PageTables:        64488 kB
NFS_Unstable:          0 kB
Bounce:                0 kB
WritebackTmp:          0 kB
CommitLimit:     9202292 kB
Committed_AS:   67545828 kB
VmallocTotal:   263061440 kB
VmallocUsed:      104376 kB
VmallocChunk:          0 kB
Percpu:             7680 kB
CmaTotal:         294912 kB
CmaFree:             136 kB
MemTotal:       12113136 kB
MemFree:          775788 kB
MemAvailable:    7847932 kB
Buffers:            8596 kB
Cached:          7129720 kB
SwapCached:            0 kB
Active:          2349624 kB
Inactive:        6108500 kB
Active(anon):    1032692 kB
Inactive(anon):   343904 kB
Active(file):    1316932 kB
Inactive(file):  5764596 kB
Unevictable:        5592 kB
Mlocked:            5592 kB
SwapTotal:       3145724 kB
SwapFree:        3145724 kB
Dirty:               492 kB
Writeback:             0 kB
AnonPages:       1325556 kB
Mapped:           687504 kB
Shmem:             52244 kB
KReclaimable:     875704 kB
Slab:             245624 kB
SReclaimable:      97956 kB
SUnreclaim:       147668 kB
KernelStack:       47376 kB
PageTables:        64340 kB
NFS_Unstable:          0 kB
Bounce:                0 kB
WritebackTmp:          0 kB
CommitLimit:     9202292 kB
Committed_AS:   67549860 kB
VmallocTotal:   263061440 kB
VmallocUsed:      104392 kB
VmallocChunk:          0 kB
Percpu:             7680 kB
CmaTotal:         294912 kB
CmaFree:               0 kB
MemTotal:       12113136 kB
MemFree:          775748 kB
MemAvailable:    7847916 kB
Buffers:            8596 kB
Cached:          7130144 kB
SwapCached:            0 kB
Active:          2351004 kB
Inactive:        6108924 kB
Active(anon):    1034072 kB
Inactive(anon):   344304 kB
Active(file):    1316932 kB
Inactive(file):  5764620 kB
Unevictable:        5592 kB
Mlocked:            5592 kB
SwapTotal:       3145724 kB
SwapFree:        3145724 kB
Dirty:               536 kB
Writeback:             0 kB
AnonPages:       1327024 kB
Mapped:           689052 kB
Shmem:             52644 kB
KReclaimable:     875704 kB
Slab:             245632 kB
SReclaimable:      97956 kB
SUnreclaim:       147676 kB
KernelStack:       47376 kB
PageTables:        64288 kB
NFS_Unstable:          0 kB
Bounce:                0 kB
WritebackTmp:          0 kB
CommitLimit:     9202292 kB
Committed_AS:   67545888 kB
VmallocTotal:   263061440 kB
VmallocUsed:      104360 kB
VmallocChunk:          0 kB
Percpu:             7680 kB
CmaTotal:         294912 kB
CmaFree:               0 kB
MemTotal:       12113136 kB
MemFree:          789588 kB
MemAvailable:    7861764 kB
Buffers:            8596 kB
Cached:          7125228 kB
SwapCached:            0 kB
Active:          2341300 kB
Inactive:        6104008 kB
Active(anon):    1024372 kB
Inactive(anon):   339376 kB
Active(file):    1316928 kB
Inactive(file):  5764632 kB
Unevictable:        5592 kB
Mlocked:            5592 kB
SwapTotal:       3145724 kB
SwapFree:        3145724 kB
Dirty:               320 kB
Writeback:             0 kB
AnonPages:       1317280 kB
Mapped:           689092 kB
Shmem:             47716 kB
KReclaimable:     875704 kB
Slab:             245656 kB
SReclaimable:      97956 kB
SUnreclaim:       147700 kB
KernelStack:       47312 kB
PageTables:        64148 kB
NFS_Unstable:          0 kB
Bounce:                0 kB
WritebackTmp:          0 kB
CommitLimit:     9202292 kB
Committed_AS:   67537052 kB
VmallocTotal:   263061440 kB
VmallocUsed:      104312 kB
VmallocChunk:          0 kB
Percpu:             7680 kB
CmaTotal:         294912 kB
CmaFree:              80 kB
MemTotal:       12113136 kB
MemFree:          788220 kB
MemAvailable:    7860420 kB
Buffers:            8596 kB
Cached:          7125472 kB
SwapCached:            0 kB
Active:          2342548 kB
Inactive:        6104256 kB
Active(anon):    1025620 kB
Inactive(anon):   339600 kB
Active(file):    1316928 kB
Inactive(file):  5764656 kB
Unevictable:        5592 kB
Mlocked:            5592 kB
SwapTotal:       3145724 kB
SwapFree:        3145724 kB
Dirty:               376 kB
Writeback:             0 kB
AnonPages:       1318208 kB
Mapped:           689120 kB
Shmem:             47940 kB
KReclaimable:     875704 kB
Slab:             245568 kB
SReclaimable:      97956 kB
SUnreclaim:       147612 kB
KernelStack:       47360 kB
PageTables:        64340 kB
NFS_Unstable:          0 kB
Bounce:                0 kB
WritebackTmp:          0 kB
CommitLimit:     9202292 kB
Committed_AS:   67543084 kB
VmallocTotal:   263061440 kB
VmallocUsed:      104376 kB
VmallocChunk:          0 kB
Percpu:             7680 kB
CmaTotal:         294912 kB
CmaFree:               0 kB
MemTotal:       12113136 kB
MemFree:          788492 kB
MemAvailable:    7860752 kB
Buffers:            8604 kB
Cached:          7125780 kB
SwapCached:            0 kB
Active:          2340076 kB
Inactive:        6104560 kB
Active(anon):    1023136 kB
Inactive(anon):   339856 kB
Active(file):    1316940 kB
Inactive(file):  5764704 kB
Unevictable:        5592 kB
Mlocked:            5592 kB
SwapTotal:       3145724 kB
SwapFree:        3145724 kB
Dirty:               652 kB
Writeback:             0 kB
AnonPages:       1316040 kB
Mapped:           688864 kB
Shmem:             48196 kB
KReclaimable:     875704 kB
Slab:             245560 kB
SReclaimable:      97956 kB
SUnreclaim:       147604 kB
KernelStack:       47376 kB
PageTables:        64448 kB
NFS_Unstable:          0 kB
Bounce:                0 kB
WritebackTmp:          0 kB
CommitLimit:     9202292 kB
Committed_AS:   67545392 kB
VmallocTotal:   263061440 kB
VmallocUsed:      104312 kB
VmallocChunk:          0 kB
Percpu:             7680 kB
CmaTotal:         294912 kB
CmaFree:             192 kB
MemTotal:       12113136 kB
MemFree:          787772 kB
MemAvailable:    7860052 kB
Buffers:            8604 kB
Cached:          7126024 kB
SwapCached:            0 kB
Active:          2341844 kB
Inactive:        6104804 kB
Active(anon):    1024904 kB
Inactive(anon):   340080 kB
Active(file):    1316940 kB
Inactive(file):  5764724 kB
Unevictable:        5592 kB
Mlocked:            5592 kB
SwapTotal:       3145724 kB
SwapFree:        3145724 kB
Dirty:               860 kB
Writeback:             0 kB
AnonPages:       1317860 kB
Mapped:           689180 kB
Shmem:             48420 kB
KReclaimable:     875704 kB
Slab:             245552 kB
SReclaimable:      97956 kB
SUnreclaim:       147596 kB
KernelStack:       47312 kB
PageTables:        64344 kB
NFS_Unstable:          0 kB
Bounce:                0 kB
WritebackTmp:          0 kB
CommitLimit:     9202292 kB
Committed_AS:   67550904 kB
VmallocTotal:   263061440 kB
VmallocUsed:      104344 kB
VmallocChunk:          0 kB
Percpu:             7680 kB
CmaTotal:         294912 kB
CmaFree:               0 kB
MemTotal:       12113136 kB
MemFree:          789560 kB
MemAvailable:    7861856 kB
Buffers:            8604 kB
Cached:          7126376 kB
SwapCached:            0 kB
Active:          2338664 kB
Inactive:        6105156 kB
Active(anon):    1021724 kB
Inactive(anon):   340416 kB
Active(file):    1316940 kB
Inactive(file):  5764740 kB
Unevictable:        5592 kB
Mlocked:            5592 kB
SwapTotal:       3145724 kB
SwapFree:        3145724 kB
Dirty:              1124 kB
Writeback:             0 kB
AnonPages:       1314380 kB
Mapped:           689180 kB
Shmem:             48756 kB
KReclaimable:     875704 kB
Slab:             245560 kB
SReclaimable:      97956 kB
SUnreclaim:       147604 kB
KernelStack:       47312 kB
PageTables:        64340 kB
NFS_Unstable:          0 kB
Bounce:                0 kB
WritebackTmp:          0 kB
CommitLimit:     9202292 kB
Committed_AS:   67545312 kB
VmallocTotal:   263061440 kB
VmallocUsed:      104328 kB
VmallocChunk:          0 kB
Percpu:             7680 kB
CmaTotal:         294912 kB
CmaFree:               0 kB
MemTotal:       12113136 kB
MemFree:          788896 kB
MemAvailable:    7861216 kB
Buffers:            8604 kB
Cached:          7126672 kB
SwapCached:            0 kB
Active:          2339332 kB
Inactive:        6105452 kB
Active(anon):    1022392 kB
Inactive(anon):   340688 kB
Active(file):    1316940 kB
Inactive(file):  5764764 kB
Unevictable:        5592 kB
Mlocked:            5592 kB
SwapTotal:       3145724 kB
SwapFree:        3145724 kB
Dirty:               400 kB
Writeback:             0 kB
AnonPages:       1315112 kB
Mapped:           689252 kB
Shmem:             49028 kB
KReclaimable:     875704 kB
Slab:             245560 kB
SReclaimable:      97956 kB
SUnreclaim:       147604 kB
KernelStack:       47360 kB
PageTables:        64340 kB
NFS_Unstable:          0 kB
Bounce:                0 kB
WritebackTmp:          0 kB
CommitLimit:     9202292 kB
Committed_AS:   67546944 kB
VmallocTotal:   263061440 kB
VmallocUsed:      104344 kB
VmallocChunk:          0 kB
Percpu:             7680 kB
CmaTotal:         294912 kB
CmaFree:               0 kB
MemTotal:       12113136 kB
MemFree:          788712 kB
MemAvailable:    7861064 kB
Buffers:            8604 kB
Cached:          7127008 kB
SwapCached:            0 kB
Active:          2340564 kB
Inactive:        6105784 kB
Active(anon):    1023620 kB
Inactive(anon):   340992 kB
Active(file):    1316944 kB
Inactive(file):  5764792 kB
Unevictable:        5592 kB
Mlocked:            5592 kB
SwapTotal:       3145724 kB
SwapFree:        3145724 kB
Dirty:               468 kB
Writeback:             0 kB
AnonPages:       1316524 kB
Mapped:           688980 kB
Shmem:             49332 kB
KReclaimable:     875704 kB
Slab:             245560 kB
SReclaimable:      97956 kB
SUnreclaim:       147604 kB
KernelStack:       47360 kB
PageTables:        64344 kB
NFS_Unstable:          0 kB
Bounce:                0 kB
WritebackTmp:          0 kB
CommitLimit:     9202292 kB
Committed_AS:   67542296 kB
VmallocTotal:   263061440 kB
VmallocUsed:      104328 kB
VmallocChunk:          0 kB
Percpu:             7680 kB
CmaTotal:         294912 kB
CmaFree:               0 kB
MemTotal:       12113136 kB
MemFree:          788484 kB
MemAvailable:    7860848 kB
Buffers:            8604 kB
Cached:          7127212 kB
SwapCached:            0 kB
Active:          2341512 kB
Inactive:        6105992 kB
Active(anon):    1024572 kB
Inactive(anon):   341184 kB
Active(file):    1316940 kB
Inactive(file):  5764808 kB
Unevictable:        5592 kB
Mlocked:            5592 kB
SwapTotal:       3145724 kB
SwapFree:        3145724 kB
Dirty:               528 kB
Writeback:             0 kB
AnonPages:       1317204 kB
Mapped:           689272 kB
Shmem:             49524 kB
KReclaimable:     875704 kB
Slab:             245568 kB
SReclaimable:      97956 kB
SUnreclaim:       147612 kB
KernelStack:       47344 kB
PageTables:        64408 kB
NFS_Unstable:          0 kB
Bounce:                0 kB
WritebackTmp:          0 kB
CommitLimit:     9202292 kB
Committed_AS:   67538520 kB
VmallocTotal:   263061440 kB
VmallocUsed:      104280 kB
VmallocChunk:          0 kB
Percpu:             7680 kB
CmaTotal:         294912 kB
CmaFree:               0 kB
MemTotal:       12113136 kB
MemFree:          787132 kB
MemAvailable:    7859516 kB
Buffers:            8604 kB
Cached:          7127520 kB
SwapCached:            0 kB
Active:          2342964 kB
Inactive:        6106300 kB
Active(anon):    1026024 kB
Inactive(anon):   341472 kB
Active(file):    1316940 kB
Inactive(file):  5764828 kB
Unevictable:        5592 kB
Mlocked:            5592 kB
SwapTotal:       3145724 kB
SwapFree:        3145724 kB
Dirty:               556 kB
Writeback:             0 kB
AnonPages:       1318776 kB
Mapped:           689364 kB
Shmem:             49812 kB
KReclaimable:     875704 kB
Slab:             245568 kB
SReclaimable:      97956 kB
SUnreclaim:       147612 kB
KernelStack:       47408 kB
PageTables:        64348 kB
NFS_Unstable:          0 kB
Bounce:                0 kB
WritebackTmp:          0 kB
CommitLimit:     9202292 kB
Committed_AS:   67536692 kB
VmallocTotal:   263061440 kB
VmallocUsed:      104312 kB
VmallocChunk:          0 kB
Percpu:             7680 kB
CmaTotal:         294912 kB
CmaFree:               0 kB
MemTotal:       12113136 kB
MemFree:          784708 kB
MemAvailable:    7857112 kB
Buffers:            8604 kB
Cached:          7127796 kB
SwapCached:            0 kB
Active:          2345252 kB
Inactive:        6106576 kB
Active(anon):    1028312 kB
Inactive(anon):   341728 kB
Active(file):    1316940 kB
Inactive(file):  5764848 kB
Unevictable:        5592 kB
Mlocked:            5592 kB
SwapTotal:       3145724 kB
SwapFree:        3145724 kB
Dirty:               580 kB
Writeback:             0 kB
AnonPages:       1321048 kB
Mapped:           689360 kB
Shmem:             50068 kB
KReclaimable:     875704 kB
Slab:             245584 kB
SReclaimable:      97956 kB
SUnreclaim:       147628 kB
KernelStack:       47360 kB
PageTables:        64344 kB
NFS_Unstable:          0 kB
Bounce:                0 kB
WritebackTmp:          0 kB
CommitLimit:     9202292 kB
Committed_AS:   67552284 kB
VmallocTotal:   263061440 kB
VmallocUsed:      104408 kB
VmallocChunk:          0 kB
Percpu:             7680 kB
CmaTotal:         294912 kB
CmaFree:               0 kB
MemTotal:       12113136 kB
MemFree:          782740 kB
MemAvailable:    7855160 kB
Buffers:            8604 kB
Cached:          7128100 kB
SwapCached:            0 kB
Active:          2346212 kB
Inactive:        6106880 kB
Active(anon):    1029272 kB
Inactive(anon):   342016 kB
Active(file):    1316940 kB
Inactive(file):  5764864 kB
Unevictable:        5592 kB
Mlocked:            5592 kB
SwapTotal:       3145724 kB
SwapFree:        3145724 kB
Dirty:               688 kB
Writeback:             0 kB
AnonPages:       1322352 kB
Mapped:           689388 kB
Shmem:             50356 kB
KReclaimable:     875704 kB
Slab:             245616 kB
SReclaimable:      97956 kB
SUnreclaim:       147660 kB
KernelStack:       47376 kB
PageTables:        64344 kB
NFS_Unstable:          0 kB
Bounce:                0 kB
WritebackTmp:          0 kB
CommitLimit:     9202292 kB
Committed_AS:   67553492 kB
VmallocTotal:   263061440 kB
VmallocUsed:      104376 kB
VmallocChunk:          0 kB
Percpu:             7680 kB
CmaTotal:         294912 kB
CmaFree:               0 kB
MemTotal:       12113136 kB
MemFree:          781500 kB
MemAvailable:    7853948 kB
Buffers:            8604 kB
Cached:          7128192 kB
SwapCached:            0 kB
Active:          2347748 kB
Inactive:        6106972 kB
Active(anon):    1030808 kB
Inactive(anon):   342080 kB
Active(file):    1316940 kB
Inactive(file):  5764892 kB
Unevictable:        5592 kB
Mlocked:            5592 kB
SwapTotal:       3145724 kB
SwapFree:        3145724 kB
Dirty:               728 kB
Writeback:             0 kB
AnonPages:       1323500 kB
Mapped:           689352 kB
Shmem:             50420 kB
KReclaimable:     875704 kB
Slab:             245576 kB
SReclaimable:      97956 kB
SUnreclaim:       147620 kB
KernelStack:       47360 kB
PageTables:        64316 kB
NFS_Unstable:          0 kB
Bounce:                0 kB
WritebackTmp:          0 kB
CommitLimit:     9202292 kB
Committed_AS:   67553240 kB
VmallocTotal:   263061440 kB
VmallocUsed:      104392 kB
VmallocChunk:          0 kB
Percpu:             7680 kB
CmaTotal:         294912 kB
CmaFree:               0 kB
MemTotal:       12113136 kB
MemFree:          779444 kB
MemAvailable:    7851932 kB
Buffers:            8604 kB
Cached:          7128616 kB
SwapCached:            0 kB
Active:          2348520 kB
Inactive:        6107396 kB
Active(anon):    1031580 kB
Inactive(anon):   342464 kB
Active(file):    1316940 kB
Inactive(file):  5764932 kB
Unevictable:        5592 kB
Mlocked:            5592 kB
SwapTotal:       3145724 kB
SwapFree:        3145724 kB
Dirty:               800 kB
Writeback:             0 kB
AnonPages:       1324636 kB
Mapped:           689448 kB
Shmem:             50804 kB
KReclaimable:     875704 kB
Slab:             245584 kB
SReclaimable:      97956 kB
SUnreclaim:       147628 kB
KernelStack:       47360 kB
PageTables:        64344 kB
NFS_Unstable:          0 kB
Bounce:                0 kB
WritebackTmp:          0 kB
CommitLimit:     9202292 kB
Committed_AS:   67553088 kB
VmallocTotal:   263061440 kB
VmallocUsed:      104360 kB
VmallocChunk:          0 kB
Percpu:             7680 kB
CmaTotal:         294912 kB
CmaFree:               0 kB
MemTotal:       12113136 kB
MemFree:          778600 kB
MemAvailable:    7851104 kB
Buffers:            8604 kB
Cached:          7128824 kB
SwapCached:            0 kB
Active:          2349796 kB
Inactive:        6107604 kB
Active(anon):    1032856 kB
Inactive(anon):   342656 kB
Active(file):    1316940 kB
Inactive(file):  5764948 kB
Unevictable:        5592 kB
Mlocked:            5592 kB
SwapTotal:       3145724 kB
SwapFree:        3145724 kB
Dirty:               860 kB
Writeback:             0 kB
AnonPages:       1326028 kB
Mapped:           689220 kB
Shmem:             50996 kB
KReclaimable:     875704 kB
Slab:             245568 kB
SReclaimable:      97956 kB
SUnreclaim:       147612 kB
KernelStack:       47344 kB
PageTables:        64224 kB
NFS_Unstable:          0 kB
Bounce:                0 kB
WritebackTmp:          0 kB
CommitLimit:     9202292 kB
Committed_AS:   67548132 kB
VmallocTotal:   263061440 kB
VmallocUsed:      104360 kB
VmallocChunk:          0 kB
Percpu:             7680 kB
CmaTotal:         294912 kB
CmaFree:               0 kB
MemTotal:       12113136 kB
MemFree:          775572 kB
MemAvailable:    7848100 kB
Buffers:            8604 kB
Cached:          7129168 kB
SwapCached:            0 kB
Active:          2351884 kB
Inactive:        6107948 kB
Active(anon):    1034944 kB
Inactive(anon):   342976 kB
Active(file):    1316940 kB
Inactive(file):  5764972 kB
Unevictable:        5592 kB
Mlocked:            5592 kB
SwapTotal:       3145724 kB
SwapFree:        3145724 kB
Dirty:               900 kB
Writeback:             0 kB
AnonPages:       1327740 kB
Mapped:           689508 kB
Shmem:             51316 kB
KReclaimable:     875704 kB
Slab:             245576 kB
SReclaimable:      97956 kB
SUnreclaim:       147620 kB
KernelStack:       47376 kB
PageTables:        64464 kB
NFS_Unstable:          0 kB
Bounce:                0 kB
WritebackTmp:          0 kB
CommitLimit:     9202292 kB
Committed_AS:   67542008 kB
VmallocTotal:   263061440 kB
VmallocUsed:      104328 kB
VmallocChunk:          0 kB
Percpu:             7680 kB
CmaTotal:         294912 kB
CmaFree:               0 kB
MemTotal:       12113136 kB
MemFree:          775040 kB
MemAvailable:    7847588 kB
Buffers:            8604 kB
Cached:          7129380 kB
SwapCached:            0 kB
Active:          2352920 kB
Inactive:        6108160 kB
Active(anon):    1035980 kB
Inactive(anon):   343168 kB
Active(file):    1316940 kB
Inactive(file):  5764992 kB
Unevictable:        5592 kB
Mlocked:            5592 kB
SwapTotal:       3145724 kB
SwapFree:        3145724 kB
Dirty:               288 kB
Writeback:             0 kB
AnonPages:       1329088 kB
Mapped:           689440 kB
Shmem:             51508 kB
KReclaimable:     875704 kB
Slab:             245564 kB
SReclaimable:      97956 kB
SUnreclaim:       147608 kB
KernelStack:       47312 kB
PageTables:        64212 kB
NFS_Unstable:          0 kB
Bounce:                0 kB
WritebackTmp:          0 kB
CommitLimit:     9202292 kB
Committed_AS:   67542452 kB
VmallocTotal:   263061440 kB
VmallocUsed:      104312 kB
VmallocChunk:          0 kB
Percpu:             7680 kB
CmaTotal:         294912 kB
CmaFree:               0 kB
MemTotal:       12113136 kB
MemFree:          785012 kB
MemAvailable:    7857580 kB
Buffers:            8608 kB
Cached:          7129764 kB
SwapCached:            0 kB
Active:          2342656 kB
Inactive:        6108552 kB
Active(anon):    1025720 kB
Inactive(anon):   343552 kB
Active(file):    1316936 kB
Inactive(file):  5765000 kB
Unevictable:        5592 kB
Mlocked:            5592 kB
SwapTotal:       3145724 kB
SwapFree:        3145724 kB
Dirty:               376 kB
Writeback:             0 kB
AnonPages:       1318232 kB
Mapped:           689440 kB
Shmem:             51892 kB
KReclaimable:     875720 kB
Slab:             245652 kB
SReclaimable:      97972 kB
SUnreclaim:       147680 kB
KernelStack:       47360 kB
PageTables:        64324 kB
NFS_Unstable:          0 kB
Bounce:                0 kB
WritebackTmp:          0 kB
CommitLimit:     9202292 kB
Committed_AS:   67537836 kB
VmallocTotal:   263061440 kB
VmallocUsed:      104312 kB
VmallocChunk:          0 kB
Percpu:             7680 kB
CmaTotal:         294912 kB
CmaFree:             376 kB
MemTotal:       12113136 kB
MemFree:          784656 kB
MemAvailable:    7857276 kB
Buffers:            8608 kB
Cached:          7129944 kB
SwapCached:            0 kB
Active:          2343464 kB
Inactive:        6108724 kB
Active(anon):    1026520 kB
Inactive(anon):   343680 kB
Active(file):    1316944 kB
Inactive(file):  5765044 kB
Unevictable:        5592 kB
Mlocked:            5592 kB
SwapTotal:       3145724 kB
SwapFree:        3145724 kB
Dirty:               408 kB
Writeback:             0 kB
AnonPages:       1319296 kB
Mapped:           689756 kB
Shmem:             52020 kB
KReclaimable:     875720 kB
Slab:             245636 kB
SReclaimable:      97972 kB
SUnreclaim:       147664 kB
KernelStack:       47344 kB
PageTables:        64344 kB
NFS_Unstable:          0 kB
Bounce:                0 kB
WritebackTmp:          0 kB
CommitLimit:     9202292 kB
Committed_AS:   67538312 kB
VmallocTotal:   263061440 kB
VmallocUsed:      104312 kB
VmallocChunk:          0 kB
Percpu:             7680 kB
CmaTotal:         294912 kB
CmaFree:               0 kB
MemTotal:       12113136 kB
MemFree:          781308 kB
MemAvailable:    7853956 kB
Buffers:            8608 kB
Cached:          7130356 kB
SwapCached:            0 kB
Active:          2344944 kB
Inactive:        6109136 kB
Active(anon):    1028000 kB
Inactive(anon):   344064 kB
Active(file):    1316944 kB
Inactive(file):  5765072 kB
Unevictable:        5592 kB
Mlocked:            5592 kB
SwapTotal:       3145724 kB
SwapFree:        3145724 kB
Dirty:               460 kB
Writeback:             0 kB
AnonPages:       1320952 kB
Mapped:           689856 kB
Shmem:             52404 kB
KReclaimable:     875720 kB
Slab:             245700 kB
SReclaimable:      97972 kB
SUnreclaim:       147728 kB
KernelStack:       47360 kB
PageTables:        64376 kB
NFS_Unstable:          0 kB
Bounce:                0 kB
WritebackTmp:          0 kB
CommitLimit:     9202292 kB
Committed_AS:   67552832 kB
VmallocTotal:   263061440 kB
VmallocUsed:      104392 kB
VmallocChunk:          0 kB
Percpu:             7680 kB
CmaTotal:         294912 kB
CmaFree:               0 kB
MemTotal:       12113136 kB
MemFree:          780000 kB
MemAvailable:    7852660 kB
Buffers:            8608 kB
Cached:          7130496 kB
SwapCached:            0 kB
Active:          2346392 kB
Inactive:        6109276 kB
Active(anon):    1029448 kB
Inactive(anon):   344192 kB
Active(file):    1316944 kB
Inactive(file):  5765084 kB
Unevictable:        5592 kB
Mlocked:            5592 kB
SwapTotal:       3145724 kB
SwapFree:        3145724 kB
Dirty:               484 kB
Writeback:             0 kB
AnonPages:       1322336 kB
Mapped:           689560 kB
Shmem:             52532 kB
KReclaimable:     875720 kB
Slab:             245708 kB
SReclaimable:      97972 kB
SUnreclaim:       147736 kB
KernelStack:       47344 kB
PageTables:        64344 kB
NFS_Unstable:          0 kB
Bounce:                0 kB
WritebackTmp:          0 kB
CommitLimit:     9202292 kB
Committed_AS:   67548172 kB
VmallocTotal:   263061440 kB
VmallocUsed:      104312 kB
VmallocChunk:          0 kB
Percpu:             7680 kB
CmaTotal:         294912 kB
CmaFree:               0 kB
MemTotal:       12113136 kB
MemFree:          790720 kB
MemAvailable:    7863404 kB
Buffers:            8608 kB
Cached:          7126064 kB
SwapCached:            0 kB
Active:          2337392 kB
Inactive:        6104844 kB
Active(anon):    1020448 kB
Inactive(anon):   339736 kB
Active(file):    1316944 kB
Inactive(file):  5765108 kB
Unevictable:        5592 kB
Mlocked:            5592 kB
SwapTotal:       3145724 kB
SwapFree:        3145724 kB
Dirty:               560 kB
Writeback:             0 kB
AnonPages:       1313148 kB
Mapped:           689560 kB
Shmem:             48076 kB
KReclaimable:     875720 kB
Slab:             245708 kB
SReclaimable:      97972 kB
SUnreclaim:       147736 kB
KernelStack:       47344 kB
PageTables:        64396 kB
NFS_Unstable:          0 kB
Bounce:                0 kB
WritebackTmp:          0 kB
CommitLimit:     9202292 kB
Committed_AS:   67552672 kB
VmallocTotal:   263061440 kB
VmallocUsed:      104296 kB
VmallocChunk:          0 kB
Percpu:             7680 kB
CmaTotal:         294912 kB
CmaFree:               0 kB
MemTotal:       12113136 kB
MemFree:          789992 kB
MemAvailable:    7862700 kB
Buffers:            8608 kB
Cached:          7126000 kB
SwapCached:            0 kB
Active:          2337844 kB
Inactive:        6104780 kB
Active(anon):    1020900 kB
Inactive(anon):   339648 kB
Active(file):    1316944 kB
Inactive(file):  5765132 kB
Unevictable:        5592 kB
Mlocked:            5592 kB
SwapTotal:       3145724 kB
SwapFree:        3145724 kB
Dirty:               600 kB
Writeback:             0 kB
AnonPages:       1313492 kB
Mapped:           689880 kB
Shmem:             47988 kB
KReclaimable:     875720 kB
Slab:             245668 kB
SReclaimable:      97972 kB
SUnreclaim:       147696 kB
KernelStack:       47344 kB
PageTables:        64340 kB
NFS_Unstable:          0 kB
Bounce:                0 kB
WritebackTmp:          0 kB
CommitLimit:     9202292 kB
Committed_AS:   67555548 kB
VmallocTotal:   263061440 kB
VmallocUsed:      104328 kB
VmallocChunk:          0 kB
Percpu:             7680 kB
CmaTotal:         294912 kB
CmaFree:              36 kB
MemTotal:       12113136 kB
MemFree:          789528 kB
MemAvailable:    7862240 kB
Buffers:            8608 kB
Cached:          7126420 kB
SwapCached:            0 kB
Active:          2338596 kB
Inactive:        6105204 kB
Active(anon):    1021656 kB
Inactive(anon):   340064 kB
Active(file):    1316940 kB
Inactive(file):  5765140 kB
Unevictable:        5592 kB
Mlocked:            5592 kB
SwapTotal:       3145724 kB
SwapFree:        3145724 kB
Dirty:               648 kB
Writeback:             0 kB
AnonPages:       1314732 kB
Mapped:           689912 kB
Shmem:             48404 kB
KReclaimable:     875720 kB
Slab:             245668 kB
SReclaimable:      97972 kB
SUnreclaim:       147696 kB
KernelStack:       47344 kB
PageTables:        64340 kB
NFS_Unstable:          0 kB
Bounce:                0 kB
WritebackTmp:          0 kB
CommitLimit:     9202292 kB
Committed_AS:   67555452 kB
VmallocTotal:   263061440 kB
VmallocUsed:      104328 kB
VmallocChunk:          0 kB
Percpu:             7680 kB
CmaTotal:         294912 kB
CmaFree:               0 kB
MemTotal:       12113136 kB
MemFree:          788776 kB
MemAvailable:    7861528 kB
Buffers:            8608 kB
Cached:          7126460 kB
SwapCached:            0 kB
Active:          2338980 kB
Inactive:        6105240 kB
Active(anon):    1022036 kB
Inactive(anon):   340064 kB
Active(file):    1316944 kB
Inactive(file):  5765176 kB
Unevictable:        5592 kB
Mlocked:            5592 kB
SwapTotal:       3145724 kB
SwapFree:        3145724 kB
Dirty:               688 kB
Writeback:             0 kB
AnonPages:       1314772 kB
Mapped:           689800 kB
Shmem:             48404 kB
KReclaimable:     875720 kB
Slab:             245668 kB
SReclaimable:      97972 kB
SUnreclaim:       147696 kB
KernelStack:       47344 kB
PageTables:        64364 kB
NFS_Unstable:          0 kB
Bounce:                0 kB
WritebackTmp:          0 kB
CommitLimit:     9202292 kB
Committed_AS:   67543772 kB
VmallocTotal:   263061440 kB
VmallocUsed:      104344 kB
VmallocChunk:          0 kB
Percpu:             7680 kB
CmaTotal:         294912 kB
CmaFree:               0 kB
MemTotal:       12113136 kB
MemFree:          789324 kB
MemAvailable:    7862088 kB
Buffers:            8608 kB
Cached:          7126984 kB
SwapCached:            0 kB
Active:          2340836 kB
Inactive:        6105764 kB
Active(anon):    1023892 kB
Inactive(anon):   340576 kB
Active(file):    1316944 kB
Inactive(file):  5765188 kB
Unevictable:        5592 kB
Mlocked:            5592 kB
SwapTotal:       3145724 kB
SwapFree:        3145724 kB
Dirty:               756 kB
Writeback:             0 kB
AnonPages:       1316836 kB
Mapped:           689972 kB
Shmem:             48916 kB
KReclaimable:     875720 kB
Slab:             245668 kB
SReclaimable:      97972 kB
SUnreclaim:       147696 kB
KernelStack:       47360 kB
PageTables:        64344 kB
NFS_Unstable:          0 kB
Bounce:                0 kB
WritebackTmp:          0 kB
CommitLimit:     9202292 kB
Committed_AS:   67554184 kB
VmallocTotal:   263061440 kB
VmallocUsed:      104360 kB
VmallocChunk:          0 kB
Percpu:             7680 kB
CmaTotal:         294912 kB
CmaFree:               0 kB
MemTotal:       12113136 kB
MemFree:          786856 kB
MemAvailable:    7859640 kB
Buffers:            8608 kB
Cached:          7127008 kB
SwapCached:            0 kB
Active:          2341956 kB
Inactive:        6105788 kB
Active(anon):    1025016 kB
Inactive(anon):   340576 kB
Active(file):    1316940 kB
Inactive(file):  5765212 kB
Unevictable:        5592 kB
Mlocked:            5592 kB
SwapTotal:       3145724 kB
SwapFree:        3145724 kB
Dirty:               792 kB
Writeback:             0 kB
AnonPages:       1317624 kB
Mapped:           689712 kB
Shmem:             48916 kB
KReclaimable:     875720 kB
Slab:             245668 kB
SReclaimable:      97972 kB
SUnreclaim:       147696 kB
KernelStack:       47344 kB
PageTables:        64340 kB
NFS_Unstable:          0 kB
Bounce:                0 kB
WritebackTmp:          0 kB
CommitLimit:     9202292 kB
Committed_AS:   67553936 kB
VmallocTotal:   263061440 kB
VmallocUsed:      104344 kB
VmallocChunk:          0 kB
Percpu:             7680 kB
CmaTotal:         294912 kB
CmaFree:               0 kB
MemTotal:       12113136 kB
MemFree:          786264 kB
MemAvailable:    7859088 kB
Buffers:            8608 kB
Cached:          7127444 kB
SwapCached:            0 kB
Active:          2343484 kB
Inactive:        6106224 kB
Active(anon):    1026540 kB
Inactive(anon):   340976 kB
Active(file):    1316944 kB
Inactive(file):  5765248 kB
Unevictable:        5592 kB
Mlocked:            5592 kB
SwapTotal:       3145724 kB
SwapFree:        3145724 kB
Dirty:               872 kB
Writeback:             0 kB
AnonPages:       1319332 kB
Mapped:           690032 kB
Shmem:             49316 kB
KReclaimable:     875720 kB
Slab:             245668 kB
SReclaimable:      97972 kB
SUnreclaim:       147696 kB
KernelStack:       47360 kB
PageTables:        64456 kB
NFS_Unstable:          0 kB
Bounce:                0 kB
WritebackTmp:          0 kB
CommitLimit:     9202292 kB
Committed_AS:   67542868 kB
VmallocTotal:   263061440 kB
VmallocUsed:      104344 kB
VmallocChunk:          0 kB
Percpu:             7680 kB
CmaTotal:         294912 kB
CmaFree:               0 kB
MemTotal:       12113136 kB
MemFree:          785060 kB
MemAvailable:    7857900 kB
Buffers:            8608 kB
Cached:          7127652 kB
SwapCached:            0 kB
Active:          2344068 kB
Inactive:        6106432 kB
Active(anon):    1027124 kB
Inactive(anon):   341168 kB
Active(file):    1316944 kB
Inactive(file):  5765264 kB
Unevictable:        5592 kB
Mlocked:            5592 kB
SwapTotal:       3145724 kB
SwapFree:        3145724 kB
Dirty:               900 kB
Writeback:             0 kB
AnonPages:       1319888 kB
Mapped:           689852 kB
Shmem:             49508 kB
KReclaimable:     875720 kB
Slab:             245668 kB
SReclaimable:      97972 kB
SUnreclaim:       147696 kB
KernelStack:       47328 kB
PageTables:        64328 kB
NFS_Unstable:          0 kB
Bounce:                0 kB
WritebackTmp:          0 kB
CommitLimit:     9202292 kB
Committed_AS:   67539840 kB
VmallocTotal:   263061440 kB
VmallocUsed:      104312 kB
VmallocChunk:          0 kB
Percpu:             7680 kB
CmaTotal:         294912 kB
CmaFree:               0 kB
MemTotal:       12113136 kB
MemFree:          782228 kB
MemAvailable:    7855084 kB
Buffers:            8608 kB
Cached:          7128068 kB
SwapCached:            0 kB
Active:          2346180 kB
Inactive:        6106848 kB
Active(anon):    1029236 kB
Inactive(anon):   341568 kB
Active(file):    1316944 kB
Inactive(file):  5765280 kB
Unevictable:        5592 kB
Mlocked:            5592 kB
SwapTotal:       3145724 kB
SwapFree:        3145724 kB
Dirty:               956 kB
Writeback:             0 kB
AnonPages:       1321984 kB
Mapped:           690020 kB
Shmem:             49908 kB
KReclaimable:     875720 kB
Slab:             245668 kB
SReclaimable:      97972 kB
SUnreclaim:       147696 kB
KernelStack:       47328 kB
PageTables:        64328 kB
NFS_Unstable:          0 kB
Bounce:                0 kB
WritebackTmp:          0 kB
CommitLimit:     9202292 kB
Committed_AS:   67541980 kB
VmallocTotal:   263061440 kB
VmallocUsed:      104344 kB
VmallocChunk:          0 kB
Percpu:             7680 kB
CmaTotal:         294912 kB
CmaFree:               0 kB
MemTotal:       12113136 kB
MemFree:          784324 kB
MemAvailable:    7857188 kB
Buffers:            8608 kB
Cached:          7128260 kB
SwapCached:            0 kB
Active:          2343008 kB
Inactive:        6107044 kB
Active(anon):    1026064 kB
Inactive(anon):   341740 kB
Active(file):    1316944 kB
Inactive(file):  5765304 kB
Unevictable:        5592 kB
Mlocked:            5592 kB
SwapTotal:       3145724 kB
SwapFree:        3145724 kB
Dirty:               996 kB
Writeback:             0 kB
AnonPages:       1318516 kB
Mapped:           687996 kB
Shmem:             50076 kB
KReclaimable:     875704 kB
Slab:             245652 kB
SReclaimable:      97956 kB
SUnreclaim:       147696 kB
KernelStack:       47376 kB
PageTables:        64376 kB
NFS_Unstable:          0 kB
Bounce:                0 kB
WritebackTmp:          0 kB
CommitLimit:     9202292 kB
Committed_AS:   67545104 kB
VmallocTotal:   263061440 kB
VmallocUsed:      104328 kB
VmallocChunk:          0 kB
Percpu:             7680 kB
CmaTotal:         294912 kB
CmaFree:               8 kB
MemTotal:       12113136 kB
MemFree:          783624 kB
MemAvailable:    7856508 kB
Buffers:            8608 kB
Cached:          7128592 kB
SwapCached:            0 kB
Active:          2343704 kB
Inactive:        6107372 kB
Active(anon):    1026760 kB
Inactive(anon):   342048 kB
Active(file):    1316944 kB
Inactive(file):  5765324 kB
Unevictable:        5592 kB
Mlocked:            5592 kB
SwapTotal:       3145724 kB
SwapFree:        3145724 kB
Dirty:               260 kB
Writeback:             0 kB
AnonPages:       1319412 kB
Mapped:           688092 kB
Shmem:             50388 kB
KReclaimable:     875704 kB
Slab:             245648 kB
SReclaimable:      97956 kB
SUnreclaim:       147692 kB
KernelStack:       47344 kB
PageTables:        64332 kB
NFS_Unstable:          0 kB
Bounce:                0 kB
WritebackTmp:          0 kB
CommitLimit:     9202292 kB
Committed_AS:   67551564 kB
VmallocTotal:   263061440 kB
VmallocUsed:      104328 kB
