MemTotal:       12113140 kB
MemFree:         1064108 kB
MemAvailable:    7993864 kB
Buffers:            5420 kB
Cached:          6553476 kB
SwapCached:         1432 kB
Active:          3509220 kB
Inactive:        4719480 kB
Active(anon):    1088480 kB
Inactive(anon):   629752 kB
Active(file):    2420740 kB
Inactive(file):  4089728 kB
Unevictable:        5576 kB
Mlocked:            5576 kB
SwapTotal:       3145724 kB
SwapFree:        3118820 kB
Dirty:               304 kB
Writeback:             0 kB
AnonPages:       1674196 kB
Mapped:           550212 kB
Shmem:             43892 kB
KReclaimable:    1287992 kB
Slab:             236500 kB
SReclaimable:      84040 kB
SUnreclaim:       152460 kB
KernelStack:       55328 kB
PageTables:        68048 kB
NFS_Unstable:          0 kB
Bounce:                0 kB
WritebackTmp:          0 kB
CommitLimit:     9202292 kB
Committed_AS:   74551652 kB
VmallocTotal:   263061440 kB
VmallocUsed:      112276 kB
VmallocChunk:          0 kB
Percpu:             7616 kB
CmaTotal:         294912 kB
CmaFree:               0 kB
MemTotal:       12113140 kB
MemFree:         1051828 kB
MemAvailable:    7975344 kB
Buffers:            5420 kB
Cached:          6551908 kB
SwapCached:         1432 kB
Active:          3520068 kB
Inactive:        4718980 kB
Active(anon):    1100396 kB
Inactive(anon):   629240 kB
Active(file):    2419672 kB
Inactive(file):  4089740 kB
Unevictable:        5576 kB
Mlocked:            5576 kB
SwapTotal:       3145724 kB
SwapFree:        3118820 kB
Dirty:               336 kB
Writeback:             0 kB
AnonPages:       1685884 kB
Mapped:           568152 kB
Shmem:             43380 kB
KReclaimable:    1282808 kB
Slab:             236540 kB
SReclaimable:      84056 kB
SUnreclaim:       152484 kB
KernelStack:       55680 kB
PageTables:        68364 kB
NFS_Unstable:          0 kB
Bounce:                0 kB
WritebackTmp:          0 kB
CommitLimit:     9202292 kB
Committed_AS:   74634868 kB
VmallocTotal:   263061440 kB
VmallocUsed:      112612 kB
VmallocChunk:          0 kB
Percpu:             7616 kB
CmaTotal:         294912 kB
CmaFree:               0 kB
MemTotal:       12113140 kB
MemFree:         1050152 kB
MemAvailable:    7886288 kB
Buffers:            5420 kB
Cached:          6540464 kB
SwapCached:         1432 kB
Active:          3535708 kB
Inactive:        4707504 kB
Active(anon):    1116032 kB
Inactive(anon):   629488 kB
Active(file):    2419676 kB
Inactive(file):  4078016 kB
Unevictable:        5576 kB
Mlocked:            5576 kB
SwapTotal:       3145724 kB
SwapFree:        3118820 kB
Dirty:               352 kB
Writeback:             0 kB
AnonPages:       1701432 kB
Mapped:           568728 kB
Shmem:             43628 kB
KReclaimable:    1207148 kB
Slab:             236556 kB
SReclaimable:      84056 kB
SUnreclaim:       152500 kB
KernelStack:       55600 kB
PageTables:        68380 kB
NFS_Unstable:          0 kB
Bounce:                0 kB
WritebackTmp:          0 kB
CommitLimit:     9202292 kB
Committed_AS:   74652004 kB
VmallocTotal:   263061440 kB
VmallocUsed:      112660 kB
VmallocChunk:          0 kB
Percpu:             7616 kB
CmaTotal:         294912 kB
CmaFree:               0 kB
MemTotal:       12113140 kB
MemFree:         1020216 kB
MemAvailable:    7770360 kB
Buffers:            5420 kB
Cached:          6540952 kB
SwapCached:         1432 kB
Active:          3569328 kB
Inactive:        4708100 kB
Active(anon):    1149644 kB
Inactive(anon):   629792 kB
Active(file):    2419684 kB
Inactive(file):  4078308 kB
Unevictable:        5576 kB
Mlocked:            5576 kB
SwapTotal:       3145724 kB
SwapFree:        3118820 kB
Dirty:               624 kB
Writeback:             0 kB
AnonPages:       1735436 kB
Mapped:           579508 kB
Shmem:             44104 kB
KReclaimable:    1120856 kB
Slab:             235984 kB
SReclaimable:      83480 kB
SUnreclaim:       152504 kB
KernelStack:       56184 kB
PageTables:        68764 kB
NFS_Unstable:          0 kB
Bounce:                0 kB
WritebackTmp:          0 kB
CommitLimit:     9202292 kB
Committed_AS:   74694188 kB
VmallocTotal:   263061440 kB
VmallocUsed:      113188 kB
VmallocChunk:          0 kB
Percpu:             7616 kB
CmaTotal:         294912 kB
CmaFree:               0 kB
MemTotal:       12113140 kB
MemFree:          819656 kB
MemAvailable:    7642608 kB
Buffers:            5420 kB
Cached:          6542840 kB
SwapCached:         1432 kB
Active:          3766812 kB
Inactive:        4709976 kB
Active(anon):    1347132 kB
Inactive(anon):   631768 kB
Active(file):    2419680 kB
Inactive(file):  4078208 kB
Unevictable:        5576 kB
Mlocked:            5576 kB
SwapTotal:       3145724 kB
SwapFree:        3118820 kB
Dirty:               704 kB
Writeback:             0 kB
AnonPages:       1932800 kB
Mapped:           580356 kB
Shmem:             45836 kB
KReclaimable:    1193768 kB
Slab:             236024 kB
SReclaimable:      83496 kB
SUnreclaim:       152528 kB
KernelStack:       56240 kB
PageTables:        69584 kB
NFS_Unstable:          0 kB
Bounce:                0 kB
WritebackTmp:          0 kB
CommitLimit:     9202292 kB
Committed_AS:   74889704 kB
VmallocTotal:   263061440 kB
VmallocUsed:      113204 kB
VmallocChunk:          0 kB
Percpu:             7616 kB
CmaTotal:         294912 kB
CmaFree:               0 kB
MemTotal:       12113140 kB
MemFree:          814544 kB
MemAvailable:    7637460 kB
Buffers:            5420 kB
Cached:          6542804 kB
SwapCached:         1432 kB
Active:          3768604 kB
Inactive:        4709940 kB
Active(anon):    1348924 kB
Inactive(anon):   631768 kB
Active(file):    2419680 kB
Inactive(file):  4078172 kB
Unevictable:        5576 kB
Mlocked:            5576 kB
SwapTotal:       3145724 kB
SwapFree:        3118820 kB
Dirty:              2436 kB
Writeback:             0 kB
AnonPages:       1934632 kB
Mapped:           580364 kB
Shmem:             45836 kB
KReclaimable:    1193768 kB
Slab:             236036 kB
SReclaimable:      83496 kB
SUnreclaim:       152540 kB
KernelStack:       56176 kB
PageTables:        69732 kB
NFS_Unstable:          0 kB
Bounce:                0 kB
WritebackTmp:          0 kB
CommitLimit:     9202292 kB
Committed_AS:   74907032 kB
VmallocTotal:   263061440 kB
VmallocUsed:      113172 kB
VmallocChunk:          0 kB
Percpu:             7616 kB
CmaTotal:         294912 kB
CmaFree:               0 kB
MemTotal:       12113140 kB
MemFree:          887264 kB
MemAvailable:    7620796 kB
Buffers:            5420 kB
Cached:          6542804 kB
SwapCached:         1432 kB
Active:          3696432 kB
Inactive:        4709940 kB
Active(anon):    1276752 kB
Inactive(anon):   631768 kB
Active(file):    2419680 kB
Inactive(file):  4078172 kB
Unevictable:        5576 kB
Mlocked:            5576 kB
SwapTotal:       3145724 kB
SwapFree:        3118820 kB
Dirty:              2440 kB
Writeback:             0 kB
AnonPages:       1862352 kB
Mapped:           592268 kB
Shmem:             45836 kB
KReclaimable:    1104384 kB
Slab:             236132 kB
SReclaimable:      83496 kB
SUnreclaim:       152636 kB
KernelStack:       56208 kB
PageTables:        69552 kB
NFS_Unstable:          0 kB
Bounce:                0 kB
WritebackTmp:          0 kB
CommitLimit:     9202292 kB
Committed_AS:   74840692 kB
VmallocTotal:   263061440 kB
VmallocUsed:      113156 kB
VmallocChunk:          0 kB
Percpu:             7616 kB
CmaTotal:         294912 kB
CmaFree:               0 kB
MemTotal:       12113140 kB
MemFree:          878304 kB
MemAvailable:    7687524 kB
Buffers:            5420 kB
Cached:          6542812 kB
SwapCached:         1432 kB
Active:          3702544 kB
Inactive:        4709948 kB
Active(anon):    1282864 kB
Inactive(anon):   631768 kB
Active(file):    2419680 kB
Inactive(file):  4078180 kB
Unevictable:        5576 kB
Mlocked:            5576 kB
SwapTotal:       3145724 kB
SwapFree:        3118820 kB
Dirty:              2480 kB
Writeback:             0 kB
AnonPages:       1868576 kB
Mapped:           585916 kB
Shmem:             45836 kB
KReclaimable:    1180064 kB
Slab:             236172 kB
SReclaimable:      83496 kB
SUnreclaim:       152676 kB
KernelStack:       56144 kB
PageTables:        69656 kB
NFS_Unstable:          0 kB
Bounce:                0 kB
WritebackTmp:          0 kB
CommitLimit:     9202292 kB
Committed_AS:   74848744 kB
VmallocTotal:   263061440 kB
VmallocUsed:      113172 kB
VmallocChunk:          0 kB
Percpu:             7616 kB
CmaTotal:         294912 kB
CmaFree:               0 kB
MemTotal:       12113140 kB
MemFree:          564700 kB
MemAvailable:    7274072 kB
Buffers:            5420 kB
Cached:          6542792 kB
SwapCached:         1432 kB
Active:          4013244 kB
Inactive:        4709896 kB
Active(anon):    1593532 kB
Inactive(anon):   631748 kB
Active(file):    2419712 kB
Inactive(file):  4078148 kB
Unevictable:        5576 kB
Mlocked:            5576 kB
SwapTotal:       3145724 kB
SwapFree:        3118820 kB
Dirty:              2556 kB
Writeback:             0 kB
AnonPages:       2179172 kB
Mapped:           592380 kB
Shmem:             45816 kB
KReclaimable:    1079952 kB
Slab:             236204 kB
SReclaimable:      83496 kB
SUnreclaim:       152708 kB
KernelStack:       56112 kB
PageTables:        70360 kB
NFS_Unstable:          0 kB
Bounce:                0 kB
WritebackTmp:          0 kB
CommitLimit:     9202292 kB
Committed_AS:   75150708 kB
VmallocTotal:   263061440 kB
VmallocUsed:      113124 kB
VmallocChunk:          0 kB
Percpu:             7616 kB
CmaTotal:         294912 kB
CmaFree:               0 kB
MemTotal:       12113140 kB
MemFree:          790988 kB
MemAvailable:    7265868 kB
Buffers:            5420 kB
Cached:          6542804 kB
SwapCached:         1432 kB
Active:          3788408 kB
Inactive:        4709904 kB
Active(anon):    1368692 kB
Inactive(anon):   631760 kB
Active(file):    2419716 kB
Inactive(file):  4078144 kB
Unevictable:        5576 kB
Mlocked:            5576 kB
SwapTotal:       3145724 kB
SwapFree:        3118820 kB
Dirty:              2636 kB
Writeback:             0 kB
AnonPages:       1954656 kB
Mapped:           600408 kB
Shmem:             45828 kB
KReclaimable:     845724 kB
Slab:             236764 kB
SReclaimable:      83496 kB
SUnreclaim:       153268 kB
KernelStack:       56144 kB
PageTables:        70080 kB
NFS_Unstable:          0 kB
Bounce:                0 kB
WritebackTmp:          0 kB
CommitLimit:     9202292 kB
Committed_AS:   74941860 kB
VmallocTotal:   263061440 kB
VmallocUsed:      113156 kB
VmallocChunk:          0 kB
Percpu:             7616 kB
CmaTotal:         294912 kB
CmaFree:             168 kB
MemTotal:       12113140 kB
MemFree:          811844 kB
MemAvailable:    7250768 kB
Buffers:            5420 kB
Cached:          6542568 kB
SwapCached:         1432 kB
Active:          3768548 kB
Inactive:        4709664 kB
Active(anon):    1348828 kB
Inactive(anon):   632048 kB
Active(file):    2419720 kB
Inactive(file):  4077616 kB
Unevictable:        5576 kB
Mlocked:            5576 kB
SwapTotal:       3145724 kB
SwapFree:        3118820 kB
Dirty:              2124 kB
Writeback:             0 kB
AnonPages:       1934452 kB
Mapped:           603948 kB
Shmem:             46116 kB
KReclaimable:     810292 kB
Slab:             236952 kB
SReclaimable:      83496 kB
SUnreclaim:       153456 kB
KernelStack:       56128 kB
PageTables:        70072 kB
NFS_Unstable:          0 kB
Bounce:                0 kB
WritebackTmp:          0 kB
CommitLimit:     9202292 kB
Committed_AS:   74914472 kB
VmallocTotal:   263061440 kB
VmallocUsed:      113172 kB
VmallocChunk:          0 kB
Percpu:             7616 kB
CmaTotal:         294912 kB
CmaFree:               0 kB
MemTotal:       12113140 kB
MemFree:          801592 kB
MemAvailable:    7046620 kB
Buffers:            5420 kB
Cached:          6542568 kB
SwapCached:         1432 kB
Active:          3778320 kB
Inactive:        4709664 kB
Active(anon):    1358600 kB
Inactive(anon):   632048 kB
Active(file):    2419720 kB
Inactive(file):  4077616 kB
Unevictable:        5576 kB
Mlocked:            5576 kB
SwapTotal:       3145724 kB
SwapFree:        3118820 kB
Dirty:              2140 kB
Writeback:             0 kB
AnonPages:       1944396 kB
Mapped:           606424 kB
Shmem:             46116 kB
KReclaimable:     616396 kB
Slab:             237112 kB
SReclaimable:      83496 kB
SUnreclaim:       153616 kB
KernelStack:       56224 kB
PageTables:        70360 kB
NFS_Unstable:          0 kB
Bounce:                0 kB
WritebackTmp:          0 kB
CommitLimit:     9202292 kB
Committed_AS:   74916160 kB
VmallocTotal:   263061440 kB
VmallocUsed:      113172 kB
VmallocChunk:          0 kB
Percpu:             7616 kB
CmaTotal:         294912 kB
CmaFree:               0 kB
MemTotal:       12113140 kB
MemFree:          793544 kB
MemAvailable:    7038440 kB
Buffers:            5420 kB
Cached:          6542568 kB
SwapCached:         1432 kB
Active:          3784676 kB
Inactive:        4709660 kB
Active(anon):    1364952 kB
Inactive(anon):   632048 kB
Active(file):    2419724 kB
Inactive(file):  4077612 kB
Unevictable:        5576 kB
Mlocked:            5576 kB
SwapTotal:       3145724 kB
SwapFree:        3118820 kB
Dirty:              2140 kB
Writeback:             0 kB
AnonPages:       1950616 kB
Mapped:           606456 kB
Shmem:             46116 kB
KReclaimable:     616264 kB
Slab:             237072 kB
SReclaimable:      83496 kB
SUnreclaim:       153576 kB
KernelStack:       56144 kB
PageTables:        70128 kB
NFS_Unstable:          0 kB
Bounce:                0 kB
WritebackTmp:          0 kB
CommitLimit:     9202292 kB
Committed_AS:   74939076 kB
VmallocTotal:   263061440 kB
VmallocUsed:      113172 kB
VmallocChunk:          0 kB
Percpu:             7616 kB
CmaTotal:         294912 kB
CmaFree:               0 kB
MemTotal:       12113140 kB
MemFree:          804204 kB
MemAvailable:    7049212 kB
Buffers:            5420 kB
Cached:          6542568 kB
SwapCached:         1432 kB
Active:          3772076 kB
Inactive:        4709660 kB
Active(anon):    1352352 kB
Inactive(anon):   632048 kB
Active(file):    2419724 kB
Inactive(file):  4077612 kB
Unevictable:        5576 kB
Mlocked:            5576 kB
SwapTotal:       3145724 kB
SwapFree:        3118820 kB
Dirty:              2144 kB
Writeback:             0 kB
AnonPages:       1937900 kB
Mapped:           606444 kB
Shmem:             46116 kB
KReclaimable:     616376 kB
Slab:             237252 kB
SReclaimable:      83608 kB
SUnreclaim:       153644 kB
KernelStack:       56240 kB
PageTables:        70132 kB
NFS_Unstable:          0 kB
Bounce:                0 kB
WritebackTmp:          0 kB
CommitLimit:     9202292 kB
Committed_AS:   74926740 kB
VmallocTotal:   263061440 kB
VmallocUsed:      113156 kB
VmallocChunk:          0 kB
Percpu:             7616 kB
CmaTotal:         294912 kB
CmaFree:               0 kB
MemTotal:       12113140 kB
MemFree:          794936 kB
MemAvailable:    7032500 kB
Buffers:            5420 kB
Cached:          6543052 kB
SwapCached:         1432 kB
Active:          3781532 kB
Inactive:        4710144 kB
Active(anon):    1361808 kB
Inactive(anon):   632048 kB
Active(file):    2419724 kB
Inactive(file):  4078096 kB
Unevictable:        5576 kB
Mlocked:            5576 kB
SwapTotal:       3145724 kB
SwapFree:        3118820 kB
Dirty:              2696 kB
Writeback:             0 kB
AnonPages:       1947516 kB
Mapped:           607328 kB
Shmem:             46116 kB
KReclaimable:     608448 kB
Slab:             237636 kB
SReclaimable:      84024 kB
SUnreclaim:       153612 kB
KernelStack:       56160 kB
PageTables:        70056 kB
NFS_Unstable:          0 kB
Bounce:                0 kB
WritebackTmp:          0 kB
CommitLimit:     9202292 kB
Committed_AS:   74928180 kB
VmallocTotal:   263061440 kB
VmallocUsed:      113172 kB
VmallocChunk:          0 kB
Percpu:             7616 kB
CmaTotal:         294912 kB
CmaFree:               0 kB
MemTotal:       12113140 kB
MemFree:          791856 kB
MemAvailable:    7028792 kB
Buffers:            5420 kB
Cached:          6543056 kB
SwapCached:         1432 kB
Active:          3782852 kB
Inactive:        4710148 kB
Active(anon):    1363128 kB
Inactive(anon):   632048 kB
Active(file):    2419724 kB
Inactive(file):  4078100 kB
Unevictable:        5576 kB
Mlocked:            5576 kB
SwapTotal:       3145724 kB
SwapFree:        3118820 kB
Dirty:              2704 kB
Writeback:             0 kB
AnonPages:       1948812 kB
Mapped:           607404 kB
Shmem:             46116 kB
KReclaimable:     607816 kB
Slab:             237712 kB
SReclaimable:      84040 kB
SUnreclaim:       153672 kB
KernelStack:       56144 kB
PageTables:        70152 kB
NFS_Unstable:          0 kB
Bounce:                0 kB
WritebackTmp:          0 kB
CommitLimit:     9202292 kB
Committed_AS:   74931780 kB
VmallocTotal:   263061440 kB
VmallocUsed:      113188 kB
VmallocChunk:          0 kB
Percpu:             7616 kB
CmaTotal:         294912 kB
CmaFree:               0 kB
MemTotal:       12113140 kB
MemFree:          798824 kB
MemAvailable:    7035248 kB
Buffers:            5420 kB
Cached:          6543056 kB
SwapCached:         1432 kB
Active:          3776032 kB
Inactive:        4710148 kB
Active(anon):    1356308 kB
Inactive(anon):   632048 kB
Active(file):    2419724 kB
Inactive(file):  4078100 kB
Unevictable:        5576 kB
Mlocked:            5576 kB
SwapTotal:       3145724 kB
SwapFree:        3118820 kB
Dirty:              2708 kB
Writeback:             0 kB
AnonPages:       1941832 kB
Mapped:           608200 kB
Shmem:             46116 kB
KReclaimable:     607304 kB
Slab:             237712 kB
SReclaimable:      84040 kB
SUnreclaim:       153672 kB
KernelStack:       56144 kB
PageTables:        70160 kB
NFS_Unstable:          0 kB
Bounce:                0 kB
WritebackTmp:          0 kB
CommitLimit:     9202292 kB
Committed_AS:   74933164 kB
VmallocTotal:   263061440 kB
VmallocUsed:      113188 kB
VmallocChunk:          0 kB
Percpu:             7616 kB
CmaTotal:         294912 kB
CmaFree:               0 kB
MemTotal:       12113140 kB
MemFree:          799032 kB
MemAvailable:    7035108 kB
Buffers:            5420 kB
Cached:          6542572 kB
SwapCached:         1432 kB
Active:          3776988 kB
Inactive:        4709800 kB
Active(anon):    1357264 kB
Inactive(anon):   632048 kB
Active(file):    2419724 kB
Inactive(file):  4077752 kB
Unevictable:        5576 kB
Mlocked:            5576 kB
SwapTotal:       3145724 kB
SwapFree:        3118820 kB
Dirty:              2372 kB
Writeback:             0 kB
AnonPages:       1942864 kB
Mapped:           608212 kB
Shmem:             46116 kB
KReclaimable:     607304 kB
Slab:             237712 kB
SReclaimable:      84040 kB
SUnreclaim:       153672 kB
KernelStack:       56144 kB
PageTables:        70128 kB
NFS_Unstable:          0 kB
Bounce:                0 kB
WritebackTmp:          0 kB
CommitLimit:     9202292 kB
Committed_AS:   74931772 kB
VmallocTotal:   263061440 kB
VmallocUsed:      113172 kB
VmallocChunk:          0 kB
Percpu:             7616 kB
CmaTotal:         294912 kB
CmaFree:               0 kB
MemTotal:       12113140 kB
MemFree:          798236 kB
MemAvailable:    7034524 kB
Buffers:            5420 kB
Cached:          6542920 kB
SwapCached:         1432 kB
Active:          3776168 kB
Inactive:        4710012 kB
Active(anon):    1356444 kB
Inactive(anon):   632048 kB
Active(file):    2419724 kB
Inactive(file):  4077964 kB
Unevictable:        5576 kB
Mlocked:            5576 kB
SwapTotal:       3145724 kB
SwapFree:        3118820 kB
Dirty:              2588 kB
Writeback:             0 kB
AnonPages:       1942220 kB
Mapped:           608212 kB
Shmem:             46116 kB
KReclaimable:     607304 kB
Slab:             237700 kB
SReclaimable:      84040 kB
SUnreclaim:       153660 kB
KernelStack:       56128 kB
PageTables:        70152 kB
NFS_Unstable:          0 kB
Bounce:                0 kB
WritebackTmp:          0 kB
CommitLimit:     9202292 kB
Committed_AS:   74931272 kB
VmallocTotal:   263061440 kB
VmallocUsed:      113172 kB
VmallocChunk:          0 kB
Percpu:             7616 kB
CmaTotal:         294912 kB
CmaFree:               0 kB
MemTotal:       12113140 kB
MemFree:          798056 kB
MemAvailable:    7034320 kB
Buffers:            5420 kB
Cached:          6542924 kB
SwapCached:         1432 kB
Active:          3776764 kB
Inactive:        4710016 kB
Active(anon):    1357040 kB
Inactive(anon):   632052 kB
Active(file):    2419724 kB
Inactive(file):  4077964 kB
Unevictable:        5576 kB
Mlocked:            5576 kB
SwapTotal:       3145724 kB
SwapFree:        3118820 kB
Dirty:              2588 kB
Writeback:             0 kB
AnonPages:       1943020 kB
Mapped:           608228 kB
Shmem:             46120 kB
KReclaimable:     607280 kB
Slab:             237696 kB
SReclaimable:      84040 kB
SUnreclaim:       153656 kB
KernelStack:       56128 kB
PageTables:        70152 kB
NFS_Unstable:          0 kB
Bounce:                0 kB
WritebackTmp:          0 kB
CommitLimit:     9202292 kB
Committed_AS:   74926104 kB
VmallocTotal:   263061440 kB
VmallocUsed:      113172 kB
VmallocChunk:          0 kB
Percpu:             7616 kB
CmaTotal:         294912 kB
CmaFree:               0 kB
MemTotal:       12113140 kB
MemFree:          797008 kB
MemAvailable:    7033272 kB
Buffers:            5420 kB
Cached:          6542924 kB
SwapCached:         1432 kB
Active:          3777264 kB
Inactive:        4710016 kB
Active(anon):    1357540 kB
Inactive(anon):   632052 kB
Active(file):    2419724 kB
Inactive(file):  4077964 kB
Unevictable:        5576 kB
Mlocked:            5576 kB
SwapTotal:       3145724 kB
SwapFree:        3118820 kB
Dirty:              2600 kB
Writeback:             0 kB
AnonPages:       1943036 kB
Mapped:           608240 kB
Shmem:             46120 kB
KReclaimable:     607280 kB
Slab:             237708 kB
SReclaimable:      84040 kB
SUnreclaim:       153668 kB
KernelStack:       56128 kB
PageTables:        70160 kB
NFS_Unstable:          0 kB
Bounce:                0 kB
WritebackTmp:          0 kB
CommitLimit:     9202292 kB
Committed_AS:   74926804 kB
VmallocTotal:   263061440 kB
VmallocUsed:      113172 kB
VmallocChunk:          0 kB
Percpu:             7616 kB
CmaTotal:         294912 kB
CmaFree:               0 kB
MemTotal:       12113140 kB
MemFree:          797040 kB
MemAvailable:    7033432 kB
Buffers:            5420 kB
Cached:          6543052 kB
SwapCached:         1432 kB
Active:          3777692 kB
Inactive:        4710144 kB
Active(anon):    1357968 kB
Inactive(anon):   632052 kB
Active(file):    2419724 kB
Inactive(file):  4078092 kB
Unevictable:        5576 kB
Mlocked:            5576 kB
SwapTotal:       3145724 kB
SwapFree:        3118820 kB
Dirty:              2728 kB
Writeback:             0 kB
AnonPages:       1943764 kB
Mapped:           608248 kB
Shmem:             46120 kB
KReclaimable:     607280 kB
Slab:             237700 kB
SReclaimable:      84040 kB
SUnreclaim:       153660 kB
KernelStack:       56128 kB
PageTables:        70148 kB
NFS_Unstable:          0 kB
Bounce:                0 kB
WritebackTmp:          0 kB
CommitLimit:     9202292 kB
Committed_AS:   74926452 kB
VmallocTotal:   263061440 kB
VmallocUsed:      113172 kB
VmallocChunk:          0 kB
Percpu:             7616 kB
CmaTotal:         294912 kB
CmaFree:               0 kB
MemTotal:       12113140 kB
MemFree:          796196 kB
MemAvailable:    7032588 kB
Buffers:            5420 kB
Cached:          6543052 kB
SwapCached:         1432 kB
Active:          3778064 kB
Inactive:        4710144 kB
Active(anon):    1358340 kB
Inactive(anon):   632052 kB
Active(file):    2419724 kB
Inactive(file):  4078092 kB
Unevictable:        5576 kB
Mlocked:            5576 kB
SwapTotal:       3145724 kB
SwapFree:        3118820 kB
Dirty:              2728 kB
Writeback:             0 kB
AnonPages:       1944036 kB
Mapped:           608240 kB
Shmem:             46120 kB
KReclaimable:     607280 kB
Slab:             237696 kB
SReclaimable:      84040 kB
SUnreclaim:       153656 kB
KernelStack:       56128 kB
PageTables:        70156 kB
NFS_Unstable:          0 kB
Bounce:                0 kB
WritebackTmp:          0 kB
CommitLimit:     9202292 kB
Committed_AS:   74927628 kB
VmallocTotal:   263061440 kB
VmallocUsed:      113172 kB
VmallocChunk:          0 kB
Percpu:             7616 kB
CmaTotal:         294912 kB
CmaFree:               0 kB
MemTotal:       12113140 kB
MemFree:          795976 kB
MemAvailable:    7032488 kB
Buffers:            5420 kB
Cached:          6543180 kB
SwapCached:         1432 kB
Active:          3778640 kB
Inactive:        4710264 kB
Active(anon):    1358916 kB
Inactive(anon):   632052 kB
Active(file):    2419724 kB
Inactive(file):  4078212 kB
Unevictable:        5576 kB
Mlocked:            5576 kB
SwapTotal:       3145724 kB
SwapFree:        3118820 kB
Dirty:              2872 kB
Writeback:             0 kB
AnonPages:       1944540 kB
Mapped:           608240 kB
Shmem:             46120 kB
KReclaimable:     607280 kB
Slab:             237700 kB
SReclaimable:      84040 kB
SUnreclaim:       153660 kB
KernelStack:       56112 kB
PageTables:        70156 kB
NFS_Unstable:          0 kB
Bounce:                0 kB
WritebackTmp:          0 kB
CommitLimit:     9202292 kB
Committed_AS:   74927364 kB
VmallocTotal:   263061440 kB
VmallocUsed:      113156 kB
VmallocChunk:          0 kB
Percpu:             7616 kB
CmaTotal:         294912 kB
CmaFree:               0 kB
MemTotal:       12113140 kB
MemFree:          796000 kB
MemAvailable:    7032520 kB
Buffers:            5420 kB
Cached:          6543180 kB
SwapCached:         1432 kB
Active:          3778896 kB
Inactive:        4710272 kB
Active(anon):    1359172 kB
Inactive(anon):   632052 kB
Active(file):    2419724 kB
Inactive(file):  4078220 kB
Unevictable:        5576 kB
Mlocked:            5576 kB
SwapTotal:       3145724 kB
SwapFree:        3118820 kB
Dirty:              2872 kB
Writeback:             0 kB
AnonPages:       1944904 kB
Mapped:           608244 kB
Shmem:             46120 kB
KReclaimable:     607280 kB
Slab:             237700 kB
SReclaimable:      84040 kB
SUnreclaim:       153660 kB
KernelStack:       56096 kB
PageTables:        70152 kB
NFS_Unstable:          0 kB
Bounce:                0 kB
WritebackTmp:          0 kB
CommitLimit:     9202292 kB
Committed_AS:   74927276 kB
VmallocTotal:   263061440 kB
VmallocUsed:      113140 kB
VmallocChunk:          0 kB
Percpu:             7616 kB
CmaTotal:         294912 kB
CmaFree:               0 kB
MemTotal:       12113140 kB
MemFree:          796176 kB
MemAvailable:    7032664 kB
Buffers:            5420 kB
Cached:          6543184 kB
SwapCached:         1432 kB
Active:          3779644 kB
Inactive:        4710276 kB
Active(anon):    1359920 kB
Inactive(anon):   632056 kB
Active(file):    2419724 kB
Inactive(file):  4078220 kB
Unevictable:        5576 kB
Mlocked:            5576 kB
SwapTotal:       3145724 kB
SwapFree:        3118820 kB
Dirty:              2872 kB
Writeback:             0 kB
AnonPages:       1945680 kB
Mapped:           608248 kB
Shmem:             46124 kB
KReclaimable:     607248 kB
Slab:             237672 kB
SReclaimable:      84008 kB
SUnreclaim:       153664 kB
KernelStack:       56032 kB
PageTables:        70148 kB
NFS_Unstable:          0 kB
Bounce:                0 kB
WritebackTmp:          0 kB
CommitLimit:     9202292 kB
Committed_AS:   74925876 kB
VmallocTotal:   263061440 kB
VmallocUsed:      113108 kB
VmallocChunk:          0 kB
Percpu:             7616 kB
CmaTotal:         294912 kB
CmaFree:               0 kB
MemTotal:       12113140 kB
MemFree:          793664 kB
MemAvailable:    7030152 kB
Buffers:            5420 kB
Cached:          6543184 kB
SwapCached:         1432 kB
Active:          3779372 kB
Inactive:        4710276 kB
Active(anon):    1359648 kB
Inactive(anon):   632056 kB
Active(file):    2419724 kB
Inactive(file):  4078220 kB
Unevictable:        5576 kB
Mlocked:            5576 kB
SwapTotal:       3145724 kB
SwapFree:        3118820 kB
Dirty:              2884 kB
Writeback:             0 kB
AnonPages:       1945320 kB
Mapped:           608248 kB
Shmem:             46124 kB
KReclaimable:     607248 kB
Slab:             237660 kB
SReclaimable:      84008 kB
SUnreclaim:       153652 kB
KernelStack:       56032 kB
PageTables:        70072 kB
NFS_Unstable:          0 kB
Bounce:                0 kB
WritebackTmp:          0 kB
CommitLimit:     9202292 kB
Committed_AS:   74935496 kB
VmallocTotal:   263061440 kB
VmallocUsed:      113108 kB
VmallocChunk:          0 kB
Percpu:             7616 kB
CmaTotal:         294912 kB
CmaFree:               0 kB
MemTotal:       12113140 kB
MemFree:          793080 kB
MemAvailable:    7029696 kB
Buffers:            5420 kB
Cached:          6543312 kB
SwapCached:         1432 kB
Active:          3779960 kB
Inactive:        4710400 kB
Active(anon):    1360232 kB
Inactive(anon):   632056 kB
Active(file):    2419728 kB
Inactive(file):  4078344 kB
Unevictable:        5576 kB
Mlocked:            5576 kB
SwapTotal:       3145724 kB
SwapFree:        3118820 kB
Dirty:              2856 kB
Writeback:             0 kB
AnonPages:       1945884 kB
Mapped:           608248 kB
Shmem:             46124 kB
KReclaimable:     607248 kB
Slab:             237684 kB
SReclaimable:      84008 kB
SUnreclaim:       153676 kB
KernelStack:       56032 kB
PageTables:        70148 kB
NFS_Unstable:          0 kB
Bounce:                0 kB
WritebackTmp:          0 kB
CommitLimit:     9202292 kB
Committed_AS:   74937164 kB
VmallocTotal:   263061440 kB
VmallocUsed:      113108 kB
VmallocChunk:          0 kB
Percpu:             7616 kB
CmaTotal:         294912 kB
CmaFree:               0 kB
MemTotal:       12113140 kB
MemFree:          786964 kB
MemAvailable:    7023580 kB
Buffers:            5420 kB
Cached:          6543312 kB
SwapCached:         1432 kB
Active:          3786816 kB
Inactive:        4710400 kB
Active(anon):    1367088 kB
Inactive(anon):   632056 kB
Active(file):    2419728 kB
Inactive(file):  4078344 kB
Unevictable:        5576 kB
Mlocked:            5576 kB
SwapTotal:       3145724 kB
SwapFree:        3118820 kB
Dirty:              2856 kB
Writeback:             0 kB
AnonPages:       1952872 kB
Mapped:           608268 kB
Shmem:             46124 kB
KReclaimable:     607248 kB
Slab:             237684 kB
SReclaimable:      84008 kB
SUnreclaim:       153676 kB
KernelStack:       56000 kB
PageTables:        70044 kB
NFS_Unstable:          0 kB
Bounce:                0 kB
WritebackTmp:          0 kB
CommitLimit:     9202292 kB
Committed_AS:   74940304 kB
VmallocTotal:   263061440 kB
VmallocUsed:      113076 kB
VmallocChunk:          0 kB
Percpu:             7616 kB
CmaTotal:         294912 kB
CmaFree:               0 kB
MemTotal:       12113140 kB
MemFree:          792008 kB
MemAvailable:    7028624 kB
Buffers:            5420 kB
Cached:          6543312 kB
SwapCached:         1432 kB
Active:          3778380 kB
Inactive:        4710400 kB
Active(anon):    1358652 kB
Inactive(anon):   632056 kB
Active(file):    2419728 kB
Inactive(file):  4078344 kB
Unevictable:        5576 kB
Mlocked:            5576 kB
SwapTotal:       3145724 kB
SwapFree:        3118820 kB
Dirty:              2884 kB
Writeback:             0 kB
AnonPages:       1944356 kB
Mapped:           608248 kB
Shmem:             46124 kB
KReclaimable:     607248 kB
Slab:             237668 kB
SReclaimable:      84008 kB
SUnreclaim:       153660 kB
KernelStack:       55840 kB
PageTables:        70156 kB
NFS_Unstable:          0 kB
Bounce:                0 kB
WritebackTmp:          0 kB
CommitLimit:     9202292 kB
Committed_AS:   74947168 kB
VmallocTotal:   263061440 kB
VmallocUsed:      112932 kB
VmallocChunk:          0 kB
Percpu:             7616 kB
CmaTotal:         294912 kB
CmaFree:               0 kB
MemTotal:       12113140 kB
MemFree:          791556 kB
MemAvailable:    7028300 kB
Buffers:            5420 kB
Cached:          6543440 kB
SwapCached:         1432 kB
Active:          3778992 kB
Inactive:        4710528 kB
Active(anon):    1359264 kB
Inactive(anon):   632056 kB
Active(file):    2419728 kB
Inactive(file):  4078472 kB
Unevictable:        5576 kB
Mlocked:            5576 kB
SwapTotal:       3145724 kB
SwapFree:        3118820 kB
Dirty:              3012 kB
Writeback:             0 kB
AnonPages:       1944932 kB
Mapped:           608252 kB
Shmem:             46124 kB
KReclaimable:     607248 kB
Slab:             237668 kB
SReclaimable:      84008 kB
SUnreclaim:       153660 kB
KernelStack:       55840 kB
PageTables:        70152 kB
NFS_Unstable:          0 kB
Bounce:                0 kB
WritebackTmp:          0 kB
CommitLimit:     9202292 kB
Committed_AS:   74946880 kB
VmallocTotal:   263061440 kB
VmallocUsed:      112932 kB
VmallocChunk:          0 kB
Percpu:             7616 kB
CmaTotal:         294912 kB
CmaFree:               0 kB
MemTotal:       12113140 kB
MemFree:          794728 kB
MemAvailable:    7031308 kB
Buffers:            5424 kB
Cached:          6543444 kB
SwapCached:         1432 kB
Active:          3779120 kB
Inactive:        4710532 kB
Active(anon):    1359388 kB
Inactive(anon):   632056 kB
Active(file):    2419732 kB
Inactive(file):  4078476 kB
Unevictable:        5576 kB
Mlocked:            5576 kB
SwapTotal:       3145724 kB
SwapFree:        3118820 kB
Dirty:              2656 kB
Writeback:             0 kB
AnonPages:       1945204 kB
Mapped:           608268 kB
Shmem:             46124 kB
KReclaimable:     607076 kB
Slab:             237784 kB
SReclaimable:      83860 kB
SUnreclaim:       153924 kB
KernelStack:       55840 kB
PageTables:        70148 kB
NFS_Unstable:          0 kB
Bounce:                0 kB
WritebackTmp:          0 kB
CommitLimit:     9202292 kB
Committed_AS:   74947512 kB
VmallocTotal:   263061440 kB
VmallocUsed:      112932 kB
VmallocChunk:          0 kB
Percpu:             7616 kB
CmaTotal:         294912 kB
CmaFree:               0 kB
MemTotal:       12113140 kB
MemFree:          795972 kB
MemAvailable:    7032544 kB
Buffers:            5424 kB
Cached:          6543444 kB
SwapCached:         1432 kB
Active:          3780184 kB
Inactive:        4710532 kB
Active(anon):    1360452 kB
Inactive(anon):   632056 kB
Active(file):    2419732 kB
Inactive(file):  4078476 kB
Unevictable:        5576 kB
Mlocked:            5576 kB
SwapTotal:       3145724 kB
SwapFree:        3118820 kB
Dirty:              2616 kB
Writeback:             0 kB
AnonPages:       1946164 kB
Mapped:           608276 kB
Shmem:             46124 kB
KReclaimable:     607068 kB
Slab:             237536 kB
SReclaimable:      83860 kB
SUnreclaim:       153676 kB
KernelStack:       55840 kB
PageTables:        70036 kB
NFS_Unstable:          0 kB
Bounce:                0 kB
WritebackTmp:          0 kB
CommitLimit:     9202292 kB
Committed_AS:   74946396 kB
VmallocTotal:   263061440 kB
VmallocUsed:      112916 kB
VmallocChunk:          0 kB
Percpu:             7616 kB
CmaTotal:         294912 kB
CmaFree:               0 kB
MemTotal:       12113140 kB
MemFree:          795584 kB
MemAvailable:    7032284 kB
Buffers:            5424 kB
Cached:          6543572 kB
SwapCached:         1432 kB
Active:          3780868 kB
Inactive:        4710660 kB
Active(anon):    1361136 kB
Inactive(anon):   632056 kB
Active(file):    2419732 kB
Inactive(file):  4078604 kB
Unevictable:        5576 kB
Mlocked:            5576 kB
SwapTotal:       3145724 kB
SwapFree:        3118820 kB
Dirty:              2744 kB
Writeback:             0 kB
AnonPages:       1946784 kB
Mapped:           608280 kB
Shmem:             46124 kB
KReclaimable:     607068 kB
Slab:             237544 kB
SReclaimable:      83860 kB
SUnreclaim:       153684 kB
KernelStack:       55872 kB
PageTables:        70168 kB
NFS_Unstable:          0 kB
Bounce:                0 kB
WritebackTmp:          0 kB
CommitLimit:     9202292 kB
Committed_AS:   74947316 kB
VmallocTotal:   263061440 kB
VmallocUsed:      112916 kB
VmallocChunk:          0 kB
Percpu:             7616 kB
CmaTotal:         294912 kB
CmaFree:               0 kB
MemTotal:       12113140 kB
MemFree:          795912 kB
MemAvailable:    7032612 kB
Buffers:            5424 kB
Cached:          6543572 kB
SwapCached:         1432 kB
Active:          3780972 kB
Inactive:        4710660 kB
Active(anon):    1361240 kB
Inactive(anon):   632056 kB
Active(file):    2419732 kB
Inactive(file):  4078604 kB
Unevictable:        5576 kB
Mlocked:            5576 kB
SwapTotal:       3145724 kB
SwapFree:        3118820 kB
Dirty:              2760 kB
Writeback:             0 kB
AnonPages:       1947000 kB
Mapped:           608280 kB
Shmem:             46124 kB
KReclaimable:     607068 kB
Slab:             237544 kB
SReclaimable:      83860 kB
SUnreclaim:       153684 kB
KernelStack:       55840 kB
PageTables:        70148 kB
NFS_Unstable:          0 kB
Bounce:                0 kB
WritebackTmp:          0 kB
CommitLimit:     9202292 kB
Committed_AS:   74946728 kB
VmallocTotal:   263061440 kB
VmallocUsed:      112916 kB
VmallocChunk:          0 kB
Percpu:             7616 kB
CmaTotal:         294912 kB
CmaFree:               0 kB
MemTotal:       12113140 kB
MemFree:          796624 kB
MemAvailable:    7033324 kB
Buffers:            5424 kB
Cached:          6543572 kB
SwapCached:         1432 kB
Active:          3781228 kB
Inactive:        4710660 kB
Active(anon):    1361496 kB
Inactive(anon):   632056 kB
Active(file):    2419732 kB
Inactive(file):  4078604 kB
Unevictable:        5576 kB
Mlocked:            5576 kB
SwapTotal:       3145724 kB
SwapFree:        3118820 kB
Dirty:              2824 kB
Writeback:             0 kB
AnonPages:       1947148 kB
Mapped:           608280 kB
Shmem:             46124 kB
KReclaimable:     607068 kB
Slab:             237544 kB
SReclaimable:      83860 kB
SUnreclaim:       153684 kB
KernelStack:       55872 kB
PageTables:        70196 kB
NFS_Unstable:          0 kB
Bounce:                0 kB
WritebackTmp:          0 kB
CommitLimit:     9202292 kB
Committed_AS:   74946332 kB
VmallocTotal:   263061440 kB
VmallocUsed:      112900 kB
VmallocChunk:          0 kB
Percpu:             7616 kB
CmaTotal:         294912 kB
CmaFree:               0 kB
MemTotal:       12113140 kB
MemFree:          796404 kB
MemAvailable:    7033232 kB
Buffers:            5424 kB
Cached:          6543700 kB
SwapCached:         1432 kB
Active:          3781240 kB
Inactive:        4710788 kB
Active(anon):    1361508 kB
Inactive(anon):   632056 kB
Active(file):    2419732 kB
Inactive(file):  4078732 kB
Unevictable:        5576 kB
Mlocked:            5576 kB
SwapTotal:       3145724 kB
SwapFree:        3118820 kB
Dirty:              2172 kB
Writeback:             0 kB
AnonPages:       1947220 kB
Mapped:           608280 kB
Shmem:             46124 kB
KReclaimable:     607068 kB
Slab:             237544 kB
SReclaimable:      83860 kB
SUnreclaim:       153684 kB
KernelStack:       55840 kB
PageTables:        70148 kB
NFS_Unstable:          0 kB
Bounce:                0 kB
WritebackTmp:          0 kB
CommitLimit:     9202292 kB
Committed_AS:   74946304 kB
VmallocTotal:   263061440 kB
VmallocUsed:      112916 kB
VmallocChunk:          0 kB
Percpu:             7616 kB
CmaTotal:         294912 kB
CmaFree:               0 kB
MemTotal:       12113140 kB
MemFree:          796308 kB
MemAvailable:    7033136 kB
Buffers:            5424 kB
Cached:          6543700 kB
SwapCached:         1432 kB
Active:          3781360 kB
Inactive:        4710788 kB
Active(anon):    1361628 kB
Inactive(anon):   632056 kB
Active(file):    2419732 kB
Inactive(file):  4078732 kB
Unevictable:        5576 kB
Mlocked:            5576 kB
SwapTotal:       3145724 kB
SwapFree:        3118820 kB
Dirty:              1924 kB
Writeback:             0 kB
AnonPages:       1947388 kB
Mapped:           608280 kB
Shmem:             46124 kB
KReclaimable:     607068 kB
Slab:             237544 kB
SReclaimable:      83860 kB
SUnreclaim:       153684 kB
KernelStack:       55872 kB
PageTables:        70168 kB
NFS_Unstable:          0 kB
Bounce:                0 kB
WritebackTmp:          0 kB
CommitLimit:     9202292 kB
Committed_AS:   74946040 kB
VmallocTotal:   263061440 kB
VmallocUsed:      112916 kB
VmallocChunk:          0 kB
Percpu:             7616 kB
CmaTotal:         294912 kB
CmaFree:               0 kB
MemTotal:       12113140 kB
MemFree:          795528 kB
MemAvailable:    7032440 kB
Buffers:            5424 kB
Cached:          6543832 kB
SwapCached:         1432 kB
Active:          3781680 kB
Inactive:        4710872 kB
Active(anon):    1361948 kB
Inactive(anon):   632056 kB
Active(file):    2419732 kB
Inactive(file):  4078816 kB
Unevictable:        5576 kB
Mlocked:            5576 kB
SwapTotal:       3145724 kB
SwapFree:        3118820 kB
Dirty:              2068 kB
Writeback:             0 kB
AnonPages:       1947636 kB
Mapped:           608280 kB
Shmem:             46124 kB
KReclaimable:     607068 kB
Slab:             237544 kB
SReclaimable:      83860 kB
SUnreclaim:       153684 kB
KernelStack:       55840 kB
PageTables:        70068 kB
NFS_Unstable:          0 kB
Bounce:                0 kB
WritebackTmp:          0 kB
CommitLimit:     9202292 kB
Committed_AS:   74946060 kB
VmallocTotal:   263061440 kB
VmallocUsed:      112916 kB
VmallocChunk:          0 kB
Percpu:             7616 kB
CmaTotal:         294912 kB
CmaFree:               0 kB
MemTotal:       12113140 kB
MemFree:          793796 kB
MemAvailable:    7027516 kB
Buffers:            5424 kB
Cached:          6543832 kB
SwapCached:         1432 kB
Active:          3785444 kB
Inactive:        4710920 kB
Active(anon):    1365712 kB
Inactive(anon):   632056 kB
Active(file):    2419732 kB
Inactive(file):  4078864 kB
Unevictable:        5576 kB
Mlocked:            5576 kB
SwapTotal:       3145724 kB
SwapFree:        3118820 kB
Dirty:              2068 kB
Writeback:             0 kB
AnonPages:       1951480 kB
Mapped:           608292 kB
Shmem:             46124 kB
KReclaimable:     603828 kB
Slab:             237536 kB
SReclaimable:      83860 kB
SUnreclaim:       153676 kB
KernelStack:       55840 kB
PageTables:        70156 kB
NFS_Unstable:          0 kB
Bounce:                0 kB
WritebackTmp:          0 kB
CommitLimit:     9202292 kB
Committed_AS:   74946520 kB
VmallocTotal:   263061440 kB
VmallocUsed:      112916 kB
VmallocChunk:          0 kB
Percpu:             7616 kB
CmaTotal:         294912 kB
CmaFree:               0 kB
MemTotal:       12113140 kB
MemFree:          792308 kB
MemAvailable:    7026028 kB
Buffers:            5424 kB
Cached:          6543832 kB
SwapCached:         1432 kB
Active:          3785716 kB
Inactive:        4710916 kB
Active(anon):    1365980 kB
Inactive(anon):   632056 kB
Active(file):    2419736 kB
Inactive(file):  4078860 kB
Unevictable:        5576 kB
Mlocked:            5576 kB
SwapTotal:       3145724 kB
SwapFree:        3118820 kB
Dirty:              2068 kB
Writeback:             0 kB
AnonPages:       1951516 kB
Mapped:           608392 kB
Shmem:             46124 kB
KReclaimable:     603828 kB
Slab:             237536 kB
SReclaimable:      83860 kB
SUnreclaim:       153676 kB
KernelStack:       55840 kB
PageTables:        70044 kB
NFS_Unstable:          0 kB
Bounce:                0 kB
WritebackTmp:          0 kB
CommitLimit:     9202292 kB
Committed_AS:   74940492 kB
VmallocTotal:   263061440 kB
VmallocUsed:      112916 kB
VmallocChunk:          0 kB
Percpu:             7616 kB
CmaTotal:         294912 kB
CmaFree:               0 kB
MemTotal:       12113140 kB
MemFree:          793620 kB
MemAvailable:    7027460 kB
Buffers:            5424 kB
Cached:          6543960 kB
SwapCached:         1432 kB
Active:          3784368 kB
Inactive:        4711036 kB
Active(anon):    1364632 kB
Inactive(anon):   632056 kB
Active(file):    2419736 kB
Inactive(file):  4078980 kB
Unevictable:        5576 kB
Mlocked:            5576 kB
SwapTotal:       3145724 kB
SwapFree:        3118820 kB
Dirty:              2224 kB
Writeback:             0 kB
AnonPages:       1950248 kB
Mapped:           608292 kB
Shmem:             46124 kB
KReclaimable:     603828 kB
Slab:             237544 kB
SReclaimable:      83860 kB
SUnreclaim:       153684 kB
KernelStack:       55872 kB
PageTables:        70184 kB
NFS_Unstable:          0 kB
Bounce:                0 kB
WritebackTmp:          0 kB
CommitLimit:     9202292 kB
Committed_AS:   74945412 kB
VmallocTotal:   263061440 kB
VmallocUsed:      112916 kB
VmallocChunk:          0 kB
Percpu:             7616 kB
CmaTotal:         294912 kB
CmaFree:               0 kB
MemTotal:       12113140 kB
MemFree:          793084 kB
MemAvailable:    7026936 kB
Buffers:            5424 kB
Cached:          6543964 kB
SwapCached:         1432 kB
Active:          3785500 kB
Inactive:        4711048 kB
Active(anon):    1365764 kB
Inactive(anon):   632056 kB
Active(file):    2419736 kB
Inactive(file):  4078992 kB
Unevictable:        5576 kB
Mlocked:            5576 kB
SwapTotal:       3145724 kB
SwapFree:        3118820 kB
Dirty:              2116 kB
Writeback:             0 kB
AnonPages:       1951392 kB
Mapped:           608292 kB
Shmem:             46124 kB
KReclaimable:     603828 kB
Slab:             237544 kB
SReclaimable:      83860 kB
SUnreclaim:       153684 kB
KernelStack:       55840 kB
PageTables:        70160 kB
NFS_Unstable:          0 kB
Bounce:                0 kB
WritebackTmp:          0 kB
CommitLimit:     9202292 kB
Committed_AS:   74945104 kB
VmallocTotal:   263061440 kB
VmallocUsed:      112916 kB
VmallocChunk:          0 kB
Percpu:             7616 kB
CmaTotal:         294912 kB
CmaFree:               0 kB
MemTotal:       12113140 kB
MemFree:          793132 kB
MemAvailable:    7026984 kB
Buffers:            5424 kB
Cached:          6543964 kB
SwapCached:         1432 kB
Active:          3785200 kB
Inactive:        4711048 kB
Active(anon):    1365464 kB
Inactive(anon):   632056 kB
Active(file):    2419736 kB
Inactive(file):  4078992 kB
Unevictable:        5576 kB
Mlocked:            5576 kB
SwapTotal:       3145724 kB
SwapFree:        3118820 kB
Dirty:              2116 kB
Writeback:             0 kB
AnonPages:       1951368 kB
Mapped:           608292 kB
Shmem:             46124 kB
KReclaimable:     603828 kB
Slab:             237544 kB
SReclaimable:      83860 kB
SUnreclaim:       153684 kB
KernelStack:       55856 kB
PageTables:        70276 kB
NFS_Unstable:          0 kB
Bounce:                0 kB
WritebackTmp:          0 kB
CommitLimit:     9202292 kB
Committed_AS:   74944620 kB
VmallocTotal:   263061440 kB
VmallocUsed:      112916 kB
VmallocChunk:          0 kB
Percpu:             7616 kB
CmaTotal:         294912 kB
CmaFree:               0 kB
MemTotal:       12113140 kB
MemFree:          790036 kB
MemAvailable:    7025660 kB
Buffers:            5424 kB
Cached:          6544092 kB
SwapCached:         1432 kB
Active:          3788988 kB
Inactive:        4711176 kB
Active(anon):    1369252 kB
Inactive(anon):   632056 kB
Active(file):    2419736 kB
Inactive(file):  4079120 kB
Unevictable:        5576 kB
Mlocked:            5576 kB
SwapTotal:       3145724 kB
SwapFree:        3118820 kB
Dirty:              2256 kB
Writeback:             0 kB
AnonPages:       1954912 kB
Mapped:           608476 kB
Shmem:             46124 kB
KReclaimable:     605472 kB
Slab:             237544 kB
SReclaimable:      83860 kB
SUnreclaim:       153684 kB
KernelStack:       55840 kB
PageTables:        70168 kB
NFS_Unstable:          0 kB
Bounce:                0 kB
WritebackTmp:          0 kB
CommitLimit:     9202292 kB
Committed_AS:   74948584 kB
VmallocTotal:   263061440 kB
VmallocUsed:      112916 kB
VmallocChunk:          0 kB
Percpu:             7616 kB
CmaTotal:         294912 kB
CmaFree:              28 kB
MemTotal:       12113140 kB
MemFree:          827288 kB
MemAvailable:    7062880 kB
Buffers:            5424 kB
Cached:          6544092 kB
SwapCached:         1432 kB
Active:          3749356 kB
Inactive:        4711176 kB
Active(anon):    1329620 kB
Inactive(anon):   632056 kB
Active(file):    2419736 kB
Inactive(file):  4079120 kB
Unevictable:        5576 kB
Mlocked:            5576 kB
SwapTotal:       3145724 kB
SwapFree:        3118820 kB
Dirty:              2256 kB
Writeback:             0 kB
AnonPages:       1915376 kB
Mapped:           608512 kB
Shmem:             46124 kB
KReclaimable:     605440 kB
Slab:             237544 kB
SReclaimable:      83860 kB
SUnreclaim:       153684 kB
KernelStack:       55872 kB
PageTables:        70224 kB
NFS_Unstable:          0 kB
Bounce:                0 kB
WritebackTmp:          0 kB
CommitLimit:     9202292 kB
Committed_AS:   74948144 kB
VmallocTotal:   263061440 kB
VmallocUsed:      112916 kB
VmallocChunk:          0 kB
Percpu:             7616 kB
CmaTotal:         294912 kB
CmaFree:               0 kB
MemTotal:       12113140 kB
MemFree:          827828 kB
MemAvailable:    7063420 kB
Buffers:            5424 kB
Cached:          6544092 kB
SwapCached:         1432 kB
Active:          3749460 kB
Inactive:        4711176 kB
Active(anon):    1329724 kB
Inactive(anon):   632056 kB
Active(file):    2419736 kB
Inactive(file):  4079120 kB
Unevictable:        5576 kB
Mlocked:            5576 kB
SwapTotal:       3145724 kB
SwapFree:        3118820 kB
Dirty:              2256 kB
Writeback:             0 kB
AnonPages:       1915268 kB
Mapped:           608524 kB
Shmem:             46124 kB
KReclaimable:     605440 kB
Slab:             237552 kB
SReclaimable:      83860 kB
SUnreclaim:       153692 kB
KernelStack:       55840 kB
PageTables:        70172 kB
NFS_Unstable:          0 kB
Bounce:                0 kB
WritebackTmp:          0 kB
CommitLimit:     9202292 kB
Committed_AS:   74947696 kB
VmallocTotal:   263061440 kB
VmallocUsed:      112916 kB
VmallocChunk:          0 kB
Percpu:             7616 kB
CmaTotal:         294912 kB
CmaFree:               0 kB
MemTotal:       12113140 kB
MemFree:          827980 kB
MemAvailable:    7063700 kB
Buffers:            5424 kB
Cached:          6544220 kB
SwapCached:         1432 kB
Active:          3749724 kB
Inactive:        4711304 kB
Active(anon):    1329988 kB
Inactive(anon):   632056 kB
Active(file):    2419736 kB
Inactive(file):  4079248 kB
Unevictable:        5576 kB
Mlocked:            5576 kB
SwapTotal:       3145724 kB
SwapFree:        3118820 kB
Dirty:              2396 kB
Writeback:             0 kB
AnonPages:       1915704 kB
Mapped:           608524 kB
Shmem:             46124 kB
KReclaimable:     605440 kB
Slab:             237552 kB
SReclaimable:      83860 kB
SUnreclaim:       153692 kB
KernelStack:       55872 kB
PageTables:        70180 kB
NFS_Unstable:          0 kB
Bounce:                0 kB
WritebackTmp:          0 kB
CommitLimit:     9202292 kB
Committed_AS:   74947996 kB
VmallocTotal:   263061440 kB
VmallocUsed:      112916 kB
VmallocChunk:          0 kB
Percpu:             7616 kB
CmaTotal:         294912 kB
CmaFree:               0 kB
MemTotal:       12113140 kB
MemFree:          828980 kB
MemAvailable:    7064704 kB
Buffers:            5424 kB
Cached:          6544224 kB
SwapCached:         1432 kB
Active:          3748164 kB
Inactive:        4711308 kB
Active(anon):    1328428 kB
Inactive(anon):   632056 kB
Active(file):    2419736 kB
Inactive(file):  4079252 kB
Unevictable:        5576 kB
Mlocked:            5576 kB
SwapTotal:       3145724 kB
SwapFree:        3118820 kB
Dirty:              2400 kB
Writeback:             0 kB
AnonPages:       1914068 kB
Mapped:           608524 kB
Shmem:             46124 kB
KReclaimable:     605440 kB
Slab:             237552 kB
SReclaimable:      83860 kB
SUnreclaim:       153692 kB
KernelStack:       55824 kB
PageTables:        70160 kB
NFS_Unstable:          0 kB
Bounce:                0 kB
WritebackTmp:          0 kB
CommitLimit:     9202292 kB
Committed_AS:   74942352 kB
VmallocTotal:   263061440 kB
VmallocUsed:      112852 kB
VmallocChunk:          0 kB
Percpu:             7616 kB
CmaTotal:         294912 kB
CmaFree:               0 kB
MemTotal:       12113140 kB
MemFree:          816504 kB
MemAvailable:    7051872 kB
Buffers:            5424 kB
Cached:          6544224 kB
SwapCached:         1432 kB
Active:          3761648 kB
Inactive:        4711308 kB
Active(anon):    1341912 kB
Inactive(anon):   632056 kB
Active(file):    2419736 kB
Inactive(file):  4079252 kB
Unevictable:        5576 kB
Mlocked:            5576 kB
SwapTotal:       3145724 kB
SwapFree:        3118820 kB
Dirty:              2400 kB
Writeback:             0 kB
AnonPages:       1927700 kB
Mapped:           608528 kB
Shmem:             46124 kB
KReclaimable:     605084 kB
Slab:             237564 kB
SReclaimable:      83860 kB
SUnreclaim:       153704 kB
KernelStack:       55936 kB
PageTables:        70192 kB
NFS_Unstable:          0 kB
Bounce:                0 kB
WritebackTmp:          0 kB
CommitLimit:     9202292 kB
Committed_AS:   74950696 kB
VmallocTotal:   263061440 kB
VmallocUsed:      112868 kB
VmallocChunk:          0 kB
Percpu:             7616 kB
CmaTotal:         294912 kB
CmaFree:               0 kB
MemTotal:       12113140 kB
MemFree:          809184 kB
MemAvailable:    7044680 kB
Buffers:            5424 kB
Cached:          6544356 kB
SwapCached:         1432 kB
Active:          3765912 kB
Inactive:        4711440 kB
Active(anon):    1346176 kB
Inactive(anon):   632060 kB
Active(file):    2419736 kB
Inactive(file):  4079380 kB
Unevictable:        5576 kB
Mlocked:            5576 kB
SwapTotal:       3145724 kB
SwapFree:        3118820 kB
Dirty:              2540 kB
Writeback:             0 kB
AnonPages:       1931900 kB
Mapped:           608532 kB
Shmem:             46128 kB
KReclaimable:     605084 kB
Slab:             237556 kB
SReclaimable:      83860 kB
SUnreclaim:       153696 kB
KernelStack:       55920 kB
PageTables:        70308 kB
NFS_Unstable:          0 kB
Bounce:                0 kB
WritebackTmp:          0 kB
CommitLimit:     9202292 kB
Committed_AS:   74946452 kB
VmallocTotal:   263061440 kB
VmallocUsed:      112884 kB
VmallocChunk:          0 kB
Percpu:             7616 kB
CmaTotal:         294912 kB
CmaFree:               0 kB
MemTotal:       12113140 kB
MemFree:          800392 kB
MemAvailable:    7045672 kB
Buffers:            5424 kB
Cached:          6554168 kB
SwapCached:         1432 kB
Active:          3766100 kB
Inactive:        4721280 kB
Active(anon):    1346440 kB
Inactive(anon):   632060 kB
Active(file):    2419660 kB
Inactive(file):  4089220 kB
Unevictable:        5576 kB
Mlocked:            5576 kB
SwapTotal:       3145724 kB
SwapFree:        3118820 kB
Dirty:             14352 kB
Writeback:             0 kB
AnonPages:       1932124 kB
Mapped:           608532 kB
Shmem:             46128 kB
KReclaimable:     605104 kB
Slab:             237532 kB
SReclaimable:      83880 kB
SUnreclaim:       153652 kB
KernelStack:       55904 kB
PageTables:        70172 kB
NFS_Unstable:          0 kB
Bounce:                0 kB
WritebackTmp:          0 kB
CommitLimit:     9202292 kB
Committed_AS:   74942752 kB
VmallocTotal:   263061440 kB
VmallocUsed:      112884 kB
VmallocChunk:          0 kB
Percpu:             7616 kB
CmaTotal:         294912 kB
CmaFree:               0 kB
MemTotal:       12113140 kB
MemFree:          800808 kB
MemAvailable:    7046284 kB
Buffers:            5424 kB
Cached:          6554316 kB
SwapCached:         1432 kB
Active:          3766708 kB
Inactive:        4721476 kB
Active(anon):    1347048 kB
Inactive(anon):   632060 kB
Active(file):    2419660 kB
Inactive(file):  4089416 kB
Unevictable:        5576 kB
Mlocked:            5576 kB
SwapTotal:       3145724 kB
SwapFree:        3118820 kB
Dirty:              3984 kB
Writeback:             0 kB
AnonPages:       1932708 kB
Mapped:           608668 kB
Shmem:             46128 kB
KReclaimable:     605104 kB
Slab:             237512 kB
SReclaimable:      83880 kB
SUnreclaim:       153632 kB
KernelStack:       55904 kB
PageTables:        70220 kB
NFS_Unstable:          0 kB
Bounce:                0 kB
WritebackTmp:          0 kB
CommitLimit:     9202292 kB
Committed_AS:   74947312 kB
VmallocTotal:   263061440 kB
VmallocUsed:      112948 kB
VmallocChunk:          0 kB
Percpu:             7616 kB
CmaTotal:         294912 kB
CmaFree:               0 kB
MemTotal:       12113140 kB
MemFree:          797992 kB
MemAvailable:    7043468 kB
Buffers:            5424 kB
Cached:          6554316 kB
SwapCached:         1432 kB
Active:          3768448 kB
Inactive:        4721476 kB
Active(anon):    1348788 kB
Inactive(anon):   632060 kB
Active(file):    2419660 kB
Inactive(file):  4089416 kB
Unevictable:        5576 kB
Mlocked:            5576 kB
SwapTotal:       3145724 kB
SwapFree:        3118820 kB
Dirty:              4048 kB
Writeback:             0 kB
AnonPages:       1934600 kB
Mapped:           608532 kB
Shmem:             46128 kB
KReclaimable:     605104 kB
Slab:             237512 kB
SReclaimable:      83880 kB
SUnreclaim:       153632 kB
KernelStack:       55904 kB
PageTables:        70184 kB
NFS_Unstable:          0 kB
Bounce:                0 kB
WritebackTmp:          0 kB
CommitLimit:     9202292 kB
Committed_AS:   74942500 kB
VmallocTotal:   263061440 kB
VmallocUsed:      112916 kB
VmallocChunk:          0 kB
Percpu:             7616 kB
CmaTotal:         294912 kB
CmaFree:               0 kB
MemTotal:       12113140 kB
MemFree:          796624 kB
MemAvailable:    7042100 kB
Buffers:            5424 kB
Cached:          6554316 kB
SwapCached:         1432 kB
Active:          3768664 kB
Inactive:        4721476 kB
Active(anon):    1349004 kB
Inactive(anon):   632060 kB
Active(file):    2419660 kB
Inactive(file):  4089416 kB
Unevictable:        5576 kB
Mlocked:            5576 kB
SwapTotal:       3145724 kB
SwapFree:        3118820 kB
Dirty:              4048 kB
Writeback:             0 kB
AnonPages:       1934784 kB
Mapped:           608536 kB
Shmem:             46128 kB
KReclaimable:     605104 kB
Slab:             237504 kB
SReclaimable:      83880 kB
SUnreclaim:       153624 kB
KernelStack:       55904 kB
PageTables:        70184 kB
NFS_Unstable:          0 kB
Bounce:                0 kB
WritebackTmp:          0 kB
CommitLimit:     9202292 kB
Committed_AS:   74949004 kB
VmallocTotal:   263061440 kB
VmallocUsed:      112932 kB
VmallocChunk:          0 kB
Percpu:             7616 kB
CmaTotal:         294912 kB
CmaFree:               0 kB
MemTotal:       12113140 kB
MemFree:          796980 kB
MemAvailable:    7042584 kB
Buffers:            5424 kB
Cached:          6554444 kB
SwapCached:         1432 kB
Active:          3768716 kB
Inactive:        4721604 kB
Active(anon):    1349056 kB
Inactive(anon):   632060 kB
Active(file):    2419660 kB
Inactive(file):  4089544 kB
Unevictable:        5576 kB
Mlocked:            5576 kB
SwapTotal:       3145724 kB
SwapFree:        3118820 kB
Dirty:              4176 kB
Writeback:             0 kB
AnonPages:       1934684 kB
Mapped:           608556 kB
Shmem:             46128 kB
KReclaimable:     605104 kB
Slab:             237508 kB
SReclaimable:      83880 kB
SUnreclaim:       153628 kB
KernelStack:       55936 kB
PageTables:        70228 kB
NFS_Unstable:          0 kB
Bounce:                0 kB
WritebackTmp:          0 kB
CommitLimit:     9202292 kB
Committed_AS:   74942892 kB
VmallocTotal:   263061440 kB
VmallocUsed:      112948 kB
VmallocChunk:          0 kB
Percpu:             7616 kB
CmaTotal:         294912 kB
CmaFree:               0 kB
MemTotal:       12113140 kB
MemFree:          797240 kB
MemAvailable:    7042844 kB
Buffers:            5424 kB
Cached:          6554444 kB
SwapCached:         1432 kB
Active:          3769020 kB
Inactive:        4721604 kB
Active(anon):    1349360 kB
Inactive(anon):   632060 kB
Active(file):    2419660 kB
Inactive(file):  4089544 kB
Unevictable:        5576 kB
Mlocked:            5576 kB
SwapTotal:       3145724 kB
SwapFree:        3118820 kB
Dirty:              4176 kB
Writeback:             0 kB
AnonPages:       1935144 kB
Mapped:           608536 kB
Shmem:             46128 kB
KReclaimable:     605104 kB
Slab:             237504 kB
SReclaimable:      83880 kB
SUnreclaim:       153624 kB
KernelStack:       55920 kB
PageTables:        70324 kB
NFS_Unstable:          0 kB
Bounce:                0 kB
WritebackTmp:          0 kB
CommitLimit:     9202292 kB
Committed_AS:   74943140 kB
VmallocTotal:   263061440 kB
VmallocUsed:      112980 kB
VmallocChunk:          0 kB
Percpu:             7616 kB
CmaTotal:         294912 kB
CmaFree:               0 kB
MemTotal:       12113140 kB
MemFree:          796912 kB
MemAvailable:    7042632 kB
Buffers:            5432 kB
Cached:          6554480 kB
SwapCached:         1432 kB
Active:          3769200 kB
Inactive:        4721636 kB
Active(anon):    1349528 kB
Inactive(anon):   632068 kB
Active(file):    2419672 kB
Inactive(file):  4089568 kB
Unevictable:        5576 kB
Mlocked:            5576 kB
SwapTotal:       3145724 kB
SwapFree:        3118820 kB
Dirty:               792 kB
Writeback:             0 kB
AnonPages:       1935228 kB
Mapped:           608544 kB
Shmem:             46136 kB
KReclaimable:     605184 kB
Slab:             237584 kB
SReclaimable:      83960 kB
SUnreclaim:       153624 kB
KernelStack:       55904 kB
PageTables:        70184 kB
NFS_Unstable:          0 kB
Bounce:                0 kB
WritebackTmp:          0 kB
CommitLimit:     9202292 kB
Committed_AS:   74942692 kB
VmallocTotal:   263061440 kB
VmallocUsed:      112964 kB
VmallocChunk:          0 kB
Percpu:             7616 kB
CmaTotal:         294912 kB
CmaFree:               0 kB
MemTotal:       12113140 kB
MemFree:          797740 kB
MemAvailable:    7043604 kB
Buffers:            5432 kB
Cached:          6554608 kB
SwapCached:         1432 kB
Active:          3769424 kB
Inactive:        4721764 kB
Active(anon):    1349752 kB
Inactive(anon):   632068 kB
Active(file):    2419672 kB
Inactive(file):  4089696 kB
Unevictable:        5576 kB
Mlocked:            5576 kB
SwapTotal:       3145724 kB
SwapFree:        3118820 kB
Dirty:               920 kB
Writeback:             0 kB
AnonPages:       1935488 kB
Mapped:           608544 kB
Shmem:             46136 kB
KReclaimable:     605200 kB
Slab:             237616 kB
SReclaimable:      83976 kB
SUnreclaim:       153640 kB
KernelStack:       55904 kB
PageTables:        70180 kB
NFS_Unstable:          0 kB
Bounce:                0 kB
WritebackTmp:          0 kB
CommitLimit:     9202292 kB
Committed_AS:   74942604 kB
VmallocTotal:   263061440 kB
VmallocUsed:      112948 kB
VmallocChunk:          0 kB
Percpu:             7616 kB
CmaTotal:         294912 kB
CmaFree:               0 kB
MemTotal:       12113140 kB
MemFree:          797572 kB
MemAvailable:    7043436 kB
Buffers:            5432 kB
Cached:          6554608 kB
SwapCached:         1432 kB
Active:          3769180 kB
Inactive:        4721764 kB
Active(anon):    1349508 kB
Inactive(anon):   632068 kB
Active(file):    2419672 kB
Inactive(file):  4089696 kB
Unevictable:        5576 kB
Mlocked:            5576 kB
SwapTotal:       3145724 kB
SwapFree:        3118820 kB
Dirty:               932 kB
Writeback:             0 kB
AnonPages:       1935304 kB
Mapped:           608544 kB
Shmem:             46136 kB
KReclaimable:     605200 kB
Slab:             237616 kB
SReclaimable:      83976 kB
SUnreclaim:       153640 kB
KernelStack:       55904 kB
PageTables:        70180 kB
NFS_Unstable:          0 kB
Bounce:                0 kB
WritebackTmp:          0 kB
CommitLimit:     9202292 kB
Committed_AS:   74937908 kB
VmallocTotal:   263061440 kB
VmallocUsed:      112932 kB
VmallocChunk:          0 kB
Percpu:             7616 kB
CmaTotal:         294912 kB
CmaFree:              76 kB
MemTotal:       12113140 kB
MemFree:          797264 kB
MemAvailable:    7043128 kB
Buffers:            5432 kB
Cached:          6554608 kB
SwapCached:         1432 kB
Active:          3769376 kB
Inactive:        4721764 kB
Active(anon):    1349704 kB
Inactive(anon):   632068 kB
Active(file):    2419672 kB
Inactive(file):  4089696 kB
Unevictable:        5576 kB
Mlocked:            5576 kB
SwapTotal:       3145724 kB
SwapFree:        3118820 kB
Dirty:               932 kB
Writeback:             0 kB
AnonPages:       1935336 kB
Mapped:           608544 kB
Shmem:             46136 kB
KReclaimable:     605200 kB
Slab:             237612 kB
SReclaimable:      83976 kB
SUnreclaim:       153636 kB
KernelStack:       55904 kB
PageTables:        70188 kB
NFS_Unstable:          0 kB
Bounce:                0 kB
WritebackTmp:          0 kB
CommitLimit:     9202292 kB
Committed_AS:   74938232 kB
VmallocTotal:   263061440 kB
VmallocUsed:      112900 kB
VmallocChunk:          0 kB
Percpu:             7616 kB
CmaTotal:         294912 kB
CmaFree:               0 kB
MemTotal:       12113140 kB
MemFree:          796192 kB
MemAvailable:    7042188 kB
Buffers:            5432 kB
Cached:          6554740 kB
SwapCached:         1432 kB
Active:          3769372 kB
Inactive:        4721896 kB
Active(anon):    1349700 kB
Inactive(anon):   632068 kB
Active(file):    2419672 kB
Inactive(file):  4089828 kB
Unevictable:        5576 kB
Mlocked:            5576 kB
SwapTotal:       3145724 kB
SwapFree:        3118820 kB
Dirty:              1064 kB
Writeback:             0 kB
AnonPages:       1935388 kB
Mapped:           608544 kB
Shmem:             46136 kB
KReclaimable:     605200 kB
Slab:             237612 kB
SReclaimable:      83976 kB
SUnreclaim:       153636 kB
KernelStack:       55904 kB
PageTables:        70188 kB
NFS_Unstable:          0 kB
Bounce:                0 kB
WritebackTmp:          0 kB
CommitLimit:     9202292 kB
Committed_AS:   74943468 kB
VmallocTotal:   263061440 kB
VmallocUsed:      112964 kB
VmallocChunk:          0 kB
Percpu:             7616 kB
CmaTotal:         294912 kB
CmaFree:               0 kB
MemTotal:       12113140 kB
MemFree:          796896 kB
MemAvailable:    7042892 kB
Buffers:            5432 kB
Cached:          6554740 kB
SwapCached:         1432 kB
Active:          3769608 kB
Inactive:        4721896 kB
Active(anon):    1349936 kB
Inactive(anon):   632068 kB
Active(file):    2419672 kB
Inactive(file):  4089828 kB
Unevictable:        5576 kB
Mlocked:            5576 kB
SwapTotal:       3145724 kB
SwapFree:        3118820 kB
Dirty:              1064 kB
Writeback:             0 kB
AnonPages:       1935612 kB
Mapped:           608544 kB
Shmem:             46136 kB
KReclaimable:     605200 kB
Slab:             237612 kB
SReclaimable:      83976 kB
SUnreclaim:       153636 kB
KernelStack:       55904 kB
PageTables:        70100 kB
NFS_Unstable:          0 kB
Bounce:                0 kB
WritebackTmp:          0 kB
CommitLimit:     9202292 kB
Committed_AS:   74944316 kB
VmallocTotal:   263061440 kB
VmallocUsed:      112996 kB
VmallocChunk:          0 kB
Percpu:             7616 kB
CmaTotal:         294912 kB
CmaFree:               0 kB
MemTotal:       12113140 kB
MemFree:          812376 kB
MemAvailable:    7064664 kB
Buffers:            5432 kB
Cached:          6554868 kB
SwapCached:         1432 kB
Active:          3755532 kB
Inactive:        4722016 kB
Active(anon):    1335860 kB
Inactive(anon):   632068 kB
Active(file):    2419672 kB
Inactive(file):  4089948 kB
Unevictable:        5576 kB
Mlocked:            5576 kB
SwapTotal:       3145724 kB
SwapFree:        3118820 kB
Dirty:              1232 kB
Writeback:             0 kB
AnonPages:       1921424 kB
Mapped:           608672 kB
Shmem:             46136 kB
KReclaimable:     611372 kB
Slab:             237600 kB
SReclaimable:      83976 kB
SUnreclaim:       153624 kB
KernelStack:       55824 kB
PageTables:        70168 kB
NFS_Unstable:          0 kB
Bounce:                0 kB
WritebackTmp:          0 kB
CommitLimit:     9202292 kB
Committed_AS:   74930560 kB
VmallocTotal:   263061440 kB
VmallocUsed:      112900 kB
VmallocChunk:          0 kB
Percpu:             7616 kB
CmaTotal:         294912 kB
CmaFree:               0 kB
MemTotal:       12113140 kB
MemFree:          811904 kB
MemAvailable:    7064204 kB
Buffers:            5432 kB
Cached:          6554872 kB
SwapCached:         1432 kB
Active:          3755576 kB
Inactive:        4722028 kB
Active(anon):    1335904 kB
Inactive(anon):   632068 kB
Active(file):    2419672 kB
Inactive(file):  4089960 kB
Unevictable:        5576 kB
Mlocked:            5576 kB
SwapTotal:       3145724 kB
SwapFree:        3118820 kB
Dirty:              1236 kB
Writeback:             0 kB
AnonPages:       1921548 kB
Mapped:           608672 kB
Shmem:             46136 kB
KReclaimable:     611372 kB
Slab:             237600 kB
SReclaimable:      83976 kB
SUnreclaim:       153624 kB
KernelStack:       55744 kB
PageTables:        70304 kB
NFS_Unstable:          0 kB
Bounce:                0 kB
WritebackTmp:          0 kB
CommitLimit:     9202292 kB
Committed_AS:   74929796 kB
VmallocTotal:   263061440 kB
VmallocUsed:      112788 kB
VmallocChunk:          0 kB
Percpu:             7616 kB
CmaTotal:         294912 kB
CmaFree:               0 kB
MemTotal:       12113140 kB
MemFree:          810808 kB
MemAvailable:    7063108 kB
Buffers:            5432 kB
Cached:          6554872 kB
SwapCached:         1432 kB
Active:          3755828 kB
Inactive:        4722028 kB
Active(anon):    1336156 kB
Inactive(anon):   632068 kB
Active(file):    2419672 kB
Inactive(file):  4089960 kB
Unevictable:        5576 kB
Mlocked:            5576 kB
SwapTotal:       3145724 kB
SwapFree:        3118820 kB
Dirty:              1244 kB
Writeback:             0 kB
AnonPages:       1921860 kB
Mapped:           608672 kB
Shmem:             46136 kB
KReclaimable:     611372 kB
Slab:             237592 kB
SReclaimable:      83976 kB
SUnreclaim:       153616 kB
KernelStack:       55728 kB
PageTables:        70300 kB
NFS_Unstable:          0 kB
Bounce:                0 kB
WritebackTmp:          0 kB
CommitLimit:     9202292 kB
Committed_AS:   74923688 kB
VmallocTotal:   263061440 kB
VmallocUsed:      112708 kB
VmallocChunk:          0 kB
Percpu:             7616 kB
CmaTotal:         294912 kB
CmaFree:               0 kB
MemTotal:       12113140 kB
MemFree:          810052 kB
MemAvailable:    7062452 kB
Buffers:            5432 kB
Cached:          6555000 kB
SwapCached:         1432 kB
Active:          3756044 kB
Inactive:        4722128 kB
Active(anon):    1336372 kB
Inactive(anon):   632068 kB
Active(file):    2419672 kB
Inactive(file):  4090060 kB
Unevictable:        5576 kB
Mlocked:            5576 kB
SwapTotal:       3145724 kB
SwapFree:        3118820 kB
Dirty:              1388 kB
Writeback:             0 kB
AnonPages:       1921920 kB
Mapped:           608672 kB
Shmem:             46136 kB
KReclaimable:     611372 kB
Slab:             237592 kB
SReclaimable:      83976 kB
SUnreclaim:       153616 kB
KernelStack:       55728 kB
PageTables:        70308 kB
NFS_Unstable:          0 kB
Bounce:                0 kB
WritebackTmp:          0 kB
CommitLimit:     9202292 kB
Committed_AS:   74929092 kB
VmallocTotal:   263061440 kB
VmallocUsed:      112756 kB
VmallocChunk:          0 kB
Percpu:             7616 kB
CmaTotal:         294912 kB
CmaFree:               0 kB
MemTotal:       12113140 kB
MemFree:          809824 kB
MemAvailable:    7062252 kB
Buffers:            5432 kB
Cached:          6555000 kB
SwapCached:         1432 kB
Active:          3756144 kB
Inactive:        4722156 kB
Active(anon):    1336472 kB
Inactive(anon):   632068 kB
Active(file):    2419672 kB
Inactive(file):  4090088 kB
Unevictable:        5576 kB
Mlocked:            5576 kB
SwapTotal:       3145724 kB
SwapFree:        3118820 kB
Dirty:              1400 kB
Writeback:             0 kB
AnonPages:       1922040 kB
Mapped:           608672 kB
Shmem:             46136 kB
KReclaimable:     611372 kB
Slab:             237600 kB
SReclaimable:      83976 kB
SUnreclaim:       153624 kB
KernelStack:       55728 kB
PageTables:        70200 kB
NFS_Unstable:          0 kB
Bounce:                0 kB
WritebackTmp:          0 kB
CommitLimit:     9202292 kB
Committed_AS:   74926420 kB
VmallocTotal:   263061440 kB
VmallocUsed:      112772 kB
VmallocChunk:          0 kB
Percpu:             7616 kB
CmaTotal:         294912 kB
CmaFree:               0 kB
MemTotal:       12113140 kB
MemFree:          809820 kB
MemAvailable:    7062248 kB
Buffers:            5432 kB
Cached:          6555000 kB
SwapCached:         1432 kB
Active:          3755000 kB
Inactive:        4722156 kB
Active(anon):    1335328 kB
Inactive(anon):   632068 kB
Active(file):    2419672 kB
Inactive(file):  4090088 kB
Unevictable:        5576 kB
Mlocked:            5576 kB
SwapTotal:       3145724 kB
SwapFree:        3118820 kB
Dirty:              1412 kB
Writeback:             0 kB
AnonPages:       1921068 kB
Mapped:           608672 kB
Shmem:             46136 kB
KReclaimable:     611372 kB
Slab:             237600 kB
SReclaimable:      83976 kB
SUnreclaim:       153624 kB
KernelStack:       55600 kB
PageTables:        70192 kB
NFS_Unstable:          0 kB
Bounce:                0 kB
WritebackTmp:          0 kB
CommitLimit:     9202292 kB
Committed_AS:   74924304 kB
VmallocTotal:   263061440 kB
VmallocUsed:      112660 kB
VmallocChunk:          0 kB
Percpu:             7616 kB
CmaTotal:         294912 kB
CmaFree:               0 kB
MemTotal:       12113140 kB
MemFree:          810640 kB
MemAvailable:    7063172 kB
Buffers:            5432 kB
Cached:          6555128 kB
SwapCached:         1432 kB
Active:          3755412 kB
Inactive:        4722260 kB
Active(anon):    1335740 kB
Inactive(anon):   632068 kB
Active(file):    2419672 kB
Inactive(file):  4090192 kB
Unevictable:        5576 kB
Mlocked:            5576 kB
SwapTotal:       3145724 kB
SwapFree:        3118820 kB
Dirty:              1540 kB
Writeback:             0 kB
AnonPages:       1921500 kB
Mapped:           608672 kB
Shmem:             46136 kB
KReclaimable:     611372 kB
Slab:             237600 kB
SReclaimable:      83976 kB
SUnreclaim:       153624 kB
KernelStack:       55536 kB
PageTables:        70164 kB
NFS_Unstable:          0 kB
Bounce:                0 kB
WritebackTmp:          0 kB
CommitLimit:     9202292 kB
Committed_AS:   74929200 kB
VmallocTotal:   263061440 kB
VmallocUsed:      112596 kB
VmallocChunk:          0 kB
Percpu:             7616 kB
CmaTotal:         294912 kB
CmaFree:               0 kB
MemTotal:       12113140 kB
MemFree:          810640 kB
MemAvailable:    7063196 kB
Buffers:            5432 kB
Cached:          6555128 kB
SwapCached:         1432 kB
Active:          3755200 kB
Inactive:        4722284 kB
Active(anon):    1335528 kB
Inactive(anon):   632068 kB
Active(file):    2419672 kB
Inactive(file):  4090216 kB
Unevictable:        5576 kB
Mlocked:            5576 kB
SwapTotal:       3145724 kB
SwapFree:        3118820 kB
Dirty:              1540 kB
Writeback:             0 kB
AnonPages:       1921300 kB
Mapped:           608672 kB
Shmem:             46136 kB
KReclaimable:     611372 kB
Slab:             237600 kB
SReclaimable:      83976 kB
SUnreclaim:       153624 kB
KernelStack:       55488 kB
PageTables:        70160 kB
NFS_Unstable:          0 kB
Bounce:                0 kB
WritebackTmp:          0 kB
CommitLimit:     9202292 kB
Committed_AS:   74928836 kB
VmallocTotal:   263061440 kB
VmallocUsed:      112548 kB
VmallocChunk:          0 kB
Percpu:             7616 kB
CmaTotal:         294912 kB
CmaFree:               0 kB
MemTotal:       12113140 kB
MemFree:          810608 kB
MemAvailable:    7063164 kB
Buffers:            5432 kB
Cached:          6555128 kB
SwapCached:         1432 kB
Active:          3755444 kB
Inactive:        4722284 kB
Active(anon):    1335772 kB
Inactive(anon):   632068 kB
Active(file):    2419672 kB
Inactive(file):  4090216 kB
Unevictable:        5576 kB
Mlocked:            5576 kB
SwapTotal:       3145724 kB
SwapFree:        3118820 kB
Dirty:              1540 kB
Writeback:             0 kB
AnonPages:       1921664 kB
Mapped:           608672 kB
Shmem:             46136 kB
KReclaimable:     611372 kB
Slab:             237600 kB
SReclaimable:      83976 kB
SUnreclaim:       153624 kB
KernelStack:       55488 kB
PageTables:        70180 kB
NFS_Unstable:          0 kB
Bounce:                0 kB
WritebackTmp:          0 kB
CommitLimit:     9202292 kB
Committed_AS:   74923220 kB
VmallocTotal:   263061440 kB
VmallocUsed:      112516 kB
VmallocChunk:          0 kB
Percpu:             7616 kB
CmaTotal:         294912 kB
CmaFree:               0 kB
MemTotal:       12113140 kB
MemFree:          810500 kB
MemAvailable:    7063184 kB
Buffers:            5432 kB
Cached:          6555256 kB
SwapCached:         1432 kB
Active:          3755392 kB
Inactive:        4722412 kB
Active(anon):    1335720 kB
Inactive(anon):   632068 kB
Active(file):    2419672 kB
Inactive(file):  4090344 kB
Unevictable:        5576 kB
Mlocked:            5576 kB
SwapTotal:       3145724 kB
SwapFree:        3118820 kB
Dirty:              1680 kB
Writeback:             0 kB
AnonPages:       1921232 kB
Mapped:           608676 kB
Shmem:             46136 kB
KReclaimable:     611372 kB
Slab:             237600 kB
SReclaimable:      83976 kB
SUnreclaim:       153624 kB
KernelStack:       55472 kB
PageTables:        70292 kB
NFS_Unstable:          0 kB
Bounce:                0 kB
WritebackTmp:          0 kB
CommitLimit:     9202292 kB
Committed_AS:   74922772 kB
VmallocTotal:   263061440 kB
VmallocUsed:      112500 kB
VmallocChunk:          0 kB
Percpu:             7616 kB
CmaTotal:         294912 kB
CmaFree:               0 kB
MemTotal:       12113140 kB
MemFree:          809988 kB
MemAvailable:    7062676 kB
Buffers:            5436 kB
Cached:          6555256 kB
SwapCached:         1432 kB
Active:          3755812 kB
Inactive:        4722412 kB
Active(anon):    1336136 kB
Inactive(anon):   632068 kB
Active(file):    2419676 kB
Inactive(file):  4090344 kB
Unevictable:        5576 kB
Mlocked:            5576 kB
SwapTotal:       3145724 kB
SwapFree:        3118820 kB
Dirty:              1528 kB
Writeback:             0 kB
AnonPages:       1921796 kB
Mapped:           608676 kB
Shmem:             46136 kB
KReclaimable:     611372 kB
Slab:             237600 kB
SReclaimable:      83976 kB
SUnreclaim:       153624 kB
KernelStack:       55440 kB
PageTables:        70136 kB
NFS_Unstable:          0 kB
Bounce:                0 kB
WritebackTmp:          0 kB
CommitLimit:     9202292 kB
Committed_AS:   74930668 kB
VmallocTotal:   263061440 kB
VmallocUsed:      112516 kB
VmallocChunk:          0 kB
Percpu:             7616 kB
CmaTotal:         294912 kB
CmaFree:               0 kB
MemTotal:       12113140 kB
MemFree:          809832 kB
MemAvailable:    7062520 kB
Buffers:            5436 kB
Cached:          6555256 kB
SwapCached:         1432 kB
Active:          3756460 kB
Inactive:        4722412 kB
Active(anon):    1336784 kB
Inactive(anon):   632068 kB
Active(file):    2419676 kB
Inactive(file):  4090344 kB
Unevictable:        5576 kB
Mlocked:            5576 kB
SwapTotal:       3145724 kB
SwapFree:        3118820 kB
Dirty:              1528 kB
Writeback:             0 kB
AnonPages:       1922572 kB
Mapped:           608676 kB
Shmem:             46136 kB
KReclaimable:     611372 kB
Slab:             237600 kB
SReclaimable:      83976 kB
SUnreclaim:       153624 kB
KernelStack:       55424 kB
PageTables:        70140 kB
NFS_Unstable:          0 kB
Bounce:                0 kB
WritebackTmp:          0 kB
CommitLimit:     9202292 kB
Committed_AS:   74930960 kB
VmallocTotal:   263061440 kB
VmallocUsed:      112484 kB
VmallocChunk:          0 kB
Percpu:             7616 kB
CmaTotal:         294912 kB
CmaFree:               0 kB
MemTotal:       12113140 kB
MemFree:          809076 kB
MemAvailable:    7061892 kB
Buffers:            5436 kB
Cached:          6555384 kB
SwapCached:         1432 kB
Active:          3756736 kB
Inactive:        4722540 kB
Active(anon):    1337060 kB
Inactive(anon):   632068 kB
Active(file):    2419676 kB
Inactive(file):  4090472 kB
Unevictable:        5576 kB
Mlocked:            5576 kB
SwapTotal:       3145724 kB
SwapFree:        3118820 kB
Dirty:              1668 kB
Writeback:             0 kB
AnonPages:       1922692 kB
Mapped:           608676 kB
Shmem:             46136 kB
KReclaimable:     611372 kB
Slab:             237600 kB
SReclaimable:      83976 kB
SUnreclaim:       153624 kB
KernelStack:       55424 kB
PageTables:        70144 kB
NFS_Unstable:          0 kB
Bounce:                0 kB
WritebackTmp:          0 kB
CommitLimit:     9202292 kB
Committed_AS:   74930548 kB
VmallocTotal:   263061440 kB
VmallocUsed:      112500 kB
VmallocChunk:          0 kB
Percpu:             7616 kB
CmaTotal:         294912 kB
CmaFree:               0 kB
MemTotal:       12113140 kB
MemFree:          808888 kB
MemAvailable:    7061704 kB
Buffers:            5436 kB
Cached:          6555384 kB
SwapCached:         1432 kB
Active:          3756856 kB
Inactive:        4722540 kB
Active(anon):    1337180 kB
Inactive(anon):   632068 kB
Active(file):    2419676 kB
Inactive(file):  4090472 kB
Unevictable:        5576 kB
Mlocked:            5576 kB
SwapTotal:       3145724 kB
SwapFree:        3118820 kB
Dirty:              1668 kB
Writeback:             0 kB
AnonPages:       1922960 kB
Mapped:           608676 kB
Shmem:             46136 kB
KReclaimable:     611372 kB
Slab:             237600 kB
SReclaimable:      83976 kB
SUnreclaim:       153624 kB
KernelStack:       55456 kB
PageTables:        70272 kB
NFS_Unstable:          0 kB
Bounce:                0 kB
WritebackTmp:          0 kB
CommitLimit:     9202292 kB
Committed_AS:   74915660 kB
VmallocTotal:   263061440 kB
VmallocUsed:      112484 kB
VmallocChunk:          0 kB
Percpu:             7616 kB
CmaTotal:         294912 kB
CmaFree:               0 kB
MemTotal:       12113140 kB
MemFree:          808256 kB
MemAvailable:    7061176 kB
Buffers:            5436 kB
Cached:          6555512 kB
SwapCached:         1432 kB
Active:          3758292 kB
Inactive:        4722644 kB
Active(anon):    1338616 kB
Inactive(anon):   632068 kB
Active(file):    2419676 kB
Inactive(file):  4090576 kB
Unevictable:        5576 kB
Mlocked:            5576 kB
SwapTotal:       3145724 kB
SwapFree:        3118820 kB
Dirty:              1796 kB
Writeback:             0 kB
AnonPages:       1924344 kB
Mapped:           608676 kB
Shmem:             46136 kB
KReclaimable:     611372 kB
Slab:             237600 kB
SReclaimable:      83976 kB
SUnreclaim:       153624 kB
KernelStack:       55424 kB
PageTables:        70152 kB
NFS_Unstable:          0 kB
Bounce:                0 kB
WritebackTmp:          0 kB
CommitLimit:     9202292 kB
Committed_AS:   74914108 kB
VmallocTotal:   263061440 kB
VmallocUsed:      112468 kB
VmallocChunk:          0 kB
Percpu:             7616 kB
CmaTotal:         294912 kB
CmaFree:               0 kB
MemTotal:       12113140 kB
MemFree:          807784 kB
MemAvailable:    7060728 kB
Buffers:            5436 kB
Cached:          6555512 kB
SwapCached:         1432 kB
Active:          3759036 kB
Inactive:        4722668 kB
Active(anon):    1339360 kB
Inactive(anon):   632068 kB
Active(file):    2419676 kB
Inactive(file):  4090600 kB
Unevictable:        5576 kB
Mlocked:            5576 kB
SwapTotal:       3145724 kB
SwapFree:        3118820 kB
Dirty:              1816 kB
Writeback:             0 kB
AnonPages:       1924944 kB
Mapped:           608676 kB
Shmem:             46136 kB
KReclaimable:     611372 kB
Slab:             237600 kB
SReclaimable:      83976 kB
SUnreclaim:       153624 kB
KernelStack:       55456 kB
PageTables:        70200 kB
NFS_Unstable:          0 kB
Bounce:                0 kB
WritebackTmp:          0 kB
CommitLimit:     9202292 kB
Committed_AS:   74911384 kB
VmallocTotal:   263061440 kB
VmallocUsed:      112468 kB
VmallocChunk:          0 kB
Percpu:             7616 kB
CmaTotal:         294912 kB
CmaFree:               0 kB
MemTotal:       12113140 kB
MemFree:          801012 kB
MemAvailable:    7053956 kB
Buffers:            5436 kB
Cached:          6555512 kB
SwapCached:         1432 kB
Active:          3766560 kB
Inactive:        4722668 kB
Active(anon):    1346884 kB
Inactive(anon):   632068 kB
Active(file):    2419676 kB
Inactive(file):  4090600 kB
Unevictable:        5576 kB
Mlocked:            5576 kB
SwapTotal:       3145724 kB
SwapFree:        3118820 kB
Dirty:              1820 kB
Writeback:             0 kB
AnonPages:       1931880 kB
Mapped:           608676 kB
Shmem:             46136 kB
KReclaimable:     611372 kB
Slab:             237600 kB
SReclaimable:      83976 kB
SUnreclaim:       153624 kB
KernelStack:       55424 kB
PageTables:        70148 kB
NFS_Unstable:          0 kB
Bounce:                0 kB
WritebackTmp:          0 kB
CommitLimit:     9202292 kB
Committed_AS:   74921016 kB
VmallocTotal:   263061440 kB
VmallocUsed:      112484 kB
VmallocChunk:          0 kB
Percpu:             7616 kB
CmaTotal:         294912 kB
CmaFree:               0 kB
MemTotal:       12113140 kB
MemFree:          825896 kB
MemAvailable:    7526832 kB
Buffers:            5436 kB
Cached:          6555516 kB
SwapCached:         1432 kB
Active:          3741464 kB
Inactive:        4721004 kB
Active(anon):    1320120 kB
Inactive(anon):   632068 kB
Active(file):    2421344 kB
Inactive(file):  4088936 kB
Unevictable:        5576 kB
Mlocked:            5576 kB
SwapTotal:       3145724 kB
SwapFree:        3118820 kB
Dirty:              1832 kB
Writeback:             0 kB
AnonPages:       1905924 kB
Mapped:           599504 kB
Shmem:             46136 kB
KReclaimable:    1059100 kB
Slab:             237596 kB
SReclaimable:      83976 kB
SUnreclaim:       153620 kB
KernelStack:       55456 kB
PageTables:        70256 kB
NFS_Unstable:          0 kB
Bounce:                0 kB
WritebackTmp:          0 kB
CommitLimit:     9202292 kB
Committed_AS:   74898512 kB
VmallocTotal:   263061440 kB
VmallocUsed:      112468 kB
VmallocChunk:          0 kB
Percpu:             7616 kB
CmaTotal:         294912 kB
CmaFree:               0 kB
MemTotal:       12113140 kB
MemFree:          407328 kB
MemAvailable:    6910180 kB
Buffers:            5436 kB
Cached:          6555516 kB
SwapCached:         1432 kB
Active:          4515256 kB
Inactive:        4366236 kB
Active(anon):    1739144 kB
Inactive(anon):   632068 kB
Active(file):    2776112 kB
Inactive(file):  3734168 kB
Unevictable:        5576 kB
Mlocked:            5576 kB
SwapTotal:       3145724 kB
SwapFree:        3118820 kB
Dirty:              1848 kB
Writeback:             0 kB
AnonPages:       2324824 kB
Mapped:           611348 kB
Shmem:             46136 kB
KReclaimable:     861276 kB
Slab:             237648 kB
SReclaimable:      83976 kB
SUnreclaim:       153672 kB
KernelStack:       55440 kB
PageTables:        71364 kB
NFS_Unstable:          0 kB
Bounce:                0 kB
WritebackTmp:          0 kB
CommitLimit:     9202292 kB
Committed_AS:   75318640 kB
VmallocTotal:   263061440 kB
VmallocUsed:      112436 kB
VmallocChunk:          0 kB
Percpu:             7616 kB
CmaTotal:         294912 kB
CmaFree:               0 kB
MemTotal:       12113140 kB
MemFree:          640924 kB
MemAvailable:    6759872 kB
Buffers:            5436 kB
Cached:          6555520 kB
SwapCached:         1432 kB
Active:          4308064 kB
Inactive:        4336756 kB
Active(anon):    1502468 kB
Inactive(anon):   632068 kB
Active(file):    2805596 kB
Inactive(file):  3704688 kB
Unevictable:        5576 kB
Mlocked:            5576 kB
SwapTotal:       3145724 kB
SwapFree:        3118820 kB
Dirty:               316 kB
Writeback:             0 kB
AnonPages:       2088280 kB
Mapped:           641272 kB
Shmem:             46136 kB
KReclaimable:     472504 kB
Slab:             238104 kB
SReclaimable:      83976 kB
SUnreclaim:       154128 kB
KernelStack:       55440 kB
PageTables:        71212 kB
NFS_Unstable:          0 kB
Bounce:                0 kB
WritebackTmp:          0 kB
CommitLimit:     9202292 kB
Committed_AS:   75080480 kB
VmallocTotal:   263061440 kB
VmallocUsed:      112468 kB
VmallocChunk:          0 kB
Percpu:             7616 kB
CmaTotal:         294912 kB
CmaFree:               0 kB
MemTotal:       12113140 kB
MemFree:          666956 kB
MemAvailable:    6723196 kB
Buffers:            5436 kB
Cached:          6555648 kB
SwapCached:         1432 kB
Active:          4282904 kB
Inactive:        4331844 kB
Active(anon):    1472268 kB
Inactive(anon):   632068 kB
Active(file):    2810636 kB
Inactive(file):  3699776 kB
Unevictable:        5576 kB
Mlocked:            5576 kB
SwapTotal:       3145724 kB
SwapFree:        3118820 kB
Dirty:               444 kB
Writeback:             0 kB
AnonPages:       2057940 kB
Mapped:           643396 kB
Shmem:             46136 kB
KReclaimable:     346832 kB
Slab:             238160 kB
SReclaimable:      83976 kB
SUnreclaim:       154184 kB
KernelStack:       55440 kB
PageTables:        71128 kB
NFS_Unstable:          0 kB
Bounce:                0 kB
WritebackTmp:          0 kB
CommitLimit:     9202292 kB
Committed_AS:   75050632 kB
VmallocTotal:   263061440 kB
VmallocUsed:      112484 kB
VmallocChunk:          0 kB
Percpu:             7616 kB
CmaTotal:         294912 kB
CmaFree:               0 kB
MemTotal:       12113140 kB
MemFree:          665220 kB
MemAvailable:    6721460 kB
Buffers:            5436 kB
Cached:          6555648 kB
SwapCached:         1432 kB
Active:          4284376 kB
Inactive:        4331844 kB
Active(anon):    1473740 kB
Inactive(anon):   632068 kB
Active(file):    2810636 kB
Inactive(file):  3699776 kB
Unevictable:        5576 kB
Mlocked:            5576 kB
SwapTotal:       3145724 kB
SwapFree:        3118820 kB
Dirty:               488 kB
Writeback:             0 kB
AnonPages:       2059432 kB
Mapped:           643396 kB
Shmem:             46136 kB
KReclaimable:     346832 kB
Slab:             238148 kB
SReclaimable:      83976 kB
SUnreclaim:       154172 kB
KernelStack:       55440 kB
PageTables:        71136 kB
NFS_Unstable:          0 kB
Bounce:                0 kB
WritebackTmp:          0 kB
CommitLimit:     9202292 kB
Committed_AS:   75051480 kB
VmallocTotal:   263061440 kB
VmallocUsed:      112484 kB
VmallocChunk:          0 kB
Percpu:             7616 kB
CmaTotal:         294912 kB
CmaFree:               0 kB
MemTotal:       12113140 kB
MemFree:          678088 kB
MemAvailable:    6734664 kB
Buffers:            5436 kB
Cached:          6553360 kB
SwapCached:         1432 kB
Active:          4273996 kB
Inactive:        4329556 kB
Active(anon):    1463360 kB
Inactive(anon):   629444 kB
Active(file):    2810636 kB
Inactive(file):  3700112 kB
Unevictable:        5576 kB
Mlocked:            5576 kB
SwapTotal:       3145724 kB
SwapFree:        3118820 kB
Dirty:              2260 kB
Writeback:             0 kB
AnonPages:       2048984 kB
Mapped:           643416 kB
Shmem:             43512 kB
KReclaimable:     346832 kB
Slab:             238148 kB
SReclaimable:      83976 kB
SUnreclaim:       154172 kB
KernelStack:       55504 kB
PageTables:        71160 kB
NFS_Unstable:          0 kB
Bounce:                0 kB
WritebackTmp:          0 kB
CommitLimit:     9202292 kB
Committed_AS:   75051092 kB
VmallocTotal:   263061440 kB
VmallocUsed:      112500 kB
VmallocChunk:          0 kB
Percpu:             7616 kB
CmaTotal:         294912 kB
CmaFree:               0 kB
MemTotal:       12113140 kB
MemFree:          677080 kB
MemAvailable:    6733788 kB
Buffers:            5436 kB
Cached:          6553492 kB
SwapCached:         1432 kB
Active:          4273940 kB
Inactive:        4329688 kB
Active(anon):    1463304 kB
Inactive(anon):   629444 kB
Active(file):    2810636 kB
Inactive(file):  3700244 kB
Unevictable:        5576 kB
Mlocked:            5576 kB
SwapTotal:       3145724 kB
SwapFree:        3118820 kB
Dirty:              2396 kB
Writeback:             0 kB
AnonPages:       2048948 kB
Mapped:           643420 kB
Shmem:             43512 kB
KReclaimable:     346828 kB
Slab:             238144 kB
SReclaimable:      83976 kB
SUnreclaim:       154168 kB
KernelStack:       55472 kB
PageTables:        71132 kB
NFS_Unstable:          0 kB
Bounce:                0 kB
WritebackTmp:          0 kB
CommitLimit:     9202292 kB
Committed_AS:   75051540 kB
VmallocTotal:   263061440 kB
VmallocUsed:      112516 kB
VmallocChunk:          0 kB
Percpu:             7616 kB
CmaTotal:         294912 kB
CmaFree:               0 kB
MemTotal:       12113140 kB
MemFree:          677072 kB
MemAvailable:    6733784 kB
Buffers:            5436 kB
Cached:          6553496 kB
SwapCached:         1432 kB
Active:          4274600 kB
Inactive:        4329692 kB
Active(anon):    1463964 kB
Inactive(anon):   629444 kB
Active(file):    2810636 kB
Inactive(file):  3700248 kB
Unevictable:        5576 kB
Mlocked:            5576 kB
SwapTotal:       3145724 kB
SwapFree:        3118820 kB
Dirty:              2376 kB
Writeback:             0 kB
AnonPages:       2049232 kB
Mapped:           643420 kB
Shmem:             43512 kB
KReclaimable:     346828 kB
Slab:             238144 kB
SReclaimable:      83976 kB
SUnreclaim:       154168 kB
KernelStack:       55472 kB
PageTables:        71136 kB
NFS_Unstable:          0 kB
Bounce:                0 kB
WritebackTmp:          0 kB
CommitLimit:     9202292 kB
Committed_AS:   75046012 kB
VmallocTotal:   263061440 kB
VmallocUsed:      112532 kB
VmallocChunk:          0 kB
Percpu:             7616 kB
CmaTotal:         294912 kB
CmaFree:               0 kB
MemTotal:       12113140 kB
MemFree:          708752 kB
MemAvailable:    6765464 kB
Buffers:            5436 kB
Cached:          6553496 kB
SwapCached:         1432 kB
Active:          4242932 kB
Inactive:        4329692 kB
Active(anon):    1432296 kB
Inactive(anon):   629444 kB
Active(file):    2810636 kB
Inactive(file):  3700248 kB
Unevictable:        5576 kB
Mlocked:            5576 kB
SwapTotal:       3145724 kB
SwapFree:        3118820 kB
Dirty:              2376 kB
Writeback:             0 kB
AnonPages:       2017940 kB
Mapped:           643420 kB
Shmem:             43512 kB
KReclaimable:     346828 kB
Slab:             238148 kB
SReclaimable:      83976 kB
SUnreclaim:       154172 kB
KernelStack:       55488 kB
PageTables:        71276 kB
NFS_Unstable:          0 kB
Bounce:                0 kB
WritebackTmp:          0 kB
CommitLimit:     9202292 kB
Committed_AS:   75043912 kB
VmallocTotal:   263061440 kB
VmallocUsed:      112532 kB
VmallocChunk:          0 kB
Percpu:             7616 kB
CmaTotal:         294912 kB
CmaFree:              32 kB
MemTotal:       12113140 kB
MemFree:          707724 kB
MemAvailable:    6764564 kB
Buffers:            5436 kB
Cached:          6553624 kB
SwapCached:         1432 kB
Active:          4245584 kB
Inactive:        4329820 kB
Active(anon):    1434948 kB
Inactive(anon):   629444 kB
Active(file):    2810636 kB
Inactive(file):  3700376 kB
Unevictable:        5576 kB
Mlocked:            5576 kB
SwapTotal:       3145724 kB
SwapFree:        3118820 kB
Dirty:              2504 kB
Writeback:             0 kB
AnonPages:       2020680 kB
Mapped:           643420 kB
Shmem:             43512 kB
KReclaimable:     346828 kB
Slab:             238148 kB
SReclaimable:      83976 kB
SUnreclaim:       154172 kB
KernelStack:       55472 kB
PageTables:        71144 kB
NFS_Unstable:          0 kB
Bounce:                0 kB
WritebackTmp:          0 kB
CommitLimit:     9202292 kB
Committed_AS:   75043656 kB
VmallocTotal:   263061440 kB
VmallocUsed:      112548 kB
VmallocChunk:          0 kB
Percpu:             7616 kB
CmaTotal:         294912 kB
CmaFree:               0 kB
MemTotal:       12113140 kB
MemFree:          707616 kB
MemAvailable:    6764456 kB
Buffers:            5436 kB
Cached:          6553624 kB
SwapCached:         1432 kB
Active:          4247188 kB
Inactive:        4329820 kB
Active(anon):    1436552 kB
Inactive(anon):   629444 kB
Active(file):    2810636 kB
Inactive(file):  3700376 kB
Unevictable:        5576 kB
Mlocked:            5576 kB
SwapTotal:       3145724 kB
SwapFree:        3118820 kB
Dirty:              2544 kB
Writeback:             0 kB
AnonPages:       2022248 kB
Mapped:           643428 kB
Shmem:             43512 kB
KReclaimable:     346828 kB
Slab:             238156 kB
SReclaimable:      83976 kB
SUnreclaim:       154180 kB
KernelStack:       55488 kB
PageTables:        71284 kB
NFS_Unstable:          0 kB
Bounce:                0 kB
WritebackTmp:          0 kB
CommitLimit:     9202292 kB
Committed_AS:   75040804 kB
VmallocTotal:   263061440 kB
VmallocUsed:      112532 kB
VmallocChunk:          0 kB
Percpu:             7616 kB
CmaTotal:         294912 kB
CmaFree:               8 kB
MemTotal:       12113140 kB
MemFree:          695752 kB
MemAvailable:    6752600 kB
Buffers:            5444 kB
Cached:          6553624 kB
SwapCached:         1432 kB
Active:          4258368 kB
Inactive:        4329820 kB
Active(anon):    1447724 kB
Inactive(anon):   629444 kB
Active(file):    2810644 kB
Inactive(file):  3700376 kB
Unevictable:        5576 kB
Mlocked:            5576 kB
SwapTotal:       3145724 kB
SwapFree:        3118820 kB
Dirty:              2568 kB
Writeback:             0 kB
AnonPages:       2033376 kB
Mapped:           643428 kB
Shmem:             43512 kB
KReclaimable:     346828 kB
Slab:             238152 kB
SReclaimable:      83976 kB
SUnreclaim:       154176 kB
KernelStack:       55472 kB
PageTables:        71144 kB
NFS_Unstable:          0 kB
Bounce:                0 kB
WritebackTmp:          0 kB
CommitLimit:     9202292 kB
Committed_AS:   75049516 kB
VmallocTotal:   263061440 kB
VmallocUsed:      112516 kB
VmallocChunk:          0 kB
Percpu:             7616 kB
CmaTotal:         294912 kB
CmaFree:               0 kB
MemTotal:       12113140 kB
MemFree:          694384 kB
MemAvailable:    6751360 kB
Buffers:            5444 kB
Cached:          6553752 kB
SwapCached:         1432 kB
Active:          4258504 kB
Inactive:        4329948 kB
Active(anon):    1447860 kB
Inactive(anon):   629444 kB
Active(file):    2810644 kB
Inactive(file):  3700504 kB
Unevictable:        5576 kB
Mlocked:            5576 kB
SwapTotal:       3145724 kB
SwapFree:        3118820 kB
Dirty:              2696 kB
Writeback:             0 kB
AnonPages:       2033520 kB
Mapped:           643428 kB
Shmem:             43512 kB
KReclaimable:     346828 kB
Slab:             238160 kB
SReclaimable:      83976 kB
SUnreclaim:       154184 kB
KernelStack:       55472 kB
PageTables:        71144 kB
NFS_Unstable:          0 kB
Bounce:                0 kB
WritebackTmp:          0 kB
CommitLimit:     9202292 kB
Committed_AS:   75044876 kB
VmallocTotal:   263061440 kB
VmallocUsed:      112500 kB
VmallocChunk:          0 kB
Percpu:             7616 kB
CmaTotal:         294912 kB
CmaFree:               0 kB
MemTotal:       12113140 kB
MemFree:          692904 kB
MemAvailable:    6749880 kB
Buffers:            5444 kB
Cached:          6553776 kB
SwapCached:         1432 kB
Active:          4260436 kB
Inactive:        4329956 kB
Active(anon):    1449776 kB
Inactive(anon):   629468 kB
Active(file):    2810660 kB
Inactive(file):  3700488 kB
Unevictable:        5576 kB
Mlocked:            5576 kB
SwapTotal:       3145724 kB
SwapFree:        3118820 kB
Dirty:              2880 kB
Writeback:             0 kB
AnonPages:       2035392 kB
Mapped:           643452 kB
Shmem:             43536 kB
KReclaimable:     346828 kB
Slab:             238160 kB
SReclaimable:      83976 kB
SUnreclaim:       154184 kB
KernelStack:       55584 kB
PageTables:        71160 kB
NFS_Unstable:          0 kB
Bounce:                0 kB
WritebackTmp:          0 kB
CommitLimit:     9202292 kB
Committed_AS:   75046548 kB
VmallocTotal:   263061440 kB
VmallocUsed:      112580 kB
