MemTotal:       12113136 kB
MemFree:         6347124 kB
MemAvailable:    7948944 kB
Buffers:            5260 kB
Cached:          1830604 kB
SwapCached:            0 kB
Active:          1511728 kB
Inactive:        1594928 kB
Active(anon):    1277276 kB
Inactive(anon):    23540 kB
Active(file):     234452 kB
Inactive(file):  1571388 kB
Unevictable:        5620 kB
Mlocked:            5620 kB
SwapTotal:       3145724 kB
SwapFree:        3145724 kB
Dirty:               172 kB
Writeback:             0 kB
AnonPages:       1276632 kB
Mapped:           863620 kB
Shmem:             25456 kB
KReclaimable:     664684 kB
Slab:             226532 kB
SReclaimable:      77620 kB
SUnreclaim:       148912 kB
KernelStack:       47924 kB
PageTables:        67004 kB
NFS_Unstable:          0 kB
Bounce:                0 kB
WritebackTmp:          0 kB
CommitLimit:     9202292 kB
Committed_AS:   75060112 kB
VmallocTotal:   263061440 kB
VmallocUsed:      104968 kB
VmallocChunk:          0 kB
Percpu:             7552 kB
CmaTotal:         294912 kB
CmaFree:               0 kB
MemTotal:       12113136 kB
MemFree:         6346900 kB
MemAvailable:    7948796 kB
Buffers:            5260 kB
Cached:          1830680 kB
SwapCached:            0 kB
Active:          1512940 kB
Inactive:        1594968 kB
Active(anon):    1278452 kB
Inactive(anon):    23540 kB
Active(file):     234488 kB
Inactive(file):  1571428 kB
Unevictable:        5620 kB
Mlocked:            5620 kB
SwapTotal:       3145724 kB
SwapFree:        3145724 kB
Dirty:               252 kB
Writeback:             0 kB
AnonPages:       1277196 kB
Mapped:           863628 kB
Shmem:             25456 kB
KReclaimable:     664684 kB
Slab:             226512 kB
SReclaimable:      77620 kB
SUnreclaim:       148892 kB
KernelStack:       47920 kB
PageTables:        66984 kB
NFS_Unstable:          0 kB
Bounce:                0 kB
WritebackTmp:          0 kB
CommitLimit:     9202292 kB
Committed_AS:   75059716 kB
VmallocTotal:   263061440 kB
VmallocUsed:      104952 kB
VmallocChunk:          0 kB
Percpu:             7552 kB
CmaTotal:         294912 kB
CmaFree:               0 kB
MemTotal:       12113136 kB
MemFree:         6345704 kB
MemAvailable:    7947604 kB
Buffers:            5260 kB
Cached:          1830688 kB
SwapCached:            0 kB
Active:          1513088 kB
Inactive:        1594972 kB
Active(anon):    1278600 kB
Inactive(anon):    23540 kB
Active(file):     234488 kB
Inactive(file):  1571432 kB
Unevictable:        5620 kB
Mlocked:            5620 kB
SwapTotal:       3145724 kB
SwapFree:        3145724 kB
Dirty:               408 kB
Writeback:             0 kB
AnonPages:       1277896 kB
Mapped:           863632 kB
Shmem:             25460 kB
KReclaimable:     664684 kB
Slab:             226532 kB
SReclaimable:      77620 kB
SUnreclaim:       148912 kB
KernelStack:       47888 kB
PageTables:        66972 kB
NFS_Unstable:          0 kB
Bounce:                0 kB
WritebackTmp:          0 kB
CommitLimit:     9202292 kB
Committed_AS:   75060108 kB
VmallocTotal:   263061440 kB
VmallocUsed:      104920 kB
VmallocChunk:          0 kB
Percpu:             7552 kB
CmaTotal:         294912 kB
CmaFree:               0 kB
MemTotal:       12113136 kB
MemFree:         6345472 kB
MemAvailable:    7947384 kB
Buffers:            5260 kB
Cached:          1830704 kB
SwapCached:            0 kB
Active:          1513756 kB
Inactive:        1594992 kB
Active(anon):    1279268 kB
Inactive(anon):    23548 kB
Active(file):     234488 kB
Inactive(file):  1571444 kB
Unevictable:        5620 kB
Mlocked:            5620 kB
SwapTotal:       3145724 kB
SwapFree:        3145724 kB
Dirty:               432 kB
Writeback:             0 kB
AnonPages:       1278692 kB
Mapped:           863636 kB
Shmem:             25464 kB
KReclaimable:     664684 kB
Slab:             226536 kB
SReclaimable:      77620 kB
SUnreclaim:       148916 kB
KernelStack:       47904 kB
PageTables:        66988 kB
NFS_Unstable:          0 kB
Bounce:                0 kB
WritebackTmp:          0 kB
CommitLimit:     9202292 kB
Committed_AS:   75059940 kB
VmallocTotal:   263061440 kB
VmallocUsed:      104968 kB
VmallocChunk:          0 kB
Percpu:             7552 kB
CmaTotal:         294912 kB
CmaFree:               0 kB
MemTotal:       12113136 kB
MemFree:         6343508 kB
MemAvailable:    7945436 kB
Buffers:            5260 kB
Cached:          1830720 kB
SwapCached:            0 kB
Active:          1514896 kB
Inactive:        1595008 kB
Active(anon):    1280408 kB
Inactive(anon):    23548 kB
Active(file):     234488 kB
Inactive(file):  1571460 kB
Unevictable:        5620 kB
Mlocked:            5620 kB
SwapTotal:       3145724 kB
SwapFree:        3145724 kB
Dirty:               452 kB
Writeback:             0 kB
AnonPages:       1279476 kB
Mapped:           863636 kB
Shmem:             25464 kB
KReclaimable:     664684 kB
Slab:             226552 kB
SReclaimable:      77620 kB
SUnreclaim:       148932 kB
KernelStack:       47920 kB
PageTables:        66984 kB
NFS_Unstable:          0 kB
Bounce:                0 kB
WritebackTmp:          0 kB
CommitLimit:     9202292 kB
Committed_AS:   75059844 kB
VmallocTotal:   263061440 kB
VmallocUsed:      104968 kB
VmallocChunk:          0 kB
Percpu:             7552 kB
CmaTotal:         294912 kB
CmaFree:               0 kB
MemTotal:       12113136 kB
MemFree:         6342812 kB
MemAvailable:    7944748 kB
Buffers:            5260 kB
Cached:          1830728 kB
SwapCached:            0 kB
Active:          1515792 kB
Inactive:        1595016 kB
Active(anon):    1281304 kB
Inactive(anon):    23548 kB
Active(file):     234488 kB
Inactive(file):  1571468 kB
Unevictable:        5620 kB
Mlocked:            5620 kB
SwapTotal:       3145724 kB
SwapFree:        3145724 kB
Dirty:               460 kB
Writeback:             0 kB
AnonPages:       1280604 kB
Mapped:           863636 kB
Shmem:             25464 kB
KReclaimable:     664684 kB
Slab:             226540 kB
SReclaimable:      77620 kB
SUnreclaim:       148920 kB
KernelStack:       47872 kB
PageTables:        66972 kB
NFS_Unstable:          0 kB
Bounce:                0 kB
WritebackTmp:          0 kB
CommitLimit:     9202292 kB
Committed_AS:   75059580 kB
VmallocTotal:   263061440 kB
VmallocUsed:      104936 kB
VmallocChunk:          0 kB
Percpu:             7552 kB
CmaTotal:         294912 kB
CmaFree:               0 kB
MemTotal:       12113136 kB
MemFree:         6342140 kB
MemAvailable:    7944104 kB
Buffers:            5260 kB
Cached:          1830756 kB
SwapCached:            0 kB
Active:          1516564 kB
Inactive:        1595044 kB
Active(anon):    1282076 kB
Inactive(anon):    23548 kB
Active(file):     234488 kB
Inactive(file):  1571496 kB
Unevictable:        5620 kB
Mlocked:            5620 kB
SwapTotal:       3145724 kB
SwapFree:        3145724 kB
Dirty:               504 kB
Writeback:             0 kB
AnonPages:       1281308 kB
Mapped:           863636 kB
Shmem:             25464 kB
KReclaimable:     664684 kB
Slab:             226564 kB
SReclaimable:      77620 kB
SUnreclaim:       148944 kB
KernelStack:       47872 kB
PageTables:        66972 kB
NFS_Unstable:          0 kB
Bounce:                0 kB
WritebackTmp:          0 kB
CommitLimit:     9202292 kB
Committed_AS:   75059712 kB
VmallocTotal:   263061440 kB
VmallocUsed:      104904 kB
VmallocChunk:          0 kB
Percpu:             7552 kB
CmaTotal:         294912 kB
CmaFree:               0 kB
MemTotal:       12113136 kB
MemFree:         6341120 kB
MemAvailable:    7943192 kB
Buffers:            5260 kB
Cached:          1830772 kB
SwapCached:            0 kB
Active:          1517860 kB
Inactive:        1595060 kB
Active(anon):    1283372 kB
Inactive(anon):    23552 kB
Active(file):     234488 kB
Inactive(file):  1571508 kB
Unevictable:        5620 kB
Mlocked:            5620 kB
SwapTotal:       3145724 kB
SwapFree:        3145724 kB
Dirty:               516 kB
Writeback:             0 kB
AnonPages:       1282580 kB
Mapped:           863640 kB
Shmem:             25468 kB
KReclaimable:     664684 kB
Slab:             226536 kB
SReclaimable:      77620 kB
SUnreclaim:       148916 kB
KernelStack:       47952 kB
PageTables:        66980 kB
NFS_Unstable:          0 kB
Bounce:                0 kB
WritebackTmp:          0 kB
CommitLimit:     9202292 kB
Committed_AS:   75059264 kB
VmallocTotal:   263061440 kB
VmallocUsed:      104952 kB
VmallocChunk:          0 kB
Percpu:             7552 kB
CmaTotal:         294912 kB
CmaFree:               0 kB
MemTotal:       12113136 kB
MemFree:         6339084 kB
MemAvailable:    7941076 kB
Buffers:            5260 kB
Cached:          1830788 kB
SwapCached:            0 kB
Active:          1518312 kB
Inactive:        1595076 kB
Active(anon):    1283824 kB
Inactive(anon):    23552 kB
Active(file):     234488 kB
Inactive(file):  1571524 kB
Unevictable:        5620 kB
Mlocked:            5620 kB
SwapTotal:       3145724 kB
SwapFree:        3145724 kB
Dirty:               212 kB
Writeback:             0 kB
AnonPages:       1283108 kB
Mapped:           863640 kB
Shmem:             25468 kB
KReclaimable:     664684 kB
Slab:             226564 kB
SReclaimable:      77620 kB
SUnreclaim:       148944 kB
KernelStack:       47952 kB
PageTables:        66988 kB
NFS_Unstable:          0 kB
Bounce:                0 kB
WritebackTmp:          0 kB
CommitLimit:     9202292 kB
Committed_AS:   75059872 kB
VmallocTotal:   263061440 kB
VmallocUsed:      104968 kB
VmallocChunk:          0 kB
Percpu:             7552 kB
CmaTotal:         294912 kB
CmaFree:               0 kB
MemTotal:       12113136 kB
MemFree:         6339240 kB
MemAvailable:    7941240 kB
Buffers:            5260 kB
Cached:          1830808 kB
SwapCached:            0 kB
Active:          1519052 kB
Inactive:        1595092 kB
Active(anon):    1284560 kB
Inactive(anon):    23564 kB
Active(file):     234492 kB
Inactive(file):  1571528 kB
Unevictable:        5620 kB
Mlocked:            5620 kB
SwapTotal:       3145724 kB
SwapFree:        3145724 kB
Dirty:               292 kB
Writeback:             0 kB
AnonPages:       1283424 kB
Mapped:           863652 kB
Shmem:             25480 kB
KReclaimable:     664684 kB
Slab:             226556 kB
SReclaimable:      77620 kB
SUnreclaim:       148936 kB
KernelStack:       47952 kB
PageTables:        66976 kB
NFS_Unstable:          0 kB
Bounce:                0 kB
WritebackTmp:          0 kB
CommitLimit:     9202292 kB
Committed_AS:   75055120 kB
VmallocTotal:   263061440 kB
VmallocUsed:      105016 kB
VmallocChunk:          0 kB
Percpu:             7552 kB
CmaTotal:         294912 kB
CmaFree:               0 kB
MemTotal:       12113136 kB
MemFree:         6339724 kB
MemAvailable:    7941736 kB
Buffers:            5260 kB
Cached:          1830828 kB
SwapCached:            0 kB
Active:          1519008 kB
Inactive:        1595116 kB
Active(anon):    1284520 kB
Inactive(anon):    23572 kB
Active(file):     234488 kB
Inactive(file):  1571544 kB
Unevictable:        5620 kB
Mlocked:            5620 kB
SwapTotal:       3145724 kB
SwapFree:        3145724 kB
Dirty:               304 kB
Writeback:             0 kB
AnonPages:       1283708 kB
Mapped:           863660 kB
Shmem:             25488 kB
KReclaimable:     664684 kB
Slab:             226560 kB
SReclaimable:      77620 kB
SUnreclaim:       148940 kB
KernelStack:       47952 kB
PageTables:        66988 kB
NFS_Unstable:          0 kB
Bounce:                0 kB
WritebackTmp:          0 kB
CommitLimit:     9202292 kB
Committed_AS:   75057844 kB
VmallocTotal:   263061440 kB
VmallocUsed:      104968 kB
VmallocChunk:          0 kB
Percpu:             7552 kB
CmaTotal:         294912 kB
CmaFree:               0 kB
MemTotal:       12113136 kB
MemFree:         6311944 kB
MemAvailable:    7913964 kB
Buffers:            5260 kB
Cached:          1830704 kB
SwapCached:            0 kB
Active:          1546660 kB
Inactive:        1594992 kB
Active(anon):    1312172 kB
Inactive(anon):    23440 kB
Active(file):     234488 kB
Inactive(file):  1571552 kB
Unevictable:        5620 kB
Mlocked:            5620 kB
SwapTotal:       3145724 kB
SwapFree:        3145724 kB
Dirty:               336 kB
Writeback:             0 kB
AnonPages:       1311244 kB
Mapped:           863532 kB
Shmem:             25356 kB
KReclaimable:     664684 kB
Slab:             226560 kB
SReclaimable:      77620 kB
SUnreclaim:       148940 kB
KernelStack:       47968 kB
PageTables:        66980 kB
NFS_Unstable:          0 kB
Bounce:                0 kB
WritebackTmp:          0 kB
CommitLimit:     9202292 kB
Committed_AS:   75060460 kB
VmallocTotal:   263061440 kB
VmallocUsed:      104984 kB
VmallocChunk:          0 kB
Percpu:             7552 kB
CmaTotal:         294912 kB
CmaFree:              88 kB
MemTotal:       12113136 kB
MemFree:         6311540 kB
MemAvailable:    7913600 kB
Buffers:            5264 kB
Cached:          1830872 kB
SwapCached:            0 kB
Active:          1547380 kB
Inactive:        1595160 kB
Active(anon):    1312888 kB
Inactive(anon):    23572 kB
Active(file):     234492 kB
Inactive(file):  1571588 kB
Unevictable:        5620 kB
Mlocked:            5620 kB
SwapTotal:       3145724 kB
SwapFree:        3145724 kB
Dirty:               352 kB
Writeback:             0 kB
AnonPages:       1312080 kB
Mapped:           863660 kB
Shmem:             25488 kB
KReclaimable:     664684 kB
Slab:             226444 kB
SReclaimable:      77620 kB
SUnreclaim:       148824 kB
KernelStack:       47968 kB
PageTables:        67008 kB
NFS_Unstable:          0 kB
Bounce:                0 kB
WritebackTmp:          0 kB
CommitLimit:     9202292 kB
Committed_AS:   75051432 kB
VmallocTotal:   263061440 kB
VmallocUsed:      104984 kB
VmallocChunk:          0 kB
Percpu:             7552 kB
CmaTotal:         294912 kB
CmaFree:               0 kB
MemTotal:       12113136 kB
MemFree:         6310768 kB
MemAvailable:    7912840 kB
Buffers:            5264 kB
Cached:          1830884 kB
SwapCached:            0 kB
Active:          1548204 kB
Inactive:        1595172 kB
Active(anon):    1313712 kB
Inactive(anon):    23572 kB
Active(file):     234492 kB
Inactive(file):  1571600 kB
Unevictable:        5620 kB
Mlocked:            5620 kB
SwapTotal:       3145724 kB
SwapFree:        3145724 kB
Dirty:               204 kB
Writeback:             0 kB
AnonPages:       1312868 kB
Mapped:           863660 kB
Shmem:             25488 kB
KReclaimable:     664684 kB
Slab:             226436 kB
SReclaimable:      77620 kB
SUnreclaim:       148816 kB
KernelStack:       47968 kB
PageTables:        66984 kB
NFS_Unstable:          0 kB
Bounce:                0 kB
WritebackTmp:          0 kB
CommitLimit:     9202292 kB
Committed_AS:   75060784 kB
VmallocTotal:   263061440 kB
VmallocUsed:      105000 kB
VmallocChunk:          0 kB
Percpu:             7552 kB
CmaTotal:         294912 kB
CmaFree:               0 kB
MemTotal:       12113136 kB
MemFree:         6307140 kB
MemAvailable:    7909224 kB
Buffers:            5264 kB
Cached:          1834300 kB
SwapCached:            0 kB
Active:          1549188 kB
Inactive:        1598592 kB
Active(anon):    1314700 kB
Inactive(anon):    26976 kB
Active(file):     234488 kB
Inactive(file):  1571616 kB
Unevictable:        5620 kB
Mlocked:            5620 kB
SwapTotal:       3145724 kB
SwapFree:        3145724 kB
Dirty:               252 kB
Writeback:             0 kB
AnonPages:       1313872 kB
Mapped:           867064 kB
Shmem:             28892 kB
KReclaimable:     664684 kB
Slab:             226444 kB
SReclaimable:      77620 kB
SUnreclaim:       148824 kB
KernelStack:       47968 kB
PageTables:        67000 kB
NFS_Unstable:          0 kB
Bounce:                0 kB
WritebackTmp:          0 kB
CommitLimit:     9202292 kB
Committed_AS:   75066840 kB
VmallocTotal:   263061440 kB
VmallocUsed:      105032 kB
VmallocChunk:          0 kB
Percpu:             7552 kB
CmaTotal:         294912 kB
CmaFree:               0 kB
MemTotal:       12113136 kB
MemFree:         6308084 kB
MemAvailable:    7910176 kB
Buffers:            5264 kB
Cached:          1830908 kB
SwapCached:            0 kB
Active:          1549316 kB
Inactive:        1595196 kB
Active(anon):    1314824 kB
Inactive(anon):    23576 kB
Active(file):     234492 kB
Inactive(file):  1571620 kB
Unevictable:        5620 kB
Mlocked:            5620 kB
SwapTotal:       3145724 kB
SwapFree:        3145724 kB
Dirty:               288 kB
Writeback:             0 kB
AnonPages:       1313640 kB
Mapped:           863664 kB
Shmem:             25492 kB
KReclaimable:     664684 kB
Slab:             226344 kB
SReclaimable:      77620 kB
SUnreclaim:       148724 kB
KernelStack:       47968 kB
PageTables:        66980 kB
NFS_Unstable:          0 kB
Bounce:                0 kB
WritebackTmp:          0 kB
CommitLimit:     9202292 kB
Committed_AS:   75066888 kB
VmallocTotal:   263061440 kB
VmallocUsed:      105048 kB
VmallocChunk:          0 kB
Percpu:             7552 kB
CmaTotal:         294912 kB
CmaFree:               0 kB
MemTotal:       12113136 kB
MemFree:         6318248 kB
MemAvailable:    7920356 kB
Buffers:            5264 kB
Cached:          1830924 kB
SwapCached:            0 kB
Active:          1539988 kB
Inactive:        1595212 kB
Active(anon):    1305496 kB
Inactive(anon):    23576 kB
Active(file):     234492 kB
Inactive(file):  1571636 kB
Unevictable:        5620 kB
Mlocked:            5620 kB
SwapTotal:       3145724 kB
SwapFree:        3145724 kB
Dirty:               308 kB
Writeback:             0 kB
AnonPages:       1304684 kB
Mapped:           863664 kB
Shmem:             25492 kB
KReclaimable:     664684 kB
Slab:             226432 kB
SReclaimable:      77620 kB
SUnreclaim:       148812 kB
KernelStack:       47968 kB
PageTables:        66988 kB
NFS_Unstable:          0 kB
Bounce:                0 kB
WritebackTmp:          0 kB
CommitLimit:     9202292 kB
Committed_AS:   75067764 kB
VmallocTotal:   263061440 kB
VmallocUsed:      105032 kB
VmallocChunk:          0 kB
Percpu:             7552 kB
CmaTotal:         294912 kB
CmaFree:               0 kB
MemTotal:       12113136 kB
MemFree:         6316480 kB
MemAvailable:    7918596 kB
Buffers:            5264 kB
Cached:          1830932 kB
SwapCached:            0 kB
Active:          1540292 kB
Inactive:        1595220 kB
Active(anon):    1305800 kB
Inactive(anon):    23576 kB
Active(file):     234492 kB
Inactive(file):  1571644 kB
Unevictable:        5620 kB
Mlocked:            5620 kB
SwapTotal:       3145724 kB
SwapFree:        3145724 kB
Dirty:               320 kB
Writeback:             0 kB
AnonPages:       1305244 kB
Mapped:           863664 kB
Shmem:             25492 kB
KReclaimable:     664684 kB
Slab:             226448 kB
SReclaimable:      77620 kB
SUnreclaim:       148828 kB
KernelStack:       47968 kB
PageTables:        66988 kB
NFS_Unstable:          0 kB
Bounce:                0 kB
WritebackTmp:          0 kB
CommitLimit:     9202292 kB
Committed_AS:   75068964 kB
VmallocTotal:   263061440 kB
VmallocUsed:      105032 kB
VmallocChunk:          0 kB
Percpu:             7552 kB
CmaTotal:         294912 kB
CmaFree:               0 kB
MemTotal:       12113136 kB
MemFree:         6316604 kB
MemAvailable:    7918728 kB
Buffers:            5264 kB
Cached:          1830940 kB
SwapCached:            0 kB
Active:          1541140 kB
Inactive:        1595228 kB
Active(anon):    1306648 kB
Inactive(anon):    23576 kB
Active(file):     234492 kB
Inactive(file):  1571652 kB
Unevictable:        5620 kB
Mlocked:            5620 kB
SwapTotal:       3145724 kB
SwapFree:        3145724 kB
Dirty:               340 kB
Writeback:             0 kB
AnonPages:       1305912 kB
Mapped:           863664 kB
Shmem:             25492 kB
KReclaimable:     664684 kB
Slab:             226456 kB
SReclaimable:      77620 kB
SUnreclaim:       148836 kB
KernelStack:       47968 kB
PageTables:        66992 kB
NFS_Unstable:          0 kB
Bounce:                0 kB
WritebackTmp:          0 kB
CommitLimit:     9202292 kB
Committed_AS:   75068424 kB
VmallocTotal:   263061440 kB
VmallocUsed:      105064 kB
VmallocChunk:          0 kB
Percpu:             7552 kB
CmaTotal:         294912 kB
CmaFree:               0 kB
MemTotal:       12113136 kB
MemFree:         6315736 kB
MemAvailable:    7917876 kB
Buffers:            5264 kB
Cached:          1830956 kB
SwapCached:            0 kB
Active:          1541736 kB
Inactive:        1595244 kB
Active(anon):    1307244 kB
Inactive(anon):    23576 kB
Active(file):     234492 kB
Inactive(file):  1571668 kB
Unevictable:        5620 kB
Mlocked:            5620 kB
SwapTotal:       3145724 kB
SwapFree:        3145724 kB
Dirty:               360 kB
Writeback:             0 kB
AnonPages:       1306492 kB
Mapped:           863664 kB
Shmem:             25492 kB
KReclaimable:     664684 kB
Slab:             226448 kB
SReclaimable:      77620 kB
SUnreclaim:       148828 kB
KernelStack:       47968 kB
PageTables:        66988 kB
NFS_Unstable:          0 kB
Bounce:                0 kB
WritebackTmp:          0 kB
CommitLimit:     9202292 kB
Committed_AS:   75068244 kB
VmallocTotal:   263061440 kB
VmallocUsed:      105048 kB
VmallocChunk:          0 kB
Percpu:             7552 kB
CmaTotal:         294912 kB
CmaFree:             128 kB
MemTotal:       12113136 kB
MemFree:         6314568 kB
MemAvailable:    7916716 kB
Buffers:            5264 kB
Cached:          1830964 kB
SwapCached:            0 kB
Active:          1543072 kB
Inactive:        1595252 kB
Active(anon):    1308580 kB
Inactive(anon):    23576 kB
Active(file):     234492 kB
Inactive(file):  1571676 kB
Unevictable:        5620 kB
Mlocked:            5620 kB
SwapTotal:       3145724 kB
SwapFree:        3145724 kB
Dirty:               368 kB
Writeback:             0 kB
AnonPages:       1307844 kB
Mapped:           863664 kB
Shmem:             25492 kB
KReclaimable:     664684 kB
Slab:             226460 kB
SReclaimable:      77620 kB
SUnreclaim:       148840 kB
KernelStack:       48000 kB
PageTables:        66980 kB
NFS_Unstable:          0 kB
Bounce:                0 kB
WritebackTmp:          0 kB
CommitLimit:     9202292 kB
Committed_AS:   75062548 kB
VmallocTotal:   263061440 kB
VmallocUsed:      105032 kB
VmallocChunk:          0 kB
Percpu:             7552 kB
CmaTotal:         294912 kB
CmaFree:               0 kB
MemTotal:       12113136 kB
MemFree:         6314064 kB
MemAvailable:    7916228 kB
Buffers:            5264 kB
Cached:          1830980 kB
SwapCached:            0 kB
Active:          1543660 kB
Inactive:        1595268 kB
Active(anon):    1309168 kB
Inactive(anon):    23576 kB
Active(file):     234492 kB
Inactive(file):  1571692 kB
Unevictable:        5620 kB
Mlocked:            5620 kB
SwapTotal:       3145724 kB
SwapFree:        3145724 kB
Dirty:               388 kB
Writeback:             0 kB
AnonPages:       1308416 kB
Mapped:           863664 kB
Shmem:             25492 kB
KReclaimable:     664684 kB
Slab:             226460 kB
SReclaimable:      77620 kB
SUnreclaim:       148840 kB
KernelStack:       47984 kB
PageTables:        66984 kB
NFS_Unstable:          0 kB
Bounce:                0 kB
WritebackTmp:          0 kB
CommitLimit:     9202292 kB
Committed_AS:   75067868 kB
VmallocTotal:   263061440 kB
VmallocUsed:      105032 kB
VmallocChunk:          0 kB
Percpu:             7552 kB
CmaTotal:         294912 kB
CmaFree:               0 kB
MemTotal:       12113136 kB
MemFree:         6313100 kB
MemAvailable:    7915296 kB
Buffers:            5264 kB
Cached:          1831012 kB
SwapCached:            0 kB
Active:          1544480 kB
Inactive:        1595300 kB
Active(anon):    1309988 kB
Inactive(anon):    23576 kB
Active(file):     234492 kB
Inactive(file):  1571724 kB
Unevictable:        5620 kB
Mlocked:            5620 kB
SwapTotal:       3145724 kB
SwapFree:        3145724 kB
Dirty:               440 kB
Writeback:             0 kB
AnonPages:       1309216 kB
Mapped:           863664 kB
Shmem:             25492 kB
KReclaimable:     664684 kB
Slab:             226464 kB
SReclaimable:      77620 kB
SUnreclaim:       148844 kB
KernelStack:       47984 kB
PageTables:        66996 kB
NFS_Unstable:          0 kB
Bounce:                0 kB
WritebackTmp:          0 kB
CommitLimit:     9202292 kB
Committed_AS:   75063656 kB
VmallocTotal:   263061440 kB
VmallocUsed:      105032 kB
VmallocChunk:          0 kB
Percpu:             7552 kB
CmaTotal:         294912 kB
CmaFree:               0 kB
MemTotal:       12113136 kB
MemFree:         6312724 kB
MemAvailable:    7914936 kB
Buffers:            5264 kB
Cached:          1831028 kB
SwapCached:            0 kB
Active:          1544976 kB
Inactive:        1595316 kB
Active(anon):    1310484 kB
Inactive(anon):    23576 kB
Active(file):     234492 kB
Inactive(file):  1571740 kB
Unevictable:        5620 kB
Mlocked:            5620 kB
SwapTotal:       3145724 kB
SwapFree:        3145724 kB
Dirty:               456 kB
Writeback:             0 kB
AnonPages:       1309644 kB
Mapped:           863664 kB
Shmem:             25492 kB
KReclaimable:     664684 kB
Slab:             226464 kB
SReclaimable:      77620 kB
SUnreclaim:       148844 kB
KernelStack:       47984 kB
PageTables:        66992 kB
NFS_Unstable:          0 kB
Bounce:                0 kB
WritebackTmp:          0 kB
CommitLimit:     9202292 kB
Committed_AS:   75068412 kB
VmallocTotal:   263061440 kB
VmallocUsed:      105064 kB
VmallocChunk:          0 kB
Percpu:             7552 kB
CmaTotal:         294912 kB
CmaFree:               0 kB
MemTotal:       12113136 kB
MemFree:         6312568 kB
MemAvailable:    7914788 kB
Buffers:            5264 kB
Cached:          1831036 kB
SwapCached:            0 kB
Active:          1545972 kB
Inactive:        1595324 kB
Active(anon):    1311480 kB
Inactive(anon):    23576 kB
Active(file):     234492 kB
Inactive(file):  1571748 kB
Unevictable:        5620 kB
Mlocked:            5620 kB
SwapTotal:       3145724 kB
SwapFree:        3145724 kB
Dirty:               476 kB
Writeback:             0 kB
AnonPages:       1310748 kB
Mapped:           863664 kB
Shmem:             25492 kB
KReclaimable:     664684 kB
Slab:             226464 kB
SReclaimable:      77620 kB
SUnreclaim:       148844 kB
KernelStack:       47984 kB
PageTables:        66996 kB
NFS_Unstable:          0 kB
Bounce:                0 kB
WritebackTmp:          0 kB
CommitLimit:     9202292 kB
Committed_AS:   75068324 kB
VmallocTotal:   263061440 kB
VmallocUsed:      105048 kB
VmallocChunk:          0 kB
Percpu:             7552 kB
CmaTotal:         294912 kB
CmaFree:               0 kB
MemTotal:       12113136 kB
MemFree:         6328608 kB
MemAvailable:    7930836 kB
Buffers:            5264 kB
Cached:          1831044 kB
SwapCached:            0 kB
Active:          1528392 kB
Inactive:        1595332 kB
Active(anon):    1293900 kB
Inactive(anon):    23576 kB
Active(file):     234492 kB
Inactive(file):  1571756 kB
Unevictable:        5620 kB
Mlocked:            5620 kB
SwapTotal:       3145724 kB
SwapFree:        3145724 kB
Dirty:               488 kB
Writeback:             0 kB
AnonPages:       1293056 kB
Mapped:           863664 kB
Shmem:             25492 kB
KReclaimable:     664684 kB
Slab:             226468 kB
SReclaimable:      77620 kB
SUnreclaim:       148848 kB
KernelStack:       47984 kB
PageTables:        66984 kB
NFS_Unstable:          0 kB
Bounce:                0 kB
WritebackTmp:          0 kB
CommitLimit:     9202292 kB
Committed_AS:   75068148 kB
VmallocTotal:   263061440 kB
VmallocUsed:      105064 kB
VmallocChunk:          0 kB
Percpu:             7552 kB
CmaTotal:         294912 kB
CmaFree:               0 kB
MemTotal:       12113136 kB
MemFree:         6328732 kB
MemAvailable:    7930972 kB
Buffers:            5264 kB
Cached:          1831056 kB
SwapCached:            0 kB
Active:          1529268 kB
Inactive:        1595344 kB
Active(anon):    1294776 kB
Inactive(anon):    23576 kB
Active(file):     234492 kB
Inactive(file):  1571768 kB
Unevictable:        5620 kB
Mlocked:            5620 kB
SwapTotal:       3145724 kB
SwapFree:        3145724 kB
Dirty:               504 kB
Writeback:             0 kB
AnonPages:       1293744 kB
Mapped:           863664 kB
Shmem:             25492 kB
KReclaimable:     664684 kB
Slab:             226468 kB
SReclaimable:      77620 kB
SUnreclaim:       148848 kB
KernelStack:       47984 kB
PageTables:        66996 kB
NFS_Unstable:          0 kB
Bounce:                0 kB
WritebackTmp:          0 kB
CommitLimit:     9202292 kB
Committed_AS:   75067840 kB
VmallocTotal:   263061440 kB
VmallocUsed:      105032 kB
VmallocChunk:          0 kB
Percpu:             7552 kB
CmaTotal:         294912 kB
CmaFree:               0 kB
MemTotal:       12113136 kB
MemFree:         6327912 kB
MemAvailable:    7930184 kB
Buffers:            5268 kB
Cached:          1831084 kB
SwapCached:            0 kB
Active:          1529756 kB
Inactive:        1595372 kB
Active(anon):    1295260 kB
Inactive(anon):    23576 kB
Active(file):     234496 kB
Inactive(file):  1571796 kB
Unevictable:        5620 kB
Mlocked:            5620 kB
SwapTotal:       3145724 kB
SwapFree:        3145724 kB
Dirty:               488 kB
Writeback:             0 kB
AnonPages:       1294400 kB
Mapped:           863664 kB
Shmem:             25492 kB
KReclaimable:     664684 kB
Slab:             226472 kB
SReclaimable:      77620 kB
SUnreclaim:       148852 kB
KernelStack:       47984 kB
PageTables:        66984 kB
NFS_Unstable:          0 kB
Bounce:                0 kB
WritebackTmp:          0 kB
CommitLimit:     9202292 kB
Committed_AS:   75067840 kB
VmallocTotal:   263061440 kB
VmallocUsed:      105016 kB
VmallocChunk:          0 kB
Percpu:             7552 kB
CmaTotal:         294912 kB
CmaFree:               0 kB
MemTotal:       12113136 kB
MemFree:         6326576 kB
MemAvailable:    7928868 kB
Buffers:            5268 kB
Cached:          1831104 kB
SwapCached:            0 kB
Active:          1531536 kB
Inactive:        1595392 kB
Active(anon):    1297040 kB
Inactive(anon):    23576 kB
Active(file):     234496 kB
Inactive(file):  1571816 kB
Unevictable:        5620 kB
Mlocked:            5620 kB
SwapTotal:       3145724 kB
SwapFree:        3145724 kB
Dirty:               264 kB
Writeback:             0 kB
AnonPages:       1296312 kB
Mapped:           863664 kB
Shmem:             25492 kB
KReclaimable:     664684 kB
Slab:             226472 kB
SReclaimable:      77620 kB
SUnreclaim:       148852 kB
KernelStack:       47984 kB
PageTables:        66996 kB
NFS_Unstable:          0 kB
Bounce:                0 kB
WritebackTmp:          0 kB
CommitLimit:     9202292 kB
Committed_AS:   75062012 kB
VmallocTotal:   263061440 kB
VmallocUsed:      105000 kB
VmallocChunk:          0 kB
Percpu:             7552 kB
CmaTotal:         294912 kB
CmaFree:               0 kB
MemTotal:       12113136 kB
MemFree:         6326420 kB
MemAvailable:    7928720 kB
Buffers:            5268 kB
Cached:          1831112 kB
SwapCached:            0 kB
Active:          1531840 kB
Inactive:        1595400 kB
Active(anon):    1297344 kB
Inactive(anon):    23576 kB
Active(file):     234496 kB
Inactive(file):  1571824 kB
Unevictable:        5620 kB
Mlocked:            5620 kB
SwapTotal:       3145724 kB
SwapFree:        3145724 kB
Dirty:               228 kB
Writeback:             0 kB
AnonPages:       1296644 kB
Mapped:           863664 kB
Shmem:             25492 kB
KReclaimable:     664684 kB
Slab:             226472 kB
SReclaimable:      77620 kB
SUnreclaim:       148852 kB
KernelStack:       47984 kB
PageTables:        66988 kB
NFS_Unstable:          0 kB
Bounce:                0 kB
WritebackTmp:          0 kB
CommitLimit:     9202292 kB
Committed_AS:   75061796 kB
VmallocTotal:   263061440 kB
VmallocUsed:      105032 kB
VmallocChunk:          0 kB
Percpu:             7552 kB
CmaTotal:         294912 kB
CmaFree:               0 kB
MemTotal:       12113136 kB
MemFree:         6325868 kB
MemAvailable:    7928180 kB
Buffers:            5268 kB
Cached:          1831140 kB
SwapCached:            0 kB
Active:          1532572 kB
Inactive:        1595428 kB
Active(anon):    1298076 kB
Inactive(anon):    23592 kB
Active(file):     234496 kB
Inactive(file):  1571836 kB
Unevictable:        5620 kB
Mlocked:            5620 kB
SwapTotal:       3145724 kB
SwapFree:        3145724 kB
Dirty:               296 kB
Writeback:             0 kB
AnonPages:       1297232 kB
Mapped:           863680 kB
Shmem:             25508 kB
KReclaimable:     664684 kB
Slab:             226476 kB
SReclaimable:      77620 kB
SUnreclaim:       148856 kB
KernelStack:       47984 kB
PageTables:        66988 kB
NFS_Unstable:          0 kB
Bounce:                0 kB
WritebackTmp:          0 kB
CommitLimit:     9202292 kB
Committed_AS:   75062356 kB
VmallocTotal:   263061440 kB
VmallocUsed:      105032 kB
VmallocChunk:          0 kB
Percpu:             7552 kB
CmaTotal:         294912 kB
CmaFree:               0 kB
MemTotal:       12113136 kB
MemFree:         6324808 kB
MemAvailable:    7927132 kB
Buffers:            5268 kB
Cached:          1831152 kB
SwapCached:            0 kB
Active:          1532584 kB
Inactive:        1595440 kB
Active(anon):    1298088 kB
Inactive(anon):    23592 kB
Active(file):     234496 kB
Inactive(file):  1571848 kB
Unevictable:        5620 kB
Mlocked:            5620 kB
SwapTotal:       3145724 kB
SwapFree:        3145724 kB
Dirty:               312 kB
Writeback:             0 kB
AnonPages:       1297376 kB
Mapped:           863680 kB
Shmem:             25508 kB
KReclaimable:     664684 kB
Slab:             226476 kB
SReclaimable:      77620 kB
SUnreclaim:       148856 kB
KernelStack:       47984 kB
PageTables:        67004 kB
NFS_Unstable:          0 kB
Bounce:                0 kB
WritebackTmp:          0 kB
CommitLimit:     9202292 kB
Committed_AS:   75065020 kB
VmallocTotal:   263061440 kB
VmallocUsed:      105064 kB
VmallocChunk:          0 kB
Percpu:             7552 kB
CmaTotal:         294912 kB
CmaFree:               0 kB
MemTotal:       12113136 kB
MemFree:         6324112 kB
MemAvailable:    7926448 kB
Buffers:            5268 kB
Cached:          1831164 kB
SwapCached:            0 kB
Active:          1533400 kB
Inactive:        1595452 kB
Active(anon):    1298904 kB
Inactive(anon):    23592 kB
Active(file):     234496 kB
Inactive(file):  1571860 kB
Unevictable:        5620 kB
Mlocked:            5620 kB
SwapTotal:       3145724 kB
SwapFree:        3145724 kB
Dirty:               328 kB
Writeback:             0 kB
AnonPages:       1297836 kB
Mapped:           863680 kB
Shmem:             25508 kB
KReclaimable:     664684 kB
Slab:             226480 kB
SReclaimable:      77620 kB
SUnreclaim:       148860 kB
KernelStack:       48000 kB
PageTables:        66972 kB
NFS_Unstable:          0 kB
Bounce:                0 kB
WritebackTmp:          0 kB
CommitLimit:     9202292 kB
Committed_AS:   75060312 kB
VmallocTotal:   263061440 kB
VmallocUsed:      105016 kB
VmallocChunk:          0 kB
Percpu:             7552 kB
CmaTotal:         294912 kB
CmaFree:               0 kB
MemTotal:       12113136 kB
MemFree:         6324396 kB
MemAvailable:    7926748 kB
Buffers:            5268 kB
Cached:          1831180 kB
SwapCached:            0 kB
Active:          1532880 kB
Inactive:        1595468 kB
Active(anon):    1298384 kB
Inactive(anon):    23592 kB
Active(file):     234496 kB
Inactive(file):  1571876 kB
Unevictable:        5620 kB
Mlocked:            5620 kB
SwapTotal:       3145724 kB
SwapFree:        3145724 kB
Dirty:               372 kB
Writeback:             0 kB
AnonPages:       1297408 kB
Mapped:           863680 kB
Shmem:             25508 kB
KReclaimable:     664684 kB
Slab:             226480 kB
SReclaimable:      77620 kB
SUnreclaim:       148860 kB
KernelStack:       47984 kB
PageTables:        66988 kB
NFS_Unstable:          0 kB
Bounce:                0 kB
WritebackTmp:          0 kB
CommitLimit:     9202292 kB
Committed_AS:   75064684 kB
VmallocTotal:   263061440 kB
VmallocUsed:      105032 kB
VmallocChunk:          0 kB
Percpu:             7552 kB
CmaTotal:         294912 kB
CmaFree:             220 kB
MemTotal:       12113136 kB
MemFree:         6332808 kB
MemAvailable:    7935168 kB
Buffers:            5268 kB
Cached:          1831188 kB
SwapCached:            0 kB
Active:          1524788 kB
Inactive:        1595472 kB
Active(anon):    1290288 kB
Inactive(anon):    23592 kB
Active(file):     234500 kB
Inactive(file):  1571880 kB
Unevictable:        5620 kB
Mlocked:            5620 kB
SwapTotal:       3145724 kB
SwapFree:        3145724 kB
Dirty:               380 kB
Writeback:             0 kB
AnonPages:       1289448 kB
Mapped:           863680 kB
Shmem:             25508 kB
KReclaimable:     664684 kB
Slab:             226480 kB
SReclaimable:      77620 kB
SUnreclaim:       148860 kB
KernelStack:       47984 kB
PageTables:        67000 kB
NFS_Unstable:          0 kB
Bounce:                0 kB
WritebackTmp:          0 kB
CommitLimit:     9202292 kB
Committed_AS:   75064476 kB
VmallocTotal:   263061440 kB
VmallocUsed:      105064 kB
VmallocChunk:          0 kB
Percpu:             7552 kB
CmaTotal:         294912 kB
CmaFree:             224 kB
MemTotal:       12113136 kB
MemFree:         6331576 kB
MemAvailable:    7933952 kB
Buffers:            5268 kB
Cached:          1831204 kB
SwapCached:            0 kB
Active:          1525680 kB
Inactive:        1595488 kB
Active(anon):    1291180 kB
Inactive(anon):    23592 kB
Active(file):     234500 kB
Inactive(file):  1571896 kB
Unevictable:        5620 kB
Mlocked:            5620 kB
SwapTotal:       3145724 kB
SwapFree:        3145724 kB
Dirty:               400 kB
Writeback:             0 kB
AnonPages:       1290416 kB
Mapped:           863680 kB
Shmem:             25508 kB
KReclaimable:     664684 kB
Slab:             226484 kB
SReclaimable:      77620 kB
SUnreclaim:       148864 kB
KernelStack:       47984 kB
PageTables:        66996 kB
NFS_Unstable:          0 kB
Bounce:                0 kB
WritebackTmp:          0 kB
CommitLimit:     9202292 kB
Committed_AS:   75064860 kB
VmallocTotal:   263061440 kB
VmallocUsed:      105096 kB
VmallocChunk:          0 kB
Percpu:             7552 kB
CmaTotal:         294912 kB
CmaFree:               0 kB
MemTotal:       12113136 kB
MemFree:         6331224 kB
MemAvailable:    7933608 kB
Buffers:            5268 kB
Cached:          1831212 kB
SwapCached:            0 kB
Active:          1526412 kB
Inactive:        1595496 kB
Active(anon):    1291912 kB
Inactive(anon):    23592 kB
Active(file):     234500 kB
Inactive(file):  1571904 kB
Unevictable:        5620 kB
Mlocked:            5620 kB
SwapTotal:       3145724 kB
SwapFree:        3145724 kB
Dirty:               412 kB
Writeback:             0 kB
AnonPages:       1291104 kB
Mapped:           863680 kB
Shmem:             25508 kB
KReclaimable:     664684 kB
Slab:             226484 kB
SReclaimable:      77620 kB
SUnreclaim:       148864 kB
KernelStack:       48000 kB
PageTables:        66992 kB
NFS_Unstable:          0 kB
Bounce:                0 kB
WritebackTmp:          0 kB
CommitLimit:     9202292 kB
Committed_AS:   75064440 kB
VmallocTotal:   263061440 kB
VmallocUsed:      105064 kB
VmallocChunk:          0 kB
Percpu:             7552 kB
CmaTotal:         294912 kB
CmaFree:               0 kB
MemTotal:       12113136 kB
MemFree:         6329840 kB
MemAvailable:    7932244 kB
Buffers:            5268 kB
Cached:          1831232 kB
SwapCached:            0 kB
Active:          1526768 kB
Inactive:        1595516 kB
Active(anon):    1292268 kB
Inactive(anon):    23592 kB
Active(file):     234500 kB
Inactive(file):  1571924 kB
Unevictable:        5620 kB
Mlocked:            5620 kB
SwapTotal:       3145724 kB
SwapFree:        3145724 kB
Dirty:               456 kB
Writeback:             0 kB
AnonPages:       1291220 kB
Mapped:           863828 kB
Shmem:             25508 kB
KReclaimable:     664684 kB
Slab:             226488 kB
SReclaimable:      77620 kB
SUnreclaim:       148868 kB
KernelStack:       47984 kB
PageTables:        66996 kB
NFS_Unstable:          0 kB
Bounce:                0 kB
WritebackTmp:          0 kB
CommitLimit:     9202292 kB
Committed_AS:   75059908 kB
VmallocTotal:   263061440 kB
VmallocUsed:      105048 kB
VmallocChunk:          0 kB
Percpu:             7552 kB
CmaTotal:         294912 kB
CmaFree:               0 kB
MemTotal:       12113136 kB
MemFree:         6339128 kB
MemAvailable:    7941548 kB
Buffers:            5268 kB
Cached:          1831248 kB
SwapCached:            0 kB
Active:          1517652 kB
Inactive:        1595532 kB
Active(anon):    1283152 kB
Inactive(anon):    23592 kB
Active(file):     234500 kB
Inactive(file):  1571940 kB
Unevictable:        5620 kB
Mlocked:            5620 kB
SwapTotal:       3145724 kB
SwapFree:        3145724 kB
Dirty:               216 kB
Writeback:             0 kB
AnonPages:       1282364 kB
Mapped:           863680 kB
Shmem:             25508 kB
KReclaimable:     664684 kB
Slab:             226488 kB
SReclaimable:      77620 kB
SUnreclaim:       148868 kB
KernelStack:       47984 kB
PageTables:        67008 kB
NFS_Unstable:          0 kB
Bounce:                0 kB
WritebackTmp:          0 kB
CommitLimit:     9202292 kB
Committed_AS:   75059684 kB
VmallocTotal:   263061440 kB
VmallocUsed:      105032 kB
VmallocChunk:          0 kB
Percpu:             7552 kB
CmaTotal:         294912 kB
CmaFree:              28 kB
MemTotal:       12113136 kB
MemFree:         6338112 kB
MemAvailable:    7940544 kB
Buffers:            5268 kB
Cached:          1831260 kB
SwapCached:            0 kB
Active:          1517932 kB
Inactive:        1595544 kB
Active(anon):    1283432 kB
Inactive(anon):    23592 kB
Active(file):     234500 kB
Inactive(file):  1571952 kB
Unevictable:        5620 kB
Mlocked:            5620 kB
SwapTotal:       3145724 kB
SwapFree:        3145724 kB
Dirty:               236 kB
Writeback:             0 kB
AnonPages:       1282620 kB
Mapped:           863680 kB
Shmem:             25508 kB
KReclaimable:     664684 kB
Slab:             226484 kB
SReclaimable:      77620 kB
SUnreclaim:       148864 kB
KernelStack:       47984 kB
PageTables:        66992 kB
NFS_Unstable:          0 kB
Bounce:                0 kB
WritebackTmp:          0 kB
CommitLimit:     9202292 kB
Committed_AS:   75061852 kB
VmallocTotal:   263061440 kB
VmallocUsed:      105032 kB
VmallocChunk:          0 kB
Percpu:             7552 kB
CmaTotal:         294912 kB
CmaFree:               0 kB
MemTotal:       12113136 kB
MemFree:         6339456 kB
MemAvailable:    7941896 kB
Buffers:            5268 kB
Cached:          1831272 kB
SwapCached:            0 kB
Active:          1517636 kB
Inactive:        1595556 kB
Active(anon):    1283136 kB
Inactive(anon):    23596 kB
Active(file):     234500 kB
Inactive(file):  1571960 kB
Unevictable:        5620 kB
Mlocked:            5620 kB
SwapTotal:       3145724 kB
SwapFree:        3145724 kB
Dirty:               292 kB
Writeback:             0 kB
AnonPages:       1282348 kB
Mapped:           863684 kB
Shmem:             25512 kB
KReclaimable:     664684 kB
Slab:             226488 kB
SReclaimable:      77620 kB
SUnreclaim:       148868 kB
KernelStack:       47968 kB
PageTables:        66948 kB
NFS_Unstable:          0 kB
Bounce:                0 kB
WritebackTmp:          0 kB
CommitLimit:     9202292 kB
Committed_AS:   75063416 kB
VmallocTotal:   263061440 kB
VmallocUsed:      105032 kB
VmallocChunk:          0 kB
Percpu:             7552 kB
CmaTotal:         294912 kB
CmaFree:               0 kB
MemTotal:       12113136 kB
MemFree:         6338732 kB
MemAvailable:    7941180 kB
Buffers:            5268 kB
Cached:          1831280 kB
SwapCached:            0 kB
Active:          1518448 kB
Inactive:        1595564 kB
Active(anon):    1283948 kB
Inactive(anon):    23596 kB
Active(file):     234500 kB
Inactive(file):  1571968 kB
Unevictable:        5620 kB
Mlocked:            5620 kB
SwapTotal:       3145724 kB
SwapFree:        3145724 kB
Dirty:               300 kB
Writeback:             0 kB
AnonPages:       1283200 kB
Mapped:           863684 kB
Shmem:             25512 kB
KReclaimable:     664684 kB
Slab:             226488 kB
SReclaimable:      77620 kB
SUnreclaim:       148868 kB
KernelStack:       47984 kB
PageTables:        66992 kB
NFS_Unstable:          0 kB
Bounce:                0 kB
WritebackTmp:          0 kB
CommitLimit:     9202292 kB
Committed_AS:   75064132 kB
VmallocTotal:   263061440 kB
VmallocUsed:      105048 kB
VmallocChunk:          0 kB
Percpu:             7552 kB
CmaTotal:         294912 kB
CmaFree:               0 kB
MemTotal:       12113136 kB
MemFree:         6337524 kB
MemAvailable:    7939988 kB
Buffers:            5268 kB
Cached:          1831296 kB
SwapCached:            0 kB
Active:          1519020 kB
Inactive:        1595580 kB
Active(anon):    1284520 kB
Inactive(anon):    23596 kB
Active(file):     234500 kB
Inactive(file):  1571984 kB
Unevictable:        5620 kB
Mlocked:            5620 kB
SwapTotal:       3145724 kB
SwapFree:        3145724 kB
Dirty:               328 kB
Writeback:             0 kB
AnonPages:       1283716 kB
Mapped:           863684 kB
Shmem:             25512 kB
KReclaimable:     664684 kB
Slab:             226492 kB
SReclaimable:      77620 kB
SUnreclaim:       148872 kB
KernelStack:       47984 kB
PageTables:        66996 kB
NFS_Unstable:          0 kB
Bounce:                0 kB
WritebackTmp:          0 kB
CommitLimit:     9202292 kB
Committed_AS:   75063796 kB
VmallocTotal:   263061440 kB
VmallocUsed:      105064 kB
VmallocChunk:          0 kB
Percpu:             7552 kB
CmaTotal:         294912 kB
CmaFree:               0 kB
MemTotal:       12113136 kB
MemFree:         6337412 kB
MemAvailable:    7939916 kB
Buffers:            5276 kB
Cached:          1831328 kB
SwapCached:            0 kB
Active:          1519232 kB
Inactive:        1595612 kB
Active(anon):    1284724 kB
Inactive(anon):    23596 kB
Active(file):     234508 kB
Inactive(file):  1572016 kB
Unevictable:        5620 kB
Mlocked:            5620 kB
SwapTotal:       3145724 kB
SwapFree:        3145724 kB
Dirty:               356 kB
Writeback:             0 kB
AnonPages:       1283692 kB
Mapped:           863684 kB
Shmem:             25512 kB
KReclaimable:     664684 kB
Slab:             226484 kB
SReclaimable:      77620 kB
SUnreclaim:       148864 kB
KernelStack:       47984 kB
PageTables:        66968 kB
NFS_Unstable:          0 kB
Bounce:                0 kB
WritebackTmp:          0 kB
CommitLimit:     9202292 kB
Committed_AS:   75062108 kB
VmallocTotal:   263061440 kB
VmallocUsed:      105080 kB
VmallocChunk:          0 kB
Percpu:             7552 kB
CmaTotal:         294912 kB
CmaFree:               0 kB
MemTotal:       12113136 kB
MemFree:         6304560 kB
MemAvailable:    7907080 kB
Buffers:            5276 kB
Cached:          1831104 kB
SwapCached:            0 kB
Active:          1553080 kB
Inactive:        1595384 kB
Active(anon):    1318572 kB
Inactive(anon):    23352 kB
Active(file):     234508 kB
Inactive(file):  1572032 kB
Unevictable:        5620 kB
Mlocked:            5620 kB
SwapTotal:       3145724 kB
SwapFree:        3145724 kB
Dirty:               272 kB
Writeback:             0 kB
AnonPages:       1317224 kB
Mapped:           863440 kB
Shmem:             25272 kB
KReclaimable:     664684 kB
Slab:             226496 kB
SReclaimable:      77620 kB
SUnreclaim:       148876 kB
KernelStack:       47984 kB
PageTables:        66996 kB
NFS_Unstable:          0 kB
Bounce:                0 kB
WritebackTmp:          0 kB
CommitLimit:     9202292 kB
Committed_AS:   75066348 kB
VmallocTotal:   263061440 kB
VmallocUsed:      105080 kB
VmallocChunk:          0 kB
Percpu:             7552 kB
CmaTotal:         294912 kB
CmaFree:               0 kB
MemTotal:       12113136 kB
MemFree:         6300692 kB
MemAvailable:    7903220 kB
Buffers:            5276 kB
Cached:          1831360 kB
SwapCached:            0 kB
Active:          1557032 kB
Inactive:        1595644 kB
Active(anon):    1322524 kB
Inactive(anon):    23604 kB
Active(file):     234508 kB
Inactive(file):  1572040 kB
Unevictable:        5620 kB
Mlocked:            5620 kB
SwapTotal:       3145724 kB
SwapFree:        3145724 kB
Dirty:               308 kB
Writeback:             0 kB
AnonPages:       1321704 kB
Mapped:           863692 kB
Shmem:             25520 kB
KReclaimable:     664684 kB
Slab:             226496 kB
SReclaimable:      77620 kB
SUnreclaim:       148876 kB
KernelStack:       47984 kB
PageTables:        66996 kB
NFS_Unstable:          0 kB
Bounce:                0 kB
WritebackTmp:          0 kB
CommitLimit:     9202292 kB
Committed_AS:   75066760 kB
VmallocTotal:   263061440 kB
VmallocUsed:      105096 kB
VmallocChunk:          0 kB
Percpu:             7552 kB
CmaTotal:         294912 kB
CmaFree:               0 kB
MemTotal:       12113136 kB
MemFree:         6299764 kB
MemAvailable:    7902304 kB
Buffers:            5276 kB
Cached:          1831372 kB
SwapCached:            0 kB
Active:          1557992 kB
Inactive:        1595656 kB
Active(anon):    1323484 kB
Inactive(anon):    23604 kB
Active(file):     234508 kB
Inactive(file):  1572052 kB
Unevictable:        5620 kB
Mlocked:            5620 kB
SwapTotal:       3145724 kB
SwapFree:        3145724 kB
Dirty:               344 kB
Writeback:             0 kB
AnonPages:       1322664 kB
Mapped:           863692 kB
Shmem:             25520 kB
KReclaimable:     664684 kB
Slab:             226564 kB
SReclaimable:      77620 kB
SUnreclaim:       148944 kB
KernelStack:       47984 kB
PageTables:        66992 kB
NFS_Unstable:          0 kB
Bounce:                0 kB
WritebackTmp:          0 kB
CommitLimit:     9202292 kB
Committed_AS:   75066540 kB
VmallocTotal:   263061440 kB
VmallocUsed:      105096 kB
VmallocChunk:          0 kB
Percpu:             7552 kB
CmaTotal:         294912 kB
CmaFree:               0 kB
MemTotal:       12113136 kB
MemFree:         6299804 kB
MemAvailable:    7902356 kB
Buffers:            5276 kB
Cached:          1831384 kB
SwapCached:            0 kB
Active:          1558620 kB
Inactive:        1595668 kB
Active(anon):    1324112 kB
Inactive(anon):    23604 kB
Active(file):     234508 kB
Inactive(file):  1572064 kB
Unevictable:        5620 kB
Mlocked:            5620 kB
SwapTotal:       3145724 kB
SwapFree:        3145724 kB
Dirty:               360 kB
Writeback:             0 kB
AnonPages:       1323284 kB
Mapped:           863692 kB
Shmem:             25520 kB
KReclaimable:     664684 kB
Slab:             226496 kB
SReclaimable:      77620 kB
SUnreclaim:       148876 kB
KernelStack:       47984 kB
PageTables:        66996 kB
NFS_Unstable:          0 kB
Bounce:                0 kB
WritebackTmp:          0 kB
CommitLimit:     9202292 kB
Committed_AS:   75074712 kB
VmallocTotal:   263061440 kB
VmallocUsed:      105080 kB
VmallocChunk:          0 kB
Percpu:             7552 kB
CmaTotal:         294912 kB
CmaFree:               0 kB
MemTotal:       12113136 kB
MemFree:         6298348 kB
MemAvailable:    7900904 kB
Buffers:            5276 kB
Cached:          1831388 kB
SwapCached:            0 kB
Active:          1559028 kB
Inactive:        1595672 kB
Active(anon):    1324520 kB
Inactive(anon):    23604 kB
Active(file):     234508 kB
Inactive(file):  1572068 kB
Unevictable:        5620 kB
Mlocked:            5620 kB
SwapTotal:       3145724 kB
SwapFree:        3145724 kB
Dirty:               368 kB
Writeback:             0 kB
AnonPages:       1323708 kB
Mapped:           863692 kB
Shmem:             25520 kB
KReclaimable:     664684 kB
Slab:             226504 kB
SReclaimable:      77620 kB
SUnreclaim:       148884 kB
KernelStack:       47984 kB
PageTables:        66996 kB
NFS_Unstable:          0 kB
Bounce:                0 kB
WritebackTmp:          0 kB
CommitLimit:     9202292 kB
Committed_AS:   75071224 kB
VmallocTotal:   263061440 kB
VmallocUsed:      105080 kB
VmallocChunk:          0 kB
Percpu:             7552 kB
CmaTotal:         294912 kB
CmaFree:               0 kB
MemTotal:       12113136 kB
MemFree:         6298312 kB
MemAvailable:    7900884 kB
Buffers:            5276 kB
Cached:          1831404 kB
SwapCached:            0 kB
Active:          1559976 kB
Inactive:        1595688 kB
Active(anon):    1325468 kB
Inactive(anon):    23604 kB
Active(file):     234508 kB
Inactive(file):  1572084 kB
Unevictable:        5620 kB
Mlocked:            5620 kB
SwapTotal:       3145724 kB
SwapFree:        3145724 kB
Dirty:               292 kB
Writeback:             0 kB
AnonPages:       1324692 kB
Mapped:           863692 kB
Shmem:             25520 kB
KReclaimable:     664684 kB
Slab:             226508 kB
SReclaimable:      77620 kB
SUnreclaim:       148888 kB
KernelStack:       47984 kB
PageTables:        66996 kB
NFS_Unstable:          0 kB
Bounce:                0 kB
WritebackTmp:          0 kB
CommitLimit:     9202292 kB
Committed_AS:   75071004 kB
VmallocTotal:   263061440 kB
VmallocUsed:      105080 kB
VmallocChunk:          0 kB
Percpu:             7552 kB
CmaTotal:         294912 kB
CmaFree:               0 kB
MemTotal:       12113136 kB
MemFree:         6296068 kB
MemAvailable:    7898652 kB
Buffers:            5276 kB
Cached:          1831416 kB
SwapCached:            0 kB
Active:          1560536 kB
Inactive:        1595700 kB
Active(anon):    1326028 kB
Inactive(anon):    23604 kB
Active(file):     234508 kB
Inactive(file):  1572096 kB
Unevictable:        5620 kB
Mlocked:            5620 kB
SwapTotal:       3145724 kB
SwapFree:        3145724 kB
Dirty:               360 kB
Writeback:             0 kB
AnonPages:       1325260 kB
Mapped:           863692 kB
Shmem:             25520 kB
KReclaimable:     664684 kB
Slab:             226516 kB
SReclaimable:      77620 kB
SUnreclaim:       148896 kB
KernelStack:       47984 kB
PageTables:        66996 kB
NFS_Unstable:          0 kB
Bounce:                0 kB
WritebackTmp:          0 kB
CommitLimit:     9202292 kB
Committed_AS:   75070824 kB
VmallocTotal:   263061440 kB
VmallocUsed:      105064 kB
VmallocChunk:          0 kB
Percpu:             7552 kB
CmaTotal:         294912 kB
CmaFree:               0 kB
MemTotal:       12113136 kB
MemFree:         6303564 kB
MemAvailable:    7906160 kB
Buffers:            5276 kB
Cached:          1831428 kB
SwapCached:            0 kB
Active:          1552232 kB
Inactive:        1595712 kB
Active(anon):    1317724 kB
Inactive(anon):    23604 kB
Active(file):     234508 kB
Inactive(file):  1572108 kB
Unevictable:        5620 kB
Mlocked:            5620 kB
SwapTotal:       3145724 kB
SwapFree:        3145724 kB
Dirty:               396 kB
Writeback:             0 kB
AnonPages:       1317028 kB
Mapped:           863692 kB
Shmem:             25520 kB
KReclaimable:     664684 kB
Slab:             226520 kB
SReclaimable:      77620 kB
SUnreclaim:       148900 kB
KernelStack:       47984 kB
PageTables:        67000 kB
NFS_Unstable:          0 kB
Bounce:                0 kB
WritebackTmp:          0 kB
CommitLimit:     9202292 kB
Committed_AS:   75068276 kB
VmallocTotal:   263061440 kB
VmallocUsed:      105048 kB
VmallocChunk:          0 kB
Percpu:             7552 kB
CmaTotal:         294912 kB
CmaFree:               0 kB
MemTotal:       12113136 kB
MemFree:         6304276 kB
MemAvailable:    7906896 kB
Buffers:            5276 kB
Cached:          1831452 kB
SwapCached:            0 kB
Active:          1553040 kB
Inactive:        1595736 kB
Active(anon):    1318532 kB
Inactive(anon):    23604 kB
Active(file):     234508 kB
Inactive(file):  1572132 kB
Unevictable:        5620 kB
Mlocked:            5620 kB
SwapTotal:       3145724 kB
SwapFree:        3145724 kB
Dirty:               464 kB
Writeback:             0 kB
AnonPages:       1317852 kB
Mapped:           863692 kB
Shmem:             25520 kB
KReclaimable:     664684 kB
Slab:             226508 kB
SReclaimable:      77620 kB
SUnreclaim:       148888 kB
KernelStack:       48000 kB
PageTables:        67132 kB
NFS_Unstable:          0 kB
Bounce:                0 kB
WritebackTmp:          0 kB
CommitLimit:     9202292 kB
Committed_AS:   75062972 kB
VmallocTotal:   263061440 kB
VmallocUsed:      105000 kB
VmallocChunk:          0 kB
Percpu:             7552 kB
CmaTotal:         294912 kB
CmaFree:               0 kB
MemTotal:       12113136 kB
MemFree:         6303580 kB
MemAvailable:    7906216 kB
Buffers:            5276 kB
Cached:          1831468 kB
SwapCached:            0 kB
Active:          1552764 kB
Inactive:        1595752 kB
Active(anon):    1318256 kB
Inactive(anon):    23604 kB
Active(file):     234508 kB
Inactive(file):  1572148 kB
Unevictable:        5620 kB
Mlocked:            5620 kB
SwapTotal:       3145724 kB
SwapFree:        3145724 kB
Dirty:               228 kB
Writeback:             0 kB
AnonPages:       1317708 kB
Mapped:           863692 kB
Shmem:             25520 kB
KReclaimable:     664684 kB
Slab:             226508 kB
SReclaimable:      77620 kB
SUnreclaim:       148888 kB
KernelStack:       47984 kB
PageTables:        66992 kB
NFS_Unstable:          0 kB
Bounce:                0 kB
WritebackTmp:          0 kB
CommitLimit:     9202292 kB
Committed_AS:   75062696 kB
VmallocTotal:   263061440 kB
VmallocUsed:      105032 kB
VmallocChunk:          0 kB
Percpu:             7552 kB
CmaTotal:         294912 kB
CmaFree:               0 kB
MemTotal:       12113136 kB
MemFree:         6303492 kB
MemAvailable:    7906148 kB
Buffers:            5276 kB
Cached:          1831484 kB
SwapCached:            0 kB
Active:          1553400 kB
Inactive:        1595768 kB
Active(anon):    1318892 kB
Inactive(anon):    23604 kB
Active(file):     234508 kB
Inactive(file):  1572164 kB
Unevictable:        5620 kB
Mlocked:            5620 kB
SwapTotal:       3145724 kB
SwapFree:        3145724 kB
Dirty:               248 kB
Writeback:             0 kB
AnonPages:       1318224 kB
Mapped:           863692 kB
Shmem:             25520 kB
KReclaimable:     664688 kB
Slab:             226516 kB
SReclaimable:      77624 kB
SUnreclaim:       148892 kB
KernelStack:       47984 kB
PageTables:        67004 kB
NFS_Unstable:          0 kB
Bounce:                0 kB
WritebackTmp:          0 kB
CommitLimit:     9202292 kB
Committed_AS:   75062564 kB
VmallocTotal:   263061440 kB
VmallocUsed:      105064 kB
VmallocChunk:          0 kB
Percpu:             7552 kB
CmaTotal:         294912 kB
CmaFree:               0 kB
MemTotal:       12113136 kB
MemFree:         6302812 kB
MemAvailable:    7905464 kB
Buffers:            5276 kB
Cached:          1831484 kB
SwapCached:            0 kB
Active:          1554476 kB
Inactive:        1595772 kB
Active(anon):    1319972 kB
Inactive(anon):    23608 kB
Active(file):     234504 kB
Inactive(file):  1572164 kB
Unevictable:        5620 kB
Mlocked:            5620 kB
SwapTotal:       3145724 kB
SwapFree:        3145724 kB
Dirty:               320 kB
Writeback:             0 kB
AnonPages:       1319032 kB
Mapped:           863696 kB
Shmem:             25524 kB
KReclaimable:     664688 kB
Slab:             226552 kB
SReclaimable:      77624 kB
SUnreclaim:       148928 kB
KernelStack:       47984 kB
PageTables:        66992 kB
NFS_Unstable:          0 kB
Bounce:                0 kB
WritebackTmp:          0 kB
CommitLimit:     9202292 kB
Committed_AS:   75057120 kB
VmallocTotal:   263061440 kB
VmallocUsed:      105048 kB
VmallocChunk:          0 kB
Percpu:             7552 kB
CmaTotal:         294912 kB
CmaFree:               0 kB
MemTotal:       12113136 kB
MemFree:         6300640 kB
MemAvailable:    7903320 kB
Buffers:            5276 kB
Cached:          1831512 kB
SwapCached:            0 kB
Active:          1555476 kB
Inactive:        1595796 kB
Active(anon):    1320968 kB
Inactive(anon):    23608 kB
Active(file):     234508 kB
Inactive(file):  1572188 kB
Unevictable:        5620 kB
Mlocked:            5620 kB
SwapTotal:       3145724 kB
SwapFree:        3145724 kB
Dirty:               348 kB
Writeback:             0 kB
AnonPages:       1320220 kB
Mapped:           863088 kB
Shmem:             25524 kB
KReclaimable:     664688 kB
Slab:             226544 kB
SReclaimable:      77624 kB
SUnreclaim:       148920 kB
KernelStack:       48000 kB
PageTables:        66992 kB
NFS_Unstable:          0 kB
Bounce:                0 kB
WritebackTmp:          0 kB
CommitLimit:     9202292 kB
Committed_AS:   75058532 kB
VmallocTotal:   263061440 kB
VmallocUsed:      105048 kB
VmallocChunk:          0 kB
Percpu:             7552 kB
CmaTotal:         294912 kB
CmaFree:               0 kB
MemTotal:       12113136 kB
MemFree:         6300672 kB
MemAvailable:    7903360 kB
Buffers:            5276 kB
Cached:          1831524 kB
SwapCached:            0 kB
Active:          1556604 kB
Inactive:        1595808 kB
Active(anon):    1322096 kB
Inactive(anon):    23612 kB
Active(file):     234508 kB
Inactive(file):  1572196 kB
Unevictable:        5620 kB
Mlocked:            5620 kB
SwapTotal:       3145724 kB
SwapFree:        3145724 kB
Dirty:               384 kB
Writeback:             0 kB
AnonPages:       1321264 kB
Mapped:           863152 kB
Shmem:             25528 kB
KReclaimable:     664688 kB
Slab:             226548 kB
SReclaimable:      77624 kB
SUnreclaim:       148924 kB
KernelStack:       47984 kB
PageTables:        66992 kB
NFS_Unstable:          0 kB
Bounce:                0 kB
WritebackTmp:          0 kB
CommitLimit:     9202292 kB
Committed_AS:   75062672 kB
VmallocTotal:   263061440 kB
VmallocUsed:      105048 kB
VmallocChunk:          0 kB
Percpu:             7552 kB
CmaTotal:         294912 kB
CmaFree:               0 kB
MemTotal:       12113136 kB
MemFree:         6307744 kB
MemAvailable:    7910468 kB
Buffers:            5280 kB
Cached:          1831556 kB
SwapCached:            0 kB
Active:          1548376 kB
Inactive:        1595840 kB
Active(anon):    1313864 kB
Inactive(anon):    23612 kB
Active(file):     234512 kB
Inactive(file):  1572228 kB
Unevictable:        5620 kB
Mlocked:            5620 kB
SwapTotal:       3145724 kB
SwapFree:        3145724 kB
Dirty:               416 kB
Writeback:             0 kB
AnonPages:       1312820 kB
Mapped:           863152 kB
Shmem:             25528 kB
KReclaimable:     664688 kB
Slab:             226548 kB
SReclaimable:      77624 kB
SUnreclaim:       148924 kB
KernelStack:       47984 kB
PageTables:        66996 kB
NFS_Unstable:          0 kB
Bounce:                0 kB
WritebackTmp:          0 kB
CommitLimit:     9202292 kB
Committed_AS:   75063612 kB
VmallocTotal:   263061440 kB
VmallocUsed:      105032 kB
VmallocChunk:          0 kB
Percpu:             7552 kB
CmaTotal:         294912 kB
CmaFree:               0 kB
MemTotal:       12113136 kB
MemFree:         6307224 kB
MemAvailable:    7909960 kB
Buffers:            5280 kB
Cached:          1831568 kB
SwapCached:            0 kB
Active:          1548532 kB
Inactive:        1595852 kB
Active(anon):    1314020 kB
Inactive(anon):    23612 kB
Active(file):     234512 kB
Inactive(file):  1572240 kB
Unevictable:        5620 kB
Mlocked:            5620 kB
SwapTotal:       3145724 kB
SwapFree:        3145724 kB
Dirty:               428 kB
Writeback:             0 kB
AnonPages:       1312900 kB
Mapped:           863152 kB
Shmem:             25528 kB
KReclaimable:     664688 kB
Slab:             226560 kB
SReclaimable:      77624 kB
SUnreclaim:       148936 kB
KernelStack:       48000 kB
PageTables:        66972 kB
NFS_Unstable:          0 kB
Bounce:                0 kB
WritebackTmp:          0 kB
CommitLimit:     9202292 kB
Committed_AS:   75058596 kB
VmallocTotal:   263061440 kB
VmallocUsed:      105048 kB
VmallocChunk:          0 kB
Percpu:             7552 kB
CmaTotal:         294912 kB
CmaFree:               0 kB
MemTotal:       12113136 kB
MemFree:         6307564 kB
MemAvailable:    7910312 kB
Buffers:            5280 kB
Cached:          1831580 kB
SwapCached:            0 kB
Active:          1548268 kB
Inactive:        1595868 kB
Active(anon):    1313760 kB
Inactive(anon):    23612 kB
Active(file):     234508 kB
Inactive(file):  1572256 kB
Unevictable:        5620 kB
Mlocked:            5620 kB
SwapTotal:       3145724 kB
SwapFree:        3145724 kB
Dirty:               444 kB
Writeback:             0 kB
AnonPages:       1312948 kB
Mapped:           863152 kB
Shmem:             25528 kB
KReclaimable:     664688 kB
Slab:             226560 kB
SReclaimable:      77624 kB
SUnreclaim:       148936 kB
KernelStack:       47984 kB
PageTables:        67004 kB
NFS_Unstable:          0 kB
Bounce:                0 kB
WritebackTmp:          0 kB
CommitLimit:     9202292 kB
Committed_AS:   75062880 kB
VmallocTotal:   263061440 kB
VmallocUsed:      105080 kB
VmallocChunk:          0 kB
Percpu:             7552 kB
CmaTotal:         294912 kB
CmaFree:               0 kB
MemTotal:       12113136 kB
MemFree:         6307632 kB
MemAvailable:    7910388 kB
Buffers:            5280 kB
Cached:          1831588 kB
SwapCached:            0 kB
Active:          1549648 kB
Inactive:        1595872 kB
Active(anon):    1315136 kB
Inactive(anon):    23612 kB
Active(file):     234512 kB
Inactive(file):  1572260 kB
Unevictable:        5620 kB
Mlocked:            5620 kB
SwapTotal:       3145724 kB
SwapFree:        3145724 kB
Dirty:               468 kB
Writeback:             0 kB
AnonPages:       1314316 kB
Mapped:           863152 kB
Shmem:             25528 kB
KReclaimable:     664688 kB
Slab:             226528 kB
SReclaimable:      77624 kB
SUnreclaim:       148904 kB
KernelStack:       47984 kB
PageTables:        67008 kB
NFS_Unstable:          0 kB
Bounce:                0 kB
WritebackTmp:          0 kB
CommitLimit:     9202292 kB
Committed_AS:   75067920 kB
VmallocTotal:   263061440 kB
VmallocUsed:      105080 kB
VmallocChunk:          0 kB
Percpu:             7552 kB
CmaTotal:         294912 kB
CmaFree:               0 kB
MemTotal:       12113136 kB
MemFree:         6306700 kB
MemAvailable:    7909468 kB
Buffers:            5280 kB
Cached:          1831600 kB
SwapCached:            0 kB
Active:          1549632 kB
Inactive:        1595884 kB
Active(anon):    1315120 kB
Inactive(anon):    23612 kB
Active(file):     234512 kB
Inactive(file):  1572272 kB
Unevictable:        5620 kB
Mlocked:            5620 kB
SwapTotal:       3145724 kB
SwapFree:        3145724 kB
Dirty:               644 kB
Writeback:             0 kB
AnonPages:       1314472 kB
Mapped:           863152 kB
Shmem:             25528 kB
KReclaimable:     664688 kB
Slab:             226532 kB
SReclaimable:      77624 kB
SUnreclaim:       148908 kB
KernelStack:       47968 kB
PageTables:        66964 kB
NFS_Unstable:          0 kB
Bounce:                0 kB
WritebackTmp:          0 kB
CommitLimit:     9202292 kB
Committed_AS:   75067952 kB
VmallocTotal:   263061440 kB
VmallocUsed:      104968 kB
VmallocChunk:          0 kB
Percpu:             7552 kB
CmaTotal:         294912 kB
CmaFree:               0 kB
MemTotal:       12113136 kB
MemFree:         6305812 kB
MemAvailable:    7908592 kB
Buffers:            5280 kB
Cached:          1831612 kB
SwapCached:            0 kB
Active:          1550088 kB
Inactive:        1595896 kB
Active(anon):    1315576 kB
Inactive(anon):    23612 kB
Active(file):     234512 kB
Inactive(file):  1572284 kB
Unevictable:        5620 kB
Mlocked:            5620 kB
SwapTotal:       3145724 kB
SwapFree:        3145724 kB
Dirty:               648 kB
Writeback:             4 kB
AnonPages:       1314808 kB
Mapped:           863152 kB
Shmem:             25528 kB
KReclaimable:     664688 kB
Slab:             226532 kB
SReclaimable:      77624 kB
SUnreclaim:       148908 kB
KernelStack:       47968 kB
PageTables:        67004 kB
NFS_Unstable:          0 kB
Bounce:                0 kB
WritebackTmp:          0 kB
CommitLimit:     9202292 kB
Committed_AS:   75067516 kB
VmallocTotal:   263061440 kB
VmallocUsed:      105016 kB
VmallocChunk:          0 kB
Percpu:             7552 kB
CmaTotal:         294912 kB
CmaFree:               0 kB
MemTotal:       12113136 kB
MemFree:         6305036 kB
MemAvailable:    7907828 kB
Buffers:            5280 kB
Cached:          1831624 kB
SwapCached:            0 kB
Active:          1550640 kB
Inactive:        1595908 kB
Active(anon):    1316128 kB
Inactive(anon):    23612 kB
Active(file):     234512 kB
Inactive(file):  1572296 kB
Unevictable:        5620 kB
Mlocked:            5620 kB
SwapTotal:       3145724 kB
SwapFree:        3145724 kB
Dirty:               680 kB
Writeback:             0 kB
AnonPages:       1315256 kB
Mapped:           863152 kB
Shmem:             25528 kB
KReclaimable:     664688 kB
Slab:             226528 kB
SReclaimable:      77624 kB
SUnreclaim:       148904 kB
KernelStack:       47952 kB
PageTables:        66984 kB
NFS_Unstable:          0 kB
Bounce:                0 kB
WritebackTmp:          0 kB
CommitLimit:     9202292 kB
Committed_AS:   75066856 kB
VmallocTotal:   263061440 kB
VmallocUsed:      105064 kB
VmallocChunk:          0 kB
Percpu:             7552 kB
CmaTotal:         294912 kB
CmaFree:               0 kB
MemTotal:       12113136 kB
MemFree:         6304768 kB
MemAvailable:    7907568 kB
Buffers:            5280 kB
Cached:          1831632 kB
SwapCached:            0 kB
Active:          1551668 kB
Inactive:        1595916 kB
Active(anon):    1317156 kB
Inactive(anon):    23612 kB
Active(file):     234512 kB
Inactive(file):  1572304 kB
Unevictable:        5620 kB
Mlocked:            5620 kB
SwapTotal:       3145724 kB
SwapFree:        3145724 kB
Dirty:               688 kB
Writeback:             0 kB
AnonPages:       1316212 kB
Mapped:           863152 kB
Shmem:             25528 kB
KReclaimable:     664688 kB
Slab:             226528 kB
SReclaimable:      77624 kB
SUnreclaim:       148904 kB
KernelStack:       47968 kB
PageTables:        67004 kB
NFS_Unstable:          0 kB
Bounce:                0 kB
WritebackTmp:          0 kB
CommitLimit:     9202292 kB
Committed_AS:   75063600 kB
VmallocTotal:   263061440 kB
VmallocUsed:      105080 kB
VmallocChunk:          0 kB
Percpu:             7552 kB
CmaTotal:         294912 kB
CmaFree:               0 kB
MemTotal:       12113136 kB
MemFree:         6303968 kB
MemAvailable:    7906784 kB
Buffers:            5280 kB
Cached:          1831648 kB
SwapCached:            0 kB
Active:          1552364 kB
Inactive:        1595932 kB
Active(anon):    1317852 kB
Inactive(anon):    23612 kB
Active(file):     234512 kB
Inactive(file):  1572320 kB
Unevictable:        5620 kB
Mlocked:            5620 kB
SwapTotal:       3145724 kB
SwapFree:        3145724 kB
Dirty:               704 kB
Writeback:             0 kB
AnonPages:       1317108 kB
Mapped:           863152 kB
Shmem:             25528 kB
KReclaimable:     664688 kB
Slab:             226536 kB
SReclaimable:      77624 kB
SUnreclaim:       148912 kB
KernelStack:       47968 kB
PageTables:        67004 kB
NFS_Unstable:          0 kB
Bounce:                0 kB
WritebackTmp:          0 kB
CommitLimit:     9202292 kB
Committed_AS:   75068404 kB
VmallocTotal:   263061440 kB
VmallocUsed:      105080 kB
VmallocChunk:          0 kB
Percpu:             7552 kB
CmaTotal:         294912 kB
CmaFree:               0 kB
MemTotal:       12113136 kB
MemFree:         6306908 kB
MemAvailable:    7909752 kB
Buffers:            5280 kB
Cached:          1831676 kB
SwapCached:            0 kB
Active:          1549520 kB
Inactive:        1595960 kB
Active(anon):    1315008 kB
Inactive(anon):    23612 kB
Active(file):     234512 kB
Inactive(file):  1572348 kB
Unevictable:        5620 kB
Mlocked:            5620 kB
SwapTotal:       3145724 kB
SwapFree:        3145724 kB
Dirty:               760 kB
Writeback:             0 kB
AnonPages:       1314288 kB
Mapped:           863152 kB
Shmem:             25528 kB
KReclaimable:     664688 kB
Slab:             226532 kB
SReclaimable:      77624 kB
SUnreclaim:       148908 kB
KernelStack:       47920 kB
PageTables:        67000 kB
NFS_Unstable:          0 kB
Bounce:                0 kB
WritebackTmp:          0 kB
CommitLimit:     9202292 kB
Committed_AS:   75068188 kB
VmallocTotal:   263061440 kB
VmallocUsed:      105000 kB
VmallocChunk:          0 kB
Percpu:             7552 kB
CmaTotal:         294912 kB
CmaFree:             124 kB
MemTotal:       12113136 kB
MemFree:         6306704 kB
MemAvailable:    7909556 kB
Buffers:            5280 kB
Cached:          1831684 kB
SwapCached:            0 kB
Active:          1550136 kB
Inactive:        1595968 kB
Active(anon):    1315624 kB
Inactive(anon):    23612 kB
Active(file):     234512 kB
Inactive(file):  1572356 kB
Unevictable:        5620 kB
Mlocked:            5620 kB
SwapTotal:       3145724 kB
SwapFree:        3145724 kB
Dirty:               768 kB
Writeback:             0 kB
AnonPages:       1314888 kB
Mapped:           863152 kB
Shmem:             25528 kB
KReclaimable:     664688 kB
Slab:             226532 kB
SReclaimable:      77624 kB
SUnreclaim:       148908 kB
KernelStack:       47920 kB
PageTables:        67000 kB
NFS_Unstable:          0 kB
Bounce:                0 kB
WritebackTmp:          0 kB
CommitLimit:     9202292 kB
Committed_AS:   75067724 kB
VmallocTotal:   263061440 kB
VmallocUsed:      104984 kB
VmallocChunk:          0 kB
Percpu:             7552 kB
CmaTotal:         294912 kB
CmaFree:               0 kB
MemTotal:       12113136 kB
MemFree:         6306252 kB
MemAvailable:    7909124 kB
Buffers:            5280 kB
Cached:          1831704 kB
SwapCached:            0 kB
Active:          1550792 kB
Inactive:        1595988 kB
Active(anon):    1316280 kB
Inactive(anon):    23612 kB
Active(file):     234512 kB
Inactive(file):  1572376 kB
Unevictable:        5620 kB
Mlocked:            5620 kB
SwapTotal:       3145724 kB
SwapFree:        3145724 kB
Dirty:               260 kB
Writeback:             0 kB
AnonPages:       1315444 kB
Mapped:           863152 kB
Shmem:             25528 kB
KReclaimable:     664688 kB
Slab:             226548 kB
SReclaimable:      77624 kB
SUnreclaim:       148924 kB
KernelStack:       47904 kB
PageTables:        67000 kB
NFS_Unstable:          0 kB
Bounce:                0 kB
WritebackTmp:          0 kB
CommitLimit:     9202292 kB
Committed_AS:   75067280 kB
VmallocTotal:   263061440 kB
VmallocUsed:      104968 kB
VmallocChunk:          0 kB
Percpu:             7552 kB
CmaTotal:         294912 kB
CmaFree:               0 kB
MemTotal:       12113136 kB
MemFree:         6305676 kB
MemAvailable:    7908556 kB
Buffers:            5280 kB
Cached:          1831712 kB
SwapCached:            0 kB
Active:          1551484 kB
Inactive:        1595996 kB
Active(anon):    1316972 kB
Inactive(anon):    23612 kB
Active(file):     234512 kB
Inactive(file):  1572384 kB
Unevictable:        5620 kB
Mlocked:            5620 kB
SwapTotal:       3145724 kB
SwapFree:        3145724 kB
Dirty:               340 kB
Writeback:             0 kB
AnonPages:       1316148 kB
Mapped:           863152 kB
Shmem:             25528 kB
KReclaimable:     664688 kB
Slab:             226564 kB
SReclaimable:      77624 kB
SUnreclaim:       148940 kB
KernelStack:       47888 kB
PageTables:        67000 kB
NFS_Unstable:          0 kB
Bounce:                0 kB
WritebackTmp:          0 kB
CommitLimit:     9202292 kB
Committed_AS:   75061956 kB
VmallocTotal:   263061440 kB
VmallocUsed:      104968 kB
VmallocChunk:          0 kB
Percpu:             7552 kB
CmaTotal:         294912 kB
CmaFree:               0 kB
MemTotal:       12113136 kB
MemFree:         6304060 kB
MemAvailable:    7906948 kB
Buffers:            5280 kB
Cached:          1831720 kB
SwapCached:            0 kB
Active:          1552260 kB
Inactive:        1596004 kB
Active(anon):    1317748 kB
Inactive(anon):    23612 kB
Active(file):     234512 kB
Inactive(file):  1572392 kB
Unevictable:        5620 kB
Mlocked:            5620 kB
SwapTotal:       3145724 kB
SwapFree:        3145724 kB
Dirty:               364 kB
Writeback:             0 kB
AnonPages:       1317000 kB
Mapped:           863152 kB
Shmem:             25528 kB
KReclaimable:     664688 kB
Slab:             226560 kB
SReclaimable:      77624 kB
SUnreclaim:       148936 kB
KernelStack:       47888 kB
PageTables:        67000 kB
NFS_Unstable:          0 kB
Bounce:                0 kB
WritebackTmp:          0 kB
CommitLimit:     9202292 kB
Committed_AS:   75067072 kB
VmallocTotal:   263061440 kB
VmallocUsed:      104984 kB
VmallocChunk:          0 kB
Percpu:             7552 kB
CmaTotal:         294912 kB
CmaFree:               0 kB
MemTotal:       12113136 kB
MemFree:         6302928 kB
MemAvailable:    7905836 kB
Buffers:            5280 kB
Cached:          1831740 kB
SwapCached:            0 kB
Active:          1552720 kB
Inactive:        1596024 kB
Active(anon):    1318208 kB
Inactive(anon):    23612 kB
Active(file):     234512 kB
Inactive(file):  1572412 kB
Unevictable:        5620 kB
Mlocked:            5620 kB
SwapTotal:       3145724 kB
SwapFree:        3145724 kB
Dirty:               384 kB
Writeback:             0 kB
AnonPages:       1317400 kB
Mapped:           863152 kB
Shmem:             25528 kB
KReclaimable:     664688 kB
Slab:             226556 kB
SReclaimable:      77624 kB
SUnreclaim:       148932 kB
KernelStack:       47856 kB
PageTables:        66996 kB
NFS_Unstable:          0 kB
Bounce:                0 kB
WritebackTmp:          0 kB
CommitLimit:     9202292 kB
Committed_AS:   75061468 kB
VmallocTotal:   263061440 kB
VmallocUsed:      104968 kB
VmallocChunk:          0 kB
Percpu:             7552 kB
CmaTotal:         294912 kB
CmaFree:               0 kB
MemTotal:       12113136 kB
MemFree:         6302096 kB
MemAvailable:    7905032 kB
Buffers:            5284 kB
Cached:          1831764 kB
SwapCached:            0 kB
Active:          1553668 kB
Inactive:        1596048 kB
Active(anon):    1319152 kB
Inactive(anon):    23612 kB
Active(file):     234516 kB
Inactive(file):  1572436 kB
Unevictable:        5620 kB
Mlocked:            5620 kB
SwapTotal:       3145724 kB
SwapFree:        3145724 kB
Dirty:               384 kB
Writeback:             0 kB
AnonPages:       1318388 kB
Mapped:           863152 kB
Shmem:             25528 kB
KReclaimable:     664688 kB
Slab:             226556 kB
SReclaimable:      77624 kB
SUnreclaim:       148932 kB
KernelStack:       47856 kB
PageTables:        66988 kB
NFS_Unstable:          0 kB
Bounce:                0 kB
WritebackTmp:          0 kB
CommitLimit:     9202292 kB
Committed_AS:   75062828 kB
VmallocTotal:   263061440 kB
VmallocUsed:      104968 kB
VmallocChunk:          0 kB
Percpu:             7552 kB
CmaTotal:         294912 kB
CmaFree:               0 kB
MemTotal:       12113136 kB
MemFree:         6298452 kB
MemAvailable:    7901404 kB
Buffers:            5284 kB
Cached:          1831780 kB
SwapCached:            0 kB
Active:          1561004 kB
Inactive:        1596064 kB
Active(anon):    1326488 kB
Inactive(anon):    23612 kB
Active(file):     234516 kB
Inactive(file):  1572452 kB
Unevictable:        5620 kB
Mlocked:            5620 kB
SwapTotal:       3145724 kB
SwapFree:        3145724 kB
Dirty:               400 kB
Writeback:             0 kB
AnonPages:       1326128 kB
Mapped:           863152 kB
Shmem:             25528 kB
KReclaimable:     664688 kB
Slab:             226568 kB
SReclaimable:      77624 kB
SUnreclaim:       148944 kB
KernelStack:       47856 kB
PageTables:        66992 kB
NFS_Unstable:          0 kB
Bounce:                0 kB
WritebackTmp:          0 kB
CommitLimit:     9202292 kB
Committed_AS:   75058164 kB
VmallocTotal:   263061440 kB
VmallocUsed:      104952 kB
VmallocChunk:          0 kB
Percpu:             7552 kB
CmaTotal:         294912 kB
CmaFree:               0 kB
MemTotal:       12113136 kB
MemFree:         6302360 kB
MemAvailable:    7905328 kB
Buffers:            5284 kB
Cached:          1831796 kB
SwapCached:            0 kB
Active:          1554960 kB
Inactive:        1596080 kB
Active(anon):    1320444 kB
Inactive(anon):    23612 kB
Active(file):     234516 kB
Inactive(file):  1572468 kB
Unevictable:        5620 kB
Mlocked:            5620 kB
SwapTotal:       3145724 kB
SwapFree:        3145724 kB
Dirty:               420 kB
Writeback:             0 kB
AnonPages:       1319428 kB
Mapped:           863152 kB
Shmem:             25528 kB
KReclaimable:     664688 kB
Slab:             226568 kB
SReclaimable:      77624 kB
SUnreclaim:       148944 kB
KernelStack:       47856 kB
PageTables:        66996 kB
NFS_Unstable:          0 kB
Bounce:                0 kB
WritebackTmp:          0 kB
CommitLimit:     9202292 kB
Committed_AS:   75062784 kB
VmallocTotal:   263061440 kB
VmallocUsed:      104936 kB
VmallocChunk:          0 kB
Percpu:             7552 kB
CmaTotal:         294912 kB
CmaFree:               0 kB
MemTotal:       12113136 kB
MemFree:         6302180 kB
MemAvailable:    7905160 kB
Buffers:            5284 kB
Cached:          1831808 kB
SwapCached:            0 kB
Active:          1555060 kB
Inactive:        1596092 kB
Active(anon):    1320544 kB
Inactive(anon):    23612 kB
Active(file):     234516 kB
Inactive(file):  1572480 kB
Unevictable:        5620 kB
Mlocked:            5620 kB
SwapTotal:       3145724 kB
SwapFree:        3145724 kB
Dirty:               444 kB
Writeback:             0 kB
AnonPages:       1319884 kB
Mapped:           863152 kB
Shmem:             25528 kB
KReclaimable:     664688 kB
Slab:             226564 kB
SReclaimable:      77624 kB
SUnreclaim:       148940 kB
KernelStack:       47872 kB
PageTables:        66984 kB
NFS_Unstable:          0 kB
Bounce:                0 kB
WritebackTmp:          0 kB
CommitLimit:     9202292 kB
Committed_AS:   75063312 kB
VmallocTotal:   263061440 kB
VmallocUsed:      104920 kB
VmallocChunk:          0 kB
Percpu:             7552 kB
CmaTotal:         294912 kB
CmaFree:               0 kB
MemTotal:       12113136 kB
MemFree:         6287344 kB
MemAvailable:    7890332 kB
Buffers:            5284 kB
Cached:          1831780 kB
SwapCached:            0 kB
Active:          1569872 kB
Inactive:        1596064 kB
Active(anon):    1335356 kB
Inactive(anon):    23576 kB
Active(file):     234516 kB
Inactive(file):  1572488 kB
Unevictable:        5620 kB
Mlocked:            5620 kB
SwapTotal:       3145724 kB
SwapFree:        3145724 kB
Dirty:               456 kB
Writeback:             0 kB
AnonPages:       1334556 kB
Mapped:           863116 kB
Shmem:             25492 kB
KReclaimable:     664688 kB
Slab:             226572 kB
SReclaimable:      77624 kB
SUnreclaim:       148948 kB
KernelStack:       47856 kB
PageTables:        67000 kB
NFS_Unstable:          0 kB
Bounce:                0 kB
WritebackTmp:          0 kB
CommitLimit:     9202292 kB
Committed_AS:   75063340 kB
VmallocTotal:   263061440 kB
VmallocUsed:      104904 kB
VmallocChunk:          0 kB
Percpu:             7552 kB
CmaTotal:         294912 kB
CmaFree:               0 kB
MemTotal:       12113136 kB
MemFree:         6298872 kB
MemAvailable:    7901872 kB
Buffers:            5284 kB
Cached:          1831832 kB
SwapCached:            0 kB
Active:          1556860 kB
Inactive:        1596116 kB
Active(anon):    1322344 kB
Inactive(anon):    23616 kB
Active(file):     234516 kB
Inactive(file):  1572500 kB
Unevictable:        5620 kB
Mlocked:            5620 kB
SwapTotal:       3145724 kB
SwapFree:        3145724 kB
Dirty:               468 kB
Writeback:             0 kB
AnonPages:       1321508 kB
Mapped:           863156 kB
Shmem:             25532 kB
KReclaimable:     664688 kB
Slab:             226564 kB
SReclaimable:      77624 kB
SUnreclaim:       148940 kB
KernelStack:       47872 kB
PageTables:        67120 kB
NFS_Unstable:          0 kB
Bounce:                0 kB
WritebackTmp:          0 kB
CommitLimit:     9202292 kB
Committed_AS:   75057840 kB
VmallocTotal:   263061440 kB
VmallocUsed:      104872 kB
VmallocChunk:          0 kB
Percpu:             7552 kB
CmaTotal:         294912 kB
CmaFree:               0 kB
MemTotal:       12113136 kB
MemFree:         6298204 kB
MemAvailable:    7901216 kB
Buffers:            5284 kB
Cached:          1831848 kB
SwapCached:            0 kB
Active:          1558044 kB
Inactive:        1596132 kB
Active(anon):    1323528 kB
Inactive(anon):    23620 kB
Active(file):     234516 kB
Inactive(file):  1572512 kB
Unevictable:        5620 kB
Mlocked:            5620 kB
SwapTotal:       3145724 kB
SwapFree:        3145724 kB
Dirty:               496 kB
Writeback:             0 kB
AnonPages:       1322712 kB
Mapped:           863160 kB
Shmem:             25536 kB
KReclaimable:     664688 kB
Slab:             226664 kB
SReclaimable:      77624 kB
SUnreclaim:       149040 kB
KernelStack:       47856 kB
PageTables:        66992 kB
NFS_Unstable:          0 kB
Bounce:                0 kB
WritebackTmp:          0 kB
CommitLimit:     9202292 kB
Committed_AS:   75063036 kB
VmallocTotal:   263061440 kB
VmallocUsed:      104904 kB
VmallocChunk:          0 kB
Percpu:             7552 kB
CmaTotal:         294912 kB
CmaFree:               0 kB
MemTotal:       12113136 kB
MemFree:         6298276 kB
MemAvailable:    7901292 kB
Buffers:            5284 kB
Cached:          1831852 kB
SwapCached:            0 kB
Active:          1559040 kB
Inactive:        1596136 kB
Active(anon):    1324524 kB
Inactive(anon):    23620 kB
Active(file):     234516 kB
Inactive(file):  1572516 kB
Unevictable:        5620 kB
Mlocked:            5620 kB
SwapTotal:       3145724 kB
SwapFree:        3145724 kB
Dirty:               500 kB
Writeback:             0 kB
AnonPages:       1323616 kB
Mapped:           863160 kB
Shmem:             25536 kB
KReclaimable:     664688 kB
Slab:             226568 kB
SReclaimable:      77624 kB
SUnreclaim:       148944 kB
KernelStack:       47856 kB
PageTables:        66996 kB
NFS_Unstable:          0 kB
Bounce:                0 kB
WritebackTmp:          0 kB
CommitLimit:     9202292 kB
Committed_AS:   75067204 kB
VmallocTotal:   263061440 kB
VmallocUsed:      104904 kB
VmallocChunk:          0 kB
Percpu:             7552 kB
CmaTotal:         294912 kB
CmaFree:               0 kB
MemTotal:       12113136 kB
MemFree:         6297332 kB
MemAvailable:    7900368 kB
Buffers:            5284 kB
Cached:          1831872 kB
SwapCached:            0 kB
Active:          1559688 kB
Inactive:        1596156 kB
Active(anon):    1325172 kB
Inactive(anon):    23620 kB
Active(file):     234516 kB
Inactive(file):  1572536 kB
Unevictable:        5620 kB
Mlocked:            5620 kB
SwapTotal:       3145724 kB
SwapFree:        3145724 kB
Dirty:               520 kB
Writeback:             0 kB
AnonPages:       1324548 kB
Mapped:           863160 kB
Shmem:             25536 kB
KReclaimable:     664688 kB
Slab:             226580 kB
SReclaimable:      77624 kB
SUnreclaim:       148956 kB
KernelStack:       47856 kB
PageTables:        66992 kB
NFS_Unstable:          0 kB
Bounce:                0 kB
WritebackTmp:          0 kB
CommitLimit:     9202292 kB
Committed_AS:   75068252 kB
VmallocTotal:   263061440 kB
VmallocUsed:      104936 kB
VmallocChunk:          0 kB
Percpu:             7552 kB
CmaTotal:         294912 kB
CmaFree:               0 kB
MemTotal:       12113136 kB
MemFree:         6297032 kB
MemAvailable:    7900088 kB
Buffers:            5284 kB
Cached:          1831892 kB
SwapCached:            0 kB
Active:          1560576 kB
Inactive:        1596176 kB
Active(anon):    1326060 kB
Inactive(anon):    23620 kB
Active(file):     234516 kB
Inactive(file):  1572556 kB
Unevictable:        5620 kB
Mlocked:            5620 kB
SwapTotal:       3145724 kB
SwapFree:        3145724 kB
Dirty:               568 kB
Writeback:             0 kB
AnonPages:       1325120 kB
Mapped:           863160 kB
Shmem:             25536 kB
KReclaimable:     664688 kB
Slab:             226564 kB
SReclaimable:      77624 kB
SUnreclaim:       148940 kB
KernelStack:       47856 kB
PageTables:        67000 kB
NFS_Unstable:          0 kB
Bounce:                0 kB
WritebackTmp:          0 kB
CommitLimit:     9202292 kB
Committed_AS:   75068116 kB
VmallocTotal:   263061440 kB
VmallocUsed:      104920 kB
VmallocChunk:          0 kB
Percpu:             7552 kB
CmaTotal:         294912 kB
CmaFree:               0 kB
MemTotal:       12113136 kB
MemFree:         6295284 kB
MemAvailable:    7898356 kB
Buffers:            5284 kB
Cached:          1831908 kB
SwapCached:            0 kB
Active:          1561192 kB
Inactive:        1596192 kB
Active(anon):    1326676 kB
Inactive(anon):    23620 kB
Active(file):     234516 kB
Inactive(file):  1572572 kB
Unevictable:        5620 kB
Mlocked:            5620 kB
SwapTotal:       3145724 kB
SwapFree:        3145724 kB
Dirty:               588 kB
Writeback:             0 kB
AnonPages:       1325784 kB
Mapped:           863160 kB
Shmem:             25536 kB
KReclaimable:     664688 kB
Slab:             226572 kB
SReclaimable:      77624 kB
SUnreclaim:       148948 kB
KernelStack:       47856 kB
PageTables:        66992 kB
NFS_Unstable:          0 kB
Bounce:                0 kB
WritebackTmp:          0 kB
CommitLimit:     9202292 kB
Committed_AS:   75068284 kB
VmallocTotal:   263061440 kB
VmallocUsed:      104936 kB
VmallocChunk:          0 kB
Percpu:             7552 kB
CmaTotal:         294912 kB
CmaFree:               0 kB
MemTotal:       12113136 kB
MemFree:         6295232 kB
MemAvailable:    7898316 kB
Buffers:            5284 kB
Cached:          1831920 kB
SwapCached:            0 kB
Active:          1561332 kB
Inactive:        1596204 kB
Active(anon):    1326816 kB
Inactive(anon):    23620 kB
Active(file):     234516 kB
Inactive(file):  1572584 kB
Unevictable:        5620 kB
Mlocked:            5620 kB
SwapTotal:       3145724 kB
SwapFree:        3145724 kB
Dirty:               248 kB
Writeback:             0 kB
AnonPages:       1325712 kB
Mapped:           863268 kB
Shmem:             25536 kB
KReclaimable:     664688 kB
Slab:             226548 kB
SReclaimable:      77624 kB
SUnreclaim:       148924 kB
KernelStack:       47856 kB
PageTables:        66996 kB
NFS_Unstable:          0 kB
Bounce:                0 kB
WritebackTmp:          0 kB
CommitLimit:     9202292 kB
Committed_AS:   75063468 kB
VmallocTotal:   263061440 kB
VmallocUsed:      104936 kB
VmallocChunk:          0 kB
Percpu:             7552 kB
CmaTotal:         294912 kB
CmaFree:               0 kB
MemTotal:       12113136 kB
MemFree:         6295288 kB
MemAvailable:    7898384 kB
Buffers:            5284 kB
Cached:          1831932 kB
SwapCached:            0 kB
Active:          1562460 kB
Inactive:        1596216 kB
Active(anon):    1327944 kB
Inactive(anon):    23620 kB
Active(file):     234516 kB
Inactive(file):  1572596 kB
Unevictable:        5620 kB
Mlocked:            5620 kB
SwapTotal:       3145724 kB
SwapFree:        3145724 kB
Dirty:               312 kB
Writeback:             0 kB
AnonPages:       1327140 kB
Mapped:           863160 kB
Shmem:             25536 kB
KReclaimable:     664688 kB
Slab:             226572 kB
SReclaimable:      77624 kB
SUnreclaim:       148948 kB
KernelStack:       47840 kB
PageTables:        66944 kB
NFS_Unstable:          0 kB
Bounce:                0 kB
WritebackTmp:          0 kB
CommitLimit:     9202292 kB
Committed_AS:   75064388 kB
VmallocTotal:   263061440 kB
VmallocUsed:      104952 kB
VmallocChunk:          0 kB
Percpu:             7552 kB
CmaTotal:         294912 kB
CmaFree:               0 kB
MemTotal:       12113136 kB
MemFree:         6294500 kB
MemAvailable:    7897604 kB
Buffers:            5284 kB
Cached:          1831944 kB
SwapCached:            0 kB
Active:          1563260 kB
Inactive:        1596228 kB
Active(anon):    1328744 kB
Inactive(anon):    23624 kB
Active(file):     234516 kB
Inactive(file):  1572604 kB
Unevictable:        5620 kB
Mlocked:            5620 kB
SwapTotal:       3145724 kB
SwapFree:        3145724 kB
Dirty:               320 kB
Writeback:             0 kB
AnonPages:       1327924 kB
Mapped:           863164 kB
Shmem:             25540 kB
KReclaimable:     664688 kB
Slab:             226568 kB
SReclaimable:      77624 kB
SUnreclaim:       148944 kB
KernelStack:       47856 kB
PageTables:        66988 kB
NFS_Unstable:          0 kB
Bounce:                0 kB
WritebackTmp:          0 kB
CommitLimit:     9202292 kB
Committed_AS:   75065292 kB
VmallocTotal:   263061440 kB
VmallocUsed:      104936 kB
VmallocChunk:          0 kB
Percpu:             7552 kB
CmaTotal:         294912 kB
CmaFree:               0 kB
MemTotal:       12113136 kB
MemFree:         6293644 kB
MemAvailable:    7896764 kB
Buffers:            5284 kB
Cached:          1831960 kB
SwapCached:            0 kB
Active:          1563988 kB
Inactive:        1596240 kB
Active(anon):    1329468 kB
Inactive(anon):    23624 kB
Active(file):     234520 kB
Inactive(file):  1572616 kB
Unevictable:        5620 kB
Mlocked:            5620 kB
SwapTotal:       3145724 kB
SwapFree:        3145724 kB
Dirty:               336 kB
Writeback:             0 kB
AnonPages:       1328664 kB
Mapped:           863164 kB
Shmem:             25540 kB
KReclaimable:     664688 kB
Slab:             226568 kB
SReclaimable:      77624 kB
SUnreclaim:       148944 kB
KernelStack:       47856 kB
PageTables:        67000 kB
NFS_Unstable:          0 kB
Bounce:                0 kB
WritebackTmp:          0 kB
CommitLimit:     9202292 kB
Committed_AS:   75065344 kB
VmallocTotal:   263061440 kB
VmallocUsed:      104952 kB
VmallocChunk:          0 kB
Percpu:             7552 kB
CmaTotal:         294912 kB
CmaFree:               0 kB
MemTotal:       12113136 kB
MemFree:         6328688 kB
MemAvailable:    7931548 kB
Buffers:            5288 kB
Cached:          1831988 kB
SwapCached:            0 kB
Active:          1527768 kB
Inactive:        1596272 kB
Active(anon):    1293248 kB
Inactive(anon):    23628 kB
Active(file):     234520 kB
Inactive(file):  1572644 kB
Unevictable:        5620 kB
Mlocked:            5620 kB
SwapTotal:       3145724 kB
SwapFree:        3145724 kB
Dirty:               372 kB
Writeback:             0 kB
AnonPages:       1292432 kB
Mapped:           863168 kB
Shmem:             25544 kB
KReclaimable:     664688 kB
Slab:             226600 kB
SReclaimable:      77624 kB
SUnreclaim:       148976 kB
KernelStack:       47808 kB
PageTables:        66992 kB
NFS_Unstable:          0 kB
Bounce:                0 kB
WritebackTmp:          0 kB
CommitLimit:     9202292 kB
Committed_AS:   75062972 kB
VmallocTotal:   263061440 kB
VmallocUsed:      104856 kB
VmallocChunk:          0 kB
Percpu:             7552 kB
CmaTotal:         294912 kB
CmaFree:               0 kB
MemTotal:       12113136 kB
MemFree:         6328148 kB
MemAvailable:    7931308 kB
Buffers:            5288 kB
Cached:          1832000 kB
SwapCached:            0 kB
Active:          1528368 kB
Inactive:        1596280 kB
Active(anon):    1293844 kB
Inactive(anon):    23628 kB
Active(file):     234524 kB
Inactive(file):  1572652 kB
Unevictable:        5620 kB
Mlocked:            5620 kB
SwapTotal:       3145724 kB
SwapFree:        3145724 kB
Dirty:               388 kB
Writeback:             0 kB
AnonPages:       1293028 kB
Mapped:           863168 kB
Shmem:             25544 kB
KReclaimable:     664688 kB
Slab:             226568 kB
SReclaimable:      77624 kB
SUnreclaim:       148944 kB
KernelStack:       47808 kB
PageTables:        66996 kB
NFS_Unstable:          0 kB
Bounce:                0 kB
WritebackTmp:          0 kB
CommitLimit:     9202292 kB
Committed_AS:   75063272 kB
VmallocTotal:   263061440 kB
VmallocUsed:      104856 kB
VmallocChunk:          0 kB
Percpu:             7552 kB
CmaTotal:         294912 kB
CmaFree:               0 kB
MemTotal:       12113136 kB
MemFree:         6328804 kB
MemAvailable:    7931980 kB
Buffers:            5288 kB
Cached:          1832024 kB
SwapCached:            0 kB
Active:          1529900 kB
Inactive:        1596304 kB
Active(anon):    1295376 kB
Inactive(anon):    23636 kB
Active(file):     234524 kB
Inactive(file):  1572668 kB
Unevictable:        5620 kB
Mlocked:            5620 kB
SwapTotal:       3145724 kB
SwapFree:        3145724 kB
Dirty:               408 kB
Writeback:             0 kB
AnonPages:       1294564 kB
Mapped:           863176 kB
Shmem:             25552 kB
KReclaimable:     664688 kB
Slab:             226584 kB
SReclaimable:      77624 kB
SUnreclaim:       148960 kB
KernelStack:       47792 kB
PageTables:        67012 kB
NFS_Unstable:          0 kB
Bounce:                0 kB
WritebackTmp:          0 kB
CommitLimit:     9202292 kB
Committed_AS:   75063092 kB
VmallocTotal:   263061440 kB
VmallocUsed:      104904 kB
VmallocChunk:          0 kB
Percpu:             7552 kB
CmaTotal:         294912 kB
CmaFree:               0 kB
MemTotal:       12113136 kB
MemFree:         6327228 kB
MemAvailable:    7930408 kB
Buffers:            5288 kB
Cached:          1832028 kB
SwapCached:            0 kB
Active:          1530052 kB
Inactive:        1596308 kB
Active(anon):    1295528 kB
Inactive(anon):    23636 kB
Active(file):     234524 kB
Inactive(file):  1572672 kB
Unevictable:        5620 kB
Mlocked:            5620 kB
SwapTotal:       3145724 kB
SwapFree:        3145724 kB
Dirty:               428 kB
Writeback:             0 kB
AnonPages:       1294516 kB
Mapped:           863176 kB
Shmem:             25552 kB
KReclaimable:     664688 kB
Slab:             226580 kB
SReclaimable:      77624 kB
SUnreclaim:       148956 kB
KernelStack:       47824 kB
PageTables:        67128 kB
NFS_Unstable:          0 kB
Bounce:                0 kB
WritebackTmp:          0 kB
CommitLimit:     9202292 kB
Committed_AS:   75057836 kB
VmallocTotal:   263061440 kB
VmallocUsed:      104872 kB
VmallocChunk:          0 kB
Percpu:             7552 kB
CmaTotal:         294912 kB
CmaFree:               0 kB
MemTotal:       12113136 kB
MemFree:         6325840 kB
MemAvailable:    7929032 kB
Buffers:            5288 kB
Cached:          1832040 kB
SwapCached:            0 kB
Active:          1530892 kB
Inactive:        1596320 kB
Active(anon):    1296368 kB
Inactive(anon):    23636 kB
Active(file):     234524 kB
Inactive(file):  1572684 kB
Unevictable:        5620 kB
Mlocked:            5620 kB
SwapTotal:       3145724 kB
SwapFree:        3145724 kB
Dirty:               444 kB
Writeback:             0 kB
AnonPages:       1295616 kB
Mapped:           863176 kB
Shmem:             25552 kB
KReclaimable:     664688 kB
Slab:             226580 kB
SReclaimable:      77624 kB
SUnreclaim:       148956 kB
KernelStack:       47808 kB
PageTables:        67004 kB
NFS_Unstable:          0 kB
Bounce:                0 kB
WritebackTmp:          0 kB
CommitLimit:     9202292 kB
Committed_AS:   75073176 kB
VmallocTotal:   263061440 kB
VmallocUsed:      104920 kB
VmallocChunk:          0 kB
Percpu:             7552 kB
CmaTotal:         294912 kB
CmaFree:               0 kB
MemTotal:       12113136 kB
MemFree:         6328768 kB
MemAvailable:    7931972 kB
Buffers:            5288 kB
Cached:          1832060 kB
SwapCached:            0 kB
Active:          1526272 kB
Inactive:        1596340 kB
Active(anon):    1291748 kB
Inactive(anon):    23644 kB
Active(file):     234524 kB
Inactive(file):  1572696 kB
Unevictable:        5620 kB
Mlocked:            5620 kB
SwapTotal:       3145724 kB
SwapFree:        3145724 kB
Dirty:               464 kB
Writeback:             0 kB
AnonPages:       1290944 kB
Mapped:           863184 kB
Shmem:             25560 kB
KReclaimable:     664688 kB
Slab:             226572 kB
SReclaimable:      77624 kB
SUnreclaim:       148948 kB
KernelStack:       47824 kB
PageTables:        67144 kB
NFS_Unstable:          0 kB
Bounce:                0 kB
WritebackTmp:          0 kB
CommitLimit:     9202292 kB
Committed_AS:   75066944 kB
VmallocTotal:   263061440 kB
VmallocUsed:      104888 kB
