MemTotal:        5980404 kB
MemFree:         1281352 kB
MemAvailable:    2857768 kB
Buffers:            5012 kB
Cached:          1599452 kB
SwapCached:            0 kB
Active:          1260132 kB
Inactive:        1426184 kB
Active(anon):    1088408 kB
Inactive(anon):    18336 kB
Active(file):     171724 kB
Inactive(file):  1407848 kB
Unevictable:        5632 kB
Mlocked:            5632 kB
SwapTotal:       3670008 kB
SwapFree:        3670008 kB
Dirty:               312 kB
Writeback:             0 kB
AnonPages:       1087256 kB
Mapped:           814020 kB
Shmem:             20300 kB
KReclaimable:     559276 kB
Slab:             223740 kB
SReclaimable:      67872 kB
SUnreclaim:       155868 kB
KernelStack:       45584 kB
PageTables:        59836 kB
NFS_Unstable:          0 kB
Bounce:                0 kB
WritebackTmp:          0 kB
CommitLimit:     6660208 kB
Committed_AS:   71207812 kB
VmallocTotal:   263061440 kB
VmallocUsed:       85984 kB
VmallocChunk:          0 kB
Percpu:             7648 kB
CmaTotal:         315392 kB
CmaFree:               0 kB
MemTotal:        5980404 kB
MemFree:         1274164 kB
MemAvailable:    2850580 kB
Buffers:            5012 kB
Cached:          1599452 kB
SwapCached:            0 kB
Active:          1265348 kB
Inactive:        1426180 kB
Active(anon):    1093620 kB
Inactive(anon):    18336 kB
Active(file):     171728 kB
Inactive(file):  1407844 kB
Unevictable:        5632 kB
Mlocked:            5632 kB
SwapTotal:       3670008 kB
SwapFree:        3670008 kB
Dirty:               324 kB
Writeback:             0 kB
AnonPages:       1092488 kB
Mapped:           814072 kB
Shmem:             20300 kB
KReclaimable:     559276 kB
Slab:             223752 kB
SReclaimable:      67872 kB
SUnreclaim:       155880 kB
KernelStack:       45584 kB
PageTables:        60104 kB
NFS_Unstable:          0 kB
Bounce:                0 kB
WritebackTmp:          0 kB
CommitLimit:     6660208 kB
Committed_AS:   71213600 kB
VmallocTotal:   263061440 kB
VmallocUsed:       86064 kB
VmallocChunk:          0 kB
Percpu:             7648 kB
CmaTotal:         315392 kB
CmaFree:               0 kB
MemTotal:        5980404 kB
MemFree:         1273768 kB
MemAvailable:    2850184 kB
Buffers:            5012 kB
Cached:          1599456 kB
SwapCached:            0 kB
Active:          1266144 kB
Inactive:        1426184 kB
Active(anon):    1094416 kB
Inactive(anon):    18340 kB
Active(file):     171728 kB
Inactive(file):  1407844 kB
Unevictable:        5632 kB
Mlocked:            5632 kB
SwapTotal:       3670008 kB
SwapFree:        3670008 kB
Dirty:               332 kB
Writeback:             0 kB
AnonPages:       1093400 kB
Mapped:           813620 kB
Shmem:             20304 kB
KReclaimable:     559276 kB
Slab:             223776 kB
SReclaimable:      67872 kB
SUnreclaim:       155904 kB
KernelStack:       45632 kB
PageTables:        60232 kB
NFS_Unstable:          0 kB
Bounce:                0 kB
WritebackTmp:          0 kB
CommitLimit:     6660208 kB
Committed_AS:   71211424 kB
VmallocTotal:   263061440 kB
VmallocUsed:       86064 kB
VmallocChunk:          0 kB
Percpu:             7648 kB
CmaTotal:         315392 kB
CmaFree:               0 kB
MemTotal:        5980404 kB
MemFree:         1273316 kB
MemAvailable:    2849732 kB
Buffers:            5012 kB
Cached:          1599456 kB
SwapCached:            0 kB
Active:          1266640 kB
Inactive:        1426184 kB
Active(anon):    1094912 kB
Inactive(anon):    18340 kB
Active(file):     171728 kB
Inactive(file):  1407844 kB
Unevictable:        5632 kB
Mlocked:            5632 kB
SwapTotal:       3670008 kB
SwapFree:        3670008 kB
Dirty:               336 kB
Writeback:             0 kB
AnonPages:       1093868 kB
Mapped:           813848 kB
Shmem:             20304 kB
KReclaimable:     559276 kB
Slab:             223760 kB
SReclaimable:      67872 kB
SUnreclaim:       155888 kB
KernelStack:       45584 kB
PageTables:        59968 kB
NFS_Unstable:          0 kB
Bounce:                0 kB
WritebackTmp:          0 kB
CommitLimit:     6660208 kB
Committed_AS:   71207960 kB
VmallocTotal:   263061440 kB
VmallocUsed:       86016 kB
VmallocChunk:          0 kB
Percpu:             7648 kB
CmaTotal:         315392 kB
CmaFree:               0 kB
MemTotal:        5980404 kB
MemFree:         1273256 kB
MemAvailable:    2849672 kB
Buffers:            5012 kB
Cached:          1599456 kB
SwapCached:            0 kB
Active:          1266596 kB
Inactive:        1426180 kB
Active(anon):    1094864 kB
Inactive(anon):    18340 kB
Active(file):     171732 kB
Inactive(file):  1407840 kB
Unevictable:        5632 kB
Mlocked:            5632 kB
SwapTotal:       3670008 kB
SwapFree:        3670008 kB
Dirty:               336 kB
Writeback:             0 kB
AnonPages:       1093880 kB
Mapped:           813620 kB
Shmem:             20304 kB
KReclaimable:     559276 kB
Slab:             223792 kB
SReclaimable:      67872 kB
SUnreclaim:       155920 kB
KernelStack:       45632 kB
PageTables:        60156 kB
NFS_Unstable:          0 kB
Bounce:                0 kB
WritebackTmp:          0 kB
CommitLimit:     6660208 kB
Committed_AS:   71211228 kB
VmallocTotal:   263061440 kB
VmallocUsed:       86032 kB
VmallocChunk:          0 kB
Percpu:             7648 kB
CmaTotal:         315392 kB
CmaFree:               0 kB
MemTotal:        5980404 kB
MemFree:         1272424 kB
MemAvailable:    2848840 kB
Buffers:            5012 kB
Cached:          1599472 kB
SwapCached:            0 kB
Active:          1267820 kB
Inactive:        1426196 kB
Active(anon):    1096088 kB
Inactive(anon):    18356 kB
Active(file):     171732 kB
Inactive(file):  1407840 kB
Unevictable:        5632 kB
Mlocked:            5632 kB
SwapTotal:       3670008 kB
SwapFree:        3670008 kB
Dirty:               400 kB
Writeback:             0 kB
AnonPages:       1095328 kB
Mapped:           813640 kB
Shmem:             20320 kB
KReclaimable:     559276 kB
Slab:             223876 kB
SReclaimable:      67872 kB
SUnreclaim:       156004 kB
KernelStack:       45616 kB
PageTables:        60228 kB
NFS_Unstable:          0 kB
Bounce:                0 kB
WritebackTmp:          0 kB
CommitLimit:     6660208 kB
Committed_AS:   71213900 kB
VmallocTotal:   263061440 kB
VmallocUsed:       85984 kB
VmallocChunk:          0 kB
Percpu:             7648 kB
CmaTotal:         315392 kB
CmaFree:               0 kB
MemTotal:        5980404 kB
MemFree:         1271408 kB
MemAvailable:    2847836 kB
Buffers:            5012 kB
Cached:          1599484 kB
SwapCached:            0 kB
Active:          1268772 kB
Inactive:        1426208 kB
Active(anon):    1097040 kB
Inactive(anon):    18356 kB
Active(file):     171732 kB
Inactive(file):  1407852 kB
Unevictable:        5632 kB
Mlocked:            5632 kB
SwapTotal:       3670008 kB
SwapFree:        3670008 kB
Dirty:               428 kB
Writeback:             0 kB
AnonPages:       1096052 kB
Mapped:           813864 kB
Shmem:             20320 kB
KReclaimable:     559276 kB
Slab:             223856 kB
SReclaimable:      67872 kB
SUnreclaim:       155984 kB
KernelStack:       45616 kB
PageTables:        60100 kB
NFS_Unstable:          0 kB
Bounce:                0 kB
WritebackTmp:          0 kB
CommitLimit:     6660208 kB
Committed_AS:   71212100 kB
VmallocTotal:   263061440 kB
VmallocUsed:       86016 kB
VmallocChunk:          0 kB
Percpu:             7648 kB
CmaTotal:         315392 kB
CmaFree:               4 kB
MemTotal:        5980404 kB
MemFree:         1270392 kB
MemAvailable:    2846820 kB
Buffers:            5012 kB
Cached:          1599484 kB
SwapCached:            0 kB
Active:          1269368 kB
Inactive:        1426208 kB
Active(anon):    1097636 kB
Inactive(anon):    18356 kB
Active(file):     171732 kB
Inactive(file):  1407852 kB
Unevictable:        5632 kB
Mlocked:            5632 kB
SwapTotal:       3670008 kB
SwapFree:        3670008 kB
Dirty:               428 kB
Writeback:             0 kB
AnonPages:       1096640 kB
Mapped:           813864 kB
Shmem:             20320 kB
KReclaimable:     559276 kB
Slab:             223800 kB
SReclaimable:      67872 kB
SUnreclaim:       155928 kB
KernelStack:       45584 kB
PageTables:        60116 kB
NFS_Unstable:          0 kB
Bounce:                0 kB
WritebackTmp:          0 kB
CommitLimit:     6660208 kB
Committed_AS:   71213300 kB
VmallocTotal:   263061440 kB
VmallocUsed:       86016 kB
VmallocChunk:          0 kB
Percpu:             7648 kB
CmaTotal:         315392 kB
CmaFree:               0 kB
MemTotal:        5980404 kB
MemFree:         1269948 kB
MemAvailable:    2846376 kB
Buffers:            5012 kB
Cached:          1599484 kB
SwapCached:            0 kB
Active:          1269680 kB
Inactive:        1426208 kB
Active(anon):    1097948 kB
Inactive(anon):    18356 kB
Active(file):     171732 kB
Inactive(file):  1407852 kB
Unevictable:        5632 kB
Mlocked:            5632 kB
SwapTotal:       3670008 kB
SwapFree:        3670008 kB
Dirty:               428 kB
Writeback:             0 kB
AnonPages:       1097128 kB
Mapped:           813612 kB
Shmem:             20320 kB
KReclaimable:     559276 kB
Slab:             223800 kB
SReclaimable:      67872 kB
SUnreclaim:       155928 kB
KernelStack:       45584 kB
PageTables:        59900 kB
NFS_Unstable:          0 kB
Bounce:                0 kB
WritebackTmp:          0 kB
CommitLimit:     6660208 kB
Committed_AS:   71209980 kB
VmallocTotal:   263061440 kB
VmallocUsed:       86000 kB
VmallocChunk:          0 kB
Percpu:             7648 kB
CmaTotal:         315392 kB
CmaFree:               0 kB
MemTotal:        5980404 kB
MemFree:         1269180 kB
MemAvailable:    2845608 kB
Buffers:            5012 kB
Cached:          1599488 kB
SwapCached:            0 kB
Active:          1270796 kB
Inactive:        1426212 kB
Active(anon):    1099064 kB
Inactive(anon):    18360 kB
Active(file):     171732 kB
Inactive(file):  1407852 kB
Unevictable:        5632 kB
Mlocked:            5632 kB
SwapTotal:       3670008 kB
SwapFree:        3670008 kB
Dirty:               428 kB
Writeback:             0 kB
AnonPages:       1097860 kB
Mapped:           813704 kB
Shmem:             20324 kB
KReclaimable:     559276 kB
Slab:             223832 kB
SReclaimable:      67872 kB
SUnreclaim:       155960 kB
KernelStack:       45600 kB
PageTables:        59992 kB
NFS_Unstable:          0 kB
Bounce:                0 kB
WritebackTmp:          0 kB
CommitLimit:     6660208 kB
Committed_AS:   71209600 kB
VmallocTotal:   263061440 kB
VmallocUsed:       85984 kB
VmallocChunk:          0 kB
Percpu:             7648 kB
CmaTotal:         315392 kB
CmaFree:               0 kB
MemTotal:        5980404 kB
MemFree:         1269188 kB
MemAvailable:    2845616 kB
Buffers:            5012 kB
Cached:          1599492 kB
SwapCached:            0 kB
Active:          1271636 kB
Inactive:        1426216 kB
Active(anon):    1099904 kB
Inactive(anon):    18364 kB
Active(file):     171732 kB
Inactive(file):  1407852 kB
Unevictable:        5632 kB
Mlocked:            5632 kB
SwapTotal:       3670008 kB
SwapFree:        3670008 kB
Dirty:               428 kB
Writeback:             0 kB
AnonPages:       1098800 kB
Mapped:           813872 kB
Shmem:             20328 kB
KReclaimable:     559276 kB
Slab:             223824 kB
SReclaimable:      67872 kB
SUnreclaim:       155952 kB
KernelStack:       45616 kB
PageTables:        60108 kB
NFS_Unstable:          0 kB
Bounce:                0 kB
WritebackTmp:          0 kB
CommitLimit:     6660208 kB
Committed_AS:   71212900 kB
VmallocTotal:   263061440 kB
VmallocUsed:       85952 kB
VmallocChunk:          0 kB
Percpu:             7648 kB
CmaTotal:         315392 kB
CmaFree:               0 kB
MemTotal:        5980404 kB
MemFree:         1268320 kB
MemAvailable:    2844748 kB
Buffers:            5012 kB
Cached:          1599492 kB
SwapCached:            0 kB
Active:          1272336 kB
Inactive:        1426216 kB
Active(anon):    1100604 kB
Inactive(anon):    18364 kB
Active(file):     171732 kB
Inactive(file):  1407852 kB
Unevictable:        5632 kB
Mlocked:            5632 kB
SwapTotal:       3670008 kB
SwapFree:        3670008 kB
Dirty:               428 kB
Writeback:             0 kB
AnonPages:       1099600 kB
Mapped:           813644 kB
Shmem:             20328 kB
KReclaimable:     559276 kB
Slab:             223792 kB
SReclaimable:      67872 kB
SUnreclaim:       155920 kB
KernelStack:       45616 kB
PageTables:        60092 kB
NFS_Unstable:          0 kB
Bounce:                0 kB
WritebackTmp:          0 kB
CommitLimit:     6660208 kB
Committed_AS:   71212128 kB
VmallocTotal:   263061440 kB
VmallocUsed:       85936 kB
VmallocChunk:          0 kB
Percpu:             7648 kB
CmaTotal:         315392 kB
CmaFree:               0 kB
MemTotal:        5980404 kB
MemFree:         1267076 kB
MemAvailable:    2843520 kB
Buffers:            5016 kB
Cached:          1599508 kB
SwapCached:            0 kB
Active:          1273816 kB
Inactive:        1426232 kB
Active(anon):    1102080 kB
Inactive(anon):    18368 kB
Active(file):     171736 kB
Inactive(file):  1407864 kB
Unevictable:        5632 kB
Mlocked:            5632 kB
SwapTotal:       3670008 kB
SwapFree:        3670008 kB
Dirty:               404 kB
Writeback:             0 kB
AnonPages:       1101152 kB
Mapped:           813688 kB
Shmem:             20332 kB
KReclaimable:     559276 kB
Slab:             223764 kB
SReclaimable:      67872 kB
SUnreclaim:       155892 kB
KernelStack:       45616 kB
PageTables:        60124 kB
NFS_Unstable:          0 kB
Bounce:                0 kB
WritebackTmp:          0 kB
CommitLimit:     6660208 kB
Committed_AS:   71214224 kB
VmallocTotal:   263061440 kB
VmallocUsed:       85952 kB
VmallocChunk:          0 kB
Percpu:             7648 kB
CmaTotal:         315392 kB
CmaFree:               0 kB
MemTotal:        5980404 kB
MemFree:         1265808 kB
MemAvailable:    2842252 kB
Buffers:            5016 kB
Cached:          1599508 kB
SwapCached:            0 kB
Active:          1274520 kB
Inactive:        1426232 kB
Active(anon):    1102784 kB
Inactive(anon):    18368 kB
Active(file):     171736 kB
Inactive(file):  1407864 kB
Unevictable:        5632 kB
Mlocked:            5632 kB
SwapTotal:       3670008 kB
SwapFree:        3670008 kB
Dirty:               404 kB
Writeback:             0 kB
AnonPages:       1101964 kB
Mapped:           813688 kB
Shmem:             20332 kB
KReclaimable:     559276 kB
Slab:             223832 kB
SReclaimable:      67872 kB
SUnreclaim:       155960 kB
KernelStack:       45600 kB
PageTables:        60020 kB
NFS_Unstable:          0 kB
Bounce:                0 kB
WritebackTmp:          0 kB
CommitLimit:     6660208 kB
Committed_AS:   71212372 kB
VmallocTotal:   263061440 kB
VmallocUsed:       85984 kB
VmallocChunk:          0 kB
Percpu:             7648 kB
CmaTotal:         315392 kB
CmaFree:               0 kB
MemTotal:        5980404 kB
MemFree:         1266092 kB
MemAvailable:    2842536 kB
Buffers:            5016 kB
Cached:          1599516 kB
SwapCached:            0 kB
Active:          1274928 kB
Inactive:        1426240 kB
Active(anon):    1103192 kB
Inactive(anon):    18376 kB
Active(file):     171736 kB
Inactive(file):  1407864 kB
Unevictable:        5632 kB
Mlocked:            5632 kB
SwapTotal:       3670008 kB
SwapFree:        3670008 kB
Dirty:               404 kB
Writeback:             0 kB
AnonPages:       1102384 kB
Mapped:           813884 kB
Shmem:             20340 kB
KReclaimable:     559276 kB
Slab:             223800 kB
SReclaimable:      67872 kB
SUnreclaim:       155928 kB
KernelStack:       45616 kB
PageTables:        60104 kB
NFS_Unstable:          0 kB
Bounce:                0 kB
WritebackTmp:          0 kB
CommitLimit:     6660208 kB
Committed_AS:   71212064 kB
VmallocTotal:   263061440 kB
VmallocUsed:       85968 kB
VmallocChunk:          0 kB
Percpu:             7648 kB
CmaTotal:         315392 kB
CmaFree:               0 kB
MemTotal:        5980404 kB
MemFree:         1264928 kB
MemAvailable:    2841372 kB
Buffers:            5016 kB
Cached:          1599516 kB
SwapCached:            0 kB
Active:          1275472 kB
Inactive:        1426240 kB
Active(anon):    1103736 kB
Inactive(anon):    18376 kB
Active(file):     171736 kB
Inactive(file):  1407864 kB
Unevictable:        5632 kB
Mlocked:            5632 kB
SwapTotal:       3670008 kB
SwapFree:        3670008 kB
Dirty:               404 kB
Writeback:             0 kB
AnonPages:       1102524 kB
Mapped:           813840 kB
Shmem:             20340 kB
KReclaimable:     559276 kB
Slab:             223808 kB
SReclaimable:      67872 kB
SUnreclaim:       155936 kB
KernelStack:       45584 kB
PageTables:        60072 kB
NFS_Unstable:          0 kB
Bounce:                0 kB
WritebackTmp:          0 kB
CommitLimit:     6660208 kB
Committed_AS:   71213912 kB
VmallocTotal:   263061440 kB
VmallocUsed:       86016 kB
VmallocChunk:          0 kB
Percpu:             7648 kB
CmaTotal:         315392 kB
CmaFree:               0 kB
MemTotal:        5980404 kB
MemFree:         1263596 kB
MemAvailable:    2840040 kB
Buffers:            5016 kB
Cached:          1599520 kB
SwapCached:            0 kB
Active:          1276388 kB
Inactive:        1426244 kB
Active(anon):    1104652 kB
Inactive(anon):    18380 kB
Active(file):     171736 kB
Inactive(file):  1407864 kB
Unevictable:        5632 kB
Mlocked:            5632 kB
SwapTotal:       3670008 kB
SwapFree:        3670008 kB
Dirty:               236 kB
Writeback:             0 kB
AnonPages:       1103340 kB
Mapped:           813888 kB
Shmem:             20344 kB
KReclaimable:     559276 kB
Slab:             223796 kB
SReclaimable:      67872 kB
SUnreclaim:       155924 kB
KernelStack:       45568 kB
PageTables:        60232 kB
NFS_Unstable:          0 kB
Bounce:                0 kB
WritebackTmp:          0 kB
CommitLimit:     6660208 kB
Committed_AS:   71213640 kB
VmallocTotal:   263061440 kB
VmallocUsed:       85968 kB
VmallocChunk:          0 kB
Percpu:             7648 kB
CmaTotal:         315392 kB
CmaFree:               0 kB
MemTotal:        5980404 kB
MemFree:         1263732 kB
MemAvailable:    2840176 kB
Buffers:            5016 kB
Cached:          1599520 kB
SwapCached:            0 kB
Active:          1276756 kB
Inactive:        1426244 kB
Active(anon):    1105020 kB
Inactive(anon):    18380 kB
Active(file):     171736 kB
Inactive(file):  1407864 kB
Unevictable:        5632 kB
Mlocked:            5632 kB
SwapTotal:       3670008 kB
SwapFree:        3670008 kB
Dirty:               236 kB
Writeback:             0 kB
AnonPages:       1103852 kB
Mapped:           813888 kB
Shmem:             20344 kB
KReclaimable:     559276 kB
Slab:             223804 kB
SReclaimable:      67872 kB
SUnreclaim:       155932 kB
KernelStack:       45568 kB
PageTables:        60100 kB
NFS_Unstable:          0 kB
Bounce:                0 kB
WritebackTmp:          0 kB
CommitLimit:     6660208 kB
Committed_AS:   71210880 kB
VmallocTotal:   263061440 kB
VmallocUsed:       85968 kB
VmallocChunk:          0 kB
Percpu:             7648 kB
CmaTotal:         315392 kB
CmaFree:               0 kB
MemTotal:        5980404 kB
MemFree:         1273116 kB
MemAvailable:    2849560 kB
Buffers:            5016 kB
Cached:          1599540 kB
SwapCached:            0 kB
Active:          1266684 kB
Inactive:        1426264 kB
Active(anon):    1094948 kB
Inactive(anon):    18400 kB
Active(file):     171736 kB
Inactive(file):  1407864 kB
Unevictable:        5632 kB
Mlocked:            5632 kB
SwapTotal:       3670008 kB
SwapFree:        3670008 kB
Dirty:               236 kB
Writeback:             0 kB
AnonPages:       1094060 kB
Mapped:           813744 kB
Shmem:             20364 kB
KReclaimable:     559276 kB
Slab:             223796 kB
SReclaimable:      67872 kB
SUnreclaim:       155924 kB
KernelStack:       45568 kB
PageTables:        60116 kB
NFS_Unstable:          0 kB
Bounce:                0 kB
WritebackTmp:          0 kB
CommitLimit:     6660208 kB
Committed_AS:   71210516 kB
VmallocTotal:   263061440 kB
VmallocUsed:       85952 kB
VmallocChunk:          0 kB
Percpu:             7648 kB
CmaTotal:         315392 kB
CmaFree:              24 kB
MemTotal:        5980404 kB
MemFree:         1272808 kB
MemAvailable:    2849252 kB
Buffers:            5016 kB
Cached:          1599540 kB
SwapCached:            0 kB
Active:          1266952 kB
Inactive:        1426264 kB
Active(anon):    1095216 kB
Inactive(anon):    18400 kB
Active(file):     171736 kB
Inactive(file):  1407864 kB
Unevictable:        5632 kB
Mlocked:            5632 kB
SwapTotal:       3670008 kB
SwapFree:        3670008 kB
Dirty:               236 kB
Writeback:             0 kB
AnonPages:       1094236 kB
Mapped:           813720 kB
Shmem:             20364 kB
KReclaimable:     559276 kB
Slab:             223828 kB
SReclaimable:      67872 kB
SUnreclaim:       155956 kB
KernelStack:       45600 kB
PageTables:        60104 kB
NFS_Unstable:          0 kB
Bounce:                0 kB
WritebackTmp:          0 kB
CommitLimit:     6660208 kB
Committed_AS:   71210012 kB
VmallocTotal:   263061440 kB
VmallocUsed:       85968 kB
VmallocChunk:          0 kB
Percpu:             7648 kB
CmaTotal:         315392 kB
CmaFree:               0 kB
MemTotal:        5980404 kB
MemFree:         1271788 kB
MemAvailable:    2848232 kB
Buffers:            5016 kB
Cached:          1599544 kB
SwapCached:            0 kB
Active:          1268196 kB
Inactive:        1426268 kB
Active(anon):    1096460 kB
Inactive(anon):    18404 kB
Active(file):     171736 kB
Inactive(file):  1407864 kB
Unevictable:        5632 kB
Mlocked:            5632 kB
SwapTotal:       3670008 kB
SwapFree:        3670008 kB
Dirty:               236 kB
Writeback:             0 kB
AnonPages:       1095364 kB
Mapped:           813848 kB
Shmem:             20368 kB
KReclaimable:     559276 kB
Slab:             223804 kB
SReclaimable:      67872 kB
SUnreclaim:       155932 kB
KernelStack:       45552 kB
PageTables:        60068 kB
NFS_Unstable:          0 kB
Bounce:                0 kB
WritebackTmp:          0 kB
CommitLimit:     6660208 kB
Committed_AS:   71213708 kB
VmallocTotal:   263061440 kB
VmallocUsed:       85952 kB
VmallocChunk:          0 kB
Percpu:             7648 kB
CmaTotal:         315392 kB
CmaFree:               0 kB
MemTotal:        5980404 kB
MemFree:         1271300 kB
MemAvailable:    2847752 kB
Buffers:            5016 kB
Cached:          1599552 kB
SwapCached:            0 kB
Active:          1268676 kB
Inactive:        1426276 kB
Active(anon):    1096940 kB
Inactive(anon):    18404 kB
Active(file):     171736 kB
Inactive(file):  1407872 kB
Unevictable:        5632 kB
Mlocked:            5632 kB
SwapTotal:       3670008 kB
SwapFree:        3670008 kB
Dirty:               260 kB
Writeback:             0 kB
AnonPages:       1096228 kB
Mapped:           813912 kB
Shmem:             20368 kB
KReclaimable:     559276 kB
Slab:             223780 kB
SReclaimable:      67872 kB
SUnreclaim:       155908 kB
KernelStack:       45504 kB
PageTables:        59968 kB
NFS_Unstable:          0 kB
Bounce:                0 kB
WritebackTmp:          0 kB
CommitLimit:     6660208 kB
Committed_AS:   71211976 kB
VmallocTotal:   263061440 kB
VmallocUsed:       85920 kB
VmallocChunk:          0 kB
Percpu:             7648 kB
CmaTotal:         315392 kB
CmaFree:               0 kB
MemTotal:        5980404 kB
MemFree:         1271112 kB
MemAvailable:    2847564 kB
Buffers:            5016 kB
Cached:          1599556 kB
SwapCached:            0 kB
Active:          1269564 kB
Inactive:        1426280 kB
Active(anon):    1097828 kB
Inactive(anon):    18408 kB
Active(file):     171736 kB
Inactive(file):  1407872 kB
Unevictable:        5632 kB
Mlocked:            5632 kB
SwapTotal:       3670008 kB
SwapFree:        3670008 kB
Dirty:               260 kB
Writeback:             0 kB
AnonPages:       1097028 kB
Mapped:           813916 kB
Shmem:             20372 kB
KReclaimable:     559276 kB
Slab:             223800 kB
SReclaimable:      67872 kB
SUnreclaim:       155928 kB
KernelStack:       45600 kB
PageTables:        60228 kB
NFS_Unstable:          0 kB
Bounce:                0 kB
WritebackTmp:          0 kB
CommitLimit:     6660208 kB
Committed_AS:   71209552 kB
VmallocTotal:   263061440 kB
VmallocUsed:       85936 kB
VmallocChunk:          0 kB
Percpu:             7648 kB
CmaTotal:         315392 kB
CmaFree:               0 kB
MemTotal:        5980404 kB
MemFree:         1270172 kB
MemAvailable:    2846628 kB
Buffers:            5016 kB
Cached:          1599556 kB
SwapCached:            0 kB
Active:          1270348 kB
Inactive:        1426280 kB
Active(anon):    1098612 kB
Inactive(anon):    18408 kB
Active(file):     171736 kB
Inactive(file):  1407872 kB
Unevictable:        5632 kB
Mlocked:            5632 kB
SwapTotal:       3670008 kB
SwapFree:        3670008 kB
Dirty:               260 kB
Writeback:             0 kB
AnonPages:       1097728 kB
Mapped:           813688 kB
Shmem:             20372 kB
KReclaimable:     559280 kB
Slab:             223816 kB
SReclaimable:      67876 kB
SUnreclaim:       155940 kB
KernelStack:       45616 kB
PageTables:        60284 kB
NFS_Unstable:          0 kB
Bounce:                0 kB
WritebackTmp:          0 kB
CommitLimit:     6660208 kB
Committed_AS:   71207912 kB
VmallocTotal:   263061440 kB
VmallocUsed:       85920 kB
VmallocChunk:          0 kB
Percpu:             7648 kB
CmaTotal:         315392 kB
CmaFree:               0 kB
MemTotal:        5980404 kB
MemFree:         1265276 kB
MemAvailable:    2844908 kB
Buffers:            5016 kB
Cached:          1602696 kB
SwapCached:            0 kB
Active:          1271772 kB
Inactive:        1429432 kB
Active(anon):    1100048 kB
Inactive(anon):    18408 kB
Active(file):     171724 kB
Inactive(file):  1411024 kB
Unevictable:        5632 kB
Mlocked:            5632 kB
SwapTotal:       3670008 kB
SwapFree:        3670008 kB
Dirty:              3284 kB
Writeback:             0 kB
AnonPages:       1098892 kB
Mapped:           813876 kB
Shmem:             20372 kB
KReclaimable:     559316 kB
Slab:             223844 kB
SReclaimable:      67912 kB
SUnreclaim:       155932 kB
KernelStack:       45552 kB
PageTables:        60060 kB
NFS_Unstable:          0 kB
Bounce:                0 kB
WritebackTmp:          0 kB
CommitLimit:     6660208 kB
Committed_AS:   71208900 kB
VmallocTotal:   263061440 kB
VmallocUsed:       85904 kB
VmallocChunk:          0 kB
Percpu:             7648 kB
CmaTotal:         315392 kB
CmaFree:               0 kB
MemTotal:        5980404 kB
MemFree:         1266636 kB
MemAvailable:    2846376 kB
Buffers:            5016 kB
Cached:          1602796 kB
SwapCached:            0 kB
Active:          1270676 kB
Inactive:        1429532 kB
Active(anon):    1098952 kB
Inactive(anon):    18408 kB
Active(file):     171724 kB
Inactive(file):  1411124 kB
Unevictable:        5632 kB
Mlocked:            5632 kB
SwapTotal:       3670008 kB
SwapFree:        3670008 kB
Dirty:              3384 kB
Writeback:             0 kB
AnonPages:       1098300 kB
Mapped:           813888 kB
Shmem:             20372 kB
KReclaimable:     559324 kB
Slab:             223856 kB
SReclaimable:      67920 kB
SUnreclaim:       155936 kB
KernelStack:       45568 kB
PageTables:        60140 kB
NFS_Unstable:          0 kB
Bounce:                0 kB
WritebackTmp:          0 kB
CommitLimit:     6660208 kB
Committed_AS:   71210356 kB
VmallocTotal:   263061440 kB
VmallocUsed:       85888 kB
VmallocChunk:          0 kB
Percpu:             7648 kB
CmaTotal:         315392 kB
CmaFree:               0 kB
MemTotal:        5980404 kB
MemFree:         1265180 kB
MemAvailable:    2844920 kB
Buffers:            5016 kB
Cached:          1602796 kB
SwapCached:            0 kB
Active:          1271636 kB
Inactive:        1429532 kB
Active(anon):    1099912 kB
Inactive(anon):    18408 kB
Active(file):     171724 kB
Inactive(file):  1411124 kB
Unevictable:        5632 kB
Mlocked:            5632 kB
SwapTotal:       3670008 kB
SwapFree:        3670008 kB
Dirty:              3384 kB
Writeback:             0 kB
AnonPages:       1098912 kB
Mapped:           813688 kB
Shmem:             20372 kB
KReclaimable:     559324 kB
Slab:             223828 kB
SReclaimable:      67920 kB
SUnreclaim:       155908 kB
KernelStack:       45536 kB
PageTables:        59740 kB
NFS_Unstable:          0 kB
Bounce:                0 kB
WritebackTmp:          0 kB
CommitLimit:     6660208 kB
Committed_AS:   71208124 kB
VmallocTotal:   263061440 kB
VmallocUsed:       85920 kB
VmallocChunk:          0 kB
Percpu:             7648 kB
CmaTotal:         315392 kB
CmaFree:               0 kB
MemTotal:        5980404 kB
MemFree:         1265408 kB
MemAvailable:    2845184 kB
Buffers:            5020 kB
Cached:          1602824 kB
SwapCached:            0 kB
Active:          1272544 kB
Inactive:        1429560 kB
Active(anon):    1100816 kB
Inactive(anon):    18408 kB
Active(file):     171728 kB
Inactive(file):  1411152 kB
Unevictable:        5632 kB
Mlocked:            5632 kB
SwapTotal:       3670008 kB
SwapFree:        3670008 kB
Dirty:               480 kB
Writeback:             0 kB
AnonPages:       1099956 kB
Mapped:           813948 kB
Shmem:             20372 kB
KReclaimable:     559328 kB
Slab:             223840 kB
SReclaimable:      67924 kB
SUnreclaim:       155916 kB
KernelStack:       45584 kB
PageTables:        60140 kB
NFS_Unstable:          0 kB
Bounce:                0 kB
WritebackTmp:          0 kB
CommitLimit:     6660208 kB
Committed_AS:   71207292 kB
VmallocTotal:   263061440 kB
VmallocUsed:       85952 kB
VmallocChunk:          0 kB
Percpu:             7648 kB
CmaTotal:         315392 kB
CmaFree:               0 kB
MemTotal:        5980404 kB
MemFree:         1262944 kB
MemAvailable:    2842720 kB
Buffers:            5020 kB
Cached:          1602824 kB
SwapCached:            0 kB
Active:          1273292 kB
Inactive:        1429560 kB
Active(anon):    1101564 kB
Inactive(anon):    18408 kB
Active(file):     171728 kB
Inactive(file):  1411152 kB
Unevictable:        5632 kB
Mlocked:            5632 kB
SwapTotal:       3670008 kB
SwapFree:        3670008 kB
Dirty:               480 kB
Writeback:             0 kB
AnonPages:       1100540 kB
Mapped:           813752 kB
Shmem:             20372 kB
KReclaimable:     559328 kB
Slab:             223840 kB
SReclaimable:      67924 kB
SUnreclaim:       155916 kB
KernelStack:       45536 kB
PageTables:        59812 kB
NFS_Unstable:          0 kB
Bounce:                0 kB
WritebackTmp:          0 kB
CommitLimit:     6660208 kB
Committed_AS:   71208208 kB
VmallocTotal:   263061440 kB
VmallocUsed:       85968 kB
VmallocChunk:          0 kB
Percpu:             7648 kB
CmaTotal:         315392 kB
CmaFree:               0 kB
MemTotal:        5980404 kB
MemFree:         1261592 kB
MemAvailable:    2841368 kB
Buffers:            5020 kB
Cached:          1602832 kB
SwapCached:            0 kB
Active:          1274308 kB
Inactive:        1429568 kB
Active(anon):    1102580 kB
Inactive(anon):    18416 kB
Active(file):     171728 kB
Inactive(file):  1411152 kB
Unevictable:        5632 kB
Mlocked:            5632 kB
SwapTotal:       3670008 kB
SwapFree:        3670008 kB
Dirty:               480 kB
Writeback:             0 kB
AnonPages:       1101712 kB
Mapped:           813696 kB
Shmem:             20380 kB
KReclaimable:     559328 kB
Slab:             223872 kB
SReclaimable:      67924 kB
SUnreclaim:       155948 kB
KernelStack:       45584 kB
PageTables:        60112 kB
NFS_Unstable:          0 kB
Bounce:                0 kB
WritebackTmp:          0 kB
CommitLimit:     6660208 kB
Committed_AS:   71207700 kB
VmallocTotal:   263061440 kB
VmallocUsed:       86048 kB
VmallocChunk:          0 kB
Percpu:             7648 kB
CmaTotal:         315392 kB
CmaFree:               0 kB
MemTotal:        5980404 kB
MemFree:         1260472 kB
MemAvailable:    2840252 kB
Buffers:            5020 kB
Cached:          1602832 kB
SwapCached:            0 kB
Active:          1275088 kB
Inactive:        1429568 kB
Active(anon):    1103360 kB
Inactive(anon):    18416 kB
Active(file):     171728 kB
Inactive(file):  1411152 kB
Unevictable:        5632 kB
Mlocked:            5632 kB
SwapTotal:       3670008 kB
SwapFree:        3670008 kB
Dirty:               480 kB
Writeback:             0 kB
AnonPages:       1102604 kB
Mapped:           813696 kB
Shmem:             20380 kB
KReclaimable:     559332 kB
Slab:             223852 kB
SReclaimable:      67928 kB
SUnreclaim:       155924 kB
KernelStack:       45600 kB
PageTables:        60092 kB
NFS_Unstable:          0 kB
Bounce:                0 kB
WritebackTmp:          0 kB
CommitLimit:     6660208 kB
Committed_AS:   71210888 kB
VmallocTotal:   263061440 kB
VmallocUsed:       86016 kB
VmallocChunk:          0 kB
Percpu:             7648 kB
CmaTotal:         315392 kB
CmaFree:               0 kB
MemTotal:        5980404 kB
MemFree:         1260292 kB
MemAvailable:    2840072 kB
Buffers:            5020 kB
Cached:          1602832 kB
SwapCached:            0 kB
Active:          1275592 kB
Inactive:        1429568 kB
Active(anon):    1103864 kB
Inactive(anon):    18416 kB
Active(file):     171728 kB
Inactive(file):  1411152 kB
Unevictable:        5632 kB
Mlocked:            5632 kB
SwapTotal:       3670008 kB
SwapFree:        3670008 kB
Dirty:               480 kB
Writeback:             0 kB
AnonPages:       1103060 kB
Mapped:           813920 kB
Shmem:             20380 kB
KReclaimable:     559332 kB
Slab:             223884 kB
SReclaimable:      67928 kB
SUnreclaim:       155956 kB
KernelStack:       45600 kB
PageTables:        59952 kB
NFS_Unstable:          0 kB
Bounce:                0 kB
WritebackTmp:          0 kB
CommitLimit:     6660208 kB
Committed_AS:   71211864 kB
VmallocTotal:   263061440 kB
VmallocUsed:       85968 kB
VmallocChunk:          0 kB
Percpu:             7648 kB
CmaTotal:         315392 kB
CmaFree:               0 kB
MemTotal:        5980404 kB
MemFree:         1259468 kB
MemAvailable:    2839248 kB
Buffers:            5020 kB
Cached:          1602832 kB
SwapCached:            0 kB
Active:          1276592 kB
Inactive:        1429568 kB
Active(anon):    1104864 kB
Inactive(anon):    18416 kB
Active(file):     171728 kB
Inactive(file):  1411152 kB
Unevictable:        5632 kB
Mlocked:            5632 kB
SwapTotal:       3670008 kB
SwapFree:        3670008 kB
Dirty:               480 kB
Writeback:             0 kB
AnonPages:       1103744 kB
Mapped:           813924 kB
Shmem:             20380 kB
KReclaimable:     559332 kB
Slab:             223876 kB
SReclaimable:      67928 kB
SUnreclaim:       155948 kB
KernelStack:       45552 kB
PageTables:        60316 kB
NFS_Unstable:          0 kB
Bounce:                0 kB
WritebackTmp:          0 kB
CommitLimit:     6660208 kB
Committed_AS:   71211468 kB
VmallocTotal:   263061440 kB
VmallocUsed:       85952 kB
VmallocChunk:          0 kB
Percpu:             7648 kB
CmaTotal:         315392 kB
CmaFree:               0 kB
MemTotal:        5980404 kB
MemFree:         1259480 kB
MemAvailable:    2839260 kB
Buffers:            5020 kB
Cached:          1602832 kB
SwapCached:            0 kB
Active:          1277372 kB
Inactive:        1429568 kB
Active(anon):    1105644 kB
Inactive(anon):    18416 kB
Active(file):     171728 kB
Inactive(file):  1411152 kB
Unevictable:        5632 kB
Mlocked:            5632 kB
SwapTotal:       3670008 kB
SwapFree:        3670008 kB
Dirty:               480 kB
Writeback:             0 kB
AnonPages:       1104496 kB
Mapped:           813696 kB
Shmem:             20380 kB
KReclaimable:     559332 kB
Slab:             223856 kB
SReclaimable:      67928 kB
SUnreclaim:       155928 kB
KernelStack:       45568 kB
PageTables:        60092 kB
NFS_Unstable:          0 kB
Bounce:                0 kB
WritebackTmp:          0 kB
CommitLimit:     6660208 kB
Committed_AS:   71212656 kB
VmallocTotal:   263061440 kB
VmallocUsed:       85984 kB
VmallocChunk:          0 kB
Percpu:             7648 kB
CmaTotal:         315392 kB
CmaFree:               0 kB
MemTotal:        5980404 kB
MemFree:         1258144 kB
MemAvailable:    2837924 kB
Buffers:            5020 kB
Cached:          1602832 kB
SwapCached:            0 kB
Active:          1278744 kB
Inactive:        1429568 kB
Active(anon):    1107016 kB
Inactive(anon):    18416 kB
Active(file):     171728 kB
Inactive(file):  1411152 kB
Unevictable:        5632 kB
Mlocked:            5632 kB
SwapTotal:       3670008 kB
SwapFree:        3670008 kB
Dirty:               480 kB
Writeback:             0 kB
AnonPages:       1106164 kB
Mapped:           813712 kB
Shmem:             20380 kB
KReclaimable:     559332 kB
Slab:             223888 kB
SReclaimable:      67928 kB
SUnreclaim:       155960 kB
KernelStack:       45552 kB
PageTables:        60272 kB
NFS_Unstable:          0 kB
Bounce:                0 kB
WritebackTmp:          0 kB
CommitLimit:     6660208 kB
Committed_AS:   71212332 kB
VmallocTotal:   263061440 kB
VmallocUsed:       85968 kB
VmallocChunk:          0 kB
Percpu:             7648 kB
CmaTotal:         315392 kB
CmaFree:               0 kB
MemTotal:        5980404 kB
MemFree:         1257252 kB
MemAvailable:    2837032 kB
Buffers:            5020 kB
Cached:          1602840 kB
SwapCached:            0 kB
Active:          1279228 kB
Inactive:        1429576 kB
Active(anon):    1107500 kB
Inactive(anon):    18424 kB
Active(file):     171728 kB
Inactive(file):  1411152 kB
Unevictable:        5632 kB
Mlocked:            5632 kB
SwapTotal:       3670008 kB
SwapFree:        3670008 kB
Dirty:               496 kB
Writeback:             0 kB
AnonPages:       1106712 kB
Mapped:           814048 kB
Shmem:             20388 kB
KReclaimable:     559332 kB
Slab:             223840 kB
SReclaimable:      67928 kB
SUnreclaim:       155912 kB
KernelStack:       45616 kB
PageTables:        60252 kB
NFS_Unstable:          0 kB
Bounce:                0 kB
WritebackTmp:          0 kB
CommitLimit:     6660208 kB
Committed_AS:   71211744 kB
VmallocTotal:   263061440 kB
VmallocUsed:       86016 kB
VmallocChunk:          0 kB
Percpu:             7648 kB
CmaTotal:         315392 kB
CmaFree:               0 kB
MemTotal:        5980404 kB
MemFree:         1257108 kB
MemAvailable:    2837092 kB
Buffers:            5020 kB
Cached:          1603044 kB
SwapCached:            0 kB
Active:          1280100 kB
Inactive:        1429780 kB
Active(anon):    1108372 kB
Inactive(anon):    18424 kB
Active(file):     171728 kB
Inactive(file):  1411356 kB
Unevictable:        5632 kB
Mlocked:            5632 kB
SwapTotal:       3670008 kB
SwapFree:        3670008 kB
Dirty:               516 kB
Writeback:             0 kB
AnonPages:       1107728 kB
Mapped:           814040 kB
Shmem:             20388 kB
KReclaimable:     559332 kB
Slab:             223840 kB
SReclaimable:      67928 kB
SUnreclaim:       155912 kB
KernelStack:       45600 kB
PageTables:        59984 kB
NFS_Unstable:          0 kB
Bounce:                0 kB
WritebackTmp:          0 kB
CommitLimit:     6660208 kB
Committed_AS:   71211568 kB
VmallocTotal:   263061440 kB
VmallocUsed:       86000 kB
VmallocChunk:          0 kB
Percpu:             7648 kB
CmaTotal:         315392 kB
CmaFree:               0 kB
MemTotal:        5980404 kB
MemFree:         1256652 kB
MemAvailable:    2836636 kB
Buffers:            5020 kB
Cached:          1603044 kB
SwapCached:            0 kB
Active:          1280440 kB
Inactive:        1429780 kB
Active(anon):    1108712 kB
Inactive(anon):    18424 kB
Active(file):     171728 kB
Inactive(file):  1411356 kB
Unevictable:        5632 kB
Mlocked:            5632 kB
SwapTotal:       3670008 kB
SwapFree:        3670008 kB
Dirty:               520 kB
Writeback:             0 kB
AnonPages:       1107868 kB
Mapped:           814212 kB
Shmem:             20388 kB
KReclaimable:     559332 kB
Slab:             223848 kB
SReclaimable:      67928 kB
SUnreclaim:       155920 kB
KernelStack:       45680 kB
PageTables:        60104 kB
NFS_Unstable:          0 kB
Bounce:                0 kB
WritebackTmp:          0 kB
CommitLimit:     6660208 kB
Committed_AS:   71213020 kB
VmallocTotal:   263061440 kB
VmallocUsed:       86032 kB
VmallocChunk:          0 kB
Percpu:             7648 kB
CmaTotal:         315392 kB
CmaFree:               0 kB
MemTotal:        5980404 kB
MemFree:         1265140 kB
MemAvailable:    2845124 kB
Buffers:            5020 kB
Cached:          1603044 kB
SwapCached:            0 kB
Active:          1270820 kB
Inactive:        1429780 kB
Active(anon):    1099092 kB
Inactive(anon):    18424 kB
Active(file):     171728 kB
Inactive(file):  1411356 kB
Unevictable:        5632 kB
Mlocked:            5632 kB
SwapTotal:       3670008 kB
SwapFree:        3670008 kB
Dirty:               540 kB
Writeback:             0 kB
AnonPages:       1098284 kB
Mapped:           814040 kB
Shmem:             20388 kB
KReclaimable:     559332 kB
Slab:             223876 kB
SReclaimable:      67928 kB
SUnreclaim:       155948 kB
KernelStack:       45632 kB
PageTables:        60084 kB
NFS_Unstable:          0 kB
Bounce:                0 kB
WritebackTmp:          0 kB
CommitLimit:     6660208 kB
Committed_AS:   71212672 kB
VmallocTotal:   263061440 kB
VmallocUsed:       86000 kB
VmallocChunk:          0 kB
Percpu:             7648 kB
CmaTotal:         315392 kB
CmaFree:               0 kB
MemTotal:        5980404 kB
MemFree:         1264492 kB
MemAvailable:    2844476 kB
Buffers:            5020 kB
Cached:          1603044 kB
SwapCached:            0 kB
Active:          1271560 kB
Inactive:        1429780 kB
Active(anon):    1099832 kB
Inactive(anon):    18424 kB
Active(file):     171728 kB
Inactive(file):  1411356 kB
Unevictable:        5632 kB
Mlocked:            5632 kB
SwapTotal:       3670008 kB
SwapFree:        3670008 kB
Dirty:               548 kB
Writeback:             0 kB
AnonPages:       1098764 kB
Mapped:           814416 kB
Shmem:             20388 kB
KReclaimable:     559332 kB
Slab:             223884 kB
SReclaimable:      67928 kB
SUnreclaim:       155956 kB
KernelStack:       45616 kB
PageTables:        60256 kB
NFS_Unstable:          0 kB
Bounce:                0 kB
WritebackTmp:          0 kB
CommitLimit:     6660208 kB
Committed_AS:   71213656 kB
VmallocTotal:   263061440 kB
VmallocUsed:       86032 kB
VmallocChunk:          0 kB
Percpu:             7648 kB
CmaTotal:         315392 kB
CmaFree:               0 kB
MemTotal:        5980404 kB
MemFree:         1263520 kB
MemAvailable:    2843504 kB
Buffers:            5020 kB
Cached:          1603044 kB
SwapCached:            0 kB
Active:          1272372 kB
Inactive:        1429780 kB
Active(anon):    1100644 kB
Inactive(anon):    18424 kB
Active(file):     171728 kB
Inactive(file):  1411356 kB
Unevictable:        5632 kB
Mlocked:            5632 kB
SwapTotal:       3670008 kB
SwapFree:        3670008 kB
Dirty:               548 kB
Writeback:             0 kB
AnonPages:       1099824 kB
Mapped:           814368 kB
Shmem:             20388 kB
KReclaimable:     559332 kB
Slab:             223884 kB
SReclaimable:      67928 kB
SUnreclaim:       155956 kB
KernelStack:       45632 kB
PageTables:        60104 kB
NFS_Unstable:          0 kB
Bounce:                0 kB
WritebackTmp:          0 kB
CommitLimit:     6660208 kB
Committed_AS:   71214644 kB
VmallocTotal:   263061440 kB
VmallocUsed:       86032 kB
VmallocChunk:          0 kB
Percpu:             7648 kB
CmaTotal:         315392 kB
CmaFree:               0 kB
MemTotal:        5980404 kB
MemFree:         1263040 kB
MemAvailable:    2843048 kB
Buffers:            5024 kB
Cached:          1603068 kB
SwapCached:            0 kB
Active:          1273104 kB
Inactive:        1429804 kB
Active(anon):    1101372 kB
Inactive(anon):    18428 kB
Active(file):     171732 kB
Inactive(file):  1411376 kB
Unevictable:        5632 kB
Mlocked:            5632 kB
SwapTotal:       3670008 kB
SwapFree:        3670008 kB
Dirty:               324 kB
Writeback:             0 kB
AnonPages:       1100552 kB
Mapped:           814372 kB
Shmem:             20392 kB
KReclaimable:     559332 kB
Slab:             223900 kB
SReclaimable:      67928 kB
SUnreclaim:       155972 kB
KernelStack:       45648 kB
PageTables:        60248 kB
NFS_Unstable:          0 kB
Bounce:                0 kB
WritebackTmp:          0 kB
CommitLimit:     6660208 kB
Committed_AS:   71211140 kB
VmallocTotal:   263061440 kB
VmallocUsed:       86048 kB
VmallocChunk:          0 kB
Percpu:             7648 kB
CmaTotal:         315392 kB
CmaFree:               0 kB
MemTotal:        5980404 kB
MemFree:         1261872 kB
MemAvailable:    2841916 kB
Buffers:            5024 kB
Cached:          1603104 kB
SwapCached:            0 kB
Active:          1274088 kB
Inactive:        1429836 kB
Active(anon):    1102352 kB
Inactive(anon):    18428 kB
Active(file):     171736 kB
Inactive(file):  1411408 kB
Unevictable:        5632 kB
Mlocked:            5632 kB
SwapTotal:       3670008 kB
SwapFree:        3670008 kB
Dirty:               328 kB
Writeback:             4 kB
AnonPages:       1101384 kB
Mapped:           814248 kB
Shmem:             20392 kB
KReclaimable:     559332 kB
Slab:             223956 kB
SReclaimable:      67928 kB
SUnreclaim:       156028 kB
KernelStack:       45632 kB
PageTables:        60176 kB
NFS_Unstable:          0 kB
Bounce:                0 kB
WritebackTmp:          0 kB
CommitLimit:     6660208 kB
Committed_AS:   71211220 kB
VmallocTotal:   263061440 kB
VmallocUsed:       86000 kB
VmallocChunk:          0 kB
Percpu:             7648 kB
CmaTotal:         315392 kB
CmaFree:               0 kB
MemTotal:        5980404 kB
MemFree:         1262772 kB
MemAvailable:    2842780 kB
Buffers:            5024 kB
Cached:          1603068 kB
SwapCached:            0 kB
Active:          1273224 kB
Inactive:        1429804 kB
Active(anon):    1101492 kB
Inactive(anon):    18428 kB
Active(file):     171732 kB
Inactive(file):  1411376 kB
Unevictable:        5632 kB
Mlocked:            5632 kB
SwapTotal:       3670008 kB
SwapFree:        3670008 kB
Dirty:               324 kB
Writeback:             0 kB
AnonPages:       1100272 kB
Mapped:           814436 kB
Shmem:             20392 kB
KReclaimable:     559332 kB
Slab:             223956 kB
SReclaimable:      67928 kB
SUnreclaim:       156028 kB
KernelStack:       45664 kB
PageTables:        60216 kB
NFS_Unstable:          0 kB
Bounce:                0 kB
WritebackTmp:          0 kB
CommitLimit:     6660208 kB
Committed_AS:   71208200 kB
VmallocTotal:   263061440 kB
VmallocUsed:       85968 kB
VmallocChunk:          0 kB
Percpu:             7648 kB
CmaTotal:         315392 kB
CmaFree:               0 kB
MemTotal:        5980404 kB
MemFree:         1261948 kB
MemAvailable:    2841956 kB
Buffers:            5024 kB
Cached:          1603068 kB
SwapCached:            0 kB
Active:          1273924 kB
Inactive:        1429804 kB
Active(anon):    1102192 kB
Inactive(anon):    18428 kB
Active(file):     171732 kB
Inactive(file):  1411376 kB
Unevictable:        5632 kB
Mlocked:            5632 kB
SwapTotal:       3670008 kB
SwapFree:        3670008 kB
Dirty:               324 kB
Writeback:             0 kB
AnonPages:       1101568 kB
Mapped:           814596 kB
Shmem:             20392 kB
KReclaimable:     559332 kB
Slab:             223924 kB
SReclaimable:      67928 kB
SUnreclaim:       155996 kB
KernelStack:       45648 kB
PageTables:        60324 kB
NFS_Unstable:          0 kB
Bounce:                0 kB
WritebackTmp:          0 kB
CommitLimit:     6660208 kB
Committed_AS:   71212708 kB
VmallocTotal:   263061440 kB
VmallocUsed:       85984 kB
VmallocChunk:          0 kB
Percpu:             7648 kB
CmaTotal:         315392 kB
CmaFree:               0 kB
MemTotal:        5980404 kB
MemFree:         1260888 kB
MemAvailable:    2840900 kB
Buffers:            5024 kB
Cached:          1603080 kB
SwapCached:            0 kB
Active:          1274948 kB
Inactive:        1429816 kB
Active(anon):    1103216 kB
Inactive(anon):    18436 kB
Active(file):     171732 kB
Inactive(file):  1411380 kB
Unevictable:        5632 kB
Mlocked:            5632 kB
SwapTotal:       3670008 kB
SwapFree:        3670008 kB
Dirty:               328 kB
Writeback:             0 kB
AnonPages:       1102168 kB
Mapped:           814256 kB
Shmem:             20400 kB
KReclaimable:     559332 kB
Slab:             223924 kB
SReclaimable:      67928 kB
SUnreclaim:       155996 kB
KernelStack:       45632 kB
PageTables:        60132 kB
NFS_Unstable:          0 kB
Bounce:                0 kB
WritebackTmp:          0 kB
CommitLimit:     6660208 kB
Committed_AS:   71213504 kB
VmallocTotal:   263061440 kB
VmallocUsed:       86000 kB
VmallocChunk:          0 kB
Percpu:             7648 kB
CmaTotal:         315392 kB
CmaFree:               0 kB
MemTotal:        5980404 kB
MemFree:         1260584 kB
MemAvailable:    2840596 kB
Buffers:            5024 kB
Cached:          1603080 kB
SwapCached:            0 kB
Active:          1275684 kB
Inactive:        1429816 kB
Active(anon):    1103952 kB
Inactive(anon):    18436 kB
Active(file):     171732 kB
Inactive(file):  1411380 kB
Unevictable:        5632 kB
Mlocked:            5632 kB
SwapTotal:       3670008 kB
SwapFree:        3670008 kB
Dirty:               340 kB
Writeback:             0 kB
AnonPages:       1102984 kB
Mapped:           814380 kB
Shmem:             20400 kB
KReclaimable:     559332 kB
Slab:             223932 kB
SReclaimable:      67928 kB
SUnreclaim:       156004 kB
KernelStack:       45612 kB
PageTables:        60220 kB
NFS_Unstable:          0 kB
Bounce:                0 kB
WritebackTmp:          0 kB
CommitLimit:     6660208 kB
Committed_AS:   71212360 kB
VmallocTotal:   263061440 kB
VmallocUsed:       86000 kB
VmallocChunk:          0 kB
Percpu:             7648 kB
CmaTotal:         315392 kB
CmaFree:               0 kB
MemTotal:        5980404 kB
MemFree:         1259916 kB
MemAvailable:    2839928 kB
Buffers:            5024 kB
Cached:          1603084 kB
SwapCached:            0 kB
Active:          1276468 kB
Inactive:        1429820 kB
Active(anon):    1104736 kB
Inactive(anon):    18440 kB
Active(file):     171732 kB
Inactive(file):  1411380 kB
Unevictable:        5632 kB
Mlocked:            5632 kB
SwapTotal:       3670008 kB
SwapFree:        3670008 kB
Dirty:               352 kB
Writeback:             0 kB
AnonPages:       1103996 kB
Mapped:           814464 kB
Shmem:             20404 kB
KReclaimable:     559332 kB
Slab:             223956 kB
SReclaimable:      67928 kB
SUnreclaim:       156028 kB
KernelStack:       45648 kB
PageTables:        60224 kB
NFS_Unstable:          0 kB
Bounce:                0 kB
WritebackTmp:          0 kB
CommitLimit:     6660208 kB
Committed_AS:   71214420 kB
VmallocTotal:   263061440 kB
VmallocUsed:       85968 kB
VmallocChunk:          0 kB
Percpu:             7648 kB
CmaTotal:         315392 kB
CmaFree:               0 kB
MemTotal:        5980404 kB
MemFree:         1259084 kB
MemAvailable:    2839096 kB
Buffers:            5024 kB
Cached:          1603088 kB
SwapCached:            0 kB
Active:          1276724 kB
Inactive:        1429824 kB
Active(anon):    1104992 kB
Inactive(anon):    18444 kB
Active(file):     171732 kB
Inactive(file):  1411380 kB
Unevictable:        5632 kB
Mlocked:            5632 kB
SwapTotal:       3670008 kB
SwapFree:        3670008 kB
Dirty:               356 kB
Writeback:             0 kB
AnonPages:       1104276 kB
Mapped:           814284 kB
Shmem:             20408 kB
KReclaimable:     559332 kB
Slab:             223892 kB
SReclaimable:      67928 kB
SUnreclaim:       155964 kB
KernelStack:       45580 kB
PageTables:        60060 kB
NFS_Unstable:          0 kB
Bounce:                0 kB
WritebackTmp:          0 kB
CommitLimit:     6660208 kB
Committed_AS:   71213640 kB
VmallocTotal:   263061440 kB
VmallocUsed:       85968 kB
VmallocChunk:          0 kB
Percpu:             7648 kB
CmaTotal:         315392 kB
CmaFree:               0 kB
MemTotal:        5980404 kB
MemFree:         1259164 kB
MemAvailable:    2839176 kB
Buffers:            5024 kB
Cached:          1603092 kB
SwapCached:            0 kB
Active:          1278148 kB
Inactive:        1429828 kB
Active(anon):    1106416 kB
Inactive(anon):    18448 kB
Active(file):     171732 kB
Inactive(file):  1411380 kB
Unevictable:        5632 kB
Mlocked:            5632 kB
SwapTotal:       3670008 kB
SwapFree:        3670008 kB
Dirty:               356 kB
Writeback:             0 kB
AnonPages:       1105448 kB
Mapped:           814396 kB
Shmem:             20412 kB
KReclaimable:     559332 kB
Slab:             223916 kB
SReclaimable:      67928 kB
SUnreclaim:       155988 kB
KernelStack:       45584 kB
PageTables:        60068 kB
NFS_Unstable:          0 kB
Bounce:                0 kB
WritebackTmp:          0 kB
CommitLimit:     6660208 kB
Committed_AS:   71210864 kB
VmallocTotal:   263061440 kB
VmallocUsed:       85920 kB
VmallocChunk:          0 kB
Percpu:             7648 kB
CmaTotal:         315392 kB
CmaFree:               0 kB
MemTotal:        5980404 kB
MemFree:         1258000 kB
MemAvailable:    2838012 kB
Buffers:            5024 kB
Cached:          1603092 kB
SwapCached:            0 kB
Active:          1278972 kB
Inactive:        1429828 kB
Active(anon):    1107240 kB
Inactive(anon):    18448 kB
Active(file):     171732 kB
Inactive(file):  1411380 kB
Unevictable:        5632 kB
Mlocked:            5632 kB
SwapTotal:       3670008 kB
SwapFree:        3670008 kB
Dirty:               356 kB
Writeback:             0 kB
AnonPages:       1106268 kB
Mapped:           814456 kB
Shmem:             20412 kB
KReclaimable:     559332 kB
Slab:             223912 kB
SReclaimable:      67928 kB
SUnreclaim:       155984 kB
KernelStack:       45648 kB
PageTables:        60176 kB
NFS_Unstable:          0 kB
Bounce:                0 kB
WritebackTmp:          0 kB
CommitLimit:     6660208 kB
Committed_AS:   71212916 kB
VmallocTotal:   263061440 kB
VmallocUsed:       85984 kB
VmallocChunk:          0 kB
Percpu:             7648 kB
CmaTotal:         315392 kB
CmaFree:               0 kB
MemTotal:        5980404 kB
MemFree:         1257404 kB
MemAvailable:    2837428 kB
Buffers:            5024 kB
Cached:          1603104 kB
SwapCached:            0 kB
Active:          1278732 kB
Inactive:        1429840 kB
Active(anon):    1107000 kB
Inactive(anon):    18448 kB
Active(file):     171732 kB
Inactive(file):  1411392 kB
Unevictable:        5632 kB
Mlocked:            5632 kB
SwapTotal:       3670008 kB
SwapFree:        3670008 kB
Dirty:               324 kB
Writeback:             0 kB
AnonPages:       1106292 kB
Mapped:           814456 kB
Shmem:             20412 kB
KReclaimable:     559332 kB
Slab:             223972 kB
SReclaimable:      67928 kB
SUnreclaim:       156044 kB
KernelStack:       45664 kB
PageTables:        60168 kB
NFS_Unstable:          0 kB
Bounce:                0 kB
WritebackTmp:          0 kB
CommitLimit:     6660208 kB
Committed_AS:   71210204 kB
VmallocTotal:   263061440 kB
VmallocUsed:       86016 kB
VmallocChunk:          0 kB
Percpu:             7648 kB
CmaTotal:         315392 kB
CmaFree:               0 kB
MemTotal:        5980404 kB
MemFree:         1257040 kB
MemAvailable:    2837064 kB
Buffers:            5024 kB
Cached:          1603104 kB
SwapCached:            0 kB
Active:          1279572 kB
Inactive:        1429840 kB
Active(anon):    1107840 kB
Inactive(anon):    18448 kB
Active(file):     171732 kB
Inactive(file):  1411392 kB
Unevictable:        5632 kB
Mlocked:            5632 kB
SwapTotal:       3670008 kB
SwapFree:        3670008 kB
Dirty:               352 kB
Writeback:             0 kB
AnonPages:       1107096 kB
Mapped:           814456 kB
Shmem:             20412 kB
KReclaimable:     559332 kB
Slab:             223948 kB
SReclaimable:      67928 kB
SUnreclaim:       156020 kB
KernelStack:       45692 kB
PageTables:        60464 kB
NFS_Unstable:          0 kB
Bounce:                0 kB
WritebackTmp:          0 kB
CommitLimit:     6660208 kB
Committed_AS:   71209644 kB
VmallocTotal:   263061440 kB
VmallocUsed:       86016 kB
VmallocChunk:          0 kB
Percpu:             7648 kB
CmaTotal:         315392 kB
CmaFree:               0 kB
MemTotal:        5980404 kB
MemFree:         1256120 kB
MemAvailable:    2836140 kB
Buffers:            5024 kB
Cached:          1603108 kB
SwapCached:            0 kB
Active:          1280544 kB
Inactive:        1429844 kB
Active(anon):    1108812 kB
Inactive(anon):    18452 kB
Active(file):     171732 kB
Inactive(file):  1411392 kB
Unevictable:        5632 kB
Mlocked:            5632 kB
SwapTotal:       3670008 kB
SwapFree:        3670008 kB
Dirty:               352 kB
Writeback:             0 kB
AnonPages:       1108044 kB
Mapped:           814460 kB
Shmem:             20416 kB
KReclaimable:     559328 kB
Slab:             223912 kB
SReclaimable:      67924 kB
SUnreclaim:       155988 kB
KernelStack:       45648 kB
PageTables:        60116 kB
NFS_Unstable:          0 kB
Bounce:                0 kB
WritebackTmp:          0 kB
CommitLimit:     6660208 kB
Committed_AS:   71212544 kB
VmallocTotal:   263061440 kB
VmallocUsed:       86048 kB
VmallocChunk:          0 kB
Percpu:             7648 kB
CmaTotal:         315392 kB
CmaFree:               0 kB
MemTotal:        5980404 kB
MemFree:         1255316 kB
MemAvailable:    2835336 kB
Buffers:            5024 kB
Cached:          1603112 kB
SwapCached:            0 kB
Active:          1280608 kB
Inactive:        1429848 kB
Active(anon):    1108876 kB
Inactive(anon):    18456 kB
Active(file):     171732 kB
Inactive(file):  1411392 kB
Unevictable:        5632 kB
Mlocked:            5632 kB
SwapTotal:       3670008 kB
SwapFree:        3670008 kB
Dirty:               352 kB
Writeback:             0 kB
AnonPages:       1108132 kB
Mapped:           814464 kB
Shmem:             20420 kB
KReclaimable:     559328 kB
Slab:             223928 kB
SReclaimable:      67924 kB
SUnreclaim:       156004 kB
KernelStack:       45632 kB
PageTables:        59988 kB
NFS_Unstable:          0 kB
Bounce:                0 kB
WritebackTmp:          0 kB
CommitLimit:     6660208 kB
Committed_AS:   71212192 kB
VmallocTotal:   263061440 kB
VmallocUsed:       86032 kB
VmallocChunk:          0 kB
Percpu:             7648 kB
CmaTotal:         315392 kB
CmaFree:               0 kB
MemTotal:        5980404 kB
MemFree:         1253776 kB
MemAvailable:    2833796 kB
Buffers:            5024 kB
Cached:          1603116 kB
SwapCached:            0 kB
Active:          1281384 kB
Inactive:        1429852 kB
Active(anon):    1109652 kB
Inactive(anon):    18460 kB
Active(file):     171732 kB
Inactive(file):  1411392 kB
Unevictable:        5632 kB
Mlocked:            5632 kB
SwapTotal:       3670008 kB
SwapFree:        3670008 kB
Dirty:               364 kB
Writeback:             0 kB
AnonPages:       1108896 kB
Mapped:           814420 kB
Shmem:             20424 kB
KReclaimable:     559328 kB
Slab:             223912 kB
SReclaimable:      67924 kB
SUnreclaim:       155988 kB
KernelStack:       45728 kB
PageTables:        60228 kB
NFS_Unstable:          0 kB
Bounce:                0 kB
WritebackTmp:          0 kB
CommitLimit:     6660208 kB
Committed_AS:   71210112 kB
VmallocTotal:   263061440 kB
VmallocUsed:       86112 kB
VmallocChunk:          0 kB
Percpu:             7648 kB
CmaTotal:         315392 kB
CmaFree:               0 kB
MemTotal:        5980404 kB
MemFree:         1252988 kB
MemAvailable:    2833008 kB
Buffers:            5024 kB
Cached:          1603116 kB
SwapCached:            0 kB
Active:          1282084 kB
Inactive:        1429852 kB
Active(anon):    1110352 kB
Inactive(anon):    18460 kB
Active(file):     171732 kB
Inactive(file):  1411392 kB
Unevictable:        5632 kB
Mlocked:            5632 kB
SwapTotal:       3670008 kB
SwapFree:        3670008 kB
Dirty:               368 kB
Writeback:             0 kB
AnonPages:       1109512 kB
Mapped:           814428 kB
Shmem:             20424 kB
KReclaimable:     559328 kB
Slab:             224032 kB
SReclaimable:      67924 kB
SUnreclaim:       156108 kB
KernelStack:       45728 kB
PageTables:        60176 kB
NFS_Unstable:          0 kB
Bounce:                0 kB
WritebackTmp:          0 kB
CommitLimit:     6660208 kB
Committed_AS:   71215648 kB
VmallocTotal:   263061440 kB
VmallocUsed:       86128 kB
VmallocChunk:          0 kB
Percpu:             7648 kB
CmaTotal:         315392 kB
CmaFree:               0 kB
MemTotal:        5980404 kB
MemFree:         1262280 kB
MemAvailable:    2842316 kB
Buffers:            5028 kB
Cached:          1603128 kB
SwapCached:            0 kB
Active:          1272300 kB
Inactive:        1429864 kB
Active(anon):    1100564 kB
Inactive(anon):    18460 kB
Active(file):     171736 kB
Inactive(file):  1411404 kB
Unevictable:        5632 kB
Mlocked:            5632 kB
SwapTotal:       3670008 kB
SwapFree:        3670008 kB
Dirty:               336 kB
Writeback:             0 kB
AnonPages:       1099792 kB
Mapped:           814468 kB
Shmem:             20424 kB
KReclaimable:     559328 kB
Slab:             223976 kB
SReclaimable:      67924 kB
SUnreclaim:       156052 kB
KernelStack:       45728 kB
PageTables:        60128 kB
NFS_Unstable:          0 kB
Bounce:                0 kB
WritebackTmp:          0 kB
CommitLimit:     6660208 kB
Committed_AS:   71215172 kB
VmallocTotal:   263061440 kB
VmallocUsed:       86128 kB
VmallocChunk:          0 kB
Percpu:             7648 kB
CmaTotal:         315392 kB
CmaFree:               0 kB
MemTotal:        5980404 kB
MemFree:         1261952 kB
MemAvailable:    2841988 kB
Buffers:            5028 kB
Cached:          1603128 kB
SwapCached:            0 kB
Active:          1273412 kB
Inactive:        1429864 kB
Active(anon):    1101676 kB
Inactive(anon):    18460 kB
Active(file):     171736 kB
Inactive(file):  1411404 kB
Unevictable:        5632 kB
Mlocked:            5632 kB
SwapTotal:       3670008 kB
SwapFree:        3670008 kB
Dirty:               356 kB
Writeback:             0 kB
AnonPages:       1100836 kB
Mapped:           814632 kB
Shmem:             20424 kB
KReclaimable:     559328 kB
Slab:             223948 kB
SReclaimable:      67924 kB
SUnreclaim:       156024 kB
KernelStack:       45696 kB
PageTables:        60204 kB
NFS_Unstable:          0 kB
Bounce:                0 kB
WritebackTmp:          0 kB
CommitLimit:     6660208 kB
Committed_AS:   71213588 kB
VmallocTotal:   263061440 kB
VmallocUsed:       86080 kB
VmallocChunk:          0 kB
Percpu:             7648 kB
CmaTotal:         315392 kB
CmaFree:               0 kB
MemTotal:        5980404 kB
MemFree:         1261624 kB
MemAvailable:    2841660 kB
Buffers:            5028 kB
Cached:          1603128 kB
SwapCached:            0 kB
Active:          1274436 kB
Inactive:        1429864 kB
Active(anon):    1102700 kB
Inactive(anon):    18460 kB
Active(file):     171736 kB
Inactive(file):  1411404 kB
Unevictable:        5632 kB
Mlocked:            5632 kB
SwapTotal:       3670008 kB
SwapFree:        3670008 kB
Dirty:               360 kB
Writeback:             0 kB
AnonPages:       1101696 kB
Mapped:           814240 kB
Shmem:             20424 kB
KReclaimable:     559328 kB
Slab:             223908 kB
SReclaimable:      67924 kB
SUnreclaim:       155984 kB
KernelStack:       45712 kB
PageTables:        60128 kB
NFS_Unstable:          0 kB
Bounce:                0 kB
WritebackTmp:          0 kB
CommitLimit:     6660208 kB
Committed_AS:   71211676 kB
VmallocTotal:   263061440 kB
VmallocUsed:       86064 kB
VmallocChunk:          0 kB
Percpu:             7648 kB
CmaTotal:         315392 kB
CmaFree:               0 kB
MemTotal:        5980404 kB
MemFree:         1260196 kB
MemAvailable:    2840232 kB
Buffers:            5028 kB
Cached:          1603128 kB
SwapCached:            0 kB
Active:          1275484 kB
Inactive:        1429864 kB
Active(anon):    1103748 kB
Inactive(anon):    18460 kB
Active(file):     171736 kB
Inactive(file):  1411404 kB
Unevictable:        5632 kB
Mlocked:            5632 kB
SwapTotal:       3670008 kB
SwapFree:        3670008 kB
Dirty:               364 kB
Writeback:             0 kB
AnonPages:       1102928 kB
Mapped:           814516 kB
Shmem:             20424 kB
KReclaimable:     559328 kB
Slab:             223996 kB
SReclaimable:      67924 kB
SUnreclaim:       156072 kB
KernelStack:       45760 kB
PageTables:        60340 kB
NFS_Unstable:          0 kB
Bounce:                0 kB
WritebackTmp:          0 kB
CommitLimit:     6660208 kB
Committed_AS:   71211280 kB
VmallocTotal:   263061440 kB
VmallocUsed:       86080 kB
VmallocChunk:          0 kB
Percpu:             7648 kB
CmaTotal:         315392 kB
CmaFree:               0 kB
MemTotal:        5980404 kB
MemFree:         1260000 kB
MemAvailable:    2840036 kB
Buffers:            5028 kB
Cached:          1603128 kB
SwapCached:            0 kB
Active:          1275704 kB
Inactive:        1429864 kB
Active(anon):    1103968 kB
Inactive(anon):    18460 kB
Active(file):     171736 kB
Inactive(file):  1411404 kB
Unevictable:        5632 kB
Mlocked:            5632 kB
SwapTotal:       3670008 kB
SwapFree:        3670008 kB
Dirty:               384 kB
Writeback:             0 kB
AnonPages:       1103176 kB
Mapped:           814456 kB
Shmem:             20424 kB
KReclaimable:     559328 kB
Slab:             223960 kB
SReclaimable:      67924 kB
SUnreclaim:       156036 kB
KernelStack:       45728 kB
PageTables:        60208 kB
NFS_Unstable:          0 kB
Bounce:                0 kB
WritebackTmp:          0 kB
CommitLimit:     6660208 kB
Committed_AS:   71213376 kB
VmallocTotal:   263061440 kB
VmallocUsed:       86080 kB
VmallocChunk:          0 kB
Percpu:             7648 kB
CmaTotal:         315392 kB
CmaFree:               0 kB
MemTotal:        5980404 kB
MemFree:         1258360 kB
MemAvailable:    2838396 kB
Buffers:            5028 kB
Cached:          1603128 kB
SwapCached:            0 kB
Active:          1276840 kB
Inactive:        1429864 kB
Active(anon):    1105104 kB
Inactive(anon):    18460 kB
Active(file):     171736 kB
Inactive(file):  1411404 kB
Unevictable:        5632 kB
Mlocked:            5632 kB
SwapTotal:       3670008 kB
SwapFree:        3670008 kB
Dirty:               396 kB
Writeback:             0 kB
AnonPages:       1104128 kB
Mapped:           814532 kB
Shmem:             20424 kB
KReclaimable:     559328 kB
Slab:             224020 kB
SReclaimable:      67924 kB
SUnreclaim:       156096 kB
KernelStack:       45712 kB
PageTables:        60044 kB
NFS_Unstable:          0 kB
Bounce:                0 kB
WritebackTmp:          0 kB
CommitLimit:     6660208 kB
Committed_AS:   71214276 kB
VmallocTotal:   263061440 kB
VmallocUsed:       86144 kB
VmallocChunk:          0 kB
Percpu:             7648 kB
CmaTotal:         315392 kB
CmaFree:               0 kB
MemTotal:        5980404 kB
MemFree:         1258008 kB
MemAvailable:    2838044 kB
Buffers:            5028 kB
Cached:          1603128 kB
SwapCached:            0 kB
Active:          1277192 kB
Inactive:        1429864 kB
Active(anon):    1105456 kB
Inactive(anon):    18460 kB
Active(file):     171736 kB
Inactive(file):  1411404 kB
Unevictable:        5632 kB
Mlocked:            5632 kB
SwapTotal:       3670008 kB
SwapFree:        3670008 kB
Dirty:               400 kB
Writeback:             0 kB
AnonPages:       1104676 kB
Mapped:           814288 kB
Shmem:             20424 kB
KReclaimable:     559328 kB
Slab:             223960 kB
SReclaimable:      67924 kB
SUnreclaim:       156036 kB
KernelStack:       45712 kB
PageTables:        60336 kB
NFS_Unstable:          0 kB
Bounce:                0 kB
WritebackTmp:          0 kB
CommitLimit:     6660208 kB
Committed_AS:   71212632 kB
VmallocTotal:   263061440 kB
VmallocUsed:       86096 kB
VmallocChunk:          0 kB
Percpu:             7648 kB
CmaTotal:         315392 kB
CmaFree:               0 kB
MemTotal:        5980404 kB
MemFree:         1257244 kB
MemAvailable:    2837280 kB
Buffers:            5028 kB
Cached:          1603128 kB
SwapCached:            0 kB
Active:          1278484 kB
Inactive:        1429864 kB
Active(anon):    1106748 kB
Inactive(anon):    18460 kB
Active(file):     171736 kB
Inactive(file):  1411404 kB
Unevictable:        5632 kB
Mlocked:            5632 kB
SwapTotal:       3670008 kB
SwapFree:        3670008 kB
Dirty:               400 kB
Writeback:             0 kB
AnonPages:       1105840 kB
Mapped:           814592 kB
Shmem:             20424 kB
KReclaimable:     559328 kB
Slab:             223928 kB
SReclaimable:      67924 kB
SUnreclaim:       156004 kB
KernelStack:       45680 kB
PageTables:        59892 kB
NFS_Unstable:          0 kB
Bounce:                0 kB
WritebackTmp:          0 kB
CommitLimit:     6660208 kB
Committed_AS:   71209708 kB
VmallocTotal:   263061440 kB
VmallocUsed:       86096 kB
VmallocChunk:          0 kB
Percpu:             7648 kB
CmaTotal:         315392 kB
CmaFree:               0 kB
MemTotal:        5980404 kB
MemFree:         1257120 kB
MemAvailable:    2837156 kB
Buffers:            5028 kB
Cached:          1603128 kB
SwapCached:            0 kB
Active:          1279552 kB
Inactive:        1429864 kB
Active(anon):    1107816 kB
Inactive(anon):    18460 kB
Active(file):     171736 kB
Inactive(file):  1411404 kB
Unevictable:        5632 kB
Mlocked:            5632 kB
SwapTotal:       3670008 kB
SwapFree:        3670008 kB
Dirty:               428 kB
Writeback:             0 kB
AnonPages:       1106756 kB
Mapped:           814416 kB
Shmem:             20424 kB
KReclaimable:     559328 kB
Slab:             223948 kB
SReclaimable:      67924 kB
SUnreclaim:       156024 kB
KernelStack:       45664 kB
PageTables:        59964 kB
NFS_Unstable:          0 kB
Bounce:                0 kB
WritebackTmp:          0 kB
CommitLimit:     6660208 kB
Committed_AS:   71210296 kB
VmallocTotal:   263061440 kB
VmallocUsed:       86048 kB
VmallocChunk:          0 kB
Percpu:             7648 kB
CmaTotal:         315392 kB
CmaFree:               0 kB
MemTotal:        5980404 kB
MemFree:         1255792 kB
MemAvailable:    2835836 kB
Buffers:            5028 kB
Cached:          1603136 kB
SwapCached:            0 kB
Active:          1280048 kB
Inactive:        1429872 kB
Active(anon):    1108312 kB
Inactive(anon):    18460 kB
Active(file):     171736 kB
Inactive(file):  1411412 kB
Unevictable:        5632 kB
Mlocked:            5632 kB
SwapTotal:       3670008 kB
SwapFree:        3670008 kB
Dirty:               492 kB
Writeback:             0 kB
AnonPages:       1107472 kB
Mapped:           814516 kB
Shmem:             20424 kB
KReclaimable:     559328 kB
Slab:             223892 kB
SReclaimable:      67924 kB
SUnreclaim:       155968 kB
KernelStack:       45632 kB
PageTables:        59984 kB
NFS_Unstable:          0 kB
Bounce:                0 kB
WritebackTmp:          0 kB
CommitLimit:     6660208 kB
Committed_AS:   71207564 kB
VmallocTotal:   263061440 kB
VmallocUsed:       86016 kB
VmallocChunk:          0 kB
Percpu:             7648 kB
CmaTotal:         315392 kB
CmaFree:               0 kB
MemTotal:        5980404 kB
MemFree:         1254940 kB
MemAvailable:    2834984 kB
Buffers:            5028 kB
Cached:          1603140 kB
SwapCached:            0 kB
Active:          1280240 kB
Inactive:        1429876 kB
Active(anon):    1108504 kB
Inactive(anon):    18464 kB
Active(file):     171736 kB
Inactive(file):  1411412 kB
Unevictable:        5632 kB
Mlocked:            5632 kB
SwapTotal:       3670008 kB
SwapFree:        3670008 kB
Dirty:               492 kB
Writeback:             0 kB
AnonPages:       1107704 kB
Mapped:           814520 kB
Shmem:             20428 kB
KReclaimable:     559328 kB
Slab:             223900 kB
SReclaimable:      67924 kB
SUnreclaim:       155976 kB
KernelStack:       45664 kB
PageTables:        60336 kB
NFS_Unstable:          0 kB
Bounce:                0 kB
WritebackTmp:          0 kB
CommitLimit:     6660208 kB
Committed_AS:   71209620 kB
VmallocTotal:   263061440 kB
VmallocUsed:       86032 kB
VmallocChunk:          0 kB
Percpu:             7648 kB
CmaTotal:         315392 kB
CmaFree:               0 kB
MemTotal:        5980404 kB
MemFree:         1254756 kB
MemAvailable:    2834800 kB
Buffers:            5028 kB
Cached:          1603140 kB
SwapCached:            0 kB
Active:          1281004 kB
Inactive:        1429876 kB
Active(anon):    1109268 kB
Inactive(anon):    18464 kB
Active(file):     171736 kB
Inactive(file):  1411412 kB
Unevictable:        5632 kB
Mlocked:            5632 kB
SwapTotal:       3670008 kB
SwapFree:        3670008 kB
Dirty:               492 kB
Writeback:             0 kB
AnonPages:       1108568 kB
Mapped:           814368 kB
Shmem:             20428 kB
KReclaimable:     559328 kB
Slab:             223924 kB
SReclaimable:      67924 kB
SUnreclaim:       156000 kB
KernelStack:       45728 kB
PageTables:        60160 kB
NFS_Unstable:          0 kB
Bounce:                0 kB
WritebackTmp:          0 kB
CommitLimit:     6660208 kB
Committed_AS:   71211696 kB
VmallocTotal:   263061440 kB
VmallocUsed:       86032 kB
VmallocChunk:          0 kB
Percpu:             7648 kB
CmaTotal:         315392 kB
CmaFree:               0 kB
MemTotal:        5980404 kB
MemFree:         1253120 kB
MemAvailable:    2833280 kB
Buffers:            5028 kB
Cached:          1603256 kB
SwapCached:            0 kB
Active:          1282256 kB
Inactive:        1429992 kB
Active(anon):    1110520 kB
Inactive(anon):    18476 kB
Active(file):     171736 kB
Inactive(file):  1411516 kB
Unevictable:        5632 kB
Mlocked:            5632 kB
SwapTotal:       3670008 kB
SwapFree:        3670008 kB
Dirty:               596 kB
Writeback:             0 kB
AnonPages:       1109752 kB
Mapped:           814488 kB
Shmem:             20440 kB
KReclaimable:     559340 kB
Slab:             223936 kB
SReclaimable:      67936 kB
SUnreclaim:       156000 kB
KernelStack:       45728 kB
PageTables:        60212 kB
NFS_Unstable:          0 kB
Bounce:                0 kB
WritebackTmp:          0 kB
CommitLimit:     6660208 kB
Committed_AS:   71211604 kB
VmallocTotal:   263061440 kB
VmallocUsed:       86048 kB
VmallocChunk:          0 kB
Percpu:             7648 kB
CmaTotal:         315392 kB
CmaFree:               0 kB
MemTotal:        5980404 kB
MemFree:         1252664 kB
MemAvailable:    2832828 kB
Buffers:            5028 kB
Cached:          1603260 kB
SwapCached:            0 kB
Active:          1282956 kB
Inactive:        1429996 kB
Active(anon):    1111220 kB
Inactive(anon):    18476 kB
Active(file):     171736 kB
Inactive(file):  1411520 kB
Unevictable:        5632 kB
Mlocked:            5632 kB
SwapTotal:       3670008 kB
SwapFree:        3670008 kB
Dirty:               600 kB
Writeback:             0 kB
AnonPages:       1110292 kB
Mapped:           814344 kB
Shmem:             20440 kB
KReclaimable:     559340 kB
Slab:             223944 kB
SReclaimable:      67936 kB
SUnreclaim:       156008 kB
KernelStack:       45744 kB
PageTables:        60208 kB
NFS_Unstable:          0 kB
Bounce:                0 kB
WritebackTmp:          0 kB
CommitLimit:     6660208 kB
Committed_AS:   71209636 kB
VmallocTotal:   263061440 kB
VmallocUsed:       86048 kB
VmallocChunk:          0 kB
Percpu:             7648 kB
CmaTotal:         315392 kB
CmaFree:               0 kB
MemTotal:        5980404 kB
MemFree:         1250804 kB
MemAvailable:    2831104 kB
Buffers:            5036 kB
Cached:          1603384 kB
SwapCached:            0 kB
Active:          1283804 kB
Inactive:        1430120 kB
Active(anon):    1112060 kB
Inactive(anon):    18476 kB
Active(file):     171744 kB
Inactive(file):  1411644 kB
Unevictable:        5632 kB
Mlocked:            5632 kB
SwapTotal:       3670008 kB
SwapFree:        3670008 kB
Dirty:               320 kB
Writeback:             0 kB
AnonPages:       1111008 kB
Mapped:           814556 kB
Shmem:             20440 kB
KReclaimable:     559344 kB
Slab:             224024 kB
SReclaimable:      67940 kB
SUnreclaim:       156084 kB
KernelStack:       45696 kB
PageTables:        60000 kB
NFS_Unstable:          0 kB
Bounce:                0 kB
WritebackTmp:          0 kB
CommitLimit:     6660208 kB
Committed_AS:   71211000 kB
VmallocTotal:   263061440 kB
VmallocUsed:       86048 kB
VmallocChunk:          0 kB
Percpu:             7648 kB
CmaTotal:         315392 kB
CmaFree:               0 kB
MemTotal:        5980404 kB
MemFree:         1251032 kB
MemAvailable:    2831332 kB
Buffers:            5036 kB
Cached:          1603384 kB
SwapCached:            0 kB
Active:          1284268 kB
Inactive:        1430120 kB
Active(anon):    1112524 kB
Inactive(anon):    18476 kB
Active(file):     171744 kB
Inactive(file):  1411644 kB
Unevictable:        5632 kB
Mlocked:            5632 kB
SwapTotal:       3670008 kB
SwapFree:        3670008 kB
Dirty:               320 kB
Writeback:             0 kB
AnonPages:       1111640 kB
Mapped:           814572 kB
Shmem:             20440 kB
KReclaimable:     559344 kB
Slab:             223944 kB
SReclaimable:      67940 kB
SUnreclaim:       156004 kB
KernelStack:       45756 kB
PageTables:        60344 kB
NFS_Unstable:          0 kB
Bounce:                0 kB
WritebackTmp:          0 kB
CommitLimit:     6660208 kB
Committed_AS:   71211304 kB
VmallocTotal:   263061440 kB
VmallocUsed:       86128 kB
VmallocChunk:          0 kB
Percpu:             7648 kB
CmaTotal:         315392 kB
CmaFree:               0 kB
MemTotal:        5980404 kB
MemFree:         1249612 kB
MemAvailable:    2829912 kB
Buffers:            5036 kB
Cached:          1603384 kB
SwapCached:            0 kB
Active:          1284440 kB
Inactive:        1430120 kB
Active(anon):    1112696 kB
Inactive(anon):    18476 kB
Active(file):     171744 kB
Inactive(file):  1411644 kB
Unevictable:        5632 kB
Mlocked:            5632 kB
SwapTotal:       3670008 kB
SwapFree:        3670008 kB
Dirty:               320 kB
Writeback:             0 kB
AnonPages:       1111976 kB
Mapped:           814532 kB
Shmem:             20440 kB
KReclaimable:     559344 kB
Slab:             223948 kB
SReclaimable:      67940 kB
SUnreclaim:       156008 kB
KernelStack:       45712 kB
PageTables:        60260 kB
NFS_Unstable:          0 kB
Bounce:                0 kB
WritebackTmp:          0 kB
CommitLimit:     6660208 kB
Committed_AS:   71212240 kB
VmallocTotal:   263061440 kB
VmallocUsed:       86112 kB
VmallocChunk:          0 kB
Percpu:             7648 kB
CmaTotal:         315392 kB
CmaFree:               0 kB
MemTotal:        5980404 kB
MemFree:         1249676 kB
MemAvailable:    2829976 kB
Buffers:            5036 kB
Cached:          1603384 kB
SwapCached:            0 kB
Active:          1285032 kB
Inactive:        1430120 kB
Active(anon):    1113288 kB
Inactive(anon):    18476 kB
Active(file):     171744 kB
Inactive(file):  1411644 kB
Unevictable:        5632 kB
Mlocked:            5632 kB
SwapTotal:       3670008 kB
SwapFree:        3670008 kB
Dirty:               320 kB
Writeback:             0 kB
AnonPages:       1112572 kB
Mapped:           814532 kB
Shmem:             20440 kB
KReclaimable:     559344 kB
Slab:             224068 kB
SReclaimable:      67940 kB
SUnreclaim:       156128 kB
KernelStack:       45696 kB
PageTables:        60124 kB
NFS_Unstable:          0 kB
Bounce:                0 kB
WritebackTmp:          0 kB
CommitLimit:     6660208 kB
Committed_AS:   71212300 kB
VmallocTotal:   263061440 kB
VmallocUsed:       86096 kB
VmallocChunk:          0 kB
Percpu:             7648 kB
CmaTotal:         315392 kB
CmaFree:               0 kB
MemTotal:        5980404 kB
MemFree:         1249276 kB
MemAvailable:    2829576 kB
Buffers:            5036 kB
Cached:          1603384 kB
SwapCached:            0 kB
Active:          1285976 kB
Inactive:        1430120 kB
Active(anon):    1114232 kB
Inactive(anon):    18476 kB
Active(file):     171744 kB
Inactive(file):  1411644 kB
Unevictable:        5632 kB
Mlocked:            5632 kB
SwapTotal:       3670008 kB
SwapFree:        3670008 kB
Dirty:               320 kB
Writeback:             0 kB
AnonPages:       1113352 kB
Mapped:           814532 kB
Shmem:             20440 kB
KReclaimable:     559344 kB
Slab:             223952 kB
SReclaimable:      67940 kB
SUnreclaim:       156012 kB
KernelStack:       45728 kB
PageTables:        60184 kB
NFS_Unstable:          0 kB
Bounce:                0 kB
WritebackTmp:          0 kB
CommitLimit:     6660208 kB
Committed_AS:   71214416 kB
VmallocTotal:   263061440 kB
VmallocUsed:       86096 kB
VmallocChunk:          0 kB
Percpu:             7648 kB
CmaTotal:         315392 kB
CmaFree:               0 kB
MemTotal:        5980404 kB
MemFree:         1259024 kB
MemAvailable:    2839324 kB
Buffers:            5036 kB
Cached:          1603384 kB
SwapCached:            0 kB
Active:          1276348 kB
Inactive:        1430120 kB
Active(anon):    1104604 kB
Inactive(anon):    18476 kB
Active(file):     171744 kB
Inactive(file):  1411644 kB
Unevictable:        5632 kB
Mlocked:            5632 kB
SwapTotal:       3670008 kB
SwapFree:        3670008 kB
Dirty:               320 kB
Writeback:             0 kB
AnonPages:       1103752 kB
Mapped:           814516 kB
Shmem:             20440 kB
KReclaimable:     559344 kB
Slab:             223952 kB
SReclaimable:      67940 kB
SUnreclaim:       156012 kB
KernelStack:       45776 kB
PageTables:        60412 kB
NFS_Unstable:          0 kB
Bounce:                0 kB
WritebackTmp:          0 kB
CommitLimit:     6660208 kB
Committed_AS:   71214424 kB
VmallocTotal:   263061440 kB
VmallocUsed:       86224 kB
VmallocChunk:          0 kB
Percpu:             7648 kB
CmaTotal:         315392 kB
CmaFree:              92 kB
MemTotal:        5980404 kB
MemFree:         1257452 kB
MemAvailable:    2837752 kB
Buffers:            5036 kB
Cached:          1603384 kB
SwapCached:            0 kB
Active:          1277312 kB
Inactive:        1430120 kB
Active(anon):    1105568 kB
Inactive(anon):    18476 kB
Active(file):     171744 kB
Inactive(file):  1411644 kB
Unevictable:        5632 kB
Mlocked:            5632 kB
SwapTotal:       3670008 kB
SwapFree:        3670008 kB
Dirty:               320 kB
Writeback:             0 kB
AnonPages:       1104660 kB
Mapped:           814532 kB
Shmem:             20440 kB
KReclaimable:     559344 kB
Slab:             223976 kB
SReclaimable:      67940 kB
SUnreclaim:       156036 kB
KernelStack:       45776 kB
PageTables:        60056 kB
NFS_Unstable:          0 kB
Bounce:                0 kB
WritebackTmp:          0 kB
CommitLimit:     6660208 kB
Committed_AS:   71211760 kB
VmallocTotal:   263061440 kB
VmallocUsed:       86240 kB
VmallocChunk:          0 kB
Percpu:             7648 kB
CmaTotal:         315392 kB
CmaFree:               0 kB
MemTotal:        5980404 kB
MemFree:         1256384 kB
MemAvailable:    2836684 kB
Buffers:            5036 kB
Cached:          1603384 kB
SwapCached:            0 kB
Active:          1278348 kB
Inactive:        1430120 kB
Active(anon):    1106604 kB
Inactive(anon):    18476 kB
Active(file):     171744 kB
Inactive(file):  1411644 kB
Unevictable:        5632 kB
Mlocked:            5632 kB
SwapTotal:       3670008 kB
SwapFree:        3670008 kB
Dirty:               320 kB
Writeback:             0 kB
AnonPages:       1105328 kB
Mapped:           814572 kB
Shmem:             20440 kB
KReclaimable:     559344 kB
Slab:             223992 kB
SReclaimable:      67940 kB
SUnreclaim:       156052 kB
KernelStack:       45824 kB
PageTables:        60080 kB
NFS_Unstable:          0 kB
Bounce:                0 kB
WritebackTmp:          0 kB
CommitLimit:     6660208 kB
Committed_AS:   71210912 kB
VmallocTotal:   263061440 kB
VmallocUsed:       86160 kB
VmallocChunk:          0 kB
Percpu:             7648 kB
CmaTotal:         315392 kB
CmaFree:               0 kB
MemTotal:        5980404 kB
MemFree:         1256980 kB
MemAvailable:    2837280 kB
Buffers:            5036 kB
Cached:          1603392 kB
SwapCached:            0 kB
Active:          1279080 kB
Inactive:        1430128 kB
Active(anon):    1107336 kB
Inactive(anon):    18484 kB
Active(file):     171744 kB
Inactive(file):  1411644 kB
Unevictable:        5632 kB
Mlocked:            5632 kB
SwapTotal:       3670008 kB
SwapFree:        3670008 kB
Dirty:               320 kB
Writeback:             0 kB
AnonPages:       1106368 kB
Mapped:           814388 kB
Shmem:             20448 kB
KReclaimable:     559344 kB
Slab:             224020 kB
SReclaimable:      67940 kB
SUnreclaim:       156080 kB
KernelStack:       45824 kB
PageTables:        60092 kB
NFS_Unstable:          0 kB
Bounce:                0 kB
WritebackTmp:          0 kB
CommitLimit:     6660208 kB
Committed_AS:   71216144 kB
VmallocTotal:   263061440 kB
VmallocUsed:       86176 kB
VmallocChunk:          0 kB
Percpu:             7648 kB
CmaTotal:         315392 kB
CmaFree:               0 kB
MemTotal:        5980404 kB
MemFree:         1255616 kB
MemAvailable:    2835916 kB
Buffers:            5036 kB
Cached:          1603396 kB
SwapCached:            0 kB
Active:          1279448 kB
Inactive:        1430132 kB
Active(anon):    1107704 kB
Inactive(anon):    18488 kB
Active(file):     171744 kB
Inactive(file):  1411644 kB
Unevictable:        5632 kB
Mlocked:            5632 kB
SwapTotal:       3670008 kB
SwapFree:        3670008 kB
Dirty:               320 kB
Writeback:             0 kB
AnonPages:       1106928 kB
Mapped:           814476 kB
Shmem:             20452 kB
KReclaimable:     559344 kB
Slab:             224028 kB
SReclaimable:      67940 kB
SUnreclaim:       156088 kB
KernelStack:       45792 kB
PageTables:        59988 kB
NFS_Unstable:          0 kB
Bounce:                0 kB
WritebackTmp:          0 kB
CommitLimit:     6660208 kB
Committed_AS:   71214448 kB
VmallocTotal:   263061440 kB
VmallocUsed:       86176 kB
VmallocChunk:          0 kB
Percpu:             7648 kB
CmaTotal:         315392 kB
CmaFree:               0 kB
MemTotal:        5980404 kB
MemFree:         1242140 kB
MemAvailable:    2828740 kB
Buffers:            5064 kB
Cached:          1609540 kB
SwapCached:            0 kB
Active:          1283284 kB
Inactive:        1434552 kB
Active(anon):    1109792 kB
Inactive(anon):    18512 kB
Active(file):     173492 kB
Inactive(file):  1416040 kB
Unevictable:        5632 kB
Mlocked:            5632 kB
SwapTotal:       3670008 kB
SwapFree:        3670008 kB
Dirty:               328 kB
Writeback:             0 kB
AnonPages:       1108760 kB
Mapped:           814272 kB
Shmem:             20476 kB
KReclaimable:     559500 kB
Slab:             224192 kB
SReclaimable:      68096 kB
SUnreclaim:       156096 kB
KernelStack:       45936 kB
PageTables:        60156 kB
NFS_Unstable:          0 kB
Bounce:                0 kB
WritebackTmp:          0 kB
CommitLimit:     6660208 kB
Committed_AS:   71219692 kB
VmallocTotal:   263061440 kB
VmallocUsed:       86272 kB
VmallocChunk:          0 kB
Percpu:             7648 kB
CmaTotal:         315392 kB
CmaFree:               0 kB
MemTotal:        5980404 kB
MemFree:         1222084 kB
MemAvailable:    2821764 kB
Buffers:            5080 kB
Cached:          1622620 kB
SwapCached:            0 kB
Active:          1294348 kB
Inactive:        1442720 kB
Active(anon):    1115928 kB
Inactive(anon):    18616 kB
Active(file):     178420 kB
Inactive(file):  1424104 kB
Unevictable:        5632 kB
Mlocked:            5632 kB
SwapTotal:       3670008 kB
SwapFree:        3670008 kB
Dirty:               668 kB
Writeback:             0 kB
AnonPages:       1114748 kB
Mapped:           827836 kB
Shmem:             20580 kB
KReclaimable:     559588 kB
Slab:             224192 kB
SReclaimable:      68184 kB
SUnreclaim:       156008 kB
KernelStack:       46288 kB
PageTables:        60296 kB
NFS_Unstable:          0 kB
Bounce:                0 kB
WritebackTmp:          0 kB
CommitLimit:     6660208 kB
Committed_AS:   71220176 kB
VmallocTotal:   263061440 kB
VmallocUsed:       86640 kB
VmallocChunk:          0 kB
Percpu:             7648 kB
CmaTotal:         315392 kB
CmaFree:               0 kB
MemTotal:        5980404 kB
MemFree:         1206348 kB
MemAvailable:    2816552 kB
Buffers:            5132 kB
Cached:          1632928 kB
SwapCached:            0 kB
Active:          1303544 kB
Inactive:        1446836 kB
Active(anon):    1118876 kB
Inactive(anon):    18632 kB
Active(file):     184668 kB
Inactive(file):  1428204 kB
Unevictable:        5632 kB
Mlocked:            5632 kB
SwapTotal:       3670008 kB
SwapFree:        3670008 kB
Dirty:               844 kB
Writeback:             0 kB
AnonPages:       1118228 kB
Mapped:           827872 kB
Shmem:             20596 kB
KReclaimable:     559764 kB
Slab:             224428 kB
SReclaimable:      68360 kB
SUnreclaim:       156068 kB
KernelStack:       46384 kB
PageTables:        60408 kB
NFS_Unstable:          0 kB
Bounce:                0 kB
WritebackTmp:          0 kB
CommitLimit:     6660208 kB
Committed_AS:   71222856 kB
VmallocTotal:   263061440 kB
VmallocUsed:       86768 kB
VmallocChunk:          0 kB
Percpu:             7648 kB
CmaTotal:         315392 kB
CmaFree:               0 kB
MemTotal:        5980404 kB
MemFree:         1195572 kB
MemAvailable:    2819832 kB
Buffers:            5216 kB
Cached:          1646660 kB
SwapCached:            0 kB
Active:          1301828 kB
Inactive:        1455144 kB
Active(anon):    1111692 kB
Inactive(anon):    18632 kB
Active(file):     190136 kB
Inactive(file):  1436512 kB
Unevictable:        5632 kB
Mlocked:            5632 kB
SwapTotal:       3670008 kB
SwapFree:        3670008 kB
Dirty:               844 kB
Writeback:             0 kB
AnonPages:       1110748 kB
Mapped:           828068 kB
Shmem:             20596 kB
KReclaimable:     560044 kB
Slab:             224804 kB
SReclaimable:      68640 kB
SUnreclaim:       156164 kB
KernelStack:       46352 kB
PageTables:        60200 kB
NFS_Unstable:          0 kB
Bounce:                0 kB
WritebackTmp:          0 kB
CommitLimit:     6660208 kB
Committed_AS:   71220664 kB
VmallocTotal:   263061440 kB
VmallocUsed:       86768 kB
VmallocChunk:          0 kB
Percpu:             7648 kB
CmaTotal:         315392 kB
CmaFree:               0 kB
MemTotal:        5980404 kB
MemFree:         1183560 kB
MemAvailable:    2816420 kB
Buffers:            5264 kB
Cached:          1655416 kB
SwapCached:            0 kB
Active:          1312996 kB
Inactive:        1455340 kB
Active(anon):    1114568 kB
Inactive(anon):    18640 kB
Active(file):     198428 kB
Inactive(file):  1436700 kB
Unevictable:        5632 kB
Mlocked:            5632 kB
SwapTotal:       3670008 kB
SwapFree:        3670008 kB
Dirty:               840 kB
Writeback:             0 kB
AnonPages:       1113832 kB
Mapped:           827776 kB
Shmem:             20604 kB
KReclaimable:     560164 kB
Slab:             224804 kB
SReclaimable:      68760 kB
SUnreclaim:       156044 kB
KernelStack:       46384 kB
PageTables:        60192 kB
NFS_Unstable:          0 kB
Bounce:                0 kB
WritebackTmp:          0 kB
CommitLimit:     6660208 kB
Committed_AS:   71220192 kB
VmallocTotal:   263061440 kB
VmallocUsed:       86768 kB
VmallocChunk:          0 kB
Percpu:             7648 kB
CmaTotal:         315392 kB
CmaFree:               0 kB
MemTotal:        5980404 kB
MemFree:         1159668 kB
MemAvailable:    2814520 kB
Buffers:            5312 kB
Cached:          1676784 kB
SwapCached:            0 kB
Active:          1320708 kB
Inactive:        1470872 kB
Active(anon):    1116080 kB
Inactive(anon):    18640 kB
Active(file):     204628 kB
Inactive(file):  1452232 kB
Unevictable:        5632 kB
Mlocked:            5632 kB
SwapTotal:       3670008 kB
SwapFree:        3670008 kB
Dirty:               844 kB
Writeback:             0 kB
AnonPages:       1115104 kB
Mapped:           828048 kB
Shmem:             20604 kB
KReclaimable:     560424 kB
Slab:             225040 kB
SReclaimable:      69020 kB
SUnreclaim:       156020 kB
KernelStack:       46352 kB
PageTables:        60248 kB
NFS_Unstable:          0 kB
Bounce:                0 kB
WritebackTmp:          0 kB
CommitLimit:     6660208 kB
Committed_AS:   71219596 kB
VmallocTotal:   263061440 kB
VmallocUsed:       86784 kB
VmallocChunk:          0 kB
Percpu:             7648 kB
CmaTotal:         315392 kB
CmaFree:               0 kB
MemTotal:        5980404 kB
MemFree:         1148108 kB
MemAvailable:    2815496 kB
Buffers:            5388 kB
Cached:          1689008 kB
SwapCached:            0 kB
Active:          1324480 kB
Inactive:        1477724 kB
Active(anon):    1114368 kB
Inactive(anon):    18676 kB
Active(file):     210112 kB
Inactive(file):  1459048 kB
Unevictable:        5632 kB
Mlocked:            5632 kB
SwapTotal:       3670008 kB
SwapFree:        3670008 kB
Dirty:               844 kB
Writeback:             0 kB
AnonPages:       1113708 kB
Mapped:           827980 kB
Shmem:             20640 kB
KReclaimable:     560660 kB
Slab:             225420 kB
SReclaimable:      69256 kB
SUnreclaim:       156164 kB
KernelStack:       46384 kB
PageTables:        60328 kB
NFS_Unstable:          0 kB
Bounce:                0 kB
WritebackTmp:          0 kB
CommitLimit:     6660208 kB
Committed_AS:   71215852 kB
VmallocTotal:   263061440 kB
VmallocUsed:       86752 kB
VmallocChunk:          0 kB
Percpu:             7648 kB
CmaTotal:         315392 kB
CmaFree:               0 kB
MemTotal:        5980404 kB
MemFree:         1141604 kB
MemAvailable:    2811800 kB
Buffers:            5404 kB
Cached:          1691680 kB
SwapCached:            0 kB
Active:          1326992 kB
Inactive:        1479496 kB
Active(anon):    1115960 kB
Inactive(anon):    18676 kB
Active(file):     211032 kB
Inactive(file):  1460820 kB
Unevictable:        5632 kB
Mlocked:            5632 kB
SwapTotal:       3670008 kB
SwapFree:        3670008 kB
Dirty:               844 kB
Writeback:             0 kB
AnonPages:       1114712 kB
Mapped:           828044 kB
Shmem:             20640 kB
KReclaimable:     560776 kB
Slab:             225396 kB
SReclaimable:      69372 kB
SUnreclaim:       156024 kB
KernelStack:       46368 kB
PageTables:        60304 kB
NFS_Unstable:          0 kB
Bounce:                0 kB
WritebackTmp:          0 kB
CommitLimit:     6660208 kB
Committed_AS:   71220872 kB
VmallocTotal:   263061440 kB
VmallocUsed:       86752 kB
VmallocChunk:          0 kB
Percpu:             7648 kB
CmaTotal:         315392 kB
CmaFree:               0 kB
MemTotal:        5980404 kB
MemFree:         1141072 kB
MemAvailable:    2811308 kB
Buffers:            5404 kB
Cached:          1691696 kB
SwapCached:            0 kB
Active:          1327796 kB
Inactive:        1479512 kB
Active(anon):    1116764 kB
Inactive(anon):    18692 kB
Active(file):     211032 kB
Inactive(file):  1460820 kB
Unevictable:        5632 kB
Mlocked:            5632 kB
SwapTotal:       3670008 kB
SwapFree:        3670008 kB
Dirty:               848 kB
Writeback:             0 kB
AnonPages:       1115884 kB
Mapped:           827868 kB
Shmem:             20656 kB
KReclaimable:     560816 kB
Slab:             225564 kB
SReclaimable:      69412 kB
SUnreclaim:       156152 kB
KernelStack:       46368 kB
PageTables:        60212 kB
NFS_Unstable:          0 kB
Bounce:                0 kB
WritebackTmp:          0 kB
CommitLimit:     6660208 kB
Committed_AS:   71216784 kB
VmallocTotal:   263061440 kB
VmallocUsed:       86768 kB
VmallocChunk:          0 kB
Percpu:             7648 kB
CmaTotal:         315392 kB
CmaFree:               0 kB
MemTotal:        5980404 kB
MemFree:         1139112 kB
MemAvailable:    2809340 kB
Buffers:            5404 kB
Cached:          1691704 kB
SwapCached:            0 kB
Active:          1328740 kB
Inactive:        1479520 kB
Active(anon):    1117708 kB
Inactive(anon):    18700 kB
Active(file):     211032 kB
Inactive(file):  1460820 kB
Unevictable:        5632 kB
Mlocked:            5632 kB
SwapTotal:       3670008 kB
SwapFree:        3670008 kB
Dirty:               848 kB
Writeback:             0 kB
AnonPages:       1116808 kB
Mapped:           827884 kB
Shmem:             20664 kB
KReclaimable:     560808 kB
Slab:             225596 kB
SReclaimable:      69404 kB
SUnreclaim:       156192 kB
KernelStack:       46352 kB
PageTables:        60292 kB
NFS_Unstable:          0 kB
Bounce:                0 kB
WritebackTmp:          0 kB
CommitLimit:     6660208 kB
Committed_AS:   71216692 kB
VmallocTotal:   263061440 kB
VmallocUsed:       86768 kB
VmallocChunk:          0 kB
Percpu:             7648 kB
CmaTotal:         315392 kB
CmaFree:               0 kB
MemTotal:        5980404 kB
MemFree:         1137768 kB
MemAvailable:    2807996 kB
Buffers:            5404 kB
Cached:          1691704 kB
SwapCached:            0 kB
Active:          1329660 kB
Inactive:        1479520 kB
Active(anon):    1118628 kB
Inactive(anon):    18700 kB
Active(file):     211032 kB
Inactive(file):  1460820 kB
Unevictable:        5632 kB
Mlocked:            5632 kB
SwapTotal:       3670008 kB
SwapFree:        3670008 kB
Dirty:               848 kB
Writeback:             0 kB
AnonPages:       1117848 kB
Mapped:           827844 kB
Shmem:             20664 kB
KReclaimable:     560808 kB
Slab:             225520 kB
SReclaimable:      69404 kB
SUnreclaim:       156116 kB
KernelStack:       46384 kB
PageTables:        60556 kB
NFS_Unstable:          0 kB
Bounce:                0 kB
WritebackTmp:          0 kB
CommitLimit:     6660208 kB
Committed_AS:   71217424 kB
VmallocTotal:   263061440 kB
VmallocUsed:       86816 kB
VmallocChunk:          0 kB
Percpu:             7648 kB
CmaTotal:         315392 kB
CmaFree:               0 kB
MemTotal:        5980404 kB
MemFree:         1137044 kB
MemAvailable:    2807272 kB
Buffers:            5404 kB
Cached:          1691704 kB
SwapCached:            0 kB
Active:          1330232 kB
Inactive:        1479520 kB
Active(anon):    1119200 kB
Inactive(anon):    18700 kB
Active(file):     211032 kB
Inactive(file):  1460820 kB
Unevictable:        5632 kB
Mlocked:            5632 kB
SwapTotal:       3670008 kB
SwapFree:        3670008 kB
Dirty:               848 kB
Writeback:             0 kB
AnonPages:       1118368 kB
Mapped:           827720 kB
Shmem:             20664 kB
KReclaimable:     560808 kB
Slab:             225520 kB
SReclaimable:      69404 kB
SUnreclaim:       156116 kB
KernelStack:       46352 kB
PageTables:        60172 kB
NFS_Unstable:          0 kB
Bounce:                0 kB
WritebackTmp:          0 kB
CommitLimit:     6660208 kB
Committed_AS:   71216824 kB
VmallocTotal:   263061440 kB
VmallocUsed:       86816 kB
VmallocChunk:          0 kB
Percpu:             7648 kB
CmaTotal:         315392 kB
CmaFree:               0 kB
MemTotal:        5980404 kB
MemFree:         1146624 kB
MemAvailable:    2816852 kB
Buffers:            5404 kB
Cached:          1691704 kB
SwapCached:            0 kB
Active:          1320036 kB
Inactive:        1479520 kB
Active(anon):    1109004 kB
Inactive(anon):    18700 kB
Active(file):     211032 kB
Inactive(file):  1460820 kB
Unevictable:        5632 kB
Mlocked:            5632 kB
SwapTotal:       3670008 kB
SwapFree:        3670008 kB
Dirty:               848 kB
Writeback:             0 kB
AnonPages:       1108124 kB
Mapped:           814788 kB
Shmem:             20664 kB
KReclaimable:     560808 kB
Slab:             225620 kB
SReclaimable:      69404 kB
SUnreclaim:       156216 kB
KernelStack:       46352 kB
PageTables:        60452 kB
NFS_Unstable:          0 kB
Bounce:                0 kB
WritebackTmp:          0 kB
CommitLimit:     6660208 kB
Committed_AS:   71218800 kB
VmallocTotal:   263061440 kB
VmallocUsed:       86784 kB
