MemTotal:        5980404 kB
MemFree:          525476 kB
MemAvailable:    2512392 kB
Buffers:            5988 kB
Cached:          2214412 kB
SwapCached:            0 kB
Active:          1619400 kB
Inactive:        1766724 kB
Active(anon):     979684 kB
Inactive(anon):   216052 kB
Active(file):     639716 kB
Inactive(file):  1550672 kB
Unevictable:        5596 kB
Mlocked:            5596 kB
SwapTotal:       3670008 kB
SwapFree:        3668984 kB
Dirty:               228 kB
Writeback:             0 kB
AnonPages:       1171204 kB
Mapped:           720036 kB
Shmem:             25456 kB
KReclaimable:     367152 kB
Slab:             214740 kB
SReclaimable:      57748 kB
SUnreclaim:       156992 kB
KernelStack:       48172 kB
PageTables:        61468 kB
NFS_Unstable:          0 kB
Bounce:                0 kB
WritebackTmp:          0 kB
CommitLimit:     6660208 kB
Committed_AS:   68647132 kB
VmallocTotal:   263061440 kB
VmallocUsed:       88568 kB
VmallocChunk:          0 kB
Percpu:             7584 kB
CmaTotal:         315392 kB
CmaFree:               0 kB
MemTotal:        5980404 kB
MemFree:          520368 kB
MemAvailable:    2507424 kB
Buffers:            5988 kB
Cached:          2214392 kB
SwapCached:            0 kB
Active:          1624776 kB
Inactive:        1766720 kB
Active(anon):     985076 kB
Inactive(anon):   216052 kB
Active(file):     639700 kB
Inactive(file):  1550668 kB
Unevictable:        5596 kB
Mlocked:            5596 kB
SwapTotal:       3670008 kB
SwapFree:        3668984 kB
Dirty:               224 kB
Writeback:             0 kB
AnonPages:       1176404 kB
Mapped:           720448 kB
Shmem:             25456 kB
KReclaimable:     367312 kB
Slab:             215012 kB
SReclaimable:      57908 kB
SUnreclaim:       157104 kB
KernelStack:       48192 kB
PageTables:        61428 kB
NFS_Unstable:          0 kB
Bounce:                0 kB
WritebackTmp:          0 kB
CommitLimit:     6660208 kB
Committed_AS:   68659052 kB
VmallocTotal:   263061440 kB
VmallocUsed:       88600 kB
VmallocChunk:          0 kB
Percpu:             7584 kB
CmaTotal:         315392 kB
CmaFree:               0 kB
MemTotal:        5980404 kB
MemFree:          520440 kB
MemAvailable:    2507504 kB
Buffers:            5988 kB
Cached:          2214400 kB
SwapCached:            0 kB
Active:          1625180 kB
Inactive:        1766740 kB
Active(anon):     985492 kB
Inactive(anon):   216052 kB
Active(file):     639688 kB
Inactive(file):  1550688 kB
Unevictable:        5596 kB
Mlocked:            5596 kB
SwapTotal:       3670008 kB
SwapFree:        3668984 kB
Dirty:               256 kB
Writeback:             0 kB
AnonPages:       1177292 kB
Mapped:           720408 kB
Shmem:             25456 kB
KReclaimable:     367312 kB
Slab:             215004 kB
SReclaimable:      57908 kB
SUnreclaim:       157096 kB
KernelStack:       48208 kB
PageTables:        61608 kB
NFS_Unstable:          0 kB
Bounce:                0 kB
WritebackTmp:          0 kB
CommitLimit:     6660208 kB
Committed_AS:   68657804 kB
VmallocTotal:   263061440 kB
VmallocUsed:       88616 kB
VmallocChunk:          0 kB
Percpu:             7584 kB
CmaTotal:         315392 kB
CmaFree:               0 kB
MemTotal:        5980404 kB
MemFree:          520792 kB
MemAvailable:    2507872 kB
Buffers:            5988 kB
Cached:          2214400 kB
SwapCached:            0 kB
Active:          1624488 kB
Inactive:        1766740 kB
Active(anon):     984800 kB
Inactive(anon):   216052 kB
Active(file):     639688 kB
Inactive(file):  1550688 kB
Unevictable:        5596 kB
Mlocked:            5596 kB
SwapTotal:       3670008 kB
SwapFree:        3668984 kB
Dirty:               188 kB
Writeback:             0 kB
AnonPages:       1176648 kB
Mapped:           720408 kB
Shmem:             25456 kB
KReclaimable:     367328 kB
Slab:             215164 kB
SReclaimable:      57924 kB
SUnreclaim:       157240 kB
KernelStack:       48144 kB
PageTables:        61252 kB
NFS_Unstable:          0 kB
Bounce:                0 kB
WritebackTmp:          0 kB
CommitLimit:     6660208 kB
Committed_AS:   68658076 kB
VmallocTotal:   263061440 kB
VmallocUsed:       88584 kB
VmallocChunk:          0 kB
Percpu:             7584 kB
CmaTotal:         315392 kB
CmaFree:               0 kB
MemTotal:        5980404 kB
MemFree:          521240 kB
MemAvailable:    2508300 kB
Buffers:            5988 kB
Cached:          2214400 kB
SwapCached:            0 kB
Active:          1625344 kB
Inactive:        1766744 kB
Active(anon):     985660 kB
Inactive(anon):   216056 kB
Active(file):     639684 kB
Inactive(file):  1550688 kB
Unevictable:        5596 kB
Mlocked:            5596 kB
SwapTotal:       3670008 kB
SwapFree:        3668984 kB
Dirty:               208 kB
Writeback:             0 kB
AnonPages:       1177516 kB
Mapped:           720224 kB
Shmem:             25460 kB
KReclaimable:     367312 kB
Slab:             215044 kB
SReclaimable:      57908 kB
SUnreclaim:       157136 kB
KernelStack:       48208 kB
PageTables:        61504 kB
NFS_Unstable:          0 kB
Bounce:                0 kB
WritebackTmp:          0 kB
CommitLimit:     6660208 kB
Committed_AS:   68662176 kB
VmallocTotal:   263061440 kB
VmallocUsed:       88552 kB
VmallocChunk:          0 kB
Percpu:             7584 kB
CmaTotal:         315392 kB
CmaFree:               0 kB
MemTotal:        5980404 kB
MemFree:          520620 kB
MemAvailable:    2507696 kB
Buffers:            5988 kB
Cached:          2214432 kB
SwapCached:            0 kB
Active:          1626280 kB
Inactive:        1766776 kB
Active(anon):     986596 kB
Inactive(anon):   216088 kB
Active(file):     639684 kB
Inactive(file):  1550688 kB
Unevictable:        5596 kB
Mlocked:            5596 kB
SwapTotal:       3670008 kB
SwapFree:        3668984 kB
Dirty:               204 kB
Writeback:             0 kB
AnonPages:       1178004 kB
Mapped:           720372 kB
Shmem:             25492 kB
KReclaimable:     367328 kB
Slab:             215016 kB
SReclaimable:      57924 kB
SUnreclaim:       157092 kB
KernelStack:       48176 kB
PageTables:        61516 kB
NFS_Unstable:          0 kB
Bounce:                0 kB
WritebackTmp:          0 kB
CommitLimit:     6660208 kB
Committed_AS:   68658752 kB
VmallocTotal:   263061440 kB
VmallocUsed:       88552 kB
VmallocChunk:          0 kB
Percpu:             7584 kB
CmaTotal:         315392 kB
CmaFree:               0 kB
MemTotal:        5980404 kB
MemFree:          523144 kB
MemAvailable:    2510176 kB
Buffers:            5988 kB
Cached:          2214516 kB
SwapCached:            0 kB
Active:          1623728 kB
Inactive:        1766276 kB
Active(anon):     983460 kB
Inactive(anon):   216200 kB
Active(file):     640268 kB
Inactive(file):  1550076 kB
Unevictable:        5596 kB
Mlocked:            5596 kB
SwapTotal:       3670008 kB
SwapFree:        3668984 kB
Dirty:               184 kB
Writeback:             0 kB
AnonPages:       1175244 kB
Mapped:           718124 kB
Shmem:             25604 kB
KReclaimable:     367312 kB
Slab:             214780 kB
SReclaimable:      57908 kB
SUnreclaim:       156872 kB
KernelStack:       47944 kB
PageTables:        60984 kB
NFS_Unstable:          0 kB
Bounce:                0 kB
WritebackTmp:          0 kB
CommitLimit:     6660208 kB
Committed_AS:   67341060 kB
VmallocTotal:   263061440 kB
VmallocUsed:       88400 kB
VmallocChunk:          0 kB
Percpu:             7584 kB
CmaTotal:         315392 kB
CmaFree:             176 kB
MemTotal:        5980404 kB
MemFree:          528076 kB
MemAvailable:    2515148 kB
Buffers:            5992 kB
Cached:          2214232 kB
SwapCached:            0 kB
Active:          1618692 kB
Inactive:        1765736 kB
Active(anon):     978164 kB
Inactive(anon):   215880 kB
Active(file):     640528 kB
Inactive(file):  1549856 kB
Unevictable:        5596 kB
Mlocked:            5596 kB
SwapTotal:       3670008 kB
SwapFree:        3668984 kB
Dirty:               200 kB
Writeback:             0 kB
AnonPages:       1169912 kB
Mapped:           717956 kB
Shmem:             25284 kB
KReclaimable:     367312 kB
Slab:             214704 kB
SReclaimable:      57908 kB
SUnreclaim:       156796 kB
KernelStack:       47920 kB
PageTables:        60760 kB
NFS_Unstable:          0 kB
Bounce:                0 kB
WritebackTmp:          0 kB
CommitLimit:     6660208 kB
Committed_AS:   67337880 kB
VmallocTotal:   263061440 kB
VmallocUsed:       88368 kB
VmallocChunk:          0 kB
Percpu:             7584 kB
CmaTotal:         315392 kB
CmaFree:             300 kB
MemTotal:        5980404 kB
MemFree:          528640 kB
MemAvailable:    2515716 kB
Buffers:            5992 kB
Cached:          2214236 kB
SwapCached:            0 kB
Active:          1619196 kB
Inactive:        1765740 kB
Active(anon):     978668 kB
Inactive(anon):   215880 kB
Active(file):     640528 kB
Inactive(file):  1549860 kB
Unevictable:        5596 kB
Mlocked:            5596 kB
SwapTotal:       3670008 kB
SwapFree:        3668984 kB
Dirty:               204 kB
Writeback:             0 kB
AnonPages:       1170424 kB
Mapped:           717872 kB
Shmem:             25284 kB
KReclaimable:     367312 kB
Slab:             214736 kB
SReclaimable:      57908 kB
SUnreclaim:       156828 kB
KernelStack:       47968 kB
PageTables:        60840 kB
NFS_Unstable:          0 kB
Bounce:                0 kB
WritebackTmp:          0 kB
CommitLimit:     6660208 kB
Committed_AS:   67338708 kB
VmallocTotal:   263061440 kB
VmallocUsed:       88368 kB
VmallocChunk:          0 kB
Percpu:             7584 kB
CmaTotal:         315392 kB
CmaFree:               0 kB
MemTotal:        5980404 kB
MemFree:          528224 kB
MemAvailable:    2515300 kB
Buffers:            5992 kB
Cached:          2214236 kB
SwapCached:            0 kB
Active:          1618812 kB
Inactive:        1765740 kB
Active(anon):     978284 kB
Inactive(anon):   215880 kB
Active(file):     640528 kB
Inactive(file):  1549860 kB
Unevictable:        5596 kB
Mlocked:            5596 kB
SwapTotal:       3670008 kB
SwapFree:        3668984 kB
Dirty:               224 kB
Writeback:             0 kB
AnonPages:       1170360 kB
Mapped:           718076 kB
Shmem:             25284 kB
KReclaimable:     367312 kB
Slab:             214716 kB
SReclaimable:      57908 kB
SUnreclaim:       156808 kB
KernelStack:       47936 kB
PageTables:        60920 kB
NFS_Unstable:          0 kB
Bounce:                0 kB
WritebackTmp:          0 kB
CommitLimit:     6660208 kB
Committed_AS:   67338000 kB
VmallocTotal:   263061440 kB
VmallocUsed:       88320 kB
VmallocChunk:          0 kB
Percpu:             7584 kB
CmaTotal:         315392 kB
CmaFree:               0 kB
MemTotal:        5980404 kB
MemFree:          526760 kB
MemAvailable:    2513824 kB
Buffers:            5992 kB
Cached:          2214224 kB
SwapCached:            0 kB
Active:          1619832 kB
Inactive:        1765740 kB
Active(anon):     979316 kB
Inactive(anon):   215880 kB
Active(file):     640516 kB
Inactive(file):  1549860 kB
Unevictable:        5596 kB
Mlocked:            5596 kB
SwapTotal:       3670008 kB
SwapFree:        3668984 kB
Dirty:               252 kB
Writeback:             0 kB
AnonPages:       1170884 kB
Mapped:           718040 kB
Shmem:             25284 kB
KReclaimable:     367312 kB
Slab:             214740 kB
SReclaimable:      57908 kB
SUnreclaim:       156832 kB
KernelStack:       47904 kB
PageTables:        60908 kB
NFS_Unstable:          0 kB
Bounce:                0 kB
WritebackTmp:          0 kB
CommitLimit:     6660208 kB
Committed_AS:   67339456 kB
VmallocTotal:   263061440 kB
VmallocUsed:       88320 kB
VmallocChunk:          0 kB
Percpu:             7584 kB
CmaTotal:         315392 kB
CmaFree:             220 kB
MemTotal:        5980404 kB
MemFree:          525796 kB
MemAvailable:    2512896 kB
Buffers:            5992 kB
Cached:          2214264 kB
SwapCached:            0 kB
Active:          1621672 kB
Inactive:        1765780 kB
Active(anon):     981156 kB
Inactive(anon):   215884 kB
Active(file):     640516 kB
Inactive(file):  1549896 kB
Unevictable:        5596 kB
Mlocked:            5596 kB
SwapTotal:       3670008 kB
SwapFree:        3668984 kB
Dirty:               268 kB
Writeback:             0 kB
AnonPages:       1172920 kB
Mapped:           718044 kB
Shmem:             25288 kB
KReclaimable:     367312 kB
Slab:             214732 kB
SReclaimable:      57908 kB
SUnreclaim:       156824 kB
KernelStack:       47904 kB
PageTables:        60836 kB
NFS_Unstable:          0 kB
Bounce:                0 kB
WritebackTmp:          0 kB
CommitLimit:     6660208 kB
Committed_AS:   67336812 kB
VmallocTotal:   263061440 kB
VmallocUsed:       88320 kB
VmallocChunk:          0 kB
Percpu:             7584 kB
CmaTotal:         315392 kB
CmaFree:               0 kB
MemTotal:        5980404 kB
MemFree:          526100 kB
MemAvailable:    2513140 kB
Buffers:            5992 kB
Cached:          2214204 kB
SwapCached:            0 kB
Active:          1622644 kB
Inactive:        1765744 kB
Active(anon):     982152 kB
Inactive(anon):   215884 kB
Active(file):     640492 kB
Inactive(file):  1549860 kB
Unevictable:        5596 kB
Mlocked:            5596 kB
SwapTotal:       3670008 kB
SwapFree:        3668984 kB
Dirty:               256 kB
Writeback:             0 kB
AnonPages:       1173628 kB
Mapped:           718136 kB
Shmem:             25288 kB
KReclaimable:     367312 kB
Slab:             214732 kB
SReclaimable:      57908 kB
SUnreclaim:       156824 kB
KernelStack:       47888 kB
PageTables:        60788 kB
NFS_Unstable:          0 kB
Bounce:                0 kB
WritebackTmp:          0 kB
CommitLimit:     6660208 kB
Committed_AS:   67339576 kB
VmallocTotal:   263061440 kB
VmallocUsed:       88288 kB
VmallocChunk:          0 kB
Percpu:             7584 kB
CmaTotal:         315392 kB
CmaFree:               4 kB
MemTotal:        5980404 kB
MemFree:          525820 kB
MemAvailable:    2512856 kB
Buffers:            5992 kB
Cached:          2214200 kB
SwapCached:            0 kB
Active:          1623296 kB
Inactive:        1765744 kB
Active(anon):     982808 kB
Inactive(anon):   215884 kB
Active(file):     640488 kB
Inactive(file):  1549860 kB
Unevictable:        5596 kB
Mlocked:            5596 kB
SwapTotal:       3670008 kB
SwapFree:        3668984 kB
Dirty:               264 kB
Writeback:             0 kB
AnonPages:       1174620 kB
Mapped:           718252 kB
Shmem:             25288 kB
KReclaimable:     367312 kB
Slab:             214740 kB
SReclaimable:      57908 kB
SUnreclaim:       156832 kB
KernelStack:       47888 kB
PageTables:        60820 kB
NFS_Unstable:          0 kB
Bounce:                0 kB
WritebackTmp:          0 kB
CommitLimit:     6660208 kB
Committed_AS:   67337828 kB
VmallocTotal:   263061440 kB
VmallocUsed:       88272 kB
VmallocChunk:          0 kB
Percpu:             7584 kB
CmaTotal:         315392 kB
CmaFree:               0 kB
MemTotal:        5980404 kB
MemFree:          535648 kB
MemAvailable:    2522644 kB
Buffers:            5992 kB
Cached:          2214176 kB
SwapCached:            0 kB
Active:          1611324 kB
Inactive:        1765740 kB
Active(anon):     970856 kB
Inactive(anon):   215884 kB
Active(file):     640468 kB
Inactive(file):  1549856 kB
Unevictable:        5596 kB
Mlocked:            5596 kB
SwapTotal:       3670008 kB
SwapFree:        3668984 kB
Dirty:               256 kB
Writeback:             0 kB
AnonPages:       1162788 kB
Mapped:           718156 kB
Shmem:             25288 kB
KReclaimable:     367296 kB
Slab:             214688 kB
SReclaimable:      57892 kB
SUnreclaim:       156796 kB
KernelStack:       47920 kB
PageTables:        61052 kB
NFS_Unstable:          0 kB
Bounce:                0 kB
WritebackTmp:          0 kB
CommitLimit:     6660208 kB
Committed_AS:   67340384 kB
VmallocTotal:   263061440 kB
VmallocUsed:       88224 kB
VmallocChunk:          0 kB
Percpu:             7584 kB
CmaTotal:         315392 kB
CmaFree:            1704 kB
MemTotal:        5980404 kB
MemFree:          535320 kB
MemAvailable:    2522328 kB
Buffers:            5996 kB
Cached:          2214184 kB
SwapCached:            0 kB
Active:          1611924 kB
Inactive:        1765748 kB
Active(anon):     971452 kB
Inactive(anon):   215884 kB
Active(file):     640472 kB
Inactive(file):  1549864 kB
Unevictable:        5596 kB
Mlocked:            5596 kB
SwapTotal:       3670008 kB
SwapFree:        3668984 kB
Dirty:               236 kB
Writeback:             0 kB
AnonPages:       1163112 kB
Mapped:           718208 kB
Shmem:             25288 kB
KReclaimable:     367296 kB
Slab:             214720 kB
SReclaimable:      57892 kB
SUnreclaim:       156828 kB
KernelStack:       47872 kB
PageTables:        60908 kB
NFS_Unstable:          0 kB
Bounce:                0 kB
WritebackTmp:          0 kB
CommitLimit:     6660208 kB
Committed_AS:   67340020 kB
VmallocTotal:   263061440 kB
VmallocUsed:       88224 kB
VmallocChunk:          0 kB
Percpu:             7584 kB
CmaTotal:         315392 kB
CmaFree:             352 kB
MemTotal:        5980404 kB
MemFree:          634160 kB
MemAvailable:    2852836 kB
Buffers:            5996 kB
Cached:          2211696 kB
SwapCached:            0 kB
Active:          1527028 kB
Inactive:        1760556 kB
Active(anon):     884068 kB
Inactive(anon):   212956 kB
Active(file):     642960 kB
Inactive(file):  1547600 kB
Unevictable:        5596 kB
Mlocked:            5596 kB
SwapTotal:       3670008 kB
SwapFree:        3668984 kB
Dirty:               280 kB
Writeback:             0 kB
AnonPages:       1075612 kB
Mapped:           656016 kB
Shmem:             22464 kB
KReclaimable:     598740 kB
Slab:             213032 kB
SReclaimable:      57892 kB
SUnreclaim:       155140 kB
KernelStack:       44976 kB
PageTables:        57292 kB
NFS_Unstable:          0 kB
Bounce:                0 kB
WritebackTmp:          0 kB
CommitLimit:     6660208 kB
Committed_AS:   62647420 kB
VmallocTotal:   263061440 kB
VmallocUsed:       85352 kB
VmallocChunk:          0 kB
Percpu:             7584 kB
CmaTotal:         315392 kB
CmaFree:            7724 kB
MemTotal:        5980404 kB
MemFree:          632748 kB
MemAvailable:    2851876 kB
Buffers:            5996 kB
Cached:          2211472 kB
SwapCached:            0 kB
Active:          1528224 kB
Inactive:        1760464 kB
Active(anon):     885156 kB
Inactive(anon):   212840 kB
Active(file):     643068 kB
Inactive(file):  1547624 kB
Unevictable:        5596 kB
Mlocked:            5596 kB
SwapTotal:       3670008 kB
SwapFree:        3668984 kB
Dirty:               332 kB
Writeback:             0 kB
AnonPages:       1076764 kB
Mapped:           656260 kB
Shmem:             22220 kB
KReclaimable:     599060 kB
Slab:             212864 kB
SReclaimable:      57896 kB
SUnreclaim:       154968 kB
KernelStack:       44960 kB
PageTables:        57156 kB
NFS_Unstable:          0 kB
Bounce:                0 kB
WritebackTmp:          0 kB
CommitLimit:     6660208 kB
Committed_AS:   62646596 kB
VmallocTotal:   263061440 kB
VmallocUsed:       85320 kB
VmallocChunk:          0 kB
Percpu:             7584 kB
CmaTotal:         315392 kB
CmaFree:            4236 kB
MemTotal:        5980404 kB
MemFree:          632472 kB
MemAvailable:    2851632 kB
Buffers:            5996 kB
Cached:          2211504 kB
SwapCached:            0 kB
Active:          1528796 kB
Inactive:        1760496 kB
Active(anon):     885728 kB
Inactive(anon):   212840 kB
Active(file):     643068 kB
Inactive(file):  1547656 kB
Unevictable:        5596 kB
Mlocked:            5596 kB
SwapTotal:       3670008 kB
SwapFree:        3668984 kB
Dirty:               256 kB
Writeback:             0 kB
AnonPages:       1077244 kB
Mapped:           656260 kB
Shmem:             22220 kB
KReclaimable:     599060 kB
Slab:             212848 kB
SReclaimable:      57896 kB
SUnreclaim:       154952 kB
KernelStack:       44944 kB
PageTables:        57160 kB
NFS_Unstable:          0 kB
Bounce:                0 kB
WritebackTmp:          0 kB
CommitLimit:     6660208 kB
Committed_AS:   62643696 kB
VmallocTotal:   263061440 kB
VmallocUsed:       85272 kB
VmallocChunk:          0 kB
Percpu:             7584 kB
CmaTotal:         315392 kB
CmaFree:            3740 kB
MemTotal:        5980404 kB
MemFree:          631832 kB
MemAvailable:    2850752 kB
Buffers:            5996 kB
Cached:          2211504 kB
SwapCached:            0 kB
Active:          1529272 kB
Inactive:        1760496 kB
Active(anon):     886204 kB
Inactive(anon):   212840 kB
Active(file):     643068 kB
Inactive(file):  1547656 kB
Unevictable:        5596 kB
Mlocked:            5596 kB
SwapTotal:       3670008 kB
SwapFree:        3668984 kB
Dirty:               256 kB
Writeback:             0 kB
AnonPages:       1077860 kB
Mapped:           656216 kB
Shmem:             22220 kB
KReclaimable:     599076 kB
Slab:             212808 kB
SReclaimable:      57912 kB
SUnreclaim:       154896 kB
KernelStack:       44896 kB
PageTables:        57044 kB
NFS_Unstable:          0 kB
Bounce:                0 kB
WritebackTmp:          0 kB
CommitLimit:     6660208 kB
Committed_AS:   62643280 kB
VmallocTotal:   263061440 kB
VmallocUsed:       85272 kB
VmallocChunk:          0 kB
Percpu:             7584 kB
CmaTotal:         315392 kB
CmaFree:            3012 kB
MemTotal:        5980404 kB
MemFree:          631368 kB
MemAvailable:    2850544 kB
Buffers:            5996 kB
Cached:          2211504 kB
SwapCached:            0 kB
Active:          1530364 kB
Inactive:        1760496 kB
Active(anon):     887296 kB
Inactive(anon):   212840 kB
Active(file):     643068 kB
Inactive(file):  1547656 kB
Unevictable:        5596 kB
Mlocked:            5596 kB
SwapTotal:       3670008 kB
SwapFree:        3668984 kB
Dirty:               260 kB
Writeback:             0 kB
AnonPages:       1079004 kB
Mapped:           656084 kB
Shmem:             22220 kB
KReclaimable:     599076 kB
Slab:             212848 kB
SReclaimable:      57912 kB
SUnreclaim:       154936 kB
KernelStack:       44880 kB
PageTables:        57212 kB
NFS_Unstable:          0 kB
Bounce:                0 kB
WritebackTmp:          0 kB
CommitLimit:     6660208 kB
Committed_AS:   62645780 kB
VmallocTotal:   263061440 kB
VmallocUsed:       85256 kB
VmallocChunk:          0 kB
Percpu:             7584 kB
CmaTotal:         315392 kB
CmaFree:            2792 kB
MemTotal:        5980404 kB
MemFree:          630976 kB
MemAvailable:    2850152 kB
Buffers:            5996 kB
Cached:          2211504 kB
SwapCached:            0 kB
Active:          1530392 kB
Inactive:        1760496 kB
Active(anon):     887324 kB
Inactive(anon):   212840 kB
Active(file):     643068 kB
Inactive(file):  1547656 kB
Unevictable:        5596 kB
Mlocked:            5596 kB
SwapTotal:       3670008 kB
SwapFree:        3668984 kB
Dirty:               260 kB
Writeback:             0 kB
AnonPages:       1078968 kB
Mapped:           656260 kB
Shmem:             22220 kB
KReclaimable:     599076 kB
Slab:             212864 kB
SReclaimable:      57912 kB
SUnreclaim:       154952 kB
KernelStack:       44848 kB
PageTables:        57148 kB
NFS_Unstable:          0 kB
Bounce:                0 kB
WritebackTmp:          0 kB
CommitLimit:     6660208 kB
Committed_AS:   62643964 kB
VmallocTotal:   263061440 kB
VmallocUsed:       85224 kB
VmallocChunk:          0 kB
Percpu:             7584 kB
CmaTotal:         315392 kB
CmaFree:            2348 kB
MemTotal:        5980404 kB
MemFree:          629900 kB
MemAvailable:    2849092 kB
Buffers:            6000 kB
Cached:          2211516 kB
SwapCached:            0 kB
Active:          1531012 kB
Inactive:        1760512 kB
Active(anon):     887944 kB
Inactive(anon):   212840 kB
Active(file):     643068 kB
Inactive(file):  1547672 kB
Unevictable:        5596 kB
Mlocked:            5596 kB
SwapTotal:       3670008 kB
SwapFree:        3668984 kB
Dirty:               268 kB
Writeback:             0 kB
AnonPages:       1079768 kB
Mapped:           656260 kB
Shmem:             22220 kB
KReclaimable:     599076 kB
Slab:             212840 kB
SReclaimable:      57912 kB
SUnreclaim:       154928 kB
KernelStack:       44880 kB
PageTables:        57152 kB
NFS_Unstable:          0 kB
Bounce:                0 kB
WritebackTmp:          0 kB
CommitLimit:     6660208 kB
Committed_AS:   62644024 kB
VmallocTotal:   263061440 kB
VmallocUsed:       85256 kB
VmallocChunk:          0 kB
Percpu:             7584 kB
CmaTotal:         315392 kB
CmaFree:            1440 kB
MemTotal:        5980404 kB
MemFree:          629732 kB
MemAvailable:    2848920 kB
Buffers:            6000 kB
Cached:          2211512 kB
SwapCached:            0 kB
Active:          1531844 kB
Inactive:        1760508 kB
Active(anon):     888776 kB
Inactive(anon):   212840 kB
Active(file):     643068 kB
Inactive(file):  1547668 kB
Unevictable:        5596 kB
Mlocked:            5596 kB
SwapTotal:       3670008 kB
SwapFree:        3668984 kB
Dirty:               264 kB
Writeback:             0 kB
AnonPages:       1080396 kB
Mapped:           656032 kB
Shmem:             22220 kB
KReclaimable:     599076 kB
Slab:             212856 kB
SReclaimable:      57912 kB
SUnreclaim:       154944 kB
KernelStack:       44912 kB
PageTables:        57288 kB
NFS_Unstable:          0 kB
Bounce:                0 kB
WritebackTmp:          0 kB
CommitLimit:     6660208 kB
Committed_AS:   62647324 kB
VmallocTotal:   263061440 kB
VmallocUsed:       85224 kB
VmallocChunk:          0 kB
Percpu:             7584 kB
CmaTotal:         315392 kB
CmaFree:             584 kB
MemTotal:        5980404 kB
MemFree:          629796 kB
MemAvailable:    2849028 kB
Buffers:            6000 kB
Cached:          2211556 kB
SwapCached:            0 kB
Active:          1532736 kB
Inactive:        1760544 kB
Active(anon):     889660 kB
Inactive(anon):   212840 kB
Active(file):     643076 kB
Inactive(file):  1547704 kB
Unevictable:        5596 kB
Mlocked:            5596 kB
SwapTotal:       3670008 kB
SwapFree:        3668984 kB
Dirty:                84 kB
Writeback:             0 kB
AnonPages:       1081000 kB
Mapped:           656548 kB
Shmem:             22220 kB
KReclaimable:     599076 kB
Slab:             212836 kB
SReclaimable:      57912 kB
SUnreclaim:       154924 kB
KernelStack:       44864 kB
PageTables:        57156 kB
NFS_Unstable:          0 kB
Bounce:                0 kB
WritebackTmp:          0 kB
CommitLimit:     6660208 kB
Committed_AS:   62647512 kB
VmallocTotal:   263061440 kB
VmallocUsed:       85224 kB
VmallocChunk:          0 kB
Percpu:             7584 kB
CmaTotal:         315392 kB
CmaFree:             284 kB
MemTotal:        5980404 kB
MemFree:          628284 kB
MemAvailable:    2847480 kB
Buffers:            6000 kB
Cached:          2211520 kB
SwapCached:            0 kB
Active:          1533540 kB
Inactive:        1760512 kB
Active(anon):     890468 kB
Inactive(anon):   212840 kB
Active(file):     643072 kB
Inactive(file):  1547672 kB
Unevictable:        5596 kB
Mlocked:            5596 kB
SwapTotal:       3670008 kB
SwapFree:        3668984 kB
Dirty:                88 kB
Writeback:             0 kB
AnonPages:       1082296 kB
Mapped:           656320 kB
Shmem:             22220 kB
KReclaimable:     599076 kB
Slab:             212868 kB
SReclaimable:      57912 kB
SUnreclaim:       154956 kB
KernelStack:       44832 kB
PageTables:        57152 kB
NFS_Unstable:          0 kB
Bounce:                0 kB
WritebackTmp:          0 kB
CommitLimit:     6660208 kB
Committed_AS:   62645616 kB
VmallocTotal:   263061440 kB
VmallocUsed:       85192 kB
VmallocChunk:          0 kB
Percpu:             7584 kB
CmaTotal:         315392 kB
CmaFree:               0 kB
MemTotal:        5980404 kB
MemFree:          629324 kB
MemAvailable:    2848468 kB
Buffers:            6000 kB
Cached:          2211484 kB
SwapCached:            0 kB
Active:          1533288 kB
Inactive:        1760480 kB
Active(anon):     890220 kB
Inactive(anon):   212840 kB
Active(file):     643068 kB
Inactive(file):  1547640 kB
Unevictable:        5596 kB
Mlocked:            5596 kB
SwapTotal:       3670008 kB
SwapFree:        3668984 kB
Dirty:               116 kB
Writeback:             0 kB
AnonPages:       1082052 kB
Mapped:           656092 kB
Shmem:             22220 kB
KReclaimable:     599060 kB
Slab:             212836 kB
SReclaimable:      57896 kB
SUnreclaim:       154940 kB
KernelStack:       44848 kB
PageTables:        57152 kB
NFS_Unstable:          0 kB
Bounce:                0 kB
WritebackTmp:          0 kB
CommitLimit:     6660208 kB
Committed_AS:   62646488 kB
VmallocTotal:   263061440 kB
VmallocUsed:       85160 kB
VmallocChunk:          0 kB
Percpu:             7584 kB
CmaTotal:         315392 kB
CmaFree:             212 kB
MemTotal:        5980404 kB
MemFree:          628824 kB
MemAvailable:    2848004 kB
Buffers:            6000 kB
Cached:          2211520 kB
SwapCached:            0 kB
Active:          1533232 kB
Inactive:        1760512 kB
Active(anon):     890160 kB
Inactive(anon):   212840 kB
Active(file):     643072 kB
Inactive(file):  1547672 kB
Unevictable:        5596 kB
Mlocked:            5596 kB
SwapTotal:       3670008 kB
SwapFree:        3668984 kB
Dirty:               120 kB
Writeback:             0 kB
AnonPages:       1081920 kB
Mapped:           656344 kB
Shmem:             22220 kB
KReclaimable:     599060 kB
Slab:             212828 kB
SReclaimable:      57896 kB
SUnreclaim:       154932 kB
KernelStack:       44816 kB
PageTables:        57180 kB
NFS_Unstable:          0 kB
Bounce:                0 kB
WritebackTmp:          0 kB
CommitLimit:     6660208 kB
Committed_AS:   62645004 kB
VmallocTotal:   263061440 kB
VmallocUsed:       85176 kB
VmallocChunk:          0 kB
Percpu:             7584 kB
CmaTotal:         315392 kB
CmaFree:               0 kB
MemTotal:        5980404 kB
MemFree:          628516 kB
MemAvailable:    2847696 kB
Buffers:            6000 kB
Cached:          2211520 kB
SwapCached:            0 kB
Active:          1533620 kB
Inactive:        1760512 kB
Active(anon):     890548 kB
Inactive(anon):   212840 kB
Active(file):     643072 kB
Inactive(file):  1547672 kB
Unevictable:        5596 kB
Mlocked:            5596 kB
SwapTotal:       3670008 kB
SwapFree:        3668984 kB
Dirty:                80 kB
Writeback:             0 kB
AnonPages:       1082688 kB
Mapped:           656320 kB
Shmem:             22220 kB
KReclaimable:     599060 kB
Slab:             212836 kB
SReclaimable:      57896 kB
SUnreclaim:       154940 kB
KernelStack:       44848 kB
PageTables:        57208 kB
NFS_Unstable:          0 kB
Bounce:                0 kB
WritebackTmp:          0 kB
CommitLimit:     6660208 kB
Committed_AS:   62644652 kB
VmallocTotal:   263061440 kB
VmallocUsed:       85144 kB
VmallocChunk:          0 kB
Percpu:             7584 kB
CmaTotal:         315392 kB
CmaFree:               0 kB
MemTotal:        5980404 kB
MemFree:          628088 kB
MemAvailable:    2847268 kB
Buffers:            6000 kB
Cached:          2211520 kB
SwapCached:            0 kB
Active:          1534348 kB
Inactive:        1760512 kB
Active(anon):     891276 kB
Inactive(anon):   212840 kB
Active(file):     643072 kB
Inactive(file):  1547672 kB
Unevictable:        5596 kB
Mlocked:            5596 kB
SwapTotal:       3670008 kB
SwapFree:        3668984 kB
Dirty:               108 kB
Writeback:             0 kB
AnonPages:       1083048 kB
Mapped:           656200 kB
Shmem:             22220 kB
KReclaimable:     599060 kB
Slab:             212828 kB
SReclaimable:      57896 kB
SUnreclaim:       154932 kB
KernelStack:       44816 kB
PageTables:        57304 kB
NFS_Unstable:          0 kB
Bounce:                0 kB
WritebackTmp:          0 kB
CommitLimit:     6660208 kB
Committed_AS:   62643260 kB
VmallocTotal:   263061440 kB
VmallocUsed:       85192 kB
VmallocChunk:          0 kB
Percpu:             7584 kB
CmaTotal:         315392 kB
CmaFree:               0 kB
MemTotal:        5980404 kB
MemFree:          627520 kB
MemAvailable:    2846704 kB
Buffers:            6000 kB
Cached:          2211524 kB
SwapCached:            0 kB
Active:          1535424 kB
Inactive:        1760516 kB
Active(anon):     892352 kB
Inactive(anon):   212840 kB
Active(file):     643072 kB
Inactive(file):  1547676 kB
Unevictable:        5596 kB
Mlocked:            5596 kB
SwapTotal:       3670008 kB
SwapFree:        3668984 kB
Dirty:               128 kB
Writeback:             0 kB
AnonPages:       1084240 kB
Mapped:           656300 kB
Shmem:             22220 kB
KReclaimable:     599060 kB
Slab:             212836 kB
SReclaimable:      57896 kB
SUnreclaim:       154940 kB
KernelStack:       44800 kB
PageTables:        57072 kB
NFS_Unstable:          0 kB
Bounce:                0 kB
WritebackTmp:          0 kB
CommitLimit:     6660208 kB
Committed_AS:   62648608 kB
VmallocTotal:   263061440 kB
VmallocUsed:       85192 kB
VmallocChunk:          0 kB
Percpu:             7584 kB
CmaTotal:         315392 kB
CmaFree:               0 kB
MemTotal:        5980404 kB
MemFree:          627436 kB
MemAvailable:    2846636 kB
Buffers:            6000 kB
Cached:          2211524 kB
SwapCached:            0 kB
Active:          1536192 kB
Inactive:        1760516 kB
Active(anon):     893120 kB
Inactive(anon):   212840 kB
Active(file):     643072 kB
Inactive(file):  1547676 kB
Unevictable:        5596 kB
Mlocked:            5596 kB
SwapTotal:       3670008 kB
SwapFree:        3668984 kB
Dirty:               132 kB
Writeback:             0 kB
AnonPages:       1084852 kB
Mapped:           656480 kB
Shmem:             22220 kB
KReclaimable:     599076 kB
Slab:             212828 kB
SReclaimable:      57912 kB
SUnreclaim:       154916 kB
KernelStack:       44784 kB
PageTables:        57072 kB
NFS_Unstable:          0 kB
Bounce:                0 kB
WritebackTmp:          0 kB
CommitLimit:     6660208 kB
Committed_AS:   62648904 kB
VmallocTotal:   263061440 kB
VmallocUsed:       85192 kB
VmallocChunk:          0 kB
Percpu:             7584 kB
CmaTotal:         315392 kB
CmaFree:               0 kB
MemTotal:        5980404 kB
MemFree:          626300 kB
MemAvailable:    2845496 kB
Buffers:            6000 kB
Cached:          2211544 kB
SwapCached:            0 kB
Active:          1536940 kB
Inactive:        1760536 kB
Active(anon):     893868 kB
Inactive(anon):   212848 kB
Active(file):     643072 kB
Inactive(file):  1547688 kB
Unevictable:        5596 kB
Mlocked:            5596 kB
SwapTotal:       3670008 kB
SwapFree:        3668984 kB
Dirty:               164 kB
Writeback:             0 kB
AnonPages:       1085624 kB
Mapped:           656424 kB
Shmem:             22228 kB
KReclaimable:     599060 kB
Slab:             212844 kB
SReclaimable:      57896 kB
SUnreclaim:       154948 kB
KernelStack:       44832 kB
PageTables:        57236 kB
NFS_Unstable:          0 kB
Bounce:                0 kB
WritebackTmp:          0 kB
CommitLimit:     6660208 kB
Committed_AS:   62644144 kB
VmallocTotal:   263061440 kB
VmallocUsed:       85224 kB
VmallocChunk:          0 kB
Percpu:             7584 kB
CmaTotal:         315392 kB
CmaFree:               0 kB
MemTotal:        5980404 kB
MemFree:          625668 kB
MemAvailable:    2844868 kB
Buffers:            6000 kB
Cached:          2211548 kB
SwapCached:            0 kB
Active:          1538072 kB
Inactive:        1760540 kB
Active(anon):     895000 kB
Inactive(anon):   212848 kB
Active(file):     643072 kB
Inactive(file):  1547692 kB
Unevictable:        5596 kB
Mlocked:            5596 kB
SwapTotal:       3670008 kB
SwapFree:        3668984 kB
Dirty:                92 kB
Writeback:             0 kB
AnonPages:       1086616 kB
Mapped:           656280 kB
Shmem:             22228 kB
KReclaimable:     599060 kB
Slab:             212836 kB
SReclaimable:      57896 kB
SUnreclaim:       154940 kB
KernelStack:       44816 kB
PageTables:        57264 kB
NFS_Unstable:          0 kB
Bounce:                0 kB
WritebackTmp:          0 kB
CommitLimit:     6660208 kB
Committed_AS:   62647108 kB
VmallocTotal:   263061440 kB
VmallocUsed:       85240 kB
VmallocChunk:          0 kB
Percpu:             7584 kB
CmaTotal:         315392 kB
CmaFree:               0 kB
MemTotal:        5980404 kB
MemFree:          623588 kB
MemAvailable:    2842796 kB
Buffers:            6000 kB
Cached:          2211556 kB
SwapCached:            0 kB
Active:          1538620 kB
Inactive:        1760548 kB
Active(anon):     895548 kB
Inactive(anon):   212848 kB
Active(file):     643072 kB
Inactive(file):  1547700 kB
Unevictable:        5596 kB
Mlocked:            5596 kB
SwapTotal:       3670008 kB
SwapFree:        3668984 kB
Dirty:                68 kB
Writeback:             0 kB
AnonPages:       1087384 kB
Mapped:           656520 kB
Shmem:             22228 kB
KReclaimable:     599060 kB
Slab:             212852 kB
SReclaimable:      57896 kB
SUnreclaim:       154956 kB
KernelStack:       44832 kB
PageTables:        57400 kB
NFS_Unstable:          0 kB
Bounce:                0 kB
WritebackTmp:          0 kB
CommitLimit:     6660208 kB
Committed_AS:   62644080 kB
VmallocTotal:   263061440 kB
VmallocUsed:       85208 kB
VmallocChunk:          0 kB
Percpu:             7584 kB
CmaTotal:         315392 kB
CmaFree:               0 kB
MemTotal:        5980404 kB
MemFree:          623468 kB
MemAvailable:    2842668 kB
Buffers:            6000 kB
Cached:          2211548 kB
SwapCached:            0 kB
Active:          1539556 kB
Inactive:        1760540 kB
Active(anon):     896484 kB
Inactive(anon):   212848 kB
Active(file):     643072 kB
Inactive(file):  1547692 kB
Unevictable:        5596 kB
Mlocked:            5596 kB
SwapTotal:       3670008 kB
SwapFree:        3668984 kB
Dirty:                92 kB
Writeback:             0 kB
AnonPages:       1088300 kB
Mapped:           656524 kB
Shmem:             22228 kB
KReclaimable:     599060 kB
Slab:             212828 kB
SReclaimable:      57896 kB
SUnreclaim:       154932 kB
KernelStack:       44768 kB
PageTables:        57300 kB
NFS_Unstable:          0 kB
Bounce:                0 kB
WritebackTmp:          0 kB
CommitLimit:     6660208 kB
Committed_AS:   62646520 kB
VmallocTotal:   263061440 kB
VmallocUsed:       85256 kB
VmallocChunk:          0 kB
Percpu:             7584 kB
CmaTotal:         315392 kB
CmaFree:               0 kB
MemTotal:        5980404 kB
MemFree:          633224 kB
MemAvailable:    2852460 kB
Buffers:            6000 kB
Cached:          2211588 kB
SwapCached:            0 kB
Active:          1529288 kB
Inactive:        1760576 kB
Active(anon):     886212 kB
Inactive(anon):   212852 kB
Active(file):     643076 kB
Inactive(file):  1547724 kB
Unevictable:        5596 kB
Mlocked:            5596 kB
SwapTotal:       3670008 kB
SwapFree:        3668984 kB
Dirty:               148 kB
Writeback:             0 kB
AnonPages:       1077340 kB
Mapped:           656512 kB
Shmem:             22232 kB
KReclaimable:     599060 kB
Slab:             212772 kB
SReclaimable:      57896 kB
SUnreclaim:       154876 kB
KernelStack:       44848 kB
PageTables:        57196 kB
NFS_Unstable:          0 kB
Bounce:                0 kB
WritebackTmp:          0 kB
CommitLimit:     6660208 kB
Committed_AS:   62643656 kB
VmallocTotal:   263061440 kB
VmallocUsed:       85208 kB
VmallocChunk:          0 kB
Percpu:             7584 kB
CmaTotal:         315392 kB
CmaFree:            5372 kB
MemTotal:        5980404 kB
MemFree:          631396 kB
MemAvailable:    2850596 kB
Buffers:            6000 kB
Cached:          2211556 kB
SwapCached:            0 kB
Active:          1529476 kB
Inactive:        1760548 kB
Active(anon):     886404 kB
Inactive(anon):   212856 kB
Active(file):     643072 kB
Inactive(file):  1547692 kB
Unevictable:        5596 kB
Mlocked:            5596 kB
SwapTotal:       3670008 kB
SwapFree:        3668984 kB
Dirty:               140 kB
Writeback:             0 kB
AnonPages:       1077708 kB
Mapped:           656772 kB
Shmem:             22236 kB
KReclaimable:     599060 kB
Slab:             212876 kB
SReclaimable:      57896 kB
SUnreclaim:       154980 kB
KernelStack:       44928 kB
PageTables:        57544 kB
NFS_Unstable:          0 kB
Bounce:                0 kB
WritebackTmp:          0 kB
CommitLimit:     6660208 kB
Committed_AS:   62642156 kB
VmallocTotal:   263061440 kB
VmallocUsed:       85256 kB
VmallocChunk:          0 kB
Percpu:             7584 kB
CmaTotal:         315392 kB
CmaFree:            3696 kB
MemTotal:        5980404 kB
MemFree:          630648 kB
MemAvailable:    2849860 kB
Buffers:            6004 kB
Cached:          2211572 kB
SwapCached:            0 kB
Active:          1530224 kB
Inactive:        1760568 kB
Active(anon):     887152 kB
Inactive(anon):   212864 kB
Active(file):     643072 kB
Inactive(file):  1547704 kB
Unevictable:        5596 kB
Mlocked:            5596 kB
SwapTotal:       3670008 kB
SwapFree:        3668984 kB
Dirty:                88 kB
Writeback:             0 kB
AnonPages:       1078568 kB
Mapped:           656392 kB
Shmem:             22244 kB
KReclaimable:     599060 kB
Slab:             212836 kB
SReclaimable:      57896 kB
SUnreclaim:       154940 kB
KernelStack:       44896 kB
PageTables:        57328 kB
NFS_Unstable:          0 kB
Bounce:                0 kB
WritebackTmp:          0 kB
CommitLimit:     6660208 kB
Committed_AS:   62639140 kB
VmallocTotal:   263061440 kB
VmallocUsed:       85192 kB
VmallocChunk:          0 kB
Percpu:             7584 kB
CmaTotal:         315392 kB
CmaFree:            3088 kB
MemTotal:        5980404 kB
MemFree:          630152 kB
MemAvailable:    2849360 kB
Buffers:            6004 kB
Cached:          2211568 kB
SwapCached:            0 kB
Active:          1530900 kB
Inactive:        1760564 kB
Active(anon):     887828 kB
Inactive(anon):   212864 kB
Active(file):     643072 kB
Inactive(file):  1547700 kB
Unevictable:        5596 kB
Mlocked:            5596 kB
SwapTotal:       3670008 kB
SwapFree:        3668984 kB
Dirty:                80 kB
Writeback:             0 kB
AnonPages:       1079652 kB
Mapped:           656356 kB
Shmem:             22244 kB
KReclaimable:     599060 kB
Slab:             212796 kB
SReclaimable:      57896 kB
SUnreclaim:       154900 kB
KernelStack:       44864 kB
PageTables:        57136 kB
NFS_Unstable:          0 kB
Bounce:                0 kB
WritebackTmp:          0 kB
CommitLimit:     6660208 kB
Committed_AS:   62643880 kB
VmallocTotal:   263061440 kB
VmallocUsed:       85240 kB
VmallocChunk:          0 kB
Percpu:             7584 kB
CmaTotal:         315392 kB
CmaFree:            2232 kB
MemTotal:        5980404 kB
MemFree:          629360 kB
MemAvailable:    2848576 kB
Buffers:            6004 kB
Cached:          2211576 kB
SwapCached:            0 kB
Active:          1531784 kB
Inactive:        1760568 kB
Active(anon):     888708 kB
Inactive(anon):   212864 kB
Active(file):     643076 kB
Inactive(file):  1547704 kB
Unevictable:        5596 kB
Mlocked:            5596 kB
SwapTotal:       3670008 kB
SwapFree:        3668984 kB
Dirty:                92 kB
Writeback:             0 kB
AnonPages:       1080292 kB
Mapped:           656560 kB
Shmem:             22244 kB
KReclaimable:     599060 kB
Slab:             212836 kB
SReclaimable:      57896 kB
SUnreclaim:       154940 kB
KernelStack:       44848 kB
PageTables:        57356 kB
NFS_Unstable:          0 kB
Bounce:                0 kB
WritebackTmp:          0 kB
CommitLimit:     6660208 kB
Committed_AS:   62645132 kB
VmallocTotal:   263061440 kB
VmallocUsed:       85208 kB
VmallocChunk:          0 kB
Percpu:             7584 kB
CmaTotal:         315392 kB
CmaFree:            1432 kB
MemTotal:        5980404 kB
MemFree:          629500 kB
MemAvailable:    2848728 kB
Buffers:            6004 kB
Cached:          2211576 kB
SwapCached:            0 kB
Active:          1531992 kB
Inactive:        1760572 kB
Active(anon):     888920 kB
Inactive(anon):   212868 kB
Active(file):     643072 kB
Inactive(file):  1547704 kB
Unevictable:        5596 kB
Mlocked:            5596 kB
SwapTotal:       3670008 kB
SwapFree:        3668984 kB
Dirty:               116 kB
Writeback:             0 kB
AnonPages:       1080596 kB
Mapped:           656588 kB
Shmem:             22248 kB
KReclaimable:     599076 kB
Slab:             212828 kB
SReclaimable:      57912 kB
SUnreclaim:       154916 kB
KernelStack:       44848 kB
PageTables:        57076 kB
NFS_Unstable:          0 kB
Bounce:                0 kB
WritebackTmp:          0 kB
CommitLimit:     6660208 kB
Committed_AS:   62646860 kB
VmallocTotal:   263061440 kB
VmallocUsed:       85208 kB
VmallocChunk:          0 kB
Percpu:             7584 kB
CmaTotal:         315392 kB
CmaFree:            1244 kB
MemTotal:        5980404 kB
MemFree:          628028 kB
MemAvailable:    2847204 kB
Buffers:            6004 kB
Cached:          2211548 kB
SwapCached:            0 kB
Active:          1532840 kB
Inactive:        1760548 kB
Active(anon):     889772 kB
Inactive(anon):   212876 kB
Active(file):     643068 kB
Inactive(file):  1547672 kB
Unevictable:        5596 kB
Mlocked:            5596 kB
SwapTotal:       3670008 kB
SwapFree:        3668984 kB
Dirty:               108 kB
Writeback:             0 kB
AnonPages:       1081468 kB
Mapped:           656572 kB
Shmem:             22256 kB
KReclaimable:     599060 kB
Slab:             212832 kB
SReclaimable:      57896 kB
SUnreclaim:       154936 kB
KernelStack:       44800 kB
PageTables:        57152 kB
NFS_Unstable:          0 kB
Bounce:                0 kB
WritebackTmp:          0 kB
CommitLimit:     6660208 kB
Committed_AS:   62640136 kB
VmallocTotal:   263061440 kB
VmallocUsed:       85192 kB
VmallocChunk:          0 kB
Percpu:             7584 kB
CmaTotal:         315392 kB
CmaFree:              48 kB
MemTotal:        5980404 kB
MemFree:          628396 kB
MemAvailable:    2847576 kB
Buffers:            6004 kB
Cached:          2211576 kB
SwapCached:            0 kB
Active:          1533436 kB
Inactive:        1760548 kB
Active(anon):     890364 kB
Inactive(anon):   212876 kB
Active(file):     643072 kB
Inactive(file):  1547672 kB
Unevictable:        5596 kB
Mlocked:            5596 kB
SwapTotal:       3670008 kB
SwapFree:        3668984 kB
Dirty:               160 kB
Writeback:             0 kB
AnonPages:       1082204 kB
Mapped:           655684 kB
Shmem:             22256 kB
KReclaimable:     599060 kB
Slab:             212840 kB
SReclaimable:      57896 kB
SUnreclaim:       154944 kB
KernelStack:       44844 kB
PageTables:        57276 kB
NFS_Unstable:          0 kB
Bounce:                0 kB
WritebackTmp:          0 kB
CommitLimit:     6660208 kB
Committed_AS:   62644680 kB
VmallocTotal:   263061440 kB
VmallocUsed:       85176 kB
VmallocChunk:          0 kB
Percpu:             7584 kB
CmaTotal:         315392 kB
CmaFree:             100 kB
MemTotal:        5980404 kB
MemFree:          628268 kB
MemAvailable:    2847480 kB
Buffers:            6004 kB
Cached:          2211584 kB
SwapCached:            0 kB
Active:          1533468 kB
Inactive:        1760580 kB
Active(anon):     890396 kB
Inactive(anon):   212876 kB
Active(file):     643072 kB
Inactive(file):  1547704 kB
Unevictable:        5596 kB
Mlocked:            5596 kB
SwapTotal:       3670008 kB
SwapFree:        3668984 kB
Dirty:               148 kB
Writeback:             0 kB
AnonPages:       1081976 kB
Mapped:           655608 kB
Shmem:             22256 kB
KReclaimable:     599060 kB
Slab:             212832 kB
SReclaimable:      57896 kB
SUnreclaim:       154936 kB
KernelStack:       44768 kB
PageTables:        57192 kB
NFS_Unstable:          0 kB
Bounce:                0 kB
WritebackTmp:          0 kB
CommitLimit:     6660208 kB
Committed_AS:   62643048 kB
VmallocTotal:   263061440 kB
VmallocUsed:       85096 kB
VmallocChunk:          0 kB
Percpu:             7584 kB
CmaTotal:         315392 kB
CmaFree:             132 kB
MemTotal:        5980404 kB
MemFree:          627924 kB
MemAvailable:    2847136 kB
Buffers:            6004 kB
Cached:          2211584 kB
SwapCached:            0 kB
Active:          1534140 kB
Inactive:        1760580 kB
Active(anon):     891068 kB
Inactive(anon):   212876 kB
Active(file):     643072 kB
Inactive(file):  1547704 kB
Unevictable:        5596 kB
Mlocked:            5596 kB
SwapTotal:       3670008 kB
SwapFree:        3668984 kB
Dirty:               148 kB
Writeback:             0 kB
AnonPages:       1082716 kB
Mapped:           656080 kB
Shmem:             22256 kB
KReclaimable:     599060 kB
Slab:             212812 kB
SReclaimable:      57896 kB
SUnreclaim:       154916 kB
KernelStack:       44752 kB
PageTables:        57136 kB
NFS_Unstable:          0 kB
Bounce:                0 kB
WritebackTmp:          0 kB
CommitLimit:     6660208 kB
Committed_AS:   62640592 kB
VmallocTotal:   263061440 kB
VmallocUsed:       85048 kB
VmallocChunk:          0 kB
Percpu:             7584 kB
CmaTotal:         315392 kB
CmaFree:               0 kB
MemTotal:        5980404 kB
MemFree:          627568 kB
MemAvailable:    2846780 kB
Buffers:            6004 kB
Cached:          2211588 kB
SwapCached:            0 kB
Active:          1535364 kB
Inactive:        1760584 kB
Active(anon):     892292 kB
Inactive(anon):   212880 kB
Active(file):     643072 kB
Inactive(file):  1547704 kB
Unevictable:        5596 kB
Mlocked:            5596 kB
SwapTotal:       3670008 kB
SwapFree:        3668984 kB
Dirty:               152 kB
Writeback:             0 kB
AnonPages:       1083956 kB
Mapped:           655856 kB
Shmem:             22260 kB
KReclaimable:     599060 kB
Slab:             212828 kB
SReclaimable:      57896 kB
SUnreclaim:       154932 kB
KernelStack:       44736 kB
PageTables:        57128 kB
NFS_Unstable:          0 kB
Bounce:                0 kB
WritebackTmp:          0 kB
CommitLimit:     6660208 kB
Committed_AS:   62639436 kB
VmallocTotal:   263061440 kB
VmallocUsed:       85064 kB
VmallocChunk:          0 kB
Percpu:             7584 kB
CmaTotal:         315392 kB
CmaFree:               0 kB
MemTotal:        5980404 kB
MemFree:          625860 kB
MemAvailable:    2845112 kB
Buffers:            6004 kB
Cached:          2211632 kB
SwapCached:            0 kB
Active:          1535944 kB
Inactive:        1760624 kB
Active(anon):     892868 kB
Inactive(anon):   212884 kB
Active(file):     643076 kB
Inactive(file):  1547740 kB
Unevictable:        5596 kB
Mlocked:            5596 kB
SwapTotal:       3670008 kB
SwapFree:        3668984 kB
Dirty:               168 kB
Writeback:             0 kB
AnonPages:       1084548 kB
Mapped:           655860 kB
Shmem:             22264 kB
KReclaimable:     599060 kB
Slab:             212804 kB
SReclaimable:      57896 kB
SUnreclaim:       154908 kB
KernelStack:       44736 kB
PageTables:        57112 kB
NFS_Unstable:          0 kB
Bounce:                0 kB
WritebackTmp:          0 kB
CommitLimit:     6660208 kB
Committed_AS:   62642364 kB
VmallocTotal:   263061440 kB
VmallocUsed:       85128 kB
VmallocChunk:          0 kB
Percpu:             7584 kB
CmaTotal:         315392 kB
CmaFree:               0 kB
MemTotal:        5980404 kB
MemFree:          624776 kB
MemAvailable:    2844000 kB
Buffers:            6004 kB
Cached:          2211604 kB
SwapCached:            0 kB
Active:          1536696 kB
Inactive:        1760600 kB
Active(anon):     893624 kB
Inactive(anon):   212888 kB
Active(file):     643072 kB
Inactive(file):  1547712 kB
Unevictable:        5596 kB
Mlocked:            5596 kB
SwapTotal:       3670008 kB
SwapFree:        3668984 kB
Dirty:               144 kB
Writeback:             0 kB
AnonPages:       1085576 kB
Mapped:           655928 kB
Shmem:             22268 kB
KReclaimable:     599064 kB
Slab:             212816 kB
SReclaimable:      57900 kB
SUnreclaim:       154916 kB
KernelStack:       44752 kB
PageTables:        57364 kB
NFS_Unstable:          0 kB
Bounce:                0 kB
WritebackTmp:          0 kB
CommitLimit:     6660208 kB
Committed_AS:   62640876 kB
VmallocTotal:   263061440 kB
VmallocUsed:       85128 kB
VmallocChunk:          0 kB
Percpu:             7584 kB
CmaTotal:         315392 kB
CmaFree:               0 kB
MemTotal:        5980404 kB
MemFree:          625264 kB
MemAvailable:    2844452 kB
Buffers:            6004 kB
Cached:          2211568 kB
SwapCached:            0 kB
Active:          1537784 kB
Inactive:        1760568 kB
Active(anon):     894716 kB
Inactive(anon):   212888 kB
Active(file):     643068 kB
Inactive(file):  1547680 kB
Unevictable:        5596 kB
Mlocked:            5596 kB
SwapTotal:       3670008 kB
SwapFree:        3668984 kB
Dirty:               140 kB
Writeback:             0 kB
AnonPages:       1086328 kB
Mapped:           655592 kB
Shmem:             22268 kB
KReclaimable:     599064 kB
Slab:             212768 kB
SReclaimable:      57900 kB
SUnreclaim:       154868 kB
KernelStack:       44720 kB
PageTables:        56976 kB
NFS_Unstable:          0 kB
Bounce:                0 kB
WritebackTmp:          0 kB
CommitLimit:     6660208 kB
Committed_AS:   62642312 kB
VmallocTotal:   263061440 kB
VmallocUsed:       85096 kB
VmallocChunk:          0 kB
Percpu:             7584 kB
CmaTotal:         315392 kB
CmaFree:             140 kB
MemTotal:        5980404 kB
MemFree:          625132 kB
MemAvailable:    2844356 kB
Buffers:            6004 kB
Cached:          2211608 kB
SwapCached:            0 kB
Active:          1538168 kB
Inactive:        1760604 kB
Active(anon):     895096 kB
Inactive(anon):   212892 kB
Active(file):     643072 kB
Inactive(file):  1547712 kB
Unevictable:        5596 kB
Mlocked:            5596 kB
SwapTotal:       3670008 kB
SwapFree:        3668984 kB
Dirty:               144 kB
Writeback:             0 kB
AnonPages:       1086732 kB
Mapped:           655640 kB
Shmem:             22272 kB
KReclaimable:     599064 kB
Slab:             212800 kB
SReclaimable:      57900 kB
SUnreclaim:       154900 kB
KernelStack:       44688 kB
PageTables:        57000 kB
NFS_Unstable:          0 kB
Bounce:                0 kB
WritebackTmp:          0 kB
CommitLimit:     6660208 kB
Committed_AS:   62640088 kB
VmallocTotal:   263061440 kB
VmallocUsed:       85064 kB
VmallocChunk:          0 kB
Percpu:             7584 kB
CmaTotal:         315392 kB
CmaFree:               0 kB
MemTotal:        5980404 kB
MemFree:          623740 kB
MemAvailable:    2842964 kB
Buffers:            6004 kB
Cached:          2211608 kB
SwapCached:            0 kB
Active:          1538252 kB
Inactive:        1760604 kB
Active(anon):     895180 kB
Inactive(anon):   212892 kB
Active(file):     643072 kB
Inactive(file):  1547712 kB
Unevictable:        5596 kB
Mlocked:            5596 kB
SwapTotal:       3670008 kB
SwapFree:        3668984 kB
Dirty:               144 kB
Writeback:             0 kB
AnonPages:       1086552 kB
Mapped:           655640 kB
Shmem:             22272 kB
KReclaimable:     599064 kB
Slab:             212800 kB
SReclaimable:      57900 kB
SUnreclaim:       154900 kB
KernelStack:       44720 kB
PageTables:        57136 kB
NFS_Unstable:          0 kB
Bounce:                0 kB
WritebackTmp:          0 kB
CommitLimit:     6660208 kB
Committed_AS:   62637620 kB
VmallocTotal:   263061440 kB
VmallocUsed:       85000 kB
VmallocChunk:          0 kB
Percpu:             7584 kB
CmaTotal:         315392 kB
CmaFree:               0 kB
MemTotal:        5980404 kB
MemFree:          623556 kB
MemAvailable:    2842780 kB
Buffers:            6004 kB
Cached:          2211608 kB
SwapCached:            0 kB
Active:          1538776 kB
Inactive:        1760604 kB
Active(anon):     895704 kB
Inactive(anon):   212892 kB
Active(file):     643072 kB
Inactive(file):  1547712 kB
Unevictable:        5596 kB
Mlocked:            5596 kB
SwapTotal:       3670008 kB
SwapFree:        3668984 kB
Dirty:               144 kB
Writeback:             0 kB
AnonPages:       1087020 kB
Mapped:           655708 kB
Shmem:             22272 kB
KReclaimable:     599064 kB
Slab:             212824 kB
SReclaimable:      57900 kB
SUnreclaim:       154924 kB
KernelStack:       44752 kB
PageTables:        57156 kB
NFS_Unstable:          0 kB
Bounce:                0 kB
WritebackTmp:          0 kB
CommitLimit:     6660208 kB
Committed_AS:   62638216 kB
VmallocTotal:   263061440 kB
VmallocUsed:       85032 kB
VmallocChunk:          0 kB
Percpu:             7584 kB
CmaTotal:         315392 kB
CmaFree:               0 kB
MemTotal:        5980404 kB
MemFree:          622124 kB
MemAvailable:    2841372 kB
Buffers:            6008 kB
Cached:          2211624 kB
SwapCached:            0 kB
Active:          1539344 kB
Inactive:        1760620 kB
Active(anon):     896268 kB
Inactive(anon):   212892 kB
Active(file):     643076 kB
Inactive(file):  1547728 kB
Unevictable:        5596 kB
Mlocked:            5596 kB
SwapTotal:       3670008 kB
SwapFree:        3668984 kB
Dirty:               152 kB
Writeback:             0 kB
AnonPages:       1087940 kB
Mapped:           655804 kB
Shmem:             22272 kB
KReclaimable:     599068 kB
Slab:             212748 kB
SReclaimable:      57904 kB
SUnreclaim:       154844 kB
KernelStack:       44704 kB
PageTables:        57228 kB
NFS_Unstable:          0 kB
Bounce:                0 kB
WritebackTmp:          0 kB
CommitLimit:     6660208 kB
Committed_AS:   62642440 kB
VmallocTotal:   263061440 kB
VmallocUsed:       85048 kB
VmallocChunk:          0 kB
Percpu:             7584 kB
CmaTotal:         315392 kB
CmaFree:               0 kB
MemTotal:        5980404 kB
MemFree:          621452 kB
MemAvailable:    2840700 kB
Buffers:            6008 kB
Cached:          2211624 kB
SwapCached:            0 kB
Active:          1540056 kB
Inactive:        1760620 kB
Active(anon):     896980 kB
Inactive(anon):   212892 kB
Active(file):     643076 kB
Inactive(file):  1547728 kB
Unevictable:        5596 kB
Mlocked:            5596 kB
SwapTotal:       3670008 kB
SwapFree:        3668984 kB
Dirty:               152 kB
Writeback:             0 kB
AnonPages:       1088800 kB
Mapped:           655640 kB
Shmem:             22272 kB
KReclaimable:     599068 kB
Slab:             212836 kB
SReclaimable:      57904 kB
SUnreclaim:       154932 kB
KernelStack:       44688 kB
PageTables:        56932 kB
NFS_Unstable:          0 kB
Bounce:                0 kB
WritebackTmp:          0 kB
CommitLimit:     6660208 kB
Committed_AS:   62641992 kB
VmallocTotal:   263061440 kB
VmallocUsed:       85064 kB
VmallocChunk:          0 kB
Percpu:             7584 kB
CmaTotal:         315392 kB
CmaFree:               0 kB
MemTotal:        5980404 kB
MemFree:          621372 kB
MemAvailable:    2840648 kB
Buffers:            6008 kB
Cached:          2211652 kB
SwapCached:            0 kB
Active:          1540740 kB
Inactive:        1760648 kB
Active(anon):     897664 kB
Inactive(anon):   212892 kB
Active(file):     643076 kB
Inactive(file):  1547756 kB
Unevictable:        5596 kB
Mlocked:            5596 kB
SwapTotal:       3670008 kB
SwapFree:        3668984 kB
Dirty:               152 kB
Writeback:             0 kB
AnonPages:       1089508 kB
Mapped:           655700 kB
Shmem:             22272 kB
KReclaimable:     599068 kB
Slab:             212836 kB
SReclaimable:      57904 kB
SUnreclaim:       154932 kB
KernelStack:       44736 kB
PageTables:        57184 kB
NFS_Unstable:          0 kB
Bounce:                0 kB
WritebackTmp:          0 kB
CommitLimit:     6660208 kB
Committed_AS:   62641316 kB
VmallocTotal:   263061440 kB
VmallocUsed:       85048 kB
VmallocChunk:          0 kB
Percpu:             7584 kB
CmaTotal:         315392 kB
CmaFree:               0 kB
MemTotal:        5980404 kB
MemFree:          621420 kB
MemAvailable:    2840668 kB
Buffers:            6008 kB
Cached:          2211624 kB
SwapCached:            0 kB
Active:          1541292 kB
Inactive:        1760620 kB
Active(anon):     898216 kB
Inactive(anon):   212892 kB
Active(file):     643076 kB
Inactive(file):  1547728 kB
Unevictable:        5596 kB
Mlocked:            5596 kB
SwapTotal:       3670008 kB
SwapFree:        3668984 kB
Dirty:               152 kB
Writeback:             0 kB
AnonPages:       1090000 kB
Mapped:           655868 kB
Shmem:             22272 kB
KReclaimable:     599068 kB
Slab:             212812 kB
SReclaimable:      57904 kB
SUnreclaim:       154908 kB
KernelStack:       44688 kB
PageTables:        57392 kB
NFS_Unstable:          0 kB
Bounce:                0 kB
WritebackTmp:          0 kB
CommitLimit:     6660208 kB
Committed_AS:   62641200 kB
VmallocTotal:   263061440 kB
VmallocUsed:       85000 kB
VmallocChunk:          0 kB
Percpu:             7584 kB
CmaTotal:         315392 kB
CmaFree:             116 kB
MemTotal:        5980404 kB
MemFree:          619796 kB
MemAvailable:    2839044 kB
Buffers:            6008 kB
Cached:          2211624 kB
SwapCached:            0 kB
Active:          1542300 kB
Inactive:        1760620 kB
Active(anon):     899224 kB
Inactive(anon):   212892 kB
Active(file):     643076 kB
Inactive(file):  1547728 kB
Unevictable:        5596 kB
Mlocked:            5596 kB
SwapTotal:       3670008 kB
SwapFree:        3668984 kB
Dirty:               152 kB
Writeback:             0 kB
AnonPages:       1090860 kB
Mapped:           655932 kB
Shmem:             22272 kB
KReclaimable:     599068 kB
Slab:             212764 kB
SReclaimable:      57904 kB
SUnreclaim:       154860 kB
KernelStack:       44672 kB
PageTables:        57136 kB
NFS_Unstable:          0 kB
Bounce:                0 kB
WritebackTmp:          0 kB
CommitLimit:     6660208 kB
Committed_AS:   62638144 kB
VmallocTotal:   263061440 kB
VmallocUsed:       85016 kB
VmallocChunk:          0 kB
Percpu:             7584 kB
CmaTotal:         315392 kB
CmaFree:               0 kB
MemTotal:        5980404 kB
MemFree:          630436 kB
MemAvailable:    2849684 kB
Buffers:            6008 kB
Cached:          2211624 kB
SwapCached:            0 kB
Active:          1530892 kB
Inactive:        1760620 kB
Active(anon):     887816 kB
Inactive(anon):   212892 kB
Active(file):     643076 kB
Inactive(file):  1547728 kB
Unevictable:        5596 kB
Mlocked:            5596 kB
SwapTotal:       3670008 kB
SwapFree:        3668984 kB
Dirty:               152 kB
Writeback:             0 kB
AnonPages:       1079488 kB
Mapped:           655828 kB
Shmem:             22272 kB
KReclaimable:     599068 kB
Slab:             212820 kB
SReclaimable:      57904 kB
SUnreclaim:       154916 kB
KernelStack:       44672 kB
PageTables:        56928 kB
NFS_Unstable:          0 kB
Bounce:                0 kB
WritebackTmp:          0 kB
CommitLimit:     6660208 kB
Committed_AS:   62638084 kB
VmallocTotal:   263061440 kB
VmallocUsed:       84952 kB
VmallocChunk:          0 kB
Percpu:             7584 kB
CmaTotal:         315392 kB
CmaFree:            3172 kB
MemTotal:        5980404 kB
MemFree:          629952 kB
MemAvailable:    2849200 kB
Buffers:            6008 kB
Cached:          2211624 kB
SwapCached:            0 kB
Active:          1531600 kB
Inactive:        1760620 kB
Active(anon):     888524 kB
Inactive(anon):   212892 kB
Active(file):     643076 kB
Inactive(file):  1547728 kB
Unevictable:        5596 kB
Mlocked:            5596 kB
SwapTotal:       3670008 kB
SwapFree:        3668984 kB
Dirty:               156 kB
Writeback:             0 kB
AnonPages:       1080296 kB
Mapped:           655636 kB
Shmem:             22272 kB
KReclaimable:     599068 kB
Slab:             212860 kB
SReclaimable:      57904 kB
SUnreclaim:       154956 kB
KernelStack:       44640 kB
PageTables:        57020 kB
NFS_Unstable:          0 kB
Bounce:                0 kB
WritebackTmp:          0 kB
CommitLimit:     6660208 kB
Committed_AS:   62640248 kB
VmallocTotal:   263061440 kB
VmallocUsed:       84984 kB
VmallocChunk:          0 kB
Percpu:             7584 kB
CmaTotal:         315392 kB
CmaFree:            2196 kB
MemTotal:        5980404 kB
MemFree:          629056 kB
MemAvailable:    2848304 kB
Buffers:            6008 kB
Cached:          2211624 kB
SwapCached:            0 kB
Active:          1532524 kB
Inactive:        1760620 kB
Active(anon):     889448 kB
Inactive(anon):   212892 kB
Active(file):     643076 kB
Inactive(file):  1547728 kB
Unevictable:        5596 kB
Mlocked:            5596 kB
SwapTotal:       3670008 kB
SwapFree:        3668984 kB
Dirty:               160 kB
Writeback:             0 kB
AnonPages:       1081040 kB
Mapped:           655652 kB
Shmem:             22272 kB
KReclaimable:     599068 kB
Slab:             212780 kB
SReclaimable:      57904 kB
SUnreclaim:       154876 kB
KernelStack:       44704 kB
PageTables:        57316 kB
NFS_Unstable:          0 kB
Bounce:                0 kB
WritebackTmp:          0 kB
CommitLimit:     6660208 kB
Committed_AS:   62638632 kB
VmallocTotal:   263061440 kB
VmallocUsed:       84984 kB
VmallocChunk:          0 kB
Percpu:             7584 kB
CmaTotal:         315392 kB
CmaFree:            1612 kB
MemTotal:        5980404 kB
MemFree:          627320 kB
MemAvailable:    2846568 kB
Buffers:            6008 kB
Cached:          2211628 kB
SwapCached:            0 kB
Active:          1533660 kB
Inactive:        1760624 kB
Active(anon):     890584 kB
Inactive(anon):   212896 kB
Active(file):     643076 kB
Inactive(file):  1547728 kB
Unevictable:        5596 kB
Mlocked:            5596 kB
SwapTotal:       3670008 kB
SwapFree:        3668984 kB
Dirty:               156 kB
Writeback:             0 kB
AnonPages:       1082280 kB
Mapped:           655872 kB
Shmem:             22276 kB
KReclaimable:     599068 kB
Slab:             212796 kB
SReclaimable:      57904 kB
SUnreclaim:       154892 kB
KernelStack:       44640 kB
PageTables:        57260 kB
NFS_Unstable:          0 kB
Bounce:                0 kB
WritebackTmp:          0 kB
CommitLimit:     6660208 kB
Committed_AS:   62637460 kB
VmallocTotal:   263061440 kB
VmallocUsed:       84968 kB
VmallocChunk:          0 kB
Percpu:             7584 kB
CmaTotal:         315392 kB
CmaFree:             152 kB
MemTotal:        5980404 kB
MemFree:          628316 kB
MemAvailable:    2847564 kB
Buffers:            6008 kB
Cached:          2211628 kB
SwapCached:            0 kB
Active:          1533812 kB
Inactive:        1760624 kB
Active(anon):     890736 kB
Inactive(anon):   212896 kB
Active(file):     643076 kB
Inactive(file):  1547728 kB
Unevictable:        5596 kB
Mlocked:            5596 kB
SwapTotal:       3670008 kB
SwapFree:        3668984 kB
Dirty:               156 kB
Writeback:             0 kB
AnonPages:       1082440 kB
Mapped:           655872 kB
Shmem:             22276 kB
KReclaimable:     599068 kB
Slab:             212780 kB
SReclaimable:      57904 kB
SUnreclaim:       154876 kB
KernelStack:       44624 kB
PageTables:        57124 kB
NFS_Unstable:          0 kB
Bounce:                0 kB
WritebackTmp:          0 kB
CommitLimit:     6660208 kB
Committed_AS:   62641808 kB
VmallocTotal:   263061440 kB
VmallocUsed:       84984 kB
VmallocChunk:          0 kB
Percpu:             7584 kB
CmaTotal:         315392 kB
CmaFree:             472 kB
MemTotal:        5980404 kB
MemFree:          626416 kB
MemAvailable:    2845672 kB
Buffers:            6008 kB
Cached:          2211656 kB
SwapCached:            0 kB
Active:          1534740 kB
Inactive:        1760652 kB
Active(anon):     891664 kB
Inactive(anon):   212916 kB
Active(file):     643076 kB
Inactive(file):  1547736 kB
Unevictable:        5596 kB
Mlocked:            5596 kB
SwapTotal:       3670008 kB
SwapFree:        3668984 kB
Dirty:               188 kB
Writeback:             0 kB
AnonPages:       1083704 kB
Mapped:           655892 kB
Shmem:             22296 kB
KReclaimable:     599068 kB
Slab:             212828 kB
SReclaimable:      57904 kB
SUnreclaim:       154924 kB
KernelStack:       44608 kB
PageTables:        57084 kB
NFS_Unstable:          0 kB
Bounce:                0 kB
WritebackTmp:          0 kB
CommitLimit:     6660208 kB
Committed_AS:   62639376 kB
VmallocTotal:   263061440 kB
VmallocUsed:       84984 kB
VmallocChunk:          0 kB
Percpu:             7584 kB
CmaTotal:         315392 kB
CmaFree:             128 kB
MemTotal:        5980404 kB
MemFree:          626288 kB
MemAvailable:    2845544 kB
Buffers:            6008 kB
Cached:          2211656 kB
SwapCached:            0 kB
Active:          1535324 kB
Inactive:        1760652 kB
Active(anon):     892248 kB
Inactive(anon):   212916 kB
Active(file):     643076 kB
Inactive(file):  1547736 kB
Unevictable:        5596 kB
Mlocked:            5596 kB
SwapTotal:       3670008 kB
SwapFree:        3668984 kB
Dirty:               100 kB
Writeback:             0 kB
AnonPages:       1084040 kB
Mapped:           655644 kB
Shmem:             22296 kB
KReclaimable:     599068 kB
Slab:             212772 kB
SReclaimable:      57904 kB
SUnreclaim:       154868 kB
KernelStack:       44684 kB
PageTables:        57128 kB
NFS_Unstable:          0 kB
Bounce:                0 kB
WritebackTmp:          0 kB
CommitLimit:     6660208 kB
Committed_AS:   62643492 kB
VmallocTotal:   263061440 kB
VmallocUsed:       85048 kB
VmallocChunk:          0 kB
Percpu:             7584 kB
CmaTotal:         315392 kB
CmaFree:               0 kB
MemTotal:        5980404 kB
MemFree:          624096 kB
MemAvailable:    2843356 kB
Buffers:            6008 kB
Cached:          2211660 kB
SwapCached:            0 kB
Active:          1536216 kB
Inactive:        1760652 kB
Active(anon):     893136 kB
Inactive(anon):   212916 kB
Active(file):     643080 kB
Inactive(file):  1547736 kB
Unevictable:        5596 kB
Mlocked:            5596 kB
SwapTotal:       3670008 kB
SwapFree:        3668984 kB
Dirty:               104 kB
Writeback:             0 kB
AnonPages:       1084780 kB
Mapped:           655664 kB
Shmem:             22296 kB
KReclaimable:     599068 kB
Slab:             212852 kB
SReclaimable:      57904 kB
SUnreclaim:       154948 kB
KernelStack:       44672 kB
PageTables:        57472 kB
NFS_Unstable:          0 kB
Bounce:                0 kB
WritebackTmp:          0 kB
CommitLimit:     6660208 kB
Committed_AS:   62643252 kB
VmallocTotal:   263061440 kB
VmallocUsed:       85080 kB
VmallocChunk:          0 kB
Percpu:             7584 kB
CmaTotal:         315392 kB
CmaFree:               0 kB
MemTotal:        5980404 kB
MemFree:          624772 kB
MemAvailable:    2844028 kB
Buffers:            6008 kB
Cached:          2211656 kB
SwapCached:            0 kB
Active:          1537344 kB
Inactive:        1760652 kB
Active(anon):     894268 kB
Inactive(anon):   212916 kB
Active(file):     643076 kB
Inactive(file):  1547736 kB
Unevictable:        5596 kB
Mlocked:            5596 kB
SwapTotal:       3670008 kB
SwapFree:        3668984 kB
Dirty:               100 kB
Writeback:             0 kB
AnonPages:       1086084 kB
Mapped:           655704 kB
Shmem:             22296 kB
KReclaimable:     599068 kB
Slab:             212716 kB
SReclaimable:      57904 kB
SUnreclaim:       154812 kB
KernelStack:       44640 kB
PageTables:        57020 kB
NFS_Unstable:          0 kB
Bounce:                0 kB
WritebackTmp:          0 kB
CommitLimit:     6660208 kB
Committed_AS:   62640524 kB
VmallocTotal:   263061440 kB
VmallocUsed:       85048 kB
VmallocChunk:          0 kB
Percpu:             7584 kB
CmaTotal:         315392 kB
CmaFree:               0 kB
MemTotal:        5980404 kB
MemFree:          624500 kB
MemAvailable:    2843756 kB
Buffers:            6008 kB
Cached:          2211656 kB
SwapCached:            0 kB
Active:          1537624 kB
Inactive:        1760656 kB
Active(anon):     894552 kB
Inactive(anon):   212916 kB
Active(file):     643072 kB
Inactive(file):  1547740 kB
Unevictable:        5596 kB
Mlocked:            5596 kB
SwapTotal:       3670008 kB
SwapFree:        3668984 kB
Dirty:               132 kB
Writeback:             0 kB
AnonPages:       1086220 kB
Mapped:           655684 kB
Shmem:             22296 kB
KReclaimable:     599068 kB
Slab:             212788 kB
SReclaimable:      57904 kB
SUnreclaim:       154884 kB
KernelStack:       44688 kB
PageTables:        56888 kB
NFS_Unstable:          0 kB
Bounce:                0 kB
WritebackTmp:          0 kB
CommitLimit:     6660208 kB
Committed_AS:   62642104 kB
VmallocTotal:   263061440 kB
VmallocUsed:       85064 kB
VmallocChunk:          0 kB
Percpu:             7584 kB
CmaTotal:         315392 kB
CmaFree:               0 kB
MemTotal:        5980404 kB
MemFree:          623860 kB
MemAvailable:    2843132 kB
Buffers:            6012 kB
Cached:          2211668 kB
SwapCached:            0 kB
Active:          1538160 kB
Inactive:        1760664 kB
Active(anon):     895080 kB
Inactive(anon):   212916 kB
Active(file):     643080 kB
Inactive(file):  1547748 kB
Unevictable:        5596 kB
Mlocked:            5596 kB
SwapTotal:       3670008 kB
SwapFree:        3668984 kB
Dirty:               152 kB
Writeback:             0 kB
AnonPages:       1086708 kB
Mapped:           655728 kB
Shmem:             22296 kB
KReclaimable:     599068 kB
Slab:             212812 kB
SReclaimable:      57904 kB
SUnreclaim:       154908 kB
KernelStack:       44624 kB
PageTables:        57008 kB
NFS_Unstable:          0 kB
Bounce:                0 kB
WritebackTmp:          0 kB
CommitLimit:     6660208 kB
Committed_AS:   62644024 kB
VmallocTotal:   263061440 kB
VmallocUsed:       85096 kB
VmallocChunk:          0 kB
Percpu:             7584 kB
CmaTotal:         315392 kB
CmaFree:               0 kB
MemTotal:        5980404 kB
MemFree:          623956 kB
MemAvailable:    2843228 kB
Buffers:            6012 kB
Cached:          2211668 kB
SwapCached:            0 kB
Active:          1537544 kB
Inactive:        1760664 kB
Active(anon):     894464 kB
Inactive(anon):   212916 kB
Active(file):     643080 kB
Inactive(file):  1547748 kB
Unevictable:        5596 kB
Mlocked:            5596 kB
SwapTotal:       3670008 kB
SwapFree:        3668984 kB
Dirty:               144 kB
Writeback:             0 kB
AnonPages:       1086456 kB
Mapped:           655728 kB
Shmem:             22296 kB
KReclaimable:     599068 kB
Slab:             212804 kB
SReclaimable:      57904 kB
SUnreclaim:       154900 kB
KernelStack:       44656 kB
PageTables:        57152 kB
NFS_Unstable:          0 kB
Bounce:                0 kB
WritebackTmp:          0 kB
CommitLimit:     6660208 kB
Committed_AS:   62643724 kB
VmallocTotal:   263061440 kB
VmallocUsed:       85016 kB
VmallocChunk:          0 kB
Percpu:             7584 kB
CmaTotal:         315392 kB
CmaFree:             228 kB
MemTotal:        5980404 kB
MemFree:          622976 kB
MemAvailable:    2842248 kB
Buffers:            6012 kB
Cached:          2211668 kB
SwapCached:            0 kB
Active:          1538364 kB
Inactive:        1760652 kB
Active(anon):     895272 kB
Inactive(anon):   212916 kB
Active(file):     643092 kB
Inactive(file):  1547736 kB
Unevictable:        5596 kB
Mlocked:            5596 kB
SwapTotal:       3670008 kB
SwapFree:        3668984 kB
Dirty:               184 kB
Writeback:             0 kB
AnonPages:       1086816 kB
Mapped:           655840 kB
Shmem:             22296 kB
KReclaimable:     599068 kB
Slab:             212788 kB
SReclaimable:      57904 kB
SUnreclaim:       154884 kB
KernelStack:       44672 kB
PageTables:        57200 kB
NFS_Unstable:          0 kB
Bounce:                0 kB
WritebackTmp:          0 kB
CommitLimit:     6660208 kB
Committed_AS:   62641936 kB
VmallocTotal:   263061440 kB
VmallocUsed:       85000 kB
VmallocChunk:          0 kB
Percpu:             7584 kB
CmaTotal:         315392 kB
CmaFree:               0 kB
MemTotal:        5980404 kB
MemFree:          623444 kB
MemAvailable:    2842708 kB
Buffers:            6012 kB
Cached:          2211660 kB
SwapCached:            0 kB
Active:          1538276 kB
Inactive:        1760648 kB
Active(anon):     895188 kB
Inactive(anon):   212916 kB
Active(file):     643088 kB
Inactive(file):  1547732 kB
Unevictable:        5596 kB
Mlocked:            5596 kB
SwapTotal:       3670008 kB
SwapFree:        3668984 kB
Dirty:               180 kB
Writeback:             0 kB
AnonPages:       1086968 kB
Mapped:           655664 kB
Shmem:             22296 kB
KReclaimable:     599068 kB
Slab:             212796 kB
SReclaimable:      57904 kB
SUnreclaim:       154892 kB
KernelStack:       44672 kB
PageTables:        57264 kB
NFS_Unstable:          0 kB
Bounce:                0 kB
WritebackTmp:          0 kB
CommitLimit:     6660208 kB
Committed_AS:   62644396 kB
VmallocTotal:   263061440 kB
VmallocUsed:       85032 kB
VmallocChunk:          0 kB
Percpu:             7584 kB
CmaTotal:         315392 kB
CmaFree:             276 kB
MemTotal:        5980404 kB
MemFree:          623040 kB
MemAvailable:    2842312 kB
Buffers:            6012 kB
Cached:          2211684 kB
SwapCached:            0 kB
Active:          1539804 kB
Inactive:        1760668 kB
Active(anon):     896712 kB
Inactive(anon):   212932 kB
Active(file):     643092 kB
Inactive(file):  1547736 kB
Unevictable:        5596 kB
Mlocked:            5596 kB
SwapTotal:       3670008 kB
SwapFree:        3668984 kB
Dirty:               184 kB
Writeback:             0 kB
AnonPages:       1088376 kB
Mapped:           655924 kB
Shmem:             22312 kB
KReclaimable:     599068 kB
Slab:             212796 kB
SReclaimable:      57904 kB
SUnreclaim:       154892 kB
KernelStack:       44640 kB
PageTables:        57040 kB
NFS_Unstable:          0 kB
Bounce:                0 kB
WritebackTmp:          0 kB
CommitLimit:     6660208 kB
Committed_AS:   62643212 kB
VmallocTotal:   263061440 kB
VmallocUsed:       85016 kB
VmallocChunk:          0 kB
Percpu:             7584 kB
CmaTotal:         315392 kB
CmaFree:             256 kB
MemTotal:        5980404 kB
MemFree:          621940 kB
MemAvailable:    2841212 kB
Buffers:            6012 kB
Cached:          2211684 kB
SwapCached:            0 kB
Active:          1540340 kB
Inactive:        1760668 kB
Active(anon):     897248 kB
Inactive(anon):   212932 kB
Active(file):     643092 kB
Inactive(file):  1547736 kB
Unevictable:        5596 kB
Mlocked:            5596 kB
SwapTotal:       3670008 kB
SwapFree:        3668984 kB
Dirty:               196 kB
Writeback:             0 kB
AnonPages:       1088936 kB
Mapped:           655744 kB
Shmem:             22312 kB
KReclaimable:     599068 kB
Slab:             212708 kB
SReclaimable:      57904 kB
SUnreclaim:       154804 kB
KernelStack:       44672 kB
PageTables:        57172 kB
NFS_Unstable:          0 kB
Bounce:                0 kB
WritebackTmp:          0 kB
CommitLimit:     6660208 kB
Committed_AS:   62640936 kB
VmallocTotal:   263061440 kB
VmallocUsed:       85016 kB
VmallocChunk:          0 kB
Percpu:             7584 kB
CmaTotal:         315392 kB
CmaFree:               0 kB
MemTotal:        5980404 kB
MemFree:          621636 kB
MemAvailable:    2840944 kB
Buffers:            6012 kB
Cached:          2211720 kB
SwapCached:            0 kB
Active:          1541184 kB
Inactive:        1760700 kB
Active(anon):     898088 kB
Inactive(anon):   212932 kB
Active(file):     643096 kB
Inactive(file):  1547768 kB
Unevictable:        5596 kB
Mlocked:            5596 kB
SwapTotal:       3670008 kB
SwapFree:        3668984 kB
Dirty:               204 kB
Writeback:             0 kB
AnonPages:       1089760 kB
Mapped:           655744 kB
Shmem:             22312 kB
KReclaimable:     599068 kB
Slab:             212820 kB
SReclaimable:      57904 kB
SUnreclaim:       154916 kB
KernelStack:       44656 kB
PageTables:        57184 kB
NFS_Unstable:          0 kB
Bounce:                0 kB
WritebackTmp:          0 kB
CommitLimit:     6660208 kB
Committed_AS:   62644572 kB
VmallocTotal:   263061440 kB
VmallocUsed:       85000 kB
VmallocChunk:          0 kB
Percpu:             7584 kB
CmaTotal:         315392 kB
CmaFree:               0 kB
MemTotal:        5980404 kB
MemFree:          621560 kB
MemAvailable:    2840832 kB
Buffers:            6012 kB
Cached:          2211684 kB
SwapCached:            0 kB
Active:          1541348 kB
Inactive:        1760668 kB
Active(anon):     898256 kB
Inactive(anon):   212932 kB
Active(file):     643092 kB
Inactive(file):  1547736 kB
Unevictable:        5596 kB
Mlocked:            5596 kB
SwapTotal:       3670008 kB
SwapFree:        3668984 kB
Dirty:               196 kB
Writeback:             0 kB
AnonPages:       1090024 kB
Mapped:           655844 kB
Shmem:             22312 kB
KReclaimable:     599068 kB
Slab:             212772 kB
SReclaimable:      57904 kB
SUnreclaim:       154868 kB
KernelStack:       44624 kB
PageTables:        57164 kB
NFS_Unstable:          0 kB
Bounce:                0 kB
WritebackTmp:          0 kB
CommitLimit:     6660208 kB
Committed_AS:   62642040 kB
VmallocTotal:   263061440 kB
VmallocUsed:       84936 kB
VmallocChunk:          0 kB
Percpu:             7584 kB
CmaTotal:         315392 kB
CmaFree:               0 kB
MemTotal:        5980404 kB
MemFree:          620712 kB
MemAvailable:    2839984 kB
Buffers:            6012 kB
Cached:          2211688 kB
SwapCached:            0 kB
Active:          1542456 kB
Inactive:        1760672 kB
Active(anon):     899364 kB
Inactive(anon):   212936 kB
Active(file):     643092 kB
Inactive(file):  1547736 kB
Unevictable:        5596 kB
Mlocked:            5596 kB
SwapTotal:       3670008 kB
SwapFree:        3668984 kB
Dirty:               196 kB
Writeback:             0 kB
AnonPages:       1091004 kB
Mapped:           655932 kB
Shmem:             22316 kB
KReclaimable:     599068 kB
Slab:             212812 kB
SReclaimable:      57904 kB
SUnreclaim:       154908 kB
KernelStack:       44640 kB
PageTables:        57000 kB
NFS_Unstable:          0 kB
Bounce:                0 kB
WritebackTmp:          0 kB
CommitLimit:     6660208 kB
Committed_AS:   62642992 kB
VmallocTotal:   263061440 kB
VmallocUsed:       85016 kB
VmallocChunk:          0 kB
Percpu:             7584 kB
CmaTotal:         315392 kB
CmaFree:               0 kB
MemTotal:        5980404 kB
MemFree:          621284 kB
MemAvailable:    2840592 kB
Buffers:            6012 kB
Cached:          2211724 kB
SwapCached:            0 kB
Active:          1543572 kB
Inactive:        1760708 kB
Active(anon):     900480 kB
Inactive(anon):   212936 kB
Active(file):     643092 kB
Inactive(file):  1547772 kB
Unevictable:        5596 kB
Mlocked:            5596 kB
SwapTotal:       3670008 kB
SwapFree:        3668984 kB
Dirty:               200 kB
Writeback:             0 kB
AnonPages:       1091788 kB
Mapped:           655992 kB
Shmem:             22316 kB
KReclaimable:     599068 kB
Slab:             212772 kB
SReclaimable:      57904 kB
SUnreclaim:       154868 kB
KernelStack:       44688 kB
PageTables:        57256 kB
NFS_Unstable:          0 kB
Bounce:                0 kB
WritebackTmp:          0 kB
CommitLimit:     6660208 kB
Committed_AS:   62644428 kB
VmallocTotal:   263061440 kB
VmallocUsed:       85000 kB
VmallocChunk:          0 kB
Percpu:             7584 kB
CmaTotal:         315392 kB
CmaFree:              12 kB
MemTotal:        5980404 kB
MemFree:          620148 kB
MemAvailable:    2839432 kB
Buffers:            6012 kB
Cached:          2211700 kB
SwapCached:            0 kB
Active:          1543896 kB
Inactive:        1760684 kB
Active(anon):     900804 kB
Inactive(anon):   212936 kB
Active(file):     643092 kB
Inactive(file):  1547748 kB
Unevictable:        5596 kB
Mlocked:            5596 kB
SwapTotal:       3670008 kB
SwapFree:        3668984 kB
Dirty:               100 kB
Writeback:             0 kB
AnonPages:       1092644 kB
Mapped:           655912 kB
Shmem:             22316 kB
KReclaimable:     599068 kB
Slab:             212800 kB
SReclaimable:      57904 kB
SUnreclaim:       154896 kB
KernelStack:       44640 kB
PageTables:        57060 kB
NFS_Unstable:          0 kB
Bounce:                0 kB
WritebackTmp:          0 kB
CommitLimit:     6660208 kB
Committed_AS:   62642224 kB
VmallocTotal:   263061440 kB
VmallocUsed:       84984 kB
VmallocChunk:          0 kB
Percpu:             7584 kB
CmaTotal:         315392 kB
CmaFree:               0 kB
MemTotal:        5980404 kB
MemFree:          629404 kB
MemAvailable:    2848688 kB
Buffers:            6012 kB
Cached:          2211700 kB
SwapCached:            0 kB
Active:          1532964 kB
Inactive:        1760684 kB
Active(anon):     889872 kB
Inactive(anon):   212936 kB
Active(file):     643092 kB
Inactive(file):  1547748 kB
Unevictable:        5596 kB
Mlocked:            5596 kB
SwapTotal:       3670008 kB
SwapFree:        3668984 kB
Dirty:               100 kB
Writeback:             0 kB
AnonPages:       1081604 kB
Mapped:           655912 kB
Shmem:             22316 kB
KReclaimable:     599068 kB
Slab:             212736 kB
SReclaimable:      57904 kB
SUnreclaim:       154832 kB
KernelStack:       44656 kB
PageTables:        56920 kB
NFS_Unstable:          0 kB
Bounce:                0 kB
WritebackTmp:          0 kB
CommitLimit:     6660208 kB
Committed_AS:   62642244 kB
VmallocTotal:   263061440 kB
VmallocUsed:       84984 kB
VmallocChunk:          0 kB
Percpu:             7584 kB
CmaTotal:         315392 kB
CmaFree:            2180 kB
MemTotal:        5980404 kB
MemFree:          629648 kB
MemAvailable:    2848932 kB
Buffers:            6012 kB
Cached:          2211700 kB
SwapCached:            0 kB
Active:          1533640 kB
Inactive:        1760684 kB
Active(anon):     890548 kB
Inactive(anon):   212936 kB
Active(file):     643092 kB
Inactive(file):  1547748 kB
Unevictable:        5596 kB
Mlocked:            5596 kB
SwapTotal:       3670008 kB
SwapFree:        3668984 kB
Dirty:               112 kB
Writeback:             0 kB
AnonPages:       1082088 kB
Mapped:           655684 kB
Shmem:             22316 kB
KReclaimable:     599068 kB
Slab:             212808 kB
SReclaimable:      57904 kB
SUnreclaim:       154904 kB
KernelStack:       44656 kB
PageTables:        57020 kB
NFS_Unstable:          0 kB
Bounce:                0 kB
WritebackTmp:          0 kB
CommitLimit:     6660208 kB
Committed_AS:   62643860 kB
VmallocTotal:   263061440 kB
VmallocUsed:       85016 kB
VmallocChunk:          0 kB
Percpu:             7584 kB
CmaTotal:         315392 kB
CmaFree:             836 kB
MemTotal:        5980404 kB
MemFree:          628720 kB
MemAvailable:    2848004 kB
Buffers:            6012 kB
Cached:          2211700 kB
SwapCached:            0 kB
Active:          1534084 kB
Inactive:        1760684 kB
Active(anon):     890992 kB
Inactive(anon):   212936 kB
Active(file):     643092 kB
Inactive(file):  1547748 kB
Unevictable:        5596 kB
Mlocked:            5596 kB
SwapTotal:       3670008 kB
SwapFree:        3668984 kB
Dirty:               116 kB
Writeback:             0 kB
AnonPages:       1082720 kB
Mapped:           655752 kB
Shmem:             22316 kB
KReclaimable:     599068 kB
Slab:             212752 kB
SReclaimable:      57904 kB
SUnreclaim:       154848 kB
KernelStack:       44624 kB
PageTables:        56892 kB
NFS_Unstable:          0 kB
Bounce:                0 kB
WritebackTmp:          0 kB
CommitLimit:     6660208 kB
Committed_AS:   62641800 kB
VmallocTotal:   263061440 kB
VmallocUsed:       84952 kB
VmallocChunk:          0 kB
Percpu:             7584 kB
CmaTotal:         315392 kB
CmaFree:            1124 kB
MemTotal:        5980404 kB
MemFree:          627380 kB
MemAvailable:    2846664 kB
Buffers:            6012 kB
Cached:          2211700 kB
SwapCached:            0 kB
Active:          1534836 kB
Inactive:        1760684 kB
Active(anon):     891744 kB
Inactive(anon):   212936 kB
Active(file):     643092 kB
Inactive(file):  1547748 kB
Unevictable:        5596 kB
Mlocked:            5596 kB
SwapTotal:       3670008 kB
SwapFree:        3668984 kB
Dirty:               116 kB
Writeback:             0 kB
AnonPages:       1083376 kB
Mapped:           655684 kB
Shmem:             22316 kB
KReclaimable:     599068 kB
Slab:             212824 kB
SReclaimable:      57904 kB
SUnreclaim:       154920 kB
KernelStack:       44640 kB
PageTables:        57080 kB
NFS_Unstable:          0 kB
Bounce:                0 kB
WritebackTmp:          0 kB
CommitLimit:     6660208 kB
Committed_AS:   62644196 kB
VmallocTotal:   263061440 kB
VmallocUsed:       84968 kB
VmallocChunk:          0 kB
Percpu:             7584 kB
CmaTotal:         315392 kB
CmaFree:               0 kB
MemTotal:        5980404 kB
MemFree:          627180 kB
MemAvailable:    2846476 kB
Buffers:            6016 kB
Cached:          2211708 kB
SwapCached:            0 kB
Active:          1535500 kB
Inactive:        1760692 kB
Active(anon):     892404 kB
Inactive(anon):   212936 kB
Active(file):     643096 kB
Inactive(file):  1547756 kB
Unevictable:        5596 kB
Mlocked:            5596 kB
SwapTotal:       3670008 kB
SwapFree:        3668984 kB
Dirty:                96 kB
Writeback:             0 kB
AnonPages:       1084188 kB
Mapped:           655720 kB
Shmem:             22316 kB
KReclaimable:     599068 kB
Slab:             212856 kB
SReclaimable:      57904 kB
SUnreclaim:       154952 kB
KernelStack:       44656 kB
PageTables:        57088 kB
NFS_Unstable:          0 kB
Bounce:                0 kB
WritebackTmp:          0 kB
CommitLimit:     6660208 kB
Committed_AS:   62644568 kB
VmallocTotal:   263061440 kB
VmallocUsed:       85000 kB
VmallocChunk:          0 kB
Percpu:             7584 kB
CmaTotal:         315392 kB
CmaFree:               0 kB
MemTotal:        5980404 kB
MemFree:          627108 kB
MemAvailable:    2846420 kB
Buffers:            6016 kB
Cached:          2211724 kB
SwapCached:            0 kB
Active:          1535776 kB
Inactive:        1760704 kB
Active(anon):     892676 kB
Inactive(anon):   212936 kB
Active(file):     643100 kB
Inactive(file):  1547768 kB
Unevictable:        5596 kB
Mlocked:            5596 kB
SwapTotal:       3670008 kB
SwapFree:        3668984 kB
Dirty:               112 kB
Writeback:             0 kB
AnonPages:       1084564 kB
Mapped:           655816 kB
Shmem:             22316 kB
KReclaimable:     599068 kB
Slab:             212824 kB
SReclaimable:      57904 kB
SUnreclaim:       154920 kB
KernelStack:       44672 kB
PageTables:        57052 kB
NFS_Unstable:          0 kB
Bounce:                0 kB
WritebackTmp:          0 kB
CommitLimit:     6660208 kB
Committed_AS:   62641876 kB
VmallocTotal:   263061440 kB
VmallocUsed:       84984 kB
VmallocChunk:          0 kB
Percpu:             7584 kB
CmaTotal:         315392 kB
CmaFree:               0 kB
MemTotal:        5980404 kB
MemFree:          625908 kB
MemAvailable:    2845212 kB
Buffers:            6016 kB
Cached:          2211716 kB
SwapCached:            0 kB
Active:          1537008 kB
Inactive:        1760700 kB
Active(anon):     893912 kB
Inactive(anon):   212936 kB
Active(file):     643096 kB
Inactive(file):  1547764 kB
Unevictable:        5596 kB
Mlocked:            5596 kB
SwapTotal:       3670008 kB
SwapFree:        3668984 kB
Dirty:               120 kB
Writeback:             0 kB
AnonPages:       1085196 kB
Mapped:           655888 kB
Shmem:             22316 kB
KReclaimable:     599068 kB
Slab:             212728 kB
SReclaimable:      57904 kB
SUnreclaim:       154824 kB
KernelStack:       44672 kB
PageTables:        57152 kB
NFS_Unstable:          0 kB
Bounce:                0 kB
WritebackTmp:          0 kB
CommitLimit:     6660208 kB
Committed_AS:   62646748 kB
VmallocTotal:   263061440 kB
VmallocUsed:       84984 kB
VmallocChunk:          0 kB
Percpu:             7584 kB
CmaTotal:         315392 kB
CmaFree:               0 kB
MemTotal:        5980404 kB
MemFree:          625412 kB
MemAvailable:    2844764 kB
Buffers:            6016 kB
Cached:          2211764 kB
SwapCached:            0 kB
Active:          1537756 kB
Inactive:        1760740 kB
Active(anon):     894652 kB
Inactive(anon):   212936 kB
Active(file):     643104 kB
Inactive(file):  1547804 kB
Unevictable:        5596 kB
Mlocked:            5596 kB
SwapTotal:       3670008 kB
SwapFree:        3668984 kB
Dirty:               140 kB
Writeback:             0 kB
AnonPages:       1086208 kB
Mapped:           655868 kB
Shmem:             22316 kB
KReclaimable:     599068 kB
Slab:             212816 kB
SReclaimable:      57904 kB
SUnreclaim:       154912 kB
KernelStack:       44688 kB
PageTables:        57252 kB
NFS_Unstable:          0 kB
Bounce:                0 kB
WritebackTmp:          0 kB
CommitLimit:     6660208 kB
Committed_AS:   62644244 kB
VmallocTotal:   263061440 kB
VmallocUsed:       84984 kB
VmallocChunk:          0 kB
Percpu:             7584 kB
CmaTotal:         315392 kB
CmaFree:               0 kB
MemTotal:        5980404 kB
MemFree:          627192 kB
MemAvailable:    2846500 kB
Buffers:            6016 kB
Cached:          2211724 kB
SwapCached:            0 kB
Active:          1534320 kB
Inactive:        1760708 kB
Active(anon):     891224 kB
Inactive(anon):   212940 kB
Active(file):     643096 kB
Inactive(file):  1547768 kB
Unevictable:        5596 kB
Mlocked:            5596 kB
SwapTotal:       3670008 kB
SwapFree:        3668984 kB
Dirty:               128 kB
Writeback:             0 kB
AnonPages:       1082556 kB
Mapped:           655688 kB
Shmem:             22320 kB
KReclaimable:     599068 kB
Slab:             212704 kB
SReclaimable:      57904 kB
SUnreclaim:       154800 kB
KernelStack:       44624 kB
PageTables:        57128 kB
NFS_Unstable:          0 kB
Bounce:                0 kB
WritebackTmp:          0 kB
CommitLimit:     6660208 kB
Committed_AS:   62643408 kB
VmallocTotal:   263061440 kB
VmallocUsed:       85016 kB
VmallocChunk:          0 kB
Percpu:             7584 kB
CmaTotal:         315392 kB
CmaFree:               4 kB
MemTotal:        5980404 kB
MemFree:          627700 kB
MemAvailable:    2847008 kB
Buffers:            6016 kB
Cached:          2211724 kB
SwapCached:            0 kB
Active:          1534900 kB
Inactive:        1760708 kB
Active(anon):     891804 kB
Inactive(anon):   212940 kB
Active(file):     643096 kB
Inactive(file):  1547768 kB
Unevictable:        5596 kB
Mlocked:            5596 kB
SwapTotal:       3670008 kB
SwapFree:        3668984 kB
Dirty:               128 kB
Writeback:             0 kB
AnonPages:       1083608 kB
Mapped:           655924 kB
Shmem:             22320 kB
KReclaimable:     599068 kB
Slab:             212864 kB
SReclaimable:      57904 kB
SUnreclaim:       154960 kB
KernelStack:       44656 kB
PageTables:        57248 kB
NFS_Unstable:          0 kB
Bounce:                0 kB
WritebackTmp:          0 kB
CommitLimit:     6660208 kB
Committed_AS:   62642352 kB
VmallocTotal:   263061440 kB
VmallocUsed:       84984 kB
VmallocChunk:          0 kB
Percpu:             7584 kB
CmaTotal:         315392 kB
CmaFree:             268 kB
MemTotal:        5980404 kB
MemFree:          626420 kB
MemAvailable:    2845728 kB
Buffers:            6016 kB
Cached:          2211740 kB
SwapCached:            0 kB
Active:          1535536 kB
Inactive:        1760724 kB
Active(anon):     892440 kB
Inactive(anon):   212956 kB
Active(file):     643096 kB
Inactive(file):  1547768 kB
Unevictable:        5596 kB
Mlocked:            5596 kB
SwapTotal:       3670008 kB
SwapFree:        3668984 kB
Dirty:               128 kB
Writeback:             0 kB
AnonPages:       1084104 kB
Mapped:           655816 kB
Shmem:             22336 kB
KReclaimable:     599068 kB
Slab:             212840 kB
SReclaimable:      57904 kB
SUnreclaim:       154936 kB
KernelStack:       44576 kB
PageTables:        56884 kB
NFS_Unstable:          0 kB
Bounce:                0 kB
WritebackTmp:          0 kB
CommitLimit:     6660208 kB
Committed_AS:   62641108 kB
VmallocTotal:   263061440 kB
VmallocUsed:       84952 kB
VmallocChunk:          0 kB
Percpu:             7584 kB
CmaTotal:         315392 kB
CmaFree:              24 kB
MemTotal:        5980404 kB
MemFree:          626768 kB
MemAvailable:    2846076 kB
Buffers:            6016 kB
Cached:          2211740 kB
SwapCached:            0 kB
Active:          1535956 kB
Inactive:        1760724 kB
Active(anon):     892860 kB
Inactive(anon):   212956 kB
Active(file):     643096 kB
Inactive(file):  1547768 kB
Unevictable:        5596 kB
Mlocked:            5596 kB
SwapTotal:       3670008 kB
SwapFree:        3668984 kB
Dirty:               124 kB
Writeback:             0 kB
AnonPages:       1084308 kB
Mapped:           655572 kB
Shmem:             22336 kB
KReclaimable:     599068 kB
Slab:             212784 kB
SReclaimable:      57904 kB
SUnreclaim:       154880 kB
KernelStack:       44640 kB
PageTables:        57112 kB
NFS_Unstable:          0 kB
Bounce:                0 kB
WritebackTmp:          0 kB
CommitLimit:     6660208 kB
Committed_AS:   62642172 kB
VmallocTotal:   263061440 kB
VmallocUsed:       84936 kB
VmallocChunk:          0 kB
Percpu:             7584 kB
CmaTotal:         315392 kB
CmaFree:               4 kB
MemTotal:        5980404 kB
MemFree:          624976 kB
MemAvailable:    2844284 kB
Buffers:            6016 kB
Cached:          2211740 kB
SwapCached:            0 kB
Active:          1536344 kB
Inactive:        1760724 kB
Active(anon):     893248 kB
Inactive(anon):   212956 kB
Active(file):     643096 kB
Inactive(file):  1547768 kB
Unevictable:        5596 kB
Mlocked:            5596 kB
SwapTotal:       3670008 kB
SwapFree:        3668984 kB
Dirty:               132 kB
Writeback:             0 kB
AnonPages:       1085372 kB
Mapped:           655752 kB
Shmem:             22336 kB
KReclaimable:     599068 kB
Slab:             212832 kB
SReclaimable:      57904 kB
SUnreclaim:       154928 kB
KernelStack:       44640 kB
PageTables:        57264 kB
NFS_Unstable:          0 kB
Bounce:                0 kB
WritebackTmp:          0 kB
CommitLimit:     6660208 kB
Committed_AS:   62641112 kB
VmallocTotal:   263061440 kB
VmallocUsed:       84952 kB
VmallocChunk:          0 kB
Percpu:             7584 kB
CmaTotal:         315392 kB
CmaFree:             132 kB
MemTotal:        5980404 kB
MemFree:          625412 kB
MemAvailable:    2844728 kB
Buffers:            6016 kB
Cached:          2211748 kB
SwapCached:            0 kB
Active:          1537784 kB
Inactive:        1760732 kB
Active(anon):     894688 kB
Inactive(anon):   212956 kB
Active(file):     643096 kB
Inactive(file):  1547776 kB
Unevictable:        5596 kB
Mlocked:            5596 kB
SwapTotal:       3670008 kB
SwapFree:        3668984 kB
Dirty:               144 kB
Writeback:             0 kB
AnonPages:       1086108 kB
Mapped:           655892 kB
Shmem:             22336 kB
KReclaimable:     599068 kB
Slab:             212744 kB
SReclaimable:      57904 kB
SUnreclaim:       154840 kB
KernelStack:       44624 kB
PageTables:        57260 kB
NFS_Unstable:          0 kB
Bounce:                0 kB
WritebackTmp:          0 kB
CommitLimit:     6660208 kB
Committed_AS:   62643224 kB
VmallocTotal:   263061440 kB
VmallocUsed:       84920 kB
VmallocChunk:          0 kB
Percpu:             7584 kB
CmaTotal:         315392 kB
CmaFree:               0 kB
MemTotal:        5980404 kB
MemFree:          624548 kB
MemAvailable:    2843876 kB
Buffers:            6016 kB
Cached:          2211760 kB
SwapCached:            0 kB
Active:          1538380 kB
Inactive:        1760740 kB
Active(anon):     895280 kB
Inactive(anon):   212956 kB
Active(file):     643100 kB
Inactive(file):  1547784 kB
Unevictable:        5596 kB
Mlocked:            5596 kB
SwapTotal:       3670008 kB
SwapFree:        3668984 kB
Dirty:               164 kB
Writeback:             0 kB
AnonPages:       1086924 kB
Mapped:           655980 kB
Shmem:             22336 kB
KReclaimable:     599068 kB
Slab:             212800 kB
SReclaimable:      57904 kB
SUnreclaim:       154896 kB
KernelStack:       44624 kB
PageTables:        57160 kB
NFS_Unstable:          0 kB
Bounce:                0 kB
WritebackTmp:          0 kB
CommitLimit:     6660208 kB
Committed_AS:   62643360 kB
VmallocTotal:   263061440 kB
VmallocUsed:       84936 kB
