MemTotal:       12113136 kB
MemFree:         4157596 kB
MemAvailable:    7642336 kB
Buffers:            7304 kB
Cached:          2622756 kB
SwapCached:            0 kB
Active:          2015240 kB
Inactive:        2070040 kB
Active(anon):    1464628 kB
Inactive(anon):    35796 kB
Active(file):     550612 kB
Inactive(file):  2034244 kB
Unevictable:        5564 kB
Mlocked:            5564 kB
SwapTotal:       3145724 kB
SwapFree:        3145724 kB
Dirty:               164 kB
Writeback:             0 kB
AnonPages:       1460672 kB
Mapped:           974796 kB
Shmem:             40728 kB
KReclaimable:    1768588 kB
Slab:             277036 kB
SReclaimable:     120712 kB
SUnreclaim:       156324 kB
KernelStack:       51264 kB
PageTables:        71092 kB
NFS_Unstable:          0 kB
Bounce:                0 kB
WritebackTmp:          0 kB
CommitLimit:     9202292 kB
Committed_AS:   78343072 kB
VmallocTotal:   263061440 kB
VmallocUsed:      108456 kB
VmallocChunk:          0 kB
Percpu:             7712 kB
CmaTotal:         294912 kB
CmaFree:               4 kB
MemTotal:       12113136 kB
MemFree:         4156064 kB
MemAvailable:    7640872 kB
Buffers:            7304 kB
Cached:          2622824 kB
SwapCached:            0 kB
Active:          2016268 kB
Inactive:        2070080 kB
Active(anon):    1465628 kB
Inactive(anon):    35796 kB
Active(file):     550640 kB
Inactive(file):  2034284 kB
Unevictable:        5564 kB
Mlocked:            5564 kB
SwapTotal:       3145724 kB
SwapFree:        3145724 kB
Dirty:               232 kB
Writeback:             0 kB
AnonPages:       1461576 kB
Mapped:           974800 kB
Shmem:             40728 kB
KReclaimable:    1768588 kB
Slab:             277056 kB
SReclaimable:     120712 kB
SUnreclaim:       156344 kB
KernelStack:       51264 kB
PageTables:        71112 kB
NFS_Unstable:          0 kB
Bounce:                0 kB
WritebackTmp:          0 kB
CommitLimit:     9202292 kB
Committed_AS:   78342540 kB
VmallocTotal:   263061440 kB
VmallocUsed:      108488 kB
VmallocChunk:          0 kB
Percpu:             7712 kB
CmaTotal:         294912 kB
CmaFree:              12 kB
MemTotal:       12113136 kB
MemFree:         4191756 kB
MemAvailable:    7676592 kB
Buffers:            7304 kB
Cached:          2622852 kB
SwapCached:            0 kB
Active:          1981280 kB
Inactive:        2070100 kB
Active(anon):    1430632 kB
Inactive(anon):    35796 kB
Active(file):     550648 kB
Inactive(file):  2034304 kB
Unevictable:        5564 kB
Mlocked:            5564 kB
SwapTotal:       3145724 kB
SwapFree:        3145724 kB
Dirty:               272 kB
Writeback:             0 kB
AnonPages:       1426428 kB
Mapped:           974908 kB
Shmem:             40728 kB
KReclaimable:    1768588 kB
Slab:             277140 kB
SReclaimable:     120712 kB
SUnreclaim:       156428 kB
KernelStack:       51360 kB
PageTables:        71220 kB
NFS_Unstable:          0 kB
Bounce:                0 kB
WritebackTmp:          0 kB
CommitLimit:     9202292 kB
Committed_AS:   78343892 kB
VmallocTotal:   263061440 kB
VmallocUsed:      108568 kB
VmallocChunk:          0 kB
Percpu:             7712 kB
CmaTotal:         294912 kB
CmaFree:               0 kB
MemTotal:       12113136 kB
MemFree:         4190352 kB
MemAvailable:    7675204 kB
Buffers:            7304 kB
Cached:          2622868 kB
SwapCached:            0 kB
Active:          1981812 kB
Inactive:        2070116 kB
Active(anon):    1431164 kB
Inactive(anon):    35796 kB
Active(file):     550648 kB
Inactive(file):  2034320 kB
Unevictable:        5564 kB
Mlocked:            5564 kB
SwapTotal:       3145724 kB
SwapFree:        3145724 kB
Dirty:               324 kB
Writeback:             0 kB
AnonPages:       1427476 kB
Mapped:           974800 kB
Shmem:             40728 kB
KReclaimable:    1768588 kB
Slab:             277108 kB
SReclaimable:     120712 kB
SUnreclaim:       156396 kB
KernelStack:       51360 kB
PageTables:        71112 kB
NFS_Unstable:          0 kB
Bounce:                0 kB
WritebackTmp:          0 kB
CommitLimit:     9202292 kB
Committed_AS:   78338768 kB
VmallocTotal:   263061440 kB
VmallocUsed:      108568 kB
VmallocChunk:          0 kB
Percpu:             7712 kB
CmaTotal:         294912 kB
CmaFree:               0 kB
MemTotal:       12113136 kB
MemFree:         4188640 kB
MemAvailable:    7673520 kB
Buffers:            7304 kB
Cached:          2622896 kB
SwapCached:            0 kB
Active:          1982672 kB
Inactive:        2070144 kB
Active(anon):    1432024 kB
Inactive(anon):    35796 kB
Active(file):     550648 kB
Inactive(file):  2034348 kB
Unevictable:        5564 kB
Mlocked:            5564 kB
SwapTotal:       3145724 kB
SwapFree:        3145724 kB
Dirty:               364 kB
Writeback:             0 kB
AnonPages:       1428040 kB
Mapped:           974792 kB
Shmem:             40728 kB
KReclaimable:    1768588 kB
Slab:             277124 kB
SReclaimable:     120712 kB
SUnreclaim:       156412 kB
KernelStack:       51344 kB
PageTables:        71104 kB
NFS_Unstable:          0 kB
Bounce:                0 kB
WritebackTmp:          0 kB
CommitLimit:     9202292 kB
Committed_AS:   78341356 kB
VmallocTotal:   263061440 kB
VmallocUsed:      108552 kB
VmallocChunk:          0 kB
Percpu:             7712 kB
CmaTotal:         294912 kB
CmaFree:               0 kB
MemTotal:       12113136 kB
MemFree:         4188308 kB
MemAvailable:    7673228 kB
Buffers:            7312 kB
Cached:          2622928 kB
SwapCached:            0 kB
Active:          1982436 kB
Inactive:        2070176 kB
Active(anon):    1431780 kB
Inactive(anon):    35796 kB
Active(file):     550656 kB
Inactive(file):  2034380 kB
Unevictable:        5564 kB
Mlocked:            5564 kB
SwapTotal:       3145724 kB
SwapFree:        3145724 kB
Dirty:               408 kB
Writeback:             0 kB
AnonPages:       1428120 kB
Mapped:           974968 kB
Shmem:             40728 kB
KReclaimable:    1768588 kB
Slab:             277092 kB
SReclaimable:     120712 kB
SUnreclaim:       156380 kB
KernelStack:       51328 kB
PageTables:        71056 kB
NFS_Unstable:          0 kB
Bounce:                0 kB
WritebackTmp:          0 kB
CommitLimit:     9202292 kB
Committed_AS:   78345324 kB
VmallocTotal:   263061440 kB
VmallocUsed:      108568 kB
VmallocChunk:          0 kB
Percpu:             7712 kB
CmaTotal:         294912 kB
CmaFree:               0 kB
MemTotal:       12113136 kB
MemFree:         4187576 kB
MemAvailable:    7672504 kB
Buffers:            7312 kB
Cached:          2622936 kB
SwapCached:            0 kB
Active:          1983256 kB
Inactive:        2070188 kB
Active(anon):    1432604 kB
Inactive(anon):    35796 kB
Active(file):     550652 kB
Inactive(file):  2034392 kB
Unevictable:        5564 kB
Mlocked:            5564 kB
SwapTotal:       3145724 kB
SwapFree:        3145724 kB
Dirty:               408 kB
Writeback:             0 kB
AnonPages:       1428676 kB
Mapped:           974904 kB
Shmem:             40728 kB
KReclaimable:    1768588 kB
Slab:             277104 kB
SReclaimable:     120712 kB
SUnreclaim:       156392 kB
KernelStack:       51344 kB
PageTables:        71108 kB
NFS_Unstable:          0 kB
Bounce:                0 kB
WritebackTmp:          0 kB
CommitLimit:     9202292 kB
Committed_AS:   78343764 kB
VmallocTotal:   263061440 kB
VmallocUsed:      108600 kB
VmallocChunk:          0 kB
Percpu:             7712 kB
CmaTotal:         294912 kB
CmaFree:               8 kB
MemTotal:       12113136 kB
MemFree:         4186848 kB
MemAvailable:    7671808 kB
Buffers:            7312 kB
Cached:          2622968 kB
SwapCached:            0 kB
Active:          1982824 kB
Inactive:        2070216 kB
Active(anon):    1432168 kB
Inactive(anon):    35796 kB
Active(file):     550656 kB
Inactive(file):  2034420 kB
Unevictable:        5564 kB
Mlocked:            5564 kB
SwapTotal:       3145724 kB
SwapFree:        3145724 kB
Dirty:               444 kB
Writeback:             0 kB
AnonPages:       1428300 kB
Mapped:           974788 kB
Shmem:             40728 kB
KReclaimable:    1768588 kB
Slab:             277108 kB
SReclaimable:     120712 kB
SUnreclaim:       156396 kB
KernelStack:       51328 kB
PageTables:        70992 kB
NFS_Unstable:          0 kB
Bounce:                0 kB
WritebackTmp:          0 kB
CommitLimit:     9202292 kB
Committed_AS:   78341208 kB
VmallocTotal:   263061440 kB
VmallocUsed:      108616 kB
VmallocChunk:          0 kB
Percpu:             7712 kB
CmaTotal:         294912 kB
CmaFree:               0 kB
MemTotal:       12113136 kB
MemFree:         4186588 kB
MemAvailable:    7671572 kB
Buffers:            7312 kB
Cached:          2622992 kB
SwapCached:            0 kB
Active:          1984136 kB
Inactive:        2070240 kB
Active(anon):    1433480 kB
Inactive(anon):    35796 kB
Active(file):     550656 kB
Inactive(file):  2034444 kB
Unevictable:        5564 kB
Mlocked:            5564 kB
SwapTotal:       3145724 kB
SwapFree:        3145724 kB
Dirty:               228 kB
Writeback:             0 kB
AnonPages:       1429212 kB
Mapped:           974924 kB
Shmem:             40728 kB
KReclaimable:    1768588 kB
Slab:             277096 kB
SReclaimable:     120712 kB
SUnreclaim:       156384 kB
KernelStack:       51344 kB
PageTables:        71056 kB
NFS_Unstable:          0 kB
Bounce:                0 kB
WritebackTmp:          0 kB
CommitLimit:     9202292 kB
Committed_AS:   78340968 kB
VmallocTotal:   263061440 kB
VmallocUsed:      108584 kB
VmallocChunk:          0 kB
Percpu:             7712 kB
CmaTotal:         294912 kB
CmaFree:              52 kB
MemTotal:       12113136 kB
MemFree:         4186028 kB
MemAvailable:    7671036 kB
Buffers:            7312 kB
Cached:          2623012 kB
SwapCached:            0 kB
Active:          1984212 kB
Inactive:        2070260 kB
Active(anon):    1433556 kB
Inactive(anon):    35796 kB
Active(file):     550656 kB
Inactive(file):  2034464 kB
Unevictable:        5564 kB
Mlocked:            5564 kB
SwapTotal:       3145724 kB
SwapFree:        3145724 kB
Dirty:               264 kB
Writeback:             0 kB
AnonPages:       1429564 kB
Mapped:           974796 kB
Shmem:             40728 kB
KReclaimable:    1768592 kB
Slab:             277128 kB
SReclaimable:     120716 kB
SUnreclaim:       156412 kB
KernelStack:       51344 kB
PageTables:        71124 kB
NFS_Unstable:          0 kB
Bounce:                0 kB
WritebackTmp:          0 kB
CommitLimit:     9202292 kB
Committed_AS:   78340924 kB
VmallocTotal:   263061440 kB
VmallocUsed:      108568 kB
VmallocChunk:          0 kB
Percpu:             7712 kB
CmaTotal:         294912 kB
CmaFree:               0 kB
MemTotal:       12113136 kB
MemFree:         4186608 kB
MemAvailable:    7671632 kB
Buffers:            7312 kB
Cached:          2623028 kB
SwapCached:            0 kB
Active:          1984200 kB
Inactive:        2070276 kB
Active(anon):    1433544 kB
Inactive(anon):    35796 kB
Active(file):     550656 kB
Inactive(file):  2034480 kB
Unevictable:        5564 kB
Mlocked:            5564 kB
SwapTotal:       3145724 kB
SwapFree:        3145724 kB
Dirty:               296 kB
Writeback:             0 kB
AnonPages:       1429656 kB
Mapped:           974812 kB
Shmem:             40728 kB
KReclaimable:    1768592 kB
Slab:             277136 kB
SReclaimable:     120716 kB
SUnreclaim:       156420 kB
KernelStack:       51376 kB
PageTables:        71208 kB
NFS_Unstable:          0 kB
Bounce:                0 kB
WritebackTmp:          0 kB
CommitLimit:     9202292 kB
Committed_AS:   78331148 kB
VmallocTotal:   263061440 kB
VmallocUsed:      108536 kB
VmallocChunk:          0 kB
Percpu:             7712 kB
CmaTotal:         294912 kB
CmaFree:               0 kB
MemTotal:       12113136 kB
MemFree:         4161768 kB
MemAvailable:    7646808 kB
Buffers:            7312 kB
Cached:          2630596 kB
SwapCached:            0 kB
Active:          2001592 kB
Inactive:        2077840 kB
Active(anon):    1450936 kB
Inactive(anon):    43344 kB
Active(file):     550656 kB
Inactive(file):  2034496 kB
Unevictable:        5564 kB
Mlocked:            5564 kB
SwapTotal:       3145724 kB
SwapFree:        3145724 kB
Dirty:               336 kB
Writeback:             0 kB
AnonPages:       1447200 kB
Mapped:           982524 kB
Shmem:             48280 kB
KReclaimable:    1768592 kB
Slab:             277152 kB
SReclaimable:     120716 kB
SUnreclaim:       156436 kB
KernelStack:       51360 kB
PageTables:        71060 kB
NFS_Unstable:          0 kB
Bounce:                0 kB
WritebackTmp:          0 kB
CommitLimit:     9202292 kB
Committed_AS:   78334840 kB
VmallocTotal:   263061440 kB
VmallocUsed:      108488 kB
VmallocChunk:          0 kB
Percpu:             7712 kB
CmaTotal:         294912 kB
CmaFree:               0 kB
MemTotal:       12113136 kB
MemFree:         4147412 kB
MemAvailable:    7632476 kB
Buffers:            7312 kB
Cached:          2623076 kB
SwapCached:            0 kB
Active:          2022848 kB
Inactive:        2070324 kB
Active(anon):    1472192 kB
Inactive(anon):    35804 kB
Active(file):     550656 kB
Inactive(file):  2034520 kB
Unevictable:        5564 kB
Mlocked:            5564 kB
SwapTotal:       3145724 kB
SwapFree:        3145724 kB
Dirty:               372 kB
Writeback:             0 kB
AnonPages:       1468392 kB
Mapped:           974792 kB
Shmem:             40736 kB
KReclaimable:    1768592 kB
Slab:             277132 kB
SReclaimable:     120716 kB
SUnreclaim:       156416 kB
KernelStack:       51424 kB
PageTables:        71300 kB
NFS_Unstable:          0 kB
Bounce:                0 kB
WritebackTmp:          0 kB
CommitLimit:     9202292 kB
Committed_AS:   78337540 kB
VmallocTotal:   263061440 kB
VmallocUsed:      108536 kB
VmallocChunk:          0 kB
Percpu:             7712 kB
CmaTotal:         294912 kB
CmaFree:               8 kB
MemTotal:       12113136 kB
MemFree:         4146496 kB
MemAvailable:    7631576 kB
Buffers:            7312 kB
Cached:          2623092 kB
SwapCached:            0 kB
Active:          2024600 kB
Inactive:        2070336 kB
Active(anon):    1473940 kB
Inactive(anon):    35804 kB
Active(file):     550660 kB
Inactive(file):  2034532 kB
Unevictable:        5564 kB
Mlocked:            5564 kB
SwapTotal:       3145724 kB
SwapFree:        3145724 kB
Dirty:               184 kB
Writeback:             0 kB
AnonPages:       1469812 kB
Mapped:           974796 kB
Shmem:             40736 kB
KReclaimable:    1768592 kB
Slab:             277160 kB
SReclaimable:     120716 kB
SUnreclaim:       156444 kB
KernelStack:       51376 kB
PageTables:        71156 kB
NFS_Unstable:          0 kB
Bounce:                0 kB
WritebackTmp:          0 kB
CommitLimit:     9202292 kB
Committed_AS:   78342928 kB
VmallocTotal:   263061440 kB
VmallocUsed:      108552 kB
VmallocChunk:          0 kB
Percpu:             7712 kB
CmaTotal:         294912 kB
CmaFree:               0 kB
MemTotal:       12113136 kB
MemFree:         4142612 kB
MemAvailable:    7627588 kB
Buffers:            7312 kB
Cached:          2622952 kB
SwapCached:            0 kB
Active:          2028220 kB
Inactive:        2070360 kB
Active(anon):    1477560 kB
Inactive(anon):    35804 kB
Active(file):     550660 kB
Inactive(file):  2034556 kB
Unevictable:        5564 kB
Mlocked:            5564 kB
SwapTotal:       3145724 kB
SwapFree:        3145724 kB
Dirty:               292 kB
Writeback:             0 kB
AnonPages:       1473888 kB
Mapped:           974812 kB
Shmem:             40572 kB
KReclaimable:    1768592 kB
Slab:             277184 kB
SReclaimable:     120716 kB
SUnreclaim:       156468 kB
KernelStack:       51344 kB
PageTables:        71228 kB
NFS_Unstable:          0 kB
Bounce:                0 kB
WritebackTmp:          0 kB
CommitLimit:     9202292 kB
Committed_AS:   78344552 kB
VmallocTotal:   263061440 kB
VmallocUsed:      108552 kB
VmallocChunk:          0 kB
Percpu:             7712 kB
CmaTotal:         294912 kB
CmaFree:               0 kB
MemTotal:       12113136 kB
MemFree:         4145628 kB
MemAvailable:    7630760 kB
Buffers:            7312 kB
Cached:          2623144 kB
SwapCached:            0 kB
Active:          2025652 kB
Inactive:        2070568 kB
Active(anon):    1474992 kB
Inactive(anon):    35984 kB
Active(file):     550660 kB
Inactive(file):  2034584 kB
Unevictable:        5564 kB
Mlocked:            5564 kB
SwapTotal:       3145724 kB
SwapFree:        3145724 kB
Dirty:               336 kB
Writeback:             0 kB
AnonPages:       1471148 kB
Mapped:           975004 kB
Shmem:             40736 kB
KReclaimable:    1768592 kB
Slab:             277144 kB
SReclaimable:     120716 kB
SUnreclaim:       156428 kB
KernelStack:       51280 kB
PageTables:        71228 kB
NFS_Unstable:          0 kB
Bounce:                0 kB
WritebackTmp:          0 kB
CommitLimit:     9202292 kB
Committed_AS:   78346436 kB
VmallocTotal:   263061440 kB
VmallocUsed:      108520 kB
VmallocChunk:          0 kB
Percpu:             7712 kB
CmaTotal:         294912 kB
CmaFree:               0 kB
MemTotal:       12113136 kB
MemFree:         4144096 kB
MemAvailable:    7629248 kB
Buffers:            7312 kB
Cached:          2623152 kB
SwapCached:            0 kB
Active:          2026016 kB
Inactive:        2070408 kB
Active(anon):    1475356 kB
Inactive(anon):    35804 kB
Active(file):     550660 kB
Inactive(file):  2034604 kB
Unevictable:        5564 kB
Mlocked:            5564 kB
SwapTotal:       3145724 kB
SwapFree:        3145724 kB
Dirty:               392 kB
Writeback:             0 kB
AnonPages:       1471288 kB
Mapped:           974800 kB
Shmem:             40724 kB
KReclaimable:    1768592 kB
Slab:             277128 kB
SReclaimable:     120716 kB
SUnreclaim:       156412 kB
KernelStack:       51328 kB
PageTables:        71188 kB
NFS_Unstable:          0 kB
Bounce:                0 kB
WritebackTmp:          0 kB
CommitLimit:     9202292 kB
Committed_AS:   78346392 kB
VmallocTotal:   263061440 kB
VmallocUsed:      108504 kB
VmallocChunk:          0 kB
Percpu:             7712 kB
CmaTotal:         294912 kB
CmaFree:               0 kB
MemTotal:       12113136 kB
MemFree:         4141832 kB
MemAvailable:    7627004 kB
Buffers:            7312 kB
Cached:          2622944 kB
SwapCached:            0 kB
Active:          2029760 kB
Inactive:        2070200 kB
Active(anon):    1479100 kB
Inactive(anon):    35576 kB
Active(file):     550660 kB
Inactive(file):  2034624 kB
Unevictable:        5564 kB
Mlocked:            5564 kB
SwapTotal:       3145724 kB
SwapFree:        3145724 kB
Dirty:               412 kB
Writeback:             0 kB
AnonPages:       1475220 kB
Mapped:           974536 kB
Shmem:             40496 kB
KReclaimable:    1768592 kB
Slab:             277068 kB
SReclaimable:     120716 kB
SUnreclaim:       156352 kB
KernelStack:       51264 kB
PageTables:        71092 kB
NFS_Unstable:          0 kB
Bounce:                0 kB
WritebackTmp:          0 kB
CommitLimit:     9202292 kB
Committed_AS:   78340908 kB
VmallocTotal:   263061440 kB
VmallocUsed:      108520 kB
VmallocChunk:          0 kB
Percpu:             7712 kB
CmaTotal:         294912 kB
CmaFree:               0 kB
MemTotal:       12113136 kB
MemFree:         4143868 kB
MemAvailable:    7629056 kB
Buffers:            7312 kB
Cached:          2623188 kB
SwapCached:            0 kB
Active:          2026620 kB
Inactive:        2070444 kB
Active(anon):    1475960 kB
Inactive(anon):    35804 kB
Active(file):     550660 kB
Inactive(file):  2034640 kB
Unevictable:        5564 kB
Mlocked:            5564 kB
SwapTotal:       3145724 kB
SwapFree:        3145724 kB
Dirty:               192 kB
Writeback:             0 kB
AnonPages:       1472420 kB
Mapped:           974816 kB
Shmem:             40724 kB
KReclaimable:    1768592 kB
Slab:             277336 kB
SReclaimable:     120716 kB
SUnreclaim:       156620 kB
KernelStack:       51312 kB
PageTables:        71072 kB
NFS_Unstable:          0 kB
Bounce:                0 kB
WritebackTmp:          0 kB
CommitLimit:     9202292 kB
Committed_AS:   78340108 kB
VmallocTotal:   263061440 kB
VmallocUsed:      108504 kB
VmallocChunk:          0 kB
Percpu:             7712 kB
CmaTotal:         294912 kB
CmaFree:               0 kB
MemTotal:       12113136 kB
MemFree:         4143928 kB
MemAvailable:    7629140 kB
Buffers:            7312 kB
Cached:          2623212 kB
SwapCached:            0 kB
Active:          2027080 kB
Inactive:        2070468 kB
Active(anon):    1476420 kB
Inactive(anon):    35804 kB
Active(file):     550660 kB
Inactive(file):  2034664 kB
Unevictable:        5564 kB
Mlocked:            5564 kB
SwapTotal:       3145724 kB
SwapFree:        3145724 kB
Dirty:               256 kB
Writeback:             0 kB
AnonPages:       1472560 kB
Mapped:           974808 kB
Shmem:             40724 kB
KReclaimable:    1768592 kB
Slab:             276976 kB
SReclaimable:     120716 kB
SUnreclaim:       156260 kB
KernelStack:       51312 kB
PageTables:        71200 kB
NFS_Unstable:          0 kB
Bounce:                0 kB
WritebackTmp:          0 kB
CommitLimit:     9202292 kB
Committed_AS:   78345236 kB
VmallocTotal:   263061440 kB
VmallocUsed:      108504 kB
VmallocChunk:          0 kB
Percpu:             7712 kB
CmaTotal:         294912 kB
CmaFree:               0 kB
MemTotal:       12113136 kB
MemFree:         4138824 kB
MemAvailable:    7624064 kB
Buffers:            7316 kB
Cached:          2623236 kB
SwapCached:            0 kB
Active:          2031244 kB
Inactive:        2070496 kB
Active(anon):    1480584 kB
Inactive(anon):    35804 kB
Active(file):     550660 kB
Inactive(file):  2034692 kB
Unevictable:        5564 kB
Mlocked:            5564 kB
SwapTotal:       3145724 kB
SwapFree:        3145724 kB
Dirty:               320 kB
Writeback:             0 kB
AnonPages:       1477148 kB
Mapped:           974856 kB
Shmem:             40724 kB
KReclaimable:    1768592 kB
Slab:             277112 kB
SReclaimable:     120716 kB
SUnreclaim:       156396 kB
KernelStack:       51248 kB
PageTables:        71072 kB
NFS_Unstable:          0 kB
Bounce:                0 kB
WritebackTmp:          0 kB
CommitLimit:     9202292 kB
Committed_AS:   78346412 kB
VmallocTotal:   263061440 kB
VmallocUsed:      108472 kB
VmallocChunk:          0 kB
Percpu:             7712 kB
CmaTotal:         294912 kB
CmaFree:               8 kB
MemTotal:       12113136 kB
MemFree:         4141280 kB
MemAvailable:    7626544 kB
Buffers:            7316 kB
Cached:          2623504 kB
SwapCached:            0 kB
Active:          2028644 kB
Inactive:        2070632 kB
Active(anon):    1477984 kB
Inactive(anon):    35916 kB
Active(file):     550660 kB
Inactive(file):  2034716 kB
Unevictable:        5564 kB
Mlocked:            5564 kB
SwapTotal:       3145724 kB
SwapFree:        3145724 kB
Dirty:               352 kB
Writeback:             0 kB
AnonPages:       1473512 kB
Mapped:           974912 kB
Shmem:             40968 kB
KReclaimable:    1768592 kB
Slab:             277172 kB
SReclaimable:     120716 kB
SUnreclaim:       156456 kB
KernelStack:       51248 kB
PageTables:        71088 kB
NFS_Unstable:          0 kB
Bounce:                0 kB
WritebackTmp:          0 kB
CommitLimit:     9202292 kB
Committed_AS:   78343196 kB
VmallocTotal:   263061440 kB
VmallocUsed:      108520 kB
VmallocChunk:          0 kB
Percpu:             7712 kB
CmaTotal:         294912 kB
CmaFree:               0 kB
MemTotal:       12113136 kB
MemFree:         4141184 kB
MemAvailable:    7626464 kB
Buffers:            7316 kB
Cached:          2623276 kB
SwapCached:            0 kB
Active:          2028836 kB
Inactive:        2070536 kB
Active(anon):    1478176 kB
Inactive(anon):    35804 kB
Active(file):     550660 kB
Inactive(file):  2034732 kB
Unevictable:        5564 kB
Mlocked:            5564 kB
SwapTotal:       3145724 kB
SwapFree:        3145724 kB
Dirty:               372 kB
Writeback:             0 kB
AnonPages:       1474428 kB
Mapped:           974856 kB
Shmem:             40724 kB
KReclaimable:    1768592 kB
Slab:             277172 kB
SReclaimable:     120716 kB
SUnreclaim:       156456 kB
KernelStack:       51312 kB
PageTables:        71176 kB
NFS_Unstable:          0 kB
Bounce:                0 kB
WritebackTmp:          0 kB
CommitLimit:     9202292 kB
Committed_AS:   78345928 kB
VmallocTotal:   263061440 kB
VmallocUsed:      108520 kB
VmallocChunk:          0 kB
Percpu:             7712 kB
CmaTotal:         294912 kB
CmaFree:               0 kB
MemTotal:       12113136 kB
MemFree:         4137996 kB
MemAvailable:    7623300 kB
Buffers:            7316 kB
Cached:          2623408 kB
SwapCached:            0 kB
Active:          2033868 kB
Inactive:        2070668 kB
Active(anon):    1483204 kB
Inactive(anon):    35916 kB
Active(file):     550664 kB
Inactive(file):  2034752 kB
Unevictable:        5564 kB
Mlocked:            5564 kB
SwapTotal:       3145724 kB
SwapFree:        3145724 kB
Dirty:               184 kB
Writeback:             8 kB
AnonPages:       1479292 kB
Mapped:           974972 kB
Shmem:             40836 kB
KReclaimable:    1768592 kB
Slab:             277132 kB
SReclaimable:     120716 kB
SUnreclaim:       156416 kB
KernelStack:       51376 kB
PageTables:        71156 kB
NFS_Unstable:          0 kB
Bounce:                0 kB
WritebackTmp:          0 kB
CommitLimit:     9202292 kB
Committed_AS:   78346148 kB
VmallocTotal:   263061440 kB
VmallocUsed:      108552 kB
VmallocChunk:          0 kB
Percpu:             7712 kB
CmaTotal:         294912 kB
CmaFree:               0 kB
MemTotal:       12113136 kB
MemFree:         4150040 kB
MemAvailable:    7635372 kB
Buffers:            7316 kB
Cached:          2623336 kB
SwapCached:            0 kB
Active:          2021560 kB
Inactive:        2070588 kB
Active(anon):    1470896 kB
Inactive(anon):    35808 kB
Active(file):     550664 kB
Inactive(file):  2034780 kB
Unevictable:        5564 kB
Mlocked:            5564 kB
SwapTotal:       3145724 kB
SwapFree:        3145724 kB
Dirty:               340 kB
Writeback:             0 kB
AnonPages:       1467028 kB
Mapped:           988168 kB
Shmem:             40728 kB
KReclaimable:    1768592 kB
Slab:             277136 kB
SReclaimable:     120716 kB
SUnreclaim:       156420 kB
KernelStack:       51440 kB
PageTables:        71140 kB
NFS_Unstable:          0 kB
Bounce:                0 kB
WritebackTmp:          0 kB
CommitLimit:     9202292 kB
Committed_AS:   78341044 kB
VmallocTotal:   263061440 kB
VmallocUsed:      108648 kB
VmallocChunk:          0 kB
Percpu:             7712 kB
CmaTotal:         294912 kB
CmaFree:             124 kB
MemTotal:       12113136 kB
MemFree:         4149432 kB
MemAvailable:    7634776 kB
Buffers:            7316 kB
Cached:          2623348 kB
SwapCached:            0 kB
Active:          2021816 kB
Inactive:        2070604 kB
Active(anon):    1471152 kB
Inactive(anon):    35812 kB
Active(file):     550664 kB
Inactive(file):  2034792 kB
Unevictable:        5564 kB
Mlocked:            5564 kB
SwapTotal:       3145724 kB
SwapFree:        3145724 kB
Dirty:               344 kB
Writeback:             0 kB
AnonPages:       1467408 kB
Mapped:           988176 kB
Shmem:             40732 kB
KReclaimable:    1768592 kB
Slab:             277156 kB
SReclaimable:     120716 kB
SUnreclaim:       156440 kB
KernelStack:       51472 kB
PageTables:        71028 kB
NFS_Unstable:          0 kB
Bounce:                0 kB
WritebackTmp:          0 kB
CommitLimit:     9202292 kB
Committed_AS:   78335344 kB
VmallocTotal:   263061440 kB
VmallocUsed:      108600 kB
VmallocChunk:          0 kB
Percpu:             7712 kB
CmaTotal:         294912 kB
CmaFree:             128 kB
MemTotal:       12113136 kB
MemFree:         4147088 kB
MemAvailable:    7632448 kB
Buffers:            7316 kB
Cached:          2623364 kB
SwapCached:            0 kB
Active:          2023192 kB
Inactive:        2070620 kB
Active(anon):    1472528 kB
Inactive(anon):    35812 kB
Active(file):     550664 kB
Inactive(file):  2034808 kB
Unevictable:        5564 kB
Mlocked:            5564 kB
SwapTotal:       3145724 kB
SwapFree:        3145724 kB
Dirty:               384 kB
Writeback:             0 kB
AnonPages:       1468500 kB
Mapped:           988188 kB
Shmem:             40732 kB
KReclaimable:    1768592 kB
Slab:             277156 kB
SReclaimable:     120716 kB
SUnreclaim:       156440 kB
KernelStack:       51456 kB
PageTables:        71292 kB
NFS_Unstable:          0 kB
Bounce:                0 kB
WritebackTmp:          0 kB
CommitLimit:     9202292 kB
Committed_AS:   78330508 kB
VmallocTotal:   263061440 kB
VmallocUsed:      108648 kB
VmallocChunk:          0 kB
Percpu:             7712 kB
CmaTotal:         294912 kB
CmaFree:               0 kB
MemTotal:       12113136 kB
MemFree:         4146156 kB
MemAvailable:    7631540 kB
Buffers:            7316 kB
Cached:          2623416 kB
SwapCached:            0 kB
Active:          2023984 kB
Inactive:        2070672 kB
Active(anon):    1473320 kB
Inactive(anon):    35840 kB
Active(file):     550664 kB
Inactive(file):  2034832 kB
Unevictable:        5564 kB
Mlocked:            5564 kB
SwapTotal:       3145724 kB
SwapFree:        3145724 kB
Dirty:               408 kB
Writeback:             0 kB
AnonPages:       1469496 kB
Mapped:           988204 kB
Shmem:             40760 kB
KReclaimable:    1768592 kB
Slab:             277152 kB
SReclaimable:     120716 kB
SUnreclaim:       156436 kB
KernelStack:       51472 kB
PageTables:        71256 kB
NFS_Unstable:          0 kB
Bounce:                0 kB
WritebackTmp:          0 kB
CommitLimit:     9202292 kB
Committed_AS:   78341528 kB
VmallocTotal:   263061440 kB
VmallocUsed:      108696 kB
VmallocChunk:          0 kB
Percpu:             7712 kB
CmaTotal:         294912 kB
CmaFree:               0 kB
MemTotal:       12113136 kB
MemFree:         4145248 kB
MemAvailable:    7630656 kB
Buffers:            7316 kB
Cached:          2623440 kB
SwapCached:            0 kB
Active:          2024480 kB
Inactive:        2070696 kB
Active(anon):    1473816 kB
Inactive(anon):    35840 kB
Active(file):     550664 kB
Inactive(file):  2034856 kB
Unevictable:        5564 kB
Mlocked:            5564 kB
SwapTotal:       3145724 kB
SwapFree:        3145724 kB
Dirty:               452 kB
Writeback:             0 kB
AnonPages:       1469908 kB
Mapped:           988400 kB
Shmem:             40760 kB
KReclaimable:    1768592 kB
Slab:             277128 kB
SReclaimable:     120716 kB
SUnreclaim:       156412 kB
KernelStack:       51424 kB
PageTables:        71092 kB
NFS_Unstable:          0 kB
Bounce:                0 kB
WritebackTmp:          0 kB
CommitLimit:     9202292 kB
Committed_AS:   78336004 kB
VmallocTotal:   263061440 kB
VmallocUsed:      108664 kB
VmallocChunk:          0 kB
Percpu:             7712 kB
CmaTotal:         294912 kB
CmaFree:               0 kB
MemTotal:       12113136 kB
MemFree:         4145116 kB
MemAvailable:    7630536 kB
Buffers:            7316 kB
Cached:          2623452 kB
SwapCached:            0 kB
Active:          2025720 kB
Inactive:        2070708 kB
Active(anon):    1475056 kB
Inactive(anon):    35840 kB
Active(file):     550664 kB
Inactive(file):  2034868 kB
Unevictable:        5564 kB
Mlocked:            5564 kB
SwapTotal:       3145724 kB
SwapFree:        3145724 kB
Dirty:               304 kB
Writeback:             0 kB
AnonPages:       1471104 kB
Mapped:           988272 kB
Shmem:             40760 kB
KReclaimable:    1768592 kB
Slab:             277156 kB
SReclaimable:     120716 kB
SUnreclaim:       156440 kB
KernelStack:       51488 kB
PageTables:        71252 kB
NFS_Unstable:          0 kB
Bounce:                0 kB
WritebackTmp:          0 kB
CommitLimit:     9202292 kB
Committed_AS:   78331576 kB
VmallocTotal:   263061440 kB
VmallocUsed:      108648 kB
VmallocChunk:          0 kB
Percpu:             7712 kB
CmaTotal:         294912 kB
CmaFree:               0 kB
MemTotal:       12113136 kB
MemFree:         4144664 kB
MemAvailable:    7630104 kB
Buffers:            7316 kB
Cached:          2623476 kB
SwapCached:            0 kB
Active:          2025748 kB
Inactive:        2070728 kB
Active(anon):    1475084 kB
Inactive(anon):    35840 kB
Active(file):     550664 kB
Inactive(file):  2034888 kB
Unevictable:        5564 kB
Mlocked:            5564 kB
SwapTotal:       3145724 kB
SwapFree:        3145724 kB
Dirty:               356 kB
Writeback:             0 kB
AnonPages:       1471396 kB
Mapped:           988504 kB
Shmem:             40760 kB
KReclaimable:    1768592 kB
Slab:             277164 kB
SReclaimable:     120716 kB
SUnreclaim:       156448 kB
KernelStack:       51440 kB
PageTables:        70964 kB
NFS_Unstable:          0 kB
Bounce:                0 kB
WritebackTmp:          0 kB
CommitLimit:     9202292 kB
Committed_AS:   78323672 kB
VmallocTotal:   263061440 kB
VmallocUsed:      108616 kB
VmallocChunk:          0 kB
Percpu:             7712 kB
CmaTotal:         294912 kB
CmaFree:               0 kB
MemTotal:       12113136 kB
MemFree:         4143424 kB
MemAvailable:    7628904 kB
Buffers:            7316 kB
Cached:          2623512 kB
SwapCached:            0 kB
Active:          2026884 kB
Inactive:        2070768 kB
Active(anon):    1476220 kB
Inactive(anon):    35840 kB
Active(file):     550664 kB
Inactive(file):  2034928 kB
Unevictable:        5564 kB
Mlocked:            5564 kB
SwapTotal:       3145724 kB
SwapFree:        3145724 kB
Dirty:               408 kB
Writeback:             0 kB
AnonPages:       1472440 kB
Mapped:           988312 kB
Shmem:             40760 kB
KReclaimable:    1768592 kB
Slab:             277156 kB
SReclaimable:     120716 kB
SUnreclaim:       156440 kB
KernelStack:       51424 kB
PageTables:        71040 kB
NFS_Unstable:          0 kB
Bounce:                0 kB
WritebackTmp:          0 kB
CommitLimit:     9202292 kB
Committed_AS:   78330792 kB
VmallocTotal:   263061440 kB
VmallocUsed:      108664 kB
VmallocChunk:          0 kB
Percpu:             7712 kB
CmaTotal:         294912 kB
CmaFree:               0 kB
MemTotal:       12113136 kB
MemFree:         4150232 kB
MemAvailable:    7635724 kB
Buffers:            7316 kB
Cached:          2623524 kB
SwapCached:            0 kB
Active:          2019508 kB
Inactive:        2070780 kB
Active(anon):    1468844 kB
Inactive(anon):    35840 kB
Active(file):     550664 kB
Inactive(file):  2034940 kB
Unevictable:        5564 kB
Mlocked:            5564 kB
SwapTotal:       3145724 kB
SwapFree:        3145724 kB
Dirty:               436 kB
Writeback:             0 kB
AnonPages:       1464852 kB
Mapped:           988620 kB
Shmem:             40760 kB
KReclaimable:    1768592 kB
Slab:             277156 kB
SReclaimable:     120716 kB
SUnreclaim:       156440 kB
KernelStack:       51456 kB
PageTables:        71024 kB
NFS_Unstable:          0 kB
Bounce:                0 kB
WritebackTmp:          0 kB
CommitLimit:     9202292 kB
Committed_AS:   78336652 kB
VmallocTotal:   263061440 kB
VmallocUsed:      108696 kB
VmallocChunk:          0 kB
Percpu:             7712 kB
CmaTotal:         294912 kB
CmaFree:              40 kB
MemTotal:       12113136 kB
MemFree:         4150048 kB
MemAvailable:    7635556 kB
Buffers:            7316 kB
Cached:          2623540 kB
SwapCached:            0 kB
Active:          2018716 kB
Inactive:        2070796 kB
Active(anon):    1468052 kB
Inactive(anon):    35840 kB
Active(file):     550664 kB
Inactive(file):  2034956 kB
Unevictable:        5564 kB
Mlocked:            5564 kB
SwapTotal:       3145724 kB
SwapFree:        3145724 kB
Dirty:               476 kB
Writeback:             0 kB
AnonPages:       1464064 kB
Mapped:           988404 kB
Shmem:             40760 kB
KReclaimable:    1768592 kB
Slab:             277172 kB
SReclaimable:     120716 kB
SUnreclaim:       156456 kB
KernelStack:       51472 kB
PageTables:        71200 kB
NFS_Unstable:          0 kB
Bounce:                0 kB
WritebackTmp:          0 kB
CommitLimit:     9202292 kB
Committed_AS:   78341268 kB
VmallocTotal:   263061440 kB
VmallocUsed:      108680 kB
VmallocChunk:          0 kB
Percpu:             7712 kB
CmaTotal:         294912 kB
CmaFree:              44 kB
MemTotal:       12113136 kB
MemFree:         4162820 kB
MemAvailable:    7648348 kB
Buffers:            7316 kB
Cached:          2623560 kB
SwapCached:            0 kB
Active:          2005488 kB
Inactive:        2070816 kB
Active(anon):    1454824 kB
Inactive(anon):    35840 kB
Active(file):     550664 kB
Inactive(file):  2034976 kB
Unevictable:        5564 kB
Mlocked:            5564 kB
SwapTotal:       3145724 kB
SwapFree:        3145724 kB
Dirty:               496 kB
Writeback:             0 kB
AnonPages:       1449976 kB
Mapped:           988608 kB
Shmem:             40760 kB
KReclaimable:    1768592 kB
Slab:             277164 kB
SReclaimable:     120716 kB
SUnreclaim:       156448 kB
KernelStack:       51424 kB
PageTables:        71112 kB
NFS_Unstable:          0 kB
Bounce:                0 kB
WritebackTmp:          0 kB
CommitLimit:     9202292 kB
Committed_AS:   78341740 kB
VmallocTotal:   263061440 kB
VmallocUsed:      108664 kB
VmallocChunk:          0 kB
Percpu:             7712 kB
CmaTotal:         294912 kB
CmaFree:              28 kB
MemTotal:       12113136 kB
MemFree:         4181360 kB
MemAvailable:    7666916 kB
Buffers:            7316 kB
Cached:          2623588 kB
SwapCached:            0 kB
Active:          1988904 kB
Inactive:        2070844 kB
Active(anon):    1438240 kB
Inactive(anon):    35840 kB
Active(file):     550664 kB
Inactive(file):  2035004 kB
Unevictable:        5564 kB
Mlocked:            5564 kB
SwapTotal:       3145724 kB
SwapFree:        3145724 kB
Dirty:               536 kB
Writeback:             0 kB
AnonPages:       1434612 kB
Mapped:           988408 kB
Shmem:             40760 kB
KReclaimable:    1768592 kB
Slab:             277160 kB
SReclaimable:     120716 kB
SUnreclaim:       156444 kB
KernelStack:       51472 kB
PageTables:        71356 kB
NFS_Unstable:          0 kB
Bounce:                0 kB
WritebackTmp:          0 kB
CommitLimit:     9202292 kB
Committed_AS:   78326900 kB
VmallocTotal:   263061440 kB
VmallocUsed:      108584 kB
VmallocChunk:          0 kB
Percpu:             7712 kB
CmaTotal:         294912 kB
CmaFree:               0 kB
MemTotal:       12113136 kB
MemFree:         4184336 kB
MemAvailable:    7669924 kB
Buffers:            7320 kB
Cached:          2623616 kB
SwapCached:            0 kB
Active:          1985336 kB
Inactive:        2070872 kB
Active(anon):    1434668 kB
Inactive(anon):    35840 kB
Active(file):     550668 kB
Inactive(file):  2035032 kB
Unevictable:        5564 kB
Mlocked:            5564 kB
SwapTotal:       3145724 kB
SwapFree:        3145724 kB
Dirty:               516 kB
Writeback:             0 kB
AnonPages:       1430804 kB
Mapped:           988636 kB
Shmem:             40760 kB
KReclaimable:    1768592 kB
Slab:             277148 kB
SReclaimable:     120716 kB
SUnreclaim:       156432 kB
KernelStack:       51472 kB
PageTables:        71184 kB
NFS_Unstable:          0 kB
Bounce:                0 kB
WritebackTmp:          0 kB
CommitLimit:     9202292 kB
Committed_AS:   78336268 kB
VmallocTotal:   263061440 kB
VmallocUsed:      108632 kB
VmallocChunk:          0 kB
Percpu:             7712 kB
CmaTotal:         294912 kB
CmaFree:             172 kB
MemTotal:       12113136 kB
MemFree:         4184432 kB
MemAvailable:    7670036 kB
Buffers:            7320 kB
Cached:          2623632 kB
SwapCached:            0 kB
Active:          1985168 kB
Inactive:        2070888 kB
Active(anon):    1434500 kB
Inactive(anon):    35840 kB
Active(file):     550668 kB
Inactive(file):  2035048 kB
Unevictable:        5564 kB
Mlocked:            5564 kB
SwapTotal:       3145724 kB
SwapFree:        3145724 kB
Dirty:               532 kB
Writeback:             0 kB
AnonPages:       1430668 kB
Mapped:           988424 kB
Shmem:             40760 kB
KReclaimable:    1768592 kB
Slab:             277160 kB
SReclaimable:     120716 kB
SUnreclaim:       156444 kB
KernelStack:       51456 kB
PageTables:        71280 kB
NFS_Unstable:          0 kB
Bounce:                0 kB
WritebackTmp:          0 kB
CommitLimit:     9202292 kB
Committed_AS:   78331204 kB
VmallocTotal:   263061440 kB
VmallocUsed:      108648 kB
VmallocChunk:          0 kB
Percpu:             7712 kB
CmaTotal:         294912 kB
CmaFree:             116 kB
MemTotal:       12113136 kB
MemFree:         4183756 kB
MemAvailable:    7669384 kB
Buffers:            7320 kB
Cached:          2623656 kB
SwapCached:            0 kB
Active:          1985732 kB
Inactive:        2070912 kB
Active(anon):    1435064 kB
Inactive(anon):    35840 kB
Active(file):     550668 kB
Inactive(file):  2035072 kB
Unevictable:        5564 kB
Mlocked:            5564 kB
SwapTotal:       3145724 kB
SwapFree:        3145724 kB
Dirty:               316 kB
Writeback:             0 kB
AnonPages:       1431256 kB
Mapped:           988476 kB
Shmem:             40760 kB
KReclaimable:    1768592 kB
Slab:             277172 kB
SReclaimable:     120716 kB
SUnreclaim:       156456 kB
KernelStack:       51488 kB
PageTables:        71284 kB
NFS_Unstable:          0 kB
Bounce:                0 kB
WritebackTmp:          0 kB
CommitLimit:     9202292 kB
Committed_AS:   78333784 kB
VmallocTotal:   263061440 kB
VmallocUsed:      108600 kB
VmallocChunk:          0 kB
Percpu:             7712 kB
CmaTotal:         294912 kB
CmaFree:             192 kB
MemTotal:       12113136 kB
MemFree:         4182776 kB
MemAvailable:    7668708 kB
Buffers:            7320 kB
Cached:          2623672 kB
SwapCached:            0 kB
Active:          1985936 kB
Inactive:        2070928 kB
Active(anon):    1435268 kB
Inactive(anon):    35840 kB
Active(file):     550668 kB
Inactive(file):  2035088 kB
Unevictable:        5564 kB
Mlocked:            5564 kB
SwapTotal:       3145724 kB
SwapFree:        3145724 kB
Dirty:               292 kB
Writeback:             0 kB
AnonPages:       1431408 kB
Mapped:           988292 kB
Shmem:             40760 kB
KReclaimable:    1768592 kB
Slab:             277168 kB
SReclaimable:     120716 kB
SUnreclaim:       156452 kB
KernelStack:       51472 kB
PageTables:        71232 kB
NFS_Unstable:          0 kB
Bounce:                0 kB
WritebackTmp:          0 kB
CommitLimit:     9202292 kB
Committed_AS:   78334852 kB
VmallocTotal:   263061440 kB
VmallocUsed:      108664 kB
VmallocChunk:          0 kB
Percpu:             7712 kB
CmaTotal:         294912 kB
CmaFree:              56 kB
MemTotal:       12113136 kB
MemFree:         4183764 kB
MemAvailable:    7669432 kB
Buffers:            7320 kB
Cached:          2623696 kB
SwapCached:            0 kB
Active:          1986696 kB
Inactive:        2070952 kB
Active(anon):    1436028 kB
Inactive(anon):    35840 kB
Active(file):     550668 kB
Inactive(file):  2035112 kB
Unevictable:        5564 kB
Mlocked:            5564 kB
SwapTotal:       3145724 kB
SwapFree:        3145724 kB
Dirty:               320 kB
Writeback:             0 kB
AnonPages:       1432272 kB
Mapped:           988396 kB
Shmem:             40760 kB
KReclaimable:    1768592 kB
Slab:             277156 kB
SReclaimable:     120716 kB
SUnreclaim:       156440 kB
KernelStack:       51472 kB
PageTables:        71172 kB
NFS_Unstable:          0 kB
Bounce:                0 kB
WritebackTmp:          0 kB
CommitLimit:     9202292 kB
Committed_AS:   78333944 kB
VmallocTotal:   263061440 kB
VmallocUsed:      108616 kB
VmallocChunk:          0 kB
Percpu:             7712 kB
CmaTotal:         294912 kB
CmaFree:               0 kB
MemTotal:       12113136 kB
MemFree:         4183060 kB
MemAvailable:    7668748 kB
Buffers:            7320 kB
Cached:          2623716 kB
SwapCached:            0 kB
Active:          1986920 kB
Inactive:        2070972 kB
Active(anon):    1436252 kB
Inactive(anon):    35840 kB
Active(file):     550668 kB
Inactive(file):  2035132 kB
Unevictable:        5564 kB
Mlocked:            5564 kB
SwapTotal:       3145724 kB
SwapFree:        3145724 kB
Dirty:               364 kB
Writeback:             0 kB
AnonPages:       1432456 kB
Mapped:           988572 kB
Shmem:             40760 kB
KReclaimable:    1768592 kB
Slab:             277136 kB
SReclaimable:     120716 kB
SUnreclaim:       156420 kB
KernelStack:       51440 kB
PageTables:        71048 kB
NFS_Unstable:          0 kB
Bounce:                0 kB
WritebackTmp:          0 kB
CommitLimit:     9202292 kB
Committed_AS:   78343852 kB
VmallocTotal:   263061440 kB
VmallocUsed:      108648 kB
VmallocChunk:          0 kB
Percpu:             7712 kB
CmaTotal:         294912 kB
CmaFree:               0 kB
MemTotal:       12113136 kB
MemFree:         4181264 kB
MemAvailable:    7666972 kB
Buffers:            7320 kB
Cached:          2623736 kB
SwapCached:            0 kB
Active:          1987192 kB
Inactive:        2070992 kB
Active(anon):    1436524 kB
Inactive(anon):    35840 kB
Active(file):     550668 kB
Inactive(file):  2035152 kB
Unevictable:        5564 kB
Mlocked:            5564 kB
SwapTotal:       3145724 kB
SwapFree:        3145724 kB
Dirty:               436 kB
Writeback:             0 kB
AnonPages:       1432972 kB
Mapped:           988600 kB
Shmem:             40760 kB
KReclaimable:    1768592 kB
Slab:             277136 kB
SReclaimable:     120716 kB
SUnreclaim:       156420 kB
KernelStack:       51476 kB
PageTables:        71100 kB
NFS_Unstable:          0 kB
Bounce:                0 kB
WritebackTmp:          0 kB
CommitLimit:     9202292 kB
Committed_AS:   78343888 kB
VmallocTotal:   263061440 kB
VmallocUsed:      108680 kB
VmallocChunk:          0 kB
Percpu:             7712 kB
CmaTotal:         294912 kB
CmaFree:               0 kB
MemTotal:       12113136 kB
MemFree:         4181972 kB
MemAvailable:    7667704 kB
Buffers:            7320 kB
Cached:          2623760 kB
SwapCached:            0 kB
Active:          1987112 kB
Inactive:        2071016 kB
Active(anon):    1436444 kB
Inactive(anon):    35840 kB
Active(file):     550668 kB
Inactive(file):  2035176 kB
Unevictable:        5564 kB
Mlocked:            5564 kB
SwapTotal:       3145724 kB
SwapFree:        3145724 kB
Dirty:               240 kB
Writeback:             0 kB
AnonPages:       1432672 kB
Mapped:           988408 kB
Shmem:             40760 kB
KReclaimable:    1768592 kB
Slab:             277148 kB
SReclaimable:     120716 kB
SUnreclaim:       156432 kB
KernelStack:       51440 kB
PageTables:        71152 kB
NFS_Unstable:          0 kB
Bounce:                0 kB
WritebackTmp:          0 kB
CommitLimit:     9202292 kB
Committed_AS:   78341920 kB
VmallocTotal:   263061440 kB
VmallocUsed:      108696 kB
VmallocChunk:          0 kB
Percpu:             7712 kB
CmaTotal:         294912 kB
CmaFree:               4 kB
MemTotal:       12113136 kB
MemFree:         4184632 kB
MemAvailable:    7670376 kB
Buffers:            7320 kB
Cached:          2623880 kB
SwapCached:            0 kB
Active:          1984060 kB
Inactive:        2071136 kB
Active(anon):    1433392 kB
Inactive(anon):    35948 kB
Active(file):     550668 kB
Inactive(file):  2035188 kB
Unevictable:        5564 kB
Mlocked:            5564 kB
SwapTotal:       3145724 kB
SwapFree:        3145724 kB
Dirty:               304 kB
Writeback:             4 kB
AnonPages:       1429380 kB
Mapped:           988720 kB
Shmem:             40868 kB
KReclaimable:    1768592 kB
Slab:             277156 kB
SReclaimable:     120716 kB
SUnreclaim:       156440 kB
KernelStack:       51492 kB
PageTables:        71400 kB
NFS_Unstable:          0 kB
Bounce:                0 kB
WritebackTmp:          0 kB
CommitLimit:     9202292 kB
Committed_AS:   78339048 kB
VmallocTotal:   263061440 kB
VmallocUsed:      108696 kB
VmallocChunk:          0 kB
Percpu:             7712 kB
CmaTotal:         294912 kB
CmaFree:             528 kB
MemTotal:       12113136 kB
MemFree:         4186340 kB
MemAvailable:    7672112 kB
Buffers:            7320 kB
Cached:          2623800 kB
SwapCached:            0 kB
Active:          1983536 kB
Inactive:        2071056 kB
Active(anon):    1432868 kB
Inactive(anon):    35840 kB
Active(file):     550668 kB
Inactive(file):  2035216 kB
Unevictable:        5564 kB
Mlocked:            5564 kB
SwapTotal:       3145724 kB
SwapFree:        3145724 kB
Dirty:               400 kB
Writeback:             0 kB
AnonPages:       1429036 kB
Mapped:           988408 kB
Shmem:             40760 kB
KReclaimable:    1768592 kB
Slab:             277140 kB
SReclaimable:     120716 kB
SUnreclaim:       156424 kB
KernelStack:       51424 kB
PageTables:        71100 kB
NFS_Unstable:          0 kB
Bounce:                0 kB
WritebackTmp:          0 kB
CommitLimit:     9202292 kB
Committed_AS:   78343420 kB
VmallocTotal:   263061440 kB
VmallocUsed:      108728 kB
VmallocChunk:          0 kB
Percpu:             7712 kB
CmaTotal:         294912 kB
CmaFree:             224 kB
MemTotal:       12113136 kB
MemFree:         4183776 kB
MemAvailable:    7669572 kB
Buffers:            7320 kB
Cached:          2623824 kB
SwapCached:            0 kB
Active:          1984592 kB
Inactive:        2071080 kB
Active(anon):    1433924 kB
Inactive(anon):    35840 kB
Active(file):     550668 kB
Inactive(file):  2035240 kB
Unevictable:        5564 kB
Mlocked:            5564 kB
SwapTotal:       3145724 kB
SwapFree:        3145724 kB
Dirty:               436 kB
Writeback:             0 kB
AnonPages:       1430376 kB
Mapped:           988404 kB
Shmem:             40760 kB
KReclaimable:    1768592 kB
Slab:             277140 kB
SReclaimable:     120716 kB
SUnreclaim:       156424 kB
KernelStack:       51456 kB
PageTables:        71208 kB
NFS_Unstable:          0 kB
Bounce:                0 kB
WritebackTmp:          0 kB
CommitLimit:     9202292 kB
Committed_AS:   78342788 kB
VmallocTotal:   263061440 kB
VmallocUsed:      108712 kB
VmallocChunk:          0 kB
Percpu:             7712 kB
CmaTotal:         294912 kB
CmaFree:               0 kB
MemTotal:       12113136 kB
MemFree:         4184308 kB
MemAvailable:    7670128 kB
Buffers:            7320 kB
Cached:          2623848 kB
SwapCached:            0 kB
Active:          1984804 kB
Inactive:        2071104 kB
Active(anon):    1434136 kB
Inactive(anon):    35840 kB
Active(file):     550668 kB
Inactive(file):  2035264 kB
Unevictable:        5564 kB
Mlocked:            5564 kB
SwapTotal:       3145724 kB
SwapFree:        3145724 kB
Dirty:               440 kB
Writeback:             0 kB
AnonPages:       1430572 kB
Mapped:           988396 kB
Shmem:             40760 kB
KReclaimable:    1768592 kB
Slab:             277148 kB
SReclaimable:     120716 kB
SUnreclaim:       156432 kB
KernelStack:       51488 kB
PageTables:        71264 kB
NFS_Unstable:          0 kB
Bounce:                0 kB
WritebackTmp:          0 kB
CommitLimit:     9202292 kB
Committed_AS:   78339032 kB
VmallocTotal:   263061440 kB
VmallocUsed:      108712 kB
VmallocChunk:          0 kB
Percpu:             7712 kB
CmaTotal:         294912 kB
CmaFree:               0 kB
MemTotal:       12113136 kB
MemFree:         4184512 kB
MemAvailable:    7670348 kB
Buffers:            7320 kB
Cached:          2623864 kB
SwapCached:            0 kB
Active:          1985484 kB
Inactive:        2071120 kB
Active(anon):    1434816 kB
Inactive(anon):    35840 kB
Active(file):     550668 kB
Inactive(file):  2035280 kB
Unevictable:        5564 kB
Mlocked:            5564 kB
SwapTotal:       3145724 kB
SwapFree:        3145724 kB
Dirty:               456 kB
Writeback:             0 kB
AnonPages:       1430784 kB
Mapped:           988404 kB
Shmem:             40760 kB
KReclaimable:    1768592 kB
Slab:             277148 kB
SReclaimable:     120716 kB
SUnreclaim:       156432 kB
KernelStack:       51440 kB
PageTables:        71152 kB
NFS_Unstable:          0 kB
Bounce:                0 kB
WritebackTmp:          0 kB
CommitLimit:     9202292 kB
Committed_AS:   78333360 kB
VmallocTotal:   263061440 kB
VmallocUsed:      108664 kB
VmallocChunk:          0 kB
Percpu:             7712 kB
CmaTotal:         294912 kB
CmaFree:               0 kB
MemTotal:       12113136 kB
MemFree:         4183460 kB
MemAvailable:    7669320 kB
Buffers:            7320 kB
Cached:          2623888 kB
SwapCached:            0 kB
Active:          1985812 kB
Inactive:        2071144 kB
Active(anon):    1435144 kB
Inactive(anon):    35840 kB
Active(file):     550668 kB
Inactive(file):  2035304 kB
Unevictable:        5564 kB
Mlocked:            5564 kB
SwapTotal:       3145724 kB
SwapFree:        3145724 kB
Dirty:               508 kB
Writeback:             0 kB
AnonPages:       1431544 kB
Mapped:           988436 kB
Shmem:             40760 kB
KReclaimable:    1768592 kB
Slab:             277160 kB
SReclaimable:     120716 kB
SUnreclaim:       156444 kB
KernelStack:       51472 kB
PageTables:        71212 kB
NFS_Unstable:          0 kB
Bounce:                0 kB
WritebackTmp:          0 kB
CommitLimit:     9202292 kB
Committed_AS:   78334172 kB
VmallocTotal:   263061440 kB
VmallocUsed:      108632 kB
VmallocChunk:          0 kB
Percpu:             7712 kB
CmaTotal:         294912 kB
CmaFree:              64 kB
MemTotal:       12113136 kB
MemFree:         4183096 kB
MemAvailable:    7668976 kB
Buffers:            7320 kB
Cached:          2623908 kB
SwapCached:            0 kB
Active:          1985812 kB
Inactive:        2071164 kB
Active(anon):    1435144 kB
Inactive(anon):    35840 kB
Active(file):     550668 kB
Inactive(file):  2035324 kB
Unevictable:        5564 kB
Mlocked:            5564 kB
SwapTotal:       3145724 kB
SwapFree:        3145724 kB
Dirty:               580 kB
Writeback:             0 kB
AnonPages:       1431264 kB
Mapped:           988412 kB
Shmem:             40760 kB
KReclaimable:    1768592 kB
Slab:             277136 kB
SReclaimable:     120716 kB
SUnreclaim:       156420 kB
KernelStack:       51456 kB
PageTables:        71168 kB
NFS_Unstable:          0 kB
Bounce:                0 kB
WritebackTmp:          0 kB
CommitLimit:     9202292 kB
Committed_AS:   78338664 kB
VmallocTotal:   263061440 kB
VmallocUsed:      108664 kB
VmallocChunk:          0 kB
Percpu:             7712 kB
CmaTotal:         294912 kB
CmaFree:              32 kB
MemTotal:       12113136 kB
MemFree:         4182620 kB
MemAvailable:    7668520 kB
Buffers:            7320 kB
Cached:          2623928 kB
SwapCached:            0 kB
Active:          1987504 kB
Inactive:        2071180 kB
Active(anon):    1436832 kB
Inactive(anon):    35840 kB
Active(file):     550672 kB
Inactive(file):  2035340 kB
Unevictable:        5564 kB
Mlocked:            5564 kB
SwapTotal:       3145724 kB
SwapFree:        3145724 kB
Dirty:               600 kB
Writeback:             0 kB
AnonPages:       1432740 kB
Mapped:           987792 kB
Shmem:             40760 kB
KReclaimable:    1768592 kB
Slab:             277136 kB
SReclaimable:     120716 kB
SUnreclaim:       156420 kB
KernelStack:       51456 kB
PageTables:        71104 kB
NFS_Unstable:          0 kB
Bounce:                0 kB
WritebackTmp:          0 kB
CommitLimit:     9202292 kB
Committed_AS:   78338096 kB
VmallocTotal:   263061440 kB
VmallocUsed:      108632 kB
VmallocChunk:          0 kB
Percpu:             7712 kB
CmaTotal:         294912 kB
CmaFree:               0 kB
MemTotal:       12113136 kB
MemFree:         4181592 kB
MemAvailable:    7667536 kB
Buffers:            7324 kB
Cached:          2623968 kB
SwapCached:            0 kB
Active:          1987452 kB
Inactive:        2071220 kB
Active(anon):    1436776 kB
Inactive(anon):    35840 kB
Active(file):     550676 kB
Inactive(file):  2035380 kB
Unevictable:        5564 kB
Mlocked:            5564 kB
SwapTotal:       3145724 kB
SwapFree:        3145724 kB
Dirty:               608 kB
Writeback:             0 kB
AnonPages:       1432968 kB
Mapped:           987816 kB
Shmem:             40760 kB
KReclaimable:    1768592 kB
Slab:             277148 kB
SReclaimable:     120716 kB
SUnreclaim:       156432 kB
KernelStack:       51472 kB
PageTables:        71256 kB
NFS_Unstable:          0 kB
Bounce:                0 kB
WritebackTmp:          0 kB
CommitLimit:     9202292 kB
Committed_AS:   78338616 kB
VmallocTotal:   263061440 kB
VmallocUsed:      108616 kB
VmallocChunk:          0 kB
Percpu:             7712 kB
CmaTotal:         294912 kB
CmaFree:               0 kB
MemTotal:       12113136 kB
MemFree:         4180728 kB
MemAvailable:    7666692 kB
Buffers:            7324 kB
Cached:          2623988 kB
SwapCached:            0 kB
Active:          1988184 kB
Inactive:        2071240 kB
Active(anon):    1437508 kB
Inactive(anon):    35840 kB
Active(file):     550676 kB
Inactive(file):  2035400 kB
Unevictable:        5564 kB
Mlocked:            5564 kB
SwapTotal:       3145724 kB
SwapFree:        3145724 kB
Dirty:               244 kB
Writeback:             0 kB
AnonPages:       1433936 kB
Mapped:           987796 kB
Shmem:             40760 kB
KReclaimable:    1768592 kB
Slab:             277148 kB
SReclaimable:     120716 kB
SUnreclaim:       156432 kB
KernelStack:       51472 kB
PageTables:        71256 kB
NFS_Unstable:          0 kB
Bounce:                0 kB
WritebackTmp:          0 kB
CommitLimit:     9202292 kB
Committed_AS:   78333280 kB
VmallocTotal:   263061440 kB
VmallocUsed:      108648 kB
VmallocChunk:          0 kB
Percpu:             7712 kB
CmaTotal:         294912 kB
CmaFree:               4 kB
MemTotal:       12113136 kB
MemFree:         4180956 kB
MemAvailable:    7666940 kB
Buffers:            7324 kB
Cached:          2624008 kB
SwapCached:            0 kB
Active:          1988376 kB
Inactive:        2071260 kB
Active(anon):    1437700 kB
Inactive(anon):    35840 kB
Active(file):     550676 kB
Inactive(file):  2035420 kB
Unevictable:        5564 kB
Mlocked:            5564 kB
SwapTotal:       3145724 kB
SwapFree:        3145724 kB
Dirty:               292 kB
Writeback:             0 kB
AnonPages:       1433928 kB
Mapped:           987808 kB
Shmem:             40760 kB
KReclaimable:    1768592 kB
Slab:             277152 kB
SReclaimable:     120716 kB
SUnreclaim:       156436 kB
KernelStack:       51456 kB
PageTables:        71004 kB
NFS_Unstable:          0 kB
Bounce:                0 kB
WritebackTmp:          0 kB
CommitLimit:     9202292 kB
Committed_AS:   78328364 kB
VmallocTotal:   263061440 kB
VmallocUsed:      108616 kB
VmallocChunk:          0 kB
Percpu:             7712 kB
CmaTotal:         294912 kB
CmaFree:               0 kB
MemTotal:       12113136 kB
MemFree:         4177340 kB
MemAvailable:    7663340 kB
Buffers:            7324 kB
Cached:          2624024 kB
SwapCached:            0 kB
Active:          1992428 kB
Inactive:        2071276 kB
Active(anon):    1441752 kB
Inactive(anon):    35840 kB
Active(file):     550676 kB
Inactive(file):  2035436 kB
Unevictable:        5564 kB
Mlocked:            5564 kB
SwapTotal:       3145724 kB
SwapFree:        3145724 kB
Dirty:               324 kB
Writeback:             0 kB
AnonPages:       1437980 kB
Mapped:           987800 kB
Shmem:             40760 kB
KReclaimable:    1768592 kB
Slab:             277136 kB
SReclaimable:     120716 kB
SUnreclaim:       156420 kB
KernelStack:       51472 kB
PageTables:        71240 kB
NFS_Unstable:          0 kB
Bounce:                0 kB
WritebackTmp:          0 kB
CommitLimit:     9202292 kB
Committed_AS:   78338844 kB
VmallocTotal:   263061440 kB
VmallocUsed:      108648 kB
VmallocChunk:          0 kB
Percpu:             7712 kB
CmaTotal:         294912 kB
CmaFree:               0 kB
MemTotal:       12113136 kB
MemFree:         4168332 kB
MemAvailable:    7654364 kB
Buffers:            7324 kB
Cached:          2624056 kB
SwapCached:            0 kB
Active:          2003464 kB
Inactive:        2071308 kB
Active(anon):    1452788 kB
Inactive(anon):    35840 kB
Active(file):     550676 kB
Inactive(file):  2035468 kB
Unevictable:        5564 kB
Mlocked:            5564 kB
SwapTotal:       3145724 kB
SwapFree:        3145724 kB
Dirty:               416 kB
Writeback:             0 kB
AnonPages:       1445320 kB
Mapped:           987924 kB
Shmem:             40760 kB
KReclaimable:    1768592 kB
Slab:             277152 kB
SReclaimable:     120716 kB
SUnreclaim:       156436 kB
KernelStack:       51472 kB
PageTables:        71224 kB
NFS_Unstable:          0 kB
Bounce:                0 kB
WritebackTmp:          0 kB
CommitLimit:     9202292 kB
Committed_AS:   78330820 kB
VmallocTotal:   263061440 kB
VmallocUsed:      108664 kB
VmallocChunk:          0 kB
Percpu:             7712 kB
CmaTotal:         294912 kB
CmaFree:              24 kB
MemTotal:       12113136 kB
MemFree:         4154144 kB
MemAvailable:    7640188 kB
Buffers:            7324 kB
Cached:          2624068 kB
SwapCached:            0 kB
Active:          2015848 kB
Inactive:        2071320 kB
Active(anon):    1465172 kB
Inactive(anon):    35840 kB
Active(file):     550676 kB
Inactive(file):  2035480 kB
Unevictable:        5564 kB
Mlocked:            5564 kB
SwapTotal:       3145724 kB
SwapFree:        3145724 kB
Dirty:               436 kB
Writeback:             0 kB
AnonPages:       1461408 kB
Mapped:           987852 kB
Shmem:             40760 kB
KReclaimable:    1768592 kB
Slab:             277148 kB
SReclaimable:     120716 kB
SUnreclaim:       156432 kB
KernelStack:       51472 kB
PageTables:        71248 kB
NFS_Unstable:          0 kB
Bounce:                0 kB
WritebackTmp:          0 kB
CommitLimit:     9202292 kB
Committed_AS:   78340296 kB
VmallocTotal:   263061440 kB
VmallocUsed:      108696 kB
VmallocChunk:          0 kB
Percpu:             7712 kB
CmaTotal:         294912 kB
CmaFree:               0 kB
MemTotal:       12113136 kB
MemFree:         4152980 kB
MemAvailable:    7639044 kB
Buffers:            7324 kB
Cached:          2624088 kB
SwapCached:            0 kB
Active:          2016148 kB
Inactive:        2071340 kB
Active(anon):    1465472 kB
Inactive(anon):    35840 kB
Active(file):     550676 kB
Inactive(file):  2035500 kB
Unevictable:        5564 kB
Mlocked:            5564 kB
SwapTotal:       3145724 kB
SwapFree:        3145724 kB
Dirty:               500 kB
Writeback:             0 kB
AnonPages:       1461604 kB
Mapped:           988012 kB
Shmem:             40760 kB
KReclaimable:    1768592 kB
Slab:             277144 kB
SReclaimable:     120716 kB
SUnreclaim:       156428 kB
KernelStack:       51472 kB
PageTables:        71252 kB
NFS_Unstable:          0 kB
Bounce:                0 kB
WritebackTmp:          0 kB
CommitLimit:     9202292 kB
Committed_AS:   78336644 kB
VmallocTotal:   263061440 kB
VmallocUsed:      108680 kB
VmallocChunk:          0 kB
Percpu:             7712 kB
CmaTotal:         294912 kB
CmaFree:               0 kB
MemTotal:       12113136 kB
MemFree:         4144776 kB
MemAvailable:    7630860 kB
Buffers:            7324 kB
Cached:          2624108 kB
SwapCached:            0 kB
Active:          2023588 kB
Inactive:        2071360 kB
Active(anon):    1472912 kB
Inactive(anon):    35840 kB
Active(file):     550676 kB
Inactive(file):  2035520 kB
Unevictable:        5564 kB
Mlocked:            5564 kB
SwapTotal:       3145724 kB
SwapFree:        3145724 kB
Dirty:               536 kB
Writeback:             0 kB
AnonPages:       1469084 kB
Mapped:           988012 kB
Shmem:             40760 kB
KReclaimable:    1768592 kB
Slab:             277152 kB
SReclaimable:     120716 kB
SUnreclaim:       156436 kB
KernelStack:       51472 kB
PageTables:        71252 kB
NFS_Unstable:          0 kB
Bounce:                0 kB
WritebackTmp:          0 kB
CommitLimit:     9202292 kB
Committed_AS:   78328852 kB
VmallocTotal:   263061440 kB
VmallocUsed:      108680 kB
VmallocChunk:          0 kB
Percpu:             7712 kB
CmaTotal:         294912 kB
CmaFree:               0 kB
MemTotal:       12113136 kB
MemFree:         4152224 kB
MemAvailable:    7638336 kB
Buffers:            7324 kB
Cached:          2624136 kB
SwapCached:            0 kB
Active:          2017840 kB
Inactive:        2071388 kB
Active(anon):    1467164 kB
Inactive(anon):    35840 kB
Active(file):     550676 kB
Inactive(file):  2035548 kB
Unevictable:        5564 kB
Mlocked:            5564 kB
SwapTotal:       3145724 kB
SwapFree:        3145724 kB
Dirty:               588 kB
Writeback:             0 kB
AnonPages:       1463200 kB
Mapped:           988016 kB
Shmem:             40760 kB
KReclaimable:    1768592 kB
Slab:             277140 kB
SReclaimable:     120716 kB
SUnreclaim:       156424 kB
KernelStack:       51424 kB
PageTables:        71160 kB
NFS_Unstable:          0 kB
Bounce:                0 kB
WritebackTmp:          0 kB
CommitLimit:     9202292 kB
Committed_AS:   78343500 kB
VmallocTotal:   263061440 kB
VmallocUsed:      108664 kB
VmallocChunk:          0 kB
Percpu:             7712 kB
CmaTotal:         294912 kB
CmaFree:               0 kB
MemTotal:       12113136 kB
MemFree:         4151540 kB
MemAvailable:    7637684 kB
Buffers:            7324 kB
Cached:          2624168 kB
SwapCached:            0 kB
Active:          2017576 kB
Inactive:        2071416 kB
Active(anon):    1466896 kB
Inactive(anon):    35840 kB
Active(file):     550680 kB
Inactive(file):  2035576 kB
Unevictable:        5564 kB
Mlocked:            5564 kB
SwapTotal:       3145724 kB
SwapFree:        3145724 kB
Dirty:               612 kB
Writeback:             0 kB
AnonPages:       1463692 kB
Mapped:           988036 kB
Shmem:             40760 kB
KReclaimable:    1768592 kB
Slab:             277132 kB
SReclaimable:     120716 kB
SUnreclaim:       156416 kB
KernelStack:       51408 kB
PageTables:        71148 kB
NFS_Unstable:          0 kB
Bounce:                0 kB
WritebackTmp:          0 kB
CommitLimit:     9202292 kB
Committed_AS:   78347552 kB
VmallocTotal:   263061440 kB
VmallocUsed:      108664 kB
VmallocChunk:          0 kB
Percpu:             7712 kB
CmaTotal:         294912 kB
CmaFree:              52 kB
MemTotal:       12113136 kB
MemFree:         4144628 kB
MemAvailable:    7630780 kB
Buffers:            7324 kB
Cached:          2624176 kB
SwapCached:            0 kB
Active:          2027676 kB
Inactive:        2071428 kB
Active(anon):    1477000 kB
Inactive(anon):    35840 kB
Active(file):     550676 kB
Inactive(file):  2035588 kB
Unevictable:        5564 kB
Mlocked:            5564 kB
SwapTotal:       3145724 kB
SwapFree:        3145724 kB
Dirty:               632 kB
Writeback:             0 kB
AnonPages:       1473100 kB
Mapped:           988232 kB
Shmem:             40760 kB
KReclaimable:    1768592 kB
Slab:             277160 kB
SReclaimable:     120716 kB
SUnreclaim:       156444 kB
KernelStack:       51424 kB
PageTables:        71352 kB
NFS_Unstable:          0 kB
Bounce:                0 kB
WritebackTmp:          0 kB
CommitLimit:     9202292 kB
Committed_AS:   78339164 kB
VmallocTotal:   263061440 kB
VmallocUsed:      108616 kB
VmallocChunk:          0 kB
Percpu:             7712 kB
CmaTotal:         294912 kB
CmaFree:               0 kB
MemTotal:       12113136 kB
MemFree:         4152104 kB
MemAvailable:    7638280 kB
Buffers:            7324 kB
Cached:          2624200 kB
SwapCached:            0 kB
Active:          2017620 kB
Inactive:        2071452 kB
Active(anon):    1466944 kB
Inactive(anon):    35840 kB
Active(file):     550676 kB
Inactive(file):  2035612 kB
Unevictable:        5564 kB
Mlocked:            5564 kB
SwapTotal:       3145724 kB
SwapFree:        3145724 kB
Dirty:               412 kB
Writeback:             0 kB
AnonPages:       1463332 kB
Mapped:           988024 kB
Shmem:             40760 kB
KReclaimable:    1768592 kB
Slab:             277128 kB
SReclaimable:     120716 kB
SUnreclaim:       156412 kB
KernelStack:       51392 kB
PageTables:        71164 kB
NFS_Unstable:          0 kB
Bounce:                0 kB
WritebackTmp:          0 kB
CommitLimit:     9202292 kB
Committed_AS:   78341936 kB
VmallocTotal:   263061440 kB
VmallocUsed:      108600 kB
VmallocChunk:          0 kB
Percpu:             7712 kB
CmaTotal:         294912 kB
CmaFree:               4 kB
MemTotal:       12113136 kB
MemFree:         4152148 kB
MemAvailable:    7638344 kB
Buffers:            7324 kB
Cached:          2624220 kB
SwapCached:            0 kB
Active:          2018236 kB
Inactive:        2071472 kB
Active(anon):    1467560 kB
Inactive(anon):    35840 kB
Active(file):     550676 kB
Inactive(file):  2035632 kB
Unevictable:        5564 kB
Mlocked:            5564 kB
SwapTotal:       3145724 kB
SwapFree:        3145724 kB
Dirty:               304 kB
Writeback:             0 kB
AnonPages:       1463760 kB
Mapped:           988216 kB
Shmem:             40760 kB
KReclaimable:    1768592 kB
Slab:             277112 kB
SReclaimable:     120716 kB
SUnreclaim:       156396 kB
KernelStack:       51428 kB
PageTables:        71084 kB
NFS_Unstable:          0 kB
Bounce:                0 kB
WritebackTmp:          0 kB
CommitLimit:     9202292 kB
Committed_AS:   78337368 kB
VmallocTotal:   263061440 kB
VmallocUsed:      108632 kB
VmallocChunk:          0 kB
Percpu:             7712 kB
CmaTotal:         294912 kB
CmaFree:               0 kB
MemTotal:       12113136 kB
MemFree:         4144584 kB
MemAvailable:    7630792 kB
Buffers:            7324 kB
Cached:          2624448 kB
SwapCached:            0 kB
Active:          2027756 kB
Inactive:        2071704 kB
Active(anon):    1477080 kB
Inactive(anon):    36060 kB
Active(file):     550676 kB
Inactive(file):  2035644 kB
Unevictable:        5564 kB
Mlocked:            5564 kB
SwapTotal:       3145724 kB
SwapFree:        3145724 kB
Dirty:               352 kB
Writeback:             0 kB
AnonPages:       1473492 kB
Mapped:           988348 kB
Shmem:             40976 kB
KReclaimable:    1768592 kB
Slab:             277156 kB
SReclaimable:     120716 kB
SUnreclaim:       156440 kB
KernelStack:       51424 kB
PageTables:        71188 kB
NFS_Unstable:          0 kB
Bounce:                0 kB
WritebackTmp:          0 kB
CommitLimit:     9202292 kB
Committed_AS:   78341068 kB
VmallocTotal:   263061440 kB
VmallocUsed:      108632 kB
VmallocChunk:          0 kB
Percpu:             7712 kB
CmaTotal:         294912 kB
CmaFree:               0 kB
MemTotal:       12113136 kB
MemFree:         4148048 kB
MemAvailable:    7634296 kB
Buffers:            7332 kB
Cached:          2624264 kB
SwapCached:            0 kB
Active:          2020352 kB
Inactive:        2071516 kB
Active(anon):    1469668 kB
Inactive(anon):    35840 kB
Active(file):     550684 kB
Inactive(file):  2035676 kB
Unevictable:        5564 kB
Mlocked:            5564 kB
SwapTotal:       3145724 kB
SwapFree:        3145724 kB
Dirty:               408 kB
Writeback:             0 kB
AnonPages:       1465752 kB
Mapped:           988228 kB
Shmem:             40760 kB
KReclaimable:    1768592 kB
Slab:             277136 kB
SReclaimable:     120716 kB
SUnreclaim:       156420 kB
KernelStack:       51376 kB
PageTables:        71244 kB
NFS_Unstable:          0 kB
Bounce:                0 kB
WritebackTmp:          0 kB
CommitLimit:     9202292 kB
Committed_AS:   78341120 kB
VmallocTotal:   263061440 kB
VmallocUsed:      108600 kB
VmallocChunk:          0 kB
Percpu:             7712 kB
CmaTotal:         294912 kB
CmaFree:               0 kB
MemTotal:       12113136 kB
MemFree:         4148612 kB
MemAvailable:    7634884 kB
Buffers:            7332 kB
Cached:          2624288 kB
SwapCached:            0 kB
Active:          2020468 kB
Inactive:        2071540 kB
Active(anon):    1469784 kB
Inactive(anon):    35840 kB
Active(file):     550684 kB
Inactive(file):  2035700 kB
Unevictable:        5564 kB
Mlocked:            5564 kB
SwapTotal:       3145724 kB
SwapFree:        3145724 kB
Dirty:               408 kB
Writeback:             0 kB
AnonPages:       1465724 kB
Mapped:           987972 kB
Shmem:             40760 kB
KReclaimable:    1768592 kB
Slab:             277144 kB
SReclaimable:     120716 kB
SUnreclaim:       156428 kB
KernelStack:       51392 kB
PageTables:        71140 kB
NFS_Unstable:          0 kB
Bounce:                0 kB
WritebackTmp:          0 kB
CommitLimit:     9202292 kB
Committed_AS:   78338460 kB
VmallocTotal:   263061440 kB
VmallocUsed:      108552 kB
VmallocChunk:          0 kB
Percpu:             7712 kB
CmaTotal:         294912 kB
CmaFree:              20 kB
MemTotal:       12113136 kB
MemFree:         4141064 kB
MemAvailable:    7627344 kB
Buffers:            7332 kB
Cached:          2624300 kB
SwapCached:            0 kB
Active:          2027944 kB
Inactive:        2071556 kB
Active(anon):    1477264 kB
Inactive(anon):    35844 kB
Active(file):     550680 kB
Inactive(file):  2035712 kB
Unevictable:        5564 kB
Mlocked:            5564 kB
SwapTotal:       3145724 kB
SwapFree:        3145724 kB
Dirty:               236 kB
Writeback:             0 kB
AnonPages:       1473756 kB
Mapped:           988024 kB
Shmem:             40764 kB
KReclaimable:    1768592 kB
Slab:             277140 kB
SReclaimable:     120716 kB
SUnreclaim:       156424 kB
KernelStack:       51376 kB
PageTables:        71188 kB
NFS_Unstable:          0 kB
Bounce:                0 kB
WritebackTmp:          0 kB
CommitLimit:     9202292 kB
Committed_AS:   78340376 kB
VmallocTotal:   263061440 kB
VmallocUsed:      108552 kB
VmallocChunk:          0 kB
Percpu:             7712 kB
CmaTotal:         294912 kB
CmaFree:               0 kB
MemTotal:       12113136 kB
MemFree:         4147220 kB
MemAvailable:    7633508 kB
Buffers:            7332 kB
Cached:          2624308 kB
SwapCached:            0 kB
Active:          2020860 kB
Inactive:        2071572 kB
Active(anon):    1470188 kB
Inactive(anon):    35844 kB
Active(file):     550672 kB
Inactive(file):  2035728 kB
Unevictable:        5564 kB
Mlocked:            5564 kB
SwapTotal:       3145724 kB
SwapFree:        3145724 kB
Dirty:               272 kB
Writeback:             0 kB
AnonPages:       1467220 kB
Mapped:           988012 kB
Shmem:             40764 kB
KReclaimable:    1768592 kB
Slab:             277128 kB
SReclaimable:     120716 kB
SUnreclaim:       156412 kB
KernelStack:       51328 kB
PageTables:        71292 kB
NFS_Unstable:          0 kB
Bounce:                0 kB
WritebackTmp:          0 kB
CommitLimit:     9202292 kB
Committed_AS:   78341500 kB
VmallocTotal:   263061440 kB
VmallocUsed:      108536 kB
VmallocChunk:          0 kB
Percpu:             7712 kB
CmaTotal:         294912 kB
CmaFree:               0 kB
MemTotal:       12113136 kB
MemFree:         4150100 kB
MemAvailable:    7636432 kB
Buffers:            7332 kB
Cached:          2624352 kB
SwapCached:            0 kB
Active:          2018056 kB
Inactive:        2071608 kB
Active(anon):    1467376 kB
Inactive(anon):    35844 kB
Active(file):     550680 kB
Inactive(file):  2035764 kB
Unevictable:        5564 kB
Mlocked:            5564 kB
SwapTotal:       3145724 kB
SwapFree:        3145724 kB
Dirty:               336 kB
Writeback:             0 kB
AnonPages:       1463420 kB
Mapped:           988212 kB
Shmem:             40764 kB
KReclaimable:    1768592 kB
Slab:             277128 kB
SReclaimable:     120716 kB
SUnreclaim:       156412 kB
KernelStack:       51328 kB
PageTables:        71192 kB
NFS_Unstable:          0 kB
Bounce:                0 kB
WritebackTmp:          0 kB
CommitLimit:     9202292 kB
Committed_AS:   78328628 kB
VmallocTotal:   263061440 kB
VmallocUsed:      108536 kB
VmallocChunk:          0 kB
Percpu:             7712 kB
CmaTotal:         294912 kB
CmaFree:               0 kB
MemTotal:       12113136 kB
MemFree:         4143860 kB
MemAvailable:    7630208 kB
Buffers:            7332 kB
Cached:          2624372 kB
SwapCached:            0 kB
Active:          2026356 kB
Inactive:        2071628 kB
Active(anon):    1475676 kB
Inactive(anon):    35848 kB
Active(file):     550680 kB
Inactive(file):  2035780 kB
Unevictable:        5564 kB
Mlocked:            5564 kB
SwapTotal:       3145724 kB
SwapFree:        3145724 kB
Dirty:               376 kB
Writeback:             0 kB
AnonPages:       1470960 kB
Mapped:           987964 kB
Shmem:             40768 kB
KReclaimable:    1768592 kB
Slab:             277116 kB
SReclaimable:     120716 kB
SUnreclaim:       156400 kB
KernelStack:       51380 kB
PageTables:        71060 kB
NFS_Unstable:          0 kB
Bounce:                0 kB
WritebackTmp:          0 kB
CommitLimit:     9202292 kB
Committed_AS:   78335928 kB
VmallocTotal:   263061440 kB
VmallocUsed:      108536 kB
VmallocChunk:          0 kB
Percpu:             7712 kB
CmaTotal:         294912 kB
CmaFree:              96 kB
MemTotal:       12113136 kB
MemFree:         4149924 kB
MemAvailable:    7636296 kB
Buffers:            7332 kB
Cached:          2624396 kB
SwapCached:            0 kB
Active:          2018608 kB
Inactive:        2071652 kB
Active(anon):    1467928 kB
Inactive(anon):    35848 kB
Active(file):     550680 kB
Inactive(file):  2035804 kB
Unevictable:        5564 kB
Mlocked:            5564 kB
SwapTotal:       3145724 kB
SwapFree:        3145724 kB
Dirty:               432 kB
Writeback:             0 kB
AnonPages:       1464164 kB
Mapped:           987908 kB
Shmem:             40768 kB
KReclaimable:    1768592 kB
Slab:             277124 kB
SReclaimable:     120716 kB
SUnreclaim:       156408 kB
KernelStack:       51344 kB
PageTables:        71156 kB
NFS_Unstable:          0 kB
Bounce:                0 kB
WritebackTmp:          0 kB
CommitLimit:     9202292 kB
Committed_AS:   78331896 kB
VmallocTotal:   263061440 kB
VmallocUsed:      108520 kB
VmallocChunk:          0 kB
Percpu:             7712 kB
CmaTotal:         294912 kB
CmaFree:               0 kB
MemTotal:       12113136 kB
MemFree:         4164888 kB
MemAvailable:    7651280 kB
Buffers:            7332 kB
Cached:          2624416 kB
SwapCached:            0 kB
Active:          2003592 kB
Inactive:        2071672 kB
Active(anon):    1452912 kB
Inactive(anon):    35848 kB
Active(file):     550680 kB
Inactive(file):  2035824 kB
Unevictable:        5564 kB
Mlocked:            5564 kB
SwapTotal:       3145724 kB
SwapFree:        3145724 kB
Dirty:               452 kB
Writeback:             0 kB
AnonPages:       1449204 kB
Mapped:           974724 kB
Shmem:             40768 kB
KReclaimable:    1768592 kB
Slab:             277116 kB
SReclaimable:     120716 kB
SUnreclaim:       156400 kB
KernelStack:       51344 kB
PageTables:        71076 kB
NFS_Unstable:          0 kB
Bounce:                0 kB
WritebackTmp:          0 kB
CommitLimit:     9202292 kB
Committed_AS:   78332064 kB
VmallocTotal:   263061440 kB
VmallocUsed:      108520 kB
VmallocChunk:          0 kB
Percpu:             7712 kB
CmaTotal:         294912 kB
CmaFree:             312 kB
MemTotal:       12113136 kB
MemFree:         4155628 kB
MemAvailable:    7642040 kB
Buffers:            7332 kB
Cached:          2624436 kB
SwapCached:            0 kB
Active:          2013780 kB
Inactive:        2071692 kB
Active(anon):    1463100 kB
Inactive(anon):    35848 kB
Active(file):     550680 kB
Inactive(file):  2035844 kB
Unevictable:        5564 kB
Mlocked:            5564 kB
SwapTotal:       3145724 kB
SwapFree:        3145724 kB
Dirty:               332 kB
Writeback:             0 kB
AnonPages:       1458980 kB
Mapped:           974744 kB
Shmem:             40768 kB
KReclaimable:    1768592 kB
Slab:             277140 kB
SReclaimable:     120716 kB
SUnreclaim:       156424 kB
KernelStack:       51344 kB
PageTables:        71136 kB
NFS_Unstable:          0 kB
Bounce:                0 kB
WritebackTmp:          0 kB
CommitLimit:     9202292 kB
Committed_AS:   78334476 kB
VmallocTotal:   263061440 kB
VmallocUsed:      108568 kB
VmallocChunk:          0 kB
Percpu:             7712 kB
CmaTotal:         294912 kB
CmaFree:              16 kB
MemTotal:       12113136 kB
MemFree:         4164980 kB
MemAvailable:    7651432 kB
Buffers:            7332 kB
Cached:          2624476 kB
SwapCached:            0 kB
Active:          2004836 kB
Inactive:        2071732 kB
Active(anon):    1454156 kB
Inactive(anon):    35848 kB
Active(file):     550680 kB
Inactive(file):  2035884 kB
Unevictable:        5564 kB
Mlocked:            5564 kB
SwapTotal:       3145724 kB
SwapFree:        3145724 kB
Dirty:               408 kB
Writeback:             0 kB
AnonPages:       1450200 kB
Mapped:           974712 kB
Shmem:             40768 kB
KReclaimable:    1768592 kB
Slab:             277136 kB
SReclaimable:     120716 kB
SUnreclaim:       156420 kB
KernelStack:       51344 kB
PageTables:        71224 kB
NFS_Unstable:          0 kB
Bounce:                0 kB
WritebackTmp:          0 kB
CommitLimit:     9202292 kB
Committed_AS:   78331144 kB
VmallocTotal:   263061440 kB
VmallocUsed:      108552 kB
VmallocChunk:          0 kB
Percpu:             7712 kB
CmaTotal:         294912 kB
CmaFree:               0 kB
MemTotal:       12113136 kB
MemFree:         4175048 kB
MemAvailable:    7661512 kB
Buffers:            7332 kB
Cached:          2624488 kB
SwapCached:            0 kB
Active:          1993052 kB
Inactive:        2071744 kB
Active(anon):    1442372 kB
Inactive(anon):    35848 kB
Active(file):     550680 kB
Inactive(file):  2035896 kB
Unevictable:        5564 kB
Mlocked:            5564 kB
SwapTotal:       3145724 kB
SwapFree:        3145724 kB
Dirty:               436 kB
Writeback:             0 kB
AnonPages:       1438180 kB
Mapped:           974800 kB
Shmem:             40768 kB
KReclaimable:    1768592 kB
Slab:             277120 kB
SReclaimable:     120716 kB
SUnreclaim:       156404 kB
KernelStack:       51424 kB
PageTables:        71248 kB
NFS_Unstable:          0 kB
Bounce:                0 kB
WritebackTmp:          0 kB
CommitLimit:     9202292 kB
Committed_AS:   78338004 kB
VmallocTotal:   263061440 kB
VmallocUsed:      108536 kB
VmallocChunk:          0 kB
Percpu:             7712 kB
CmaTotal:         294912 kB
CmaFree:               0 kB
MemTotal:       12113136 kB
MemFree:         4168104 kB
MemAvailable:    7654588 kB
Buffers:            7332 kB
Cached:          2624508 kB
SwapCached:            0 kB
Active:          2000008 kB
Inactive:        2071764 kB
Active(anon):    1449328 kB
Inactive(anon):    35848 kB
Active(file):     550680 kB
Inactive(file):  2035916 kB
Unevictable:        5564 kB
Mlocked:            5564 kB
SwapTotal:       3145724 kB
SwapFree:        3145724 kB
Dirty:               468 kB
Writeback:             0 kB
AnonPages:       1445756 kB
Mapped:           974712 kB
Shmem:             40768 kB
KReclaimable:    1768592 kB
Slab:             277116 kB
SReclaimable:     120716 kB
SUnreclaim:       156400 kB
KernelStack:       51344 kB
PageTables:        71100 kB
NFS_Unstable:          0 kB
Bounce:                0 kB
WritebackTmp:          0 kB
CommitLimit:     9202292 kB
Committed_AS:   78342500 kB
VmallocTotal:   263061440 kB
VmallocUsed:      108520 kB
VmallocChunk:          0 kB
Percpu:             7712 kB
CmaTotal:         294912 kB
CmaFree:              32 kB
MemTotal:       12113136 kB
MemFree:         4174808 kB
MemAvailable:    7661308 kB
Buffers:            7332 kB
Cached:          2624524 kB
SwapCached:            0 kB
Active:          1993664 kB
Inactive:        2071780 kB
Active(anon):    1442984 kB
Inactive(anon):    35848 kB
Active(file):     550680 kB
Inactive(file):  2035932 kB
Unevictable:        5564 kB
Mlocked:            5564 kB
SwapTotal:       3145724 kB
SwapFree:        3145724 kB
Dirty:               492 kB
Writeback:             0 kB
AnonPages:       1439396 kB
Mapped:           974812 kB
Shmem:             40768 kB
KReclaimable:    1768592 kB
Slab:             277132 kB
SReclaimable:     120716 kB
SUnreclaim:       156416 kB
KernelStack:       51376 kB
PageTables:        71152 kB
NFS_Unstable:          0 kB
Bounce:                0 kB
WritebackTmp:          0 kB
CommitLimit:     9202292 kB
Committed_AS:   78336336 kB
VmallocTotal:   263061440 kB
VmallocUsed:      108504 kB
VmallocChunk:          0 kB
Percpu:             7712 kB
CmaTotal:         294912 kB
CmaFree:               0 kB
MemTotal:       12113136 kB
MemFree:         4174176 kB
MemAvailable:    7660700 kB
Buffers:            7332 kB
Cached:          2624548 kB
SwapCached:            0 kB
Active:          1993944 kB
Inactive:        2071804 kB
Active(anon):    1443264 kB
Inactive(anon):    35848 kB
Active(file):     550680 kB
Inactive(file):  2035956 kB
Unevictable:        5564 kB
Mlocked:            5564 kB
SwapTotal:       3145724 kB
SwapFree:        3145724 kB
Dirty:               292 kB
Writeback:             0 kB
AnonPages:       1439308 kB
Mapped:           974712 kB
Shmem:             40768 kB
KReclaimable:    1768592 kB
Slab:             277124 kB
SReclaimable:     120716 kB
SUnreclaim:       156408 kB
KernelStack:       51360 kB
PageTables:        71136 kB
NFS_Unstable:          0 kB
Bounce:                0 kB
WritebackTmp:          0 kB
CommitLimit:     9202292 kB
Committed_AS:   78346280 kB
VmallocTotal:   263061440 kB
VmallocUsed:      108536 kB
VmallocChunk:          0 kB
Percpu:             7712 kB
CmaTotal:         294912 kB
CmaFree:               4 kB
MemTotal:       12113136 kB
MemFree:         4164484 kB
MemAvailable:    7651024 kB
Buffers:            7332 kB
Cached:          2632028 kB
SwapCached:            0 kB
Active:          1997640 kB
Inactive:        2079284 kB
Active(anon):    1446960 kB
Inactive(anon):    43312 kB
Active(file):     550680 kB
Inactive(file):  2035972 kB
Unevictable:        5564 kB
Mlocked:            5564 kB
SwapTotal:       3145724 kB
SwapFree:        3145724 kB
Dirty:               396 kB
Writeback:             0 kB
AnonPages:       1443192 kB
Mapped:           982248 kB
Shmem:             48232 kB
KReclaimable:    1768592 kB
Slab:             277120 kB
SReclaimable:     120716 kB
SUnreclaim:       156404 kB
KernelStack:       51392 kB
PageTables:        71216 kB
NFS_Unstable:          0 kB
Bounce:                0 kB
WritebackTmp:          0 kB
CommitLimit:     9202292 kB
Committed_AS:   78333896 kB
VmallocTotal:   263061440 kB
VmallocUsed:      108520 kB
VmallocChunk:          0 kB
Percpu:             7712 kB
CmaTotal:         294912 kB
CmaFree:               0 kB
MemTotal:       12113136 kB
MemFree:         4166488 kB
MemAvailable:    7653044 kB
Buffers:            7332 kB
Cached:          2624580 kB
SwapCached:            0 kB
Active:          2003528 kB
Inactive:        2071836 kB
Active(anon):    1452848 kB
Inactive(anon):    35848 kB
Active(file):     550680 kB
Inactive(file):  2035988 kB
Unevictable:        5564 kB
Mlocked:            5564 kB
SwapTotal:       3145724 kB
SwapFree:        3145724 kB
Dirty:               420 kB
Writeback:             0 kB
AnonPages:       1448920 kB
Mapped:           974980 kB
Shmem:             40768 kB
KReclaimable:    1768592 kB
Slab:             277148 kB
SReclaimable:     120716 kB
SUnreclaim:       156432 kB
KernelStack:       51364 kB
PageTables:        71040 kB
NFS_Unstable:          0 kB
Bounce:                0 kB
WritebackTmp:          0 kB
CommitLimit:     9202292 kB
Committed_AS:   78344532 kB
VmallocTotal:   263061440 kB
VmallocUsed:      108536 kB
VmallocChunk:          0 kB
Percpu:             7712 kB
CmaTotal:         294912 kB
CmaFree:              12 kB
MemTotal:       12113136 kB
MemFree:         4171468 kB
MemAvailable:    7658068 kB
Buffers:            7336 kB
Cached:          2624604 kB
SwapCached:            0 kB
Active:          1998984 kB
Inactive:        2071856 kB
Active(anon):    1448296 kB
Inactive(anon):    35832 kB
Active(file):     550688 kB
Inactive(file):  2036024 kB
Unevictable:        5564 kB
Mlocked:            5564 kB
SwapTotal:       3145724 kB
SwapFree:        3145724 kB
Dirty:               452 kB
Writeback:             0 kB
AnonPages:       1444568 kB
Mapped:           974020 kB
Shmem:             40752 kB
KReclaimable:    1768592 kB
Slab:             277116 kB
SReclaimable:     120716 kB
SUnreclaim:       156400 kB
KernelStack:       50912 kB
PageTables:        70376 kB
NFS_Unstable:          0 kB
Bounce:                0 kB
WritebackTmp:          0 kB
CommitLimit:     9202292 kB
Committed_AS:   77020924 kB
VmallocTotal:   263061440 kB
VmallocUsed:      108192 kB
VmallocChunk:          0 kB
Percpu:             7712 kB
CmaTotal:         294912 kB
CmaFree:               0 kB
MemTotal:       12113136 kB
MemFree:         4194212 kB
MemAvailable:    7680828 kB
Buffers:            7336 kB
Cached:          2624528 kB
SwapCached:            0 kB
Active:          1982232 kB
Inactive:        2071084 kB
Active(anon):    1430848 kB
Inactive(anon):    35740 kB
Active(file):     551384 kB
Inactive(file):  2035344 kB
Unevictable:        5564 kB
Mlocked:            5564 kB
SwapTotal:       3145724 kB
SwapFree:        3145724 kB
Dirty:               552 kB
Writeback:             0 kB
AnonPages:       1426848 kB
Mapped:           963904 kB
Shmem:             40660 kB
KReclaimable:    1768592 kB
Slab:             276528 kB
SReclaimable:     120716 kB
SUnreclaim:       155812 kB
KernelStack:       50320 kB
PageTables:        69016 kB
NFS_Unstable:          0 kB
Bounce:                0 kB
WritebackTmp:          0 kB
CommitLimit:     9202292 kB
Committed_AS:   74341476 kB
VmallocTotal:   263061440 kB
VmallocUsed:      107360 kB
VmallocChunk:          0 kB
Percpu:             7712 kB
CmaTotal:         294912 kB
CmaFree:               0 kB
MemTotal:       12113136 kB
MemFree:         4191264 kB
MemAvailable:    7677904 kB
Buffers:            7336 kB
Cached:          2624552 kB
SwapCached:            0 kB
Active:          1982008 kB
Inactive:        2071108 kB
Active(anon):    1430624 kB
Inactive(anon):    35740 kB
Active(file):     551384 kB
Inactive(file):  2035368 kB
Unevictable:        5564 kB
Mlocked:            5564 kB
SwapTotal:       3145724 kB
SwapFree:        3145724 kB
Dirty:               348 kB
Writeback:             0 kB
AnonPages:       1427112 kB
Mapped:           964084 kB
Shmem:             40660 kB
KReclaimable:    1768592 kB
Slab:             276532 kB
SReclaimable:     120716 kB
SUnreclaim:       155816 kB
KernelStack:       50256 kB
PageTables:        68928 kB
NFS_Unstable:          0 kB
Bounce:                0 kB
WritebackTmp:          0 kB
CommitLimit:     9202292 kB
Committed_AS:   74335948 kB
VmallocTotal:   263061440 kB
VmallocUsed:      107392 kB
VmallocChunk:          0 kB
Percpu:             7712 kB
CmaTotal:         294912 kB
CmaFree:               0 kB
MemTotal:       12113136 kB
MemFree:         4207204 kB
MemAvailable:    7693864 kB
Buffers:            7336 kB
Cached:          2624572 kB
SwapCached:            0 kB
Active:          1967288 kB
Inactive:        2071128 kB
Active(anon):    1415904 kB
Inactive(anon):    35740 kB
Active(file):     551384 kB
Inactive(file):  2035388 kB
Unevictable:        5564 kB
Mlocked:            5564 kB
SwapTotal:       3145724 kB
SwapFree:        3145724 kB
Dirty:               396 kB
Writeback:             0 kB
AnonPages:       1412500 kB
Mapped:           964076 kB
Shmem:             40660 kB
KReclaimable:    1768592 kB
Slab:             276532 kB
SReclaimable:     120716 kB
SUnreclaim:       155816 kB
KernelStack:       50308 kB
PageTables:        68764 kB
NFS_Unstable:          0 kB
Bounce:                0 kB
WritebackTmp:          0 kB
CommitLimit:     9202292 kB
Committed_AS:   74331200 kB
VmallocTotal:   263061440 kB
VmallocUsed:      107424 kB
VmallocChunk:          0 kB
Percpu:             7712 kB
CmaTotal:         294912 kB
CmaFree:              12 kB
MemTotal:       12113136 kB
MemFree:         4208956 kB
MemAvailable:    7695636 kB
Buffers:            7336 kB
Cached:          2624580 kB
SwapCached:            0 kB
Active:          1967740 kB
Inactive:        2071136 kB
Active(anon):    1416356 kB
Inactive(anon):    35728 kB
Active(file):     551384 kB
Inactive(file):  2035408 kB
Unevictable:        5564 kB
Mlocked:            5564 kB
SwapTotal:       3145724 kB
SwapFree:        3145724 kB
Dirty:               440 kB
Writeback:             0 kB
AnonPages:       1412448 kB
Mapped:           963996 kB
Shmem:             40648 kB
KReclaimable:    1768592 kB
Slab:             276092 kB
SReclaimable:     120716 kB
SUnreclaim:       155376 kB
KernelStack:       50112 kB
PageTables:        68176 kB
NFS_Unstable:          0 kB
Bounce:                0 kB
WritebackTmp:          0 kB
CommitLimit:     9202292 kB
Committed_AS:   73022212 kB
VmallocTotal:   263061440 kB
VmallocUsed:      107256 kB
VmallocChunk:          0 kB
Percpu:             7712 kB
CmaTotal:         294912 kB
CmaFree:               8 kB
MemTotal:       12113136 kB
MemFree:         4208656 kB
MemAvailable:    7695364 kB
Buffers:            7336 kB
Cached:          2624608 kB
SwapCached:            0 kB
Active:          1968272 kB
Inactive:        2071160 kB
Active(anon):    1416884 kB
Inactive(anon):    35728 kB
Active(file):     551388 kB
Inactive(file):  2035432 kB
Unevictable:        5564 kB
Mlocked:            5564 kB
SwapTotal:       3145724 kB
SwapFree:        3145724 kB
Dirty:               468 kB
Writeback:             0 kB
AnonPages:       1413152 kB
Mapped:           963976 kB
Shmem:             40648 kB
KReclaimable:    1768592 kB
Slab:             275964 kB
SReclaimable:     120716 kB
SUnreclaim:       155248 kB
KernelStack:       50116 kB
PageTables:        68148 kB
NFS_Unstable:          0 kB
Bounce:                0 kB
WritebackTmp:          0 kB
CommitLimit:     9202292 kB
Committed_AS:   73020000 kB
VmallocTotal:   263061440 kB
VmallocUsed:      107272 kB
VmallocChunk:          0 kB
Percpu:             7712 kB
CmaTotal:         294912 kB
CmaFree:               0 kB
MemTotal:       12113136 kB
MemFree:         4207180 kB
MemAvailable:    7693896 kB
Buffers:            7336 kB
Cached:          2624616 kB
SwapCached:            0 kB
Active:          1968524 kB
Inactive:        2071172 kB
Active(anon):    1417140 kB
Inactive(anon):    35728 kB
Active(file):     551384 kB
Inactive(file):  2035444 kB
Unevictable:        5564 kB
Mlocked:            5564 kB
SwapTotal:       3145724 kB
SwapFree:        3145724 kB
Dirty:               476 kB
Writeback:             0 kB
AnonPages:       1413380 kB
Mapped:           963796 kB
Shmem:             40648 kB
KReclaimable:    1768592 kB
Slab:             275964 kB
SReclaimable:     120716 kB
SUnreclaim:       155248 kB
KernelStack:       50032 kB
PageTables:        68212 kB
NFS_Unstable:          0 kB
Bounce:                0 kB
WritebackTmp:          0 kB
CommitLimit:     9202292 kB
Committed_AS:   73024160 kB
VmallocTotal:   263061440 kB
VmallocUsed:      107224 kB
VmallocChunk:          0 kB
Percpu:             7712 kB
CmaTotal:         294912 kB
CmaFree:               0 kB
MemTotal:       12113136 kB
MemFree:         4208056 kB
MemAvailable:    7694796 kB
Buffers:            7336 kB
Cached:          2624640 kB
SwapCached:            0 kB
Active:          1968264 kB
Inactive:        2071196 kB
Active(anon):    1416880 kB
Inactive(anon):    35728 kB
Active(file):     551384 kB
Inactive(file):  2035468 kB
Unevictable:        5564 kB
Mlocked:            5564 kB
SwapTotal:       3145724 kB
SwapFree:        3145724 kB
Dirty:               308 kB
Writeback:             0 kB
AnonPages:       1412392 kB
Mapped:           963776 kB
Shmem:             40648 kB
KReclaimable:    1768592 kB
Slab:             275964 kB
SReclaimable:     120716 kB
SUnreclaim:       155248 kB
KernelStack:       50000 kB
PageTables:        68328 kB
NFS_Unstable:          0 kB
Bounce:                0 kB
WritebackTmp:          0 kB
CommitLimit:     9202292 kB
Committed_AS:   73016360 kB
VmallocTotal:   263061440 kB
VmallocUsed:      107208 kB
VmallocChunk:          0 kB
Percpu:             7712 kB
CmaTotal:         294912 kB
CmaFree:               0 kB
MemTotal:       12113136 kB
MemFree:         4207668 kB
MemAvailable:    7694436 kB
Buffers:            7336 kB
Cached:          2624668 kB
SwapCached:            0 kB
Active:          1968412 kB
Inactive:        2071224 kB
Active(anon):    1417028 kB
Inactive(anon):    35728 kB
Active(file):     551384 kB
Inactive(file):  2035496 kB
Unevictable:        5564 kB
Mlocked:            5564 kB
SwapTotal:       3145724 kB
SwapFree:        3145724 kB
Dirty:               372 kB
Writeback:             4 kB
AnonPages:       1413100 kB
Mapped:           963768 kB
Shmem:             40648 kB
KReclaimable:    1768592 kB
Slab:             275964 kB
SReclaimable:     120716 kB
SUnreclaim:       155248 kB
KernelStack:       50032 kB
PageTables:        68428 kB
NFS_Unstable:          0 kB
Bounce:                0 kB
WritebackTmp:          0 kB
CommitLimit:     9202292 kB
Committed_AS:   73013320 kB
VmallocTotal:   263061440 kB
VmallocUsed:      107208 kB
VmallocChunk:          0 kB
Percpu:             7712 kB
CmaTotal:         294912 kB
CmaFree:              40 kB
MemTotal:       12113136 kB
MemFree:         4207740 kB
MemAvailable:    7694536 kB
Buffers:            7336 kB
Cached:          2624696 kB
SwapCached:            0 kB
Active:          1968760 kB
Inactive:        2071252 kB
Active(anon):    1417376 kB
Inactive(anon):    35728 kB
Active(file):     551384 kB
Inactive(file):  2035524 kB
Unevictable:        5564 kB
Mlocked:            5564 kB
SwapTotal:       3145724 kB
SwapFree:        3145724 kB
Dirty:               396 kB
Writeback:             0 kB
AnonPages:       1413856 kB
Mapped:           963796 kB
Shmem:             40648 kB
KReclaimable:    1768592 kB
Slab:             275964 kB
SReclaimable:     120716 kB
SUnreclaim:       155248 kB
KernelStack:       49984 kB
PageTables:        68196 kB
NFS_Unstable:          0 kB
Bounce:                0 kB
WritebackTmp:          0 kB
CommitLimit:     9202292 kB
Committed_AS:   73018588 kB
VmallocTotal:   263061440 kB
VmallocUsed:      107176 kB
VmallocChunk:          0 kB
Percpu:             7712 kB
CmaTotal:         294912 kB
CmaFree:               0 kB
MemTotal:       12113136 kB
MemFree:         4217040 kB
MemAvailable:    7703860 kB
Buffers:            7336 kB
Cached:          2624720 kB
SwapCached:            0 kB
Active:          1959080 kB
Inactive:        2071028 kB
Active(anon):    1407692 kB
Inactive(anon):    35484 kB
Active(file):     551388 kB
Inactive(file):  2035544 kB
Unevictable:        5564 kB
Mlocked:            5564 kB
SwapTotal:       3145724 kB
SwapFree:        3145724 kB
Dirty:               440 kB
Writeback:             0 kB
AnonPages:       1403844 kB
Mapped:           962116 kB
Shmem:             40648 kB
KReclaimable:    1768592 kB
Slab:             275956 kB
SReclaimable:     120716 kB
SUnreclaim:       155240 kB
KernelStack:       49804 kB
PageTables:        67640 kB
NFS_Unstable:          0 kB
Bounce:                0 kB
WritebackTmp:          0 kB
CommitLimit:     9202292 kB
Committed_AS:   71676488 kB
VmallocTotal:   263061440 kB
VmallocUsed:      106912 kB
VmallocChunk:          0 kB
Percpu:             7712 kB
CmaTotal:         294912 kB
CmaFree:              56 kB
MemTotal:       12113136 kB
MemFree:         4217328 kB
MemAvailable:    7704168 kB
Buffers:            7336 kB
Cached:          2624492 kB
SwapCached:            0 kB
Active:          1959792 kB
Inactive:        2071040 kB
Active(anon):    1408400 kB
Inactive(anon):    35480 kB
Active(file):     551392 kB
Inactive(file):  2035560 kB
Unevictable:        5564 kB
Mlocked:            5564 kB
SwapTotal:       3145724 kB
SwapFree:        3145724 kB
Dirty:               508 kB
Writeback:             0 kB
AnonPages:       1404556 kB
Mapped:           962016 kB
Shmem:             40400 kB
KReclaimable:    1768592 kB
Slab:             275960 kB
SReclaimable:     120716 kB
SUnreclaim:       155244 kB
KernelStack:       49696 kB
PageTables:        67504 kB
NFS_Unstable:          0 kB
Bounce:                0 kB
WritebackTmp:          0 kB
CommitLimit:     9202292 kB
Committed_AS:   71675972 kB
VmallocTotal:   263061440 kB
VmallocUsed:      106896 kB
