MemTotal:       12113136 kB
MemFree:         4342740 kB
MemAvailable:    7606908 kB
Buffers:            6316 kB
Cached:          2513388 kB
SwapCached:            0 kB
Active:          1815296 kB
Inactive:        2141200 kB
Active(anon):    1446044 kB
Inactive(anon):    33532 kB
Active(file):     369252 kB
Inactive(file):  2107668 kB
Unevictable:        5564 kB
Mlocked:            5564 kB
SwapTotal:       3145724 kB
SwapFree:        3145724 kB
Dirty:               132 kB
Writeback:             0 kB
AnonPages:       1442464 kB
Mapped:           986816 kB
Shmem:             38308 kB
KReclaimable:    1655952 kB
Slab:             270588 kB
SReclaimable:     117256 kB
SUnreclaim:       153332 kB
KernelStack:       50432 kB
PageTables:        70216 kB
NFS_Unstable:          0 kB
Bounce:                0 kB
WritebackTmp:          0 kB
CommitLimit:     9202292 kB
Committed_AS:   76237836 kB
VmallocTotal:   263061440 kB
VmallocUsed:      107624 kB
VmallocChunk:          0 kB
Percpu:             7648 kB
CmaTotal:         294912 kB
CmaFree:               0 kB
MemTotal:       12113136 kB
MemFree:         4342268 kB
MemAvailable:    7606492 kB
Buffers:            6316 kB
Cached:          2513444 kB
SwapCached:            0 kB
Active:          1815240 kB
Inactive:        2141232 kB
Active(anon):    1445964 kB
Inactive(anon):    33532 kB
Active(file):     369276 kB
Inactive(file):  2107700 kB
Unevictable:        5564 kB
Mlocked:            5564 kB
SwapTotal:       3145724 kB
SwapFree:        3145724 kB
Dirty:               232 kB
Writeback:             0 kB
AnonPages:       1442120 kB
Mapped:           986984 kB
Shmem:             38308 kB
KReclaimable:    1655952 kB
Slab:             270580 kB
SReclaimable:     117256 kB
SUnreclaim:       153324 kB
KernelStack:       50496 kB
PageTables:        70400 kB
NFS_Unstable:          0 kB
Bounce:                0 kB
WritebackTmp:          0 kB
CommitLimit:     9202292 kB
Committed_AS:   76236888 kB
VmallocTotal:   263061440 kB
VmallocUsed:      107736 kB
VmallocChunk:          0 kB
Percpu:             7648 kB
CmaTotal:         294912 kB
CmaFree:               0 kB
MemTotal:       12113136 kB
MemFree:         4343660 kB
MemAvailable:    7607892 kB
Buffers:            6316 kB
Cached:          2513452 kB
SwapCached:            0 kB
Active:          1814844 kB
Inactive:        2141240 kB
Active(anon):    1445568 kB
Inactive(anon):    33532 kB
Active(file):     369276 kB
Inactive(file):  2107708 kB
Unevictable:        5564 kB
Mlocked:            5564 kB
SwapTotal:       3145724 kB
SwapFree:        3145724 kB
Dirty:               236 kB
Writeback:             0 kB
AnonPages:       1442028 kB
Mapped:           987076 kB
Shmem:             38308 kB
KReclaimable:    1655952 kB
Slab:             270548 kB
SReclaimable:     117256 kB
SUnreclaim:       153292 kB
KernelStack:       50464 kB
PageTables:        70260 kB
NFS_Unstable:          0 kB
Bounce:                0 kB
WritebackTmp:          0 kB
CommitLimit:     9202292 kB
Committed_AS:   76235656 kB
VmallocTotal:   263061440 kB
VmallocUsed:      107752 kB
VmallocChunk:          0 kB
Percpu:             7648 kB
CmaTotal:         294912 kB
CmaFree:             108 kB
MemTotal:       12113136 kB
MemFree:         4343160 kB
MemAvailable:    7607408 kB
Buffers:            6316 kB
Cached:          2513468 kB
SwapCached:            0 kB
Active:          1815268 kB
Inactive:        2141256 kB
Active(anon):    1445992 kB
Inactive(anon):    33532 kB
Active(file):     369276 kB
Inactive(file):  2107724 kB
Unevictable:        5564 kB
Mlocked:            5564 kB
SwapTotal:       3145724 kB
SwapFree:        3145724 kB
Dirty:               264 kB
Writeback:             0 kB
AnonPages:       1442324 kB
Mapped:           987012 kB
Shmem:             38308 kB
KReclaimable:    1655952 kB
Slab:             270600 kB
SReclaimable:     117256 kB
SUnreclaim:       153344 kB
KernelStack:       50396 kB
PageTables:        70456 kB
NFS_Unstable:          0 kB
Bounce:                0 kB
WritebackTmp:          0 kB
CommitLimit:     9202292 kB
Committed_AS:   76242020 kB
VmallocTotal:   263061440 kB
VmallocUsed:      107656 kB
VmallocChunk:          0 kB
Percpu:             7648 kB
CmaTotal:         294912 kB
CmaFree:               0 kB
MemTotal:       12113136 kB
MemFree:         4342748 kB
MemAvailable:    7607012 kB
Buffers:            6316 kB
Cached:          2513484 kB
SwapCached:            0 kB
Active:          1815544 kB
Inactive:        2141272 kB
Active(anon):    1446268 kB
Inactive(anon):    33532 kB
Active(file):     369276 kB
Inactive(file):  2107740 kB
Unevictable:        5564 kB
Mlocked:            5564 kB
SwapTotal:       3145724 kB
SwapFree:        3145724 kB
Dirty:               300 kB
Writeback:             0 kB
AnonPages:       1442396 kB
Mapped:           987260 kB
Shmem:             38308 kB
KReclaimable:    1655952 kB
Slab:             270572 kB
SReclaimable:     117256 kB
SUnreclaim:       153316 kB
KernelStack:       50416 kB
PageTables:        70084 kB
NFS_Unstable:          0 kB
Bounce:                0 kB
WritebackTmp:          0 kB
CommitLimit:     9202292 kB
Committed_AS:   76242696 kB
VmallocTotal:   263061440 kB
VmallocUsed:      107656 kB
VmallocChunk:          0 kB
Percpu:             7648 kB
CmaTotal:         294912 kB
CmaFree:               4 kB
MemTotal:       12113136 kB
MemFree:         4342964 kB
MemAvailable:    7607240 kB
Buffers:            6316 kB
Cached:          2513496 kB
SwapCached:            0 kB
Active:          1816116 kB
Inactive:        2141284 kB
Active(anon):    1446840 kB
Inactive(anon):    33532 kB
Active(file):     369276 kB
Inactive(file):  2107752 kB
Unevictable:        5564 kB
Mlocked:            5564 kB
SwapTotal:       3145724 kB
SwapFree:        3145724 kB
Dirty:               336 kB
Writeback:             0 kB
AnonPages:       1443060 kB
Mapped:           987284 kB
Shmem:             38308 kB
KReclaimable:    1655952 kB
Slab:             270604 kB
SReclaimable:     117256 kB
SUnreclaim:       153348 kB
KernelStack:       50380 kB
PageTables:        70104 kB
NFS_Unstable:          0 kB
Bounce:                0 kB
WritebackTmp:          0 kB
CommitLimit:     9202292 kB
Committed_AS:   76240488 kB
VmallocTotal:   263061440 kB
VmallocUsed:      107656 kB
VmallocChunk:          0 kB
Percpu:             7648 kB
CmaTotal:         294912 kB
CmaFree:               4 kB
MemTotal:       12113136 kB
MemFree:         4341388 kB
MemAvailable:    7605672 kB
Buffers:            6316 kB
Cached:          2513504 kB
SwapCached:            0 kB
Active:          1816292 kB
Inactive:        2141292 kB
Active(anon):    1447016 kB
Inactive(anon):    33532 kB
Active(file):     369276 kB
Inactive(file):  2107760 kB
Unevictable:        5564 kB
Mlocked:            5564 kB
SwapTotal:       3145724 kB
SwapFree:        3145724 kB
Dirty:               344 kB
Writeback:             0 kB
AnonPages:       1443356 kB
Mapped:           987088 kB
Shmem:             38308 kB
KReclaimable:    1655952 kB
Slab:             270564 kB
SReclaimable:     117256 kB
SUnreclaim:       153308 kB
KernelStack:       50384 kB
PageTables:        70276 kB
NFS_Unstable:          0 kB
Bounce:                0 kB
WritebackTmp:          0 kB
CommitLimit:     9202292 kB
Committed_AS:   76237448 kB
VmallocTotal:   263061440 kB
VmallocUsed:      107656 kB
VmallocChunk:          0 kB
Percpu:             7648 kB
CmaTotal:         294912 kB
CmaFree:               0 kB
MemTotal:       12113136 kB
MemFree:         4340892 kB
MemAvailable:    7605468 kB
Buffers:            6320 kB
Cached:          2513920 kB
SwapCached:            0 kB
Active:          1818204 kB
Inactive:        2141580 kB
Active(anon):    1448924 kB
Inactive(anon):    33532 kB
Active(file):     369280 kB
Inactive(file):  2108048 kB
Unevictable:        5564 kB
Mlocked:            5564 kB
SwapTotal:       3145724 kB
SwapFree:        3145724 kB
Dirty:               404 kB
Writeback:             0 kB
AnonPages:       1445692 kB
Mapped:           987080 kB
Shmem:             38308 kB
KReclaimable:    1655952 kB
Slab:             270568 kB
SReclaimable:     117256 kB
SUnreclaim:       153312 kB
KernelStack:       50384 kB
PageTables:        70324 kB
NFS_Unstable:          0 kB
Bounce:                0 kB
WritebackTmp:          0 kB
CommitLimit:     9202292 kB
Committed_AS:   76242052 kB
VmallocTotal:   263061440 kB
VmallocUsed:      107656 kB
VmallocChunk:          0 kB
Percpu:             7648 kB
CmaTotal:         294912 kB
CmaFree:               0 kB
MemTotal:       12113136 kB
MemFree:         4340736 kB
MemAvailable:    7605584 kB
Buffers:            6320 kB
Cached:          2514064 kB
SwapCached:            0 kB
Active:          1818996 kB
Inactive:        2141852 kB
Active(anon):    1449716 kB
Inactive(anon):    33532 kB
Active(file):     369280 kB
Inactive(file):  2108320 kB
Unevictable:        5564 kB
Mlocked:            5564 kB
SwapTotal:       3145724 kB
SwapFree:        3145724 kB
Dirty:               456 kB
Writeback:             0 kB
AnonPages:       1445840 kB
Mapped:           986872 kB
Shmem:             38308 kB
KReclaimable:    1655952 kB
Slab:             270556 kB
SReclaimable:     117256 kB
SUnreclaim:       153300 kB
KernelStack:       50480 kB
PageTables:        70372 kB
NFS_Unstable:          0 kB
Bounce:                0 kB
WritebackTmp:          0 kB
CommitLimit:     9202292 kB
Committed_AS:   76236052 kB
VmallocTotal:   263061440 kB
VmallocUsed:      107656 kB
VmallocChunk:          0 kB
Percpu:             7648 kB
CmaTotal:         294912 kB
CmaFree:               0 kB
MemTotal:       12113136 kB
MemFree:         4337944 kB
MemAvailable:    7602804 kB
Buffers:            6320 kB
Cached:          2514080 kB
SwapCached:            0 kB
Active:          1820164 kB
Inactive:        2141864 kB
Active(anon):    1450884 kB
Inactive(anon):    33532 kB
Active(file):     369280 kB
Inactive(file):  2108332 kB
Unevictable:        5564 kB
Mlocked:            5564 kB
SwapTotal:       3145724 kB
SwapFree:        3145724 kB
Dirty:               488 kB
Writeback:             0 kB
AnonPages:       1447184 kB
Mapped:           987260 kB
Shmem:             38308 kB
KReclaimable:    1655952 kB
Slab:             270664 kB
SReclaimable:     117256 kB
SUnreclaim:       153408 kB
KernelStack:       50592 kB
PageTables:        70440 kB
NFS_Unstable:          0 kB
Bounce:                0 kB
WritebackTmp:          0 kB
CommitLimit:     9202292 kB
Committed_AS:   76241808 kB
VmallocTotal:   263061440 kB
VmallocUsed:      107816 kB
VmallocChunk:          0 kB
Percpu:             7648 kB
CmaTotal:         294912 kB
CmaFree:               0 kB
MemTotal:       12113136 kB
MemFree:         4334760 kB
MemAvailable:    7599628 kB
Buffers:            6320 kB
Cached:          2514084 kB
SwapCached:            0 kB
Active:          1822880 kB
Inactive:        2141872 kB
Active(anon):    1453600 kB
Inactive(anon):    33532 kB
Active(file):     369280 kB
Inactive(file):  2108340 kB
Unevictable:        5564 kB
Mlocked:            5564 kB
SwapTotal:       3145724 kB
SwapFree:        3145724 kB
Dirty:               496 kB
Writeback:             0 kB
AnonPages:       1449908 kB
Mapped:           987060 kB
Shmem:             38308 kB
KReclaimable:    1655952 kB
Slab:             270516 kB
SReclaimable:     117256 kB
SUnreclaim:       153260 kB
KernelStack:       50484 kB
PageTables:        70220 kB
NFS_Unstable:          0 kB
Bounce:                0 kB
WritebackTmp:          0 kB
CommitLimit:     9202292 kB
Committed_AS:   76230508 kB
VmallocTotal:   263061440 kB
VmallocUsed:      107784 kB
VmallocChunk:          0 kB
Percpu:             7648 kB
CmaTotal:         294912 kB
CmaFree:               0 kB
MemTotal:       12113136 kB
MemFree:         4334432 kB
MemAvailable:    7599316 kB
Buffers:            6320 kB
Cached:          2514100 kB
SwapCached:            0 kB
Active:          1822960 kB
Inactive:        2141888 kB
Active(anon):    1453680 kB
Inactive(anon):    33532 kB
Active(file):     369280 kB
Inactive(file):  2108356 kB
Unevictable:        5564 kB
Mlocked:            5564 kB
SwapTotal:       3145724 kB
SwapFree:        3145724 kB
Dirty:               552 kB
Writeback:             0 kB
AnonPages:       1449876 kB
Mapped:           987072 kB
Shmem:             38308 kB
KReclaimable:    1655952 kB
Slab:             270580 kB
SReclaimable:     117256 kB
SUnreclaim:       153324 kB
KernelStack:       50544 kB
PageTables:        70384 kB
NFS_Unstable:          0 kB
Bounce:                0 kB
WritebackTmp:          0 kB
CommitLimit:     9202292 kB
Committed_AS:   76230020 kB
VmallocTotal:   263061440 kB
VmallocUsed:      107800 kB
VmallocChunk:          0 kB
Percpu:             7648 kB
CmaTotal:         294912 kB
CmaFree:              12 kB
MemTotal:       12113136 kB
MemFree:         4333256 kB
MemAvailable:    7598160 kB
Buffers:            6320 kB
Cached:          2514120 kB
SwapCached:            0 kB
Active:          1823588 kB
Inactive:        2141908 kB
Active(anon):    1454308 kB
Inactive(anon):    33532 kB
Active(file):     369280 kB
Inactive(file):  2108376 kB
Unevictable:        5564 kB
Mlocked:            5564 kB
SwapTotal:       3145724 kB
SwapFree:        3145724 kB
Dirty:               124 kB
Writeback:            12 kB
AnonPages:       1450140 kB
Mapped:           987296 kB
Shmem:             38308 kB
KReclaimable:    1655952 kB
Slab:             270584 kB
SReclaimable:     117256 kB
SUnreclaim:       153328 kB
KernelStack:       50480 kB
PageTables:        70228 kB
NFS_Unstable:          0 kB
Bounce:                0 kB
WritebackTmp:          0 kB
CommitLimit:     9202292 kB
Committed_AS:   76230980 kB
VmallocTotal:   263061440 kB
VmallocUsed:      107752 kB
VmallocChunk:          0 kB
Percpu:             7648 kB
CmaTotal:         294912 kB
CmaFree:               0 kB
MemTotal:       12113136 kB
MemFree:         4334032 kB
MemAvailable:    7598948 kB
Buffers:            6320 kB
Cached:          2514136 kB
SwapCached:            0 kB
Active:          1824188 kB
Inactive:        2141924 kB
Active(anon):    1454908 kB
Inactive(anon):    33536 kB
Active(file):     369280 kB
Inactive(file):  2108388 kB
Unevictable:        5564 kB
Mlocked:            5564 kB
SwapTotal:       3145724 kB
SwapFree:        3145724 kB
Dirty:               228 kB
Writeback:             0 kB
AnonPages:       1451144 kB
Mapped:           987100 kB
Shmem:             38312 kB
KReclaimable:    1655952 kB
Slab:             270528 kB
SReclaimable:     117256 kB
SUnreclaim:       153272 kB
KernelStack:       50512 kB
PageTables:        70264 kB
NFS_Unstable:          0 kB
Bounce:                0 kB
WritebackTmp:          0 kB
CommitLimit:     9202292 kB
Committed_AS:   76236032 kB
VmallocTotal:   263061440 kB
VmallocUsed:      107704 kB
VmallocChunk:          0 kB
Percpu:             7648 kB
CmaTotal:         294912 kB
CmaFree:               0 kB
MemTotal:       12113136 kB
MemFree:         4333868 kB
MemAvailable:    7598796 kB
Buffers:            6320 kB
Cached:          2514148 kB
SwapCached:            0 kB
Active:          1824368 kB
Inactive:        2141936 kB
Active(anon):    1455088 kB
Inactive(anon):    33536 kB
Active(file):     369280 kB
Inactive(file):  2108400 kB
Unevictable:        5564 kB
Mlocked:            5564 kB
SwapTotal:       3145724 kB
SwapFree:        3145724 kB
Dirty:               256 kB
Writeback:             0 kB
AnonPages:       1451272 kB
Mapped:           987092 kB
Shmem:             38312 kB
KReclaimable:    1655952 kB
Slab:             270560 kB
SReclaimable:     117256 kB
SUnreclaim:       153304 kB
KernelStack:       50496 kB
PageTables:        70356 kB
NFS_Unstable:          0 kB
Bounce:                0 kB
WritebackTmp:          0 kB
CommitLimit:     9202292 kB
Committed_AS:   76229688 kB
VmallocTotal:   263061440 kB
VmallocUsed:      107704 kB
VmallocChunk:          0 kB
Percpu:             7648 kB
CmaTotal:         294912 kB
CmaFree:               0 kB
MemTotal:       12113136 kB
MemFree:         4333052 kB
MemAvailable:    7598000 kB
Buffers:            6320 kB
Cached:          2514168 kB
SwapCached:            0 kB
Active:          1824688 kB
Inactive:        2141956 kB
Active(anon):    1455408 kB
Inactive(anon):    33536 kB
Active(file):     369280 kB
Inactive(file):  2108420 kB
Unevictable:        5564 kB
Mlocked:            5564 kB
SwapTotal:       3145724 kB
SwapFree:        3145724 kB
Dirty:               276 kB
Writeback:             0 kB
AnonPages:       1451876 kB
Mapped:           987092 kB
Shmem:             38312 kB
KReclaimable:    1655952 kB
Slab:             270536 kB
SReclaimable:     117256 kB
SUnreclaim:       153280 kB
KernelStack:       50480 kB
PageTables:        70268 kB
NFS_Unstable:          0 kB
Bounce:                0 kB
WritebackTmp:          0 kB
CommitLimit:     9202292 kB
Committed_AS:   76230724 kB
VmallocTotal:   263061440 kB
VmallocUsed:      107736 kB
VmallocChunk:          0 kB
Percpu:             7648 kB
CmaTotal:         294912 kB
CmaFree:              24 kB
MemTotal:       12113136 kB
MemFree:         4295648 kB
MemAvailable:    7560620 kB
Buffers:            6320 kB
Cached:          2522316 kB
SwapCached:            0 kB
Active:          1853988 kB
Inactive:        2150104 kB
Active(anon):    1484708 kB
Inactive(anon):    41664 kB
Active(file):     369280 kB
Inactive(file):  2108440 kB
Unevictable:        5564 kB
Mlocked:            5564 kB
SwapTotal:       3145724 kB
SwapFree:        3145724 kB
Dirty:               336 kB
Writeback:             0 kB
AnonPages:       1481248 kB
Mapped:           995316 kB
Shmem:             46440 kB
KReclaimable:    1655956 kB
Slab:             270560 kB
SReclaimable:     117260 kB
SUnreclaim:       153300 kB
KernelStack:       50464 kB
PageTables:        70296 kB
NFS_Unstable:          0 kB
Bounce:                0 kB
WritebackTmp:          0 kB
CommitLimit:     9202292 kB
Committed_AS:   76239032 kB
VmallocTotal:   263061440 kB
VmallocUsed:      107704 kB
VmallocChunk:          0 kB
Percpu:             7648 kB
CmaTotal:         294912 kB
CmaFree:              24 kB
MemTotal:       12113136 kB
MemFree:         4300824 kB
MemAvailable:    7565808 kB
Buffers:            6320 kB
Cached:          2514200 kB
SwapCached:            0 kB
Active:          1856132 kB
Inactive:        2141988 kB
Active(anon):    1486852 kB
Inactive(anon):    33536 kB
Active(file):     369280 kB
Inactive(file):  2108452 kB
Unevictable:        5564 kB
Mlocked:            5564 kB
SwapTotal:       3145724 kB
SwapFree:        3145724 kB
Dirty:               360 kB
Writeback:             0 kB
AnonPages:       1483248 kB
Mapped:           987092 kB
Shmem:             38312 kB
KReclaimable:    1655956 kB
Slab:             270592 kB
SReclaimable:     117260 kB
SUnreclaim:       153332 kB
KernelStack:       50528 kB
PageTables:        70428 kB
NFS_Unstable:          0 kB
Bounce:                0 kB
WritebackTmp:          0 kB
CommitLimit:     9202292 kB
Committed_AS:   76230896 kB
VmallocTotal:   263061440 kB
VmallocUsed:      107768 kB
VmallocChunk:          0 kB
Percpu:             7648 kB
CmaTotal:         294912 kB
CmaFree:               0 kB
MemTotal:       12113136 kB
MemFree:         4300988 kB
MemAvailable:    7565984 kB
Buffers:            6320 kB
Cached:          2514212 kB
SwapCached:            0 kB
Active:          1855400 kB
Inactive:        2142000 kB
Active(anon):    1486120 kB
Inactive(anon):    33536 kB
Active(file):     369280 kB
Inactive(file):  2108464 kB
Unevictable:        5564 kB
Mlocked:            5564 kB
SwapTotal:       3145724 kB
SwapFree:        3145724 kB
Dirty:               408 kB
Writeback:             0 kB
AnonPages:       1482580 kB
Mapped:           987184 kB
Shmem:             38312 kB
KReclaimable:    1655956 kB
Slab:             270508 kB
SReclaimable:     117260 kB
SUnreclaim:       153248 kB
KernelStack:       50464 kB
PageTables:        70056 kB
NFS_Unstable:          0 kB
Bounce:                0 kB
WritebackTmp:          0 kB
CommitLimit:     9202292 kB
Committed_AS:   76230268 kB
VmallocTotal:   263061440 kB
VmallocUsed:      107736 kB
VmallocChunk:          0 kB
Percpu:             7648 kB
CmaTotal:         294912 kB
CmaFree:               8 kB
MemTotal:       12113136 kB
MemFree:         4300328 kB
MemAvailable:    7565352 kB
Buffers:            6320 kB
Cached:          2514216 kB
SwapCached:            0 kB
Active:          1855764 kB
Inactive:        2142008 kB
Active(anon):    1486484 kB
Inactive(anon):    33532 kB
Active(file):     369280 kB
Inactive(file):  2108476 kB
Unevictable:        5564 kB
Mlocked:            5564 kB
SwapTotal:       3145724 kB
SwapFree:        3145724 kB
Dirty:               420 kB
Writeback:             0 kB
AnonPages:       1482884 kB
Mapped:           987136 kB
Shmem:             38304 kB
KReclaimable:    1655972 kB
Slab:             270652 kB
SReclaimable:     117276 kB
SUnreclaim:       153376 kB
KernelStack:       50500 kB
PageTables:        70468 kB
NFS_Unstable:          0 kB
Bounce:                0 kB
WritebackTmp:          0 kB
CommitLimit:     9202292 kB
Committed_AS:   76234212 kB
VmallocTotal:   263061440 kB
VmallocUsed:      107768 kB
VmallocChunk:          0 kB
Percpu:             7648 kB
CmaTotal:         294912 kB
CmaFree:               4 kB
MemTotal:       12113136 kB
MemFree:         4300236 kB
MemAvailable:    7565268 kB
Buffers:            6320 kB
Cached:          2514232 kB
SwapCached:            0 kB
Active:          1856528 kB
Inactive:        2142020 kB
Active(anon):    1487248 kB
Inactive(anon):    33536 kB
Active(file):     369280 kB
Inactive(file):  2108484 kB
Unevictable:        5564 kB
Mlocked:            5564 kB
SwapTotal:       3145724 kB
SwapFree:        3145724 kB
Dirty:               440 kB
Writeback:             0 kB
AnonPages:       1483360 kB
Mapped:           987184 kB
Shmem:             38312 kB
KReclaimable:    1655972 kB
Slab:             270608 kB
SReclaimable:     117276 kB
SUnreclaim:       153332 kB
KernelStack:       50528 kB
PageTables:        70124 kB
NFS_Unstable:          0 kB
Bounce:                0 kB
WritebackTmp:          0 kB
CommitLimit:     9202292 kB
Committed_AS:   76230916 kB
VmallocTotal:   263061440 kB
VmallocUsed:      107752 kB
VmallocChunk:          0 kB
Percpu:             7648 kB
CmaTotal:         294912 kB
CmaFree:               0 kB
MemTotal:       12113136 kB
MemFree:         4297868 kB
MemAvailable:    7562920 kB
Buffers:            6320 kB
Cached:          2514136 kB
SwapCached:            0 kB
Active:          1859276 kB
Inactive:        2141924 kB
Active(anon):    1489996 kB
Inactive(anon):    33420 kB
Active(file):     369280 kB
Inactive(file):  2108504 kB
Unevictable:        5564 kB
Mlocked:            5564 kB
SwapTotal:       3145724 kB
SwapFree:        3145724 kB
Dirty:               428 kB
Writeback:             0 kB
AnonPages:       1486600 kB
Mapped:           987044 kB
Shmem:             38196 kB
KReclaimable:    1655972 kB
Slab:             270552 kB
SReclaimable:     117276 kB
SUnreclaim:       153276 kB
KernelStack:       50528 kB
PageTables:        70256 kB
NFS_Unstable:          0 kB
Bounce:                0 kB
WritebackTmp:          0 kB
CommitLimit:     9202292 kB
Committed_AS:   76235948 kB
VmallocTotal:   263061440 kB
VmallocUsed:      107752 kB
VmallocChunk:          0 kB
Percpu:             7648 kB
CmaTotal:         294912 kB
CmaFree:               4 kB
MemTotal:       12113136 kB
MemFree:         4296096 kB
MemAvailable:    7561172 kB
Buffers:            6324 kB
Cached:          2514272 kB
SwapCached:            0 kB
Active:          1859748 kB
Inactive:        2142064 kB
Active(anon):    1490468 kB
Inactive(anon):    33536 kB
Active(file):     369280 kB
Inactive(file):  2108528 kB
Unevictable:        5564 kB
Mlocked:            5564 kB
SwapTotal:       3145724 kB
SwapFree:        3145724 kB
Dirty:               452 kB
Writeback:             0 kB
AnonPages:       1486908 kB
Mapped:           987168 kB
Shmem:             38312 kB
KReclaimable:    1655972 kB
Slab:             270696 kB
SReclaimable:     117276 kB
SUnreclaim:       153420 kB
KernelStack:       50544 kB
PageTables:        70196 kB
NFS_Unstable:          0 kB
Bounce:                0 kB
WritebackTmp:          0 kB
CommitLimit:     9202292 kB
Committed_AS:   76236204 kB
VmallocTotal:   263061440 kB
VmallocUsed:      107752 kB
VmallocChunk:          0 kB
Percpu:             7648 kB
CmaTotal:         294912 kB
CmaFree:              20 kB
MemTotal:       12113136 kB
MemFree:         4296816 kB
MemAvailable:    7561912 kB
Buffers:            6324 kB
Cached:          2514292 kB
SwapCached:            0 kB
Active:          1859960 kB
Inactive:        2142080 kB
Active(anon):    1490676 kB
Inactive(anon):    33536 kB
Active(file):     369284 kB
Inactive(file):  2108544 kB
Unevictable:        5564 kB
Mlocked:            5564 kB
SwapTotal:       3145724 kB
SwapFree:        3145724 kB
Dirty:               444 kB
Writeback:             0 kB
AnonPages:       1486972 kB
Mapped:           987088 kB
Shmem:             38312 kB
KReclaimable:    1655972 kB
Slab:             270520 kB
SReclaimable:     117276 kB
SUnreclaim:       153244 kB
KernelStack:       50496 kB
PageTables:        70120 kB
NFS_Unstable:          0 kB
Bounce:                0 kB
WritebackTmp:          0 kB
CommitLimit:     9202292 kB
Committed_AS:   76231356 kB
VmallocTotal:   263061440 kB
VmallocUsed:      107736 kB
VmallocChunk:          0 kB
Percpu:             7648 kB
CmaTotal:         294912 kB
CmaFree:               0 kB
MemTotal:       12113136 kB
MemFree:         4298476 kB
MemAvailable:    7563592 kB
Buffers:            6324 kB
Cached:          2514312 kB
SwapCached:            0 kB
Active:          1860032 kB
Inactive:        2142096 kB
Active(anon):    1490744 kB
Inactive(anon):    33536 kB
Active(file):     369288 kB
Inactive(file):  2108560 kB
Unevictable:        5564 kB
Mlocked:            5564 kB
SwapTotal:       3145724 kB
SwapFree:        3145724 kB
Dirty:               512 kB
Writeback:             0 kB
AnonPages:       1486772 kB
Mapped:           987080 kB
Shmem:             38312 kB
KReclaimable:    1655972 kB
Slab:             270600 kB
SReclaimable:     117276 kB
SUnreclaim:       153324 kB
KernelStack:       50432 kB
PageTables:        70468 kB
NFS_Unstable:          0 kB
Bounce:                0 kB
WritebackTmp:          0 kB
CommitLimit:     9202292 kB
Committed_AS:   76233244 kB
VmallocTotal:   263061440 kB
VmallocUsed:      107752 kB
VmallocChunk:          0 kB
Percpu:             7648 kB
CmaTotal:         294912 kB
CmaFree:              40 kB
MemTotal:       12113136 kB
MemFree:         4296436 kB
MemAvailable:    7561564 kB
Buffers:            6324 kB
Cached:          2514324 kB
SwapCached:            0 kB
Active:          1859484 kB
Inactive:        2142108 kB
Active(anon):    1490196 kB
Inactive(anon):    33536 kB
Active(file):     369288 kB
Inactive(file):  2108572 kB
Unevictable:        5564 kB
Mlocked:            5564 kB
SwapTotal:       3145724 kB
SwapFree:        3145724 kB
Dirty:               524 kB
Writeback:             0 kB
AnonPages:       1486696 kB
Mapped:           987084 kB
Shmem:             38312 kB
KReclaimable:    1655972 kB
Slab:             270620 kB
SReclaimable:     117276 kB
SUnreclaim:       153344 kB
KernelStack:       50544 kB
PageTables:        70248 kB
NFS_Unstable:          0 kB
Bounce:                0 kB
WritebackTmp:          0 kB
CommitLimit:     9202292 kB
Committed_AS:   76247136 kB
VmallocTotal:   263061440 kB
VmallocUsed:      107752 kB
VmallocChunk:          0 kB
Percpu:             7648 kB
CmaTotal:         294912 kB
CmaFree:               0 kB
MemTotal:       12113136 kB
MemFree:         4296448 kB
MemAvailable:    7561588 kB
Buffers:            6324 kB
Cached:          2514336 kB
SwapCached:            0 kB
Active:          1860248 kB
Inactive:        2142116 kB
Active(anon):    1490956 kB
Inactive(anon):    33536 kB
Active(file):     369292 kB
Inactive(file):  2108580 kB
Unevictable:        5564 kB
Mlocked:            5564 kB
SwapTotal:       3145724 kB
SwapFree:        3145724 kB
Dirty:               540 kB
Writeback:             0 kB
AnonPages:       1487692 kB
Mapped:           986836 kB
Shmem:             38312 kB
KReclaimable:    1655972 kB
Slab:             270676 kB
SReclaimable:     117276 kB
SUnreclaim:       153400 kB
KernelStack:       50544 kB
PageTables:        70324 kB
NFS_Unstable:          0 kB
Bounce:                0 kB
WritebackTmp:          0 kB
CommitLimit:     9202292 kB
Committed_AS:   76238136 kB
VmallocTotal:   263061440 kB
VmallocUsed:      107800 kB
VmallocChunk:          0 kB
Percpu:             7648 kB
CmaTotal:         294912 kB
CmaFree:               0 kB
MemTotal:       12113136 kB
MemFree:         4296928 kB
MemAvailable:    7562084 kB
Buffers:            6324 kB
Cached:          2514340 kB
SwapCached:            0 kB
Active:          1861008 kB
Inactive:        2142136 kB
Active(anon):    1491720 kB
Inactive(anon):    33536 kB
Active(file):     369288 kB
Inactive(file):  2108600 kB
Unevictable:        5564 kB
Mlocked:            5564 kB
SwapTotal:       3145724 kB
SwapFree:        3145724 kB
Dirty:               308 kB
Writeback:           260 kB
AnonPages:       1488020 kB
Mapped:           987200 kB
Shmem:             38300 kB
KReclaimable:    1655972 kB
Slab:             270456 kB
SReclaimable:     117276 kB
SUnreclaim:       153180 kB
KernelStack:       50480 kB
PageTables:        70412 kB
NFS_Unstable:          0 kB
Bounce:                0 kB
WritebackTmp:          0 kB
CommitLimit:     9202292 kB
Committed_AS:   76227148 kB
VmallocTotal:   263061440 kB
VmallocUsed:      107784 kB
VmallocChunk:          0 kB
Percpu:             7648 kB
CmaTotal:         294912 kB
CmaFree:               0 kB
MemTotal:       12113136 kB
MemFree:         4296496 kB
MemAvailable:    7561668 kB
Buffers:            6324 kB
Cached:          2514356 kB
SwapCached:            0 kB
Active:          1861388 kB
Inactive:        2142152 kB
Active(anon):    1492100 kB
Inactive(anon):    33536 kB
Active(file):     369288 kB
Inactive(file):  2108616 kB
Unevictable:        5564 kB
Mlocked:            5564 kB
SwapTotal:       3145724 kB
SwapFree:        3145724 kB
Dirty:               252 kB
Writeback:             0 kB
AnonPages:       1488608 kB
Mapped:           987044 kB
Shmem:             38300 kB
KReclaimable:    1655972 kB
Slab:             270624 kB
SReclaimable:     117276 kB
SUnreclaim:       153348 kB
KernelStack:       50528 kB
PageTables:        70492 kB
NFS_Unstable:          0 kB
Bounce:                0 kB
WritebackTmp:          0 kB
CommitLimit:     9202292 kB
Committed_AS:   76230040 kB
VmallocTotal:   263061440 kB
VmallocUsed:      107768 kB
VmallocChunk:          0 kB
Percpu:             7648 kB
CmaTotal:         294912 kB
CmaFree:               0 kB
MemTotal:       12113136 kB
MemFree:         4296192 kB
MemAvailable:    7561372 kB
Buffers:            6324 kB
Cached:          2514364 kB
SwapCached:            0 kB
Active:          1861700 kB
Inactive:        2142160 kB
Active(anon):    1492412 kB
Inactive(anon):    33536 kB
Active(file):     369288 kB
Inactive(file):  2108624 kB
Unevictable:        5564 kB
Mlocked:            5564 kB
SwapTotal:       3145724 kB
SwapFree:        3145724 kB
Dirty:               268 kB
Writeback:             0 kB
AnonPages:       1488648 kB
Mapped:           987356 kB
Shmem:             38300 kB
KReclaimable:    1655972 kB
Slab:             270564 kB
SReclaimable:     117276 kB
SUnreclaim:       153288 kB
KernelStack:       50480 kB
PageTables:        70620 kB
NFS_Unstable:          0 kB
Bounce:                0 kB
WritebackTmp:          0 kB
CommitLimit:     9202292 kB
Committed_AS:   76232460 kB
VmallocTotal:   263061440 kB
VmallocUsed:      107720 kB
VmallocChunk:          0 kB
Percpu:             7648 kB
CmaTotal:         294912 kB
CmaFree:               4 kB
MemTotal:       12113136 kB
MemFree:         4295600 kB
MemAvailable:    7560792 kB
Buffers:            6324 kB
Cached:          2514376 kB
SwapCached:            0 kB
Active:          1862456 kB
Inactive:        2142172 kB
Active(anon):    1493168 kB
Inactive(anon):    33536 kB
Active(file):     369288 kB
Inactive(file):  2108636 kB
Unevictable:        5564 kB
Mlocked:            5564 kB
SwapTotal:       3145724 kB
SwapFree:        3145724 kB
Dirty:               320 kB
Writeback:             0 kB
AnonPages:       1489512 kB
Mapped:           987024 kB
Shmem:             38300 kB
KReclaimable:    1655972 kB
Slab:             270488 kB
SReclaimable:     117276 kB
SUnreclaim:       153212 kB
KernelStack:       50500 kB
PageTables:        70188 kB
NFS_Unstable:          0 kB
Bounce:                0 kB
WritebackTmp:          0 kB
CommitLimit:     9202292 kB
Committed_AS:   76227340 kB
VmallocTotal:   263061440 kB
VmallocUsed:      107720 kB
VmallocChunk:          0 kB
Percpu:             7648 kB
CmaTotal:         294912 kB
CmaFree:               0 kB
MemTotal:       12113136 kB
MemFree:         4294544 kB
MemAvailable:    7559776 kB
Buffers:            6324 kB
Cached:          2514416 kB
SwapCached:            0 kB
Active:          1862928 kB
Inactive:        2142212 kB
Active(anon):    1493640 kB
Inactive(anon):    33536 kB
Active(file):     369288 kB
Inactive(file):  2108676 kB
Unevictable:        5564 kB
Mlocked:            5564 kB
SwapTotal:       3145724 kB
SwapFree:        3145724 kB
Dirty:               372 kB
Writeback:             0 kB
AnonPages:       1489928 kB
Mapped:           987116 kB
Shmem:             38300 kB
KReclaimable:    1655972 kB
Slab:             270548 kB
SReclaimable:     117276 kB
SUnreclaim:       153272 kB
KernelStack:       50528 kB
PageTables:        70356 kB
NFS_Unstable:          0 kB
Bounce:                0 kB
WritebackTmp:          0 kB
CommitLimit:     9202292 kB
Committed_AS:   76230756 kB
VmallocTotal:   263061440 kB
VmallocUsed:      107736 kB
VmallocChunk:          0 kB
Percpu:             7648 kB
CmaTotal:         294912 kB
CmaFree:               0 kB
MemTotal:       12113136 kB
MemFree:         4303028 kB
MemAvailable:    7568264 kB
Buffers:            6324 kB
Cached:          2514420 kB
SwapCached:            0 kB
Active:          1853492 kB
Inactive:        2142216 kB
Active(anon):    1484204 kB
Inactive(anon):    33536 kB
Active(file):     369288 kB
Inactive(file):  2108680 kB
Unevictable:        5564 kB
Mlocked:            5564 kB
SwapTotal:       3145724 kB
SwapFree:        3145724 kB
Dirty:               392 kB
Writeback:             0 kB
AnonPages:       1480112 kB
Mapped:           973804 kB
Shmem:             38300 kB
KReclaimable:    1655972 kB
Slab:             270572 kB
SReclaimable:     117276 kB
SUnreclaim:       153296 kB
KernelStack:       50480 kB
PageTables:        70400 kB
NFS_Unstable:          0 kB
Bounce:                0 kB
WritebackTmp:          0 kB
CommitLimit:     9202292 kB
Committed_AS:   76238364 kB
VmallocTotal:   263061440 kB
VmallocUsed:      107720 kB
VmallocChunk:          0 kB
Percpu:             7648 kB
CmaTotal:         294912 kB
CmaFree:               0 kB
MemTotal:       12113136 kB
MemFree:         4302276 kB
MemAvailable:    7567516 kB
Buffers:            6324 kB
Cached:          2514424 kB
SwapCached:            0 kB
Active:          1854304 kB
Inactive:        2142220 kB
Active(anon):    1485016 kB
Inactive(anon):    33536 kB
Active(file):     369288 kB
Inactive(file):  2108684 kB
Unevictable:        5564 kB
Mlocked:            5564 kB
SwapTotal:       3145724 kB
SwapFree:        3145724 kB
Dirty:               376 kB
Writeback:             0 kB
AnonPages:       1481576 kB
Mapped:           973848 kB
Shmem:             38300 kB
KReclaimable:    1655972 kB
Slab:             270600 kB
SReclaimable:     117276 kB
SUnreclaim:       153324 kB
KernelStack:       50480 kB
PageTables:        70476 kB
NFS_Unstable:          0 kB
Bounce:                0 kB
WritebackTmp:          0 kB
CommitLimit:     9202292 kB
Committed_AS:   76237964 kB
VmallocTotal:   263061440 kB
VmallocUsed:      107720 kB
VmallocChunk:          0 kB
Percpu:             7648 kB
CmaTotal:         294912 kB
CmaFree:              16 kB
MemTotal:       12113136 kB
MemFree:         4302220 kB
MemAvailable:    7567476 kB
Buffers:            6324 kB
Cached:          2514440 kB
SwapCached:            0 kB
Active:          1854960 kB
Inactive:        2142236 kB
Active(anon):    1485672 kB
Inactive(anon):    33536 kB
Active(file):     369288 kB
Inactive(file):  2108700 kB
Unevictable:        5564 kB
Mlocked:            5564 kB
SwapTotal:       3145724 kB
SwapFree:        3145724 kB
Dirty:               408 kB
Writeback:             0 kB
AnonPages:       1482328 kB
Mapped:           973808 kB
Shmem:             38300 kB
KReclaimable:    1655972 kB
Slab:             270580 kB
SReclaimable:     117276 kB
SUnreclaim:       153304 kB
KernelStack:       50400 kB
PageTables:        70064 kB
NFS_Unstable:          0 kB
Bounce:                0 kB
WritebackTmp:          0 kB
CommitLimit:     9202292 kB
Committed_AS:   76220424 kB
VmallocTotal:   263061440 kB
VmallocUsed:      107688 kB
VmallocChunk:          0 kB
Percpu:             7648 kB
CmaTotal:         294912 kB
CmaFree:               0 kB
MemTotal:       12113136 kB
MemFree:         4302044 kB
MemAvailable:    7567320 kB
Buffers:            6324 kB
Cached:          2514460 kB
SwapCached:            0 kB
Active:          1853708 kB
Inactive:        2142256 kB
Active(anon):    1484420 kB
Inactive(anon):    33536 kB
Active(file):     369288 kB
Inactive(file):  2108720 kB
Unevictable:        5564 kB
Mlocked:            5564 kB
SwapTotal:       3145724 kB
SwapFree:        3145724 kB
Dirty:               428 kB
Writeback:             0 kB
AnonPages:       1480416 kB
Mapped:           974052 kB
Shmem:             38300 kB
KReclaimable:    1655972 kB
Slab:             270596 kB
SReclaimable:     117276 kB
SUnreclaim:       153320 kB
KernelStack:       50512 kB
PageTables:        70244 kB
NFS_Unstable:          0 kB
Bounce:                0 kB
WritebackTmp:          0 kB
CommitLimit:     9202292 kB
Committed_AS:   76234112 kB
VmallocTotal:   263061440 kB
VmallocUsed:      107720 kB
VmallocChunk:          0 kB
Percpu:             7648 kB
CmaTotal:         294912 kB
CmaFree:               0 kB
MemTotal:       12113136 kB
MemFree:         4302988 kB
MemAvailable:    7568272 kB
Buffers:            6324 kB
Cached:          2514468 kB
SwapCached:            0 kB
Active:          1854036 kB
Inactive:        2142264 kB
Active(anon):    1484748 kB
Inactive(anon):    33536 kB
Active(file):     369288 kB
Inactive(file):  2108728 kB
Unevictable:        5564 kB
Mlocked:            5564 kB
SwapTotal:       3145724 kB
SwapFree:        3145724 kB
Dirty:               448 kB
Writeback:             0 kB
AnonPages:       1480992 kB
Mapped:           973960 kB
Shmem:             38300 kB
KReclaimable:    1655972 kB
Slab:             270568 kB
SReclaimable:     117276 kB
SUnreclaim:       153292 kB
KernelStack:       50528 kB
PageTables:        70324 kB
NFS_Unstable:          0 kB
Bounce:                0 kB
WritebackTmp:          0 kB
CommitLimit:     9202292 kB
Committed_AS:   76230632 kB
VmallocTotal:   263061440 kB
VmallocUsed:      107752 kB
VmallocChunk:          0 kB
Percpu:             7648 kB
CmaTotal:         294912 kB
CmaFree:               0 kB
MemTotal:       12113136 kB
MemFree:         4302576 kB
MemAvailable:    7567868 kB
Buffers:            6328 kB
Cached:          2514472 kB
SwapCached:            0 kB
Active:          1854616 kB
Inactive:        2142272 kB
Active(anon):    1485328 kB
Inactive(anon):    33536 kB
Active(file):     369288 kB
Inactive(file):  2108736 kB
Unevictable:        5564 kB
Mlocked:            5564 kB
SwapTotal:       3145724 kB
SwapFree:        3145724 kB
Dirty:               452 kB
Writeback:             0 kB
AnonPages:       1481428 kB
Mapped:           973892 kB
Shmem:             38300 kB
KReclaimable:    1655972 kB
Slab:             270568 kB
SReclaimable:     117276 kB
SUnreclaim:       153292 kB
KernelStack:       50516 kB
PageTables:        70564 kB
NFS_Unstable:          0 kB
Bounce:                0 kB
WritebackTmp:          0 kB
CommitLimit:     9202292 kB
Committed_AS:   76227036 kB
VmallocTotal:   263061440 kB
VmallocUsed:      107736 kB
VmallocChunk:          0 kB
Percpu:             7648 kB
CmaTotal:         294912 kB
CmaFree:               0 kB
MemTotal:       12113136 kB
MemFree:         4302968 kB
MemAvailable:    7568308 kB
Buffers:            6328 kB
Cached:          2514516 kB
SwapCached:            0 kB
Active:          1855276 kB
Inactive:        2142312 kB
Active(anon):    1485984 kB
Inactive(anon):    33536 kB
Active(file):     369292 kB
Inactive(file):  2108776 kB
Unevictable:        5564 kB
Mlocked:            5564 kB
SwapTotal:       3145724 kB
SwapFree:        3145724 kB
Dirty:               236 kB
Writeback:             0 kB
AnonPages:       1482440 kB
Mapped:           973908 kB
Shmem:             38300 kB
KReclaimable:    1655976 kB
Slab:             270580 kB
SReclaimable:     117280 kB
SUnreclaim:       153300 kB
KernelStack:       50512 kB
PageTables:        70364 kB
NFS_Unstable:          0 kB
Bounce:                0 kB
WritebackTmp:          0 kB
CommitLimit:     9202292 kB
Committed_AS:   76229444 kB
VmallocTotal:   263061440 kB
VmallocUsed:      107720 kB
VmallocChunk:          0 kB
Percpu:             7648 kB
CmaTotal:         294912 kB
CmaFree:               0 kB
MemTotal:       12113136 kB
MemFree:         4303740 kB
MemAvailable:    7569096 kB
Buffers:            6328 kB
Cached:          2514532 kB
SwapCached:            0 kB
Active:          1855900 kB
Inactive:        2142328 kB
Active(anon):    1486608 kB
Inactive(anon):    33536 kB
Active(file):     369292 kB
Inactive(file):  2108792 kB
Unevictable:        5564 kB
Mlocked:            5564 kB
SwapTotal:       3145724 kB
SwapFree:        3145724 kB
Dirty:               328 kB
Writeback:             0 kB
AnonPages:       1483076 kB
Mapped:           973892 kB
Shmem:             38300 kB
KReclaimable:    1655976 kB
Slab:             270644 kB
SReclaimable:     117280 kB
SUnreclaim:       153364 kB
KernelStack:       50512 kB
PageTables:        70516 kB
NFS_Unstable:          0 kB
Bounce:                0 kB
WritebackTmp:          0 kB
CommitLimit:     9202292 kB
Committed_AS:   76226600 kB
VmallocTotal:   263061440 kB
VmallocUsed:      107720 kB
VmallocChunk:          0 kB
Percpu:             7648 kB
CmaTotal:         294912 kB
CmaFree:               0 kB
MemTotal:       12113136 kB
MemFree:         4301180 kB
MemAvailable:    7566540 kB
Buffers:            6328 kB
Cached:          2514536 kB
SwapCached:            0 kB
Active:          1855980 kB
Inactive:        2142332 kB
Active(anon):    1486688 kB
Inactive(anon):    33536 kB
Active(file):     369292 kB
Inactive(file):  2108796 kB
Unevictable:        5564 kB
Mlocked:            5564 kB
SwapTotal:       3145724 kB
SwapFree:        3145724 kB
Dirty:               348 kB
Writeback:             0 kB
AnonPages:       1482724 kB
Mapped:           974036 kB
Shmem:             38300 kB
KReclaimable:    1655976 kB
Slab:             270564 kB
SReclaimable:     117280 kB
SUnreclaim:       153284 kB
KernelStack:       50548 kB
PageTables:        70512 kB
NFS_Unstable:          0 kB
Bounce:                0 kB
WritebackTmp:          0 kB
CommitLimit:     9202292 kB
Committed_AS:   76229036 kB
VmallocTotal:   263061440 kB
VmallocUsed:      107720 kB
VmallocChunk:          0 kB
Percpu:             7648 kB
CmaTotal:         294912 kB
CmaFree:              12 kB
MemTotal:       12113136 kB
MemFree:         4300700 kB
MemAvailable:    7566060 kB
Buffers:            6328 kB
Cached:          2514536 kB
SwapCached:            0 kB
Active:          1856580 kB
Inactive:        2142336 kB
Active(anon):    1487292 kB
Inactive(anon):    33536 kB
Active(file):     369288 kB
Inactive(file):  2108800 kB
Unevictable:        5564 kB
Mlocked:            5564 kB
SwapTotal:       3145724 kB
SwapFree:        3145724 kB
Dirty:               360 kB
Writeback:             0 kB
AnonPages:       1483456 kB
Mapped:           973976 kB
Shmem:             38300 kB
KReclaimable:    1655976 kB
Slab:             270616 kB
SReclaimable:     117280 kB
SUnreclaim:       153336 kB
KernelStack:       50464 kB
PageTables:        70424 kB
NFS_Unstable:          0 kB
Bounce:                0 kB
WritebackTmp:          0 kB
CommitLimit:     9202292 kB
Committed_AS:   76229100 kB
VmallocTotal:   263061440 kB
VmallocUsed:      107672 kB
VmallocChunk:          0 kB
Percpu:             7648 kB
CmaTotal:         294912 kB
CmaFree:               8 kB
MemTotal:       12113136 kB
MemFree:         4318272 kB
MemAvailable:    7583672 kB
Buffers:            6328 kB
Cached:          2514640 kB
SwapCached:            0 kB
Active:          1837908 kB
Inactive:        2142432 kB
Active(anon):    1468612 kB
Inactive(anon):    33600 kB
Active(file):     369296 kB
Inactive(file):  2108832 kB
Unevictable:        5564 kB
Mlocked:            5564 kB
SwapTotal:       3145724 kB
SwapFree:        3145724 kB
Dirty:               408 kB
Writeback:            12 kB
AnonPages:       1464616 kB
Mapped:           973848 kB
Shmem:             38364 kB
KReclaimable:    1655976 kB
Slab:             270584 kB
SReclaimable:     117280 kB
SUnreclaim:       153304 kB
KernelStack:       50496 kB
PageTables:        70216 kB
NFS_Unstable:          0 kB
Bounce:                0 kB
WritebackTmp:          0 kB
CommitLimit:     9202292 kB
Committed_AS:   76220292 kB
VmallocTotal:   263061440 kB
VmallocUsed:      107656 kB
VmallocChunk:          0 kB
Percpu:             7648 kB
CmaTotal:         294912 kB
CmaFree:              88 kB
MemTotal:       12113136 kB
MemFree:         4319340 kB
MemAvailable:    7584752 kB
Buffers:            6328 kB
Cached:          2514528 kB
SwapCached:            0 kB
Active:          1837984 kB
Inactive:        2142324 kB
Active(anon):    1468692 kB
Inactive(anon):    33476 kB
Active(file):     369292 kB
Inactive(file):  2108848 kB
Unevictable:        5564 kB
Mlocked:            5564 kB
SwapTotal:       3145724 kB
SwapFree:        3145724 kB
Dirty:               428 kB
Writeback:             0 kB
AnonPages:       1465124 kB
Mapped:           973752 kB
Shmem:             38240 kB
KReclaimable:    1655976 kB
Slab:             270612 kB
SReclaimable:     117280 kB
SUnreclaim:       153332 kB
KernelStack:       50480 kB
PageTables:        70368 kB
NFS_Unstable:          0 kB
Bounce:                0 kB
WritebackTmp:          0 kB
CommitLimit:     9202292 kB
Committed_AS:   76227584 kB
VmallocTotal:   263061440 kB
VmallocUsed:      107656 kB
VmallocChunk:          0 kB
Percpu:             7648 kB
CmaTotal:         294912 kB
CmaFree:               0 kB
MemTotal:       12113136 kB
MemFree:         4319224 kB
MemAvailable:    7584644 kB
Buffers:            6328 kB
Cached:          2514536 kB
SwapCached:            0 kB
Active:          1838684 kB
Inactive:        2142328 kB
Active(anon):    1469388 kB
Inactive(anon):    33476 kB
Active(file):     369296 kB
Inactive(file):  2108852 kB
Unevictable:        5564 kB
Mlocked:            5564 kB
SwapTotal:       3145724 kB
SwapFree:        3145724 kB
Dirty:               444 kB
Writeback:             0 kB
AnonPages:       1465188 kB
Mapped:           973796 kB
Shmem:             38240 kB
KReclaimable:    1655976 kB
Slab:             270604 kB
SReclaimable:     117280 kB
SUnreclaim:       153324 kB
KernelStack:       50464 kB
PageTables:        70716 kB
NFS_Unstable:          0 kB
Bounce:                0 kB
WritebackTmp:          0 kB
CommitLimit:     9202292 kB
Committed_AS:   76218232 kB
VmallocTotal:   263061440 kB
VmallocUsed:      107688 kB
VmallocChunk:          0 kB
Percpu:             7648 kB
CmaTotal:         294912 kB
CmaFree:               0 kB
MemTotal:       12113136 kB
MemFree:         4319700 kB
MemAvailable:    7585132 kB
Buffers:            6328 kB
Cached:          2514548 kB
SwapCached:            0 kB
Active:          1838792 kB
Inactive:        2142344 kB
Active(anon):    1469500 kB
Inactive(anon):    33476 kB
Active(file):     369292 kB
Inactive(file):  2108868 kB
Unevictable:        5564 kB
Mlocked:            5564 kB
SwapTotal:       3145724 kB
SwapFree:        3145724 kB
Dirty:               500 kB
Writeback:             0 kB
AnonPages:       1465704 kB
Mapped:           973792 kB
Shmem:             38240 kB
KReclaimable:    1655976 kB
Slab:             270608 kB
SReclaimable:     117280 kB
SUnreclaim:       153328 kB
KernelStack:       50428 kB
PageTables:        70504 kB
NFS_Unstable:          0 kB
Bounce:                0 kB
WritebackTmp:          0 kB
CommitLimit:     9202292 kB
Committed_AS:   76219992 kB
VmallocTotal:   263061440 kB
VmallocUsed:      107608 kB
VmallocChunk:          0 kB
Percpu:             7648 kB
CmaTotal:         294912 kB
CmaFree:               0 kB
MemTotal:       12113136 kB
MemFree:         4317568 kB
MemAvailable:    7583020 kB
Buffers:            6328 kB
Cached:          2514568 kB
SwapCached:            0 kB
Active:          1839320 kB
Inactive:        2142364 kB
Active(anon):    1470028 kB
Inactive(anon):    33476 kB
Active(file):     369292 kB
Inactive(file):  2108888 kB
Unevictable:        5564 kB
Mlocked:            5564 kB
SwapTotal:       3145724 kB
SwapFree:        3145724 kB
Dirty:               520 kB
Writeback:             0 kB
AnonPages:       1466380 kB
Mapped:           973788 kB
Shmem:             38240 kB
KReclaimable:    1655976 kB
Slab:             270592 kB
SReclaimable:     117280 kB
SUnreclaim:       153312 kB
KernelStack:       50416 kB
PageTables:        70240 kB
NFS_Unstable:          0 kB
Bounce:                0 kB
WritebackTmp:          0 kB
CommitLimit:     9202292 kB
Committed_AS:   76224436 kB
VmallocTotal:   263061440 kB
VmallocUsed:      107624 kB
VmallocChunk:          0 kB
Percpu:             7648 kB
CmaTotal:         294912 kB
CmaFree:               0 kB
MemTotal:       12113136 kB
MemFree:         4320056 kB
MemAvailable:    7585536 kB
Buffers:            6328 kB
Cached:          2514596 kB
SwapCached:            0 kB
Active:          1837488 kB
Inactive:        2142396 kB
Active(anon):    1468200 kB
Inactive(anon):    33476 kB
Active(file):     369288 kB
Inactive(file):  2108920 kB
Unevictable:        5564 kB
Mlocked:            5564 kB
SwapTotal:       3145724 kB
SwapFree:        3145724 kB
Dirty:               588 kB
Writeback:             0 kB
AnonPages:       1464956 kB
Mapped:           973768 kB
Shmem:             38240 kB
KReclaimable:    1655976 kB
Slab:             270596 kB
SReclaimable:     117280 kB
SUnreclaim:       153316 kB
KernelStack:       50448 kB
PageTables:        70272 kB
NFS_Unstable:          0 kB
Bounce:                0 kB
WritebackTmp:          0 kB
CommitLimit:     9202292 kB
Committed_AS:   76220972 kB
VmallocTotal:   263061440 kB
VmallocUsed:      107624 kB
VmallocChunk:          0 kB
Percpu:             7648 kB
CmaTotal:         294912 kB
CmaFree:               0 kB
MemTotal:       12113136 kB
MemFree:         4320316 kB
MemAvailable:    7585800 kB
Buffers:            6328 kB
Cached:          2514600 kB
SwapCached:            0 kB
Active:          1837724 kB
Inactive:        2142400 kB
Active(anon):    1468436 kB
Inactive(anon):    33476 kB
Active(file):     369288 kB
Inactive(file):  2108924 kB
Unevictable:        5564 kB
Mlocked:            5564 kB
SwapTotal:       3145724 kB
SwapFree:        3145724 kB
Dirty:               616 kB
Writeback:             0 kB
AnonPages:       1464992 kB
Mapped:           973740 kB
Shmem:             38240 kB
KReclaimable:    1655976 kB
Slab:             270584 kB
SReclaimable:     117280 kB
SUnreclaim:       153304 kB
KernelStack:       50380 kB
PageTables:        70388 kB
NFS_Unstable:          0 kB
Bounce:                0 kB
WritebackTmp:          0 kB
CommitLimit:     9202292 kB
Committed_AS:   76216196 kB
VmallocTotal:   263061440 kB
VmallocUsed:      107576 kB
VmallocChunk:          0 kB
Percpu:             7648 kB
CmaTotal:         294912 kB
CmaFree:              20 kB
MemTotal:       12113136 kB
MemFree:         4318352 kB
MemAvailable:    7583848 kB
Buffers:            6328 kB
Cached:          2514612 kB
SwapCached:            0 kB
Active:          1839280 kB
Inactive:        2142412 kB
Active(anon):    1469992 kB
Inactive(anon):    33476 kB
Active(file):     369288 kB
Inactive(file):  2108936 kB
Unevictable:        5564 kB
Mlocked:            5564 kB
SwapTotal:       3145724 kB
SwapFree:        3145724 kB
Dirty:               640 kB
Writeback:             0 kB
AnonPages:       1466180 kB
Mapped:           973876 kB
Shmem:             38240 kB
KReclaimable:    1655976 kB
Slab:             270648 kB
SReclaimable:     117280 kB
SUnreclaim:       153368 kB
KernelStack:       50400 kB
PageTables:        69900 kB
NFS_Unstable:          0 kB
Bounce:                0 kB
WritebackTmp:          0 kB
CommitLimit:     9202292 kB
Committed_AS:   76224248 kB
VmallocTotal:   263061440 kB
VmallocUsed:      107624 kB
VmallocChunk:          0 kB
Percpu:             7648 kB
CmaTotal:         294912 kB
CmaFree:               0 kB
MemTotal:       12113136 kB
MemFree:         4319544 kB
MemAvailable:    7585056 kB
Buffers:            6328 kB
Cached:          2514628 kB
SwapCached:            0 kB
Active:          1838968 kB
Inactive:        2142428 kB
Active(anon):    1469680 kB
Inactive(anon):    33476 kB
Active(file):     369288 kB
Inactive(file):  2108952 kB
Unevictable:        5564 kB
Mlocked:            5564 kB
SwapTotal:       3145724 kB
SwapFree:        3145724 kB
Dirty:               668 kB
Writeback:             0 kB
AnonPages:       1466072 kB
Mapped:           973960 kB
Shmem:             38240 kB
KReclaimable:    1655976 kB
Slab:             270676 kB
SReclaimable:     117280 kB
SUnreclaim:       153396 kB
KernelStack:       50400 kB
PageTables:        70404 kB
NFS_Unstable:          0 kB
Bounce:                0 kB
WritebackTmp:          0 kB
CommitLimit:     9202292 kB
Committed_AS:   76220140 kB
VmallocTotal:   263061440 kB
VmallocUsed:      107608 kB
VmallocChunk:          0 kB
Percpu:             7648 kB
CmaTotal:         294912 kB
CmaFree:               0 kB
MemTotal:       12113136 kB
MemFree:         4315956 kB
MemAvailable:    7581504 kB
Buffers:            6328 kB
Cached:          2514652 kB
SwapCached:            0 kB
Active:          1839344 kB
Inactive:        2142452 kB
Active(anon):    1470056 kB
Inactive(anon):    33480 kB
Active(file):     369288 kB
Inactive(file):  2108972 kB
Unevictable:        5564 kB
Mlocked:            5564 kB
SwapTotal:       3145724 kB
SwapFree:        3145724 kB
Dirty:               732 kB
Writeback:             0 kB
AnonPages:       1466408 kB
Mapped:           973792 kB
Shmem:             38244 kB
KReclaimable:    1655992 kB
Slab:             270696 kB
SReclaimable:     117296 kB
SUnreclaim:       153400 kB
KernelStack:       50400 kB
PageTables:        70396 kB
NFS_Unstable:          0 kB
Bounce:                0 kB
WritebackTmp:          0 kB
CommitLimit:     9202292 kB
Committed_AS:   76225024 kB
VmallocTotal:   263061440 kB
VmallocUsed:      107624 kB
VmallocChunk:          0 kB
Percpu:             7648 kB
CmaTotal:         294912 kB
CmaFree:               0 kB
MemTotal:       12113136 kB
MemFree:         4317680 kB
MemAvailable:    7583244 kB
Buffers:            6332 kB
Cached:          2514664 kB
SwapCached:            0 kB
Active:          1840416 kB
Inactive:        2142468 kB
Active(anon):    1471128 kB
Inactive(anon):    33480 kB
Active(file):     369288 kB
Inactive(file):  2108988 kB
Unevictable:        5564 kB
Mlocked:            5564 kB
SwapTotal:       3145724 kB
SwapFree:        3145724 kB
Dirty:               720 kB
Writeback:             0 kB
AnonPages:       1467536 kB
Mapped:           973916 kB
Shmem:             38244 kB
KReclaimable:    1655992 kB
Slab:             270712 kB
SReclaimable:     117296 kB
SUnreclaim:       153416 kB
KernelStack:       50368 kB
PageTables:        70300 kB
NFS_Unstable:          0 kB
Bounce:                0 kB
WritebackTmp:          0 kB
CommitLimit:     9202292 kB
Committed_AS:   76231368 kB
VmallocTotal:   263061440 kB
VmallocUsed:      107624 kB
VmallocChunk:          0 kB
Percpu:             7648 kB
CmaTotal:         294912 kB
CmaFree:               0 kB
MemTotal:       12113136 kB
MemFree:         4319200 kB
MemAvailable:    7584796 kB
Buffers:            6332 kB
Cached:          2514764 kB
SwapCached:            0 kB
Active:          1837216 kB
Inactive:        2142508 kB
Active(anon):    1467924 kB
Inactive(anon):    33496 kB
Active(file):     369292 kB
Inactive(file):  2109012 kB
Unevictable:        5564 kB
Mlocked:            5564 kB
SwapTotal:       3145724 kB
SwapFree:        3145724 kB
Dirty:               728 kB
Writeback:             0 kB
AnonPages:       1464300 kB
Mapped:           973804 kB
Shmem:             38316 kB
KReclaimable:    1655996 kB
Slab:             270708 kB
SReclaimable:     117300 kB
SUnreclaim:       153408 kB
KernelStack:       50464 kB
PageTables:        70344 kB
NFS_Unstable:          0 kB
Bounce:                0 kB
WritebackTmp:          0 kB
CommitLimit:     9202292 kB
Committed_AS:   76227712 kB
VmallocTotal:   263061440 kB
VmallocUsed:      107656 kB
VmallocChunk:          0 kB
Percpu:             7648 kB
CmaTotal:         294912 kB
CmaFree:               0 kB
MemTotal:       12113136 kB
MemFree:         4318620 kB
MemAvailable:    7584228 kB
Buffers:            6332 kB
Cached:          2514716 kB
SwapCached:            0 kB
Active:          1838268 kB
Inactive:        2142516 kB
Active(anon):    1468976 kB
Inactive(anon):    33492 kB
Active(file):     369292 kB
Inactive(file):  2109024 kB
Unevictable:        5564 kB
Mlocked:            5564 kB
SwapTotal:       3145724 kB
SwapFree:        3145724 kB
Dirty:               740 kB
Writeback:             0 kB
AnonPages:       1465040 kB
Mapped:           973796 kB
Shmem:             38256 kB
KReclaimable:    1655996 kB
Slab:             270704 kB
SReclaimable:     117300 kB
SUnreclaim:       153404 kB
KernelStack:       50400 kB
PageTables:        70356 kB
NFS_Unstable:          0 kB
Bounce:                0 kB
WritebackTmp:          0 kB
CommitLimit:     9202292 kB
Committed_AS:   76232256 kB
VmallocTotal:   263061440 kB
VmallocUsed:      107672 kB
VmallocChunk:          0 kB
Percpu:             7648 kB
CmaTotal:         294912 kB
CmaFree:             152 kB
MemTotal:       12113136 kB
MemFree:         4318112 kB
MemAvailable:    7583732 kB
Buffers:            6332 kB
Cached:          2514728 kB
SwapCached:            0 kB
Active:          1838200 kB
Inactive:        2142528 kB
Active(anon):    1468908 kB
Inactive(anon):    33492 kB
Active(file):     369292 kB
Inactive(file):  2109036 kB
Unevictable:        5564 kB
Mlocked:            5564 kB
SwapTotal:       3145724 kB
SwapFree:        3145724 kB
Dirty:               768 kB
Writeback:             0 kB
AnonPages:       1465152 kB
Mapped:           973804 kB
Shmem:             38256 kB
KReclaimable:    1655996 kB
Slab:             270700 kB
SReclaimable:     117300 kB
SUnreclaim:       153400 kB
KernelStack:       50496 kB
PageTables:        70388 kB
NFS_Unstable:          0 kB
Bounce:                0 kB
WritebackTmp:          0 kB
CommitLimit:     9202292 kB
Committed_AS:   76228344 kB
VmallocTotal:   263061440 kB
VmallocUsed:      107704 kB
VmallocChunk:          0 kB
Percpu:             7648 kB
CmaTotal:         294912 kB
CmaFree:               0 kB
MemTotal:       12113136 kB
MemFree:         4318480 kB
MemAvailable:    7584120 kB
Buffers:            6332 kB
Cached:          2514748 kB
SwapCached:            0 kB
Active:          1838564 kB
Inactive:        2142548 kB
Active(anon):    1469272 kB
Inactive(anon):    33492 kB
Active(file):     369292 kB
Inactive(file):  2109056 kB
Unevictable:        5564 kB
Mlocked:            5564 kB
SwapTotal:       3145724 kB
SwapFree:        3145724 kB
Dirty:               788 kB
Writeback:             0 kB
AnonPages:       1465704 kB
Mapped:           973764 kB
Shmem:             38256 kB
KReclaimable:    1655996 kB
Slab:             270684 kB
SReclaimable:     117300 kB
SUnreclaim:       153384 kB
KernelStack:       50464 kB
PageTables:        70380 kB
NFS_Unstable:          0 kB
Bounce:                0 kB
WritebackTmp:          0 kB
CommitLimit:     9202292 kB
Committed_AS:   76234672 kB
VmallocTotal:   263061440 kB
VmallocUsed:      107640 kB
VmallocChunk:          0 kB
Percpu:             7648 kB
CmaTotal:         294912 kB
CmaFree:              44 kB
MemTotal:       12113136 kB
MemFree:         4317820 kB
MemAvailable:    7583476 kB
Buffers:            6332 kB
Cached:          2514764 kB
SwapCached:            0 kB
Active:          1839624 kB
Inactive:        2142560 kB
Active(anon):    1470328 kB
Inactive(anon):    33492 kB
Active(file):     369296 kB
Inactive(file):  2109068 kB
Unevictable:        5564 kB
Mlocked:            5564 kB
SwapTotal:       3145724 kB
SwapFree:        3145724 kB
Dirty:               800 kB
Writeback:             0 kB
AnonPages:       1466492 kB
Mapped:           974144 kB
Shmem:             38256 kB
KReclaimable:    1655996 kB
Slab:             270700 kB
SReclaimable:     117300 kB
SUnreclaim:       153400 kB
KernelStack:       50512 kB
PageTables:        70376 kB
NFS_Unstable:          0 kB
Bounce:                0 kB
WritebackTmp:          0 kB
CommitLimit:     9202292 kB
Committed_AS:   76232080 kB
VmallocTotal:   263061440 kB
VmallocUsed:      107688 kB
VmallocChunk:          0 kB
Percpu:             7648 kB
CmaTotal:         294912 kB
CmaFree:               0 kB
MemTotal:       12113136 kB
MemFree:         4316364 kB
MemAvailable:    7582020 kB
Buffers:            6332 kB
Cached:          2514764 kB
SwapCached:            0 kB
Active:          1839808 kB
Inactive:        2142568 kB
Active(anon):    1470520 kB
Inactive(anon):    33492 kB
Active(file):     369288 kB
Inactive(file):  2109076 kB
Unevictable:        5564 kB
Mlocked:            5564 kB
SwapTotal:       3145724 kB
SwapFree:        3145724 kB
Dirty:               816 kB
Writeback:             0 kB
AnonPages:       1466680 kB
Mapped:           973868 kB
Shmem:             38256 kB
KReclaimable:    1655996 kB
Slab:             270692 kB
SReclaimable:     117300 kB
SUnreclaim:       153392 kB
KernelStack:       50480 kB
PageTables:        70316 kB
NFS_Unstable:          0 kB
Bounce:                0 kB
WritebackTmp:          0 kB
CommitLimit:     9202292 kB
Committed_AS:   76232800 kB
VmallocTotal:   263061440 kB
VmallocUsed:      107672 kB
VmallocChunk:          0 kB
Percpu:             7648 kB
CmaTotal:         294912 kB
CmaFree:               4 kB
MemTotal:       12113136 kB
MemFree:         4317252 kB
MemAvailable:    7582924 kB
Buffers:            6332 kB
Cached:          2514780 kB
SwapCached:            0 kB
Active:          1840268 kB
Inactive:        2142580 kB
Active(anon):    1470976 kB
Inactive(anon):    33492 kB
Active(file):     369292 kB
Inactive(file):  2109088 kB
Unevictable:        5564 kB
Mlocked:            5564 kB
SwapTotal:       3145724 kB
SwapFree:        3145724 kB
Dirty:               836 kB
Writeback:             0 kB
AnonPages:       1467360 kB
Mapped:           973876 kB
Shmem:             38256 kB
KReclaimable:    1655996 kB
Slab:             270712 kB
SReclaimable:     117300 kB
SUnreclaim:       153412 kB
KernelStack:       50448 kB
PageTables:        70364 kB
NFS_Unstable:          0 kB
Bounce:                0 kB
WritebackTmp:          0 kB
CommitLimit:     9202292 kB
Committed_AS:   76232648 kB
VmallocTotal:   263061440 kB
VmallocUsed:      107624 kB
VmallocChunk:          0 kB
Percpu:             7648 kB
CmaTotal:         294912 kB
CmaFree:              24 kB
MemTotal:       12113136 kB
MemFree:         4323912 kB
MemAvailable:    7589588 kB
Buffers:            6332 kB
Cached:          2514780 kB
SwapCached:            0 kB
Active:          1832180 kB
Inactive:        2142588 kB
Active(anon):    1462892 kB
Inactive(anon):    33492 kB
Active(file):     369288 kB
Inactive(file):  2109096 kB
Unevictable:        5564 kB
Mlocked:            5564 kB
SwapTotal:       3145724 kB
SwapFree:        3145724 kB
Dirty:               844 kB
Writeback:             0 kB
AnonPages:       1459400 kB
Mapped:           974012 kB
Shmem:             38256 kB
KReclaimable:    1655996 kB
Slab:             270684 kB
SReclaimable:     117300 kB
SUnreclaim:       153384 kB
KernelStack:       50416 kB
PageTables:        70188 kB
NFS_Unstable:          0 kB
Bounce:                0 kB
WritebackTmp:          0 kB
CommitLimit:     9202292 kB
Committed_AS:   76234748 kB
VmallocTotal:   263061440 kB
VmallocUsed:      107672 kB
VmallocChunk:          0 kB
Percpu:             7648 kB
CmaTotal:         294912 kB
CmaFree:               0 kB
MemTotal:       12113136 kB
MemFree:         4324876 kB
MemAvailable:    7590576 kB
Buffers:            6332 kB
Cached:          2514808 kB
SwapCached:            0 kB
Active:          1832032 kB
Inactive:        2142608 kB
Active(anon):    1462740 kB
Inactive(anon):    33492 kB
Active(file):     369292 kB
Inactive(file):  2109116 kB
Unevictable:        5564 kB
Mlocked:            5564 kB
SwapTotal:       3145724 kB
SwapFree:        3145724 kB
Dirty:               876 kB
Writeback:             0 kB
AnonPages:       1458788 kB
Mapped:           973776 kB
Shmem:             38256 kB
KReclaimable:    1655996 kB
Slab:             270684 kB
SReclaimable:     117300 kB
SUnreclaim:       153384 kB
KernelStack:       50444 kB
PageTables:        70036 kB
NFS_Unstable:          0 kB
Bounce:                0 kB
WritebackTmp:          0 kB
CommitLimit:     9202292 kB
Committed_AS:   76231508 kB
VmallocTotal:   263061440 kB
VmallocUsed:      107640 kB
VmallocChunk:          0 kB
Percpu:             7648 kB
CmaTotal:         294912 kB
CmaFree:               0 kB
MemTotal:       12113136 kB
MemFree:         4325864 kB
MemAvailable:    7591576 kB
Buffers:            6332 kB
Cached:          2514820 kB
SwapCached:            0 kB
Active:          1831992 kB
Inactive:        2142620 kB
Active(anon):    1462700 kB
Inactive(anon):    33492 kB
Active(file):     369292 kB
Inactive(file):  2109128 kB
Unevictable:        5564 kB
Mlocked:            5564 kB
SwapTotal:       3145724 kB
SwapFree:        3145724 kB
Dirty:               908 kB
Writeback:             0 kB
AnonPages:       1458956 kB
Mapped:           974024 kB
Shmem:             38256 kB
KReclaimable:    1655996 kB
Slab:             270716 kB
SReclaimable:     117300 kB
SUnreclaim:       153416 kB
KernelStack:       50444 kB
PageTables:        70436 kB
NFS_Unstable:          0 kB
Bounce:                0 kB
WritebackTmp:          0 kB
CommitLimit:     9202292 kB
Committed_AS:   76212032 kB
VmallocTotal:   263061440 kB
VmallocUsed:      107576 kB
VmallocChunk:          0 kB
Percpu:             7648 kB
CmaTotal:         294912 kB
CmaFree:               0 kB
MemTotal:       12113136 kB
MemFree:         4325212 kB
MemAvailable:    7590936 kB
Buffers:            6332 kB
Cached:          2514832 kB
SwapCached:            0 kB
Active:          1831776 kB
Inactive:        2142632 kB
Active(anon):    1462484 kB
Inactive(anon):    33492 kB
Active(file):     369292 kB
Inactive(file):  2109140 kB
Unevictable:        5564 kB
Mlocked:            5564 kB
SwapTotal:       3145724 kB
SwapFree:        3145724 kB
Dirty:               920 kB
Writeback:             0 kB
AnonPages:       1458772 kB
Mapped:           974004 kB
Shmem:             38256 kB
KReclaimable:    1655996 kB
Slab:             270708 kB
SReclaimable:     117300 kB
SUnreclaim:       153408 kB
KernelStack:       50416 kB
PageTables:        70244 kB
NFS_Unstable:          0 kB
Bounce:                0 kB
WritebackTmp:          0 kB
CommitLimit:     9202292 kB
Committed_AS:   76221688 kB
VmallocTotal:   263061440 kB
VmallocUsed:      107640 kB
VmallocChunk:          0 kB
Percpu:             7648 kB
CmaTotal:         294912 kB
CmaFree:               8 kB
MemTotal:       12113136 kB
MemFree:         4323208 kB
MemAvailable:    7588960 kB
Buffers:            6332 kB
Cached:          2514860 kB
SwapCached:            0 kB
Active:          1835224 kB
Inactive:        2142660 kB
Active(anon):    1465932 kB
Inactive(anon):    33492 kB
Active(file):     369292 kB
Inactive(file):  2109168 kB
Unevictable:        5564 kB
Mlocked:            5564 kB
SwapTotal:       3145724 kB
SwapFree:        3145724 kB
Dirty:               960 kB
Writeback:             0 kB
AnonPages:       1462232 kB
Mapped:           973804 kB
Shmem:             38256 kB
KReclaimable:    1655996 kB
Slab:             270688 kB
SReclaimable:     117300 kB
SUnreclaim:       153388 kB
KernelStack:       50416 kB
PageTables:        70276 kB
NFS_Unstable:          0 kB
Bounce:                0 kB
WritebackTmp:          0 kB
CommitLimit:     9202292 kB
Committed_AS:   76231244 kB
VmallocTotal:   263061440 kB
VmallocUsed:      107656 kB
VmallocChunk:          0 kB
Percpu:             7648 kB
CmaTotal:         294912 kB
CmaFree:               0 kB
MemTotal:       12113136 kB
MemFree:         4321784 kB
MemAvailable:    7587552 kB
Buffers:            6332 kB
Cached:          2514876 kB
SwapCached:            0 kB
Active:          1835572 kB
Inactive:        2142672 kB
Active(anon):    1466276 kB
Inactive(anon):    33492 kB
Active(file):     369296 kB
Inactive(file):  2109180 kB
Unevictable:        5564 kB
Mlocked:            5564 kB
SwapTotal:       3145724 kB
SwapFree:        3145724 kB
Dirty:               972 kB
Writeback:             0 kB
AnonPages:       1462240 kB
Mapped:           974132 kB
Shmem:             38256 kB
KReclaimable:    1655996 kB
Slab:             270680 kB
SReclaimable:     117300 kB
SUnreclaim:       153380 kB
KernelStack:       50404 kB
PageTables:        70512 kB
NFS_Unstable:          0 kB
Bounce:                0 kB
WritebackTmp:          0 kB
CommitLimit:     9202292 kB
Committed_AS:   76232780 kB
VmallocTotal:   263061440 kB
VmallocUsed:      107640 kB
VmallocChunk:          0 kB
Percpu:             7648 kB
CmaTotal:         294912 kB
CmaFree:               0 kB
MemTotal:       12113136 kB
MemFree:         4321984 kB
MemAvailable:    7587752 kB
Buffers:            6332 kB
Cached:          2514876 kB
SwapCached:            0 kB
Active:          1835472 kB
Inactive:        2142680 kB
Active(anon):    1466184 kB
Inactive(anon):    33492 kB
Active(file):     369288 kB
Inactive(file):  2109188 kB
Unevictable:        5564 kB
Mlocked:            5564 kB
SwapTotal:       3145724 kB
SwapFree:        3145724 kB
Dirty:               980 kB
Writeback:             0 kB
AnonPages:       1462744 kB
Mapped:           973608 kB
Shmem:             38256 kB
KReclaimable:    1655996 kB
Slab:             270700 kB
SReclaimable:     117300 kB
SUnreclaim:       153400 kB
KernelStack:       50448 kB
PageTables:        70440 kB
NFS_Unstable:          0 kB
Bounce:                0 kB
WritebackTmp:          0 kB
CommitLimit:     9202292 kB
Committed_AS:   76227108 kB
VmallocTotal:   263061440 kB
VmallocUsed:      107624 kB
VmallocChunk:          0 kB
Percpu:             7648 kB
CmaTotal:         294912 kB
CmaFree:               0 kB
MemTotal:       12113136 kB
MemFree:         4320840 kB
MemAvailable:    7586640 kB
Buffers:            6336 kB
Cached:          2514904 kB
SwapCached:            0 kB
Active:          1836960 kB
Inactive:        2142704 kB
Active(anon):    1467664 kB
Inactive(anon):    33492 kB
Active(file):     369296 kB
Inactive(file):  2109212 kB
Unevictable:        5564 kB
Mlocked:            5564 kB
SwapTotal:       3145724 kB
SwapFree:        3145724 kB
Dirty:               980 kB
Writeback:             0 kB
AnonPages:       1464016 kB
Mapped:           973624 kB
Shmem:             38256 kB
KReclaimable:    1655996 kB
Slab:             270668 kB
SReclaimable:     117300 kB
SUnreclaim:       153368 kB
KernelStack:       50416 kB
PageTables:        70264 kB
NFS_Unstable:          0 kB
Bounce:                0 kB
WritebackTmp:          0 kB
CommitLimit:     9202292 kB
Committed_AS:   76232224 kB
VmallocTotal:   263061440 kB
VmallocUsed:      107656 kB
VmallocChunk:          0 kB
Percpu:             7648 kB
CmaTotal:         294912 kB
CmaFree:               0 kB
MemTotal:       12113136 kB
MemFree:         4319576 kB
MemAvailable:    7585400 kB
Buffers:            6336 kB
Cached:          2514928 kB
SwapCached:            0 kB
Active:          1837740 kB
Inactive:        2142728 kB
Active(anon):    1468444 kB
Inactive(anon):    33492 kB
Active(file):     369296 kB
Inactive(file):  2109236 kB
Unevictable:        5564 kB
Mlocked:            5564 kB
SwapTotal:       3145724 kB
SwapFree:        3145724 kB
Dirty:               228 kB
Writeback:             0 kB
AnonPages:       1464972 kB
Mapped:           973932 kB
Shmem:             38256 kB
KReclaimable:    1655996 kB
Slab:             270700 kB
SReclaimable:     117300 kB
SUnreclaim:       153400 kB
KernelStack:       50400 kB
PageTables:        70264 kB
NFS_Unstable:          0 kB
Bounce:                0 kB
WritebackTmp:          0 kB
CommitLimit:     9202292 kB
Committed_AS:   76235452 kB
VmallocTotal:   263061440 kB
VmallocUsed:      107704 kB
VmallocChunk:          0 kB
Percpu:             7648 kB
CmaTotal:         294912 kB
CmaFree:               0 kB
MemTotal:       12113136 kB
MemFree:         4317884 kB
MemAvailable:    7583712 kB
Buffers:            6336 kB
Cached:          2514932 kB
SwapCached:            0 kB
Active:          1836920 kB
Inactive:        2142732 kB
Active(anon):    1467624 kB
Inactive(anon):    33492 kB
Active(file):     369296 kB
Inactive(file):  2109240 kB
Unevictable:        5564 kB
Mlocked:            5564 kB
SwapTotal:       3145724 kB
SwapFree:        3145724 kB
Dirty:               264 kB
Writeback:             0 kB
AnonPages:       1463780 kB
Mapped:           973920 kB
Shmem:             38256 kB
KReclaimable:    1655996 kB
Slab:             270716 kB
SReclaimable:     117300 kB
SUnreclaim:       153416 kB
KernelStack:       50384 kB
PageTables:        70500 kB
NFS_Unstable:          0 kB
Bounce:                0 kB
WritebackTmp:          0 kB
CommitLimit:     9202292 kB
Committed_AS:   76230344 kB
VmallocTotal:   263061440 kB
VmallocUsed:      107688 kB
VmallocChunk:          0 kB
Percpu:             7648 kB
CmaTotal:         294912 kB
CmaFree:              20 kB
MemTotal:       12113136 kB
MemFree:         4317780 kB
MemAvailable:    7583628 kB
Buffers:            6336 kB
Cached:          2514952 kB
SwapCached:            0 kB
Active:          1837640 kB
Inactive:        2142752 kB
Active(anon):    1468344 kB
Inactive(anon):    33492 kB
Active(file):     369296 kB
Inactive(file):  2109260 kB
Unevictable:        5564 kB
Mlocked:            5564 kB
SwapTotal:       3145724 kB
SwapFree:        3145724 kB
Dirty:               316 kB
Writeback:             0 kB
AnonPages:       1464732 kB
Mapped:           974004 kB
Shmem:             38256 kB
KReclaimable:    1655996 kB
Slab:             270712 kB
SReclaimable:     117300 kB
SUnreclaim:       153412 kB
KernelStack:       50464 kB
PageTables:        70344 kB
NFS_Unstable:          0 kB
Bounce:                0 kB
WritebackTmp:          0 kB
CommitLimit:     9202292 kB
Committed_AS:   76230300 kB
VmallocTotal:   263061440 kB
VmallocUsed:      107688 kB
VmallocChunk:          0 kB
Percpu:             7648 kB
CmaTotal:         294912 kB
CmaFree:               0 kB
MemTotal:       12113136 kB
MemFree:         4341352 kB
MemAvailable:    7607208 kB
Buffers:            6336 kB
Cached:          2514960 kB
SwapCached:            0 kB
Active:          1814544 kB
Inactive:        2142760 kB
Active(anon):    1445248 kB
Inactive(anon):    33492 kB
Active(file):     369296 kB
Inactive(file):  2109268 kB
Unevictable:        5564 kB
Mlocked:            5564 kB
SwapTotal:       3145724 kB
SwapFree:        3145724 kB
Dirty:               332 kB
Writeback:             0 kB
AnonPages:       1441192 kB
Mapped:           973860 kB
Shmem:             38256 kB
KReclaimable:    1655996 kB
Slab:             270716 kB
SReclaimable:     117300 kB
SUnreclaim:       153416 kB
KernelStack:       50464 kB
PageTables:        70172 kB
NFS_Unstable:          0 kB
Bounce:                0 kB
WritebackTmp:          0 kB
CommitLimit:     9202292 kB
Committed_AS:   76225936 kB
VmallocTotal:   263061440 kB
VmallocUsed:      107672 kB
VmallocChunk:          0 kB
Percpu:             7648 kB
CmaTotal:         294912 kB
CmaFree:               0 kB
MemTotal:       12113136 kB
MemFree:         4341084 kB
MemAvailable:    7606956 kB
Buffers:            6336 kB
Cached:          2514976 kB
SwapCached:            0 kB
Active:          1815028 kB
Inactive:        2142776 kB
Active(anon):    1445732 kB
Inactive(anon):    33492 kB
Active(file):     369296 kB
Inactive(file):  2109284 kB
Unevictable:        5564 kB
Mlocked:            5564 kB
SwapTotal:       3145724 kB
SwapFree:        3145724 kB
Dirty:               348 kB
Writeback:             0 kB
AnonPages:       1442120 kB
Mapped:           974020 kB
Shmem:             38256 kB
KReclaimable:    1655996 kB
Slab:             270724 kB
SReclaimable:     117300 kB
SUnreclaim:       153424 kB
KernelStack:       50416 kB
PageTables:        70376 kB
NFS_Unstable:          0 kB
Bounce:                0 kB
WritebackTmp:          0 kB
CommitLimit:     9202292 kB
Committed_AS:   76220052 kB
VmallocTotal:   263061440 kB
VmallocUsed:      107640 kB
VmallocChunk:          0 kB
Percpu:             7648 kB
CmaTotal:         294912 kB
CmaFree:               0 kB
MemTotal:       12113136 kB
MemFree:         4340988 kB
MemAvailable:    7606864 kB
Buffers:            6336 kB
Cached:          2514980 kB
SwapCached:            0 kB
Active:          1815784 kB
Inactive:        2142780 kB
Active(anon):    1446488 kB
Inactive(anon):    33492 kB
Active(file):     369296 kB
Inactive(file):  2109288 kB
Unevictable:        5564 kB
Mlocked:            5564 kB
SwapTotal:       3145724 kB
SwapFree:        3145724 kB
Dirty:               364 kB
Writeback:             0 kB
AnonPages:       1442548 kB
Mapped:           973872 kB
Shmem:             38256 kB
KReclaimable:    1655996 kB
Slab:             270704 kB
SReclaimable:     117300 kB
SUnreclaim:       153404 kB
KernelStack:       50400 kB
PageTables:        70380 kB
NFS_Unstable:          0 kB
Bounce:                0 kB
WritebackTmp:          0 kB
CommitLimit:     9202292 kB
Committed_AS:   76219240 kB
VmallocTotal:   263061440 kB
VmallocUsed:      107592 kB
VmallocChunk:          0 kB
Percpu:             7648 kB
CmaTotal:         294912 kB
CmaFree:               0 kB
MemTotal:       12113136 kB
MemFree:         4338620 kB
MemAvailable:    7604512 kB
Buffers:            6336 kB
Cached:          2514996 kB
SwapCached:            0 kB
Active:          1819240 kB
Inactive:        2142796 kB
Active(anon):    1449944 kB
Inactive(anon):    33492 kB
Active(file):     369296 kB
Inactive(file):  2109304 kB
Unevictable:        5564 kB
Mlocked:            5564 kB
SwapTotal:       3145724 kB
SwapFree:        3145724 kB
Dirty:               408 kB
Writeback:             0 kB
AnonPages:       1446396 kB
Mapped:           973928 kB
Shmem:             38256 kB
KReclaimable:    1655996 kB
Slab:             270716 kB
SReclaimable:     117300 kB
SUnreclaim:       153416 kB
KernelStack:       50448 kB
PageTables:        70244 kB
NFS_Unstable:          0 kB
Bounce:                0 kB
WritebackTmp:          0 kB
CommitLimit:     9202292 kB
Committed_AS:   76228856 kB
VmallocTotal:   263061440 kB
VmallocUsed:      107656 kB
VmallocChunk:          0 kB
Percpu:             7648 kB
CmaTotal:         294912 kB
CmaFree:               0 kB
MemTotal:       12113136 kB
MemFree:         4337544 kB
MemAvailable:    7603460 kB
Buffers:            6336 kB
Cached:          2515020 kB
SwapCached:            0 kB
Active:          1819828 kB
Inactive:        2142820 kB
Active(anon):    1450532 kB
Inactive(anon):    33492 kB
Active(file):     369296 kB
Inactive(file):  2109328 kB
Unevictable:        5564 kB
Mlocked:            5564 kB
SwapTotal:       3145724 kB
SwapFree:        3145724 kB
Dirty:               432 kB
Writeback:             0 kB
AnonPages:       1446880 kB
Mapped:           974020 kB
Shmem:             38256 kB
KReclaimable:    1655996 kB
Slab:             270704 kB
SReclaimable:     117300 kB
SUnreclaim:       153404 kB
KernelStack:       50416 kB
PageTables:        70364 kB
NFS_Unstable:          0 kB
Bounce:                0 kB
WritebackTmp:          0 kB
CommitLimit:     9202292 kB
Committed_AS:   76223580 kB
VmallocTotal:   263061440 kB
VmallocUsed:      107624 kB
VmallocChunk:          0 kB
Percpu:             7648 kB
CmaTotal:         294912 kB
CmaFree:               0 kB
MemTotal:       12113136 kB
MemFree:         4336156 kB
MemAvailable:    7602092 kB
Buffers:            6336 kB
Cached:          2515040 kB
SwapCached:            0 kB
Active:          1820332 kB
Inactive:        2142836 kB
Active(anon):    1451032 kB
Inactive(anon):    33492 kB
Active(file):     369300 kB
Inactive(file):  2109344 kB
Unevictable:        5564 kB
Mlocked:            5564 kB
SwapTotal:       3145724 kB
SwapFree:        3145724 kB
Dirty:               456 kB
Writeback:             0 kB
AnonPages:       1447312 kB
Mapped:           973996 kB
Shmem:             38256 kB
KReclaimable:    1655996 kB
Slab:             270704 kB
SReclaimable:     117300 kB
SUnreclaim:       153404 kB
KernelStack:       50480 kB
PageTables:        70460 kB
NFS_Unstable:          0 kB
Bounce:                0 kB
WritebackTmp:          0 kB
CommitLimit:     9202292 kB
Committed_AS:   76223224 kB
VmallocTotal:   263061440 kB
VmallocUsed:      107656 kB
VmallocChunk:          0 kB
Percpu:             7648 kB
CmaTotal:         294912 kB
CmaFree:               0 kB
MemTotal:       12113136 kB
MemFree:         4336472 kB
MemAvailable:    7602428 kB
Buffers:            6336 kB
Cached:          2515064 kB
SwapCached:            0 kB
Active:          1820808 kB
Inactive:        2142864 kB
Active(anon):    1451512 kB
Inactive(anon):    33496 kB
Active(file):     369296 kB
Inactive(file):  2109368 kB
Unevictable:        5564 kB
Mlocked:            5564 kB
SwapTotal:       3145724 kB
SwapFree:        3145724 kB
Dirty:               512 kB
Writeback:             0 kB
AnonPages:       1447768 kB
Mapped:           974036 kB
Shmem:             38260 kB
KReclaimable:    1655996 kB
Slab:             270696 kB
SReclaimable:     117300 kB
SUnreclaim:       153396 kB
KernelStack:       50496 kB
PageTables:        70404 kB
NFS_Unstable:          0 kB
Bounce:                0 kB
WritebackTmp:          0 kB
CommitLimit:     9202292 kB
Committed_AS:   76227532 kB
VmallocTotal:   263061440 kB
VmallocUsed:      107672 kB
VmallocChunk:          0 kB
Percpu:             7648 kB
CmaTotal:         294912 kB
CmaFree:               0 kB
MemTotal:       12113136 kB
MemFree:         4336256 kB
MemAvailable:    7602228 kB
Buffers:            6336 kB
Cached:          2515084 kB
SwapCached:            0 kB
Active:          1820932 kB
Inactive:        2142884 kB
Active(anon):    1451636 kB
Inactive(anon):    33500 kB
Active(file):     369296 kB
Inactive(file):  2109384 kB
Unevictable:        5564 kB
Mlocked:            5564 kB
SwapTotal:       3145724 kB
SwapFree:        3145724 kB
Dirty:               232 kB
Writeback:             0 kB
AnonPages:       1447992 kB
Mapped:           974036 kB
Shmem:             38264 kB
KReclaimable:    1655996 kB
Slab:             270704 kB
SReclaimable:     117300 kB
SUnreclaim:       153404 kB
KernelStack:       50432 kB
PageTables:        70196 kB
NFS_Unstable:          0 kB
Bounce:                0 kB
WritebackTmp:          0 kB
CommitLimit:     9202292 kB
Committed_AS:   76221352 kB
VmallocTotal:   263061440 kB
VmallocUsed:      107640 kB
VmallocChunk:          0 kB
Percpu:             7648 kB
CmaTotal:         294912 kB
CmaFree:               0 kB
MemTotal:       12113136 kB
MemFree:         4334788 kB
MemAvailable:    7600768 kB
Buffers:            6336 kB
Cached:          2515092 kB
SwapCached:            0 kB
Active:          1821568 kB
Inactive:        2142892 kB
Active(anon):    1452272 kB
Inactive(anon):    33500 kB
Active(file):     369296 kB
Inactive(file):  2109392 kB
Unevictable:        5564 kB
Mlocked:            5564 kB
SwapTotal:       3145724 kB
SwapFree:        3145724 kB
Dirty:               320 kB
Writeback:             0 kB
AnonPages:       1448452 kB
Mapped:           974192 kB
Shmem:             38264 kB
KReclaimable:    1655996 kB
Slab:             270716 kB
SReclaimable:     117300 kB
SUnreclaim:       153416 kB
KernelStack:       50496 kB
PageTables:        70592 kB
NFS_Unstable:          0 kB
Bounce:                0 kB
WritebackTmp:          0 kB
CommitLimit:     9202292 kB
Committed_AS:   76241080 kB
VmallocTotal:   263061440 kB
VmallocUsed:      107688 kB
VmallocChunk:          0 kB
Percpu:             7648 kB
CmaTotal:         294912 kB
CmaFree:               0 kB
MemTotal:       12113136 kB
MemFree:         4333616 kB
MemAvailable:    7599604 kB
Buffers:            6336 kB
Cached:          2515100 kB
SwapCached:            0 kB
Active:          1821708 kB
Inactive:        2142900 kB
Active(anon):    1452412 kB
Inactive(anon):    33500 kB
Active(file):     369296 kB
Inactive(file):  2109400 kB
Unevictable:        5564 kB
Mlocked:            5564 kB
SwapTotal:       3145724 kB
SwapFree:        3145724 kB
Dirty:               340 kB
Writeback:             0 kB
AnonPages:       1448908 kB
Mapped:           974148 kB
Shmem:             38264 kB
KReclaimable:    1655996 kB
Slab:             270700 kB
SReclaimable:     117300 kB
SUnreclaim:       153400 kB
KernelStack:       50432 kB
PageTables:        70272 kB
NFS_Unstable:          0 kB
Bounce:                0 kB
WritebackTmp:          0 kB
CommitLimit:     9202292 kB
Committed_AS:   76232116 kB
VmallocTotal:   263061440 kB
VmallocUsed:      107640 kB
VmallocChunk:          0 kB
Percpu:             7648 kB
CmaTotal:         294912 kB
CmaFree:               0 kB
MemTotal:       12113136 kB
MemFree:         4333452 kB
MemAvailable:    7599456 kB
Buffers:            6336 kB
Cached:          2515116 kB
SwapCached:            0 kB
Active:          1822512 kB
Inactive:        2142916 kB
Active(anon):    1453216 kB
Inactive(anon):    33500 kB
Active(file):     369296 kB
Inactive(file):  2109416 kB
Unevictable:        5564 kB
Mlocked:            5564 kB
SwapTotal:       3145724 kB
SwapFree:        3145724 kB
Dirty:               368 kB
Writeback:             0 kB
AnonPages:       1449736 kB
Mapped:           974040 kB
Shmem:             38264 kB
KReclaimable:    1655996 kB
Slab:             270748 kB
SReclaimable:     117300 kB
SUnreclaim:       153448 kB
KernelStack:       50368 kB
PageTables:        69928 kB
NFS_Unstable:          0 kB
Bounce:                0 kB
WritebackTmp:          0 kB
CommitLimit:     9202292 kB
Committed_AS:   76236124 kB
VmallocTotal:   263061440 kB
VmallocUsed:      107672 kB
VmallocChunk:          0 kB
Percpu:             7648 kB
CmaTotal:         294912 kB
CmaFree:               0 kB
MemTotal:       12113136 kB
MemFree:         4332460 kB
MemAvailable:    7598496 kB
Buffers:            6344 kB
Cached:          2515140 kB
SwapCached:            0 kB
Active:          1823424 kB
Inactive:        2142940 kB
Active(anon):    1454120 kB
Inactive(anon):    33500 kB
Active(file):     369304 kB
Inactive(file):  2109440 kB
Unevictable:        5564 kB
Mlocked:            5564 kB
SwapTotal:       3145724 kB
SwapFree:        3145724 kB
Dirty:               388 kB
Writeback:             0 kB
AnonPages:       1450556 kB
Mapped:           974164 kB
Shmem:             38264 kB
KReclaimable:    1655996 kB
Slab:             270696 kB
SReclaimable:     117300 kB
SUnreclaim:       153396 kB
KernelStack:       50480 kB
PageTables:        70364 kB
NFS_Unstable:          0 kB
Bounce:                0 kB
WritebackTmp:          0 kB
CommitLimit:     9202292 kB
Committed_AS:   76233956 kB
VmallocTotal:   263061440 kB
VmallocUsed:      107656 kB
VmallocChunk:          0 kB
Percpu:             7648 kB
CmaTotal:         294912 kB
CmaFree:               0 kB
MemTotal:       12113136 kB
MemFree:         4330900 kB
MemAvailable:    7596956 kB
Buffers:            6344 kB
Cached:          2515160 kB
SwapCached:            0 kB
Active:          1823976 kB
Inactive:        2142960 kB
Active(anon):    1454672 kB
Inactive(anon):    33500 kB
Active(file):     369304 kB
Inactive(file):  2109460 kB
Unevictable:        5564 kB
Mlocked:            5564 kB
SwapTotal:       3145724 kB
SwapFree:        3145724 kB
Dirty:               424 kB
Writeback:             0 kB
AnonPages:       1450800 kB
Mapped:           974152 kB
Shmem:             38264 kB
KReclaimable:    1655996 kB
Slab:             270720 kB
SReclaimable:     117300 kB
SUnreclaim:       153420 kB
KernelStack:       50500 kB
PageTables:        70368 kB
NFS_Unstable:          0 kB
Bounce:                0 kB
WritebackTmp:          0 kB
CommitLimit:     9202292 kB
Committed_AS:   76238452 kB
VmallocTotal:   263061440 kB
VmallocUsed:      107688 kB
VmallocChunk:          0 kB
Percpu:             7648 kB
CmaTotal:         294912 kB
CmaFree:               0 kB
MemTotal:       12113136 kB
MemFree:         4332336 kB
MemAvailable:    7598412 kB
Buffers:            6344 kB
Cached:          2515180 kB
SwapCached:            0 kB
Active:          1823836 kB
Inactive:        2142980 kB
Active(anon):    1454532 kB
Inactive(anon):    33500 kB
Active(file):     369304 kB
Inactive(file):  2109480 kB
Unevictable:        5564 kB
Mlocked:            5564 kB
SwapTotal:       3145724 kB
SwapFree:        3145724 kB
Dirty:               468 kB
Writeback:             0 kB
AnonPages:       1451040 kB
Mapped:           974144 kB
Shmem:             38264 kB
KReclaimable:    1655996 kB
Slab:             270764 kB
SReclaimable:     117300 kB
SUnreclaim:       153464 kB
KernelStack:       50432 kB
PageTables:        70368 kB
NFS_Unstable:          0 kB
Bounce:                0 kB
WritebackTmp:          0 kB
CommitLimit:     9202292 kB
Committed_AS:   76230748 kB
VmallocTotal:   263061440 kB
VmallocUsed:      107688 kB
VmallocChunk:          0 kB
Percpu:             7648 kB
CmaTotal:         294912 kB
CmaFree:               0 kB
MemTotal:       12113136 kB
MemFree:         4293032 kB
MemAvailable:    7559124 kB
Buffers:            6344 kB
Cached:          2517664 kB
SwapCached:            0 kB
Active:          1860152 kB
Inactive:        2145464 kB
Active(anon):    1490848 kB
Inactive(anon):    35968 kB
Active(file):     369304 kB
Inactive(file):  2109496 kB
Unevictable:        5564 kB
Mlocked:            5564 kB
SwapTotal:       3145724 kB
SwapFree:        3145724 kB
Dirty:               496 kB
Writeback:             0 kB
AnonPages:       1485080 kB
Mapped:           976488 kB
Shmem:             40732 kB
KReclaimable:    1655996 kB
Slab:             270780 kB
SReclaimable:     117300 kB
SUnreclaim:       153480 kB
KernelStack:       50464 kB
PageTables:        70384 kB
NFS_Unstable:          0 kB
Bounce:                0 kB
WritebackTmp:          0 kB
CommitLimit:     9202292 kB
Committed_AS:   76238832 kB
VmallocTotal:   263061440 kB
VmallocUsed:      107704 kB
VmallocChunk:          0 kB
Percpu:             7648 kB
CmaTotal:         294912 kB
CmaFree:               0 kB
MemTotal:       12113136 kB
MemFree:         4296256 kB
MemAvailable:    7562348 kB
Buffers:            6344 kB
Cached:          2515196 kB
SwapCached:            0 kB
Active:          1858476 kB
Inactive:        2142996 kB
Active(anon):    1489172 kB
Inactive(anon):    33500 kB
Active(file):     369304 kB
Inactive(file):  2109496 kB
Unevictable:        5564 kB
Mlocked:            5564 kB
SwapTotal:       3145724 kB
SwapFree:        3145724 kB
Dirty:               496 kB
Writeback:             0 kB
AnonPages:       1485700 kB
Mapped:           974120 kB
Shmem:             38264 kB
KReclaimable:    1655996 kB
Slab:             270940 kB
SReclaimable:     117300 kB
SUnreclaim:       153640 kB
KernelStack:       50480 kB
PageTables:        70272 kB
NFS_Unstable:          0 kB
Bounce:                0 kB
WritebackTmp:          0 kB
CommitLimit:     9202292 kB
Committed_AS:   76240452 kB
VmallocTotal:   263061440 kB
VmallocUsed:      107736 kB
VmallocChunk:          0 kB
Percpu:             7648 kB
CmaTotal:         294912 kB
CmaFree:               0 kB
MemTotal:       12113136 kB
MemFree:         4298864 kB
MemAvailable:    7564984 kB
Buffers:            6344 kB
Cached:          2515224 kB
SwapCached:            0 kB
Active:          1857752 kB
Inactive:        2143024 kB
Active(anon):    1488448 kB
Inactive(anon):    33500 kB
Active(file):     369304 kB
Inactive(file):  2109524 kB
Unevictable:        5564 kB
Mlocked:            5564 kB
SwapTotal:       3145724 kB
SwapFree:        3145724 kB
Dirty:               524 kB
Writeback:             0 kB
AnonPages:       1484692 kB
Mapped:           974028 kB
Shmem:             38264 kB
KReclaimable:    1655996 kB
Slab:             270580 kB
SReclaimable:     117300 kB
SUnreclaim:       153280 kB
KernelStack:       50464 kB
PageTables:        70368 kB
NFS_Unstable:          0 kB
Bounce:                0 kB
WritebackTmp:          0 kB
CommitLimit:     9202292 kB
Committed_AS:   76229600 kB
VmallocTotal:   263061440 kB
VmallocUsed:      107672 kB
VmallocChunk:          0 kB
Percpu:             7648 kB
CmaTotal:         294912 kB
CmaFree:               0 kB
MemTotal:       12113136 kB
MemFree:         4309696 kB
MemAvailable:    7575824 kB
Buffers:            6344 kB
Cached:          2515232 kB
SwapCached:            0 kB
Active:          1845464 kB
Inactive:        2143032 kB
Active(anon):    1476160 kB
Inactive(anon):    33500 kB
Active(file):     369304 kB
Inactive(file):  2109532 kB
Unevictable:        5564 kB
Mlocked:            5564 kB
SwapTotal:       3145724 kB
SwapFree:        3145724 kB
Dirty:               324 kB
Writeback:             0 kB
AnonPages:       1472520 kB
Mapped:           974296 kB
Shmem:             38264 kB
KReclaimable:    1655996 kB
Slab:             270792 kB
SReclaimable:     117300 kB
SUnreclaim:       153492 kB
KernelStack:       50448 kB
PageTables:        70140 kB
NFS_Unstable:          0 kB
Bounce:                0 kB
WritebackTmp:          0 kB
CommitLimit:     9202292 kB
Committed_AS:   76220144 kB
VmallocTotal:   263061440 kB
VmallocUsed:      107688 kB
VmallocChunk:          0 kB
Percpu:             7648 kB
CmaTotal:         294912 kB
CmaFree:              32 kB
MemTotal:       12113136 kB
MemFree:         4310184 kB
MemAvailable:    7576324 kB
Buffers:            6344 kB
Cached:          2515244 kB
SwapCached:            0 kB
Active:          1846148 kB
Inactive:        2143044 kB
Active(anon):    1476844 kB
Inactive(anon):    33500 kB
Active(file):     369304 kB
Inactive(file):  2109544 kB
Unevictable:        5564 kB
Mlocked:            5564 kB
SwapTotal:       3145724 kB
SwapFree:        3145724 kB
Dirty:               260 kB
Writeback:             0 kB
AnonPages:       1473088 kB
Mapped:           974036 kB
Shmem:             38264 kB
KReclaimable:    1655996 kB
Slab:             270784 kB
SReclaimable:     117300 kB
SUnreclaim:       153484 kB
KernelStack:       50432 kB
PageTables:        70200 kB
NFS_Unstable:          0 kB
Bounce:                0 kB
WritebackTmp:          0 kB
CommitLimit:     9202292 kB
Committed_AS:   76220448 kB
VmallocTotal:   263061440 kB
VmallocUsed:      107640 kB
VmallocChunk:          0 kB
Percpu:             7648 kB
CmaTotal:         294912 kB
CmaFree:               0 kB
MemTotal:       12113136 kB
MemFree:         4309644 kB
MemAvailable:    7575800 kB
Buffers:            6344 kB
Cached:          2515260 kB
SwapCached:            0 kB
Active:          1845276 kB
Inactive:        2143060 kB
Active(anon):    1475972 kB
Inactive(anon):    33500 kB
Active(file):     369304 kB
Inactive(file):  2109560 kB
Unevictable:        5564 kB
Mlocked:            5564 kB
SwapTotal:       3145724 kB
SwapFree:        3145724 kB
Dirty:               280 kB
Writeback:             0 kB
AnonPages:       1472268 kB
Mapped:           974108 kB
Shmem:             38264 kB
KReclaimable:    1655996 kB
Slab:             270792 kB
SReclaimable:     117300 kB
SUnreclaim:       153492 kB
KernelStack:       50416 kB
PageTables:        70332 kB
NFS_Unstable:          0 kB
Bounce:                0 kB
WritebackTmp:          0 kB
CommitLimit:     9202292 kB
Committed_AS:   76230592 kB
VmallocTotal:   263061440 kB
VmallocUsed:      107688 kB
VmallocChunk:          0 kB
Percpu:             7648 kB
CmaTotal:         294912 kB
CmaFree:               0 kB
MemTotal:       12113136 kB
MemFree:         4309220 kB
MemAvailable:    7575388 kB
Buffers:            6344 kB
Cached:          2515272 kB
SwapCached:            0 kB
Active:          1846088 kB
Inactive:        2143068 kB
Active(anon):    1476780 kB
Inactive(anon):    33500 kB
Active(file):     369308 kB
Inactive(file):  2109568 kB
Unevictable:        5564 kB
Mlocked:            5564 kB
SwapTotal:       3145724 kB
SwapFree:        3145724 kB
Dirty:               332 kB
Writeback:             0 kB
AnonPages:       1472840 kB
Mapped:           974028 kB
Shmem:             38264 kB
KReclaimable:    1655996 kB
Slab:             270792 kB
SReclaimable:     117300 kB
SUnreclaim:       153492 kB
KernelStack:       50432 kB
PageTables:        70084 kB
NFS_Unstable:          0 kB
Bounce:                0 kB
WritebackTmp:          0 kB
CommitLimit:     9202292 kB
Committed_AS:   76225740 kB
VmallocTotal:   263061440 kB
VmallocUsed:      107624 kB
VmallocChunk:          0 kB
Percpu:             7648 kB
CmaTotal:         294912 kB
CmaFree:              12 kB
MemTotal:       12113136 kB
MemFree:         4309024 kB
MemAvailable:    7575216 kB
Buffers:            6344 kB
Cached:          2515296 kB
SwapCached:            0 kB
Active:          1846532 kB
Inactive:        2143096 kB
Active(anon):    1477228 kB
Inactive(anon):    33500 kB
Active(file):     369304 kB
Inactive(file):  2109596 kB
Unevictable:        5564 kB
Mlocked:            5564 kB
SwapTotal:       3145724 kB
SwapFree:        3145724 kB
Dirty:               388 kB
Writeback:             0 kB
AnonPages:       1473388 kB
Mapped:           974072 kB
Shmem:             38264 kB
KReclaimable:    1655996 kB
Slab:             270780 kB
SReclaimable:     117300 kB
SUnreclaim:       153480 kB
KernelStack:       50416 kB
PageTables:        70452 kB
NFS_Unstable:          0 kB
Bounce:                0 kB
WritebackTmp:          0 kB
CommitLimit:     9202292 kB
Committed_AS:   76231444 kB
VmallocTotal:   263061440 kB
VmallocUsed:      107704 kB
VmallocChunk:          0 kB
Percpu:             7648 kB
CmaTotal:         294912 kB
CmaFree:               0 kB
MemTotal:       12113136 kB
MemFree:         4308768 kB
MemAvailable:    7574760 kB
Buffers:            6344 kB
Cached:          2515300 kB
SwapCached:            0 kB
Active:          1847052 kB
Inactive:        2143100 kB
Active(anon):    1477748 kB
Inactive(anon):    33500 kB
Active(file):     369304 kB
Inactive(file):  2109600 kB
Unevictable:        5564 kB
Mlocked:            5564 kB
SwapTotal:       3145724 kB
SwapFree:        3145724 kB
Dirty:               392 kB
Writeback:             0 kB
AnonPages:       1473820 kB
Mapped:           974096 kB
Shmem:             38264 kB
KReclaimable:    1655792 kB
Slab:             270772 kB
SReclaimable:     117300 kB
SUnreclaim:       153472 kB
KernelStack:       50448 kB
PageTables:        70252 kB
NFS_Unstable:          0 kB
Bounce:                0 kB
WritebackTmp:          0 kB
CommitLimit:     9202292 kB
Committed_AS:   76235584 kB
VmallocTotal:   263061440 kB
VmallocUsed:      107704 kB
