MemTotal:       12113136 kB
MemFree:         6253788 kB
MemAvailable:    7871072 kB
Buffers:            5520 kB
Cached:          1841548 kB
SwapCached:            0 kB
Active:          1549528 kB
Inactive:        1608688 kB
Active(anon):    1317496 kB
Inactive(anon):    24716 kB
Active(file):     232032 kB
Inactive(file):  1583972 kB
Unevictable:        5508 kB
Mlocked:            5508 kB
SwapTotal:       3145724 kB
SwapFree:        3145724 kB
Dirty:               260 kB
Writeback:             0 kB
AnonPages:       1316764 kB
Mapped:           879880 kB
Shmem:             26608 kB
KReclaimable:     669984 kB
Slab:             229112 kB
SReclaimable:      77800 kB
SUnreclaim:       151312 kB
KernelStack:       48692 kB
PageTables:        68532 kB
NFS_Unstable:          0 kB
Bounce:                0 kB
WritebackTmp:          0 kB
CommitLimit:     9202292 kB
Committed_AS:   76616212 kB
VmallocTotal:   263061440 kB
VmallocUsed:      105712 kB
VmallocChunk:          0 kB
Percpu:             7616 kB
CmaTotal:         294912 kB
CmaFree:               0 kB
MemTotal:       12113136 kB
MemFree:         6251336 kB
MemAvailable:    7868696 kB
Buffers:            5520 kB
Cached:          1841620 kB
SwapCached:            0 kB
Active:          1551624 kB
Inactive:        1608728 kB
Active(anon):    1319556 kB
Inactive(anon):    24716 kB
Active(file):     232068 kB
Inactive(file):  1584012 kB
Unevictable:        5508 kB
Mlocked:            5508 kB
SwapTotal:       3145724 kB
SwapFree:        3145724 kB
Dirty:               360 kB
Writeback:             0 kB
AnonPages:       1318832 kB
Mapped:           879880 kB
Shmem:             26608 kB
KReclaimable:     669984 kB
Slab:             229116 kB
SReclaimable:      77800 kB
SUnreclaim:       151316 kB
KernelStack:       48672 kB
PageTables:        68636 kB
NFS_Unstable:          0 kB
Bounce:                0 kB
WritebackTmp:          0 kB
CommitLimit:     9202292 kB
Committed_AS:   76620656 kB
VmallocTotal:   263061440 kB
VmallocUsed:      105728 kB
VmallocChunk:          0 kB
Percpu:             7616 kB
CmaTotal:         294912 kB
CmaFree:               0 kB
MemTotal:       12113136 kB
MemFree:         6250124 kB
MemAvailable:    7867480 kB
Buffers:            5520 kB
Cached:          1841616 kB
SwapCached:            0 kB
Active:          1552008 kB
Inactive:        1608728 kB
Active(anon):    1319944 kB
Inactive(anon):    24716 kB
Active(file):     232064 kB
Inactive(file):  1584012 kB
Unevictable:        5508 kB
Mlocked:            5508 kB
SwapTotal:       3145724 kB
SwapFree:        3145724 kB
Dirty:               356 kB
Writeback:             0 kB
AnonPages:       1319020 kB
Mapped:           879880 kB
Shmem:             26608 kB
KReclaimable:     669984 kB
Slab:             229112 kB
SReclaimable:      77800 kB
SUnreclaim:       151312 kB
KernelStack:       48736 kB
PageTables:        68632 kB
NFS_Unstable:          0 kB
Bounce:                0 kB
WritebackTmp:          0 kB
CommitLimit:     9202292 kB
Committed_AS:   76620360 kB
VmallocTotal:   263061440 kB
VmallocUsed:      105744 kB
VmallocChunk:          0 kB
Percpu:             7616 kB
CmaTotal:         294912 kB
CmaFree:               0 kB
MemTotal:       12113136 kB
MemFree:         6249472 kB
MemAvailable:    7866848 kB
Buffers:            5520 kB
Cached:          1841636 kB
SwapCached:            0 kB
Active:          1552384 kB
Inactive:        1608744 kB
Active(anon):    1320316 kB
Inactive(anon):    24716 kB
Active(file):     232068 kB
Inactive(file):  1584028 kB
Unevictable:        5508 kB
Mlocked:            5508 kB
SwapTotal:       3145724 kB
SwapFree:        3145724 kB
Dirty:               376 kB
Writeback:             0 kB
AnonPages:       1319580 kB
Mapped:           879880 kB
Shmem:             26608 kB
KReclaimable:     669984 kB
Slab:             229112 kB
SReclaimable:      77800 kB
SUnreclaim:       151312 kB
KernelStack:       48672 kB
PageTables:        68640 kB
NFS_Unstable:          0 kB
Bounce:                0 kB
WritebackTmp:          0 kB
CommitLimit:     9202292 kB
Committed_AS:   76620092 kB
VmallocTotal:   263061440 kB
VmallocUsed:      105744 kB
VmallocChunk:          0 kB
Percpu:             7616 kB
CmaTotal:         294912 kB
CmaFree:               0 kB
MemTotal:       12113136 kB
MemFree:         6248572 kB
MemAvailable:    7865964 kB
Buffers:            5520 kB
Cached:          1841652 kB
SwapCached:            0 kB
Active:          1552664 kB
Inactive:        1608760 kB
Active(anon):    1320596 kB
Inactive(anon):    24716 kB
Active(file):     232068 kB
Inactive(file):  1584044 kB
Unevictable:        5508 kB
Mlocked:            5508 kB
SwapTotal:       3145724 kB
SwapFree:        3145724 kB
Dirty:               404 kB
Writeback:             0 kB
AnonPages:       1319848 kB
Mapped:           879880 kB
Shmem:             26608 kB
KReclaimable:     669984 kB
Slab:             229104 kB
SReclaimable:      77800 kB
SUnreclaim:       151304 kB
KernelStack:       48672 kB
PageTables:        68632 kB
NFS_Unstable:          0 kB
Bounce:                0 kB
WritebackTmp:          0 kB
CommitLimit:     9202292 kB
Committed_AS:   76620052 kB
VmallocTotal:   263061440 kB
VmallocUsed:      105792 kB
VmallocChunk:          0 kB
Percpu:             7616 kB
CmaTotal:         294912 kB
CmaFree:               0 kB
MemTotal:       12113136 kB
MemFree:         6248456 kB
MemAvailable:    7865860 kB
Buffers:            5520 kB
Cached:          1841664 kB
SwapCached:            0 kB
Active:          1553428 kB
Inactive:        1608772 kB
Active(anon):    1321360 kB
Inactive(anon):    24716 kB
Active(file):     232068 kB
Inactive(file):  1584056 kB
Unevictable:        5508 kB
Mlocked:            5508 kB
SwapTotal:       3145724 kB
SwapFree:        3145724 kB
Dirty:               416 kB
Writeback:             0 kB
AnonPages:       1320612 kB
Mapped:           879880 kB
Shmem:             26608 kB
KReclaimable:     669984 kB
Slab:             229124 kB
SReclaimable:      77800 kB
SUnreclaim:       151324 kB
KernelStack:       48672 kB
PageTables:        68648 kB
NFS_Unstable:          0 kB
Bounce:                0 kB
WritebackTmp:          0 kB
CommitLimit:     9202292 kB
Committed_AS:   76621352 kB
VmallocTotal:   263061440 kB
VmallocUsed:      105760 kB
VmallocChunk:          0 kB
Percpu:             7616 kB
CmaTotal:         294912 kB
CmaFree:               0 kB
MemTotal:       12113136 kB
MemFree:         6261772 kB
MemAvailable:    7879180 kB
Buffers:            5520 kB
Cached:          1841668 kB
SwapCached:            0 kB
Active:          1538908 kB
Inactive:        1608776 kB
Active(anon):    1306840 kB
Inactive(anon):    24716 kB
Active(file):     232068 kB
Inactive(file):  1584060 kB
Unevictable:        5508 kB
Mlocked:            5508 kB
SwapTotal:       3145724 kB
SwapFree:        3145724 kB
Dirty:               420 kB
Writeback:             0 kB
AnonPages:       1305880 kB
Mapped:           879880 kB
Shmem:             26608 kB
KReclaimable:     669984 kB
Slab:             229116 kB
SReclaimable:      77800 kB
SUnreclaim:       151316 kB
KernelStack:       48704 kB
PageTables:        68644 kB
NFS_Unstable:          0 kB
Bounce:                0 kB
WritebackTmp:          0 kB
CommitLimit:     9202292 kB
Committed_AS:   76626308 kB
VmallocTotal:   263061440 kB
VmallocUsed:      105760 kB
VmallocChunk:          0 kB
Percpu:             7616 kB
CmaTotal:         294912 kB
CmaFree:             480 kB
MemTotal:       12113136 kB
MemFree:         6261180 kB
MemAvailable:    7878600 kB
Buffers:            5520 kB
Cached:          1841680 kB
SwapCached:            0 kB
Active:          1540220 kB
Inactive:        1608788 kB
Active(anon):    1308152 kB
Inactive(anon):    24716 kB
Active(file):     232068 kB
Inactive(file):  1584072 kB
Unevictable:        5508 kB
Mlocked:            5508 kB
SwapTotal:       3145724 kB
SwapFree:        3145724 kB
Dirty:               460 kB
Writeback:             0 kB
AnonPages:       1307432 kB
Mapped:           879952 kB
Shmem:             26608 kB
KReclaimable:     669984 kB
Slab:             229136 kB
SReclaimable:      77800 kB
SUnreclaim:       151336 kB
KernelStack:       48672 kB
PageTables:        68644 kB
NFS_Unstable:          0 kB
Bounce:                0 kB
WritebackTmp:          0 kB
CommitLimit:     9202292 kB
Committed_AS:   76626284 kB
VmallocTotal:   263061440 kB
VmallocUsed:      105776 kB
VmallocChunk:          0 kB
Percpu:             7616 kB
CmaTotal:         294912 kB
CmaFree:               0 kB
MemTotal:       12113136 kB
MemFree:         6259316 kB
MemAvailable:    7877060 kB
Buffers:            5520 kB
Cached:          1841716 kB
SwapCached:            0 kB
Active:          1540424 kB
Inactive:        1608824 kB
Active(anon):    1308356 kB
Inactive(anon):    24716 kB
Active(file):     232068 kB
Inactive(file):  1584108 kB
Unevictable:        5508 kB
Mlocked:            5508 kB
SwapTotal:       3145724 kB
SwapFree:        3145724 kB
Dirty:               524 kB
Writeback:             4 kB
AnonPages:       1307580 kB
Mapped:           879952 kB
Shmem:             26608 kB
KReclaimable:     669984 kB
Slab:             229136 kB
SReclaimable:      77800 kB
SUnreclaim:       151336 kB
KernelStack:       48672 kB
PageTables:        68624 kB
NFS_Unstable:          0 kB
Bounce:                0 kB
WritebackTmp:          0 kB
CommitLimit:     9202292 kB
Committed_AS:   76615044 kB
VmallocTotal:   263061440 kB
VmallocUsed:      105728 kB
VmallocChunk:          0 kB
Percpu:             7616 kB
CmaTotal:         294912 kB
CmaFree:             100 kB
MemTotal:       12113136 kB
MemFree:         6258980 kB
MemAvailable:    7876444 kB
Buffers:            5520 kB
Cached:          1841724 kB
SwapCached:            0 kB
Active:          1542232 kB
Inactive:        1608832 kB
Active(anon):    1310164 kB
Inactive(anon):    24716 kB
Active(file):     232068 kB
Inactive(file):  1584116 kB
Unevictable:        5508 kB
Mlocked:            5508 kB
SwapTotal:       3145724 kB
SwapFree:        3145724 kB
Dirty:               540 kB
Writeback:             0 kB
AnonPages:       1309368 kB
Mapped:           879952 kB
Shmem:             26608 kB
KReclaimable:     669984 kB
Slab:             229112 kB
SReclaimable:      77800 kB
SUnreclaim:       151312 kB
KernelStack:       48672 kB
PageTables:        68632 kB
NFS_Unstable:          0 kB
Bounce:                0 kB
WritebackTmp:          0 kB
CommitLimit:     9202292 kB
Committed_AS:   76614960 kB
VmallocTotal:   263061440 kB
VmallocUsed:      105744 kB
VmallocChunk:          0 kB
Percpu:             7616 kB
CmaTotal:         294912 kB
CmaFree:               0 kB
MemTotal:       12113136 kB
MemFree:         6257512 kB
MemAvailable:    7874992 kB
Buffers:            5520 kB
Cached:          1841748 kB
SwapCached:            0 kB
Active:          1543792 kB
Inactive:        1608844 kB
Active(anon):    1311720 kB
Inactive(anon):    24716 kB
Active(file):     232072 kB
Inactive(file):  1584128 kB
Unevictable:        5508 kB
Mlocked:            5508 kB
SwapTotal:       3145724 kB
SwapFree:        3145724 kB
Dirty:               580 kB
Writeback:             0 kB
AnonPages:       1311308 kB
Mapped:           879952 kB
Shmem:             26608 kB
KReclaimable:     669984 kB
Slab:             229156 kB
SReclaimable:      77800 kB
SUnreclaim:       151356 kB
KernelStack:       48640 kB
PageTables:        68636 kB
NFS_Unstable:          0 kB
Bounce:                0 kB
WritebackTmp:          0 kB
CommitLimit:     9202292 kB
Committed_AS:   76620200 kB
VmallocTotal:   263061440 kB
VmallocUsed:      105744 kB
VmallocChunk:          0 kB
Percpu:             7616 kB
CmaTotal:         294912 kB
CmaFree:               0 kB
MemTotal:       12113136 kB
MemFree:         6258360 kB
MemAvailable:    7875844 kB
Buffers:            5520 kB
Cached:          1841988 kB
SwapCached:            0 kB
Active:          1543108 kB
Inactive:        1608876 kB
Active(anon):    1311040 kB
Inactive(anon):    24740 kB
Active(file):     232068 kB
Inactive(file):  1584136 kB
Unevictable:        5508 kB
Mlocked:            5508 kB
SwapTotal:       3145724 kB
SwapFree:        3145724 kB
Dirty:               620 kB
Writeback:             0 kB
AnonPages:       1310064 kB
Mapped:           879980 kB
Shmem:             26852 kB
KReclaimable:     669984 kB
Slab:             229124 kB
SReclaimable:      77800 kB
SUnreclaim:       151324 kB
KernelStack:       48608 kB
PageTables:        68664 kB
NFS_Unstable:          0 kB
Bounce:                0 kB
WritebackTmp:          0 kB
CommitLimit:     9202292 kB
Committed_AS:   76625688 kB
VmallocTotal:   263061440 kB
VmallocUsed:      105696 kB
VmallocChunk:          0 kB
Percpu:             7616 kB
CmaTotal:         294912 kB
CmaFree:              96 kB
MemTotal:       12113136 kB
MemFree:         6292940 kB
MemAvailable:    7910440 kB
Buffers:            5520 kB
Cached:          1841760 kB
SwapCached:            0 kB
Active:          1508180 kB
Inactive:        1608868 kB
Active(anon):    1276112 kB
Inactive(anon):    24716 kB
Active(file):     232068 kB
Inactive(file):  1584152 kB
Unevictable:        5508 kB
Mlocked:            5508 kB
SwapTotal:       3145724 kB
SwapFree:        3145724 kB
Dirty:               636 kB
Writeback:             0 kB
AnonPages:       1275360 kB
Mapped:           879952 kB
Shmem:             26608 kB
KReclaimable:     669984 kB
Slab:             229136 kB
SReclaimable:      77800 kB
SUnreclaim:       151336 kB
KernelStack:       48624 kB
PageTables:        68632 kB
NFS_Unstable:          0 kB
Bounce:                0 kB
WritebackTmp:          0 kB
CommitLimit:     9202292 kB
Committed_AS:   76626068 kB
VmallocTotal:   263061440 kB
VmallocUsed:      105680 kB
VmallocChunk:          0 kB
Percpu:             7616 kB
CmaTotal:         294912 kB
CmaFree:             276 kB
MemTotal:       12113136 kB
MemFree:         6292968 kB
MemAvailable:    7910480 kB
Buffers:            5520 kB
Cached:          1841772 kB
SwapCached:            0 kB
Active:          1506972 kB
Inactive:        1608880 kB
Active(anon):    1274904 kB
Inactive(anon):    24716 kB
Active(file):     232068 kB
Inactive(file):  1584164 kB
Unevictable:        5508 kB
Mlocked:            5508 kB
SwapTotal:       3145724 kB
SwapFree:        3145724 kB
Dirty:               660 kB
Writeback:             0 kB
AnonPages:       1274068 kB
Mapped:           879952 kB
Shmem:             26608 kB
KReclaimable:     669984 kB
Slab:             229128 kB
SReclaimable:      77800 kB
SUnreclaim:       151328 kB
KernelStack:       48624 kB
PageTables:        68636 kB
NFS_Unstable:          0 kB
Bounce:                0 kB
WritebackTmp:          0 kB
CommitLimit:     9202292 kB
Committed_AS:   76626084 kB
VmallocTotal:   263061440 kB
VmallocUsed:      105680 kB
VmallocChunk:          0 kB
Percpu:             7616 kB
CmaTotal:         294912 kB
CmaFree:               0 kB
MemTotal:       12113136 kB
MemFree:         6277548 kB
MemAvailable:    7895096 kB
Buffers:            5524 kB
Cached:          1841804 kB
SwapCached:            0 kB
Active:          1525584 kB
Inactive:        1608912 kB
Active(anon):    1293512 kB
Inactive(anon):    24716 kB
Active(file):     232072 kB
Inactive(file):  1584196 kB
Unevictable:        5508 kB
Mlocked:            5508 kB
SwapTotal:       3145724 kB
SwapFree:        3145724 kB
Dirty:               644 kB
Writeback:             0 kB
AnonPages:       1292548 kB
Mapped:           879952 kB
Shmem:             26608 kB
KReclaimable:     669984 kB
Slab:             229124 kB
SReclaimable:      77800 kB
SUnreclaim:       151324 kB
KernelStack:       48624 kB
PageTables:        68632 kB
NFS_Unstable:          0 kB
Bounce:                0 kB
WritebackTmp:          0 kB
CommitLimit:     9202292 kB
Committed_AS:   76625820 kB
VmallocTotal:   263061440 kB
VmallocUsed:      105728 kB
VmallocChunk:          0 kB
Percpu:             7616 kB
CmaTotal:         294912 kB
CmaFree:             160 kB
MemTotal:       12113136 kB
MemFree:         6277268 kB
MemAvailable:    7894828 kB
Buffers:            5524 kB
Cached:          1841816 kB
SwapCached:            0 kB
Active:          1526816 kB
Inactive:        1608924 kB
Active(anon):    1294744 kB
Inactive(anon):    24716 kB
Active(file):     232072 kB
Inactive(file):  1584208 kB
Unevictable:        5508 kB
Mlocked:            5508 kB
SwapTotal:       3145724 kB
SwapFree:        3145724 kB
Dirty:               656 kB
Writeback:             0 kB
AnonPages:       1293912 kB
Mapped:           879952 kB
Shmem:             26608 kB
KReclaimable:     669984 kB
Slab:             229128 kB
SReclaimable:      77800 kB
SUnreclaim:       151328 kB
KernelStack:       48592 kB
PageTables:        68624 kB
NFS_Unstable:          0 kB
Bounce:                0 kB
WritebackTmp:          0 kB
CommitLimit:     9202292 kB
Committed_AS:   76625636 kB
VmallocTotal:   263061440 kB
VmallocUsed:      105712 kB
VmallocChunk:          0 kB
Percpu:             7616 kB
CmaTotal:         294912 kB
CmaFree:               0 kB
MemTotal:       12113136 kB
MemFree:         6303196 kB
MemAvailable:    7920772 kB
Buffers:            5524 kB
Cached:          1841832 kB
SwapCached:            0 kB
Active:          1499352 kB
Inactive:        1608940 kB
Active(anon):    1267280 kB
Inactive(anon):    24716 kB
Active(file):     232072 kB
Inactive(file):  1584224 kB
Unevictable:        5508 kB
Mlocked:            5508 kB
SwapTotal:       3145724 kB
SwapFree:        3145724 kB
Dirty:               684 kB
Writeback:             0 kB
AnonPages:       1266632 kB
Mapped:           879952 kB
Shmem:             26608 kB
KReclaimable:     669984 kB
Slab:             229112 kB
SReclaimable:      77800 kB
SUnreclaim:       151312 kB
KernelStack:       48592 kB
PageTables:        68620 kB
NFS_Unstable:          0 kB
Bounce:                0 kB
WritebackTmp:          0 kB
CommitLimit:     9202292 kB
Committed_AS:   76625804 kB
VmallocTotal:   263061440 kB
VmallocUsed:      105680 kB
VmallocChunk:          0 kB
Percpu:             7616 kB
CmaTotal:         294912 kB
CmaFree:             600 kB
MemTotal:       12113136 kB
MemFree:         6274536 kB
MemAvailable:    7892116 kB
Buffers:            5524 kB
Cached:          1841940 kB
SwapCached:            0 kB
Active:          1527112 kB
Inactive:        1609036 kB
Active(anon):    1295040 kB
Inactive(anon):    24808 kB
Active(file):     232072 kB
Inactive(file):  1584228 kB
Unevictable:        5508 kB
Mlocked:            5508 kB
SwapTotal:       3145724 kB
SwapFree:        3145724 kB
Dirty:               168 kB
Writeback:             0 kB
AnonPages:       1293608 kB
Mapped:           880044 kB
Shmem:             26712 kB
KReclaimable:     669984 kB
Slab:             229148 kB
SReclaimable:      77800 kB
SUnreclaim:       151348 kB
KernelStack:       48592 kB
PageTables:        68652 kB
NFS_Unstable:          0 kB
Bounce:                0 kB
WritebackTmp:          0 kB
CommitLimit:     9202292 kB
Committed_AS:   76620224 kB
VmallocTotal:   263061440 kB
VmallocUsed:      105680 kB
VmallocChunk:          0 kB
Percpu:             7616 kB
CmaTotal:         294912 kB
CmaFree:               0 kB
MemTotal:       12113136 kB
MemFree:         6274948 kB
MemAvailable:    7892540 kB
Buffers:            5524 kB
Cached:          1841848 kB
SwapCached:            0 kB
Active:          1527736 kB
Inactive:        1608956 kB
Active(anon):    1295664 kB
Inactive(anon):    24716 kB
Active(file):     232072 kB
Inactive(file):  1584240 kB
Unevictable:        5508 kB
Mlocked:            5508 kB
SwapTotal:       3145724 kB
SwapFree:        3145724 kB
Dirty:               240 kB
Writeback:             0 kB
AnonPages:       1294828 kB
Mapped:           879952 kB
Shmem:             26608 kB
KReclaimable:     669984 kB
Slab:             229120 kB
SReclaimable:      77800 kB
SUnreclaim:       151320 kB
KernelStack:       48592 kB
PageTables:        68624 kB
NFS_Unstable:          0 kB
Bounce:                0 kB
WritebackTmp:          0 kB
CommitLimit:     9202292 kB
Committed_AS:   76620692 kB
VmallocTotal:   263061440 kB
VmallocUsed:      105712 kB
VmallocChunk:          0 kB
Percpu:             7616 kB
CmaTotal:         294912 kB
CmaFree:               0 kB
MemTotal:       12113136 kB
MemFree:         6273496 kB
MemAvailable:    7891100 kB
Buffers:            5524 kB
Cached:          1841860 kB
SwapCached:            0 kB
Active:          1528292 kB
Inactive:        1608968 kB
Active(anon):    1296220 kB
Inactive(anon):    24716 kB
Active(file):     232072 kB
Inactive(file):  1584252 kB
Unevictable:        5508 kB
Mlocked:            5508 kB
SwapTotal:       3145724 kB
SwapFree:        3145724 kB
Dirty:               296 kB
Writeback:             0 kB
AnonPages:       1295452 kB
Mapped:           879952 kB
Shmem:             26608 kB
KReclaimable:     669984 kB
Slab:             229124 kB
SReclaimable:      77800 kB
SUnreclaim:       151324 kB
KernelStack:       48592 kB
PageTables:        68628 kB
NFS_Unstable:          0 kB
Bounce:                0 kB
WritebackTmp:          0 kB
CommitLimit:     9202292 kB
Committed_AS:   76619780 kB
VmallocTotal:   263061440 kB
VmallocUsed:      105680 kB
VmallocChunk:          0 kB
Percpu:             7616 kB
CmaTotal:         294912 kB
CmaFree:               0 kB
MemTotal:       12113136 kB
MemFree:         6274352 kB
MemAvailable:    7891972 kB
Buffers:            5524 kB
Cached:          1841728 kB
SwapCached:            0 kB
Active:          1528692 kB
Inactive:        1608840 kB
Active(anon):    1296620 kB
Inactive(anon):    24572 kB
Active(file):     232072 kB
Inactive(file):  1584268 kB
Unevictable:        5508 kB
Mlocked:            5508 kB
SwapTotal:       3145724 kB
SwapFree:        3145724 kB
Dirty:               316 kB
Writeback:             0 kB
AnonPages:       1295856 kB
Mapped:           879804 kB
Shmem:             26460 kB
KReclaimable:     669984 kB
Slab:             229116 kB
SReclaimable:      77800 kB
SUnreclaim:       151316 kB
KernelStack:       48576 kB
PageTables:        68560 kB
NFS_Unstable:          0 kB
Bounce:                0 kB
WritebackTmp:          0 kB
CommitLimit:     9202292 kB
Committed_AS:   76620900 kB
VmallocTotal:   263061440 kB
VmallocUsed:      105680 kB
VmallocChunk:          0 kB
Percpu:             7616 kB
CmaTotal:         294912 kB
CmaFree:              84 kB
MemTotal:       12113136 kB
MemFree:         6273204 kB
MemAvailable:    7890828 kB
Buffers:            5524 kB
Cached:          1841880 kB
SwapCached:            0 kB
Active:          1529456 kB
Inactive:        1608988 kB
Active(anon):    1297384 kB
Inactive(anon):    24716 kB
Active(file):     232072 kB
Inactive(file):  1584272 kB
Unevictable:        5508 kB
Mlocked:            5508 kB
SwapTotal:       3145724 kB
SwapFree:        3145724 kB
Dirty:               320 kB
Writeback:             0 kB
AnonPages:       1296588 kB
Mapped:           879952 kB
Shmem:             26608 kB
KReclaimable:     669984 kB
Slab:             229112 kB
SReclaimable:      77800 kB
SUnreclaim:       151312 kB
KernelStack:       48608 kB
PageTables:        68756 kB
NFS_Unstable:          0 kB
Bounce:                0 kB
WritebackTmp:          0 kB
CommitLimit:     9202292 kB
Committed_AS:   76616720 kB
VmallocTotal:   263061440 kB
VmallocUsed:      105664 kB
VmallocChunk:          0 kB
Percpu:             7616 kB
CmaTotal:         294912 kB
CmaFree:               0 kB
MemTotal:       12113136 kB
MemFree:         6272652 kB
MemAvailable:    7890288 kB
Buffers:            5524 kB
Cached:          1841892 kB
SwapCached:            0 kB
Active:          1530392 kB
Inactive:        1609000 kB
Active(anon):    1298320 kB
Inactive(anon):    24716 kB
Active(file):     232072 kB
Inactive(file):  1584284 kB
Unevictable:        5508 kB
Mlocked:            5508 kB
SwapTotal:       3145724 kB
SwapFree:        3145724 kB
Dirty:               344 kB
Writeback:             0 kB
AnonPages:       1297648 kB
Mapped:           879952 kB
Shmem:             26608 kB
KReclaimable:     669984 kB
Slab:             229112 kB
SReclaimable:      77800 kB
SUnreclaim:       151312 kB
KernelStack:       48592 kB
PageTables:        68628 kB
NFS_Unstable:          0 kB
Bounce:                0 kB
WritebackTmp:          0 kB
CommitLimit:     9202292 kB
Committed_AS:   76626472 kB
VmallocTotal:   263061440 kB
VmallocUsed:      105680 kB
VmallocChunk:          0 kB
Percpu:             7616 kB
CmaTotal:         294912 kB
CmaFree:               0 kB
MemTotal:       12113136 kB
MemFree:         6273572 kB
MemAvailable:    7891224 kB
Buffers:            5524 kB
Cached:          1841604 kB
SwapCached:            0 kB
Active:          1531288 kB
Inactive:        1608712 kB
Active(anon):    1299216 kB
Inactive(anon):    24412 kB
Active(file):     232072 kB
Inactive(file):  1584300 kB
Unevictable:        5508 kB
Mlocked:            5508 kB
SwapTotal:       3145724 kB
SwapFree:        3145724 kB
Dirty:               368 kB
Writeback:             0 kB
AnonPages:       1298784 kB
Mapped:           879648 kB
Shmem:             26304 kB
KReclaimable:     669984 kB
Slab:             229144 kB
SReclaimable:      77800 kB
SUnreclaim:       151344 kB
KernelStack:       48592 kB
PageTables:        68608 kB
NFS_Unstable:          0 kB
Bounce:                0 kB
WritebackTmp:          0 kB
CommitLimit:     9202292 kB
Committed_AS:   76625944 kB
VmallocTotal:   263061440 kB
VmallocUsed:      105696 kB
VmallocChunk:          0 kB
Percpu:             7616 kB
CmaTotal:         294912 kB
CmaFree:              28 kB
MemTotal:       12113136 kB
MemFree:         6286408 kB
MemAvailable:    7904084 kB
Buffers:            5524 kB
Cached:          1841932 kB
SwapCached:            0 kB
Active:          1514588 kB
Inactive:        1609040 kB
Active(anon):    1282516 kB
Inactive(anon):    24716 kB
Active(file):     232072 kB
Inactive(file):  1584324 kB
Unevictable:        5508 kB
Mlocked:            5508 kB
SwapTotal:       3145724 kB
SwapFree:        3145724 kB
Dirty:               408 kB
Writeback:             0 kB
AnonPages:       1281672 kB
Mapped:           879952 kB
Shmem:             26608 kB
KReclaimable:     669984 kB
Slab:             229148 kB
SReclaimable:      77800 kB
SUnreclaim:       151348 kB
KernelStack:       48592 kB
PageTables:        68624 kB
NFS_Unstable:          0 kB
Bounce:                0 kB
WritebackTmp:          0 kB
CommitLimit:     9202292 kB
Committed_AS:   76625832 kB
VmallocTotal:   263061440 kB
VmallocUsed:      105696 kB
VmallocChunk:          0 kB
Percpu:             7616 kB
CmaTotal:         294912 kB
CmaFree:               0 kB
MemTotal:       12113136 kB
MemFree:         6290512 kB
MemAvailable:    7908204 kB
Buffers:            5524 kB
Cached:          1841948 kB
SwapCached:            0 kB
Active:          1510456 kB
Inactive:        1609056 kB
Active(anon):    1278384 kB
Inactive(anon):    24716 kB
Active(file):     232072 kB
Inactive(file):  1584340 kB
Unevictable:        5508 kB
Mlocked:            5508 kB
SwapTotal:       3145724 kB
SwapFree:        3145724 kB
Dirty:               436 kB
Writeback:             0 kB
AnonPages:       1277436 kB
Mapped:           879952 kB
Shmem:             26608 kB
KReclaimable:     669984 kB
Slab:             229140 kB
SReclaimable:      77800 kB
SUnreclaim:       151340 kB
KernelStack:       48592 kB
PageTables:        68632 kB
NFS_Unstable:          0 kB
Bounce:                0 kB
WritebackTmp:          0 kB
CommitLimit:     9202292 kB
Committed_AS:   76621404 kB
VmallocTotal:   263061440 kB
VmallocUsed:      105696 kB
VmallocChunk:          0 kB
Percpu:             7616 kB
CmaTotal:         294912 kB
CmaFree:               0 kB
MemTotal:       12113136 kB
MemFree:         6275156 kB
MemAvailable:    7892852 kB
Buffers:            5524 kB
Cached:          1841748 kB
SwapCached:            0 kB
Active:          1527968 kB
Inactive:        1608856 kB
Active(anon):    1295896 kB
Inactive(anon):    24512 kB
Active(file):     232072 kB
Inactive(file):  1584344 kB
Unevictable:        5508 kB
Mlocked:            5508 kB
SwapTotal:       3145724 kB
SwapFree:        3145724 kB
Dirty:               440 kB
Writeback:             0 kB
AnonPages:       1294996 kB
Mapped:           879748 kB
Shmem:             26404 kB
KReclaimable:     669984 kB
Slab:             229144 kB
SReclaimable:      77800 kB
SUnreclaim:       151344 kB
KernelStack:       48592 kB
PageTables:        68600 kB
NFS_Unstable:          0 kB
Bounce:                0 kB
WritebackTmp:          0 kB
CommitLimit:     9202292 kB
Committed_AS:   76621352 kB
VmallocTotal:   263061440 kB
VmallocUsed:      105680 kB
VmallocChunk:          0 kB
Percpu:             7616 kB
CmaTotal:         294912 kB
CmaFree:              36 kB
MemTotal:       12113136 kB
MemFree:         6273620 kB
MemAvailable:    7891332 kB
Buffers:            5524 kB
Cached:          1841968 kB
SwapCached:            0 kB
Active:          1528728 kB
Inactive:        1609076 kB
Active(anon):    1296656 kB
Inactive(anon):    24716 kB
Active(file):     232072 kB
Inactive(file):  1584360 kB
Unevictable:        5508 kB
Mlocked:            5508 kB
SwapTotal:       3145724 kB
SwapFree:        3145724 kB
Dirty:               196 kB
Writeback:             0 kB
AnonPages:       1295928 kB
Mapped:           879952 kB
Shmem:             26608 kB
KReclaimable:     669984 kB
Slab:             229112 kB
SReclaimable:      77800 kB
SUnreclaim:       151312 kB
KernelStack:       48592 kB
PageTables:        68620 kB
NFS_Unstable:          0 kB
Bounce:                0 kB
WritebackTmp:          0 kB
CommitLimit:     9202292 kB
Committed_AS:   76621268 kB
VmallocTotal:   263061440 kB
VmallocUsed:      105680 kB
VmallocChunk:          0 kB
Percpu:             7616 kB
CmaTotal:         294912 kB
CmaFree:               0 kB
MemTotal:       12113136 kB
MemFree:         6273140 kB
MemAvailable:    7890868 kB
Buffers:            5524 kB
Cached:          1841984 kB
SwapCached:            0 kB
Active:          1529276 kB
Inactive:        1609092 kB
Active(anon):    1297204 kB
Inactive(anon):    24716 kB
Active(file):     232072 kB
Inactive(file):  1584376 kB
Unevictable:        5508 kB
Mlocked:            5508 kB
SwapTotal:       3145724 kB
SwapFree:        3145724 kB
Dirty:               244 kB
Writeback:             0 kB
AnonPages:       1296696 kB
Mapped:           879952 kB
Shmem:             26608 kB
KReclaimable:     669984 kB
Slab:             229128 kB
SReclaimable:      77800 kB
SUnreclaim:       151328 kB
KernelStack:       48592 kB
PageTables:        68620 kB
NFS_Unstable:          0 kB
Bounce:                0 kB
WritebackTmp:          0 kB
CommitLimit:     9202292 kB
Committed_AS:   76624952 kB
VmallocTotal:   263061440 kB
VmallocUsed:      105680 kB
VmallocChunk:          0 kB
Percpu:             7616 kB
CmaTotal:         294912 kB
CmaFree:               0 kB
MemTotal:       12113136 kB
MemFree:         6273520 kB
MemAvailable:    7891256 kB
Buffers:            5528 kB
Cached:          1841988 kB
SwapCached:            0 kB
Active:          1530228 kB
Inactive:        1609100 kB
Active(anon):    1298156 kB
Inactive(anon):    24716 kB
Active(file):     232072 kB
Inactive(file):  1584384 kB
Unevictable:        5508 kB
Mlocked:            5508 kB
SwapTotal:       3145724 kB
SwapFree:        3145724 kB
Dirty:               284 kB
Writeback:             0 kB
AnonPages:       1297216 kB
Mapped:           879952 kB
Shmem:             26608 kB
KReclaimable:     669984 kB
Slab:             229140 kB
SReclaimable:      77800 kB
SUnreclaim:       151340 kB
KernelStack:       48624 kB
PageTables:        68632 kB
NFS_Unstable:          0 kB
Bounce:                0 kB
WritebackTmp:          0 kB
CommitLimit:     9202292 kB
Committed_AS:   76625900 kB
VmallocTotal:   263061440 kB
VmallocUsed:      105648 kB
VmallocChunk:          0 kB
Percpu:             7616 kB
CmaTotal:         294912 kB
CmaFree:               0 kB
MemTotal:       12113136 kB
MemFree:         6272436 kB
MemAvailable:    7890208 kB
Buffers:            5528 kB
Cached:          1842024 kB
SwapCached:            0 kB
Active:          1530620 kB
Inactive:        1609132 kB
Active(anon):    1298544 kB
Inactive(anon):    24716 kB
Active(file):     232076 kB
Inactive(file):  1584416 kB
Unevictable:        5508 kB
Mlocked:            5508 kB
SwapTotal:       3145724 kB
SwapFree:        3145724 kB
Dirty:               304 kB
Writeback:             0 kB
AnonPages:       1297888 kB
Mapped:           879952 kB
Shmem:             26608 kB
KReclaimable:     669984 kB
Slab:             229140 kB
SReclaimable:      77800 kB
SUnreclaim:       151340 kB
KernelStack:       48592 kB
PageTables:        68620 kB
NFS_Unstable:          0 kB
Bounce:                0 kB
WritebackTmp:          0 kB
CommitLimit:     9202292 kB
Committed_AS:   76625964 kB
VmallocTotal:   263061440 kB
VmallocUsed:      105632 kB
VmallocChunk:          0 kB
Percpu:             7616 kB
CmaTotal:         294912 kB
CmaFree:               0 kB
MemTotal:       12113136 kB
MemFree:         6271664 kB
MemAvailable:    7889448 kB
Buffers:            5528 kB
Cached:          1842036 kB
SwapCached:            0 kB
Active:          1530864 kB
Inactive:        1609144 kB
Active(anon):    1298788 kB
Inactive(anon):    24716 kB
Active(file):     232076 kB
Inactive(file):  1584428 kB
Unevictable:        5508 kB
Mlocked:            5508 kB
SwapTotal:       3145724 kB
SwapFree:        3145724 kB
Dirty:               340 kB
Writeback:             0 kB
AnonPages:       1298112 kB
Mapped:           879952 kB
Shmem:             26608 kB
KReclaimable:     669984 kB
Slab:             229136 kB
SReclaimable:      77800 kB
SUnreclaim:       151336 kB
KernelStack:       48576 kB
PageTables:        68580 kB
NFS_Unstable:          0 kB
Bounce:                0 kB
WritebackTmp:          0 kB
CommitLimit:     9202292 kB
Committed_AS:   76626516 kB
VmallocTotal:   263061440 kB
VmallocUsed:      105664 kB
VmallocChunk:          0 kB
Percpu:             7616 kB
CmaTotal:         294912 kB
CmaFree:               0 kB
MemTotal:       12113136 kB
MemFree:         6272684 kB
MemAvailable:    7890476 kB
Buffers:            5528 kB
Cached:          1842044 kB
SwapCached:            0 kB
Active:          1531008 kB
Inactive:        1609152 kB
Active(anon):    1298932 kB
Inactive(anon):    24716 kB
Active(file):     232076 kB
Inactive(file):  1584436 kB
Unevictable:        5508 kB
Mlocked:            5508 kB
SwapTotal:       3145724 kB
SwapFree:        3145724 kB
Dirty:               348 kB
Writeback:             0 kB
AnonPages:       1298264 kB
Mapped:           879952 kB
Shmem:             26608 kB
KReclaimable:     669984 kB
Slab:             229136 kB
SReclaimable:      77800 kB
SUnreclaim:       151336 kB
KernelStack:       48592 kB
PageTables:        68628 kB
NFS_Unstable:          0 kB
Bounce:                0 kB
WritebackTmp:          0 kB
CommitLimit:     9202292 kB
Committed_AS:   76626380 kB
VmallocTotal:   263061440 kB
VmallocUsed:      105664 kB
VmallocChunk:          0 kB
Percpu:             7616 kB
CmaTotal:         294912 kB
CmaFree:               0 kB
MemTotal:       12113136 kB
MemFree:         6270444 kB
MemAvailable:    7888252 kB
Buffers:            5528 kB
Cached:          1842060 kB
SwapCached:            0 kB
Active:          1531956 kB
Inactive:        1609168 kB
Active(anon):    1299880 kB
Inactive(anon):    24716 kB
Active(file):     232076 kB
Inactive(file):  1584452 kB
Unevictable:        5508 kB
Mlocked:            5508 kB
SwapTotal:       3145724 kB
SwapFree:        3145724 kB
Dirty:               364 kB
Writeback:             0 kB
AnonPages:       1299020 kB
Mapped:           879952 kB
Shmem:             26608 kB
KReclaimable:     669984 kB
Slab:             229136 kB
SReclaimable:      77800 kB
SUnreclaim:       151336 kB
KernelStack:       48608 kB
PageTables:        68656 kB
NFS_Unstable:          0 kB
Bounce:                0 kB
WritebackTmp:          0 kB
CommitLimit:     9202292 kB
Committed_AS:   76616284 kB
VmallocTotal:   263061440 kB
VmallocUsed:      105648 kB
VmallocChunk:          0 kB
Percpu:             7616 kB
CmaTotal:         294912 kB
CmaFree:               0 kB
MemTotal:       12113136 kB
MemFree:         6268912 kB
MemAvailable:    7886736 kB
Buffers:            5528 kB
Cached:          1842076 kB
SwapCached:            0 kB
Active:          1532520 kB
Inactive:        1609184 kB
Active(anon):    1300444 kB
Inactive(anon):    24716 kB
Active(file):     232076 kB
Inactive(file):  1584468 kB
Unevictable:        5508 kB
Mlocked:            5508 kB
SwapTotal:       3145724 kB
SwapFree:        3145724 kB
Dirty:               380 kB
Writeback:             0 kB
AnonPages:       1299780 kB
Mapped:           879952 kB
Shmem:             26608 kB
KReclaimable:     669984 kB
Slab:             229132 kB
SReclaimable:      77800 kB
SUnreclaim:       151332 kB
KernelStack:       48592 kB
PageTables:        68620 kB
NFS_Unstable:          0 kB
Bounce:                0 kB
WritebackTmp:          0 kB
CommitLimit:     9202292 kB
Committed_AS:   76615240 kB
VmallocTotal:   263061440 kB
VmallocUsed:      105680 kB
VmallocChunk:          0 kB
Percpu:             7616 kB
CmaTotal:         294912 kB
CmaFree:               0 kB
MemTotal:       12113136 kB
MemFree:         6270188 kB
MemAvailable:    7888024 kB
Buffers:            5528 kB
Cached:          1842064 kB
SwapCached:            0 kB
Active:          1533032 kB
Inactive:        1609168 kB
Active(anon):    1300956 kB
Inactive(anon):    24688 kB
Active(file):     232076 kB
Inactive(file):  1584480 kB
Unevictable:        5508 kB
Mlocked:            5508 kB
SwapTotal:       3145724 kB
SwapFree:        3145724 kB
Dirty:               404 kB
Writeback:             0 kB
AnonPages:       1300384 kB
Mapped:           879924 kB
Shmem:             26584 kB
KReclaimable:     669984 kB
Slab:             229132 kB
SReclaimable:      77800 kB
SUnreclaim:       151332 kB
KernelStack:       48592 kB
PageTables:        68632 kB
NFS_Unstable:          0 kB
Bounce:                0 kB
WritebackTmp:          0 kB
CommitLimit:     9202292 kB
Committed_AS:   76625452 kB
VmallocTotal:   263061440 kB
VmallocUsed:      105664 kB
VmallocChunk:          0 kB
Percpu:             7616 kB
CmaTotal:         294912 kB
CmaFree:              84 kB
MemTotal:       12113136 kB
MemFree:         6261104 kB
MemAvailable:    7878948 kB
Buffers:            5528 kB
Cached:          1842232 kB
SwapCached:            0 kB
Active:          1542956 kB
Inactive:        1609340 kB
Active(anon):    1310880 kB
Inactive(anon):    24852 kB
Active(file):     232076 kB
Inactive(file):  1584488 kB
Unevictable:        5508 kB
Mlocked:            5508 kB
SwapTotal:       3145724 kB
SwapFree:        3145724 kB
Dirty:               416 kB
Writeback:             0 kB
AnonPages:       1310260 kB
Mapped:           880088 kB
Shmem:             26744 kB
KReclaimable:     669984 kB
Slab:             229136 kB
SReclaimable:      77800 kB
SUnreclaim:       151336 kB
KernelStack:       48592 kB
PageTables:        68620 kB
NFS_Unstable:          0 kB
Bounce:                0 kB
WritebackTmp:          0 kB
CommitLimit:     9202292 kB
Committed_AS:   76625968 kB
VmallocTotal:   263061440 kB
VmallocUsed:      105712 kB
VmallocChunk:          0 kB
Percpu:             7616 kB
CmaTotal:         294912 kB
CmaFree:               0 kB
MemTotal:       12113136 kB
MemFree:         6258544 kB
MemAvailable:    7876396 kB
Buffers:            5528 kB
Cached:          1842104 kB
SwapCached:            0 kB
Active:          1543732 kB
Inactive:        1609212 kB
Active(anon):    1311656 kB
Inactive(anon):    24716 kB
Active(file):     232076 kB
Inactive(file):  1584496 kB
Unevictable:        5508 kB
Mlocked:            5508 kB
SwapTotal:       3145724 kB
SwapFree:        3145724 kB
Dirty:               436 kB
Writeback:             0 kB
AnonPages:       1311040 kB
Mapped:           879952 kB
Shmem:             26608 kB
KReclaimable:     669984 kB
Slab:             229152 kB
SReclaimable:      77800 kB
SUnreclaim:       151352 kB
KernelStack:       48592 kB
PageTables:        68624 kB
NFS_Unstable:          0 kB
Bounce:                0 kB
WritebackTmp:          0 kB
CommitLimit:     9202292 kB
Committed_AS:   76625924 kB
VmallocTotal:   263061440 kB
VmallocUsed:      105696 kB
VmallocChunk:          0 kB
Percpu:             7616 kB
CmaTotal:         294912 kB
CmaFree:               0 kB
MemTotal:       12113136 kB
MemFree:         6258936 kB
MemAvailable:    7876804 kB
Buffers:            5528 kB
Cached:          1842120 kB
SwapCached:            0 kB
Active:          1543480 kB
Inactive:        1609228 kB
Active(anon):    1311404 kB
Inactive(anon):    24716 kB
Active(file):     232076 kB
Inactive(file):  1584512 kB
Unevictable:        5508 kB
Mlocked:            5508 kB
SwapTotal:       3145724 kB
SwapFree:        3145724 kB
Dirty:               452 kB
Writeback:             0 kB
AnonPages:       1310672 kB
Mapped:           879952 kB
Shmem:             26608 kB
KReclaimable:     669984 kB
Slab:             229136 kB
SReclaimable:      77800 kB
SUnreclaim:       151336 kB
KernelStack:       48608 kB
PageTables:        68704 kB
NFS_Unstable:          0 kB
Bounce:                0 kB
WritebackTmp:          0 kB
CommitLimit:     9202292 kB
Committed_AS:   76620228 kB
VmallocTotal:   263061440 kB
VmallocUsed:      105664 kB
VmallocChunk:          0 kB
Percpu:             7616 kB
CmaTotal:         294912 kB
CmaFree:               0 kB
MemTotal:       12113136 kB
MemFree:         6259592 kB
MemAvailable:    7877488 kB
Buffers:            5528 kB
Cached:          1842112 kB
SwapCached:            0 kB
Active:          1543812 kB
Inactive:        1609480 kB
Active(anon):    1311736 kB
Inactive(anon):    24940 kB
Active(file):     232076 kB
Inactive(file):  1584540 kB
Unevictable:        5508 kB
Mlocked:            5508 kB
SwapTotal:       3145724 kB
SwapFree:        3145724 kB
Dirty:               488 kB
Writeback:             0 kB
AnonPages:       1311180 kB
Mapped:           880180 kB
Shmem:             26572 kB
KReclaimable:     669984 kB
Slab:             229140 kB
SReclaimable:      77800 kB
SUnreclaim:       151340 kB
KernelStack:       48592 kB
PageTables:        68620 kB
NFS_Unstable:          0 kB
Bounce:                0 kB
WritebackTmp:          0 kB
CommitLimit:     9202292 kB
Committed_AS:   76620096 kB
VmallocTotal:   263061440 kB
VmallocUsed:      105664 kB
VmallocChunk:          0 kB
Percpu:             7616 kB
CmaTotal:         294912 kB
CmaFree:               0 kB
MemTotal:       12113136 kB
MemFree:         6270640 kB
MemAvailable:    7888548 kB
Buffers:            5528 kB
Cached:          1842160 kB
SwapCached:            0 kB
Active:          1529996 kB
Inactive:        1609268 kB
Active(anon):    1297920 kB
Inactive(anon):    24716 kB
Active(file):     232076 kB
Inactive(file):  1584552 kB
Unevictable:        5508 kB
Mlocked:            5508 kB
SwapTotal:       3145724 kB
SwapFree:        3145724 kB
Dirty:               512 kB
Writeback:             0 kB
AnonPages:       1297164 kB
Mapped:           879952 kB
Shmem:             26608 kB
KReclaimable:     669984 kB
Slab:             229164 kB
SReclaimable:      77800 kB
SUnreclaim:       151364 kB
KernelStack:       48592 kB
PageTables:        68628 kB
NFS_Unstable:          0 kB
Bounce:                0 kB
WritebackTmp:          0 kB
CommitLimit:     9202292 kB
Committed_AS:   76621156 kB
VmallocTotal:   263061440 kB
VmallocUsed:      105680 kB
VmallocChunk:          0 kB
Percpu:             7616 kB
CmaTotal:         294912 kB
CmaFree:             736 kB
MemTotal:       12113136 kB
MemFree:         6271976 kB
MemAvailable:    7889912 kB
Buffers:            5528 kB
Cached:          1842084 kB
SwapCached:            0 kB
Active:          1530396 kB
Inactive:        1609452 kB
Active(anon):    1298316 kB
Inactive(anon):    24876 kB
Active(file):     232080 kB
Inactive(file):  1584576 kB
Unevictable:        5508 kB
Mlocked:            5508 kB
SwapTotal:       3145724 kB
SwapFree:        3145724 kB
Dirty:               544 kB
Writeback:             0 kB
AnonPages:       1297572 kB
Mapped:           880120 kB
Shmem:             26504 kB
KReclaimable:     669984 kB
Slab:             229192 kB
SReclaimable:      77800 kB
SUnreclaim:       151392 kB
KernelStack:       48592 kB
PageTables:        68604 kB
NFS_Unstable:          0 kB
Bounce:                0 kB
WritebackTmp:          0 kB
CommitLimit:     9202292 kB
Committed_AS:   76621164 kB
VmallocTotal:   263061440 kB
VmallocUsed:      105664 kB
VmallocChunk:          0 kB
Percpu:             7616 kB
CmaTotal:         294912 kB
CmaFree:             160 kB
MemTotal:       12113136 kB
MemFree:         6269892 kB
MemAvailable:    7887824 kB
Buffers:            5528 kB
Cached:          1842184 kB
SwapCached:            0 kB
Active:          1530972 kB
Inactive:        1609292 kB
Active(anon):    1298896 kB
Inactive(anon):    24716 kB
Active(file):     232076 kB
Inactive(file):  1584576 kB
Unevictable:        5508 kB
Mlocked:            5508 kB
SwapTotal:       3145724 kB
SwapFree:        3145724 kB
Dirty:               540 kB
Writeback:             0 kB
AnonPages:       1298276 kB
Mapped:           879952 kB
Shmem:             26608 kB
KReclaimable:     669984 kB
Slab:             229152 kB
SReclaimable:      77800 kB
SUnreclaim:       151352 kB
KernelStack:       48592 kB
PageTables:        68620 kB
NFS_Unstable:          0 kB
Bounce:                0 kB
WritebackTmp:          0 kB
CommitLimit:     9202292 kB
Committed_AS:   76625440 kB
VmallocTotal:   263061440 kB
VmallocUsed:      105680 kB
VmallocChunk:          0 kB
Percpu:             7616 kB
CmaTotal:         294912 kB
CmaFree:             124 kB
MemTotal:       12113136 kB
MemFree:         6268964 kB
MemAvailable:    7886908 kB
Buffers:            5528 kB
Cached:          1842196 kB
SwapCached:            0 kB
Active:          1531456 kB
Inactive:        1609304 kB
Active(anon):    1299380 kB
Inactive(anon):    24716 kB
Active(file):     232076 kB
Inactive(file):  1584588 kB
Unevictable:        5508 kB
Mlocked:            5508 kB
SwapTotal:       3145724 kB
SwapFree:        3145724 kB
Dirty:               552 kB
Writeback:             0 kB
AnonPages:       1298728 kB
Mapped:           879952 kB
Shmem:             26608 kB
KReclaimable:     669984 kB
Slab:             229148 kB
SReclaimable:      77800 kB
SUnreclaim:       151348 kB
KernelStack:       48592 kB
PageTables:        68620 kB
NFS_Unstable:          0 kB
Bounce:                0 kB
WritebackTmp:          0 kB
CommitLimit:     9202292 kB
Committed_AS:   76626304 kB
VmallocTotal:   263061440 kB
VmallocUsed:      105664 kB
VmallocChunk:          0 kB
Percpu:             7616 kB
CmaTotal:         294912 kB
CmaFree:               0 kB
MemTotal:       12113136 kB
MemFree:         6270408 kB
MemAvailable:    7888380 kB
Buffers:            5532 kB
Cached:          1842204 kB
SwapCached:            0 kB
Active:          1532744 kB
Inactive:        1609316 kB
Active(anon):    1300668 kB
Inactive(anon):    24716 kB
Active(file):     232076 kB
Inactive(file):  1584600 kB
Unevictable:        5508 kB
Mlocked:            5508 kB
SwapTotal:       3145724 kB
SwapFree:        3145724 kB
Dirty:               580 kB
Writeback:             0 kB
AnonPages:       1299976 kB
Mapped:           879952 kB
Shmem:             26608 kB
KReclaimable:     670000 kB
Slab:             229180 kB
SReclaimable:      77816 kB
SUnreclaim:       151364 kB
KernelStack:       48592 kB
PageTables:        68632 kB
NFS_Unstable:          0 kB
Bounce:                0 kB
WritebackTmp:          0 kB
CommitLimit:     9202292 kB
Committed_AS:   76625616 kB
VmallocTotal:   263061440 kB
VmallocUsed:      105664 kB
VmallocChunk:          0 kB
Percpu:             7616 kB
CmaTotal:         294912 kB
CmaFree:               0 kB
MemTotal:       12113136 kB
MemFree:         6261540 kB
MemAvailable:    7879556 kB
Buffers:            5532 kB
Cached:          1842116 kB
SwapCached:            0 kB
Active:          1541984 kB
Inactive:        1609228 kB
Active(anon):    1309904 kB
Inactive(anon):    24588 kB
Active(file):     232080 kB
Inactive(file):  1584640 kB
Unevictable:        5508 kB
Mlocked:            5508 kB
SwapTotal:       3145724 kB
SwapFree:        3145724 kB
Dirty:               580 kB
Writeback:             0 kB
AnonPages:       1308976 kB
Mapped:           879824 kB
Shmem:             26476 kB
KReclaimable:     670000 kB
Slab:             229152 kB
SReclaimable:      77816 kB
SUnreclaim:       151336 kB
KernelStack:       48576 kB
PageTables:        68492 kB
NFS_Unstable:          0 kB
Bounce:                0 kB
WritebackTmp:          0 kB
CommitLimit:     9202292 kB
Committed_AS:   76616820 kB
VmallocTotal:   263061440 kB
VmallocUsed:      105600 kB
VmallocChunk:          0 kB
Percpu:             7616 kB
CmaTotal:         294912 kB
CmaFree:              16 kB
MemTotal:       12113136 kB
MemFree:         6260444 kB
MemAvailable:    7878464 kB
Buffers:            5532 kB
Cached:          1842252 kB
SwapCached:            0 kB
Active:          1541476 kB
Inactive:        1609360 kB
Active(anon):    1309396 kB
Inactive(anon):    24716 kB
Active(file):     232080 kB
Inactive(file):  1584644 kB
Unevictable:        5508 kB
Mlocked:            5508 kB
SwapTotal:       3145724 kB
SwapFree:        3145724 kB
Dirty:               596 kB
Writeback:             0 kB
AnonPages:       1308676 kB
Mapped:           879952 kB
Shmem:             26608 kB
KReclaimable:     670000 kB
Slab:             229240 kB
SReclaimable:      77816 kB
SUnreclaim:       151424 kB
KernelStack:       48608 kB
PageTables:        68628 kB
NFS_Unstable:          0 kB
Bounce:                0 kB
WritebackTmp:          0 kB
CommitLimit:     9202292 kB
Committed_AS:   76626384 kB
VmallocTotal:   263061440 kB
VmallocUsed:      105648 kB
VmallocChunk:          0 kB
Percpu:             7616 kB
CmaTotal:         294912 kB
CmaFree:               0 kB
MemTotal:       12113136 kB
MemFree:         6260460 kB
MemAvailable:    7878500 kB
Buffers:            5532 kB
Cached:          1842056 kB
SwapCached:            0 kB
Active:          1541540 kB
Inactive:        1609168 kB
Active(anon):    1309460 kB
Inactive(anon):    24504 kB
Active(file):     232080 kB
Inactive(file):  1584664 kB
Unevictable:        5508 kB
Mlocked:            5508 kB
SwapTotal:       3145724 kB
SwapFree:        3145724 kB
Dirty:               616 kB
Writeback:             0 kB
AnonPages:       1308920 kB
Mapped:           879740 kB
Shmem:             26392 kB
KReclaimable:     670000 kB
Slab:             229192 kB
SReclaimable:      77816 kB
SUnreclaim:       151376 kB
KernelStack:       48592 kB
PageTables:        68608 kB
NFS_Unstable:          0 kB
Bounce:                0 kB
WritebackTmp:          0 kB
CommitLimit:     9202292 kB
Committed_AS:   76626144 kB
VmallocTotal:   263061440 kB
VmallocUsed:      105648 kB
VmallocChunk:          0 kB
Percpu:             7616 kB
CmaTotal:         294912 kB
CmaFree:               0 kB
MemTotal:       12113136 kB
MemFree:         6260600 kB
MemAvailable:    7878644 kB
Buffers:            5532 kB
Cached:          1842448 kB
SwapCached:            0 kB
Active:          1543196 kB
Inactive:        1609520 kB
Active(anon):    1311116 kB
Inactive(anon):    24852 kB
Active(file):     232080 kB
Inactive(file):  1584668 kB
Unevictable:        5508 kB
Mlocked:            5508 kB
SwapTotal:       3145724 kB
SwapFree:        3145724 kB
Dirty:               620 kB
Writeback:             0 kB
AnonPages:       1310116 kB
Mapped:           880088 kB
Shmem:             26780 kB
KReclaimable:     670000 kB
Slab:             229212 kB
SReclaimable:      77816 kB
SUnreclaim:       151396 kB
KernelStack:       48608 kB
PageTables:        68604 kB
NFS_Unstable:          0 kB
Bounce:                0 kB
WritebackTmp:          0 kB
CommitLimit:     9202292 kB
Committed_AS:   76616524 kB
VmallocTotal:   263061440 kB
VmallocUsed:      105664 kB
VmallocChunk:          0 kB
Percpu:             7616 kB
CmaTotal:         294912 kB
CmaFree:               0 kB
MemTotal:       12113136 kB
MemFree:         6257692 kB
MemAvailable:    7875748 kB
Buffers:            5532 kB
Cached:          1842288 kB
SwapCached:            0 kB
Active:          1543428 kB
Inactive:        1609392 kB
Active(anon):    1311344 kB
Inactive(anon):    24716 kB
Active(file):     232084 kB
Inactive(file):  1584676 kB
Unevictable:        5508 kB
Mlocked:            5508 kB
SwapTotal:       3145724 kB
SwapFree:        3145724 kB
Dirty:               640 kB
Writeback:             0 kB
AnonPages:       1310512 kB
Mapped:           879952 kB
Shmem:             26608 kB
KReclaimable:     670000 kB
Slab:             229188 kB
SReclaimable:      77816 kB
SUnreclaim:       151372 kB
KernelStack:       48592 kB
PageTables:        68620 kB
NFS_Unstable:          0 kB
Bounce:                0 kB
WritebackTmp:          0 kB
CommitLimit:     9202292 kB
Committed_AS:   76626192 kB
VmallocTotal:   263061440 kB
VmallocUsed:      105664 kB
VmallocChunk:          0 kB
Percpu:             7616 kB
CmaTotal:         294912 kB
CmaFree:               0 kB
MemTotal:       12113136 kB
MemFree:         6259728 kB
MemAvailable:    7877800 kB
Buffers:            5532 kB
Cached:          1842304 kB
SwapCached:            0 kB
Active:          1544020 kB
Inactive:        1609408 kB
Active(anon):    1311936 kB
Inactive(anon):    24716 kB
Active(file):     232084 kB
Inactive(file):  1584692 kB
Unevictable:        5508 kB
Mlocked:            5508 kB
SwapTotal:       3145724 kB
SwapFree:        3145724 kB
Dirty:               668 kB
Writeback:             0 kB
AnonPages:       1311264 kB
Mapped:           879952 kB
Shmem:             26608 kB
KReclaimable:     670000 kB
Slab:             229188 kB
SReclaimable:      77816 kB
SUnreclaim:       151372 kB
KernelStack:       48592 kB
PageTables:        68636 kB
NFS_Unstable:          0 kB
Bounce:                0 kB
WritebackTmp:          0 kB
CommitLimit:     9202292 kB
Committed_AS:   76626012 kB
VmallocTotal:   263061440 kB
VmallocUsed:      105680 kB
VmallocChunk:          0 kB
Percpu:             7616 kB
CmaTotal:         294912 kB
CmaFree:               8 kB
MemTotal:       12113136 kB
MemFree:         6257388 kB
MemAvailable:    7875464 kB
Buffers:            5532 kB
Cached:          1842328 kB
SwapCached:            0 kB
Active:          1544808 kB
Inactive:        1609432 kB
Active(anon):    1312724 kB
Inactive(anon):    24736 kB
Active(file):     232084 kB
Inactive(file):  1584696 kB
Unevictable:        5508 kB
Mlocked:            5508 kB
SwapTotal:       3145724 kB
SwapFree:        3145724 kB
Dirty:               672 kB
Writeback:             0 kB
AnonPages:       1311848 kB
Mapped:           879972 kB
Shmem:             26628 kB
KReclaimable:     670000 kB
Slab:             229200 kB
SReclaimable:      77816 kB
SUnreclaim:       151384 kB
KernelStack:       48592 kB
PageTables:        68652 kB
NFS_Unstable:          0 kB
Bounce:                0 kB
WritebackTmp:          0 kB
CommitLimit:     9202292 kB
Committed_AS:   76625860 kB
VmallocTotal:   263061440 kB
VmallocUsed:      105696 kB
VmallocChunk:          0 kB
Percpu:             7616 kB
CmaTotal:         294912 kB
CmaFree:               0 kB
MemTotal:       12113136 kB
MemFree:         6256428 kB
MemAvailable:    7874516 kB
Buffers:            5532 kB
Cached:          1842320 kB
SwapCached:            0 kB
Active:          1545360 kB
Inactive:        1609424 kB
Active(anon):    1313276 kB
Inactive(anon):    24716 kB
Active(file):     232084 kB
Inactive(file):  1584708 kB
Unevictable:        5508 kB
Mlocked:            5508 kB
SwapTotal:       3145724 kB
SwapFree:        3145724 kB
Dirty:               572 kB
Writeback:           120 kB
AnonPages:       1312468 kB
Mapped:           879952 kB
Shmem:             26608 kB
KReclaimable:     670000 kB
Slab:             229192 kB
SReclaimable:      77816 kB
SUnreclaim:       151376 kB
KernelStack:       48576 kB
PageTables:        68576 kB
NFS_Unstable:          0 kB
Bounce:                0 kB
WritebackTmp:          0 kB
CommitLimit:     9202292 kB
Committed_AS:   76618976 kB
VmallocTotal:   263061440 kB
VmallocUsed:      105680 kB
VmallocChunk:          0 kB
Percpu:             7616 kB
CmaTotal:         294912 kB
CmaFree:               0 kB
MemTotal:       12113136 kB
MemFree:         6256576 kB
MemAvailable:    7874692 kB
Buffers:            5532 kB
Cached:          1842380 kB
SwapCached:            0 kB
Active:          1545776 kB
Inactive:        1609620 kB
Active(anon):    1313692 kB
Inactive(anon):    24884 kB
Active(file):     232084 kB
Inactive(file):  1584736 kB
Unevictable:        5508 kB
Mlocked:            5508 kB
SwapTotal:       3145724 kB
SwapFree:        3145724 kB
Dirty:               620 kB
Writeback:             0 kB
AnonPages:       1312876 kB
Mapped:           880120 kB
Shmem:             26640 kB
KReclaimable:     670000 kB
Slab:             229204 kB
SReclaimable:      77816 kB
SUnreclaim:       151388 kB
KernelStack:       48640 kB
PageTables:        68784 kB
NFS_Unstable:          0 kB
Bounce:                0 kB
WritebackTmp:          0 kB
CommitLimit:     9202292 kB
Committed_AS:   76616108 kB
VmallocTotal:   263061440 kB
VmallocUsed:      105664 kB
VmallocChunk:          0 kB
Percpu:             7616 kB
CmaTotal:         294912 kB
CmaFree:               0 kB
MemTotal:       12113136 kB
MemFree:         6255424 kB
MemAvailable:    7873552 kB
Buffers:            5532 kB
Cached:          1842404 kB
SwapCached:            0 kB
Active:          1546468 kB
Inactive:        1609632 kB
Active(anon):    1314384 kB
Inactive(anon):    24884 kB
Active(file):     232084 kB
Inactive(file):  1584748 kB
Unevictable:        5508 kB
Mlocked:            5508 kB
SwapTotal:       3145724 kB
SwapFree:        3145724 kB
Dirty:               656 kB
Writeback:             0 kB
AnonPages:       1313580 kB
Mapped:           880120 kB
Shmem:             26652 kB
KReclaimable:     670000 kB
Slab:             229172 kB
SReclaimable:      77816 kB
SUnreclaim:       151356 kB
KernelStack:       48592 kB
PageTables:        68644 kB
NFS_Unstable:          0 kB
Bounce:                0 kB
WritebackTmp:          0 kB
CommitLimit:     9202292 kB
Committed_AS:   76625968 kB
VmallocTotal:   263061440 kB
VmallocUsed:      105632 kB
VmallocChunk:          0 kB
Percpu:             7616 kB
CmaTotal:         294912 kB
CmaFree:             248 kB
MemTotal:       12113136 kB
MemFree:         6255100 kB
MemAvailable:    7873244 kB
Buffers:            5532 kB
Cached:          1842376 kB
SwapCached:            0 kB
Active:          1546708 kB
Inactive:        1609480 kB
Active(anon):    1314624 kB
Inactive(anon):    24716 kB
Active(file):     232084 kB
Inactive(file):  1584764 kB
Unevictable:        5508 kB
Mlocked:            5508 kB
SwapTotal:       3145724 kB
SwapFree:        3145724 kB
Dirty:               716 kB
Writeback:             0 kB
AnonPages:       1314060 kB
Mapped:           879952 kB
Shmem:             26608 kB
KReclaimable:     670000 kB
Slab:             229196 kB
SReclaimable:      77816 kB
SUnreclaim:       151380 kB
KernelStack:       48592 kB
PageTables:        68628 kB
NFS_Unstable:          0 kB
Bounce:                0 kB
WritebackTmp:          0 kB
CommitLimit:     9202292 kB
Committed_AS:   76626256 kB
VmallocTotal:   263061440 kB
VmallocUsed:      105664 kB
VmallocChunk:          0 kB
Percpu:             7616 kB
CmaTotal:         294912 kB
CmaFree:              76 kB
MemTotal:       12113136 kB
MemFree:         6255796 kB
MemAvailable:    7873956 kB
Buffers:            5532 kB
Cached:          1842436 kB
SwapCached:            0 kB
Active:          1547536 kB
Inactive:        1609540 kB
Active(anon):    1315452 kB
Inactive(anon):    24760 kB
Active(file):     232084 kB
Inactive(file):  1584780 kB
Unevictable:        5508 kB
Mlocked:            5508 kB
SwapTotal:       3145724 kB
SwapFree:        3145724 kB
Dirty:               732 kB
Writeback:             0 kB
AnonPages:       1314632 kB
Mapped:           879996 kB
Shmem:             26652 kB
KReclaimable:     670000 kB
Slab:             229180 kB
SReclaimable:      77816 kB
SUnreclaim:       151364 kB
KernelStack:       48592 kB
PageTables:        68656 kB
NFS_Unstable:          0 kB
Bounce:                0 kB
WritebackTmp:          0 kB
CommitLimit:     9202292 kB
Committed_AS:   76626012 kB
VmallocTotal:   263061440 kB
VmallocUsed:      105648 kB
VmallocChunk:          0 kB
Percpu:             7616 kB
CmaTotal:         294912 kB
CmaFree:               0 kB
MemTotal:       12113136 kB
MemFree:         6252380 kB
MemAvailable:    7870552 kB
Buffers:            5532 kB
Cached:          1842188 kB
SwapCached:            0 kB
Active:          1548376 kB
Inactive:        1609340 kB
Active(anon):    1316292 kB
Inactive(anon):    24548 kB
Active(file):     232084 kB
Inactive(file):  1584792 kB
Unevictable:        5508 kB
Mlocked:            5508 kB
SwapTotal:       3145724 kB
SwapFree:        3145724 kB
Dirty:               744 kB
Writeback:             0 kB
AnonPages:       1315488 kB
Mapped:           879732 kB
Shmem:             26392 kB
KReclaimable:     670000 kB
Slab:             229208 kB
SReclaimable:      77816 kB
SUnreclaim:       151392 kB
KernelStack:       48592 kB
PageTables:        68616 kB
NFS_Unstable:          0 kB
Bounce:                0 kB
WritebackTmp:          0 kB
CommitLimit:     9202292 kB
Committed_AS:   76625916 kB
VmallocTotal:   263061440 kB
VmallocUsed:      105648 kB
VmallocChunk:          0 kB
Percpu:             7616 kB
CmaTotal:         294912 kB
CmaFree:               8 kB
MemTotal:       12113136 kB
MemFree:         6253660 kB
MemAvailable:    7871808 kB
Buffers:            5532 kB
Cached:          1842380 kB
SwapCached:            0 kB
Active:          1546608 kB
Inactive:        1609492 kB
Active(anon):    1314532 kB
Inactive(anon):    24716 kB
Active(file):     232076 kB
Inactive(file):  1584776 kB
Unevictable:        5508 kB
Mlocked:            5508 kB
SwapTotal:       3145724 kB
SwapFree:        3145724 kB
Dirty:               748 kB
Writeback:             0 kB
AnonPages:       1313448 kB
Mapped:           879952 kB
Shmem:             26608 kB
KReclaimable:     670000 kB
Slab:             229200 kB
SReclaimable:      77816 kB
SUnreclaim:       151384 kB
KernelStack:       48592 kB
PageTables:        68620 kB
NFS_Unstable:          0 kB
Bounce:                0 kB
WritebackTmp:          0 kB
CommitLimit:     9202292 kB
Committed_AS:   76621244 kB
VmallocTotal:   263061440 kB
VmallocUsed:      105680 kB
VmallocChunk:          0 kB
Percpu:             7616 kB
CmaTotal:         294912 kB
CmaFree:               0 kB
MemTotal:       12113136 kB
MemFree:         6255552 kB
MemAvailable:    7873744 kB
Buffers:            5536 kB
Cached:          1842420 kB
SwapCached:            0 kB
Active:          1546572 kB
Inactive:        1609528 kB
Active(anon):    1314488 kB
Inactive(anon):    24716 kB
Active(file):     232084 kB
Inactive(file):  1584812 kB
Unevictable:        5508 kB
Mlocked:            5508 kB
SwapTotal:       3145724 kB
SwapFree:        3145724 kB
Dirty:               780 kB
Writeback:             0 kB
AnonPages:       1313488 kB
Mapped:           879952 kB
Shmem:             26608 kB
KReclaimable:     670000 kB
Slab:             229176 kB
SReclaimable:      77816 kB
SUnreclaim:       151360 kB
KernelStack:       48592 kB
PageTables:        68640 kB
NFS_Unstable:          0 kB
Bounce:                0 kB
WritebackTmp:          0 kB
CommitLimit:     9202292 kB
Committed_AS:   76616164 kB
VmallocTotal:   263061440 kB
VmallocUsed:      105680 kB
VmallocChunk:          0 kB
Percpu:             7616 kB
CmaTotal:         294912 kB
CmaFree:               0 kB
MemTotal:       12113136 kB
MemFree:         6254964 kB
MemAvailable:    7873196 kB
Buffers:            5536 kB
Cached:          1842520 kB
SwapCached:            0 kB
Active:          1547644 kB
Inactive:        1609560 kB
Active(anon):    1315556 kB
Inactive(anon):    24712 kB
Active(file):     232088 kB
Inactive(file):  1584848 kB
Unevictable:        5508 kB
Mlocked:            5508 kB
SwapTotal:       3145724 kB
SwapFree:        3145724 kB
Dirty:               772 kB
Writeback:             0 kB
AnonPages:       1314272 kB
Mapped:           879948 kB
Shmem:             26668 kB
KReclaimable:     670000 kB
Slab:             229204 kB
SReclaimable:      77816 kB
SUnreclaim:       151388 kB
KernelStack:       48592 kB
PageTables:        68612 kB
NFS_Unstable:          0 kB
Bounce:                0 kB
WritebackTmp:          0 kB
CommitLimit:     9202292 kB
Committed_AS:   76620924 kB
VmallocTotal:   263061440 kB
VmallocUsed:      105712 kB
VmallocChunk:          0 kB
Percpu:             7616 kB
CmaTotal:         294912 kB
CmaFree:             128 kB
MemTotal:       12113136 kB
MemFree:         6277732 kB
MemAvailable:    7895968 kB
Buffers:            5536 kB
Cached:          1842464 kB
SwapCached:            0 kB
Active:          1521480 kB
Inactive:        1609568 kB
Active(anon):    1289392 kB
Inactive(anon):    24716 kB
Active(file):     232088 kB
Inactive(file):  1584852 kB
Unevictable:        5508 kB
Mlocked:            5508 kB
SwapTotal:       3145724 kB
SwapFree:        3145724 kB
Dirty:               832 kB
Writeback:             0 kB
AnonPages:       1288844 kB
Mapped:           880112 kB
Shmem:             26608 kB
KReclaimable:     670000 kB
Slab:             229220 kB
SReclaimable:      77816 kB
SUnreclaim:       151404 kB
KernelStack:       48576 kB
PageTables:        68620 kB
NFS_Unstable:          0 kB
Bounce:                0 kB
WritebackTmp:          0 kB
CommitLimit:     9202292 kB
Committed_AS:   76620624 kB
VmallocTotal:   263061440 kB
VmallocUsed:      105664 kB
VmallocChunk:          0 kB
Percpu:             7616 kB
CmaTotal:         294912 kB
CmaFree:               4 kB
MemTotal:       12113136 kB
MemFree:         6263420 kB
MemAvailable:    7881672 kB
Buffers:            5536 kB
Cached:          1842480 kB
SwapCached:            0 kB
Active:          1539280 kB
Inactive:        1609584 kB
Active(anon):    1307192 kB
Inactive(anon):    24716 kB
Active(file):     232088 kB
Inactive(file):  1584868 kB
Unevictable:        5508 kB
Mlocked:            5508 kB
SwapTotal:       3145724 kB
SwapFree:        3145724 kB
Dirty:               328 kB
Writeback:             0 kB
AnonPages:       1306592 kB
Mapped:           880112 kB
Shmem:             26608 kB
KReclaimable:     670000 kB
Slab:             229224 kB
SReclaimable:      77816 kB
SUnreclaim:       151408 kB
KernelStack:       48608 kB
PageTables:        68620 kB
NFS_Unstable:          0 kB
Bounce:                0 kB
WritebackTmp:          0 kB
CommitLimit:     9202292 kB
Committed_AS:   76620580 kB
VmallocTotal:   263061440 kB
VmallocUsed:      105648 kB
VmallocChunk:          0 kB
Percpu:             7616 kB
CmaTotal:         294912 kB
CmaFree:               0 kB
MemTotal:       12113136 kB
MemFree:         6260636 kB
MemAvailable:    7878896 kB
Buffers:            5536 kB
Cached:          1844092 kB
SwapCached:            0 kB
Active:          1541792 kB
Inactive:        1609880 kB
Active(anon):    1309704 kB
Inactive(anon):    25004 kB
Active(file):     232088 kB
Inactive(file):  1584876 kB
Unevictable:        5508 kB
Mlocked:            5508 kB
SwapTotal:       3145724 kB
SwapFree:        3145724 kB
Dirty:               236 kB
Writeback:             0 kB
AnonPages:       1307244 kB
Mapped:           880392 kB
Shmem:             28212 kB
KReclaimable:     670000 kB
Slab:             229232 kB
SReclaimable:      77816 kB
SUnreclaim:       151416 kB
KernelStack:       48576 kB
PageTables:        68644 kB
NFS_Unstable:          0 kB
Bounce:                0 kB
WritebackTmp:          0 kB
CommitLimit:     9202292 kB
Committed_AS:   76626172 kB
VmallocTotal:   263061440 kB
VmallocUsed:      105680 kB
VmallocChunk:          0 kB
Percpu:             7616 kB
CmaTotal:         294912 kB
CmaFree:             148 kB
MemTotal:       12113136 kB
MemFree:         6260828 kB
MemAvailable:    7879096 kB
Buffers:            5536 kB
Cached:          1842496 kB
SwapCached:            0 kB
Active:          1541096 kB
Inactive:        1609600 kB
Active(anon):    1309008 kB
Inactive(anon):    24716 kB
Active(file):     232088 kB
Inactive(file):  1584884 kB
Unevictable:        5508 kB
Mlocked:            5508 kB
SwapTotal:       3145724 kB
SwapFree:        3145724 kB
Dirty:               276 kB
Writeback:             0 kB
AnonPages:       1308168 kB
Mapped:           880112 kB
Shmem:             26608 kB
KReclaimable:     670000 kB
Slab:             229208 kB
SReclaimable:      77816 kB
SUnreclaim:       151392 kB
KernelStack:       48592 kB
PageTables:        68604 kB
NFS_Unstable:          0 kB
Bounce:                0 kB
WritebackTmp:          0 kB
CommitLimit:     9202292 kB
Committed_AS:   76620532 kB
VmallocTotal:   263061440 kB
VmallocUsed:      105648 kB
VmallocChunk:          0 kB
Percpu:             7616 kB
CmaTotal:         294912 kB
CmaFree:               0 kB
MemTotal:       12113136 kB
MemFree:         6251800 kB
MemAvailable:    7870088 kB
Buffers:            5536 kB
Cached:          1842520 kB
SwapCached:            0 kB
Active:          1550628 kB
Inactive:        1609624 kB
Active(anon):    1318540 kB
Inactive(anon):    24720 kB
Active(file):     232088 kB
Inactive(file):  1584904 kB
Unevictable:        5508 kB
Mlocked:            5508 kB
SwapTotal:       3145724 kB
SwapFree:        3145724 kB
Dirty:               316 kB
Writeback:             0 kB
AnonPages:       1317944 kB
Mapped:           880116 kB
Shmem:             26612 kB
KReclaimable:     670000 kB
Slab:             229228 kB
SReclaimable:      77816 kB
SUnreclaim:       151412 kB
KernelStack:       48512 kB
PageTables:        68612 kB
NFS_Unstable:          0 kB
Bounce:                0 kB
WritebackTmp:          0 kB
CommitLimit:     9202292 kB
Committed_AS:   76626384 kB
VmallocTotal:   263061440 kB
VmallocUsed:      105632 kB
VmallocChunk:          0 kB
Percpu:             7616 kB
CmaTotal:         294912 kB
CmaFree:              12 kB
MemTotal:       12113136 kB
MemFree:         6239024 kB
MemAvailable:    7857324 kB
Buffers:            5536 kB
Cached:          1842800 kB
SwapCached:            0 kB
Active:          1560620 kB
Inactive:        1609608 kB
Active(anon):    1328528 kB
Inactive(anon):    24696 kB
Active(file):     232092 kB
Inactive(file):  1584912 kB
Unevictable:        5508 kB
Mlocked:            5508 kB
SwapTotal:       3145724 kB
SwapFree:        3145724 kB
Dirty:               332 kB
Writeback:             0 kB
AnonPages:       1327116 kB
Mapped:           880092 kB
Shmem:             26880 kB
KReclaimable:     670000 kB
Slab:             229228 kB
SReclaimable:      77816 kB
SUnreclaim:       151412 kB
KernelStack:       48624 kB
PageTables:        68752 kB
NFS_Unstable:          0 kB
Bounce:                0 kB
WritebackTmp:          0 kB
CommitLimit:     9202292 kB
Committed_AS:   76629344 kB
VmallocTotal:   263061440 kB
VmallocUsed:      105648 kB
VmallocChunk:          0 kB
Percpu:             7616 kB
CmaTotal:         294912 kB
CmaFree:               8 kB
MemTotal:       12113136 kB
MemFree:         6277528 kB
MemAvailable:    7895836 kB
Buffers:            5536 kB
Cached:          1842540 kB
SwapCached:            0 kB
Active:          1522092 kB
Inactive:        1609644 kB
Active(anon):    1290004 kB
Inactive(anon):    24720 kB
Active(file):     232088 kB
Inactive(file):  1584924 kB
Unevictable:        5508 kB
Mlocked:            5508 kB
SwapTotal:       3145724 kB
SwapFree:        3145724 kB
Dirty:               372 kB
Writeback:             0 kB
AnonPages:       1289208 kB
Mapped:           880172 kB
Shmem:             26612 kB
KReclaimable:     670000 kB
Slab:             229256 kB
SReclaimable:      77816 kB
SUnreclaim:       151440 kB
KernelStack:       48576 kB
PageTables:        68616 kB
NFS_Unstable:          0 kB
Bounce:                0 kB
WritebackTmp:          0 kB
CommitLimit:     9202292 kB
Committed_AS:   76629760 kB
VmallocTotal:   263061440 kB
VmallocUsed:      105664 kB
VmallocChunk:          0 kB
Percpu:             7616 kB
CmaTotal:         294912 kB
CmaFree:             132 kB
MemTotal:       12113136 kB
MemFree:         6260644 kB
MemAvailable:    7878964 kB
Buffers:            5536 kB
Cached:          1842772 kB
SwapCached:            0 kB
Active:          1540576 kB
Inactive:        1609880 kB
Active(anon):    1308488 kB
Inactive(anon):    24944 kB
Active(file):     232088 kB
Inactive(file):  1584936 kB
Unevictable:        5508 kB
Mlocked:            5508 kB
SwapTotal:       3145724 kB
SwapFree:        3145724 kB
Dirty:               392 kB
Writeback:             0 kB
AnonPages:       1307264 kB
Mapped:           880396 kB
Shmem:             26832 kB
KReclaimable:     670000 kB
Slab:             229240 kB
SReclaimable:      77816 kB
SUnreclaim:       151424 kB
KernelStack:       48576 kB
PageTables:        68608 kB
NFS_Unstable:          0 kB
Bounce:                0 kB
WritebackTmp:          0 kB
CommitLimit:     9202292 kB
Committed_AS:   76625928 kB
VmallocTotal:   263061440 kB
VmallocUsed:      105664 kB
VmallocChunk:          0 kB
Percpu:             7616 kB
CmaTotal:         294912 kB
CmaFree:              24 kB
MemTotal:       12113136 kB
MemFree:         6251332 kB
MemAvailable:    7869692 kB
Buffers:            5536 kB
Cached:          1842464 kB
SwapCached:            0 kB
Active:          1550024 kB
Inactive:        1609564 kB
Active(anon):    1317936 kB
Inactive(anon):    24588 kB
Active(file):     232088 kB
Inactive(file):  1584976 kB
Unevictable:        5508 kB
Mlocked:            5508 kB
SwapTotal:       3145724 kB
SwapFree:        3145724 kB
Dirty:               488 kB
Writeback:             0 kB
AnonPages:       1317344 kB
Mapped:           880040 kB
Shmem:             26484 kB
KReclaimable:     670000 kB
Slab:             229236 kB
SReclaimable:      77816 kB
SUnreclaim:       151420 kB
KernelStack:       48544 kB
PageTables:        68624 kB
NFS_Unstable:          0 kB
Bounce:                0 kB
WritebackTmp:          0 kB
CommitLimit:     9202292 kB
Committed_AS:   76625488 kB
VmallocTotal:   263061440 kB
VmallocUsed:      105632 kB
VmallocChunk:          0 kB
Percpu:             7616 kB
CmaTotal:         294912 kB
CmaFree:               4 kB
MemTotal:       12113136 kB
MemFree:         6252408 kB
MemAvailable:    7870776 kB
Buffers:            5536 kB
Cached:          1842600 kB
SwapCached:            0 kB
Active:          1551104 kB
Inactive:        1609704 kB
Active(anon):    1319016 kB
Inactive(anon):    24720 kB
Active(file):     232088 kB
Inactive(file):  1584984 kB
Unevictable:        5508 kB
Mlocked:            5508 kB
SwapTotal:       3145724 kB
SwapFree:        3145724 kB
Dirty:               496 kB
Writeback:             0 kB
AnonPages:       1318072 kB
Mapped:           880172 kB
Shmem:             26612 kB
KReclaimable:     670000 kB
Slab:             229268 kB
SReclaimable:      77816 kB
SUnreclaim:       151452 kB
KernelStack:       48544 kB
PageTables:        68616 kB
NFS_Unstable:          0 kB
Bounce:                0 kB
WritebackTmp:          0 kB
CommitLimit:     9202292 kB
Committed_AS:   76624616 kB
VmallocTotal:   263061440 kB
VmallocUsed:      105632 kB
VmallocChunk:          0 kB
Percpu:             7616 kB
CmaTotal:         294912 kB
CmaFree:               0 kB
MemTotal:       12113136 kB
MemFree:         6251376 kB
MemAvailable:    7869752 kB
Buffers:            5536 kB
Cached:          1842720 kB
SwapCached:            0 kB
Active:          1550676 kB
Inactive:        1609712 kB
Active(anon):    1318588 kB
Inactive(anon):    24720 kB
Active(file):     232088 kB
Inactive(file):  1584992 kB
Unevictable:        5508 kB
Mlocked:            5508 kB
SwapTotal:       3145724 kB
SwapFree:        3145724 kB
Dirty:               564 kB
Writeback:             0 kB
AnonPages:       1317588 kB
Mapped:           880172 kB
Shmem:             26724 kB
KReclaimable:     670000 kB
Slab:             229232 kB
SReclaimable:      77816 kB
SUnreclaim:       151416 kB
KernelStack:       48576 kB
PageTables:        68644 kB
NFS_Unstable:          0 kB
Bounce:                0 kB
WritebackTmp:          0 kB
CommitLimit:     9202292 kB
Committed_AS:   76624132 kB
VmallocTotal:   263061440 kB
VmallocUsed:      105568 kB
VmallocChunk:          0 kB
Percpu:             7616 kB
CmaTotal:         294912 kB
CmaFree:              36 kB
MemTotal:       12113136 kB
MemFree:         6249732 kB
MemAvailable:    7868128 kB
Buffers:            5536 kB
Cached:          1842768 kB
SwapCached:            0 kB
Active:          1551412 kB
Inactive:        1609776 kB
Active(anon):    1319324 kB
Inactive(anon):    24764 kB
Active(file):     232088 kB
Inactive(file):  1585012 kB
Unevictable:        5508 kB
Mlocked:            5508 kB
SwapTotal:       3145724 kB
SwapFree:        3145724 kB
Dirty:               588 kB
Writeback:             0 kB
AnonPages:       1318260 kB
Mapped:           880216 kB
Shmem:             26752 kB
KReclaimable:     670000 kB
Slab:             229244 kB
SReclaimable:      77816 kB
SUnreclaim:       151428 kB
KernelStack:       48544 kB
PageTables:        68636 kB
NFS_Unstable:          0 kB
Bounce:                0 kB
WritebackTmp:          0 kB
CommitLimit:     9202292 kB
Committed_AS:   76620780 kB
VmallocTotal:   263061440 kB
VmallocUsed:      105584 kB
VmallocChunk:          0 kB
Percpu:             7616 kB
CmaTotal:         294912 kB
CmaFree:              28 kB
MemTotal:       12113136 kB
MemFree:         6263504 kB
MemAvailable:    7881904 kB
Buffers:            5536 kB
Cached:          1842632 kB
SwapCached:            0 kB
Active:          1537424 kB
Inactive:        1609736 kB
Active(anon):    1305336 kB
Inactive(anon):    24720 kB
Active(file):     232088 kB
Inactive(file):  1585016 kB
Unevictable:        5508 kB
Mlocked:            5508 kB
SwapTotal:       3145724 kB
SwapFree:        3145724 kB
Dirty:               592 kB
Writeback:             0 kB
AnonPages:       1304536 kB
Mapped:           880172 kB
Shmem:             26612 kB
KReclaimable:     670000 kB
Slab:             229340 kB
SReclaimable:      77816 kB
SUnreclaim:       151524 kB
KernelStack:       48544 kB
PageTables:        68620 kB
NFS_Unstable:          0 kB
Bounce:                0 kB
WritebackTmp:          0 kB
CommitLimit:     9202292 kB
Committed_AS:   76621112 kB
VmallocTotal:   263061440 kB
VmallocUsed:      105568 kB
VmallocChunk:          0 kB
Percpu:             7616 kB
CmaTotal:         294912 kB
CmaFree:            1184 kB
MemTotal:       12113136 kB
MemFree:         6262572 kB
MemAvailable:    7880988 kB
Buffers:            5536 kB
Cached:          1842648 kB
SwapCached:            0 kB
Active:          1538536 kB
Inactive:        1609788 kB
Active(anon):    1306448 kB
Inactive(anon):    24756 kB
Active(file):     232088 kB
Inactive(file):  1585032 kB
Unevictable:        5508 kB
Mlocked:            5508 kB
SwapTotal:       3145724 kB
SwapFree:        3145724 kB
Dirty:               620 kB
Writeback:             0 kB
AnonPages:       1305436 kB
Mapped:           880172 kB
Shmem:             26612 kB
KReclaimable:     670000 kB
Slab:             229272 kB
SReclaimable:      77816 kB
SUnreclaim:       151456 kB
KernelStack:       48560 kB
PageTables:        68760 kB
NFS_Unstable:          0 kB
Bounce:                0 kB
WritebackTmp:          0 kB
CommitLimit:     9202292 kB
Committed_AS:   76615380 kB
VmallocTotal:   263061440 kB
VmallocUsed:      105600 kB
VmallocChunk:          0 kB
Percpu:             7616 kB
CmaTotal:         294912 kB
CmaFree:               0 kB
MemTotal:       12113136 kB
MemFree:         6262376 kB
MemAvailable:    7880832 kB
Buffers:            5540 kB
Cached:          1842704 kB
SwapCached:            0 kB
Active:          1539120 kB
Inactive:        1609640 kB
Active(anon):    1307028 kB
Inactive(anon):    24572 kB
Active(file):     232092 kB
Inactive(file):  1585068 kB
Unevictable:        5508 kB
Mlocked:            5508 kB
SwapTotal:       3145724 kB
SwapFree:        3145724 kB
Dirty:               624 kB
Writeback:             0 kB
AnonPages:       1305996 kB
Mapped:           880016 kB
Shmem:             26632 kB
KReclaimable:     670000 kB
Slab:             229256 kB
SReclaimable:      77816 kB
SUnreclaim:       151440 kB
KernelStack:       48544 kB
PageTables:        68636 kB
NFS_Unstable:          0 kB
Bounce:                0 kB
WritebackTmp:          0 kB
CommitLimit:     9202292 kB
Committed_AS:   76620424 kB
VmallocTotal:   263061440 kB
VmallocUsed:      105568 kB
VmallocChunk:          0 kB
Percpu:             7616 kB
CmaTotal:         294912 kB
CmaFree:               0 kB
MemTotal:       12113136 kB
MemFree:         6262028 kB
MemAvailable:    7880492 kB
Buffers:            5540 kB
Cached:          1842692 kB
SwapCached:            0 kB
Active:          1539836 kB
Inactive:        1609796 kB
Active(anon):    1307744 kB
Inactive(anon):    24720 kB
Active(file):     232092 kB
Inactive(file):  1585076 kB
Unevictable:        5508 kB
Mlocked:            5508 kB
SwapTotal:       3145724 kB
SwapFree:        3145724 kB
Dirty:               644 kB
Writeback:             0 kB
AnonPages:       1306904 kB
Mapped:           880172 kB
Shmem:             26612 kB
KReclaimable:     670000 kB
Slab:             229252 kB
SReclaimable:      77816 kB
SUnreclaim:       151436 kB
KernelStack:       48544 kB
PageTables:        68616 kB
NFS_Unstable:          0 kB
Bounce:                0 kB
WritebackTmp:          0 kB
CommitLimit:     9202292 kB
Committed_AS:   76620432 kB
VmallocTotal:   263061440 kB
VmallocUsed:      105584 kB
VmallocChunk:          0 kB
Percpu:             7616 kB
CmaTotal:         294912 kB
CmaFree:               0 kB
MemTotal:       12113136 kB
MemFree:         6260040 kB
MemAvailable:    7878516 kB
Buffers:            5540 kB
Cached:          1842704 kB
SwapCached:            0 kB
Active:          1539980 kB
Inactive:        1609808 kB
Active(anon):    1307888 kB
Inactive(anon):    24720 kB
Active(file):     232092 kB
Inactive(file):  1585088 kB
Unevictable:        5508 kB
Mlocked:            5508 kB
SwapTotal:       3145724 kB
SwapFree:        3145724 kB
Dirty:               660 kB
Writeback:             0 kB
AnonPages:       1307116 kB
Mapped:           880172 kB
Shmem:             26612 kB
KReclaimable:     670000 kB
Slab:             229252 kB
SReclaimable:      77816 kB
SUnreclaim:       151436 kB
KernelStack:       48544 kB
PageTables:        68620 kB
NFS_Unstable:          0 kB
Bounce:                0 kB
WritebackTmp:          0 kB
CommitLimit:     9202292 kB
Committed_AS:   76625556 kB
VmallocTotal:   263061440 kB
VmallocUsed:      105632 kB
VmallocChunk:          0 kB
Percpu:             7616 kB
CmaTotal:         294912 kB
CmaFree:               0 kB
MemTotal:       12113136 kB
MemFree:         6259828 kB
MemAvailable:    7878316 kB
Buffers:            5540 kB
Cached:          1842680 kB
SwapCached:            0 kB
Active:          1540892 kB
Inactive:        1609848 kB
Active(anon):    1308800 kB
Inactive(anon):    24748 kB
Active(file):     232092 kB
Inactive(file):  1585100 kB
Unevictable:        5508 kB
Mlocked:            5508 kB
SwapTotal:       3145724 kB
SwapFree:        3145724 kB
Dirty:               672 kB
Writeback:             0 kB
AnonPages:       1307892 kB
Mapped:           880200 kB
Shmem:             26576 kB
KReclaimable:     670000 kB
Slab:             229252 kB
SReclaimable:      77816 kB
SUnreclaim:       151436 kB
KernelStack:       48528 kB
PageTables:        68600 kB
NFS_Unstable:          0 kB
Bounce:                0 kB
WritebackTmp:          0 kB
CommitLimit:     9202292 kB
Committed_AS:   76625356 kB
VmallocTotal:   263061440 kB
VmallocUsed:      105584 kB
VmallocChunk:          0 kB
Percpu:             7616 kB
CmaTotal:         294912 kB
CmaFree:               0 kB
MemTotal:       12113136 kB
MemFree:         6259164 kB
MemAvailable:    7877664 kB
Buffers:            5540 kB
Cached:          1842728 kB
SwapCached:            0 kB
Active:          1541800 kB
Inactive:        1609832 kB
Active(anon):    1309708 kB
Inactive(anon):    24720 kB
Active(file):     232092 kB
Inactive(file):  1585112 kB
Unevictable:        5508 kB
Mlocked:            5508 kB
SwapTotal:       3145724 kB
SwapFree:        3145724 kB
Dirty:               684 kB
Writeback:             0 kB
AnonPages:       1309016 kB
Mapped:           880172 kB
Shmem:             26612 kB
KReclaimable:     670000 kB
Slab:             229240 kB
SReclaimable:      77816 kB
SUnreclaim:       151424 kB
KernelStack:       48544 kB
PageTables:        68616 kB
NFS_Unstable:          0 kB
Bounce:                0 kB
WritebackTmp:          0 kB
CommitLimit:     9202292 kB
Committed_AS:   76625432 kB
VmallocTotal:   263061440 kB
VmallocUsed:      105616 kB
VmallocChunk:          0 kB
Percpu:             7616 kB
CmaTotal:         294912 kB
CmaFree:               0 kB
MemTotal:       12113136 kB
MemFree:         6257136 kB
MemAvailable:    7875644 kB
Buffers:            5540 kB
Cached:          1843140 kB
SwapCached:            0 kB
Active:          1542808 kB
Inactive:        1609932 kB
Active(anon):    1310716 kB
Inactive(anon):    24812 kB
Active(file):     232092 kB
Inactive(file):  1585120 kB
Unevictable:        5508 kB
Mlocked:            5508 kB
SwapTotal:       3145724 kB
SwapFree:        3145724 kB
Dirty:               704 kB
Writeback:             0 kB
AnonPages:       1309604 kB
Mapped:           880256 kB
Shmem:             27016 kB
KReclaimable:     670000 kB
Slab:             229256 kB
SReclaimable:      77816 kB
SUnreclaim:       151440 kB
KernelStack:       48544 kB
PageTables:        68640 kB
NFS_Unstable:          0 kB
Bounce:                0 kB
WritebackTmp:          0 kB
CommitLimit:     9202292 kB
Committed_AS:   76626092 kB
VmallocTotal:   263061440 kB
VmallocUsed:      105600 kB
VmallocChunk:          0 kB
Percpu:             7616 kB
CmaTotal:         294912 kB
CmaFree:               0 kB
MemTotal:       12113136 kB
MemFree:         6258236 kB
MemAvailable:    7876756 kB
Buffers:            5540 kB
Cached:          1842752 kB
SwapCached:            0 kB
Active:          1543280 kB
Inactive:        1609856 kB
Active(anon):    1311188 kB
Inactive(anon):    24724 kB
Active(file):     232092 kB
Inactive(file):  1585132 kB
Unevictable:        5508 kB
Mlocked:            5508 kB
SwapTotal:       3145724 kB
SwapFree:        3145724 kB
Dirty:               716 kB
Writeback:             0 kB
AnonPages:       1310228 kB
Mapped:           880176 kB
Shmem:             26616 kB
KReclaimable:     670000 kB
Slab:             229248 kB
SReclaimable:      77816 kB
SUnreclaim:       151432 kB
KernelStack:       48544 kB
PageTables:        68616 kB
NFS_Unstable:          0 kB
Bounce:                0 kB
WritebackTmp:          0 kB
CommitLimit:     9202292 kB
Committed_AS:   76624044 kB
VmallocTotal:   263061440 kB
VmallocUsed:      105584 kB
VmallocChunk:          0 kB
Percpu:             7616 kB
CmaTotal:         294912 kB
CmaFree:               0 kB
MemTotal:       12113136 kB
MemFree:         6257696 kB
MemAvailable:    7876224 kB
Buffers:            5540 kB
Cached:          1842760 kB
SwapCached:            0 kB
Active:          1543648 kB
Inactive:        1609864 kB
Active(anon):    1311556 kB
Inactive(anon):    24724 kB
Active(file):     232092 kB
Inactive(file):  1585140 kB
Unevictable:        5508 kB
Mlocked:            5508 kB
SwapTotal:       3145724 kB
SwapFree:        3145724 kB
Dirty:               724 kB
Writeback:             0 kB
AnonPages:       1310860 kB
Mapped:           880176 kB
Shmem:             26616 kB
KReclaimable:     670000 kB
Slab:             229288 kB
SReclaimable:      77816 kB
SUnreclaim:       151472 kB
KernelStack:       48544 kB
PageTables:        68620 kB
NFS_Unstable:          0 kB
Bounce:                0 kB
WritebackTmp:          0 kB
CommitLimit:     9202292 kB
Committed_AS:   76620196 kB
VmallocTotal:   263061440 kB
VmallocUsed:      105600 kB
VmallocChunk:          0 kB
Percpu:             7616 kB
CmaTotal:         294912 kB
CmaFree:               0 kB
MemTotal:       12113136 kB
MemFree:         6257432 kB
MemAvailable:    7875948 kB
Buffers:            5540 kB
Cached:          1842748 kB
SwapCached:            0 kB
Active:          1542988 kB
Inactive:        1609856 kB
Active(anon):    1310900 kB
Inactive(anon):    24724 kB
Active(file):     232088 kB
Inactive(file):  1585132 kB
Unevictable:        5508 kB
Mlocked:            5508 kB
SwapTotal:       3145724 kB
SwapFree:        3145724 kB
Dirty:               256 kB
Writeback:             0 kB
AnonPages:       1310236 kB
Mapped:           880176 kB
Shmem:             26616 kB
KReclaimable:     670000 kB
Slab:             229264 kB
SReclaimable:      77816 kB
SUnreclaim:       151448 kB
KernelStack:       48560 kB
PageTables:        68744 kB
NFS_Unstable:          0 kB
Bounce:                0 kB
WritebackTmp:          0 kB
CommitLimit:     9202292 kB
Committed_AS:   76609620 kB
VmallocTotal:   263061440 kB
VmallocUsed:      105616 kB
VmallocChunk:          0 kB
Percpu:             7616 kB
CmaTotal:         294912 kB
CmaFree:               0 kB
MemTotal:       12113136 kB
MemFree:         6257452 kB
MemAvailable:    7876024 kB
Buffers:            5540 kB
Cached:          1842868 kB
SwapCached:            0 kB
Active:          1544076 kB
Inactive:        1609880 kB
Active(anon):    1311984 kB
Inactive(anon):    24696 kB
Active(file):     232092 kB
Inactive(file):  1585184 kB
Unevictable:        5508 kB
Mlocked:            5508 kB
SwapTotal:       3145724 kB
SwapFree:        3145724 kB
Dirty:               332 kB
Writeback:             0 kB
AnonPages:       1311068 kB
Mapped:           880156 kB
Shmem:             26680 kB
KReclaimable:     670000 kB
Slab:             229284 kB
SReclaimable:      77816 kB
SUnreclaim:       151468 kB
KernelStack:       48544 kB
PageTables:        68624 kB
NFS_Unstable:          0 kB
Bounce:                0 kB
WritebackTmp:          0 kB
CommitLimit:     9202292 kB
Committed_AS:   76619396 kB
VmallocTotal:   263061440 kB
VmallocUsed:      105632 kB
VmallocChunk:          0 kB
Percpu:             7616 kB
CmaTotal:         294912 kB
CmaFree:               0 kB
MemTotal:       12113136 kB
MemFree:         6256992 kB
MemAvailable:    7875576 kB
Buffers:            5540 kB
Cached:          1842816 kB
SwapCached:            0 kB
Active:          1544912 kB
Inactive:        1609920 kB
Active(anon):    1312820 kB
Inactive(anon):    24724 kB
Active(file):     232092 kB
Inactive(file):  1585196 kB
Unevictable:        5508 kB
Mlocked:            5508 kB
SwapTotal:       3145724 kB
SwapFree:        3145724 kB
Dirty:               372 kB
Writeback:             0 kB
AnonPages:       1312144 kB
Mapped:           880176 kB
Shmem:             26616 kB
KReclaimable:     670000 kB
Slab:             229268 kB
SReclaimable:      77816 kB
SUnreclaim:       151452 kB
KernelStack:       48544 kB
PageTables:        68624 kB
NFS_Unstable:          0 kB
Bounce:                0 kB
WritebackTmp:          0 kB
CommitLimit:     9202292 kB
Committed_AS:   76619264 kB
VmallocTotal:   263061440 kB
VmallocUsed:      105600 kB
VmallocChunk:          0 kB
Percpu:             7616 kB
CmaTotal:         294912 kB
CmaFree:               0 kB
MemTotal:       12113136 kB
MemFree:         6258100 kB
MemAvailable:    7876692 kB
Buffers:            5540 kB
Cached:          1842824 kB
SwapCached:            0 kB
Active:          1544168 kB
Inactive:        1609928 kB
Active(anon):    1312076 kB
Inactive(anon):    24724 kB
Active(file):     232092 kB
Inactive(file):  1585204 kB
Unevictable:        5508 kB
Mlocked:            5508 kB
SwapTotal:       3145724 kB
SwapFree:        3145724 kB
Dirty:               380 kB
Writeback:             0 kB
AnonPages:       1311368 kB
Mapped:           880176 kB
Shmem:             26616 kB
KReclaimable:     670000 kB
Slab:             229192 kB
SReclaimable:      77816 kB
SUnreclaim:       151376 kB
KernelStack:       48528 kB
PageTables:        68552 kB
NFS_Unstable:          0 kB
Bounce:                0 kB
WritebackTmp:          0 kB
CommitLimit:     9202292 kB
Committed_AS:   76626284 kB
VmallocTotal:   263061440 kB
VmallocUsed:      105584 kB
VmallocChunk:          0 kB
Percpu:             7616 kB
CmaTotal:         294912 kB
CmaFree:               0 kB
MemTotal:       12113136 kB
MemFree:         6254172 kB
MemAvailable:    7872784 kB
Buffers:            5540 kB
Cached:          1842940 kB
SwapCached:            0 kB
Active:          1545332 kB
Inactive:        1610180 kB
Active(anon):    1313240 kB
Inactive(anon):    24956 kB
Active(file):     232092 kB
Inactive(file):  1585224 kB
Unevictable:        5508 kB
Mlocked:            5508 kB
SwapTotal:       3145724 kB
SwapFree:        3145724 kB
Dirty:               400 kB
Writeback:             0 kB
AnonPages:       1312292 kB
Mapped:           880408 kB
Shmem:             26712 kB
KReclaimable:     670000 kB
Slab:             228960 kB
SReclaimable:      77816 kB
SUnreclaim:       151144 kB
KernelStack:       48544 kB
PageTables:        68644 kB
NFS_Unstable:          0 kB
Bounce:                0 kB
WritebackTmp:          0 kB
CommitLimit:     9202292 kB
Committed_AS:   76625464 kB
VmallocTotal:   263061440 kB
VmallocUsed:      105600 kB
VmallocChunk:          0 kB
Percpu:             7616 kB
CmaTotal:         294912 kB
CmaFree:             140 kB
MemTotal:       12113136 kB
MemFree:         6254460 kB
MemAvailable:    7873076 kB
Buffers:            5540 kB
Cached:          1842848 kB
SwapCached:            0 kB
Active:          1545912 kB
Inactive:        1609952 kB
Active(anon):    1313820 kB
Inactive(anon):    24724 kB
Active(file):     232092 kB
Inactive(file):  1585228 kB
Unevictable:        5508 kB
Mlocked:            5508 kB
SwapTotal:       3145724 kB
SwapFree:        3145724 kB
Dirty:               404 kB
Writeback:             0 kB
AnonPages:       1313172 kB
Mapped:           880176 kB
Shmem:             26616 kB
KReclaimable:     670000 kB
Slab:             228960 kB
SReclaimable:      77816 kB
SUnreclaim:       151144 kB
KernelStack:       48544 kB
PageTables:        68620 kB
NFS_Unstable:          0 kB
Bounce:                0 kB
WritebackTmp:          0 kB
CommitLimit:     9202292 kB
Committed_AS:   76625244 kB
VmallocTotal:   263061440 kB
VmallocUsed:      105632 kB
VmallocChunk:          0 kB
Percpu:             7616 kB
CmaTotal:         294912 kB
CmaFree:               0 kB
MemTotal:       12113136 kB
MemFree:         6255364 kB
MemAvailable:    7873996 kB
Buffers:            5544 kB
Cached:          1842764 kB
SwapCached:            0 kB
Active:          1547120 kB
Inactive:        1609872 kB
Active(anon):    1315028 kB
Inactive(anon):    24628 kB
Active(file):     232092 kB
Inactive(file):  1585244 kB
Unevictable:        5508 kB
Mlocked:            5508 kB
SwapTotal:       3145724 kB
SwapFree:        3145724 kB
Dirty:               432 kB
Writeback:             0 kB
AnonPages:       1314356 kB
Mapped:           880080 kB
Shmem:             26520 kB
KReclaimable:     670000 kB
Slab:             228952 kB
SReclaimable:      77816 kB
SUnreclaim:       151136 kB
KernelStack:       48560 kB
PageTables:        68620 kB
NFS_Unstable:          0 kB
Bounce:                0 kB
WritebackTmp:          0 kB
CommitLimit:     9202292 kB
Committed_AS:   76621156 kB
VmallocTotal:   263061440 kB
VmallocUsed:      105600 kB
VmallocChunk:          0 kB
Percpu:             7616 kB
CmaTotal:         294912 kB
CmaFree:              20 kB
MemTotal:       12113136 kB
MemFree:         6253992 kB
MemAvailable:    7872664 kB
Buffers:            5544 kB
Cached:          1843112 kB
SwapCached:            0 kB
Active:          1548152 kB
Inactive:        1609940 kB
Active(anon):    1316056 kB
Inactive(anon):    24664 kB
Active(file):     232096 kB
Inactive(file):  1585276 kB
Unevictable:        5508 kB
Mlocked:            5508 kB
SwapTotal:       3145724 kB
SwapFree:        3145724 kB
Dirty:               420 kB
Writeback:             0 kB
AnonPages:       1314948 kB
Mapped:           880116 kB
Shmem:             26832 kB
KReclaimable:     670004 kB
Slab:             228964 kB
SReclaimable:      77820 kB
SUnreclaim:       151144 kB
KernelStack:       48544 kB
PageTables:        68604 kB
NFS_Unstable:          0 kB
Bounce:                0 kB
WritebackTmp:          0 kB
CommitLimit:     9202292 kB
Committed_AS:   76626028 kB
VmallocTotal:   263061440 kB
VmallocUsed:      105632 kB
VmallocChunk:          0 kB
Percpu:             7616 kB
CmaTotal:         294912 kB
CmaFree:              16 kB
MemTotal:       12113136 kB
MemFree:         6252576 kB
MemAvailable:    7871256 kB
Buffers:            5544 kB
Cached:          1842904 kB
SwapCached:            0 kB
Active:          1548880 kB
Inactive:        1610008 kB
Active(anon):    1316784 kB
Inactive(anon):    24724 kB
Active(file):     232096 kB
Inactive(file):  1585284 kB
Unevictable:        5508 kB
Mlocked:            5508 kB
SwapTotal:       3145724 kB
SwapFree:        3145724 kB
Dirty:               440 kB
Writeback:             0 kB
AnonPages:       1316224 kB
Mapped:           880176 kB
Shmem:             26616 kB
KReclaimable:     670004 kB
Slab:             228996 kB
SReclaimable:      77820 kB
SUnreclaim:       151176 kB
KernelStack:       48544 kB
PageTables:        68624 kB
NFS_Unstable:          0 kB
Bounce:                0 kB
WritebackTmp:          0 kB
CommitLimit:     9202292 kB
Committed_AS:   76626244 kB
VmallocTotal:   263061440 kB
VmallocUsed:      105616 kB
VmallocChunk:          0 kB
Percpu:             7616 kB
CmaTotal:         294912 kB
CmaFree:               0 kB
MemTotal:       12113136 kB
MemFree:         6254208 kB
MemAvailable:    7872860 kB
Buffers:            5544 kB
Cached:          1842876 kB
SwapCached:            0 kB
Active:          1549084 kB
Inactive:        1609988 kB
Active(anon):    1316996 kB
Inactive(anon):    24724 kB
Active(file):     232088 kB
Inactive(file):  1585264 kB
Unevictable:        5508 kB
Mlocked:            5508 kB
SwapTotal:       3145724 kB
SwapFree:        3145724 kB
Dirty:               440 kB
Writeback:             0 kB
AnonPages:       1316280 kB
Mapped:           880176 kB
Shmem:             26616 kB
KReclaimable:     670004 kB
Slab:             228948 kB
SReclaimable:      77820 kB
SUnreclaim:       151128 kB
KernelStack:       48544 kB
PageTables:        68628 kB
NFS_Unstable:          0 kB
Bounce:                0 kB
WritebackTmp:          0 kB
CommitLimit:     9202292 kB
Committed_AS:   76621100 kB
VmallocTotal:   263061440 kB
VmallocUsed:      105616 kB
VmallocChunk:          0 kB
Percpu:             7616 kB
CmaTotal:         294912 kB
CmaFree:               0 kB
MemTotal:       12113136 kB
MemFree:         6251568 kB
MemAvailable:    7870272 kB
Buffers:            5544 kB
Cached:          1845312 kB
SwapCached:            0 kB
Active:          1552412 kB
Inactive:        1610060 kB
Active(anon):    1320316 kB
Inactive(anon):    24752 kB
Active(file):     232096 kB
Inactive(file):  1585308 kB
Unevictable:        5508 kB
Mlocked:            5508 kB
SwapTotal:       3145724 kB
SwapFree:        3145724 kB
Dirty:               468 kB
Writeback:             0 kB
AnonPages:       1317092 kB
Mapped:           880196 kB
Shmem:             29000 kB
KReclaimable:     670004 kB
Slab:             228972 kB
SReclaimable:      77820 kB
SUnreclaim:       151152 kB
KernelStack:       48560 kB
PageTables:        68772 kB
NFS_Unstable:          0 kB
Bounce:                0 kB
WritebackTmp:          0 kB
CommitLimit:     9202292 kB
Committed_AS:   76623412 kB
VmallocTotal:   263061440 kB
VmallocUsed:      105600 kB
