MemTotal:       12113132 kB
MemFree:         6390492 kB
MemAvailable:    8062944 kB
Buffers:            5428 kB
Cached:          1855020 kB
SwapCached:            0 kB
Active:          1537420 kB
Inactive:        1614020 kB
Active(anon):    1297432 kB
Inactive(anon):    23444 kB
Active(file):     239988 kB
Inactive(file):  1590576 kB
Unevictable:        5552 kB
Mlocked:            5552 kB
SwapTotal:       3145724 kB
SwapFree:        3145724 kB
Dirty:               692 kB
Writeback:             0 kB
AnonPages:       1296572 kB
Mapped:           857692 kB
Shmem:             25384 kB
KReclaimable:     710592 kB
Slab:             227564 kB
SReclaimable:      79420 kB
SUnreclaim:       148144 kB
KernelStack:       48256 kB
PageTables:        68168 kB
NFS_Unstable:          0 kB
Bounce:                0 kB
WritebackTmp:          0 kB
CommitLimit:     9202288 kB
Committed_AS:   76606212 kB
VmallocTotal:   263061440 kB
VmallocUsed:      105276 kB
VmallocChunk:          0 kB
Percpu:             7648 kB
CmaTotal:         294912 kB
CmaFree:               0 kB
MemTotal:       12113132 kB
MemFree:         6389580 kB
MemAvailable:    8062068 kB
Buffers:            5428 kB
Cached:          1855056 kB
SwapCached:            0 kB
Active:          1538028 kB
Inactive:        1614040 kB
Active(anon):    1298024 kB
Inactive(anon):    23444 kB
Active(file):     240004 kB
Inactive(file):  1590596 kB
Unevictable:        5552 kB
Mlocked:            5552 kB
SwapTotal:       3145724 kB
SwapFree:        3145724 kB
Dirty:               728 kB
Writeback:             0 kB
AnonPages:       1297112 kB
Mapped:           857804 kB
Shmem:             25384 kB
KReclaimable:     710592 kB
Slab:             227572 kB
SReclaimable:      79420 kB
SUnreclaim:       148152 kB
KernelStack:       48368 kB
PageTables:        68492 kB
NFS_Unstable:          0 kB
Bounce:                0 kB
WritebackTmp:          0 kB
CommitLimit:     9202288 kB
Committed_AS:   76602972 kB
VmallocTotal:   263061440 kB
VmallocUsed:      105308 kB
VmallocChunk:          0 kB
Percpu:             7648 kB
CmaTotal:         294912 kB
CmaFree:               4 kB
MemTotal:       12113132 kB
MemFree:         6388424 kB
MemAvailable:    8061368 kB
Buffers:            5432 kB
Cached:          1855508 kB
SwapCached:            0 kB
Active:          1538280 kB
Inactive:        1614484 kB
Active(anon):    1298264 kB
Inactive(anon):    23444 kB
Active(file):     240016 kB
Inactive(file):  1591040 kB
Unevictable:        5552 kB
Mlocked:            5552 kB
SwapTotal:       3145724 kB
SwapFree:        3145724 kB
Dirty:               740 kB
Writeback:             0 kB
AnonPages:       1297636 kB
Mapped:           857688 kB
Shmem:             25384 kB
KReclaimable:     710592 kB
Slab:             227564 kB
SReclaimable:      79420 kB
SUnreclaim:       148144 kB
KernelStack:       48256 kB
PageTables:        68072 kB
NFS_Unstable:          0 kB
Bounce:                0 kB
WritebackTmp:          0 kB
CommitLimit:     9202288 kB
Committed_AS:   76604148 kB
VmallocTotal:   263061440 kB
VmallocUsed:      105292 kB
VmallocChunk:          0 kB
Percpu:             7648 kB
CmaTotal:         294912 kB
CmaFree:               0 kB
MemTotal:       12113132 kB
MemFree:         6387304 kB
MemAvailable:    8060260 kB
Buffers:            5432 kB
Cached:          1855520 kB
SwapCached:            0 kB
Active:          1538860 kB
Inactive:        1614496 kB
Active(anon):    1298844 kB
Inactive(anon):    23444 kB
Active(file):     240016 kB
Inactive(file):  1591052 kB
Unevictable:        5552 kB
Mlocked:            5552 kB
SwapTotal:       3145724 kB
SwapFree:        3145724 kB
Dirty:               748 kB
Writeback:             0 kB
AnonPages:       1298040 kB
Mapped:           858024 kB
Shmem:             25384 kB
KReclaimable:     710592 kB
Slab:             227564 kB
SReclaimable:      79420 kB
SUnreclaim:       148144 kB
KernelStack:       48252 kB
PageTables:        68556 kB
NFS_Unstable:          0 kB
Bounce:                0 kB
WritebackTmp:          0 kB
CommitLimit:     9202288 kB
Committed_AS:   76607356 kB
VmallocTotal:   263061440 kB
VmallocUsed:      105308 kB
VmallocChunk:          0 kB
Percpu:             7648 kB
CmaTotal:         294912 kB
CmaFree:               0 kB
MemTotal:       12113132 kB
MemFree:         6424836 kB
MemAvailable:    8097808 kB
Buffers:            5432 kB
Cached:          1855536 kB
SwapCached:            0 kB
Active:          1500812 kB
Inactive:        1614512 kB
Active(anon):    1260796 kB
Inactive(anon):    23444 kB
Active(file):     240016 kB
Inactive(file):  1591068 kB
Unevictable:        5552 kB
Mlocked:            5552 kB
SwapTotal:       3145724 kB
SwapFree:        3145724 kB
Dirty:               768 kB
Writeback:             0 kB
AnonPages:       1259952 kB
Mapped:           857780 kB
Shmem:             25384 kB
KReclaimable:     710592 kB
Slab:             227548 kB
SReclaimable:      79420 kB
SUnreclaim:       148128 kB
KernelStack:       48240 kB
PageTables:        68244 kB
NFS_Unstable:          0 kB
Bounce:                0 kB
WritebackTmp:          0 kB
CommitLimit:     9202288 kB
Committed_AS:   76607608 kB
VmallocTotal:   263061440 kB
VmallocUsed:      105292 kB
VmallocChunk:          0 kB
Percpu:             7648 kB
CmaTotal:         294912 kB
CmaFree:             488 kB
MemTotal:       12113132 kB
MemFree:         6423720 kB
MemAvailable:    8096700 kB
Buffers:            5432 kB
Cached:          1855544 kB
SwapCached:            0 kB
Active:          1502212 kB
Inactive:        1614520 kB
Active(anon):    1262196 kB
Inactive(anon):    23444 kB
Active(file):     240016 kB
Inactive(file):  1591076 kB
Unevictable:        5552 kB
Mlocked:            5552 kB
SwapTotal:       3145724 kB
SwapFree:        3145724 kB
Dirty:               808 kB
Writeback:             0 kB
AnonPages:       1261476 kB
Mapped:           857696 kB
Shmem:             25384 kB
KReclaimable:     710592 kB
Slab:             227572 kB
SReclaimable:      79420 kB
SUnreclaim:       148152 kB
KernelStack:       48288 kB
PageTables:        68136 kB
NFS_Unstable:          0 kB
Bounce:                0 kB
WritebackTmp:          0 kB
CommitLimit:     9202288 kB
Committed_AS:   76602320 kB
VmallocTotal:   263061440 kB
VmallocUsed:      105308 kB
VmallocChunk:          0 kB
Percpu:             7648 kB
CmaTotal:         294912 kB
CmaFree:               0 kB
MemTotal:       12113132 kB
MemFree:         6423960 kB
MemAvailable:    8096952 kB
Buffers:            5432 kB
Cached:          1855556 kB
SwapCached:            0 kB
Active:          1502972 kB
Inactive:        1614532 kB
Active(anon):    1262956 kB
Inactive(anon):    23444 kB
Active(file):     240016 kB
Inactive(file):  1591088 kB
Unevictable:        5552 kB
Mlocked:            5552 kB
SwapTotal:       3145724 kB
SwapFree:        3145724 kB
Dirty:               820 kB
Writeback:             0 kB
AnonPages:       1262000 kB
Mapped:           857692 kB
Shmem:             25384 kB
KReclaimable:     710592 kB
Slab:             227564 kB
SReclaimable:      79420 kB
SUnreclaim:       148144 kB
KernelStack:       48256 kB
PageTables:        68216 kB
NFS_Unstable:          0 kB
Bounce:                0 kB
WritebackTmp:          0 kB
CommitLimit:     9202288 kB
Committed_AS:   76607596 kB
VmallocTotal:   263061440 kB
VmallocUsed:      105340 kB
VmallocChunk:          0 kB
Percpu:             7648 kB
CmaTotal:         294912 kB
CmaFree:               0 kB
MemTotal:       12113132 kB
MemFree:         6427580 kB
MemAvailable:    8100580 kB
Buffers:            5432 kB
Cached:          1855564 kB
SwapCached:            0 kB
Active:          1499360 kB
Inactive:        1614136 kB
Active(anon):    1258944 kB
Inactive(anon):    23440 kB
Active(file):     240416 kB
Inactive(file):  1590696 kB
Unevictable:        5552 kB
Mlocked:            5552 kB
SwapTotal:       3145724 kB
SwapFree:        3145724 kB
Dirty:               884 kB
Writeback:             0 kB
AnonPages:       1257848 kB
Mapped:           857228 kB
Shmem:             25384 kB
KReclaimable:     710592 kB
Slab:             227376 kB
SReclaimable:      79420 kB
SUnreclaim:       147956 kB
KernelStack:       48128 kB
PageTables:        68100 kB
NFS_Unstable:          0 kB
Bounce:                0 kB
WritebackTmp:          0 kB
CommitLimit:     9202288 kB
Committed_AS:   75280080 kB
VmallocTotal:   263061440 kB
VmallocUsed:      105140 kB
VmallocChunk:          0 kB
Percpu:             7648 kB
CmaTotal:         294912 kB
CmaFree:              56 kB
MemTotal:       12113132 kB
MemFree:         6431388 kB
MemAvailable:    8104420 kB
Buffers:            5440 kB
Cached:          1855584 kB
SwapCached:            0 kB
Active:          1495976 kB
Inactive:        1614144 kB
Active(anon):    1255540 kB
Inactive(anon):    23436 kB
Active(file):     240436 kB
Inactive(file):  1590708 kB
Unevictable:        5552 kB
Mlocked:            5552 kB
SwapTotal:       3145724 kB
SwapFree:        3145724 kB
Dirty:               448 kB
Writeback:             0 kB
AnonPages:       1254664 kB
Mapped:           857108 kB
Shmem:             25380 kB
KReclaimable:     710592 kB
Slab:             227164 kB
SReclaimable:      79420 kB
SUnreclaim:       147744 kB
KernelStack:       48080 kB
PageTables:        67548 kB
NFS_Unstable:          0 kB
Bounce:                0 kB
WritebackTmp:          0 kB
CommitLimit:     9202288 kB
Committed_AS:   75275444 kB
VmallocTotal:   263061440 kB
VmallocUsed:      105124 kB
VmallocChunk:          0 kB
Percpu:             7648 kB
CmaTotal:         294912 kB
CmaFree:               0 kB
MemTotal:       12113132 kB
MemFree:         6428856 kB
MemAvailable:    8101900 kB
Buffers:            5440 kB
Cached:          1855596 kB
SwapCached:            0 kB
Active:          1501412 kB
Inactive:        1614156 kB
Active(anon):    1260976 kB
Inactive(anon):    23436 kB
Active(file):     240436 kB
Inactive(file):  1590720 kB
Unevictable:        5552 kB
Mlocked:            5552 kB
SwapTotal:       3145724 kB
SwapFree:        3145724 kB
Dirty:               460 kB
Writeback:             0 kB
AnonPages:       1260004 kB
Mapped:           857100 kB
Shmem:             25380 kB
KReclaimable:     710592 kB
Slab:             227236 kB
SReclaimable:      79420 kB
SUnreclaim:       147816 kB
KernelStack:       48096 kB
PageTables:        67588 kB
NFS_Unstable:          0 kB
Bounce:                0 kB
WritebackTmp:          0 kB
CommitLimit:     9202288 kB
Committed_AS:   75276268 kB
VmallocTotal:   263061440 kB
VmallocUsed:      105156 kB
VmallocChunk:          0 kB
Percpu:             7648 kB
CmaTotal:         294912 kB
CmaFree:               0 kB
MemTotal:       12113132 kB
MemFree:         6402836 kB
MemAvailable:    8075904 kB
Buffers:            5440 kB
Cached:          1855428 kB
SwapCached:            0 kB
Active:          1524576 kB
Inactive:        1613984 kB
Active(anon):    1284132 kB
Inactive(anon):    23248 kB
Active(file):     240444 kB
Inactive(file):  1590736 kB
Unevictable:        5552 kB
Mlocked:            5552 kB
SwapTotal:       3145724 kB
SwapFree:        3145724 kB
Dirty:               480 kB
Writeback:             0 kB
AnonPages:       1283256 kB
Mapped:           857056 kB
Shmem:             25188 kB
KReclaimable:     710592 kB
Slab:             227204 kB
SReclaimable:      79420 kB
SUnreclaim:       147784 kB
KernelStack:       48048 kB
PageTables:        67656 kB
NFS_Unstable:          0 kB
Bounce:                0 kB
WritebackTmp:          0 kB
CommitLimit:     9202288 kB
Committed_AS:   75286192 kB
VmallocTotal:   263061440 kB
VmallocUsed:      105188 kB
VmallocChunk:          0 kB
Percpu:             7648 kB
CmaTotal:         294912 kB
CmaFree:             216 kB
MemTotal:       12113132 kB
MemFree:         6403024 kB
MemAvailable:    8076080 kB
Buffers:            5440 kB
Cached:          1855616 kB
SwapCached:            0 kB
Active:          1524748 kB
Inactive:        1614172 kB
Active(anon):    1284312 kB
Inactive(anon):    23440 kB
Active(file):     240436 kB
Inactive(file):  1590732 kB
Unevictable:        5552 kB
Mlocked:            5552 kB
SwapTotal:       3145724 kB
SwapFree:        3145724 kB
Dirty:               480 kB
Writeback:             0 kB
AnonPages:       1283380 kB
Mapped:           857164 kB
Shmem:             25384 kB
KReclaimable:     710592 kB
Slab:             227196 kB
SReclaimable:      79420 kB
SUnreclaim:       147776 kB
KernelStack:       48016 kB
PageTables:        67388 kB
NFS_Unstable:          0 kB
Bounce:                0 kB
WritebackTmp:          0 kB
CommitLimit:     9202288 kB
Committed_AS:   75282036 kB
VmallocTotal:   263061440 kB
VmallocUsed:      105108 kB
VmallocChunk:          0 kB
Percpu:             7648 kB
CmaTotal:         294912 kB
CmaFree:               0 kB
MemTotal:       12113132 kB
MemFree:         6403996 kB
MemAvailable:    8077092 kB
Buffers:            5440 kB
Cached:          1855652 kB
SwapCached:            0 kB
Active:          1525144 kB
Inactive:        1614212 kB
Active(anon):    1284708 kB
Inactive(anon):    23440 kB
Active(file):     240436 kB
Inactive(file):  1590772 kB
Unevictable:        5552 kB
Mlocked:            5552 kB
SwapTotal:       3145724 kB
SwapFree:        3145724 kB
Dirty:               536 kB
Writeback:             0 kB
AnonPages:       1283820 kB
Mapped:           857104 kB
Shmem:             25384 kB
KReclaimable:     710592 kB
Slab:             227204 kB
SReclaimable:      79420 kB
SUnreclaim:       147784 kB
KernelStack:       48000 kB
PageTables:        67468 kB
NFS_Unstable:          0 kB
Bounce:                0 kB
WritebackTmp:          0 kB
CommitLimit:     9202288 kB
Committed_AS:   75286740 kB
VmallocTotal:   263061440 kB
VmallocUsed:      105092 kB
VmallocChunk:          0 kB
Percpu:             7648 kB
CmaTotal:         294912 kB
CmaFree:               0 kB
MemTotal:       12113132 kB
MemFree:         6403060 kB
MemAvailable:    8076160 kB
Buffers:            5440 kB
Cached:          1855628 kB
SwapCached:            0 kB
Active:          1525564 kB
Inactive:        1614436 kB
Active(anon):    1285128 kB
Inactive(anon):    23660 kB
Active(file):     240436 kB
Inactive(file):  1590776 kB
Unevictable:        5552 kB
Mlocked:            5552 kB
SwapTotal:       3145724 kB
SwapFree:        3145724 kB
Dirty:               540 kB
Writeback:             0 kB
AnonPages:       1284636 kB
Mapped:           857344 kB
Shmem:             25356 kB
KReclaimable:     710592 kB
Slab:             227196 kB
SReclaimable:      79420 kB
SUnreclaim:       147776 kB
KernelStack:       48052 kB
PageTables:        67416 kB
NFS_Unstable:          0 kB
Bounce:                0 kB
WritebackTmp:          0 kB
CommitLimit:     9202288 kB
Committed_AS:   75287360 kB
VmallocTotal:   263061440 kB
VmallocUsed:      105108 kB
VmallocChunk:          0 kB
Percpu:             7648 kB
CmaTotal:         294912 kB
CmaFree:               0 kB
MemTotal:       12113132 kB
MemFree:         6402776 kB
MemAvailable:    8075896 kB
Buffers:            5440 kB
Cached:          1855676 kB
SwapCached:            0 kB
Active:          1526932 kB
Inactive:        1614236 kB
Active(anon):    1286496 kB
Inactive(anon):    23440 kB
Active(file):     240436 kB
Inactive(file):  1590796 kB
Unevictable:        5552 kB
Mlocked:            5552 kB
SwapTotal:       3145724 kB
SwapFree:        3145724 kB
Dirty:               560 kB
Writeback:             0 kB
AnonPages:       1285648 kB
Mapped:           857248 kB
Shmem:             25384 kB
KReclaimable:     710592 kB
Slab:             227196 kB
SReclaimable:      79420 kB
SUnreclaim:       147776 kB
KernelStack:       48000 kB
PageTables:        67464 kB
NFS_Unstable:          0 kB
Bounce:                0 kB
WritebackTmp:          0 kB
CommitLimit:     9202288 kB
Committed_AS:   75276760 kB
VmallocTotal:   263061440 kB
VmallocUsed:      105108 kB
VmallocChunk:          0 kB
Percpu:             7648 kB
CmaTotal:         294912 kB
CmaFree:               0 kB
MemTotal:       12113132 kB
MemFree:         6395868 kB
MemAvailable:    8068992 kB
Buffers:            5440 kB
Cached:          1855680 kB
SwapCached:            0 kB
Active:          1533544 kB
Inactive:        1614240 kB
Active(anon):    1293108 kB
Inactive(anon):    23440 kB
Active(file):     240436 kB
Inactive(file):  1590800 kB
Unevictable:        5552 kB
Mlocked:            5552 kB
SwapTotal:       3145724 kB
SwapFree:        3145724 kB
Dirty:               576 kB
Writeback:             0 kB
AnonPages:       1291812 kB
Mapped:           857084 kB
Shmem:             25384 kB
KReclaimable:     710592 kB
Slab:             227196 kB
SReclaimable:      79420 kB
SUnreclaim:       147776 kB
KernelStack:       48096 kB
PageTables:        67276 kB
NFS_Unstable:          0 kB
Bounce:                0 kB
WritebackTmp:          0 kB
CommitLimit:     9202288 kB
Committed_AS:   75286212 kB
VmallocTotal:   263061440 kB
VmallocUsed:      105092 kB
VmallocChunk:          0 kB
Percpu:             7648 kB
CmaTotal:         294912 kB
CmaFree:             384 kB
MemTotal:       12113132 kB
MemFree:         6401652 kB
MemAvailable:    8074800 kB
Buffers:            5440 kB
Cached:          1855704 kB
SwapCached:            0 kB
Active:          1525940 kB
Inactive:        1614264 kB
Active(anon):    1285504 kB
Inactive(anon):    23440 kB
Active(file):     240436 kB
Inactive(file):  1590824 kB
Unevictable:        5552 kB
Mlocked:            5552 kB
SwapTotal:       3145724 kB
SwapFree:        3145724 kB
Dirty:               600 kB
Writeback:             0 kB
AnonPages:       1284648 kB
Mapped:           857104 kB
Shmem:             25384 kB
KReclaimable:     710592 kB
Slab:             227204 kB
SReclaimable:      79420 kB
SUnreclaim:       147784 kB
KernelStack:       47984 kB
PageTables:        67560 kB
NFS_Unstable:          0 kB
Bounce:                0 kB
WritebackTmp:          0 kB
CommitLimit:     9202288 kB
Committed_AS:   75273464 kB
VmallocTotal:   263061440 kB
VmallocUsed:      105060 kB
VmallocChunk:          0 kB
Percpu:             7648 kB
CmaTotal:         294912 kB
CmaFree:               0 kB
MemTotal:       12113132 kB
MemFree:         6402416 kB
MemAvailable:    8075568 kB
Buffers:            5440 kB
Cached:          1855708 kB
SwapCached:            0 kB
Active:          1525168 kB
Inactive:        1614268 kB
Active(anon):    1284732 kB
Inactive(anon):    23440 kB
Active(file):     240436 kB
Inactive(file):  1590828 kB
Unevictable:        5552 kB
Mlocked:            5552 kB
SwapTotal:       3145724 kB
SwapFree:        3145724 kB
Dirty:               596 kB
Writeback:             0 kB
AnonPages:       1283856 kB
Mapped:           857252 kB
Shmem:             25384 kB
KReclaimable:     710592 kB
Slab:             227188 kB
SReclaimable:      79420 kB
SUnreclaim:       147768 kB
KernelStack:       48024 kB
PageTables:        67592 kB
NFS_Unstable:          0 kB
Bounce:                0 kB
WritebackTmp:          0 kB
CommitLimit:     9202288 kB
Committed_AS:   75279320 kB
VmallocTotal:   263061440 kB
VmallocUsed:      105076 kB
VmallocChunk:          0 kB
Percpu:             7648 kB
CmaTotal:         294912 kB
CmaFree:              72 kB
MemTotal:       12113132 kB
MemFree:         6399632 kB
MemAvailable:    8072816 kB
Buffers:            5444 kB
Cached:          1855736 kB
SwapCached:            0 kB
Active:          1530024 kB
Inactive:        1614296 kB
Active(anon):    1289584 kB
Inactive(anon):    23440 kB
Active(file):     240440 kB
Inactive(file):  1590856 kB
Unevictable:        5552 kB
Mlocked:            5552 kB
SwapTotal:       3145724 kB
SwapFree:        3145724 kB
Dirty:               172 kB
Writeback:             0 kB
AnonPages:       1288464 kB
Mapped:           857096 kB
Shmem:             25384 kB
KReclaimable:     710592 kB
Slab:             227196 kB
SReclaimable:      79420 kB
SUnreclaim:       147776 kB
KernelStack:       48016 kB
PageTables:        67628 kB
NFS_Unstable:          0 kB
Bounce:                0 kB
WritebackTmp:          0 kB
CommitLimit:     9202288 kB
Committed_AS:   75280028 kB
VmallocTotal:   263061440 kB
VmallocUsed:      105060 kB
VmallocChunk:          0 kB
Percpu:             7648 kB
CmaTotal:         294912 kB
CmaFree:               0 kB
MemTotal:       12113132 kB
MemFree:         6402212 kB
MemAvailable:    8075408 kB
Buffers:            5444 kB
Cached:          1855812 kB
SwapCached:            0 kB
Active:          1527076 kB
Inactive:        1614532 kB
Active(anon):    1286636 kB
Inactive(anon):    23664 kB
Active(file):     240440 kB
Inactive(file):  1590868 kB
Unevictable:        5552 kB
Mlocked:            5552 kB
SwapTotal:       3145724 kB
SwapFree:        3145724 kB
Dirty:               216 kB
Writeback:             0 kB
AnonPages:       1285352 kB
Mapped:           857320 kB
Shmem:             25448 kB
KReclaimable:     710592 kB
Slab:             227212 kB
SReclaimable:      79420 kB
SUnreclaim:       147792 kB
KernelStack:       47984 kB
PageTables:        67468 kB
NFS_Unstable:          0 kB
Bounce:                0 kB
WritebackTmp:          0 kB
CommitLimit:     9202288 kB
Committed_AS:   75282708 kB
VmallocTotal:   263061440 kB
VmallocUsed:      105076 kB
VmallocChunk:          0 kB
Percpu:             7648 kB
CmaTotal:         294912 kB
CmaFree:              12 kB
MemTotal:       12113132 kB
MemFree:         6400708 kB
MemAvailable:    8073932 kB
Buffers:            5444 kB
Cached:          1855776 kB
SwapCached:            0 kB
Active:          1526884 kB
Inactive:        1614336 kB
Active(anon):    1286444 kB
Inactive(anon):    23440 kB
Active(file):     240440 kB
Inactive(file):  1590896 kB
Unevictable:        5552 kB
Mlocked:            5552 kB
SwapTotal:       3145724 kB
SwapFree:        3145724 kB
Dirty:               224 kB
Writeback:             0 kB
AnonPages:       1285624 kB
Mapped:           857232 kB
Shmem:             25384 kB
KReclaimable:     710592 kB
Slab:             227196 kB
SReclaimable:      79420 kB
SUnreclaim:       147776 kB
KernelStack:       47968 kB
PageTables:        67468 kB
NFS_Unstable:          0 kB
Bounce:                0 kB
WritebackTmp:          0 kB
CommitLimit:     9202288 kB
Committed_AS:   75282736 kB
VmallocTotal:   263061440 kB
VmallocUsed:      105060 kB
VmallocChunk:          0 kB
Percpu:             7648 kB
CmaTotal:         294912 kB
CmaFree:               0 kB
MemTotal:       12113132 kB
MemFree:         6400552 kB
MemAvailable:    8073796 kB
Buffers:            5444 kB
Cached:          1855796 kB
SwapCached:            0 kB
Active:          1528080 kB
Inactive:        1614356 kB
Active(anon):    1287640 kB
Inactive(anon):    23440 kB
Active(file):     240440 kB
Inactive(file):  1590916 kB
Unevictable:        5552 kB
Mlocked:            5552 kB
SwapTotal:       3145724 kB
SwapFree:        3145724 kB
Dirty:               268 kB
Writeback:             0 kB
AnonPages:       1286788 kB
Mapped:           857200 kB
Shmem:             25384 kB
KReclaimable:     710592 kB
Slab:             227204 kB
SReclaimable:      79420 kB
SUnreclaim:       147784 kB
KernelStack:       47984 kB
PageTables:        67836 kB
NFS_Unstable:          0 kB
Bounce:                0 kB
WritebackTmp:          0 kB
CommitLimit:     9202288 kB
Committed_AS:   75282072 kB
VmallocTotal:   263061440 kB
VmallocUsed:      105076 kB
VmallocChunk:          0 kB
Percpu:             7648 kB
CmaTotal:         294912 kB
CmaFree:               0 kB
MemTotal:       12113132 kB
MemFree:         6400592 kB
MemAvailable:    8073840 kB
Buffers:            5444 kB
Cached:          1855800 kB
SwapCached:            0 kB
Active:          1528344 kB
Inactive:        1614360 kB
Active(anon):    1287904 kB
Inactive(anon):    23440 kB
Active(file):     240440 kB
Inactive(file):  1590920 kB
Unevictable:        5552 kB
Mlocked:            5552 kB
SwapTotal:       3145724 kB
SwapFree:        3145724 kB
Dirty:               272 kB
Writeback:             0 kB
AnonPages:       1287120 kB
Mapped:           857232 kB
Shmem:             25384 kB
KReclaimable:     710592 kB
Slab:             227204 kB
SReclaimable:      79420 kB
SUnreclaim:       147784 kB
KernelStack:       47984 kB
PageTables:        67416 kB
NFS_Unstable:          0 kB
Bounce:                0 kB
WritebackTmp:          0 kB
CommitLimit:     9202288 kB
Committed_AS:   75285772 kB
VmallocTotal:   263061440 kB
VmallocUsed:      105044 kB
VmallocChunk:          0 kB
Percpu:             7648 kB
CmaTotal:         294912 kB
CmaFree:               0 kB
MemTotal:       12113132 kB
MemFree:         6399804 kB
MemAvailable:    8073056 kB
Buffers:            5444 kB
Cached:          1855804 kB
SwapCached:            0 kB
Active:          1528800 kB
Inactive:        1614364 kB
Active(anon):    1288360 kB
Inactive(anon):    23440 kB
Active(file):     240440 kB
Inactive(file):  1590924 kB
Unevictable:        5552 kB
Mlocked:            5552 kB
SwapTotal:       3145724 kB
SwapFree:        3145724 kB
Dirty:               276 kB
Writeback:             0 kB
AnonPages:       1287036 kB
Mapped:           857428 kB
Shmem:             25384 kB
KReclaimable:     710592 kB
Slab:             227196 kB
SReclaimable:      79420 kB
SUnreclaim:       147776 kB
KernelStack:       48076 kB
PageTables:        67592 kB
NFS_Unstable:          0 kB
Bounce:                0 kB
WritebackTmp:          0 kB
CommitLimit:     9202288 kB
Committed_AS:   75289092 kB
VmallocTotal:   263061440 kB
VmallocUsed:      105092 kB
VmallocChunk:          0 kB
Percpu:             7648 kB
CmaTotal:         294912 kB
CmaFree:               0 kB
MemTotal:       12113132 kB
MemFree:         6399264 kB
MemAvailable:    8072540 kB
Buffers:            5444 kB
Cached:          1855828 kB
SwapCached:            0 kB
Active:          1529224 kB
Inactive:        1614388 kB
Active(anon):    1288784 kB
Inactive(anon):    23440 kB
Active(file):     240440 kB
Inactive(file):  1590948 kB
Unevictable:        5552 kB
Mlocked:            5552 kB
SwapTotal:       3145724 kB
SwapFree:        3145724 kB
Dirty:               312 kB
Writeback:             0 kB
AnonPages:       1288044 kB
Mapped:           857312 kB
Shmem:             25384 kB
KReclaimable:     710592 kB
Slab:             227184 kB
SReclaimable:      79420 kB
SUnreclaim:       147764 kB
KernelStack:       48032 kB
PageTables:        67552 kB
NFS_Unstable:          0 kB
Bounce:                0 kB
WritebackTmp:          0 kB
CommitLimit:     9202288 kB
Committed_AS:   75278048 kB
VmallocTotal:   263061440 kB
VmallocUsed:      105060 kB
VmallocChunk:          0 kB
Percpu:             7648 kB
CmaTotal:         294912 kB
CmaFree:               8 kB
MemTotal:       12113132 kB
MemFree:         6398928 kB
MemAvailable:    8072184 kB
Buffers:            5444 kB
Cached:          1855808 kB
SwapCached:            0 kB
Active:          1530108 kB
Inactive:        1614368 kB
Active(anon):    1289668 kB
Inactive(anon):    23440 kB
Active(file):     240440 kB
Inactive(file):  1590928 kB
Unevictable:        5552 kB
Mlocked:            5552 kB
SwapTotal:       3145724 kB
SwapFree:        3145724 kB
Dirty:               328 kB
Writeback:             0 kB
AnonPages:       1288796 kB
Mapped:           857348 kB
Shmem:             25384 kB
KReclaimable:     710592 kB
Slab:             227200 kB
SReclaimable:      79420 kB
SUnreclaim:       147780 kB
KernelStack:       48036 kB
PageTables:        67764 kB
NFS_Unstable:          0 kB
Bounce:                0 kB
WritebackTmp:          0 kB
CommitLimit:     9202288 kB
Committed_AS:   75285252 kB
VmallocTotal:   263061440 kB
VmallocUsed:      105028 kB
VmallocChunk:          0 kB
Percpu:             7648 kB
CmaTotal:         294912 kB
CmaFree:               0 kB
MemTotal:       12113132 kB
MemFree:         6398216 kB
MemAvailable:    8071508 kB
Buffers:            5444 kB
Cached:          1855844 kB
SwapCached:            0 kB
Active:          1531052 kB
Inactive:        1614400 kB
Active(anon):    1290608 kB
Inactive(anon):    23440 kB
Active(file):     240444 kB
Inactive(file):  1590960 kB
Unevictable:        5552 kB
Mlocked:            5552 kB
SwapTotal:       3145724 kB
SwapFree:        3145724 kB
Dirty:               344 kB
Writeback:             0 kB
AnonPages:       1289712 kB
Mapped:           857232 kB
Shmem:             25384 kB
KReclaimable:     710592 kB
Slab:             227192 kB
SReclaimable:      79420 kB
SUnreclaim:       147772 kB
KernelStack:       47984 kB
PageTables:        67448 kB
NFS_Unstable:          0 kB
Bounce:                0 kB
WritebackTmp:          0 kB
CommitLimit:     9202288 kB
Committed_AS:   75285508 kB
VmallocTotal:   263061440 kB
VmallocUsed:      105060 kB
VmallocChunk:          0 kB
Percpu:             7648 kB
CmaTotal:         294912 kB
CmaFree:               0 kB
MemTotal:       12113132 kB
MemFree:         6397808 kB
MemAvailable:    8071136 kB
Buffers:            5444 kB
Cached:          1855880 kB
SwapCached:            0 kB
Active:          1531440 kB
Inactive:        1614436 kB
Active(anon):    1290996 kB
Inactive(anon):    23440 kB
Active(file):     240444 kB
Inactive(file):  1590996 kB
Unevictable:        5552 kB
Mlocked:            5552 kB
SwapTotal:       3145724 kB
SwapFree:        3145724 kB
Dirty:               404 kB
Writeback:             0 kB
AnonPages:       1290180 kB
Mapped:           857320 kB
Shmem:             25384 kB
KReclaimable:     710592 kB
Slab:             227232 kB
SReclaimable:      79420 kB
SUnreclaim:       147812 kB
KernelStack:       48016 kB
PageTables:        67528 kB
NFS_Unstable:          0 kB
Bounce:                0 kB
WritebackTmp:          0 kB
CommitLimit:     9202288 kB
Committed_AS:   75285924 kB
VmallocTotal:   263061440 kB
VmallocUsed:      105028 kB
VmallocChunk:          0 kB
Percpu:             7648 kB
CmaTotal:         294912 kB
CmaFree:              16 kB
MemTotal:       12113132 kB
MemFree:         6409408 kB
MemAvailable:    8082736 kB
Buffers:            5444 kB
Cached:          1855884 kB
SwapCached:            0 kB
Active:          1519136 kB
Inactive:        1614440 kB
Active(anon):    1278692 kB
Inactive(anon):    23440 kB
Active(file):     240444 kB
Inactive(file):  1591000 kB
Unevictable:        5552 kB
Mlocked:            5552 kB
SwapTotal:       3145724 kB
SwapFree:        3145724 kB
Dirty:               408 kB
Writeback:             0 kB
AnonPages:       1278028 kB
Mapped:           857428 kB
Shmem:             25384 kB
KReclaimable:     710588 kB
Slab:             227172 kB
SReclaimable:      79416 kB
SUnreclaim:       147756 kB
KernelStack:       47952 kB
PageTables:        67364 kB
NFS_Unstable:          0 kB
Bounce:                0 kB
WritebackTmp:          0 kB
CommitLimit:     9202288 kB
Committed_AS:   75281948 kB
VmallocTotal:   263061440 kB
VmallocUsed:      104996 kB
VmallocChunk:          0 kB
Percpu:             7648 kB
CmaTotal:         294912 kB
CmaFree:             244 kB
MemTotal:       12113132 kB
MemFree:         6408176 kB
MemAvailable:    8081516 kB
Buffers:            5444 kB
Cached:          1855896 kB
SwapCached:            0 kB
Active:          1520132 kB
Inactive:        1614452 kB
Active(anon):    1279688 kB
Inactive(anon):    23440 kB
Active(file):     240444 kB
Inactive(file):  1591012 kB
Unevictable:        5552 kB
Mlocked:            5552 kB
SwapTotal:       3145724 kB
SwapFree:        3145724 kB
Dirty:               420 kB
Writeback:             0 kB
AnonPages:       1278832 kB
Mapped:           857232 kB
Shmem:             25384 kB
KReclaimable:     710588 kB
Slab:             227196 kB
SReclaimable:      79416 kB
SUnreclaim:       147780 kB
KernelStack:       48000 kB
PageTables:        67544 kB
NFS_Unstable:          0 kB
Bounce:                0 kB
WritebackTmp:          0 kB
CommitLimit:     9202288 kB
Committed_AS:   75290448 kB
VmallocTotal:   263061440 kB
VmallocUsed:      104980 kB
VmallocChunk:          0 kB
Percpu:             7648 kB
CmaTotal:         294912 kB
CmaFree:               0 kB
MemTotal:       12113132 kB
MemFree:         6407268 kB
MemAvailable:    8080624 kB
Buffers:            5444 kB
Cached:          1855912 kB
SwapCached:            0 kB
Active:          1520796 kB
Inactive:        1614468 kB
Active(anon):    1280352 kB
Inactive(anon):    23440 kB
Active(file):     240444 kB
Inactive(file):  1591028 kB
Unevictable:        5552 kB
Mlocked:            5552 kB
SwapTotal:       3145724 kB
SwapFree:        3145724 kB
Dirty:               448 kB
Writeback:             0 kB
AnonPages:       1279504 kB
Mapped:           857232 kB
Shmem:             25384 kB
KReclaimable:     710588 kB
Slab:             227180 kB
SReclaimable:      79416 kB
SUnreclaim:       147764 kB
KernelStack:       47952 kB
PageTables:        67472 kB
NFS_Unstable:          0 kB
Bounce:                0 kB
WritebackTmp:          0 kB
CommitLimit:     9202288 kB
Committed_AS:   75283356 kB
VmallocTotal:   263061440 kB
VmallocUsed:      105028 kB
VmallocChunk:          0 kB
Percpu:             7648 kB
CmaTotal:         294912 kB
CmaFree:               0 kB
MemTotal:       12113132 kB
MemFree:         6405472 kB
MemAvailable:    8078840 kB
Buffers:            5444 kB
Cached:          1855924 kB
SwapCached:            0 kB
Active:          1521252 kB
Inactive:        1614480 kB
Active(anon):    1280808 kB
Inactive(anon):    23440 kB
Active(file):     240444 kB
Inactive(file):  1591040 kB
Unevictable:        5552 kB
Mlocked:            5552 kB
SwapTotal:       3145724 kB
SwapFree:        3145724 kB
Dirty:               460 kB
Writeback:             0 kB
AnonPages:       1280036 kB
Mapped:           857232 kB
Shmem:             25384 kB
KReclaimable:     710588 kB
Slab:             227180 kB
SReclaimable:      79416 kB
SUnreclaim:       147764 kB
KernelStack:       47968 kB
PageTables:        67488 kB
NFS_Unstable:          0 kB
Bounce:                0 kB
WritebackTmp:          0 kB
CommitLimit:     9202288 kB
Committed_AS:   75287936 kB
VmallocTotal:   263061440 kB
VmallocUsed:      105012 kB
VmallocChunk:          0 kB
Percpu:             7648 kB
CmaTotal:         294912 kB
CmaFree:               0 kB
MemTotal:       12113132 kB
MemFree:         6404576 kB
MemAvailable:    8077960 kB
Buffers:            5444 kB
Cached:          1855940 kB
SwapCached:            0 kB
Active:          1522028 kB
Inactive:        1614496 kB
Active(anon):    1281584 kB
Inactive(anon):    23440 kB
Active(file):     240444 kB
Inactive(file):  1591056 kB
Unevictable:        5552 kB
Mlocked:            5552 kB
SwapTotal:       3145724 kB
SwapFree:        3145724 kB
Dirty:               476 kB
Writeback:             0 kB
AnonPages:       1280720 kB
Mapped:           857232 kB
Shmem:             25384 kB
KReclaimable:     710588 kB
Slab:             227180 kB
SReclaimable:      79416 kB
SUnreclaim:       147764 kB
KernelStack:       47952 kB
PageTables:        67476 kB
NFS_Unstable:          0 kB
Bounce:                0 kB
WritebackTmp:          0 kB
CommitLimit:     9202288 kB
Committed_AS:   75284304 kB
VmallocTotal:   263061440 kB
VmallocUsed:      104996 kB
VmallocChunk:          0 kB
Percpu:             7648 kB
CmaTotal:         294912 kB
CmaFree:               0 kB
MemTotal:       12113132 kB
MemFree:         6404812 kB
MemAvailable:    8078232 kB
Buffers:            5452 kB
Cached:          1855968 kB
SwapCached:            0 kB
Active:          1522652 kB
Inactive:        1614524 kB
Active(anon):    1282200 kB
Inactive(anon):    23440 kB
Active(file):     240452 kB
Inactive(file):  1591084 kB
Unevictable:        5552 kB
Mlocked:            5552 kB
SwapTotal:       3145724 kB
SwapFree:        3145724 kB
Dirty:               468 kB
Writeback:             0 kB
AnonPages:       1281364 kB
Mapped:           857340 kB
Shmem:             25384 kB
KReclaimable:     710588 kB
Slab:             227180 kB
SReclaimable:      79416 kB
SUnreclaim:       147764 kB
KernelStack:       48000 kB
PageTables:        67560 kB
NFS_Unstable:          0 kB
Bounce:                0 kB
WritebackTmp:          0 kB
CommitLimit:     9202288 kB
Committed_AS:   75284392 kB
VmallocTotal:   263061440 kB
VmallocUsed:      105028 kB
VmallocChunk:          0 kB
Percpu:             7648 kB
CmaTotal:         294912 kB
CmaFree:               0 kB
MemTotal:       12113132 kB
MemFree:         6404204 kB
MemAvailable:    8077640 kB
Buffers:            5452 kB
Cached:          1855984 kB
SwapCached:            0 kB
Active:          1523236 kB
Inactive:        1614540 kB
Active(anon):    1282784 kB
Inactive(anon):    23440 kB
Active(file):     240452 kB
Inactive(file):  1591100 kB
Unevictable:        5552 kB
Mlocked:            5552 kB
SwapTotal:       3145724 kB
SwapFree:        3145724 kB
Dirty:               484 kB
Writeback:             0 kB
AnonPages:       1281968 kB
Mapped:           857232 kB
Shmem:             25384 kB
KReclaimable:     710588 kB
Slab:             227180 kB
SReclaimable:      79416 kB
SUnreclaim:       147764 kB
KernelStack:       47952 kB
PageTables:        67472 kB
NFS_Unstable:          0 kB
Bounce:                0 kB
WritebackTmp:          0 kB
CommitLimit:     9202288 kB
Committed_AS:   75279044 kB
VmallocTotal:   263061440 kB
VmallocUsed:      105012 kB
VmallocChunk:          0 kB
Percpu:             7648 kB
CmaTotal:         294912 kB
CmaFree:               0 kB
MemTotal:       12113132 kB
MemFree:         6403780 kB
MemAvailable:    8077224 kB
Buffers:            5452 kB
Cached:          1855996 kB
SwapCached:            0 kB
Active:          1524692 kB
Inactive:        1614552 kB
Active(anon):    1284240 kB
Inactive(anon):    23444 kB
Active(file):     240452 kB
Inactive(file):  1591108 kB
Unevictable:        5552 kB
Mlocked:            5552 kB
SwapTotal:       3145724 kB
SwapFree:        3145724 kB
Dirty:               492 kB
Writeback:             0 kB
AnonPages:       1283372 kB
Mapped:           857236 kB
Shmem:             25388 kB
KReclaimable:     710588 kB
Slab:             227180 kB
SReclaimable:      79416 kB
SUnreclaim:       147764 kB
KernelStack:       48000 kB
PageTables:        67544 kB
NFS_Unstable:          0 kB
Bounce:                0 kB
WritebackTmp:          0 kB
CommitLimit:     9202288 kB
Committed_AS:   75284004 kB
VmallocTotal:   263061440 kB
VmallocUsed:      105012 kB
VmallocChunk:          0 kB
Percpu:             7648 kB
CmaTotal:         294912 kB
CmaFree:               0 kB
MemTotal:       12113132 kB
MemFree:         6403180 kB
MemAvailable:    8076636 kB
Buffers:            5452 kB
Cached:          1856008 kB
SwapCached:            0 kB
Active:          1524756 kB
Inactive:        1614564 kB
Active(anon):    1284304 kB
Inactive(anon):    23444 kB
Active(file):     240452 kB
Inactive(file):  1591120 kB
Unevictable:        5552 kB
Mlocked:            5552 kB
SwapTotal:       3145724 kB
SwapFree:        3145724 kB
Dirty:               540 kB
Writeback:             0 kB
AnonPages:       1283468 kB
Mapped:           857236 kB
Shmem:             25388 kB
KReclaimable:     710588 kB
Slab:             227180 kB
SReclaimable:      79416 kB
SUnreclaim:       147764 kB
KernelStack:       47952 kB
PageTables:        67472 kB
NFS_Unstable:          0 kB
Bounce:                0 kB
WritebackTmp:          0 kB
CommitLimit:     9202288 kB
Committed_AS:   75279276 kB
VmallocTotal:   263061440 kB
VmallocUsed:      105012 kB
VmallocChunk:          0 kB
Percpu:             7648 kB
CmaTotal:         294912 kB
CmaFree:               0 kB
MemTotal:       12113132 kB
MemFree:         6437624 kB
MemAvailable:    8111088 kB
Buffers:            5452 kB
Cached:          1856020 kB
SwapCached:            0 kB
Active:          1489268 kB
Inactive:        1614576 kB
Active(anon):    1248816 kB
Inactive(anon):    23448 kB
Active(file):     240452 kB
Inactive(file):  1591128 kB
Unevictable:        5552 kB
Mlocked:            5552 kB
SwapTotal:       3145724 kB
SwapFree:        3145724 kB
Dirty:               548 kB
Writeback:             0 kB
AnonPages:       1248156 kB
Mapped:           857240 kB
Shmem:             25392 kB
KReclaimable:     710588 kB
Slab:             227180 kB
SReclaimable:      79416 kB
SUnreclaim:       147764 kB
KernelStack:       48016 kB
PageTables:        67544 kB
NFS_Unstable:          0 kB
Bounce:                0 kB
WritebackTmp:          0 kB
CommitLimit:     9202288 kB
Committed_AS:   75278884 kB
VmallocTotal:   263061440 kB
VmallocUsed:      105044 kB
VmallocChunk:          0 kB
Percpu:             7648 kB
CmaTotal:         294912 kB
CmaFree:               0 kB
MemTotal:       12113132 kB
MemFree:         6437260 kB
MemAvailable:    8110736 kB
Buffers:            5452 kB
Cached:          1856032 kB
SwapCached:            0 kB
Active:          1489840 kB
Inactive:        1614588 kB
Active(anon):    1249388 kB
Inactive(anon):    23448 kB
Active(file):     240452 kB
Inactive(file):  1591140 kB
Unevictable:        5552 kB
Mlocked:            5552 kB
SwapTotal:       3145724 kB
SwapFree:        3145724 kB
Dirty:               560 kB
Writeback:             0 kB
AnonPages:       1248528 kB
Mapped:           857240 kB
Shmem:             25392 kB
KReclaimable:     710588 kB
Slab:             227184 kB
SReclaimable:      79416 kB
SUnreclaim:       147768 kB
KernelStack:       47968 kB
PageTables:        67472 kB
NFS_Unstable:          0 kB
Bounce:                0 kB
WritebackTmp:          0 kB
CommitLimit:     9202288 kB
Committed_AS:   75274532 kB
VmallocTotal:   263061440 kB
VmallocUsed:      104996 kB
VmallocChunk:          0 kB
Percpu:             7648 kB
CmaTotal:         294912 kB
CmaFree:               0 kB
MemTotal:       12113132 kB
MemFree:         6437440 kB
MemAvailable:    8110928 kB
Buffers:            5452 kB
Cached:          1856044 kB
SwapCached:            0 kB
Active:          1490600 kB
Inactive:        1614600 kB
Active(anon):    1250148 kB
Inactive(anon):    23448 kB
Active(file):     240452 kB
Inactive(file):  1591152 kB
Unevictable:        5552 kB
Mlocked:            5552 kB
SwapTotal:       3145724 kB
SwapFree:        3145724 kB
Dirty:               584 kB
Writeback:             0 kB
AnonPages:       1249320 kB
Mapped:           857240 kB
Shmem:             25392 kB
KReclaimable:     710588 kB
Slab:             227184 kB
SReclaimable:      79416 kB
SUnreclaim:       147768 kB
KernelStack:       48016 kB
PageTables:        67564 kB
NFS_Unstable:          0 kB
Bounce:                0 kB
WritebackTmp:          0 kB
CommitLimit:     9202288 kB
Committed_AS:   75279468 kB
VmallocTotal:   263061440 kB
VmallocUsed:      105028 kB
VmallocChunk:          0 kB
Percpu:             7648 kB
CmaTotal:         294912 kB
CmaFree:               0 kB
MemTotal:       12113132 kB
MemFree:         6437064 kB
MemAvailable:    8110560 kB
Buffers:            5452 kB
Cached:          1856052 kB
SwapCached:            0 kB
Active:          1491508 kB
Inactive:        1614608 kB
Active(anon):    1251056 kB
Inactive(anon):    23448 kB
Active(file):     240452 kB
Inactive(file):  1591160 kB
Unevictable:        5552 kB
Mlocked:            5552 kB
SwapTotal:       3145724 kB
SwapFree:        3145724 kB
Dirty:               672 kB
Writeback:             0 kB
AnonPages:       1250220 kB
Mapped:           857420 kB
Shmem:             25392 kB
KReclaimable:     710588 kB
Slab:             227168 kB
SReclaimable:      79416 kB
SUnreclaim:       147752 kB
KernelStack:       47968 kB
PageTables:        67472 kB
NFS_Unstable:          0 kB
Bounce:                0 kB
WritebackTmp:          0 kB
CommitLimit:     9202288 kB
Committed_AS:   75279560 kB
VmallocTotal:   263061440 kB
VmallocUsed:      105012 kB
VmallocChunk:          0 kB
Percpu:             7648 kB
CmaTotal:         294912 kB
CmaFree:               0 kB
MemTotal:       12113132 kB
MemFree:         6435856 kB
MemAvailable:    8109364 kB
Buffers:            5452 kB
Cached:          1856064 kB
SwapCached:            0 kB
Active:          1491616 kB
Inactive:        1614620 kB
Active(anon):    1251164 kB
Inactive(anon):    23448 kB
Active(file):     240452 kB
Inactive(file):  1591172 kB
Unevictable:        5552 kB
Mlocked:            5552 kB
SwapTotal:       3145724 kB
SwapFree:        3145724 kB
Dirty:               700 kB
Writeback:             0 kB
AnonPages:       1250268 kB
Mapped:           857420 kB
Shmem:             25392 kB
KReclaimable:     710588 kB
Slab:             227168 kB
SReclaimable:      79416 kB
SUnreclaim:       147752 kB
KernelStack:       48016 kB
PageTables:        67572 kB
NFS_Unstable:          0 kB
Bounce:                0 kB
WritebackTmp:          0 kB
CommitLimit:     9202288 kB
Committed_AS:   75284828 kB
VmallocTotal:   263061440 kB
VmallocUsed:      105028 kB
VmallocChunk:          0 kB
Percpu:             7648 kB
CmaTotal:         294912 kB
CmaFree:               0 kB
MemTotal:       12113132 kB
MemFree:         6436028 kB
MemAvailable:    8109564 kB
Buffers:            5452 kB
Cached:          1856092 kB
SwapCached:            0 kB
Active:          1492140 kB
Inactive:        1614648 kB
Active(anon):    1251688 kB
Inactive(anon):    23448 kB
Active(file):     240452 kB
Inactive(file):  1591200 kB
Unevictable:        5552 kB
Mlocked:            5552 kB
SwapTotal:       3145724 kB
SwapFree:        3145724 kB
Dirty:               756 kB
Writeback:             0 kB
AnonPages:       1250844 kB
Mapped:           857420 kB
Shmem:             25392 kB
KReclaimable:     710588 kB
Slab:             227168 kB
SReclaimable:      79416 kB
SUnreclaim:       147752 kB
KernelStack:       47952 kB
PageTables:        67476 kB
NFS_Unstable:          0 kB
Bounce:                0 kB
WritebackTmp:          0 kB
CommitLimit:     9202288 kB
Committed_AS:   75278204 kB
VmallocTotal:   263061440 kB
VmallocUsed:      105044 kB
VmallocChunk:          0 kB
Percpu:             7648 kB
CmaTotal:         294912 kB
CmaFree:               0 kB
MemTotal:       12113132 kB
MemFree:         6435256 kB
MemAvailable:    8108800 kB
Buffers:            5452 kB
Cached:          1856100 kB
SwapCached:            0 kB
Active:          1492364 kB
Inactive:        1614656 kB
Active(anon):    1251912 kB
Inactive(anon):    23448 kB
Active(file):     240452 kB
Inactive(file):  1591208 kB
Unevictable:        5552 kB
Mlocked:            5552 kB
SwapTotal:       3145724 kB
SwapFree:        3145724 kB
Dirty:               764 kB
Writeback:             0 kB
AnonPages:       1250928 kB
Mapped:           857620 kB
Shmem:             25392 kB
KReclaimable:     710588 kB
Slab:             227176 kB
SReclaimable:      79416 kB
SUnreclaim:       147760 kB
KernelStack:       48052 kB
PageTables:        67432 kB
NFS_Unstable:          0 kB
Bounce:                0 kB
WritebackTmp:          0 kB
CommitLimit:     9202288 kB
Committed_AS:   75281744 kB
VmallocTotal:   263061440 kB
VmallocUsed:      105012 kB
VmallocChunk:          0 kB
Percpu:             7648 kB
CmaTotal:         294912 kB
CmaFree:               0 kB
MemTotal:       12113132 kB
MemFree:         6434908 kB
MemAvailable:    8108472 kB
Buffers:            5452 kB
Cached:          1856120 kB
SwapCached:            0 kB
Active:          1493060 kB
Inactive:        1614676 kB
Active(anon):    1252608 kB
Inactive(anon):    23448 kB
Active(file):     240452 kB
Inactive(file):  1591228 kB
Unevictable:        5552 kB
Mlocked:            5552 kB
SwapTotal:       3145724 kB
SwapFree:        3145724 kB
Dirty:               784 kB
Writeback:             0 kB
AnonPages:       1251768 kB
Mapped:           857420 kB
Shmem:             25392 kB
KReclaimable:     710588 kB
Slab:             227176 kB
SReclaimable:      79416 kB
SUnreclaim:       147760 kB
KernelStack:       47952 kB
PageTables:        67476 kB
NFS_Unstable:          0 kB
Bounce:                0 kB
WritebackTmp:          0 kB
CommitLimit:     9202288 kB
Committed_AS:   75281344 kB
VmallocTotal:   263061440 kB
VmallocUsed:      105060 kB
VmallocChunk:          0 kB
Percpu:             7648 kB
CmaTotal:         294912 kB
CmaFree:               0 kB
MemTotal:       12113132 kB
MemFree:         6434140 kB
MemAvailable:    8107728 kB
Buffers:            5452 kB
Cached:          1856148 kB
SwapCached:            0 kB
Active:          1493016 kB
Inactive:        1614700 kB
Active(anon):    1252560 kB
Inactive(anon):    23452 kB
Active(file):     240456 kB
Inactive(file):  1591248 kB
Unevictable:        5552 kB
Mlocked:            5552 kB
SwapTotal:       3145724 kB
SwapFree:        3145724 kB
Dirty:               824 kB
Writeback:             0 kB
AnonPages:       1252076 kB
Mapped:           857480 kB
Shmem:             25396 kB
KReclaimable:     710588 kB
Slab:             227184 kB
SReclaimable:      79416 kB
SUnreclaim:       147768 kB
KernelStack:       47988 kB
PageTables:        67724 kB
NFS_Unstable:          0 kB
Bounce:                0 kB
WritebackTmp:          0 kB
CommitLimit:     9202288 kB
Committed_AS:   75281036 kB
VmallocTotal:   263061440 kB
VmallocUsed:      105060 kB
VmallocChunk:          0 kB
Percpu:             7648 kB
CmaTotal:         294912 kB
CmaFree:              24 kB
MemTotal:       12113132 kB
MemFree:         6438796 kB
MemAvailable:    8112384 kB
Buffers:            5452 kB
Cached:          1856152 kB
SwapCached:            0 kB
Active:          1488452 kB
Inactive:        1614708 kB
Active(anon):    1248000 kB
Inactive(anon):    23456 kB
Active(file):     240452 kB
Inactive(file):  1591252 kB
Unevictable:        5552 kB
Mlocked:            5552 kB
SwapTotal:       3145724 kB
SwapFree:        3145724 kB
Dirty:               820 kB
Writeback:             0 kB
AnonPages:       1247228 kB
Mapped:           857428 kB
Shmem:             25400 kB
KReclaimable:     710588 kB
Slab:             227168 kB
SReclaimable:      79416 kB
SUnreclaim:       147752 kB
KernelStack:       47968 kB
PageTables:        67596 kB
NFS_Unstable:          0 kB
Bounce:                0 kB
WritebackTmp:          0 kB
CommitLimit:     9202288 kB
Committed_AS:   75278124 kB
VmallocTotal:   263061440 kB
VmallocUsed:      105028 kB
VmallocChunk:          0 kB
Percpu:             7648 kB
CmaTotal:         294912 kB
CmaFree:             256 kB
MemTotal:       12113132 kB
MemFree:         6439084 kB
MemAvailable:    8112680 kB
Buffers:            5452 kB
Cached:          1856160 kB
SwapCached:            0 kB
Active:          1488752 kB
Inactive:        1614716 kB
Active(anon):    1248300 kB
Inactive(anon):    23456 kB
Active(file):     240452 kB
Inactive(file):  1591260 kB
Unevictable:        5552 kB
Mlocked:            5552 kB
SwapTotal:       3145724 kB
SwapFree:        3145724 kB
Dirty:               852 kB
Writeback:             0 kB
AnonPages:       1247472 kB
Mapped:           857428 kB
Shmem:             25400 kB
KReclaimable:     710588 kB
Slab:             227172 kB
SReclaimable:      79416 kB
SUnreclaim:       147756 kB
KernelStack:       47968 kB
PageTables:        67544 kB
NFS_Unstable:          0 kB
Bounce:                0 kB
WritebackTmp:          0 kB
CommitLimit:     9202288 kB
Committed_AS:   75277912 kB
VmallocTotal:   263061440 kB
VmallocUsed:      105012 kB
VmallocChunk:          0 kB
Percpu:             7648 kB
CmaTotal:         294912 kB
CmaFree:               0 kB
MemTotal:       12113132 kB
MemFree:         6435940 kB
MemAvailable:    8109576 kB
Buffers:            5456 kB
Cached:          1856192 kB
SwapCached:            0 kB
Active:          1493416 kB
Inactive:        1614748 kB
Active(anon):    1252960 kB
Inactive(anon):    23456 kB
Active(file):     240456 kB
Inactive(file):  1591292 kB
Unevictable:        5552 kB
Mlocked:            5552 kB
SwapTotal:       3145724 kB
SwapFree:        3145724 kB
Dirty:               192 kB
Writeback:             0 kB
AnonPages:       1252144 kB
Mapped:           857428 kB
Shmem:             25400 kB
KReclaimable:     710592 kB
Slab:             227184 kB
SReclaimable:      79420 kB
SUnreclaim:       147764 kB
KernelStack:       47920 kB
PageTables:        67468 kB
NFS_Unstable:          0 kB
Bounce:                0 kB
WritebackTmp:          0 kB
CommitLimit:     9202288 kB
Committed_AS:   75283252 kB
VmallocTotal:   263061440 kB
VmallocUsed:      104996 kB
VmallocChunk:          0 kB
Percpu:             7648 kB
CmaTotal:         294912 kB
CmaFree:             340 kB
MemTotal:       12113132 kB
MemFree:         6411264 kB
MemAvailable:    8084912 kB
Buffers:            5456 kB
Cached:          1856212 kB
SwapCached:            0 kB
Active:          1516928 kB
Inactive:        1614768 kB
Active(anon):    1276472 kB
Inactive(anon):    23464 kB
Active(file):     240456 kB
Inactive(file):  1591304 kB
Unevictable:        5552 kB
Mlocked:            5552 kB
SwapTotal:       3145724 kB
SwapFree:        3145724 kB
Dirty:               232 kB
Writeback:             0 kB
AnonPages:       1275648 kB
Mapped:           857544 kB
Shmem:             25408 kB
KReclaimable:     710592 kB
Slab:             227192 kB
SReclaimable:      79420 kB
SUnreclaim:       147772 kB
KernelStack:       47968 kB
PageTables:        67564 kB
NFS_Unstable:          0 kB
Bounce:                0 kB
WritebackTmp:          0 kB
CommitLimit:     9202288 kB
Committed_AS:   75291504 kB
VmallocTotal:   263061440 kB
VmallocUsed:      104964 kB
VmallocChunk:          0 kB
Percpu:             7648 kB
CmaTotal:         294912 kB
CmaFree:               0 kB
MemTotal:       12113132 kB
MemFree:         6410892 kB
MemAvailable:    8084552 kB
Buffers:            5456 kB
Cached:          1856224 kB
SwapCached:            0 kB
Active:          1517800 kB
Inactive:        1614780 kB
Active(anon):    1277344 kB
Inactive(anon):    23464 kB
Active(file):     240456 kB
Inactive(file):  1591316 kB
Unevictable:        5552 kB
Mlocked:            5552 kB
SwapTotal:       3145724 kB
SwapFree:        3145724 kB
Dirty:               276 kB
Writeback:             0 kB
AnonPages:       1276464 kB
Mapped:           857436 kB
Shmem:             25408 kB
KReclaimable:     710592 kB
Slab:             227192 kB
SReclaimable:      79420 kB
SUnreclaim:       147772 kB
KernelStack:       47920 kB
PageTables:        67476 kB
NFS_Unstable:          0 kB
Bounce:                0 kB
WritebackTmp:          0 kB
CommitLimit:     9202288 kB
Committed_AS:   75291284 kB
VmallocTotal:   263061440 kB
VmallocUsed:      104980 kB
VmallocChunk:          0 kB
Percpu:             7648 kB
CmaTotal:         294912 kB
CmaFree:               0 kB
MemTotal:       12113132 kB
MemFree:         6410564 kB
MemAvailable:    8084228 kB
Buffers:            5456 kB
Cached:          1856228 kB
SwapCached:            0 kB
Active:          1517512 kB
Inactive:        1614784 kB
Active(anon):    1277056 kB
Inactive(anon):    23464 kB
Active(file):     240456 kB
Inactive(file):  1591320 kB
Unevictable:        5552 kB
Mlocked:            5552 kB
SwapTotal:       3145724 kB
SwapFree:        3145724 kB
Dirty:               280 kB
Writeback:             0 kB
AnonPages:       1276212 kB
Mapped:           857696 kB
Shmem:             25408 kB
KReclaimable:     710592 kB
Slab:             227200 kB
SReclaimable:      79420 kB
SUnreclaim:       147780 kB
KernelStack:       47968 kB
PageTables:        67496 kB
NFS_Unstable:          0 kB
Bounce:                0 kB
WritebackTmp:          0 kB
CommitLimit:     9202288 kB
Committed_AS:   75290932 kB
VmallocTotal:   263061440 kB
VmallocUsed:      104964 kB
VmallocChunk:          0 kB
Percpu:             7648 kB
CmaTotal:         294912 kB
CmaFree:               0 kB
MemTotal:       12113132 kB
MemFree:         6410416 kB
MemAvailable:    8084096 kB
Buffers:            5456 kB
Cached:          1856252 kB
SwapCached:            0 kB
Active:          1517964 kB
Inactive:        1614808 kB
Active(anon):    1277508 kB
Inactive(anon):    23472 kB
Active(file):     240456 kB
Inactive(file):  1591336 kB
Unevictable:        5552 kB
Mlocked:            5552 kB
SwapTotal:       3145724 kB
SwapFree:        3145724 kB
Dirty:               320 kB
Writeback:             0 kB
AnonPages:       1276632 kB
Mapped:           857444 kB
Shmem:             25416 kB
KReclaimable:     710592 kB
Slab:             227200 kB
SReclaimable:      79420 kB
SUnreclaim:       147780 kB
KernelStack:       47920 kB
PageTables:        67472 kB
NFS_Unstable:          0 kB
Bounce:                0 kB
WritebackTmp:          0 kB
CommitLimit:     9202288 kB
Committed_AS:   75281932 kB
VmallocTotal:   263061440 kB
VmallocUsed:      104980 kB
VmallocChunk:          0 kB
Percpu:             7648 kB
CmaTotal:         294912 kB
CmaFree:               0 kB
MemTotal:       12113132 kB
MemFree:         6409220 kB
MemAvailable:    8082904 kB
Buffers:            5456 kB
Cached:          1856264 kB
SwapCached:            0 kB
Active:          1518248 kB
Inactive:        1614820 kB
Active(anon):    1277792 kB
Inactive(anon):    23480 kB
Active(file):     240456 kB
Inactive(file):  1591340 kB
Unevictable:        5552 kB
Mlocked:            5552 kB
SwapTotal:       3145724 kB
SwapFree:        3145724 kB
Dirty:               324 kB
Writeback:             0 kB
AnonPages:       1277072 kB
Mapped:           857644 kB
Shmem:             25424 kB
KReclaimable:     710592 kB
Slab:             227200 kB
SReclaimable:      79420 kB
SUnreclaim:       147780 kB
KernelStack:       47956 kB
PageTables:        67372 kB
NFS_Unstable:          0 kB
Bounce:                0 kB
WritebackTmp:          0 kB
CommitLimit:     9202288 kB
Committed_AS:   75287532 kB
VmallocTotal:   263061440 kB
VmallocUsed:      105012 kB
VmallocChunk:          0 kB
Percpu:             7648 kB
CmaTotal:         294912 kB
CmaFree:               0 kB
MemTotal:       12113132 kB
MemFree:         6408616 kB
MemAvailable:    8082324 kB
Buffers:            5456 kB
Cached:          1856308 kB
SwapCached:            0 kB
Active:          1519368 kB
Inactive:        1614864 kB
Active(anon):    1278912 kB
Inactive(anon):    23500 kB
Active(file):     240456 kB
Inactive(file):  1591364 kB
Unevictable:        5552 kB
Mlocked:            5552 kB
SwapTotal:       3145724 kB
SwapFree:        3145724 kB
Dirty:               328 kB
Writeback:             0 kB
AnonPages:       1278124 kB
Mapped:           857472 kB
Shmem:             25444 kB
KReclaimable:     710592 kB
Slab:             227184 kB
SReclaimable:      79420 kB
SUnreclaim:       147764 kB
KernelStack:       47920 kB
PageTables:        67472 kB
NFS_Unstable:          0 kB
Bounce:                0 kB
WritebackTmp:          0 kB
CommitLimit:     9202288 kB
Committed_AS:   75287332 kB
VmallocTotal:   263061440 kB
VmallocUsed:      105012 kB
VmallocChunk:          0 kB
Percpu:             7648 kB
CmaTotal:         294912 kB
CmaFree:               0 kB
MemTotal:       12113132 kB
MemFree:         6407656 kB
MemAvailable:    8081372 kB
Buffers:            5456 kB
Cached:          1856316 kB
SwapCached:            0 kB
Active:          1519864 kB
Inactive:        1614872 kB
Active(anon):    1279408 kB
Inactive(anon):    23500 kB
Active(file):     240456 kB
Inactive(file):  1591372 kB
Unevictable:        5552 kB
Mlocked:            5552 kB
SwapTotal:       3145724 kB
SwapFree:        3145724 kB
Dirty:               376 kB
Writeback:             0 kB
AnonPages:       1278524 kB
Mapped:           857472 kB
Shmem:             25444 kB
KReclaimable:     710592 kB
Slab:             227152 kB
SReclaimable:      79420 kB
SUnreclaim:       147732 kB
KernelStack:       47968 kB
PageTables:        67548 kB
NFS_Unstable:          0 kB
Bounce:                0 kB
WritebackTmp:          0 kB
CommitLimit:     9202288 kB
Committed_AS:   75284320 kB
VmallocTotal:   263061440 kB
VmallocUsed:      104980 kB
VmallocChunk:          0 kB
Percpu:             7648 kB
CmaTotal:         294912 kB
CmaFree:               0 kB
MemTotal:       12113132 kB
MemFree:         6408284 kB
MemAvailable:    8082016 kB
Buffers:            5456 kB
Cached:          1856332 kB
SwapCached:            0 kB
Active:          1520244 kB
Inactive:        1614888 kB
Active(anon):    1279788 kB
Inactive(anon):    23500 kB
Active(file):     240456 kB
Inactive(file):  1591388 kB
Unevictable:        5552 kB
Mlocked:            5552 kB
SwapTotal:       3145724 kB
SwapFree:        3145724 kB
Dirty:               396 kB
Writeback:             0 kB
AnonPages:       1278940 kB
Mapped:           857472 kB
Shmem:             25444 kB
KReclaimable:     710592 kB
Slab:             227152 kB
SReclaimable:      79420 kB
SUnreclaim:       147732 kB
KernelStack:       47904 kB
PageTables:        67468 kB
NFS_Unstable:          0 kB
Bounce:                0 kB
WritebackTmp:          0 kB
CommitLimit:     9202288 kB
Committed_AS:   75279032 kB
VmallocTotal:   263061440 kB
VmallocUsed:      104980 kB
VmallocChunk:          0 kB
Percpu:             7648 kB
CmaTotal:         294912 kB
CmaFree:               0 kB
MemTotal:       12113132 kB
MemFree:         6407372 kB
MemAvailable:    8081128 kB
Buffers:            5456 kB
Cached:          1856356 kB
SwapCached:            0 kB
Active:          1520860 kB
Inactive:        1614912 kB
Active(anon):    1280404 kB
Inactive(anon):    23500 kB
Active(file):     240456 kB
Inactive(file):  1591412 kB
Unevictable:        5552 kB
Mlocked:            5552 kB
SwapTotal:       3145724 kB
SwapFree:        3145724 kB
Dirty:               476 kB
Writeback:             0 kB
AnonPages:       1279452 kB
Mapped:           857472 kB
Shmem:             25444 kB
KReclaimable:     710592 kB
Slab:             227152 kB
SReclaimable:      79420 kB
SUnreclaim:       147732 kB
KernelStack:       47952 kB
PageTables:        67552 kB
NFS_Unstable:          0 kB
Bounce:                0 kB
WritebackTmp:          0 kB
CommitLimit:     9202288 kB
Committed_AS:   75282448 kB
VmallocTotal:   263061440 kB
VmallocUsed:      104948 kB
VmallocChunk:          0 kB
Percpu:             7648 kB
CmaTotal:         294912 kB
CmaFree:               0 kB
MemTotal:       12113132 kB
MemFree:         6407788 kB
MemAvailable:    8081560 kB
Buffers:            5456 kB
Cached:          1856372 kB
SwapCached:            0 kB
Active:          1521420 kB
Inactive:        1614928 kB
Active(anon):    1280964 kB
Inactive(anon):    23500 kB
Active(file):     240456 kB
Inactive(file):  1591428 kB
Unevictable:        5552 kB
Mlocked:            5552 kB
SwapTotal:       3145724 kB
SwapFree:        3145724 kB
Dirty:               492 kB
Writeback:             0 kB
AnonPages:       1280088 kB
Mapped:           857472 kB
Shmem:             25444 kB
KReclaimable:     710592 kB
Slab:             227152 kB
SReclaimable:      79420 kB
SUnreclaim:       147732 kB
KernelStack:       47904 kB
PageTables:        67476 kB
NFS_Unstable:          0 kB
Bounce:                0 kB
WritebackTmp:          0 kB
CommitLimit:     9202288 kB
Committed_AS:   75276884 kB
VmallocTotal:   263061440 kB
VmallocUsed:      104948 kB
VmallocChunk:          0 kB
Percpu:             7648 kB
CmaTotal:         294912 kB
CmaFree:               0 kB
MemTotal:       12113132 kB
MemFree:         6417332 kB
MemAvailable:    8091104 kB
Buffers:            5456 kB
Cached:          1856372 kB
SwapCached:            0 kB
Active:          1509604 kB
Inactive:        1614928 kB
Active(anon):    1269148 kB
Inactive(anon):    23500 kB
Active(file):     240456 kB
Inactive(file):  1591428 kB
Unevictable:        5552 kB
Mlocked:            5552 kB
SwapTotal:       3145724 kB
SwapFree:        3145724 kB
Dirty:               492 kB
Writeback:             0 kB
AnonPages:       1268140 kB
Mapped:           857660 kB
Shmem:             25444 kB
KReclaimable:     710592 kB
Slab:             227152 kB
SReclaimable:      79420 kB
SUnreclaim:       147732 kB
KernelStack:       47956 kB
PageTables:        67808 kB
NFS_Unstable:          0 kB
Bounce:                0 kB
WritebackTmp:          0 kB
CommitLimit:     9202288 kB
Committed_AS:   75272624 kB
VmallocTotal:   263061440 kB
VmallocUsed:      104964 kB
VmallocChunk:          0 kB
Percpu:             7648 kB
CmaTotal:         294912 kB
CmaFree:              64 kB
MemTotal:       12113132 kB
MemFree:         6417204 kB
MemAvailable:    8090992 kB
Buffers:            5456 kB
Cached:          1856392 kB
SwapCached:            0 kB
Active:          1509988 kB
Inactive:        1614948 kB
Active(anon):    1269532 kB
Inactive(anon):    23504 kB
Active(file):     240456 kB
Inactive(file):  1591444 kB
Unevictable:        5552 kB
Mlocked:            5552 kB
SwapTotal:       3145724 kB
SwapFree:        3145724 kB
Dirty:               520 kB
Writeback:             0 kB
AnonPages:       1268696 kB
Mapped:           857476 kB
Shmem:             25448 kB
KReclaimable:     710592 kB
Slab:             227144 kB
SReclaimable:      79420 kB
SUnreclaim:       147724 kB
KernelStack:       47888 kB
PageTables:        67472 kB
NFS_Unstable:          0 kB
Bounce:                0 kB
WritebackTmp:          0 kB
CommitLimit:     9202288 kB
Committed_AS:   75282400 kB
VmallocTotal:   263061440 kB
VmallocUsed:      104996 kB
VmallocChunk:          0 kB
Percpu:             7648 kB
CmaTotal:         294912 kB
CmaFree:               0 kB
MemTotal:       12113132 kB
MemFree:         6416428 kB
MemAvailable:    8090212 kB
Buffers:            5456 kB
Cached:          1856388 kB
SwapCached:            0 kB
Active:          1510300 kB
Inactive:        1614948 kB
Active(anon):    1269848 kB
Inactive(anon):    23504 kB
Active(file):     240452 kB
Inactive(file):  1591444 kB
Unevictable:        5552 kB
Mlocked:            5552 kB
SwapTotal:       3145724 kB
SwapFree:        3145724 kB
Dirty:               508 kB
Writeback:             0 kB
AnonPages:       1269124 kB
Mapped:           857600 kB
Shmem:             25448 kB
KReclaimable:     710592 kB
Slab:             227144 kB
SReclaimable:      79420 kB
SUnreclaim:       147724 kB
KernelStack:       47924 kB
PageTables:        67756 kB
NFS_Unstable:          0 kB
Bounce:                0 kB
WritebackTmp:          0 kB
CommitLimit:     9202288 kB
Committed_AS:   75284468 kB
VmallocTotal:   263061440 kB
VmallocUsed:      104948 kB
VmallocChunk:          0 kB
Percpu:             7648 kB
CmaTotal:         294912 kB
CmaFree:               0 kB
MemTotal:       12113132 kB
MemFree:         6415892 kB
MemAvailable:    8089704 kB
Buffers:            5456 kB
Cached:          1856416 kB
SwapCached:            0 kB
Active:          1511204 kB
Inactive:        1614972 kB
Active(anon):    1270748 kB
Inactive(anon):    23504 kB
Active(file):     240456 kB
Inactive(file):  1591468 kB
Unevictable:        5552 kB
Mlocked:            5552 kB
SwapTotal:       3145724 kB
SwapFree:        3145724 kB
Dirty:               544 kB
Writeback:             0 kB
AnonPages:       1269976 kB
Mapped:           857476 kB
Shmem:             25448 kB
KReclaimable:     710592 kB
Slab:             227144 kB
SReclaimable:      79420 kB
SUnreclaim:       147724 kB
KernelStack:       47872 kB
PageTables:        67468 kB
NFS_Unstable:          0 kB
Bounce:                0 kB
WritebackTmp:          0 kB
CommitLimit:     9202288 kB
Committed_AS:   75284032 kB
VmallocTotal:   263061440 kB
VmallocUsed:      104948 kB
VmallocChunk:          0 kB
Percpu:             7648 kB
CmaTotal:         294912 kB
CmaFree:               0 kB
MemTotal:       12113132 kB
MemFree:         6415424 kB
MemAvailable:    8089272 kB
Buffers:            5464 kB
Cached:          1856444 kB
SwapCached:            0 kB
Active:          1511600 kB
Inactive:        1615004 kB
Active(anon):    1271140 kB
Inactive(anon):    23504 kB
Active(file):     240460 kB
Inactive(file):  1591500 kB
Unevictable:        5552 kB
Mlocked:            5552 kB
SwapTotal:       3145724 kB
SwapFree:        3145724 kB
Dirty:               524 kB
Writeback:             0 kB
AnonPages:       1270224 kB
Mapped:           857544 kB
Shmem:             25448 kB
KReclaimable:     710592 kB
Slab:             227144 kB
SReclaimable:      79420 kB
SUnreclaim:       147724 kB
KernelStack:       47920 kB
PageTables:        67632 kB
NFS_Unstable:          0 kB
Bounce:                0 kB
WritebackTmp:          0 kB
CommitLimit:     9202288 kB
Committed_AS:   75283852 kB
VmallocTotal:   263061440 kB
VmallocUsed:      104964 kB
VmallocChunk:          0 kB
Percpu:             7648 kB
CmaTotal:         294912 kB
CmaFree:               0 kB
MemTotal:       12113132 kB
MemFree:         6414496 kB
MemAvailable:    8088388 kB
Buffers:            5464 kB
Cached:          1856488 kB
SwapCached:            0 kB
Active:          1511288 kB
Inactive:        1615040 kB
Active(anon):    1270820 kB
Inactive(anon):    23504 kB
Active(file):     240468 kB
Inactive(file):  1591536 kB
Unevictable:        5552 kB
Mlocked:            5552 kB
SwapTotal:       3145724 kB
SwapFree:        3145724 kB
Dirty:               556 kB
Writeback:             0 kB
AnonPages:       1269664 kB
Mapped:           857536 kB
Shmem:             25448 kB
KReclaimable:     710592 kB
Slab:             227144 kB
SReclaimable:      79420 kB
SUnreclaim:       147724 kB
KernelStack:       47872 kB
PageTables:        67520 kB
NFS_Unstable:          0 kB
Bounce:                0 kB
WritebackTmp:          0 kB
CommitLimit:     9202288 kB
Committed_AS:   75284384 kB
VmallocTotal:   263061440 kB
VmallocUsed:      104964 kB
VmallocChunk:          0 kB
Percpu:             7648 kB
CmaTotal:         294912 kB
CmaFree:               0 kB
MemTotal:       12113132 kB
MemFree:         6414908 kB
MemAvailable:    8088784 kB
Buffers:            5464 kB
Cached:          1856472 kB
SwapCached:            0 kB
Active:          1513044 kB
Inactive:        1615028 kB
Active(anon):    1272580 kB
Inactive(anon):    23504 kB
Active(file):     240464 kB
Inactive(file):  1591524 kB
Unevictable:        5552 kB
Mlocked:            5552 kB
SwapTotal:       3145724 kB
SwapFree:        3145724 kB
Dirty:               560 kB
Writeback:             0 kB
AnonPages:       1271712 kB
Mapped:           857596 kB
Shmem:             25448 kB
KReclaimable:     710592 kB
Slab:             227144 kB
SReclaimable:      79420 kB
SUnreclaim:       147724 kB
KernelStack:       47920 kB
PageTables:        67560 kB
NFS_Unstable:          0 kB
Bounce:                0 kB
WritebackTmp:          0 kB
CommitLimit:     9202288 kB
Committed_AS:   75284676 kB
VmallocTotal:   263061440 kB
VmallocUsed:      104932 kB
VmallocChunk:          0 kB
Percpu:             7648 kB
CmaTotal:         294912 kB
CmaFree:               0 kB
MemTotal:       12113132 kB
MemFree:         6415508 kB
MemAvailable:    8089396 kB
Buffers:            5464 kB
Cached:          1856488 kB
SwapCached:            0 kB
Active:          1513608 kB
Inactive:        1615044 kB
Active(anon):    1273144 kB
Inactive(anon):    23508 kB
Active(file):     240464 kB
Inactive(file):  1591536 kB
Unevictable:        5552 kB
Mlocked:            5552 kB
SwapTotal:       3145724 kB
SwapFree:        3145724 kB
Dirty:               636 kB
Writeback:             0 kB
AnonPages:       1272344 kB
Mapped:           857480 kB
Shmem:             25452 kB
KReclaimable:     710592 kB
Slab:             227144 kB
SReclaimable:      79420 kB
SUnreclaim:       147724 kB
KernelStack:       47840 kB
PageTables:        67476 kB
NFS_Unstable:          0 kB
Bounce:                0 kB
WritebackTmp:          0 kB
CommitLimit:     9202288 kB
Committed_AS:   75269696 kB
VmallocTotal:   263061440 kB
VmallocUsed:      104868 kB
VmallocChunk:          0 kB
Percpu:             7648 kB
CmaTotal:         294912 kB
CmaFree:               0 kB
MemTotal:       12113132 kB
MemFree:         6417952 kB
MemAvailable:    8091844 kB
Buffers:            5464 kB
Cached:          1856492 kB
SwapCached:            0 kB
Active:          1509268 kB
Inactive:        1615048 kB
Active(anon):    1268804 kB
Inactive(anon):    23508 kB
Active(file):     240464 kB
Inactive(file):  1591540 kB
Unevictable:        5552 kB
Mlocked:            5552 kB
SwapTotal:       3145724 kB
SwapFree:        3145724 kB
Dirty:               640 kB
Writeback:             0 kB
AnonPages:       1267932 kB
Mapped:           857480 kB
Shmem:             25452 kB
KReclaimable:     710592 kB
Slab:             227144 kB
SReclaimable:      79420 kB
SUnreclaim:       147724 kB
KernelStack:       47872 kB
PageTables:        67564 kB
NFS_Unstable:          0 kB
Bounce:                0 kB
WritebackTmp:          0 kB
CommitLimit:     9202288 kB
Committed_AS:   75276504 kB
VmallocTotal:   263061440 kB
VmallocUsed:      104900 kB
VmallocChunk:          0 kB
Percpu:             7648 kB
CmaTotal:         294912 kB
CmaFree:               0 kB
MemTotal:       12113132 kB
MemFree:         6417336 kB
MemAvailable:    8091252 kB
Buffers:            5464 kB
Cached:          1856516 kB
SwapCached:            0 kB
Active:          1509784 kB
Inactive:        1615072 kB
Active(anon):    1269320 kB
Inactive(anon):    23508 kB
Active(file):     240464 kB
Inactive(file):  1591564 kB
Unevictable:        5552 kB
Mlocked:            5552 kB
SwapTotal:       3145724 kB
SwapFree:        3145724 kB
Dirty:               668 kB
Writeback:             0 kB
AnonPages:       1268440 kB
Mapped:           857480 kB
Shmem:             25452 kB
KReclaimable:     710592 kB
Slab:             227152 kB
SReclaimable:      79420 kB
SUnreclaim:       147732 kB
KernelStack:       47824 kB
PageTables:        67480 kB
NFS_Unstable:          0 kB
Bounce:                0 kB
WritebackTmp:          0 kB
CommitLimit:     9202288 kB
Committed_AS:   75279496 kB
VmallocTotal:   263061440 kB
VmallocUsed:      104884 kB
VmallocChunk:          0 kB
Percpu:             7648 kB
CmaTotal:         294912 kB
CmaFree:               0 kB
MemTotal:       12113132 kB
MemFree:         6416896 kB
MemAvailable:    8090816 kB
Buffers:            5464 kB
Cached:          1856520 kB
SwapCached:            0 kB
Active:          1510096 kB
Inactive:        1615076 kB
Active(anon):    1269632 kB
Inactive(anon):    23508 kB
Active(file):     240464 kB
Inactive(file):  1591568 kB
Unevictable:        5552 kB
Mlocked:            5552 kB
SwapTotal:       3145724 kB
SwapFree:        3145724 kB
Dirty:               672 kB
Writeback:             0 kB
AnonPages:       1268668 kB
Mapped:           857596 kB
Shmem:             25452 kB
KReclaimable:     710592 kB
Slab:             227152 kB
SReclaimable:      79420 kB
SUnreclaim:       147732 kB
KernelStack:       47828 kB
PageTables:        67384 kB
NFS_Unstable:          0 kB
Bounce:                0 kB
WritebackTmp:          0 kB
CommitLimit:     9202288 kB
Committed_AS:   75279584 kB
VmallocTotal:   263061440 kB
VmallocUsed:      104868 kB
VmallocChunk:          0 kB
Percpu:             7648 kB
CmaTotal:         294912 kB
CmaFree:               0 kB
MemTotal:       12113132 kB
MemFree:         6416156 kB
MemAvailable:    8090092 kB
Buffers:            5464 kB
Cached:          1856536 kB
SwapCached:            0 kB
Active:          1511236 kB
Inactive:        1615092 kB
Active(anon):    1270772 kB
Inactive(anon):    23508 kB
Active(file):     240464 kB
Inactive(file):  1591584 kB
Unevictable:        5552 kB
Mlocked:            5552 kB
SwapTotal:       3145724 kB
SwapFree:        3145724 kB
Dirty:               700 kB
Writeback:             0 kB
AnonPages:       1269908 kB
Mapped:           857480 kB
Shmem:             25452 kB
KReclaimable:     710592 kB
Slab:             227144 kB
SReclaimable:      79420 kB
SUnreclaim:       147724 kB
KernelStack:       47792 kB
PageTables:        67472 kB
NFS_Unstable:          0 kB
Bounce:                0 kB
WritebackTmp:          0 kB
CommitLimit:     9202288 kB
Committed_AS:   75284200 kB
VmallocTotal:   263061440 kB
VmallocUsed:      104884 kB
VmallocChunk:          0 kB
Percpu:             7648 kB
CmaTotal:         294912 kB
CmaFree:               0 kB
MemTotal:       12113132 kB
MemFree:         6414880 kB
MemAvailable:    8088828 kB
Buffers:            5464 kB
Cached:          1856548 kB
SwapCached:            0 kB
Active:          1512656 kB
Inactive:        1615104 kB
Active(anon):    1272192 kB
Inactive(anon):    23508 kB
Active(file):     240464 kB
Inactive(file):  1591596 kB
Unevictable:        5552 kB
Mlocked:            5552 kB
SwapTotal:       3145724 kB
SwapFree:        3145724 kB
Dirty:               712 kB
Writeback:             0 kB
AnonPages:       1271360 kB
Mapped:           857492 kB
Shmem:             25452 kB
KReclaimable:     710592 kB
Slab:             227144 kB
SReclaimable:      79420 kB
SUnreclaim:       147724 kB
KernelStack:       47936 kB
PageTables:        67544 kB
NFS_Unstable:          0 kB
Bounce:                0 kB
WritebackTmp:          0 kB
CommitLimit:     9202288 kB
Committed_AS:   75283932 kB
VmallocTotal:   263061440 kB
VmallocUsed:      104884 kB
VmallocChunk:          0 kB
Percpu:             7648 kB
CmaTotal:         294912 kB
CmaFree:               0 kB
MemTotal:       12113132 kB
MemFree:         6413684 kB
MemAvailable:    8087664 kB
Buffers:            5464 kB
Cached:          1856584 kB
SwapCached:            0 kB
Active:          1513348 kB
Inactive:        1615140 kB
Active(anon):    1272884 kB
Inactive(anon):    23512 kB
Active(file):     240464 kB
Inactive(file):  1591628 kB
Unevictable:        5552 kB
Mlocked:            5552 kB
SwapTotal:       3145724 kB
SwapFree:        3145724 kB
Dirty:               776 kB
Writeback:             0 kB
AnonPages:       1271988 kB
Mapped:           857484 kB
Shmem:             25456 kB
KReclaimable:     710592 kB
Slab:             227144 kB
SReclaimable:      79420 kB
SUnreclaim:       147724 kB
KernelStack:       47888 kB
PageTables:        67480 kB
NFS_Unstable:          0 kB
Bounce:                0 kB
WritebackTmp:          0 kB
CommitLimit:     9202288 kB
Committed_AS:   75283932 kB
VmallocTotal:   263061440 kB
VmallocUsed:      104932 kB
VmallocChunk:          0 kB
Percpu:             7648 kB
CmaTotal:         294912 kB
CmaFree:               0 kB
MemTotal:       12113132 kB
MemFree:         6413492 kB
MemAvailable:    8087480 kB
Buffers:            5464 kB
Cached:          1856592 kB
SwapCached:            0 kB
Active:          1513816 kB
Inactive:        1615148 kB
Active(anon):    1273352 kB
Inactive(anon):    23512 kB
Active(file):     240464 kB
Inactive(file):  1591636 kB
Unevictable:        5552 kB
Mlocked:            5552 kB
SwapTotal:       3145724 kB
SwapFree:        3145724 kB
Dirty:               784 kB
Writeback:             0 kB
AnonPages:       1272528 kB
Mapped:           857588 kB
Shmem:             25456 kB
KReclaimable:     710592 kB
Slab:             227136 kB
SReclaimable:      79420 kB
SUnreclaim:       147716 kB
KernelStack:       47936 kB
PageTables:        67556 kB
NFS_Unstable:          0 kB
Bounce:                0 kB
WritebackTmp:          0 kB
CommitLimit:     9202288 kB
Committed_AS:   75283632 kB
VmallocTotal:   263061440 kB
VmallocUsed:      104964 kB
VmallocChunk:          0 kB
Percpu:             7648 kB
CmaTotal:         294912 kB
CmaFree:               0 kB
MemTotal:       12113132 kB
MemFree:         6413272 kB
MemAvailable:    8087276 kB
Buffers:            5464 kB
Cached:          1856612 kB
SwapCached:            0 kB
Active:          1514480 kB
Inactive:        1615168 kB
Active(anon):    1274016 kB
Inactive(anon):    23516 kB
Active(file):     240464 kB
Inactive(file):  1591652 kB
Unevictable:        5552 kB
Mlocked:            5552 kB
SwapTotal:       3145724 kB
SwapFree:        3145724 kB
Dirty:               800 kB
Writeback:             0 kB
AnonPages:       1273228 kB
Mapped:           857488 kB
Shmem:             25460 kB
KReclaimable:     710592 kB
Slab:             227136 kB
SReclaimable:      79420 kB
SUnreclaim:       147716 kB
KernelStack:       47888 kB
PageTables:        67480 kB
NFS_Unstable:          0 kB
Bounce:                0 kB
WritebackTmp:          0 kB
CommitLimit:     9202288 kB
Committed_AS:   75283280 kB
VmallocTotal:   263061440 kB
VmallocUsed:      104916 kB
VmallocChunk:          0 kB
Percpu:             7648 kB
CmaTotal:         294912 kB
CmaFree:               0 kB
MemTotal:       12113132 kB
MemFree:         6412096 kB
MemAvailable:    8086112 kB
Buffers:            5464 kB
Cached:          1856624 kB
SwapCached:            0 kB
Active:          1515772 kB
Inactive:        1615180 kB
Active(anon):    1275308 kB
Inactive(anon):    23516 kB
Active(file):     240464 kB
Inactive(file):  1591664 kB
Unevictable:        5552 kB
Mlocked:            5552 kB
SwapTotal:       3145724 kB
SwapFree:        3145724 kB
Dirty:               824 kB
Writeback:             0 kB
AnonPages:       1274520 kB
Mapped:           857596 kB
Shmem:             25460 kB
KReclaimable:     710592 kB
Slab:             227152 kB
SReclaimable:      79420 kB
SUnreclaim:       147732 kB
KernelStack:       47936 kB
PageTables:        67568 kB
NFS_Unstable:          0 kB
Bounce:                0 kB
WritebackTmp:          0 kB
CommitLimit:     9202288 kB
Committed_AS:   75284476 kB
VmallocTotal:   263061440 kB
VmallocUsed:      104916 kB
VmallocChunk:          0 kB
Percpu:             7648 kB
CmaTotal:         294912 kB
CmaFree:               0 kB
MemTotal:       12113132 kB
MemFree:         6411844 kB
MemAvailable:    8085872 kB
Buffers:            5464 kB
Cached:          1856636 kB
SwapCached:            0 kB
Active:          1515820 kB
Inactive:        1615192 kB
Active(anon):    1275356 kB
Inactive(anon):    23516 kB
Active(file):     240464 kB
Inactive(file):  1591676 kB
Unevictable:        5552 kB
Mlocked:            5552 kB
SwapTotal:       3145724 kB
SwapFree:        3145724 kB
Dirty:               836 kB
Writeback:             0 kB
AnonPages:       1274592 kB
Mapped:           857488 kB
Shmem:             25460 kB
KReclaimable:     710592 kB
Slab:             227144 kB
SReclaimable:      79420 kB
SUnreclaim:       147724 kB
KernelStack:       47936 kB
PageTables:        67568 kB
NFS_Unstable:          0 kB
Bounce:                0 kB
WritebackTmp:          0 kB
CommitLimit:     9202288 kB
Committed_AS:   75275100 kB
VmallocTotal:   263061440 kB
VmallocUsed:      104916 kB
VmallocChunk:          0 kB
Percpu:             7648 kB
CmaTotal:         294912 kB
CmaFree:               0 kB
MemTotal:       12113132 kB
MemFree:         6411344 kB
MemAvailable:    8085384 kB
Buffers:            5464 kB
Cached:          1856648 kB
SwapCached:            0 kB
Active:          1516708 kB
Inactive:        1615204 kB
Active(anon):    1276244 kB
Inactive(anon):    23516 kB
Active(file):     240464 kB
Inactive(file):  1591688 kB
Unevictable:        5552 kB
Mlocked:            5552 kB
SwapTotal:       3145724 kB
SwapFree:        3145724 kB
Dirty:               848 kB
Writeback:             0 kB
AnonPages:       1275384 kB
Mapped:           857604 kB
Shmem:             25460 kB
KReclaimable:     710592 kB
Slab:             227140 kB
SReclaimable:      79420 kB
SUnreclaim:       147720 kB
KernelStack:       47936 kB
PageTables:        67552 kB
NFS_Unstable:          0 kB
Bounce:                0 kB
WritebackTmp:          0 kB
CommitLimit:     9202288 kB
Committed_AS:   75279376 kB
VmallocTotal:   263061440 kB
VmallocUsed:      104916 kB
VmallocChunk:          0 kB
Percpu:             7648 kB
CmaTotal:         294912 kB
CmaFree:               0 kB
MemTotal:       12113132 kB
MemFree:         6410768 kB
MemAvailable:    8084836 kB
Buffers:            5468 kB
Cached:          1856672 kB
SwapCached:            0 kB
Active:          1517380 kB
Inactive:        1615228 kB
Active(anon):    1276912 kB
Inactive(anon):    23516 kB
Active(file):     240468 kB
Inactive(file):  1591712 kB
Unevictable:        5552 kB
Mlocked:            5552 kB
SwapTotal:       3145724 kB
SwapFree:        3145724 kB
Dirty:               832 kB
Writeback:             0 kB
AnonPages:       1276048 kB
Mapped:           857488 kB
Shmem:             25460 kB
KReclaimable:     710592 kB
Slab:             227148 kB
SReclaimable:      79420 kB
SUnreclaim:       147728 kB
KernelStack:       47888 kB
PageTables:        67480 kB
NFS_Unstable:          0 kB
Bounce:                0 kB
WritebackTmp:          0 kB
CommitLimit:     9202288 kB
Committed_AS:   75279332 kB
VmallocTotal:   263061440 kB
VmallocUsed:      104916 kB
VmallocChunk:          0 kB
Percpu:             7648 kB
CmaTotal:         294912 kB
CmaFree:               0 kB
MemTotal:       12113132 kB
MemFree:         6408956 kB
MemAvailable:    8083036 kB
Buffers:            5468 kB
Cached:          1856684 kB
SwapCached:            0 kB
Active:          1518452 kB
Inactive:        1615240 kB
Active(anon):    1277984 kB
Inactive(anon):    23516 kB
Active(file):     240468 kB
Inactive(file):  1591724 kB
Unevictable:        5552 kB
Mlocked:            5552 kB
SwapTotal:       3145724 kB
SwapFree:        3145724 kB
Dirty:               848 kB
Writeback:             0 kB
AnonPages:       1277128 kB
Mapped:           857532 kB
Shmem:             25460 kB
KReclaimable:     710592 kB
Slab:             227136 kB
SReclaimable:      79420 kB
SUnreclaim:       147716 kB
KernelStack:       47936 kB
PageTables:        67584 kB
NFS_Unstable:          0 kB
Bounce:                0 kB
WritebackTmp:          0 kB
CommitLimit:     9202288 kB
Committed_AS:   75283948 kB
VmallocTotal:   263061440 kB
VmallocUsed:      104932 kB
VmallocChunk:          0 kB
Percpu:             7648 kB
CmaTotal:         294912 kB
CmaFree:               0 kB
MemTotal:       12113132 kB
MemFree:         6409228 kB
MemAvailable:    8083316 kB
Buffers:            5468 kB
Cached:          1856696 kB
SwapCached:            0 kB
Active:          1518400 kB
Inactive:        1615252 kB
Active(anon):    1277932 kB
Inactive(anon):    23520 kB
Active(file):     240468 kB
Inactive(file):  1591732 kB
Unevictable:        5552 kB
Mlocked:            5552 kB
SwapTotal:       3145724 kB
SwapFree:        3145724 kB
Dirty:               856 kB
Writeback:             0 kB
AnonPages:       1277080 kB
Mapped:           857492 kB
Shmem:             25464 kB
KReclaimable:     710592 kB
Slab:             227136 kB
SReclaimable:      79420 kB
SUnreclaim:       147716 kB
KernelStack:       47888 kB
PageTables:        67476 kB
NFS_Unstable:          0 kB
Bounce:                0 kB
WritebackTmp:          0 kB
CommitLimit:     9202288 kB
Committed_AS:   75283520 kB
VmallocTotal:   263061440 kB
VmallocUsed:      104900 kB
VmallocChunk:          0 kB
Percpu:             7648 kB
CmaTotal:         294912 kB
CmaFree:               0 kB
MemTotal:       12113132 kB
MemFree:         6403388 kB
MemAvailable:    8077492 kB
Buffers:            5468 kB
Cached:          1856712 kB
SwapCached:            0 kB
Active:          1527184 kB
Inactive:        1615268 kB
Active(anon):    1286716 kB
Inactive(anon):    23520 kB
Active(file):     240468 kB
Inactive(file):  1591748 kB
Unevictable:        5552 kB
Mlocked:            5552 kB
SwapTotal:       3145724 kB
SwapFree:        3145724 kB
Dirty:               884 kB
Writeback:             0 kB
AnonPages:       1286076 kB
Mapped:           857492 kB
Shmem:             25464 kB
KReclaimable:     710592 kB
Slab:             227152 kB
SReclaimable:      79420 kB
SUnreclaim:       147732 kB
KernelStack:       47936 kB
PageTables:        67548 kB
NFS_Unstable:          0 kB
Bounce:                0 kB
WritebackTmp:          0 kB
CommitLimit:     9202288 kB
Committed_AS:   75283080 kB
VmallocTotal:   263061440 kB
VmallocUsed:      104900 kB
VmallocChunk:          0 kB
Percpu:             7648 kB
CmaTotal:         294912 kB
CmaFree:               0 kB
MemTotal:       12113132 kB
MemFree:         6409388 kB
MemAvailable:    8083496 kB
Buffers:            5468 kB
Cached:          1856716 kB
SwapCached:            0 kB
Active:          1519420 kB
Inactive:        1615272 kB
Active(anon):    1278952 kB
Inactive(anon):    23520 kB
Active(file):     240468 kB
Inactive(file):  1591752 kB
Unevictable:        5552 kB
Mlocked:            5552 kB
SwapTotal:       3145724 kB
SwapFree:        3145724 kB
Dirty:               888 kB
Writeback:             0 kB
AnonPages:       1277944 kB
Mapped:           857492 kB
Shmem:             25464 kB
KReclaimable:     710592 kB
Slab:             227144 kB
SReclaimable:      79420 kB
SUnreclaim:       147724 kB
KernelStack:       47888 kB
PageTables:        67476 kB
NFS_Unstable:          0 kB
Bounce:                0 kB
WritebackTmp:          0 kB
CommitLimit:     9202288 kB
Committed_AS:   75287168 kB
VmallocTotal:   263061440 kB
VmallocUsed:      104900 kB
VmallocChunk:          0 kB
Percpu:             7648 kB
CmaTotal:         294912 kB
CmaFree:               0 kB
MemTotal:       12113132 kB
MemFree:         6407348 kB
MemAvailable:    8081480 kB
Buffers:            5468 kB
Cached:          1856740 kB
SwapCached:            0 kB
Active:          1519564 kB
Inactive:        1615296 kB
Active(anon):    1279096 kB
Inactive(anon):    23520 kB
Active(file):     240468 kB
Inactive(file):  1591776 kB
Unevictable:        5552 kB
Mlocked:            5552 kB
SwapTotal:       3145724 kB
SwapFree:        3145724 kB
Dirty:               212 kB
Writeback:             0 kB
AnonPages:       1278244 kB
Mapped:           857492 kB
Shmem:             25464 kB
KReclaimable:     710592 kB
Slab:             227144 kB
SReclaimable:      79420 kB
SUnreclaim:       147724 kB
KernelStack:       47936 kB
PageTables:        67552 kB
NFS_Unstable:          0 kB
Bounce:                0 kB
WritebackTmp:          0 kB
CommitLimit:     9202288 kB
Committed_AS:   75283140 kB
VmallocTotal:   263061440 kB
VmallocUsed:      104900 kB
VmallocChunk:          0 kB
Percpu:             7648 kB
CmaTotal:         294912 kB
CmaFree:               0 kB
MemTotal:       12113132 kB
MemFree:         6406844 kB
MemAvailable:    8080980 kB
Buffers:            5468 kB
Cached:          1856748 kB
SwapCached:            0 kB
Active:          1520264 kB
Inactive:        1615304 kB
Active(anon):    1279796 kB
Inactive(anon):    23524 kB
Active(file):     240468 kB
Inactive(file):  1591780 kB
Unevictable:        5552 kB
Mlocked:            5552 kB
SwapTotal:       3145724 kB
SwapFree:        3145724 kB
Dirty:               272 kB
Writeback:             0 kB
AnonPages:       1278932 kB
Mapped:           857496 kB
Shmem:             25468 kB
KReclaimable:     710592 kB
Slab:             227144 kB
SReclaimable:      79420 kB
SUnreclaim:       147724 kB
KernelStack:       47888 kB
PageTables:        67476 kB
NFS_Unstable:          0 kB
Bounce:                0 kB
WritebackTmp:          0 kB
CommitLimit:     9202288 kB
Committed_AS:   75283492 kB
VmallocTotal:   263061440 kB
VmallocUsed:      104900 kB
VmallocChunk:          0 kB
Percpu:             7648 kB
CmaTotal:         294912 kB
CmaFree:               0 kB
MemTotal:       12113132 kB
MemFree:         6406220 kB
MemAvailable:    8080356 kB
Buffers:            5468 kB
Cached:          1856748 kB
SwapCached:            0 kB
Active:          1520556 kB
Inactive:        1615308 kB
Active(anon):    1280092 kB
Inactive(anon):    23524 kB
Active(file):     240464 kB
Inactive(file):  1591784 kB
Unevictable:        5552 kB
Mlocked:            5552 kB
SwapTotal:       3145724 kB
SwapFree:        3145724 kB
Dirty:               276 kB
Writeback:             0 kB
AnonPages:       1279384 kB
Mapped:           857688 kB
Shmem:             25468 kB
KReclaimable:     710592 kB
Slab:             227144 kB
SReclaimable:      79420 kB
SUnreclaim:       147724 kB
KernelStack:       47904 kB
PageTables:        67452 kB
NFS_Unstable:          0 kB
Bounce:                0 kB
WritebackTmp:          0 kB
CommitLimit:     9202288 kB
Committed_AS:   75283344 kB
VmallocTotal:   263061440 kB
VmallocUsed:      104948 kB
VmallocChunk:          0 kB
Percpu:             7648 kB
CmaTotal:         294912 kB
CmaFree:               0 kB
MemTotal:       12113132 kB
MemFree:         6405664 kB
MemAvailable:    8079828 kB
Buffers:            5468 kB
Cached:          1856776 kB
SwapCached:            0 kB
Active:          1521076 kB
Inactive:        1615332 kB
Active(anon):    1280608 kB
Inactive(anon):    23524 kB
Active(file):     240468 kB
Inactive(file):  1591808 kB
Unevictable:        5552 kB
Mlocked:            5552 kB
SwapTotal:       3145724 kB
SwapFree:        3145724 kB
Dirty:               300 kB
Writeback:             0 kB
AnonPages:       1279764 kB
Mapped:           857496 kB
Shmem:             25468 kB
KReclaimable:     710592 kB
Slab:             227144 kB
SReclaimable:      79420 kB
SUnreclaim:       147724 kB
KernelStack:       47888 kB
PageTables:        67476 kB
NFS_Unstable:          0 kB
Bounce:                0 kB
WritebackTmp:          0 kB
CommitLimit:     9202288 kB
Committed_AS:   75274608 kB
VmallocTotal:   263061440 kB
VmallocUsed:      104916 kB
VmallocChunk:          0 kB
Percpu:             7648 kB
CmaTotal:         294912 kB
CmaFree:               0 kB
MemTotal:       12113132 kB
MemFree:         6414528 kB
MemAvailable:    8088712 kB
Buffers:            5468 kB
Cached:          1856796 kB
SwapCached:            0 kB
Active:          1512764 kB
Inactive:        1615352 kB
Active(anon):    1272296 kB
Inactive(anon):    23524 kB
Active(file):     240468 kB
Inactive(file):  1591828 kB
Unevictable:        5552 kB
Mlocked:            5552 kB
SwapTotal:       3145724 kB
SwapFree:        3145724 kB
Dirty:               344 kB
Writeback:             0 kB
AnonPages:       1271188 kB
Mapped:           857640 kB
Shmem:             25468 kB
KReclaimable:     710592 kB
Slab:             227144 kB
SReclaimable:      79420 kB
SUnreclaim:       147724 kB
KernelStack:       47920 kB
PageTables:        67560 kB
NFS_Unstable:          0 kB
Bounce:                0 kB
WritebackTmp:          0 kB
CommitLimit:     9202288 kB
Committed_AS:   75280096 kB
VmallocTotal:   263061440 kB
VmallocUsed:      104932 kB
VmallocChunk:          0 kB
Percpu:             7648 kB
CmaTotal:         294912 kB
CmaFree:               0 kB
MemTotal:       12113132 kB
MemFree:         6413848 kB
MemAvailable:    8088044 kB
Buffers:            5468 kB
Cached:          1856808 kB
SwapCached:            0 kB
Active:          1513136 kB
Inactive:        1615364 kB
Active(anon):    1272668 kB
Inactive(anon):    23524 kB
Active(file):     240468 kB
Inactive(file):  1591840 kB
Unevictable:        5552 kB
Mlocked:            5552 kB
SwapTotal:       3145724 kB
SwapFree:        3145724 kB
Dirty:               372 kB
Writeback:             0 kB
AnonPages:       1271860 kB
Mapped:           857496 kB
Shmem:             25468 kB
KReclaimable:     710592 kB
Slab:             227144 kB
SReclaimable:      79420 kB
SUnreclaim:       147724 kB
KernelStack:       47872 kB
PageTables:        67476 kB
NFS_Unstable:          0 kB
Bounce:                0 kB
WritebackTmp:          0 kB
CommitLimit:     9202288 kB
Committed_AS:   75279828 kB
VmallocTotal:   263061440 kB
VmallocUsed:      104932 kB
VmallocChunk:          0 kB
Percpu:             7648 kB
CmaTotal:         294912 kB
CmaFree:              24 kB
MemTotal:       12113132 kB
MemFree:         6412884 kB
MemAvailable:    8087084 kB
Buffers:            5468 kB
Cached:          1856812 kB
SwapCached:            0 kB
Active:          1513336 kB
Inactive:        1615368 kB
Active(anon):    1272868 kB
Inactive(anon):    23524 kB
Active(file):     240468 kB
Inactive(file):  1591844 kB
Unevictable:        5552 kB
Mlocked:            5552 kB
SwapTotal:       3145724 kB
SwapFree:        3145724 kB
Dirty:               376 kB
Writeback:             0 kB
AnonPages:       1271880 kB
Mapped:           857552 kB
Shmem:             25468 kB
KReclaimable:     710592 kB
Slab:             227144 kB
SReclaimable:      79420 kB
SUnreclaim:       147724 kB
KernelStack:       47876 kB
PageTables:        67688 kB
NFS_Unstable:          0 kB
Bounce:                0 kB
WritebackTmp:          0 kB
CommitLimit:     9202288 kB
Committed_AS:   75283520 kB
VmallocTotal:   263061440 kB
VmallocUsed:      104964 kB
VmallocChunk:          0 kB
Percpu:             7648 kB
CmaTotal:         294912 kB
CmaFree:              36 kB
MemTotal:       12113132 kB
MemFree:         6423996 kB
MemAvailable:    8098216 kB
Buffers:            5468 kB
Cached:          1856832 kB
SwapCached:            0 kB
Active:          1501756 kB
Inactive:        1615388 kB
Active(anon):    1261288 kB
Inactive(anon):    23524 kB
Active(file):     240468 kB
Inactive(file):  1591864 kB
Unevictable:        5552 kB
Mlocked:            5552 kB
SwapTotal:       3145724 kB
SwapFree:        3145724 kB
Dirty:               380 kB
Writeback:             0 kB
AnonPages:       1260424 kB
Mapped:           857496 kB
Shmem:             25468 kB
KReclaimable:     710592 kB
Slab:             227144 kB
SReclaimable:      79420 kB
SUnreclaim:       147724 kB
KernelStack:       47872 kB
PageTables:        67476 kB
NFS_Unstable:          0 kB
Bounce:                0 kB
WritebackTmp:          0 kB
CommitLimit:     9202288 kB
Committed_AS:   75283344 kB
VmallocTotal:   263061440 kB
VmallocUsed:      104948 kB
VmallocChunk:          0 kB
Percpu:             7648 kB
CmaTotal:         294912 kB
CmaFree:             120 kB
MemTotal:       12113132 kB
MemFree:         6423908 kB
MemAvailable:    8098136 kB
Buffers:            5468 kB
Cached:          1856840 kB
SwapCached:            0 kB
Active:          1502416 kB
Inactive:        1615400 kB
Active(anon):    1261952 kB
Inactive(anon):    23524 kB
Active(file):     240464 kB
Inactive(file):  1591876 kB
Unevictable:        5552 kB
Mlocked:            5552 kB
SwapTotal:       3145724 kB
SwapFree:        3145724 kB
Dirty:               408 kB
Writeback:             0 kB
AnonPages:       1261076 kB
Mapped:           857496 kB
Shmem:             25468 kB
KReclaimable:     710592 kB
Slab:             227144 kB
SReclaimable:      79420 kB
SUnreclaim:       147724 kB
KernelStack:       47920 kB
PageTables:        67544 kB
NFS_Unstable:          0 kB
Bounce:                0 kB
WritebackTmp:          0 kB
CommitLimit:     9202288 kB
Committed_AS:   75284492 kB
VmallocTotal:   263061440 kB
VmallocUsed:      104948 kB
VmallocChunk:          0 kB
Percpu:             7648 kB
CmaTotal:         294912 kB
CmaFree:               0 kB
MemTotal:       12113132 kB
MemFree:         6423544 kB
MemAvailable:    8097784 kB
Buffers:            5468 kB
Cached:          1856852 kB
SwapCached:            0 kB
Active:          1503096 kB
Inactive:        1615408 kB
Active(anon):    1262628 kB
Inactive(anon):    23524 kB
Active(file):     240468 kB
Inactive(file):  1591884 kB
Unevictable:        5552 kB
Mlocked:            5552 kB
SwapTotal:       3145724 kB
SwapFree:        3145724 kB
Dirty:               420 kB
Writeback:             0 kB
AnonPages:       1261788 kB
Mapped:           857496 kB
Shmem:             25468 kB
KReclaimable:     710592 kB
Slab:             227144 kB
SReclaimable:      79420 kB
SUnreclaim:       147724 kB
KernelStack:       47872 kB
PageTables:        67476 kB
NFS_Unstable:          0 kB
Bounce:                0 kB
WritebackTmp:          0 kB
CommitLimit:     9202288 kB
Committed_AS:   75284232 kB
VmallocTotal:   263061440 kB
VmallocUsed:      104932 kB
VmallocChunk:          0 kB
Percpu:             7648 kB
CmaTotal:         294912 kB
CmaFree:              44 kB
MemTotal:       12113132 kB
MemFree:         6423644 kB
MemAvailable:    8097924 kB
Buffers:            5476 kB
Cached:          1856888 kB
SwapCached:            0 kB
Active:          1503504 kB
Inactive:        1615444 kB
Active(anon):    1263028 kB
Inactive(anon):    23528 kB
Active(file):     240476 kB
Inactive(file):  1591916 kB
Unevictable:        5552 kB
Mlocked:            5552 kB
SwapTotal:       3145724 kB
SwapFree:        3145724 kB
Dirty:               448 kB
Writeback:             0 kB
AnonPages:       1262152 kB
Mapped:           857500 kB
Shmem:             25472 kB
KReclaimable:     710592 kB
Slab:             227144 kB
SReclaimable:      79420 kB
SUnreclaim:       147724 kB
KernelStack:       47936 kB
PageTables:        67576 kB
NFS_Unstable:          0 kB
Bounce:                0 kB
WritebackTmp:          0 kB
CommitLimit:     9202288 kB
Committed_AS:   75284144 kB
VmallocTotal:   263061440 kB
VmallocUsed:      104948 kB
