MemTotal:       12113136 kB
MemFree:         4264344 kB
MemAvailable:    7611952 kB
Buffers:            6392 kB
Cached:          2514888 kB
SwapCached:            0 kB
Active:          1832816 kB
Inactive:        2142748 kB
Active(anon):    1463444 kB
Inactive(anon):    33624 kB
Active(file):     369372 kB
Inactive(file):  2109124 kB
Unevictable:        5564 kB
Mlocked:            5564 kB
SwapTotal:       3145724 kB
SwapFree:        3145724 kB
Dirty:               108 kB
Writeback:             0 kB
AnonPages:       1460152 kB
Mapped:           974484 kB
Shmem:             38308 kB
KReclaimable:    1737816 kB
Slab:             270960 kB
SReclaimable:     117276 kB
SUnreclaim:       153684 kB
KernelStack:       50292 kB
PageTables:        70328 kB
NFS_Unstable:          0 kB
Bounce:                0 kB
WritebackTmp:          0 kB
CommitLimit:     9202292 kB
Committed_AS:   76227080 kB
VmallocTotal:   263061440 kB
VmallocUsed:      107432 kB
VmallocChunk:          0 kB
Percpu:             7648 kB
CmaTotal:         294912 kB
CmaFree:               0 kB
MemTotal:       12113136 kB
MemFree:         4263676 kB
MemAvailable:    7611368 kB
Buffers:            6392 kB
Cached:          2514972 kB
SwapCached:            0 kB
Active:          1834148 kB
Inactive:        2142796 kB
Active(anon):    1464740 kB
Inactive(anon):    33624 kB
Active(file):     369408 kB
Inactive(file):  2109172 kB
Unevictable:        5564 kB
Mlocked:            5564 kB
SwapTotal:       3145724 kB
SwapFree:        3145724 kB
Dirty:               204 kB
Writeback:             0 kB
AnonPages:       1461012 kB
Mapped:           974384 kB
Shmem:             38308 kB
KReclaimable:    1737816 kB
Slab:             270896 kB
SReclaimable:     117276 kB
SUnreclaim:       153620 kB
KernelStack:       50272 kB
PageTables:        70304 kB
NFS_Unstable:          0 kB
Bounce:                0 kB
WritebackTmp:          0 kB
CommitLimit:     9202292 kB
Committed_AS:   76237672 kB
VmallocTotal:   263061440 kB
VmallocUsed:      107480 kB
VmallocChunk:          0 kB
Percpu:             7648 kB
CmaTotal:         294912 kB
CmaFree:             272 kB
MemTotal:       12113136 kB
MemFree:         4263024 kB
MemAvailable:    7610720 kB
Buffers:            6392 kB
Cached:          2514976 kB
SwapCached:            0 kB
Active:          1835280 kB
Inactive:        2142800 kB
Active(anon):    1465872 kB
Inactive(anon):    33624 kB
Active(file):     369408 kB
Inactive(file):  2109176 kB
Unevictable:        5564 kB
Mlocked:            5564 kB
SwapTotal:       3145724 kB
SwapFree:        3145724 kB
Dirty:               256 kB
Writeback:             0 kB
AnonPages:       1462232 kB
Mapped:           974440 kB
Shmem:             38308 kB
KReclaimable:    1737816 kB
Slab:             270872 kB
SReclaimable:     117276 kB
SUnreclaim:       153596 kB
KernelStack:       50304 kB
PageTables:        70404 kB
NFS_Unstable:          0 kB
Bounce:                0 kB
WritebackTmp:          0 kB
CommitLimit:     9202292 kB
Committed_AS:   76233684 kB
VmallocTotal:   263061440 kB
VmallocUsed:      107448 kB
VmallocChunk:          0 kB
Percpu:             7648 kB
CmaTotal:         294912 kB
CmaFree:               0 kB
MemTotal:       12113136 kB
MemFree:         4261664 kB
MemAvailable:    7609380 kB
Buffers:            6400 kB
Cached:          2514988 kB
SwapCached:            0 kB
Active:          1836004 kB
Inactive:        2142820 kB
Active(anon):    1466596 kB
Inactive(anon):    33624 kB
Active(file):     369408 kB
Inactive(file):  2109196 kB
Unevictable:        5564 kB
Mlocked:            5564 kB
SwapTotal:       3145724 kB
SwapFree:        3145724 kB
Dirty:               280 kB
Writeback:             0 kB
AnonPages:       1463132 kB
Mapped:           974696 kB
Shmem:             38308 kB
KReclaimable:    1737816 kB
Slab:             270888 kB
SReclaimable:     117276 kB
SUnreclaim:       153612 kB
KernelStack:       50340 kB
PageTables:        70260 kB
NFS_Unstable:          0 kB
Bounce:                0 kB
WritebackTmp:          0 kB
CommitLimit:     9202292 kB
Committed_AS:   76235496 kB
VmallocTotal:   263061440 kB
VmallocUsed:      107512 kB
VmallocChunk:          0 kB
Percpu:             7648 kB
CmaTotal:         294912 kB
CmaFree:               0 kB
MemTotal:       12113136 kB
MemFree:         4260288 kB
MemAvailable:    7608048 kB
Buffers:            6400 kB
Cached:          2515032 kB
SwapCached:            0 kB
Active:          1837132 kB
Inactive:        2142856 kB
Active(anon):    1467716 kB
Inactive(anon):    33624 kB
Active(file):     369416 kB
Inactive(file):  2109232 kB
Unevictable:        5564 kB
Mlocked:            5564 kB
SwapTotal:       3145724 kB
SwapFree:        3145724 kB
Dirty:               228 kB
Writeback:             0 kB
AnonPages:       1463892 kB
Mapped:           974684 kB
Shmem:             38308 kB
KReclaimable:    1737816 kB
Slab:             270876 kB
SReclaimable:     117276 kB
SUnreclaim:       153600 kB
KernelStack:       50256 kB
PageTables:        70160 kB
NFS_Unstable:          0 kB
Bounce:                0 kB
WritebackTmp:          0 kB
CommitLimit:     9202292 kB
Committed_AS:   76234552 kB
VmallocTotal:   263061440 kB
VmallocUsed:      107528 kB
VmallocChunk:          0 kB
Percpu:             7648 kB
CmaTotal:         294912 kB
CmaFree:              48 kB
MemTotal:       12113136 kB
MemFree:         4259572 kB
MemAvailable:    7607348 kB
Buffers:            6400 kB
Cached:          2515048 kB
SwapCached:            0 kB
Active:          1838484 kB
Inactive:        2142872 kB
Active(anon):    1469068 kB
Inactive(anon):    33624 kB
Active(file):     369416 kB
Inactive(file):  2109248 kB
Unevictable:        5564 kB
Mlocked:            5564 kB
SwapTotal:       3145724 kB
SwapFree:        3145724 kB
Dirty:               356 kB
Writeback:             0 kB
AnonPages:       1464952 kB
Mapped:           974608 kB
Shmem:             38308 kB
KReclaimable:    1737816 kB
Slab:             270924 kB
SReclaimable:     117276 kB
SUnreclaim:       153648 kB
KernelStack:       50336 kB
PageTables:        70424 kB
NFS_Unstable:          0 kB
Bounce:                0 kB
WritebackTmp:          0 kB
CommitLimit:     9202292 kB
Committed_AS:   76234376 kB
VmallocTotal:   263061440 kB
VmallocUsed:      107512 kB
VmallocChunk:          0 kB
Percpu:             7648 kB
CmaTotal:         294912 kB
CmaFree:               4 kB
MemTotal:       12113136 kB
MemFree:         4258556 kB
MemAvailable:    7606336 kB
Buffers:            6400 kB
Cached:          2515052 kB
SwapCached:            0 kB
Active:          1838976 kB
Inactive:        2142876 kB
Active(anon):    1469560 kB
Inactive(anon):    33624 kB
Active(file):     369416 kB
Inactive(file):  2109252 kB
Unevictable:        5564 kB
Mlocked:            5564 kB
SwapTotal:       3145724 kB
SwapFree:        3145724 kB
Dirty:               364 kB
Writeback:             0 kB
AnonPages:       1466196 kB
Mapped:           974340 kB
Shmem:             38308 kB
KReclaimable:    1737816 kB
Slab:             270904 kB
SReclaimable:     117276 kB
SUnreclaim:       153628 kB
KernelStack:       50304 kB
PageTables:        70380 kB
NFS_Unstable:          0 kB
Bounce:                0 kB
WritebackTmp:          0 kB
CommitLimit:     9202292 kB
Committed_AS:   76230580 kB
VmallocTotal:   263061440 kB
VmallocUsed:      107480 kB
VmallocChunk:          0 kB
Percpu:             7648 kB
CmaTotal:         294912 kB
CmaFree:              16 kB
MemTotal:       12113136 kB
MemFree:         4279060 kB
MemAvailable:    7626864 kB
Buffers:            6400 kB
Cached:          2515076 kB
SwapCached:            0 kB
Active:          1816432 kB
Inactive:        2142896 kB
Active(anon):    1447012 kB
Inactive(anon):    33624 kB
Active(file):     369420 kB
Inactive(file):  2109272 kB
Unevictable:        5564 kB
Mlocked:            5564 kB
SwapTotal:       3145724 kB
SwapFree:        3145724 kB
Dirty:               392 kB
Writeback:             0 kB
AnonPages:       1443460 kB
Mapped:           974388 kB
Shmem:             38308 kB
KReclaimable:    1737816 kB
Slab:             270876 kB
SReclaimable:     117276 kB
SUnreclaim:       153600 kB
KernelStack:       50304 kB
PageTables:        70152 kB
NFS_Unstable:          0 kB
Bounce:                0 kB
WritebackTmp:          0 kB
CommitLimit:     9202292 kB
Committed_AS:   76230188 kB
VmallocTotal:   263061440 kB
VmallocUsed:      107512 kB
VmallocChunk:          0 kB
Percpu:             7648 kB
CmaTotal:         294912 kB
CmaFree:              40 kB
MemTotal:       12113136 kB
MemFree:         4279032 kB
MemAvailable:    7626844 kB
Buffers:            6400 kB
Cached:          2515084 kB
SwapCached:            0 kB
Active:          1818276 kB
Inactive:        2142908 kB
Active(anon):    1448860 kB
Inactive(anon):    33624 kB
Active(file):     369416 kB
Inactive(file):  2109284 kB
Unevictable:        5564 kB
Mlocked:            5564 kB
SwapTotal:       3145724 kB
SwapFree:        3145724 kB
Dirty:               168 kB
Writeback:             0 kB
AnonPages:       1445356 kB
Mapped:           974384 kB
Shmem:             38308 kB
KReclaimable:    1737816 kB
Slab:             270940 kB
SReclaimable:     117276 kB
SUnreclaim:       153664 kB
KernelStack:       50288 kB
PageTables:        70368 kB
NFS_Unstable:          0 kB
Bounce:                0 kB
WritebackTmp:          0 kB
CommitLimit:     9202292 kB
Committed_AS:   76224216 kB
VmallocTotal:   263061440 kB
VmallocUsed:      107512 kB
VmallocChunk:          0 kB
Percpu:             7648 kB
CmaTotal:         294912 kB
CmaFree:               0 kB
MemTotal:       12113136 kB
MemFree:         4277348 kB
MemAvailable:    7625160 kB
Buffers:            6400 kB
Cached:          2515084 kB
SwapCached:            0 kB
Active:          1818936 kB
Inactive:        2142908 kB
Active(anon):    1449520 kB
Inactive(anon):    33624 kB
Active(file):     369416 kB
Inactive(file):  2109284 kB
Unevictable:        5564 kB
Mlocked:            5564 kB
SwapTotal:       3145724 kB
SwapFree:        3145724 kB
Dirty:               216 kB
Writeback:             0 kB
AnonPages:       1445832 kB
Mapped:           974376 kB
Shmem:             38308 kB
KReclaimable:    1737816 kB
Slab:             270912 kB
SReclaimable:     117276 kB
SUnreclaim:       153636 kB
KernelStack:       50272 kB
PageTables:        70228 kB
NFS_Unstable:          0 kB
Bounce:                0 kB
WritebackTmp:          0 kB
CommitLimit:     9202292 kB
Committed_AS:   76224400 kB
VmallocTotal:   263061440 kB
VmallocUsed:      107448 kB
VmallocChunk:          0 kB
Percpu:             7648 kB
CmaTotal:         294912 kB
CmaFree:               0 kB
MemTotal:       12113136 kB
MemFree:         4275224 kB
MemAvailable:    7623068 kB
Buffers:            6400 kB
Cached:          2515176 kB
SwapCached:            0 kB
Active:          1823840 kB
Inactive:        2143000 kB
Active(anon):    1454424 kB
Inactive(anon):    33684 kB
Active(file):     369416 kB
Inactive(file):  2109316 kB
Unevictable:        5564 kB
Mlocked:            5564 kB
SwapTotal:       3145724 kB
SwapFree:        3145724 kB
Dirty:               304 kB
Writeback:             0 kB
AnonPages:       1450760 kB
Mapped:           974504 kB
Shmem:             38368 kB
KReclaimable:    1737816 kB
Slab:             270924 kB
SReclaimable:     117276 kB
SUnreclaim:       153648 kB
KernelStack:       50240 kB
PageTables:        70268 kB
NFS_Unstable:          0 kB
Bounce:                0 kB
WritebackTmp:          0 kB
CommitLimit:     9202292 kB
Committed_AS:   76222500 kB
VmallocTotal:   263061440 kB
VmallocUsed:      107448 kB
VmallocChunk:          0 kB
Percpu:             7648 kB
CmaTotal:         294912 kB
CmaFree:               0 kB
MemTotal:       12113136 kB
MemFree:         4271552 kB
MemAvailable:    7619400 kB
Buffers:            6400 kB
Cached:          2515124 kB
SwapCached:            0 kB
Active:          1825400 kB
Inactive:        2142948 kB
Active(anon):    1455984 kB
Inactive(anon):    33628 kB
Active(file):     369416 kB
Inactive(file):  2109320 kB
Unevictable:        5564 kB
Mlocked:            5564 kB
SwapTotal:       3145724 kB
SwapFree:        3145724 kB
Dirty:               360 kB
Writeback:             0 kB
AnonPages:       1451996 kB
Mapped:           974492 kB
Shmem:             38312 kB
KReclaimable:    1737816 kB
Slab:             270916 kB
SReclaimable:     117276 kB
SUnreclaim:       153640 kB
KernelStack:       50288 kB
PageTables:        70368 kB
NFS_Unstable:          0 kB
Bounce:                0 kB
WritebackTmp:          0 kB
CommitLimit:     9202292 kB
Committed_AS:   76227208 kB
VmallocTotal:   263061440 kB
VmallocUsed:      107480 kB
VmallocChunk:          0 kB
Percpu:             7648 kB
CmaTotal:         294912 kB
CmaFree:               0 kB
MemTotal:       12113136 kB
MemFree:         4269992 kB
MemAvailable:    7617852 kB
Buffers:            6400 kB
Cached:          2515136 kB
SwapCached:            0 kB
Active:          1826192 kB
Inactive:        2142960 kB
Active(anon):    1456776 kB
Inactive(anon):    33628 kB
Active(file):     369416 kB
Inactive(file):  2109332 kB
Unevictable:        5564 kB
Mlocked:            5564 kB
SwapTotal:       3145724 kB
SwapFree:        3145724 kB
Dirty:               392 kB
Writeback:             4 kB
AnonPages:       1453112 kB
Mapped:           974348 kB
Shmem:             38312 kB
KReclaimable:    1737816 kB
Slab:             270944 kB
SReclaimable:     117276 kB
SUnreclaim:       153668 kB
KernelStack:       50276 kB
PageTables:        70240 kB
NFS_Unstable:          0 kB
Bounce:                0 kB
WritebackTmp:          0 kB
CommitLimit:     9202292 kB
Committed_AS:   76225152 kB
VmallocTotal:   263061440 kB
VmallocUsed:      107464 kB
VmallocChunk:          0 kB
Percpu:             7648 kB
CmaTotal:         294912 kB
CmaFree:               0 kB
MemTotal:       12113136 kB
MemFree:         4268692 kB
MemAvailable:    7616576 kB
Buffers:            6400 kB
Cached:          2515160 kB
SwapCached:            0 kB
Active:          1827956 kB
Inactive:        2142984 kB
Active(anon):    1458540 kB
Inactive(anon):    33628 kB
Active(file):     369416 kB
Inactive(file):  2109356 kB
Unevictable:        5564 kB
Mlocked:            5564 kB
SwapTotal:       3145724 kB
SwapFree:        3145724 kB
Dirty:               184 kB
Writeback:             0 kB
AnonPages:       1454824 kB
Mapped:           974544 kB
Shmem:             38312 kB
KReclaimable:    1737816 kB
Slab:             270928 kB
SReclaimable:     117276 kB
SUnreclaim:       153652 kB
KernelStack:       50256 kB
PageTables:        70316 kB
NFS_Unstable:          0 kB
Bounce:                0 kB
WritebackTmp:          0 kB
CommitLimit:     9202292 kB
Committed_AS:   76225764 kB
VmallocTotal:   263061440 kB
VmallocUsed:      107480 kB
VmallocChunk:          0 kB
Percpu:             7648 kB
CmaTotal:         294912 kB
CmaFree:               0 kB
MemTotal:       12113136 kB
MemFree:         4267796 kB
MemAvailable:    7615688 kB
Buffers:            6400 kB
Cached:          2515168 kB
SwapCached:            0 kB
Active:          1828648 kB
Inactive:        2142992 kB
Active(anon):    1459232 kB
Inactive(anon):    33628 kB
Active(file):     369416 kB
Inactive(file):  2109364 kB
Unevictable:        5564 kB
Mlocked:            5564 kB
SwapTotal:       3145724 kB
SwapFree:        3145724 kB
Dirty:               280 kB
Writeback:             0 kB
AnonPages:       1455756 kB
Mapped:           974792 kB
Shmem:             38312 kB
KReclaimable:    1737816 kB
Slab:             270928 kB
SReclaimable:     117276 kB
SUnreclaim:       153652 kB
KernelStack:       50256 kB
PageTables:        70408 kB
NFS_Unstable:          0 kB
Bounce:                0 kB
WritebackTmp:          0 kB
CommitLimit:     9202292 kB
Committed_AS:   76226968 kB
VmallocTotal:   263061440 kB
VmallocUsed:      107448 kB
VmallocChunk:          0 kB
Percpu:             7648 kB
CmaTotal:         294912 kB
CmaFree:               0 kB
MemTotal:       12113136 kB
MemFree:         4266580 kB
MemAvailable:    7614492 kB
Buffers:            6400 kB
Cached:          2515188 kB
SwapCached:            0 kB
Active:          1830036 kB
Inactive:        2143012 kB
Active(anon):    1460620 kB
Inactive(anon):    33628 kB
Active(file):     369416 kB
Inactive(file):  2109384 kB
Unevictable:        5564 kB
Mlocked:            5564 kB
SwapTotal:       3145724 kB
SwapFree:        3145724 kB
Dirty:               348 kB
Writeback:             0 kB
AnonPages:       1457192 kB
Mapped:           974788 kB
Shmem:             38312 kB
KReclaimable:    1737816 kB
Slab:             270916 kB
SReclaimable:     117276 kB
SUnreclaim:       153640 kB
KernelStack:       50208 kB
PageTables:        70176 kB
NFS_Unstable:          0 kB
Bounce:                0 kB
WritebackTmp:          0 kB
CommitLimit:     9202292 kB
Committed_AS:   76226924 kB
VmallocTotal:   263061440 kB
VmallocUsed:      107496 kB
VmallocChunk:          0 kB
Percpu:             7648 kB
CmaTotal:         294912 kB
CmaFree:               0 kB
MemTotal:       12113136 kB
MemFree:         4265832 kB
MemAvailable:    7613752 kB
Buffers:            6400 kB
Cached:          2515196 kB
SwapCached:            0 kB
Active:          1830596 kB
Inactive:        2143020 kB
Active(anon):    1461180 kB
Inactive(anon):    33628 kB
Active(file):     369416 kB
Inactive(file):  2109392 kB
Unevictable:        5564 kB
Mlocked:            5564 kB
SwapTotal:       3145724 kB
SwapFree:        3145724 kB
Dirty:               380 kB
Writeback:             0 kB
AnonPages:       1457280 kB
Mapped:           974756 kB
Shmem:             38312 kB
KReclaimable:    1737816 kB
Slab:             270936 kB
SReclaimable:     117276 kB
SUnreclaim:       153660 kB
KernelStack:       50304 kB
PageTables:        70340 kB
NFS_Unstable:          0 kB
Bounce:                0 kB
WritebackTmp:          0 kB
CommitLimit:     9202292 kB
Committed_AS:   76219676 kB
VmallocTotal:   263061440 kB
VmallocUsed:      107480 kB
VmallocChunk:          0 kB
Percpu:             7648 kB
CmaTotal:         294912 kB
CmaFree:               0 kB
MemTotal:       12113136 kB
MemFree:         4266064 kB
MemAvailable:    7614000 kB
Buffers:            6400 kB
Cached:          2515212 kB
SwapCached:            0 kB
Active:          1831356 kB
Inactive:        2143036 kB
Active(anon):    1461940 kB
Inactive(anon):    33628 kB
Active(file):     369416 kB
Inactive(file):  2109408 kB
Unevictable:        5564 kB
Mlocked:            5564 kB
SwapTotal:       3145724 kB
SwapFree:        3145724 kB
Dirty:               440 kB
Writeback:             0 kB
AnonPages:       1458664 kB
Mapped:           974676 kB
Shmem:             38312 kB
KReclaimable:    1737816 kB
Slab:             270892 kB
SReclaimable:     117276 kB
SUnreclaim:       153616 kB
KernelStack:       50240 kB
PageTables:        70272 kB
NFS_Unstable:          0 kB
Bounce:                0 kB
WritebackTmp:          0 kB
CommitLimit:     9202292 kB
Committed_AS:   76230316 kB
VmallocTotal:   263061440 kB
VmallocUsed:      107480 kB
VmallocChunk:          0 kB
Percpu:             7648 kB
CmaTotal:         294912 kB
CmaFree:               0 kB
MemTotal:       12113136 kB
MemFree:         4264092 kB
MemAvailable:    7612052 kB
Buffers:            6404 kB
Cached:          2515236 kB
SwapCached:            0 kB
Active:          1832444 kB
Inactive:        2143064 kB
Active(anon):    1463028 kB
Inactive(anon):    33632 kB
Active(file):     369416 kB
Inactive(file):  2109432 kB
Unevictable:        5564 kB
Mlocked:            5564 kB
SwapTotal:       3145724 kB
SwapFree:        3145724 kB
Dirty:               268 kB
Writeback:             0 kB
AnonPages:       1459824 kB
Mapped:           974924 kB
Shmem:             38316 kB
KReclaimable:    1737816 kB
Slab:             270876 kB
SReclaimable:     117276 kB
SUnreclaim:       153600 kB
KernelStack:       50244 kB
PageTables:        70376 kB
NFS_Unstable:          0 kB
Bounce:                0 kB
WritebackTmp:          0 kB
CommitLimit:     9202292 kB
Committed_AS:   76233168 kB
VmallocTotal:   263061440 kB
VmallocUsed:      107496 kB
VmallocChunk:          0 kB
Percpu:             7648 kB
CmaTotal:         294912 kB
CmaFree:               0 kB
MemTotal:       12113136 kB
MemFree:         4239984 kB
MemAvailable:    7587968 kB
Buffers:            6404 kB
Cached:          2515244 kB
SwapCached:            0 kB
Active:          1857528 kB
Inactive:        2143068 kB
Active(anon):    1488108 kB
Inactive(anon):    33616 kB
Active(file):     369420 kB
Inactive(file):  2109452 kB
Unevictable:        5564 kB
Mlocked:            5564 kB
SwapTotal:       3145724 kB
SwapFree:        3145724 kB
Dirty:               276 kB
Writeback:             0 kB
AnonPages:       1484260 kB
Mapped:           974704 kB
Shmem:             38300 kB
KReclaimable:    1737816 kB
Slab:             270916 kB
SReclaimable:     117276 kB
SUnreclaim:       153640 kB
KernelStack:       50256 kB
PageTables:        70384 kB
NFS_Unstable:          0 kB
Bounce:                0 kB
WritebackTmp:          0 kB
CommitLimit:     9202292 kB
Committed_AS:   76235644 kB
VmallocTotal:   263061440 kB
VmallocUsed:      107528 kB
VmallocChunk:          0 kB
Percpu:             7648 kB
CmaTotal:         294912 kB
CmaFree:               0 kB
MemTotal:       12113136 kB
MemFree:         4241236 kB
MemAvailable:    7589228 kB
Buffers:            6404 kB
Cached:          2515268 kB
SwapCached:            0 kB
Active:          1855824 kB
Inactive:        2143092 kB
Active(anon):    1486404 kB
Inactive(anon):    33632 kB
Active(file):     369420 kB
Inactive(file):  2109460 kB
Unevictable:        5564 kB
Mlocked:            5564 kB
SwapTotal:       3145724 kB
SwapFree:        3145724 kB
Dirty:               352 kB
Writeback:             0 kB
AnonPages:       1483008 kB
Mapped:           974876 kB
Shmem:             38316 kB
KReclaimable:    1737816 kB
Slab:             270888 kB
SReclaimable:     117276 kB
SUnreclaim:       153612 kB
KernelStack:       50288 kB
PageTables:        70000 kB
NFS_Unstable:          0 kB
Bounce:                0 kB
WritebackTmp:          0 kB
CommitLimit:     9202292 kB
Committed_AS:   76230252 kB
VmallocTotal:   263061440 kB
VmallocUsed:      107464 kB
VmallocChunk:          0 kB
Percpu:             7648 kB
CmaTotal:         294912 kB
CmaFree:               0 kB
MemTotal:       12113136 kB
MemFree:         4251952 kB
MemAvailable:    7599956 kB
Buffers:            6404 kB
Cached:          2515280 kB
SwapCached:            0 kB
Active:          1846600 kB
Inactive:        2143104 kB
Active(anon):    1477180 kB
Inactive(anon):    33632 kB
Active(file):     369420 kB
Inactive(file):  2109472 kB
Unevictable:        5564 kB
Mlocked:            5564 kB
SwapTotal:       3145724 kB
SwapFree:        3145724 kB
Dirty:               372 kB
Writeback:             0 kB
AnonPages:       1473532 kB
Mapped:           974780 kB
Shmem:             38316 kB
KReclaimable:    1737816 kB
Slab:             270872 kB
SReclaimable:     117276 kB
SUnreclaim:       153596 kB
KernelStack:       50224 kB
PageTables:        70272 kB
NFS_Unstable:          0 kB
Bounce:                0 kB
WritebackTmp:          0 kB
CommitLimit:     9202292 kB
Committed_AS:   76242964 kB
VmallocTotal:   263061440 kB
VmallocUsed:      107496 kB
VmallocChunk:          0 kB
Percpu:             7648 kB
CmaTotal:         294912 kB
CmaFree:               0 kB
MemTotal:       12113136 kB
MemFree:         4250024 kB
MemAvailable:    7598048 kB
Buffers:            6404 kB
Cached:          2515300 kB
SwapCached:            0 kB
Active:          1847268 kB
Inactive:        2143124 kB
Active(anon):    1477848 kB
Inactive(anon):    33632 kB
Active(file):     369420 kB
Inactive(file):  2109492 kB
Unevictable:        5564 kB
Mlocked:            5564 kB
SwapTotal:       3145724 kB
SwapFree:        3145724 kB
Dirty:               472 kB
Writeback:             0 kB
AnonPages:       1474204 kB
Mapped:           974796 kB
Shmem:             38316 kB
KReclaimable:    1737816 kB
Slab:             270832 kB
SReclaimable:     117276 kB
SUnreclaim:       153556 kB
KernelStack:       50256 kB
PageTables:        70192 kB
NFS_Unstable:          0 kB
Bounce:                0 kB
WritebackTmp:          0 kB
CommitLimit:     9202292 kB
Committed_AS:   76230480 kB
VmallocTotal:   263061440 kB
VmallocUsed:      107448 kB
VmallocChunk:          0 kB
Percpu:             7648 kB
CmaTotal:         294912 kB
CmaFree:               0 kB
MemTotal:       12113136 kB
MemFree:         4247980 kB
MemAvailable:    7596016 kB
Buffers:            6404 kB
Cached:          2515320 kB
SwapCached:            0 kB
Active:          1848444 kB
Inactive:        2143144 kB
Active(anon):    1479024 kB
Inactive(anon):    33640 kB
Active(file):     369420 kB
Inactive(file):  2109504 kB
Unevictable:        5564 kB
Mlocked:            5564 kB
SwapTotal:       3145724 kB
SwapFree:        3145724 kB
Dirty:               248 kB
Writeback:             0 kB
AnonPages:       1475532 kB
Mapped:           974936 kB
Shmem:             38324 kB
KReclaimable:    1737816 kB
Slab:             270836 kB
SReclaimable:     117276 kB
SUnreclaim:       153560 kB
KernelStack:       50272 kB
PageTables:        70260 kB
NFS_Unstable:          0 kB
Bounce:                0 kB
WritebackTmp:          0 kB
CommitLimit:     9202292 kB
Committed_AS:   76229136 kB
VmallocTotal:   263061440 kB
VmallocUsed:      107480 kB
VmallocChunk:          0 kB
Percpu:             7648 kB
CmaTotal:         294912 kB
CmaFree:               0 kB
MemTotal:       12113136 kB
MemFree:         4247580 kB
MemAvailable:    7595636 kB
Buffers:            6404 kB
Cached:          2515340 kB
SwapCached:            0 kB
Active:          1848388 kB
Inactive:        2143164 kB
Active(anon):    1478968 kB
Inactive(anon):    33640 kB
Active(file):     369420 kB
Inactive(file):  2109524 kB
Unevictable:        5564 kB
Mlocked:            5564 kB
SwapTotal:       3145724 kB
SwapFree:        3145724 kB
Dirty:               324 kB
Writeback:             0 kB
AnonPages:       1475416 kB
Mapped:           974896 kB
Shmem:             38324 kB
KReclaimable:    1737816 kB
Slab:             270888 kB
SReclaimable:     117276 kB
SUnreclaim:       153612 kB
KernelStack:       50224 kB
PageTables:        70268 kB
NFS_Unstable:          0 kB
Bounce:                0 kB
WritebackTmp:          0 kB
CommitLimit:     9202292 kB
Committed_AS:   76222680 kB
VmallocTotal:   263061440 kB
VmallocUsed:      107448 kB
VmallocChunk:          0 kB
Percpu:             7648 kB
CmaTotal:         294912 kB
CmaFree:               0 kB
MemTotal:       12113136 kB
MemFree:         4246636 kB
MemAvailable:    7594704 kB
Buffers:            6404 kB
Cached:          2515352 kB
SwapCached:            0 kB
Active:          1850128 kB
Inactive:        2143176 kB
Active(anon):    1480708 kB
Inactive(anon):    33640 kB
Active(file):     369420 kB
Inactive(file):  2109536 kB
Unevictable:        5564 kB
Mlocked:            5564 kB
SwapTotal:       3145724 kB
SwapFree:        3145724 kB
Dirty:               364 kB
Writeback:             0 kB
AnonPages:       1477532 kB
Mapped:           974932 kB
Shmem:             38324 kB
KReclaimable:    1737816 kB
Slab:             270864 kB
SReclaimable:     117276 kB
SUnreclaim:       153588 kB
KernelStack:       50192 kB
PageTables:        70248 kB
NFS_Unstable:          0 kB
Bounce:                0 kB
WritebackTmp:          0 kB
CommitLimit:     9202292 kB
Committed_AS:   76228584 kB
VmallocTotal:   263061440 kB
VmallocUsed:      107448 kB
VmallocChunk:          0 kB
Percpu:             7648 kB
CmaTotal:         294912 kB
CmaFree:               0 kB
MemTotal:       12113136 kB
MemFree:         4244860 kB
MemAvailable:    7592932 kB
Buffers:            6404 kB
Cached:          2515356 kB
SwapCached:            0 kB
Active:          1850976 kB
Inactive:        2143180 kB
Active(anon):    1481556 kB
Inactive(anon):    33640 kB
Active(file):     369420 kB
Inactive(file):  2109540 kB
Unevictable:        5564 kB
Mlocked:            5564 kB
SwapTotal:       3145724 kB
SwapFree:        3145724 kB
Dirty:               392 kB
Writeback:             0 kB
AnonPages:       1478268 kB
Mapped:           975172 kB
Shmem:             38324 kB
KReclaimable:    1737816 kB
Slab:             270892 kB
SReclaimable:     117276 kB
SUnreclaim:       153616 kB
KernelStack:       50308 kB
PageTables:        70372 kB
NFS_Unstable:          0 kB
Bounce:                0 kB
WritebackTmp:          0 kB
CommitLimit:     9202292 kB
Committed_AS:   76228036 kB
VmallocTotal:   263061440 kB
VmallocUsed:      107448 kB
VmallocChunk:          0 kB
Percpu:             7648 kB
CmaTotal:         294912 kB
CmaFree:               0 kB
MemTotal:       12113136 kB
MemFree:         4243696 kB
MemAvailable:    7591780 kB
Buffers:            6404 kB
Cached:          2515368 kB
SwapCached:            0 kB
Active:          1852768 kB
Inactive:        2143192 kB
Active(anon):    1483348 kB
Inactive(anon):    33640 kB
Active(file):     369420 kB
Inactive(file):  2109552 kB
Unevictable:        5564 kB
Mlocked:            5564 kB
SwapTotal:       3145724 kB
SwapFree:        3145724 kB
Dirty:               448 kB
Writeback:             0 kB
AnonPages:       1479580 kB
Mapped:           975172 kB
Shmem:             38324 kB
KReclaimable:    1737816 kB
Slab:             270872 kB
SReclaimable:     117276 kB
SUnreclaim:       153596 kB
KernelStack:       50292 kB
PageTables:        70240 kB
NFS_Unstable:          0 kB
Bounce:                0 kB
WritebackTmp:          0 kB
CommitLimit:     9202292 kB
Committed_AS:   76227860 kB
VmallocTotal:   263061440 kB
VmallocUsed:      107480 kB
VmallocChunk:          0 kB
Percpu:             7648 kB
CmaTotal:         294912 kB
CmaFree:               0 kB
MemTotal:       12113136 kB
MemFree:         4243816 kB
MemAvailable:    7591924 kB
Buffers:            6404 kB
Cached:          2515392 kB
SwapCached:            0 kB
Active:          1853344 kB
Inactive:        2143216 kB
Active(anon):    1483924 kB
Inactive(anon):    33640 kB
Active(file):     369420 kB
Inactive(file):  2109576 kB
Unevictable:        5564 kB
Mlocked:            5564 kB
SwapTotal:       3145724 kB
SwapFree:        3145724 kB
Dirty:               252 kB
Writeback:             0 kB
AnonPages:       1480376 kB
Mapped:           975120 kB
Shmem:             38324 kB
KReclaimable:    1737816 kB
Slab:             270924 kB
SReclaimable:     117276 kB
SUnreclaim:       153648 kB
KernelStack:       50284 kB
PageTables:        70520 kB
NFS_Unstable:          0 kB
Bounce:                0 kB
WritebackTmp:          0 kB
CommitLimit:     9202292 kB
Committed_AS:   76220244 kB
VmallocTotal:   263061440 kB
VmallocUsed:      107448 kB
VmallocChunk:          0 kB
Percpu:             7648 kB
CmaTotal:         294912 kB
CmaFree:               0 kB
MemTotal:       12113136 kB
MemFree:         4241796 kB
MemAvailable:    7591400 kB
Buffers:            6404 kB
Cached:          2515312 kB
SwapCached:            0 kB
Active:          1855144 kB
Inactive:        2143168 kB
Active(anon):    1485724 kB
Inactive(anon):    33576 kB
Active(file):     369420 kB
Inactive(file):  2109592 kB
Unevictable:        5564 kB
Mlocked:            5564 kB
SwapTotal:       3145724 kB
SwapFree:        3145724 kB
Dirty:               316 kB
Writeback:             4 kB
AnonPages:       1482024 kB
Mapped:           973772 kB
Shmem:             38228 kB
KReclaimable:    1739296 kB
Slab:             270916 kB
SReclaimable:     117276 kB
SUnreclaim:       153640 kB
KernelStack:       50288 kB
PageTables:        70468 kB
NFS_Unstable:          0 kB
Bounce:                0 kB
WritebackTmp:          0 kB
CommitLimit:     9202292 kB
Committed_AS:   76225760 kB
VmallocTotal:   263061440 kB
VmallocUsed:      107528 kB
VmallocChunk:          0 kB
Percpu:             7648 kB
CmaTotal:         294912 kB
CmaFree:               0 kB
MemTotal:       12113136 kB
MemFree:         4239904 kB
MemAvailable:    7589524 kB
Buffers:            6404 kB
Cached:          2515328 kB
SwapCached:            0 kB
Active:          1855648 kB
Inactive:        2143168 kB
Active(anon):    1486228 kB
Inactive(anon):    33560 kB
Active(file):     369420 kB
Inactive(file):  2109608 kB
Unevictable:        5564 kB
Mlocked:            5564 kB
SwapTotal:       3145724 kB
SwapFree:        3145724 kB
Dirty:               332 kB
Writeback:             0 kB
AnonPages:       1482368 kB
Mapped:           973620 kB
Shmem:             38228 kB
KReclaimable:    1739296 kB
Slab:             270936 kB
SReclaimable:     117276 kB
SUnreclaim:       153660 kB
KernelStack:       50352 kB
PageTables:        70252 kB
NFS_Unstable:          0 kB
Bounce:                0 kB
WritebackTmp:          0 kB
CommitLimit:     9202292 kB
Committed_AS:   76220704 kB
VmallocTotal:   263061440 kB
VmallocUsed:      107528 kB
VmallocChunk:          0 kB
Percpu:             7648 kB
CmaTotal:         294912 kB
CmaFree:               0 kB
MemTotal:       12113136 kB
MemFree:         4253248 kB
MemAvailable:    7602880 kB
Buffers:            6404 kB
Cached:          2515340 kB
SwapCached:            0 kB
Active:          1841812 kB
Inactive:        2143180 kB
Active(anon):    1472392 kB
Inactive(anon):    33560 kB
Active(file):     369420 kB
Inactive(file):  2109620 kB
Unevictable:        5564 kB
Mlocked:            5564 kB
SwapTotal:       3145724 kB
SwapFree:        3145724 kB
Dirty:               348 kB
Writeback:             0 kB
AnonPages:       1469448 kB
Mapped:           973924 kB
Shmem:             38228 kB
KReclaimable:    1739296 kB
Slab:             270948 kB
SReclaimable:     117276 kB
SUnreclaim:       153672 kB
KernelStack:       50384 kB
PageTables:        70568 kB
NFS_Unstable:          0 kB
Bounce:                0 kB
WritebackTmp:          0 kB
CommitLimit:     9202292 kB
Committed_AS:   76222232 kB
VmallocTotal:   263061440 kB
VmallocUsed:      107528 kB
VmallocChunk:          0 kB
Percpu:             7648 kB
CmaTotal:         294912 kB
CmaFree:             140 kB
MemTotal:       12113136 kB
MemFree:         4249740 kB
MemAvailable:    7599384 kB
Buffers:            6404 kB
Cached:          2515368 kB
SwapCached:            0 kB
Active:          1845984 kB
Inactive:        2143208 kB
Active(anon):    1476564 kB
Inactive(anon):    33576 kB
Active(file):     369420 kB
Inactive(file):  2109632 kB
Unevictable:        5564 kB
Mlocked:            5564 kB
SwapTotal:       3145724 kB
SwapFree:        3145724 kB
Dirty:               372 kB
Writeback:             0 kB
AnonPages:       1472932 kB
Mapped:           973696 kB
Shmem:             38244 kB
KReclaimable:    1739296 kB
Slab:             270940 kB
SReclaimable:     117276 kB
SUnreclaim:       153664 kB
KernelStack:       50368 kB
PageTables:        70384 kB
NFS_Unstable:          0 kB
Bounce:                0 kB
WritebackTmp:          0 kB
CommitLimit:     9202292 kB
Committed_AS:   76218600 kB
VmallocTotal:   263061440 kB
VmallocUsed:      107528 kB
VmallocChunk:          0 kB
Percpu:             7648 kB
CmaTotal:         294912 kB
CmaFree:               4 kB
MemTotal:       12113136 kB
MemFree:         4256516 kB
MemAvailable:    7606200 kB
Buffers:            6408 kB
Cached:          2515400 kB
SwapCached:            0 kB
Active:          1839416 kB
Inactive:        2143240 kB
Active(anon):    1469992 kB
Inactive(anon):    33576 kB
Active(file):     369424 kB
Inactive(file):  2109664 kB
Unevictable:        5564 kB
Mlocked:            5564 kB
SwapTotal:       3145724 kB
SwapFree:        3145724 kB
Dirty:               396 kB
Writeback:             0 kB
AnonPages:       1466284 kB
Mapped:           973624 kB
Shmem:             38244 kB
KReclaimable:    1739300 kB
Slab:             270928 kB
SReclaimable:     117280 kB
SUnreclaim:       153648 kB
KernelStack:       50336 kB
PageTables:        70248 kB
NFS_Unstable:          0 kB
Bounce:                0 kB
WritebackTmp:          0 kB
CommitLimit:     9202292 kB
Committed_AS:   76223804 kB
VmallocTotal:   263061440 kB
VmallocUsed:      107544 kB
VmallocChunk:          0 kB
Percpu:             7648 kB
CmaTotal:         294912 kB
CmaFree:             160 kB
MemTotal:       12113136 kB
MemFree:         4256364 kB
MemAvailable:    7606064 kB
Buffers:            6408 kB
Cached:          2515416 kB
SwapCached:            0 kB
Active:          1840008 kB
Inactive:        2143256 kB
Active(anon):    1470584 kB
Inactive(anon):    33576 kB
Active(file):     369424 kB
Inactive(file):  2109680 kB
Unevictable:        5564 kB
Mlocked:            5564 kB
SwapTotal:       3145724 kB
SwapFree:        3145724 kB
Dirty:               456 kB
Writeback:             0 kB
AnonPages:       1466880 kB
Mapped:           973844 kB
Shmem:             38244 kB
KReclaimable:    1739300 kB
Slab:             270940 kB
SReclaimable:     117280 kB
SUnreclaim:       153660 kB
KernelStack:       50336 kB
PageTables:        70484 kB
NFS_Unstable:          0 kB
Bounce:                0 kB
WritebackTmp:          0 kB
CommitLimit:     9202292 kB
Committed_AS:   76223788 kB
VmallocTotal:   263061440 kB
VmallocUsed:      107544 kB
VmallocChunk:          0 kB
Percpu:             7648 kB
CmaTotal:         294912 kB
CmaFree:               0 kB
MemTotal:       12113136 kB
MemFree:         4255724 kB
MemAvailable:    7605436 kB
Buffers:            6408 kB
Cached:          2515428 kB
SwapCached:            0 kB
Active:          1840404 kB
Inactive:        2143268 kB
Active(anon):    1470980 kB
Inactive(anon):    33576 kB
Active(file):     369424 kB
Inactive(file):  2109692 kB
Unevictable:        5564 kB
Mlocked:            5564 kB
SwapTotal:       3145724 kB
SwapFree:        3145724 kB
Dirty:               492 kB
Writeback:             0 kB
AnonPages:       1467184 kB
Mapped:           973644 kB
Shmem:             38244 kB
KReclaimable:    1739300 kB
Slab:             270940 kB
SReclaimable:     117280 kB
SUnreclaim:       153660 kB
KernelStack:       50400 kB
PageTables:        70584 kB
NFS_Unstable:          0 kB
Bounce:                0 kB
WritebackTmp:          0 kB
CommitLimit:     9202292 kB
Committed_AS:   76219280 kB
VmallocTotal:   263061440 kB
VmallocUsed:      107528 kB
VmallocChunk:          0 kB
Percpu:             7648 kB
CmaTotal:         294912 kB
CmaFree:               0 kB
MemTotal:       12113136 kB
MemFree:         4258308 kB
MemAvailable:    7608028 kB
Buffers:            6408 kB
Cached:          2515436 kB
SwapCached:            0 kB
Active:          1836976 kB
Inactive:        2143276 kB
Active(anon):    1467552 kB
Inactive(anon):    33576 kB
Active(file):     369424 kB
Inactive(file):  2109700 kB
Unevictable:        5564 kB
Mlocked:            5564 kB
SwapTotal:       3145724 kB
SwapFree:        3145724 kB
Dirty:               500 kB
Writeback:             0 kB
AnonPages:       1463996 kB
Mapped:           973784 kB
Shmem:             38244 kB
KReclaimable:    1739300 kB
Slab:             270936 kB
SReclaimable:     117280 kB
SUnreclaim:       153656 kB
KernelStack:       50368 kB
PageTables:        70356 kB
NFS_Unstable:          0 kB
Bounce:                0 kB
WritebackTmp:          0 kB
CommitLimit:     9202292 kB
Committed_AS:   76218524 kB
VmallocTotal:   263061440 kB
VmallocUsed:      107512 kB
VmallocChunk:          0 kB
Percpu:             7648 kB
CmaTotal:         294912 kB
CmaFree:               0 kB
MemTotal:       12113136 kB
MemFree:         4259188 kB
MemAvailable:    7608936 kB
Buffers:            6408 kB
Cached:          2515448 kB
SwapCached:            0 kB
Active:          1836836 kB
Inactive:        2143288 kB
Active(anon):    1467412 kB
Inactive(anon):    33576 kB
Active(file):     369424 kB
Inactive(file):  2109712 kB
Unevictable:        5564 kB
Mlocked:            5564 kB
SwapTotal:       3145724 kB
SwapFree:        3145724 kB
Dirty:               516 kB
Writeback:             0 kB
AnonPages:       1464156 kB
Mapped:           973728 kB
Shmem:             38244 kB
KReclaimable:    1739316 kB
Slab:             270980 kB
SReclaimable:     117296 kB
SUnreclaim:       153684 kB
KernelStack:       50320 kB
PageTables:        70324 kB
NFS_Unstable:          0 kB
Bounce:                0 kB
WritebackTmp:          0 kB
CommitLimit:     9202292 kB
Committed_AS:   76231032 kB
VmallocTotal:   263061440 kB
VmallocUsed:      107544 kB
VmallocChunk:          0 kB
Percpu:             7648 kB
CmaTotal:         294912 kB
CmaFree:               0 kB
MemTotal:       12113136 kB
MemFree:         4257660 kB
MemAvailable:    7607428 kB
Buffers:            6408 kB
Cached:          2515468 kB
SwapCached:            0 kB
Active:          1837508 kB
Inactive:        2143304 kB
Active(anon):    1468080 kB
Inactive(anon):    33576 kB
Active(file):     369428 kB
Inactive(file):  2109728 kB
Unevictable:        5564 kB
Mlocked:            5564 kB
SwapTotal:       3145724 kB
SwapFree:        3145724 kB
Dirty:               584 kB
Writeback:             0 kB
AnonPages:       1464620 kB
Mapped:           973812 kB
Shmem:             38244 kB
KReclaimable:    1739316 kB
Slab:             270972 kB
SReclaimable:     117296 kB
SUnreclaim:       153676 kB
KernelStack:       50352 kB
PageTables:        70208 kB
NFS_Unstable:          0 kB
Bounce:                0 kB
WritebackTmp:          0 kB
CommitLimit:     9202292 kB
Committed_AS:   76229892 kB
VmallocTotal:   263061440 kB
VmallocUsed:      107544 kB
VmallocChunk:          0 kB
Percpu:             7648 kB
CmaTotal:         294912 kB
CmaFree:               0 kB
MemTotal:       12113136 kB
MemFree:         4258668 kB
MemAvailable:    7608448 kB
Buffers:            6408 kB
Cached:          2515484 kB
SwapCached:            0 kB
Active:          1838040 kB
Inactive:        2143324 kB
Active(anon):    1468616 kB
Inactive(anon):    33580 kB
Active(file):     369424 kB
Inactive(file):  2109744 kB
Unevictable:        5564 kB
Mlocked:            5564 kB
SwapTotal:       3145724 kB
SwapFree:        3145724 kB
Dirty:               584 kB
Writeback:             0 kB
AnonPages:       1465216 kB
Mapped:           973700 kB
Shmem:             38248 kB
KReclaimable:    1739316 kB
Slab:             270956 kB
SReclaimable:     117296 kB
SUnreclaim:       153660 kB
KernelStack:       50288 kB
PageTables:        70224 kB
NFS_Unstable:          0 kB
Bounce:                0 kB
WritebackTmp:          0 kB
CommitLimit:     9202292 kB
Committed_AS:   76229632 kB
VmallocTotal:   263061440 kB
VmallocUsed:      107528 kB
VmallocChunk:          0 kB
Percpu:             7648 kB
CmaTotal:         294912 kB
CmaFree:              48 kB
MemTotal:       12113136 kB
MemFree:         4256764 kB
MemAvailable:    7606556 kB
Buffers:            6408 kB
Cached:          2515496 kB
SwapCached:            0 kB
Active:          1838312 kB
Inactive:        2143336 kB
Active(anon):    1468888 kB
Inactive(anon):    33580 kB
Active(file):     369424 kB
Inactive(file):  2109756 kB
Unevictable:        5564 kB
Mlocked:            5564 kB
SwapTotal:       3145724 kB
SwapFree:        3145724 kB
Dirty:               612 kB
Writeback:             0 kB
AnonPages:       1465132 kB
Mapped:           973868 kB
Shmem:             38248 kB
KReclaimable:    1739316 kB
Slab:             270980 kB
SReclaimable:     117296 kB
SUnreclaim:       153684 kB
KernelStack:       50336 kB
PageTables:        70488 kB
NFS_Unstable:          0 kB
Bounce:                0 kB
WritebackTmp:          0 kB
CommitLimit:     9202292 kB
Committed_AS:   76226232 kB
VmallocTotal:   263061440 kB
VmallocUsed:      107496 kB
VmallocChunk:          0 kB
Percpu:             7648 kB
CmaTotal:         294912 kB
CmaFree:               0 kB
MemTotal:       12113136 kB
MemFree:         4255824 kB
MemAvailable:    7605632 kB
Buffers:            6408 kB
Cached:          2515512 kB
SwapCached:            0 kB
Active:          1838848 kB
Inactive:        2143352 kB
Active(anon):    1469424 kB
Inactive(anon):    33580 kB
Active(file):     369424 kB
Inactive(file):  2109772 kB
Unevictable:        5564 kB
Mlocked:            5564 kB
SwapTotal:       3145724 kB
SwapFree:        3145724 kB
Dirty:               644 kB
Writeback:             0 kB
AnonPages:       1465836 kB
Mapped:           973784 kB
Shmem:             38248 kB
KReclaimable:    1739316 kB
Slab:             270956 kB
SReclaimable:     117296 kB
SUnreclaim:       153660 kB
KernelStack:       50320 kB
PageTables:        70268 kB
NFS_Unstable:          0 kB
Bounce:                0 kB
WritebackTmp:          0 kB
CommitLimit:     9202292 kB
Committed_AS:   76225148 kB
VmallocTotal:   263061440 kB
VmallocUsed:      107544 kB
VmallocChunk:          0 kB
Percpu:             7648 kB
CmaTotal:         294912 kB
CmaFree:               0 kB
MemTotal:       12113136 kB
MemFree:         4253912 kB
MemAvailable:    7603740 kB
Buffers:            6408 kB
Cached:          2515632 kB
SwapCached:            0 kB
Active:          1842520 kB
Inactive:        2143472 kB
Active(anon):    1473096 kB
Inactive(anon):    33680 kB
Active(file):     369424 kB
Inactive(file):  2109792 kB
Unevictable:        5564 kB
Mlocked:            5564 kB
SwapTotal:       3145724 kB
SwapFree:        3145724 kB
Dirty:               684 kB
Writeback:             0 kB
AnonPages:       1469216 kB
Mapped:           973804 kB
Shmem:             38348 kB
KReclaimable:    1739316 kB
Slab:             270960 kB
SReclaimable:     117296 kB
SUnreclaim:       153664 kB
KernelStack:       50320 kB
PageTables:        70344 kB
NFS_Unstable:          0 kB
Bounce:                0 kB
WritebackTmp:          0 kB
CommitLimit:     9202292 kB
Committed_AS:   76228104 kB
VmallocTotal:   263061440 kB
VmallocUsed:      107544 kB
VmallocChunk:          0 kB
Percpu:             7648 kB
CmaTotal:         294912 kB
CmaFree:               0 kB
MemTotal:       12113136 kB
MemFree:         4255412 kB
MemAvailable:    7605260 kB
Buffers:            6408 kB
Cached:          2515552 kB
SwapCached:            0 kB
Active:          1840548 kB
Inactive:        2143388 kB
Active(anon):    1471120 kB
Inactive(anon):    33580 kB
Active(file):     369428 kB
Inactive(file):  2109808 kB
Unevictable:        5564 kB
Mlocked:            5564 kB
SwapTotal:       3145724 kB
SwapFree:        3145724 kB
Dirty:               704 kB
Writeback:             0 kB
AnonPages:       1467396 kB
Mapped:           973704 kB
Shmem:             38248 kB
KReclaimable:    1739316 kB
Slab:             270952 kB
SReclaimable:     117296 kB
SUnreclaim:       153656 kB
KernelStack:       50272 kB
PageTables:        70488 kB
NFS_Unstable:          0 kB
Bounce:                0 kB
WritebackTmp:          0 kB
CommitLimit:     9202292 kB
Committed_AS:   76226320 kB
VmallocTotal:   263061440 kB
VmallocUsed:      107496 kB
VmallocChunk:          0 kB
Percpu:             7648 kB
CmaTotal:         294912 kB
CmaFree:               0 kB
MemTotal:       12113136 kB
MemFree:         4254072 kB
MemAvailable:    7603936 kB
Buffers:            6408 kB
Cached:          2515576 kB
SwapCached:            0 kB
Active:          1840800 kB
Inactive:        2143412 kB
Active(anon):    1471372 kB
Inactive(anon):    33588 kB
Active(file):     369428 kB
Inactive(file):  2109824 kB
Unevictable:        5564 kB
Mlocked:            5564 kB
SwapTotal:       3145724 kB
SwapFree:        3145724 kB
Dirty:               328 kB
Writeback:             0 kB
AnonPages:       1467596 kB
Mapped:           973664 kB
Shmem:             38256 kB
KReclaimable:    1739316 kB
Slab:             270888 kB
SReclaimable:     117296 kB
SUnreclaim:       153592 kB
KernelStack:       50288 kB
PageTables:        70232 kB
NFS_Unstable:          0 kB
Bounce:                0 kB
WritebackTmp:          0 kB
CommitLimit:     9202292 kB
Committed_AS:   76225964 kB
VmallocTotal:   263061440 kB
VmallocUsed:      107528 kB
VmallocChunk:          0 kB
Percpu:             7648 kB
CmaTotal:         294912 kB
CmaFree:               0 kB
MemTotal:       12113136 kB
MemFree:         4254288 kB
MemAvailable:    7604164 kB
Buffers:            6408 kB
Cached:          2515588 kB
SwapCached:            0 kB
Active:          1841152 kB
Inactive:        2143424 kB
Active(anon):    1471724 kB
Inactive(anon):    33588 kB
Active(file):     369428 kB
Inactive(file):  2109836 kB
Unevictable:        5564 kB
Mlocked:            5564 kB
SwapTotal:       3145724 kB
SwapFree:        3145724 kB
Dirty:               380 kB
Writeback:             0 kB
AnonPages:       1468080 kB
Mapped:           973952 kB
Shmem:             38256 kB
KReclaimable:    1739316 kB
Slab:             270908 kB
SReclaimable:     117296 kB
SUnreclaim:       153612 kB
KernelStack:       50288 kB
PageTables:        70348 kB
NFS_Unstable:          0 kB
Bounce:                0 kB
WritebackTmp:          0 kB
CommitLimit:     9202292 kB
Committed_AS:   76228996 kB
VmallocTotal:   263061440 kB
VmallocUsed:      107528 kB
VmallocChunk:          0 kB
Percpu:             7648 kB
CmaTotal:         294912 kB
CmaFree:               0 kB
MemTotal:       12113136 kB
MemFree:         4254792 kB
MemAvailable:    7604684 kB
Buffers:            6408 kB
Cached:          2515604 kB
SwapCached:            0 kB
Active:          1840596 kB
Inactive:        2143440 kB
Active(anon):    1471168 kB
Inactive(anon):    33588 kB
Active(file):     369428 kB
Inactive(file):  2109852 kB
Unevictable:        5564 kB
Mlocked:            5564 kB
SwapTotal:       3145724 kB
SwapFree:        3145724 kB
Dirty:               432 kB
Writeback:             0 kB
AnonPages:       1467660 kB
Mapped:           973728 kB
Shmem:             38256 kB
KReclaimable:    1739316 kB
Slab:             270904 kB
SReclaimable:     117296 kB
SUnreclaim:       153608 kB
KernelStack:       50320 kB
PageTables:        70364 kB
NFS_Unstable:          0 kB
Bounce:                0 kB
WritebackTmp:          0 kB
CommitLimit:     9202292 kB
Committed_AS:   76226216 kB
VmallocTotal:   263061440 kB
VmallocUsed:      107528 kB
VmallocChunk:          0 kB
Percpu:             7648 kB
CmaTotal:         294912 kB
CmaFree:               0 kB
MemTotal:       12113136 kB
MemFree:         4254412 kB
MemAvailable:    7604316 kB
Buffers:            6408 kB
Cached:          2515616 kB
SwapCached:            0 kB
Active:          1841164 kB
Inactive:        2143452 kB
Active(anon):    1471736 kB
Inactive(anon):    33588 kB
Active(file):     369428 kB
Inactive(file):  2109864 kB
Unevictable:        5564 kB
Mlocked:            5564 kB
SwapTotal:       3145724 kB
SwapFree:        3145724 kB
Dirty:               516 kB
Writeback:             0 kB
AnonPages:       1468256 kB
Mapped:           973708 kB
Shmem:             38256 kB
KReclaimable:    1739316 kB
Slab:             270912 kB
SReclaimable:     117296 kB
SUnreclaim:       153616 kB
KernelStack:       50336 kB
PageTables:        70316 kB
NFS_Unstable:          0 kB
Bounce:                0 kB
WritebackTmp:          0 kB
CommitLimit:     9202292 kB
Committed_AS:   76231484 kB
VmallocTotal:   263061440 kB
VmallocUsed:      107592 kB
VmallocChunk:          0 kB
Percpu:             7648 kB
CmaTotal:         294912 kB
CmaFree:               0 kB
MemTotal:       12113136 kB
MemFree:         4254636 kB
MemAvailable:    7604536 kB
Buffers:            6412 kB
Cached:          2515608 kB
SwapCached:            0 kB
Active:          1841648 kB
Inactive:        2143448 kB
Active(anon):    1472220 kB
Inactive(anon):    33588 kB
Active(file):     369428 kB
Inactive(file):  2109860 kB
Unevictable:        5564 kB
Mlocked:            5564 kB
SwapTotal:       3145724 kB
SwapFree:        3145724 kB
Dirty:               556 kB
Writeback:             0 kB
AnonPages:       1468040 kB
Mapped:           973580 kB
Shmem:             38256 kB
KReclaimable:    1739316 kB
Slab:             270912 kB
SReclaimable:     117296 kB
SUnreclaim:       153616 kB
KernelStack:       50336 kB
PageTables:        70244 kB
NFS_Unstable:          0 kB
Bounce:                0 kB
WritebackTmp:          0 kB
CommitLimit:     9202292 kB
Committed_AS:   76226768 kB
VmallocTotal:   263061440 kB
VmallocUsed:      107624 kB
VmallocChunk:          0 kB
Percpu:             7648 kB
CmaTotal:         294912 kB
CmaFree:              72 kB
MemTotal:       12113136 kB
MemFree:         4253388 kB
MemAvailable:    7603320 kB
Buffers:            6412 kB
Cached:          2515640 kB
SwapCached:            0 kB
Active:          1841836 kB
Inactive:        2143476 kB
Active(anon):    1472404 kB
Inactive(anon):    33588 kB
Active(file):     369432 kB
Inactive(file):  2109888 kB
Unevictable:        5564 kB
Mlocked:            5564 kB
SwapTotal:       3145724 kB
SwapFree:        3145724 kB
Dirty:               240 kB
Writeback:             0 kB
AnonPages:       1468592 kB
Mapped:           973852 kB
Shmem:             38256 kB
KReclaimable:    1739316 kB
Slab:             270904 kB
SReclaimable:     117296 kB
SUnreclaim:       153608 kB
KernelStack:       50344 kB
PageTables:        70484 kB
NFS_Unstable:          0 kB
Bounce:                0 kB
WritebackTmp:          0 kB
CommitLimit:     9202292 kB
Committed_AS:   76225444 kB
VmallocTotal:   263061440 kB
VmallocUsed:      107624 kB
VmallocChunk:          0 kB
Percpu:             7648 kB
CmaTotal:         294912 kB
CmaFree:               0 kB
MemTotal:       12113136 kB
MemFree:         4253200 kB
MemAvailable:    7603164 kB
Buffers:            6412 kB
Cached:          2515672 kB
SwapCached:            0 kB
Active:          1842024 kB
Inactive:        2143508 kB
Active(anon):    1472592 kB
Inactive(anon):    33588 kB
Active(file):     369432 kB
Inactive(file):  2109920 kB
Unevictable:        5564 kB
Mlocked:            5564 kB
SwapTotal:       3145724 kB
SwapFree:        3145724 kB
Dirty:               324 kB
Writeback:             0 kB
AnonPages:       1469128 kB
Mapped:           973636 kB
Shmem:             38256 kB
KReclaimable:    1739316 kB
Slab:             270912 kB
SReclaimable:     117296 kB
SUnreclaim:       153616 kB
KernelStack:       50320 kB
PageTables:        70216 kB
NFS_Unstable:          0 kB
Bounce:                0 kB
WritebackTmp:          0 kB
CommitLimit:     9202292 kB
Committed_AS:   76229884 kB
VmallocTotal:   263061440 kB
VmallocUsed:      107608 kB
VmallocChunk:          0 kB
Percpu:             7648 kB
CmaTotal:         294912 kB
CmaFree:               0 kB
MemTotal:       12113136 kB
MemFree:         4252940 kB
MemAvailable:    7602908 kB
Buffers:            6412 kB
Cached:          2515676 kB
SwapCached:            0 kB
Active:          1842896 kB
Inactive:        2143512 kB
Active(anon):    1473464 kB
Inactive(anon):    33588 kB
Active(file):     369432 kB
Inactive(file):  2109924 kB
Unevictable:        5564 kB
Mlocked:            5564 kB
SwapTotal:       3145724 kB
SwapFree:        3145724 kB
Dirty:               328 kB
Writeback:             0 kB
AnonPages:       1469940 kB
Mapped:           974008 kB
Shmem:             38256 kB
KReclaimable:    1739316 kB
Slab:             270896 kB
SReclaimable:     117296 kB
SUnreclaim:       153600 kB
KernelStack:       50304 kB
PageTables:        70324 kB
NFS_Unstable:          0 kB
Bounce:                0 kB
WritebackTmp:          0 kB
CommitLimit:     9202292 kB
Committed_AS:   76229924 kB
VmallocTotal:   263061440 kB
VmallocUsed:      107608 kB
VmallocChunk:          0 kB
Percpu:             7648 kB
CmaTotal:         294912 kB
CmaFree:               0 kB
MemTotal:       12113136 kB
MemFree:         4271168 kB
MemAvailable:    7621152 kB
Buffers:            6412 kB
Cached:          2515692 kB
SwapCached:            0 kB
Active:          1823112 kB
Inactive:        2143528 kB
Active(anon):    1453680 kB
Inactive(anon):    33588 kB
Active(file):     369432 kB
Inactive(file):  2109940 kB
Unevictable:        5564 kB
Mlocked:            5564 kB
SwapTotal:       3145724 kB
SwapFree:        3145724 kB
Dirty:               384 kB
Writeback:             0 kB
AnonPages:       1450300 kB
Mapped:           973856 kB
Shmem:             38256 kB
KReclaimable:    1739316 kB
Slab:             270912 kB
SReclaimable:     117296 kB
SUnreclaim:       153616 kB
KernelStack:       50304 kB
PageTables:        70604 kB
NFS_Unstable:          0 kB
Bounce:                0 kB
WritebackTmp:          0 kB
CommitLimit:     9202292 kB
Committed_AS:   76230940 kB
VmallocTotal:   263061440 kB
VmallocUsed:      107592 kB
VmallocChunk:          0 kB
Percpu:             7648 kB
CmaTotal:         294912 kB
CmaFree:               0 kB
MemTotal:       12113136 kB
MemFree:         4268060 kB
MemAvailable:    7618060 kB
Buffers:            6412 kB
Cached:          2515724 kB
SwapCached:            0 kB
Active:          1827648 kB
Inactive:        2143560 kB
Active(anon):    1458216 kB
Inactive(anon):    33604 kB
Active(file):     369432 kB
Inactive(file):  2109956 kB
Unevictable:        5564 kB
Mlocked:            5564 kB
SwapTotal:       3145724 kB
SwapFree:        3145724 kB
Dirty:               416 kB
Writeback:             0 kB
AnonPages:       1454404 kB
Mapped:           973652 kB
Shmem:             38272 kB
KReclaimable:    1739316 kB
Slab:             270904 kB
SReclaimable:     117296 kB
SUnreclaim:       153608 kB
KernelStack:       50272 kB
PageTables:        70056 kB
NFS_Unstable:          0 kB
Bounce:                0 kB
WritebackTmp:          0 kB
CommitLimit:     9202292 kB
Committed_AS:   76230904 kB
VmallocTotal:   263061440 kB
VmallocUsed:      107544 kB
VmallocChunk:          0 kB
Percpu:             7648 kB
CmaTotal:         294912 kB
CmaFree:               0 kB
MemTotal:       12113136 kB
MemFree:         4265532 kB
MemAvailable:    7613728 kB
Buffers:            6412 kB
Cached:          2515808 kB
SwapCached:            0 kB
Active:          1831124 kB
Inactive:        2143624 kB
Active(anon):    1461696 kB
Inactive(anon):    33656 kB
Active(file):     369428 kB
Inactive(file):  2109968 kB
Unevictable:        5564 kB
Mlocked:            5564 kB
SwapTotal:       3145724 kB
SwapFree:        3145724 kB
Dirty:               464 kB
Writeback:             4 kB
AnonPages:       1457824 kB
Mapped:           973880 kB
Shmem:             38348 kB
KReclaimable:    1737504 kB
Slab:             270904 kB
SReclaimable:     117296 kB
SUnreclaim:       153608 kB
KernelStack:       50320 kB
PageTables:        70432 kB
NFS_Unstable:          0 kB
Bounce:                0 kB
WritebackTmp:          0 kB
CommitLimit:     9202292 kB
Committed_AS:   76226408 kB
VmallocTotal:   263061440 kB
VmallocUsed:      107528 kB
VmallocChunk:          0 kB
Percpu:             7648 kB
CmaTotal:         294912 kB
CmaFree:               0 kB
MemTotal:       12113136 kB
MemFree:         4264312 kB
MemAvailable:    7612504 kB
Buffers:            6412 kB
Cached:          2515860 kB
SwapCached:            0 kB
Active:          1831708 kB
Inactive:        2143660 kB
Active(anon):    1462264 kB
Inactive(anon):    33688 kB
Active(file):     369444 kB
Inactive(file):  2109972 kB
Unevictable:        5564 kB
Mlocked:            5564 kB
SwapTotal:       3145724 kB
SwapFree:        3145724 kB
Dirty:               512 kB
Writeback:             0 kB
AnonPages:       1458652 kB
Mapped:           974064 kB
Shmem:             38380 kB
KReclaimable:    1737480 kB
Slab:             270904 kB
SReclaimable:     117296 kB
SUnreclaim:       153608 kB
KernelStack:       50288 kB
PageTables:        70212 kB
NFS_Unstable:          0 kB
Bounce:                0 kB
WritebackTmp:          0 kB
CommitLimit:     9202292 kB
Committed_AS:   76224816 kB
VmallocTotal:   263061440 kB
VmallocUsed:      107560 kB
VmallocChunk:          0 kB
Percpu:             7648 kB
CmaTotal:         294912 kB
CmaFree:               0 kB
MemTotal:       12113136 kB
MemFree:         4264524 kB
MemAvailable:    7612732 kB
Buffers:            6412 kB
Cached:          2515876 kB
SwapCached:            0 kB
Active:          1831884 kB
Inactive:        2143676 kB
Active(anon):    1462440 kB
Inactive(anon):    33688 kB
Active(file):     369444 kB
Inactive(file):  2109988 kB
Unevictable:        5564 kB
Mlocked:            5564 kB
SwapTotal:       3145724 kB
SwapFree:        3145724 kB
Dirty:               556 kB
Writeback:             0 kB
AnonPages:       1459336 kB
Mapped:           974120 kB
Shmem:             38380 kB
KReclaimable:    1737480 kB
Slab:             270904 kB
SReclaimable:     117296 kB
SUnreclaim:       153608 kB
KernelStack:       50256 kB
PageTables:        70460 kB
NFS_Unstable:          0 kB
Bounce:                0 kB
WritebackTmp:          0 kB
CommitLimit:     9202292 kB
Committed_AS:   76225144 kB
VmallocTotal:   263061440 kB
VmallocUsed:      107544 kB
VmallocChunk:          0 kB
Percpu:             7648 kB
CmaTotal:         294912 kB
CmaFree:               0 kB
MemTotal:       12113136 kB
MemFree:         4269128 kB
MemAvailable:    7617340 kB
Buffers:            6412 kB
Cached:          2515880 kB
SwapCached:            0 kB
Active:          1826124 kB
Inactive:        2143684 kB
Active(anon):    1456684 kB
Inactive(anon):    33688 kB
Active(file):     369440 kB
Inactive(file):  2109996 kB
Unevictable:        5564 kB
Mlocked:            5564 kB
SwapTotal:       3145724 kB
SwapFree:        3145724 kB
Dirty:               580 kB
Writeback:             0 kB
AnonPages:       1452884 kB
Mapped:           974068 kB
Shmem:             38380 kB
KReclaimable:    1737480 kB
Slab:             270904 kB
SReclaimable:     117296 kB
SUnreclaim:       153608 kB
KernelStack:       50288 kB
PageTables:        70392 kB
NFS_Unstable:          0 kB
Bounce:                0 kB
WritebackTmp:          0 kB
CommitLimit:     9202292 kB
Committed_AS:   76231824 kB
VmallocTotal:   263061440 kB
VmallocUsed:      107496 kB
VmallocChunk:          0 kB
Percpu:             7648 kB
CmaTotal:         294912 kB
CmaFree:             192 kB
MemTotal:       12113136 kB
MemFree:         4268508 kB
MemAvailable:    7616736 kB
Buffers:            6412 kB
Cached:          2515900 kB
SwapCached:            0 kB
Active:          1826712 kB
Inactive:        2143704 kB
Active(anon):    1457272 kB
Inactive(anon):    33688 kB
Active(file):     369440 kB
Inactive(file):  2110016 kB
Unevictable:        5564 kB
Mlocked:            5564 kB
SwapTotal:       3145724 kB
SwapFree:        3145724 kB
Dirty:               636 kB
Writeback:             0 kB
AnonPages:       1453520 kB
Mapped:           974304 kB
Shmem:             38380 kB
KReclaimable:    1737476 kB
Slab:             270900 kB
SReclaimable:     117292 kB
SUnreclaim:       153608 kB
KernelStack:       50288 kB
PageTables:        70180 kB
NFS_Unstable:          0 kB
Bounce:                0 kB
WritebackTmp:          0 kB
CommitLimit:     9202292 kB
Committed_AS:   76224932 kB
VmallocTotal:   263061440 kB
VmallocUsed:      107528 kB
VmallocChunk:          0 kB
Percpu:             7648 kB
CmaTotal:         294912 kB
CmaFree:               0 kB
MemTotal:       12113136 kB
MemFree:         4276812 kB
MemAvailable:    7625052 kB
Buffers:            6412 kB
Cached:          2515916 kB
SwapCached:            0 kB
Active:          1817952 kB
Inactive:        2143716 kB
Active(anon):    1448508 kB
Inactive(anon):    33692 kB
Active(file):     369444 kB
Inactive(file):  2110024 kB
Unevictable:        5564 kB
Mlocked:            5564 kB
SwapTotal:       3145724 kB
SwapFree:        3145724 kB
Dirty:               288 kB
Writeback:             0 kB
AnonPages:       1444620 kB
Mapped:           974356 kB
Shmem:             38384 kB
KReclaimable:    1737476 kB
Slab:             270896 kB
SReclaimable:     117292 kB
SUnreclaim:       153604 kB
KernelStack:       50336 kB
PageTables:        70476 kB
NFS_Unstable:          0 kB
Bounce:                0 kB
WritebackTmp:          0 kB
CommitLimit:     9202292 kB
Committed_AS:   76232644 kB
VmallocTotal:   263061440 kB
VmallocUsed:      107544 kB
VmallocChunk:          0 kB
Percpu:             7648 kB
CmaTotal:         294912 kB
CmaFree:             156 kB
MemTotal:       12113136 kB
MemFree:         4276176 kB
MemAvailable:    7624436 kB
Buffers:            6412 kB
Cached:          2515936 kB
SwapCached:            0 kB
Active:          1819212 kB
Inactive:        2143736 kB
Active(anon):    1449768 kB
Inactive(anon):    33692 kB
Active(file):     369444 kB
Inactive(file):  2110044 kB
Unevictable:        5564 kB
Mlocked:            5564 kB
SwapTotal:       3145724 kB
SwapFree:        3145724 kB
Dirty:               380 kB
Writeback:             0 kB
AnonPages:       1445984 kB
Mapped:           974244 kB
Shmem:             38384 kB
KReclaimable:    1737476 kB
Slab:             270888 kB
SReclaimable:     117292 kB
SUnreclaim:       153596 kB
KernelStack:       50320 kB
PageTables:        70376 kB
NFS_Unstable:          0 kB
Bounce:                0 kB
WritebackTmp:          0 kB
CommitLimit:     9202292 kB
Committed_AS:   76225656 kB
VmallocTotal:   263061440 kB
VmallocUsed:      107528 kB
VmallocChunk:          0 kB
Percpu:             7648 kB
CmaTotal:         294912 kB
CmaFree:               0 kB
MemTotal:       12113136 kB
MemFree:         4275360 kB
MemAvailable:    7623640 kB
Buffers:            6412 kB
Cached:          2515956 kB
SwapCached:            0 kB
Active:          1820396 kB
Inactive:        2143752 kB
Active(anon):    1450948 kB
Inactive(anon):    33692 kB
Active(file):     369448 kB
Inactive(file):  2110060 kB
Unevictable:        5564 kB
Mlocked:            5564 kB
SwapTotal:       3145724 kB
SwapFree:        3145724 kB
Dirty:               432 kB
Writeback:             0 kB
AnonPages:       1447184 kB
Mapped:           974072 kB
Shmem:             38384 kB
KReclaimable:    1737476 kB
Slab:             270880 kB
SReclaimable:     117292 kB
SUnreclaim:       153588 kB
KernelStack:       50256 kB
PageTables:        70088 kB
NFS_Unstable:          0 kB
Bounce:                0 kB
WritebackTmp:          0 kB
CommitLimit:     9202292 kB
Committed_AS:   76226180 kB
VmallocTotal:   263061440 kB
VmallocUsed:      107480 kB
VmallocChunk:          0 kB
Percpu:             7648 kB
CmaTotal:         294912 kB
CmaFree:               0 kB
MemTotal:       12113136 kB
MemFree:         4275320 kB
MemAvailable:    7623608 kB
Buffers:            6412 kB
Cached:          2515964 kB
SwapCached:            0 kB
Active:          1819788 kB
Inactive:        2143764 kB
Active(anon):    1450344 kB
Inactive(anon):    33692 kB
Active(file):     369444 kB
Inactive(file):  2110072 kB
Unevictable:        5564 kB
Mlocked:            5564 kB
SwapTotal:       3145724 kB
SwapFree:        3145724 kB
Dirty:               488 kB
Writeback:             0 kB
AnonPages:       1446808 kB
Mapped:           974296 kB
Shmem:             38384 kB
KReclaimable:    1737476 kB
Slab:             270888 kB
SReclaimable:     117292 kB
SUnreclaim:       153596 kB
KernelStack:       50304 kB
PageTables:        70368 kB
NFS_Unstable:          0 kB
Bounce:                0 kB
WritebackTmp:          0 kB
CommitLimit:     9202292 kB
Committed_AS:   76226804 kB
VmallocTotal:   263061440 kB
VmallocUsed:      107512 kB
VmallocChunk:          0 kB
Percpu:             7648 kB
CmaTotal:         294912 kB
CmaFree:               0 kB
MemTotal:       12113136 kB
MemFree:         4274524 kB
MemAvailable:    7622820 kB
Buffers:            6420 kB
Cached:          2515964 kB
SwapCached:            0 kB
Active:          1821204 kB
Inactive:        2143772 kB
Active(anon):    1451760 kB
Inactive(anon):    33692 kB
Active(file):     369444 kB
Inactive(file):  2110080 kB
Unevictable:        5564 kB
Mlocked:            5564 kB
SwapTotal:       3145724 kB
SwapFree:        3145724 kB
Dirty:               520 kB
Writeback:             0 kB
AnonPages:       1448020 kB
Mapped:           974428 kB
Shmem:             38384 kB
KReclaimable:    1737476 kB
Slab:             270888 kB
SReclaimable:     117292 kB
SUnreclaim:       153596 kB
KernelStack:       50336 kB
PageTables:        70084 kB
NFS_Unstable:          0 kB
Bounce:                0 kB
WritebackTmp:          0 kB
CommitLimit:     9202292 kB
Committed_AS:   76226144 kB
VmallocTotal:   263061440 kB
VmallocUsed:      107512 kB
VmallocChunk:          0 kB
Percpu:             7648 kB
CmaTotal:         294912 kB
CmaFree:               0 kB
MemTotal:       12113136 kB
MemFree:         4269992 kB
MemAvailable:    7618336 kB
Buffers:            6420 kB
Cached:          2516012 kB
SwapCached:            0 kB
Active:          1825244 kB
Inactive:        2143812 kB
Active(anon):    1455792 kB
Inactive(anon):    33692 kB
Active(file):     369452 kB
Inactive(file):  2110120 kB
Unevictable:        5564 kB
Mlocked:            5564 kB
SwapTotal:       3145724 kB
SwapFree:        3145724 kB
Dirty:               552 kB
Writeback:             0 kB
AnonPages:       1452160 kB
Mapped:           974236 kB
Shmem:             38384 kB
KReclaimable:    1737476 kB
Slab:             270888 kB
SReclaimable:     117292 kB
SUnreclaim:       153596 kB
KernelStack:       50304 kB
PageTables:        70320 kB
NFS_Unstable:          0 kB
Bounce:                0 kB
WritebackTmp:          0 kB
CommitLimit:     9202292 kB
Committed_AS:   76235080 kB
VmallocTotal:   263061440 kB
VmallocUsed:      107480 kB
VmallocChunk:          0 kB
Percpu:             7648 kB
CmaTotal:         294912 kB
CmaFree:               0 kB
MemTotal:       12113136 kB
MemFree:         4278440 kB
MemAvailable:    7626788 kB
Buffers:            6420 kB
Cached:          2516016 kB
SwapCached:            0 kB
Active:          1816668 kB
Inactive:        2143816 kB
Active(anon):    1447216 kB
Inactive(anon):    33692 kB
Active(file):     369452 kB
Inactive(file):  2110124 kB
Unevictable:        5564 kB
Mlocked:            5564 kB
SwapTotal:       3145724 kB
SwapFree:        3145724 kB
Dirty:               568 kB
Writeback:             0 kB
AnonPages:       1443580 kB
Mapped:           974404 kB
Shmem:             38384 kB
KReclaimable:    1737476 kB
Slab:             270888 kB
SReclaimable:     117292 kB
SUnreclaim:       153596 kB
KernelStack:       50288 kB
PageTables:        70464 kB
NFS_Unstable:          0 kB
Bounce:                0 kB
WritebackTmp:          0 kB
CommitLimit:     9202292 kB
Committed_AS:   76231968 kB
VmallocTotal:   263061440 kB
VmallocUsed:      107480 kB
VmallocChunk:          0 kB
Percpu:             7648 kB
CmaTotal:         294912 kB
CmaFree:             228 kB
MemTotal:       12113136 kB
MemFree:         4277236 kB
MemAvailable:    7625608 kB
Buffers:            6420 kB
Cached:          2516040 kB
SwapCached:            0 kB
Active:          1817508 kB
Inactive:        2143840 kB
Active(anon):    1448056 kB
Inactive(anon):    33692 kB
Active(file):     369452 kB
Inactive(file):  2110148 kB
Unevictable:        5564 kB
Mlocked:            5564 kB
SwapTotal:       3145724 kB
SwapFree:        3145724 kB
Dirty:               636 kB
Writeback:             0 kB
AnonPages:       1444548 kB
Mapped:           974392 kB
Shmem:             38384 kB
KReclaimable:    1737476 kB
Slab:             270888 kB
SReclaimable:     117292 kB
SUnreclaim:       153596 kB
KernelStack:       50304 kB
PageTables:        70460 kB
NFS_Unstable:          0 kB
Bounce:                0 kB
WritebackTmp:          0 kB
CommitLimit:     9202292 kB
Committed_AS:   76235724 kB
VmallocTotal:   263061440 kB
VmallocUsed:      107480 kB
VmallocChunk:          0 kB
Percpu:             7648 kB
CmaTotal:         294912 kB
CmaFree:              52 kB
MemTotal:       12113136 kB
MemFree:         4277336 kB
MemAvailable:    7625720 kB
Buffers:            6420 kB
Cached:          2516052 kB
SwapCached:            0 kB
Active:          1818336 kB
Inactive:        2143852 kB
Active(anon):    1448884 kB
Inactive(anon):    33692 kB
Active(file):     369452 kB
Inactive(file):  2110160 kB
Unevictable:        5564 kB
Mlocked:            5564 kB
SwapTotal:       3145724 kB
SwapFree:        3145724 kB
Dirty:               664 kB
Writeback:             0 kB
AnonPages:       1445140 kB
Mapped:           974440 kB
Shmem:             38384 kB
KReclaimable:    1737476 kB
Slab:             270888 kB
SReclaimable:     117292 kB
SUnreclaim:       153596 kB
KernelStack:       50272 kB
PageTables:        70156 kB
NFS_Unstable:          0 kB
Bounce:                0 kB
WritebackTmp:          0 kB
CommitLimit:     9202292 kB
Committed_AS:   76233016 kB
VmallocTotal:   263061440 kB
VmallocUsed:      107464 kB
VmallocChunk:          0 kB
Percpu:             7648 kB
CmaTotal:         294912 kB
CmaFree:               0 kB
MemTotal:       12113136 kB
MemFree:         4275260 kB
MemAvailable:    7623652 kB
Buffers:            6420 kB
Cached:          2516060 kB
SwapCached:            0 kB
Active:          1819176 kB
Inactive:        2143864 kB
Active(anon):    1449728 kB
Inactive(anon):    33692 kB
Active(file):     369448 kB
Inactive(file):  2110172 kB
Unevictable:        5564 kB
Mlocked:            5564 kB
SwapTotal:       3145724 kB
SwapFree:        3145724 kB
Dirty:               716 kB
Writeback:             0 kB
AnonPages:       1446308 kB
Mapped:           974532 kB
Shmem:             38384 kB
KReclaimable:    1737476 kB
Slab:             270888 kB
SReclaimable:     117292 kB
SUnreclaim:       153596 kB
KernelStack:       50320 kB
PageTables:        70528 kB
NFS_Unstable:          0 kB
Bounce:                0 kB
WritebackTmp:          0 kB
CommitLimit:     9202292 kB
Committed_AS:   76232328 kB
VmallocTotal:   263061440 kB
VmallocUsed:      107496 kB
VmallocChunk:          0 kB
Percpu:             7648 kB
CmaTotal:         294912 kB
CmaFree:               8 kB
MemTotal:       12113136 kB
MemFree:         4274320 kB
MemAvailable:    7622728 kB
Buffers:            6420 kB
Cached:          2516076 kB
SwapCached:            0 kB
Active:          1820648 kB
Inactive:        2143876 kB
Active(anon):    1451196 kB
Inactive(anon):    33692 kB
Active(file):     369452 kB
Inactive(file):  2110184 kB
Unevictable:        5564 kB
Mlocked:            5564 kB
SwapTotal:       3145724 kB
SwapFree:        3145724 kB
Dirty:               736 kB
Writeback:             0 kB
AnonPages:       1447308 kB
Mapped:           974520 kB
Shmem:             38384 kB
KReclaimable:    1737476 kB
Slab:             270888 kB
SReclaimable:     117292 kB
SUnreclaim:       153596 kB
KernelStack:       50304 kB
PageTables:        70388 kB
NFS_Unstable:          0 kB
Bounce:                0 kB
WritebackTmp:          0 kB
CommitLimit:     9202292 kB
Committed_AS:   76237664 kB
VmallocTotal:   263061440 kB
VmallocUsed:      107512 kB
VmallocChunk:          0 kB
Percpu:             7648 kB
CmaTotal:         294912 kB
CmaFree:               0 kB
MemTotal:       12113136 kB
MemFree:         4274100 kB
MemAvailable:    7622524 kB
Buffers:            6420 kB
Cached:          2516092 kB
SwapCached:            0 kB
Active:          1821356 kB
Inactive:        2143892 kB
Active(anon):    1451904 kB
Inactive(anon):    33692 kB
Active(file):     369452 kB
Inactive(file):  2110200 kB
Unevictable:        5564 kB
Mlocked:            5564 kB
SwapTotal:       3145724 kB
SwapFree:        3145724 kB
Dirty:               780 kB
Writeback:             0 kB
AnonPages:       1448344 kB
Mapped:           974552 kB
Shmem:             38384 kB
KReclaimable:    1737476 kB
Slab:             270888 kB
SReclaimable:     117292 kB
SUnreclaim:       153596 kB
KernelStack:       50272 kB
PageTables:        70252 kB
NFS_Unstable:          0 kB
Bounce:                0 kB
WritebackTmp:          0 kB
CommitLimit:     9202292 kB
Committed_AS:   76233484 kB
VmallocTotal:   263061440 kB
VmallocUsed:      107496 kB
VmallocChunk:          0 kB
Percpu:             7648 kB
CmaTotal:         294912 kB
CmaFree:               0 kB
MemTotal:       12113136 kB
MemFree:         4273800 kB
MemAvailable:    7622248 kB
Buffers:            6420 kB
Cached:          2516116 kB
SwapCached:            0 kB
Active:          1823028 kB
Inactive:        2143916 kB
Active(anon):    1453576 kB
Inactive(anon):    33692 kB
Active(file):     369452 kB
Inactive(file):  2110224 kB
Unevictable:        5564 kB
Mlocked:            5564 kB
SwapTotal:       3145724 kB
SwapFree:        3145724 kB
Dirty:               816 kB
Writeback:             4 kB
AnonPages:       1449916 kB
Mapped:           974612 kB
Shmem:             38384 kB
KReclaimable:    1737476 kB
Slab:             270904 kB
SReclaimable:     117292 kB
SUnreclaim:       153612 kB
KernelStack:       50240 kB
PageTables:        70296 kB
NFS_Unstable:          0 kB
Bounce:                0 kB
WritebackTmp:          0 kB
CommitLimit:     9202292 kB
Committed_AS:   76229416 kB
VmallocTotal:   263061440 kB
VmallocUsed:      107448 kB
VmallocChunk:          0 kB
Percpu:             7648 kB
CmaTotal:         294912 kB
CmaFree:               0 kB
MemTotal:       12113136 kB
MemFree:         4270684 kB
MemAvailable:    7619132 kB
Buffers:            6420 kB
Cached:          2516116 kB
SwapCached:            0 kB
Active:          1824764 kB
Inactive:        2143920 kB
Active(anon):    1455316 kB
Inactive(anon):    33692 kB
Active(file):     369448 kB
Inactive(file):  2110228 kB
Unevictable:        5564 kB
Mlocked:            5564 kB
SwapTotal:       3145724 kB
SwapFree:        3145724 kB
Dirty:               868 kB
Writeback:             0 kB
AnonPages:       1451852 kB
Mapped:           974100 kB
Shmem:             38384 kB
KReclaimable:    1737476 kB
Slab:             270936 kB
SReclaimable:     117292 kB
SUnreclaim:       153644 kB
KernelStack:       50304 kB
PageTables:        70364 kB
NFS_Unstable:          0 kB
Bounce:                0 kB
WritebackTmp:          0 kB
CommitLimit:     9202292 kB
Committed_AS:   76230396 kB
VmallocTotal:   263061440 kB
VmallocUsed:      107480 kB
VmallocChunk:          0 kB
Percpu:             7648 kB
CmaTotal:         294912 kB
CmaFree:               0 kB
MemTotal:       12113136 kB
MemFree:         4269432 kB
MemAvailable:    7617896 kB
Buffers:            6420 kB
Cached:          2516132 kB
SwapCached:            0 kB
Active:          1825724 kB
Inactive:        2143936 kB
Active(anon):    1456276 kB
Inactive(anon):    33692 kB
Active(file):     369448 kB
Inactive(file):  2110244 kB
Unevictable:        5564 kB
Mlocked:            5564 kB
SwapTotal:       3145724 kB
SwapFree:        3145724 kB
Dirty:               908 kB
Writeback:             0 kB
AnonPages:       1452816 kB
Mapped:           974024 kB
Shmem:             38384 kB
KReclaimable:    1737476 kB
Slab:             270912 kB
SReclaimable:     117292 kB
SUnreclaim:       153620 kB
KernelStack:       50304 kB
PageTables:        70264 kB
NFS_Unstable:          0 kB
Bounce:                0 kB
WritebackTmp:          0 kB
CommitLimit:     9202292 kB
Committed_AS:   76233600 kB
VmallocTotal:   263061440 kB
VmallocUsed:      107496 kB
VmallocChunk:          0 kB
Percpu:             7648 kB
CmaTotal:         294912 kB
CmaFree:               0 kB
MemTotal:       12113136 kB
MemFree:         4270024 kB
MemAvailable:    7618508 kB
Buffers:            6420 kB
Cached:          2516152 kB
SwapCached:            0 kB
Active:          1826736 kB
Inactive:        2143952 kB
Active(anon):    1457284 kB
Inactive(anon):    33692 kB
Active(file):     369452 kB
Inactive(file):  2110260 kB
Unevictable:        5564 kB
Mlocked:            5564 kB
SwapTotal:       3145724 kB
SwapFree:        3145724 kB
Dirty:               888 kB
Writeback:           132 kB
AnonPages:       1453632 kB
Mapped:           974060 kB
Shmem:             38384 kB
KReclaimable:    1737476 kB
Slab:             270912 kB
SReclaimable:     117292 kB
SUnreclaim:       153620 kB
KernelStack:       50256 kB
PageTables:        70520 kB
NFS_Unstable:          0 kB
Bounce:                0 kB
WritebackTmp:          0 kB
CommitLimit:     9202292 kB
Committed_AS:   76232956 kB
VmallocTotal:   263061440 kB
VmallocUsed:      107480 kB
VmallocChunk:          0 kB
Percpu:             7648 kB
CmaTotal:         294912 kB
CmaFree:               0 kB
MemTotal:       12113136 kB
MemFree:         4267548 kB
MemAvailable:    7616052 kB
Buffers:            6420 kB
Cached:          2516172 kB
SwapCached:            0 kB
Active:          1827032 kB
Inactive:        2143972 kB
Active(anon):    1457580 kB
Inactive(anon):    33692 kB
Active(file):     369452 kB
Inactive(file):  2110280 kB
Unevictable:        5564 kB
Mlocked:            5564 kB
SwapTotal:       3145724 kB
SwapFree:        3145724 kB
Dirty:               928 kB
Writeback:             0 kB
AnonPages:       1454272 kB
Mapped:           974360 kB
Shmem:             38384 kB
KReclaimable:    1737476 kB
Slab:             270912 kB
SReclaimable:     117292 kB
SUnreclaim:       153620 kB
KernelStack:       50340 kB
PageTables:        70456 kB
NFS_Unstable:          0 kB
Bounce:                0 kB
WritebackTmp:          0 kB
CommitLimit:     9202292 kB
Committed_AS:   76225232 kB
VmallocTotal:   263061440 kB
VmallocUsed:      107464 kB
VmallocChunk:          0 kB
Percpu:             7648 kB
CmaTotal:         294912 kB
CmaFree:               0 kB
MemTotal:       12113136 kB
MemFree:         4266576 kB
MemAvailable:    7615092 kB
Buffers:            6420 kB
Cached:          2516184 kB
SwapCached:            0 kB
Active:          1828132 kB
Inactive:        2143984 kB
Active(anon):    1458680 kB
Inactive(anon):    33692 kB
Active(file):     369452 kB
Inactive(file):  2110292 kB
Unevictable:        5564 kB
Mlocked:            5564 kB
SwapTotal:       3145724 kB
SwapFree:        3145724 kB
Dirty:               964 kB
Writeback:             0 kB
AnonPages:       1455220 kB
Mapped:           974192 kB
Shmem:             38384 kB
KReclaimable:    1737476 kB
Slab:             270912 kB
SReclaimable:     117292 kB
SUnreclaim:       153620 kB
KernelStack:       50288 kB
PageTables:        70456 kB
NFS_Unstable:          0 kB
Bounce:                0 kB
WritebackTmp:          0 kB
CommitLimit:     9202292 kB
Committed_AS:   76217596 kB
VmallocTotal:   263061440 kB
VmallocUsed:      107448 kB
VmallocChunk:          0 kB
Percpu:             7648 kB
CmaTotal:         294912 kB
CmaFree:               0 kB
MemTotal:       12113136 kB
MemFree:         4275160 kB
MemAvailable:    7623692 kB
Buffers:            6420 kB
Cached:          2516200 kB
SwapCached:            0 kB
Active:          1820600 kB
Inactive:        2144000 kB
Active(anon):    1451148 kB
Inactive(anon):    33692 kB
Active(file):     369452 kB
Inactive(file):  2110308 kB
Unevictable:        5564 kB
Mlocked:            5564 kB
SwapTotal:       3145724 kB
SwapFree:        3145724 kB
Dirty:               988 kB
Writeback:             0 kB
AnonPages:       1447600 kB
Mapped:           974176 kB
Shmem:             38384 kB
KReclaimable:    1737476 kB
Slab:             270912 kB
SReclaimable:     117292 kB
SUnreclaim:       153620 kB
KernelStack:       50272 kB
PageTables:        70328 kB
NFS_Unstable:          0 kB
Bounce:                0 kB
WritebackTmp:          0 kB
CommitLimit:     9202292 kB
Committed_AS:   76228748 kB
VmallocTotal:   263061440 kB
VmallocUsed:      107464 kB
VmallocChunk:          0 kB
Percpu:             7648 kB
CmaTotal:         294912 kB
CmaFree:               0 kB
MemTotal:       12113136 kB
MemFree:         4273404 kB
MemAvailable:    7621980 kB
Buffers:            6424 kB
Cached:          2516236 kB
SwapCached:            0 kB
Active:          1821320 kB
Inactive:        2144036 kB
Active(anon):    1451864 kB
Inactive(anon):    33692 kB
Active(file):     369456 kB
Inactive(file):  2110344 kB
Unevictable:        5564 kB
Mlocked:            5564 kB
SwapTotal:       3145724 kB
SwapFree:        3145724 kB
Dirty:              1024 kB
Writeback:             0 kB
AnonPages:       1448432 kB
Mapped:           974168 kB
Shmem:             38384 kB
KReclaimable:    1737480 kB
Slab:             270908 kB
SReclaimable:     117296 kB
SUnreclaim:       153612 kB
KernelStack:       50288 kB
PageTables:        70372 kB
NFS_Unstable:          0 kB
Bounce:                0 kB
WritebackTmp:          0 kB
CommitLimit:     9202292 kB
Committed_AS:   76227280 kB
VmallocTotal:   263061440 kB
VmallocUsed:      107512 kB
VmallocChunk:          0 kB
Percpu:             7648 kB
CmaTotal:         294912 kB
CmaFree:               0 kB
MemTotal:       12113136 kB
MemFree:         4274852 kB
MemAvailable:    7623440 kB
Buffers:            6424 kB
Cached:          2516248 kB
SwapCached:            0 kB
Active:          1821492 kB
Inactive:        2144048 kB
Active(anon):    1452036 kB
Inactive(anon):    33692 kB
Active(file):     369456 kB
Inactive(file):  2110356 kB
Unevictable:        5564 kB
Mlocked:            5564 kB
SwapTotal:       3145724 kB
SwapFree:        3145724 kB
Dirty:               276 kB
Writeback:             0 kB
AnonPages:       1448460 kB
Mapped:           974636 kB
Shmem:             38384 kB
KReclaimable:    1737480 kB
Slab:             270928 kB
SReclaimable:     117296 kB
SUnreclaim:       153632 kB
KernelStack:       50208 kB
PageTables:        70420 kB
NFS_Unstable:          0 kB
Bounce:                0 kB
WritebackTmp:          0 kB
CommitLimit:     9202292 kB
Committed_AS:   76222356 kB
VmallocTotal:   263061440 kB
VmallocUsed:      107480 kB
VmallocChunk:          0 kB
Percpu:             7648 kB
CmaTotal:         294912 kB
CmaFree:             104 kB
MemTotal:       12113136 kB
MemFree:         4273584 kB
MemAvailable:    7622176 kB
Buffers:            6424 kB
Cached:          2516252 kB
SwapCached:            0 kB
Active:          1821780 kB
Inactive:        2144056 kB
Active(anon):    1452328 kB
Inactive(anon):    33692 kB
Active(file):     369452 kB
Inactive(file):  2110364 kB
Unevictable:        5564 kB
Mlocked:            5564 kB
SwapTotal:       3145724 kB
SwapFree:        3145724 kB
Dirty:               344 kB
Writeback:             0 kB
AnonPages:       1449040 kB
Mapped:           974404 kB
Shmem:             38384 kB
KReclaimable:    1737480 kB
Slab:             270928 kB
SReclaimable:     117296 kB
SUnreclaim:       153632 kB
KernelStack:       50304 kB
PageTables:        70476 kB
NFS_Unstable:          0 kB
Bounce:                0 kB
WritebackTmp:          0 kB
CommitLimit:     9202292 kB
Committed_AS:   76222940 kB
VmallocTotal:   263061440 kB
VmallocUsed:      107464 kB
VmallocChunk:          0 kB
Percpu:             7648 kB
CmaTotal:         294912 kB
CmaFree:               0 kB
MemTotal:       12113136 kB
MemFree:         4271812 kB
MemAvailable:    7620428 kB
Buffers:            6424 kB
Cached:          2516276 kB
SwapCached:            0 kB
Active:          1822904 kB
Inactive:        2144076 kB
Active(anon):    1453448 kB
Inactive(anon):    33692 kB
Active(file):     369456 kB
Inactive(file):  2110384 kB
Unevictable:        5564 kB
Mlocked:            5564 kB
SwapTotal:       3145724 kB
SwapFree:        3145724 kB
Dirty:               412 kB
Writeback:             0 kB
AnonPages:       1449868 kB
Mapped:           974344 kB
Shmem:             38384 kB
KReclaimable:    1737480 kB
Slab:             270928 kB
SReclaimable:     117296 kB
SUnreclaim:       153632 kB
KernelStack:       50256 kB
PageTables:        70368 kB
NFS_Unstable:          0 kB
Bounce:                0 kB
WritebackTmp:          0 kB
CommitLimit:     9202292 kB
Committed_AS:   76229332 kB
VmallocTotal:   263061440 kB
VmallocUsed:      107480 kB
VmallocChunk:          0 kB
Percpu:             7648 kB
CmaTotal:         294912 kB
CmaFree:              36 kB
MemTotal:       12113136 kB
MemFree:         4270376 kB
MemAvailable:    7619000 kB
Buffers:            6424 kB
Cached:          2516284 kB
SwapCached:            0 kB
Active:          1823676 kB
Inactive:        2144084 kB
Active(anon):    1454220 kB
Inactive(anon):    33692 kB
Active(file):     369456 kB
Inactive(file):  2110392 kB
Unevictable:        5564 kB
Mlocked:            5564 kB
SwapTotal:       3145724 kB
SwapFree:        3145724 kB
Dirty:               472 kB
Writeback:             0 kB
AnonPages:       1450568 kB
Mapped:           974580 kB
Shmem:             38384 kB
KReclaimable:    1737480 kB
Slab:             270920 kB
SReclaimable:     117296 kB
SUnreclaim:       153624 kB
KernelStack:       50340 kB
PageTables:        70108 kB
NFS_Unstable:          0 kB
Bounce:                0 kB
WritebackTmp:          0 kB
CommitLimit:     9202292 kB
Committed_AS:   76217180 kB
VmallocTotal:   263061440 kB
VmallocUsed:      107480 kB
VmallocChunk:          0 kB
Percpu:             7648 kB
CmaTotal:         294912 kB
CmaFree:               4 kB
MemTotal:       12113136 kB
MemFree:         4271336 kB
MemAvailable:    7619980 kB
Buffers:            6424 kB
Cached:          2516304 kB
SwapCached:            0 kB
Active:          1824916 kB
Inactive:        2144104 kB
Active(anon):    1455460 kB
Inactive(anon):    33692 kB
Active(file):     369456 kB
Inactive(file):  2110412 kB
Unevictable:        5564 kB
Mlocked:            5564 kB
SwapTotal:       3145724 kB
SwapFree:        3145724 kB
Dirty:               548 kB
Writeback:             0 kB
AnonPages:       1451708 kB
Mapped:           974164 kB
Shmem:             38384 kB
KReclaimable:    1737480 kB
Slab:             270924 kB
SReclaimable:     117296 kB
SUnreclaim:       153628 kB
KernelStack:       50256 kB
PageTables:        70352 kB
NFS_Unstable:          0 kB
Bounce:                0 kB
WritebackTmp:          0 kB
CommitLimit:     9202292 kB
Committed_AS:   76210544 kB
VmallocTotal:   263061440 kB
VmallocUsed:      107480 kB
VmallocChunk:          0 kB
Percpu:             7648 kB
CmaTotal:         294912 kB
CmaFree:               0 kB
MemTotal:       12113136 kB
MemFree:         4269380 kB
MemAvailable:    7618052 kB
Buffers:            6424 kB
Cached:          2516332 kB
SwapCached:            0 kB
Active:          1826140 kB
Inactive:        2144124 kB
Active(anon):    1456676 kB
Inactive(anon):    33692 kB
Active(file):     369464 kB
Inactive(file):  2110432 kB
Unevictable:        5564 kB
Mlocked:            5564 kB
SwapTotal:       3145724 kB
SwapFree:        3145724 kB
Dirty:               340 kB
Writeback:             4 kB
AnonPages:       1453132 kB
Mapped:           974488 kB
Shmem:             38384 kB
KReclaimable:    1737480 kB
Slab:             270924 kB
SReclaimable:     117296 kB
SUnreclaim:       153628 kB
KernelStack:       50276 kB
PageTables:        70160 kB
NFS_Unstable:          0 kB
Bounce:                0 kB
WritebackTmp:          0 kB
CommitLimit:     9202292 kB
Committed_AS:   76219764 kB
VmallocTotal:   263061440 kB
VmallocUsed:      107480 kB
VmallocChunk:          0 kB
Percpu:             7648 kB
CmaTotal:         294912 kB
CmaFree:               4 kB
MemTotal:       12113136 kB
MemFree:         4267244 kB
MemAvailable:    7615908 kB
Buffers:            6424 kB
Cached:          2516128 kB
SwapCached:            0 kB
Active:          1828032 kB
Inactive:        2143928 kB
Active(anon):    1458576 kB
Inactive(anon):    33496 kB
Active(file):     369456 kB
Inactive(file):  2110432 kB
Unevictable:        5564 kB
Mlocked:            5564 kB
SwapTotal:       3145724 kB
SwapFree:        3145724 kB
Dirty:               332 kB
Writeback:             8 kB
AnonPages:       1454780 kB
Mapped:           974204 kB
Shmem:             38188 kB
KReclaimable:    1737480 kB
Slab:             270952 kB
SReclaimable:     117296 kB
SUnreclaim:       153656 kB
KernelStack:       50224 kB
PageTables:        70224 kB
NFS_Unstable:          0 kB
Bounce:                0 kB
WritebackTmp:          0 kB
CommitLimit:     9202292 kB
Committed_AS:   76227540 kB
VmallocTotal:   263061440 kB
VmallocUsed:      107448 kB
VmallocChunk:          0 kB
Percpu:             7648 kB
CmaTotal:         294912 kB
CmaFree:              20 kB
MemTotal:       12113136 kB
MemFree:         4266032 kB
MemAvailable:    7614716 kB
Buffers:            6424 kB
Cached:          2516344 kB
SwapCached:            0 kB
Active:          1828908 kB
Inactive:        2144140 kB
Active(anon):    1459448 kB
Inactive(anon):    33692 kB
Active(file):     369460 kB
Inactive(file):  2110448 kB
Unevictable:        5564 kB
Mlocked:            5564 kB
SwapTotal:       3145724 kB
SwapFree:        3145724 kB
Dirty:               396 kB
Writeback:             0 kB
AnonPages:       1455748 kB
Mapped:           974656 kB
Shmem:             38384 kB
KReclaimable:    1737480 kB
Slab:             270920 kB
SReclaimable:     117296 kB
SUnreclaim:       153624 kB
KernelStack:       50240 kB
PageTables:        70420 kB
NFS_Unstable:          0 kB
Bounce:                0 kB
WritebackTmp:          0 kB
CommitLimit:     9202292 kB
Committed_AS:   76229136 kB
VmallocTotal:   263061440 kB
VmallocUsed:      107448 kB
VmallocChunk:          0 kB
Percpu:             7648 kB
CmaTotal:         294912 kB
CmaFree:               0 kB
MemTotal:       12113136 kB
MemFree:         4266716 kB
MemAvailable:    7615408 kB
Buffers:            6424 kB
Cached:          2516360 kB
SwapCached:            0 kB
Active:          1829680 kB
Inactive:        2144152 kB
Active(anon):    1460224 kB
Inactive(anon):    33692 kB
Active(file):     369456 kB
Inactive(file):  2110460 kB
Unevictable:        5564 kB
Mlocked:            5564 kB
SwapTotal:       3145724 kB
SwapFree:        3145724 kB
Dirty:               444 kB
Writeback:             0 kB
AnonPages:       1456396 kB
Mapped:           974468 kB
Shmem:             38384 kB
KReclaimable:    1737480 kB
Slab:             270928 kB
SReclaimable:     117296 kB
SUnreclaim:       153632 kB
KernelStack:       50208 kB
PageTables:        70276 kB
NFS_Unstable:          0 kB
Bounce:                0 kB
WritebackTmp:          0 kB
CommitLimit:     9202292 kB
Committed_AS:   76234924 kB
VmallocTotal:   263061440 kB
VmallocUsed:      107384 kB
VmallocChunk:          0 kB
Percpu:             7648 kB
CmaTotal:         294912 kB
CmaFree:               0 kB
MemTotal:       12113136 kB
MemFree:         4264020 kB
MemAvailable:    7612728 kB
Buffers:            6424 kB
Cached:          2516368 kB
SwapCached:            0 kB
Active:          1830100 kB
Inactive:        2144168 kB
Active(anon):    1460644 kB
Inactive(anon):    33692 kB
Active(file):     369456 kB
Inactive(file):  2110476 kB
Unevictable:        5564 kB
Mlocked:            5564 kB
SwapTotal:       3145724 kB
SwapFree:        3145724 kB
Dirty:               492 kB
Writeback:             0 kB
AnonPages:       1456596 kB
Mapped:           974572 kB
Shmem:             38384 kB
KReclaimable:    1737480 kB
Slab:             270920 kB
SReclaimable:     117296 kB
SUnreclaim:       153624 kB
KernelStack:       50320 kB
PageTables:        70648 kB
NFS_Unstable:          0 kB
Bounce:                0 kB
WritebackTmp:          0 kB
CommitLimit:     9202292 kB
Committed_AS:   76227508 kB
VmallocTotal:   263061440 kB
VmallocUsed:      107464 kB
VmallocChunk:          0 kB
Percpu:             7648 kB
CmaTotal:         294912 kB
CmaFree:               0 kB
MemTotal:       12113136 kB
MemFree:         4263580 kB
MemAvailable:    7612308 kB
Buffers:            6424 kB
Cached:          2516388 kB
SwapCached:            0 kB
Active:          1832724 kB
Inactive:        2144188 kB
Active(anon):    1463268 kB
Inactive(anon):    33692 kB
Active(file):     369456 kB
Inactive(file):  2110496 kB
Unevictable:        5564 kB
Mlocked:            5564 kB
SwapTotal:       3145724 kB
SwapFree:        3145724 kB
Dirty:               348 kB
Writeback:             0 kB
AnonPages:       1459536 kB
Mapped:           974536 kB
Shmem:             38384 kB
KReclaimable:    1737480 kB
Slab:             270884 kB
SReclaimable:     117296 kB
SUnreclaim:       153588 kB
KernelStack:       50240 kB
PageTables:        70408 kB
NFS_Unstable:          0 kB
Bounce:                0 kB
WritebackTmp:          0 kB
CommitLimit:     9202292 kB
Committed_AS:   76224016 kB
VmallocTotal:   263061440 kB
VmallocUsed:      107384 kB
VmallocChunk:          0 kB
Percpu:             7648 kB
CmaTotal:         294912 kB
CmaFree:               0 kB
MemTotal:       12113136 kB
MemFree:         4261532 kB
MemAvailable:    7610276 kB
Buffers:            6424 kB
Cached:          2516404 kB
SwapCached:            0 kB
Active:          1834056 kB
Inactive:        2144204 kB
Active(anon):    1464600 kB
Inactive(anon):    33692 kB
Active(file):     369456 kB
Inactive(file):  2110512 kB
Unevictable:        5564 kB
Mlocked:            5564 kB
SwapTotal:       3145724 kB
SwapFree:        3145724 kB
Dirty:               444 kB
Writeback:             0 kB
AnonPages:       1460544 kB
Mapped:           974548 kB
Shmem:             38384 kB
KReclaimable:    1737480 kB
Slab:             270876 kB
SReclaimable:     117296 kB
SUnreclaim:       153580 kB
KernelStack:       50240 kB
PageTables:        70352 kB
NFS_Unstable:          0 kB
Bounce:                0 kB
WritebackTmp:          0 kB
CommitLimit:     9202292 kB
Committed_AS:   76232356 kB
VmallocTotal:   263061440 kB
VmallocUsed:      107448 kB
VmallocChunk:          0 kB
Percpu:             7648 kB
CmaTotal:         294912 kB
CmaFree:               0 kB
MemTotal:       12113136 kB
MemFree:         4259768 kB
MemAvailable:    7608516 kB
Buffers:            6424 kB
Cached:          2516408 kB
SwapCached:            0 kB
Active:          1834636 kB
Inactive:        2144208 kB
Active(anon):    1465180 kB
Inactive(anon):    33692 kB
Active(file):     369456 kB
Inactive(file):  2110516 kB
Unevictable:        5564 kB
Mlocked:            5564 kB
SwapTotal:       3145724 kB
SwapFree:        3145724 kB
Dirty:               460 kB
Writeback:             0 kB
AnonPages:       1461632 kB
Mapped:           974620 kB
Shmem:             38384 kB
KReclaimable:    1737480 kB
Slab:             270892 kB
SReclaimable:     117296 kB
SUnreclaim:       153596 kB
KernelStack:       50224 kB
PageTables:        70280 kB
NFS_Unstable:          0 kB
Bounce:                0 kB
WritebackTmp:          0 kB
CommitLimit:     9202292 kB
Committed_AS:   76231932 kB
VmallocTotal:   263061440 kB
VmallocUsed:      107464 kB
VmallocChunk:          0 kB
Percpu:             7648 kB
CmaTotal:         294912 kB
CmaFree:               0 kB
MemTotal:       12113136 kB
MemFree:         4258728 kB
MemAvailable:    7607488 kB
Buffers:            6424 kB
Cached:          2516420 kB
SwapCached:            0 kB
Active:          1835796 kB
Inactive:        2144220 kB
Active(anon):    1466340 kB
Inactive(anon):    33692 kB
Active(file):     369456 kB
Inactive(file):  2110528 kB
Unevictable:        5564 kB
Mlocked:            5564 kB
SwapTotal:       3145724 kB
SwapFree:        3145724 kB
Dirty:               500 kB
Writeback:             0 kB
AnonPages:       1462912 kB
Mapped:           974780 kB
Shmem:             38384 kB
KReclaimable:    1737480 kB
Slab:             270892 kB
SReclaimable:     117296 kB
SUnreclaim:       153596 kB
KernelStack:       50292 kB
PageTables:        70224 kB
NFS_Unstable:          0 kB
Bounce:                0 kB
WritebackTmp:          0 kB
CommitLimit:     9202292 kB
Committed_AS:   76236912 kB
VmallocTotal:   263061440 kB
VmallocUsed:      107480 kB
VmallocChunk:          0 kB
Percpu:             7648 kB
CmaTotal:         294912 kB
CmaFree:               0 kB
MemTotal:       12113136 kB
MemFree:         4259800 kB
MemAvailable:    7608604 kB
Buffers:            6428 kB
Cached:          2516460 kB
SwapCached:            0 kB
Active:          1835020 kB
Inactive:        2144260 kB
Active(anon):    1465560 kB
Inactive(anon):    33692 kB
Active(file):     369460 kB
Inactive(file):  2110568 kB
Unevictable:        5564 kB
Mlocked:            5564 kB
SwapTotal:       3145724 kB
SwapFree:        3145724 kB
Dirty:               568 kB
Writeback:             0 kB
AnonPages:       1462220 kB
Mapped:           974660 kB
Shmem:             38384 kB
KReclaimable:    1737480 kB
Slab:             270884 kB
SReclaimable:     117296 kB
SUnreclaim:       153588 kB
KernelStack:       50256 kB
PageTables:        70184 kB
NFS_Unstable:          0 kB
Bounce:                0 kB
WritebackTmp:          0 kB
CommitLimit:     9202292 kB
Committed_AS:   76225232 kB
VmallocTotal:   263061440 kB
VmallocUsed:      107464 kB
