MemTotal:       12113132 kB
MemFree:         6356472 kB
MemAvailable:    8101436 kB
Buffers:            6920 kB
Cached:          1936620 kB
SwapCached:            0 kB
Active:          1505140 kB
Inactive:        1690472 kB
Active(anon):    1258520 kB
Inactive(anon):    26340 kB
Active(file):     246620 kB
Inactive(file):  1664132 kB
Unevictable:        5552 kB
Mlocked:            5552 kB
SwapTotal:       3145724 kB
SwapFree:        3145724 kB
Dirty:               468 kB
Writeback:             0 kB
AnonPages:       1257548 kB
Mapped:           857784 kB
Shmem:             28288 kB
KReclaimable:     702916 kB
Slab:             224584 kB
SReclaimable:      80340 kB
SUnreclaim:       144244 kB
KernelStack:       45984 kB
PageTables:        62948 kB
NFS_Unstable:          0 kB
Bounce:                0 kB
WritebackTmp:          0 kB
CommitLimit:     9202288 kB
Committed_AS:   66148580 kB
VmallocTotal:   263061440 kB
VmallocUsed:      102988 kB
VmallocChunk:          0 kB
Percpu:             7648 kB
CmaTotal:         294912 kB
CmaFree:               0 kB
MemTotal:       12113132 kB
MemFree:         6354968 kB
MemAvailable:    8099992 kB
Buffers:            6920 kB
Cached:          1936680 kB
SwapCached:            0 kB
Active:          1506012 kB
Inactive:        1690504 kB
Active(anon):    1259364 kB
Inactive(anon):    26340 kB
Active(file):     246648 kB
Inactive(file):  1664164 kB
Unevictable:        5552 kB
Mlocked:            5552 kB
SwapTotal:       3145724 kB
SwapFree:        3145724 kB
Dirty:               544 kB
Writeback:             0 kB
AnonPages:       1258700 kB
Mapped:           857784 kB
Shmem:             28288 kB
KReclaimable:     702916 kB
Slab:             224584 kB
SReclaimable:      80340 kB
SUnreclaim:       144244 kB
KernelStack:       46000 kB
PageTables:        62964 kB
NFS_Unstable:          0 kB
Bounce:                0 kB
WritebackTmp:          0 kB
CommitLimit:     9202288 kB
Committed_AS:   66149572 kB
VmallocTotal:   263061440 kB
VmallocUsed:      103004 kB
VmallocChunk:          0 kB
Percpu:             7648 kB
CmaTotal:         294912 kB
CmaFree:               0 kB
MemTotal:       12113132 kB
MemFree:         6353048 kB
MemAvailable:    8098076 kB
Buffers:            6920 kB
Cached:          1936684 kB
SwapCached:            0 kB
Active:          1506596 kB
Inactive:        1690508 kB
Active(anon):    1259948 kB
Inactive(anon):    26340 kB
Active(file):     246648 kB
Inactive(file):  1664168 kB
Unevictable:        5552 kB
Mlocked:            5552 kB
SwapTotal:       3145724 kB
SwapFree:        3145724 kB
Dirty:               616 kB
Writeback:             0 kB
AnonPages:       1258964 kB
Mapped:           857784 kB
Shmem:             28288 kB
KReclaimable:     702916 kB
Slab:             224584 kB
SReclaimable:      80340 kB
SUnreclaim:       144244 kB
KernelStack:       45984 kB
PageTables:        62944 kB
NFS_Unstable:          0 kB
Bounce:                0 kB
WritebackTmp:          0 kB
CommitLimit:     9202288 kB
Committed_AS:   66145868 kB
VmallocTotal:   263061440 kB
VmallocUsed:      103004 kB
VmallocChunk:          0 kB
Percpu:             7648 kB
CmaTotal:         294912 kB
CmaFree:               0 kB
MemTotal:       12113132 kB
MemFree:         6350904 kB
MemAvailable:    8095944 kB
Buffers:            6920 kB
Cached:          1936704 kB
SwapCached:            0 kB
Active:          1508532 kB
Inactive:        1690528 kB
Active(anon):    1261884 kB
Inactive(anon):    26348 kB
Active(file):     246648 kB
Inactive(file):  1664180 kB
Unevictable:        5552 kB
Mlocked:            5552 kB
SwapTotal:       3145724 kB
SwapFree:        3145724 kB
Dirty:               660 kB
Writeback:             0 kB
AnonPages:       1261084 kB
Mapped:           857852 kB
Shmem:             28296 kB
KReclaimable:     702916 kB
Slab:             224584 kB
SReclaimable:      80340 kB
SUnreclaim:       144244 kB
KernelStack:       46000 kB
PageTables:        63084 kB
NFS_Unstable:          0 kB
Bounce:                0 kB
WritebackTmp:          0 kB
CommitLimit:     9202288 kB
Committed_AS:   66145652 kB
VmallocTotal:   263061440 kB
VmallocUsed:      102988 kB
VmallocChunk:          0 kB
Percpu:             7648 kB
CmaTotal:         294912 kB
CmaFree:               0 kB
MemTotal:       12113132 kB
MemFree:         6350388 kB
MemAvailable:    8095444 kB
Buffers:            6920 kB
Cached:          1936720 kB
SwapCached:            0 kB
Active:          1508928 kB
Inactive:        1690544 kB
Active(anon):    1262280 kB
Inactive(anon):    26348 kB
Active(file):     246648 kB
Inactive(file):  1664196 kB
Unevictable:        5552 kB
Mlocked:            5552 kB
SwapTotal:       3145724 kB
SwapFree:        3145724 kB
Dirty:               688 kB
Writeback:             0 kB
AnonPages:       1261312 kB
Mapped:           857852 kB
Shmem:             28296 kB
KReclaimable:     702916 kB
Slab:             224584 kB
SReclaimable:      80340 kB
SUnreclaim:       144244 kB
KernelStack:       45984 kB
PageTables:        62940 kB
NFS_Unstable:          0 kB
Bounce:                0 kB
WritebackTmp:          0 kB
CommitLimit:     9202288 kB
Committed_AS:   66145608 kB
VmallocTotal:   263061440 kB
VmallocUsed:      102972 kB
VmallocChunk:          0 kB
Percpu:             7648 kB
CmaTotal:         294912 kB
CmaFree:               0 kB
MemTotal:       12113132 kB
MemFree:         6349684 kB
MemAvailable:    8094760 kB
Buffers:            6924 kB
Cached:          1936736 kB
SwapCached:            0 kB
Active:          1509392 kB
Inactive:        1690560 kB
Active(anon):    1262740 kB
Inactive(anon):    26348 kB
Active(file):     246652 kB
Inactive(file):  1664212 kB
Unevictable:        5552 kB
Mlocked:            5552 kB
SwapTotal:       3145724 kB
SwapFree:        3145724 kB
Dirty:               624 kB
Writeback:             0 kB
AnonPages:       1261904 kB
Mapped:           857888 kB
Shmem:             28296 kB
KReclaimable:     702916 kB
Slab:             224584 kB
SReclaimable:      80340 kB
SUnreclaim:       144244 kB
KernelStack:       46016 kB
PageTables:        62992 kB
NFS_Unstable:          0 kB
Bounce:                0 kB
WritebackTmp:          0 kB
CommitLimit:     9202288 kB
Committed_AS:   66145652 kB
VmallocTotal:   263061440 kB
VmallocUsed:      102956 kB
VmallocChunk:          0 kB
Percpu:             7648 kB
CmaTotal:         294912 kB
CmaFree:               0 kB
MemTotal:       12113132 kB
MemFree:         6349048 kB
MemAvailable:    8094128 kB
Buffers:            6924 kB
Cached:          1936740 kB
SwapCached:            0 kB
Active:          1510500 kB
Inactive:        1690564 kB
Active(anon):    1263848 kB
Inactive(anon):    26348 kB
Active(file):     246652 kB
Inactive(file):  1664216 kB
Unevictable:        5552 kB
Mlocked:            5552 kB
SwapTotal:       3145724 kB
SwapFree:        3145724 kB
Dirty:               628 kB
Writeback:             0 kB
AnonPages:       1262992 kB
Mapped:           857852 kB
Shmem:             28296 kB
KReclaimable:     702916 kB
Slab:             224584 kB
SReclaimable:      80340 kB
SUnreclaim:       144244 kB
KernelStack:       45984 kB
PageTables:        62944 kB
NFS_Unstable:          0 kB
Bounce:                0 kB
WritebackTmp:          0 kB
CommitLimit:     9202288 kB
Committed_AS:   66145320 kB
VmallocTotal:   263061440 kB
VmallocUsed:      102972 kB
VmallocChunk:          0 kB
Percpu:             7648 kB
CmaTotal:         294912 kB
CmaFree:               0 kB
MemTotal:       12113132 kB
MemFree:         6347820 kB
MemAvailable:    8092912 kB
Buffers:            6924 kB
Cached:          1936752 kB
SwapCached:            0 kB
Active:          1511160 kB
Inactive:        1690576 kB
Active(anon):    1264508 kB
Inactive(anon):    26348 kB
Active(file):     246652 kB
Inactive(file):  1664228 kB
Unevictable:        5552 kB
Mlocked:            5552 kB
SwapTotal:       3145724 kB
SwapFree:        3145724 kB
Dirty:               640 kB
Writeback:             0 kB
AnonPages:       1263748 kB
Mapped:           857852 kB
Shmem:             28296 kB
KReclaimable:     702916 kB
Slab:             224584 kB
SReclaimable:      80340 kB
SUnreclaim:       144244 kB
KernelStack:       46016 kB
PageTables:        62956 kB
NFS_Unstable:          0 kB
Bounce:                0 kB
WritebackTmp:          0 kB
CommitLimit:     9202288 kB
Committed_AS:   66140752 kB
VmallocTotal:   263061440 kB
VmallocUsed:      102956 kB
VmallocChunk:          0 kB
Percpu:             7648 kB
CmaTotal:         294912 kB
CmaFree:               0 kB
MemTotal:       12113132 kB
MemFree:         6347528 kB
MemAvailable:    8092636 kB
Buffers:            6924 kB
Cached:          1936768 kB
SwapCached:            0 kB
Active:          1510868 kB
Inactive:        1690592 kB
Active(anon):    1264216 kB
Inactive(anon):    26348 kB
Active(file):     246652 kB
Inactive(file):  1664244 kB
Unevictable:        5552 kB
Mlocked:            5552 kB
SwapTotal:       3145724 kB
SwapFree:        3145724 kB
Dirty:               668 kB
Writeback:             0 kB
AnonPages:       1263228 kB
Mapped:           857852 kB
Shmem:             28296 kB
KReclaimable:     702916 kB
Slab:             224584 kB
SReclaimable:      80340 kB
SUnreclaim:       144244 kB
KernelStack:       45984 kB
PageTables:        62944 kB
NFS_Unstable:          0 kB
Bounce:                0 kB
WritebackTmp:          0 kB
CommitLimit:     9202288 kB
Committed_AS:   66140452 kB
VmallocTotal:   263061440 kB
VmallocUsed:      103004 kB
VmallocChunk:          0 kB
Percpu:             7648 kB
CmaTotal:         294912 kB
CmaFree:               0 kB
MemTotal:       12113132 kB
MemFree:         6352676 kB
MemAvailable:    8097808 kB
Buffers:            6924 kB
Cached:          1936792 kB
SwapCached:            0 kB
Active:          1505164 kB
Inactive:        1690616 kB
Active(anon):    1258512 kB
Inactive(anon):    26348 kB
Active(file):     246652 kB
Inactive(file):  1664268 kB
Unevictable:        5552 kB
Mlocked:            5552 kB
SwapTotal:       3145724 kB
SwapFree:        3145724 kB
Dirty:               716 kB
Writeback:             0 kB
AnonPages:       1257640 kB
Mapped:           857852 kB
Shmem:             28296 kB
KReclaimable:     702916 kB
Slab:             224592 kB
SReclaimable:      80340 kB
SUnreclaim:       144252 kB
KernelStack:       45984 kB
PageTables:        62940 kB
NFS_Unstable:          0 kB
Bounce:                0 kB
WritebackTmp:          0 kB
CommitLimit:     9202288 kB
Committed_AS:   66140180 kB
VmallocTotal:   263061440 kB
VmallocUsed:      103020 kB
VmallocChunk:          0 kB
Percpu:             7648 kB
CmaTotal:         294912 kB
CmaFree:               0 kB
MemTotal:       12113132 kB
MemFree:         6352316 kB
MemAvailable:    8097464 kB
Buffers:            6924 kB
Cached:          1936808 kB
SwapCached:            0 kB
Active:          1505716 kB
Inactive:        1690632 kB
Active(anon):    1259064 kB
Inactive(anon):    26348 kB
Active(file):     246652 kB
Inactive(file):  1664284 kB
Unevictable:        5552 kB
Mlocked:            5552 kB
SwapTotal:       3145724 kB
SwapFree:        3145724 kB
Dirty:               732 kB
Writeback:             0 kB
AnonPages:       1258312 kB
Mapped:           857852 kB
Shmem:             28296 kB
KReclaimable:     702916 kB
Slab:             224584 kB
SReclaimable:      80340 kB
SUnreclaim:       144244 kB
KernelStack:       45984 kB
PageTables:        62936 kB
NFS_Unstable:          0 kB
Bounce:                0 kB
WritebackTmp:          0 kB
CommitLimit:     9202288 kB
Committed_AS:   66146008 kB
VmallocTotal:   263061440 kB
VmallocUsed:      103020 kB
VmallocChunk:          0 kB
Percpu:             7648 kB
CmaTotal:         294912 kB
CmaFree:               0 kB
MemTotal:       12113132 kB
MemFree:         6352248 kB
MemAvailable:    8097404 kB
Buffers:            6924 kB
Cached:          1936816 kB
SwapCached:            0 kB
Active:          1506672 kB
Inactive:        1690640 kB
Active(anon):    1260020 kB
Inactive(anon):    26348 kB
Active(file):     246652 kB
Inactive(file):  1664292 kB
Unevictable:        5552 kB
Mlocked:            5552 kB
SwapTotal:       3145724 kB
SwapFree:        3145724 kB
Dirty:               676 kB
Writeback:             0 kB
AnonPages:       1259020 kB
Mapped:           857852 kB
Shmem:             28296 kB
KReclaimable:     702916 kB
Slab:             224584 kB
SReclaimable:      80340 kB
SUnreclaim:       144244 kB
KernelStack:       46016 kB
PageTables:        62968 kB
NFS_Unstable:          0 kB
Bounce:                0 kB
WritebackTmp:          0 kB
CommitLimit:     9202288 kB
Committed_AS:   66146184 kB
VmallocTotal:   263061440 kB
VmallocUsed:      103020 kB
VmallocChunk:          0 kB
Percpu:             7648 kB
CmaTotal:         294912 kB
CmaFree:               0 kB
MemTotal:       12113132 kB
MemFree:         6351476 kB
MemAvailable:    8096652 kB
Buffers:            6924 kB
Cached:          1936836 kB
SwapCached:            0 kB
Active:          1507364 kB
Inactive:        1690660 kB
Active(anon):    1260712 kB
Inactive(anon):    26348 kB
Active(file):     246652 kB
Inactive(file):  1664312 kB
Unevictable:        5552 kB
Mlocked:            5552 kB
SwapTotal:       3145724 kB
SwapFree:        3145724 kB
Dirty:               700 kB
Writeback:             0 kB
AnonPages:       1260072 kB
Mapped:           857852 kB
Shmem:             28296 kB
KReclaimable:     702916 kB
Slab:             224584 kB
SReclaimable:      80340 kB
SUnreclaim:       144244 kB
KernelStack:       45984 kB
PageTables:        62944 kB
NFS_Unstable:          0 kB
Bounce:                0 kB
WritebackTmp:          0 kB
CommitLimit:     9202288 kB
Committed_AS:   66145876 kB
VmallocTotal:   263061440 kB
VmallocUsed:      102988 kB
VmallocChunk:          0 kB
Percpu:             7648 kB
CmaTotal:         294912 kB
CmaFree:               0 kB
MemTotal:       12113132 kB
MemFree:         6351856 kB
MemAvailable:    8097040 kB
Buffers:            6924 kB
Cached:          1936844 kB
SwapCached:            0 kB
Active:          1508032 kB
Inactive:        1690668 kB
Active(anon):    1261380 kB
Inactive(anon):    26348 kB
Active(file):     246652 kB
Inactive(file):  1664320 kB
Unevictable:        5552 kB
Mlocked:            5552 kB
SwapTotal:       3145724 kB
SwapFree:        3145724 kB
Dirty:               708 kB
Writeback:             0 kB
AnonPages:       1260580 kB
Mapped:           857852 kB
Shmem:             28296 kB
KReclaimable:     702916 kB
Slab:             224584 kB
SReclaimable:      80340 kB
SUnreclaim:       144244 kB
KernelStack:       46000 kB
PageTables:        62944 kB
NFS_Unstable:          0 kB
Bounce:                0 kB
WritebackTmp:          0 kB
CommitLimit:     9202288 kB
Committed_AS:   66145868 kB
VmallocTotal:   263061440 kB
VmallocUsed:      102972 kB
VmallocChunk:          0 kB
Percpu:             7648 kB
CmaTotal:         294912 kB
CmaFree:               0 kB
MemTotal:       12113132 kB
MemFree:         6362156 kB
MemAvailable:    8107480 kB
Buffers:            6928 kB
Cached:          1936980 kB
SwapCached:            0 kB
Active:          1495964 kB
Inactive:        1690804 kB
Active(anon):    1249308 kB
Inactive(anon):    26348 kB
Active(file):     246656 kB
Inactive(file):  1664456 kB
Unevictable:        5552 kB
Mlocked:            5552 kB
SwapTotal:       3145724 kB
SwapFree:        3145724 kB
Dirty:               484 kB
Writeback:             0 kB
AnonPages:       1248348 kB
Mapped:           857852 kB
Shmem:             28296 kB
KReclaimable:     702916 kB
Slab:             224584 kB
SReclaimable:      80340 kB
SUnreclaim:       144244 kB
KernelStack:       46000 kB
PageTables:        62944 kB
NFS_Unstable:          0 kB
Bounce:                0 kB
WritebackTmp:          0 kB
CommitLimit:     9202288 kB
Committed_AS:   66140692 kB
VmallocTotal:   263061440 kB
VmallocUsed:      103004 kB
VmallocChunk:          0 kB
Percpu:             7648 kB
CmaTotal:         294912 kB
CmaFree:             120 kB
MemTotal:       12113132 kB
MemFree:         6362616 kB
MemAvailable:    8107952 kB
Buffers:            6928 kB
Cached:          1936992 kB
SwapCached:            0 kB
Active:          1496284 kB
Inactive:        1690816 kB
Active(anon):    1249628 kB
Inactive(anon):    26348 kB
Active(file):     246656 kB
Inactive(file):  1664468 kB
Unevictable:        5552 kB
Mlocked:            5552 kB
SwapTotal:       3145724 kB
SwapFree:        3145724 kB
Dirty:               496 kB
Writeback:             0 kB
AnonPages:       1248860 kB
Mapped:           857852 kB
Shmem:             28296 kB
KReclaimable:     702916 kB
Slab:             224592 kB
SReclaimable:      80340 kB
SUnreclaim:       144252 kB
KernelStack:       46000 kB
PageTables:        62948 kB
NFS_Unstable:          0 kB
Bounce:                0 kB
WritebackTmp:          0 kB
CommitLimit:     9202288 kB
Committed_AS:   66140660 kB
VmallocTotal:   263061440 kB
VmallocUsed:      103020 kB
VmallocChunk:          0 kB
Percpu:             7648 kB
CmaTotal:         294912 kB
CmaFree:               0 kB
MemTotal:       12113132 kB
MemFree:         6361496 kB
MemAvailable:    8106848 kB
Buffers:            6928 kB
Cached:          1937008 kB
SwapCached:            0 kB
Active:          1497056 kB
Inactive:        1690832 kB
Active(anon):    1250400 kB
Inactive(anon):    26348 kB
Active(file):     246656 kB
Inactive(file):  1664484 kB
Unevictable:        5552 kB
Mlocked:            5552 kB
SwapTotal:       3145724 kB
SwapFree:        3145724 kB
Dirty:               528 kB
Writeback:             0 kB
AnonPages:       1249452 kB
Mapped:           857852 kB
Shmem:             28296 kB
KReclaimable:     702916 kB
Slab:             224592 kB
SReclaimable:      80340 kB
SUnreclaim:       144252 kB
KernelStack:       46000 kB
PageTables:        62940 kB
NFS_Unstable:          0 kB
Bounce:                0 kB
WritebackTmp:          0 kB
CommitLimit:     9202288 kB
Committed_AS:   66140436 kB
VmallocTotal:   263061440 kB
VmallocUsed:      102988 kB
VmallocChunk:          0 kB
Percpu:             7648 kB
CmaTotal:         294912 kB
CmaFree:              92 kB
MemTotal:       12113132 kB
MemFree:         6361896 kB
MemAvailable:    8107320 kB
Buffers:            6928 kB
Cached:          1937016 kB
SwapCached:            0 kB
Active:          1497448 kB
Inactive:        1690840 kB
Active(anon):    1250792 kB
Inactive(anon):    26348 kB
Active(file):     246656 kB
Inactive(file):  1664492 kB
Unevictable:        5552 kB
Mlocked:            5552 kB
SwapTotal:       3145724 kB
SwapFree:        3145724 kB
Dirty:               548 kB
Writeback:             0 kB
AnonPages:       1249932 kB
Mapped:           857852 kB
Shmem:             28296 kB
KReclaimable:     702916 kB
Slab:             224592 kB
SReclaimable:      80340 kB
SUnreclaim:       144252 kB
KernelStack:       46048 kB
PageTables:        63056 kB
NFS_Unstable:          0 kB
Bounce:                0 kB
WritebackTmp:          0 kB
CommitLimit:     9202288 kB
Committed_AS:   66140356 kB
VmallocTotal:   263061440 kB
VmallocUsed:      102972 kB
VmallocChunk:          0 kB
Percpu:             7648 kB
CmaTotal:         294912 kB
CmaFree:               0 kB
MemTotal:       12113132 kB
MemFree:         6361644 kB
MemAvailable:    8107012 kB
Buffers:            6928 kB
Cached:          1937024 kB
SwapCached:            0 kB
Active:          1497796 kB
Inactive:        1690848 kB
Active(anon):    1251140 kB
Inactive(anon):    26348 kB
Active(file):     246656 kB
Inactive(file):  1664500 kB
Unevictable:        5552 kB
Mlocked:            5552 kB
SwapTotal:       3145724 kB
SwapFree:        3145724 kB
Dirty:               556 kB
Writeback:             0 kB
AnonPages:       1250128 kB
Mapped:           857852 kB
Shmem:             28296 kB
KReclaimable:     702916 kB
Slab:             224592 kB
SReclaimable:      80340 kB
SUnreclaim:       144252 kB
KernelStack:       46000 kB
PageTables:        62940 kB
NFS_Unstable:          0 kB
Bounce:                0 kB
WritebackTmp:          0 kB
CommitLimit:     9202288 kB
Committed_AS:   66134880 kB
VmallocTotal:   263061440 kB
VmallocUsed:      102972 kB
VmallocChunk:          0 kB
Percpu:             7648 kB
CmaTotal:         294912 kB
CmaFree:               0 kB
MemTotal:       12113132 kB
MemFree:         6360364 kB
MemAvailable:    8105744 kB
Buffers:            6928 kB
Cached:          1937036 kB
SwapCached:            0 kB
Active:          1498272 kB
Inactive:        1690860 kB
Active(anon):    1251616 kB
Inactive(anon):    26348 kB
Active(file):     246656 kB
Inactive(file):  1664512 kB
Unevictable:        5552 kB
Mlocked:            5552 kB
SwapTotal:       3145724 kB
SwapFree:        3145724 kB
Dirty:               572 kB
Writeback:             0 kB
AnonPages:       1250772 kB
Mapped:           857852 kB
Shmem:             28296 kB
KReclaimable:     702916 kB
Slab:             224592 kB
SReclaimable:      80340 kB
SUnreclaim:       144252 kB
KernelStack:       46000 kB
PageTables:        62944 kB
NFS_Unstable:          0 kB
Bounce:                0 kB
WritebackTmp:          0 kB
CommitLimit:     9202288 kB
Committed_AS:   66134492 kB
VmallocTotal:   263061440 kB
VmallocUsed:      102972 kB
VmallocChunk:          0 kB
Percpu:             7648 kB
CmaTotal:         294912 kB
CmaFree:               0 kB
MemTotal:       12113132 kB
MemFree:         6360508 kB
MemAvailable:    8105904 kB
Buffers:            6928 kB
Cached:          1937052 kB
SwapCached:            0 kB
Active:          1499068 kB
Inactive:        1690876 kB
Active(anon):    1252412 kB
Inactive(anon):    26348 kB
Active(file):     246656 kB
Inactive(file):  1664528 kB
Unevictable:        5552 kB
Mlocked:            5552 kB
SwapTotal:       3145724 kB
SwapFree:        3145724 kB
Dirty:               600 kB
Writeback:             0 kB
AnonPages:       1251580 kB
Mapped:           857852 kB
Shmem:             28296 kB
KReclaimable:     702916 kB
Slab:             224592 kB
SReclaimable:      80340 kB
SUnreclaim:       144252 kB
KernelStack:       46000 kB
PageTables:        62944 kB
NFS_Unstable:          0 kB
Bounce:                0 kB
WritebackTmp:          0 kB
CommitLimit:     9202288 kB
Committed_AS:   66129564 kB
VmallocTotal:   263061440 kB
VmallocUsed:      102956 kB
VmallocChunk:          0 kB
Percpu:             7648 kB
CmaTotal:         294912 kB
CmaFree:               0 kB
MemTotal:       12113132 kB
MemFree:         6359248 kB
MemAvailable:    8104652 kB
Buffers:            6928 kB
Cached:          1937060 kB
SwapCached:            0 kB
Active:          1499400 kB
Inactive:        1690884 kB
Active(anon):    1252744 kB
Inactive(anon):    26348 kB
Active(file):     246656 kB
Inactive(file):  1664536 kB
Unevictable:        5552 kB
Mlocked:            5552 kB
SwapTotal:       3145724 kB
SwapFree:        3145724 kB
Dirty:               608 kB
Writeback:             0 kB
AnonPages:       1251708 kB
Mapped:           857852 kB
Shmem:             28296 kB
KReclaimable:     702916 kB
Slab:             224592 kB
SReclaimable:      80340 kB
SUnreclaim:       144252 kB
KernelStack:       46016 kB
PageTables:        62976 kB
NFS_Unstable:          0 kB
Bounce:                0 kB
WritebackTmp:          0 kB
CommitLimit:     9202288 kB
Committed_AS:   66139428 kB
VmallocTotal:   263061440 kB
VmallocUsed:      103004 kB
VmallocChunk:          0 kB
Percpu:             7648 kB
CmaTotal:         294912 kB
CmaFree:               0 kB
MemTotal:       12113132 kB
MemFree:         6359484 kB
MemAvailable:    8104900 kB
Buffers:            6928 kB
Cached:          1937072 kB
SwapCached:            0 kB
Active:          1499816 kB
Inactive:        1690896 kB
Active(anon):    1253160 kB
Inactive(anon):    26348 kB
Active(file):     246656 kB
Inactive(file):  1664548 kB
Unevictable:        5552 kB
Mlocked:            5552 kB
SwapTotal:       3145724 kB
SwapFree:        3145724 kB
Dirty:               620 kB
Writeback:             0 kB
AnonPages:       1252288 kB
Mapped:           857852 kB
Shmem:             28296 kB
KReclaimable:     702916 kB
Slab:             224592 kB
SReclaimable:      80340 kB
SUnreclaim:       144252 kB
KernelStack:       46000 kB
PageTables:        62940 kB
NFS_Unstable:          0 kB
Bounce:                0 kB
WritebackTmp:          0 kB
CommitLimit:     9202288 kB
Committed_AS:   66138992 kB
VmallocTotal:   263061440 kB
VmallocUsed:      103004 kB
VmallocChunk:          0 kB
Percpu:             7648 kB
CmaTotal:         294912 kB
CmaFree:               0 kB
MemTotal:       12113132 kB
MemFree:         6358964 kB
MemAvailable:    8104396 kB
Buffers:            6928 kB
Cached:          1937084 kB
SwapCached:            0 kB
Active:          1500540 kB
Inactive:        1690908 kB
Active(anon):    1253884 kB
Inactive(anon):    26348 kB
Active(file):     246656 kB
Inactive(file):  1664560 kB
Unevictable:        5552 kB
Mlocked:            5552 kB
SwapTotal:       3145724 kB
SwapFree:        3145724 kB
Dirty:               180 kB
Writeback:             0 kB
AnonPages:       1253020 kB
Mapped:           857852 kB
Shmem:             28296 kB
KReclaimable:     702920 kB
Slab:             224600 kB
SReclaimable:      80344 kB
SUnreclaim:       144256 kB
KernelStack:       46000 kB
PageTables:        62940 kB
NFS_Unstable:          0 kB
Bounce:                0 kB
WritebackTmp:          0 kB
CommitLimit:     9202288 kB
Committed_AS:   66138856 kB
VmallocTotal:   263061440 kB
VmallocUsed:      102972 kB
VmallocChunk:          0 kB
Percpu:             7648 kB
CmaTotal:         294912 kB
CmaFree:               0 kB
MemTotal:       12113132 kB
MemFree:         6357404 kB
MemAvailable:    8102860 kB
Buffers:            6928 kB
Cached:          1937108 kB
SwapCached:            0 kB
Active:          1501236 kB
Inactive:        1690932 kB
Active(anon):    1254580 kB
Inactive(anon):    26348 kB
Active(file):     246656 kB
Inactive(file):  1664584 kB
Unevictable:        5552 kB
Mlocked:            5552 kB
SwapTotal:       3145724 kB
SwapFree:        3145724 kB
Dirty:               256 kB
Writeback:             0 kB
AnonPages:       1253912 kB
Mapped:           857852 kB
Shmem:             28296 kB
KReclaimable:     702920 kB
Slab:             224600 kB
SReclaimable:      80344 kB
SUnreclaim:       144256 kB
KernelStack:       46016 kB
PageTables:        62940 kB
NFS_Unstable:          0 kB
Bounce:                0 kB
WritebackTmp:          0 kB
CommitLimit:     9202288 kB
Committed_AS:   66135072 kB
VmallocTotal:   263061440 kB
VmallocUsed:      102956 kB
VmallocChunk:          0 kB
Percpu:             7648 kB
CmaTotal:         294912 kB
CmaFree:               0 kB
MemTotal:       12113132 kB
MemFree:         6356384 kB
MemAvailable:    8101848 kB
Buffers:            6928 kB
Cached:          1937116 kB
SwapCached:            0 kB
Active:          1502004 kB
Inactive:        1690940 kB
Active(anon):    1255348 kB
Inactive(anon):    26348 kB
Active(file):     246656 kB
Inactive(file):  1664592 kB
Unevictable:        5552 kB
Mlocked:            5552 kB
SwapTotal:       3145724 kB
SwapFree:        3145724 kB
Dirty:               320 kB
Writeback:             0 kB
AnonPages:       1254340 kB
Mapped:           857852 kB
Shmem:             28296 kB
KReclaimable:     702920 kB
Slab:             224600 kB
SReclaimable:      80344 kB
SUnreclaim:       144256 kB
KernelStack:       46032 kB
PageTables:        62960 kB
NFS_Unstable:          0 kB
Bounce:                0 kB
WritebackTmp:          0 kB
CommitLimit:     9202288 kB
Committed_AS:   66145988 kB
VmallocTotal:   263061440 kB
VmallocUsed:      103020 kB
VmallocChunk:          0 kB
Percpu:             7648 kB
CmaTotal:         294912 kB
CmaFree:               0 kB
MemTotal:       12113132 kB
MemFree:         6355700 kB
MemAvailable:    8101168 kB
Buffers:            6928 kB
Cached:          1937120 kB
SwapCached:            0 kB
Active:          1502760 kB
Inactive:        1690944 kB
Active(anon):    1256104 kB
Inactive(anon):    26348 kB
Active(file):     246656 kB
Inactive(file):  1664596 kB
Unevictable:        5552 kB
Mlocked:            5552 kB
SwapTotal:       3145724 kB
SwapFree:        3145724 kB
Dirty:               348 kB
Writeback:             0 kB
AnonPages:       1255204 kB
Mapped:           857852 kB
Shmem:             28296 kB
KReclaimable:     702920 kB
Slab:             224600 kB
SReclaimable:      80344 kB
SUnreclaim:       144256 kB
KernelStack:       46000 kB
PageTables:        62944 kB
NFS_Unstable:          0 kB
Bounce:                0 kB
WritebackTmp:          0 kB
CommitLimit:     9202288 kB
Committed_AS:   66144880 kB
VmallocTotal:   263061440 kB
VmallocUsed:      103020 kB
VmallocChunk:          0 kB
Percpu:             7648 kB
CmaTotal:         294912 kB
CmaFree:               0 kB
MemTotal:       12113132 kB
MemFree:         6336204 kB
MemAvailable:    8081856 kB
Buffers:            6928 kB
Cached:          1946336 kB
SwapCached:            0 kB
Active:          1513408 kB
Inactive:        1700104 kB
Active(anon):    1266752 kB
Inactive(anon):    35380 kB
Active(file):     246656 kB
Inactive(file):  1664724 kB
Unevictable:        5552 kB
Mlocked:            5552 kB
SwapTotal:       3145724 kB
SwapFree:        3145724 kB
Dirty:               476 kB
Writeback:             0 kB
AnonPages:       1265828 kB
Mapped:           866940 kB
Shmem:             37384 kB
KReclaimable:     702976 kB
Slab:             224648 kB
SReclaimable:      80400 kB
SUnreclaim:       144248 kB
KernelStack:       46016 kB
PageTables:        62980 kB
NFS_Unstable:          0 kB
Bounce:                0 kB
WritebackTmp:          0 kB
CommitLimit:     9202288 kB
Committed_AS:   66153984 kB
VmallocTotal:   263061440 kB
VmallocUsed:      103020 kB
VmallocChunk:          0 kB
Percpu:             7648 kB
CmaTotal:         294912 kB
CmaFree:               0 kB
MemTotal:       12113132 kB
MemFree:         6335268 kB
MemAvailable:    8080932 kB
Buffers:            6928 kB
Cached:          1937260 kB
SwapCached:            0 kB
Active:          1522652 kB
Inactive:        1691084 kB
Active(anon):    1275996 kB
Inactive(anon):    26348 kB
Active(file):     246656 kB
Inactive(file):  1664736 kB
Unevictable:        5552 kB
Mlocked:            5552 kB
SwapTotal:       3145724 kB
SwapFree:        3145724 kB
Dirty:               492 kB
Writeback:             0 kB
AnonPages:       1275060 kB
Mapped:           857852 kB
Shmem:             28296 kB
KReclaimable:     702976 kB
Slab:             224648 kB
SReclaimable:      80400 kB
SUnreclaim:       144248 kB
KernelStack:       46016 kB
PageTables:        62944 kB
NFS_Unstable:          0 kB
Bounce:                0 kB
WritebackTmp:          0 kB
CommitLimit:     9202288 kB
Committed_AS:   66146060 kB
VmallocTotal:   263061440 kB
VmallocUsed:      103020 kB
VmallocChunk:          0 kB
Percpu:             7648 kB
CmaTotal:         294912 kB
CmaFree:               0 kB
MemTotal:       12113132 kB
MemFree:         6335868 kB
MemAvailable:    8081544 kB
Buffers:            6928 kB
Cached:          1937272 kB
SwapCached:            0 kB
Active:          1523296 kB
Inactive:        1691096 kB
Active(anon):    1276640 kB
Inactive(anon):    26348 kB
Active(file):     246656 kB
Inactive(file):  1664748 kB
Unevictable:        5552 kB
Mlocked:            5552 kB
SwapTotal:       3145724 kB
SwapFree:        3145724 kB
Dirty:               516 kB
Writeback:             0 kB
AnonPages:       1275688 kB
Mapped:           857852 kB
Shmem:             28296 kB
KReclaimable:     702976 kB
Slab:             224656 kB
SReclaimable:      80400 kB
SUnreclaim:       144256 kB
KernelStack:       46048 kB
PageTables:        63060 kB
NFS_Unstable:          0 kB
Bounce:                0 kB
WritebackTmp:          0 kB
CommitLimit:     9202288 kB
Committed_AS:   66133948 kB
VmallocTotal:   263061440 kB
VmallocUsed:      102972 kB
VmallocChunk:          0 kB
Percpu:             7648 kB
CmaTotal:         294912 kB
CmaFree:              12 kB
MemTotal:       12113132 kB
MemFree:         6335204 kB
MemAvailable:    8080920 kB
Buffers:            6932 kB
Cached:          1937304 kB
SwapCached:            0 kB
Active:          1523068 kB
Inactive:        1691132 kB
Active(anon):    1276412 kB
Inactive(anon):    26348 kB
Active(file):     246656 kB
Inactive(file):  1664784 kB
Unevictable:        5552 kB
Mlocked:            5552 kB
SwapTotal:       3145724 kB
SwapFree:        3145724 kB
Dirty:               512 kB
Writeback:             0 kB
AnonPages:       1275472 kB
Mapped:           857852 kB
Shmem:             28296 kB
KReclaimable:     702980 kB
Slab:             224628 kB
SReclaimable:      80404 kB
SUnreclaim:       144224 kB
KernelStack:       46064 kB
PageTables:        63036 kB
NFS_Unstable:          0 kB
Bounce:                0 kB
WritebackTmp:          0 kB
CommitLimit:     9202288 kB
Committed_AS:   66145688 kB
VmallocTotal:   263061440 kB
VmallocUsed:      103020 kB
VmallocChunk:          0 kB
Percpu:             7648 kB
CmaTotal:         294912 kB
CmaFree:               0 kB
MemTotal:       12113132 kB
MemFree:         6335964 kB
MemAvailable:    8081692 kB
Buffers:            6932 kB
Cached:          1937316 kB
SwapCached:            0 kB
Active:          1523932 kB
Inactive:        1691140 kB
Active(anon):    1277272 kB
Inactive(anon):    26348 kB
Active(file):     246660 kB
Inactive(file):  1664792 kB
Unevictable:        5552 kB
Mlocked:            5552 kB
SwapTotal:       3145724 kB
SwapFree:        3145724 kB
Dirty:               524 kB
Writeback:             0 kB
AnonPages:       1276528 kB
Mapped:           857852 kB
Shmem:             28296 kB
KReclaimable:     702980 kB
Slab:             224620 kB
SReclaimable:      80404 kB
SUnreclaim:       144216 kB
KernelStack:       46016 kB
PageTables:        62944 kB
NFS_Unstable:          0 kB
Bounce:                0 kB
WritebackTmp:          0 kB
CommitLimit:     9202288 kB
Committed_AS:   66141656 kB
VmallocTotal:   263061440 kB
VmallocUsed:      103004 kB
VmallocChunk:          0 kB
Percpu:             7648 kB
CmaTotal:         294912 kB
CmaFree:               0 kB
MemTotal:       12113132 kB
MemFree:         6334372 kB
MemAvailable:    8080116 kB
Buffers:            6932 kB
Cached:          1937332 kB
SwapCached:            0 kB
Active:          1523940 kB
Inactive:        1691156 kB
Active(anon):    1277280 kB
Inactive(anon):    26348 kB
Active(file):     246660 kB
Inactive(file):  1664808 kB
Unevictable:        5552 kB
Mlocked:            5552 kB
SwapTotal:       3145724 kB
SwapFree:        3145724 kB
Dirty:               552 kB
Writeback:             0 kB
AnonPages:       1276356 kB
Mapped:           857852 kB
Shmem:             28296 kB
KReclaimable:     702980 kB
Slab:             224628 kB
SReclaimable:      80404 kB
SUnreclaim:       144224 kB
KernelStack:       46016 kB
PageTables:        62936 kB
NFS_Unstable:          0 kB
Bounce:                0 kB
WritebackTmp:          0 kB
CommitLimit:     9202288 kB
Committed_AS:   66140712 kB
VmallocTotal:   263061440 kB
VmallocUsed:      103020 kB
VmallocChunk:          0 kB
Percpu:             7648 kB
CmaTotal:         294912 kB
CmaFree:               0 kB
MemTotal:       12113132 kB
MemFree:         6334364 kB
MemAvailable:    8080116 kB
Buffers:            6932 kB
Cached:          1937340 kB
SwapCached:            0 kB
Active:          1524848 kB
Inactive:        1691164 kB
Active(anon):    1278188 kB
Inactive(anon):    26348 kB
Active(file):     246660 kB
Inactive(file):  1664816 kB
Unevictable:        5552 kB
Mlocked:            5552 kB
SwapTotal:       3145724 kB
SwapFree:        3145724 kB
Dirty:               564 kB
Writeback:             0 kB
AnonPages:       1277416 kB
Mapped:           857852 kB
Shmem:             28296 kB
KReclaimable:     702980 kB
Slab:             224620 kB
SReclaimable:      80404 kB
SUnreclaim:       144216 kB
KernelStack:       46048 kB
PageTables:        62956 kB
NFS_Unstable:          0 kB
Bounce:                0 kB
WritebackTmp:          0 kB
CommitLimit:     9202288 kB
Committed_AS:   66140844 kB
VmallocTotal:   263061440 kB
VmallocUsed:      103036 kB
VmallocChunk:          0 kB
Percpu:             7648 kB
CmaTotal:         294912 kB
CmaFree:               0 kB
MemTotal:       12113132 kB
MemFree:         6333764 kB
MemAvailable:    8079536 kB
Buffers:            6932 kB
Cached:          1937360 kB
SwapCached:            0 kB
Active:          1525372 kB
Inactive:        1691184 kB
Active(anon):    1278712 kB
Inactive(anon):    26348 kB
Active(file):     246660 kB
Inactive(file):  1664836 kB
Unevictable:        5552 kB
Mlocked:            5552 kB
SwapTotal:       3145724 kB
SwapFree:        3145724 kB
Dirty:               584 kB
Writeback:             0 kB
AnonPages:       1277748 kB
Mapped:           857852 kB
Shmem:             28296 kB
KReclaimable:     702980 kB
Slab:             224620 kB
SReclaimable:      80404 kB
SUnreclaim:       144216 kB
KernelStack:       46016 kB
PageTables:        62936 kB
NFS_Unstable:          0 kB
Bounce:                0 kB
WritebackTmp:          0 kB
CommitLimit:     9202288 kB
Committed_AS:   66140880 kB
VmallocTotal:   263061440 kB
VmallocUsed:      103052 kB
VmallocChunk:          0 kB
Percpu:             7648 kB
CmaTotal:         294912 kB
CmaFree:               0 kB
MemTotal:       12113132 kB
MemFree:         6332712 kB
MemAvailable:    8078492 kB
Buffers:            6932 kB
Cached:          1937368 kB
SwapCached:            0 kB
Active:          1526668 kB
Inactive:        1691192 kB
Active(anon):    1280008 kB
Inactive(anon):    26348 kB
Active(file):     246660 kB
Inactive(file):  1664844 kB
Unevictable:        5552 kB
Mlocked:            5552 kB
SwapTotal:       3145724 kB
SwapFree:        3145724 kB
Dirty:               620 kB
Writeback:             0 kB
AnonPages:       1278944 kB
Mapped:           857852 kB
Shmem:             28296 kB
KReclaimable:     702980 kB
Slab:             224628 kB
SReclaimable:      80404 kB
SUnreclaim:       144224 kB
KernelStack:       46032 kB
PageTables:        63076 kB
NFS_Unstable:          0 kB
Bounce:                0 kB
WritebackTmp:          0 kB
CommitLimit:     9202288 kB
Committed_AS:   66135528 kB
VmallocTotal:   263061440 kB
VmallocUsed:      103052 kB
VmallocChunk:          0 kB
Percpu:             7648 kB
CmaTotal:         294912 kB
CmaFree:               4 kB
MemTotal:       12113132 kB
MemFree:         6332056 kB
MemAvailable:    8077848 kB
Buffers:            6932 kB
Cached:          1937380 kB
SwapCached:            0 kB
Active:          1526196 kB
Inactive:        1691204 kB
Active(anon):    1279536 kB
Inactive(anon):    26348 kB
Active(file):     246660 kB
Inactive(file):  1664856 kB
Unevictable:        5552 kB
Mlocked:            5552 kB
SwapTotal:       3145724 kB
SwapFree:        3145724 kB
Dirty:               668 kB
Writeback:             0 kB
AnonPages:       1279084 kB
Mapped:           857852 kB
Shmem:             28296 kB
KReclaimable:     702980 kB
Slab:             224620 kB
SReclaimable:      80404 kB
SUnreclaim:       144216 kB
KernelStack:       46016 kB
PageTables:        62944 kB
NFS_Unstable:          0 kB
Bounce:                0 kB
WritebackTmp:          0 kB
CommitLimit:     9202288 kB
Committed_AS:   66146116 kB
VmallocTotal:   263061440 kB
VmallocUsed:      103020 kB
VmallocChunk:          0 kB
Percpu:             7648 kB
CmaTotal:         294912 kB
CmaFree:               0 kB
MemTotal:       12113132 kB
MemFree:         6331328 kB
MemAvailable:    8077124 kB
Buffers:            6932 kB
Cached:          1937384 kB
SwapCached:            0 kB
Active:          1527148 kB
Inactive:        1691208 kB
Active(anon):    1280488 kB
Inactive(anon):    26348 kB
Active(file):     246660 kB
Inactive(file):  1664860 kB
Unevictable:        5552 kB
Mlocked:            5552 kB
SwapTotal:       3145724 kB
SwapFree:        3145724 kB
Dirty:               672 kB
Writeback:             0 kB
AnonPages:       1279668 kB
Mapped:           857852 kB
Shmem:             28296 kB
KReclaimable:     702980 kB
Slab:             224612 kB
SReclaimable:      80404 kB
SUnreclaim:       144208 kB
KernelStack:       46032 kB
PageTables:        62952 kB
NFS_Unstable:          0 kB
Bounce:                0 kB
WritebackTmp:          0 kB
CommitLimit:     9202288 kB
Committed_AS:   66145984 kB
VmallocTotal:   263061440 kB
VmallocUsed:      103036 kB
VmallocChunk:          0 kB
Percpu:             7648 kB
CmaTotal:         294912 kB
CmaFree:               0 kB
MemTotal:       12113132 kB
MemFree:         6329964 kB
MemAvailable:    8075776 kB
Buffers:            6932 kB
Cached:          1937400 kB
SwapCached:            0 kB
Active:          1528108 kB
Inactive:        1691224 kB
Active(anon):    1281448 kB
Inactive(anon):    26348 kB
Active(file):     246660 kB
Inactive(file):  1664876 kB
Unevictable:        5552 kB
Mlocked:            5552 kB
SwapTotal:       3145724 kB
SwapFree:        3145724 kB
Dirty:               704 kB
Writeback:             0 kB
AnonPages:       1280512 kB
Mapped:           857852 kB
Shmem:             28296 kB
KReclaimable:     702980 kB
Slab:             224620 kB
SReclaimable:      80404 kB
SUnreclaim:       144216 kB
KernelStack:       46016 kB
PageTables:        62940 kB
NFS_Unstable:          0 kB
Bounce:                0 kB
WritebackTmp:          0 kB
CommitLimit:     9202288 kB
Committed_AS:   66145640 kB
VmallocTotal:   263061440 kB
VmallocUsed:      103036 kB
VmallocChunk:          0 kB
Percpu:             7648 kB
CmaTotal:         294912 kB
CmaFree:               0 kB
MemTotal:       12113132 kB
MemFree:         6330008 kB
MemAvailable:    8075844 kB
Buffers:            6932 kB
Cached:          1937420 kB
SwapCached:            0 kB
Active:          1528852 kB
Inactive:        1691244 kB
Active(anon):    1282192 kB
Inactive(anon):    26348 kB
Active(file):     246660 kB
Inactive(file):  1664896 kB
Unevictable:        5552 kB
Mlocked:            5552 kB
SwapTotal:       3145724 kB
SwapFree:        3145724 kB
Dirty:               744 kB
Writeback:             0 kB
AnonPages:       1281436 kB
Mapped:           857872 kB
Shmem:             28296 kB
KReclaimable:     702984 kB
Slab:             224616 kB
SReclaimable:      80408 kB
SUnreclaim:       144208 kB
KernelStack:       46000 kB
PageTables:        62992 kB
NFS_Unstable:          0 kB
Bounce:                0 kB
WritebackTmp:          0 kB
CommitLimit:     9202288 kB
Committed_AS:   66145228 kB
VmallocTotal:   263061440 kB
VmallocUsed:      103020 kB
VmallocChunk:          0 kB
Percpu:             7648 kB
CmaTotal:         294912 kB
CmaFree:               0 kB
MemTotal:       12113132 kB
MemFree:         6329556 kB
MemAvailable:    8075400 kB
Buffers:            6932 kB
Cached:          1937428 kB
SwapCached:            0 kB
Active:          1529408 kB
Inactive:        1691252 kB
Active(anon):    1282748 kB
Inactive(anon):    26348 kB
Active(file):     246660 kB
Inactive(file):  1664904 kB
Unevictable:        5552 kB
Mlocked:            5552 kB
SwapTotal:       3145724 kB
SwapFree:        3145724 kB
Dirty:               752 kB
Writeback:             0 kB
AnonPages:       1281824 kB
Mapped:           857852 kB
Shmem:             28296 kB
KReclaimable:     702984 kB
Slab:             224624 kB
SReclaimable:      80408 kB
SUnreclaim:       144216 kB
KernelStack:       45968 kB
PageTables:        62944 kB
NFS_Unstable:          0 kB
Bounce:                0 kB
WritebackTmp:          0 kB
CommitLimit:     9202288 kB
Committed_AS:   66141596 kB
VmallocTotal:   263061440 kB
VmallocUsed:      103004 kB
VmallocChunk:          0 kB
Percpu:             7648 kB
CmaTotal:         294912 kB
CmaFree:               0 kB
MemTotal:       12113132 kB
MemFree:         6328852 kB
MemAvailable:    8074708 kB
Buffers:            6932 kB
Cached:          1937440 kB
SwapCached:            0 kB
Active:          1529820 kB
Inactive:        1691264 kB
Active(anon):    1283160 kB
Inactive(anon):    26348 kB
Active(file):     246660 kB
Inactive(file):  1664916 kB
Unevictable:        5552 kB
Mlocked:            5552 kB
SwapTotal:       3145724 kB
SwapFree:        3145724 kB
Dirty:               776 kB
Writeback:             0 kB
AnonPages:       1282384 kB
Mapped:           857852 kB
Shmem:             28296 kB
KReclaimable:     702984 kB
Slab:             224632 kB
SReclaimable:      80408 kB
SUnreclaim:       144224 kB
KernelStack:       45984 kB
PageTables:        62956 kB
NFS_Unstable:          0 kB
Bounce:                0 kB
WritebackTmp:          0 kB
CommitLimit:     9202288 kB
Committed_AS:   66141156 kB
VmallocTotal:   263061440 kB
VmallocUsed:      102988 kB
VmallocChunk:          0 kB
Percpu:             7648 kB
CmaTotal:         294912 kB
CmaFree:               0 kB
MemTotal:       12113132 kB
MemFree:         6328660 kB
MemAvailable:    8074528 kB
Buffers:            6932 kB
Cached:          1937452 kB
SwapCached:            0 kB
Active:          1529772 kB
Inactive:        1691276 kB
Active(anon):    1283112 kB
Inactive(anon):    26348 kB
Active(file):     246660 kB
Inactive(file):  1664928 kB
Unevictable:        5552 kB
Mlocked:            5552 kB
SwapTotal:       3145724 kB
SwapFree:        3145724 kB
Dirty:               788 kB
Writeback:             0 kB
AnonPages:       1282552 kB
Mapped:           857852 kB
Shmem:             28296 kB
KReclaimable:     702984 kB
Slab:             224616 kB
SReclaimable:      80408 kB
SUnreclaim:       144208 kB
KernelStack:       45968 kB
PageTables:        62940 kB
NFS_Unstable:          0 kB
Bounce:                0 kB
WritebackTmp:          0 kB
CommitLimit:     9202288 kB
Committed_AS:   66145996 kB
VmallocTotal:   263061440 kB
VmallocUsed:      102988 kB
VmallocChunk:          0 kB
Percpu:             7648 kB
CmaTotal:         294912 kB
CmaFree:               0 kB
MemTotal:       12113132 kB
MemFree:         6354596 kB
MemAvailable:    8100484 kB
Buffers:            6932 kB
Cached:          1937472 kB
SwapCached:            0 kB
Active:          1503036 kB
Inactive:        1691296 kB
Active(anon):    1256376 kB
Inactive(anon):    26348 kB
Active(file):     246660 kB
Inactive(file):  1664948 kB
Unevictable:        5552 kB
Mlocked:            5552 kB
SwapTotal:       3145724 kB
SwapFree:        3145724 kB
Dirty:               320 kB
Writeback:             0 kB
AnonPages:       1255528 kB
Mapped:           857852 kB
Shmem:             28296 kB
KReclaimable:     702984 kB
Slab:             224580 kB
SReclaimable:      80408 kB
SUnreclaim:       144172 kB
KernelStack:       45984 kB
PageTables:        62956 kB
NFS_Unstable:          0 kB
Bounce:                0 kB
WritebackTmp:          0 kB
CommitLimit:     9202288 kB
Committed_AS:   66140732 kB
VmallocTotal:   263061440 kB
VmallocUsed:      102956 kB
VmallocChunk:          0 kB
Percpu:             7648 kB
CmaTotal:         294912 kB
CmaFree:               0 kB
MemTotal:       12113132 kB
MemFree:         6355416 kB
MemAvailable:    8101316 kB
Buffers:            6932 kB
Cached:          1937484 kB
SwapCached:            0 kB
Active:          1503704 kB
Inactive:        1691308 kB
Active(anon):    1257044 kB
Inactive(anon):    26348 kB
Active(file):     246660 kB
Inactive(file):  1664960 kB
Unevictable:        5552 kB
Mlocked:            5552 kB
SwapTotal:       3145724 kB
SwapFree:        3145724 kB
Dirty:               356 kB
Writeback:             0 kB
AnonPages:       1256120 kB
Mapped:           857852 kB
Shmem:             28296 kB
KReclaimable:     702984 kB
Slab:             224588 kB
SReclaimable:      80408 kB
SUnreclaim:       144180 kB
KernelStack:       45936 kB
PageTables:        62944 kB
NFS_Unstable:          0 kB
Bounce:                0 kB
WritebackTmp:          0 kB
CommitLimit:     9202288 kB
Committed_AS:   66144464 kB
VmallocTotal:   263061440 kB
VmallocUsed:      102956 kB
VmallocChunk:          0 kB
Percpu:             7648 kB
CmaTotal:         294912 kB
CmaFree:               0 kB
MemTotal:       12113132 kB
MemFree:         6367660 kB
MemAvailable:    8113592 kB
Buffers:            6936 kB
Cached:          1937512 kB
SwapCached:            0 kB
Active:          1490628 kB
Inactive:        1691336 kB
Active(anon):    1243964 kB
Inactive(anon):    26348 kB
Active(file):     246664 kB
Inactive(file):  1664988 kB
Unevictable:        5552 kB
Mlocked:            5552 kB
SwapTotal:       3145724 kB
SwapFree:        3145724 kB
Dirty:               368 kB
Writeback:             0 kB
AnonPages:       1243044 kB
Mapped:           857872 kB
Shmem:             28296 kB
KReclaimable:     702984 kB
Slab:             224588 kB
SReclaimable:      80408 kB
SUnreclaim:       144180 kB
KernelStack:       45968 kB
PageTables:        62964 kB
NFS_Unstable:          0 kB
Bounce:                0 kB
WritebackTmp:          0 kB
CommitLimit:     9202288 kB
Committed_AS:   66143976 kB
VmallocTotal:   263061440 kB
VmallocUsed:      102908 kB
VmallocChunk:          0 kB
Percpu:             7648 kB
CmaTotal:         294912 kB
CmaFree:               0 kB
MemTotal:       12113132 kB
MemFree:         6366592 kB
MemAvailable:    8112532 kB
Buffers:            6936 kB
Cached:          1937520 kB
SwapCached:            0 kB
Active:          1491276 kB
Inactive:        1691344 kB
Active(anon):    1244612 kB
Inactive(anon):    26348 kB
Active(file):     246664 kB
Inactive(file):  1664996 kB
Unevictable:        5552 kB
Mlocked:            5552 kB
SwapTotal:       3145724 kB
SwapFree:        3145724 kB
Dirty:               392 kB
Writeback:             0 kB
AnonPages:       1243860 kB
Mapped:           857960 kB
Shmem:             28296 kB
KReclaimable:     702984 kB
Slab:             224596 kB
SReclaimable:      80408 kB
SUnreclaim:       144188 kB
KernelStack:       45984 kB
PageTables:        63036 kB
NFS_Unstable:          0 kB
Bounce:                0 kB
WritebackTmp:          0 kB
CommitLimit:     9202288 kB
Committed_AS:   66135112 kB
VmallocTotal:   263061440 kB
VmallocUsed:      102956 kB
VmallocChunk:          0 kB
Percpu:             7648 kB
CmaTotal:         294912 kB
CmaFree:               0 kB
MemTotal:       12113132 kB
MemFree:         6367644 kB
MemAvailable:    8113600 kB
Buffers:            6936 kB
Cached:          1937536 kB
SwapCached:            0 kB
Active:          1492012 kB
Inactive:        1691360 kB
Active(anon):    1245348 kB
Inactive(anon):    26348 kB
Active(file):     246664 kB
Inactive(file):  1665012 kB
Unevictable:        5552 kB
Mlocked:            5552 kB
SwapTotal:       3145724 kB
SwapFree:        3145724 kB
Dirty:               428 kB
Writeback:             0 kB
AnonPages:       1244428 kB
Mapped:           857852 kB
Shmem:             28296 kB
KReclaimable:     702984 kB
Slab:             224588 kB
SReclaimable:      80408 kB
SUnreclaim:       144180 kB
KernelStack:       45920 kB
PageTables:        62888 kB
NFS_Unstable:          0 kB
Bounce:                0 kB
WritebackTmp:          0 kB
CommitLimit:     9202288 kB
Committed_AS:   66134404 kB
VmallocTotal:   263061440 kB
VmallocUsed:      102956 kB
VmallocChunk:          0 kB
Percpu:             7648 kB
CmaTotal:         294912 kB
CmaFree:               4 kB
MemTotal:       12113132 kB
MemFree:         6383520 kB
MemAvailable:    8129484 kB
Buffers:            6936 kB
Cached:          1937544 kB
SwapCached:            0 kB
Active:          1474892 kB
Inactive:        1691368 kB
Active(anon):    1228228 kB
Inactive(anon):    26348 kB
Active(file):     246664 kB
Inactive(file):  1665020 kB
Unevictable:        5552 kB
Mlocked:            5552 kB
SwapTotal:       3145724 kB
SwapFree:        3145724 kB
Dirty:               440 kB
Writeback:             0 kB
AnonPages:       1227388 kB
Mapped:           857852 kB
Shmem:             28296 kB
KReclaimable:     702984 kB
Slab:             224588 kB
SReclaimable:      80408 kB
SUnreclaim:       144180 kB
KernelStack:       45936 kB
PageTables:        62944 kB
NFS_Unstable:          0 kB
Bounce:                0 kB
WritebackTmp:          0 kB
CommitLimit:     9202288 kB
Committed_AS:   66128744 kB
VmallocTotal:   263061440 kB
VmallocUsed:      102924 kB
VmallocChunk:          0 kB
Percpu:             7648 kB
CmaTotal:         294912 kB
CmaFree:               0 kB
MemTotal:       12113132 kB
MemFree:         6383292 kB
MemAvailable:    8129268 kB
Buffers:            6936 kB
Cached:          1937556 kB
SwapCached:            0 kB
Active:          1475376 kB
Inactive:        1691380 kB
Active(anon):    1228712 kB
Inactive(anon):    26348 kB
Active(file):     246664 kB
Inactive(file):  1665032 kB
Unevictable:        5552 kB
Mlocked:            5552 kB
SwapTotal:       3145724 kB
SwapFree:        3145724 kB
Dirty:               448 kB
Writeback:             0 kB
AnonPages:       1227872 kB
Mapped:           857852 kB
Shmem:             28296 kB
KReclaimable:     702984 kB
Slab:             224588 kB
SReclaimable:      80408 kB
SUnreclaim:       144180 kB
KernelStack:       45984 kB
PageTables:        63096 kB
NFS_Unstable:          0 kB
Bounce:                0 kB
WritebackTmp:          0 kB
CommitLimit:     9202288 kB
Committed_AS:   66128584 kB
VmallocTotal:   263061440 kB
VmallocUsed:      102924 kB
VmallocChunk:          0 kB
Percpu:             7648 kB
CmaTotal:         294912 kB
CmaFree:               0 kB
MemTotal:       12113132 kB
MemFree:         6383048 kB
MemAvailable:    8129036 kB
Buffers:            6936 kB
Cached:          1937568 kB
SwapCached:            0 kB
Active:          1475808 kB
Inactive:        1691392 kB
Active(anon):    1229144 kB
Inactive(anon):    26348 kB
Active(file):     246664 kB
Inactive(file):  1665044 kB
Unevictable:        5552 kB
Mlocked:            5552 kB
SwapTotal:       3145724 kB
SwapFree:        3145724 kB
Dirty:               472 kB
Writeback:             0 kB
AnonPages:       1228112 kB
Mapped:           857852 kB
Shmem:             28296 kB
KReclaimable:     702984 kB
Slab:             224588 kB
SReclaimable:      80408 kB
SUnreclaim:       144180 kB
KernelStack:       45936 kB
PageTables:        62940 kB
NFS_Unstable:          0 kB
Bounce:                0 kB
WritebackTmp:          0 kB
CommitLimit:     9202288 kB
Committed_AS:   66129616 kB
VmallocTotal:   263061440 kB
VmallocUsed:      102892 kB
VmallocChunk:          0 kB
Percpu:             7648 kB
CmaTotal:         294912 kB
CmaFree:               0 kB
MemTotal:       12113132 kB
MemFree:         6382588 kB
MemAvailable:    8128584 kB
Buffers:            6936 kB
Cached:          1937576 kB
SwapCached:            0 kB
Active:          1476868 kB
Inactive:        1691400 kB
Active(anon):    1230204 kB
Inactive(anon):    26348 kB
Active(file):     246664 kB
Inactive(file):  1665052 kB
Unevictable:        5552 kB
Mlocked:            5552 kB
SwapTotal:       3145724 kB
SwapFree:        3145724 kB
Dirty:               480 kB
Writeback:             0 kB
AnonPages:       1229360 kB
Mapped:           857852 kB
Shmem:             28296 kB
KReclaimable:     702984 kB
Slab:             224588 kB
SReclaimable:      80408 kB
SUnreclaim:       144180 kB
KernelStack:       45968 kB
PageTables:        62968 kB
NFS_Unstable:          0 kB
Bounce:                0 kB
WritebackTmp:          0 kB
CommitLimit:     9202288 kB
Committed_AS:   66134692 kB
VmallocTotal:   263061440 kB
VmallocUsed:      102876 kB
VmallocChunk:          0 kB
Percpu:             7648 kB
CmaTotal:         294912 kB
CmaFree:               0 kB
MemTotal:       12113132 kB
MemFree:         6382140 kB
MemAvailable:    8128144 kB
Buffers:            6936 kB
Cached:          1937584 kB
SwapCached:            0 kB
Active:          1476472 kB
Inactive:        1691408 kB
Active(anon):    1229808 kB
Inactive(anon):    26348 kB
Active(file):     246664 kB
Inactive(file):  1665060 kB
Unevictable:        5552 kB
Mlocked:            5552 kB
SwapTotal:       3145724 kB
SwapFree:        3145724 kB
Dirty:               488 kB
Writeback:             0 kB
AnonPages:       1229048 kB
Mapped:           857852 kB
Shmem:             28296 kB
KReclaimable:     702984 kB
Slab:             224596 kB
SReclaimable:      80408 kB
SUnreclaim:       144188 kB
KernelStack:       45936 kB
PageTables:        62940 kB
NFS_Unstable:          0 kB
Bounce:                0 kB
WritebackTmp:          0 kB
CommitLimit:     9202288 kB
Committed_AS:   66138552 kB
VmallocTotal:   263061440 kB
VmallocUsed:      102908 kB
VmallocChunk:          0 kB
Percpu:             7648 kB
CmaTotal:         294912 kB
CmaFree:               0 kB
MemTotal:       12113132 kB
MemFree:         6382172 kB
MemAvailable:    8128192 kB
Buffers:            6936 kB
Cached:          1937600 kB
SwapCached:            0 kB
Active:          1477036 kB
Inactive:        1691424 kB
Active(anon):    1230372 kB
Inactive(anon):    26348 kB
Active(file):     246664 kB
Inactive(file):  1665076 kB
Unevictable:        5552 kB
Mlocked:            5552 kB
SwapTotal:       3145724 kB
SwapFree:        3145724 kB
Dirty:               516 kB
Writeback:             0 kB
AnonPages:       1229580 kB
Mapped:           857852 kB
Shmem:             28296 kB
KReclaimable:     702984 kB
Slab:             224580 kB
SReclaimable:      80408 kB
SUnreclaim:       144172 kB
KernelStack:       45968 kB
PageTables:        62968 kB
NFS_Unstable:          0 kB
Bounce:                0 kB
WritebackTmp:          0 kB
CommitLimit:     9202288 kB
Committed_AS:   66137780 kB
VmallocTotal:   263061440 kB
VmallocUsed:      102892 kB
VmallocChunk:          0 kB
Percpu:             7648 kB
CmaTotal:         294912 kB
CmaFree:               0 kB
MemTotal:       12113132 kB
MemFree:         6381436 kB
MemAvailable:    8127480 kB
Buffers:            6936 kB
Cached:          1937624 kB
SwapCached:            0 kB
Active:          1477648 kB
Inactive:        1691448 kB
Active(anon):    1230984 kB
Inactive(anon):    26348 kB
Active(file):     246664 kB
Inactive(file):  1665100 kB
Unevictable:        5552 kB
Mlocked:            5552 kB
SwapTotal:       3145724 kB
SwapFree:        3145724 kB
Dirty:               556 kB
Writeback:             0 kB
AnonPages:       1229976 kB
Mapped:           857852 kB
Shmem:             28296 kB
KReclaimable:     702984 kB
Slab:             224588 kB
SReclaimable:      80408 kB
SUnreclaim:       144180 kB
KernelStack:       45936 kB
PageTables:        62940 kB
NFS_Unstable:          0 kB
Bounce:                0 kB
WritebackTmp:          0 kB
CommitLimit:     9202288 kB
Committed_AS:   66143496 kB
VmallocTotal:   263061440 kB
VmallocUsed:      102924 kB
VmallocChunk:          0 kB
Percpu:             7648 kB
CmaTotal:         294912 kB
CmaFree:               0 kB
MemTotal:       12113132 kB
MemFree:         6380352 kB
MemAvailable:    8126400 kB
Buffers:            6936 kB
Cached:          1937628 kB
SwapCached:            0 kB
Active:          1477952 kB
Inactive:        1691452 kB
Active(anon):    1231288 kB
Inactive(anon):    26348 kB
Active(file):     246664 kB
Inactive(file):  1665104 kB
Unevictable:        5552 kB
Mlocked:            5552 kB
SwapTotal:       3145724 kB
SwapFree:        3145724 kB
Dirty:               560 kB
Writeback:             0 kB
AnonPages:       1230576 kB
Mapped:           857852 kB
Shmem:             28296 kB
KReclaimable:     702984 kB
Slab:             224580 kB
SReclaimable:      80408 kB
SUnreclaim:       144172 kB
KernelStack:       45952 kB
PageTables:        63056 kB
NFS_Unstable:          0 kB
Bounce:                0 kB
WritebackTmp:          0 kB
CommitLimit:     9202288 kB
Committed_AS:   66144136 kB
VmallocTotal:   263061440 kB
VmallocUsed:      102956 kB
VmallocChunk:          0 kB
Percpu:             7648 kB
CmaTotal:         294912 kB
CmaFree:               0 kB
MemTotal:       12113132 kB
MemFree:         6381520 kB
MemAvailable:    8127588 kB
Buffers:            6936 kB
Cached:          1937648 kB
SwapCached:            0 kB
Active:          1477604 kB
Inactive:        1691472 kB
Active(anon):    1230940 kB
Inactive(anon):    26348 kB
Active(file):     246664 kB
Inactive(file):  1665124 kB
Unevictable:        5552 kB
Mlocked:            5552 kB
SwapTotal:       3145724 kB
SwapFree:        3145724 kB
Dirty:               592 kB
Writeback:             0 kB
AnonPages:       1230056 kB
Mapped:           857852 kB
Shmem:             28296 kB
KReclaimable:     702984 kB
Slab:             224588 kB
SReclaimable:      80408 kB
SUnreclaim:       144180 kB
KernelStack:       45936 kB
PageTables:        62936 kB
NFS_Unstable:          0 kB
Bounce:                0 kB
WritebackTmp:          0 kB
CommitLimit:     9202288 kB
Committed_AS:   66141404 kB
VmallocTotal:   263061440 kB
VmallocUsed:      102940 kB
VmallocChunk:          0 kB
Percpu:             7648 kB
CmaTotal:         294912 kB
CmaFree:              36 kB
MemTotal:       12113132 kB
MemFree:         6348332 kB
MemAvailable:    8094412 kB
Buffers:            6936 kB
Cached:          1946752 kB
SwapCached:            0 kB
Active:          1503620 kB
Inactive:        1700580 kB
Active(anon):    1256960 kB
Inactive(anon):    35440 kB
Active(file):     246660 kB
Inactive(file):  1665140 kB
Unevictable:        5552 kB
Mlocked:            5552 kB
SwapTotal:       3145724 kB
SwapFree:        3145724 kB
Dirty:               620 kB
Writeback:             0 kB
AnonPages:       1256028 kB
Mapped:           866944 kB
Shmem:             37388 kB
KReclaimable:     702984 kB
Slab:             224588 kB
SReclaimable:      80408 kB
SUnreclaim:       144180 kB
KernelStack:       45968 kB
PageTables:        63008 kB
NFS_Unstable:          0 kB
Bounce:                0 kB
WritebackTmp:          0 kB
CommitLimit:     9202288 kB
Committed_AS:   66155308 kB
VmallocTotal:   263061440 kB
VmallocUsed:      102940 kB
VmallocChunk:          0 kB
Percpu:             7648 kB
CmaTotal:         294912 kB
CmaFree:               0 kB
MemTotal:       12113132 kB
MemFree:         6352708 kB
MemAvailable:    8098804 kB
Buffers:            6936 kB
Cached:          1937680 kB
SwapCached:            0 kB
Active:          1507112 kB
Inactive:        1691504 kB
Active(anon):    1260448 kB
Inactive(anon):    26352 kB
Active(file):     246664 kB
Inactive(file):  1665152 kB
Unevictable:        5552 kB
Mlocked:            5552 kB
SwapTotal:       3145724 kB
SwapFree:        3145724 kB
Dirty:               304 kB
Writeback:             0 kB
AnonPages:       1259428 kB
Mapped:           858008 kB
Shmem:             28300 kB
KReclaimable:     702984 kB
Slab:             224596 kB
SReclaimable:      80408 kB
SUnreclaim:       144188 kB
KernelStack:       45936 kB
PageTables:        62944 kB
NFS_Unstable:          0 kB
Bounce:                0 kB
WritebackTmp:          0 kB
CommitLimit:     9202288 kB
Committed_AS:   66145980 kB
VmallocTotal:   263061440 kB
VmallocUsed:      102908 kB
VmallocChunk:          0 kB
Percpu:             7648 kB
CmaTotal:         294912 kB
CmaFree:               0 kB
MemTotal:       12113132 kB
MemFree:         6351552 kB
MemAvailable:    8097656 kB
Buffers:            6936 kB
Cached:          1937688 kB
SwapCached:            0 kB
Active:          1507608 kB
Inactive:        1691512 kB
Active(anon):    1260944 kB
Inactive(anon):    26352 kB
Active(file):     246664 kB
Inactive(file):  1665160 kB
Unevictable:        5552 kB
Mlocked:            5552 kB
SwapTotal:       3145724 kB
SwapFree:        3145724 kB
Dirty:               372 kB
Writeback:             0 kB
AnonPages:       1260072 kB
Mapped:           858008 kB
Shmem:             28300 kB
KReclaimable:     702984 kB
Slab:             224596 kB
SReclaimable:      80408 kB
SUnreclaim:       144188 kB
KernelStack:       45952 kB
PageTables:        62968 kB
NFS_Unstable:          0 kB
Bounce:                0 kB
WritebackTmp:          0 kB
CommitLimit:     9202288 kB
Committed_AS:   66141248 kB
VmallocTotal:   263061440 kB
VmallocUsed:      102940 kB
VmallocChunk:          0 kB
Percpu:             7648 kB
CmaTotal:         294912 kB
CmaFree:               0 kB
MemTotal:       12113132 kB
MemFree:         6351092 kB
MemAvailable:    8097340 kB
Buffers:            6940 kB
Cached:          1937828 kB
SwapCached:            0 kB
Active:          1507968 kB
Inactive:        1691652 kB
Active(anon):    1261300 kB
Inactive(anon):    26352 kB
Active(file):     246668 kB
Inactive(file):  1665300 kB
Unevictable:        5552 kB
Mlocked:            5552 kB
SwapTotal:       3145724 kB
SwapFree:        3145724 kB
Dirty:               284 kB
Writeback:             0 kB
AnonPages:       1260412 kB
Mapped:           858008 kB
Shmem:             28300 kB
KReclaimable:     702984 kB
Slab:             224596 kB
SReclaimable:      80408 kB
SUnreclaim:       144188 kB
KernelStack:       45936 kB
PageTables:        62944 kB
NFS_Unstable:          0 kB
Bounce:                0 kB
WritebackTmp:          0 kB
CommitLimit:     9202288 kB
Committed_AS:   66152996 kB
VmallocTotal:   263061440 kB
VmallocUsed:      102956 kB
VmallocChunk:          0 kB
Percpu:             7648 kB
CmaTotal:         294912 kB
CmaFree:               0 kB
MemTotal:       12113132 kB
MemFree:         6349608 kB
MemAvailable:    8095860 kB
Buffers:            6940 kB
Cached:          1937832 kB
SwapCached:            0 kB
Active:          1508688 kB
Inactive:        1691656 kB
Active(anon):    1262020 kB
Inactive(anon):    26352 kB
Active(file):     246668 kB
Inactive(file):  1665304 kB
Unevictable:        5552 kB
Mlocked:            5552 kB
SwapTotal:       3145724 kB
SwapFree:        3145724 kB
Dirty:               288 kB
Writeback:             0 kB
AnonPages:       1260920 kB
Mapped:           858008 kB
Shmem:             28300 kB
KReclaimable:     702984 kB
Slab:             224596 kB
SReclaimable:      80408 kB
SUnreclaim:       144188 kB
KernelStack:       45936 kB
PageTables:        62944 kB
NFS_Unstable:          0 kB
Bounce:                0 kB
WritebackTmp:          0 kB
CommitLimit:     9202288 kB
Committed_AS:   66145328 kB
VmallocTotal:   263061440 kB
VmallocUsed:      102988 kB
VmallocChunk:          0 kB
Percpu:             7648 kB
CmaTotal:         294912 kB
CmaFree:               0 kB
MemTotal:       12113132 kB
MemFree:         6349844 kB
MemAvailable:    8096108 kB
Buffers:            6940 kB
Cached:          1937844 kB
SwapCached:            0 kB
Active:          1509224 kB
Inactive:        1691668 kB
Active(anon):    1262556 kB
Inactive(anon):    26352 kB
Active(file):     246668 kB
Inactive(file):  1665316 kB
Unevictable:        5552 kB
Mlocked:            5552 kB
SwapTotal:       3145724 kB
SwapFree:        3145724 kB
Dirty:               312 kB
Writeback:             0 kB
AnonPages:       1261492 kB
Mapped:           858008 kB
Shmem:             28300 kB
KReclaimable:     702984 kB
Slab:             224588 kB
SReclaimable:      80408 kB
SUnreclaim:       144180 kB
KernelStack:       45936 kB
PageTables:        62936 kB
NFS_Unstable:          0 kB
Bounce:                0 kB
WritebackTmp:          0 kB
CommitLimit:     9202288 kB
Committed_AS:   66145724 kB
VmallocTotal:   263061440 kB
VmallocUsed:      102988 kB
VmallocChunk:          0 kB
Percpu:             7648 kB
CmaTotal:         294912 kB
CmaFree:               0 kB
MemTotal:       12113132 kB
MemFree:         6349592 kB
MemAvailable:    8095868 kB
Buffers:            6940 kB
Cached:          1937856 kB
SwapCached:            0 kB
Active:          1509972 kB
Inactive:        1691680 kB
Active(anon):    1263304 kB
Inactive(anon):    26352 kB
Active(file):     246668 kB
Inactive(file):  1665328 kB
Unevictable:        5552 kB
Mlocked:            5552 kB
SwapTotal:       3145724 kB
SwapFree:        3145724 kB
Dirty:               368 kB
Writeback:             0 kB
AnonPages:       1262492 kB
Mapped:           858068 kB
Shmem:             28300 kB
KReclaimable:     702984 kB
Slab:             224588 kB
SReclaimable:      80408 kB
SUnreclaim:       144180 kB
KernelStack:       45952 kB
PageTables:        62908 kB
NFS_Unstable:          0 kB
Bounce:                0 kB
WritebackTmp:          0 kB
CommitLimit:     9202288 kB
Committed_AS:   66141676 kB
VmallocTotal:   263061440 kB
VmallocUsed:      102972 kB
VmallocChunk:          0 kB
Percpu:             7648 kB
CmaTotal:         294912 kB
CmaFree:               0 kB
MemTotal:       12113132 kB
MemFree:         6348896 kB
MemAvailable:    8095184 kB
Buffers:            6940 kB
Cached:          1937868 kB
SwapCached:            0 kB
Active:          1510192 kB
Inactive:        1691692 kB
Active(anon):    1263524 kB
Inactive(anon):    26352 kB
Active(file):     246668 kB
Inactive(file):  1665340 kB
Unevictable:        5552 kB
Mlocked:            5552 kB
SwapTotal:       3145724 kB
SwapFree:        3145724 kB
Dirty:               392 kB
Writeback:             0 kB
AnonPages:       1262560 kB
Mapped:           858068 kB
Shmem:             28300 kB
KReclaimable:     702984 kB
Slab:             224588 kB
SReclaimable:      80408 kB
SUnreclaim:       144180 kB
KernelStack:       45936 kB
PageTables:        62940 kB
NFS_Unstable:          0 kB
Bounce:                0 kB
WritebackTmp:          0 kB
CommitLimit:     9202288 kB
Committed_AS:   66141044 kB
VmallocTotal:   263061440 kB
VmallocUsed:      102972 kB
VmallocChunk:          0 kB
Percpu:             7648 kB
CmaTotal:         294912 kB
CmaFree:               0 kB
MemTotal:       12113132 kB
MemFree:         6348920 kB
MemAvailable:    8095500 kB
Buffers:            6940 kB
Cached:          1938168 kB
SwapCached:            0 kB
Active:          1510540 kB
Inactive:        1691988 kB
Active(anon):    1263868 kB
Inactive(anon):    26360 kB
Active(file):     246672 kB
Inactive(file):  1665628 kB
Unevictable:        5552 kB
Mlocked:            5552 kB
SwapTotal:       3145724 kB
SwapFree:        3145724 kB
Dirty:               620 kB
Writeback:             0 kB
AnonPages:       1263032 kB
Mapped:           858460 kB
Shmem:             28308 kB
KReclaimable:     702984 kB
Slab:             224580 kB
SReclaimable:      80408 kB
SUnreclaim:       144172 kB
KernelStack:       46032 kB
PageTables:        63060 kB
NFS_Unstable:          0 kB
Bounce:                0 kB
WritebackTmp:          0 kB
CommitLimit:     9202288 kB
Committed_AS:   66141004 kB
VmallocTotal:   263061440 kB
VmallocUsed:      102988 kB
VmallocChunk:          0 kB
Percpu:             7648 kB
CmaTotal:         294912 kB
CmaFree:               0 kB
MemTotal:       12113132 kB
MemFree:         6346552 kB
MemAvailable:    8093140 kB
Buffers:            6940 kB
Cached:          1938184 kB
SwapCached:            0 kB
Active:          1512392 kB
Inactive:        1692004 kB
Active(anon):    1265720 kB
Inactive(anon):    26368 kB
Active(file):     246672 kB
Inactive(file):  1665636 kB
Unevictable:        5552 kB
Mlocked:            5552 kB
SwapTotal:       3145724 kB
SwapFree:        3145724 kB
Dirty:               628 kB
Writeback:             0 kB
AnonPages:       1264768 kB
Mapped:           872084 kB
Shmem:             28316 kB
KReclaimable:     702984 kB
Slab:             224588 kB
SReclaimable:      80408 kB
SUnreclaim:       144180 kB
KernelStack:       46016 kB
PageTables:        62992 kB
NFS_Unstable:          0 kB
Bounce:                0 kB
WritebackTmp:          0 kB
CommitLimit:     9202288 kB
Committed_AS:   66136416 kB
VmallocTotal:   263061440 kB
VmallocUsed:      103004 kB
VmallocChunk:          0 kB
Percpu:             7648 kB
CmaTotal:         294912 kB
CmaFree:               0 kB
MemTotal:       12113132 kB
MemFree:         6348856 kB
MemAvailable:    8095452 kB
Buffers:            6940 kB
Cached:          1938192 kB
SwapCached:            0 kB
Active:          1509116 kB
Inactive:        1692012 kB
Active(anon):    1262444 kB
Inactive(anon):    26368 kB
Active(file):     246672 kB
Inactive(file):  1665644 kB
Unevictable:        5552 kB
Mlocked:            5552 kB
SwapTotal:       3145724 kB
SwapFree:        3145724 kB
Dirty:               636 kB
Writeback:             0 kB
AnonPages:       1261604 kB
Mapped:           872084 kB
Shmem:             28316 kB
KReclaimable:     702984 kB
Slab:             224588 kB
SReclaimable:      80408 kB
SUnreclaim:       144180 kB
KernelStack:       46016 kB
PageTables:        63004 kB
NFS_Unstable:          0 kB
Bounce:                0 kB
WritebackTmp:          0 kB
CommitLimit:     9202288 kB
Committed_AS:   66145852 kB
VmallocTotal:   263061440 kB
VmallocUsed:      103036 kB
VmallocChunk:          0 kB
Percpu:             7648 kB
CmaTotal:         294912 kB
CmaFree:               0 kB
MemTotal:       12113132 kB
MemFree:         6349092 kB
MemAvailable:    8095704 kB
Buffers:            6940 kB
Cached:          1938208 kB
SwapCached:            0 kB
Active:          1509864 kB
Inactive:        1692028 kB
Active(anon):    1263192 kB
Inactive(anon):    26368 kB
Active(file):     246672 kB
Inactive(file):  1665660 kB
Unevictable:        5552 kB
Mlocked:            5552 kB
SwapTotal:       3145724 kB
SwapFree:        3145724 kB
Dirty:               668 kB
Writeback:             0 kB
AnonPages:       1262236 kB
Mapped:           872084 kB
Shmem:             28316 kB
KReclaimable:     702984 kB
Slab:             224580 kB
SReclaimable:      80408 kB
SUnreclaim:       144172 kB
KernelStack:       46016 kB
PageTables:        62996 kB
NFS_Unstable:          0 kB
Bounce:                0 kB
WritebackTmp:          0 kB
CommitLimit:     9202288 kB
Committed_AS:   66140836 kB
VmallocTotal:   263061440 kB
VmallocUsed:      103036 kB
VmallocChunk:          0 kB
Percpu:             7648 kB
CmaTotal:         294912 kB
CmaFree:               0 kB
MemTotal:       12113132 kB
MemFree:         6347696 kB
MemAvailable:    8094328 kB
Buffers:            6940 kB
Cached:          1938228 kB
SwapCached:            0 kB
Active:          1510632 kB
Inactive:        1692048 kB
Active(anon):    1263960 kB
Inactive(anon):    26368 kB
Active(file):     246672 kB
Inactive(file):  1665680 kB
Unevictable:        5552 kB
Mlocked:            5552 kB
SwapTotal:       3145724 kB
SwapFree:        3145724 kB
Dirty:               716 kB
Writeback:             0 kB
AnonPages:       1263124 kB
Mapped:           872084 kB
Shmem:             28316 kB
KReclaimable:     702984 kB
Slab:             224580 kB
SReclaimable:      80408 kB
SUnreclaim:       144172 kB
KernelStack:       45984 kB
PageTables:        63004 kB
NFS_Unstable:          0 kB
Bounce:                0 kB
WritebackTmp:          0 kB
CommitLimit:     9202288 kB
Committed_AS:   66145740 kB
VmallocTotal:   263061440 kB
VmallocUsed:      103004 kB
VmallocChunk:          0 kB
Percpu:             7648 kB
CmaTotal:         294912 kB
CmaFree:               0 kB
MemTotal:       12113132 kB
MemFree:         6347316 kB
MemAvailable:    8093960 kB
Buffers:            6940 kB
Cached:          1938240 kB
SwapCached:            0 kB
Active:          1510836 kB
Inactive:        1692060 kB
Active(anon):    1264164 kB
Inactive(anon):    26368 kB
Active(file):     246672 kB
Inactive(file):  1665692 kB
Unevictable:        5552 kB
Mlocked:            5552 kB
SwapTotal:       3145724 kB
SwapFree:        3145724 kB
Dirty:               728 kB
Writeback:             0 kB
AnonPages:       1263228 kB
Mapped:           872084 kB
Shmem:             28316 kB
KReclaimable:     702984 kB
Slab:             224580 kB
SReclaimable:      80408 kB
SUnreclaim:       144172 kB
KernelStack:       45936 kB
PageTables:        62996 kB
NFS_Unstable:          0 kB
Bounce:                0 kB
WritebackTmp:          0 kB
CommitLimit:     9202288 kB
Committed_AS:   66146516 kB
VmallocTotal:   263061440 kB
VmallocUsed:      102940 kB
VmallocChunk:          0 kB
Percpu:             7648 kB
CmaTotal:         294912 kB
CmaFree:               0 kB
MemTotal:       12113132 kB
MemFree:         6356732 kB
MemAvailable:    8103384 kB
Buffers:            6940 kB
Cached:          1938248 kB
SwapCached:            0 kB
Active:          1499776 kB
Inactive:        1692068 kB
Active(anon):    1253104 kB
Inactive(anon):    26368 kB
Active(file):     246672 kB
Inactive(file):  1665700 kB
Unevictable:        5552 kB
Mlocked:            5552 kB
SwapTotal:       3145724 kB
SwapFree:        3145724 kB
Dirty:               768 kB
Writeback:             0 kB
AnonPages:       1251940 kB
Mapped:           858468 kB
Shmem:             28316 kB
KReclaimable:     702984 kB
Slab:             224596 kB
SReclaimable:      80408 kB
SUnreclaim:       144188 kB
KernelStack:       45952 kB
PageTables:        63084 kB
NFS_Unstable:          0 kB
Bounce:                0 kB
WritebackTmp:          0 kB
CommitLimit:     9202288 kB
Committed_AS:   66140908 kB
VmallocTotal:   263061440 kB
VmallocUsed:      102924 kB
VmallocChunk:          0 kB
Percpu:             7648 kB
CmaTotal:         294912 kB
CmaFree:               0 kB
MemTotal:       12113132 kB
MemFree:         6358040 kB
MemAvailable:    8104712 kB
Buffers:            6940 kB
Cached:          1938268 kB
SwapCached:            0 kB
Active:          1498964 kB
Inactive:        1692088 kB
Active(anon):    1252292 kB
Inactive(anon):    26368 kB
Active(file):     246672 kB
Inactive(file):  1665720 kB
Unevictable:        5552 kB
Mlocked:            5552 kB
SwapTotal:       3145724 kB
SwapFree:        3145724 kB
Dirty:               788 kB
Writeback:             0 kB
AnonPages:       1251320 kB
Mapped:           858468 kB
Shmem:             28316 kB
KReclaimable:     702984 kB
Slab:             224596 kB
SReclaimable:      80408 kB
SUnreclaim:       144188 kB
KernelStack:       45936 kB
PageTables:        62944 kB
NFS_Unstable:          0 kB
Bounce:                0 kB
WritebackTmp:          0 kB
CommitLimit:     9202288 kB
Committed_AS:   66145756 kB
VmallocTotal:   263061440 kB
VmallocUsed:      102940 kB
VmallocChunk:          0 kB
Percpu:             7648 kB
CmaTotal:         294912 kB
CmaFree:               0 kB
MemTotal:       12113132 kB
MemFree:         6357844 kB
MemAvailable:    8104520 kB
Buffers:            6940 kB
Cached:          1938272 kB
SwapCached:            0 kB
Active:          1499260 kB
Inactive:        1692092 kB
Active(anon):    1252588 kB
Inactive(anon):    26368 kB
Active(file):     246672 kB
Inactive(file):  1665724 kB
Unevictable:        5552 kB
Mlocked:            5552 kB
SwapTotal:       3145724 kB
SwapFree:        3145724 kB
Dirty:               792 kB
Writeback:             0 kB
AnonPages:       1251664 kB
Mapped:           858468 kB
Shmem:             28316 kB
KReclaimable:     702984 kB
Slab:             224588 kB
SReclaimable:      80408 kB
SUnreclaim:       144180 kB
KernelStack:       45952 kB
PageTables:        63084 kB
NFS_Unstable:          0 kB
Bounce:                0 kB
WritebackTmp:          0 kB
CommitLimit:     9202288 kB
Committed_AS:   66145776 kB
VmallocTotal:   263061440 kB
VmallocUsed:      102940 kB
VmallocChunk:          0 kB
Percpu:             7648 kB
CmaTotal:         294912 kB
CmaFree:               0 kB
MemTotal:       12113132 kB
MemFree:         6357520 kB
MemAvailable:    8104208 kB
Buffers:            6940 kB
Cached:          1938284 kB
SwapCached:            0 kB
Active:          1500044 kB
Inactive:        1692104 kB
Active(anon):    1253372 kB
Inactive(anon):    26368 kB
Active(file):     246672 kB
Inactive(file):  1665736 kB
Unevictable:        5552 kB
Mlocked:            5552 kB
SwapTotal:       3145724 kB
SwapFree:        3145724 kB
Dirty:               856 kB
Writeback:             0 kB
AnonPages:       1252428 kB
Mapped:           858468 kB
Shmem:             28316 kB
KReclaimable:     702984 kB
Slab:             224596 kB
SReclaimable:      80408 kB
SUnreclaim:       144188 kB
KernelStack:       45952 kB
PageTables:        63076 kB
NFS_Unstable:          0 kB
Bounce:                0 kB
WritebackTmp:          0 kB
CommitLimit:     9202288 kB
Committed_AS:   66141108 kB
VmallocTotal:   263061440 kB
VmallocUsed:      102940 kB
VmallocChunk:          0 kB
Percpu:             7648 kB
CmaTotal:         294912 kB
CmaFree:               0 kB
MemTotal:       12113132 kB
MemFree:         6357732 kB
MemAvailable:    8104460 kB
Buffers:            6944 kB
Cached:          1938324 kB
SwapCached:            0 kB
Active:          1500212 kB
Inactive:        1692144 kB
Active(anon):    1253536 kB
Inactive(anon):    26372 kB
Active(file):     246676 kB
Inactive(file):  1665772 kB
Unevictable:        5552 kB
Mlocked:            5552 kB
SwapTotal:       3145724 kB
SwapFree:        3145724 kB
Dirty:               848 kB
Writeback:             0 kB
AnonPages:       1252784 kB
Mapped:           858492 kB
Shmem:             28320 kB
KReclaimable:     702984 kB
Slab:             224588 kB
SReclaimable:      80408 kB
SUnreclaim:       144180 kB
KernelStack:       45968 kB
PageTables:        63000 kB
NFS_Unstable:          0 kB
Bounce:                0 kB
WritebackTmp:          0 kB
CommitLimit:     9202288 kB
Committed_AS:   66141192 kB
VmallocTotal:   263061440 kB
VmallocUsed:      102924 kB
VmallocChunk:          0 kB
Percpu:             7648 kB
CmaTotal:         294912 kB
CmaFree:               0 kB
MemTotal:       12113132 kB
MemFree:         6357920 kB
MemAvailable:    8104656 kB
Buffers:            6944 kB
Cached:          1938332 kB
SwapCached:            0 kB
Active:          1500708 kB
Inactive:        1692152 kB
Active(anon):    1254032 kB
Inactive(anon):    26372 kB
Active(file):     246676 kB
Inactive(file):  1665780 kB
Unevictable:        5552 kB
Mlocked:            5552 kB
SwapTotal:       3145724 kB
SwapFree:        3145724 kB
Dirty:               872 kB
Writeback:             0 kB
AnonPages:       1253104 kB
Mapped:           858472 kB
Shmem:             28320 kB
KReclaimable:     702984 kB
Slab:             224588 kB
SReclaimable:      80408 kB
SUnreclaim:       144180 kB
KernelStack:       45952 kB
PageTables:        63080 kB
NFS_Unstable:          0 kB
Bounce:                0 kB
WritebackTmp:          0 kB
CommitLimit:     9202288 kB
Committed_AS:   66135328 kB
VmallocTotal:   263061440 kB
VmallocUsed:      102924 kB
VmallocChunk:          0 kB
Percpu:             7648 kB
CmaTotal:         294912 kB
CmaFree:               0 kB
MemTotal:       12113132 kB
MemFree:         6357148 kB
MemAvailable:    8103896 kB
Buffers:            6944 kB
Cached:          1938344 kB
SwapCached:            0 kB
Active:          1501588 kB
Inactive:        1692164 kB
Active(anon):    1254912 kB
Inactive(anon):    26372 kB
Active(file):     246676 kB
Inactive(file):  1665792 kB
Unevictable:        5552 kB
Mlocked:            5552 kB
SwapTotal:       3145724 kB
SwapFree:        3145724 kB
Dirty:               900 kB
Writeback:             0 kB
AnonPages:       1253856 kB
Mapped:           858472 kB
Shmem:             28320 kB
KReclaimable:     702984 kB
Slab:             224588 kB
SReclaimable:      80408 kB
SUnreclaim:       144180 kB
KernelStack:       45952 kB
PageTables:        63080 kB
NFS_Unstable:          0 kB
Bounce:                0 kB
WritebackTmp:          0 kB
CommitLimit:     9202288 kB
Committed_AS:   66140728 kB
VmallocTotal:   263061440 kB
VmallocUsed:      102924 kB
VmallocChunk:          0 kB
Percpu:             7648 kB
CmaTotal:         294912 kB
CmaFree:               0 kB
MemTotal:       12113132 kB
MemFree:         6355956 kB
MemAvailable:    8102716 kB
Buffers:            6944 kB
Cached:          1938356 kB
SwapCached:            0 kB
Active:          1502180 kB
Inactive:        1692176 kB
Active(anon):    1255504 kB
Inactive(anon):    26372 kB
Active(file):     246676 kB
Inactive(file):  1665804 kB
Unevictable:        5552 kB
Mlocked:            5552 kB
SwapTotal:       3145724 kB
SwapFree:        3145724 kB
Dirty:               912 kB
Writeback:             0 kB
AnonPages:       1254652 kB
Mapped:           858472 kB
Shmem:             28320 kB
KReclaimable:     702984 kB
Slab:             224596 kB
SReclaimable:      80408 kB
SUnreclaim:       144188 kB
KernelStack:       45936 kB
PageTables:        62944 kB
NFS_Unstable:          0 kB
Bounce:                0 kB
WritebackTmp:          0 kB
CommitLimit:     9202288 kB
Committed_AS:   66140880 kB
VmallocTotal:   263061440 kB
VmallocUsed:      102972 kB
VmallocChunk:          0 kB
Percpu:             7648 kB
CmaTotal:         294912 kB
CmaFree:               0 kB
MemTotal:       12113132 kB
MemFree:         6355436 kB
MemAvailable:    8102204 kB
Buffers:            6944 kB
Cached:          1938364 kB
SwapCached:            0 kB
Active:          1502392 kB
Inactive:        1692184 kB
Active(anon):    1255716 kB
Inactive(anon):    26372 kB
Active(file):     246676 kB
Inactive(file):  1665812 kB
Unevictable:        5552 kB
Mlocked:            5552 kB
SwapTotal:       3145724 kB
SwapFree:        3145724 kB
Dirty:               924 kB
Writeback:             0 kB
AnonPages:       1254728 kB
Mapped:           858472 kB
Shmem:             28320 kB
KReclaimable:     702984 kB
Slab:             224588 kB
SReclaimable:      80408 kB
SUnreclaim:       144180 kB
KernelStack:       45968 kB
PageTables:        62968 kB
NFS_Unstable:          0 kB
Bounce:                0 kB
WritebackTmp:          0 kB
CommitLimit:     9202288 kB
Committed_AS:   66145816 kB
VmallocTotal:   263061440 kB
VmallocUsed:      102972 kB
VmallocChunk:          0 kB
Percpu:             7648 kB
CmaTotal:         294912 kB
CmaFree:              64 kB
MemTotal:       12113132 kB
MemFree:         6355068 kB
MemAvailable:    8101848 kB
Buffers:            6944 kB
Cached:          1938376 kB
SwapCached:            0 kB
Active:          1502948 kB
Inactive:        1692196 kB
Active(anon):    1256272 kB
Inactive(anon):    26372 kB
Active(file):     246676 kB
Inactive(file):  1665824 kB
Unevictable:        5552 kB
Mlocked:            5552 kB
SwapTotal:       3145724 kB
SwapFree:        3145724 kB
Dirty:               948 kB
Writeback:             0 kB
AnonPages:       1255320 kB
Mapped:           858472 kB
Shmem:             28320 kB
KReclaimable:     702984 kB
Slab:             224588 kB
SReclaimable:      80408 kB
SUnreclaim:       144180 kB
KernelStack:       45936 kB
PageTables:        62944 kB
NFS_Unstable:          0 kB
Bounce:                0 kB
WritebackTmp:          0 kB
CommitLimit:     9202288 kB
Committed_AS:   66145896 kB
VmallocTotal:   263061440 kB
VmallocUsed:      102956 kB
VmallocChunk:          0 kB
Percpu:             7648 kB
CmaTotal:         294912 kB
CmaFree:               0 kB
MemTotal:       12113132 kB
MemFree:         6353996 kB
MemAvailable:    8100788 kB
Buffers:            6944 kB
Cached:          1938388 kB
SwapCached:            0 kB
Active:          1503456 kB
Inactive:        1692208 kB
Active(anon):    1256780 kB
Inactive(anon):    26372 kB
Active(file):     246676 kB
Inactive(file):  1665836 kB
Unevictable:        5552 kB
Mlocked:            5552 kB
SwapTotal:       3145724 kB
SwapFree:        3145724 kB
Dirty:               960 kB
Writeback:             0 kB
AnonPages:       1255964 kB
Mapped:           858472 kB
Shmem:             28320 kB
KReclaimable:     702984 kB
Slab:             224596 kB
SReclaimable:      80408 kB
SUnreclaim:       144188 kB
KernelStack:       45920 kB
PageTables:        62792 kB
NFS_Unstable:          0 kB
Bounce:                0 kB
WritebackTmp:          0 kB
CommitLimit:     9202288 kB
Committed_AS:   66140540 kB
VmallocTotal:   263061440 kB
VmallocUsed:      102924 kB
VmallocChunk:          0 kB
Percpu:             7648 kB
CmaTotal:         294912 kB
CmaFree:               0 kB
MemTotal:       12113132 kB
MemFree:         6353644 kB
MemAvailable:    8100444 kB
Buffers:            6944 kB
Cached:          1938396 kB
SwapCached:            0 kB
Active:          1505484 kB
Inactive:        1692216 kB
Active(anon):    1258808 kB
Inactive(anon):    26372 kB
Active(file):     246676 kB
Inactive(file):  1665844 kB
Unevictable:        5552 kB
Mlocked:            5552 kB
SwapTotal:       3145724 kB
SwapFree:        3145724 kB
Dirty:               968 kB
Writeback:             0 kB
AnonPages:       1257984 kB
Mapped:           858472 kB
Shmem:             28320 kB
KReclaimable:     702984 kB
Slab:             224588 kB
SReclaimable:      80408 kB
SUnreclaim:       144180 kB
KernelStack:       45936 kB
PageTables:        62948 kB
NFS_Unstable:          0 kB
Bounce:                0 kB
WritebackTmp:          0 kB
CommitLimit:     9202288 kB
Committed_AS:   66140116 kB
VmallocTotal:   263061440 kB
VmallocUsed:      102940 kB
VmallocChunk:          0 kB
Percpu:             7648 kB
CmaTotal:         294912 kB
CmaFree:               0 kB
MemTotal:       12113132 kB
MemFree:         6352284 kB
MemAvailable:    8099100 kB
Buffers:            6944 kB
Cached:          1938412 kB
SwapCached:            0 kB
Active:          1505804 kB
Inactive:        1692232 kB
Active(anon):    1259128 kB
Inactive(anon):    26372 kB
Active(file):     246676 kB
Inactive(file):  1665860 kB
Unevictable:        5552 kB
Mlocked:            5552 kB
SwapTotal:       3145724 kB
SwapFree:        3145724 kB
Dirty:              1000 kB
Writeback:             0 kB
AnonPages:       1257988 kB
Mapped:           858472 kB
Shmem:             28320 kB
KReclaimable:     702984 kB
Slab:             224588 kB
SReclaimable:      80408 kB
SUnreclaim:       144180 kB
KernelStack:       45952 kB
PageTables:        62960 kB
NFS_Unstable:          0 kB
Bounce:                0 kB
WritebackTmp:          0 kB
CommitLimit:     9202288 kB
Committed_AS:   66136608 kB
VmallocTotal:   263061440 kB
VmallocUsed:      102924 kB
VmallocChunk:          0 kB
Percpu:             7648 kB
CmaTotal:         294912 kB
CmaFree:               0 kB
MemTotal:       12113132 kB
MemFree:         6353076 kB
MemAvailable:    8099912 kB
Buffers:            6944 kB
Cached:          1938432 kB
SwapCached:            0 kB
Active:          1506308 kB
Inactive:        1692252 kB
Active(anon):    1259632 kB
Inactive(anon):    26372 kB
Active(file):     246676 kB
Inactive(file):  1665880 kB
Unevictable:        5552 kB
Mlocked:            5552 kB
SwapTotal:       3145724 kB
SwapFree:        3145724 kB
Dirty:              1044 kB
Writeback:             0 kB
AnonPages:       1258668 kB
Mapped:           858472 kB
Shmem:             28320 kB
KReclaimable:     702984 kB
Slab:             224588 kB
SReclaimable:      80408 kB
SUnreclaim:       144180 kB
KernelStack:       45920 kB
PageTables:        62944 kB
NFS_Unstable:          0 kB
Bounce:                0 kB
WritebackTmp:          0 kB
CommitLimit:     9202288 kB
Committed_AS:   66134768 kB
VmallocTotal:   263061440 kB
VmallocUsed:      102892 kB
VmallocChunk:          0 kB
Percpu:             7648 kB
CmaTotal:         294912 kB
CmaFree:               0 kB
MemTotal:       12113132 kB
MemFree:         6351052 kB
MemAvailable:    8097904 kB
Buffers:            6944 kB
Cached:          1938448 kB
SwapCached:            0 kB
Active:          1507236 kB
Inactive:        1692172 kB
Active(anon):    1260464 kB
Inactive(anon):    26372 kB
Active(file):     246772 kB
Inactive(file):  1665800 kB
Unevictable:        5552 kB
Mlocked:            5552 kB
SwapTotal:       3145724 kB
SwapFree:        3145724 kB
Dirty:              1104 kB
Writeback:             0 kB
AnonPages:       1259444 kB
Mapped:           858472 kB
Shmem:             28320 kB
KReclaimable:     702984 kB
Slab:             224588 kB
SReclaimable:      80408 kB
SUnreclaim:       144180 kB
KernelStack:       45936 kB
PageTables:        62956 kB
NFS_Unstable:          0 kB
Bounce:                0 kB
WritebackTmp:          0 kB
CommitLimit:     9202288 kB
Committed_AS:   66139320 kB
VmallocTotal:   263061440 kB
VmallocUsed:      102924 kB
VmallocChunk:          0 kB
Percpu:             7648 kB
CmaTotal:         294912 kB
CmaFree:               0 kB
MemTotal:       12113132 kB
MemFree:         6351236 kB
MemAvailable:    8098096 kB
Buffers:            6944 kB
Cached:          1938456 kB
SwapCached:            0 kB
Active:          1507804 kB
Inactive:        1692180 kB
Active(anon):    1261032 kB
Inactive(anon):    26372 kB
Active(file):     246772 kB
Inactive(file):  1665808 kB
Unevictable:        5552 kB
Mlocked:            5552 kB
SwapTotal:       3145724 kB
SwapFree:        3145724 kB
Dirty:              1124 kB
Writeback:             0 kB
AnonPages:       1260036 kB
Mapped:           858472 kB
Shmem:             28320 kB
KReclaimable:     702984 kB
Slab:             224596 kB
SReclaimable:      80408 kB
SUnreclaim:       144188 kB
KernelStack:       45920 kB
PageTables:        62944 kB
NFS_Unstable:          0 kB
Bounce:                0 kB
WritebackTmp:          0 kB
CommitLimit:     9202288 kB
Committed_AS:   66140908 kB
VmallocTotal:   263061440 kB
VmallocUsed:      102924 kB
VmallocChunk:          0 kB
Percpu:             7648 kB
CmaTotal:         294912 kB
CmaFree:               0 kB
MemTotal:       12113132 kB
MemFree:         6350256 kB
MemAvailable:    8097136 kB
Buffers:            6944 kB
Cached:          1938476 kB
SwapCached:            0 kB
Active:          1508920 kB
Inactive:        1692200 kB
Active(anon):    1262148 kB
Inactive(anon):    26372 kB
Active(file):     246772 kB
Inactive(file):  1665828 kB
Unevictable:        5552 kB
Mlocked:            5552 kB
SwapTotal:       3145724 kB
SwapFree:        3145724 kB
Dirty:              1148 kB
Writeback:             0 kB
AnonPages:       1261308 kB
Mapped:           858472 kB
Shmem:             28320 kB
KReclaimable:     702984 kB
Slab:             224596 kB
SReclaimable:      80408 kB
SUnreclaim:       144188 kB
KernelStack:       45920 kB
PageTables:        62944 kB
NFS_Unstable:          0 kB
Bounce:                0 kB
WritebackTmp:          0 kB
CommitLimit:     9202288 kB
Committed_AS:   66141076 kB
VmallocTotal:   263061440 kB
VmallocUsed:      102908 kB
VmallocChunk:          0 kB
Percpu:             7648 kB
CmaTotal:         294912 kB
CmaFree:               0 kB
MemTotal:       12113132 kB
MemFree:         6349760 kB
MemAvailable:    8096644 kB
Buffers:            6944 kB
Cached:          1938480 kB
SwapCached:            0 kB
Active:          1509436 kB
Inactive:        1692204 kB
Active(anon):    1262664 kB
Inactive(anon):    26372 kB
Active(file):     246772 kB
Inactive(file):  1665832 kB
Unevictable:        5552 kB
Mlocked:            5552 kB
SwapTotal:       3145724 kB
SwapFree:        3145724 kB
Dirty:              1152 kB
Writeback:             0 kB
AnonPages:       1261720 kB
Mapped:           858472 kB
Shmem:             28320 kB
KReclaimable:     702984 kB
Slab:             224588 kB
SReclaimable:      80408 kB
SUnreclaim:       144180 kB
KernelStack:       45920 kB
PageTables:        62944 kB
NFS_Unstable:          0 kB
Bounce:                0 kB
WritebackTmp:          0 kB
CommitLimit:     9202288 kB
Committed_AS:   66136220 kB
VmallocTotal:   263061440 kB
VmallocUsed:      102908 kB
VmallocChunk:          0 kB
Percpu:             7648 kB
CmaTotal:         294912 kB
CmaFree:               0 kB
MemTotal:       12113132 kB
MemFree:         6347680 kB
MemAvailable:    8094588 kB
Buffers:            6944 kB
Cached:          1938504 kB
SwapCached:            0 kB
Active:          1510028 kB
Inactive:        1692224 kB
Active(anon):    1263252 kB
Inactive(anon):    26372 kB
Active(file):     246776 kB
Inactive(file):  1665852 kB
Unevictable:        5552 kB
Mlocked:            5552 kB
SwapTotal:       3145724 kB
SwapFree:        3145724 kB
Dirty:              1092 kB
Writeback:             0 kB
AnonPages:       1262452 kB
Mapped:           858472 kB
Shmem:             28320 kB
KReclaimable:     702984 kB
Slab:             224588 kB
SReclaimable:      80408 kB
SUnreclaim:       144180 kB
KernelStack:       45920 kB
PageTables:        62936 kB
NFS_Unstable:          0 kB
Bounce:                0 kB
WritebackTmp:          0 kB
CommitLimit:     9202288 kB
Committed_AS:   66135512 kB
VmallocTotal:   263061440 kB
VmallocUsed:      102892 kB
VmallocChunk:          0 kB
Percpu:             7648 kB
CmaTotal:         294912 kB
CmaFree:               0 kB
MemTotal:       12113132 kB
MemFree:         6340336 kB
MemAvailable:    8087276 kB
Buffers:            6952 kB
Cached:          1947616 kB
SwapCached:            0 kB
Active:          1510684 kB
Inactive:        1701340 kB
Active(anon):    1263904 kB
Inactive(anon):    35460 kB
Active(file):     246780 kB
Inactive(file):  1665880 kB
Unevictable:        5552 kB
Mlocked:            5552 kB
SwapTotal:       3145724 kB
SwapFree:        3145724 kB
Dirty:              1088 kB
Writeback:             0 kB
AnonPages:       1262916 kB
Mapped:           867560 kB
Shmem:             37408 kB
KReclaimable:     702984 kB
Slab:             224588 kB
SReclaimable:      80408 kB
SUnreclaim:       144180 kB
KernelStack:       45920 kB
PageTables:        62976 kB
NFS_Unstable:          0 kB
Bounce:                0 kB
WritebackTmp:          0 kB
CommitLimit:     9202288 kB
Committed_AS:   66146428 kB
VmallocTotal:   263061440 kB
VmallocUsed:      102876 kB
VmallocChunk:          0 kB
Percpu:             7648 kB
CmaTotal:         294912 kB
CmaFree:               0 kB
MemTotal:       12113132 kB
MemFree:         6336776 kB
MemAvailable:    8083720 kB
Buffers:            6952 kB
Cached:          1938532 kB
SwapCached:            0 kB
Active:          1520516 kB
Inactive:        1692256 kB
Active(anon):    1273736 kB
Inactive(anon):    26372 kB
Active(file):     246780 kB
Inactive(file):  1665884 kB
Unevictable:        5552 kB
Mlocked:            5552 kB
SwapTotal:       3145724 kB
SwapFree:        3145724 kB
Dirty:              1092 kB
Writeback:             0 kB
AnonPages:       1272876 kB
Mapped:           858472 kB
Shmem:             28320 kB
KReclaimable:     702984 kB
Slab:             224596 kB
SReclaimable:      80408 kB
SUnreclaim:       144188 kB
KernelStack:       45920 kB
PageTables:        62944 kB
NFS_Unstable:          0 kB
Bounce:                0 kB
WritebackTmp:          0 kB
CommitLimit:     9202288 kB
Committed_AS:   66140288 kB
VmallocTotal:   263061440 kB
VmallocUsed:      102908 kB
VmallocChunk:          0 kB
Percpu:             7648 kB
CmaTotal:         294912 kB
CmaFree:               0 kB
MemTotal:       12113132 kB
MemFree:         6336124 kB
MemAvailable:    8083080 kB
Buffers:            6952 kB
Cached:          1938544 kB
SwapCached:            0 kB
Active:          1521808 kB
Inactive:        1692268 kB
Active(anon):    1275028 kB
Inactive(anon):    26372 kB
Active(file):     246780 kB
Inactive(file):  1665896 kB
Unevictable:        5552 kB
Mlocked:            5552 kB
SwapTotal:       3145724 kB
SwapFree:        3145724 kB
Dirty:              1120 kB
Writeback:             0 kB
AnonPages:       1274080 kB
Mapped:           858472 kB
Shmem:             28320 kB
KReclaimable:     702984 kB
Slab:             224596 kB
SReclaimable:      80408 kB
SUnreclaim:       144188 kB
KernelStack:       45920 kB
PageTables:        62940 kB
NFS_Unstable:          0 kB
Bounce:                0 kB
WritebackTmp:          0 kB
CommitLimit:     9202288 kB
Committed_AS:   66140164 kB
VmallocTotal:   263061440 kB
VmallocUsed:      102908 kB
VmallocChunk:          0 kB
Percpu:             7648 kB
CmaTotal:         294912 kB
CmaFree:               0 kB
MemTotal:       12113132 kB
MemFree:         6348372 kB
MemAvailable:    8095340 kB
Buffers:            6952 kB
Cached:          1938556 kB
SwapCached:            0 kB
Active:          1508060 kB
Inactive:        1692280 kB
Active(anon):    1261280 kB
Inactive(anon):    26372 kB
Active(file):     246780 kB
Inactive(file):  1665908 kB
Unevictable:        5552 kB
Mlocked:            5552 kB
SwapTotal:       3145724 kB
SwapFree:        3145724 kB
Dirty:              1132 kB
Writeback:             0 kB
AnonPages:       1260476 kB
Mapped:           858472 kB
Shmem:             28320 kB
KReclaimable:     702984 kB
Slab:             224596 kB
SReclaimable:      80408 kB
SUnreclaim:       144188 kB
KernelStack:       45920 kB
PageTables:        62940 kB
NFS_Unstable:          0 kB
Bounce:                0 kB
WritebackTmp:          0 kB
CommitLimit:     9202288 kB
Committed_AS:   66149904 kB
VmallocTotal:   263061440 kB
VmallocUsed:      102940 kB
