MemTotal:       12113136 kB
MemFree:         6504600 kB
MemAvailable:    7901884 kB
Buffers:            4736 kB
Cached:          1645164 kB
SwapCached:            0 kB
Active:          1481340 kB
Inactive:        1465344 kB
Active(anon):    1303460 kB
Inactive(anon):    22800 kB
Active(file):     177880 kB
Inactive(file):  1442544 kB
Unevictable:        5620 kB
Mlocked:            5620 kB
SwapTotal:       3145724 kB
SwapFree:        3145724 kB
Dirty:               296 kB
Writeback:             0 kB
AnonPages:       1302448 kB
Mapped:           862596 kB
Shmem:             24908 kB
KReclaimable:     645564 kB
Slab:             220484 kB
SReclaimable:      72204 kB
SUnreclaim:       148280 kB
KernelStack:       49328 kB
PageTables:        66848 kB
NFS_Unstable:          0 kB
Bounce:                0 kB
WritebackTmp:          0 kB
CommitLimit:     9202292 kB
Committed_AS:   74997304 kB
VmallocTotal:   263061440 kB
VmallocUsed:      106280 kB
VmallocChunk:          0 kB
Percpu:             7552 kB
CmaTotal:         294912 kB
CmaFree:               0 kB
MemTotal:       12113136 kB
MemFree:         6501616 kB
MemAvailable:    7898944 kB
Buffers:            4736 kB
Cached:          1645208 kB
SwapCached:            0 kB
Active:          1482176 kB
Inactive:        1465328 kB
Active(anon):    1304236 kB
Inactive(anon):    22800 kB
Active(file):     177940 kB
Inactive(file):  1442528 kB
Unevictable:        5620 kB
Mlocked:            5620 kB
SwapTotal:       3145724 kB
SwapFree:        3145724 kB
Dirty:               324 kB
Writeback:             0 kB
AnonPages:       1303208 kB
Mapped:           862652 kB
Shmem:             24908 kB
KReclaimable:     645564 kB
Slab:             220492 kB
SReclaimable:      72204 kB
SUnreclaim:       148288 kB
KernelStack:       49380 kB
PageTables:        67064 kB
NFS_Unstable:          0 kB
Bounce:                0 kB
WritebackTmp:          0 kB
CommitLimit:     9202292 kB
Committed_AS:   75003764 kB
VmallocTotal:   263061440 kB
VmallocUsed:      106376 kB
VmallocChunk:          0 kB
Percpu:             7552 kB
CmaTotal:         294912 kB
CmaFree:               0 kB
MemTotal:       12113136 kB
MemFree:         6500332 kB
MemAvailable:    7897832 kB
Buffers:            4736 kB
Cached:          1645380 kB
SwapCached:            0 kB
Active:          1483024 kB
Inactive:        1465444 kB
Active(anon):    1305028 kB
Inactive(anon):    22804 kB
Active(file):     177996 kB
Inactive(file):  1442640 kB
Unevictable:        5620 kB
Mlocked:            5620 kB
SwapTotal:       3145724 kB
SwapFree:        3145724 kB
Dirty:               392 kB
Writeback:             0 kB
AnonPages:       1304104 kB
Mapped:           862600 kB
Shmem:             24912 kB
KReclaimable:     645568 kB
Slab:             220472 kB
SReclaimable:      72208 kB
SUnreclaim:       148264 kB
KernelStack:       49360 kB
PageTables:        66848 kB
NFS_Unstable:          0 kB
Bounce:                0 kB
WritebackTmp:          0 kB
CommitLimit:     9202292 kB
Committed_AS:   75007728 kB
VmallocTotal:   263061440 kB
VmallocUsed:      106392 kB
VmallocChunk:          0 kB
Percpu:             7552 kB
CmaTotal:         294912 kB
CmaFree:               0 kB
MemTotal:       12113136 kB
MemFree:         6499344 kB
MemAvailable:    7896844 kB
Buffers:            4736 kB
Cached:          1645384 kB
SwapCached:            0 kB
Active:          1484052 kB
Inactive:        1465448 kB
Active(anon):    1306056 kB
Inactive(anon):    22808 kB
Active(file):     177996 kB
Inactive(file):  1442640 kB
Unevictable:        5620 kB
Mlocked:            5620 kB
SwapTotal:       3145724 kB
SwapFree:        3145724 kB
Dirty:               396 kB
Writeback:             0 kB
AnonPages:       1304680 kB
Mapped:           862912 kB
Shmem:             24916 kB
KReclaimable:     645568 kB
Slab:             220496 kB
SReclaimable:      72208 kB
SUnreclaim:       148288 kB
KernelStack:       49380 kB
PageTables:        67036 kB
NFS_Unstable:          0 kB
Bounce:                0 kB
WritebackTmp:          0 kB
CommitLimit:     9202292 kB
Committed_AS:   75017724 kB
VmallocTotal:   263061440 kB
VmallocUsed:      106440 kB
VmallocChunk:          0 kB
Percpu:             7552 kB
CmaTotal:         294912 kB
CmaFree:               0 kB
MemTotal:       12113136 kB
MemFree:         6498196 kB
MemAvailable:    7895724 kB
Buffers:            4736 kB
Cached:          1645412 kB
SwapCached:            0 kB
Active:          1485136 kB
Inactive:        1465468 kB
Active(anon):    1307132 kB
Inactive(anon):    22808 kB
Active(file):     178004 kB
Inactive(file):  1442660 kB
Unevictable:        5620 kB
Mlocked:            5620 kB
SwapTotal:       3145724 kB
SwapFree:        3145724 kB
Dirty:               428 kB
Writeback:             0 kB
AnonPages:       1306184 kB
Mapped:           862604 kB
Shmem:             24916 kB
KReclaimable:     645568 kB
Slab:             220496 kB
SReclaimable:      72208 kB
SUnreclaim:       148288 kB
KernelStack:       49440 kB
PageTables:        66860 kB
NFS_Unstable:          0 kB
Bounce:                0 kB
WritebackTmp:          0 kB
CommitLimit:     9202292 kB
Committed_AS:   75022624 kB
VmallocTotal:   263061440 kB
VmallocUsed:      106472 kB
VmallocChunk:          0 kB
Percpu:             7552 kB
CmaTotal:         294912 kB
CmaFree:               0 kB
MemTotal:       12113136 kB
MemFree:         6496688 kB
MemAvailable:    7894224 kB
Buffers:            4736 kB
Cached:          1645420 kB
SwapCached:            0 kB
Active:          1486176 kB
Inactive:        1465472 kB
Active(anon):    1308168 kB
Inactive(anon):    22808 kB
Active(file):     178008 kB
Inactive(file):  1442664 kB
Unevictable:        5620 kB
Mlocked:            5620 kB
SwapTotal:       3145724 kB
SwapFree:        3145724 kB
Dirty:               448 kB
Writeback:             0 kB
AnonPages:       1306716 kB
Mapped:           862872 kB
Shmem:             24916 kB
KReclaimable:     645568 kB
Slab:             220456 kB
SReclaimable:      72208 kB
SUnreclaim:       148248 kB
KernelStack:       49492 kB
PageTables:        67268 kB
NFS_Unstable:          0 kB
Bounce:                0 kB
WritebackTmp:          0 kB
CommitLimit:     9202292 kB
Committed_AS:   75022588 kB
VmallocTotal:   263061440 kB
VmallocUsed:      106488 kB
VmallocChunk:          0 kB
Percpu:             7552 kB
CmaTotal:         294912 kB
CmaFree:               0 kB
MemTotal:       12113136 kB
MemFree:         6496156 kB
MemAvailable:    7893848 kB
Buffers:            4740 kB
Cached:          1645564 kB
SwapCached:            0 kB
Active:          1486280 kB
Inactive:        1465616 kB
Active(anon):    1308268 kB
Inactive(anon):    22808 kB
Active(file):     178012 kB
Inactive(file):  1442808 kB
Unevictable:        5620 kB
Mlocked:            5620 kB
SwapTotal:       3145724 kB
SwapFree:        3145724 kB
Dirty:               556 kB
Writeback:             0 kB
AnonPages:       1307328 kB
Mapped:           862604 kB
Shmem:             24916 kB
KReclaimable:     645576 kB
Slab:             220496 kB
SReclaimable:      72216 kB
SUnreclaim:       148280 kB
KernelStack:       49440 kB
PageTables:        66860 kB
NFS_Unstable:          0 kB
Bounce:                0 kB
WritebackTmp:          0 kB
CommitLimit:     9202292 kB
Committed_AS:   75022284 kB
VmallocTotal:   263061440 kB
VmallocUsed:      106520 kB
VmallocChunk:          0 kB
Percpu:             7552 kB
CmaTotal:         294912 kB
CmaFree:               0 kB
MemTotal:       12113136 kB
MemFree:         6495588 kB
MemAvailable:    7893288 kB
Buffers:            4740 kB
Cached:          1645572 kB
SwapCached:            0 kB
Active:          1487148 kB
Inactive:        1465620 kB
Active(anon):    1309132 kB
Inactive(anon):    22808 kB
Active(file):     178016 kB
Inactive(file):  1442812 kB
Unevictable:        5620 kB
Mlocked:            5620 kB
SwapTotal:       3145724 kB
SwapFree:        3145724 kB
Dirty:               564 kB
Writeback:             0 kB
AnonPages:       1308148 kB
Mapped:           862604 kB
Shmem:             24916 kB
KReclaimable:     645576 kB
Slab:             220496 kB
SReclaimable:      72216 kB
SUnreclaim:       148280 kB
KernelStack:       49488 kB
PageTables:        66960 kB
NFS_Unstable:          0 kB
Bounce:                0 kB
WritebackTmp:          0 kB
CommitLimit:     9202292 kB
Committed_AS:   75022668 kB
VmallocTotal:   263061440 kB
VmallocUsed:      106472 kB
VmallocChunk:          0 kB
Percpu:             7552 kB
CmaTotal:         294912 kB
CmaFree:               0 kB
MemTotal:       12113136 kB
MemFree:         6494732 kB
MemAvailable:    7892448 kB
Buffers:            4740 kB
Cached:          1645588 kB
SwapCached:            0 kB
Active:          1487976 kB
Inactive:        1465628 kB
Active(anon):    1309952 kB
Inactive(anon):    22808 kB
Active(file):     178024 kB
Inactive(file):  1442820 kB
Unevictable:        5620 kB
Mlocked:            5620 kB
SwapTotal:       3145724 kB
SwapFree:        3145724 kB
Dirty:               380 kB
Writeback:             0 kB
AnonPages:       1308960 kB
Mapped:           862604 kB
Shmem:             24916 kB
KReclaimable:     645576 kB
Slab:             220504 kB
SReclaimable:      72216 kB
SUnreclaim:       148288 kB
KernelStack:       49456 kB
PageTables:        66860 kB
NFS_Unstable:          0 kB
Bounce:                0 kB
WritebackTmp:          0 kB
CommitLimit:     9202292 kB
Committed_AS:   75017828 kB
VmallocTotal:   263061440 kB
VmallocUsed:      106504 kB
VmallocChunk:          0 kB
Percpu:             7552 kB
CmaTotal:         294912 kB
CmaFree:               0 kB
MemTotal:       12113136 kB
MemFree:         6481632 kB
MemAvailable:    7887384 kB
Buffers:            4760 kB
Cached:          1653052 kB
SwapCached:            0 kB
Active:          1494060 kB
Inactive:        1472880 kB
Active(anon):    1316060 kB
Inactive(anon):    22808 kB
Active(file):     178000 kB
Inactive(file):  1450072 kB
Unevictable:        5620 kB
Mlocked:            5620 kB
SwapTotal:       3145724 kB
SwapFree:        3145724 kB
Dirty:              8136 kB
Writeback:          2076 kB
AnonPages:       1315376 kB
Mapped:           862656 kB
Shmem:             24916 kB
KReclaimable:     646384 kB
Slab:             221312 kB
SReclaimable:      73024 kB
SUnreclaim:       148288 kB
KernelStack:       49472 kB
PageTables:        66780 kB
NFS_Unstable:          0 kB
Bounce:                0 kB
WritebackTmp:          0 kB
CommitLimit:     9202292 kB
Committed_AS:   75008128 kB
VmallocTotal:   263061440 kB
VmallocUsed:      106520 kB
VmallocChunk:          0 kB
Percpu:             7552 kB
CmaTotal:         294912 kB
CmaFree:               0 kB
MemTotal:       12113136 kB
MemFree:         6508452 kB
MemAvailable:    7917472 kB
Buffers:            4760 kB
Cached:          1655704 kB
SwapCached:            0 kB
Active:          1463640 kB
Inactive:        1475844 kB
Active(anon):    1285696 kB
Inactive(anon):    22812 kB
Active(file):     177944 kB
Inactive(file):  1453032 kB
Unevictable:        5620 kB
Mlocked:            5620 kB
SwapTotal:       3145724 kB
SwapFree:        3145724 kB
Dirty:             11276 kB
Writeback:             0 kB
AnonPages:       1284520 kB
Mapped:           862604 kB
Shmem:             24920 kB
KReclaimable:     646748 kB
Slab:             221676 kB
SReclaimable:      73388 kB
SUnreclaim:       148288 kB
KernelStack:       49472 kB
PageTables:        66860 kB
NFS_Unstable:          0 kB
Bounce:                0 kB
WritebackTmp:          0 kB
CommitLimit:     9202292 kB
Committed_AS:   75013880 kB
VmallocTotal:   263061440 kB
VmallocUsed:      106472 kB
VmallocChunk:          0 kB
Percpu:             7552 kB
CmaTotal:         294912 kB
CmaFree:               0 kB
MemTotal:       12113136 kB
MemFree:         6507868 kB
MemAvailable:    7916888 kB
Buffers:            4760 kB
Cached:          1655704 kB
SwapCached:            0 kB
Active:          1464092 kB
Inactive:        1475844 kB
Active(anon):    1286148 kB
Inactive(anon):    22812 kB
Active(file):     177944 kB
Inactive(file):  1453032 kB
Unevictable:        5620 kB
Mlocked:            5620 kB
SwapTotal:       3145724 kB
SwapFree:        3145724 kB
Dirty:             11276 kB
Writeback:             0 kB
AnonPages:       1285372 kB
Mapped:           862796 kB
Shmem:             24920 kB
KReclaimable:     646748 kB
Slab:             221676 kB
SReclaimable:      73388 kB
SUnreclaim:       148288 kB
KernelStack:       49472 kB
PageTables:        66948 kB
NFS_Unstable:          0 kB
Bounce:                0 kB
WritebackTmp:          0 kB
CommitLimit:     9202292 kB
Committed_AS:   75012940 kB
VmallocTotal:   263061440 kB
VmallocUsed:      106520 kB
VmallocChunk:          0 kB
Percpu:             7552 kB
CmaTotal:         294912 kB
CmaFree:               0 kB
MemTotal:       12113136 kB
MemFree:         6506592 kB
MemAvailable:    7915696 kB
Buffers:            4764 kB
Cached:          1655784 kB
SwapCached:            0 kB
Active:          1464456 kB
Inactive:        1475916 kB
Active(anon):    1286500 kB
Inactive(anon):    22816 kB
Active(file):     177956 kB
Inactive(file):  1453100 kB
Unevictable:        5620 kB
Mlocked:            5620 kB
SwapTotal:       3145724 kB
SwapFree:        3145724 kB
Dirty:               648 kB
Writeback:             0 kB
AnonPages:       1285488 kB
Mapped:           862612 kB
Shmem:             24924 kB
KReclaimable:     646752 kB
Slab:             221680 kB
SReclaimable:      73392 kB
SUnreclaim:       148288 kB
KernelStack:       49472 kB
PageTables:        66864 kB
NFS_Unstable:          0 kB
Bounce:                0 kB
WritebackTmp:          0 kB
CommitLimit:     9202292 kB
Committed_AS:   75017852 kB
VmallocTotal:   263061440 kB
VmallocUsed:      106568 kB
VmallocChunk:          0 kB
Percpu:             7552 kB
CmaTotal:         294912 kB
CmaFree:               0 kB
MemTotal:       12113136 kB
MemFree:         6506088 kB
MemAvailable:    7915200 kB
Buffers:            4764 kB
Cached:          1655792 kB
SwapCached:            0 kB
Active:          1465564 kB
Inactive:        1475924 kB
Active(anon):    1287608 kB
Inactive(anon):    22816 kB
Active(file):     177956 kB
Inactive(file):  1453108 kB
Unevictable:        5620 kB
Mlocked:            5620 kB
SwapTotal:       3145724 kB
SwapFree:        3145724 kB
Dirty:               660 kB
Writeback:             0 kB
AnonPages:       1286336 kB
Mapped:           862744 kB
Shmem:             24924 kB
KReclaimable:     646752 kB
Slab:             221680 kB
SReclaimable:      73392 kB
SUnreclaim:       148288 kB
KernelStack:       49520 kB
PageTables:        66960 kB
NFS_Unstable:          0 kB
Bounce:                0 kB
WritebackTmp:          0 kB
CommitLimit:     9202292 kB
Committed_AS:   75021968 kB
VmallocTotal:   263061440 kB
VmallocUsed:      106568 kB
VmallocChunk:          0 kB
Percpu:             7552 kB
CmaTotal:         294912 kB
CmaFree:               0 kB
MemTotal:       12113136 kB
MemFree:         6525904 kB
MemAvailable:    7935036 kB
Buffers:            4764 kB
Cached:          1655812 kB
SwapCached:            0 kB
Active:          1443512 kB
Inactive:        1475944 kB
Active(anon):    1265556 kB
Inactive(anon):    22820 kB
Active(file):     177956 kB
Inactive(file):  1453124 kB
Unevictable:        5620 kB
Mlocked:            5620 kB
SwapTotal:       3145724 kB
SwapFree:        3145724 kB
Dirty:               644 kB
Writeback:             0 kB
AnonPages:       1264520 kB
Mapped:           862616 kB
Shmem:             24928 kB
KReclaimable:     646756 kB
Slab:             221684 kB
SReclaimable:      73396 kB
SUnreclaim:       148288 kB
KernelStack:       49472 kB
PageTables:        66864 kB
NFS_Unstable:          0 kB
Bounce:                0 kB
WritebackTmp:          0 kB
CommitLimit:     9202292 kB
Committed_AS:   75021836 kB
VmallocTotal:   263061440 kB
VmallocUsed:      106568 kB
VmallocChunk:          0 kB
Percpu:             7552 kB
CmaTotal:         294912 kB
CmaFree:               0 kB
MemTotal:       12113136 kB
MemFree:         6525848 kB
MemAvailable:    7934992 kB
Buffers:            4764 kB
Cached:          1655824 kB
SwapCached:            0 kB
Active:          1444076 kB
Inactive:        1475956 kB
Active(anon):    1266120 kB
Inactive(anon):    22820 kB
Active(file):     177956 kB
Inactive(file):  1453136 kB
Unevictable:        5620 kB
Mlocked:            5620 kB
SwapTotal:       3145724 kB
SwapFree:        3145724 kB
Dirty:               660 kB
Writeback:             0 kB
AnonPages:       1265124 kB
Mapped:           862724 kB
Shmem:             24928 kB
KReclaimable:     646756 kB
Slab:             221676 kB
SReclaimable:      73396 kB
SUnreclaim:       148280 kB
KernelStack:       49520 kB
PageTables:        66960 kB
NFS_Unstable:          0 kB
Bounce:                0 kB
WritebackTmp:          0 kB
CommitLimit:     9202292 kB
Committed_AS:   75011256 kB
VmallocTotal:   263061440 kB
VmallocUsed:      106536 kB
VmallocChunk:          0 kB
Percpu:             7552 kB
CmaTotal:         294912 kB
CmaFree:               0 kB
MemTotal:       12113136 kB
MemFree:         6524844 kB
MemAvailable:    7934016 kB
Buffers:            4764 kB
Cached:          1655860 kB
SwapCached:            0 kB
Active:          1444896 kB
Inactive:        1475992 kB
Active(anon):    1266940 kB
Inactive(anon):    22828 kB
Active(file):     177956 kB
Inactive(file):  1453164 kB
Unevictable:        5620 kB
Mlocked:            5620 kB
SwapTotal:       3145724 kB
SwapFree:        3145724 kB
Dirty:               704 kB
Writeback:             0 kB
AnonPages:       1265900 kB
Mapped:           862624 kB
Shmem:             24936 kB
KReclaimable:     646756 kB
Slab:             221676 kB
SReclaimable:      73396 kB
SUnreclaim:       148280 kB
KernelStack:       49472 kB
PageTables:        66872 kB
NFS_Unstable:          0 kB
Bounce:                0 kB
WritebackTmp:          0 kB
CommitLimit:     9202292 kB
Committed_AS:   75023684 kB
VmallocTotal:   263061440 kB
VmallocUsed:      106552 kB
VmallocChunk:          0 kB
Percpu:             7552 kB
CmaTotal:         294912 kB
CmaFree:               0 kB
MemTotal:       12113136 kB
MemFree:         6524648 kB
MemAvailable:    7933820 kB
Buffers:            4764 kB
Cached:          1655860 kB
SwapCached:            0 kB
Active:          1445628 kB
Inactive:        1475992 kB
Active(anon):    1267672 kB
Inactive(anon):    22828 kB
Active(file):     177956 kB
Inactive(file):  1453164 kB
Unevictable:        5620 kB
Mlocked:            5620 kB
SwapTotal:       3145724 kB
SwapFree:        3145724 kB
Dirty:               720 kB
Writeback:             0 kB
AnonPages:       1266368 kB
Mapped:           862784 kB
Shmem:             24936 kB
KReclaimable:     646756 kB
Slab:             221684 kB
SReclaimable:      73396 kB
SUnreclaim:       148288 kB
KernelStack:       49508 kB
PageTables:        67180 kB
NFS_Unstable:          0 kB
Bounce:                0 kB
WritebackTmp:          0 kB
CommitLimit:     9202292 kB
Committed_AS:   75023288 kB
VmallocTotal:   263061440 kB
VmallocUsed:      106552 kB
VmallocChunk:          0 kB
Percpu:             7552 kB
CmaTotal:         294912 kB
CmaFree:              12 kB
MemTotal:       12113136 kB
MemFree:         6524108 kB
MemAvailable:    7933296 kB
Buffers:            4764 kB
Cached:          1655876 kB
SwapCached:            0 kB
Active:          1446332 kB
Inactive:        1476008 kB
Active(anon):    1268376 kB
Inactive(anon):    22828 kB
Active(file):     177956 kB
Inactive(file):  1453180 kB
Unevictable:        5620 kB
Mlocked:            5620 kB
SwapTotal:       3145724 kB
SwapFree:        3145724 kB
Dirty:               756 kB
Writeback:             0 kB
AnonPages:       1267372 kB
Mapped:           862624 kB
Shmem:             24936 kB
KReclaimable:     646756 kB
Slab:             221676 kB
SReclaimable:      73396 kB
SUnreclaim:       148280 kB
KernelStack:       49472 kB
PageTables:        66868 kB
NFS_Unstable:          0 kB
Bounce:                0 kB
WritebackTmp:          0 kB
CommitLimit:     9202292 kB
Committed_AS:   75017868 kB
VmallocTotal:   263061440 kB
VmallocUsed:      106568 kB
VmallocChunk:          0 kB
Percpu:             7552 kB
CmaTotal:         294912 kB
CmaFree:               0 kB
MemTotal:       12113136 kB
MemFree:         6522720 kB
MemAvailable:    7931916 kB
Buffers:            4764 kB
Cached:          1655884 kB
SwapCached:            0 kB
Active:          1447248 kB
Inactive:        1476016 kB
Active(anon):    1269292 kB
Inactive(anon):    22828 kB
Active(file):     177956 kB
Inactive(file):  1453188 kB
Unevictable:        5620 kB
Mlocked:            5620 kB
SwapTotal:       3145724 kB
SwapFree:        3145724 kB
Dirty:               764 kB
Writeback:             0 kB
AnonPages:       1268068 kB
Mapped:           862672 kB
Shmem:             24936 kB
KReclaimable:     646756 kB
Slab:             221676 kB
SReclaimable:      73396 kB
SUnreclaim:       148280 kB
KernelStack:       49492 kB
PageTables:        67116 kB
NFS_Unstable:          0 kB
Bounce:                0 kB
WritebackTmp:          0 kB
CommitLimit:     9202292 kB
Committed_AS:   75020272 kB
VmallocTotal:   263061440 kB
VmallocUsed:      106584 kB
VmallocChunk:          0 kB
Percpu:             7552 kB
CmaTotal:         294912 kB
CmaFree:               0 kB
MemTotal:       12113136 kB
MemFree:         6522936 kB
MemAvailable:    7932148 kB
Buffers:            4764 kB
Cached:          1655900 kB
SwapCached:            0 kB
Active:          1447952 kB
Inactive:        1476032 kB
Active(anon):    1269996 kB
Inactive(anon):    22828 kB
Active(file):     177956 kB
Inactive(file):  1453204 kB
Unevictable:        5620 kB
Mlocked:            5620 kB
SwapTotal:       3145724 kB
SwapFree:        3145724 kB
Dirty:               796 kB
Writeback:             0 kB
AnonPages:       1269032 kB
Mapped:           862624 kB
Shmem:             24936 kB
KReclaimable:     646756 kB
Slab:             221676 kB
SReclaimable:      73396 kB
SUnreclaim:       148280 kB
KernelStack:       49472 kB
PageTables:        66868 kB
NFS_Unstable:          0 kB
Bounce:                0 kB
WritebackTmp:          0 kB
CommitLimit:     9202292 kB
Committed_AS:   75014740 kB
VmallocTotal:   263061440 kB
VmallocUsed:      106584 kB
VmallocChunk:          0 kB
Percpu:             7552 kB
CmaTotal:         294912 kB
CmaFree:               0 kB
MemTotal:       12113136 kB
MemFree:         6520460 kB
MemAvailable:    7929676 kB
Buffers:            4764 kB
Cached:          1655904 kB
SwapCached:            0 kB
Active:          1448600 kB
Inactive:        1476036 kB
Active(anon):    1270644 kB
Inactive(anon):    22828 kB
Active(file):     177956 kB
Inactive(file):  1453208 kB
Unevictable:        5620 kB
Mlocked:            5620 kB
SwapTotal:       3145724 kB
SwapFree:        3145724 kB
Dirty:               796 kB
Writeback:             0 kB
AnonPages:       1269712 kB
Mapped:           862832 kB
Shmem:             24936 kB
KReclaimable:     646756 kB
Slab:             221684 kB
SReclaimable:      73396 kB
SUnreclaim:       148288 kB
KernelStack:       49492 kB
PageTables:        67000 kB
NFS_Unstable:          0 kB
Bounce:                0 kB
WritebackTmp:          0 kB
CommitLimit:     9202292 kB
Committed_AS:   75013856 kB
VmallocTotal:   263061440 kB
VmallocUsed:      106552 kB
VmallocChunk:          0 kB
Percpu:             7552 kB
CmaTotal:         294912 kB
CmaFree:               0 kB
MemTotal:       12113136 kB
MemFree:         6521460 kB
MemAvailable:    7930744 kB
Buffers:            4772 kB
Cached:          1655944 kB
SwapCached:            0 kB
Active:          1449172 kB
Inactive:        1476068 kB
Active(anon):    1271200 kB
Inactive(anon):    22828 kB
Active(file):     177972 kB
Inactive(file):  1453240 kB
Unevictable:        5620 kB
Mlocked:            5620 kB
SwapTotal:       3145724 kB
SwapFree:        3145724 kB
Dirty:               752 kB
Writeback:             0 kB
AnonPages:       1270232 kB
Mapped:           862624 kB
Shmem:             24936 kB
KReclaimable:     646776 kB
Slab:             221696 kB
SReclaimable:      73416 kB
SUnreclaim:       148280 kB
KernelStack:       49504 kB
PageTables:        66884 kB
NFS_Unstable:          0 kB
Bounce:                0 kB
WritebackTmp:          0 kB
CommitLimit:     9202292 kB
Committed_AS:   75017228 kB
VmallocTotal:   263061440 kB
VmallocUsed:      106552 kB
VmallocChunk:          0 kB
Percpu:             7552 kB
CmaTotal:         294912 kB
CmaFree:               0 kB
MemTotal:       12113136 kB
MemFree:         6520940 kB
MemAvailable:    7930224 kB
Buffers:            4772 kB
Cached:          1655944 kB
SwapCached:            0 kB
Active:          1450416 kB
Inactive:        1476068 kB
Active(anon):    1272444 kB
Inactive(anon):    22828 kB
Active(file):     177972 kB
Inactive(file):  1453240 kB
Unevictable:        5620 kB
Mlocked:            5620 kB
SwapTotal:       3145724 kB
SwapFree:        3145724 kB
Dirty:               752 kB
Writeback:             0 kB
AnonPages:       1271380 kB
Mapped:           862884 kB
Shmem:             24936 kB
KReclaimable:     646776 kB
Slab:             221704 kB
SReclaimable:      73416 kB
SUnreclaim:       148288 kB
KernelStack:       49504 kB
PageTables:        66888 kB
NFS_Unstable:          0 kB
Bounce:                0 kB
WritebackTmp:          0 kB
CommitLimit:     9202292 kB
Committed_AS:   75017140 kB
VmallocTotal:   263061440 kB
VmallocUsed:      106536 kB
VmallocChunk:          0 kB
Percpu:             7552 kB
CmaTotal:         294912 kB
CmaFree:               0 kB
MemTotal:       12113136 kB
MemFree:         6519708 kB
MemAvailable:    7929020 kB
Buffers:            4772 kB
Cached:          1655980 kB
SwapCached:            0 kB
Active:          1451076 kB
Inactive:        1476100 kB
Active(anon):    1273100 kB
Inactive(anon):    22836 kB
Active(file):     177976 kB
Inactive(file):  1453264 kB
Unevictable:        5620 kB
Mlocked:            5620 kB
SwapTotal:       3145724 kB
SwapFree:        3145724 kB
Dirty:               844 kB
Writeback:             0 kB
AnonPages:       1272092 kB
Mapped:           862632 kB
Shmem:             24944 kB
KReclaimable:     646776 kB
Slab:             221696 kB
SReclaimable:      73416 kB
SUnreclaim:       148280 kB
KernelStack:       49472 kB
PageTables:        66868 kB
NFS_Unstable:          0 kB
Bounce:                0 kB
WritebackTmp:          0 kB
CommitLimit:     9202292 kB
Committed_AS:   75016568 kB
VmallocTotal:   263061440 kB
VmallocUsed:      106520 kB
VmallocChunk:          0 kB
Percpu:             7552 kB
CmaTotal:         294912 kB
CmaFree:               0 kB
MemTotal:       12113136 kB
MemFree:         6518712 kB
MemAvailable:    7927996 kB
Buffers:            4772 kB
Cached:          1655952 kB
SwapCached:            0 kB
Active:          1452184 kB
Inactive:        1476076 kB
Active(anon):    1274212 kB
Inactive(anon):    22836 kB
Active(file):     177972 kB
Inactive(file):  1453240 kB
Unevictable:        5620 kB
Mlocked:            5620 kB
SwapTotal:       3145724 kB
SwapFree:        3145724 kB
Dirty:               836 kB
Writeback:             0 kB
AnonPages:       1273128 kB
Mapped:           862892 kB
Shmem:             24944 kB
KReclaimable:     646776 kB
Slab:             221712 kB
SReclaimable:      73416 kB
SUnreclaim:       148296 kB
KernelStack:       49472 kB
PageTables:        66816 kB
NFS_Unstable:          0 kB
Bounce:                0 kB
WritebackTmp:          0 kB
CommitLimit:     9202292 kB
Committed_AS:   75016392 kB
VmallocTotal:   263061440 kB
VmallocUsed:      106504 kB
VmallocChunk:          0 kB
Percpu:             7552 kB
CmaTotal:         294912 kB
CmaFree:               0 kB
MemTotal:       12113136 kB
MemFree:         6518196 kB
MemAvailable:    7927524 kB
Buffers:            4772 kB
Cached:          1655996 kB
SwapCached:            0 kB
Active:          1452624 kB
Inactive:        1476116 kB
Active(anon):    1274648 kB
Inactive(anon):    22836 kB
Active(file):     177976 kB
Inactive(file):  1453280 kB
Unevictable:        5620 kB
Mlocked:            5620 kB
SwapTotal:       3145724 kB
SwapFree:        3145724 kB
Dirty:               880 kB
Writeback:             0 kB
AnonPages:       1273648 kB
Mapped:           862632 kB
Shmem:             24944 kB
KReclaimable:     646776 kB
Slab:             221696 kB
SReclaimable:      73416 kB
SUnreclaim:       148280 kB
KernelStack:       49472 kB
PageTables:        66868 kB
NFS_Unstable:          0 kB
Bounce:                0 kB
WritebackTmp:          0 kB
CommitLimit:     9202292 kB
Committed_AS:   75016180 kB
VmallocTotal:   263061440 kB
VmallocUsed:      106520 kB
VmallocChunk:          0 kB
Percpu:             7552 kB
CmaTotal:         294912 kB
CmaFree:               0 kB
MemTotal:       12113136 kB
MemFree:         6517440 kB
MemAvailable:    7926772 kB
Buffers:            4772 kB
Cached:          1656076 kB
SwapCached:            0 kB
Active:          1453304 kB
Inactive:        1476196 kB
Active(anon):    1275328 kB
Inactive(anon):    22912 kB
Active(file):     177976 kB
Inactive(file):  1453284 kB
Unevictable:        5620 kB
Mlocked:            5620 kB
SwapTotal:       3145724 kB
SwapFree:        3145724 kB
Dirty:               884 kB
Writeback:             0 kB
AnonPages:       1274272 kB
Mapped:           862836 kB
Shmem:             25020 kB
KReclaimable:     646776 kB
Slab:             221696 kB
SReclaimable:      73416 kB
SUnreclaim:       148280 kB
KernelStack:       49524 kB
PageTables:        67164 kB
NFS_Unstable:          0 kB
Bounce:                0 kB
WritebackTmp:          0 kB
CommitLimit:     9202292 kB
Committed_AS:   75022956 kB
VmallocTotal:   263061440 kB
VmallocUsed:      106504 kB
VmallocChunk:          0 kB
Percpu:             7552 kB
CmaTotal:         294912 kB
CmaFree:               0 kB
MemTotal:       12113136 kB
MemFree:         6516296 kB
MemAvailable:    7925660 kB
Buffers:            4772 kB
Cached:          1656144 kB
SwapCached:            0 kB
Active:          1454572 kB
Inactive:        1476260 kB
Active(anon):    1276592 kB
Inactive(anon):    22952 kB
Active(file):     177980 kB
Inactive(file):  1453308 kB
Unevictable:        5620 kB
Mlocked:            5620 kB
SwapTotal:       3145724 kB
SwapFree:        3145724 kB
Dirty:               908 kB
Writeback:             0 kB
AnonPages:       1275564 kB
Mapped:           862748 kB
Shmem:             25060 kB
KReclaimable:     646780 kB
Slab:             221708 kB
SReclaimable:      73420 kB
SUnreclaim:       148288 kB
KernelStack:       49472 kB
PageTables:        66876 kB
NFS_Unstable:          0 kB
Bounce:                0 kB
WritebackTmp:          0 kB
CommitLimit:     9202292 kB
Committed_AS:   75018208 kB
VmallocTotal:   263061440 kB
VmallocUsed:      106504 kB
VmallocChunk:          0 kB
Percpu:             7552 kB
CmaTotal:         294912 kB
CmaFree:               0 kB
MemTotal:       12113136 kB
MemFree:         6514368 kB
MemAvailable:    7923740 kB
Buffers:            4772 kB
Cached:          1656160 kB
SwapCached:            0 kB
Active:          1455072 kB
Inactive:        1476272 kB
Active(anon):    1277088 kB
Inactive(anon):    22960 kB
Active(file):     177984 kB
Inactive(file):  1453312 kB
Unevictable:        5620 kB
Mlocked:            5620 kB
SwapTotal:       3145724 kB
SwapFree:        3145724 kB
Dirty:               932 kB
Writeback:             0 kB
AnonPages:       1276212 kB
Mapped:           862648 kB
Shmem:             25068 kB
KReclaimable:     646780 kB
Slab:             221716 kB
SReclaimable:      73420 kB
SUnreclaim:       148296 kB
KernelStack:       49440 kB
PageTables:        66844 kB
NFS_Unstable:          0 kB
Bounce:                0 kB
WritebackTmp:          0 kB
CommitLimit:     9202292 kB
Committed_AS:   75015644 kB
VmallocTotal:   263061440 kB
VmallocUsed:      106552 kB
VmallocChunk:          0 kB
Percpu:             7552 kB
CmaTotal:         294912 kB
CmaFree:               0 kB
MemTotal:       12113136 kB
MemFree:         6499260 kB
MemAvailable:    7908644 kB
Buffers:            4772 kB
Cached:          1656172 kB
SwapCached:            0 kB
Active:          1474352 kB
Inactive:        1476276 kB
Active(anon):    1296360 kB
Inactive(anon):    22960 kB
Active(file):     177992 kB
Inactive(file):  1453316 kB
Unevictable:        5620 kB
Mlocked:            5620 kB
SwapTotal:       3145724 kB
SwapFree:        3145724 kB
Dirty:               948 kB
Writeback:             0 kB
AnonPages:       1295216 kB
Mapped:           862756 kB
Shmem:             25068 kB
KReclaimable:     646780 kB
Slab:             221700 kB
SReclaimable:      73420 kB
SUnreclaim:       148280 kB
KernelStack:       49504 kB
PageTables:        66876 kB
NFS_Unstable:          0 kB
Bounce:                0 kB
WritebackTmp:          0 kB
CommitLimit:     9202292 kB
Committed_AS:   75023628 kB
VmallocTotal:   263061440 kB
VmallocUsed:      106584 kB
VmallocChunk:          0 kB
Percpu:             7552 kB
CmaTotal:         294912 kB
CmaFree:               0 kB
MemTotal:       12113136 kB
MemFree:         6488556 kB
MemAvailable:    7898004 kB
Buffers:            4772 kB
Cached:          1656204 kB
SwapCached:            0 kB
Active:          1483844 kB
Inactive:        1476308 kB
Active(anon):    1305852 kB
Inactive(anon):    22960 kB
Active(file):     177992 kB
Inactive(file):  1453348 kB
Unevictable:        5620 kB
Mlocked:            5620 kB
SwapTotal:       3145724 kB
SwapFree:        3145724 kB
Dirty:               996 kB
Writeback:             0 kB
AnonPages:       1304576 kB
Mapped:           862908 kB
Shmem:             25068 kB
KReclaimable:     646812 kB
Slab:             221732 kB
SReclaimable:      73452 kB
SUnreclaim:       148280 kB
KernelStack:       49552 kB
PageTables:        66972 kB
NFS_Unstable:          0 kB
Bounce:                0 kB
WritebackTmp:          0 kB
CommitLimit:     9202292 kB
Committed_AS:   75023076 kB
VmallocTotal:   263061440 kB
VmallocUsed:      106584 kB
VmallocChunk:          0 kB
Percpu:             7552 kB
CmaTotal:         294912 kB
CmaFree:               0 kB
MemTotal:       12113136 kB
MemFree:         6487952 kB
MemAvailable:    7897412 kB
Buffers:            4772 kB
Cached:          1656216 kB
SwapCached:            0 kB
Active:          1484184 kB
Inactive:        1476320 kB
Active(anon):    1306192 kB
Inactive(anon):    22960 kB
Active(file):     177992 kB
Inactive(file):  1453360 kB
Unevictable:        5620 kB
Mlocked:            5620 kB
SwapTotal:       3145724 kB
SwapFree:        3145724 kB
Dirty:              1036 kB
Writeback:             0 kB
AnonPages:       1305284 kB
Mapped:           862760 kB
Shmem:             25068 kB
KReclaimable:     646812 kB
Slab:             221764 kB
SReclaimable:      73452 kB
SUnreclaim:       148312 kB
KernelStack:       49504 kB
PageTables:        66880 kB
NFS_Unstable:          0 kB
Bounce:                0 kB
WritebackTmp:          0 kB
CommitLimit:     9202292 kB
Committed_AS:   75029904 kB
VmallocTotal:   263061440 kB
VmallocUsed:      106568 kB
VmallocChunk:          0 kB
Percpu:             7552 kB
CmaTotal:         294912 kB
CmaFree:               0 kB
MemTotal:       12113136 kB
MemFree:         6486928 kB
MemAvailable:    7896388 kB
Buffers:            4772 kB
Cached:          1656216 kB
SwapCached:            0 kB
Active:          1485236 kB
Inactive:        1476320 kB
Active(anon):    1307244 kB
Inactive(anon):    22960 kB
Active(file):     177992 kB
Inactive(file):  1453360 kB
Unevictable:        5620 kB
Mlocked:            5620 kB
SwapTotal:       3145724 kB
SwapFree:        3145724 kB
Dirty:              1040 kB
Writeback:             0 kB
AnonPages:       1306056 kB
Mapped:           863024 kB
Shmem:             25068 kB
KReclaimable:     646812 kB
Slab:             221732 kB
SReclaimable:      73452 kB
SUnreclaim:       148280 kB
KernelStack:       49556 kB
PageTables:        67292 kB
NFS_Unstable:          0 kB
Bounce:                0 kB
WritebackTmp:          0 kB
CommitLimit:     9202292 kB
Committed_AS:   75029688 kB
VmallocTotal:   263061440 kB
VmallocUsed:      106600 kB
VmallocChunk:          0 kB
Percpu:             7552 kB
CmaTotal:         294912 kB
CmaFree:               0 kB
MemTotal:       12113136 kB
MemFree:         6484976 kB
MemAvailable:    7894460 kB
Buffers:            4772 kB
Cached:          1656252 kB
SwapCached:            0 kB
Active:          1486284 kB
Inactive:        1476352 kB
Active(anon):    1308288 kB
Inactive(anon):    22972 kB
Active(file):     177996 kB
Inactive(file):  1453380 kB
Unevictable:        5620 kB
Mlocked:            5620 kB
SwapTotal:       3145724 kB
SwapFree:        3145724 kB
Dirty:              1064 kB
Writeback:             0 kB
AnonPages:       1307280 kB
Mapped:           862772 kB
Shmem:             25080 kB
KReclaimable:     646812 kB
Slab:             221724 kB
SReclaimable:      73452 kB
SUnreclaim:       148272 kB
KernelStack:       49504 kB
PageTables:        66880 kB
NFS_Unstable:          0 kB
Bounce:                0 kB
WritebackTmp:          0 kB
CommitLimit:     9202292 kB
Committed_AS:   75026632 kB
VmallocTotal:   263061440 kB
VmallocUsed:      106600 kB
VmallocChunk:          0 kB
Percpu:             7552 kB
CmaTotal:         294912 kB
CmaFree:               0 kB
MemTotal:       12113136 kB
MemFree:         6492212 kB
MemAvailable:    7901704 kB
Buffers:            4772 kB
Cached:          1656260 kB
SwapCached:            0 kB
Active:          1477808 kB
Inactive:        1476360 kB
Active(anon):    1299812 kB
Inactive(anon):    22972 kB
Active(file):     177996 kB
Inactive(file):  1453388 kB
Unevictable:        5620 kB
Mlocked:            5620 kB
SwapTotal:       3145724 kB
SwapFree:        3145724 kB
Dirty:              1088 kB
Writeback:             0 kB
AnonPages:       1298916 kB
Mapped:           862964 kB
Shmem:             25080 kB
KReclaimable:     646812 kB
Slab:             221732 kB
SReclaimable:      73452 kB
SUnreclaim:       148280 kB
KernelStack:       49488 kB
PageTables:        66856 kB
NFS_Unstable:          0 kB
Bounce:                0 kB
WritebackTmp:          0 kB
CommitLimit:     9202292 kB
Committed_AS:   75027036 kB
VmallocTotal:   263061440 kB
VmallocUsed:      106552 kB
VmallocChunk:          0 kB
Percpu:             7552 kB
CmaTotal:         294912 kB
CmaFree:               0 kB
MemTotal:       12113136 kB
MemFree:         6490912 kB
MemAvailable:    7900548 kB
Buffers:            4776 kB
Cached:          1656400 kB
SwapCached:            0 kB
Active:          1478656 kB
Inactive:        1476500 kB
Active(anon):    1300656 kB
Inactive(anon):    22972 kB
Active(file):     178000 kB
Inactive(file):  1453528 kB
Unevictable:        5620 kB
Mlocked:            5620 kB
SwapTotal:       3145724 kB
SwapFree:        3145724 kB
Dirty:               968 kB
Writeback:             0 kB
AnonPages:       1299632 kB
Mapped:           862880 kB
Shmem:             25080 kB
KReclaimable:     646812 kB
Slab:             221740 kB
SReclaimable:      73452 kB
SUnreclaim:       148288 kB
KernelStack:       49504 kB
PageTables:        66868 kB
NFS_Unstable:          0 kB
Bounce:                0 kB
WritebackTmp:          0 kB
CommitLimit:     9202292 kB
Committed_AS:   75017376 kB
VmallocTotal:   263061440 kB
VmallocUsed:      106600 kB
VmallocChunk:          0 kB
Percpu:             7552 kB
CmaTotal:         294912 kB
CmaFree:               0 kB
MemTotal:       12113136 kB
MemFree:         6489696 kB
MemAvailable:    7899340 kB
Buffers:            4776 kB
Cached:          1656408 kB
SwapCached:            0 kB
Active:          1478920 kB
Inactive:        1476508 kB
Active(anon):    1300920 kB
Inactive(anon):    22972 kB
Active(file):     178000 kB
Inactive(file):  1453536 kB
Unevictable:        5620 kB
Mlocked:            5620 kB
SwapTotal:       3145724 kB
SwapFree:        3145724 kB
Dirty:               980 kB
Writeback:             0 kB
AnonPages:       1299920 kB
Mapped:           862964 kB
Shmem:             25080 kB
KReclaimable:     646812 kB
Slab:             221732 kB
SReclaimable:      73452 kB
SUnreclaim:       148280 kB
KernelStack:       49556 kB
PageTables:        67156 kB
NFS_Unstable:          0 kB
Bounce:                0 kB
WritebackTmp:          0 kB
CommitLimit:     9202292 kB
Committed_AS:   75020856 kB
VmallocTotal:   263061440 kB
VmallocUsed:      106600 kB
VmallocChunk:          0 kB
Percpu:             7552 kB
CmaTotal:         294912 kB
CmaFree:               0 kB
MemTotal:       12113136 kB
MemFree:         6497204 kB
MemAvailable:    7906872 kB
Buffers:            4776 kB
Cached:          1656440 kB
SwapCached:            0 kB
Active:          1472936 kB
Inactive:        1476536 kB
Active(anon):    1294932 kB
Inactive(anon):    22980 kB
Active(file):     178004 kB
Inactive(file):  1453556 kB
Unevictable:        5620 kB
Mlocked:            5620 kB
SwapTotal:       3145724 kB
SwapFree:        3145724 kB
Dirty:               380 kB
Writeback:             0 kB
AnonPages:       1293884 kB
Mapped:           862780 kB
Shmem:             25088 kB
KReclaimable:     646812 kB
Slab:             221732 kB
SReclaimable:      73452 kB
SUnreclaim:       148280 kB
KernelStack:       49504 kB
PageTables:        66888 kB
NFS_Unstable:          0 kB
Bounce:                0 kB
WritebackTmp:          0 kB
CommitLimit:     9202292 kB
Committed_AS:   75021616 kB
VmallocTotal:   263061440 kB
VmallocUsed:      106568 kB
VmallocChunk:          0 kB
Percpu:             7552 kB
CmaTotal:         294912 kB
CmaFree:               0 kB
MemTotal:       12113136 kB
MemFree:         6496988 kB
MemAvailable:    7906664 kB
Buffers:            4776 kB
Cached:          1656448 kB
SwapCached:            0 kB
Active:          1473752 kB
Inactive:        1476540 kB
Active(anon):    1295744 kB
Inactive(anon):    22980 kB
Active(file):     178008 kB
Inactive(file):  1453560 kB
Unevictable:        5620 kB
Mlocked:            5620 kB
SwapTotal:       3145724 kB
SwapFree:        3145724 kB
Dirty:               400 kB
Writeback:             0 kB
AnonPages:       1294508 kB
Mapped:           862860 kB
Shmem:             25088 kB
KReclaimable:     646812 kB
Slab:             221732 kB
SReclaimable:      73452 kB
SUnreclaim:       148280 kB
KernelStack:       49588 kB
PageTables:        67160 kB
NFS_Unstable:          0 kB
Bounce:                0 kB
WritebackTmp:          0 kB
CommitLimit:     9202292 kB
Committed_AS:   75009524 kB
VmallocTotal:   263061440 kB
VmallocUsed:      106584 kB
VmallocChunk:          0 kB
Percpu:             7552 kB
CmaTotal:         294912 kB
CmaFree:             128 kB
MemTotal:       12113136 kB
MemFree:         6508452 kB
MemAvailable:    7917956 kB
Buffers:            4776 kB
Cached:          1656496 kB
SwapCached:            0 kB
Active:          1474376 kB
Inactive:        1476584 kB
Active(anon):    1296364 kB
Inactive(anon):    22980 kB
Active(file):     178012 kB
Inactive(file):  1453604 kB
Unevictable:        5620 kB
Mlocked:            5620 kB
SwapTotal:       3145724 kB
SwapFree:        3145724 kB
Dirty:               444 kB
Writeback:             0 kB
AnonPages:       1295372 kB
Mapped:           862780 kB
Shmem:             25088 kB
KReclaimable:     646592 kB
Slab:             221520 kB
SReclaimable:      73232 kB
SUnreclaim:       148288 kB
KernelStack:       49504 kB
PageTables:        66888 kB
NFS_Unstable:          0 kB
Bounce:                0 kB
WritebackTmp:          0 kB
CommitLimit:     9202292 kB
Committed_AS:   75023112 kB
VmallocTotal:   263061440 kB
VmallocUsed:      106584 kB
VmallocChunk:          0 kB
Percpu:             7552 kB
CmaTotal:         294912 kB
CmaFree:               0 kB
MemTotal:       12113136 kB
MemFree:         6507968 kB
MemAvailable:    7917580 kB
Buffers:            4776 kB
Cached:          1656604 kB
SwapCached:            0 kB
Active:          1475144 kB
Inactive:        1476692 kB
Active(anon):    1297132 kB
Inactive(anon):    22980 kB
Active(file):     178012 kB
Inactive(file):  1453712 kB
Unevictable:        5620 kB
Mlocked:            5620 kB
SwapTotal:       3145724 kB
SwapFree:        3145724 kB
Dirty:               464 kB
Writeback:             0 kB
AnonPages:       1296184 kB
Mapped:           862896 kB
Shmem:             25088 kB
KReclaimable:     646592 kB
Slab:             221520 kB
SReclaimable:      73232 kB
SUnreclaim:       148288 kB
KernelStack:       49552 kB
PageTables:        66964 kB
NFS_Unstable:          0 kB
Bounce:                0 kB
WritebackTmp:          0 kB
CommitLimit:     9202292 kB
Committed_AS:   75018964 kB
VmallocTotal:   263061440 kB
VmallocUsed:      106568 kB
VmallocChunk:          0 kB
Percpu:             7552 kB
CmaTotal:         294912 kB
CmaFree:               0 kB
MemTotal:       12113136 kB
MemFree:         6506748 kB
MemAvailable:    7916380 kB
Buffers:            4776 kB
Cached:          1656628 kB
SwapCached:            0 kB
Active:          1475768 kB
Inactive:        1476716 kB
Active(anon):    1297756 kB
Inactive(anon):    22984 kB
Active(file):     178012 kB
Inactive(file):  1453732 kB
Unevictable:        5620 kB
Mlocked:            5620 kB
SwapTotal:       3145724 kB
SwapFree:        3145724 kB
Dirty:               504 kB
Writeback:             0 kB
AnonPages:       1296744 kB
Mapped:           862784 kB
Shmem:             25092 kB
KReclaimable:     646592 kB
Slab:             221512 kB
SReclaimable:      73232 kB
SUnreclaim:       148280 kB
KernelStack:       49504 kB
PageTables:        66888 kB
NFS_Unstable:          0 kB
Bounce:                0 kB
WritebackTmp:          0 kB
CommitLimit:     9202292 kB
Committed_AS:   75023192 kB
VmallocTotal:   263061440 kB
VmallocUsed:      106584 kB
VmallocChunk:          0 kB
Percpu:             7552 kB
CmaTotal:         294912 kB
CmaFree:               0 kB
MemTotal:       12113136 kB
MemFree:         6523288 kB
MemAvailable:    7932936 kB
Buffers:            4776 kB
Cached:          1656652 kB
SwapCached:            0 kB
Active:          1458804 kB
Inactive:        1476740 kB
Active(anon):    1280792 kB
Inactive(anon):    22992 kB
Active(file):     178012 kB
Inactive(file):  1453748 kB
Unevictable:        5620 kB
Mlocked:            5620 kB
SwapTotal:       3145724 kB
SwapFree:        3145724 kB
Dirty:               288 kB
Writeback:             0 kB
AnonPages:       1279864 kB
Mapped:           863056 kB
Shmem:             25100 kB
KReclaimable:     646592 kB
Slab:             221512 kB
SReclaimable:      73232 kB
SUnreclaim:       148280 kB
KernelStack:       49504 kB
PageTables:        66800 kB
NFS_Unstable:          0 kB
Bounce:                0 kB
WritebackTmp:          0 kB
CommitLimit:     9202292 kB
Committed_AS:   75024368 kB
VmallocTotal:   263061440 kB
VmallocUsed:      106568 kB
VmallocChunk:          0 kB
Percpu:             7552 kB
CmaTotal:         294912 kB
CmaFree:               8 kB
MemTotal:       12113136 kB
MemFree:         6522928 kB
MemAvailable:    7932592 kB
Buffers:            4776 kB
Cached:          1656680 kB
SwapCached:            0 kB
Active:          1459340 kB
Inactive:        1476768 kB
Active(anon):    1281328 kB
Inactive(anon):    23004 kB
Active(file):     178012 kB
Inactive(file):  1453764 kB
Unevictable:        5620 kB
Mlocked:            5620 kB
SwapTotal:       3145724 kB
SwapFree:        3145724 kB
Dirty:               344 kB
Writeback:             0 kB
AnonPages:       1280348 kB
Mapped:           862804 kB
Shmem:             25112 kB
KReclaimable:     646592 kB
Slab:             221516 kB
SReclaimable:      73232 kB
SUnreclaim:       148284 kB
KernelStack:       49232 kB
PageTables:        66888 kB
NFS_Unstable:          0 kB
Bounce:                0 kB
WritebackTmp:          0 kB
CommitLimit:     9202292 kB
Committed_AS:   75024376 kB
VmallocTotal:   263061440 kB
VmallocUsed:      106296 kB
VmallocChunk:          0 kB
Percpu:             7552 kB
CmaTotal:         294912 kB
CmaFree:               0 kB
MemTotal:       12113136 kB
MemFree:         6535680 kB
MemAvailable:    7945344 kB
Buffers:            4776 kB
Cached:          1656680 kB
SwapCached:            0 kB
Active:          1446192 kB
Inactive:        1476772 kB
Active(anon):    1268184 kB
Inactive(anon):    23004 kB
Active(file):     178008 kB
Inactive(file):  1453768 kB
Unevictable:        5620 kB
Mlocked:            5620 kB
SwapTotal:       3145724 kB
SwapFree:        3145724 kB
Dirty:               348 kB
Writeback:             0 kB
AnonPages:       1267360 kB
Mapped:           862932 kB
Shmem:             25112 kB
KReclaimable:     646592 kB
Slab:             221520 kB
SReclaimable:      73232 kB
SUnreclaim:       148288 kB
KernelStack:       49284 kB
PageTables:        67188 kB
NFS_Unstable:          0 kB
Bounce:                0 kB
WritebackTmp:          0 kB
CommitLimit:     9202292 kB
Committed_AS:   75019508 kB
VmallocTotal:   263061440 kB
VmallocUsed:      106296 kB
VmallocChunk:          0 kB
Percpu:             7552 kB
CmaTotal:         294912 kB
CmaFree:               0 kB
MemTotal:       12113136 kB
MemFree:         6534828 kB
MemAvailable:    7944776 kB
Buffers:            4776 kB
Cached:          1657004 kB
SwapCached:            0 kB
Active:          1447988 kB
Inactive:        1477068 kB
Active(anon):    1269952 kB
Inactive(anon):    23044 kB
Active(file):     178036 kB
Inactive(file):  1454024 kB
Unevictable:        5620 kB
Mlocked:            5620 kB
SwapTotal:       3145724 kB
SwapFree:        3145724 kB
Dirty:               400 kB
Writeback:             0 kB
AnonPages:       1268936 kB
Mapped:           862844 kB
Shmem:             25152 kB
KReclaimable:     646592 kB
Slab:             221520 kB
SReclaimable:      73232 kB
SUnreclaim:       148288 kB
KernelStack:       49232 kB
PageTables:        66892 kB
NFS_Unstable:          0 kB
Bounce:                0 kB
WritebackTmp:          0 kB
CommitLimit:     9202292 kB
Committed_AS:   75023880 kB
VmallocTotal:   263061440 kB
VmallocUsed:      106312 kB
VmallocChunk:          0 kB
Percpu:             7552 kB
CmaTotal:         294912 kB
CmaFree:               0 kB
MemTotal:       12113136 kB
MemFree:         6532720 kB
MemAvailable:    7942660 kB
Buffers:            4784 kB
Cached:          1656988 kB
SwapCached:            0 kB
Active:          1449072 kB
Inactive:        1477064 kB
Active(anon):    1271040 kB
Inactive(anon):    23044 kB
Active(file):     178032 kB
Inactive(file):  1454020 kB
Unevictable:        5620 kB
Mlocked:            5620 kB
SwapTotal:       3145724 kB
SwapFree:        3145724 kB
Dirty:               408 kB
Writeback:             0 kB
AnonPages:       1269532 kB
Mapped:           863044 kB
Shmem:             25152 kB
KReclaimable:     646592 kB
Slab:             221536 kB
SReclaimable:      73232 kB
SUnreclaim:       148304 kB
KernelStack:       49232 kB
PageTables:        66808 kB
NFS_Unstable:          0 kB
Bounce:                0 kB
WritebackTmp:          0 kB
CommitLimit:     9202292 kB
Committed_AS:   75023828 kB
VmallocTotal:   263061440 kB
VmallocUsed:      106296 kB
VmallocChunk:          0 kB
Percpu:             7552 kB
CmaTotal:         294912 kB
CmaFree:               0 kB
MemTotal:       12113136 kB
MemFree:         6532504 kB
MemAvailable:    7942504 kB
Buffers:            4784 kB
Cached:          1657048 kB
SwapCached:            0 kB
Active:          1450248 kB
Inactive:        1477116 kB
Active(anon):    1272204 kB
Inactive(anon):    23048 kB
Active(file):     178044 kB
Inactive(file):  1454068 kB
Unevictable:        5620 kB
Mlocked:            5620 kB
SwapTotal:       3145724 kB
SwapFree:        3145724 kB
Dirty:               408 kB
Writeback:             0 kB
AnonPages:       1271148 kB
Mapped:           862848 kB
Shmem:             25156 kB
KReclaimable:     646592 kB
Slab:             221572 kB
SReclaimable:      73232 kB
SUnreclaim:       148340 kB
KernelStack:       49168 kB
PageTables:        66888 kB
NFS_Unstable:          0 kB
Bounce:                0 kB
WritebackTmp:          0 kB
CommitLimit:     9202292 kB
Committed_AS:   75024040 kB
VmallocTotal:   263061440 kB
VmallocUsed:      106248 kB
VmallocChunk:          0 kB
Percpu:             7552 kB
CmaTotal:         294912 kB
CmaFree:               0 kB
MemTotal:       12113136 kB
MemFree:         6531748 kB
MemAvailable:    7941764 kB
Buffers:            4784 kB
Cached:          1657068 kB
SwapCached:            0 kB
Active:          1451048 kB
Inactive:        1477132 kB
Active(anon):    1273004 kB
Inactive(anon):    23048 kB
Active(file):     178044 kB
Inactive(file):  1454084 kB
Unevictable:        5620 kB
Mlocked:            5620 kB
SwapTotal:       3145724 kB
SwapFree:        3145724 kB
Dirty:               464 kB
Writeback:             0 kB
AnonPages:       1271964 kB
Mapped:           862848 kB
Shmem:             25156 kB
KReclaimable:     646592 kB
Slab:             221536 kB
SReclaimable:      73232 kB
SUnreclaim:       148304 kB
KernelStack:       49168 kB
PageTables:        66980 kB
NFS_Unstable:          0 kB
Bounce:                0 kB
WritebackTmp:          0 kB
CommitLimit:     9202292 kB
Committed_AS:   75023788 kB
VmallocTotal:   263061440 kB
VmallocUsed:      106200 kB
VmallocChunk:          0 kB
Percpu:             7552 kB
CmaTotal:         294912 kB
CmaFree:               0 kB
MemTotal:       12113136 kB
MemFree:         6530732 kB
MemAvailable:    7940760 kB
Buffers:            4784 kB
Cached:          1657084 kB
SwapCached:            0 kB
Active:          1452012 kB
Inactive:        1477148 kB
Active(anon):    1273968 kB
Inactive(anon):    23052 kB
Active(file):     178044 kB
Inactive(file):  1454096 kB
Unevictable:        5620 kB
Mlocked:            5620 kB
SwapTotal:       3145724 kB
SwapFree:        3145724 kB
Dirty:               492 kB
Writeback:             0 kB
AnonPages:       1272948 kB
Mapped:           862852 kB
Shmem:             25160 kB
KReclaimable:     646592 kB
Slab:             221548 kB
SReclaimable:      73232 kB
SUnreclaim:       148316 kB
KernelStack:       49072 kB
PageTables:        66892 kB
NFS_Unstable:          0 kB
Bounce:                0 kB
WritebackTmp:          0 kB
CommitLimit:     9202292 kB
Committed_AS:   75024456 kB
VmallocTotal:   263061440 kB
VmallocUsed:      106120 kB
VmallocChunk:          0 kB
Percpu:             7552 kB
CmaTotal:         294912 kB
CmaFree:               0 kB
MemTotal:       12113136 kB
MemFree:         6534840 kB
MemAvailable:    7944848 kB
Buffers:            4784 kB
Cached:          1657064 kB
SwapCached:            0 kB
Active:          1445880 kB
Inactive:        1477132 kB
Active(anon):    1267840 kB
Inactive(anon):    23052 kB
Active(file):     178040 kB
Inactive(file):  1454080 kB
Unevictable:        5620 kB
Mlocked:            5620 kB
SwapTotal:       3145724 kB
SwapFree:        3145724 kB
Dirty:               504 kB
Writeback:             0 kB
AnonPages:       1266288 kB
Mapped:           863112 kB
Shmem:             25160 kB
KReclaimable:     646592 kB
Slab:             221588 kB
SReclaimable:      73232 kB
SUnreclaim:       148356 kB
KernelStack:       49172 kB
PageTables:        66904 kB
NFS_Unstable:          0 kB
Bounce:                0 kB
WritebackTmp:          0 kB
CommitLimit:     9202292 kB
Committed_AS:   75024508 kB
VmallocTotal:   263061440 kB
VmallocUsed:      106168 kB
VmallocChunk:          0 kB
Percpu:             7552 kB
CmaTotal:         294912 kB
CmaFree:             256 kB
MemTotal:       12113136 kB
MemFree:         6535196 kB
MemAvailable:    7945244 kB
Buffers:            4784 kB
Cached:          1657104 kB
SwapCached:            0 kB
Active:          1446480 kB
Inactive:        1477168 kB
Active(anon):    1268436 kB
Inactive(anon):    23052 kB
Active(file):     178044 kB
Inactive(file):  1454116 kB
Unevictable:        5620 kB
Mlocked:            5620 kB
SwapTotal:       3145724 kB
SwapFree:        3145724 kB
Dirty:               528 kB
Writeback:             0 kB
AnonPages:       1267360 kB
Mapped:           862852 kB
Shmem:             25160 kB
KReclaimable:     646592 kB
Slab:             221552 kB
SReclaimable:      73232 kB
SUnreclaim:       148320 kB
KernelStack:       49072 kB
PageTables:        66896 kB
NFS_Unstable:          0 kB
Bounce:                0 kB
WritebackTmp:          0 kB
CommitLimit:     9202292 kB
Committed_AS:   75024152 kB
VmallocTotal:   263061440 kB
VmallocUsed:      106152 kB
VmallocChunk:          0 kB
Percpu:             7552 kB
CmaTotal:         294912 kB
CmaFree:               0 kB
MemTotal:       12113136 kB
MemFree:         6536056 kB
MemAvailable:    7946112 kB
Buffers:            4784 kB
Cached:          1657116 kB
SwapCached:            0 kB
Active:          1446912 kB
Inactive:        1477176 kB
Active(anon):    1268864 kB
Inactive(anon):    23056 kB
Active(file):     178048 kB
Inactive(file):  1454120 kB
Unevictable:        5620 kB
Mlocked:            5620 kB
SwapTotal:       3145724 kB
SwapFree:        3145724 kB
Dirty:               276 kB
Writeback:             0 kB
AnonPages:       1267628 kB
Mapped:           862920 kB
Shmem:             25164 kB
KReclaimable:     646592 kB
Slab:             221544 kB
SReclaimable:      73232 kB
SUnreclaim:       148312 kB
KernelStack:       49088 kB
PageTables:        66912 kB
NFS_Unstable:          0 kB
Bounce:                0 kB
WritebackTmp:          0 kB
CommitLimit:     9202292 kB
Committed_AS:   75025104 kB
VmallocTotal:   263061440 kB
VmallocUsed:      106104 kB
VmallocChunk:          0 kB
Percpu:             7552 kB
CmaTotal:         294912 kB
CmaFree:              52 kB
MemTotal:       12113136 kB
MemFree:         6535380 kB
MemAvailable:    7945452 kB
Buffers:            4784 kB
Cached:          1657132 kB
SwapCached:            0 kB
Active:          1448212 kB
Inactive:        1477196 kB
Active(anon):    1270168 kB
Inactive(anon):    23056 kB
Active(file):     178044 kB
Inactive(file):  1454140 kB
Unevictable:        5620 kB
Mlocked:            5620 kB
SwapTotal:       3145724 kB
SwapFree:        3145724 kB
Dirty:               340 kB
Writeback:             0 kB
AnonPages:       1269164 kB
Mapped:           862856 kB
Shmem:             25164 kB
KReclaimable:     646592 kB
Slab:             221544 kB
SReclaimable:      73232 kB
SUnreclaim:       148312 kB
KernelStack:       49056 kB
PageTables:        66892 kB
NFS_Unstable:          0 kB
Bounce:                0 kB
WritebackTmp:          0 kB
CommitLimit:     9202292 kB
Committed_AS:   75024720 kB
VmallocTotal:   263061440 kB
VmallocUsed:      106152 kB
VmallocChunk:          0 kB
Percpu:             7552 kB
CmaTotal:         294912 kB
CmaFree:               0 kB
MemTotal:       12113136 kB
MemFree:         6534476 kB
MemAvailable:    7944548 kB
Buffers:            4784 kB
Cached:          1657132 kB
SwapCached:            0 kB
Active:          1448340 kB
Inactive:        1477196 kB
Active(anon):    1270296 kB
Inactive(anon):    23056 kB
Active(file):     178044 kB
Inactive(file):  1454140 kB
Unevictable:        5620 kB
Mlocked:            5620 kB
SwapTotal:       3145724 kB
SwapFree:        3145724 kB
Dirty:               344 kB
Writeback:             0 kB
AnonPages:       1269556 kB
Mapped:           863044 kB
Shmem:             25164 kB
KReclaimable:     646592 kB
Slab:             221520 kB
SReclaimable:      73232 kB
SUnreclaim:       148288 kB
KernelStack:       49024 kB
PageTables:        66852 kB
NFS_Unstable:          0 kB
Bounce:                0 kB
WritebackTmp:          0 kB
CommitLimit:     9202292 kB
Committed_AS:   75020108 kB
VmallocTotal:   263061440 kB
VmallocUsed:      106120 kB
VmallocChunk:          0 kB
Percpu:             7552 kB
CmaTotal:         294912 kB
CmaFree:               0 kB
MemTotal:       12113136 kB
MemFree:         6533404 kB
MemAvailable:    7943500 kB
Buffers:            4784 kB
Cached:          1657168 kB
SwapCached:            0 kB
Active:          1450144 kB
Inactive:        1477232 kB
Active(anon):    1272100 kB
Inactive(anon):    23068 kB
Active(file):     178044 kB
Inactive(file):  1454164 kB
Unevictable:        5620 kB
Mlocked:            5620 kB
SwapTotal:       3145724 kB
SwapFree:        3145724 kB
Dirty:               408 kB
Writeback:             0 kB
AnonPages:       1271200 kB
Mapped:           862928 kB
Shmem:             25176 kB
KReclaimable:     646592 kB
Slab:             221540 kB
SReclaimable:      73232 kB
SUnreclaim:       148308 kB
KernelStack:       49056 kB
PageTables:        66896 kB
NFS_Unstable:          0 kB
Bounce:                0 kB
WritebackTmp:          0 kB
CommitLimit:     9202292 kB
Committed_AS:   75020428 kB
VmallocTotal:   263061440 kB
VmallocUsed:      106120 kB
VmallocChunk:          0 kB
Percpu:             7552 kB
CmaTotal:         294912 kB
CmaFree:               0 kB
MemTotal:       12113136 kB
MemFree:         6532148 kB
MemAvailable:    7942248 kB
Buffers:            4784 kB
Cached:          1657176 kB
SwapCached:            0 kB
Active:          1449988 kB
Inactive:        1477240 kB
Active(anon):    1271944 kB
Inactive(anon):    23072 kB
Active(file):     178044 kB
Inactive(file):  1454168 kB
Unevictable:        5620 kB
Mlocked:            5620 kB
SwapTotal:       3145724 kB
SwapFree:        3145724 kB
Dirty:               424 kB
Writeback:             0 kB
AnonPages:       1270836 kB
Mapped:           863084 kB
Shmem:             25180 kB
KReclaimable:     646592 kB
Slab:             221492 kB
SReclaimable:      73232 kB
SUnreclaim:       148260 kB
KernelStack:       49108 kB
PageTables:        67188 kB
NFS_Unstable:          0 kB
Bounce:                0 kB
WritebackTmp:          0 kB
CommitLimit:     9202292 kB
Committed_AS:   75023440 kB
VmallocTotal:   263061440 kB
VmallocUsed:      106104 kB
VmallocChunk:          0 kB
Percpu:             7552 kB
CmaTotal:         294912 kB
CmaFree:               0 kB
MemTotal:       12113136 kB
MemFree:         6531492 kB
MemAvailable:    7941616 kB
Buffers:            4784 kB
Cached:          1657200 kB
SwapCached:            0 kB
Active:          1451036 kB
Inactive:        1477264 kB
Active(anon):    1272992 kB
Inactive(anon):    23072 kB
Active(file):     178044 kB
Inactive(file):  1454192 kB
Unevictable:        5620 kB
Mlocked:            5620 kB
SwapTotal:       3145724 kB
SwapFree:        3145724 kB
Dirty:               456 kB
Writeback:             0 kB
AnonPages:       1272020 kB
Mapped:           862932 kB
Shmem:             25180 kB
KReclaimable:     646592 kB
Slab:             221548 kB
SReclaimable:      73232 kB
SUnreclaim:       148316 kB
KernelStack:       49056 kB
PageTables:        66904 kB
NFS_Unstable:          0 kB
Bounce:                0 kB
WritebackTmp:          0 kB
CommitLimit:     9202292 kB
Committed_AS:   75022064 kB
VmallocTotal:   263061440 kB
VmallocUsed:      106104 kB
VmallocChunk:          0 kB
Percpu:             7552 kB
CmaTotal:         294912 kB
CmaFree:               0 kB
MemTotal:       12113136 kB
MemFree:         6531332 kB
MemAvailable:    7941460 kB
Buffers:            4784 kB
Cached:          1657204 kB
SwapCached:            0 kB
Active:          1451992 kB
Inactive:        1477268 kB
Active(anon):    1273948 kB
Inactive(anon):    23072 kB
Active(file):     178044 kB
Inactive(file):  1454196 kB
Unevictable:        5620 kB
Mlocked:            5620 kB
SwapTotal:       3145724 kB
SwapFree:        3145724 kB
Dirty:               480 kB
Writeback:             0 kB
AnonPages:       1272744 kB
Mapped:           863124 kB
Shmem:             25180 kB
KReclaimable:     646592 kB
Slab:             221452 kB
SReclaimable:      73232 kB
SUnreclaim:       148220 kB
KernelStack:       49072 kB
PageTables:        66896 kB
NFS_Unstable:          0 kB
Bounce:                0 kB
WritebackTmp:          0 kB
CommitLimit:     9202292 kB
Committed_AS:   75021392 kB
VmallocTotal:   263061440 kB
VmallocUsed:      106056 kB
VmallocChunk:          0 kB
Percpu:             7552 kB
CmaTotal:         294912 kB
CmaFree:              16 kB
MemTotal:       12113136 kB
MemFree:         6520188 kB
MemAvailable:    7930332 kB
Buffers:            4784 kB
Cached:          1657228 kB
SwapCached:            0 kB
Active:          1464640 kB
Inactive:        1477292 kB
Active(anon):    1286596 kB
Inactive(anon):    23080 kB
Active(file):     178044 kB
Inactive(file):  1454212 kB
Unevictable:        5620 kB
Mlocked:            5620 kB
SwapTotal:       3145724 kB
SwapFree:        3145724 kB
Dirty:               704 kB
Writeback:             0 kB
AnonPages:       1285676 kB
Mapped:           862940 kB
Shmem:             25188 kB
KReclaimable:     646592 kB
Slab:             221552 kB
SReclaimable:      73232 kB
SUnreclaim:       148320 kB
KernelStack:       49056 kB
PageTables:        66916 kB
NFS_Unstable:          0 kB
Bounce:                0 kB
WritebackTmp:          0 kB
CommitLimit:     9202292 kB
Committed_AS:   75022416 kB
VmallocTotal:   263061440 kB
VmallocUsed:      106072 kB
VmallocChunk:          0 kB
Percpu:             7552 kB
CmaTotal:         294912 kB
CmaFree:               0 kB
MemTotal:       12113136 kB
MemFree:         6503088 kB
MemAvailable:    7913252 kB
Buffers:            4784 kB
Cached:          1657232 kB
SwapCached:            0 kB
Active:          1480304 kB
Inactive:        1477296 kB
Active(anon):    1302260 kB
Inactive(anon):    23080 kB
Active(file):     178044 kB
Inactive(file):  1454216 kB
Unevictable:        5620 kB
Mlocked:            5620 kB
SwapTotal:       3145724 kB
SwapFree:        3145724 kB
Dirty:               712 kB
Writeback:             0 kB
AnonPages:       1301312 kB
Mapped:           863140 kB
Shmem:             25188 kB
KReclaimable:     646608 kB
Slab:             221600 kB
SReclaimable:      73248 kB
SUnreclaim:       148352 kB
KernelStack:       49124 kB
PageTables:        66880 kB
NFS_Unstable:          0 kB
Bounce:                0 kB
WritebackTmp:          0 kB
CommitLimit:     9202292 kB
Committed_AS:   75027480 kB
VmallocTotal:   263061440 kB
VmallocUsed:      106072 kB
VmallocChunk:          0 kB
Percpu:             7552 kB
CmaTotal:         294912 kB
CmaFree:               0 kB
MemTotal:       12113136 kB
MemFree:         6501612 kB
MemAvailable:    7911808 kB
Buffers:            4784 kB
Cached:          1666316 kB
SwapCached:            0 kB
Active:          1471884 kB
Inactive:        1486380 kB
Active(anon):    1293840 kB
Inactive(anon):    32132 kB
Active(file):     178044 kB
Inactive(file):  1454248 kB
Unevictable:        5620 kB
Mlocked:            5620 kB
SwapTotal:       3145724 kB
SwapFree:        3145724 kB
Dirty:               764 kB
Writeback:             0 kB
AnonPages:       1292852 kB
Mapped:           871992 kB
Shmem:             34240 kB
KReclaimable:     646608 kB
Slab:             221564 kB
SReclaimable:      73248 kB
SUnreclaim:       148316 kB
KernelStack:       48992 kB
PageTables:        66936 kB
NFS_Unstable:          0 kB
Bounce:                0 kB
WritebackTmp:          0 kB
CommitLimit:     9202292 kB
Committed_AS:   75036580 kB
VmallocTotal:   263061440 kB
VmallocUsed:      106040 kB
VmallocChunk:          0 kB
Percpu:             7552 kB
CmaTotal:         294912 kB
CmaFree:               0 kB
MemTotal:       12113136 kB
MemFree:         6510288 kB
MemAvailable:    7920488 kB
Buffers:            4784 kB
Cached:          1657248 kB
SwapCached:            0 kB
Active:          1473020 kB
Inactive:        1477312 kB
Active(anon):    1294976 kB
Inactive(anon):    23060 kB
Active(file):     178044 kB
Inactive(file):  1454252 kB
Unevictable:        5620 kB
Mlocked:            5620 kB
SwapTotal:       3145724 kB
SwapFree:        3145724 kB
Dirty:               276 kB
Writeback:             0 kB
AnonPages:       1294216 kB
Mapped:           863040 kB
Shmem:             25168 kB
KReclaimable:     646608 kB
Slab:             221628 kB
SReclaimable:      73248 kB
SUnreclaim:       148380 kB
KernelStack:       49044 kB
PageTables:        66924 kB
NFS_Unstable:          0 kB
Bounce:                0 kB
WritebackTmp:          0 kB
CommitLimit:     9202292 kB
Committed_AS:   75036184 kB
VmallocTotal:   263061440 kB
VmallocUsed:      106088 kB
VmallocChunk:          0 kB
Percpu:             7552 kB
CmaTotal:         294912 kB
CmaFree:               0 kB
MemTotal:       12113136 kB
MemFree:         6517952 kB
MemAvailable:    7928164 kB
Buffers:            4784 kB
Cached:          1657280 kB
SwapCached:            0 kB
Active:          1463864 kB
Inactive:        1477344 kB
Active(anon):    1285820 kB
Inactive(anon):    23080 kB
Active(file):     178044 kB
Inactive(file):  1454264 kB
Unevictable:        5620 kB
Mlocked:            5620 kB
SwapTotal:       3145724 kB
SwapFree:        3145724 kB
Dirty:               312 kB
Writeback:             0 kB
AnonPages:       1284820 kB
Mapped:           862940 kB
Shmem:             25188 kB
KReclaimable:     646608 kB
Slab:             221584 kB
SReclaimable:      73248 kB
SUnreclaim:       148336 kB
KernelStack:       48768 kB
PageTables:        66920 kB
NFS_Unstable:          0 kB
Bounce:                0 kB
WritebackTmp:          0 kB
CommitLimit:     9202292 kB
Committed_AS:   75032516 kB
VmallocTotal:   263061440 kB
VmallocUsed:      105880 kB
VmallocChunk:          0 kB
Percpu:             7552 kB
CmaTotal:         294912 kB
CmaFree:               0 kB
MemTotal:       12113136 kB
MemFree:         6525160 kB
MemAvailable:    7935380 kB
Buffers:            4784 kB
Cached:          1657288 kB
SwapCached:            0 kB
Active:          1456016 kB
Inactive:        1477352 kB
Active(anon):    1277972 kB
Inactive(anon):    23080 kB
Active(file):     178044 kB
Inactive(file):  1454272 kB
Unevictable:        5620 kB
Mlocked:            5620 kB
SwapTotal:       3145724 kB
SwapFree:        3145724 kB
Dirty:               324 kB
Writeback:             0 kB
AnonPages:       1276520 kB
Mapped:           863140 kB
Shmem:             25188 kB
KReclaimable:     646608 kB
Slab:             221584 kB
SReclaimable:      73248 kB
SUnreclaim:       148336 kB
KernelStack:       48820 kB
PageTables:        66880 kB
NFS_Unstable:          0 kB
Bounce:                0 kB
WritebackTmp:          0 kB
CommitLimit:     9202292 kB
Committed_AS:   75032852 kB
VmallocTotal:   263061440 kB
VmallocUsed:      105880 kB
VmallocChunk:          0 kB
Percpu:             7552 kB
CmaTotal:         294912 kB
CmaFree:               0 kB
MemTotal:       12113136 kB
MemFree:         6525796 kB
MemAvailable:    7936032 kB
Buffers:            4784 kB
Cached:          1657304 kB
SwapCached:            0 kB
Active:          1456740 kB
Inactive:        1477368 kB
Active(anon):    1278696 kB
Inactive(anon):    23080 kB
Active(file):     178044 kB
Inactive(file):  1454288 kB
Unevictable:        5620 kB
Mlocked:            5620 kB
SwapTotal:       3145724 kB
SwapFree:        3145724 kB
Dirty:               372 kB
Writeback:             0 kB
AnonPages:       1277688 kB
Mapped:           862940 kB
Shmem:             25188 kB
KReclaimable:     646608 kB
Slab:             221584 kB
SReclaimable:      73248 kB
SUnreclaim:       148336 kB
KernelStack:       48768 kB
PageTables:        66920 kB
NFS_Unstable:          0 kB
Bounce:                0 kB
WritebackTmp:          0 kB
CommitLimit:     9202292 kB
Committed_AS:   75030052 kB
VmallocTotal:   263061440 kB
VmallocUsed:      105848 kB
VmallocChunk:          0 kB
Percpu:             7552 kB
CmaTotal:         294912 kB
CmaFree:               0 kB
MemTotal:       12113136 kB
MemFree:         6524532 kB
MemAvailable:    7934768 kB
Buffers:            4788 kB
Cached:          1657300 kB
SwapCached:            0 kB
Active:          1457552 kB
Inactive:        1477368 kB
Active(anon):    1279508 kB
Inactive(anon):    23080 kB
Active(file):     178044 kB
Inactive(file):  1454288 kB
Unevictable:        5620 kB
Mlocked:            5620 kB
SwapTotal:       3145724 kB
SwapFree:        3145724 kB
Dirty:               376 kB
Writeback:             0 kB
AnonPages:       1278092 kB
Mapped:           863088 kB
Shmem:             25188 kB
KReclaimable:     646608 kB
Slab:             221584 kB
SReclaimable:      73248 kB
SUnreclaim:       148336 kB
KernelStack:       48820 kB
PageTables:        67256 kB
NFS_Unstable:          0 kB
Bounce:                0 kB
WritebackTmp:          0 kB
CommitLimit:     9202292 kB
Committed_AS:   75029788 kB
VmallocTotal:   263061440 kB
VmallocUsed:      105864 kB
VmallocChunk:          0 kB
Percpu:             7552 kB
CmaTotal:         294912 kB
CmaFree:               0 kB
MemTotal:       12113136 kB
MemFree:         6527364 kB
MemAvailable:    7937644 kB
Buffers:            4788 kB
Cached:          1657344 kB
SwapCached:            0 kB
Active:          1454972 kB
Inactive:        1477408 kB
Active(anon):    1276924 kB
Inactive(anon):    23080 kB
Active(file):     178048 kB
Inactive(file):  1454328 kB
Unevictable:        5620 kB
Mlocked:            5620 kB
SwapTotal:       3145724 kB
SwapFree:        3145724 kB
Dirty:               428 kB
Writeback:             0 kB
AnonPages:       1275896 kB
Mapped:           862940 kB
Shmem:             25188 kB
KReclaimable:     646608 kB
Slab:             221588 kB
SReclaimable:      73248 kB
SUnreclaim:       148340 kB
KernelStack:       48768 kB
PageTables:        66924 kB
NFS_Unstable:          0 kB
Bounce:                0 kB
WritebackTmp:          0 kB
CommitLimit:     9202292 kB
Committed_AS:   75035208 kB
VmallocTotal:   263061440 kB
VmallocUsed:      105864 kB
VmallocChunk:          0 kB
Percpu:             7552 kB
CmaTotal:         294912 kB
CmaFree:               0 kB
MemTotal:       12113136 kB
MemFree:         6526500 kB
MemAvailable:    7936788 kB
Buffers:            4788 kB
Cached:          1657352 kB
SwapCached:            0 kB
Active:          1455100 kB
Inactive:        1477416 kB
Active(anon):    1277052 kB
Inactive(anon):    23080 kB
Active(file):     178048 kB
Inactive(file):  1454336 kB
Unevictable:        5620 kB
Mlocked:            5620 kB
SwapTotal:       3145724 kB
SwapFree:        3145724 kB
Dirty:               440 kB
Writeback:             0 kB
AnonPages:       1276176 kB
Mapped:           863088 kB
Shmem:             25188 kB
KReclaimable:     646608 kB
Slab:             221604 kB
SReclaimable:      73248 kB
SUnreclaim:       148356 kB
KernelStack:       48700 kB
PageTables:        66872 kB
NFS_Unstable:          0 kB
Bounce:                0 kB
WritebackTmp:          0 kB
CommitLimit:     9202292 kB
Committed_AS:   75031888 kB
VmallocTotal:   263061440 kB
VmallocUsed:      105656 kB
VmallocChunk:          0 kB
Percpu:             7552 kB
CmaTotal:         294912 kB
CmaFree:              64 kB
MemTotal:       12113136 kB
MemFree:         6539044 kB
MemAvailable:    7948832 kB
Buffers:            4788 kB
Cached:          1657368 kB
SwapCached:            0 kB
Active:          1456084 kB
Inactive:        1477432 kB
Active(anon):    1278036 kB
Inactive(anon):    23080 kB
Active(file):     178048 kB
Inactive(file):  1454352 kB
Unevictable:        5620 kB
Mlocked:            5620 kB
SwapTotal:       3145724 kB
SwapFree:        3145724 kB
Dirty:               472 kB
Writeback:             0 kB
AnonPages:       1277024 kB
Mapped:           862940 kB
Shmem:             25188 kB
KReclaimable:     646092 kB
Slab:             221076 kB
SReclaimable:      72732 kB
SUnreclaim:       148344 kB
KernelStack:       48560 kB
PageTables:        66928 kB
NFS_Unstable:          0 kB
Bounce:                0 kB
WritebackTmp:          0 kB
CommitLimit:     9202292 kB
Committed_AS:   75035328 kB
VmallocTotal:   263061440 kB
VmallocUsed:      105640 kB
VmallocChunk:          0 kB
Percpu:             7552 kB
CmaTotal:         294912 kB
CmaFree:               0 kB
MemTotal:       12113136 kB
MemFree:         6538512 kB
MemAvailable:    7948300 kB
Buffers:            4788 kB
Cached:          1657368 kB
SwapCached:            0 kB
Active:          1456684 kB
Inactive:        1477432 kB
Active(anon):    1278636 kB
Inactive(anon):    23080 kB
Active(file):     178048 kB
Inactive(file):  1454352 kB
Unevictable:        5620 kB
Mlocked:            5620 kB
SwapTotal:       3145724 kB
SwapFree:        3145724 kB
Dirty:               476 kB
Writeback:             0 kB
AnonPages:       1276900 kB
Mapped:           863200 kB
Shmem:             25188 kB
KReclaimable:     646092 kB
Slab:             221084 kB
SReclaimable:      72732 kB
SUnreclaim:       148352 kB
KernelStack:       48628 kB
PageTables:        67324 kB
NFS_Unstable:          0 kB
Bounce:                0 kB
WritebackTmp:          0 kB
CommitLimit:     9202292 kB
Committed_AS:   75034984 kB
VmallocTotal:   263061440 kB
VmallocUsed:      105656 kB
VmallocChunk:          0 kB
Percpu:             7552 kB
CmaTotal:         294912 kB
CmaFree:               0 kB
MemTotal:       12113136 kB
MemFree:         6538376 kB
MemAvailable:    7948188 kB
Buffers:            4788 kB
Cached:          1657400 kB
SwapCached:            0 kB
Active:          1457324 kB
Inactive:        1477460 kB
Active(anon):    1279272 kB
Inactive(anon):    23088 kB
Active(file):     178052 kB
Inactive(file):  1454372 kB
Unevictable:        5620 kB
Mlocked:            5620 kB
SwapTotal:       3145724 kB
SwapFree:        3145724 kB
Dirty:               520 kB
Writeback:             0 kB
AnonPages:       1278224 kB
Mapped:           862948 kB
Shmem:             25196 kB
KReclaimable:     646092 kB
Slab:             221084 kB
SReclaimable:      72732 kB
SUnreclaim:       148352 kB
KernelStack:       48576 kB
PageTables:        66908 kB
NFS_Unstable:          0 kB
Bounce:                0 kB
WritebackTmp:          0 kB
CommitLimit:     9202292 kB
Committed_AS:   75033852 kB
VmallocTotal:   263061440 kB
VmallocUsed:      105624 kB
VmallocChunk:          0 kB
Percpu:             7552 kB
CmaTotal:         294912 kB
CmaFree:               0 kB
MemTotal:       12113136 kB
MemFree:         6550968 kB
MemAvailable:    7960816 kB
Buffers:            4788 kB
Cached:          1657440 kB
SwapCached:            0 kB
Active:          1444492 kB
Inactive:        1477492 kB
Active(anon):    1266432 kB
Inactive(anon):    23092 kB
Active(file):     178060 kB
Inactive(file):  1454400 kB
Unevictable:        5620 kB
Mlocked:            5620 kB
SwapTotal:       3145724 kB
SwapFree:        3145724 kB
Dirty:               276 kB
Writeback:             0 kB
AnonPages:       1265344 kB
Mapped:           863140 kB
Shmem:             25200 kB
KReclaimable:     646092 kB
Slab:             221084 kB
SReclaimable:      72732 kB
SUnreclaim:       148352 kB
KernelStack:       48600 kB
PageTables:        66920 kB
NFS_Unstable:          0 kB
Bounce:                0 kB
WritebackTmp:          0 kB
CommitLimit:     9202292 kB
Committed_AS:   75035000 kB
VmallocTotal:   263061440 kB
VmallocUsed:      105592 kB
VmallocChunk:          0 kB
Percpu:             7552 kB
CmaTotal:         294912 kB
CmaFree:              64 kB
MemTotal:       12113136 kB
MemFree:         6550820 kB
MemAvailable:    7960656 kB
Buffers:            4788 kB
Cached:          1657428 kB
SwapCached:            0 kB
Active:          1445412 kB
Inactive:        1477488 kB
Active(anon):    1267360 kB
Inactive(anon):    23092 kB
Active(file):     178052 kB
Inactive(file):  1454396 kB
Unevictable:        5620 kB
Mlocked:            5620 kB
SwapTotal:       3145724 kB
SwapFree:        3145724 kB
Dirty:               344 kB
Writeback:             0 kB
AnonPages:       1266356 kB
Mapped:           862952 kB
Shmem:             25200 kB
KReclaimable:     646092 kB
Slab:             221072 kB
SReclaimable:      72732 kB
SUnreclaim:       148340 kB
KernelStack:       48560 kB
PageTables:        66932 kB
NFS_Unstable:          0 kB
Bounce:                0 kB
WritebackTmp:          0 kB
CommitLimit:     9202292 kB
Committed_AS:   75034744 kB
VmallocTotal:   263061440 kB
VmallocUsed:      105624 kB
VmallocChunk:          0 kB
Percpu:             7552 kB
CmaTotal:         294912 kB
CmaFree:               0 kB
MemTotal:       12113136 kB
MemFree:         6549140 kB
MemAvailable:    7958984 kB
Buffers:            4788 kB
Cached:          1657436 kB
SwapCached:            0 kB
Active:          1445932 kB
Inactive:        1477496 kB
Active(anon):    1267880 kB
Inactive(anon):    23092 kB
Active(file):     178052 kB
Inactive(file):  1454404 kB
Unevictable:        5620 kB
Mlocked:            5620 kB
SwapTotal:       3145724 kB
SwapFree:        3145724 kB
Dirty:               356 kB
Writeback:             0 kB
AnonPages:       1266804 kB
Mapped:           863080 kB
Shmem:             25200 kB
KReclaimable:     646092 kB
Slab:             221088 kB
SReclaimable:      72732 kB
SUnreclaim:       148356 kB
KernelStack:       48596 kB
PageTables:        67212 kB
NFS_Unstable:          0 kB
Bounce:                0 kB
WritebackTmp:          0 kB
CommitLimit:     9202292 kB
Committed_AS:   75039160 kB
VmallocTotal:   263061440 kB
VmallocUsed:      105656 kB
VmallocChunk:          0 kB
Percpu:             7552 kB
CmaTotal:         294912 kB
CmaFree:              24 kB
MemTotal:       12113136 kB
MemFree:         6549556 kB
MemAvailable:    7959444 kB
Buffers:            4788 kB
Cached:          1657476 kB
SwapCached:            0 kB
Active:          1446908 kB
Inactive:        1477536 kB
Active(anon):    1268856 kB
Inactive(anon):    23092 kB
Active(file):     178052 kB
Inactive(file):  1454444 kB
Unevictable:        5620 kB
Mlocked:            5620 kB
SwapTotal:       3145724 kB
SwapFree:        3145724 kB
Dirty:               404 kB
Writeback:             0 kB
AnonPages:       1267812 kB
Mapped:           862952 kB
Shmem:             25200 kB
KReclaimable:     646096 kB
Slab:             221080 kB
SReclaimable:      72736 kB
SUnreclaim:       148344 kB
KernelStack:       48560 kB
PageTables:        66932 kB
NFS_Unstable:          0 kB
Bounce:                0 kB
WritebackTmp:          0 kB
CommitLimit:     9202292 kB
Committed_AS:   75038936 kB
VmallocTotal:   263061440 kB
VmallocUsed:      105640 kB
VmallocChunk:          0 kB
Percpu:             7552 kB
CmaTotal:         294912 kB
CmaFree:               0 kB
MemTotal:       12113136 kB
MemFree:         6547964 kB
MemAvailable:    7957844 kB
Buffers:            4788 kB
Cached:          1657468 kB
SwapCached:            0 kB
Active:          1447688 kB
Inactive:        1477532 kB
Active(anon):    1269640 kB
Inactive(anon):    23092 kB
Active(file):     178048 kB
Inactive(file):  1454440 kB
Unevictable:        5620 kB
Mlocked:            5620 kB
SwapTotal:       3145724 kB
SwapFree:        3145724 kB
Dirty:               400 kB
Writeback:             0 kB
AnonPages:       1268172 kB
Mapped:           863140 kB
Shmem:             25200 kB
KReclaimable:     646096 kB
Slab:             221096 kB
SReclaimable:      72736 kB
SUnreclaim:       148360 kB
KernelStack:       48544 kB
PageTables:        66880 kB
NFS_Unstable:          0 kB
Bounce:                0 kB
WritebackTmp:          0 kB
CommitLimit:     9202292 kB
Committed_AS:   75025004 kB
VmallocTotal:   263061440 kB
VmallocUsed:      105608 kB
VmallocChunk:          0 kB
Percpu:             7552 kB
CmaTotal:         294912 kB
CmaFree:               0 kB
MemTotal:       12113136 kB
MemFree:         6547992 kB
MemAvailable:    7957904 kB
Buffers:            4788 kB
Cached:          1657512 kB
SwapCached:            0 kB
Active:          1448648 kB
Inactive:        1477572 kB
Active(anon):    1270596 kB
Inactive(anon):    23104 kB
Active(file):     178052 kB
Inactive(file):  1454468 kB
Unevictable:        5620 kB
Mlocked:            5620 kB
SwapTotal:       3145724 kB
SwapFree:        3145724 kB
Dirty:               452 kB
Writeback:             0 kB
AnonPages:       1269616 kB
Mapped:           862964 kB
Shmem:             25212 kB
KReclaimable:     646096 kB
Slab:             221080 kB
SReclaimable:      72736 kB
SUnreclaim:       148344 kB
KernelStack:       48576 kB
PageTables:        67060 kB
NFS_Unstable:          0 kB
Bounce:                0 kB
WritebackTmp:          0 kB
CommitLimit:     9202292 kB
Committed_AS:   75026252 kB
VmallocTotal:   263061440 kB
VmallocUsed:      105608 kB
VmallocChunk:          0 kB
Percpu:             7552 kB
CmaTotal:         294912 kB
CmaFree:               0 kB
MemTotal:       12113136 kB
MemFree:         6546480 kB
MemAvailable:    7956112 kB
Buffers:            4788 kB
Cached:          1657520 kB
SwapCached:            0 kB
Active:          1449188 kB
Inactive:        1477580 kB
Active(anon):    1271136 kB
Inactive(anon):    23104 kB
Active(file):     178052 kB
Inactive(file):  1454476 kB
Unevictable:        5620 kB
Mlocked:            5620 kB
SwapTotal:       3145724 kB
SwapFree:        3145724 kB
Dirty:               464 kB
Writeback:             0 kB
AnonPages:       1270188 kB
Mapped:           863060 kB
Shmem:             25212 kB
KReclaimable:     646096 kB
Slab:             221080 kB
SReclaimable:      72736 kB
SUnreclaim:       148344 kB
KernelStack:       48660 kB
PageTables:        67140 kB
NFS_Unstable:          0 kB
Bounce:                0 kB
WritebackTmp:          0 kB
CommitLimit:     9202292 kB
Committed_AS:   75027016 kB
VmallocTotal:   263061440 kB
VmallocUsed:      105624 kB
VmallocChunk:          0 kB
Percpu:             7552 kB
CmaTotal:         294912 kB
CmaFree:               0 kB
MemTotal:       12113136 kB
MemFree:         6545000 kB
MemAvailable:    7954936 kB
Buffers:            4788 kB
Cached:          1657532 kB
SwapCached:            0 kB
Active:          1450128 kB
Inactive:        1477592 kB
Active(anon):    1272076 kB
Inactive(anon):    23104 kB
Active(file):     178052 kB
Inactive(file):  1454488 kB
Unevictable:        5620 kB
Mlocked:            5620 kB
SwapTotal:       3145724 kB
SwapFree:        3145724 kB
Dirty:               492 kB
Writeback:             0 kB
AnonPages:       1271060 kB
Mapped:           862964 kB
Shmem:             25212 kB
KReclaimable:     646100 kB
Slab:             221088 kB
SReclaimable:      72740 kB
SUnreclaim:       148348 kB
KernelStack:       48496 kB
PageTables:        66936 kB
NFS_Unstable:          0 kB
Bounce:                0 kB
WritebackTmp:          0 kB
CommitLimit:     9202292 kB
Committed_AS:   75029220 kB
VmallocTotal:   263061440 kB
VmallocUsed:      105560 kB
VmallocChunk:          0 kB
Percpu:             7552 kB
CmaTotal:         294912 kB
CmaFree:               0 kB
MemTotal:       12113136 kB
MemFree:         6544048 kB
MemAvailable:    7954004 kB
Buffers:            4788 kB
Cached:          1657552 kB
SwapCached:            0 kB
Active:          1450772 kB
Inactive:        1477608 kB
Active(anon):    1272716 kB
Inactive(anon):    23104 kB
Active(file):     178056 kB
Inactive(file):  1454504 kB
Unevictable:        5620 kB
Mlocked:            5620 kB
SwapTotal:       3145724 kB
SwapFree:        3145724 kB
Dirty:               508 kB
Writeback:             0 kB
AnonPages:       1271800 kB
Mapped:           863216 kB
Shmem:             25212 kB
KReclaimable:     646100 kB
Slab:             221088 kB
SReclaimable:      72740 kB
SUnreclaim:       148348 kB
KernelStack:       48560 kB
PageTables:        67028 kB
NFS_Unstable:          0 kB
Bounce:                0 kB
WritebackTmp:          0 kB
CommitLimit:     9202292 kB
Committed_AS:   75034324 kB
VmallocTotal:   263061440 kB
VmallocUsed:      105608 kB
VmallocChunk:          0 kB
Percpu:             7552 kB
CmaTotal:         294912 kB
CmaFree:               0 kB
MemTotal:       12113136 kB
MemFree:         6542796 kB
MemAvailable:    7952776 kB
Buffers:            4796 kB
Cached:          1657568 kB
SwapCached:            0 kB
Active:          1451500 kB
Inactive:        1477628 kB
Active(anon):    1273440 kB
Inactive(anon):    23104 kB
Active(file):     178060 kB
Inactive(file):  1454524 kB
Unevictable:        5620 kB
Mlocked:            5620 kB
SwapTotal:       3145724 kB
SwapFree:        3145724 kB
Dirty:               488 kB
Writeback:             0 kB
AnonPages:       1272444 kB
Mapped:           862964 kB
Shmem:             25212 kB
KReclaimable:     646100 kB
Slab:             221092 kB
SReclaimable:      72740 kB
SUnreclaim:       148352 kB
KernelStack:       48512 kB
PageTables:        66936 kB
NFS_Unstable:          0 kB
Bounce:                0 kB
WritebackTmp:          0 kB
CommitLimit:     9202292 kB
Committed_AS:   75039200 kB
VmallocTotal:   263061440 kB
VmallocUsed:      105592 kB
VmallocChunk:          0 kB
Percpu:             7552 kB
CmaTotal:         294912 kB
CmaFree:               0 kB
MemTotal:       12113136 kB
MemFree:         6541224 kB
MemAvailable:    7951208 kB
Buffers:            4796 kB
Cached:          1657572 kB
SwapCached:            0 kB
Active:          1452792 kB
Inactive:        1477632 kB
Active(anon):    1274732 kB
Inactive(anon):    23104 kB
Active(file):     178060 kB
Inactive(file):  1454528 kB
Unevictable:        5620 kB
Mlocked:            5620 kB
SwapTotal:       3145724 kB
SwapFree:        3145724 kB
Dirty:               492 kB
Writeback:             0 kB
AnonPages:       1273688 kB
Mapped:           863140 kB
Shmem:             25212 kB
KReclaimable:     646100 kB
Slab:             221092 kB
SReclaimable:      72740 kB
SUnreclaim:       148352 kB
KernelStack:       48512 kB
PageTables:        67176 kB
NFS_Unstable:          0 kB
Bounce:                0 kB
WritebackTmp:          0 kB
CommitLimit:     9202292 kB
Committed_AS:   75039564 kB
VmallocTotal:   263061440 kB
VmallocUsed:      105608 kB
VmallocChunk:          0 kB
Percpu:             7552 kB
CmaTotal:         294912 kB
CmaFree:               0 kB
MemTotal:       12113136 kB
MemFree:         6541980 kB
MemAvailable:    7951988 kB
Buffers:            4796 kB
Cached:          1657596 kB
SwapCached:            0 kB
Active:          1452972 kB
Inactive:        1477656 kB
Active(anon):    1274912 kB
Inactive(anon):    23104 kB
Active(file):     178060 kB
Inactive(file):  1454552 kB
Unevictable:        5620 kB
Mlocked:            5620 kB
SwapTotal:       3145724 kB
SwapFree:        3145724 kB
Dirty:               540 kB
Writeback:             0 kB
AnonPages:       1273876 kB
Mapped:           862964 kB
Shmem:             25212 kB
KReclaimable:     646100 kB
Slab:             221096 kB
SReclaimable:      72740 kB
SUnreclaim:       148356 kB
KernelStack:       48512 kB
PageTables:        66936 kB
NFS_Unstable:          0 kB
Bounce:                0 kB
WritebackTmp:          0 kB
CommitLimit:     9202292 kB
Committed_AS:   75029080 kB
VmallocTotal:   263061440 kB
VmallocUsed:      105608 kB
VmallocChunk:          0 kB
Percpu:             7552 kB
CmaTotal:         294912 kB
CmaFree:               0 kB
MemTotal:       12113136 kB
MemFree:         6541624 kB
MemAvailable:    7951604 kB
Buffers:            4796 kB
Cached:          1657568 kB
SwapCached:            0 kB
Active:          1453836 kB
Inactive:        1477632 kB
Active(anon):    1275780 kB
Inactive(anon):    23104 kB
Active(file):     178056 kB
Inactive(file):  1454528 kB
Unevictable:        5620 kB
Mlocked:            5620 kB
SwapTotal:       3145724 kB
SwapFree:        3145724 kB
Dirty:               532 kB
Writeback:             0 kB
AnonPages:       1274780 kB
Mapped:           863208 kB
Shmem:             25212 kB
KReclaimable:     646100 kB
Slab:             221096 kB
SReclaimable:      72740 kB
SUnreclaim:       148356 kB
KernelStack:       48512 kB
PageTables:        67360 kB
NFS_Unstable:          0 kB
Bounce:                0 kB
WritebackTmp:          0 kB
CommitLimit:     9202292 kB
Committed_AS:   75030288 kB
VmallocTotal:   263061440 kB
VmallocUsed:      105576 kB
VmallocChunk:          0 kB
Percpu:             7552 kB
CmaTotal:         294912 kB
CmaFree:               0 kB
MemTotal:       12113136 kB
MemFree:         6540452 kB
MemAvailable:    7950488 kB
Buffers:            4796 kB
Cached:          1657624 kB
SwapCached:            0 kB
Active:          1454420 kB
Inactive:        1477684 kB
Active(anon):    1276360 kB
Inactive(anon):    23104 kB
Active(file):     178060 kB
Inactive(file):  1454580 kB
Unevictable:        5620 kB
Mlocked:            5620 kB
SwapTotal:       3145724 kB
SwapFree:        3145724 kB
Dirty:               584 kB
Writeback:             0 kB
AnonPages:       1275324 kB
Mapped:           862964 kB
Shmem:             25212 kB
KReclaimable:     646100 kB
Slab:             221100 kB
SReclaimable:      72740 kB
SUnreclaim:       148360 kB
KernelStack:       48512 kB
PageTables:        66936 kB
NFS_Unstable:          0 kB
Bounce:                0 kB
WritebackTmp:          0 kB
CommitLimit:     9202292 kB
Committed_AS:   75039832 kB
VmallocTotal:   263061440 kB
VmallocUsed:      105624 kB
VmallocChunk:          0 kB
Percpu:             7552 kB
CmaTotal:         294912 kB
CmaFree:               0 kB
MemTotal:       12113136 kB
MemFree:         6539436 kB
MemAvailable:    7949480 kB
Buffers:            4796 kB
Cached:          1657632 kB
SwapCached:            0 kB
Active:          1455764 kB
Inactive:        1477692 kB
Active(anon):    1277704 kB
Inactive(anon):    23104 kB
Active(file):     178060 kB
Inactive(file):  1454588 kB
Unevictable:        5620 kB
Mlocked:            5620 kB
SwapTotal:       3145724 kB
SwapFree:        3145724 kB
Dirty:               596 kB
Writeback:             4 kB
AnonPages:       1276384 kB
Mapped:           863092 kB
Shmem:             25212 kB
KReclaimable:     646100 kB
Slab:             221092 kB
SReclaimable:      72740 kB
SUnreclaim:       148352 kB
KernelStack:       48516 kB
PageTables:        66860 kB
NFS_Unstable:          0 kB
Bounce:                0 kB
WritebackTmp:          0 kB
CommitLimit:     9202292 kB
Committed_AS:   75039604 kB
VmallocTotal:   263061440 kB
VmallocUsed:      105576 kB
VmallocChunk:          0 kB
Percpu:             7552 kB
CmaTotal:         294912 kB
CmaFree:               0 kB
MemTotal:       12113136 kB
MemFree:         6538772 kB
MemAvailable:    7948828 kB
Buffers:            4796 kB
Cached:          1657648 kB
SwapCached:            0 kB
Active:          1456440 kB
Inactive:        1477708 kB
Active(anon):    1278380 kB
Inactive(anon):    23108 kB
Active(file):     178060 kB
Inactive(file):  1454600 kB
Unevictable:        5620 kB
Mlocked:            5620 kB
SwapTotal:       3145724 kB
SwapFree:        3145724 kB
Dirty:               620 kB
Writeback:             0 kB
AnonPages:       1277340 kB
Mapped:           862968 kB
Shmem:             25216 kB
KReclaimable:     646100 kB
Slab:             221104 kB
SReclaimable:      72740 kB
SUnreclaim:       148364 kB
KernelStack:       48512 kB
PageTables:        66936 kB
NFS_Unstable:          0 kB
Bounce:                0 kB
WritebackTmp:          0 kB
CommitLimit:     9202292 kB
Committed_AS:   75034884 kB
VmallocTotal:   263061440 kB
VmallocUsed:      105592 kB
VmallocChunk:          0 kB
Percpu:             7552 kB
CmaTotal:         294912 kB
CmaFree:               0 kB
MemTotal:       12113136 kB
MemFree:         6538480 kB
MemAvailable:    7948540 kB
Buffers:            4796 kB
Cached:          1657652 kB
SwapCached:            0 kB
Active:          1457144 kB
Inactive:        1477712 kB
Active(anon):    1279084 kB
Inactive(anon):    23108 kB
Active(file):     178060 kB
Inactive(file):  1454604 kB
Unevictable:        5620 kB
Mlocked:            5620 kB
SwapTotal:       3145724 kB
SwapFree:        3145724 kB
Dirty:               628 kB
Writeback:             0 kB
AnonPages:       1277976 kB
Mapped:           863228 kB
Shmem:             25216 kB
KReclaimable:     646100 kB
Slab:             221104 kB
SReclaimable:      72740 kB
SUnreclaim:       148364 kB
KernelStack:       48512 kB
PageTables:        66956 kB
NFS_Unstable:          0 kB
Bounce:                0 kB
WritebackTmp:          0 kB
CommitLimit:     9202292 kB
Committed_AS:   75034444 kB
VmallocTotal:   263061440 kB
VmallocUsed:      105576 kB
VmallocChunk:          0 kB
Percpu:             7552 kB
CmaTotal:         294912 kB
CmaFree:               0 kB
MemTotal:       12113136 kB
MemFree:         6537192 kB
MemAvailable:    7947272 kB
Buffers:            4796 kB
Cached:          1657672 kB
SwapCached:            0 kB
Active:          1457484 kB
Inactive:        1477732 kB
Active(anon):    1279424 kB
Inactive(anon):    23108 kB
Active(file):     178060 kB
Inactive(file):  1454624 kB
Unevictable:        5620 kB
Mlocked:            5620 kB
SwapTotal:       3145724 kB
SwapFree:        3145724 kB
Dirty:               664 kB
Writeback:             0 kB
AnonPages:       1278444 kB
Mapped:           862968 kB
Shmem:             25216 kB
KReclaimable:     646100 kB
Slab:             221112 kB
SReclaimable:      72740 kB
SUnreclaim:       148372 kB
KernelStack:       48512 kB
PageTables:        66944 kB
NFS_Unstable:          0 kB
Bounce:                0 kB
WritebackTmp:          0 kB
CommitLimit:     9202292 kB
Committed_AS:   75039324 kB
VmallocTotal:   263061440 kB
VmallocUsed:      105592 kB
VmallocChunk:          0 kB
Percpu:             7552 kB
CmaTotal:         294912 kB
CmaFree:               0 kB
MemTotal:       12113136 kB
MemFree:         6535664 kB
MemAvailable:    7945748 kB
Buffers:            4796 kB
Cached:          1657672 kB
SwapCached:            0 kB
Active:          1458660 kB
Inactive:        1477712 kB
Active(anon):    1280576 kB
Inactive(anon):    23108 kB
Active(file):     178084 kB
Inactive(file):  1454604 kB
Unevictable:        5620 kB
Mlocked:            5620 kB
SwapTotal:       3145724 kB
SwapFree:        3145724 kB
Dirty:               664 kB
Writeback:             0 kB
AnonPages:       1279304 kB
Mapped:           863232 kB
Shmem:             25216 kB
KReclaimable:     646100 kB
Slab:             221112 kB
SReclaimable:      72740 kB
SUnreclaim:       148372 kB
KernelStack:       48548 kB
PageTables:        67356 kB
NFS_Unstable:          0 kB
Bounce:                0 kB
WritebackTmp:          0 kB
CommitLimit:     9202292 kB
Committed_AS:   75039492 kB
VmallocTotal:   263061440 kB
VmallocUsed:      105608 kB
VmallocChunk:          0 kB
Percpu:             7552 kB
CmaTotal:         294912 kB
CmaFree:               0 kB
MemTotal:       12113136 kB
MemFree:         6524704 kB
MemAvailable:    7934812 kB
Buffers:            4796 kB
Cached:          1657700 kB
SwapCached:            0 kB
Active:          1470836 kB
Inactive:        1477732 kB
Active(anon):    1292748 kB
Inactive(anon):    23108 kB
Active(file):     178088 kB
Inactive(file):  1454624 kB
Unevictable:        5620 kB
Mlocked:            5620 kB
SwapTotal:       3145724 kB
SwapFree:        3145724 kB
Dirty:               712 kB
Writeback:             0 kB
AnonPages:       1291760 kB
Mapped:           862968 kB
Shmem:             25216 kB
KReclaimable:     646100 kB
Slab:             221116 kB
SReclaimable:      72740 kB
SUnreclaim:       148376 kB
KernelStack:       48512 kB
PageTables:        66940 kB
NFS_Unstable:          0 kB
Bounce:                0 kB
WritebackTmp:          0 kB
CommitLimit:     9202292 kB
Committed_AS:   75039232 kB
VmallocTotal:   263061440 kB
VmallocUsed:      105624 kB
VmallocChunk:          0 kB
Percpu:             7552 kB
CmaTotal:         294912 kB
CmaFree:               0 kB
MemTotal:       12113136 kB
MemFree:         6493836 kB
MemAvailable:    7903980 kB
Buffers:            4796 kB
Cached:          1657720 kB
SwapCached:            0 kB
Active:          1504612 kB
Inactive:        1477744 kB
Active(anon):    1326516 kB
Inactive(anon):    23108 kB
Active(file):     178096 kB
Inactive(file):  1454636 kB
Unevictable:        5620 kB
Mlocked:            5620 kB
SwapTotal:       3145724 kB
SwapFree:        3145724 kB
Dirty:               744 kB
Writeback:             0 kB
AnonPages:       1325440 kB
Mapped:           863260 kB
Shmem:             25216 kB
KReclaimable:     646116 kB
Slab:             221172 kB
SReclaimable:      72756 kB
SUnreclaim:       148416 kB
KernelStack:       48496 kB
PageTables:        66884 kB
NFS_Unstable:          0 kB
Bounce:                0 kB
WritebackTmp:          0 kB
CommitLimit:     9202292 kB
Committed_AS:   75039104 kB
VmallocTotal:   263061440 kB
VmallocUsed:      105576 kB
