MemTotal:       12113136 kB
MemFree:         4269184 kB
MemAvailable:    7616752 kB
Buffers:            6540 kB
Cached:          2516300 kB
SwapCached:            0 kB
Active:          1825156 kB
Inactive:        2143720 kB
Active(anon):    1455204 kB
Inactive(anon):    34092 kB
Active(file):     369952 kB
Inactive(file):  2109628 kB
Unevictable:        5564 kB
Mlocked:            5564 kB
SwapTotal:       3145724 kB
SwapFree:        3145724 kB
Dirty:               264 kB
Writeback:             0 kB
AnonPages:       1451756 kB
Mapped:           979208 kB
Shmem:             38784 kB
KReclaimable:    1736692 kB
Slab:             272336 kB
SReclaimable:     117324 kB
SUnreclaim:       155012 kB
KernelStack:       50616 kB
PageTables:        71180 kB
NFS_Unstable:          0 kB
Bounce:                0 kB
WritebackTmp:          0 kB
CommitLimit:     9202292 kB
Committed_AS:   77587608 kB
VmallocTotal:   263061440 kB
VmallocUsed:      107808 kB
VmallocChunk:          0 kB
Percpu:             7648 kB
CmaTotal:         294912 kB
CmaFree:              48 kB
MemTotal:       12113136 kB
MemFree:         4266836 kB
MemAvailable:    7614476 kB
Buffers:            6540 kB
Cached:          2516372 kB
SwapCached:            0 kB
Active:          1826516 kB
Inactive:        2143756 kB
Active(anon):    1456528 kB
Inactive(anon):    34092 kB
Active(file):     369988 kB
Inactive(file):  2109664 kB
Unevictable:        5564 kB
Mlocked:            5564 kB
SwapTotal:       3145724 kB
SwapFree:        3145724 kB
Dirty:               360 kB
Writeback:             0 kB
AnonPages:       1452636 kB
Mapped:           979156 kB
Shmem:             38784 kB
KReclaimable:    1736692 kB
Slab:             272316 kB
SReclaimable:     117324 kB
SUnreclaim:       154992 kB
KernelStack:       50608 kB
PageTables:        71100 kB
NFS_Unstable:          0 kB
Bounce:                0 kB
WritebackTmp:          0 kB
CommitLimit:     9202292 kB
Committed_AS:   77587260 kB
VmallocTotal:   263061440 kB
VmallocUsed:      107792 kB
VmallocChunk:          0 kB
Percpu:             7648 kB
CmaTotal:         294912 kB
CmaFree:               0 kB
MemTotal:       12113136 kB
MemFree:         4264644 kB
MemAvailable:    7612296 kB
Buffers:            6540 kB
Cached:          2516388 kB
SwapCached:            0 kB
Active:          1827072 kB
Inactive:        2143768 kB
Active(anon):    1457080 kB
Inactive(anon):    34096 kB
Active(file):     369992 kB
Inactive(file):  2109672 kB
Unevictable:        5564 kB
Mlocked:            5564 kB
SwapTotal:       3145724 kB
SwapFree:        3145724 kB
Dirty:               380 kB
Writeback:             0 kB
AnonPages:       1453384 kB
Mapped:           979064 kB
Shmem:             38788 kB
KReclaimable:    1736692 kB
Slab:             272316 kB
SReclaimable:     117324 kB
SUnreclaim:       154992 kB
KernelStack:       50624 kB
PageTables:        71068 kB
NFS_Unstable:          0 kB
Bounce:                0 kB
WritebackTmp:          0 kB
CommitLimit:     9202292 kB
Committed_AS:   77586972 kB
VmallocTotal:   263061440 kB
VmallocUsed:      107792 kB
VmallocChunk:          0 kB
Percpu:             7648 kB
CmaTotal:         294912 kB
CmaFree:               8 kB
MemTotal:       12113136 kB
MemFree:         4263264 kB
MemAvailable:    7610936 kB
Buffers:            6540 kB
Cached:          2516408 kB
SwapCached:            0 kB
Active:          1828260 kB
Inactive:        2143788 kB
Active(anon):    1458268 kB
Inactive(anon):    34096 kB
Active(file):     369992 kB
Inactive(file):  2109692 kB
Unevictable:        5564 kB
Mlocked:            5564 kB
SwapTotal:       3145724 kB
SwapFree:        3145724 kB
Dirty:               444 kB
Writeback:             0 kB
AnonPages:       1454540 kB
Mapped:           979268 kB
Shmem:             38788 kB
KReclaimable:    1736692 kB
Slab:             272308 kB
SReclaimable:     117324 kB
SUnreclaim:       154984 kB
KernelStack:       50560 kB
PageTables:        70988 kB
NFS_Unstable:          0 kB
Bounce:                0 kB
WritebackTmp:          0 kB
CommitLimit:     9202292 kB
Committed_AS:   77589692 kB
VmallocTotal:   263061440 kB
VmallocUsed:      107808 kB
VmallocChunk:          0 kB
Percpu:             7648 kB
CmaTotal:         294912 kB
CmaFree:               0 kB
MemTotal:       12113136 kB
MemFree:         4273336 kB
MemAvailable:    7621028 kB
Buffers:            6540 kB
Cached:          2516428 kB
SwapCached:            0 kB
Active:          1821272 kB
Inactive:        2143808 kB
Active(anon):    1451280 kB
Inactive(anon):    34096 kB
Active(file):     369992 kB
Inactive(file):  2109712 kB
Unevictable:        5564 kB
Mlocked:            5564 kB
SwapTotal:       3145724 kB
SwapFree:        3145724 kB
Dirty:               476 kB
Writeback:             0 kB
AnonPages:       1447588 kB
Mapped:           979228 kB
Shmem:             38788 kB
KReclaimable:    1736692 kB
Slab:             272308 kB
SReclaimable:     117324 kB
SUnreclaim:       154984 kB
KernelStack:       50544 kB
PageTables:        70976 kB
NFS_Unstable:          0 kB
Bounce:                0 kB
WritebackTmp:          0 kB
CommitLimit:     9202292 kB
Committed_AS:   77575176 kB
VmallocTotal:   263061440 kB
VmallocUsed:      107792 kB
VmallocChunk:          0 kB
Percpu:             7648 kB
CmaTotal:         294912 kB
CmaFree:               0 kB
MemTotal:       12113136 kB
MemFree:         4270520 kB
MemAvailable:    7618224 kB
Buffers:            6540 kB
Cached:          2516440 kB
SwapCached:            0 kB
Active:          1822824 kB
Inactive:        2143820 kB
Active(anon):    1452832 kB
Inactive(anon):    34096 kB
Active(file):     369992 kB
Inactive(file):  2109724 kB
Unevictable:        5564 kB
Mlocked:            5564 kB
SwapTotal:       3145724 kB
SwapFree:        3145724 kB
Dirty:               568 kB
Writeback:             0 kB
AnonPages:       1449188 kB
Mapped:           979432 kB
Shmem:             38788 kB
KReclaimable:    1736692 kB
Slab:             272308 kB
SReclaimable:     117324 kB
SUnreclaim:       154984 kB
KernelStack:       50628 kB
PageTables:        70992 kB
NFS_Unstable:          0 kB
Bounce:                0 kB
WritebackTmp:          0 kB
CommitLimit:     9202292 kB
Committed_AS:   77578064 kB
VmallocTotal:   263061440 kB
VmallocUsed:      107840 kB
VmallocChunk:          0 kB
Percpu:             7648 kB
CmaTotal:         294912 kB
CmaFree:               0 kB
MemTotal:       12113136 kB
MemFree:         4268624 kB
MemAvailable:    7616332 kB
Buffers:            6540 kB
Cached:          2516444 kB
SwapCached:            0 kB
Active:          1824052 kB
Inactive:        2143824 kB
Active(anon):    1454060 kB
Inactive(anon):    34096 kB
Active(file):     369992 kB
Inactive(file):  2109728 kB
Unevictable:        5564 kB
Mlocked:            5564 kB
SwapTotal:       3145724 kB
SwapFree:        3145724 kB
Dirty:               596 kB
Writeback:             0 kB
AnonPages:       1450688 kB
Mapped:           979256 kB
Shmem:             38788 kB
KReclaimable:    1736692 kB
Slab:             272312 kB
SReclaimable:     117324 kB
SUnreclaim:       154988 kB
KernelStack:       50592 kB
PageTables:        71084 kB
NFS_Unstable:          0 kB
Bounce:                0 kB
WritebackTmp:          0 kB
CommitLimit:     9202292 kB
Committed_AS:   77577800 kB
VmallocTotal:   263061440 kB
VmallocUsed:      107840 kB
VmallocChunk:          0 kB
Percpu:             7648 kB
CmaTotal:         294912 kB
CmaFree:               0 kB
MemTotal:       12113136 kB
MemFree:         4267680 kB
MemAvailable:    7615408 kB
Buffers:            6540 kB
Cached:          2516464 kB
SwapCached:            0 kB
Active:          1824952 kB
Inactive:        2143840 kB
Active(anon):    1454956 kB
Inactive(anon):    34096 kB
Active(file):     369996 kB
Inactive(file):  2109744 kB
Unevictable:        5564 kB
Mlocked:            5564 kB
SwapTotal:       3145724 kB
SwapFree:        3145724 kB
Dirty:               632 kB
Writeback:             0 kB
AnonPages:       1451008 kB
Mapped:           979420 kB
Shmem:             38788 kB
KReclaimable:    1736692 kB
Slab:             272316 kB
SReclaimable:     117324 kB
SUnreclaim:       154992 kB
KernelStack:       50608 kB
PageTables:        71104 kB
NFS_Unstable:          0 kB
Bounce:                0 kB
WritebackTmp:          0 kB
CommitLimit:     9202292 kB
Committed_AS:   77578456 kB
VmallocTotal:   263061440 kB
VmallocUsed:      107856 kB
VmallocChunk:          0 kB
Percpu:             7648 kB
CmaTotal:         294912 kB
CmaFree:               0 kB
MemTotal:       12113136 kB
MemFree:         4269984 kB
MemAvailable:    7617724 kB
Buffers:            6540 kB
Cached:          2516476 kB
SwapCached:            0 kB
Active:          1822196 kB
Inactive:        2143856 kB
Active(anon):    1452204 kB
Inactive(anon):    34096 kB
Active(file):     369992 kB
Inactive(file):  2109760 kB
Unevictable:        5564 kB
Mlocked:            5564 kB
SwapTotal:       3145724 kB
SwapFree:        3145724 kB
Dirty:               692 kB
Writeback:             0 kB
AnonPages:       1448688 kB
Mapped:           979328 kB
Shmem:             38788 kB
KReclaimable:    1736692 kB
Slab:             272312 kB
SReclaimable:     117324 kB
SUnreclaim:       154988 kB
KernelStack:       50608 kB
PageTables:        71144 kB
NFS_Unstable:          0 kB
Bounce:                0 kB
WritebackTmp:          0 kB
CommitLimit:     9202292 kB
Committed_AS:   77582024 kB
VmallocTotal:   263061440 kB
VmallocUsed:      107856 kB
VmallocChunk:          0 kB
Percpu:             7648 kB
CmaTotal:         294912 kB
CmaFree:             260 kB
MemTotal:       12113136 kB
MemFree:         4268032 kB
MemAvailable:    7615784 kB
Buffers:            6540 kB
Cached:          2516488 kB
SwapCached:            0 kB
Active:          1823652 kB
Inactive:        2143868 kB
Active(anon):    1453660 kB
Inactive(anon):    34096 kB
Active(file):     369992 kB
Inactive(file):  2109772 kB
Unevictable:        5564 kB
Mlocked:            5564 kB
SwapTotal:       3145724 kB
SwapFree:        3145724 kB
Dirty:               244 kB
Writeback:             0 kB
AnonPages:       1450336 kB
Mapped:           979348 kB
Shmem:             38788 kB
KReclaimable:    1736692 kB
Slab:             272584 kB
SReclaimable:     117324 kB
SUnreclaim:       155260 kB
KernelStack:       50560 kB
PageTables:        71004 kB
NFS_Unstable:          0 kB
Bounce:                0 kB
WritebackTmp:          0 kB
CommitLimit:     9202292 kB
Committed_AS:   77580504 kB
VmallocTotal:   263061440 kB
VmallocUsed:      107840 kB
VmallocChunk:          0 kB
Percpu:             7648 kB
CmaTotal:         294912 kB
CmaFree:               0 kB
MemTotal:       12113136 kB
MemFree:         4266988 kB
MemAvailable:    7614756 kB
Buffers:            6540 kB
Cached:          2516504 kB
SwapCached:            0 kB
Active:          1825092 kB
Inactive:        2143884 kB
Active(anon):    1455100 kB
Inactive(anon):    34096 kB
Active(file):     369992 kB
Inactive(file):  2109788 kB
Unevictable:        5564 kB
Mlocked:            5564 kB
SwapTotal:       3145724 kB
SwapFree:        3145724 kB
Dirty:               328 kB
Writeback:             0 kB
AnonPages:       1451740 kB
Mapped:           979392 kB
Shmem:             38788 kB
KReclaimable:    1736692 kB
Slab:             272364 kB
SReclaimable:     117324 kB
SUnreclaim:       155040 kB
KernelStack:       50544 kB
PageTables:        70988 kB
NFS_Unstable:          0 kB
Bounce:                0 kB
WritebackTmp:          0 kB
CommitLimit:     9202292 kB
Committed_AS:   77575820 kB
VmallocTotal:   263061440 kB
VmallocUsed:      107824 kB
VmallocChunk:          0 kB
Percpu:             7648 kB
CmaTotal:         294912 kB
CmaFree:               0 kB
MemTotal:       12113136 kB
MemFree:         4265776 kB
MemAvailable:    7613552 kB
Buffers:            6540 kB
Cached:          2516512 kB
SwapCached:            0 kB
Active:          1825752 kB
Inactive:        2143892 kB
Active(anon):    1455760 kB
Inactive(anon):    34096 kB
Active(file):     369992 kB
Inactive(file):  2109796 kB
Unevictable:        5564 kB
Mlocked:            5564 kB
SwapTotal:       3145724 kB
SwapFree:        3145724 kB
Dirty:               356 kB
Writeback:             0 kB
AnonPages:       1451916 kB
Mapped:           979448 kB
Shmem:             38788 kB
KReclaimable:    1736692 kB
Slab:             272368 kB
SReclaimable:     117324 kB
SUnreclaim:       155044 kB
KernelStack:       50608 kB
PageTables:        71192 kB
NFS_Unstable:          0 kB
Bounce:                0 kB
WritebackTmp:          0 kB
CommitLimit:     9202292 kB
Committed_AS:   77581372 kB
VmallocTotal:   263061440 kB
VmallocUsed:      107856 kB
VmallocChunk:          0 kB
Percpu:             7648 kB
CmaTotal:         294912 kB
CmaFree:               0 kB
MemTotal:       12113136 kB
MemFree:         4264080 kB
MemAvailable:    7611880 kB
Buffers:            6540 kB
Cached:          2516536 kB
SwapCached:            0 kB
Active:          1827252 kB
Inactive:        2143916 kB
Active(anon):    1457260 kB
Inactive(anon):    34096 kB
Active(file):     369992 kB
Inactive(file):  2109820 kB
Unevictable:        5564 kB
Mlocked:            5564 kB
SwapTotal:       3145724 kB
SwapFree:        3145724 kB
Dirty:               428 kB
Writeback:             0 kB
AnonPages:       1453708 kB
Mapped:           979456 kB
Shmem:             38788 kB
KReclaimable:    1736692 kB
Slab:             272376 kB
SReclaimable:     117324 kB
SUnreclaim:       155052 kB
KernelStack:       50560 kB
PageTables:        71036 kB
NFS_Unstable:          0 kB
Bounce:                0 kB
WritebackTmp:          0 kB
CommitLimit:     9202292 kB
Committed_AS:   77580660 kB
VmallocTotal:   263061440 kB
VmallocUsed:      107856 kB
VmallocChunk:          0 kB
Percpu:             7648 kB
CmaTotal:         294912 kB
CmaFree:               0 kB
MemTotal:       12113136 kB
MemFree:         4262540 kB
MemAvailable:    7610348 kB
Buffers:            6540 kB
Cached:          2516544 kB
SwapCached:            0 kB
Active:          1828156 kB
Inactive:        2143924 kB
Active(anon):    1458164 kB
Inactive(anon):    34096 kB
Active(file):     369992 kB
Inactive(file):  2109828 kB
Unevictable:        5564 kB
Mlocked:            5564 kB
SwapTotal:       3145724 kB
SwapFree:        3145724 kB
Dirty:               460 kB
Writeback:             0 kB
AnonPages:       1454244 kB
Mapped:           979460 kB
Shmem:             38788 kB
KReclaimable:    1736692 kB
Slab:             272420 kB
SReclaimable:     117324 kB
SUnreclaim:       155096 kB
KernelStack:       50592 kB
PageTables:        71120 kB
NFS_Unstable:          0 kB
Bounce:                0 kB
WritebackTmp:          0 kB
CommitLimit:     9202292 kB
Committed_AS:   77575948 kB
VmallocTotal:   263061440 kB
VmallocUsed:      107840 kB
VmallocChunk:          0 kB
Percpu:             7648 kB
CmaTotal:         294912 kB
CmaFree:              24 kB
MemTotal:       12113136 kB
MemFree:         4264204 kB
MemAvailable:    7612052 kB
Buffers:            6544 kB
Cached:          2516460 kB
SwapCached:            0 kB
Active:          1828456 kB
Inactive:        2143900 kB
Active(anon):    1458460 kB
Inactive(anon):    34040 kB
Active(file):     369996 kB
Inactive(file):  2109860 kB
Unevictable:        5564 kB
Mlocked:            5564 kB
SwapTotal:       3145724 kB
SwapFree:        3145724 kB
Dirty:               220 kB
Writeback:             0 kB
AnonPages:       1454600 kB
Mapped:           979464 kB
Shmem:             38672 kB
KReclaimable:    1736696 kB
Slab:             272336 kB
SReclaimable:     117328 kB
SUnreclaim:       155008 kB
KernelStack:       50560 kB
PageTables:        71172 kB
NFS_Unstable:          0 kB
Bounce:                0 kB
WritebackTmp:          0 kB
CommitLimit:     9202292 kB
Committed_AS:   77579944 kB
VmallocTotal:   263061440 kB
VmallocUsed:      107792 kB
VmallocChunk:          0 kB
Percpu:             7648 kB
CmaTotal:         294912 kB
CmaFree:               0 kB
MemTotal:       12113136 kB
MemFree:         4266904 kB
MemAvailable:    7614772 kB
Buffers:            6544 kB
Cached:          2516604 kB
SwapCached:            0 kB
Active:          1825596 kB
Inactive:        2143984 kB
Active(anon):    1455600 kB
Inactive(anon):    34104 kB
Active(file):     369996 kB
Inactive(file):  2109880 kB
Unevictable:        5564 kB
Mlocked:            5564 kB
SwapTotal:       3145724 kB
SwapFree:        3145724 kB
Dirty:               364 kB
Writeback:             0 kB
AnonPages:       1452160 kB
Mapped:           979448 kB
Shmem:             38796 kB
KReclaimable:    1736696 kB
Slab:             272344 kB
SReclaimable:     117328 kB
SUnreclaim:       155016 kB
KernelStack:       50560 kB
PageTables:        70944 kB
NFS_Unstable:          0 kB
Bounce:                0 kB
WritebackTmp:          0 kB
CommitLimit:     9202292 kB
Committed_AS:   77576076 kB
VmallocTotal:   263061440 kB
VmallocUsed:      107792 kB
VmallocChunk:          0 kB
Percpu:             7648 kB
CmaTotal:         294912 kB
CmaFree:               4 kB
MemTotal:       12113136 kB
MemFree:         4266064 kB
MemAvailable:    7613940 kB
Buffers:            6544 kB
Cached:          2516612 kB
SwapCached:            0 kB
Active:          1826824 kB
Inactive:        2143992 kB
Active(anon):    1456828 kB
Inactive(anon):    34104 kB
Active(file):     369996 kB
Inactive(file):  2109888 kB
Unevictable:        5564 kB
Mlocked:            5564 kB
SwapTotal:       3145724 kB
SwapFree:        3145724 kB
Dirty:               396 kB
Writeback:             0 kB
AnonPages:       1453256 kB
Mapped:           979572 kB
Shmem:             38796 kB
KReclaimable:    1736696 kB
Slab:             272344 kB
SReclaimable:     117328 kB
SUnreclaim:       155016 kB
KernelStack:       50608 kB
PageTables:        71144 kB
NFS_Unstable:          0 kB
Bounce:                0 kB
WritebackTmp:          0 kB
CommitLimit:     9202292 kB
Committed_AS:   77570988 kB
VmallocTotal:   263061440 kB
VmallocUsed:      107792 kB
VmallocChunk:          0 kB
Percpu:             7648 kB
CmaTotal:         294912 kB
CmaFree:               0 kB
MemTotal:       12113136 kB
MemFree:         4263952 kB
MemAvailable:    7611832 kB
Buffers:            6544 kB
Cached:          2516616 kB
SwapCached:            0 kB
Active:          1828220 kB
Inactive:        2143996 kB
Active(anon):    1458224 kB
Inactive(anon):    34104 kB
Active(file):     369996 kB
Inactive(file):  2109892 kB
Unevictable:        5564 kB
Mlocked:            5564 kB
SwapTotal:       3145724 kB
SwapFree:        3145724 kB
Dirty:               440 kB
Writeback:             0 kB
AnonPages:       1454256 kB
Mapped:           979828 kB
Shmem:             38796 kB
KReclaimable:    1736696 kB
Slab:             272344 kB
SReclaimable:     117328 kB
SUnreclaim:       155016 kB
KernelStack:       50624 kB
PageTables:        71352 kB
NFS_Unstable:          0 kB
Bounce:                0 kB
WritebackTmp:          0 kB
CommitLimit:     9202292 kB
Committed_AS:   77571360 kB
VmallocTotal:   263061440 kB
VmallocUsed:      107792 kB
VmallocChunk:          0 kB
Percpu:             7648 kB
CmaTotal:         294912 kB
CmaFree:               0 kB
MemTotal:       12113136 kB
MemFree:         4261968 kB
MemAvailable:    7609864 kB
Buffers:            6544 kB
Cached:          2516632 kB
SwapCached:            0 kB
Active:          1829184 kB
Inactive:        2144012 kB
Active(anon):    1459188 kB
Inactive(anon):    34104 kB
Active(file):     369996 kB
Inactive(file):  2109908 kB
Unevictable:        5564 kB
Mlocked:            5564 kB
SwapTotal:       3145724 kB
SwapFree:        3145724 kB
Dirty:               492 kB
Writeback:             0 kB
AnonPages:       1455440 kB
Mapped:           979628 kB
Shmem:             38796 kB
KReclaimable:    1736696 kB
Slab:             272348 kB
SReclaimable:     117328 kB
SUnreclaim:       155020 kB
KernelStack:       50560 kB
PageTables:        71036 kB
NFS_Unstable:          0 kB
Bounce:                0 kB
WritebackTmp:          0 kB
CommitLimit:     9202292 kB
Committed_AS:   77571724 kB
VmallocTotal:   263061440 kB
VmallocUsed:      107808 kB
VmallocChunk:          0 kB
Percpu:             7648 kB
CmaTotal:         294912 kB
CmaFree:               0 kB
MemTotal:       12113136 kB
MemFree:         4262620 kB
MemAvailable:    7610528 kB
Buffers:            6544 kB
Cached:          2516644 kB
SwapCached:            0 kB
Active:          1830252 kB
Inactive:        2144024 kB
Active(anon):    1460256 kB
Inactive(anon):    34104 kB
Active(file):     369996 kB
Inactive(file):  2109920 kB
Unevictable:        5564 kB
Mlocked:            5564 kB
SwapTotal:       3145724 kB
SwapFree:        3145724 kB
Dirty:               512 kB
Writeback:             0 kB
AnonPages:       1456704 kB
Mapped:           979864 kB
Shmem:             38796 kB
KReclaimable:    1736696 kB
Slab:             272348 kB
SReclaimable:     117328 kB
SUnreclaim:       155020 kB
KernelStack:       50592 kB
PageTables:        71040 kB
NFS_Unstable:          0 kB
Bounce:                0 kB
WritebackTmp:          0 kB
CommitLimit:     9202292 kB
Committed_AS:   77566500 kB
VmallocTotal:   263061440 kB
VmallocUsed:      107760 kB
VmallocChunk:          0 kB
Percpu:             7648 kB
CmaTotal:         294912 kB
CmaFree:               0 kB
MemTotal:       12113136 kB
MemFree:         4260420 kB
MemAvailable:    7608348 kB
Buffers:            6544 kB
Cached:          2516664 kB
SwapCached:            0 kB
Active:          1832220 kB
Inactive:        2144044 kB
Active(anon):    1462224 kB
Inactive(anon):    34104 kB
Active(file):     369996 kB
Inactive(file):  2109940 kB
Unevictable:        5564 kB
Mlocked:            5564 kB
SwapTotal:       3145724 kB
SwapFree:        3145724 kB
Dirty:               588 kB
Writeback:             0 kB
AnonPages:       1458628 kB
Mapped:           979700 kB
Shmem:             38796 kB
KReclaimable:    1736696 kB
Slab:             272348 kB
SReclaimable:     117328 kB
SUnreclaim:       155020 kB
KernelStack:       50592 kB
PageTables:        71136 kB
NFS_Unstable:          0 kB
Bounce:                0 kB
WritebackTmp:          0 kB
CommitLimit:     9202292 kB
Committed_AS:   77571148 kB
VmallocTotal:   263061440 kB
VmallocUsed:      107792 kB
VmallocChunk:          0 kB
Percpu:             7648 kB
CmaTotal:         294912 kB
CmaFree:               0 kB
MemTotal:       12113136 kB
MemFree:         4257832 kB
MemAvailable:    7605772 kB
Buffers:            6544 kB
Cached:          2516676 kB
SwapCached:            0 kB
Active:          1834188 kB
Inactive:        2144056 kB
Active(anon):    1464192 kB
Inactive(anon):    34104 kB
Active(file):     369996 kB
Inactive(file):  2109952 kB
Unevictable:        5564 kB
Mlocked:            5564 kB
SwapTotal:       3145724 kB
SwapFree:        3145724 kB
Dirty:               620 kB
Writeback:             0 kB
AnonPages:       1460752 kB
Mapped:           979700 kB
Shmem:             38796 kB
KReclaimable:    1736696 kB
Slab:             272352 kB
SReclaimable:     117328 kB
SUnreclaim:       155024 kB
KernelStack:       50592 kB
PageTables:        71036 kB
NFS_Unstable:          0 kB
Bounce:                0 kB
WritebackTmp:          0 kB
CommitLimit:     9202292 kB
Committed_AS:   77565024 kB
VmallocTotal:   263061440 kB
VmallocUsed:      107792 kB
VmallocChunk:          0 kB
Percpu:             7648 kB
CmaTotal:         294912 kB
CmaFree:               0 kB
MemTotal:       12113136 kB
MemFree:         4257508 kB
MemAvailable:    7605460 kB
Buffers:            6544 kB
Cached:          2516688 kB
SwapCached:            0 kB
Active:          1835192 kB
Inactive:        2144068 kB
Active(anon):    1465196 kB
Inactive(anon):    34104 kB
Active(file):     369996 kB
Inactive(file):  2109964 kB
Unevictable:        5564 kB
Mlocked:            5564 kB
SwapTotal:       3145724 kB
SwapFree:        3145724 kB
Dirty:               644 kB
Writeback:             0 kB
AnonPages:       1461660 kB
Mapped:           979744 kB
Shmem:             38796 kB
KReclaimable:    1736696 kB
Slab:             272360 kB
SReclaimable:     117328 kB
SUnreclaim:       155032 kB
KernelStack:       50592 kB
PageTables:        71112 kB
NFS_Unstable:          0 kB
Bounce:                0 kB
WritebackTmp:          0 kB
CommitLimit:     9202292 kB
Committed_AS:   77578268 kB
VmallocTotal:   263061440 kB
VmallocUsed:      107792 kB
VmallocChunk:          0 kB
Percpu:             7648 kB
CmaTotal:         294912 kB
CmaFree:               0 kB
MemTotal:       12113136 kB
MemFree:         4255940 kB
MemAvailable:    7603908 kB
Buffers:            6544 kB
Cached:          2516708 kB
SwapCached:            0 kB
Active:          1836524 kB
Inactive:        2144088 kB
Active(anon):    1466528 kB
Inactive(anon):    34108 kB
Active(file):     369996 kB
Inactive(file):  2109980 kB
Unevictable:        5564 kB
Mlocked:            5564 kB
SwapTotal:       3145724 kB
SwapFree:        3145724 kB
Dirty:               672 kB
Writeback:             8 kB
AnonPages:       1462400 kB
Mapped:           979960 kB
Shmem:             38800 kB
KReclaimable:    1736696 kB
Slab:             272352 kB
SReclaimable:     117328 kB
SUnreclaim:       155024 kB
KernelStack:       50528 kB
PageTables:        71364 kB
NFS_Unstable:          0 kB
Bounce:                0 kB
WritebackTmp:          0 kB
CommitLimit:     9202292 kB
Committed_AS:   77576352 kB
VmallocTotal:   263061440 kB
VmallocUsed:      107744 kB
VmallocChunk:          0 kB
Percpu:             7648 kB
CmaTotal:         294912 kB
CmaFree:               0 kB
MemTotal:       12113136 kB
MemFree:         4265424 kB
MemAvailable:    7613412 kB
Buffers:            6544 kB
Cached:          2516728 kB
SwapCached:            0 kB
Active:          1826868 kB
Inactive:        2144108 kB
Active(anon):    1456872 kB
Inactive(anon):    34108 kB
Active(file):     369996 kB
Inactive(file):  2110000 kB
Unevictable:        5564 kB
Mlocked:            5564 kB
SwapTotal:       3145724 kB
SwapFree:        3145724 kB
Dirty:               244 kB
Writeback:             0 kB
AnonPages:       1453384 kB
Mapped:           980104 kB
Shmem:             38800 kB
KReclaimable:    1736696 kB
Slab:             272320 kB
SReclaimable:     117328 kB
SUnreclaim:       154992 kB
KernelStack:       50608 kB
PageTables:        71240 kB
NFS_Unstable:          0 kB
Bounce:                0 kB
WritebackTmp:          0 kB
CommitLimit:     9202292 kB
Committed_AS:   77574064 kB
VmallocTotal:   263061440 kB
VmallocUsed:      107712 kB
VmallocChunk:          0 kB
Percpu:             7648 kB
CmaTotal:         294912 kB
CmaFree:              16 kB
MemTotal:       12113136 kB
MemFree:         4270480 kB
MemAvailable:    7618476 kB
Buffers:            6544 kB
Cached:          2516736 kB
SwapCached:            0 kB
Active:          1822304 kB
Inactive:        2144116 kB
Active(anon):    1452308 kB
Inactive(anon):    34108 kB
Active(file):     369996 kB
Inactive(file):  2110008 kB
Unevictable:        5564 kB
Mlocked:            5564 kB
SwapTotal:       3145724 kB
SwapFree:        3145724 kB
Dirty:               344 kB
Writeback:             0 kB
AnonPages:       1448700 kB
Mapped:           979860 kB
Shmem:             38800 kB
KReclaimable:    1736696 kB
Slab:             272316 kB
SReclaimable:     117328 kB
SUnreclaim:       154988 kB
KernelStack:       50608 kB
PageTables:        71024 kB
NFS_Unstable:          0 kB
Bounce:                0 kB
WritebackTmp:          0 kB
CommitLimit:     9202292 kB
Committed_AS:   77573172 kB
VmallocTotal:   263061440 kB
VmallocUsed:      107792 kB
VmallocChunk:          0 kB
Percpu:             7648 kB
CmaTotal:         294912 kB
CmaFree:              56 kB
MemTotal:       12113136 kB
MemFree:         4269032 kB
MemAvailable:    7617036 kB
Buffers:            6544 kB
Cached:          2516744 kB
SwapCached:            0 kB
Active:          1821544 kB
Inactive:        2144124 kB
Active(anon):    1451548 kB
Inactive(anon):    34108 kB
Active(file):     369996 kB
Inactive(file):  2110016 kB
Unevictable:        5564 kB
Mlocked:            5564 kB
SwapTotal:       3145724 kB
SwapFree:        3145724 kB
Dirty:               372 kB
Writeback:             0 kB
AnonPages:       1447936 kB
Mapped:           979228 kB
Shmem:             38800 kB
KReclaimable:    1736696 kB
Slab:             272316 kB
SReclaimable:     117328 kB
SUnreclaim:       154988 kB
KernelStack:       50528 kB
PageTables:        70944 kB
NFS_Unstable:          0 kB
Bounce:                0 kB
WritebackTmp:          0 kB
CommitLimit:     9202292 kB
Committed_AS:   77569300 kB
VmallocTotal:   263061440 kB
VmallocUsed:      107776 kB
VmallocChunk:          0 kB
Percpu:             7648 kB
CmaTotal:         294912 kB
CmaFree:              32 kB
MemTotal:       12113136 kB
MemFree:         4267332 kB
MemAvailable:    7615356 kB
Buffers:            6544 kB
Cached:          2516764 kB
SwapCached:            0 kB
Active:          1822396 kB
Inactive:        2144144 kB
Active(anon):    1452400 kB
Inactive(anon):    34108 kB
Active(file):     369996 kB
Inactive(file):  2110036 kB
Unevictable:        5564 kB
Mlocked:            5564 kB
SwapTotal:       3145724 kB
SwapFree:        3145724 kB
Dirty:               464 kB
Writeback:             0 kB
AnonPages:       1448876 kB
Mapped:           979168 kB
Shmem:             38800 kB
KReclaimable:    1736696 kB
Slab:             272316 kB
SReclaimable:     117328 kB
SUnreclaim:       154988 kB
KernelStack:       50512 kB
PageTables:        71096 kB
NFS_Unstable:          0 kB
Bounce:                0 kB
WritebackTmp:          0 kB
CommitLimit:     9202292 kB
Committed_AS:   77569324 kB
VmallocTotal:   263061440 kB
VmallocUsed:      107760 kB
VmallocChunk:          0 kB
Percpu:             7648 kB
CmaTotal:         294912 kB
CmaFree:               0 kB
MemTotal:       12113136 kB
MemFree:         4269164 kB
MemAvailable:    7617208 kB
Buffers:            6544 kB
Cached:          2516784 kB
SwapCached:            0 kB
Active:          1823200 kB
Inactive:        2144160 kB
Active(anon):    1453200 kB
Inactive(anon):    34108 kB
Active(file):     370000 kB
Inactive(file):  2110052 kB
Unevictable:        5564 kB
Mlocked:            5564 kB
SwapTotal:       3145724 kB
SwapFree:        3145724 kB
Dirty:               488 kB
Writeback:             0 kB
AnonPages:       1450028 kB
Mapped:           979284 kB
Shmem:             38800 kB
KReclaimable:    1736696 kB
Slab:             272320 kB
SReclaimable:     117328 kB
SUnreclaim:       154992 kB
KernelStack:       50480 kB
PageTables:        70988 kB
NFS_Unstable:          0 kB
Bounce:                0 kB
WritebackTmp:          0 kB
CommitLimit:     9202292 kB
Committed_AS:   77555496 kB
VmallocTotal:   263061440 kB
VmallocUsed:      107680 kB
VmallocChunk:          0 kB
Percpu:             7648 kB
CmaTotal:         294912 kB
CmaFree:               8 kB
MemTotal:       12113136 kB
MemFree:         4266684 kB
MemAvailable:    7614740 kB
Buffers:            6548 kB
Cached:          2516792 kB
SwapCached:            0 kB
Active:          1825580 kB
Inactive:        2144172 kB
Active(anon):    1455580 kB
Inactive(anon):    34108 kB
Active(file):     370000 kB
Inactive(file):  2110064 kB
Unevictable:        5564 kB
Mlocked:            5564 kB
SwapTotal:       3145724 kB
SwapFree:        3145724 kB
Dirty:               300 kB
Writeback:             0 kB
AnonPages:       1451708 kB
Mapped:           979628 kB
Shmem:             38800 kB
KReclaimable:    1736696 kB
Slab:             272320 kB
SReclaimable:     117328 kB
SUnreclaim:       154992 kB
KernelStack:       50496 kB
PageTables:        71280 kB
NFS_Unstable:          0 kB
Bounce:                0 kB
WritebackTmp:          0 kB
CommitLimit:     9202292 kB
Committed_AS:   77560208 kB
VmallocTotal:   263061440 kB
VmallocUsed:      107696 kB
VmallocChunk:          0 kB
Percpu:             7648 kB
CmaTotal:         294912 kB
CmaFree:               0 kB
MemTotal:       12113136 kB
MemFree:         4265140 kB
MemAvailable:    7613216 kB
Buffers:            6548 kB
Cached:          2516812 kB
SwapCached:            0 kB
Active:          1826168 kB
Inactive:        2144192 kB
Active(anon):    1456168 kB
Inactive(anon):    34108 kB
Active(file):     370000 kB
Inactive(file):  2110084 kB
Unevictable:        5564 kB
Mlocked:            5564 kB
SwapTotal:       3145724 kB
SwapFree:        3145724 kB
Dirty:               308 kB
Writeback:             0 kB
AnonPages:       1453132 kB
Mapped:           979524 kB
Shmem:             38800 kB
KReclaimable:    1736696 kB
Slab:             272352 kB
SReclaimable:     117328 kB
SUnreclaim:       155024 kB
KernelStack:       50516 kB
PageTables:        71256 kB
NFS_Unstable:          0 kB
Bounce:                0 kB
WritebackTmp:          0 kB
CommitLimit:     9202292 kB
Committed_AS:   77570024 kB
VmallocTotal:   263061440 kB
VmallocUsed:      107728 kB
VmallocChunk:          0 kB
Percpu:             7648 kB
CmaTotal:         294912 kB
CmaFree:               0 kB
MemTotal:       12113136 kB
MemFree:         4264052 kB
MemAvailable:    7612156 kB
Buffers:            6548 kB
Cached:          2516840 kB
SwapCached:            0 kB
Active:          1828888 kB
Inactive:        2144220 kB
Active(anon):    1458888 kB
Inactive(anon):    34108 kB
Active(file):     370000 kB
Inactive(file):  2110112 kB
Unevictable:        5564 kB
Mlocked:            5564 kB
SwapTotal:       3145724 kB
SwapFree:        3145724 kB
Dirty:               460 kB
Writeback:             0 kB
AnonPages:       1455324 kB
Mapped:           979328 kB
Shmem:             38800 kB
KReclaimable:    1736696 kB
Slab:             272356 kB
SReclaimable:     117328 kB
SUnreclaim:       155028 kB
KernelStack:       50496 kB
PageTables:        71116 kB
NFS_Unstable:          0 kB
Bounce:                0 kB
WritebackTmp:          0 kB
CommitLimit:     9202292 kB
Committed_AS:   77570204 kB
VmallocTotal:   263061440 kB
VmallocUsed:      107680 kB
VmallocChunk:          0 kB
Percpu:             7648 kB
CmaTotal:         294912 kB
CmaFree:               0 kB
MemTotal:       12113136 kB
MemFree:         4262600 kB
MemAvailable:    7610716 kB
Buffers:            6548 kB
Cached:          2516852 kB
SwapCached:            0 kB
Active:          1829692 kB
Inactive:        2144228 kB
Active(anon):    1459688 kB
Inactive(anon):    34108 kB
Active(file):     370004 kB
Inactive(file):  2110120 kB
Unevictable:        5564 kB
Mlocked:            5564 kB
SwapTotal:       3145724 kB
SwapFree:        3145724 kB
Dirty:               516 kB
Writeback:             0 kB
AnonPages:       1456148 kB
Mapped:           979392 kB
Shmem:             38800 kB
KReclaimable:    1736696 kB
Slab:             272356 kB
SReclaimable:     117328 kB
SUnreclaim:       155028 kB
KernelStack:       50432 kB
PageTables:        71152 kB
NFS_Unstable:          0 kB
Bounce:                0 kB
WritebackTmp:          0 kB
CommitLimit:     9202292 kB
Committed_AS:   77564628 kB
VmallocTotal:   263061440 kB
VmallocUsed:      107648 kB
VmallocChunk:          0 kB
Percpu:             7648 kB
CmaTotal:         294912 kB
CmaFree:               0 kB
MemTotal:       12113136 kB
MemFree:         4263344 kB
MemAvailable:    7611464 kB
Buffers:            6548 kB
Cached:          2516860 kB
SwapCached:            0 kB
Active:          1828280 kB
Inactive:        2144236 kB
Active(anon):    1458276 kB
Inactive(anon):    34112 kB
Active(file):     370004 kB
Inactive(file):  2110124 kB
Unevictable:        5564 kB
Mlocked:            5564 kB
SwapTotal:       3145724 kB
SwapFree:        3145724 kB
Dirty:               580 kB
Writeback:             0 kB
AnonPages:       1455052 kB
Mapped:           979676 kB
Shmem:             38804 kB
KReclaimable:    1736696 kB
Slab:             272356 kB
SReclaimable:     117328 kB
SUnreclaim:       155028 kB
KernelStack:       50416 kB
PageTables:        71112 kB
NFS_Unstable:          0 kB
Bounce:                0 kB
WritebackTmp:          0 kB
CommitLimit:     9202292 kB
Committed_AS:   77563772 kB
VmallocTotal:   263061440 kB
VmallocUsed:      107664 kB
VmallocChunk:          0 kB
Percpu:             7648 kB
CmaTotal:         294912 kB
CmaFree:               0 kB
MemTotal:       12113136 kB
MemFree:         4261688 kB
MemAvailable:    7609828 kB
Buffers:            6548 kB
Cached:          2516880 kB
SwapCached:            0 kB
Active:          1830048 kB
Inactive:        2144256 kB
Active(anon):    1460044 kB
Inactive(anon):    34112 kB
Active(file):     370004 kB
Inactive(file):  2110144 kB
Unevictable:        5564 kB
Mlocked:            5564 kB
SwapTotal:       3145724 kB
SwapFree:        3145724 kB
Dirty:               620 kB
Writeback:             0 kB
AnonPages:       1456472 kB
Mapped:           979464 kB
Shmem:             38804 kB
KReclaimable:    1736696 kB
Slab:             272376 kB
SReclaimable:     117328 kB
SUnreclaim:       155048 kB
KernelStack:       50480 kB
PageTables:        70860 kB
NFS_Unstable:          0 kB
Bounce:                0 kB
WritebackTmp:          0 kB
CommitLimit:     9202292 kB
Committed_AS:   77557324 kB
VmallocTotal:   263061440 kB
VmallocUsed:      107648 kB
VmallocChunk:          0 kB
Percpu:             7648 kB
CmaTotal:         294912 kB
CmaFree:               0 kB
MemTotal:       12113136 kB
MemFree:         4274096 kB
MemAvailable:    7622252 kB
Buffers:            6548 kB
Cached:          2516896 kB
SwapCached:            0 kB
Active:          1816844 kB
Inactive:        2144272 kB
Active(anon):    1446840 kB
Inactive(anon):    34112 kB
Active(file):     370004 kB
Inactive(file):  2110160 kB
Unevictable:        5564 kB
Mlocked:            5564 kB
SwapTotal:       3145724 kB
SwapFree:        3145724 kB
Dirty:               296 kB
Writeback:             0 kB
AnonPages:       1443524 kB
Mapped:           979448 kB
Shmem:             38804 kB
KReclaimable:    1736696 kB
Slab:             272368 kB
SReclaimable:     117328 kB
SUnreclaim:       155040 kB
KernelStack:       50448 kB
PageTables:        71140 kB
NFS_Unstable:          0 kB
Bounce:                0 kB
WritebackTmp:          0 kB
CommitLimit:     9202292 kB
Committed_AS:   77568500 kB
VmallocTotal:   263061440 kB
VmallocUsed:      107696 kB
VmallocChunk:          0 kB
Percpu:             7648 kB
CmaTotal:         294912 kB
CmaFree:               0 kB
MemTotal:       12113136 kB
MemFree:         4270796 kB
MemAvailable:    7618968 kB
Buffers:            6548 kB
Cached:          2516912 kB
SwapCached:            0 kB
Active:          1821056 kB
Inactive:        2144288 kB
Active(anon):    1451052 kB
Inactive(anon):    34112 kB
Active(file):     370004 kB
Inactive(file):  2110176 kB
Unevictable:        5564 kB
Mlocked:            5564 kB
SwapTotal:       3145724 kB
SwapFree:        3145724 kB
Dirty:               384 kB
Writeback:             0 kB
AnonPages:       1447616 kB
Mapped:           979520 kB
Shmem:             38804 kB
KReclaimable:    1736696 kB
Slab:             272356 kB
SReclaimable:     117328 kB
SUnreclaim:       155028 kB
KernelStack:       50412 kB
PageTables:        71124 kB
NFS_Unstable:          0 kB
Bounce:                0 kB
WritebackTmp:          0 kB
CommitLimit:     9202292 kB
Committed_AS:   77570712 kB
VmallocTotal:   263061440 kB
VmallocUsed:      107648 kB
VmallocChunk:          0 kB
Percpu:             7648 kB
CmaTotal:         294912 kB
CmaFree:               0 kB
MemTotal:       12113136 kB
MemFree:         4269648 kB
MemAvailable:    7617836 kB
Buffers:            6548 kB
Cached:          2516928 kB
SwapCached:            0 kB
Active:          1822244 kB
Inactive:        2144300 kB
Active(anon):    1452236 kB
Inactive(anon):    34112 kB
Active(file):     370008 kB
Inactive(file):  2110188 kB
Unevictable:        5564 kB
Mlocked:            5564 kB
SwapTotal:       3145724 kB
SwapFree:        3145724 kB
Dirty:               436 kB
Writeback:             0 kB
AnonPages:       1448616 kB
Mapped:           979604 kB
Shmem:             38804 kB
KReclaimable:    1736696 kB
Slab:             272356 kB
SReclaimable:     117328 kB
SUnreclaim:       155028 kB
KernelStack:       50460 kB
PageTables:        71112 kB
NFS_Unstable:          0 kB
Bounce:                0 kB
WritebackTmp:          0 kB
CommitLimit:     9202292 kB
Committed_AS:   77572824 kB
VmallocTotal:   263061440 kB
VmallocUsed:      107616 kB
VmallocChunk:          0 kB
Percpu:             7648 kB
CmaTotal:         294912 kB
CmaFree:               0 kB
MemTotal:       12113136 kB
MemFree:         4269684 kB
MemAvailable:    7617876 kB
Buffers:            6548 kB
Cached:          2516932 kB
SwapCached:            0 kB
Active:          1823352 kB
Inactive:        2144308 kB
Active(anon):    1453348 kB
Inactive(anon):    34112 kB
Active(file):     370004 kB
Inactive(file):  2110196 kB
Unevictable:        5564 kB
Mlocked:            5564 kB
SwapTotal:       3145724 kB
SwapFree:        3145724 kB
Dirty:               504 kB
Writeback:             0 kB
AnonPages:       1449492 kB
Mapped:           979724 kB
Shmem:             38804 kB
KReclaimable:    1736696 kB
Slab:             272364 kB
SReclaimable:     117328 kB
SUnreclaim:       155036 kB
KernelStack:       50480 kB
PageTables:        71032 kB
NFS_Unstable:          0 kB
Bounce:                0 kB
WritebackTmp:          0 kB
CommitLimit:     9202292 kB
Committed_AS:   77570060 kB
VmallocTotal:   263061440 kB
VmallocUsed:      107632 kB
VmallocChunk:          0 kB
Percpu:             7648 kB
CmaTotal:         294912 kB
CmaFree:               0 kB
MemTotal:       12113136 kB
MemFree:         4267384 kB
MemAvailable:    7615596 kB
Buffers:            6548 kB
Cached:          2516952 kB
SwapCached:            0 kB
Active:          1824392 kB
Inactive:        2144328 kB
Active(anon):    1454388 kB
Inactive(anon):    34112 kB
Active(file):     370004 kB
Inactive(file):  2110216 kB
Unevictable:        5564 kB
Mlocked:            5564 kB
SwapTotal:       3145724 kB
SwapFree:        3145724 kB
Dirty:               556 kB
Writeback:             0 kB
AnonPages:       1451380 kB
Mapped:           979556 kB
Shmem:             38804 kB
KReclaimable:    1736696 kB
Slab:             272352 kB
SReclaimable:     117328 kB
SUnreclaim:       155024 kB
KernelStack:       50400 kB
PageTables:        71032 kB
NFS_Unstable:          0 kB
Bounce:                0 kB
WritebackTmp:          0 kB
CommitLimit:     9202292 kB
Committed_AS:   77565348 kB
VmallocTotal:   263061440 kB
VmallocUsed:      107632 kB
VmallocChunk:          0 kB
Percpu:             7648 kB
CmaTotal:         294912 kB
CmaFree:              20 kB
MemTotal:       12113136 kB
MemFree:         4266412 kB
MemAvailable:    7614632 kB
Buffers:            6548 kB
Cached:          2516960 kB
SwapCached:            0 kB
Active:          1825420 kB
Inactive:        2144336 kB
Active(anon):    1455416 kB
Inactive(anon):    34112 kB
Active(file):     370004 kB
Inactive(file):  2110224 kB
Unevictable:        5564 kB
Mlocked:            5564 kB
SwapTotal:       3145724 kB
SwapFree:        3145724 kB
Dirty:               332 kB
Writeback:             0 kB
AnonPages:       1451624 kB
Mapped:           979628 kB
Shmem:             38804 kB
KReclaimable:    1736696 kB
Slab:             272404 kB
SReclaimable:     117328 kB
SUnreclaim:       155076 kB
KernelStack:       50528 kB
PageTables:        71084 kB
NFS_Unstable:          0 kB
Bounce:                0 kB
WritebackTmp:          0 kB
CommitLimit:     9202292 kB
Committed_AS:   77564288 kB
VmallocTotal:   263061440 kB
VmallocUsed:      107712 kB
VmallocChunk:          0 kB
Percpu:             7648 kB
CmaTotal:         294912 kB
CmaFree:               0 kB
MemTotal:       12113136 kB
MemFree:         4264988 kB
MemAvailable:    7613220 kB
Buffers:            6548 kB
Cached:          2516972 kB
SwapCached:            0 kB
Active:          1826512 kB
Inactive:        2144348 kB
Active(anon):    1456508 kB
Inactive(anon):    34112 kB
Active(file):     370004 kB
Inactive(file):  2110236 kB
Unevictable:        5564 kB
Mlocked:            5564 kB
SwapTotal:       3145724 kB
SwapFree:        3145724 kB
Dirty:               424 kB
Writeback:             0 kB
AnonPages:       1452976 kB
Mapped:           979628 kB
Shmem:             38804 kB
KReclaimable:    1736696 kB
Slab:             272396 kB
SReclaimable:     117328 kB
SUnreclaim:       155068 kB
KernelStack:       50496 kB
PageTables:        71164 kB
NFS_Unstable:          0 kB
Bounce:                0 kB
WritebackTmp:          0 kB
CommitLimit:     9202292 kB
Committed_AS:   77561172 kB
VmallocTotal:   263061440 kB
VmallocUsed:      107776 kB
VmallocChunk:          0 kB
Percpu:             7648 kB
CmaTotal:         294912 kB
CmaFree:               0 kB
MemTotal:       12113136 kB
MemFree:         4263772 kB
MemAvailable:    7612016 kB
Buffers:            6548 kB
Cached:          2516984 kB
SwapCached:            0 kB
Active:          1827500 kB
Inactive:        2144364 kB
Active(anon):    1457500 kB
Inactive(anon):    34112 kB
Active(file):     370000 kB
Inactive(file):  2110252 kB
Unevictable:        5564 kB
Mlocked:            5564 kB
SwapTotal:       3145724 kB
SwapFree:        3145724 kB
Dirty:               444 kB
Writeback:             0 kB
AnonPages:       1454092 kB
Mapped:           979724 kB
Shmem:             38804 kB
KReclaimable:    1736696 kB
Slab:             272412 kB
SReclaimable:     117328 kB
SUnreclaim:       155084 kB
KernelStack:       50560 kB
PageTables:        71136 kB
NFS_Unstable:          0 kB
Bounce:                0 kB
WritebackTmp:          0 kB
CommitLimit:     9202292 kB
Committed_AS:   77571076 kB
VmallocTotal:   263061440 kB
VmallocUsed:      107712 kB
VmallocChunk:          0 kB
Percpu:             7648 kB
CmaTotal:         294912 kB
CmaFree:               0 kB
MemTotal:       12113136 kB
MemFree:         4271924 kB
MemAvailable:    7620180 kB
Buffers:            6548 kB
Cached:          2517004 kB
SwapCached:            0 kB
Active:          1818496 kB
Inactive:        2144384 kB
Active(anon):    1448496 kB
Inactive(anon):    34120 kB
Active(file):     370000 kB
Inactive(file):  2110264 kB
Unevictable:        5564 kB
Mlocked:            5564 kB
SwapTotal:       3145724 kB
SwapFree:        3145724 kB
Dirty:               480 kB
Writeback:             0 kB
AnonPages:       1444928 kB
Mapped:           979744 kB
Shmem:             38812 kB
KReclaimable:    1736696 kB
Slab:             272404 kB
SReclaimable:     117328 kB
SUnreclaim:       155076 kB
KernelStack:       50512 kB
PageTables:        71076 kB
NFS_Unstable:          0 kB
Bounce:                0 kB
WritebackTmp:          0 kB
CommitLimit:     9202292 kB
Committed_AS:   77565504 kB
VmallocTotal:   263061440 kB
VmallocUsed:      107744 kB
VmallocChunk:          0 kB
Percpu:             7648 kB
CmaTotal:         294912 kB
CmaFree:               0 kB
MemTotal:       12113136 kB
MemFree:         4272652 kB
MemAvailable:    7620948 kB
Buffers:            6552 kB
Cached:          2517040 kB
SwapCached:            0 kB
Active:          1819680 kB
Inactive:        2144416 kB
Active(anon):    1449672 kB
Inactive(anon):    34120 kB
Active(file):     370008 kB
Inactive(file):  2110296 kB
Unevictable:        5564 kB
Mlocked:            5564 kB
SwapTotal:       3145724 kB
SwapFree:        3145724 kB
Dirty:               544 kB
Writeback:             0 kB
AnonPages:       1446268 kB
Mapped:           979852 kB
Shmem:             38812 kB
KReclaimable:    1736696 kB
Slab:             272396 kB
SReclaimable:     117328 kB
SUnreclaim:       155068 kB
KernelStack:       50480 kB
PageTables:        71032 kB
NFS_Unstable:          0 kB
Bounce:                0 kB
WritebackTmp:          0 kB
CommitLimit:     9202292 kB
Committed_AS:   77560220 kB
VmallocTotal:   263061440 kB
VmallocUsed:      107728 kB
VmallocChunk:          0 kB
Percpu:             7648 kB
CmaTotal:         294912 kB
CmaFree:               0 kB
MemTotal:       12113136 kB
MemFree:         4272756 kB
MemAvailable:    7621072 kB
Buffers:            6552 kB
Cached:          2517060 kB
SwapCached:            0 kB
Active:          1817704 kB
Inactive:        2144436 kB
Active(anon):    1447696 kB
Inactive(anon):    34120 kB
Active(file):     370008 kB
Inactive(file):  2110316 kB
Unevictable:        5564 kB
Mlocked:            5564 kB
SwapTotal:       3145724 kB
SwapFree:        3145724 kB
Dirty:               600 kB
Writeback:             0 kB
AnonPages:       1444096 kB
Mapped:           979804 kB
Shmem:             38812 kB
KReclaimable:    1736696 kB
Slab:             272412 kB
SReclaimable:     117328 kB
SUnreclaim:       155084 kB
KernelStack:       50528 kB
PageTables:        71028 kB
NFS_Unstable:          0 kB
Bounce:                0 kB
WritebackTmp:          0 kB
CommitLimit:     9202292 kB
Committed_AS:   77570664 kB
VmallocTotal:   263061440 kB
VmallocUsed:      107744 kB
VmallocChunk:          0 kB
Percpu:             7648 kB
CmaTotal:         294912 kB
CmaFree:               0 kB
MemTotal:       12113136 kB
MemFree:         4270620 kB
MemAvailable:    7618948 kB
Buffers:            6552 kB
Cached:          2517040 kB
SwapCached:            0 kB
Active:          1821984 kB
Inactive:        2144416 kB
Active(anon):    1451976 kB
Inactive(anon):    34088 kB
Active(file):     370008 kB
Inactive(file):  2110328 kB
Unevictable:        5564 kB
Mlocked:            5564 kB
SwapTotal:       3145724 kB
SwapFree:        3145724 kB
Dirty:               632 kB
Writeback:             0 kB
AnonPages:       1448320 kB
Mapped:           979944 kB
Shmem:             38780 kB
KReclaimable:    1736696 kB
Slab:             272416 kB
SReclaimable:     117328 kB
SUnreclaim:       155088 kB
KernelStack:       50528 kB
PageTables:        71108 kB
NFS_Unstable:          0 kB
Bounce:                0 kB
WritebackTmp:          0 kB
CommitLimit:     9202292 kB
Committed_AS:   77569732 kB
VmallocTotal:   263061440 kB
VmallocUsed:      107744 kB
VmallocChunk:          0 kB
Percpu:             7648 kB
CmaTotal:         294912 kB
CmaFree:               0 kB
MemTotal:       12113136 kB
MemFree:         4269940 kB
MemAvailable:    7618284 kB
Buffers:            6552 kB
Cached:          2517092 kB
SwapCached:            0 kB
Active:          1822984 kB
Inactive:        2144464 kB
Active(anon):    1452972 kB
Inactive(anon):    34124 kB
Active(file):     370012 kB
Inactive(file):  2110340 kB
Unevictable:        5564 kB
Mlocked:            5564 kB
SwapTotal:       3145724 kB
SwapFree:        3145724 kB
Dirty:               664 kB
Writeback:             0 kB
AnonPages:       1449112 kB
Mapped:           979852 kB
Shmem:             38816 kB
KReclaimable:    1736696 kB
Slab:             272408 kB
SReclaimable:     117328 kB
SUnreclaim:       155080 kB
KernelStack:       50544 kB
PageTables:        70756 kB
NFS_Unstable:          0 kB
Bounce:                0 kB
WritebackTmp:          0 kB
CommitLimit:     9202292 kB
Committed_AS:   77565208 kB
VmallocTotal:   263061440 kB
VmallocUsed:      107728 kB
VmallocChunk:          0 kB
Percpu:             7648 kB
CmaTotal:         294912 kB
CmaFree:               0 kB
MemTotal:       12113136 kB
MemFree:         4271120 kB
MemAvailable:    7619472 kB
Buffers:            6552 kB
Cached:          2517100 kB
SwapCached:            0 kB
Active:          1820676 kB
Inactive:        2144476 kB
Active(anon):    1450668 kB
Inactive(anon):    34124 kB
Active(file):     370008 kB
Inactive(file):  2110352 kB
Unevictable:        5564 kB
Mlocked:            5564 kB
SwapTotal:       3145724 kB
SwapFree:        3145724 kB
Dirty:               712 kB
Writeback:             0 kB
AnonPages:       1446904 kB
Mapped:           979912 kB
Shmem:             38816 kB
KReclaimable:    1736696 kB
Slab:             272392 kB
SReclaimable:     117328 kB
SUnreclaim:       155064 kB
KernelStack:       50528 kB
PageTables:        71072 kB
NFS_Unstable:          0 kB
Bounce:                0 kB
WritebackTmp:          0 kB
CommitLimit:     9202292 kB
Committed_AS:   77575288 kB
VmallocTotal:   263061440 kB
VmallocUsed:      107728 kB
VmallocChunk:          0 kB
Percpu:             7648 kB
CmaTotal:         294912 kB
CmaFree:               0 kB
MemTotal:       12113136 kB
MemFree:         4268456 kB
MemAvailable:    7616816 kB
Buffers:            6552 kB
Cached:          2517108 kB
SwapCached:            0 kB
Active:          1822468 kB
Inactive:        2144484 kB
Active(anon):    1452460 kB
Inactive(anon):    34124 kB
Active(file):     370008 kB
Inactive(file):  2110360 kB
Unevictable:        5564 kB
Mlocked:            5564 kB
SwapTotal:       3145724 kB
SwapFree:        3145724 kB
Dirty:               748 kB
Writeback:             0 kB
AnonPages:       1448976 kB
Mapped:           979976 kB
Shmem:             38816 kB
KReclaimable:    1736696 kB
Slab:             272420 kB
SReclaimable:     117328 kB
SUnreclaim:       155092 kB
KernelStack:       50544 kB
PageTables:        71084 kB
NFS_Unstable:          0 kB
Bounce:                0 kB
WritebackTmp:          0 kB
CommitLimit:     9202292 kB
Committed_AS:   77580656 kB
VmallocTotal:   263061440 kB
VmallocUsed:      107776 kB
VmallocChunk:          0 kB
Percpu:             7648 kB
CmaTotal:         294912 kB
CmaFree:               0 kB
MemTotal:       12113136 kB
MemFree:         4268912 kB
MemAvailable:    7617304 kB
Buffers:            6552 kB
Cached:          2517140 kB
SwapCached:            0 kB
Active:          1823480 kB
Inactive:        2144512 kB
Active(anon):    1453468 kB
Inactive(anon):    34124 kB
Active(file):     370012 kB
Inactive(file):  2110388 kB
Unevictable:        5564 kB
Mlocked:            5564 kB
SwapTotal:       3145724 kB
SwapFree:        3145724 kB
Dirty:               300 kB
Writeback:             0 kB
AnonPages:       1450052 kB
Mapped:           980112 kB
Shmem:             38816 kB
KReclaimable:    1736696 kB
Slab:             272388 kB
SReclaimable:     117328 kB
SUnreclaim:       155060 kB
KernelStack:       50480 kB
PageTables:        71108 kB
NFS_Unstable:          0 kB
Bounce:                0 kB
WritebackTmp:          0 kB
CommitLimit:     9202292 kB
Committed_AS:   77571084 kB
VmallocTotal:   263061440 kB
VmallocUsed:      107760 kB
VmallocChunk:          0 kB
Percpu:             7648 kB
CmaTotal:         294912 kB
CmaFree:               0 kB
MemTotal:       12113136 kB
MemFree:         4267736 kB
MemAvailable:    7616132 kB
Buffers:            6552 kB
Cached:          2517144 kB
SwapCached:            0 kB
Active:          1824324 kB
Inactive:        2144520 kB
Active(anon):    1454316 kB
Inactive(anon):    34124 kB
Active(file):     370008 kB
Inactive(file):  2110396 kB
Unevictable:        5564 kB
Mlocked:            5564 kB
SwapTotal:       3145724 kB
SwapFree:        3145724 kB
Dirty:               364 kB
Writeback:             0 kB
AnonPages:       1450544 kB
Mapped:           979988 kB
Shmem:             38816 kB
KReclaimable:    1736696 kB
Slab:             272392 kB
SReclaimable:     117328 kB
SUnreclaim:       155064 kB
KernelStack:       50528 kB
PageTables:        71128 kB
NFS_Unstable:          0 kB
Bounce:                0 kB
WritebackTmp:          0 kB
CommitLimit:     9202292 kB
Committed_AS:   77571512 kB
VmallocTotal:   263061440 kB
VmallocUsed:      107760 kB
VmallocChunk:          0 kB
Percpu:             7648 kB
CmaTotal:         294912 kB
CmaFree:               0 kB
MemTotal:       12113136 kB
MemFree:         4271332 kB
MemAvailable:    7619740 kB
Buffers:            6552 kB
Cached:          2517156 kB
SwapCached:            0 kB
Active:          1820012 kB
Inactive:        2144532 kB
Active(anon):    1450004 kB
Inactive(anon):    34124 kB
Active(file):     370008 kB
Inactive(file):  2110408 kB
Unevictable:        5564 kB
Mlocked:            5564 kB
SwapTotal:       3145724 kB
SwapFree:        3145724 kB
Dirty:               396 kB
Writeback:             0 kB
AnonPages:       1446436 kB
Mapped:           980000 kB
Shmem:             38816 kB
KReclaimable:    1736696 kB
Slab:             272384 kB
SReclaimable:     117328 kB
SUnreclaim:       155056 kB
KernelStack:       50496 kB
PageTables:        71020 kB
NFS_Unstable:          0 kB
Bounce:                0 kB
WritebackTmp:          0 kB
CommitLimit:     9202292 kB
Committed_AS:   77569460 kB
VmallocTotal:   263061440 kB
VmallocUsed:      107760 kB
VmallocChunk:          0 kB
Percpu:             7648 kB
CmaTotal:         294912 kB
CmaFree:              36 kB
MemTotal:       12113136 kB
MemFree:         4273336 kB
MemAvailable:    7621748 kB
Buffers:            6552 kB
Cached:          2517160 kB
SwapCached:            0 kB
Active:          1816572 kB
Inactive:        2144536 kB
Active(anon):    1446564 kB
Inactive(anon):    34124 kB
Active(file):     370008 kB
Inactive(file):  2110412 kB
Unevictable:        5564 kB
Mlocked:            5564 kB
SwapTotal:       3145724 kB
SwapFree:        3145724 kB
Dirty:               448 kB
Writeback:             0 kB
AnonPages:       1442768 kB
Mapped:           980300 kB
Shmem:             38816 kB
KReclaimable:    1736696 kB
Slab:             272400 kB
SReclaimable:     117328 kB
SUnreclaim:       155072 kB
KernelStack:       50596 kB
PageTables:        71156 kB
NFS_Unstable:          0 kB
Bounce:                0 kB
WritebackTmp:          0 kB
CommitLimit:     9202292 kB
Committed_AS:   77570100 kB
VmallocTotal:   263061440 kB
VmallocUsed:      107760 kB
VmallocChunk:          0 kB
Percpu:             7648 kB
CmaTotal:         294912 kB
CmaFree:              96 kB
MemTotal:       12113136 kB
MemFree:         4272728 kB
MemAvailable:    7621172 kB
Buffers:            6552 kB
Cached:          2517192 kB
SwapCached:            0 kB
Active:          1818456 kB
Inactive:        2144564 kB
Active(anon):    1448444 kB
Inactive(anon):    34124 kB
Active(file):     370012 kB
Inactive(file):  2110440 kB
Unevictable:        5564 kB
Mlocked:            5564 kB
SwapTotal:       3145724 kB
SwapFree:        3145724 kB
Dirty:               488 kB
Writeback:             0 kB
AnonPages:       1445084 kB
Mapped:           979516 kB
Shmem:             38816 kB
KReclaimable:    1736696 kB
Slab:             272400 kB
SReclaimable:     117328 kB
SUnreclaim:       155072 kB
KernelStack:       50496 kB
PageTables:        71052 kB
NFS_Unstable:          0 kB
Bounce:                0 kB
WritebackTmp:          0 kB
CommitLimit:     9202292 kB
Committed_AS:   77569924 kB
VmallocTotal:   263061440 kB
VmallocUsed:      107760 kB
VmallocChunk:          0 kB
Percpu:             7648 kB
CmaTotal:         294912 kB
CmaFree:               0 kB
MemTotal:       12113136 kB
MemFree:         4271776 kB
MemAvailable:    7620224 kB
Buffers:            6552 kB
Cached:          2517196 kB
SwapCached:            0 kB
Active:          1819776 kB
Inactive:        2144572 kB
Active(anon):    1449768 kB
Inactive(anon):    34124 kB
Active(file):     370008 kB
Inactive(file):  2110448 kB
Unevictable:        5564 kB
Mlocked:            5564 kB
SwapTotal:       3145724 kB
SwapFree:        3145724 kB
Dirty:               532 kB
Writeback:             0 kB
AnonPages:       1446144 kB
Mapped:           979660 kB
Shmem:             38816 kB
KReclaimable:    1736696 kB
Slab:             272404 kB
SReclaimable:     117328 kB
SUnreclaim:       155076 kB
KernelStack:       50512 kB
PageTables:        70984 kB
NFS_Unstable:          0 kB
Bounce:                0 kB
WritebackTmp:          0 kB
CommitLimit:     9202292 kB
Committed_AS:   77575976 kB
VmallocTotal:   263061440 kB
VmallocUsed:      107776 kB
VmallocChunk:          0 kB
Percpu:             7648 kB
CmaTotal:         294912 kB
CmaFree:               0 kB
MemTotal:       12113136 kB
MemFree:         4271424 kB
MemAvailable:    7619876 kB
Buffers:            6552 kB
Cached:          2517200 kB
SwapCached:            0 kB
Active:          1820016 kB
Inactive:        2144576 kB
Active(anon):    1450008 kB
Inactive(anon):    34124 kB
Active(file):     370008 kB
Inactive(file):  2110452 kB
Unevictable:        5564 kB
Mlocked:            5564 kB
SwapTotal:       3145724 kB
SwapFree:        3145724 kB
Dirty:               544 kB
Writeback:             0 kB
AnonPages:       1446284 kB
Mapped:           979628 kB
Shmem:             38816 kB
KReclaimable:    1736696 kB
Slab:             272404 kB
SReclaimable:     117328 kB
SUnreclaim:       155076 kB
KernelStack:       50492 kB
PageTables:        71112 kB
NFS_Unstable:          0 kB
Bounce:                0 kB
WritebackTmp:          0 kB
CommitLimit:     9202292 kB
Committed_AS:   77574636 kB
VmallocTotal:   263061440 kB
VmallocUsed:      107744 kB
VmallocChunk:          0 kB
Percpu:             7648 kB
CmaTotal:         294912 kB
CmaFree:               0 kB
MemTotal:       12113136 kB
MemFree:         4267668 kB
MemAvailable:    7616136 kB
Buffers:            6552 kB
Cached:          2517004 kB
SwapCached:            0 kB
Active:          1823896 kB
Inactive:        2144380 kB
Active(anon):    1453888 kB
Inactive(anon):    33912 kB
Active(file):     370008 kB
Inactive(file):  2110468 kB
Unevictable:        5564 kB
Mlocked:            5564 kB
SwapTotal:       3145724 kB
SwapFree:        3145724 kB
Dirty:               648 kB
Writeback:             0 kB
AnonPages:       1450432 kB
Mapped:           979632 kB
Shmem:             38604 kB
KReclaimable:    1736696 kB
Slab:             272404 kB
SReclaimable:     117328 kB
SUnreclaim:       155076 kB
KernelStack:       50548 kB
PageTables:        71352 kB
NFS_Unstable:          0 kB
Bounce:                0 kB
WritebackTmp:          0 kB
CommitLimit:     9202292 kB
Committed_AS:   77581672 kB
VmallocTotal:   263061440 kB
VmallocUsed:      107744 kB
VmallocChunk:          0 kB
Percpu:             7648 kB
CmaTotal:         294912 kB
CmaFree:               0 kB
MemTotal:       12113136 kB
MemFree:         4265724 kB
MemAvailable:    7614208 kB
Buffers:            6552 kB
Cached:          2517232 kB
SwapCached:            0 kB
Active:          1824684 kB
Inactive:        2144608 kB
Active(anon):    1454676 kB
Inactive(anon):    34124 kB
Active(file):     370008 kB
Inactive(file):  2110484 kB
Unevictable:        5564 kB
Mlocked:            5564 kB
SwapTotal:       3145724 kB
SwapFree:        3145724 kB
Dirty:               684 kB
Writeback:             0 kB
AnonPages:       1451048 kB
Mapped:           979780 kB
Shmem:             38816 kB
KReclaimable:    1736696 kB
Slab:             272412 kB
SReclaimable:     117328 kB
SUnreclaim:       155084 kB
KernelStack:       50512 kB
PageTables:        71032 kB
NFS_Unstable:          0 kB
Bounce:                0 kB
WritebackTmp:          0 kB
CommitLimit:     9202292 kB
Committed_AS:   77578180 kB
VmallocTotal:   263061440 kB
VmallocUsed:      107728 kB
VmallocChunk:          0 kB
Percpu:             7648 kB
CmaTotal:         294912 kB
CmaFree:               0 kB
MemTotal:       12113136 kB
MemFree:         4265872 kB
MemAvailable:    7614396 kB
Buffers:            6556 kB
Cached:          2517268 kB
SwapCached:            0 kB
Active:          1827320 kB
Inactive:        2144644 kB
Active(anon):    1457308 kB
Inactive(anon):    34124 kB
Active(file):     370012 kB
Inactive(file):  2110520 kB
Unevictable:        5564 kB
Mlocked:            5564 kB
SwapTotal:       3145724 kB
SwapFree:        3145724 kB
Dirty:               692 kB
Writeback:             0 kB
AnonPages:       1453640 kB
Mapped:           979648 kB
Shmem:             38816 kB
KReclaimable:    1736696 kB
Slab:             272420 kB
SReclaimable:     117328 kB
SUnreclaim:       155092 kB
KernelStack:       50544 kB
PageTables:        71216 kB
NFS_Unstable:          0 kB
Bounce:                0 kB
WritebackTmp:          0 kB
CommitLimit:     9202292 kB
Committed_AS:   77554648 kB
VmallocTotal:   263061440 kB
VmallocUsed:      107680 kB
VmallocChunk:          0 kB
Percpu:             7648 kB
CmaTotal:         294912 kB
CmaFree:               0 kB
MemTotal:       12113136 kB
MemFree:         4263224 kB
MemAvailable:    7611776 kB
Buffers:            6556 kB
Cached:          2517296 kB
SwapCached:            0 kB
Active:          1828136 kB
Inactive:        2144668 kB
Active(anon):    1458120 kB
Inactive(anon):    34124 kB
Active(file):     370016 kB
Inactive(file):  2110544 kB
Unevictable:        5564 kB
Mlocked:            5564 kB
SwapTotal:       3145724 kB
SwapFree:        3145724 kB
Dirty:               308 kB
Writeback:             0 kB
AnonPages:       1454640 kB
Mapped:           979660 kB
Shmem:             38816 kB
KReclaimable:    1736696 kB
Slab:             272444 kB
SReclaimable:     117328 kB
SUnreclaim:       155116 kB
KernelStack:       50544 kB
PageTables:        71120 kB
NFS_Unstable:          0 kB
Bounce:                0 kB
WritebackTmp:          0 kB
CommitLimit:     9202292 kB
Committed_AS:   77560844 kB
VmallocTotal:   263061440 kB
VmallocUsed:      107744 kB
VmallocChunk:          0 kB
Percpu:             7648 kB
CmaTotal:         294912 kB
CmaFree:               0 kB
MemTotal:       12113136 kB
MemFree:         4272072 kB
MemAvailable:    7620620 kB
Buffers:            6556 kB
Cached:          2517292 kB
SwapCached:            0 kB
Active:          1819404 kB
Inactive:        2144668 kB
Active(anon):    1449392 kB
Inactive(anon):    34124 kB
Active(file):     370012 kB
Inactive(file):  2110544 kB
Unevictable:        5564 kB
Mlocked:            5564 kB
SwapTotal:       3145724 kB
SwapFree:        3145724 kB
Dirty:               332 kB
Writeback:             0 kB
AnonPages:       1445824 kB
Mapped:           979728 kB
Shmem:             38816 kB
KReclaimable:    1736696 kB
Slab:             272444 kB
SReclaimable:     117328 kB
SUnreclaim:       155116 kB
KernelStack:       50496 kB
PageTables:        70888 kB
NFS_Unstable:          0 kB
Bounce:                0 kB
WritebackTmp:          0 kB
CommitLimit:     9202292 kB
Committed_AS:   77557072 kB
VmallocTotal:   263061440 kB
VmallocUsed:      107680 kB
VmallocChunk:          0 kB
Percpu:             7648 kB
CmaTotal:         294912 kB
CmaFree:              24 kB
MemTotal:       12113136 kB
MemFree:         4271400 kB
MemAvailable:    7619964 kB
Buffers:            6556 kB
Cached:          2517308 kB
SwapCached:            0 kB
Active:          1820220 kB
Inactive:        2144684 kB
Active(anon):    1450208 kB
Inactive(anon):    34124 kB
Active(file):     370012 kB
Inactive(file):  2110560 kB
Unevictable:        5564 kB
Mlocked:            5564 kB
SwapTotal:       3145724 kB
SwapFree:        3145724 kB
Dirty:               452 kB
Writeback:             0 kB
AnonPages:       1446668 kB
Mapped:           979700 kB
Shmem:             38816 kB
KReclaimable:    1736696 kB
Slab:             272464 kB
SReclaimable:     117328 kB
SUnreclaim:       155136 kB
KernelStack:       50560 kB
PageTables:        71148 kB
NFS_Unstable:          0 kB
Bounce:                0 kB
WritebackTmp:          0 kB
CommitLimit:     9202292 kB
Committed_AS:   77560888 kB
VmallocTotal:   263061440 kB
VmallocUsed:      107680 kB
VmallocChunk:          0 kB
Percpu:             7648 kB
CmaTotal:         294912 kB
CmaFree:               0 kB
MemTotal:       12113136 kB
MemFree:         4269964 kB
MemAvailable:    7618532 kB
Buffers:            6556 kB
Cached:          2517312 kB
SwapCached:            0 kB
Active:          1821060 kB
Inactive:        2144692 kB
Active(anon):    1451052 kB
Inactive(anon):    34124 kB
Active(file):     370008 kB
Inactive(file):  2110568 kB
Unevictable:        5564 kB
Mlocked:            5564 kB
SwapTotal:       3145724 kB
SwapFree:        3145724 kB
Dirty:               496 kB
Writeback:             0 kB
AnonPages:       1447564 kB
Mapped:           979952 kB
Shmem:             38816 kB
KReclaimable:    1736696 kB
Slab:             272480 kB
SReclaimable:     117328 kB
SUnreclaim:       155152 kB
KernelStack:       50528 kB
PageTables:        71032 kB
NFS_Unstable:          0 kB
Bounce:                0 kB
WritebackTmp:          0 kB
CommitLimit:     9202292 kB
Committed_AS:   77560180 kB
VmallocTotal:   263061440 kB
VmallocUsed:      107712 kB
VmallocChunk:          0 kB
Percpu:             7648 kB
CmaTotal:         294912 kB
CmaFree:               0 kB
MemTotal:       12113136 kB
MemFree:         4267496 kB
MemAvailable:    7616084 kB
Buffers:            6556 kB
Cached:          2517332 kB
SwapCached:            0 kB
Active:          1823012 kB
Inactive:        2144708 kB
Active(anon):    1453000 kB
Inactive(anon):    34124 kB
Active(file):     370012 kB
Inactive(file):  2110584 kB
Unevictable:        5564 kB
Mlocked:            5564 kB
SwapTotal:       3145724 kB
SwapFree:        3145724 kB
Dirty:               528 kB
Writeback:             0 kB
AnonPages:       1449288 kB
Mapped:           979776 kB
Shmem:             38816 kB
KReclaimable:    1736696 kB
Slab:             272468 kB
SReclaimable:     117328 kB
SUnreclaim:       155140 kB
KernelStack:       50480 kB
PageTables:        71020 kB
NFS_Unstable:          0 kB
Bounce:                0 kB
WritebackTmp:          0 kB
CommitLimit:     9202292 kB
Committed_AS:   77565648 kB
VmallocTotal:   263061440 kB
VmallocUsed:      107744 kB
VmallocChunk:          0 kB
Percpu:             7648 kB
CmaTotal:         294912 kB
CmaFree:               0 kB
MemTotal:       12113136 kB
MemFree:         4266544 kB
MemAvailable:    7615152 kB
Buffers:            6556 kB
Cached:          2517352 kB
SwapCached:            0 kB
Active:          1824372 kB
Inactive:        2144728 kB
Active(anon):    1454360 kB
Inactive(anon):    34124 kB
Active(file):     370012 kB
Inactive(file):  2110604 kB
Unevictable:        5564 kB
Mlocked:            5564 kB
SwapTotal:       3145724 kB
SwapFree:        3145724 kB
Dirty:               328 kB
Writeback:             0 kB
AnonPages:       1450660 kB
Mapped:           979924 kB
Shmem:             38816 kB
KReclaimable:    1736696 kB
Slab:             272428 kB
SReclaimable:     117328 kB
SUnreclaim:       155100 kB
KernelStack:       50512 kB
PageTables:        70924 kB
NFS_Unstable:          0 kB
Bounce:                0 kB
WritebackTmp:          0 kB
CommitLimit:     9202292 kB
Committed_AS:   77559944 kB
VmallocTotal:   263061440 kB
VmallocUsed:      107696 kB
VmallocChunk:          0 kB
Percpu:             7648 kB
CmaTotal:         294912 kB
CmaFree:               0 kB
MemTotal:       12113136 kB
MemFree:         4264748 kB
MemAvailable:    7613368 kB
Buffers:            6556 kB
Cached:          2517364 kB
SwapCached:            0 kB
Active:          1825132 kB
Inactive:        2144740 kB
Active(anon):    1455120 kB
Inactive(anon):    34124 kB
Active(file):     370012 kB
Inactive(file):  2110616 kB
Unevictable:        5564 kB
Mlocked:            5564 kB
SwapTotal:       3145724 kB
SwapFree:        3145724 kB
Dirty:               396 kB
Writeback:             0 kB
AnonPages:       1451756 kB
Mapped:           979876 kB
Shmem:             38816 kB
KReclaimable:    1736696 kB
Slab:             272432 kB
SReclaimable:     117328 kB
SUnreclaim:       155104 kB
KernelStack:       50544 kB
PageTables:        71120 kB
NFS_Unstable:          0 kB
Bounce:                0 kB
WritebackTmp:          0 kB
CommitLimit:     9202292 kB
Committed_AS:   77566788 kB
VmallocTotal:   263061440 kB
VmallocUsed:      107728 kB
VmallocChunk:          0 kB
Percpu:             7648 kB
CmaTotal:         294912 kB
CmaFree:               0 kB
MemTotal:       12113136 kB
MemFree:         4263932 kB
MemAvailable:    7612568 kB
Buffers:            6556 kB
Cached:          2517380 kB
SwapCached:            0 kB
Active:          1826036 kB
Inactive:        2144752 kB
Active(anon):    1456020 kB
Inactive(anon):    34124 kB
Active(file):     370016 kB
Inactive(file):  2110628 kB
Unevictable:        5564 kB
Mlocked:            5564 kB
SwapTotal:       3145724 kB
SwapFree:        3145724 kB
Dirty:               432 kB
Writeback:             0 kB
AnonPages:       1452776 kB
Mapped:           979952 kB
Shmem:             38816 kB
KReclaimable:    1736696 kB
Slab:             272468 kB
SReclaimable:     117328 kB
SUnreclaim:       155140 kB
KernelStack:       50576 kB
PageTables:        71180 kB
NFS_Unstable:          0 kB
Bounce:                0 kB
WritebackTmp:          0 kB
CommitLimit:     9202292 kB
Committed_AS:   77566896 kB
VmallocTotal:   263061440 kB
VmallocUsed:      107728 kB
VmallocChunk:          0 kB
Percpu:             7648 kB
CmaTotal:         294912 kB
CmaFree:               0 kB
MemTotal:       12113136 kB
MemFree:         4264012 kB
MemAvailable:    7612660 kB
Buffers:            6556 kB
Cached:          2517396 kB
SwapCached:            0 kB
Active:          1827248 kB
Inactive:        2144772 kB
Active(anon):    1457236 kB
Inactive(anon):    34128 kB
Active(file):     370012 kB
Inactive(file):  2110644 kB
Unevictable:        5564 kB
Mlocked:            5564 kB
SwapTotal:       3145724 kB
SwapFree:        3145724 kB
Dirty:               504 kB
Writeback:             0 kB
AnonPages:       1453428 kB
Mapped:           979940 kB
Shmem:             38820 kB
KReclaimable:    1736696 kB
Slab:             272436 kB
SReclaimable:     117328 kB
SUnreclaim:       155108 kB
KernelStack:       50528 kB
PageTables:        71076 kB
NFS_Unstable:          0 kB
Bounce:                0 kB
WritebackTmp:          0 kB
CommitLimit:     9202292 kB
Committed_AS:   77569368 kB
VmallocTotal:   263061440 kB
VmallocUsed:      107744 kB
VmallocChunk:          0 kB
Percpu:             7648 kB
CmaTotal:         294912 kB
CmaFree:              24 kB
MemTotal:       12113136 kB
MemFree:         4263788 kB
MemAvailable:    7612448 kB
Buffers:            6556 kB
Cached:          2517408 kB
SwapCached:            0 kB
Active:          1828324 kB
Inactive:        2144784 kB
Active(anon):    1458312 kB
Inactive(anon):    34128 kB
Active(file):     370012 kB
Inactive(file):  2110656 kB
Unevictable:        5564 kB
Mlocked:            5564 kB
SwapTotal:       3145724 kB
SwapFree:        3145724 kB
Dirty:               584 kB
Writeback:             0 kB
AnonPages:       1454720 kB
Mapped:           980328 kB
Shmem:             38820 kB
KReclaimable:    1736696 kB
Slab:             272436 kB
SReclaimable:     117328 kB
SUnreclaim:       155108 kB
KernelStack:       50464 kB
PageTables:        70976 kB
NFS_Unstable:          0 kB
Bounce:                0 kB
WritebackTmp:          0 kB
CommitLimit:     9202292 kB
Committed_AS:   77560784 kB
VmallocTotal:   263061440 kB
VmallocUsed:      107712 kB
VmallocChunk:          0 kB
Percpu:             7648 kB
CmaTotal:         294912 kB
CmaFree:               0 kB
MemTotal:       12113136 kB
MemFree:         4262684 kB
MemAvailable:    7611356 kB
Buffers:            6556 kB
Cached:          2517420 kB
SwapCached:            0 kB
Active:          1829040 kB
Inactive:        2144796 kB
Active(anon):    1459028 kB
Inactive(anon):    34128 kB
Active(file):     370012 kB
Inactive(file):  2110668 kB
Unevictable:        5564 kB
Mlocked:            5564 kB
SwapTotal:       3145724 kB
SwapFree:        3145724 kB
Dirty:               300 kB
Writeback:             0 kB
AnonPages:       1455444 kB
Mapped:           979996 kB
Shmem:             38820 kB
KReclaimable:    1736696 kB
Slab:             272448 kB
SReclaimable:     117328 kB
SUnreclaim:       155120 kB
KernelStack:       50544 kB
PageTables:        71104 kB
NFS_Unstable:          0 kB
Bounce:                0 kB
WritebackTmp:          0 kB
CommitLimit:     9202292 kB
Committed_AS:   77560548 kB
VmallocTotal:   263061440 kB
VmallocUsed:      107760 kB
VmallocChunk:          0 kB
Percpu:             7648 kB
CmaTotal:         294912 kB
CmaFree:               0 kB
MemTotal:       12113136 kB
MemFree:         4260676 kB
MemAvailable:    7609360 kB
Buffers:            6556 kB
Cached:          2517432 kB
SwapCached:            0 kB
Active:          1830488 kB
Inactive:        2144808 kB
Active(anon):    1460476 kB
Inactive(anon):    34128 kB
Active(file):     370012 kB
Inactive(file):  2110680 kB
Unevictable:        5564 kB
Mlocked:            5564 kB
SwapTotal:       3145724 kB
SwapFree:        3145724 kB
Dirty:               364 kB
Writeback:             0 kB
AnonPages:       1457116 kB
Mapped:           980016 kB
Shmem:             38820 kB
KReclaimable:    1736696 kB
Slab:             272448 kB
SReclaimable:     117328 kB
SUnreclaim:       155120 kB
KernelStack:       50512 kB
PageTables:        71132 kB
NFS_Unstable:          0 kB
Bounce:                0 kB
WritebackTmp:          0 kB
CommitLimit:     9202292 kB
Committed_AS:   77563792 kB
VmallocTotal:   263061440 kB
VmallocUsed:      107760 kB
VmallocChunk:          0 kB
Percpu:             7648 kB
CmaTotal:         294912 kB
CmaFree:               0 kB
MemTotal:       12113136 kB
MemFree:         4260256 kB
MemAvailable:    7608956 kB
Buffers:            6556 kB
Cached:          2517448 kB
SwapCached:            0 kB
Active:          1831608 kB
Inactive:        2144824 kB
Active(anon):    1461596 kB
Inactive(anon):    34128 kB
Active(file):     370012 kB
Inactive(file):  2110696 kB
Unevictable:        5564 kB
Mlocked:            5564 kB
SwapTotal:       3145724 kB
SwapFree:        3145724 kB
Dirty:               412 kB
Writeback:             0 kB
AnonPages:       1457948 kB
Mapped:           980144 kB
Shmem:             38820 kB
KReclaimable:    1736696 kB
Slab:             272448 kB
SReclaimable:     117328 kB
SUnreclaim:       155120 kB
KernelStack:       50528 kB
PageTables:        71132 kB
NFS_Unstable:          0 kB
Bounce:                0 kB
WritebackTmp:          0 kB
CommitLimit:     9202292 kB
Committed_AS:   77561296 kB
VmallocTotal:   263061440 kB
VmallocUsed:      107712 kB
VmallocChunk:          0 kB
Percpu:             7648 kB
CmaTotal:         294912 kB
CmaFree:               0 kB
MemTotal:       12113136 kB
MemFree:         4259312 kB
MemAvailable:    7608012 kB
Buffers:            6556 kB
Cached:          2517456 kB
SwapCached:            0 kB
Active:          1832348 kB
Inactive:        2144824 kB
Active(anon):    1462336 kB
Inactive(anon):    34128 kB
Active(file):     370012 kB
Inactive(file):  2110696 kB
Unevictable:        5564 kB
Mlocked:            5564 kB
SwapTotal:       3145724 kB
SwapFree:        3145724 kB
Dirty:               460 kB
Writeback:             0 kB
AnonPages:       1458740 kB
Mapped:           980064 kB
Shmem:             38820 kB
KReclaimable:    1736696 kB
Slab:             272452 kB
SReclaimable:     117328 kB
SUnreclaim:       155124 kB
KernelStack:       50528 kB
PageTables:        71032 kB
NFS_Unstable:          0 kB
Bounce:                0 kB
WritebackTmp:          0 kB
CommitLimit:     9202292 kB
Committed_AS:   77560768 kB
VmallocTotal:   263061440 kB
VmallocUsed:      107664 kB
VmallocChunk:          0 kB
Percpu:             7648 kB
CmaTotal:         294912 kB
CmaFree:               0 kB
MemTotal:       12113136 kB
MemFree:         4257180 kB
MemAvailable:    7605924 kB
Buffers:            6560 kB
Cached:          2517484 kB
SwapCached:            0 kB
Active:          1834028 kB
Inactive:        2144860 kB
Active(anon):    1464012 kB
Inactive(anon):    34128 kB
Active(file):     370016 kB
Inactive(file):  2110732 kB
Unevictable:        5564 kB
Mlocked:            5564 kB
SwapTotal:       3145724 kB
SwapFree:        3145724 kB
Dirty:               480 kB
Writeback:             0 kB
AnonPages:       1460344 kB
Mapped:           980132 kB
Shmem:             38820 kB
KReclaimable:    1736700 kB
Slab:             272460 kB
SReclaimable:     117332 kB
SUnreclaim:       155128 kB
KernelStack:       50512 kB
PageTables:        71028 kB
NFS_Unstable:          0 kB
Bounce:                0 kB
WritebackTmp:          0 kB
CommitLimit:     9202292 kB
Committed_AS:   77561404 kB
VmallocTotal:   263061440 kB
VmallocUsed:      107760 kB
VmallocChunk:          0 kB
Percpu:             7648 kB
CmaTotal:         294912 kB
CmaFree:               0 kB
MemTotal:       12113136 kB
MemFree:         4255728 kB
MemAvailable:    7604492 kB
Buffers:            6560 kB
Cached:          2517504 kB
SwapCached:            0 kB
Active:          1834772 kB
Inactive:        2144880 kB
Active(anon):    1464756 kB
Inactive(anon):    34128 kB
Active(file):     370016 kB
Inactive(file):  2110752 kB
Unevictable:        5564 kB
Mlocked:            5564 kB
SwapTotal:       3145724 kB
SwapFree:        3145724 kB
Dirty:               560 kB
Writeback:             0 kB
AnonPages:       1461128 kB
Mapped:           980128 kB
Shmem:             38820 kB
KReclaimable:    1736700 kB
Slab:             272460 kB
SReclaimable:     117332 kB
SUnreclaim:       155128 kB
KernelStack:       50576 kB
PageTables:        71156 kB
NFS_Unstable:          0 kB
Bounce:                0 kB
WritebackTmp:          0 kB
CommitLimit:     9202292 kB
Committed_AS:   77564188 kB
VmallocTotal:   263061440 kB
VmallocUsed:      107744 kB
VmallocChunk:          0 kB
Percpu:             7648 kB
CmaTotal:         294912 kB
CmaFree:               0 kB
MemTotal:       12113136 kB
MemFree:         4255132 kB
MemAvailable:    7603904 kB
Buffers:            6560 kB
Cached:          2517512 kB
SwapCached:            0 kB
Active:          1835824 kB
Inactive:        2144888 kB
Active(anon):    1465808 kB
Inactive(anon):    34128 kB
Active(file):     370016 kB
Inactive(file):  2110760 kB
Unevictable:        5564 kB
Mlocked:            5564 kB
SwapTotal:       3145724 kB
SwapFree:        3145724 kB
Dirty:               592 kB
Writeback:             0 kB
AnonPages:       1462564 kB
Mapped:           980348 kB
Shmem:             38820 kB
KReclaimable:    1736700 kB
Slab:             272464 kB
SReclaimable:     117332 kB
SUnreclaim:       155132 kB
KernelStack:       50560 kB
PageTables:        71140 kB
NFS_Unstable:          0 kB
Bounce:                0 kB
WritebackTmp:          0 kB
CommitLimit:     9202292 kB
Committed_AS:   77564256 kB
VmallocTotal:   263061440 kB
VmallocUsed:      107712 kB
VmallocChunk:          0 kB
Percpu:             7648 kB
CmaTotal:         294912 kB
CmaFree:               0 kB
MemTotal:       12113136 kB
MemFree:         4267236 kB
MemAvailable:    7616032 kB
Buffers:            6560 kB
Cached:          2517536 kB
SwapCached:            0 kB
Active:          1822984 kB
Inactive:        2144912 kB
Active(anon):    1452968 kB
Inactive(anon):    34128 kB
Active(file):     370016 kB
Inactive(file):  2110784 kB
Unevictable:        5564 kB
Mlocked:            5564 kB
SwapTotal:       3145724 kB
SwapFree:        3145724 kB
Dirty:               656 kB
Writeback:             0 kB
AnonPages:       1449376 kB
Mapped:           980420 kB
Shmem:             38820 kB
KReclaimable:    1736700 kB
Slab:             272464 kB
SReclaimable:     117332 kB
SUnreclaim:       155132 kB
KernelStack:       50512 kB
PageTables:        71036 kB
NFS_Unstable:          0 kB
Bounce:                0 kB
WritebackTmp:          0 kB
CommitLimit:     9202292 kB
Committed_AS:   77566752 kB
VmallocTotal:   263061440 kB
VmallocUsed:      107712 kB
VmallocChunk:          0 kB
Percpu:             7648 kB
CmaTotal:         294912 kB
CmaFree:              36 kB
MemTotal:       12113136 kB
MemFree:         4265912 kB
MemAvailable:    7614716 kB
Buffers:            6560 kB
Cached:          2517420 kB
SwapCached:            0 kB
Active:          1826700 kB
Inactive:        2144796 kB
Active(anon):    1456684 kB
Inactive(anon):    34004 kB
Active(file):     370016 kB
Inactive(file):  2110792 kB
Unevictable:        5564 kB
Mlocked:            5564 kB
SwapTotal:       3145724 kB
SwapFree:        3145724 kB
Dirty:               672 kB
Writeback:             4 kB
AnonPages:       1453000 kB
Mapped:           980112 kB
Shmem:             38696 kB
KReclaimable:    1736700 kB
Slab:             272464 kB
SReclaimable:     117332 kB
SUnreclaim:       155132 kB
KernelStack:       50496 kB
PageTables:        70924 kB
NFS_Unstable:          0 kB
Bounce:                0 kB
WritebackTmp:          0 kB
CommitLimit:     9202292 kB
Committed_AS:   77568800 kB
VmallocTotal:   263061440 kB
VmallocUsed:      107664 kB
VmallocChunk:          0 kB
Percpu:             7648 kB
CmaTotal:         294912 kB
CmaFree:               0 kB
MemTotal:       12113136 kB
MemFree:         4263464 kB
MemAvailable:    7612276 kB
Buffers:            6560 kB
Cached:          2517552 kB
SwapCached:            0 kB
Active:          1828432 kB
Inactive:        2144928 kB
Active(anon):    1458416 kB
Inactive(anon):    34128 kB
Active(file):     370016 kB
Inactive(file):  2110800 kB
Unevictable:        5564 kB
Mlocked:            5564 kB
SwapTotal:       3145724 kB
SwapFree:        3145724 kB
Dirty:               724 kB
Writeback:             0 kB
AnonPages:       1454884 kB
Mapped:           980344 kB
Shmem:             38820 kB
KReclaimable:    1736700 kB
Slab:             272460 kB
SReclaimable:     117332 kB
SUnreclaim:       155128 kB
KernelStack:       50512 kB
PageTables:        71148 kB
NFS_Unstable:          0 kB
Bounce:                0 kB
WritebackTmp:          0 kB
CommitLimit:     9202292 kB
Committed_AS:   77573028 kB
VmallocTotal:   263061440 kB
VmallocUsed:      107680 kB
VmallocChunk:          0 kB
Percpu:             7648 kB
CmaTotal:         294912 kB
CmaFree:               0 kB
MemTotal:       12113136 kB
MemFree:         4271348 kB
MemAvailable:    7620172 kB
Buffers:            6560 kB
Cached:          2517564 kB
SwapCached:            0 kB
Active:          1819904 kB
Inactive:        2144940 kB
Active(anon):    1449888 kB
Inactive(anon):    34128 kB
Active(file):     370016 kB
Inactive(file):  2110812 kB
Unevictable:        5564 kB
Mlocked:            5564 kB
SwapTotal:       3145724 kB
SwapFree:        3145724 kB
Dirty:               268 kB
Writeback:             0 kB
AnonPages:       1445888 kB
Mapped:           980396 kB
Shmem:             38820 kB
KReclaimable:    1736700 kB
Slab:             272484 kB
SReclaimable:     117332 kB
SUnreclaim:       155152 kB
KernelStack:       50496 kB
PageTables:        71068 kB
NFS_Unstable:          0 kB
Bounce:                0 kB
WritebackTmp:          0 kB
CommitLimit:     9202292 kB
Committed_AS:   77568132 kB
VmallocTotal:   263061440 kB
VmallocUsed:      107664 kB
VmallocChunk:          0 kB
Percpu:             7648 kB
CmaTotal:         294912 kB
CmaFree:               0 kB
MemTotal:       12113136 kB
MemFree:         4270416 kB
MemAvailable:    7619256 kB
Buffers:            6560 kB
Cached:          2517580 kB
SwapCached:            0 kB
Active:          1820288 kB
Inactive:        2144956 kB
Active(anon):    1450272 kB
Inactive(anon):    34128 kB
Active(file):     370016 kB
Inactive(file):  2110828 kB
Unevictable:        5564 kB
Mlocked:            5564 kB
SwapTotal:       3145724 kB
SwapFree:        3145724 kB
Dirty:               352 kB
Writeback:             0 kB
AnonPages:       1446544 kB
Mapped:           980344 kB
Shmem:             38820 kB
KReclaimable:    1736700 kB
Slab:             272484 kB
SReclaimable:     117332 kB
SUnreclaim:       155152 kB
KernelStack:       50464 kB
PageTables:        71220 kB
NFS_Unstable:          0 kB
Bounce:                0 kB
WritebackTmp:          0 kB
CommitLimit:     9202292 kB
Committed_AS:   77575656 kB
VmallocTotal:   263061440 kB
VmallocUsed:      107712 kB
VmallocChunk:          0 kB
Percpu:             7648 kB
CmaTotal:         294912 kB
CmaFree:               0 kB
MemTotal:       12113136 kB
MemFree:         4270504 kB
MemAvailable:    7619360 kB
Buffers:            6560 kB
Cached:          2517596 kB
SwapCached:            0 kB
Active:          1821704 kB
Inactive:        2144972 kB
Active(anon):    1451688 kB
Inactive(anon):    34128 kB
Active(file):     370016 kB
Inactive(file):  2110844 kB
Unevictable:        5564 kB
Mlocked:            5564 kB
SwapTotal:       3145724 kB
SwapFree:        3145724 kB
Dirty:               408 kB
Writeback:             0 kB
AnonPages:       1447972 kB
Mapped:           980340 kB
Shmem:             38820 kB
KReclaimable:    1736700 kB
Slab:             272488 kB
SReclaimable:     117332 kB
SUnreclaim:       155156 kB
KernelStack:       50512 kB
PageTables:        71156 kB
NFS_Unstable:          0 kB
Bounce:                0 kB
WritebackTmp:          0 kB
CommitLimit:     9202292 kB
Committed_AS:   77568364 kB
VmallocTotal:   263061440 kB
VmallocUsed:      107744 kB
VmallocChunk:          0 kB
Percpu:             7648 kB
CmaTotal:         294912 kB
CmaFree:               4 kB
MemTotal:       12113136 kB
MemFree:         4268184 kB
MemAvailable:    7617052 kB
Buffers:            6560 kB
Cached:          2517608 kB
SwapCached:            0 kB
Active:          1823296 kB
Inactive:        2144984 kB
Active(anon):    1453280 kB
Inactive(anon):    34128 kB
Active(file):     370016 kB
Inactive(file):  2110856 kB
Unevictable:        5564 kB
Mlocked:            5564 kB
SwapTotal:       3145724 kB
SwapFree:        3145724 kB
Dirty:               448 kB
Writeback:             0 kB
AnonPages:       1449636 kB
Mapped:           980408 kB
Shmem:             38820 kB
KReclaimable:    1736700 kB
Slab:             272496 kB
SReclaimable:     117332 kB
SUnreclaim:       155164 kB
KernelStack:       50496 kB
PageTables:        71044 kB
NFS_Unstable:          0 kB
Bounce:                0 kB
WritebackTmp:          0 kB
CommitLimit:     9202292 kB
Committed_AS:   77574104 kB
VmallocTotal:   263061440 kB
VmallocUsed:      107712 kB
VmallocChunk:          0 kB
Percpu:             7648 kB
CmaTotal:         294912 kB
CmaFree:               0 kB
MemTotal:       12113136 kB
MemFree:         4266492 kB
MemAvailable:    7615376 kB
Buffers:            6560 kB
Cached:          2517624 kB
SwapCached:            0 kB
Active:          1823240 kB
Inactive:        2145000 kB
Active(anon):    1453224 kB
Inactive(anon):    34132 kB
Active(file):     370016 kB
Inactive(file):  2110868 kB
Unevictable:        5564 kB
Mlocked:            5564 kB
SwapTotal:       3145724 kB
SwapFree:        3145724 kB
Dirty:               496 kB
Writeback:             0 kB
AnonPages:       1449948 kB
Mapped:           980560 kB
Shmem:             38824 kB
KReclaimable:    1736704 kB
Slab:             272508 kB
SReclaimable:     117336 kB
SUnreclaim:       155172 kB
KernelStack:       50544 kB
PageTables:        71184 kB
NFS_Unstable:          0 kB
Bounce:                0 kB
WritebackTmp:          0 kB
CommitLimit:     9202292 kB
Committed_AS:   77575496 kB
VmallocTotal:   263061440 kB
VmallocUsed:      107760 kB
VmallocChunk:          0 kB
Percpu:             7648 kB
CmaTotal:         294912 kB
CmaFree:               0 kB
MemTotal:       12113136 kB
MemFree:         4267496 kB
MemAvailable:    7616388 kB
Buffers:            6560 kB
Cached:          2517632 kB
SwapCached:            0 kB
Active:          1823268 kB
Inactive:        2145008 kB
Active(anon):    1453252 kB
Inactive(anon):    34132 kB
Active(file):     370016 kB
Inactive(file):  2110876 kB
Unevictable:        5564 kB
Mlocked:            5564 kB
SwapTotal:       3145724 kB
SwapFree:        3145724 kB
Dirty:               340 kB
Writeback:             0 kB
AnonPages:       1449724 kB
Mapped:           980716 kB
Shmem:             38824 kB
KReclaimable:    1736704 kB
Slab:             272496 kB
SReclaimable:     117336 kB
SUnreclaim:       155160 kB
KernelStack:       50528 kB
PageTables:        71132 kB
NFS_Unstable:          0 kB
Bounce:                0 kB
WritebackTmp:          0 kB
CommitLimit:     9202292 kB
Committed_AS:   77563900 kB
VmallocTotal:   263061440 kB
VmallocUsed:      107744 kB
VmallocChunk:          0 kB
Percpu:             7648 kB
CmaTotal:         294912 kB
CmaFree:               0 kB
MemTotal:       12113136 kB
MemFree:         4266080 kB
MemAvailable:    7615008 kB
Buffers:            6560 kB
Cached:          2517668 kB
SwapCached:            0 kB
Active:          1824364 kB
Inactive:        2145040 kB
Active(anon):    1454344 kB
Inactive(anon):    34132 kB
Active(file):     370020 kB
Inactive(file):  2110908 kB
Unevictable:        5564 kB
Mlocked:            5564 kB
SwapTotal:       3145724 kB
SwapFree:        3145724 kB
Dirty:               356 kB
Writeback:             0 kB
AnonPages:       1450724 kB
Mapped:           979764 kB
Shmem:             38824 kB
KReclaimable:    1736704 kB
Slab:             272432 kB
SReclaimable:     117336 kB
SUnreclaim:       155096 kB
KernelStack:       50512 kB
PageTables:        70968 kB
NFS_Unstable:          0 kB
Bounce:                0 kB
WritebackTmp:          0 kB
CommitLimit:     9202292 kB
Committed_AS:   77562636 kB
VmallocTotal:   263061440 kB
VmallocUsed:      107728 kB
VmallocChunk:          0 kB
Percpu:             7648 kB
CmaTotal:         294912 kB
CmaFree:               0 kB
MemTotal:       12113136 kB
MemFree:         4265672 kB
MemAvailable:    7614604 kB
Buffers:            6560 kB
Cached:          2517672 kB
SwapCached:            0 kB
Active:          1825428 kB
Inactive:        2145048 kB
Active(anon):    1455412 kB
Inactive(anon):    34132 kB
Active(file):     370016 kB
Inactive(file):  2110916 kB
Unevictable:        5564 kB
Mlocked:            5564 kB
SwapTotal:       3145724 kB
SwapFree:        3145724 kB
Dirty:               436 kB
Writeback:             0 kB
AnonPages:       1452096 kB
Mapped:           979616 kB
Shmem:             38824 kB
KReclaimable:    1736704 kB
Slab:             272432 kB
SReclaimable:     117336 kB
SUnreclaim:       155096 kB
KernelStack:       50480 kB
PageTables:        71028 kB
NFS_Unstable:          0 kB
Bounce:                0 kB
WritebackTmp:          0 kB
CommitLimit:     9202292 kB
Committed_AS:   77570568 kB
VmallocTotal:   263061440 kB
VmallocUsed:      107744 kB
VmallocChunk:          0 kB
Percpu:             7648 kB
CmaTotal:         294912 kB
CmaFree:               0 kB
MemTotal:       12113136 kB
MemFree:         4266252 kB
MemAvailable:    7615184 kB
Buffers:            6560 kB
Cached:          2517672 kB
SwapCached:            0 kB
Active:          1825424 kB
Inactive:        2145048 kB
Active(anon):    1455408 kB
Inactive(anon):    34132 kB
Active(file):     370016 kB
Inactive(file):  2110916 kB
Unevictable:        5564 kB
Mlocked:            5564 kB
SwapTotal:       3145724 kB
SwapFree:        3145724 kB
Dirty:               452 kB
Writeback:             0 kB
AnonPages:       1451960 kB
Mapped:           979856 kB
Shmem:             38824 kB
KReclaimable:    1736704 kB
Slab:             272460 kB
SReclaimable:     117336 kB
SUnreclaim:       155124 kB
KernelStack:       50544 kB
PageTables:        71024 kB
NFS_Unstable:          0 kB
Bounce:                0 kB
WritebackTmp:          0 kB
CommitLimit:     9202292 kB
Committed_AS:   77564532 kB
VmallocTotal:   263061440 kB
VmallocUsed:      107744 kB
VmallocChunk:          0 kB
Percpu:             7648 kB
CmaTotal:         294912 kB
CmaFree:               0 kB
MemTotal:       12113136 kB
MemFree:         4268048 kB
MemAvailable:    7617036 kB
Buffers:            6568 kB
Cached:          2517604 kB
SwapCached:            0 kB
Active:          1823604 kB
Inactive:        2144980 kB
Active(anon):    1453580 kB
Inactive(anon):    34016 kB
Active(file):     370024 kB
Inactive(file):  2110964 kB
Unevictable:        5564 kB
Mlocked:            5564 kB
SwapTotal:       3145724 kB
SwapFree:        3145724 kB
Dirty:               540 kB
Writeback:            16 kB
AnonPages:       1449940 kB
Mapped:           979792 kB
Shmem:             38708 kB
KReclaimable:    1736704 kB
Slab:             272436 kB
SReclaimable:     117336 kB
SUnreclaim:       155100 kB
KernelStack:       50544 kB
PageTables:        71120 kB
NFS_Unstable:          0 kB
Bounce:                0 kB
WritebackTmp:          0 kB
CommitLimit:     9202292 kB
Committed_AS:   77577888 kB
VmallocTotal:   263061440 kB
VmallocUsed:      107728 kB
VmallocChunk:          0 kB
Percpu:             7648 kB
CmaTotal:         294912 kB
CmaFree:               0 kB
MemTotal:       12113136 kB
MemFree:         4267236 kB
MemAvailable:    7616244 kB
Buffers:            6568 kB
Cached:          2517744 kB
SwapCached:            0 kB
Active:          1823600 kB
Inactive:        2145120 kB
Active(anon):    1453576 kB
Inactive(anon):    34136 kB
Active(file):     370024 kB
Inactive(file):  2110984 kB
Unevictable:        5564 kB
Mlocked:            5564 kB
SwapTotal:       3145724 kB
SwapFree:        3145724 kB
Dirty:               260 kB
Writeback:             0 kB
AnonPages:       1449804 kB
Mapped:           979976 kB
Shmem:             38828 kB
KReclaimable:    1736704 kB
Slab:             272448 kB
SReclaimable:     117336 kB
SUnreclaim:       155112 kB
KernelStack:       50528 kB
PageTables:        71100 kB
NFS_Unstable:          0 kB
Bounce:                0 kB
WritebackTmp:          0 kB
CommitLimit:     9202292 kB
Committed_AS:   77577284 kB
VmallocTotal:   263061440 kB
VmallocUsed:      107712 kB
VmallocChunk:          0 kB
Percpu:             7648 kB
CmaTotal:         294912 kB
CmaFree:              16 kB
MemTotal:       12113136 kB
MemFree:         4267184 kB
MemAvailable:    7616196 kB
Buffers:            6568 kB
Cached:          2517752 kB
SwapCached:            0 kB
Active:          1824724 kB
Inactive:        2145128 kB
Active(anon):    1454700 kB
Inactive(anon):    34140 kB
Active(file):     370024 kB
Inactive(file):  2110988 kB
Unevictable:        5564 kB
Mlocked:            5564 kB
SwapTotal:       3145724 kB
SwapFree:        3145724 kB
Dirty:               352 kB
Writeback:             0 kB
AnonPages:       1451148 kB
Mapped:           979956 kB
Shmem:             38832 kB
KReclaimable:    1736704 kB
Slab:             272448 kB
SReclaimable:     117336 kB
SUnreclaim:       155112 kB
KernelStack:       50544 kB
PageTables:        71116 kB
NFS_Unstable:          0 kB
Bounce:                0 kB
WritebackTmp:          0 kB
CommitLimit:     9202292 kB
Committed_AS:   77567440 kB
VmallocTotal:   263061440 kB
VmallocUsed:      107728 kB
VmallocChunk:          0 kB
Percpu:             7648 kB
CmaTotal:         294912 kB
CmaFree:               0 kB
MemTotal:       12113136 kB
MemFree:         4265688 kB
MemAvailable:    7614708 kB
Buffers:            6568 kB
Cached:          2517760 kB
SwapCached:            0 kB
Active:          1825716 kB
Inactive:        2145136 kB
Active(anon):    1455692 kB
Inactive(anon):    34140 kB
Active(file):     370024 kB
Inactive(file):  2110996 kB
Unevictable:        5564 kB
Mlocked:            5564 kB
SwapTotal:       3145724 kB
SwapFree:        3145724 kB
Dirty:               364 kB
Writeback:             0 kB
AnonPages:       1451884 kB
Mapped:           980196 kB
Shmem:             38832 kB
KReclaimable:    1736704 kB
Slab:             272464 kB
SReclaimable:     117336 kB
SUnreclaim:       155128 kB
KernelStack:       50528 kB
PageTables:        71008 kB
NFS_Unstable:          0 kB
Bounce:                0 kB
WritebackTmp:          0 kB
CommitLimit:     9202292 kB
Committed_AS:   77563940 kB
VmallocTotal:   263061440 kB
VmallocUsed:      107712 kB
VmallocChunk:          0 kB
Percpu:             7648 kB
CmaTotal:         294912 kB
CmaFree:               0 kB
MemTotal:       12113136 kB
MemFree:         4265444 kB
MemAvailable:    7614484 kB
Buffers:            6568 kB
Cached:          2517780 kB
SwapCached:            0 kB
Active:          1826340 kB
Inactive:        2145156 kB
Active(anon):    1456316 kB
Inactive(anon):    34140 kB
Active(file):     370024 kB
Inactive(file):  2111016 kB
Unevictable:        5564 kB
Mlocked:            5564 kB
SwapTotal:       3145724 kB
SwapFree:        3145724 kB
Dirty:               472 kB
Writeback:             0 kB
AnonPages:       1452704 kB
Mapped:           980168 kB
Shmem:             38832 kB
KReclaimable:    1736704 kB
Slab:             272460 kB
SReclaimable:     117336 kB
SUnreclaim:       155124 kB
KernelStack:       50496 kB
PageTables:        71060 kB
NFS_Unstable:          0 kB
Bounce:                0 kB
WritebackTmp:          0 kB
CommitLimit:     9202292 kB
Committed_AS:   77566576 kB
VmallocTotal:   263061440 kB
VmallocUsed:      107712 kB
