MemTotal:       12113136 kB
MemFree:         6036864 kB
MemAvailable:    7841252 kB
Buffers:            6328 kB
Cached:          1878008 kB
SwapCached:            0 kB
Active:          1652156 kB
Inactive:        1551896 kB
Active(anon):    1326768 kB
Inactive(anon):    27092 kB
Active(file):     325388 kB
Inactive(file):  1524804 kB
Unevictable:        5508 kB
Mlocked:            5508 kB
SwapTotal:       3145724 kB
SwapFree:        3145724 kB
Dirty:               300 kB
Writeback:             0 kB
AnonPages:       1324876 kB
Mapped:           886144 kB
Shmem:             29692 kB
KReclaimable:     822900 kB
Slab:             224852 kB
SReclaimable:      78288 kB
SUnreclaim:       146564 kB
KernelStack:       47508 kB
PageTables:        65792 kB
NFS_Unstable:          0 kB
Bounce:                0 kB
WritebackTmp:          0 kB
CommitLimit:     9202292 kB
Committed_AS:   69079452 kB
VmallocTotal:   263061440 kB
VmallocUsed:      104464 kB
VmallocChunk:          0 kB
Percpu:             7616 kB
CmaTotal:         294912 kB
CmaFree:               4 kB
MemTotal:       12113136 kB
MemFree:         6036264 kB
MemAvailable:    7840716 kB
Buffers:            6328 kB
Cached:          1878072 kB
SwapCached:            0 kB
Active:          1652544 kB
Inactive:        1551936 kB
Active(anon):    1327132 kB
Inactive(anon):    27092 kB
Active(file):     325412 kB
Inactive(file):  1524844 kB
Unevictable:        5508 kB
Mlocked:            5508 kB
SwapTotal:       3145724 kB
SwapFree:        3145724 kB
Dirty:               364 kB
Writeback:             0 kB
AnonPages:       1325572 kB
Mapped:           886136 kB
Shmem:             29692 kB
KReclaimable:     822900 kB
Slab:             224852 kB
SReclaimable:      78288 kB
SUnreclaim:       146564 kB
KernelStack:       47520 kB
PageTables:        65540 kB
NFS_Unstable:          0 kB
Bounce:                0 kB
WritebackTmp:          0 kB
CommitLimit:     9202292 kB
Committed_AS:   69072092 kB
VmallocTotal:   263061440 kB
VmallocUsed:      104432 kB
VmallocChunk:          0 kB
Percpu:             7616 kB
CmaTotal:         294912 kB
CmaFree:               0 kB
MemTotal:       12113136 kB
MemFree:         6034288 kB
MemAvailable:    7838748 kB
Buffers:            6328 kB
Cached:          1878080 kB
SwapCached:            0 kB
Active:          1653468 kB
Inactive:        1551944 kB
Active(anon):    1328056 kB
Inactive(anon):    27092 kB
Active(file):     325412 kB
Inactive(file):  1524852 kB
Unevictable:        5508 kB
Mlocked:            5508 kB
SwapTotal:       3145724 kB
SwapFree:        3145724 kB
Dirty:               384 kB
Writeback:             0 kB
AnonPages:       1326392 kB
Mapped:           886136 kB
Shmem:             29692 kB
KReclaimable:     822900 kB
Slab:             224868 kB
SReclaimable:      78288 kB
SUnreclaim:       146580 kB
KernelStack:       47456 kB
PageTables:        65628 kB
NFS_Unstable:          0 kB
Bounce:                0 kB
WritebackTmp:          0 kB
CommitLimit:     9202292 kB
Committed_AS:   69081088 kB
VmallocTotal:   263061440 kB
VmallocUsed:      104480 kB
VmallocChunk:          0 kB
Percpu:             7616 kB
CmaTotal:         294912 kB
CmaFree:               8 kB
MemTotal:       12113136 kB
MemFree:         6035356 kB
MemAvailable:    7839860 kB
Buffers:            6332 kB
Cached:          1878120 kB
SwapCached:            0 kB
Active:          1654272 kB
Inactive:        1551984 kB
Active(anon):    1328856 kB
Inactive(anon):    27092 kB
Active(file):     325416 kB
Inactive(file):  1524892 kB
Unevictable:        5508 kB
Mlocked:            5508 kB
SwapTotal:       3145724 kB
SwapFree:        3145724 kB
Dirty:               372 kB
Writeback:             0 kB
AnonPages:       1327352 kB
Mapped:           885948 kB
Shmem:             29692 kB
KReclaimable:     822900 kB
Slab:             224868 kB
SReclaimable:      78288 kB
SUnreclaim:       146580 kB
KernelStack:       47488 kB
PageTables:        65648 kB
NFS_Unstable:          0 kB
Bounce:                0 kB
WritebackTmp:          0 kB
CommitLimit:     9202292 kB
Committed_AS:   69074476 kB
VmallocTotal:   263061440 kB
VmallocUsed:      104432 kB
VmallocChunk:          0 kB
Percpu:             7616 kB
CmaTotal:         294912 kB
CmaFree:               4 kB
MemTotal:       12113136 kB
MemFree:         6033156 kB
MemAvailable:    7837676 kB
Buffers:            6332 kB
Cached:          1878136 kB
SwapCached:            0 kB
Active:          1654540 kB
Inactive:        1552000 kB
Active(anon):    1329124 kB
Inactive(anon):    27092 kB
Active(file):     325416 kB
Inactive(file):  1524908 kB
Unevictable:        5508 kB
Mlocked:            5508 kB
SwapTotal:       3145724 kB
SwapFree:        3145724 kB
Dirty:               388 kB
Writeback:             0 kB
AnonPages:       1327672 kB
Mapped:           886140 kB
Shmem:             29692 kB
KReclaimable:     822900 kB
Slab:             224868 kB
SReclaimable:      78288 kB
SUnreclaim:       146580 kB
KernelStack:       47472 kB
PageTables:        65496 kB
NFS_Unstable:          0 kB
Bounce:                0 kB
WritebackTmp:          0 kB
CommitLimit:     9202292 kB
Committed_AS:   69081800 kB
VmallocTotal:   263061440 kB
VmallocUsed:      104432 kB
VmallocChunk:          0 kB
Percpu:             7616 kB
CmaTotal:         294912 kB
CmaFree:               0 kB
MemTotal:       12113136 kB
MemFree:         6033076 kB
MemAvailable:    7837612 kB
Buffers:            6332 kB
Cached:          1878152 kB
SwapCached:            0 kB
Active:          1655340 kB
Inactive:        1552016 kB
Active(anon):    1329924 kB
Inactive(anon):    27092 kB
Active(file):     325416 kB
Inactive(file):  1524924 kB
Unevictable:        5508 kB
Mlocked:            5508 kB
SwapTotal:       3145724 kB
SwapFree:        3145724 kB
Dirty:               416 kB
Writeback:             0 kB
AnonPages:       1328340 kB
Mapped:           886140 kB
Shmem:             29692 kB
KReclaimable:     822900 kB
Slab:             224872 kB
SReclaimable:      78288 kB
SUnreclaim:       146584 kB
KernelStack:       47488 kB
PageTables:        65624 kB
NFS_Unstable:          0 kB
Bounce:                0 kB
WritebackTmp:          0 kB
CommitLimit:     9202292 kB
Committed_AS:   69073816 kB
VmallocTotal:   263061440 kB
VmallocUsed:      104432 kB
VmallocChunk:          0 kB
Percpu:             7616 kB
CmaTotal:         294912 kB
CmaFree:               0 kB
MemTotal:       12113136 kB
MemFree:         6031480 kB
MemAvailable:    7836020 kB
Buffers:            6332 kB
Cached:          1878156 kB
SwapCached:            0 kB
Active:          1656100 kB
Inactive:        1552024 kB
Active(anon):    1330688 kB
Inactive(anon):    27092 kB
Active(file):     325412 kB
Inactive(file):  1524932 kB
Unevictable:        5508 kB
Mlocked:            5508 kB
SwapTotal:       3145724 kB
SwapFree:        3145724 kB
Dirty:               420 kB
Writeback:             0 kB
AnonPages:       1328976 kB
Mapped:           886160 kB
Shmem:             29692 kB
KReclaimable:     822900 kB
Slab:             224868 kB
SReclaimable:      78288 kB
SUnreclaim:       146580 kB
KernelStack:       47536 kB
PageTables:        65808 kB
NFS_Unstable:          0 kB
Bounce:                0 kB
WritebackTmp:          0 kB
CommitLimit:     9202292 kB
Committed_AS:   69076500 kB
VmallocTotal:   263061440 kB
VmallocUsed:      104464 kB
VmallocChunk:          0 kB
Percpu:             7616 kB
CmaTotal:         294912 kB
CmaFree:               0 kB
MemTotal:       12113136 kB
MemFree:         6031500 kB
MemAvailable:    7836056 kB
Buffers:            6332 kB
Cached:          1878172 kB
SwapCached:            0 kB
Active:          1654964 kB
Inactive:        1552036 kB
Active(anon):    1329548 kB
Inactive(anon):    27092 kB
Active(file):     325416 kB
Inactive(file):  1524944 kB
Unevictable:        5508 kB
Mlocked:            5508 kB
SwapTotal:       3145724 kB
SwapFree:        3145724 kB
Dirty:               436 kB
Writeback:             0 kB
AnonPages:       1328176 kB
Mapped:           886140 kB
Shmem:             29692 kB
KReclaimable:     822900 kB
Slab:             224876 kB
SReclaimable:      78288 kB
SUnreclaim:       146588 kB
KernelStack:       47472 kB
PageTables:        65496 kB
NFS_Unstable:          0 kB
Bounce:                0 kB
WritebackTmp:          0 kB
CommitLimit:     9202292 kB
Committed_AS:   69074644 kB
VmallocTotal:   263061440 kB
VmallocUsed:      104432 kB
VmallocChunk:          0 kB
Percpu:             7616 kB
CmaTotal:         294912 kB
CmaFree:               0 kB
MemTotal:       12113136 kB
MemFree:         6030084 kB
MemAvailable:    7834664 kB
Buffers:            6332 kB
Cached:          1878196 kB
SwapCached:            0 kB
Active:          1657144 kB
Inactive:        1552060 kB
Active(anon):    1331728 kB
Inactive(anon):    27092 kB
Active(file):     325416 kB
Inactive(file):  1524968 kB
Unevictable:        5508 kB
Mlocked:            5508 kB
SwapTotal:       3145724 kB
SwapFree:        3145724 kB
Dirty:               472 kB
Writeback:             0 kB
AnonPages:       1329780 kB
Mapped:           885976 kB
Shmem:             29692 kB
KReclaimable:     822900 kB
Slab:             224876 kB
SReclaimable:      78288 kB
SUnreclaim:       146588 kB
KernelStack:       47504 kB
PageTables:        65580 kB
NFS_Unstable:          0 kB
Bounce:                0 kB
WritebackTmp:          0 kB
CommitLimit:     9202292 kB
Committed_AS:   69081136 kB
VmallocTotal:   263061440 kB
VmallocUsed:      104448 kB
VmallocChunk:          0 kB
Percpu:             7616 kB
CmaTotal:         294912 kB
CmaFree:               0 kB
MemTotal:       12113136 kB
MemFree:         6030512 kB
MemAvailable:    7835100 kB
Buffers:            6332 kB
Cached:          1878204 kB
SwapCached:            0 kB
Active:          1657944 kB
Inactive:        1552068 kB
Active(anon):    1332528 kB
Inactive(anon):    27092 kB
Active(file):     325416 kB
Inactive(file):  1524976 kB
Unevictable:        5508 kB
Mlocked:            5508 kB
SwapTotal:       3145724 kB
SwapFree:        3145724 kB
Dirty:               484 kB
Writeback:             0 kB
AnonPages:       1330940 kB
Mapped:           886140 kB
Shmem:             29692 kB
KReclaimable:     822900 kB
Slab:             224868 kB
SReclaimable:      78288 kB
SUnreclaim:       146580 kB
KernelStack:       47472 kB
PageTables:        65500 kB
NFS_Unstable:          0 kB
Bounce:                0 kB
WritebackTmp:          0 kB
CommitLimit:     9202292 kB
Committed_AS:   69075216 kB
VmallocTotal:   263061440 kB
VmallocUsed:      104480 kB
VmallocChunk:          0 kB
Percpu:             7616 kB
CmaTotal:         294912 kB
CmaFree:               0 kB
MemTotal:       12113136 kB
MemFree:         6031220 kB
MemAvailable:    7835832 kB
Buffers:            6332 kB
Cached:          1878228 kB
SwapCached:            0 kB
Active:          1656268 kB
Inactive:        1552092 kB
Active(anon):    1330852 kB
Inactive(anon):    27092 kB
Active(file):     325416 kB
Inactive(file):  1525000 kB
Unevictable:        5508 kB
Mlocked:            5508 kB
SwapTotal:       3145724 kB
SwapFree:        3145724 kB
Dirty:               508 kB
Writeback:             0 kB
AnonPages:       1328804 kB
Mapped:           886248 kB
Shmem:             29692 kB
KReclaimable:     822900 kB
Slab:             224868 kB
SReclaimable:      78288 kB
SUnreclaim:       146580 kB
KernelStack:       47488 kB
PageTables:        65356 kB
NFS_Unstable:          0 kB
Bounce:                0 kB
WritebackTmp:          0 kB
CommitLimit:     9202292 kB
Committed_AS:   69073160 kB
VmallocTotal:   263061440 kB
VmallocUsed:      104448 kB
VmallocChunk:          0 kB
Percpu:             7616 kB
CmaTotal:         294912 kB
CmaFree:               0 kB
MemTotal:       12113136 kB
MemFree:         6030984 kB
MemAvailable:    7835604 kB
Buffers:            6332 kB
Cached:          1878236 kB
SwapCached:            0 kB
Active:          1656664 kB
Inactive:        1552100 kB
Active(anon):    1331248 kB
Inactive(anon):    27092 kB
Active(file):     325416 kB
Inactive(file):  1525008 kB
Unevictable:        5508 kB
Mlocked:            5508 kB
SwapTotal:       3145724 kB
SwapFree:        3145724 kB
Dirty:               568 kB
Writeback:             0 kB
AnonPages:       1329960 kB
Mapped:           886312 kB
Shmem:             29692 kB
KReclaimable:     822900 kB
Slab:             224876 kB
SReclaimable:      78288 kB
SUnreclaim:       146588 kB
KernelStack:       47504 kB
PageTables:        65544 kB
NFS_Unstable:          0 kB
Bounce:                0 kB
WritebackTmp:          0 kB
CommitLimit:     9202292 kB
Committed_AS:   69071800 kB
VmallocTotal:   263061440 kB
VmallocUsed:      104480 kB
VmallocChunk:          0 kB
Percpu:             7616 kB
CmaTotal:         294912 kB
CmaFree:               0 kB
MemTotal:       12113136 kB
MemFree:         6030564 kB
MemAvailable:    7835208 kB
Buffers:            6332 kB
Cached:          1878260 kB
SwapCached:            0 kB
Active:          1657816 kB
Inactive:        1552124 kB
Active(anon):    1332400 kB
Inactive(anon):    27092 kB
Active(file):     325416 kB
Inactive(file):  1525032 kB
Unevictable:        5508 kB
Mlocked:            5508 kB
SwapTotal:       3145724 kB
SwapFree:        3145724 kB
Dirty:               592 kB
Writeback:             0 kB
AnonPages:       1331128 kB
Mapped:           886140 kB
Shmem:             29692 kB
KReclaimable:     822900 kB
Slab:             224868 kB
SReclaimable:      78288 kB
SUnreclaim:       146580 kB
KernelStack:       47508 kB
PageTables:        65548 kB
NFS_Unstable:          0 kB
Bounce:                0 kB
WritebackTmp:          0 kB
CommitLimit:     9202292 kB
Committed_AS:   69081336 kB
VmallocTotal:   263061440 kB
VmallocUsed:      104512 kB
VmallocChunk:          0 kB
Percpu:             7616 kB
CmaTotal:         294912 kB
CmaFree:               0 kB
MemTotal:       12113136 kB
MemFree:         6040524 kB
MemAvailable:    7845152 kB
Buffers:            6332 kB
Cached:          1878248 kB
SwapCached:            0 kB
Active:          1646104 kB
Inactive:        1552116 kB
Active(anon):    1320692 kB
Inactive(anon):    27096 kB
Active(file):     325412 kB
Inactive(file):  1525020 kB
Unevictable:        5508 kB
Mlocked:            5508 kB
SwapTotal:       3145724 kB
SwapFree:        3145724 kB
Dirty:               600 kB
Writeback:             0 kB
AnonPages:       1319332 kB
Mapped:           886252 kB
Shmem:             29696 kB
KReclaimable:     822900 kB
Slab:             224868 kB
SReclaimable:      78288 kB
SUnreclaim:       146580 kB
KernelStack:       47472 kB
PageTables:        65264 kB
NFS_Unstable:          0 kB
Bounce:                0 kB
WritebackTmp:          0 kB
CommitLimit:     9202292 kB
Committed_AS:   69081876 kB
VmallocTotal:   263061440 kB
VmallocUsed:      104512 kB
VmallocChunk:          0 kB
Percpu:             7616 kB
CmaTotal:         294912 kB
CmaFree:             132 kB
MemTotal:       12113136 kB
MemFree:         6039712 kB
MemAvailable:    7844380 kB
Buffers:            6332 kB
Cached:          1878304 kB
SwapCached:            0 kB
Active:          1646492 kB
Inactive:        1551968 kB
Active(anon):    1321076 kB
Inactive(anon):    26912 kB
Active(file):     325416 kB
Inactive(file):  1525056 kB
Unevictable:        5508 kB
Mlocked:            5508 kB
SwapTotal:       3145724 kB
SwapFree:        3145724 kB
Dirty:               632 kB
Writeback:             0 kB
AnonPages:       1319596 kB
Mapped:           885960 kB
Shmem:             29712 kB
KReclaimable:     822900 kB
Slab:             224860 kB
SReclaimable:      78288 kB
SUnreclaim:       146572 kB
KernelStack:       47504 kB
PageTables:        65468 kB
NFS_Unstable:          0 kB
Bounce:                0 kB
WritebackTmp:          0 kB
CommitLimit:     9202292 kB
Committed_AS:   69078864 kB
VmallocTotal:   263061440 kB
VmallocUsed:      104512 kB
VmallocChunk:          0 kB
Percpu:             7616 kB
CmaTotal:         294912 kB
CmaFree:               0 kB
MemTotal:       12113136 kB
MemFree:         6039332 kB
MemAvailable:    7844020 kB
Buffers:            6332 kB
Cached:          1878308 kB
SwapCached:            0 kB
Active:          1647440 kB
Inactive:        1552172 kB
Active(anon):    1322024 kB
Inactive(anon):    27096 kB
Active(file):     325416 kB
Inactive(file):  1525076 kB
Unevictable:        5508 kB
Mlocked:            5508 kB
SwapTotal:       3145724 kB
SwapFree:        3145724 kB
Dirty:               652 kB
Writeback:             0 kB
AnonPages:       1320236 kB
Mapped:           886144 kB
Shmem:             29696 kB
KReclaimable:     822900 kB
Slab:             224868 kB
SReclaimable:      78288 kB
SUnreclaim:       146580 kB
KernelStack:       47504 kB
PageTables:        65468 kB
NFS_Unstable:          0 kB
Bounce:                0 kB
WritebackTmp:          0 kB
CommitLimit:     9202292 kB
Committed_AS:   69081428 kB
VmallocTotal:   263061440 kB
VmallocUsed:      104496 kB
VmallocChunk:          0 kB
Percpu:             7616 kB
CmaTotal:         294912 kB
CmaFree:               0 kB
MemTotal:       12113136 kB
MemFree:         6039784 kB
MemAvailable:    7844488 kB
Buffers:            6332 kB
Cached:          1878324 kB
SwapCached:            0 kB
Active:          1648048 kB
Inactive:        1552188 kB
Active(anon):    1322632 kB
Inactive(anon):    27096 kB
Active(file):     325416 kB
Inactive(file):  1525092 kB
Unevictable:        5508 kB
Mlocked:            5508 kB
SwapTotal:       3145724 kB
SwapFree:        3145724 kB
Dirty:               668 kB
Writeback:             0 kB
AnonPages:       1321140 kB
Mapped:           886180 kB
Shmem:             29696 kB
KReclaimable:     822900 kB
Slab:             224868 kB
SReclaimable:      78288 kB
SUnreclaim:       146580 kB
KernelStack:       47488 kB
PageTables:        65544 kB
NFS_Unstable:          0 kB
Bounce:                0 kB
WritebackTmp:          0 kB
CommitLimit:     9202292 kB
Committed_AS:   69082164 kB
VmallocTotal:   263061440 kB
VmallocUsed:      104480 kB
VmallocChunk:          0 kB
Percpu:             7616 kB
CmaTotal:         294912 kB
CmaFree:               0 kB
MemTotal:       12113136 kB
MemFree:         6039432 kB
MemAvailable:    7844156 kB
Buffers:            6336 kB
Cached:          1878340 kB
SwapCached:            0 kB
Active:          1647868 kB
Inactive:        1552288 kB
Active(anon):    1322452 kB
Inactive(anon):    27176 kB
Active(file):     325416 kB
Inactive(file):  1525112 kB
Unevictable:        5508 kB
Mlocked:            5508 kB
SwapTotal:       3145724 kB
SwapFree:        3145724 kB
Dirty:               212 kB
Writeback:             0 kB
AnonPages:       1321352 kB
Mapped:           886224 kB
Shmem:             29696 kB
KReclaimable:     822900 kB
Slab:             224868 kB
SReclaimable:      78288 kB
SUnreclaim:       146580 kB
KernelStack:       47556 kB
PageTables:        65504 kB
NFS_Unstable:          0 kB
Bounce:                0 kB
WritebackTmp:          0 kB
CommitLimit:     9202292 kB
Committed_AS:   69077500 kB
VmallocTotal:   263061440 kB
VmallocUsed:      104528 kB
VmallocChunk:          0 kB
Percpu:             7616 kB
CmaTotal:         294912 kB
CmaFree:             120 kB
MemTotal:       12113136 kB
MemFree:         6038240 kB
MemAvailable:    7843004 kB
Buffers:            6336 kB
Cached:          1878376 kB
SwapCached:            0 kB
Active:          1648500 kB
Inactive:        1552240 kB
Active(anon):    1323080 kB
Inactive(anon):    27096 kB
Active(file):     325420 kB
Inactive(file):  1525144 kB
Unevictable:        5508 kB
Mlocked:            5508 kB
SwapTotal:       3145724 kB
SwapFree:        3145724 kB
Dirty:               284 kB
Writeback:             0 kB
AnonPages:       1321540 kB
Mapped:           886144 kB
Shmem:             29696 kB
KReclaimable:     822904 kB
Slab:             224872 kB
SReclaimable:      78292 kB
SUnreclaim:       146580 kB
KernelStack:       47536 kB
PageTables:        65468 kB
NFS_Unstable:          0 kB
Bounce:                0 kB
WritebackTmp:          0 kB
CommitLimit:     9202292 kB
Committed_AS:   69088388 kB
VmallocTotal:   263061440 kB
VmallocUsed:      104528 kB
VmallocChunk:          0 kB
Percpu:             7616 kB
CmaTotal:         294912 kB
CmaFree:               0 kB
MemTotal:       12113136 kB
MemFree:         6038068 kB
MemAvailable:    7842844 kB
Buffers:            6336 kB
Cached:          1878388 kB
SwapCached:            0 kB
Active:          1649088 kB
Inactive:        1552252 kB
Active(anon):    1323668 kB
Inactive(anon):    27096 kB
Active(file):     325420 kB
Inactive(file):  1525156 kB
Unevictable:        5508 kB
Mlocked:            5508 kB
SwapTotal:       3145724 kB
SwapFree:        3145724 kB
Dirty:               296 kB
Writeback:             0 kB
AnonPages:       1322044 kB
Mapped:           886036 kB
Shmem:             29696 kB
KReclaimable:     822904 kB
Slab:             224840 kB
SReclaimable:      78292 kB
SUnreclaim:       146548 kB
KernelStack:       47568 kB
PageTables:        65596 kB
NFS_Unstable:          0 kB
Bounce:                0 kB
WritebackTmp:          0 kB
CommitLimit:     9202292 kB
Committed_AS:   69083444 kB
VmallocTotal:   263061440 kB
VmallocUsed:      104528 kB
VmallocChunk:          0 kB
Percpu:             7616 kB
CmaTotal:         294912 kB
CmaFree:               0 kB
MemTotal:       12113136 kB
MemFree:         6037704 kB
MemAvailable:    7842500 kB
Buffers:            6336 kB
Cached:          1878288 kB
SwapCached:            0 kB
Active:          1650280 kB
Inactive:        1552436 kB
Active(anon):    1324860 kB
Inactive(anon):    27260 kB
Active(file):     325420 kB
Inactive(file):  1525176 kB
Unevictable:        5508 kB
Mlocked:            5508 kB
SwapTotal:       3145724 kB
SwapFree:        3145724 kB
Dirty:               332 kB
Writeback:             0 kB
AnonPages:       1323096 kB
Mapped:           886308 kB
Shmem:             29576 kB
KReclaimable:     822904 kB
Slab:             224884 kB
SReclaimable:      78292 kB
SUnreclaim:       146592 kB
KernelStack:       47504 kB
PageTables:        65440 kB
NFS_Unstable:          0 kB
Bounce:                0 kB
WritebackTmp:          0 kB
CommitLimit:     9202292 kB
Committed_AS:   69082044 kB
VmallocTotal:   263061440 kB
VmallocUsed:      104528 kB
VmallocChunk:          0 kB
Percpu:             7616 kB
CmaTotal:         294912 kB
CmaFree:             104 kB
MemTotal:       12113136 kB
MemFree:         6036216 kB
MemAvailable:    7841020 kB
Buffers:            6336 kB
Cached:          1878416 kB
SwapCached:            0 kB
Active:          1650868 kB
Inactive:        1552284 kB
Active(anon):    1325452 kB
Inactive(anon):    27096 kB
Active(file):     325416 kB
Inactive(file):  1525188 kB
Unevictable:        5508 kB
Mlocked:            5508 kB
SwapTotal:       3145724 kB
SwapFree:        3145724 kB
Dirty:               344 kB
Writeback:             0 kB
AnonPages:       1323828 kB
Mapped:           886012 kB
Shmem:             29696 kB
KReclaimable:     822904 kB
Slab:             224856 kB
SReclaimable:      78292 kB
SUnreclaim:       146564 kB
KernelStack:       47584 kB
PageTables:        65716 kB
NFS_Unstable:          0 kB
Bounce:                0 kB
WritebackTmp:          0 kB
CommitLimit:     9202292 kB
Committed_AS:   69087868 kB
VmallocTotal:   263061440 kB
VmallocUsed:      104576 kB
VmallocChunk:          0 kB
Percpu:             7616 kB
CmaTotal:         294912 kB
CmaFree:             128 kB
MemTotal:       12113136 kB
MemFree:         6034976 kB
MemAvailable:    7839804 kB
Buffers:            6336 kB
Cached:          1878440 kB
SwapCached:            0 kB
Active:          1650872 kB
Inactive:        1552304 kB
Active(anon):    1325452 kB
Inactive(anon):    27096 kB
Active(file):     325420 kB
Inactive(file):  1525208 kB
Unevictable:        5508 kB
Mlocked:            5508 kB
SwapTotal:       3145724 kB
SwapFree:        3145724 kB
Dirty:               368 kB
Writeback:             0 kB
AnonPages:       1323876 kB
Mapped:           886124 kB
Shmem:             29696 kB
KReclaimable:     822904 kB
Slab:             224864 kB
SReclaimable:      78292 kB
SUnreclaim:       146572 kB
KernelStack:       47552 kB
PageTables:        65664 kB
NFS_Unstable:          0 kB
Bounce:                0 kB
WritebackTmp:          0 kB
CommitLimit:     9202292 kB
Committed_AS:   69087764 kB
VmallocTotal:   263061440 kB
VmallocUsed:      104560 kB
VmallocChunk:          0 kB
Percpu:             7616 kB
CmaTotal:         294912 kB
CmaFree:               0 kB
MemTotal:       12113136 kB
MemFree:         6035068 kB
MemAvailable:    7839908 kB
Buffers:            6336 kB
Cached:          1878452 kB
SwapCached:            0 kB
Active:          1652012 kB
Inactive:        1552316 kB
Active(anon):    1326592 kB
Inactive(anon):    27096 kB
Active(file):     325420 kB
Inactive(file):  1525220 kB
Unevictable:        5508 kB
Mlocked:            5508 kB
SwapTotal:       3145724 kB
SwapFree:        3145724 kB
Dirty:               396 kB
Writeback:             0 kB
AnonPages:       1324980 kB
Mapped:           886024 kB
Shmem:             29696 kB
KReclaimable:     822904 kB
Slab:             224872 kB
SReclaimable:      78292 kB
SUnreclaim:       146580 kB
KernelStack:       47520 kB
PageTables:        65680 kB
NFS_Unstable:          0 kB
Bounce:                0 kB
WritebackTmp:          0 kB
CommitLimit:     9202292 kB
Committed_AS:   69076748 kB
VmallocTotal:   263061440 kB
VmallocUsed:      104544 kB
VmallocChunk:          0 kB
Percpu:             7616 kB
CmaTotal:         294912 kB
CmaFree:               0 kB
MemTotal:       12113136 kB
MemFree:         6034972 kB
MemAvailable:    7839828 kB
Buffers:            6336 kB
Cached:          1878468 kB
SwapCached:            0 kB
Active:          1652640 kB
Inactive:        1552332 kB
Active(anon):    1327220 kB
Inactive(anon):    27096 kB
Active(file):     325420 kB
Inactive(file):  1525236 kB
Unevictable:        5508 kB
Mlocked:            5508 kB
SwapTotal:       3145724 kB
SwapFree:        3145724 kB
Dirty:               436 kB
Writeback:             0 kB
AnonPages:       1325300 kB
Mapped:           886000 kB
Shmem:             29696 kB
KReclaimable:     822904 kB
Slab:             224884 kB
SReclaimable:      78292 kB
SUnreclaim:       146592 kB
KernelStack:       47600 kB
PageTables:        65592 kB
NFS_Unstable:          0 kB
Bounce:                0 kB
WritebackTmp:          0 kB
CommitLimit:     9202292 kB
Committed_AS:   69082864 kB
VmallocTotal:   263061440 kB
VmallocUsed:      104576 kB
VmallocChunk:          0 kB
Percpu:             7616 kB
CmaTotal:         294912 kB
CmaFree:               0 kB
MemTotal:       12113136 kB
MemFree:         6033424 kB
MemAvailable:    7838296 kB
Buffers:            6336 kB
Cached:          1878484 kB
SwapCached:            0 kB
Active:          1653320 kB
Inactive:        1552348 kB
Active(anon):    1327900 kB
Inactive(anon):    27096 kB
Active(file):     325420 kB
Inactive(file):  1525252 kB
Unevictable:        5508 kB
Mlocked:            5508 kB
SwapTotal:       3145724 kB
SwapFree:        3145724 kB
Dirty:               456 kB
Writeback:             0 kB
AnonPages:       1326252 kB
Mapped:           886144 kB
Shmem:             29696 kB
KReclaimable:     822904 kB
Slab:             224868 kB
SReclaimable:      78292 kB
SUnreclaim:       146576 kB
KernelStack:       47552 kB
PageTables:        65620 kB
NFS_Unstable:          0 kB
Bounce:                0 kB
WritebackTmp:          0 kB
CommitLimit:     9202292 kB
Committed_AS:   69080812 kB
VmallocTotal:   263061440 kB
VmallocUsed:      104544 kB
VmallocChunk:          0 kB
Percpu:             7616 kB
CmaTotal:         294912 kB
CmaFree:               0 kB
MemTotal:       12113136 kB
MemFree:         6034316 kB
MemAvailable:    7839196 kB
Buffers:            6336 kB
Cached:          1878480 kB
SwapCached:            0 kB
Active:          1654132 kB
Inactive:        1552084 kB
Active(anon):    1328712 kB
Inactive(anon):    26824 kB
Active(file):     325420 kB
Inactive(file):  1525260 kB
Unevictable:        5508 kB
Mlocked:            5508 kB
SwapTotal:       3145724 kB
SwapFree:        3145724 kB
Dirty:               508 kB
Writeback:             0 kB
AnonPages:       1327212 kB
Mapped:           886024 kB
Shmem:             29684 kB
KReclaimable:     822904 kB
Slab:             224856 kB
SReclaimable:      78292 kB
SUnreclaim:       146564 kB
KernelStack:       47552 kB
PageTables:        65512 kB
NFS_Unstable:          0 kB
Bounce:                0 kB
WritebackTmp:          0 kB
CommitLimit:     9202292 kB
Committed_AS:   69076924 kB
VmallocTotal:   263061440 kB
VmallocUsed:      104576 kB
VmallocChunk:          0 kB
Percpu:             7616 kB
CmaTotal:         294912 kB
CmaFree:              52 kB
MemTotal:       12113136 kB
MemFree:         6031508 kB
MemAvailable:    7836412 kB
Buffers:            6336 kB
Cached:          1878516 kB
SwapCached:            0 kB
Active:          1654856 kB
Inactive:        1552380 kB
Active(anon):    1329436 kB
Inactive(anon):    27096 kB
Active(file):     325420 kB
Inactive(file):  1525284 kB
Unevictable:        5508 kB
Mlocked:            5508 kB
SwapTotal:       3145724 kB
SwapFree:        3145724 kB
Dirty:               296 kB
Writeback:             0 kB
AnonPages:       1327532 kB
Mapped:           886144 kB
Shmem:             29696 kB
KReclaimable:     822904 kB
Slab:             224864 kB
SReclaimable:      78292 kB
SUnreclaim:       146572 kB
KernelStack:       47520 kB
PageTables:        65452 kB
NFS_Unstable:          0 kB
Bounce:                0 kB
WritebackTmp:          0 kB
CommitLimit:     9202292 kB
Committed_AS:   69088464 kB
VmallocTotal:   263061440 kB
VmallocUsed:      104576 kB
VmallocChunk:          0 kB
Percpu:             7616 kB
CmaTotal:         294912 kB
CmaFree:               0 kB
MemTotal:       12113136 kB
MemFree:         6063024 kB
MemAvailable:    7867944 kB
Buffers:            6336 kB
Cached:          1878532 kB
SwapCached:            0 kB
Active:          1621156 kB
Inactive:        1552396 kB
Active(anon):    1295736 kB
Inactive(anon):    27096 kB
Active(file):     325420 kB
Inactive(file):  1525300 kB
Unevictable:        5508 kB
Mlocked:            5508 kB
SwapTotal:       3145724 kB
SwapFree:        3145724 kB
Dirty:               296 kB
Writeback:             0 kB
AnonPages:       1293996 kB
Mapped:           886144 kB
Shmem:             29696 kB
KReclaimable:     822904 kB
Slab:             224872 kB
SReclaimable:      78292 kB
SUnreclaim:       146580 kB
KernelStack:       47568 kB
PageTables:        65464 kB
NFS_Unstable:          0 kB
Bounce:                0 kB
WritebackTmp:          0 kB
CommitLimit:     9202292 kB
Committed_AS:   69081728 kB
VmallocTotal:   263061440 kB
VmallocUsed:      104528 kB
VmallocChunk:          0 kB
Percpu:             7616 kB
CmaTotal:         294912 kB
CmaFree:             532 kB
MemTotal:       12113136 kB
MemFree:         6048148 kB
MemAvailable:    7853084 kB
Buffers:            6336 kB
Cached:          1878548 kB
SwapCached:            0 kB
Active:          1640356 kB
Inactive:        1552412 kB
Active(anon):    1314936 kB
Inactive(anon):    27096 kB
Active(file):     325420 kB
Inactive(file):  1525316 kB
Unevictable:        5508 kB
Mlocked:            5508 kB
SwapTotal:       3145724 kB
SwapFree:        3145724 kB
Dirty:               340 kB
Writeback:             0 kB
AnonPages:       1313716 kB
Mapped:           886164 kB
Shmem:             29696 kB
KReclaimable:     822904 kB
Slab:             224868 kB
SReclaimable:      78292 kB
SUnreclaim:       146576 kB
KernelStack:       47536 kB
PageTables:        65432 kB
NFS_Unstable:          0 kB
Bounce:                0 kB
WritebackTmp:          0 kB
CommitLimit:     9202292 kB
Committed_AS:   69087860 kB
VmallocTotal:   263061440 kB
VmallocUsed:      104528 kB
VmallocChunk:          0 kB
Percpu:             7616 kB
CmaTotal:         294912 kB
CmaFree:               0 kB
MemTotal:       12113136 kB
MemFree:         6046108 kB
MemAvailable:    7851056 kB
Buffers:            6336 kB
Cached:          1878560 kB
SwapCached:            0 kB
Active:          1640224 kB
Inactive:        1552424 kB
Active(anon):    1314804 kB
Inactive(anon):    27096 kB
Active(file):     325420 kB
Inactive(file):  1525328 kB
Unevictable:        5508 kB
Mlocked:            5508 kB
SwapTotal:       3145724 kB
SwapFree:        3145724 kB
Dirty:               360 kB
Writeback:             0 kB
AnonPages:       1313192 kB
Mapped:           886144 kB
Shmem:             29696 kB
KReclaimable:     822904 kB
Slab:             224868 kB
SReclaimable:      78292 kB
SUnreclaim:       146576 kB
KernelStack:       47632 kB
PageTables:        65644 kB
NFS_Unstable:          0 kB
Bounce:                0 kB
WritebackTmp:          0 kB
CommitLimit:     9202292 kB
Committed_AS:   69084664 kB
VmallocTotal:   263061440 kB
VmallocUsed:      104592 kB
VmallocChunk:          0 kB
Percpu:             7616 kB
CmaTotal:         294912 kB
CmaFree:             148 kB
MemTotal:       12113136 kB
MemFree:         6045444 kB
MemAvailable:    7850408 kB
Buffers:            6336 kB
Cached:          1878576 kB
SwapCached:            0 kB
Active:          1640408 kB
Inactive:        1552440 kB
Active(anon):    1314988 kB
Inactive(anon):    27096 kB
Active(file):     325420 kB
Inactive(file):  1525344 kB
Unevictable:        5508 kB
Mlocked:            5508 kB
SwapTotal:       3145724 kB
SwapFree:        3145724 kB
Dirty:               400 kB
Writeback:             0 kB
AnonPages:       1313588 kB
Mapped:           886052 kB
Shmem:             29696 kB
KReclaimable:     822904 kB
Slab:             224868 kB
SReclaimable:      78292 kB
SUnreclaim:       146576 kB
KernelStack:       47600 kB
PageTables:        65292 kB
NFS_Unstable:          0 kB
Bounce:                0 kB
WritebackTmp:          0 kB
CommitLimit:     9202292 kB
Committed_AS:   69077652 kB
VmallocTotal:   263061440 kB
VmallocUsed:      104592 kB
VmallocChunk:          0 kB
Percpu:             7616 kB
CmaTotal:         294912 kB
CmaFree:               0 kB
MemTotal:       12113136 kB
MemFree:         6036252 kB
MemAvailable:    7841260 kB
Buffers:            6340 kB
Cached:          1878500 kB
SwapCached:            0 kB
Active:          1651020 kB
Inactive:        1552360 kB
Active(anon):    1325596 kB
Inactive(anon):    26976 kB
Active(file):     325424 kB
Inactive(file):  1525384 kB
Unevictable:        5508 kB
Mlocked:            5508 kB
SwapTotal:       3145724 kB
SwapFree:        3145724 kB
Dirty:               476 kB
Writeback:             0 kB
AnonPages:       1323792 kB
Mapped:           886004 kB
Shmem:             29580 kB
KReclaimable:     822904 kB
Slab:             224872 kB
SReclaimable:      78292 kB
SUnreclaim:       146580 kB
KernelStack:       47600 kB
PageTables:        65432 kB
NFS_Unstable:          0 kB
Bounce:                0 kB
WritebackTmp:          0 kB
CommitLimit:     9202292 kB
Committed_AS:   69077416 kB
VmallocTotal:   263061440 kB
VmallocUsed:      104592 kB
VmallocChunk:          0 kB
Percpu:             7616 kB
CmaTotal:         294912 kB
CmaFree:               0 kB
MemTotal:       12113136 kB
MemFree:         6035600 kB
MemAvailable:    7840624 kB
Buffers:            6340 kB
Cached:          1878632 kB
SwapCached:            0 kB
Active:          1652012 kB
Inactive:        1552496 kB
Active(anon):    1326588 kB
Inactive(anon):    27096 kB
Active(file):     325424 kB
Inactive(file):  1525400 kB
Unevictable:        5508 kB
Mlocked:            5508 kB
SwapTotal:       3145724 kB
SwapFree:        3145724 kB
Dirty:               492 kB
Writeback:             0 kB
AnonPages:       1325008 kB
Mapped:           886144 kB
Shmem:             29696 kB
KReclaimable:     822904 kB
Slab:             224872 kB
SReclaimable:      78292 kB
SUnreclaim:       146580 kB
KernelStack:       47584 kB
PageTables:        65672 kB
NFS_Unstable:          0 kB
Bounce:                0 kB
WritebackTmp:          0 kB
CommitLimit:     9202292 kB
Committed_AS:   69088828 kB
VmallocTotal:   263061440 kB
VmallocUsed:      104624 kB
VmallocChunk:          0 kB
Percpu:             7616 kB
CmaTotal:         294912 kB
CmaFree:               0 kB
MemTotal:       12113136 kB
MemFree:         6043660 kB
MemAvailable:    7848704 kB
Buffers:            6340 kB
Cached:          1878652 kB
SwapCached:            0 kB
Active:          1642356 kB
Inactive:        1552516 kB
Active(anon):    1316932 kB
Inactive(anon):    27096 kB
Active(file):     325424 kB
Inactive(file):  1525420 kB
Unevictable:        5508 kB
Mlocked:            5508 kB
SwapTotal:       3145724 kB
SwapFree:        3145724 kB
Dirty:               532 kB
Writeback:             0 kB
AnonPages:       1315524 kB
Mapped:           886224 kB
Shmem:             29696 kB
KReclaimable:     822904 kB
Slab:             224868 kB
SReclaimable:      78292 kB
SUnreclaim:       146576 kB
KernelStack:       47568 kB
PageTables:        65660 kB
NFS_Unstable:          0 kB
Bounce:                0 kB
WritebackTmp:          0 kB
CommitLimit:     9202292 kB
Committed_AS:   69082992 kB
VmallocTotal:   263061440 kB
VmallocUsed:      104624 kB
VmallocChunk:          0 kB
Percpu:             7616 kB
CmaTotal:         294912 kB
CmaFree:              16 kB
MemTotal:       12113136 kB
MemFree:         6044100 kB
MemAvailable:    7849156 kB
Buffers:            6340 kB
Cached:          1878748 kB
SwapCached:            0 kB
Active:          1643468 kB
Inactive:        1552608 kB
Active(anon):    1318044 kB
Inactive(anon):    27176 kB
Active(file):     325424 kB
Inactive(file):  1525432 kB
Unevictable:        5508 kB
Mlocked:            5508 kB
SwapTotal:       3145724 kB
SwapFree:        3145724 kB
Dirty:               560 kB
Writeback:             0 kB
AnonPages:       1316060 kB
Mapped:           886284 kB
Shmem:             29780 kB
KReclaimable:     822904 kB
Slab:             224872 kB
SReclaimable:      78292 kB
SUnreclaim:       146580 kB
KernelStack:       47632 kB
PageTables:        65556 kB
NFS_Unstable:          0 kB
Bounce:                0 kB
WritebackTmp:          0 kB
CommitLimit:     9202292 kB
Committed_AS:   69082440 kB
VmallocTotal:   263061440 kB
VmallocUsed:      104640 kB
VmallocChunk:          0 kB
Percpu:             7616 kB
CmaTotal:         294912 kB
CmaFree:               0 kB
MemTotal:       12113136 kB
MemFree:         6074700 kB
MemAvailable:    7880024 kB
Buffers:            6340 kB
Cached:          1878680 kB
SwapCached:            0 kB
Active:          1609488 kB
Inactive:        1552544 kB
Active(anon):    1284064 kB
Inactive(anon):    27096 kB
Active(file):     325424 kB
Inactive(file):  1525448 kB
Unevictable:        5508 kB
Mlocked:            5508 kB
SwapTotal:       3145724 kB
SwapFree:        3145724 kB
Dirty:               620 kB
Writeback:             0 kB
AnonPages:       1282560 kB
Mapped:           886184 kB
Shmem:             29696 kB
KReclaimable:     822904 kB
Slab:             224868 kB
SReclaimable:      78292 kB
SUnreclaim:       146576 kB
KernelStack:       47616 kB
PageTables:        65560 kB
NFS_Unstable:          0 kB
Bounce:                0 kB
WritebackTmp:          0 kB
CommitLimit:     9202292 kB
Committed_AS:   69093776 kB
VmallocTotal:   263061440 kB
VmallocUsed:      104624 kB
VmallocChunk:          0 kB
Percpu:             7616 kB
CmaTotal:         294912 kB
CmaFree:              28 kB
MemTotal:       12113136 kB
MemFree:         6077084 kB
MemAvailable:    7882168 kB
Buffers:            6340 kB
Cached:          1878692 kB
SwapCached:            0 kB
Active:          1608944 kB
Inactive:        1552556 kB
Active(anon):    1283520 kB
Inactive(anon):    27096 kB
Active(file):     325424 kB
Inactive(file):  1525460 kB
Unevictable:        5508 kB
Mlocked:            5508 kB
SwapTotal:       3145724 kB
SwapFree:        3145724 kB
Dirty:               632 kB
Writeback:             0 kB
AnonPages:       1282416 kB
Mapped:           886204 kB
Shmem:             29696 kB
KReclaimable:     822904 kB
Slab:             224864 kB
SReclaimable:      78292 kB
SUnreclaim:       146572 kB
KernelStack:       47600 kB
PageTables:        65504 kB
NFS_Unstable:          0 kB
Bounce:                0 kB
WritebackTmp:          0 kB
CommitLimit:     9202292 kB
Committed_AS:   69089448 kB
VmallocTotal:   263061440 kB
VmallocUsed:      104592 kB
VmallocChunk:          0 kB
Percpu:             7616 kB
CmaTotal:         294912 kB
CmaFree:               0 kB
MemTotal:       12113136 kB
MemFree:         6061568 kB
MemAvailable:    7866664 kB
Buffers:            6340 kB
Cached:          1878704 kB
SwapCached:            0 kB
Active:          1628024 kB
Inactive:        1552568 kB
Active(anon):    1302600 kB
Inactive(anon):    27096 kB
Active(file):     325424 kB
Inactive(file):  1525472 kB
Unevictable:        5508 kB
Mlocked:            5508 kB
SwapTotal:       3145724 kB
SwapFree:        3145724 kB
Dirty:               656 kB
Writeback:             0 kB
AnonPages:       1301056 kB
Mapped:           886236 kB
Shmem:             29696 kB
KReclaimable:     822904 kB
Slab:             224868 kB
SReclaimable:      78292 kB
SUnreclaim:       146576 kB
KernelStack:       47616 kB
PageTables:        65632 kB
NFS_Unstable:          0 kB
Bounce:                0 kB
WritebackTmp:          0 kB
CommitLimit:     9202292 kB
Committed_AS:   69076636 kB
VmallocTotal:   263061440 kB
VmallocUsed:      104576 kB
VmallocChunk:          0 kB
Percpu:             7616 kB
CmaTotal:         294912 kB
CmaFree:               0 kB
MemTotal:       12113136 kB
MemFree:         6063412 kB
MemAvailable:    7868528 kB
Buffers:            6340 kB
Cached:          1878724 kB
SwapCached:            0 kB
Active:          1622360 kB
Inactive:        1552588 kB
Active(anon):    1296936 kB
Inactive(anon):    27096 kB
Active(file):     325424 kB
Inactive(file):  1525492 kB
Unevictable:        5508 kB
Mlocked:            5508 kB
SwapTotal:       3145724 kB
SwapFree:        3145724 kB
Dirty:               680 kB
Writeback:             0 kB
AnonPages:       1294920 kB
Mapped:           886396 kB
Shmem:             29696 kB
KReclaimable:     822904 kB
Slab:             224876 kB
SReclaimable:      78292 kB
SUnreclaim:       146584 kB
KernelStack:       47520 kB
PageTables:        65452 kB
NFS_Unstable:          0 kB
Bounce:                0 kB
WritebackTmp:          0 kB
CommitLimit:     9202292 kB
Committed_AS:   69087664 kB
VmallocTotal:   263061440 kB
VmallocUsed:      104608 kB
VmallocChunk:          0 kB
Percpu:             7616 kB
CmaTotal:         294912 kB
CmaFree:               0 kB
MemTotal:       12113136 kB
MemFree:         6062632 kB
MemAvailable:    7867756 kB
Buffers:            6340 kB
Cached:          1878732 kB
SwapCached:            0 kB
Active:          1623644 kB
Inactive:        1552596 kB
Active(anon):    1298220 kB
Inactive(anon):    27096 kB
Active(file):     325424 kB
Inactive(file):  1525500 kB
Unevictable:        5508 kB
Mlocked:            5508 kB
SwapTotal:       3145724 kB
SwapFree:        3145724 kB
Dirty:               688 kB
Writeback:             0 kB
AnonPages:       1296352 kB
Mapped:           886204 kB
Shmem:             29696 kB
KReclaimable:     822904 kB
Slab:             224868 kB
SReclaimable:      78292 kB
SUnreclaim:       146576 kB
KernelStack:       47648 kB
PageTables:        65644 kB
NFS_Unstable:          0 kB
Bounce:                0 kB
WritebackTmp:          0 kB
CommitLimit:     9202292 kB
Committed_AS:   69081344 kB
VmallocTotal:   263061440 kB
VmallocUsed:      104592 kB
VmallocChunk:          0 kB
Percpu:             7616 kB
CmaTotal:         294912 kB
CmaFree:               0 kB
MemTotal:       12113136 kB
MemFree:         6063644 kB
MemAvailable:    7868784 kB
Buffers:            6340 kB
Cached:          1878748 kB
SwapCached:            0 kB
Active:          1623120 kB
Inactive:        1552612 kB
Active(anon):    1297696 kB
Inactive(anon):    27096 kB
Active(file):     325424 kB
Inactive(file):  1525516 kB
Unevictable:        5508 kB
Mlocked:            5508 kB
SwapTotal:       3145724 kB
SwapFree:        3145724 kB
Dirty:               768 kB
Writeback:             0 kB
AnonPages:       1296232 kB
Mapped:           886396 kB
Shmem:             29696 kB
KReclaimable:     822904 kB
Slab:             224852 kB
SReclaimable:      78292 kB
SUnreclaim:       146560 kB
KernelStack:       47584 kB
PageTables:        65424 kB
NFS_Unstable:          0 kB
Bounce:                0 kB
WritebackTmp:          0 kB
CommitLimit:     9202292 kB
Committed_AS:   69076424 kB
VmallocTotal:   263061440 kB
VmallocUsed:      104608 kB
VmallocChunk:          0 kB
Percpu:             7616 kB
CmaTotal:         294912 kB
CmaFree:               0 kB
MemTotal:       12113136 kB
MemFree:         6062052 kB
MemAvailable:    7867212 kB
Buffers:            6340 kB
Cached:          1878768 kB
SwapCached:            0 kB
Active:          1625040 kB
Inactive:        1552632 kB
Active(anon):    1299616 kB
Inactive(anon):    27096 kB
Active(file):     325424 kB
Inactive(file):  1525536 kB
Unevictable:        5508 kB
Mlocked:            5508 kB
SwapTotal:       3145724 kB
SwapFree:        3145724 kB
Dirty:               816 kB
Writeback:             0 kB
AnonPages:       1297892 kB
Mapped:           886204 kB
Shmem:             29696 kB
KReclaimable:     822904 kB
Slab:             224868 kB
SReclaimable:      78292 kB
SUnreclaim:       146576 kB
KernelStack:       47600 kB
PageTables:        65640 kB
NFS_Unstable:          0 kB
Bounce:                0 kB
WritebackTmp:          0 kB
CommitLimit:     9202292 kB
Committed_AS:   69076644 kB
VmallocTotal:   263061440 kB
VmallocUsed:      104592 kB
VmallocChunk:          0 kB
Percpu:             7616 kB
CmaTotal:         294912 kB
CmaFree:               0 kB
MemTotal:       12113136 kB
MemFree:         6060276 kB
MemAvailable:    7865484 kB
Buffers:            6340 kB
Cached:          1878816 kB
SwapCached:            0 kB
Active:          1625516 kB
Inactive:        1552676 kB
Active(anon):    1300088 kB
Inactive(anon):    27096 kB
Active(file):     325428 kB
Inactive(file):  1525580 kB
Unevictable:        5508 kB
Mlocked:            5508 kB
SwapTotal:       3145724 kB
SwapFree:        3145724 kB
Dirty:               840 kB
Writeback:             0 kB
AnonPages:       1298308 kB
Mapped:           886196 kB
Shmem:             29696 kB
KReclaimable:     822904 kB
Slab:             224868 kB
SReclaimable:      78292 kB
SUnreclaim:       146576 kB
KernelStack:       47584 kB
PageTables:        65480 kB
NFS_Unstable:          0 kB
Bounce:                0 kB
WritebackTmp:          0 kB
CommitLimit:     9202292 kB
Committed_AS:   69081220 kB
VmallocTotal:   263061440 kB
VmallocUsed:      104608 kB
VmallocChunk:          0 kB
Percpu:             7616 kB
CmaTotal:         294912 kB
CmaFree:               0 kB
MemTotal:       12113136 kB
MemFree:         6060068 kB
MemAvailable:    7865268 kB
Buffers:            6340 kB
Cached:          1878808 kB
SwapCached:            0 kB
Active:          1626496 kB
Inactive:        1552416 kB
Active(anon):    1301072 kB
Inactive(anon):    26840 kB
Active(file):     325424 kB
Inactive(file):  1525576 kB
Unevictable:        5508 kB
Mlocked:            5508 kB
SwapTotal:       3145724 kB
SwapFree:        3145724 kB
Dirty:               856 kB
Writeback:             0 kB
AnonPages:       1299652 kB
Mapped:           885948 kB
Shmem:             29696 kB
KReclaimable:     822904 kB
Slab:             224868 kB
SReclaimable:      78292 kB
SUnreclaim:       146576 kB
KernelStack:       47584 kB
PageTables:        65500 kB
NFS_Unstable:          0 kB
Bounce:                0 kB
WritebackTmp:          0 kB
CommitLimit:     9202292 kB
Committed_AS:   69085980 kB
VmallocTotal:   263061440 kB
VmallocUsed:      104608 kB
VmallocChunk:          0 kB
Percpu:             7616 kB
CmaTotal:         294912 kB
CmaFree:               0 kB
MemTotal:       12113136 kB
MemFree:         6059076 kB
MemAvailable:    7864288 kB
Buffers:            6340 kB
Cached:          1878820 kB
SwapCached:            0 kB
Active:          1626708 kB
Inactive:        1552684 kB
Active(anon):    1301284 kB
Inactive(anon):    27096 kB
Active(file):     325424 kB
Inactive(file):  1525588 kB
Unevictable:        5508 kB
Mlocked:            5508 kB
SwapTotal:       3145724 kB
SwapFree:        3145724 kB
Dirty:               880 kB
Writeback:             0 kB
AnonPages:       1299776 kB
Mapped:           886432 kB
Shmem:             29696 kB
KReclaimable:     822904 kB
Slab:             224876 kB
SReclaimable:      78292 kB
SUnreclaim:       146584 kB
KernelStack:       47600 kB
PageTables:        65472 kB
NFS_Unstable:          0 kB
Bounce:                0 kB
WritebackTmp:          0 kB
CommitLimit:     9202292 kB
Committed_AS:   69096932 kB
VmallocTotal:   263061440 kB
VmallocUsed:      104624 kB
VmallocChunk:          0 kB
Percpu:             7616 kB
CmaTotal:         294912 kB
CmaFree:               0 kB
MemTotal:       12113136 kB
MemFree:         6057308 kB
MemAvailable:    7862536 kB
Buffers:            6340 kB
Cached:          1878836 kB
SwapCached:            0 kB
Active:          1627740 kB
Inactive:        1552700 kB
Active(anon):    1302316 kB
Inactive(anon):    27096 kB
Active(file):     325424 kB
Inactive(file):  1525604 kB
Unevictable:        5508 kB
Mlocked:            5508 kB
SwapTotal:       3145724 kB
SwapFree:        3145724 kB
Dirty:               896 kB
Writeback:             0 kB
AnonPages:       1300840 kB
Mapped:           886204 kB
Shmem:             29696 kB
KReclaimable:     822904 kB
Slab:             224868 kB
SReclaimable:      78292 kB
SUnreclaim:       146576 kB
KernelStack:       47616 kB
PageTables:        65480 kB
NFS_Unstable:          0 kB
Bounce:                0 kB
WritebackTmp:          0 kB
CommitLimit:     9202292 kB
Committed_AS:   69086244 kB
VmallocTotal:   263061440 kB
VmallocUsed:      104592 kB
VmallocChunk:          0 kB
Percpu:             7616 kB
CmaTotal:         294912 kB
CmaFree:               0 kB
MemTotal:       12113136 kB
MemFree:         6059108 kB
MemAvailable:    7864352 kB
Buffers:            6344 kB
Cached:          1878756 kB
SwapCached:            0 kB
Active:          1627212 kB
Inactive:        1552628 kB
Active(anon):    1301788 kB
Inactive(anon):    27008 kB
Active(file):     325424 kB
Inactive(file):  1525620 kB
Unevictable:        5508 kB
Mlocked:            5508 kB
SwapTotal:       3145724 kB
SwapFree:        3145724 kB
Dirty:               924 kB
Writeback:             0 kB
AnonPages:       1300280 kB
Mapped:           886328 kB
Shmem:             29604 kB
KReclaimable:     822904 kB
Slab:             224868 kB
SReclaimable:      78292 kB
SUnreclaim:       146576 kB
KernelStack:       47664 kB
PageTables:        65500 kB
NFS_Unstable:          0 kB
Bounce:                0 kB
WritebackTmp:          0 kB
CommitLimit:     9202292 kB
Committed_AS:   69086084 kB
VmallocTotal:   263061440 kB
VmallocUsed:      104624 kB
VmallocChunk:          0 kB
Percpu:             7616 kB
CmaTotal:         294912 kB
CmaFree:              40 kB
MemTotal:       12113136 kB
MemFree:         6058680 kB
MemAvailable:    7863956 kB
Buffers:            6344 kB
Cached:          1878880 kB
SwapCached:            0 kB
Active:          1628372 kB
Inactive:        1552744 kB
Active(anon):    1302944 kB
Inactive(anon):    27096 kB
Active(file):     325428 kB
Inactive(file):  1525648 kB
Unevictable:        5508 kB
Mlocked:            5508 kB
SwapTotal:       3145724 kB
SwapFree:        3145724 kB
Dirty:               904 kB
Writeback:             0 kB
AnonPages:       1301416 kB
Mapped:           886204 kB
Shmem:             29696 kB
KReclaimable:     822904 kB
Slab:             224860 kB
SReclaimable:      78292 kB
SUnreclaim:       146568 kB
KernelStack:       47552 kB
PageTables:        65508 kB
NFS_Unstable:          0 kB
Bounce:                0 kB
WritebackTmp:          0 kB
CommitLimit:     9202292 kB
Committed_AS:   69092612 kB
VmallocTotal:   263061440 kB
VmallocUsed:      104560 kB
VmallocChunk:          0 kB
Percpu:             7616 kB
CmaTotal:         294912 kB
CmaFree:               0 kB
MemTotal:       12113136 kB
MemFree:         6057532 kB
MemAvailable:    7862824 kB
Buffers:            6344 kB
Cached:          1878896 kB
SwapCached:            0 kB
Active:          1628436 kB
Inactive:        1552760 kB
Active(anon):    1303008 kB
Inactive(anon):    27096 kB
Active(file):     325428 kB
Inactive(file):  1525664 kB
Unevictable:        5508 kB
Mlocked:            5508 kB
SwapTotal:       3145724 kB
SwapFree:        3145724 kB
Dirty:               920 kB
Writeback:             0 kB
AnonPages:       1301504 kB
Mapped:           886208 kB
Shmem:             29696 kB
KReclaimable:     822904 kB
Slab:             224884 kB
SReclaimable:      78292 kB
SUnreclaim:       146592 kB
KernelStack:       47584 kB
PageTables:        65508 kB
NFS_Unstable:          0 kB
Bounce:                0 kB
WritebackTmp:          0 kB
CommitLimit:     9202292 kB
Committed_AS:   69086576 kB
VmallocTotal:   263061440 kB
VmallocUsed:      104544 kB
VmallocChunk:          0 kB
Percpu:             7616 kB
CmaTotal:         294912 kB
CmaFree:               0 kB
MemTotal:       12113136 kB
MemFree:         6057024 kB
MemAvailable:    7862332 kB
Buffers:            6344 kB
Cached:          1878920 kB
SwapCached:            0 kB
Active:          1629704 kB
Inactive:        1552960 kB
Active(anon):    1304276 kB
Inactive(anon):    27280 kB
Active(file):     325428 kB
Inactive(file):  1525680 kB
Unevictable:        5508 kB
Mlocked:            5508 kB
SwapTotal:       3145724 kB
SwapFree:        3145724 kB
Dirty:               936 kB
Writeback:             0 kB
AnonPages:       1302636 kB
Mapped:           886388 kB
Shmem:             29704 kB
KReclaimable:     822904 kB
Slab:             224852 kB
SReclaimable:      78292 kB
SUnreclaim:       146560 kB
KernelStack:       47552 kB
PageTables:        65508 kB
NFS_Unstable:          0 kB
Bounce:                0 kB
WritebackTmp:          0 kB
CommitLimit:     9202292 kB
Committed_AS:   69086724 kB
VmallocTotal:   263061440 kB
VmallocUsed:      104560 kB
VmallocChunk:          0 kB
Percpu:             7616 kB
CmaTotal:         294912 kB
CmaFree:               4 kB
MemTotal:       12113136 kB
MemFree:         6056172 kB
MemAvailable:    7861496 kB
Buffers:            6344 kB
Cached:          1878928 kB
SwapCached:            0 kB
Active:          1630004 kB
Inactive:        1552792 kB
Active(anon):    1304576 kB
Inactive(anon):    27096 kB
Active(file):     325428 kB
Inactive(file):  1525696 kB
Unevictable:        5508 kB
Mlocked:            5508 kB
SwapTotal:       3145724 kB
SwapFree:        3145724 kB
Dirty:               964 kB
Writeback:             0 kB
AnonPages:       1302728 kB
Mapped:           886396 kB
Shmem:             29696 kB
KReclaimable:     822904 kB
Slab:             224876 kB
SReclaimable:      78292 kB
SUnreclaim:       146584 kB
KernelStack:       47552 kB
PageTables:        65468 kB
NFS_Unstable:          0 kB
Bounce:                0 kB
WritebackTmp:          0 kB
CommitLimit:     9202292 kB
Committed_AS:   69091860 kB
VmallocTotal:   263061440 kB
VmallocUsed:      104576 kB
VmallocChunk:          0 kB
Percpu:             7616 kB
CmaTotal:         294912 kB
CmaFree:               0 kB
MemTotal:       12113136 kB
MemFree:         6055188 kB
MemAvailable:    7860520 kB
Buffers:            6344 kB
Cached:          1878936 kB
SwapCached:            0 kB
Active:          1631416 kB
Inactive:        1552800 kB
Active(anon):    1305988 kB
Inactive(anon):    27096 kB
Active(file):     325428 kB
Inactive(file):  1525704 kB
Unevictable:        5508 kB
Mlocked:            5508 kB
SwapTotal:       3145724 kB
SwapFree:        3145724 kB
Dirty:               452 kB
Writeback:             0 kB
AnonPages:       1304576 kB
Mapped:           886204 kB
Shmem:             29696 kB
KReclaimable:     822904 kB
Slab:             224852 kB
SReclaimable:      78292 kB
SUnreclaim:       146560 kB
KernelStack:       47552 kB
PageTables:        65508 kB
NFS_Unstable:          0 kB
Bounce:                0 kB
WritebackTmp:          0 kB
CommitLimit:     9202292 kB
Committed_AS:   69082032 kB
VmallocTotal:   263061440 kB
VmallocUsed:      104608 kB
VmallocChunk:          0 kB
Percpu:             7616 kB
CmaTotal:         294912 kB
CmaFree:               0 kB
MemTotal:       12113136 kB
MemFree:         6084500 kB
MemAvailable:    7889852 kB
Buffers:            6344 kB
Cached:          1878972 kB
SwapCached:            0 kB
Active:          1600896 kB
Inactive:        1552844 kB
Active(anon):    1275468 kB
Inactive(anon):    27120 kB
Active(file):     325428 kB
Inactive(file):  1525724 kB
Unevictable:        5508 kB
Mlocked:            5508 kB
SwapTotal:       3145724 kB
SwapFree:        3145724 kB
Dirty:               264 kB
Writeback:             0 kB
AnonPages:       1273648 kB
Mapped:           886412 kB
Shmem:             29712 kB
KReclaimable:     822904 kB
Slab:             224872 kB
SReclaimable:      78292 kB
SUnreclaim:       146580 kB
KernelStack:       47568 kB
PageTables:        65536 kB
NFS_Unstable:          0 kB
Bounce:                0 kB
WritebackTmp:          0 kB
CommitLimit:     9202292 kB
Committed_AS:   69074232 kB
VmallocTotal:   263061440 kB
VmallocUsed:      104560 kB
VmallocChunk:          0 kB
Percpu:             7616 kB
CmaTotal:         294912 kB
CmaFree:              20 kB
MemTotal:       12113136 kB
MemFree:         6067352 kB
MemAvailable:    7872720 kB
Buffers:            6344 kB
Cached:          1878972 kB
SwapCached:            0 kB
Active:          1618896 kB
Inactive:        1552836 kB
Active(anon):    1293468 kB
Inactive(anon):    27096 kB
Active(file):     325428 kB
Inactive(file):  1525740 kB
Unevictable:        5508 kB
Mlocked:            5508 kB
SwapTotal:       3145724 kB
SwapFree:        3145724 kB
Dirty:               328 kB
Writeback:             0 kB
AnonPages:       1291964 kB
Mapped:           886204 kB
Shmem:             29696 kB
KReclaimable:     822904 kB
Slab:             224872 kB
SReclaimable:      78292 kB
SUnreclaim:       146580 kB
KernelStack:       47520 kB
PageTables:        65504 kB
NFS_Unstable:          0 kB
Bounce:                0 kB
WritebackTmp:          0 kB
CommitLimit:     9202292 kB
Committed_AS:   69092660 kB
VmallocTotal:   263061440 kB
VmallocUsed:      104560 kB
VmallocChunk:          0 kB
Percpu:             7616 kB
CmaTotal:         294912 kB
CmaFree:              28 kB
MemTotal:       12113136 kB
MemFree:         6066912 kB
MemAvailable:    7872292 kB
Buffers:            6344 kB
Cached:          1878984 kB
SwapCached:            0 kB
Active:          1619268 kB
Inactive:        1552848 kB
Active(anon):    1293840 kB
Inactive(anon):    27096 kB
Active(file):     325428 kB
Inactive(file):  1525752 kB
Unevictable:        5508 kB
Mlocked:            5508 kB
SwapTotal:       3145724 kB
SwapFree:        3145724 kB
Dirty:               340 kB
Writeback:             0 kB
AnonPages:       1292392 kB
Mapped:           886296 kB
Shmem:             29696 kB
KReclaimable:     822904 kB
Slab:             224880 kB
SReclaimable:      78292 kB
SUnreclaim:       146588 kB
KernelStack:       47552 kB
PageTables:        65588 kB
NFS_Unstable:          0 kB
Bounce:                0 kB
WritebackTmp:          0 kB
CommitLimit:     9202292 kB
Committed_AS:   69082136 kB
VmallocTotal:   263061440 kB
VmallocUsed:      104560 kB
VmallocChunk:          0 kB
Percpu:             7616 kB
CmaTotal:         294912 kB
CmaFree:               0 kB
MemTotal:       12113136 kB
MemFree:         6055852 kB
MemAvailable:    7861256 kB
Buffers:            6344 kB
Cached:          1879216 kB
SwapCached:            0 kB
Active:          1629240 kB
Inactive:        1552728 kB
Active(anon):    1303812 kB
Inactive(anon):    26952 kB
Active(file):     325428 kB
Inactive(file):  1525776 kB
Unevictable:        5508 kB
Mlocked:            5508 kB
SwapTotal:       3145724 kB
SwapFree:        3145724 kB
Dirty:               380 kB
Writeback:             0 kB
AnonPages:       1302004 kB
Mapped:           886064 kB
Shmem:             29904 kB
KReclaimable:     822904 kB
Slab:             224880 kB
SReclaimable:      78292 kB
SUnreclaim:       146588 kB
KernelStack:       47520 kB
PageTables:        65516 kB
NFS_Unstable:          0 kB
Bounce:                0 kB
WritebackTmp:          0 kB
CommitLimit:     9202292 kB
Committed_AS:   69080800 kB
VmallocTotal:   263061440 kB
VmallocUsed:      104544 kB
VmallocChunk:          0 kB
Percpu:             7616 kB
CmaTotal:         294912 kB
CmaFree:             308 kB
MemTotal:       12113136 kB
MemFree:         6055420 kB
MemAvailable:    7860832 kB
Buffers:            6344 kB
Cached:          1879016 kB
SwapCached:            0 kB
Active:          1628948 kB
Inactive:        1552880 kB
Active(anon):    1303520 kB
Inactive(anon):    27096 kB
Active(file):     325428 kB
Inactive(file):  1525784 kB
Unevictable:        5508 kB
Mlocked:            5508 kB
SwapTotal:       3145724 kB
SwapFree:        3145724 kB
Dirty:               420 kB
Writeback:             0 kB
AnonPages:       1302160 kB
Mapped:           886396 kB
Shmem:             29696 kB
KReclaimable:     822904 kB
Slab:             224872 kB
SReclaimable:      78292 kB
SUnreclaim:       146580 kB
KernelStack:       47536 kB
PageTables:        65616 kB
NFS_Unstable:          0 kB
Bounce:                0 kB
WritebackTmp:          0 kB
CommitLimit:     9202292 kB
Committed_AS:   69092280 kB
VmallocTotal:   263061440 kB
VmallocUsed:      104512 kB
VmallocChunk:          0 kB
Percpu:             7616 kB
CmaTotal:         294912 kB
CmaFree:              56 kB
MemTotal:       12113136 kB
MemFree:         6056480 kB
MemAvailable:    7861916 kB
Buffers:            6344 kB
Cached:          1879040 kB
SwapCached:            0 kB
Active:          1628760 kB
Inactive:        1552904 kB
Active(anon):    1303332 kB
Inactive(anon):    27096 kB
Active(file):     325428 kB
Inactive(file):  1525808 kB
Unevictable:        5508 kB
Mlocked:            5508 kB
SwapTotal:       3145724 kB
SwapFree:        3145724 kB
Dirty:               448 kB
Writeback:             0 kB
AnonPages:       1301664 kB
Mapped:           886204 kB
Shmem:             29696 kB
KReclaimable:     822904 kB
Slab:             224880 kB
SReclaimable:      78292 kB
SUnreclaim:       146588 kB
KernelStack:       47520 kB
PageTables:        65516 kB
NFS_Unstable:          0 kB
Bounce:                0 kB
WritebackTmp:          0 kB
CommitLimit:     9202292 kB
Committed_AS:   69081716 kB
VmallocTotal:   263061440 kB
VmallocUsed:      104544 kB
VmallocChunk:          0 kB
Percpu:             7616 kB
CmaTotal:         294912 kB
CmaFree:               0 kB
MemTotal:       12113136 kB
MemFree:         6057872 kB
MemAvailable:    7863320 kB
Buffers:            6344 kB
Cached:          1879052 kB
SwapCached:            0 kB
Active:          1629756 kB
Inactive:        1552916 kB
Active(anon):    1304328 kB
Inactive(anon):    27096 kB
Active(file):     325428 kB
Inactive(file):  1525820 kB
Unevictable:        5508 kB
Mlocked:            5508 kB
SwapTotal:       3145724 kB
SwapFree:        3145724 kB
Dirty:               472 kB
Writeback:             0 kB
AnonPages:       1302952 kB
Mapped:           886396 kB
Shmem:             29696 kB
KReclaimable:     822904 kB
Slab:             224872 kB
SReclaimable:      78292 kB
SUnreclaim:       146580 kB
KernelStack:       47536 kB
PageTables:        65500 kB
NFS_Unstable:          0 kB
Bounce:                0 kB
WritebackTmp:          0 kB
CommitLimit:     9202292 kB
Committed_AS:   69083892 kB
VmallocTotal:   263061440 kB
VmallocUsed:      104560 kB
VmallocChunk:          0 kB
Percpu:             7616 kB
CmaTotal:         294912 kB
CmaFree:               0 kB
MemTotal:       12113136 kB
MemFree:         6056052 kB
MemAvailable:    7861516 kB
Buffers:            6344 kB
Cached:          1879068 kB
SwapCached:            0 kB
Active:          1630228 kB
Inactive:        1552932 kB
Active(anon):    1304800 kB
Inactive(anon):    27096 kB
Active(file):     325428 kB
Inactive(file):  1525836 kB
Unevictable:        5508 kB
Mlocked:            5508 kB
SwapTotal:       3145724 kB
SwapFree:        3145724 kB
Dirty:               488 kB
Writeback:             0 kB
AnonPages:       1302944 kB
Mapped:           886204 kB
Shmem:             29696 kB
KReclaimable:     822904 kB
Slab:             224864 kB
SReclaimable:      78292 kB
SUnreclaim:       146572 kB
KernelStack:       47520 kB
PageTables:        65644 kB
NFS_Unstable:          0 kB
Bounce:                0 kB
WritebackTmp:          0 kB
CommitLimit:     9202292 kB
Committed_AS:   69076888 kB
VmallocTotal:   263061440 kB
VmallocUsed:      104512 kB
VmallocChunk:          0 kB
Percpu:             7616 kB
CmaTotal:         294912 kB
CmaFree:               0 kB
MemTotal:       12113136 kB
MemFree:         6055168 kB
MemAvailable:    7860644 kB
Buffers:            6344 kB
Cached:          1879080 kB
SwapCached:            0 kB
Active:          1630380 kB
Inactive:        1552944 kB
Active(anon):    1304952 kB
Inactive(anon):    27096 kB
Active(file):     325428 kB
Inactive(file):  1525848 kB
Unevictable:        5508 kB
Mlocked:            5508 kB
SwapTotal:       3145724 kB
SwapFree:        3145724 kB
Dirty:               504 kB
Writeback:             0 kB
AnonPages:       1303420 kB
Mapped:           886460 kB
Shmem:             29696 kB
KReclaimable:     822904 kB
Slab:             224872 kB
SReclaimable:      78292 kB
SUnreclaim:       146580 kB
KernelStack:       47568 kB
PageTables:        65600 kB
NFS_Unstable:          0 kB
Bounce:                0 kB
WritebackTmp:          0 kB
CommitLimit:     9202292 kB
Committed_AS:   69079488 kB
VmallocTotal:   263061440 kB
VmallocUsed:      104512 kB
VmallocChunk:          0 kB
Percpu:             7616 kB
CmaTotal:         294912 kB
CmaFree:               0 kB
MemTotal:       12113136 kB
MemFree:         6053504 kB
MemAvailable:    7858996 kB
Buffers:            6352 kB
Cached:          1879060 kB
SwapCached:            0 kB
Active:          1632128 kB
Inactive:        1553004 kB
Active(anon):    1306700 kB
Inactive(anon):    27140 kB
Active(file):     325428 kB
Inactive(file):  1525864 kB
Unevictable:        5508 kB
Mlocked:            5508 kB
SwapTotal:       3145724 kB
SwapFree:        3145724 kB
Dirty:               280 kB
Writeback:             0 kB
AnonPages:       1305028 kB
Mapped:           886248 kB
Shmem:             29668 kB
KReclaimable:     822904 kB
Slab:             224872 kB
SReclaimable:      78292 kB
SUnreclaim:       146580 kB
KernelStack:       47520 kB
PageTables:        65532 kB
NFS_Unstable:          0 kB
Bounce:                0 kB
WritebackTmp:          0 kB
CommitLimit:     9202292 kB
Committed_AS:   69086448 kB
VmallocTotal:   263061440 kB
VmallocUsed:      104544 kB
VmallocChunk:          0 kB
Percpu:             7616 kB
CmaTotal:         294912 kB
CmaFree:               0 kB
MemTotal:       12113136 kB
MemFree:         6052532 kB
MemAvailable:    7858072 kB
Buffers:            6352 kB
Cached:          1879136 kB
SwapCached:            0 kB
Active:          1632472 kB
Inactive:        1553000 kB
Active(anon):    1307036 kB
Inactive(anon):    27096 kB
Active(file):     325436 kB
Inactive(file):  1525904 kB
Unevictable:        5508 kB
Mlocked:            5508 kB
SwapTotal:       3145724 kB
SwapFree:        3145724 kB
Dirty:               304 kB
Writeback:             0 kB
AnonPages:       1305544 kB
Mapped:           886396 kB
Shmem:             29696 kB
KReclaimable:     822904 kB
Slab:             224872 kB
SReclaimable:      78292 kB
SUnreclaim:       146580 kB
KernelStack:       47520 kB
PageTables:        65456 kB
NFS_Unstable:          0 kB
Bounce:                0 kB
WritebackTmp:          0 kB
CommitLimit:     9202292 kB
Committed_AS:   69097632 kB
VmallocTotal:   263061440 kB
VmallocUsed:      104560 kB
VmallocChunk:          0 kB
Percpu:             7616 kB
CmaTotal:         294912 kB
CmaFree:               0 kB
MemTotal:       12113136 kB
MemFree:         6072444 kB
MemAvailable:    7877996 kB
Buffers:            6352 kB
Cached:          1879148 kB
SwapCached:            0 kB
Active:          1611808 kB
Inactive:        1553012 kB
Active(anon):    1286372 kB
Inactive(anon):    27096 kB
Active(file):     325436 kB
Inactive(file):  1525916 kB
Unevictable:        5508 kB
Mlocked:            5508 kB
SwapTotal:       3145724 kB
SwapFree:        3145724 kB
Dirty:               324 kB
Writeback:             0 kB
AnonPages:       1284684 kB
Mapped:           886204 kB
Shmem:             29696 kB
KReclaimable:     822904 kB
Slab:             224872 kB
SReclaimable:      78292 kB
SUnreclaim:       146580 kB
KernelStack:       47536 kB
PageTables:        65620 kB
NFS_Unstable:          0 kB
Bounce:                0 kB
WritebackTmp:          0 kB
CommitLimit:     9202292 kB
Committed_AS:   69086640 kB
VmallocTotal:   263061440 kB
VmallocUsed:      104544 kB
VmallocChunk:          0 kB
Percpu:             7616 kB
CmaTotal:         294912 kB
CmaFree:             352 kB
MemTotal:       12113136 kB
MemFree:         6065964 kB
MemAvailable:    7871532 kB
Buffers:            6352 kB
Cached:          1878908 kB
SwapCached:            0 kB
Active:          1619492 kB
Inactive:        1552772 kB
Active(anon):    1294056 kB
Inactive(anon):    26840 kB
Active(file):     325436 kB
Inactive(file):  1525932 kB
Unevictable:        5508 kB
Mlocked:            5508 kB
SwapTotal:       3145724 kB
SwapFree:        3145724 kB
Dirty:               356 kB
Writeback:             0 kB
AnonPages:       1292460 kB
Mapped:           886208 kB
Shmem:             29440 kB
KReclaimable:     822904 kB
Slab:             224872 kB
SReclaimable:      78292 kB
SUnreclaim:       146580 kB
KernelStack:       47552 kB
PageTables:        65544 kB
NFS_Unstable:          0 kB
Bounce:                0 kB
WritebackTmp:          0 kB
CommitLimit:     9202292 kB
Committed_AS:   69089416 kB
VmallocTotal:   263061440 kB
VmallocUsed:      104544 kB
VmallocChunk:          0 kB
Percpu:             7616 kB
CmaTotal:         294912 kB
CmaFree:               0 kB
MemTotal:       12113136 kB
MemFree:         6058572 kB
MemAvailable:    7864164 kB
Buffers:            6352 kB
Cached:          1879188 kB
SwapCached:            0 kB
Active:          1626600 kB
Inactive:        1553052 kB
Active(anon):    1301164 kB
Inactive(anon):    27096 kB
Active(file):     325436 kB
Inactive(file):  1525956 kB
Unevictable:        5508 kB
Mlocked:            5508 kB
SwapTotal:       3145724 kB
SwapFree:        3145724 kB
Dirty:               380 kB
Writeback:             0 kB
AnonPages:       1299636 kB
Mapped:           886204 kB
Shmem:             29696 kB
KReclaimable:     822904 kB
Slab:             224896 kB
SReclaimable:      78292 kB
SUnreclaim:       146604 kB
KernelStack:       47520 kB
PageTables:        65520 kB
NFS_Unstable:          0 kB
Bounce:                0 kB
WritebackTmp:          0 kB
CommitLimit:     9202292 kB
Committed_AS:   69091972 kB
VmallocTotal:   263061440 kB
VmallocUsed:      104576 kB
VmallocChunk:          0 kB
Percpu:             7616 kB
CmaTotal:         294912 kB
CmaFree:               0 kB
MemTotal:       12113136 kB
MemFree:         6060748 kB
MemAvailable:    7866352 kB
Buffers:            6352 kB
Cached:          1879200 kB
SwapCached:            0 kB
Active:          1623720 kB
Inactive:        1553064 kB
Active(anon):    1298284 kB
Inactive(anon):    27096 kB
Active(file):     325436 kB
Inactive(file):  1525968 kB
Unevictable:        5508 kB
Mlocked:            5508 kB
SwapTotal:       3145724 kB
SwapFree:        3145724 kB
Dirty:               396 kB
Writeback:             0 kB
AnonPages:       1296820 kB
Mapped:           886136 kB
Shmem:             29696 kB
KReclaimable:     822904 kB
Slab:             224872 kB
SReclaimable:      78292 kB
SUnreclaim:       146580 kB
KernelStack:       47504 kB
PageTables:        65456 kB
NFS_Unstable:          0 kB
Bounce:                0 kB
WritebackTmp:          0 kB
CommitLimit:     9202292 kB
Committed_AS:   69085948 kB
VmallocTotal:   263061440 kB
VmallocUsed:      104560 kB
VmallocChunk:          0 kB
Percpu:             7616 kB
CmaTotal:         294912 kB
CmaFree:             244 kB
MemTotal:       12113136 kB
MemFree:         6052620 kB
MemAvailable:    7858244 kB
Buffers:            6352 kB
Cached:          1879228 kB
SwapCached:            0 kB
Active:          1633700 kB
Inactive:        1553064 kB
Active(anon):    1308264 kB
Inactive(anon):    27076 kB
Active(file):     325436 kB
Inactive(file):  1525988 kB
Unevictable:        5508 kB
Mlocked:            5508 kB
SwapTotal:       3145724 kB
SwapFree:        3145724 kB
Dirty:               416 kB
Writeback:             0 kB
AnonPages:       1306836 kB
Mapped:           886184 kB
Shmem:             29704 kB
KReclaimable:     822904 kB
Slab:             224872 kB
SReclaimable:      78292 kB
SUnreclaim:       146580 kB
KernelStack:       47520 kB
PageTables:        65528 kB
NFS_Unstable:          0 kB
Bounce:                0 kB
WritebackTmp:          0 kB
CommitLimit:     9202292 kB
Committed_AS:   69086112 kB
VmallocTotal:   263061440 kB
VmallocUsed:      104544 kB
VmallocChunk:          0 kB
Percpu:             7616 kB
CmaTotal:         294912 kB
CmaFree:               0 kB
MemTotal:       12113136 kB
MemFree:         6051420 kB
MemAvailable:    7857056 kB
Buffers:            6352 kB
Cached:          1879232 kB
SwapCached:            0 kB
Active:          1633976 kB
Inactive:        1553096 kB
Active(anon):    1308540 kB
Inactive(anon):    27096 kB
Active(file):     325436 kB
Inactive(file):  1526000 kB
Unevictable:        5508 kB
Mlocked:            5508 kB
SwapTotal:       3145724 kB
SwapFree:        3145724 kB
Dirty:               444 kB
Writeback:             0 kB
AnonPages:       1307168 kB
Mapped:           886188 kB
Shmem:             29696 kB
KReclaimable:     822904 kB
Slab:             224880 kB
SReclaimable:      78292 kB
SUnreclaim:       146588 kB
KernelStack:       47552 kB
PageTables:        65552 kB
NFS_Unstable:          0 kB
Bounce:                0 kB
WritebackTmp:          0 kB
CommitLimit:     9202292 kB
Committed_AS:   69087748 kB
VmallocTotal:   263061440 kB
VmallocUsed:      104512 kB
VmallocChunk:          0 kB
Percpu:             7616 kB
CmaTotal:         294912 kB
CmaFree:              20 kB
MemTotal:       12113136 kB
MemFree:         6050892 kB
MemAvailable:    7856548 kB
Buffers:            6352 kB
Cached:          1879252 kB
SwapCached:            0 kB
Active:          1634880 kB
Inactive:        1553116 kB
Active(anon):    1309444 kB
Inactive(anon):    27096 kB
Active(file):     325436 kB
Inactive(file):  1526020 kB
Unevictable:        5508 kB
Mlocked:            5508 kB
SwapTotal:       3145724 kB
SwapFree:        3145724 kB
Dirty:               464 kB
Writeback:             0 kB
AnonPages:       1307944 kB
Mapped:           886204 kB
Shmem:             29696 kB
KReclaimable:     822904 kB
Slab:             224872 kB
SReclaimable:      78292 kB
SUnreclaim:       146580 kB
KernelStack:       47488 kB
PageTables:        65508 kB
NFS_Unstable:          0 kB
Bounce:                0 kB
WritebackTmp:          0 kB
CommitLimit:     9202292 kB
Committed_AS:   69092120 kB
VmallocTotal:   263061440 kB
VmallocUsed:      104512 kB
VmallocChunk:          0 kB
Percpu:             7616 kB
CmaTotal:         294912 kB
CmaFree:               0 kB
MemTotal:       12113136 kB
MemFree:         6051952 kB
MemAvailable:    7857592 kB
Buffers:            6352 kB
Cached:          1879212 kB
SwapCached:            0 kB
Active:          1635776 kB
Inactive:        1553080 kB
Active(anon):    1310344 kB
Inactive(anon):    27072 kB
Active(file):     325432 kB
Inactive(file):  1526008 kB
Unevictable:        5508 kB
Mlocked:            5508 kB
SwapTotal:       3145724 kB
SwapFree:        3145724 kB
Dirty:               484 kB
Writeback:             0 kB
AnonPages:       1308736 kB
Mapped:           886180 kB
Shmem:             29672 kB
KReclaimable:     822904 kB
Slab:             224880 kB
SReclaimable:      78292 kB
SUnreclaim:       146588 kB
KernelStack:       47504 kB
PageTables:        65500 kB
NFS_Unstable:          0 kB
Bounce:                0 kB
WritebackTmp:          0 kB
CommitLimit:     9202292 kB
Committed_AS:   69092088 kB
VmallocTotal:   263061440 kB
VmallocUsed:      104512 kB
VmallocChunk:          0 kB
Percpu:             7616 kB
CmaTotal:         294912 kB
CmaFree:               0 kB
MemTotal:       12113136 kB
MemFree:         6048820 kB
MemAvailable:    7854508 kB
Buffers:            6352 kB
Cached:          1879284 kB
SwapCached:            0 kB
Active:          1637084 kB
Inactive:        1553148 kB
Active(anon):    1311648 kB
Inactive(anon):    27096 kB
Active(file):     325436 kB
Inactive(file):  1526052 kB
Unevictable:        5508 kB
Mlocked:            5508 kB
SwapTotal:       3145724 kB
SwapFree:        3145724 kB
Dirty:               548 kB
Writeback:             0 kB
AnonPages:       1310184 kB
Mapped:           886204 kB
Shmem:             29696 kB
KReclaimable:     822904 kB
Slab:             224868 kB
SReclaimable:      78292 kB
SUnreclaim:       146576 kB
KernelStack:       47536 kB
PageTables:        65520 kB
NFS_Unstable:          0 kB
Bounce:                0 kB
WritebackTmp:          0 kB
CommitLimit:     9202292 kB
Committed_AS:   69077276 kB
VmallocTotal:   263061440 kB
VmallocUsed:      104496 kB
VmallocChunk:          0 kB
Percpu:             7616 kB
CmaTotal:         294912 kB
CmaFree:               0 kB
MemTotal:       12113136 kB
MemFree:         6047272 kB
MemAvailable:    7852972 kB
Buffers:            6352 kB
Cached:          1879296 kB
SwapCached:            0 kB
Active:          1638596 kB
Inactive:        1553160 kB
Active(anon):    1313160 kB
Inactive(anon):    27096 kB
Active(file):     325436 kB
Inactive(file):  1526064 kB
Unevictable:        5508 kB
Mlocked:            5508 kB
SwapTotal:       3145724 kB
SwapFree:        3145724 kB
Dirty:               568 kB
Writeback:             0 kB
AnonPages:       1311524 kB
Mapped:           886552 kB
Shmem:             29696 kB
KReclaimable:     822904 kB
Slab:             224884 kB
SReclaimable:      78292 kB
SUnreclaim:       146592 kB
KernelStack:       47472 kB
PageTables:        65452 kB
NFS_Unstable:          0 kB
Bounce:                0 kB
WritebackTmp:          0 kB
CommitLimit:     9202292 kB
Committed_AS:   69077260 kB
VmallocTotal:   263061440 kB
VmallocUsed:      104512 kB
VmallocChunk:          0 kB
Percpu:             7616 kB
CmaTotal:         294912 kB
CmaFree:               0 kB
MemTotal:       12113136 kB
MemFree:         6048024 kB
MemAvailable:    7853744 kB
Buffers:            6352 kB
Cached:          1879092 kB
SwapCached:            0 kB
Active:          1639344 kB
Inactive:        1552960 kB
Active(anon):    1313908 kB
Inactive(anon):    26876 kB
Active(file):     325436 kB
Inactive(file):  1526084 kB
Unevictable:        5508 kB
Mlocked:            5508 kB
SwapTotal:       3145724 kB
SwapFree:        3145724 kB
Dirty:               600 kB
Writeback:             0 kB
AnonPages:       1312356 kB
Mapped:           886144 kB
Shmem:             29472 kB
KReclaimable:     822904 kB
Slab:             224884 kB
SReclaimable:      78292 kB
SUnreclaim:       146592 kB
KernelStack:       47488 kB
PageTables:        65496 kB
NFS_Unstable:          0 kB
Bounce:                0 kB
WritebackTmp:          0 kB
CommitLimit:     9202292 kB
Committed_AS:   69073968 kB
VmallocTotal:   263061440 kB
VmallocUsed:      104496 kB
VmallocChunk:          0 kB
Percpu:             7616 kB
CmaTotal:         294912 kB
CmaFree:              56 kB
MemTotal:       12113136 kB
MemFree:         6046484 kB
MemAvailable:    7852220 kB
Buffers:            6352 kB
Cached:          1879332 kB
SwapCached:            0 kB
Active:          1639788 kB
Inactive:        1553196 kB
Active(anon):    1314352 kB
Inactive(anon):    27096 kB
Active(file):     325436 kB
Inactive(file):  1526100 kB
Unevictable:        5508 kB
Mlocked:            5508 kB
SwapTotal:       3145724 kB
SwapFree:        3145724 kB
Dirty:               616 kB
Writeback:             0 kB
AnonPages:       1312712 kB
Mapped:           886552 kB
Shmem:             29696 kB
KReclaimable:     822904 kB
Slab:             224900 kB
SReclaimable:      78292 kB
SUnreclaim:       146608 kB
KernelStack:       47472 kB
PageTables:        65460 kB
NFS_Unstable:          0 kB
Bounce:                0 kB
WritebackTmp:          0 kB
CommitLimit:     9202292 kB
Committed_AS:   69082768 kB
VmallocTotal:   263061440 kB
VmallocUsed:      104496 kB
VmallocChunk:          0 kB
Percpu:             7616 kB
CmaTotal:         294912 kB
CmaFree:             108 kB
MemTotal:       12113136 kB
MemFree:         6045320 kB
MemAvailable:    7851064 kB
Buffers:            6352 kB
Cached:          1879344 kB
SwapCached:            0 kB
Active:          1640176 kB
Inactive:        1553204 kB
Active(anon):    1314740 kB
Inactive(anon):    27096 kB
Active(file):     325436 kB
Inactive(file):  1526108 kB
Unevictable:        5508 kB
Mlocked:            5508 kB
SwapTotal:       3145724 kB
SwapFree:        3145724 kB
Dirty:               628 kB
Writeback:             0 kB
AnonPages:       1313228 kB
Mapped:           886360 kB
Shmem:             29696 kB
KReclaimable:     822904 kB
Slab:             224860 kB
SReclaimable:      78292 kB
SUnreclaim:       146568 kB
KernelStack:       47488 kB
PageTables:        65516 kB
NFS_Unstable:          0 kB
Bounce:                0 kB
WritebackTmp:          0 kB
CommitLimit:     9202292 kB
Committed_AS:   69085432 kB
VmallocTotal:   263061440 kB
VmallocUsed:      104512 kB
VmallocChunk:          0 kB
Percpu:             7616 kB
CmaTotal:         294912 kB
CmaFree:               0 kB
MemTotal:       12113136 kB
MemFree:         6044036 kB
MemAvailable:    7849804 kB
Buffers:            6356 kB
Cached:          1879684 kB
SwapCached:            0 kB
Active:          1641504 kB
Inactive:        1553164 kB
Active(anon):    1316064 kB
Inactive(anon):    27036 kB
Active(file):     325440 kB
Inactive(file):  1526128 kB
Unevictable:        5508 kB
Mlocked:            5508 kB
SwapTotal:       3145724 kB
SwapFree:        3145724 kB
Dirty:               664 kB
Writeback:             0 kB
AnonPages:       1314548 kB
Mapped:           886304 kB
Shmem:             30020 kB
KReclaimable:     822904 kB
Slab:             224876 kB
SReclaimable:      78292 kB
SUnreclaim:       146584 kB
KernelStack:       47504 kB
PageTables:        65504 kB
NFS_Unstable:          0 kB
Bounce:                0 kB
WritebackTmp:          0 kB
CommitLimit:     9202292 kB
Committed_AS:   69092004 kB
VmallocTotal:   263061440 kB
VmallocUsed:      104496 kB
VmallocChunk:          0 kB
Percpu:             7616 kB
CmaTotal:         294912 kB
CmaFree:               0 kB
MemTotal:       12113136 kB
MemFree:         6042816 kB
MemAvailable:    7848620 kB
Buffers:            6356 kB
Cached:          1879396 kB
SwapCached:            0 kB
Active:          1642612 kB
Inactive:        1553260 kB
Active(anon):    1317172 kB
Inactive(anon):    27096 kB
Active(file):     325440 kB
Inactive(file):  1526164 kB
Unevictable:        5508 kB
Mlocked:            5508 kB
SwapTotal:       3145724 kB
SwapFree:        3145724 kB
Dirty:               648 kB
Writeback:             0 kB
AnonPages:       1315660 kB
Mapped:           886360 kB
Shmem:             29696 kB
KReclaimable:     822904 kB
Slab:             224884 kB
SReclaimable:      78292 kB
SUnreclaim:       146592 kB
KernelStack:       47488 kB
PageTables:        65500 kB
NFS_Unstable:          0 kB
Bounce:                0 kB
WritebackTmp:          0 kB
CommitLimit:     9202292 kB
Committed_AS:   69103412 kB
VmallocTotal:   263061440 kB
VmallocUsed:      104512 kB
VmallocChunk:          0 kB
Percpu:             7616 kB
CmaTotal:         294912 kB
CmaFree:               0 kB
MemTotal:       12113136 kB
MemFree:         6042736 kB
MemAvailable:    7848564 kB
Buffers:            6356 kB
Cached:          1879420 kB
SwapCached:            0 kB
Active:          1642384 kB
Inactive:        1553280 kB
Active(anon):    1316940 kB
Inactive(anon):    27096 kB
Active(file):     325444 kB
Inactive(file):  1526184 kB
Unevictable:        5508 kB
Mlocked:            5508 kB
SwapTotal:       3145724 kB
SwapFree:        3145724 kB
Dirty:               676 kB
Writeback:             0 kB
AnonPages:       1315604 kB
Mapped:           886552 kB
Shmem:             29696 kB
KReclaimable:     822904 kB
Slab:             224868 kB
SReclaimable:      78292 kB
SUnreclaim:       146576 kB
KernelStack:       47472 kB
PageTables:        65452 kB
NFS_Unstable:          0 kB
Bounce:                0 kB
WritebackTmp:          0 kB
CommitLimit:     9202292 kB
Committed_AS:   69097788 kB
VmallocTotal:   263061440 kB
VmallocUsed:      104528 kB
VmallocChunk:          0 kB
Percpu:             7616 kB
CmaTotal:         294912 kB
CmaFree:               0 kB
MemTotal:       12113136 kB
MemFree:         6044556 kB
MemAvailable:    7850392 kB
Buffers:            6356 kB
Cached:          1879428 kB
SwapCached:            0 kB
Active:          1642796 kB
Inactive:        1553292 kB
Active(anon):    1317356 kB
Inactive(anon):    27096 kB
Active(file):     325440 kB
Inactive(file):  1526196 kB
Unevictable:        5508 kB
Mlocked:            5508 kB
SwapTotal:       3145724 kB
SwapFree:        3145724 kB
Dirty:               696 kB
Writeback:             0 kB
AnonPages:       1315920 kB
Mapped:           886360 kB
Shmem:             29696 kB
KReclaimable:     822904 kB
Slab:             224876 kB
SReclaimable:      78292 kB
SUnreclaim:       146584 kB
KernelStack:       47488 kB
PageTables:        65496 kB
NFS_Unstable:          0 kB
Bounce:                0 kB
WritebackTmp:          0 kB
CommitLimit:     9202292 kB
Committed_AS:   69085664 kB
VmallocTotal:   263061440 kB
VmallocUsed:      104512 kB
VmallocChunk:          0 kB
Percpu:             7616 kB
CmaTotal:         294912 kB
CmaFree:               0 kB
MemTotal:       12113136 kB
MemFree:         6043080 kB
MemAvailable:    7848928 kB
Buffers:            6356 kB
Cached:          1879440 kB
SwapCached:            0 kB
Active:          1642904 kB
Inactive:        1553304 kB
Active(anon):    1317464 kB
Inactive(anon):    27096 kB
Active(file):     325440 kB
Inactive(file):  1526208 kB
Unevictable:        5508 kB
Mlocked:            5508 kB
SwapTotal:       3145724 kB
SwapFree:        3145724 kB
Dirty:               708 kB
Writeback:             0 kB
AnonPages:       1315904 kB
Mapped:           886552 kB
Shmem:             29696 kB
KReclaimable:     822904 kB
Slab:             224868 kB
SReclaimable:      78292 kB
SUnreclaim:       146576 kB
KernelStack:       47504 kB
PageTables:        65452 kB
NFS_Unstable:          0 kB
Bounce:                0 kB
WritebackTmp:          0 kB
CommitLimit:     9202292 kB
Committed_AS:   69085524 kB
VmallocTotal:   263061440 kB
VmallocUsed:      104560 kB
VmallocChunk:          0 kB
Percpu:             7616 kB
CmaTotal:         294912 kB
CmaFree:               0 kB
MemTotal:       12113136 kB
MemFree:         6042068 kB
MemAvailable:    7847928 kB
Buffers:            6356 kB
Cached:          1879452 kB
SwapCached:            0 kB
Active:          1643524 kB
Inactive:        1553316 kB
Active(anon):    1318084 kB
Inactive(anon):    27096 kB
Active(file):     325440 kB
Inactive(file):  1526220 kB
Unevictable:        5508 kB
Mlocked:            5508 kB
SwapTotal:       3145724 kB
SwapFree:        3145724 kB
Dirty:               200 kB
Writeback:             0 kB
AnonPages:       1316388 kB
Mapped:           886552 kB
Shmem:             29696 kB
KReclaimable:     822904 kB
Slab:             224884 kB
SReclaimable:      78292 kB
SUnreclaim:       146592 kB
KernelStack:       47552 kB
PageTables:        65556 kB
NFS_Unstable:          0 kB
Bounce:                0 kB
WritebackTmp:          0 kB
CommitLimit:     9202292 kB
Committed_AS:   69085260 kB
VmallocTotal:   263061440 kB
VmallocUsed:      104560 kB
VmallocChunk:          0 kB
Percpu:             7616 kB
CmaTotal:         294912 kB
CmaFree:               0 kB
MemTotal:       12113136 kB
MemFree:         6042332 kB
MemAvailable:    7848208 kB
Buffers:            6356 kB
Cached:          1879276 kB
SwapCached:            0 kB
Active:          1644556 kB
Inactive:        1553140 kB
Active(anon):    1319116 kB
Inactive(anon):    26904 kB
Active(file):     325440 kB
Inactive(file):  1526236 kB
Unevictable:        5508 kB
Mlocked:            5508 kB
SwapTotal:       3145724 kB
SwapFree:        3145724 kB
Dirty:               272 kB
Writeback:             0 kB
AnonPages:       1317424 kB
Mapped:           886172 kB
Shmem:             29504 kB
KReclaimable:     822904 kB
Slab:             224880 kB
SReclaimable:      78292 kB
SUnreclaim:       146588 kB
KernelStack:       47536 kB
PageTables:        65476 kB
NFS_Unstable:          0 kB
Bounce:                0 kB
WritebackTmp:          0 kB
CommitLimit:     9202292 kB
Committed_AS:   69085436 kB
VmallocTotal:   263061440 kB
VmallocUsed:      104560 kB
VmallocChunk:          0 kB
Percpu:             7616 kB
CmaTotal:         294912 kB
CmaFree:               0 kB
MemTotal:       12113136 kB
MemFree:         6040868 kB
MemAvailable:    7846764 kB
Buffers:            6356 kB
Cached:          1879488 kB
SwapCached:            0 kB
Active:          1645500 kB
Inactive:        1553352 kB
Active(anon):    1320060 kB
Inactive(anon):    27096 kB
Active(file):     325440 kB
Inactive(file):  1526256 kB
Unevictable:        5508 kB
Mlocked:            5508 kB
SwapTotal:       3145724 kB
SwapFree:        3145724 kB
Dirty:               344 kB
Writeback:             0 kB
AnonPages:       1318180 kB
Mapped:           886348 kB
Shmem:             29696 kB
KReclaimable:     822904 kB
Slab:             224888 kB
SReclaimable:      78292 kB
SUnreclaim:       146596 kB
KernelStack:       47552 kB
PageTables:        65560 kB
NFS_Unstable:          0 kB
Bounce:                0 kB
WritebackTmp:          0 kB
CommitLimit:     9202292 kB
Committed_AS:   69091392 kB
VmallocTotal:   263061440 kB
VmallocUsed:      104576 kB
VmallocChunk:          0 kB
Percpu:             7616 kB
CmaTotal:         294912 kB
CmaFree:               0 kB
MemTotal:       12113136 kB
MemFree:         6040164 kB
MemAvailable:    7846076 kB
Buffers:            6356 kB
Cached:          1879504 kB
SwapCached:            0 kB
Active:          1645340 kB
Inactive:        1553368 kB
Active(anon):    1319900 kB
Inactive(anon):    27096 kB
Active(file):     325440 kB
Inactive(file):  1526272 kB
Unevictable:        5508 kB
Mlocked:            5508 kB
SwapTotal:       3145724 kB
SwapFree:        3145724 kB
Dirty:               364 kB
Writeback:             0 kB
AnonPages:       1318524 kB
Mapped:           886552 kB
Shmem:             29696 kB
KReclaimable:     822904 kB
Slab:             224880 kB
SReclaimable:      78292 kB
SUnreclaim:       146588 kB
KernelStack:       47504 kB
PageTables:        65456 kB
NFS_Unstable:          0 kB
Bounce:                0 kB
WritebackTmp:          0 kB
CommitLimit:     9202292 kB
Committed_AS:   69091312 kB
VmallocTotal:   263061440 kB
VmallocUsed:      104576 kB
VmallocChunk:          0 kB
Percpu:             7616 kB
CmaTotal:         294912 kB
CmaFree:               0 kB
MemTotal:       12113136 kB
MemFree:         6050684 kB
MemAvailable:    7856608 kB
Buffers:            6356 kB
Cached:          1879516 kB
SwapCached:            0 kB
Active:          1635696 kB
Inactive:        1553380 kB
Active(anon):    1310256 kB
Inactive(anon):    27096 kB
Active(file):     325440 kB
Inactive(file):  1526284 kB
Unevictable:        5508 kB
Mlocked:            5508 kB
SwapTotal:       3145724 kB
SwapFree:        3145724 kB
Dirty:               356 kB
Writeback:             0 kB
AnonPages:       1308988 kB
Mapped:           886360 kB
Shmem:             29696 kB
KReclaimable:     822904 kB
Slab:             224872 kB
SReclaimable:      78292 kB
SUnreclaim:       146580 kB
KernelStack:       47520 kB
PageTables:        65504 kB
NFS_Unstable:          0 kB
Bounce:                0 kB
WritebackTmp:          0 kB
CommitLimit:     9202292 kB
Committed_AS:   69082420 kB
VmallocTotal:   263061440 kB
VmallocUsed:      104544 kB
VmallocChunk:          0 kB
Percpu:             7616 kB
CmaTotal:         294912 kB
CmaFree:             196 kB
MemTotal:       12113136 kB
MemFree:         6042828 kB
MemAvailable:    7848772 kB
Buffers:            6356 kB
Cached:          1879536 kB
SwapCached:            0 kB
Active:          1642308 kB
Inactive:        1553400 kB
Active(anon):    1316868 kB
Inactive(anon):    27096 kB
Active(file):     325440 kB
Inactive(file):  1526304 kB
Unevictable:        5508 kB
Mlocked:            5508 kB
SwapTotal:       3145724 kB
SwapFree:        3145724 kB
Dirty:               400 kB
Writeback:             0 kB
AnonPages:       1315724 kB
Mapped:           886552 kB
Shmem:             29696 kB
KReclaimable:     822904 kB
Slab:             224872 kB
SReclaimable:      78292 kB
SUnreclaim:       146580 kB
KernelStack:       47504 kB
PageTables:        65464 kB
NFS_Unstable:          0 kB
Bounce:                0 kB
WritebackTmp:          0 kB
CommitLimit:     9202292 kB
Committed_AS:   69088060 kB
VmallocTotal:   263061440 kB
VmallocUsed:      104544 kB
VmallocChunk:          0 kB
Percpu:             7616 kB
CmaTotal:         294912 kB
CmaFree:               0 kB
MemTotal:       12113136 kB
MemFree:         6042164 kB
MemAvailable:    7848120 kB
Buffers:            6356 kB
Cached:          1879548 kB
SwapCached:            0 kB
Active:          1643688 kB
Inactive:        1553412 kB
Active(anon):    1318248 kB
Inactive(anon):    27096 kB
Active(file):     325440 kB
Inactive(file):  1526316 kB
Unevictable:        5508 kB
Mlocked:            5508 kB
SwapTotal:       3145724 kB
SwapFree:        3145724 kB
Dirty:               416 kB
Writeback:             0 kB
AnonPages:       1316416 kB
Mapped:           886360 kB
Shmem:             29696 kB
KReclaimable:     822904 kB
Slab:             224872 kB
SReclaimable:      78292 kB
SUnreclaim:       146580 kB
KernelStack:       47520 kB
PageTables:        65504 kB
NFS_Unstable:          0 kB
Bounce:                0 kB
WritebackTmp:          0 kB
CommitLimit:     9202292 kB
Committed_AS:   69088856 kB
VmallocTotal:   263061440 kB
VmallocUsed:      104560 kB
VmallocChunk:          0 kB
Percpu:             7616 kB
CmaTotal:         294912 kB
CmaFree:               0 kB
MemTotal:       12113136 kB
MemFree:         6042884 kB
MemAvailable:    7848860 kB
Buffers:            6356 kB
Cached:          1879512 kB
SwapCached:            0 kB
Active:          1644212 kB
Inactive:        1553372 kB
Active(anon):    1318768 kB
Inactive(anon):    27040 kB
Active(file):     325444 kB
Inactive(file):  1526332 kB
Unevictable:        5508 kB
Mlocked:            5508 kB
SwapTotal:       3145724 kB
SwapFree:        3145724 kB
Dirty:               440 kB
Writeback:             0 kB
AnonPages:       1317512 kB
Mapped:           886264 kB
Shmem:             29640 kB
KReclaimable:     822904 kB
Slab:             224872 kB
SReclaimable:      78292 kB
SUnreclaim:       146580 kB
KernelStack:       47568 kB
PageTables:        65688 kB
NFS_Unstable:          0 kB
Bounce:                0 kB
WritebackTmp:          0 kB
CommitLimit:     9202292 kB
Committed_AS:   69082872 kB
VmallocTotal:   263061440 kB
VmallocUsed:      104528 kB
VmallocChunk:          0 kB
Percpu:             7616 kB
CmaTotal:         294912 kB
CmaFree:               0 kB
MemTotal:       12113136 kB
MemFree:         6050944 kB
MemAvailable:    7856936 kB
Buffers:            6356 kB
Cached:          1879584 kB
SwapCached:            0 kB
Active:          1633832 kB
Inactive:        1553448 kB
Active(anon):    1308392 kB
Inactive(anon):    27096 kB
Active(file):     325440 kB
Inactive(file):  1526352 kB
Unevictable:        5508 kB
Mlocked:            5508 kB
SwapTotal:       3145724 kB
SwapFree:        3145724 kB
Dirty:               508 kB
Writeback:             0 kB
AnonPages:       1306812 kB
Mapped:           886360 kB
Shmem:             29696 kB
KReclaimable:     822904 kB
Slab:             224872 kB
SReclaimable:      78292 kB
SUnreclaim:       146580 kB
KernelStack:       47520 kB
PageTables:        65508 kB
NFS_Unstable:          0 kB
Bounce:                0 kB
WritebackTmp:          0 kB
CommitLimit:     9202292 kB
Committed_AS:   69086884 kB
VmallocTotal:   263061440 kB
VmallocUsed:      104512 kB
VmallocChunk:          0 kB
Percpu:             7616 kB
CmaTotal:         294912 kB
CmaFree:               4 kB
MemTotal:       12113136 kB
MemFree:         6050676 kB
MemAvailable:    7856680 kB
Buffers:            6356 kB
Cached:          1879596 kB
SwapCached:            0 kB
Active:          1633924 kB
Inactive:        1553460 kB
Active(anon):    1308484 kB
Inactive(anon):    27096 kB
Active(file):     325440 kB
Inactive(file):  1526364 kB
Unevictable:        5508 kB
Mlocked:            5508 kB
SwapTotal:       3145724 kB
SwapFree:        3145724 kB
Dirty:               552 kB
Writeback:             0 kB
AnonPages:       1307116 kB
Mapped:           886364 kB
Shmem:             29696 kB
KReclaimable:     822904 kB
Slab:             224880 kB
SReclaimable:      78292 kB
SUnreclaim:       146588 kB
KernelStack:       47536 kB
PageTables:        65528 kB
NFS_Unstable:          0 kB
Bounce:                0 kB
WritebackTmp:          0 kB
CommitLimit:     9202292 kB
Committed_AS:   69086612 kB
VmallocTotal:   263061440 kB
VmallocUsed:      104528 kB
VmallocChunk:          0 kB
Percpu:             7616 kB
CmaTotal:         294912 kB
CmaFree:               0 kB
MemTotal:       12113136 kB
MemFree:         6051240 kB
MemAvailable:    7857264 kB
Buffers:            6360 kB
Cached:          1879132 kB
SwapCached:            0 kB
Active:          1634516 kB
Inactive:        1553000 kB
Active(anon):    1309072 kB
Inactive(anon):    26624 kB
Active(file):     325444 kB
Inactive(file):  1526376 kB
Unevictable:        5508 kB
Mlocked:            5508 kB
SwapTotal:       3145724 kB
SwapFree:        3145724 kB
Dirty:               620 kB
Writeback:             0 kB
AnonPages:       1307744 kB
Mapped:           885884 kB
Shmem:             29220 kB
KReclaimable:     822908 kB
Slab:             224892 kB
SReclaimable:      78296 kB
SUnreclaim:       146596 kB
KernelStack:       47520 kB
PageTables:        65492 kB
NFS_Unstable:          0 kB
Bounce:                0 kB
WritebackTmp:          0 kB
CommitLimit:     9202292 kB
Committed_AS:   69086264 kB
VmallocTotal:   263061440 kB
VmallocUsed:      104544 kB
VmallocChunk:          0 kB
Percpu:             7616 kB
CmaTotal:         294912 kB
CmaFree:               0 kB
MemTotal:       12113136 kB
MemFree:         6078456 kB
MemAvailable:    7884516 kB
Buffers:            6360 kB
Cached:          1879644 kB
SwapCached:            0 kB
Active:          1605408 kB
Inactive:        1553508 kB
Active(anon):    1279964 kB
Inactive(anon):    27096 kB
Active(file):     325444 kB
Inactive(file):  1526412 kB
Unevictable:        5508 kB
Mlocked:            5508 kB
SwapTotal:       3145724 kB
SwapFree:        3145724 kB
Dirty:               604 kB
Writeback:             0 kB
AnonPages:       1278416 kB
Mapped:           886552 kB
Shmem:             29696 kB
KReclaimable:     822908 kB
Slab:             224876 kB
SReclaimable:      78296 kB
SUnreclaim:       146580 kB
KernelStack:       47504 kB
PageTables:        65464 kB
NFS_Unstable:          0 kB
Bounce:                0 kB
WritebackTmp:          0 kB
CommitLimit:     9202292 kB
Committed_AS:   69088332 kB
VmallocTotal:   263061440 kB
VmallocUsed:      104544 kB
