MemTotal:       12113132 kB
MemFree:         6422000 kB
MemAvailable:    8030184 kB
Buffers:            5320 kB
Cached:          1852368 kB
SwapCached:            0 kB
Active:          1560712 kB
Inactive:        1611496 kB
Active(anon):    1320984 kB
Inactive(anon):    22264 kB
Active(file):     239728 kB
Inactive(file):  1589232 kB
Unevictable:        5552 kB
Mlocked:            5552 kB
SwapTotal:       3145724 kB
SwapFree:        3145724 kB
Dirty:               348 kB
Writeback:             0 kB
AnonPages:       1319904 kB
Mapped:           856144 kB
Shmem:             24228 kB
KReclaimable:     647928 kB
Slab:             227428 kB
SReclaimable:      79572 kB
SUnreclaim:       147856 kB
KernelStack:       47792 kB
PageTables:        67532 kB
NFS_Unstable:          0 kB
Bounce:                0 kB
WritebackTmp:          0 kB
CommitLimit:     9202288 kB
Committed_AS:   75252872 kB
VmallocTotal:   263061440 kB
VmallocUsed:      104724 kB
VmallocChunk:          0 kB
Percpu:             7648 kB
CmaTotal:         294912 kB
CmaFree:               0 kB
MemTotal:       12113132 kB
MemFree:         6420292 kB
MemAvailable:    8028544 kB
Buffers:            5320 kB
Cached:          1852448 kB
SwapCached:            0 kB
Active:          1560616 kB
Inactive:        1611544 kB
Active(anon):    1320856 kB
Inactive(anon):    22276 kB
Active(file):     239760 kB
Inactive(file):  1589268 kB
Unevictable:        5552 kB
Mlocked:            5552 kB
SwapTotal:       3145724 kB
SwapFree:        3145724 kB
Dirty:               452 kB
Writeback:             0 kB
AnonPages:       1319892 kB
Mapped:           856176 kB
Shmem:             24240 kB
KReclaimable:     647928 kB
Slab:             227404 kB
SReclaimable:      79572 kB
SUnreclaim:       147832 kB
KernelStack:       47808 kB
PageTables:        67480 kB
NFS_Unstable:          0 kB
Bounce:                0 kB
WritebackTmp:          0 kB
CommitLimit:     9202288 kB
Committed_AS:   75257240 kB
VmallocTotal:   263061440 kB
VmallocUsed:      104772 kB
VmallocChunk:          0 kB
Percpu:             7648 kB
CmaTotal:         294912 kB
CmaFree:               0 kB
MemTotal:       12113132 kB
MemFree:         6463208 kB
MemAvailable:    8071464 kB
Buffers:            5320 kB
Cached:          1852468 kB
SwapCached:            0 kB
Active:          1515048 kB
Inactive:        1611564 kB
Active(anon):    1275288 kB
Inactive(anon):    22292 kB
Active(file):     239760 kB
Inactive(file):  1589272 kB
Unevictable:        5552 kB
Mlocked:            5552 kB
SwapTotal:       3145724 kB
SwapFree:        3145724 kB
Dirty:               472 kB
Writeback:             0 kB
AnonPages:       1274072 kB
Mapped:           856240 kB
Shmem:             24256 kB
KReclaimable:     647928 kB
Slab:             227420 kB
SReclaimable:      79572 kB
SUnreclaim:       147848 kB
KernelStack:       47776 kB
PageTables:        67396 kB
NFS_Unstable:          0 kB
Bounce:                0 kB
WritebackTmp:          0 kB
CommitLimit:     9202288 kB
Committed_AS:   75262392 kB
VmallocTotal:   263061440 kB
VmallocUsed:      104772 kB
VmallocChunk:          0 kB
Percpu:             7648 kB
CmaTotal:         294912 kB
CmaFree:              88 kB
MemTotal:       12113132 kB
MemFree:         6462788 kB
MemAvailable:    8071056 kB
Buffers:            5320 kB
Cached:          1852480 kB
SwapCached:            0 kB
Active:          1516764 kB
Inactive:        1611576 kB
Active(anon):    1277004 kB
Inactive(anon):    22292 kB
Active(file):     239760 kB
Inactive(file):  1589284 kB
Unevictable:        5552 kB
Mlocked:            5552 kB
SwapTotal:       3145724 kB
SwapFree:        3145724 kB
Dirty:               504 kB
Writeback:             0 kB
AnonPages:       1276344 kB
Mapped:           856280 kB
Shmem:             24256 kB
KReclaimable:     647928 kB
Slab:             227412 kB
SReclaimable:      79572 kB
SUnreclaim:       147840 kB
KernelStack:       47776 kB
PageTables:        67420 kB
NFS_Unstable:          0 kB
Bounce:                0 kB
WritebackTmp:          0 kB
CommitLimit:     9202288 kB
Committed_AS:   75266252 kB
VmallocTotal:   263061440 kB
VmallocUsed:      104788 kB
VmallocChunk:          0 kB
Percpu:             7648 kB
CmaTotal:         294912 kB
CmaFree:               0 kB
MemTotal:       12113132 kB
MemFree:         6461304 kB
MemAvailable:    8069560 kB
Buffers:            5320 kB
Cached:          1852472 kB
SwapCached:            0 kB
Active:          1517888 kB
Inactive:        1611572 kB
Active(anon):    1278132 kB
Inactive(anon):    22296 kB
Active(file):     239756 kB
Inactive(file):  1589276 kB
Unevictable:        5552 kB
Mlocked:            5552 kB
SwapTotal:       3145724 kB
SwapFree:        3145724 kB
Dirty:               552 kB
Writeback:             0 kB
AnonPages:       1277200 kB
Mapped:           856312 kB
Shmem:             24260 kB
KReclaimable:     647928 kB
Slab:             227436 kB
SReclaimable:      79572 kB
SUnreclaim:       147864 kB
KernelStack:       47776 kB
PageTables:        67408 kB
NFS_Unstable:          0 kB
Bounce:                0 kB
WritebackTmp:          0 kB
CommitLimit:     9202288 kB
Committed_AS:   75265784 kB
VmallocTotal:   263061440 kB
VmallocUsed:      104836 kB
VmallocChunk:          0 kB
Percpu:             7648 kB
CmaTotal:         294912 kB
CmaFree:               0 kB
MemTotal:       12113132 kB
MemFree:         6460692 kB
MemAvailable:    8069008 kB
Buffers:            5320 kB
Cached:          1852540 kB
SwapCached:            0 kB
Active:          1519352 kB
Inactive:        1611636 kB
Active(anon):    1279592 kB
Inactive(anon):    22304 kB
Active(file):     239760 kB
Inactive(file):  1589332 kB
Unevictable:        5552 kB
Mlocked:            5552 kB
SwapTotal:       3145724 kB
SwapFree:        3145724 kB
Dirty:               588 kB
Writeback:             0 kB
AnonPages:       1278800 kB
Mapped:           856356 kB
Shmem:             24268 kB
KReclaimable:     647928 kB
Slab:             227548 kB
SReclaimable:      79572 kB
SUnreclaim:       147976 kB
KernelStack:       47776 kB
PageTables:        67428 kB
NFS_Unstable:          0 kB
Bounce:                0 kB
WritebackTmp:          0 kB
CommitLimit:     9202288 kB
Committed_AS:   75271648 kB
VmallocTotal:   263061440 kB
VmallocUsed:      104852 kB
VmallocChunk:          0 kB
Percpu:             7648 kB
CmaTotal:         294912 kB
CmaFree:               0 kB
MemTotal:       12113132 kB
MemFree:         6460684 kB
MemAvailable:    8068984 kB
Buffers:            5320 kB
Cached:          1852528 kB
SwapCached:            0 kB
Active:          1520428 kB
Inactive:        1611624 kB
Active(anon):    1280668 kB
Inactive(anon):    22308 kB
Active(file):     239760 kB
Inactive(file):  1589316 kB
Unevictable:        5552 kB
Mlocked:            5552 kB
SwapTotal:       3145724 kB
SwapFree:        3145724 kB
Dirty:               628 kB
Writeback:             0 kB
AnonPages:       1279612 kB
Mapped:           856456 kB
Shmem:             24272 kB
KReclaimable:     647928 kB
Slab:             227428 kB
SReclaimable:      79572 kB
SUnreclaim:       147856 kB
KernelStack:       47776 kB
PageTables:        67420 kB
NFS_Unstable:          0 kB
Bounce:                0 kB
WritebackTmp:          0 kB
CommitLimit:     9202288 kB
Committed_AS:   75271552 kB
VmallocTotal:   263061440 kB
VmallocUsed:      104804 kB
VmallocChunk:          0 kB
Percpu:             7648 kB
CmaTotal:         294912 kB
CmaFree:               0 kB
MemTotal:       12113132 kB
MemFree:         6459124 kB
MemAvailable:    8067452 kB
Buffers:            5320 kB
Cached:          1852568 kB
SwapCached:            0 kB
Active:          1521024 kB
Inactive:        1611664 kB
Active(anon):    1281264 kB
Inactive(anon):    22320 kB
Active(file):     239760 kB
Inactive(file):  1589344 kB
Unevictable:        5552 kB
Mlocked:            5552 kB
SwapTotal:       3145724 kB
SwapFree:        3145724 kB
Dirty:               192 kB
Writeback:             0 kB
AnonPages:       1280304 kB
Mapped:           855928 kB
Shmem:             24284 kB
KReclaimable:     647928 kB
Slab:             227396 kB
SReclaimable:      79572 kB
SUnreclaim:       147824 kB
KernelStack:       47844 kB
PageTables:        67428 kB
NFS_Unstable:          0 kB
Bounce:                0 kB
WritebackTmp:          0 kB
CommitLimit:     9202288 kB
Committed_AS:   75265892 kB
VmallocTotal:   263061440 kB
VmallocUsed:      104852 kB
VmallocChunk:          0 kB
Percpu:             7648 kB
CmaTotal:         294912 kB
CmaFree:               0 kB
MemTotal:       12113132 kB
MemFree:         6457496 kB
MemAvailable:    8067892 kB
Buffers:            5320 kB
Cached:          1852472 kB
SwapCached:            0 kB
Active:          1522552 kB
Inactive:        1611592 kB
Active(anon):    1282792 kB
Inactive(anon):    22232 kB
Active(file):     239760 kB
Inactive(file):  1589360 kB
Unevictable:        5552 kB
Mlocked:            5552 kB
SwapTotal:       3145724 kB
SwapFree:        3145724 kB
Dirty:               288 kB
Writeback:             0 kB
AnonPages:       1282000 kB
Mapped:           855892 kB
Shmem:             24172 kB
KReclaimable:     649980 kB
Slab:             227428 kB
SReclaimable:      79572 kB
SUnreclaim:       147856 kB
KernelStack:       47872 kB
PageTables:        67372 kB
NFS_Unstable:          0 kB
Bounce:                0 kB
WritebackTmp:          0 kB
CommitLimit:     9202288 kB
Committed_AS:   75269016 kB
VmallocTotal:   263061440 kB
VmallocUsed:      104900 kB
VmallocChunk:          0 kB
Percpu:             7648 kB
CmaTotal:         294912 kB
CmaFree:               0 kB
MemTotal:       12113132 kB
MemFree:         6456976 kB
MemAvailable:    8067628 kB
Buffers:            5320 kB
Cached:          1852732 kB
SwapCached:            0 kB
Active:          1524260 kB
Inactive:        1611852 kB
Active(anon):    1284500 kB
Inactive(anon):    22236 kB
Active(file):     239760 kB
Inactive(file):  1589616 kB
Unevictable:        5552 kB
Mlocked:            5552 kB
SwapTotal:       3145724 kB
SwapFree:        3145724 kB
Dirty:               360 kB
Writeback:             0 kB
AnonPages:       1283608 kB
Mapped:           856004 kB
Shmem:             24176 kB
KReclaimable:     649980 kB
Slab:             227396 kB
SReclaimable:      79572 kB
SUnreclaim:       147824 kB
KernelStack:       47888 kB
PageTables:        67384 kB
NFS_Unstable:          0 kB
Bounce:                0 kB
WritebackTmp:          0 kB
CommitLimit:     9202288 kB
Committed_AS:   75269896 kB
VmallocTotal:   263061440 kB
VmallocUsed:      104820 kB
VmallocChunk:          0 kB
Percpu:             7648 kB
CmaTotal:         294912 kB
CmaFree:               0 kB
MemTotal:       12113132 kB
MemFree:         6454924 kB
MemAvailable:    8065600 kB
Buffers:            5320 kB
Cached:          1852756 kB
SwapCached:            0 kB
Active:          1524560 kB
Inactive:        1611872 kB
Active(anon):    1284796 kB
Inactive(anon):    22236 kB
Active(file):     239764 kB
Inactive(file):  1589636 kB
Unevictable:        5552 kB
Mlocked:            5552 kB
SwapTotal:       3145724 kB
SwapFree:        3145724 kB
Dirty:               392 kB
Writeback:             0 kB
AnonPages:       1283980 kB
Mapped:           856004 kB
Shmem:             24176 kB
KReclaimable:     649980 kB
Slab:             227388 kB
SReclaimable:      79572 kB
SUnreclaim:       147816 kB
KernelStack:       47888 kB
PageTables:        67472 kB
NFS_Unstable:          0 kB
Bounce:                0 kB
WritebackTmp:          0 kB
CommitLimit:     9202288 kB
Committed_AS:   75267496 kB
VmallocTotal:   263061440 kB
VmallocUsed:      104884 kB
VmallocChunk:          0 kB
Percpu:             7648 kB
CmaTotal:         294912 kB
CmaFree:               0 kB
MemTotal:       12113132 kB
MemFree:         6455336 kB
MemAvailable:    8066012 kB
Buffers:            5320 kB
Cached:          1852756 kB
SwapCached:            0 kB
Active:          1524764 kB
Inactive:        1611876 kB
Active(anon):    1285004 kB
Inactive(anon):    22236 kB
Active(file):     239760 kB
Inactive(file):  1589640 kB
Unevictable:        5552 kB
Mlocked:            5552 kB
SwapTotal:       3145724 kB
SwapFree:        3145724 kB
Dirty:               396 kB
Writeback:             0 kB
AnonPages:       1284172 kB
Mapped:           856008 kB
Shmem:             24176 kB
KReclaimable:     649980 kB
Slab:             227404 kB
SReclaimable:      79572 kB
SUnreclaim:       147832 kB
KernelStack:       47876 kB
PageTables:        67428 kB
NFS_Unstable:          0 kB
Bounce:                0 kB
WritebackTmp:          0 kB
CommitLimit:     9202288 kB
Committed_AS:   75262416 kB
VmallocTotal:   263061440 kB
VmallocUsed:      104884 kB
VmallocChunk:          0 kB
Percpu:             7648 kB
CmaTotal:         294912 kB
CmaFree:               0 kB
MemTotal:       12113132 kB
MemFree:         6454632 kB
MemAvailable:    8065352 kB
Buffers:            5328 kB
Cached:          1852792 kB
SwapCached:            0 kB
Active:          1525628 kB
Inactive:        1611912 kB
Active(anon):    1285860 kB
Inactive(anon):    22236 kB
Active(file):     239768 kB
Inactive(file):  1589676 kB
Unevictable:        5552 kB
Mlocked:            5552 kB
SwapTotal:       3145724 kB
SwapFree:        3145724 kB
Dirty:               412 kB
Writeback:             0 kB
AnonPages:       1284836 kB
Mapped:           856020 kB
Shmem:             24176 kB
KReclaimable:     649980 kB
Slab:             227388 kB
SReclaimable:      79572 kB
SUnreclaim:       147816 kB
KernelStack:       47888 kB
PageTables:        67448 kB
NFS_Unstable:          0 kB
Bounce:                0 kB
WritebackTmp:          0 kB
CommitLimit:     9202288 kB
Committed_AS:   75267376 kB
VmallocTotal:   263061440 kB
VmallocUsed:      104884 kB
VmallocChunk:          0 kB
Percpu:             7648 kB
CmaTotal:         294912 kB
CmaFree:               0 kB
MemTotal:       12113132 kB
MemFree:         6452392 kB
MemAvailable:    8063124 kB
Buffers:            5328 kB
Cached:          1852812 kB
SwapCached:            0 kB
Active:          1526684 kB
Inactive:        1611932 kB
Active(anon):    1286916 kB
Inactive(anon):    22244 kB
Active(file):     239768 kB
Inactive(file):  1589688 kB
Unevictable:        5552 kB
Mlocked:            5552 kB
SwapTotal:       3145724 kB
SwapFree:        3145724 kB
Dirty:               444 kB
Writeback:             0 kB
AnonPages:       1286160 kB
Mapped:           856012 kB
Shmem:             24184 kB
KReclaimable:     649980 kB
Slab:             227396 kB
SReclaimable:      79572 kB
SUnreclaim:       147824 kB
KernelStack:       47872 kB
PageTables:        67444 kB
NFS_Unstable:          0 kB
Bounce:                0 kB
WritebackTmp:          0 kB
CommitLimit:     9202288 kB
Committed_AS:   75271676 kB
VmallocTotal:   263061440 kB
VmallocUsed:      104916 kB
VmallocChunk:          0 kB
Percpu:             7648 kB
CmaTotal:         294912 kB
CmaFree:               0 kB
MemTotal:       12113132 kB
MemFree:         6446724 kB
MemAvailable:    8057468 kB
Buffers:            5328 kB
Cached:          1852824 kB
SwapCached:            0 kB
Active:          1534160 kB
Inactive:        1611944 kB
Active(anon):    1294392 kB
Inactive(anon):    22244 kB
Active(file):     239768 kB
Inactive(file):  1589700 kB
Unevictable:        5552 kB
Mlocked:            5552 kB
SwapTotal:       3145724 kB
SwapFree:        3145724 kB
Dirty:               456 kB
Writeback:             0 kB
AnonPages:       1293620 kB
Mapped:           856032 kB
Shmem:             24184 kB
KReclaimable:     649980 kB
Slab:             227388 kB
SReclaimable:      79572 kB
SUnreclaim:       147816 kB
KernelStack:       47808 kB
PageTables:        67372 kB
NFS_Unstable:          0 kB
Bounce:                0 kB
WritebackTmp:          0 kB
CommitLimit:     9202288 kB
Committed_AS:   75267316 kB
VmallocTotal:   263061440 kB
VmallocUsed:      104884 kB
VmallocChunk:          0 kB
Percpu:             7648 kB
CmaTotal:         294912 kB
CmaFree:               0 kB
MemTotal:       12113132 kB
MemFree:         6426144 kB
MemAvailable:    8036900 kB
Buffers:            5328 kB
Cached:          1852836 kB
SwapCached:            0 kB
Active:          1553816 kB
Inactive:        1611956 kB
Active(anon):    1314048 kB
Inactive(anon):    22244 kB
Active(file):     239768 kB
Inactive(file):  1589712 kB
Unevictable:        5552 kB
Mlocked:            5552 kB
SwapTotal:       3145724 kB
SwapFree:        3145724 kB
Dirty:               480 kB
Writeback:             0 kB
AnonPages:       1313020 kB
Mapped:           856012 kB
Shmem:             24184 kB
KReclaimable:     649980 kB
Slab:             227388 kB
SReclaimable:      79572 kB
SUnreclaim:       147816 kB
KernelStack:       47840 kB
PageTables:        67400 kB
NFS_Unstable:          0 kB
Bounce:                0 kB
WritebackTmp:          0 kB
CommitLimit:     9202288 kB
Committed_AS:   75262212 kB
VmallocTotal:   263061440 kB
VmallocUsed:      104900 kB
VmallocChunk:          0 kB
Percpu:             7648 kB
CmaTotal:         294912 kB
CmaFree:               0 kB
MemTotal:       12113132 kB
MemFree:         6424360 kB
MemAvailable:    8035132 kB
Buffers:            5328 kB
Cached:          1852852 kB
SwapCached:            0 kB
Active:          1554712 kB
Inactive:        1611972 kB
Active(anon):    1314944 kB
Inactive(anon):    22244 kB
Active(file):     239768 kB
Inactive(file):  1589728 kB
Unevictable:        5552 kB
Mlocked:            5552 kB
SwapTotal:       3145724 kB
SwapFree:        3145724 kB
Dirty:               504 kB
Writeback:             0 kB
AnonPages:       1313856 kB
Mapped:           856012 kB
Shmem:             24184 kB
KReclaimable:     649980 kB
Slab:             227416 kB
SReclaimable:      79572 kB
SUnreclaim:       147844 kB
KernelStack:       47860 kB
PageTables:        67684 kB
NFS_Unstable:          0 kB
Bounce:                0 kB
WritebackTmp:          0 kB
CommitLimit:     9202288 kB
Committed_AS:   75267140 kB
VmallocTotal:   263061440 kB
VmallocUsed:      104900 kB
VmallocChunk:          0 kB
Percpu:             7648 kB
CmaTotal:         294912 kB
CmaFree:               0 kB
MemTotal:       12113132 kB
MemFree:         6425328 kB
MemAvailable:    8036104 kB
Buffers:            5328 kB
Cached:          1852692 kB
SwapCached:            0 kB
Active:          1555516 kB
Inactive:        1612164 kB
Active(anon):    1315748 kB
Inactive(anon):    22432 kB
Active(file):     239768 kB
Inactive(file):  1589732 kB
Unevictable:        5552 kB
Mlocked:            5552 kB
SwapTotal:       3145724 kB
SwapFree:        3145724 kB
Dirty:               508 kB
Writeback:             0 kB
AnonPages:       1314540 kB
Mapped:           856460 kB
Shmem:             24020 kB
KReclaimable:     649980 kB
Slab:             227424 kB
SReclaimable:      79572 kB
SUnreclaim:       147852 kB
KernelStack:       47872 kB
PageTables:        67480 kB
NFS_Unstable:          0 kB
Bounce:                0 kB
WritebackTmp:          0 kB
CommitLimit:     9202288 kB
Committed_AS:   75263712 kB
VmallocTotal:   263061440 kB
VmallocUsed:      104884 kB
VmallocChunk:          0 kB
Percpu:             7648 kB
CmaTotal:         294912 kB
CmaFree:               0 kB
MemTotal:       12113132 kB
MemFree:         6424972 kB
MemAvailable:    8035780 kB
Buffers:            5328 kB
Cached:          1852872 kB
SwapCached:            0 kB
Active:          1556276 kB
Inactive:        1611992 kB
Active(anon):    1316508 kB
Inactive(anon):    22244 kB
Active(file):     239768 kB
Inactive(file):  1589748 kB
Unevictable:        5552 kB
Mlocked:            5552 kB
SwapTotal:       3145724 kB
SwapFree:        3145724 kB
Dirty:               488 kB
Writeback:             0 kB
AnonPages:       1315664 kB
Mapped:           856316 kB
Shmem:             24184 kB
KReclaimable:     649996 kB
Slab:             227392 kB
SReclaimable:      79588 kB
SUnreclaim:       147804 kB
KernelStack:       47824 kB
PageTables:        67668 kB
NFS_Unstable:          0 kB
Bounce:                0 kB
WritebackTmp:          0 kB
CommitLimit:     9202288 kB
Committed_AS:   75267976 kB
VmallocTotal:   263061440 kB
VmallocUsed:      104884 kB
VmallocChunk:          0 kB
Percpu:             7648 kB
CmaTotal:         294912 kB
CmaFree:               0 kB
MemTotal:       12113132 kB
MemFree:         6424136 kB
MemAvailable:    8034956 kB
Buffers:            5328 kB
Cached:          1852884 kB
SwapCached:            0 kB
Active:          1556032 kB
Inactive:        1612004 kB
Active(anon):    1316264 kB
Inactive(anon):    22244 kB
Active(file):     239768 kB
Inactive(file):  1589760 kB
Unevictable:        5552 kB
Mlocked:            5552 kB
SwapTotal:       3145724 kB
SwapFree:        3145724 kB
Dirty:               496 kB
Writeback:             0 kB
AnonPages:       1315596 kB
Mapped:           856164 kB
Shmem:             24184 kB
KReclaimable:     649996 kB
Slab:             227400 kB
SReclaimable:      79588 kB
SUnreclaim:       147812 kB
KernelStack:       47856 kB
PageTables:        67392 kB
NFS_Unstable:          0 kB
Bounce:                0 kB
WritebackTmp:          0 kB
CommitLimit:     9202288 kB
Committed_AS:   75261720 kB
VmallocTotal:   263061440 kB
VmallocUsed:      104868 kB
VmallocChunk:          0 kB
Percpu:             7648 kB
CmaTotal:         294912 kB
CmaFree:              28 kB
MemTotal:       12113132 kB
MemFree:         6424388 kB
MemAvailable:    8035220 kB
Buffers:            5328 kB
Cached:          1852896 kB
SwapCached:            0 kB
Active:          1556868 kB
Inactive:        1612016 kB
Active(anon):    1317100 kB
Inactive(anon):    22244 kB
Active(file):     239768 kB
Inactive(file):  1589772 kB
Unevictable:        5552 kB
Mlocked:            5552 kB
SwapTotal:       3145724 kB
SwapFree:        3145724 kB
Dirty:               508 kB
Writeback:             0 kB
AnonPages:       1316124 kB
Mapped:           856164 kB
Shmem:             24184 kB
KReclaimable:     649996 kB
Slab:             227400 kB
SReclaimable:      79588 kB
SUnreclaim:       147812 kB
KernelStack:       47872 kB
PageTables:        67476 kB
NFS_Unstable:          0 kB
Bounce:                0 kB
WritebackTmp:          0 kB
CommitLimit:     9202288 kB
Committed_AS:   75261500 kB
VmallocTotal:   263061440 kB
VmallocUsed:      104868 kB
VmallocChunk:          0 kB
Percpu:             7648 kB
CmaTotal:         294912 kB
CmaFree:               0 kB
MemTotal:       12113132 kB
MemFree:         6421692 kB
MemAvailable:    8032548 kB
Buffers:            5328 kB
Cached:          1852920 kB
SwapCached:            0 kB
Active:          1558092 kB
Inactive:        1611944 kB
Active(anon):    1318228 kB
Inactive(anon):    22244 kB
Active(file):     239864 kB
Inactive(file):  1589700 kB
Unevictable:        5552 kB
Mlocked:            5552 kB
SwapTotal:       3145724 kB
SwapFree:        3145724 kB
Dirty:               584 kB
Writeback:             4 kB
AnonPages:       1317364 kB
Mapped:           856220 kB
Shmem:             24184 kB
KReclaimable:     649996 kB
Slab:             227392 kB
SReclaimable:      79588 kB
SUnreclaim:       147804 kB
KernelStack:       47904 kB
PageTables:        67408 kB
NFS_Unstable:          0 kB
Bounce:                0 kB
WritebackTmp:          0 kB
CommitLimit:     9202288 kB
Committed_AS:   75262144 kB
VmallocTotal:   263061440 kB
VmallocUsed:      104884 kB
VmallocChunk:          0 kB
Percpu:             7648 kB
CmaTotal:         294912 kB
CmaFree:               0 kB
MemTotal:       12113132 kB
MemFree:         6421504 kB
MemAvailable:    8032372 kB
Buffers:            5328 kB
Cached:          1852932 kB
SwapCached:            0 kB
Active:          1558704 kB
Inactive:        1611956 kB
Active(anon):    1318840 kB
Inactive(anon):    22244 kB
Active(file):     239864 kB
Inactive(file):  1589712 kB
Unevictable:        5552 kB
Mlocked:            5552 kB
SwapTotal:       3145724 kB
SwapFree:        3145724 kB
Dirty:               220 kB
Writeback:             0 kB
AnonPages:       1317872 kB
Mapped:           856116 kB
Shmem:             24184 kB
KReclaimable:     649996 kB
Slab:             227384 kB
SReclaimable:      79588 kB
SUnreclaim:       147796 kB
KernelStack:       47920 kB
PageTables:        67596 kB
NFS_Unstable:          0 kB
Bounce:                0 kB
WritebackTmp:          0 kB
CommitLimit:     9202288 kB
Committed_AS:   75261320 kB
VmallocTotal:   263061440 kB
VmallocUsed:      104884 kB
VmallocChunk:          0 kB
Percpu:             7648 kB
CmaTotal:         294912 kB
CmaFree:               0 kB
MemTotal:       12113132 kB
MemFree:         6434444 kB
MemAvailable:    8045328 kB
Buffers:            5328 kB
Cached:          1852948 kB
SwapCached:            0 kB
Active:          1545296 kB
Inactive:        1611972 kB
Active(anon):    1305432 kB
Inactive(anon):    22244 kB
Active(file):     239864 kB
Inactive(file):  1589728 kB
Unevictable:        5552 kB
Mlocked:            5552 kB
SwapTotal:       3145724 kB
SwapFree:        3145724 kB
Dirty:               292 kB
Writeback:             0 kB
AnonPages:       1304624 kB
Mapped:           856284 kB
Shmem:             24184 kB
KReclaimable:     649996 kB
Slab:             227384 kB
SReclaimable:      79588 kB
SUnreclaim:       147796 kB
KernelStack:       47920 kB
PageTables:        67540 kB
NFS_Unstable:          0 kB
Bounce:                0 kB
WritebackTmp:          0 kB
CommitLimit:     9202288 kB
Committed_AS:   75264952 kB
VmallocTotal:   263061440 kB
VmallocUsed:      104868 kB
VmallocChunk:          0 kB
Percpu:             7648 kB
CmaTotal:         294912 kB
CmaFree:             376 kB
MemTotal:       12113132 kB
MemFree:         6434156 kB
MemAvailable:    8045048 kB
Buffers:            5328 kB
Cached:          1852956 kB
SwapCached:            0 kB
Active:          1546096 kB
Inactive:        1611980 kB
Active(anon):    1306232 kB
Inactive(anon):    22244 kB
Active(file):     239864 kB
Inactive(file):  1589736 kB
Unevictable:        5552 kB
Mlocked:            5552 kB
SwapTotal:       3145724 kB
SwapFree:        3145724 kB
Dirty:               300 kB
Writeback:             0 kB
AnonPages:       1305212 kB
Mapped:           856164 kB
Shmem:             24184 kB
KReclaimable:     649996 kB
Slab:             227392 kB
SReclaimable:      79588 kB
SUnreclaim:       147804 kB
KernelStack:       47872 kB
PageTables:        67276 kB
NFS_Unstable:          0 kB
Bounce:                0 kB
WritebackTmp:          0 kB
CommitLimit:     9202288 kB
Committed_AS:   75263628 kB
VmallocTotal:   263061440 kB
VmallocUsed:      104884 kB
VmallocChunk:          0 kB
Percpu:             7648 kB
CmaTotal:         294912 kB
CmaFree:               0 kB
MemTotal:       12113132 kB
MemFree:         6433892 kB
MemAvailable:    8044792 kB
Buffers:            5328 kB
Cached:          1852968 kB
SwapCached:            0 kB
Active:          1546708 kB
Inactive:        1611992 kB
Active(anon):    1306844 kB
Inactive(anon):    22248 kB
Active(file):     239864 kB
Inactive(file):  1589744 kB
Unevictable:        5552 kB
Mlocked:            5552 kB
SwapTotal:       3145724 kB
SwapFree:        3145724 kB
Dirty:               332 kB
Writeback:             0 kB
AnonPages:       1305876 kB
Mapped:           856060 kB
Shmem:             24188 kB
KReclaimable:     649996 kB
Slab:             227392 kB
SReclaimable:      79588 kB
SUnreclaim:       147804 kB
KernelStack:       47824 kB
PageTables:        67272 kB
NFS_Unstable:          0 kB
Bounce:                0 kB
WritebackTmp:          0 kB
CommitLimit:     9202288 kB
Committed_AS:   75260364 kB
VmallocTotal:   263061440 kB
VmallocUsed:      104900 kB
VmallocChunk:          0 kB
Percpu:             7648 kB
CmaTotal:         294912 kB
CmaFree:               0 kB
MemTotal:       12113132 kB
MemFree:         6432780 kB
MemAvailable:    8043692 kB
Buffers:            5328 kB
Cached:          1852980 kB
SwapCached:            0 kB
Active:          1547280 kB
Inactive:        1612004 kB
Active(anon):    1307416 kB
Inactive(anon):    22248 kB
Active(file):     239864 kB
Inactive(file):  1589756 kB
Unevictable:        5552 kB
Mlocked:            5552 kB
SwapTotal:       3145724 kB
SwapFree:        3145724 kB
Dirty:               308 kB
Writeback:             0 kB
AnonPages:       1306560 kB
Mapped:           856408 kB
Shmem:             24188 kB
KReclaimable:     649996 kB
Slab:             227392 kB
SReclaimable:      79588 kB
SUnreclaim:       147804 kB
KernelStack:       47956 kB
PageTables:        67488 kB
NFS_Unstable:          0 kB
Bounce:                0 kB
WritebackTmp:          0 kB
CommitLimit:     9202288 kB
Committed_AS:   75262184 kB
VmallocTotal:   263061440 kB
VmallocUsed:      104900 kB
VmallocChunk:          0 kB
Percpu:             7648 kB
CmaTotal:         294912 kB
CmaFree:               0 kB
MemTotal:       12113132 kB
MemFree:         6432568 kB
MemAvailable:    8043496 kB
Buffers:            5328 kB
Cached:          1852996 kB
SwapCached:            0 kB
Active:          1548172 kB
Inactive:        1612020 kB
Active(anon):    1308308 kB
Inactive(anon):    22248 kB
Active(file):     239864 kB
Inactive(file):  1589772 kB
Unevictable:        5552 kB
Mlocked:            5552 kB
SwapTotal:       3145724 kB
SwapFree:        3145724 kB
Dirty:               324 kB
Writeback:             0 kB
AnonPages:       1307388 kB
Mapped:           856148 kB
Shmem:             24188 kB
KReclaimable:     649996 kB
Slab:             227392 kB
SReclaimable:      79588 kB
SUnreclaim:       147804 kB
KernelStack:       47936 kB
PageTables:        67532 kB
NFS_Unstable:          0 kB
Bounce:                0 kB
WritebackTmp:          0 kB
CommitLimit:     9202288 kB
Committed_AS:   75267372 kB
VmallocTotal:   263061440 kB
VmallocUsed:      104900 kB
VmallocChunk:          0 kB
Percpu:             7648 kB
CmaTotal:         294912 kB
CmaFree:               0 kB
MemTotal:       12113132 kB
MemFree:         6313380 kB
MemAvailable:    7871396 kB
Buffers:            5332 kB
Cached:          1862060 kB
SwapCached:            0 kB
Active:          1593888 kB
Inactive:        1621084 kB
Active(anon):    1354020 kB
Inactive(anon):    31280 kB
Active(file):     239868 kB
Inactive(file):  1589804 kB
Unevictable:        5552 kB
Mlocked:            5552 kB
SwapTotal:       3145724 kB
SwapFree:        3145724 kB
Dirty:               376 kB
Writeback:             0 kB
AnonPages:       1352916 kB
Mapped:           865460 kB
Shmem:             33220 kB
KReclaimable:     597048 kB
Slab:             227536 kB
SReclaimable:      79604 kB
SUnreclaim:       147932 kB
KernelStack:       48192 kB
PageTables:        67464 kB
NFS_Unstable:          0 kB
Bounce:                0 kB
WritebackTmp:          0 kB
CommitLimit:     9202288 kB
Committed_AS:   75275784 kB
VmallocTotal:   263061440 kB
VmallocUsed:      105348 kB
VmallocChunk:          0 kB
Percpu:             7648 kB
CmaTotal:         294912 kB
CmaFree:               4 kB
MemTotal:       12113132 kB
MemFree:         6321184 kB
MemAvailable:    7879204 kB
Buffers:            5332 kB
Cached:          1853032 kB
SwapCached:            0 kB
Active:          1594892 kB
Inactive:        1612056 kB
Active(anon):    1355024 kB
Inactive(anon):    22248 kB
Active(file):     239868 kB
Inactive(file):  1589808 kB
Unevictable:        5552 kB
Mlocked:            5552 kB
SwapTotal:       3145724 kB
SwapFree:        3145724 kB
Dirty:               384 kB
Writeback:             0 kB
AnonPages:       1354104 kB
Mapped:           856552 kB
Shmem:             24188 kB
KReclaimable:     597048 kB
Slab:             227576 kB
SReclaimable:      79604 kB
SUnreclaim:       147972 kB
KernelStack:       48208 kB
PageTables:        67600 kB
NFS_Unstable:          0 kB
Bounce:                0 kB
WritebackTmp:          0 kB
CommitLimit:     9202288 kB
Committed_AS:   75261716 kB
VmallocTotal:   263061440 kB
VmallocUsed:      105332 kB
VmallocChunk:          0 kB
Percpu:             7648 kB
CmaTotal:         294912 kB
CmaFree:               0 kB
MemTotal:       12113132 kB
MemFree:         6320360 kB
MemAvailable:    7878396 kB
Buffers:            5332 kB
Cached:          1853064 kB
SwapCached:            0 kB
Active:          1595924 kB
Inactive:        1612088 kB
Active(anon):    1356056 kB
Inactive(anon):    22264 kB
Active(file):     239868 kB
Inactive(file):  1589824 kB
Unevictable:        5552 kB
Mlocked:            5552 kB
SwapTotal:       3145724 kB
SwapFree:        3145724 kB
Dirty:               400 kB
Writeback:             0 kB
AnonPages:       1355132 kB
Mapped:           856524 kB
Shmem:             24204 kB
KReclaimable:     597048 kB
Slab:             227552 kB
SReclaimable:      79604 kB
SUnreclaim:       147948 kB
KernelStack:       48240 kB
PageTables:        67820 kB
NFS_Unstable:          0 kB
Bounce:                0 kB
WritebackTmp:          0 kB
CommitLimit:     9202288 kB
Committed_AS:   75264440 kB
VmallocTotal:   263061440 kB
VmallocUsed:      105380 kB
VmallocChunk:          0 kB
Percpu:             7648 kB
CmaTotal:         294912 kB
CmaFree:               0 kB
MemTotal:       12113132 kB
MemFree:         6301868 kB
MemAvailable:    7859928 kB
Buffers:            5332 kB
Cached:          1853092 kB
SwapCached:            0 kB
Active:          1616812 kB
Inactive:        1612112 kB
Active(anon):    1376940 kB
Inactive(anon):    22268 kB
Active(file):     239872 kB
Inactive(file):  1589844 kB
Unevictable:        5552 kB
Mlocked:            5552 kB
SwapTotal:       3145724 kB
SwapFree:        3145724 kB
Dirty:               464 kB
Writeback:             0 kB
AnonPages:       1376192 kB
Mapped:           856516 kB
Shmem:             24208 kB
KReclaimable:     597048 kB
Slab:             227552 kB
SReclaimable:      79604 kB
SUnreclaim:       147948 kB
KernelStack:       48256 kB
PageTables:        67716 kB
NFS_Unstable:          0 kB
Bounce:                0 kB
WritebackTmp:          0 kB
CommitLimit:     9202288 kB
Committed_AS:   75257248 kB
VmallocTotal:   263061440 kB
VmallocUsed:      105444 kB
VmallocChunk:          0 kB
Percpu:             7648 kB
CmaTotal:         294912 kB
CmaFree:               4 kB
MemTotal:       12113132 kB
MemFree:         6320116 kB
MemAvailable:    7878156 kB
Buffers:            5332 kB
Cached:          1853088 kB
SwapCached:            0 kB
Active:          1596336 kB
Inactive:        1612112 kB
Active(anon):    1356468 kB
Inactive(anon):    22268 kB
Active(file):     239868 kB
Inactive(file):  1589844 kB
Unevictable:        5552 kB
Mlocked:            5552 kB
SwapTotal:       3145724 kB
SwapFree:        3145724 kB
Dirty:               256 kB
Writeback:             0 kB
AnonPages:       1355716 kB
Mapped:           856664 kB
Shmem:             24208 kB
KReclaimable:     597032 kB
Slab:             227512 kB
SReclaimable:      79588 kB
SUnreclaim:       147924 kB
KernelStack:       48288 kB
PageTables:        67876 kB
NFS_Unstable:          0 kB
Bounce:                0 kB
WritebackTmp:          0 kB
CommitLimit:     9202288 kB
Committed_AS:   75268304 kB
VmallocTotal:   263061440 kB
VmallocUsed:      105492 kB
VmallocChunk:          0 kB
Percpu:             7648 kB
CmaTotal:         294912 kB
CmaFree:               0 kB
MemTotal:       12113132 kB
MemFree:         6319532 kB
MemAvailable:    7877588 kB
Buffers:            5332 kB
Cached:          1853104 kB
SwapCached:            0 kB
Active:          1596792 kB
Inactive:        1612128 kB
Active(anon):    1356924 kB
Inactive(anon):    22268 kB
Active(file):     239868 kB
Inactive(file):  1589860 kB
Unevictable:        5552 kB
Mlocked:            5552 kB
SwapTotal:       3145724 kB
SwapFree:        3145724 kB
Dirty:               248 kB
Writeback:             0 kB
AnonPages:       1356056 kB
Mapped:           856548 kB
Shmem:             24208 kB
KReclaimable:     597032 kB
Slab:             227544 kB
SReclaimable:      79588 kB
SUnreclaim:       147956 kB
KernelStack:       48304 kB
PageTables:        67884 kB
NFS_Unstable:          0 kB
Bounce:                0 kB
WritebackTmp:          0 kB
CommitLimit:     9202288 kB
Committed_AS:   75269972 kB
VmallocTotal:   263061440 kB
VmallocUsed:      105444 kB
VmallocChunk:          0 kB
Percpu:             7648 kB
CmaTotal:         294912 kB
CmaFree:               0 kB
MemTotal:       12113132 kB
MemFree:         6307540 kB
MemAvailable:    7865604 kB
Buffers:            5332 kB
Cached:          1853112 kB
SwapCached:            0 kB
Active:          1611176 kB
Inactive:        1612136 kB
Active(anon):    1371308 kB
Inactive(anon):    22268 kB
Active(file):     239868 kB
Inactive(file):  1589868 kB
Unevictable:        5552 kB
Mlocked:            5552 kB
SwapTotal:       3145724 kB
SwapFree:        3145724 kB
Dirty:               280 kB
Writeback:             0 kB
AnonPages:       1370264 kB
Mapped:           856692 kB
Shmem:             24208 kB
KReclaimable:     597032 kB
Slab:             227536 kB
SReclaimable:      79588 kB
SUnreclaim:       147948 kB
KernelStack:       48272 kB
PageTables:        67772 kB
NFS_Unstable:          0 kB
Bounce:                0 kB
WritebackTmp:          0 kB
CommitLimit:     9202288 kB
Committed_AS:   75263100 kB
VmallocTotal:   263061440 kB
VmallocUsed:      105476 kB
VmallocChunk:          0 kB
Percpu:             7648 kB
CmaTotal:         294912 kB
CmaFree:               0 kB
MemTotal:       12113132 kB
MemFree:         6318672 kB
MemAvailable:    7876752 kB
Buffers:            5332 kB
Cached:          1853128 kB
SwapCached:            0 kB
Active:          1598540 kB
Inactive:        1612152 kB
Active(anon):    1358672 kB
Inactive(anon):    22268 kB
Active(file):     239868 kB
Inactive(file):  1589884 kB
Unevictable:        5552 kB
Mlocked:            5552 kB
SwapTotal:       3145724 kB
SwapFree:        3145724 kB
Dirty:               328 kB
Writeback:             0 kB
AnonPages:       1357684 kB
Mapped:           856656 kB
Shmem:             24208 kB
KReclaimable:     597032 kB
Slab:             227544 kB
SReclaimable:      79588 kB
SUnreclaim:       147956 kB
KernelStack:       48288 kB
PageTables:        67796 kB
NFS_Unstable:          0 kB
Bounce:                0 kB
WritebackTmp:          0 kB
CommitLimit:     9202288 kB
Committed_AS:   75261712 kB
VmallocTotal:   263061440 kB
VmallocUsed:      105492 kB
VmallocChunk:          0 kB
Percpu:             7648 kB
CmaTotal:         294912 kB
CmaFree:               0 kB
MemTotal:       12113132 kB
MemFree:         6317640 kB
MemAvailable:    7875744 kB
Buffers:            5332 kB
Cached:          1853164 kB
SwapCached:            0 kB
Active:          1599384 kB
Inactive:        1612188 kB
Active(anon):    1359516 kB
Inactive(anon):    22284 kB
Active(file):     239868 kB
Inactive(file):  1589904 kB
Unevictable:        5552 kB
Mlocked:            5552 kB
SwapTotal:       3145724 kB
SwapFree:        3145724 kB
Dirty:               352 kB
Writeback:             0 kB
AnonPages:       1358528 kB
Mapped:           856520 kB
Shmem:             24224 kB
KReclaimable:     597036 kB
Slab:             227548 kB
SReclaimable:      79592 kB
SUnreclaim:       147956 kB
KernelStack:       48288 kB
PageTables:        67772 kB
NFS_Unstable:          0 kB
Bounce:                0 kB
WritebackTmp:          0 kB
CommitLimit:     9202288 kB
Committed_AS:   75263668 kB
VmallocTotal:   263061440 kB
VmallocUsed:      105460 kB
VmallocChunk:          0 kB
Percpu:             7648 kB
CmaTotal:         294912 kB
CmaFree:               0 kB
MemTotal:       12113132 kB
MemFree:         6299600 kB
MemAvailable:    7857596 kB
Buffers:            5332 kB
Cached:          1853184 kB
SwapCached:            0 kB
Active:          1614920 kB
Inactive:        1612208 kB
Active(anon):    1375052 kB
Inactive(anon):    22284 kB
Active(file):     239868 kB
Inactive(file):  1589924 kB
Unevictable:        5552 kB
Mlocked:            5552 kB
SwapTotal:       3145724 kB
SwapFree:        3145724 kB
Dirty:               212 kB
Writeback:             0 kB
AnonPages:       1371520 kB
Mapped:           856508 kB
Shmem:             24224 kB
KReclaimable:     597036 kB
Slab:             227548 kB
SReclaimable:      79592 kB
SUnreclaim:       147956 kB
KernelStack:       48304 kB
PageTables:        67916 kB
NFS_Unstable:          0 kB
Bounce:                0 kB
WritebackTmp:          0 kB
CommitLimit:     9202288 kB
Committed_AS:   75263624 kB
VmallocTotal:   263061440 kB
VmallocUsed:      105444 kB
VmallocChunk:          0 kB
Percpu:             7648 kB
CmaTotal:         294912 kB
CmaFree:               4 kB
MemTotal:       12113132 kB
MemFree:         6317188 kB
MemAvailable:    7875324 kB
Buffers:            5332 kB
Cached:          1853196 kB
SwapCached:            0 kB
Active:          1600176 kB
Inactive:        1612220 kB
Active(anon):    1360308 kB
Inactive(anon):    22284 kB
Active(file):     239868 kB
Inactive(file):  1589936 kB
Unevictable:        5552 kB
Mlocked:            5552 kB
SwapTotal:       3145724 kB
SwapFree:        3145724 kB
Dirty:               260 kB
Writeback:             0 kB
AnonPages:       1359620 kB
Mapped:           856548 kB
Shmem:             24224 kB
KReclaimable:     597036 kB
Slab:             227548 kB
SReclaimable:      79592 kB
SUnreclaim:       147956 kB
KernelStack:       48224 kB
PageTables:        67780 kB
NFS_Unstable:          0 kB
Bounce:                0 kB
WritebackTmp:          0 kB
CommitLimit:     9202288 kB
Committed_AS:   75266924 kB
VmallocTotal:   263061440 kB
VmallocUsed:      105428 kB
VmallocChunk:          0 kB
Percpu:             7648 kB
CmaTotal:         294912 kB
CmaFree:               0 kB
MemTotal:       12113132 kB
MemFree:         6315820 kB
MemAvailable:    7873968 kB
Buffers:            5332 kB
Cached:          1853208 kB
SwapCached:            0 kB
Active:          1601028 kB
Inactive:        1612232 kB
Active(anon):    1361160 kB
Inactive(anon):    22284 kB
Active(file):     239868 kB
Inactive(file):  1589948 kB
Unevictable:        5552 kB
Mlocked:            5552 kB
SwapTotal:       3145724 kB
SwapFree:        3145724 kB
Dirty:               288 kB
Writeback:             0 kB
AnonPages:       1360352 kB
Mapped:           856684 kB
Shmem:             24224 kB
KReclaimable:     597036 kB
Slab:             227548 kB
SReclaimable:      79592 kB
SUnreclaim:       147956 kB
KernelStack:       48288 kB
PageTables:        67864 kB
NFS_Unstable:          0 kB
Bounce:                0 kB
WritebackTmp:          0 kB
CommitLimit:     9202288 kB
Committed_AS:   75262816 kB
VmallocTotal:   263061440 kB
VmallocUsed:      105428 kB
VmallocChunk:          0 kB
Percpu:             7648 kB
CmaTotal:         294912 kB
CmaFree:               0 kB
MemTotal:       12113132 kB
MemFree:         6316036 kB
MemAvailable:    7874188 kB
Buffers:            5332 kB
Cached:          1853212 kB
SwapCached:            0 kB
Active:          1601244 kB
Inactive:        1612236 kB
Active(anon):    1361376 kB
Inactive(anon):    22284 kB
Active(file):     239868 kB
Inactive(file):  1589952 kB
Unevictable:        5552 kB
Mlocked:            5552 kB
SwapTotal:       3145724 kB
SwapFree:        3145724 kB
Dirty:               344 kB
Writeback:             0 kB
AnonPages:       1360332 kB
Mapped:           856916 kB
Shmem:             24224 kB
KReclaimable:     597036 kB
Slab:             227540 kB
SReclaimable:      79592 kB
SUnreclaim:       147948 kB
KernelStack:       48272 kB
PageTables:        67944 kB
NFS_Unstable:          0 kB
Bounce:                0 kB
WritebackTmp:          0 kB
CommitLimit:     9202288 kB
Committed_AS:   75265660 kB
VmallocTotal:   263061440 kB
VmallocUsed:      105444 kB
VmallocChunk:          0 kB
Percpu:             7648 kB
CmaTotal:         294912 kB
CmaFree:               0 kB
MemTotal:       12113132 kB
MemFree:         6316240 kB
MemAvailable:    7874404 kB
Buffers:            5332 kB
Cached:          1853224 kB
SwapCached:            0 kB
Active:          1600768 kB
Inactive:        1612248 kB
Active(anon):    1360900 kB
Inactive(anon):    22284 kB
Active(file):     239868 kB
Inactive(file):  1589964 kB
Unevictable:        5552 kB
Mlocked:            5552 kB
SwapTotal:       3145724 kB
SwapFree:        3145724 kB
Dirty:               356 kB
Writeback:             0 kB
AnonPages:       1359956 kB
Mapped:           856508 kB
Shmem:             24224 kB
KReclaimable:     597036 kB
Slab:             227540 kB
SReclaimable:      79592 kB
SUnreclaim:       147948 kB
KernelStack:       48208 kB
PageTables:        67668 kB
NFS_Unstable:          0 kB
Bounce:                0 kB
WritebackTmp:          0 kB
CommitLimit:     9202288 kB
Committed_AS:   75267344 kB
VmallocTotal:   263061440 kB
VmallocUsed:      105428 kB
VmallocChunk:          0 kB
Percpu:             7648 kB
CmaTotal:         294912 kB
CmaFree:               0 kB
MemTotal:       12113132 kB
MemFree:         6315448 kB
MemAvailable:    7873640 kB
Buffers:            5340 kB
Cached:          1853264 kB
SwapCached:            0 kB
Active:          1601548 kB
Inactive:        1612288 kB
Active(anon):    1361672 kB
Inactive(anon):    22304 kB
Active(file):     239876 kB
Inactive(file):  1589984 kB
Unevictable:        5552 kB
Mlocked:            5552 kB
SwapTotal:       3145724 kB
SwapFree:        3145724 kB
Dirty:               376 kB
Writeback:             0 kB
AnonPages:       1360720 kB
Mapped:           856812 kB
Shmem:             24244 kB
KReclaimable:     597036 kB
Slab:             227540 kB
SReclaimable:      79592 kB
SUnreclaim:       147948 kB
KernelStack:       48260 kB
PageTables:        67968 kB
NFS_Unstable:          0 kB
Bounce:                0 kB
WritebackTmp:          0 kB
CommitLimit:     9202288 kB
Committed_AS:   75268504 kB
VmallocTotal:   263061440 kB
VmallocUsed:      105396 kB
VmallocChunk:          0 kB
Percpu:             7648 kB
CmaTotal:         294912 kB
CmaFree:               0 kB
MemTotal:       12113132 kB
MemFree:         6314244 kB
MemAvailable:    7872468 kB
Buffers:            5340 kB
Cached:          1853296 kB
SwapCached:            0 kB
Active:          1601424 kB
Inactive:        1612320 kB
Active(anon):    1361548 kB
Inactive(anon):    22304 kB
Active(file):     239876 kB
Inactive(file):  1590016 kB
Unevictable:        5552 kB
Mlocked:            5552 kB
SwapTotal:       3145724 kB
SwapFree:        3145724 kB
Dirty:               392 kB
Writeback:             0 kB
AnonPages:       1360764 kB
Mapped:           856548 kB
Shmem:             24244 kB
KReclaimable:     597036 kB
Slab:             227540 kB
SReclaimable:      79592 kB
SUnreclaim:       147948 kB
KernelStack:       48144 kB
PageTables:        68040 kB
NFS_Unstable:          0 kB
Bounce:                0 kB
WritebackTmp:          0 kB
CommitLimit:     9202288 kB
Committed_AS:   75270032 kB
VmallocTotal:   263061440 kB
VmallocUsed:      105412 kB
VmallocChunk:          0 kB
Percpu:             7648 kB
CmaTotal:         294912 kB
CmaFree:               0 kB
MemTotal:       12113132 kB
MemFree:         6314256 kB
MemAvailable:    7872488 kB
Buffers:            5340 kB
Cached:          1853308 kB
SwapCached:            0 kB
Active:          1602584 kB
Inactive:        1612332 kB
Active(anon):    1362712 kB
Inactive(anon):    22304 kB
Active(file):     239872 kB
Inactive(file):  1590028 kB
Unevictable:        5552 kB
Mlocked:            5552 kB
SwapTotal:       3145724 kB
SwapFree:        3145724 kB
Dirty:               404 kB
Writeback:             0 kB
AnonPages:       1362044 kB
Mapped:           856452 kB
Shmem:             24244 kB
KReclaimable:     597036 kB
Slab:             227540 kB
SReclaimable:      79592 kB
SUnreclaim:       147948 kB
KernelStack:       48160 kB
PageTables:        67876 kB
NFS_Unstable:          0 kB
Bounce:                0 kB
WritebackTmp:          0 kB
CommitLimit:     9202288 kB
Committed_AS:   75270712 kB
VmallocTotal:   263061440 kB
VmallocUsed:      105380 kB
VmallocChunk:          0 kB
Percpu:             7648 kB
CmaTotal:         294912 kB
CmaFree:               0 kB
MemTotal:       12113132 kB
MemFree:         6313176 kB
MemAvailable:    7871420 kB
Buffers:            5340 kB
Cached:          1853316 kB
SwapCached:            0 kB
Active:          1603048 kB
Inactive:        1612340 kB
Active(anon):    1363172 kB
Inactive(anon):    22304 kB
Active(file):     239876 kB
Inactive(file):  1590036 kB
Unevictable:        5552 kB
Mlocked:            5552 kB
SwapTotal:       3145724 kB
SwapFree:        3145724 kB
Dirty:               412 kB
Writeback:             0 kB
AnonPages:       1362388 kB
Mapped:           856724 kB
Shmem:             24244 kB
KReclaimable:     597036 kB
Slab:             227540 kB
SReclaimable:      79592 kB
SUnreclaim:       147948 kB
KernelStack:       48176 kB
PageTables:        67704 kB
NFS_Unstable:          0 kB
Bounce:                0 kB
WritebackTmp:          0 kB
CommitLimit:     9202288 kB
Committed_AS:   75258176 kB
VmallocTotal:   263061440 kB
VmallocUsed:      105428 kB
VmallocChunk:          0 kB
Percpu:             7648 kB
CmaTotal:         294912 kB
CmaFree:               0 kB
MemTotal:       12113132 kB
MemFree:         6312860 kB
MemAvailable:    7871120 kB
Buffers:            5340 kB
Cached:          1853332 kB
SwapCached:            0 kB
Active:          1604004 kB
Inactive:        1612356 kB
Active(anon):    1364128 kB
Inactive(anon):    22304 kB
Active(file):     239876 kB
Inactive(file):  1590052 kB
Unevictable:        5552 kB
Mlocked:            5552 kB
SwapTotal:       3145724 kB
SwapFree:        3145724 kB
Dirty:               440 kB
Writeback:             0 kB
AnonPages:       1363012 kB
Mapped:           856524 kB
Shmem:             24244 kB
KReclaimable:     597036 kB
Slab:             227540 kB
SReclaimable:      79592 kB
SUnreclaim:       147948 kB
KernelStack:       48160 kB
PageTables:        67656 kB
NFS_Unstable:          0 kB
Bounce:                0 kB
WritebackTmp:          0 kB
CommitLimit:     9202288 kB
Committed_AS:   75262652 kB
VmallocTotal:   263061440 kB
VmallocUsed:      105412 kB
VmallocChunk:          0 kB
Percpu:             7648 kB
CmaTotal:         294912 kB
CmaFree:               0 kB
MemTotal:       12113132 kB
MemFree:         6311784 kB
MemAvailable:    7870052 kB
Buffers:            5340 kB
Cached:          1853340 kB
SwapCached:            0 kB
Active:          1604060 kB
Inactive:        1612364 kB
Active(anon):    1364184 kB
Inactive(anon):    22304 kB
Active(file):     239876 kB
Inactive(file):  1590060 kB
Unevictable:        5552 kB
Mlocked:            5552 kB
SwapTotal:       3145724 kB
SwapFree:        3145724 kB
Dirty:               448 kB
Writeback:             0 kB
AnonPages:       1363528 kB
Mapped:           856592 kB
Shmem:             24244 kB
KReclaimable:     597036 kB
Slab:             227540 kB
SReclaimable:      79592 kB
SUnreclaim:       147948 kB
KernelStack:       48176 kB
PageTables:        67704 kB
NFS_Unstable:          0 kB
Bounce:                0 kB
WritebackTmp:          0 kB
CommitLimit:     9202288 kB
Committed_AS:   75261464 kB
VmallocTotal:   263061440 kB
VmallocUsed:      105428 kB
VmallocChunk:          0 kB
Percpu:             7648 kB
CmaTotal:         294912 kB
CmaFree:               0 kB
MemTotal:       12113132 kB
MemFree:         6311476 kB
MemAvailable:    7869748 kB
Buffers:            5340 kB
Cached:          1853344 kB
SwapCached:            0 kB
Active:          1605240 kB
Inactive:        1612368 kB
Active(anon):    1365364 kB
Inactive(anon):    22304 kB
Active(file):     239876 kB
Inactive(file):  1590064 kB
Unevictable:        5552 kB
Mlocked:            5552 kB
SwapTotal:       3145724 kB
SwapFree:        3145724 kB
Dirty:               452 kB
Writeback:             0 kB
AnonPages:       1364360 kB
Mapped:           856556 kB
Shmem:             24244 kB
KReclaimable:     597036 kB
Slab:             227540 kB
SReclaimable:      79592 kB
SUnreclaim:       147948 kB
KernelStack:       48192 kB
PageTables:        67832 kB
NFS_Unstable:          0 kB
Bounce:                0 kB
WritebackTmp:          0 kB
CommitLimit:     9202288 kB
Committed_AS:   75258672 kB
VmallocTotal:   263061440 kB
VmallocUsed:      105380 kB
VmallocChunk:          0 kB
Percpu:             7648 kB
CmaTotal:         294912 kB
CmaFree:               0 kB
MemTotal:       12113132 kB
MemFree:         6309960 kB
MemAvailable:    7868252 kB
Buffers:            5340 kB
Cached:          1853364 kB
SwapCached:            0 kB
Active:          1606160 kB
Inactive:        1612388 kB
Active(anon):    1366284 kB
Inactive(anon):    22304 kB
Active(file):     239876 kB
Inactive(file):  1590084 kB
Unevictable:        5552 kB
Mlocked:            5552 kB
SwapTotal:       3145724 kB
SwapFree:        3145724 kB
Dirty:               508 kB
Writeback:             0 kB
AnonPages:       1365588 kB
Mapped:           856552 kB
Shmem:             24244 kB
KReclaimable:     597036 kB
Slab:             227540 kB
SReclaimable:      79592 kB
SUnreclaim:       147948 kB
KernelStack:       48224 kB
PageTables:        67708 kB
NFS_Unstable:          0 kB
Bounce:                0 kB
WritebackTmp:          0 kB
CommitLimit:     9202288 kB
Committed_AS:   75260980 kB
VmallocTotal:   263061440 kB
VmallocUsed:      105428 kB
VmallocChunk:          0 kB
Percpu:             7648 kB
CmaTotal:         294912 kB
CmaFree:               0 kB
MemTotal:       12113132 kB
MemFree:         6310588 kB
MemAvailable:    7868888 kB
Buffers:            5340 kB
Cached:          1853372 kB
SwapCached:            0 kB
Active:          1606892 kB
Inactive:        1612396 kB
Active(anon):    1367016 kB
Inactive(anon):    22304 kB
Active(file):     239876 kB
Inactive(file):  1590092 kB
Unevictable:        5552 kB
Mlocked:            5552 kB
SwapTotal:       3145724 kB
SwapFree:        3145724 kB
Dirty:               516 kB
Writeback:             0 kB
AnonPages:       1366216 kB
Mapped:           856560 kB
Shmem:             24244 kB
KReclaimable:     597036 kB
Slab:             227540 kB
SReclaimable:      79592 kB
SUnreclaim:       147948 kB
KernelStack:       48192 kB
PageTables:        67588 kB
NFS_Unstable:          0 kB
Bounce:                0 kB
WritebackTmp:          0 kB
CommitLimit:     9202288 kB
Committed_AS:   75262456 kB
VmallocTotal:   263061440 kB
VmallocUsed:      105396 kB
VmallocChunk:          0 kB
Percpu:             7648 kB
CmaTotal:         294912 kB
CmaFree:               0 kB
MemTotal:       12113132 kB
MemFree:         6309704 kB
MemAvailable:    7868048 kB
Buffers:            5340 kB
Cached:          1853416 kB
SwapCached:            0 kB
Active:          1607652 kB
Inactive:        1612436 kB
Active(anon):    1367772 kB
Inactive(anon):    22304 kB
Active(file):     239880 kB
Inactive(file):  1590132 kB
Unevictable:        5552 kB
Mlocked:            5552 kB
SwapTotal:       3145724 kB
SwapFree:        3145724 kB
Dirty:               532 kB
Writeback:             0 kB
AnonPages:       1366496 kB
Mapped:           856440 kB
Shmem:             24244 kB
KReclaimable:     597036 kB
Slab:             227540 kB
SReclaimable:      79592 kB
SUnreclaim:       147948 kB
KernelStack:       48160 kB
PageTables:        67416 kB
NFS_Unstable:          0 kB
Bounce:                0 kB
WritebackTmp:          0 kB
CommitLimit:     9202288 kB
Committed_AS:   75267024 kB
VmallocTotal:   263061440 kB
VmallocUsed:      105412 kB
VmallocChunk:          0 kB
Percpu:             7648 kB
CmaTotal:         294912 kB
CmaFree:               0 kB
MemTotal:       12113132 kB
MemFree:         6335436 kB
MemAvailable:    7893772 kB
Buffers:            5340 kB
Cached:          1853408 kB
SwapCached:            0 kB
Active:          1581408 kB
Inactive:        1612432 kB
Active(anon):    1341532 kB
Inactive(anon):    22304 kB
Active(file):     239876 kB
Inactive(file):  1590128 kB
Unevictable:        5552 kB
Mlocked:            5552 kB
SwapTotal:       3145724 kB
SwapFree:        3145724 kB
Dirty:               576 kB
Writeback:             0 kB
AnonPages:       1340740 kB
Mapped:           856548 kB
Shmem:             24244 kB
KReclaimable:     597036 kB
Slab:             227540 kB
SReclaimable:      79592 kB
SUnreclaim:       147948 kB
KernelStack:       48240 kB
PageTables:        67984 kB
NFS_Unstable:          0 kB
Bounce:                0 kB
WritebackTmp:          0 kB
CommitLimit:     9202288 kB
Committed_AS:   75257052 kB
VmallocTotal:   263061440 kB
VmallocUsed:      105396 kB
VmallocChunk:          0 kB
Percpu:             7648 kB
CmaTotal:         294912 kB
CmaFree:               0 kB
MemTotal:       12113132 kB
MemFree:         6334688 kB
MemAvailable:    7893040 kB
Buffers:            5340 kB
Cached:          1853424 kB
SwapCached:            0 kB
Active:          1582380 kB
Inactive:        1612448 kB
Active(anon):    1342504 kB
Inactive(anon):    22304 kB
Active(file):     239876 kB
Inactive(file):  1590144 kB
Unevictable:        5552 kB
Mlocked:            5552 kB
SwapTotal:       3145724 kB
SwapFree:        3145724 kB
Dirty:               248 kB
Writeback:             0 kB
AnonPages:       1341484 kB
Mapped:           856536 kB
Shmem:             24244 kB
KReclaimable:     597036 kB
Slab:             227540 kB
SReclaimable:      79592 kB
SUnreclaim:       147948 kB
KernelStack:       48192 kB
PageTables:        67784 kB
NFS_Unstable:          0 kB
Bounce:                0 kB
WritebackTmp:          0 kB
CommitLimit:     9202288 kB
Committed_AS:   75265504 kB
VmallocTotal:   263061440 kB
VmallocUsed:      105348 kB
VmallocChunk:          0 kB
Percpu:             7648 kB
CmaTotal:         294912 kB
CmaFree:               0 kB
MemTotal:       12113132 kB
MemFree:         6335164 kB
MemAvailable:    7893528 kB
Buffers:            5340 kB
Cached:          1853440 kB
SwapCached:            0 kB
Active:          1582736 kB
Inactive:        1612464 kB
Active(anon):    1342860 kB
Inactive(anon):    22308 kB
Active(file):     239876 kB
Inactive(file):  1590156 kB
Unevictable:        5552 kB
Mlocked:            5552 kB
SwapTotal:       3145724 kB
SwapFree:        3145724 kB
Dirty:               284 kB
Writeback:             0 kB
AnonPages:       1341788 kB
Mapped:           856580 kB
Shmem:             24248 kB
KReclaimable:     597036 kB
Slab:             227540 kB
SReclaimable:      79592 kB
SUnreclaim:       147948 kB
KernelStack:       48160 kB
PageTables:        67732 kB
NFS_Unstable:          0 kB
Bounce:                0 kB
WritebackTmp:          0 kB
CommitLimit:     9202288 kB
Committed_AS:   75271520 kB
VmallocTotal:   263061440 kB
VmallocUsed:      105380 kB
VmallocChunk:          0 kB
Percpu:             7648 kB
CmaTotal:         294912 kB
CmaFree:               0 kB
MemTotal:       12113132 kB
MemFree:         6331828 kB
MemAvailable:    7888244 kB
Buffers:            5340 kB
Cached:          1853544 kB
SwapCached:            0 kB
Active:          1586328 kB
Inactive:        1612560 kB
Active(anon):    1346452 kB
Inactive(anon):    22400 kB
Active(file):     239876 kB
Inactive(file):  1590160 kB
Unevictable:        5552 kB
Mlocked:            5552 kB
SwapTotal:       3145724 kB
SwapFree:        3145724 kB
Dirty:               348 kB
Writeback:             0 kB
AnonPages:       1345516 kB
Mapped:           856716 kB
Shmem:             24348 kB
KReclaimable:     595084 kB
Slab:             227544 kB
SReclaimable:      79592 kB
SUnreclaim:       147952 kB
KernelStack:       48208 kB
PageTables:        67996 kB
NFS_Unstable:          0 kB
Bounce:                0 kB
WritebackTmp:          0 kB
CommitLimit:     9202288 kB
Committed_AS:   75267820 kB
VmallocTotal:   263061440 kB
VmallocUsed:      105364 kB
VmallocChunk:          0 kB
Percpu:             7648 kB
CmaTotal:         294912 kB
CmaFree:               0 kB
MemTotal:       12113132 kB
MemFree:         6329612 kB
MemAvailable:    7886080 kB
Buffers:            5340 kB
Cached:          1853596 kB
SwapCached:            0 kB
Active:          1587788 kB
Inactive:        1612596 kB
Active(anon):    1347912 kB
Inactive(anon):    22420 kB
Active(file):     239876 kB
Inactive(file):  1590176 kB
Unevictable:        5552 kB
Mlocked:            5552 kB
SwapTotal:       3145724 kB
SwapFree:        3145724 kB
Dirty:               384 kB
Writeback:             0 kB
AnonPages:       1347120 kB
Mapped:           856744 kB
Shmem:             24384 kB
KReclaimable:     595120 kB
Slab:             227544 kB
SReclaimable:      79592 kB
SUnreclaim:       147952 kB
KernelStack:       48192 kB
PageTables:        67876 kB
NFS_Unstable:          0 kB
Bounce:                0 kB
WritebackTmp:          0 kB
CommitLimit:     9202288 kB
Committed_AS:   75263400 kB
VmallocTotal:   263061440 kB
VmallocUsed:      105364 kB
VmallocChunk:          0 kB
Percpu:             7648 kB
CmaTotal:         294912 kB
CmaFree:               0 kB
MemTotal:       12113132 kB
MemFree:         6341808 kB
MemAvailable:    7898312 kB
Buffers:            5344 kB
Cached:          1853632 kB
SwapCached:            0 kB
Active:          1575592 kB
Inactive:        1612628 kB
Active(anon):    1335712 kB
Inactive(anon):    22420 kB
Active(file):     239880 kB
Inactive(file):  1590208 kB
Unevictable:        5552 kB
Mlocked:            5552 kB
SwapTotal:       3145724 kB
SwapFree:        3145724 kB
Dirty:               424 kB
Writeback:             0 kB
AnonPages:       1334848 kB
Mapped:           856772 kB
Shmem:             24384 kB
KReclaimable:     595120 kB
Slab:             227544 kB
SReclaimable:      79592 kB
SUnreclaim:       147952 kB
KernelStack:       48160 kB
PageTables:        67740 kB
NFS_Unstable:          0 kB
Bounce:                0 kB
WritebackTmp:          0 kB
CommitLimit:     9202288 kB
Committed_AS:   75254180 kB
VmallocTotal:   263061440 kB
VmallocUsed:      105364 kB
VmallocChunk:          0 kB
Percpu:             7648 kB
CmaTotal:         294912 kB
CmaFree:               0 kB
MemTotal:       12113132 kB
MemFree:         6339532 kB
MemAvailable:    7896040 kB
Buffers:            5344 kB
Cached:          1853668 kB
SwapCached:            0 kB
Active:          1576956 kB
Inactive:        1612668 kB
Active(anon):    1337076 kB
Inactive(anon):    22456 kB
Active(file):     239880 kB
Inactive(file):  1590212 kB
Unevictable:        5552 kB
Mlocked:            5552 kB
SwapTotal:       3145724 kB
SwapFree:        3145724 kB
Dirty:               456 kB
Writeback:             0 kB
AnonPages:       1335764 kB
Mapped:           856840 kB
Shmem:             24420 kB
KReclaimable:     595120 kB
Slab:             227544 kB
SReclaimable:      79592 kB
SUnreclaim:       147952 kB
KernelStack:       48176 kB
PageTables:        67792 kB
NFS_Unstable:          0 kB
Bounce:                0 kB
WritebackTmp:          0 kB
CommitLimit:     9202288 kB
Committed_AS:   75253636 kB
VmallocTotal:   263061440 kB
VmallocUsed:      105316 kB
VmallocChunk:          0 kB
Percpu:             7648 kB
CmaTotal:         294912 kB
CmaFree:               0 kB
MemTotal:       12113132 kB
MemFree:         6338276 kB
MemAvailable:    7894832 kB
Buffers:            5344 kB
Cached:          1853748 kB
SwapCached:            0 kB
Active:          1578024 kB
Inactive:        1612740 kB
Active(anon):    1338136 kB
Inactive(anon):    22488 kB
Active(file):     239888 kB
Inactive(file):  1590252 kB
Unevictable:        5552 kB
Mlocked:            5552 kB
SwapTotal:       3145724 kB
SwapFree:        3145724 kB
Dirty:               516 kB
Writeback:             0 kB
AnonPages:       1337252 kB
Mapped:           856912 kB
Shmem:             24452 kB
KReclaimable:     595120 kB
Slab:             227552 kB
SReclaimable:      79592 kB
SUnreclaim:       147960 kB
KernelStack:       48208 kB
PageTables:        67836 kB
NFS_Unstable:          0 kB
Bounce:                0 kB
WritebackTmp:          0 kB
CommitLimit:     9202288 kB
Committed_AS:   75248252 kB
VmallocTotal:   263061440 kB
VmallocUsed:      105364 kB
VmallocChunk:          0 kB
Percpu:             7648 kB
CmaTotal:         294912 kB
CmaFree:               0 kB
MemTotal:       12113132 kB
MemFree:         6346416 kB
MemAvailable:    7902948 kB
Buffers:            5344 kB
Cached:          1853724 kB
SwapCached:            0 kB
Active:          1568716 kB
Inactive:        1612724 kB
Active(anon):    1328836 kB
Inactive(anon):    22488 kB
Active(file):     239880 kB
Inactive(file):  1590236 kB
Unevictable:        5552 kB
Mlocked:            5552 kB
SwapTotal:       3145724 kB
SwapFree:        3145724 kB
Dirty:               540 kB
Writeback:             0 kB
AnonPages:       1327892 kB
Mapped:           856928 kB
Shmem:             24452 kB
KReclaimable:     595120 kB
Slab:             227552 kB
SReclaimable:      79592 kB
SUnreclaim:       147960 kB
KernelStack:       48208 kB
PageTables:        67780 kB
NFS_Unstable:          0 kB
Bounce:                0 kB
WritebackTmp:          0 kB
CommitLimit:     9202288 kB
Committed_AS:   75251756 kB
VmallocTotal:   263061440 kB
VmallocUsed:      105380 kB
VmallocChunk:          0 kB
Percpu:             7648 kB
CmaTotal:         294912 kB
CmaFree:               8 kB
MemTotal:       12113132 kB
MemFree:         6347096 kB
MemAvailable:    7903640 kB
Buffers:            5344 kB
Cached:          1853760 kB
SwapCached:            0 kB
Active:          1568364 kB
Inactive:        1612760 kB
Active(anon):    1328484 kB
Inactive(anon):    22512 kB
Active(file):     239880 kB
Inactive(file):  1590248 kB
Unevictable:        5552 kB
Mlocked:            5552 kB
SwapTotal:       3145724 kB
SwapFree:        3145724 kB
Dirty:               592 kB
Writeback:             0 kB
AnonPages:       1327584 kB
Mapped:           857004 kB
Shmem:             24476 kB
KReclaimable:     595120 kB
Slab:             227552 kB
SReclaimable:      79592 kB
SUnreclaim:       147960 kB
KernelStack:       48192 kB
PageTables:        67844 kB
NFS_Unstable:          0 kB
Bounce:                0 kB
WritebackTmp:          0 kB
CommitLimit:     9202288 kB
Committed_AS:   75259944 kB
VmallocTotal:   263061440 kB
VmallocUsed:      105396 kB
VmallocChunk:          0 kB
Percpu:             7648 kB
CmaTotal:         294912 kB
CmaFree:               8 kB
MemTotal:       12113132 kB
MemFree:         6346120 kB
MemAvailable:    7902676 kB
Buffers:            5344 kB
Cached:          1853780 kB
SwapCached:            0 kB
Active:          1570288 kB
Inactive:        1612780 kB
Active(anon):    1330408 kB
Inactive(anon):    22520 kB
Active(file):     239880 kB
Inactive(file):  1590260 kB
Unevictable:        5552 kB
Mlocked:            5552 kB
SwapTotal:       3145724 kB
SwapFree:        3145724 kB
Dirty:               624 kB
Writeback:             0 kB
AnonPages:       1329688 kB
Mapped:           857048 kB
Shmem:             24484 kB
KReclaimable:     595120 kB
Slab:             227552 kB
SReclaimable:      79592 kB
SUnreclaim:       147960 kB
KernelStack:       48192 kB
PageTables:        67792 kB
NFS_Unstable:          0 kB
Bounce:                0 kB
WritebackTmp:          0 kB
CommitLimit:     9202288 kB
Committed_AS:   75264500 kB
VmallocTotal:   263061440 kB
VmallocUsed:      105396 kB
VmallocChunk:          0 kB
Percpu:             7648 kB
CmaTotal:         294912 kB
CmaFree:               0 kB
MemTotal:       12113132 kB
MemFree:         6344556 kB
MemAvailable:    7901116 kB
Buffers:            5344 kB
Cached:          1853784 kB
SwapCached:            0 kB
Active:          1571052 kB
Inactive:        1612784 kB
Active(anon):    1331172 kB
Inactive(anon):    22520 kB
Active(file):     239880 kB
Inactive(file):  1590264 kB
Unevictable:        5552 kB
Mlocked:            5552 kB
SwapTotal:       3145724 kB
SwapFree:        3145724 kB
Dirty:               256 kB
Writeback:             0 kB
AnonPages:       1330444 kB
Mapped:           857072 kB
Shmem:             24484 kB
KReclaimable:     595120 kB
Slab:             227652 kB
SReclaimable:      79592 kB
SUnreclaim:       148060 kB
KernelStack:       48160 kB
PageTables:        67744 kB
NFS_Unstable:          0 kB
Bounce:                0 kB
WritebackTmp:          0 kB
CommitLimit:     9202288 kB
Committed_AS:   75258896 kB
VmallocTotal:   263061440 kB
VmallocUsed:      105364 kB
VmallocChunk:          0 kB
Percpu:             7648 kB
CmaTotal:         294912 kB
CmaFree:               0 kB
MemTotal:       12113132 kB
MemFree:         6342828 kB
MemAvailable:    7899404 kB
Buffers:            5344 kB
Cached:          1853820 kB
SwapCached:            0 kB
Active:          1571980 kB
Inactive:        1612820 kB
Active(anon):    1332100 kB
Inactive(anon):    22540 kB
Active(file):     239880 kB
Inactive(file):  1590280 kB
Unevictable:        5552 kB
Mlocked:            5552 kB
SwapTotal:       3145724 kB
SwapFree:        3145724 kB
Dirty:               340 kB
Writeback:             0 kB
AnonPages:       1331320 kB
Mapped:           857188 kB
Shmem:             24504 kB
KReclaimable:     595120 kB
Slab:             227652 kB
SReclaimable:      79592 kB
SUnreclaim:       148060 kB
KernelStack:       48176 kB
PageTables:        67708 kB
NFS_Unstable:          0 kB
Bounce:                0 kB
WritebackTmp:          0 kB
CommitLimit:     9202288 kB
Committed_AS:   75263408 kB
VmallocTotal:   263061440 kB
VmallocUsed:      105380 kB
VmallocChunk:          0 kB
Percpu:             7648 kB
CmaTotal:         294912 kB
CmaFree:               0 kB
MemTotal:       12113132 kB
MemFree:         6343816 kB
MemAvailable:    7900392 kB
Buffers:            5344 kB
Cached:          1853848 kB
SwapCached:            0 kB
Active:          1572136 kB
Inactive:        1612852 kB
Active(anon):    1332260 kB
Inactive(anon):    22568 kB
Active(file):     239876 kB
Inactive(file):  1590284 kB
Unevictable:        5552 kB
Mlocked:            5552 kB
SwapTotal:       3145724 kB
SwapFree:        3145724 kB
Dirty:               360 kB
Writeback:             0 kB
AnonPages:       1331084 kB
Mapped:           857308 kB
Shmem:             24532 kB
KReclaimable:     595120 kB
Slab:             227652 kB
SReclaimable:      79592 kB
SUnreclaim:       148060 kB
KernelStack:       48208 kB
PageTables:        67832 kB
NFS_Unstable:          0 kB
Bounce:                0 kB
WritebackTmp:          0 kB
CommitLimit:     9202288 kB
Committed_AS:   75263432 kB
VmallocTotal:   263061440 kB
VmallocUsed:      105332 kB
VmallocChunk:          0 kB
Percpu:             7648 kB
CmaTotal:         294912 kB
CmaFree:               0 kB
MemTotal:       12113132 kB
MemFree:         6341628 kB
MemAvailable:    7898228 kB
Buffers:            5344 kB
Cached:          1853872 kB
SwapCached:            0 kB
Active:          1573644 kB
Inactive:        1612872 kB
Active(anon):    1333764 kB
Inactive(anon):    22568 kB
Active(file):     239880 kB
Inactive(file):  1590304 kB
Unevictable:        5552 kB
Mlocked:            5552 kB
SwapTotal:       3145724 kB
SwapFree:        3145724 kB
Dirty:               404 kB
Writeback:             0 kB
AnonPages:       1332576 kB
Mapped:           856504 kB
Shmem:             24532 kB
KReclaimable:     595120 kB
Slab:             227652 kB
SReclaimable:      79592 kB
SUnreclaim:       148060 kB
KernelStack:       48144 kB
PageTables:        67736 kB
NFS_Unstable:          0 kB
Bounce:                0 kB
WritebackTmp:          0 kB
CommitLimit:     9202288 kB
Committed_AS:   75267872 kB
VmallocTotal:   263061440 kB
VmallocUsed:      105364 kB
VmallocChunk:          0 kB
Percpu:             7648 kB
CmaTotal:         294912 kB
CmaFree:               0 kB
MemTotal:       12113132 kB
MemFree:         6340520 kB
MemAvailable:    7897140 kB
Buffers:            5344 kB
Cached:          1853908 kB
SwapCached:            0 kB
Active:          1575008 kB
Inactive:        1612908 kB
Active(anon):    1335128 kB
Inactive(anon):    22584 kB
Active(file):     239880 kB
Inactive(file):  1590324 kB
Unevictable:        5552 kB
Mlocked:            5552 kB
SwapTotal:       3145724 kB
SwapFree:        3145724 kB
Dirty:               504 kB
Writeback:             0 kB
AnonPages:       1334448 kB
Mapped:           856564 kB
Shmem:             24548 kB
KReclaimable:     595120 kB
Slab:             227656 kB
SReclaimable:      79592 kB
SUnreclaim:       148064 kB
KernelStack:       48160 kB
PageTables:        67880 kB
NFS_Unstable:          0 kB
Bounce:                0 kB
WritebackTmp:          0 kB
CommitLimit:     9202288 kB
Committed_AS:   75251680 kB
VmallocTotal:   263061440 kB
VmallocUsed:      105332 kB
VmallocChunk:          0 kB
Percpu:             7648 kB
CmaTotal:         294912 kB
CmaFree:               0 kB
MemTotal:       12113132 kB
MemFree:         6339444 kB
MemAvailable:    7896076 kB
Buffers:            5344 kB
Cached:          1853920 kB
SwapCached:            0 kB
Active:          1576280 kB
Inactive:        1612920 kB
Active(anon):    1336400 kB
Inactive(anon):    22584 kB
Active(file):     239880 kB
Inactive(file):  1590336 kB
Unevictable:        5552 kB
Mlocked:            5552 kB
SwapTotal:       3145724 kB
SwapFree:        3145724 kB
Dirty:               268 kB
Writeback:             0 kB
AnonPages:       1335300 kB
Mapped:           856612 kB
Shmem:             24548 kB
KReclaimable:     595120 kB
Slab:             227656 kB
SReclaimable:      79592 kB
SUnreclaim:       148064 kB
KernelStack:       48192 kB
PageTables:        67848 kB
NFS_Unstable:          0 kB
Bounce:                0 kB
WritebackTmp:          0 kB
CommitLimit:     9202288 kB
Committed_AS:   75252288 kB
VmallocTotal:   263061440 kB
VmallocUsed:      105332 kB
VmallocChunk:          0 kB
Percpu:             7648 kB
CmaTotal:         294912 kB
CmaFree:               0 kB
MemTotal:       12113132 kB
MemFree:         6337520 kB
MemAvailable:    7894152 kB
Buffers:            5344 kB
Cached:          1853924 kB
SwapCached:            0 kB
Active:          1577752 kB
Inactive:        1612924 kB
Active(anon):    1337872 kB
Inactive(anon):    22588 kB
Active(file):     239880 kB
Inactive(file):  1590336 kB
Unevictable:        5552 kB
Mlocked:            5552 kB
SwapTotal:       3145724 kB
SwapFree:        3145724 kB
Dirty:               316 kB
Writeback:             4 kB
AnonPages:       1337048 kB
Mapped:           856600 kB
Shmem:             24552 kB
KReclaimable:     595120 kB
Slab:             227656 kB
SReclaimable:      79592 kB
SUnreclaim:       148064 kB
KernelStack:       48144 kB
PageTables:        67756 kB
NFS_Unstable:          0 kB
Bounce:                0 kB
WritebackTmp:          0 kB
CommitLimit:     9202288 kB
Committed_AS:   75247048 kB
VmallocTotal:   263061440 kB
VmallocUsed:      105316 kB
VmallocChunk:          0 kB
Percpu:             7648 kB
CmaTotal:         294912 kB
CmaFree:               0 kB
MemTotal:       12113132 kB
MemFree:         6337748 kB
MemAvailable:    7894380 kB
Buffers:            5344 kB
Cached:          1853940 kB
SwapCached:            0 kB
Active:          1578392 kB
Inactive:        1612944 kB
Active(anon):    1338516 kB
Inactive(anon):    22604 kB
Active(file):     239876 kB
Inactive(file):  1590340 kB
Unevictable:        5552 kB
Mlocked:            5552 kB
SwapTotal:       3145724 kB
SwapFree:        3145724 kB
Dirty:               364 kB
Writeback:             0 kB
AnonPages:       1337572 kB
Mapped:           856676 kB
Shmem:             24568 kB
KReclaimable:     595120 kB
Slab:             227656 kB
SReclaimable:      79592 kB
SUnreclaim:       148064 kB
KernelStack:       48128 kB
PageTables:        67756 kB
NFS_Unstable:          0 kB
Bounce:                0 kB
WritebackTmp:          0 kB
CommitLimit:     9202288 kB
Committed_AS:   75249360 kB
VmallocTotal:   263061440 kB
VmallocUsed:      105284 kB
VmallocChunk:          0 kB
Percpu:             7648 kB
CmaTotal:         294912 kB
CmaFree:               0 kB
MemTotal:       12113132 kB
MemFree:         6336652 kB
MemAvailable:    7893324 kB
Buffers:            5344 kB
Cached:          1853980 kB
SwapCached:            0 kB
Active:          1580264 kB
Inactive:        1612980 kB
Active(anon):    1340384 kB
Inactive(anon):    22604 kB
Active(file):     239880 kB
Inactive(file):  1590376 kB
Unevictable:        5552 kB
Mlocked:            5552 kB
SwapTotal:       3145724 kB
SwapFree:        3145724 kB
Dirty:               412 kB
Writeback:             0 kB
AnonPages:       1339736 kB
Mapped:           856824 kB
Shmem:             24568 kB
KReclaimable:     595120 kB
Slab:             227656 kB
SReclaimable:      79592 kB
SUnreclaim:       148064 kB
KernelStack:       48192 kB
PageTables:        67832 kB
NFS_Unstable:          0 kB
Bounce:                0 kB
WritebackTmp:          0 kB
CommitLimit:     9202288 kB
Committed_AS:   75248572 kB
VmallocTotal:   263061440 kB
VmallocUsed:      105300 kB
VmallocChunk:          0 kB
Percpu:             7648 kB
CmaTotal:         294912 kB
CmaFree:               0 kB
MemTotal:       12113132 kB
MemFree:         6334648 kB
MemAvailable:    7891356 kB
Buffers:            5352 kB
Cached:          1854008 kB
SwapCached:            0 kB
Active:          1581872 kB
Inactive:        1613012 kB
Active(anon):    1341988 kB
Inactive(anon):    22604 kB
Active(file):     239884 kB
Inactive(file):  1590408 kB
Unevictable:        5552 kB
Mlocked:            5552 kB
SwapTotal:       3145724 kB
SwapFree:        3145724 kB
Dirty:               416 kB
Writeback:             0 kB
AnonPages:       1341184 kB
Mapped:           856736 kB
Shmem:             24568 kB
KReclaimable:     595120 kB
Slab:             227656 kB
SReclaimable:      79592 kB
SUnreclaim:       148064 kB
KernelStack:       48160 kB
PageTables:        67796 kB
NFS_Unstable:          0 kB
Bounce:                0 kB
WritebackTmp:          0 kB
CommitLimit:     9202288 kB
Committed_AS:   75249288 kB
VmallocTotal:   263061440 kB
VmallocUsed:      105348 kB
VmallocChunk:          0 kB
Percpu:             7648 kB
CmaTotal:         294912 kB
CmaFree:               0 kB
MemTotal:       12113132 kB
MemFree:         6333836 kB
MemAvailable:    7890556 kB
Buffers:            5352 kB
Cached:          1854020 kB
SwapCached:            0 kB
Active:          1582740 kB
Inactive:        1613020 kB
Active(anon):    1342852 kB
Inactive(anon):    22604 kB
Active(file):     239888 kB
Inactive(file):  1590416 kB
Unevictable:        5552 kB
Mlocked:            5552 kB
SwapTotal:       3145724 kB
SwapFree:        3145724 kB
Dirty:               492 kB
Writeback:             0 kB
AnonPages:       1342244 kB
Mapped:           856788 kB
Shmem:             24568 kB
KReclaimable:     595120 kB
Slab:             227660 kB
SReclaimable:      79592 kB
SUnreclaim:       148068 kB
KernelStack:       48144 kB
PageTables:        67744 kB
NFS_Unstable:          0 kB
Bounce:                0 kB
WritebackTmp:          0 kB
CommitLimit:     9202288 kB
Committed_AS:   75251736 kB
VmallocTotal:   263061440 kB
VmallocUsed:      105332 kB
VmallocChunk:          0 kB
Percpu:             7648 kB
CmaTotal:         294912 kB
CmaFree:               0 kB
MemTotal:       12113132 kB
MemFree:         6324388 kB
MemAvailable:    7881128 kB
Buffers:            5352 kB
Cached:          1854072 kB
SwapCached:            0 kB
Active:          1591316 kB
Inactive:        1613072 kB
Active(anon):    1351428 kB
Inactive(anon):    22636 kB
Active(file):     239888 kB
Inactive(file):  1590436 kB
Unevictable:        5552 kB
Mlocked:            5552 kB
SwapTotal:       3145724 kB
SwapFree:        3145724 kB
Dirty:               556 kB
Writeback:             0 kB
AnonPages:       1350448 kB
Mapped:           856864 kB
Shmem:             24600 kB
KReclaimable:     595120 kB
Slab:             227660 kB
SReclaimable:      79592 kB
SUnreclaim:       148068 kB
KernelStack:       48192 kB
PageTables:        67844 kB
NFS_Unstable:          0 kB
Bounce:                0 kB
WritebackTmp:          0 kB
CommitLimit:     9202288 kB
Committed_AS:   75257276 kB
VmallocTotal:   263061440 kB
VmallocUsed:      105300 kB
VmallocChunk:          0 kB
Percpu:             7648 kB
CmaTotal:         294912 kB
CmaFree:               4 kB
MemTotal:       12113132 kB
MemFree:         6303640 kB
MemAvailable:    7860388 kB
Buffers:            5352 kB
Cached:          1854080 kB
SwapCached:            0 kB
Active:          1612392 kB
Inactive:        1613080 kB
Active(anon):    1372504 kB
Inactive(anon):    22636 kB
Active(file):     239888 kB
Inactive(file):  1590444 kB
Unevictable:        5552 kB
Mlocked:            5552 kB
SwapTotal:       3145724 kB
SwapFree:        3145724 kB
Dirty:               584 kB
Writeback:             0 kB
AnonPages:       1371660 kB
Mapped:           856852 kB
Shmem:             24600 kB
KReclaimable:     595120 kB
Slab:             227660 kB
SReclaimable:      79592 kB
SUnreclaim:       148068 kB
KernelStack:       48192 kB
PageTables:        67916 kB
NFS_Unstable:          0 kB
Bounce:                0 kB
WritebackTmp:          0 kB
CommitLimit:     9202288 kB
Committed_AS:   75252664 kB
VmallocTotal:   263061440 kB
VmallocUsed:      105284 kB
VmallocChunk:          0 kB
Percpu:             7648 kB
CmaTotal:         294912 kB
CmaFree:               4 kB
MemTotal:       12113132 kB
MemFree:         6299728 kB
MemAvailable:    7856288 kB
Buffers:            5352 kB
Cached:          1854120 kB
SwapCached:            0 kB
Active:          1615276 kB
Inactive:        1613120 kB
Active(anon):    1375388 kB
Inactive(anon):    22660 kB
Active(file):     239888 kB
Inactive(file):  1590460 kB
Unevictable:        5552 kB
Mlocked:            5552 kB
SwapTotal:       3145724 kB
SwapFree:        3145724 kB
Dirty:               636 kB
Writeback:             0 kB
AnonPages:       1374572 kB
Mapped:           856940 kB
Shmem:             24624 kB
KReclaimable:     594916 kB
Slab:             227660 kB
SReclaimable:      79592 kB
SUnreclaim:       148068 kB
KernelStack:       48160 kB
PageTables:        67764 kB
NFS_Unstable:          0 kB
Bounce:                0 kB
WritebackTmp:          0 kB
CommitLimit:     9202288 kB
Committed_AS:   75264232 kB
VmallocTotal:   263061440 kB
VmallocUsed:      105332 kB
VmallocChunk:          0 kB
Percpu:             7648 kB
CmaTotal:         294912 kB
CmaFree:               0 kB
MemTotal:       12113132 kB
MemFree:         6305792 kB
MemAvailable:    7862356 kB
Buffers:            5352 kB
Cached:          1854124 kB
SwapCached:            0 kB
Active:          1609468 kB
Inactive:        1613124 kB
Active(anon):    1369580 kB
Inactive(anon):    22660 kB
Active(file):     239888 kB
Inactive(file):  1590464 kB
Unevictable:        5552 kB
Mlocked:            5552 kB
SwapTotal:       3145724 kB
SwapFree:        3145724 kB
Dirty:               664 kB
Writeback:             0 kB
AnonPages:       1368784 kB
Mapped:           856968 kB
Shmem:             24624 kB
KReclaimable:     594916 kB
Slab:             227660 kB
SReclaimable:      79592 kB
SUnreclaim:       148068 kB
KernelStack:       48160 kB
PageTables:        67888 kB
NFS_Unstable:          0 kB
Bounce:                0 kB
WritebackTmp:          0 kB
CommitLimit:     9202288 kB
Committed_AS:   75270152 kB
VmallocTotal:   263061440 kB
VmallocUsed:      105380 kB
VmallocChunk:          0 kB
Percpu:             7648 kB
CmaTotal:         294912 kB
CmaFree:              32 kB
MemTotal:       12113132 kB
MemFree:         6305356 kB
MemAvailable:    7861920 kB
Buffers:            5352 kB
Cached:          1854124 kB
SwapCached:            0 kB
Active:          1610676 kB
Inactive:        1613124 kB
Active(anon):    1370788 kB
Inactive(anon):    22660 kB
Active(file):     239888 kB
Inactive(file):  1590464 kB
Unevictable:        5552 kB
Mlocked:            5552 kB
SwapTotal:       3145724 kB
SwapFree:        3145724 kB
Dirty:               288 kB
Writeback:             0 kB
AnonPages:       1369648 kB
Mapped:           857004 kB
Shmem:             24624 kB
KReclaimable:     594916 kB
Slab:             227732 kB
SReclaimable:      79592 kB
SUnreclaim:       148140 kB
KernelStack:       48224 kB
PageTables:        67992 kB
NFS_Unstable:          0 kB
Bounce:                0 kB
WritebackTmp:          0 kB
CommitLimit:     9202288 kB
Committed_AS:   75257656 kB
VmallocTotal:   263061440 kB
VmallocUsed:      105348 kB
VmallocChunk:          0 kB
Percpu:             7648 kB
CmaTotal:         294912 kB
CmaFree:               0 kB
MemTotal:       12113132 kB
MemFree:         6304604 kB
MemAvailable:    7861180 kB
Buffers:            5352 kB
Cached:          1854136 kB
SwapCached:            0 kB
Active:          1611276 kB
Inactive:        1613136 kB
Active(anon):    1371388 kB
Inactive(anon):    22660 kB
Active(file):     239888 kB
Inactive(file):  1590476 kB
Unevictable:        5552 kB
Mlocked:            5552 kB
SwapTotal:       3145724 kB
SwapFree:        3145724 kB
Dirty:               376 kB
Writeback:             0 kB
AnonPages:       1370544 kB
Mapped:           857064 kB
Shmem:             24624 kB
KReclaimable:     594916 kB
Slab:             227732 kB
SReclaimable:      79592 kB
SUnreclaim:       148140 kB
KernelStack:       48160 kB
PageTables:        67752 kB
NFS_Unstable:          0 kB
Bounce:                0 kB
WritebackTmp:          0 kB
CommitLimit:     9202288 kB
Committed_AS:   75262568 kB
VmallocTotal:   263061440 kB
VmallocUsed:      105380 kB
VmallocChunk:          0 kB
Percpu:             7648 kB
CmaTotal:         294912 kB
CmaFree:               0 kB
MemTotal:       12113132 kB
MemFree:         6303716 kB
MemAvailable:    7860300 kB
Buffers:            5352 kB
Cached:          1854144 kB
SwapCached:            0 kB
Active:          1612004 kB
Inactive:        1613140 kB
Active(anon):    1372112 kB
Inactive(anon):    22660 kB
Active(file):     239892 kB
Inactive(file):  1590480 kB
Unevictable:        5552 kB
Mlocked:            5552 kB
SwapTotal:       3145724 kB
SwapFree:        3145724 kB
Dirty:               400 kB
Writeback:             0 kB
AnonPages:       1371136 kB
Mapped:           857032 kB
Shmem:             24624 kB
KReclaimable:     594916 kB
Slab:             227732 kB
SReclaimable:      79592 kB
SUnreclaim:       148140 kB
KernelStack:       48192 kB
PageTables:        67868 kB
NFS_Unstable:          0 kB
Bounce:                0 kB
WritebackTmp:          0 kB
CommitLimit:     9202288 kB
Committed_AS:   75262956 kB
VmallocTotal:   263061440 kB
VmallocUsed:      105380 kB
VmallocChunk:          0 kB
Percpu:             7648 kB
CmaTotal:         294912 kB
CmaFree:               0 kB
MemTotal:       12113132 kB
MemFree:         6300808 kB
MemAvailable:    7857408 kB
Buffers:            5352 kB
Cached:          1854176 kB
SwapCached:            0 kB
Active:          1613120 kB
Inactive:        1613172 kB
Active(anon):    1373228 kB
Inactive(anon):    22676 kB
Active(file):     239892 kB
Inactive(file):  1590496 kB
Unevictable:        5552 kB
Mlocked:            5552 kB
SwapTotal:       3145724 kB
SwapFree:        3145724 kB
Dirty:               468 kB
Writeback:             0 kB
AnonPages:       1372392 kB
Mapped:           857112 kB
Shmem:             24640 kB
KReclaimable:     594916 kB
Slab:             227732 kB
SReclaimable:      79592 kB
SUnreclaim:       148140 kB
KernelStack:       48160 kB
PageTables:        67768 kB
NFS_Unstable:          0 kB
Bounce:                0 kB
WritebackTmp:          0 kB
CommitLimit:     9202288 kB
Committed_AS:   75268356 kB
VmallocTotal:   263061440 kB
VmallocUsed:      105396 kB
VmallocChunk:          0 kB
Percpu:             7648 kB
CmaTotal:         294912 kB
CmaFree:               0 kB
MemTotal:       12113132 kB
MemFree:         6304416 kB
MemAvailable:    7861036 kB
Buffers:            5352 kB
Cached:          1854200 kB
SwapCached:            0 kB
Active:          1608888 kB
Inactive:        1613196 kB
Active(anon):    1368996 kB
Inactive(anon):    22680 kB
Active(file):     239892 kB
Inactive(file):  1590516 kB
Unevictable:        5552 kB
Mlocked:            5552 kB
SwapTotal:       3145724 kB
SwapFree:        3145724 kB
Dirty:               532 kB
Writeback:             0 kB
AnonPages:       1368120 kB
Mapped:           857148 kB
Shmem:             24644 kB
KReclaimable:     594916 kB
Slab:             227732 kB
SReclaimable:      79592 kB
SUnreclaim:       148140 kB
KernelStack:       48192 kB
PageTables:        67844 kB
NFS_Unstable:          0 kB
Bounce:                0 kB
WritebackTmp:          0 kB
CommitLimit:     9202288 kB
Committed_AS:   75270188 kB
VmallocTotal:   263061440 kB
VmallocUsed:      105348 kB
VmallocChunk:          0 kB
Percpu:             7648 kB
CmaTotal:         294912 kB
CmaFree:               0 kB
MemTotal:       12113132 kB
MemFree:         6305076 kB
MemAvailable:    7861712 kB
Buffers:            5352 kB
Cached:          1854220 kB
SwapCached:            0 kB
Active:          1610172 kB
Inactive:        1613216 kB
Active(anon):    1370280 kB
Inactive(anon):    22684 kB
Active(file):     239892 kB
Inactive(file):  1590532 kB
Unevictable:        5552 kB
Mlocked:            5552 kB
SwapTotal:       3145724 kB
SwapFree:        3145724 kB
Dirty:               568 kB
Writeback:             0 kB
AnonPages:       1369556 kB
Mapped:           857196 kB
Shmem:             24648 kB
KReclaimable:     594916 kB
Slab:             227732 kB
SReclaimable:      79592 kB
SUnreclaim:       148140 kB
KernelStack:       48160 kB
PageTables:        67760 kB
NFS_Unstable:          0 kB
Bounce:                0 kB
WritebackTmp:          0 kB
CommitLimit:     9202288 kB
Committed_AS:   75271988 kB
VmallocTotal:   263061440 kB
VmallocUsed:      105332 kB
VmallocChunk:          0 kB
Percpu:             7648 kB
CmaTotal:         294912 kB
CmaFree:               0 kB
MemTotal:       12113132 kB
MemFree:         6304028 kB
MemAvailable:    7860676 kB
Buffers:            5352 kB
Cached:          1854232 kB
SwapCached:            0 kB
Active:          1611200 kB
Inactive:        1613228 kB
Active(anon):    1371308 kB
Inactive(anon):    22684 kB
Active(file):     239892 kB
Inactive(file):  1590544 kB
Unevictable:        5552 kB
Mlocked:            5552 kB
SwapTotal:       3145724 kB
SwapFree:        3145724 kB
Dirty:               596 kB
Writeback:             0 kB
AnonPages:       1370356 kB
Mapped:           857224 kB
Shmem:             24648 kB
KReclaimable:     594916 kB
Slab:             227732 kB
SReclaimable:      79592 kB
SUnreclaim:       148140 kB
KernelStack:       48208 kB
PageTables:        67856 kB
NFS_Unstable:          0 kB
Bounce:                0 kB
WritebackTmp:          0 kB
CommitLimit:     9202288 kB
Committed_AS:   75272912 kB
VmallocTotal:   263061440 kB
VmallocUsed:      105332 kB
VmallocChunk:          0 kB
Percpu:             7648 kB
CmaTotal:         294912 kB
CmaFree:               0 kB
MemTotal:       12113132 kB
MemFree:         6314316 kB
MemAvailable:    7871004 kB
Buffers:            5352 kB
Cached:          1854212 kB
SwapCached:            0 kB
Active:          1599576 kB
Inactive:        1613204 kB
Active(anon):    1359680 kB
Inactive(anon):    22624 kB
Active(file):     239896 kB
Inactive(file):  1590580 kB
Unevictable:        5552 kB
Mlocked:            5552 kB
SwapTotal:       3145724 kB
SwapFree:        3145724 kB
Dirty:               640 kB
Writeback:             0 kB
AnonPages:       1358564 kB
Mapped:           857240 kB
Shmem:             24588 kB
KReclaimable:     594916 kB
Slab:             227732 kB
SReclaimable:      79592 kB
SUnreclaim:       148140 kB
KernelStack:       48160 kB
PageTables:        67764 kB
NFS_Unstable:          0 kB
Bounce:                0 kB
WritebackTmp:          0 kB
CommitLimit:     9202288 kB
Committed_AS:   75273100 kB
VmallocTotal:   263061440 kB
VmallocUsed:      105380 kB
VmallocChunk:          0 kB
Percpu:             7648 kB
CmaTotal:         294912 kB
CmaFree:             116 kB
MemTotal:       12113132 kB
MemFree:         6328648 kB
MemAvailable:    7885316 kB
Buffers:            5352 kB
Cached:          1854200 kB
SwapCached:            0 kB
Active:          1584592 kB
Inactive:        1613196 kB
Active(anon):    1344700 kB
Inactive(anon):    22632 kB
Active(file):     239892 kB
Inactive(file):  1590564 kB
Unevictable:        5552 kB
Mlocked:            5552 kB
SwapTotal:       3145724 kB
SwapFree:        3145724 kB
Dirty:               672 kB
Writeback:             0 kB
AnonPages:       1343864 kB
Mapped:           857316 kB
Shmem:             24596 kB
KReclaimable:     594916 kB
Slab:             227732 kB
SReclaimable:      79592 kB
SUnreclaim:       148140 kB
KernelStack:       48160 kB
PageTables:        67768 kB
NFS_Unstable:          0 kB
Bounce:                0 kB
WritebackTmp:          0 kB
CommitLimit:     9202288 kB
Committed_AS:   75276196 kB
VmallocTotal:   263061440 kB
VmallocUsed:      105412 kB
VmallocChunk:          0 kB
Percpu:             7648 kB
CmaTotal:         294912 kB
CmaFree:             380 kB
MemTotal:       12113132 kB
MemFree:         6328616 kB
MemAvailable:    7885304 kB
Buffers:            5356 kB
Cached:          1854220 kB
SwapCached:            0 kB
Active:          1586164 kB
Inactive:        1613220 kB
Active(anon):    1346272 kB
Inactive(anon):    22636 kB
Active(file):     239892 kB
Inactive(file):  1590584 kB
Unevictable:        5552 kB
Mlocked:            5552 kB
SwapTotal:       3145724 kB
SwapFree:        3145724 kB
Dirty:               708 kB
Writeback:             0 kB
AnonPages:       1345428 kB
Mapped:           857316 kB
Shmem:             24600 kB
KReclaimable:     594916 kB
Slab:             227732 kB
SReclaimable:      79592 kB
SUnreclaim:       148140 kB
KernelStack:       48160 kB
PageTables:        67760 kB
NFS_Unstable:          0 kB
Bounce:                0 kB
WritebackTmp:          0 kB
CommitLimit:     9202288 kB
Committed_AS:   75265924 kB
VmallocTotal:   263061440 kB
VmallocUsed:      105380 kB
VmallocChunk:          0 kB
Percpu:             7648 kB
CmaTotal:         294912 kB
CmaFree:               0 kB
MemTotal:       12113132 kB
MemFree:         6326632 kB
MemAvailable:    7883344 kB
Buffers:            5356 kB
Cached:          1854244 kB
SwapCached:            0 kB
Active:          1587752 kB
Inactive:        1613240 kB
Active(anon):    1347856 kB
Inactive(anon):    22636 kB
Active(file):     239896 kB
Inactive(file):  1590604 kB
Unevictable:        5552 kB
Mlocked:            5552 kB
SwapTotal:       3145724 kB
SwapFree:        3145724 kB
Dirty:               284 kB
Writeback:             0 kB
AnonPages:       1347080 kB
Mapped:           857376 kB
Shmem:             24600 kB
KReclaimable:     594916 kB
Slab:             227696 kB
SReclaimable:      79592 kB
SUnreclaim:       148104 kB
KernelStack:       48176 kB
PageTables:        67772 kB
NFS_Unstable:          0 kB
Bounce:                0 kB
WritebackTmp:          0 kB
CommitLimit:     9202288 kB
Committed_AS:   75270956 kB
VmallocTotal:   263061440 kB
VmallocUsed:      105364 kB
VmallocChunk:          0 kB
Percpu:             7648 kB
CmaTotal:         294912 kB
CmaFree:               0 kB
MemTotal:       12113132 kB
MemFree:         6326348 kB
MemAvailable:    7885136 kB
Buffers:            5356 kB
Cached:          1854164 kB
SwapCached:            0 kB
Active:          1588084 kB
Inactive:        1613180 kB
Active(anon):    1348184 kB
Inactive(anon):    22564 kB
Active(file):     239900 kB
Inactive(file):  1590616 kB
Unevictable:        5552 kB
Mlocked:            5552 kB
SwapTotal:       3145724 kB
SwapFree:        3145724 kB
Dirty:               340 kB
Writeback:             0 kB
AnonPages:       1347308 kB
Mapped:           856764 kB
Shmem:             24504 kB
KReclaimable:     596976 kB
Slab:             227692 kB
SReclaimable:      79592 kB
SUnreclaim:       148100 kB
KernelStack:       48240 kB
PageTables:        67860 kB
NFS_Unstable:          0 kB
Bounce:                0 kB
WritebackTmp:          0 kB
CommitLimit:     9202288 kB
Committed_AS:   75270072 kB
VmallocTotal:   263061440 kB
VmallocUsed:      105364 kB
VmallocChunk:          0 kB
Percpu:             7648 kB
CmaTotal:         294912 kB
CmaFree:               0 kB
MemTotal:       12113132 kB
MemFree:         6325716 kB
MemAvailable:    7884516 kB
Buffers:            5356 kB
Cached:          1854176 kB
SwapCached:            0 kB
Active:          1588756 kB
Inactive:        1613192 kB
Active(anon):    1348856 kB
Inactive(anon):    22564 kB
Active(file):     239900 kB
Inactive(file):  1590628 kB
Unevictable:        5552 kB
Mlocked:            5552 kB
SwapTotal:       3145724 kB
SwapFree:        3145724 kB
Dirty:               356 kB
Writeback:             0 kB
AnonPages:       1347644 kB
Mapped:           856760 kB
Shmem:             24504 kB
KReclaimable:     596976 kB
Slab:             227692 kB
SReclaimable:      79592 kB
SUnreclaim:       148100 kB
KernelStack:       48208 kB
PageTables:        67944 kB
NFS_Unstable:          0 kB
Bounce:                0 kB
WritebackTmp:          0 kB
CommitLimit:     9202288 kB
Committed_AS:   75267180 kB
VmallocTotal:   263061440 kB
VmallocUsed:      105380 kB
VmallocChunk:          0 kB
Percpu:             7648 kB
CmaTotal:         294912 kB
CmaFree:               0 kB
MemTotal:       12113132 kB
MemFree:         6324648 kB
MemAvailable:    7883452 kB
Buffers:            5356 kB
Cached:          1854180 kB
SwapCached:            0 kB
Active:          1589608 kB
Inactive:        1613196 kB
Active(anon):    1349708 kB
Inactive(anon):    22564 kB
Active(file):     239900 kB
Inactive(file):  1590632 kB
Unevictable:        5552 kB
Mlocked:            5552 kB
SwapTotal:       3145724 kB
SwapFree:        3145724 kB
Dirty:               424 kB
Writeback:             0 kB
AnonPages:       1348736 kB
Mapped:           856760 kB
Shmem:             24504 kB
KReclaimable:     596976 kB
Slab:             227724 kB
SReclaimable:      79592 kB
SUnreclaim:       148132 kB
KernelStack:       48192 kB
PageTables:        67744 kB
NFS_Unstable:          0 kB
Bounce:                0 kB
WritebackTmp:          0 kB
CommitLimit:     9202288 kB
Committed_AS:   75274588 kB
VmallocTotal:   263061440 kB
VmallocUsed:      105380 kB
VmallocChunk:          0 kB
Percpu:             7648 kB
CmaTotal:         294912 kB
CmaFree:               0 kB
MemTotal:       12113132 kB
MemFree:         6324112 kB
MemAvailable:    7882932 kB
Buffers:            5356 kB
Cached:          1854196 kB
SwapCached:            0 kB
Active:          1589352 kB
Inactive:        1613212 kB
Active(anon):    1349452 kB
Inactive(anon):    22564 kB
Active(file):     239900 kB
Inactive(file):  1590648 kB
Unevictable:        5552 kB
Mlocked:            5552 kB
SwapTotal:       3145724 kB
SwapFree:        3145724 kB
Dirty:               492 kB
Writeback:             0 kB
AnonPages:       1348436 kB
Mapped:           856912 kB
Shmem:             24504 kB
KReclaimable:     596976 kB
Slab:             227692 kB
SReclaimable:      79592 kB
SUnreclaim:       148100 kB
KernelStack:       48224 kB
PageTables:        67800 kB
NFS_Unstable:          0 kB
Bounce:                0 kB
WritebackTmp:          0 kB
CommitLimit:     9202288 kB
Committed_AS:   75270736 kB
VmallocTotal:   263061440 kB
VmallocUsed:      105396 kB
VmallocChunk:          0 kB
Percpu:             7648 kB
CmaTotal:         294912 kB
CmaFree:               4 kB
MemTotal:       12113132 kB
MemFree:         6324580 kB
MemAvailable:    7883408 kB
Buffers:            5356 kB
Cached:          1854204 kB
SwapCached:            0 kB
Active:          1589728 kB
Inactive:        1613220 kB
Active(anon):    1349828 kB
Inactive(anon):    22564 kB
Active(file):     239900 kB
Inactive(file):  1590656 kB
Unevictable:        5552 kB
Mlocked:            5552 kB
SwapTotal:       3145724 kB
SwapFree:        3145724 kB
Dirty:               236 kB
Writeback:             0 kB
AnonPages:       1348904 kB
Mapped:           856740 kB
Shmem:             24504 kB
KReclaimable:     596976 kB
Slab:             227620 kB
SReclaimable:      79592 kB
SUnreclaim:       148028 kB
KernelStack:       48224 kB
PageTables:        67900 kB
NFS_Unstable:          0 kB
Bounce:                0 kB
WritebackTmp:          0 kB
CommitLimit:     9202288 kB
Committed_AS:   75274568 kB
VmallocTotal:   263061440 kB
VmallocUsed:      105396 kB
