MemTotal:       12113132 kB
MemFree:         6174560 kB
MemAvailable:    7971404 kB
Buffers:            6804 kB
Cached:          1891968 kB
SwapCached:            0 kB
Active:          1494032 kB
Inactive:        1642340 kB
Active(anon):    1244056 kB
Inactive(anon):    27384 kB
Active(file):     249976 kB
Inactive(file):  1614956 kB
Unevictable:        5532 kB
Mlocked:            5532 kB
SwapTotal:       3145724 kB
SwapFree:        3145724 kB
Dirty:               164 kB
Writeback:             0 kB
AnonPages:       1243188 kB
Mapped:           867212 kB
Shmem:             29360 kB
KReclaimable:     800616 kB
Slab:             222616 kB
SReclaimable:      78128 kB
SUnreclaim:       144488 kB
KernelStack:       47136 kB
PageTables:        63708 kB
NFS_Unstable:          0 kB
Bounce:                0 kB
WritebackTmp:          0 kB
CommitLimit:     9202288 kB
Committed_AS:   67371612 kB
VmallocTotal:   263061440 kB
VmallocUsed:      104040 kB
VmallocChunk:          0 kB
Percpu:             7648 kB
CmaTotal:         294912 kB
CmaFree:               0 kB
MemTotal:       12113132 kB
MemFree:         6173516 kB
MemAvailable:    7970412 kB
Buffers:            6804 kB
Cached:          1892020 kB
SwapCached:            0 kB
Active:          1494128 kB
Inactive:        1642372 kB
Active(anon):    1244132 kB
Inactive(anon):    27384 kB
Active(file):     249996 kB
Inactive(file):  1614988 kB
Unevictable:        5532 kB
Mlocked:            5532 kB
SwapTotal:       3145724 kB
SwapFree:        3145724 kB
Dirty:               216 kB
Writeback:             0 kB
AnonPages:       1243324 kB
Mapped:           867212 kB
Shmem:             29360 kB
KReclaimable:     800616 kB
Slab:             222568 kB
SReclaimable:      78128 kB
SUnreclaim:       144440 kB
KernelStack:       47120 kB
PageTables:        63492 kB
NFS_Unstable:          0 kB
Bounce:                0 kB
WritebackTmp:          0 kB
CommitLimit:     9202288 kB
Committed_AS:   67375216 kB
VmallocTotal:   263061440 kB
VmallocUsed:      104024 kB
VmallocChunk:          0 kB
Percpu:             7648 kB
CmaTotal:         294912 kB
CmaFree:               0 kB
MemTotal:       12113132 kB
MemFree:         6173432 kB
MemAvailable:    7970340 kB
Buffers:            6804 kB
Cached:          1892032 kB
SwapCached:            0 kB
Active:          1494548 kB
Inactive:        1642384 kB
Active(anon):    1244552 kB
Inactive(anon):    27384 kB
Active(file):     249996 kB
Inactive(file):  1615000 kB
Unevictable:        5532 kB
Mlocked:            5532 kB
SwapTotal:       3145724 kB
SwapFree:        3145724 kB
Dirty:               240 kB
Writeback:             0 kB
AnonPages:       1243800 kB
Mapped:           867212 kB
Shmem:             29360 kB
KReclaimable:     800616 kB
Slab:             222592 kB
SReclaimable:      78128 kB
SUnreclaim:       144464 kB
KernelStack:       47120 kB
PageTables:        63552 kB
NFS_Unstable:          0 kB
Bounce:                0 kB
WritebackTmp:          0 kB
CommitLimit:     9202288 kB
Committed_AS:   67375832 kB
VmallocTotal:   263061440 kB
VmallocUsed:      104056 kB
VmallocChunk:          0 kB
Percpu:             7648 kB
CmaTotal:         294912 kB
CmaFree:               0 kB
MemTotal:       12113132 kB
MemFree:         6173740 kB
MemAvailable:    7970664 kB
Buffers:            6804 kB
Cached:          1892052 kB
SwapCached:            0 kB
Active:          1495852 kB
Inactive:        1642404 kB
Active(anon):    1245856 kB
Inactive(anon):    27388 kB
Active(file):     249996 kB
Inactive(file):  1615016 kB
Unevictable:        5532 kB
Mlocked:            5532 kB
SwapTotal:       3145724 kB
SwapFree:        3145724 kB
Dirty:               256 kB
Writeback:             0 kB
AnonPages:       1244792 kB
Mapped:           867216 kB
Shmem:             29364 kB
KReclaimable:     800616 kB
Slab:             222640 kB
SReclaimable:      78128 kB
SUnreclaim:       144512 kB
KernelStack:       47152 kB
PageTables:        63676 kB
NFS_Unstable:          0 kB
Bounce:                0 kB
WritebackTmp:          0 kB
CommitLimit:     9202288 kB
Committed_AS:   67369500 kB
VmallocTotal:   263061440 kB
VmallocUsed:      104040 kB
VmallocChunk:          0 kB
Percpu:             7648 kB
CmaTotal:         294912 kB
CmaFree:               0 kB
MemTotal:       12113132 kB
MemFree:         6171480 kB
MemAvailable:    7968424 kB
Buffers:            6804 kB
Cached:          1892072 kB
SwapCached:            0 kB
Active:          1496560 kB
Inactive:        1642424 kB
Active(anon):    1246564 kB
Inactive(anon):    27388 kB
Active(file):     249996 kB
Inactive(file):  1615036 kB
Unevictable:        5532 kB
Mlocked:            5532 kB
SwapTotal:       3145724 kB
SwapFree:        3145724 kB
Dirty:               300 kB
Writeback:             0 kB
AnonPages:       1245640 kB
Mapped:           867336 kB
Shmem:             29364 kB
KReclaimable:     800616 kB
Slab:             222640 kB
SReclaimable:      78128 kB
SUnreclaim:       144512 kB
KernelStack:       47168 kB
PageTables:        63688 kB
NFS_Unstable:          0 kB
Bounce:                0 kB
WritebackTmp:          0 kB
CommitLimit:     9202288 kB
Committed_AS:   67379424 kB
VmallocTotal:   263061440 kB
VmallocUsed:      104072 kB
VmallocChunk:          0 kB
Percpu:             7648 kB
CmaTotal:         294912 kB
CmaFree:               0 kB
MemTotal:       12113132 kB
MemFree:         6170700 kB
MemAvailable:    7967656 kB
Buffers:            6804 kB
Cached:          1892084 kB
SwapCached:            0 kB
Active:          1497364 kB
Inactive:        1642432 kB
Active(anon):    1247364 kB
Inactive(anon):    27388 kB
Active(file):     250000 kB
Inactive(file):  1615044 kB
Unevictable:        5532 kB
Mlocked:            5532 kB
SwapTotal:       3145724 kB
SwapFree:        3145724 kB
Dirty:               328 kB
Writeback:             0 kB
AnonPages:       1246204 kB
Mapped:           867208 kB
Shmem:             29364 kB
KReclaimable:     800616 kB
Slab:             222612 kB
SReclaimable:      78128 kB
SUnreclaim:       144484 kB
KernelStack:       47152 kB
PageTables:        63704 kB
NFS_Unstable:          0 kB
Bounce:                0 kB
WritebackTmp:          0 kB
CommitLimit:     9202288 kB
Committed_AS:   67375008 kB
VmallocTotal:   263061440 kB
VmallocUsed:      104072 kB
VmallocChunk:          0 kB
Percpu:             7648 kB
CmaTotal:         294912 kB
CmaFree:               4 kB
MemTotal:       12113132 kB
MemFree:         6169664 kB
MemAvailable:    7966632 kB
Buffers:            6804 kB
Cached:          1892096 kB
SwapCached:            0 kB
Active:          1497616 kB
Inactive:        1642444 kB
Active(anon):    1247616 kB
Inactive(anon):    27388 kB
Active(file):     250000 kB
Inactive(file):  1615056 kB
Unevictable:        5532 kB
Mlocked:            5532 kB
SwapTotal:       3145724 kB
SwapFree:        3145724 kB
Dirty:               372 kB
Writeback:             0 kB
AnonPages:       1246632 kB
Mapped:           867216 kB
Shmem:             29364 kB
KReclaimable:     800616 kB
Slab:             222648 kB
SReclaimable:      78128 kB
SUnreclaim:       144520 kB
KernelStack:       47136 kB
PageTables:        63636 kB
NFS_Unstable:          0 kB
Bounce:                0 kB
WritebackTmp:          0 kB
CommitLimit:     9202288 kB
Committed_AS:   67372316 kB
VmallocTotal:   263061440 kB
VmallocUsed:      104040 kB
VmallocChunk:          0 kB
Percpu:             7648 kB
CmaTotal:         294912 kB
CmaFree:               0 kB
MemTotal:       12113132 kB
MemFree:         6170424 kB
MemAvailable:    7967404 kB
Buffers:            6804 kB
Cached:          1892108 kB
SwapCached:            0 kB
Active:          1498036 kB
Inactive:        1642456 kB
Active(anon):    1248036 kB
Inactive(anon):    27388 kB
Active(file):     250000 kB
Inactive(file):  1615068 kB
Unevictable:        5532 kB
Mlocked:            5532 kB
SwapTotal:       3145724 kB
SwapFree:        3145724 kB
Dirty:               400 kB
Writeback:             0 kB
AnonPages:       1246860 kB
Mapped:           867076 kB
Shmem:             29364 kB
KReclaimable:     800616 kB
Slab:             222576 kB
SReclaimable:      78128 kB
SUnreclaim:       144448 kB
KernelStack:       47136 kB
PageTables:        63596 kB
NFS_Unstable:          0 kB
Bounce:                0 kB
WritebackTmp:          0 kB
CommitLimit:     9202288 kB
Committed_AS:   67372632 kB
VmallocTotal:   263061440 kB
VmallocUsed:      104088 kB
VmallocChunk:          0 kB
Percpu:             7648 kB
CmaTotal:         294912 kB
CmaFree:               0 kB
MemTotal:       12113132 kB
MemFree:         6170152 kB
MemAvailable:    7967156 kB
Buffers:            6804 kB
Cached:          1892136 kB
SwapCached:            0 kB
Active:          1498488 kB
Inactive:        1642484 kB
Active(anon):    1248488 kB
Inactive(anon):    27392 kB
Active(file):     250000 kB
Inactive(file):  1615092 kB
Unevictable:        5532 kB
Mlocked:            5532 kB
SwapTotal:       3145724 kB
SwapFree:        3145724 kB
Dirty:               468 kB
Writeback:             0 kB
AnonPages:       1247480 kB
Mapped:           867228 kB
Shmem:             29368 kB
KReclaimable:     800616 kB
Slab:             222604 kB
SReclaimable:      78128 kB
SUnreclaim:       144476 kB
KernelStack:       47088 kB
PageTables:        63572 kB
NFS_Unstable:          0 kB
Bounce:                0 kB
WritebackTmp:          0 kB
CommitLimit:     9202288 kB
Committed_AS:   67366136 kB
VmallocTotal:   263061440 kB
VmallocUsed:      104072 kB
VmallocChunk:          0 kB
Percpu:             7648 kB
CmaTotal:         294912 kB
CmaFree:               0 kB
MemTotal:       12113132 kB
MemFree:         6170648 kB
MemAvailable:    7967664 kB
Buffers:            6804 kB
Cached:          1892148 kB
SwapCached:            0 kB
Active:          1499252 kB
Inactive:        1642496 kB
Active(anon):    1249252 kB
Inactive(anon):    27392 kB
Active(file):     250000 kB
Inactive(file):  1615104 kB
Unevictable:        5532 kB
Mlocked:            5532 kB
SwapTotal:       3145724 kB
SwapFree:        3145724 kB
Dirty:               492 kB
Writeback:             0 kB
AnonPages:       1248308 kB
Mapped:           867228 kB
Shmem:             29368 kB
KReclaimable:     800616 kB
Slab:             222620 kB
SReclaimable:      78128 kB
SUnreclaim:       144492 kB
KernelStack:       47104 kB
PageTables:        63608 kB
NFS_Unstable:          0 kB
Bounce:                0 kB
WritebackTmp:          0 kB
CommitLimit:     9202288 kB
Committed_AS:   67374724 kB
VmallocTotal:   263061440 kB
VmallocUsed:      104120 kB
VmallocChunk:          0 kB
Percpu:             7648 kB
CmaTotal:         294912 kB
CmaFree:               0 kB
MemTotal:       12113132 kB
MemFree:         6168860 kB
MemAvailable:    7965896 kB
Buffers:            6804 kB
Cached:          1892168 kB
SwapCached:            0 kB
Active:          1499788 kB
Inactive:        1642516 kB
Active(anon):    1249788 kB
Inactive(anon):    27392 kB
Active(file):     250000 kB
Inactive(file):  1615124 kB
Unevictable:        5532 kB
Mlocked:            5532 kB
SwapTotal:       3145724 kB
SwapFree:        3145724 kB
Dirty:               516 kB
Writeback:             0 kB
AnonPages:       1248912 kB
Mapped:           867228 kB
Shmem:             29368 kB
KReclaimable:     800616 kB
Slab:             222624 kB
SReclaimable:      78128 kB
SUnreclaim:       144496 kB
KernelStack:       47120 kB
PageTables:        63672 kB
NFS_Unstable:          0 kB
Bounce:                0 kB
WritebackTmp:          0 kB
CommitLimit:     9202288 kB
Committed_AS:   67375476 kB
VmallocTotal:   263061440 kB
VmallocUsed:      104104 kB
VmallocChunk:          0 kB
Percpu:             7648 kB
CmaTotal:         294912 kB
CmaFree:               0 kB
MemTotal:       12113132 kB
MemFree:         6155660 kB
MemAvailable:    7952704 kB
Buffers:            6804 kB
Cached:          1901472 kB
SwapCached:            0 kB
Active:          1506280 kB
Inactive:        1651816 kB
Active(anon):    1256280 kB
Inactive(anon):    36684 kB
Active(file):     250000 kB
Inactive(file):  1615132 kB
Unevictable:        5532 kB
Mlocked:            5532 kB
SwapTotal:       3145724 kB
SwapFree:        3145724 kB
Dirty:               536 kB
Writeback:             0 kB
AnonPages:       1255720 kB
Mapped:           876524 kB
Shmem:             38664 kB
KReclaimable:     800616 kB
Slab:             222584 kB
SReclaimable:      78128 kB
SUnreclaim:       144456 kB
KernelStack:       47072 kB
PageTables:        63628 kB
NFS_Unstable:          0 kB
Bounce:                0 kB
WritebackTmp:          0 kB
CommitLimit:     9202288 kB
Committed_AS:   67389516 kB
VmallocTotal:   263061440 kB
VmallocUsed:      104104 kB
VmallocChunk:          0 kB
Percpu:             7648 kB
CmaTotal:         294912 kB
CmaFree:               0 kB
MemTotal:       12113132 kB
MemFree:         6129172 kB
MemAvailable:    7926264 kB
Buffers:            6808 kB
Cached:          1892220 kB
SwapCached:            0 kB
Active:          1539924 kB
Inactive:        1642568 kB
Active(anon):    1289920 kB
Inactive(anon):    27392 kB
Active(file):     250004 kB
Inactive(file):  1615176 kB
Unevictable:        5532 kB
Mlocked:            5532 kB
SwapTotal:       3145724 kB
SwapFree:        3145724 kB
Dirty:               548 kB
Writeback:             0 kB
AnonPages:       1288568 kB
Mapped:           867360 kB
Shmem:             29368 kB
KReclaimable:     800616 kB
Slab:             222632 kB
SReclaimable:      78128 kB
SUnreclaim:       144504 kB
KernelStack:       47056 kB
PageTables:        63548 kB
NFS_Unstable:          0 kB
Bounce:                0 kB
WritebackTmp:          0 kB
CommitLimit:     9202288 kB
Committed_AS:   67371588 kB
VmallocTotal:   263061440 kB
VmallocUsed:      104072 kB
VmallocChunk:          0 kB
Percpu:             7648 kB
CmaTotal:         294912 kB
CmaFree:               0 kB
MemTotal:       12113132 kB
MemFree:         6130408 kB
MemAvailable:    7927508 kB
Buffers:            6808 kB
Cached:          1892228 kB
SwapCached:            0 kB
Active:          1539724 kB
Inactive:        1642576 kB
Active(anon):    1289720 kB
Inactive(anon):    27392 kB
Active(file):     250004 kB
Inactive(file):  1615184 kB
Unevictable:        5532 kB
Mlocked:            5532 kB
SwapTotal:       3145724 kB
SwapFree:        3145724 kB
Dirty:               560 kB
Writeback:             0 kB
AnonPages:       1288832 kB
Mapped:           867360 kB
Shmem:             29368 kB
KReclaimable:     800616 kB
Slab:             222624 kB
SReclaimable:      78128 kB
SUnreclaim:       144496 kB
KernelStack:       47072 kB
PageTables:        63696 kB
NFS_Unstable:          0 kB
Bounce:                0 kB
WritebackTmp:          0 kB
CommitLimit:     9202288 kB
Committed_AS:   67358572 kB
VmallocTotal:   263061440 kB
VmallocUsed:      104040 kB
VmallocChunk:          0 kB
Percpu:             7648 kB
CmaTotal:         294912 kB
CmaFree:               0 kB
MemTotal:       12113132 kB
MemFree:         6126936 kB
MemAvailable:    7924052 kB
Buffers:            6808 kB
Cached:          1892244 kB
SwapCached:            0 kB
Active:          1539896 kB
Inactive:        1642592 kB
Active(anon):    1289892 kB
Inactive(anon):    27392 kB
Active(file):     250004 kB
Inactive(file):  1615200 kB
Unevictable:        5532 kB
Mlocked:            5532 kB
SwapTotal:       3145724 kB
SwapFree:        3145724 kB
Dirty:               588 kB
Writeback:             0 kB
AnonPages:       1289060 kB
Mapped:           867360 kB
Shmem:             29368 kB
KReclaimable:     800616 kB
Slab:             222588 kB
SReclaimable:      78128 kB
SUnreclaim:       144460 kB
KernelStack:       47024 kB
PageTables:        63596 kB
NFS_Unstable:          0 kB
Bounce:                0 kB
WritebackTmp:          0 kB
CommitLimit:     9202288 kB
Committed_AS:   67372228 kB
VmallocTotal:   263061440 kB
VmallocUsed:      104056 kB
VmallocChunk:          0 kB
Percpu:             7648 kB
CmaTotal:         294912 kB
CmaFree:               0 kB
MemTotal:       12113132 kB
MemFree:         6151168 kB
MemAvailable:    7948296 kB
Buffers:            6808 kB
Cached:          1892256 kB
SwapCached:            0 kB
Active:          1516176 kB
Inactive:        1642604 kB
Active(anon):    1266172 kB
Inactive(anon):    27392 kB
Active(file):     250004 kB
Inactive(file):  1615212 kB
Unevictable:        5532 kB
Mlocked:            5532 kB
SwapTotal:       3145724 kB
SwapFree:        3145724 kB
Dirty:               600 kB
Writeback:             0 kB
AnonPages:       1264928 kB
Mapped:           867460 kB
Shmem:             29368 kB
KReclaimable:     800616 kB
Slab:             222600 kB
SReclaimable:      78128 kB
SUnreclaim:       144472 kB
KernelStack:       47072 kB
PageTables:        63700 kB
NFS_Unstable:          0 kB
Bounce:                0 kB
WritebackTmp:          0 kB
CommitLimit:     9202288 kB
Committed_AS:   67366184 kB
VmallocTotal:   263061440 kB
VmallocUsed:      104024 kB
VmallocChunk:          0 kB
Percpu:             7648 kB
CmaTotal:         294912 kB
CmaFree:               0 kB
MemTotal:       12113132 kB
MemFree:         6161352 kB
MemAvailable:    7958616 kB
Buffers:            6808 kB
Cached:          1892380 kB
SwapCached:            0 kB
Active:          1506724 kB
Inactive:        1642728 kB
Active(anon):    1256720 kB
Inactive(anon):    27392 kB
Active(file):     250004 kB
Inactive(file):  1615336 kB
Unevictable:        5532 kB
Mlocked:            5532 kB
SwapTotal:       3145724 kB
SwapFree:        3145724 kB
Dirty:               760 kB
Writeback:             0 kB
AnonPages:       1255720 kB
Mapped:           867360 kB
Shmem:             29368 kB
KReclaimable:     800628 kB
Slab:             222608 kB
SReclaimable:      78140 kB
SUnreclaim:       144468 kB
KernelStack:       47056 kB
PageTables:        63564 kB
NFS_Unstable:          0 kB
Bounce:                0 kB
WritebackTmp:          0 kB
CommitLimit:     9202288 kB
Committed_AS:   67372596 kB
VmallocTotal:   263061440 kB
VmallocUsed:      104008 kB
VmallocChunk:          0 kB
Percpu:             7648 kB
CmaTotal:         294912 kB
CmaFree:              28 kB
MemTotal:       12113132 kB
MemFree:         6142824 kB
MemAvailable:    7950980 kB
Buffers:            6816 kB
Cached:          1903232 kB
SwapCached:            0 kB
Active:          1516040 kB
Inactive:        1653552 kB
Active(anon):    1266000 kB
Inactive(anon):    27392 kB
Active(file):     250040 kB
Inactive(file):  1626160 kB
Unevictable:        5532 kB
Mlocked:            5532 kB
SwapTotal:       3145724 kB
SwapFree:        3145724 kB
Dirty:             11548 kB
Writeback:             0 kB
AnonPages:       1265128 kB
Mapped:           867504 kB
Shmem:             29368 kB
KReclaimable:     800660 kB
Slab:             222676 kB
SReclaimable:      78172 kB
SUnreclaim:       144504 kB
KernelStack:       47056 kB
PageTables:        63688 kB
NFS_Unstable:          0 kB
Bounce:                0 kB
WritebackTmp:          0 kB
CommitLimit:     9202288 kB
Committed_AS:   67367640 kB
VmallocTotal:   263061440 kB
VmallocUsed:      104072 kB
VmallocChunk:          0 kB
Percpu:             7648 kB
CmaTotal:         294912 kB
CmaFree:               0 kB
MemTotal:       12113132 kB
MemFree:         6138880 kB
MemAvailable:    7947052 kB
Buffers:            6816 kB
Cached:          1903252 kB
SwapCached:            0 kB
Active:          1518056 kB
Inactive:        1653572 kB
Active(anon):    1268016 kB
Inactive(anon):    27396 kB
Active(file):     250040 kB
Inactive(file):  1626176 kB
Unevictable:        5532 kB
Mlocked:            5532 kB
SwapTotal:       3145724 kB
SwapFree:        3145724 kB
Dirty:             11564 kB
Writeback:             0 kB
AnonPages:       1267152 kB
Mapped:           867364 kB
Shmem:             29372 kB
KReclaimable:     800660 kB
Slab:             222628 kB
SReclaimable:      78172 kB
SUnreclaim:       144456 kB
KernelStack:       47040 kB
PageTables:        63580 kB
NFS_Unstable:          0 kB
Bounce:                0 kB
WritebackTmp:          0 kB
CommitLimit:     9202288 kB
Committed_AS:   67367228 kB
VmallocTotal:   263061440 kB
VmallocUsed:      104040 kB
VmallocChunk:          0 kB
Percpu:             7648 kB
CmaTotal:         294912 kB
CmaFree:               0 kB
MemTotal:       12113132 kB
MemFree:         6138616 kB
MemAvailable:    7946800 kB
Buffers:            6816 kB
Cached:          1903264 kB
SwapCached:            0 kB
Active:          1518328 kB
Inactive:        1653584 kB
Active(anon):    1268288 kB
Inactive(anon):    27396 kB
Active(file):     250040 kB
Inactive(file):  1626188 kB
Unevictable:        5532 kB
Mlocked:            5532 kB
SwapTotal:       3145724 kB
SwapFree:        3145724 kB
Dirty:             11612 kB
Writeback:             0 kB
AnonPages:       1267396 kB
Mapped:           867364 kB
Shmem:             29372 kB
KReclaimable:     800660 kB
Slab:             222676 kB
SReclaimable:      78172 kB
SUnreclaim:       144504 kB
KernelStack:       47056 kB
PageTables:        63720 kB
NFS_Unstable:          0 kB
Bounce:                0 kB
WritebackTmp:          0 kB
CommitLimit:     9202288 kB
Committed_AS:   67368636 kB
VmallocTotal:   263061440 kB
VmallocUsed:      104040 kB
VmallocChunk:          0 kB
Percpu:             7648 kB
CmaTotal:         294912 kB
CmaFree:               0 kB
MemTotal:       12113132 kB
MemFree:         6137240 kB
MemAvailable:    7945444 kB
Buffers:            6816 kB
Cached:          1903284 kB
SwapCached:            0 kB
Active:          1519100 kB
Inactive:        1653604 kB
Active(anon):    1269060 kB
Inactive(anon):    27396 kB
Active(file):     250040 kB
Inactive(file):  1626208 kB
Unevictable:        5532 kB
Mlocked:            5532 kB
SwapTotal:       3145724 kB
SwapFree:        3145724 kB
Dirty:             11648 kB
Writeback:             0 kB
AnonPages:       1268180 kB
Mapped:           867364 kB
Shmem:             29372 kB
KReclaimable:     800660 kB
Slab:             222632 kB
SReclaimable:      78172 kB
SUnreclaim:       144460 kB
KernelStack:       47056 kB
PageTables:        63576 kB
NFS_Unstable:          0 kB
Bounce:                0 kB
WritebackTmp:          0 kB
CommitLimit:     9202288 kB
Committed_AS:   67372264 kB
VmallocTotal:   263061440 kB
VmallocUsed:      104040 kB
VmallocChunk:          0 kB
Percpu:             7648 kB
CmaTotal:         294912 kB
CmaFree:               0 kB
MemTotal:       12113132 kB
MemFree:         6137012 kB
MemAvailable:    7945236 kB
Buffers:            6816 kB
Cached:          1903304 kB
SwapCached:            0 kB
Active:          1519328 kB
Inactive:        1653624 kB
Active(anon):    1269288 kB
Inactive(anon):    27396 kB
Active(file):     250040 kB
Inactive(file):  1626228 kB
Unevictable:        5532 kB
Mlocked:            5532 kB
SwapTotal:       3145724 kB
SwapFree:        3145724 kB
Dirty:             11684 kB
Writeback:             0 kB
AnonPages:       1268392 kB
Mapped:           867364 kB
Shmem:             29372 kB
KReclaimable:     800660 kB
Slab:             222668 kB
SReclaimable:      78172 kB
SUnreclaim:       144496 kB
KernelStack:       47072 kB
PageTables:        63696 kB
NFS_Unstable:          0 kB
Bounce:                0 kB
WritebackTmp:          0 kB
CommitLimit:     9202288 kB
Committed_AS:   67369388 kB
VmallocTotal:   263061440 kB
VmallocUsed:      104056 kB
VmallocChunk:          0 kB
Percpu:             7648 kB
CmaTotal:         294912 kB
CmaFree:               0 kB
MemTotal:       12113132 kB
MemFree:         6136720 kB
MemAvailable:    7945024 kB
Buffers:            6820 kB
Cached:          1903376 kB
SwapCached:            0 kB
Active:          1520788 kB
Inactive:        1653696 kB
Active(anon):    1270744 kB
Inactive(anon):    27396 kB
Active(file):     250044 kB
Inactive(file):  1626300 kB
Unevictable:        5532 kB
Mlocked:            5532 kB
SwapTotal:       3145724 kB
SwapFree:        3145724 kB
Dirty:              1140 kB
Writeback:             0 kB
AnonPages:       1269752 kB
Mapped:           867364 kB
Shmem:             29372 kB
KReclaimable:     800664 kB
Slab:             222636 kB
SReclaimable:      78176 kB
SUnreclaim:       144460 kB
KernelStack:       47024 kB
PageTables:        63576 kB
NFS_Unstable:          0 kB
Bounce:                0 kB
WritebackTmp:          0 kB
CommitLimit:     9202288 kB
Committed_AS:   67373508 kB
VmallocTotal:   263061440 kB
VmallocUsed:      104056 kB
VmallocChunk:          0 kB
Percpu:             7648 kB
CmaTotal:         294912 kB
CmaFree:               0 kB
MemTotal:       12113132 kB
MemFree:         6136668 kB
MemAvailable:    7944984 kB
Buffers:            6820 kB
Cached:          1903388 kB
SwapCached:            0 kB
Active:          1521148 kB
Inactive:        1653708 kB
Active(anon):    1271104 kB
Inactive(anon):    27396 kB
Active(file):     250044 kB
Inactive(file):  1626312 kB
Unevictable:        5532 kB
Mlocked:            5532 kB
SwapTotal:       3145724 kB
SwapFree:        3145724 kB
Dirty:              1164 kB
Writeback:             0 kB
AnonPages:       1270228 kB
Mapped:           867364 kB
Shmem:             29372 kB
KReclaimable:     800664 kB
Slab:             222680 kB
SReclaimable:      78176 kB
SUnreclaim:       144504 kB
KernelStack:       47072 kB
PageTables:        63708 kB
NFS_Unstable:          0 kB
Bounce:                0 kB
WritebackTmp:          0 kB
CommitLimit:     9202288 kB
Committed_AS:   67367420 kB
VmallocTotal:   263061440 kB
VmallocUsed:      104008 kB
VmallocChunk:          0 kB
Percpu:             7648 kB
CmaTotal:         294912 kB
CmaFree:               0 kB
MemTotal:       12113132 kB
MemFree:         6134980 kB
MemAvailable:    7943312 kB
Buffers:            6820 kB
Cached:          1903404 kB
SwapCached:            0 kB
Active:          1521656 kB
Inactive:        1653724 kB
Active(anon):    1271612 kB
Inactive(anon):    27396 kB
Active(file):     250044 kB
Inactive(file):  1626328 kB
Unevictable:        5532 kB
Mlocked:            5532 kB
SwapTotal:       3145724 kB
SwapFree:        3145724 kB
Dirty:              1180 kB
Writeback:             0 kB
AnonPages:       1270924 kB
Mapped:           867444 kB
Shmem:             29372 kB
KReclaimable:     800664 kB
Slab:             222672 kB
SReclaimable:      78176 kB
SUnreclaim:       144496 kB
KernelStack:       47052 kB
PageTables:        63896 kB
NFS_Unstable:          0 kB
Bounce:                0 kB
WritebackTmp:          0 kB
CommitLimit:     9202288 kB
Committed_AS:   67367976 kB
VmallocTotal:   263061440 kB
VmallocUsed:      104008 kB
VmallocChunk:          0 kB
Percpu:             7648 kB
CmaTotal:         294912 kB
CmaFree:               0 kB
MemTotal:       12113132 kB
MemFree:         6135592 kB
MemAvailable:    7943940 kB
Buffers:            6820 kB
Cached:          1903420 kB
SwapCached:            0 kB
Active:          1522684 kB
Inactive:        1653740 kB
Active(anon):    1272640 kB
Inactive(anon):    27396 kB
Active(file):     250044 kB
Inactive(file):  1626344 kB
Unevictable:        5532 kB
Mlocked:            5532 kB
SwapTotal:       3145724 kB
SwapFree:        3145724 kB
Dirty:              1196 kB
Writeback:             0 kB
AnonPages:       1271752 kB
Mapped:           867256 kB
Shmem:             29372 kB
KReclaimable:     800664 kB
Slab:             222644 kB
SReclaimable:      78176 kB
SUnreclaim:       144468 kB
KernelStack:       47008 kB
PageTables:        63512 kB
NFS_Unstable:          0 kB
Bounce:                0 kB
WritebackTmp:          0 kB
CommitLimit:     9202288 kB
Committed_AS:   67370660 kB
VmallocTotal:   263061440 kB
VmallocUsed:      104024 kB
VmallocChunk:          0 kB
Percpu:             7648 kB
CmaTotal:         294912 kB
CmaFree:               0 kB
MemTotal:       12113132 kB
MemFree:         6133920 kB
MemAvailable:    7942280 kB
Buffers:            6820 kB
Cached:          1903432 kB
SwapCached:            0 kB
Active:          1523200 kB
Inactive:        1653752 kB
Active(anon):    1273156 kB
Inactive(anon):    27396 kB
Active(file):     250044 kB
Inactive(file):  1626356 kB
Unevictable:        5532 kB
Mlocked:            5532 kB
SwapTotal:       3145724 kB
SwapFree:        3145724 kB
Dirty:              1220 kB
Writeback:             0 kB
AnonPages:       1272296 kB
Mapped:           867360 kB
Shmem:             29372 kB
KReclaimable:     800664 kB
Slab:             222648 kB
SReclaimable:      78176 kB
SUnreclaim:       144472 kB
KernelStack:       47040 kB
PageTables:        63564 kB
NFS_Unstable:          0 kB
Bounce:                0 kB
WritebackTmp:          0 kB
CommitLimit:     9202288 kB
Committed_AS:   67371768 kB
VmallocTotal:   263061440 kB
VmallocUsed:      104040 kB
VmallocChunk:          0 kB
Percpu:             7648 kB
CmaTotal:         294912 kB
CmaFree:               0 kB
MemTotal:       12113132 kB
MemFree:         6133868 kB
MemAvailable:    7942252 kB
Buffers:            6820 kB
Cached:          1903456 kB
SwapCached:            0 kB
Active:          1522792 kB
Inactive:        1653776 kB
Active(anon):    1272748 kB
Inactive(anon):    27396 kB
Active(file):     250044 kB
Inactive(file):  1626380 kB
Unevictable:        5532 kB
Mlocked:            5532 kB
SwapTotal:       3145724 kB
SwapFree:        3145724 kB
Dirty:              1244 kB
Writeback:             0 kB
AnonPages:       1271988 kB
Mapped:           867368 kB
Shmem:             29372 kB
KReclaimable:     800664 kB
Slab:             222652 kB
SReclaimable:      78176 kB
SUnreclaim:       144476 kB
KernelStack:       47056 kB
PageTables:        63496 kB
NFS_Unstable:          0 kB
Bounce:                0 kB
WritebackTmp:          0 kB
CommitLimit:     9202288 kB
Committed_AS:   67372420 kB
VmallocTotal:   263061440 kB
VmallocUsed:      104008 kB
VmallocChunk:          0 kB
Percpu:             7648 kB
CmaTotal:         294912 kB
CmaFree:               0 kB
MemTotal:       12113132 kB
MemFree:         6132712 kB
MemAvailable:    7941112 kB
Buffers:            6820 kB
Cached:          1903472 kB
SwapCached:            0 kB
Active:          1522996 kB
Inactive:        1653792 kB
Active(anon):    1272952 kB
Inactive(anon):    27396 kB
Active(file):     250044 kB
Inactive(file):  1626396 kB
Unevictable:        5532 kB
Mlocked:            5532 kB
SwapTotal:       3145724 kB
SwapFree:        3145724 kB
Dirty:              1260 kB
Writeback:             0 kB
AnonPages:       1272056 kB
Mapped:           867364 kB
Shmem:             29372 kB
KReclaimable:     800664 kB
Slab:             222680 kB
SReclaimable:      78176 kB
SUnreclaim:       144504 kB
KernelStack:       47024 kB
PageTables:        63732 kB
NFS_Unstable:          0 kB
Bounce:                0 kB
WritebackTmp:          0 kB
CommitLimit:     9202288 kB
Committed_AS:   67364972 kB
VmallocTotal:   263061440 kB
VmallocUsed:      104008 kB
VmallocChunk:          0 kB
Percpu:             7648 kB
CmaTotal:         294912 kB
CmaFree:               0 kB
MemTotal:       12113132 kB
MemFree:         6153972 kB
MemAvailable:    7962384 kB
Buffers:            6820 kB
Cached:          1903484 kB
SwapCached:            0 kB
Active:          1502192 kB
Inactive:        1653804 kB
Active(anon):    1252148 kB
Inactive(anon):    27396 kB
Active(file):     250044 kB
Inactive(file):  1626408 kB
Unevictable:        5532 kB
Mlocked:            5532 kB
SwapTotal:       3145724 kB
SwapFree:        3145724 kB
Dirty:              1284 kB
Writeback:             0 kB
AnonPages:       1251044 kB
Mapped:           867364 kB
Shmem:             29372 kB
KReclaimable:     800664 kB
Slab:             222672 kB
SReclaimable:      78176 kB
SUnreclaim:       144496 kB
KernelStack:       47056 kB
PageTables:        63668 kB
NFS_Unstable:          0 kB
Bounce:                0 kB
WritebackTmp:          0 kB
CommitLimit:     9202288 kB
Committed_AS:   67369960 kB
VmallocTotal:   263061440 kB
VmallocUsed:      104024 kB
VmallocChunk:          0 kB
Percpu:             7648 kB
CmaTotal:         294912 kB
CmaFree:               0 kB
MemTotal:       12113132 kB
MemFree:         6152832 kB
MemAvailable:    7961260 kB
Buffers:            6820 kB
Cached:          1903500 kB
SwapCached:            0 kB
Active:          1502724 kB
Inactive:        1653820 kB
Active(anon):    1252680 kB
Inactive(anon):    27396 kB
Active(file):     250044 kB
Inactive(file):  1626424 kB
Unevictable:        5532 kB
Mlocked:            5532 kB
SwapTotal:       3145724 kB
SwapFree:        3145724 kB
Dirty:              1300 kB
Writeback:             0 kB
AnonPages:       1251768 kB
Mapped:           867364 kB
Shmem:             29372 kB
KReclaimable:     800664 kB
Slab:             222660 kB
SReclaimable:      78176 kB
SUnreclaim:       144484 kB
KernelStack:       47008 kB
PageTables:        63604 kB
NFS_Unstable:          0 kB
Bounce:                0 kB
WritebackTmp:          0 kB
CommitLimit:     9202288 kB
Committed_AS:   67370004 kB
VmallocTotal:   263061440 kB
VmallocUsed:      103992 kB
VmallocChunk:          0 kB
Percpu:             7648 kB
CmaTotal:         294912 kB
CmaFree:               0 kB
MemTotal:       12113132 kB
MemFree:         6152924 kB
MemAvailable:    7961368 kB
Buffers:            6820 kB
Cached:          1903516 kB
SwapCached:            0 kB
Active:          1503248 kB
Inactive:        1653836 kB
Active(anon):    1253204 kB
Inactive(anon):    27396 kB
Active(file):     250044 kB
Inactive(file):  1626440 kB
Unevictable:        5532 kB
Mlocked:            5532 kB
SwapTotal:       3145724 kB
SwapFree:        3145724 kB
Dirty:              1316 kB
Writeback:             0 kB
AnonPages:       1252360 kB
Mapped:           867364 kB
Shmem:             29372 kB
KReclaimable:     800664 kB
Slab:             222664 kB
SReclaimable:      78176 kB
SUnreclaim:       144488 kB
KernelStack:       47040 kB
PageTables:        63648 kB
NFS_Unstable:          0 kB
Bounce:                0 kB
WritebackTmp:          0 kB
CommitLimit:     9202288 kB
Committed_AS:   67370052 kB
VmallocTotal:   263061440 kB
VmallocUsed:      104008 kB
VmallocChunk:          0 kB
Percpu:             7648 kB
CmaTotal:         294912 kB
CmaFree:               0 kB
MemTotal:       12113132 kB
MemFree:         6154004 kB
MemAvailable:    7962468 kB
Buffers:            6820 kB
Cached:          1903536 kB
SwapCached:            0 kB
Active:          1503896 kB
Inactive:        1653856 kB
Active(anon):    1253852 kB
Inactive(anon):    27396 kB
Active(file):     250044 kB
Inactive(file):  1626460 kB
Unevictable:        5532 kB
Mlocked:            5532 kB
SwapTotal:       3145724 kB
SwapFree:        3145724 kB
Dirty:              1348 kB
Writeback:             0 kB
AnonPages:       1252904 kB
Mapped:           867328 kB
Shmem:             29372 kB
KReclaimable:     800664 kB
Slab:             222652 kB
SReclaimable:      78176 kB
SUnreclaim:       144476 kB
KernelStack:       47008 kB
PageTables:        63632 kB
NFS_Unstable:          0 kB
Bounce:                0 kB
WritebackTmp:          0 kB
CommitLimit:     9202288 kB
Committed_AS:   67366368 kB
VmallocTotal:   263061440 kB
VmallocUsed:      103992 kB
VmallocChunk:          0 kB
Percpu:             7648 kB
CmaTotal:         294912 kB
CmaFree:               0 kB
MemTotal:       12113132 kB
MemFree:         6151936 kB
MemAvailable:    7960416 kB
Buffers:            6820 kB
Cached:          1903552 kB
SwapCached:            0 kB
Active:          1504612 kB
Inactive:        1653872 kB
Active(anon):    1254568 kB
Inactive(anon):    27396 kB
Active(file):     250044 kB
Inactive(file):  1626476 kB
Unevictable:        5532 kB
Mlocked:            5532 kB
SwapTotal:       3145724 kB
SwapFree:        3145724 kB
Dirty:               492 kB
Writeback:             0 kB
AnonPages:       1253676 kB
Mapped:           867364 kB
Shmem:             29372 kB
KReclaimable:     800664 kB
Slab:             222660 kB
SReclaimable:      78176 kB
SUnreclaim:       144484 kB
KernelStack:       47056 kB
PageTables:        63672 kB
NFS_Unstable:          0 kB
Bounce:                0 kB
WritebackTmp:          0 kB
CommitLimit:     9202288 kB
Committed_AS:   67370448 kB
VmallocTotal:   263061440 kB
VmallocUsed:      104024 kB
VmallocChunk:          0 kB
Percpu:             7648 kB
CmaTotal:         294912 kB
CmaFree:               0 kB
MemTotal:       12113132 kB
MemFree:         6151164 kB
MemAvailable:    7959668 kB
Buffers:            6820 kB
Cached:          1903576 kB
SwapCached:            0 kB
Active:          1505160 kB
Inactive:        1653896 kB
Active(anon):    1255116 kB
Inactive(anon):    27396 kB
Active(file):     250044 kB
Inactive(file):  1626500 kB
Unevictable:        5532 kB
Mlocked:            5532 kB
SwapTotal:       3145724 kB
SwapFree:        3145724 kB
Dirty:               556 kB
Writeback:             0 kB
AnonPages:       1254132 kB
Mapped:           867364 kB
Shmem:             29372 kB
KReclaimable:     800664 kB
Slab:             222640 kB
SReclaimable:      78176 kB
SUnreclaim:       144464 kB
KernelStack:       47008 kB
PageTables:        63600 kB
NFS_Unstable:          0 kB
Bounce:                0 kB
WritebackTmp:          0 kB
CommitLimit:     9202288 kB
Committed_AS:   67366244 kB
VmallocTotal:   263061440 kB
VmallocUsed:      104072 kB
VmallocChunk:          0 kB
Percpu:             7648 kB
CmaTotal:         294912 kB
CmaFree:               0 kB
MemTotal:       12113132 kB
MemFree:         6152748 kB
MemAvailable:    7961264 kB
Buffers:            6820 kB
Cached:          1903588 kB
SwapCached:            0 kB
Active:          1503156 kB
Inactive:        1653908 kB
Active(anon):    1253112 kB
Inactive(anon):    27396 kB
Active(file):     250044 kB
Inactive(file):  1626512 kB
Unevictable:        5532 kB
Mlocked:            5532 kB
SwapTotal:       3145724 kB
SwapFree:        3145724 kB
Dirty:               592 kB
Writeback:             0 kB
AnonPages:       1252308 kB
Mapped:           867368 kB
Shmem:             29372 kB
KReclaimable:     800664 kB
Slab:             222660 kB
SReclaimable:      78176 kB
SUnreclaim:       144484 kB
KernelStack:       47040 kB
PageTables:        63648 kB
NFS_Unstable:          0 kB
Bounce:                0 kB
WritebackTmp:          0 kB
CommitLimit:     9202288 kB
Committed_AS:   67366024 kB
VmallocTotal:   263061440 kB
VmallocUsed:      104056 kB
VmallocChunk:          0 kB
Percpu:             7648 kB
CmaTotal:         294912 kB
CmaFree:               0 kB
MemTotal:       12113132 kB
MemFree:         6152308 kB
MemAvailable:    7960840 kB
Buffers:            6820 kB
Cached:          1903604 kB
SwapCached:            0 kB
Active:          1503876 kB
Inactive:        1653924 kB
Active(anon):    1253832 kB
Inactive(anon):    27396 kB
Active(file):     250044 kB
Inactive(file):  1626528 kB
Unevictable:        5532 kB
Mlocked:            5532 kB
SwapTotal:       3145724 kB
SwapFree:        3145724 kB
Dirty:               632 kB
Writeback:             0 kB
AnonPages:       1252848 kB
Mapped:           867364 kB
Shmem:             29372 kB
KReclaimable:     800664 kB
Slab:             222648 kB
SReclaimable:      78176 kB
SUnreclaim:       144472 kB
KernelStack:       47008 kB
PageTables:        63604 kB
NFS_Unstable:          0 kB
Bounce:                0 kB
WritebackTmp:          0 kB
CommitLimit:     9202288 kB
Committed_AS:   67365680 kB
VmallocTotal:   263061440 kB
VmallocUsed:      104040 kB
VmallocChunk:          0 kB
Percpu:             7648 kB
CmaTotal:         294912 kB
CmaFree:               0 kB
MemTotal:       12113132 kB
MemFree:         6153004 kB
MemAvailable:    7961544 kB
Buffers:            6820 kB
Cached:          1903612 kB
SwapCached:            0 kB
Active:          1502964 kB
Inactive:        1653932 kB
Active(anon):    1252920 kB
Inactive(anon):    27396 kB
Active(file):     250044 kB
Inactive(file):  1626536 kB
Unevictable:        5532 kB
Mlocked:            5532 kB
SwapTotal:       3145724 kB
SwapFree:        3145724 kB
Dirty:               640 kB
Writeback:             0 kB
AnonPages:       1252076 kB
Mapped:           867364 kB
Shmem:             29372 kB
KReclaimable:     800664 kB
Slab:             222668 kB
SReclaimable:      78176 kB
SUnreclaim:       144492 kB
KernelStack:       47020 kB
PageTables:        63712 kB
NFS_Unstable:          0 kB
Bounce:                0 kB
WritebackTmp:          0 kB
CommitLimit:     9202288 kB
Committed_AS:   67365284 kB
VmallocTotal:   263061440 kB
VmallocUsed:      103992 kB
VmallocChunk:          0 kB
Percpu:             7648 kB
CmaTotal:         294912 kB
CmaFree:               0 kB
MemTotal:       12113132 kB
MemFree:         6152712 kB
MemAvailable:    7961480 kB
Buffers:            6820 kB
Cached:          1903840 kB
SwapCached:            0 kB
Active:          1503208 kB
Inactive:        1654160 kB
Active(anon):    1253164 kB
Inactive(anon):    27396 kB
Active(file):     250044 kB
Inactive(file):  1626764 kB
Unevictable:        5532 kB
Mlocked:            5532 kB
SwapTotal:       3145724 kB
SwapFree:        3145724 kB
Dirty:               416 kB
Writeback:             0 kB
AnonPages:       1252176 kB
Mapped:           867364 kB
Shmem:             29372 kB
KReclaimable:     800664 kB
Slab:             222644 kB
SReclaimable:      78176 kB
SUnreclaim:       144468 kB
KernelStack:       46976 kB
PageTables:        63604 kB
NFS_Unstable:          0 kB
Bounce:                0 kB
WritebackTmp:          0 kB
CommitLimit:     9202288 kB
Committed_AS:   67366520 kB
VmallocTotal:   263061440 kB
VmallocUsed:      103960 kB
VmallocChunk:          0 kB
Percpu:             7648 kB
CmaTotal:         294912 kB
CmaFree:               0 kB
MemTotal:       12113132 kB
MemFree:         6162016 kB
MemAvailable:    7970800 kB
Buffers:            6820 kB
Cached:          1903856 kB
SwapCached:            0 kB
Active:          1493688 kB
Inactive:        1654172 kB
Active(anon):    1243640 kB
Inactive(anon):    27396 kB
Active(file):     250048 kB
Inactive(file):  1626776 kB
Unevictable:        5532 kB
Mlocked:            5532 kB
SwapTotal:       3145724 kB
SwapFree:        3145724 kB
Dirty:               440 kB
Writeback:             0 kB
AnonPages:       1242868 kB
Mapped:           867364 kB
Shmem:             29372 kB
KReclaimable:     800664 kB
Slab:             222656 kB
SReclaimable:      78176 kB
SUnreclaim:       144480 kB
KernelStack:       47024 kB
PageTables:        63708 kB
NFS_Unstable:          0 kB
Bounce:                0 kB
WritebackTmp:          0 kB
CommitLimit:     9202288 kB
Committed_AS:   67366320 kB
VmallocTotal:   263061440 kB
VmallocUsed:      103992 kB
VmallocChunk:          0 kB
Percpu:             7648 kB
CmaTotal:         294912 kB
CmaFree:               0 kB
MemTotal:       12113132 kB
MemFree:         6161612 kB
MemAvailable:    7970408 kB
Buffers:            6820 kB
Cached:          1903868 kB
SwapCached:            0 kB
Active:          1494464 kB
Inactive:        1654184 kB
Active(anon):    1244416 kB
Inactive(anon):    27396 kB
Active(file):     250048 kB
Inactive(file):  1626788 kB
Unevictable:        5532 kB
Mlocked:            5532 kB
SwapTotal:       3145724 kB
SwapFree:        3145724 kB
Dirty:               452 kB
Writeback:             0 kB
AnonPages:       1243384 kB
Mapped:           867364 kB
Shmem:             29372 kB
KReclaimable:     800664 kB
Slab:             222648 kB
SReclaimable:      78176 kB
SUnreclaim:       144472 kB
KernelStack:       46976 kB
PageTables:        63604 kB
NFS_Unstable:          0 kB
Bounce:                0 kB
WritebackTmp:          0 kB
CommitLimit:     9202288 kB
Committed_AS:   67366080 kB
VmallocTotal:   263061440 kB
VmallocUsed:      103960 kB
VmallocChunk:          0 kB
Percpu:             7648 kB
CmaTotal:         294912 kB
CmaFree:               0 kB
MemTotal:       12113132 kB
MemFree:         6161436 kB
MemAvailable:    7970248 kB
Buffers:            6820 kB
Cached:          1903884 kB
SwapCached:            0 kB
Active:          1495288 kB
Inactive:        1654200 kB
Active(anon):    1245240 kB
Inactive(anon):    27396 kB
Active(file):     250048 kB
Inactive(file):  1626804 kB
Unevictable:        5532 kB
Mlocked:            5532 kB
SwapTotal:       3145724 kB
SwapFree:        3145724 kB
Dirty:               480 kB
Writeback:             0 kB
AnonPages:       1244092 kB
Mapped:           867364 kB
Shmem:             29372 kB
KReclaimable:     800664 kB
Slab:             222652 kB
SReclaimable:      78176 kB
SUnreclaim:       144476 kB
KernelStack:       47024 kB
PageTables:        63676 kB
NFS_Unstable:          0 kB
Bounce:                0 kB
WritebackTmp:          0 kB
CommitLimit:     9202288 kB
Committed_AS:   67365792 kB
VmallocTotal:   263061440 kB
VmallocUsed:      103976 kB
VmallocChunk:          0 kB
Percpu:             7648 kB
CmaTotal:         294912 kB
CmaFree:               0 kB
MemTotal:       12113132 kB
MemFree:         6160584 kB
MemAvailable:    7969440 kB
Buffers:            6824 kB
Cached:          1903924 kB
SwapCached:            0 kB
Active:          1494692 kB
Inactive:        1654240 kB
Active(anon):    1244640 kB
Inactive(anon):    27396 kB
Active(file):     250052 kB
Inactive(file):  1626844 kB
Unevictable:        5532 kB
Mlocked:            5532 kB
SwapTotal:       3145724 kB
SwapFree:        3145724 kB
Dirty:               484 kB
Writeback:             0 kB
AnonPages:       1243648 kB
Mapped:           867364 kB
Shmem:             29372 kB
KReclaimable:     800664 kB
Slab:             222640 kB
SReclaimable:      78176 kB
SUnreclaim:       144464 kB
KernelStack:       46976 kB
PageTables:        63604 kB
NFS_Unstable:          0 kB
Bounce:                0 kB
WritebackTmp:          0 kB
CommitLimit:     9202288 kB
Committed_AS:   67366244 kB
VmallocTotal:   263061440 kB
VmallocUsed:      104008 kB
VmallocChunk:          0 kB
Percpu:             7648 kB
CmaTotal:         294912 kB
CmaFree:               0 kB
MemTotal:       12113132 kB
MemFree:         6160056 kB
MemAvailable:    7968932 kB
Buffers:            6824 kB
Cached:          1903944 kB
SwapCached:            0 kB
Active:          1495384 kB
Inactive:        1654260 kB
Active(anon):    1245332 kB
Inactive(anon):    27396 kB
Active(file):     250052 kB
Inactive(file):  1626864 kB
Unevictable:        5532 kB
Mlocked:            5532 kB
SwapTotal:       3145724 kB
SwapFree:        3145724 kB
Dirty:               504 kB
Writeback:             0 kB
AnonPages:       1244248 kB
Mapped:           867364 kB
Shmem:             29372 kB
KReclaimable:     800664 kB
Slab:             222668 kB
SReclaimable:      78176 kB
SUnreclaim:       144492 kB
KernelStack:       46992 kB
PageTables:        63648 kB
NFS_Unstable:          0 kB
Bounce:                0 kB
WritebackTmp:          0 kB
CommitLimit:     9202288 kB
Committed_AS:   67360616 kB
VmallocTotal:   263061440 kB
VmallocUsed:      103960 kB
VmallocChunk:          0 kB
Percpu:             7648 kB
CmaTotal:         294912 kB
CmaFree:               0 kB
MemTotal:       12113132 kB
MemFree:         6160712 kB
MemAvailable:    7969604 kB
Buffers:            6824 kB
Cached:          1903960 kB
SwapCached:            0 kB
Active:          1495972 kB
Inactive:        1654276 kB
Active(anon):    1245920 kB
Inactive(anon):    27396 kB
Active(file):     250052 kB
Inactive(file):  1626880 kB
Unevictable:        5532 kB
Mlocked:            5532 kB
SwapTotal:       3145724 kB
SwapFree:        3145724 kB
Dirty:               536 kB
Writeback:             0 kB
AnonPages:       1244948 kB
Mapped:           867364 kB
Shmem:             29372 kB
KReclaimable:     800664 kB
Slab:             222668 kB
SReclaimable:      78176 kB
SUnreclaim:       144492 kB
KernelStack:       46960 kB
PageTables:        63604 kB
NFS_Unstable:          0 kB
Bounce:                0 kB
WritebackTmp:          0 kB
CommitLimit:     9202288 kB
Committed_AS:   67351140 kB
VmallocTotal:   263061440 kB
VmallocUsed:      103960 kB
VmallocChunk:          0 kB
Percpu:             7648 kB
CmaTotal:         294912 kB
CmaFree:               0 kB
MemTotal:       12113132 kB
MemFree:         6159184 kB
MemAvailable:    7968088 kB
Buffers:            6824 kB
Cached:          1903972 kB
SwapCached:            0 kB
Active:          1496692 kB
Inactive:        1654288 kB
Active(anon):    1246640 kB
Inactive(anon):    27396 kB
Active(file):     250052 kB
Inactive(file):  1626892 kB
Unevictable:        5532 kB
Mlocked:            5532 kB
SwapTotal:       3145724 kB
SwapFree:        3145724 kB
Dirty:               548 kB
Writeback:             0 kB
AnonPages:       1245804 kB
Mapped:           867364 kB
Shmem:             29372 kB
KReclaimable:     800664 kB
Slab:             222668 kB
SReclaimable:      78176 kB
SUnreclaim:       144492 kB
KernelStack:       46976 kB
PageTables:        63588 kB
NFS_Unstable:          0 kB
Bounce:                0 kB
WritebackTmp:          0 kB
CommitLimit:     9202288 kB
Committed_AS:   67355952 kB
VmallocTotal:   263061440 kB
VmallocUsed:      103960 kB
VmallocChunk:          0 kB
Percpu:             7648 kB
CmaTotal:         294912 kB
CmaFree:               0 kB
MemTotal:       12113132 kB
MemFree:         6158772 kB
MemAvailable:    7967696 kB
Buffers:            6824 kB
Cached:          1903992 kB
SwapCached:            0 kB
Active:          1497636 kB
Inactive:        1654308 kB
Active(anon):    1247584 kB
Inactive(anon):    27396 kB
Active(file):     250052 kB
Inactive(file):  1626912 kB
Unevictable:        5532 kB
Mlocked:            5532 kB
SwapTotal:       3145724 kB
SwapFree:        3145724 kB
Dirty:               572 kB
Writeback:             0 kB
AnonPages:       1246712 kB
Mapped:           867364 kB
Shmem:             29372 kB
KReclaimable:     800664 kB
Slab:             222672 kB
SReclaimable:      78176 kB
SUnreclaim:       144496 kB
KernelStack:       47008 kB
PageTables:        63700 kB
NFS_Unstable:          0 kB
Bounce:                0 kB
WritebackTmp:          0 kB
CommitLimit:     9202288 kB
Committed_AS:   67356244 kB
VmallocTotal:   263061440 kB
VmallocUsed:      103960 kB
VmallocChunk:          0 kB
Percpu:             7648 kB
CmaTotal:         294912 kB
CmaFree:               0 kB
MemTotal:       12113132 kB
MemFree:         6143552 kB
MemAvailable:    7952520 kB
Buffers:            6824 kB
Cached:          1912984 kB
SwapCached:            0 kB
Active:          1505136 kB
Inactive:        1663300 kB
Active(anon):    1255084 kB
Inactive(anon):    36376 kB
Active(file):     250052 kB
Inactive(file):  1626924 kB
Unevictable:        5532 kB
Mlocked:            5532 kB
SwapTotal:       3145724 kB
SwapFree:        3145724 kB
Dirty:               596 kB
Writeback:             0 kB
AnonPages:       1254368 kB
Mapped:           876344 kB
Shmem:             38352 kB
KReclaimable:     800696 kB
Slab:             222704 kB
SReclaimable:      78208 kB
SUnreclaim:       144496 kB
KernelStack:       47008 kB
PageTables:        63700 kB
NFS_Unstable:          0 kB
Bounce:                0 kB
WritebackTmp:          0 kB
CommitLimit:     9202288 kB
Committed_AS:   67364336 kB
VmallocTotal:   263061440 kB
VmallocUsed:      103976 kB
VmallocChunk:          0 kB
Percpu:             7648 kB
CmaTotal:         294912 kB
CmaFree:               4 kB
MemTotal:       12113132 kB
MemFree:         6115032 kB
MemAvailable:    7924016 kB
Buffers:            6824 kB
Cached:          1904020 kB
SwapCached:            0 kB
Active:          1544740 kB
Inactive:        1654336 kB
Active(anon):    1294688 kB
Inactive(anon):    27396 kB
Active(file):     250052 kB
Inactive(file):  1626940 kB
Unevictable:        5532 kB
Mlocked:            5532 kB
SwapTotal:       3145724 kB
SwapFree:        3145724 kB
Dirty:               616 kB
Writeback:             0 kB
AnonPages:       1293792 kB
Mapped:           867364 kB
Shmem:             29372 kB
KReclaimable:     800696 kB
Slab:             222696 kB
SReclaimable:      78208 kB
SUnreclaim:       144488 kB
KernelStack:       46928 kB
PageTables:        63604 kB
NFS_Unstable:          0 kB
Bounce:                0 kB
WritebackTmp:          0 kB
CommitLimit:     9202288 kB
Committed_AS:   67361176 kB
VmallocTotal:   263061440 kB
VmallocUsed:      103960 kB
VmallocChunk:          0 kB
Percpu:             7648 kB
CmaTotal:         294912 kB
CmaFree:               0 kB
MemTotal:       12113132 kB
MemFree:         6122112 kB
MemAvailable:    7931108 kB
Buffers:            6824 kB
Cached:          1904032 kB
SwapCached:            0 kB
Active:          1535464 kB
Inactive:        1654348 kB
Active(anon):    1285412 kB
Inactive(anon):    27396 kB
Active(file):     250052 kB
Inactive(file):  1626952 kB
Unevictable:        5532 kB
Mlocked:            5532 kB
SwapTotal:       3145724 kB
SwapFree:        3145724 kB
Dirty:               632 kB
Writeback:             0 kB
AnonPages:       1284576 kB
Mapped:           867364 kB
Shmem:             29372 kB
KReclaimable:     800696 kB
Slab:             222732 kB
SReclaimable:      78208 kB
SUnreclaim:       144524 kB
KernelStack:       46992 kB
PageTables:        63664 kB
NFS_Unstable:          0 kB
Bounce:                0 kB
WritebackTmp:          0 kB
CommitLimit:     9202288 kB
Committed_AS:   67356904 kB
VmallocTotal:   263061440 kB
VmallocUsed:      103944 kB
VmallocChunk:          0 kB
Percpu:             7648 kB
CmaTotal:         294912 kB
CmaFree:               0 kB
MemTotal:       12113132 kB
MemFree:         6120884 kB
MemAvailable:    7929900 kB
Buffers:            6824 kB
Cached:          1904076 kB
SwapCached:            0 kB
Active:          1536112 kB
Inactive:        1654392 kB
Active(anon):    1286060 kB
Inactive(anon):    27420 kB
Active(file):     250052 kB
Inactive(file):  1626972 kB
Unevictable:        5532 kB
Mlocked:            5532 kB
SwapTotal:       3145724 kB
SwapFree:        3145724 kB
Dirty:               708 kB
Writeback:             0 kB
AnonPages:       1285044 kB
Mapped:           867388 kB
Shmem:             29396 kB
KReclaimable:     800696 kB
Slab:             222688 kB
SReclaimable:      78208 kB
SUnreclaim:       144480 kB
KernelStack:       46928 kB
PageTables:        63600 kB
NFS_Unstable:          0 kB
Bounce:                0 kB
WritebackTmp:          0 kB
CommitLimit:     9202288 kB
Committed_AS:   67367128 kB
VmallocTotal:   263061440 kB
VmallocUsed:      103960 kB
VmallocChunk:          0 kB
Percpu:             7648 kB
CmaTotal:         294912 kB
CmaFree:               0 kB
MemTotal:       12113132 kB
MemFree:         6120700 kB
MemAvailable:    7929732 kB
Buffers:            6824 kB
Cached:          1904092 kB
SwapCached:            0 kB
Active:          1536768 kB
Inactive:        1654408 kB
Active(anon):    1286716 kB
Inactive(anon):    27420 kB
Active(file):     250052 kB
Inactive(file):  1626988 kB
Unevictable:        5532 kB
Mlocked:            5532 kB
SwapTotal:       3145724 kB
SwapFree:        3145724 kB
Dirty:               768 kB
Writeback:             0 kB
AnonPages:       1285840 kB
Mapped:           867576 kB
Shmem:             29396 kB
KReclaimable:     800696 kB
Slab:             222692 kB
SReclaimable:      78208 kB
SUnreclaim:       144484 kB
KernelStack:       46960 kB
PageTables:        63636 kB
NFS_Unstable:          0 kB
Bounce:                0 kB
WritebackTmp:          0 kB
CommitLimit:     9202288 kB
Committed_AS:   67367128 kB
VmallocTotal:   263061440 kB
VmallocUsed:      103960 kB
VmallocChunk:          0 kB
Percpu:             7648 kB
CmaTotal:         294912 kB
CmaFree:               0 kB
MemTotal:       12113132 kB
MemFree:         6119308 kB
MemAvailable:    7928348 kB
Buffers:            6824 kB
Cached:          1904100 kB
SwapCached:            0 kB
Active:          1537448 kB
Inactive:        1654416 kB
Active(anon):    1287396 kB
Inactive(anon):    27420 kB
Active(file):     250052 kB
Inactive(file):  1626996 kB
Unevictable:        5532 kB
Mlocked:            5532 kB
SwapTotal:       3145724 kB
SwapFree:        3145724 kB
Dirty:               780 kB
Writeback:             0 kB
AnonPages:       1286428 kB
Mapped:           867388 kB
Shmem:             29396 kB
KReclaimable:     800696 kB
Slab:             222684 kB
SReclaimable:      78208 kB
SUnreclaim:       144476 kB
KernelStack:       46928 kB
PageTables:        63596 kB
NFS_Unstable:          0 kB
Bounce:                0 kB
WritebackTmp:          0 kB
CommitLimit:     9202288 kB
Committed_AS:   67363792 kB
VmallocTotal:   263061440 kB
VmallocUsed:      103960 kB
VmallocChunk:          0 kB
Percpu:             7648 kB
CmaTotal:         294912 kB
CmaFree:               0 kB
MemTotal:       12113132 kB
MemFree:         6117816 kB
MemAvailable:    7926880 kB
Buffers:            6824 kB
Cached:          1904124 kB
SwapCached:            0 kB
Active:          1538184 kB
Inactive:        1654440 kB
Active(anon):    1288132 kB
Inactive(anon):    27420 kB
Active(file):     250052 kB
Inactive(file):  1627020 kB
Unevictable:        5532 kB
Mlocked:            5532 kB
SwapTotal:       3145724 kB
SwapFree:        3145724 kB
Dirty:               816 kB
Writeback:             0 kB
AnonPages:       1287052 kB
Mapped:           867392 kB
Shmem:             29396 kB
KReclaimable:     800696 kB
Slab:             222692 kB
SReclaimable:      78208 kB
SUnreclaim:       144484 kB
KernelStack:       46976 kB
PageTables:        63668 kB
NFS_Unstable:          0 kB
Bounce:                0 kB
WritebackTmp:          0 kB
CommitLimit:     9202288 kB
Committed_AS:   67369216 kB
VmallocTotal:   263061440 kB
VmallocUsed:      103960 kB
VmallocChunk:          0 kB
Percpu:             7648 kB
CmaTotal:         294912 kB
CmaFree:               0 kB
MemTotal:       12113132 kB
MemFree:         6118352 kB
MemAvailable:    7927432 kB
Buffers:            6824 kB
Cached:          1904140 kB
SwapCached:            0 kB
Active:          1538904 kB
Inactive:        1654456 kB
Active(anon):    1288852 kB
Inactive(anon):    27420 kB
Active(file):     250052 kB
Inactive(file):  1627036 kB
Unevictable:        5532 kB
Mlocked:            5532 kB
SwapTotal:       3145724 kB
SwapFree:        3145724 kB
Dirty:               836 kB
Writeback:             0 kB
AnonPages:       1287832 kB
Mapped:           867536 kB
Shmem:             29396 kB
KReclaimable:     800696 kB
Slab:             222676 kB
SReclaimable:      78208 kB
SUnreclaim:       144468 kB
KernelStack:       46928 kB
PageTables:        63592 kB
NFS_Unstable:          0 kB
Bounce:                0 kB
WritebackTmp:          0 kB
CommitLimit:     9202288 kB
Committed_AS:   67356088 kB
VmallocTotal:   263061440 kB
VmallocUsed:      103960 kB
VmallocChunk:          0 kB
Percpu:             7648 kB
CmaTotal:         294912 kB
CmaFree:               0 kB
MemTotal:       12113132 kB
MemFree:         6116612 kB
MemAvailable:    7925712 kB
Buffers:            6824 kB
Cached:          1904160 kB
SwapCached:            0 kB
Active:          1539196 kB
Inactive:        1654476 kB
Active(anon):    1289144 kB
Inactive(anon):    27420 kB
Active(file):     250052 kB
Inactive(file):  1627056 kB
Unevictable:        5532 kB
Mlocked:            5532 kB
SwapTotal:       3145724 kB
SwapFree:        3145724 kB
Dirty:               860 kB
Writeback:             0 kB
AnonPages:       1288336 kB
Mapped:           867392 kB
Shmem:             29396 kB
KReclaimable:     800696 kB
Slab:             222688 kB
SReclaimable:      78208 kB
SUnreclaim:       144480 kB
KernelStack:       46960 kB
PageTables:        63616 kB
NFS_Unstable:          0 kB
Bounce:                0 kB
WritebackTmp:          0 kB
CommitLimit:     9202288 kB
Committed_AS:   67365896 kB
VmallocTotal:   263061440 kB
VmallocUsed:      103960 kB
VmallocChunk:          0 kB
Percpu:             7648 kB
CmaTotal:         294912 kB
CmaFree:               0 kB
MemTotal:       12113132 kB
MemFree:         6116264 kB
MemAvailable:    7925376 kB
Buffers:            6824 kB
Cached:          1904172 kB
SwapCached:            0 kB
Active:          1540020 kB
Inactive:        1654488 kB
Active(anon):    1289968 kB
Inactive(anon):    27420 kB
Active(file):     250052 kB
Inactive(file):  1627068 kB
Unevictable:        5532 kB
Mlocked:            5532 kB
SwapTotal:       3145724 kB
SwapFree:        3145724 kB
Dirty:               884 kB
Writeback:             0 kB
AnonPages:       1288976 kB
Mapped:           867392 kB
Shmem:             29396 kB
KReclaimable:     800696 kB
Slab:             222676 kB
SReclaimable:      78208 kB
SUnreclaim:       144468 kB
KernelStack:       46928 kB
PageTables:        63600 kB
NFS_Unstable:          0 kB
Bounce:                0 kB
WritebackTmp:          0 kB
CommitLimit:     9202288 kB
Committed_AS:   67365884 kB
VmallocTotal:   263061440 kB
VmallocUsed:      103976 kB
VmallocChunk:          0 kB
Percpu:             7648 kB
CmaTotal:         294912 kB
CmaFree:               0 kB
MemTotal:       12113132 kB
MemFree:         6117096 kB
MemAvailable:    7926244 kB
Buffers:            6828 kB
Cached:          1904204 kB
SwapCached:            0 kB
Active:          1538592 kB
Inactive:        1654520 kB
Active(anon):    1288536 kB
Inactive(anon):    27420 kB
Active(file):     250056 kB
Inactive(file):  1627100 kB
Unevictable:        5532 kB
Mlocked:            5532 kB
SwapTotal:       3145724 kB
SwapFree:        3145724 kB
Dirty:               868 kB
Writeback:             0 kB
AnonPages:       1287684 kB
Mapped:           867512 kB
Shmem:             29396 kB
KReclaimable:     800696 kB
Slab:             222684 kB
SReclaimable:      78208 kB
SUnreclaim:       144476 kB
KernelStack:       46976 kB
PageTables:        63676 kB
NFS_Unstable:          0 kB
Bounce:                0 kB
WritebackTmp:          0 kB
CommitLimit:     9202288 kB
Committed_AS:   67365752 kB
VmallocTotal:   263061440 kB
VmallocUsed:      103992 kB
VmallocChunk:          0 kB
Percpu:             7648 kB
CmaTotal:         294912 kB
CmaFree:               0 kB
MemTotal:       12113132 kB
MemFree:         6116360 kB
MemAvailable:    7925524 kB
Buffers:            6828 kB
Cached:          1904220 kB
SwapCached:            0 kB
Active:          1539084 kB
Inactive:        1654536 kB
Active(anon):    1289028 kB
Inactive(anon):    27420 kB
Active(file):     250056 kB
Inactive(file):  1627116 kB
Unevictable:        5532 kB
Mlocked:            5532 kB
SwapTotal:       3145724 kB
SwapFree:        3145724 kB
Dirty:               884 kB
Writeback:             0 kB
AnonPages:       1288040 kB
Mapped:           867392 kB
Shmem:             29396 kB
KReclaimable:     800696 kB
Slab:             222676 kB
SReclaimable:      78208 kB
SUnreclaim:       144468 kB
KernelStack:       46928 kB
PageTables:        63596 kB
NFS_Unstable:          0 kB
Bounce:                0 kB
WritebackTmp:          0 kB
CommitLimit:     9202288 kB
Committed_AS:   67365664 kB
VmallocTotal:   263061440 kB
VmallocUsed:      104008 kB
VmallocChunk:          0 kB
Percpu:             7648 kB
CmaTotal:         294912 kB
CmaFree:               0 kB
MemTotal:       12113132 kB
MemFree:         6115268 kB
MemAvailable:    7924448 kB
Buffers:            6828 kB
Cached:          1904236 kB
SwapCached:            0 kB
Active:          1539792 kB
Inactive:        1654552 kB
Active(anon):    1289736 kB
Inactive(anon):    27420 kB
Active(file):     250056 kB
Inactive(file):  1627132 kB
Unevictable:        5532 kB
Mlocked:            5532 kB
SwapTotal:       3145724 kB
SwapFree:        3145724 kB
Dirty:               916 kB
Writeback:             0 kB
AnonPages:       1288896 kB
Mapped:           867500 kB
Shmem:             29396 kB
KReclaimable:     800696 kB
Slab:             222688 kB
SReclaimable:      78208 kB
SUnreclaim:       144480 kB
KernelStack:       46976 kB
PageTables:        63704 kB
NFS_Unstable:          0 kB
Bounce:                0 kB
WritebackTmp:          0 kB
CommitLimit:     9202288 kB
Committed_AS:   67365488 kB
VmallocTotal:   263061440 kB
VmallocUsed:      104008 kB
VmallocChunk:          0 kB
Percpu:             7648 kB
CmaTotal:         294912 kB
CmaFree:               0 kB
MemTotal:       12113132 kB
MemFree:         6115808 kB
MemAvailable:    7925004 kB
Buffers:            6828 kB
Cached:          1904252 kB
SwapCached:            0 kB
Active:          1540472 kB
Inactive:        1654568 kB
Active(anon):    1290416 kB
Inactive(anon):    27420 kB
Active(file):     250056 kB
Inactive(file):  1627148 kB
Unevictable:        5532 kB
Mlocked:            5532 kB
SwapTotal:       3145724 kB
SwapFree:        3145724 kB
Dirty:               936 kB
Writeback:             0 kB
AnonPages:       1289496 kB
Mapped:           867392 kB
Shmem:             29396 kB
KReclaimable:     800696 kB
Slab:             222672 kB
SReclaimable:      78208 kB
SUnreclaim:       144464 kB
KernelStack:       46896 kB
PageTables:        63596 kB
NFS_Unstable:          0 kB
Bounce:                0 kB
WritebackTmp:          0 kB
CommitLimit:     9202288 kB
Committed_AS:   67365084 kB
VmallocTotal:   263061440 kB
VmallocUsed:      103944 kB
VmallocChunk:          0 kB
Percpu:             7648 kB
CmaTotal:         294912 kB
CmaFree:               0 kB
MemTotal:       12113132 kB
MemFree:         6115376 kB
MemAvailable:    7924592 kB
Buffers:            6828 kB
Cached:          1904276 kB
SwapCached:            0 kB
Active:          1541024 kB
Inactive:        1654596 kB
Active(anon):    1290972 kB
Inactive(anon):    27424 kB
Active(file):     250052 kB
Inactive(file):  1627172 kB
Unevictable:        5532 kB
Mlocked:            5532 kB
SwapTotal:       3145724 kB
SwapFree:        3145724 kB
Dirty:               984 kB
Writeback:             0 kB
AnonPages:       1289936 kB
Mapped:           867396 kB
Shmem:             29400 kB
KReclaimable:     800696 kB
Slab:             222676 kB
SReclaimable:      78208 kB
SUnreclaim:       144468 kB
KernelStack:       46928 kB
PageTables:        63652 kB
NFS_Unstable:          0 kB
Bounce:                0 kB
WritebackTmp:          0 kB
CommitLimit:     9202288 kB
Committed_AS:   67362316 kB
VmallocTotal:   263061440 kB
VmallocUsed:      103928 kB
VmallocChunk:          0 kB
Percpu:             7648 kB
CmaTotal:         294912 kB
CmaFree:               0 kB
MemTotal:       12113132 kB
MemFree:         6113948 kB
MemAvailable:    7923180 kB
Buffers:            6828 kB
Cached:          1904296 kB
SwapCached:            0 kB
Active:          1541648 kB
Inactive:        1654616 kB
Active(anon):    1291596 kB
Inactive(anon):    27428 kB
Active(file):     250052 kB
Inactive(file):  1627188 kB
Unevictable:        5532 kB
Mlocked:            5532 kB
SwapTotal:       3145724 kB
SwapFree:        3145724 kB
Dirty:              1016 kB
Writeback:             0 kB
AnonPages:       1290624 kB
Mapped:           867400 kB
Shmem:             29404 kB
KReclaimable:     800696 kB
Slab:             222680 kB
SReclaimable:      78208 kB
SUnreclaim:       144472 kB
KernelStack:       46896 kB
PageTables:        63596 kB
NFS_Unstable:          0 kB
Bounce:                0 kB
WritebackTmp:          0 kB
CommitLimit:     9202288 kB
Committed_AS:   67366000 kB
VmallocTotal:   263061440 kB
VmallocUsed:      103912 kB
VmallocChunk:          0 kB
Percpu:             7648 kB
CmaTotal:         294912 kB
CmaFree:               0 kB
MemTotal:       12113132 kB
MemFree:         6122832 kB
MemAvailable:    7932080 kB
Buffers:            6828 kB
Cached:          1904312 kB
SwapCached:            0 kB
Active:          1532264 kB
Inactive:        1654632 kB
Active(anon):    1282212 kB
Inactive(anon):    27428 kB
Active(file):     250052 kB
Inactive(file):  1627204 kB
Unevictable:        5532 kB
Mlocked:            5532 kB
SwapTotal:       3145724 kB
SwapFree:        3145724 kB
Dirty:              1032 kB
Writeback:             0 kB
AnonPages:       1281356 kB
Mapped:           867400 kB
Shmem:             29404 kB
KReclaimable:     800696 kB
Slab:             222676 kB
SReclaimable:      78208 kB
SUnreclaim:       144468 kB
KernelStack:       46944 kB
PageTables:        63664 kB
NFS_Unstable:          0 kB
Bounce:                0 kB
WritebackTmp:          0 kB
CommitLimit:     9202288 kB
Committed_AS:   67365608 kB
VmallocTotal:   263061440 kB
VmallocUsed:      103912 kB
VmallocChunk:          0 kB
Percpu:             7648 kB
CmaTotal:         294912 kB
CmaFree:               0 kB
MemTotal:       12113132 kB
MemFree:         6122868 kB
MemAvailable:    7932132 kB
Buffers:            6828 kB
Cached:          1904332 kB
SwapCached:            0 kB
Active:          1532828 kB
Inactive:        1654652 kB
Active(anon):    1282776 kB
Inactive(anon):    27432 kB
Active(file):     250052 kB
Inactive(file):  1627220 kB
Unevictable:        5532 kB
Mlocked:            5532 kB
SwapTotal:       3145724 kB
SwapFree:        3145724 kB
Dirty:               360 kB
Writeback:             0 kB
AnonPages:       1281752 kB
Mapped:           867404 kB
Shmem:             29408 kB
KReclaimable:     800696 kB
Slab:             222676 kB
SReclaimable:      78208 kB
SUnreclaim:       144468 kB
KernelStack:       46896 kB
PageTables:        63596 kB
NFS_Unstable:          0 kB
Bounce:                0 kB
WritebackTmp:          0 kB
CommitLimit:     9202288 kB
Committed_AS:   67360056 kB
VmallocTotal:   263061440 kB
VmallocUsed:      103928 kB
VmallocChunk:          0 kB
Percpu:             7648 kB
CmaTotal:         294912 kB
CmaFree:               0 kB
MemTotal:       12113132 kB
MemFree:         6148252 kB
MemAvailable:    7957536 kB
Buffers:            6828 kB
Cached:          1904352 kB
SwapCached:            0 kB
Active:          1506864 kB
Inactive:        1654672 kB
Active(anon):    1256812 kB
Inactive(anon):    27432 kB
Active(file):     250052 kB
Inactive(file):  1627240 kB
Unevictable:        5532 kB
Mlocked:            5532 kB
SwapTotal:       3145724 kB
SwapFree:        3145724 kB
Dirty:               412 kB
Writeback:             0 kB
AnonPages:       1256016 kB
Mapped:           867512 kB
Shmem:             29408 kB
KReclaimable:     800696 kB
Slab:             222676 kB
SReclaimable:      78208 kB
SUnreclaim:       144468 kB
KernelStack:       46944 kB
PageTables:        63696 kB
NFS_Unstable:          0 kB
Bounce:                0 kB
WritebackTmp:          0 kB
CommitLimit:     9202288 kB
Committed_AS:   67360384 kB
VmallocTotal:   263061440 kB
VmallocUsed:      103912 kB
VmallocChunk:          0 kB
Percpu:             7648 kB
CmaTotal:         294912 kB
CmaFree:               0 kB
MemTotal:       12113132 kB
MemFree:         6151364 kB
MemAvailable:    7960660 kB
Buffers:            6828 kB
Cached:          1904364 kB
SwapCached:            0 kB
Active:          1503832 kB
Inactive:        1654684 kB
Active(anon):    1253780 kB
Inactive(anon):    27432 kB
Active(file):     250052 kB
Inactive(file):  1627252 kB
Unevictable:        5532 kB
Mlocked:            5532 kB
SwapTotal:       3145724 kB
SwapFree:        3145724 kB
Dirty:               456 kB
Writeback:             0 kB
AnonPages:       1252836 kB
Mapped:           867404 kB
Shmem:             29408 kB
KReclaimable:     800696 kB
Slab:             222672 kB
SReclaimable:      78208 kB
SUnreclaim:       144464 kB
KernelStack:       46896 kB
PageTables:        63600 kB
NFS_Unstable:          0 kB
Bounce:                0 kB
WritebackTmp:          0 kB
CommitLimit:     9202288 kB
Committed_AS:   67355536 kB
VmallocTotal:   263061440 kB
VmallocUsed:      103944 kB
VmallocChunk:          0 kB
Percpu:             7648 kB
CmaTotal:         294912 kB
CmaFree:               0 kB
MemTotal:       12113132 kB
MemFree:         6151092 kB
MemAvailable:    7960404 kB
Buffers:            6828 kB
Cached:          1904380 kB
SwapCached:            0 kB
Active:          1504736 kB
Inactive:        1654700 kB
Active(anon):    1254684 kB
Inactive(anon):    27432 kB
Active(file):     250052 kB
Inactive(file):  1627268 kB
Unevictable:        5532 kB
Mlocked:            5532 kB
SwapTotal:       3145724 kB
SwapFree:        3145724 kB
Dirty:               484 kB
Writeback:             0 kB
AnonPages:       1254124 kB
Mapped:           867468 kB
Shmem:             29408 kB
KReclaimable:     800696 kB
Slab:             222692 kB
SReclaimable:      78208 kB
SUnreclaim:       144484 kB
KernelStack:       46944 kB
PageTables:        63712 kB
NFS_Unstable:          0 kB
Bounce:                0 kB
WritebackTmp:          0 kB
CommitLimit:     9202288 kB
Committed_AS:   67350232 kB
VmallocTotal:   263061440 kB
VmallocUsed:      103912 kB
VmallocChunk:          0 kB
Percpu:             7648 kB
CmaTotal:         294912 kB
CmaFree:               0 kB
MemTotal:       12113132 kB
MemFree:         6161392 kB
MemAvailable:    7970688 kB
Buffers:            6828 kB
Cached:          1904296 kB
SwapCached:            0 kB
Active:          1496824 kB
Inactive:        1652960 kB
Active(anon):    1245120 kB
Inactive(anon):    27328 kB
Active(file):     251704 kB
Inactive(file):  1625632 kB
Unevictable:        5532 kB
Mlocked:            5532 kB
SwapTotal:       3145724 kB
SwapFree:        3145724 kB
Dirty:               548 kB
Writeback:             0 kB
AnonPages:       1244104 kB
Mapped:           861772 kB
Shmem:             29308 kB
KReclaimable:     800664 kB
Slab:             222092 kB
SReclaimable:      78176 kB
SUnreclaim:       143916 kB
KernelStack:       46272 kB
PageTables:        62736 kB
NFS_Unstable:          0 kB
Bounce:                0 kB
WritebackTmp:          0 kB
CommitLimit:     9202288 kB
Committed_AS:   66026920 kB
VmallocTotal:   263061440 kB
VmallocUsed:      103248 kB
VmallocChunk:          0 kB
Percpu:             7648 kB
CmaTotal:         294912 kB
CmaFree:               0 kB
MemTotal:       12113132 kB
MemFree:         6169880 kB
MemAvailable:    7979192 kB
Buffers:            6828 kB
Cached:          1904312 kB
SwapCached:            0 kB
Active:          1488324 kB
Inactive:        1652976 kB
Active(anon):    1236620 kB
Inactive(anon):    27328 kB
Active(file):     251704 kB
Inactive(file):  1625648 kB
Unevictable:        5532 kB
Mlocked:            5532 kB
SwapTotal:       3145724 kB
SwapFree:        3145724 kB
Dirty:               576 kB
Writeback:             0 kB
AnonPages:       1235832 kB
Mapped:           861788 kB
Shmem:             29308 kB
KReclaimable:     800664 kB
Slab:             222076 kB
SReclaimable:      78176 kB
SUnreclaim:       143900 kB
KernelStack:       46368 kB
PageTables:        62784 kB
NFS_Unstable:          0 kB
Bounce:                0 kB
WritebackTmp:          0 kB
CommitLimit:     9202288 kB
Committed_AS:   66026252 kB
VmallocTotal:   263061440 kB
VmallocUsed:      103264 kB
VmallocChunk:          0 kB
Percpu:             7648 kB
CmaTotal:         294912 kB
CmaFree:               0 kB
MemTotal:       12113132 kB
MemFree:         6170040 kB
MemAvailable:    7979368 kB
Buffers:            6828 kB
Cached:          1904328 kB
SwapCached:            0 kB
Active:          1489048 kB
Inactive:        1652992 kB
Active(anon):    1237344 kB
Inactive(anon):    27328 kB
Active(file):     251704 kB
Inactive(file):  1625664 kB
Unevictable:        5532 kB
Mlocked:            5532 kB
SwapTotal:       3145724 kB
SwapFree:        3145724 kB
Dirty:               592 kB
Writeback:             0 kB
AnonPages:       1236300 kB
Mapped:           861772 kB
Shmem:             29308 kB
KReclaimable:     800664 kB
Slab:             222076 kB
SReclaimable:      78176 kB
SUnreclaim:       143900 kB
KernelStack:       46352 kB
PageTables:        62708 kB
NFS_Unstable:          0 kB
Bounce:                0 kB
WritebackTmp:          0 kB
CommitLimit:     9202288 kB
Committed_AS:   66020440 kB
VmallocTotal:   263061440 kB
VmallocUsed:      103296 kB
VmallocChunk:          0 kB
Percpu:             7648 kB
CmaTotal:         294912 kB
CmaFree:               0 kB
MemTotal:       12113132 kB
MemFree:         6169384 kB
MemAvailable:    7978728 kB
Buffers:            6828 kB
Cached:          1904344 kB
SwapCached:            0 kB
Active:          1489916 kB
Inactive:        1653008 kB
Active(anon):    1238212 kB
Inactive(anon):    27328 kB
Active(file):     251704 kB
Inactive(file):  1625680 kB
Unevictable:        5532 kB
Mlocked:            5532 kB
SwapTotal:       3145724 kB
SwapFree:        3145724 kB
Dirty:               624 kB
Writeback:             0 kB
AnonPages:       1237332 kB
Mapped:           861808 kB
Shmem:             29308 kB
KReclaimable:     800664 kB
Slab:             222076 kB
SReclaimable:      78176 kB
SUnreclaim:       143900 kB
KernelStack:       46384 kB
PageTables:        62832 kB
NFS_Unstable:          0 kB
Bounce:                0 kB
WritebackTmp:          0 kB
CommitLimit:     9202288 kB
Committed_AS:   66021464 kB
VmallocTotal:   263061440 kB
VmallocUsed:      103312 kB
VmallocChunk:          0 kB
Percpu:             7648 kB
CmaTotal:         294912 kB
CmaFree:               0 kB
MemTotal:       12113132 kB
MemFree:         6169560 kB
MemAvailable:    7978952 kB
Buffers:            6836 kB
Cached:          1904384 kB
SwapCached:            0 kB
Active:          1490648 kB
Inactive:        1653048 kB
Active(anon):    1238936 kB
Inactive(anon):    27328 kB
Active(file):     251712 kB
Inactive(file):  1625720 kB
Unevictable:        5532 kB
Mlocked:            5532 kB
SwapTotal:       3145724 kB
SwapFree:        3145724 kB
Dirty:               620 kB
Writeback:             0 kB
AnonPages:       1237960 kB
Mapped:           861772 kB
Shmem:             29308 kB
KReclaimable:     800664 kB
Slab:             222076 kB
SReclaimable:      78176 kB
SUnreclaim:       143900 kB
KernelStack:       46336 kB
PageTables:        62744 kB
NFS_Unstable:          0 kB
Bounce:                0 kB
WritebackTmp:          0 kB
CommitLimit:     9202288 kB
Committed_AS:   66021392 kB
VmallocTotal:   263061440 kB
VmallocUsed:      103328 kB
VmallocChunk:          0 kB
Percpu:             7648 kB
CmaTotal:         294912 kB
CmaFree:               0 kB
MemTotal:       12113132 kB
MemFree:         6169476 kB
MemAvailable:    7978880 kB
Buffers:            6836 kB
Cached:          1904396 kB
SwapCached:            0 kB
Active:          1491172 kB
Inactive:        1653060 kB
Active(anon):    1239460 kB
Inactive(anon):    27328 kB
Active(file):     251712 kB
Inactive(file):  1625732 kB
Unevictable:        5532 kB
Mlocked:            5532 kB
SwapTotal:       3145724 kB
SwapFree:        3145724 kB
Dirty:               632 kB
Writeback:             0 kB
AnonPages:       1238764 kB
Mapped:           861792 kB
Shmem:             29308 kB
KReclaimable:     800664 kB
Slab:             222060 kB
SReclaimable:      78176 kB
SUnreclaim:       143884 kB
KernelStack:       46384 kB
PageTables:        62924 kB
NFS_Unstable:          0 kB
Bounce:                0 kB
WritebackTmp:          0 kB
CommitLimit:     9202288 kB
Committed_AS:   66015804 kB
VmallocTotal:   263061440 kB
VmallocUsed:      103328 kB
VmallocChunk:          0 kB
Percpu:             7648 kB
CmaTotal:         294912 kB
CmaFree:               0 kB
MemTotal:       12113132 kB
MemFree:         6169068 kB
MemAvailable:    7978484 kB
Buffers:            6836 kB
Cached:          1904408 kB
SwapCached:            0 kB
Active:          1491988 kB
Inactive:        1653072 kB
Active(anon):    1240276 kB
Inactive(anon):    27328 kB
Active(file):     251712 kB
Inactive(file):  1625744 kB
Unevictable:        5532 kB
Mlocked:            5532 kB
SwapTotal:       3145724 kB
SwapFree:        3145724 kB
Dirty:               656 kB
Writeback:             0 kB
AnonPages:       1239264 kB
Mapped:           861772 kB
Shmem:             29308 kB
KReclaimable:     800664 kB
Slab:             222068 kB
SReclaimable:      78176 kB
SUnreclaim:       143892 kB
KernelStack:       46352 kB
PageTables:        62868 kB
NFS_Unstable:          0 kB
Bounce:                0 kB
WritebackTmp:          0 kB
CommitLimit:     9202288 kB
Committed_AS:   66025940 kB
VmallocTotal:   263061440 kB
VmallocUsed:      103328 kB
VmallocChunk:          0 kB
Percpu:             7648 kB
CmaTotal:         294912 kB
CmaFree:               0 kB
MemTotal:       12113132 kB
MemFree:         6169932 kB
MemAvailable:    7979376 kB
Buffers:            6836 kB
Cached:          1904436 kB
SwapCached:            0 kB
Active:          1491764 kB
Inactive:        1653100 kB
Active(anon):    1240052 kB
Inactive(anon):    27328 kB
Active(file):     251712 kB
Inactive(file):  1625772 kB
Unevictable:        5532 kB
Mlocked:            5532 kB
SwapTotal:       3145724 kB
SwapFree:        3145724 kB
Dirty:               688 kB
Writeback:             0 kB
AnonPages:       1239236 kB
Mapped:           861896 kB
Shmem:             29308 kB
KReclaimable:     800664 kB
Slab:             222068 kB
SReclaimable:      78176 kB
SUnreclaim:       143892 kB
KernelStack:       46432 kB
PageTables:        62956 kB
NFS_Unstable:          0 kB
Bounce:                0 kB
WritebackTmp:          0 kB
CommitLimit:     9202288 kB
Committed_AS:   66021360 kB
VmallocTotal:   263061440 kB
VmallocUsed:      103312 kB
VmallocChunk:          0 kB
Percpu:             7648 kB
CmaTotal:         294912 kB
CmaFree:               0 kB
MemTotal:       12113132 kB
MemFree:         6168912 kB
MemAvailable:    7978364 kB
Buffers:            6836 kB
Cached:          1904444 kB
SwapCached:            0 kB
Active:          1492312 kB
Inactive:        1653012 kB
Active(anon):    1240504 kB
Inactive(anon):    27328 kB
Active(file):     251808 kB
Inactive(file):  1625684 kB
Unevictable:        5532 kB
Mlocked:            5532 kB
SwapTotal:       3145724 kB
SwapFree:        3145724 kB
Dirty:               728 kB
Writeback:             0 kB
AnonPages:       1239456 kB
Mapped:           861772 kB
Shmem:             29308 kB
KReclaimable:     800664 kB
Slab:             222060 kB
SReclaimable:      78176 kB
SUnreclaim:       143884 kB
KernelStack:       46352 kB
PageTables:        62728 kB
NFS_Unstable:          0 kB
Bounce:                0 kB
WritebackTmp:          0 kB
CommitLimit:     9202288 kB
Committed_AS:   66016624 kB
VmallocTotal:   263061440 kB
VmallocUsed:      103344 kB
VmallocChunk:          0 kB
Percpu:             7648 kB
CmaTotal:         294912 kB
CmaFree:               0 kB
MemTotal:       12113132 kB
MemFree:         6168300 kB
MemAvailable:    7977764 kB
Buffers:            6836 kB
Cached:          1904456 kB
SwapCached:            0 kB
Active:          1492640 kB
Inactive:        1653024 kB
Active(anon):    1240832 kB
Inactive(anon):    27328 kB
Active(file):     251808 kB
Inactive(file):  1625696 kB
Unevictable:        5532 kB
Mlocked:            5532 kB
SwapTotal:       3145724 kB
SwapFree:        3145724 kB
Dirty:               756 kB
Writeback:             0 kB
AnonPages:       1239920 kB
Mapped:           861828 kB
Shmem:             29308 kB
KReclaimable:     800664 kB
Slab:             222068 kB
SReclaimable:      78176 kB
SUnreclaim:       143892 kB
KernelStack:       46372 kB
PageTables:        62964 kB
NFS_Unstable:          0 kB
Bounce:                0 kB
WritebackTmp:          0 kB
CommitLimit:     9202288 kB
Committed_AS:   66021880 kB
VmallocTotal:   263061440 kB
VmallocUsed:      103376 kB
VmallocChunk:          0 kB
Percpu:             7648 kB
CmaTotal:         294912 kB
CmaFree:               0 kB
MemTotal:       12113132 kB
MemFree:         6151792 kB
MemAvailable:    7961268 kB
Buffers:            6836 kB
Cached:          1904468 kB
SwapCached:            0 kB
Active:          1512240 kB
Inactive:        1653036 kB
Active(anon):    1260432 kB
Inactive(anon):    27328 kB
Active(file):     251808 kB
Inactive(file):  1625708 kB
Unevictable:        5532 kB
Mlocked:            5532 kB
SwapTotal:       3145724 kB
SwapFree:        3145724 kB
Dirty:               808 kB
Writeback:             0 kB
AnonPages:       1260020 kB
Mapped:           861968 kB
Shmem:             29308 kB
KReclaimable:     800664 kB
Slab:             222020 kB
SReclaimable:      78176 kB
SUnreclaim:       143844 kB
KernelStack:       46320 kB
PageTables:        62984 kB
NFS_Unstable:          0 kB
Bounce:                0 kB
WritebackTmp:          0 kB
CommitLimit:     9202288 kB
Committed_AS:   66031724 kB
VmallocTotal:   263061440 kB
VmallocUsed:      103328 kB
VmallocChunk:          0 kB
Percpu:             7648 kB
CmaTotal:         294912 kB
CmaFree:               0 kB
MemTotal:       12113132 kB
MemFree:         6158376 kB
MemAvailable:    7967864 kB
Buffers:            6836 kB
Cached:          1904496 kB
SwapCached:            0 kB
Active:          1502844 kB
Inactive:        1653064 kB
Active(anon):    1251036 kB
Inactive(anon):    27328 kB
Active(file):     251808 kB
Inactive(file):  1625736 kB
Unevictable:        5532 kB
Mlocked:            5532 kB
SwapTotal:       3145724 kB
SwapFree:        3145724 kB
Dirty:               844 kB
Writeback:             0 kB
AnonPages:       1250220 kB
Mapped:           861772 kB
Shmem:             29308 kB
KReclaimable:     800648 kB
Slab:             222052 kB
SReclaimable:      78160 kB
SUnreclaim:       143892 kB
KernelStack:       46400 kB
PageTables:        62860 kB
NFS_Unstable:          0 kB
Bounce:                0 kB
WritebackTmp:          0 kB
CommitLimit:     9202288 kB
Committed_AS:   66031404 kB
VmallocTotal:   263061440 kB
VmallocUsed:      103344 kB
VmallocChunk:          0 kB
Percpu:             7648 kB
CmaTotal:         294912 kB
CmaFree:               0 kB
MemTotal:       12113132 kB
MemFree:         6144512 kB
MemAvailable:    7954008 kB
Buffers:            6836 kB
Cached:          1904504 kB
SwapCached:            0 kB
Active:          1519860 kB
Inactive:        1653072 kB
Active(anon):    1268052 kB
Inactive(anon):    27328 kB
Active(file):     251808 kB
Inactive(file):  1625744 kB
Unevictable:        5532 kB
Mlocked:            5532 kB
SwapTotal:       3145724 kB
SwapFree:        3145724 kB
Dirty:               784 kB
Writeback:             0 kB
AnonPages:       1267192 kB
Mapped:           861772 kB
Shmem:             29308 kB
KReclaimable:     800648 kB
Slab:             222052 kB
SReclaimable:      78160 kB
SUnreclaim:       143892 kB
KernelStack:       46352 kB
PageTables:        62740 kB
NFS_Unstable:          0 kB
Bounce:                0 kB
WritebackTmp:          0 kB
CommitLimit:     9202288 kB
Committed_AS:   66030772 kB
VmallocTotal:   263061440 kB
VmallocUsed:      103360 kB
VmallocChunk:          0 kB
Percpu:             7648 kB
CmaTotal:         294912 kB
CmaFree:               0 kB
MemTotal:       12113132 kB
MemFree:         6139132 kB
MemAvailable:    7948648 kB
Buffers:            6836 kB
Cached:          1904524 kB
SwapCached:            0 kB
Active:          1521328 kB
Inactive:        1653092 kB
Active(anon):    1269520 kB
Inactive(anon):    27328 kB
Active(file):     251808 kB
Inactive(file):  1625764 kB
Unevictable:        5532 kB
Mlocked:            5532 kB
SwapTotal:       3145724 kB
SwapFree:        3145724 kB
Dirty:               832 kB
Writeback:             0 kB
AnonPages:       1268700 kB
Mapped:           861772 kB
Shmem:             29308 kB
KReclaimable:     800648 kB
Slab:             222052 kB
SReclaimable:      78160 kB
SUnreclaim:       143892 kB
KernelStack:       46400 kB
PageTables:        62844 kB
NFS_Unstable:          0 kB
Bounce:                0 kB
WritebackTmp:          0 kB
CommitLimit:     9202288 kB
Committed_AS:   66037664 kB
VmallocTotal:   263061440 kB
VmallocUsed:      103344 kB
VmallocChunk:          0 kB
Percpu:             7648 kB
CmaTotal:         294912 kB
CmaFree:               0 kB
MemTotal:       12113132 kB
MemFree:         6139396 kB
MemAvailable:    7948924 kB
Buffers:            6836 kB
Cached:          1904536 kB
SwapCached:            0 kB
Active:          1521688 kB
Inactive:        1653104 kB
Active(anon):    1269880 kB
Inactive(anon):    27328 kB
Active(file):     251808 kB
Inactive(file):  1625776 kB
Unevictable:        5532 kB
Mlocked:            5532 kB
SwapTotal:       3145724 kB
SwapFree:        3145724 kB
Dirty:               844 kB
Writeback:             0 kB
AnonPages:       1268916 kB
Mapped:           861772 kB
Shmem:             29308 kB
KReclaimable:     800648 kB
Slab:             222052 kB
SReclaimable:      78160 kB
SUnreclaim:       143892 kB
KernelStack:       46352 kB
PageTables:        62744 kB
NFS_Unstable:          0 kB
Bounce:                0 kB
WritebackTmp:          0 kB
CommitLimit:     9202288 kB
Committed_AS:   66037440 kB
VmallocTotal:   263061440 kB
VmallocUsed:      103392 kB
VmallocChunk:          0 kB
Percpu:             7648 kB
CmaTotal:         294912 kB
CmaFree:               0 kB
MemTotal:       12113132 kB
MemFree:         6138156 kB
MemAvailable:    7947704 kB
Buffers:            6836 kB
Cached:          1904556 kB
SwapCached:            0 kB
Active:          1522612 kB
Inactive:        1653120 kB
Active(anon):    1270800 kB
Inactive(anon):    27328 kB
Active(file):     251812 kB
Inactive(file):  1625792 kB
Unevictable:        5532 kB
Mlocked:            5532 kB
SwapTotal:       3145724 kB
SwapFree:        3145724 kB
Dirty:               904 kB
Writeback:             0 kB
AnonPages:       1269684 kB
Mapped:           861788 kB
Shmem:             29308 kB
KReclaimable:     800648 kB
Slab:             222060 kB
SReclaimable:      78160 kB
SUnreclaim:       143900 kB
KernelStack:       46384 kB
PageTables:        62772 kB
NFS_Unstable:          0 kB
Bounce:                0 kB
WritebackTmp:          0 kB
CommitLimit:     9202288 kB
Committed_AS:   66034288 kB
VmallocTotal:   263061440 kB
VmallocUsed:      103408 kB
VmallocChunk:          0 kB
Percpu:             7648 kB
CmaTotal:         294912 kB
CmaFree:               0 kB
MemTotal:       12113132 kB
MemFree:         6162996 kB
MemAvailable:    7972560 kB
Buffers:            6836 kB
Cached:          1904572 kB
SwapCached:            0 kB
Active:          1496536 kB
Inactive:        1653140 kB
Active(anon):    1244728 kB
Inactive(anon):    27328 kB
Active(file):     251808 kB
Inactive(file):  1625812 kB
Unevictable:        5532 kB
Mlocked:            5532 kB
SwapTotal:       3145724 kB
SwapFree:        3145724 kB
Dirty:               920 kB
Writeback:             0 kB
AnonPages:       1243884 kB
Mapped:           861772 kB
Shmem:             29308 kB
KReclaimable:     800648 kB
Slab:             222052 kB
SReclaimable:      78160 kB
SUnreclaim:       143892 kB
KernelStack:       46352 kB
PageTables:        62748 kB
NFS_Unstable:          0 kB
Bounce:                0 kB
WritebackTmp:          0 kB
CommitLimit:     9202288 kB
Committed_AS:   66035108 kB
VmallocTotal:   263061440 kB
VmallocUsed:      103392 kB
VmallocChunk:          0 kB
Percpu:             7648 kB
CmaTotal:         294912 kB
CmaFree:               0 kB
MemTotal:       12113132 kB
MemFree:         6162188 kB
MemAvailable:    7971768 kB
Buffers:            6836 kB
Cached:          1904588 kB
SwapCached:            0 kB
Active:          1497212 kB
Inactive:        1653152 kB
Active(anon):    1245400 kB
Inactive(anon):    27328 kB
Active(file):     251812 kB
Inactive(file):  1625824 kB
Unevictable:        5532 kB
Mlocked:            5532 kB
SwapTotal:       3145724 kB
SwapFree:        3145724 kB
Dirty:               936 kB
Writeback:             0 kB
AnonPages:       1244496 kB
Mapped:           861880 kB
Shmem:             29308 kB
KReclaimable:     800648 kB
Slab:             222044 kB
SReclaimable:      78160 kB
SUnreclaim:       143884 kB
KernelStack:       46384 kB
PageTables:        62788 kB
NFS_Unstable:          0 kB
Bounce:                0 kB
WritebackTmp:          0 kB
CommitLimit:     9202288 kB
Committed_AS:   66035120 kB
VmallocTotal:   263061440 kB
VmallocUsed:      103376 kB
VmallocChunk:          0 kB
Percpu:             7648 kB
CmaTotal:         294912 kB
CmaFree:               0 kB
MemTotal:       12113132 kB
MemFree:         6171096 kB
MemAvailable:    7980692 kB
Buffers:            6836 kB
Cached:          1904604 kB
SwapCached:            0 kB
Active:          1488212 kB
Inactive:        1653168 kB
Active(anon):    1236400 kB
Inactive(anon):    27328 kB
Active(file):     251812 kB
Inactive(file):  1625840 kB
Unevictable:        5532 kB
Mlocked:            5532 kB
SwapTotal:       3145724 kB
SwapFree:        3145724 kB
Dirty:               964 kB
Writeback:             0 kB
AnonPages:       1235396 kB
Mapped:           861772 kB
Shmem:             29308 kB
KReclaimable:     800648 kB
Slab:             222052 kB
SReclaimable:      78160 kB
SUnreclaim:       143892 kB
KernelStack:       46352 kB
PageTables:        62744 kB
NFS_Unstable:          0 kB
Bounce:                0 kB
WritebackTmp:          0 kB
CommitLimit:     9202288 kB
Committed_AS:   66029640 kB
VmallocTotal:   263061440 kB
VmallocUsed:      103376 kB
VmallocChunk:          0 kB
Percpu:             7648 kB
CmaTotal:         294912 kB
CmaFree:               0 kB
MemTotal:       12113132 kB
MemFree:         6171600 kB
MemAvailable:    7981240 kB
Buffers:            6840 kB
Cached:          1904644 kB
SwapCached:            0 kB
Active:          1488732 kB
Inactive:        1653208 kB
Active(anon):    1236916 kB
Inactive(anon):    27328 kB
Active(file):     251816 kB
Inactive(file):  1625880 kB
Unevictable:        5532 kB
Mlocked:            5532 kB
SwapTotal:       3145724 kB
SwapFree:        3145724 kB
Dirty:               956 kB
Writeback:             0 kB
AnonPages:       1235900 kB
Mapped:           861772 kB
Shmem:             29308 kB
KReclaimable:     800648 kB
Slab:             222052 kB
SReclaimable:      78160 kB
SUnreclaim:       143892 kB
KernelStack:       46384 kB
PageTables:        62792 kB
NFS_Unstable:          0 kB
Bounce:                0 kB
WritebackTmp:          0 kB
CommitLimit:     9202288 kB
Committed_AS:   66034992 kB
VmallocTotal:   263061440 kB
VmallocUsed:      103376 kB
VmallocChunk:          0 kB
Percpu:             7648 kB
CmaTotal:         294912 kB
CmaFree:               0 kB
MemTotal:       12113132 kB
MemFree:         6171180 kB
MemAvailable:    7980828 kB
Buffers:            6840 kB
Cached:          1904652 kB
SwapCached:            0 kB
Active:          1489340 kB
Inactive:        1653216 kB
Active(anon):    1237524 kB
Inactive(anon):    27328 kB
Active(file):     251816 kB
Inactive(file):  1625888 kB
Unevictable:        5532 kB
Mlocked:            5532 kB
SwapTotal:       3145724 kB
SwapFree:        3145724 kB
Dirty:               964 kB
Writeback:             0 kB
AnonPages:       1236500 kB
Mapped:           861772 kB
Shmem:             29308 kB
KReclaimable:     800648 kB
Slab:             222060 kB
SReclaimable:      78160 kB
SUnreclaim:       143900 kB
KernelStack:       46352 kB
PageTables:        62740 kB
NFS_Unstable:          0 kB
Bounce:                0 kB
WritebackTmp:          0 kB
CommitLimit:     9202288 kB
Committed_AS:   66026612 kB
VmallocTotal:   263061440 kB
VmallocUsed:      103376 kB
VmallocChunk:          0 kB
Percpu:             7648 kB
CmaTotal:         294912 kB
CmaFree:               0 kB
MemTotal:       12113132 kB
MemFree:         6170444 kB
MemAvailable:    7980112 kB
Buffers:            6840 kB
Cached:          1904672 kB
SwapCached:            0 kB
Active:          1489736 kB
Inactive:        1653236 kB
Active(anon):    1237920 kB
Inactive(anon):    27328 kB
Active(file):     251816 kB
Inactive(file):  1625908 kB
Unevictable:        5532 kB
Mlocked:            5532 kB
SwapTotal:       3145724 kB
SwapFree:        3145724 kB
Dirty:               996 kB
Writeback:             0 kB
AnonPages:       1236824 kB
Mapped:           861772 kB
Shmem:             29308 kB
KReclaimable:     800648 kB
Slab:             222052 kB
SReclaimable:      78160 kB
SUnreclaim:       143892 kB
KernelStack:       46400 kB
PageTables:        62824 kB
NFS_Unstable:          0 kB
Bounce:                0 kB
WritebackTmp:          0 kB
CommitLimit:     9202288 kB
Committed_AS:   66021136 kB
VmallocTotal:   263061440 kB
VmallocUsed:      103376 kB
VmallocChunk:          0 kB
Percpu:             7648 kB
CmaTotal:         294912 kB
CmaFree:               0 kB
MemTotal:       12113132 kB
MemFree:         6170876 kB
MemAvailable:    7980560 kB
Buffers:            6840 kB
Cached:          1904688 kB
SwapCached:            0 kB
Active:          1489636 kB
Inactive:        1653252 kB
Active(anon):    1237820 kB
Inactive(anon):    27328 kB
Active(file):     251816 kB
Inactive(file):  1625924 kB
Unevictable:        5532 kB
Mlocked:            5532 kB
SwapTotal:       3145724 kB
SwapFree:        3145724 kB
Dirty:              1012 kB
Writeback:             0 kB
AnonPages:       1236916 kB
Mapped:           861772 kB
Shmem:             29308 kB
KReclaimable:     800648 kB
Slab:             222044 kB
SReclaimable:      78160 kB
SUnreclaim:       143884 kB
KernelStack:       46368 kB
PageTables:        62864 kB
NFS_Unstable:          0 kB
Bounce:                0 kB
WritebackTmp:          0 kB
CommitLimit:     9202288 kB
Committed_AS:   66010264 kB
VmallocTotal:   263061440 kB
VmallocUsed:      103360 kB
VmallocChunk:          0 kB
Percpu:             7648 kB
CmaTotal:         294912 kB
CmaFree:               4 kB
MemTotal:       12113132 kB
MemFree:         6169108 kB
MemAvailable:    7978808 kB
Buffers:            6840 kB
Cached:          1904704 kB
SwapCached:            0 kB
Active:          1490140 kB
Inactive:        1653268 kB
Active(anon):    1238324 kB
Inactive(anon):    27328 kB
Active(file):     251816 kB
Inactive(file):  1625940 kB
Unevictable:        5532 kB
Mlocked:            5532 kB
SwapTotal:       3145724 kB
SwapFree:        3145724 kB
Dirty:              1028 kB
Writeback:             0 kB
AnonPages:       1237488 kB
Mapped:           861772 kB
Shmem:             29308 kB
KReclaimable:     800648 kB
Slab:             222060 kB
SReclaimable:      78160 kB
SUnreclaim:       143900 kB
KernelStack:       46400 kB
PageTables:        62820 kB
NFS_Unstable:          0 kB
Bounce:                0 kB
WritebackTmp:          0 kB
CommitLimit:     9202288 kB
Committed_AS:   66023720 kB
VmallocTotal:   263061440 kB
VmallocUsed:      103376 kB
VmallocChunk:          0 kB
Percpu:             7648 kB
CmaTotal:         294912 kB
CmaFree:               0 kB
MemTotal:       12113132 kB
MemFree:         6168340 kB
MemAvailable:    7978048 kB
Buffers:            6840 kB
Cached:          1904712 kB
SwapCached:            0 kB
Active:          1491288 kB
Inactive:        1653276 kB
Active(anon):    1239472 kB
Inactive(anon):    27328 kB
Active(file):     251816 kB
Inactive(file):  1625948 kB
Unevictable:        5532 kB
Mlocked:            5532 kB
SwapTotal:       3145724 kB
SwapFree:        3145724 kB
Dirty:              1048 kB
Writeback:             0 kB
AnonPages:       1238476 kB
Mapped:           861772 kB
Shmem:             29308 kB
KReclaimable:     800648 kB
Slab:             222060 kB
SReclaimable:      78160 kB
SUnreclaim:       143900 kB
KernelStack:       46352 kB
PageTables:        62744 kB
NFS_Unstable:          0 kB
Bounce:                0 kB
WritebackTmp:          0 kB
CommitLimit:     9202288 kB
Committed_AS:   66026268 kB
VmallocTotal:   263061440 kB
VmallocUsed:      103376 kB
VmallocChunk:          0 kB
Percpu:             7648 kB
CmaTotal:         294912 kB
CmaFree:               0 kB
MemTotal:       12113132 kB
MemFree:         6167336 kB
MemAvailable:    7977064 kB
Buffers:            6840 kB
Cached:          1904736 kB
SwapCached:            0 kB
Active:          1492120 kB
Inactive:        1653300 kB
Active(anon):    1240304 kB
Inactive(anon):    27332 kB
Active(file):     251816 kB
Inactive(file):  1625968 kB
Unevictable:        5532 kB
Mlocked:            5532 kB
SwapTotal:       3145724 kB
SwapFree:        3145724 kB
Dirty:              1068 kB
Writeback:             0 kB
AnonPages:       1239460 kB
Mapped:           861188 kB
Shmem:             29312 kB
KReclaimable:     800648 kB
Slab:             222044 kB
SReclaimable:      78160 kB
SUnreclaim:       143884 kB
KernelStack:       46384 kB
PageTables:        62800 kB
NFS_Unstable:          0 kB
Bounce:                0 kB
WritebackTmp:          0 kB
CommitLimit:     9202288 kB
Committed_AS:   66026440 kB
VmallocTotal:   263061440 kB
VmallocUsed:      103376 kB
