MemTotal:        7922396 kB
MemFree:          784428 kB
MemAvailable:    4065504 kB
Buffers:           60832 kB
Cached:          2435976 kB
SwapCached:         1736 kB
Active:          1211132 kB
Inactive:        2583440 kB
Active(anon):      95044 kB
Inactive(anon):  1229120 kB
Active(file):    1116088 kB
Inactive(file):  1354320 kB
Unevictable:        6048 kB
Mlocked:            5608 kB
SwapTotal:       4718584 kB
SwapFree:        4570104 kB
Dirty:             37080 kB
Writeback:             0 kB
AnonPages:       1302296 kB
Mapped:           568508 kB
Shmem:             21848 kB
KReclaimable:    1200940 kB
Slab:             290536 kB
SReclaimable:      76600 kB
SUnreclaim:       213936 kB
KernelStack:       43040 kB
ShadowCallStack:   10784 kB
PageTables:        60448 kB
NFS_Unstable:          0 kB
Bounce:                0 kB
WritebackTmp:          0 kB
CommitLimit:     8679780 kB
Committed_AS:   59474212 kB
VmallocTotal:   263061440 kB
VmallocUsed:      123424 kB
VmallocChunk:          0 kB
Percpu:             6216 kB
CmaTotal:         405504 kB
CmaFree:           48868 kB
MemTotal:        7922396 kB
MemFree:          752856 kB
MemAvailable:    4039912 kB
Buffers:           60904 kB
Cached:          2442092 kB
SwapCached:         1792 kB
Active:          1216960 kB
Inactive:        2608804 kB
Active(anon):      95232 kB
Inactive(anon):  1254060 kB
Active(file):    1121728 kB
Inactive(file):  1354744 kB
Unevictable:        6048 kB
Mlocked:            5608 kB
SwapTotal:       4718584 kB
SwapFree:        4570104 kB
Dirty:             43264 kB
Writeback:             0 kB
AnonPages:       1327124 kB
Mapped:           642296 kB
Shmem:             21972 kB
KReclaimable:    1200856 kB
Slab:             290920 kB
SReclaimable:      76744 kB
SUnreclaim:       214176 kB
KernelStack:       43440 kB
ShadowCallStack:   10884 kB
PageTables:        61648 kB
NFS_Unstable:          0 kB
Bounce:                0 kB
WritebackTmp:          0 kB
CommitLimit:     8679780 kB
Committed_AS:   60839000 kB
VmallocTotal:   263061440 kB
VmallocUsed:      123908 kB
VmallocChunk:          0 kB
Percpu:             6216 kB
CmaTotal:         405504 kB
CmaFree:           48988 kB
MemTotal:        7922396 kB
MemFree:          664672 kB
MemAvailable:    3947568 kB
Buffers:           60948 kB
Cached:          2444616 kB
SwapCached:         1804 kB
Active:          1222684 kB
Inactive:        2689240 kB
Active(anon):      95240 kB
Inactive(anon):  1337832 kB
Active(file):    1127444 kB
Inactive(file):  1351408 kB
Unevictable:        6048 kB
Mlocked:            5608 kB
SwapTotal:       4718584 kB
SwapFree:        4570104 kB
Dirty:             43296 kB
Writeback:            52 kB
AnonPages:       1410984 kB
Mapped:           665996 kB
Shmem:             22160 kB
KReclaimable:    1194316 kB
Slab:             291116 kB
SReclaimable:      76856 kB
SUnreclaim:       214260 kB
KernelStack:       44416 kB
ShadowCallStack:   11136 kB
PageTables:        62104 kB
NFS_Unstable:          0 kB
Bounce:                0 kB
WritebackTmp:          0 kB
CommitLimit:     8679780 kB
Committed_AS:   60958672 kB
VmallocTotal:   263061440 kB
VmallocUsed:      125168 kB
VmallocChunk:          0 kB
Percpu:             6216 kB
CmaTotal:         405504 kB
CmaFree:           48920 kB
MemTotal:        7922396 kB
MemFree:          745808 kB
MemAvailable:    4258064 kB
Buffers:           60956 kB
Cached:          2444520 kB
SwapCached:         1804 kB
Active:          1296936 kB
Inactive:        2536616 kB
Active(anon):      95252 kB
Inactive(anon):  1259396 kB
Active(file):    1201684 kB
Inactive(file):  1277220 kB
Unevictable:        6048 kB
Mlocked:            5608 kB
SwapTotal:       4718584 kB
SwapFree:        4570104 kB
Dirty:             43376 kB
Writeback:             0 kB
AnonPages:       1332488 kB
Mapped:           673736 kB
Shmem:             22020 kB
KReclaimable:    1423624 kB
Slab:             291016 kB
SReclaimable:      76876 kB
SUnreclaim:       214140 kB
KernelStack:       44608 kB
ShadowCallStack:   11176 kB
PageTables:        62088 kB
NFS_Unstable:          0 kB
Bounce:                0 kB
WritebackTmp:          0 kB
CommitLimit:     8679780 kB
Committed_AS:   61184488 kB
VmallocTotal:   263061440 kB
VmallocUsed:      125400 kB
VmallocChunk:          0 kB
Percpu:             6216 kB
CmaTotal:         405504 kB
CmaFree:           48924 kB
MemTotal:        7922396 kB
MemFree:          712284 kB
MemAvailable:    4293828 kB
Buffers:           60956 kB
Cached:          2444388 kB
SwapCached:         1804 kB
Active:          1349560 kB
Inactive:        2514936 kB
Active(anon):      95244 kB
Inactive(anon):  1290336 kB
Active(file):    1254316 kB
Inactive(file):  1224600 kB
Unevictable:        6048 kB
Mlocked:            5608 kB
SwapTotal:       4718584 kB
SwapFree:        4570104 kB
Dirty:             43388 kB
Writeback:             0 kB
AnonPages:       1363632 kB
Mapped:           675616 kB
Shmem:             21876 kB
KReclaimable:    1492900 kB
Slab:             290960 kB
SReclaimable:      76876 kB
SUnreclaim:       214084 kB
KernelStack:       44512 kB
ShadowCallStack:   11152 kB
PageTables:        62472 kB
NFS_Unstable:          0 kB
Bounce:                0 kB
WritebackTmp:          0 kB
CommitLimit:     8679780 kB
Committed_AS:   61301052 kB
VmallocTotal:   263061440 kB
VmallocUsed:      125300 kB
VmallocChunk:          0 kB
Percpu:             6216 kB
CmaTotal:         405504 kB
CmaFree:           48924 kB
MemTotal:        7922396 kB
MemFree:          757736 kB
MemAvailable:    4094024 kB
Buffers:           60956 kB
Cached:          2444412 kB
SwapCached:         1804 kB
Active:          1385032 kB
Inactive:        2432924 kB
Active(anon):      95252 kB
Inactive(anon):  1243768 kB
Active(file):    1289780 kB
Inactive(file):  1189156 kB
Unevictable:        6048 kB
Mlocked:            5608 kB
SwapTotal:       4718584 kB
SwapFree:        4570104 kB
Dirty:               132 kB
Writeback:             0 kB
AnonPages:       1316944 kB
Mapped:           714416 kB
Shmem:             21880 kB
KReclaimable:    1247624 kB
Slab:             291636 kB
SReclaimable:      76860 kB
SUnreclaim:       214776 kB
KernelStack:       44448 kB
ShadowCallStack:   11136 kB
PageTables:        62440 kB
NFS_Unstable:          0 kB
Bounce:                0 kB
WritebackTmp:          0 kB
CommitLimit:     8679780 kB
Committed_AS:   61259180 kB
VmallocTotal:   263061440 kB
VmallocUsed:      125232 kB
VmallocChunk:          0 kB
Percpu:             6216 kB
CmaTotal:         405504 kB
CmaFree:           48924 kB
MemTotal:        7922396 kB
MemFree:          734504 kB
MemAvailable:    3983944 kB
Buffers:           61032 kB
Cached:          2444044 kB
SwapCached:         1804 kB
Active:          1394520 kB
Inactive:        2444052 kB
Active(anon):      95192 kB
Inactive(anon):  1264400 kB
Active(file):    1299328 kB
Inactive(file):  1179652 kB
Unevictable:        6048 kB
Mlocked:            5608 kB
SwapTotal:       4718584 kB
SwapFree:        4570104 kB
Dirty:               460 kB
Writeback:            92 kB
AnonPages:       1337856 kB
Mapped:           709612 kB
Shmem:             21544 kB
KReclaimable:    1160732 kB
Slab:             292064 kB
SReclaimable:      76864 kB
SUnreclaim:       215200 kB
KernelStack:       44848 kB
ShadowCallStack:   11260 kB
PageTables:        62916 kB
NFS_Unstable:          0 kB
Bounce:                0 kB
WritebackTmp:          0 kB
CommitLimit:     8679780 kB
Committed_AS:   61285644 kB
VmallocTotal:   263061440 kB
VmallocUsed:      125680 kB
VmallocChunk:          0 kB
Percpu:             6216 kB
CmaTotal:         405504 kB
CmaFree:           48936 kB
MemTotal:        7922396 kB
MemFree:          614940 kB
MemAvailable:    3764920 kB
Buffers:           61244 kB
Cached:          2444216 kB
SwapCached:         1804 kB
Active:          1481496 kB
Inactive:        2478136 kB
Active(anon):      95192 kB
Inactive(anon):  1385156 kB
Active(file):    1386304 kB
Inactive(file):  1092980 kB
Unevictable:        6048 kB
Mlocked:            5608 kB
SwapTotal:       4718584 kB
SwapFree:        4570104 kB
Dirty:               732 kB
Writeback:             0 kB
AnonPages:       1458580 kB
Mapped:           684668 kB
Shmem:             21624 kB
KReclaimable:    1060968 kB
Slab:             292640 kB
SReclaimable:      76904 kB
SUnreclaim:       215736 kB
KernelStack:       44560 kB
ShadowCallStack:   11164 kB
PageTables:        63088 kB
NFS_Unstable:          0 kB
Bounce:                0 kB
WritebackTmp:          0 kB
CommitLimit:     8679780 kB
Committed_AS:   61413640 kB
VmallocTotal:   263061440 kB
VmallocUsed:      124856 kB
VmallocChunk:          0 kB
Percpu:             6216 kB
CmaTotal:         405504 kB
CmaFree:           49064 kB
MemTotal:        7922396 kB
MemFree:          565892 kB
MemAvailable:    3680788 kB
Buffers:           61252 kB
Cached:          2444244 kB
SwapCached:         1804 kB
Active:          1496840 kB
Inactive:        2511660 kB
Active(anon):      95192 kB
Inactive(anon):  1434000 kB
Active(file):    1401648 kB
Inactive(file):  1077660 kB
Unevictable:        6048 kB
Mlocked:            5608 kB
SwapTotal:       4718584 kB
SwapFree:        4570104 kB
Dirty:               756 kB
Writeback:             0 kB
AnonPages:       1507392 kB
Mapped:           686632 kB
Shmem:             21632 kB
KReclaimable:    1025860 kB
Slab:             292708 kB
SReclaimable:      76904 kB
SUnreclaim:       215804 kB
KernelStack:       44592 kB
ShadowCallStack:   11172 kB
PageTables:        63432 kB
NFS_Unstable:          0 kB
Bounce:                0 kB
WritebackTmp:          0 kB
CommitLimit:     8679780 kB
Committed_AS:   61477648 kB
VmallocTotal:   263061440 kB
VmallocUsed:      124896 kB
VmallocChunk:          0 kB
Percpu:             6216 kB
CmaTotal:         405504 kB
CmaFree:           49156 kB
MemTotal:        7922396 kB
MemFree:          580800 kB
MemAvailable:    3697356 kB
Buffers:           61252 kB
Cached:          2444252 kB
SwapCached:         1804 kB
Active:          1510864 kB
Inactive:        2480824 kB
Active(anon):      95228 kB
Inactive(anon):  1417144 kB
Active(file):    1415636 kB
Inactive(file):  1063680 kB
Unevictable:        6048 kB
Mlocked:            5608 kB
SwapTotal:       4718584 kB
SwapFree:        4570104 kB
Dirty:               764 kB
Writeback:             0 kB
AnonPages:       1490580 kB
Mapped:           695596 kB
Shmem:             21632 kB
KReclaimable:    1027512 kB
Slab:             292860 kB
SReclaimable:      76904 kB
SUnreclaim:       215956 kB
KernelStack:       44608 kB
ShadowCallStack:   11176 kB
PageTables:        63500 kB
NFS_Unstable:          0 kB
Bounce:                0 kB
WritebackTmp:          0 kB
CommitLimit:     8679780 kB
Committed_AS:   61457680 kB
VmallocTotal:   263061440 kB
VmallocUsed:      124848 kB
VmallocChunk:          0 kB
Percpu:             6216 kB
CmaTotal:         405504 kB
CmaFree:           49156 kB
MemTotal:        7922396 kB
MemFree:          579448 kB
MemAvailable:    3696016 kB
Buffers:           61260 kB
Cached:          2444284 kB
SwapCached:         1804 kB
Active:          1510864 kB
Inactive:        2481908 kB
Active(anon):      95224 kB
Inactive(anon):  1418220 kB
Active(file):    1415640 kB
Inactive(file):  1063688 kB
Unevictable:        6048 kB
Mlocked:            5608 kB
SwapTotal:       4718584 kB
SwapFree:        4570104 kB
Dirty:               772 kB
Writeback:             0 kB
AnonPages:       1491340 kB
Mapped:           695732 kB
Shmem:             21664 kB
KReclaimable:    1027512 kB
Slab:             292816 kB
SReclaimable:      76904 kB
SUnreclaim:       215912 kB
KernelStack:       44624 kB
ShadowCallStack:   11176 kB
PageTables:        63312 kB
NFS_Unstable:          0 kB
Bounce:                0 kB
WritebackTmp:          0 kB
CommitLimit:     8679780 kB
Committed_AS:   61457720 kB
VmallocTotal:   263061440 kB
VmallocUsed:      124892 kB
VmallocChunk:          0 kB
Percpu:             6216 kB
CmaTotal:         405504 kB
CmaFree:           49156 kB
MemTotal:        7922396 kB
MemFree:          577468 kB
MemAvailable:    3694084 kB
Buffers:           61284 kB
Cached:          2444332 kB
SwapCached:         1804 kB
Active:          1511268 kB
Inactive:        2482984 kB
Active(anon):      95600 kB
Inactive(anon):  1419260 kB
Active(file):    1415668 kB
Inactive(file):  1063724 kB
Unevictable:        6048 kB
Mlocked:            5608 kB
SwapTotal:       4718584 kB
SwapFree:        4570104 kB
Dirty:               888 kB
Writeback:             0 kB
AnonPages:       1492916 kB
Mapped:           695564 kB
Shmem:             21672 kB
KReclaimable:    1027496 kB
Slab:             292972 kB
SReclaimable:      76908 kB
SUnreclaim:       216064 kB
KernelStack:       44528 kB
ShadowCallStack:   11156 kB
PageTables:        63388 kB
NFS_Unstable:          0 kB
Bounce:                0 kB
WritebackTmp:          0 kB
CommitLimit:     8679780 kB
Committed_AS:   61450340 kB
VmallocTotal:   263061440 kB
VmallocUsed:      124776 kB
VmallocChunk:          0 kB
Percpu:             6216 kB
CmaTotal:         405504 kB
CmaFree:           49156 kB
MemTotal:        7922396 kB
MemFree:          577388 kB
MemAvailable:    3694008 kB
Buffers:           61300 kB
Cached:          2444348 kB
SwapCached:         1804 kB
Active:          1511572 kB
Inactive:        2484108 kB
Active(anon):      95596 kB
Inactive(anon):  1420660 kB
Active(file):    1415976 kB
Inactive(file):  1063448 kB
Unevictable:        6048 kB
Mlocked:            5608 kB
SwapTotal:       4718584 kB
SwapFree:        4570104 kB
Dirty:               896 kB
Writeback:            12 kB
AnonPages:       1494392 kB
Mapped:           695840 kB
Shmem:             21672 kB
KReclaimable:    1027468 kB
Slab:             292888 kB
SReclaimable:      76908 kB
SUnreclaim:       215980 kB
KernelStack:       44512 kB
ShadowCallStack:   11168 kB
PageTables:        63124 kB
NFS_Unstable:          0 kB
Bounce:                0 kB
WritebackTmp:          0 kB
CommitLimit:     8679780 kB
Committed_AS:   61450312 kB
VmallocTotal:   263061440 kB
VmallocUsed:      124816 kB
VmallocChunk:          0 kB
Percpu:             6216 kB
CmaTotal:         405504 kB
CmaFree:           49160 kB
MemTotal:        7922396 kB
MemFree:          576052 kB
MemAvailable:    3692688 kB
Buffers:           61332 kB
Cached:          2444348 kB
SwapCached:         1804 kB
Active:          1511672 kB
Inactive:        2484816 kB
Active(anon):      95600 kB
Inactive(anon):  1421432 kB
Active(file):    1416072 kB
Inactive(file):  1063384 kB
Unevictable:        6048 kB
Mlocked:            5608 kB
SwapTotal:       4718584 kB
SwapFree:        4570104 kB
Dirty:               968 kB
Writeback:             0 kB
AnonPages:       1495108 kB
Mapped:           695640 kB
Shmem:             21672 kB
KReclaimable:    1027452 kB
Slab:             292796 kB
SReclaimable:      76892 kB
SUnreclaim:       215904 kB
KernelStack:       44544 kB
ShadowCallStack:   11164 kB
PageTables:        63404 kB
NFS_Unstable:          0 kB
Bounce:                0 kB
WritebackTmp:          0 kB
CommitLimit:     8679780 kB
Committed_AS:   61450316 kB
VmallocTotal:   263061440 kB
VmallocUsed:      124816 kB
VmallocChunk:          0 kB
Percpu:             6216 kB
CmaTotal:         405504 kB
CmaFree:           49156 kB
MemTotal:        7922396 kB
MemFree:          575248 kB
MemAvailable:    3691888 kB
Buffers:           61332 kB
Cached:          2444352 kB
SwapCached:         1804 kB
Active:          1511732 kB
Inactive:        2485304 kB
Active(anon):      95600 kB
Inactive(anon):  1421976 kB
Active(file):    1416132 kB
Inactive(file):  1063328 kB
Unevictable:        6048 kB
Mlocked:            5608 kB
SwapTotal:       4718584 kB
SwapFree:        4570104 kB
Dirty:               972 kB
Writeback:             0 kB
AnonPages:       1495660 kB
Mapped:           695660 kB
Shmem:             21672 kB
KReclaimable:    1027452 kB
Slab:             292876 kB
SReclaimable:      76892 kB
SUnreclaim:       215984 kB
KernelStack:       44544 kB
ShadowCallStack:   11160 kB
PageTables:        63412 kB
NFS_Unstable:          0 kB
Bounce:                0 kB
WritebackTmp:          0 kB
CommitLimit:     8679780 kB
Committed_AS:   61450316 kB
VmallocTotal:   263061440 kB
VmallocUsed:      124816 kB
VmallocChunk:          0 kB
Percpu:             6216 kB
CmaTotal:         405504 kB
CmaFree:           49156 kB
MemTotal:        7922396 kB
MemFree:          575184 kB
MemAvailable:    3691888 kB
Buffers:           61332 kB
Cached:          2444368 kB
SwapCached:         1804 kB
Active:          1511736 kB
Inactive:        2484976 kB
Active(anon):      95604 kB
Inactive(anon):  1421632 kB
Active(file):    1416132 kB
Inactive(file):  1063344 kB
Unevictable:        6048 kB
Mlocked:            5608 kB
SwapTotal:       4718584 kB
SwapFree:        4570104 kB
Dirty:               988 kB
Writeback:             0 kB
AnonPages:       1495396 kB
Mapped:           695692 kB
Shmem:             21672 kB
KReclaimable:    1027500 kB
Slab:             292892 kB
SReclaimable:      76940 kB
SUnreclaim:       215952 kB
KernelStack:       44528 kB
ShadowCallStack:   11156 kB
PageTables:        63272 kB
NFS_Unstable:          0 kB
Bounce:                0 kB
WritebackTmp:          0 kB
CommitLimit:     8679780 kB
Committed_AS:   61450312 kB
VmallocTotal:   263061440 kB
VmallocUsed:      124800 kB
VmallocChunk:          0 kB
Percpu:             6216 kB
CmaTotal:         405504 kB
CmaFree:           49156 kB
MemTotal:        7922396 kB
MemFree:          576000 kB
MemAvailable:    3692680 kB
Buffers:           61332 kB
Cached:          2444376 kB
SwapCached:         1804 kB
Active:          1511780 kB
Inactive:        2484964 kB
Active(anon):      95588 kB
Inactive(anon):  1421672 kB
Active(file):    1416192 kB
Inactive(file):  1063292 kB
Unevictable:        6048 kB
Mlocked:            5608 kB
SwapTotal:       4718584 kB
SwapFree:        4570104 kB
Dirty:               996 kB
Writeback:             0 kB
AnonPages:       1495348 kB
Mapped:           695752 kB
Shmem:             21672 kB
KReclaimable:    1027468 kB
Slab:             292840 kB
SReclaimable:      76908 kB
SUnreclaim:       215932 kB
KernelStack:       44512 kB
ShadowCallStack:   11116 kB
PageTables:        63304 kB
NFS_Unstable:          0 kB
Bounce:                0 kB
WritebackTmp:          0 kB
CommitLimit:     8679780 kB
Committed_AS:   61450312 kB
VmallocTotal:   263061440 kB
VmallocUsed:      124784 kB
VmallocChunk:          0 kB
Percpu:             6216 kB
CmaTotal:         405504 kB
CmaFree:           49192 kB
MemTotal:        7922396 kB
MemFree:          576052 kB
MemAvailable:    3692752 kB
Buffers:           61332 kB
Cached:          2444384 kB
SwapCached:         1804 kB
Active:          1512048 kB
Inactive:        2484996 kB
Active(anon):      95604 kB
Inactive(anon):  1421948 kB
Active(file):    1416444 kB
Inactive(file):  1063048 kB
Unevictable:        6048 kB
Mlocked:            5608 kB
SwapTotal:       4718584 kB
SwapFree:        4570104 kB
Dirty:              1004 kB
Writeback:             0 kB
AnonPages:       1495632 kB
Mapped:           695788 kB
Shmem:             21672 kB
KReclaimable:    1027480 kB
Slab:             292836 kB
SReclaimable:      76924 kB
SUnreclaim:       215912 kB
KernelStack:       44576 kB
ShadowCallStack:   11160 kB
PageTables:        63428 kB
NFS_Unstable:          0 kB
Bounce:                0 kB
WritebackTmp:          0 kB
CommitLimit:     8679780 kB
Committed_AS:   61450312 kB
VmallocTotal:   263061440 kB
VmallocUsed:      124796 kB
VmallocChunk:          0 kB
Percpu:             6216 kB
CmaTotal:         405504 kB
CmaFree:           49156 kB
MemTotal:        7922396 kB
MemFree:          578156 kB
MemAvailable:    3694864 kB
Buffers:           61340 kB
Cached:          2444384 kB
SwapCached:         1804 kB
Active:          1512172 kB
Inactive:        2482568 kB
Active(anon):      95596 kB
Inactive(anon):  1419644 kB
Active(file):    1416576 kB
Inactive(file):  1062924 kB
Unevictable:        6048 kB
Mlocked:            5608 kB
SwapTotal:       4718584 kB
SwapFree:        4570104 kB
Dirty:              1004 kB
Writeback:             0 kB
AnonPages:       1493496 kB
Mapped:           695892 kB
Shmem:             21672 kB
KReclaimable:    1027480 kB
Slab:             292836 kB
SReclaimable:      76924 kB
SUnreclaim:       215912 kB
KernelStack:       44528 kB
ShadowCallStack:   11156 kB
PageTables:        63408 kB
NFS_Unstable:          0 kB
Bounce:                0 kB
WritebackTmp:          0 kB
CommitLimit:     8679780 kB
Committed_AS:   61450312 kB
VmallocTotal:   263061440 kB
VmallocUsed:      124800 kB
VmallocChunk:          0 kB
Percpu:             6216 kB
CmaTotal:         405504 kB
CmaFree:           49156 kB
MemTotal:        7922396 kB
MemFree:          588972 kB
MemAvailable:    3705424 kB
Buffers:           61436 kB
Cached:          2444404 kB
SwapCached:         1804 kB
Active:          1512280 kB
Inactive:        2471856 kB
Active(anon):      95604 kB
Inactive(anon):  1408920 kB
Active(file):    1416676 kB
Inactive(file):  1062936 kB
Unevictable:        6048 kB
Mlocked:            5608 kB
SwapTotal:       4718584 kB
SwapFree:        4570104 kB
Dirty:              1020 kB
Writeback:             0 kB
AnonPages:       1482624 kB
Mapped:           696764 kB
Shmem:             21676 kB
KReclaimable:    1027112 kB
Slab:             292908 kB
SReclaimable:      76912 kB
SUnreclaim:       215996 kB
KernelStack:       44528 kB
ShadowCallStack:   11156 kB
PageTables:        63376 kB
NFS_Unstable:          0 kB
Bounce:                0 kB
WritebackTmp:          0 kB
CommitLimit:     8679780 kB
Committed_AS:   61439692 kB
VmallocTotal:   263061440 kB
VmallocUsed:      124780 kB
VmallocChunk:          0 kB
Percpu:             6216 kB
CmaTotal:         405504 kB
CmaFree:           49156 kB
MemTotal:        7922396 kB
MemFree:          589692 kB
MemAvailable:    3706156 kB
Buffers:           61436 kB
Cached:          2444416 kB
SwapCached:         1804 kB
Active:          1512276 kB
Inactive:        2471520 kB
Active(anon):      95600 kB
Inactive(anon):  1408572 kB
Active(file):    1416676 kB
Inactive(file):  1062948 kB
Unevictable:        6048 kB
Mlocked:            5608 kB
SwapTotal:       4718584 kB
SwapFree:        4570104 kB
Dirty:              1032 kB
Writeback:             0 kB
AnonPages:       1482416 kB
Mapped:           696600 kB
Shmem:             21676 kB
KReclaimable:    1027112 kB
Slab:             292868 kB
SReclaimable:      76912 kB
SUnreclaim:       215956 kB
KernelStack:       44528 kB
ShadowCallStack:   11156 kB
PageTables:        63468 kB
NFS_Unstable:          0 kB
Bounce:                0 kB
WritebackTmp:          0 kB
CommitLimit:     8679780 kB
Committed_AS:   61439692 kB
VmallocTotal:   263061440 kB
VmallocUsed:      124780 kB
VmallocChunk:          0 kB
Percpu:             6216 kB
CmaTotal:         405504 kB
CmaFree:           49156 kB
MemTotal:        7922396 kB
MemFree:          588400 kB
MemAvailable:    3704864 kB
Buffers:           61436 kB
Cached:          2444424 kB
SwapCached:         1804 kB
Active:          1512332 kB
Inactive:        2471532 kB
Active(anon):      95596 kB
Inactive(anon):  1408644 kB
Active(file):    1416736 kB
Inactive(file):  1062888 kB
Unevictable:        6048 kB
Mlocked:            5608 kB
SwapTotal:       4718584 kB
SwapFree:        4570104 kB
Dirty:              1032 kB
Writeback:             0 kB
AnonPages:       1482192 kB
Mapped:           696812 kB
Shmem:             21684 kB
KReclaimable:    1027112 kB
Slab:             292940 kB
SReclaimable:      76912 kB
SUnreclaim:       216028 kB
KernelStack:       44544 kB
ShadowCallStack:   11156 kB
PageTables:        63364 kB
NFS_Unstable:          0 kB
Bounce:                0 kB
WritebackTmp:          0 kB
CommitLimit:     8679780 kB
Committed_AS:   61439188 kB
VmallocTotal:   263061440 kB
VmallocUsed:      124776 kB
VmallocChunk:          0 kB
Percpu:             6216 kB
CmaTotal:         405504 kB
CmaFree:           49156 kB
MemTotal:        7922396 kB
MemFree:          588364 kB
MemAvailable:    3704872 kB
Buffers:           61444 kB
Cached:          2444428 kB
SwapCached:         1804 kB
Active:          1512340 kB
Inactive:        2472648 kB
Active(anon):      95604 kB
Inactive(anon):  1409748 kB
Active(file):    1416736 kB
Inactive(file):  1062900 kB
Unevictable:        6048 kB
Mlocked:            5608 kB
SwapTotal:       4718584 kB
SwapFree:        4570104 kB
Dirty:              1028 kB
Writeback:            16 kB
AnonPages:       1483512 kB
Mapped:           696676 kB
Shmem:             21684 kB
KReclaimable:    1027144 kB
Slab:             292928 kB
SReclaimable:      76944 kB
SUnreclaim:       215984 kB
KernelStack:       44528 kB
ShadowCallStack:   11156 kB
PageTables:        63288 kB
NFS_Unstable:          0 kB
Bounce:                0 kB
WritebackTmp:          0 kB
CommitLimit:     8679780 kB
Committed_AS:   61439192 kB
VmallocTotal:   263061440 kB
VmallocUsed:      124816 kB
VmallocChunk:          0 kB
Percpu:             6216 kB
CmaTotal:         405504 kB
CmaFree:           49156 kB
MemTotal:        7922396 kB
MemFree:          586332 kB
MemAvailable:    3702892 kB
Buffers:           61468 kB
Cached:          2444440 kB
SwapCached:         1804 kB
Active:          1512492 kB
Inactive:        2473308 kB
Active(anon):      95604 kB
Inactive(anon):  1410524 kB
Active(file):    1416888 kB
Inactive(file):  1062784 kB
Unevictable:        6048 kB
Mlocked:            5608 kB
SwapTotal:       4718584 kB
SwapFree:        4570104 kB
Dirty:              1048 kB
Writeback:             0 kB
AnonPages:       1484400 kB
Mapped:           696684 kB
Shmem:             21684 kB
KReclaimable:    1027160 kB
Slab:             292944 kB
SReclaimable:      76960 kB
SUnreclaim:       215984 kB
KernelStack:       44544 kB
ShadowCallStack:   11160 kB
PageTables:        63376 kB
NFS_Unstable:          0 kB
Bounce:                0 kB
WritebackTmp:          0 kB
CommitLimit:     8679780 kB
Committed_AS:   61439188 kB
VmallocTotal:   263061440 kB
VmallocUsed:      124816 kB
VmallocChunk:          0 kB
Percpu:             6216 kB
CmaTotal:         405504 kB
CmaFree:           49156 kB
MemTotal:        7922396 kB
MemFree:          539616 kB
MemAvailable:    3526972 kB
Buffers:           61468 kB
Cached:          2444512 kB
SwapCached:         1804 kB
Active:          1512544 kB
Inactive:        2519860 kB
Active(anon):      95596 kB
Inactive(anon):  1457124 kB
Active(file):    1416948 kB
Inactive(file):  1062736 kB
Unevictable:        6048 kB
Mlocked:            5608 kB
SwapTotal:       4718584 kB
SwapFree:        4570104 kB
Dirty:              1060 kB
Writeback:             0 kB
AnonPages:       1530780 kB
Mapped:           697068 kB
Shmem:             21744 kB
KReclaimable:     897944 kB
Slab:             293064 kB
SReclaimable:      76960 kB
SUnreclaim:       216104 kB
KernelStack:       44624 kB
ShadowCallStack:   11164 kB
PageTables:        63512 kB
NFS_Unstable:          0 kB
Bounce:                0 kB
WritebackTmp:          0 kB
CommitLimit:     8679780 kB
Committed_AS:   61439572 kB
VmallocTotal:   263061440 kB
VmallocUsed:      124896 kB
VmallocChunk:          0 kB
Percpu:             6216 kB
CmaTotal:         405504 kB
CmaFree:           39416 kB
MemTotal:        7922396 kB
MemFree:          497104 kB
MemAvailable:    3481524 kB
Buffers:           61468 kB
Cached:          2444556 kB
SwapCached:         1804 kB
Active:          1512796 kB
Inactive:        2563364 kB
Active(anon):      95596 kB
Inactive(anon):  1500880 kB
Active(file):    1417200 kB
Inactive(file):  1062484 kB
Unevictable:        6048 kB
Mlocked:            5608 kB
SwapTotal:       4718584 kB
SwapFree:        4570104 kB
Dirty:              1008 kB
Writeback:            52 kB
AnonPages:       1574456 kB
Mapped:           697256 kB
Shmem:             21788 kB
KReclaimable:     895008 kB
Slab:             292944 kB
SReclaimable:      76944 kB
SUnreclaim:       216000 kB
KernelStack:       44576 kB
ShadowCallStack:   11196 kB
PageTables:        63364 kB
NFS_Unstable:          0 kB
Bounce:                0 kB
WritebackTmp:          0 kB
CommitLimit:     8679780 kB
Committed_AS:   61439472 kB
VmallocTotal:   263061440 kB
VmallocUsed:      124856 kB
VmallocChunk:          0 kB
Percpu:             6216 kB
CmaTotal:         405504 kB
CmaFree:              32 kB
MemTotal:        7922396 kB
MemFree:          585648 kB
MemAvailable:    3702176 kB
Buffers:           61468 kB
Cached:          2444468 kB
SwapCached:         1804 kB
Active:          1512852 kB
Inactive:        2474888 kB
Active(anon):      95588 kB
Inactive(anon):  1412460 kB
Active(file):    1417264 kB
Inactive(file):  1062428 kB
Unevictable:        6048 kB
Mlocked:            5608 kB
SwapTotal:       4718584 kB
SwapFree:        4570104 kB
Dirty:              1016 kB
Writeback:             0 kB
AnonPages:       1486372 kB
Mapped:           696832 kB
Shmem:             21692 kB
KReclaimable:    1027108 kB
Slab:             292976 kB
SReclaimable:      76944 kB
SUnreclaim:       216032 kB
KernelStack:       44496 kB
ShadowCallStack:   11160 kB
PageTables:        63404 kB
NFS_Unstable:          0 kB
Bounce:                0 kB
WritebackTmp:          0 kB
CommitLimit:     8679780 kB
Committed_AS:   61439096 kB
VmallocTotal:   263061440 kB
VmallocUsed:      124760 kB
VmallocChunk:          0 kB
Percpu:             6216 kB
CmaTotal:         405504 kB
CmaFree:           45064 kB
MemTotal:        7922396 kB
MemFree:          586324 kB
MemAvailable:    3702884 kB
Buffers:           61468 kB
Cached:          2444480 kB
SwapCached:         1804 kB
Active:          1512984 kB
Inactive:        2475248 kB
Active(anon):      95596 kB
Inactive(anon):  1412932 kB
Active(file):    1417388 kB
Inactive(file):  1062316 kB
Unevictable:        6048 kB
Mlocked:            5608 kB
SwapTotal:       4718584 kB
SwapFree:        4570104 kB
Dirty:              1028 kB
Writeback:             0 kB
AnonPages:       1486584 kB
Mapped:           696772 kB
Shmem:             21692 kB
KReclaimable:    1027128 kB
Slab:             292956 kB
SReclaimable:      76928 kB
SUnreclaim:       216028 kB
KernelStack:       44512 kB
ShadowCallStack:   11152 kB
PageTables:        63388 kB
NFS_Unstable:          0 kB
Bounce:                0 kB
WritebackTmp:          0 kB
CommitLimit:     8679780 kB
Committed_AS:   61439092 kB
VmallocTotal:   263061440 kB
VmallocUsed:      124760 kB
VmallocChunk:          0 kB
Percpu:             6216 kB
CmaTotal:         405504 kB
CmaFree:           45116 kB
MemTotal:        7922396 kB
MemFree:          587424 kB
MemAvailable:    3703992 kB
Buffers:           61476 kB
Cached:          2444480 kB
SwapCached:         1804 kB
Active:          1513000 kB
Inactive:        2475104 kB
Active(anon):      95604 kB
Inactive(anon):  1412788 kB
Active(file):    1417396 kB
Inactive(file):  1062316 kB
Unevictable:        6048 kB
Mlocked:            5608 kB
SwapTotal:       4718584 kB
SwapFree:        4570104 kB
Dirty:              1028 kB
Writeback:             0 kB
AnonPages:       1486440 kB
Mapped:           696844 kB
Shmem:             21692 kB
KReclaimable:    1027128 kB
Slab:             292956 kB
SReclaimable:      76928 kB
SUnreclaim:       216028 kB
KernelStack:       44528 kB
ShadowCallStack:   11136 kB
PageTables:        63508 kB
NFS_Unstable:          0 kB
Bounce:                0 kB
WritebackTmp:          0 kB
CommitLimit:     8679780 kB
Committed_AS:   61439092 kB
VmallocTotal:   263061440 kB
VmallocUsed:      124760 kB
VmallocChunk:          0 kB
Percpu:             6216 kB
CmaTotal:         405504 kB
CmaFree:           45116 kB
MemTotal:        7922396 kB
MemFree:          586324 kB
MemAvailable:    3702904 kB
Buffers:           61476 kB
Cached:          2444492 kB
SwapCached:         1804 kB
Active:          1513112 kB
Inactive:        2475492 kB
Active(anon):      95596 kB
Inactive(anon):  1413284 kB
Active(file):    1417516 kB
Inactive(file):  1062208 kB
Unevictable:        6048 kB
Mlocked:            5608 kB
SwapTotal:       4718584 kB
SwapFree:        4570104 kB
Dirty:              1040 kB
Writeback:             0 kB
AnonPages:       1487008 kB
Mapped:           696828 kB
Shmem:             21692 kB
KReclaimable:    1027128 kB
Slab:             292932 kB
SReclaimable:      76928 kB
SUnreclaim:       216004 kB
KernelStack:       44512 kB
ShadowCallStack:   11152 kB
PageTables:        63352 kB
NFS_Unstable:          0 kB
Bounce:                0 kB
WritebackTmp:          0 kB
CommitLimit:     8679780 kB
Committed_AS:   61439092 kB
VmallocTotal:   263061440 kB
VmallocUsed:      124756 kB
VmallocChunk:          0 kB
Percpu:             6216 kB
CmaTotal:         405504 kB
CmaFree:           45116 kB
MemTotal:        7922396 kB
MemFree:          587580 kB
MemAvailable:    3705480 kB
Buffers:           61476 kB
Cached:          2444480 kB
SwapCached:         1804 kB
Active:          1513096 kB
Inactive:        2473928 kB
Active(anon):      95580 kB
Inactive(anon):  1411704 kB
Active(file):    1417516 kB
Inactive(file):  1062224 kB
Unevictable:        6048 kB
Mlocked:            5608 kB
SwapTotal:       4718584 kB
SwapFree:        4570104 kB
Dirty:              1056 kB
Writeback:             0 kB
AnonPages:       1485392 kB
Mapped:           696828 kB
Shmem:             21664 kB
KReclaimable:    1028432 kB
Slab:             292864 kB
SReclaimable:      76928 kB
SUnreclaim:       215936 kB
KernelStack:       44448 kB
ShadowCallStack:   11136 kB
PageTables:        63384 kB
NFS_Unstable:          0 kB
Bounce:                0 kB
WritebackTmp:          0 kB
CommitLimit:     8679780 kB
Committed_AS:   61438860 kB
VmallocTotal:   263061440 kB
VmallocUsed:      124676 kB
VmallocChunk:          0 kB
Percpu:             6216 kB
CmaTotal:         405504 kB
CmaFree:           45224 kB
MemTotal:        7922396 kB
MemFree:          588020 kB
MemAvailable:    3705928 kB
Buffers:           61476 kB
Cached:          2444488 kB
SwapCached:         1804 kB
Active:          1513096 kB
Inactive:        2474104 kB
Active(anon):      95580 kB
Inactive(anon):  1411872 kB
Active(file):    1417516 kB
Inactive(file):  1062232 kB
Unevictable:        6048 kB
Mlocked:            5608 kB
SwapTotal:       4718584 kB
SwapFree:        4570104 kB
Dirty:              1064 kB
Writeback:             0 kB
AnonPages:       1485580 kB
Mapped:           696856 kB
Shmem:             21664 kB
KReclaimable:    1028432 kB
Slab:             292932 kB
SReclaimable:      76928 kB
SUnreclaim:       216004 kB
KernelStack:       44448 kB
ShadowCallStack:   11136 kB
PageTables:        63348 kB
NFS_Unstable:          0 kB
Bounce:                0 kB
WritebackTmp:          0 kB
CommitLimit:     8679780 kB
Committed_AS:   61438864 kB
VmallocTotal:   263061440 kB
VmallocUsed:      124680 kB
VmallocChunk:          0 kB
Percpu:             6216 kB
CmaTotal:         405504 kB
CmaFree:           45224 kB
MemTotal:        7922396 kB
MemFree:          587292 kB
MemAvailable:    3705208 kB
Buffers:           61476 kB
Cached:          2444496 kB
SwapCached:         1804 kB
Active:          1513096 kB
Inactive:        2474432 kB
Active(anon):      95580 kB
Inactive(anon):  1412192 kB
Active(file):    1417516 kB
Inactive(file):  1062240 kB
Unevictable:        6048 kB
Mlocked:            5608 kB
SwapTotal:       4718584 kB
SwapFree:        4570104 kB
Dirty:              1072 kB
Writeback:             0 kB
AnonPages:       1485936 kB
Mapped:           696964 kB
Shmem:             21664 kB
KReclaimable:    1028432 kB
Slab:             292920 kB
SReclaimable:      76928 kB
SUnreclaim:       215992 kB
KernelStack:       44448 kB
ShadowCallStack:   11148 kB
PageTables:        63352 kB
NFS_Unstable:          0 kB
Bounce:                0 kB
WritebackTmp:          0 kB
CommitLimit:     8679780 kB
Committed_AS:   61438860 kB
VmallocTotal:   263061440 kB
VmallocUsed:      124652 kB
VmallocChunk:          0 kB
Percpu:             6216 kB
CmaTotal:         405504 kB
CmaFree:           45224 kB
MemTotal:        7922396 kB
MemFree:          593220 kB
MemAvailable:    3711176 kB
Buffers:           61500 kB
Cached:          2444516 kB
SwapCached:         1804 kB
Active:          1513504 kB
Inactive:        2468696 kB
Active(anon):      95580 kB
Inactive(anon):  1406824 kB
Active(file):    1417924 kB
Inactive(file):  1061872 kB
Unevictable:        6048 kB
Mlocked:            5608 kB
SwapTotal:       4718584 kB
SwapFree:        4570104 kB
Dirty:              1084 kB
Writeback:             0 kB
AnonPages:       1480436 kB
Mapped:           696912 kB
Shmem:             21664 kB
KReclaimable:    1028432 kB
Slab:             292920 kB
SReclaimable:      76928 kB
SUnreclaim:       215992 kB
KernelStack:       44416 kB
ShadowCallStack:   11164 kB
PageTables:        63320 kB
NFS_Unstable:          0 kB
Bounce:                0 kB
WritebackTmp:          0 kB
CommitLimit:     8679780 kB
Committed_AS:   61438912 kB
VmallocTotal:   263061440 kB
VmallocUsed:      124696 kB
VmallocChunk:          0 kB
Percpu:             6216 kB
CmaTotal:         405504 kB
CmaFree:           45532 kB
MemTotal:        7922396 kB
MemFree:          607948 kB
MemAvailable:    3725932 kB
Buffers:           61524 kB
Cached:          2444520 kB
SwapCached:         1804 kB
Active:          1513660 kB
Inactive:        2454776 kB
Active(anon):      95580 kB
Inactive(anon):  1393032 kB
Active(file):    1418080 kB
Inactive(file):  1061744 kB
Unevictable:        6048 kB
Mlocked:            5608 kB
SwapTotal:       4718584 kB
SwapFree:        4570104 kB
Dirty:              1104 kB
Writeback:             0 kB
AnonPages:       1466692 kB
Mapped:           694160 kB
Shmem:             21668 kB
KReclaimable:    1028432 kB
Slab:             292896 kB
SReclaimable:      76928 kB
SUnreclaim:       215968 kB
KernelStack:       44480 kB
ShadowCallStack:   11144 kB
PageTables:        63300 kB
NFS_Unstable:          0 kB
Bounce:                0 kB
WritebackTmp:          0 kB
CommitLimit:     8679780 kB
Committed_AS:   61438976 kB
VmallocTotal:   263061440 kB
VmallocUsed:      124688 kB
VmallocChunk:          0 kB
Percpu:             6216 kB
CmaTotal:         405504 kB
CmaFree:           45736 kB
MemTotal:        7922396 kB
MemFree:          606580 kB
MemAvailable:    3724568 kB
Buffers:           61524 kB
Cached:          2444524 kB
SwapCached:         1804 kB
Active:          1513656 kB
Inactive:        2455268 kB
Active(anon):      95576 kB
Inactive(anon):  1393520 kB
Active(file):    1418080 kB
Inactive(file):  1061748 kB
Unevictable:        6048 kB
Mlocked:            5608 kB
SwapTotal:       4718584 kB
SwapFree:        4570104 kB
Dirty:               660 kB
Writeback:             0 kB
AnonPages:       1467328 kB
Mapped:           694312 kB
Shmem:             21668 kB
KReclaimable:    1028432 kB
Slab:             292936 kB
SReclaimable:      76928 kB
SUnreclaim:       216008 kB
KernelStack:       44480 kB
ShadowCallStack:   11144 kB
PageTables:        63452 kB
NFS_Unstable:          0 kB
Bounce:                0 kB
WritebackTmp:          0 kB
CommitLimit:     8679780 kB
Committed_AS:   61438972 kB
VmallocTotal:   263061440 kB
VmallocUsed:      124716 kB
VmallocChunk:          0 kB
Percpu:             6216 kB
CmaTotal:         405504 kB
CmaFree:           45736 kB
MemTotal:        7922396 kB
MemFree:          605372 kB
MemAvailable:    3723352 kB
Buffers:           61524 kB
Cached:          2444532 kB
SwapCached:         1804 kB
Active:          1513644 kB
Inactive:        2455580 kB
Active(anon):      95564 kB
Inactive(anon):  1393824 kB
Active(file):    1418080 kB
Inactive(file):  1061756 kB
Unevictable:        6048 kB
Mlocked:            5608 kB
SwapTotal:       4718584 kB
SwapFree:        4570104 kB
Dirty:               688 kB
Writeback:             0 kB
AnonPages:       1467464 kB
Mapped:           694224 kB
Shmem:             21668 kB
KReclaimable:    1028416 kB
Slab:             292904 kB
SReclaimable:      76912 kB
SUnreclaim:       215992 kB
KernelStack:       44464 kB
ShadowCallStack:   11128 kB
PageTables:        63424 kB
NFS_Unstable:          0 kB
Bounce:                0 kB
WritebackTmp:          0 kB
CommitLimit:     8679780 kB
Committed_AS:   61438972 kB
VmallocTotal:   263061440 kB
VmallocUsed:      124736 kB
VmallocChunk:          0 kB
Percpu:             6216 kB
CmaTotal:         405504 kB
CmaFree:           45736 kB
MemTotal:        7922396 kB
MemFree:          606276 kB
MemAvailable:    3724024 kB
Buffers:           61524 kB
Cached:          2444540 kB
SwapCached:         1804 kB
Active:          1513768 kB
Inactive:        2455356 kB
Active(anon):      95568 kB
Inactive(anon):  1393712 kB
Active(file):    1418200 kB
Inactive(file):  1061644 kB
Unevictable:        6048 kB
Mlocked:            5608 kB
SwapTotal:       4718584 kB
SwapFree:        4570104 kB
Dirty:               696 kB
Writeback:             0 kB
AnonPages:       1467492 kB
Mapped:           694408 kB
Shmem:             21668 kB
KReclaimable:    1028176 kB
Slab:             292872 kB
SReclaimable:      76928 kB
SUnreclaim:       215944 kB
KernelStack:       44448 kB
ShadowCallStack:   11148 kB
PageTables:        63232 kB
NFS_Unstable:          0 kB
Bounce:                0 kB
WritebackTmp:          0 kB
CommitLimit:     8679780 kB
Committed_AS:   61438968 kB
VmallocTotal:   263061440 kB
VmallocUsed:      124684 kB
VmallocChunk:          0 kB
Percpu:             6216 kB
CmaTotal:         405504 kB
CmaFree:           45760 kB
MemTotal:        7922396 kB
MemFree:          605816 kB
MemAvailable:    3723568 kB
Buffers:           61524 kB
Cached:          2444544 kB
SwapCached:         1804 kB
Active:          1513780 kB
Inactive:        2455600 kB
Active(anon):      95580 kB
Inactive(anon):  1393952 kB
Active(file):    1418200 kB
Inactive(file):  1061648 kB
Unevictable:        6048 kB
Mlocked:            5608 kB
SwapTotal:       4718584 kB
SwapFree:        4570104 kB
Dirty:               700 kB
Writeback:             0 kB
AnonPages:       1467816 kB
Mapped:           694268 kB
Shmem:             21668 kB
KReclaimable:    1028176 kB
Slab:             292928 kB
SReclaimable:      76928 kB
SUnreclaim:       216000 kB
KernelStack:       44480 kB
ShadowCallStack:   11144 kB
PageTables:        63316 kB
NFS_Unstable:          0 kB
Bounce:                0 kB
WritebackTmp:          0 kB
CommitLimit:     8679780 kB
Committed_AS:   61438968 kB
VmallocTotal:   263061440 kB
VmallocUsed:      124704 kB
VmallocChunk:          0 kB
Percpu:             6216 kB
CmaTotal:         405504 kB
CmaFree:           45736 kB
MemTotal:        7922396 kB
MemFree:          606284 kB
MemAvailable:    3724064 kB
Buffers:           61540 kB
Cached:          2444552 kB
SwapCached:         1804 kB
Active:          1513852 kB
Inactive:        2455852 kB
Active(anon):      95576 kB
Inactive(anon):  1394256 kB
Active(file):    1418276 kB
Inactive(file):  1061596 kB
Unevictable:        6048 kB
Mlocked:            5608 kB
SwapTotal:       4718584 kB
SwapFree:        4570104 kB
Dirty:               760 kB
Writeback:             0 kB
AnonPages:       1467964 kB
Mapped:           694416 kB
Shmem:             21668 kB
KReclaimable:    1028180 kB
Slab:             292900 kB
SReclaimable:      76932 kB
SUnreclaim:       215968 kB
KernelStack:       44480 kB
ShadowCallStack:   11144 kB
PageTables:        63352 kB
NFS_Unstable:          0 kB
Bounce:                0 kB
WritebackTmp:          0 kB
CommitLimit:     8679780 kB
Committed_AS:   61438968 kB
VmallocTotal:   263061440 kB
VmallocUsed:      124720 kB
VmallocChunk:          0 kB
Percpu:             6216 kB
CmaTotal:         405504 kB
CmaFree:           45736 kB
MemTotal:        7922396 kB
MemFree:          604156 kB
MemAvailable:    3721948 kB
Buffers:           61540 kB
Cached:          2444564 kB
SwapCached:         1804 kB
Active:          1513852 kB
Inactive:        2456660 kB
Active(anon):      95576 kB
Inactive(anon):  1395052 kB
Active(file):    1418276 kB
Inactive(file):  1061608 kB
Unevictable:        6048 kB
Mlocked:            5608 kB
SwapTotal:       4718584 kB
SwapFree:        4570104 kB
Dirty:               108 kB
Writeback:             0 kB
AnonPages:       1468712 kB
Mapped:           694444 kB
Shmem:             21668 kB
KReclaimable:    1028180 kB
Slab:             292924 kB
SReclaimable:      76932 kB
SUnreclaim:       215992 kB
KernelStack:       44448 kB
ShadowCallStack:   11132 kB
PageTables:        63176 kB
NFS_Unstable:          0 kB
Bounce:                0 kB
WritebackTmp:          0 kB
CommitLimit:     8679780 kB
Committed_AS:   61438972 kB
VmallocTotal:   263061440 kB
VmallocUsed:      124672 kB
VmallocChunk:          0 kB
Percpu:             6216 kB
CmaTotal:         405504 kB
CmaFree:           45732 kB
MemTotal:        7922396 kB
MemFree:          604600 kB
MemAvailable:    3722404 kB
Buffers:           61540 kB
Cached:          2444576 kB
SwapCached:         1804 kB
Active:          1513992 kB
Inactive:        2456244 kB
Active(anon):      95584 kB
Inactive(anon):  1394756 kB
Active(file):    1418408 kB
Inactive(file):  1061488 kB
Unevictable:        6048 kB
Mlocked:            5608 kB
SwapTotal:       4718584 kB
SwapFree:        4570104 kB
Dirty:               128 kB
Writeback:             0 kB
AnonPages:       1468540 kB
Mapped:           694332 kB
Shmem:             21668 kB
KReclaimable:    1028180 kB
Slab:             292868 kB
SReclaimable:      76932 kB
SUnreclaim:       215936 kB
KernelStack:       44448 kB
ShadowCallStack:   11140 kB
PageTables:        63176 kB
NFS_Unstable:          0 kB
Bounce:                0 kB
WritebackTmp:          0 kB
CommitLimit:     8679780 kB
Committed_AS:   61438972 kB
VmallocTotal:   263061440 kB
VmallocUsed:      124704 kB
VmallocChunk:          0 kB
Percpu:             6216 kB
CmaTotal:         405504 kB
CmaFree:           45736 kB
MemTotal:        7922396 kB
MemFree:          604096 kB
MemAvailable:    3721904 kB
Buffers:           61540 kB
Cached:          2444580 kB
SwapCached:         1804 kB
Active:          1513992 kB
Inactive:        2456276 kB
Active(anon):      95584 kB
Inactive(anon):  1394784 kB
Active(file):    1418408 kB
Inactive(file):  1061492 kB
Unevictable:        6048 kB
Mlocked:            5608 kB
SwapTotal:       4718584 kB
SwapFree:        4570104 kB
Dirty:               184 kB
Writeback:             0 kB
AnonPages:       1468452 kB
Mapped:           694448 kB
Shmem:             21668 kB
KReclaimable:    1028180 kB
Slab:             292928 kB
SReclaimable:      76932 kB
SUnreclaim:       215996 kB
KernelStack:       44480 kB
ShadowCallStack:   11144 kB
PageTables:        63308 kB
NFS_Unstable:          0 kB
Bounce:                0 kB
WritebackTmp:          0 kB
CommitLimit:     8679780 kB
Committed_AS:   61438968 kB
VmallocTotal:   263061440 kB
VmallocUsed:      124736 kB
VmallocChunk:          0 kB
Percpu:             6216 kB
CmaTotal:         405504 kB
CmaFree:           45736 kB
MemTotal:        7922396 kB
MemFree:          603544 kB
MemAvailable:    3721380 kB
Buffers:           61556 kB
Cached:          2444592 kB
SwapCached:         1804 kB
Active:          1514004 kB
Inactive:        2457220 kB
Active(anon):      95580 kB
Inactive(anon):  1395716 kB
Active(file):    1418424 kB
Inactive(file):  1061504 kB
Unevictable:        6048 kB
Mlocked:            5608 kB
SwapTotal:       4718584 kB
SwapFree:        4570104 kB
Dirty:               288 kB
Writeback:             0 kB
AnonPages:       1469412 kB
Mapped:           694336 kB
Shmem:             21668 kB
KReclaimable:    1028180 kB
Slab:             292884 kB
SReclaimable:      76932 kB
SUnreclaim:       215952 kB
KernelStack:       44448 kB
ShadowCallStack:   11136 kB
PageTables:        63200 kB
NFS_Unstable:          0 kB
Bounce:                0 kB
WritebackTmp:          0 kB
CommitLimit:     8679780 kB
Committed_AS:   61438972 kB
VmallocTotal:   263061440 kB
VmallocUsed:      124712 kB
VmallocChunk:          0 kB
Percpu:             6216 kB
CmaTotal:         405504 kB
CmaFree:           45736 kB
MemTotal:        7922396 kB
MemFree:          606864 kB
MemAvailable:    3724688 kB
Buffers:           61556 kB
Cached:          2444596 kB
SwapCached:         1804 kB
Active:          1514060 kB
Inactive:        2453788 kB
Active(anon):      95572 kB
Inactive(anon):  1392344 kB
Active(file):    1418488 kB
Inactive(file):  1061444 kB
Unevictable:        6048 kB
Mlocked:            5608 kB
SwapTotal:       4718584 kB
SwapFree:        4570104 kB
Dirty:               292 kB
Writeback:             0 kB
AnonPages:       1466268 kB
Mapped:           694376 kB
Shmem:             21668 kB
KReclaimable:    1028164 kB
Slab:             292912 kB
SReclaimable:      76916 kB
SUnreclaim:       215996 kB
KernelStack:       44496 kB
ShadowCallStack:   11112 kB
PageTables:        63356 kB
NFS_Unstable:          0 kB
Bounce:                0 kB
WritebackTmp:          0 kB
CommitLimit:     8679780 kB
Committed_AS:   61438968 kB
VmallocTotal:   263061440 kB
VmallocUsed:      124720 kB
VmallocChunk:          0 kB
Percpu:             6216 kB
CmaTotal:         405504 kB
CmaFree:           45708 kB
MemTotal:        7922396 kB
MemFree:          606312 kB
MemAvailable:    3724160 kB
Buffers:           61556 kB
Cached:          2444604 kB
SwapCached:         1804 kB
Active:          1514076 kB
Inactive:        2454496 kB
Active(anon):      95584 kB
Inactive(anon):  1393048 kB
Active(file):    1418492 kB
Inactive(file):  1061448 kB
Unevictable:        6048 kB
Mlocked:            5608 kB
SwapTotal:       4718584 kB
SwapFree:        4570104 kB
Dirty:               300 kB
Writeback:             0 kB
AnonPages:       1466696 kB
Mapped:           694536 kB
Shmem:             21668 kB
KReclaimable:    1028180 kB
Slab:             292868 kB
SReclaimable:      76932 kB
SUnreclaim:       215936 kB
KernelStack:       44448 kB
ShadowCallStack:   11160 kB
PageTables:        63140 kB
NFS_Unstable:          0 kB
Bounce:                0 kB
WritebackTmp:          0 kB
CommitLimit:     8679780 kB
Committed_AS:   61438976 kB
VmallocTotal:   263061440 kB
VmallocUsed:      124720 kB
VmallocChunk:          0 kB
Percpu:             6216 kB
CmaTotal:         405504 kB
CmaFree:           45732 kB
MemTotal:        7922396 kB
MemFree:          518140 kB
MemAvailable:    3502348 kB
Buffers:           61556 kB
Cached:          2444756 kB
SwapCached:         1804 kB
Active:          1514076 kB
Inactive:        2542704 kB
Active(anon):      95584 kB
Inactive(anon):  1481248 kB
Active(file):    1418492 kB
Inactive(file):  1061456 kB
Unevictable:        6048 kB
Mlocked:            5608 kB
SwapTotal:       4718584 kB
SwapFree:        4570104 kB
Dirty:               308 kB
Writeback:             0 kB
AnonPages:       1554808 kB
Mapped:           695060 kB
Shmem:             21812 kB
KReclaimable:     894532 kB
Slab:             292964 kB
SReclaimable:      76932 kB
SUnreclaim:       216032 kB
KernelStack:       44560 kB
ShadowCallStack:   11164 kB
PageTables:        63384 kB
NFS_Unstable:          0 kB
Bounce:                0 kB
WritebackTmp:          0 kB
CommitLimit:     8679780 kB
Committed_AS:   61439352 kB
VmallocTotal:   263061440 kB
VmallocUsed:      124820 kB
VmallocChunk:          0 kB
Percpu:             6216 kB
CmaTotal:         405504 kB
CmaFree:           14932 kB
MemTotal:        7922396 kB
MemFree:          606848 kB
MemAvailable:    3724708 kB
Buffers:           61556 kB
Cached:          2444616 kB
SwapCached:         1804 kB
Active:          1514140 kB
Inactive:        2454728 kB
Active(anon):      95584 kB
Inactive(anon):  1393332 kB
Active(file):    1418556 kB
Inactive(file):  1061396 kB
Unevictable:        6048 kB
Mlocked:            5608 kB
SwapTotal:       4718584 kB
SwapFree:        4570104 kB
Dirty:               312 kB
Writeback:             0 kB
AnonPages:       1467164 kB
Mapped:           694544 kB
Shmem:             21668 kB
KReclaimable:    1028180 kB
Slab:             292868 kB
SReclaimable:      76932 kB
SUnreclaim:       215936 kB
KernelStack:       44480 kB
ShadowCallStack:   11144 kB
PageTables:        63252 kB
NFS_Unstable:          0 kB
Bounce:                0 kB
WritebackTmp:          0 kB
CommitLimit:     8679780 kB
Committed_AS:   61438968 kB
VmallocTotal:   263061440 kB
VmallocUsed:      124696 kB
VmallocChunk:          0 kB
Percpu:             6216 kB
CmaTotal:         405504 kB
CmaFree:           44880 kB
MemTotal:        7922396 kB
MemFree:          605932 kB
MemAvailable:    3723804 kB
Buffers:           61564 kB
Cached:          2444624 kB
SwapCached:         1804 kB
Active:          1514344 kB
Inactive:        2455136 kB
Active(anon):      95596 kB
Inactive(anon):  1393920 kB
Active(file):    1418748 kB
Inactive(file):  1061216 kB
Unevictable:        6048 kB
Mlocked:            5608 kB
SwapTotal:       4718584 kB
SwapFree:        4570104 kB
Dirty:               320 kB
Writeback:             0 kB
AnonPages:       1467520 kB
Mapped:           694540 kB
Shmem:             21668 kB
KReclaimable:    1028180 kB
Slab:             292916 kB
SReclaimable:      76932 kB
SUnreclaim:       215984 kB
KernelStack:       44496 kB
ShadowCallStack:   11120 kB
PageTables:        63156 kB
NFS_Unstable:          0 kB
Bounce:                0 kB
WritebackTmp:          0 kB
CommitLimit:     8679780 kB
Committed_AS:   61438968 kB
VmallocTotal:   263061440 kB
VmallocUsed:      124704 kB
VmallocChunk:          0 kB
Percpu:             6216 kB
CmaTotal:         405504 kB
CmaFree:           44880 kB
MemTotal:        7922396 kB
MemFree:          606324 kB
MemAvailable:    3724228 kB
Buffers:           61564 kB
Cached:          2444636 kB
SwapCached:         1804 kB
Active:          1514324 kB
Inactive:        2455104 kB
Active(anon):      95576 kB
Inactive(anon):  1393872 kB
Active(file):    1418748 kB
Inactive(file):  1061232 kB
Unevictable:        6048 kB
Mlocked:            5608 kB
SwapTotal:       4718584 kB
SwapFree:        4570104 kB
Dirty:               332 kB
Writeback:             0 kB
AnonPages:       1467664 kB
Mapped:           694420 kB
Shmem:             21668 kB
KReclaimable:    1028196 kB
Slab:             292868 kB
SReclaimable:      76948 kB
SUnreclaim:       215920 kB
KernelStack:       44448 kB
ShadowCallStack:   11136 kB
PageTables:        63304 kB
NFS_Unstable:          0 kB
Bounce:                0 kB
WritebackTmp:          0 kB
CommitLimit:     8679780 kB
Committed_AS:   61438968 kB
VmallocTotal:   263061440 kB
VmallocUsed:      124704 kB
VmallocChunk:          0 kB
Percpu:             6216 kB
CmaTotal:         405504 kB
CmaFree:           44880 kB
MemTotal:        7922396 kB
MemFree:          604796 kB
MemAvailable:    3722736 kB
Buffers:           61564 kB
Cached:          2444644 kB
SwapCached:         1804 kB
Active:          1514332 kB
Inactive:        2456416 kB
Active(anon):      95584 kB
Inactive(anon):  1395176 kB
Active(file):    1418748 kB
Inactive(file):  1061240 kB
Unevictable:        6048 kB
Mlocked:            5608 kB
SwapTotal:       4718584 kB
SwapFree:        4570104 kB
Dirty:               344 kB
Writeback:             0 kB
AnonPages:       1468884 kB
Mapped:           694488 kB
Shmem:             21668 kB
KReclaimable:    1028224 kB
Slab:             292856 kB
SReclaimable:      76948 kB
SUnreclaim:       215908 kB
KernelStack:       44480 kB
ShadowCallStack:   11144 kB
PageTables:        63268 kB
NFS_Unstable:          0 kB
Bounce:                0 kB
WritebackTmp:          0 kB
CommitLimit:     8679780 kB
Committed_AS:   61438968 kB
VmallocTotal:   263061440 kB
VmallocUsed:      124736 kB
VmallocChunk:          0 kB
Percpu:             6216 kB
CmaTotal:         405504 kB
CmaFree:           44880 kB
MemTotal:        7922396 kB
MemFree:          604040 kB
MemAvailable:    3721992 kB
Buffers:           61564 kB
Cached:          2444656 kB
SwapCached:         1804 kB
Active:          1514332 kB
Inactive:        2456648 kB
Active(anon):      95584 kB
Inactive(anon):  1395396 kB
Active(file):    1418748 kB
Inactive(file):  1061252 kB
Unevictable:        6048 kB
Mlocked:            5608 kB
SwapTotal:       4718584 kB
SwapFree:        4570104 kB
Dirty:               380 kB
Writeback:             0 kB
AnonPages:       1469124 kB
Mapped:           694516 kB
Shmem:             21668 kB
KReclaimable:    1028224 kB
Slab:             292896 kB
SReclaimable:      76948 kB
SUnreclaim:       215948 kB
KernelStack:       44464 kB
ShadowCallStack:   11140 kB
PageTables:        63284 kB
NFS_Unstable:          0 kB
Bounce:                0 kB
WritebackTmp:          0 kB
CommitLimit:     8679780 kB
Committed_AS:   61438924 kB
VmallocTotal:   263061440 kB
VmallocUsed:      124700 kB
VmallocChunk:          0 kB
Percpu:             6216 kB
CmaTotal:         405504 kB
CmaFree:           44880 kB
MemTotal:        7922396 kB
MemFree:          604556 kB
MemAvailable:    3722512 kB
Buffers:           61564 kB
Cached:          2444660 kB
SwapCached:         1804 kB
Active:          1514344 kB
Inactive:        2456592 kB
Active(anon):      95596 kB
Inactive(anon):  1395336 kB
Active(file):    1418748 kB
Inactive(file):  1061256 kB
Unevictable:        6048 kB
Mlocked:            5608 kB
SwapTotal:       4718584 kB
SwapFree:        4570104 kB
Dirty:               392 kB
Writeback:             0 kB
AnonPages:       1469080 kB
Mapped:           694396 kB
Shmem:             21668 kB
KReclaimable:    1028224 kB
Slab:             292856 kB
SReclaimable:      76948 kB
SUnreclaim:       215908 kB
KernelStack:       44464 kB
ShadowCallStack:   11136 kB
PageTables:        63108 kB
NFS_Unstable:          0 kB
Bounce:                0 kB
WritebackTmp:          0 kB
CommitLimit:     8679780 kB
Committed_AS:   61438924 kB
VmallocTotal:   263061440 kB
VmallocUsed:      124696 kB
VmallocChunk:          0 kB
Percpu:             6216 kB
CmaTotal:         405504 kB
CmaFree:           44884 kB
MemTotal:        7922396 kB
MemFree:          604984 kB
MemAvailable:    3722952 kB
Buffers:           61572 kB
Cached:          2444660 kB
SwapCached:         1804 kB
Active:          1514464 kB
Inactive:        2456584 kB
Active(anon):      95580 kB
Inactive(anon):  1395452 kB
Active(file):    1418884 kB
Inactive(file):  1061132 kB
Unevictable:        6048 kB
Mlocked:            5608 kB
SwapTotal:       4718584 kB
SwapFree:        4570104 kB
Dirty:               404 kB
Writeback:             0 kB
AnonPages:       1469084 kB
Mapped:           694384 kB
Shmem:             21668 kB
KReclaimable:    1028224 kB
Slab:             292872 kB
SReclaimable:      76948 kB
SUnreclaim:       215924 kB
KernelStack:       44464 kB
ShadowCallStack:   11176 kB
PageTables:        63076 kB
NFS_Unstable:          0 kB
Bounce:                0 kB
WritebackTmp:          0 kB
CommitLimit:     8679780 kB
Committed_AS:   61438924 kB
VmallocTotal:   263061440 kB
VmallocUsed:      124700 kB
VmallocChunk:          0 kB
Percpu:             6216 kB
CmaTotal:         405504 kB
CmaFree:           44880 kB
MemTotal:        7922396 kB
MemFree:          603068 kB
MemAvailable:    3721060 kB
Buffers:           61596 kB
Cached:          2444680 kB
SwapCached:         1804 kB
Active:          1514560 kB
Inactive:        2457884 kB
Active(anon):      95584 kB
Inactive(anon):  1396808 kB
Active(file):    1418976 kB
Inactive(file):  1061076 kB
Unevictable:        6048 kB
Mlocked:            5608 kB
SwapTotal:       4718584 kB
SwapFree:        4570104 kB
Dirty:               420 kB
Writeback:             0 kB
AnonPages:       1470532 kB
Mapped:           694440 kB
Shmem:             21672 kB
KReclaimable:    1028212 kB
Slab:             292848 kB
SReclaimable:      76936 kB
SUnreclaim:       215912 kB
KernelStack:       44464 kB
ShadowCallStack:   11140 kB
PageTables:        63268 kB
NFS_Unstable:          0 kB
Bounce:                0 kB
WritebackTmp:          0 kB
CommitLimit:     8679780 kB
Committed_AS:   61438932 kB
VmallocTotal:   263061440 kB
VmallocUsed:      124684 kB
VmallocChunk:          0 kB
Percpu:             6216 kB
CmaTotal:         405504 kB
CmaFree:           44880 kB
MemTotal:        7922396 kB
MemFree:          603464 kB
MemAvailable:    3721452 kB
Buffers:           61596 kB
Cached:          2444692 kB
SwapCached:         1804 kB
Active:          1514556 kB
Inactive:        2458068 kB
Active(anon):      95580 kB
Inactive(anon):  1396980 kB
Active(file):    1418976 kB
Inactive(file):  1061088 kB
Unevictable:        6048 kB
Mlocked:            5608 kB
SwapTotal:       4718584 kB
SwapFree:        4570104 kB
Dirty:               432 kB
Writeback:             0 kB
AnonPages:       1470536 kB
Mapped:           694532 kB
Shmem:             21672 kB
KReclaimable:    1028196 kB
Slab:             292828 kB
SReclaimable:      76920 kB
SUnreclaim:       215908 kB
KernelStack:       44464 kB
ShadowCallStack:   11140 kB
PageTables:        63408 kB
NFS_Unstable:          0 kB
Bounce:                0 kB
WritebackTmp:          0 kB
CommitLimit:     8679780 kB
Committed_AS:   61438928 kB
VmallocTotal:   263061440 kB
VmallocUsed:      124716 kB
VmallocChunk:          0 kB
Percpu:             6216 kB
CmaTotal:         405504 kB
CmaFree:           44880 kB
MemTotal:        7922396 kB
MemFree:          602440 kB
MemAvailable:    3720432 kB
Buffers:           61596 kB
Cached:          2444704 kB
SwapCached:         1804 kB
Active:          1514568 kB
Inactive:        2458472 kB
Active(anon):      95604 kB
Inactive(anon):  1397368 kB
Active(file):    1418964 kB
Inactive(file):  1061104 kB
Unevictable:        6048 kB
Mlocked:            5608 kB
SwapTotal:       4718584 kB
SwapFree:        4570104 kB
Dirty:                72 kB
Writeback:             0 kB
AnonPages:       1470868 kB
Mapped:           694596 kB
Shmem:             21680 kB
KReclaimable:    1028196 kB
Slab:             292896 kB
SReclaimable:      76920 kB
SUnreclaim:       215976 kB
KernelStack:       44448 kB
ShadowCallStack:   11120 kB
PageTables:        63064 kB
NFS_Unstable:          0 kB
Bounce:                0 kB
WritebackTmp:          0 kB
CommitLimit:     8679780 kB
Committed_AS:   61439448 kB
VmallocTotal:   263061440 kB
VmallocUsed:      124668 kB
VmallocChunk:          0 kB
Percpu:             6216 kB
CmaTotal:         405504 kB
CmaFree:           44876 kB
MemTotal:        7922396 kB
MemFree:          602436 kB
MemAvailable:    3720432 kB
Buffers:           61596 kB
Cached:          2444708 kB
SwapCached:         1804 kB
Active:          1514548 kB
Inactive:        2458624 kB
Active(anon):      95584 kB
Inactive(anon):  1397516 kB
Active(file):    1418964 kB
Inactive(file):  1061108 kB
Unevictable:        6048 kB
Mlocked:            5608 kB
SwapTotal:       4718584 kB
SwapFree:        4570104 kB
Dirty:               104 kB
Writeback:             0 kB
AnonPages:       1471132 kB
Mapped:           694456 kB
Shmem:             21680 kB
KReclaimable:    1028196 kB
Slab:             292920 kB
SReclaimable:      76920 kB
SUnreclaim:       216000 kB
KernelStack:       44464 kB
ShadowCallStack:   11140 kB
PageTables:        63276 kB
NFS_Unstable:          0 kB
Bounce:                0 kB
WritebackTmp:          0 kB
CommitLimit:     8679780 kB
Committed_AS:   61439448 kB
VmallocTotal:   263061440 kB
VmallocUsed:      124696 kB
VmallocChunk:          0 kB
Percpu:             6216 kB
CmaTotal:         405504 kB
CmaFree:           44880 kB
MemTotal:        7922396 kB
MemFree:          602668 kB
MemAvailable:    3720688 kB
Buffers:           61596 kB
Cached:          2444716 kB
SwapCached:         1804 kB
Active:          1514672 kB
Inactive:        2458856 kB
Active(anon):      95580 kB
Inactive(anon):  1397868 kB
Active(file):    1419092 kB
Inactive(file):  1060988 kB
Unevictable:        6048 kB
Mlocked:            5608 kB
SwapTotal:       4718584 kB
SwapFree:        4570104 kB
Dirty:               112 kB
Writeback:             0 kB
AnonPages:       1471508 kB
Mapped:           694416 kB
Shmem:             21680 kB
KReclaimable:    1028212 kB
Slab:             292936 kB
SReclaimable:      76936 kB
SUnreclaim:       216000 kB
KernelStack:       44464 kB
ShadowCallStack:   11140 kB
PageTables:        63356 kB
NFS_Unstable:          0 kB
Bounce:                0 kB
WritebackTmp:          0 kB
CommitLimit:     8679780 kB
Committed_AS:   61439456 kB
VmallocTotal:   263061440 kB
VmallocUsed:      124696 kB
VmallocChunk:          0 kB
Percpu:             6216 kB
CmaTotal:         405504 kB
CmaFree:           44880 kB
MemTotal:        7922396 kB
MemFree:          602688 kB
MemAvailable:    3720724 kB
Buffers:           61604 kB
Cached:          2444724 kB
SwapCached:         1804 kB
Active:          1514740 kB
Inactive:        2458844 kB
Active(anon):      95580 kB
Inactive(anon):  1397908 kB
Active(file):    1419160 kB
Inactive(file):  1060936 kB
Unevictable:        6048 kB
Mlocked:            5608 kB
SwapTotal:       4718584 kB
SwapFree:        4570104 kB
Dirty:               204 kB
Writeback:             0 kB
AnonPages:       1471544 kB
Mapped:           694492 kB
Shmem:             21680 kB
KReclaimable:    1028212 kB
Slab:             292880 kB
SReclaimable:      76936 kB
SUnreclaim:       215944 kB
KernelStack:       44448 kB
ShadowCallStack:   11144 kB
PageTables:        63252 kB
NFS_Unstable:          0 kB
Bounce:                0 kB
WritebackTmp:          0 kB
CommitLimit:     8679780 kB
Committed_AS:   61439448 kB
VmallocTotal:   263061440 kB
VmallocUsed:      124680 kB
VmallocChunk:          0 kB
Percpu:             6216 kB
CmaTotal:         405504 kB
CmaFree:           44880 kB
MemTotal:        7922396 kB
MemFree:          602760 kB
MemAvailable:    3720800 kB
Buffers:           61604 kB
Cached:          2444728 kB
SwapCached:         1804 kB
Active:          1514860 kB
Inactive:        2457848 kB
Active(anon):      95572 kB
Inactive(anon):  1397036 kB
Active(file):    1419288 kB
Inactive(file):  1060812 kB
Unevictable:        6048 kB
Mlocked:            5608 kB
SwapTotal:       4718584 kB
SwapFree:        4570104 kB
Dirty:               208 kB
Writeback:             0 kB
AnonPages:       1470548 kB
Mapped:           694588 kB
Shmem:             21680 kB
KReclaimable:    1028212 kB
Slab:             292888 kB
SReclaimable:      76936 kB
SUnreclaim:       215952 kB
KernelStack:       44480 kB
ShadowCallStack:   11160 kB
PageTables:        63144 kB
NFS_Unstable:          0 kB
Bounce:                0 kB
WritebackTmp:          0 kB
CommitLimit:     8679780 kB
Committed_AS:   61439448 kB
VmallocTotal:   263061440 kB
VmallocUsed:      124712 kB
VmallocChunk:          0 kB
Percpu:             6216 kB
CmaTotal:         405504 kB
CmaFree:           44920 kB
MemTotal:        7922396 kB
MemFree:          603840 kB
MemAvailable:    3721892 kB
Buffers:           61604 kB
Cached:          2444744 kB
SwapCached:         1804 kB
Active:          1514868 kB
Inactive:        2457644 kB
Active(anon):      95580 kB
Inactive(anon):  1396820 kB
Active(file):    1419288 kB
Inactive(file):  1060824 kB
Unevictable:        6048 kB
Mlocked:            5608 kB
SwapTotal:       4718584 kB
SwapFree:        4570104 kB
Dirty:               232 kB
Writeback:             0 kB
AnonPages:       1470308 kB
Mapped:           694492 kB
Shmem:             21684 kB
KReclaimable:    1028212 kB
Slab:             292860 kB
SReclaimable:      76936 kB
SUnreclaim:       215924 kB
KernelStack:       44432 kB
ShadowCallStack:   11132 kB
PageTables:        63304 kB
NFS_Unstable:          0 kB
Bounce:                0 kB
WritebackTmp:          0 kB
CommitLimit:     8679780 kB
Committed_AS:   61439452 kB
VmallocTotal:   263061440 kB
VmallocUsed:      124680 kB
VmallocChunk:          0 kB
Percpu:             6216 kB
CmaTotal:         405504 kB
CmaFree:           44888 kB
MemTotal:        7922396 kB
MemFree:          602588 kB
MemAvailable:    3720652 kB
Buffers:           61604 kB
Cached:          2444760 kB
SwapCached:         1804 kB
Active:          1514876 kB
Inactive:        2457720 kB
Active(anon):      95584 kB
Inactive(anon):  1396888 kB
Active(file):    1419292 kB
Inactive(file):  1060832 kB
Unevictable:        6048 kB
Mlocked:            5608 kB
SwapTotal:       4718584 kB
SwapFree:        4570104 kB
Dirty:               112 kB
Writeback:             0 kB
AnonPages:       1470604 kB
Mapped:           694532 kB
Shmem:             21688 kB
KReclaimable:    1028212 kB
Slab:             292936 kB
SReclaimable:      76936 kB
SUnreclaim:       216000 kB
KernelStack:       44464 kB
ShadowCallStack:   11140 kB
PageTables:        63284 kB
NFS_Unstable:          0 kB
Bounce:                0 kB
WritebackTmp:          0 kB
CommitLimit:     8679780 kB
Committed_AS:   61439460 kB
VmallocTotal:   263061440 kB
VmallocUsed:      124728 kB
VmallocChunk:          0 kB
Percpu:             6216 kB
CmaTotal:         405504 kB
CmaFree:           44880 kB
MemTotal:        7922396 kB
MemFree:          602308 kB
MemAvailable:    3720380 kB
Buffers:           61604 kB
Cached:          2444768 kB
SwapCached:         1804 kB
Active:          1514872 kB
Inactive:        2457864 kB
Active(anon):      95580 kB
Inactive(anon):  1397024 kB
Active(file):    1419292 kB
Inactive(file):  1060840 kB
Unevictable:        6048 kB
Mlocked:            5608 kB
SwapTotal:       4718584 kB
SwapFree:        4570104 kB
Dirty:               156 kB
Writeback:             0 kB
AnonPages:       1470712 kB
Mapped:           694516 kB
Shmem:             21688 kB
KReclaimable:    1028212 kB
Slab:             292904 kB
SReclaimable:      76936 kB
SUnreclaim:       215968 kB
KernelStack:       44464 kB
ShadowCallStack:   11140 kB
PageTables:        63320 kB
NFS_Unstable:          0 kB
Bounce:                0 kB
WritebackTmp:          0 kB
CommitLimit:     8679780 kB
Committed_AS:   61439456 kB
VmallocTotal:   263061440 kB
VmallocUsed:      124732 kB
VmallocChunk:          0 kB
Percpu:             6216 kB
CmaTotal:         405504 kB
CmaFree:           44880 kB
MemTotal:        7922396 kB
MemFree:          601044 kB
MemAvailable:    3719124 kB
Buffers:           61620 kB
Cached:          2444748 kB
SwapCached:         1804 kB
Active:          1514904 kB
Inactive:        2459284 kB
Active(anon):      95608 kB
Inactive(anon):  1398444 kB
Active(file):    1419296 kB
Inactive(file):  1060840 kB
Unevictable:        6048 kB
Mlocked:            5608 kB
SwapTotal:       4718584 kB
SwapFree:        4570104 kB
Dirty:               220 kB
Writeback:            16 kB
AnonPages:       1472176 kB
Mapped:           694592 kB
Shmem:             21688 kB
KReclaimable:    1028216 kB
Slab:             292876 kB
SReclaimable:      76940 kB
SUnreclaim:       215936 kB
KernelStack:       44448 kB
ShadowCallStack:   11148 kB
PageTables:        63340 kB
NFS_Unstable:          0 kB
Bounce:                0 kB
WritebackTmp:          0 kB
CommitLimit:     8679780 kB
Committed_AS:   61439456 kB
VmallocTotal:   263061440 kB
VmallocUsed:      124664 kB
VmallocChunk:          0 kB
Percpu:             6216 kB
CmaTotal:         405504 kB
CmaFree:           44888 kB
MemTotal:        7922396 kB
MemFree:          601716 kB
MemAvailable:    3719836 kB
Buffers:           61620 kB
Cached:          2444780 kB
SwapCached:         1804 kB
Active:          1514944 kB
Inactive:        2459136 kB
Active(anon):      95576 kB
Inactive(anon):  1398344 kB
Active(file):    1419368 kB
Inactive(file):  1060792 kB
Unevictable:        6048 kB
Mlocked:            5608 kB
SwapTotal:       4718584 kB
SwapFree:        4570104 kB
Dirty:               248 kB
Writeback:             0 kB
AnonPages:       1472044 kB
Mapped:           694524 kB
Shmem:             21688 kB
KReclaimable:    1028232 kB
Slab:             292828 kB
SReclaimable:      76956 kB
SUnreclaim:       215872 kB
KernelStack:       44432 kB
ShadowCallStack:   11140 kB
PageTables:        63044 kB
NFS_Unstable:          0 kB
Bounce:                0 kB
WritebackTmp:          0 kB
CommitLimit:     8679780 kB
Committed_AS:   61438944 kB
VmallocTotal:   263061440 kB
VmallocUsed:      124684 kB
VmallocChunk:          0 kB
Percpu:             6216 kB
CmaTotal:         405504 kB
CmaFree:           44884 kB
MemTotal:        7922396 kB
MemFree:          601500 kB
MemAvailable:    3719644 kB
Buffers:           61636 kB
Cached:          2444788 kB
SwapCached:         1804 kB
Active:          1515216 kB
Inactive:        2458200 kB
Active(anon):      95564 kB
Inactive(anon):  1397668 kB
Active(file):    1419652 kB
Inactive(file):  1060532 kB
Unevictable:        6048 kB
Mlocked:            5608 kB
SwapTotal:       4718584 kB
SwapFree:        4570104 kB
Dirty:                88 kB
Writeback:             0 kB
AnonPages:       1471312 kB
Mapped:           694540 kB
Shmem:             21688 kB
KReclaimable:    1028232 kB
Slab:             292900 kB
SReclaimable:      76956 kB
SUnreclaim:       215944 kB
KernelStack:       44336 kB
ShadowCallStack:   11108 kB
PageTables:        63316 kB
NFS_Unstable:          0 kB
Bounce:                0 kB
WritebackTmp:          0 kB
CommitLimit:     8679780 kB
Committed_AS:   61438532 kB
VmallocTotal:   263061440 kB
VmallocUsed:      124556 kB
VmallocChunk:          0 kB
Percpu:             6216 kB
CmaTotal:         405504 kB
CmaFree:           44880 kB
MemTotal:        7922396 kB
MemFree:          540956 kB
MemAvailable:    3526920 kB
Buffers:           61636 kB
Cached:          2444884 kB
SwapCached:         1804 kB
Active:          1515268 kB
Inactive:        2520432 kB
Active(anon):      95556 kB
Inactive(anon):  1459944 kB
Active(file):    1419712 kB
Inactive(file):  1060488 kB
Unevictable:        6048 kB
Mlocked:            5608 kB
SwapTotal:       4718584 kB
SwapFree:        4570104 kB
Dirty:               128 kB
Writeback:             0 kB
AnonPages:       1533292 kB
Mapped:           695044 kB
Shmem:             21768 kB
KReclaimable:     896288 kB
Slab:             293016 kB
SReclaimable:      76924 kB
SUnreclaim:       216092 kB
KernelStack:       44400 kB
ShadowCallStack:   11124 kB
PageTables:        63376 kB
NFS_Unstable:          0 kB
Bounce:                0 kB
WritebackTmp:          0 kB
CommitLimit:     8679780 kB
Committed_AS:   61438860 kB
VmallocTotal:   263061440 kB
VmallocUsed:      124612 kB
VmallocChunk:          0 kB
Percpu:             6216 kB
CmaTotal:         405504 kB
CmaFree:           36320 kB
MemTotal:        7922396 kB
MemFree:          521040 kB
MemAvailable:    3506880 kB
Buffers:           61644 kB
Cached:          2444948 kB
SwapCached:         1804 kB
Active:          1515324 kB
Inactive:        2538848 kB
Active(anon):      95544 kB
Inactive(anon):  1478420 kB
Active(file):    1419780 kB
Inactive(file):  1060428 kB
Unevictable:        6048 kB
Mlocked:            5608 kB
SwapTotal:       4718584 kB
SwapFree:        4570104 kB
Dirty:               128 kB
Writeback:             0 kB
AnonPages:       1551868 kB
Mapped:           695172 kB
Shmem:             21832 kB
KReclaimable:     895904 kB
Slab:             292992 kB
SReclaimable:      76924 kB
SUnreclaim:       216068 kB
KernelStack:       44368 kB
ShadowCallStack:   11096 kB
PageTables:        63220 kB
NFS_Unstable:          0 kB
Bounce:                0 kB
WritebackTmp:          0 kB
CommitLimit:     8679780 kB
Committed_AS:   61431836 kB
VmallocTotal:   263061440 kB
VmallocUsed:      124584 kB
VmallocChunk:          0 kB
Percpu:             6216 kB
CmaTotal:         405504 kB
CmaFree:           11652 kB
MemTotal:        7922396 kB
MemFree:          602652 kB
MemAvailable:    3694384 kB
Buffers:           61652 kB
Cached:          2445076 kB
SwapCached:         1804 kB
Active:          1515744 kB
Inactive:        2456020 kB
Active(anon):      95556 kB
Inactive(anon):  1395720 kB
Active(file):    1420188 kB
Inactive(file):  1060300 kB
Unevictable:        6048 kB
Mlocked:            5608 kB
SwapTotal:       4718584 kB
SwapFree:        4570104 kB
Dirty:               216 kB
Writeback:             0 kB
AnonPages:       1469332 kB
Mapped:           695416 kB
Shmem:             21688 kB
KReclaimable:    1001516 kB
Slab:             292944 kB
SReclaimable:      76924 kB
SUnreclaim:       216020 kB
KernelStack:       44288 kB
ShadowCallStack:   11096 kB
PageTables:        63540 kB
NFS_Unstable:          0 kB
Bounce:                0 kB
WritebackTmp:          0 kB
CommitLimit:     8679780 kB
Committed_AS:   61435420 kB
VmallocTotal:   263061440 kB
VmallocUsed:      124516 kB
VmallocChunk:          0 kB
Percpu:             6216 kB
CmaTotal:         405504 kB
CmaFree:           43996 kB
MemTotal:        7922396 kB
MemFree:          602636 kB
MemAvailable:    3694400 kB
Buffers:           61652 kB
Cached:          2445084 kB
SwapCached:         1804 kB
Active:          1515748 kB
Inactive:        2456264 kB
Active(anon):      95560 kB
Inactive(anon):  1395956 kB
Active(file):    1420188 kB
Inactive(file):  1060308 kB
Unevictable:        6048 kB
Mlocked:            5608 kB
SwapTotal:       4718584 kB
SwapFree:        4570104 kB
Dirty:               224 kB
Writeback:             0 kB
AnonPages:       1469604 kB
Mapped:           695564 kB
Shmem:             21688 kB
KReclaimable:    1001540 kB
Slab:             292968 kB
SReclaimable:      76956 kB
SUnreclaim:       216012 kB
KernelStack:       44288 kB
ShadowCallStack:   11096 kB
PageTables:        63432 kB
NFS_Unstable:          0 kB
Bounce:                0 kB
WritebackTmp:          0 kB
CommitLimit:     8679780 kB
Committed_AS:   61435368 kB
VmallocTotal:   263061440 kB
VmallocUsed:      124476 kB
VmallocChunk:          0 kB
Percpu:             6216 kB
CmaTotal:         405504 kB
CmaFree:           44240 kB
MemTotal:        7922396 kB
MemFree:          603708 kB
MemAvailable:    3695480 kB
Buffers:           61652 kB
Cached:          2445092 kB
SwapCached:         1804 kB
Active:          1515736 kB
Inactive:        2455944 kB
Active(anon):      95548 kB
Inactive(anon):  1395628 kB
Active(file):    1420188 kB
Inactive(file):  1060316 kB
Unevictable:        6048 kB
Mlocked:            5608 kB
SwapTotal:       4718584 kB
SwapFree:        4570104 kB
Dirty:               216 kB
Writeback:             0 kB
AnonPages:       1469256 kB
Mapped:           695424 kB
Shmem:             21688 kB
KReclaimable:    1001540 kB
Slab:             292952 kB
SReclaimable:      76956 kB
SUnreclaim:       215996 kB
KernelStack:       44176 kB
ShadowCallStack:   11068 kB
PageTables:        63344 kB
NFS_Unstable:          0 kB
Bounce:                0 kB
WritebackTmp:          0 kB
CommitLimit:     8679780 kB
Committed_AS:   61435056 kB
VmallocTotal:   263061440 kB
VmallocUsed:      124352 kB
VmallocChunk:          0 kB
Percpu:             6216 kB
CmaTotal:         405504 kB
CmaFree:           44240 kB
MemTotal:        7922396 kB
MemFree:          603676 kB
MemAvailable:    3695460 kB
Buffers:           61652 kB
Cached:          2445104 kB
SwapCached:         1804 kB
Active:          1515728 kB
Inactive:        2456024 kB
Active(anon):      95540 kB
Inactive(anon):  1395696 kB
Active(file):    1420188 kB
Inactive(file):  1060328 kB
Unevictable:        6048 kB
Mlocked:            5608 kB
SwapTotal:       4718584 kB
SwapFree:        4570104 kB
Dirty:               228 kB
Writeback:             0 kB
AnonPages:       1469660 kB
Mapped:           695508 kB
Shmem:             21688 kB
KReclaimable:    1001540 kB
Slab:             292976 kB
SReclaimable:      76956 kB
SUnreclaim:       216020 kB
KernelStack:       44144 kB
ShadowCallStack:   11056 kB
PageTables:        63384 kB
NFS_Unstable:          0 kB
Bounce:                0 kB
WritebackTmp:          0 kB
CommitLimit:     8679780 kB
Committed_AS:   61435056 kB
VmallocTotal:   263061440 kB
VmallocUsed:      124324 kB
VmallocChunk:          0 kB
Percpu:             6216 kB
CmaTotal:         405504 kB
CmaFree:           44248 kB
MemTotal:        7922396 kB
MemFree:          602480 kB
MemAvailable:    3694312 kB
Buffers:           61660 kB
Cached:          2445120 kB
SwapCached:         1804 kB
Active:          1515748 kB
Inactive:        2456448 kB
Active(anon):      95552 kB
Inactive(anon):  1396108 kB
Active(file):    1420196 kB
Inactive(file):  1060340 kB
Unevictable:        6048 kB
Mlocked:            5608 kB
SwapTotal:       4718584 kB
SwapFree:        4570104 kB
Dirty:               280 kB
Writeback:             0 kB
AnonPages:       1469732 kB
Mapped:           695480 kB
Shmem:             21692 kB
KReclaimable:    1001568 kB
Slab:             292984 kB
SReclaimable:      76956 kB
SUnreclaim:       216028 kB
KernelStack:       44160 kB
ShadowCallStack:   11064 kB
PageTables:        63412 kB
NFS_Unstable:          0 kB
Bounce:                0 kB
WritebackTmp:          0 kB
CommitLimit:     8679780 kB
Committed_AS:   61434956 kB
VmallocTotal:   263061440 kB
VmallocUsed:      124320 kB
VmallocChunk:          0 kB
Percpu:             6216 kB
CmaTotal:         405504 kB
CmaFree:           44240 kB
MemTotal:        7922396 kB
MemFree:          602432 kB
MemAvailable:    3694268 kB
Buffers:           61660 kB
Cached:          2445124 kB
SwapCached:         1804 kB
Active:          1515748 kB
Inactive:        2456408 kB
Active(anon):      95552 kB
Inactive(anon):  1396064 kB
Active(file):    1420196 kB
Inactive(file):  1060344 kB
Unevictable:        6048 kB
Mlocked:            5608 kB
SwapTotal:       4718584 kB
SwapFree:        4570104 kB
Dirty:               284 kB
Writeback:             0 kB
AnonPages:       1469708 kB
Mapped:           695428 kB
Shmem:             21692 kB
KReclaimable:    1001568 kB
Slab:             292996 kB
SReclaimable:      76956 kB
SUnreclaim:       216040 kB
KernelStack:       44144 kB
ShadowCallStack:   11060 kB
PageTables:        63404 kB
NFS_Unstable:          0 kB
Bounce:                0 kB
WritebackTmp:          0 kB
CommitLimit:     8679780 kB
Committed_AS:   61434956 kB
VmallocTotal:   263061440 kB
VmallocUsed:      124320 kB
VmallocChunk:          0 kB
Percpu:             6216 kB
CmaTotal:         405504 kB
CmaFree:           44240 kB
MemTotal:        7922396 kB
MemFree:          600164 kB
MemAvailable:    3691964 kB
Buffers:           61676 kB
Cached:          2445136 kB
SwapCached:         1804 kB
Active:          1515756 kB
Inactive:        2458264 kB
Active(anon):      95548 kB
Inactive(anon):  1397904 kB
Active(file):    1420208 kB
Inactive(file):  1060360 kB
Unevictable:        6048 kB
Mlocked:            5608 kB
SwapTotal:       4718584 kB
SwapFree:        4570104 kB
Dirty:               320 kB
Writeback:             0 kB
AnonPages:       1471508 kB
Mapped:           695612 kB
Shmem:             21692 kB
KReclaimable:    1001504 kB
Slab:             292992 kB
SReclaimable:      76956 kB
SUnreclaim:       216036 kB
KernelStack:       44144 kB
ShadowCallStack:   11060 kB
PageTables:        63448 kB
NFS_Unstable:          0 kB
Bounce:                0 kB
WritebackTmp:          0 kB
CommitLimit:     8679780 kB
Committed_AS:   61439056 kB
VmallocTotal:   263061440 kB
VmallocUsed:      124296 kB
VmallocChunk:          0 kB
Percpu:             6216 kB
CmaTotal:         405504 kB
CmaFree:           44240 kB
MemTotal:        7922396 kB
MemFree:          521272 kB
MemAvailable:    3682200 kB
Buffers:           61712 kB
Cached:          2445148 kB
SwapCached:         1804 kB
Active:          1572048 kB
Inactive:        2481180 kB
Active(anon):      95552 kB
Inactive(anon):  1477060 kB
Active(file):    1476496 kB
Inactive(file):  1004120 kB
Unevictable:        6048 kB
Mlocked:            5608 kB
SwapTotal:       4718584 kB
SwapFree:        4570104 kB
Dirty:                16 kB
Writeback:             0 kB
AnonPages:       1550796 kB
Mapped:           693404 kB
Shmem:             21692 kB
KReclaimable:    1070584 kB
Slab:             293200 kB
SReclaimable:      76956 kB
SUnreclaim:       216244 kB
KernelStack:       44144 kB
ShadowCallStack:   11048 kB
PageTables:        63676 kB
NFS_Unstable:          0 kB
Bounce:                0 kB
WritebackTmp:          0 kB
CommitLimit:     8679780 kB
Committed_AS:   61519052 kB
VmallocTotal:   263061440 kB
VmallocUsed:      124300 kB
VmallocChunk:          0 kB
Percpu:             6216 kB
CmaTotal:         405504 kB
CmaFree:           19480 kB
MemTotal:        7922396 kB
MemFree:          525404 kB
MemAvailable:    3384156 kB
Buffers:           61728 kB
Cached:          2445044 kB
SwapCached:         1804 kB
Active:          1592820 kB
Inactive:        2424992 kB
Active(anon):      95548 kB
Inactive(anon):  1441736 kB
Active(file):    1497272 kB
Inactive(file):   983256 kB
Unevictable:        6048 kB
Mlocked:            5608 kB
SwapTotal:       4718584 kB
SwapFree:        4570104 kB
Dirty:               188 kB
Writeback:             0 kB
AnonPages:       1515324 kB
Mapped:           700244 kB
Shmem:             21692 kB
KReclaimable:     768496 kB
Slab:             294432 kB
SReclaimable:      76960 kB
SUnreclaim:       217472 kB
KernelStack:       44176 kB
ShadowCallStack:   11064 kB
PageTables:        63668 kB
NFS_Unstable:          0 kB
Bounce:                0 kB
WritebackTmp:          0 kB
CommitLimit:     8679780 kB
Committed_AS:   61477516 kB
VmallocTotal:   263061440 kB
VmallocUsed:      124332 kB
VmallocChunk:          0 kB
Percpu:             6216 kB
CmaTotal:         405504 kB
CmaFree:           33172 kB
MemTotal:        7922396 kB
MemFree:          525148 kB
MemAvailable:    3384036 kB
Buffers:           61728 kB
Cached:          2445180 kB
SwapCached:         1804 kB
Active:          1592820 kB
Inactive:        2424900 kB
Active(anon):      95548 kB
Inactive(anon):  1441508 kB
Active(file):    1497272 kB
Inactive(file):   983392 kB
Unevictable:        6048 kB
Mlocked:            5608 kB
SwapTotal:       4718584 kB
SwapFree:        4570104 kB
Dirty:               192 kB
Writeback:             0 kB
AnonPages:       1515232 kB
Mapped:           700408 kB
Shmem:             21692 kB
KReclaimable:     768496 kB
Slab:             294240 kB
SReclaimable:      76960 kB
SUnreclaim:       217280 kB
KernelStack:       44112 kB
ShadowCallStack:   11100 kB
PageTables:        63556 kB
NFS_Unstable:          0 kB
Bounce:                0 kB
WritebackTmp:          0 kB
CommitLimit:     8679780 kB
Committed_AS:   61477516 kB
VmallocTotal:   263061440 kB
VmallocUsed:      124320 kB
VmallocChunk:          0 kB
Percpu:             6216 kB
CmaTotal:         405504 kB
CmaFree:           33960 kB
MemTotal:        7922396 kB
MemFree:          525168 kB
MemAvailable:    3384056 kB
Buffers:           61728 kB
Cached:          2445192 kB
SwapCached:         1804 kB
Active:          1592824 kB
Inactive:        2425108 kB
Active(anon):      95552 kB
Inactive(anon):  1441704 kB
Active(file):    1497272 kB
Inactive(file):   983404 kB
Unevictable:        6048 kB
Mlocked:            5608 kB
SwapTotal:       4718584 kB
SwapFree:        4570104 kB
Dirty:               204 kB
Writeback:             0 kB
AnonPages:       1515356 kB
Mapped:           700264 kB
Shmem:             21692 kB
KReclaimable:     768484 kB
Slab:             294556 kB
SReclaimable:      76948 kB
SUnreclaim:       217608 kB
KernelStack:       44160 kB
ShadowCallStack:   11064 kB
PageTables:        63672 kB
NFS_Unstable:          0 kB
Bounce:                0 kB
WritebackTmp:          0 kB
CommitLimit:     8679780 kB
Committed_AS:   61477516 kB
VmallocTotal:   263061440 kB
VmallocUsed:      124336 kB
VmallocChunk:          0 kB
Percpu:             6216 kB
CmaTotal:         405504 kB
CmaFree:           34556 kB
MemTotal:        7922396 kB
MemFree:          524656 kB
MemAvailable:    3383552 kB
Buffers:           61728 kB
Cached:          2445200 kB
SwapCached:         1804 kB
Active:          1593136 kB
Inactive:        2425376 kB
Active(anon):      95548 kB
Inactive(anon):  1442280 kB
Active(file):    1497588 kB
Inactive(file):   983096 kB
Unevictable:        6048 kB
Mlocked:            5608 kB
SwapTotal:       4718584 kB
SwapFree:        4570104 kB
Dirty:               272 kB
Writeback:             0 kB
AnonPages:       1515912 kB
Mapped:           700244 kB
Shmem:             21692 kB
KReclaimable:     768484 kB
Slab:             294544 kB
SReclaimable:      76948 kB
SUnreclaim:       217596 kB
KernelStack:       44160 kB
ShadowCallStack:   11064 kB
PageTables:        63556 kB
NFS_Unstable:          0 kB
Bounce:                0 kB
WritebackTmp:          0 kB
CommitLimit:     8679780 kB
Committed_AS:   61477516 kB
VmallocTotal:   263061440 kB
VmallocUsed:      124316 kB
VmallocChunk:          0 kB
Percpu:             6216 kB
CmaTotal:         405504 kB
CmaFree:           33952 kB
MemTotal:        7922396 kB
MemFree:          523552 kB
MemAvailable:    3382472 kB
Buffers:           61760 kB
Cached:          2445192 kB
SwapCached:         1804 kB
Active:          1593144 kB
Inactive:        2425536 kB
Active(anon):      95544 kB
Inactive(anon):  1442428 kB
Active(file):    1497600 kB
Inactive(file):   983108 kB
Unevictable:        6048 kB
Mlocked:            5608 kB
SwapTotal:       4718584 kB
SwapFree:        4570104 kB
Dirty:               288 kB
Writeback:            32 kB
AnonPages:       1516048 kB
Mapped:           700256 kB
Shmem:             21692 kB
KReclaimable:     768484 kB
Slab:             294408 kB
SReclaimable:      76948 kB
SUnreclaim:       217460 kB
KernelStack:       44144 kB
ShadowCallStack:   11088 kB
PageTables:        63440 kB
NFS_Unstable:          0 kB
Bounce:                0 kB
WritebackTmp:          0 kB
CommitLimit:     8679780 kB
Committed_AS:   61477516 kB
VmallocTotal:   263061440 kB
VmallocUsed:      124320 kB
VmallocChunk:          0 kB
Percpu:             6216 kB
CmaTotal:         405504 kB
CmaFree:           33356 kB
MemTotal:        7922396 kB
MemFree:          523112 kB
MemAvailable:    3382056 kB
Buffers:           61760 kB
Cached:          2445216 kB
SwapCached:         1804 kB
Active:          1593432 kB
Inactive:        2425564 kB
Active(anon):      95552 kB
Inactive(anon):  1442712 kB
Active(file):    1497880 kB
Inactive(file):   982852 kB
Unevictable:        6048 kB
Mlocked:            5608 kB
SwapTotal:       4718584 kB
SwapFree:        4570104 kB
Dirty:               312 kB
Writeback:             0 kB
AnonPages:       1516380 kB
Mapped:           700264 kB
Shmem:             21692 kB
KReclaimable:     768484 kB
Slab:             294316 kB
SReclaimable:      76948 kB
SUnreclaim:       217368 kB
KernelStack:       44112 kB
ShadowCallStack:   11056 kB
PageTables:        63520 kB
NFS_Unstable:          0 kB
Bounce:                0 kB
WritebackTmp:          0 kB
CommitLimit:     8679780 kB
Committed_AS:   61477516 kB
VmallocTotal:   263061440 kB
VmallocUsed:      124316 kB
VmallocChunk:          0 kB
Percpu:             6216 kB
CmaTotal:         405504 kB
CmaFree:           33084 kB
MemTotal:        7922396 kB
MemFree:          523364 kB
MemAvailable:    3382516 kB
Buffers:           61760 kB
Cached:          2445424 kB
SwapCached:         1804 kB
Active:          1593556 kB
Inactive:        2425832 kB
Active(anon):      95548 kB
Inactive(anon):  1442900 kB
Active(file):    1498008 kB
Inactive(file):   982932 kB
Unevictable:        6048 kB
Mlocked:            5608 kB
SwapTotal:       4718584 kB
SwapFree:        4570104 kB
Dirty:               328 kB
Writeback:             0 kB
AnonPages:       1516480 kB
Mapped:           700416 kB
Shmem:             21692 kB
KReclaimable:     768484 kB
Slab:             294444 kB
SReclaimable:      76948 kB
SUnreclaim:       217496 kB
KernelStack:       44144 kB
ShadowCallStack:   11060 kB
PageTables:        63664 kB
NFS_Unstable:          0 kB
Bounce:                0 kB
WritebackTmp:          0 kB
CommitLimit:     8679780 kB
Committed_AS:   61477516 kB
VmallocTotal:   263061440 kB
VmallocUsed:      124300 kB
VmallocChunk:          0 kB
Percpu:             6216 kB
CmaTotal:         405504 kB
CmaFree:           33020 kB
MemTotal:        7922396 kB
MemFree:          523492 kB
MemAvailable:    3382656 kB
Buffers:           61768 kB
Cached:          2445428 kB
SwapCached:         1804 kB
Active:          1593572 kB
Inactive:        2426284 kB
Active(anon):      95556 kB
Inactive(anon):  1443348 kB
Active(file):    1498016 kB
Inactive(file):   982936 kB
Unevictable:        6048 kB
Mlocked:            5608 kB
SwapTotal:       4718584 kB
SwapFree:        4570104 kB
Dirty:               384 kB
Writeback:             0 kB
AnonPages:       1516748 kB
Mapped:           700304 kB
Shmem:             21692 kB
KReclaimable:     768484 kB
Slab:             294628 kB
SReclaimable:      76948 kB
SUnreclaim:       217680 kB
KernelStack:       44080 kB
ShadowCallStack:   11004 kB
PageTables:        63580 kB
NFS_Unstable:          0 kB
Bounce:                0 kB
WritebackTmp:          0 kB
CommitLimit:     8679780 kB
Committed_AS:   61477308 kB
VmallocTotal:   263061440 kB
VmallocUsed:      124204 kB
VmallocChunk:          0 kB
Percpu:             6216 kB
CmaTotal:         405504 kB
CmaFree:           32960 kB
MemTotal:        7922396 kB
MemFree:          522260 kB
MemAvailable:    3381592 kB
Buffers:           61784 kB
Cached:          2445620 kB
SwapCached:         1804 kB
Active:          1593700 kB
Inactive:        2427736 kB
Active(anon):      95548 kB
Inactive(anon):  1444768 kB
Active(file):    1498152 kB
Inactive(file):   982968 kB
Unevictable:        6048 kB
Mlocked:            5608 kB
SwapTotal:       4718584 kB
SwapFree:        4570104 kB
Dirty:               400 kB
Writeback:            20 kB
AnonPages:       1518544 kB
Mapped:           700436 kB
Shmem:             21732 kB
KReclaimable:     768484 kB
Slab:             294552 kB
SReclaimable:      76948 kB
SUnreclaim:       217604 kB
KernelStack:       44048 kB
ShadowCallStack:   11060 kB
PageTables:        63468 kB
NFS_Unstable:          0 kB
Bounce:                0 kB
WritebackTmp:          0 kB
CommitLimit:     8679780 kB
Committed_AS:   61477352 kB
VmallocTotal:   263061440 kB
VmallocUsed:      124184 kB
VmallocChunk:          0 kB
Percpu:             6216 kB
CmaTotal:         405504 kB
CmaFree:           31616 kB
MemTotal:        7922396 kB
MemFree:          521864 kB
MemAvailable:    3381196 kB
Buffers:           61784 kB
Cached:          2445624 kB
SwapCached:         1804 kB
Active:          1593712 kB
Inactive:        2428040 kB
Active(anon):      95556 kB
Inactive(anon):  1445076 kB
Active(file):    1498156 kB
Inactive(file):   982964 kB
Unevictable:        6048 kB
Mlocked:            5608 kB
SwapTotal:       4718584 kB
SwapFree:        4570104 kB
Dirty:               416 kB
Writeback:             0 kB
AnonPages:       1518648 kB
Mapped:           700304 kB
Shmem:             21736 kB
KReclaimable:     768484 kB
Slab:             294372 kB
SReclaimable:      76948 kB
SUnreclaim:       217424 kB
KernelStack:       44048 kB
ShadowCallStack:   11060 kB
PageTables:        63268 kB
NFS_Unstable:          0 kB
Bounce:                0 kB
WritebackTmp:          0 kB
CommitLimit:     8679780 kB
Committed_AS:   61477352 kB
VmallocTotal:   263061440 kB
VmallocUsed:      124180 kB
VmallocChunk:          0 kB
Percpu:             6216 kB
CmaTotal:         405504 kB
CmaFree:           31940 kB
MemTotal:        7922396 kB
MemFree:          521440 kB
MemAvailable:    3380776 kB
Buffers:           61784 kB
Cached:          2445628 kB
SwapCached:         1804 kB
Active:          1593764 kB
Inactive:        2428068 kB
Active(anon):      95548 kB
Inactive(anon):  1445160 kB
Active(file):    1498216 kB
Inactive(file):   982908 kB
Unevictable:        6048 kB
Mlocked:            5608 kB
SwapTotal:       4718584 kB
SwapFree:        4570104 kB
Dirty:               112 kB
Writeback:             0 kB
AnonPages:       1518712 kB
Mapped:           700456 kB
Shmem:             21736 kB
KReclaimable:     768484 kB
Slab:             294412 kB
SReclaimable:      76948 kB
SUnreclaim:       217464 kB
KernelStack:       44080 kB
ShadowCallStack:   11044 kB
PageTables:        63580 kB
NFS_Unstable:          0 kB
Bounce:                0 kB
WritebackTmp:          0 kB
CommitLimit:     8679780 kB
Committed_AS:   61477356 kB
VmallocTotal:   263061440 kB
VmallocUsed:      124216 kB
VmallocChunk:          0 kB
Percpu:             6216 kB
CmaTotal:         405504 kB
CmaFree:           31480 kB
MemTotal:        7922396 kB
MemFree:          521404 kB
MemAvailable:    3380744 kB
Buffers:           61784 kB
Cached:          2445632 kB
SwapCached:         1804 kB
Active:          1593760 kB
Inactive:        2428096 kB
Active(anon):      95544 kB
Inactive(anon):  1445184 kB
Active(file):    1498216 kB
Inactive(file):   982912 kB
Unevictable:        6048 kB
Mlocked:            5608 kB
SwapTotal:       4718584 kB
SwapFree:        4570104 kB
Dirty:               132 kB
Writeback:             0 kB
AnonPages:       1518772 kB
Mapped:           700316 kB
Shmem:             21736 kB
KReclaimable:     768484 kB
Slab:             294540 kB
SReclaimable:      76948 kB
SUnreclaim:       217592 kB
KernelStack:       44080 kB
ShadowCallStack:   11024 kB
PageTables:        63604 kB
NFS_Unstable:          0 kB
Bounce:                0 kB
WritebackTmp:          0 kB
CommitLimit:     8679780 kB
Committed_AS:   61477352 kB
VmallocTotal:   263061440 kB
VmallocUsed:      124204 kB
VmallocChunk:          0 kB
Percpu:             6216 kB
CmaTotal:         405504 kB
CmaFree:           31300 kB
MemTotal:        7922396 kB
MemFree:          433028 kB
MemAvailable:    3161432 kB
Buffers:           61784 kB
Cached:          2445784 kB
SwapCached:         1804 kB
Active:          1593824 kB
Inactive:        2516572 kB
Active(anon):      95548 kB
Inactive(anon):  1533712 kB
Active(file):    1498276 kB
Inactive(file):   982860 kB
Unevictable:        6048 kB
Mlocked:            5608 kB
SwapTotal:       4718584 kB
SwapFree:        4570104 kB
Dirty:               144 kB
Writeback:             0 kB
AnonPages:       1607132 kB
Mapped:           700860 kB
Shmem:             21880 kB
KReclaimable:     637540 kB
Slab:             294476 kB
SReclaimable:      76948 kB
SUnreclaim:       217528 kB
KernelStack:       44144 kB
ShadowCallStack:   11060 kB
PageTables:        63648 kB
NFS_Unstable:          0 kB
Bounce:                0 kB
WritebackTmp:          0 kB
CommitLimit:     8679780 kB
Committed_AS:   61477732 kB
VmallocTotal:   263061440 kB
VmallocUsed:      124300 kB
VmallocChunk:          0 kB
Percpu:             6216 kB
CmaTotal:         405504 kB
CmaFree:               4 kB
MemTotal:        7922396 kB
MemFree:          520124 kB
MemAvailable:    3379480 kB
Buffers:           61792 kB
Cached:          2445652 kB
SwapCached:         1804 kB
Active:          1593816 kB
Inactive:        2427700 kB
Active(anon):      95532 kB
Inactive(anon):  1444828 kB
Active(file):    1498284 kB
Inactive(file):   982872 kB
Unevictable:        6048 kB
Mlocked:            5608 kB
SwapTotal:       4718584 kB
SwapFree:        4570104 kB
Dirty:               244 kB
Writeback:             0 kB
AnonPages:       1518320 kB
Mapped:           700236 kB
Shmem:             21736 kB
KReclaimable:     768472 kB
Slab:             294436 kB
SReclaimable:      76948 kB
SUnreclaim:       217488 kB
KernelStack:       44048 kB
ShadowCallStack:   11028 kB
PageTables:        63644 kB
NFS_Unstable:          0 kB
Bounce:                0 kB
WritebackTmp:          0 kB
CommitLimit:     8679780 kB
Committed_AS:   61477352 kB
VmallocTotal:   263061440 kB
VmallocUsed:      124200 kB
VmallocChunk:          0 kB
Percpu:             6216 kB
CmaTotal:         405504 kB
CmaFree:           29696 kB
MemTotal:        7922396 kB
MemFree:          520596 kB
MemAvailable:    3379972 kB
Buffers:           61792 kB
Cached:          2445660 kB
SwapCached:         1804 kB
Active:          1593892 kB
Inactive:        2427768 kB
Active(anon):      95548 kB
Inactive(anon):  1444948 kB
Active(file):    1498344 kB
Inactive(file):   982820 kB
Unevictable:        6048 kB
Mlocked:            5608 kB
SwapTotal:       4718584 kB
SwapFree:        4570104 kB
Dirty:               252 kB
Writeback:             0 kB
AnonPages:       1518484 kB
