MemTotal:        7922296 kB
MemFree:         1774232 kB
MemAvailable:    3967552 kB
Buffers:           65876 kB
Cached:          1953404 kB
SwapCached:            0 kB
Active:           310712 kB
Inactive:        2976112 kB
Active(anon):       2696 kB
Inactive(anon):  1292908 kB
Active(file):     308016 kB
Inactive(file):  1683204 kB
Unevictable:        5992 kB
Mlocked:            5552 kB
SwapTotal:       4718584 kB
SwapFree:        4718584 kB
Dirty:               124 kB
Writeback:             0 kB
AnonPages:       1273552 kB
Mapped:           841192 kB
Shmem:             23564 kB
KReclaimable:     592320 kB
Slab:             318164 kB
SReclaimable:      93844 kB
SUnreclaim:       224320 kB
KernelStack:       47184 kB
ShadowCallStack:   11816 kB
PageTables:        70380 kB
NFS_Unstable:          0 kB
Bounce:                0 kB
WritebackTmp:          0 kB
CommitLimit:     8679732 kB
Committed_AS:   75705224 kB
VmallocTotal:   263061440 kB
VmallocUsed:      127188 kB
VmallocChunk:          0 kB
Percpu:             6288 kB
CmaTotal:         405504 kB
CmaFree:          341688 kB
MemTotal:        7922296 kB
MemFree:         1771192 kB
MemAvailable:    3964564 kB
Buffers:           65908 kB
Cached:          1953456 kB
SwapCached:            0 kB
Active:           310772 kB
Inactive:        2976904 kB
Active(anon):       2684 kB
Inactive(anon):  1293696 kB
Active(file):     308088 kB
Inactive(file):  1683208 kB
Unevictable:        5992 kB
Mlocked:            5552 kB
SwapTotal:       4718584 kB
SwapFree:        4718584 kB
Dirty:               160 kB
Writeback:            16 kB
AnonPages:       1274384 kB
Mapped:           841500 kB
Shmem:             23572 kB
KReclaimable:     592296 kB
Slab:             318640 kB
SReclaimable:      93844 kB
SUnreclaim:       224796 kB
KernelStack:       47200 kB
ShadowCallStack:   11860 kB
PageTables:        70424 kB
NFS_Unstable:          0 kB
Bounce:                0 kB
WritebackTmp:          0 kB
CommitLimit:     8679732 kB
Committed_AS:   75705228 kB
VmallocTotal:   263061440 kB
VmallocUsed:      127272 kB
VmallocChunk:          0 kB
Percpu:             6288 kB
CmaTotal:         405504 kB
CmaFree:          341688 kB
MemTotal:        7922296 kB
MemFree:         1770784 kB
MemAvailable:    3965080 kB
Buffers:           65932 kB
Cached:          1953588 kB
SwapCached:            0 kB
Active:           310876 kB
Inactive:        2978180 kB
Active(anon):       2712 kB
Inactive(anon):  1294892 kB
Active(file):     308164 kB
Inactive(file):  1683288 kB
Unevictable:        5992 kB
Mlocked:            5552 kB
SwapTotal:       4718584 kB
SwapFree:        4718584 kB
Dirty:               220 kB
Writeback:             0 kB
AnonPages:       1275572 kB
Mapped:           840740 kB
Shmem:             23572 kB
KReclaimable:     593064 kB
Slab:             318504 kB
SReclaimable:      93844 kB
SUnreclaim:       224660 kB
KernelStack:       47216 kB
ShadowCallStack:   11828 kB
PageTables:        70280 kB
NFS_Unstable:          0 kB
Bounce:                0 kB
WritebackTmp:          0 kB
CommitLimit:     8679732 kB
Committed_AS:   75724684 kB
VmallocTotal:   263061440 kB
VmallocUsed:      127260 kB
VmallocChunk:          0 kB
Percpu:             6288 kB
CmaTotal:         405504 kB
CmaFree:          341688 kB
MemTotal:        7922296 kB
MemFree:         1771256 kB
MemAvailable:    3965592 kB
Buffers:           65956 kB
Cached:          1953604 kB
SwapCached:            0 kB
Active:           310896 kB
Inactive:        2978344 kB
Active(anon):       2708 kB
Inactive(anon):  1295044 kB
Active(file):     308188 kB
Inactive(file):  1683300 kB
Unevictable:        5992 kB
Mlocked:            5552 kB
SwapTotal:       4718584 kB
SwapFree:        4718584 kB
Dirty:               360 kB
Writeback:             0 kB
AnonPages:       1275668 kB
Mapped:           840916 kB
Shmem:             23576 kB
KReclaimable:     593068 kB
Slab:             318396 kB
SReclaimable:      93848 kB
SUnreclaim:       224548 kB
KernelStack:       47216 kB
ShadowCallStack:   11828 kB
PageTables:        70392 kB
NFS_Unstable:          0 kB
Bounce:                0 kB
WritebackTmp:          0 kB
CommitLimit:     8679732 kB
Committed_AS:   75724688 kB
VmallocTotal:   263061440 kB
VmallocUsed:      127240 kB
VmallocChunk:          0 kB
Percpu:             6288 kB
CmaTotal:         405504 kB
CmaFree:          341688 kB
MemTotal:        7922296 kB
MemFree:         1769164 kB
MemAvailable:    3963532 kB
Buffers:           65980 kB
Cached:          1953616 kB
SwapCached:            0 kB
Active:           310900 kB
Inactive:        2979076 kB
Active(anon):       2688 kB
Inactive(anon):  1295768 kB
Active(file):     308212 kB
Inactive(file):  1683308 kB
Unevictable:        5992 kB
Mlocked:            5552 kB
SwapTotal:       4718584 kB
SwapFree:        4718584 kB
Dirty:               388 kB
Writeback:             0 kB
AnonPages:       1276332 kB
Mapped:           840832 kB
Shmem:             23580 kB
KReclaimable:     593068 kB
Slab:             318412 kB
SReclaimable:      93848 kB
SUnreclaim:       224564 kB
KernelStack:       47216 kB
ShadowCallStack:   11816 kB
PageTables:        70316 kB
NFS_Unstable:          0 kB
Bounce:                0 kB
WritebackTmp:          0 kB
CommitLimit:     8679732 kB
Committed_AS:   75724684 kB
VmallocTotal:   263061440 kB
VmallocUsed:      127260 kB
VmallocChunk:          0 kB
Percpu:             6288 kB
CmaTotal:         405504 kB
CmaFree:          341688 kB
MemTotal:        7922296 kB
MemFree:         1770816 kB
MemAvailable:    3965192 kB
Buffers:           65980 kB
Cached:          1953624 kB
SwapCached:            0 kB
Active:           310928 kB
Inactive:        2979088 kB
Active(anon):       2716 kB
Inactive(anon):  1295772 kB
Active(file):     308212 kB
Inactive(file):  1683316 kB
Unevictable:        5992 kB
Mlocked:            5552 kB
SwapTotal:       4718584 kB
SwapFree:        4718584 kB
Dirty:               240 kB
Writeback:            88 kB
AnonPages:       1276524 kB
Mapped:           840740 kB
Shmem:             23580 kB
KReclaimable:     593068 kB
Slab:             318520 kB
SReclaimable:      93848 kB
SUnreclaim:       224672 kB
KernelStack:       47200 kB
ShadowCallStack:   11832 kB
PageTables:        70316 kB
NFS_Unstable:          0 kB
Bounce:                0 kB
WritebackTmp:          0 kB
CommitLimit:     8679732 kB
Committed_AS:   75724684 kB
VmallocTotal:   263061440 kB
VmallocUsed:      127240 kB
VmallocChunk:          0 kB
Percpu:             6288 kB
CmaTotal:         405504 kB
CmaFree:          341688 kB
MemTotal:        7922296 kB
MemFree:         1768248 kB
MemAvailable:    3962664 kB
Buffers:           66004 kB
Cached:          1953652 kB
SwapCached:            0 kB
Active:           310956 kB
Inactive:        2979792 kB
Active(anon):       2716 kB
Inactive(anon):  1296464 kB
Active(file):     308240 kB
Inactive(file):  1683328 kB
Unevictable:        5992 kB
Mlocked:            5552 kB
SwapTotal:       4718584 kB
SwapFree:        4718584 kB
Dirty:               192 kB
Writeback:             0 kB
AnonPages:       1277088 kB
Mapped:           840784 kB
Shmem:             23592 kB
KReclaimable:     593068 kB
Slab:             318428 kB
SReclaimable:      93848 kB
SUnreclaim:       224580 kB
KernelStack:       47248 kB
ShadowCallStack:   11836 kB
PageTables:        70372 kB
NFS_Unstable:          0 kB
Bounce:                0 kB
WritebackTmp:          0 kB
CommitLimit:     8679732 kB
Committed_AS:   75724744 kB
VmallocTotal:   263061440 kB
VmallocUsed:      127292 kB
VmallocChunk:          0 kB
Percpu:             6288 kB
CmaTotal:         405504 kB
CmaFree:          341688 kB
MemTotal:        7922296 kB
MemFree:         1767008 kB
MemAvailable:    3961640 kB
Buffers:           66028 kB
Cached:          1953648 kB
SwapCached:            0 kB
Active:           310948 kB
Inactive:        2980544 kB
Active(anon):       2700 kB
Inactive(anon):  1297204 kB
Active(file):     308248 kB
Inactive(file):  1683340 kB
Unevictable:        5992 kB
Mlocked:            5552 kB
SwapTotal:       4718584 kB
SwapFree:        4718584 kB
Dirty:               212 kB
Writeback:             0 kB
AnonPages:       1277696 kB
Mapped:           840912 kB
Shmem:             23592 kB
KReclaimable:     593072 kB
Slab:             318328 kB
SReclaimable:      93852 kB
SUnreclaim:       224476 kB
KernelStack:       47280 kB
ShadowCallStack:   11816 kB
PageTables:        70396 kB
NFS_Unstable:          0 kB
Bounce:                0 kB
WritebackTmp:          0 kB
CommitLimit:     8679732 kB
Committed_AS:   75724744 kB
VmallocTotal:   263061440 kB
VmallocUsed:      127296 kB
VmallocChunk:          0 kB
Percpu:             6288 kB
CmaTotal:         405504 kB
CmaFree:          341688 kB
MemTotal:        7922296 kB
MemFree:         1765916 kB
MemAvailable:    3960408 kB
Buffers:           66052 kB
Cached:          1953748 kB
SwapCached:            0 kB
Active:           311004 kB
Inactive:        2981336 kB
Active(anon):       2716 kB
Inactive(anon):  1297984 kB
Active(file):     308288 kB
Inactive(file):  1683352 kB
Unevictable:        5992 kB
Mlocked:            5552 kB
SwapTotal:       4718584 kB
SwapFree:        4718584 kB
Dirty:               256 kB
Writeback:             0 kB
AnonPages:       1278552 kB
Mapped:           840892 kB
Shmem:             23664 kB
KReclaimable:     593072 kB
Slab:             318468 kB
SReclaimable:      93852 kB
SUnreclaim:       224616 kB
KernelStack:       47264 kB
ShadowCallStack:   11840 kB
PageTables:        70376 kB
NFS_Unstable:          0 kB
Bounce:                0 kB
WritebackTmp:          0 kB
CommitLimit:     8679732 kB
Committed_AS:   75724860 kB
VmallocTotal:   263061440 kB
VmallocUsed:      127312 kB
VmallocChunk:          0 kB
Percpu:             6288 kB
CmaTotal:         405504 kB
CmaFree:          341688 kB
MemTotal:        7922296 kB
MemFree:         1766592 kB
MemAvailable:    3961116 kB
Buffers:           66076 kB
Cached:          1953756 kB
SwapCached:            0 kB
Active:           311028 kB
Inactive:        2982236 kB
Active(anon):       2716 kB
Inactive(anon):  1298876 kB
Active(file):     308312 kB
Inactive(file):  1683360 kB
Unevictable:        5992 kB
Mlocked:            5552 kB
SwapTotal:       4718584 kB
SwapFree:        4718584 kB
Dirty:               264 kB
Writeback:             0 kB
AnonPages:       1279436 kB
Mapped:           840888 kB
Shmem:             23664 kB
KReclaimable:     593072 kB
Slab:             318504 kB
SReclaimable:      93852 kB
SUnreclaim:       224652 kB
KernelStack:       47264 kB
ShadowCallStack:   11840 kB
PageTables:        70376 kB
NFS_Unstable:          0 kB
Bounce:                0 kB
WritebackTmp:          0 kB
CommitLimit:     8679732 kB
Committed_AS:   75724860 kB
VmallocTotal:   263061440 kB
VmallocUsed:      127288 kB
VmallocChunk:          0 kB
Percpu:             6288 kB
CmaTotal:         405504 kB
CmaFree:          341688 kB
MemTotal:        7922296 kB
MemFree:         1765496 kB
MemAvailable:    3960500 kB
Buffers:           66108 kB
Cached:          1954120 kB
SwapCached:            0 kB
Active:           310992 kB
Inactive:        2982740 kB
Active(anon):       2712 kB
Inactive(anon):  1298956 kB
Active(file):     308280 kB
Inactive(file):  1683784 kB
Unevictable:        5992 kB
Mlocked:            5552 kB
SwapTotal:       4718584 kB
SwapFree:        4718584 kB
Dirty:               368 kB
Writeback:             0 kB
AnonPages:       1279668 kB
Mapped:           840836 kB
Shmem:             23668 kB
KReclaimable:     593160 kB
Slab:             318620 kB
SReclaimable:      93948 kB
SUnreclaim:       224672 kB
KernelStack:       47232 kB
ShadowCallStack:   11832 kB
PageTables:        70268 kB
NFS_Unstable:          0 kB
Bounce:                0 kB
WritebackTmp:          0 kB
CommitLimit:     8679732 kB
Committed_AS:   75724860 kB
VmallocTotal:   263061440 kB
VmallocUsed:      127296 kB
VmallocChunk:          0 kB
Percpu:             6288 kB
CmaTotal:         405504 kB
CmaFree:          341688 kB
MemTotal:        7922296 kB
MemFree:         1764860 kB
MemAvailable:    3959752 kB
Buffers:           66108 kB
Cached:          1954140 kB
SwapCached:            0 kB
Active:           310996 kB
Inactive:        2983376 kB
Active(anon):       2712 kB
Inactive(anon):  1299584 kB
Active(file):     308284 kB
Inactive(file):  1683792 kB
Unevictable:        5992 kB
Mlocked:            5552 kB
SwapTotal:       4718584 kB
SwapFree:        4718584 kB
Dirty:               380 kB
Writeback:             0 kB
AnonPages:       1280176 kB
Mapped:           840844 kB
Shmem:             23676 kB
KReclaimable:     593036 kB
Slab:             318608 kB
SReclaimable:      93948 kB
SUnreclaim:       224660 kB
KernelStack:       47280 kB
ShadowCallStack:   11844 kB
PageTables:        70400 kB
NFS_Unstable:          0 kB
Bounce:                0 kB
WritebackTmp:          0 kB
CommitLimit:     8679732 kB
Committed_AS:   75724864 kB
VmallocTotal:   263061440 kB
VmallocUsed:      127316 kB
VmallocChunk:          0 kB
Percpu:             6288 kB
CmaTotal:         405504 kB
CmaFree:          341688 kB
MemTotal:        7922296 kB
MemFree:         1711484 kB
MemAvailable:    3774352 kB
Buffers:           66132 kB
Cached:          1954132 kB
SwapCached:            0 kB
Active:           310996 kB
Inactive:        3035280 kB
Active(anon):       2712 kB
Inactive(anon):  1351472 kB
Active(file):     308284 kB
Inactive(file):  1683808 kB
Unevictable:        5992 kB
Mlocked:            5552 kB
SwapTotal:       4718584 kB
SwapFree:        4718584 kB
Dirty:               408 kB
Writeback:            16 kB
AnonPages:       1331892 kB
Mapped:           841348 kB
Shmem:             23676 kB
KReclaimable:     460996 kB
Slab:             319028 kB
SReclaimable:      93948 kB
SUnreclaim:       225080 kB
KernelStack:       47312 kB
ShadowCallStack:   11872 kB
PageTables:        70380 kB
NFS_Unstable:          0 kB
Bounce:                0 kB
WritebackTmp:          0 kB
CommitLimit:     8679732 kB
Committed_AS:   75725264 kB
VmallocTotal:   263061440 kB
VmallocUsed:      127404 kB
VmallocChunk:          0 kB
Percpu:             6288 kB
CmaTotal:         405504 kB
CmaFree:          341688 kB
MemTotal:        7922296 kB
MemFree:         1762984 kB
MemAvailable:    3957944 kB
Buffers:           66156 kB
Cached:          1954168 kB
SwapCached:            0 kB
Active:           311036 kB
Inactive:        2985172 kB
Active(anon):       2704 kB
Inactive(anon):  1301356 kB
Active(file):     308332 kB
Inactive(file):  1683816 kB
Unevictable:        5992 kB
Mlocked:            5552 kB
SwapTotal:       4718584 kB
SwapFree:        4718584 kB
Dirty:               452 kB
Writeback:             4 kB
AnonPages:       1281980 kB
Mapped:           840996 kB
Shmem:             23680 kB
KReclaimable:     593032 kB
Slab:             318660 kB
SReclaimable:      93948 kB
SUnreclaim:       224712 kB
KernelStack:       47264 kB
ShadowCallStack:   11816 kB
PageTables:        70304 kB
NFS_Unstable:          0 kB
Bounce:                0 kB
WritebackTmp:          0 kB
CommitLimit:     8679732 kB
Committed_AS:   75724868 kB
VmallocTotal:   263061440 kB
VmallocUsed:      127332 kB
VmallocChunk:          0 kB
Percpu:             6288 kB
CmaTotal:         405504 kB
CmaFree:          341688 kB
MemTotal:        7922296 kB
MemFree:         1762304 kB
MemAvailable:    3957392 kB
Buffers:           66180 kB
Cached:          1954164 kB
SwapCached:            0 kB
Active:           311052 kB
Inactive:        2986116 kB
Active(anon):       2716 kB
Inactive(anon):  1302292 kB
Active(file):     308336 kB
Inactive(file):  1683824 kB
Unevictable:        5992 kB
Mlocked:            5552 kB
SwapTotal:       4718584 kB
SwapFree:        4718584 kB
Dirty:               464 kB
Writeback:             0 kB
AnonPages:       1282828 kB
Mapped:           840976 kB
Shmem:             23688 kB
KReclaimable:     593148 kB
Slab:             318764 kB
SReclaimable:      93948 kB
SUnreclaim:       224816 kB
KernelStack:       47248 kB
ShadowCallStack:   11872 kB
PageTables:        70360 kB
NFS_Unstable:          0 kB
Bounce:                0 kB
WritebackTmp:          0 kB
CommitLimit:     8679732 kB
Committed_AS:   75724872 kB
VmallocTotal:   263061440 kB
VmallocUsed:      127324 kB
VmallocChunk:          0 kB
Percpu:             6288 kB
CmaTotal:         405504 kB
CmaFree:          341688 kB
MemTotal:        7922296 kB
MemFree:         1761828 kB
MemAvailable:    3956948 kB
Buffers:           66180 kB
Cached:          1954196 kB
SwapCached:            0 kB
Active:           311084 kB
Inactive:        2986272 kB
Active(anon):       2724 kB
Inactive(anon):  1302440 kB
Active(file):     308360 kB
Inactive(file):  1683832 kB
Unevictable:        5992 kB
Mlocked:            5552 kB
SwapTotal:       4718584 kB
SwapFree:        4718584 kB
Dirty:               176 kB
Writeback:             0 kB
AnonPages:       1283048 kB
Mapped:           840928 kB
Shmem:             23688 kB
KReclaimable:     593148 kB
Slab:             318516 kB
SReclaimable:      93948 kB
SUnreclaim:       224568 kB
KernelStack:       47312 kB
ShadowCallStack:   11832 kB
PageTables:        70316 kB
NFS_Unstable:          0 kB
Bounce:                0 kB
WritebackTmp:          0 kB
CommitLimit:     8679732 kB
Committed_AS:   75724868 kB
VmallocTotal:   263061440 kB
VmallocUsed:      127324 kB
VmallocChunk:          0 kB
Percpu:             6288 kB
CmaTotal:         405504 kB
CmaFree:          341688 kB
MemTotal:        7922296 kB
MemFree:         1760972 kB
MemAvailable:    3956144 kB
Buffers:           66212 kB
Cached:          1954200 kB
SwapCached:            0 kB
Active:           311068 kB
Inactive:        2986632 kB
Active(anon):       2684 kB
Inactive(anon):  1302788 kB
Active(file):     308384 kB
Inactive(file):  1683844 kB
Unevictable:        5992 kB
Mlocked:            5552 kB
SwapTotal:       4718584 kB
SwapFree:        4718584 kB
Dirty:               300 kB
Writeback:             0 kB
AnonPages:       1283548 kB
Mapped:           841008 kB
Shmem:             23688 kB
KReclaimable:     593164 kB
Slab:             318824 kB
SReclaimable:      93964 kB
SUnreclaim:       224860 kB
KernelStack:       47296 kB
ShadowCallStack:   11836 kB
PageTables:        70396 kB
NFS_Unstable:          0 kB
Bounce:                0 kB
WritebackTmp:          0 kB
CommitLimit:     8679732 kB
Committed_AS:   75724868 kB
VmallocTotal:   263061440 kB
VmallocUsed:      127336 kB
VmallocChunk:          0 kB
Percpu:             6288 kB
CmaTotal:         405504 kB
CmaFree:          341688 kB
MemTotal:        7922296 kB
MemFree:         1760852 kB
MemAvailable:    3956064 kB
Buffers:           66236 kB
Cached:          1954240 kB
SwapCached:            0 kB
Active:           311136 kB
Inactive:        2987384 kB
Active(anon):       2716 kB
Inactive(anon):  1303540 kB
Active(file):     308420 kB
Inactive(file):  1683844 kB
Unevictable:        5992 kB
Mlocked:            5552 kB
SwapTotal:       4718584 kB
SwapFree:        4718584 kB
Dirty:               344 kB
Writeback:             0 kB
AnonPages:       1284236 kB
Mapped:           840884 kB
Shmem:             23716 kB
KReclaimable:     593168 kB
Slab:             318664 kB
SReclaimable:      93968 kB
SUnreclaim:       224696 kB
KernelStack:       47280 kB
ShadowCallStack:   11844 kB
PageTables:        70396 kB
NFS_Unstable:          0 kB
Bounce:                0 kB
WritebackTmp:          0 kB
CommitLimit:     8679732 kB
Committed_AS:   75730016 kB
VmallocTotal:   263061440 kB
VmallocUsed:      127324 kB
VmallocChunk:          0 kB
Percpu:             6288 kB
CmaTotal:         405504 kB
CmaFree:          341688 kB
MemTotal:        7922296 kB
MemFree:         1760640 kB
MemAvailable:    3955884 kB
Buffers:           66260 kB
Cached:          1954248 kB
SwapCached:            0 kB
Active:           311136 kB
Inactive:        2988096 kB
Active(anon):       2692 kB
Inactive(anon):  1304244 kB
Active(file):     308444 kB
Inactive(file):  1683852 kB
Unevictable:        5992 kB
Mlocked:            5552 kB
SwapTotal:       4718584 kB
SwapFree:        4718584 kB
Dirty:               352 kB
Writeback:             0 kB
AnonPages:       1284744 kB
Mapped:           840976 kB
Shmem:             23716 kB
KReclaimable:     593168 kB
Slab:             318648 kB
SReclaimable:      93968 kB
SUnreclaim:       224680 kB
KernelStack:       47264 kB
ShadowCallStack:   11832 kB
PageTables:        70376 kB
NFS_Unstable:          0 kB
Bounce:                0 kB
WritebackTmp:          0 kB
CommitLimit:     8679732 kB
Committed_AS:   75730016 kB
VmallocTotal:   263061440 kB
VmallocUsed:      127280 kB
VmallocChunk:          0 kB
Percpu:             6288 kB
CmaTotal:         405504 kB
CmaFree:          341688 kB
MemTotal:        7922296 kB
MemFree:         1758904 kB
MemAvailable:    3954188 kB
Buffers:           66284 kB
Cached:          1954264 kB
SwapCached:            0 kB
Active:           311180 kB
Inactive:        2988820 kB
Active(anon):       2712 kB
Inactive(anon):  1304952 kB
Active(file):     308468 kB
Inactive(file):  1683868 kB
Unevictable:        5992 kB
Mlocked:            5552 kB
SwapTotal:       4718584 kB
SwapFree:        4718584 kB
Dirty:               368 kB
Writeback:             0 kB
AnonPages:       1285392 kB
Mapped:           840896 kB
Shmem:             23716 kB
KReclaimable:     593168 kB
Slab:             318640 kB
SReclaimable:      93968 kB
SUnreclaim:       224672 kB
KernelStack:       47280 kB
ShadowCallStack:   11828 kB
PageTables:        70300 kB
NFS_Unstable:          0 kB
Bounce:                0 kB
WritebackTmp:          0 kB
CommitLimit:     8679732 kB
Committed_AS:   75730016 kB
VmallocTotal:   263061440 kB
VmallocUsed:      127304 kB
VmallocChunk:          0 kB
Percpu:             6288 kB
CmaTotal:         405504 kB
CmaFree:          341688 kB
MemTotal:        7922296 kB
MemFree:         1757952 kB
MemAvailable:    3953268 kB
Buffers:           66308 kB
Cached:          1954272 kB
SwapCached:            0 kB
Active:           311212 kB
Inactive:        2989164 kB
Active(anon):       2716 kB
Inactive(anon):  1305292 kB
Active(file):     308496 kB
Inactive(file):  1683872 kB
Unevictable:        5992 kB
Mlocked:            5552 kB
SwapTotal:       4718584 kB
SwapFree:        4718584 kB
Dirty:               404 kB
Writeback:             0 kB
AnonPages:       1285804 kB
Mapped:           840896 kB
Shmem:             23716 kB
KReclaimable:     593168 kB
Slab:             318712 kB
SReclaimable:      93968 kB
SUnreclaim:       224744 kB
KernelStack:       47280 kB
ShadowCallStack:   11844 kB
PageTables:        70420 kB
NFS_Unstable:          0 kB
Bounce:                0 kB
WritebackTmp:          0 kB
CommitLimit:     8679732 kB
Committed_AS:   75730016 kB
VmallocTotal:   263061440 kB
VmallocUsed:      127308 kB
VmallocChunk:          0 kB
Percpu:             6288 kB
CmaTotal:         405504 kB
CmaFree:          341688 kB
MemTotal:        7922296 kB
MemFree:         1764524 kB
MemAvailable:    3959612 kB
Buffers:           66308 kB
Cached:          1954280 kB
SwapCached:            0 kB
Active:           311192 kB
Inactive:        2989656 kB
Active(anon):       2696 kB
Inactive(anon):  1305776 kB
Active(file):     308496 kB
Inactive(file):  1683880 kB
Unevictable:        5992 kB
Mlocked:            5552 kB
SwapTotal:       4718584 kB
SwapFree:        4718584 kB
Dirty:               412 kB
Writeback:             0 kB
AnonPages:       1286240 kB
Mapped:           841156 kB
Shmem:             23716 kB
KReclaimable:     592932 kB
Slab:             318668 kB
SReclaimable:      93732 kB
SUnreclaim:       224936 kB
KernelStack:       47264 kB
ShadowCallStack:   11836 kB
PageTables:        70300 kB
NFS_Unstable:          0 kB
Bounce:                0 kB
WritebackTmp:          0 kB
CommitLimit:     8679732 kB
Committed_AS:   75730016 kB
VmallocTotal:   263061440 kB
VmallocUsed:      127352 kB
VmallocChunk:          0 kB
Percpu:             6288 kB
CmaTotal:         405504 kB
CmaFree:          341688 kB
MemTotal:        7922296 kB
MemFree:         1764364 kB
MemAvailable:    3959484 kB
Buffers:           66332 kB
Cached:          1954296 kB
SwapCached:            0 kB
Active:           311240 kB
Inactive:        2989552 kB
Active(anon):       2716 kB
Inactive(anon):  1305668 kB
Active(file):     308524 kB
Inactive(file):  1683884 kB
Unevictable:        5992 kB
Mlocked:            5552 kB
SwapTotal:       4718584 kB
SwapFree:        4718584 kB
Dirty:               428 kB
Writeback:             0 kB
AnonPages:       1286168 kB
Mapped:           840892 kB
Shmem:             23724 kB
KReclaimable:     592932 kB
Slab:             318388 kB
SReclaimable:      93732 kB
SUnreclaim:       224656 kB
KernelStack:       47232 kB
ShadowCallStack:   11832 kB
PageTables:        70384 kB
NFS_Unstable:          0 kB
Bounce:                0 kB
WritebackTmp:          0 kB
CommitLimit:     8679732 kB
Committed_AS:   75729868 kB
VmallocTotal:   263061440 kB
VmallocUsed:      127276 kB
VmallocChunk:          0 kB
Percpu:             6288 kB
CmaTotal:         405504 kB
CmaFree:          341688 kB
MemTotal:        7922296 kB
MemFree:         1763616 kB
MemAvailable:    3958768 kB
Buffers:           66356 kB
Cached:          1954304 kB
SwapCached:            0 kB
Active:           311260 kB
Inactive:        2990072 kB
Active(anon):       2716 kB
Inactive(anon):  1306176 kB
Active(file):     308544 kB
Inactive(file):  1683896 kB
Unevictable:        5992 kB
Mlocked:            5552 kB
SwapTotal:       4718584 kB
SwapFree:        4718584 kB
Dirty:               440 kB
Writeback:             4 kB
AnonPages:       1286708 kB
Mapped:           840892 kB
Shmem:             23724 kB
KReclaimable:     592932 kB
Slab:             318584 kB
SReclaimable:      93732 kB
SUnreclaim:       224852 kB
KernelStack:       47248 kB
ShadowCallStack:   11832 kB
PageTables:        70452 kB
NFS_Unstable:          0 kB
Bounce:                0 kB
WritebackTmp:          0 kB
CommitLimit:     8679732 kB
Committed_AS:   75729872 kB
VmallocTotal:   263061440 kB
VmallocUsed:      127256 kB
VmallocChunk:          0 kB
Percpu:             6288 kB
CmaTotal:         405504 kB
CmaFree:          341688 kB
MemTotal:        7922296 kB
MemFree:         1763472 kB
MemAvailable:    3958636 kB
Buffers:           66380 kB
Cached:          1954292 kB
SwapCached:            0 kB
Active:           311256 kB
Inactive:        2990784 kB
Active(anon):       2704 kB
Inactive(anon):  1306884 kB
Active(file):     308552 kB
Inactive(file):  1683900 kB
Unevictable:        5992 kB
Mlocked:            5552 kB
SwapTotal:       4718584 kB
SwapFree:        4718584 kB
Dirty:               444 kB
Writeback:             8 kB
AnonPages:       1287368 kB
Mapped:           841076 kB
Shmem:             23724 kB
KReclaimable:     592932 kB
Slab:             318656 kB
SReclaimable:      93732 kB
SUnreclaim:       224924 kB
KernelStack:       47200 kB
ShadowCallStack:   11848 kB
PageTables:        70268 kB
NFS_Unstable:          0 kB
Bounce:                0 kB
WritebackTmp:          0 kB
CommitLimit:     8679732 kB
Committed_AS:   75729868 kB
VmallocTotal:   263061440 kB
VmallocUsed:      127260 kB
VmallocChunk:          0 kB
Percpu:             6288 kB
CmaTotal:         405504 kB
CmaFree:          341688 kB
MemTotal:        7922296 kB
MemFree:         1762616 kB
MemAvailable:    3957840 kB
Buffers:           66412 kB
Cached:          1954320 kB
SwapCached:            0 kB
Active:           311316 kB
Inactive:        2991356 kB
Active(anon):       2712 kB
Inactive(anon):  1307448 kB
Active(file):     308604 kB
Inactive(file):  1683908 kB
Unevictable:        5992 kB
Mlocked:            5552 kB
SwapTotal:       4718584 kB
SwapFree:        4718584 kB
Dirty:               452 kB
Writeback:             0 kB
AnonPages:       1287820 kB
Mapped:           840892 kB
Shmem:             23724 kB
KReclaimable:     592932 kB
Slab:             318400 kB
SReclaimable:      93732 kB
SUnreclaim:       224668 kB
KernelStack:       47232 kB
ShadowCallStack:   11832 kB
PageTables:        70432 kB
NFS_Unstable:          0 kB
Bounce:                0 kB
WritebackTmp:          0 kB
CommitLimit:     8679732 kB
Committed_AS:   75729868 kB
VmallocTotal:   263061440 kB
VmallocUsed:      127244 kB
VmallocChunk:          0 kB
Percpu:             6288 kB
CmaTotal:         405504 kB
CmaFree:          341688 kB
MemTotal:        7922296 kB
MemFree:         1761656 kB
MemAvailable:    3956912 kB
Buffers:           66436 kB
Cached:          1954332 kB
SwapCached:            0 kB
Active:           311336 kB
Inactive:        2991928 kB
Active(anon):       2708 kB
Inactive(anon):  1308012 kB
Active(file):     308628 kB
Inactive(file):  1683916 kB
Unevictable:        5992 kB
Mlocked:            5552 kB
SwapTotal:       4718584 kB
SwapFree:        4718584 kB
Dirty:               372 kB
Writeback:             0 kB
AnonPages:       1288576 kB
Mapped:           840896 kB
Shmem:             23728 kB
KReclaimable:     592932 kB
Slab:             318380 kB
SReclaimable:      93732 kB
SUnreclaim:       224648 kB
KernelStack:       47216 kB
ShadowCallStack:   11828 kB
PageTables:        70436 kB
NFS_Unstable:          0 kB
Bounce:                0 kB
WritebackTmp:          0 kB
CommitLimit:     8679732 kB
Committed_AS:   75729876 kB
VmallocTotal:   263061440 kB
VmallocUsed:      127244 kB
VmallocChunk:          0 kB
Percpu:             6288 kB
CmaTotal:         405504 kB
CmaFree:          341688 kB
MemTotal:        7922296 kB
MemFree:         1757032 kB
MemAvailable:    3952300 kB
Buffers:           66436 kB
Cached:          1954344 kB
SwapCached:            0 kB
Active:           311440 kB
Inactive:        2996412 kB
Active(anon):       2680 kB
Inactive(anon):  1312616 kB
Active(file):     308760 kB
Inactive(file):  1683796 kB
Unevictable:        5992 kB
Mlocked:            5552 kB
SwapTotal:       4718584 kB
SwapFree:        4718584 kB
Dirty:               404 kB
Writeback:             0 kB
AnonPages:       1293200 kB
Mapped:           840824 kB
Shmem:             23728 kB
KReclaimable:     592932 kB
Slab:             318504 kB
SReclaimable:      93732 kB
SUnreclaim:       224772 kB
KernelStack:       47184 kB
ShadowCallStack:   11804 kB
PageTables:        70348 kB
NFS_Unstable:          0 kB
Bounce:                0 kB
WritebackTmp:          0 kB
CommitLimit:     8679732 kB
Committed_AS:   75729772 kB
VmallocTotal:   263061440 kB
VmallocUsed:      127216 kB
VmallocChunk:          0 kB
Percpu:             6288 kB
CmaTotal:         405504 kB
CmaFree:          341688 kB
MemTotal:        7922296 kB
MemFree:         1756292 kB
MemAvailable:    3951600 kB
Buffers:           66460 kB
Cached:          1954364 kB
SwapCached:            0 kB
Active:           311496 kB
Inactive:        2997268 kB
Active(anon):       2712 kB
Inactive(anon):  1313456 kB
Active(file):     308784 kB
Inactive(file):  1683812 kB
Unevictable:        5992 kB
Mlocked:            5552 kB
SwapTotal:       4718584 kB
SwapFree:        4718584 kB
Dirty:               420 kB
Writeback:             0 kB
AnonPages:       1293940 kB
Mapped:           840900 kB
Shmem:             23732 kB
KReclaimable:     592932 kB
Slab:             318428 kB
SReclaimable:      93732 kB
SUnreclaim:       224696 kB
KernelStack:       47200 kB
ShadowCallStack:   11824 kB
PageTables:        70404 kB
NFS_Unstable:          0 kB
Bounce:                0 kB
WritebackTmp:          0 kB
CommitLimit:     8679732 kB
Committed_AS:   75729776 kB
VmallocTotal:   263061440 kB
VmallocUsed:      127196 kB
VmallocChunk:          0 kB
Percpu:             6288 kB
CmaTotal:         405504 kB
CmaFree:          341688 kB
MemTotal:        7922296 kB
MemFree:         1756544 kB
MemAvailable:    3951880 kB
Buffers:           66484 kB
Cached:          1954364 kB
SwapCached:            0 kB
Active:           311500 kB
Inactive:        2997472 kB
Active(anon):       2692 kB
Inactive(anon):  1313660 kB
Active(file):     308808 kB
Inactive(file):  1683812 kB
Unevictable:        5992 kB
Mlocked:            5552 kB
SwapTotal:       4718584 kB
SwapFree:        4718584 kB
Dirty:               420 kB
Writeback:             0 kB
AnonPages:       1294248 kB
Mapped:           840988 kB
Shmem:             23732 kB
KReclaimable:     592936 kB
Slab:             318444 kB
SReclaimable:      93736 kB
SUnreclaim:       224708 kB
KernelStack:       47200 kB
ShadowCallStack:   11812 kB
PageTables:        70424 kB
NFS_Unstable:          0 kB
Bounce:                0 kB
WritebackTmp:          0 kB
CommitLimit:     8679732 kB
Committed_AS:   75729772 kB
VmallocTotal:   263061440 kB
VmallocUsed:      127204 kB
VmallocChunk:          0 kB
Percpu:             6288 kB
CmaTotal:         405504 kB
CmaFree:          341688 kB
MemTotal:        7922296 kB
MemFree:         1755920 kB
MemAvailable:    3951276 kB
Buffers:           66508 kB
Cached:          1954360 kB
SwapCached:            0 kB
Active:           311536 kB
Inactive:        2998184 kB
Active(anon):       2720 kB
Inactive(anon):  1314360 kB
Active(file):     308816 kB
Inactive(file):  1683824 kB
Unevictable:        5992 kB
Mlocked:            5552 kB
SwapTotal:       4718584 kB
SwapFree:        4718584 kB
Dirty:               432 kB
Writeback:             0 kB
AnonPages:       1294748 kB
Mapped:           840960 kB
Shmem:             23732 kB
KReclaimable:     592936 kB
Slab:             318492 kB
SReclaimable:      93736 kB
SUnreclaim:       224756 kB
KernelStack:       47184 kB
ShadowCallStack:   11808 kB
PageTables:        70372 kB
NFS_Unstable:          0 kB
Bounce:                0 kB
WritebackTmp:          0 kB
CommitLimit:     8679732 kB
Committed_AS:   75729772 kB
VmallocTotal:   263061440 kB
VmallocUsed:      127200 kB
VmallocChunk:          0 kB
Percpu:             6288 kB
CmaTotal:         405504 kB
CmaFree:          341688 kB
MemTotal:        7922296 kB
MemFree:         1755164 kB
MemAvailable:    3950568 kB
Buffers:           66532 kB
Cached:          1954384 kB
SwapCached:            0 kB
Active:           311548 kB
Inactive:        2998856 kB
Active(anon):       2700 kB
Inactive(anon):  1315016 kB
Active(file):     308848 kB
Inactive(file):  1683840 kB
Unevictable:        5992 kB
Mlocked:            5552 kB
SwapTotal:       4718584 kB
SwapFree:        4718584 kB
Dirty:               448 kB
Writeback:             8 kB
AnonPages:       1295476 kB
Mapped:           841128 kB
Shmem:             23732 kB
KReclaimable:     592936 kB
Slab:             318532 kB
SReclaimable:      93736 kB
SUnreclaim:       224796 kB
KernelStack:       47168 kB
ShadowCallStack:   11812 kB
PageTables:        70380 kB
NFS_Unstable:          0 kB
Bounce:                0 kB
WritebackTmp:          0 kB
CommitLimit:     8679732 kB
Committed_AS:   75729772 kB
VmallocTotal:   263061440 kB
VmallocUsed:      127188 kB
VmallocChunk:          0 kB
Percpu:             6288 kB
CmaTotal:         405504 kB
CmaFree:          341688 kB
MemTotal:        7922296 kB
MemFree:         1753132 kB
MemAvailable:    3948580 kB
Buffers:           66556 kB
Cached:          1954412 kB
SwapCached:            0 kB
Active:           311596 kB
Inactive:        3000016 kB
Active(anon):       2716 kB
Inactive(anon):  1316164 kB
Active(file):     308880 kB
Inactive(file):  1683852 kB
Unevictable:        5992 kB
Mlocked:            5552 kB
SwapTotal:       4718584 kB
SwapFree:        4718584 kB
Dirty:               356 kB
Writeback:             0 kB
AnonPages:       1296636 kB
Mapped:           840908 kB
Shmem:             23740 kB
KReclaimable:     592936 kB
Slab:             318512 kB
SReclaimable:      93736 kB
SUnreclaim:       224776 kB
KernelStack:       47184 kB
ShadowCallStack:   11820 kB
PageTables:        70292 kB
NFS_Unstable:          0 kB
Bounce:                0 kB
WritebackTmp:          0 kB
CommitLimit:     8679732 kB
Committed_AS:   75729780 kB
VmallocTotal:   263061440 kB
VmallocUsed:      127216 kB
VmallocChunk:          0 kB
Percpu:             6288 kB
CmaTotal:         405504 kB
CmaFree:          341688 kB
MemTotal:        7922296 kB
MemFree:         1713744 kB
MemAvailable:    3780136 kB
Buffers:           66580 kB
Cached:          1954428 kB
SwapCached:            0 kB
Active:           311580 kB
Inactive:        3040192 kB
Active(anon):       2696 kB
Inactive(anon):  1356336 kB
Active(file):     308884 kB
Inactive(file):  1683856 kB
Unevictable:        5992 kB
Mlocked:            5552 kB
SwapTotal:       4718584 kB
SwapFree:        4718584 kB
Dirty:               364 kB
Writeback:             8 kB
AnonPages:       1336592 kB
Mapped:           841240 kB
Shmem:             23772 kB
KReclaimable:     463872 kB
Slab:             318748 kB
SReclaimable:      93800 kB
SUnreclaim:       224948 kB
KernelStack:       47200 kB
ShadowCallStack:   11836 kB
PageTables:        70232 kB
NFS_Unstable:          0 kB
Bounce:                0 kB
WritebackTmp:          0 kB
CommitLimit:     8679732 kB
Committed_AS:   75730136 kB
VmallocTotal:   263061440 kB
VmallocUsed:      127284 kB
VmallocChunk:          0 kB
Percpu:             6288 kB
CmaTotal:         405504 kB
CmaFree:          341688 kB
MemTotal:        7922296 kB
MemFree:         1700792 kB
MemAvailable:    3765400 kB
Buffers:           66580 kB
Cached:          1954596 kB
SwapCached:            0 kB
Active:           311624 kB
Inactive:        3051520 kB
Active(anon):       2716 kB
Inactive(anon):  1367656 kB
Active(file):     308908 kB
Inactive(file):  1683864 kB
Unevictable:        5992 kB
Mlocked:            5552 kB
SwapTotal:       4718584 kB
SwapFree:        4718584 kB
Dirty:               388 kB
Writeback:             0 kB
AnonPages:       1348164 kB
Mapped:           841644 kB
Shmem:             23908 kB
KReclaimable:     462056 kB
Slab:             318628 kB
SReclaimable:      93800 kB
SUnreclaim:       224828 kB
KernelStack:       47280 kB
ShadowCallStack:   11844 kB
PageTables:        70536 kB
NFS_Unstable:          0 kB
Bounce:                0 kB
WritebackTmp:          0 kB
CommitLimit:     8679732 kB
Committed_AS:   75730192 kB
VmallocTotal:   263061440 kB
VmallocUsed:      127320 kB
VmallocChunk:          0 kB
Percpu:             6288 kB
CmaTotal:         405504 kB
CmaFree:          341688 kB
MemTotal:        7922296 kB
MemFree:         1751608 kB
MemAvailable:    3947180 kB
Buffers:           66604 kB
Cached:          1954444 kB
SwapCached:            0 kB
Active:           311632 kB
Inactive:        3002204 kB
Active(anon):       2696 kB
Inactive(anon):  1318336 kB
Active(file):     308936 kB
Inactive(file):  1683868 kB
Unevictable:        5992 kB
Mlocked:            5552 kB
SwapTotal:       4718584 kB
SwapFree:        4718584 kB
Dirty:               424 kB
Writeback:             0 kB
AnonPages:       1298820 kB
Mapped:           841184 kB
Shmem:             23748 kB
KReclaimable:     592988 kB
Slab:             318472 kB
SReclaimable:      93800 kB
SUnreclaim:       224672 kB
KernelStack:       47216 kB
ShadowCallStack:   11808 kB
PageTables:        70320 kB
NFS_Unstable:          0 kB
Bounce:                0 kB
WritebackTmp:          0 kB
CommitLimit:     8679732 kB
Committed_AS:   75729788 kB
VmallocTotal:   263061440 kB
VmallocUsed:      127224 kB
VmallocChunk:          0 kB
Percpu:             6288 kB
CmaTotal:         405504 kB
CmaFree:          341688 kB
MemTotal:        7922296 kB
MemFree:         1751016 kB
MemAvailable:    3946636 kB
Buffers:           66628 kB
Cached:          1954456 kB
SwapCached:            0 kB
Active:           311692 kB
Inactive:        3002736 kB
Active(anon):       2732 kB
Inactive(anon):  1318856 kB
Active(file):     308960 kB
Inactive(file):  1683880 kB
Unevictable:        5992 kB
Mlocked:            5552 kB
SwapTotal:       4718584 kB
SwapFree:        4718584 kB
Dirty:               140 kB
Writeback:             0 kB
AnonPages:       1299352 kB
Mapped:           841020 kB
Shmem:             23748 kB
KReclaimable:     593000 kB
Slab:             318324 kB
SReclaimable:      93800 kB
SUnreclaim:       224524 kB
KernelStack:       47216 kB
ShadowCallStack:   11816 kB
PageTables:        70460 kB
NFS_Unstable:          0 kB
Bounce:                0 kB
WritebackTmp:          0 kB
CommitLimit:     8679732 kB
Committed_AS:   75729788 kB
VmallocTotal:   263061440 kB
VmallocUsed:      127188 kB
VmallocChunk:          0 kB
Percpu:             6288 kB
CmaTotal:         405504 kB
CmaFree:          341688 kB
MemTotal:        7922296 kB
MemFree:         1750196 kB
MemAvailable:    3945848 kB
Buffers:           66660 kB
Cached:          1954456 kB
SwapCached:            0 kB
Active:           311680 kB
Inactive:        3003088 kB
Active(anon):       2688 kB
Inactive(anon):  1319208 kB
Active(file):     308992 kB
Inactive(file):  1683880 kB
Unevictable:        5992 kB
Mlocked:            5552 kB
SwapTotal:       4718584 kB
SwapFree:        4718584 kB
Dirty:               228 kB
Writeback:            12 kB
AnonPages:       1299664 kB
Mapped:           841064 kB
Shmem:             23748 kB
KReclaimable:     593000 kB
Slab:             318472 kB
SReclaimable:      93800 kB
SUnreclaim:       224672 kB
KernelStack:       47232 kB
ShadowCallStack:   11804 kB
PageTables:        70456 kB
NFS_Unstable:          0 kB
Bounce:                0 kB
WritebackTmp:          0 kB
CommitLimit:     8679732 kB
Committed_AS:   75729788 kB
VmallocTotal:   263061440 kB
VmallocUsed:      127220 kB
VmallocChunk:          0 kB
Percpu:             6288 kB
CmaTotal:         405504 kB
CmaFree:          341688 kB
MemTotal:        7922296 kB
MemFree:         1750040 kB
MemAvailable:    3945732 kB
Buffers:           66684 kB
Cached:          1954472 kB
SwapCached:            0 kB
Active:           311732 kB
Inactive:        3003724 kB
Active(anon):       2716 kB
Inactive(anon):  1319828 kB
Active(file):     309016 kB
Inactive(file):  1683896 kB
Unevictable:        5992 kB
Mlocked:            5552 kB
SwapTotal:       4718584 kB
SwapFree:        4718584 kB
Dirty:               244 kB
Writeback:             0 kB
AnonPages:       1300344 kB
Mapped:           840988 kB
Shmem:             23748 kB
KReclaimable:     593000 kB
Slab:             318400 kB
SReclaimable:      93800 kB
SUnreclaim:       224600 kB
KernelStack:       47200 kB
ShadowCallStack:   11824 kB
PageTables:        70372 kB
NFS_Unstable:          0 kB
Bounce:                0 kB
WritebackTmp:          0 kB
CommitLimit:     8679732 kB
Committed_AS:   75729788 kB
VmallocTotal:   263061440 kB
VmallocUsed:      127204 kB
VmallocChunk:          0 kB
Percpu:             6288 kB
CmaTotal:         405504 kB
CmaFree:          341688 kB
MemTotal:        7922296 kB
MemFree:         1749448 kB
MemAvailable:    3945172 kB
Buffers:           66708 kB
Cached:          1954480 kB
SwapCached:            0 kB
Active:           311752 kB
Inactive:        3004128 kB
Active(anon):       2716 kB
Inactive(anon):  1320224 kB
Active(file):     309036 kB
Inactive(file):  1683904 kB
Unevictable:        5992 kB
Mlocked:            5552 kB
SwapTotal:       4718584 kB
SwapFree:        4718584 kB
Dirty:               200 kB
Writeback:             0 kB
AnonPages:       1300732 kB
Mapped:           840988 kB
Shmem:             23748 kB
KReclaimable:     593004 kB
Slab:             318452 kB
SReclaimable:      93804 kB
SUnreclaim:       224648 kB
KernelStack:       47200 kB
ShadowCallStack:   11824 kB
PageTables:        70396 kB
NFS_Unstable:          0 kB
Bounce:                0 kB
WritebackTmp:          0 kB
CommitLimit:     8679732 kB
Committed_AS:   75729792 kB
VmallocTotal:   263061440 kB
VmallocUsed:      127208 kB
VmallocChunk:          0 kB
Percpu:             6288 kB
CmaTotal:         405504 kB
CmaFree:          341688 kB
MemTotal:        7922296 kB
MemFree:         1748620 kB
MemAvailable:    3944352 kB
Buffers:           66708 kB
Cached:          1954484 kB
SwapCached:            0 kB
Active:           311736 kB
Inactive:        3004460 kB
Active(anon):       2696 kB
Inactive(anon):  1320552 kB
Active(file):     309040 kB
Inactive(file):  1683908 kB
Unevictable:        5992 kB
Mlocked:            5552 kB
SwapTotal:       4718584 kB
SwapFree:        4718584 kB
Dirty:               204 kB
Writeback:             0 kB
AnonPages:       1300992 kB
Mapped:           841136 kB
Shmem:             23748 kB
KReclaimable:     593004 kB
Slab:             318504 kB
SReclaimable:      93804 kB
SUnreclaim:       224700 kB
KernelStack:       47248 kB
ShadowCallStack:   11840 kB
PageTables:        70472 kB
NFS_Unstable:          0 kB
Bounce:                0 kB
WritebackTmp:          0 kB
CommitLimit:     8679732 kB
Committed_AS:   75729796 kB
VmallocTotal:   263061440 kB
VmallocUsed:      127240 kB
VmallocChunk:          0 kB
Percpu:             6288 kB
CmaTotal:         405504 kB
CmaFree:          341688 kB
MemTotal:        7922296 kB
MemFree:         1748188 kB
MemAvailable:    3943960 kB
Buffers:           66732 kB
Cached:          1954500 kB
SwapCached:            0 kB
Active:           311780 kB
Inactive:        3004920 kB
Active(anon):       2712 kB
Inactive(anon):  1321000 kB
Active(file):     309068 kB
Inactive(file):  1683920 kB
Unevictable:        5992 kB
Mlocked:            5552 kB
SwapTotal:       4718584 kB
SwapFree:        4718584 kB
Dirty:               220 kB
Writeback:             0 kB
AnonPages:       1301536 kB
Mapped:           840988 kB
Shmem:             23748 kB
KReclaimable:     593004 kB
Slab:             318516 kB
SReclaimable:      93804 kB
SUnreclaim:       224712 kB
KernelStack:       47168 kB
ShadowCallStack:   11816 kB
PageTables:        70436 kB
NFS_Unstable:          0 kB
Bounce:                0 kB
WritebackTmp:          0 kB
CommitLimit:     8679732 kB
Committed_AS:   75729788 kB
VmallocTotal:   263061440 kB
VmallocUsed:      127216 kB
VmallocChunk:          0 kB
Percpu:             6288 kB
CmaTotal:         405504 kB
CmaFree:          341688 kB
MemTotal:        7922296 kB
MemFree:         1761480 kB
MemAvailable:    3957284 kB
Buffers:           66756 kB
Cached:          1954508 kB
SwapCached:            0 kB
Active:           311804 kB
Inactive:        2992160 kB
Active(anon):       2716 kB
Inactive(anon):  1308228 kB
Active(file):     309088 kB
Inactive(file):  1683932 kB
Unevictable:        5992 kB
Mlocked:            5552 kB
SwapTotal:       4718584 kB
SwapFree:        4718584 kB
Dirty:               232 kB
Writeback:             4 kB
AnonPages:       1288756 kB
Mapped:           840980 kB
Shmem:             23748 kB
KReclaimable:     593004 kB
Slab:             318492 kB
SReclaimable:      93804 kB
SUnreclaim:       224688 kB
KernelStack:       47152 kB
ShadowCallStack:   11836 kB
PageTables:        70312 kB
NFS_Unstable:          0 kB
Bounce:                0 kB
WritebackTmp:          0 kB
CommitLimit:     8679732 kB
Committed_AS:   75729792 kB
VmallocTotal:   263061440 kB
VmallocUsed:      127200 kB
VmallocChunk:          0 kB
Percpu:             6288 kB
CmaTotal:         405504 kB
CmaFree:          341708 kB
MemTotal:        7922296 kB
MemFree:         1760512 kB
MemAvailable:    3956344 kB
Buffers:           66780 kB
Cached:          1954512 kB
SwapCached:            0 kB
Active:           311788 kB
Inactive:        2992548 kB
Active(anon):       2684 kB
Inactive(anon):  1308604 kB
Active(file):     309104 kB
Inactive(file):  1683944 kB
Unevictable:        5992 kB
Mlocked:            5552 kB
SwapTotal:       4718584 kB
SwapFree:        4718584 kB
Dirty:               244 kB
Writeback:             8 kB
AnonPages:       1289104 kB
Mapped:           841136 kB
Shmem:             23748 kB
KReclaimable:     593004 kB
Slab:             318588 kB
SReclaimable:      93804 kB
SUnreclaim:       224784 kB
KernelStack:       47168 kB
ShadowCallStack:   11836 kB
PageTables:        70392 kB
NFS_Unstable:          0 kB
Bounce:                0 kB
WritebackTmp:          0 kB
CommitLimit:     8679732 kB
Committed_AS:   75729788 kB
VmallocTotal:   263061440 kB
VmallocUsed:      127220 kB
VmallocChunk:          0 kB
Percpu:             6288 kB
CmaTotal:         405504 kB
CmaFree:          341688 kB
MemTotal:        7922296 kB
MemFree:         1763708 kB
MemAvailable:    3959584 kB
Buffers:           66804 kB
Cached:          1954528 kB
SwapCached:            0 kB
Active:           311848 kB
Inactive:        2988664 kB
Active(anon):       2712 kB
Inactive(anon):  1304712 kB
Active(file):     309136 kB
Inactive(file):  1683952 kB
Unevictable:        5992 kB
Mlocked:            5552 kB
SwapTotal:       4718584 kB
SwapFree:        4718584 kB
Dirty:               248 kB
Writeback:             0 kB
AnonPages:       1285172 kB
Mapped:           840988 kB
Shmem:             23748 kB
KReclaimable:     593008 kB
Slab:             318472 kB
SReclaimable:      93808 kB
SUnreclaim:       224664 kB
KernelStack:       47184 kB
ShadowCallStack:   11820 kB
PageTables:        70372 kB
NFS_Unstable:          0 kB
Bounce:                0 kB
WritebackTmp:          0 kB
CommitLimit:     8679732 kB
Committed_AS:   75729788 kB
VmallocTotal:   263061440 kB
VmallocUsed:      127216 kB
VmallocChunk:          0 kB
Percpu:             6288 kB
CmaTotal:         405504 kB
CmaFree:          341688 kB
MemTotal:        7922296 kB
MemFree:         1763968 kB
MemAvailable:    3959880 kB
Buffers:           66828 kB
Cached:          1954540 kB
SwapCached:            0 kB
Active:           311872 kB
Inactive:        2989112 kB
Active(anon):       2712 kB
Inactive(anon):  1305148 kB
Active(file):     309160 kB
Inactive(file):  1683964 kB
Unevictable:        5992 kB
Mlocked:            5552 kB
SwapTotal:       4718584 kB
SwapFree:        4718584 kB
Dirty:               260 kB
Writeback:             0 kB
AnonPages:       1285648 kB
Mapped:           840988 kB
Shmem:             23748 kB
KReclaimable:     593008 kB
Slab:             318480 kB
SReclaimable:      93808 kB
SUnreclaim:       224672 kB
KernelStack:       47200 kB
ShadowCallStack:   11824 kB
PageTables:        70460 kB
NFS_Unstable:          0 kB
Bounce:                0 kB
WritebackTmp:          0 kB
CommitLimit:     8679732 kB
Committed_AS:   75729788 kB
VmallocTotal:   263061440 kB
VmallocUsed:      127204 kB
VmallocChunk:          0 kB
Percpu:             6288 kB
CmaTotal:         405504 kB
CmaFree:          341688 kB
MemTotal:        7922296 kB
MemFree:         1763220 kB
MemAvailable:    3959168 kB
Buffers:           66852 kB
Cached:          1954552 kB
SwapCached:            0 kB
Active:           311904 kB
Inactive:        2989552 kB
Active(anon):       2712 kB
Inactive(anon):  1305584 kB
Active(file):     309192 kB
Inactive(file):  1683968 kB
Unevictable:        5992 kB
Mlocked:            5552 kB
SwapTotal:       4718584 kB
SwapFree:        4718584 kB
Dirty:               300 kB
Writeback:             0 kB
AnonPages:       1286048 kB
Mapped:           840988 kB
Shmem:             23748 kB
KReclaimable:     593008 kB
Slab:             318544 kB
SReclaimable:      93808 kB
SUnreclaim:       224736 kB
KernelStack:       47200 kB
ShadowCallStack:   11824 kB
PageTables:        70440 kB
NFS_Unstable:          0 kB
Bounce:                0 kB
WritebackTmp:          0 kB
CommitLimit:     8679732 kB
Committed_AS:   75729788 kB
VmallocTotal:   263061440 kB
VmallocUsed:      127216 kB
VmallocChunk:          0 kB
Percpu:             6288 kB
CmaTotal:         405504 kB
CmaFree:          341688 kB
MemTotal:        7922296 kB
MemFree:         1762584 kB
MemAvailable:    3958536 kB
Buffers:           66852 kB
Cached:          1954556 kB
SwapCached:            0 kB
Active:           311884 kB
Inactive:        2990472 kB
Active(anon):       2692 kB
Inactive(anon):  1306500 kB
Active(file):     309192 kB
Inactive(file):  1683972 kB
Unevictable:        5992 kB
Mlocked:            5552 kB
SwapTotal:       4718584 kB
SwapFree:        4718584 kB
Dirty:               304 kB
Writeback:             0 kB
AnonPages:       1286884 kB
Mapped:           840956 kB
Shmem:             23748 kB
KReclaimable:     593008 kB
Slab:             318720 kB
SReclaimable:      93808 kB
SUnreclaim:       224912 kB
KernelStack:       47104 kB
ShadowCallStack:   11844 kB
PageTables:        70164 kB
NFS_Unstable:          0 kB
Bounce:                0 kB
WritebackTmp:          0 kB
CommitLimit:     8679732 kB
Committed_AS:   75729792 kB
VmallocTotal:   263061440 kB
VmallocUsed:      127180 kB
VmallocChunk:          0 kB
Percpu:             6288 kB
CmaTotal:         405504 kB
CmaFree:          341688 kB
MemTotal:        7922296 kB
MemFree:         1762096 kB
MemAvailable:    3958080 kB
Buffers:           66876 kB
Cached:          1954572 kB
SwapCached:            0 kB
Active:           311932 kB
Inactive:        2990888 kB
Active(anon):       2712 kB
Inactive(anon):  1306912 kB
Active(file):     309220 kB
Inactive(file):  1683976 kB
Unevictable:        5992 kB
Mlocked:            5552 kB
SwapTotal:       4718584 kB
SwapFree:        4718584 kB
Dirty:               316 kB
Writeback:             0 kB
AnonPages:       1287424 kB
Mapped:           840996 kB
Shmem:             23756 kB
KReclaimable:     593008 kB
Slab:             318464 kB
SReclaimable:      93808 kB
SUnreclaim:       224656 kB
KernelStack:       47184 kB
ShadowCallStack:   11820 kB
PageTables:        70452 kB
NFS_Unstable:          0 kB
Bounce:                0 kB
WritebackTmp:          0 kB
CommitLimit:     8679732 kB
Committed_AS:   75729800 kB
VmallocTotal:   263061440 kB
VmallocUsed:      127172 kB
VmallocChunk:          0 kB
Percpu:             6288 kB
CmaTotal:         405504 kB
CmaFree:          341688 kB
MemTotal:        7922296 kB
MemFree:         1762204 kB
MemAvailable:    3958224 kB
Buffers:           66900 kB
Cached:          1954580 kB
SwapCached:            0 kB
Active:           311960 kB
Inactive:        2991460 kB
Active(anon):       2716 kB
Inactive(anon):  1307476 kB
Active(file):     309244 kB
Inactive(file):  1683984 kB
Unevictable:        5992 kB
Mlocked:            5552 kB
SwapTotal:       4718584 kB
SwapFree:        4718584 kB
Dirty:               324 kB
Writeback:             0 kB
AnonPages:       1287964 kB
Mapped:           841100 kB
Shmem:             23756 kB
KReclaimable:     593012 kB
Slab:             318488 kB
SReclaimable:      93812 kB
SUnreclaim:       224676 kB
KernelStack:       47184 kB
ShadowCallStack:   11820 kB
PageTables:        70412 kB
NFS_Unstable:          0 kB
Bounce:                0 kB
WritebackTmp:          0 kB
CommitLimit:     8679732 kB
Committed_AS:   75729800 kB
VmallocTotal:   263061440 kB
VmallocUsed:      127224 kB
VmallocChunk:          0 kB
Percpu:             6288 kB
CmaTotal:         405504 kB
CmaFree:          341688 kB
MemTotal:        7922296 kB
MemFree:         1760836 kB
MemAvailable:    3956892 kB
Buffers:           66924 kB
Cached:          1954592 kB
SwapCached:            0 kB
Active:           311980 kB
Inactive:        2991996 kB
Active(anon):       2712 kB
Inactive(anon):  1308000 kB
Active(file):     309268 kB
Inactive(file):  1683996 kB
Unevictable:        5992 kB
Mlocked:            5552 kB
SwapTotal:       4718584 kB
SwapFree:        4718584 kB
Dirty:               340 kB
Writeback:             0 kB
AnonPages:       1288456 kB
Mapped:           841168 kB
Shmem:             23756 kB
KReclaimable:     593012 kB
Slab:             318404 kB
SReclaimable:      93812 kB
SUnreclaim:       224592 kB
KernelStack:       47184 kB
ShadowCallStack:   11820 kB
PageTables:        70436 kB
NFS_Unstable:          0 kB
Bounce:                0 kB
WritebackTmp:          0 kB
CommitLimit:     8679732 kB
Committed_AS:   75729796 kB
VmallocTotal:   263061440 kB
VmallocUsed:      127212 kB
VmallocChunk:          0 kB
Percpu:             6288 kB
CmaTotal:         405504 kB
CmaFree:          341688 kB
MemTotal:        7922296 kB
MemFree:         1760324 kB
MemAvailable:    3956360 kB
Buffers:           66948 kB
Cached:          1954576 kB
SwapCached:            0 kB
Active:           311968 kB
Inactive:        2992468 kB
Active(anon):       2700 kB
Inactive(anon):  1308464 kB
Active(file):     309268 kB
Inactive(file):  1684004 kB
Unevictable:        5992 kB
Mlocked:            5552 kB
SwapTotal:       4718584 kB
SwapFree:        4718584 kB
Dirty:               236 kB
Writeback:            20 kB
AnonPages:       1288872 kB
Mapped:           841164 kB
Shmem:             23756 kB
KReclaimable:     592984 kB
Slab:             318484 kB
SReclaimable:      93784 kB
SUnreclaim:       224700 kB
KernelStack:       47136 kB
ShadowCallStack:   11792 kB
PageTables:        70412 kB
NFS_Unstable:          0 kB
Bounce:                0 kB
WritebackTmp:          0 kB
CommitLimit:     8679732 kB
Committed_AS:   75729796 kB
VmallocTotal:   263061440 kB
VmallocUsed:      127192 kB
VmallocChunk:          0 kB
Percpu:             6288 kB
CmaTotal:         405504 kB
CmaFree:          341688 kB
MemTotal:        7922296 kB
MemFree:         1763912 kB
MemAvailable:    3960004 kB
Buffers:           66972 kB
Cached:          1954616 kB
SwapCached:            0 kB
Active:           312032 kB
Inactive:        2990216 kB
Active(anon):       2716 kB
Inactive(anon):  1306204 kB
Active(file):     309316 kB
Inactive(file):  1684012 kB
Unevictable:        5992 kB
Mlocked:            5552 kB
SwapTotal:       4718584 kB
SwapFree:        4718584 kB
Dirty:               228 kB
Writeback:             0 kB
AnonPages:       1286684 kB
Mapped:           841120 kB
Shmem:             23764 kB
KReclaimable:     592984 kB
Slab:             318440 kB
SReclaimable:      93784 kB
SUnreclaim:       224656 kB
KernelStack:       47168 kB
ShadowCallStack:   11816 kB
PageTables:        70408 kB
NFS_Unstable:          0 kB
Bounce:                0 kB
WritebackTmp:          0 kB
CommitLimit:     8679732 kB
Committed_AS:   75729804 kB
VmallocTotal:   263061440 kB
VmallocUsed:      127200 kB
VmallocChunk:          0 kB
Percpu:             6288 kB
CmaTotal:         405504 kB
CmaFree:          341688 kB
MemTotal:        7922296 kB
MemFree:         1765528 kB
MemAvailable:    3961628 kB
Buffers:           66972 kB
Cached:          1954500 kB
SwapCached:            0 kB
Active:           312020 kB
Inactive:        2986976 kB
Active(anon):       2704 kB
Inactive(anon):  1302956 kB
Active(file):     309316 kB
Inactive(file):  1684020 kB
Unevictable:        5992 kB
Mlocked:            5552 kB
SwapTotal:       4718584 kB
SwapFree:        4718584 kB
Dirty:               240 kB
Writeback:             0 kB
AnonPages:       1283448 kB
Mapped:           841164 kB
Shmem:             23640 kB
KReclaimable:     592984 kB
Slab:             318412 kB
SReclaimable:      93784 kB
SUnreclaim:       224628 kB
KernelStack:       47152 kB
ShadowCallStack:   11788 kB
PageTables:        70392 kB
NFS_Unstable:          0 kB
Bounce:                0 kB
WritebackTmp:          0 kB
CommitLimit:     8679732 kB
Committed_AS:   75729680 kB
VmallocTotal:   263061440 kB
VmallocUsed:      127180 kB
VmallocChunk:          0 kB
Percpu:             6288 kB
CmaTotal:         405504 kB
CmaFree:          341692 kB
MemTotal:        7922296 kB
MemFree:         1765200 kB
MemAvailable:    3961340 kB
Buffers:           66996 kB
Cached:          1954516 kB
SwapCached:            0 kB
Active:           312056 kB
Inactive:        2987576 kB
Active(anon):       2716 kB
Inactive(anon):  1303540 kB
Active(file):     309340 kB
Inactive(file):  1684036 kB
Unevictable:        5992 kB
Mlocked:            5552 kB
SwapTotal:       4718584 kB
SwapFree:        4718584 kB
Dirty:               260 kB
Writeback:             0 kB
AnonPages:       1284148 kB
Mapped:           841020 kB
Shmem:             23640 kB
KReclaimable:     592984 kB
Slab:             318412 kB
SReclaimable:      93784 kB
SUnreclaim:       224628 kB
KernelStack:       47152 kB
ShadowCallStack:   11812 kB
PageTables:        70396 kB
NFS_Unstable:          0 kB
Bounce:                0 kB
WritebackTmp:          0 kB
CommitLimit:     8679732 kB
Committed_AS:   75729684 kB
VmallocTotal:   263061440 kB
VmallocUsed:      127180 kB
VmallocChunk:          0 kB
Percpu:             6288 kB
CmaTotal:         405504 kB
CmaFree:          341688 kB
MemTotal:        7922296 kB
MemFree:         1713332 kB
MemAvailable:    3778572 kB
Buffers:           67028 kB
Cached:          1954484 kB
SwapCached:            0 kB
Active:           312020 kB
Inactive:        3039248 kB
Active(anon):       2680 kB
Inactive(anon):  1355212 kB
Active(file):     309340 kB
Inactive(file):  1684036 kB
Unevictable:        5992 kB
Mlocked:            5552 kB
SwapTotal:       4718584 kB
SwapFree:        4718584 kB
Dirty:               260 kB
Writeback:            12 kB
AnonPages:       1335604 kB
Mapped:           841584 kB
Shmem:             23640 kB
KReclaimable:     462084 kB
Slab:             318920 kB
SReclaimable:      93784 kB
SUnreclaim:       225136 kB
KernelStack:       47200 kB
ShadowCallStack:   11824 kB
PageTables:        70300 kB
NFS_Unstable:          0 kB
Bounce:                0 kB
WritebackTmp:          0 kB
CommitLimit:     8679732 kB
Committed_AS:   75730080 kB
VmallocTotal:   263061440 kB
VmallocUsed:      127284 kB
VmallocChunk:          0 kB
Percpu:             6288 kB
CmaTotal:         405504 kB
CmaFree:          341688 kB
MemTotal:        7922296 kB
MemFree:         1763800 kB
MemAvailable:    3959924 kB
Buffers:           67052 kB
Cached:          1954532 kB
SwapCached:            0 kB
Active:           312108 kB
Inactive:        2989020 kB
Active(anon):       2712 kB
Inactive(anon):  1304968 kB
Active(file):     309396 kB
Inactive(file):  1684052 kB
Unevictable:        5992 kB
Mlocked:            5552 kB
SwapTotal:       4718584 kB
SwapFree:        4718584 kB
Dirty:               384 kB
Writeback:             0 kB
AnonPages:       1285660 kB
Mapped:           841016 kB
Shmem:             23640 kB
KReclaimable:     592896 kB
Slab:             318660 kB
SReclaimable:      93832 kB
SUnreclaim:       224828 kB
KernelStack:       47152 kB
ShadowCallStack:   11812 kB
PageTables:        70456 kB
NFS_Unstable:          0 kB
Bounce:                0 kB
WritebackTmp:          0 kB
CommitLimit:     8679732 kB
Committed_AS:   75729680 kB
VmallocTotal:   263061440 kB
VmallocUsed:      127136 kB
VmallocChunk:          0 kB
Percpu:             6288 kB
CmaTotal:         405504 kB
CmaFree:          341688 kB
MemTotal:        7922296 kB
MemFree:         1765088 kB
MemAvailable:    3961244 kB
Buffers:           67076 kB
Cached:          1954540 kB
SwapCached:            0 kB
Active:           312136 kB
Inactive:        2988572 kB
Active(anon):       2716 kB
Inactive(anon):  1304512 kB
Active(file):     309420 kB
Inactive(file):  1684060 kB
Unevictable:        5992 kB
Mlocked:            5552 kB
SwapTotal:       4718584 kB
SwapFree:        4718584 kB
Dirty:               396 kB
Writeback:             0 kB
AnonPages:       1285116 kB
Mapped:           841124 kB
Shmem:             23640 kB
KReclaimable:     592896 kB
Slab:             318600 kB
SReclaimable:      93832 kB
SUnreclaim:       224768 kB
KernelStack:       47136 kB
ShadowCallStack:   11808 kB
PageTables:        70440 kB
NFS_Unstable:          0 kB
Bounce:                0 kB
WritebackTmp:          0 kB
CommitLimit:     8679732 kB
Committed_AS:   75729628 kB
VmallocTotal:   263061440 kB
VmallocUsed:      127140 kB
VmallocChunk:          0 kB
Percpu:             6288 kB
CmaTotal:         405504 kB
CmaFree:          341688 kB
MemTotal:        7922296 kB
MemFree:         1764040 kB
MemAvailable:    3960228 kB
Buffers:           67100 kB
Cached:          1954548 kB
SwapCached:            0 kB
Active:           312152 kB
Inactive:        2988936 kB
Active(anon):       2708 kB
Inactive(anon):  1304868 kB
Active(file):     309444 kB
Inactive(file):  1684068 kB
Unevictable:        5992 kB
Mlocked:            5552 kB
SwapTotal:       4718584 kB
SwapFree:        4718584 kB
Dirty:               404 kB
Writeback:             0 kB
AnonPages:       1285688 kB
Mapped:           841016 kB
Shmem:             23640 kB
KReclaimable:     592896 kB
Slab:             318712 kB
SReclaimable:      93832 kB
SUnreclaim:       224880 kB
KernelStack:       47120 kB
ShadowCallStack:   11804 kB
PageTables:        70468 kB
NFS_Unstable:          0 kB
Bounce:                0 kB
WritebackTmp:          0 kB
CommitLimit:     8679732 kB
Committed_AS:   75729628 kB
VmallocTotal:   263061440 kB
VmallocUsed:      127156 kB
VmallocChunk:          0 kB
Percpu:             6288 kB
CmaTotal:         405504 kB
CmaFree:          341688 kB
MemTotal:        7922296 kB
MemFree:         1763360 kB
MemAvailable:    3959556 kB
Buffers:           67100 kB
Cached:          1954556 kB
SwapCached:            0 kB
Active:           312140 kB
Inactive:        2989136 kB
Active(anon):       2696 kB
Inactive(anon):  1305060 kB
Active(file):     309444 kB
Inactive(file):  1684076 kB
Unevictable:        5992 kB
Mlocked:            5552 kB
SwapTotal:       4718584 kB
SwapFree:        4718584 kB
Dirty:               412 kB
Writeback:             0 kB
AnonPages:       1285592 kB
Mapped:           841168 kB
Shmem:             23640 kB
KReclaimable:     592896 kB
Slab:             318688 kB
SReclaimable:      93832 kB
SUnreclaim:       224856 kB
KernelStack:       47104 kB
ShadowCallStack:   11812 kB
PageTables:        70408 kB
NFS_Unstable:          0 kB
Bounce:                0 kB
WritebackTmp:          0 kB
CommitLimit:     8679732 kB
Committed_AS:   75729600 kB
VmallocTotal:   263061440 kB
VmallocUsed:      127132 kB
VmallocChunk:          0 kB
Percpu:             6288 kB
CmaTotal:         405504 kB
CmaFree:          341688 kB
MemTotal:        7922296 kB
MemFree:         1762756 kB
MemAvailable:    3958992 kB
Buffers:           67124 kB
Cached:          1954580 kB
SwapCached:            0 kB
Active:           312180 kB
Inactive:        2989720 kB
Active(anon):       2712 kB
Inactive(anon):  1305628 kB
Active(file):     309468 kB
Inactive(file):  1684092 kB
Unevictable:        5992 kB
Mlocked:            5552 kB
SwapTotal:       4718584 kB
SwapFree:        4718584 kB
Dirty:               372 kB
Writeback:             0 kB
AnonPages:       1286224 kB
Mapped:           841024 kB
Shmem:             23648 kB
KReclaimable:     592896 kB
Slab:             318648 kB
SReclaimable:      93832 kB
SUnreclaim:       224816 kB
KernelStack:       47072 kB
ShadowCallStack:   11792 kB
PageTables:        70440 kB
NFS_Unstable:          0 kB
Bounce:                0 kB
WritebackTmp:          0 kB
CommitLimit:     8679732 kB
Committed_AS:   75729428 kB
VmallocTotal:   263061440 kB
VmallocUsed:      127048 kB
VmallocChunk:          0 kB
Percpu:             6288 kB
CmaTotal:         405504 kB
CmaFree:          341688 kB
MemTotal:        7922296 kB
MemFree:         1763168 kB
MemAvailable:    3959460 kB
Buffers:           67168 kB
Cached:          1954592 kB
SwapCached:            0 kB
Active:           312208 kB
Inactive:        2990112 kB
Active(anon):       2696 kB
Inactive(anon):  1306008 kB
Active(file):     309512 kB
Inactive(file):  1684104 kB
Unevictable:        5992 kB
Mlocked:            5552 kB
SwapTotal:       4718584 kB
SwapFree:        4718584 kB
Dirty:                 8 kB
Writeback:             0 kB
AnonPages:       1286588 kB
Mapped:           841180 kB
Shmem:             23648 kB
KReclaimable:     592896 kB
Slab:             318488 kB
SReclaimable:      93832 kB
SUnreclaim:       224656 kB
KernelStack:       47072 kB
ShadowCallStack:   11772 kB
PageTables:        70408 kB
NFS_Unstable:          0 kB
Bounce:                0 kB
WritebackTmp:          0 kB
CommitLimit:     8679732 kB
Committed_AS:   75729376 kB
VmallocTotal:   263061440 kB
VmallocUsed:      127040 kB
VmallocChunk:          0 kB
Percpu:             6288 kB
CmaTotal:         405504 kB
CmaFree:          341688 kB
MemTotal:        7922296 kB
MemFree:         1761276 kB
MemAvailable:    3957604 kB
Buffers:           67196 kB
Cached:          1954596 kB
SwapCached:            0 kB
Active:           312252 kB
Inactive:        2992064 kB
Active(anon):       2712 kB
Inactive(anon):  1307956 kB
Active(file):     309540 kB
Inactive(file):  1684108 kB
Unevictable:        5992 kB
Mlocked:            5552 kB
SwapTotal:       4718584 kB
SwapFree:        4718584 kB
Dirty:               156 kB
Writeback:             0 kB
AnonPages:       1288448 kB
Mapped:           841024 kB
Shmem:             23648 kB
KReclaimable:     592900 kB
Slab:             318520 kB
SReclaimable:      93836 kB
SUnreclaim:       224684 kB
KernelStack:       46960 kB
ShadowCallStack:   11764 kB
PageTables:        70408 kB
NFS_Unstable:          0 kB
Bounce:                0 kB
WritebackTmp:          0 kB
CommitLimit:     8679732 kB
Committed_AS:   75729064 kB
VmallocTotal:   263061440 kB
VmallocUsed:      126924 kB
VmallocChunk:          0 kB
Percpu:             6288 kB
CmaTotal:         405504 kB
CmaFree:          341688 kB
MemTotal:        7922296 kB
MemFree:         1761412 kB
MemAvailable:    3957772 kB
Buffers:           67220 kB
Cached:          1954608 kB
SwapCached:            0 kB
Active:           312268 kB
Inactive:        2991852 kB
Active(anon):       2708 kB
Inactive(anon):  1307732 kB
Active(file):     309560 kB
Inactive(file):  1684120 kB
Unevictable:        5992 kB
Mlocked:            5552 kB
SwapTotal:       4718584 kB
SwapFree:        4718584 kB
Dirty:               272 kB
Writeback:             8 kB
AnonPages:       1288212 kB
Mapped:           841024 kB
Shmem:             23652 kB
KReclaimable:     592900 kB
Slab:             318548 kB
SReclaimable:      93836 kB
SUnreclaim:       224712 kB
KernelStack:       46944 kB
ShadowCallStack:   11752 kB
PageTables:        70228 kB
NFS_Unstable:          0 kB
Bounce:                0 kB
WritebackTmp:          0 kB
CommitLimit:     8679732 kB
Committed_AS:   75728964 kB
VmallocTotal:   263061440 kB
VmallocUsed:      126916 kB
VmallocChunk:          0 kB
Percpu:             6288 kB
CmaTotal:         405504 kB
CmaFree:          341688 kB
MemTotal:        7922296 kB
MemFree:         1759792 kB
MemAvailable:    3956176 kB
Buffers:           67244 kB
Cached:          1954608 kB
SwapCached:            0 kB
Active:           312288 kB
Inactive:        2992324 kB
Active(anon):       2716 kB
Inactive(anon):  1308192 kB
Active(file):     309572 kB
Inactive(file):  1684132 kB
Unevictable:        5992 kB
Mlocked:            5552 kB
SwapTotal:       4718584 kB
SwapFree:        4718584 kB
Dirty:               284 kB
Writeback:             0 kB
AnonPages:       1288868 kB
Mapped:           841024 kB
Shmem:             23652 kB
KReclaimable:     592900 kB
Slab:             318648 kB
SReclaimable:      93836 kB
SUnreclaim:       224812 kB
KernelStack:       46960 kB
ShadowCallStack:   11764 kB
PageTables:        70364 kB
NFS_Unstable:          0 kB
Bounce:                0 kB
WritebackTmp:          0 kB
CommitLimit:     8679732 kB
Committed_AS:   75728964 kB
VmallocTotal:   263061440 kB
VmallocUsed:      126920 kB
VmallocChunk:          0 kB
Percpu:             6288 kB
CmaTotal:         405504 kB
CmaFree:          341688 kB
MemTotal:        7922296 kB
MemFree:         1760444 kB
MemAvailable:    3956872 kB
Buffers:           67268 kB
Cached:          1954628 kB
SwapCached:            0 kB
Active:           312308 kB
Inactive:        2992640 kB
Active(anon):       2696 kB
Inactive(anon):  1308504 kB
Active(file):     309612 kB
Inactive(file):  1684136 kB
Unevictable:        5992 kB
Mlocked:            5552 kB
SwapTotal:       4718584 kB
SwapFree:        4718584 kB
Dirty:               296 kB
Writeback:             0 kB
AnonPages:       1289276 kB
Mapped:           841156 kB
Shmem:             23652 kB
KReclaimable:     592900 kB
Slab:             318484 kB
SReclaimable:      93836 kB
SUnreclaim:       224648 kB
KernelStack:       46944 kB
ShadowCallStack:   11756 kB
PageTables:        70316 kB
NFS_Unstable:          0 kB
Bounce:                0 kB
WritebackTmp:          0 kB
CommitLimit:     8679732 kB
Committed_AS:   75728912 kB
VmallocTotal:   263061440 kB
VmallocUsed:      126880 kB
VmallocChunk:          0 kB
Percpu:             6288 kB
CmaTotal:         405504 kB
CmaFree:          341688 kB
MemTotal:        7922296 kB
MemFree:         1759356 kB
MemAvailable:    3955796 kB
Buffers:           67268 kB
Cached:          1954640 kB
SwapCached:            0 kB
Active:           312324 kB
Inactive:        2993348 kB
Active(anon):       2712 kB
Inactive(anon):  1309200 kB
Active(file):     309612 kB
Inactive(file):  1684148 kB
Unevictable:        5992 kB
Mlocked:            5552 kB
SwapTotal:       4718584 kB
SwapFree:        4718584 kB
Dirty:               308 kB
Writeback:             0 kB
AnonPages:       1289844 kB
Mapped:           841028 kB
Shmem:             23652 kB
KReclaimable:     592900 kB
Slab:             318624 kB
SReclaimable:      93836 kB
SUnreclaim:       224788 kB
KernelStack:       46912 kB
ShadowCallStack:   11772 kB
PageTables:        70312 kB
NFS_Unstable:          0 kB
Bounce:                0 kB
WritebackTmp:          0 kB
CommitLimit:     8679732 kB
Committed_AS:   75728916 kB
VmallocTotal:   263061440 kB
VmallocUsed:      126896 kB
VmallocChunk:          0 kB
Percpu:             6288 kB
CmaTotal:         405504 kB
CmaFree:          341688 kB
MemTotal:        7922296 kB
MemFree:         1759300 kB
MemAvailable:    3955772 kB
Buffers:           67292 kB
Cached:          1954652 kB
SwapCached:            0 kB
Active:           312352 kB
Inactive:        2994488 kB
Active(anon):       2716 kB
Inactive(anon):  1310332 kB
Active(file):     309636 kB
Inactive(file):  1684156 kB
Unevictable:        5992 kB
Mlocked:            5552 kB
SwapTotal:       4718584 kB
SwapFree:        4718584 kB
Dirty:               320 kB
Writeback:             0 kB
AnonPages:       1290908 kB
Mapped:           841140 kB
Shmem:             23656 kB
KReclaimable:     592900 kB
Slab:             318520 kB
SReclaimable:      93836 kB
SUnreclaim:       224684 kB
KernelStack:       46928 kB
ShadowCallStack:   11756 kB
PageTables:        70360 kB
NFS_Unstable:          0 kB
Bounce:                0 kB
WritebackTmp:          0 kB
CommitLimit:     8679732 kB
Committed_AS:   75728868 kB
VmallocTotal:   263061440 kB
VmallocUsed:      126868 kB
VmallocChunk:          0 kB
Percpu:             6288 kB
CmaTotal:         405504 kB
CmaFree:          341688 kB
MemTotal:        7922296 kB
MemFree:         1757624 kB
MemAvailable:    3954100 kB
Buffers:           67316 kB
Cached:          1954632 kB
SwapCached:            0 kB
Active:           312352 kB
Inactive:        2994744 kB
Active(anon):       2716 kB
Inactive(anon):  1310584 kB
Active(file):     309636 kB
Inactive(file):  1684160 kB
Unevictable:        5992 kB
Mlocked:            5552 kB
SwapTotal:       4718584 kB
SwapFree:        4718584 kB
Dirty:               324 kB
Writeback:            12 kB
AnonPages:       1291232 kB
Mapped:           841028 kB
Shmem:             23656 kB
KReclaimable:     592900 kB
Slab:             318848 kB
SReclaimable:      93836 kB
SUnreclaim:       225012 kB
KernelStack:       46832 kB
ShadowCallStack:   11736 kB
PageTables:        70416 kB
NFS_Unstable:          0 kB
Bounce:                0 kB
WritebackTmp:          0 kB
CommitLimit:     8679732 kB
Committed_AS:   75728656 kB
VmallocTotal:   263061440 kB
VmallocUsed:      126808 kB
VmallocChunk:          0 kB
Percpu:             6288 kB
CmaTotal:         405504 kB
CmaFree:          341688 kB
MemTotal:        7922296 kB
MemFree:         1757392 kB
MemAvailable:    3953936 kB
Buffers:           67340 kB
Cached:          1954676 kB
SwapCached:            0 kB
Active:           312372 kB
Inactive:        2995172 kB
Active(anon):       2688 kB
Inactive(anon):  1310992 kB
Active(file):     309684 kB
Inactive(file):  1684180 kB
Unevictable:        5992 kB
Mlocked:            5552 kB
SwapTotal:       4718584 kB
SwapFree:        4718584 kB
Dirty:               344 kB
Writeback:             0 kB
AnonPages:       1291404 kB
Mapped:           841084 kB
Shmem:             23656 kB
KReclaimable:     592900 kB
Slab:             318760 kB
SReclaimable:      93836 kB
SUnreclaim:       224924 kB
KernelStack:       46832 kB
ShadowCallStack:   11724 kB
PageTables:        70376 kB
NFS_Unstable:          0 kB
Bounce:                0 kB
WritebackTmp:          0 kB
CommitLimit:     8679732 kB
Committed_AS:   75728604 kB
VmallocTotal:   263061440 kB
VmallocUsed:      126780 kB
VmallocChunk:          0 kB
Percpu:             6288 kB
CmaTotal:         405504 kB
CmaFree:          341688 kB
MemTotal:        7922296 kB
MemFree:         1756764 kB
MemAvailable:    3953348 kB
Buffers:           67372 kB
Cached:          1954696 kB
SwapCached:            0 kB
Active:           312424 kB
Inactive:        2996492 kB
Active(anon):       2708 kB
Inactive(anon):  1312304 kB
Active(file):     309716 kB
Inactive(file):  1684188 kB
Unevictable:        5992 kB
Mlocked:            5552 kB
SwapTotal:       4718584 kB
SwapFree:        4718584 kB
Dirty:               404 kB
Writeback:             0 kB
AnonPages:       1292852 kB
Mapped:           841044 kB
Shmem:             23668 kB
KReclaimable:     592900 kB
Slab:             318656 kB
SReclaimable:      93836 kB
SUnreclaim:       224820 kB
KernelStack:       46816 kB
ShadowCallStack:   11728 kB
PageTables:        70356 kB
NFS_Unstable:          0 kB
Bounce:                0 kB
WritebackTmp:          0 kB
CommitLimit:     8679732 kB
Committed_AS:   75741828 kB
VmallocTotal:   263061440 kB
VmallocUsed:      126740 kB
VmallocChunk:          0 kB
Percpu:             6288 kB
CmaTotal:         405504 kB
CmaFree:          341688 kB
MemTotal:        7922296 kB
MemFree:         1756096 kB
MemAvailable:    3952716 kB
Buffers:           67396 kB
Cached:          1954704 kB
SwapCached:            0 kB
Active:           312452 kB
Inactive:        2996792 kB
Active(anon):       2712 kB
Inactive(anon):  1312596 kB
Active(file):     309740 kB
Inactive(file):  1684196 kB
Unevictable:        5992 kB
Mlocked:            5552 kB
SwapTotal:       4718584 kB
SwapFree:        4718584 kB
Dirty:               424 kB
Writeback:             0 kB
AnonPages:       1293408 kB
Mapped:           841160 kB
Shmem:             23668 kB
KReclaimable:     592904 kB
Slab:             318696 kB
SReclaimable:      93840 kB
SUnreclaim:       224856 kB
KernelStack:       46800 kB
ShadowCallStack:   11724 kB
PageTables:        70348 kB
NFS_Unstable:          0 kB
Bounce:                0 kB
WritebackTmp:          0 kB
CommitLimit:     8679732 kB
Committed_AS:   75741772 kB
VmallocTotal:   263061440 kB
VmallocUsed:      126720 kB
VmallocChunk:          0 kB
Percpu:             6288 kB
CmaTotal:         405504 kB
CmaFree:          341688 kB
MemTotal:        7922296 kB
MemFree:         1754772 kB
MemAvailable:    3951408 kB
Buffers:           67404 kB
Cached:          1954712 kB
SwapCached:            0 kB
Active:           312460 kB
Inactive:        2998132 kB
Active(anon):       2712 kB
Inactive(anon):  1313928 kB
Active(file):     309748 kB
Inactive(file):  1684204 kB
Unevictable:        5992 kB
Mlocked:            5552 kB
SwapTotal:       4718584 kB
SwapFree:        4718584 kB
Dirty:                88 kB
Writeback:             0 kB
AnonPages:       1294528 kB
Mapped:           841148 kB
Shmem:             23668 kB
KReclaimable:     592904 kB
Slab:             318620 kB
SReclaimable:      93840 kB
SUnreclaim:       224780 kB
KernelStack:       46768 kB
ShadowCallStack:   11716 kB
PageTables:        70308 kB
NFS_Unstable:          0 kB
Bounce:                0 kB
WritebackTmp:          0 kB
CommitLimit:     8679732 kB
Committed_AS:   75741728 kB
VmallocTotal:   263061440 kB
VmallocUsed:      126680 kB
VmallocChunk:          0 kB
Percpu:             6288 kB
CmaTotal:         405504 kB
CmaFree:          341688 kB
MemTotal:        7922296 kB
MemFree:         1753976 kB
MemAvailable:    3950636 kB
Buffers:           67432 kB
Cached:          1954708 kB
SwapCached:            0 kB
Active:           312472 kB
Inactive:        2998448 kB
Active(anon):       2712 kB
Inactive(anon):  1314232 kB
Active(file):     309760 kB
Inactive(file):  1684216 kB
Unevictable:        5992 kB
Mlocked:            5552 kB
SwapTotal:       4718584 kB
SwapFree:        4718584 kB
Dirty:               112 kB
Writeback:             0 kB
AnonPages:       1294908 kB
Mapped:           841036 kB
Shmem:             23668 kB
KReclaimable:     592904 kB
Slab:             318744 kB
SReclaimable:      93840 kB
SUnreclaim:       224904 kB
KernelStack:       46704 kB
ShadowCallStack:   11712 kB
PageTables:        70020 kB
NFS_Unstable:          0 kB
Bounce:                0 kB
WritebackTmp:          0 kB
CommitLimit:     8679732 kB
Committed_AS:   75741676 kB
VmallocTotal:   263061440 kB
VmallocUsed:      126652 kB
VmallocChunk:          0 kB
Percpu:             6288 kB
CmaTotal:         405504 kB
CmaFree:          341688 kB
MemTotal:        7922296 kB
MemFree:         1753416 kB
MemAvailable:    3950128 kB
Buffers:           67456 kB
Cached:          1954736 kB
SwapCached:            0 kB
Active:           312512 kB
Inactive:        2999136 kB
Active(anon):       2712 kB
Inactive(anon):  1314908 kB
Active(file):     309800 kB
Inactive(file):  1684228 kB
Unevictable:        5992 kB
Mlocked:            5552 kB
SwapTotal:       4718584 kB
SwapFree:        4718584 kB
Dirty:               228 kB
Writeback:             0 kB
AnonPages:       1295512 kB
Mapped:           841152 kB
Shmem:             23668 kB
KReclaimable:     592904 kB
Slab:             318620 kB
SReclaimable:      93840 kB
SUnreclaim:       224780 kB
KernelStack:       46752 kB
ShadowCallStack:   11712 kB
PageTables:        70324 kB
NFS_Unstable:          0 kB
Bounce:                0 kB
WritebackTmp:          0 kB
CommitLimit:     8679732 kB
Committed_AS:   75741680 kB
VmallocTotal:   263061440 kB
VmallocUsed:      126680 kB
VmallocChunk:          0 kB
Percpu:             6288 kB
CmaTotal:         405504 kB
CmaFree:          341688 kB
MemTotal:        7922296 kB
MemFree:         1752864 kB
MemAvailable:    3949608 kB
Buffers:           67480 kB
Cached:          1954744 kB
SwapCached:            0 kB
Active:           312532 kB
Inactive:        2999400 kB
Active(anon):       2708 kB
Inactive(anon):  1315164 kB
Active(file):     309824 kB
Inactive(file):  1684236 kB
Unevictable:        5992 kB
Mlocked:            5552 kB
SwapTotal:       4718584 kB
SwapFree:        4718584 kB
Dirty:               184 kB
Writeback:             0 kB
AnonPages:       1295728 kB
Mapped:           841044 kB
Shmem:             23668 kB
KReclaimable:     592904 kB
Slab:             318736 kB
SReclaimable:      93840 kB
SUnreclaim:       224896 kB
KernelStack:       46752 kB
ShadowCallStack:   11712 kB
PageTables:        70336 kB
NFS_Unstable:          0 kB
Bounce:                0 kB
WritebackTmp:          0 kB
CommitLimit:     8679732 kB
Committed_AS:   75741684 kB
VmallocTotal:   263061440 kB
VmallocUsed:      126644 kB
VmallocChunk:          0 kB
Percpu:             6288 kB
CmaTotal:         405504 kB
CmaFree:          341688 kB
MemTotal:        7922296 kB
MemFree:         1705112 kB
MemAvailable:    3772848 kB
Buffers:           67504 kB
Cached:          1954744 kB
SwapCached:            0 kB
Active:           312512 kB
Inactive:        3047704 kB
Active(anon):       2676 kB
Inactive(anon):  1363456 kB
Active(file):     309836 kB
Inactive(file):  1684248 kB
Unevictable:        5992 kB
Mlocked:            5552 kB
SwapTotal:       4718584 kB
SwapFree:        4718584 kB
Dirty:               196 kB
Writeback:             4 kB
AnonPages:       1344056 kB
Mapped:           841548 kB
Shmem:             23668 kB
KReclaimable:     463872 kB
Slab:             318900 kB
SReclaimable:      93840 kB
SUnreclaim:       225060 kB
KernelStack:       46784 kB
ShadowCallStack:   11688 kB
PageTables:        70448 kB
NFS_Unstable:          0 kB
Bounce:                0 kB
WritebackTmp:          0 kB
CommitLimit:     8679732 kB
Committed_AS:   75742076 kB
VmallocTotal:   263061440 kB
VmallocUsed:      126756 kB
VmallocChunk:          0 kB
Percpu:             6288 kB
CmaTotal:         405504 kB
CmaFree:          341688 kB
MemTotal:        7922296 kB
MemFree:         1705068 kB
MemAvailable:    3770952 kB
Buffers:           67528 kB
Cached:          1954924 kB
SwapCached:            0 kB
Active:           312580 kB
Inactive:        3047948 kB
Active(anon):       2708 kB
Inactive(anon):  1363692 kB
Active(file):     309872 kB
Inactive(file):  1684256 kB
Unevictable:        5992 kB
Mlocked:            5552 kB
SwapTotal:       4718584 kB
SwapFree:        4718584 kB
Dirty:               276 kB
Writeback:             0 kB
AnonPages:       1344108 kB
Mapped:           841780 kB
Shmem:             23828 kB
KReclaimable:     461976 kB
Slab:             318884 kB
SReclaimable:      93856 kB
SUnreclaim:       225028 kB
KernelStack:       46816 kB
ShadowCallStack:   11728 kB
PageTables:        70396 kB
NFS_Unstable:          0 kB
Bounce:                0 kB
WritebackTmp:          0 kB
CommitLimit:     8679732 kB
Committed_AS:   75752312 kB
VmallocTotal:   263061440 kB
VmallocUsed:      126760 kB
VmallocChunk:          0 kB
Percpu:             6288 kB
CmaTotal:         405504 kB
CmaFree:          341688 kB
MemTotal:        7922296 kB
MemFree:         1755344 kB
MemAvailable:    3952012 kB
Buffers:           67528 kB
Cached:          1954768 kB
SwapCached:            0 kB
Active:           312572 kB
Inactive:        2997528 kB
Active(anon):       2696 kB
Inactive(anon):  1313272 kB
Active(file):     309876 kB
Inactive(file):  1684256 kB
Unevictable:        5992 kB
Mlocked:            5552 kB
SwapTotal:       4718584 kB
SwapFree:        4718584 kB
Dirty:               280 kB
Writeback:             0 kB
AnonPages:       1293916 kB
Mapped:           841140 kB
Shmem:             23668 kB
KReclaimable:     592756 kB
Slab:             318640 kB
SReclaimable:      93808 kB
SUnreclaim:       224832 kB
KernelStack:       46736 kB
ShadowCallStack:   11692 kB
PageTables:        70412 kB
NFS_Unstable:          0 kB
Bounce:                0 kB
WritebackTmp:          0 kB
CommitLimit:     8679732 kB
Committed_AS:   75751916 kB
VmallocTotal:   263061440 kB
VmallocUsed:      126616 kB
VmallocChunk:          0 kB
Percpu:             6288 kB
CmaTotal:         405504 kB
CmaFree:          341688 kB
MemTotal:        7922296 kB
MemFree:         1755068 kB
MemAvailable:    3951888 kB
Buffers:           67552 kB
Cached:          1954780 kB
SwapCached:            0 kB
Active:           312612 kB
Inactive:        2997908 kB
Active(anon):       2712 kB
Inactive(anon):  1313640 kB
Active(file):     309900 kB
Inactive(file):  1684268 kB
Unevictable:        5992 kB
Mlocked:            5552 kB
SwapTotal:       4718584 kB
SwapFree:        4718584 kB
Dirty:               292 kB
Writeback:             0 kB
AnonPages:       1294208 kB
Mapped:           841036 kB
Shmem:             23668 kB
KReclaimable:     592872 kB
Slab:             318676 kB
SReclaimable:      93808 kB
SUnreclaim:       224868 kB
KernelStack:       46704 kB
ShadowCallStack:   11728 kB
PageTables:        70268 kB
NFS_Unstable:          0 kB
Bounce:                0 kB
WritebackTmp:          0 kB
CommitLimit:     8679732 kB
Committed_AS:   75751916 kB
VmallocTotal:   263061440 kB
VmallocUsed:      126652 kB
VmallocChunk:          0 kB
Percpu:             6288 kB
CmaTotal:         405504 kB
CmaFree:          341688 kB
MemTotal:        7922296 kB
MemFree:         1754480 kB
MemAvailable:    3951336 kB
Buffers:           67576 kB
Cached:          1954796 kB
SwapCached:            0 kB
Active:           312632 kB
Inactive:        2998532 kB
Active(anon):       2708 kB
Inactive(anon):  1314252 kB
Active(file):     309924 kB
Inactive(file):  1684280 kB
Unevictable:        5992 kB
Mlocked:            5552 kB
SwapTotal:       4718584 kB
SwapFree:        4718584 kB
Dirty:               308 kB
Writeback:             0 kB
AnonPages:       1294788 kB
Mapped:           841048 kB
Shmem:             23672 kB
KReclaimable:     592872 kB
Slab:             318544 kB
SReclaimable:      93808 kB
SUnreclaim:       224736 kB
KernelStack:       46720 kB
ShadowCallStack:   11704 kB
PageTables:        70340 kB
NFS_Unstable:          0 kB
Bounce:                0 kB
WritebackTmp:          0 kB
CommitLimit:     8679732 kB
Committed_AS:   75751872 kB
VmallocTotal:   263061440 kB
VmallocUsed:      126604 kB
VmallocChunk:          0 kB
Percpu:             6288 kB
CmaTotal:         405504 kB
CmaFree:          341688 kB
MemTotal:        7922296 kB
MemFree:         1752928 kB
MemAvailable:    3949812 kB
Buffers:           67600 kB
Cached:          1954800 kB
SwapCached:            0 kB
Active:           312656 kB
Inactive:        2999008 kB
Active(anon):       2708 kB
Inactive(anon):  1314724 kB
Active(file):     309948 kB
Inactive(file):  1684284 kB
Unevictable:        5992 kB
Mlocked:            5552 kB
SwapTotal:       4718584 kB
SwapFree:        4718584 kB
Dirty:               312 kB
Writeback:             0 kB
AnonPages:       1295276 kB
Mapped:           841048 kB
Shmem:             23672 kB
KReclaimable:     592872 kB
Slab:             318604 kB
SReclaimable:      93808 kB
SUnreclaim:       224796 kB
KernelStack:       46720 kB
ShadowCallStack:   11704 kB
PageTables:        70352 kB
NFS_Unstable:          0 kB
Bounce:                0 kB
WritebackTmp:          0 kB
CommitLimit:     8679732 kB
Committed_AS:   75751872 kB
VmallocTotal:   263061440 kB
VmallocUsed:      126616 kB
VmallocChunk:          0 kB
Percpu:             6288 kB
CmaTotal:         405504 kB
CmaFree:          341688 kB
MemTotal:        7922296 kB
MemFree:         1752336 kB
MemAvailable:    3949208 kB
Buffers:           67624 kB
Cached:          1954796 kB
SwapCached:            0 kB
Active:           312664 kB
Inactive:        3000692 kB
Active(anon):       2712 kB
Inactive(anon):  1316392 kB
Active(file):     309952 kB
Inactive(file):  1684300 kB
Unevictable:        5992 kB
Mlocked:            5552 kB
SwapTotal:       4718584 kB
SwapFree:        4718584 kB
Dirty:               164 kB
Writeback:           104 kB
AnonPages:       1297024 kB
Mapped:           841044 kB
Shmem:             23672 kB
KReclaimable:     592840 kB
Slab:             318532 kB
SReclaimable:      93776 kB
SUnreclaim:       224756 kB
KernelStack:       46736 kB
ShadowCallStack:   11712 kB
PageTables:        70340 kB
NFS_Unstable:          0 kB
Bounce:                0 kB
WritebackTmp:          0 kB
CommitLimit:     8679732 kB
Committed_AS:   75751980 kB
VmallocTotal:   263061440 kB
VmallocUsed:      126632 kB
VmallocChunk:          0 kB
Percpu:             6288 kB
CmaTotal:         405504 kB
CmaFree:          341688 kB
MemTotal:        7922296 kB
MemFree:         1751620 kB
MemAvailable:    3948540 kB
Buffers:           67648 kB
Cached:          1954820 kB
SwapCached:            0 kB
Active:           312696 kB
Inactive:        3001260 kB
Active(anon):       2708 kB
Inactive(anon):  1316948 kB
Active(file):     309988 kB
Inactive(file):  1684312 kB
Unevictable:        5992 kB
Mlocked:            5552 kB
SwapTotal:       4718584 kB
SwapFree:        4718584 kB
Dirty:               224 kB
Writeback:             0 kB
AnonPages:       1297480 kB
Mapped:           841048 kB
Shmem:             23672 kB
KReclaimable:     592840 kB
Slab:             318572 kB
SReclaimable:      93776 kB
SUnreclaim:       224796 kB
KernelStack:       46752 kB
ShadowCallStack:   11712 kB
PageTables:        70332 kB
NFS_Unstable:          0 kB
Bounce:                0 kB
WritebackTmp:          0 kB
CommitLimit:     8679732 kB
Committed_AS:   75751972 kB
VmallocTotal:   263061440 kB
VmallocUsed:      126664 kB
VmallocChunk:          0 kB
Percpu:             6288 kB
CmaTotal:         405504 kB
CmaFree:          341688 kB
MemTotal:        7922296 kB
MemFree:         1751728 kB
MemAvailable:    3948664 kB
Buffers:           67664 kB
Cached:          1954820 kB
SwapCached:            0 kB
Active:           312696 kB
Inactive:        3001512 kB
Active(anon):       2708 kB
Inactive(anon):  1317184 kB
Active(file):     309988 kB
Inactive(file):  1684328 kB
Unevictable:        5992 kB
Mlocked:            5552 kB
SwapTotal:       4718584 kB
SwapFree:        4718584 kB
Dirty:               236 kB
Writeback:             8 kB
AnonPages:       1298056 kB
Mapped:           841036 kB
Shmem:             23672 kB
KReclaimable:     592840 kB
Slab:             318668 kB
SReclaimable:      93776 kB
SUnreclaim:       224892 kB
KernelStack:       46656 kB
ShadowCallStack:   11744 kB
PageTables:        70300 kB
NFS_Unstable:          0 kB
Bounce:                0 kB
WritebackTmp:          0 kB
CommitLimit:     8679732 kB
Committed_AS:   75751764 kB
VmallocTotal:   263061440 kB
VmallocUsed:      126584 kB
VmallocChunk:          0 kB
Percpu:             6288 kB
CmaTotal:         405504 kB
CmaFree:          341688 kB
MemTotal:        7922296 kB
MemFree:         1751712 kB
MemAvailable:    3948676 kB
Buffers:           67672 kB
Cached:          1954840 kB
SwapCached:            0 kB
Active:           312728 kB
Inactive:        3001948 kB
Active(anon):       2716 kB
Inactive(anon):  1317616 kB
Active(file):     310012 kB
Inactive(file):  1684332 kB
Unevictable:        5992 kB
Mlocked:            5552 kB
SwapTotal:       4718584 kB
SwapFree:        4718584 kB
Dirty:               244 kB
Writeback:             0 kB
AnonPages:       1298132 kB
Mapped:           841288 kB
Shmem:             23672 kB
KReclaimable:     592840 kB
Slab:             318504 kB
SReclaimable:      93776 kB
SUnreclaim:       224728 kB
KernelStack:       46656 kB
ShadowCallStack:   11676 kB
PageTables:        70332 kB
NFS_Unstable:          0 kB
Bounce:                0 kB
WritebackTmp:          0 kB
CommitLimit:     8679732 kB
Committed_AS:   75751608 kB
VmallocTotal:   263061440 kB
VmallocUsed:      126524 kB
VmallocChunk:          0 kB
Percpu:             6288 kB
CmaTotal:         405504 kB
CmaFree:          341688 kB
MemTotal:        7922296 kB
MemFree:         1750684 kB
MemAvailable:    3947696 kB
Buffers:           67704 kB
Cached:          1954852 kB
SwapCached:            0 kB
Active:           312748 kB
Inactive:        3002272 kB
Active(anon):       2708 kB
Inactive(anon):  1317924 kB
Active(file):     310040 kB
Inactive(file):  1684348 kB
Unevictable:        5992 kB
Mlocked:            5552 kB
SwapTotal:       4718584 kB
SwapFree:        4718584 kB
Dirty:               308 kB
Writeback:             0 kB
AnonPages:       1298456 kB
Mapped:           841048 kB
Shmem:             23672 kB
KReclaimable:     592844 kB
Slab:             318528 kB
SReclaimable:      93780 kB
SUnreclaim:       224748 kB
KernelStack:       46576 kB
ShadowCallStack:   11668 kB
PageTables:        70288 kB
NFS_Unstable:          0 kB
Bounce:                0 kB
WritebackTmp:          0 kB
CommitLimit:     8679732 kB
Committed_AS:   75751348 kB
VmallocTotal:   263061440 kB
VmallocUsed:      126440 kB
VmallocChunk:          0 kB
Percpu:             6288 kB
CmaTotal:         405504 kB
CmaFree:          341688 kB
MemTotal:        7922296 kB
MemFree:         1744472 kB
MemAvailable:    3941512 kB
Buffers:           67728 kB
Cached:          1954860 kB
SwapCached:            0 kB
Active:           312748 kB
Inactive:        3008292 kB
Active(anon):       2684 kB
Inactive(anon):  1323940 kB
Active(file):     310064 kB
Inactive(file):  1684352 kB
Unevictable:        5992 kB
Mlocked:            5552 kB
SwapTotal:       4718584 kB
SwapFree:        4718584 kB
Dirty:               328 kB
Writeback:             0 kB
AnonPages:       1304532 kB
Mapped:           841044 kB
Shmem:             23676 kB
KReclaimable:     592844 kB
Slab:             318532 kB
SReclaimable:      93780 kB
SUnreclaim:       224752 kB
KernelStack:       46560 kB
ShadowCallStack:   11652 kB
PageTables:        70380 kB
NFS_Unstable:          0 kB
Bounce:                0 kB
WritebackTmp:          0 kB
CommitLimit:     8679732 kB
Committed_AS:   75751304 kB
VmallocTotal:   263061440 kB
VmallocUsed:      126408 kB
VmallocChunk:          0 kB
Percpu:             6288 kB
CmaTotal:         405504 kB
CmaFree:          341688 kB
MemTotal:        7922296 kB
MemFree:         1744108 kB
MemAvailable:    3941184 kB
Buffers:           67752 kB
Cached:          1954876 kB
SwapCached:            0 kB
Active:           312796 kB
Inactive:        3008672 kB
Active(anon):       2708 kB
Inactive(anon):  1324308 kB
Active(file):     310088 kB
Inactive(file):  1684364 kB
Unevictable:        5992 kB
Mlocked:            5552 kB
SwapTotal:       4718584 kB
SwapFree:        4718584 kB
Dirty:               340 kB
Writeback:             4 kB
AnonPages:       1305040 kB
Mapped:           841164 kB
Shmem:             23680 kB
KReclaimable:     592844 kB
Slab:             318824 kB
SReclaimable:      93780 kB
SUnreclaim:       225044 kB
KernelStack:       46512 kB
ShadowCallStack:   11680 kB
PageTables:        70180 kB
NFS_Unstable:          0 kB
Bounce:                0 kB
WritebackTmp:          0 kB
CommitLimit:     8679732 kB
Committed_AS:   75751256 kB
VmallocTotal:   263061440 kB
VmallocUsed:      126416 kB
VmallocChunk:          0 kB
Percpu:             6288 kB
CmaTotal:         405504 kB
CmaFree:          341688 kB
MemTotal:        7922296 kB
MemFree:         1744228 kB
MemAvailable:    3941332 kB
Buffers:           67776 kB
Cached:          1954888 kB
SwapCached:            0 kB
Active:           312808 kB
Inactive:        3009100 kB
Active(anon):       2696 kB
Inactive(anon):  1324732 kB
Active(file):     310112 kB
Inactive(file):  1684368 kB
Unevictable:        5992 kB
Mlocked:            5552 kB
SwapTotal:       4718584 kB
SwapFree:        4718584 kB
Dirty:               344 kB
Writeback:             0 kB
AnonPages:       1305272 kB
Mapped:           840852 kB
Shmem:             23688 kB
KReclaimable:     592844 kB
Slab:             318556 kB
SReclaimable:      93780 kB
SUnreclaim:       224776 kB
KernelStack:       46496 kB
ShadowCallStack:   11636 kB
PageTables:        70276 kB
NFS_Unstable:          0 kB
Bounce:                0 kB
WritebackTmp:          0 kB
CommitLimit:     8679732 kB
Committed_AS:   75751056 kB
VmallocTotal:   263061440 kB
VmallocUsed:      126332 kB
VmallocChunk:          0 kB
Percpu:             6288 kB
CmaTotal:         405504 kB
CmaFree:          341688 kB
MemTotal:        7922296 kB
MemFree:         1744348 kB
MemAvailable:    3941460 kB
Buffers:           67800 kB
Cached:          1954888 kB
SwapCached:            0 kB
Active:           312828 kB
Inactive:        3009652 kB
Active(anon):       2708 kB
Inactive(anon):  1325268 kB
Active(file):     310120 kB
Inactive(file):  1684384 kB
Unevictable:        5992 kB
Mlocked:            5552 kB
SwapTotal:       4718584 kB
SwapFree:        4718584 kB
Dirty:               360 kB
Writeback:             0 kB
AnonPages:       1305736 kB
Mapped:           841056 kB
Shmem:             23688 kB
KReclaimable:     592828 kB
Slab:             318524 kB
SReclaimable:      93764 kB
SUnreclaim:       224760 kB
KernelStack:       46448 kB
ShadowCallStack:   11648 kB
PageTables:        70248 kB
NFS_Unstable:          0 kB
Bounce:                0 kB
WritebackTmp:          0 kB
CommitLimit:     8679732 kB
Committed_AS:   75750948 kB
VmallocTotal:   263061440 kB
VmallocUsed:      126296 kB
VmallocChunk:          0 kB
Percpu:             6288 kB
CmaTotal:         405504 kB
CmaFree:          341688 kB
MemTotal:        7922296 kB
MemFree:         1744596 kB
MemAvailable:    3941732 kB
Buffers:           67800 kB
Cached:          1954912 kB
SwapCached:            0 kB
Active:           312824 kB
Inactive:        3010036 kB
Active(anon):       2688 kB
Inactive(anon):  1325644 kB
Active(file):     310136 kB
Inactive(file):  1684392 kB
Unevictable:        5992 kB
Mlocked:            5552 kB
SwapTotal:       4718584 kB
SwapFree:        4718584 kB
Dirty:               368 kB
Writeback:             0 kB
AnonPages:       1306000 kB
