MemTotal:       12113132 kB
MemFree:         6219120 kB
MemAvailable:    8032208 kB
Buffers:            7560 kB
Cached:          1907664 kB
SwapCached:            0 kB
Active:          1450620 kB
Inactive:        1647396 kB
Active(anon):    1189252 kB
Inactive(anon):    27744 kB
Active(file):     261368 kB
Inactive(file):  1619652 kB
Unevictable:        5532 kB
Mlocked:            5532 kB
SwapTotal:       3145724 kB
SwapFree:        3145724 kB
Dirty:               696 kB
Writeback:             0 kB
AnonPages:       1188476 kB
Mapped:           852784 kB
Shmem:             29724 kB
KReclaimable:     800772 kB
Slab:             222088 kB
SReclaimable:      78284 kB
SUnreclaim:       143804 kB
KernelStack:       46288 kB
PageTables:        62680 kB
NFS_Unstable:          0 kB
Bounce:                0 kB
WritebackTmp:          0 kB
CommitLimit:     9202288 kB
Committed_AS:   66022424 kB
VmallocTotal:   263061440 kB
VmallocUsed:      103232 kB
VmallocChunk:          0 kB
Percpu:             7648 kB
CmaTotal:         294912 kB
CmaFree:               0 kB
MemTotal:       12113132 kB
MemFree:         6218024 kB
MemAvailable:    8031184 kB
Buffers:            7560 kB
Cached:          1907736 kB
SwapCached:            0 kB
Active:          1451400 kB
Inactive:        1647432 kB
Active(anon):    1189996 kB
Inactive(anon):    27744 kB
Active(file):     261404 kB
Inactive(file):  1619688 kB
Unevictable:        5532 kB
Mlocked:            5532 kB
SwapTotal:       3145724 kB
SwapFree:        3145724 kB
Dirty:               772 kB
Writeback:             0 kB
AnonPages:       1189208 kB
Mapped:           852784 kB
Shmem:             29724 kB
KReclaimable:     800772 kB
Slab:             222080 kB
SReclaimable:      78284 kB
SUnreclaim:       143796 kB
KernelStack:       46272 kB
PageTables:        62552 kB
NFS_Unstable:          0 kB
Bounce:                0 kB
WritebackTmp:          0 kB
CommitLimit:     9202288 kB
Committed_AS:   66023448 kB
VmallocTotal:   263061440 kB
VmallocUsed:      103216 kB
VmallocChunk:          0 kB
Percpu:             7648 kB
CmaTotal:         294912 kB
CmaFree:               0 kB
MemTotal:       12113132 kB
MemFree:         6217292 kB
MemAvailable:    8030464 kB
Buffers:            7560 kB
Cached:          1907748 kB
SwapCached:            0 kB
Active:          1452296 kB
Inactive:        1647444 kB
Active(anon):    1190892 kB
Inactive(anon):    27744 kB
Active(file):     261404 kB
Inactive(file):  1619700 kB
Unevictable:        5532 kB
Mlocked:            5532 kB
SwapTotal:       3145724 kB
SwapFree:        3145724 kB
Dirty:               796 kB
Writeback:             0 kB
AnonPages:       1189836 kB
Mapped:           852784 kB
Shmem:             29724 kB
KReclaimable:     800772 kB
Slab:             222088 kB
SReclaimable:      78284 kB
SUnreclaim:       143804 kB
KernelStack:       46272 kB
PageTables:        62556 kB
NFS_Unstable:          0 kB
Bounce:                0 kB
WritebackTmp:          0 kB
CommitLimit:     9202288 kB
Committed_AS:   66026996 kB
VmallocTotal:   263061440 kB
VmallocUsed:      103248 kB
VmallocChunk:          0 kB
Percpu:             7648 kB
CmaTotal:         294912 kB
CmaFree:               0 kB
MemTotal:       12113132 kB
MemFree:         6216080 kB
MemAvailable:    8029436 kB
Buffers:            7560 kB
Cached:          1907932 kB
SwapCached:            0 kB
Active:          1452584 kB
Inactive:        1647628 kB
Active(anon):    1191180 kB
Inactive(anon):    27744 kB
Active(file):     261404 kB
Inactive(file):  1619884 kB
Unevictable:        5532 kB
Mlocked:            5532 kB
SwapTotal:       3145724 kB
SwapFree:        3145724 kB
Dirty:               836 kB
Writeback:             0 kB
AnonPages:       1190396 kB
Mapped:           852784 kB
Shmem:             29724 kB
KReclaimable:     800772 kB
Slab:             222096 kB
SReclaimable:      78284 kB
SUnreclaim:       143812 kB
KernelStack:       46240 kB
PageTables:        62548 kB
NFS_Unstable:          0 kB
Bounce:                0 kB
WritebackTmp:          0 kB
CommitLimit:     9202288 kB
Committed_AS:   66033512 kB
VmallocTotal:   263061440 kB
VmallocUsed:      103248 kB
VmallocChunk:          0 kB
Percpu:             7648 kB
CmaTotal:         294912 kB
CmaFree:               0 kB
MemTotal:       12113132 kB
MemFree:         6214496 kB
MemAvailable:    8027876 kB
Buffers:            7560 kB
Cached:          1907956 kB
SwapCached:            0 kB
Active:          1453308 kB
Inactive:        1647652 kB
Active(anon):    1191904 kB
Inactive(anon):    27744 kB
Active(file):     261404 kB
Inactive(file):  1619908 kB
Unevictable:        5532 kB
Mlocked:            5532 kB
SwapTotal:       3145724 kB
SwapFree:        3145724 kB
Dirty:               724 kB
Writeback:             0 kB
AnonPages:       1191068 kB
Mapped:           852784 kB
Shmem:             29724 kB
KReclaimable:     800772 kB
Slab:             222080 kB
SReclaimable:      78284 kB
SUnreclaim:       143796 kB
KernelStack:       46208 kB
PageTables:        62492 kB
NFS_Unstable:          0 kB
Bounce:                0 kB
WritebackTmp:          0 kB
CommitLimit:     9202288 kB
Committed_AS:   66037160 kB
VmallocTotal:   263061440 kB
VmallocUsed:      103232 kB
VmallocChunk:          0 kB
Percpu:             7648 kB
CmaTotal:         294912 kB
CmaFree:               0 kB
MemTotal:       12113132 kB
MemFree:         6213880 kB
MemAvailable:    8027272 kB
Buffers:            7560 kB
Cached:          1907968 kB
SwapCached:            0 kB
Active:          1453596 kB
Inactive:        1647664 kB
Active(anon):    1192192 kB
Inactive(anon):    27744 kB
Active(file):     261404 kB
Inactive(file):  1619920 kB
Unevictable:        5532 kB
Mlocked:            5532 kB
SwapTotal:       3145724 kB
SwapFree:        3145724 kB
Dirty:               748 kB
Writeback:             0 kB
AnonPages:       1191356 kB
Mapped:           852784 kB
Shmem:             29724 kB
KReclaimable:     800772 kB
Slab:             222080 kB
SReclaimable:      78284 kB
SUnreclaim:       143796 kB
KernelStack:       46208 kB
PageTables:        62552 kB
NFS_Unstable:          0 kB
Bounce:                0 kB
WritebackTmp:          0 kB
CommitLimit:     9202288 kB
Committed_AS:   66036732 kB
VmallocTotal:   263061440 kB
VmallocUsed:      103248 kB
VmallocChunk:          0 kB
Percpu:             7648 kB
CmaTotal:         294912 kB
CmaFree:               0 kB
MemTotal:       12113132 kB
MemFree:         6213952 kB
MemAvailable:    8027356 kB
Buffers:            7560 kB
Cached:          1907980 kB
SwapCached:            0 kB
Active:          1454764 kB
Inactive:        1647676 kB
Active(anon):    1193360 kB
Inactive(anon):    27744 kB
Active(file):     261404 kB
Inactive(file):  1619932 kB
Unevictable:        5532 kB
Mlocked:            5532 kB
SwapTotal:       3145724 kB
SwapFree:        3145724 kB
Dirty:               760 kB
Writeback:             0 kB
AnonPages:       1192540 kB
Mapped:           852784 kB
Shmem:             29724 kB
KReclaimable:     800772 kB
Slab:             222080 kB
SReclaimable:      78284 kB
SUnreclaim:       143796 kB
KernelStack:       46208 kB
PageTables:        62556 kB
NFS_Unstable:          0 kB
Bounce:                0 kB
WritebackTmp:          0 kB
CommitLimit:     9202288 kB
Committed_AS:   66036592 kB
VmallocTotal:   263061440 kB
VmallocUsed:      103232 kB
VmallocChunk:          0 kB
Percpu:             7648 kB
CmaTotal:         294912 kB
CmaFree:               0 kB
MemTotal:       12113132 kB
MemFree:         6212976 kB
MemAvailable:    8026392 kB
Buffers:            7560 kB
Cached:          1907992 kB
SwapCached:            0 kB
Active:          1455248 kB
Inactive:        1647688 kB
Active(anon):    1193844 kB
Inactive(anon):    27744 kB
Active(file):     261404 kB
Inactive(file):  1619944 kB
Unevictable:        5532 kB
Mlocked:            5532 kB
SwapTotal:       3145724 kB
SwapFree:        3145724 kB
Dirty:               772 kB
Writeback:             0 kB
AnonPages:       1192932 kB
Mapped:           852784 kB
Shmem:             29724 kB
KReclaimable:     800772 kB
Slab:             222088 kB
SReclaimable:      78284 kB
SUnreclaim:       143804 kB
KernelStack:       46208 kB
PageTables:        62552 kB
NFS_Unstable:          0 kB
Bounce:                0 kB
WritebackTmp:          0 kB
CommitLimit:     9202288 kB
Committed_AS:   66036524 kB
VmallocTotal:   263061440 kB
VmallocUsed:      103232 kB
VmallocChunk:          0 kB
Percpu:             7648 kB
CmaTotal:         294912 kB
CmaFree:               0 kB
MemTotal:       12113132 kB
MemFree:         6179820 kB
MemAvailable:    7993260 kB
Buffers:            7564 kB
Cached:          1908016 kB
SwapCached:            0 kB
Active:          1490092 kB
Inactive:        1647712 kB
Active(anon):    1228688 kB
Inactive(anon):    27744 kB
Active(file):     261404 kB
Inactive(file):  1619968 kB
Unevictable:        5532 kB
Mlocked:            5532 kB
SwapTotal:       3145724 kB
SwapFree:        3145724 kB
Dirty:               864 kB
Writeback:             0 kB
AnonPages:       1228140 kB
Mapped:           852784 kB
Shmem:             29724 kB
KReclaimable:     800772 kB
Slab:             222080 kB
SReclaimable:      78284 kB
SUnreclaim:       143796 kB
KernelStack:       46192 kB
PageTables:        62560 kB
NFS_Unstable:          0 kB
Bounce:                0 kB
WritebackTmp:          0 kB
CommitLimit:     9202288 kB
Committed_AS:   66036392 kB
VmallocTotal:   263061440 kB
VmallocUsed:      103216 kB
VmallocChunk:          0 kB
Percpu:             7648 kB
CmaTotal:         294912 kB
CmaFree:               0 kB
MemTotal:       12113132 kB
MemFree:         6168820 kB
MemAvailable:    7982276 kB
Buffers:            7564 kB
Cached:          1908032 kB
SwapCached:            0 kB
Active:          1501312 kB
Inactive:        1647728 kB
Active(anon):    1239904 kB
Inactive(anon):    27748 kB
Active(file):     261408 kB
Inactive(file):  1619980 kB
Unevictable:        5532 kB
Mlocked:            5532 kB
SwapTotal:       3145724 kB
SwapFree:        3145724 kB
Dirty:               532 kB
Writeback:             0 kB
AnonPages:       1238584 kB
Mapped:           852788 kB
Shmem:             29728 kB
KReclaimable:     800772 kB
Slab:             222072 kB
SReclaimable:      78284 kB
SUnreclaim:       143788 kB
KernelStack:       46192 kB
PageTables:        62492 kB
NFS_Unstable:          0 kB
Bounce:                0 kB
WritebackTmp:          0 kB
CommitLimit:     9202288 kB
Committed_AS:   66036276 kB
VmallocTotal:   263061440 kB
VmallocUsed:      103216 kB
VmallocChunk:          0 kB
Percpu:             7648 kB
CmaTotal:         294912 kB
CmaFree:               0 kB
MemTotal:       12113132 kB
MemFree:         6167896 kB
MemAvailable:    7981376 kB
Buffers:            7564 kB
Cached:          1908056 kB
SwapCached:            0 kB
Active:          1502384 kB
Inactive:        1647752 kB
Active(anon):    1240976 kB
Inactive(anon):    27748 kB
Active(file):     261408 kB
Inactive(file):  1620004 kB
Unevictable:        5532 kB
Mlocked:            5532 kB
SwapTotal:       3145724 kB
SwapFree:        3145724 kB
Dirty:               560 kB
Writeback:             0 kB
AnonPages:       1240136 kB
Mapped:           852788 kB
Shmem:             29728 kB
KReclaimable:     800772 kB
Slab:             222080 kB
SReclaimable:      78284 kB
SUnreclaim:       143796 kB
KernelStack:       46224 kB
PageTables:        62560 kB
NFS_Unstable:          0 kB
Bounce:                0 kB
WritebackTmp:          0 kB
CommitLimit:     9202288 kB
Committed_AS:   66035988 kB
VmallocTotal:   263061440 kB
VmallocUsed:      103184 kB
VmallocChunk:          0 kB
Percpu:             7648 kB
CmaTotal:         294912 kB
CmaFree:               0 kB
MemTotal:       12113132 kB
MemFree:         6168656 kB
MemAvailable:    7982152 kB
Buffers:            7564 kB
Cached:          1908072 kB
SwapCached:            0 kB
Active:          1500664 kB
Inactive:        1647764 kB
Active(anon):    1239252 kB
Inactive(anon):    27748 kB
Active(file):     261412 kB
Inactive(file):  1620016 kB
Unevictable:        5532 kB
Mlocked:            5532 kB
SwapTotal:       3145724 kB
SwapFree:        3145724 kB
Dirty:               628 kB
Writeback:             0 kB
AnonPages:       1238644 kB
Mapped:           852788 kB
Shmem:             29728 kB
KReclaimable:     800772 kB
Slab:             222088 kB
SReclaimable:      78284 kB
SUnreclaim:       143804 kB
KernelStack:       46224 kB
PageTables:        62548 kB
NFS_Unstable:          0 kB
Bounce:                0 kB
WritebackTmp:          0 kB
CommitLimit:     9202288 kB
Committed_AS:   66035852 kB
VmallocTotal:   263061440 kB
VmallocUsed:      103216 kB
VmallocChunk:          0 kB
Percpu:             7648 kB
CmaTotal:         294912 kB
CmaFree:               0 kB
MemTotal:       12113132 kB
MemFree:         6168276 kB
MemAvailable:    7981788 kB
Buffers:            7564 kB
Cached:          1908088 kB
SwapCached:            0 kB
Active:          1501188 kB
Inactive:        1647784 kB
Active(anon):    1239780 kB
Inactive(anon):    27748 kB
Active(file):     261408 kB
Inactive(file):  1620036 kB
Unevictable:        5532 kB
Mlocked:            5532 kB
SwapTotal:       3145724 kB
SwapFree:        3145724 kB
Dirty:               660 kB
Writeback:             0 kB
AnonPages:       1238976 kB
Mapped:           852788 kB
Shmem:             29728 kB
KReclaimable:     800772 kB
Slab:             222088 kB
SReclaimable:      78284 kB
SUnreclaim:       143804 kB
KernelStack:       46224 kB
PageTables:        62548 kB
NFS_Unstable:          0 kB
Bounce:                0 kB
WritebackTmp:          0 kB
CommitLimit:     9202288 kB
Committed_AS:   66037180 kB
VmallocTotal:   263061440 kB
VmallocUsed:      103200 kB
VmallocChunk:          0 kB
Percpu:             7648 kB
CmaTotal:         294912 kB
CmaFree:               0 kB
MemTotal:       12113132 kB
MemFree:         6167368 kB
MemAvailable:    7980892 kB
Buffers:            7564 kB
Cached:          1908100 kB
SwapCached:            0 kB
Active:          1501764 kB
Inactive:        1647796 kB
Active(anon):    1240356 kB
Inactive(anon):    27748 kB
Active(file):     261408 kB
Inactive(file):  1620048 kB
Unevictable:        5532 kB
Mlocked:            5532 kB
SwapTotal:       3145724 kB
SwapFree:        3145724 kB
Dirty:               672 kB
Writeback:             0 kB
AnonPages:       1239568 kB
Mapped:           852788 kB
Shmem:             29728 kB
KReclaimable:     800772 kB
Slab:             222080 kB
SReclaimable:      78284 kB
SUnreclaim:       143796 kB
KernelStack:       46224 kB
PageTables:        62552 kB
NFS_Unstable:          0 kB
Bounce:                0 kB
WritebackTmp:          0 kB
CommitLimit:     9202288 kB
Committed_AS:   66036044 kB
VmallocTotal:   263061440 kB
VmallocUsed:      103248 kB
VmallocChunk:          0 kB
Percpu:             7648 kB
CmaTotal:         294912 kB
CmaFree:               0 kB
MemTotal:       12113132 kB
MemFree:         6182420 kB
MemAvailable:    7995960 kB
Buffers:            7564 kB
Cached:          1908116 kB
SwapCached:            0 kB
Active:          1486072 kB
Inactive:        1647812 kB
Active(anon):    1224664 kB
Inactive(anon):    27748 kB
Active(file):     261408 kB
Inactive(file):  1620064 kB
Unevictable:        5532 kB
Mlocked:            5532 kB
SwapTotal:       3145724 kB
SwapFree:        3145724 kB
Dirty:               624 kB
Writeback:             0 kB
AnonPages:       1223652 kB
Mapped:           852788 kB
Shmem:             29728 kB
KReclaimable:     800772 kB
Slab:             222080 kB
SReclaimable:      78284 kB
SUnreclaim:       143796 kB
KernelStack:       46256 kB
PageTables:        62560 kB
NFS_Unstable:          0 kB
Bounce:                0 kB
WritebackTmp:          0 kB
CommitLimit:     9202288 kB
Committed_AS:   66031976 kB
VmallocTotal:   263061440 kB
VmallocUsed:      103280 kB
VmallocChunk:          0 kB
Percpu:             7648 kB
CmaTotal:         294912 kB
CmaFree:               0 kB
MemTotal:       12113132 kB
MemFree:         6181760 kB
MemAvailable:    7995316 kB
Buffers:            7564 kB
Cached:          1908132 kB
SwapCached:            0 kB
Active:          1485972 kB
Inactive:        1647828 kB
Active(anon):    1224564 kB
Inactive(anon):    27748 kB
Active(file):     261408 kB
Inactive(file):  1620080 kB
Unevictable:        5532 kB
Mlocked:            5532 kB
SwapTotal:       3145724 kB
SwapFree:        3145724 kB
Dirty:               640 kB
Writeback:             0 kB
AnonPages:       1223612 kB
Mapped:           852788 kB
Shmem:             29728 kB
KReclaimable:     800772 kB
Slab:             222088 kB
SReclaimable:      78284 kB
SUnreclaim:       143804 kB
KernelStack:       46256 kB
PageTables:        62552 kB
NFS_Unstable:          0 kB
Bounce:                0 kB
WritebackTmp:          0 kB
CommitLimit:     9202288 kB
Committed_AS:   66031444 kB
VmallocTotal:   263061440 kB
VmallocUsed:      103296 kB
VmallocChunk:          0 kB
Percpu:             7648 kB
CmaTotal:         294912 kB
CmaFree:              92 kB
MemTotal:       12113132 kB
MemFree:         6181620 kB
MemAvailable:    7995196 kB
Buffers:            7564 kB
Cached:          1908152 kB
SwapCached:            0 kB
Active:          1486392 kB
Inactive:        1647848 kB
Active(anon):    1224984 kB
Inactive(anon):    27748 kB
Active(file):     261408 kB
Inactive(file):  1620100 kB
Unevictable:        5532 kB
Mlocked:            5532 kB
SwapTotal:       3145724 kB
SwapFree:        3145724 kB
Dirty:               664 kB
Writeback:             0 kB
AnonPages:       1224224 kB
Mapped:           852788 kB
Shmem:             29728 kB
KReclaimable:     800772 kB
Slab:             222080 kB
SReclaimable:      78284 kB
SUnreclaim:       143796 kB
KernelStack:       46256 kB
PageTables:        62560 kB
NFS_Unstable:          0 kB
Bounce:                0 kB
WritebackTmp:          0 kB
CommitLimit:     9202288 kB
Committed_AS:   66031272 kB
VmallocTotal:   263061440 kB
VmallocUsed:      103280 kB
VmallocChunk:          0 kB
Percpu:             7648 kB
CmaTotal:         294912 kB
CmaFree:             132 kB
MemTotal:       12113132 kB
MemFree:         6181372 kB
MemAvailable:    7994960 kB
Buffers:            7564 kB
Cached:          1908164 kB
SwapCached:            0 kB
Active:          1487020 kB
Inactive:        1647860 kB
Active(anon):    1225612 kB
Inactive(anon):    27748 kB
Active(file):     261408 kB
Inactive(file):  1620112 kB
Unevictable:        5532 kB
Mlocked:            5532 kB
SwapTotal:       3145724 kB
SwapFree:        3145724 kB
Dirty:               688 kB
Writeback:             0 kB
AnonPages:       1224488 kB
Mapped:           852788 kB
Shmem:             29728 kB
KReclaimable:     800772 kB
Slab:             222088 kB
SReclaimable:      78284 kB
SUnreclaim:       143804 kB
KernelStack:       46256 kB
PageTables:        62548 kB
NFS_Unstable:          0 kB
Bounce:                0 kB
WritebackTmp:          0 kB
CommitLimit:     9202288 kB
Committed_AS:   66037000 kB
VmallocTotal:   263061440 kB
VmallocUsed:      103280 kB
VmallocChunk:          0 kB
Percpu:             7648 kB
CmaTotal:         294912 kB
CmaFree:              36 kB
MemTotal:       12113132 kB
MemFree:         6180356 kB
MemAvailable:    7993956 kB
Buffers:            7564 kB
Cached:          1908176 kB
SwapCached:            0 kB
Active:          1487996 kB
Inactive:        1647872 kB
Active(anon):    1226588 kB
Inactive(anon):    27748 kB
Active(file):     261408 kB
Inactive(file):  1620124 kB
Unevictable:        5532 kB
Mlocked:            5532 kB
SwapTotal:       3145724 kB
SwapFree:        3145724 kB
Dirty:               732 kB
Writeback:             0 kB
AnonPages:       1225720 kB
Mapped:           852792 kB
Shmem:             29728 kB
KReclaimable:     800772 kB
Slab:             222088 kB
SReclaimable:      78284 kB
SUnreclaim:       143804 kB
KernelStack:       46256 kB
PageTables:        62552 kB
NFS_Unstable:          0 kB
Bounce:                0 kB
WritebackTmp:          0 kB
CommitLimit:     9202288 kB
Committed_AS:   66037032 kB
VmallocTotal:   263061440 kB
VmallocUsed:      103264 kB
VmallocChunk:          0 kB
Percpu:             7648 kB
CmaTotal:         294912 kB
CmaFree:               0 kB
MemTotal:       12113132 kB
MemFree:         6178648 kB
MemAvailable:    7992268 kB
Buffers:            7564 kB
Cached:          1908196 kB
SwapCached:            0 kB
Active:          1488436 kB
Inactive:        1647892 kB
Active(anon):    1227028 kB
Inactive(anon):    27748 kB
Active(file):     261408 kB
Inactive(file):  1620144 kB
Unevictable:        5532 kB
Mlocked:            5532 kB
SwapTotal:       3145724 kB
SwapFree:        3145724 kB
Dirty:               752 kB
Writeback:             0 kB
AnonPages:       1226204 kB
Mapped:           852948 kB
Shmem:             29728 kB
KReclaimable:     800772 kB
Slab:             222080 kB
SReclaimable:      78284 kB
SUnreclaim:       143796 kB
KernelStack:       46256 kB
PageTables:        62552 kB
NFS_Unstable:          0 kB
Bounce:                0 kB
WritebackTmp:          0 kB
CommitLimit:     9202288 kB
Committed_AS:   66037128 kB
VmallocTotal:   263061440 kB
VmallocUsed:      103264 kB
VmallocChunk:          0 kB
Percpu:             7648 kB
CmaTotal:         294912 kB
CmaFree:               0 kB
MemTotal:       12113132 kB
MemFree:         6178856 kB
MemAvailable:    7992492 kB
Buffers:            7564 kB
Cached:          1908212 kB
SwapCached:            0 kB
Active:          1488992 kB
Inactive:        1647908 kB
Active(anon):    1227584 kB
Inactive(anon):    27748 kB
Active(file):     261408 kB
Inactive(file):  1620160 kB
Unevictable:        5532 kB
Mlocked:            5532 kB
SwapTotal:       3145724 kB
SwapFree:        3145724 kB
Dirty:               780 kB
Writeback:             0 kB
AnonPages:       1226576 kB
Mapped:           852948 kB
Shmem:             29728 kB
KReclaimable:     800772 kB
Slab:             222080 kB
SReclaimable:      78284 kB
SUnreclaim:       143796 kB
KernelStack:       46192 kB
PageTables:        62552 kB
NFS_Unstable:          0 kB
Bounce:                0 kB
WritebackTmp:          0 kB
CommitLimit:     9202288 kB
Committed_AS:   66036820 kB
VmallocTotal:   263061440 kB
VmallocUsed:      103216 kB
VmallocChunk:          0 kB
Percpu:             7648 kB
CmaTotal:         294912 kB
CmaFree:               0 kB
MemTotal:       12113132 kB
MemFree:         6178720 kB
MemAvailable:    7992368 kB
Buffers:            7564 kB
Cached:          1908224 kB
SwapCached:            0 kB
Active:          1489512 kB
Inactive:        1647920 kB
Active(anon):    1228104 kB
Inactive(anon):    27748 kB
Active(file):     261408 kB
Inactive(file):  1620172 kB
Unevictable:        5532 kB
Mlocked:            5532 kB
SwapTotal:       3145724 kB
SwapFree:        3145724 kB
Dirty:               796 kB
Writeback:             0 kB
AnonPages:       1227436 kB
Mapped:           852948 kB
Shmem:             29728 kB
KReclaimable:     800772 kB
Slab:             222088 kB
SReclaimable:      78284 kB
SUnreclaim:       143804 kB
KernelStack:       46256 kB
PageTables:        62556 kB
NFS_Unstable:          0 kB
Bounce:                0 kB
WritebackTmp:          0 kB
CommitLimit:     9202288 kB
Committed_AS:   66036952 kB
VmallocTotal:   263061440 kB
VmallocUsed:      103248 kB
VmallocChunk:          0 kB
Percpu:             7648 kB
CmaTotal:         294912 kB
CmaFree:               0 kB
MemTotal:       12113132 kB
MemFree:         6178068 kB
MemAvailable:    7991736 kB
Buffers:            7564 kB
Cached:          1908244 kB
SwapCached:            0 kB
Active:          1489876 kB
Inactive:        1647940 kB
Active(anon):    1228468 kB
Inactive(anon):    27748 kB
Active(file):     261408 kB
Inactive(file):  1620192 kB
Unevictable:        5532 kB
Mlocked:            5532 kB
SwapTotal:       3145724 kB
SwapFree:        3145724 kB
Dirty:               816 kB
Writeback:             0 kB
AnonPages:       1227668 kB
Mapped:           852948 kB
Shmem:             29728 kB
KReclaimable:     800772 kB
Slab:             222080 kB
SReclaimable:      78284 kB
SUnreclaim:       143796 kB
KernelStack:       46256 kB
PageTables:        62552 kB
NFS_Unstable:          0 kB
Bounce:                0 kB
WritebackTmp:          0 kB
CommitLimit:     9202288 kB
Committed_AS:   66036960 kB
VmallocTotal:   263061440 kB
VmallocUsed:      103280 kB
VmallocChunk:          0 kB
Percpu:             7648 kB
CmaTotal:         294912 kB
CmaFree:               0 kB
MemTotal:       12113132 kB
MemFree:         6177564 kB
MemAvailable:    7991248 kB
Buffers:            7564 kB
Cached:          1908260 kB
SwapCached:            0 kB
Active:          1490032 kB
Inactive:        1647956 kB
Active(anon):    1228624 kB
Inactive(anon):    27748 kB
Active(file):     261408 kB
Inactive(file):  1620208 kB
Unevictable:        5532 kB
Mlocked:            5532 kB
SwapTotal:       3145724 kB
SwapFree:        3145724 kB
Dirty:               848 kB
Writeback:             0 kB
AnonPages:       1227672 kB
Mapped:           852948 kB
Shmem:             29728 kB
KReclaimable:     800772 kB
Slab:             222088 kB
SReclaimable:      78284 kB
SUnreclaim:       143804 kB
KernelStack:       46224 kB
PageTables:        62404 kB
NFS_Unstable:          0 kB
Bounce:                0 kB
WritebackTmp:          0 kB
CommitLimit:     9202288 kB
Committed_AS:   66026476 kB
VmallocTotal:   263061440 kB
VmallocUsed:      103216 kB
VmallocChunk:          0 kB
Percpu:             7648 kB
CmaTotal:         294912 kB
CmaFree:               0 kB
MemTotal:       12113132 kB
MemFree:         6177192 kB
MemAvailable:    7990896 kB
Buffers:            7568 kB
Cached:          1908276 kB
SwapCached:            0 kB
Active:          1490712 kB
Inactive:        1647972 kB
Active(anon):    1229300 kB
Inactive(anon):    27748 kB
Active(file):     261412 kB
Inactive(file):  1620224 kB
Unevictable:        5532 kB
Mlocked:            5532 kB
SwapTotal:       3145724 kB
SwapFree:        3145724 kB
Dirty:               836 kB
Writeback:             0 kB
AnonPages:       1228200 kB
Mapped:           852948 kB
Shmem:             29728 kB
KReclaimable:     800772 kB
Slab:             222080 kB
SReclaimable:      78284 kB
SUnreclaim:       143796 kB
KernelStack:       46240 kB
PageTables:        62552 kB
NFS_Unstable:          0 kB
Bounce:                0 kB
WritebackTmp:          0 kB
CommitLimit:     9202288 kB
Committed_AS:   66026396 kB
VmallocTotal:   263061440 kB
VmallocUsed:      103264 kB
VmallocChunk:          0 kB
Percpu:             7648 kB
CmaTotal:         294912 kB
CmaFree:               0 kB
MemTotal:       12113132 kB
MemFree:         6176548 kB
MemAvailable:    7990268 kB
Buffers:            7568 kB
Cached:          1908292 kB
SwapCached:            0 kB
Active:          1491116 kB
Inactive:        1647988 kB
Active(anon):    1229704 kB
Inactive(anon):    27748 kB
Active(file):     261412 kB
Inactive(file):  1620240 kB
Unevictable:        5532 kB
Mlocked:            5532 kB
SwapTotal:       3145724 kB
SwapFree:        3145724 kB
Dirty:               856 kB
Writeback:             0 kB
AnonPages:       1228848 kB
Mapped:           852948 kB
Shmem:             29728 kB
KReclaimable:     800772 kB
Slab:             222080 kB
SReclaimable:      78284 kB
SUnreclaim:       143796 kB
KernelStack:       46240 kB
PageTables:        62560 kB
NFS_Unstable:          0 kB
Bounce:                0 kB
WritebackTmp:          0 kB
CommitLimit:     9202288 kB
Committed_AS:   66031792 kB
VmallocTotal:   263061440 kB
VmallocUsed:      103264 kB
VmallocChunk:          0 kB
Percpu:             7648 kB
CmaTotal:         294912 kB
CmaFree:               0 kB
MemTotal:       12113132 kB
MemFree:         6175596 kB
MemAvailable:    7989324 kB
Buffers:            7568 kB
Cached:          1908300 kB
SwapCached:            0 kB
Active:          1491920 kB
Inactive:        1647996 kB
Active(anon):    1230508 kB
Inactive(anon):    27748 kB
Active(file):     261412 kB
Inactive(file):  1620248 kB
Unevictable:        5532 kB
Mlocked:            5532 kB
SwapTotal:       3145724 kB
SwapFree:        3145724 kB
Dirty:               876 kB
Writeback:             0 kB
AnonPages:       1229708 kB
Mapped:           852948 kB
Shmem:             29728 kB
KReclaimable:     800772 kB
Slab:             222088 kB
SReclaimable:      78284 kB
SUnreclaim:       143804 kB
KernelStack:       46240 kB
PageTables:        62560 kB
NFS_Unstable:          0 kB
Bounce:                0 kB
WritebackTmp:          0 kB
CommitLimit:     9202288 kB
Committed_AS:   66031292 kB
VmallocTotal:   263061440 kB
VmallocUsed:      103296 kB
VmallocChunk:          0 kB
Percpu:             7648 kB
CmaTotal:         294912 kB
CmaFree:               0 kB
MemTotal:       12113132 kB
MemFree:         6175552 kB
MemAvailable:    7989308 kB
Buffers:            7568 kB
Cached:          1908328 kB
SwapCached:            0 kB
Active:          1492340 kB
Inactive:        1648024 kB
Active(anon):    1230928 kB
Inactive(anon):    27748 kB
Active(file):     261412 kB
Inactive(file):  1620276 kB
Unevictable:        5532 kB
Mlocked:            5532 kB
SwapTotal:       3145724 kB
SwapFree:        3145724 kB
Dirty:               908 kB
Writeback:             0 kB
AnonPages:       1230008 kB
Mapped:           852948 kB
Shmem:             29728 kB
KReclaimable:     800772 kB
Slab:             222088 kB
SReclaimable:      78284 kB
SUnreclaim:       143804 kB
KernelStack:       46224 kB
PageTables:        62528 kB
NFS_Unstable:          0 kB
Bounce:                0 kB
WritebackTmp:          0 kB
CommitLimit:     9202288 kB
Committed_AS:   66035588 kB
VmallocTotal:   263061440 kB
VmallocUsed:      103216 kB
VmallocChunk:          0 kB
Percpu:             7648 kB
CmaTotal:         294912 kB
CmaFree:               0 kB
MemTotal:       12113132 kB
MemFree:         6175280 kB
MemAvailable:    7989048 kB
Buffers:            7568 kB
Cached:          1908340 kB
SwapCached:            0 kB
Active:          1492976 kB
Inactive:        1648036 kB
Active(anon):    1231564 kB
Inactive(anon):    27748 kB
Active(file):     261412 kB
Inactive(file):  1620288 kB
Unevictable:        5532 kB
Mlocked:            5532 kB
SwapTotal:       3145724 kB
SwapFree:        3145724 kB
Dirty:               920 kB
Writeback:             0 kB
AnonPages:       1230876 kB
Mapped:           852948 kB
Shmem:             29728 kB
KReclaimable:     800772 kB
Slab:             222088 kB
SReclaimable:      78284 kB
SUnreclaim:       143804 kB
KernelStack:       46208 kB
PageTables:        62680 kB
NFS_Unstable:          0 kB
Bounce:                0 kB
WritebackTmp:          0 kB
CommitLimit:     9202288 kB
Committed_AS:   66026968 kB
VmallocTotal:   263061440 kB
VmallocUsed:      103216 kB
VmallocChunk:          0 kB
Percpu:             7648 kB
CmaTotal:         294912 kB
CmaFree:               0 kB
MemTotal:       12113132 kB
MemFree:         6173976 kB
MemAvailable:    7987760 kB
Buffers:            7568 kB
Cached:          1908356 kB
SwapCached:            0 kB
Active:          1493672 kB
Inactive:        1648052 kB
Active(anon):    1232260 kB
Inactive(anon):    27748 kB
Active(file):     261412 kB
Inactive(file):  1620304 kB
Unevictable:        5532 kB
Mlocked:            5532 kB
SwapTotal:       3145724 kB
SwapFree:        3145724 kB
Dirty:               256 kB
Writeback:             0 kB
AnonPages:       1231156 kB
Mapped:           852948 kB
Shmem:             29728 kB
KReclaimable:     800772 kB
Slab:             222088 kB
SReclaimable:      78284 kB
SUnreclaim:       143804 kB
KernelStack:       46256 kB
PageTables:        62672 kB
NFS_Unstable:          0 kB
Bounce:                0 kB
WritebackTmp:          0 kB
CommitLimit:     9202288 kB
Committed_AS:   66028096 kB
VmallocTotal:   263061440 kB
VmallocUsed:      103248 kB
VmallocChunk:          0 kB
Percpu:             7648 kB
CmaTotal:         294912 kB
CmaFree:               0 kB
MemTotal:       12113132 kB
MemFree:         6173860 kB
MemAvailable:    7987656 kB
Buffers:            7568 kB
Cached:          1908368 kB
SwapCached:            0 kB
Active:          1494216 kB
Inactive:        1648064 kB
Active(anon):    1232804 kB
Inactive(anon):    27748 kB
Active(file):     261412 kB
Inactive(file):  1620316 kB
Unevictable:        5532 kB
Mlocked:            5532 kB
SwapTotal:       3145724 kB
SwapFree:        3145724 kB
Dirty:               332 kB
Writeback:             0 kB
AnonPages:       1231720 kB
Mapped:           852948 kB
Shmem:             29728 kB
KReclaimable:     800772 kB
Slab:             222072 kB
SReclaimable:      78284 kB
SUnreclaim:       143788 kB
KernelStack:       46256 kB
PageTables:        62560 kB
NFS_Unstable:          0 kB
Bounce:                0 kB
WritebackTmp:          0 kB
CommitLimit:     9202288 kB
Committed_AS:   66031340 kB
VmallocTotal:   263061440 kB
VmallocUsed:      103264 kB
VmallocChunk:          0 kB
Percpu:             7648 kB
CmaTotal:         294912 kB
CmaFree:               0 kB
MemTotal:       12113132 kB
MemFree:         6172800 kB
MemAvailable:    7986620 kB
Buffers:            7568 kB
Cached:          1908392 kB
SwapCached:            0 kB
Active:          1495576 kB
Inactive:        1648088 kB
Active(anon):    1234164 kB
Inactive(anon):    27748 kB
Active(file):     261412 kB
Inactive(file):  1620340 kB
Unevictable:        5532 kB
Mlocked:            5532 kB
SwapTotal:       3145724 kB
SwapFree:        3145724 kB
Dirty:               356 kB
Writeback:             0 kB
AnonPages:       1233092 kB
Mapped:           853072 kB
Shmem:             29728 kB
KReclaimable:     800772 kB
Slab:             222080 kB
SReclaimable:      78284 kB
SUnreclaim:       143796 kB
KernelStack:       46256 kB
PageTables:        62552 kB
NFS_Unstable:          0 kB
Bounce:                0 kB
WritebackTmp:          0 kB
CommitLimit:     9202288 kB
Committed_AS:   66027256 kB
VmallocTotal:   263061440 kB
VmallocUsed:      103264 kB
VmallocChunk:          0 kB
Percpu:             7648 kB
CmaTotal:         294912 kB
CmaFree:               0 kB
MemTotal:       12113132 kB
MemFree:         6172104 kB
MemAvailable:    7985936 kB
Buffers:            7568 kB
Cached:          1908404 kB
SwapCached:            0 kB
Active:          1495628 kB
Inactive:        1648100 kB
Active(anon):    1234216 kB
Inactive(anon):    27748 kB
Active(file):     261412 kB
Inactive(file):  1620352 kB
Unevictable:        5532 kB
Mlocked:            5532 kB
SwapTotal:       3145724 kB
SwapFree:        3145724 kB
Dirty:               396 kB
Writeback:             0 kB
AnonPages:       1233280 kB
Mapped:           852948 kB
Shmem:             29728 kB
KReclaimable:     800772 kB
Slab:             222080 kB
SReclaimable:      78284 kB
SUnreclaim:       143796 kB
KernelStack:       46256 kB
PageTables:        62552 kB
NFS_Unstable:          0 kB
Bounce:                0 kB
WritebackTmp:          0 kB
CommitLimit:     9202288 kB
Committed_AS:   66031648 kB
VmallocTotal:   263061440 kB
VmallocUsed:      103264 kB
VmallocChunk:          0 kB
Percpu:             7648 kB
CmaTotal:         294912 kB
CmaFree:               0 kB
MemTotal:       12113132 kB
MemFree:         6171460 kB
MemAvailable:    7985312 kB
Buffers:            7568 kB
Cached:          1908424 kB
SwapCached:            0 kB
Active:          1496232 kB
Inactive:        1648120 kB
Active(anon):    1234820 kB
Inactive(anon):    27748 kB
Active(file):     261412 kB
Inactive(file):  1620372 kB
Unevictable:        5532 kB
Mlocked:            5532 kB
SwapTotal:       3145724 kB
SwapFree:        3145724 kB
Dirty:               444 kB
Writeback:             0 kB
AnonPages:       1234064 kB
Mapped:           852948 kB
Shmem:             29728 kB
KReclaimable:     800772 kB
Slab:             222088 kB
SReclaimable:      78284 kB
SUnreclaim:       143804 kB
KernelStack:       46304 kB
PageTables:        62656 kB
NFS_Unstable:          0 kB
Bounce:                0 kB
WritebackTmp:          0 kB
CommitLimit:     9202288 kB
Committed_AS:   66036976 kB
VmallocTotal:   263061440 kB
VmallocUsed:      103232 kB
VmallocChunk:          0 kB
Percpu:             7648 kB
CmaTotal:         294912 kB
CmaFree:               0 kB
MemTotal:       12113132 kB
MemFree:         6171272 kB
MemAvailable:    7985144 kB
Buffers:            7568 kB
Cached:          1908444 kB
SwapCached:            0 kB
Active:          1497028 kB
Inactive:        1648140 kB
Active(anon):    1235616 kB
Inactive(anon):    27748 kB
Active(file):     261412 kB
Inactive(file):  1620392 kB
Unevictable:        5532 kB
Mlocked:            5532 kB
SwapTotal:       3145724 kB
SwapFree:        3145724 kB
Dirty:               464 kB
Writeback:             0 kB
AnonPages:       1234568 kB
Mapped:           852948 kB
Shmem:             29728 kB
KReclaimable:     800772 kB
Slab:             222080 kB
SReclaimable:      78284 kB
SUnreclaim:       143796 kB
KernelStack:       46256 kB
PageTables:        62556 kB
NFS_Unstable:          0 kB
Bounce:                0 kB
WritebackTmp:          0 kB
CommitLimit:     9202288 kB
Committed_AS:   66032400 kB
VmallocTotal:   263061440 kB
VmallocUsed:      103296 kB
VmallocChunk:          0 kB
Percpu:             7648 kB
CmaTotal:         294912 kB
CmaFree:               0 kB
MemTotal:       12113132 kB
MemFree:         6169788 kB
MemAvailable:    7983676 kB
Buffers:            7568 kB
Cached:          1908460 kB
SwapCached:            0 kB
Active:          1498020 kB
Inactive:        1648156 kB
Active(anon):    1236608 kB
Inactive(anon):    27748 kB
Active(file):     261412 kB
Inactive(file):  1620408 kB
Unevictable:        5532 kB
Mlocked:            5532 kB
SwapTotal:       3145724 kB
SwapFree:        3145724 kB
Dirty:               492 kB
Writeback:             0 kB
AnonPages:       1235540 kB
Mapped:           852948 kB
Shmem:             29728 kB
KReclaimable:     800772 kB
Slab:             222080 kB
SReclaimable:      78284 kB
SUnreclaim:       143796 kB
KernelStack:       46256 kB
PageTables:        62552 kB
NFS_Unstable:          0 kB
Bounce:                0 kB
WritebackTmp:          0 kB
CommitLimit:     9202288 kB
Committed_AS:   66036684 kB
VmallocTotal:   263061440 kB
VmallocUsed:      103264 kB
VmallocChunk:          0 kB
Percpu:             7648 kB
CmaTotal:         294912 kB
CmaFree:               0 kB
MemTotal:       12113132 kB
MemFree:         6169856 kB
MemAvailable:    7983756 kB
Buffers:            7568 kB
Cached:          1908472 kB
SwapCached:            0 kB
Active:          1499068 kB
Inactive:        1648168 kB
Active(anon):    1237656 kB
Inactive(anon):    27748 kB
Active(file):     261412 kB
Inactive(file):  1620420 kB
Unevictable:        5532 kB
Mlocked:            5532 kB
SwapTotal:       3145724 kB
SwapFree:        3145724 kB
Dirty:               512 kB
Writeback:             0 kB
AnonPages:       1236892 kB
Mapped:           852948 kB
Shmem:             29728 kB
KReclaimable:     800772 kB
Slab:             222080 kB
SReclaimable:      78284 kB
SUnreclaim:       143796 kB
KernelStack:       46256 kB
PageTables:        62556 kB
NFS_Unstable:          0 kB
Bounce:                0 kB
WritebackTmp:          0 kB
CommitLimit:     9202288 kB
Committed_AS:   66036732 kB
VmallocTotal:   263061440 kB
VmallocUsed:      103248 kB
VmallocChunk:          0 kB
Percpu:             7648 kB
CmaTotal:         294912 kB
CmaFree:               0 kB
MemTotal:       12113132 kB
MemFree:         6203420 kB
MemAvailable:    8017360 kB
Buffers:            7568 kB
Cached:          1908512 kB
SwapCached:            0 kB
Active:          1464656 kB
Inactive:        1648208 kB
Active(anon):    1203244 kB
Inactive(anon):    27748 kB
Active(file):     261412 kB
Inactive(file):  1620460 kB
Unevictable:        5532 kB
Mlocked:            5532 kB
SwapTotal:       3145724 kB
SwapFree:        3145724 kB
Dirty:               528 kB
Writeback:             0 kB
AnonPages:       1202336 kB
Mapped:           852948 kB
Shmem:             29728 kB
KReclaimable:     800772 kB
Slab:             222080 kB
SReclaimable:      78284 kB
SUnreclaim:       143796 kB
KernelStack:       46240 kB
PageTables:        62520 kB
NFS_Unstable:          0 kB
Bounce:                0 kB
WritebackTmp:          0 kB
CommitLimit:     9202288 kB
Committed_AS:   66030620 kB
VmallocTotal:   263061440 kB
VmallocUsed:      103264 kB
VmallocChunk:          0 kB
Percpu:             7648 kB
CmaTotal:         294912 kB
CmaFree:               0 kB
MemTotal:       12113132 kB
MemFree:         6199540 kB
MemAvailable:    8013480 kB
Buffers:            7576 kB
Cached:          1908504 kB
SwapCached:            0 kB
Active:          1471232 kB
Inactive:        1648200 kB
Active(anon):    1209812 kB
Inactive(anon):    27748 kB
Active(file):     261420 kB
Inactive(file):  1620452 kB
Unevictable:        5532 kB
Mlocked:            5532 kB
SwapTotal:       3145724 kB
SwapFree:        3145724 kB
Dirty:               544 kB
Writeback:             0 kB
AnonPages:       1208980 kB
Mapped:           852948 kB
Shmem:             29728 kB
KReclaimable:     800772 kB
Slab:             222088 kB
SReclaimable:      78284 kB
SUnreclaim:       143804 kB
KernelStack:       46256 kB
PageTables:        62548 kB
NFS_Unstable:          0 kB
Bounce:                0 kB
WritebackTmp:          0 kB
CommitLimit:     9202288 kB
Committed_AS:   66034892 kB
VmallocTotal:   263061440 kB
VmallocUsed:      103248 kB
VmallocChunk:          0 kB
Percpu:             7648 kB
CmaTotal:         294912 kB
CmaFree:              76 kB
MemTotal:       12113132 kB
MemFree:         6177000 kB
MemAvailable:    7990956 kB
Buffers:            7576 kB
Cached:          1908520 kB
SwapCached:            0 kB
Active:          1492160 kB
Inactive:        1648216 kB
Active(anon):    1230740 kB
Inactive(anon):    27748 kB
Active(file):     261420 kB
Inactive(file):  1620468 kB
Unevictable:        5532 kB
Mlocked:            5532 kB
SwapTotal:       3145724 kB
SwapFree:        3145724 kB
Dirty:               564 kB
Writeback:             0 kB
AnonPages:       1230028 kB
Mapped:           852948 kB
Shmem:             29728 kB
KReclaimable:     800772 kB
Slab:             222080 kB
SReclaimable:      78284 kB
SUnreclaim:       143796 kB
KernelStack:       46256 kB
PageTables:        62552 kB
NFS_Unstable:          0 kB
Bounce:                0 kB
WritebackTmp:          0 kB
CommitLimit:     9202288 kB
Committed_AS:   66035160 kB
VmallocTotal:   263061440 kB
VmallocUsed:      103264 kB
VmallocChunk:          0 kB
Percpu:             7648 kB
CmaTotal:         294912 kB
CmaFree:               0 kB
MemTotal:       12113132 kB
MemFree:         6176460 kB
MemAvailable:    7990424 kB
Buffers:            7576 kB
Cached:          1908528 kB
SwapCached:            0 kB
Active:          1492884 kB
Inactive:        1648224 kB
Active(anon):    1231464 kB
Inactive(anon):    27748 kB
Active(file):     261420 kB
Inactive(file):  1620476 kB
Unevictable:        5532 kB
Mlocked:            5532 kB
SwapTotal:       3145724 kB
SwapFree:        3145724 kB
Dirty:               576 kB
Writeback:             0 kB
AnonPages:       1230420 kB
Mapped:           852968 kB
Shmem:             29728 kB
KReclaimable:     800772 kB
Slab:             222080 kB
SReclaimable:      78284 kB
SUnreclaim:       143796 kB
KernelStack:       46240 kB
PageTables:        62484 kB
NFS_Unstable:          0 kB
Bounce:                0 kB
WritebackTmp:          0 kB
CommitLimit:     9202288 kB
Committed_AS:   66032604 kB
VmallocTotal:   263061440 kB
VmallocUsed:      103248 kB
VmallocChunk:          0 kB
Percpu:             7648 kB
CmaTotal:         294912 kB
CmaFree:               0 kB
MemTotal:       12113132 kB
MemFree:         6169960 kB
MemAvailable:    7983944 kB
Buffers:            7576 kB
Cached:          1908476 kB
SwapCached:            0 kB
Active:          1500576 kB
Inactive:        1648176 kB
Active(anon):    1239156 kB
Inactive(anon):    27680 kB
Active(file):     261420 kB
Inactive(file):  1620496 kB
Unevictable:        5532 kB
Mlocked:            5532 kB
SwapTotal:       3145724 kB
SwapFree:        3145724 kB
Dirty:               608 kB
Writeback:             0 kB
AnonPages:       1238188 kB
Mapped:           852872 kB
Shmem:             29656 kB
KReclaimable:     800772 kB
Slab:             222088 kB
SReclaimable:      78284 kB
SUnreclaim:       143804 kB
KernelStack:       46240 kB
PageTables:        62552 kB
NFS_Unstable:          0 kB
Bounce:                0 kB
WritebackTmp:          0 kB
CommitLimit:     9202288 kB
Committed_AS:   66036792 kB
VmallocTotal:   263061440 kB
VmallocUsed:      103232 kB
VmallocChunk:          0 kB
Percpu:             7648 kB
CmaTotal:         294912 kB
CmaFree:               0 kB
MemTotal:       12113132 kB
MemFree:         6174348 kB
MemAvailable:    7988348 kB
Buffers:            7576 kB
Cached:          1908564 kB
SwapCached:            0 kB
Active:          1493448 kB
Inactive:        1648260 kB
Active(anon):    1232028 kB
Inactive(anon):    27748 kB
Active(file):     261420 kB
Inactive(file):  1620512 kB
Unevictable:        5532 kB
Mlocked:            5532 kB
SwapTotal:       3145724 kB
SwapFree:        3145724 kB
Dirty:               632 kB
Writeback:             0 kB
AnonPages:       1230912 kB
Mapped:           852428 kB
Shmem:             29728 kB
KReclaimable:     800772 kB
Slab:             222076 kB
SReclaimable:      78284 kB
SUnreclaim:       143792 kB
KernelStack:       46208 kB
PageTables:        62680 kB
NFS_Unstable:          0 kB
Bounce:                0 kB
WritebackTmp:          0 kB
CommitLimit:     9202288 kB
Committed_AS:   66030196 kB
VmallocTotal:   263061440 kB
VmallocUsed:      103216 kB
VmallocChunk:          0 kB
Percpu:             7648 kB
CmaTotal:         294912 kB
CmaFree:               0 kB
MemTotal:       12113132 kB
MemFree:         6174312 kB
MemAvailable:    7988336 kB
Buffers:            7576 kB
Cached:          1908588 kB
SwapCached:            0 kB
Active:          1494372 kB
Inactive:        1648284 kB
Active(anon):    1232952 kB
Inactive(anon):    27748 kB
Active(file):     261420 kB
Inactive(file):  1620536 kB
Unevictable:        5532 kB
Mlocked:            5532 kB
SwapTotal:       3145724 kB
SwapFree:        3145724 kB
Dirty:               680 kB
Writeback:             0 kB
AnonPages:       1231880 kB
Mapped:           852236 kB
Shmem:             29728 kB
KReclaimable:     800772 kB
Slab:             222076 kB
SReclaimable:      78284 kB
SUnreclaim:       143792 kB
KernelStack:       46176 kB
PageTables:        62676 kB
NFS_Unstable:          0 kB
Bounce:                0 kB
WritebackTmp:          0 kB
CommitLimit:     9202288 kB
Committed_AS:   66021028 kB
VmallocTotal:   263061440 kB
VmallocUsed:      103152 kB
VmallocChunk:          0 kB
Percpu:             7648 kB
CmaTotal:         294912 kB
CmaFree:               0 kB
MemTotal:       12113132 kB
MemFree:         6206628 kB
MemAvailable:    8020668 kB
Buffers:            7576 kB
Cached:          1908604 kB
SwapCached:            0 kB
Active:          1460536 kB
Inactive:        1648296 kB
Active(anon):    1199112 kB
Inactive(anon):    27748 kB
Active(file):     261424 kB
Inactive(file):  1620548 kB
Unevictable:        5532 kB
Mlocked:            5532 kB
SwapTotal:       3145724 kB
SwapFree:        3145724 kB
Dirty:               744 kB
Writeback:             0 kB
AnonPages:       1198240 kB
Mapped:           852236 kB
Shmem:             29728 kB
KReclaimable:     800772 kB
Slab:             222092 kB
SReclaimable:      78284 kB
SUnreclaim:       143808 kB
KernelStack:       46160 kB
PageTables:        62552 kB
NFS_Unstable:          0 kB
Bounce:                0 kB
WritebackTmp:          0 kB
CommitLimit:     9202288 kB
Committed_AS:   66021160 kB
VmallocTotal:   263061440 kB
VmallocUsed:      103136 kB
VmallocChunk:          0 kB
Percpu:             7648 kB
CmaTotal:         294912 kB
CmaFree:               0 kB
MemTotal:       12113132 kB
MemFree:         6205836 kB
MemAvailable:    8019944 kB
Buffers:            7576 kB
Cached:          1908672 kB
SwapCached:            0 kB
Active:          1461552 kB
Inactive:        1648360 kB
Active(anon):    1200124 kB
Inactive(anon):    27748 kB
Active(file):     261428 kB
Inactive(file):  1620612 kB
Unevictable:        5532 kB
Mlocked:            5532 kB
SwapTotal:       3145724 kB
SwapFree:        3145724 kB
Dirty:               820 kB
Writeback:             0 kB
AnonPages:       1199228 kB
Mapped:           852236 kB
Shmem:             29728 kB
KReclaimable:     800772 kB
Slab:             222084 kB
SReclaimable:      78284 kB
SUnreclaim:       143800 kB
KernelStack:       46144 kB
PageTables:        62552 kB
NFS_Unstable:          0 kB
Bounce:                0 kB
WritebackTmp:          0 kB
CommitLimit:     9202288 kB
Committed_AS:   66025312 kB
VmallocTotal:   263061440 kB
VmallocUsed:      103152 kB
VmallocChunk:          0 kB
Percpu:             7648 kB
CmaTotal:         294912 kB
CmaFree:               0 kB
MemTotal:       12113132 kB
MemFree:         6203660 kB
MemAvailable:    8017872 kB
Buffers:            7576 kB
Cached:          1908812 kB
SwapCached:            0 kB
Active:          1465312 kB
Inactive:        1648492 kB
Active(anon):    1203876 kB
Inactive(anon):    27784 kB
Active(file):     261436 kB
Inactive(file):  1620708 kB
Unevictable:        5532 kB
Mlocked:            5532 kB
SwapTotal:       3145724 kB
SwapFree:        3145724 kB
Dirty:               952 kB
Writeback:             0 kB
AnonPages:       1203056 kB
Mapped:           852272 kB
Shmem:             29764 kB
KReclaimable:     800772 kB
Slab:             222084 kB
SReclaimable:      78284 kB
SUnreclaim:       143800 kB
KernelStack:       46272 kB
PageTables:        62564 kB
NFS_Unstable:          0 kB
Bounce:                0 kB
WritebackTmp:          0 kB
CommitLimit:     9202288 kB
Committed_AS:   66026440 kB
VmallocTotal:   263061440 kB
VmallocUsed:      103264 kB
VmallocChunk:          0 kB
Percpu:             7648 kB
CmaTotal:         294912 kB
CmaFree:               0 kB
MemTotal:       12113132 kB
MemFree:         6202464 kB
MemAvailable:    8016692 kB
Buffers:            7576 kB
Cached:          1908828 kB
SwapCached:            0 kB
Active:          1464780 kB
Inactive:        1648508 kB
Active(anon):    1203344 kB
Inactive(anon):    27784 kB
Active(file):     261436 kB
Inactive(file):  1620724 kB
Unevictable:        5532 kB
Mlocked:            5532 kB
SwapTotal:       3145724 kB
SwapFree:        3145724 kB
Dirty:               984 kB
Writeback:             0 kB
AnonPages:       1202156 kB
Mapped:           852272 kB
Shmem:             29764 kB
KReclaimable:     800772 kB
Slab:             222084 kB
SReclaimable:      78284 kB
SUnreclaim:       143800 kB
KernelStack:       46240 kB
PageTables:        62556 kB
NFS_Unstable:          0 kB
Bounce:                0 kB
WritebackTmp:          0 kB
CommitLimit:     9202288 kB
Committed_AS:   66026544 kB
VmallocTotal:   263061440 kB
VmallocUsed:      103296 kB
VmallocChunk:          0 kB
Percpu:             7648 kB
CmaTotal:         294912 kB
CmaFree:               0 kB
MemTotal:       12113132 kB
MemFree:         6201876 kB
MemAvailable:    8016120 kB
Buffers:            7576 kB
Cached:          1908844 kB
SwapCached:            0 kB
Active:          1465156 kB
Inactive:        1648524 kB
Active(anon):    1203720 kB
Inactive(anon):    27784 kB
Active(file):     261436 kB
Inactive(file):  1620740 kB
Unevictable:        5532 kB
Mlocked:            5532 kB
SwapTotal:       3145724 kB
SwapFree:        3145724 kB
Dirty:              1012 kB
Writeback:             0 kB
AnonPages:       1202908 kB
Mapped:           852272 kB
Shmem:             29764 kB
KReclaimable:     800772 kB
Slab:             222084 kB
SReclaimable:      78284 kB
SUnreclaim:       143800 kB
KernelStack:       46144 kB
PageTables:        62560 kB
NFS_Unstable:          0 kB
Bounce:                0 kB
WritebackTmp:          0 kB
CommitLimit:     9202288 kB
Committed_AS:   66026236 kB
VmallocTotal:   263061440 kB
VmallocUsed:      103200 kB
VmallocChunk:          0 kB
Percpu:             7648 kB
CmaTotal:         294912 kB
CmaFree:               0 kB
MemTotal:       12113132 kB
MemFree:         6200508 kB
MemAvailable:    8014768 kB
Buffers:            7576 kB
Cached:          1908860 kB
SwapCached:            0 kB
Active:          1465856 kB
Inactive:        1648540 kB
Active(anon):    1204420 kB
Inactive(anon):    27784 kB
Active(file):     261436 kB
Inactive(file):  1620756 kB
Unevictable:        5532 kB
Mlocked:            5532 kB
SwapTotal:       3145724 kB
SwapFree:        3145724 kB
Dirty:              1056 kB
Writeback:             0 kB
AnonPages:       1203392 kB
Mapped:           852272 kB
Shmem:             29764 kB
KReclaimable:     800772 kB
Slab:             222084 kB
SReclaimable:      78284 kB
SUnreclaim:       143800 kB
KernelStack:       46224 kB
PageTables:        62680 kB
NFS_Unstable:          0 kB
Bounce:                0 kB
WritebackTmp:          0 kB
CommitLimit:     9202288 kB
Committed_AS:   66025568 kB
VmallocTotal:   263061440 kB
VmallocUsed:      103216 kB
VmallocChunk:          0 kB
Percpu:             7648 kB
CmaTotal:         294912 kB
CmaFree:               0 kB
MemTotal:       12113132 kB
MemFree:         6214436 kB
MemAvailable:    8028720 kB
Buffers:            7576 kB
Cached:          1908884 kB
SwapCached:            0 kB
Active:          1451292 kB
Inactive:        1648568 kB
Active(anon):    1189860 kB
Inactive(anon):    27784 kB
Active(file):     261432 kB
Inactive(file):  1620784 kB
Unevictable:        5532 kB
Mlocked:            5532 kB
SwapTotal:       3145724 kB
SwapFree:        3145724 kB
Dirty:              1096 kB
Writeback:             0 kB
AnonPages:       1188868 kB
Mapped:           852272 kB
Shmem:             29764 kB
KReclaimable:     800772 kB
Slab:             222084 kB
SReclaimable:      78284 kB
SUnreclaim:       143800 kB
KernelStack:       46176 kB
PageTables:        62556 kB
NFS_Unstable:          0 kB
Bounce:                0 kB
WritebackTmp:          0 kB
CommitLimit:     9202288 kB
Committed_AS:   66031124 kB
VmallocTotal:   263061440 kB
VmallocUsed:      103232 kB
VmallocChunk:          0 kB
Percpu:             7648 kB
CmaTotal:         294912 kB
CmaFree:             144 kB
MemTotal:       12113132 kB
MemFree:         6213308 kB
MemAvailable:    8027580 kB
Buffers:            7576 kB
Cached:          1908884 kB
SwapCached:            0 kB
Active:          1453148 kB
Inactive:        1648564 kB
Active(anon):    1191712 kB
Inactive(anon):    27796 kB
Active(file):     261436 kB
Inactive(file):  1620768 kB
Unevictable:        5532 kB
Mlocked:            5532 kB
SwapTotal:       3145724 kB
SwapFree:        3145724 kB
Dirty:              1144 kB
Writeback:             0 kB
AnonPages:       1190924 kB
Mapped:           852352 kB
Shmem:             29776 kB
KReclaimable:     800772 kB
Slab:             222084 kB
SReclaimable:      78284 kB
SUnreclaim:       143800 kB
KernelStack:       46208 kB
PageTables:        62424 kB
NFS_Unstable:          0 kB
Bounce:                0 kB
WritebackTmp:          0 kB
CommitLimit:     9202288 kB
Committed_AS:   66026440 kB
VmallocTotal:   263061440 kB
VmallocUsed:      103200 kB
VmallocChunk:          0 kB
Percpu:             7648 kB
CmaTotal:         294912 kB
CmaFree:               0 kB
MemTotal:       12113132 kB
MemFree:         6213132 kB
MemAvailable:    8027440 kB
Buffers:            7576 kB
Cached:          1908920 kB
SwapCached:            0 kB
Active:          1453916 kB
Inactive:        1648592 kB
Active(anon):    1192472 kB
Inactive(anon):    27796 kB
Active(file):     261444 kB
Inactive(file):  1620796 kB
Unevictable:        5532 kB
Mlocked:            5532 kB
SwapTotal:       3145724 kB
SwapFree:        3145724 kB
Dirty:              1160 kB
Writeback:             0 kB
AnonPages:       1191452 kB
Mapped:           852352 kB
Shmem:             29776 kB
KReclaimable:     800772 kB
Slab:             222084 kB
SReclaimable:      78284 kB
SUnreclaim:       143800 kB
KernelStack:       46224 kB
PageTables:        62568 kB
NFS_Unstable:          0 kB
Bounce:                0 kB
WritebackTmp:          0 kB
CommitLimit:     9202288 kB
Committed_AS:   66026128 kB
VmallocTotal:   263061440 kB
VmallocUsed:      103200 kB
VmallocChunk:          0 kB
Percpu:             7648 kB
CmaTotal:         294912 kB
CmaFree:               0 kB
MemTotal:       12113132 kB
MemFree:         6212824 kB
MemAvailable:    8027152 kB
Buffers:            7576 kB
Cached:          1908940 kB
SwapCached:            0 kB
Active:          1454540 kB
Inactive:        1648612 kB
Active(anon):    1193096 kB
Inactive(anon):    27796 kB
Active(file):     261444 kB
Inactive(file):  1620816 kB
Unevictable:        5532 kB
Mlocked:            5532 kB
SwapTotal:       3145724 kB
SwapFree:        3145724 kB
Dirty:              1216 kB
Writeback:             0 kB
AnonPages:       1192188 kB
Mapped:           852352 kB
Shmem:             29776 kB
KReclaimable:     800772 kB
Slab:             222092 kB
SReclaimable:      78284 kB
SUnreclaim:       143808 kB
KernelStack:       46224 kB
PageTables:        62556 kB
NFS_Unstable:          0 kB
Bounce:                0 kB
WritebackTmp:          0 kB
CommitLimit:     9202288 kB
Committed_AS:   66025996 kB
VmallocTotal:   263061440 kB
VmallocUsed:      103248 kB
VmallocChunk:          0 kB
Percpu:             7648 kB
CmaTotal:         294912 kB
CmaFree:               0 kB
MemTotal:       12113132 kB
MemFree:         6213316 kB
MemAvailable:    8027668 kB
Buffers:            7580 kB
Cached:          1908960 kB
SwapCached:            0 kB
Active:          1455576 kB
Inactive:        1648632 kB
Active(anon):    1194128 kB
Inactive(anon):    27796 kB
Active(file):     261448 kB
Inactive(file):  1620836 kB
Unevictable:        5532 kB
Mlocked:            5532 kB
SwapTotal:       3145724 kB
SwapFree:        3145724 kB
Dirty:              1228 kB
Writeback:             0 kB
AnonPages:       1192924 kB
Mapped:           852352 kB
Shmem:             29776 kB
KReclaimable:     800772 kB
Slab:             222084 kB
SReclaimable:      78284 kB
SUnreclaim:       143800 kB
KernelStack:       46256 kB
PageTables:        62572 kB
NFS_Unstable:          0 kB
Bounce:                0 kB
WritebackTmp:          0 kB
CommitLimit:     9202288 kB
Committed_AS:   66025556 kB
VmallocTotal:   263061440 kB
VmallocUsed:      103184 kB
VmallocChunk:          0 kB
Percpu:             7648 kB
CmaTotal:         294912 kB
CmaFree:               0 kB
MemTotal:       12113132 kB
MemFree:         6212852 kB
MemAvailable:    8027216 kB
Buffers:            7580 kB
Cached:          1908972 kB
SwapCached:            0 kB
Active:          1455824 kB
Inactive:        1648644 kB
Active(anon):    1194376 kB
Inactive(anon):    27796 kB
Active(file):     261448 kB
Inactive(file):  1620848 kB
Unevictable:        5532 kB
Mlocked:            5532 kB
SwapTotal:       3145724 kB
SwapFree:        3145724 kB
Dirty:              1276 kB
Writeback:             0 kB
AnonPages:       1193788 kB
Mapped:           852352 kB
Shmem:             29776 kB
KReclaimable:     800772 kB
Slab:             222084 kB
SReclaimable:      78284 kB
SUnreclaim:       143800 kB
KernelStack:       46240 kB
PageTables:        62556 kB
NFS_Unstable:          0 kB
Bounce:                0 kB
WritebackTmp:          0 kB
CommitLimit:     9202288 kB
Committed_AS:   66025464 kB
VmallocTotal:   263061440 kB
VmallocUsed:      103200 kB
VmallocChunk:          0 kB
Percpu:             7648 kB
CmaTotal:         294912 kB
CmaFree:              16 kB
MemTotal:       12113132 kB
MemFree:         6212088 kB
MemAvailable:    8026472 kB
Buffers:            7580 kB
Cached:          1908992 kB
SwapCached:            0 kB
Active:          1457560 kB
Inactive:        1648664 kB
Active(anon):    1196112 kB
Inactive(anon):    27796 kB
Active(file):     261448 kB
Inactive(file):  1620868 kB
Unevictable:        5532 kB
Mlocked:            5532 kB
SwapTotal:       3145724 kB
SwapFree:        3145724 kB
Dirty:              1308 kB
Writeback:             0 kB
AnonPages:       1194968 kB
Mapped:           852352 kB
Shmem:             29776 kB
KReclaimable:     800772 kB
Slab:             222092 kB
SReclaimable:      78284 kB
SUnreclaim:       143808 kB
KernelStack:       46256 kB
PageTables:        62588 kB
NFS_Unstable:          0 kB
Bounce:                0 kB
WritebackTmp:          0 kB
CommitLimit:     9202288 kB
Committed_AS:   66020764 kB
VmallocTotal:   263061440 kB
VmallocUsed:      103264 kB
VmallocChunk:          0 kB
Percpu:             7648 kB
CmaTotal:         294912 kB
CmaFree:               0 kB
MemTotal:       12113132 kB
MemFree:         6210732 kB
MemAvailable:    8025132 kB
Buffers:            7580 kB
Cached:          1909012 kB
SwapCached:            0 kB
Active:          1458532 kB
Inactive:        1648684 kB
Active(anon):    1197084 kB
Inactive(anon):    27800 kB
Active(file):     261448 kB
Inactive(file):  1620884 kB
Unevictable:        5532 kB
Mlocked:            5532 kB
SwapTotal:       3145724 kB
SwapFree:        3145724 kB
Dirty:              1324 kB
Writeback:             0 kB
AnonPages:       1196196 kB
Mapped:           852356 kB
Shmem:             29780 kB
KReclaimable:     800772 kB
Slab:             222100 kB
SReclaimable:      78284 kB
SUnreclaim:       143816 kB
KernelStack:       46320 kB
PageTables:        62560 kB
NFS_Unstable:          0 kB
Bounce:                0 kB
WritebackTmp:          0 kB
CommitLimit:     9202288 kB
Committed_AS:   66021512 kB
VmallocTotal:   263061440 kB
VmallocUsed:      103248 kB
VmallocChunk:          0 kB
Percpu:             7648 kB
CmaTotal:         294912 kB
CmaFree:               0 kB
MemTotal:       12113132 kB
MemFree:         6209344 kB
MemAvailable:    8023764 kB
Buffers:            7580 kB
Cached:          1909032 kB
SwapCached:            0 kB
Active:          1458808 kB
Inactive:        1648704 kB
Active(anon):    1197360 kB
Inactive(anon):    27800 kB
Active(file):     261448 kB
Inactive(file):  1620904 kB
Unevictable:        5532 kB
Mlocked:            5532 kB
SwapTotal:       3145724 kB
SwapFree:        3145724 kB
Dirty:              1344 kB
Writeback:             0 kB
AnonPages:       1196412 kB
Mapped:           852356 kB
Shmem:             29780 kB
KReclaimable:     800772 kB
Slab:             222100 kB
SReclaimable:      78284 kB
SUnreclaim:       143816 kB
KernelStack:       46288 kB
PageTables:        62552 kB
NFS_Unstable:          0 kB
Bounce:                0 kB
WritebackTmp:          0 kB
CommitLimit:     9202288 kB
Committed_AS:   66026104 kB
VmallocTotal:   263061440 kB
VmallocUsed:      103296 kB
VmallocChunk:          0 kB
Percpu:             7648 kB
CmaTotal:         294912 kB
CmaFree:               0 kB
MemTotal:       12113132 kB
MemFree:         6208472 kB
MemAvailable:    8022900 kB
Buffers:            7580 kB
Cached:          1909040 kB
SwapCached:            0 kB
Active:          1459288 kB
Inactive:        1648712 kB
Active(anon):    1197840 kB
Inactive(anon):    27800 kB
Active(file):     261448 kB
Inactive(file):  1620912 kB
Unevictable:        5532 kB
Mlocked:            5532 kB
SwapTotal:       3145724 kB
SwapFree:        3145724 kB
Dirty:              1164 kB
Writeback:             0 kB
AnonPages:       1197040 kB
Mapped:           852356 kB
Shmem:             29780 kB
KReclaimable:     800772 kB
Slab:             222100 kB
SReclaimable:      78284 kB
SUnreclaim:       143816 kB
KernelStack:       46304 kB
PageTables:        62560 kB
NFS_Unstable:          0 kB
Bounce:                0 kB
WritebackTmp:          0 kB
CommitLimit:     9202288 kB
Committed_AS:   66026324 kB
VmallocTotal:   263061440 kB
VmallocUsed:      103264 kB
VmallocChunk:          0 kB
Percpu:             7648 kB
CmaTotal:         294912 kB
CmaFree:               0 kB
MemTotal:       12113132 kB
MemFree:         6207536 kB
MemAvailable:    8021984 kB
Buffers:            7580 kB
Cached:          1909060 kB
SwapCached:            0 kB
Active:          1459804 kB
Inactive:        1648732 kB
Active(anon):    1198356 kB
Inactive(anon):    27800 kB
Active(file):     261448 kB
Inactive(file):  1620932 kB
Unevictable:        5532 kB
Mlocked:            5532 kB
SwapTotal:       3145724 kB
SwapFree:        3145724 kB
Dirty:              1188 kB
Writeback:             0 kB
AnonPages:       1197568 kB
Mapped:           852356 kB
Shmem:             29780 kB
KReclaimable:     800772 kB
Slab:             222108 kB
SReclaimable:      78284 kB
SUnreclaim:       143824 kB
KernelStack:       46304 kB
PageTables:        62564 kB
NFS_Unstable:          0 kB
Bounce:                0 kB
WritebackTmp:          0 kB
CommitLimit:     9202288 kB
Committed_AS:   66026236 kB
VmallocTotal:   263061440 kB
VmallocUsed:      103264 kB
VmallocChunk:          0 kB
Percpu:             7648 kB
CmaTotal:         294912 kB
CmaFree:               0 kB
MemTotal:       12113132 kB
MemFree:         6206180 kB
MemAvailable:    8020640 kB
Buffers:            7580 kB
Cached:          1909076 kB
SwapCached:            0 kB
Active:          1459544 kB
Inactive:        1648748 kB
Active(anon):    1198096 kB
Inactive(anon):    27804 kB
Active(file):     261448 kB
Inactive(file):  1620944 kB
Unevictable:        5532 kB
Mlocked:            5532 kB
SwapTotal:       3145724 kB
SwapFree:        3145724 kB
Dirty:               928 kB
Writeback:             0 kB
AnonPages:       1197128 kB
Mapped:           852360 kB
Shmem:             29784 kB
KReclaimable:     800772 kB
Slab:             222100 kB
SReclaimable:      78284 kB
SUnreclaim:       143816 kB
KernelStack:       46304 kB
PageTables:        62568 kB
NFS_Unstable:          0 kB
Bounce:                0 kB
WritebackTmp:          0 kB
CommitLimit:     9202288 kB
Committed_AS:   66025972 kB
VmallocTotal:   263061440 kB
VmallocUsed:      103264 kB
VmallocChunk:          0 kB
Percpu:             7648 kB
CmaTotal:         294912 kB
CmaFree:               0 kB
MemTotal:       12113132 kB
MemFree:         6205824 kB
MemAvailable:    8020308 kB
Buffers:            7580 kB
Cached:          1909100 kB
SwapCached:            0 kB
Active:          1460748 kB
Inactive:        1648772 kB
Active(anon):    1199300 kB
Inactive(anon):    27804 kB
Active(file):     261448 kB
Inactive(file):  1620968 kB
Unevictable:        5532 kB
Mlocked:            5532 kB
SwapTotal:       3145724 kB
SwapFree:        3145724 kB
Dirty:               996 kB
Writeback:             0 kB
AnonPages:       1198504 kB
Mapped:           852360 kB
Shmem:             29784 kB
KReclaimable:     800772 kB
Slab:             222092 kB
SReclaimable:      78284 kB
SUnreclaim:       143808 kB
KernelStack:       46304 kB
PageTables:        62560 kB
NFS_Unstable:          0 kB
Bounce:                0 kB
WritebackTmp:          0 kB
CommitLimit:     9202288 kB
Committed_AS:   66031296 kB
VmallocTotal:   263061440 kB
VmallocUsed:      103312 kB
VmallocChunk:          0 kB
Percpu:             7648 kB
CmaTotal:         294912 kB
CmaFree:               0 kB
MemTotal:       12113132 kB
MemFree:         6205492 kB
MemAvailable:    8019984 kB
Buffers:            7580 kB
Cached:          1909108 kB
SwapCached:            0 kB
Active:          1461032 kB
Inactive:        1648780 kB
Active(anon):    1199584 kB
Inactive(anon):    27804 kB
Active(file):     261448 kB
Inactive(file):  1620976 kB
Unevictable:        5532 kB
Mlocked:            5532 kB
SwapTotal:       3145724 kB
SwapFree:        3145724 kB
Dirty:              1004 kB
Writeback:             0 kB
AnonPages:       1198764 kB
Mapped:           852360 kB
Shmem:             29784 kB
KReclaimable:     800772 kB
Slab:             222084 kB
SReclaimable:      78284 kB
SUnreclaim:       143800 kB
KernelStack:       46256 kB
PageTables:        62568 kB
NFS_Unstable:          0 kB
Bounce:                0 kB
WritebackTmp:          0 kB
CommitLimit:     9202288 kB
Committed_AS:   66031780 kB
VmallocTotal:   263061440 kB
VmallocUsed:      103296 kB
VmallocChunk:          0 kB
Percpu:             7648 kB
CmaTotal:         294912 kB
CmaFree:               0 kB
MemTotal:       12113132 kB
MemFree:         6205360 kB
MemAvailable:    8019876 kB
Buffers:            7580 kB
Cached:          1909132 kB
SwapCached:            0 kB
Active:          1461468 kB
Inactive:        1648808 kB
Active(anon):    1200024 kB
Inactive(anon):    27804 kB
Active(file):     261444 kB
Inactive(file):  1621004 kB
Unevictable:        5532 kB
Mlocked:            5532 kB
SwapTotal:       3145724 kB
SwapFree:        3145724 kB
Dirty:               320 kB
Writeback:             0 kB
AnonPages:       1199272 kB
Mapped:           852360 kB
Shmem:             29784 kB
KReclaimable:     800772 kB
Slab:             222100 kB
SReclaimable:      78284 kB
SUnreclaim:       143816 kB
KernelStack:       46256 kB
PageTables:        62568 kB
NFS_Unstable:          0 kB
Bounce:                0 kB
WritebackTmp:          0 kB
CommitLimit:     9202288 kB
Committed_AS:   66031340 kB
VmallocTotal:   263061440 kB
VmallocUsed:      103280 kB
VmallocChunk:          0 kB
Percpu:             7648 kB
CmaTotal:         294912 kB
CmaFree:               0 kB
MemTotal:       12113132 kB
MemFree:         6204952 kB
MemAvailable:    8019492 kB
Buffers:            7580 kB
Cached:          1909156 kB
SwapCached:            0 kB
Active:          1461244 kB
Inactive:        1648828 kB
Active(anon):    1199796 kB
Inactive(anon):    27804 kB
Active(file):     261448 kB
Inactive(file):  1621024 kB
Unevictable:        5532 kB
Mlocked:            5532 kB
SwapTotal:       3145724 kB
SwapFree:        3145724 kB
Dirty:               412 kB
Writeback:             0 kB
AnonPages:       1198796 kB
Mapped:           852360 kB
Shmem:             29784 kB
KReclaimable:     800772 kB
Slab:             222100 kB
SReclaimable:      78284 kB
SUnreclaim:       143816 kB
KernelStack:       46256 kB
PageTables:        62552 kB
NFS_Unstable:          0 kB
Bounce:                0 kB
WritebackTmp:          0 kB
CommitLimit:     9202288 kB
Committed_AS:   66031720 kB
VmallocTotal:   263061440 kB
VmallocUsed:      103264 kB
VmallocChunk:          0 kB
Percpu:             7648 kB
CmaTotal:         294912 kB
CmaFree:               0 kB
MemTotal:       12113132 kB
MemFree:         6210040 kB
MemAvailable:    8024596 kB
Buffers:            7580 kB
Cached:          1909172 kB
SwapCached:            0 kB
Active:          1455428 kB
Inactive:        1648844 kB
Active(anon):    1193980 kB
Inactive(anon):    27804 kB
Active(file):     261448 kB
Inactive(file):  1621040 kB
Unevictable:        5532 kB
Mlocked:            5532 kB
SwapTotal:       3145724 kB
SwapFree:        3145724 kB
Dirty:               432 kB
Writeback:             0 kB
AnonPages:       1193300 kB
Mapped:           852360 kB
Shmem:             29784 kB
KReclaimable:     800772 kB
Slab:             222100 kB
SReclaimable:      78284 kB
SUnreclaim:       143816 kB
KernelStack:       46320 kB
PageTables:        62564 kB
NFS_Unstable:          0 kB
Bounce:                0 kB
WritebackTmp:          0 kB
CommitLimit:     9202288 kB
Committed_AS:   66031728 kB
VmallocTotal:   263061440 kB
VmallocUsed:      103296 kB
VmallocChunk:          0 kB
Percpu:             7648 kB
CmaTotal:         294912 kB
CmaFree:             128 kB
MemTotal:       12113132 kB
MemFree:         6212840 kB
MemAvailable:    8027412 kB
Buffers:            7580 kB
Cached:          1909188 kB
SwapCached:            0 kB
Active:          1452596 kB
Inactive:        1648860 kB
Active(anon):    1191148 kB
Inactive(anon):    27804 kB
Active(file):     261448 kB
Inactive(file):  1621056 kB
Unevictable:        5532 kB
Mlocked:            5532 kB
SwapTotal:       3145724 kB
SwapFree:        3145724 kB
Dirty:               452 kB
Writeback:             0 kB
AnonPages:       1190392 kB
Mapped:           852360 kB
Shmem:             29784 kB
KReclaimable:     800772 kB
Slab:             222100 kB
SReclaimable:      78284 kB
SUnreclaim:       143816 kB
KernelStack:       46320 kB
PageTables:        62560 kB
NFS_Unstable:          0 kB
Bounce:                0 kB
WritebackTmp:          0 kB
CommitLimit:     9202288 kB
Committed_AS:   66031596 kB
VmallocTotal:   263061440 kB
VmallocUsed:      103312 kB
VmallocChunk:          0 kB
Percpu:             7648 kB
CmaTotal:         294912 kB
CmaFree:               0 kB
MemTotal:       12113132 kB
MemFree:         6212784 kB
MemAvailable:    8027372 kB
Buffers:            7580 kB
Cached:          1909204 kB
SwapCached:            0 kB
Active:          1453156 kB
Inactive:        1648876 kB
Active(anon):    1191708 kB
Inactive(anon):    27804 kB
Active(file):     261448 kB
Inactive(file):  1621072 kB
Unevictable:        5532 kB
Mlocked:            5532 kB
SwapTotal:       3145724 kB
SwapFree:        3145724 kB
Dirty:               480 kB
Writeback:             0 kB
AnonPages:       1190756 kB
Mapped:           852360 kB
Shmem:             29784 kB
KReclaimable:     800772 kB
Slab:             222084 kB
SReclaimable:      78284 kB
SUnreclaim:       143800 kB
KernelStack:       46320 kB
PageTables:        62560 kB
NFS_Unstable:          0 kB
Bounce:                0 kB
WritebackTmp:          0 kB
CommitLimit:     9202288 kB
Committed_AS:   66031816 kB
VmallocTotal:   263061440 kB
VmallocUsed:      103312 kB
VmallocChunk:          0 kB
Percpu:             7648 kB
CmaTotal:         294912 kB
CmaFree:               0 kB
MemTotal:       12113132 kB
MemFree:         6212420 kB
MemAvailable:    8027028 kB
Buffers:            7580 kB
Cached:          1909224 kB
SwapCached:            0 kB
Active:          1453748 kB
Inactive:        1648896 kB
Active(anon):    1192300 kB
Inactive(anon):    27804 kB
Active(file):     261448 kB
Inactive(file):  1621092 kB
Unevictable:        5532 kB
Mlocked:            5532 kB
SwapTotal:       3145724 kB
SwapFree:        3145724 kB
Dirty:               464 kB
Writeback:             0 kB
AnonPages:       1191500 kB
Mapped:           852360 kB
Shmem:             29784 kB
KReclaimable:     800772 kB
Slab:             222100 kB
SReclaimable:      78284 kB
SUnreclaim:       143816 kB
KernelStack:       46256 kB
PageTables:        62492 kB
NFS_Unstable:          0 kB
Bounce:                0 kB
WritebackTmp:          0 kB
CommitLimit:     9202288 kB
Committed_AS:   66026252 kB
VmallocTotal:   263061440 kB
VmallocUsed:      103280 kB
VmallocChunk:          0 kB
Percpu:             7648 kB
CmaTotal:         294912 kB
CmaFree:              24 kB
MemTotal:       12113132 kB
MemFree:         6212372 kB
MemAvailable:    8027016 kB
Buffers:            7584 kB
Cached:          1909256 kB
SwapCached:            0 kB
Active:          1454136 kB
Inactive:        1648928 kB
Active(anon):    1192684 kB
Inactive(anon):    27804 kB
Active(file):     261452 kB
Inactive(file):  1621124 kB
Unevictable:        5532 kB
Mlocked:            5532 kB
SwapTotal:       3145724 kB
SwapFree:        3145724 kB
Dirty:               504 kB
Writeback:             0 kB
AnonPages:       1191796 kB
Mapped:           852360 kB
Shmem:             29784 kB
KReclaimable:     800772 kB
Slab:             222092 kB
SReclaimable:      78284 kB
SUnreclaim:       143808 kB
KernelStack:       46288 kB
PageTables:        62532 kB
NFS_Unstable:          0 kB
Bounce:                0 kB
WritebackTmp:          0 kB
CommitLimit:     9202288 kB
Committed_AS:   66027228 kB
VmallocTotal:   263061440 kB
VmallocUsed:      103248 kB
VmallocChunk:          0 kB
Percpu:             7648 kB
CmaTotal:         294912 kB
CmaFree:               0 kB
MemTotal:       12113132 kB
MemFree:         6172904 kB
MemAvailable:    7987552 kB
Buffers:            7584 kB
Cached:          1918080 kB
SwapCached:            0 kB
Active:          1487908 kB
Inactive:        1657748 kB
Active(anon):    1226452 kB
Inactive(anon):    36624 kB
Active(file):     261456 kB
Inactive(file):  1621124 kB
Unevictable:        5532 kB
Mlocked:            5532 kB
SwapTotal:       3145724 kB
SwapFree:        3145724 kB
Dirty:               544 kB
Writeback:             0 kB
AnonPages:       1225740 kB
Mapped:           861180 kB
Shmem:             38604 kB
KReclaimable:     800772 kB
Slab:             222100 kB
SReclaimable:      78284 kB
SUnreclaim:       143816 kB
KernelStack:       46272 kB
PageTables:        62604 kB
NFS_Unstable:          0 kB
Bounce:                0 kB
WritebackTmp:          0 kB
CommitLimit:     9202288 kB
Committed_AS:   66040992 kB
VmallocTotal:   263061440 kB
VmallocUsed:      103264 kB
VmallocChunk:          0 kB
Percpu:             7648 kB
CmaTotal:         294912 kB
CmaFree:               0 kB
MemTotal:       12113132 kB
MemFree:         6179668 kB
MemAvailable:    7994328 kB
Buffers:            7584 kB
Cached:          1909276 kB
SwapCached:            0 kB
Active:          1490092 kB
Inactive:        1648948 kB
Active(anon):    1228640 kB
Inactive(anon):    27808 kB
Active(file):     261452 kB
Inactive(file):  1621140 kB
Unevictable:        5532 kB
Mlocked:            5532 kB
SwapTotal:       3145724 kB
SwapFree:        3145724 kB
Dirty:               560 kB
Writeback:             0 kB
AnonPages:       1227884 kB
Mapped:           852364 kB
Shmem:             29788 kB
KReclaimable:     800772 kB
Slab:             222100 kB
SReclaimable:      78284 kB
SUnreclaim:       143816 kB
KernelStack:       46272 kB
PageTables:        62560 kB
NFS_Unstable:          0 kB
Bounce:                0 kB
WritebackTmp:          0 kB
CommitLimit:     9202288 kB
Committed_AS:   66037128 kB
VmallocTotal:   263061440 kB
VmallocUsed:      103296 kB
VmallocChunk:          0 kB
Percpu:             7648 kB
CmaTotal:         294912 kB
CmaFree:               0 kB
MemTotal:       12113132 kB
MemFree:         6179372 kB
MemAvailable:    7994044 kB
Buffers:            7584 kB
Cached:          1909288 kB
SwapCached:            0 kB
Active:          1490412 kB
Inactive:        1648960 kB
Active(anon):    1228960 kB
Inactive(anon):    27808 kB
Active(file):     261452 kB
Inactive(file):  1621152 kB
Unevictable:        5532 kB
Mlocked:            5532 kB
SwapTotal:       3145724 kB
SwapFree:        3145724 kB
Dirty:               576 kB
Writeback:             0 kB
AnonPages:       1228112 kB
Mapped:           852364 kB
Shmem:             29788 kB
KReclaimable:     800772 kB
Slab:             222092 kB
SReclaimable:      78284 kB
SUnreclaim:       143808 kB
KernelStack:       46288 kB
PageTables:        62556 kB
NFS_Unstable:          0 kB
Bounce:                0 kB
WritebackTmp:          0 kB
CommitLimit:     9202288 kB
Committed_AS:   66031996 kB
VmallocTotal:   263061440 kB
VmallocUsed:      103312 kB
VmallocChunk:          0 kB
Percpu:             7648 kB
CmaTotal:         294912 kB
CmaFree:               0 kB
MemTotal:       12113132 kB
MemFree:         6178516 kB
MemAvailable:    7993204 kB
Buffers:            7584 kB
Cached:          1909304 kB
SwapCached:            0 kB
Active:          1490740 kB
Inactive:        1648976 kB
Active(anon):    1229288 kB
Inactive(anon):    27808 kB
Active(file):     261452 kB
Inactive(file):  1621168 kB
Unevictable:        5532 kB
Mlocked:            5532 kB
SwapTotal:       3145724 kB
SwapFree:        3145724 kB
Dirty:               540 kB
Writeback:             0 kB
AnonPages:       1228532 kB
Mapped:           852364 kB
Shmem:             29788 kB
KReclaimable:     800772 kB
Slab:             222092 kB
SReclaimable:      78284 kB
SUnreclaim:       143808 kB
KernelStack:       46288 kB
PageTables:        62560 kB
NFS_Unstable:          0 kB
Bounce:                0 kB
WritebackTmp:          0 kB
CommitLimit:     9202288 kB
Committed_AS:   66042988 kB
VmallocTotal:   263061440 kB
VmallocUsed:      103328 kB
VmallocChunk:          0 kB
Percpu:             7648 kB
CmaTotal:         294912 kB
CmaFree:               0 kB
MemTotal:       12113132 kB
MemFree:         6177396 kB
MemAvailable:    7992108 kB
Buffers:            7584 kB
Cached:          1909328 kB
SwapCached:            0 kB
Active:          1491480 kB
Inactive:        1649000 kB
Active(anon):    1230028 kB
Inactive(anon):    27808 kB
Active(file):     261452 kB
Inactive(file):  1621192 kB
Unevictable:        5532 kB
Mlocked:            5532 kB
SwapTotal:       3145724 kB
SwapFree:        3145724 kB
Dirty:               568 kB
Writeback:             0 kB
AnonPages:       1229304 kB
Mapped:           852472 kB
Shmem:             29788 kB
KReclaimable:     800772 kB
Slab:             222084 kB
SReclaimable:      78284 kB
SUnreclaim:       143800 kB
KernelStack:       46304 kB
PageTables:        62680 kB
NFS_Unstable:          0 kB
Bounce:                0 kB
WritebackTmp:          0 kB
CommitLimit:     9202288 kB
Committed_AS:   66026808 kB
VmallocTotal:   263061440 kB
VmallocUsed:      103312 kB
VmallocChunk:          0 kB
Percpu:             7648 kB
CmaTotal:         294912 kB
CmaFree:               0 kB
MemTotal:       12113132 kB
MemFree:         6176592 kB
MemAvailable:    7991316 kB
Buffers:            7584 kB
Cached:          1909340 kB
SwapCached:            0 kB
Active:          1492728 kB
Inactive:        1649012 kB
Active(anon):    1231276 kB
Inactive(anon):    27808 kB
Active(file):     261452 kB
Inactive(file):  1621204 kB
Unevictable:        5532 kB
Mlocked:            5532 kB
SwapTotal:       3145724 kB
SwapFree:        3145724 kB
Dirty:               584 kB
Writeback:             0 kB
AnonPages:       1230512 kB
Mapped:           852364 kB
Shmem:             29788 kB
KReclaimable:     800772 kB
Slab:             222100 kB
SReclaimable:      78284 kB
SUnreclaim:       143816 kB
KernelStack:       46288 kB
PageTables:        62564 kB
NFS_Unstable:          0 kB
Bounce:                0 kB
WritebackTmp:          0 kB
CommitLimit:     9202288 kB
Committed_AS:   66036548 kB
VmallocTotal:   263061440 kB
VmallocUsed:      103328 kB
VmallocChunk:          0 kB
Percpu:             7648 kB
CmaTotal:         294912 kB
CmaFree:               0 kB
MemTotal:       12113132 kB
MemFree:         6173948 kB
MemAvailable:    7988688 kB
Buffers:            7584 kB
Cached:          1909356 kB
SwapCached:            0 kB
Active:          1493760 kB
Inactive:        1649024 kB
Active(anon):    1232304 kB
Inactive(anon):    27808 kB
Active(file):     261456 kB
Inactive(file):  1621216 kB
Unevictable:        5532 kB
Mlocked:            5532 kB
SwapTotal:       3145724 kB
SwapFree:        3145724 kB
Dirty:               644 kB
Writeback:             0 kB
AnonPages:       1231284 kB
Mapped:           852364 kB
Shmem:             29788 kB
KReclaimable:     800772 kB
Slab:             222076 kB
SReclaimable:      78284 kB
SUnreclaim:       143792 kB
KernelStack:       46288 kB
PageTables:        62516 kB
NFS_Unstable:          0 kB
Bounce:                0 kB
WritebackTmp:          0 kB
CommitLimit:     9202288 kB
Committed_AS:   66036640 kB
VmallocTotal:   263061440 kB
VmallocUsed:      103280 kB
VmallocChunk:          0 kB
Percpu:             7648 kB
CmaTotal:         294912 kB
CmaFree:               0 kB
MemTotal:       12113132 kB
MemFree:         6172924 kB
MemAvailable:    7987676 kB
Buffers:            7584 kB
Cached:          1909368 kB
SwapCached:            0 kB
Active:          1494172 kB
Inactive:        1649036 kB
Active(anon):    1232716 kB
Inactive(anon):    27808 kB
Active(file):     261456 kB
Inactive(file):  1621228 kB
Unevictable:        5532 kB
Mlocked:            5532 kB
SwapTotal:       3145724 kB
SwapFree:        3145724 kB
Dirty:               656 kB
Writeback:             0 kB
AnonPages:       1231936 kB
Mapped:           852364 kB
Shmem:             29788 kB
KReclaimable:     800772 kB
Slab:             222092 kB
SReclaimable:      78284 kB
SUnreclaim:       143808 kB
KernelStack:       46288 kB
PageTables:        62564 kB
NFS_Unstable:          0 kB
Bounce:                0 kB
WritebackTmp:          0 kB
CommitLimit:     9202288 kB
Committed_AS:   66036280 kB
VmallocTotal:   263061440 kB
VmallocUsed:      103344 kB
VmallocChunk:          0 kB
Percpu:             7648 kB
CmaTotal:         294912 kB
CmaFree:               0 kB
MemTotal:       12113132 kB
MemFree:         6172696 kB
MemAvailable:    7987468 kB
Buffers:            7584 kB
Cached:          1909388 kB
SwapCached:            0 kB
Active:          1494552 kB
Inactive:        1649056 kB
Active(anon):    1233096 kB
Inactive(anon):    27808 kB
Active(file):     261456 kB
Inactive(file):  1621248 kB
Unevictable:        5532 kB
Mlocked:            5532 kB
SwapTotal:       3145724 kB
SwapFree:        3145724 kB
Dirty:               448 kB
Writeback:             0 kB
AnonPages:       1232272 kB
Mapped:           852364 kB
Shmem:             29788 kB
KReclaimable:     800772 kB
Slab:             222092 kB
SReclaimable:      78284 kB
SUnreclaim:       143808 kB
KernelStack:       46288 kB
PageTables:        62564 kB
NFS_Unstable:          0 kB
Bounce:                0 kB
WritebackTmp:          0 kB
CommitLimit:     9202288 kB
Committed_AS:   66027012 kB
VmallocTotal:   263061440 kB
VmallocUsed:      103280 kB
VmallocChunk:          0 kB
Percpu:             7648 kB
CmaTotal:         294912 kB
CmaFree:               0 kB
MemTotal:       12113132 kB
MemFree:         6171596 kB
MemAvailable:    7986376 kB
Buffers:            7584 kB
Cached:          1909396 kB
SwapCached:            0 kB
Active:          1495112 kB
Inactive:        1649064 kB
Active(anon):    1233656 kB
Inactive(anon):    27808 kB
Active(file):     261456 kB
Inactive(file):  1621256 kB
Unevictable:        5532 kB
Mlocked:            5532 kB
SwapTotal:       3145724 kB
SwapFree:        3145724 kB
Dirty:               360 kB
Writeback:             0 kB
AnonPages:       1232812 kB
Mapped:           852364 kB
Shmem:             29788 kB
KReclaimable:     800772 kB
Slab:             222092 kB
SReclaimable:      78284 kB
SUnreclaim:       143808 kB
KernelStack:       46304 kB
PageTables:        62684 kB
NFS_Unstable:          0 kB
Bounce:                0 kB
WritebackTmp:          0 kB
CommitLimit:     9202288 kB
Committed_AS:   66031708 kB
VmallocTotal:   263061440 kB
VmallocUsed:      103296 kB
VmallocChunk:          0 kB
Percpu:             7648 kB
CmaTotal:         294912 kB
CmaFree:               0 kB
MemTotal:       12113132 kB
MemFree:         6171280 kB
MemAvailable:    7986084 kB
Buffers:            7584 kB
Cached:          1909424 kB
SwapCached:            0 kB
Active:          1496400 kB
Inactive:        1649092 kB
Active(anon):    1234944 kB
Inactive(anon):    27812 kB
Active(file):     261456 kB
Inactive(file):  1621280 kB
Unevictable:        5532 kB
Mlocked:            5532 kB
SwapTotal:       3145724 kB
SwapFree:        3145724 kB
Dirty:               384 kB
Writeback:             0 kB
AnonPages:       1234276 kB
Mapped:           852368 kB
Shmem:             29792 kB
KReclaimable:     800772 kB
Slab:             222092 kB
SReclaimable:      78284 kB
SUnreclaim:       143808 kB
KernelStack:       46288 kB
PageTables:        62568 kB
NFS_Unstable:          0 kB
Bounce:                0 kB
WritebackTmp:          0 kB
CommitLimit:     9202288 kB
Committed_AS:   66027032 kB
VmallocTotal:   263061440 kB
VmallocUsed:      103264 kB
VmallocChunk:          0 kB
Percpu:             7648 kB
CmaTotal:         294912 kB
CmaFree:               0 kB
MemTotal:       12113132 kB
MemFree:         6171784 kB
MemAvailable:    7986596 kB
Buffers:            7584 kB
Cached:          1909432 kB
SwapCached:            0 kB
Active:          1497048 kB
Inactive:        1649100 kB
Active(anon):    1235592 kB
Inactive(anon):    27812 kB
Active(file):     261456 kB
Inactive(file):  1621288 kB
Unevictable:        5532 kB
Mlocked:            5532 kB
SwapTotal:       3145724 kB
SwapFree:        3145724 kB
Dirty:               408 kB
Writeback:             0 kB
AnonPages:       1234480 kB
Mapped:           852368 kB
Shmem:             29792 kB
KReclaimable:     800772 kB
Slab:             222092 kB
SReclaimable:      78284 kB
SUnreclaim:       143808 kB
KernelStack:       46288 kB
PageTables:        62560 kB
NFS_Unstable:          0 kB
Bounce:                0 kB
WritebackTmp:          0 kB
CommitLimit:     9202288 kB
Committed_AS:   66026900 kB
VmallocTotal:   263061440 kB
VmallocUsed:      103264 kB
VmallocChunk:          0 kB
Percpu:             7648 kB
CmaTotal:         294912 kB
CmaFree:               0 kB
MemTotal:       12113132 kB
MemFree:         6170280 kB
MemAvailable:    7985116 kB
Buffers:            7584 kB
Cached:          1909456 kB
SwapCached:            0 kB
Active:          1498192 kB
Inactive:        1649124 kB
Active(anon):    1236736 kB
Inactive(anon):    27812 kB
Active(file):     261456 kB
Inactive(file):  1621312 kB
Unevictable:        5532 kB
Mlocked:            5532 kB
SwapTotal:       3145724 kB
SwapFree:        3145724 kB
Dirty:               500 kB
Writeback:             0 kB
AnonPages:       1235940 kB
Mapped:           852368 kB
Shmem:             29792 kB
KReclaimable:     800772 kB
Slab:             222124 kB
SReclaimable:      78284 kB
SUnreclaim:       143840 kB
KernelStack:       46288 kB
PageTables:        62560 kB
NFS_Unstable:          0 kB
Bounce:                0 kB
WritebackTmp:          0 kB
CommitLimit:     9202288 kB
Committed_AS:   66033876 kB
VmallocTotal:   263061440 kB
VmallocUsed:      103328 kB
VmallocChunk:          0 kB
Percpu:             7648 kB
CmaTotal:         294912 kB
CmaFree:               0 kB
MemTotal:       12113132 kB
MemFree:         6167652 kB
MemAvailable:    7982492 kB
Buffers:            7588 kB
Cached:          1909456 kB
SwapCached:            0 kB
Active:          1498624 kB
Inactive:        1649132 kB
Active(anon):    1237172 kB
Inactive(anon):    27812 kB
Active(file):     261452 kB
Inactive(file):  1621320 kB
Unevictable:        5532 kB
Mlocked:            5532 kB
SwapTotal:       3145724 kB
SwapFree:        3145724 kB
Dirty:               504 kB
Writeback:             0 kB
AnonPages:       1236276 kB
Mapped:           852368 kB
Shmem:             29792 kB
KReclaimable:     800772 kB
Slab:             222084 kB
SReclaimable:      78284 kB
SUnreclaim:       143800 kB
KernelStack:       46288 kB
PageTables:        62560 kB
NFS_Unstable:          0 kB
Bounce:                0 kB
WritebackTmp:          0 kB
CommitLimit:     9202288 kB
Committed_AS:   66028876 kB
VmallocTotal:   263061440 kB
VmallocUsed:      103328 kB
VmallocChunk:          0 kB
Percpu:             7648 kB
CmaTotal:         294912 kB
CmaFree:               0 kB
MemTotal:       12113132 kB
MemFree:         6181516 kB
MemAvailable:    7996384 kB
Buffers:            7588 kB
Cached:          1909484 kB
SwapCached:            0 kB
Active:          1484796 kB
Inactive:        1649152 kB
Active(anon):    1223336 kB
Inactive(anon):    27812 kB
Active(file):     261460 kB
Inactive(file):  1621340 kB
Unevictable:        5532 kB
Mlocked:            5532 kB
SwapTotal:       3145724 kB
SwapFree:        3145724 kB
Dirty:               336 kB
Writeback:             0 kB
AnonPages:       1222276 kB
Mapped:           852368 kB
Shmem:             29792 kB
KReclaimable:     800772 kB
Slab:             222092 kB
SReclaimable:      78284 kB
SUnreclaim:       143808 kB
KernelStack:       46288 kB
PageTables:        62560 kB
NFS_Unstable:          0 kB
Bounce:                0 kB
WritebackTmp:          0 kB
CommitLimit:     9202288 kB
Committed_AS:   66036924 kB
VmallocTotal:   263061440 kB
VmallocUsed:      103344 kB
VmallocChunk:          0 kB
Percpu:             7648 kB
CmaTotal:         294912 kB
CmaFree:             444 kB
MemTotal:       12113132 kB
MemFree:         6180784 kB
MemAvailable:    7995668 kB
Buffers:            7588 kB
Cached:          1909500 kB
SwapCached:            0 kB
Active:          1485456 kB
Inactive:        1649168 kB
Active(anon):    1223996 kB
Inactive(anon):    27812 kB
Active(file):     261460 kB
Inactive(file):  1621356 kB
Unevictable:        5532 kB
Mlocked:            5532 kB
SwapTotal:       3145724 kB
SwapFree:        3145724 kB
Dirty:               392 kB
Writeback:             0 kB
AnonPages:       1222588 kB
Mapped:           852368 kB
Shmem:             29792 kB
KReclaimable:     800772 kB
Slab:             222100 kB
SReclaimable:      78284 kB
SUnreclaim:       143816 kB
KernelStack:       46288 kB
PageTables:        62556 kB
NFS_Unstable:          0 kB
Bounce:                0 kB
WritebackTmp:          0 kB
CommitLimit:     9202288 kB
Committed_AS:   66036672 kB
VmallocTotal:   263061440 kB
VmallocUsed:      103280 kB
VmallocChunk:          0 kB
Percpu:             7648 kB
CmaTotal:         294912 kB
CmaFree:               0 kB
MemTotal:       12113132 kB
MemFree:         6180968 kB
MemAvailable:    7995872 kB
Buffers:            7588 kB
Cached:          1909524 kB
SwapCached:            0 kB
Active:          1485896 kB
Inactive:        1649192 kB
Active(anon):    1224436 kB
Inactive(anon):    27816 kB
Active(file):     261460 kB
Inactive(file):  1621376 kB
Unevictable:        5532 kB
Mlocked:            5532 kB
SwapTotal:       3145724 kB
SwapFree:        3145724 kB
Dirty:               416 kB
Writeback:             0 kB
AnonPages:       1223632 kB
Mapped:           852372 kB
Shmem:             29796 kB
KReclaimable:     800772 kB
Slab:             222084 kB
SReclaimable:      78284 kB
SUnreclaim:       143800 kB
KernelStack:       46288 kB
PageTables:        62564 kB
NFS_Unstable:          0 kB
Bounce:                0 kB
WritebackTmp:          0 kB
CommitLimit:     9202288 kB
Committed_AS:   66036320 kB
VmallocTotal:   263061440 kB
VmallocUsed:      103296 kB
VmallocChunk:          0 kB
Percpu:             7648 kB
CmaTotal:         294912 kB
CmaFree:               0 kB
MemTotal:       12113132 kB
MemFree:         6188144 kB
MemAvailable:    8003060 kB
Buffers:            7588 kB
Cached:          1909536 kB
SwapCached:            0 kB
Active:          1477468 kB
Inactive:        1649204 kB
Active(anon):    1216008 kB
Inactive(anon):    27816 kB
Active(file):     261460 kB
Inactive(file):  1621388 kB
Unevictable:        5532 kB
Mlocked:            5532 kB
SwapTotal:       3145724 kB
SwapFree:        3145724 kB
Dirty:               428 kB
Writeback:             0 kB
AnonPages:       1215220 kB
Mapped:           852372 kB
Shmem:             29796 kB
KReclaimable:     800772 kB
Slab:             222100 kB
SReclaimable:      78284 kB
SUnreclaim:       143816 kB
KernelStack:       46288 kB
PageTables:        62552 kB
NFS_Unstable:          0 kB
Bounce:                0 kB
WritebackTmp:          0 kB
CommitLimit:     9202288 kB
Committed_AS:   66031864 kB
VmallocTotal:   263061440 kB
VmallocUsed:      103328 kB
VmallocChunk:          0 kB
Percpu:             7648 kB
CmaTotal:         294912 kB
CmaFree:               0 kB
MemTotal:       12113132 kB
MemFree:         6188112 kB
MemAvailable:    8003044 kB
Buffers:            7588 kB
Cached:          1909552 kB
SwapCached:            0 kB
Active:          1478472 kB
Inactive:        1649220 kB
Active(anon):    1217012 kB
Inactive(anon):    27816 kB
Active(file):     261460 kB
Inactive(file):  1621404 kB
Unevictable:        5532 kB
Mlocked:            5532 kB
SwapTotal:       3145724 kB
SwapFree:        3145724 kB
Dirty:               460 kB
Writeback:             0 kB
AnonPages:       1216292 kB
Mapped:           852372 kB
Shmem:             29796 kB
KReclaimable:     800772 kB
Slab:             222092 kB
SReclaimable:      78284 kB
SUnreclaim:       143808 kB
KernelStack:       46288 kB
PageTables:        62564 kB
NFS_Unstable:          0 kB
Bounce:                0 kB
WritebackTmp:          0 kB
CommitLimit:     9202288 kB
Committed_AS:   66031728 kB
VmallocTotal:   263061440 kB
VmallocUsed:      103312 kB
VmallocChunk:          0 kB
Percpu:             7648 kB
CmaTotal:         294912 kB
CmaFree:               0 kB
MemTotal:       12113132 kB
MemFree:         6187220 kB
MemAvailable:    8002172 kB
Buffers:            7588 kB
Cached:          1909572 kB
SwapCached:            0 kB
Active:          1478992 kB
Inactive:        1649240 kB
Active(anon):    1217532 kB
Inactive(anon):    27816 kB
Active(file):     261460 kB
Inactive(file):  1621424 kB
Unevictable:        5532 kB
Mlocked:            5532 kB
SwapTotal:       3145724 kB
SwapFree:        3145724 kB
Dirty:               480 kB
Writeback:             0 kB
AnonPages:       1216568 kB
Mapped:           852372 kB
Shmem:             29796 kB
KReclaimable:     800772 kB
Slab:             222092 kB
SReclaimable:      78284 kB
SUnreclaim:       143808 kB
KernelStack:       46288 kB
PageTables:        62556 kB
NFS_Unstable:          0 kB
Bounce:                0 kB
WritebackTmp:          0 kB
CommitLimit:     9202288 kB
Committed_AS:   66031296 kB
VmallocTotal:   263061440 kB
VmallocUsed:      103328 kB
VmallocChunk:          0 kB
Percpu:             7648 kB
CmaTotal:         294912 kB
CmaFree:               0 kB
MemTotal:       12113132 kB
MemFree:         6188828 kB
MemAvailable:    8003792 kB
Buffers:            7588 kB
Cached:          1909584 kB
SwapCached:            0 kB
Active:          1477556 kB
Inactive:        1649252 kB
Active(anon):    1216096 kB
Inactive(anon):    27816 kB
Active(file):     261460 kB
Inactive(file):  1621436 kB
Unevictable:        5532 kB
Mlocked:            5532 kB
SwapTotal:       3145724 kB
SwapFree:        3145724 kB
Dirty:               500 kB
Writeback:             0 kB
AnonPages:       1215028 kB
Mapped:           852372 kB
Shmem:             29796 kB
KReclaimable:     800772 kB
Slab:             222100 kB
SReclaimable:      78284 kB
SUnreclaim:       143816 kB
KernelStack:       46288 kB
PageTables:        62568 kB
NFS_Unstable:          0 kB
Bounce:                0 kB
WritebackTmp:          0 kB
CommitLimit:     9202288 kB
Committed_AS:   66037020 kB
VmallocTotal:   263061440 kB
VmallocUsed:      103296 kB
VmallocChunk:          0 kB
Percpu:             7648 kB
CmaTotal:         294912 kB
CmaFree:             176 kB
MemTotal:       12113132 kB
MemFree:         6187508 kB
MemAvailable:    8002484 kB
Buffers:            7588 kB
Cached:          1909596 kB
SwapCached:            0 kB
Active:          1477652 kB
Inactive:        1649264 kB
Active(anon):    1216192 kB
Inactive(anon):    27816 kB
Active(file):     261460 kB
Inactive(file):  1621448 kB
Unevictable:        5532 kB
Mlocked:            5532 kB
SwapTotal:       3145724 kB
SwapFree:        3145724 kB
Dirty:               524 kB
Writeback:             0 kB
AnonPages:       1215324 kB
Mapped:           852372 kB
Shmem:             29796 kB
KReclaimable:     800772 kB
Slab:             222100 kB
SReclaimable:      78284 kB
SUnreclaim:       143816 kB
KernelStack:       46288 kB
PageTables:        62556 kB
NFS_Unstable:          0 kB
Bounce:                0 kB
WritebackTmp:          0 kB
CommitLimit:     9202288 kB
Committed_AS:   66036712 kB
VmallocTotal:   263061440 kB
VmallocUsed:      103312 kB
VmallocChunk:          0 kB
Percpu:             7648 kB
CmaTotal:         294912 kB
CmaFree:               0 kB
MemTotal:       12113132 kB
MemFree:         6187628 kB
MemAvailable:    8002624 kB
Buffers:            7588 kB
Cached:          1909620 kB
SwapCached:            0 kB
Active:          1478624 kB
Inactive:        1649288 kB
Active(anon):    1217164 kB
Inactive(anon):    27820 kB
Active(file):     261460 kB
Inactive(file):  1621468 kB
Unevictable:        5532 kB
Mlocked:            5532 kB
SwapTotal:       3145724 kB
SwapFree:        3145724 kB
Dirty:               548 kB
Writeback:             0 kB
AnonPages:       1216324 kB
Mapped:           852376 kB
Shmem:             29800 kB
KReclaimable:     800772 kB
Slab:             222084 kB
SReclaimable:      78284 kB
SUnreclaim:       143800 kB
KernelStack:       46304 kB
PageTables:        62548 kB
NFS_Unstable:          0 kB
Bounce:                0 kB
WritebackTmp:          0 kB
CommitLimit:     9202288 kB
Committed_AS:   66025620 kB
VmallocTotal:   263061440 kB
VmallocUsed:      103296 kB
