MemTotal:       12113136 kB
MemFree:          447484 kB
MemAvailable:    7806516 kB
Buffers:            6936 kB
Cached:          7812960 kB
SwapCached:            0 kB
Active:          2133860 kB
Inactive:        6972464 kB
Active(anon):    1192256 kB
Inactive(anon):   132600 kB
Active(file):     941604 kB
Inactive(file):  6839864 kB
Unevictable:        5716 kB
Mlocked:            5716 kB
SwapTotal:       3145724 kB
SwapFree:        3145724 kB
Dirty:               908 kB
Writeback:             0 kB
AnonPages:       1292180 kB
Mapped:           772104 kB
Shmem:             33760 kB
KReclaimable:     410300 kB
Slab:             225328 kB
SReclaimable:      78248 kB
SUnreclaim:       147080 kB
KernelStack:       47272 kB
PageTables:        63964 kB
NFS_Unstable:          0 kB
Bounce:                0 kB
WritebackTmp:          0 kB
CommitLimit:     9202292 kB
Committed_AS:   67484084 kB
VmallocTotal:   263061440 kB
VmallocUsed:      104456 kB
VmallocChunk:          0 kB
Percpu:             7648 kB
CmaTotal:         294912 kB
CmaFree:               0 kB
MemTotal:       12113136 kB
MemFree:          445776 kB
MemAvailable:    7804908 kB
Buffers:            6936 kB
Cached:          7813056 kB
SwapCached:            0 kB
Active:          2135020 kB
Inactive:        6972512 kB
Active(anon):    1193368 kB
Inactive(anon):   132600 kB
Active(file):     941652 kB
Inactive(file):  6839912 kB
Unevictable:        5716 kB
Mlocked:            5716 kB
SwapTotal:       3145724 kB
SwapFree:        3145724 kB
Dirty:               716 kB
Writeback:             4 kB
AnonPages:       1293212 kB
Mapped:           772052 kB
Shmem:             33760 kB
KReclaimable:     410308 kB
Slab:             225384 kB
SReclaimable:      78256 kB
SUnreclaim:       147128 kB
KernelStack:       47264 kB
PageTables:        64016 kB
NFS_Unstable:          0 kB
Bounce:                0 kB
WritebackTmp:          0 kB
CommitLimit:     9202292 kB
Committed_AS:   67477568 kB
VmallocTotal:   263061440 kB
VmallocUsed:      104456 kB
VmallocChunk:          0 kB
Percpu:             7648 kB
CmaTotal:         294912 kB
CmaFree:               0 kB
MemTotal:       12113136 kB
MemFree:          444188 kB
MemAvailable:    7803304 kB
Buffers:            6936 kB
Cached:          7813064 kB
SwapCached:            0 kB
Active:          2135920 kB
Inactive:        6972520 kB
Active(anon):    1194268 kB
Inactive(anon):   132600 kB
Active(file):     941652 kB
Inactive(file):  6839920 kB
Unevictable:        5716 kB
Mlocked:            5716 kB
SwapTotal:       3145724 kB
SwapFree:        3145724 kB
Dirty:               736 kB
Writeback:             4 kB
AnonPages:       1294416 kB
Mapped:           772224 kB
Shmem:             33760 kB
KReclaimable:     410260 kB
Slab:             225380 kB
SReclaimable:      78256 kB
SUnreclaim:       147124 kB
KernelStack:       47248 kB
PageTables:        63916 kB
NFS_Unstable:          0 kB
Bounce:                0 kB
WritebackTmp:          0 kB
CommitLimit:     9202292 kB
Committed_AS:   67487860 kB
VmallocTotal:   263061440 kB
VmallocUsed:      104440 kB
VmallocChunk:          0 kB
Percpu:             7648 kB
CmaTotal:         294912 kB
CmaFree:               0 kB
MemTotal:       12113136 kB
MemFree:          439960 kB
MemAvailable:    7806204 kB
Buffers:            6940 kB
Cached:          7813120 kB
SwapCached:            0 kB
Active:          2142124 kB
Inactive:        6972660 kB
Active(anon):    1200468 kB
Inactive(anon):   132704 kB
Active(file):     941656 kB
Inactive(file):  6839956 kB
Unevictable:        5716 kB
Mlocked:            5716 kB
SwapTotal:       3145724 kB
SwapFree:        3145724 kB
Dirty:               788 kB
Writeback:             0 kB
AnonPages:       1300516 kB
Mapped:           771800 kB
Shmem:             33780 kB
KReclaimable:     424440 kB
Slab:             225400 kB
SReclaimable:      78256 kB
SUnreclaim:       147144 kB
KernelStack:       47392 kB
PageTables:        63948 kB
NFS_Unstable:          0 kB
Bounce:                0 kB
WritebackTmp:          0 kB
CommitLimit:     9202292 kB
Committed_AS:   67482176 kB
VmallocTotal:   263061440 kB
VmallocUsed:      104488 kB
VmallocChunk:          0 kB
Percpu:             7648 kB
CmaTotal:         294912 kB
CmaFree:               0 kB
MemTotal:       12113136 kB
MemFree:          469520 kB
MemAvailable:    7852996 kB
Buffers:            6940 kB
Cached:          7813140 kB
SwapCached:            0 kB
Active:          2111416 kB
Inactive:        6972672 kB
Active(anon):    1169760 kB
Inactive(anon):   132704 kB
Active(file):     941656 kB
Inactive(file):  6839968 kB
Unevictable:        5716 kB
Mlocked:            5716 kB
SwapTotal:       3145724 kB
SwapFree:        3145724 kB
Dirty:               880 kB
Writeback:             0 kB
AnonPages:       1269352 kB
Mapped:           772064 kB
Shmem:             33780 kB
KReclaimable:     458876 kB
Slab:             225404 kB
SReclaimable:      78256 kB
SUnreclaim:       147148 kB
KernelStack:       47424 kB
PageTables:        64088 kB
NFS_Unstable:          0 kB
Bounce:                0 kB
WritebackTmp:          0 kB
CommitLimit:     9202292 kB
Committed_AS:   67486996 kB
VmallocTotal:   263061440 kB
VmallocUsed:      104552 kB
VmallocChunk:          0 kB
Percpu:             7648 kB
CmaTotal:         294912 kB
CmaFree:               0 kB
MemTotal:       12113136 kB
MemFree:          480904 kB
MemAvailable:    7904000 kB
Buffers:            6940 kB
Cached:          7813148 kB
SwapCached:            0 kB
Active:          2098840 kB
Inactive:        6972688 kB
Active(anon):    1157184 kB
Inactive(anon):   132704 kB
Active(file):     941656 kB
Inactive(file):  6839984 kB
Unevictable:        5716 kB
Mlocked:            5716 kB
SwapTotal:       3145724 kB
SwapFree:        3145724 kB
Dirty:               904 kB
Writeback:             0 kB
AnonPages:       1257412 kB
Mapped:           771700 kB
Shmem:             33780 kB
KReclaimable:     510160 kB
Slab:             225296 kB
SReclaimable:      78256 kB
SUnreclaim:       147040 kB
KernelStack:       47328 kB
PageTables:        63560 kB
NFS_Unstable:          0 kB
Bounce:                0 kB
WritebackTmp:          0 kB
CommitLimit:     9202292 kB
Committed_AS:   67492340 kB
VmallocTotal:   263061440 kB
VmallocUsed:      104328 kB
VmallocChunk:          0 kB
Percpu:             7648 kB
CmaTotal:         294912 kB
CmaFree:               8 kB
MemTotal:       12113136 kB
MemFree:          479616 kB
MemAvailable:    7902736 kB
Buffers:            6940 kB
Cached:          7813156 kB
SwapCached:            0 kB
Active:          2100096 kB
Inactive:        6972696 kB
Active(anon):    1158440 kB
Inactive(anon):   132704 kB
Active(file):     941656 kB
Inactive(file):  6839992 kB
Unevictable:        5716 kB
Mlocked:            5716 kB
SwapTotal:       3145724 kB
SwapFree:        3145724 kB
Dirty:               928 kB
Writeback:             0 kB
AnonPages:       1258392 kB
Mapped:           771620 kB
Shmem:             33780 kB
KReclaimable:     510176 kB
Slab:             225256 kB
SReclaimable:      78256 kB
SUnreclaim:       147000 kB
KernelStack:       47300 kB
PageTables:        63912 kB
NFS_Unstable:          0 kB
Bounce:                0 kB
WritebackTmp:          0 kB
CommitLimit:     9202292 kB
Committed_AS:   67492796 kB
VmallocTotal:   263061440 kB
VmallocUsed:      104328 kB
VmallocChunk:          0 kB
Percpu:             7648 kB
CmaTotal:         294912 kB
CmaFree:               4 kB
MemTotal:       12113136 kB
MemFree:          479100 kB
MemAvailable:    7902248 kB
Buffers:            6940 kB
Cached:          7813168 kB
SwapCached:            0 kB
Active:          2100568 kB
Inactive:        6972708 kB
Active(anon):    1158912 kB
Inactive(anon):   132704 kB
Active(file):     941656 kB
Inactive(file):  6840004 kB
Unevictable:        5716 kB
Mlocked:            5716 kB
SwapTotal:       3145724 kB
SwapFree:        3145724 kB
Dirty:               976 kB
Writeback:             0 kB
AnonPages:       1258788 kB
Mapped:           771832 kB
Shmem:             33780 kB
KReclaimable:     510192 kB
Slab:             225320 kB
SReclaimable:      78272 kB
SUnreclaim:       147048 kB
KernelStack:       47296 kB
PageTables:        63628 kB
NFS_Unstable:          0 kB
Bounce:                0 kB
WritebackTmp:          0 kB
CommitLimit:     9202292 kB
Committed_AS:   67492500 kB
VmallocTotal:   263061440 kB
VmallocUsed:      104328 kB
VmallocChunk:          0 kB
Percpu:             7648 kB
CmaTotal:         294912 kB
CmaFree:               4 kB
MemTotal:       12113136 kB
MemFree:          480812 kB
MemAvailable:    7903972 kB
Buffers:            6940 kB
Cached:          7813116 kB
SwapCached:            0 kB
Active:          2099848 kB
Inactive:        6972656 kB
Active(anon):    1158192 kB
Inactive(anon):   132640 kB
Active(file):     941656 kB
Inactive(file):  6840016 kB
Unevictable:        5716 kB
Mlocked:            5716 kB
SwapTotal:       3145724 kB
SwapFree:        3145724 kB
Dirty:              1004 kB
Writeback:             0 kB
AnonPages:       1257876 kB
Mapped:           771652 kB
Shmem:             33716 kB
KReclaimable:     510192 kB
Slab:             225280 kB
SReclaimable:      78272 kB
SUnreclaim:       147008 kB
KernelStack:       47280 kB
PageTables:        63788 kB
NFS_Unstable:          0 kB
Bounce:                0 kB
WritebackTmp:          0 kB
CommitLimit:     9202292 kB
Committed_AS:   67487220 kB
VmallocTotal:   263061440 kB
VmallocUsed:      104328 kB
VmallocChunk:          0 kB
Percpu:             7648 kB
CmaTotal:         294912 kB
CmaFree:             104 kB
MemTotal:       12113136 kB
MemFree:          481532 kB
MemAvailable:    7923736 kB
Buffers:            6940 kB
Cached:          7813160 kB
SwapCached:            0 kB
Active:          2099180 kB
Inactive:        6972688 kB
Active(anon):    1157512 kB
Inactive(anon):   132672 kB
Active(file):     941668 kB
Inactive(file):  6840016 kB
Unevictable:        5716 kB
Mlocked:            5716 kB
SwapTotal:       3145724 kB
SwapFree:        3145724 kB
Dirty:              1064 kB
Writeback:             0 kB
AnonPages:       1257580 kB
Mapped:           771600 kB
Shmem:             33748 kB
KReclaimable:     529224 kB
Slab:             225328 kB
SReclaimable:      78272 kB
SUnreclaim:       147056 kB
KernelStack:       47120 kB
PageTables:        63540 kB
NFS_Unstable:          0 kB
Bounce:                0 kB
WritebackTmp:          0 kB
CommitLimit:     9202292 kB
Committed_AS:   67486784 kB
VmallocTotal:   263061440 kB
VmallocUsed:      104152 kB
VmallocChunk:          0 kB
Percpu:             7648 kB
CmaTotal:         294912 kB
CmaFree:               0 kB
MemTotal:       12113136 kB
MemFree:          493700 kB
MemAvailable:    7936044 kB
Buffers:            6940 kB
Cached:          7813336 kB
SwapCached:            0 kB
Active:          2086384 kB
Inactive:        6972860 kB
Active(anon):    1144712 kB
Inactive(anon):   132836 kB
Active(file):     941672 kB
Inactive(file):  6840024 kB
Unevictable:        5716 kB
Mlocked:            5716 kB
SwapTotal:       3145724 kB
SwapFree:        3145724 kB
Dirty:              1252 kB
Writeback:             0 kB
AnonPages:       1244616 kB
Mapped:           780176 kB
Shmem:             33912 kB
KReclaimable:     529352 kB
Slab:             225400 kB
SReclaimable:      78400 kB
SUnreclaim:       147000 kB
KernelStack:       47200 kB
PageTables:        63664 kB
NFS_Unstable:          0 kB
Bounce:                0 kB
WritebackTmp:          0 kB
CommitLimit:     9202292 kB
Committed_AS:   67482840 kB
VmallocTotal:   263061440 kB
VmallocUsed:      104120 kB
VmallocChunk:          0 kB
Percpu:             7648 kB
CmaTotal:         294912 kB
CmaFree:             520 kB
MemTotal:       12113136 kB
MemFree:          466700 kB
MemAvailable:    7909028 kB
Buffers:            6940 kB
Cached:          7813320 kB
SwapCached:            0 kB
Active:          2114484 kB
Inactive:        6972984 kB
Active(anon):    1172816 kB
Inactive(anon):   132972 kB
Active(file):     941668 kB
Inactive(file):  6840012 kB
Unevictable:        5716 kB
Mlocked:            5716 kB
SwapTotal:       3145724 kB
SwapFree:        3145724 kB
Dirty:              1256 kB
Writeback:             0 kB
AnonPages:       1272956 kB
Mapped:           780748 kB
Shmem:             33912 kB
KReclaimable:     529352 kB
Slab:             225376 kB
SReclaimable:      78400 kB
SUnreclaim:       146976 kB
KernelStack:       47184 kB
PageTables:        63580 kB
NFS_Unstable:          0 kB
Bounce:                0 kB
WritebackTmp:          0 kB
CommitLimit:     9202292 kB
Committed_AS:   67483164 kB
VmallocTotal:   263061440 kB
VmallocUsed:      104184 kB
VmallocChunk:          0 kB
Percpu:             7648 kB
CmaTotal:         294912 kB
CmaFree:             140 kB
MemTotal:       12113136 kB
MemFree:          466356 kB
MemAvailable:    7908720 kB
Buffers:            6940 kB
Cached:          7813340 kB
SwapCached:            0 kB
Active:          2115904 kB
Inactive:        6972868 kB
Active(anon):    1174236 kB
Inactive(anon):   132836 kB
Active(file):     941668 kB
Inactive(file):  6840032 kB
Unevictable:        5716 kB
Mlocked:            5716 kB
SwapTotal:       3145724 kB
SwapFree:        3145724 kB
Dirty:              1292 kB
Writeback:             0 kB
AnonPages:       1274208 kB
Mapped:           780832 kB
Shmem:             33912 kB
KReclaimable:     529368 kB
Slab:             225400 kB
SReclaimable:      78416 kB
SUnreclaim:       146984 kB
KernelStack:       47168 kB
PageTables:        63732 kB
NFS_Unstable:          0 kB
Bounce:                0 kB
WritebackTmp:          0 kB
CommitLimit:     9202292 kB
Committed_AS:   67488240 kB
VmallocTotal:   263061440 kB
VmallocUsed:      104168 kB
VmallocChunk:          0 kB
Percpu:             7648 kB
CmaTotal:         294912 kB
CmaFree:               0 kB
MemTotal:       12113136 kB
MemFree:          450488 kB
MemAvailable:    7893180 kB
Buffers:            6940 kB
Cached:          7813668 kB
SwapCached:            0 kB
Active:          2133424 kB
Inactive:        6973192 kB
Active(anon):    1191752 kB
Inactive(anon):   132836 kB
Active(file):     941672 kB
Inactive(file):  6840356 kB
Unevictable:        5716 kB
Mlocked:            5716 kB
SwapTotal:       3145724 kB
SwapFree:        3145724 kB
Dirty:              1360 kB
Writeback:             8 kB
AnonPages:       1291788 kB
Mapped:           780604 kB
Shmem:             33912 kB
KReclaimable:     529368 kB
Slab:             225392 kB
SReclaimable:      78416 kB
SUnreclaim:       146976 kB
KernelStack:       47216 kB
PageTables:        63872 kB
NFS_Unstable:          0 kB
Bounce:                0 kB
WritebackTmp:          0 kB
CommitLimit:     9202292 kB
Committed_AS:   67478436 kB
VmallocTotal:   263061440 kB
VmallocUsed:      104136 kB
VmallocChunk:          0 kB
Percpu:             7648 kB
CmaTotal:         294912 kB
CmaFree:              48 kB
MemTotal:       12113136 kB
MemFree:          464140 kB
MemAvailable:    7906840 kB
Buffers:            6940 kB
Cached:          7813676 kB
SwapCached:            0 kB
Active:          2116392 kB
Inactive:        6973196 kB
Active(anon):    1174716 kB
Inactive(anon):   132836 kB
Active(file):     941676 kB
Inactive(file):  6840360 kB
Unevictable:        5716 kB
Mlocked:            5716 kB
SwapTotal:       3145724 kB
SwapFree:        3145724 kB
Dirty:              1388 kB
Writeback:             0 kB
AnonPages:       1275064 kB
Mapped:           780728 kB
Shmem:             33912 kB
KReclaimable:     529368 kB
Slab:             225392 kB
SReclaimable:      78416 kB
SUnreclaim:       146976 kB
KernelStack:       47220 kB
PageTables:        63616 kB
NFS_Unstable:          0 kB
Bounce:                0 kB
WritebackTmp:          0 kB
CommitLimit:     9202292 kB
Committed_AS:   67487936 kB
VmallocTotal:   263061440 kB
VmallocUsed:      104184 kB
VmallocChunk:          0 kB
Percpu:             7648 kB
CmaTotal:         294912 kB
CmaFree:               0 kB
MemTotal:       12113136 kB
MemFree:          470568 kB
MemAvailable:    7913292 kB
Buffers:            6940 kB
Cached:          7813700 kB
SwapCached:            0 kB
Active:          2109492 kB
Inactive:        6973220 kB
Active(anon):    1167816 kB
Inactive(anon):   132836 kB
Active(file):     941676 kB
Inactive(file):  6840384 kB
Unevictable:        5716 kB
Mlocked:            5716 kB
SwapTotal:       3145724 kB
SwapFree:        3145724 kB
Dirty:              1424 kB
Writeback:             0 kB
AnonPages:       1267748 kB
Mapped:           780604 kB
Shmem:             33912 kB
KReclaimable:     529368 kB
Slab:             225392 kB
SReclaimable:      78416 kB
SUnreclaim:       146976 kB
KernelStack:       47200 kB
PageTables:        63748 kB
NFS_Unstable:          0 kB
Bounce:                0 kB
WritebackTmp:          0 kB
CommitLimit:     9202292 kB
Committed_AS:   67482948 kB
VmallocTotal:   263061440 kB
VmallocUsed:      104168 kB
VmallocChunk:          0 kB
Percpu:             7648 kB
CmaTotal:         294912 kB
CmaFree:               0 kB
MemTotal:       12113136 kB
MemFree:          470212 kB
MemAvailable:    7912948 kB
Buffers:            6940 kB
Cached:          7813712 kB
SwapCached:            0 kB
Active:          2110080 kB
Inactive:        6973232 kB
Active(anon):    1168404 kB
Inactive(anon):   132836 kB
Active(file):     941676 kB
Inactive(file):  6840396 kB
Unevictable:        5716 kB
Mlocked:            5716 kB
SwapTotal:       3145724 kB
SwapFree:        3145724 kB
Dirty:              1440 kB
Writeback:             0 kB
AnonPages:       1268528 kB
Mapped:           780596 kB
Shmem:             33912 kB
KReclaimable:     529368 kB
Slab:             225400 kB
SReclaimable:      78416 kB
SUnreclaim:       146984 kB
KernelStack:       47232 kB
PageTables:        63768 kB
NFS_Unstable:          0 kB
Bounce:                0 kB
WritebackTmp:          0 kB
CommitLimit:     9202292 kB
Committed_AS:   67486080 kB
VmallocTotal:   263061440 kB
VmallocUsed:      104152 kB
VmallocChunk:          0 kB
Percpu:             7648 kB
CmaTotal:         294912 kB
CmaFree:               0 kB
MemTotal:       12113136 kB
MemFree:          470576 kB
MemAvailable:    7913320 kB
Buffers:            6940 kB
Cached:          7813720 kB
SwapCached:            0 kB
Active:          2110612 kB
Inactive:        6973240 kB
Active(anon):    1168936 kB
Inactive(anon):   132836 kB
Active(file):     941676 kB
Inactive(file):  6840404 kB
Unevictable:        5716 kB
Mlocked:            5716 kB
SwapTotal:       3145724 kB
SwapFree:        3145724 kB
Dirty:              1448 kB
Writeback:             0 kB
AnonPages:       1268952 kB
Mapped:           780432 kB
Shmem:             33912 kB
KReclaimable:     529368 kB
Slab:             225400 kB
SReclaimable:      78416 kB
SUnreclaim:       146984 kB
KernelStack:       47184 kB
PageTables:        63656 kB
NFS_Unstable:          0 kB
Bounce:                0 kB
WritebackTmp:          0 kB
CommitLimit:     9202292 kB
Committed_AS:   67482952 kB
VmallocTotal:   263061440 kB
VmallocUsed:      104136 kB
VmallocChunk:          0 kB
Percpu:             7648 kB
CmaTotal:         294912 kB
CmaFree:               0 kB
MemTotal:       12113136 kB
MemFree:          468348 kB
MemAvailable:    7911128 kB
Buffers:            6948 kB
Cached:          7813756 kB
SwapCached:            0 kB
Active:          2111816 kB
Inactive:        6973268 kB
Active(anon):    1170132 kB
Inactive(anon):   132836 kB
Active(file):     941684 kB
Inactive(file):  6840432 kB
Unevictable:        5716 kB
Mlocked:            5716 kB
SwapTotal:       3145724 kB
SwapFree:        3145724 kB
Dirty:               876 kB
Writeback:           520 kB
AnonPages:       1270156 kB
Mapped:           780724 kB
Shmem:             33912 kB
KReclaimable:     529368 kB
Slab:             225400 kB
SReclaimable:      78416 kB
SUnreclaim:       146984 kB
KernelStack:       47152 kB
PageTables:        63836 kB
NFS_Unstable:          0 kB
Bounce:                0 kB
WritebackTmp:          0 kB
CommitLimit:     9202292 kB
Committed_AS:   67482944 kB
VmallocTotal:   263061440 kB
VmallocUsed:      104184 kB
VmallocChunk:          0 kB
Percpu:             7648 kB
CmaTotal:         294912 kB
CmaFree:               8 kB
MemTotal:       12113136 kB
MemFree:          468912 kB
MemAvailable:    7911696 kB
Buffers:            6948 kB
Cached:          7813752 kB
SwapCached:            0 kB
Active:          2112040 kB
Inactive:        6973272 kB
Active(anon):    1170356 kB
Inactive(anon):   132836 kB
Active(file):     941684 kB
Inactive(file):  6840436 kB
Unevictable:        5716 kB
Mlocked:            5716 kB
SwapTotal:       3145724 kB
SwapFree:        3145724 kB
Dirty:               708 kB
Writeback:             4 kB
AnonPages:       1270540 kB
Mapped:           780552 kB
Shmem:             33912 kB
KReclaimable:     529368 kB
Slab:             225372 kB
SReclaimable:      78416 kB
SUnreclaim:       146956 kB
KernelStack:       47232 kB
PageTables:        63628 kB
NFS_Unstable:          0 kB
Bounce:                0 kB
WritebackTmp:          0 kB
CommitLimit:     9202292 kB
Committed_AS:   67485348 kB
VmallocTotal:   263061440 kB
VmallocUsed:      104216 kB
VmallocChunk:          0 kB
Percpu:             7648 kB
CmaTotal:         294912 kB
CmaFree:               0 kB
MemTotal:       12113136 kB
MemFree:          467616 kB
MemAvailable:    7910428 kB
Buffers:            6948 kB
Cached:          7813780 kB
SwapCached:            0 kB
Active:          2112604 kB
Inactive:        6973300 kB
Active(anon):    1170920 kB
Inactive(anon):   132836 kB
Active(file):     941684 kB
Inactive(file):  6840464 kB
Unevictable:        5716 kB
Mlocked:            5716 kB
SwapTotal:       3145724 kB
SwapFree:        3145724 kB
Dirty:               760 kB
Writeback:             0 kB
AnonPages:       1271092 kB
Mapped:           780552 kB
Shmem:             33912 kB
KReclaimable:     529368 kB
Slab:             225388 kB
SReclaimable:      78416 kB
SUnreclaim:       146972 kB
KernelStack:       47232 kB
PageTables:        63900 kB
NFS_Unstable:          0 kB
Bounce:                0 kB
WritebackTmp:          0 kB
CommitLimit:     9202292 kB
Committed_AS:   67483160 kB
VmallocTotal:   263061440 kB
VmallocUsed:      104184 kB
VmallocChunk:          0 kB
Percpu:             7648 kB
CmaTotal:         294912 kB
CmaFree:               0 kB
MemTotal:       12113136 kB
MemFree:          495880 kB
MemAvailable:    7938684 kB
Buffers:            6948 kB
Cached:          7813792 kB
SwapCached:            0 kB
Active:          2084368 kB
Inactive:        6973312 kB
Active(anon):    1142684 kB
Inactive(anon):   132840 kB
Active(file):     941684 kB
Inactive(file):  6840472 kB
Unevictable:        5716 kB
Mlocked:            5716 kB
SwapTotal:       3145724 kB
SwapFree:        3145724 kB
Dirty:               792 kB
Writeback:             0 kB
AnonPages:       1242944 kB
Mapped:           780608 kB
Shmem:             33916 kB
KReclaimable:     529352 kB
Slab:             225356 kB
SReclaimable:      78400 kB
SUnreclaim:       146956 kB
KernelStack:       47212 kB
PageTables:        63668 kB
NFS_Unstable:          0 kB
Bounce:                0 kB
WritebackTmp:          0 kB
CommitLimit:     9202292 kB
Committed_AS:   67479116 kB
VmallocTotal:   263061440 kB
VmallocUsed:      104152 kB
VmallocChunk:          0 kB
Percpu:             7648 kB
CmaTotal:         294912 kB
CmaFree:               0 kB
MemTotal:       12113136 kB
MemFree:          495544 kB
MemAvailable:    7938392 kB
Buffers:            6948 kB
Cached:          7813804 kB
SwapCached:            0 kB
Active:          2085044 kB
Inactive:        6973324 kB
Active(anon):    1143360 kB
Inactive(anon):   132840 kB
Active(file):     941684 kB
Inactive(file):  6840484 kB
Unevictable:        5716 kB
Mlocked:            5716 kB
SwapTotal:       3145724 kB
SwapFree:        3145724 kB
Dirty:               804 kB
Writeback:             0 kB
AnonPages:       1243164 kB
Mapped:           780588 kB
Shmem:             33916 kB
KReclaimable:     529384 kB
Slab:             225384 kB
SReclaimable:      78432 kB
SUnreclaim:       146952 kB
KernelStack:       47252 kB
PageTables:        63656 kB
NFS_Unstable:          0 kB
Bounce:                0 kB
WritebackTmp:          0 kB
CommitLimit:     9202292 kB
Committed_AS:   67488520 kB
VmallocTotal:   263061440 kB
VmallocUsed:      104200 kB
VmallocChunk:          0 kB
Percpu:             7648 kB
CmaTotal:         294912 kB
CmaFree:              12 kB
MemTotal:       12113136 kB
MemFree:          493800 kB
MemAvailable:    7936648 kB
Buffers:            6948 kB
Cached:          7813820 kB
SwapCached:            0 kB
Active:          2085936 kB
Inactive:        6973340 kB
Active(anon):    1144252 kB
Inactive(anon):   132840 kB
Active(file):     941684 kB
Inactive(file):  6840500 kB
Unevictable:        5716 kB
Mlocked:            5716 kB
SwapTotal:       3145724 kB
SwapFree:        3145724 kB
Dirty:               824 kB
Writeback:             0 kB
AnonPages:       1244232 kB
Mapped:           780608 kB
Shmem:             33916 kB
KReclaimable:     529368 kB
Slab:             225368 kB
SReclaimable:      78416 kB
SUnreclaim:       146952 kB
KernelStack:       47216 kB
PageTables:        63760 kB
NFS_Unstable:          0 kB
Bounce:                0 kB
WritebackTmp:          0 kB
CommitLimit:     9202292 kB
Committed_AS:   67485596 kB
VmallocTotal:   263061440 kB
VmallocUsed:      104216 kB
VmallocChunk:          0 kB
Percpu:             7648 kB
CmaTotal:         294912 kB
CmaFree:               0 kB
MemTotal:       12113136 kB
MemFree:          493068 kB
MemAvailable:    7935932 kB
Buffers:            6948 kB
Cached:          7813836 kB
SwapCached:            0 kB
Active:          2087468 kB
Inactive:        6973356 kB
Active(anon):    1145784 kB
Inactive(anon):   132840 kB
Active(file):     941684 kB
Inactive(file):  6840516 kB
Unevictable:        5716 kB
Mlocked:            5716 kB
SwapTotal:       3145724 kB
SwapFree:        3145724 kB
Dirty:               856 kB
Writeback:             0 kB
AnonPages:       1245852 kB
Mapped:           780424 kB
Shmem:             33916 kB
KReclaimable:     529368 kB
Slab:             225376 kB
SReclaimable:      78416 kB
SUnreclaim:       146960 kB
KernelStack:       47268 kB
PageTables:        63604 kB
NFS_Unstable:          0 kB
Bounce:                0 kB
WritebackTmp:          0 kB
CommitLimit:     9202292 kB
Committed_AS:   67488132 kB
VmallocTotal:   263061440 kB
VmallocUsed:      104184 kB
VmallocChunk:          0 kB
Percpu:             7648 kB
CmaTotal:         294912 kB
CmaFree:               0 kB
MemTotal:       12113136 kB
MemFree:          495100 kB
MemAvailable:    7937972 kB
Buffers:            6948 kB
Cached:          7813844 kB
SwapCached:            0 kB
Active:          2087068 kB
Inactive:        6973364 kB
Active(anon):    1145384 kB
Inactive(anon):   132840 kB
Active(file):     941684 kB
Inactive(file):  6840524 kB
Unevictable:        5716 kB
Mlocked:            5716 kB
SwapTotal:       3145724 kB
SwapFree:        3145724 kB
Dirty:               868 kB
Writeback:             0 kB
AnonPages:       1245648 kB
Mapped:           780692 kB
Shmem:             33916 kB
KReclaimable:     529368 kB
Slab:             225368 kB
SReclaimable:      78416 kB
SUnreclaim:       146952 kB
KernelStack:       47168 kB
PageTables:        63620 kB
NFS_Unstable:          0 kB
Bounce:                0 kB
WritebackTmp:          0 kB
CommitLimit:     9202292 kB
Committed_AS:   67482776 kB
VmallocTotal:   263061440 kB
VmallocUsed:      104168 kB
VmallocChunk:          0 kB
Percpu:             7648 kB
CmaTotal:         294912 kB
CmaFree:               0 kB
MemTotal:       12113136 kB
MemFree:          492268 kB
MemAvailable:    7935144 kB
Buffers:            6948 kB
Cached:          7813848 kB
SwapCached:            0 kB
Active:          2088220 kB
Inactive:        6973368 kB
Active(anon):    1146536 kB
Inactive(anon):   132840 kB
Active(file):     941684 kB
Inactive(file):  6840528 kB
Unevictable:        5716 kB
Mlocked:            5716 kB
SwapTotal:       3145724 kB
SwapFree:        3145724 kB
Dirty:               872 kB
Writeback:             0 kB
AnonPages:       1246364 kB
Mapped:           780608 kB
Shmem:             33916 kB
KReclaimable:     529368 kB
Slab:             225384 kB
SReclaimable:      78416 kB
SUnreclaim:       146968 kB
KernelStack:       47200 kB
PageTables:        63840 kB
NFS_Unstable:          0 kB
Bounce:                0 kB
WritebackTmp:          0 kB
CommitLimit:     9202292 kB
Committed_AS:   67483100 kB
VmallocTotal:   263061440 kB
VmallocUsed:      104168 kB
VmallocChunk:          0 kB
Percpu:             7648 kB
CmaTotal:         294912 kB
CmaFree:               0 kB
MemTotal:       12113136 kB
MemFree:          491808 kB
MemAvailable:    7934684 kB
Buffers:            6948 kB
Cached:          7813864 kB
SwapCached:            0 kB
Active:          2088152 kB
Inactive:        6973388 kB
Active(anon):    1146472 kB
Inactive(anon):   132840 kB
Active(file):     941680 kB
Inactive(file):  6840548 kB
Unevictable:        5716 kB
Mlocked:            5716 kB
SwapTotal:       3145724 kB
SwapFree:        3145724 kB
Dirty:               892 kB
Writeback:             0 kB
AnonPages:       1246440 kB
Mapped:           780604 kB
Shmem:             33916 kB
KReclaimable:     529352 kB
Slab:             225352 kB
SReclaimable:      78400 kB
SUnreclaim:       146952 kB
KernelStack:       47200 kB
PageTables:        63752 kB
NFS_Unstable:          0 kB
Bounce:                0 kB
WritebackTmp:          0 kB
CommitLimit:     9202292 kB
Committed_AS:   67488520 kB
VmallocTotal:   263061440 kB
VmallocUsed:      104136 kB
VmallocChunk:          0 kB
Percpu:             7648 kB
CmaTotal:         294912 kB
CmaFree:              72 kB
MemTotal:       12113136 kB
MemFree:          490660 kB
MemAvailable:    7933576 kB
Buffers:            6948 kB
Cached:          7813888 kB
SwapCached:            0 kB
Active:          2089228 kB
Inactive:        6973408 kB
Active(anon):    1147544 kB
Inactive(anon):   132840 kB
Active(file):     941684 kB
Inactive(file):  6840568 kB
Unevictable:        5716 kB
Mlocked:            5716 kB
SwapTotal:       3145724 kB
SwapFree:        3145724 kB
Dirty:               948 kB
Writeback:             0 kB
AnonPages:       1247336 kB
Mapped:           780628 kB
Shmem:             33916 kB
KReclaimable:     529368 kB
Slab:             225376 kB
SReclaimable:      78416 kB
SUnreclaim:       146960 kB
KernelStack:       47168 kB
PageTables:        63604 kB
NFS_Unstable:          0 kB
Bounce:                0 kB
WritebackTmp:          0 kB
CommitLimit:     9202292 kB
Committed_AS:   67483512 kB
VmallocTotal:   263061440 kB
VmallocUsed:      104168 kB
VmallocChunk:          0 kB
Percpu:             7648 kB
CmaTotal:         294912 kB
CmaFree:               0 kB
MemTotal:       12113136 kB
MemFree:          491868 kB
MemAvailable:    7934792 kB
Buffers:            6948 kB
Cached:          7813896 kB
SwapCached:            0 kB
Active:          2088384 kB
Inactive:        6973416 kB
Active(anon):    1146700 kB
Inactive(anon):   132840 kB
Active(file):     941684 kB
Inactive(file):  6840576 kB
Unevictable:        5716 kB
Mlocked:            5716 kB
SwapTotal:       3145724 kB
SwapFree:        3145724 kB
Dirty:               328 kB
Writeback:             0 kB
AnonPages:       1246860 kB
Mapped:           780608 kB
Shmem:             33916 kB
KReclaimable:     529368 kB
Slab:             225364 kB
SReclaimable:      78416 kB
SUnreclaim:       146948 kB
KernelStack:       47152 kB
PageTables:        63624 kB
NFS_Unstable:          0 kB
Bounce:                0 kB
WritebackTmp:          0 kB
CommitLimit:     9202292 kB
Committed_AS:   67486352 kB
VmallocTotal:   263061440 kB
VmallocUsed:      104152 kB
VmallocChunk:          0 kB
Percpu:             7648 kB
CmaTotal:         294912 kB
CmaFree:               0 kB
MemTotal:       12113136 kB
MemFree:          490388 kB
MemAvailable:    7933308 kB
Buffers:            6948 kB
Cached:          7813908 kB
SwapCached:            0 kB
Active:          2089172 kB
Inactive:        6973428 kB
Active(anon):    1147488 kB
Inactive(anon):   132840 kB
Active(file):     941684 kB
Inactive(file):  6840588 kB
Unevictable:        5716 kB
Mlocked:            5716 kB
SwapTotal:       3145724 kB
SwapFree:        3145724 kB
Dirty:               416 kB
Writeback:             0 kB
AnonPages:       1247444 kB
Mapped:           780744 kB
Shmem:             33916 kB
KReclaimable:     529352 kB
Slab:             225348 kB
SReclaimable:      78400 kB
SUnreclaim:       146948 kB
KernelStack:       47232 kB
PageTables:        63640 kB
NFS_Unstable:          0 kB
Bounce:                0 kB
WritebackTmp:          0 kB
CommitLimit:     9202292 kB
Committed_AS:   67482920 kB
VmallocTotal:   263061440 kB
VmallocUsed:      104168 kB
VmallocChunk:          0 kB
Percpu:             7648 kB
CmaTotal:         294912 kB
CmaFree:               0 kB
MemTotal:       12113136 kB
MemFree:          490988 kB
MemAvailable:    7933924 kB
Buffers:            6948 kB
Cached:          7813924 kB
SwapCached:            0 kB
Active:          2089944 kB
Inactive:        6973444 kB
Active(anon):    1148260 kB
Inactive(anon):   132840 kB
Active(file):     941684 kB
Inactive(file):  6840604 kB
Unevictable:        5716 kB
Mlocked:            5716 kB
SwapTotal:       3145724 kB
SwapFree:        3145724 kB
Dirty:               432 kB
Writeback:             0 kB
AnonPages:       1248012 kB
Mapped:           780612 kB
Shmem:             33916 kB
KReclaimable:     529352 kB
Slab:             225348 kB
SReclaimable:      78400 kB
SUnreclaim:       146948 kB
KernelStack:       47184 kB
PageTables:        63760 kB
NFS_Unstable:          0 kB
Bounce:                0 kB
WritebackTmp:          0 kB
CommitLimit:     9202292 kB
Committed_AS:   67483404 kB
VmallocTotal:   263061440 kB
VmallocUsed:      104184 kB
VmallocChunk:          0 kB
Percpu:             7648 kB
CmaTotal:         294912 kB
CmaFree:               0 kB
MemTotal:       12113136 kB
MemFree:          489316 kB
MemAvailable:    7932252 kB
Buffers:            6948 kB
Cached:          7813932 kB
SwapCached:            0 kB
Active:          2090036 kB
Inactive:        6973444 kB
Active(anon):    1148352 kB
Inactive(anon):   132840 kB
Active(file):     941684 kB
Inactive(file):  6840604 kB
Unevictable:        5716 kB
Mlocked:            5716 kB
SwapTotal:       3145724 kB
SwapFree:        3145724 kB
Dirty:               444 kB
Writeback:             0 kB
AnonPages:       1248072 kB
Mapped:           780804 kB
Shmem:             33916 kB
KReclaimable:     529352 kB
Slab:             225380 kB
SReclaimable:      78400 kB
SUnreclaim:       146980 kB
KernelStack:       47152 kB
PageTables:        63528 kB
NFS_Unstable:          0 kB
Bounce:                0 kB
WritebackTmp:          0 kB
CommitLimit:     9202292 kB
Committed_AS:   67487348 kB
VmallocTotal:   263061440 kB
VmallocUsed:      104184 kB
VmallocChunk:          0 kB
Percpu:             7648 kB
CmaTotal:         294912 kB
CmaFree:               0 kB
MemTotal:       12113136 kB
MemFree:          488900 kB
MemAvailable:    7931872 kB
Buffers:            6956 kB
Cached:          7813936 kB
SwapCached:            0 kB
Active:          2090460 kB
Inactive:        6973452 kB
Active(anon):    1148764 kB
Inactive(anon):   132840 kB
Active(file):     941696 kB
Inactive(file):  6840612 kB
Unevictable:        5716 kB
Mlocked:            5716 kB
SwapTotal:       3145724 kB
SwapFree:        3145724 kB
Dirty:               476 kB
Writeback:             0 kB
AnonPages:       1248636 kB
Mapped:           780440 kB
Shmem:             33916 kB
KReclaimable:     529368 kB
Slab:             225356 kB
SReclaimable:      78416 kB
SUnreclaim:       146940 kB
KernelStack:       47152 kB
PageTables:        63644 kB
NFS_Unstable:          0 kB
Bounce:                0 kB
WritebackTmp:          0 kB
CommitLimit:     9202292 kB
Committed_AS:   67484024 kB
VmallocTotal:   263061440 kB
VmallocUsed:      104136 kB
VmallocChunk:          0 kB
Percpu:             7648 kB
CmaTotal:         294912 kB
CmaFree:               0 kB
MemTotal:       12113136 kB
MemFree:          488320 kB
MemAvailable:    7931308 kB
Buffers:            6956 kB
Cached:          7813952 kB
SwapCached:            0 kB
Active:          2091176 kB
Inactive:        6973480 kB
Active(anon):    1149492 kB
Inactive(anon):   132840 kB
Active(file):     941684 kB
Inactive(file):  6840640 kB
Unevictable:        5716 kB
Mlocked:            5716 kB
SwapTotal:       3145724 kB
SwapFree:        3145724 kB
Dirty:               464 kB
Writeback:             0 kB
AnonPages:       1249504 kB
Mapped:           780800 kB
Shmem:             33916 kB
KReclaimable:     529368 kB
Slab:             225372 kB
SReclaimable:      78416 kB
SUnreclaim:       146956 kB
KernelStack:       47136 kB
PageTables:        63564 kB
NFS_Unstable:          0 kB
Bounce:                0 kB
WritebackTmp:          0 kB
CommitLimit:     9202292 kB
Committed_AS:   67482796 kB
VmallocTotal:   263061440 kB
VmallocUsed:      104136 kB
VmallocChunk:          0 kB
Percpu:             7648 kB
CmaTotal:         294912 kB
CmaFree:               0 kB
MemTotal:       12113136 kB
MemFree:          488924 kB
MemAvailable:    7931956 kB
Buffers:            6956 kB
Cached:          7813996 kB
SwapCached:            0 kB
Active:          2091376 kB
Inactive:        6973516 kB
Active(anon):    1149684 kB
Inactive(anon):   132840 kB
Active(file):     941692 kB
Inactive(file):  6840676 kB
Unevictable:        5716 kB
Mlocked:            5716 kB
SwapTotal:       3145724 kB
SwapFree:        3145724 kB
Dirty:               488 kB
Writeback:             0 kB
AnonPages:       1249484 kB
Mapped:           780416 kB
Shmem:             33916 kB
KReclaimable:     529368 kB
Slab:             225340 kB
SReclaimable:      78416 kB
SUnreclaim:       146924 kB
KernelStack:       47184 kB
PageTables:        63432 kB
NFS_Unstable:          0 kB
Bounce:                0 kB
WritebackTmp:          0 kB
CommitLimit:     9202292 kB
Committed_AS:   67482560 kB
VmallocTotal:   263061440 kB
VmallocUsed:      104184 kB
VmallocChunk:          0 kB
Percpu:             7648 kB
CmaTotal:         294912 kB
CmaFree:               0 kB
MemTotal:       12113136 kB
MemFree:          488256 kB
MemAvailable:    7931296 kB
Buffers:            6956 kB
Cached:          7814004 kB
SwapCached:            0 kB
Active:          2092044 kB
Inactive:        6973520 kB
Active(anon):    1150348 kB
Inactive(anon):   132840 kB
Active(file):     941696 kB
Inactive(file):  6840680 kB
Unevictable:        5716 kB
Mlocked:            5716 kB
SwapTotal:       3145724 kB
SwapFree:        3145724 kB
Dirty:               500 kB
Writeback:             0 kB
AnonPages:       1250272 kB
Mapped:           780588 kB
Shmem:             33916 kB
KReclaimable:     529368 kB
Slab:             225388 kB
SReclaimable:      78416 kB
SUnreclaim:       146972 kB
KernelStack:       47152 kB
PageTables:        63736 kB
NFS_Unstable:          0 kB
Bounce:                0 kB
WritebackTmp:          0 kB
CommitLimit:     9202292 kB
Committed_AS:   67488140 kB
VmallocTotal:   263061440 kB
VmallocUsed:      104184 kB
VmallocChunk:          0 kB
Percpu:             7648 kB
CmaTotal:         294912 kB
CmaFree:               0 kB
MemTotal:       12113136 kB
MemFree:          487212 kB
MemAvailable:    7930260 kB
Buffers:            6956 kB
Cached:          7814012 kB
SwapCached:            0 kB
Active:          2092580 kB
Inactive:        6973528 kB
Active(anon):    1150884 kB
Inactive(anon):   132840 kB
Active(file):     941696 kB
Inactive(file):  6840688 kB
Unevictable:        5716 kB
Mlocked:            5716 kB
SwapTotal:       3145724 kB
SwapFree:        3145724 kB
Dirty:               520 kB
Writeback:             0 kB
AnonPages:       1250820 kB
Mapped:           780812 kB
Shmem:             33916 kB
KReclaimable:     529368 kB
Slab:             225332 kB
SReclaimable:      78416 kB
SUnreclaim:       146916 kB
KernelStack:       47152 kB
PageTables:        63688 kB
NFS_Unstable:          0 kB
Bounce:                0 kB
WritebackTmp:          0 kB
CommitLimit:     9202292 kB
Committed_AS:   67491116 kB
VmallocTotal:   263061440 kB
VmallocUsed:      104168 kB
VmallocChunk:          0 kB
Percpu:             7648 kB
CmaTotal:         294912 kB
CmaFree:               0 kB
MemTotal:       12113136 kB
MemFree:          486140 kB
MemAvailable:    7929224 kB
Buffers:            6956 kB
Cached:          7814048 kB
SwapCached:            0 kB
Active:          2093676 kB
Inactive:        6973560 kB
Active(anon):    1151976 kB
Inactive(anon):   132840 kB
Active(file):     941700 kB
Inactive(file):  6840720 kB
Unevictable:        5716 kB
Mlocked:            5716 kB
SwapTotal:       3145724 kB
SwapFree:        3145724 kB
Dirty:               540 kB
Writeback:             4 kB
AnonPages:       1251972 kB
Mapped:           780716 kB
Shmem:             33916 kB
KReclaimable:     529368 kB
Slab:             225380 kB
SReclaimable:      78416 kB
SUnreclaim:       146964 kB
KernelStack:       47200 kB
PageTables:        63752 kB
NFS_Unstable:          0 kB
Bounce:                0 kB
WritebackTmp:          0 kB
CommitLimit:     9202292 kB
Committed_AS:   67482540 kB
VmallocTotal:   263061440 kB
VmallocUsed:      104152 kB
VmallocChunk:          0 kB
Percpu:             7648 kB
CmaTotal:         294912 kB
CmaFree:               0 kB
MemTotal:       12113136 kB
MemFree:          486928 kB
MemAvailable:    7930004 kB
Buffers:            6956 kB
Cached:          7814040 kB
SwapCached:            0 kB
Active:          2094096 kB
Inactive:        6973556 kB
Active(anon):    1152400 kB
Inactive(anon):   132840 kB
Active(file):     941696 kB
Inactive(file):  6840716 kB
Unevictable:        5716 kB
Mlocked:            5716 kB
SwapTotal:       3145724 kB
SwapFree:        3145724 kB
Dirty:               548 kB
Writeback:             0 kB
AnonPages:       1252220 kB
Mapped:           780596 kB
Shmem:             33916 kB
KReclaimable:     529368 kB
Slab:             225364 kB
SReclaimable:      78416 kB
SUnreclaim:       146948 kB
KernelStack:       47120 kB
PageTables:        63784 kB
NFS_Unstable:          0 kB
Bounce:                0 kB
WritebackTmp:          0 kB
CommitLimit:     9202292 kB
Committed_AS:   67482156 kB
VmallocTotal:   263061440 kB
VmallocUsed:      104120 kB
VmallocChunk:          0 kB
Percpu:             7648 kB
CmaTotal:         294912 kB
CmaFree:               0 kB
MemTotal:       12113136 kB
MemFree:          485504 kB
MemAvailable:    7928584 kB
Buffers:            6956 kB
Cached:          7814044 kB
SwapCached:            0 kB
Active:          2094352 kB
Inactive:        6973560 kB
Active(anon):    1152656 kB
Inactive(anon):   132840 kB
Active(file):     941696 kB
Inactive(file):  6840720 kB
Unevictable:        5716 kB
Mlocked:            5716 kB
SwapTotal:       3145724 kB
SwapFree:        3145724 kB
Dirty:               584 kB
Writeback:             0 kB
AnonPages:       1252840 kB
Mapped:           780760 kB
Shmem:             33916 kB
KReclaimable:     529368 kB
Slab:             225348 kB
SReclaimable:      78416 kB
SUnreclaim:       146932 kB
KernelStack:       47088 kB
PageTables:        63656 kB
NFS_Unstable:          0 kB
Bounce:                0 kB
WritebackTmp:          0 kB
CommitLimit:     9202292 kB
Committed_AS:   67486468 kB
VmallocTotal:   263061440 kB
VmallocUsed:      104152 kB
VmallocChunk:          0 kB
Percpu:             7648 kB
CmaTotal:         294912 kB
CmaFree:               0 kB
MemTotal:       12113136 kB
MemFree:          484532 kB
MemAvailable:    7927628 kB
Buffers:            6956 kB
Cached:          7814060 kB
SwapCached:            0 kB
Active:          2095984 kB
Inactive:        6973576 kB
Active(anon):    1154288 kB
Inactive(anon):   132840 kB
Active(file):     941696 kB
Inactive(file):  6840736 kB
Unevictable:        5716 kB
Mlocked:            5716 kB
SwapTotal:       3145724 kB
SwapFree:        3145724 kB
Dirty:               600 kB
Writeback:             0 kB
AnonPages:       1254360 kB
Mapped:           780676 kB
Shmem:             33916 kB
KReclaimable:     529368 kB
Slab:             225372 kB
SReclaimable:      78416 kB
SUnreclaim:       146956 kB
KernelStack:       47172 kB
PageTables:        63748 kB
NFS_Unstable:          0 kB
Bounce:                0 kB
WritebackTmp:          0 kB
CommitLimit:     9202292 kB
Committed_AS:   67483024 kB
VmallocTotal:   263061440 kB
VmallocUsed:      104200 kB
VmallocChunk:          0 kB
Percpu:             7648 kB
CmaTotal:         294912 kB
CmaFree:               0 kB
MemTotal:       12113136 kB
MemFree:          496056 kB
MemAvailable:    7939168 kB
Buffers:            6956 kB
Cached:          7814076 kB
SwapCached:            0 kB
Active:          2083600 kB
Inactive:        6973592 kB
Active(anon):    1141904 kB
Inactive(anon):   132840 kB
Active(file):     941696 kB
Inactive(file):  6840752 kB
Unevictable:        5716 kB
Mlocked:            5716 kB
SwapTotal:       3145724 kB
SwapFree:        3145724 kB
Dirty:               620 kB
Writeback:             0 kB
AnonPages:       1241964 kB
Mapped:           771788 kB
Shmem:             33916 kB
KReclaimable:     529368 kB
Slab:             225356 kB
SReclaimable:      78416 kB
SUnreclaim:       146940 kB
KernelStack:       47232 kB
PageTables:        63628 kB
NFS_Unstable:          0 kB
Bounce:                0 kB
WritebackTmp:          0 kB
CommitLimit:     9202292 kB
Committed_AS:   67488268 kB
VmallocTotal:   263061440 kB
VmallocUsed:      104264 kB
VmallocChunk:          0 kB
Percpu:             7648 kB
CmaTotal:         294912 kB
CmaFree:               0 kB
MemTotal:       12113136 kB
MemFree:          476880 kB
MemAvailable:    7920004 kB
Buffers:            6956 kB
Cached:          7814088 kB
SwapCached:            0 kB
Active:          2104600 kB
Inactive:        6973604 kB
Active(anon):    1162904 kB
Inactive(anon):   132840 kB
Active(file):     941696 kB
Inactive(file):  6840764 kB
Unevictable:        5716 kB
Mlocked:            5716 kB
SwapTotal:       3145724 kB
SwapFree:        3145724 kB
Dirty:               664 kB
Writeback:             0 kB
AnonPages:       1262768 kB
Mapped:           771880 kB
Shmem:             33916 kB
KReclaimable:     529368 kB
Slab:             225364 kB
SReclaimable:      78416 kB
SUnreclaim:       146948 kB
KernelStack:       47216 kB
PageTables:        63580 kB
NFS_Unstable:          0 kB
Bounce:                0 kB
WritebackTmp:          0 kB
CommitLimit:     9202292 kB
Committed_AS:   67484208 kB
VmallocTotal:   263061440 kB
VmallocUsed:      104248 kB
VmallocChunk:          0 kB
Percpu:             7648 kB
CmaTotal:         294912 kB
CmaFree:             116 kB
MemTotal:       12113136 kB
MemFree:          458828 kB
MemAvailable:    7901984 kB
Buffers:            6956 kB
Cached:          7814104 kB
SwapCached:            0 kB
Active:          2121336 kB
Inactive:        6973620 kB
Active(anon):    1179640 kB
Inactive(anon):   132840 kB
Active(file):     941696 kB
Inactive(file):  6840780 kB
Unevictable:        5716 kB
Mlocked:            5716 kB
SwapTotal:       3145724 kB
SwapFree:        3145724 kB
Dirty:               692 kB
Writeback:             0 kB
AnonPages:       1279388 kB
Mapped:           771788 kB
Shmem:             33916 kB
KReclaimable:     529384 kB
Slab:             225388 kB
SReclaimable:      78432 kB
SUnreclaim:       146956 kB
KernelStack:       47200 kB
PageTables:        63572 kB
NFS_Unstable:          0 kB
Bounce:                0 kB
WritebackTmp:          0 kB
CommitLimit:     9202292 kB
Committed_AS:   67487108 kB
VmallocTotal:   263061440 kB
VmallocUsed:      104264 kB
VmallocChunk:          0 kB
Percpu:             7648 kB
CmaTotal:         294912 kB
CmaFree:               0 kB
MemTotal:       12113136 kB
MemFree:          458780 kB
MemAvailable:    7901920 kB
Buffers:            6956 kB
Cached:          7814104 kB
SwapCached:            0 kB
Active:          2121528 kB
Inactive:        6973620 kB
Active(anon):    1179832 kB
Inactive(anon):   132840 kB
Active(file):     941696 kB
Inactive(file):  6840780 kB
Unevictable:        5716 kB
Mlocked:            5716 kB
SwapTotal:       3145724 kB
SwapFree:        3145724 kB
Dirty:               692 kB
Writeback:             0 kB
AnonPages:       1280168 kB
Mapped:           771888 kB
Shmem:             33916 kB
KReclaimable:     529368 kB
Slab:             225372 kB
SReclaimable:      78416 kB
SUnreclaim:       146956 kB
KernelStack:       47168 kB
PageTables:        63572 kB
NFS_Unstable:          0 kB
Bounce:                0 kB
WritebackTmp:          0 kB
CommitLimit:     9202292 kB
Committed_AS:   67483988 kB
VmallocTotal:   263061440 kB
VmallocUsed:      104216 kB
VmallocChunk:          0 kB
Percpu:             7648 kB
CmaTotal:         294912 kB
CmaFree:               0 kB
MemTotal:       12113136 kB
MemFree:          464920 kB
MemAvailable:    7908120 kB
Buffers:            6956 kB
Cached:          7814132 kB
SwapCached:            0 kB
Active:          2114084 kB
Inactive:        6973648 kB
Active(anon):    1172388 kB
Inactive(anon):   132840 kB
Active(file):     941696 kB
Inactive(file):  6840808 kB
Unevictable:        5716 kB
Mlocked:            5716 kB
SwapTotal:       3145724 kB
SwapFree:        3145724 kB
Dirty:               732 kB
Writeback:             0 kB
AnonPages:       1272652 kB
Mapped:           771896 kB
Shmem:             33916 kB
KReclaimable:     529368 kB
Slab:             225364 kB
SReclaimable:      78416 kB
SUnreclaim:       146948 kB
KernelStack:       47248 kB
PageTables:        63732 kB
NFS_Unstable:          0 kB
Bounce:                0 kB
WritebackTmp:          0 kB
CommitLimit:     9202292 kB
Committed_AS:   67493332 kB
VmallocTotal:   263061440 kB
VmallocUsed:      104232 kB
VmallocChunk:          0 kB
Percpu:             7648 kB
CmaTotal:         294912 kB
CmaFree:               0 kB
MemTotal:       12113136 kB
MemFree:          465136 kB
MemAvailable:    7908320 kB
Buffers:            6956 kB
Cached:          7814148 kB
SwapCached:            0 kB
Active:          2115160 kB
Inactive:        6973660 kB
Active(anon):    1173460 kB
Inactive(anon):   132840 kB
Active(file):     941700 kB
Inactive(file):  6840820 kB
Unevictable:        5716 kB
Mlocked:            5716 kB
SwapTotal:       3145724 kB
SwapFree:        3145724 kB
Dirty:               744 kB
Writeback:             0 kB
AnonPages:       1273404 kB
Mapped:           771832 kB
Shmem:             33916 kB
KReclaimable:     529368 kB
Slab:             225372 kB
SReclaimable:      78416 kB
SUnreclaim:       146956 kB
KernelStack:       47200 kB
PageTables:        63608 kB
NFS_Unstable:          0 kB
Bounce:                0 kB
WritebackTmp:          0 kB
CommitLimit:     9202292 kB
Committed_AS:   67493184 kB
VmallocTotal:   263061440 kB
VmallocUsed:      104216 kB
VmallocChunk:          0 kB
Percpu:             7648 kB
CmaTotal:         294912 kB
CmaFree:               0 kB
MemTotal:       12113136 kB
MemFree:          463864 kB
MemAvailable:    7907076 kB
Buffers:            6960 kB
Cached:          7814172 kB
SwapCached:            0 kB
Active:          2115608 kB
Inactive:        6973688 kB
Active(anon):    1173908 kB
Inactive(anon):   132840 kB
Active(file):     941700 kB
Inactive(file):  6840848 kB
Unevictable:        5716 kB
Mlocked:            5716 kB
SwapTotal:       3145724 kB
SwapFree:        3145724 kB
Dirty:               728 kB
Writeback:             0 kB
AnonPages:       1273872 kB
Mapped:           771788 kB
Shmem:             33916 kB
KReclaimable:     529368 kB
Slab:             225372 kB
SReclaimable:      78416 kB
SUnreclaim:       146956 kB
KernelStack:       47200 kB
PageTables:        63604 kB
NFS_Unstable:          0 kB
Bounce:                0 kB
WritebackTmp:          0 kB
CommitLimit:     9202292 kB
Committed_AS:   67498548 kB
VmallocTotal:   263061440 kB
VmallocUsed:      104248 kB
VmallocChunk:          0 kB
Percpu:             7648 kB
CmaTotal:         294912 kB
CmaFree:               0 kB
MemTotal:       12113136 kB
MemFree:          464244 kB
MemAvailable:    7907472 kB
Buffers:            6960 kB
Cached:          7814188 kB
SwapCached:            0 kB
Active:          2115916 kB
Inactive:        6973704 kB
Active(anon):    1174216 kB
Inactive(anon):   132840 kB
Active(file):     941700 kB
Inactive(file):  6840864 kB
Unevictable:        5716 kB
Mlocked:            5716 kB
SwapTotal:       3145724 kB
SwapFree:        3145724 kB
Dirty:               300 kB
Writeback:             0 kB
AnonPages:       1274208 kB
Mapped:           771796 kB
Shmem:             33916 kB
KReclaimable:     529368 kB
Slab:             225356 kB
SReclaimable:      78416 kB
SUnreclaim:       146940 kB
KernelStack:       47232 kB
PageTables:        63616 kB
NFS_Unstable:          0 kB
Bounce:                0 kB
WritebackTmp:          0 kB
CommitLimit:     9202292 kB
Committed_AS:   67496892 kB
VmallocTotal:   263061440 kB
VmallocUsed:      104216 kB
VmallocChunk:          0 kB
Percpu:             7648 kB
CmaTotal:         294912 kB
CmaFree:               0 kB
MemTotal:       12113136 kB
MemFree:          462292 kB
MemAvailable:    7905532 kB
Buffers:            6960 kB
Cached:          7814200 kB
SwapCached:            0 kB
Active:          2116964 kB
Inactive:        6973716 kB
Active(anon):    1175264 kB
Inactive(anon):   132840 kB
Active(file):     941700 kB
Inactive(file):  6840876 kB
Unevictable:        5716 kB
Mlocked:            5716 kB
SwapTotal:       3145724 kB
SwapFree:        3145724 kB
Dirty:               336 kB
Writeback:             0 kB
AnonPages:       1275216 kB
Mapped:           771996 kB
Shmem:             33916 kB
KReclaimable:     529368 kB
Slab:             225364 kB
SReclaimable:      78416 kB
SUnreclaim:       146948 kB
KernelStack:       47264 kB
PageTables:        63704 kB
NFS_Unstable:          0 kB
Bounce:                0 kB
WritebackTmp:          0 kB
CommitLimit:     9202292 kB
Committed_AS:   67492304 kB
VmallocTotal:   263061440 kB
VmallocUsed:      104248 kB
VmallocChunk:          0 kB
Percpu:             7648 kB
CmaTotal:         294912 kB
CmaFree:               0 kB
MemTotal:       12113136 kB
MemFree:          461872 kB
MemAvailable:    7905112 kB
Buffers:            6960 kB
Cached:          7814200 kB
SwapCached:            0 kB
Active:          2117488 kB
Inactive:        6973716 kB
Active(anon):    1175788 kB
Inactive(anon):   132840 kB
Active(file):     941700 kB
Inactive(file):  6840876 kB
Unevictable:        5716 kB
Mlocked:            5716 kB
SwapTotal:       3145724 kB
SwapFree:        3145724 kB
Dirty:               336 kB
Writeback:             0 kB
AnonPages:       1275756 kB
Mapped:           771892 kB
Shmem:             33916 kB
KReclaimable:     529368 kB
Slab:             225364 kB
SReclaimable:      78416 kB
SUnreclaim:       146948 kB
KernelStack:       47264 kB
PageTables:        63572 kB
NFS_Unstable:          0 kB
Bounce:                0 kB
WritebackTmp:          0 kB
CommitLimit:     9202292 kB
Committed_AS:   67487428 kB
VmallocTotal:   263061440 kB
VmallocUsed:      104184 kB
VmallocChunk:          0 kB
Percpu:             7648 kB
CmaTotal:         294912 kB
CmaFree:               0 kB
MemTotal:       12113136 kB
MemFree:          460604 kB
MemAvailable:    7904684 kB
Buffers:            6960 kB
Cached:          7814192 kB
SwapCached:            0 kB
Active:          2118492 kB
Inactive:        6973712 kB
Active(anon):    1176796 kB
Inactive(anon):   132840 kB
Active(file):     941696 kB
Inactive(file):  6840872 kB
Unevictable:        5716 kB
Mlocked:            5716 kB
SwapTotal:       3145724 kB
SwapFree:        3145724 kB
Dirty:               400 kB
Writeback:             0 kB
AnonPages:       1276968 kB
Mapped:           771792 kB
Shmem:             33916 kB
KReclaimable:     530216 kB
Slab:             226232 kB
SReclaimable:      79264 kB
SUnreclaim:       146968 kB
KernelStack:       47216 kB
PageTables:        63516 kB
NFS_Unstable:          0 kB
Bounce:                0 kB
WritebackTmp:          0 kB
CommitLimit:     9202292 kB
Committed_AS:   67497200 kB
VmallocTotal:   263061440 kB
VmallocUsed:      104232 kB
VmallocChunk:          0 kB
Percpu:             7648 kB
CmaTotal:         294912 kB
CmaFree:               0 kB
MemTotal:       12113136 kB
MemFree:          460132 kB
MemAvailable:    7904252 kB
Buffers:            6960 kB
Cached:          7814232 kB
SwapCached:            0 kB
Active:          2119596 kB
Inactive:        6973748 kB
Active(anon):    1177896 kB
Inactive(anon):   132840 kB
Active(file):     941700 kB
Inactive(file):  6840908 kB
Unevictable:        5716 kB
Mlocked:            5716 kB
SwapTotal:       3145724 kB
SwapFree:        3145724 kB
Dirty:               424 kB
Writeback:             0 kB
AnonPages:       1277628 kB
Mapped:           772056 kB
Shmem:             33916 kB
KReclaimable:     530216 kB
Slab:             226216 kB
SReclaimable:      79264 kB
SUnreclaim:       146952 kB
KernelStack:       47184 kB
PageTables:        63584 kB
NFS_Unstable:          0 kB
Bounce:                0 kB
WritebackTmp:          0 kB
CommitLimit:     9202292 kB
Committed_AS:   67493628 kB
VmallocTotal:   263061440 kB
VmallocUsed:      104216 kB
VmallocChunk:          0 kB
Percpu:             7648 kB
CmaTotal:         294912 kB
CmaFree:               0 kB
MemTotal:       12113136 kB
MemFree:          459796 kB
MemAvailable:    7903940 kB
Buffers:            6960 kB
Cached:          7814240 kB
SwapCached:            0 kB
Active:          2120212 kB
Inactive:        6973756 kB
Active(anon):    1178512 kB
Inactive(anon):   132840 kB
Active(file):     941700 kB
Inactive(file):  6840916 kB
Unevictable:        5716 kB
Mlocked:            5716 kB
SwapTotal:       3145724 kB
SwapFree:        3145724 kB
Dirty:               432 kB
Writeback:             0 kB
AnonPages:       1278512 kB
Mapped:           771952 kB
Shmem:             33916 kB
KReclaimable:     530232 kB
Slab:             226248 kB
SReclaimable:      79280 kB
SUnreclaim:       146968 kB
KernelStack:       47168 kB
PageTables:        63608 kB
NFS_Unstable:          0 kB
Bounce:                0 kB
WritebackTmp:          0 kB
CommitLimit:     9202292 kB
Committed_AS:   67498276 kB
VmallocTotal:   263061440 kB
VmallocUsed:      104168 kB
VmallocChunk:          0 kB
Percpu:             7648 kB
CmaTotal:         294912 kB
CmaFree:               0 kB
MemTotal:       12113136 kB
MemFree:          459484 kB
MemAvailable:    7903632 kB
Buffers:            6960 kB
Cached:          7814244 kB
SwapCached:            0 kB
Active:          2119076 kB
Inactive:        6973760 kB
Active(anon):    1177376 kB
Inactive(anon):   132840 kB
Active(file):     941700 kB
Inactive(file):  6840920 kB
Unevictable:        5716 kB
Mlocked:            5716 kB
SwapTotal:       3145724 kB
SwapFree:        3145724 kB
Dirty:               452 kB
Writeback:             0 kB
AnonPages:       1277700 kB
Mapped:           772152 kB
Shmem:             33916 kB
KReclaimable:     530232 kB
Slab:             226232 kB
SReclaimable:      79280 kB
SUnreclaim:       146952 kB
KernelStack:       47168 kB
PageTables:        63552 kB
NFS_Unstable:          0 kB
Bounce:                0 kB
WritebackTmp:          0 kB
CommitLimit:     9202292 kB
Committed_AS:   67500208 kB
VmallocTotal:   263061440 kB
VmallocUsed:      104168 kB
VmallocChunk:          0 kB
Percpu:             7648 kB
CmaTotal:         294912 kB
CmaFree:               0 kB
MemTotal:       12113136 kB
MemFree:          480596 kB
MemAvailable:    7924780 kB
Buffers:            6960 kB
Cached:          7814264 kB
SwapCached:            0 kB
Active:          2096084 kB
Inactive:        6973780 kB
Active(anon):    1154384 kB
Inactive(anon):   132840 kB
Active(file):     941700 kB
Inactive(file):  6840940 kB
Unevictable:        5716 kB
Mlocked:            5716 kB
SwapTotal:       3145724 kB
SwapFree:        3145724 kB
Dirty:               480 kB
Writeback:             0 kB
AnonPages:       1254472 kB
Mapped:           772080 kB
Shmem:             33916 kB
KReclaimable:     530248 kB
Slab:             226272 kB
SReclaimable:      79296 kB
SUnreclaim:       146976 kB
KernelStack:       47204 kB
PageTables:        63860 kB
NFS_Unstable:          0 kB
Bounce:                0 kB
WritebackTmp:          0 kB
CommitLimit:     9202292 kB
Committed_AS:   67491544 kB
VmallocTotal:   263061440 kB
VmallocUsed:      104168 kB
VmallocChunk:          0 kB
Percpu:             7648 kB
CmaTotal:         294912 kB
CmaFree:               0 kB
MemTotal:       12113136 kB
MemFree:          480824 kB
MemAvailable:    7925020 kB
Buffers:            6960 kB
Cached:          7814276 kB
SwapCached:            0 kB
Active:          2096288 kB
Inactive:        6973792 kB
Active(anon):    1154588 kB
Inactive(anon):   132840 kB
Active(file):     941700 kB
Inactive(file):  6840952 kB
Unevictable:        5716 kB
Mlocked:            5716 kB
SwapTotal:       3145724 kB
SwapFree:        3145724 kB
Dirty:               528 kB
Writeback:             0 kB
AnonPages:       1254848 kB
Mapped:           772156 kB
Shmem:             33916 kB
KReclaimable:     530248 kB
Slab:             226264 kB
SReclaimable:      79296 kB
SUnreclaim:       146968 kB
KernelStack:       47200 kB
PageTables:        63552 kB
NFS_Unstable:          0 kB
Bounce:                0 kB
WritebackTmp:          0 kB
CommitLimit:     9202292 kB
Committed_AS:   67496896 kB
VmallocTotal:   263061440 kB
VmallocUsed:      104168 kB
VmallocChunk:          0 kB
Percpu:             7648 kB
CmaTotal:         294912 kB
CmaFree:               0 kB
MemTotal:       12113136 kB
MemFree:          481696 kB
MemAvailable:    7925900 kB
Buffers:            6960 kB
Cached:          7814300 kB
SwapCached:            0 kB
Active:          2097292 kB
Inactive:        6973816 kB
Active(anon):    1155592 kB
Inactive(anon):   132840 kB
Active(file):     941700 kB
Inactive(file):  6840976 kB
Unevictable:        5716 kB
Mlocked:            5716 kB
SwapTotal:       3145724 kB
SwapFree:        3145724 kB
Dirty:               588 kB
Writeback:             8 kB
AnonPages:       1255568 kB
Mapped:           772080 kB
Shmem:             33916 kB
KReclaimable:     530232 kB
Slab:             226224 kB
SReclaimable:      79280 kB
SUnreclaim:       146944 kB
KernelStack:       47152 kB
PageTables:        63524 kB
NFS_Unstable:          0 kB
Bounce:                0 kB
WritebackTmp:          0 kB
CommitLimit:     9202292 kB
Committed_AS:   67491508 kB
VmallocTotal:   263061440 kB
VmallocUsed:      104200 kB
VmallocChunk:          0 kB
Percpu:             7648 kB
CmaTotal:         294912 kB
CmaFree:               0 kB
MemTotal:       12113136 kB
MemFree:          479540 kB
MemAvailable:    7923760 kB
Buffers:            6960 kB
Cached:          7814316 kB
SwapCached:            0 kB
Active:          2098348 kB
Inactive:        6973832 kB
Active(anon):    1156648 kB
Inactive(anon):   132840 kB
Active(file):     941700 kB
Inactive(file):  6840992 kB
Unevictable:        5716 kB
Mlocked:            5716 kB
SwapTotal:       3145724 kB
SwapFree:        3145724 kB
Dirty:               368 kB
Writeback:             0 kB
AnonPages:       1256728 kB
Mapped:           772084 kB
Shmem:             33916 kB
KReclaimable:     530232 kB
Slab:             226272 kB
SReclaimable:      79280 kB
SUnreclaim:       146992 kB
KernelStack:       47232 kB
PageTables:        63580 kB
NFS_Unstable:          0 kB
Bounce:                0 kB
WritebackTmp:          0 kB
CommitLimit:     9202292 kB
Committed_AS:   67498048 kB
VmallocTotal:   263061440 kB
VmallocUsed:      104184 kB
VmallocChunk:          0 kB
Percpu:             7648 kB
CmaTotal:         294912 kB
CmaFree:               0 kB
MemTotal:       12113136 kB
MemFree:          479476 kB
MemAvailable:    7923716 kB
Buffers:            6960 kB
Cached:          7814336 kB
SwapCached:            0 kB
Active:          2098796 kB
Inactive:        6973852 kB
Active(anon):    1157096 kB
Inactive(anon):   132840 kB
Active(file):     941700 kB
Inactive(file):  6841012 kB
Unevictable:        5716 kB
Mlocked:            5716 kB
SwapTotal:       3145724 kB
SwapFree:        3145724 kB
Dirty:               340 kB
Writeback:             0 kB
AnonPages:       1257124 kB
Mapped:           772100 kB
Shmem:             33916 kB
KReclaimable:     530232 kB
Slab:             226216 kB
SReclaimable:      79280 kB
SUnreclaim:       146936 kB
KernelStack:       47220 kB
PageTables:        63540 kB
NFS_Unstable:          0 kB
Bounce:                0 kB
WritebackTmp:          0 kB
CommitLimit:     9202292 kB
Committed_AS:   67497148 kB
VmallocTotal:   263061440 kB
VmallocUsed:      104184 kB
VmallocChunk:          0 kB
Percpu:             7648 kB
CmaTotal:         294912 kB
CmaFree:               0 kB
MemTotal:       12113136 kB
MemFree:          478832 kB
MemAvailable:    7923100 kB
Buffers:            6960 kB
Cached:          7814364 kB
SwapCached:            0 kB
Active:          2099348 kB
Inactive:        6973876 kB
Active(anon):    1157644 kB
Inactive(anon):   132840 kB
Active(file):     941704 kB
Inactive(file):  6841036 kB
Unevictable:        5716 kB
Mlocked:            5716 kB
SwapTotal:       3145724 kB
SwapFree:        3145724 kB
Dirty:               356 kB
Writeback:             0 kB
AnonPages:       1257316 kB
Mapped:           772024 kB
Shmem:             33916 kB
KReclaimable:     530232 kB
Slab:             226280 kB
SReclaimable:      79280 kB
SUnreclaim:       147000 kB
KernelStack:       47200 kB
PageTables:        63652 kB
NFS_Unstable:          0 kB
Bounce:                0 kB
WritebackTmp:          0 kB
CommitLimit:     9202292 kB
Committed_AS:   67496728 kB
VmallocTotal:   263061440 kB
VmallocUsed:      104184 kB
VmallocChunk:          0 kB
Percpu:             7648 kB
CmaTotal:         294912 kB
CmaFree:               0 kB
MemTotal:       12113136 kB
MemFree:          478924 kB
MemAvailable:    7923180 kB
Buffers:            6960 kB
Cached:          7814364 kB
SwapCached:            0 kB
Active:          2100312 kB
Inactive:        6973880 kB
Active(anon):    1158612 kB
Inactive(anon):   132852 kB
Active(file):     941700 kB
Inactive(file):  6841028 kB
Unevictable:        5716 kB
Mlocked:            5716 kB
SwapTotal:       3145724 kB
SwapFree:        3145724 kB
Dirty:               384 kB
Writeback:             0 kB
AnonPages:       1258696 kB
Mapped:           772116 kB
Shmem:             33928 kB
KReclaimable:     530232 kB
Slab:             226248 kB
SReclaimable:      79280 kB
SUnreclaim:       146968 kB
KernelStack:       47204 kB
PageTables:        63492 kB
NFS_Unstable:          0 kB
Bounce:                0 kB
WritebackTmp:          0 kB
CommitLimit:     9202292 kB
Committed_AS:   67492804 kB
VmallocTotal:   263061440 kB
VmallocUsed:      104216 kB
VmallocChunk:          0 kB
Percpu:             7648 kB
CmaTotal:         294912 kB
CmaFree:               0 kB
MemTotal:       12113136 kB
MemFree:          478196 kB
MemAvailable:    7922468 kB
Buffers:            6960 kB
Cached:          7814380 kB
SwapCached:            0 kB
Active:          2100620 kB
Inactive:        6973896 kB
Active(anon):    1158920 kB
Inactive(anon):   132852 kB
Active(file):     941700 kB
Inactive(file):  6841044 kB
Unevictable:        5716 kB
Mlocked:            5716 kB
SwapTotal:       3145724 kB
SwapFree:        3145724 kB
Dirty:               404 kB
Writeback:             0 kB
AnonPages:       1259044 kB
Mapped:           772096 kB
Shmem:             33928 kB
KReclaimable:     530232 kB
Slab:             226224 kB
SReclaimable:      79280 kB
SUnreclaim:       146944 kB
KernelStack:       47120 kB
PageTables:        63632 kB
NFS_Unstable:          0 kB
Bounce:                0 kB
WritebackTmp:          0 kB
CommitLimit:     9202292 kB
Committed_AS:   67496032 kB
VmallocTotal:   263061440 kB
VmallocUsed:      104184 kB
VmallocChunk:          0 kB
Percpu:             7648 kB
CmaTotal:         294912 kB
CmaFree:               0 kB
MemTotal:       12113136 kB
MemFree:          477028 kB
MemAvailable:    7921312 kB
Buffers:            6964 kB
Cached:          7814388 kB
SwapCached:            0 kB
Active:          2101556 kB
Inactive:        6973900 kB
Active(anon):    1159848 kB
Inactive(anon):   132856 kB
Active(file):     941708 kB
Inactive(file):  6841044 kB
Unevictable:        5716 kB
Mlocked:            5716 kB
SwapTotal:       3145724 kB
SwapFree:        3145724 kB
Dirty:               452 kB
Writeback:             0 kB
AnonPages:       1260124 kB
Mapped:           772172 kB
Shmem:             33932 kB
KReclaimable:     530236 kB
Slab:             226260 kB
SReclaimable:      79284 kB
SUnreclaim:       146976 kB
KernelStack:       47136 kB
PageTables:        63556 kB
NFS_Unstable:          0 kB
Bounce:                0 kB
WritebackTmp:          0 kB
CommitLimit:     9202292 kB
Committed_AS:   67490548 kB
VmallocTotal:   263061440 kB
VmallocUsed:      104152 kB
VmallocChunk:          0 kB
Percpu:             7648 kB
CmaTotal:         294912 kB
CmaFree:               0 kB
MemTotal:       12113136 kB
MemFree:          476740 kB
MemAvailable:    7921076 kB
Buffers:            6964 kB
Cached:          7814424 kB
SwapCached:            0 kB
Active:          2102436 kB
Inactive:        6973936 kB
Active(anon):    1160728 kB
Inactive(anon):   132856 kB
Active(file):     941708 kB
Inactive(file):  6841080 kB
Unevictable:        5716 kB
Mlocked:            5716 kB
SwapTotal:       3145724 kB
SwapFree:        3145724 kB
Dirty:               476 kB
Writeback:             0 kB
AnonPages:       1260424 kB
Mapped:           772160 kB
Shmem:             33932 kB
KReclaimable:     530252 kB
Slab:             226268 kB
SReclaimable:      79300 kB
SUnreclaim:       146968 kB
KernelStack:       47136 kB
PageTables:        63552 kB
NFS_Unstable:          0 kB
Bounce:                0 kB
WritebackTmp:          0 kB
CommitLimit:     9202292 kB
Committed_AS:   67490188 kB
VmallocTotal:   263061440 kB
VmallocUsed:      104184 kB
VmallocChunk:          0 kB
Percpu:             7648 kB
CmaTotal:         294912 kB
CmaFree:               0 kB
MemTotal:       12113136 kB
MemFree:          476536 kB
MemAvailable:    7920864 kB
Buffers:            6964 kB
Cached:          7814432 kB
SwapCached:            0 kB
Active:          2101388 kB
Inactive:        6973944 kB
Active(anon):    1159680 kB
Inactive(anon):   132856 kB
Active(file):     941708 kB
Inactive(file):  6841088 kB
Unevictable:        5716 kB
Mlocked:            5716 kB
SwapTotal:       3145724 kB
SwapFree:        3145724 kB
Dirty:               484 kB
Writeback:             0 kB
AnonPages:       1259540 kB
Mapped:           772024 kB
Shmem:             33932 kB
KReclaimable:     530236 kB
Slab:             226252 kB
SReclaimable:      79284 kB
SUnreclaim:       146968 kB
KernelStack:       47140 kB
PageTables:        63868 kB
NFS_Unstable:          0 kB
Bounce:                0 kB
WritebackTmp:          0 kB
CommitLimit:     9202292 kB
Committed_AS:   67490540 kB
VmallocTotal:   263061440 kB
VmallocUsed:      104152 kB
VmallocChunk:          0 kB
Percpu:             7648 kB
CmaTotal:         294912 kB
CmaFree:              12 kB
MemTotal:       12113136 kB
MemFree:          479508 kB
MemAvailable:    7923836 kB
Buffers:            6964 kB
Cached:          7814448 kB
SwapCached:            0 kB
Active:          2098080 kB
Inactive:        6973960 kB
Active(anon):    1156372 kB
Inactive(anon):   132856 kB
Active(file):     941708 kB
Inactive(file):  6841104 kB
Unevictable:        5716 kB
Mlocked:            5716 kB
SwapTotal:       3145724 kB
SwapFree:        3145724 kB
Dirty:               532 kB
Writeback:             0 kB
AnonPages:       1256364 kB
Mapped:           772028 kB
Shmem:             33932 kB
KReclaimable:     530220 kB
Slab:             226220 kB
SReclaimable:      79268 kB
SUnreclaim:       146952 kB
KernelStack:       47120 kB
PageTables:        63620 kB
NFS_Unstable:          0 kB
Bounce:                0 kB
WritebackTmp:          0 kB
CommitLimit:     9202292 kB
Committed_AS:   67492624 kB
VmallocTotal:   263061440 kB
VmallocUsed:      104136 kB
VmallocChunk:          0 kB
Percpu:             7648 kB
CmaTotal:         294912 kB
CmaFree:             512 kB
MemTotal:       12113136 kB
MemFree:          479008 kB
MemAvailable:    7923320 kB
Buffers:            6964 kB
Cached:          7814432 kB
SwapCached:            0 kB
Active:          2098588 kB
Inactive:        6973948 kB
Active(anon):    1156884 kB
Inactive(anon):   132856 kB
Active(file):     941704 kB
Inactive(file):  6841092 kB
Unevictable:        5716 kB
Mlocked:            5716 kB
SwapTotal:       3145724 kB
SwapFree:        3145724 kB
Dirty:               580 kB
Writeback:             0 kB
AnonPages:       1256540 kB
Mapped:           772156 kB
Shmem:             33932 kB
KReclaimable:     530220 kB
Slab:             226244 kB
SReclaimable:      79268 kB
SUnreclaim:       146976 kB
KernelStack:       47188 kB
PageTables:        63888 kB
NFS_Unstable:          0 kB
Bounce:                0 kB
WritebackTmp:          0 kB
CommitLimit:     9202292 kB
Committed_AS:   67492840 kB
VmallocTotal:   263061440 kB
VmallocUsed:      104120 kB
VmallocChunk:          0 kB
Percpu:             7648 kB
CmaTotal:         294912 kB
CmaFree:              40 kB
MemTotal:       12113136 kB
MemFree:          478952 kB
MemAvailable:    7923324 kB
Buffers:            6964 kB
Cached:          7814476 kB
SwapCached:            0 kB
Active:          2098588 kB
Inactive:        6973988 kB
Active(anon):    1156880 kB
Inactive(anon):   132856 kB
Active(file):     941708 kB
Inactive(file):  6841132 kB
Unevictable:        5716 kB
Mlocked:            5716 kB
SwapTotal:       3145724 kB
SwapFree:        3145724 kB
Dirty:               352 kB
Writeback:             0 kB
AnonPages:       1257288 kB
Mapped:           772004 kB
Shmem:             33932 kB
KReclaimable:     530236 kB
Slab:             226252 kB
SReclaimable:      79284 kB
SUnreclaim:       146968 kB
KernelStack:       47104 kB
PageTables:        63616 kB
NFS_Unstable:          0 kB
Bounce:                0 kB
WritebackTmp:          0 kB
CommitLimit:     9202292 kB
Committed_AS:   67492796 kB
VmallocTotal:   263061440 kB
VmallocUsed:      104088 kB
VmallocChunk:          0 kB
Percpu:             7648 kB
CmaTotal:         294912 kB
CmaFree:              88 kB
MemTotal:       12113136 kB
MemFree:          478668 kB
MemAvailable:    7923052 kB
Buffers:            6964 kB
Cached:          7814488 kB
SwapCached:            0 kB
Active:          2099068 kB
Inactive:        6974000 kB
Active(anon):    1157360 kB
Inactive(anon):   132856 kB
Active(file):     941708 kB
Inactive(file):  6841144 kB
Unevictable:        5716 kB
Mlocked:            5716 kB
SwapTotal:       3145724 kB
SwapFree:        3145724 kB
Dirty:               380 kB
Writeback:             0 kB
AnonPages:       1257000 kB
Mapped:           772080 kB
Shmem:             33932 kB
KReclaimable:     530236 kB
Slab:             226244 kB
SReclaimable:      79284 kB
SUnreclaim:       146960 kB
KernelStack:       47076 kB
PageTables:        63828 kB
NFS_Unstable:          0 kB
Bounce:                0 kB
WritebackTmp:          0 kB
CommitLimit:     9202292 kB
Committed_AS:   67492204 kB
VmallocTotal:   263061440 kB
VmallocUsed:      104104 kB
VmallocChunk:          0 kB
Percpu:             7648 kB
CmaTotal:         294912 kB
CmaFree:              40 kB
MemTotal:       12113136 kB
MemFree:          478924 kB
MemAvailable:    7923300 kB
Buffers:            6964 kB
Cached:          7814496 kB
SwapCached:            0 kB
Active:          2100704 kB
Inactive:        6974008 kB
Active(anon):    1158996 kB
Inactive(anon):   132856 kB
Active(file):     941708 kB
Inactive(file):  6841152 kB
Unevictable:        5716 kB
Mlocked:            5716 kB
SwapTotal:       3145724 kB
SwapFree:        3145724 kB
Dirty:               388 kB
Writeback:             0 kB
AnonPages:       1258592 kB
Mapped:           772100 kB
Shmem:             33932 kB
KReclaimable:     530220 kB
Slab:             226228 kB
SReclaimable:      79268 kB
SUnreclaim:       146960 kB
KernelStack:       47072 kB
PageTables:        63756 kB
NFS_Unstable:          0 kB
Bounce:                0 kB
WritebackTmp:          0 kB
CommitLimit:     9202292 kB
Committed_AS:   67503068 kB
VmallocTotal:   263061440 kB
VmallocUsed:      104088 kB
VmallocChunk:          0 kB
Percpu:             7648 kB
CmaTotal:         294912 kB
CmaFree:               0 kB
MemTotal:       12113136 kB
MemFree:          478004 kB
MemAvailable:    7922416 kB
Buffers:            6964 kB
Cached:          7814516 kB
SwapCached:            0 kB
Active:          2100932 kB
Inactive:        6974028 kB
Active(anon):    1159224 kB
Inactive(anon):   132856 kB
Active(file):     941708 kB
Inactive(file):  6841172 kB
Unevictable:        5716 kB
Mlocked:            5716 kB
SwapTotal:       3145724 kB
SwapFree:        3145724 kB
Dirty:               408 kB
Writeback:             0 kB
AnonPages:       1259444 kB
Mapped:           772224 kB
Shmem:             33932 kB
KReclaimable:     530236 kB
Slab:             226212 kB
SReclaimable:      79284 kB
SUnreclaim:       146928 kB
KernelStack:       47076 kB
PageTables:        63512 kB
NFS_Unstable:          0 kB
Bounce:                0 kB
WritebackTmp:          0 kB
CommitLimit:     9202292 kB
Committed_AS:   67502944 kB
VmallocTotal:   263061440 kB
VmallocUsed:      104072 kB
VmallocChunk:          0 kB
Percpu:             7648 kB
CmaTotal:         294912 kB
CmaFree:              16 kB
MemTotal:       12113136 kB
MemFree:          467888 kB
MemAvailable:    7912288 kB
Buffers:            6964 kB
Cached:          7814520 kB
SwapCached:            0 kB
Active:          2111748 kB
Inactive:        6974032 kB
Active(anon):    1170040 kB
Inactive(anon):   132856 kB
Active(file):     941708 kB
Inactive(file):  6841176 kB
Unevictable:        5716 kB
Mlocked:            5716 kB
SwapTotal:       3145724 kB
SwapFree:        3145724 kB
Dirty:               456 kB
Writeback:             0 kB
AnonPages:       1269948 kB
Mapped:           772228 kB
Shmem:             33932 kB
KReclaimable:     530220 kB
Slab:             226236 kB
SReclaimable:      79268 kB
SUnreclaim:       146968 kB
KernelStack:       47072 kB
PageTables:        63632 kB
NFS_Unstable:          0 kB
Bounce:                0 kB
WritebackTmp:          0 kB
CommitLimit:     9202292 kB
Committed_AS:   67496484 kB
VmallocTotal:   263061440 kB
VmallocUsed:      104072 kB
VmallocChunk:          0 kB
Percpu:             7648 kB
CmaTotal:         294912 kB
CmaFree:               4 kB
MemTotal:       12113136 kB
MemFree:          466780 kB
MemAvailable:    7911224 kB
Buffers:            6964 kB
Cached:          7814548 kB
SwapCached:            0 kB
Active:          2112664 kB
Inactive:        6974056 kB
Active(anon):    1170952 kB
Inactive(anon):   132856 kB
Active(file):     941712 kB
Inactive(file):  6841200 kB
Unevictable:        5716 kB
Mlocked:            5716 kB
SwapTotal:       3145724 kB
SwapFree:        3145724 kB
Dirty:               500 kB
Writeback:             0 kB
AnonPages:       1270548 kB
Mapped:           772152 kB
Shmem:             33932 kB
KReclaimable:     530236 kB
Slab:             226244 kB
SReclaimable:      79284 kB
SUnreclaim:       146960 kB
KernelStack:       47008 kB
PageTables:        63632 kB
NFS_Unstable:          0 kB
Bounce:                0 kB
WritebackTmp:          0 kB
CommitLimit:     9202292 kB
Committed_AS:   67486880 kB
VmallocTotal:   263061440 kB
VmallocUsed:      104024 kB
VmallocChunk:          0 kB
Percpu:             7648 kB
CmaTotal:         294912 kB
CmaFree:               0 kB
MemTotal:       12113136 kB
MemFree:          478448 kB
MemAvailable:    7922868 kB
Buffers:            6964 kB
Cached:          7814540 kB
SwapCached:            0 kB
Active:          2100268 kB
Inactive:        6974056 kB
Active(anon):    1158564 kB
Inactive(anon):   132856 kB
Active(file):     941704 kB
Inactive(file):  6841200 kB
Unevictable:        5716 kB
Mlocked:            5716 kB
SwapTotal:       3145724 kB
SwapFree:        3145724 kB
Dirty:               360 kB
Writeback:             0 kB
AnonPages:       1258752 kB
Mapped:           772156 kB
Shmem:             33932 kB
KReclaimable:     530220 kB
Slab:             226252 kB
SReclaimable:      79268 kB
SUnreclaim:       146984 kB
KernelStack:       46992 kB
PageTables:        63636 kB
NFS_Unstable:          0 kB
Bounce:                0 kB
WritebackTmp:          0 kB
CommitLimit:     9202292 kB
Committed_AS:   67476096 kB
VmallocTotal:   263061440 kB
VmallocUsed:      103992 kB
VmallocChunk:          0 kB
Percpu:             7648 kB
CmaTotal:         294912 kB
CmaFree:               8 kB
MemTotal:       12113136 kB
MemFree:          477900 kB
MemAvailable:    7922340 kB
Buffers:            6964 kB
Cached:          7814560 kB
SwapCached:            0 kB
Active:          2100740 kB
Inactive:        6974072 kB
Active(anon):    1159032 kB
Inactive(anon):   132856 kB
Active(file):     941708 kB
Inactive(file):  6841216 kB
Unevictable:        5716 kB
Mlocked:            5716 kB
SwapTotal:       3145724 kB
SwapFree:        3145724 kB
Dirty:               424 kB
Writeback:             0 kB
AnonPages:       1259516 kB
Mapped:           772024 kB
Shmem:             33932 kB
KReclaimable:     530220 kB
Slab:             226220 kB
SReclaimable:      79268 kB
SUnreclaim:       146952 kB
KernelStack:       46976 kB
PageTables:        63448 kB
NFS_Unstable:          0 kB
Bounce:                0 kB
WritebackTmp:          0 kB
CommitLimit:     9202292 kB
Committed_AS:   67470844 kB
VmallocTotal:   263061440 kB
VmallocUsed:      103960 kB
VmallocChunk:          0 kB
Percpu:             7648 kB
CmaTotal:         294912 kB
CmaFree:               0 kB
MemTotal:       12113136 kB
MemFree:          478440 kB
MemAvailable:    7922880 kB
Buffers:            6964 kB
Cached:          7814576 kB
SwapCached:            0 kB
Active:          2100424 kB
Inactive:        6974088 kB
Active(anon):    1158716 kB
Inactive(anon):   132856 kB
Active(file):     941708 kB
Inactive(file):  6841232 kB
Unevictable:        5716 kB
Mlocked:            5716 kB
SwapTotal:       3145724 kB
SwapFree:        3145724 kB
Dirty:               440 kB
Writeback:             0 kB
AnonPages:       1258604 kB
Mapped:           772280 kB
Shmem:             33932 kB
KReclaimable:     530204 kB
Slab:             226220 kB
SReclaimable:      79252 kB
SUnreclaim:       146968 kB
KernelStack:       47024 kB
PageTables:        63632 kB
NFS_Unstable:          0 kB
Bounce:                0 kB
WritebackTmp:          0 kB
CommitLimit:     9202292 kB
Committed_AS:   67470932 kB
VmallocTotal:   263061440 kB
VmallocUsed:      103976 kB
VmallocChunk:          0 kB
Percpu:             7648 kB
CmaTotal:         294912 kB
CmaFree:             216 kB
MemTotal:       12113136 kB
MemFree:          475952 kB
MemAvailable:    7920420 kB
Buffers:            6964 kB
Cached:          7814588 kB
SwapCached:            0 kB
Active:          2102468 kB
Inactive:        6974100 kB
Active(anon):    1160760 kB
Inactive(anon):   132856 kB
Active(file):     941708 kB
Inactive(file):  6841244 kB
Unevictable:        5716 kB
Mlocked:            5716 kB
SwapTotal:       3145724 kB
SwapFree:        3145724 kB
Dirty:               452 kB
Writeback:             0 kB
AnonPages:       1260416 kB
Mapped:           772092 kB
Shmem:             33932 kB
KReclaimable:     530220 kB
Slab:             226228 kB
SReclaimable:      79268 kB
SUnreclaim:       146960 kB
KernelStack:       46976 kB
PageTables:        63708 kB
NFS_Unstable:          0 kB
Bounce:                0 kB
WritebackTmp:          0 kB
CommitLimit:     9202292 kB
Committed_AS:   67476416 kB
VmallocTotal:   263061440 kB
VmallocUsed:      103944 kB
VmallocChunk:          0 kB
Percpu:             7648 kB
CmaTotal:         294912 kB
CmaFree:              16 kB
MemTotal:       12113136 kB
MemFree:          477824 kB
MemAvailable:    7922284 kB
Buffers:            6968 kB
Cached:          7814592 kB
SwapCached:            0 kB
Active:          2101724 kB
Inactive:        6974004 kB
Active(anon):    1159912 kB
Inactive(anon):   132856 kB
Active(file):     941812 kB
Inactive(file):  6841148 kB
Unevictable:        5716 kB
Mlocked:            5716 kB
SwapTotal:       3145724 kB
SwapFree:        3145724 kB
Dirty:               300 kB
Writeback:             0 kB
AnonPages:       1260008 kB
Mapped:           772076 kB
Shmem:             33932 kB
KReclaimable:     530204 kB
Slab:             226212 kB
SReclaimable:      79252 kB
SUnreclaim:       146960 kB
KernelStack:       47020 kB
PageTables:        63628 kB
NFS_Unstable:          0 kB
Bounce:                0 kB
WritebackTmp:          0 kB
CommitLimit:     9202292 kB
Committed_AS:   67478208 kB
VmallocTotal:   263061440 kB
VmallocUsed:      103944 kB
VmallocChunk:          0 kB
Percpu:             7648 kB
CmaTotal:         294912 kB
CmaFree:               0 kB
MemTotal:       12113136 kB
MemFree:          477300 kB
MemAvailable:    7921800 kB
Buffers:            6968 kB
Cached:          7814632 kB
SwapCached:            0 kB
Active:          2102728 kB
Inactive:        6974040 kB
Active(anon):    1160912 kB
Inactive(anon):   132856 kB
Active(file):     941816 kB
Inactive(file):  6841184 kB
Unevictable:        5716 kB
Mlocked:            5716 kB
SwapTotal:       3145724 kB
SwapFree:        3145724 kB
Dirty:               332 kB
Writeback:             0 kB
AnonPages:       1260280 kB
Mapped:           772224 kB
Shmem:             33932 kB
KReclaimable:     530204 kB
Slab:             226220 kB
SReclaimable:      79252 kB
SUnreclaim:       146968 kB
KernelStack:       47028 kB
PageTables:        63556 kB
NFS_Unstable:          0 kB
Bounce:                0 kB
WritebackTmp:          0 kB
CommitLimit:     9202292 kB
Committed_AS:   67478904 kB
VmallocTotal:   263061440 kB
VmallocUsed:      103976 kB
VmallocChunk:          0 kB
Percpu:             7648 kB
CmaTotal:         294912 kB
CmaFree:               0 kB
MemTotal:       12113136 kB
MemFree:          476456 kB
MemAvailable:    7920976 kB
Buffers:            6968 kB
Cached:          7814652 kB
SwapCached:            0 kB
Active:          2103248 kB
Inactive:        6974060 kB
Active(anon):    1161432 kB
Inactive(anon):   132856 kB
Active(file):     941816 kB
Inactive(file):  6841204 kB
Unevictable:        5716 kB
Mlocked:            5716 kB
SwapTotal:       3145724 kB
SwapFree:        3145724 kB
Dirty:               360 kB
Writeback:             0 kB
AnonPages:       1261224 kB
Mapped:           772140 kB
Shmem:             33932 kB
KReclaimable:     530204 kB
Slab:             226220 kB
SReclaimable:      79252 kB
SUnreclaim:       146968 kB
KernelStack:       46996 kB
PageTables:        63828 kB
NFS_Unstable:          0 kB
Bounce:                0 kB
WritebackTmp:          0 kB
CommitLimit:     9202292 kB
Committed_AS:   67485292 kB
VmallocTotal:   263061440 kB
VmallocUsed:      104024 kB
VmallocChunk:          0 kB
Percpu:             7648 kB
CmaTotal:         294912 kB
CmaFree:               0 kB
MemTotal:       12113136 kB
MemFree:          475408 kB
MemAvailable:    7919932 kB
Buffers:            6968 kB
Cached:          7814656 kB
SwapCached:            0 kB
Active:          2103612 kB
Inactive:        6974064 kB
Active(anon):    1161796 kB
Inactive(anon):   132856 kB
Active(file):     941816 kB
Inactive(file):  6841208 kB
Unevictable:        5716 kB
Mlocked:            5716 kB
SwapTotal:       3145724 kB
SwapFree:        3145724 kB
Dirty:               392 kB
Writeback:             0 kB
AnonPages:       1261972 kB
Mapped:           772028 kB
Shmem:             33932 kB
KReclaimable:     530204 kB
Slab:             226212 kB
SReclaimable:      79252 kB
SUnreclaim:       146960 kB
KernelStack:       46960 kB
PageTables:        63588 kB
NFS_Unstable:          0 kB
Bounce:                0 kB
WritebackTmp:          0 kB
CommitLimit:     9202292 kB
Committed_AS:   67488708 kB
VmallocTotal:   263061440 kB
VmallocUsed:      104040 kB
VmallocChunk:          0 kB
Percpu:             7648 kB
CmaTotal:         294912 kB
CmaFree:               0 kB
MemTotal:       12113136 kB
MemFree:          473680 kB
MemAvailable:    7918240 kB
Buffers:            6968 kB
Cached:          7814676 kB
SwapCached:            0 kB
Active:          2104316 kB
Inactive:        6974084 kB
Active(anon):    1162500 kB
Inactive(anon):   132856 kB
Active(file):     941816 kB
Inactive(file):  6841228 kB
Unevictable:        5716 kB
Mlocked:            5716 kB
SwapTotal:       3145724 kB
SwapFree:        3145724 kB
Dirty:               412 kB
Writeback:             0 kB
AnonPages:       1262812 kB
Mapped:           772028 kB
Shmem:             33932 kB
KReclaimable:     530220 kB
Slab:             226236 kB
SReclaimable:      79268 kB
SUnreclaim:       146968 kB
KernelStack:       46944 kB
PageTables:        63580 kB
NFS_Unstable:          0 kB
Bounce:                0 kB
WritebackTmp:          0 kB
CommitLimit:     9202292 kB
Committed_AS:   67491172 kB
VmallocTotal:   263061440 kB
VmallocUsed:      104008 kB
VmallocChunk:          0 kB
Percpu:             7648 kB
CmaTotal:         294912 kB
CmaFree:               0 kB
MemTotal:       12113136 kB
MemFree:          473524 kB
MemAvailable:    7918088 kB
Buffers:            6968 kB
Cached:          7814680 kB
SwapCached:            0 kB
Active:          2104916 kB
Inactive:        6974088 kB
Active(anon):    1163100 kB
Inactive(anon):   132856 kB
Active(file):     941816 kB
Inactive(file):  6841232 kB
Unevictable:        5716 kB
Mlocked:            5716 kB
SwapTotal:       3145724 kB
SwapFree:        3145724 kB
Dirty:               416 kB
Writeback:             0 kB
AnonPages:       1262708 kB
Mapped:           772288 kB
Shmem:             33932 kB
KReclaimable:     530220 kB
Slab:             226228 kB
SReclaimable:      79268 kB
SUnreclaim:       146960 kB
KernelStack:       46992 kB
PageTables:        63556 kB
NFS_Unstable:          0 kB
Bounce:                0 kB
WritebackTmp:          0 kB
CommitLimit:     9202292 kB
Committed_AS:   67488792 kB
VmallocTotal:   263061440 kB
VmallocUsed:      103976 kB
VmallocChunk:          0 kB
Percpu:             7648 kB
CmaTotal:         294912 kB
CmaFree:               0 kB
MemTotal:       12113136 kB
MemFree:          475196 kB
MemAvailable:    7919772 kB
Buffers:            6968 kB
Cached:          7814692 kB
SwapCached:            0 kB
Active:          2103708 kB
Inactive:        6974100 kB
Active(anon):    1161892 kB
Inactive(anon):   132856 kB
Active(file):     941816 kB
Inactive(file):  6841244 kB
Unevictable:        5716 kB
Mlocked:            5716 kB
SwapTotal:       3145724 kB
SwapFree:        3145724 kB
Dirty:               384 kB
Writeback:             0 kB
AnonPages:       1261724 kB
Mapped:           772208 kB
Shmem:             33932 kB
KReclaimable:     530220 kB
Slab:             226244 kB
SReclaimable:      79268 kB
SUnreclaim:       146976 kB
KernelStack:       46992 kB
PageTables:        63532 kB
NFS_Unstable:          0 kB
Bounce:                0 kB
WritebackTmp:          0 kB
CommitLimit:     9202292 kB
Committed_AS:   67492848 kB
VmallocTotal:   263061440 kB
VmallocUsed:      103944 kB
VmallocChunk:          0 kB
Percpu:             7648 kB
CmaTotal:         294912 kB
CmaFree:               0 kB
MemTotal:       12113136 kB
MemFree:          473956 kB
MemAvailable:    7918552 kB
Buffers:            6968 kB
Cached:          7814712 kB
SwapCached:            0 kB
Active:          2104548 kB
Inactive:        6974120 kB
Active(anon):    1162732 kB
Inactive(anon):   132856 kB
Active(file):     941816 kB
Inactive(file):  6841264 kB
Unevictable:        5716 kB
Mlocked:            5716 kB
SwapTotal:       3145724 kB
SwapFree:        3145724 kB
Dirty:               416 kB
Writeback:             0 kB
AnonPages:       1262440 kB
Mapped:           772224 kB
Shmem:             33932 kB
KReclaimable:     530220 kB
Slab:             226228 kB
SReclaimable:      79268 kB
SUnreclaim:       146960 kB
KernelStack:       47012 kB
PageTables:        63924 kB
NFS_Unstable:          0 kB
Bounce:                0 kB
WritebackTmp:          0 kB
CommitLimit:     9202292 kB
Committed_AS:   67492472 kB
VmallocTotal:   263061440 kB
VmallocUsed:      103944 kB
VmallocChunk:          0 kB
Percpu:             7648 kB
CmaTotal:         294912 kB
CmaFree:               0 kB
MemTotal:       12113136 kB
MemFree:          475312 kB
MemAvailable:    7919912 kB
Buffers:            6968 kB
Cached:          7814720 kB
SwapCached:            0 kB
Active:          2105216 kB
Inactive:        6974124 kB
Active(anon):    1163400 kB
Inactive(anon):   132856 kB
Active(file):     941816 kB
Inactive(file):  6841268 kB
Unevictable:        5716 kB
Mlocked:            5716 kB
SwapTotal:       3145724 kB
SwapFree:        3145724 kB
Dirty:               428 kB
Writeback:             0 kB
AnonPages:       1263304 kB
Mapped:           772020 kB
Shmem:             33932 kB
KReclaimable:     530220 kB
Slab:             226244 kB
SReclaimable:      79268 kB
SUnreclaim:       146976 kB
KernelStack:       46992 kB
PageTables:        63552 kB
NFS_Unstable:          0 kB
Bounce:                0 kB
WritebackTmp:          0 kB
CommitLimit:     9202292 kB
Committed_AS:   67493268 kB
VmallocTotal:   263061440 kB
VmallocUsed:      103928 kB
VmallocChunk:          0 kB
Percpu:             7648 kB
CmaTotal:         294912 kB
CmaFree:               0 kB
MemTotal:       12113136 kB
MemFree:          473808 kB
MemAvailable:    7918412 kB
Buffers:            6968 kB
Cached:          7814720 kB
SwapCached:            0 kB
Active:          2106260 kB
Inactive:        6974132 kB
Active(anon):    1164448 kB
Inactive(anon):   132856 kB
Active(file):     941812 kB
Inactive(file):  6841276 kB
Unevictable:        5716 kB
Mlocked:            5716 kB
SwapTotal:       3145724 kB
SwapFree:        3145724 kB
Dirty:               448 kB
Writeback:             0 kB
AnonPages:       1264296 kB
Mapped:           772152 kB
Shmem:             33932 kB
KReclaimable:     530220 kB
Slab:             226228 kB
SReclaimable:      79268 kB
SUnreclaim:       146960 kB
KernelStack:       47012 kB
PageTables:        63604 kB
NFS_Unstable:          0 kB
Bounce:                0 kB
WritebackTmp:          0 kB
CommitLimit:     9202292 kB
Committed_AS:   67492468 kB
VmallocTotal:   263061440 kB
VmallocUsed:      103960 kB
VmallocChunk:          0 kB
Percpu:             7648 kB
CmaTotal:         294912 kB
CmaFree:               0 kB
MemTotal:       12113136 kB
MemFree:          471592 kB
MemAvailable:    7916204 kB
Buffers:            6968 kB
Cached:          7814744 kB
SwapCached:            0 kB
Active:          2106856 kB
Inactive:        6974152 kB
Active(anon):    1165040 kB
Inactive(anon):   132856 kB
Active(file):     941816 kB
Inactive(file):  6841296 kB
Unevictable:        5716 kB
Mlocked:            5716 kB
SwapTotal:       3145724 kB
SwapFree:        3145724 kB
Dirty:               308 kB
Writeback:             0 kB
AnonPages:       1264916 kB
Mapped:           772172 kB
Shmem:             33932 kB
KReclaimable:     530204 kB
Slab:             226212 kB
SReclaimable:      79252 kB
SUnreclaim:       146960 kB
KernelStack:       47008 kB
PageTables:        63780 kB
NFS_Unstable:          0 kB
Bounce:                0 kB
WritebackTmp:          0 kB
CommitLimit:     9202292 kB
Committed_AS:   67481720 kB
VmallocTotal:   263061440 kB
VmallocUsed:      103944 kB
VmallocChunk:          0 kB
Percpu:             7648 kB
CmaTotal:         294912 kB
CmaFree:               0 kB
MemTotal:       12113136 kB
MemFree:          471536 kB
MemAvailable:    7916160 kB
Buffers:            6968 kB
Cached:          7814756 kB
SwapCached:            0 kB
Active:          2107452 kB
Inactive:        6974164 kB
Active(anon):    1165636 kB
Inactive(anon):   132856 kB
Active(file):     941816 kB
Inactive(file):  6841308 kB
Unevictable:        5716 kB
Mlocked:            5716 kB
SwapTotal:       3145724 kB
SwapFree:        3145724 kB
Dirty:               392 kB
Writeback:             0 kB
AnonPages:       1265600 kB
Mapped:           772084 kB
Shmem:             33932 kB
KReclaimable:     530204 kB
Slab:             226212 kB
SReclaimable:      79252 kB
SUnreclaim:       146960 kB
KernelStack:       46948 kB
PageTables:        63828 kB
NFS_Unstable:          0 kB
Bounce:                0 kB
WritebackTmp:          0 kB
CommitLimit:     9202292 kB
Committed_AS:   67481720 kB
VmallocTotal:   263061440 kB
VmallocUsed:      103960 kB
VmallocChunk:          0 kB
Percpu:             7648 kB
CmaTotal:         294912 kB
CmaFree:               4 kB
MemTotal:       12113136 kB
MemFree:          470980 kB
MemAvailable:    7915624 kB
Buffers:            6968 kB
Cached:          7814776 kB
SwapCached:            0 kB
Active:          2107488 kB
Inactive:        6974184 kB
Active(anon):    1165672 kB
Inactive(anon):   132856 kB
Active(file):     941816 kB
Inactive(file):  6841328 kB
Unevictable:        5716 kB
Mlocked:            5716 kB
SwapTotal:       3145724 kB
SwapFree:        3145724 kB
Dirty:               448 kB
Writeback:             0 kB
AnonPages:       1265744 kB
Mapped:           772220 kB
Shmem:             33932 kB
KReclaimable:     530204 kB
Slab:             226220 kB
SReclaimable:      79252 kB
SUnreclaim:       146968 kB
KernelStack:       47008 kB
PageTables:        63680 kB
NFS_Unstable:          0 kB
Bounce:                0 kB
WritebackTmp:          0 kB
CommitLimit:     9202292 kB
Committed_AS:   67471932 kB
VmallocTotal:   263061440 kB
VmallocUsed:      103960 kB
VmallocChunk:          0 kB
Percpu:             7648 kB
CmaTotal:         294912 kB
CmaFree:               0 kB
MemTotal:       12113136 kB
MemFree:          470956 kB
MemAvailable:    7915600 kB
Buffers:            6968 kB
Cached:          7814776 kB
SwapCached:            0 kB
Active:          2108896 kB
Inactive:        6974184 kB
Active(anon):    1167080 kB
Inactive(anon):   132856 kB
Active(file):     941816 kB
Inactive(file):  6841328 kB
Unevictable:        5716 kB
Mlocked:            5716 kB
SwapTotal:       3145724 kB
SwapFree:        3145724 kB
Dirty:               448 kB
Writeback:             0 kB
AnonPages:       1266908 kB
Mapped:           772084 kB
Shmem:             33932 kB
KReclaimable:     530204 kB
Slab:             226204 kB
SReclaimable:      79252 kB
SUnreclaim:       146952 kB
KernelStack:       46944 kB
PageTables:        63712 kB
NFS_Unstable:          0 kB
Bounce:                0 kB
WritebackTmp:          0 kB
CommitLimit:     9202292 kB
Committed_AS:   67476780 kB
VmallocTotal:   263061440 kB
VmallocUsed:      103960 kB
VmallocChunk:          0 kB
Percpu:             7648 kB
CmaTotal:         294912 kB
CmaFree:               0 kB
MemTotal:       12113136 kB
MemFree:          469236 kB
MemAvailable:    7913904 kB
Buffers:            6968 kB
Cached:          7814800 kB
SwapCached:            0 kB
Active:          2108576 kB
Inactive:        6974208 kB
Active(anon):    1166760 kB
Inactive(anon):   132856 kB
Active(file):     941816 kB
Inactive(file):  6841352 kB
Unevictable:        5716 kB
Mlocked:            5716 kB
SwapTotal:       3145724 kB
SwapFree:        3145724 kB
Dirty:               472 kB
Writeback:             0 kB
AnonPages:       1266576 kB
Mapped:           772360 kB
Shmem:             33932 kB
KReclaimable:     530204 kB
Slab:             226220 kB
SReclaimable:      79252 kB
SUnreclaim:       146968 kB
KernelStack:       47008 kB
PageTables:        63988 kB
NFS_Unstable:          0 kB
Bounce:                0 kB
WritebackTmp:          0 kB
CommitLimit:     9202292 kB
Committed_AS:   67486304 kB
VmallocTotal:   263061440 kB
VmallocUsed:      103976 kB
