MemTotal:       12113144 kB
MemFree:         6750972 kB
MemAvailable:    8098756 kB
Buffers:            5212 kB
Cached:          1623648 kB
SwapCached:            0 kB
Active:          1505408 kB
Inactive:        1350096 kB
Active(anon):    1233588 kB
Inactive(anon):    20776 kB
Active(file):     271820 kB
Inactive(file):  1329320 kB
Unevictable:        5864 kB
Mlocked:            5864 kB
SwapTotal:       3145724 kB
SwapFree:        3145724 kB
Dirty:               168 kB
Writeback:             0 kB
AnonPages:       1232456 kB
Mapped:           823020 kB
Shmem:             22888 kB
KReclaimable:     615348 kB
Slab:             206948 kB
SReclaimable:      66956 kB
SUnreclaim:       139992 kB
KernelStack:       44464 kB
PageTables:        61412 kB
NFS_Unstable:          0 kB
Bounce:                0 kB
WritebackTmp:          0 kB
CommitLimit:     9202296 kB
Committed_AS:   66924740 kB
VmallocTotal:   263061440 kB
VmallocUsed:      101496 kB
VmallocChunk:          0 kB
Percpu:             7616 kB
CmaTotal:         294912 kB
CmaFree:               0 kB
MemTotal:       12113144 kB
MemFree:         6748128 kB
MemAvailable:    8095912 kB
Buffers:            5212 kB
Cached:          1623648 kB
SwapCached:            0 kB
Active:          1506496 kB
Inactive:        1350096 kB
Active(anon):    1234676 kB
Inactive(anon):    20776 kB
Active(file):     271820 kB
Inactive(file):  1329320 kB
Unevictable:        5864 kB
Mlocked:            5864 kB
SwapTotal:       3145724 kB
SwapFree:        3145724 kB
Dirty:               180 kB
Writeback:             0 kB
AnonPages:       1233400 kB
Mapped:           822884 kB
Shmem:             22888 kB
KReclaimable:     615348 kB
Slab:             206956 kB
SReclaimable:      66956 kB
SUnreclaim:       140000 kB
KernelStack:       44496 kB
PageTables:        61340 kB
NFS_Unstable:          0 kB
Bounce:                0 kB
WritebackTmp:          0 kB
CommitLimit:     9202296 kB
Committed_AS:   66937736 kB
VmallocTotal:   263061440 kB
VmallocUsed:      101544 kB
VmallocChunk:          0 kB
Percpu:             7616 kB
CmaTotal:         294912 kB
CmaFree:               0 kB
MemTotal:       12113144 kB
MemFree:         6746604 kB
MemAvailable:    8094400 kB
Buffers:            5216 kB
Cached:          1623656 kB
SwapCached:            0 kB
Active:          1506988 kB
Inactive:        1350104 kB
Active(anon):    1235164 kB
Inactive(anon):    20776 kB
Active(file):     271824 kB
Inactive(file):  1329328 kB
Unevictable:        5864 kB
Mlocked:            5864 kB
SwapTotal:       3145724 kB
SwapFree:        3145724 kB
Dirty:               136 kB
Writeback:             0 kB
AnonPages:       1234340 kB
Mapped:           822884 kB
Shmem:             22888 kB
KReclaimable:     615348 kB
Slab:             206948 kB
SReclaimable:      66956 kB
SUnreclaim:       139992 kB
KernelStack:       44480 kB
PageTables:        61332 kB
NFS_Unstable:          0 kB
Bounce:                0 kB
WritebackTmp:          0 kB
CommitLimit:     9202296 kB
Committed_AS:   66945432 kB
VmallocTotal:   263061440 kB
VmallocUsed:      101576 kB
VmallocChunk:          0 kB
Percpu:             7616 kB
CmaTotal:         294912 kB
CmaFree:               0 kB
MemTotal:       12113144 kB
MemFree:         6745548 kB
MemAvailable:    8093344 kB
Buffers:            5216 kB
Cached:          1623656 kB
SwapCached:            0 kB
Active:          1508772 kB
Inactive:        1350104 kB
Active(anon):    1236948 kB
Inactive(anon):    20776 kB
Active(file):     271824 kB
Inactive(file):  1329328 kB
Unevictable:        5864 kB
Mlocked:            5864 kB
SwapTotal:       3145724 kB
SwapFree:        3145724 kB
Dirty:               272 kB
Writeback:             0 kB
AnonPages:       1236048 kB
Mapped:           822884 kB
Shmem:             22888 kB
KReclaimable:     615348 kB
Slab:             206964 kB
SReclaimable:      66956 kB
SUnreclaim:       140008 kB
KernelStack:       44464 kB
PageTables:        61196 kB
NFS_Unstable:          0 kB
Bounce:                0 kB
WritebackTmp:          0 kB
CommitLimit:     9202296 kB
Committed_AS:   66938908 kB
VmallocTotal:   263061440 kB
VmallocUsed:      101592 kB
VmallocChunk:          0 kB
Percpu:             7616 kB
CmaTotal:         294912 kB
CmaFree:               0 kB
MemTotal:       12113144 kB
MemFree:         6744768 kB
MemAvailable:    8092572 kB
Buffers:            5216 kB
Cached:          1623664 kB
SwapCached:            0 kB
Active:          1509308 kB
Inactive:        1350112 kB
Active(anon):    1237484 kB
Inactive(anon):    20776 kB
Active(file):     271824 kB
Inactive(file):  1329336 kB
Unevictable:        5864 kB
Mlocked:            5864 kB
SwapTotal:       3145724 kB
SwapFree:        3145724 kB
Dirty:               288 kB
Writeback:             0 kB
AnonPages:       1236588 kB
Mapped:           822892 kB
Shmem:             22888 kB
KReclaimable:     615348 kB
Slab:             206964 kB
SReclaimable:      66956 kB
SUnreclaim:       140008 kB
KernelStack:       44496 kB
PageTables:        61376 kB
NFS_Unstable:          0 kB
Bounce:                0 kB
WritebackTmp:          0 kB
CommitLimit:     9202296 kB
Committed_AS:   66939444 kB
VmallocTotal:   263061440 kB
VmallocUsed:      101560 kB
VmallocChunk:          0 kB
Percpu:             7616 kB
CmaTotal:         294912 kB
CmaFree:               4 kB
MemTotal:       12113144 kB
MemFree:         6752076 kB
MemAvailable:    8099880 kB
Buffers:            5216 kB
Cached:          1623664 kB
SwapCached:            0 kB
Active:          1502196 kB
Inactive:        1350112 kB
Active(anon):    1230372 kB
Inactive(anon):    20776 kB
Active(file):     271824 kB
Inactive(file):  1329336 kB
Unevictable:        5864 kB
Mlocked:            5864 kB
SwapTotal:       3145724 kB
SwapFree:        3145724 kB
Dirty:               288 kB
Writeback:             0 kB
AnonPages:       1229104 kB
Mapped:           822892 kB
Shmem:             22888 kB
KReclaimable:     615348 kB
Slab:             206964 kB
SReclaimable:      66956 kB
SUnreclaim:       140008 kB
KernelStack:       44496 kB
PageTables:        61304 kB
NFS_Unstable:          0 kB
Bounce:                0 kB
WritebackTmp:          0 kB
CommitLimit:     9202296 kB
Committed_AS:   66942716 kB
VmallocTotal:   263061440 kB
VmallocUsed:      101544 kB
VmallocChunk:          0 kB
Percpu:             7616 kB
CmaTotal:         294912 kB
CmaFree:               0 kB
MemTotal:       12113144 kB
MemFree:         6752208 kB
MemAvailable:    8100032 kB
Buffers:            5224 kB
Cached:          1623680 kB
SwapCached:            0 kB
Active:          1501380 kB
Inactive:        1350128 kB
Active(anon):    1229548 kB
Inactive(anon):    20780 kB
Active(file):     271832 kB
Inactive(file):  1329348 kB
Unevictable:        5864 kB
Mlocked:            5864 kB
SwapTotal:       3145724 kB
SwapFree:        3145724 kB
Dirty:               316 kB
Writeback:             0 kB
AnonPages:       1228640 kB
Mapped:           823156 kB
Shmem:             22892 kB
KReclaimable:     615348 kB
Slab:             206964 kB
SReclaimable:      66956 kB
SUnreclaim:       140008 kB
KernelStack:       44480 kB
PageTables:        61336 kB
NFS_Unstable:          0 kB
Bounce:                0 kB
WritebackTmp:          0 kB
CommitLimit:     9202296 kB
Committed_AS:   66939136 kB
VmallocTotal:   263061440 kB
VmallocUsed:      101528 kB
VmallocChunk:          0 kB
Percpu:             7616 kB
CmaTotal:         294912 kB
CmaFree:               0 kB
MemTotal:       12113144 kB
MemFree:         6750008 kB
MemAvailable:    8097832 kB
Buffers:            5224 kB
Cached:          1623680 kB
SwapCached:            0 kB
Active:          1502112 kB
Inactive:        1350128 kB
Active(anon):    1230280 kB
Inactive(anon):    20780 kB
Active(file):     271832 kB
Inactive(file):  1329348 kB
Unevictable:        5864 kB
Mlocked:            5864 kB
SwapTotal:       3145724 kB
SwapFree:        3145724 kB
Dirty:               140 kB
Writeback:             0 kB
AnonPages:       1229356 kB
Mapped:           823156 kB
Shmem:             22892 kB
KReclaimable:     615348 kB
Slab:             206968 kB
SReclaimable:      66956 kB
SUnreclaim:       140012 kB
KernelStack:       44480 kB
PageTables:        61336 kB
NFS_Unstable:          0 kB
Bounce:                0 kB
WritebackTmp:          0 kB
CommitLimit:     9202296 kB
Committed_AS:   66941408 kB
VmallocTotal:   263061440 kB
VmallocUsed:      101560 kB
VmallocChunk:          0 kB
Percpu:             7616 kB
CmaTotal:         294912 kB
CmaFree:               0 kB
MemTotal:       12113144 kB
MemFree:         6750052 kB
MemAvailable:    8097884 kB
Buffers:            5224 kB
Cached:          1623692 kB
SwapCached:            0 kB
Active:          1503592 kB
Inactive:        1350140 kB
Active(anon):    1231760 kB
Inactive(anon):    20784 kB
Active(file):     271832 kB
Inactive(file):  1329356 kB
Unevictable:        5864 kB
Mlocked:            5864 kB
SwapTotal:       3145724 kB
SwapFree:        3145724 kB
Dirty:               188 kB
Writeback:             0 kB
AnonPages:       1230772 kB
Mapped:           822900 kB
Shmem:             22896 kB
KReclaimable:     615348 kB
Slab:             206968 kB
SReclaimable:      66956 kB
SUnreclaim:       140012 kB
KernelStack:       44480 kB
PageTables:        61344 kB
NFS_Unstable:          0 kB
Bounce:                0 kB
WritebackTmp:          0 kB
CommitLimit:     9202296 kB
Committed_AS:   66937500 kB
VmallocTotal:   263061440 kB
VmallocUsed:      101592 kB
VmallocChunk:          0 kB
Percpu:             7616 kB
CmaTotal:         294912 kB
CmaFree:               0 kB
MemTotal:       12113144 kB
MemFree:         6750368 kB
MemAvailable:    8098212 kB
Buffers:            5228 kB
Cached:          1623700 kB
SwapCached:            0 kB
Active:          1504860 kB
Inactive:        1350148 kB
Active(anon):    1233024 kB
Inactive(anon):    20784 kB
Active(file):     271836 kB
Inactive(file):  1329364 kB
Unevictable:        5864 kB
Mlocked:            5864 kB
SwapTotal:       3145724 kB
SwapFree:        3145724 kB
Dirty:               156 kB
Writeback:             0 kB
AnonPages:       1232164 kB
Mapped:           822900 kB
Shmem:             22896 kB
KReclaimable:     615348 kB
Slab:             206968 kB
SReclaimable:      66956 kB
SUnreclaim:       140012 kB
KernelStack:       44480 kB
PageTables:        61344 kB
NFS_Unstable:          0 kB
Bounce:                0 kB
WritebackTmp:          0 kB
CommitLimit:     9202296 kB
Committed_AS:   66941044 kB
VmallocTotal:   263061440 kB
VmallocUsed:      101560 kB
VmallocChunk:          0 kB
Percpu:             7616 kB
CmaTotal:         294912 kB
CmaFree:               0 kB
MemTotal:       12113144 kB
MemFree:         6748168 kB
MemAvailable:    8096012 kB
Buffers:            5228 kB
Cached:          1623704 kB
SwapCached:            0 kB
Active:          1505648 kB
Inactive:        1350152 kB
Active(anon):    1233812 kB
Inactive(anon):    20788 kB
Active(file):     271836 kB
Inactive(file):  1329364 kB
Unevictable:        5864 kB
Mlocked:            5864 kB
SwapTotal:       3145724 kB
SwapFree:        3145724 kB
Dirty:               164 kB
Writeback:             0 kB
AnonPages:       1232692 kB
Mapped:           823164 kB
Shmem:             22900 kB
KReclaimable:     615348 kB
Slab:             206968 kB
SReclaimable:      66956 kB
SUnreclaim:       140012 kB
KernelStack:       44480 kB
PageTables:        61340 kB
NFS_Unstable:          0 kB
Bounce:                0 kB
WritebackTmp:          0 kB
CommitLimit:     9202296 kB
Committed_AS:   66926948 kB
VmallocTotal:   263061440 kB
VmallocUsed:      101560 kB
VmallocChunk:          0 kB
Percpu:             7616 kB
CmaTotal:         294912 kB
CmaFree:               0 kB
MemTotal:       12113144 kB
MemFree:         6748780 kB
MemAvailable:    8096628 kB
Buffers:            5228 kB
Cached:          1623708 kB
SwapCached:            0 kB
Active:          1506264 kB
Inactive:        1350156 kB
Active(anon):    1234428 kB
Inactive(anon):    20792 kB
Active(file):     271836 kB
Inactive(file):  1329364 kB
Unevictable:        5864 kB
Mlocked:            5864 kB
SwapTotal:       3145724 kB
SwapFree:        3145724 kB
Dirty:               164 kB
Writeback:             0 kB
AnonPages:       1233924 kB
Mapped:           822908 kB
Shmem:             22904 kB
KReclaimable:     615352 kB
Slab:             206964 kB
SReclaimable:      66960 kB
SUnreclaim:       140004 kB
KernelStack:       44512 kB
PageTables:        61476 kB
NFS_Unstable:          0 kB
Bounce:                0 kB
WritebackTmp:          0 kB
CommitLimit:     9202296 kB
Committed_AS:   66943428 kB
VmallocTotal:   263061440 kB
VmallocUsed:      101544 kB
VmallocChunk:          0 kB
Percpu:             7616 kB
CmaTotal:         294912 kB
CmaFree:               0 kB
MemTotal:       12113144 kB
MemFree:         6746100 kB
MemAvailable:    8093956 kB
Buffers:            5228 kB
Cached:          1623716 kB
SwapCached:            0 kB
Active:          1507632 kB
Inactive:        1350164 kB
Active(anon):    1235796 kB
Inactive(anon):    20792 kB
Active(file):     271836 kB
Inactive(file):  1329372 kB
Unevictable:        5864 kB
Mlocked:            5864 kB
SwapTotal:       3145724 kB
SwapFree:        3145724 kB
Dirty:               192 kB
Writeback:             0 kB
AnonPages:       1234860 kB
Mapped:           823168 kB
Shmem:             22904 kB
KReclaimable:     615352 kB
Slab:             206972 kB
SReclaimable:      66960 kB
SUnreclaim:       140012 kB
KernelStack:       44480 kB
PageTables:        61344 kB
NFS_Unstable:          0 kB
Bounce:                0 kB
WritebackTmp:          0 kB
CommitLimit:     9202296 kB
Committed_AS:   66924040 kB
VmallocTotal:   263061440 kB
VmallocUsed:      101512 kB
VmallocChunk:          0 kB
Percpu:             7616 kB
CmaTotal:         294912 kB
CmaFree:               0 kB
MemTotal:       12113144 kB
MemFree:         6746024 kB
MemAvailable:    8093892 kB
Buffers:            5236 kB
Cached:          1623728 kB
SwapCached:            0 kB
Active:          1509056 kB
Inactive:        1350184 kB
Active(anon):    1237220 kB
Inactive(anon):    20800 kB
Active(file):     271836 kB
Inactive(file):  1329384 kB
Unevictable:        5864 kB
Mlocked:            5864 kB
SwapTotal:       3145724 kB
SwapFree:        3145724 kB
Dirty:               192 kB
Writeback:             0 kB
AnonPages:       1236424 kB
Mapped:           822980 kB
Shmem:             22912 kB
KReclaimable:     615352 kB
Slab:             206972 kB
SReclaimable:      66960 kB
SUnreclaim:       140012 kB
KernelStack:       44496 kB
PageTables:        61352 kB
NFS_Unstable:          0 kB
Bounce:                0 kB
WritebackTmp:          0 kB
CommitLimit:     9202296 kB
Committed_AS:   66942884 kB
VmallocTotal:   263061440 kB
VmallocUsed:      101496 kB
VmallocChunk:          0 kB
Percpu:             7616 kB
CmaTotal:         294912 kB
CmaFree:               0 kB
MemTotal:       12113144 kB
MemFree:         6742304 kB
MemAvailable:    8090180 kB
Buffers:            5236 kB
Cached:          1623760 kB
SwapCached:            0 kB
Active:          1511156 kB
Inactive:        1350208 kB
Active(anon):    1239312 kB
Inactive(anon):    20824 kB
Active(file):     271844 kB
Inactive(file):  1329384 kB
Unevictable:        5864 kB
Mlocked:            5864 kB
SwapTotal:       3145724 kB
SwapFree:        3145724 kB
Dirty:               252 kB
Writeback:             0 kB
AnonPages:       1238432 kB
Mapped:           822940 kB
Shmem:             22936 kB
KReclaimable:     615352 kB
Slab:             206972 kB
SReclaimable:      66960 kB
SUnreclaim:       140012 kB
KernelStack:       44496 kB
PageTables:        61488 kB
NFS_Unstable:          0 kB
Bounce:                0 kB
WritebackTmp:          0 kB
CommitLimit:     9202296 kB
Committed_AS:   66936800 kB
VmallocTotal:   263061440 kB
VmallocUsed:      101592 kB
VmallocChunk:          0 kB
Percpu:             7616 kB
CmaTotal:         294912 kB
CmaFree:               0 kB
MemTotal:       12113144 kB
MemFree:         6741548 kB
MemAvailable:    8089432 kB
Buffers:            5236 kB
Cached:          1623784 kB
SwapCached:            0 kB
Active:          1513124 kB
Inactive:        1350232 kB
Active(anon):    1241280 kB
Inactive(anon):    20840 kB
Active(file):     271844 kB
Inactive(file):  1329392 kB
Unevictable:        5864 kB
Mlocked:            5864 kB
SwapTotal:       3145724 kB
SwapFree:        3145724 kB
Dirty:               332 kB
Writeback:             0 kB
AnonPages:       1240468 kB
Mapped:           823216 kB
Shmem:             22952 kB
KReclaimable:     615352 kB
Slab:             206972 kB
SReclaimable:      66960 kB
SUnreclaim:       140012 kB
KernelStack:       44496 kB
PageTables:        61492 kB
NFS_Unstable:          0 kB
Bounce:                0 kB
WritebackTmp:          0 kB
CommitLimit:     9202296 kB
Committed_AS:   66945224 kB
VmallocTotal:   263061440 kB
VmallocUsed:      101576 kB
VmallocChunk:          0 kB
Percpu:             7616 kB
CmaTotal:         294912 kB
CmaFree:               0 kB
MemTotal:       12113144 kB
MemFree:         6739652 kB
MemAvailable:    8087556 kB
Buffers:            5240 kB
Cached:          1623800 kB
SwapCached:            0 kB
Active:          1514784 kB
Inactive:        1350248 kB
Active(anon):    1242936 kB
Inactive(anon):    20840 kB
Active(file):     271848 kB
Inactive(file):  1329408 kB
Unevictable:        5864 kB
Mlocked:            5864 kB
SwapTotal:       3145724 kB
SwapFree:        3145724 kB
Dirty:               168 kB
Writeback:             0 kB
AnonPages:       1241836 kB
Mapped:           822956 kB
Shmem:             22952 kB
KReclaimable:     615352 kB
Slab:             206968 kB
SReclaimable:      66960 kB
SUnreclaim:       140008 kB
KernelStack:       44480 kB
PageTables:        61496 kB
NFS_Unstable:          0 kB
Bounce:                0 kB
WritebackTmp:          0 kB
CommitLimit:     9202296 kB
Committed_AS:   66936148 kB
VmallocTotal:   263061440 kB
VmallocUsed:      101528 kB
VmallocChunk:          0 kB
Percpu:             7616 kB
CmaTotal:         294912 kB
CmaFree:               0 kB
MemTotal:       12113144 kB
MemFree:         6746452 kB
MemAvailable:    8094152 kB
Buffers:            5240 kB
Cached:          1623804 kB
SwapCached:            0 kB
Active:          1507044 kB
Inactive:        1350252 kB
Active(anon):    1235196 kB
Inactive(anon):    20844 kB
Active(file):     271848 kB
Inactive(file):  1329408 kB
Unevictable:        5864 kB
Mlocked:            5864 kB
SwapTotal:       3145724 kB
SwapFree:        3145724 kB
Dirty:               148 kB
Writeback:             0 kB
AnonPages:       1234072 kB
Mapped:           823144 kB
Shmem:             22956 kB
KReclaimable:     615148 kB
Slab:             206968 kB
SReclaimable:      66960 kB
SUnreclaim:       140008 kB
KernelStack:       44464 kB
PageTables:        61372 kB
NFS_Unstable:          0 kB
Bounce:                0 kB
WritebackTmp:          0 kB
CommitLimit:     9202296 kB
Committed_AS:   66936748 kB
VmallocTotal:   263061440 kB
VmallocUsed:      101528 kB
VmallocChunk:          0 kB
Percpu:             7616 kB
CmaTotal:         294912 kB
CmaFree:               0 kB
MemTotal:       12113144 kB
MemFree:         6746084 kB
MemAvailable:    8093784 kB
Buffers:            5240 kB
Cached:          1623808 kB
SwapCached:            0 kB
Active:          1508972 kB
Inactive:        1350256 kB
Active(anon):    1237124 kB
Inactive(anon):    20848 kB
Active(file):     271848 kB
Inactive(file):  1329408 kB
Unevictable:        5864 kB
Mlocked:            5864 kB
SwapTotal:       3145724 kB
SwapFree:        3145724 kB
Dirty:               120 kB
Writeback:             0 kB
AnonPages:       1236320 kB
Mapped:           822960 kB
Shmem:             22960 kB
KReclaimable:     615148 kB
Slab:             207000 kB
SReclaimable:      66960 kB
SUnreclaim:       140040 kB
KernelStack:       44464 kB
PageTables:        61460 kB
NFS_Unstable:          0 kB
Bounce:                0 kB
WritebackTmp:          0 kB
CommitLimit:     9202296 kB
Committed_AS:   66939712 kB
VmallocTotal:   263061440 kB
VmallocUsed:      101560 kB
VmallocChunk:          0 kB
Percpu:             7616 kB
CmaTotal:         294912 kB
CmaFree:               0 kB
MemTotal:       12113144 kB
MemFree:         6743216 kB
MemAvailable:    8090924 kB
Buffers:            5240 kB
Cached:          1623816 kB
SwapCached:            0 kB
Active:          1510416 kB
Inactive:        1350264 kB
Active(anon):    1238568 kB
Inactive(anon):    20848 kB
Active(file):     271848 kB
Inactive(file):  1329416 kB
Unevictable:        5864 kB
Mlocked:            5864 kB
SwapTotal:       3145724 kB
SwapFree:        3145724 kB
Dirty:               156 kB
Writeback:             0 kB
AnonPages:       1237396 kB
Mapped:           823208 kB
Shmem:             22960 kB
KReclaimable:     615148 kB
Slab:             207000 kB
SReclaimable:      66960 kB
SUnreclaim:       140040 kB
KernelStack:       44496 kB
PageTables:        61412 kB
NFS_Unstable:          0 kB
Bounce:                0 kB
WritebackTmp:          0 kB
CommitLimit:     9202296 kB
Committed_AS:   66932492 kB
VmallocTotal:   263061440 kB
VmallocUsed:      101528 kB
VmallocChunk:          0 kB
Percpu:             7616 kB
CmaTotal:         294912 kB
CmaFree:               0 kB
MemTotal:       12113144 kB
MemFree:         6731948 kB
MemAvailable:    8079672 kB
Buffers:            5244 kB
Cached:          1623828 kB
SwapCached:            0 kB
Active:          1521120 kB
Inactive:        1350276 kB
Active(anon):    1249268 kB
Inactive(anon):    20848 kB
Active(file):     271852 kB
Inactive(file):  1329428 kB
Unevictable:        5864 kB
Mlocked:            5864 kB
SwapTotal:       3145724 kB
SwapFree:        3145724 kB
Dirty:               196 kB
Writeback:             0 kB
AnonPages:       1248184 kB
Mapped:           823152 kB
Shmem:             22960 kB
KReclaimable:     615148 kB
Slab:             207000 kB
SReclaimable:      66960 kB
SUnreclaim:       140040 kB
KernelStack:       44464 kB
PageTables:        61220 kB
NFS_Unstable:          0 kB
Bounce:                0 kB
WritebackTmp:          0 kB
CommitLimit:     9202296 kB
Committed_AS:   66939624 kB
VmallocTotal:   263061440 kB
VmallocUsed:      101544 kB
VmallocChunk:          0 kB
Percpu:             7616 kB
CmaTotal:         294912 kB
CmaFree:               0 kB
MemTotal:       12113144 kB
MemFree:         6734148 kB
MemAvailable:    8081876 kB
Buffers:            5244 kB
Cached:          1623832 kB
SwapCached:            0 kB
Active:          1519072 kB
Inactive:        1350280 kB
Active(anon):    1247220 kB
Inactive(anon):    20852 kB
Active(file):     271852 kB
Inactive(file):  1329428 kB
Unevictable:        5864 kB
Mlocked:            5864 kB
SwapTotal:       3145724 kB
SwapFree:        3145724 kB
Dirty:               108 kB
Writeback:             0 kB
AnonPages:       1246540 kB
Mapped:           823236 kB
Shmem:             22964 kB
KReclaimable:     615152 kB
Slab:             207004 kB
SReclaimable:      66964 kB
SUnreclaim:       140040 kB
KernelStack:       44464 kB
PageTables:        61360 kB
NFS_Unstable:          0 kB
Bounce:                0 kB
WritebackTmp:          0 kB
CommitLimit:     9202296 kB
Committed_AS:   66950220 kB
VmallocTotal:   263061440 kB
VmallocUsed:      101560 kB
VmallocChunk:          0 kB
Percpu:             7616 kB
CmaTotal:         294912 kB
CmaFree:               0 kB
MemTotal:       12113144 kB
MemFree:         6728664 kB
MemAvailable:    8076400 kB
Buffers:            5244 kB
Cached:          1623840 kB
SwapCached:            0 kB
Active:          1526336 kB
Inactive:        1350288 kB
Active(anon):    1254484 kB
Inactive(anon):    20852 kB
Active(file):     271852 kB
Inactive(file):  1329436 kB
Unevictable:        5864 kB
Mlocked:            5864 kB
SwapTotal:       3145724 kB
SwapFree:        3145724 kB
Dirty:               160 kB
Writeback:             0 kB
AnonPages:       1253516 kB
Mapped:           823236 kB
Shmem:             22964 kB
KReclaimable:     615152 kB
Slab:             207012 kB
SReclaimable:      66964 kB
SUnreclaim:       140048 kB
KernelStack:       44464 kB
PageTables:        61360 kB
NFS_Unstable:          0 kB
Bounce:                0 kB
WritebackTmp:          0 kB
CommitLimit:     9202296 kB
Committed_AS:   66940616 kB
VmallocTotal:   263061440 kB
VmallocUsed:      101576 kB
VmallocChunk:          0 kB
Percpu:             7616 kB
CmaTotal:         294912 kB
CmaFree:               0 kB
MemTotal:       12113144 kB
MemFree:         6728748 kB
MemAvailable:    8076232 kB
Buffers:            5244 kB
Cached:          1623844 kB
SwapCached:            0 kB
Active:          1526592 kB
Inactive:        1350292 kB
Active(anon):    1254740 kB
Inactive(anon):    20856 kB
Active(file):     271852 kB
Inactive(file):  1329436 kB
Unevictable:        5864 kB
Mlocked:            5864 kB
SwapTotal:       3145724 kB
SwapFree:        3145724 kB
Dirty:               148 kB
Writeback:             0 kB
AnonPages:       1253660 kB
Mapped:           822944 kB
Shmem:             22968 kB
KReclaimable:     615152 kB
Slab:             207012 kB
SReclaimable:      66964 kB
SUnreclaim:       140048 kB
KernelStack:       44464 kB
PageTables:        61240 kB
NFS_Unstable:          0 kB
Bounce:                0 kB
WritebackTmp:          0 kB
CommitLimit:     9202296 kB
Committed_AS:   66942044 kB
VmallocTotal:   263061440 kB
VmallocUsed:      101512 kB
VmallocChunk:          0 kB
Percpu:             7616 kB
CmaTotal:         294912 kB
CmaFree:               0 kB
MemTotal:       12113144 kB
MemFree:         6746588 kB
MemAvailable:    8094340 kB
Buffers:            5248 kB
Cached:          1623860 kB
SwapCached:            0 kB
Active:          1506520 kB
Inactive:        1350308 kB
Active(anon):    1234664 kB
Inactive(anon):    20860 kB
Active(file):     271856 kB
Inactive(file):  1329448 kB
Unevictable:        5864 kB
Mlocked:            5864 kB
SwapTotal:       3145724 kB
SwapFree:        3145724 kB
Dirty:               120 kB
Writeback:             0 kB
AnonPages:       1233968 kB
Mapped:           822984 kB
Shmem:             22972 kB
KReclaimable:     615152 kB
Slab:             207012 kB
SReclaimable:      66964 kB
SUnreclaim:       140048 kB
KernelStack:       44496 kB
PageTables:        61380 kB
NFS_Unstable:          0 kB
Bounce:                0 kB
WritebackTmp:          0 kB
CommitLimit:     9202296 kB
Committed_AS:   66946488 kB
VmallocTotal:   263061440 kB
VmallocUsed:      101560 kB
VmallocChunk:          0 kB
Percpu:             7616 kB
CmaTotal:         294912 kB
CmaFree:              72 kB
MemTotal:       12113144 kB
MemFree:         6744588 kB
MemAvailable:    8092340 kB
Buffers:            5248 kB
Cached:          1623864 kB
SwapCached:            0 kB
Active:          1508736 kB
Inactive:        1350312 kB
Active(anon):    1236880 kB
Inactive(anon):    20864 kB
Active(file):     271856 kB
Inactive(file):  1329448 kB
Unevictable:        5864 kB
Mlocked:            5864 kB
SwapTotal:       3145724 kB
SwapFree:        3145724 kB
Dirty:               176 kB
Writeback:             0 kB
AnonPages:       1235644 kB
Mapped:           823248 kB
Shmem:             22976 kB
KReclaimable:     615152 kB
Slab:             207012 kB
SReclaimable:      66964 kB
SUnreclaim:       140048 kB
KernelStack:       44448 kB
PageTables:        61356 kB
NFS_Unstable:          0 kB
Bounce:                0 kB
WritebackTmp:          0 kB
CommitLimit:     9202296 kB
Committed_AS:   66943148 kB
VmallocTotal:   263061440 kB
VmallocUsed:      101576 kB
VmallocChunk:          0 kB
Percpu:             7616 kB
CmaTotal:         294912 kB
CmaFree:               0 kB
MemTotal:       12113144 kB
MemFree:         6755196 kB
MemAvailable:    8102956 kB
Buffers:            5248 kB
Cached:          1623868 kB
SwapCached:            0 kB
Active:          1496952 kB
Inactive:        1350316 kB
Active(anon):    1225096 kB
Inactive(anon):    20864 kB
Active(file):     271856 kB
Inactive(file):  1329452 kB
Unevictable:        5864 kB
Mlocked:            5864 kB
SwapTotal:       3145724 kB
SwapFree:        3145724 kB
Dirty:               284 kB
Writeback:             0 kB
AnonPages:       1224176 kB
Mapped:           822988 kB
Shmem:             22976 kB
KReclaimable:     615156 kB
Slab:             207016 kB
SReclaimable:      66968 kB
SUnreclaim:       140048 kB
KernelStack:       44448 kB
PageTables:        61360 kB
NFS_Unstable:          0 kB
Bounce:                0 kB
WritebackTmp:          0 kB
CommitLimit:     9202296 kB
Committed_AS:   66949008 kB
VmallocTotal:   263061440 kB
VmallocUsed:      101592 kB
VmallocChunk:          0 kB
Percpu:             7616 kB
CmaTotal:         294912 kB
CmaFree:               0 kB
MemTotal:       12113144 kB
MemFree:         6747324 kB
MemAvailable:    8095104 kB
Buffers:            5252 kB
Cached:          1623892 kB
SwapCached:            0 kB
Active:          1505196 kB
Inactive:        1350344 kB
Active(anon):    1233340 kB
Inactive(anon):    20872 kB
Active(file):     271856 kB
Inactive(file):  1329472 kB
Unevictable:        5864 kB
Mlocked:            5864 kB
SwapTotal:       3145724 kB
SwapFree:        3145724 kB
Dirty:               308 kB
Writeback:             0 kB
AnonPages:       1232168 kB
Mapped:           823244 kB
Shmem:             22984 kB
KReclaimable:     615156 kB
Slab:             207040 kB
SReclaimable:      66968 kB
SUnreclaim:       140072 kB
KernelStack:       44448 kB
PageTables:        61324 kB
NFS_Unstable:          0 kB
Bounce:                0 kB
WritebackTmp:          0 kB
CommitLimit:     9202296 kB
Committed_AS:   66946784 kB
VmallocTotal:   263061440 kB
VmallocUsed:      101544 kB
VmallocChunk:          0 kB
Percpu:             7616 kB
CmaTotal:         294912 kB
CmaFree:              24 kB
MemTotal:       12113144 kB
MemFree:         6754368 kB
MemAvailable:    8102148 kB
Buffers:            5252 kB
Cached:          1623916 kB
SwapCached:            0 kB
Active:          1500020 kB
Inactive:        1350368 kB
Active(anon):    1228164 kB
Inactive(anon):    20896 kB
Active(file):     271856 kB
Inactive(file):  1329472 kB
Unevictable:        5864 kB
Mlocked:            5864 kB
SwapTotal:       3145724 kB
SwapFree:        3145724 kB
Dirty:               356 kB
Writeback:             0 kB
AnonPages:       1227308 kB
Mapped:           823020 kB
Shmem:             23008 kB
KReclaimable:     615156 kB
Slab:             207020 kB
SReclaimable:      66968 kB
SUnreclaim:       140052 kB
KernelStack:       44560 kB
PageTables:        61504 kB
NFS_Unstable:          0 kB
Bounce:                0 kB
WritebackTmp:          0 kB
CommitLimit:     9202296 kB
Committed_AS:   66941956 kB
VmallocTotal:   263061440 kB
VmallocUsed:      101624 kB
VmallocChunk:          0 kB
Percpu:             7616 kB
CmaTotal:         294912 kB
CmaFree:               0 kB
MemTotal:       12113144 kB
MemFree:         6749372 kB
MemAvailable:    8097164 kB
Buffers:            5252 kB
Cached:          1623944 kB
SwapCached:            0 kB
Active:          1505124 kB
Inactive:        1350376 kB
Active(anon):    1233248 kB
Inactive(anon):    20912 kB
Active(file):     271876 kB
Inactive(file):  1329464 kB
Unevictable:        5864 kB
Mlocked:            5864 kB
SwapTotal:       3145724 kB
SwapFree:        3145724 kB
Dirty:               508 kB
Writeback:             0 kB
AnonPages:       1232284 kB
Mapped:           823036 kB
Shmem:             23024 kB
KReclaimable:     615156 kB
Slab:             207048 kB
SReclaimable:      66968 kB
SUnreclaim:       140080 kB
KernelStack:       44608 kB
PageTables:        61504 kB
NFS_Unstable:          0 kB
Bounce:                0 kB
WritebackTmp:          0 kB
CommitLimit:     9202296 kB
Committed_AS:   66946488 kB
VmallocTotal:   263061440 kB
VmallocUsed:      101688 kB
VmallocChunk:          0 kB
Percpu:             7616 kB
CmaTotal:         294912 kB
CmaFree:               0 kB
MemTotal:       12113144 kB
MemFree:         6747752 kB
MemAvailable:    8095556 kB
Buffers:            5256 kB
Cached:          1623952 kB
SwapCached:            0 kB
Active:          1505156 kB
Inactive:        1350384 kB
Active(anon):    1233276 kB
Inactive(anon):    20912 kB
Active(file):     271880 kB
Inactive(file):  1329472 kB
Unevictable:        5864 kB
Mlocked:            5864 kB
SwapTotal:       3145724 kB
SwapFree:        3145724 kB
Dirty:               184 kB
Writeback:             0 kB
AnonPages:       1232388 kB
Mapped:           823036 kB
Shmem:             23024 kB
KReclaimable:     615156 kB
Slab:             207076 kB
SReclaimable:      66968 kB
SUnreclaim:       140108 kB
KernelStack:       44592 kB
PageTables:        61368 kB
NFS_Unstable:          0 kB
Bounce:                0 kB
WritebackTmp:          0 kB
CommitLimit:     9202296 kB
Committed_AS:   66951532 kB
VmallocTotal:   263061440 kB
VmallocUsed:      101688 kB
VmallocChunk:          0 kB
Percpu:             7616 kB
CmaTotal:         294912 kB
CmaFree:              12 kB
MemTotal:       12113144 kB
MemFree:         6747032 kB
MemAvailable:    8094836 kB
Buffers:            5256 kB
Cached:          1623952 kB
SwapCached:            0 kB
Active:          1506136 kB
Inactive:        1350384 kB
Active(anon):    1234256 kB
Inactive(anon):    20912 kB
Active(file):     271880 kB
Inactive(file):  1329472 kB
Unevictable:        5864 kB
Mlocked:            5864 kB
SwapTotal:       3145724 kB
SwapFree:        3145724 kB
Dirty:               208 kB
Writeback:             0 kB
AnonPages:       1233140 kB
Mapped:           823036 kB
Shmem:             23024 kB
KReclaimable:     615156 kB
Slab:             207084 kB
SReclaimable:      66968 kB
SUnreclaim:       140116 kB
KernelStack:       44592 kB
PageTables:        61368 kB
NFS_Unstable:          0 kB
Bounce:                0 kB
WritebackTmp:          0 kB
CommitLimit:     9202296 kB
Committed_AS:   66952064 kB
VmallocTotal:   263061440 kB
VmallocUsed:      101672 kB
VmallocChunk:          0 kB
Percpu:             7616 kB
CmaTotal:         294912 kB
CmaFree:               0 kB
MemTotal:       12113144 kB
MemFree:         6751244 kB
MemAvailable:    8099056 kB
Buffers:            5256 kB
Cached:          1623964 kB
SwapCached:            0 kB
Active:          1501596 kB
Inactive:        1350396 kB
Active(anon):    1229716 kB
Inactive(anon):    20916 kB
Active(file):     271880 kB
Inactive(file):  1329480 kB
Unevictable:        5864 kB
Mlocked:            5864 kB
SwapTotal:       3145724 kB
SwapFree:        3145724 kB
Dirty:               224 kB
Writeback:             0 kB
AnonPages:       1229152 kB
Mapped:           823056 kB
Shmem:             23028 kB
KReclaimable:     615156 kB
Slab:             207048 kB
SReclaimable:      66968 kB
SUnreclaim:       140080 kB
KernelStack:       44608 kB
PageTables:        61456 kB
NFS_Unstable:          0 kB
Bounce:                0 kB
WritebackTmp:          0 kB
CommitLimit:     9202296 kB
Committed_AS:   66934132 kB
VmallocTotal:   263061440 kB
VmallocUsed:      101656 kB
VmallocChunk:          0 kB
Percpu:             7616 kB
CmaTotal:         294912 kB
CmaFree:               0 kB
MemTotal:       12113144 kB
MemFree:         6751452 kB
MemAvailable:    8099264 kB
Buffers:            5256 kB
Cached:          1623964 kB
SwapCached:            0 kB
Active:          1501000 kB
Inactive:        1350396 kB
Active(anon):    1229120 kB
Inactive(anon):    20916 kB
Active(file):     271880 kB
Inactive(file):  1329480 kB
Unevictable:        5864 kB
Mlocked:            5864 kB
SwapTotal:       3145724 kB
SwapFree:        3145724 kB
Dirty:               232 kB
Writeback:             0 kB
AnonPages:       1228296 kB
Mapped:           823300 kB
Shmem:             23028 kB
KReclaimable:     615156 kB
Slab:             207048 kB
SReclaimable:      66968 kB
SUnreclaim:       140080 kB
KernelStack:       44560 kB
PageTables:        61232 kB
NFS_Unstable:          0 kB
Bounce:                0 kB
WritebackTmp:          0 kB
CommitLimit:     9202296 kB
Committed_AS:   66939420 kB
VmallocTotal:   263061440 kB
VmallocUsed:      101656 kB
VmallocChunk:          0 kB
Percpu:             7616 kB
CmaTotal:         294912 kB
CmaFree:               0 kB
MemTotal:       12113144 kB
MemFree:         6756272 kB
MemAvailable:    8104100 kB
Buffers:            5260 kB
Cached:          1623976 kB
SwapCached:            0 kB
Active:          1496372 kB
Inactive:        1350408 kB
Active(anon):    1224488 kB
Inactive(anon):    20916 kB
Active(file):     271884 kB
Inactive(file):  1329492 kB
Unevictable:        5864 kB
Mlocked:            5864 kB
SwapTotal:       3145724 kB
SwapFree:        3145724 kB
Dirty:               264 kB
Writeback:             0 kB
AnonPages:       1223488 kB
Mapped:           823044 kB
Shmem:             23028 kB
KReclaimable:     615156 kB
Slab:             207048 kB
SReclaimable:      66968 kB
SUnreclaim:       140080 kB
KernelStack:       44576 kB
PageTables:        61368 kB
NFS_Unstable:          0 kB
Bounce:                0 kB
WritebackTmp:          0 kB
CommitLimit:     9202296 kB
Committed_AS:   66933324 kB
VmallocTotal:   263061440 kB
VmallocUsed:      101624 kB
VmallocChunk:          0 kB
Percpu:             7616 kB
CmaTotal:         294912 kB
CmaFree:               0 kB
MemTotal:       12113144 kB
MemFree:         6755084 kB
MemAvailable:    8102912 kB
Buffers:            5260 kB
Cached:          1623976 kB
SwapCached:            0 kB
Active:          1497344 kB
Inactive:        1350408 kB
Active(anon):    1225460 kB
Inactive(anon):    20916 kB
Active(file):     271884 kB
Inactive(file):  1329492 kB
Unevictable:        5864 kB
Mlocked:            5864 kB
SwapTotal:       3145724 kB
SwapFree:        3145724 kB
Dirty:               196 kB
Writeback:             0 kB
AnonPages:       1224136 kB
Mapped:           823224 kB
Shmem:             23028 kB
KReclaimable:     615156 kB
Slab:             207056 kB
SReclaimable:      66968 kB
SUnreclaim:       140088 kB
KernelStack:       44608 kB
PageTables:        61392 kB
NFS_Unstable:          0 kB
Bounce:                0 kB
WritebackTmp:          0 kB
CommitLimit:     9202296 kB
Committed_AS:   66950632 kB
VmallocTotal:   263061440 kB
VmallocUsed:      101640 kB
VmallocChunk:          0 kB
Percpu:             7616 kB
CmaTotal:         294912 kB
CmaFree:               0 kB
MemTotal:       12113144 kB
MemFree:         6746524 kB
MemAvailable:    8094352 kB
Buffers:            5260 kB
Cached:          1623976 kB
SwapCached:            0 kB
Active:          1507800 kB
Inactive:        1350408 kB
Active(anon):    1235916 kB
Inactive(anon):    20916 kB
Active(file):     271884 kB
Inactive(file):  1329492 kB
Unevictable:        5864 kB
Mlocked:            5864 kB
SwapTotal:       3145724 kB
SwapFree:        3145724 kB
Dirty:               196 kB
Writeback:             0 kB
AnonPages:       1235156 kB
Mapped:           823304 kB
Shmem:             23028 kB
KReclaimable:     615156 kB
Slab:             207048 kB
SReclaimable:      66968 kB
SUnreclaim:       140080 kB
KernelStack:       44576 kB
PageTables:        61504 kB
NFS_Unstable:          0 kB
Bounce:                0 kB
WritebackTmp:          0 kB
CommitLimit:     9202296 kB
Committed_AS:   66948924 kB
VmallocTotal:   263061440 kB
VmallocUsed:      101656 kB
VmallocChunk:          0 kB
Percpu:             7616 kB
CmaTotal:         294912 kB
CmaFree:               0 kB
MemTotal:       12113144 kB
MemFree:         6744096 kB
MemAvailable:    8091932 kB
Buffers:            5260 kB
Cached:          1623984 kB
SwapCached:            0 kB
Active:          1509036 kB
Inactive:        1350416 kB
Active(anon):    1237152 kB
Inactive(anon):    20916 kB
Active(file):     271884 kB
Inactive(file):  1329500 kB
Unevictable:        5864 kB
Mlocked:            5864 kB
SwapTotal:       3145724 kB
SwapFree:        3145724 kB
Dirty:               244 kB
Writeback:             0 kB
AnonPages:       1236188 kB
Mapped:           823044 kB
Shmem:             23028 kB
KReclaimable:     615156 kB
Slab:             207048 kB
SReclaimable:      66968 kB
SUnreclaim:       140080 kB
KernelStack:       44592 kB
PageTables:        61512 kB
NFS_Unstable:          0 kB
Bounce:                0 kB
WritebackTmp:          0 kB
CommitLimit:     9202296 kB
Committed_AS:   66952264 kB
VmallocTotal:   263061440 kB
VmallocUsed:      101640 kB
VmallocChunk:          0 kB
Percpu:             7616 kB
CmaTotal:         294912 kB
CmaFree:               0 kB
MemTotal:       12113144 kB
MemFree:         6749004 kB
MemAvailable:    8096840 kB
Buffers:            5260 kB
Cached:          1623984 kB
SwapCached:            0 kB
Active:          1503448 kB
Inactive:        1350416 kB
Active(anon):    1231564 kB
Inactive(anon):    20916 kB
Active(file):     271884 kB
Inactive(file):  1329500 kB
Unevictable:        5864 kB
Mlocked:            5864 kB
SwapTotal:       3145724 kB
SwapFree:        3145724 kB
Dirty:               260 kB
Writeback:             0 kB
AnonPages:       1230536 kB
Mapped:           823304 kB
Shmem:             23028 kB
KReclaimable:     615156 kB
Slab:             207048 kB
SReclaimable:      66968 kB
SUnreclaim:       140080 kB
KernelStack:       44576 kB
PageTables:        61376 kB
NFS_Unstable:          0 kB
Bounce:                0 kB
WritebackTmp:          0 kB
CommitLimit:     9202296 kB
Committed_AS:   66943340 kB
VmallocTotal:   263061440 kB
VmallocUsed:      101624 kB
VmallocChunk:          0 kB
Percpu:             7616 kB
CmaTotal:         294912 kB
CmaFree:               0 kB
MemTotal:       12113144 kB
MemFree:         6747676 kB
MemAvailable:    8095524 kB
Buffers:            5264 kB
Cached:          1623992 kB
SwapCached:            0 kB
Active:          1505084 kB
Inactive:        1350424 kB
Active(anon):    1233196 kB
Inactive(anon):    20916 kB
Active(file):     271888 kB
Inactive(file):  1329508 kB
Unevictable:        5864 kB
Mlocked:            5864 kB
SwapTotal:       3145724 kB
SwapFree:        3145724 kB
Dirty:               184 kB
Writeback:             0 kB
AnonPages:       1231832 kB
Mapped:           823216 kB
Shmem:             23028 kB
KReclaimable:     615156 kB
Slab:             207048 kB
SReclaimable:      66968 kB
SUnreclaim:       140080 kB
KernelStack:       44576 kB
PageTables:        61408 kB
NFS_Unstable:          0 kB
Bounce:                0 kB
WritebackTmp:          0 kB
CommitLimit:     9202296 kB
Committed_AS:   66937856 kB
VmallocTotal:   263061440 kB
VmallocUsed:      101624 kB
VmallocChunk:          0 kB
Percpu:             7616 kB
CmaTotal:         294912 kB
CmaFree:               0 kB
MemTotal:       12113144 kB
MemFree:         6749716 kB
MemAvailable:    8097564 kB
Buffers:            5264 kB
Cached:          1623996 kB
SwapCached:            0 kB
Active:          1505324 kB
Inactive:        1350428 kB
Active(anon):    1233436 kB
Inactive(anon):    20920 kB
Active(file):     271888 kB
Inactive(file):  1329508 kB
Unevictable:        5864 kB
Mlocked:            5864 kB
SwapTotal:       3145724 kB
SwapFree:        3145724 kB
Dirty:               184 kB
Writeback:             0 kB
AnonPages:       1232088 kB
Mapped:           823292 kB
Shmem:             23032 kB
KReclaimable:     615156 kB
Slab:             207048 kB
SReclaimable:      66968 kB
SUnreclaim:       140080 kB
KernelStack:       44576 kB
PageTables:        61364 kB
NFS_Unstable:          0 kB
Bounce:                0 kB
WritebackTmp:          0 kB
CommitLimit:     9202296 kB
Committed_AS:   66945044 kB
VmallocTotal:   263061440 kB
VmallocUsed:      101640 kB
VmallocChunk:          0 kB
Percpu:             7616 kB
CmaTotal:         294912 kB
CmaFree:               0 kB
MemTotal:       12113144 kB
MemFree:         6755600 kB
MemAvailable:    8103452 kB
Buffers:            5264 kB
Cached:          1624000 kB
SwapCached:            0 kB
Active:          1498496 kB
Inactive:        1350432 kB
Active(anon):    1226608 kB
Inactive(anon):    20920 kB
Active(file):     271888 kB
Inactive(file):  1329512 kB
Unevictable:        5864 kB
Mlocked:            5864 kB
SwapTotal:       3145724 kB
SwapFree:        3145724 kB
Dirty:               248 kB
Writeback:             0 kB
AnonPages:       1225620 kB
Mapped:           823116 kB
Shmem:             23032 kB
KReclaimable:     615156 kB
Slab:             207048 kB
SReclaimable:      66968 kB
SUnreclaim:       140080 kB
KernelStack:       44576 kB
PageTables:        61288 kB
NFS_Unstable:          0 kB
Bounce:                0 kB
WritebackTmp:          0 kB
CommitLimit:     9202296 kB
Committed_AS:   66931980 kB
VmallocTotal:   263061440 kB
VmallocUsed:      101640 kB
VmallocChunk:          0 kB
Percpu:             7616 kB
CmaTotal:         294912 kB
CmaFree:               0 kB
MemTotal:       12113144 kB
MemFree:         6752504 kB
MemAvailable:    8100360 kB
Buffers:            5264 kB
Cached:          1624000 kB
SwapCached:            0 kB
Active:          1500044 kB
Inactive:        1350432 kB
Active(anon):    1228156 kB
Inactive(anon):    20920 kB
Active(file):     271888 kB
Inactive(file):  1329512 kB
Unevictable:        5864 kB
Mlocked:            5864 kB
SwapTotal:       3145724 kB
SwapFree:        3145724 kB
Dirty:               260 kB
Writeback:             0 kB
AnonPages:       1227172 kB
Mapped:           823048 kB
Shmem:             23032 kB
KReclaimable:     615160 kB
Slab:             207052 kB
SReclaimable:      66972 kB
SUnreclaim:       140080 kB
KernelStack:       44576 kB
PageTables:        61504 kB
NFS_Unstable:          0 kB
Bounce:                0 kB
WritebackTmp:          0 kB
CommitLimit:     9202296 kB
Committed_AS:   66946080 kB
VmallocTotal:   263061440 kB
VmallocUsed:      101640 kB
VmallocChunk:          0 kB
Percpu:             7616 kB
CmaTotal:         294912 kB
CmaFree:               0 kB
MemTotal:       12113144 kB
MemFree:         6752420 kB
MemAvailable:    8100288 kB
Buffers:            5268 kB
Cached:          1624016 kB
SwapCached:            0 kB
Active:          1500916 kB
Inactive:        1350444 kB
Active(anon):    1229024 kB
Inactive(anon):    20924 kB
Active(file):     271892 kB
Inactive(file):  1329520 kB
Unevictable:        5864 kB
Mlocked:            5864 kB
SwapTotal:       3145724 kB
SwapFree:        3145724 kB
Dirty:               280 kB
Writeback:             0 kB
AnonPages:       1227904 kB
Mapped:           823112 kB
Shmem:             23036 kB
KReclaimable:     615160 kB
Slab:             207052 kB
SReclaimable:      66972 kB
SUnreclaim:       140080 kB
KernelStack:       44592 kB
PageTables:        61420 kB
NFS_Unstable:          0 kB
Bounce:                0 kB
WritebackTmp:          0 kB
CommitLimit:     9202296 kB
Committed_AS:   66944844 kB
VmallocTotal:   263061440 kB
VmallocUsed:      101624 kB
VmallocChunk:          0 kB
Percpu:             7616 kB
CmaTotal:         294912 kB
CmaFree:               0 kB
MemTotal:       12113144 kB
MemFree:         6754292 kB
MemAvailable:    8102164 kB
Buffers:            5268 kB
Cached:          1624024 kB
SwapCached:            0 kB
Active:          1499532 kB
Inactive:        1350456 kB
Active(anon):    1227640 kB
Inactive(anon):    20932 kB
Active(file):     271892 kB
Inactive(file):  1329524 kB
Unevictable:        5864 kB
Mlocked:            5864 kB
SwapTotal:       3145724 kB
SwapFree:        3145724 kB
Dirty:               244 kB
Writeback:             0 kB
AnonPages:       1226648 kB
Mapped:           823320 kB
Shmem:             23044 kB
KReclaimable:     615160 kB
Slab:             207052 kB
SReclaimable:      66972 kB
SUnreclaim:       140080 kB
KernelStack:       44528 kB
PageTables:        61468 kB
NFS_Unstable:          0 kB
Bounce:                0 kB
WritebackTmp:          0 kB
CommitLimit:     9202296 kB
Committed_AS:   66935712 kB
VmallocTotal:   263061440 kB
VmallocUsed:      101624 kB
VmallocChunk:          0 kB
Percpu:             7616 kB
CmaTotal:         294912 kB
CmaFree:               0 kB
MemTotal:       12113144 kB
MemFree:         6749348 kB
MemAvailable:    8097220 kB
Buffers:            5268 kB
Cached:          1624024 kB
SwapCached:            0 kB
Active:          1504368 kB
Inactive:        1350456 kB
Active(anon):    1232476 kB
Inactive(anon):    20932 kB
Active(file):     271892 kB
Inactive(file):  1329524 kB
Unevictable:        5864 kB
Mlocked:            5864 kB
SwapTotal:       3145724 kB
SwapFree:        3145724 kB
Dirty:               204 kB
Writeback:             0 kB
AnonPages:       1231820 kB
Mapped:           823060 kB
Shmem:             23044 kB
KReclaimable:     615160 kB
Slab:             207052 kB
SReclaimable:      66972 kB
SUnreclaim:       140080 kB
KernelStack:       44496 kB
PageTables:        61508 kB
NFS_Unstable:          0 kB
Bounce:                0 kB
WritebackTmp:          0 kB
CommitLimit:     9202296 kB
Committed_AS:   66941572 kB
VmallocTotal:   263061440 kB
VmallocUsed:      101608 kB
VmallocChunk:          0 kB
Percpu:             7616 kB
CmaTotal:         294912 kB
CmaFree:               0 kB
MemTotal:       12113144 kB
MemFree:         6746800 kB
MemAvailable:    8094684 kB
Buffers:            5272 kB
Cached:          1624056 kB
SwapCached:            0 kB
Active:          1506752 kB
Inactive:        1350488 kB
Active(anon):    1234856 kB
Inactive(anon):    20956 kB
Active(file):     271896 kB
Inactive(file):  1329532 kB
Unevictable:        5864 kB
Mlocked:            5864 kB
SwapTotal:       3145724 kB
SwapFree:        3145724 kB
Dirty:               208 kB
Writeback:             0 kB
AnonPages:       1234092 kB
Mapped:           823132 kB
Shmem:             23068 kB
KReclaimable:     615160 kB
Slab:             207052 kB
SReclaimable:      66972 kB
SUnreclaim:       140080 kB
KernelStack:       44480 kB
PageTables:        61484 kB
NFS_Unstable:          0 kB
Bounce:                0 kB
WritebackTmp:          0 kB
CommitLimit:     9202296 kB
Committed_AS:   66950904 kB
VmallocTotal:   263061440 kB
VmallocUsed:      101528 kB
VmallocChunk:          0 kB
Percpu:             7616 kB
CmaTotal:         294912 kB
CmaFree:               0 kB
MemTotal:       12113144 kB
MemFree:         6745400 kB
MemAvailable:    8093284 kB
Buffers:            5272 kB
Cached:          1624056 kB
SwapCached:            0 kB
Active:          1507588 kB
Inactive:        1350488 kB
Active(anon):    1235692 kB
Inactive(anon):    20956 kB
Active(file):     271896 kB
Inactive(file):  1329532 kB
Unevictable:        5864 kB
Mlocked:            5864 kB
SwapTotal:       3145724 kB
SwapFree:        3145724 kB
Dirty:               316 kB
Writeback:             0 kB
AnonPages:       1234772 kB
Mapped:           823344 kB
Shmem:             23068 kB
KReclaimable:     615160 kB
Slab:             207020 kB
SReclaimable:      66972 kB
SUnreclaim:       140048 kB
KernelStack:       44464 kB
PageTables:        61368 kB
NFS_Unstable:          0 kB
Bounce:                0 kB
WritebackTmp:          0 kB
CommitLimit:     9202296 kB
Committed_AS:   66936488 kB
VmallocTotal:   263061440 kB
VmallocUsed:      101544 kB
VmallocChunk:          0 kB
Percpu:             7616 kB
CmaTotal:         294912 kB
CmaFree:              24 kB
MemTotal:       12113144 kB
MemFree:         6744804 kB
MemAvailable:    8092488 kB
Buffers:            5272 kB
Cached:          1624060 kB
SwapCached:            0 kB
Active:          1509344 kB
Inactive:        1350492 kB
Active(anon):    1237448 kB
Inactive(anon):    20956 kB
Active(file):     271896 kB
Inactive(file):  1329536 kB
Unevictable:        5864 kB
Mlocked:            5864 kB
SwapTotal:       3145724 kB
SwapFree:        3145724 kB
Dirty:               244 kB
Writeback:             0 kB
AnonPages:       1236372 kB
Mapped:           823144 kB
Shmem:             23068 kB
KReclaimable:     614956 kB
Slab:             207020 kB
SReclaimable:      66972 kB
SUnreclaim:       140048 kB
KernelStack:       44496 kB
PageTables:        61416 kB
NFS_Unstable:          0 kB
Bounce:                0 kB
WritebackTmp:          0 kB
CommitLimit:     9202296 kB
Committed_AS:   66946332 kB
VmallocTotal:   263061440 kB
VmallocUsed:      101576 kB
VmallocChunk:          0 kB
Percpu:             7616 kB
CmaTotal:         294912 kB
CmaFree:               0 kB
MemTotal:       12113144 kB
MemFree:         6743784 kB
MemAvailable:    8091472 kB
Buffers:            5272 kB
Cached:          1624064 kB
SwapCached:            0 kB
Active:          1511004 kB
Inactive:        1350496 kB
Active(anon):    1239108 kB
Inactive(anon):    20956 kB
Active(file):     271896 kB
Inactive(file):  1329540 kB
Unevictable:        5864 kB
Mlocked:            5864 kB
SwapTotal:       3145724 kB
SwapFree:        3145724 kB
Dirty:               228 kB
Writeback:             0 kB
AnonPages:       1238100 kB
Mapped:           823156 kB
Shmem:             23068 kB
KReclaimable:     614956 kB
Slab:             207020 kB
SReclaimable:      66972 kB
SUnreclaim:       140048 kB
KernelStack:       44480 kB
PageTables:        61284 kB
NFS_Unstable:          0 kB
Bounce:                0 kB
WritebackTmp:          0 kB
CommitLimit:     9202296 kB
Committed_AS:   66953912 kB
VmallocTotal:   263061440 kB
VmallocUsed:      101576 kB
VmallocChunk:          0 kB
Percpu:             7616 kB
CmaTotal:         294912 kB
CmaFree:               0 kB
MemTotal:       12113144 kB
MemFree:         6743052 kB
MemAvailable:    8090740 kB
Buffers:            5272 kB
Cached:          1624064 kB
SwapCached:            0 kB
Active:          1511956 kB
Inactive:        1350496 kB
Active(anon):    1240060 kB
Inactive(anon):    20956 kB
Active(file):     271896 kB
Inactive(file):  1329540 kB
Unevictable:        5864 kB
Mlocked:            5864 kB
SwapTotal:       3145724 kB
SwapFree:        3145724 kB
Dirty:               276 kB
Writeback:             0 kB
AnonPages:       1239056 kB
Mapped:           823220 kB
Shmem:             23068 kB
KReclaimable:     614956 kB
Slab:             207028 kB
SReclaimable:      66972 kB
SUnreclaim:       140056 kB
KernelStack:       44464 kB
PageTables:        61416 kB
NFS_Unstable:          0 kB
Bounce:                0 kB
WritebackTmp:          0 kB
CommitLimit:     9202296 kB
Committed_AS:   66948036 kB
VmallocTotal:   263061440 kB
VmallocUsed:      101512 kB
VmallocChunk:          0 kB
Percpu:             7616 kB
CmaTotal:         294912 kB
CmaFree:               0 kB
MemTotal:       12113144 kB
MemFree:         6747980 kB
MemAvailable:    8095688 kB
Buffers:            5276 kB
Cached:          1624080 kB
SwapCached:            0 kB
Active:          1504388 kB
Inactive:        1350512 kB
Active(anon):    1232488 kB
Inactive(anon):    20960 kB
Active(file):     271900 kB
Inactive(file):  1329552 kB
Unevictable:        5864 kB
Mlocked:            5864 kB
SwapTotal:       3145724 kB
SwapFree:        3145724 kB
Dirty:               220 kB
Writeback:             0 kB
AnonPages:       1231732 kB
Mapped:           823352 kB
Shmem:             23072 kB
KReclaimable:     614960 kB
Slab:             207024 kB
SReclaimable:      66976 kB
SUnreclaim:       140048 kB
KernelStack:       44416 kB
PageTables:        61236 kB
NFS_Unstable:          0 kB
Bounce:                0 kB
WritebackTmp:          0 kB
CommitLimit:     9202296 kB
Committed_AS:   66947864 kB
VmallocTotal:   263061440 kB
VmallocUsed:      101512 kB
VmallocChunk:          0 kB
Percpu:             7616 kB
CmaTotal:         294912 kB
CmaFree:               0 kB
MemTotal:       12113144 kB
MemFree:         6744932 kB
MemAvailable:    8092644 kB
Buffers:            5276 kB
Cached:          1624084 kB
SwapCached:            0 kB
Active:          1508872 kB
Inactive:        1350516 kB
Active(anon):    1236972 kB
Inactive(anon):    20960 kB
Active(file):     271900 kB
Inactive(file):  1329556 kB
Unevictable:        5864 kB
Mlocked:            5864 kB
SwapTotal:       3145724 kB
SwapFree:        3145724 kB
Dirty:               192 kB
Writeback:             0 kB
AnonPages:       1235896 kB
Mapped:           823352 kB
Shmem:             23072 kB
KReclaimable:     614960 kB
Slab:             207024 kB
SReclaimable:      66976 kB
SUnreclaim:       140048 kB
KernelStack:       44464 kB
PageTables:        61512 kB
NFS_Unstable:          0 kB
Bounce:                0 kB
WritebackTmp:          0 kB
CommitLimit:     9202296 kB
Committed_AS:   66949584 kB
VmallocTotal:   263061440 kB
VmallocUsed:      101528 kB
VmallocChunk:          0 kB
Percpu:             7616 kB
CmaTotal:         294912 kB
CmaFree:               0 kB
MemTotal:       12113144 kB
MemFree:         6747504 kB
MemAvailable:    8095216 kB
Buffers:            5276 kB
Cached:          1624084 kB
SwapCached:            0 kB
Active:          1507476 kB
Inactive:        1350516 kB
Active(anon):    1235576 kB
Inactive(anon):    20960 kB
Active(file):     271900 kB
Inactive(file):  1329556 kB
Unevictable:        5864 kB
Mlocked:            5864 kB
SwapTotal:       3145724 kB
SwapFree:        3145724 kB
Dirty:               192 kB
Writeback:             0 kB
AnonPages:       1234520 kB
Mapped:           823092 kB
Shmem:             23072 kB
KReclaimable:     614960 kB
Slab:             207024 kB
SReclaimable:      66976 kB
SUnreclaim:       140048 kB
KernelStack:       44464 kB
PageTables:        61504 kB
NFS_Unstable:          0 kB
Bounce:                0 kB
WritebackTmp:          0 kB
CommitLimit:     9202296 kB
Committed_AS:   66947432 kB
VmallocTotal:   263061440 kB
VmallocUsed:      101544 kB
VmallocChunk:          0 kB
Percpu:             7616 kB
CmaTotal:         294912 kB
CmaFree:               0 kB
MemTotal:       12113144 kB
MemFree:         6746660 kB
MemAvailable:    8094380 kB
Buffers:            5276 kB
Cached:          1624096 kB
SwapCached:            0 kB
Active:          1508136 kB
Inactive:        1350528 kB
Active(anon):    1236236 kB
Inactive(anon):    20964 kB
Active(file):     271900 kB
Inactive(file):  1329564 kB
Unevictable:        5864 kB
Mlocked:            5864 kB
SwapTotal:       3145724 kB
SwapFree:        3145724 kB
Dirty:               184 kB
Writeback:             0 kB
AnonPages:       1235068 kB
Mapped:           822876 kB
Shmem:             23076 kB
KReclaimable:     614960 kB
Slab:             207032 kB
SReclaimable:      66976 kB
SUnreclaim:       140056 kB
KernelStack:       44496 kB
PageTables:        61584 kB
NFS_Unstable:          0 kB
Bounce:                0 kB
WritebackTmp:          0 kB
CommitLimit:     9202296 kB
Committed_AS:   66938844 kB
VmallocTotal:   263061440 kB
VmallocUsed:      101544 kB
VmallocChunk:          0 kB
Percpu:             7616 kB
CmaTotal:         294912 kB
CmaFree:               0 kB
MemTotal:       12113144 kB
MemFree:         6745604 kB
MemAvailable:    8093324 kB
Buffers:            5276 kB
Cached:          1624096 kB
SwapCached:            0 kB
Active:          1506888 kB
Inactive:        1350528 kB
Active(anon):    1234988 kB
Inactive(anon):    20964 kB
Active(file):     271900 kB
Inactive(file):  1329564 kB
Unevictable:        5864 kB
Mlocked:            5864 kB
SwapTotal:       3145724 kB
SwapFree:        3145724 kB
Dirty:               220 kB
Writeback:             0 kB
AnonPages:       1233760 kB
Mapped:           823292 kB
Shmem:             23076 kB
KReclaimable:     614960 kB
Slab:             207024 kB
SReclaimable:      66976 kB
SUnreclaim:       140048 kB
KernelStack:       44416 kB
PageTables:        61492 kB
NFS_Unstable:          0 kB
Bounce:                0 kB
WritebackTmp:          0 kB
CommitLimit:     9202296 kB
Committed_AS:   66949652 kB
VmallocTotal:   263061440 kB
VmallocUsed:      101544 kB
VmallocChunk:          0 kB
Percpu:             7616 kB
CmaTotal:         294912 kB
CmaFree:               0 kB
MemTotal:       12113144 kB
MemFree:         6744596 kB
MemAvailable:    8092328 kB
Buffers:            5280 kB
Cached:          1624104 kB
SwapCached:            0 kB
Active:          1508372 kB
Inactive:        1350536 kB
Active(anon):    1236468 kB
Inactive(anon):    20964 kB
Active(file):     271904 kB
Inactive(file):  1329572 kB
Unevictable:        5864 kB
Mlocked:            5864 kB
SwapTotal:       3145724 kB
SwapFree:        3145724 kB
Dirty:               264 kB
Writeback:             0 kB
AnonPages:       1235248 kB
Mapped:           823344 kB
Shmem:             23076 kB
KReclaimable:     614960 kB
Slab:             207024 kB
SReclaimable:      66976 kB
SUnreclaim:       140048 kB
KernelStack:       44464 kB
PageTables:        61460 kB
NFS_Unstable:          0 kB
Bounce:                0 kB
WritebackTmp:          0 kB
CommitLimit:     9202296 kB
Committed_AS:   66942292 kB
VmallocTotal:   263061440 kB
VmallocUsed:      101512 kB
VmallocChunk:          0 kB
Percpu:             7616 kB
CmaTotal:         294912 kB
CmaFree:               0 kB
MemTotal:       12113144 kB
MemFree:         6747804 kB
MemAvailable:    8095536 kB
Buffers:            5280 kB
Cached:          1624104 kB
SwapCached:            0 kB
Active:          1506368 kB
Inactive:        1350536 kB
Active(anon):    1234464 kB
Inactive(anon):    20964 kB
Active(file):     271904 kB
Inactive(file):  1329572 kB
Unevictable:        5864 kB
Mlocked:            5864 kB
SwapTotal:       3145724 kB
SwapFree:        3145724 kB
Dirty:               332 kB
Writeback:             0 kB
AnonPages:       1233600 kB
Mapped:           823356 kB
Shmem:             23076 kB
KReclaimable:     614960 kB
Slab:             207024 kB
SReclaimable:      66976 kB
SUnreclaim:       140048 kB
KernelStack:       44464 kB
PageTables:        61428 kB
NFS_Unstable:          0 kB
Bounce:                0 kB
WritebackTmp:          0 kB
CommitLimit:     9202296 kB
Committed_AS:   66940644 kB
VmallocTotal:   263061440 kB
VmallocUsed:      101528 kB
VmallocChunk:          0 kB
Percpu:             7616 kB
CmaTotal:         294912 kB
CmaFree:               0 kB
MemTotal:       12113144 kB
MemFree:         6747400 kB
MemAvailable:    8095144 kB
Buffers:            5280 kB
Cached:          1624116 kB
SwapCached:            0 kB
Active:          1505344 kB
Inactive:        1350548 kB
Active(anon):    1233440 kB
Inactive(anon):    20964 kB
Active(file):     271904 kB
Inactive(file):  1329584 kB
Unevictable:        5864 kB
Mlocked:            5864 kB
SwapTotal:       3145724 kB
SwapFree:        3145724 kB
Dirty:               212 kB
Writeback:             0 kB
AnonPages:       1232272 kB
Mapped:           823096 kB
Shmem:             23076 kB
KReclaimable:     614960 kB
Slab:             207024 kB
SReclaimable:      66976 kB
SUnreclaim:       140048 kB
KernelStack:       44464 kB
PageTables:        61368 kB
NFS_Unstable:          0 kB
Bounce:                0 kB
WritebackTmp:          0 kB
CommitLimit:     9202296 kB
Committed_AS:   66940744 kB
VmallocTotal:   263061440 kB
VmallocUsed:      101560 kB
VmallocChunk:          0 kB
Percpu:             7616 kB
CmaTotal:         294912 kB
CmaFree:               0 kB
MemTotal:       12113144 kB
MemFree:         6752092 kB
MemAvailable:    8099836 kB
Buffers:            5280 kB
Cached:          1624120 kB
SwapCached:            0 kB
Active:          1501196 kB
Inactive:        1350552 kB
Active(anon):    1229292 kB
Inactive(anon):    20968 kB
Active(file):     271904 kB
Inactive(file):  1329584 kB
Unevictable:        5864 kB
Mlocked:            5864 kB
SwapTotal:       3145724 kB
SwapFree:        3145724 kB
Dirty:               268 kB
Writeback:             0 kB
AnonPages:       1228264 kB
Mapped:           823296 kB
Shmem:             23080 kB
KReclaimable:     614960 kB
Slab:             207024 kB
SReclaimable:      66976 kB
SUnreclaim:       140048 kB
KernelStack:       44480 kB
PageTables:        61420 kB
NFS_Unstable:          0 kB
Bounce:                0 kB
WritebackTmp:          0 kB
CommitLimit:     9202296 kB
Committed_AS:   66940940 kB
VmallocTotal:   263061440 kB
VmallocUsed:      101544 kB
VmallocChunk:          0 kB
Percpu:             7616 kB
CmaTotal:         294912 kB
CmaFree:               0 kB
MemTotal:       12113144 kB
MemFree:         6752676 kB
MemAvailable:    8100440 kB
Buffers:            5284 kB
Cached:          1624136 kB
SwapCached:            0 kB
Active:          1502004 kB
Inactive:        1350568 kB
Active(anon):    1230096 kB
Inactive(anon):    20972 kB
Active(file):     271908 kB
Inactive(file):  1329596 kB
Unevictable:        5864 kB
Mlocked:            5864 kB
SwapTotal:       3145724 kB
SwapFree:        3145724 kB
Dirty:               228 kB
Writeback:             0 kB
AnonPages:       1229044 kB
Mapped:           823288 kB
Shmem:             23084 kB
KReclaimable:     614964 kB
Slab:             207036 kB
SReclaimable:      66980 kB
SUnreclaim:       140056 kB
KernelStack:       44480 kB
PageTables:        61396 kB
NFS_Unstable:          0 kB
Bounce:                0 kB
WritebackTmp:          0 kB
CommitLimit:     9202296 kB
Committed_AS:   66943560 kB
VmallocTotal:   263061440 kB
VmallocUsed:      101528 kB
VmallocChunk:          0 kB
Percpu:             7616 kB
CmaTotal:         294912 kB
CmaFree:               0 kB
MemTotal:       12113144 kB
MemFree:         6742140 kB
MemAvailable:    8089904 kB
Buffers:            5284 kB
Cached:          1624136 kB
SwapCached:            0 kB
Active:          1511808 kB
Inactive:        1350568 kB
Active(anon):    1239900 kB
Inactive(anon):    20972 kB
Active(file):     271908 kB
Inactive(file):  1329596 kB
Unevictable:        5864 kB
Mlocked:            5864 kB
SwapTotal:       3145724 kB
SwapFree:        3145724 kB
Dirty:               228 kB
Writeback:             0 kB
AnonPages:       1238648 kB
Mapped:           823104 kB
Shmem:             23084 kB
KReclaimable:     614964 kB
Slab:             207036 kB
SReclaimable:      66980 kB
SUnreclaim:       140056 kB
KernelStack:       44448 kB
PageTables:        61368 kB
NFS_Unstable:          0 kB
Bounce:                0 kB
WritebackTmp:          0 kB
CommitLimit:     9202296 kB
Committed_AS:   66960500 kB
VmallocTotal:   263061440 kB
VmallocUsed:      101560 kB
VmallocChunk:          0 kB
Percpu:             7616 kB
CmaTotal:         294912 kB
CmaFree:               0 kB
MemTotal:       12113144 kB
MemFree:         6739784 kB
MemAvailable:    8087556 kB
Buffers:            5284 kB
Cached:          1624144 kB
SwapCached:            0 kB
Active:          1513408 kB
Inactive:        1350576 kB
Active(anon):    1241500 kB
Inactive(anon):    20972 kB
Active(file):     271908 kB
Inactive(file):  1329604 kB
Unevictable:        5864 kB
Mlocked:            5864 kB
SwapTotal:       3145724 kB
SwapFree:        3145724 kB
Dirty:               216 kB
Writeback:             0 kB
AnonPages:       1240648 kB
Mapped:           823364 kB
Shmem:             23084 kB
KReclaimable:     614964 kB
Slab:             207044 kB
SReclaimable:      66980 kB
SUnreclaim:       140064 kB
KernelStack:       44448 kB
PageTables:        61372 kB
NFS_Unstable:          0 kB
Bounce:                0 kB
WritebackTmp:          0 kB
CommitLimit:     9202296 kB
Committed_AS:   66956856 kB
VmallocTotal:   263061440 kB
VmallocUsed:      101608 kB
VmallocChunk:          0 kB
Percpu:             7616 kB
CmaTotal:         294912 kB
CmaFree:               0 kB
