MemTotal:       12113136 kB
MemFree:          794768 kB
MemAvailable:    7863756 kB
Buffers:            8436 kB
Cached:          7124264 kB
SwapCached:            0 kB
Active:          2337516 kB
Inactive:        6103096 kB
Active(anon):    1020796 kB
Inactive(anon):   341392 kB
Active(file):    1316720 kB
Inactive(file):  5761704 kB
Unevictable:        5592 kB
Mlocked:            5592 kB
SwapTotal:       3145724 kB
SwapFree:        3145724 kB
Dirty:               156 kB
Writeback:             0 kB
AnonPages:       1313684 kB
Mapped:           689708 kB
Shmem:             49732 kB
KReclaimable:     875652 kB
Slab:             245572 kB
SReclaimable:      97904 kB
SUnreclaim:       147668 kB
KernelStack:       47184 kB
PageTables:        64440 kB
NFS_Unstable:          0 kB
Bounce:                0 kB
WritebackTmp:          0 kB
CommitLimit:     9202292 kB
Committed_AS:   67535948 kB
VmallocTotal:   263061440 kB
VmallocUsed:      104152 kB
VmallocChunk:          0 kB
Percpu:             7680 kB
CmaTotal:         294912 kB
CmaFree:               0 kB
MemTotal:       12113136 kB
MemFree:          793880 kB
MemAvailable:    7862944 kB
Buffers:            8436 kB
Cached:          7124596 kB
SwapCached:            0 kB
Active:          2339348 kB
Inactive:        6103396 kB
Active(anon):    1022596 kB
Inactive(anon):   341648 kB
Active(file):    1316752 kB
Inactive(file):  5761748 kB
Unevictable:        5592 kB
Mlocked:            5592 kB
SwapTotal:       3145724 kB
SwapFree:        3145724 kB
Dirty:               256 kB
Writeback:             0 kB
AnonPages:       1315536 kB
Mapped:           689708 kB
Shmem:             49988 kB
KReclaimable:     875652 kB
Slab:             245572 kB
SReclaimable:      97904 kB
SUnreclaim:       147668 kB
KernelStack:       47168 kB
PageTables:        64304 kB
NFS_Unstable:          0 kB
Bounce:                0 kB
WritebackTmp:          0 kB
CommitLimit:     9202292 kB
Committed_AS:   67527500 kB
VmallocTotal:   263061440 kB
VmallocUsed:      104136 kB
VmallocChunk:          0 kB
Percpu:             7680 kB
CmaTotal:         294912 kB
CmaFree:               0 kB
MemTotal:       12113136 kB
MemFree:          792544 kB
MemAvailable:    7861624 kB
Buffers:            8436 kB
Cached:          7124868 kB
SwapCached:            0 kB
Active:          2340320 kB
Inactive:        6103668 kB
Active(anon):    1023568 kB
Inactive(anon):   341904 kB
Active(file):    1316752 kB
Inactive(file):  5761764 kB
Unevictable:        5592 kB
Mlocked:            5592 kB
SwapTotal:       3145724 kB
SwapFree:        3145724 kB
Dirty:               292 kB
Writeback:             0 kB
AnonPages:       1316428 kB
Mapped:           689452 kB
Shmem:             50244 kB
KReclaimable:     875652 kB
Slab:             245572 kB
SReclaimable:      97904 kB
SUnreclaim:       147668 kB
KernelStack:       47168 kB
PageTables:        64304 kB
NFS_Unstable:          0 kB
Bounce:                0 kB
WritebackTmp:          0 kB
CommitLimit:     9202292 kB
Committed_AS:   67531812 kB
VmallocTotal:   263061440 kB
VmallocUsed:      104120 kB
VmallocChunk:          0 kB
Percpu:             7680 kB
CmaTotal:         294912 kB
CmaFree:               0 kB
MemTotal:       12113136 kB
MemFree:          791272 kB
MemAvailable:    7860368 kB
Buffers:            8436 kB
Cached:          7125140 kB
SwapCached:            0 kB
Active:          2341004 kB
Inactive:        6103940 kB
Active(anon):    1024252 kB
Inactive(anon):   342160 kB
Active(file):    1316752 kB
Inactive(file):  5761780 kB
Unevictable:        5592 kB
Mlocked:            5592 kB
SwapTotal:       3145724 kB
SwapFree:        3145724 kB
Dirty:               328 kB
Writeback:             0 kB
AnonPages:       1317212 kB
Mapped:           689716 kB
Shmem:             50500 kB
KReclaimable:     875652 kB
Slab:             245572 kB
SReclaimable:      97904 kB
SUnreclaim:       147668 kB
KernelStack:       47200 kB
PageTables:        64304 kB
NFS_Unstable:          0 kB
Bounce:                0 kB
WritebackTmp:          0 kB
CommitLimit:     9202292 kB
Committed_AS:   67539072 kB
VmallocTotal:   263061440 kB
VmallocUsed:      104136 kB
VmallocChunk:          0 kB
Percpu:             7680 kB
CmaTotal:         294912 kB
CmaFree:               0 kB
MemTotal:       12113136 kB
MemFree:          790008 kB
MemAvailable:    7859132 kB
Buffers:            8436 kB
Cached:          7125424 kB
SwapCached:            0 kB
Active:          2341164 kB
Inactive:        6104224 kB
Active(anon):    1024412 kB
Inactive(anon):   342416 kB
Active(file):    1316752 kB
Inactive(file):  5761808 kB
Unevictable:        5592 kB
Mlocked:            5592 kB
SwapTotal:       3145724 kB
SwapFree:        3145724 kB
Dirty:               252 kB
Writeback:             0 kB
AnonPages:       1317288 kB
Mapped:           689456 kB
Shmem:             50756 kB
KReclaimable:     875652 kB
Slab:             245572 kB
SReclaimable:      97904 kB
SUnreclaim:       147668 kB
KernelStack:       47184 kB
PageTables:        64304 kB
NFS_Unstable:          0 kB
Bounce:                0 kB
WritebackTmp:          0 kB
CommitLimit:     9202292 kB
Committed_AS:   67544428 kB
VmallocTotal:   263061440 kB
VmallocUsed:      104168 kB
VmallocChunk:          0 kB
Percpu:             7680 kB
CmaTotal:         294912 kB
CmaFree:               0 kB
MemTotal:       12113136 kB
MemFree:          787928 kB
MemAvailable:    7857084 kB
Buffers:            8436 kB
Cached:          7125712 kB
SwapCached:            0 kB
Active:          2343216 kB
Inactive:        6104512 kB
Active(anon):    1026464 kB
Inactive(anon):   342672 kB
Active(file):    1316752 kB
Inactive(file):  5761840 kB
Unevictable:        5592 kB
Mlocked:            5592 kB
SwapTotal:       3145724 kB
SwapFree:        3145724 kB
Dirty:               336 kB
Writeback:             0 kB
AnonPages:       1319108 kB
Mapped:           689720 kB
Shmem:             51012 kB
KReclaimable:     875652 kB
Slab:             245572 kB
SReclaimable:      97904 kB
SUnreclaim:       147668 kB
KernelStack:       47280 kB
PageTables:        64396 kB
NFS_Unstable:          0 kB
Bounce:                0 kB
WritebackTmp:          0 kB
CommitLimit:     9202292 kB
Committed_AS:   67538892 kB
VmallocTotal:   263061440 kB
VmallocUsed:      104200 kB
VmallocChunk:          0 kB
Percpu:             7680 kB
CmaTotal:         294912 kB
CmaFree:               0 kB
MemTotal:       12113136 kB
MemFree:          786592 kB
MemAvailable:    7855760 kB
Buffers:            8436 kB
Cached:          7125980 kB
SwapCached:            0 kB
Active:          2343452 kB
Inactive:        6104780 kB
Active(anon):    1026700 kB
Inactive(anon):   342928 kB
Active(file):    1316752 kB
Inactive(file):  5761852 kB
Unevictable:        5592 kB
Mlocked:            5592 kB
SwapTotal:       3145724 kB
SwapFree:        3145724 kB
Dirty:               376 kB
Writeback:             0 kB
AnonPages:       1319560 kB
Mapped:           689724 kB
Shmem:             51268 kB
KReclaimable:     875652 kB
Slab:             245568 kB
SReclaimable:      97904 kB
SUnreclaim:       147664 kB
KernelStack:       47264 kB
PageTables:        64304 kB
NFS_Unstable:          0 kB
Bounce:                0 kB
WritebackTmp:          0 kB
CommitLimit:     9202292 kB
Committed_AS:   67543420 kB
VmallocTotal:   263061440 kB
VmallocUsed:      104248 kB
VmallocChunk:          0 kB
Percpu:             7680 kB
CmaTotal:         294912 kB
CmaFree:               0 kB
MemTotal:       12113136 kB
MemFree:          788996 kB
MemAvailable:    7858188 kB
Buffers:            8436 kB
Cached:          7126260 kB
SwapCached:            0 kB
Active:          2341404 kB
Inactive:        6105060 kB
Active(anon):    1024652 kB
Inactive(anon):   343184 kB
Active(file):    1316752 kB
Inactive(file):  5761876 kB
Unevictable:        5592 kB
Mlocked:            5592 kB
SwapTotal:       3145724 kB
SwapFree:        3145724 kB
Dirty:               444 kB
Writeback:             0 kB
AnonPages:       1317316 kB
Mapped:           689464 kB
Shmem:             51524 kB
KReclaimable:     875652 kB
Slab:             245576 kB
SReclaimable:      97904 kB
SUnreclaim:       147672 kB
KernelStack:       47264 kB
PageTables:        64308 kB
NFS_Unstable:          0 kB
Bounce:                0 kB
WritebackTmp:          0 kB
CommitLimit:     9202292 kB
Committed_AS:   67544704 kB
VmallocTotal:   263061440 kB
VmallocUsed:      104232 kB
VmallocChunk:          0 kB
Percpu:             7680 kB
CmaTotal:         294912 kB
CmaFree:               0 kB
MemTotal:       12113136 kB
MemFree:          788792 kB
MemAvailable:    7858008 kB
Buffers:            8436 kB
Cached:          7126540 kB
SwapCached:            0 kB
Active:          2342136 kB
Inactive:        6105340 kB
Active(anon):    1025384 kB
Inactive(anon):   343440 kB
Active(file):    1316752 kB
Inactive(file):  5761900 kB
Unevictable:        5592 kB
Mlocked:            5592 kB
SwapTotal:       3145724 kB
SwapFree:        3145724 kB
Dirty:               504 kB
Writeback:             0 kB
AnonPages:       1318168 kB
Mapped:           689472 kB
Shmem:             51780 kB
KReclaimable:     875652 kB
Slab:             245592 kB
SReclaimable:      97904 kB
SUnreclaim:       147688 kB
KernelStack:       47264 kB
PageTables:        64304 kB
NFS_Unstable:          0 kB
Bounce:                0 kB
WritebackTmp:          0 kB
CommitLimit:     9202292 kB
Committed_AS:   67539440 kB
VmallocTotal:   263061440 kB
VmallocUsed:      104280 kB
VmallocChunk:          0 kB
Percpu:             7680 kB
CmaTotal:         294912 kB
CmaFree:               0 kB
MemTotal:       12113136 kB
MemFree:          786512 kB
MemAvailable:    7855740 kB
Buffers:            8436 kB
Cached:          7126808 kB
SwapCached:            0 kB
Active:          2343416 kB
Inactive:        6105608 kB
Active(anon):    1026664 kB
Inactive(anon):   343696 kB
Active(file):    1316752 kB
Inactive(file):  5761912 kB
Unevictable:        5592 kB
Mlocked:            5592 kB
SwapTotal:       3145724 kB
SwapFree:        3145724 kB
Dirty:               544 kB
Writeback:             0 kB
AnonPages:       1319428 kB
Mapped:           689616 kB
Shmem:             52036 kB
KReclaimable:     875652 kB
Slab:             245600 kB
SReclaimable:      97904 kB
SUnreclaim:       147696 kB
KernelStack:       47328 kB
PageTables:        64392 kB
NFS_Unstable:          0 kB
Bounce:                0 kB
WritebackTmp:          0 kB
CommitLimit:     9202292 kB
Committed_AS:   67549420 kB
VmallocTotal:   263061440 kB
VmallocUsed:      104296 kB
VmallocChunk:          0 kB
Percpu:             7680 kB
CmaTotal:         294912 kB
CmaFree:               0 kB
MemTotal:       12113136 kB
MemFree:          785104 kB
MemAvailable:    7854360 kB
Buffers:            8436 kB
Cached:          7127092 kB
SwapCached:            0 kB
Active:          2344864 kB
Inactive:        6105892 kB
Active(anon):    1028112 kB
Inactive(anon):   343952 kB
Active(file):    1316752 kB
Inactive(file):  5761940 kB
Unevictable:        5592 kB
Mlocked:            5592 kB
SwapTotal:       3145724 kB
SwapFree:        3145724 kB
Dirty:               600 kB
Writeback:             0 kB
AnonPages:       1321040 kB
Mapped:           689736 kB
Shmem:             52292 kB
KReclaimable:     875652 kB
Slab:             245616 kB
SReclaimable:      97904 kB
SUnreclaim:       147712 kB
KernelStack:       47280 kB
PageTables:        64304 kB
NFS_Unstable:          0 kB
Bounce:                0 kB
WritebackTmp:          0 kB
CommitLimit:     9202292 kB
Committed_AS:   67549356 kB
VmallocTotal:   263061440 kB
VmallocUsed:      104280 kB
VmallocChunk:          0 kB
Percpu:             7680 kB
CmaTotal:         294912 kB
CmaFree:               0 kB
MemTotal:       12113136 kB
MemFree:          811220 kB
MemAvailable:    7880512 kB
Buffers:            8440 kB
Cached:          7122516 kB
SwapCached:            0 kB
Active:          2322584 kB
Inactive:        6101316 kB
Active(anon):    1005828 kB
Inactive(anon):   339344 kB
Active(file):    1316756 kB
Inactive(file):  5761972 kB
Unevictable:        5592 kB
Mlocked:            5592 kB
SwapTotal:       3145724 kB
SwapFree:        3145724 kB
Dirty:               620 kB
Writeback:             0 kB
AnonPages:       1298636 kB
Mapped:           688848 kB
Shmem:             47684 kB
KReclaimable:     875652 kB
Slab:             245592 kB
SReclaimable:      97904 kB
SUnreclaim:       147688 kB
KernelStack:       47292 kB
PageTables:        64356 kB
NFS_Unstable:          0 kB
Bounce:                0 kB
WritebackTmp:          0 kB
CommitLimit:     9202292 kB
Committed_AS:   67545184 kB
VmallocTotal:   263061440 kB
VmallocUsed:      104248 kB
VmallocChunk:          0 kB
Percpu:             7680 kB
CmaTotal:         294912 kB
CmaFree:               0 kB
MemTotal:       12113136 kB
MemFree:          810516 kB
MemAvailable:    7879832 kB
Buffers:            8440 kB
Cached:          7122796 kB
SwapCached:            0 kB
Active:          2323688 kB
Inactive:        6101596 kB
Active(anon):    1006932 kB
Inactive(anon):   339600 kB
Active(file):    1316756 kB
Inactive(file):  5761996 kB
Unevictable:        5592 kB
Mlocked:            5592 kB
SwapTotal:       3145724 kB
SwapFree:        3145724 kB
Dirty:               668 kB
Writeback:             0 kB
AnonPages:       1299480 kB
Mapped:           689072 kB
Shmem:             47940 kB
KReclaimable:     875652 kB
Slab:             245592 kB
SReclaimable:      97904 kB
SUnreclaim:       147688 kB
KernelStack:       47296 kB
PageTables:        64436 kB
NFS_Unstable:          0 kB
Bounce:                0 kB
WritebackTmp:          0 kB
CommitLimit:     9202292 kB
Committed_AS:   67536480 kB
VmallocTotal:   263061440 kB
VmallocUsed:      104264 kB
VmallocChunk:          0 kB
Percpu:             7680 kB
CmaTotal:         294912 kB
CmaFree:               0 kB
MemTotal:       12113136 kB
MemFree:          813344 kB
MemAvailable:    7882680 kB
Buffers:            8440 kB
Cached:          7123072 kB
SwapCached:            0 kB
Active:          2321128 kB
Inactive:        6101872 kB
Active(anon):    1004372 kB
Inactive(anon):   339856 kB
Active(file):    1316756 kB
Inactive(file):  5762016 kB
Unevictable:        5592 kB
Mlocked:            5592 kB
SwapTotal:       3145724 kB
SwapFree:        3145724 kB
Dirty:               724 kB
Writeback:             0 kB
AnonPages:       1297188 kB
Mapped:           686812 kB
Shmem:             48196 kB
KReclaimable:     875652 kB
Slab:             245592 kB
SReclaimable:      97904 kB
SUnreclaim:       147688 kB
KernelStack:       47264 kB
PageTables:        64240 kB
NFS_Unstable:          0 kB
Bounce:                0 kB
WritebackTmp:          0 kB
CommitLimit:     9202292 kB
Committed_AS:   67536776 kB
VmallocTotal:   263061440 kB
VmallocUsed:      104248 kB
VmallocChunk:          0 kB
Percpu:             7680 kB
CmaTotal:         294912 kB
CmaFree:               0 kB
MemTotal:       12113136 kB
MemFree:          811072 kB
MemAvailable:    7880432 kB
Buffers:            8440 kB
Cached:          7123352 kB
SwapCached:            0 kB
Active:          2322408 kB
Inactive:        6102152 kB
Active(anon):    1005652 kB
Inactive(anon):   340112 kB
Active(file):    1316756 kB
Inactive(file):  5762040 kB
Unevictable:        5592 kB
Mlocked:            5592 kB
SwapTotal:       3145724 kB
SwapFree:        3145724 kB
Dirty:               304 kB
Writeback:             0 kB
AnonPages:       1298444 kB
Mapped:           686336 kB
Shmem:             48452 kB
KReclaimable:     875652 kB
Slab:             245656 kB
SReclaimable:      97904 kB
SUnreclaim:       147752 kB
KernelStack:       47280 kB
PageTables:        64296 kB
NFS_Unstable:          0 kB
Bounce:                0 kB
WritebackTmp:          0 kB
CommitLimit:     9202292 kB
Committed_AS:   67541764 kB
VmallocTotal:   263061440 kB
VmallocUsed:      104296 kB
VmallocChunk:          0 kB
Percpu:             7680 kB
CmaTotal:         294912 kB
CmaFree:               0 kB
MemTotal:       12113136 kB
MemFree:          810588 kB
MemAvailable:    7879960 kB
Buffers:            8440 kB
Cached:          7123628 kB
SwapCached:            0 kB
Active:          2323952 kB
Inactive:        6102428 kB
Active(anon):    1007196 kB
Inactive(anon):   340376 kB
Active(file):    1316756 kB
Inactive(file):  5762052 kB
Unevictable:        5592 kB
Mlocked:            5592 kB
SwapTotal:       3145724 kB
SwapFree:        3145724 kB
Dirty:               384 kB
Writeback:             0 kB
AnonPages:       1299832 kB
Mapped:           688144 kB
Shmem:             48716 kB
KReclaimable:     875652 kB
Slab:             245584 kB
SReclaimable:      97904 kB
SUnreclaim:       147680 kB
KernelStack:       47296 kB
PageTables:        64436 kB
NFS_Unstable:          0 kB
Bounce:                0 kB
WritebackTmp:          0 kB
CommitLimit:     9202292 kB
Committed_AS:   67533500 kB
VmallocTotal:   263061440 kB
VmallocUsed:      104264 kB
VmallocChunk:          0 kB
Percpu:             7680 kB
CmaTotal:         294912 kB
CmaFree:               0 kB
MemTotal:       12113136 kB
MemFree:          808368 kB
MemAvailable:    7877768 kB
Buffers:            8440 kB
Cached:          7123912 kB
SwapCached:            0 kB
Active:          2325660 kB
Inactive:        6102712 kB
Active(anon):    1008904 kB
Inactive(anon):   340632 kB
Active(file):    1316756 kB
Inactive(file):  5762080 kB
Unevictable:        5592 kB
Mlocked:            5592 kB
SwapTotal:       3145724 kB
SwapFree:        3145724 kB
Dirty:               480 kB
Writeback:             0 kB
AnonPages:       1301508 kB
Mapped:           688436 kB
Shmem:             48972 kB
KReclaimable:     875652 kB
Slab:             245600 kB
SReclaimable:      97904 kB
SUnreclaim:       147696 kB
KernelStack:       47328 kB
PageTables:        64248 kB
NFS_Unstable:          0 kB
Bounce:                0 kB
WritebackTmp:          0 kB
CommitLimit:     9202292 kB
Committed_AS:   67533852 kB
VmallocTotal:   263061440 kB
VmallocUsed:      104280 kB
VmallocChunk:          0 kB
Percpu:             7680 kB
CmaTotal:         294912 kB
CmaFree:               0 kB
MemTotal:       12113136 kB
MemFree:          806320 kB
MemAvailable:    7875740 kB
Buffers:            8440 kB
Cached:          7124188 kB
SwapCached:            0 kB
Active:          2326728 kB
Inactive:        6102988 kB
Active(anon):    1009972 kB
Inactive(anon):   340888 kB
Active(file):    1316756 kB
Inactive(file):  5762100 kB
Unevictable:        5592 kB
Mlocked:            5592 kB
SwapTotal:       3145724 kB
SwapFree:        3145724 kB
Dirty:               684 kB
Writeback:             0 kB
AnonPages:       1302536 kB
Mapped:           688272 kB
Shmem:             49228 kB
KReclaimable:     875652 kB
Slab:             245592 kB
SReclaimable:      97904 kB
SUnreclaim:       147688 kB
KernelStack:       47328 kB
PageTables:        64408 kB
NFS_Unstable:          0 kB
Bounce:                0 kB
WritebackTmp:          0 kB
CommitLimit:     9202292 kB
Committed_AS:   67534116 kB
VmallocTotal:   263061440 kB
VmallocUsed:      104216 kB
VmallocChunk:          0 kB
Percpu:             7680 kB
CmaTotal:         294912 kB
CmaFree:               4 kB
MemTotal:       12113136 kB
MemFree:          805444 kB
MemAvailable:    7874876 kB
Buffers:            8440 kB
Cached:          7124456 kB
SwapCached:            0 kB
Active:          2328228 kB
Inactive:        6103256 kB
Active(anon):    1011472 kB
Inactive(anon):   341144 kB
Active(file):    1316756 kB
Inactive(file):  5762112 kB
Unevictable:        5592 kB
Mlocked:            5592 kB
SwapTotal:       3145724 kB
SwapFree:        3145724 kB
Dirty:               956 kB
Writeback:             0 kB
AnonPages:       1304368 kB
Mapped:           688492 kB
Shmem:             49484 kB
KReclaimable:     875652 kB
Slab:             245600 kB
SReclaimable:      97904 kB
SUnreclaim:       147696 kB
KernelStack:       47280 kB
PageTables:        64304 kB
NFS_Unstable:          0 kB
Bounce:                0 kB
WritebackTmp:          0 kB
CommitLimit:     9202292 kB
Committed_AS:   67538912 kB
VmallocTotal:   263061440 kB
VmallocUsed:      104216 kB
VmallocChunk:          0 kB
Percpu:             7680 kB
CmaTotal:         294912 kB
CmaFree:               0 kB
MemTotal:       12113136 kB
MemFree:          805028 kB
MemAvailable:    7874488 kB
Buffers:            8440 kB
Cached:          7124740 kB
SwapCached:            0 kB
Active:          2327896 kB
Inactive:        6103540 kB
Active(anon):    1011140 kB
Inactive(anon):   341400 kB
Active(file):    1316756 kB
Inactive(file):  5762140 kB
Unevictable:        5592 kB
Mlocked:            5592 kB
SwapTotal:       3145724 kB
SwapFree:        3145724 kB
Dirty:               440 kB
Writeback:             0 kB
AnonPages:       1303832 kB
Mapped:           688528 kB
Shmem:             49740 kB
KReclaimable:     875652 kB
Slab:             245600 kB
SReclaimable:      97904 kB
SUnreclaim:       147696 kB
KernelStack:       47280 kB
PageTables:        64304 kB
NFS_Unstable:          0 kB
Bounce:                0 kB
WritebackTmp:          0 kB
CommitLimit:     9202292 kB
Committed_AS:   67541068 kB
VmallocTotal:   263061440 kB
VmallocUsed:      104200 kB
VmallocChunk:          0 kB
Percpu:             7680 kB
CmaTotal:         294912 kB
CmaFree:              16 kB
MemTotal:       12113136 kB
MemFree:          804004 kB
MemAvailable:    7873488 kB
Buffers:            8440 kB
Cached:          7125020 kB
SwapCached:            0 kB
Active:          2329320 kB
Inactive:        6103820 kB
Active(anon):    1012564 kB
Inactive(anon):   341656 kB
Active(file):    1316756 kB
Inactive(file):  5762164 kB
Unevictable:        5592 kB
Mlocked:            5592 kB
SwapTotal:       3145724 kB
SwapFree:        3145724 kB
Dirty:               676 kB
Writeback:             0 kB
AnonPages:       1305260 kB
Mapped:           688296 kB
Shmem:             49996 kB
KReclaimable:     875652 kB
Slab:             245600 kB
SReclaimable:      97904 kB
SUnreclaim:       147696 kB
KernelStack:       47280 kB
PageTables:        64304 kB
NFS_Unstable:          0 kB
Bounce:                0 kB
WritebackTmp:          0 kB
CommitLimit:     9202292 kB
Committed_AS:   67540968 kB
VmallocTotal:   263061440 kB
VmallocUsed:      104248 kB
VmallocChunk:          0 kB
Percpu:             7680 kB
CmaTotal:         294912 kB
CmaFree:               0 kB
MemTotal:       12113136 kB
MemFree:          801684 kB
MemAvailable:    7871188 kB
Buffers:            8440 kB
Cached:          7125296 kB
SwapCached:            0 kB
Active:          2330380 kB
Inactive:        6104096 kB
Active(anon):    1013624 kB
Inactive(anon):   341912 kB
Active(file):    1316756 kB
Inactive(file):  5762184 kB
Unevictable:        5592 kB
Mlocked:            5592 kB
SwapTotal:       3145724 kB
SwapFree:        3145724 kB
Dirty:               700 kB
Writeback:             0 kB
AnonPages:       1306296 kB
Mapped:           688584 kB
Shmem:             50252 kB
KReclaimable:     875652 kB
Slab:             245600 kB
SReclaimable:      97904 kB
SUnreclaim:       147696 kB
KernelStack:       47328 kB
PageTables:        64360 kB
NFS_Unstable:          0 kB
Bounce:                0 kB
WritebackTmp:          0 kB
CommitLimit:     9202292 kB
Committed_AS:   67543680 kB
VmallocTotal:   263061440 kB
VmallocUsed:      104248 kB
VmallocChunk:          0 kB
Percpu:             7680 kB
CmaTotal:         294912 kB
CmaFree:               0 kB
MemTotal:       12113136 kB
MemFree:          799684 kB
MemAvailable:    7869208 kB
Buffers:            8440 kB
Cached:          7125572 kB
SwapCached:            0 kB
Active:          2331596 kB
Inactive:        6104368 kB
Active(anon):    1014836 kB
Inactive(anon):   342168 kB
Active(file):    1316760 kB
Inactive(file):  5762200 kB
Unevictable:        5592 kB
Mlocked:            5592 kB
SwapTotal:       3145724 kB
SwapFree:        3145724 kB
Dirty:               768 kB
Writeback:             0 kB
AnonPages:       1307436 kB
Mapped:           688352 kB
Shmem:             50508 kB
KReclaimable:     875652 kB
Slab:             245592 kB
SReclaimable:      97904 kB
SUnreclaim:       147688 kB
KernelStack:       47296 kB
PageTables:        64436 kB
NFS_Unstable:          0 kB
Bounce:                0 kB
WritebackTmp:          0 kB
CommitLimit:     9202292 kB
Committed_AS:   67538916 kB
VmallocTotal:   263061440 kB
VmallocUsed:      104264 kB
VmallocChunk:          0 kB
Percpu:             7680 kB
CmaTotal:         294912 kB
CmaFree:               0 kB
MemTotal:       12113136 kB
MemFree:          797868 kB
MemAvailable:    7867412 kB
Buffers:            8440 kB
Cached:          7125848 kB
SwapCached:            0 kB
Active:          2333160 kB
Inactive:        6104644 kB
Active(anon):    1016400 kB
Inactive(anon):   342424 kB
Active(file):    1316760 kB
Inactive(file):  5762220 kB
Unevictable:        5592 kB
Mlocked:            5592 kB
SwapTotal:       3145724 kB
SwapFree:        3145724 kB
Dirty:               788 kB
Writeback:             0 kB
AnonPages:       1309188 kB
Mapped:           688504 kB
Shmem:             50764 kB
KReclaimable:     875652 kB
Slab:             245608 kB
SReclaimable:      97904 kB
SUnreclaim:       147704 kB
KernelStack:       47328 kB
PageTables:        64384 kB
NFS_Unstable:          0 kB
Bounce:                0 kB
WritebackTmp:          0 kB
CommitLimit:     9202292 kB
Committed_AS:   67545628 kB
VmallocTotal:   263061440 kB
VmallocUsed:      104312 kB
VmallocChunk:          0 kB
Percpu:             7680 kB
CmaTotal:         294912 kB
CmaFree:               0 kB
MemTotal:       12113136 kB
MemFree:          796688 kB
MemAvailable:    7866252 kB
Buffers:            8440 kB
Cached:          7126124 kB
SwapCached:            0 kB
Active:          2334652 kB
Inactive:        6104920 kB
Active(anon):    1017892 kB
Inactive(anon):   342680 kB
Active(file):    1316760 kB
Inactive(file):  5762240 kB
Unevictable:        5592 kB
Mlocked:            5592 kB
SwapTotal:       3145724 kB
SwapFree:        3145724 kB
Dirty:               816 kB
Writeback:             0 kB
AnonPages:       1310848 kB
Mapped:           688672 kB
Shmem:             51020 kB
KReclaimable:     875652 kB
Slab:             245592 kB
SReclaimable:      97904 kB
SUnreclaim:       147688 kB
KernelStack:       47280 kB
PageTables:        64304 kB
NFS_Unstable:          0 kB
Bounce:                0 kB
WritebackTmp:          0 kB
CommitLimit:     9202292 kB
Committed_AS:   67546008 kB
VmallocTotal:   263061440 kB
VmallocUsed:      104280 kB
VmallocChunk:          0 kB
Percpu:             7680 kB
CmaTotal:         294912 kB
CmaFree:               0 kB
MemTotal:       12113136 kB
MemFree:          795016 kB
MemAvailable:    7864600 kB
Buffers:            8440 kB
Cached:          7126400 kB
SwapCached:            0 kB
Active:          2336408 kB
Inactive:        6105196 kB
Active(anon):    1019648 kB
Inactive(anon):   342936 kB
Active(file):    1316760 kB
Inactive(file):  5762260 kB
Unevictable:        5592 kB
Mlocked:            5592 kB
SwapTotal:       3145724 kB
SwapFree:        3145724 kB
Dirty:               852 kB
Writeback:             0 kB
AnonPages:       1312284 kB
Mapped:           688708 kB
Shmem:             51276 kB
KReclaimable:     875652 kB
Slab:             245600 kB
SReclaimable:      97904 kB
SUnreclaim:       147696 kB
KernelStack:       47280 kB
PageTables:        64304 kB
NFS_Unstable:          0 kB
Bounce:                0 kB
WritebackTmp:          0 kB
CommitLimit:     9202292 kB
Committed_AS:   67545920 kB
VmallocTotal:   263061440 kB
VmallocUsed:      104296 kB
VmallocChunk:          0 kB
Percpu:             7680 kB
CmaTotal:         294912 kB
CmaFree:               0 kB
MemTotal:       12113136 kB
MemFree:          793604 kB
MemAvailable:    7863232 kB
Buffers:            8444 kB
Cached:          7126696 kB
SwapCached:            0 kB
Active:          2337512 kB
Inactive:        6105492 kB
Active(anon):    1020748 kB
Inactive(anon):   343192 kB
Active(file):    1316764 kB
Inactive(file):  5762300 kB
Unevictable:        5592 kB
Mlocked:            5592 kB
SwapTotal:       3145724 kB
SwapFree:        3145724 kB
Dirty:               876 kB
Writeback:             0 kB
AnonPages:       1313540 kB
Mapped:           688480 kB
Shmem:             51532 kB
KReclaimable:     875652 kB
Slab:             245616 kB
SReclaimable:      97904 kB
SUnreclaim:       147712 kB
KernelStack:       47280 kB
PageTables:        64304 kB
NFS_Unstable:          0 kB
Bounce:                0 kB
WritebackTmp:          0 kB
CommitLimit:     9202292 kB
Committed_AS:   67541540 kB
VmallocTotal:   263061440 kB
VmallocUsed:      104264 kB
VmallocChunk:          0 kB
Percpu:             7680 kB
CmaTotal:         294912 kB
CmaFree:               0 kB
MemTotal:       12113136 kB
MemFree:          792192 kB
MemAvailable:    7861852 kB
Buffers:            8444 kB
Cached:          7126984 kB
SwapCached:            0 kB
Active:          2338848 kB
Inactive:        6105776 kB
Active(anon):    1022080 kB
Inactive(anon):   343448 kB
Active(file):    1316768 kB
Inactive(file):  5762328 kB
Unevictable:        5592 kB
Mlocked:            5592 kB
SwapTotal:       3145724 kB
SwapFree:        3145724 kB
Dirty:               912 kB
Writeback:             0 kB
AnonPages:       1314784 kB
Mapped:           688504 kB
Shmem:             51788 kB
KReclaimable:     875652 kB
Slab:             245608 kB
SReclaimable:      97904 kB
SUnreclaim:       147704 kB
KernelStack:       47280 kB
PageTables:        64304 kB
NFS_Unstable:          0 kB
Bounce:                0 kB
WritebackTmp:          0 kB
CommitLimit:     9202292 kB
Committed_AS:   67550212 kB
VmallocTotal:   263061440 kB
VmallocUsed:      104264 kB
VmallocChunk:          0 kB
Percpu:             7680 kB
CmaTotal:         294912 kB
CmaFree:               0 kB
MemTotal:       12113136 kB
MemFree:          790092 kB
MemAvailable:    7859768 kB
Buffers:            8444 kB
Cached:          7127256 kB
SwapCached:            0 kB
Active:          2338188 kB
Inactive:        6106052 kB
Active(anon):    1021424 kB
Inactive(anon):   343704 kB
Active(file):    1316764 kB
Inactive(file):  5762348 kB
Unevictable:        5592 kB
Mlocked:            5592 kB
SwapTotal:       3145724 kB
SwapFree:        3145724 kB
Dirty:               956 kB
Writeback:             0 kB
AnonPages:       1314220 kB
Mapped:           688796 kB
Shmem:             52044 kB
KReclaimable:     875652 kB
Slab:             245608 kB
SReclaimable:      97904 kB
SUnreclaim:       147704 kB
KernelStack:       47280 kB
PageTables:        64308 kB
NFS_Unstable:          0 kB
Bounce:                0 kB
WritebackTmp:          0 kB
CommitLimit:     9202292 kB
Committed_AS:   67550444 kB
VmallocTotal:   263061440 kB
VmallocUsed:      104312 kB
VmallocChunk:          0 kB
Percpu:             7680 kB
CmaTotal:         294912 kB
CmaFree:               0 kB
MemTotal:       12113136 kB
MemFree:          788344 kB
MemAvailable:    7858032 kB
Buffers:            8444 kB
Cached:          7127524 kB
SwapCached:            0 kB
Active:          2339712 kB
Inactive:        6106320 kB
Active(anon):    1022948 kB
Inactive(anon):   343960 kB
Active(file):    1316764 kB
Inactive(file):  5762360 kB
Unevictable:        5592 kB
Mlocked:            5592 kB
SwapTotal:       3145724 kB
SwapFree:        3145724 kB
Dirty:               264 kB
Writeback:             0 kB
AnonPages:       1315932 kB
Mapped:           688824 kB
Shmem:             52300 kB
KReclaimable:     875652 kB
Slab:             245620 kB
SReclaimable:      97904 kB
SUnreclaim:       147716 kB
KernelStack:       47264 kB
PageTables:        64252 kB
NFS_Unstable:          0 kB
Bounce:                0 kB
WritebackTmp:          0 kB
CommitLimit:     9202292 kB
Committed_AS:   67543396 kB
VmallocTotal:   263061440 kB
VmallocUsed:      104264 kB
VmallocChunk:          0 kB
Percpu:             7680 kB
CmaTotal:         294912 kB
CmaFree:               0 kB
MemTotal:       12113136 kB
MemFree:          799664 kB
MemAvailable:    7869368 kB
Buffers:            8444 kB
Cached:          7123060 kB
SwapCached:            0 kB
Active:          2331808 kB
Inactive:        6101856 kB
Active(anon):    1015044 kB
Inactive(anon):   339480 kB
Active(file):    1316764 kB
Inactive(file):  5762376 kB
Unevictable:        5592 kB
Mlocked:            5592 kB
SwapTotal:       3145724 kB
SwapFree:        3145724 kB
Dirty:               320 kB
Writeback:             0 kB
AnonPages:       1307812 kB
Mapped:           688856 kB
Shmem:             47820 kB
KReclaimable:     875652 kB
Slab:             245564 kB
SReclaimable:      97904 kB
SUnreclaim:       147660 kB
KernelStack:       47280 kB
PageTables:        64276 kB
NFS_Unstable:          0 kB
Bounce:                0 kB
WritebackTmp:          0 kB
CommitLimit:     9202292 kB
Committed_AS:   67537148 kB
VmallocTotal:   263061440 kB
VmallocUsed:      104248 kB
VmallocChunk:          0 kB
Percpu:             7680 kB
CmaTotal:         294912 kB
CmaFree:               0 kB
MemTotal:       12113136 kB
MemFree:          798924 kB
MemAvailable:    7868660 kB
Buffers:            8444 kB
Cached:          7123348 kB
SwapCached:            0 kB
Active:          2333440 kB
Inactive:        6102144 kB
Active(anon):    1016676 kB
Inactive(anon):   339736 kB
Active(file):    1316764 kB
Inactive(file):  5762408 kB
Unevictable:        5592 kB
Mlocked:            5592 kB
SwapTotal:       3145724 kB
SwapFree:        3145724 kB
Dirty:               408 kB
Writeback:             0 kB
AnonPages:       1309576 kB
Mapped:           688692 kB
Shmem:             48076 kB
KReclaimable:     875652 kB
Slab:             245580 kB
SReclaimable:      97904 kB
SUnreclaim:       147676 kB
KernelStack:       47328 kB
PageTables:        64384 kB
NFS_Unstable:          0 kB
Bounce:                0 kB
WritebackTmp:          0 kB
CommitLimit:     9202292 kB
Committed_AS:   67537196 kB
VmallocTotal:   263061440 kB
VmallocUsed:      104264 kB
VmallocChunk:          0 kB
Percpu:             7680 kB
CmaTotal:         294912 kB
CmaFree:               0 kB
MemTotal:       12113136 kB
MemFree:          798584 kB
MemAvailable:    7868336 kB
Buffers:            8444 kB
Cached:          7123620 kB
SwapCached:            0 kB
Active:          2334784 kB
Inactive:        6102416 kB
Active(anon):    1018020 kB
Inactive(anon):   339992 kB
Active(file):    1316764 kB
Inactive(file):  5762424 kB
Unevictable:        5592 kB
Mlocked:            5592 kB
SwapTotal:       3145724 kB
SwapFree:        3145724 kB
Dirty:               444 kB
Writeback:             0 kB
AnonPages:       1310776 kB
Mapped:           688656 kB
Shmem:             48332 kB
KReclaimable:     875652 kB
Slab:             245572 kB
SReclaimable:      97904 kB
SUnreclaim:       147668 kB
KernelStack:       47328 kB
PageTables:        64400 kB
NFS_Unstable:          0 kB
Bounce:                0 kB
WritebackTmp:          0 kB
CommitLimit:     9202292 kB
Committed_AS:   67537380 kB
VmallocTotal:   263061440 kB
VmallocUsed:      104248 kB
VmallocChunk:          0 kB
Percpu:             7680 kB
CmaTotal:         294912 kB
CmaFree:               0 kB
MemTotal:       12113136 kB
MemFree:          798224 kB
MemAvailable:    7867996 kB
Buffers:            8444 kB
Cached:          7123896 kB
SwapCached:            0 kB
Active:          2334808 kB
Inactive:        6102692 kB
Active(anon):    1018044 kB
Inactive(anon):   340248 kB
Active(file):    1316764 kB
Inactive(file):  5762444 kB
Unevictable:        5592 kB
Mlocked:            5592 kB
SwapTotal:       3145724 kB
SwapFree:        3145724 kB
Dirty:               484 kB
Writeback:             0 kB
AnonPages:       1310628 kB
Mapped:           688944 kB
Shmem:             48588 kB
KReclaimable:     875652 kB
Slab:             245572 kB
SReclaimable:      97904 kB
SUnreclaim:       147668 kB
KernelStack:       47280 kB
PageTables:        64312 kB
NFS_Unstable:          0 kB
Bounce:                0 kB
WritebackTmp:          0 kB
CommitLimit:     9202292 kB
Committed_AS:   67533488 kB
VmallocTotal:   263061440 kB
VmallocUsed:      104248 kB
VmallocChunk:          0 kB
Percpu:             7680 kB
CmaTotal:         294912 kB
CmaFree:               0 kB
MemTotal:       12113136 kB
MemFree:          796592 kB
MemAvailable:    7866384 kB
Buffers:            8444 kB
Cached:          7124172 kB
SwapCached:            0 kB
Active:          2336376 kB
Inactive:        6102968 kB
Active(anon):    1019612 kB
Inactive(anon):   340504 kB
Active(file):    1316764 kB
Inactive(file):  5762464 kB
Unevictable:        5592 kB
Mlocked:            5592 kB
SwapTotal:       3145724 kB
SwapFree:        3145724 kB
Dirty:               256 kB
Writeback:             0 kB
AnonPages:       1312448 kB
Mapped:           689132 kB
Shmem:             48844 kB
KReclaimable:     875652 kB
Slab:             245568 kB
SReclaimable:      97904 kB
SUnreclaim:       147664 kB
KernelStack:       47280 kB
PageTables:        64312 kB
NFS_Unstable:          0 kB
Bounce:                0 kB
WritebackTmp:          0 kB
CommitLimit:     9202292 kB
Committed_AS:   67533212 kB
VmallocTotal:   263061440 kB
VmallocUsed:      104232 kB
VmallocChunk:          0 kB
Percpu:             7680 kB
CmaTotal:         294912 kB
CmaFree:               0 kB
MemTotal:       12113136 kB
MemFree:          795952 kB
MemAvailable:    7865768 kB
Buffers:            8444 kB
Cached:          7124452 kB
SwapCached:            0 kB
Active:          2338404 kB
Inactive:        6103248 kB
Active(anon):    1021640 kB
Inactive(anon):   340760 kB
Active(file):    1316764 kB
Inactive(file):  5762488 kB
Unevictable:        5592 kB
Mlocked:            5592 kB
SwapTotal:       3145724 kB
SwapFree:        3145724 kB
Dirty:               340 kB
Writeback:             0 kB
AnonPages:       1314676 kB
Mapped:           689164 kB
Shmem:             49100 kB
KReclaimable:     875652 kB
Slab:             245560 kB
SReclaimable:      97904 kB
SUnreclaim:       147656 kB
KernelStack:       47328 kB
PageTables:        64364 kB
NFS_Unstable:          0 kB
Bounce:                0 kB
WritebackTmp:          0 kB
CommitLimit:     9202292 kB
Committed_AS:   67533008 kB
VmallocTotal:   263061440 kB
VmallocUsed:      104232 kB
VmallocChunk:          0 kB
Percpu:             7680 kB
CmaTotal:         294912 kB
CmaFree:               0 kB
MemTotal:       12113136 kB
MemFree:          793188 kB
MemAvailable:    7863036 kB
Buffers:            8444 kB
Cached:          7124740 kB
SwapCached:            0 kB
Active:          2339424 kB
Inactive:        6103536 kB
Active(anon):    1022660 kB
Inactive(anon):   341016 kB
Active(file):    1316764 kB
Inactive(file):  5762520 kB
Unevictable:        5592 kB
Mlocked:            5592 kB
SwapTotal:       3145724 kB
SwapFree:        3145724 kB
Dirty:               404 kB
Writeback:             0 kB
AnonPages:       1315476 kB
Mapped:           689192 kB
Shmem:             49356 kB
KReclaimable:     875652 kB
Slab:             245576 kB
SReclaimable:      97904 kB
SUnreclaim:       147672 kB
KernelStack:       47280 kB
PageTables:        64308 kB
NFS_Unstable:          0 kB
Bounce:                0 kB
WritebackTmp:          0 kB
CommitLimit:     9202292 kB
Committed_AS:   67537944 kB
VmallocTotal:   263061440 kB
VmallocUsed:      104248 kB
VmallocChunk:          0 kB
Percpu:             7680 kB
CmaTotal:         294912 kB
CmaFree:               0 kB
MemTotal:       12113136 kB
MemFree:          791116 kB
MemAvailable:    7861000 kB
Buffers:            8444 kB
Cached:          7125016 kB
SwapCached:            0 kB
Active:          2340504 kB
Inactive:        6103812 kB
Active(anon):    1023740 kB
Inactive(anon):   341272 kB
Active(file):    1316764 kB
Inactive(file):  5762540 kB
Unevictable:        5592 kB
Mlocked:            5592 kB
SwapTotal:       3145724 kB
SwapFree:        3145724 kB
Dirty:               468 kB
Writeback:             0 kB
AnonPages:       1316668 kB
Mapped:           688204 kB
Shmem:             49612 kB
KReclaimable:     875668 kB
Slab:             245584 kB
SReclaimable:      97920 kB
SUnreclaim:       147664 kB
KernelStack:       47280 kB
PageTables:        64308 kB
NFS_Unstable:          0 kB
Bounce:                0 kB
WritebackTmp:          0 kB
CommitLimit:     9202292 kB
Committed_AS:   67542308 kB
VmallocTotal:   263061440 kB
VmallocUsed:      104280 kB
VmallocChunk:          0 kB
Percpu:             7680 kB
CmaTotal:         294912 kB
CmaFree:               0 kB
MemTotal:       12113136 kB
MemFree:          790336 kB
MemAvailable:    7860220 kB
Buffers:            8444 kB
Cached:          7125288 kB
SwapCached:            0 kB
Active:          2341816 kB
Inactive:        6104084 kB
Active(anon):    1025052 kB
Inactive(anon):   341528 kB
Active(file):    1316764 kB
Inactive(file):  5762556 kB
Unevictable:        5592 kB
Mlocked:            5592 kB
SwapTotal:       3145724 kB
SwapFree:        3145724 kB
Dirty:               504 kB
Writeback:             0 kB
AnonPages:       1317848 kB
Mapped:           688236 kB
Shmem:             49868 kB
KReclaimable:     875652 kB
Slab:             245576 kB
SReclaimable:      97904 kB
SUnreclaim:       147672 kB
KernelStack:       47280 kB
PageTables:        64312 kB
NFS_Unstable:          0 kB
Bounce:                0 kB
WritebackTmp:          0 kB
CommitLimit:     9202292 kB
Committed_AS:   67538044 kB
VmallocTotal:   263061440 kB
VmallocUsed:      104296 kB
VmallocChunk:          0 kB
Percpu:             7680 kB
CmaTotal:         294912 kB
CmaFree:               0 kB
MemTotal:       12113136 kB
MemFree:          788736 kB
MemAvailable:    7858644 kB
Buffers:            8444 kB
Cached:          7125568 kB
SwapCached:            0 kB
Active:          2343252 kB
Inactive:        6104364 kB
Active(anon):    1026488 kB
Inactive(anon):   341784 kB
Active(file):    1316764 kB
Inactive(file):  5762580 kB
Unevictable:        5592 kB
Mlocked:            5592 kB
SwapTotal:       3145724 kB
SwapFree:        3145724 kB
Dirty:               256 kB
Writeback:             0 kB
AnonPages:       1319080 kB
Mapped:           688448 kB
Shmem:             50124 kB
KReclaimable:     875652 kB
Slab:             245608 kB
SReclaimable:      97904 kB
SUnreclaim:       147704 kB
KernelStack:       47328 kB
PageTables:        64396 kB
NFS_Unstable:          0 kB
Bounce:                0 kB
WritebackTmp:          0 kB
CommitLimit:     9202292 kB
Committed_AS:   67543368 kB
VmallocTotal:   263061440 kB
VmallocUsed:      104312 kB
VmallocChunk:          0 kB
Percpu:             7680 kB
CmaTotal:         294912 kB
CmaFree:               0 kB
MemTotal:       12113136 kB
MemFree:          787924 kB
MemAvailable:    7857860 kB
Buffers:            8448 kB
Cached:          7125848 kB
SwapCached:            0 kB
Active:          2344512 kB
Inactive:        6104648 kB
Active(anon):    1027748 kB
Inactive(anon):   342040 kB
Active(file):    1316764 kB
Inactive(file):  5762608 kB
Unevictable:        5592 kB
Mlocked:            5592 kB
SwapTotal:       3145724 kB
SwapFree:        3145724 kB
Dirty:               364 kB
Writeback:             0 kB
AnonPages:       1320596 kB
Mapped:           688552 kB
Shmem:             50380 kB
KReclaimable:     875652 kB
Slab:             245608 kB
SReclaimable:      97904 kB
SUnreclaim:       147704 kB
KernelStack:       47280 kB
PageTables:        64308 kB
NFS_Unstable:          0 kB
Bounce:                0 kB
WritebackTmp:          0 kB
CommitLimit:     9202292 kB
Committed_AS:   67535380 kB
VmallocTotal:   263061440 kB
VmallocUsed:      104280 kB
VmallocChunk:          0 kB
Percpu:             7680 kB
CmaTotal:         294912 kB
CmaFree:               0 kB
MemTotal:       12113136 kB
MemFree:          786316 kB
MemAvailable:    7856280 kB
Buffers:            8448 kB
Cached:          7126132 kB
SwapCached:            0 kB
Active:          2346020 kB
Inactive:        6104928 kB
Active(anon):    1029252 kB
Inactive(anon):   342296 kB
Active(file):    1316768 kB
Inactive(file):  5762632 kB
Unevictable:        5592 kB
Mlocked:            5592 kB
SwapTotal:       3145724 kB
SwapFree:        3145724 kB
Dirty:               396 kB
Writeback:             0 kB
AnonPages:       1322172 kB
Mapped:           688516 kB
Shmem:             50636 kB
KReclaimable:     875652 kB
Slab:             245608 kB
SReclaimable:      97904 kB
SUnreclaim:       147704 kB
KernelStack:       47328 kB
PageTables:        64408 kB
NFS_Unstable:          0 kB
Bounce:                0 kB
WritebackTmp:          0 kB
CommitLimit:     9202292 kB
Committed_AS:   67535364 kB
VmallocTotal:   263061440 kB
VmallocUsed:      104264 kB
VmallocChunk:          0 kB
Percpu:             7680 kB
CmaTotal:         294912 kB
CmaFree:               0 kB
MemTotal:       12113136 kB
MemFree:          784764 kB
MemAvailable:    7854756 kB
Buffers:            8448 kB
Cached:          7126416 kB
SwapCached:            0 kB
Active:          2347128 kB
Inactive:        6105212 kB
Active(anon):    1030360 kB
Inactive(anon):   342552 kB
Active(file):    1316768 kB
Inactive(file):  5762660 kB
Unevictable:        5592 kB
Mlocked:            5592 kB
SwapTotal:       3145724 kB
SwapFree:        3145724 kB
Dirty:               444 kB
Writeback:             0 kB
AnonPages:       1323116 kB
Mapped:           688356 kB
Shmem:             50892 kB
KReclaimable:     875652 kB
Slab:             245608 kB
SReclaimable:      97904 kB
SUnreclaim:       147704 kB
KernelStack:       47280 kB
PageTables:        64308 kB
NFS_Unstable:          0 kB
Bounce:                0 kB
WritebackTmp:          0 kB
CommitLimit:     9202292 kB
Committed_AS:   67533324 kB
VmallocTotal:   263061440 kB
VmallocUsed:      104264 kB
VmallocChunk:          0 kB
Percpu:             7680 kB
CmaTotal:         294912 kB
CmaFree:               0 kB
MemTotal:       12113136 kB
MemFree:          784068 kB
MemAvailable:    7854084 kB
Buffers:            8448 kB
Cached:          7126696 kB
SwapCached:            0 kB
Active:          2347660 kB
Inactive:        6105492 kB
Active(anon):    1030892 kB
Inactive(anon):   342808 kB
Active(file):    1316768 kB
Inactive(file):  5762684 kB
Unevictable:        5592 kB
Mlocked:            5592 kB
SwapTotal:       3145724 kB
SwapFree:        3145724 kB
Dirty:               500 kB
Writeback:             0 kB
AnonPages:       1323604 kB
Mapped:           688640 kB
Shmem:             51148 kB
KReclaimable:     875652 kB
Slab:             245624 kB
SReclaimable:      97904 kB
SUnreclaim:       147720 kB
KernelStack:       47296 kB
PageTables:        64308 kB
NFS_Unstable:          0 kB
Bounce:                0 kB
WritebackTmp:          0 kB
CommitLimit:     9202292 kB
Committed_AS:   67545864 kB
VmallocTotal:   263061440 kB
VmallocUsed:      104296 kB
VmallocChunk:          0 kB
Percpu:             7680 kB
CmaTotal:         294912 kB
CmaFree:               0 kB
MemTotal:       12113136 kB
MemFree:          781804 kB
MemAvailable:    7851840 kB
Buffers:            8448 kB
Cached:          7126972 kB
SwapCached:            0 kB
Active:          2349216 kB
Inactive:        6105768 kB
Active(anon):    1032448 kB
Inactive(anon):   343064 kB
Active(file):    1316768 kB
Inactive(file):  5762704 kB
Unevictable:        5592 kB
Mlocked:            5592 kB
SwapTotal:       3145724 kB
SwapFree:        3145724 kB
Dirty:               256 kB
Writeback:             0 kB
AnonPages:       1325176 kB
Mapped:           688680 kB
Shmem:             51404 kB
KReclaimable:     875652 kB
Slab:             245600 kB
SReclaimable:      97904 kB
SUnreclaim:       147696 kB
KernelStack:       47296 kB
PageTables:        64308 kB
NFS_Unstable:          0 kB
Bounce:                0 kB
WritebackTmp:          0 kB
CommitLimit:     9202292 kB
Committed_AS:   67546472 kB
VmallocTotal:   263061440 kB
VmallocUsed:      104312 kB
VmallocChunk:          0 kB
Percpu:             7680 kB
CmaTotal:         294912 kB
CmaFree:               0 kB
MemTotal:       12113136 kB
MemFree:          782596 kB
MemAvailable:    7852648 kB
Buffers:            8448 kB
Cached:          7127244 kB
SwapCached:            0 kB
Active:          2347440 kB
Inactive:        6106040 kB
Active(anon):    1030672 kB
Inactive(anon):   343320 kB
Active(file):    1316768 kB
Inactive(file):  5762720 kB
Unevictable:        5592 kB
Mlocked:            5592 kB
SwapTotal:       3145724 kB
SwapFree:        3145724 kB
Dirty:               324 kB
Writeback:             0 kB
AnonPages:       1323392 kB
Mapped:           686604 kB
Shmem:             51660 kB
KReclaimable:     875652 kB
Slab:             245600 kB
SReclaimable:      97904 kB
SUnreclaim:       147696 kB
KernelStack:       47360 kB
PageTables:        64364 kB
NFS_Unstable:          0 kB
Bounce:                0 kB
WritebackTmp:          0 kB
CommitLimit:     9202292 kB
Committed_AS:   67541944 kB
VmallocTotal:   263061440 kB
VmallocUsed:      104312 kB
VmallocChunk:          0 kB
Percpu:             7680 kB
CmaTotal:         294912 kB
CmaFree:               0 kB
MemTotal:       12113136 kB
MemFree:          784436 kB
MemAvailable:    7854508 kB
Buffers:            8448 kB
Cached:          7127520 kB
SwapCached:            0 kB
Active:          2343728 kB
Inactive:        6106320 kB
Active(anon):    1026964 kB
Inactive(anon):   343576 kB
Active(file):    1316764 kB
Inactive(file):  5762744 kB
Unevictable:        5592 kB
Mlocked:            5592 kB
SwapTotal:       3145724 kB
SwapFree:        3145724 kB
Dirty:               392 kB
Writeback:             0 kB
AnonPages:       1319784 kB
Mapped:           686444 kB
Shmem:             51916 kB
KReclaimable:     875652 kB
Slab:             245600 kB
SReclaimable:      97904 kB
SUnreclaim:       147696 kB
KernelStack:       47296 kB
PageTables:        64300 kB
NFS_Unstable:          0 kB
Bounce:                0 kB
WritebackTmp:          0 kB
CommitLimit:     9202292 kB
Committed_AS:   67547128 kB
VmallocTotal:   263061440 kB
VmallocUsed:      104312 kB
VmallocChunk:          0 kB
Percpu:             7680 kB
CmaTotal:         294912 kB
CmaFree:               0 kB
MemTotal:       12113136 kB
MemFree:          803948 kB
MemAvailable:    7874044 kB
Buffers:            8448 kB
Cached:          7123192 kB
SwapCached:            0 kB
Active:          2328448 kB
Inactive:        6101992 kB
Active(anon):    1011684 kB
Inactive(anon):   339224 kB
Active(file):    1316764 kB
Inactive(file):  5762768 kB
Unevictable:        5592 kB
Mlocked:            5592 kB
SwapTotal:       3145724 kB
SwapFree:        3145724 kB
Dirty:               444 kB
Writeback:             0 kB
AnonPages:       1304368 kB
Mapped:           688508 kB
Shmem:             47564 kB
KReclaimable:     875652 kB
Slab:             245536 kB
SReclaimable:      97904 kB
SUnreclaim:       147632 kB
KernelStack:       47296 kB
PageTables:        64308 kB
NFS_Unstable:          0 kB
Bounce:                0 kB
WritebackTmp:          0 kB
CommitLimit:     9202292 kB
Committed_AS:   67551500 kB
VmallocTotal:   263061440 kB
VmallocUsed:      104344 kB
VmallocChunk:          0 kB
Percpu:             7680 kB
CmaTotal:         294912 kB
CmaFree:               0 kB
MemTotal:       12113136 kB
MemFree:          803300 kB
MemAvailable:    7873412 kB
Buffers:            8448 kB
Cached:          7123464 kB
SwapCached:            0 kB
Active:          2329724 kB
Inactive:        6102260 kB
Active(anon):    1012956 kB
Inactive(anon):   339480 kB
Active(file):    1316768 kB
Inactive(file):  5762780 kB
Unevictable:        5592 kB
Mlocked:            5592 kB
SwapTotal:       3145724 kB
SwapFree:        3145724 kB
Dirty:               476 kB
Writeback:             0 kB
AnonPages:       1305696 kB
Mapped:           688800 kB
Shmem:             47820 kB
KReclaimable:     875652 kB
Slab:             245536 kB
SReclaimable:      97904 kB
SUnreclaim:       147632 kB
KernelStack:       47280 kB
PageTables:        64256 kB
NFS_Unstable:          0 kB
Bounce:                0 kB
WritebackTmp:          0 kB
CommitLimit:     9202292 kB
Committed_AS:   67544120 kB
VmallocTotal:   263061440 kB
VmallocUsed:      104296 kB
VmallocChunk:          0 kB
Percpu:             7680 kB
CmaTotal:         294912 kB
CmaFree:               0 kB
MemTotal:       12113136 kB
MemFree:          801960 kB
MemAvailable:    7872092 kB
Buffers:            8448 kB
Cached:          7123740 kB
SwapCached:            0 kB
Active:          2330484 kB
Inactive:        6102536 kB
Active(anon):    1013716 kB
Inactive(anon):   339736 kB
Active(file):    1316768 kB
Inactive(file):  5762800 kB
Unevictable:        5592 kB
Mlocked:            5592 kB
SwapTotal:       3145724 kB
SwapFree:        3145724 kB
Dirty:               248 kB
Writeback:             0 kB
AnonPages:       1306308 kB
Mapped:           688752 kB
Shmem:             48076 kB
KReclaimable:     875652 kB
Slab:             245536 kB
SReclaimable:      97904 kB
SUnreclaim:       147632 kB
KernelStack:       47344 kB
PageTables:        64388 kB
NFS_Unstable:          0 kB
Bounce:                0 kB
WritebackTmp:          0 kB
CommitLimit:     9202292 kB
Committed_AS:   67541656 kB
VmallocTotal:   263061440 kB
VmallocUsed:      104296 kB
VmallocChunk:          0 kB
Percpu:             7680 kB
CmaTotal:         294912 kB
CmaFree:               0 kB
MemTotal:       12113136 kB
MemFree:          817496 kB
MemAvailable:    7887652 kB
Buffers:            8448 kB
Cached:          7124020 kB
SwapCached:            0 kB
Active:          2312780 kB
Inactive:        6102820 kB
Active(anon):     996016 kB
Inactive(anon):   339992 kB
Active(file):    1316764 kB
Inactive(file):  5762828 kB
Unevictable:        5592 kB
Mlocked:            5592 kB
SwapTotal:       3145724 kB
SwapFree:        3145724 kB
Dirty:               324 kB
Writeback:             0 kB
AnonPages:       1288840 kB
Mapped:           688596 kB
Shmem:             48332 kB
KReclaimable:     875652 kB
Slab:             245536 kB
SReclaimable:      97904 kB
SUnreclaim:       147632 kB
KernelStack:       47296 kB
PageTables:        64308 kB
NFS_Unstable:          0 kB
Bounce:                0 kB
WritebackTmp:          0 kB
CommitLimit:     9202292 kB
Committed_AS:   67541524 kB
VmallocTotal:   263061440 kB
VmallocUsed:      104280 kB
VmallocChunk:          0 kB
Percpu:             7680 kB
CmaTotal:         294912 kB
CmaFree:               0 kB
MemTotal:       12113136 kB
MemFree:          817480 kB
MemAvailable:    7887672 kB
Buffers:            8448 kB
Cached:          7124312 kB
SwapCached:            0 kB
Active:          2313808 kB
Inactive:        6103108 kB
Active(anon):     997040 kB
Inactive(anon):   340248 kB
Active(file):    1316768 kB
Inactive(file):  5762860 kB
Unevictable:        5592 kB
Mlocked:            5592 kB
SwapTotal:       3145724 kB
SwapFree:        3145724 kB
Dirty:               396 kB
Writeback:             0 kB
AnonPages:       1289784 kB
Mapped:           688696 kB
Shmem:             48588 kB
KReclaimable:     875652 kB
Slab:             245536 kB
SReclaimable:      97904 kB
SUnreclaim:       147632 kB
KernelStack:       47296 kB
PageTables:        64280 kB
NFS_Unstable:          0 kB
Bounce:                0 kB
WritebackTmp:          0 kB
CommitLimit:     9202292 kB
Committed_AS:   67530804 kB
VmallocTotal:   263061440 kB
VmallocUsed:      104264 kB
VmallocChunk:          0 kB
Percpu:             7680 kB
CmaTotal:         294912 kB
CmaFree:               0 kB
MemTotal:       12113136 kB
MemFree:          815952 kB
MemAvailable:    7886160 kB
Buffers:            8448 kB
Cached:          7124584 kB
SwapCached:            0 kB
Active:          2315204 kB
Inactive:        6103380 kB
Active(anon):     998436 kB
Inactive(anon):   340504 kB
Active(file):    1316768 kB
Inactive(file):  5762876 kB
Unevictable:        5592 kB
Mlocked:            5592 kB
SwapTotal:       3145724 kB
SwapFree:        3145724 kB
Dirty:               456 kB
Writeback:             0 kB
AnonPages:       1291196 kB
Mapped:           688924 kB
Shmem:             48844 kB
KReclaimable:     875652 kB
Slab:             245536 kB
SReclaimable:      97904 kB
SUnreclaim:       147632 kB
KernelStack:       47312 kB
PageTables:        64440 kB
NFS_Unstable:          0 kB
Bounce:                0 kB
WritebackTmp:          0 kB
CommitLimit:     9202292 kB
Committed_AS:   67535644 kB
VmallocTotal:   263061440 kB
VmallocUsed:      104296 kB
VmallocChunk:          0 kB
Percpu:             7680 kB
CmaTotal:         294912 kB
CmaFree:               0 kB
MemTotal:       12113136 kB
MemFree:          815168 kB
MemAvailable:    7885392 kB
Buffers:            8448 kB
Cached:          7124860 kB
SwapCached:            0 kB
Active:          2316332 kB
Inactive:        6103656 kB
Active(anon):     999564 kB
Inactive(anon):   340764 kB
Active(file):    1316768 kB
Inactive(file):  5762892 kB
Unevictable:        5592 kB
Mlocked:            5592 kB
SwapTotal:       3145724 kB
SwapFree:        3145724 kB
Dirty:               500 kB
Writeback:             0 kB
AnonPages:       1292572 kB
Mapped:           688956 kB
Shmem:             49104 kB
KReclaimable:     875652 kB
Slab:             245536 kB
SReclaimable:      97904 kB
SUnreclaim:       147632 kB
KernelStack:       47296 kB
PageTables:        64308 kB
NFS_Unstable:          0 kB
Bounce:                0 kB
WritebackTmp:          0 kB
CommitLimit:     9202292 kB
Committed_AS:   67532796 kB
VmallocTotal:   263061440 kB
VmallocUsed:      104312 kB
VmallocChunk:          0 kB
Percpu:             7680 kB
CmaTotal:         294912 kB
CmaFree:               0 kB
MemTotal:       12113136 kB
MemFree:          814856 kB
MemAvailable:    7885112 kB
Buffers:            8448 kB
Cached:          7125148 kB
SwapCached:            0 kB
Active:          2318092 kB
Inactive:        6103944 kB
Active(anon):    1001324 kB
Inactive(anon):   341020 kB
Active(file):    1316768 kB
Inactive(file):  5762924 kB
Unevictable:        5592 kB
Mlocked:            5592 kB
SwapTotal:       3145724 kB
SwapFree:        3145724 kB
Dirty:               216 kB
Writeback:             0 kB
AnonPages:       1294104 kB
Mapped:           688980 kB
Shmem:             49360 kB
KReclaimable:     875652 kB
Slab:             245536 kB
SReclaimable:      97904 kB
SUnreclaim:       147632 kB
KernelStack:       47296 kB
PageTables:        64304 kB
NFS_Unstable:          0 kB
Bounce:                0 kB
WritebackTmp:          0 kB
CommitLimit:     9202292 kB
Committed_AS:   67537680 kB
VmallocTotal:   263061440 kB
VmallocUsed:      104264 kB
VmallocChunk:          0 kB
Percpu:             7680 kB
CmaTotal:         294912 kB
CmaFree:               0 kB
MemTotal:       12113136 kB
MemFree:          812268 kB
MemAvailable:    7882536 kB
Buffers:            8448 kB
Cached:          7125416 kB
SwapCached:            0 kB
Active:          2320580 kB
Inactive:        6104212 kB
Active(anon):    1003812 kB
Inactive(anon):   341276 kB
Active(file):    1316768 kB
Inactive(file):  5762936 kB
Unevictable:        5592 kB
Mlocked:            5592 kB
SwapTotal:       3145724 kB
SwapFree:        3145724 kB
Dirty:               340 kB
Writeback:             0 kB
AnonPages:       1296560 kB
Mapped:           688820 kB
Shmem:             49616 kB
KReclaimable:     875652 kB
Slab:             245536 kB
SReclaimable:      97904 kB
SUnreclaim:       147632 kB
KernelStack:       47344 kB
PageTables:        64412 kB
NFS_Unstable:          0 kB
Bounce:                0 kB
WritebackTmp:          0 kB
CommitLimit:     9202292 kB
Committed_AS:   67538964 kB
VmallocTotal:   263061440 kB
VmallocUsed:      104296 kB
VmallocChunk:          0 kB
Percpu:             7680 kB
CmaTotal:         294912 kB
CmaFree:               0 kB
MemTotal:       12113136 kB
MemFree:          811860 kB
MemAvailable:    7882156 kB
Buffers:            8452 kB
Cached:          7125696 kB
SwapCached:            0 kB
Active:          2321180 kB
Inactive:        6104496 kB
Active(anon):    1004412 kB
Inactive(anon):   341532 kB
Active(file):    1316768 kB
Inactive(file):  5762964 kB
Unevictable:        5592 kB
Mlocked:            5592 kB
SwapTotal:       3145724 kB
SwapFree:        3145724 kB
Dirty:               328 kB
Writeback:             0 kB
AnonPages:       1297200 kB
Mapped:           689044 kB
Shmem:             49872 kB
KReclaimable:     875652 kB
Slab:             245536 kB
SReclaimable:      97904 kB
SUnreclaim:       147632 kB
KernelStack:       47312 kB
PageTables:        64436 kB
NFS_Unstable:          0 kB
Bounce:                0 kB
WritebackTmp:          0 kB
CommitLimit:     9202292 kB
Committed_AS:   67538380 kB
VmallocTotal:   263061440 kB
VmallocUsed:      104280 kB
VmallocChunk:          0 kB
Percpu:             7680 kB
CmaTotal:         294912 kB
CmaFree:               0 kB
MemTotal:       12113136 kB
MemFree:          810048 kB
MemAvailable:    7880380 kB
Buffers:            8452 kB
Cached:          7125988 kB
SwapCached:            0 kB
Active:          2322272 kB
Inactive:        6104784 kB
Active(anon):    1005500 kB
Inactive(anon):   341788 kB
Active(file):    1316772 kB
Inactive(file):  5762996 kB
Unevictable:        5592 kB
Mlocked:            5592 kB
SwapTotal:       3145724 kB
SwapFree:        3145724 kB
Dirty:               408 kB
Writeback:             0 kB
AnonPages:       1298480 kB
Mapped:           688812 kB
Shmem:             50128 kB
KReclaimable:     875652 kB
Slab:             245544 kB
SReclaimable:      97904 kB
SUnreclaim:       147640 kB
KernelStack:       47296 kB
PageTables:        64304 kB
NFS_Unstable:          0 kB
Bounce:                0 kB
WritebackTmp:          0 kB
CommitLimit:     9202292 kB
Committed_AS:   67538808 kB
VmallocTotal:   263061440 kB
VmallocUsed:      104264 kB
VmallocChunk:          0 kB
Percpu:             7680 kB
CmaTotal:         294912 kB
CmaFree:               0 kB
MemTotal:       12113136 kB
MemFree:          808884 kB
MemAvailable:    7879240 kB
Buffers:            8452 kB
Cached:          7126268 kB
SwapCached:            0 kB
Active:          2323580 kB
Inactive:        6105064 kB
Active(anon):    1006808 kB
Inactive(anon):   342044 kB
Active(file):    1316772 kB
Inactive(file):  5763020 kB
Unevictable:        5592 kB
Mlocked:            5592 kB
SwapTotal:       3145724 kB
SwapFree:        3145724 kB
Dirty:               464 kB
Writeback:             0 kB
AnonPages:       1299580 kB
Mapped:           688848 kB
Shmem:             50384 kB
KReclaimable:     875652 kB
Slab:             245536 kB
SReclaimable:      97904 kB
SUnreclaim:       147632 kB
KernelStack:       47296 kB
PageTables:        64304 kB
NFS_Unstable:          0 kB
Bounce:                0 kB
WritebackTmp:          0 kB
CommitLimit:     9202292 kB
Committed_AS:   67538800 kB
VmallocTotal:   263061440 kB
VmallocUsed:      104296 kB
VmallocChunk:          0 kB
Percpu:             7680 kB
CmaTotal:         294912 kB
CmaFree:               0 kB
MemTotal:       12113136 kB
MemFree:          806000 kB
MemAvailable:    7876376 kB
Buffers:            8452 kB
Cached:          7126544 kB
SwapCached:            0 kB
Active:          2325196 kB
Inactive:        6105340 kB
Active(anon):    1008424 kB
Inactive(anon):   342300 kB
Active(file):    1316772 kB
Inactive(file):  5763040 kB
Unevictable:        5592 kB
Mlocked:            5592 kB
SwapTotal:       3145724 kB
SwapFree:        3145724 kB
Dirty:               208 kB
Writeback:             0 kB
AnonPages:       1301236 kB
Mapped:           688988 kB
Shmem:             50640 kB
KReclaimable:     875652 kB
Slab:             245568 kB
SReclaimable:      97904 kB
SUnreclaim:       147664 kB
KernelStack:       47344 kB
PageTables:        64380 kB
NFS_Unstable:          0 kB
Bounce:                0 kB
WritebackTmp:          0 kB
CommitLimit:     9202292 kB
Committed_AS:   67542152 kB
VmallocTotal:   263061440 kB
VmallocUsed:      104312 kB
VmallocChunk:          0 kB
Percpu:             7680 kB
CmaTotal:         294912 kB
CmaFree:               0 kB
MemTotal:       12113136 kB
MemFree:          805424 kB
MemAvailable:    7875820 kB
Buffers:            8452 kB
Cached:          7126820 kB
SwapCached:            0 kB
Active:          2324780 kB
Inactive:        6105616 kB
Active(anon):    1008008 kB
Inactive(anon):   342556 kB
Active(file):    1316772 kB
Inactive(file):  5763060 kB
Unevictable:        5592 kB
Mlocked:            5592 kB
SwapTotal:       3145724 kB
SwapFree:        3145724 kB
Dirty:               308 kB
Writeback:             0 kB
AnonPages:       1300848 kB
Mapped:           689160 kB
Shmem:             50896 kB
KReclaimable:     875652 kB
Slab:             245568 kB
SReclaimable:      97904 kB
SUnreclaim:       147664 kB
KernelStack:       47296 kB
PageTables:        64304 kB
NFS_Unstable:          0 kB
Bounce:                0 kB
WritebackTmp:          0 kB
CommitLimit:     9202292 kB
Committed_AS:   67548684 kB
VmallocTotal:   263061440 kB
VmallocUsed:      104328 kB
VmallocChunk:          0 kB
Percpu:             7680 kB
CmaTotal:         294912 kB
CmaFree:               0 kB
MemTotal:       12113136 kB
MemFree:          803752 kB
MemAvailable:    7874184 kB
Buffers:            8452 kB
Cached:          7127096 kB
SwapCached:            0 kB
Active:          2325940 kB
Inactive:        6105892 kB
Active(anon):    1009168 kB
Inactive(anon):   342812 kB
Active(file):    1316772 kB
Inactive(file):  5763080 kB
Unevictable:        5592 kB
Mlocked:            5592 kB
SwapTotal:       3145724 kB
SwapFree:        3145724 kB
Dirty:               376 kB
Writeback:             0 kB
AnonPages:       1302064 kB
Mapped:           689196 kB
Shmem:             51152 kB
KReclaimable:     875668 kB
Slab:             245584 kB
SReclaimable:      97920 kB
SUnreclaim:       147664 kB
KernelStack:       47296 kB
PageTables:        64304 kB
NFS_Unstable:          0 kB
Bounce:                0 kB
WritebackTmp:          0 kB
CommitLimit:     9202292 kB
Committed_AS:   67549836 kB
VmallocTotal:   263061440 kB
VmallocUsed:      104296 kB
VmallocChunk:          0 kB
Percpu:             7680 kB
CmaTotal:         294912 kB
CmaFree:               0 kB
MemTotal:       12113136 kB
MemFree:          802968 kB
MemAvailable:    7873408 kB
Buffers:            8452 kB
Cached:          7127376 kB
SwapCached:            0 kB
Active:          2327172 kB
Inactive:        6106172 kB
Active(anon):    1010400 kB
Inactive(anon):   343068 kB
Active(file):    1316772 kB
Inactive(file):  5763104 kB
Unevictable:        5592 kB
Mlocked:            5592 kB
SwapTotal:       3145724 kB
SwapFree:        3145724 kB
Dirty:               420 kB
Writeback:             0 kB
AnonPages:       1303172 kB
Mapped:           688964 kB
Shmem:             51408 kB
KReclaimable:     875652 kB
Slab:             245568 kB
SReclaimable:      97904 kB
SUnreclaim:       147664 kB
KernelStack:       47296 kB
PageTables:        64308 kB
NFS_Unstable:          0 kB
Bounce:                0 kB
WritebackTmp:          0 kB
CommitLimit:     9202292 kB
Committed_AS:   67549488 kB
VmallocTotal:   263061440 kB
VmallocUsed:      104312 kB
VmallocChunk:          0 kB
Percpu:             7680 kB
CmaTotal:         294912 kB
CmaFree:               0 kB
MemTotal:       12113136 kB
MemFree:          801560 kB
MemAvailable:    7872020 kB
Buffers:            8452 kB
Cached:          7127652 kB
SwapCached:            0 kB
Active:          2328312 kB
Inactive:        6106448 kB
Active(anon):    1011540 kB
Inactive(anon):   343324 kB
Active(file):    1316772 kB
Inactive(file):  5763124 kB
Unevictable:        5592 kB
Mlocked:            5592 kB
SwapTotal:       3145724 kB
SwapFree:        3145724 kB
Dirty:               460 kB
Writeback:             0 kB
AnonPages:       1304124 kB
Mapped:           689252 kB
Shmem:             51664 kB
KReclaimable:     875652 kB
Slab:             245592 kB
SReclaimable:      97904 kB
SUnreclaim:       147688 kB
KernelStack:       47296 kB
PageTables:        64304 kB
NFS_Unstable:          0 kB
Bounce:                0 kB
WritebackTmp:          0 kB
CommitLimit:     9202292 kB
Committed_AS:   67549960 kB
VmallocTotal:   263061440 kB
VmallocUsed:      104296 kB
VmallocChunk:          0 kB
Percpu:             7680 kB
CmaTotal:         294912 kB
CmaFree:               0 kB
MemTotal:       12113136 kB
MemFree:          800092 kB
MemAvailable:    7870372 kB
Buffers:            8452 kB
Cached:          7127920 kB
SwapCached:            0 kB
Active:          2330056 kB
Inactive:        6106716 kB
Active(anon):    1013284 kB
Inactive(anon):   343580 kB
Active(file):    1316772 kB
Inactive(file):  5763136 kB
Unevictable:        5592 kB
Mlocked:            5592 kB
SwapTotal:       3145724 kB
SwapFree:        3145724 kB
Dirty:               208 kB
Writeback:             0 kB
AnonPages:       1306172 kB
Mapped:           689284 kB
Shmem:             51920 kB
KReclaimable:     875652 kB
Slab:             245584 kB
SReclaimable:      97904 kB
SUnreclaim:       147680 kB
KernelStack:       47296 kB
PageTables:        64304 kB
NFS_Unstable:          0 kB
Bounce:                0 kB
WritebackTmp:          0 kB
CommitLimit:     9202292 kB
Committed_AS:   67550576 kB
VmallocTotal:   263061440 kB
VmallocUsed:      104312 kB
VmallocChunk:          0 kB
Percpu:             7680 kB
CmaTotal:         294912 kB
CmaFree:               0 kB
MemTotal:       12113136 kB
MemFree:          798508 kB
MemAvailable:    7869012 kB
Buffers:            8452 kB
Cached:          7128208 kB
SwapCached:            0 kB
Active:          2331420 kB
Inactive:        6107004 kB
Active(anon):    1014648 kB
Inactive(anon):   343836 kB
Active(file):    1316772 kB
Inactive(file):  5763168 kB
Unevictable:        5592 kB
Mlocked:            5592 kB
SwapTotal:       3145724 kB
SwapFree:        3145724 kB
Dirty:               324 kB
Writeback:             0 kB
AnonPages:       1307260 kB
Mapped:           689052 kB
Shmem:             52176 kB
KReclaimable:     875652 kB
Slab:             245616 kB
SReclaimable:      97904 kB
SUnreclaim:       147712 kB
KernelStack:       47248 kB
PageTables:        64304 kB
NFS_Unstable:          0 kB
Bounce:                0 kB
WritebackTmp:          0 kB
CommitLimit:     9202292 kB
Committed_AS:   67545612 kB
VmallocTotal:   263061440 kB
VmallocUsed:      104232 kB
VmallocChunk:          0 kB
Percpu:             7680 kB
CmaTotal:         294912 kB
CmaFree:               0 kB
MemTotal:       12113136 kB
MemFree:          797688 kB
MemAvailable:    7868220 kB
Buffers:            8452 kB
Cached:          7128492 kB
SwapCached:            0 kB
Active:          2331812 kB
Inactive:        6107288 kB
Active(anon):    1015040 kB
Inactive(anon):   344092 kB
Active(file):    1316772 kB
Inactive(file):  5763196 kB
Unevictable:        5592 kB
Mlocked:            5592 kB
SwapTotal:       3145724 kB
SwapFree:        3145724 kB
Dirty:               404 kB
Writeback:             0 kB
AnonPages:       1307936 kB
Mapped:           689340 kB
Shmem:             52432 kB
KReclaimable:     875652 kB
Slab:             245648 kB
SReclaimable:      97904 kB
SUnreclaim:       147744 kB
KernelStack:       47248 kB
PageTables:        64304 kB
NFS_Unstable:          0 kB
Bounce:                0 kB
WritebackTmp:          0 kB
CommitLimit:     9202292 kB
Committed_AS:   67542744 kB
VmallocTotal:   263061440 kB
VmallocUsed:      104248 kB
VmallocChunk:          0 kB
Percpu:             7680 kB
CmaTotal:         294912 kB
CmaFree:               0 kB
MemTotal:       12113136 kB
MemFree:          797488 kB
MemAvailable:    7868040 kB
Buffers:            8452 kB
Cached:          7128768 kB
SwapCached:            0 kB
Active:          2329480 kB
Inactive:        6107564 kB
Active(anon):    1012708 kB
Inactive(anon):   344348 kB
Active(file):    1316772 kB
Inactive(file):  5763216 kB
Unevictable:        5592 kB
Mlocked:            5592 kB
SwapTotal:       3145724 kB
SwapFree:        3145724 kB
Dirty:               472 kB
Writeback:             0 kB
AnonPages:       1305460 kB
Mapped:           689372 kB
Shmem:             52688 kB
KReclaimable:     875652 kB
Slab:             245656 kB
SReclaimable:      97904 kB
SUnreclaim:       147752 kB
KernelStack:       47296 kB
PageTables:        64416 kB
NFS_Unstable:          0 kB
Bounce:                0 kB
WritebackTmp:          0 kB
CommitLimit:     9202292 kB
Committed_AS:   67543496 kB
VmallocTotal:   263061440 kB
VmallocUsed:      104232 kB
VmallocChunk:          0 kB
Percpu:             7680 kB
CmaTotal:         294912 kB
CmaFree:               0 kB
MemTotal:       12113136 kB
MemFree:          796044 kB
MemAvailable:    7866612 kB
Buffers:            8452 kB
Cached:          7129040 kB
SwapCached:            0 kB
Active:          2330648 kB
Inactive:        6107836 kB
Active(anon):    1013876 kB
Inactive(anon):   344604 kB
Active(file):    1316772 kB
Inactive(file):  5763232 kB
Unevictable:        5592 kB
Mlocked:            5592 kB
SwapTotal:       3145724 kB
SwapFree:        3145724 kB
Dirty:               516 kB
Writeback:             0 kB
AnonPages:       1306792 kB
Mapped:           689404 kB
Shmem:             52944 kB
KReclaimable:     875652 kB
Slab:             245656 kB
SReclaimable:      97904 kB
SUnreclaim:       147752 kB
KernelStack:       47248 kB
PageTables:        64304 kB
NFS_Unstable:          0 kB
Bounce:                0 kB
WritebackTmp:          0 kB
CommitLimit:     9202292 kB
Committed_AS:   67550608 kB
VmallocTotal:   263061440 kB
VmallocUsed:      104248 kB
VmallocChunk:          0 kB
Percpu:             7680 kB
CmaTotal:         294912 kB
CmaFree:               0 kB
MemTotal:       12113136 kB
MemFree:          796124 kB
MemAvailable:    7866716 kB
Buffers:            8452 kB
Cached:          7129320 kB
SwapCached:            0 kB
Active:          2329944 kB
Inactive:        6108116 kB
Active(anon):    1013172 kB
Inactive(anon):   344860 kB
Active(file):    1316772 kB
Inactive(file):  5763256 kB
Unevictable:        5592 kB
Mlocked:            5592 kB
SwapTotal:       3145724 kB
SwapFree:        3145724 kB
Dirty:               224 kB
Writeback:             0 kB
AnonPages:       1306088 kB
Mapped:           689176 kB
Shmem:             53200 kB
KReclaimable:     875652 kB
Slab:             245688 kB
SReclaimable:      97904 kB
SUnreclaim:       147784 kB
KernelStack:       47296 kB
PageTables:        64408 kB
NFS_Unstable:          0 kB
Bounce:                0 kB
WritebackTmp:          0 kB
CommitLimit:     9202292 kB
Committed_AS:   67550412 kB
VmallocTotal:   263061440 kB
VmallocUsed:      104216 kB
VmallocChunk:          0 kB
Percpu:             7680 kB
CmaTotal:         294912 kB
CmaFree:               0 kB
MemTotal:       12113136 kB
MemFree:          795000 kB
MemAvailable:    7865632 kB
Buffers:            8452 kB
Cached:          7129600 kB
SwapCached:            0 kB
Active:          2330868 kB
Inactive:        6108396 kB
Active(anon):    1014096 kB
Inactive(anon):   345116 kB
Active(file):    1316772 kB
Inactive(file):  5763280 kB
Unevictable:        5592 kB
Mlocked:            5592 kB
SwapTotal:       3145724 kB
SwapFree:        3145724 kB
Dirty:               356 kB
Writeback:             0 kB
AnonPages:       1306816 kB
Mapped:           689008 kB
Shmem:             53456 kB
KReclaimable:     875668 kB
Slab:             245712 kB
SReclaimable:      97920 kB
SUnreclaim:       147792 kB
KernelStack:       47200 kB
PageTables:        64256 kB
NFS_Unstable:          0 kB
Bounce:                0 kB
WritebackTmp:          0 kB
CommitLimit:     9202292 kB
Committed_AS:   67546076 kB
VmallocTotal:   263061440 kB
VmallocUsed:      104200 kB
VmallocChunk:          0 kB
Percpu:             7680 kB
CmaTotal:         294912 kB
CmaFree:               0 kB
MemTotal:       12113136 kB
MemFree:          797356 kB
MemAvailable:    7867988 kB
Buffers:            8452 kB
Cached:          7129872 kB
SwapCached:            0 kB
Active:          2329224 kB
Inactive:        6108668 kB
Active(anon):    1012452 kB
Inactive(anon):   345372 kB
Active(file):    1316772 kB
Inactive(file):  5763296 kB
Unevictable:        5592 kB
Mlocked:            5592 kB
SwapTotal:       3145724 kB
SwapFree:        3145724 kB
Dirty:               408 kB
Writeback:             0 kB
AnonPages:       1305136 kB
Mapped:           686748 kB
Shmem:             53712 kB
KReclaimable:     875652 kB
Slab:             245728 kB
SReclaimable:      97904 kB
SUnreclaim:       147824 kB
KernelStack:       47264 kB
PageTables:        64408 kB
NFS_Unstable:          0 kB
Bounce:                0 kB
WritebackTmp:          0 kB
CommitLimit:     9202292 kB
Committed_AS:   67546624 kB
VmallocTotal:   263061440 kB
VmallocUsed:      104200 kB
VmallocChunk:          0 kB
Percpu:             7680 kB
CmaTotal:         294912 kB
CmaFree:               0 kB
MemTotal:       12113136 kB
MemFree:          797244 kB
MemAvailable:    7867916 kB
Buffers:            8452 kB
Cached:          7130168 kB
SwapCached:            0 kB
Active:          2329948 kB
Inactive:        6108964 kB
Active(anon):    1013176 kB
Inactive(anon):   345628 kB
Active(file):    1316772 kB
Inactive(file):  5763336 kB
Unevictable:        5592 kB
Mlocked:            5592 kB
SwapTotal:       3145724 kB
SwapFree:        3145724 kB
Dirty:               444 kB
Writeback:             0 kB
AnonPages:       1306168 kB
Mapped:           686588 kB
Shmem:             53968 kB
KReclaimable:     875652 kB
Slab:             245728 kB
SReclaimable:      97904 kB
SUnreclaim:       147824 kB
KernelStack:       47232 kB
PageTables:        64392 kB
NFS_Unstable:          0 kB
Bounce:                0 kB
WritebackTmp:          0 kB
CommitLimit:     9202292 kB
Committed_AS:   67537692 kB
VmallocTotal:   263061440 kB
VmallocUsed:      104200 kB
VmallocChunk:          0 kB
Percpu:             7680 kB
CmaTotal:         294912 kB
CmaFree:               0 kB
MemTotal:       12113136 kB
MemFree:          794168 kB
MemAvailable:    7864856 kB
Buffers:            8452 kB
Cached:          7130444 kB
SwapCached:            0 kB
Active:          2332956 kB
Inactive:        6109240 kB
Active(anon):    1016184 kB
Inactive(anon):   345888 kB
Active(file):    1316772 kB
Inactive(file):  5763352 kB
Unevictable:        5592 kB
Mlocked:            5592 kB
SwapTotal:       3145724 kB
SwapFree:        3145724 kB
Dirty:               684 kB
Writeback:             0 kB
AnonPages:       1308800 kB
Mapped:           686620 kB
Shmem:             54228 kB
KReclaimable:     875652 kB
Slab:             245736 kB
SReclaimable:      97904 kB
SUnreclaim:       147832 kB
KernelStack:       47344 kB
PageTables:        64400 kB
NFS_Unstable:          0 kB
Bounce:                0 kB
WritebackTmp:          0 kB
CommitLimit:     9202292 kB
Committed_AS:   67546280 kB
VmallocTotal:   263061440 kB
VmallocUsed:      104264 kB
VmallocChunk:          0 kB
Percpu:             7680 kB
CmaTotal:         294912 kB
CmaFree:               0 kB
MemTotal:       12113136 kB
MemFree:          790776 kB
MemAvailable:    7861488 kB
Buffers:            8452 kB
Cached:          7130728 kB
SwapCached:            0 kB
Active:          2335864 kB
Inactive:        6109524 kB
Active(anon):    1019092 kB
Inactive(anon):   346148 kB
Active(file):    1316772 kB
Inactive(file):  5763376 kB
Unevictable:        5592 kB
Mlocked:            5592 kB
SwapTotal:       3145724 kB
SwapFree:        3145724 kB
Dirty:               748 kB
Writeback:             0 kB
AnonPages:       1311952 kB
Mapped:           697888 kB
Shmem:             54488 kB
KReclaimable:     875652 kB
Slab:             245776 kB
SReclaimable:      97904 kB
SUnreclaim:       147872 kB
KernelStack:       47408 kB
PageTables:        64356 kB
NFS_Unstable:          0 kB
Bounce:                0 kB
WritebackTmp:          0 kB
CommitLimit:     9202292 kB
Committed_AS:   67543416 kB
VmallocTotal:   263061440 kB
VmallocUsed:      104360 kB
VmallocChunk:          0 kB
Percpu:             7680 kB
CmaTotal:         294912 kB
CmaFree:               0 kB
MemTotal:       12113136 kB
MemFree:          788680 kB
MemAvailable:    7859416 kB
Buffers:            8452 kB
Cached:          7131008 kB
SwapCached:            0 kB
Active:          2336996 kB
Inactive:        6109804 kB
Active(anon):    1020224 kB
Inactive(anon):   346404 kB
Active(file):    1316772 kB
Inactive(file):  5763400 kB
Unevictable:        5592 kB
Mlocked:            5592 kB
SwapTotal:       3145724 kB
SwapFree:        3145724 kB
Dirty:               788 kB
Writeback:             0 kB
AnonPages:       1312836 kB
Mapped:           698176 kB
Shmem:             54744 kB
KReclaimable:     875652 kB
Slab:             245792 kB
SReclaimable:      97904 kB
SUnreclaim:       147888 kB
KernelStack:       47408 kB
PageTables:        64364 kB
NFS_Unstable:          0 kB
Bounce:                0 kB
WritebackTmp:          0 kB
CommitLimit:     9202292 kB
Committed_AS:   67544132 kB
VmallocTotal:   263061440 kB
VmallocUsed:      104376 kB
VmallocChunk:          0 kB
Percpu:             7680 kB
CmaTotal:         294912 kB
CmaFree:               0 kB
MemTotal:       12113136 kB
MemFree:          784880 kB
MemAvailable:    7855628 kB
Buffers:            8452 kB
Cached:          7131276 kB
SwapCached:            0 kB
Active:          2339740 kB
Inactive:        6110072 kB
Active(anon):    1022968 kB
Inactive(anon):   346660 kB
Active(file):    1316772 kB
Inactive(file):  5763412 kB
Unevictable:        5592 kB
Mlocked:            5592 kB
SwapTotal:       3145724 kB
SwapFree:        3145724 kB
Dirty:               852 kB
Writeback:             0 kB
AnonPages:       1315868 kB
Mapped:           698252 kB
Shmem:             55000 kB
KReclaimable:     875652 kB
Slab:             245808 kB
SReclaimable:      97904 kB
SUnreclaim:       147904 kB
KernelStack:       47392 kB
PageTables:        64292 kB
NFS_Unstable:          0 kB
Bounce:                0 kB
WritebackTmp:          0 kB
CommitLimit:     9202292 kB
Committed_AS:   67549272 kB
VmallocTotal:   263061440 kB
VmallocUsed:      104440 kB
VmallocChunk:          0 kB
Percpu:             7680 kB
CmaTotal:         294912 kB
CmaFree:               0 kB
MemTotal:       12113136 kB
MemFree:          785580 kB
MemAvailable:    7856356 kB
Buffers:            8452 kB
Cached:          7131560 kB
SwapCached:            0 kB
Active:          2340292 kB
Inactive:        6110356 kB
Active(anon):    1023520 kB
Inactive(anon):   346916 kB
Active(file):    1316772 kB
Inactive(file):  5763440 kB
Unevictable:        5592 kB
Mlocked:            5592 kB
SwapTotal:       3145724 kB
SwapFree:        3145724 kB
Dirty:              1064 kB
Writeback:             0 kB
AnonPages:       1316288 kB
Mapped:           698040 kB
Shmem:             55256 kB
KReclaimable:     875652 kB
Slab:             245832 kB
SReclaimable:      97904 kB
SUnreclaim:       147928 kB
KernelStack:       47456 kB
PageTables:        64468 kB
NFS_Unstable:          0 kB
Bounce:                0 kB
WritebackTmp:          0 kB
CommitLimit:     9202292 kB
Committed_AS:   67548968 kB
VmallocTotal:   263061440 kB
VmallocUsed:      104408 kB
VmallocChunk:          0 kB
Percpu:             7680 kB
CmaTotal:         294912 kB
CmaFree:               0 kB
MemTotal:       12113136 kB
MemFree:          783176 kB
MemAvailable:    7853988 kB
Buffers:            8452 kB
Cached:          7131836 kB
SwapCached:            0 kB
Active:          2341736 kB
Inactive:        6110632 kB
Active(anon):    1024964 kB
Inactive(anon):   347172 kB
Active(file):    1316772 kB
Inactive(file):  5763460 kB
Unevictable:        5592 kB
Mlocked:            5592 kB
SwapTotal:       3145724 kB
SwapFree:        3145724 kB
Dirty:              1372 kB
Writeback:             0 kB
AnonPages:       1317656 kB
Mapped:           698268 kB
Shmem:             55512 kB
KReclaimable:     875668 kB
Slab:             245880 kB
SReclaimable:      97920 kB
SUnreclaim:       147960 kB
KernelStack:       47408 kB
PageTables:        64316 kB
NFS_Unstable:          0 kB
Bounce:                0 kB
WritebackTmp:          0 kB
CommitLimit:     9202292 kB
Committed_AS:   67546296 kB
VmallocTotal:   263061440 kB
VmallocUsed:      104392 kB
VmallocChunk:          0 kB
Percpu:             7680 kB
CmaTotal:         294912 kB
CmaFree:               0 kB
MemTotal:       12113136 kB
MemFree:          780324 kB
MemAvailable:    7851136 kB
Buffers:            8452 kB
Cached:          7132108 kB
SwapCached:            0 kB
Active:          2343708 kB
Inactive:        6110904 kB
Active(anon):    1026936 kB
Inactive(anon):   347428 kB
Active(file):    1316772 kB
Inactive(file):  5763476 kB
Unevictable:        5592 kB
Mlocked:            5592 kB
SwapTotal:       3145724 kB
SwapFree:        3145724 kB
Dirty:               344 kB
Writeback:             0 kB
AnonPages:       1319644 kB
Mapped:           698212 kB
Shmem:             55768 kB
KReclaimable:     875652 kB
Slab:             245976 kB
SReclaimable:      97904 kB
SUnreclaim:       148072 kB
KernelStack:       47436 kB
PageTables:        64592 kB
NFS_Unstable:          0 kB
Bounce:                0 kB
WritebackTmp:          0 kB
CommitLimit:     9202292 kB
Committed_AS:   67549436 kB
VmallocTotal:   263061440 kB
VmallocUsed:      104360 kB
VmallocChunk:          0 kB
Percpu:             7680 kB
CmaTotal:         294912 kB
CmaFree:               0 kB
MemTotal:       12113136 kB
MemFree:          778584 kB
MemAvailable:    7849416 kB
Buffers:            8452 kB
Cached:          7132384 kB
SwapCached:            0 kB
Active:          2344308 kB
Inactive:        6111180 kB
Active(anon):    1027536 kB
Inactive(anon):   347684 kB
Active(file):    1316772 kB
Inactive(file):  5763496 kB
Unevictable:        5592 kB
Mlocked:            5592 kB
SwapTotal:       3145724 kB
SwapFree:        3145724 kB
Dirty:               524 kB
Writeback:             0 kB
AnonPages:       1320248 kB
Mapped:           698072 kB
Shmem:             56024 kB
KReclaimable:     875652 kB
Slab:             245980 kB
SReclaimable:      97904 kB
SUnreclaim:       148076 kB
KernelStack:       47392 kB
PageTables:        64308 kB
NFS_Unstable:          0 kB
Bounce:                0 kB
WritebackTmp:          0 kB
CommitLimit:     9202292 kB
Committed_AS:   67550640 kB
VmallocTotal:   263061440 kB
VmallocUsed:      104392 kB
VmallocChunk:          0 kB
Percpu:             7680 kB
CmaTotal:         294912 kB
CmaFree:               0 kB
MemTotal:       12113136 kB
MemFree:          804828 kB
MemAvailable:    7875692 kB
Buffers:            8452 kB
Cached:          7124092 kB
SwapCached:            0 kB
Active:          2326848 kB
Inactive:        6102888 kB
Active(anon):    1010076 kB
Inactive(anon):   339364 kB
Active(file):    1316772 kB
Inactive(file):  5763524 kB
Unevictable:        5592 kB
Mlocked:            5592 kB
SwapTotal:       3145724 kB
SwapFree:        3145724 kB
Dirty:               620 kB
Writeback:             0 kB
AnonPages:       1302824 kB
Mapped:           698360 kB
Shmem:             47704 kB
KReclaimable:     875656 kB
Slab:             245728 kB
SReclaimable:      97908 kB
SUnreclaim:       147820 kB
KernelStack:       47408 kB
PageTables:        64364 kB
NFS_Unstable:          0 kB
Bounce:                0 kB
WritebackTmp:          0 kB
CommitLimit:     9202292 kB
Committed_AS:   67534504 kB
VmallocTotal:   263061440 kB
VmallocUsed:      104376 kB
VmallocChunk:          0 kB
Percpu:             7680 kB
CmaTotal:         294912 kB
CmaFree:               0 kB
MemTotal:       12113136 kB
MemFree:          802900 kB
MemAvailable:    7873780 kB
Buffers:            8452 kB
Cached:          7124364 kB
SwapCached:            0 kB
Active:          2328144 kB
Inactive:        6103164 kB
Active(anon):    1011376 kB
Inactive(anon):   339620 kB
Active(file):    1316768 kB
Inactive(file):  5763544 kB
Unevictable:        5592 kB
Mlocked:            5592 kB
SwapTotal:       3145724 kB
SwapFree:        3145724 kB
Dirty:               672 kB
Writeback:             0 kB
AnonPages:       1303956 kB
Mapped:           698372 kB
Shmem:             47960 kB
KReclaimable:     875656 kB
Slab:             245728 kB
SReclaimable:      97908 kB
SUnreclaim:       147820 kB
KernelStack:       47440 kB
PageTables:        64508 kB
NFS_Unstable:          0 kB
Bounce:                0 kB
WritebackTmp:          0 kB
CommitLimit:     9202292 kB
Committed_AS:   67540256 kB
VmallocTotal:   263061440 kB
VmallocUsed:      104408 kB
VmallocChunk:          0 kB
Percpu:             7680 kB
CmaTotal:         294912 kB
CmaFree:               0 kB
MemTotal:       12113136 kB
MemFree:          802176 kB
MemAvailable:    7873096 kB
Buffers:            8452 kB
Cached:          7124644 kB
SwapCached:            0 kB
Active:          2329544 kB
Inactive:        6103440 kB
Active(anon):    1012772 kB
Inactive(anon):   339876 kB
Active(file):    1316772 kB
Inactive(file):  5763564 kB
Unevictable:        5592 kB
Mlocked:            5592 kB
SwapTotal:       3145724 kB
SwapFree:        3145724 kB
Dirty:               712 kB
Writeback:             0 kB
AnonPages:       1305524 kB
Mapped:           698424 kB
Shmem:             48216 kB
KReclaimable:     875672 kB
Slab:             245744 kB
SReclaimable:      97924 kB
SUnreclaim:       147820 kB
KernelStack:       47408 kB
PageTables:        64364 kB
NFS_Unstable:          0 kB
Bounce:                0 kB
WritebackTmp:          0 kB
CommitLimit:     9202292 kB
Committed_AS:   67542724 kB
VmallocTotal:   263061440 kB
VmallocUsed:      104392 kB
VmallocChunk:          0 kB
Percpu:             7680 kB
CmaTotal:         294912 kB
CmaFree:               0 kB
MemTotal:       12113136 kB
MemFree:          800136 kB
MemAvailable:    7871060 kB
Buffers:            8452 kB
Cached:          7124920 kB
SwapCached:            0 kB
Active:          2331524 kB
Inactive:        6103716 kB
Active(anon):    1014752 kB
Inactive(anon):   340132 kB
Active(file):    1316772 kB
Inactive(file):  5763584 kB
Unevictable:        5592 kB
Mlocked:            5592 kB
SwapTotal:       3145724 kB
SwapFree:        3145724 kB
Dirty:               740 kB
Writeback:             0 kB
AnonPages:       1307520 kB
Mapped:           698452 kB
Shmem:             48472 kB
KReclaimable:     875656 kB
Slab:             245728 kB
SReclaimable:      97908 kB
SUnreclaim:       147820 kB
KernelStack:       47408 kB
PageTables:        64364 kB
NFS_Unstable:          0 kB
Bounce:                0 kB
WritebackTmp:          0 kB
CommitLimit:     9202292 kB
Committed_AS:   67542132 kB
VmallocTotal:   263061440 kB
VmallocUsed:      104376 kB
VmallocChunk:          0 kB
Percpu:             7680 kB
CmaTotal:         294912 kB
CmaFree:               0 kB
MemTotal:       12113136 kB
MemFree:          811924 kB
MemAvailable:    7882884 kB
Buffers:            8452 kB
Cached:          7125196 kB
SwapCached:            0 kB
Active:          2318536 kB
Inactive:        6103992 kB
Active(anon):    1001764 kB
Inactive(anon):   340388 kB
Active(file):    1316772 kB
Inactive(file):  5763604 kB
Unevictable:        5592 kB
Mlocked:            5592 kB
SwapTotal:       3145724 kB
SwapFree:        3145724 kB
Dirty:               796 kB
Writeback:             0 kB
AnonPages:       1294460 kB
Mapped:           689128 kB
Shmem:             48728 kB
KReclaimable:     875672 kB
Slab:             245752 kB
SReclaimable:      97924 kB
SUnreclaim:       147828 kB
KernelStack:       47408 kB
PageTables:        64364 kB
NFS_Unstable:          0 kB
Bounce:                0 kB
WritebackTmp:          0 kB
CommitLimit:     9202292 kB
Committed_AS:   67547724 kB
VmallocTotal:   263061440 kB
VmallocUsed:      104424 kB
VmallocChunk:          0 kB
Percpu:             7680 kB
CmaTotal:         294912 kB
CmaFree:             492 kB
MemTotal:       12113136 kB
MemFree:          814044 kB
MemAvailable:    7885012 kB
Buffers:            8452 kB
Cached:          7125476 kB
SwapCached:            0 kB
Active:          2316248 kB
Inactive:        6104272 kB
Active(anon):     999476 kB
Inactive(anon):   340644 kB
Active(file):    1316772 kB
Inactive(file):  5763628 kB
Unevictable:        5592 kB
Mlocked:            5592 kB
SwapTotal:       3145724 kB
SwapFree:        3145724 kB
Dirty:               848 kB
Writeback:             0 kB
AnonPages:       1292084 kB
Mapped:           689256 kB
Shmem:             48984 kB
KReclaimable:     875656 kB
Slab:             245752 kB
SReclaimable:      97908 kB
SUnreclaim:       147844 kB
KernelStack:       47392 kB
PageTables:        64320 kB
NFS_Unstable:          0 kB
Bounce:                0 kB
WritebackTmp:          0 kB
CommitLimit:     9202292 kB
Committed_AS:   67543196 kB
VmallocTotal:   263061440 kB
VmallocUsed:      104408 kB
VmallocChunk:          0 kB
Percpu:             7680 kB
CmaTotal:         294912 kB
CmaFree:               0 kB
MemTotal:       12113136 kB
MemFree:          812524 kB
MemAvailable:    7883524 kB
Buffers:            8452 kB
Cached:          7125764 kB
SwapCached:            0 kB
Active:          2317532 kB
Inactive:        6104560 kB
Active(anon):    1000760 kB
Inactive(anon):   340900 kB
Active(file):    1316772 kB
Inactive(file):  5763660 kB
Unevictable:        5592 kB
Mlocked:            5592 kB
SwapTotal:       3145724 kB
SwapFree:        3145724 kB
Dirty:               844 kB
Writeback:             0 kB
AnonPages:       1293440 kB
Mapped:           689280 kB
Shmem:             49240 kB
KReclaimable:     875656 kB
Slab:             245736 kB
SReclaimable:      97908 kB
SUnreclaim:       147828 kB
KernelStack:       47424 kB
PageTables:        64372 kB
NFS_Unstable:          0 kB
Bounce:                0 kB
WritebackTmp:          0 kB
CommitLimit:     9202292 kB
Committed_AS:   67543584 kB
VmallocTotal:   263061440 kB
VmallocUsed:      104424 kB
VmallocChunk:          0 kB
Percpu:             7680 kB
CmaTotal:         294912 kB
CmaFree:               0 kB
MemTotal:       12113136 kB
MemFree:          813164 kB
MemAvailable:    7884188 kB
Buffers:            8452 kB
Cached:          7126044 kB
SwapCached:            0 kB
Active:          2316860 kB
Inactive:        6104840 kB
Active(anon):    1000088 kB
Inactive(anon):   341156 kB
Active(file):    1316772 kB
Inactive(file):  5763684 kB
Unevictable:        5592 kB
Mlocked:            5592 kB
SwapTotal:       3145724 kB
SwapFree:        3145724 kB
Dirty:               888 kB
Writeback:             0 kB
AnonPages:       1292876 kB
Mapped:           689308 kB
Shmem:             49496 kB
KReclaimable:     875656 kB
Slab:             245736 kB
SReclaimable:      97908 kB
SUnreclaim:       147828 kB
KernelStack:       47392 kB
PageTables:        64320 kB
NFS_Unstable:          0 kB
Bounce:                0 kB
WritebackTmp:          0 kB
CommitLimit:     9202292 kB
Committed_AS:   67543648 kB
VmallocTotal:   263061440 kB
VmallocUsed:      104392 kB
VmallocChunk:          0 kB
Percpu:             7680 kB
CmaTotal:         294912 kB
CmaFree:               0 kB
MemTotal:       12113136 kB
MemFree:          812532 kB
MemAvailable:    7883596 kB
Buffers:            8452 kB
Cached:          7126324 kB
SwapCached:            0 kB
Active:          2318112 kB
Inactive:        6105120 kB
Active(anon):    1001340 kB
Inactive(anon):   341412 kB
Active(file):    1316772 kB
Inactive(file):  5763708 kB
Unevictable:        5592 kB
Mlocked:            5592 kB
SwapTotal:       3145724 kB
SwapFree:        3145724 kB
Dirty:               248 kB
Writeback:           164 kB
AnonPages:       1294020 kB
Mapped:           689344 kB
Shmem:             49752 kB
KReclaimable:     875672 kB
Slab:             245884 kB
SReclaimable:      97924 kB
SUnreclaim:       147960 kB
KernelStack:       47392 kB
PageTables:        64320 kB
NFS_Unstable:          0 kB
Bounce:                0 kB
WritebackTmp:          0 kB
CommitLimit:     9202292 kB
Committed_AS:   67538748 kB
VmallocTotal:   263061440 kB
VmallocUsed:      104424 kB
VmallocChunk:          0 kB
Percpu:             7680 kB
CmaTotal:         294912 kB
CmaFree:               0 kB
MemTotal:       12113136 kB
MemFree:          811288 kB
MemAvailable:    7882352 kB
Buffers:            8452 kB
Cached:          7126596 kB
SwapCached:            0 kB
Active:          2319356 kB
Inactive:        6105392 kB
Active(anon):    1002584 kB
Inactive(anon):   341668 kB
Active(file):    1316772 kB
Inactive(file):  5763724 kB
Unevictable:        5592 kB
Mlocked:            5592 kB
SwapTotal:       3145724 kB
SwapFree:        3145724 kB
Dirty:               340 kB
Writeback:             0 kB
AnonPages:       1295360 kB
Mapped:           689112 kB
Shmem:             50008 kB
KReclaimable:     875656 kB
Slab:             245708 kB
SReclaimable:      97908 kB
SUnreclaim:       147800 kB
KernelStack:       47408 kB
PageTables:        64452 kB
NFS_Unstable:          0 kB
Bounce:                0 kB
WritebackTmp:          0 kB
CommitLimit:     9202292 kB
Committed_AS:   67533556 kB
VmallocTotal:   263061440 kB
VmallocUsed:      104392 kB
VmallocChunk:          0 kB
Percpu:             7680 kB
CmaTotal:         294912 kB
CmaFree:               0 kB
MemTotal:       12113136 kB
MemFree:          810048 kB
MemAvailable:    7881132 kB
Buffers:            8452 kB
Cached:          7126872 kB
SwapCached:            0 kB
Active:          2320844 kB
Inactive:        6105668 kB
Active(anon):    1004072 kB
Inactive(anon):   341924 kB
Active(file):    1316772 kB
Inactive(file):  5763744 kB
Unevictable:        5592 kB
Mlocked:            5592 kB
SwapTotal:       3145724 kB
SwapFree:        3145724 kB
Dirty:               412 kB
Writeback:             0 kB
AnonPages:       1296936 kB
Mapped:           689308 kB
Shmem:             50264 kB
KReclaimable:     875656 kB
Slab:             245708 kB
SReclaimable:      97908 kB
SUnreclaim:       147800 kB
KernelStack:       47440 kB
PageTables:        64404 kB
NFS_Unstable:          0 kB
Bounce:                0 kB
WritebackTmp:          0 kB
CommitLimit:     9202292 kB
Committed_AS:   67533548 kB
VmallocTotal:   263061440 kB
VmallocUsed:      104408 kB
VmallocChunk:          0 kB
Percpu:             7680 kB
CmaTotal:         294912 kB
CmaFree:               0 kB
MemTotal:       12113136 kB
MemFree:          806552 kB
MemAvailable:    7877656 kB
Buffers:            8452 kB
Cached:          7127148 kB
SwapCached:            0 kB
Active:          2321600 kB
Inactive:        6105944 kB
Active(anon):    1004828 kB
Inactive(anon):   342180 kB
Active(file):    1316772 kB
Inactive(file):  5763764 kB
Unevictable:        5592 kB
Mlocked:            5592 kB
SwapTotal:       3145724 kB
SwapFree:        3145724 kB
Dirty:               452 kB
Writeback:             0 kB
AnonPages:       1297804 kB
Mapped:           689168 kB
Shmem:             50520 kB
KReclaimable:     875656 kB
Slab:             245708 kB
SReclaimable:      97908 kB
SUnreclaim:       147800 kB
KernelStack:       47392 kB
PageTables:        64320 kB
NFS_Unstable:          0 kB
Bounce:                0 kB
WritebackTmp:          0 kB
CommitLimit:     9202292 kB
Committed_AS:   67543972 kB
VmallocTotal:   263061440 kB
VmallocUsed:      104392 kB
VmallocChunk:          0 kB
Percpu:             7680 kB
CmaTotal:         294912 kB
CmaFree:               0 kB
MemTotal:       12113136 kB
MemFree:          805868 kB
MemAvailable:    7877012 kB
Buffers:            8452 kB
Cached:          7127428 kB
SwapCached:            0 kB
Active:          2323056 kB
Inactive:        6106224 kB
Active(anon):    1006284 kB
Inactive(anon):   342436 kB
Active(file):    1316772 kB
Inactive(file):  5763788 kB
Unevictable:        5592 kB
Mlocked:            5592 kB
SwapTotal:       3145724 kB
SwapFree:        3145724 kB
Dirty:               492 kB
Writeback:             0 kB
AnonPages:       1298968 kB
Mapped:           689460 kB
Shmem:             50776 kB
KReclaimable:     875672 kB
Slab:             245724 kB
SReclaimable:      97924 kB
SUnreclaim:       147800 kB
KernelStack:       47408 kB
PageTables:        64320 kB
NFS_Unstable:          0 kB
Bounce:                0 kB
WritebackTmp:          0 kB
CommitLimit:     9202292 kB
Committed_AS:   67543840 kB
VmallocTotal:   263061440 kB
VmallocUsed:      104376 kB
