MemTotal:       12113144 kB
MemFree:         6683412 kB
MemAvailable:    8071760 kB
Buffers:            6028 kB
Cached:          1629028 kB
SwapCached:            0 kB
Active:          1508332 kB
Inactive:        1344952 kB
Active(anon):    1225284 kB
Inactive(anon):    21628 kB
Active(file):     283048 kB
Inactive(file):  1323324 kB
Unevictable:        5864 kB
Mlocked:            5864 kB
SwapTotal:       3145724 kB
SwapFree:        3145724 kB
Dirty:               268 kB
Writeback:             0 kB
AnonPages:       1223996 kB
Mapped:           810072 kB
Shmem:             23852 kB
KReclaimable:     650680 kB
Slab:             205028 kB
SReclaimable:      67432 kB
SUnreclaim:       137596 kB
KernelStack:       42640 kB
PageTables:        56616 kB
NFS_Unstable:          0 kB
Bounce:                0 kB
WritebackTmp:          0 kB
CommitLimit:     9202296 kB
Committed_AS:   57708164 kB
VmallocTotal:   263061440 kB
VmallocUsed:       99648 kB
VmallocChunk:          0 kB
Percpu:             7616 kB
CmaTotal:         294912 kB
CmaFree:               0 kB
MemTotal:       12113144 kB
MemFree:         6679640 kB
MemAvailable:    8067988 kB
Buffers:            6028 kB
Cached:          1629028 kB
SwapCached:            0 kB
Active:          1510136 kB
Inactive:        1344952 kB
Active(anon):    1227088 kB
Inactive(anon):    21628 kB
Active(file):     283048 kB
Inactive(file):  1323324 kB
Unevictable:        5864 kB
Mlocked:            5864 kB
SwapTotal:       3145724 kB
SwapFree:        3145724 kB
Dirty:               268 kB
Writeback:             0 kB
AnonPages:       1225848 kB
Mapped:           807972 kB
Shmem:             23852 kB
KReclaimable:     650680 kB
Slab:             205012 kB
SReclaimable:      67432 kB
SUnreclaim:       137580 kB
KernelStack:       42640 kB
PageTables:        56624 kB
NFS_Unstable:          0 kB
Bounce:                0 kB
WritebackTmp:          0 kB
CommitLimit:     9202296 kB
Committed_AS:   57708048 kB
VmallocTotal:   263061440 kB
VmallocUsed:       99616 kB
VmallocChunk:          0 kB
Percpu:             7616 kB
CmaTotal:         294912 kB
CmaFree:               0 kB
MemTotal:       12113144 kB
MemFree:         6701136 kB
MemAvailable:    8089484 kB
Buffers:            6028 kB
Cached:          1629028 kB
SwapCached:            0 kB
Active:          1487856 kB
Inactive:        1344952 kB
Active(anon):    1204808 kB
Inactive(anon):    21628 kB
Active(file):     283048 kB
Inactive(file):  1323324 kB
Unevictable:        5864 kB
Mlocked:            5864 kB
SwapTotal:       3145724 kB
SwapFree:        3145724 kB
Dirty:               268 kB
Writeback:             0 kB
AnonPages:       1203816 kB
Mapped:           807988 kB
Shmem:             23852 kB
KReclaimable:     650680 kB
Slab:             205024 kB
SReclaimable:      67432 kB
SUnreclaim:       137592 kB
KernelStack:       42624 kB
PageTables:        56712 kB
NFS_Unstable:          0 kB
Bounce:                0 kB
WritebackTmp:          0 kB
CommitLimit:     9202296 kB
Committed_AS:   57704164 kB
VmallocTotal:   263061440 kB
VmallocUsed:       99680 kB
VmallocChunk:          0 kB
Percpu:             7616 kB
CmaTotal:         294912 kB
CmaFree:               0 kB
MemTotal:       12113144 kB
MemFree:         6701752 kB
MemAvailable:    8090100 kB
Buffers:            6028 kB
Cached:          1629028 kB
SwapCached:            0 kB
Active:          1487716 kB
Inactive:        1344952 kB
Active(anon):    1204668 kB
Inactive(anon):    21628 kB
Active(file):     283048 kB
Inactive(file):  1323324 kB
Unevictable:        5864 kB
Mlocked:            5864 kB
SwapTotal:       3145724 kB
SwapFree:        3145724 kB
Dirty:               360 kB
Writeback:             0 kB
AnonPages:       1203592 kB
Mapped:           807728 kB
Shmem:             23852 kB
KReclaimable:     650680 kB
Slab:             204616 kB
SReclaimable:      67432 kB
SUnreclaim:       137184 kB
KernelStack:       42576 kB
PageTables:        56824 kB
NFS_Unstable:          0 kB
Bounce:                0 kB
WritebackTmp:          0 kB
CommitLimit:     9202296 kB
Committed_AS:   57717356 kB
VmallocTotal:   263061440 kB
VmallocUsed:       99696 kB
VmallocChunk:          0 kB
Percpu:             7616 kB
CmaTotal:         294912 kB
CmaFree:               0 kB
MemTotal:       12113144 kB
MemFree:         6702192 kB
MemAvailable:    8090540 kB
Buffers:            6028 kB
Cached:          1629028 kB
SwapCached:            0 kB
Active:          1487684 kB
Inactive:        1344952 kB
Active(anon):    1204636 kB
Inactive(anon):    21628 kB
Active(file):     283048 kB
Inactive(file):  1323324 kB
Unevictable:        5864 kB
Mlocked:            5864 kB
SwapTotal:       3145724 kB
SwapFree:        3145724 kB
Dirty:               360 kB
Writeback:             0 kB
AnonPages:       1203500 kB
Mapped:           807988 kB
Shmem:             23852 kB
KReclaimable:     650680 kB
Slab:             204616 kB
SReclaimable:      67432 kB
SUnreclaim:       137184 kB
KernelStack:       42608 kB
PageTables:        56584 kB
NFS_Unstable:          0 kB
Bounce:                0 kB
WritebackTmp:          0 kB
CommitLimit:     9202296 kB
Committed_AS:   57708144 kB
VmallocTotal:   263061440 kB
VmallocUsed:       99680 kB
VmallocChunk:          0 kB
Percpu:             7616 kB
CmaTotal:         294912 kB
CmaFree:               0 kB
MemTotal:       12113144 kB
MemFree:         6700952 kB
MemAvailable:    8089300 kB
Buffers:            6028 kB
Cached:          1629032 kB
SwapCached:            0 kB
Active:          1488468 kB
Inactive:        1344956 kB
Active(anon):    1205420 kB
Inactive(anon):    21632 kB
Active(file):     283048 kB
Inactive(file):  1323324 kB
Unevictable:        5864 kB
Mlocked:            5864 kB
SwapTotal:       3145724 kB
SwapFree:        3145724 kB
Dirty:               360 kB
Writeback:             0 kB
AnonPages:       1204384 kB
Mapped:           807732 kB
Shmem:             23856 kB
KReclaimable:     650680 kB
Slab:             204624 kB
SReclaimable:      67432 kB
SUnreclaim:       137192 kB
KernelStack:       42608 kB
PageTables:        56580 kB
NFS_Unstable:          0 kB
Bounce:                0 kB
WritebackTmp:          0 kB
CommitLimit:     9202296 kB
Committed_AS:   57709276 kB
VmallocTotal:   263061440 kB
VmallocUsed:       99664 kB
VmallocChunk:          0 kB
Percpu:             7616 kB
CmaTotal:         294912 kB
CmaFree:               0 kB
MemTotal:       12113144 kB
MemFree:         6700960 kB
MemAvailable:    8089308 kB
Buffers:            6028 kB
Cached:          1629032 kB
SwapCached:            0 kB
Active:          1488428 kB
Inactive:        1344956 kB
Active(anon):    1205380 kB
Inactive(anon):    21632 kB
Active(file):     283048 kB
Inactive(file):  1323324 kB
Unevictable:        5864 kB
Mlocked:            5864 kB
SwapTotal:       3145724 kB
SwapFree:        3145724 kB
Dirty:               172 kB
Writeback:             0 kB
AnonPages:       1204332 kB
Mapped:           807976 kB
Shmem:             23856 kB
KReclaimable:     650680 kB
Slab:             204620 kB
SReclaimable:      67432 kB
SUnreclaim:       137188 kB
KernelStack:       42608 kB
PageTables:        56620 kB
NFS_Unstable:          0 kB
Bounce:                0 kB
WritebackTmp:          0 kB
CommitLimit:     9202296 kB
Committed_AS:   57715028 kB
VmallocTotal:   263061440 kB
VmallocUsed:       99664 kB
VmallocChunk:          0 kB
Percpu:             7616 kB
CmaTotal:         294912 kB
CmaFree:               0 kB
MemTotal:       12113144 kB
MemFree:         6700676 kB
MemAvailable:    8089024 kB
Buffers:            6028 kB
Cached:          1629032 kB
SwapCached:            0 kB
Active:          1488992 kB
Inactive:        1344956 kB
Active(anon):    1205944 kB
Inactive(anon):    21632 kB
Active(file):     283048 kB
Inactive(file):  1323324 kB
Unevictable:        5864 kB
Mlocked:            5864 kB
SwapTotal:       3145724 kB
SwapFree:        3145724 kB
Dirty:               216 kB
Writeback:             0 kB
AnonPages:       1204864 kB
Mapped:           807976 kB
Shmem:             23856 kB
KReclaimable:     650680 kB
Slab:             204620 kB
SReclaimable:      67432 kB
SUnreclaim:       137188 kB
KernelStack:       42608 kB
PageTables:        56500 kB
NFS_Unstable:          0 kB
Bounce:                0 kB
WritebackTmp:          0 kB
CommitLimit:     9202296 kB
Committed_AS:   57714804 kB
VmallocTotal:   263061440 kB
VmallocUsed:       99696 kB
VmallocChunk:          0 kB
Percpu:             7616 kB
CmaTotal:         294912 kB
CmaFree:               0 kB
MemTotal:       12113144 kB
MemFree:         6701084 kB
MemAvailable:    8089436 kB
Buffers:            6028 kB
Cached:          1629040 kB
SwapCached:            0 kB
Active:          1489424 kB
Inactive:        1344964 kB
Active(anon):    1206376 kB
Inactive(anon):    21632 kB
Active(file):     283048 kB
Inactive(file):  1323332 kB
Unevictable:        5864 kB
Mlocked:            5864 kB
SwapTotal:       3145724 kB
SwapFree:        3145724 kB
Dirty:               236 kB
Writeback:             0 kB
AnonPages:       1205072 kB
Mapped:           807840 kB
Shmem:             23856 kB
KReclaimable:     650676 kB
Slab:             204624 kB
SReclaimable:      67428 kB
SUnreclaim:       137196 kB
KernelStack:       42608 kB
PageTables:        56596 kB
NFS_Unstable:          0 kB
Bounce:                0 kB
WritebackTmp:          0 kB
CommitLimit:     9202296 kB
Committed_AS:   57709272 kB
VmallocTotal:   263061440 kB
VmallocUsed:       99648 kB
VmallocChunk:          0 kB
Percpu:             7616 kB
CmaTotal:         294912 kB
CmaFree:               0 kB
MemTotal:       12113144 kB
MemFree:         6701300 kB
MemAvailable:    8089652 kB
Buffers:            6028 kB
Cached:          1629040 kB
SwapCached:            0 kB
Active:          1489072 kB
Inactive:        1344964 kB
Active(anon):    1206024 kB
Inactive(anon):    21632 kB
Active(file):     283048 kB
Inactive(file):  1323332 kB
Unevictable:        5864 kB
Mlocked:            5864 kB
SwapTotal:       3145724 kB
SwapFree:        3145724 kB
Dirty:               248 kB
Writeback:             0 kB
AnonPages:       1205016 kB
Mapped:           807968 kB
Shmem:             23856 kB
KReclaimable:     650676 kB
Slab:             204616 kB
SReclaimable:      67428 kB
SUnreclaim:       137188 kB
KernelStack:       42608 kB
PageTables:        56488 kB
NFS_Unstable:          0 kB
Bounce:                0 kB
WritebackTmp:          0 kB
CommitLimit:     9202296 kB
Committed_AS:   57701496 kB
VmallocTotal:   263061440 kB
VmallocUsed:       99696 kB
VmallocChunk:          0 kB
Percpu:             7616 kB
CmaTotal:         294912 kB
CmaFree:               0 kB
MemTotal:       12113144 kB
MemFree:         6701572 kB
MemAvailable:    8089924 kB
Buffers:            6028 kB
Cached:          1629040 kB
SwapCached:            0 kB
Active:          1489260 kB
Inactive:        1344964 kB
Active(anon):    1206212 kB
Inactive(anon):    21632 kB
Active(file):     283048 kB
Inactive(file):  1323332 kB
Unevictable:        5864 kB
Mlocked:            5864 kB
SwapTotal:       3145724 kB
SwapFree:        3145724 kB
Dirty:               180 kB
Writeback:             0 kB
AnonPages:       1205180 kB
Mapped:           807992 kB
Shmem:             23856 kB
KReclaimable:     650676 kB
Slab:             204592 kB
SReclaimable:      67428 kB
SUnreclaim:       137164 kB
KernelStack:       42608 kB
PageTables:        56580 kB
NFS_Unstable:          0 kB
Bounce:                0 kB
WritebackTmp:          0 kB
CommitLimit:     9202296 kB
Committed_AS:   57703876 kB
VmallocTotal:   263061440 kB
VmallocUsed:       99648 kB
VmallocChunk:          0 kB
Percpu:             7616 kB
CmaTotal:         294912 kB
CmaFree:               0 kB
MemTotal:       12113144 kB
MemFree:         6700724 kB
MemAvailable:    8089076 kB
Buffers:            6028 kB
Cached:          1629040 kB
SwapCached:            0 kB
Active:          1489900 kB
Inactive:        1344964 kB
Active(anon):    1206852 kB
Inactive(anon):    21632 kB
Active(file):     283048 kB
Inactive(file):  1323332 kB
Unevictable:        5864 kB
Mlocked:            5864 kB
SwapTotal:       3145724 kB
SwapFree:        3145724 kB
Dirty:               220 kB
Writeback:             0 kB
AnonPages:       1205492 kB
Mapped:           807664 kB
Shmem:             23856 kB
KReclaimable:     650676 kB
Slab:             204584 kB
SReclaimable:      67428 kB
SUnreclaim:       137156 kB
KernelStack:       42624 kB
PageTables:        56572 kB
NFS_Unstable:          0 kB
Bounce:                0 kB
WritebackTmp:          0 kB
CommitLimit:     9202296 kB
Committed_AS:   57692516 kB
VmallocTotal:   263061440 kB
VmallocUsed:       99632 kB
VmallocChunk:          0 kB
Percpu:             7616 kB
CmaTotal:         294912 kB
CmaFree:               0 kB
MemTotal:       12113144 kB
MemFree:         6700828 kB
MemAvailable:    8089184 kB
Buffers:            6028 kB
Cached:          1629044 kB
SwapCached:            0 kB
Active:          1490076 kB
Inactive:        1344968 kB
Active(anon):    1207028 kB
Inactive(anon):    21632 kB
Active(file):     283048 kB
Inactive(file):  1323336 kB
Unevictable:        5864 kB
Mlocked:            5864 kB
SwapTotal:       3145724 kB
SwapFree:        3145724 kB
Dirty:               252 kB
Writeback:             0 kB
AnonPages:       1206016 kB
Mapped:           807980 kB
Shmem:             23856 kB
KReclaimable:     650676 kB
Slab:             204584 kB
SReclaimable:      67428 kB
SUnreclaim:       137156 kB
KernelStack:       42608 kB
PageTables:        56496 kB
NFS_Unstable:          0 kB
Bounce:                0 kB
WritebackTmp:          0 kB
CommitLimit:     9202296 kB
Committed_AS:   57710176 kB
VmallocTotal:   263061440 kB
VmallocUsed:       99616 kB
VmallocChunk:          0 kB
Percpu:             7616 kB
CmaTotal:         294912 kB
CmaFree:               0 kB
MemTotal:       12113144 kB
MemFree:         6699304 kB
MemAvailable:    8087660 kB
Buffers:            6032 kB
Cached:          1629040 kB
SwapCached:            0 kB
Active:          1490020 kB
Inactive:        1344968 kB
Active(anon):    1206972 kB
Inactive(anon):    21632 kB
Active(file):     283048 kB
Inactive(file):  1323336 kB
Unevictable:        5864 kB
Mlocked:            5864 kB
SwapTotal:       3145724 kB
SwapFree:        3145724 kB
Dirty:               236 kB
Writeback:             0 kB
AnonPages:       1205844 kB
Mapped:           807980 kB
Shmem:             23856 kB
KReclaimable:     650676 kB
Slab:             204592 kB
SReclaimable:      67428 kB
SUnreclaim:       137164 kB
KernelStack:       42496 kB
PageTables:        56496 kB
NFS_Unstable:          0 kB
Bounce:                0 kB
WritebackTmp:          0 kB
CommitLimit:     9202296 kB
Committed_AS:   57704376 kB
VmallocTotal:   263061440 kB
VmallocUsed:       99552 kB
VmallocChunk:          0 kB
Percpu:             7616 kB
CmaTotal:         294912 kB
CmaFree:               0 kB
MemTotal:       12113144 kB
MemFree:         6699624 kB
MemAvailable:    8087996 kB
Buffers:            6032 kB
Cached:          1629056 kB
SwapCached:            0 kB
Active:          1490972 kB
Inactive:        1344980 kB
Active(anon):    1207920 kB
Inactive(anon):    21632 kB
Active(file):     283052 kB
Inactive(file):  1323348 kB
Unevictable:        5864 kB
Mlocked:            5864 kB
SwapTotal:       3145724 kB
SwapFree:        3145724 kB
Dirty:               248 kB
Writeback:             0 kB
AnonPages:       1206900 kB
Mapped:           807996 kB
Shmem:             23856 kB
KReclaimable:     650676 kB
Slab:             204584 kB
SReclaimable:      67428 kB
SUnreclaim:       137156 kB
KernelStack:       42528 kB
PageTables:        56576 kB
NFS_Unstable:          0 kB
Bounce:                0 kB
WritebackTmp:          0 kB
CommitLimit:     9202296 kB
Committed_AS:   57703752 kB
VmallocTotal:   263061440 kB
VmallocUsed:       99568 kB
VmallocChunk:          0 kB
Percpu:             7616 kB
CmaTotal:         294912 kB
CmaFree:               0 kB
MemTotal:       12113144 kB
MemFree:         6689680 kB
MemAvailable:    8078052 kB
Buffers:            6032 kB
Cached:          1629056 kB
SwapCached:            0 kB
Active:          1500892 kB
Inactive:        1344980 kB
Active(anon):    1217840 kB
Inactive(anon):    21632 kB
Active(file):     283052 kB
Inactive(file):  1323348 kB
Unevictable:        5864 kB
Mlocked:            5864 kB
SwapTotal:       3145724 kB
SwapFree:        3145724 kB
Dirty:               248 kB
Writeback:             0 kB
AnonPages:       1216772 kB
Mapped:           807980 kB
Shmem:             23856 kB
KReclaimable:     650676 kB
Slab:             204584 kB
SReclaimable:      67428 kB
SUnreclaim:       137156 kB
KernelStack:       42560 kB
PageTables:        56624 kB
NFS_Unstable:          0 kB
Bounce:                0 kB
WritebackTmp:          0 kB
CommitLimit:     9202296 kB
Committed_AS:   57718552 kB
VmallocTotal:   263061440 kB
VmallocUsed:       99552 kB
VmallocChunk:          0 kB
Percpu:             7616 kB
CmaTotal:         294912 kB
CmaFree:               0 kB
MemTotal:       12113144 kB
MemFree:         6689616 kB
MemAvailable:    8077988 kB
Buffers:            6032 kB
Cached:          1629056 kB
SwapCached:            0 kB
Active:          1501476 kB
Inactive:        1344980 kB
Active(anon):    1218424 kB
Inactive(anon):    21632 kB
Active(file):     283052 kB
Inactive(file):  1323348 kB
Unevictable:        5864 kB
Mlocked:            5864 kB
SwapTotal:       3145724 kB
SwapFree:        3145724 kB
Dirty:               176 kB
Writeback:             0 kB
AnonPages:       1217188 kB
Mapped:           807736 kB
Shmem:             23856 kB
KReclaimable:     650676 kB
Slab:             204584 kB
SReclaimable:      67428 kB
SUnreclaim:       137156 kB
KernelStack:       42544 kB
PageTables:        56704 kB
NFS_Unstable:          0 kB
Bounce:                0 kB
WritebackTmp:          0 kB
CommitLimit:     9202296 kB
Committed_AS:   57717360 kB
VmallocTotal:   263061440 kB
VmallocUsed:       99568 kB
VmallocChunk:          0 kB
Percpu:             7616 kB
CmaTotal:         294912 kB
CmaFree:               0 kB
MemTotal:       12113144 kB
MemFree:         6689684 kB
MemAvailable:    8078056 kB
Buffers:            6032 kB
Cached:          1629056 kB
SwapCached:            0 kB
Active:          1501676 kB
Inactive:        1344980 kB
Active(anon):    1218624 kB
Inactive(anon):    21632 kB
Active(file):     283052 kB
Inactive(file):  1323348 kB
Unevictable:        5864 kB
Mlocked:            5864 kB
SwapTotal:       3145724 kB
SwapFree:        3145724 kB
Dirty:               200 kB
Writeback:             0 kB
AnonPages:       1217608 kB
Mapped:           807944 kB
Shmem:             23856 kB
KReclaimable:     650676 kB
Slab:             204576 kB
SReclaimable:      67428 kB
SUnreclaim:       137148 kB
KernelStack:       42560 kB
PageTables:        56612 kB
NFS_Unstable:          0 kB
Bounce:                0 kB
WritebackTmp:          0 kB
CommitLimit:     9202296 kB
Committed_AS:   57706516 kB
VmallocTotal:   263061440 kB
VmallocUsed:       99584 kB
VmallocChunk:          0 kB
Percpu:             7616 kB
CmaTotal:         294912 kB
CmaFree:               0 kB
MemTotal:       12113144 kB
MemFree:         6689092 kB
MemAvailable:    8077464 kB
Buffers:            6032 kB
Cached:          1629056 kB
SwapCached:            0 kB
Active:          1502108 kB
Inactive:        1344980 kB
Active(anon):    1219056 kB
Inactive(anon):    21632 kB
Active(file):     283052 kB
Inactive(file):  1323348 kB
Unevictable:        5864 kB
Mlocked:            5864 kB
SwapTotal:       3145724 kB
SwapFree:        3145724 kB
Dirty:               200 kB
Writeback:             0 kB
AnonPages:       1218076 kB
Mapped:           808036 kB
Shmem:             23856 kB
KReclaimable:     650676 kB
Slab:             204584 kB
SReclaimable:      67428 kB
SUnreclaim:       137156 kB
KernelStack:       42560 kB
PageTables:        56592 kB
NFS_Unstable:          0 kB
Bounce:                0 kB
WritebackTmp:          0 kB
CommitLimit:     9202296 kB
Committed_AS:   57696380 kB
VmallocTotal:   263061440 kB
VmallocUsed:       99552 kB
VmallocChunk:          0 kB
Percpu:             7616 kB
CmaTotal:         294912 kB
CmaFree:               0 kB
MemTotal:       12113144 kB
MemFree:         6688224 kB
MemAvailable:    8076596 kB
Buffers:            6032 kB
Cached:          1629056 kB
SwapCached:            0 kB
Active:          1501932 kB
Inactive:        1344980 kB
Active(anon):    1218880 kB
Inactive(anon):    21632 kB
Active(file):     283052 kB
Inactive(file):  1323348 kB
Unevictable:        5864 kB
Mlocked:            5864 kB
SwapTotal:       3145724 kB
SwapFree:        3145724 kB
Dirty:               204 kB
Writeback:             0 kB
AnonPages:       1217624 kB
Mapped:           807980 kB
Shmem:             23856 kB
KReclaimable:     650676 kB
Slab:             204592 kB
SReclaimable:      67428 kB
SUnreclaim:       137164 kB
KernelStack:       42544 kB
PageTables:        56612 kB
NFS_Unstable:          0 kB
Bounce:                0 kB
WritebackTmp:          0 kB
CommitLimit:     9202296 kB
Committed_AS:   57696532 kB
VmallocTotal:   263061440 kB
VmallocUsed:       99552 kB
VmallocChunk:          0 kB
Percpu:             7616 kB
CmaTotal:         294912 kB
CmaFree:               0 kB
MemTotal:       12113144 kB
MemFree:         6688920 kB
MemAvailable:    8077292 kB
Buffers:            6032 kB
Cached:          1629056 kB
SwapCached:            0 kB
Active:          1502176 kB
Inactive:        1344980 kB
Active(anon):    1219124 kB
Inactive(anon):    21632 kB
Active(file):     283052 kB
Inactive(file):  1323348 kB
Unevictable:        5864 kB
Mlocked:            5864 kB
SwapTotal:       3145724 kB
SwapFree:        3145724 kB
Dirty:               168 kB
Writeback:             0 kB
AnonPages:       1218108 kB
Mapped:           807752 kB
Shmem:             23856 kB
KReclaimable:     650676 kB
Slab:             204584 kB
SReclaimable:      67428 kB
SUnreclaim:       137156 kB
KernelStack:       42592 kB
PageTables:        56668 kB
NFS_Unstable:          0 kB
Bounce:                0 kB
WritebackTmp:          0 kB
CommitLimit:     9202296 kB
Committed_AS:   57701676 kB
VmallocTotal:   263061440 kB
VmallocUsed:       99600 kB
VmallocChunk:          0 kB
Percpu:             7616 kB
CmaTotal:         294912 kB
CmaFree:               0 kB
MemTotal:       12113144 kB
MemFree:         6688860 kB
MemAvailable:    8077232 kB
Buffers:            6032 kB
Cached:          1629056 kB
SwapCached:            0 kB
Active:          1502196 kB
Inactive:        1344980 kB
Active(anon):    1219144 kB
Inactive(anon):    21632 kB
Active(file):     283052 kB
Inactive(file):  1323348 kB
Unevictable:        5864 kB
Mlocked:            5864 kB
SwapTotal:       3145724 kB
SwapFree:        3145724 kB
Dirty:               168 kB
Writeback:             0 kB
AnonPages:       1218048 kB
Mapped:           807944 kB
Shmem:             23856 kB
KReclaimable:     650676 kB
Slab:             204584 kB
SReclaimable:      67428 kB
SUnreclaim:       137156 kB
KernelStack:       42624 kB
PageTables:        56620 kB
NFS_Unstable:          0 kB
Bounce:                0 kB
WritebackTmp:          0 kB
CommitLimit:     9202296 kB
Committed_AS:   57699696 kB
VmallocTotal:   263061440 kB
VmallocUsed:       99616 kB
VmallocChunk:          0 kB
Percpu:             7616 kB
CmaTotal:         294912 kB
CmaFree:               0 kB
MemTotal:       12113144 kB
MemFree:         6687156 kB
MemAvailable:    8075528 kB
Buffers:            6032 kB
Cached:          1629056 kB
SwapCached:            0 kB
Active:          1502596 kB
Inactive:        1344980 kB
Active(anon):    1219544 kB
Inactive(anon):    21632 kB
Active(file):     283052 kB
Inactive(file):  1323348 kB
Unevictable:        5864 kB
Mlocked:            5864 kB
SwapTotal:       3145724 kB
SwapFree:        3145724 kB
Dirty:               168 kB
Writeback:             0 kB
AnonPages:       1218256 kB
Mapped:           807980 kB
Shmem:             23856 kB
KReclaimable:     650676 kB
Slab:             204592 kB
SReclaimable:      67428 kB
SUnreclaim:       137164 kB
KernelStack:       42624 kB
PageTables:        56632 kB
NFS_Unstable:          0 kB
Bounce:                0 kB
WritebackTmp:          0 kB
CommitLimit:     9202296 kB
Committed_AS:   57703844 kB
VmallocTotal:   263061440 kB
VmallocUsed:       99616 kB
VmallocChunk:          0 kB
Percpu:             7616 kB
CmaTotal:         294912 kB
CmaFree:               0 kB
MemTotal:       12113144 kB
MemFree:         6695660 kB
MemAvailable:    8084040 kB
Buffers:            6032 kB
Cached:          1629064 kB
SwapCached:            0 kB
Active:          1492660 kB
Inactive:        1344988 kB
Active(anon):    1209608 kB
Inactive(anon):    21632 kB
Active(file):     283052 kB
Inactive(file):  1323356 kB
Unevictable:        5864 kB
Mlocked:            5864 kB
SwapTotal:       3145724 kB
SwapFree:        3145724 kB
Dirty:               216 kB
Writeback:             0 kB
AnonPages:       1208524 kB
Mapped:           807800 kB
Shmem:             23856 kB
KReclaimable:     650676 kB
Slab:             204584 kB
SReclaimable:      67428 kB
SUnreclaim:       137156 kB
KernelStack:       42656 kB
PageTables:        56612 kB
NFS_Unstable:          0 kB
Bounce:                0 kB
WritebackTmp:          0 kB
CommitLimit:     9202296 kB
Committed_AS:   57703376 kB
VmallocTotal:   263061440 kB
VmallocUsed:       99664 kB
VmallocChunk:          0 kB
Percpu:             7616 kB
CmaTotal:         294912 kB
CmaFree:               0 kB
MemTotal:       12113144 kB
MemFree:         6696872 kB
MemAvailable:    8085252 kB
Buffers:            6032 kB
Cached:          1629064 kB
SwapCached:            0 kB
Active:          1492924 kB
Inactive:        1344988 kB
Active(anon):    1209872 kB
Inactive(anon):    21632 kB
Active(file):     283052 kB
Inactive(file):  1323356 kB
Unevictable:        5864 kB
Mlocked:            5864 kB
SwapTotal:       3145724 kB
SwapFree:        3145724 kB
Dirty:               216 kB
Writeback:             0 kB
AnonPages:       1208636 kB
Mapped:           807980 kB
Shmem:             23856 kB
KReclaimable:     650676 kB
Slab:             204584 kB
SReclaimable:      67428 kB
SUnreclaim:       137156 kB
KernelStack:       42624 kB
PageTables:        56496 kB
NFS_Unstable:          0 kB
Bounce:                0 kB
WritebackTmp:          0 kB
CommitLimit:     9202296 kB
Committed_AS:   57704040 kB
VmallocTotal:   263061440 kB
VmallocUsed:       99616 kB
VmallocChunk:          0 kB
Percpu:             7616 kB
CmaTotal:         294912 kB
CmaFree:               0 kB
MemTotal:       12113144 kB
MemFree:         6696952 kB
MemAvailable:    8085332 kB
Buffers:            6032 kB
Cached:          1629064 kB
SwapCached:            0 kB
Active:          1493948 kB
Inactive:        1344988 kB
Active(anon):    1210896 kB
Inactive(anon):    21632 kB
Active(file):     283052 kB
Inactive(file):  1323356 kB
Unevictable:        5864 kB
Mlocked:            5864 kB
SwapTotal:       3145724 kB
SwapFree:        3145724 kB
Dirty:               220 kB
Writeback:             0 kB
AnonPages:       1209348 kB
Mapped:           807980 kB
Shmem:             23856 kB
KReclaimable:     650676 kB
Slab:             204584 kB
SReclaimable:      67428 kB
SUnreclaim:       137156 kB
KernelStack:       42656 kB
PageTables:        56636 kB
NFS_Unstable:          0 kB
Bounce:                0 kB
WritebackTmp:          0 kB
CommitLimit:     9202296 kB
Committed_AS:   57706552 kB
VmallocTotal:   263061440 kB
VmallocUsed:       99616 kB
VmallocChunk:          0 kB
Percpu:             7616 kB
CmaTotal:         294912 kB
CmaFree:               0 kB
MemTotal:       12113144 kB
MemFree:         6695628 kB
MemAvailable:    8084008 kB
Buffers:            6032 kB
Cached:          1629064 kB
SwapCached:            0 kB
Active:          1493964 kB
Inactive:        1344988 kB
Active(anon):    1210912 kB
Inactive(anon):    21632 kB
Active(file):     283052 kB
Inactive(file):  1323356 kB
Unevictable:        5864 kB
Mlocked:            5864 kB
SwapTotal:       3145724 kB
SwapFree:        3145724 kB
Dirty:               228 kB
Writeback:             0 kB
AnonPages:       1209824 kB
Mapped:           807996 kB
Shmem:             23856 kB
KReclaimable:     650676 kB
Slab:             204584 kB
SReclaimable:      67428 kB
SUnreclaim:       137156 kB
KernelStack:       42624 kB
PageTables:        56576 kB
NFS_Unstable:          0 kB
Bounce:                0 kB
WritebackTmp:          0 kB
CommitLimit:     9202296 kB
Committed_AS:   57705772 kB
VmallocTotal:   263061440 kB
VmallocUsed:       99696 kB
VmallocChunk:          0 kB
Percpu:             7616 kB
CmaTotal:         294912 kB
CmaFree:               0 kB
MemTotal:       12113144 kB
MemFree:         6696192 kB
MemAvailable:    8084572 kB
Buffers:            6032 kB
Cached:          1629064 kB
SwapCached:            0 kB
Active:          1494820 kB
Inactive:        1344988 kB
Active(anon):    1211768 kB
Inactive(anon):    21632 kB
Active(file):     283052 kB
Inactive(file):  1323356 kB
Unevictable:        5864 kB
Mlocked:            5864 kB
SwapTotal:       3145724 kB
SwapFree:        3145724 kB
Dirty:               228 kB
Writeback:             0 kB
AnonPages:       1210208 kB
Mapped:           807888 kB
Shmem:             23856 kB
KReclaimable:     650676 kB
Slab:             204584 kB
SReclaimable:      67428 kB
SUnreclaim:       137156 kB
KernelStack:       42592 kB
PageTables:        56600 kB
NFS_Unstable:          0 kB
Bounce:                0 kB
WritebackTmp:          0 kB
CommitLimit:     9202296 kB
Committed_AS:   57706012 kB
VmallocTotal:   263061440 kB
VmallocUsed:       99712 kB
VmallocChunk:          0 kB
Percpu:             7616 kB
CmaTotal:         294912 kB
CmaFree:               0 kB
MemTotal:       12113144 kB
MemFree:         6695500 kB
MemAvailable:    8083880 kB
Buffers:            6032 kB
Cached:          1629064 kB
SwapCached:            0 kB
Active:          1494636 kB
Inactive:        1344988 kB
Active(anon):    1211584 kB
Inactive(anon):    21632 kB
Active(file):     283052 kB
Inactive(file):  1323356 kB
Unevictable:        5864 kB
Mlocked:            5864 kB
SwapTotal:       3145724 kB
SwapFree:        3145724 kB
Dirty:               228 kB
Writeback:             0 kB
AnonPages:       1210544 kB
Mapped:           807996 kB
Shmem:             23856 kB
KReclaimable:     650676 kB
Slab:             204584 kB
SReclaimable:      67428 kB
SUnreclaim:       137156 kB
KernelStack:       42640 kB
PageTables:        56712 kB
NFS_Unstable:          0 kB
Bounce:                0 kB
WritebackTmp:          0 kB
CommitLimit:     9202296 kB
Committed_AS:   57702112 kB
VmallocTotal:   263061440 kB
VmallocUsed:       99680 kB
VmallocChunk:          0 kB
Percpu:             7616 kB
CmaTotal:         294912 kB
CmaFree:               0 kB
MemTotal:       12113144 kB
MemFree:         6695708 kB
MemAvailable:    8084100 kB
Buffers:            6036 kB
Cached:          1629072 kB
SwapCached:            0 kB
Active:          1495216 kB
Inactive:        1344996 kB
Active(anon):    1212160 kB
Inactive(anon):    21632 kB
Active(file):     283056 kB
Inactive(file):  1323364 kB
Unevictable:        5864 kB
Mlocked:            5864 kB
SwapTotal:       3145724 kB
SwapFree:        3145724 kB
Dirty:               220 kB
Writeback:             0 kB
AnonPages:       1211096 kB
Mapped:           807736 kB
Shmem:             23856 kB
KReclaimable:     650676 kB
Slab:             204576 kB
SReclaimable:      67428 kB
SUnreclaim:       137148 kB
KernelStack:       42624 kB
PageTables:        56576 kB
NFS_Unstable:          0 kB
Bounce:                0 kB
WritebackTmp:          0 kB
CommitLimit:     9202296 kB
Committed_AS:   57704424 kB
VmallocTotal:   263061440 kB
VmallocUsed:       99696 kB
VmallocChunk:          0 kB
Percpu:             7616 kB
CmaTotal:         294912 kB
CmaFree:               0 kB
MemTotal:       12113144 kB
MemFree:         6696312 kB
MemAvailable:    8084500 kB
Buffers:            6036 kB
Cached:          1629080 kB
SwapCached:            0 kB
Active:          1494468 kB
Inactive:        1345004 kB
Active(anon):    1211412 kB
Inactive(anon):    21640 kB
Active(file):     283056 kB
Inactive(file):  1323364 kB
Unevictable:        5864 kB
Mlocked:            5864 kB
SwapTotal:       3145724 kB
SwapFree:        3145724 kB
Dirty:               220 kB
Writeback:             0 kB
AnonPages:       1210476 kB
Mapped:           807732 kB
Shmem:             23864 kB
KReclaimable:     650472 kB
Slab:             204592 kB
SReclaimable:      67428 kB
SUnreclaim:       137164 kB
KernelStack:       42656 kB
PageTables:        56632 kB
NFS_Unstable:          0 kB
Bounce:                0 kB
WritebackTmp:          0 kB
CommitLimit:     9202296 kB
Committed_AS:   57703044 kB
VmallocTotal:   263061440 kB
VmallocUsed:       99680 kB
VmallocChunk:          0 kB
Percpu:             7616 kB
CmaTotal:         294912 kB
CmaFree:               0 kB
MemTotal:       12113144 kB
MemFree:         6696220 kB
MemAvailable:    8084404 kB
Buffers:            6036 kB
Cached:          1629084 kB
SwapCached:            0 kB
Active:          1495160 kB
Inactive:        1345008 kB
Active(anon):    1212108 kB
Inactive(anon):    21644 kB
Active(file):     283052 kB
Inactive(file):  1323364 kB
Unevictable:        5864 kB
Mlocked:            5864 kB
SwapTotal:       3145724 kB
SwapFree:        3145724 kB
Dirty:               220 kB
Writeback:             0 kB
AnonPages:       1210980 kB
Mapped:           808012 kB
Shmem:             23868 kB
KReclaimable:     650472 kB
Slab:             204584 kB
SReclaimable:      67428 kB
SUnreclaim:       137156 kB
KernelStack:       42624 kB
PageTables:        56584 kB
NFS_Unstable:          0 kB
Bounce:                0 kB
WritebackTmp:          0 kB
CommitLimit:     9202296 kB
Committed_AS:   57701640 kB
VmallocTotal:   263061440 kB
VmallocUsed:       99680 kB
VmallocChunk:          0 kB
Percpu:             7616 kB
CmaTotal:         294912 kB
CmaFree:               0 kB
MemTotal:       12113144 kB
MemFree:         6695788 kB
MemAvailable:    8083976 kB
Buffers:            6036 kB
Cached:          1629084 kB
SwapCached:            0 kB
Active:          1495528 kB
Inactive:        1345008 kB
Active(anon):    1212472 kB
Inactive(anon):    21644 kB
Active(file):     283056 kB
Inactive(file):  1323364 kB
Unevictable:        5864 kB
Mlocked:            5864 kB
SwapTotal:       3145724 kB
SwapFree:        3145724 kB
Dirty:               220 kB
Writeback:             0 kB
AnonPages:       1211140 kB
Mapped:           808012 kB
Shmem:             23868 kB
KReclaimable:     650472 kB
Slab:             204584 kB
SReclaimable:      67428 kB
SUnreclaim:       137156 kB
KernelStack:       42640 kB
PageTables:        56580 kB
NFS_Unstable:          0 kB
Bounce:                0 kB
WritebackTmp:          0 kB
CommitLimit:     9202296 kB
Committed_AS:   57706024 kB
VmallocTotal:   263061440 kB
VmallocUsed:       99696 kB
VmallocChunk:          0 kB
Percpu:             7616 kB
CmaTotal:         294912 kB
CmaFree:               0 kB
MemTotal:       12113144 kB
MemFree:         6695988 kB
MemAvailable:    8084176 kB
Buffers:            6036 kB
Cached:          1629084 kB
SwapCached:            0 kB
Active:          1495672 kB
Inactive:        1345008 kB
Active(anon):    1212616 kB
Inactive(anon):    21644 kB
Active(file):     283056 kB
Inactive(file):  1323364 kB
Unevictable:        5864 kB
Mlocked:            5864 kB
SwapTotal:       3145724 kB
SwapFree:        3145724 kB
Dirty:               224 kB
Writeback:             0 kB
AnonPages:       1211676 kB
Mapped:           808012 kB
Shmem:             23868 kB
KReclaimable:     650472 kB
Slab:             204584 kB
SReclaimable:      67428 kB
SUnreclaim:       137156 kB
KernelStack:       42656 kB
PageTables:        56716 kB
NFS_Unstable:          0 kB
Bounce:                0 kB
WritebackTmp:          0 kB
CommitLimit:     9202296 kB
Committed_AS:   57711520 kB
VmallocTotal:   263061440 kB
VmallocUsed:       99680 kB
VmallocChunk:          0 kB
Percpu:             7616 kB
CmaTotal:         294912 kB
CmaFree:               0 kB
MemTotal:       12113144 kB
MemFree:         6695408 kB
MemAvailable:    8083596 kB
Buffers:            6036 kB
Cached:          1629084 kB
SwapCached:            0 kB
Active:          1496320 kB
Inactive:        1345008 kB
Active(anon):    1213264 kB
Inactive(anon):    21644 kB
Active(file):     283056 kB
Inactive(file):  1323364 kB
Unevictable:        5864 kB
Mlocked:            5864 kB
SwapTotal:       3145724 kB
SwapFree:        3145724 kB
Dirty:               224 kB
Writeback:             0 kB
AnonPages:       1211920 kB
Mapped:           807664 kB
Shmem:             23868 kB
KReclaimable:     650472 kB
Slab:             204552 kB
SReclaimable:      67428 kB
SUnreclaim:       137124 kB
KernelStack:       42620 kB
PageTables:        56228 kB
NFS_Unstable:          0 kB
Bounce:                0 kB
WritebackTmp:          0 kB
CommitLimit:     9202296 kB
Committed_AS:   57706436 kB
VmallocTotal:   263061440 kB
VmallocUsed:       99664 kB
VmallocChunk:          0 kB
Percpu:             7616 kB
CmaTotal:         294912 kB
CmaFree:               0 kB
MemTotal:       12113144 kB
MemFree:         6693688 kB
MemAvailable:    8081876 kB
Buffers:            6036 kB
Cached:          1629084 kB
SwapCached:            0 kB
Active:          1497508 kB
Inactive:        1345008 kB
Active(anon):    1214452 kB
Inactive(anon):    21644 kB
Active(file):     283056 kB
Inactive(file):  1323364 kB
Unevictable:        5864 kB
Mlocked:            5864 kB
SwapTotal:       3145724 kB
SwapFree:        3145724 kB
Dirty:               228 kB
Writeback:             0 kB
AnonPages:       1213164 kB
Mapped:           807820 kB
Shmem:             23868 kB
KReclaimable:     650472 kB
Slab:             204624 kB
SReclaimable:      67428 kB
SUnreclaim:       137196 kB
KernelStack:       42672 kB
PageTables:        56624 kB
NFS_Unstable:          0 kB
Bounce:                0 kB
WritebackTmp:          0 kB
CommitLimit:     9202296 kB
Committed_AS:   57704588 kB
VmallocTotal:   263061440 kB
VmallocUsed:       99680 kB
VmallocChunk:          0 kB
Percpu:             7616 kB
CmaTotal:         294912 kB
CmaFree:               0 kB
MemTotal:       12113144 kB
MemFree:         6693436 kB
MemAvailable:    8081624 kB
Buffers:            6036 kB
Cached:          1629084 kB
SwapCached:            0 kB
Active:          1497496 kB
Inactive:        1345008 kB
Active(anon):    1214440 kB
Inactive(anon):    21644 kB
Active(file):     283056 kB
Inactive(file):  1323364 kB
Unevictable:        5864 kB
Mlocked:            5864 kB
SwapTotal:       3145724 kB
SwapFree:        3145724 kB
Dirty:               232 kB
Writeback:             0 kB
AnonPages:       1213212 kB
Mapped:           807940 kB
Shmem:             23868 kB
KReclaimable:     650472 kB
Slab:             204600 kB
SReclaimable:      67428 kB
SUnreclaim:       137172 kB
KernelStack:       42656 kB
PageTables:        56604 kB
NFS_Unstable:          0 kB
Bounce:                0 kB
WritebackTmp:          0 kB
CommitLimit:     9202296 kB
Committed_AS:   57704724 kB
VmallocTotal:   263061440 kB
VmallocUsed:       99648 kB
VmallocChunk:          0 kB
Percpu:             7616 kB
CmaTotal:         294912 kB
CmaFree:               0 kB
MemTotal:       12113144 kB
MemFree:         6693008 kB
MemAvailable:    8081196 kB
Buffers:            6036 kB
Cached:          1629084 kB
SwapCached:            0 kB
Active:          1497852 kB
Inactive:        1345008 kB
Active(anon):    1214796 kB
Inactive(anon):    21644 kB
Active(file):     283056 kB
Inactive(file):  1323364 kB
Unevictable:        5864 kB
Mlocked:            5864 kB
SwapTotal:       3145724 kB
SwapFree:        3145724 kB
Dirty:               232 kB
Writeback:             0 kB
AnonPages:       1213480 kB
Mapped:           807776 kB
Shmem:             23868 kB
KReclaimable:     650472 kB
Slab:             204592 kB
SReclaimable:      67428 kB
SUnreclaim:       137164 kB
KernelStack:       42608 kB
PageTables:        56612 kB
NFS_Unstable:          0 kB
Bounce:                0 kB
WritebackTmp:          0 kB
CommitLimit:     9202296 kB
Committed_AS:   57703980 kB
VmallocTotal:   263061440 kB
VmallocUsed:       99648 kB
VmallocChunk:          0 kB
Percpu:             7616 kB
CmaTotal:         294912 kB
CmaFree:               0 kB
MemTotal:       12113144 kB
MemFree:         6692248 kB
MemAvailable:    8080436 kB
Buffers:            6036 kB
Cached:          1629084 kB
SwapCached:            0 kB
Active:          1498044 kB
Inactive:        1345008 kB
Active(anon):    1214988 kB
Inactive(anon):    21644 kB
Active(file):     283056 kB
Inactive(file):  1323364 kB
Unevictable:        5864 kB
Mlocked:            5864 kB
SwapTotal:       3145724 kB
SwapFree:        3145724 kB
Dirty:               236 kB
Writeback:             8 kB
AnonPages:       1213728 kB
Mapped:           807932 kB
Shmem:             23868 kB
KReclaimable:     650472 kB
Slab:             204592 kB
SReclaimable:      67428 kB
SUnreclaim:       137164 kB
KernelStack:       42624 kB
PageTables:        56624 kB
NFS_Unstable:          0 kB
Bounce:                0 kB
WritebackTmp:          0 kB
CommitLimit:     9202296 kB
Committed_AS:   57694768 kB
VmallocTotal:   263061440 kB
VmallocUsed:       99680 kB
VmallocChunk:          0 kB
Percpu:             7616 kB
CmaTotal:         294912 kB
CmaFree:               0 kB
MemTotal:       12113144 kB
MemFree:         6692680 kB
MemAvailable:    8080868 kB
Buffers:            6036 kB
Cached:          1629084 kB
SwapCached:            0 kB
Active:          1498388 kB
Inactive:        1345008 kB
Active(anon):    1215332 kB
Inactive(anon):    21644 kB
Active(file):     283056 kB
Inactive(file):  1323364 kB
Unevictable:        5864 kB
Mlocked:            5864 kB
SwapTotal:       3145724 kB
SwapFree:        3145724 kB
Dirty:               252 kB
Writeback:             0 kB
AnonPages:       1214200 kB
Mapped:           808000 kB
Shmem:             23868 kB
KReclaimable:     650472 kB
Slab:             204600 kB
SReclaimable:      67428 kB
SUnreclaim:       137172 kB
KernelStack:       42624 kB
PageTables:        56540 kB
NFS_Unstable:          0 kB
Bounce:                0 kB
WritebackTmp:          0 kB
CommitLimit:     9202296 kB
Committed_AS:   57698524 kB
VmallocTotal:   263061440 kB
VmallocUsed:       99680 kB
VmallocChunk:          0 kB
Percpu:             7616 kB
CmaTotal:         294912 kB
CmaFree:               0 kB
MemTotal:       12113144 kB
MemFree:         6692784 kB
MemAvailable:    8080976 kB
Buffers:            6036 kB
Cached:          1629088 kB
SwapCached:            0 kB
Active:          1499644 kB
Inactive:        1345012 kB
Active(anon):    1216588 kB
Inactive(anon):    21644 kB
Active(file):     283056 kB
Inactive(file):  1323368 kB
Unevictable:        5864 kB
Mlocked:            5864 kB
SwapTotal:       3145724 kB
SwapFree:        3145724 kB
Dirty:               268 kB
Writeback:             0 kB
AnonPages:       1215432 kB
Mapped:           807820 kB
Shmem:             23868 kB
KReclaimable:     650472 kB
Slab:             204592 kB
SReclaimable:      67428 kB
SUnreclaim:       137164 kB
KernelStack:       42656 kB
PageTables:        56596 kB
NFS_Unstable:          0 kB
Bounce:                0 kB
WritebackTmp:          0 kB
CommitLimit:     9202296 kB
Committed_AS:   57700452 kB
VmallocTotal:   263061440 kB
VmallocUsed:       99632 kB
VmallocChunk:          0 kB
Percpu:             7616 kB
CmaTotal:         294912 kB
CmaFree:               0 kB
MemTotal:       12113144 kB
MemFree:         6692176 kB
MemAvailable:    8080368 kB
Buffers:            6036 kB
Cached:          1629092 kB
SwapCached:            0 kB
Active:          1500052 kB
Inactive:        1345016 kB
Active(anon):    1216996 kB
Inactive(anon):    21648 kB
Active(file):     283056 kB
Inactive(file):  1323368 kB
Unevictable:        5864 kB
Mlocked:            5864 kB
SwapTotal:       3145724 kB
SwapFree:        3145724 kB
Dirty:               280 kB
Writeback:             0 kB
AnonPages:       1215968 kB
Mapped:           807760 kB
Shmem:             23872 kB
KReclaimable:     650472 kB
Slab:             204600 kB
SReclaimable:      67428 kB
SUnreclaim:       137172 kB
KernelStack:       42608 kB
PageTables:        56580 kB
NFS_Unstable:          0 kB
Bounce:                0 kB
WritebackTmp:          0 kB
CommitLimit:     9202296 kB
Committed_AS:   57712760 kB
VmallocTotal:   263061440 kB
VmallocUsed:       99648 kB
VmallocChunk:          0 kB
Percpu:             7616 kB
CmaTotal:         294912 kB
CmaFree:               0 kB
MemTotal:       12113144 kB
MemFree:         6691240 kB
MemAvailable:    8079432 kB
Buffers:            6036 kB
Cached:          1629092 kB
SwapCached:            0 kB
Active:          1500840 kB
Inactive:        1345016 kB
Active(anon):    1217784 kB
Inactive(anon):    21648 kB
Active(file):     283056 kB
Inactive(file):  1323368 kB
Unevictable:        5864 kB
Mlocked:            5864 kB
SwapTotal:       3145724 kB
SwapFree:        3145724 kB
Dirty:               308 kB
Writeback:             0 kB
AnonPages:       1216704 kB
Mapped:           807760 kB
Shmem:             23872 kB
KReclaimable:     650472 kB
Slab:             204592 kB
SReclaimable:      67428 kB
SUnreclaim:       137164 kB
KernelStack:       42624 kB
PageTables:        56696 kB
NFS_Unstable:          0 kB
Bounce:                0 kB
WritebackTmp:          0 kB
CommitLimit:     9202296 kB
Committed_AS:   57711128 kB
VmallocTotal:   263061440 kB
VmallocUsed:       99664 kB
VmallocChunk:          0 kB
Percpu:             7616 kB
CmaTotal:         294912 kB
CmaFree:               0 kB
MemTotal:       12113144 kB
MemFree:         6690608 kB
MemAvailable:    8078816 kB
Buffers:            6040 kB
Cached:          1629104 kB
SwapCached:            0 kB
Active:          1500940 kB
Inactive:        1345028 kB
Active(anon):    1217880 kB
Inactive(anon):    21648 kB
Active(file):     283060 kB
Inactive(file):  1323380 kB
Unevictable:        5864 kB
Mlocked:            5864 kB
SwapTotal:       3145724 kB
SwapFree:        3145724 kB
Dirty:               288 kB
Writeback:             0 kB
AnonPages:       1216744 kB
Mapped:           807804 kB
Shmem:             23872 kB
KReclaimable:     650472 kB
Slab:             204592 kB
SReclaimable:      67428 kB
SUnreclaim:       137164 kB
KernelStack:       42656 kB
PageTables:        56612 kB
NFS_Unstable:          0 kB
Bounce:                0 kB
WritebackTmp:          0 kB
CommitLimit:     9202296 kB
Committed_AS:   57714088 kB
VmallocTotal:   263061440 kB
VmallocUsed:       99648 kB
VmallocChunk:          0 kB
Percpu:             7616 kB
CmaTotal:         294912 kB
CmaFree:               0 kB
MemTotal:       12113144 kB
MemFree:         6689608 kB
MemAvailable:    8077816 kB
Buffers:            6040 kB
Cached:          1629104 kB
SwapCached:            0 kB
Active:          1500656 kB
Inactive:        1345028 kB
Active(anon):    1217596 kB
Inactive(anon):    21648 kB
Active(file):     283060 kB
Inactive(file):  1323380 kB
Unevictable:        5864 kB
Mlocked:            5864 kB
SwapTotal:       3145724 kB
SwapFree:        3145724 kB
Dirty:               288 kB
Writeback:             0 kB
AnonPages:       1216456 kB
Mapped:           808124 kB
Shmem:             23872 kB
KReclaimable:     650472 kB
Slab:             204592 kB
SReclaimable:      67428 kB
SUnreclaim:       137164 kB
KernelStack:       42608 kB
PageTables:        56500 kB
NFS_Unstable:          0 kB
Bounce:                0 kB
WritebackTmp:          0 kB
CommitLimit:     9202296 kB
Committed_AS:   57707192 kB
VmallocTotal:   263061440 kB
VmallocUsed:       99648 kB
VmallocChunk:          0 kB
Percpu:             7616 kB
CmaTotal:         294912 kB
CmaFree:               0 kB
MemTotal:       12113144 kB
MemFree:         6689464 kB
MemAvailable:    8077672 kB
Buffers:            6040 kB
Cached:          1629104 kB
SwapCached:            0 kB
Active:          1500836 kB
Inactive:        1345028 kB
Active(anon):    1217776 kB
Inactive(anon):    21648 kB
Active(file):     283060 kB
Inactive(file):  1323380 kB
Unevictable:        5864 kB
Mlocked:            5864 kB
SwapTotal:       3145724 kB
SwapFree:        3145724 kB
Dirty:               192 kB
Writeback:             0 kB
AnonPages:       1216724 kB
Mapped:           807800 kB
Shmem:             23872 kB
KReclaimable:     650472 kB
Slab:             204600 kB
SReclaimable:      67428 kB
SUnreclaim:       137172 kB
KernelStack:       42624 kB
PageTables:        56600 kB
NFS_Unstable:          0 kB
Bounce:                0 kB
WritebackTmp:          0 kB
CommitLimit:     9202296 kB
Committed_AS:   57708232 kB
VmallocTotal:   263061440 kB
VmallocUsed:       99648 kB
VmallocChunk:          0 kB
Percpu:             7616 kB
CmaTotal:         294912 kB
CmaFree:               0 kB
MemTotal:       12113144 kB
MemFree:         6689064 kB
MemAvailable:    8077272 kB
Buffers:            6040 kB
Cached:          1629104 kB
SwapCached:            0 kB
Active:          1501896 kB
Inactive:        1345028 kB
Active(anon):    1218836 kB
Inactive(anon):    21648 kB
Active(file):     283060 kB
Inactive(file):  1323380 kB
Unevictable:        5864 kB
Mlocked:            5864 kB
SwapTotal:       3145724 kB
SwapFree:        3145724 kB
Dirty:               208 kB
Writeback:             0 kB
AnonPages:       1217556 kB
Mapped:           807760 kB
Shmem:             23872 kB
KReclaimable:     650472 kB
Slab:             204592 kB
SReclaimable:      67428 kB
SUnreclaim:       137164 kB
KernelStack:       42624 kB
PageTables:        56580 kB
NFS_Unstable:          0 kB
Bounce:                0 kB
WritebackTmp:          0 kB
CommitLimit:     9202296 kB
Committed_AS:   57702124 kB
VmallocTotal:   263061440 kB
VmallocUsed:       99696 kB
VmallocChunk:          0 kB
Percpu:             7616 kB
CmaTotal:         294912 kB
CmaFree:               0 kB
MemTotal:       12113144 kB
MemFree:         6689124 kB
MemAvailable:    8077300 kB
Buffers:            6040 kB
Cached:          1629108 kB
SwapCached:            0 kB
Active:          1502324 kB
Inactive:        1345032 kB
Active(anon):    1219264 kB
Inactive(anon):    21652 kB
Active(file):     283060 kB
Inactive(file):  1323380 kB
Unevictable:        5864 kB
Mlocked:            5864 kB
SwapTotal:       3145724 kB
SwapFree:        3145724 kB
Dirty:               212 kB
Writeback:             0 kB
AnonPages:       1218200 kB
Mapped:           807932 kB
Shmem:             23876 kB
KReclaimable:     650472 kB
Slab:             204592 kB
SReclaimable:      67428 kB
SUnreclaim:       137164 kB
KernelStack:       42592 kB
PageTables:        56452 kB
NFS_Unstable:          0 kB
Bounce:                0 kB
WritebackTmp:          0 kB
CommitLimit:     9202296 kB
Committed_AS:   57706868 kB
VmallocTotal:   263061440 kB
VmallocUsed:       99664 kB
VmallocChunk:          0 kB
Percpu:             7616 kB
CmaTotal:         294912 kB
CmaFree:               0 kB
MemTotal:       12113144 kB
MemFree:         6688552 kB
MemAvailable:    8076760 kB
Buffers:            6040 kB
Cached:          1629108 kB
SwapCached:            0 kB
Active:          1502612 kB
Inactive:        1345032 kB
Active(anon):    1219552 kB
Inactive(anon):    21652 kB
Active(file):     283060 kB
Inactive(file):  1323380 kB
Unevictable:        5864 kB
Mlocked:            5864 kB
SwapTotal:       3145724 kB
SwapFree:        3145724 kB
Dirty:               212 kB
Writeback:             0 kB
AnonPages:       1218524 kB
Mapped:           807764 kB
Shmem:             23876 kB
KReclaimable:     650472 kB
Slab:             204600 kB
SReclaimable:      67428 kB
SUnreclaim:       137172 kB
KernelStack:       42624 kB
PageTables:        56580 kB
NFS_Unstable:          0 kB
Bounce:                0 kB
WritebackTmp:          0 kB
CommitLimit:     9202296 kB
Committed_AS:   57706844 kB
VmallocTotal:   263061440 kB
VmallocUsed:       99616 kB
VmallocChunk:          0 kB
Percpu:             7616 kB
CmaTotal:         294912 kB
CmaFree:               0 kB
MemTotal:       12113144 kB
MemFree:         6678384 kB
MemAvailable:    8066592 kB
Buffers:            6040 kB
Cached:          1629108 kB
SwapCached:            0 kB
Active:          1513292 kB
Inactive:        1345032 kB
Active(anon):    1230232 kB
Inactive(anon):    21652 kB
Active(file):     283060 kB
Inactive(file):  1323380 kB
Unevictable:        5864 kB
Mlocked:            5864 kB
SwapTotal:       3145724 kB
SwapFree:        3145724 kB
Dirty:               252 kB
Writeback:             0 kB
AnonPages:       1229136 kB
Mapped:           807952 kB
Shmem:             23876 kB
KReclaimable:     650472 kB
Slab:             204592 kB
SReclaimable:      67428 kB
SUnreclaim:       137164 kB
KernelStack:       42640 kB
PageTables:        56620 kB
NFS_Unstable:          0 kB
Bounce:                0 kB
WritebackTmp:          0 kB
CommitLimit:     9202296 kB
Committed_AS:   57711144 kB
VmallocTotal:   263061440 kB
VmallocUsed:       99632 kB
VmallocChunk:          0 kB
Percpu:             7616 kB
CmaTotal:         294912 kB
CmaFree:               0 kB
MemTotal:       12113144 kB
MemFree:         6685228 kB
MemAvailable:    8073436 kB
Buffers:            6040 kB
Cached:          1629112 kB
SwapCached:            0 kB
Active:          1504048 kB
Inactive:        1345036 kB
Active(anon):    1220988 kB
Inactive(anon):    21656 kB
Active(file):     283060 kB
Inactive(file):  1323380 kB
Unevictable:        5864 kB
Mlocked:            5864 kB
SwapTotal:       3145724 kB
SwapFree:        3145724 kB
Dirty:               260 kB
Writeback:             0 kB
AnonPages:       1219736 kB
Mapped:           807772 kB
Shmem:             23880 kB
KReclaimable:     650472 kB
Slab:             204592 kB
SReclaimable:      67428 kB
SUnreclaim:       137164 kB
KernelStack:       42640 kB
PageTables:        56712 kB
NFS_Unstable:          0 kB
Bounce:                0 kB
WritebackTmp:          0 kB
CommitLimit:     9202296 kB
Committed_AS:   57707488 kB
VmallocTotal:   263061440 kB
VmallocUsed:       99584 kB
VmallocChunk:          0 kB
Percpu:             7616 kB
CmaTotal:         294912 kB
CmaFree:               0 kB
MemTotal:       12113144 kB
MemFree:         6685192 kB
MemAvailable:    8073400 kB
Buffers:            6040 kB
Cached:          1629112 kB
SwapCached:            0 kB
Active:          1504804 kB
Inactive:        1345036 kB
Active(anon):    1221744 kB
Inactive(anon):    21656 kB
Active(file):     283060 kB
Inactive(file):  1323380 kB
Unevictable:        5864 kB
Mlocked:            5864 kB
SwapTotal:       3145724 kB
SwapFree:        3145724 kB
Dirty:               296 kB
Writeback:             0 kB
AnonPages:       1220604 kB
Mapped:           808032 kB
Shmem:             23880 kB
KReclaimable:     650472 kB
Slab:             204592 kB
SReclaimable:      67428 kB
SUnreclaim:       137164 kB
KernelStack:       42624 kB
PageTables:        56584 kB
NFS_Unstable:          0 kB
Bounce:                0 kB
WritebackTmp:          0 kB
CommitLimit:     9202296 kB
Committed_AS:   57720236 kB
VmallocTotal:   263061440 kB
VmallocUsed:       99632 kB
VmallocChunk:          0 kB
Percpu:             7616 kB
CmaTotal:         294912 kB
CmaFree:               0 kB
MemTotal:       12113144 kB
MemFree:         6686524 kB
MemAvailable:    8074736 kB
Buffers:            6040 kB
Cached:          1629116 kB
SwapCached:            0 kB
Active:          1504720 kB
Inactive:        1345040 kB
Active(anon):    1221660 kB
Inactive(anon):    21656 kB
Active(file):     283060 kB
Inactive(file):  1323384 kB
Unevictable:        5864 kB
Mlocked:            5864 kB
SwapTotal:       3145724 kB
SwapFree:        3145724 kB
Dirty:               304 kB
Writeback:             0 kB
AnonPages:       1220392 kB
Mapped:           807768 kB
Shmem:             23880 kB
KReclaimable:     650472 kB
Slab:             204592 kB
SReclaimable:      67428 kB
SUnreclaim:       137164 kB
KernelStack:       42560 kB
PageTables:        56784 kB
NFS_Unstable:          0 kB
Bounce:                0 kB
WritebackTmp:          0 kB
CommitLimit:     9202296 kB
Committed_AS:   57706780 kB
VmallocTotal:   263061440 kB
VmallocUsed:       99616 kB
VmallocChunk:          0 kB
Percpu:             7616 kB
CmaTotal:         294912 kB
CmaFree:               0 kB
MemTotal:       12113144 kB
MemFree:         6685204 kB
MemAvailable:    8073420 kB
Buffers:            6040 kB
Cached:          1629120 kB
SwapCached:            0 kB
Active:          1505368 kB
Inactive:        1345044 kB
Active(anon):    1222308 kB
Inactive(anon):    21656 kB
Active(file):     283060 kB
Inactive(file):  1323388 kB
Unevictable:        5864 kB
Mlocked:            5864 kB
SwapTotal:       3145724 kB
SwapFree:        3145724 kB
Dirty:               308 kB
Writeback:             0 kB
AnonPages:       1221200 kB
Mapped:           807772 kB
Shmem:             23880 kB
KReclaimable:     650472 kB
Slab:             204580 kB
SReclaimable:      67428 kB
SUnreclaim:       137152 kB
KernelStack:       42608 kB
PageTables:        56584 kB
NFS_Unstable:          0 kB
Bounce:                0 kB
WritebackTmp:          0 kB
CommitLimit:     9202296 kB
Committed_AS:   57710764 kB
VmallocTotal:   263061440 kB
VmallocUsed:       99648 kB
VmallocChunk:          0 kB
Percpu:             7616 kB
CmaTotal:         294912 kB
CmaFree:               0 kB
MemTotal:       12113144 kB
MemFree:         6686328 kB
MemAvailable:    8074544 kB
Buffers:            6040 kB
Cached:          1629120 kB
SwapCached:            0 kB
Active:          1505496 kB
Inactive:        1345044 kB
Active(anon):    1222436 kB
Inactive(anon):    21656 kB
Active(file):     283060 kB
Inactive(file):  1323388 kB
Unevictable:        5864 kB
Mlocked:            5864 kB
SwapTotal:       3145724 kB
SwapFree:        3145724 kB
Dirty:               308 kB
Writeback:             0 kB
AnonPages:       1221336 kB
Mapped:           808000 kB
Shmem:             23880 kB
KReclaimable:     650472 kB
Slab:             204588 kB
SReclaimable:      67428 kB
SUnreclaim:       137160 kB
KernelStack:       42656 kB
PageTables:        56688 kB
NFS_Unstable:          0 kB
Bounce:                0 kB
WritebackTmp:          0 kB
CommitLimit:     9202296 kB
Committed_AS:   57704324 kB
VmallocTotal:   263061440 kB
VmallocUsed:       99616 kB
VmallocChunk:          0 kB
Percpu:             7616 kB
CmaTotal:         294912 kB
CmaFree:               0 kB
MemTotal:       12113144 kB
MemFree:         6686036 kB
MemAvailable:    8074252 kB
Buffers:            6040 kB
Cached:          1629120 kB
SwapCached:            0 kB
Active:          1504624 kB
Inactive:        1345044 kB
Active(anon):    1221564 kB
Inactive(anon):    21656 kB
Active(file):     283060 kB
Inactive(file):  1323388 kB
Unevictable:        5864 kB
Mlocked:            5864 kB
SwapTotal:       3145724 kB
SwapFree:        3145724 kB
Dirty:               308 kB
Writeback:             0 kB
AnonPages:       1220500 kB
Mapped:           808016 kB
Shmem:             23880 kB
KReclaimable:     650472 kB
Slab:             204588 kB
SReclaimable:      67428 kB
SUnreclaim:       137160 kB
KernelStack:       42608 kB
PageTables:        56500 kB
NFS_Unstable:          0 kB
Bounce:                0 kB
WritebackTmp:          0 kB
CommitLimit:     9202296 kB
Committed_AS:   57700920 kB
VmallocTotal:   263061440 kB
VmallocUsed:       99632 kB
VmallocChunk:          0 kB
Percpu:             7616 kB
CmaTotal:         294912 kB
CmaFree:               0 kB
MemTotal:       12113144 kB
MemFree:         6696164 kB
MemAvailable:    8084380 kB
Buffers:            6040 kB
Cached:          1629120 kB
SwapCached:            0 kB
Active:          1494708 kB
Inactive:        1345044 kB
Active(anon):    1211648 kB
Inactive(anon):    21656 kB
Active(file):     283060 kB
Inactive(file):  1323388 kB
Unevictable:        5864 kB
Mlocked:            5864 kB
SwapTotal:       3145724 kB
SwapFree:        3145724 kB
Dirty:               308 kB
Writeback:             0 kB
AnonPages:       1210540 kB
Mapped:           807796 kB
Shmem:             23880 kB
KReclaimable:     650472 kB
Slab:             204588 kB
SReclaimable:      67428 kB
SUnreclaim:       137160 kB
KernelStack:       42640 kB
PageTables:        56752 kB
NFS_Unstable:          0 kB
Bounce:                0 kB
WritebackTmp:          0 kB
CommitLimit:     9202296 kB
Committed_AS:   57705348 kB
VmallocTotal:   263061440 kB
VmallocUsed:       99616 kB
VmallocChunk:          0 kB
Percpu:             7616 kB
CmaTotal:         294912 kB
CmaFree:               0 kB
MemTotal:       12113144 kB
MemFree:         6695732 kB
MemAvailable:    8083960 kB
Buffers:            6044 kB
Cached:          1629128 kB
SwapCached:            0 kB
Active:          1494984 kB
Inactive:        1345052 kB
Active(anon):    1211920 kB
Inactive(anon):    21656 kB
Active(file):     283064 kB
Inactive(file):  1323396 kB
Unevictable:        5864 kB
Mlocked:            5864 kB
SwapTotal:       3145724 kB
SwapFree:        3145724 kB
Dirty:               296 kB
Writeback:             0 kB
AnonPages:       1210736 kB
Mapped:           807836 kB
Shmem:             23880 kB
KReclaimable:     650472 kB
Slab:             204588 kB
SReclaimable:      67428 kB
SUnreclaim:       137160 kB
KernelStack:       42640 kB
PageTables:        56600 kB
NFS_Unstable:          0 kB
Bounce:                0 kB
WritebackTmp:          0 kB
CommitLimit:     9202296 kB
Committed_AS:   57713368 kB
VmallocTotal:   263061440 kB
VmallocUsed:       99600 kB
VmallocChunk:          0 kB
Percpu:             7616 kB
CmaTotal:         294912 kB
CmaFree:               0 kB
MemTotal:       12113144 kB
MemFree:         6694872 kB
MemAvailable:    8083100 kB
Buffers:            6044 kB
Cached:          1629128 kB
SwapCached:            0 kB
Active:          1496912 kB
Inactive:        1345052 kB
Active(anon):    1213848 kB
Inactive(anon):    21656 kB
Active(file):     283064 kB
Inactive(file):  1323396 kB
Unevictable:        5864 kB
Mlocked:            5864 kB
SwapTotal:       3145724 kB
SwapFree:        3145724 kB
Dirty:               328 kB
Writeback:             0 kB
AnonPages:       1213028 kB
Mapped:           807720 kB
Shmem:             23880 kB
KReclaimable:     650472 kB
Slab:             204580 kB
SReclaimable:      67428 kB
SUnreclaim:       137152 kB
KernelStack:       42624 kB
PageTables:        56624 kB
NFS_Unstable:          0 kB
Bounce:                0 kB
WritebackTmp:          0 kB
CommitLimit:     9202296 kB
Committed_AS:   57703336 kB
VmallocTotal:   263061440 kB
VmallocUsed:       99648 kB
VmallocChunk:          0 kB
Percpu:             7616 kB
CmaTotal:         294912 kB
CmaFree:               0 kB
MemTotal:       12113144 kB
MemFree:         6694680 kB
MemAvailable:    8082908 kB
Buffers:            6044 kB
Cached:          1629128 kB
SwapCached:            0 kB
Active:          1495656 kB
Inactive:        1345052 kB
Active(anon):    1212592 kB
Inactive(anon):    21656 kB
Active(file):     283064 kB
Inactive(file):  1323396 kB
Unevictable:        5864 kB
Mlocked:            5864 kB
SwapTotal:       3145724 kB
SwapFree:        3145724 kB
Dirty:               340 kB
Writeback:             0 kB
AnonPages:       1211432 kB
Mapped:           807944 kB
Shmem:             23880 kB
KReclaimable:     650472 kB
Slab:             204588 kB
SReclaimable:      67428 kB
SUnreclaim:       137160 kB
KernelStack:       42640 kB
PageTables:        56616 kB
NFS_Unstable:          0 kB
Bounce:                0 kB
WritebackTmp:          0 kB
CommitLimit:     9202296 kB
Committed_AS:   57692264 kB
VmallocTotal:   263061440 kB
VmallocUsed:       99648 kB
VmallocChunk:          0 kB
Percpu:             7616 kB
CmaTotal:         294912 kB
CmaFree:               0 kB
MemTotal:       12113144 kB
MemFree:         6694212 kB
MemAvailable:    8082440 kB
Buffers:            6044 kB
Cached:          1629128 kB
SwapCached:            0 kB
Active:          1496088 kB
Inactive:        1345052 kB
Active(anon):    1213024 kB
Inactive(anon):    21656 kB
Active(file):     283064 kB
Inactive(file):  1323396 kB
Unevictable:        5864 kB
Mlocked:            5864 kB
SwapTotal:       3145724 kB
SwapFree:        3145724 kB
Dirty:               340 kB
Writeback:             0 kB
AnonPages:       1211912 kB
Mapped:           807836 kB
Shmem:             23880 kB
KReclaimable:     650472 kB
Slab:             204588 kB
SReclaimable:      67428 kB
SUnreclaim:       137160 kB
KernelStack:       42640 kB
PageTables:        56596 kB
NFS_Unstable:          0 kB
Bounce:                0 kB
WritebackTmp:          0 kB
CommitLimit:     9202296 kB
Committed_AS:   57699940 kB
VmallocTotal:   263061440 kB
VmallocUsed:       99632 kB
VmallocChunk:          0 kB
Percpu:             7616 kB
CmaTotal:         294912 kB
CmaFree:               0 kB
MemTotal:       12113144 kB
MemFree:         6694808 kB
MemAvailable:    8083036 kB
Buffers:            6044 kB
Cached:          1629128 kB
SwapCached:            0 kB
Active:          1496600 kB
Inactive:        1345052 kB
Active(anon):    1213536 kB
Inactive(anon):    21656 kB
Active(file):     283064 kB
Inactive(file):  1323396 kB
Unevictable:        5864 kB
Mlocked:            5864 kB
SwapTotal:       3145724 kB
SwapFree:        3145724 kB
Dirty:               340 kB
Writeback:             0 kB
AnonPages:       1212412 kB
Mapped:           807944 kB
Shmem:             23880 kB
KReclaimable:     650472 kB
Slab:             204588 kB
SReclaimable:      67428 kB
SUnreclaim:       137160 kB
KernelStack:       42624 kB
PageTables:        56616 kB
NFS_Unstable:          0 kB
Bounce:                0 kB
WritebackTmp:          0 kB
CommitLimit:     9202296 kB
Committed_AS:   57698996 kB
VmallocTotal:   263061440 kB
VmallocUsed:       99632 kB
VmallocChunk:          0 kB
Percpu:             7616 kB
CmaTotal:         294912 kB
CmaFree:               0 kB
MemTotal:       12113144 kB
MemFree:         6694504 kB
MemAvailable:    8082732 kB
Buffers:            6044 kB
Cached:          1629128 kB
SwapCached:            0 kB
Active:          1497280 kB
Inactive:        1345052 kB
Active(anon):    1214216 kB
Inactive(anon):    21656 kB
Active(file):     283064 kB
Inactive(file):  1323396 kB
Unevictable:        5864 kB
Mlocked:            5864 kB
SwapTotal:       3145724 kB
SwapFree:        3145724 kB
Dirty:               340 kB
Writeback:             0 kB
AnonPages:       1213072 kB
Mapped:           807836 kB
Shmem:             23880 kB
KReclaimable:     650472 kB
Slab:             204588 kB
SReclaimable:      67428 kB
SUnreclaim:       137160 kB
KernelStack:       42624 kB
PageTables:        56596 kB
NFS_Unstable:          0 kB
Bounce:                0 kB
WritebackTmp:          0 kB
CommitLimit:     9202296 kB
Committed_AS:   57702208 kB
VmallocTotal:   263061440 kB
VmallocUsed:       99648 kB
VmallocChunk:          0 kB
Percpu:             7616 kB
CmaTotal:         294912 kB
CmaFree:               0 kB
MemTotal:       12113144 kB
MemFree:         6693108 kB
MemAvailable:    8081340 kB
Buffers:            6044 kB
Cached:          1629132 kB
SwapCached:            0 kB
Active:          1498156 kB
Inactive:        1345056 kB
Active(anon):    1215092 kB
Inactive(anon):    21656 kB
Active(file):     283064 kB
Inactive(file):  1323400 kB
Unevictable:        5864 kB
Mlocked:            5864 kB
SwapTotal:       3145724 kB
SwapFree:        3145724 kB
Dirty:               216 kB
Writeback:             0 kB
AnonPages:       1214000 kB
Mapped:           807836 kB
Shmem:             23880 kB
KReclaimable:     650472 kB
Slab:             204584 kB
SReclaimable:      67428 kB
SUnreclaim:       137156 kB
KernelStack:       42624 kB
PageTables:        56624 kB
NFS_Unstable:          0 kB
Bounce:                0 kB
WritebackTmp:          0 kB
CommitLimit:     9202296 kB
Committed_AS:   57705896 kB
VmallocTotal:   263061440 kB
VmallocUsed:       99648 kB
VmallocChunk:          0 kB
Percpu:             7616 kB
CmaTotal:         294912 kB
CmaFree:               0 kB
MemTotal:       12113144 kB
MemFree:         6693240 kB
MemAvailable:    8081472 kB
Buffers:            6044 kB
Cached:          1629132 kB
SwapCached:            0 kB
Active:          1497436 kB
Inactive:        1345056 kB
Active(anon):    1214372 kB
Inactive(anon):    21656 kB
Active(file):     283064 kB
Inactive(file):  1323400 kB
Unevictable:        5864 kB
Mlocked:            5864 kB
SwapTotal:       3145724 kB
SwapFree:        3145724 kB
Dirty:               216 kB
Writeback:             0 kB
AnonPages:       1213332 kB
Mapped:           808028 kB
Shmem:             23880 kB
KReclaimable:     650472 kB
Slab:             204584 kB
SReclaimable:      67428 kB
SUnreclaim:       137156 kB
KernelStack:       42668 kB
PageTables:        56660 kB
NFS_Unstable:          0 kB
Bounce:                0 kB
WritebackTmp:          0 kB
CommitLimit:     9202296 kB
Committed_AS:   57715504 kB
VmallocTotal:   263061440 kB
VmallocUsed:       99648 kB
VmallocChunk:          0 kB
Percpu:             7616 kB
CmaTotal:         294912 kB
CmaFree:               0 kB
MemTotal:       12113144 kB
MemFree:         6692368 kB
MemAvailable:    8080612 kB
Buffers:            6044 kB
Cached:          1629144 kB
SwapCached:            0 kB
Active:          1497280 kB
Inactive:        1345068 kB
Active(anon):    1214216 kB
Inactive(anon):    21656 kB
Active(file):     283064 kB
Inactive(file):  1323412 kB
Unevictable:        5864 kB
Mlocked:            5864 kB
SwapTotal:       3145724 kB
SwapFree:        3145724 kB
Dirty:               252 kB
Writeback:             0 kB
AnonPages:       1213088 kB
Mapped:           807968 kB
Shmem:             23880 kB
KReclaimable:     650472 kB
Slab:             204592 kB
SReclaimable:      67428 kB
SUnreclaim:       137164 kB
KernelStack:       42592 kB
PageTables:        56612 kB
NFS_Unstable:          0 kB
Bounce:                0 kB
WritebackTmp:          0 kB
CommitLimit:     9202296 kB
Committed_AS:   57705696 kB
VmallocTotal:   263061440 kB
VmallocUsed:       99648 kB
VmallocChunk:          0 kB
Percpu:             7616 kB
CmaTotal:         294912 kB
CmaFree:               0 kB
MemTotal:       12113144 kB
MemFree:         6692244 kB
MemAvailable:    8080488 kB
Buffers:            6044 kB
Cached:          1629144 kB
SwapCached:            0 kB
Active:          1497956 kB
Inactive:        1345068 kB
Active(anon):    1214892 kB
Inactive(anon):    21656 kB
Active(file):     283064 kB
Inactive(file):  1323412 kB
Unevictable:        5864 kB
Mlocked:            5864 kB
SwapTotal:       3145724 kB
SwapFree:        3145724 kB
Dirty:               252 kB
Writeback:             0 kB
AnonPages:       1213760 kB
Mapped:           807840 kB
Shmem:             23880 kB
KReclaimable:     650472 kB
Slab:             204592 kB
SReclaimable:      67428 kB
SUnreclaim:       137164 kB
KernelStack:       42624 kB
PageTables:        56628 kB
NFS_Unstable:          0 kB
Bounce:                0 kB
WritebackTmp:          0 kB
CommitLimit:     9202296 kB
Committed_AS:   57714392 kB
VmallocTotal:   263061440 kB
VmallocUsed:       99632 kB
VmallocChunk:          0 kB
Percpu:             7616 kB
CmaTotal:         294912 kB
CmaFree:               0 kB
MemTotal:       12113144 kB
MemFree:         6692252 kB
MemAvailable:    8080496 kB
Buffers:            6044 kB
Cached:          1629144 kB
SwapCached:            0 kB
Active:          1498504 kB
Inactive:        1345068 kB
Active(anon):    1215440 kB
Inactive(anon):    21656 kB
Active(file):     283064 kB
Inactive(file):  1323412 kB
Unevictable:        5864 kB
Mlocked:            5864 kB
SwapTotal:       3145724 kB
SwapFree:        3145724 kB
Dirty:               216 kB
Writeback:             0 kB
AnonPages:       1214420 kB
Mapped:           808036 kB
Shmem:             23880 kB
KReclaimable:     650472 kB
Slab:             204584 kB
SReclaimable:      67428 kB
SUnreclaim:       137156 kB
KernelStack:       42608 kB
PageTables:        56716 kB
NFS_Unstable:          0 kB
Bounce:                0 kB
WritebackTmp:          0 kB
CommitLimit:     9202296 kB
Committed_AS:   57705916 kB
VmallocTotal:   263061440 kB
VmallocUsed:       99648 kB
VmallocChunk:          0 kB
Percpu:             7616 kB
CmaTotal:         294912 kB
CmaFree:               0 kB
MemTotal:       12113144 kB
MemFree:         6693264 kB
MemAvailable:    8081508 kB
Buffers:            6044 kB
Cached:          1629144 kB
SwapCached:            0 kB
Active:          1498700 kB
Inactive:        1345068 kB
Active(anon):    1215636 kB
Inactive(anon):    21656 kB
Active(file):     283064 kB
Inactive(file):  1323412 kB
Unevictable:        5864 kB
Mlocked:            5864 kB
SwapTotal:       3145724 kB
SwapFree:        3145724 kB
Dirty:               240 kB
Writeback:             0 kB
AnonPages:       1214548 kB
Mapped:           808036 kB
Shmem:             23880 kB
KReclaimable:     650472 kB
Slab:             204584 kB
SReclaimable:      67428 kB
SUnreclaim:       137156 kB
KernelStack:       42592 kB
PageTables:        56580 kB
NFS_Unstable:          0 kB
Bounce:                0 kB
WritebackTmp:          0 kB
CommitLimit:     9202296 kB
Committed_AS:   57709000 kB
VmallocTotal:   263061440 kB
VmallocUsed:       99648 kB
VmallocChunk:          0 kB
Percpu:             7616 kB
CmaTotal:         294912 kB
CmaFree:               0 kB
MemTotal:       12113144 kB
MemFree:         6692412 kB
MemAvailable:    8080656 kB
Buffers:            6044 kB
Cached:          1629144 kB
SwapCached:            0 kB
Active:          1498972 kB
Inactive:        1345068 kB
Active(anon):    1215908 kB
Inactive(anon):    21656 kB
Active(file):     283064 kB
Inactive(file):  1323412 kB
Unevictable:        5864 kB
Mlocked:            5864 kB
SwapTotal:       3145724 kB
SwapFree:        3145724 kB
Dirty:               240 kB
Writeback:             0 kB
AnonPages:       1214748 kB
Mapped:           807948 kB
Shmem:             23880 kB
KReclaimable:     650472 kB
Slab:             204584 kB
SReclaimable:      67428 kB
SUnreclaim:       137156 kB
KernelStack:       42624 kB
PageTables:        56616 kB
NFS_Unstable:          0 kB
Bounce:                0 kB
WritebackTmp:          0 kB
CommitLimit:     9202296 kB
Committed_AS:   57705560 kB
VmallocTotal:   263061440 kB
VmallocUsed:       99568 kB
VmallocChunk:          0 kB
Percpu:             7616 kB
CmaTotal:         294912 kB
CmaFree:               0 kB
MemTotal:       12113144 kB
MemFree:         6691924 kB
MemAvailable:    8080168 kB
Buffers:            6044 kB
Cached:          1629144 kB
SwapCached:            0 kB
Active:          1499112 kB
Inactive:        1345068 kB
Active(anon):    1216048 kB
Inactive(anon):    21656 kB
Active(file):     283064 kB
Inactive(file):  1323412 kB
Unevictable:        5864 kB
Mlocked:            5864 kB
SwapTotal:       3145724 kB
SwapFree:        3145724 kB
Dirty:               240 kB
Writeback:             0 kB
AnonPages:       1215080 kB
Mapped:           808020 kB
Shmem:             23880 kB
KReclaimable:     650472 kB
Slab:             204584 kB
SReclaimable:      67428 kB
SUnreclaim:       137156 kB
KernelStack:       42592 kB
PageTables:        56560 kB
NFS_Unstable:          0 kB
Bounce:                0 kB
WritebackTmp:          0 kB
CommitLimit:     9202296 kB
Committed_AS:   57713628 kB
VmallocTotal:   263061440 kB
VmallocUsed:       99568 kB
VmallocChunk:          0 kB
Percpu:             7616 kB
CmaTotal:         294912 kB
CmaFree:               0 kB
MemTotal:       12113144 kB
MemFree:         6691552 kB
MemAvailable:    8079808 kB
Buffers:            6048 kB
Cached:          1629152 kB
SwapCached:            0 kB
Active:          1499752 kB
Inactive:        1345080 kB
Active(anon):    1216688 kB
Inactive(anon):    21656 kB
Active(file):     283064 kB
Inactive(file):  1323424 kB
Unevictable:        5864 kB
Mlocked:            5864 kB
SwapTotal:       3145724 kB
SwapFree:        3145724 kB
Dirty:               236 kB
Writeback:             0 kB
AnonPages:       1215612 kB
Mapped:           807852 kB
Shmem:             23880 kB
KReclaimable:     650472 kB
Slab:             204592 kB
SReclaimable:      67428 kB
SUnreclaim:       137164 kB
KernelStack:       42608 kB
PageTables:        56708 kB
NFS_Unstable:          0 kB
Bounce:                0 kB
WritebackTmp:          0 kB
CommitLimit:     9202296 kB
Committed_AS:   57701332 kB
VmallocTotal:   263061440 kB
VmallocUsed:       99568 kB
VmallocChunk:          0 kB
Percpu:             7616 kB
CmaTotal:         294912 kB
CmaFree:               0 kB
MemTotal:       12113144 kB
MemFree:         6690056 kB
MemAvailable:    8078316 kB
Buffers:            6048 kB
Cached:          1629156 kB
SwapCached:            0 kB
Active:          1500228 kB
Inactive:        1345080 kB
Active(anon):    1217160 kB
Inactive(anon):    21656 kB
Active(file):     283068 kB
Inactive(file):  1323424 kB
Unevictable:        5864 kB
Mlocked:            5864 kB
SwapTotal:       3145724 kB
SwapFree:        3145724 kB
Dirty:               180 kB
Writeback:             0 kB
AnonPages:       1215892 kB
Mapped:           808036 kB
Shmem:             23880 kB
KReclaimable:     650472 kB
Slab:             204584 kB
SReclaimable:      67428 kB
SUnreclaim:       137156 kB
KernelStack:       42656 kB
PageTables:        56648 kB
NFS_Unstable:          0 kB
Bounce:                0 kB
WritebackTmp:          0 kB
CommitLimit:     9202296 kB
Committed_AS:   57710288 kB
VmallocTotal:   263061440 kB
VmallocUsed:       99648 kB
VmallocChunk:          0 kB
Percpu:             7616 kB
CmaTotal:         294912 kB
CmaFree:               0 kB
MemTotal:       12113144 kB
MemFree:         6690428 kB
MemAvailable:    8078688 kB
Buffers:            6048 kB
Cached:          1629156 kB
SwapCached:            0 kB
Active:          1500160 kB
Inactive:        1345080 kB
Active(anon):    1217092 kB
Inactive(anon):    21656 kB
Active(file):     283068 kB
Inactive(file):  1323424 kB
Unevictable:        5864 kB
Mlocked:            5864 kB
SwapTotal:       3145724 kB
SwapFree:        3145724 kB
Dirty:               204 kB
Writeback:             0 kB
AnonPages:       1216192 kB
Mapped:           808036 kB
Shmem:             23880 kB
KReclaimable:     650472 kB
Slab:             204584 kB
SReclaimable:      67428 kB
SUnreclaim:       137156 kB
KernelStack:       42608 kB
PageTables:        56584 kB
NFS_Unstable:          0 kB
Bounce:                0 kB
WritebackTmp:          0 kB
CommitLimit:     9202296 kB
Committed_AS:   57701496 kB
VmallocTotal:   263061440 kB
VmallocUsed:       99616 kB
VmallocChunk:          0 kB
Percpu:             7616 kB
CmaTotal:         294912 kB
CmaFree:               0 kB
MemTotal:       12113144 kB
MemFree:         6690824 kB
MemAvailable:    8079084 kB
Buffers:            6048 kB
Cached:          1629156 kB
SwapCached:            0 kB
Active:          1500016 kB
Inactive:        1345080 kB
Active(anon):    1216948 kB
Inactive(anon):    21656 kB
Active(file):     283068 kB
Inactive(file):  1323424 kB
Unevictable:        5864 kB
Mlocked:            5864 kB
SwapTotal:       3145724 kB
SwapFree:        3145724 kB
Dirty:               200 kB
Writeback:             0 kB
AnonPages:       1215900 kB
Mapped:           808036 kB
Shmem:             23880 kB
KReclaimable:     650472 kB
Slab:             204592 kB
SReclaimable:      67428 kB
SUnreclaim:       137164 kB
KernelStack:       42608 kB
PageTables:        56576 kB
NFS_Unstable:          0 kB
Bounce:                0 kB
WritebackTmp:          0 kB
CommitLimit:     9202296 kB
Committed_AS:   57706348 kB
VmallocTotal:   263061440 kB
VmallocUsed:       99632 kB
VmallocChunk:          0 kB
Percpu:             7616 kB
CmaTotal:         294912 kB
CmaFree:               0 kB
MemTotal:       12113144 kB
MemFree:         6691364 kB
MemAvailable:    8079624 kB
Buffers:            6048 kB
Cached:          1629156 kB
SwapCached:            0 kB
Active:          1500608 kB
Inactive:        1345080 kB
Active(anon):    1217540 kB
Inactive(anon):    21656 kB
Active(file):     283068 kB
Inactive(file):  1323424 kB
Unevictable:        5864 kB
Mlocked:            5864 kB
SwapTotal:       3145724 kB
SwapFree:        3145724 kB
Dirty:               200 kB
Writeback:             0 kB
AnonPages:       1216260 kB
Mapped:           808020 kB
Shmem:             23880 kB
KReclaimable:     650472 kB
Slab:             204584 kB
SReclaimable:      67428 kB
SUnreclaim:       137156 kB
KernelStack:       42640 kB
PageTables:        56744 kB
NFS_Unstable:          0 kB
Bounce:                0 kB
WritebackTmp:          0 kB
CommitLimit:     9202296 kB
Committed_AS:   57700572 kB
VmallocTotal:   263061440 kB
VmallocUsed:       99584 kB
VmallocChunk:          0 kB
Percpu:             7616 kB
CmaTotal:         294912 kB
CmaFree:               0 kB
MemTotal:       12113144 kB
MemFree:         6690360 kB
MemAvailable:    8078620 kB
Buffers:            6048 kB
Cached:          1629156 kB
SwapCached:            0 kB
Active:          1500360 kB
Inactive:        1345080 kB
Active(anon):    1217292 kB
Inactive(anon):    21656 kB
Active(file):     283068 kB
Inactive(file):  1323424 kB
Unevictable:        5864 kB
Mlocked:            5864 kB
SwapTotal:       3145724 kB
SwapFree:        3145724 kB
Dirty:               200 kB
Writeback:             0 kB
AnonPages:       1216124 kB
Mapped:           807760 kB
Shmem:             23880 kB
KReclaimable:     650472 kB
Slab:             204580 kB
SReclaimable:      67428 kB
SUnreclaim:       137152 kB
KernelStack:       42640 kB
PageTables:        56624 kB
NFS_Unstable:          0 kB
Bounce:                0 kB
WritebackTmp:          0 kB
CommitLimit:     9202296 kB
Committed_AS:   57700480 kB
VmallocTotal:   263061440 kB
VmallocUsed:       99632 kB
VmallocChunk:          0 kB
Percpu:             7616 kB
CmaTotal:         294912 kB
CmaFree:               0 kB
MemTotal:       12113144 kB
MemFree:         6690204 kB
MemAvailable:    8078464 kB
Buffers:            6048 kB
Cached:          1629156 kB
SwapCached:            0 kB
Active:          1500632 kB
Inactive:        1345080 kB
Active(anon):    1217564 kB
Inactive(anon):    21656 kB
Active(file):     283068 kB
Inactive(file):  1323424 kB
Unevictable:        5864 kB
Mlocked:            5864 kB
SwapTotal:       3145724 kB
SwapFree:        3145724 kB
Dirty:               200 kB
Writeback:             0 kB
AnonPages:       1216304 kB
Mapped:           808036 kB
Shmem:             23880 kB
KReclaimable:     650472 kB
Slab:             204580 kB
SReclaimable:      67428 kB
SUnreclaim:       137152 kB
KernelStack:       42592 kB
PageTables:        56580 kB
NFS_Unstable:          0 kB
Bounce:                0 kB
WritebackTmp:          0 kB
CommitLimit:     9202296 kB
Committed_AS:   57699484 kB
VmallocTotal:   263061440 kB
VmallocUsed:       99616 kB
VmallocChunk:          0 kB
Percpu:             7616 kB
CmaTotal:         294912 kB
CmaFree:               0 kB
MemTotal:       12113144 kB
MemFree:         6689452 kB
MemAvailable:    8077712 kB
Buffers:            6048 kB
Cached:          1629164 kB
SwapCached:            0 kB
Active:          1501104 kB
Inactive:        1345088 kB
Active(anon):    1218036 kB
Inactive(anon):    21664 kB
Active(file):     283068 kB
Inactive(file):  1323424 kB
Unevictable:        5864 kB
Mlocked:            5864 kB
SwapTotal:       3145724 kB
SwapFree:        3145724 kB
Dirty:               200 kB
Writeback:             0 kB
AnonPages:       1216928 kB
Mapped:           807872 kB
Shmem:             23888 kB
KReclaimable:     650472 kB
Slab:             204580 kB
SReclaimable:      67428 kB
SUnreclaim:       137152 kB
KernelStack:       42592 kB
PageTables:        56540 kB
NFS_Unstable:          0 kB
Bounce:                0 kB
WritebackTmp:          0 kB
CommitLimit:     9202296 kB
Committed_AS:   57699140 kB
VmallocTotal:   263061440 kB
VmallocUsed:       99584 kB
VmallocChunk:          0 kB
Percpu:             7616 kB
CmaTotal:         294912 kB
CmaFree:               0 kB
MemTotal:       12113144 kB
MemFree:         6689728 kB
MemAvailable:    8077988 kB
Buffers:            6048 kB
Cached:          1629164 kB
SwapCached:            0 kB
Active:          1501476 kB
Inactive:        1345088 kB
Active(anon):    1218408 kB
Inactive(anon):    21664 kB
Active(file):     283068 kB
Inactive(file):  1323424 kB
Unevictable:        5864 kB
Mlocked:            5864 kB
SwapTotal:       3145724 kB
SwapFree:        3145724 kB
Dirty:               200 kB
Writeback:             0 kB
AnonPages:       1217136 kB
Mapped:           808028 kB
Shmem:             23888 kB
KReclaimable:     650472 kB
Slab:             204580 kB
SReclaimable:      67428 kB
SUnreclaim:       137152 kB
KernelStack:       42608 kB
PageTables:        56620 kB
NFS_Unstable:          0 kB
Bounce:                0 kB
WritebackTmp:          0 kB
CommitLimit:     9202296 kB
Committed_AS:   57703092 kB
VmallocTotal:   263061440 kB
VmallocUsed:       99600 kB
VmallocChunk:          0 kB
Percpu:             7616 kB
CmaTotal:         294912 kB
CmaFree:               0 kB
MemTotal:       12113144 kB
MemFree:         6688560 kB
MemAvailable:    8076824 kB
Buffers:            6048 kB
Cached:          1629168 kB
SwapCached:            0 kB
Active:          1501848 kB
Inactive:        1345096 kB
Active(anon):    1218784 kB
Inactive(anon):    21664 kB
Active(file):     283064 kB
Inactive(file):  1323432 kB
Unevictable:        5864 kB
Mlocked:            5864 kB
SwapTotal:       3145724 kB
SwapFree:        3145724 kB
Dirty:               228 kB
Writeback:             0 kB
AnonPages:       1217464 kB
Mapped:           808176 kB
Shmem:             23888 kB
KReclaimable:     650472 kB
Slab:             204580 kB
SReclaimable:      67428 kB
SUnreclaim:       137152 kB
KernelStack:       42608 kB
PageTables:        56596 kB
NFS_Unstable:          0 kB
Bounce:                0 kB
WritebackTmp:          0 kB
CommitLimit:     9202296 kB
Committed_AS:   57699624 kB
VmallocTotal:   263061440 kB
VmallocUsed:       99600 kB
VmallocChunk:          0 kB
Percpu:             7616 kB
CmaTotal:         294912 kB
CmaFree:               0 kB
MemTotal:       12113144 kB
MemFree:         6689352 kB
MemAvailable:    8077616 kB
Buffers:            6048 kB
Cached:          1629168 kB
SwapCached:            0 kB
Active:          1502264 kB
Inactive:        1345092 kB
Active(anon):    1219196 kB
Inactive(anon):    21664 kB
Active(file):     283068 kB
Inactive(file):  1323428 kB
Unevictable:        5864 kB
Mlocked:            5864 kB
SwapTotal:       3145724 kB
SwapFree:        3145724 kB
Dirty:               228 kB
Writeback:             0 kB
AnonPages:       1218040 kB
Mapped:           808028 kB
Shmem:             23888 kB
KReclaimable:     650472 kB
Slab:             204580 kB
SReclaimable:      67428 kB
SUnreclaim:       137152 kB
KernelStack:       42656 kB
PageTables:        56632 kB
NFS_Unstable:          0 kB
Bounce:                0 kB
WritebackTmp:          0 kB
CommitLimit:     9202296 kB
Committed_AS:   57692676 kB
VmallocTotal:   263061440 kB
VmallocUsed:       99600 kB
VmallocChunk:          0 kB
Percpu:             7616 kB
CmaTotal:         294912 kB
CmaFree:               0 kB
MemTotal:       12113144 kB
MemFree:         6689184 kB
MemAvailable:    8077448 kB
Buffers:            6048 kB
Cached:          1629172 kB
SwapCached:            0 kB
Active:          1502380 kB
Inactive:        1345096 kB
Active(anon):    1219312 kB
Inactive(anon):    21668 kB
Active(file):     283068 kB
Inactive(file):  1323428 kB
Unevictable:        5864 kB
Mlocked:            5864 kB
SwapTotal:       3145724 kB
SwapFree:        3145724 kB
Dirty:               236 kB
Writeback:             0 kB
AnonPages:       1218048 kB
Mapped:           807788 kB
Shmem:             23892 kB
KReclaimable:     650472 kB
Slab:             204580 kB
SReclaimable:      67428 kB
SUnreclaim:       137152 kB
KernelStack:       42608 kB
PageTables:        56576 kB
NFS_Unstable:          0 kB
Bounce:                0 kB
WritebackTmp:          0 kB
CommitLimit:     9202296 kB
Committed_AS:   57704048 kB
VmallocTotal:   263061440 kB
VmallocUsed:       99632 kB
VmallocChunk:          0 kB
Percpu:             7616 kB
CmaTotal:         294912 kB
CmaFree:               0 kB
MemTotal:       12113144 kB
MemFree:         6687320 kB
MemAvailable:    8075584 kB
Buffers:            6048 kB
Cached:          1629172 kB
SwapCached:            0 kB
Active:          1502388 kB
Inactive:        1345096 kB
Active(anon):    1219320 kB
Inactive(anon):    21668 kB
Active(file):     283068 kB
Inactive(file):  1323428 kB
Unevictable:        5864 kB
Mlocked:            5864 kB
SwapTotal:       3145724 kB
SwapFree:        3145724 kB
Dirty:               236 kB
Writeback:             0 kB
AnonPages:       1218192 kB
Mapped:           807704 kB
Shmem:             23892 kB
KReclaimable:     650472 kB
Slab:             204596 kB
SReclaimable:      67428 kB
SUnreclaim:       137168 kB
KernelStack:       42624 kB
PageTables:        56236 kB
NFS_Unstable:          0 kB
Bounce:                0 kB
WritebackTmp:          0 kB
CommitLimit:     9202296 kB
Committed_AS:   57700392 kB
VmallocTotal:   263061440 kB
VmallocUsed:       99600 kB
VmallocChunk:          0 kB
Percpu:             7616 kB
CmaTotal:         294912 kB
CmaFree:               0 kB
MemTotal:       12113144 kB
MemFree:         6691132 kB
MemAvailable:    8079396 kB
Buffers:            6048 kB
Cached:          1629172 kB
SwapCached:            0 kB
Active:          1499472 kB
Inactive:        1345096 kB
Active(anon):    1216404 kB
Inactive(anon):    21668 kB
Active(file):     283068 kB
Inactive(file):  1323428 kB
Unevictable:        5864 kB
Mlocked:            5864 kB
SwapTotal:       3145724 kB
SwapFree:        3145724 kB
Dirty:               240 kB
Writeback:             0 kB
AnonPages:       1215296 kB
Mapped:           807832 kB
Shmem:             23892 kB
KReclaimable:     650472 kB
Slab:             204588 kB
SReclaimable:      67428 kB
SUnreclaim:       137160 kB
KernelStack:       42672 kB
PageTables:        56544 kB
NFS_Unstable:          0 kB
Bounce:                0 kB
WritebackTmp:          0 kB
CommitLimit:     9202296 kB
Committed_AS:   57699888 kB
VmallocTotal:   263061440 kB
VmallocUsed:       99616 kB
VmallocChunk:          0 kB
Percpu:             7616 kB
CmaTotal:         294912 kB
CmaFree:               0 kB
MemTotal:       12113144 kB
MemFree:         6690900 kB
MemAvailable:    8079164 kB
Buffers:            6048 kB
Cached:          1629172 kB
SwapCached:            0 kB
Active:          1499712 kB
Inactive:        1345096 kB
Active(anon):    1216644 kB
Inactive(anon):    21668 kB
Active(file):     283068 kB
Inactive(file):  1323428 kB
Unevictable:        5864 kB
Mlocked:            5864 kB
SwapTotal:       3145724 kB
SwapFree:        3145724 kB
Dirty:               240 kB
Writeback:             0 kB
AnonPages:       1215532 kB
Mapped:           807960 kB
Shmem:             23892 kB
KReclaimable:     650472 kB
Slab:             204580 kB
SReclaimable:      67428 kB
SUnreclaim:       137152 kB
KernelStack:       42656 kB
PageTables:        56624 kB
NFS_Unstable:          0 kB
Bounce:                0 kB
WritebackTmp:          0 kB
CommitLimit:     9202296 kB
Committed_AS:   57704904 kB
VmallocTotal:   263061440 kB
VmallocUsed:       99568 kB
VmallocChunk:          0 kB
Percpu:             7616 kB
CmaTotal:         294912 kB
CmaFree:               0 kB
MemTotal:       12113144 kB
MemFree:         6690588 kB
MemAvailable:    8078864 kB
Buffers:            6052 kB
Cached:          1629184 kB
SwapCached:            0 kB
Active:          1500488 kB
Inactive:        1345108 kB
Active(anon):    1217416 kB
Inactive(anon):    21672 kB
Active(file):     283072 kB
Inactive(file):  1323436 kB
Unevictable:        5864 kB
Mlocked:            5864 kB
SwapTotal:       3145724 kB
SwapFree:        3145724 kB
Dirty:               220 kB
Writeback:             0 kB
AnonPages:       1216372 kB
Mapped:           808000 kB
Shmem:             23896 kB
KReclaimable:     650472 kB
Slab:             204588 kB
SReclaimable:      67428 kB
SUnreclaim:       137160 kB
KernelStack:       42640 kB
PageTables:        56632 kB
NFS_Unstable:          0 kB
Bounce:                0 kB
WritebackTmp:          0 kB
CommitLimit:     9202296 kB
Committed_AS:   57703280 kB
VmallocTotal:   263061440 kB
VmallocUsed:       99600 kB
VmallocChunk:          0 kB
Percpu:             7616 kB
CmaTotal:         294912 kB
CmaFree:               0 kB
MemTotal:       12113144 kB
MemFree:         6690176 kB
MemAvailable:    8078452 kB
Buffers:            6052 kB
Cached:          1629184 kB
SwapCached:            0 kB
Active:          1499900 kB
Inactive:        1345108 kB
Active(anon):    1216828 kB
Inactive(anon):    21672 kB
Active(file):     283072 kB
Inactive(file):  1323436 kB
Unevictable:        5864 kB
Mlocked:            5864 kB
SwapTotal:       3145724 kB
SwapFree:        3145724 kB
Dirty:               220 kB
Writeback:             0 kB
AnonPages:       1215720 kB
Mapped:           807792 kB
Shmem:             23896 kB
KReclaimable:     650472 kB
Slab:             204588 kB
SReclaimable:      67428 kB
SUnreclaim:       137160 kB
KernelStack:       42608 kB
PageTables:        56588 kB
NFS_Unstable:          0 kB
Bounce:                0 kB
WritebackTmp:          0 kB
CommitLimit:     9202296 kB
Committed_AS:   57696888 kB
VmallocTotal:   263061440 kB
VmallocUsed:       99584 kB
VmallocChunk:          0 kB
Percpu:             7616 kB
CmaTotal:         294912 kB
CmaFree:               0 kB
MemTotal:       12113144 kB
MemFree:         6689876 kB
MemAvailable:    8078152 kB
Buffers:            6052 kB
Cached:          1629184 kB
SwapCached:            0 kB
Active:          1500616 kB
Inactive:        1345108 kB
Active(anon):    1217544 kB
Inactive(anon):    21672 kB
Active(file):     283072 kB
Inactive(file):  1323436 kB
Unevictable:        5864 kB
Mlocked:            5864 kB
SwapTotal:       3145724 kB
SwapFree:        3145724 kB
Dirty:               220 kB
Writeback:             0 kB
AnonPages:       1216540 kB
Mapped:           807792 kB
Shmem:             23896 kB
KReclaimable:     650472 kB
Slab:             204572 kB
SReclaimable:      67428 kB
SUnreclaim:       137144 kB
KernelStack:       42624 kB
PageTables:        56716 kB
NFS_Unstable:          0 kB
Bounce:                0 kB
WritebackTmp:          0 kB
CommitLimit:     9202296 kB
Committed_AS:   57699504 kB
VmallocTotal:   263061440 kB
VmallocUsed:       99632 kB
VmallocChunk:          0 kB
Percpu:             7616 kB
CmaTotal:         294912 kB
CmaFree:               0 kB
MemTotal:       12113144 kB
MemFree:         6689072 kB
MemAvailable:    8077348 kB
Buffers:            6052 kB
Cached:          1629200 kB
SwapCached:            0 kB
Active:          1501048 kB
Inactive:        1345124 kB
Active(anon):    1217976 kB
Inactive(anon):    21688 kB
Active(file):     283072 kB
Inactive(file):  1323436 kB
Unevictable:        5864 kB
Mlocked:            5864 kB
SwapTotal:       3145724 kB
SwapFree:        3145724 kB
Dirty:               220 kB
Writeback:             0 kB
AnonPages:       1216816 kB
Mapped:           808052 kB
Shmem:             23912 kB
KReclaimable:     650472 kB
Slab:             204588 kB
SReclaimable:      67428 kB
SUnreclaim:       137160 kB
KernelStack:       42608 kB
PageTables:        56496 kB
NFS_Unstable:          0 kB
Bounce:                0 kB
WritebackTmp:          0 kB
CommitLimit:     9202296 kB
Committed_AS:   57706300 kB
VmallocTotal:   263061440 kB
VmallocUsed:       99632 kB
VmallocChunk:          0 kB
Percpu:             7616 kB
CmaTotal:         294912 kB
CmaFree:               0 kB
MemTotal:       12113144 kB
MemFree:         6677676 kB
MemAvailable:    8065700 kB
Buffers:            6052 kB
Cached:          1632644 kB
SwapCached:            0 kB
Active:          1511528 kB
Inactive:        1348568 kB
Active(anon):    1228456 kB
Inactive(anon):    25132 kB
Active(file):     283072 kB
Inactive(file):  1323436 kB
Unevictable:        5864 kB
Mlocked:            5864 kB
SwapTotal:       3145724 kB
SwapFree:        3145724 kB
Dirty:               220 kB
Writeback:             0 kB
AnonPages:       1227540 kB
Mapped:           811512 kB
Shmem:             27356 kB
KReclaimable:     650472 kB
Slab:             204580 kB
SReclaimable:      67428 kB
SUnreclaim:       137152 kB
KernelStack:       42592 kB
PageTables:        56616 kB
NFS_Unstable:          0 kB
Bounce:                0 kB
WritebackTmp:          0 kB
CommitLimit:     9202296 kB
Committed_AS:   57722244 kB
VmallocTotal:   263061440 kB
VmallocUsed:       99584 kB
VmallocChunk:          0 kB
Percpu:             7616 kB
CmaTotal:         294912 kB
CmaFree:               0 kB
MemTotal:       12113144 kB
MemFree:         6678564 kB
MemAvailable:    8066840 kB
Buffers:            6052 kB
Cached:          1629200 kB
SwapCached:            0 kB
Active:          1513140 kB
Inactive:        1345124 kB
Active(anon):    1230068 kB
Inactive(anon):    21688 kB
Active(file):     283072 kB
Inactive(file):  1323436 kB
Unevictable:        5864 kB
Mlocked:            5864 kB
SwapTotal:       3145724 kB
SwapFree:        3145724 kB
Dirty:               228 kB
Writeback:             0 kB
AnonPages:       1229004 kB
Mapped:           807812 kB
Shmem:             23912 kB
KReclaimable:     650472 kB
Slab:             204572 kB
SReclaimable:      67428 kB
SUnreclaim:       137144 kB
KernelStack:       42624 kB
PageTables:        56716 kB
NFS_Unstable:          0 kB
Bounce:                0 kB
WritebackTmp:          0 kB
CommitLimit:     9202296 kB
Committed_AS:   57705920 kB
VmallocTotal:   263061440 kB
VmallocUsed:       99616 kB
VmallocChunk:          0 kB
Percpu:             7616 kB
CmaTotal:         294912 kB
CmaFree:               0 kB
MemTotal:       12113144 kB
MemFree:         6677676 kB
MemAvailable:    8065952 kB
Buffers:            6052 kB
Cached:          1629204 kB
SwapCached:            0 kB
Active:          1513524 kB
Inactive:        1345128 kB
Active(anon):    1230452 kB
Inactive(anon):    21692 kB
Active(file):     283072 kB
Inactive(file):  1323436 kB
Unevictable:        5864 kB
Mlocked:            5864 kB
SwapTotal:       3145724 kB
SwapFree:        3145724 kB
Dirty:               228 kB
Writeback:             0 kB
AnonPages:       1229408 kB
Mapped:           807816 kB
Shmem:             23916 kB
KReclaimable:     650472 kB
Slab:             204580 kB
SReclaimable:      67428 kB
SUnreclaim:       137152 kB
KernelStack:       42608 kB
PageTables:        56584 kB
NFS_Unstable:          0 kB
Bounce:                0 kB
WritebackTmp:          0 kB
CommitLimit:     9202296 kB
Committed_AS:   57703456 kB
VmallocTotal:   263061440 kB
VmallocUsed:       99600 kB
VmallocChunk:          0 kB
Percpu:             7616 kB
CmaTotal:         294912 kB
CmaFree:               0 kB
MemTotal:       12113144 kB
MemFree:         6677344 kB
MemAvailable:    8065620 kB
Buffers:            6052 kB
Cached:          1629204 kB
SwapCached:            0 kB
Active:          1513692 kB
Inactive:        1345128 kB
Active(anon):    1230620 kB
Inactive(anon):    21692 kB
Active(file):     283072 kB
Inactive(file):  1323436 kB
Unevictable:        5864 kB
Mlocked:            5864 kB
SwapTotal:       3145724 kB
SwapFree:        3145724 kB
Dirty:               248 kB
Writeback:             0 kB
AnonPages:       1229620 kB
Mapped:           808080 kB
Shmem:             23916 kB
KReclaimable:     650472 kB
Slab:             204580 kB
SReclaimable:      67428 kB
SUnreclaim:       137152 kB
KernelStack:       42592 kB
PageTables:        56672 kB
NFS_Unstable:          0 kB
Bounce:                0 kB
WritebackTmp:          0 kB
CommitLimit:     9202296 kB
Committed_AS:   57708800 kB
VmallocTotal:   263061440 kB
VmallocUsed:       99632 kB
