MemTotal:       12113136 kB
MemFree:         6450068 kB
MemAvailable:    7877936 kB
Buffers:            4720 kB
Cached:          1659640 kB
SwapCached:            0 kB
Active:          1458688 kB
Inactive:        1482740 kB
Active(anon):    1283528 kB
Inactive(anon):    21956 kB
Active(file):     175160 kB
Inactive(file):  1460784 kB
Unevictable:        5508 kB
Mlocked:            5508 kB
SwapTotal:       3145724 kB
SwapFree:        3145724 kB
Dirty:               152 kB
Writeback:             0 kB
AnonPages:       1282760 kB
Mapped:           875676 kB
Shmem:             23964 kB
KReclaimable:     660628 kB
Slab:             224364 kB
SReclaimable:      73932 kB
SUnreclaim:       150432 kB
KernelStack:       50656 kB
PageTables:        68524 kB
NFS_Unstable:          0 kB
Bounce:                0 kB
WritebackTmp:          0 kB
CommitLimit:     9202292 kB
Committed_AS:   76557836 kB
VmallocTotal:   263061440 kB
VmallocUsed:      107696 kB
VmallocChunk:          0 kB
Percpu:             7616 kB
CmaTotal:         294912 kB
CmaFree:               0 kB
MemTotal:       12113136 kB
MemFree:         6448952 kB
MemAvailable:    7877012 kB
Buffers:            4720 kB
Cached:          1659860 kB
SwapCached:            0 kB
Active:          1459804 kB
Inactive:        1482868 kB
Active(anon):    1284552 kB
Inactive(anon):    21984 kB
Active(file):     175252 kB
Inactive(file):  1460884 kB
Unevictable:        5508 kB
Mlocked:            5508 kB
SwapTotal:       3145724 kB
SwapFree:        3145724 kB
Dirty:               208 kB
Writeback:             0 kB
AnonPages:       1283876 kB
Mapped:           875848 kB
Shmem:             23992 kB
KReclaimable:     660628 kB
Slab:             224372 kB
SReclaimable:      73932 kB
SUnreclaim:       150440 kB
KernelStack:       50672 kB
PageTables:        68508 kB
NFS_Unstable:          0 kB
Bounce:                0 kB
WritebackTmp:          0 kB
CommitLimit:     9202292 kB
Committed_AS:   76564552 kB
VmallocTotal:   263061440 kB
VmallocUsed:      107728 kB
VmallocChunk:          0 kB
Percpu:             7616 kB
CmaTotal:         294912 kB
CmaFree:               0 kB
MemTotal:       12113136 kB
MemFree:         6447500 kB
MemAvailable:    7875628 kB
Buffers:            4720 kB
Cached:          1659864 kB
SwapCached:            0 kB
Active:          1460400 kB
Inactive:        1482872 kB
Active(anon):    1285148 kB
Inactive(anon):    21984 kB
Active(file):     175252 kB
Inactive(file):  1460888 kB
Unevictable:        5508 kB
Mlocked:            5508 kB
SwapTotal:       3145724 kB
SwapFree:        3145724 kB
Dirty:               252 kB
Writeback:             0 kB
AnonPages:       1284248 kB
Mapped:           875708 kB
Shmem:             23992 kB
KReclaimable:     660692 kB
Slab:             224436 kB
SReclaimable:      73996 kB
SUnreclaim:       150440 kB
KernelStack:       50704 kB
PageTables:        68628 kB
NFS_Unstable:          0 kB
Bounce:                0 kB
WritebackTmp:          0 kB
CommitLimit:     9202292 kB
Committed_AS:   76557544 kB
VmallocTotal:   263061440 kB
VmallocUsed:      107712 kB
VmallocChunk:          0 kB
Percpu:             7616 kB
CmaTotal:         294912 kB
CmaFree:               0 kB
MemTotal:       12113136 kB
MemFree:         6446828 kB
MemAvailable:    7874968 kB
Buffers:            4720 kB
Cached:          1659876 kB
SwapCached:            0 kB
Active:          1461220 kB
Inactive:        1482872 kB
Active(anon):    1285956 kB
Inactive(anon):    21984 kB
Active(file):     175264 kB
Inactive(file):  1460888 kB
Unevictable:        5508 kB
Mlocked:            5508 kB
SwapTotal:       3145724 kB
SwapFree:        3145724 kB
Dirty:               276 kB
Writeback:             0 kB
AnonPages:       1285028 kB
Mapped:           875692 kB
Shmem:             23992 kB
KReclaimable:     660692 kB
Slab:             224444 kB
SReclaimable:      73996 kB
SUnreclaim:       150448 kB
KernelStack:       50720 kB
PageTables:        68608 kB
NFS_Unstable:          0 kB
Bounce:                0 kB
WritebackTmp:          0 kB
CommitLimit:     9202292 kB
Committed_AS:   76574324 kB
VmallocTotal:   263061440 kB
VmallocUsed:      107744 kB
VmallocChunk:          0 kB
Percpu:             7616 kB
CmaTotal:         294912 kB
CmaFree:               4 kB
MemTotal:       12113136 kB
MemFree:         6452836 kB
MemAvailable:    7880992 kB
Buffers:            4720 kB
Cached:          1659892 kB
SwapCached:            0 kB
Active:          1455808 kB
Inactive:        1482888 kB
Active(anon):    1280544 kB
Inactive(anon):    21984 kB
Active(file):     175264 kB
Inactive(file):  1460904 kB
Unevictable:        5508 kB
Mlocked:            5508 kB
SwapTotal:       3145724 kB
SwapFree:        3145724 kB
Dirty:               296 kB
Writeback:             0 kB
AnonPages:       1279612 kB
Mapped:           875700 kB
Shmem:             23992 kB
KReclaimable:     660692 kB
Slab:             224428 kB
SReclaimable:      73996 kB
SUnreclaim:       150432 kB
KernelStack:       50720 kB
PageTables:        68452 kB
NFS_Unstable:          0 kB
Bounce:                0 kB
WritebackTmp:          0 kB
CommitLimit:     9202292 kB
Committed_AS:   76576916 kB
VmallocTotal:   263061440 kB
VmallocUsed:      107760 kB
VmallocChunk:          0 kB
Percpu:             7616 kB
CmaTotal:         294912 kB
CmaFree:               0 kB
MemTotal:       12113136 kB
MemFree:         6451972 kB
MemAvailable:    7880136 kB
Buffers:            4720 kB
Cached:          1659900 kB
SwapCached:            0 kB
Active:          1456312 kB
Inactive:        1482888 kB
Active(anon):    1281040 kB
Inactive(anon):    21984 kB
Active(file):     175272 kB
Inactive(file):  1460904 kB
Unevictable:        5508 kB
Mlocked:            5508 kB
SwapTotal:       3145724 kB
SwapFree:        3145724 kB
Dirty:               304 kB
Writeback:             0 kB
AnonPages:       1280120 kB
Mapped:           875680 kB
Shmem:             23992 kB
KReclaimable:     660692 kB
Slab:             224436 kB
SReclaimable:      73996 kB
SUnreclaim:       150440 kB
KernelStack:       50720 kB
PageTables:        68560 kB
NFS_Unstable:          0 kB
Bounce:                0 kB
WritebackTmp:          0 kB
CommitLimit:     9202292 kB
Committed_AS:   76571668 kB
VmallocTotal:   263061440 kB
VmallocUsed:      107728 kB
VmallocChunk:          0 kB
Percpu:             7616 kB
CmaTotal:         294912 kB
CmaFree:               0 kB
MemTotal:       12113136 kB
MemFree:         6452280 kB
MemAvailable:    7880456 kB
Buffers:            4720 kB
Cached:          1659916 kB
SwapCached:            0 kB
Active:          1457140 kB
Inactive:        1482892 kB
Active(anon):    1281856 kB
Inactive(anon):    21988 kB
Active(file):     175284 kB
Inactive(file):  1460904 kB
Unevictable:        5508 kB
Mlocked:            5508 kB
SwapTotal:       3145724 kB
SwapFree:        3145724 kB
Dirty:               328 kB
Writeback:             0 kB
AnonPages:       1280908 kB
Mapped:           875704 kB
Shmem:             23996 kB
KReclaimable:     660692 kB
Slab:             224428 kB
SReclaimable:      73996 kB
SUnreclaim:       150432 kB
KernelStack:       50720 kB
PageTables:        68508 kB
NFS_Unstable:          0 kB
Bounce:                0 kB
WritebackTmp:          0 kB
CommitLimit:     9202292 kB
Committed_AS:   76575756 kB
VmallocTotal:   263061440 kB
VmallocUsed:      107760 kB
VmallocChunk:          0 kB
Percpu:             7616 kB
CmaTotal:         294912 kB
CmaFree:               0 kB
MemTotal:       12113136 kB
MemFree:         6449892 kB
MemAvailable:    7878076 kB
Buffers:            4720 kB
Cached:          1659924 kB
SwapCached:            0 kB
Active:          1457732 kB
Inactive:        1482900 kB
Active(anon):    1282448 kB
Inactive(anon):    21988 kB
Active(file):     175284 kB
Inactive(file):  1460912 kB
Unevictable:        5508 kB
Mlocked:            5508 kB
SwapTotal:       3145724 kB
SwapFree:        3145724 kB
Dirty:               336 kB
Writeback:             0 kB
AnonPages:       1281448 kB
Mapped:           875704 kB
Shmem:             23996 kB
KReclaimable:     660692 kB
Slab:             224436 kB
SReclaimable:      73996 kB
SUnreclaim:       150440 kB
KernelStack:       50672 kB
PageTables:        68544 kB
NFS_Unstable:          0 kB
Bounce:                0 kB
WritebackTmp:          0 kB
CommitLimit:     9202292 kB
Committed_AS:   76580020 kB
VmallocTotal:   263061440 kB
VmallocUsed:      107760 kB
VmallocChunk:          0 kB
Percpu:             7616 kB
CmaTotal:         294912 kB
CmaFree:               0 kB
MemTotal:       12113136 kB
MemFree:         6442860 kB
MemAvailable:    7871060 kB
Buffers:            4720 kB
Cached:          1659940 kB
SwapCached:            0 kB
Active:          1467740 kB
Inactive:        1482912 kB
Active(anon):    1292452 kB
Inactive(anon):    21988 kB
Active(file):     175288 kB
Inactive(file):  1460924 kB
Unevictable:        5508 kB
Mlocked:            5508 kB
SwapTotal:       3145724 kB
SwapFree:        3145724 kB
Dirty:               360 kB
Writeback:             0 kB
AnonPages:       1291636 kB
Mapped:           875704 kB
Shmem:             23996 kB
KReclaimable:     660692 kB
Slab:             224444 kB
SReclaimable:      73996 kB
SUnreclaim:       150448 kB
KernelStack:       50688 kB
PageTables:        68540 kB
NFS_Unstable:          0 kB
Bounce:                0 kB
WritebackTmp:          0 kB
CommitLimit:     9202292 kB
Committed_AS:   76579936 kB
VmallocTotal:   263061440 kB
VmallocUsed:      107760 kB
VmallocChunk:          0 kB
Percpu:             7616 kB
CmaTotal:         294912 kB
CmaFree:               0 kB
MemTotal:       12113136 kB
MemFree:         6416220 kB
MemAvailable:    7844436 kB
Buffers:            4720 kB
Cached:          1659960 kB
SwapCached:            0 kB
Active:          1493392 kB
Inactive:        1482900 kB
Active(anon):    1318072 kB
Inactive(anon):    21992 kB
Active(file):     175320 kB
Inactive(file):  1460908 kB
Unevictable:        5508 kB
Mlocked:            5508 kB
SwapTotal:       3145724 kB
SwapFree:        3145724 kB
Dirty:               328 kB
Writeback:             0 kB
AnonPages:       1317044 kB
Mapped:           875708 kB
Shmem:             24000 kB
KReclaimable:     660692 kB
Slab:             224436 kB
SReclaimable:      73996 kB
SUnreclaim:       150440 kB
KernelStack:       50464 kB
PageTables:        68540 kB
NFS_Unstable:          0 kB
Bounce:                0 kB
WritebackTmp:          0 kB
CommitLimit:     9202292 kB
Committed_AS:   76574584 kB
VmallocTotal:   263061440 kB
VmallocUsed:      107616 kB
VmallocChunk:          0 kB
Percpu:             7616 kB
CmaTotal:         294912 kB
CmaFree:               0 kB
MemTotal:       12113136 kB
MemFree:         6412956 kB
MemAvailable:    7841184 kB
Buffers:            4720 kB
Cached:          1659972 kB
SwapCached:            0 kB
Active:          1496484 kB
Inactive:        1482912 kB
Active(anon):    1321164 kB
Inactive(anon):    21992 kB
Active(file):     175320 kB
Inactive(file):  1460920 kB
Unevictable:        5508 kB
Mlocked:            5508 kB
SwapTotal:       3145724 kB
SwapFree:        3145724 kB
Dirty:               372 kB
Writeback:             0 kB
AnonPages:       1320172 kB
Mapped:           875892 kB
Shmem:             24000 kB
KReclaimable:     660692 kB
Slab:             224436 kB
SReclaimable:      73996 kB
SUnreclaim:       150440 kB
KernelStack:       50496 kB
PageTables:        68616 kB
NFS_Unstable:          0 kB
Bounce:                0 kB
WritebackTmp:          0 kB
CommitLimit:     9202292 kB
Committed_AS:   76574528 kB
VmallocTotal:   263061440 kB
VmallocUsed:      107584 kB
VmallocChunk:          0 kB
Percpu:             7616 kB
CmaTotal:         294912 kB
CmaFree:               0 kB
MemTotal:       12113136 kB
MemFree:         6410796 kB
MemAvailable:    7839032 kB
Buffers:            4720 kB
Cached:          1659984 kB
SwapCached:            0 kB
Active:          1497912 kB
Inactive:        1482920 kB
Active(anon):    1322588 kB
Inactive(anon):    21996 kB
Active(file):     175324 kB
Inactive(file):  1460924 kB
Unevictable:        5508 kB
Mlocked:            5508 kB
SwapTotal:       3145724 kB
SwapFree:        3145724 kB
Dirty:               400 kB
Writeback:             0 kB
AnonPages:       1321528 kB
Mapped:           875772 kB
Shmem:             24004 kB
KReclaimable:     660692 kB
Slab:             224444 kB
SReclaimable:      73996 kB
SUnreclaim:       150448 kB
KernelStack:       50448 kB
PageTables:        68536 kB
NFS_Unstable:          0 kB
Bounce:                0 kB
WritebackTmp:          0 kB
CommitLimit:     9202292 kB
Committed_AS:   76580828 kB
VmallocTotal:   263061440 kB
VmallocUsed:      107568 kB
VmallocChunk:          0 kB
Percpu:             7616 kB
CmaTotal:         294912 kB
CmaFree:               0 kB
MemTotal:       12113136 kB
MemFree:         6411816 kB
MemAvailable:    7840084 kB
Buffers:            4720 kB
Cached:          1660016 kB
SwapCached:            0 kB
Active:          1498500 kB
Inactive:        1482944 kB
Active(anon):    1323168 kB
Inactive(anon):    21996 kB
Active(file):     175332 kB
Inactive(file):  1460948 kB
Unevictable:        5508 kB
Mlocked:            5508 kB
SwapTotal:       3145724 kB
SwapFree:        3145724 kB
Dirty:               532 kB
Writeback:             0 kB
AnonPages:       1322408 kB
Mapped:           875792 kB
Shmem:             24004 kB
KReclaimable:     660692 kB
Slab:             224468 kB
SReclaimable:      73996 kB
SUnreclaim:       150472 kB
KernelStack:       50496 kB
PageTables:        68652 kB
NFS_Unstable:          0 kB
Bounce:                0 kB
WritebackTmp:          0 kB
CommitLimit:     9202292 kB
Committed_AS:   76572412 kB
VmallocTotal:   263061440 kB
VmallocUsed:      107552 kB
VmallocChunk:          0 kB
Percpu:             7616 kB
CmaTotal:         294912 kB
CmaFree:               0 kB
MemTotal:       12113136 kB
MemFree:         6410052 kB
MemAvailable:    7838328 kB
Buffers:            4720 kB
Cached:          1660024 kB
SwapCached:            0 kB
Active:          1498956 kB
Inactive:        1482952 kB
Active(anon):    1323624 kB
Inactive(anon):    21996 kB
Active(file):     175332 kB
Inactive(file):  1460956 kB
Unevictable:        5508 kB
Mlocked:            5508 kB
SwapTotal:       3145724 kB
SwapFree:        3145724 kB
Dirty:               560 kB
Writeback:             0 kB
AnonPages:       1322832 kB
Mapped:           875772 kB
Shmem:             24004 kB
KReclaimable:     660692 kB
Slab:             224468 kB
SReclaimable:      73996 kB
SUnreclaim:       150472 kB
KernelStack:       50448 kB
PageTables:        68540 kB
NFS_Unstable:          0 kB
Bounce:                0 kB
WritebackTmp:          0 kB
CommitLimit:     9202292 kB
Committed_AS:   76577164 kB
VmallocTotal:   263061440 kB
VmallocUsed:      107552 kB
VmallocChunk:          0 kB
Percpu:             7616 kB
CmaTotal:         294912 kB
CmaFree:               0 kB
MemTotal:       12113136 kB
MemFree:         6408916 kB
MemAvailable:    7837208 kB
Buffers:            4720 kB
Cached:          1660040 kB
SwapCached:            0 kB
Active:          1499360 kB
Inactive:        1482968 kB
Active(anon):    1324028 kB
Inactive(anon):    21996 kB
Active(file):     175332 kB
Inactive(file):  1460972 kB
Unevictable:        5508 kB
Mlocked:            5508 kB
SwapTotal:       3145724 kB
SwapFree:        3145724 kB
Dirty:               580 kB
Writeback:             0 kB
AnonPages:       1323048 kB
Mapped:           875772 kB
Shmem:             24004 kB
KReclaimable:     660692 kB
Slab:             224468 kB
SReclaimable:      73996 kB
SUnreclaim:       150472 kB
KernelStack:       50384 kB
PageTables:        68524 kB
NFS_Unstable:          0 kB
Bounce:                0 kB
WritebackTmp:          0 kB
CommitLimit:     9202292 kB
Committed_AS:   76582680 kB
VmallocTotal:   263061440 kB
VmallocUsed:      107504 kB
VmallocChunk:          0 kB
Percpu:             7616 kB
CmaTotal:         294912 kB
CmaFree:               0 kB
MemTotal:       12113136 kB
MemFree:         6408628 kB
MemAvailable:    7836932 kB
Buffers:            4720 kB
Cached:          1660052 kB
SwapCached:            0 kB
Active:          1500052 kB
Inactive:        1482980 kB
Active(anon):    1324720 kB
Inactive(anon):    21996 kB
Active(file):     175332 kB
Inactive(file):  1460984 kB
Unevictable:        5508 kB
Mlocked:            5508 kB
SwapTotal:       3145724 kB
SwapFree:        3145724 kB
Dirty:               272 kB
Writeback:             0 kB
AnonPages:       1323664 kB
Mapped:           875772 kB
Shmem:             24004 kB
KReclaimable:     660692 kB
Slab:             224456 kB
SReclaimable:      73996 kB
SUnreclaim:       150460 kB
KernelStack:       50352 kB
PageTables:        68524 kB
NFS_Unstable:          0 kB
Bounce:                0 kB
WritebackTmp:          0 kB
CommitLimit:     9202292 kB
Committed_AS:   76582152 kB
VmallocTotal:   263061440 kB
VmallocUsed:      107456 kB
VmallocChunk:          0 kB
Percpu:             7616 kB
CmaTotal:         294912 kB
CmaFree:               0 kB
MemTotal:       12113136 kB
MemFree:         6406564 kB
MemAvailable:    7834884 kB
Buffers:            4720 kB
Cached:          1660080 kB
SwapCached:            0 kB
Active:          1500792 kB
Inactive:        1483004 kB
Active(anon):    1325456 kB
Inactive(anon):    22008 kB
Active(file):     175336 kB
Inactive(file):  1460996 kB
Unevictable:        5508 kB
Mlocked:            5508 kB
SwapTotal:       3145724 kB
SwapFree:        3145724 kB
Dirty:               332 kB
Writeback:             0 kB
AnonPages:       1324564 kB
Mapped:           875784 kB
Shmem:             24016 kB
KReclaimable:     660692 kB
Slab:             224456 kB
SReclaimable:      73996 kB
SUnreclaim:       150460 kB
KernelStack:       50336 kB
PageTables:        68524 kB
NFS_Unstable:          0 kB
Bounce:                0 kB
WritebackTmp:          0 kB
CommitLimit:     9202292 kB
Committed_AS:   76587240 kB
VmallocTotal:   263061440 kB
VmallocUsed:      107440 kB
VmallocChunk:          0 kB
Percpu:             7616 kB
CmaTotal:         294912 kB
CmaFree:               0 kB
MemTotal:       12113136 kB
MemFree:         6406052 kB
MemAvailable:    7834380 kB
Buffers:            4720 kB
Cached:          1660088 kB
SwapCached:            0 kB
Active:          1501588 kB
Inactive:        1483012 kB
Active(anon):    1326252 kB
Inactive(anon):    22008 kB
Active(file):     175336 kB
Inactive(file):  1461004 kB
Unevictable:        5508 kB
Mlocked:            5508 kB
SwapTotal:       3145724 kB
SwapFree:        3145724 kB
Dirty:               340 kB
Writeback:             0 kB
AnonPages:       1325284 kB
Mapped:           875784 kB
Shmem:             24016 kB
KReclaimable:     660692 kB
Slab:             224464 kB
SReclaimable:      73996 kB
SUnreclaim:       150468 kB
KernelStack:       50336 kB
PageTables:        68528 kB
NFS_Unstable:          0 kB
Bounce:                0 kB
WritebackTmp:          0 kB
CommitLimit:     9202292 kB
Committed_AS:   76583704 kB
VmallocTotal:   263061440 kB
VmallocUsed:      107440 kB
VmallocChunk:          0 kB
Percpu:             7616 kB
CmaTotal:         294912 kB
CmaFree:               0 kB
MemTotal:       12113136 kB
MemFree:         6419400 kB
MemAvailable:    7847760 kB
Buffers:            4724 kB
Cached:          1660140 kB
SwapCached:            0 kB
Active:          1488752 kB
Inactive:        1483064 kB
Active(anon):    1313412 kB
Inactive(anon):    22032 kB
Active(file):     175340 kB
Inactive(file):  1461032 kB
Unevictable:        5508 kB
Mlocked:            5508 kB
SwapTotal:       3145724 kB
SwapFree:        3145724 kB
Dirty:               348 kB
Writeback:             0 kB
AnonPages:       1312540 kB
Mapped:           875808 kB
Shmem:             24040 kB
KReclaimable:     660692 kB
Slab:             224464 kB
SReclaimable:      73996 kB
SUnreclaim:       150468 kB
KernelStack:       50352 kB
PageTables:        68524 kB
NFS_Unstable:          0 kB
Bounce:                0 kB
WritebackTmp:          0 kB
CommitLimit:     9202292 kB
Committed_AS:   76583340 kB
VmallocTotal:   263061440 kB
VmallocUsed:      107424 kB
VmallocChunk:          0 kB
Percpu:             7616 kB
CmaTotal:         294912 kB
CmaFree:             124 kB
MemTotal:       12113136 kB
MemFree:         6418392 kB
MemAvailable:    7846768 kB
Buffers:            4724 kB
Cached:          1660156 kB
SwapCached:            0 kB
Active:          1489272 kB
Inactive:        1483080 kB
Active(anon):    1313932 kB
Inactive(anon):    22032 kB
Active(file):     175340 kB
Inactive(file):  1461048 kB
Unevictable:        5508 kB
Mlocked:            5508 kB
SwapTotal:       3145724 kB
SwapFree:        3145724 kB
Dirty:               364 kB
Writeback:             0 kB
AnonPages:       1312896 kB
Mapped:           875808 kB
Shmem:             24040 kB
KReclaimable:     660692 kB
Slab:             224456 kB
SReclaimable:      73996 kB
SUnreclaim:       150460 kB
KernelStack:       50352 kB
PageTables:        68528 kB
NFS_Unstable:          0 kB
Bounce:                0 kB
WritebackTmp:          0 kB
CommitLimit:     9202292 kB
Committed_AS:   76583588 kB
VmallocTotal:   263061440 kB
VmallocUsed:      107440 kB
VmallocChunk:          0 kB
Percpu:             7616 kB
CmaTotal:         294912 kB
CmaFree:               0 kB
MemTotal:       12113136 kB
MemFree:         6417504 kB
MemAvailable:    7845896 kB
Buffers:            4724 kB
Cached:          1660180 kB
SwapCached:            0 kB
Active:          1490624 kB
Inactive:        1483104 kB
Active(anon):    1315284 kB
Inactive(anon):    22040 kB
Active(file):     175340 kB
Inactive(file):  1461064 kB
Unevictable:        5508 kB
Mlocked:            5508 kB
SwapTotal:       3145724 kB
SwapFree:        3145724 kB
Dirty:               260 kB
Writeback:             0 kB
AnonPages:       1314344 kB
Mapped:           875816 kB
Shmem:             24048 kB
KReclaimable:     660692 kB
Slab:             224464 kB
SReclaimable:      73996 kB
SUnreclaim:       150468 kB
KernelStack:       50304 kB
PageTables:        68512 kB
NFS_Unstable:          0 kB
Bounce:                0 kB
WritebackTmp:          0 kB
CommitLimit:     9202292 kB
Committed_AS:   76583448 kB
VmallocTotal:   263061440 kB
VmallocUsed:      107392 kB
VmallocChunk:          0 kB
Percpu:             7616 kB
CmaTotal:         294912 kB
CmaFree:               4 kB
MemTotal:       12113136 kB
MemFree:         6416524 kB
MemAvailable:    7844924 kB
Buffers:            4724 kB
Cached:          1660188 kB
SwapCached:            0 kB
Active:          1491420 kB
Inactive:        1483112 kB
Active(anon):    1316080 kB
Inactive(anon):    22040 kB
Active(file):     175340 kB
Inactive(file):  1461072 kB
Unevictable:        5508 kB
Mlocked:            5508 kB
SwapTotal:       3145724 kB
SwapFree:        3145724 kB
Dirty:               328 kB
Writeback:             0 kB
AnonPages:       1315052 kB
Mapped:           875816 kB
Shmem:             24048 kB
KReclaimable:     660692 kB
Slab:             224472 kB
SReclaimable:      73996 kB
SUnreclaim:       150476 kB
KernelStack:       50256 kB
PageTables:        68500 kB
NFS_Unstable:          0 kB
Bounce:                0 kB
WritebackTmp:          0 kB
CommitLimit:     9202292 kB
Committed_AS:   76583912 kB
VmallocTotal:   263061440 kB
VmallocUsed:      107376 kB
VmallocChunk:          0 kB
Percpu:             7616 kB
CmaTotal:         294912 kB
CmaFree:               0 kB
MemTotal:       12113136 kB
MemFree:         6416208 kB
MemAvailable:    7844620 kB
Buffers:            4724 kB
Cached:          1660200 kB
SwapCached:            0 kB
Active:          1492148 kB
Inactive:        1483120 kB
Active(anon):    1316804 kB
Inactive(anon):    22040 kB
Active(file):     175344 kB
Inactive(file):  1461080 kB
Unevictable:        5508 kB
Mlocked:            5508 kB
SwapTotal:       3145724 kB
SwapFree:        3145724 kB
Dirty:               340 kB
Writeback:             0 kB
AnonPages:       1315876 kB
Mapped:           875816 kB
Shmem:             24048 kB
KReclaimable:     660692 kB
Slab:             224464 kB
SReclaimable:      73996 kB
SUnreclaim:       150468 kB
KernelStack:       50256 kB
PageTables:        68500 kB
NFS_Unstable:          0 kB
Bounce:                0 kB
WritebackTmp:          0 kB
CommitLimit:     9202292 kB
Committed_AS:   76581712 kB
VmallocTotal:   263061440 kB
VmallocUsed:      107344 kB
VmallocChunk:          0 kB
Percpu:             7616 kB
CmaTotal:         294912 kB
CmaFree:               0 kB
MemTotal:       12113136 kB
MemFree:         6415880 kB
MemAvailable:    7844300 kB
Buffers:            4724 kB
Cached:          1660208 kB
SwapCached:            0 kB
Active:          1492856 kB
Inactive:        1483128 kB
Active(anon):    1317512 kB
Inactive(anon):    22040 kB
Active(file):     175344 kB
Inactive(file):  1461088 kB
Unevictable:        5508 kB
Mlocked:            5508 kB
SwapTotal:       3145724 kB
SwapFree:        3145724 kB
Dirty:               356 kB
Writeback:             0 kB
AnonPages:       1316720 kB
Mapped:           875816 kB
Shmem:             24048 kB
KReclaimable:     660692 kB
Slab:             224464 kB
SReclaimable:      73996 kB
SUnreclaim:       150468 kB
KernelStack:       50288 kB
PageTables:        68516 kB
NFS_Unstable:          0 kB
Bounce:                0 kB
WritebackTmp:          0 kB
CommitLimit:     9202292 kB
Committed_AS:   76584928 kB
VmallocTotal:   263061440 kB
VmallocUsed:      107344 kB
VmallocChunk:          0 kB
Percpu:             7616 kB
CmaTotal:         294912 kB
CmaFree:               0 kB
MemTotal:       12113136 kB
MemFree:         6415872 kB
MemAvailable:    7844312 kB
Buffers:            4724 kB
Cached:          1660236 kB
SwapCached:            0 kB
Active:          1494044 kB
Inactive:        1483152 kB
Active(anon):    1318696 kB
Inactive(anon):    22048 kB
Active(file):     175348 kB
Inactive(file):  1461104 kB
Unevictable:        5508 kB
Mlocked:            5508 kB
SwapTotal:       3145724 kB
SwapFree:        3145724 kB
Dirty:               388 kB
Writeback:             0 kB
AnonPages:       1317752 kB
Mapped:           875824 kB
Shmem:             24056 kB
KReclaimable:     660692 kB
Slab:             224464 kB
SReclaimable:      73996 kB
SUnreclaim:       150468 kB
KernelStack:       50288 kB
PageTables:        68516 kB
NFS_Unstable:          0 kB
Bounce:                0 kB
WritebackTmp:          0 kB
CommitLimit:     9202292 kB
Committed_AS:   76584628 kB
VmallocTotal:   263061440 kB
VmallocUsed:      107344 kB
VmallocChunk:          0 kB
Percpu:             7616 kB
CmaTotal:         294912 kB
CmaFree:               0 kB
MemTotal:       12113136 kB
MemFree:         6415124 kB
MemAvailable:    7843568 kB
Buffers:            4724 kB
Cached:          1660248 kB
SwapCached:            0 kB
Active:          1494300 kB
Inactive:        1483164 kB
Active(anon):    1318952 kB
Inactive(anon):    22056 kB
Active(file):     175348 kB
Inactive(file):  1461108 kB
Unevictable:        5508 kB
Mlocked:            5508 kB
SwapTotal:       3145724 kB
SwapFree:        3145724 kB
Dirty:               396 kB
Writeback:             0 kB
AnonPages:       1317956 kB
Mapped:           875832 kB
Shmem:             24064 kB
KReclaimable:     660692 kB
Slab:             224464 kB
SReclaimable:      73996 kB
SUnreclaim:       150468 kB
KernelStack:       50272 kB
PageTables:        68648 kB
NFS_Unstable:          0 kB
Bounce:                0 kB
WritebackTmp:          0 kB
CommitLimit:     9202292 kB
Committed_AS:   76578216 kB
VmallocTotal:   263061440 kB
VmallocUsed:      107328 kB
VmallocChunk:          0 kB
Percpu:             7616 kB
CmaTotal:         294912 kB
CmaFree:               0 kB
MemTotal:       12113136 kB
MemFree:         6414236 kB
MemAvailable:    7842688 kB
Buffers:            4724 kB
Cached:          1660260 kB
SwapCached:            0 kB
Active:          1494924 kB
Inactive:        1483176 kB
Active(anon):    1319576 kB
Inactive(anon):    22060 kB
Active(file):     175348 kB
Inactive(file):  1461116 kB
Unevictable:        5508 kB
Mlocked:            5508 kB
SwapTotal:       3145724 kB
SwapFree:        3145724 kB
Dirty:               404 kB
Writeback:             0 kB
AnonPages:       1318800 kB
Mapped:           875844 kB
Shmem:             24068 kB
KReclaimable:     660692 kB
Slab:             224464 kB
SReclaimable:      73996 kB
SUnreclaim:       150468 kB
KernelStack:       50304 kB
PageTables:        68620 kB
NFS_Unstable:          0 kB
Bounce:                0 kB
WritebackTmp:          0 kB
CommitLimit:     9202292 kB
Committed_AS:   76573620 kB
VmallocTotal:   263061440 kB
VmallocUsed:      107344 kB
VmallocChunk:          0 kB
Percpu:             7616 kB
CmaTotal:         294912 kB
CmaFree:               0 kB
MemTotal:       12113136 kB
MemFree:         6412788 kB
MemAvailable:    7841256 kB
Buffers:            4724 kB
Cached:          1660276 kB
SwapCached:            0 kB
Active:          1495968 kB
Inactive:        1483192 kB
Active(anon):    1320620 kB
Inactive(anon):    22060 kB
Active(file):     175348 kB
Inactive(file):  1461132 kB
Unevictable:        5508 kB
Mlocked:            5508 kB
SwapTotal:       3145724 kB
SwapFree:        3145724 kB
Dirty:               432 kB
Writeback:             0 kB
AnonPages:       1319620 kB
Mapped:           875836 kB
Shmem:             24068 kB
KReclaimable:     660692 kB
Slab:             224464 kB
SReclaimable:      73996 kB
SUnreclaim:       150468 kB
KernelStack:       50256 kB
PageTables:        68516 kB
NFS_Unstable:          0 kB
Bounce:                0 kB
WritebackTmp:          0 kB
CommitLimit:     9202292 kB
Committed_AS:   76570072 kB
VmallocTotal:   263061440 kB
VmallocUsed:      107328 kB
VmallocChunk:          0 kB
Percpu:             7616 kB
CmaTotal:         294912 kB
CmaFree:               0 kB
MemTotal:       12113136 kB
MemFree:         6410924 kB
MemAvailable:    7839428 kB
Buffers:            4724 kB
Cached:          1660328 kB
SwapCached:            0 kB
Active:          1496792 kB
Inactive:        1483240 kB
Active(anon):    1321440 kB
Inactive(anon):    22076 kB
Active(file):     175352 kB
Inactive(file):  1461164 kB
Unevictable:        5508 kB
Mlocked:            5508 kB
SwapTotal:       3145724 kB
SwapFree:        3145724 kB
Dirty:               480 kB
Writeback:             0 kB
AnonPages:       1320484 kB
Mapped:           875964 kB
Shmem:             24084 kB
KReclaimable:     660692 kB
Slab:             224464 kB
SReclaimable:      73996 kB
SUnreclaim:       150468 kB
KernelStack:       50304 kB
PageTables:        68612 kB
NFS_Unstable:          0 kB
Bounce:                0 kB
WritebackTmp:          0 kB
CommitLimit:     9202292 kB
Committed_AS:   76578288 kB
VmallocTotal:   263061440 kB
VmallocUsed:      107312 kB
VmallocChunk:          0 kB
Percpu:             7616 kB
CmaTotal:         294912 kB
CmaFree:               0 kB
MemTotal:       12113136 kB
MemFree:         6409408 kB
MemAvailable:    7837920 kB
Buffers:            4724 kB
Cached:          1660336 kB
SwapCached:            0 kB
Active:          1497580 kB
Inactive:        1483248 kB
Active(anon):    1322228 kB
Inactive(anon):    22076 kB
Active(file):     175352 kB
Inactive(file):  1461172 kB
Unevictable:        5508 kB
Mlocked:            5508 kB
SwapTotal:       3145724 kB
SwapFree:        3145724 kB
Dirty:               488 kB
Writeback:             0 kB
AnonPages:       1321236 kB
Mapped:           875852 kB
Shmem:             24084 kB
KReclaimable:     660692 kB
Slab:             224472 kB
SReclaimable:      73996 kB
SUnreclaim:       150476 kB
KernelStack:       50256 kB
PageTables:        68516 kB
NFS_Unstable:          0 kB
Bounce:                0 kB
WritebackTmp:          0 kB
CommitLimit:     9202292 kB
Committed_AS:   76573044 kB
VmallocTotal:   263061440 kB
VmallocUsed:      107328 kB
VmallocChunk:          0 kB
Percpu:             7616 kB
CmaTotal:         294912 kB
CmaFree:               0 kB
MemTotal:       12113136 kB
MemFree:         6408908 kB
MemAvailable:    7837428 kB
Buffers:            4724 kB
Cached:          1660344 kB
SwapCached:            0 kB
Active:          1498636 kB
Inactive:        1483256 kB
Active(anon):    1323284 kB
Inactive(anon):    22076 kB
Active(file):     175352 kB
Inactive(file):  1461180 kB
Unevictable:        5508 kB
Mlocked:            5508 kB
SwapTotal:       3145724 kB
SwapFree:        3145724 kB
Dirty:               268 kB
Writeback:             0 kB
AnonPages:       1322524 kB
Mapped:           875852 kB
Shmem:             24084 kB
KReclaimable:     660692 kB
Slab:             224432 kB
SReclaimable:      73996 kB
SUnreclaim:       150436 kB
KernelStack:       50288 kB
PageTables:        68568 kB
NFS_Unstable:          0 kB
Bounce:                0 kB
WritebackTmp:          0 kB
CommitLimit:     9202292 kB
Committed_AS:   76572892 kB
VmallocTotal:   263061440 kB
VmallocUsed:      107328 kB
VmallocChunk:          0 kB
Percpu:             7616 kB
CmaTotal:         294912 kB
CmaFree:               0 kB
MemTotal:       12113136 kB
MemFree:         6408752 kB
MemAvailable:    7837288 kB
Buffers:            4724 kB
Cached:          1660364 kB
SwapCached:            0 kB
Active:          1499080 kB
Inactive:        1483276 kB
Active(anon):    1323728 kB
Inactive(anon):    22080 kB
Active(file):     175352 kB
Inactive(file):  1461196 kB
Unevictable:        5508 kB
Mlocked:            5508 kB
SwapTotal:       3145724 kB
SwapFree:        3145724 kB
Dirty:               296 kB
Writeback:             0 kB
AnonPages:       1322756 kB
Mapped:           875856 kB
Shmem:             24088 kB
KReclaimable:     660692 kB
Slab:             224432 kB
SReclaimable:      73996 kB
SUnreclaim:       150436 kB
KernelStack:       50256 kB
PageTables:        68520 kB
NFS_Unstable:          0 kB
Bounce:                0 kB
WritebackTmp:          0 kB
CommitLimit:     9202292 kB
Committed_AS:   76572768 kB
VmallocTotal:   263061440 kB
VmallocUsed:      107360 kB
VmallocChunk:          0 kB
Percpu:             7616 kB
CmaTotal:         294912 kB
CmaFree:               0 kB
MemTotal:       12113136 kB
MemFree:         6408744 kB
MemAvailable:    7837292 kB
Buffers:            4724 kB
Cached:          1660380 kB
SwapCached:            0 kB
Active:          1499744 kB
Inactive:        1483292 kB
Active(anon):    1324392 kB
Inactive(anon):    22084 kB
Active(file):     175352 kB
Inactive(file):  1461208 kB
Unevictable:        5508 kB
Mlocked:            5508 kB
SwapTotal:       3145724 kB
SwapFree:        3145724 kB
Dirty:               308 kB
Writeback:             0 kB
AnonPages:       1323240 kB
Mapped:           875864 kB
Shmem:             24092 kB
KReclaimable:     660692 kB
Slab:             224440 kB
SReclaimable:      73996 kB
SUnreclaim:       150444 kB
KernelStack:       50304 kB
PageTables:        68608 kB
NFS_Unstable:          0 kB
Bounce:                0 kB
WritebackTmp:          0 kB
CommitLimit:     9202292 kB
Committed_AS:   76572804 kB
VmallocTotal:   263061440 kB
VmallocUsed:      107328 kB
VmallocChunk:          0 kB
Percpu:             7616 kB
CmaTotal:         294912 kB
CmaFree:               0 kB
MemTotal:       12113136 kB
MemFree:         6408272 kB
MemAvailable:    7836832 kB
Buffers:            4724 kB
Cached:          1660392 kB
SwapCached:            0 kB
Active:          1500408 kB
Inactive:        1483304 kB
Active(anon):    1325056 kB
Inactive(anon):    22084 kB
Active(file):     175352 kB
Inactive(file):  1461220 kB
Unevictable:        5508 kB
Mlocked:            5508 kB
SwapTotal:       3145724 kB
SwapFree:        3145724 kB
Dirty:               332 kB
Writeback:             0 kB
AnonPages:       1324036 kB
Mapped:           875860 kB
Shmem:             24092 kB
KReclaimable:     660692 kB
Slab:             224432 kB
SReclaimable:      73996 kB
SUnreclaim:       150436 kB
KernelStack:       50256 kB
PageTables:        68520 kB
NFS_Unstable:          0 kB
Bounce:                0 kB
WritebackTmp:          0 kB
CommitLimit:     9202292 kB
Committed_AS:   76572756 kB
VmallocTotal:   263061440 kB
VmallocUsed:      107344 kB
VmallocChunk:          0 kB
Percpu:             7616 kB
CmaTotal:         294912 kB
CmaFree:               0 kB
MemTotal:       12113136 kB
MemFree:         6407076 kB
MemAvailable:    7835668 kB
Buffers:            4728 kB
Cached:          1660428 kB
SwapCached:            0 kB
Active:          1501052 kB
Inactive:        1483340 kB
Active(anon):    1325696 kB
Inactive(anon):    22092 kB
Active(file):     175356 kB
Inactive(file):  1461248 kB
Unevictable:        5508 kB
Mlocked:            5508 kB
SwapTotal:       3145724 kB
SwapFree:        3145724 kB
Dirty:               356 kB
Writeback:             0 kB
AnonPages:       1324720 kB
Mapped:           875980 kB
Shmem:             24100 kB
KReclaimable:     660692 kB
Slab:             224432 kB
SReclaimable:      73996 kB
SUnreclaim:       150436 kB
KernelStack:       50304 kB
PageTables:        68608 kB
NFS_Unstable:          0 kB
Bounce:                0 kB
WritebackTmp:          0 kB
CommitLimit:     9202292 kB
Committed_AS:   76578364 kB
VmallocTotal:   263061440 kB
VmallocUsed:      107376 kB
VmallocChunk:          0 kB
Percpu:             7616 kB
CmaTotal:         294912 kB
CmaFree:               0 kB
MemTotal:       12113136 kB
MemFree:         6406516 kB
MemAvailable:    7835128 kB
Buffers:            4728 kB
Cached:          1660448 kB
SwapCached:            0 kB
Active:          1501932 kB
Inactive:        1483360 kB
Active(anon):    1326576 kB
Inactive(anon):    22092 kB
Active(file):     175356 kB
Inactive(file):  1461268 kB
Unevictable:        5508 kB
Mlocked:            5508 kB
SwapTotal:       3145724 kB
SwapFree:        3145724 kB
Dirty:               388 kB
Writeback:             0 kB
AnonPages:       1325536 kB
Mapped:           875868 kB
Shmem:             24100 kB
KReclaimable:     660692 kB
Slab:             224432 kB
SReclaimable:      73996 kB
SUnreclaim:       150436 kB
KernelStack:       50256 kB
PageTables:        68516 kB
NFS_Unstable:          0 kB
Bounce:                0 kB
WritebackTmp:          0 kB
CommitLimit:     9202292 kB
Committed_AS:   76578232 kB
VmallocTotal:   263061440 kB
VmallocUsed:      107376 kB
VmallocChunk:          0 kB
Percpu:             7616 kB
CmaTotal:         294912 kB
CmaFree:               0 kB
MemTotal:       12113136 kB
MemFree:         6406468 kB
MemAvailable:    7835084 kB
Buffers:            4728 kB
Cached:          1660452 kB
SwapCached:            0 kB
Active:          1502696 kB
Inactive:        1483364 kB
Active(anon):    1327340 kB
Inactive(anon):    22092 kB
Active(file):     175356 kB
Inactive(file):  1461272 kB
Unevictable:        5508 kB
Mlocked:            5508 kB
SwapTotal:       3145724 kB
SwapFree:        3145724 kB
Dirty:               408 kB
Writeback:             0 kB
AnonPages:       1326276 kB
Mapped:           875996 kB
Shmem:             24100 kB
KReclaimable:     660692 kB
Slab:             224440 kB
SReclaimable:      73996 kB
SUnreclaim:       150444 kB
KernelStack:       50304 kB
PageTables:        68604 kB
NFS_Unstable:          0 kB
Bounce:                0 kB
WritebackTmp:          0 kB
CommitLimit:     9202292 kB
Committed_AS:   76577968 kB
VmallocTotal:   263061440 kB
VmallocUsed:      107328 kB
VmallocChunk:          0 kB
Percpu:             7616 kB
CmaTotal:         294912 kB
CmaFree:               0 kB
MemTotal:       12113136 kB
MemFree:         6404708 kB
MemAvailable:    7833332 kB
Buffers:            4728 kB
Cached:          1660464 kB
SwapCached:            0 kB
Active:          1503216 kB
Inactive:        1483376 kB
Active(anon):    1327860 kB
Inactive(anon):    22096 kB
Active(file):     175356 kB
Inactive(file):  1461280 kB
Unevictable:        5508 kB
Mlocked:            5508 kB
SwapTotal:       3145724 kB
SwapFree:        3145724 kB
Dirty:               416 kB
Writeback:             0 kB
AnonPages:       1326852 kB
Mapped:           875872 kB
Shmem:             24104 kB
KReclaimable:     660692 kB
Slab:             224432 kB
SReclaimable:      73996 kB
SUnreclaim:       150436 kB
KernelStack:       50256 kB
PageTables:        68512 kB
NFS_Unstable:          0 kB
Bounce:                0 kB
WritebackTmp:          0 kB
CommitLimit:     9202292 kB
Committed_AS:   76578424 kB
VmallocTotal:   263061440 kB
VmallocUsed:      107328 kB
VmallocChunk:          0 kB
Percpu:             7616 kB
CmaTotal:         294912 kB
CmaFree:               0 kB
MemTotal:       12113136 kB
MemFree:         6403760 kB
MemAvailable:    7832400 kB
Buffers:            4728 kB
Cached:          1660480 kB
SwapCached:            0 kB
Active:          1503856 kB
Inactive:        1483392 kB
Active(anon):    1328500 kB
Inactive(anon):    22096 kB
Active(file):     175356 kB
Inactive(file):  1461296 kB
Unevictable:        5508 kB
Mlocked:            5508 kB
SwapTotal:       3145724 kB
SwapFree:        3145724 kB
Dirty:               432 kB
Writeback:             0 kB
AnonPages:       1327364 kB
Mapped:           875888 kB
Shmem:             24104 kB
KReclaimable:     660692 kB
Slab:             224440 kB
SReclaimable:      73996 kB
SUnreclaim:       150444 kB
KernelStack:       50304 kB
PageTables:        68600 kB
NFS_Unstable:          0 kB
Bounce:                0 kB
WritebackTmp:          0 kB
CommitLimit:     9202292 kB
Committed_AS:   76583592 kB
VmallocTotal:   263061440 kB
VmallocUsed:      107328 kB
VmallocChunk:          0 kB
Percpu:             7616 kB
CmaTotal:         294912 kB
CmaFree:               0 kB
MemTotal:       12113136 kB
MemFree:         6402808 kB
MemAvailable:    7831456 kB
Buffers:            4728 kB
Cached:          1660488 kB
SwapCached:            0 kB
Active:          1504548 kB
Inactive:        1483392 kB
Active(anon):    1329184 kB
Inactive(anon):    22096 kB
Active(file):     175364 kB
Inactive(file):  1461296 kB
Unevictable:        5508 kB
Mlocked:            5508 kB
SwapTotal:       3145724 kB
SwapFree:        3145724 kB
Dirty:               456 kB
Writeback:             0 kB
AnonPages:       1327996 kB
Mapped:           875872 kB
Shmem:             24104 kB
KReclaimable:     660692 kB
Slab:             224440 kB
SReclaimable:      73996 kB
SUnreclaim:       150444 kB
KernelStack:       50256 kB
PageTables:        68516 kB
NFS_Unstable:          0 kB
Bounce:                0 kB
WritebackTmp:          0 kB
CommitLimit:     9202292 kB
Committed_AS:   76583460 kB
VmallocTotal:   263061440 kB
VmallocUsed:      107328 kB
VmallocChunk:          0 kB
Percpu:             7616 kB
CmaTotal:         294912 kB
CmaFree:               0 kB
MemTotal:       12113136 kB
MemFree:         6402192 kB
MemAvailable:    7830852 kB
Buffers:            4728 kB
Cached:          1660500 kB
SwapCached:            0 kB
Active:          1506080 kB
Inactive:        1483404 kB
Active(anon):    1330716 kB
Inactive(anon):    22096 kB
Active(file):     175364 kB
Inactive(file):  1461308 kB
Unevictable:        5508 kB
Mlocked:            5508 kB
SwapTotal:       3145724 kB
SwapFree:        3145724 kB
Dirty:               468 kB
Writeback:             0 kB
AnonPages:       1329720 kB
Mapped:           875876 kB
Shmem:             24104 kB
KReclaimable:     660692 kB
Slab:             224432 kB
SReclaimable:      73996 kB
SUnreclaim:       150436 kB
KernelStack:       50304 kB
PageTables:        68604 kB
NFS_Unstable:          0 kB
Bounce:                0 kB
WritebackTmp:          0 kB
CommitLimit:     9202292 kB
Committed_AS:   76578636 kB
VmallocTotal:   263061440 kB
VmallocUsed:      107328 kB
VmallocChunk:          0 kB
Percpu:             7616 kB
CmaTotal:         294912 kB
CmaFree:               0 kB
MemTotal:       12113136 kB
MemFree:         6391136 kB
MemAvailable:    7819804 kB
Buffers:            4728 kB
Cached:          1660516 kB
SwapCached:            0 kB
Active:          1518836 kB
Inactive:        1483420 kB
Active(anon):    1343472 kB
Inactive(anon):    22104 kB
Active(file):     175364 kB
Inactive(file):  1461316 kB
Unevictable:        5508 kB
Mlocked:            5508 kB
SwapTotal:       3145724 kB
SwapFree:        3145724 kB
Dirty:               476 kB
Writeback:             0 kB
AnonPages:       1338576 kB
Mapped:           875880 kB
Shmem:             24112 kB
KReclaimable:     660692 kB
Slab:             224432 kB
SReclaimable:      73996 kB
SUnreclaim:       150436 kB
KernelStack:       50256 kB
PageTables:        68512 kB
NFS_Unstable:          0 kB
Bounce:                0 kB
WritebackTmp:          0 kB
CommitLimit:     9202292 kB
Committed_AS:   76579552 kB
VmallocTotal:   263061440 kB
VmallocUsed:      107312 kB
VmallocChunk:          0 kB
Percpu:             7616 kB
CmaTotal:         294912 kB
CmaFree:               0 kB
MemTotal:       12113136 kB
MemFree:         6422048 kB
MemAvailable:    7850740 kB
Buffers:            4728 kB
Cached:          1663752 kB
SwapCached:            0 kB
Active:          1485260 kB
Inactive:        1486656 kB
Active(anon):    1309896 kB
Inactive(anon):    25316 kB
Active(file):     175364 kB
Inactive(file):  1461340 kB
Unevictable:        5508 kB
Mlocked:            5508 kB
SwapTotal:       3145724 kB
SwapFree:        3145724 kB
Dirty:               516 kB
Writeback:             0 kB
AnonPages:       1309088 kB
Mapped:           879096 kB
Shmem:             27324 kB
KReclaimable:     660692 kB
Slab:             224432 kB
SReclaimable:      73996 kB
SUnreclaim:       150436 kB
KernelStack:       50256 kB
PageTables:        68528 kB
NFS_Unstable:          0 kB
Bounce:                0 kB
WritebackTmp:          0 kB
CommitLimit:     9202292 kB
Committed_AS:   76580840 kB
VmallocTotal:   263061440 kB
VmallocUsed:      107264 kB
VmallocChunk:          0 kB
Percpu:             7616 kB
CmaTotal:         294912 kB
CmaFree:               0 kB
MemTotal:       12113136 kB
MemFree:         6417840 kB
MemAvailable:    7846552 kB
Buffers:            4728 kB
Cached:          1660564 kB
SwapCached:            0 kB
Active:          1490196 kB
Inactive:        1483464 kB
Active(anon):    1314828 kB
Inactive(anon):    22108 kB
Active(file):     175368 kB
Inactive(file):  1461356 kB
Unevictable:        5508 kB
Mlocked:            5508 kB
SwapTotal:       3145724 kB
SwapFree:        3145724 kB
Dirty:               552 kB
Writeback:             0 kB
AnonPages:       1313808 kB
Mapped:           875884 kB
Shmem:             24116 kB
KReclaimable:     660692 kB
Slab:             224432 kB
SReclaimable:      73996 kB
SUnreclaim:       150436 kB
KernelStack:       50256 kB
PageTables:        68512 kB
NFS_Unstable:          0 kB
Bounce:                0 kB
WritebackTmp:          0 kB
CommitLimit:     9202292 kB
Committed_AS:   76590280 kB
VmallocTotal:   263061440 kB
VmallocUsed:      107328 kB
VmallocChunk:          0 kB
Percpu:             7616 kB
CmaTotal:         294912 kB
CmaFree:               0 kB
MemTotal:       12113136 kB
MemFree:         6416976 kB
MemAvailable:    7845708 kB
Buffers:            4728 kB
Cached:          1660584 kB
SwapCached:            0 kB
Active:          1490520 kB
Inactive:        1483476 kB
Active(anon):    1315144 kB
Inactive(anon):    22108 kB
Active(file):     175376 kB
Inactive(file):  1461368 kB
Unevictable:        5508 kB
Mlocked:            5508 kB
SwapTotal:       3145724 kB
SwapFree:        3145724 kB
Dirty:               572 kB
Writeback:             0 kB
AnonPages:       1314192 kB
Mapped:           875996 kB
Shmem:             24116 kB
KReclaimable:     660692 kB
Slab:             224440 kB
SReclaimable:      73996 kB
SUnreclaim:       150444 kB
KernelStack:       50304 kB
PageTables:        68620 kB
NFS_Unstable:          0 kB
Bounce:                0 kB
WritebackTmp:          0 kB
CommitLimit:     9202292 kB
Committed_AS:   76581500 kB
VmallocTotal:   263061440 kB
VmallocUsed:      107312 kB
VmallocChunk:          0 kB
Percpu:             7616 kB
CmaTotal:         294912 kB
CmaFree:               0 kB
MemTotal:       12113136 kB
MemFree:         6434652 kB
MemAvailable:    7863388 kB
Buffers:            4728 kB
Cached:          1660612 kB
SwapCached:            0 kB
Active:          1472700 kB
Inactive:        1483504 kB
Active(anon):    1297324 kB
Inactive(anon):    22132 kB
Active(file):     175376 kB
Inactive(file):  1461372 kB
Unevictable:        5508 kB
Mlocked:            5508 kB
SwapTotal:       3145724 kB
SwapFree:        3145724 kB
Dirty:               556 kB
Writeback:             0 kB
AnonPages:       1296352 kB
Mapped:           875908 kB
Shmem:             24140 kB
KReclaimable:     660692 kB
Slab:             224440 kB
SReclaimable:      73996 kB
SUnreclaim:       150444 kB
KernelStack:       50256 kB
PageTables:        68524 kB
NFS_Unstable:          0 kB
Bounce:                0 kB
WritebackTmp:          0 kB
CommitLimit:     9202292 kB
Committed_AS:   76581488 kB
VmallocTotal:   263061440 kB
VmallocUsed:      107312 kB
VmallocChunk:          0 kB
Percpu:             7616 kB
CmaTotal:         294912 kB
CmaFree:               0 kB
MemTotal:       12113136 kB
MemFree:         6433728 kB
MemAvailable:    7862472 kB
Buffers:            4728 kB
Cached:          1660632 kB
SwapCached:            0 kB
Active:          1473408 kB
Inactive:        1483524 kB
Active(anon):    1298032 kB
Inactive(anon):    22144 kB
Active(file):     175376 kB
Inactive(file):  1461380 kB
Unevictable:        5508 kB
Mlocked:            5508 kB
SwapTotal:       3145724 kB
SwapFree:        3145724 kB
Dirty:               568 kB
Writeback:             0 kB
AnonPages:       1297284 kB
Mapped:           875920 kB
Shmem:             24152 kB
KReclaimable:     660692 kB
Slab:             224440 kB
SReclaimable:      73996 kB
SUnreclaim:       150444 kB
KernelStack:       50304 kB
PageTables:        68640 kB
NFS_Unstable:          0 kB
Bounce:                0 kB
WritebackTmp:          0 kB
CommitLimit:     9202292 kB
Committed_AS:   76587064 kB
VmallocTotal:   263061440 kB
VmallocUsed:      107328 kB
VmallocChunk:          0 kB
Percpu:             7616 kB
CmaTotal:         294912 kB
CmaFree:               0 kB
MemTotal:       12113136 kB
MemFree:         6432624 kB
MemAvailable:    7861380 kB
Buffers:            4728 kB
Cached:          1660644 kB
SwapCached:            0 kB
Active:          1474220 kB
Inactive:        1483536 kB
Active(anon):    1298844 kB
Inactive(anon):    22144 kB
Active(file):     175376 kB
Inactive(file):  1461392 kB
Unevictable:        5508 kB
Mlocked:            5508 kB
SwapTotal:       3145724 kB
SwapFree:        3145724 kB
Dirty:               580 kB
Writeback:             0 kB
AnonPages:       1297788 kB
Mapped:           875920 kB
Shmem:             24152 kB
KReclaimable:     660692 kB
Slab:             224440 kB
SReclaimable:      73996 kB
SUnreclaim:       150444 kB
KernelStack:       50256 kB
PageTables:        68524 kB
NFS_Unstable:          0 kB
Bounce:                0 kB
WritebackTmp:          0 kB
CommitLimit:     9202292 kB
Committed_AS:   76586796 kB
VmallocTotal:   263061440 kB
VmallocUsed:      107312 kB
VmallocChunk:          0 kB
Percpu:             7616 kB
CmaTotal:         294912 kB
CmaFree:               0 kB
MemTotal:       12113136 kB
MemFree:         6432444 kB
MemAvailable:    7861208 kB
Buffers:            4728 kB
Cached:          1660652 kB
SwapCached:            0 kB
Active:          1474768 kB
Inactive:        1483544 kB
Active(anon):    1299392 kB
Inactive(anon):    22144 kB
Active(file):     175376 kB
Inactive(file):  1461400 kB
Unevictable:        5508 kB
Mlocked:            5508 kB
SwapTotal:       3145724 kB
SwapFree:        3145724 kB
Dirty:               600 kB
Writeback:             0 kB
AnonPages:       1298600 kB
Mapped:           875924 kB
Shmem:             24152 kB
KReclaimable:     660692 kB
Slab:             224440 kB
SReclaimable:      73996 kB
SUnreclaim:       150444 kB
KernelStack:       50304 kB
PageTables:        68628 kB
NFS_Unstable:          0 kB
Bounce:                0 kB
WritebackTmp:          0 kB
CommitLimit:     9202292 kB
Committed_AS:   76586836 kB
VmallocTotal:   263061440 kB
VmallocUsed:      107312 kB
VmallocChunk:          0 kB
Percpu:             7616 kB
CmaTotal:         294912 kB
CmaFree:               0 kB
MemTotal:       12113136 kB
MemFree:         6431652 kB
MemAvailable:    7860452 kB
Buffers:            4732 kB
Cached:          1660688 kB
SwapCached:            0 kB
Active:          1475496 kB
Inactive:        1483580 kB
Active(anon):    1300116 kB
Inactive(anon):    22148 kB
Active(file):     175380 kB
Inactive(file):  1461432 kB
Unevictable:        5508 kB
Mlocked:            5508 kB
SwapTotal:       3145724 kB
SwapFree:        3145724 kB
Dirty:               624 kB
Writeback:             0 kB
AnonPages:       1299116 kB
Mapped:           875924 kB
Shmem:             24156 kB
KReclaimable:     660692 kB
Slab:             224440 kB
SReclaimable:      73996 kB
SUnreclaim:       150444 kB
KernelStack:       50272 kB
PageTables:        68524 kB
NFS_Unstable:          0 kB
Bounce:                0 kB
WritebackTmp:          0 kB
CommitLimit:     9202292 kB
Committed_AS:   76586792 kB
VmallocTotal:   263061440 kB
VmallocUsed:      107312 kB
VmallocChunk:          0 kB
Percpu:             7616 kB
CmaTotal:         294912 kB
CmaFree:               0 kB
MemTotal:       12113136 kB
MemFree:         6431028 kB
MemAvailable:    7859844 kB
Buffers:            4732 kB
Cached:          1660712 kB
SwapCached:            0 kB
Active:          1477004 kB
Inactive:        1483604 kB
Active(anon):    1301624 kB
Inactive(anon):    22156 kB
Active(file):     175380 kB
Inactive(file):  1461448 kB
Unevictable:        5508 kB
Mlocked:            5508 kB
SwapTotal:       3145724 kB
SwapFree:        3145724 kB
Dirty:               644 kB
Writeback:             0 kB
AnonPages:       1300684 kB
Mapped:           875932 kB
Shmem:             24164 kB
KReclaimable:     660692 kB
Slab:             224440 kB
SReclaimable:      73996 kB
SUnreclaim:       150444 kB
KernelStack:       50272 kB
PageTables:        68520 kB
NFS_Unstable:          0 kB
Bounce:                0 kB
WritebackTmp:          0 kB
CommitLimit:     9202292 kB
Committed_AS:   76587112 kB
VmallocTotal:   263061440 kB
VmallocUsed:      107360 kB
VmallocChunk:          0 kB
Percpu:             7616 kB
CmaTotal:         294912 kB
CmaFree:               0 kB
MemTotal:       12113136 kB
MemFree:         6431316 kB
MemAvailable:    7860140 kB
Buffers:            4732 kB
Cached:          1660724 kB
SwapCached:            0 kB
Active:          1477252 kB
Inactive:        1483616 kB
Active(anon):    1301872 kB
Inactive(anon):    22160 kB
Active(file):     175380 kB
Inactive(file):  1461456 kB
Unevictable:        5508 kB
Mlocked:            5508 kB
SwapTotal:       3145724 kB
SwapFree:        3145724 kB
Dirty:               668 kB
Writeback:             0 kB
AnonPages:       1300852 kB
Mapped:           875936 kB
Shmem:             24168 kB
KReclaimable:     660692 kB
Slab:             224440 kB
SReclaimable:      73996 kB
SUnreclaim:       150444 kB
KernelStack:       50272 kB
PageTables:        68520 kB
NFS_Unstable:          0 kB
Bounce:                0 kB
WritebackTmp:          0 kB
CommitLimit:     9202292 kB
Committed_AS:   76586224 kB
VmallocTotal:   263061440 kB
VmallocUsed:      107328 kB
VmallocChunk:          0 kB
Percpu:             7616 kB
CmaTotal:         294912 kB
CmaFree:               0 kB
MemTotal:       12113136 kB
MemFree:         6444492 kB
MemAvailable:    7873320 kB
Buffers:            4732 kB
Cached:          1660732 kB
SwapCached:            0 kB
Active:          1463988 kB
Inactive:        1483624 kB
Active(anon):    1288608 kB
Inactive(anon):    22164 kB
Active(file):     175380 kB
Inactive(file):  1461460 kB
Unevictable:        5508 kB
Mlocked:            5508 kB
SwapTotal:       3145724 kB
SwapFree:        3145724 kB
Dirty:               672 kB
Writeback:             0 kB
AnonPages:       1287596 kB
Mapped:           875960 kB
Shmem:             24172 kB
KReclaimable:     660692 kB
Slab:             224440 kB
SReclaimable:      73996 kB
SUnreclaim:       150444 kB
KernelStack:       50320 kB
PageTables:        68600 kB
NFS_Unstable:          0 kB
Bounce:                0 kB
WritebackTmp:          0 kB
CommitLimit:     9202292 kB
Committed_AS:   76583548 kB
VmallocTotal:   263061440 kB
VmallocUsed:      107328 kB
VmallocChunk:          0 kB
Percpu:             7616 kB
CmaTotal:         294912 kB
CmaFree:               0 kB
MemTotal:       12113136 kB
MemFree:         6443856 kB
MemAvailable:    7872704 kB
Buffers:            4732 kB
Cached:          1660752 kB
SwapCached:            0 kB
Active:          1464556 kB
Inactive:        1483644 kB
Active(anon):    1289176 kB
Inactive(anon):    22164 kB
Active(file):     175380 kB
Inactive(file):  1461480 kB
Unevictable:        5508 kB
Mlocked:            5508 kB
SwapTotal:       3145724 kB
SwapFree:        3145724 kB
Dirty:               692 kB
Writeback:             0 kB
AnonPages:       1288116 kB
Mapped:           875940 kB
Shmem:             24172 kB
KReclaimable:     660692 kB
Slab:             224440 kB
SReclaimable:      73996 kB
SUnreclaim:       150444 kB
KernelStack:       50272 kB
PageTables:        68520 kB
NFS_Unstable:          0 kB
Bounce:                0 kB
WritebackTmp:          0 kB
CommitLimit:     9202292 kB
Committed_AS:   76582864 kB
VmallocTotal:   263061440 kB
VmallocUsed:      107328 kB
VmallocChunk:          0 kB
Percpu:             7616 kB
CmaTotal:         294912 kB
CmaFree:               0 kB
MemTotal:       12113136 kB
MemFree:         6443192 kB
MemAvailable:    7872052 kB
Buffers:            4732 kB
Cached:          1660764 kB
SwapCached:            0 kB
Active:          1465240 kB
Inactive:        1483656 kB
Active(anon):    1289860 kB
Inactive(anon):    22164 kB
Active(file):     175380 kB
Inactive(file):  1461492 kB
Unevictable:        5508 kB
Mlocked:            5508 kB
SwapTotal:       3145724 kB
SwapFree:        3145724 kB
Dirty:               716 kB
Writeback:             0 kB
AnonPages:       1288932 kB
Mapped:           875940 kB
Shmem:             24172 kB
KReclaimable:     660692 kB
Slab:             224440 kB
SReclaimable:      73996 kB
SUnreclaim:       150444 kB
KernelStack:       50272 kB
PageTables:        68520 kB
NFS_Unstable:          0 kB
Bounce:                0 kB
WritebackTmp:          0 kB
CommitLimit:     9202292 kB
Committed_AS:   76582516 kB
VmallocTotal:   263061440 kB
VmallocUsed:      107344 kB
VmallocChunk:          0 kB
Percpu:             7616 kB
CmaTotal:         294912 kB
CmaFree:               0 kB
MemTotal:       12113136 kB
MemFree:         6442668 kB
MemAvailable:    7871532 kB
Buffers:            4732 kB
Cached:          1660768 kB
SwapCached:            0 kB
Active:          1466408 kB
Inactive:        1483656 kB
Active(anon):    1291024 kB
Inactive(anon):    22164 kB
Active(file):     175384 kB
Inactive(file):  1461492 kB
Unevictable:        5508 kB
Mlocked:            5508 kB
SwapTotal:       3145724 kB
SwapFree:        3145724 kB
Dirty:               740 kB
Writeback:             0 kB
AnonPages:       1289952 kB
Mapped:           875940 kB
Shmem:             24172 kB
KReclaimable:     660692 kB
Slab:             224440 kB
SReclaimable:      73996 kB
SUnreclaim:       150444 kB
KernelStack:       50288 kB
PageTables:        68484 kB
NFS_Unstable:          0 kB
Bounce:                0 kB
WritebackTmp:          0 kB
CommitLimit:     9202292 kB
Committed_AS:   76577644 kB
VmallocTotal:   263061440 kB
VmallocUsed:      107328 kB
VmallocChunk:          0 kB
Percpu:             7616 kB
CmaTotal:         294912 kB
CmaFree:               0 kB
MemTotal:       12113136 kB
MemFree:         6441440 kB
MemAvailable:    7870324 kB
Buffers:            4732 kB
Cached:          1660792 kB
SwapCached:            0 kB
Active:          1467288 kB
Inactive:        1483680 kB
Active(anon):    1291904 kB
Inactive(anon):    22168 kB
Active(file):     175384 kB
Inactive(file):  1461512 kB
Unevictable:        5508 kB
Mlocked:            5508 kB
SwapTotal:       3145724 kB
SwapFree:        3145724 kB
Dirty:               764 kB
Writeback:             0 kB
AnonPages:       1290720 kB
Mapped:           875948 kB
Shmem:             24176 kB
KReclaimable:     660692 kB
Slab:             224436 kB
SReclaimable:      73996 kB
SUnreclaim:       150440 kB
KernelStack:       50320 kB
PageTables:        68612 kB
NFS_Unstable:          0 kB
Bounce:                0 kB
WritebackTmp:          0 kB
CommitLimit:     9202292 kB
Committed_AS:   76582336 kB
VmallocTotal:   263061440 kB
VmallocUsed:      107344 kB
VmallocChunk:          0 kB
Percpu:             7616 kB
CmaTotal:         294912 kB
CmaFree:               0 kB
MemTotal:       12113136 kB
MemFree:         6440040 kB
MemAvailable:    7868932 kB
Buffers:            4732 kB
Cached:          1660800 kB
SwapCached:            0 kB
Active:          1467600 kB
Inactive:        1483688 kB
Active(anon):    1292216 kB
Inactive(anon):    22168 kB
Active(file):     175384 kB
Inactive(file):  1461520 kB
Unevictable:        5508 kB
Mlocked:            5508 kB
SwapTotal:       3145724 kB
SwapFree:        3145724 kB
Dirty:               788 kB
Writeback:             0 kB
AnonPages:       1291212 kB
Mapped:           875944 kB
Shmem:             24176 kB
KReclaimable:     660692 kB
Slab:             224436 kB
SReclaimable:      73996 kB
SUnreclaim:       150440 kB
KernelStack:       50272 kB
PageTables:        68520 kB
NFS_Unstable:          0 kB
Bounce:                0 kB
WritebackTmp:          0 kB
CommitLimit:     9202292 kB
Committed_AS:   76577944 kB
VmallocTotal:   263061440 kB
VmallocUsed:      107360 kB
VmallocChunk:          0 kB
Percpu:             7616 kB
CmaTotal:         294912 kB
CmaFree:               0 kB
MemTotal:       12113136 kB
MemFree:         6440828 kB
MemAvailable:    7869760 kB
Buffers:            4732 kB
Cached:          1660840 kB
SwapCached:            0 kB
Active:          1468276 kB
Inactive:        1483728 kB
Active(anon):    1292892 kB
Inactive(anon):    22168 kB
Active(file):     175384 kB
Inactive(file):  1461560 kB
Unevictable:        5508 kB
Mlocked:            5508 kB
SwapTotal:       3145724 kB
SwapFree:        3145724 kB
Dirty:               840 kB
Writeback:             0 kB
AnonPages:       1291996 kB
Mapped:           875944 kB
Shmem:             24176 kB
KReclaimable:     660692 kB
Slab:             224432 kB
SReclaimable:      73996 kB
SUnreclaim:       150436 kB
KernelStack:       50304 kB
PageTables:        68576 kB
NFS_Unstable:          0 kB
Bounce:                0 kB
WritebackTmp:          0 kB
CommitLimit:     9202292 kB
Committed_AS:   76577924 kB
VmallocTotal:   263061440 kB
VmallocUsed:      107328 kB
VmallocChunk:          0 kB
Percpu:             7616 kB
CmaTotal:         294912 kB
CmaFree:               0 kB
MemTotal:       12113136 kB
MemFree:         6438960 kB
MemAvailable:    7867896 kB
Buffers:            4732 kB
Cached:          1660844 kB
SwapCached:            0 kB
Active:          1468880 kB
Inactive:        1483732 kB
Active(anon):    1293496 kB
Inactive(anon):    22168 kB
Active(file):     175384 kB
Inactive(file):  1461564 kB
Unevictable:        5508 kB
Mlocked:            5508 kB
SwapTotal:       3145724 kB
SwapFree:        3145724 kB
Dirty:               848 kB
Writeback:             0 kB
AnonPages:       1292480 kB
Mapped:           875944 kB
Shmem:             24176 kB
KReclaimable:     660692 kB
Slab:             224432 kB
SReclaimable:      73996 kB
SUnreclaim:       150436 kB
KernelStack:       50272 kB
PageTables:        68524 kB
NFS_Unstable:          0 kB
Bounce:                0 kB
WritebackTmp:          0 kB
CommitLimit:     9202292 kB
Committed_AS:   76582576 kB
VmallocTotal:   263061440 kB
VmallocUsed:      107360 kB
VmallocChunk:          0 kB
Percpu:             7616 kB
CmaTotal:         294912 kB
CmaFree:               0 kB
MemTotal:       12113136 kB
MemFree:         6438184 kB
MemAvailable:    7867128 kB
Buffers:            4732 kB
Cached:          1660872 kB
SwapCached:            0 kB
Active:          1470424 kB
Inactive:        1483760 kB
Active(anon):    1295040 kB
Inactive(anon):    22188 kB
Active(file):     175384 kB
Inactive(file):  1461572 kB
Unevictable:        5508 kB
Mlocked:            5508 kB
SwapTotal:       3145724 kB
SwapFree:        3145724 kB
Dirty:               636 kB
Writeback:             0 kB
AnonPages:       1294016 kB
Mapped:           875968 kB
Shmem:             24196 kB
KReclaimable:     660692 kB
Slab:             224436 kB
SReclaimable:      73996 kB
SUnreclaim:       150440 kB
KernelStack:       50304 kB
PageTables:        68584 kB
NFS_Unstable:          0 kB
Bounce:                0 kB
WritebackTmp:          0 kB
CommitLimit:     9202292 kB
Committed_AS:   76575584 kB
VmallocTotal:   263061440 kB
VmallocUsed:      107392 kB
VmallocChunk:          0 kB
Percpu:             7616 kB
CmaTotal:         294912 kB
CmaFree:               0 kB
MemTotal:       12113136 kB
MemFree:         6437656 kB
MemAvailable:    7866612 kB
Buffers:            4732 kB
Cached:          1660884 kB
SwapCached:            0 kB
Active:          1470892 kB
Inactive:        1483772 kB
Active(anon):    1295508 kB
Inactive(anon):    22188 kB
Active(file):     175384 kB
Inactive(file):  1461584 kB
Unevictable:        5508 kB
Mlocked:            5508 kB
SwapTotal:       3145724 kB
SwapFree:        3145724 kB
Dirty:               664 kB
Writeback:             0 kB
AnonPages:       1294492 kB
Mapped:           875964 kB
Shmem:             24196 kB
KReclaimable:     660692 kB
Slab:             224436 kB
SReclaimable:      73996 kB
SUnreclaim:       150440 kB
KernelStack:       50288 kB
PageTables:        68496 kB
NFS_Unstable:          0 kB
Bounce:                0 kB
WritebackTmp:          0 kB
CommitLimit:     9202292 kB
Committed_AS:   76579324 kB
VmallocTotal:   263061440 kB
VmallocUsed:      107360 kB
VmallocChunk:          0 kB
Percpu:             7616 kB
CmaTotal:         294912 kB
CmaFree:               0 kB
MemTotal:       12113136 kB
MemFree:         6435888 kB
MemAvailable:    7864856 kB
Buffers:            4732 kB
Cached:          1660896 kB
SwapCached:            0 kB
Active:          1471724 kB
Inactive:        1483692 kB
Active(anon):    1296248 kB
Inactive(anon):    22188 kB
Active(file):     175476 kB
Inactive(file):  1461504 kB
Unevictable:        5508 kB
Mlocked:            5508 kB
SwapTotal:       3145724 kB
SwapFree:        3145724 kB
Dirty:               716 kB
Writeback:             0 kB
AnonPages:       1295300 kB
Mapped:           875964 kB
Shmem:             24196 kB
KReclaimable:     660692 kB
Slab:             224428 kB
SReclaimable:      73996 kB
SUnreclaim:       150432 kB
KernelStack:       50288 kB
PageTables:        68504 kB
NFS_Unstable:          0 kB
Bounce:                0 kB
WritebackTmp:          0 kB
CommitLimit:     9202292 kB
Committed_AS:   76582124 kB
VmallocTotal:   263061440 kB
VmallocUsed:      107328 kB
VmallocChunk:          0 kB
Percpu:             7616 kB
CmaTotal:         294912 kB
CmaFree:               0 kB
MemTotal:       12113136 kB
MemFree:         6434304 kB
MemAvailable:    7863288 kB
Buffers:            4732 kB
Cached:          1660912 kB
SwapCached:            0 kB
Active:          1472576 kB
Inactive:        1483708 kB
Active(anon):    1297100 kB
Inactive(anon):    22188 kB
Active(file):     175476 kB
Inactive(file):  1461520 kB
Unevictable:        5508 kB
Mlocked:            5508 kB
SwapTotal:       3145724 kB
SwapFree:        3145724 kB
Dirty:               748 kB
Writeback:             0 kB
AnonPages:       1296168 kB
Mapped:           875964 kB
Shmem:             24196 kB
KReclaimable:     660692 kB
Slab:             224432 kB
SReclaimable:      73996 kB
SUnreclaim:       150436 kB
KernelStack:       50272 kB
PageTables:        68520 kB
NFS_Unstable:          0 kB
Bounce:                0 kB
WritebackTmp:          0 kB
CommitLimit:     9202292 kB
Committed_AS:   76578736 kB
VmallocTotal:   263061440 kB
VmallocUsed:      107360 kB
VmallocChunk:          0 kB
Percpu:             7616 kB
CmaTotal:         294912 kB
CmaFree:               0 kB
MemTotal:       12113136 kB
MemFree:         6435128 kB
MemAvailable:    7864144 kB
Buffers:            4736 kB
Cached:          1660940 kB
SwapCached:            0 kB
Active:          1472840 kB
Inactive:        1483736 kB
Active(anon):    1297360 kB
Inactive(anon):    22188 kB
Active(file):     175480 kB
Inactive(file):  1461548 kB
Unevictable:        5508 kB
Mlocked:            5508 kB
SwapTotal:       3145724 kB
SwapFree:        3145724 kB
Dirty:               732 kB
Writeback:             0 kB
AnonPages:       1296448 kB
Mapped:           875964 kB
Shmem:             24196 kB
KReclaimable:     660692 kB
Slab:             224436 kB
SReclaimable:      73996 kB
SUnreclaim:       150440 kB
KernelStack:       50272 kB
PageTables:        68524 kB
NFS_Unstable:          0 kB
Bounce:                0 kB
WritebackTmp:          0 kB
CommitLimit:     9202292 kB
Committed_AS:   76576828 kB
VmallocTotal:   263061440 kB
VmallocUsed:      107376 kB
VmallocChunk:          0 kB
Percpu:             7616 kB
CmaTotal:         294912 kB
CmaFree:               0 kB
MemTotal:       12113136 kB
MemFree:         6438316 kB
MemAvailable:    7867340 kB
Buffers:            4736 kB
Cached:          1660952 kB
SwapCached:            0 kB
Active:          1470004 kB
Inactive:        1483748 kB
Active(anon):    1294524 kB
Inactive(anon):    22192 kB
Active(file):     175480 kB
Inactive(file):  1461556 kB
Unevictable:        5508 kB
Mlocked:            5508 kB
SwapTotal:       3145724 kB
SwapFree:        3145724 kB
Dirty:               252 kB
Writeback:             0 kB
AnonPages:       1293464 kB
Mapped:           875968 kB
Shmem:             24200 kB
KReclaimable:     660692 kB
Slab:             224416 kB
SReclaimable:      73996 kB
SUnreclaim:       150420 kB
KernelStack:       50272 kB
PageTables:        68532 kB
NFS_Unstable:          0 kB
Bounce:                0 kB
WritebackTmp:          0 kB
CommitLimit:     9202292 kB
Committed_AS:   76582892 kB
VmallocTotal:   263061440 kB
VmallocUsed:      107392 kB
VmallocChunk:          0 kB
Percpu:             7616 kB
CmaTotal:         294912 kB
CmaFree:               0 kB
MemTotal:       12113136 kB
MemFree:         6437912 kB
MemAvailable:    7866952 kB
Buffers:            4736 kB
Cached:          1660972 kB
SwapCached:            0 kB
Active:          1470744 kB
Inactive:        1483768 kB
Active(anon):    1295264 kB
Inactive(anon):    22196 kB
Active(file):     175480 kB
Inactive(file):  1461572 kB
Unevictable:        5508 kB
Mlocked:            5508 kB
SwapTotal:       3145724 kB
SwapFree:        3145724 kB
Dirty:               356 kB
Writeback:             0 kB
AnonPages:       1294540 kB
Mapped:           875976 kB
Shmem:             24204 kB
KReclaimable:     660692 kB
Slab:             224412 kB
SReclaimable:      73996 kB
SUnreclaim:       150416 kB
KernelStack:       50320 kB
PageTables:        68600 kB
NFS_Unstable:          0 kB
Bounce:                0 kB
WritebackTmp:          0 kB
CommitLimit:     9202292 kB
Committed_AS:   76583996 kB
VmallocTotal:   263061440 kB
VmallocUsed:      107376 kB
VmallocChunk:          0 kB
Percpu:             7616 kB
CmaTotal:         294912 kB
CmaFree:               0 kB
MemTotal:       12113136 kB
MemFree:         6436684 kB
MemAvailable:    7865736 kB
Buffers:            4736 kB
Cached:          1660984 kB
SwapCached:            0 kB
Active:          1471144 kB
Inactive:        1483780 kB
Active(anon):    1295664 kB
Inactive(anon):    22196 kB
Active(file):     175480 kB
Inactive(file):  1461584 kB
Unevictable:        5508 kB
Mlocked:            5508 kB
SwapTotal:       3145724 kB
SwapFree:        3145724 kB
Dirty:               368 kB
Writeback:             0 kB
AnonPages:       1294640 kB
Mapped:           875972 kB
Shmem:             24204 kB
KReclaimable:     660692 kB
Slab:             224412 kB
SReclaimable:      73996 kB
SUnreclaim:       150416 kB
KernelStack:       50272 kB
PageTables:        68524 kB
NFS_Unstable:          0 kB
Bounce:                0 kB
WritebackTmp:          0 kB
CommitLimit:     9202292 kB
Committed_AS:   76579336 kB
VmallocTotal:   263061440 kB
VmallocUsed:      107344 kB
VmallocChunk:          0 kB
Percpu:             7616 kB
CmaTotal:         294912 kB
CmaFree:               0 kB
MemTotal:       12113136 kB
MemFree:         6438804 kB
MemAvailable:    7867868 kB
Buffers:            4736 kB
Cached:          1660996 kB
SwapCached:            0 kB
Active:          1468484 kB
Inactive:        1483792 kB
Active(anon):    1293004 kB
Inactive(anon):    22196 kB
Active(file):     175480 kB
Inactive(file):  1461596 kB
Unevictable:        5508 kB
Mlocked:            5508 kB
SwapTotal:       3145724 kB
SwapFree:        3145724 kB
Dirty:               380 kB
Writeback:             0 kB
AnonPages:       1292208 kB
Mapped:           875972 kB
Shmem:             24204 kB
KReclaimable:     660692 kB
Slab:             224420 kB
SReclaimable:      73996 kB
SUnreclaim:       150424 kB
KernelStack:       50304 kB
PageTables:        68580 kB
NFS_Unstable:          0 kB
Bounce:                0 kB
WritebackTmp:          0 kB
CommitLimit:     9202292 kB
Committed_AS:   76594468 kB
VmallocTotal:   263061440 kB
VmallocUsed:      107344 kB
VmallocChunk:          0 kB
Percpu:             7616 kB
CmaTotal:         294912 kB
CmaFree:               0 kB
MemTotal:       12113136 kB
MemFree:         6438336 kB
MemAvailable:    7867412 kB
Buffers:            4736 kB
Cached:          1661012 kB
SwapCached:            0 kB
Active:          1469596 kB
Inactive:        1483808 kB
Active(anon):    1294116 kB
Inactive(anon):    22200 kB
Active(file):     175480 kB
Inactive(file):  1461608 kB
Unevictable:        5508 kB
Mlocked:            5508 kB
SwapTotal:       3145724 kB
SwapFree:        3145724 kB
Dirty:               408 kB
Writeback:             0 kB
AnonPages:       1293144 kB
Mapped:           875976 kB
Shmem:             24208 kB
KReclaimable:     660692 kB
Slab:             224420 kB
SReclaimable:      73996 kB
SUnreclaim:       150424 kB
KernelStack:       50272 kB
PageTables:        68524 kB
NFS_Unstable:          0 kB
Bounce:                0 kB
WritebackTmp:          0 kB
CommitLimit:     9202292 kB
Committed_AS:   76584224 kB
VmallocTotal:   263061440 kB
VmallocUsed:      107344 kB
VmallocChunk:          0 kB
Percpu:             7616 kB
CmaTotal:         294912 kB
CmaFree:               0 kB
MemTotal:       12113136 kB
MemFree:         6437328 kB
MemAvailable:    7866416 kB
Buffers:            4736 kB
Cached:          1661024 kB
SwapCached:            0 kB
Active:          1470920 kB
Inactive:        1483820 kB
Active(anon):    1295440 kB
Inactive(anon):    22200 kB
Active(file):     175480 kB
Inactive(file):  1461620 kB
Unevictable:        5508 kB
Mlocked:            5508 kB
SwapTotal:       3145724 kB
SwapFree:        3145724 kB
Dirty:               456 kB
Writeback:             0 kB
AnonPages:       1294388 kB
Mapped:           876036 kB
Shmem:             24208 kB
KReclaimable:     660692 kB
Slab:             224420 kB
SReclaimable:      73996 kB
SUnreclaim:       150424 kB
KernelStack:       50304 kB
PageTables:        68588 kB
NFS_Unstable:          0 kB
Bounce:                0 kB
WritebackTmp:          0 kB
CommitLimit:     9202292 kB
Committed_AS:   76583952 kB
VmallocTotal:   263061440 kB
VmallocUsed:      107344 kB
VmallocChunk:          0 kB
Percpu:             7616 kB
CmaTotal:         294912 kB
CmaFree:               0 kB
MemTotal:       12113136 kB
MemFree:         6428144 kB
MemAvailable:    7857240 kB
Buffers:            4736 kB
Cached:          1661040 kB
SwapCached:            0 kB
Active:          1479416 kB
Inactive:        1483836 kB
Active(anon):    1303936 kB
Inactive(anon):    22208 kB
Active(file):     175480 kB
Inactive(file):  1461628 kB
Unevictable:        5508 kB
Mlocked:            5508 kB
SwapTotal:       3145724 kB
SwapFree:        3145724 kB
Dirty:               476 kB
Writeback:             0 kB
AnonPages:       1302200 kB
Mapped:           876044 kB
Shmem:             24216 kB
KReclaimable:     660692 kB
Slab:             224428 kB
SReclaimable:      73996 kB
SUnreclaim:       150432 kB
KernelStack:       50272 kB
PageTables:        68532 kB
NFS_Unstable:          0 kB
Bounce:                0 kB
WritebackTmp:          0 kB
CommitLimit:     9202292 kB
Committed_AS:   76594464 kB
VmallocTotal:   263061440 kB
VmallocUsed:      107344 kB
VmallocChunk:          0 kB
Percpu:             7616 kB
CmaTotal:         294912 kB
CmaFree:               0 kB
MemTotal:       12113136 kB
MemFree:         6403896 kB
MemAvailable:    7833012 kB
Buffers:            4736 kB
Cached:          1661064 kB
SwapCached:            0 kB
Active:          1505896 kB
Inactive:        1483860 kB
Active(anon):    1330416 kB
Inactive(anon):    22212 kB
Active(file):     175480 kB
Inactive(file):  1461648 kB
Unevictable:        5508 kB
Mlocked:            5508 kB
SwapTotal:       3145724 kB
SwapFree:        3145724 kB
Dirty:               536 kB
Writeback:             0 kB
AnonPages:       1329612 kB
Mapped:           876048 kB
Shmem:             24220 kB
KReclaimable:     660692 kB
Slab:             224444 kB
SReclaimable:      73996 kB
SUnreclaim:       150448 kB
KernelStack:       50272 kB
PageTables:        68532 kB
NFS_Unstable:          0 kB
Bounce:                0 kB
WritebackTmp:          0 kB
CommitLimit:     9202292 kB
Committed_AS:   76589020 kB
VmallocTotal:   263061440 kB
VmallocUsed:      107312 kB
VmallocChunk:          0 kB
Percpu:             7616 kB
CmaTotal:         294912 kB
CmaFree:               0 kB
MemTotal:       12113136 kB
MemFree:         6400232 kB
MemAvailable:    7829368 kB
Buffers:            4736 kB
Cached:          1661084 kB
SwapCached:            0 kB
Active:          1508196 kB
Inactive:        1483880 kB
Active(anon):    1332716 kB
Inactive(anon):    22212 kB
Active(file):     175480 kB
Inactive(file):  1461668 kB
Unevictable:        5508 kB
Mlocked:            5508 kB
SwapTotal:       3145724 kB
SwapFree:        3145724 kB
Dirty:               608 kB
Writeback:             0 kB
AnonPages:       1331664 kB
Mapped:           876048 kB
Shmem:             24220 kB
KReclaimable:     660692 kB
Slab:             224448 kB
SReclaimable:      73996 kB
SUnreclaim:       150452 kB
KernelStack:       50272 kB
PageTables:        68532 kB
NFS_Unstable:          0 kB
Bounce:                0 kB
WritebackTmp:          0 kB
CommitLimit:     9202292 kB
Committed_AS:   76594044 kB
VmallocTotal:   263061440 kB
VmallocUsed:      107360 kB
VmallocChunk:          0 kB
Percpu:             7616 kB
CmaTotal:         294912 kB
CmaFree:               0 kB
MemTotal:       12113136 kB
MemFree:         6397356 kB
MemAvailable:    7826512 kB
Buffers:            4736 kB
Cached:          1661104 kB
SwapCached:            0 kB
Active:          1510056 kB
Inactive:        1483896 kB
Active(anon):    1334572 kB
Inactive(anon):    22212 kB
Active(file):     175484 kB
Inactive(file):  1461684 kB
Unevictable:        5508 kB
Mlocked:            5508 kB
SwapTotal:       3145724 kB
SwapFree:        3145724 kB
Dirty:               628 kB
Writeback:             0 kB
AnonPages:       1333848 kB
Mapped:           876184 kB
Shmem:             24220 kB
KReclaimable:     660692 kB
Slab:             224452 kB
SReclaimable:      73996 kB
SUnreclaim:       150456 kB
KernelStack:       50320 kB
PageTables:        68620 kB
NFS_Unstable:          0 kB
Bounce:                0 kB
WritebackTmp:          0 kB
CommitLimit:     9202292 kB
Committed_AS:   76594080 kB
VmallocTotal:   263061440 kB
VmallocUsed:      107360 kB
VmallocChunk:          0 kB
Percpu:             7616 kB
CmaTotal:         294912 kB
CmaFree:               0 kB
MemTotal:       12113136 kB
MemFree:         6396736 kB
MemAvailable:    7825904 kB
Buffers:            4736 kB
Cached:          1661116 kB
SwapCached:            0 kB
Active:          1511196 kB
Inactive:        1483908 kB
Active(anon):    1335712 kB
Inactive(anon):    22212 kB
Active(file):     175484 kB
Inactive(file):  1461696 kB
Unevictable:        5508 kB
Mlocked:            5508 kB
SwapTotal:       3145724 kB
SwapFree:        3145724 kB
Dirty:               652 kB
Writeback:             0 kB
AnonPages:       1334688 kB
Mapped:           876048 kB
Shmem:             24220 kB
KReclaimable:     660692 kB
Slab:             224452 kB
SReclaimable:      73996 kB
SUnreclaim:       150456 kB
KernelStack:       50272 kB
PageTables:        68544 kB
NFS_Unstable:          0 kB
Bounce:                0 kB
WritebackTmp:          0 kB
CommitLimit:     9202292 kB
Committed_AS:   76594044 kB
VmallocTotal:   263061440 kB
VmallocUsed:      107392 kB
VmallocChunk:          0 kB
Percpu:             7616 kB
CmaTotal:         294912 kB
CmaFree:               0 kB
MemTotal:       12113136 kB
MemFree:         6395948 kB
MemAvailable:    7825124 kB
Buffers:            4736 kB
Cached:          1661128 kB
SwapCached:            0 kB
Active:          1511788 kB
Inactive:        1483920 kB
Active(anon):    1336304 kB
Inactive(anon):    22216 kB
Active(file):     175484 kB
Inactive(file):  1461704 kB
Unevictable:        5508 kB
Mlocked:            5508 kB
SwapTotal:       3145724 kB
SwapFree:        3145724 kB
Dirty:               660 kB
Writeback:             0 kB
AnonPages:       1335348 kB
Mapped:           876052 kB
Shmem:             24224 kB
KReclaimable:     660692 kB
Slab:             224456 kB
SReclaimable:      73996 kB
SUnreclaim:       150460 kB
KernelStack:       50272 kB
PageTables:        68544 kB
NFS_Unstable:          0 kB
Bounce:                0 kB
WritebackTmp:          0 kB
CommitLimit:     9202292 kB
Committed_AS:   76587864 kB
VmallocTotal:   263061440 kB
VmallocUsed:      107376 kB
VmallocChunk:          0 kB
Percpu:             7616 kB
CmaTotal:         294912 kB
CmaFree:               0 kB
MemTotal:       12113136 kB
MemFree:         6394940 kB
MemAvailable:    7824128 kB
Buffers:            4736 kB
Cached:          1661140 kB
SwapCached:            0 kB
Active:          1512192 kB
Inactive:        1483928 kB
Active(anon):    1336704 kB
Inactive(anon):    22216 kB
Active(file):     175488 kB
Inactive(file):  1461712 kB
Unevictable:        5508 kB
Mlocked:            5508 kB
SwapTotal:       3145724 kB
SwapFree:        3145724 kB
Dirty:               672 kB
Writeback:             0 kB
AnonPages:       1335648 kB
Mapped:           876052 kB
Shmem:             24224 kB
KReclaimable:     660692 kB
Slab:             224464 kB
SReclaimable:      73996 kB
SUnreclaim:       150468 kB
KernelStack:       50272 kB
PageTables:        68548 kB
NFS_Unstable:          0 kB
Bounce:                0 kB
WritebackTmp:          0 kB
CommitLimit:     9202292 kB
Committed_AS:   76593112 kB
VmallocTotal:   263061440 kB
VmallocUsed:      107376 kB
VmallocChunk:          0 kB
Percpu:             7616 kB
CmaTotal:         294912 kB
CmaFree:               0 kB
MemTotal:       12113136 kB
MemFree:         6393304 kB
MemAvailable:    7822500 kB
Buffers:            4736 kB
Cached:          1661148 kB
SwapCached:            0 kB
Active:          1512936 kB
Inactive:        1483936 kB
Active(anon):    1337448 kB
Inactive(anon):    22216 kB
Active(file):     175488 kB
Inactive(file):  1461720 kB
Unevictable:        5508 kB
Mlocked:            5508 kB
SwapTotal:       3145724 kB
SwapFree:        3145724 kB
Dirty:               692 kB
Writeback:             0 kB
AnonPages:       1336476 kB
Mapped:           876204 kB
Shmem:             24224 kB
KReclaimable:     660692 kB
Slab:             224464 kB
SReclaimable:      73996 kB
SUnreclaim:       150468 kB
KernelStack:       50304 kB
PageTables:        68636 kB
NFS_Unstable:          0 kB
Bounce:                0 kB
WritebackTmp:          0 kB
CommitLimit:     9202292 kB
Committed_AS:   76590468 kB
VmallocTotal:   263061440 kB
VmallocUsed:      107344 kB
VmallocChunk:          0 kB
Percpu:             7616 kB
CmaTotal:         294912 kB
CmaFree:               0 kB
MemTotal:       12113136 kB
MemFree:         6393352 kB
MemAvailable:    7822588 kB
Buffers:            4740 kB
Cached:          1661196 kB
SwapCached:            0 kB
Active:          1513620 kB
Inactive:        1483984 kB
Active(anon):    1338128 kB
Inactive(anon):    22228 kB
Active(file):     175492 kB
Inactive(file):  1461756 kB
Unevictable:        5508 kB
Mlocked:            5508 kB
SwapTotal:       3145724 kB
SwapFree:        3145724 kB
Dirty:               680 kB
Writeback:             0 kB
AnonPages:       1337040 kB
Mapped:           876064 kB
Shmem:             24236 kB
KReclaimable:     660692 kB
Slab:             224468 kB
SReclaimable:      73996 kB
SUnreclaim:       150472 kB
KernelStack:       50256 kB
PageTables:        68544 kB
NFS_Unstable:          0 kB
Bounce:                0 kB
WritebackTmp:          0 kB
CommitLimit:     9202292 kB
Committed_AS:   76587720 kB
VmallocTotal:   263061440 kB
VmallocUsed:      107344 kB
VmallocChunk:          0 kB
Percpu:             7616 kB
CmaTotal:         294912 kB
CmaFree:               0 kB
MemTotal:       12113136 kB
MemFree:         6392460 kB
MemAvailable:    7821704 kB
Buffers:            4740 kB
Cached:          1661212 kB
SwapCached:            0 kB
Active:          1514708 kB
Inactive:        1484000 kB
Active(anon):    1339216 kB
Inactive(anon):    22236 kB
Active(file):     175492 kB
Inactive(file):  1461764 kB
Unevictable:        5508 kB
Mlocked:            5508 kB
SwapTotal:       3145724 kB
SwapFree:        3145724 kB
Dirty:               216 kB
Writeback:             0 kB
AnonPages:       1338172 kB
Mapped:           876072 kB
Shmem:             24244 kB
KReclaimable:     660692 kB
Slab:             224496 kB
SReclaimable:      73996 kB
SUnreclaim:       150500 kB
KernelStack:       50272 kB
PageTables:        68540 kB
NFS_Unstable:          0 kB
Bounce:                0 kB
WritebackTmp:          0 kB
CommitLimit:     9202292 kB
Committed_AS:   76590592 kB
VmallocTotal:   263061440 kB
VmallocUsed:      107312 kB
VmallocChunk:          0 kB
Percpu:             7616 kB
CmaTotal:         294912 kB
CmaFree:               0 kB
MemTotal:       12113136 kB
MemFree:         6392060 kB
MemAvailable:    7821316 kB
Buffers:            4740 kB
Cached:          1661232 kB
SwapCached:            0 kB
Active:          1515956 kB
Inactive:        1484020 kB
Active(anon):    1340464 kB
Inactive(anon):    22244 kB
Active(file):     175492 kB
Inactive(file):  1461776 kB
Unevictable:        5508 kB
Mlocked:            5508 kB
SwapTotal:       3145724 kB
SwapFree:        3145724 kB
Dirty:               316 kB
Writeback:             0 kB
AnonPages:       1339424 kB
Mapped:           876080 kB
Shmem:             24252 kB
KReclaimable:     660692 kB
Slab:             224500 kB
SReclaimable:      73996 kB
SUnreclaim:       150504 kB
KernelStack:       50272 kB
PageTables:        68548 kB
NFS_Unstable:          0 kB
Bounce:                0 kB
WritebackTmp:          0 kB
CommitLimit:     9202292 kB
Committed_AS:   76590204 kB
VmallocTotal:   263061440 kB
VmallocUsed:      107344 kB
VmallocChunk:          0 kB
Percpu:             7616 kB
CmaTotal:         294912 kB
CmaFree:               0 kB
MemTotal:       12113136 kB
MemFree:         6391032 kB
MemAvailable:    7820296 kB
Buffers:            4740 kB
Cached:          1661248 kB
SwapCached:            0 kB
Active:          1516564 kB
Inactive:        1484036 kB
Active(anon):    1341072 kB
Inactive(anon):    22252 kB
Active(file):     175492 kB
Inactive(file):  1461784 kB
Unevictable:        5508 kB
Mlocked:            5508 kB
SwapTotal:       3145724 kB
SwapFree:        3145724 kB
Dirty:               324 kB
Writeback:             0 kB
AnonPages:       1340132 kB
Mapped:           876088 kB
Shmem:             24260 kB
KReclaimable:     660692 kB
Slab:             224512 kB
SReclaimable:      73996 kB
SUnreclaim:       150516 kB
KernelStack:       50272 kB
PageTables:        68544 kB
NFS_Unstable:          0 kB
Bounce:                0 kB
WritebackTmp:          0 kB
CommitLimit:     9202292 kB
Committed_AS:   76584768 kB
VmallocTotal:   263061440 kB
VmallocUsed:      107344 kB
VmallocChunk:          0 kB
Percpu:             7616 kB
CmaTotal:         294912 kB
CmaFree:               0 kB
MemTotal:       12113136 kB
MemFree:         6389936 kB
MemAvailable:    7819212 kB
Buffers:            4740 kB
Cached:          1661260 kB
SwapCached:            0 kB
Active:          1517444 kB
Inactive:        1484028 kB
Active(anon):    1341932 kB
Inactive(anon):    22252 kB
Active(file):     175512 kB
Inactive(file):  1461776 kB
Unevictable:        5508 kB
Mlocked:            5508 kB
SwapTotal:       3145724 kB
SwapFree:        3145724 kB
Dirty:               336 kB
Writeback:             0 kB
AnonPages:       1340928 kB
Mapped:           876088 kB
Shmem:             24260 kB
KReclaimable:     660692 kB
Slab:             224504 kB
SReclaimable:      73996 kB
SUnreclaim:       150508 kB
KernelStack:       50272 kB
PageTables:        68552 kB
NFS_Unstable:          0 kB
Bounce:                0 kB
WritebackTmp:          0 kB
CommitLimit:     9202292 kB
Committed_AS:   76588456 kB
VmallocTotal:   263061440 kB
VmallocUsed:      107344 kB
VmallocChunk:          0 kB
Percpu:             7616 kB
CmaTotal:         294912 kB
CmaFree:               0 kB
MemTotal:       12113136 kB
MemFree:         6388200 kB
MemAvailable:    7817492 kB
Buffers:            4740 kB
Cached:          1661276 kB
SwapCached:            0 kB
Active:          1517832 kB
Inactive:        1484044 kB
Active(anon):    1342320 kB
Inactive(anon):    22252 kB
Active(file):     175512 kB
Inactive(file):  1461792 kB
Unevictable:        5508 kB
Mlocked:            5508 kB
SwapTotal:       3145724 kB
SwapFree:        3145724 kB
Dirty:               368 kB
Writeback:             0 kB
AnonPages:       1341680 kB
Mapped:           876092 kB
Shmem:             24260 kB
KReclaimable:     660692 kB
Slab:             224508 kB
SReclaimable:      73996 kB
SUnreclaim:       150512 kB
KernelStack:       50320 kB
PageTables:        68620 kB
NFS_Unstable:          0 kB
Bounce:                0 kB
WritebackTmp:          0 kB
CommitLimit:     9202292 kB
Committed_AS:   76594112 kB
VmallocTotal:   263061440 kB
VmallocUsed:      107392 kB
VmallocChunk:          0 kB
Percpu:             7616 kB
CmaTotal:         294912 kB
CmaFree:               0 kB
MemTotal:       12113136 kB
MemFree:         6401292 kB
MemAvailable:    7830596 kB
Buffers:            4740 kB
Cached:          1661288 kB
SwapCached:            0 kB
Active:          1504416 kB
Inactive:        1484052 kB
Active(anon):    1328900 kB
Inactive(anon):    22252 kB
Active(file):     175516 kB
Inactive(file):  1461800 kB
Unevictable:        5508 kB
Mlocked:            5508 kB
SwapTotal:       3145724 kB
SwapFree:        3145724 kB
Dirty:               424 kB
Writeback:             0 kB
AnonPages:       1327916 kB
Mapped:           876088 kB
Shmem:             24260 kB
KReclaimable:     660692 kB
Slab:             224500 kB
SReclaimable:      73996 kB
SUnreclaim:       150504 kB
KernelStack:       50288 kB
PageTables:        68548 kB
NFS_Unstable:          0 kB
Bounce:                0 kB
WritebackTmp:          0 kB
CommitLimit:     9202292 kB
Committed_AS:   76593936 kB
VmallocTotal:   263061440 kB
VmallocUsed:      107408 kB
VmallocChunk:          0 kB
Percpu:             7616 kB
CmaTotal:         294912 kB
CmaFree:               0 kB
MemTotal:       12113136 kB
MemFree:         6400560 kB
MemAvailable:    7829876 kB
Buffers:            4740 kB
Cached:          1661300 kB
SwapCached:            0 kB
Active:          1505396 kB
Inactive:        1484064 kB
Active(anon):    1329880 kB
Inactive(anon):    22252 kB
Active(file):     175516 kB
Inactive(file):  1461812 kB
Unevictable:        5508 kB
Mlocked:            5508 kB
SwapTotal:       3145724 kB
SwapFree:        3145724 kB
Dirty:               436 kB
Writeback:             0 kB
AnonPages:       1328940 kB
Mapped:           876088 kB
Shmem:             24260 kB
KReclaimable:     660692 kB
Slab:             224500 kB
SReclaimable:      73996 kB
SUnreclaim:       150504 kB
KernelStack:       50288 kB
PageTables:        68544 kB
NFS_Unstable:          0 kB
Bounce:                0 kB
WritebackTmp:          0 kB
CommitLimit:     9202292 kB
Committed_AS:   76593676 kB
VmallocTotal:   263061440 kB
VmallocUsed:      107408 kB
VmallocChunk:          0 kB
Percpu:             7616 kB
CmaTotal:         294912 kB
CmaFree:               0 kB
MemTotal:       12113136 kB
MemFree:         6399584 kB
MemAvailable:    7828912 kB
Buffers:            4740 kB
Cached:          1661312 kB
SwapCached:            0 kB
Active:          1506236 kB
Inactive:        1484076 kB
Active(anon):    1330720 kB
Inactive(anon):    22252 kB
Active(file):     175516 kB
Inactive(file):  1461824 kB
Unevictable:        5508 kB
Mlocked:            5508 kB
SwapTotal:       3145724 kB
SwapFree:        3145724 kB
Dirty:               460 kB
Writeback:             0 kB
AnonPages:       1329988 kB
Mapped:           876088 kB
Shmem:             24260 kB
KReclaimable:     660692 kB
Slab:             224496 kB
SReclaimable:      73996 kB
SUnreclaim:       150500 kB
KernelStack:       50288 kB
PageTables:        68540 kB
NFS_Unstable:          0 kB
Bounce:                0 kB
WritebackTmp:          0 kB
CommitLimit:     9202292 kB
Committed_AS:   76593468 kB
VmallocTotal:   263061440 kB
VmallocUsed:      107408 kB
VmallocChunk:          0 kB
Percpu:             7616 kB
CmaTotal:         294912 kB
CmaFree:               0 kB
MemTotal:       12113136 kB
MemFree:         6399664 kB
MemAvailable:    7829016 kB
Buffers:            4740 kB
Cached:          1661336 kB
SwapCached:            0 kB
Active:          1506972 kB
Inactive:        1484100 kB
Active(anon):    1331456 kB
Inactive(anon):    22252 kB
Active(file):     175516 kB
Inactive(file):  1461848 kB
Unevictable:        5508 kB
Mlocked:            5508 kB
SwapTotal:       3145724 kB
SwapFree:        3145724 kB
Dirty:               496 kB
Writeback:             0 kB
AnonPages:       1330424 kB
Mapped:           876096 kB
Shmem:             24260 kB
KReclaimable:     660692 kB
Slab:             224504 kB
SReclaimable:      73996 kB
SUnreclaim:       150508 kB
KernelStack:       50336 kB
PageTables:        68644 kB
NFS_Unstable:          0 kB
Bounce:                0 kB
WritebackTmp:          0 kB
CommitLimit:     9202292 kB
Committed_AS:   76593424 kB
VmallocTotal:   263061440 kB
VmallocUsed:      107408 kB
VmallocChunk:          0 kB
Percpu:             7616 kB
CmaTotal:         294912 kB
CmaFree:               0 kB
MemTotal:       12113136 kB
MemFree:         6398840 kB
MemAvailable:    7828204 kB
Buffers:            4740 kB
Cached:          1661356 kB
SwapCached:            0 kB
Active:          1507692 kB
Inactive:        1484116 kB
Active(anon):    1332172 kB
Inactive(anon):    22260 kB
Active(file):     175520 kB
Inactive(file):  1461856 kB
Unevictable:        5508 kB
Mlocked:            5508 kB
SwapTotal:       3145724 kB
SwapFree:        3145724 kB
Dirty:               512 kB
Writeback:             0 kB
AnonPages:       1331152 kB
Mapped:           876096 kB
Shmem:             24268 kB
KReclaimable:     660692 kB
Slab:             224516 kB
SReclaimable:      73996 kB
SUnreclaim:       150520 kB
KernelStack:       50288 kB
PageTables:        68544 kB
NFS_Unstable:          0 kB
Bounce:                0 kB
WritebackTmp:          0 kB
CommitLimit:     9202292 kB
Committed_AS:   76589204 kB
VmallocTotal:   263061440 kB
VmallocUsed:      107408 kB
VmallocChunk:          0 kB
Percpu:             7616 kB
CmaTotal:         294912 kB
CmaFree:               0 kB
MemTotal:       12113136 kB
MemFree:         6397696 kB
MemAvailable:    7827076 kB
Buffers:            4740 kB
Cached:          1661380 kB
SwapCached:            0 kB
Active:          1508380 kB
Inactive:        1484140 kB
Active(anon):    1332860 kB
Inactive(anon):    22268 kB
Active(file):     175520 kB
Inactive(file):  1461872 kB
Unevictable:        5508 kB
Mlocked:            5508 kB
SwapTotal:       3145724 kB
SwapFree:        3145724 kB
Dirty:               228 kB
Writeback:             0 kB
AnonPages:       1331936 kB
Mapped:           876104 kB
Shmem:             24276 kB
KReclaimable:     660692 kB
Slab:             224488 kB
SReclaimable:      73996 kB
SUnreclaim:       150492 kB
KernelStack:       50304 kB
PageTables:        68544 kB
NFS_Unstable:          0 kB
Bounce:                0 kB
WritebackTmp:          0 kB
CommitLimit:     9202292 kB
Committed_AS:   76594056 kB
VmallocTotal:   263061440 kB
VmallocUsed:      107392 kB
VmallocChunk:          0 kB
Percpu:             7616 kB
CmaTotal:         294912 kB
CmaFree:               0 kB
MemTotal:       12113136 kB
MemFree:         6397320 kB
MemAvailable:    7826704 kB
Buffers:            4740 kB
Cached:          1661384 kB
SwapCached:            0 kB
Active:          1509060 kB
Inactive:        1484144 kB
Active(anon):    1333540 kB
Inactive(anon):    22268 kB
Active(file):     175520 kB
Inactive(file):  1461876 kB
Unevictable:        5508 kB
Mlocked:            5508 kB
SwapTotal:       3145724 kB
SwapFree:        3145724 kB
Dirty:               292 kB
Writeback:             0 kB
AnonPages:       1332536 kB
Mapped:           876104 kB
Shmem:             24276 kB
KReclaimable:     660692 kB
Slab:             224488 kB
SReclaimable:      73996 kB
SUnreclaim:       150492 kB
KernelStack:       50288 kB
PageTables:        68548 kB
NFS_Unstable:          0 kB
Bounce:                0 kB
WritebackTmp:          0 kB
CommitLimit:     9202292 kB
Committed_AS:   76593836 kB
VmallocTotal:   263061440 kB
VmallocUsed:      107392 kB
VmallocChunk:          0 kB
Percpu:             7616 kB
CmaTotal:         294912 kB
CmaFree:               0 kB
MemTotal:       12113136 kB
MemFree:         6405352 kB
MemAvailable:    7834744 kB
Buffers:            4740 kB
Cached:          1661496 kB
SwapCached:            0 kB
Active:          1500744 kB
Inactive:        1484256 kB
Active(anon):    1325224 kB
Inactive(anon):    22372 kB
Active(file):     175520 kB
Inactive(file):  1461884 kB
Unevictable:        5508 kB
Mlocked:            5508 kB
SwapTotal:       3145724 kB
SwapFree:        3145724 kB
Dirty:               300 kB
Writeback:             0 kB
AnonPages:       1324316 kB
Mapped:           876208 kB
Shmem:             24380 kB
KReclaimable:     660692 kB
Slab:             224492 kB
SReclaimable:      73996 kB
SUnreclaim:       150496 kB
KernelStack:       50288 kB
PageTables:        68540 kB
NFS_Unstable:          0 kB
Bounce:                0 kB
WritebackTmp:          0 kB
CommitLimit:     9202292 kB
Committed_AS:   76589580 kB
VmallocTotal:   263061440 kB
VmallocUsed:      107344 kB
VmallocChunk:          0 kB
Percpu:             7616 kB
CmaTotal:         294912 kB
CmaFree:               0 kB
MemTotal:       12113136 kB
MemFree:         6405212 kB
MemAvailable:    7834616 kB
Buffers:            4740 kB
Cached:          1661532 kB
SwapCached:            0 kB
Active:          1501464 kB
Inactive:        1484292 kB
Active(anon):    1325944 kB
Inactive(anon):    22396 kB
Active(file):     175520 kB
Inactive(file):  1461896 kB
Unevictable:        5508 kB
Mlocked:            5508 kB
SwapTotal:       3145724 kB
SwapFree:        3145724 kB
Dirty:               328 kB
Writeback:             0 kB
AnonPages:       1325152 kB
Mapped:           876232 kB
Shmem:             24404 kB
KReclaimable:     660692 kB
Slab:             224488 kB
SReclaimable:      73996 kB
SUnreclaim:       150492 kB
KernelStack:       50288 kB
PageTables:        68552 kB
NFS_Unstable:          0 kB
Bounce:                0 kB
WritebackTmp:          0 kB
CommitLimit:     9202292 kB
Committed_AS:   76589364 kB
VmallocTotal:   263061440 kB
VmallocUsed:      107360 kB
