MemTotal:       12113140 kB
MemFree:         3581844 kB
MemAvailable:    8076944 kB
Buffers:            4548 kB
Cached:          3356252 kB
SwapCached:         1196 kB
Active:          2923012 kB
Inactive:        2029428 kB
Active(anon):    1002104 kB
Inactive(anon):   636672 kB
Active(file):    1920908 kB
Inactive(file):  1392756 kB
Unevictable:        5576 kB
Mlocked:            5576 kB
SwapTotal:       3145724 kB
SwapFree:        3118204 kB
Dirty:               308 kB
Writeback:             0 kB
AnonPages:       1596032 kB
Mapped:           515820 kB
Shmem:             42600 kB
KReclaimable:    2050140 kB
Slab:             228384 kB
SReclaimable:      75076 kB
SUnreclaim:       153308 kB
KernelStack:       52288 kB
PageTables:        68196 kB
NFS_Unstable:          0 kB
Bounce:                0 kB
WritebackTmp:          0 kB
CommitLimit:     9202292 kB
Committed_AS:   74648540 kB
VmallocTotal:   263061440 kB
VmallocUsed:      109284 kB
VmallocChunk:          0 kB
Percpu:             7616 kB
CmaTotal:         294912 kB
CmaFree:               0 kB
MemTotal:       12113140 kB
MemFree:         3495688 kB
MemAvailable:    7962388 kB
Buffers:            4548 kB
Cached:          3354944 kB
SwapCached:         1196 kB
Active:          3008648 kB
Inactive:        2029108 kB
Active(anon):    1088808 kB
Inactive(anon):   636352 kB
Active(file):    1919840 kB
Inactive(file):  1392756 kB
Unevictable:        5576 kB
Mlocked:            5576 kB
SwapTotal:       3145724 kB
SwapFree:        3118204 kB
Dirty:               368 kB
Writeback:             0 kB
AnonPages:       1660392 kB
Mapped:           551560 kB
Shmem:             42360 kB
KReclaimable:    2022808 kB
Slab:             228384 kB
SReclaimable:      75076 kB
SUnreclaim:       153308 kB
KernelStack:       52768 kB
PageTables:        68700 kB
NFS_Unstable:          0 kB
Bounce:                0 kB
WritebackTmp:          0 kB
CommitLimit:     9202292 kB
Committed_AS:   74763684 kB
VmallocTotal:   263061440 kB
VmallocUsed:      109700 kB
VmallocChunk:          0 kB
Percpu:             7616 kB
CmaTotal:         294912 kB
CmaFree:               0 kB
MemTotal:       12113140 kB
MemFree:         3555316 kB
MemAvailable:    8070696 kB
Buffers:            4548 kB
Cached:          3356508 kB
SwapCached:         1196 kB
Active:          2948280 kB
Inactive:        2030556 kB
Active(anon):    1028416 kB
Inactive(anon):   637704 kB
Active(file):    1919864 kB
Inactive(file):  1392852 kB
Unevictable:        5576 kB
Mlocked:            5576 kB
SwapTotal:       3145724 kB
SwapFree:        3118204 kB
Dirty:               376 kB
Writeback:             0 kB
AnonPages:       1622704 kB
Mapped:           560860 kB
Shmem:             43804 kB
KReclaimable:    2071368 kB
Slab:             228400 kB
SReclaimable:      75076 kB
SUnreclaim:       153324 kB
KernelStack:       53088 kB
PageTables:        68852 kB
NFS_Unstable:          0 kB
Bounce:                0 kB
WritebackTmp:          0 kB
CommitLimit:     9202292 kB
Committed_AS:   74771924 kB
VmallocTotal:   263061440 kB
VmallocUsed:      110036 kB
VmallocChunk:          0 kB
Percpu:             7616 kB
CmaTotal:         294912 kB
CmaFree:              12 kB
MemTotal:       12113140 kB
MemFree:         3513560 kB
MemAvailable:    8031820 kB
Buffers:            4548 kB
Cached:          3357588 kB
SwapCached:         1196 kB
Active:          2987872 kB
Inactive:        2031724 kB
Active(anon):    1067992 kB
Inactive(anon):   638876 kB
Active(file):    1919880 kB
Inactive(file):  1392848 kB
Unevictable:        5576 kB
Mlocked:            5576 kB
SwapTotal:       3145724 kB
SwapFree:        3118204 kB
Dirty:               504 kB
Writeback:             0 kB
AnonPages:       1662092 kB
Mapped:           568580 kB
Shmem:             44872 kB
KReclaimable:    2074236 kB
Slab:             228524 kB
SReclaimable:      75220 kB
SUnreclaim:       153304 kB
KernelStack:       53280 kB
PageTables:        69020 kB
NFS_Unstable:          0 kB
Bounce:                0 kB
WritebackTmp:          0 kB
CommitLimit:     9202292 kB
Committed_AS:   74837232 kB
VmallocTotal:   263061440 kB
VmallocUsed:      110244 kB
VmallocChunk:          0 kB
Percpu:             7616 kB
CmaTotal:         294912 kB
CmaFree:               0 kB
MemTotal:       12113140 kB
MemFree:         3481324 kB
MemAvailable:    7999832 kB
Buffers:            4548 kB
Cached:          3353672 kB
SwapCached:         1196 kB
Active:          3020412 kB
Inactive:        2027808 kB
Active(anon):    1100532 kB
Inactive(anon):   634584 kB
Active(file):    1919880 kB
Inactive(file):  1393224 kB
Unevictable:        5576 kB
Mlocked:            5576 kB
SwapTotal:       3145724 kB
SwapFree:        3118204 kB
Dirty:               776 kB
Writeback:             0 kB
AnonPages:       1694284 kB
Mapped:           574240 kB
Shmem:             40580 kB
KReclaimable:    2074108 kB
Slab:             228372 kB
SReclaimable:      75220 kB
SUnreclaim:       153152 kB
KernelStack:       53376 kB
PageTables:        69196 kB
NFS_Unstable:          0 kB
Bounce:                0 kB
WritebackTmp:          0 kB
CommitLimit:     9202292 kB
Committed_AS:   74873396 kB
VmallocTotal:   263061440 kB
VmallocUsed:      110340 kB
VmallocChunk:          0 kB
Percpu:             7616 kB
CmaTotal:         294912 kB
CmaFree:               0 kB
MemTotal:       12113140 kB
MemFree:         3146932 kB
MemAvailable:    7403232 kB
Buffers:            4548 kB
Cached:          3353716 kB
SwapCached:         1196 kB
Active:          3353476 kB
Inactive:        2027892 kB
Active(anon):    1433636 kB
Inactive(anon):   634584 kB
Active(file):    1919840 kB
Inactive(file):  1393308 kB
Unevictable:        5576 kB
Mlocked:            5576 kB
SwapTotal:       3145724 kB
SwapFree:        3118204 kB
Dirty:               232 kB
Writeback:             0 kB
AnonPages:       2027576 kB
Mapped:           585360 kB
Shmem:             40580 kB
KReclaimable:    1811856 kB
Slab:             228460 kB
SReclaimable:      75252 kB
SUnreclaim:       153208 kB
KernelStack:       53424 kB
PageTables:        70260 kB
NFS_Unstable:          0 kB
Bounce:                0 kB
WritebackTmp:          0 kB
CommitLimit:     9202292 kB
Committed_AS:   75200668 kB
VmallocTotal:   263061440 kB
VmallocUsed:      110356 kB
VmallocChunk:          0 kB
Percpu:             7616 kB
CmaTotal:         294912 kB
CmaFree:               0 kB
MemTotal:       12113140 kB
MemFree:         2955180 kB
MemAvailable:    7148716 kB
Buffers:            4548 kB
Cached:          3353716 kB
SwapCached:         1196 kB
Active:          3541048 kB
Inactive:        2027888 kB
Active(anon):    1621204 kB
Inactive(anon):   634584 kB
Active(file):    1919844 kB
Inactive(file):  1393304 kB
Unevictable:        5576 kB
Mlocked:            5576 kB
SwapTotal:       3145724 kB
SwapFree:        3118204 kB
Dirty:               204 kB
Writeback:             0 kB
AnonPages:       2215356 kB
Mapped:           590484 kB
Shmem:             40580 kB
KReclaimable:    1749092 kB
Slab:             228468 kB
SReclaimable:      75252 kB
SUnreclaim:       153216 kB
KernelStack:       53440 kB
PageTables:        70664 kB
NFS_Unstable:          0 kB
Bounce:                0 kB
WritebackTmp:          0 kB
CommitLimit:     9202292 kB
Committed_AS:   75388744 kB
VmallocTotal:   263061440 kB
VmallocUsed:      110388 kB
VmallocChunk:          0 kB
Percpu:             7616 kB
CmaTotal:         294912 kB
CmaFree:               0 kB
MemTotal:       12113140 kB
MemFree:         2910320 kB
MemAvailable:    7040444 kB
Buffers:            4548 kB
Cached:          3353944 kB
SwapCached:         1196 kB
Active:          3585696 kB
Inactive:        2028084 kB
Active(anon):    1665824 kB
Inactive(anon):   634592 kB
Active(file):    1919872 kB
Inactive(file):  1393492 kB
Unevictable:        5576 kB
Mlocked:            5576 kB
SwapTotal:       3145724 kB
SwapFree:        3118204 kB
Dirty:               312 kB
Writeback:             0 kB
AnonPages:       2259972 kB
Mapped:           613316 kB
Shmem:             40588 kB
KReclaimable:    1685464 kB
Slab:             228460 kB
SReclaimable:      75252 kB
SUnreclaim:       153208 kB
KernelStack:       53472 kB
PageTables:        70904 kB
NFS_Unstable:          0 kB
Bounce:                0 kB
WritebackTmp:          0 kB
CommitLimit:     9202292 kB
Committed_AS:   75534824 kB
VmallocTotal:   263061440 kB
VmallocUsed:      110436 kB
VmallocChunk:          0 kB
Percpu:             7616 kB
CmaTotal:         294912 kB
CmaFree:               0 kB
MemTotal:       12113140 kB
MemFree:         2948228 kB
MemAvailable:    7037724 kB
Buffers:            4548 kB
Cached:          3353944 kB
SwapCached:         1196 kB
Active:          3546360 kB
Inactive:        2028088 kB
Active(anon):    1626488 kB
Inactive(anon):   634572 kB
Active(file):    1919872 kB
Inactive(file):  1393516 kB
Unevictable:        5576 kB
Mlocked:            5576 kB
SwapTotal:       3145724 kB
SwapFree:        3118204 kB
Dirty:               348 kB
Writeback:             0 kB
AnonPages:       2220564 kB
Mapped:           615000 kB
Shmem:             40568 kB
KReclaimable:    1644812 kB
Slab:             228456 kB
SReclaimable:      75252 kB
SUnreclaim:       153204 kB
KernelStack:       53392 kB
PageTables:        71040 kB
NFS_Unstable:          0 kB
Bounce:                0 kB
WritebackTmp:          0 kB
CommitLimit:     9202292 kB
Committed_AS:   75596488 kB
VmallocTotal:   263061440 kB
VmallocUsed:      110452 kB
VmallocChunk:          0 kB
Percpu:             7616 kB
CmaTotal:         294912 kB
CmaFree:               0 kB
MemTotal:       12113140 kB
MemFree:         2915228 kB
MemAvailable:    7025096 kB
Buffers:            4548 kB
Cached:          3354012 kB
SwapCached:         1196 kB
Active:          3580904 kB
Inactive:        2028108 kB
Active(anon):    1660988 kB
Inactive(anon):   634612 kB
Active(file):    1919916 kB
Inactive(file):  1393496 kB
Unevictable:        5576 kB
Mlocked:            5576 kB
SwapTotal:       3145724 kB
SwapFree:        3118204 kB
Dirty:               384 kB
Writeback:             0 kB
AnonPages:       2254820 kB
Mapped:           626328 kB
Shmem:             40608 kB
KReclaimable:    1665160 kB
Slab:             228476 kB
SReclaimable:      75268 kB
SUnreclaim:       153208 kB
KernelStack:       53556 kB
PageTables:        71200 kB
NFS_Unstable:          0 kB
Bounce:                0 kB
WritebackTmp:          0 kB
CommitLimit:     9202292 kB
Committed_AS:   75660324 kB
VmallocTotal:   263061440 kB
VmallocUsed:      110516 kB
VmallocChunk:          0 kB
Percpu:             7616 kB
CmaTotal:         294912 kB
CmaFree:               0 kB
MemTotal:       12113140 kB
MemFree:         2856328 kB
MemAvailable:    6962176 kB
Buffers:            4548 kB
Cached:          3354408 kB
SwapCached:         1196 kB
Active:          3638676 kB
Inactive:        2028504 kB
Active(anon):    1718756 kB
Inactive(anon):   634872 kB
Active(file):    1919920 kB
Inactive(file):  1393632 kB
Unevictable:        5576 kB
Mlocked:            5576 kB
SwapTotal:       3145724 kB
SwapFree:        3118204 kB
Dirty:               544 kB
Writeback:             0 kB
AnonPages:       2312824 kB
Mapped:           585696 kB
Shmem:             40868 kB
KReclaimable:    1661000 kB
Slab:             228456 kB
SReclaimable:      75272 kB
SUnreclaim:       153184 kB
KernelStack:       53488 kB
PageTables:        70968 kB
NFS_Unstable:          0 kB
Bounce:                0 kB
WritebackTmp:          0 kB
CommitLimit:     9202292 kB
Committed_AS:   75713844 kB
VmallocTotal:   263061440 kB
VmallocUsed:      110548 kB
VmallocChunk:          0 kB
Percpu:             7616 kB
CmaTotal:         294912 kB
CmaFree:               0 kB
MemTotal:       12113140 kB
MemFree:         2826172 kB
MemAvailable:    6931280 kB
Buffers:            4548 kB
Cached:          3354456 kB
SwapCached:         1196 kB
Active:          3669280 kB
Inactive:        2028540 kB
Active(anon):    1749360 kB
Inactive(anon):   634912 kB
Active(file):    1919920 kB
Inactive(file):  1393628 kB
Unevictable:        5576 kB
Mlocked:            5576 kB
SwapTotal:       3145724 kB
SwapFree:        3118204 kB
Dirty:               588 kB
Writeback:             0 kB
AnonPages:       2341672 kB
Mapped:           598432 kB
Shmem:             40912 kB
KReclaimable:    1660264 kB
Slab:             228540 kB
SReclaimable:      75304 kB
SUnreclaim:       153236 kB
KernelStack:       54016 kB
PageTables:        71180 kB
NFS_Unstable:          0 kB
Bounce:                0 kB
WritebackTmp:          0 kB
CommitLimit:     9202292 kB
Committed_AS:   75729084 kB
VmallocTotal:   263061440 kB
VmallocUsed:      110964 kB
VmallocChunk:          0 kB
Percpu:             7616 kB
CmaTotal:         294912 kB
CmaFree:               0 kB
MemTotal:       12113140 kB
MemFree:         2843120 kB
MemAvailable:    6947336 kB
Buffers:            4548 kB
Cached:          3354564 kB
SwapCached:         1196 kB
Active:          3649408 kB
Inactive:        2028624 kB
Active(anon):    1729484 kB
Inactive(anon):   634992 kB
Active(file):    1919924 kB
Inactive(file):  1393632 kB
Unevictable:        5576 kB
Mlocked:            5576 kB
SwapTotal:       3145724 kB
SwapFree:        3118204 kB
Dirty:               628 kB
Writeback:             0 kB
AnonPages:       2323568 kB
Mapped:           600100 kB
Shmem:             41020 kB
KReclaimable:    1659364 kB
Slab:             228588 kB
SReclaimable:      75352 kB
SUnreclaim:       153236 kB
KernelStack:       53984 kB
PageTables:        71380 kB
NFS_Unstable:          0 kB
Bounce:                0 kB
WritebackTmp:          0 kB
CommitLimit:     9202292 kB
Committed_AS:   75736760 kB
VmallocTotal:   263061440 kB
VmallocUsed:      111060 kB
VmallocChunk:          0 kB
Percpu:             7616 kB
CmaTotal:         294912 kB
CmaFree:               0 kB
MemTotal:       12113140 kB
MemFree:         2846852 kB
MemAvailable:    6951168 kB
Buffers:            4548 kB
Cached:          3354608 kB
SwapCached:         1196 kB
Active:          3647400 kB
Inactive:        2028696 kB
Active(anon):    1727476 kB
Inactive(anon):   634932 kB
Active(file):    1919924 kB
Inactive(file):  1393764 kB
Unevictable:        5576 kB
Mlocked:            5576 kB
SwapTotal:       3145724 kB
SwapFree:        3118204 kB
Dirty:               868 kB
Writeback:             0 kB
AnonPages:       2321396 kB
Mapped:           600348 kB
Shmem:             40932 kB
KReclaimable:    1659332 kB
Slab:             228624 kB
SReclaimable:      75352 kB
SUnreclaim:       153272 kB
KernelStack:       54016 kB
PageTables:        71392 kB
NFS_Unstable:          0 kB
Bounce:                0 kB
WritebackTmp:          0 kB
CommitLimit:     9202292 kB
Committed_AS:   75736840 kB
VmallocTotal:   263061440 kB
VmallocUsed:      111012 kB
VmallocChunk:          0 kB
Percpu:             7616 kB
CmaTotal:         294912 kB
CmaFree:               0 kB
MemTotal:       12113140 kB
MemFree:         2827752 kB
MemAvailable:    6932060 kB
Buffers:            4552 kB
Cached:          3354628 kB
SwapCached:         1196 kB
Active:          3669232 kB
Inactive:        2028716 kB
Active(anon):    1749304 kB
Inactive(anon):   634932 kB
Active(file):    1919928 kB
Inactive(file):  1393784 kB
Unevictable:        5576 kB
Mlocked:            5576 kB
SwapTotal:       3145724 kB
SwapFree:        3118204 kB
Dirty:               936 kB
Writeback:             0 kB
AnonPages:       2343636 kB
Mapped:           602160 kB
Shmem:             40932 kB
KReclaimable:    1659300 kB
Slab:             228580 kB
SReclaimable:      75352 kB
SUnreclaim:       153228 kB
KernelStack:       54096 kB
PageTables:        71204 kB
NFS_Unstable:          0 kB
Bounce:                0 kB
WritebackTmp:          0 kB
CommitLimit:     9202292 kB
Committed_AS:   75737428 kB
VmallocTotal:   263061440 kB
VmallocUsed:      111092 kB
VmallocChunk:          0 kB
Percpu:             7616 kB
CmaTotal:         294912 kB
CmaFree:               8 kB
MemTotal:       12113140 kB
MemFree:         2841492 kB
MemAvailable:    6945800 kB
Buffers:            4552 kB
Cached:          3354852 kB
SwapCached:         1196 kB
Active:          3650604 kB
Inactive:        2028752 kB
Active(anon):    1730676 kB
Inactive(anon):   634968 kB
Active(file):    1919928 kB
Inactive(file):  1393784 kB
Unevictable:        5576 kB
Mlocked:            5576 kB
SwapTotal:       3145724 kB
SwapFree:        3118204 kB
Dirty:              1976 kB
Writeback:             0 kB
AnonPages:       2324600 kB
Mapped:           602272 kB
Shmem:             41032 kB
KReclaimable:    1659300 kB
Slab:             228592 kB
SReclaimable:      75352 kB
SUnreclaim:       153240 kB
KernelStack:       54024 kB
PageTables:        71264 kB
NFS_Unstable:          0 kB
Bounce:                0 kB
WritebackTmp:          0 kB
CommitLimit:     9202292 kB
Committed_AS:   75737480 kB
VmallocTotal:   263061440 kB
VmallocUsed:      111076 kB
VmallocChunk:          0 kB
Percpu:             7616 kB
CmaTotal:         294912 kB
CmaFree:               0 kB
MemTotal:       12113140 kB
MemFree:         2841912 kB
MemAvailable:    6946236 kB
Buffers:            4552 kB
Cached:          3354644 kB
SwapCached:         1196 kB
Active:          3651640 kB
Inactive:        2028732 kB
Active(anon):    1731712 kB
Inactive(anon):   634932 kB
Active(file):    1919928 kB
Inactive(file):  1393800 kB
Unevictable:        5576 kB
Mlocked:            5576 kB
SwapTotal:       3145724 kB
SwapFree:        3118204 kB
Dirty:               276 kB
Writeback:             0 kB
AnonPages:       2325684 kB
Mapped:           602168 kB
Shmem:             40932 kB
KReclaimable:    1659300 kB
Slab:             228600 kB
SReclaimable:      75352 kB
SUnreclaim:       153248 kB
KernelStack:       54064 kB
PageTables:        71212 kB
NFS_Unstable:          0 kB
Bounce:                0 kB
WritebackTmp:          0 kB
CommitLimit:     9202292 kB
Committed_AS:   75738152 kB
VmallocTotal:   263061440 kB
VmallocUsed:      111044 kB
VmallocChunk:          0 kB
Percpu:             7616 kB
CmaTotal:         294912 kB
CmaFree:               0 kB
MemTotal:       12113140 kB
MemFree:         2827040 kB
MemAvailable:    6931492 kB
Buffers:            4552 kB
Cached:          3354776 kB
SwapCached:         1196 kB
Active:          3666724 kB
Inactive:        2028864 kB
Active(anon):    1746796 kB
Inactive(anon):   634936 kB
Active(file):    1919928 kB
Inactive(file):  1393928 kB
Unevictable:        5576 kB
Mlocked:            5576 kB
SwapTotal:       3145724 kB
SwapFree:        3118204 kB
Dirty:               420 kB
Writeback:             0 kB
AnonPages:       2340392 kB
Mapped:           602576 kB
Shmem:             40936 kB
KReclaimable:    1659300 kB
Slab:             228560 kB
SReclaimable:      75352 kB
SUnreclaim:       153208 kB
KernelStack:       54008 kB
PageTables:        71432 kB
NFS_Unstable:          0 kB
Bounce:                0 kB
WritebackTmp:          0 kB
CommitLimit:     9202292 kB
Committed_AS:   75734128 kB
VmallocTotal:   263061440 kB
VmallocUsed:      110996 kB
VmallocChunk:          0 kB
Percpu:             7616 kB
CmaTotal:         294912 kB
CmaFree:               0 kB
MemTotal:       12113140 kB
MemFree:         2833156 kB
MemAvailable:    6937608 kB
Buffers:            4552 kB
Cached:          3354784 kB
SwapCached:         1196 kB
Active:          3659220 kB
Inactive:        2028872 kB
Active(anon):    1739292 kB
Inactive(anon):   634944 kB
Active(file):    1919928 kB
Inactive(file):  1393928 kB
Unevictable:        5576 kB
Mlocked:            5576 kB
SwapTotal:       3145724 kB
SwapFree:        3118204 kB
Dirty:               460 kB
Writeback:             0 kB
AnonPages:       2333368 kB
Mapped:           603068 kB
Shmem:             40944 kB
KReclaimable:    1659300 kB
Slab:             228600 kB
SReclaimable:      75352 kB
SUnreclaim:       153248 kB
KernelStack:       54032 kB
PageTables:        71456 kB
NFS_Unstable:          0 kB
Bounce:                0 kB
WritebackTmp:          0 kB
CommitLimit:     9202292 kB
Committed_AS:   75754948 kB
VmallocTotal:   263061440 kB
VmallocUsed:      110996 kB
VmallocChunk:          0 kB
Percpu:             7616 kB
CmaTotal:         294912 kB
CmaFree:               0 kB
MemTotal:       12113140 kB
MemFree:         2811636 kB
MemAvailable:    6916088 kB
Buffers:            4552 kB
Cached:          3354784 kB
SwapCached:         1196 kB
Active:          3680456 kB
Inactive:        2028872 kB
Active(anon):    1760528 kB
Inactive(anon):   634944 kB
Active(file):    1919928 kB
Inactive(file):  1393928 kB
Unevictable:        5576 kB
Mlocked:            5576 kB
SwapTotal:       3145724 kB
SwapFree:        3118204 kB
Dirty:               460 kB
Writeback:             0 kB
AnonPages:       2354640 kB
Mapped:           610012 kB
Shmem:             40944 kB
KReclaimable:    1659300 kB
Slab:             228604 kB
SReclaimable:      75352 kB
SUnreclaim:       153252 kB
KernelStack:       54016 kB
PageTables:        71284 kB
NFS_Unstable:          0 kB
Bounce:                0 kB
WritebackTmp:          0 kB
CommitLimit:     9202292 kB
Committed_AS:   75785404 kB
VmallocTotal:   263061440 kB
VmallocUsed:      111028 kB
VmallocChunk:          0 kB
Percpu:             7616 kB
CmaTotal:         294912 kB
CmaFree:               0 kB
MemTotal:       12113140 kB
MemFree:         2698116 kB
MemAvailable:    6802568 kB
Buffers:            4552 kB
Cached:          3354784 kB
SwapCached:         1196 kB
Active:          3796276 kB
Inactive:        2028872 kB
Active(anon):    1876348 kB
Inactive(anon):   634944 kB
Active(file):    1919928 kB
Inactive(file):  1393928 kB
Unevictable:        5576 kB
Mlocked:            5576 kB
SwapTotal:       3145724 kB
SwapFree:        3118204 kB
Dirty:               460 kB
Writeback:             0 kB
AnonPages:       2470308 kB
Mapped:           610228 kB
Shmem:             40944 kB
KReclaimable:    1659300 kB
Slab:             228612 kB
SReclaimable:      75352 kB
SUnreclaim:       153260 kB
KernelStack:       54192 kB
PageTables:        71536 kB
NFS_Unstable:          0 kB
Bounce:                0 kB
WritebackTmp:          0 kB
CommitLimit:     9202292 kB
Committed_AS:   75892524 kB
VmallocTotal:   263061440 kB
VmallocUsed:      111188 kB
VmallocChunk:          0 kB
Percpu:             7616 kB
CmaTotal:         294912 kB
CmaFree:               0 kB
MemTotal:       12113140 kB
MemFree:         2674824 kB
MemAvailable:    6779532 kB
Buffers:            4552 kB
Cached:          3354784 kB
SwapCached:         1196 kB
Active:          3817648 kB
Inactive:        2028872 kB
Active(anon):    1897720 kB
Inactive(anon):   634944 kB
Active(file):    1919928 kB
Inactive(file):  1393928 kB
Unevictable:        5576 kB
Mlocked:            5576 kB
SwapTotal:       3145724 kB
SwapFree:        3118204 kB
Dirty:               460 kB
Writeback:             0 kB
AnonPages:       2491896 kB
Mapped:           610436 kB
Shmem:             40944 kB
KReclaimable:    1659556 kB
Slab:             228872 kB
SReclaimable:      75608 kB
SUnreclaim:       153264 kB
KernelStack:       54192 kB
PageTables:        71648 kB
NFS_Unstable:          0 kB
Bounce:                0 kB
WritebackTmp:          0 kB
CommitLimit:     9202292 kB
Committed_AS:   75950836 kB
VmallocTotal:   263061440 kB
VmallocUsed:      111220 kB
VmallocChunk:          0 kB
Percpu:             7616 kB
CmaTotal:         294912 kB
CmaFree:               0 kB
MemTotal:       12113140 kB
MemFree:         2659528 kB
MemAvailable:    6763572 kB
Buffers:            4552 kB
Cached:          3354912 kB
SwapCached:         1196 kB
Active:          3830692 kB
Inactive:        2029000 kB
Active(anon):    1910764 kB
Inactive(anon):   634944 kB
Active(file):    1919928 kB
Inactive(file):  1394056 kB
Unevictable:        5576 kB
Mlocked:            5576 kB
SwapTotal:       3145724 kB
SwapFree:        3118204 kB
Dirty:               616 kB
Writeback:             0 kB
AnonPages:       2504604 kB
Mapped:           610928 kB
Shmem:             40944 kB
KReclaimable:    1658764 kB
Slab:             228844 kB
SReclaimable:      75608 kB
SUnreclaim:       153236 kB
KernelStack:       54224 kB
PageTables:        71520 kB
NFS_Unstable:          0 kB
Bounce:                0 kB
WritebackTmp:          0 kB
CommitLimit:     9202292 kB
Committed_AS:   75966740 kB
VmallocTotal:   263061440 kB
VmallocUsed:      111236 kB
VmallocChunk:          0 kB
Percpu:             7616 kB
CmaTotal:         294912 kB
CmaFree:               0 kB
MemTotal:       12113140 kB
MemFree:         2648428 kB
MemAvailable:    6752452 kB
Buffers:            4552 kB
Cached:          3354964 kB
SwapCached:         1196 kB
Active:          3843764 kB
Inactive:        2029052 kB
Active(anon):    1923836 kB
Inactive(anon):   635008 kB
Active(file):    1919928 kB
Inactive(file):  1394044 kB
Unevictable:        5576 kB
Mlocked:            5576 kB
SwapTotal:       3145724 kB
SwapFree:        3118204 kB
Dirty:               616 kB
Writeback:             0 kB
AnonPages:       2517844 kB
Mapped:           611224 kB
Shmem:             41008 kB
KReclaimable:    1658756 kB
Slab:             228728 kB
SReclaimable:      75608 kB
SUnreclaim:       153120 kB
KernelStack:       54220 kB
PageTables:        71636 kB
NFS_Unstable:          0 kB
Bounce:                0 kB
WritebackTmp:          0 kB
CommitLimit:     9202292 kB
Committed_AS:   75965832 kB
VmallocTotal:   263061440 kB
VmallocUsed:      111236 kB
VmallocChunk:          0 kB
Percpu:             7616 kB
CmaTotal:         294912 kB
CmaFree:              44 kB
MemTotal:       12113140 kB
MemFree:         2630388 kB
MemAvailable:    6731372 kB
Buffers:            4552 kB
Cached:          3354916 kB
SwapCached:         1196 kB
Active:          3861420 kB
Inactive:        2029004 kB
Active(anon):    1941492 kB
Inactive(anon):   634944 kB
Active(file):    1919928 kB
Inactive(file):  1394060 kB
Unevictable:        5576 kB
Mlocked:            5576 kB
SwapTotal:       3145724 kB
SwapFree:        3118204 kB
Dirty:               636 kB
Writeback:             0 kB
AnonPages:       2535472 kB
Mapped:           611032 kB
Shmem:             40944 kB
KReclaimable:    1655700 kB
Slab:             228904 kB
SReclaimable:      75624 kB
SUnreclaim:       153280 kB
KernelStack:       54224 kB
PageTables:        71764 kB
NFS_Unstable:          0 kB
Bounce:                0 kB
WritebackTmp:          0 kB
CommitLimit:     9202292 kB
Committed_AS:   75994772 kB
VmallocTotal:   263061440 kB
VmallocUsed:      111236 kB
VmallocChunk:          0 kB
Percpu:             7616 kB
CmaTotal:         294912 kB
CmaFree:               0 kB
MemTotal:       12113140 kB
MemFree:         2623736 kB
MemAvailable:    6719816 kB
Buffers:            4552 kB
Cached:          3354916 kB
SwapCached:         1196 kB
Active:          3869292 kB
Inactive:        2029000 kB
Active(anon):    1949364 kB
Inactive(anon):   634940 kB
Active(file):    1919928 kB
Inactive(file):  1394060 kB
Unevictable:        5576 kB
Mlocked:            5576 kB
SwapTotal:       3145724 kB
SwapFree:        3118204 kB
Dirty:               660 kB
Writeback:             0 kB
AnonPages:       2543500 kB
Mapped:           609852 kB
Shmem:             40944 kB
KReclaimable:    1650796 kB
Slab:             228912 kB
SReclaimable:      75624 kB
SUnreclaim:       153288 kB
KernelStack:       54192 kB
PageTables:        71832 kB
NFS_Unstable:          0 kB
Bounce:                0 kB
WritebackTmp:          0 kB
CommitLimit:     9202292 kB
Committed_AS:   76013568 kB
VmallocTotal:   263061440 kB
VmallocUsed:      111156 kB
VmallocChunk:          0 kB
Percpu:             7616 kB
CmaTotal:         294912 kB
CmaFree:               0 kB
MemTotal:       12113140 kB
MemFree:         2597904 kB
MemAvailable:    6593776 kB
Buffers:            4552 kB
Cached:          3355044 kB
SwapCached:         1196 kB
Active:          3895012 kB
Inactive:        2029128 kB
Active(anon):    1975084 kB
Inactive(anon):   634940 kB
Active(file):    1919928 kB
Inactive(file):  1394188 kB
Unevictable:        5576 kB
Mlocked:            5576 kB
SwapTotal:       3145724 kB
SwapFree:        3118204 kB
Dirty:               376 kB
Writeback:             0 kB
AnonPages:       2569268 kB
Mapped:           612140 kB
Shmem:             40944 kB
KReclaimable:    1550460 kB
Slab:             228912 kB
SReclaimable:      75608 kB
SUnreclaim:       153304 kB
KernelStack:       54176 kB
PageTables:        72044 kB
NFS_Unstable:          0 kB
Bounce:                0 kB
WritebackTmp:          0 kB
CommitLimit:     9202292 kB
Committed_AS:   76012296 kB
VmallocTotal:   263061440 kB
VmallocUsed:      111220 kB
VmallocChunk:          0 kB
Percpu:             7616 kB
CmaTotal:         294912 kB
CmaFree:               0 kB
MemTotal:       12113140 kB
MemFree:         2556924 kB
MemAvailable:    6551764 kB
Buffers:            4552 kB
Cached:          3355044 kB
SwapCached:         1196 kB
Active:          3933916 kB
Inactive:        2029128 kB
Active(anon):    2013988 kB
Inactive(anon):   634940 kB
Active(file):    1919928 kB
Inactive(file):  1394188 kB
Unevictable:        5576 kB
Mlocked:            5576 kB
SwapTotal:       3145724 kB
SwapFree:        3118204 kB
Dirty:               380 kB
Writeback:             0 kB
AnonPages:       2608116 kB
Mapped:           612568 kB
Shmem:             40944 kB
KReclaimable:    1549428 kB
Slab:             228924 kB
SReclaimable:      75608 kB
SUnreclaim:       153316 kB
KernelStack:       54192 kB
PageTables:        71912 kB
NFS_Unstable:          0 kB
Bounce:                0 kB
WritebackTmp:          0 kB
CommitLimit:     9202292 kB
Committed_AS:   76040884 kB
VmallocTotal:   263061440 kB
VmallocUsed:      111236 kB
VmallocChunk:          0 kB
Percpu:             7616 kB
CmaTotal:         294912 kB
CmaFree:               0 kB
MemTotal:       12113140 kB
MemFree:         2561928 kB
MemAvailable:    6535120 kB
Buffers:            4552 kB
Cached:          3355044 kB
SwapCached:         1196 kB
Active:          3930964 kB
Inactive:        2029128 kB
Active(anon):    2011036 kB
Inactive(anon):   634940 kB
Active(file):    1919928 kB
Inactive(file):  1394188 kB
Unevictable:        5576 kB
Mlocked:            5576 kB
SwapTotal:       3145724 kB
SwapFree:        3118204 kB
Dirty:               400 kB
Writeback:             0 kB
AnonPages:       2605140 kB
Mapped:           617952 kB
Shmem:             40944 kB
KReclaimable:    1527780 kB
Slab:             228928 kB
SReclaimable:      75608 kB
SUnreclaim:       153320 kB
KernelStack:       54224 kB
PageTables:        72016 kB
NFS_Unstable:          0 kB
Bounce:                0 kB
WritebackTmp:          0 kB
CommitLimit:     9202292 kB
Committed_AS:   76056904 kB
VmallocTotal:   263061440 kB
VmallocUsed:      111236 kB
VmallocChunk:          0 kB
Percpu:             7616 kB
CmaTotal:         294912 kB
CmaFree:               0 kB
MemTotal:       12113140 kB
MemFree:         2528004 kB
MemAvailable:    6490752 kB
Buffers:            4556 kB
Cached:          3355064 kB
SwapCached:         1196 kB
Active:          3966704 kB
Inactive:        2029148 kB
Active(anon):    2046772 kB
Inactive(anon):   634940 kB
Active(file):    1919932 kB
Inactive(file):  1394208 kB
Unevictable:        5576 kB
Mlocked:            5576 kB
SwapTotal:       3145724 kB
SwapFree:        3118204 kB
Dirty:               424 kB
Writeback:             0 kB
AnonPages:       2640936 kB
Mapped:           619172 kB
Shmem:             40944 kB
KReclaimable:    1517312 kB
Slab:             228960 kB
SReclaimable:      75608 kB
SUnreclaim:       153352 kB
KernelStack:       54192 kB
PageTables:        72040 kB
NFS_Unstable:          0 kB
Bounce:                0 kB
WritebackTmp:          0 kB
CommitLimit:     9202292 kB
Committed_AS:   76073628 kB
VmallocTotal:   263061440 kB
VmallocUsed:      111236 kB
VmallocChunk:          0 kB
Percpu:             7616 kB
CmaTotal:         294912 kB
CmaFree:               0 kB
MemTotal:       12113140 kB
MemFree:         2511652 kB
MemAvailable:    6402476 kB
Buffers:            4556 kB
Cached:          3355064 kB
SwapCached:         1196 kB
Active:          3982388 kB
Inactive:        2029148 kB
Active(anon):    2062456 kB
Inactive(anon):   634940 kB
Active(file):    1919932 kB
Inactive(file):  1394208 kB
Unevictable:        5576 kB
Mlocked:            5576 kB
SwapTotal:       3145724 kB
SwapFree:        3118204 kB
Dirty:               428 kB
Writeback:             0 kB
AnonPages:       2656440 kB
Mapped:           619940 kB
Shmem:             40944 kB
KReclaimable:    1445388 kB
Slab:             229008 kB
SReclaimable:      75608 kB
SUnreclaim:       153400 kB
KernelStack:       54208 kB
PageTables:        72176 kB
NFS_Unstable:          0 kB
Bounce:                0 kB
WritebackTmp:          0 kB
CommitLimit:     9202292 kB
Committed_AS:   76130984 kB
VmallocTotal:   263061440 kB
VmallocUsed:      111204 kB
VmallocChunk:          0 kB
Percpu:             7616 kB
CmaTotal:         294912 kB
CmaFree:               0 kB
MemTotal:       12113140 kB
MemFree:         2476656 kB
MemAvailable:    6401648 kB
Buffers:            4556 kB
Cached:          3355092 kB
SwapCached:         1196 kB
Active:          4016276 kB
Inactive:        2029176 kB
Active(anon):    2096344 kB
Inactive(anon):   634968 kB
Active(file):    1919932 kB
Inactive(file):  1394208 kB
Unevictable:        5576 kB
Mlocked:            5576 kB
SwapTotal:       3145724 kB
SwapFree:        3118204 kB
Dirty:               324 kB
Writeback:             0 kB
AnonPages:       2690456 kB
Mapped:           625072 kB
Shmem:             40972 kB
KReclaimable:    1479556 kB
Slab:             228996 kB
SReclaimable:      75608 kB
SUnreclaim:       153388 kB
KernelStack:       54384 kB
PageTables:        72236 kB
NFS_Unstable:          0 kB
Bounce:                0 kB
WritebackTmp:          0 kB
CommitLimit:     9202292 kB
Committed_AS:   76185352 kB
VmallocTotal:   263061440 kB
VmallocUsed:      111380 kB
VmallocChunk:          0 kB
Percpu:             7616 kB
CmaTotal:         294912 kB
CmaFree:               0 kB
MemTotal:       12113140 kB
MemFree:         2447592 kB
MemAvailable:    6316872 kB
Buffers:            4556 kB
Cached:          3355220 kB
SwapCached:         1196 kB
Active:          4045964 kB
Inactive:        2029304 kB
Active(anon):    2126032 kB
Inactive(anon):   634968 kB
Active(file):    1919932 kB
Inactive(file):  1394336 kB
Unevictable:        5576 kB
Mlocked:            5576 kB
SwapTotal:       3145724 kB
SwapFree:        3118204 kB
Dirty:               468 kB
Writeback:             0 kB
AnonPages:       2720080 kB
Mapped:           626728 kB
Shmem:             40972 kB
KReclaimable:    1423716 kB
Slab:             228928 kB
SReclaimable:      75608 kB
SUnreclaim:       153320 kB
KernelStack:       54304 kB
PageTables:        72128 kB
NFS_Unstable:          0 kB
Bounce:                0 kB
WritebackTmp:          0 kB
CommitLimit:     9202292 kB
Committed_AS:   76216312 kB
VmallocTotal:   263061440 kB
VmallocUsed:      111316 kB
VmallocChunk:          0 kB
Percpu:             7616 kB
CmaTotal:         294912 kB
CmaFree:               0 kB
MemTotal:       12113140 kB
MemFree:         2456648 kB
MemAvailable:    6325936 kB
Buffers:            4556 kB
Cached:          3355228 kB
SwapCached:         1196 kB
Active:          4033208 kB
Inactive:        2029312 kB
Active(anon):    2113276 kB
Inactive(anon):   634968 kB
Active(file):    1919932 kB
Inactive(file):  1394344 kB
Unevictable:        5576 kB
Mlocked:            5576 kB
SwapTotal:       3145724 kB
SwapFree:        3118204 kB
Dirty:               480 kB
Writeback:             0 kB
AnonPages:       2707360 kB
Mapped:           626844 kB
Shmem:             40972 kB
KReclaimable:    1423716 kB
Slab:             228984 kB
SReclaimable:      75608 kB
SUnreclaim:       153376 kB
KernelStack:       54304 kB
PageTables:        72272 kB
NFS_Unstable:          0 kB
Bounce:                0 kB
WritebackTmp:          0 kB
CommitLimit:     9202292 kB
Committed_AS:   76215392 kB
VmallocTotal:   263061440 kB
VmallocUsed:      111332 kB
VmallocChunk:          0 kB
Percpu:             7616 kB
CmaTotal:         294912 kB
CmaFree:               0 kB
MemTotal:       12113140 kB
MemFree:         2456936 kB
MemAvailable:    6325968 kB
Buffers:            4556 kB
Cached:          3355228 kB
SwapCached:         1196 kB
Active:          4034096 kB
Inactive:        2029312 kB
Active(anon):    2114164 kB
Inactive(anon):   634968 kB
Active(file):    1919932 kB
Inactive(file):  1394344 kB
Unevictable:        5576 kB
Mlocked:            5576 kB
SwapTotal:       3145724 kB
SwapFree:        3118204 kB
Dirty:               504 kB
Writeback:             0 kB
AnonPages:       2708228 kB
Mapped:           626916 kB
Shmem:             40972 kB
KReclaimable:    1423460 kB
Slab:             228988 kB
SReclaimable:      75608 kB
SUnreclaim:       153380 kB
KernelStack:       54304 kB
PageTables:        72272 kB
NFS_Unstable:          0 kB
Bounce:                0 kB
WritebackTmp:          0 kB
CommitLimit:     9202292 kB
Committed_AS:   76216292 kB
VmallocTotal:   263061440 kB
VmallocUsed:      111348 kB
VmallocChunk:          0 kB
Percpu:             7616 kB
CmaTotal:         294912 kB
CmaFree:               0 kB
MemTotal:       12113140 kB
MemFree:         2442240 kB
MemAvailable:    6311272 kB
Buffers:            4556 kB
Cached:          3355228 kB
SwapCached:         1196 kB
Active:          4049964 kB
Inactive:        2029312 kB
Active(anon):    2130032 kB
Inactive(anon):   634968 kB
Active(file):    1919932 kB
Inactive(file):  1394344 kB
Unevictable:        5576 kB
Mlocked:            5576 kB
SwapTotal:       3145724 kB
SwapFree:        3118204 kB
Dirty:               504 kB
Writeback:             0 kB
AnonPages:       2723660 kB
Mapped:           627048 kB
Shmem:             40972 kB
KReclaimable:    1423460 kB
Slab:             228988 kB
SReclaimable:      75608 kB
SUnreclaim:       153380 kB
KernelStack:       54320 kB
PageTables:        72352 kB
NFS_Unstable:          0 kB
Bounce:                0 kB
WritebackTmp:          0 kB
CommitLimit:     9202292 kB
Committed_AS:   76215172 kB
VmallocTotal:   263061440 kB
VmallocUsed:      111348 kB
VmallocChunk:          0 kB
Percpu:             7616 kB
CmaTotal:         294912 kB
CmaFree:               0 kB
MemTotal:       12113140 kB
MemFree:         2444756 kB
MemAvailable:    6313936 kB
Buffers:            4556 kB
Cached:          3355576 kB
SwapCached:         1196 kB
Active:          4045020 kB
Inactive:        2029652 kB
Active(anon):    2125076 kB
Inactive(anon):   635172 kB
Active(file):    1919944 kB
Inactive(file):  1394480 kB
Unevictable:        5576 kB
Mlocked:            5576 kB
SwapTotal:       3145724 kB
SwapFree:        3118204 kB
Dirty:              1352 kB
Writeback:             0 kB
AnonPages:       2718992 kB
Mapped:           627228 kB
Shmem:             41172 kB
KReclaimable:    1423460 kB
Slab:             228928 kB
SReclaimable:      75608 kB
SUnreclaim:       153320 kB
KernelStack:       54272 kB
PageTables:        72132 kB
NFS_Unstable:          0 kB
Bounce:                0 kB
WritebackTmp:          0 kB
CommitLimit:     9202292 kB
Committed_AS:   76215696 kB
VmallocTotal:   263061440 kB
VmallocUsed:      111332 kB
VmallocChunk:          0 kB
Percpu:             7616 kB
CmaTotal:         294912 kB
CmaFree:               0 kB
MemTotal:       12113140 kB
MemFree:         2444868 kB
MemAvailable:    6314180 kB
Buffers:            4556 kB
Cached:          3355512 kB
SwapCached:         1196 kB
Active:          4042108 kB
Inactive:        2029584 kB
Active(anon):    2122164 kB
Inactive(anon):   634972 kB
Active(file):    1919944 kB
Inactive(file):  1394612 kB
Unevictable:        5576 kB
Mlocked:            5576 kB
SwapTotal:       3145724 kB
SwapFree:        3118204 kB
Dirty:              1528 kB
Writeback:             0 kB
AnonPages:       2716072 kB
Mapped:           626976 kB
Shmem:             40976 kB
KReclaimable:    1423460 kB
Slab:             228904 kB
SReclaimable:      75608 kB
SUnreclaim:       153296 kB
KernelStack:       54288 kB
PageTables:        72088 kB
NFS_Unstable:          0 kB
Bounce:                0 kB
WritebackTmp:          0 kB
CommitLimit:     9202292 kB
Committed_AS:   76209436 kB
VmallocTotal:   263061440 kB
VmallocUsed:      111332 kB
VmallocChunk:          0 kB
Percpu:             7616 kB
CmaTotal:         294912 kB
CmaFree:               0 kB
MemTotal:       12113140 kB
MemFree:         2433784 kB
MemAvailable:    6303096 kB
Buffers:            4556 kB
Cached:          3355516 kB
SwapCached:         1196 kB
Active:          4055380 kB
Inactive:        2029588 kB
Active(anon):    2135436 kB
Inactive(anon):   634976 kB
Active(file):    1919944 kB
Inactive(file):  1394612 kB
Unevictable:        5576 kB
Mlocked:            5576 kB
SwapTotal:       3145724 kB
SwapFree:        3118204 kB
Dirty:              1556 kB
Writeback:             0 kB
AnonPages:       2729440 kB
Mapped:           627036 kB
Shmem:             40980 kB
KReclaimable:    1423460 kB
Slab:             228988 kB
SReclaimable:      75608 kB
SUnreclaim:       153380 kB
KernelStack:       54336 kB
PageTables:        72284 kB
NFS_Unstable:          0 kB
Bounce:                0 kB
WritebackTmp:          0 kB
CommitLimit:     9202292 kB
Committed_AS:   76215504 kB
VmallocTotal:   263061440 kB
VmallocUsed:      111348 kB
VmallocChunk:          0 kB
Percpu:             7616 kB
CmaTotal:         294912 kB
CmaFree:               0 kB
MemTotal:       12113140 kB
MemFree:         2444204 kB
MemAvailable:    6313544 kB
Buffers:            4556 kB
Cached:          3355528 kB
SwapCached:         1196 kB
Active:          4042888 kB
Inactive:        2029600 kB
Active(anon):    2122944 kB
Inactive(anon):   634976 kB
Active(file):    1919944 kB
Inactive(file):  1394624 kB
Unevictable:        5576 kB
Mlocked:            5576 kB
SwapTotal:       3145724 kB
SwapFree:        3118204 kB
Dirty:              1572 kB
Writeback:             0 kB
AnonPages:       2716576 kB
Mapped:           627112 kB
Shmem:             40980 kB
KReclaimable:    1423476 kB
Slab:             229120 kB
SReclaimable:      75624 kB
SUnreclaim:       153496 kB
KernelStack:       54384 kB
PageTables:        72260 kB
NFS_Unstable:          0 kB
Bounce:                0 kB
WritebackTmp:          0 kB
CommitLimit:     9202292 kB
Committed_AS:   76216292 kB
VmallocTotal:   263061440 kB
VmallocUsed:      111364 kB
VmallocChunk:          0 kB
Percpu:             7616 kB
CmaTotal:         294912 kB
CmaFree:              12 kB
MemTotal:       12113140 kB
MemFree:         2446516 kB
MemAvailable:    6315976 kB
Buffers:            4556 kB
Cached:          3355656 kB
SwapCached:         1196 kB
Active:          4043228 kB
Inactive:        2029720 kB
Active(anon):    2123284 kB
Inactive(anon):   634976 kB
Active(file):    1919944 kB
Inactive(file):  1394744 kB
Unevictable:        5576 kB
Mlocked:            5576 kB
SwapTotal:       3145724 kB
SwapFree:        3118204 kB
Dirty:              1720 kB
Writeback:             0 kB
AnonPages:       2717352 kB
Mapped:           627076 kB
Shmem:             40980 kB
KReclaimable:    1423476 kB
Slab:             229008 kB
SReclaimable:      75624 kB
SUnreclaim:       153384 kB
KernelStack:       54320 kB
PageTables:        72268 kB
NFS_Unstable:          0 kB
Bounce:                0 kB
WritebackTmp:          0 kB
CommitLimit:     9202292 kB
Committed_AS:   76216428 kB
VmallocTotal:   263061440 kB
VmallocUsed:      111364 kB
VmallocChunk:          0 kB
Percpu:             7616 kB
CmaTotal:         294912 kB
CmaFree:               0 kB
MemTotal:       12113140 kB
MemFree:         2452912 kB
MemAvailable:    6322348 kB
Buffers:            4556 kB
Cached:          3355648 kB
SwapCached:         1196 kB
Active:          4038220 kB
Inactive:        2029712 kB
Active(anon):    2118276 kB
Inactive(anon):   634976 kB
Active(file):    1919944 kB
Inactive(file):  1394736 kB
Unevictable:        5576 kB
Mlocked:            5576 kB
SwapTotal:       3145724 kB
SwapFree:        3118204 kB
Dirty:               288 kB
Writeback:             0 kB
AnonPages:       2712424 kB
Mapped:           627148 kB
Shmem:             40980 kB
KReclaimable:    1423460 kB
Slab:             229076 kB
SReclaimable:      75608 kB
SUnreclaim:       153468 kB
KernelStack:       54400 kB
PageTables:        72144 kB
NFS_Unstable:          0 kB
Bounce:                0 kB
WritebackTmp:          0 kB
CommitLimit:     9202292 kB
Committed_AS:   76214732 kB
VmallocTotal:   263061440 kB
VmallocUsed:      111364 kB
VmallocChunk:          0 kB
Percpu:             7616 kB
CmaTotal:         294912 kB
CmaFree:               0 kB
MemTotal:       12113140 kB
MemFree:         2454916 kB
MemAvailable:    6324380 kB
Buffers:            4556 kB
Cached:          3355652 kB
SwapCached:         1196 kB
Active:          4034912 kB
Inactive:        2029724 kB
Active(anon):    2114968 kB
Inactive(anon):   634976 kB
Active(file):    1919944 kB
Inactive(file):  1394748 kB
Unevictable:        5576 kB
Mlocked:            5576 kB
SwapTotal:       3145724 kB
SwapFree:        3118204 kB
Dirty:               316 kB
Writeback:             0 kB
AnonPages:       2708468 kB
Mapped:           627260 kB
Shmem:             40980 kB
KReclaimable:    1423476 kB
Slab:             229152 kB
SReclaimable:      75624 kB
SUnreclaim:       153528 kB
KernelStack:       54384 kB
PageTables:        72300 kB
NFS_Unstable:          0 kB
Bounce:                0 kB
WritebackTmp:          0 kB
CommitLimit:     9202292 kB
Committed_AS:   76213596 kB
VmallocTotal:   263061440 kB
VmallocUsed:      111396 kB
VmallocChunk:          0 kB
Percpu:             7616 kB
CmaTotal:         294912 kB
CmaFree:               4 kB
MemTotal:       12113140 kB
MemFree:         2454276 kB
MemAvailable:    6323868 kB
Buffers:            4556 kB
Cached:          3355780 kB
SwapCached:         1196 kB
Active:          4034868 kB
Inactive:        2029852 kB
Active(anon):    2114924 kB
Inactive(anon):   634976 kB
Active(file):    1919944 kB
Inactive(file):  1394876 kB
Unevictable:        5576 kB
Mlocked:            5576 kB
SwapTotal:       3145724 kB
SwapFree:        3118204 kB
Dirty:               496 kB
Writeback:             0 kB
AnonPages:       2708988 kB
Mapped:           627100 kB
Shmem:             40980 kB
KReclaimable:    1423476 kB
Slab:             229004 kB
SReclaimable:      75624 kB
SUnreclaim:       153380 kB
KernelStack:       54352 kB
PageTables:        72280 kB
NFS_Unstable:          0 kB
Bounce:                0 kB
WritebackTmp:          0 kB
CommitLimit:     9202292 kB
Committed_AS:   76211992 kB
VmallocTotal:   263061440 kB
VmallocUsed:      111396 kB
VmallocChunk:          0 kB
Percpu:             7616 kB
CmaTotal:         294912 kB
CmaFree:               0 kB
MemTotal:       12113140 kB
MemFree:         2442712 kB
MemAvailable:    6312304 kB
Buffers:            4556 kB
Cached:          3355780 kB
SwapCached:         1196 kB
Active:          4047624 kB
Inactive:        2029852 kB
Active(anon):    2127680 kB
Inactive(anon):   634976 kB
Active(file):    1919944 kB
Inactive(file):  1394876 kB
Unevictable:        5576 kB
Mlocked:            5576 kB
SwapTotal:       3145724 kB
SwapFree:        3118204 kB
Dirty:               496 kB
Writeback:             0 kB
AnonPages:       2721796 kB
Mapped:           627128 kB
Shmem:             40980 kB
KReclaimable:    1423476 kB
Slab:             229012 kB
SReclaimable:      75624 kB
SUnreclaim:       153388 kB
KernelStack:       54400 kB
PageTables:        72332 kB
NFS_Unstable:          0 kB
Bounce:                0 kB
WritebackTmp:          0 kB
CommitLimit:     9202292 kB
Committed_AS:   76217260 kB
VmallocTotal:   263061440 kB
VmallocUsed:      111412 kB
VmallocChunk:          0 kB
Percpu:             7616 kB
CmaTotal:         294912 kB
CmaFree:               0 kB
MemTotal:       12113140 kB
MemFree:         2472708 kB
MemAvailable:    6342324 kB
Buffers:            4560 kB
Cached:          3355800 kB
SwapCached:         1196 kB
Active:          4012844 kB
Inactive:        2029872 kB
Active(anon):    2092896 kB
Inactive(anon):   634976 kB
Active(file):    1919948 kB
Inactive(file):  1394896 kB
Unevictable:        5576 kB
Mlocked:            5576 kB
SwapTotal:       3145724 kB
SwapFree:        3118204 kB
Dirty:               492 kB
Writeback:             0 kB
AnonPages:       2686772 kB
Mapped:           627104 kB
Shmem:             40980 kB
KReclaimable:    1423476 kB
Slab:             229000 kB
SReclaimable:      75624 kB
SUnreclaim:       153376 kB
KernelStack:       54352 kB
PageTables:        72248 kB
NFS_Unstable:          0 kB
Bounce:                0 kB
WritebackTmp:          0 kB
CommitLimit:     9202292 kB
Committed_AS:   76210296 kB
VmallocTotal:   263061440 kB
VmallocUsed:      111396 kB
VmallocChunk:          0 kB
Percpu:             7616 kB
CmaTotal:         294912 kB
CmaFree:               0 kB
MemTotal:       12113140 kB
MemFree:         2474244 kB
MemAvailable:    6343860 kB
Buffers:            4560 kB
Cached:          3355800 kB
SwapCached:         1196 kB
Active:          4012824 kB
Inactive:        2029872 kB
Active(anon):    2092876 kB
Inactive(anon):   634976 kB
Active(file):    1919948 kB
Inactive(file):  1394896 kB
Unevictable:        5576 kB
Mlocked:            5576 kB
SwapTotal:       3145724 kB
SwapFree:        3118204 kB
Dirty:               532 kB
Writeback:             0 kB
AnonPages:       2686956 kB
Mapped:           627136 kB
Shmem:             40980 kB
KReclaimable:    1423476 kB
Slab:             229004 kB
SReclaimable:      75624 kB
SUnreclaim:       153380 kB
KernelStack:       54384 kB
PageTables:        72304 kB
NFS_Unstable:          0 kB
Bounce:                0 kB
WritebackTmp:          0 kB
CommitLimit:     9202292 kB
Committed_AS:   76211296 kB
VmallocTotal:   263061440 kB
VmallocUsed:      111396 kB
VmallocChunk:          0 kB
Percpu:             7616 kB
CmaTotal:         294912 kB
CmaFree:               0 kB
MemTotal:       12113140 kB
MemFree:         2454540 kB
MemAvailable:    6324284 kB
Buffers:            4560 kB
Cached:          3355928 kB
SwapCached:         1196 kB
Active:          4035112 kB
Inactive:        2030000 kB
Active(anon):    2115164 kB
Inactive(anon):   634976 kB
Active(file):    1919948 kB
Inactive(file):  1395024 kB
Unevictable:        5576 kB
Mlocked:            5576 kB
SwapTotal:       3145724 kB
SwapFree:        3118204 kB
Dirty:               660 kB
Writeback:             0 kB
AnonPages:       2709520 kB
Mapped:           627128 kB
Shmem:             40980 kB
KReclaimable:    1423476 kB
Slab:             228968 kB
SReclaimable:      75624 kB
SUnreclaim:       153344 kB
KernelStack:       54352 kB
PageTables:        72276 kB
NFS_Unstable:          0 kB
Bounce:                0 kB
WritebackTmp:          0 kB
CommitLimit:     9202292 kB
Committed_AS:   76212624 kB
VmallocTotal:   263061440 kB
VmallocUsed:      111396 kB
VmallocChunk:          0 kB
Percpu:             7616 kB
CmaTotal:         294912 kB
CmaFree:               0 kB
MemTotal:       12113140 kB
MemFree:         2448004 kB
MemAvailable:    6317764 kB
Buffers:            4560 kB
Cached:          3355928 kB
SwapCached:         1196 kB
Active:          4040508 kB
Inactive:        2030000 kB
Active(anon):    2120560 kB
Inactive(anon):   634976 kB
Active(file):    1919948 kB
Inactive(file):  1395024 kB
Unevictable:        5576 kB
Mlocked:            5576 kB
SwapTotal:       3145724 kB
SwapFree:        3118204 kB
Dirty:               664 kB
Writeback:             0 kB
AnonPages:       2714556 kB
Mapped:           627132 kB
Shmem:             40980 kB
KReclaimable:    1423492 kB
Slab:             228972 kB
SReclaimable:      75640 kB
SUnreclaim:       153332 kB
KernelStack:       54336 kB
PageTables:        72284 kB
NFS_Unstable:          0 kB
Bounce:                0 kB
WritebackTmp:          0 kB
CommitLimit:     9202292 kB
Committed_AS:   76216616 kB
VmallocTotal:   263061440 kB
VmallocUsed:      111396 kB
VmallocChunk:          0 kB
Percpu:             7616 kB
CmaTotal:         294912 kB
CmaFree:               0 kB
MemTotal:       12113140 kB
MemFree:         2447032 kB
MemAvailable:    6316920 kB
Buffers:            4560 kB
Cached:          3356056 kB
SwapCached:         1196 kB
Active:          4039988 kB
Inactive:        2030128 kB
Active(anon):    2120040 kB
Inactive(anon):   634976 kB
Active(file):    1919948 kB
Inactive(file):  1395152 kB
Unevictable:        5576 kB
Mlocked:            5576 kB
SwapTotal:       3145724 kB
SwapFree:        3118204 kB
Dirty:               808 kB
Writeback:             0 kB
AnonPages:       2714160 kB
Mapped:           627164 kB
Shmem:             40980 kB
KReclaimable:    1423492 kB
Slab:             228972 kB
SReclaimable:      75640 kB
SUnreclaim:       153332 kB
KernelStack:       54352 kB
PageTables:        72336 kB
NFS_Unstable:          0 kB
Bounce:                0 kB
WritebackTmp:          0 kB
CommitLimit:     9202292 kB
Committed_AS:   76216352 kB
VmallocTotal:   263061440 kB
VmallocUsed:      111380 kB
VmallocChunk:          0 kB
Percpu:             7616 kB
CmaTotal:         294912 kB
CmaFree:               0 kB
MemTotal:       12113140 kB
MemFree:         2435432 kB
MemAvailable:    6305320 kB
Buffers:            4560 kB
Cached:          3356056 kB
SwapCached:         1196 kB
Active:          4052884 kB
Inactive:        2030128 kB
Active(anon):    2132936 kB
Inactive(anon):   634976 kB
Active(file):    1919948 kB
Inactive(file):  1395152 kB
Unevictable:        5576 kB
Mlocked:            5576 kB
SwapTotal:       3145724 kB
SwapFree:        3118204 kB
Dirty:               896 kB
Writeback:             0 kB
AnonPages:       2726948 kB
Mapped:           627168 kB
Shmem:             40980 kB
KReclaimable:    1423492 kB
Slab:             228964 kB
SReclaimable:      75640 kB
SUnreclaim:       153324 kB
KernelStack:       54112 kB
PageTables:        72280 kB
NFS_Unstable:          0 kB
Bounce:                0 kB
WritebackTmp:          0 kB
CommitLimit:     9202292 kB
Committed_AS:   76215992 kB
VmallocTotal:   263061440 kB
VmallocUsed:      111140 kB
VmallocChunk:          0 kB
Percpu:             7616 kB
CmaTotal:         294912 kB
CmaFree:              12 kB
MemTotal:       12113140 kB
MemFree:         2437520 kB
MemAvailable:    6307536 kB
Buffers:            4560 kB
Cached:          3356184 kB
SwapCached:         1196 kB
Active:          4050800 kB
Inactive:        2030256 kB
Active(anon):    2130852 kB
Inactive(anon):   634976 kB
Active(file):    1919948 kB
Inactive(file):  1395280 kB
Unevictable:        5576 kB
Mlocked:            5576 kB
SwapTotal:       3145724 kB
SwapFree:        3118204 kB
Dirty:               440 kB
Writeback:             0 kB
AnonPages:       2724924 kB
Mapped:           627172 kB
Shmem:             40980 kB
KReclaimable:    1423492 kB
Slab:             228972 kB
SReclaimable:      75640 kB
SUnreclaim:       153332 kB
KernelStack:       54144 kB
PageTables:        72336 kB
NFS_Unstable:          0 kB
Bounce:                0 kB
WritebackTmp:          0 kB
CommitLimit:     9202292 kB
Committed_AS:   76215932 kB
VmallocTotal:   263061440 kB
VmallocUsed:      111156 kB
VmallocChunk:          0 kB
Percpu:             7616 kB
CmaTotal:         294912 kB
CmaFree:               0 kB
MemTotal:       12113140 kB
MemFree:         2436356 kB
MemAvailable:    6306372 kB
Buffers:            4560 kB
Cached:          3356184 kB
SwapCached:         1196 kB
Active:          4052072 kB
Inactive:        2030256 kB
Active(anon):    2132124 kB
Inactive(anon):   634976 kB
Active(file):    1919948 kB
Inactive(file):  1395280 kB
Unevictable:        5576 kB
Mlocked:            5576 kB
SwapTotal:       3145724 kB
SwapFree:        3118204 kB
Dirty:               468 kB
Writeback:             0 kB
AnonPages:       2726056 kB
Mapped:           627172 kB
Shmem:             40980 kB
KReclaimable:    1423492 kB
Slab:             228972 kB
SReclaimable:      75640 kB
SUnreclaim:       153332 kB
KernelStack:       54112 kB
PageTables:        72276 kB
NFS_Unstable:          0 kB
Bounce:                0 kB
WritebackTmp:          0 kB
CommitLimit:     9202292 kB
Committed_AS:   76214832 kB
VmallocTotal:   263061440 kB
VmallocUsed:      111140 kB
VmallocChunk:          0 kB
Percpu:             7616 kB
CmaTotal:         294912 kB
CmaFree:               0 kB
MemTotal:       12113140 kB
MemFree:         2419764 kB
MemAvailable:    6289780 kB
Buffers:            4560 kB
Cached:          3356184 kB
SwapCached:         1196 kB
Active:          4069188 kB
Inactive:        2030256 kB
Active(anon):    2149240 kB
Inactive(anon):   634976 kB
Active(file):    1919948 kB
Inactive(file):  1395280 kB
Unevictable:        5576 kB
Mlocked:            5576 kB
SwapTotal:       3145724 kB
SwapFree:        3118204 kB
Dirty:               468 kB
Writeback:             0 kB
AnonPages:       2743168 kB
Mapped:           627176 kB
Shmem:             40980 kB
KReclaimable:    1423492 kB
Slab:             228980 kB
SReclaimable:      75640 kB
SUnreclaim:       153340 kB
KernelStack:       54144 kB
PageTables:        72328 kB
NFS_Unstable:          0 kB
Bounce:                0 kB
WritebackTmp:          0 kB
CommitLimit:     9202292 kB
Committed_AS:   76214748 kB
VmallocTotal:   263061440 kB
VmallocUsed:      111140 kB
VmallocChunk:          0 kB
Percpu:             7616 kB
CmaTotal:         294912 kB
CmaFree:               0 kB
MemTotal:       12113140 kB
MemFree:         2422828 kB
MemAvailable:    6292860 kB
Buffers:            4560 kB
Cached:          3356200 kB
SwapCached:         1196 kB
Active:          4063680 kB
Inactive:        2030272 kB
Active(anon):    2143732 kB
Inactive(anon):   634976 kB
Active(file):    1919948 kB
Inactive(file):  1395296 kB
Unevictable:        5576 kB
Mlocked:            5576 kB
SwapTotal:       3145724 kB
SwapFree:        3118204 kB
Dirty:               492 kB
Writeback:             0 kB
AnonPages:       2737680 kB
Mapped:           627176 kB
Shmem:             40980 kB
KReclaimable:    1423492 kB
Slab:             228908 kB
SReclaimable:      75640 kB
SUnreclaim:       153268 kB
KernelStack:       54080 kB
PageTables:        72124 kB
NFS_Unstable:          0 kB
Bounce:                0 kB
WritebackTmp:          0 kB
CommitLimit:     9202292 kB
Committed_AS:   76215584 kB
VmallocTotal:   263061440 kB
VmallocUsed:      111108 kB
VmallocChunk:          0 kB
Percpu:             7616 kB
CmaTotal:         294912 kB
CmaFree:               0 kB
MemTotal:       12113140 kB
MemFree:         2423300 kB
MemAvailable:    6293460 kB
Buffers:            4560 kB
Cached:          3356328 kB
SwapCached:         1196 kB
Active:          4065368 kB
Inactive:        2030400 kB
Active(anon):    2145420 kB
Inactive(anon):   634976 kB
Active(file):    1919948 kB
Inactive(file):  1395424 kB
Unevictable:        5576 kB
Mlocked:            5576 kB
SwapTotal:       3145724 kB
SwapFree:        3118204 kB
Dirty:               652 kB
Writeback:             0 kB
AnonPages:       2739356 kB
Mapped:           627180 kB
Shmem:             40980 kB
KReclaimable:    1423492 kB
Slab:             228976 kB
SReclaimable:      75640 kB
SUnreclaim:       153336 kB
KernelStack:       54080 kB
PageTables:        72304 kB
NFS_Unstable:          0 kB
Bounce:                0 kB
WritebackTmp:          0 kB
CommitLimit:     9202292 kB
Committed_AS:   76215372 kB
VmallocTotal:   263061440 kB
VmallocUsed:      111076 kB
VmallocChunk:          0 kB
Percpu:             7616 kB
CmaTotal:         294912 kB
CmaFree:               0 kB
MemTotal:       12113140 kB
MemFree:         2409980 kB
MemAvailable:    6280140 kB
Buffers:            4560 kB
Cached:          3356328 kB
SwapCached:         1196 kB
Active:          4080464 kB
Inactive:        2030400 kB
Active(anon):    2160516 kB
Inactive(anon):   634976 kB
Active(file):    1919948 kB
Inactive(file):  1395424 kB
Unevictable:        5576 kB
Mlocked:            5576 kB
SwapTotal:       3145724 kB
SwapFree:        3118204 kB
Dirty:               288 kB
Writeback:             0 kB
AnonPages:       2754552 kB
Mapped:           627180 kB
Shmem:             40980 kB
KReclaimable:    1423492 kB
Slab:             228964 kB
SReclaimable:      75640 kB
SUnreclaim:       153324 kB
KernelStack:       54048 kB
PageTables:        72280 kB
NFS_Unstable:          0 kB
Bounce:                0 kB
WritebackTmp:          0 kB
CommitLimit:     9202292 kB
Committed_AS:   76221288 kB
VmallocTotal:   263061440 kB
VmallocUsed:      111092 kB
VmallocChunk:          0 kB
Percpu:             7616 kB
CmaTotal:         294912 kB
CmaFree:               0 kB
MemTotal:       12113140 kB
MemFree:         2420236 kB
MemAvailable:    6290396 kB
Buffers:            4560 kB
Cached:          3356328 kB
SwapCached:         1196 kB
Active:          4068828 kB
Inactive:        2030400 kB
Active(anon):    2148880 kB
Inactive(anon):   634976 kB
Active(file):    1919948 kB
Inactive(file):  1395424 kB
Unevictable:        5576 kB
Mlocked:            5576 kB
SwapTotal:       3145724 kB
SwapFree:        3118204 kB
Dirty:               292 kB
Writeback:             0 kB
AnonPages:       2742932 kB
Mapped:           627184 kB
Shmem:             40980 kB
KReclaimable:    1423492 kB
Slab:             228956 kB
SReclaimable:      75640 kB
SUnreclaim:       153316 kB
KernelStack:       54048 kB
PageTables:        72284 kB
NFS_Unstable:          0 kB
Bounce:                0 kB
WritebackTmp:          0 kB
CommitLimit:     9202292 kB
Committed_AS:   76220696 kB
VmallocTotal:   263061440 kB
VmallocUsed:      111092 kB
VmallocChunk:          0 kB
Percpu:             7616 kB
CmaTotal:         294912 kB
CmaFree:               0 kB
MemTotal:       12113140 kB
MemFree:         2455776 kB
MemAvailable:    6326064 kB
Buffers:            4560 kB
Cached:          3356456 kB
SwapCached:         1196 kB
Active:          4033168 kB
Inactive:        2030528 kB
Active(anon):    2113220 kB
Inactive(anon):   634976 kB
Active(file):    1919948 kB
Inactive(file):  1395552 kB
Unevictable:        5576 kB
Mlocked:            5576 kB
SwapTotal:       3145724 kB
SwapFree:        3118204 kB
Dirty:               444 kB
Writeback:             0 kB
AnonPages:       2707284 kB
Mapped:           627184 kB
Shmem:             40980 kB
KReclaimable:    1423492 kB
Slab:             228956 kB
SReclaimable:      75640 kB
SUnreclaim:       153316 kB
KernelStack:       54048 kB
PageTables:        72292 kB
NFS_Unstable:          0 kB
Bounce:                0 kB
WritebackTmp:          0 kB
CommitLimit:     9202292 kB
Committed_AS:   76220768 kB
VmallocTotal:   263061440 kB
VmallocUsed:      111076 kB
VmallocChunk:          0 kB
Percpu:             7616 kB
CmaTotal:         294912 kB
CmaFree:               0 kB
MemTotal:       12113140 kB
MemFree:         2430276 kB
MemAvailable:    6300564 kB
Buffers:            4560 kB
Cached:          3356456 kB
SwapCached:         1196 kB
Active:          4059996 kB
Inactive:        2030528 kB
Active(anon):    2140048 kB
Inactive(anon):   634976 kB
Active(file):    1919948 kB
Inactive(file):  1395552 kB
Unevictable:        5576 kB
Mlocked:            5576 kB
SwapTotal:       3145724 kB
SwapFree:        3118204 kB
Dirty:               444 kB
Writeback:             0 kB
AnonPages:       2734008 kB
Mapped:           627200 kB
Shmem:             40980 kB
KReclaimable:    1423492 kB
Slab:             228964 kB
SReclaimable:      75640 kB
SUnreclaim:       153324 kB
KernelStack:       54080 kB
PageTables:        72332 kB
NFS_Unstable:          0 kB
Bounce:                0 kB
WritebackTmp:          0 kB
CommitLimit:     9202292 kB
Committed_AS:   76221660 kB
VmallocTotal:   263061440 kB
VmallocUsed:      111060 kB
VmallocChunk:          0 kB
Percpu:             7616 kB
CmaTotal:         294912 kB
CmaFree:               0 kB
MemTotal:       12113140 kB
MemFree:         2424608 kB
MemAvailable:    6295056 kB
Buffers:            4568 kB
Cached:          3356608 kB
SwapCached:         1196 kB
Active:          4062816 kB
Inactive:        2030680 kB
Active(anon):    2142860 kB
Inactive(anon):   634976 kB
Active(file):    1919956 kB
Inactive(file):  1395704 kB
Unevictable:        5576 kB
Mlocked:            5576 kB
SwapTotal:       3145724 kB
SwapFree:        3118204 kB
Dirty:               596 kB
Writeback:             0 kB
AnonPages:       2736956 kB
Mapped:           627184 kB
Shmem:             40980 kB
KReclaimable:    1423492 kB
Slab:             228956 kB
SReclaimable:      75640 kB
SUnreclaim:       153316 kB
KernelStack:       54048 kB
PageTables:        72284 kB
NFS_Unstable:          0 kB
Bounce:                0 kB
WritebackTmp:          0 kB
CommitLimit:     9202292 kB
Committed_AS:   76215756 kB
VmallocTotal:   263061440 kB
VmallocUsed:      111044 kB
VmallocChunk:          0 kB
Percpu:             7616 kB
CmaTotal:         294912 kB
CmaFree:               0 kB
MemTotal:       12113140 kB
MemFree:         2425228 kB
MemAvailable:    6295680 kB
Buffers:            4568 kB
Cached:          3356612 kB
SwapCached:         1196 kB
Active:          4063192 kB
Inactive:        2030688 kB
Active(anon):    2143240 kB
Inactive(anon):   634976 kB
Active(file):    1919952 kB
Inactive(file):  1395712 kB
Unevictable:        5576 kB
Mlocked:            5576 kB
SwapTotal:       3145724 kB
SwapFree:        3118204 kB
Dirty:               292 kB
Writeback:             0 kB
AnonPages:       2737212 kB
Mapped:           627184 kB
Shmem:             40980 kB
KReclaimable:    1423492 kB
Slab:             228968 kB
SReclaimable:      75640 kB
SUnreclaim:       153328 kB
KernelStack:       54080 kB
PageTables:        72340 kB
NFS_Unstable:          0 kB
Bounce:                0 kB
WritebackTmp:          0 kB
CommitLimit:     9202292 kB
Committed_AS:   76215816 kB
VmallocTotal:   263061440 kB
VmallocUsed:      111044 kB
VmallocChunk:          0 kB
Percpu:             7616 kB
CmaTotal:         294912 kB
CmaFree:               0 kB
MemTotal:       12113140 kB
MemFree:         2415516 kB
MemAvailable:    6285968 kB
Buffers:            4568 kB
Cached:          3356612 kB
SwapCached:         1196 kB
Active:          4073912 kB
Inactive:        2030688 kB
Active(anon):    2153960 kB
Inactive(anon):   634976 kB
Active(file):    1919952 kB
Inactive(file):  1395712 kB
Unevictable:        5576 kB
Mlocked:            5576 kB
SwapTotal:       3145724 kB
SwapFree:        3118204 kB
Dirty:               296 kB
Writeback:             0 kB
AnonPages:       2748008 kB
Mapped:           627184 kB
Shmem:             40980 kB
KReclaimable:    1423492 kB
Slab:             228956 kB
SReclaimable:      75640 kB
SUnreclaim:       153316 kB
KernelStack:       54048 kB
PageTables:        72288 kB
NFS_Unstable:          0 kB
Bounce:                0 kB
WritebackTmp:          0 kB
CommitLimit:     9202292 kB
Committed_AS:   76216544 kB
VmallocTotal:   263061440 kB
VmallocUsed:      111060 kB
VmallocChunk:          0 kB
Percpu:             7616 kB
CmaTotal:         294912 kB
CmaFree:              64 kB
MemTotal:       12113140 kB
MemFree:         2424324 kB
MemAvailable:    6294776 kB
Buffers:            4568 kB
Cached:          3356672 kB
SwapCached:         1196 kB
Active:          4064404 kB
Inactive:        2030612 kB
Active(anon):    2144452 kB
Inactive(anon):   634900 kB
Active(file):    1919952 kB
Inactive(file):  1395712 kB
Unevictable:        5576 kB
Mlocked:            5576 kB
SwapTotal:       3145724 kB
SwapFree:        3118204 kB
Dirty:               324 kB
Writeback:             0 kB
AnonPages:       2738340 kB
Mapped:           627104 kB
Shmem:             41040 kB
KReclaimable:    1423492 kB
Slab:             228960 kB
SReclaimable:      75640 kB
SUnreclaim:       153320 kB
KernelStack:       54032 kB
PageTables:        72312 kB
NFS_Unstable:          0 kB
Bounce:                0 kB
WritebackTmp:          0 kB
CommitLimit:     9202292 kB
Committed_AS:   76216100 kB
VmallocTotal:   263061440 kB
VmallocUsed:      111044 kB
VmallocChunk:          0 kB
Percpu:             7616 kB
CmaTotal:         294912 kB
CmaFree:               0 kB
MemTotal:       12113140 kB
MemFree:         2424184 kB
MemAvailable:    6294764 kB
Buffers:            4568 kB
Cached:          3356744 kB
SwapCached:         1196 kB
Active:          4064776 kB
Inactive:        2030820 kB
Active(anon):    2144824 kB
Inactive(anon):   634980 kB
Active(file):    1919952 kB
Inactive(file):  1395840 kB
Unevictable:        5576 kB
Mlocked:            5576 kB
SwapTotal:       3145724 kB
SwapFree:        3118204 kB
Dirty:               476 kB
Writeback:             0 kB
AnonPages:       2738872 kB
Mapped:           627188 kB
Shmem:             40984 kB
KReclaimable:    1423492 kB
Slab:             228960 kB
SReclaimable:      75640 kB
SUnreclaim:       153320 kB
KernelStack:       53920 kB
PageTables:        72284 kB
NFS_Unstable:          0 kB
Bounce:                0 kB
WritebackTmp:          0 kB
CommitLimit:     9202292 kB
Committed_AS:   76216012 kB
VmallocTotal:   263061440 kB
VmallocUsed:      110980 kB
VmallocChunk:          0 kB
Percpu:             7616 kB
CmaTotal:         294912 kB
CmaFree:               0 kB
MemTotal:       12113140 kB
MemFree:         2407136 kB
MemAvailable:    6277716 kB
Buffers:            4568 kB
Cached:          3356744 kB
SwapCached:         1196 kB
Active:          4082196 kB
Inactive:        2030820 kB
Active(anon):    2162244 kB
Inactive(anon):   634980 kB
Active(file):    1919952 kB
Inactive(file):  1395840 kB
Unevictable:        5576 kB
Mlocked:            5576 kB
SwapTotal:       3145724 kB
SwapFree:        3118204 kB
Dirty:               484 kB
Writeback:             0 kB
AnonPages:       2756392 kB
Mapped:           627188 kB
Shmem:             40984 kB
KReclaimable:    1423492 kB
Slab:             228952 kB
SReclaimable:      75640 kB
SUnreclaim:       153312 kB
KernelStack:       53920 kB
PageTables:        72280 kB
NFS_Unstable:          0 kB
Bounce:                0 kB
WritebackTmp:          0 kB
CommitLimit:     9202292 kB
Committed_AS:   76215908 kB
VmallocTotal:   263061440 kB
VmallocUsed:      110948 kB
VmallocChunk:          0 kB
Percpu:             7616 kB
CmaTotal:         294912 kB
CmaFree:               0 kB
MemTotal:       12113140 kB
MemFree:         2422928 kB
MemAvailable:    6293508 kB
Buffers:            4568 kB
Cached:          3356744 kB
SwapCached:         1196 kB
Active:          4065916 kB
Inactive:        2030820 kB
Active(anon):    2145964 kB
Inactive(anon):   634980 kB
Active(file):    1919952 kB
Inactive(file):  1395840 kB
Unevictable:        5576 kB
Mlocked:            5576 kB
SwapTotal:       3145724 kB
SwapFree:        3118204 kB
Dirty:               484 kB
Writeback:             0 kB
AnonPages:       2739956 kB
Mapped:           627188 kB
Shmem:             40984 kB
KReclaimable:    1423492 kB
Slab:             228960 kB
SReclaimable:      75640 kB
SUnreclaim:       153320 kB
KernelStack:       53904 kB
PageTables:        72288 kB
NFS_Unstable:          0 kB
Bounce:                0 kB
WritebackTmp:          0 kB
CommitLimit:     9202292 kB
Committed_AS:   76232180 kB
VmallocTotal:   263061440 kB
VmallocUsed:      110932 kB
VmallocChunk:          0 kB
Percpu:             7616 kB
CmaTotal:         294912 kB
CmaFree:               0 kB
MemTotal:       12113140 kB
MemFree:         2423732 kB
MemAvailable:    6294440 kB
Buffers:            4568 kB
Cached:          3356872 kB
SwapCached:         1196 kB
Active:          4065628 kB
Inactive:        2030948 kB
Active(anon):    2145676 kB
Inactive(anon):   634980 kB
Active(file):    1919952 kB
Inactive(file):  1395968 kB
Unevictable:        5576 kB
Mlocked:            5576 kB
SwapTotal:       3145724 kB
SwapFree:        3118204 kB
Dirty:               624 kB
Writeback:             0 kB
AnonPages:       2739728 kB
Mapped:           627188 kB
Shmem:             40984 kB
KReclaimable:    1423492 kB
Slab:             228960 kB
SReclaimable:      75640 kB
SUnreclaim:       153320 kB
KernelStack:       53872 kB
PageTables:        72288 kB
NFS_Unstable:          0 kB
Bounce:                0 kB
WritebackTmp:          0 kB
CommitLimit:     9202292 kB
Committed_AS:   76231944 kB
VmallocTotal:   263061440 kB
VmallocUsed:      110884 kB
VmallocChunk:          0 kB
Percpu:             7616 kB
CmaTotal:         294912 kB
CmaFree:               0 kB
MemTotal:       12113140 kB
MemFree:         2408796 kB
MemAvailable:    6279504 kB
Buffers:            4568 kB
Cached:          3356872 kB
SwapCached:         1196 kB
Active:          4078872 kB
Inactive:        2030948 kB
Active(anon):    2158920 kB
Inactive(anon):   634980 kB
Active(file):    1919952 kB
Inactive(file):  1395968 kB
Unevictable:        5576 kB
Mlocked:            5576 kB
SwapTotal:       3145724 kB
SwapFree:        3118204 kB
Dirty:               624 kB
Writeback:             0 kB
AnonPages:       2752892 kB
Mapped:           627188 kB
Shmem:             40984 kB
KReclaimable:    1423492 kB
Slab:             228960 kB
SReclaimable:      75640 kB
SUnreclaim:       153320 kB
KernelStack:       53840 kB
PageTables:        72288 kB
NFS_Unstable:          0 kB
Bounce:                0 kB
WritebackTmp:          0 kB
CommitLimit:     9202292 kB
Committed_AS:   76231936 kB
VmallocTotal:   263061440 kB
VmallocUsed:      110868 kB
VmallocChunk:          0 kB
Percpu:             7616 kB
CmaTotal:         294912 kB
CmaFree:               0 kB
MemTotal:       12113140 kB
MemFree:         2422216 kB
MemAvailable:    6293060 kB
Buffers:            4568 kB
Cached:          3357012 kB
SwapCached:         1196 kB
Active:          4065888 kB
Inactive:        2031088 kB
Active(anon):    2145936 kB
Inactive(anon):   634980 kB
Active(file):    1919952 kB
Inactive(file):  1396108 kB
Unevictable:        5576 kB
Mlocked:            5576 kB
SwapTotal:       3145724 kB
SwapFree:        3118204 kB
Dirty:               780 kB
Writeback:             0 kB
AnonPages:       2740028 kB
Mapped:           627200 kB
Shmem:             40984 kB
KReclaimable:    1423488 kB
Slab:             228956 kB
SReclaimable:      75636 kB
SUnreclaim:       153320 kB
KernelStack:       53808 kB
PageTables:        72280 kB
NFS_Unstable:          0 kB
Bounce:                0 kB
WritebackTmp:          0 kB
CommitLimit:     9202292 kB
Committed_AS:   76231692 kB
VmallocTotal:   263061440 kB
VmallocUsed:      110820 kB
VmallocChunk:          0 kB
Percpu:             7616 kB
CmaTotal:         294912 kB
CmaFree:               0 kB
MemTotal:       12113140 kB
MemFree:         2421876 kB
MemAvailable:    6292724 kB
Buffers:            4568 kB
Cached:          3357016 kB
SwapCached:         1196 kB
Active:          4066152 kB
Inactive:        2031092 kB
Active(anon):    2146200 kB
Inactive(anon):   634980 kB
Active(file):    1919952 kB
Inactive(file):  1396112 kB
Unevictable:        5576 kB
Mlocked:            5576 kB
SwapTotal:       3145724 kB
SwapFree:        3118204 kB
Dirty:               756 kB
Writeback:             0 kB
AnonPages:       2740196 kB
Mapped:           627204 kB
Shmem:             40984 kB
KReclaimable:    1423488 kB
Slab:             228956 kB
SReclaimable:      75636 kB
SUnreclaim:       153320 kB
KernelStack:       53760 kB
PageTables:        72276 kB
NFS_Unstable:          0 kB
Bounce:                0 kB
WritebackTmp:          0 kB
CommitLimit:     9202292 kB
Committed_AS:   76231376 kB
VmallocTotal:   263061440 kB
VmallocUsed:      110788 kB
VmallocChunk:          0 kB
Percpu:             7616 kB
CmaTotal:         294912 kB
CmaFree:               0 kB
MemTotal:       12113140 kB
MemFree:         2409096 kB
MemAvailable:    6279944 kB
Buffers:            4568 kB
Cached:          3357212 kB
SwapCached:         1196 kB
Active:          4079408 kB
Inactive:        2031092 kB
Active(anon):    2159456 kB
Inactive(anon):   634980 kB
Active(file):    1919952 kB
Inactive(file):  1396112 kB
Unevictable:        5576 kB
Mlocked:            5576 kB
SwapTotal:       3145724 kB
SwapFree:        3118204 kB
Dirty:               500 kB
Writeback:             0 kB
AnonPages:       2753236 kB
Mapped:           627404 kB
Shmem:             41180 kB
KReclaimable:    1423488 kB
Slab:             228948 kB
SReclaimable:      75636 kB
SUnreclaim:       153312 kB
KernelStack:       53732 kB
PageTables:        72232 kB
NFS_Unstable:          0 kB
Bounce:                0 kB
WritebackTmp:          0 kB
CommitLimit:     9202292 kB
Committed_AS:   76231556 kB
VmallocTotal:   263061440 kB
VmallocUsed:      110756 kB
VmallocChunk:          0 kB
Percpu:             7616 kB
CmaTotal:         294912 kB
CmaFree:               0 kB
MemTotal:       12113140 kB
MemFree:         2420592 kB
MemAvailable:    6291568 kB
Buffers:            4568 kB
Cached:          3357164 kB
SwapCached:         1196 kB
Active:          4066444 kB
Inactive:        2031240 kB
Active(anon):    2146492 kB
Inactive(anon):   635000 kB
Active(file):    1919952 kB
Inactive(file):  1396240 kB
Unevictable:        5576 kB
Mlocked:            5576 kB
SwapTotal:       3145724 kB
SwapFree:        3118204 kB
Dirty:               396 kB
Writeback:             0 kB
AnonPages:       2740572 kB
Mapped:           627224 kB
Shmem:             41004 kB
KReclaimable:    1423488 kB
Slab:             228956 kB
SReclaimable:      75636 kB
SUnreclaim:       153320 kB
KernelStack:       53696 kB
PageTables:        72276 kB
NFS_Unstable:          0 kB
Bounce:                0 kB
WritebackTmp:          0 kB
CommitLimit:     9202292 kB
Committed_AS:   76231516 kB
VmallocTotal:   263061440 kB
VmallocUsed:      110740 kB
VmallocChunk:          0 kB
Percpu:             7616 kB
CmaTotal:         294912 kB
CmaFree:               0 kB
MemTotal:       12113140 kB
MemFree:         2421496 kB
MemAvailable:    6292472 kB
Buffers:            4568 kB
Cached:          3357164 kB
SwapCached:         1196 kB
Active:          4066812 kB
Inactive:        2031236 kB
Active(anon):    2146856 kB
Inactive(anon):   635000 kB
Active(file):    1919956 kB
Inactive(file):  1396236 kB
Unevictable:        5576 kB
Mlocked:            5576 kB
SwapTotal:       3145724 kB
SwapFree:        3118204 kB
Dirty:               444 kB
Writeback:             0 kB
AnonPages:       2741028 kB
Mapped:           627224 kB
Shmem:             41004 kB
KReclaimable:    1423488 kB
Slab:             228964 kB
SReclaimable:      75636 kB
SUnreclaim:       153328 kB
KernelStack:       53728 kB
PageTables:        72336 kB
NFS_Unstable:          0 kB
Bounce:                0 kB
WritebackTmp:          0 kB
CommitLimit:     9202292 kB
Committed_AS:   76231428 kB
VmallocTotal:   263061440 kB
VmallocUsed:      110740 kB
VmallocChunk:          0 kB
Percpu:             7616 kB
CmaTotal:         294912 kB
CmaFree:               0 kB
MemTotal:       12113140 kB
MemFree:         2414320 kB
MemAvailable:    6285296 kB
Buffers:            4568 kB
Cached:          3357168 kB
SwapCached:         1196 kB
Active:          4073984 kB
Inactive:        2031240 kB
Active(anon):    2154028 kB
Inactive(anon):   635004 kB
Active(file):    1919956 kB
Inactive(file):  1396236 kB
Unevictable:        5576 kB
Mlocked:            5576 kB
SwapTotal:       3145724 kB
SwapFree:        3118204 kB
Dirty:               472 kB
Writeback:             0 kB
AnonPages:       2748064 kB
Mapped:           627228 kB
Shmem:             41008 kB
KReclaimable:    1423488 kB
Slab:             228956 kB
SReclaimable:      75636 kB
SUnreclaim:       153320 kB
KernelStack:       53696 kB
PageTables:        72276 kB
NFS_Unstable:          0 kB
Bounce:                0 kB
WritebackTmp:          0 kB
CommitLimit:     9202292 kB
Committed_AS:   76231360 kB
VmallocTotal:   263061440 kB
VmallocUsed:      110724 kB
VmallocChunk:          0 kB
Percpu:             7616 kB
CmaTotal:         294912 kB
CmaFree:             172 kB
MemTotal:       12113140 kB
MemFree:         2426040 kB
MemAvailable:    6297164 kB
Buffers:            4572 kB
Cached:          3357312 kB
SwapCached:         1196 kB
Active:          4062592 kB
Inactive:        2031384 kB
Active(anon):    2142632 kB
Inactive(anon):   635004 kB
Active(file):    1919960 kB
Inactive(file):  1396380 kB
Unevictable:        5576 kB
Mlocked:            5576 kB
SwapTotal:       3145724 kB
SwapFree:        3118204 kB
Dirty:               624 kB
Writeback:             0 kB
AnonPages:       2736724 kB
Mapped:           627436 kB
Shmem:             41008 kB
KReclaimable:    1423488 kB
Slab:             228956 kB
SReclaimable:      75636 kB
SUnreclaim:       153320 kB
KernelStack:       53712 kB
PageTables:        72284 kB
NFS_Unstable:          0 kB
Bounce:                0 kB
WritebackTmp:          0 kB
CommitLimit:     9202292 kB
Committed_AS:   76231248 kB
VmallocTotal:   263061440 kB
VmallocUsed:      110708 kB
VmallocChunk:          0 kB
Percpu:             7616 kB
CmaTotal:         294912 kB
CmaFree:               0 kB
MemTotal:       12113140 kB
MemFree:         2427112 kB
MemAvailable:    6298240 kB
Buffers:            4572 kB
Cached:          3357316 kB
SwapCached:         1196 kB
Active:          4060200 kB
Inactive:        2031388 kB
Active(anon):    2140240 kB
Inactive(anon):   635004 kB
Active(file):    1919960 kB
Inactive(file):  1396384 kB
Unevictable:        5576 kB
Mlocked:            5576 kB
SwapTotal:       3145724 kB
SwapFree:        3118204 kB
Dirty:               292 kB
Writeback:             0 kB
AnonPages:       2733968 kB
Mapped:           627440 kB
Shmem:             41008 kB
KReclaimable:    1423488 kB
Slab:             228956 kB
SReclaimable:      75636 kB
SUnreclaim:       153320 kB
KernelStack:       53696 kB
PageTables:        72284 kB
NFS_Unstable:          0 kB
Bounce:                0 kB
WritebackTmp:          0 kB
CommitLimit:     9202292 kB
Committed_AS:   76231484 kB
VmallocTotal:   263061440 kB
VmallocUsed:      110676 kB
VmallocChunk:          0 kB
Percpu:             7616 kB
CmaTotal:         294912 kB
CmaFree:              56 kB
MemTotal:       12113140 kB
MemFree:         2410824 kB
MemAvailable:    6374716 kB
Buffers:            4572 kB
Cached:          3357320 kB
SwapCached:         1196 kB
Active:          4078756 kB
Inactive:        2031392 kB
Active(anon):    2158796 kB
Inactive(anon):   635004 kB
Active(file):    1919960 kB
Inactive(file):  1396388 kB
Unevictable:        5576 kB
Mlocked:            5576 kB
SwapTotal:       3145724 kB
SwapFree:        3118204 kB
Dirty:               336 kB
Writeback:            16 kB
AnonPages:       2752744 kB
Mapped:           627440 kB
Shmem:             41008 kB
KReclaimable:    1516248 kB
Slab:             228956 kB
SReclaimable:      75636 kB
SUnreclaim:       153320 kB
KernelStack:       53696 kB
PageTables:        72276 kB
NFS_Unstable:          0 kB
Bounce:                0 kB
WritebackTmp:          0 kB
CommitLimit:     9202292 kB
Committed_AS:   76231620 kB
VmallocTotal:   263061440 kB
VmallocUsed:      110724 kB
VmallocChunk:          0 kB
Percpu:             7616 kB
CmaTotal:         294912 kB
CmaFree:               0 kB
MemTotal:       12113140 kB
MemFree:         2423104 kB
MemAvailable:    6418432 kB
Buffers:            4572 kB
Cached:          3357296 kB
SwapCached:         1196 kB
Active:          4066800 kB
Inactive:        2031360 kB
Active(anon):    2146840 kB
Inactive(anon):   634972 kB
Active(file):    1919960 kB
Inactive(file):  1396388 kB
Unevictable:        5576 kB
Mlocked:            5576 kB
SwapTotal:       3145724 kB
SwapFree:        3118204 kB
Dirty:               352 kB
Writeback:             0 kB
AnonPages:       2740824 kB
Mapped:           619456 kB
Shmem:             40984 kB
KReclaimable:    1547684 kB
Slab:             228924 kB
SReclaimable:      75636 kB
SUnreclaim:       153288 kB
KernelStack:       53664 kB
PageTables:        72308 kB
NFS_Unstable:          0 kB
Bounce:                0 kB
WritebackTmp:          0 kB
CommitLimit:     9202292 kB
Committed_AS:   76230920 kB
VmallocTotal:   263061440 kB
VmallocUsed:      110612 kB
VmallocChunk:          0 kB
Percpu:             7616 kB
CmaTotal:         294912 kB
CmaFree:               0 kB
MemTotal:       12113140 kB
MemFree:         2439048 kB
MemAvailable:    6422384 kB
Buffers:            4572 kB
Cached:          3357424 kB
SwapCached:         1196 kB
Active:          4052284 kB
Inactive:        2031488 kB
Active(anon):    2132324 kB
Inactive(anon):   634972 kB
Active(file):    1919960 kB
Inactive(file):  1396516 kB
Unevictable:        5576 kB
Mlocked:            5576 kB
SwapTotal:       3145724 kB
SwapFree:        3118204 kB
Dirty:               504 kB
Writeback:             0 kB
AnonPages:       2726376 kB
Mapped:           619336 kB
Shmem:             40984 kB
KReclaimable:    1535564 kB
Slab:             228920 kB
SReclaimable:      75636 kB
SUnreclaim:       153284 kB
KernelStack:       53664 kB
PageTables:        72304 kB
NFS_Unstable:          0 kB
Bounce:                0 kB
WritebackTmp:          0 kB
CommitLimit:     9202292 kB
Committed_AS:   76230384 kB
VmallocTotal:   263061440 kB
VmallocUsed:      110596 kB
VmallocChunk:          0 kB
Percpu:             7616 kB
CmaTotal:         294912 kB
CmaFree:               0 kB
MemTotal:       12113140 kB
MemFree:         2350076 kB
MemAvailable:    6243100 kB
Buffers:            4572 kB
Cached:          3357424 kB
SwapCached:         1196 kB
Active:          4141088 kB
Inactive:        2031488 kB
Active(anon):    2221128 kB
Inactive(anon):   634972 kB
Active(file):    1919960 kB
Inactive(file):  1396516 kB
Unevictable:        5576 kB
Mlocked:            5576 kB
SwapTotal:       3145724 kB
SwapFree:        3118204 kB
Dirty:               504 kB
Writeback:             0 kB
AnonPages:       2815188 kB
Mapped:           702392 kB
Shmem:             40984 kB
KReclaimable:    1445252 kB
Slab:             228972 kB
SReclaimable:      75636 kB
SUnreclaim:       153336 kB
KernelStack:       53664 kB
PageTables:        72576 kB
NFS_Unstable:          0 kB
Bounce:                0 kB
WritebackTmp:          0 kB
CommitLimit:     9202292 kB
Committed_AS:   76306596 kB
VmallocTotal:   263061440 kB
VmallocUsed:      110628 kB
VmallocChunk:          0 kB
Percpu:             7616 kB
CmaTotal:         294912 kB
CmaFree:               0 kB
MemTotal:       12113140 kB
MemFree:         2364832 kB
MemAvailable:    6257856 kB
Buffers:            4572 kB
Cached:          3357424 kB
SwapCached:         1196 kB
Active:          4124448 kB
Inactive:        2031488 kB
Active(anon):    2204488 kB
Inactive(anon):   634972 kB
Active(file):    1919960 kB
Inactive(file):  1396516 kB
Unevictable:        5576 kB
Mlocked:            5576 kB
SwapTotal:       3145724 kB
SwapFree:        3118204 kB
Dirty:               296 kB
Writeback:             0 kB
AnonPages:       2798504 kB
Mapped:           702772 kB
Shmem:             40984 kB
KReclaimable:    1445252 kB
Slab:             228972 kB
SReclaimable:      75636 kB
SUnreclaim:       153336 kB
KernelStack:       53680 kB
PageTables:        72796 kB
NFS_Unstable:          0 kB
Bounce:                0 kB
WritebackTmp:          0 kB
CommitLimit:     9202292 kB
Committed_AS:   76306580 kB
VmallocTotal:   263061440 kB
VmallocUsed:      110628 kB
VmallocChunk:          0 kB
Percpu:             7616 kB
CmaTotal:         294912 kB
CmaFree:               0 kB
MemTotal:       12113140 kB
MemFree:         2362416 kB
MemAvailable:    6236512 kB
Buffers:            4572 kB
Cached:          3357424 kB
SwapCached:         1196 kB
Active:          4127440 kB
Inactive:        2031488 kB
Active(anon):    2207480 kB
Inactive(anon):   634972 kB
Active(file):    1919960 kB
Inactive(file):  1396516 kB
Unevictable:        5576 kB
Mlocked:            5576 kB
SwapTotal:       3145724 kB
SwapFree:        3118204 kB
Dirty:               332 kB
Writeback:             0 kB
AnonPages:       2801412 kB
Mapped:           702844 kB
Shmem:             40984 kB
KReclaimable:    1426324 kB
Slab:             228980 kB
SReclaimable:      75636 kB
SUnreclaim:       153344 kB
KernelStack:       53664 kB
PageTables:        72584 kB
NFS_Unstable:          0 kB
Bounce:                0 kB
WritebackTmp:          0 kB
CommitLimit:     9202292 kB
Committed_AS:   76306676 kB
VmallocTotal:   263061440 kB
VmallocUsed:      110644 kB
VmallocChunk:          0 kB
Percpu:             7616 kB
CmaTotal:         294912 kB
CmaFree:               0 kB
MemTotal:       12113140 kB
MemFree:         2341832 kB
MemAvailable:    6216048 kB
Buffers:            4572 kB
Cached:          3357552 kB
SwapCached:         1196 kB
Active:          4146760 kB
Inactive:        2031608 kB
Active(anon):    2226800 kB
Inactive(anon):   634972 kB
Active(file):    1919960 kB
Inactive(file):  1396636 kB
Unevictable:        5576 kB
Mlocked:            5576 kB
SwapTotal:       3145724 kB
SwapFree:        3118204 kB
Dirty:               460 kB
Writeback:             0 kB
AnonPages:       2814524 kB
Mapped:           703544 kB
Shmem:             40984 kB
KReclaimable:    1426324 kB
Slab:             228992 kB
SReclaimable:      75636 kB
SUnreclaim:       153356 kB
KernelStack:       53696 kB
PageTables:        72632 kB
NFS_Unstable:          0 kB
Bounce:                0 kB
WritebackTmp:          0 kB
CommitLimit:     9202292 kB
Committed_AS:   76306824 kB
VmallocTotal:   263061440 kB
VmallocUsed:      110644 kB
VmallocChunk:          0 kB
Percpu:             7616 kB
CmaTotal:         294912 kB
CmaFree:               0 kB
MemTotal:       12113140 kB
MemFree:         2356712 kB
MemAvailable:    6228828 kB
Buffers:            4572 kB
Cached:          3357564 kB
SwapCached:         1196 kB
Active:          4131664 kB
Inactive:        2031628 kB
Active(anon):    2211704 kB
Inactive(anon):   634972 kB
Active(file):    1919960 kB
Inactive(file):  1396656 kB
Unevictable:        5576 kB
Mlocked:            5576 kB
SwapTotal:       3145724 kB
SwapFree:        3118204 kB
Dirty:               520 kB
Writeback:             0 kB
AnonPages:       2805720 kB
Mapped:           703996 kB
Shmem:             40984 kB
KReclaimable:    1424204 kB
Slab:             228992 kB
SReclaimable:      75636 kB
SUnreclaim:       153356 kB
KernelStack:       53664 kB
PageTables:        72596 kB
NFS_Unstable:          0 kB
Bounce:                0 kB
WritebackTmp:          0 kB
CommitLimit:     9202292 kB
Committed_AS:   76306808 kB
VmallocTotal:   263061440 kB
VmallocUsed:      110628 kB
VmallocChunk:          0 kB
Percpu:             7616 kB
CmaTotal:         294912 kB
CmaFree:               0 kB
MemTotal:       12113140 kB
MemFree:         2350628 kB
MemAvailable:    6222664 kB
Buffers:            4572 kB
Cached:          3357564 kB
SwapCached:         1196 kB
Active:          4139372 kB
Inactive:        2031624 kB
Active(anon):    2219408 kB
Inactive(anon):   634972 kB
Active(file):    1919964 kB
Inactive(file):  1396652 kB
Unevictable:        5576 kB
Mlocked:            5576 kB
SwapTotal:       3145724 kB
SwapFree:        3118204 kB
Dirty:               532 kB
Writeback:             0 kB
AnonPages:       2813400 kB
Mapped:           704012 kB
Shmem:             40984 kB
KReclaimable:    1424124 kB
Slab:             229080 kB
SReclaimable:      75636 kB
SUnreclaim:       153444 kB
KernelStack:       53680 kB
PageTables:        72780 kB
NFS_Unstable:          0 kB
Bounce:                0 kB
WritebackTmp:          0 kB
CommitLimit:     9202292 kB
Committed_AS:   76305816 kB
VmallocTotal:   263061440 kB
VmallocUsed:      110628 kB
VmallocChunk:          0 kB
Percpu:             7616 kB
CmaTotal:         294912 kB
CmaFree:               0 kB
MemTotal:       12113140 kB
MemFree:         2331872 kB
MemAvailable:    6206152 kB
Buffers:            4572 kB
Cached:          3357564 kB
SwapCached:         1196 kB
Active:          4158288 kB
Inactive:        2031624 kB
Active(anon):    2238324 kB
Inactive(anon):   634972 kB
Active(file):    1919964 kB
Inactive(file):  1396652 kB
Unevictable:        5576 kB
Mlocked:            5576 kB
SwapTotal:       3145724 kB
SwapFree:        3118204 kB
Dirty:               308 kB
Writeback:             0 kB
AnonPages:       2827264 kB
Mapped:           703168 kB
Shmem:             40984 kB
KReclaimable:    1426368 kB
Slab:             229004 kB
SReclaimable:      75636 kB
SUnreclaim:       153368 kB
KernelStack:       53648 kB
PageTables:        72620 kB
NFS_Unstable:          0 kB
Bounce:                0 kB
WritebackTmp:          0 kB
CommitLimit:     9202292 kB
Committed_AS:   76312552 kB
VmallocTotal:   263061440 kB
VmallocUsed:      110628 kB
VmallocChunk:          0 kB
Percpu:             7616 kB
CmaTotal:         294912 kB
CmaFree:               0 kB
MemTotal:       12113140 kB
MemFree:         2348140 kB
MemAvailable:    6221396 kB
Buffers:            4572 kB
Cached:          3357564 kB
SwapCached:         1196 kB
Active:          4141568 kB
Inactive:        2031624 kB
Active(anon):    2221604 kB
Inactive(anon):   634972 kB
Active(file):    1919964 kB
Inactive(file):  1396652 kB
Unevictable:        5576 kB
Mlocked:            5576 kB
SwapTotal:       3145724 kB
SwapFree:        3118204 kB
Dirty:               316 kB
Writeback:             0 kB
AnonPages:       2815760 kB
Mapped:           704176 kB
Shmem:             40984 kB
KReclaimable:    1425344 kB
Slab:             229004 kB
SReclaimable:      75636 kB
SUnreclaim:       153368 kB
KernelStack:       53680 kB
PageTables:        72616 kB
NFS_Unstable:          0 kB
Bounce:                0 kB
WritebackTmp:          0 kB
CommitLimit:     9202292 kB
Committed_AS:   76306528 kB
VmallocTotal:   263061440 kB
VmallocUsed:      110660 kB
VmallocChunk:          0 kB
Percpu:             7616 kB
CmaTotal:         294912 kB
CmaFree:               0 kB
MemTotal:       12113140 kB
MemFree:         2307384 kB
MemAvailable:    6175432 kB
Buffers:            4572 kB
Cached:          3357588 kB
SwapCached:         1196 kB
Active:          4182528 kB
Inactive:        2031648 kB
Active(anon):    2262564 kB
Inactive(anon):   634996 kB
Active(file):    1919964 kB
Inactive(file):  1396652 kB
Unevictable:        5576 kB
Mlocked:            5576 kB
SwapTotal:       3145724 kB
SwapFree:        3118204 kB
Dirty:               368 kB
Writeback:             0 kB
AnonPages:       2856844 kB
Mapped:           703348 kB
Shmem:             41008 kB
KReclaimable:    1420136 kB
Slab:             228996 kB
SReclaimable:      75636 kB
SUnreclaim:       153360 kB
KernelStack:       53760 kB
PageTables:        72696 kB
NFS_Unstable:          0 kB
Bounce:                0 kB
WritebackTmp:          0 kB
CommitLimit:     9202292 kB
Committed_AS:   76323600 kB
VmallocTotal:   263061440 kB
VmallocUsed:      110708 kB
VmallocChunk:          0 kB
Percpu:             7616 kB
CmaTotal:         294912 kB
CmaFree:               0 kB
MemTotal:       12113140 kB
MemFree:         2244064 kB
MemAvailable:    6107172 kB
Buffers:            4572 kB
Cached:          3357720 kB
SwapCached:         1196 kB
Active:          4248044 kB
Inactive:        2031464 kB
Active(anon):    2327764 kB
Inactive(anon):   634996 kB
Active(file):    1920280 kB
Inactive(file):  1396468 kB
Unevictable:        5576 kB
Mlocked:            5576 kB
SwapTotal:       3145724 kB
SwapFree:        3118204 kB
Dirty:               520 kB
Writeback:             0 kB
AnonPages:       2921668 kB
Mapped:           708520 kB
Shmem:             41008 kB
KReclaimable:    1415064 kB
Slab:             229100 kB
SReclaimable:      75636 kB
SUnreclaim:       153464 kB
KernelStack:       53792 kB
PageTables:        72836 kB
NFS_Unstable:          0 kB
Bounce:                0 kB
WritebackTmp:          0 kB
CommitLimit:     9202292 kB
Committed_AS:   76411656 kB
VmallocTotal:   263061440 kB
VmallocUsed:      110756 kB
VmallocChunk:          0 kB
Percpu:             7616 kB
CmaTotal:         294912 kB
CmaFree:               0 kB
MemTotal:       12113140 kB
MemFree:         2245896 kB
MemAvailable:    6110524 kB
Buffers:            4576 kB
Cached:          3357740 kB
SwapCached:         1196 kB
Active:          4246784 kB
Inactive:        2030396 kB
Active(anon):    2325412 kB
Inactive(anon):   634996 kB
Active(file):    1921372 kB
Inactive(file):  1395400 kB
Unevictable:        5576 kB
Mlocked:            5576 kB
SwapTotal:       3145724 kB
SwapFree:        3118204 kB
Dirty:               508 kB
Writeback:             0 kB
AnonPages:       2919448 kB
Mapped:           707924 kB
Shmem:             41008 kB
KReclaimable:    1416560 kB
Slab:             229108 kB
SReclaimable:      75636 kB
SUnreclaim:       153472 kB
KernelStack:       54000 kB
PageTables:        72880 kB
NFS_Unstable:          0 kB
Bounce:                0 kB
WritebackTmp:          0 kB
CommitLimit:     9202292 kB
Committed_AS:   76416900 kB
VmallocTotal:   263061440 kB
VmallocUsed:      110948 kB
VmallocChunk:          0 kB
Percpu:             7616 kB
CmaTotal:         294912 kB
CmaFree:               0 kB
MemTotal:       12113140 kB
MemFree:         2265516 kB
MemAvailable:    6107612 kB
Buffers:            4576 kB
Cached:          3358252 kB
SwapCached:         1196 kB
Active:          4226160 kB
Inactive:        2029304 kB
Active(anon):    2303184 kB
Inactive(anon):   634996 kB
Active(file):    1922976 kB
Inactive(file):  1394308 kB
Unevictable:        5576 kB
Mlocked:            5576 kB
SwapTotal:       3145724 kB
SwapFree:        3118204 kB
Dirty:                68 kB
Writeback:             0 kB
AnonPages:       2897284 kB
Mapped:           707800 kB
Shmem:             41008 kB
KReclaimable:    1393516 kB
Slab:             229104 kB
SReclaimable:      75632 kB
SUnreclaim:       153472 kB
KernelStack:       54016 kB
PageTables:        72868 kB
NFS_Unstable:          0 kB
Bounce:                0 kB
WritebackTmp:          0 kB
CommitLimit:     9202292 kB
Committed_AS:   76419576 kB
VmallocTotal:   263061440 kB
VmallocUsed:      110980 kB
VmallocChunk:          0 kB
Percpu:             7616 kB
CmaTotal:         294912 kB
CmaFree:               0 kB
MemTotal:       12113140 kB
MemFree:         2240008 kB
MemAvailable:    5953316 kB
Buffers:            4576 kB
Cached:          3359748 kB
SwapCached:         1196 kB
Active:          4255388 kB
Inactive:        2028536 kB
Active(anon):    2330180 kB
Inactive(anon):   635796 kB
Active(file):    1925208 kB
Inactive(file):  1392740 kB
Unevictable:        5576 kB
Mlocked:            5576 kB
SwapTotal:       3145724 kB
SwapFree:        3118204 kB
Dirty:               720 kB
Writeback:             0 kB
AnonPages:       2924304 kB
Mapped:           713096 kB
Shmem:             41840 kB
KReclaimable:    1264064 kB
Slab:             229140 kB
SReclaimable:      75644 kB
SUnreclaim:       153496 kB
KernelStack:       54080 kB
PageTables:        73252 kB
NFS_Unstable:          0 kB
Bounce:                0 kB
WritebackTmp:          0 kB
CommitLimit:     9202292 kB
Committed_AS:   76536032 kB
VmallocTotal:   263061440 kB
VmallocUsed:      111012 kB
VmallocChunk:          0 kB
Percpu:             7616 kB
CmaTotal:         294912 kB
CmaFree:               0 kB
MemTotal:       12113140 kB
MemFree:         2201948 kB
MemAvailable:    5853360 kB
Buffers:            4576 kB
Cached:          3359276 kB
SwapCached:         1196 kB
Active:          4293252 kB
Inactive:        2027848 kB
Active(anon):    2367832 kB
Inactive(anon):   635268 kB
Active(file):    1925420 kB
Inactive(file):  1392580 kB
Unevictable:        5576 kB
Mlocked:            5576 kB
SwapTotal:       3145724 kB
SwapFree:        3118204 kB
Dirty:              1800 kB
Writeback:             0 kB
AnonPages:       2961804 kB
Mapped:           715388 kB
Shmem:             41316 kB
KReclaimable:    1202116 kB
Slab:             229160 kB
SReclaimable:      75644 kB
SUnreclaim:       153516 kB
KernelStack:       54096 kB
PageTables:        73224 kB
NFS_Unstable:          0 kB
Bounce:                0 kB
WritebackTmp:          0 kB
CommitLimit:     9202292 kB
Committed_AS:   76531272 kB
VmallocTotal:   263061440 kB
VmallocUsed:      111028 kB
